Done; will start GCs... 
[17.144s][info   ][gc,metaspace] GC(29) Metaspace: 12540K(12928K)->12540K(12928K) NonClass: 10419K(10624K)->10419K(10624K) Class: 2121K(2304K)->2121K(2304K)
[17.144s][info   ][gc          ] GC(29) Pause Full (System.gc()) 1645M->1643M(6144M) 1165.360ms
[18.308s][info   ][gc,metaspace] GC(30) Metaspace: 12540K(12928K)->12540K(12928K) NonClass: 10419K(10624K)->10419K(10624K) Class: 2121K(2304K)->2121K(2304K)
[18.308s][info   ][gc          ] GC(30) Pause Full (System.gc()) 1643M->1643M(6144M) 1164.465ms
[19.498s][info   ][gc,metaspace] GC(31) Metaspace: 12540K(12928K)->12540K(12928K) NonClass: 10419K(10624K)->10419K(10624K) Class: 2121K(2304K)->2121K(2304K)
[19.499s][info   ][gc          ] GC(31) Pause Full (System.gc()) 1643M->1643M(6144M) 1190.078ms
[20.659s][info   ][gc,metaspace] GC(32) Metaspace: 12540K(12928K)->12540K(12928K) NonClass: 10419K(10624K)->10419K(10624K) Class: 2121K(2304K)->2121K(2304K)
[20.659s][info   ][gc          ] GC(32) Pause Full (System.gc()) 1643M->1643M(6144M) 1160.771ms
[21.816s][info   ][gc,metaspace] GC(33) Metaspace: 12540K(12928K)->12540K(12928K) NonClass: 10419K(10624K)->10419K(10624K) Class: 2121K(2304K)->2121K(2304K)
[21.816s][info   ][gc          ] GC(33) Pause Full (System.gc()) 1643M->1643M(6144M) 1156.097ms
[22.978s][info   ][gc,metaspace] GC(34) Metaspace: 12540K(12928K)->12540K(12928K) NonClass: 10419K(10624K)->10419K(10624K) Class: 2121K(2304K)->2121K(2304K)
[22.978s][info   ][gc          ] GC(34) Pause Full (System.gc()) 1643M->1643M(6144M) 1162.727ms
[24.143s][info   ][gc,metaspace] GC(35) Metaspace: 12540K(12928K)->12540K(12928K) NonClass: 10419K(10624K)->10419K(10624K) Class: 2121K(2304K)->2121K(2304K)
[24.143s][info   ][gc          ] GC(35) Pause Full (System.gc()) 1643M->1643M(6144M) 1163.655ms
[25.309s][info   ][gc,metaspace] GC(36) Metaspace: 12540K(12928K)->12540K(12928K) NonClass: 10419K(10624K)->10419K(10624K) Class: 2121K(2304K)->2121K(2304K)
[25.309s][info   ][gc          ] GC(36) Pause Full (System.gc()) 1643M->1643M(6144M) 1165.679ms
[26.493s][info   ][gc,metaspace] GC(37) Metaspace: 12540K(12928K)->12540K(12928K) NonClass: 10419K(10624K)->10419K(10624K) Class: 2121K(2304K)->2121K(2304K)
[26.493s][info   ][gc          ] GC(37) Pause Full (System.gc()) 1643M->1643M(6144M) 1184.468ms
[27.654s][info   ][gc,metaspace] GC(38) Metaspace: 12540K(12928K)->12540K(12928K) NonClass: 10419K(10624K)->10419K(10624K) Class: 2121K(2304K)->2121K(2304K)
[27.654s][info   ][gc          ] GC(38) Pause Full (System.gc()) 1643M->1643M(6144M) 1160.607ms
[28.813s][info   ][gc,metaspace] GC(39) Metaspace: 12540K(12928K)->12540K(12928K) NonClass: 10419K(10624K)->10419K(10624K) Class: 2121K(2304K)->2121K(2304K)
[28.813s][info   ][gc          ] GC(39) Pause Full (System.gc()) 1643M->1643M(6144M) 1159.053ms
[29.976s][info   ][gc,metaspace] GC(40) Metaspace: 12540K(12928K)->12540K(12928K) NonClass: 10419K(10624K)->10419K(10624K) Class: 2121K(2304K)->2121K(2304K)
[29.976s][info   ][gc          ] GC(40) Pause Full (System.gc()) 1643M->1643M(6144M) 1163.387ms
[31.136s][info   ][gc,metaspace] GC(41) Metaspace: 12540K(12928K)->12540K(12928K) NonClass: 10419K(10624K)->10419K(10624K) Class: 2121K(2304K)->2121K(2304K)
[31.136s][info   ][gc          ] GC(41) Pause Full (System.gc()) 1643M->1643M(6144M) 1159.334ms
[32.300s][info   ][gc,metaspace] GC(42) Metaspace: 12540K(12928K)->12540K(12928K) NonClass: 10419K(10624K)->10419K(10624K) Class: 2121K(2304K)->2121K(2304K)
[32.300s][info   ][gc          ] GC(42) Pause Full (System.gc()) 1643M->1643M(6144M) 1163.822ms
[33.486s][info   ][gc,metaspace] GC(43) Metaspace: 12540K(12928K)->12540K(12928K) NonClass: 10419K(10624K)->10419K(10624K) Class: 2121K(2304K)->2121K(2304K)
[33.486s][info   ][gc          ] GC(43) Pause Full (System.gc()) 1643M->1643M(6144M) 1186.314ms
[34.645s][info   ][gc,metaspace] GC(44) Metaspace: 12540K(12928K)->12540K(12928K) NonClass: 10419K(10624K)->10419K(10624K) Class: 2121K(2304K)->2121K(2304K)
[34.645s][info   ][gc          ] GC(44) Pause Full (System.gc()) 1643M->1643M(6144M) 1158.950ms
[35.803s][info   ][gc,metaspace] GC(45) Metaspace: 12540K(12928K)->12540K(12928K) NonClass: 10419K(10624K)->10419K(10624K) Class: 2121K(2304K)->2121K(2304K)
[35.803s][info   ][gc          ] GC(45) Pause Full (System.gc()) 1643M->1643M(6144M) 1158.103ms
[36.965s][info   ][gc,metaspace] GC(46) Metaspace: 12540K(12928K)->12540K(12928K) NonClass: 10419K(10624K)->10419K(10624K) Class: 2121K(2304K)->2121K(2304K)
[36.965s][info   ][gc          ] GC(46) Pause Full (System.gc()) 1643M->1643M(6144M) 1161.824ms
[38.128s][info   ][gc,metaspace] GC(47) Metaspace: 12540K(12928K)->12540K(12928K) NonClass: 10419K(10624K)->10419K(10624K) Class: 2121K(2304K)->2121K(2304K)
[38.128s][info   ][gc          ] GC(47) Pause Full (System.gc()) 1643M->1643M(6144M) 1162.587ms
[39.290s][info   ][gc,metaspace] GC(48) Metaspace: 12540K(12928K)->12540K(12928K) NonClass: 10419K(10624K)->10419K(10624K) Class: 2121K(2304K)->2121K(2304K)
[39.290s][info   ][gc          ] GC(48) Pause Full (System.gc()) 1643M->1643M(6144M) 1161.765ms
[40.476s][info   ][gc,metaspace] GC(49) Metaspace: 12540K(12928K)->12540K(12928K) NonClass: 10419K(10624K)->10419K(10624K) Class: 2121K(2304K)->2121K(2304K)
[40.476s][info   ][gc          ] GC(49) Pause Full (System.gc()) 1643M->1643M(6144M) 1185.779ms
[41.637s][info   ][gc,metaspace] GC(50) Metaspace: 12540K(12928K)->12540K(12928K) NonClass: 10419K(10624K)->10419K(10624K) Class: 2121K(2304K)->2121K(2304K)
[41.637s][info   ][gc          ] GC(50) Pause Full (System.gc()) 1643M->1643M(6144M) 1161.640ms
[42.795s][info   ][gc,metaspace] GC(51) Metaspace: 12540K(12928K)->12540K(12928K) NonClass: 10419K(10624K)->10419K(10624K) Class: 2121K(2304K)->2121K(2304K)
[42.795s][info   ][gc          ] GC(51) Pause Full (System.gc()) 1643M->1643M(6144M) 1157.098ms
[43.959s][info   ][gc,metaspace] GC(52) Metaspace: 12540K(12928K)->12540K(12928K) NonClass: 10419K(10624K)->10419K(10624K) Class: 2121K(2304K)->2121K(2304K)
[43.959s][info   ][gc          ] GC(52) Pause Full (System.gc()) 1643M->1643M(6144M) 1164.611ms
[45.122s][info   ][gc,metaspace] GC(53) Metaspace: 12540K(12928K)->12540K(12928K) NonClass: 10419K(10624K)->10419K(10624K) Class: 2121K(2304K)->2121K(2304K)
[45.122s][info   ][gc          ] GC(53) Pause Full (System.gc()) 1643M->1643M(6144M) 1162.587ms
[46.290s][info   ][gc,metaspace] GC(54) Metaspace: 12540K(12928K)->12540K(12928K) NonClass: 10419K(10624K)->10419K(10624K) Class: 2121K(2304K)->2121K(2304K)
[46.290s][info   ][gc          ] GC(54) Pause Full (System.gc()) 1643M->1643M(6144M) 1167.813ms
[47.478s][info   ][gc,metaspace] GC(55) Metaspace: 12540K(12928K)->12540K(12928K) NonClass: 10419K(10624K)->10419K(10624K) Class: 2121K(2304K)->2121K(2304K)
[47.478s][info   ][gc          ] GC(55) Pause Full (System.gc()) 1643M->1643M(6144M) 1186.953ms
[48.637s][info   ][gc,metaspace] GC(56) Metaspace: 12540K(12928K)->12540K(12928K) NonClass: 10419K(10624K)->10419K(10624K) Class: 2121K(2304K)->2121K(2304K)
[48.637s][info   ][gc          ] GC(56) Pause Full (System.gc()) 1643M->1643M(6144M) 1159.684ms
[49.795s][info   ][gc,metaspace] GC(57) Metaspace: 12540K(12928K)->12540K(12928K) NonClass: 10419K(10624K)->10419K(10624K) Class: 2121K(2304K)->2121K(2304K)
[49.795s][info   ][gc          ] GC(57) Pause Full (System.gc()) 1643M->1643M(6144M) 1157.350ms
[50.959s][info   ][gc,metaspace] GC(58) Metaspace: 12540K(12928K)->12540K(12928K) NonClass: 10419K(10624K)->10419K(10624K) Class: 2121K(2304K)->2121K(2304K)
[50.959s][info   ][gc          ] GC(58) Pause Full (System.gc()) 1643M->1643M(6144M) 1164.079ms
[52.121s][info   ][gc,metaspace] GC(59) Metaspace: 12540K(12928K)->12540K(12928K) NonClass: 10419K(10624K)->10419K(10624K) Class: 2121K(2304K)->2121K(2304K)
[52.121s][info   ][gc          ] GC(59) Pause Full (System.gc()) 1643M->1643M(6144M) 1162.215ms
[53.287s][info   ][gc,metaspace] GC(60) Metaspace: 12540K(12928K)->12540K(12928K) NonClass: 10419K(10624K)->10419K(10624K) Class: 2121K(2304K)->2121K(2304K)
[53.287s][info   ][gc          ] GC(60) Pause Full (System.gc()) 1643M->1643M(6144M) 1165.309ms
[54.478s][info   ][gc,metaspace] GC(61) Metaspace: 12540K(12928K)->12540K(12928K) NonClass: 10419K(10624K)->10419K(10624K) Class: 2121K(2304K)->2121K(2304K)
[54.478s][info   ][gc          ] GC(61) Pause Full (System.gc()) 1643M->1643M(6144M) 1191.621ms
[55.636s][info   ][gc,metaspace] GC(62) Metaspace: 12540K(12928K)->12540K(12928K) NonClass: 10419K(10624K)->10419K(10624K) Class: 2121K(2304K)->2121K(2304K)
[55.636s][info   ][gc          ] GC(62) Pause Full (System.gc()) 1643M->1643M(6144M) 1157.358ms
[56.795s][info   ][gc,metaspace] GC(63) Metaspace: 12540K(12928K)->12540K(12928K) NonClass: 10419K(10624K)->10419K(10624K) Class: 2121K(2304K)->2121K(2304K)
[56.796s][info   ][gc          ] GC(63) Pause Full (System.gc()) 1643M->1643M(6144M) 1159.703ms
[57.956s][info   ][gc,metaspace] GC(64) Metaspace: 12540K(12928K)->12540K(12928K) NonClass: 10419K(10624K)->10419K(10624K) Class: 2121K(2304K)->2121K(2304K)
[57.957s][info   ][gc          ] GC(64) Pause Full (System.gc()) 1643M->1643M(6144M) 1160.859ms
[59.126s][info   ][gc,metaspace] GC(65) Metaspace: 12540K(12928K)->12540K(12928K) NonClass: 10419K(10624K)->10419K(10624K) Class: 2121K(2304K)->2121K(2304K)
[59.126s][info   ][gc          ] GC(65) Pause Full (System.gc()) 1643M->1643M(6144M) 1169.061ms
[60.289s][info   ][gc,metaspace] GC(66) Metaspace: 12540K(12928K)->12540K(12928K) NonClass: 10419K(10624K)->10419K(10624K) Class: 2121K(2304K)->2121K(2304K)
[60.290s][info   ][gc          ] GC(66) Pause Full (System.gc()) 1643M->1643M(6144M) 1163.871ms
[61.481s][info   ][gc,metaspace] GC(67) Metaspace: 12540K(12928K)->12540K(12928K) NonClass: 10419K(10624K)->10419K(10624K) Class: 2121K(2304K)->2121K(2304K)
[61.481s][info   ][gc          ] GC(67) Pause Full (System.gc()) 1643M->1643M(6144M) 1191.233ms
[62.640s][info   ][gc,metaspace] GC(68) Metaspace: 12540K(12928K)->12540K(12928K) NonClass: 10419K(10624K)->10419K(10624K) Class: 2121K(2304K)->2121K(2304K)
[62.640s][info   ][gc          ] GC(68) Pause Full (System.gc()) 1643M->1643M(6144M) 1159.048ms
[63.796s][info   ][gc,metaspace] GC(69) Metaspace: 12540K(12928K)->12540K(12928K) NonClass: 10419K(10624K)->10419K(10624K) Class: 2121K(2304K)->2121K(2304K)
[63.797s][info   ][gc          ] GC(69) Pause Full (System.gc()) 1643M->1643M(6144M) 1156.419ms
[64.966s][info   ][gc,metaspace] GC(70) Metaspace: 12540K(12928K)->12540K(12928K) NonClass: 10419K(10624K)->10419K(10624K) Class: 2121K(2304K)->2121K(2304K)
[64.966s][info   ][gc          ] GC(70) Pause Full (System.gc()) 1643M->1643M(6144M) 1169.524ms
[66.132s][info   ][gc,metaspace] GC(71) Metaspace: 12540K(12928K)->12540K(12928K) NonClass: 10419K(10624K)->10419K(10624K) Class: 2121K(2304K)->2121K(2304K)
[66.132s][info   ][gc          ] GC(71) Pause Full (System.gc()) 1643M->1643M(6144M) 1165.435ms
[67.301s][info   ][gc,metaspace] GC(72) Metaspace: 12540K(12928K)->12540K(12928K) NonClass: 10419K(10624K)->10419K(10624K) Class: 2121K(2304K)->2121K(2304K)
[67.301s][info   ][gc          ] GC(72) Pause Full (System.gc()) 1643M->1643M(6144M) 1169.534ms
[68.486s][info   ][gc,metaspace] GC(73) Metaspace: 12540K(12928K)->12540K(12928K) NonClass: 10419K(10624K)->10419K(10624K) Class: 2121K(2304K)->2121K(2304K)
[68.486s][info   ][gc          ] GC(73) Pause Full (System.gc()) 1643M->1643M(6144M) 1184.303ms
[69.648s][info   ][gc,metaspace] GC(74) Metaspace: 12540K(12928K)->12540K(12928K) NonClass: 10419K(10624K)->10419K(10624K) Class: 2121K(2304K)->2121K(2304K)
[69.648s][info   ][gc          ] GC(74) Pause Full (System.gc()) 1643M->1643M(6144M) 1161.997ms
[70.804s][info   ][gc,metaspace] GC(75) Metaspace: 12540K(12928K)->12540K(12928K) NonClass: 10419K(10624K)->10419K(10624K) Class: 2121K(2304K)->2121K(2304K)
[70.804s][info   ][gc          ] GC(75) Pause Full (System.gc()) 1645M->1643M(6144M) 1156.379ms
[71.964s][info   ][gc,metaspace] GC(76) Metaspace: 12540K(12928K)->12540K(12928K) NonClass: 10419K(10624K)->10419K(10624K) Class: 2121K(2304K)->2121K(2304K)
[71.964s][info   ][gc          ] GC(76) Pause Full (System.gc()) 1643M->1643M(6144M) 1159.240ms
[73.128s][info   ][gc,metaspace] GC(77) Metaspace: 12540K(12928K)->12540K(12928K) NonClass: 10419K(10624K)->10419K(10624K) Class: 2121K(2304K)->2121K(2304K)
[73.128s][info   ][gc          ] GC(77) Pause Full (System.gc()) 1643M->1643M(6144M) 1163.923ms
[74.287s][info   ][gc,metaspace] GC(78) Metaspace: 12540K(12928K)->12540K(12928K) NonClass: 10419K(10624K)->10419K(10624K) Class: 2121K(2304K)->2121K(2304K)
[74.287s][info   ][gc          ] GC(78) Pause Full (System.gc()) 1643M->1643M(6144M) 1159.631ms
After GCs... 
