Done; will start GCs... 
[17.179s][info   ][gc,metaspace] GC(30) Metaspace: 12525K(12928K)->12525K(12928K) NonClass: 11224K(11392K)->11224K(11392K) Class: 1301K(1536K)->1301K(1536K)
[17.179s][info   ][gc          ] GC(30) Pause Full (System.gc()) 1849M->1847M(6144M) 1120.520ms
[18.296s][info   ][gc,metaspace] GC(31) Metaspace: 12525K(12928K)->12525K(12928K) NonClass: 11224K(11392K)->11224K(11392K) Class: 1301K(1536K)->1301K(1536K)
[18.296s][info   ][gc          ] GC(31) Pause Full (System.gc()) 1847M->1847M(6144M) 1115.671ms
[19.411s][info   ][gc,metaspace] GC(32) Metaspace: 12525K(12928K)->12525K(12928K) NonClass: 11224K(11392K)->11224K(11392K) Class: 1301K(1536K)->1301K(1536K)
[19.411s][info   ][gc          ] GC(32) Pause Full (System.gc()) 1847M->1847M(6144M) 1115.120ms
[20.530s][info   ][gc,metaspace] GC(33) Metaspace: 12525K(12928K)->12525K(12928K) NonClass: 11224K(11392K)->11224K(11392K) Class: 1301K(1536K)->1301K(1536K)
[20.530s][info   ][gc          ] GC(33) Pause Full (System.gc()) 1847M->1847M(6144M) 1118.876ms
[21.646s][info   ][gc,metaspace] GC(34) Metaspace: 12525K(12928K)->12525K(12928K) NonClass: 11224K(11392K)->11224K(11392K) Class: 1301K(1536K)->1301K(1536K)
[21.646s][info   ][gc          ] GC(34) Pause Full (System.gc()) 1847M->1847M(6144M) 1116.607ms
[22.771s][info   ][gc,metaspace] GC(35) Metaspace: 12525K(12928K)->12525K(12928K) NonClass: 11224K(11392K)->11224K(11392K) Class: 1301K(1536K)->1301K(1536K)
[22.771s][info   ][gc          ] GC(35) Pause Full (System.gc()) 1847M->1847M(6144M) 1124.216ms
[23.909s][info   ][gc,metaspace] GC(36) Metaspace: 12525K(12928K)->12525K(12928K) NonClass: 11224K(11392K)->11224K(11392K) Class: 1301K(1536K)->1301K(1536K)
[23.909s][info   ][gc          ] GC(36) Pause Full (System.gc()) 1847M->1847M(6144M) 1138.383ms
[25.025s][info   ][gc,metaspace] GC(37) Metaspace: 12525K(12928K)->12525K(12928K) NonClass: 11224K(11392K)->11224K(11392K) Class: 1301K(1536K)->1301K(1536K)
[25.025s][info   ][gc          ] GC(37) Pause Full (System.gc()) 1847M->1847M(6144M) 1115.547ms
[26.142s][info   ][gc,metaspace] GC(38) Metaspace: 12525K(12928K)->12525K(12928K) NonClass: 11224K(11392K)->11224K(11392K) Class: 1301K(1536K)->1301K(1536K)
[26.142s][info   ][gc          ] GC(38) Pause Full (System.gc()) 1847M->1847M(6144M) 1117.053ms
[27.259s][info   ][gc,metaspace] GC(39) Metaspace: 12525K(12928K)->12525K(12928K) NonClass: 11224K(11392K)->11224K(11392K) Class: 1301K(1536K)->1301K(1536K)
[27.259s][info   ][gc          ] GC(39) Pause Full (System.gc()) 1847M->1847M(6144M) 1116.632ms
[28.381s][info   ][gc,metaspace] GC(40) Metaspace: 12525K(12928K)->12525K(12928K) NonClass: 11224K(11392K)->11224K(11392K) Class: 1301K(1536K)->1301K(1536K)
[28.381s][info   ][gc          ] GC(40) Pause Full (System.gc()) 1847M->1847M(6144M) 1122.250ms
[29.499s][info   ][gc,metaspace] GC(41) Metaspace: 12525K(12928K)->12525K(12928K) NonClass: 11224K(11392K)->11224K(11392K) Class: 1301K(1536K)->1301K(1536K)
[29.499s][info   ][gc          ] GC(41) Pause Full (System.gc()) 1847M->1847M(6144M) 1117.045ms
[30.616s][info   ][gc,metaspace] GC(42) Metaspace: 12525K(12928K)->12525K(12928K) NonClass: 11224K(11392K)->11224K(11392K) Class: 1301K(1536K)->1301K(1536K)
[30.616s][info   ][gc          ] GC(42) Pause Full (System.gc()) 1847M->1847M(6144M) 1117.490ms
[31.728s][info   ][gc,metaspace] GC(43) Metaspace: 12525K(12928K)->12525K(12928K) NonClass: 11224K(11392K)->11224K(11392K) Class: 1301K(1536K)->1301K(1536K)
[31.728s][info   ][gc          ] GC(43) Pause Full (System.gc()) 1847M->1847M(6144M) 1111.401ms
[32.869s][info   ][gc,metaspace] GC(44) Metaspace: 12525K(12928K)->12525K(12928K) NonClass: 11224K(11392K)->11224K(11392K) Class: 1301K(1536K)->1301K(1536K)
[32.869s][info   ][gc          ] GC(44) Pause Full (System.gc()) 1847M->1847M(6144M) 1141.060ms
[33.984s][info   ][gc,metaspace] GC(45) Metaspace: 12525K(12928K)->12525K(12928K) NonClass: 11224K(11392K)->11224K(11392K) Class: 1301K(1536K)->1301K(1536K)
[33.984s][info   ][gc          ] GC(45) Pause Full (System.gc()) 1847M->1847M(6144M) 1114.603ms
[35.103s][info   ][gc,metaspace] GC(46) Metaspace: 12525K(12928K)->12525K(12928K) NonClass: 11224K(11392K)->11224K(11392K) Class: 1301K(1536K)->1301K(1536K)
[35.103s][info   ][gc          ] GC(46) Pause Full (System.gc()) 1847M->1847M(6144M) 1119.080ms
[36.220s][info   ][gc,metaspace] GC(47) Metaspace: 12525K(12928K)->12525K(12928K) NonClass: 11224K(11392K)->11224K(11392K) Class: 1301K(1536K)->1301K(1536K)
[36.220s][info   ][gc          ] GC(47) Pause Full (System.gc()) 1847M->1847M(6144M) 1117.386ms
[37.343s][info   ][gc,metaspace] GC(48) Metaspace: 12525K(12928K)->12525K(12928K) NonClass: 11224K(11392K)->11224K(11392K) Class: 1301K(1536K)->1301K(1536K)
[37.343s][info   ][gc          ] GC(48) Pause Full (System.gc()) 1847M->1847M(6144M) 1122.282ms
[38.464s][info   ][gc,metaspace] GC(49) Metaspace: 12525K(12928K)->12525K(12928K) NonClass: 11224K(11392K)->11224K(11392K) Class: 1301K(1536K)->1301K(1536K)
[38.464s][info   ][gc          ] GC(49) Pause Full (System.gc()) 1847M->1847M(6144M) 1121.139ms
[39.586s][info   ][gc,metaspace] GC(50) Metaspace: 12525K(12928K)->12525K(12928K) NonClass: 11224K(11392K)->11224K(11392K) Class: 1301K(1536K)->1301K(1536K)
[39.586s][info   ][gc          ] GC(50) Pause Full (System.gc()) 1847M->1847M(6144M) 1121.941ms
[40.704s][info   ][gc,metaspace] GC(51) Metaspace: 12525K(12928K)->12525K(12928K) NonClass: 11224K(11392K)->11224K(11392K) Class: 1301K(1536K)->1301K(1536K)
[40.704s][info   ][gc          ] GC(51) Pause Full (System.gc()) 1847M->1847M(6144M) 1116.901ms
[41.849s][info   ][gc,metaspace] GC(52) Metaspace: 12525K(12928K)->12525K(12928K) NonClass: 11224K(11392K)->11224K(11392K) Class: 1301K(1536K)->1301K(1536K)
[41.849s][info   ][gc          ] GC(52) Pause Full (System.gc()) 1847M->1847M(6144M) 1145.286ms
[42.970s][info   ][gc,metaspace] GC(53) Metaspace: 12525K(12928K)->12525K(12928K) NonClass: 11224K(11392K)->11224K(11392K) Class: 1301K(1536K)->1301K(1536K)
[42.970s][info   ][gc          ] GC(53) Pause Full (System.gc()) 1847M->1847M(6144M) 1120.653ms
[44.089s][info   ][gc,metaspace] GC(54) Metaspace: 12525K(12928K)->12525K(12928K) NonClass: 11224K(11392K)->11224K(11392K) Class: 1301K(1536K)->1301K(1536K)
[44.089s][info   ][gc          ] GC(54) Pause Full (System.gc()) 1847M->1847M(6144M) 1119.577ms
[45.204s][info   ][gc,metaspace] GC(55) Metaspace: 12525K(12928K)->12525K(12928K) NonClass: 11224K(11392K)->11224K(11392K) Class: 1301K(1536K)->1301K(1536K)
[45.204s][info   ][gc          ] GC(55) Pause Full (System.gc()) 1847M->1847M(6144M) 1114.206ms
[46.322s][info   ][gc,metaspace] GC(56) Metaspace: 12525K(12928K)->12525K(12928K) NonClass: 11224K(11392K)->11224K(11392K) Class: 1301K(1536K)->1301K(1536K)
[46.322s][info   ][gc          ] GC(56) Pause Full (System.gc()) 1847M->1847M(6144M) 1117.971ms
[47.440s][info   ][gc,metaspace] GC(57) Metaspace: 12525K(12928K)->12525K(12928K) NonClass: 11224K(11392K)->11224K(11392K) Class: 1301K(1536K)->1301K(1536K)
[47.440s][info   ][gc          ] GC(57) Pause Full (System.gc()) 1847M->1847M(6144M) 1117.816ms
[48.561s][info   ][gc,metaspace] GC(58) Metaspace: 12525K(12928K)->12525K(12928K) NonClass: 11224K(11392K)->11224K(11392K) Class: 1301K(1536K)->1301K(1536K)
[48.561s][info   ][gc          ] GC(58) Pause Full (System.gc()) 1847M->1847M(6144M) 1120.184ms
[49.677s][info   ][gc,metaspace] GC(59) Metaspace: 12525K(12928K)->12525K(12928K) NonClass: 11224K(11392K)->11224K(11392K) Class: 1301K(1536K)->1301K(1536K)
[49.677s][info   ][gc          ] GC(59) Pause Full (System.gc()) 1847M->1847M(6144M) 1116.680ms
[50.791s][info   ][gc,metaspace] GC(60) Metaspace: 12525K(12928K)->12525K(12928K) NonClass: 11224K(11392K)->11224K(11392K) Class: 1301K(1536K)->1301K(1536K)
[50.791s][info   ][gc          ] GC(60) Pause Full (System.gc()) 1847M->1847M(6144M) 1113.897ms
[51.936s][info   ][gc,metaspace] GC(61) Metaspace: 12525K(12928K)->12525K(12928K) NonClass: 11224K(11392K)->11224K(11392K) Class: 1301K(1536K)->1301K(1536K)
[51.936s][info   ][gc          ] GC(61) Pause Full (System.gc()) 1847M->1847M(6144M) 1144.415ms
[53.055s][info   ][gc,metaspace] GC(62) Metaspace: 12525K(12928K)->12525K(12928K) NonClass: 11224K(11392K)->11224K(11392K) Class: 1301K(1536K)->1301K(1536K)
[53.055s][info   ][gc          ] GC(62) Pause Full (System.gc()) 1847M->1847M(6144M) 1118.775ms
[54.172s][info   ][gc,metaspace] GC(63) Metaspace: 12525K(12928K)->12525K(12928K) NonClass: 11224K(11392K)->11224K(11392K) Class: 1301K(1536K)->1301K(1536K)
[54.172s][info   ][gc          ] GC(63) Pause Full (System.gc()) 1847M->1847M(6144M) 1117.185ms
[55.290s][info   ][gc,metaspace] GC(64) Metaspace: 12525K(12928K)->12525K(12928K) NonClass: 11224K(11392K)->11224K(11392K) Class: 1301K(1536K)->1301K(1536K)
[55.290s][info   ][gc          ] GC(64) Pause Full (System.gc()) 1847M->1847M(6144M) 1118.131ms
[56.409s][info   ][gc,metaspace] GC(65) Metaspace: 12525K(12928K)->12525K(12928K) NonClass: 11224K(11392K)->11224K(11392K) Class: 1301K(1536K)->1301K(1536K)
[56.409s][info   ][gc          ] GC(65) Pause Full (System.gc()) 1847M->1847M(6144M) 1118.878ms
[57.527s][info   ][gc,metaspace] GC(66) Metaspace: 12525K(12928K)->12525K(12928K) NonClass: 11224K(11392K)->11224K(11392K) Class: 1301K(1536K)->1301K(1536K)
[57.527s][info   ][gc          ] GC(66) Pause Full (System.gc()) 1847M->1847M(6144M) 1117.088ms
[58.646s][info   ][gc,metaspace] GC(67) Metaspace: 12525K(12928K)->12525K(12928K) NonClass: 11224K(11392K)->11224K(11392K) Class: 1301K(1536K)->1301K(1536K)
[58.647s][info   ][gc          ] GC(67) Pause Full (System.gc()) 1847M->1847M(6144M) 1119.480ms
[59.767s][info   ][gc,metaspace] GC(68) Metaspace: 12525K(12928K)->12525K(12928K) NonClass: 11224K(11392K)->11224K(11392K) Class: 1301K(1536K)->1301K(1536K)
[59.767s][info   ][gc          ] GC(68) Pause Full (System.gc()) 1847M->1847M(6144M) 1120.073ms
[60.907s][info   ][gc,metaspace] GC(69) Metaspace: 12525K(12928K)->12525K(12928K) NonClass: 11224K(11392K)->11224K(11392K) Class: 1301K(1536K)->1301K(1536K)
[60.907s][info   ][gc          ] GC(69) Pause Full (System.gc()) 1847M->1847M(6144M) 1140.217ms
[62.025s][info   ][gc,metaspace] GC(70) Metaspace: 12525K(12928K)->12525K(12928K) NonClass: 11224K(11392K)->11224K(11392K) Class: 1301K(1536K)->1301K(1536K)
[62.025s][info   ][gc          ] GC(70) Pause Full (System.gc()) 1847M->1847M(6144M) 1117.993ms
[63.146s][info   ][gc,metaspace] GC(71) Metaspace: 12525K(12928K)->12525K(12928K) NonClass: 11224K(11392K)->11224K(11392K) Class: 1301K(1536K)->1301K(1536K)
[63.146s][info   ][gc          ] GC(71) Pause Full (System.gc()) 1847M->1847M(6144M) 1120.952ms
[64.273s][info   ][gc,metaspace] GC(72) Metaspace: 12525K(12928K)->12525K(12928K) NonClass: 11224K(11392K)->11224K(11392K) Class: 1301K(1536K)->1301K(1536K)
[64.273s][info   ][gc          ] GC(72) Pause Full (System.gc()) 1847M->1847M(6144M) 1126.698ms
[65.387s][info   ][gc,metaspace] GC(73) Metaspace: 12525K(12928K)->12525K(12928K) NonClass: 11224K(11392K)->11224K(11392K) Class: 1301K(1536K)->1301K(1536K)
[65.387s][info   ][gc          ] GC(73) Pause Full (System.gc()) 1847M->1847M(6144M) 1113.919ms
[66.506s][info   ][gc,metaspace] GC(74) Metaspace: 12525K(12928K)->12525K(12928K) NonClass: 11224K(11392K)->11224K(11392K) Class: 1301K(1536K)->1301K(1536K)
[66.506s][info   ][gc          ] GC(74) Pause Full (System.gc()) 1847M->1847M(6144M) 1118.886ms
[67.618s][info   ][gc,metaspace] GC(75) Metaspace: 12525K(12928K)->12525K(12928K) NonClass: 11224K(11392K)->11224K(11392K) Class: 1301K(1536K)->1301K(1536K)
[67.618s][info   ][gc          ] GC(75) Pause Full (System.gc()) 1847M->1847M(6144M) 1111.724ms
[68.739s][info   ][gc,metaspace] GC(76) Metaspace: 12525K(12928K)->12525K(12928K) NonClass: 11224K(11392K)->11224K(11392K) Class: 1301K(1536K)->1301K(1536K)
[68.739s][info   ][gc          ] GC(76) Pause Full (System.gc()) 1847M->1847M(6144M) 1121.446ms
[69.882s][info   ][gc,metaspace] GC(77) Metaspace: 12525K(12928K)->12525K(12928K) NonClass: 11224K(11392K)->11224K(11392K) Class: 1301K(1536K)->1301K(1536K)
[69.882s][info   ][gc          ] GC(77) Pause Full (System.gc()) 1847M->1847M(6144M) 1142.804ms
[71.001s][info   ][gc,metaspace] GC(78) Metaspace: 12525K(12928K)->12525K(12928K) NonClass: 11224K(11392K)->11224K(11392K) Class: 1301K(1536K)->1301K(1536K)
[71.001s][info   ][gc          ] GC(78) Pause Full (System.gc()) 1847M->1847M(6144M) 1118.493ms
[72.113s][info   ][gc,metaspace] GC(79) Metaspace: 12525K(12928K)->12525K(12928K) NonClass: 11224K(11392K)->11224K(11392K) Class: 1301K(1536K)->1301K(1536K)
[72.113s][info   ][gc          ] GC(79) Pause Full (System.gc()) 1847M->1847M(6144M) 1112.123ms
After GCs... 
