[0.001s][warning][pagesize] UseLargePages disabled, no large pages configured and available on the system.
[0.001s][info   ][metaspace]  - commit_granule_bytes: 65536.
[0.001s][info   ][metaspace]  - commit_granule_words: 8192.
[0.001s][info   ][metaspace]  - virtual_space_node_default_size: 8388608.
[0.001s][info   ][metaspace]  - enlarge_chunks_in_place: 1.
[0.001s][info   ][metaspace]  - use_allocation_guard: 0.
[0.003s][info   ][gc       ] Using G1
[0.388s][info   ][metaspace] Reserving compressed class space anywhere
[0.388s][info   ][gc,metaspace] CDS archive(s) not mapped
[0.388s][info   ][gc,metaspace] Compressed class space mapped at: 0x0000000003000000-0x00000000c3000000, reserved size: 3221225472
[0.388s][info   ][gc,metaspace] UseCompressedClassPointers 1, UseCompactObjectHeaders 1, narrow klass pointer bits 22, max shift 10
[0.388s][info   ][gc,metaspace] Narrow klass base: 0x0000000003000000, Narrow klass shift: 10, Narrow klass range: 0xc0000000
Random Seed: 12345678
Num Classes: 256
Num Objects: 67108864
Percent IK Objects: 83.0%)
Percent OAK Objects: 5.0%)
Percent TAK Objects: 12.0%)
Cycles: 50
Loading 256 pre-generated classes ...
Materialize pre-generated constructors ...
Creating objects...
[0.659s][info   ][gc,metaspace] GC(0) Metaspace: 11568K(11776K)->11568K(11776K) NonClass: 9582K(9728K)->9582K(9728K) Class: 1986K(2048K)->1986K(2048K)
[0.659s][info   ][gc          ] GC(0) Pause Full (System.gc()) 16M->2M(6144M) 10.286ms
[1.310s][info   ][gc,metaspace] GC(1) Metaspace: 12589K(13056K)->12589K(13056K) NonClass: 10467K(10688K)->10467K(10688K) Class: 2122K(2368K)->2122K(2368K)
[1.310s][info   ][gc          ] GC(1) Pause Young (Normal) (G1 Evacuation Pause) 566M->296M(6144M) 31.096ms
[1.679s][info   ][gc,metaspace] GC(2) Metaspace: 12591K(13056K)->12591K(13056K) NonClass: 10469K(10688K)->10469K(10688K) Class: 2122K(2368K)->2122K(2368K)
[1.679s][info   ][gc          ] GC(2) Pause Young (Normal) (G1 Evacuation Pause) 564M->324M(6144M) 55.865ms
[1.913s][info   ][gc,metaspace] GC(3) Metaspace: 12591K(13056K)->12591K(13056K) NonClass: 10469K(10688K)->10469K(10688K) Class: 2122K(2368K)->2122K(2368K)
[1.913s][info   ][gc          ] GC(3) Pause Young (Normal) (G1 Evacuation Pause) 596M->354M(6144M) 39.520ms
[2.143s][info   ][gc,metaspace] GC(4) Metaspace: 12591K(13056K)->12591K(13056K) NonClass: 10469K(10688K)->10469K(10688K) Class: 2122K(2368K)->2122K(2368K)
[2.143s][info   ][gc          ] GC(4) Pause Young (Normal) (G1 Evacuation Pause) 626M->384M(6144M) 38.578ms
[2.372s][info   ][gc,metaspace] GC(5) Metaspace: 12591K(13056K)->12591K(13056K) NonClass: 10469K(10688K)->10469K(10688K) Class: 2122K(2368K)->2122K(2368K)
[2.372s][info   ][gc          ] GC(5) Pause Young (Normal) (G1 Evacuation Pause) 656M->411M(6144M) 38.557ms
[2.605s][info   ][gc,metaspace] GC(6) Metaspace: 12591K(13056K)->12591K(13056K) NonClass: 10469K(10688K)->10469K(10688K) Class: 2122K(2368K)->2122K(2368K)
[2.605s][info   ][gc          ] GC(6) Pause Young (Normal) (G1 Evacuation Pause) 687M->442M(6144M) 38.908ms
[2.835s][info   ][gc,metaspace] GC(7) Metaspace: 12591K(13056K)->12591K(13056K) NonClass: 10469K(10688K)->10469K(10688K) Class: 2122K(2368K)->2122K(2368K)
[2.835s][info   ][gc          ] GC(7) Pause Young (Normal) (G1 Evacuation Pause) 714M->473M(6144M) 38.710ms
[3.057s][info   ][gc,metaspace] GC(8) Metaspace: 12591K(13056K)->12591K(13056K) NonClass: 10469K(10688K)->10469K(10688K) Class: 2122K(2368K)->2122K(2368K)
[3.057s][info   ][gc          ] GC(8) Pause Young (Normal) (G1 Evacuation Pause) 745M->500M(6144M) 37.577ms
[3.315s][info   ][gc,metaspace] GC(9) Metaspace: 12591K(13056K)->12591K(13056K) NonClass: 10469K(10688K)->10469K(10688K) Class: 2122K(2368K)->2122K(2368K)
[3.315s][info   ][gc          ] GC(9) Pause Young (Normal) (G1 Evacuation Pause) 836M->532M(6144M) 40.233ms
[3.576s][info   ][gc,metaspace] GC(10) Metaspace: 12591K(13056K)->12591K(13056K) NonClass: 10469K(10688K)->10469K(10688K) Class: 2122K(2368K)->2122K(2368K)
[3.576s][info   ][gc          ] GC(10) Pause Young (Normal) (G1 Evacuation Pause) 868M->565M(6144M) 41.799ms
[3.890s][info   ][gc,metaspace] GC(11) Metaspace: 12591K(13056K)->12591K(13056K) NonClass: 10469K(10688K)->10469K(10688K) Class: 2122K(2368K)->2122K(2368K)
[3.890s][info   ][gc          ] GC(11) Pause Young (Normal) (G1 Evacuation Pause) 973M->604M(6144M) 48.570ms
[4.207s][info   ][gc,metaspace] GC(12) Metaspace: 12591K(13056K)->12591K(13056K) NonClass: 10469K(10688K)->10469K(10688K) Class: 2122K(2368K)->2122K(2368K)
[4.207s][info   ][gc          ] GC(12) Pause Young (Normal) (G1 Evacuation Pause) 1012M->645M(6144M) 51.549ms
[4.587s][info   ][gc,metaspace] GC(13) Metaspace: 12591K(13056K)->12591K(13056K) NonClass: 10469K(10688K)->10469K(10688K) Class: 2122K(2368K)->2122K(2368K)
[4.587s][info   ][gc          ] GC(13) Pause Young (Normal) (G1 Evacuation Pause) 1141M->694M(6144M) 57.750ms
[5.018s][info   ][gc,metaspace] GC(14) Metaspace: 12591K(13056K)->12591K(13056K) NonClass: 10469K(10688K)->10469K(10688K) Class: 2122K(2368K)->2122K(2368K)
[5.018s][info   ][gc          ] GC(14) Pause Young (Normal) (G1 Evacuation Pause) 1194M->741M(6144M) 62.371ms
[5.451s][info   ][gc,metaspace] GC(15) Metaspace: 12591K(13056K)->12591K(13056K) NonClass: 10469K(10688K)->10469K(10688K) Class: 2122K(2368K)->2122K(2368K)
[5.451s][info   ][gc          ] GC(15) Pause Young (Normal) (G1 Evacuation Pause) 1305M->791M(6144M) 67.167ms
[5.968s][info   ][gc,metaspace] GC(16) Metaspace: 12591K(13056K)->12591K(13056K) NonClass: 10469K(10688K)->10469K(10688K) Class: 2122K(2368K)->2122K(2368K)
[5.968s][info   ][gc          ] GC(16) Pause Young (Normal) (G1 Evacuation Pause) 1403M->855M(6144M) 74.186ms
[6.477s][info   ][gc,metaspace] GC(17) Metaspace: 12591K(13056K)->12591K(13056K) NonClass: 10469K(10688K)->10469K(10688K) Class: 2122K(2368K)->2122K(2368K)
[6.477s][info   ][gc          ] GC(17) Pause Young (Normal) (G1 Evacuation Pause) 1515M->919M(6144M) 78.406ms
[7.067s][info   ][gc,metaspace] GC(18) Metaspace: 12591K(13056K)->12591K(13056K) NonClass: 10469K(10688K)->10469K(10688K) Class: 2122K(2368K)->2122K(2368K)
[7.067s][info   ][gc          ] GC(18) Pause Young (Normal) (G1 Evacuation Pause) 1631M->985M(6144M) 85.296ms
[7.679s][info   ][gc,metaspace] GC(19) Metaspace: 12591K(13056K)->12591K(13056K) NonClass: 10469K(10688K)->10469K(10688K) Class: 2122K(2368K)->2122K(2368K)
[7.679s][info   ][gc          ] GC(19) Pause Young (Normal) (G1 Evacuation Pause) 1749M->1058M(6144M) 115.004ms
[8.300s][info   ][gc,metaspace] GC(20) Metaspace: 12591K(13056K)->12591K(13056K) NonClass: 10469K(10688K)->10469K(10688K) Class: 2122K(2368K)->2122K(2368K)
[8.300s][info   ][gc          ] GC(20) Pause Young (Normal) (G1 Evacuation Pause) 1866M->1138M(6144M) 96.063ms
[9.004s][info   ][gc,metaspace] GC(21) Metaspace: 12591K(13056K)->12591K(13056K) NonClass: 10469K(10688K)->10469K(10688K) Class: 2122K(2368K)->2122K(2368K)
[9.004s][info   ][gc          ] GC(21) Pause Young (Normal) (G1 Evacuation Pause) 1994M->1216M(6144M) 103.339ms
[9.700s][info   ][gc,metaspace] GC(22) Metaspace: 12591K(13056K)->12591K(13056K) NonClass: 10469K(10688K)->10469K(10688K) Class: 2122K(2368K)->2122K(2368K)
[9.701s][info   ][gc          ] GC(22) Pause Young (Normal) (G1 Evacuation Pause) 2116M->1300M(6144M) 111.117ms
[10.435s][info   ][gc,metaspace] GC(23) Metaspace: 12591K(13056K)->12591K(13056K) NonClass: 10469K(10688K)->10469K(10688K) Class: 2122K(2368K)->2122K(2368K)
[10.435s][info   ][gc          ] GC(23) Pause Young (Normal) (G1 Evacuation Pause) 2244M->1388M(6144M) 119.393ms
[11.236s][info   ][gc,metaspace] GC(24) Metaspace: 12591K(13056K)->12591K(13056K) NonClass: 10469K(10688K)->10469K(10688K) Class: 2122K(2368K)->2122K(2368K)
[11.236s][info   ][gc          ] GC(24) Pause Young (Normal) (G1 Evacuation Pause) 2368M->1474M(6144M) 118.659ms
[12.079s][info   ][gc,metaspace] GC(25) Metaspace: 12591K(13056K)->12591K(13056K) NonClass: 10469K(10688K)->10469K(10688K) Class: 2122K(2368K)->2122K(2368K)
[12.079s][info   ][gc          ] GC(25) Pause Young (Normal) (G1 Evacuation Pause) 2506M->1574M(6144M) 124.560ms
[12.950s][info   ][gc,metaspace] GC(26) Metaspace: 12591K(13056K)->12591K(13056K) NonClass: 10469K(10688K)->10469K(10688K) Class: 2122K(2368K)->2122K(2368K)
[12.950s][info   ][gc          ] GC(26) Pause Young (Normal) (G1 Evacuation Pause) 2642M->1670M(6144M) 127.910ms
67108864 Objects created
 - IK: 55699211 (82.99829%)
 - OAK: 3355627 (5.0002737%)
 - TAK: 8054026 (12.001434%)
Preparatory GC...
[14.931s][info   ][gc,metaspace] GC(27) Metaspace: 12591K(13056K)->12591K(13056K) NonClass: 10469K(10688K)->10469K(10688K) Class: 2122K(2368K)->2122K(2368K)
[14.931s][info   ][gc          ] GC(27) Pause Full (System.gc()) 2654M->1643M(6144M) 1337.374ms
[15.981s][info   ][gc,metaspace] GC(28) Metaspace: 12591K(13056K)->12591K(13056K) NonClass: 10469K(10688K)->10469K(10688K) Class: 2122K(2368K)->2122K(2368K)
[15.982s][info   ][gc          ] GC(28) Pause Full (System.gc()) 1643M->1643M(6144M) 1050.046ms
Done; will start GCs... 
[17.044s][info   ][gc,metaspace] GC(29) Metaspace: 12591K(13056K)->12591K(13056K) NonClass: 10469K(10688K)->10469K(10688K) Class: 2122K(2368K)->2122K(2368K)
[17.044s][info   ][gc          ] GC(29) Pause Full (System.gc()) 1645M->1643M(6144M) 1062.133ms
[18.107s][info   ][gc,metaspace] GC(30) Metaspace: 12591K(13056K)->12591K(13056K) NonClass: 10469K(10688K)->10469K(10688K) Class: 2122K(2368K)->2122K(2368K)
[18.107s][info   ][gc          ] GC(30) Pause Full (System.gc()) 1643M->1643M(6144M) 1062.870ms
[19.168s][info   ][gc,metaspace] GC(31) Metaspace: 12591K(13056K)->12591K(13056K) NonClass: 10469K(10688K)->10469K(10688K) Class: 2122K(2368K)->2122K(2368K)
[19.169s][info   ][gc          ] GC(31) Pause Full (System.gc()) 1643M->1643M(6144M) 1061.739ms
[20.228s][info   ][gc,metaspace] GC(32) Metaspace: 12591K(13056K)->12591K(13056K) NonClass: 10469K(10688K)->10469K(10688K) Class: 2122K(2368K)->2122K(2368K)
[20.228s][info   ][gc          ] GC(32) Pause Full (System.gc()) 1643M->1643M(6144M) 1059.419ms
[21.291s][info   ][gc,metaspace] GC(33) Metaspace: 12591K(13056K)->12591K(13056K) NonClass: 10469K(10688K)->10469K(10688K) Class: 2122K(2368K)->2122K(2368K)
[21.291s][info   ][gc          ] GC(33) Pause Full (System.gc()) 1643M->1643M(6144M) 1062.506ms
[22.355s][info   ][gc,metaspace] GC(34) Metaspace: 12591K(13056K)->12591K(13056K) NonClass: 10469K(10688K)->10469K(10688K) Class: 2122K(2368K)->2122K(2368K)
[22.355s][info   ][gc          ] GC(34) Pause Full (System.gc()) 1643M->1643M(6144M) 1064.306ms
[23.420s][info   ][gc,metaspace] GC(35) Metaspace: 12591K(13056K)->12591K(13056K) NonClass: 10469K(10688K)->10469K(10688K) Class: 2122K(2368K)->2122K(2368K)
[23.420s][info   ][gc          ] GC(35) Pause Full (System.gc()) 1643M->1643M(6144M) 1065.343ms
[24.484s][info   ][gc,metaspace] GC(36) Metaspace: 12591K(13056K)->12591K(13056K) NonClass: 10469K(10688K)->10469K(10688K) Class: 2122K(2368K)->2122K(2368K)
[24.484s][info   ][gc          ] GC(36) Pause Full (System.gc()) 1643M->1643M(6144M) 1063.696ms
[25.544s][info   ][gc,metaspace] GC(37) Metaspace: 12591K(13056K)->12591K(13056K) NonClass: 10469K(10688K)->10469K(10688K) Class: 2122K(2368K)->2122K(2368K)
[25.544s][info   ][gc          ] GC(37) Pause Full (System.gc()) 1643M->1643M(6144M) 1059.740ms
[26.608s][info   ][gc,metaspace] GC(38) Metaspace: 12591K(13056K)->12591K(13056K) NonClass: 10469K(10688K)->10469K(10688K) Class: 2122K(2368K)->2122K(2368K)
[26.608s][info   ][gc          ] GC(38) Pause Full (System.gc()) 1643M->1643M(6144M) 1063.544ms
[27.698s][info   ][gc,metaspace] GC(39) Metaspace: 12591K(13056K)->12591K(13056K) NonClass: 10469K(10688K)->10469K(10688K) Class: 2122K(2368K)->2122K(2368K)
[27.698s][info   ][gc          ] GC(39) Pause Full (System.gc()) 1643M->1643M(6144M) 1089.898ms
[28.757s][info   ][gc,metaspace] GC(40) Metaspace: 12591K(13056K)->12591K(13056K) NonClass: 10469K(10688K)->10469K(10688K) Class: 2122K(2368K)->2122K(2368K)
[28.757s][info   ][gc          ] GC(40) Pause Full (System.gc()) 1643M->1643M(6144M) 1059.426ms
[29.820s][info   ][gc,metaspace] GC(41) Metaspace: 12591K(13056K)->12591K(13056K) NonClass: 10469K(10688K)->10469K(10688K) Class: 2122K(2368K)->2122K(2368K)
[29.820s][info   ][gc          ] GC(41) Pause Full (System.gc()) 1643M->1643M(6144M) 1062.535ms
[30.882s][info   ][gc,metaspace] GC(42) Metaspace: 12591K(13056K)->12591K(13056K) NonClass: 10469K(10688K)->10469K(10688K) Class: 2122K(2368K)->2122K(2368K)
[30.882s][info   ][gc          ] GC(42) Pause Full (System.gc()) 1643M->1643M(6144M) 1062.029ms
[31.941s][info   ][gc,metaspace] GC(43) Metaspace: 12591K(13056K)->12591K(13056K) NonClass: 10469K(10688K)->10469K(10688K) Class: 2122K(2368K)->2122K(2368K)
[31.941s][info   ][gc          ] GC(43) Pause Full (System.gc()) 1643M->1643M(6144M) 1058.753ms
[33.000s][info   ][gc,metaspace] GC(44) Metaspace: 12591K(13056K)->12591K(13056K) NonClass: 10469K(10688K)->10469K(10688K) Class: 2122K(2368K)->2122K(2368K)
[33.000s][info   ][gc          ] GC(44) Pause Full (System.gc()) 1643M->1643M(6144M) 1058.890ms
[34.059s][info   ][gc,metaspace] GC(45) Metaspace: 12591K(13056K)->12591K(13056K) NonClass: 10469K(10688K)->10469K(10688K) Class: 2122K(2368K)->2122K(2368K)
[34.059s][info   ][gc          ] GC(45) Pause Full (System.gc()) 1643M->1643M(6144M) 1059.041ms
[35.123s][info   ][gc,metaspace] GC(46) Metaspace: 12591K(13056K)->12591K(13056K) NonClass: 10469K(10688K)->10469K(10688K) Class: 2122K(2368K)->2122K(2368K)
[35.123s][info   ][gc          ] GC(46) Pause Full (System.gc()) 1643M->1643M(6144M) 1063.162ms
[36.183s][info   ][gc,metaspace] GC(47) Metaspace: 12591K(13056K)->12591K(13056K) NonClass: 10469K(10688K)->10469K(10688K) Class: 2122K(2368K)->2122K(2368K)
[36.184s][info   ][gc          ] GC(47) Pause Full (System.gc()) 1643M->1643M(6144M) 1060.757ms
[37.249s][info   ][gc,metaspace] GC(48) Metaspace: 12591K(13056K)->12591K(13056K) NonClass: 10469K(10688K)->10469K(10688K) Class: 2122K(2368K)->2122K(2368K)
[37.249s][info   ][gc          ] GC(48) Pause Full (System.gc()) 1643M->1643M(6144M) 1065.035ms
[38.314s][info   ][gc,metaspace] GC(49) Metaspace: 12591K(13056K)->12591K(13056K) NonClass: 10469K(10688K)->10469K(10688K) Class: 2122K(2368K)->2122K(2368K)
[38.314s][info   ][gc          ] GC(49) Pause Full (System.gc()) 1643M->1643M(6144M) 1065.599ms
[39.379s][info   ][gc,metaspace] GC(50) Metaspace: 12591K(13056K)->12591K(13056K) NonClass: 10469K(10688K)->10469K(10688K) Class: 2122K(2368K)->2122K(2368K)
[39.379s][info   ][gc          ] GC(50) Pause Full (System.gc()) 1643M->1643M(6144M) 1064.181ms
[40.441s][info   ][gc,metaspace] GC(51) Metaspace: 12591K(13056K)->12591K(13056K) NonClass: 10469K(10688K)->10469K(10688K) Class: 2122K(2368K)->2122K(2368K)
[40.441s][info   ][gc          ] GC(51) Pause Full (System.gc()) 1643M->1643M(6144M) 1061.811ms
[41.509s][info   ][gc,metaspace] GC(52) Metaspace: 12591K(13056K)->12591K(13056K) NonClass: 10469K(10688K)->10469K(10688K) Class: 2122K(2368K)->2122K(2368K)
[41.509s][info   ][gc          ] GC(52) Pause Full (System.gc()) 1643M->1643M(6144M) 1067.971ms
[42.573s][info   ][gc,metaspace] GC(53) Metaspace: 12591K(13056K)->12591K(13056K) NonClass: 10469K(10688K)->10469K(10688K) Class: 2122K(2368K)->2122K(2368K)
[42.573s][info   ][gc          ] GC(53) Pause Full (System.gc()) 1643M->1643M(6144M) 1063.610ms
[43.635s][info   ][gc,metaspace] GC(54) Metaspace: 12591K(13056K)->12591K(13056K) NonClass: 10469K(10688K)->10469K(10688K) Class: 2122K(2368K)->2122K(2368K)
[43.636s][info   ][gc          ] GC(54) Pause Full (System.gc()) 1643M->1643M(6144M) 1062.515ms
[44.722s][info   ][gc,metaspace] GC(55) Metaspace: 12591K(13056K)->12591K(13056K) NonClass: 10469K(10688K)->10469K(10688K) Class: 2122K(2368K)->2122K(2368K)
[44.723s][info   ][gc          ] GC(55) Pause Full (System.gc()) 1643M->1643M(6144M) 1086.941ms
[45.780s][info   ][gc,metaspace] GC(56) Metaspace: 12591K(13056K)->12591K(13056K) NonClass: 10469K(10688K)->10469K(10688K) Class: 2122K(2368K)->2122K(2368K)
[45.780s][info   ][gc          ] GC(56) Pause Full (System.gc()) 1643M->1643M(6144M) 1056.976ms
[46.843s][info   ][gc,metaspace] GC(57) Metaspace: 12591K(13056K)->12591K(13056K) NonClass: 10469K(10688K)->10469K(10688K) Class: 2122K(2368K)->2122K(2368K)
[46.843s][info   ][gc          ] GC(57) Pause Full (System.gc()) 1643M->1643M(6144M) 1063.462ms
[47.901s][info   ][gc,metaspace] GC(58) Metaspace: 12591K(13056K)->12591K(13056K) NonClass: 10469K(10688K)->10469K(10688K) Class: 2122K(2368K)->2122K(2368K)
[47.901s][info   ][gc          ] GC(58) Pause Full (System.gc()) 1643M->1643M(6144M) 1058.060ms
[48.961s][info   ][gc,metaspace] GC(59) Metaspace: 12591K(13056K)->12591K(13056K) NonClass: 10469K(10688K)->10469K(10688K) Class: 2122K(2368K)->2122K(2368K)
[48.961s][info   ][gc          ] GC(59) Pause Full (System.gc()) 1643M->1643M(6144M) 1059.198ms
[50.023s][info   ][gc,metaspace] GC(60) Metaspace: 12591K(13056K)->12591K(13056K) NonClass: 10469K(10688K)->10469K(10688K) Class: 2122K(2368K)->2122K(2368K)
[50.023s][info   ][gc          ] GC(60) Pause Full (System.gc()) 1643M->1643M(6144M) 1061.854ms
[51.088s][info   ][gc,metaspace] GC(61) Metaspace: 12591K(13056K)->12591K(13056K) NonClass: 10469K(10688K)->10469K(10688K) Class: 2122K(2368K)->2122K(2368K)
[51.088s][info   ][gc          ] GC(61) Pause Full (System.gc()) 1643M->1643M(6144M) 1065.162ms
[52.148s][info   ][gc,metaspace] GC(62) Metaspace: 12591K(13056K)->12591K(13056K) NonClass: 10469K(10688K)->10469K(10688K) Class: 2122K(2368K)->2122K(2368K)
[52.149s][info   ][gc          ] GC(62) Pause Full (System.gc()) 1643M->1643M(6144M) 1059.956ms
[53.211s][info   ][gc,metaspace] GC(63) Metaspace: 12591K(13056K)->12591K(13056K) NonClass: 10469K(10688K)->10469K(10688K) Class: 2122K(2368K)->2122K(2368K)
[53.211s][info   ][gc          ] GC(63) Pause Full (System.gc()) 1643M->1643M(6144M) 1062.711ms
[54.273s][info   ][gc,metaspace] GC(64) Metaspace: 12591K(13056K)->12591K(13056K) NonClass: 10469K(10688K)->10469K(10688K) Class: 2122K(2368K)->2122K(2368K)
[54.273s][info   ][gc          ] GC(64) Pause Full (System.gc()) 1643M->1643M(6144M) 1061.310ms
[55.344s][info   ][gc,metaspace] GC(65) Metaspace: 12591K(13056K)->12591K(13056K) NonClass: 10469K(10688K)->10469K(10688K) Class: 2122K(2368K)->2122K(2368K)
[55.344s][info   ][gc          ] GC(65) Pause Full (System.gc()) 1643M->1643M(6144M) 1070.936ms
[56.408s][info   ][gc,metaspace] GC(66) Metaspace: 12591K(13056K)->12591K(13056K) NonClass: 10469K(10688K)->10469K(10688K) Class: 2122K(2368K)->2122K(2368K)
[56.408s][info   ][gc          ] GC(66) Pause Full (System.gc()) 1643M->1643M(6144M) 1064.621ms
[57.472s][info   ][gc,metaspace] GC(67) Metaspace: 12591K(13056K)->12591K(13056K) NonClass: 10469K(10688K)->10469K(10688K) Class: 2122K(2368K)->2122K(2368K)
[57.472s][info   ][gc          ] GC(67) Pause Full (System.gc()) 1643M->1643M(6144M) 1063.370ms
[58.531s][info   ][gc,metaspace] GC(68) Metaspace: 12591K(13056K)->12591K(13056K) NonClass: 10469K(10688K)->10469K(10688K) Class: 2122K(2368K)->2122K(2368K)
[58.531s][info   ][gc          ] GC(68) Pause Full (System.gc()) 1643M->1643M(6144M) 1059.392ms
[59.595s][info   ][gc,metaspace] GC(69) Metaspace: 12591K(13056K)->12591K(13056K) NonClass: 10469K(10688K)->10469K(10688K) Class: 2122K(2368K)->2122K(2368K)
[59.595s][info   ][gc          ] GC(69) Pause Full (System.gc()) 1643M->1643M(6144M) 1063.236ms
[60.679s][info   ][gc,metaspace] GC(70) Metaspace: 12591K(13056K)->12591K(13056K) NonClass: 10469K(10688K)->10469K(10688K) Class: 2122K(2368K)->2122K(2368K)
[60.679s][info   ][gc          ] GC(70) Pause Full (System.gc()) 1643M->1643M(6144M) 1084.489ms
[61.741s][info   ][gc,metaspace] GC(71) Metaspace: 12591K(13056K)->12591K(13056K) NonClass: 10469K(10688K)->10469K(10688K) Class: 2122K(2368K)->2122K(2368K)
[61.741s][info   ][gc          ] GC(71) Pause Full (System.gc()) 1643M->1643M(6144M) 1061.600ms
[62.801s][info   ][gc,metaspace] GC(72) Metaspace: 12591K(13056K)->12591K(13056K) NonClass: 10469K(10688K)->10469K(10688K) Class: 2122K(2368K)->2122K(2368K)
[62.801s][info   ][gc          ] GC(72) Pause Full (System.gc()) 1643M->1643M(6144M) 1060.438ms
[63.861s][info   ][gc,metaspace] GC(73) Metaspace: 12591K(13056K)->12591K(13056K) NonClass: 10469K(10688K)->10469K(10688K) Class: 2122K(2368K)->2122K(2368K)
[63.861s][info   ][gc          ] GC(73) Pause Full (System.gc()) 1645M->1643M(6144M) 1059.299ms
[64.920s][info   ][gc,metaspace] GC(74) Metaspace: 12591K(13056K)->12591K(13056K) NonClass: 10469K(10688K)->10469K(10688K) Class: 2122K(2368K)->2122K(2368K)
[64.920s][info   ][gc          ] GC(74) Pause Full (System.gc()) 1643M->1643M(6144M) 1059.552ms
[65.981s][info   ][gc,metaspace] GC(75) Metaspace: 12591K(13056K)->12591K(13056K) NonClass: 10469K(10688K)->10469K(10688K) Class: 2122K(2368K)->2122K(2368K)
[65.982s][info   ][gc          ] GC(75) Pause Full (System.gc()) 1643M->1643M(6144M) 1061.029ms
[67.044s][info   ][gc,metaspace] GC(76) Metaspace: 12591K(13056K)->12591K(13056K) NonClass: 10469K(10688K)->10469K(10688K) Class: 2122K(2368K)->2122K(2368K)
[67.044s][info   ][gc          ] GC(76) Pause Full (System.gc()) 1643M->1643M(6144M) 1062.002ms
[68.109s][info   ][gc,metaspace] GC(77) Metaspace: 12591K(13056K)->12591K(13056K) NonClass: 10469K(10688K)->10469K(10688K) Class: 2122K(2368K)->2122K(2368K)
[68.109s][info   ][gc          ] GC(77) Pause Full (System.gc()) 1643M->1643M(6144M) 1065.028ms
[69.172s][info   ][gc,metaspace] GC(78) Metaspace: 12591K(13056K)->12591K(13056K) NonClass: 10469K(10688K)->10469K(10688K) Class: 2122K(2368K)->2122K(2368K)
[69.172s][info   ][gc          ] GC(78) Pause Full (System.gc()) 1643M->1643M(6144M) 1063.712ms
After GCs... 
