Done; will start GCs... 
[17.044s][info   ][gc,metaspace] GC(29) Metaspace: 12591K(13056K)->12591K(13056K) NonClass: 10469K(10688K)->10469K(10688K) Class: 2122K(2368K)->2122K(2368K)
[17.044s][info   ][gc          ] GC(29) Pause Full (System.gc()) 1645M->1643M(6144M) 1062.133ms
[18.107s][info   ][gc,metaspace] GC(30) Metaspace: 12591K(13056K)->12591K(13056K) NonClass: 10469K(10688K)->10469K(10688K) Class: 2122K(2368K)->2122K(2368K)
[18.107s][info   ][gc          ] GC(30) Pause Full (System.gc()) 1643M->1643M(6144M) 1062.870ms
[19.168s][info   ][gc,metaspace] GC(31) Metaspace: 12591K(13056K)->12591K(13056K) NonClass: 10469K(10688K)->10469K(10688K) Class: 2122K(2368K)->2122K(2368K)
[19.169s][info   ][gc          ] GC(31) Pause Full (System.gc()) 1643M->1643M(6144M) 1061.739ms
[20.228s][info   ][gc,metaspace] GC(32) Metaspace: 12591K(13056K)->12591K(13056K) NonClass: 10469K(10688K)->10469K(10688K) Class: 2122K(2368K)->2122K(2368K)
[20.228s][info   ][gc          ] GC(32) Pause Full (System.gc()) 1643M->1643M(6144M) 1059.419ms
[21.291s][info   ][gc,metaspace] GC(33) Metaspace: 12591K(13056K)->12591K(13056K) NonClass: 10469K(10688K)->10469K(10688K) Class: 2122K(2368K)->2122K(2368K)
[21.291s][info   ][gc          ] GC(33) Pause Full (System.gc()) 1643M->1643M(6144M) 1062.506ms
[22.355s][info   ][gc,metaspace] GC(34) Metaspace: 12591K(13056K)->12591K(13056K) NonClass: 10469K(10688K)->10469K(10688K) Class: 2122K(2368K)->2122K(2368K)
[22.355s][info   ][gc          ] GC(34) Pause Full (System.gc()) 1643M->1643M(6144M) 1064.306ms
[23.420s][info   ][gc,metaspace] GC(35) Metaspace: 12591K(13056K)->12591K(13056K) NonClass: 10469K(10688K)->10469K(10688K) Class: 2122K(2368K)->2122K(2368K)
[23.420s][info   ][gc          ] GC(35) Pause Full (System.gc()) 1643M->1643M(6144M) 1065.343ms
[24.484s][info   ][gc,metaspace] GC(36) Metaspace: 12591K(13056K)->12591K(13056K) NonClass: 10469K(10688K)->10469K(10688K) Class: 2122K(2368K)->2122K(2368K)
[24.484s][info   ][gc          ] GC(36) Pause Full (System.gc()) 1643M->1643M(6144M) 1063.696ms
[25.544s][info   ][gc,metaspace] GC(37) Metaspace: 12591K(13056K)->12591K(13056K) NonClass: 10469K(10688K)->10469K(10688K) Class: 2122K(2368K)->2122K(2368K)
[25.544s][info   ][gc          ] GC(37) Pause Full (System.gc()) 1643M->1643M(6144M) 1059.740ms
[26.608s][info   ][gc,metaspace] GC(38) Metaspace: 12591K(13056K)->12591K(13056K) NonClass: 10469K(10688K)->10469K(10688K) Class: 2122K(2368K)->2122K(2368K)
[26.608s][info   ][gc          ] GC(38) Pause Full (System.gc()) 1643M->1643M(6144M) 1063.544ms
[27.698s][info   ][gc,metaspace] GC(39) Metaspace: 12591K(13056K)->12591K(13056K) NonClass: 10469K(10688K)->10469K(10688K) Class: 2122K(2368K)->2122K(2368K)
[27.698s][info   ][gc          ] GC(39) Pause Full (System.gc()) 1643M->1643M(6144M) 1089.898ms
[28.757s][info   ][gc,metaspace] GC(40) Metaspace: 12591K(13056K)->12591K(13056K) NonClass: 10469K(10688K)->10469K(10688K) Class: 2122K(2368K)->2122K(2368K)
[28.757s][info   ][gc          ] GC(40) Pause Full (System.gc()) 1643M->1643M(6144M) 1059.426ms
[29.820s][info   ][gc,metaspace] GC(41) Metaspace: 12591K(13056K)->12591K(13056K) NonClass: 10469K(10688K)->10469K(10688K) Class: 2122K(2368K)->2122K(2368K)
[29.820s][info   ][gc          ] GC(41) Pause Full (System.gc()) 1643M->1643M(6144M) 1062.535ms
[30.882s][info   ][gc,metaspace] GC(42) Metaspace: 12591K(13056K)->12591K(13056K) NonClass: 10469K(10688K)->10469K(10688K) Class: 2122K(2368K)->2122K(2368K)
[30.882s][info   ][gc          ] GC(42) Pause Full (System.gc()) 1643M->1643M(6144M) 1062.029ms
[31.941s][info   ][gc,metaspace] GC(43) Metaspace: 12591K(13056K)->12591K(13056K) NonClass: 10469K(10688K)->10469K(10688K) Class: 2122K(2368K)->2122K(2368K)
[31.941s][info   ][gc          ] GC(43) Pause Full (System.gc()) 1643M->1643M(6144M) 1058.753ms
[33.000s][info   ][gc,metaspace] GC(44) Metaspace: 12591K(13056K)->12591K(13056K) NonClass: 10469K(10688K)->10469K(10688K) Class: 2122K(2368K)->2122K(2368K)
[33.000s][info   ][gc          ] GC(44) Pause Full (System.gc()) 1643M->1643M(6144M) 1058.890ms
[34.059s][info   ][gc,metaspace] GC(45) Metaspace: 12591K(13056K)->12591K(13056K) NonClass: 10469K(10688K)->10469K(10688K) Class: 2122K(2368K)->2122K(2368K)
[34.059s][info   ][gc          ] GC(45) Pause Full (System.gc()) 1643M->1643M(6144M) 1059.041ms
[35.123s][info   ][gc,metaspace] GC(46) Metaspace: 12591K(13056K)->12591K(13056K) NonClass: 10469K(10688K)->10469K(10688K) Class: 2122K(2368K)->2122K(2368K)
[35.123s][info   ][gc          ] GC(46) Pause Full (System.gc()) 1643M->1643M(6144M) 1063.162ms
[36.183s][info   ][gc,metaspace] GC(47) Metaspace: 12591K(13056K)->12591K(13056K) NonClass: 10469K(10688K)->10469K(10688K) Class: 2122K(2368K)->2122K(2368K)
[36.184s][info   ][gc          ] GC(47) Pause Full (System.gc()) 1643M->1643M(6144M) 1060.757ms
[37.249s][info   ][gc,metaspace] GC(48) Metaspace: 12591K(13056K)->12591K(13056K) NonClass: 10469K(10688K)->10469K(10688K) Class: 2122K(2368K)->2122K(2368K)
[37.249s][info   ][gc          ] GC(48) Pause Full (System.gc()) 1643M->1643M(6144M) 1065.035ms
[38.314s][info   ][gc,metaspace] GC(49) Metaspace: 12591K(13056K)->12591K(13056K) NonClass: 10469K(10688K)->10469K(10688K) Class: 2122K(2368K)->2122K(2368K)
[38.314s][info   ][gc          ] GC(49) Pause Full (System.gc()) 1643M->1643M(6144M) 1065.599ms
[39.379s][info   ][gc,metaspace] GC(50) Metaspace: 12591K(13056K)->12591K(13056K) NonClass: 10469K(10688K)->10469K(10688K) Class: 2122K(2368K)->2122K(2368K)
[39.379s][info   ][gc          ] GC(50) Pause Full (System.gc()) 1643M->1643M(6144M) 1064.181ms
[40.441s][info   ][gc,metaspace] GC(51) Metaspace: 12591K(13056K)->12591K(13056K) NonClass: 10469K(10688K)->10469K(10688K) Class: 2122K(2368K)->2122K(2368K)
[40.441s][info   ][gc          ] GC(51) Pause Full (System.gc()) 1643M->1643M(6144M) 1061.811ms
[41.509s][info   ][gc,metaspace] GC(52) Metaspace: 12591K(13056K)->12591K(13056K) NonClass: 10469K(10688K)->10469K(10688K) Class: 2122K(2368K)->2122K(2368K)
[41.509s][info   ][gc          ] GC(52) Pause Full (System.gc()) 1643M->1643M(6144M) 1067.971ms
[42.573s][info   ][gc,metaspace] GC(53) Metaspace: 12591K(13056K)->12591K(13056K) NonClass: 10469K(10688K)->10469K(10688K) Class: 2122K(2368K)->2122K(2368K)
[42.573s][info   ][gc          ] GC(53) Pause Full (System.gc()) 1643M->1643M(6144M) 1063.610ms
[43.635s][info   ][gc,metaspace] GC(54) Metaspace: 12591K(13056K)->12591K(13056K) NonClass: 10469K(10688K)->10469K(10688K) Class: 2122K(2368K)->2122K(2368K)
[43.636s][info   ][gc          ] GC(54) Pause Full (System.gc()) 1643M->1643M(6144M) 1062.515ms
[44.722s][info   ][gc,metaspace] GC(55) Metaspace: 12591K(13056K)->12591K(13056K) NonClass: 10469K(10688K)->10469K(10688K) Class: 2122K(2368K)->2122K(2368K)
[44.723s][info   ][gc          ] GC(55) Pause Full (System.gc()) 1643M->1643M(6144M) 1086.941ms
[45.780s][info   ][gc,metaspace] GC(56) Metaspace: 12591K(13056K)->12591K(13056K) NonClass: 10469K(10688K)->10469K(10688K) Class: 2122K(2368K)->2122K(2368K)
[45.780s][info   ][gc          ] GC(56) Pause Full (System.gc()) 1643M->1643M(6144M) 1056.976ms
[46.843s][info   ][gc,metaspace] GC(57) Metaspace: 12591K(13056K)->12591K(13056K) NonClass: 10469K(10688K)->10469K(10688K) Class: 2122K(2368K)->2122K(2368K)
[46.843s][info   ][gc          ] GC(57) Pause Full (System.gc()) 1643M->1643M(6144M) 1063.462ms
[47.901s][info   ][gc,metaspace] GC(58) Metaspace: 12591K(13056K)->12591K(13056K) NonClass: 10469K(10688K)->10469K(10688K) Class: 2122K(2368K)->2122K(2368K)
[47.901s][info   ][gc          ] GC(58) Pause Full (System.gc()) 1643M->1643M(6144M) 1058.060ms
[48.961s][info   ][gc,metaspace] GC(59) Metaspace: 12591K(13056K)->12591K(13056K) NonClass: 10469K(10688K)->10469K(10688K) Class: 2122K(2368K)->2122K(2368K)
[48.961s][info   ][gc          ] GC(59) Pause Full (System.gc()) 1643M->1643M(6144M) 1059.198ms
[50.023s][info   ][gc,metaspace] GC(60) Metaspace: 12591K(13056K)->12591K(13056K) NonClass: 10469K(10688K)->10469K(10688K) Class: 2122K(2368K)->2122K(2368K)
[50.023s][info   ][gc          ] GC(60) Pause Full (System.gc()) 1643M->1643M(6144M) 1061.854ms
[51.088s][info   ][gc,metaspace] GC(61) Metaspace: 12591K(13056K)->12591K(13056K) NonClass: 10469K(10688K)->10469K(10688K) Class: 2122K(2368K)->2122K(2368K)
[51.088s][info   ][gc          ] GC(61) Pause Full (System.gc()) 1643M->1643M(6144M) 1065.162ms
[52.148s][info   ][gc,metaspace] GC(62) Metaspace: 12591K(13056K)->12591K(13056K) NonClass: 10469K(10688K)->10469K(10688K) Class: 2122K(2368K)->2122K(2368K)
[52.149s][info   ][gc          ] GC(62) Pause Full (System.gc()) 1643M->1643M(6144M) 1059.956ms
[53.211s][info   ][gc,metaspace] GC(63) Metaspace: 12591K(13056K)->12591K(13056K) NonClass: 10469K(10688K)->10469K(10688K) Class: 2122K(2368K)->2122K(2368K)
[53.211s][info   ][gc          ] GC(63) Pause Full (System.gc()) 1643M->1643M(6144M) 1062.711ms
[54.273s][info   ][gc,metaspace] GC(64) Metaspace: 12591K(13056K)->12591K(13056K) NonClass: 10469K(10688K)->10469K(10688K) Class: 2122K(2368K)->2122K(2368K)
[54.273s][info   ][gc          ] GC(64) Pause Full (System.gc()) 1643M->1643M(6144M) 1061.310ms
[55.344s][info   ][gc,metaspace] GC(65) Metaspace: 12591K(13056K)->12591K(13056K) NonClass: 10469K(10688K)->10469K(10688K) Class: 2122K(2368K)->2122K(2368K)
[55.344s][info   ][gc          ] GC(65) Pause Full (System.gc()) 1643M->1643M(6144M) 1070.936ms
[56.408s][info   ][gc,metaspace] GC(66) Metaspace: 12591K(13056K)->12591K(13056K) NonClass: 10469K(10688K)->10469K(10688K) Class: 2122K(2368K)->2122K(2368K)
[56.408s][info   ][gc          ] GC(66) Pause Full (System.gc()) 1643M->1643M(6144M) 1064.621ms
[57.472s][info   ][gc,metaspace] GC(67) Metaspace: 12591K(13056K)->12591K(13056K) NonClass: 10469K(10688K)->10469K(10688K) Class: 2122K(2368K)->2122K(2368K)
[57.472s][info   ][gc          ] GC(67) Pause Full (System.gc()) 1643M->1643M(6144M) 1063.370ms
[58.531s][info   ][gc,metaspace] GC(68) Metaspace: 12591K(13056K)->12591K(13056K) NonClass: 10469K(10688K)->10469K(10688K) Class: 2122K(2368K)->2122K(2368K)
[58.531s][info   ][gc          ] GC(68) Pause Full (System.gc()) 1643M->1643M(6144M) 1059.392ms
[59.595s][info   ][gc,metaspace] GC(69) Metaspace: 12591K(13056K)->12591K(13056K) NonClass: 10469K(10688K)->10469K(10688K) Class: 2122K(2368K)->2122K(2368K)
[59.595s][info   ][gc          ] GC(69) Pause Full (System.gc()) 1643M->1643M(6144M) 1063.236ms
[60.679s][info   ][gc,metaspace] GC(70) Metaspace: 12591K(13056K)->12591K(13056K) NonClass: 10469K(10688K)->10469K(10688K) Class: 2122K(2368K)->2122K(2368K)
[60.679s][info   ][gc          ] GC(70) Pause Full (System.gc()) 1643M->1643M(6144M) 1084.489ms
[61.741s][info   ][gc,metaspace] GC(71) Metaspace: 12591K(13056K)->12591K(13056K) NonClass: 10469K(10688K)->10469K(10688K) Class: 2122K(2368K)->2122K(2368K)
[61.741s][info   ][gc          ] GC(71) Pause Full (System.gc()) 1643M->1643M(6144M) 1061.600ms
[62.801s][info   ][gc,metaspace] GC(72) Metaspace: 12591K(13056K)->12591K(13056K) NonClass: 10469K(10688K)->10469K(10688K) Class: 2122K(2368K)->2122K(2368K)
[62.801s][info   ][gc          ] GC(72) Pause Full (System.gc()) 1643M->1643M(6144M) 1060.438ms
[63.861s][info   ][gc,metaspace] GC(73) Metaspace: 12591K(13056K)->12591K(13056K) NonClass: 10469K(10688K)->10469K(10688K) Class: 2122K(2368K)->2122K(2368K)
[63.861s][info   ][gc          ] GC(73) Pause Full (System.gc()) 1645M->1643M(6144M) 1059.299ms
[64.920s][info   ][gc,metaspace] GC(74) Metaspace: 12591K(13056K)->12591K(13056K) NonClass: 10469K(10688K)->10469K(10688K) Class: 2122K(2368K)->2122K(2368K)
[64.920s][info   ][gc          ] GC(74) Pause Full (System.gc()) 1643M->1643M(6144M) 1059.552ms
[65.981s][info   ][gc,metaspace] GC(75) Metaspace: 12591K(13056K)->12591K(13056K) NonClass: 10469K(10688K)->10469K(10688K) Class: 2122K(2368K)->2122K(2368K)
[65.982s][info   ][gc          ] GC(75) Pause Full (System.gc()) 1643M->1643M(6144M) 1061.029ms
[67.044s][info   ][gc,metaspace] GC(76) Metaspace: 12591K(13056K)->12591K(13056K) NonClass: 10469K(10688K)->10469K(10688K) Class: 2122K(2368K)->2122K(2368K)
[67.044s][info   ][gc          ] GC(76) Pause Full (System.gc()) 1643M->1643M(6144M) 1062.002ms
[68.109s][info   ][gc,metaspace] GC(77) Metaspace: 12591K(13056K)->12591K(13056K) NonClass: 10469K(10688K)->10469K(10688K) Class: 2122K(2368K)->2122K(2368K)
[68.109s][info   ][gc          ] GC(77) Pause Full (System.gc()) 1643M->1643M(6144M) 1065.028ms
[69.172s][info   ][gc,metaspace] GC(78) Metaspace: 12591K(13056K)->12591K(13056K) NonClass: 10469K(10688K)->10469K(10688K) Class: 2122K(2368K)->2122K(2368K)
[69.172s][info   ][gc          ] GC(78) Pause Full (System.gc()) 1643M->1643M(6144M) 1063.712ms
After GCs... 
