[0.001s][warning][pagesize] UseLargePages disabled, no large pages configured and available on the system.
[0.001s][info   ][metaspace]  - commit_granule_bytes: 65536.
[0.001s][info   ][metaspace]  - commit_granule_words: 8192.
[0.001s][info   ][metaspace]  - virtual_space_node_default_size: 8388608.
[0.001s][info   ][metaspace]  - enlarge_chunks_in_place: 1.
[0.001s][info   ][metaspace]  - use_allocation_guard: 0.
[0.002s][info   ][gc       ] Using G1
[0.388s][info   ][metaspace] Reserving compressed class space anywhere
[0.388s][info   ][gc,metaspace] CDS archive(s) not mapped
[0.388s][info   ][gc,metaspace] Compressed class space mapped at: 0x0000000011000000-0x00000000d1000000, reserved size: 3221225472
[0.388s][info   ][gc,metaspace] UseCompressedClassPointers 1, UseCompactObjectHeaders 0, narrow klass pointer bits 32, max shift 3
[0.388s][info   ][gc,metaspace] Narrow klass base: 0x0000000000000000, Narrow klass shift: 0, Narrow klass range: 0xd1000000
Random Seed: 12345678
Num Classes: 256
Num Objects: 67108864
Percent IK Objects: 83.0%)
Percent OAK Objects: 5.0%)
Percent TAK Objects: 12.0%)
Cycles: 50
Loading 256 pre-generated classes ...
Materialize pre-generated constructors ...
Creating objects...
[0.648s][info   ][gc,metaspace] GC(0) Metaspace: 11435K(11648K)->11435K(11648K) NonClass: 10269K(10368K)->10269K(10368K) Class: 1165K(1280K)->1165K(1280K)
[0.648s][info   ][gc          ] GC(0) Pause Full (System.gc()) 16M->2M(6144M) 10.016ms
[1.180s][info   ][gc,metaspace] GC(1) Metaspace: 12524K(12928K)->12524K(12928K) NonClass: 11223K(11392K)->11223K(11392K) Class: 1301K(1536K)->1301K(1536K)
[1.180s][info   ][gc          ] GC(1) Pause Young (Normal) (G1 Evacuation Pause) 566M->298M(6144M) 29.542ms
[1.460s][info   ][gc,metaspace] GC(2) Metaspace: 12525K(12928K)->12525K(12928K) NonClass: 11224K(11392K)->11224K(11392K) Class: 1301K(1536K)->1301K(1536K)
[1.461s][info   ][gc          ] GC(2) Pause Young (Normal) (G1 Evacuation Pause) 566M->328M(6144M) 37.588ms
[1.687s][info   ][gc,metaspace] GC(3) Metaspace: 12525K(12928K)->12525K(12928K) NonClass: 11224K(11392K)->11224K(11392K) Class: 1301K(1536K)->1301K(1536K)
[1.687s][info   ][gc          ] GC(3) Pause Young (Normal) (G1 Evacuation Pause) 600M->360M(6144M) 35.042ms
[1.899s][info   ][gc,metaspace] GC(4) Metaspace: 12525K(12928K)->12525K(12928K) NonClass: 11224K(11392K)->11224K(11392K) Class: 1301K(1536K)->1301K(1536K)
[1.899s][info   ][gc          ] GC(4) Pause Young (Normal) (G1 Evacuation Pause) 632M->390M(6144M) 34.562ms
[2.111s][info   ][gc,metaspace] GC(5) Metaspace: 12525K(12928K)->12525K(12928K) NonClass: 11224K(11392K)->11224K(11392K) Class: 1301K(1536K)->1301K(1536K)
[2.111s][info   ][gc          ] GC(5) Pause Young (Normal) (G1 Evacuation Pause) 662M->422M(6144M) 34.614ms
[2.324s][info   ][gc,metaspace] GC(6) Metaspace: 12525K(12928K)->12525K(12928K) NonClass: 11224K(11392K)->11224K(11392K) Class: 1301K(1536K)->1301K(1536K)
[2.324s][info   ][gc          ] GC(6) Pause Young (Normal) (G1 Evacuation Pause) 694M->453M(6144M) 35.390ms
[2.536s][info   ][gc,metaspace] GC(7) Metaspace: 12525K(12928K)->12525K(12928K) NonClass: 11224K(11392K)->11224K(11392K) Class: 1301K(1536K)->1301K(1536K)
[2.536s][info   ][gc          ] GC(7) Pause Young (Normal) (G1 Evacuation Pause) 725M->486M(6144M) 35.159ms
[2.750s][info   ][gc,metaspace] GC(8) Metaspace: 12525K(12928K)->12525K(12928K) NonClass: 11224K(11392K)->11224K(11392K) Class: 1301K(1536K)->1301K(1536K)
[2.750s][info   ][gc          ] GC(8) Pause Young (Normal) (G1 Evacuation Pause) 758M->517M(6144M) 35.457ms
[2.985s][info   ][gc,metaspace] GC(9) Metaspace: 12525K(12928K)->12525K(12928K) NonClass: 11224K(11392K)->11224K(11392K) Class: 1301K(1536K)->1301K(1536K)
[2.985s][info   ][gc          ] GC(9) Pause Young (Normal) (G1 Evacuation Pause) 833M->551M(6144M) 36.572ms
[3.233s][info   ][gc,metaspace] GC(10) Metaspace: 12525K(12928K)->12525K(12928K) NonClass: 11224K(11392K)->11224K(11392K) Class: 1301K(1536K)->1301K(1536K)
[3.233s][info   ][gc          ] GC(10) Pause Young (Normal) (G1 Evacuation Pause) 887M->586M(6144M) 38.023ms
[3.508s][info   ][gc,metaspace] GC(11) Metaspace: 12525K(12928K)->12525K(12928K) NonClass: 11224K(11392K)->11224K(11392K) Class: 1301K(1536K)->1301K(1536K)
[3.508s][info   ][gc          ] GC(11) Pause Young (Normal) (G1 Evacuation Pause) 962M->623M(6144M) 41.925ms
[3.816s][info   ][gc,metaspace] GC(12) Metaspace: 12525K(12928K)->12525K(12928K) NonClass: 11224K(11392K)->11224K(11392K) Class: 1301K(1536K)->1301K(1536K)
[3.817s][info   ][gc          ] GC(12) Pause Young (Normal) (G1 Evacuation Pause) 1043M->669M(6144M) 47.341ms
[4.153s][info   ][gc,metaspace] GC(13) Metaspace: 12525K(12928K)->12525K(12928K) NonClass: 11224K(11392K)->11224K(11392K) Class: 1301K(1536K)->1301K(1536K)
[4.153s][info   ][gc          ] GC(13) Pause Young (Normal) (G1 Evacuation Pause) 1129M->715M(6144M) 51.940ms
[4.529s][info   ][gc,metaspace] GC(14) Metaspace: 12525K(12928K)->12525K(12928K) NonClass: 11224K(11392K)->11224K(11392K) Class: 1301K(1536K)->1301K(1536K)
[4.529s][info   ][gc          ] GC(14) Pause Young (Normal) (G1 Evacuation Pause) 1231M->768M(6144M) 56.765ms
[4.988s][info   ][gc,metaspace] GC(15) Metaspace: 12525K(12928K)->12525K(12928K) NonClass: 11224K(11392K)->11224K(11392K) Class: 1301K(1536K)->1301K(1536K)
[4.988s][info   ][gc          ] GC(15) Pause Young (Normal) (G1 Evacuation Pause) 1336M->829M(6144M) 63.537ms
[5.444s][info   ][gc,metaspace] GC(16) Metaspace: 12525K(12928K)->12525K(12928K) NonClass: 11224K(11392K)->11224K(11392K) Class: 1301K(1536K)->1301K(1536K)
[5.444s][info   ][gc          ] GC(16) Pause Young (Normal) (G1 Evacuation Pause) 1453M->890M(6144M) 70.038ms
[5.986s][info   ][gc,metaspace] GC(17) Metaspace: 12525K(12928K)->12525K(12928K) NonClass: 11224K(11392K)->11224K(11392K) Class: 1301K(1536K)->1301K(1536K)
[5.986s][info   ][gc          ] GC(17) Pause Young (Normal) (G1 Evacuation Pause) 1574M->956M(6144M) 74.492ms
[6.526s][info   ][gc,metaspace] GC(18) Metaspace: 12525K(12928K)->12525K(12928K) NonClass: 11224K(11392K)->11224K(11392K) Class: 1301K(1536K)->1301K(1536K)
[6.526s][info   ][gc          ] GC(18) Pause Young (Normal) (G1 Evacuation Pause) 1696M->1028M(6144M) 81.628ms
[7.155s][info   ][gc,metaspace] GC(19) Metaspace: 12525K(12928K)->12525K(12928K) NonClass: 11224K(11392K)->11224K(11392K) Class: 1301K(1536K)->1301K(1536K)
[7.155s][info   ][gc          ] GC(19) Pause Young (Normal) (G1 Evacuation Pause) 1828M->1106M(6144M) 90.387ms
[7.783s][info   ][gc,metaspace] GC(20) Metaspace: 12525K(12928K)->12525K(12928K) NonClass: 11224K(11392K)->11224K(11392K) Class: 1301K(1536K)->1301K(1536K)
[7.783s][info   ][gc          ] GC(20) Pause Young (Normal) (G1 Evacuation Pause) 1966M->1190M(6144M) 95.194ms
[8.493s][info   ][gc,metaspace] GC(21) Metaspace: 12525K(12928K)->12525K(12928K) NonClass: 11224K(11392K)->11224K(11392K) Class: 1301K(1536K)->1301K(1536K)
[8.493s][info   ][gc          ] GC(21) Pause Young (Normal) (G1 Evacuation Pause) 2102M->1280M(6144M) 100.417ms
[9.247s][info   ][gc,metaspace] GC(22) Metaspace: 12525K(12928K)->12525K(12928K) NonClass: 11224K(11392K)->11224K(11392K) Class: 1301K(1536K)->1301K(1536K)
[9.247s][info   ][gc          ] GC(22) Pause Young (Normal) (G1 Evacuation Pause) 2252M->1380M(6144M) 107.792ms
[10.040s][info   ][gc,metaspace] GC(23) Metaspace: 12525K(12928K)->12525K(12928K) NonClass: 11224K(11392K)->11224K(11392K) Class: 1301K(1536K)->1301K(1536K)
[10.040s][info   ][gc          ] GC(23) Pause Young (Normal) (G1 Evacuation Pause) 2404M->1482M(6144M) 113.263ms
[10.831s][info   ][gc,metaspace] GC(24) Metaspace: 12525K(12928K)->12525K(12928K) NonClass: 11224K(11392K)->11224K(11392K) Class: 1301K(1536K)->1301K(1536K)
[10.831s][info   ][gc          ] GC(24) Pause Young (Normal) (G1 Evacuation Pause) 2554M->1586M(6144M) 127.320ms
[11.650s][info   ][gc,metaspace] GC(25) Metaspace: 12525K(12928K)->12525K(12928K) NonClass: 11224K(11392K)->11224K(11392K) Class: 1301K(1536K)->1301K(1536K)
[11.650s][info   ][gc          ] GC(25) Pause Young (Normal) (G1 Evacuation Pause) 2702M->1692M(6144M) 128.336ms
[12.538s][info   ][gc,metaspace] GC(26) Metaspace: 12525K(12928K)->12525K(12928K) NonClass: 11224K(11392K)->11224K(11392K) Class: 1301K(1536K)->1301K(1536K)
[12.538s][info   ][gc          ] GC(26) Pause Young (Normal) (G1 Evacuation Pause) 2848M->1806M(6144M) 128.430ms
[13.459s][info   ][gc,metaspace] GC(27) Metaspace: 12525K(12928K)->12525K(12928K) NonClass: 11224K(11392K)->11224K(11392K) Class: 1301K(1536K)->1301K(1536K)
[13.459s][info   ][gc          ] GC(27) Pause Young (Normal) (G1 Evacuation Pause) 3006M->1920M(6144M) 133.407ms
67108864 Objects created
 - IK: 55699211 (82.99829%)
 - OAK: 3355627 (5.0002737%)
 - TAK: 8054026 (12.001434%)
Preparatory GC...
[14.940s][info   ][gc,metaspace] GC(28) Metaspace: 12525K(12928K)->12525K(12928K) NonClass: 11224K(11392K)->11224K(11392K) Class: 1301K(1536K)->1301K(1536K)
[14.940s][info   ][gc          ] GC(28) Pause Full (System.gc()) 2290M->1847M(6144M) 1253.142ms
[16.058s][info   ][gc,metaspace] GC(29) Metaspace: 12525K(12928K)->12525K(12928K) NonClass: 11224K(11392K)->11224K(11392K) Class: 1301K(1536K)->1301K(1536K)
[16.058s][info   ][gc          ] GC(29) Pause Full (System.gc()) 1847M->1847M(6144M) 1117.801ms
Done; will start GCs... 
[17.179s][info   ][gc,metaspace] GC(30) Metaspace: 12525K(12928K)->12525K(12928K) NonClass: 11224K(11392K)->11224K(11392K) Class: 1301K(1536K)->1301K(1536K)
[17.179s][info   ][gc          ] GC(30) Pause Full (System.gc()) 1849M->1847M(6144M) 1120.520ms
[18.296s][info   ][gc,metaspace] GC(31) Metaspace: 12525K(12928K)->12525K(12928K) NonClass: 11224K(11392K)->11224K(11392K) Class: 1301K(1536K)->1301K(1536K)
[18.296s][info   ][gc          ] GC(31) Pause Full (System.gc()) 1847M->1847M(6144M) 1115.671ms
[19.411s][info   ][gc,metaspace] GC(32) Metaspace: 12525K(12928K)->12525K(12928K) NonClass: 11224K(11392K)->11224K(11392K) Class: 1301K(1536K)->1301K(1536K)
[19.411s][info   ][gc          ] GC(32) Pause Full (System.gc()) 1847M->1847M(6144M) 1115.120ms
[20.530s][info   ][gc,metaspace] GC(33) Metaspace: 12525K(12928K)->12525K(12928K) NonClass: 11224K(11392K)->11224K(11392K) Class: 1301K(1536K)->1301K(1536K)
[20.530s][info   ][gc          ] GC(33) Pause Full (System.gc()) 1847M->1847M(6144M) 1118.876ms
[21.646s][info   ][gc,metaspace] GC(34) Metaspace: 12525K(12928K)->12525K(12928K) NonClass: 11224K(11392K)->11224K(11392K) Class: 1301K(1536K)->1301K(1536K)
[21.646s][info   ][gc          ] GC(34) Pause Full (System.gc()) 1847M->1847M(6144M) 1116.607ms
[22.771s][info   ][gc,metaspace] GC(35) Metaspace: 12525K(12928K)->12525K(12928K) NonClass: 11224K(11392K)->11224K(11392K) Class: 1301K(1536K)->1301K(1536K)
[22.771s][info   ][gc          ] GC(35) Pause Full (System.gc()) 1847M->1847M(6144M) 1124.216ms
[23.909s][info   ][gc,metaspace] GC(36) Metaspace: 12525K(12928K)->12525K(12928K) NonClass: 11224K(11392K)->11224K(11392K) Class: 1301K(1536K)->1301K(1536K)
[23.909s][info   ][gc          ] GC(36) Pause Full (System.gc()) 1847M->1847M(6144M) 1138.383ms
[25.025s][info   ][gc,metaspace] GC(37) Metaspace: 12525K(12928K)->12525K(12928K) NonClass: 11224K(11392K)->11224K(11392K) Class: 1301K(1536K)->1301K(1536K)
[25.025s][info   ][gc          ] GC(37) Pause Full (System.gc()) 1847M->1847M(6144M) 1115.547ms
[26.142s][info   ][gc,metaspace] GC(38) Metaspace: 12525K(12928K)->12525K(12928K) NonClass: 11224K(11392K)->11224K(11392K) Class: 1301K(1536K)->1301K(1536K)
[26.142s][info   ][gc          ] GC(38) Pause Full (System.gc()) 1847M->1847M(6144M) 1117.053ms
[27.259s][info   ][gc,metaspace] GC(39) Metaspace: 12525K(12928K)->12525K(12928K) NonClass: 11224K(11392K)->11224K(11392K) Class: 1301K(1536K)->1301K(1536K)
[27.259s][info   ][gc          ] GC(39) Pause Full (System.gc()) 1847M->1847M(6144M) 1116.632ms
[28.381s][info   ][gc,metaspace] GC(40) Metaspace: 12525K(12928K)->12525K(12928K) NonClass: 11224K(11392K)->11224K(11392K) Class: 1301K(1536K)->1301K(1536K)
[28.381s][info   ][gc          ] GC(40) Pause Full (System.gc()) 1847M->1847M(6144M) 1122.250ms
[29.499s][info   ][gc,metaspace] GC(41) Metaspace: 12525K(12928K)->12525K(12928K) NonClass: 11224K(11392K)->11224K(11392K) Class: 1301K(1536K)->1301K(1536K)
[29.499s][info   ][gc          ] GC(41) Pause Full (System.gc()) 1847M->1847M(6144M) 1117.045ms
[30.616s][info   ][gc,metaspace] GC(42) Metaspace: 12525K(12928K)->12525K(12928K) NonClass: 11224K(11392K)->11224K(11392K) Class: 1301K(1536K)->1301K(1536K)
[30.616s][info   ][gc          ] GC(42) Pause Full (System.gc()) 1847M->1847M(6144M) 1117.490ms
[31.728s][info   ][gc,metaspace] GC(43) Metaspace: 12525K(12928K)->12525K(12928K) NonClass: 11224K(11392K)->11224K(11392K) Class: 1301K(1536K)->1301K(1536K)
[31.728s][info   ][gc          ] GC(43) Pause Full (System.gc()) 1847M->1847M(6144M) 1111.401ms
[32.869s][info   ][gc,metaspace] GC(44) Metaspace: 12525K(12928K)->12525K(12928K) NonClass: 11224K(11392K)->11224K(11392K) Class: 1301K(1536K)->1301K(1536K)
[32.869s][info   ][gc          ] GC(44) Pause Full (System.gc()) 1847M->1847M(6144M) 1141.060ms
[33.984s][info   ][gc,metaspace] GC(45) Metaspace: 12525K(12928K)->12525K(12928K) NonClass: 11224K(11392K)->11224K(11392K) Class: 1301K(1536K)->1301K(1536K)
[33.984s][info   ][gc          ] GC(45) Pause Full (System.gc()) 1847M->1847M(6144M) 1114.603ms
[35.103s][info   ][gc,metaspace] GC(46) Metaspace: 12525K(12928K)->12525K(12928K) NonClass: 11224K(11392K)->11224K(11392K) Class: 1301K(1536K)->1301K(1536K)
[35.103s][info   ][gc          ] GC(46) Pause Full (System.gc()) 1847M->1847M(6144M) 1119.080ms
[36.220s][info   ][gc,metaspace] GC(47) Metaspace: 12525K(12928K)->12525K(12928K) NonClass: 11224K(11392K)->11224K(11392K) Class: 1301K(1536K)->1301K(1536K)
[36.220s][info   ][gc          ] GC(47) Pause Full (System.gc()) 1847M->1847M(6144M) 1117.386ms
[37.343s][info   ][gc,metaspace] GC(48) Metaspace: 12525K(12928K)->12525K(12928K) NonClass: 11224K(11392K)->11224K(11392K) Class: 1301K(1536K)->1301K(1536K)
[37.343s][info   ][gc          ] GC(48) Pause Full (System.gc()) 1847M->1847M(6144M) 1122.282ms
[38.464s][info   ][gc,metaspace] GC(49) Metaspace: 12525K(12928K)->12525K(12928K) NonClass: 11224K(11392K)->11224K(11392K) Class: 1301K(1536K)->1301K(1536K)
[38.464s][info   ][gc          ] GC(49) Pause Full (System.gc()) 1847M->1847M(6144M) 1121.139ms
[39.586s][info   ][gc,metaspace] GC(50) Metaspace: 12525K(12928K)->12525K(12928K) NonClass: 11224K(11392K)->11224K(11392K) Class: 1301K(1536K)->1301K(1536K)
[39.586s][info   ][gc          ] GC(50) Pause Full (System.gc()) 1847M->1847M(6144M) 1121.941ms
[40.704s][info   ][gc,metaspace] GC(51) Metaspace: 12525K(12928K)->12525K(12928K) NonClass: 11224K(11392K)->11224K(11392K) Class: 1301K(1536K)->1301K(1536K)
[40.704s][info   ][gc          ] GC(51) Pause Full (System.gc()) 1847M->1847M(6144M) 1116.901ms
[41.849s][info   ][gc,metaspace] GC(52) Metaspace: 12525K(12928K)->12525K(12928K) NonClass: 11224K(11392K)->11224K(11392K) Class: 1301K(1536K)->1301K(1536K)
[41.849s][info   ][gc          ] GC(52) Pause Full (System.gc()) 1847M->1847M(6144M) 1145.286ms
[42.970s][info   ][gc,metaspace] GC(53) Metaspace: 12525K(12928K)->12525K(12928K) NonClass: 11224K(11392K)->11224K(11392K) Class: 1301K(1536K)->1301K(1536K)
[42.970s][info   ][gc          ] GC(53) Pause Full (System.gc()) 1847M->1847M(6144M) 1120.653ms
[44.089s][info   ][gc,metaspace] GC(54) Metaspace: 12525K(12928K)->12525K(12928K) NonClass: 11224K(11392K)->11224K(11392K) Class: 1301K(1536K)->1301K(1536K)
[44.089s][info   ][gc          ] GC(54) Pause Full (System.gc()) 1847M->1847M(6144M) 1119.577ms
[45.204s][info   ][gc,metaspace] GC(55) Metaspace: 12525K(12928K)->12525K(12928K) NonClass: 11224K(11392K)->11224K(11392K) Class: 1301K(1536K)->1301K(1536K)
[45.204s][info   ][gc          ] GC(55) Pause Full (System.gc()) 1847M->1847M(6144M) 1114.206ms
[46.322s][info   ][gc,metaspace] GC(56) Metaspace: 12525K(12928K)->12525K(12928K) NonClass: 11224K(11392K)->11224K(11392K) Class: 1301K(1536K)->1301K(1536K)
[46.322s][info   ][gc          ] GC(56) Pause Full (System.gc()) 1847M->1847M(6144M) 1117.971ms
[47.440s][info   ][gc,metaspace] GC(57) Metaspace: 12525K(12928K)->12525K(12928K) NonClass: 11224K(11392K)->11224K(11392K) Class: 1301K(1536K)->1301K(1536K)
[47.440s][info   ][gc          ] GC(57) Pause Full (System.gc()) 1847M->1847M(6144M) 1117.816ms
[48.561s][info   ][gc,metaspace] GC(58) Metaspace: 12525K(12928K)->12525K(12928K) NonClass: 11224K(11392K)->11224K(11392K) Class: 1301K(1536K)->1301K(1536K)
[48.561s][info   ][gc          ] GC(58) Pause Full (System.gc()) 1847M->1847M(6144M) 1120.184ms
[49.677s][info   ][gc,metaspace] GC(59) Metaspace: 12525K(12928K)->12525K(12928K) NonClass: 11224K(11392K)->11224K(11392K) Class: 1301K(1536K)->1301K(1536K)
[49.677s][info   ][gc          ] GC(59) Pause Full (System.gc()) 1847M->1847M(6144M) 1116.680ms
[50.791s][info   ][gc,metaspace] GC(60) Metaspace: 12525K(12928K)->12525K(12928K) NonClass: 11224K(11392K)->11224K(11392K) Class: 1301K(1536K)->1301K(1536K)
[50.791s][info   ][gc          ] GC(60) Pause Full (System.gc()) 1847M->1847M(6144M) 1113.897ms
[51.936s][info   ][gc,metaspace] GC(61) Metaspace: 12525K(12928K)->12525K(12928K) NonClass: 11224K(11392K)->11224K(11392K) Class: 1301K(1536K)->1301K(1536K)
[51.936s][info   ][gc          ] GC(61) Pause Full (System.gc()) 1847M->1847M(6144M) 1144.415ms
[53.055s][info   ][gc,metaspace] GC(62) Metaspace: 12525K(12928K)->12525K(12928K) NonClass: 11224K(11392K)->11224K(11392K) Class: 1301K(1536K)->1301K(1536K)
[53.055s][info   ][gc          ] GC(62) Pause Full (System.gc()) 1847M->1847M(6144M) 1118.775ms
[54.172s][info   ][gc,metaspace] GC(63) Metaspace: 12525K(12928K)->12525K(12928K) NonClass: 11224K(11392K)->11224K(11392K) Class: 1301K(1536K)->1301K(1536K)
[54.172s][info   ][gc          ] GC(63) Pause Full (System.gc()) 1847M->1847M(6144M) 1117.185ms
[55.290s][info   ][gc,metaspace] GC(64) Metaspace: 12525K(12928K)->12525K(12928K) NonClass: 11224K(11392K)->11224K(11392K) Class: 1301K(1536K)->1301K(1536K)
[55.290s][info   ][gc          ] GC(64) Pause Full (System.gc()) 1847M->1847M(6144M) 1118.131ms
[56.409s][info   ][gc,metaspace] GC(65) Metaspace: 12525K(12928K)->12525K(12928K) NonClass: 11224K(11392K)->11224K(11392K) Class: 1301K(1536K)->1301K(1536K)
[56.409s][info   ][gc          ] GC(65) Pause Full (System.gc()) 1847M->1847M(6144M) 1118.878ms
[57.527s][info   ][gc,metaspace] GC(66) Metaspace: 12525K(12928K)->12525K(12928K) NonClass: 11224K(11392K)->11224K(11392K) Class: 1301K(1536K)->1301K(1536K)
[57.527s][info   ][gc          ] GC(66) Pause Full (System.gc()) 1847M->1847M(6144M) 1117.088ms
[58.646s][info   ][gc,metaspace] GC(67) Metaspace: 12525K(12928K)->12525K(12928K) NonClass: 11224K(11392K)->11224K(11392K) Class: 1301K(1536K)->1301K(1536K)
[58.647s][info   ][gc          ] GC(67) Pause Full (System.gc()) 1847M->1847M(6144M) 1119.480ms
[59.767s][info   ][gc,metaspace] GC(68) Metaspace: 12525K(12928K)->12525K(12928K) NonClass: 11224K(11392K)->11224K(11392K) Class: 1301K(1536K)->1301K(1536K)
[59.767s][info   ][gc          ] GC(68) Pause Full (System.gc()) 1847M->1847M(6144M) 1120.073ms
[60.907s][info   ][gc,metaspace] GC(69) Metaspace: 12525K(12928K)->12525K(12928K) NonClass: 11224K(11392K)->11224K(11392K) Class: 1301K(1536K)->1301K(1536K)
[60.907s][info   ][gc          ] GC(69) Pause Full (System.gc()) 1847M->1847M(6144M) 1140.217ms
[62.025s][info   ][gc,metaspace] GC(70) Metaspace: 12525K(12928K)->12525K(12928K) NonClass: 11224K(11392K)->11224K(11392K) Class: 1301K(1536K)->1301K(1536K)
[62.025s][info   ][gc          ] GC(70) Pause Full (System.gc()) 1847M->1847M(6144M) 1117.993ms
[63.146s][info   ][gc,metaspace] GC(71) Metaspace: 12525K(12928K)->12525K(12928K) NonClass: 11224K(11392K)->11224K(11392K) Class: 1301K(1536K)->1301K(1536K)
[63.146s][info   ][gc          ] GC(71) Pause Full (System.gc()) 1847M->1847M(6144M) 1120.952ms
[64.273s][info   ][gc,metaspace] GC(72) Metaspace: 12525K(12928K)->12525K(12928K) NonClass: 11224K(11392K)->11224K(11392K) Class: 1301K(1536K)->1301K(1536K)
[64.273s][info   ][gc          ] GC(72) Pause Full (System.gc()) 1847M->1847M(6144M) 1126.698ms
[65.387s][info   ][gc,metaspace] GC(73) Metaspace: 12525K(12928K)->12525K(12928K) NonClass: 11224K(11392K)->11224K(11392K) Class: 1301K(1536K)->1301K(1536K)
[65.387s][info   ][gc          ] GC(73) Pause Full (System.gc()) 1847M->1847M(6144M) 1113.919ms
[66.506s][info   ][gc,metaspace] GC(74) Metaspace: 12525K(12928K)->12525K(12928K) NonClass: 11224K(11392K)->11224K(11392K) Class: 1301K(1536K)->1301K(1536K)
[66.506s][info   ][gc          ] GC(74) Pause Full (System.gc()) 1847M->1847M(6144M) 1118.886ms
[67.618s][info   ][gc,metaspace] GC(75) Metaspace: 12525K(12928K)->12525K(12928K) NonClass: 11224K(11392K)->11224K(11392K) Class: 1301K(1536K)->1301K(1536K)
[67.618s][info   ][gc          ] GC(75) Pause Full (System.gc()) 1847M->1847M(6144M) 1111.724ms
[68.739s][info   ][gc,metaspace] GC(76) Metaspace: 12525K(12928K)->12525K(12928K) NonClass: 11224K(11392K)->11224K(11392K) Class: 1301K(1536K)->1301K(1536K)
[68.739s][info   ][gc          ] GC(76) Pause Full (System.gc()) 1847M->1847M(6144M) 1121.446ms
[69.882s][info   ][gc,metaspace] GC(77) Metaspace: 12525K(12928K)->12525K(12928K) NonClass: 11224K(11392K)->11224K(11392K) Class: 1301K(1536K)->1301K(1536K)
[69.882s][info   ][gc          ] GC(77) Pause Full (System.gc()) 1847M->1847M(6144M) 1142.804ms
[71.001s][info   ][gc,metaspace] GC(78) Metaspace: 12525K(12928K)->12525K(12928K) NonClass: 11224K(11392K)->11224K(11392K) Class: 1301K(1536K)->1301K(1536K)
[71.001s][info   ][gc          ] GC(78) Pause Full (System.gc()) 1847M->1847M(6144M) 1118.493ms
[72.113s][info   ][gc,metaspace] GC(79) Metaspace: 12525K(12928K)->12525K(12928K) NonClass: 11224K(11392K)->11224K(11392K) Class: 1301K(1536K)->1301K(1536K)
[72.113s][info   ][gc          ] GC(79) Pause Full (System.gc()) 1847M->1847M(6144M) 1112.123ms
After GCs... 
