Done; will start GCs... 
[16.925s][info][gc,metaspace] GC(17) Metaspace: 16380K(17472K)->16380K(17472K) NonClass: 14222K(14720K)->14222K(14720K) Class: 2158K(2752K)->2158K(2752K)
[16.925s][info][gc          ] GC(17) Pause Full (System.gc()) 1812M->1793M(5626M) 666.730ms
[17.545s][info][gc,metaspace] GC(18) Metaspace: 16380K(17472K)->16380K(17472K) NonClass: 14222K(14720K)->14222K(14720K) Class: 2158K(2752K)->2158K(2752K)
[17.545s][info][gc          ] GC(18) Pause Full (System.gc()) 1793M->1793M(5626M) 620.218ms
[18.192s][info][gc,metaspace] GC(19) Metaspace: 16380K(17472K)->16380K(17472K) NonClass: 14222K(14720K)->14222K(14720K) Class: 2158K(2752K)->2158K(2752K)
[18.192s][info][gc          ] GC(19) Pause Full (System.gc()) 1793M->1793M(5626M) 646.960ms
[18.860s][info][gc,metaspace] GC(20) Metaspace: 16380K(17472K)->16380K(17472K) NonClass: 14222K(14720K)->14222K(14720K) Class: 2158K(2752K)->2158K(2752K)
[18.860s][info][gc          ] GC(20) Pause Full (System.gc()) 1793M->1793M(5626M) 667.379ms
[19.487s][info][gc,metaspace] GC(21) Metaspace: 16380K(17472K)->16380K(17472K) NonClass: 14222K(14720K)->14222K(14720K) Class: 2158K(2752K)->2158K(2752K)
[19.487s][info][gc          ] GC(21) Pause Full (System.gc()) 1793M->1793M(5626M) 623.050ms
[20.125s][info][gc,metaspace] GC(22) Metaspace: 16380K(17472K)->16380K(17472K) NonClass: 14222K(14720K)->14222K(14720K) Class: 2158K(2752K)->2158K(2752K)
[20.125s][info][gc          ] GC(22) Pause Full (System.gc()) 1793M->1793M(5626M) 637.653ms
[20.734s][info][gc,metaspace] GC(23) Metaspace: 16380K(17472K)->16380K(17472K) NonClass: 14222K(14720K)->14222K(14720K) Class: 2158K(2752K)->2158K(2752K)
[20.734s][info][gc          ] GC(23) Pause Full (System.gc()) 1793M->1793M(5626M) 608.376ms
[21.391s][info][gc,metaspace] GC(24) Metaspace: 16380K(17472K)->16380K(17472K) NonClass: 14222K(14720K)->14222K(14720K) Class: 2158K(2752K)->2158K(2752K)
[21.392s][info][gc          ] GC(24) Pause Full (System.gc()) 1793M->1793M(5626M) 657.868ms
[22.150s][info][gc,metaspace] GC(25) Metaspace: 16380K(17472K)->16380K(17472K) NonClass: 14222K(14720K)->14222K(14720K) Class: 2158K(2752K)->2158K(2752K)
[22.150s][info][gc          ] GC(25) Pause Full (System.gc()) 1793M->1793M(5626M) 758.281ms
[22.766s][info][gc,metaspace] GC(26) Metaspace: 16380K(17472K)->16380K(17472K) NonClass: 14222K(14720K)->14222K(14720K) Class: 2158K(2752K)->2158K(2752K)
[22.766s][info][gc          ] GC(26) Pause Full (System.gc()) 1793M->1793M(5626M) 616.234ms
After GCs... 
