Done; will start GCs... 
[17.327s][info][gc,metaspace] GC(16) Metaspace: 16500K(17664K)->16500K(17664K) NonClass: 13156K(13696K)->13156K(13696K) Class: 3343K(3968K)->3343K(3968K)
[17.327s][info][gc          ] GC(16) Pause Full (System.gc()) 1593M->1573M(5632M) 647.797ms
[17.955s][info][gc,metaspace] GC(17) Metaspace: 16500K(17664K)->16500K(17664K) NonClass: 13156K(13696K)->13156K(13696K) Class: 3343K(3968K)->3343K(3968K)
[17.955s][info][gc          ] GC(17) Pause Full (System.gc()) 1573M->1573M(5632M) 627.347ms
[18.605s][info][gc,metaspace] GC(18) Metaspace: 16500K(17664K)->16500K(17664K) NonClass: 13156K(13696K)->13156K(13696K) Class: 3343K(3968K)->3343K(3968K)
[18.605s][info][gc          ] GC(18) Pause Full (System.gc()) 1573M->1573M(5632M) 645.764ms
[19.320s][info][gc,metaspace] GC(19) Metaspace: 16500K(17664K)->16500K(17664K) NonClass: 13156K(13696K)->13156K(13696K) Class: 3343K(3968K)->3343K(3968K)
[19.320s][info][gc          ] GC(19) Pause Full (System.gc()) 1573M->1573M(5632M) 714.881ms
[19.962s][info][gc,metaspace] GC(20) Metaspace: 16500K(17664K)->16500K(17664K) NonClass: 13156K(13696K)->13156K(13696K) Class: 3343K(3968K)->3343K(3968K)
[19.962s][info][gc          ] GC(20) Pause Full (System.gc()) 1573M->1573M(5632M) 641.777ms
[20.597s][info][gc,metaspace] GC(21) Metaspace: 16500K(17664K)->16500K(17664K) NonClass: 13156K(13696K)->13156K(13696K) Class: 3343K(3968K)->3343K(3968K)
[20.597s][info][gc          ] GC(21) Pause Full (System.gc()) 1573M->1573M(5632M) 634.890ms
[21.316s][info][gc,metaspace] GC(22) Metaspace: 16500K(17664K)->16500K(17664K) NonClass: 13156K(13696K)->13156K(13696K) Class: 3343K(3968K)->3343K(3968K)
[21.316s][info][gc          ] GC(22) Pause Full (System.gc()) 1573M->1573M(5632M) 719.433ms
[21.950s][info][gc,metaspace] GC(23) Metaspace: 16500K(17664K)->16500K(17664K) NonClass: 13156K(13696K)->13156K(13696K) Class: 3343K(3968K)->3343K(3968K)
[21.950s][info][gc          ] GC(23) Pause Full (System.gc()) 1573M->1573M(5632M) 633.729ms
[22.595s][info][gc,metaspace] GC(24) Metaspace: 16500K(17664K)->16500K(17664K) NonClass: 13156K(13696K)->13156K(13696K) Class: 3343K(3968K)->3343K(3968K)
[22.596s][info][gc          ] GC(24) Pause Full (System.gc()) 1573M->1573M(5632M) 645.365ms
[23.259s][info][gc,metaspace] GC(25) Metaspace: 16500K(17664K)->16500K(17664K) NonClass: 13156K(13696K)->13156K(13696K) Class: 3343K(3968K)->3343K(3968K)
[23.259s][info][gc          ] GC(25) Pause Full (System.gc()) 1573M->1573M(5632M) 663.354ms
After GCs... 
