Done; will start GCs... 
[17.121s][info][gc,metaspace] GC(16) Metaspace: 16496K(17664K)->16496K(17664K) NonClass: 13152K(13696K)->13152K(13696K) Class: 3343K(3968K)->3343K(3968K)
[17.121s][info][gc          ] GC(16) Pause Full (System.gc()) 1593M->1573M(5632M) 785.539ms
[17.852s][info][gc,metaspace] GC(17) Metaspace: 16496K(17664K)->16496K(17664K) NonClass: 13152K(13696K)->13152K(13696K) Class: 3343K(3968K)->3343K(3968K)
[17.852s][info][gc          ] GC(17) Pause Full (System.gc()) 1573M->1573M(5632M) 731.264ms
[18.570s][info][gc,metaspace] GC(18) Metaspace: 16496K(17664K)->16496K(17664K) NonClass: 13152K(13696K)->13152K(13696K) Class: 3343K(3968K)->3343K(3968K)
[18.570s][info][gc          ] GC(18) Pause Full (System.gc()) 1573M->1573M(5632M) 718.140ms
[19.291s][info][gc,metaspace] GC(19) Metaspace: 16496K(17664K)->16496K(17664K) NonClass: 13152K(13696K)->13152K(13696K) Class: 3343K(3968K)->3343K(3968K)
[19.291s][info][gc          ] GC(19) Pause Full (System.gc()) 1573M->1573M(5632M) 720.985ms
[20.094s][info][gc,metaspace] GC(20) Metaspace: 16496K(17664K)->16496K(17664K) NonClass: 13152K(13696K)->13152K(13696K) Class: 3343K(3968K)->3343K(3968K)
[20.094s][info][gc          ] GC(20) Pause Full (System.gc()) 1573M->1573M(5632M) 802.963ms
[20.853s][info][gc,metaspace] GC(21) Metaspace: 16496K(17664K)->16496K(17664K) NonClass: 13152K(13696K)->13152K(13696K) Class: 3343K(3968K)->3343K(3968K)
[20.853s][info][gc          ] GC(21) Pause Full (System.gc()) 1573M->1573M(5632M) 758.405ms
[21.559s][info][gc,metaspace] GC(22) Metaspace: 16496K(17664K)->16496K(17664K) NonClass: 13152K(13696K)->13152K(13696K) Class: 3343K(3968K)->3343K(3968K)
[21.559s][info][gc          ] GC(22) Pause Full (System.gc()) 1573M->1573M(5632M) 701.865ms
[22.272s][info][gc,metaspace] GC(23) Metaspace: 16496K(17664K)->16496K(17664K) NonClass: 13152K(13696K)->13152K(13696K) Class: 3343K(3968K)->3343K(3968K)
[22.272s][info][gc          ] GC(23) Pause Full (System.gc()) 1573M->1573M(5632M) 712.606ms
[23.010s][info][gc,metaspace] GC(24) Metaspace: 16496K(17664K)->16496K(17664K) NonClass: 13152K(13696K)->13152K(13696K) Class: 3343K(3968K)->3343K(3968K)
[23.010s][info][gc          ] GC(24) Pause Full (System.gc()) 1573M->1573M(5632M) 737.596ms
[23.749s][info][gc,metaspace] GC(25) Metaspace: 16496K(17664K)->16496K(17664K) NonClass: 13152K(13696K)->13152K(13696K) Class: 3343K(3968K)->3343K(3968K)
[23.749s][info][gc          ] GC(25) Pause Full (System.gc()) 1573M->1573M(5632M) 739.692ms
After GCs... 
