Done; will start GCs... 
[29.741s][info   ][gc          ] GC(10) Major Collection (System.gc())
[29.748s][info   ][gc,metaspace] GC(10) Y: Metaspace: 11M used, 11M committed, 3136M reserved
[29.754s][info   ][gc,metaspace] GC(10) Y: Metaspace: 11M used, 11M committed, 3136M reserved
[31.929s][info   ][gc,metaspace] GC(10) O: Metaspace: 11M used, 11M committed, 3136M reserved
[31.929s][info   ][gc          ] GC(10) Major Collection (System.gc()) 2190M(36%)->2188M(36%) 2.189s
[31.929s][info   ][gc          ] GC(11) Major Collection (System.gc())
[31.935s][info   ][gc,metaspace] GC(11) Y: Metaspace: 11M used, 11M committed, 3136M reserved
[31.941s][info   ][gc,metaspace] GC(11) Y: Metaspace: 11M used, 11M committed, 3136M reserved
[34.156s][info   ][gc,metaspace] GC(11) O: Metaspace: 11M used, 11M committed, 3136M reserved
[34.156s][info   ][gc          ] GC(11) Major Collection (System.gc()) 2188M(36%)->2188M(36%) 2.227s
[34.156s][info   ][gc          ] GC(12) Major Collection (System.gc())
[34.163s][info   ][gc,metaspace] GC(12) Y: Metaspace: 11M used, 11M committed, 3136M reserved
[34.169s][info   ][gc,metaspace] GC(12) Y: Metaspace: 11M used, 11M committed, 3136M reserved
[36.692s][info   ][gc,metaspace] GC(12) O: Metaspace: 11M used, 11M committed, 3136M reserved
[36.692s][info   ][gc          ] GC(12) Major Collection (System.gc()) 2188M(36%)->2188M(36%) 2.536s
[36.692s][info   ][gc          ] GC(13) Major Collection (System.gc())
[36.698s][info   ][gc,metaspace] GC(13) Y: Metaspace: 11M used, 11M committed, 3136M reserved
[36.704s][info   ][gc,metaspace] GC(13) Y: Metaspace: 11M used, 11M committed, 3136M reserved
[38.964s][info   ][gc,metaspace] GC(13) O: Metaspace: 11M used, 11M committed, 3136M reserved
[38.965s][info   ][gc          ] GC(13) Major Collection (System.gc()) 2188M(36%)->2188M(36%) 2.272s
[38.965s][info   ][gc          ] GC(14) Major Collection (System.gc())
[38.971s][info   ][gc,metaspace] GC(14) Y: Metaspace: 11M used, 11M committed, 3136M reserved
[38.977s][info   ][gc,metaspace] GC(14) Y: Metaspace: 11M used, 11M committed, 3136M reserved
[41.122s][info   ][gc,metaspace] GC(14) O: Metaspace: 11M used, 11M committed, 3136M reserved
[41.122s][info   ][gc          ] GC(14) Major Collection (System.gc()) 2188M(36%)->2188M(36%) 2.158s
[41.122s][info   ][gc          ] GC(15) Major Collection (System.gc())
[41.128s][info   ][gc,metaspace] GC(15) Y: Metaspace: 11M used, 11M committed, 3136M reserved
[41.134s][info   ][gc,metaspace] GC(15) Y: Metaspace: 11M used, 11M committed, 3136M reserved
[43.664s][info   ][gc,metaspace] GC(15) O: Metaspace: 11M used, 11M committed, 3136M reserved
[43.664s][info   ][gc          ] GC(15) Major Collection (System.gc()) 2188M(36%)->2188M(36%) 2.542s
[43.664s][info   ][gc          ] GC(16) Major Collection (System.gc())
[43.670s][info   ][gc,metaspace] GC(16) Y: Metaspace: 11M used, 11M committed, 3136M reserved
[43.676s][info   ][gc,metaspace] GC(16) Y: Metaspace: 11M used, 11M committed, 3136M reserved
[45.930s][info   ][gc,metaspace] GC(16) O: Metaspace: 11M used, 11M committed, 3136M reserved
[45.930s][info   ][gc          ] GC(16) Major Collection (System.gc()) 2188M(36%)->2188M(36%) 2.266s
[45.930s][info   ][gc          ] GC(17) Major Collection (System.gc())
[45.936s][info   ][gc,metaspace] GC(17) Y: Metaspace: 11M used, 11M committed, 3136M reserved
[45.942s][info   ][gc,metaspace] GC(17) Y: Metaspace: 11M used, 11M committed, 3136M reserved
[48.102s][info   ][gc,metaspace] GC(17) O: Metaspace: 11M used, 11M committed, 3136M reserved
[48.102s][info   ][gc          ] GC(17) Major Collection (System.gc()) 2188M(36%)->2188M(36%) 2.172s
[48.102s][info   ][gc          ] GC(18) Major Collection (System.gc())
[48.108s][info   ][gc,metaspace] GC(18) Y: Metaspace: 11M used, 11M committed, 3136M reserved
[48.113s][info   ][gc,metaspace] GC(18) Y: Metaspace: 11M used, 11M committed, 3136M reserved
[50.655s][info   ][gc,metaspace] GC(18) O: Metaspace: 11M used, 11M committed, 3136M reserved
[50.656s][info   ][gc          ] GC(18) Major Collection (System.gc()) 2188M(36%)->2188M(36%) 2.554s
[50.656s][info   ][gc          ] GC(19) Major Collection (System.gc())
[50.662s][info   ][gc,metaspace] GC(19) Y: Metaspace: 11M used, 11M committed, 3136M reserved
[50.668s][info   ][gc,metaspace] GC(19) Y: Metaspace: 11M used, 11M committed, 3136M reserved
[52.921s][info   ][gc,metaspace] GC(19) O: Metaspace: 11M used, 11M committed, 3136M reserved
[52.921s][info   ][gc          ] GC(19) Major Collection (System.gc()) 2188M(36%)->2188M(36%) 2.266s
[52.922s][info   ][gc          ] GC(20) Major Collection (System.gc())
[52.927s][info   ][gc,metaspace] GC(20) Y: Metaspace: 11M used, 11M committed, 3136M reserved
[52.933s][info   ][gc,metaspace] GC(20) Y: Metaspace: 11M used, 11M committed, 3136M reserved
[55.134s][info   ][gc,metaspace] GC(20) O: Metaspace: 11M used, 11M committed, 3136M reserved
[55.134s][info   ][gc          ] GC(20) Major Collection (System.gc()) 2188M(36%)->2188M(36%) 2.212s
[55.134s][info   ][gc          ] GC(21) Major Collection (System.gc())
[55.140s][info   ][gc,metaspace] GC(21) Y: Metaspace: 11M used, 11M committed, 3136M reserved
[55.146s][info   ][gc,metaspace] GC(21) Y: Metaspace: 11M used, 11M committed, 3136M reserved
[57.658s][info   ][gc,metaspace] GC(21) O: Metaspace: 11M used, 11M committed, 3136M reserved
[57.658s][info   ][gc          ] GC(21) Major Collection (System.gc()) 2188M(36%)->2188M(36%) 2.525s
[57.659s][info   ][gc          ] GC(22) Major Collection (System.gc())
[57.665s][info   ][gc,metaspace] GC(22) Y: Metaspace: 11M used, 11M committed, 3136M reserved
[57.671s][info   ][gc,metaspace] GC(22) Y: Metaspace: 11M used, 11M committed, 3136M reserved
[59.936s][info   ][gc,metaspace] GC(22) O: Metaspace: 11M used, 11M committed, 3136M reserved
[59.936s][info   ][gc          ] GC(22) Major Collection (System.gc()) 2188M(36%)->2188M(36%) 2.277s
[59.936s][info   ][gc          ] GC(23) Major Collection (System.gc())
[59.942s][info   ][gc,metaspace] GC(23) Y: Metaspace: 11M used, 11M committed, 3136M reserved
[59.947s][info   ][gc,metaspace] GC(23) Y: Metaspace: 11M used, 11M committed, 3136M reserved
[62.119s][info   ][gc,metaspace] GC(23) O: Metaspace: 11M used, 11M committed, 3136M reserved
[62.119s][info   ][gc          ] GC(23) Major Collection (System.gc()) 2188M(36%)->2188M(36%) 2.183s
[62.119s][info   ][gc          ] GC(24) Major Collection (System.gc())
[62.125s][info   ][gc,metaspace] GC(24) Y: Metaspace: 11M used, 11M committed, 3136M reserved
[62.131s][info   ][gc,metaspace] GC(24) Y: Metaspace: 11M used, 11M committed, 3136M reserved
[64.669s][info   ][gc,metaspace] GC(24) O: Metaspace: 11M used, 11M committed, 3136M reserved
[64.669s][info   ][gc          ] GC(24) Major Collection (System.gc()) 2188M(36%)->2190M(36%) 2.550s
[64.669s][info   ][gc          ] GC(25) Major Collection (System.gc())
[64.675s][info   ][gc,metaspace] GC(25) Y: Metaspace: 11M used, 11M committed, 3136M reserved
[64.681s][info   ][gc,metaspace] GC(25) Y: Metaspace: 11M used, 11M committed, 3136M reserved
[66.966s][info   ][gc,metaspace] GC(25) O: Metaspace: 11M used, 11M committed, 3136M reserved
[66.966s][info   ][gc          ] GC(25) Major Collection (System.gc()) 2190M(36%)->2190M(36%) 2.296s
[66.966s][info   ][gc          ] GC(26) Major Collection (System.gc())
[66.972s][info   ][gc,metaspace] GC(26) Y: Metaspace: 11M used, 11M committed, 3136M reserved
[66.978s][info   ][gc,metaspace] GC(26) Y: Metaspace: 11M used, 11M committed, 3136M reserved
[69.117s][info   ][gc,metaspace] GC(26) O: Metaspace: 11M used, 11M committed, 3136M reserved
[69.117s][info   ][gc          ] GC(26) Major Collection (System.gc()) 2190M(36%)->2190M(36%) 2.151s
[69.117s][info   ][gc          ] GC(27) Major Collection (System.gc())
[69.123s][info   ][gc,metaspace] GC(27) Y: Metaspace: 11M used, 11M committed, 3136M reserved
[69.130s][info   ][gc,metaspace] GC(27) Y: Metaspace: 11M used, 11M committed, 3136M reserved
[71.639s][info   ][gc,metaspace] GC(27) O: Metaspace: 11M used, 11M committed, 3136M reserved
[71.639s][info   ][gc          ] GC(27) Major Collection (System.gc()) 2190M(36%)->2190M(36%) 2.522s
[71.639s][info   ][gc          ] GC(28) Major Collection (System.gc())
[71.645s][info   ][gc,metaspace] GC(28) Y: Metaspace: 11M used, 11M committed, 3136M reserved
[71.652s][info   ][gc,metaspace] GC(28) Y: Metaspace: 11M used, 11M committed, 3136M reserved
[73.920s][info   ][gc,metaspace] GC(28) O: Metaspace: 11M used, 11M committed, 3136M reserved
[73.920s][info   ][gc          ] GC(28) Major Collection (System.gc()) 2190M(36%)->2190M(36%) 2.281s
[73.920s][info   ][gc          ] GC(29) Major Collection (System.gc())
[73.926s][info   ][gc,metaspace] GC(29) Y: Metaspace: 11M used, 11M committed, 3136M reserved
[73.932s][info   ][gc,metaspace] GC(29) Y: Metaspace: 11M used, 11M committed, 3136M reserved
[76.134s][info   ][gc,metaspace] GC(29) O: Metaspace: 11M used, 11M committed, 3136M reserved
[76.134s][info   ][gc          ] GC(29) Major Collection (System.gc()) 2190M(36%)->2190M(36%) 2.214s
[76.134s][info   ][gc          ] GC(30) Major Collection (System.gc())
[76.140s][info   ][gc,metaspace] GC(30) Y: Metaspace: 11M used, 11M committed, 3136M reserved
[76.146s][info   ][gc,metaspace] GC(30) Y: Metaspace: 11M used, 11M committed, 3136M reserved
[78.547s][info   ][gc,metaspace] GC(30) O: Metaspace: 11M used, 11M committed, 3136M reserved
[78.547s][info   ][gc          ] GC(30) Major Collection (System.gc()) 2190M(36%)->2190M(36%) 2.413s
[78.547s][info   ][gc          ] GC(31) Major Collection (System.gc())
[78.553s][info   ][gc,metaspace] GC(31) Y: Metaspace: 11M used, 11M committed, 3136M reserved
[78.560s][info   ][gc,metaspace] GC(31) Y: Metaspace: 11M used, 11M committed, 3136M reserved
[80.869s][info   ][gc,metaspace] GC(31) O: Metaspace: 11M used, 11M committed, 3136M reserved
[80.869s][info   ][gc          ] GC(31) Major Collection (System.gc()) 2190M(36%)->2190M(36%) 2.322s
[80.869s][info   ][gc          ] GC(32) Major Collection (System.gc())
[80.875s][info   ][gc,metaspace] GC(32) Y: Metaspace: 11M used, 11M committed, 3136M reserved
[80.881s][info   ][gc,metaspace] GC(32) Y: Metaspace: 11M used, 11M committed, 3136M reserved
[83.088s][info   ][gc,metaspace] GC(32) O: Metaspace: 11M used, 11M committed, 3136M reserved
[83.088s][info   ][gc          ] GC(32) Major Collection (System.gc()) 2190M(36%)->2190M(36%) 2.219s
[83.088s][info   ][gc          ] GC(33) Major Collection (System.gc())
[83.094s][info   ][gc,metaspace] GC(33) Y: Metaspace: 11M used, 11M committed, 3136M reserved
[83.100s][info   ][gc,metaspace] GC(33) Y: Metaspace: 11M used, 11M committed, 3136M reserved
[85.655s][info   ][gc,metaspace] GC(33) O: Metaspace: 11M used, 11M committed, 3136M reserved
[85.655s][info   ][gc          ] GC(33) Major Collection (System.gc()) 2190M(36%)->2190M(36%) 2.567s
[85.655s][info   ][gc          ] GC(34) Major Collection (System.gc())
[85.662s][info   ][gc,metaspace] GC(34) Y: Metaspace: 11M used, 11M committed, 3136M reserved
[85.668s][info   ][gc,metaspace] GC(34) Y: Metaspace: 11M used, 11M committed, 3136M reserved
[87.941s][info   ][gc,metaspace] GC(34) O: Metaspace: 11M used, 11M committed, 3136M reserved
[87.941s][info   ][gc          ] GC(34) Major Collection (System.gc()) 2190M(36%)->2190M(36%) 2.285s
[87.941s][info   ][gc          ] GC(35) Major Collection (System.gc())
[87.947s][info   ][gc,metaspace] GC(35) Y: Metaspace: 11M used, 11M committed, 3136M reserved
[87.952s][info   ][gc,metaspace] GC(35) Y: Metaspace: 11M used, 11M committed, 3136M reserved
[90.099s][info   ][gc,metaspace] GC(35) O: Metaspace: 11M used, 11M committed, 3136M reserved
[90.099s][info   ][gc          ] GC(35) Major Collection (System.gc()) 2190M(36%)->2190M(36%) 2.158s
[90.099s][info   ][gc          ] GC(36) Major Collection (System.gc())
[90.105s][info   ][gc,metaspace] GC(36) Y: Metaspace: 11M used, 11M committed, 3136M reserved
[90.111s][info   ][gc,metaspace] GC(36) Y: Metaspace: 11M used, 11M committed, 3136M reserved
[92.648s][info   ][gc,metaspace] GC(36) O: Metaspace: 11M used, 11M committed, 3136M reserved
[92.648s][info   ][gc          ] GC(36) Major Collection (System.gc()) 2190M(36%)->2190M(36%) 2.549s
[92.648s][info   ][gc          ] GC(37) Major Collection (System.gc())
[92.654s][info   ][gc,metaspace] GC(37) Y: Metaspace: 11M used, 11M committed, 3136M reserved
[92.660s][info   ][gc,metaspace] GC(37) Y: Metaspace: 11M used, 11M committed, 3136M reserved
[94.887s][info   ][gc,metaspace] GC(37) O: Metaspace: 11M used, 11M committed, 3136M reserved
[94.887s][info   ][gc          ] GC(37) Major Collection (System.gc()) 2190M(36%)->2190M(36%) 2.239s
[94.887s][info   ][gc          ] GC(38) Major Collection (System.gc())
[94.893s][info   ][gc,metaspace] GC(38) Y: Metaspace: 11M used, 11M committed, 3136M reserved
[94.899s][info   ][gc,metaspace] GC(38) Y: Metaspace: 11M used, 11M committed, 3136M reserved
[97.130s][info   ][gc,metaspace] GC(38) O: Metaspace: 11M used, 11M committed, 3136M reserved
[97.130s][info   ][gc          ] GC(38) Major Collection (System.gc()) 2190M(36%)->2190M(36%) 2.243s
[97.131s][info   ][gc          ] GC(39) Major Collection (System.gc())
[97.137s][info   ][gc,metaspace] GC(39) Y: Metaspace: 11M used, 11M committed, 3136M reserved
[97.142s][info   ][gc,metaspace] GC(39) Y: Metaspace: 11M used, 11M committed, 3136M reserved
[99.562s][info   ][gc,metaspace] GC(39) O: Metaspace: 11M used, 11M committed, 3136M reserved
[99.562s][info   ][gc          ] GC(39) Major Collection (System.gc()) 2190M(36%)->2190M(36%) 2.431s
[99.562s][info   ][gc          ] GC(40) Major Collection (System.gc())
[99.569s][info   ][gc,metaspace] GC(40) Y: Metaspace: 11M used, 11M committed, 3136M reserved
[99.575s][info   ][gc,metaspace] GC(40) Y: Metaspace: 11M used, 11M committed, 3136M reserved
[101.757s][info   ][gc,metaspace] GC(40) O: Metaspace: 11M used, 11M committed, 3136M reserved
[101.757s][info   ][gc          ] GC(40) Major Collection (System.gc()) 2190M(36%)->2190M(36%) 2.195s
[101.757s][info   ][gc          ] GC(41) Major Collection (System.gc())
[101.763s][info   ][gc,metaspace] GC(41) Y: Metaspace: 11M used, 11M committed, 3136M reserved
[101.769s][info   ][gc,metaspace] GC(41) Y: Metaspace: 11M used, 11M committed, 3136M reserved
[104.051s][info   ][gc,metaspace] GC(41) O: Metaspace: 11M used, 11M committed, 3136M reserved
[104.051s][info   ][gc          ] GC(41) Major Collection (System.gc()) 2190M(36%)->2190M(36%) 2.294s
[104.051s][info   ][gc          ] GC(42) Major Collection (System.gc())
[104.057s][info   ][gc,metaspace] GC(42) Y: Metaspace: 11M used, 11M committed, 3136M reserved
[104.063s][info   ][gc,metaspace] GC(42) Y: Metaspace: 11M used, 11M committed, 3136M reserved
[106.508s][info   ][gc,metaspace] GC(42) O: Metaspace: 11M used, 11M committed, 3136M reserved
[106.508s][info   ][gc          ] GC(42) Major Collection (System.gc()) 2190M(36%)->2190M(36%) 2.457s
[106.509s][info   ][gc          ] GC(43) Major Collection (System.gc())
[106.515s][info   ][gc,metaspace] GC(43) Y: Metaspace: 11M used, 11M committed, 3136M reserved
[106.521s][info   ][gc,metaspace] GC(43) Y: Metaspace: 11M used, 11M committed, 3136M reserved
[108.834s][info   ][gc,metaspace] GC(43) O: Metaspace: 11M used, 11M committed, 3136M reserved
[108.834s][info   ][gc          ] GC(43) Major Collection (System.gc()) 2190M(36%)->2190M(36%) 2.325s
[108.834s][info   ][gc          ] GC(44) Major Collection (System.gc())
[108.840s][info   ][gc,metaspace] GC(44) Y: Metaspace: 11M used, 11M committed, 3136M reserved
[108.845s][info   ][gc,metaspace] GC(44) Y: Metaspace: 11M used, 11M committed, 3136M reserved
[111.041s][info   ][gc,metaspace] GC(44) O: Metaspace: 11M used, 11M committed, 3136M reserved
[111.041s][info   ][gc          ] GC(44) Major Collection (System.gc()) 2190M(36%)->2190M(36%) 2.207s
[111.042s][info   ][gc          ] GC(45) Major Collection (System.gc())
[111.047s][info   ][gc,metaspace] GC(45) Y: Metaspace: 11M used, 11M committed, 3136M reserved
[111.054s][info   ][gc,metaspace] GC(45) Y: Metaspace: 11M used, 11M committed, 3136M reserved
[113.617s][info   ][gc,metaspace] GC(45) O: Metaspace: 11M used, 11M committed, 3136M reserved
[113.617s][info   ][gc          ] GC(45) Major Collection (System.gc()) 2190M(36%)->2190M(36%) 2.575s
[113.617s][info   ][gc          ] GC(46) Major Collection (System.gc())
[113.624s][info   ][gc,metaspace] GC(46) Y: Metaspace: 11M used, 11M committed, 3136M reserved
[113.629s][info   ][gc,metaspace] GC(46) Y: Metaspace: 11M used, 11M committed, 3136M reserved
[115.808s][info   ][gc,metaspace] GC(46) O: Metaspace: 11M used, 11M committed, 3136M reserved
[115.808s][info   ][gc          ] GC(46) Major Collection (System.gc()) 2190M(36%)->2190M(36%) 2.191s
[115.808s][info   ][gc          ] GC(47) Major Collection (System.gc())
[115.814s][info   ][gc,metaspace] GC(47) Y: Metaspace: 11M used, 11M committed, 3136M reserved
[115.820s][info   ][gc,metaspace] GC(47) Y: Metaspace: 11M used, 11M committed, 3136M reserved
[118.077s][info   ][gc,metaspace] GC(47) O: Metaspace: 11M used, 11M committed, 3136M reserved
[118.077s][info   ][gc          ] GC(47) Major Collection (System.gc()) 2190M(36%)->2190M(36%) 2.269s
[118.077s][info   ][gc          ] GC(48) Major Collection (System.gc())
[118.083s][info   ][gc,metaspace] GC(48) Y: Metaspace: 11M used, 11M committed, 3136M reserved
[118.089s][info   ][gc,metaspace] GC(48) Y: Metaspace: 11M used, 11M committed, 3136M reserved
[120.643s][info   ][gc,metaspace] GC(48) O: Metaspace: 11M used, 11M committed, 3136M reserved
[120.643s][info   ][gc          ] GC(48) Major Collection (System.gc()) 2190M(36%)->2190M(36%) 2.566s
[120.643s][info   ][gc          ] GC(49) Major Collection (System.gc())
[120.649s][info   ][gc,metaspace] GC(49) Y: Metaspace: 11M used, 11M committed, 3136M reserved
[120.654s][info   ][gc,metaspace] GC(49) Y: Metaspace: 11M used, 11M committed, 3136M reserved
[122.875s][info   ][gc,metaspace] GC(49) O: Metaspace: 11M used, 11M committed, 3136M reserved
[122.875s][info   ][gc          ] GC(49) Major Collection (System.gc()) 2190M(36%)->2190M(36%) 2.232s
[122.875s][info   ][gc          ] GC(50) Major Collection (System.gc())
[122.881s][info   ][gc,metaspace] GC(50) Y: Metaspace: 11M used, 11M committed, 3136M reserved
[122.887s][info   ][gc,metaspace] GC(50) Y: Metaspace: 11M used, 11M committed, 3136M reserved
[125.092s][info   ][gc,metaspace] GC(50) O: Metaspace: 11M used, 11M committed, 3136M reserved
[125.092s][info   ][gc          ] GC(50) Major Collection (System.gc()) 2190M(36%)->2192M(36%) 2.216s
[125.092s][info   ][gc          ] GC(51) Major Collection (System.gc())
[125.098s][info   ][gc,metaspace] GC(51) Y: Metaspace: 11M used, 11M committed, 3136M reserved
[125.103s][info   ][gc,metaspace] GC(51) Y: Metaspace: 11M used, 11M committed, 3136M reserved
[127.524s][info   ][gc,metaspace] GC(51) O: Metaspace: 11M used, 11M committed, 3136M reserved
[127.524s][info   ][gc          ] GC(51) Major Collection (System.gc()) 2192M(36%)->2190M(36%) 2.432s
[127.524s][info   ][gc          ] GC(52) Major Collection (System.gc())
[127.530s][info   ][gc,metaspace] GC(52) Y: Metaspace: 11M used, 11M committed, 3136M reserved
[127.536s][info   ][gc,metaspace] GC(52) Y: Metaspace: 11M used, 11M committed, 3136M reserved
[129.889s][info   ][gc,metaspace] GC(52) O: Metaspace: 11M used, 11M committed, 3136M reserved
[129.890s][info   ][gc          ] GC(52) Major Collection (System.gc()) 2190M(36%)->2190M(36%) 2.365s
[129.890s][info   ][gc          ] GC(53) Major Collection (System.gc())
[129.896s][info   ][gc,metaspace] GC(53) Y: Metaspace: 11M used, 11M committed, 3136M reserved
[129.902s][info   ][gc,metaspace] GC(53) Y: Metaspace: 11M used, 11M committed, 3136M reserved
[132.075s][info   ][gc,metaspace] GC(53) O: Metaspace: 11M used, 11M committed, 3136M reserved
[132.075s][info   ][gc          ] GC(53) Major Collection (System.gc()) 2190M(36%)->2190M(36%) 2.186s
[132.075s][info   ][gc          ] GC(54) Major Collection (System.gc())
[132.081s][info   ][gc,metaspace] GC(54) Y: Metaspace: 11M used, 11M committed, 3136M reserved
[132.087s][info   ][gc,metaspace] GC(54) Y: Metaspace: 11M used, 11M committed, 3136M reserved
[134.617s][info   ][gc,metaspace] GC(54) O: Metaspace: 11M used, 11M committed, 3136M reserved
[134.617s][info   ][gc          ] GC(54) Major Collection (System.gc()) 2190M(36%)->2190M(36%) 2.542s
[134.617s][info   ][gc          ] GC(55) Major Collection (System.gc())
[134.623s][info   ][gc,metaspace] GC(55) Y: Metaspace: 11M used, 11M committed, 3136M reserved
[134.629s][info   ][gc,metaspace] GC(55) Y: Metaspace: 11M used, 11M committed, 3136M reserved
[136.917s][info   ][gc,metaspace] GC(55) O: Metaspace: 11M used, 11M committed, 3136M reserved
[136.917s][info   ][gc          ] GC(55) Major Collection (System.gc()) 2190M(36%)->2190M(36%) 2.300s
[136.917s][info   ][gc          ] GC(56) Major Collection (System.gc())
[136.923s][info   ][gc,metaspace] GC(56) Y: Metaspace: 11M used, 11M committed, 3136M reserved
[136.929s][info   ][gc,metaspace] GC(56) Y: Metaspace: 11M used, 11M committed, 3136M reserved
[139.122s][info   ][gc,metaspace] GC(56) O: Metaspace: 11M used, 11M committed, 3136M reserved
[139.122s][info   ][gc          ] GC(56) Major Collection (System.gc()) 2190M(36%)->2190M(36%) 2.205s
[139.122s][info   ][gc          ] GC(57) Major Collection (System.gc())
[139.129s][info   ][gc,metaspace] GC(57) Y: Metaspace: 11M used, 11M committed, 3136M reserved
[139.135s][info   ][gc,metaspace] GC(57) Y: Metaspace: 11M used, 11M committed, 3136M reserved
[141.584s][info   ][gc,metaspace] GC(57) O: Metaspace: 11M used, 11M committed, 3136M reserved
[141.584s][info   ][gc          ] GC(57) Major Collection (System.gc()) 2190M(36%)->2190M(36%) 2.462s
[141.584s][info   ][gc          ] GC(58) Major Collection (System.gc())
[141.590s][info   ][gc,metaspace] GC(58) Y: Metaspace: 11M used, 11M committed, 3136M reserved
[141.597s][info   ][gc,metaspace] GC(58) Y: Metaspace: 11M used, 11M committed, 3136M reserved
[143.879s][info   ][gc,metaspace] GC(58) O: Metaspace: 11M used, 11M committed, 3136M reserved
[143.879s][info   ][gc          ] GC(58) Major Collection (System.gc()) 2190M(36%)->2190M(36%) 2.295s
[143.879s][info   ][gc          ] GC(59) Major Collection (System.gc())
[143.885s][info   ][gc,metaspace] GC(59) Y: Metaspace: 11M used, 11M committed, 3136M reserved
[143.890s][info   ][gc,metaspace] GC(59) Y: Metaspace: 11M used, 11M committed, 3136M reserved
[146.078s][info   ][gc,metaspace] GC(59) O: Metaspace: 11M used, 11M committed, 3136M reserved
[146.078s][info   ][gc          ] GC(59) Major Collection (System.gc()) 2190M(36%)->2190M(36%) 2.199s
After GCs... 
