[0.002s][warning][pagesize] UseLargePages disabled, no large pages configured and available on the system.
[0.002s][info   ][metaspace]  - commit_granule_bytes: 65536.
[0.002s][info   ][metaspace]  - commit_granule_words: 8192.
[0.002s][info   ][metaspace]  - virtual_space_node_default_size: 8388608.
[0.002s][info   ][metaspace]  - enlarge_chunks_in_place: 1.
[0.002s][info   ][metaspace]  - use_allocation_guard: 0.
[4.588s][info   ][gc       ] Using The Z Garbage Collector
[4.588s][info   ][metaspace] Reserving compressed class space anywhere
[4.589s][info   ][gc,metaspace] CDS archive(s) not mapped
[4.589s][info   ][gc,metaspace] Compressed class space mapped at: 0x000000001f000000-0x00000000df000000, reserved size: 3221225472
[4.589s][info   ][gc,metaspace] UseCompressedClassPointers 1, UseCompactObjectHeaders 0, narrow klass pointer bits 32, max shift 3
[4.589s][info   ][gc,metaspace] Narrow klass base: 0x0000000000000000, Narrow klass shift: 0, Narrow klass range: 0xdf000000
Random Seed: 12345678
Num Classes: 64
Num Objects: 67108864
Percent IK Objects: 83.0%)
Percent OAK Objects: 5.0%)
Percent TAK Objects: 12.0%)
Cycles: 50
Loading 64 pre-generated classes ...
Materialize pre-generated constructors ...
Creating objects...
[4.815s][info   ][gc          ] GC(0) Major Collection (System.gc())
[4.833s][info   ][gc,metaspace] GC(0) Y: Metaspace: 10M used, 11M committed, 3136M reserved
[4.837s][info   ][gc,metaspace] GC(0) Y: Metaspace: 10M used, 11M committed, 3136M reserved
[4.852s][info   ][gc,metaspace] GC(0) O: Metaspace: 10M used, 11M committed, 3136M reserved
[4.852s][info   ][gc          ] GC(0) Major Collection (System.gc()) 54M(1%)->42M(1%) 0.036s
[5.048s][info   ][gc          ] GC(1) Major Collection (Warmup)
[5.228s][info   ][gc,metaspace] GC(1) Y: Metaspace: 11M used, 11M committed, 3136M reserved
[5.244s][info   ][gc,metaspace] GC(1) O: Metaspace: 11M used, 11M committed, 3136M reserved
[5.244s][info   ][gc          ] GC(1) Major Collection (Warmup) 622M(10%)->894M(15%) 0.196s
[5.407s][info   ][gc          ] GC(2) Major Collection (Warmup)
[6.678s][info   ][gc,metaspace] GC(2) Y: Metaspace: 11M used, 11M committed, 3136M reserved
[6.686s][info   ][gc          ] GC(3) Minor Collection (Allocation Rate)
[8.024s][info   ][gc          ] Allocation Stall (main) 66.808ms
[8.342s][info   ][gc,metaspace] GC(3) y: Metaspace: 11M used, 11M committed, 3136M reserved
[8.342s][info   ][gc          ] GC(3) Minor Collection (Allocation Rate) 3302M(54%)->4218M(69%) 1.656s
[8.342s][info   ][gc          ] GC(4) Minor Collection (Allocation Rate)
[10.379s][info   ][gc          ] Allocation Stall (main) 1195.977ms
[10.937s][info   ][gc,metaspace] GC(4) y: Metaspace: 11M used, 11M committed, 3136M reserved
[10.937s][info   ][gc          ] GC(4) Minor Collection (Allocation Rate) 4218M(69%)->3854M(63%) 2.596s
[11.706s][info   ][gc          ] GC(5) Minor Collection (Allocation Rate)
[14.076s][info   ][gc          ] Allocation Stall (main) 1800.136ms
[14.586s][info   ][gc,metaspace] GC(5) y: Metaspace: 11M used, 11M committed, 3136M reserved
[14.586s][info   ][gc          ] GC(5) Minor Collection (Allocation Rate) 4806M(78%)->3854M(63%) 2.880s
[14.586s][info   ][gc,metaspace] GC(2) O: Metaspace: 11M used, 11M committed, 3136M reserved
[14.586s][info   ][gc          ] GC(2) Major Collection (Warmup) 1234M(20%)->3856M(63%) 9.179s
[14.597s][info   ][gc          ] GC(6) Major Collection (Warmup)
[16.197s][info   ][gc          ] Allocation Stall (main) 616.854ms
[16.577s][info   ][gc,metaspace] GC(6) Y: Metaspace: 11M used, 11M committed, 3136M reserved
[16.577s][info   ][gc          ] GC(7) Minor Collection (Allocation Stall)
[18.031s][info   ][gc          ] Allocation Stall (main) 900.837ms
67108864 Objects created
 - IK: 55699211 (82.99829%)
 - OAK: 3355627 (5.0002737%)
 - TAK: 8054026 (12.001434%)
Preparatory GC...
[18.431s][info   ][gc,metaspace] GC(7) y: Metaspace: 11M used, 11M committed, 3136M reserved
[18.431s][info   ][gc          ] GC(7) Minor Collection (Allocation Stall) 4868M(79%)->3872M(63%) 1.854s
[18.785s][info   ][gc          ] GC(8) Minor Collection (Allocation Rate)
[20.273s][info   ][gc,metaspace] GC(8) y: Metaspace: 11M used, 11M committed, 3136M reserved
[20.273s][info   ][gc          ] GC(8) Minor Collection (Allocation Rate) 3872M(63%)->2450M(40%) 1.488s
[20.273s][info   ][gc,metaspace] GC(6) O: Metaspace: 11M used, 11M committed, 3136M reserved
[20.273s][info   ][gc          ] GC(6) Major Collection (Warmup) 3878M(63%)->2450M(40%) 5.677s
[20.273s][info   ][gc          ] GC(9) Major Collection (System.gc())
[21.761s][info   ][gc,metaspace] GC(9) Y: Metaspace: 11M used, 11M committed, 3136M reserved
[21.980s][info   ][gc,metaspace] GC(9) Y: Metaspace: 11M used, 11M committed, 3136M reserved
[24.883s][info   ][gc,metaspace] GC(9) O: Metaspace: 11M used, 11M committed, 3136M reserved
[24.884s][info   ][gc          ] GC(9) Major Collection (System.gc()) 2450M(40%)->2432M(40%) 4.610s
[24.884s][info   ][gc          ] GC(10) Major Collection (System.gc())
[24.890s][info   ][gc,metaspace] GC(10) Y: Metaspace: 11M used, 11M committed, 3136M reserved
[24.897s][info   ][gc,metaspace] GC(10) Y: Metaspace: 11M used, 11M committed, 3136M reserved
[27.397s][info   ][gc,metaspace] GC(10) O: Metaspace: 11M used, 11M committed, 3136M reserved
[27.397s][info   ][gc          ] GC(10) Major Collection (System.gc()) 2432M(40%)->2432M(40%) 2.514s
Done; will start GCs... 
[27.402s][info   ][gc          ] GC(11) Major Collection (System.gc())
[27.409s][info   ][gc,metaspace] GC(11) Y: Metaspace: 11M used, 11M committed, 3136M reserved
[27.418s][info   ][gc,metaspace] GC(11) Y: Metaspace: 11M used, 11M committed, 3136M reserved
[29.706s][info   ][gc,metaspace] GC(11) O: Metaspace: 11M used, 11M committed, 3136M reserved
[29.706s][info   ][gc          ] GC(11) Major Collection (System.gc()) 2434M(40%)->2432M(40%) 2.304s
[29.706s][info   ][gc          ] GC(12) Major Collection (System.gc())
[29.712s][info   ][gc,metaspace] GC(12) Y: Metaspace: 11M used, 11M committed, 3136M reserved
[29.718s][info   ][gc,metaspace] GC(12) Y: Metaspace: 11M used, 11M committed, 3136M reserved
[32.295s][info   ][gc,metaspace] GC(12) O: Metaspace: 11M used, 11M committed, 3136M reserved
[32.295s][info   ][gc          ] GC(12) Major Collection (System.gc()) 2432M(40%)->2432M(40%) 2.589s
[32.295s][info   ][gc          ] GC(13) Major Collection (System.gc())
[32.301s][info   ][gc,metaspace] GC(13) Y: Metaspace: 11M used, 11M committed, 3136M reserved
[32.308s][info   ][gc,metaspace] GC(13) Y: Metaspace: 11M used, 11M committed, 3136M reserved
[34.687s][info   ][gc,metaspace] GC(13) O: Metaspace: 11M used, 11M committed, 3136M reserved
[34.687s][info   ][gc          ] GC(13) Major Collection (System.gc()) 2432M(40%)->2432M(40%) 2.392s
[34.687s][info   ][gc          ] GC(14) Major Collection (System.gc())
[34.694s][info   ][gc,metaspace] GC(14) Y: Metaspace: 11M used, 11M committed, 3136M reserved
[34.700s][info   ][gc,metaspace] GC(14) Y: Metaspace: 11M used, 11M committed, 3136M reserved
[37.283s][info   ][gc,metaspace] GC(14) O: Metaspace: 11M used, 11M committed, 3136M reserved
[37.283s][info   ][gc          ] GC(14) Major Collection (System.gc()) 2432M(40%)->2432M(40%) 2.595s
[37.283s][info   ][gc          ] GC(15) Major Collection (System.gc())
[37.289s][info   ][gc,metaspace] GC(15) Y: Metaspace: 11M used, 11M committed, 3136M reserved
[37.295s][info   ][gc,metaspace] GC(15) Y: Metaspace: 11M used, 11M committed, 3136M reserved
[39.577s][info   ][gc,metaspace] GC(15) O: Metaspace: 11M used, 11M committed, 3136M reserved
[39.577s][info   ][gc          ] GC(15) Major Collection (System.gc()) 2432M(40%)->2432M(40%) 2.295s
[39.578s][info   ][gc          ] GC(16) Major Collection (System.gc())
[39.584s][info   ][gc,metaspace] GC(16) Y: Metaspace: 11M used, 11M committed, 3136M reserved
[39.591s][info   ][gc,metaspace] GC(16) Y: Metaspace: 11M used, 11M committed, 3136M reserved
[41.844s][info   ][gc,metaspace] GC(16) O: Metaspace: 11M used, 11M committed, 3136M reserved
[41.844s][info   ][gc          ] GC(16) Major Collection (System.gc()) 2432M(40%)->2432M(40%) 2.267s
[41.844s][info   ][gc          ] GC(17) Major Collection (System.gc())
[41.851s][info   ][gc,metaspace] GC(17) Y: Metaspace: 11M used, 11M committed, 3136M reserved
[41.857s][info   ][gc,metaspace] GC(17) Y: Metaspace: 11M used, 11M committed, 3136M reserved
[44.376s][info   ][gc,metaspace] GC(17) O: Metaspace: 11M used, 11M committed, 3136M reserved
[44.376s][info   ][gc          ] GC(17) Major Collection (System.gc()) 2432M(40%)->2432M(40%) 2.531s
[44.376s][info   ][gc          ] GC(18) Major Collection (System.gc())
[44.382s][info   ][gc,metaspace] GC(18) Y: Metaspace: 11M used, 11M committed, 3136M reserved
[44.388s][info   ][gc,metaspace] GC(18) Y: Metaspace: 11M used, 11M committed, 3136M reserved
[46.726s][info   ][gc,metaspace] GC(18) O: Metaspace: 11M used, 11M committed, 3136M reserved
[46.726s][info   ][gc          ] GC(18) Major Collection (System.gc()) 2432M(40%)->2432M(40%) 2.351s
[46.726s][info   ][gc          ] GC(19) Major Collection (System.gc())
[46.733s][info   ][gc,metaspace] GC(19) Y: Metaspace: 11M used, 11M committed, 3136M reserved
[46.739s][info   ][gc,metaspace] GC(19) Y: Metaspace: 11M used, 11M committed, 3136M reserved
[49.310s][info   ][gc,metaspace] GC(19) O: Metaspace: 11M used, 11M committed, 3136M reserved
[49.310s][info   ][gc          ] GC(19) Major Collection (System.gc()) 2432M(40%)->2432M(40%) 2.584s
[49.310s][info   ][gc          ] GC(20) Major Collection (System.gc())
[49.317s][info   ][gc,metaspace] GC(20) Y: Metaspace: 11M used, 11M committed, 3136M reserved
[49.323s][info   ][gc,metaspace] GC(20) Y: Metaspace: 11M used, 11M committed, 3136M reserved
[51.693s][info   ][gc,metaspace] GC(20) O: Metaspace: 11M used, 11M committed, 3136M reserved
[51.693s][info   ][gc          ] GC(20) Major Collection (System.gc()) 2432M(40%)->2432M(40%) 2.383s
[51.693s][info   ][gc          ] GC(21) Major Collection (System.gc())
[51.699s][info   ][gc,metaspace] GC(21) Y: Metaspace: 11M used, 11M committed, 3136M reserved
[51.706s][info   ][gc,metaspace] GC(21) Y: Metaspace: 11M used, 11M committed, 3136M reserved
[54.286s][info   ][gc,metaspace] GC(21) O: Metaspace: 11M used, 11M committed, 3136M reserved
[54.286s][info   ][gc          ] GC(21) Major Collection (System.gc()) 2432M(40%)->2432M(40%) 2.593s
[54.286s][info   ][gc          ] GC(22) Major Collection (System.gc())
[54.292s][info   ][gc,metaspace] GC(22) Y: Metaspace: 11M used, 11M committed, 3136M reserved
[54.299s][info   ][gc,metaspace] GC(22) Y: Metaspace: 11M used, 11M committed, 3136M reserved
[56.976s][info   ][gc,metaspace] GC(22) O: Metaspace: 11M used, 11M committed, 3136M reserved
[56.976s][info   ][gc          ] GC(22) Major Collection (System.gc()) 2432M(40%)->2432M(40%) 2.690s
[56.976s][info   ][gc          ] GC(23) Major Collection (System.gc())
[56.983s][info   ][gc,metaspace] GC(23) Y: Metaspace: 11M used, 11M committed, 3136M reserved
[56.989s][info   ][gc,metaspace] GC(23) Y: Metaspace: 11M used, 11M committed, 3136M reserved
[59.715s][info   ][gc,metaspace] GC(23) O: Metaspace: 11M used, 11M committed, 3136M reserved
[59.715s][info   ][gc          ] GC(23) Major Collection (System.gc()) 2432M(40%)->2432M(40%) 2.738s
[59.715s][info   ][gc          ] GC(24) Major Collection (System.gc())
[59.721s][info   ][gc,metaspace] GC(24) Y: Metaspace: 11M used, 11M committed, 3136M reserved
[59.727s][info   ][gc,metaspace] GC(24) Y: Metaspace: 11M used, 11M committed, 3136M reserved
[62.294s][info   ][gc,metaspace] GC(24) O: Metaspace: 11M used, 11M committed, 3136M reserved
[62.298s][info   ][gc          ] GC(24) Major Collection (System.gc()) 2432M(40%)->2432M(40%) 2.583s
[62.298s][info   ][gc          ] GC(25) Major Collection (System.gc())
[62.305s][info   ][gc,metaspace] GC(25) Y: Metaspace: 11M used, 11M committed, 3136M reserved
[62.312s][info   ][gc,metaspace] GC(25) Y: Metaspace: 11M used, 11M committed, 3136M reserved
[64.509s][info   ][gc,metaspace] GC(25) O: Metaspace: 11M used, 11M committed, 3136M reserved
[64.509s][info   ][gc          ] GC(25) Major Collection (System.gc()) 2432M(40%)->2432M(40%) 2.211s
[64.509s][info   ][gc          ] GC(26) Major Collection (System.gc())
[64.515s][info   ][gc,metaspace] GC(26) Y: Metaspace: 11M used, 11M committed, 3136M reserved
[64.522s][info   ][gc,metaspace] GC(26) Y: Metaspace: 11M used, 11M committed, 3136M reserved
[66.820s][info   ][gc,metaspace] GC(26) O: Metaspace: 11M used, 11M committed, 3136M reserved
[66.820s][info   ][gc          ] GC(26) Major Collection (System.gc()) 2432M(40%)->2434M(40%) 2.311s
[66.820s][info   ][gc          ] GC(27) Major Collection (System.gc())
[66.826s][info   ][gc,metaspace] GC(27) Y: Metaspace: 11M used, 11M committed, 3136M reserved
[66.833s][info   ][gc,metaspace] GC(27) Y: Metaspace: 11M used, 11M committed, 3136M reserved
[69.391s][info   ][gc,metaspace] GC(27) O: Metaspace: 11M used, 11M committed, 3136M reserved
[69.391s][info   ][gc          ] GC(27) Major Collection (System.gc()) 2434M(40%)->2434M(40%) 2.572s
[69.391s][info   ][gc          ] GC(28) Major Collection (System.gc())
[69.398s][info   ][gc,metaspace] GC(28) Y: Metaspace: 11M used, 11M committed, 3136M reserved
[69.405s][info   ][gc,metaspace] GC(28) Y: Metaspace: 11M used, 11M committed, 3136M reserved
[71.763s][info   ][gc,metaspace] GC(28) O: Metaspace: 11M used, 11M committed, 3136M reserved
[71.764s][info   ][gc          ] GC(28) Major Collection (System.gc()) 2434M(40%)->2434M(40%) 2.372s
[71.764s][info   ][gc          ] GC(29) Major Collection (System.gc())
[71.771s][info   ][gc,metaspace] GC(29) Y: Metaspace: 11M used, 11M committed, 3136M reserved
[71.777s][info   ][gc,metaspace] GC(29) Y: Metaspace: 11M used, 11M committed, 3136M reserved
[73.984s][info   ][gc,metaspace] GC(29) O: Metaspace: 11M used, 11M committed, 3136M reserved
[73.984s][info   ][gc          ] GC(29) Major Collection (System.gc()) 2434M(40%)->2434M(40%) 2.220s
[73.984s][info   ][gc          ] GC(30) Major Collection (System.gc())
[73.990s][info   ][gc,metaspace] GC(30) Y: Metaspace: 11M used, 11M committed, 3136M reserved
[73.996s][info   ][gc,metaspace] GC(30) Y: Metaspace: 11M used, 11M committed, 3136M reserved
[76.343s][info   ][gc,metaspace] GC(30) O: Metaspace: 11M used, 11M committed, 3136M reserved
[76.343s][info   ][gc          ] GC(30) Major Collection (System.gc()) 2434M(40%)->2434M(40%) 2.360s
[76.343s][info   ][gc          ] GC(31) Major Collection (System.gc())
[76.350s][info   ][gc,metaspace] GC(31) Y: Metaspace: 11M used, 11M committed, 3136M reserved
[76.356s][info   ][gc,metaspace] GC(31) Y: Metaspace: 11M used, 11M committed, 3136M reserved
[78.668s][info   ][gc,metaspace] GC(31) O: Metaspace: 11M used, 11M committed, 3136M reserved
[78.668s][info   ][gc          ] GC(31) Major Collection (System.gc()) 2434M(40%)->2434M(40%) 2.325s
[78.668s][info   ][gc          ] GC(32) Major Collection (System.gc())
[78.675s][info   ][gc,metaspace] GC(32) Y: Metaspace: 11M used, 11M committed, 3136M reserved
[78.682s][info   ][gc,metaspace] GC(32) Y: Metaspace: 11M used, 11M committed, 3136M reserved
[81.113s][info   ][gc,metaspace] GC(32) O: Metaspace: 11M used, 11M committed, 3136M reserved
[81.113s][info   ][gc          ] GC(32) Major Collection (System.gc()) 2434M(40%)->2434M(40%) 2.445s
[81.113s][info   ][gc          ] GC(33) Major Collection (System.gc())
[81.119s][info   ][gc,metaspace] GC(33) Y: Metaspace: 11M used, 11M committed, 3136M reserved
[81.126s][info   ][gc,metaspace] GC(33) Y: Metaspace: 11M used, 11M committed, 3136M reserved
[83.370s][info   ][gc,metaspace] GC(33) O: Metaspace: 11M used, 11M committed, 3136M reserved
[83.370s][info   ][gc          ] GC(33) Major Collection (System.gc()) 2434M(40%)->2434M(40%) 2.257s
[83.370s][info   ][gc          ] GC(34) Major Collection (System.gc())
[83.376s][info   ][gc,metaspace] GC(34) Y: Metaspace: 11M used, 11M committed, 3136M reserved
[83.383s][info   ][gc,metaspace] GC(34) Y: Metaspace: 11M used, 11M committed, 3136M reserved
[86.307s][info   ][gc,metaspace] GC(34) O: Metaspace: 11M used, 11M committed, 3136M reserved
[86.307s][info   ][gc          ] GC(34) Major Collection (System.gc()) 2434M(40%)->2434M(40%) 2.937s
[86.307s][info   ][gc          ] GC(35) Major Collection (System.gc())
[86.313s][info   ][gc,metaspace] GC(35) Y: Metaspace: 11M used, 11M committed, 3136M reserved
[86.320s][info   ][gc,metaspace] GC(35) Y: Metaspace: 11M used, 11M committed, 3136M reserved
[89.124s][info   ][gc,metaspace] GC(35) O: Metaspace: 11M used, 11M committed, 3136M reserved
[89.124s][info   ][gc          ] GC(35) Major Collection (System.gc()) 2434M(40%)->2434M(40%) 2.817s
[89.124s][info   ][gc          ] GC(36) Major Collection (System.gc())
[89.130s][info   ][gc,metaspace] GC(36) Y: Metaspace: 11M used, 11M committed, 3136M reserved
[89.137s][info   ][gc,metaspace] GC(36) Y: Metaspace: 11M used, 11M committed, 3136M reserved
[91.558s][info   ][gc,metaspace] GC(36) O: Metaspace: 11M used, 11M committed, 3136M reserved
[91.559s][info   ][gc          ] GC(36) Major Collection (System.gc()) 2434M(40%)->2434M(40%) 2.434s
[91.559s][info   ][gc          ] GC(37) Major Collection (System.gc())
[91.565s][info   ][gc,metaspace] GC(37) Y: Metaspace: 11M used, 11M committed, 3136M reserved
[91.572s][info   ][gc,metaspace] GC(37) Y: Metaspace: 11M used, 11M committed, 3136M reserved
[93.853s][info   ][gc,metaspace] GC(37) O: Metaspace: 11M used, 11M committed, 3136M reserved
[93.853s][info   ][gc          ] GC(37) Major Collection (System.gc()) 2434M(40%)->2434M(40%) 2.295s
[93.853s][info   ][gc          ] GC(38) Major Collection (System.gc())
[93.860s][info   ][gc,metaspace] GC(38) Y: Metaspace: 11M used, 11M committed, 3136M reserved
[93.866s][info   ][gc,metaspace] GC(38) Y: Metaspace: 11M used, 11M committed, 3136M reserved
[96.416s][info   ][gc,metaspace] GC(38) O: Metaspace: 11M used, 11M committed, 3136M reserved
[96.416s][info   ][gc          ] GC(38) Major Collection (System.gc()) 2434M(40%)->2434M(40%) 2.563s
[96.416s][info   ][gc          ] GC(39) Major Collection (System.gc())
[96.423s][info   ][gc,metaspace] GC(39) Y: Metaspace: 11M used, 11M committed, 3136M reserved
[96.430s][info   ][gc,metaspace] GC(39) Y: Metaspace: 11M used, 11M committed, 3136M reserved
[98.753s][info   ][gc,metaspace] GC(39) O: Metaspace: 11M used, 11M committed, 3136M reserved
[98.753s][info   ][gc          ] GC(39) Major Collection (System.gc()) 2434M(40%)->2432M(40%) 2.337s
[98.753s][info   ][gc          ] GC(40) Major Collection (System.gc())
[98.760s][info   ][gc,metaspace] GC(40) Y: Metaspace: 11M used, 11M committed, 3136M reserved
[98.767s][info   ][gc,metaspace] GC(40) Y: Metaspace: 11M used, 11M committed, 3136M reserved
[101.178s][info   ][gc,metaspace] GC(40) O: Metaspace: 11M used, 11M committed, 3136M reserved
[101.178s][info   ][gc          ] GC(40) Major Collection (System.gc()) 2432M(40%)->2432M(40%) 2.424s
[101.178s][info   ][gc          ] GC(41) Major Collection (System.gc())
[101.185s][info   ][gc,metaspace] GC(41) Y: Metaspace: 11M used, 11M committed, 3136M reserved
[101.191s][info   ][gc,metaspace] GC(41) Y: Metaspace: 11M used, 11M committed, 3136M reserved
[103.670s][info   ][gc,metaspace] GC(41) O: Metaspace: 11M used, 11M committed, 3136M reserved
[103.670s][info   ][gc          ] GC(41) Major Collection (System.gc()) 2432M(40%)->2432M(40%) 2.492s
[103.670s][info   ][gc          ] GC(42) Major Collection (System.gc())
[103.677s][info   ][gc,metaspace] GC(42) Y: Metaspace: 11M used, 11M committed, 3136M reserved
[103.684s][info   ][gc,metaspace] GC(42) Y: Metaspace: 11M used, 11M committed, 3136M reserved
[106.312s][info   ][gc,metaspace] GC(42) O: Metaspace: 11M used, 11M committed, 3136M reserved
[106.312s][info   ][gc          ] GC(42) Major Collection (System.gc()) 2432M(40%)->2432M(40%) 2.642s
[106.312s][info   ][gc          ] GC(43) Major Collection (System.gc())
[106.319s][info   ][gc,metaspace] GC(43) Y: Metaspace: 11M used, 11M committed, 3136M reserved
[106.325s][info   ][gc,metaspace] GC(43) Y: Metaspace: 11M used, 11M committed, 3136M reserved
[108.706s][info   ][gc,metaspace] GC(43) O: Metaspace: 11M used, 11M committed, 3136M reserved
[108.706s][info   ][gc          ] GC(43) Major Collection (System.gc()) 2432M(40%)->2432M(40%) 2.393s
[108.706s][info   ][gc          ] GC(44) Major Collection (System.gc())
[108.714s][info   ][gc,metaspace] GC(44) Y: Metaspace: 11M used, 11M committed, 3136M reserved
[108.720s][info   ][gc,metaspace] GC(44) Y: Metaspace: 11M used, 11M committed, 3136M reserved
[111.310s][info   ][gc,metaspace] GC(44) O: Metaspace: 11M used, 11M committed, 3136M reserved
[111.310s][info   ][gc          ] GC(44) Major Collection (System.gc()) 2432M(40%)->2432M(40%) 2.604s
[111.310s][info   ][gc          ] GC(45) Major Collection (System.gc())
[111.316s][info   ][gc,metaspace] GC(45) Y: Metaspace: 11M used, 11M committed, 3136M reserved
[111.322s][info   ][gc,metaspace] GC(45) Y: Metaspace: 11M used, 11M committed, 3136M reserved
[113.715s][info   ][gc,metaspace] GC(45) O: Metaspace: 11M used, 11M committed, 3136M reserved
[113.715s][info   ][gc          ] GC(45) Major Collection (System.gc()) 2432M(40%)->2432M(40%) 2.405s
[113.719s][info   ][gc          ] GC(46) Major Collection (System.gc())
[113.726s][info   ][gc,metaspace] GC(46) Y: Metaspace: 11M used, 11M committed, 3136M reserved
[113.733s][info   ][gc,metaspace] GC(46) Y: Metaspace: 11M used, 11M committed, 3136M reserved
[116.158s][info   ][gc,metaspace] GC(46) O: Metaspace: 11M used, 11M committed, 3136M reserved
[116.158s][info   ][gc          ] GC(46) Major Collection (System.gc()) 2432M(40%)->2432M(40%) 2.439s
[116.158s][info   ][gc          ] GC(47) Major Collection (System.gc())
[116.165s][info   ][gc,metaspace] GC(47) Y: Metaspace: 11M used, 11M committed, 3136M reserved
[116.173s][info   ][gc,metaspace] GC(47) Y: Metaspace: 11M used, 11M committed, 3136M reserved
[118.589s][info   ][gc,metaspace] GC(47) O: Metaspace: 11M used, 11M committed, 3136M reserved
[118.589s][info   ][gc          ] GC(47) Major Collection (System.gc()) 2432M(40%)->2432M(40%) 2.431s
[118.589s][info   ][gc          ] GC(48) Major Collection (System.gc())
[118.596s][info   ][gc,metaspace] GC(48) Y: Metaspace: 11M used, 11M committed, 3136M reserved
[118.602s][info   ][gc,metaspace] GC(48) Y: Metaspace: 11M used, 11M committed, 3136M reserved
[120.858s][info   ][gc,metaspace] GC(48) O: Metaspace: 11M used, 11M committed, 3136M reserved
[120.858s][info   ][gc          ] GC(48) Major Collection (System.gc()) 2432M(40%)->2432M(40%) 2.269s
[120.858s][info   ][gc          ] GC(49) Major Collection (System.gc())
[120.864s][info   ][gc,metaspace] GC(49) Y: Metaspace: 11M used, 11M committed, 3136M reserved
[120.870s][info   ][gc,metaspace] GC(49) Y: Metaspace: 11M used, 11M committed, 3136M reserved
[123.406s][info   ][gc,metaspace] GC(49) O: Metaspace: 11M used, 11M committed, 3136M reserved
[123.406s][info   ][gc          ] GC(49) Major Collection (System.gc()) 2432M(40%)->2432M(40%) 2.547s
[123.406s][info   ][gc          ] GC(50) Major Collection (System.gc())
[123.412s][info   ][gc,metaspace] GC(50) Y: Metaspace: 11M used, 11M committed, 3136M reserved
[123.419s][info   ][gc,metaspace] GC(50) Y: Metaspace: 11M used, 11M committed, 3136M reserved
[125.715s][info   ][gc,metaspace] GC(50) O: Metaspace: 11M used, 11M committed, 3136M reserved
[125.715s][info   ][gc          ] GC(50) Major Collection (System.gc()) 2432M(40%)->2434M(40%) 2.310s
[125.715s][info   ][gc          ] GC(51) Major Collection (System.gc())
[125.722s][info   ][gc,metaspace] GC(51) Y: Metaspace: 11M used, 11M committed, 3136M reserved
[125.728s][info   ][gc,metaspace] GC(51) Y: Metaspace: 11M used, 11M committed, 3136M reserved
[128.340s][info   ][gc,metaspace] GC(51) O: Metaspace: 11M used, 11M committed, 3136M reserved
[128.340s][info   ][gc          ] GC(51) Major Collection (System.gc()) 2434M(40%)->2434M(40%) 2.625s
[128.340s][info   ][gc          ] GC(52) Major Collection (System.gc())
[128.347s][info   ][gc,metaspace] GC(52) Y: Metaspace: 11M used, 11M committed, 3136M reserved
[128.353s][info   ][gc,metaspace] GC(52) Y: Metaspace: 11M used, 11M committed, 3136M reserved
[130.740s][info   ][gc,metaspace] GC(52) O: Metaspace: 11M used, 11M committed, 3136M reserved
[130.740s][info   ][gc          ] GC(52) Major Collection (System.gc()) 2434M(40%)->2434M(40%) 2.399s
[130.740s][info   ][gc          ] GC(53) Major Collection (System.gc())
[130.746s][info   ][gc,metaspace] GC(53) Y: Metaspace: 11M used, 11M committed, 3136M reserved
[130.753s][info   ][gc,metaspace] GC(53) Y: Metaspace: 11M used, 11M committed, 3136M reserved
[133.340s][info   ][gc,metaspace] GC(53) O: Metaspace: 11M used, 11M committed, 3136M reserved
[133.340s][info   ][gc          ] GC(53) Major Collection (System.gc()) 2434M(40%)->2434M(40%) 2.600s
[133.340s][info   ][gc          ] GC(54) Major Collection (System.gc())
[133.346s][info   ][gc,metaspace] GC(54) Y: Metaspace: 11M used, 11M committed, 3136M reserved
[133.354s][info   ][gc,metaspace] GC(54) Y: Metaspace: 11M used, 11M committed, 3136M reserved
[136.263s][info   ][gc,metaspace] GC(54) O: Metaspace: 11M used, 11M committed, 3136M reserved
[136.263s][info   ][gc          ] GC(54) Major Collection (System.gc()) 2434M(40%)->2434M(40%) 2.923s
[136.263s][info   ][gc          ] GC(55) Major Collection (System.gc())
[136.271s][info   ][gc,metaspace] GC(55) Y: Metaspace: 11M used, 11M committed, 3136M reserved
[136.277s][info   ][gc,metaspace] GC(55) Y: Metaspace: 11M used, 11M committed, 3136M reserved
[138.785s][info   ][gc,metaspace] GC(55) O: Metaspace: 11M used, 11M committed, 3136M reserved
[138.785s][info   ][gc          ] GC(55) Major Collection (System.gc()) 2434M(40%)->2434M(40%) 2.522s
[138.785s][info   ][gc          ] GC(56) Major Collection (System.gc())
[138.792s][info   ][gc,metaspace] GC(56) Y: Metaspace: 11M used, 11M committed, 3136M reserved
[138.798s][info   ][gc,metaspace] GC(56) Y: Metaspace: 11M used, 11M committed, 3136M reserved
[141.354s][info   ][gc,metaspace] GC(56) O: Metaspace: 11M used, 11M committed, 3136M reserved
[141.354s][info   ][gc          ] GC(56) Major Collection (System.gc()) 2434M(40%)->2434M(40%) 2.569s
[141.354s][info   ][gc          ] GC(57) Major Collection (System.gc())
[141.359s][info   ][gc,metaspace] GC(57) Y: Metaspace: 11M used, 11M committed, 3136M reserved
[141.366s][info   ][gc,metaspace] GC(57) Y: Metaspace: 11M used, 11M committed, 3136M reserved
[143.764s][info   ][gc,metaspace] GC(57) O: Metaspace: 11M used, 11M committed, 3136M reserved
[143.764s][info   ][gc          ] GC(57) Major Collection (System.gc()) 2434M(40%)->2434M(40%) 2.410s
[143.764s][info   ][gc          ] GC(58) Major Collection (System.gc())
[143.770s][info   ][gc,metaspace] GC(58) Y: Metaspace: 11M used, 11M committed, 3136M reserved
[143.778s][info   ][gc,metaspace] GC(58) Y: Metaspace: 11M used, 11M committed, 3136M reserved
[146.158s][info   ][gc,metaspace] GC(58) O: Metaspace: 11M used, 11M committed, 3136M reserved
[146.158s][info   ][gc          ] GC(58) Major Collection (System.gc()) 2434M(40%)->2434M(40%) 2.394s
[146.158s][info   ][gc          ] GC(59) Major Collection (System.gc())
[146.164s][info   ][gc,metaspace] GC(59) Y: Metaspace: 11M used, 11M committed, 3136M reserved
[146.170s][info   ][gc,metaspace] GC(59) Y: Metaspace: 11M used, 11M committed, 3136M reserved
[148.487s][info   ][gc,metaspace] GC(59) O: Metaspace: 11M used, 11M committed, 3136M reserved
[148.487s][info   ][gc          ] GC(59) Major Collection (System.gc()) 2434M(40%)->2434M(40%) 2.328s
[148.487s][info   ][gc          ] GC(60) Major Collection (System.gc())
[148.493s][info   ][gc,metaspace] GC(60) Y: Metaspace: 11M used, 11M committed, 3136M reserved
[148.499s][info   ][gc,metaspace] GC(60) Y: Metaspace: 11M used, 11M committed, 3136M reserved
[150.804s][info   ][gc,metaspace] GC(60) O: Metaspace: 11M used, 11M committed, 3136M reserved
[150.804s][info   ][gc          ] GC(60) Major Collection (System.gc()) 2434M(40%)->2434M(40%) 2.318s
After GCs... 
