Done; will start GCs... 
[3.740s][info][gc,metaspace] GC(1) Metaspace: 21383K(21760K)->21383K(21760K) NonClass: 17641K(17856K)->17641K(17856K) Class: 3741K(3904K)->3741K(3904K)
[3.740s][info][gc          ] GC(1) Pause Full (System.gc()) 873M->770M(5888M) 623.961ms
[4.136s][info][gc,metaspace] GC(2) Metaspace: 21383K(21760K)->21383K(21760K) NonClass: 17641K(17856K)->17641K(17856K) Class: 3741K(3904K)->3741K(3904K)
[4.136s][info][gc          ] GC(2) Pause Full (System.gc()) 770M->770M(5888M) 395.936ms
[4.522s][info][gc,metaspace] GC(3) Metaspace: 21383K(21760K)->21383K(21760K) NonClass: 17641K(17856K)->17641K(17856K) Class: 3741K(3904K)->3741K(3904K)
[4.522s][info][gc          ] GC(3) Pause Full (System.gc()) 770M->770M(5888M) 385.144ms
[4.919s][info][gc,metaspace] GC(4) Metaspace: 21383K(21760K)->21383K(21760K) NonClass: 17641K(17856K)->17641K(17856K) Class: 3741K(3904K)->3741K(3904K)
[4.919s][info][gc          ] GC(4) Pause Full (System.gc()) 770M->770M(5888M) 396.846ms
[5.328s][info][gc,metaspace] GC(5) Metaspace: 21383K(21760K)->21383K(21760K) NonClass: 17641K(17856K)->17641K(17856K) Class: 3741K(3904K)->3741K(3904K)
[5.328s][info][gc          ] GC(5) Pause Full (System.gc()) 770M->770M(5888M) 409.229ms
[5.719s][info][gc,metaspace] GC(6) Metaspace: 21383K(21760K)->21383K(21760K) NonClass: 17641K(17856K)->17641K(17856K) Class: 3741K(3904K)->3741K(3904K)
[5.719s][info][gc          ] GC(6) Pause Full (System.gc()) 770M->770M(5888M) 391.193ms
[6.138s][info][gc,metaspace] GC(7) Metaspace: 21383K(21760K)->21383K(21760K) NonClass: 17641K(17856K)->17641K(17856K) Class: 3741K(3904K)->3741K(3904K)
[6.138s][info][gc          ] GC(7) Pause Full (System.gc()) 770M->770M(5888M) 414.686ms
[6.526s][info][gc,metaspace] GC(8) Metaspace: 21383K(21760K)->21383K(21760K) NonClass: 17641K(17856K)->17641K(17856K) Class: 3741K(3904K)->3741K(3904K)
[6.526s][info][gc          ] GC(8) Pause Full (System.gc()) 770M->770M(5888M) 387.919ms
[6.912s][info][gc,metaspace] GC(9) Metaspace: 21383K(21760K)->21383K(21760K) NonClass: 17641K(17856K)->17641K(17856K) Class: 3741K(3904K)->3741K(3904K)
[6.912s][info][gc          ] GC(9) Pause Full (System.gc()) 770M->770M(5888M) 385.303ms
[7.313s][info][gc,metaspace] GC(10) Metaspace: 21383K(21760K)->21383K(21760K) NonClass: 17641K(17856K)->17641K(17856K) Class: 3741K(3904K)->3741K(3904K)
[7.313s][info][gc          ] GC(10) Pause Full (System.gc()) 770M->770M(5888M) 401.704ms
[7.703s][info][gc,metaspace] GC(11) Metaspace: 21383K(21760K)->21383K(21760K) NonClass: 17641K(17856K)->17641K(17856K) Class: 3741K(3904K)->3741K(3904K)
[7.703s][info][gc          ] GC(11) Pause Full (System.gc()) 770M->770M(5888M) 389.982ms
[8.109s][info][gc,metaspace] GC(12) Metaspace: 21383K(21760K)->21383K(21760K) NonClass: 17641K(17856K)->17641K(17856K) Class: 3741K(3904K)->3741K(3904K)
[8.109s][info][gc          ] GC(12) Pause Full (System.gc()) 770M->770M(5888M) 405.655ms
[8.493s][info][gc,metaspace] GC(13) Metaspace: 21383K(21760K)->21383K(21760K) NonClass: 17641K(17856K)->17641K(17856K) Class: 3741K(3904K)->3741K(3904K)
[8.493s][info][gc          ] GC(13) Pause Full (System.gc()) 770M->770M(5888M) 383.697ms
[8.886s][info][gc,metaspace] GC(14) Metaspace: 21383K(21760K)->21383K(21760K) NonClass: 17641K(17856K)->17641K(17856K) Class: 3741K(3904K)->3741K(3904K)
[8.886s][info][gc          ] GC(14) Pause Full (System.gc()) 770M->770M(5888M) 393.247ms
[9.296s][info][gc,metaspace] GC(15) Metaspace: 21383K(21760K)->21383K(21760K) NonClass: 17641K(17856K)->17641K(17856K) Class: 3741K(3904K)->3741K(3904K)
[9.296s][info][gc          ] GC(15) Pause Full (System.gc()) 770M->770M(5888M) 409.259ms
[9.682s][info][gc,metaspace] GC(16) Metaspace: 21383K(21760K)->21383K(21760K) NonClass: 17641K(17856K)->17641K(17856K) Class: 3741K(3904K)->3741K(3904K)
[9.682s][info][gc          ] GC(16) Pause Full (System.gc()) 770M->770M(5888M) 385.971ms
[10.084s][info][gc,metaspace] GC(17) Metaspace: 21383K(21760K)->21383K(21760K) NonClass: 17641K(17856K)->17641K(17856K) Class: 3741K(3904K)->3741K(3904K)
[10.084s][info][gc          ] GC(17) Pause Full (System.gc()) 770M->770M(5888M) 402.678ms
[10.475s][info][gc,metaspace] GC(18) Metaspace: 21383K(21760K)->21383K(21760K) NonClass: 17641K(17856K)->17641K(17856K) Class: 3741K(3904K)->3741K(3904K)
[10.475s][info][gc          ] GC(18) Pause Full (System.gc()) 770M->770M(5888M) 390.368ms
[10.870s][info][gc,metaspace] GC(19) Metaspace: 21383K(21760K)->21383K(21760K) NonClass: 17641K(17856K)->17641K(17856K) Class: 3741K(3904K)->3741K(3904K)
[10.870s][info][gc          ] GC(19) Pause Full (System.gc()) 770M->770M(5888M) 394.867ms
[11.273s][info][gc,metaspace] GC(20) Metaspace: 21383K(21760K)->21383K(21760K) NonClass: 17641K(17856K)->17641K(17856K) Class: 3741K(3904K)->3741K(3904K)
[11.273s][info][gc          ] GC(20) Pause Full (System.gc()) 770M->770M(5888M) 402.878ms
[11.665s][info][gc,metaspace] GC(21) Metaspace: 21383K(21760K)->21383K(21760K) NonClass: 17641K(17856K)->17641K(17856K) Class: 3741K(3904K)->3741K(3904K)
[11.665s][info][gc          ] GC(21) Pause Full (System.gc()) 770M->770M(5888M) 392.140ms
[12.077s][info][gc,metaspace] GC(22) Metaspace: 21383K(21760K)->21383K(21760K) NonClass: 17641K(17856K)->17641K(17856K) Class: 3741K(3904K)->3741K(3904K)
[12.077s][info][gc          ] GC(22) Pause Full (System.gc()) 770M->770M(5888M) 412.263ms
[12.469s][info][gc,metaspace] GC(23) Metaspace: 21383K(21760K)->21383K(21760K) NonClass: 17641K(17856K)->17641K(17856K) Class: 3741K(3904K)->3741K(3904K)
[12.470s][info][gc          ] GC(23) Pause Full (System.gc()) 770M->770M(5888M) 392.107ms
[12.860s][info][gc,metaspace] GC(24) Metaspace: 21383K(21760K)->21383K(21760K) NonClass: 17641K(17856K)->17641K(17856K) Class: 3741K(3904K)->3741K(3904K)
[12.860s][info][gc          ] GC(24) Pause Full (System.gc()) 770M->770M(5888M) 390.859ms
[13.267s][info][gc,metaspace] GC(25) Metaspace: 21383K(21760K)->21383K(21760K) NonClass: 17641K(17856K)->17641K(17856K) Class: 3741K(3904K)->3741K(3904K)
[13.267s][info][gc          ] GC(25) Pause Full (System.gc()) 770M->770M(5888M) 406.853ms
[13.659s][info][gc,metaspace] GC(26) Metaspace: 21383K(21760K)->21383K(21760K) NonClass: 17641K(17856K)->17641K(17856K) Class: 3741K(3904K)->3741K(3904K)
[13.659s][info][gc          ] GC(26) Pause Full (System.gc()) 770M->770M(5888M) 392.045ms
[14.073s][info][gc,metaspace] GC(27) Metaspace: 21383K(21760K)->21383K(21760K) NonClass: 17641K(17856K)->17641K(17856K) Class: 3741K(3904K)->3741K(3904K)
[14.073s][info][gc          ] GC(27) Pause Full (System.gc()) 770M->770M(5888M) 413.817ms
[14.469s][info][gc,metaspace] GC(28) Metaspace: 21383K(21760K)->21383K(21760K) NonClass: 17641K(17856K)->17641K(17856K) Class: 3741K(3904K)->3741K(3904K)
[14.469s][info][gc          ] GC(28) Pause Full (System.gc()) 770M->770M(5888M) 395.443ms
[14.854s][info][gc,metaspace] GC(29) Metaspace: 21383K(21760K)->21383K(21760K) NonClass: 17641K(17856K)->17641K(17856K) Class: 3741K(3904K)->3741K(3904K)
[14.855s][info][gc          ] GC(29) Pause Full (System.gc()) 770M->770M(5888M) 385.534ms
[15.260s][info][gc,metaspace] GC(30) Metaspace: 21383K(21760K)->21383K(21760K) NonClass: 17641K(17856K)->17641K(17856K) Class: 3741K(3904K)->3741K(3904K)
[15.260s][info][gc          ] GC(30) Pause Full (System.gc()) 770M->770M(5888M) 405.863ms
[15.649s][info][gc,metaspace] GC(31) Metaspace: 21383K(21760K)->21383K(21760K) NonClass: 17641K(17856K)->17641K(17856K) Class: 3741K(3904K)->3741K(3904K)
[15.649s][info][gc          ] GC(31) Pause Full (System.gc()) 770M->770M(5888M) 388.213ms
[16.146s][info][gc,metaspace] GC(32) Metaspace: 21383K(21760K)->21383K(21760K) NonClass: 17641K(17856K)->17641K(17856K) Class: 3741K(3904K)->3741K(3904K)
[16.146s][info][gc          ] GC(32) Pause Full (System.gc()) 770M->770M(5888M) 497.545ms
[16.547s][info][gc,metaspace] GC(33) Metaspace: 21383K(21760K)->21383K(21760K) NonClass: 17641K(17856K)->17641K(17856K) Class: 3741K(3904K)->3741K(3904K)
[16.547s][info][gc          ] GC(33) Pause Full (System.gc()) 770M->770M(5888M) 400.269ms
[16.946s][info][gc,metaspace] GC(34) Metaspace: 21383K(21760K)->21383K(21760K) NonClass: 17641K(17856K)->17641K(17856K) Class: 3741K(3904K)->3741K(3904K)
[16.946s][info][gc          ] GC(34) Pause Full (System.gc()) 770M->770M(5888M) 399.645ms
[17.337s][info][gc,metaspace] GC(35) Metaspace: 21383K(21760K)->21383K(21760K) NonClass: 17641K(17856K)->17641K(17856K) Class: 3741K(3904K)->3741K(3904K)
[17.337s][info][gc          ] GC(35) Pause Full (System.gc()) 770M->770M(5888M) 390.528ms
[17.745s][info][gc,metaspace] GC(36) Metaspace: 21383K(21760K)->21383K(21760K) NonClass: 17641K(17856K)->17641K(17856K) Class: 3741K(3904K)->3741K(3904K)
[17.745s][info][gc          ] GC(36) Pause Full (System.gc()) 770M->770M(5888M) 407.540ms
[18.146s][info][gc,metaspace] GC(37) Metaspace: 21383K(21760K)->21383K(21760K) NonClass: 17641K(17856K)->17641K(17856K) Class: 3741K(3904K)->3741K(3904K)
[18.146s][info][gc          ] GC(37) Pause Full (System.gc()) 770M->770M(5888M) 400.955ms
[18.541s][info][gc,metaspace] GC(38) Metaspace: 21383K(21760K)->21383K(21760K) NonClass: 17641K(17856K)->17641K(17856K) Class: 3741K(3904K)->3741K(3904K)
[18.541s][info][gc          ] GC(38) Pause Full (System.gc()) 770M->770M(5888M) 395.013ms
[18.976s][info][gc,metaspace] GC(39) Metaspace: 21383K(21760K)->21383K(21760K) NonClass: 17641K(17856K)->17641K(17856K) Class: 3741K(3904K)->3741K(3904K)
[18.976s][info][gc          ] GC(39) Pause Full (System.gc()) 770M->770M(5888M) 435.433ms
[19.376s][info][gc,metaspace] GC(40) Metaspace: 21383K(21760K)->21383K(21760K) NonClass: 17641K(17856K)->17641K(17856K) Class: 3741K(3904K)->3741K(3904K)
[19.376s][info][gc          ] GC(40) Pause Full (System.gc()) 770M->770M(5888M) 399.974ms
[19.762s][info][gc,metaspace] GC(41) Metaspace: 21383K(21760K)->21383K(21760K) NonClass: 17641K(17856K)->17641K(17856K) Class: 3741K(3904K)->3741K(3904K)
[19.762s][info][gc          ] GC(41) Pause Full (System.gc()) 770M->770M(5888M) 385.967ms
[20.199s][info][gc,metaspace] GC(42) Metaspace: 21383K(21760K)->21383K(21760K) NonClass: 17641K(17856K)->17641K(17856K) Class: 3741K(3904K)->3741K(3904K)
[20.199s][info][gc          ] GC(42) Pause Full (System.gc()) 770M->770M(5888M) 436.161ms
[20.600s][info][gc,metaspace] GC(43) Metaspace: 21383K(21760K)->21383K(21760K) NonClass: 17641K(17856K)->17641K(17856K) Class: 3741K(3904K)->3741K(3904K)
[20.600s][info][gc          ] GC(43) Pause Full (System.gc()) 770M->770M(5888M) 401.491ms
[21.020s][info][gc,metaspace] GC(44) Metaspace: 21383K(21760K)->21383K(21760K) NonClass: 17641K(17856K)->17641K(17856K) Class: 3741K(3904K)->3741K(3904K)
[21.020s][info][gc          ] GC(44) Pause Full (System.gc()) 770M->770M(5888M) 420.212ms
[21.433s][info][gc,metaspace] GC(45) Metaspace: 21383K(21760K)->21383K(21760K) NonClass: 17641K(17856K)->17641K(17856K) Class: 3741K(3904K)->3741K(3904K)
[21.433s][info][gc          ] GC(45) Pause Full (System.gc()) 770M->770M(5888M) 412.816ms
[21.829s][info][gc,metaspace] GC(46) Metaspace: 21383K(21760K)->21383K(21760K) NonClass: 17641K(17856K)->17641K(17856K) Class: 3741K(3904K)->3741K(3904K)
[21.829s][info][gc          ] GC(46) Pause Full (System.gc()) 770M->770M(5888M) 396.023ms
[22.228s][info][gc,metaspace] GC(47) Metaspace: 21383K(21760K)->21383K(21760K) NonClass: 17641K(17856K)->17641K(17856K) Class: 3741K(3904K)->3741K(3904K)
[22.228s][info][gc          ] GC(47) Pause Full (System.gc()) 770M->770M(5888M) 398.493ms
[22.625s][info][gc,metaspace] GC(48) Metaspace: 21383K(21760K)->21383K(21760K) NonClass: 17641K(17856K)->17641K(17856K) Class: 3741K(3904K)->3741K(3904K)
[22.625s][info][gc          ] GC(48) Pause Full (System.gc()) 770M->770M(5888M) 396.599ms
[23.057s][info][gc,metaspace] GC(49) Metaspace: 21383K(21760K)->21383K(21760K) NonClass: 17641K(17856K)->17641K(17856K) Class: 3741K(3904K)->3741K(3904K)
[23.057s][info][gc          ] GC(49) Pause Full (System.gc()) 770M->770M(5888M) 431.791ms
[23.460s][info][gc,metaspace] GC(50) Metaspace: 21383K(21760K)->21383K(21760K) NonClass: 17641K(17856K)->17641K(17856K) Class: 3741K(3904K)->3741K(3904K)
[23.460s][info][gc          ] GC(50) Pause Full (System.gc()) 770M->770M(5888M) 403.503ms
[23.859s][info][gc,metaspace] GC(51) Metaspace: 21383K(21760K)->21383K(21760K) NonClass: 17641K(17856K)->17641K(17856K) Class: 3741K(3904K)->3741K(3904K)
[23.859s][info][gc          ] GC(51) Pause Full (System.gc()) 770M->770M(5888M) 398.376ms
[24.262s][info][gc,metaspace] GC(52) Metaspace: 21383K(21760K)->21383K(21760K) NonClass: 17641K(17856K)->17641K(17856K) Class: 3741K(3904K)->3741K(3904K)
[24.262s][info][gc          ] GC(52) Pause Full (System.gc()) 770M->770M(5888M) 403.117ms
[24.648s][info][gc,metaspace] GC(53) Metaspace: 21383K(21760K)->21383K(21760K) NonClass: 17641K(17856K)->17641K(17856K) Class: 3741K(3904K)->3741K(3904K)
[24.648s][info][gc          ] GC(53) Pause Full (System.gc()) 770M->770M(5888M) 386.488ms
[25.148s][info][gc,metaspace] GC(54) Metaspace: 21383K(21760K)->21383K(21760K) NonClass: 17641K(17856K)->17641K(17856K) Class: 3741K(3904K)->3741K(3904K)
[25.148s][info][gc          ] GC(54) Pause Full (System.gc()) 770M->770M(5888M) 499.852ms
[25.539s][info][gc,metaspace] GC(55) Metaspace: 21383K(21760K)->21383K(21760K) NonClass: 17641K(17856K)->17641K(17856K) Class: 3741K(3904K)->3741K(3904K)
[25.539s][info][gc          ] GC(55) Pause Full (System.gc()) 770M->770M(5888M) 390.618ms
[25.927s][info][gc,metaspace] GC(56) Metaspace: 21383K(21760K)->21383K(21760K) NonClass: 17641K(17856K)->17641K(17856K) Class: 3741K(3904K)->3741K(3904K)
[25.927s][info][gc          ] GC(56) Pause Full (System.gc()) 770M->770M(5888M) 387.986ms
[26.330s][info][gc,metaspace] GC(57) Metaspace: 21383K(21760K)->21383K(21760K) NonClass: 17641K(17856K)->17641K(17856K) Class: 3741K(3904K)->3741K(3904K)
[26.330s][info][gc          ] GC(57) Pause Full (System.gc()) 770M->770M(5888M) 403.119ms
[26.725s][info][gc,metaspace] GC(58) Metaspace: 21383K(21760K)->21383K(21760K) NonClass: 17641K(17856K)->17641K(17856K) Class: 3741K(3904K)->3741K(3904K)
[26.726s][info][gc          ] GC(58) Pause Full (System.gc()) 770M->770M(5888M) 395.189ms
[27.139s][info][gc,metaspace] GC(59) Metaspace: 21383K(21760K)->21383K(21760K) NonClass: 17641K(17856K)->17641K(17856K) Class: 3741K(3904K)->3741K(3904K)
[27.139s][info][gc          ] GC(59) Pause Full (System.gc()) 770M->770M(5888M) 409.243ms
[27.527s][info][gc,metaspace] GC(60) Metaspace: 21383K(21760K)->21383K(21760K) NonClass: 17641K(17856K)->17641K(17856K) Class: 3741K(3904K)->3741K(3904K)
[27.527s][info][gc          ] GC(60) Pause Full (System.gc()) 770M->770M(5888M) 387.724ms
[27.926s][info][gc,metaspace] GC(61) Metaspace: 21383K(21760K)->21383K(21760K) NonClass: 17641K(17856K)->17641K(17856K) Class: 3741K(3904K)->3741K(3904K)
[27.926s][info][gc          ] GC(61) Pause Full (System.gc()) 770M->770M(5888M) 399.249ms
[28.356s][info][gc,metaspace] GC(62) Metaspace: 21383K(21760K)->21383K(21760K) NonClass: 17641K(17856K)->17641K(17856K) Class: 3741K(3904K)->3741K(3904K)
[28.357s][info][gc          ] GC(62) Pause Full (System.gc()) 770M->770M(5888M) 386.700ms
[28.741s][info][gc,metaspace] GC(63) Metaspace: 21383K(21760K)->21383K(21760K) NonClass: 17641K(17856K)->17641K(17856K) Class: 3741K(3904K)->3741K(3904K)
[28.742s][info][gc          ] GC(63) Pause Full (System.gc()) 770M->770M(5888M) 384.947ms
[29.147s][info][gc,metaspace] GC(64) Metaspace: 21383K(21760K)->21383K(21760K) NonClass: 17641K(17856K)->17641K(17856K) Class: 3741K(3904K)->3741K(3904K)
[29.147s][info][gc          ] GC(64) Pause Full (System.gc()) 770M->770M(5888M) 405.838ms
[29.541s][info][gc,metaspace] GC(65) Metaspace: 21383K(21760K)->21383K(21760K) NonClass: 17641K(17856K)->17641K(17856K) Class: 3741K(3904K)->3741K(3904K)
[29.541s][info][gc          ] GC(65) Pause Full (System.gc()) 770M->770M(5888M) 393.573ms
[29.978s][info][gc,metaspace] GC(66) Metaspace: 21383K(21760K)->21383K(21760K) NonClass: 17641K(17856K)->17641K(17856K) Class: 3741K(3904K)->3741K(3904K)
[29.978s][info][gc          ] GC(66) Pause Full (System.gc()) 770M->770M(5888M) 436.906ms
[30.374s][info][gc,metaspace] GC(67) Metaspace: 21383K(21760K)->21383K(21760K) NonClass: 17641K(17856K)->17641K(17856K) Class: 3741K(3904K)->3741K(3904K)
[30.374s][info][gc          ] GC(67) Pause Full (System.gc()) 770M->770M(5888M) 395.770ms
[30.765s][info][gc,metaspace] GC(68) Metaspace: 21383K(21760K)->21383K(21760K) NonClass: 17641K(17856K)->17641K(17856K) Class: 3741K(3904K)->3741K(3904K)
[30.765s][info][gc          ] GC(68) Pause Full (System.gc()) 770M->770M(5888M) 390.803ms
[31.214s][info][gc,metaspace] GC(69) Metaspace: 21383K(21760K)->21383K(21760K) NonClass: 17641K(17856K)->17641K(17856K) Class: 3741K(3904K)->3741K(3904K)
[31.214s][info][gc          ] GC(69) Pause Full (System.gc()) 770M->770M(5888M) 449.515ms
[31.615s][info][gc,metaspace] GC(70) Metaspace: 21383K(21760K)->21383K(21760K) NonClass: 17641K(17856K)->17641K(17856K) Class: 3741K(3904K)->3741K(3904K)
[31.615s][info][gc          ] GC(70) Pause Full (System.gc()) 770M->770M(5888M) 400.222ms
[32.005s][info][gc,metaspace] GC(71) Metaspace: 21383K(21760K)->21383K(21760K) NonClass: 17641K(17856K)->17641K(17856K) Class: 3741K(3904K)->3741K(3904K)
[32.005s][info][gc          ] GC(71) Pause Full (System.gc()) 770M->770M(5888M) 390.606ms
[32.411s][info][gc,metaspace] GC(72) Metaspace: 21383K(21760K)->21383K(21760K) NonClass: 17641K(17856K)->17641K(17856K) Class: 3741K(3904K)->3741K(3904K)
[32.411s][info][gc          ] GC(72) Pause Full (System.gc()) 770M->770M(5888M) 401.393ms
[32.796s][info][gc,metaspace] GC(73) Metaspace: 21383K(21760K)->21383K(21760K) NonClass: 17641K(17856K)->17641K(17856K) Class: 3741K(3904K)->3741K(3904K)
[32.796s][info][gc          ] GC(73) Pause Full (System.gc()) 770M->770M(5888M) 384.605ms
[33.198s][info][gc,metaspace] GC(74) Metaspace: 21383K(21760K)->21383K(21760K) NonClass: 17641K(17856K)->17641K(17856K) Class: 3741K(3904K)->3741K(3904K)
[33.198s][info][gc          ] GC(74) Pause Full (System.gc()) 770M->770M(5888M) 401.874ms
[33.585s][info][gc,metaspace] GC(75) Metaspace: 21383K(21760K)->21383K(21760K) NonClass: 17641K(17856K)->17641K(17856K) Class: 3741K(3904K)->3741K(3904K)
[33.585s][info][gc          ] GC(75) Pause Full (System.gc()) 770M->770M(5888M) 387.514ms
[34.027s][info][gc,metaspace] GC(76) Metaspace: 21383K(21760K)->21383K(21760K) NonClass: 17641K(17856K)->17641K(17856K) Class: 3741K(3904K)->3741K(3904K)
[34.027s][info][gc          ] GC(76) Pause Full (System.gc()) 770M->770M(5888M) 441.774ms
[34.424s][info][gc,metaspace] GC(77) Metaspace: 21383K(21760K)->21383K(21760K) NonClass: 17641K(17856K)->17641K(17856K) Class: 3741K(3904K)->3741K(3904K)
[34.424s][info][gc          ] GC(77) Pause Full (System.gc()) 770M->770M(5888M) 397.160ms
[34.821s][info][gc,metaspace] GC(78) Metaspace: 21383K(21760K)->21383K(21760K) NonClass: 17641K(17856K)->17641K(17856K) Class: 3741K(3904K)->3741K(3904K)
[34.821s][info][gc          ] GC(78) Pause Full (System.gc()) 770M->770M(5888M) 396.768ms
[35.224s][info][gc,metaspace] GC(79) Metaspace: 21383K(21760K)->21383K(21760K) NonClass: 17641K(17856K)->17641K(17856K) Class: 3741K(3904K)->3741K(3904K)
[35.224s][info][gc          ] GC(79) Pause Full (System.gc()) 770M->770M(5888M) 402.450ms
[35.615s][info][gc,metaspace] GC(80) Metaspace: 21383K(21760K)->21383K(21760K) NonClass: 17641K(17856K)->17641K(17856K) Class: 3741K(3904K)->3741K(3904K)
[35.615s][info][gc          ] GC(80) Pause Full (System.gc()) 770M->770M(5888M) 391.348ms
[36.048s][info][gc,metaspace] GC(81) Metaspace: 21383K(21760K)->21383K(21760K) NonClass: 17641K(17856K)->17641K(17856K) Class: 3741K(3904K)->3741K(3904K)
[36.049s][info][gc          ] GC(81) Pause Full (System.gc()) 770M->770M(5888M) 433.286ms
[36.442s][info][gc,metaspace] GC(82) Metaspace: 21383K(21760K)->21383K(21760K) NonClass: 17641K(17856K)->17641K(17856K) Class: 3741K(3904K)->3741K(3904K)
[36.442s][info][gc          ] GC(82) Pause Full (System.gc()) 770M->770M(5888M) 393.495ms
[36.832s][info][gc,metaspace] GC(83) Metaspace: 21383K(21760K)->21383K(21760K) NonClass: 17641K(17856K)->17641K(17856K) Class: 3741K(3904K)->3741K(3904K)
[36.832s][info][gc          ] GC(83) Pause Full (System.gc()) 770M->770M(5888M) 389.944ms
[37.230s][info][gc,metaspace] GC(84) Metaspace: 21383K(21760K)->21383K(21760K) NonClass: 17641K(17856K)->17641K(17856K) Class: 3741K(3904K)->3741K(3904K)
[37.230s][info][gc          ] GC(84) Pause Full (System.gc()) 770M->770M(5888M) 398.240ms
[37.625s][info][gc,metaspace] GC(85) Metaspace: 21383K(21760K)->21383K(21760K) NonClass: 17641K(17856K)->17641K(17856K) Class: 3741K(3904K)->3741K(3904K)
[37.625s][info][gc          ] GC(85) Pause Full (System.gc()) 770M->770M(5888M) 389.777ms
[38.057s][info][gc,metaspace] GC(86) Metaspace: 21383K(21760K)->21383K(21760K) NonClass: 17641K(17856K)->17641K(17856K) Class: 3741K(3904K)->3741K(3904K)
[38.057s][info][gc          ] GC(86) Pause Full (System.gc()) 770M->770M(5888M) 432.571ms
[38.453s][info][gc,metaspace] GC(87) Metaspace: 21383K(21760K)->21383K(21760K) NonClass: 17641K(17856K)->17641K(17856K) Class: 3741K(3904K)->3741K(3904K)
[38.453s][info][gc          ] GC(87) Pause Full (System.gc()) 770M->770M(5888M) 395.369ms
[38.840s][info][gc,metaspace] GC(88) Metaspace: 21383K(21760K)->21383K(21760K) NonClass: 17641K(17856K)->17641K(17856K) Class: 3741K(3904K)->3741K(3904K)
[38.840s][info][gc          ] GC(88) Pause Full (System.gc()) 770M->770M(5888M) 386.878ms
[39.234s][info][gc,metaspace] GC(89) Metaspace: 21383K(21760K)->21383K(21760K) NonClass: 17641K(17856K)->17641K(17856K) Class: 3741K(3904K)->3741K(3904K)
[39.234s][info][gc          ] GC(89) Pause Full (System.gc()) 770M->770M(5888M) 394.252ms
[39.620s][info][gc,metaspace] GC(90) Metaspace: 21383K(21760K)->21383K(21760K) NonClass: 17641K(17856K)->17641K(17856K) Class: 3741K(3904K)->3741K(3904K)
[39.620s][info][gc          ] GC(90) Pause Full (System.gc()) 770M->770M(5888M) 386.389ms
[40.052s][info][gc,metaspace] GC(91) Metaspace: 21383K(21760K)->21383K(21760K) NonClass: 17641K(17856K)->17641K(17856K) Class: 3741K(3904K)->3741K(3904K)
[40.052s][info][gc          ] GC(91) Pause Full (System.gc()) 770M->770M(5888M) 431.236ms
[40.443s][info][gc,metaspace] GC(92) Metaspace: 21383K(21760K)->21383K(21760K) NonClass: 17641K(17856K)->17641K(17856K) Class: 3741K(3904K)->3741K(3904K)
[40.444s][info][gc          ] GC(92) Pause Full (System.gc()) 770M->770M(5888M) 391.693ms
[40.831s][info][gc,metaspace] GC(93) Metaspace: 21383K(21760K)->21383K(21760K) NonClass: 17641K(17856K)->17641K(17856K) Class: 3741K(3904K)->3741K(3904K)
[40.831s][info][gc          ] GC(93) Pause Full (System.gc()) 770M->770M(5888M) 387.442ms
[41.227s][info][gc,metaspace] GC(94) Metaspace: 21383K(21760K)->21383K(21760K) NonClass: 17641K(17856K)->17641K(17856K) Class: 3741K(3904K)->3741K(3904K)
[41.227s][info][gc          ] GC(94) Pause Full (System.gc()) 770M->770M(5888M) 396.234ms
[41.615s][info][gc,metaspace] GC(95) Metaspace: 21383K(21760K)->21383K(21760K) NonClass: 17641K(17856K)->17641K(17856K) Class: 3741K(3904K)->3741K(3904K)
[41.615s][info][gc          ] GC(95) Pause Full (System.gc()) 770M->770M(5888M) 387.559ms
[42.059s][info][gc,metaspace] GC(96) Metaspace: 21383K(21760K)->21383K(21760K) NonClass: 17641K(17856K)->17641K(17856K) Class: 3741K(3904K)->3741K(3904K)
[42.059s][info][gc          ] GC(96) Pause Full (System.gc()) 770M->770M(5888M) 444.363ms
[42.457s][info][gc,metaspace] GC(97) Metaspace: 21383K(21760K)->21383K(21760K) NonClass: 17641K(17856K)->17641K(17856K) Class: 3741K(3904K)->3741K(3904K)
[42.457s][info][gc          ] GC(97) Pause Full (System.gc()) 770M->770M(5888M) 397.723ms
[42.854s][info][gc,metaspace] GC(98) Metaspace: 21383K(21760K)->21383K(21760K) NonClass: 17641K(17856K)->17641K(17856K) Class: 3741K(3904K)->3741K(3904K)
[42.854s][info][gc          ] GC(98) Pause Full (System.gc()) 770M->770M(5888M) 392.816ms
[43.279s][info][gc,metaspace] GC(99) Metaspace: 21383K(21760K)->21383K(21760K) NonClass: 17641K(17856K)->17641K(17856K) Class: 3741K(3904K)->3741K(3904K)
[43.279s][info][gc          ] GC(99) Pause Full (System.gc()) 770M->770M(5888M) 424.637ms
[43.665s][info][gc,metaspace] GC(100) Metaspace: 21383K(21760K)->21383K(21760K) NonClass: 17641K(17856K)->17641K(17856K) Class: 3741K(3904K)->3741K(3904K)
[43.665s][info][gc          ] GC(100) Pause Full (System.gc()) 770M->770M(5888M) 385.621ms
After GCs... 
