Done; will start GCs... 
[5.408s][info][gc,metaspace] GC(2) Metaspace: 21752K(22208K)->21752K(22208K) NonClass: 19275K(19520K)->19275K(19520K) Class: 2477K(2688K)->2477K(2688K)
[5.408s][info][gc          ] GC(2) Pause Young (System.gc()) 873M->771M(5888M) 2277.813ms
[7.502s][info][gc,metaspace] GC(3) Metaspace: 21752K(22208K)->21752K(22208K) NonClass: 19275K(19520K)->19275K(19520K) Class: 2477K(2688K)->2477K(2688K)
[7.502s][info][gc          ] GC(3) Pause Full (System.gc()) 771M->770M(5888M) 2093.671ms
[7.503s][info][gc,metaspace] GC(4) Metaspace: 21752K(22208K)->21752K(22208K) NonClass: 19275K(19520K)->19275K(19520K) Class: 2477K(2688K)->2477K(2688K)
[7.503s][info][gc          ] GC(4) Pause Young (System.gc()) 770M->770M(5888M) 0.544ms
[8.134s][info][gc,metaspace] GC(5) Metaspace: 21752K(22208K)->21752K(22208K) NonClass: 19275K(19520K)->19275K(19520K) Class: 2477K(2688K)->2477K(2688K)
[8.134s][info][gc          ] GC(5) Pause Full (System.gc()) 770M->770M(5888M) 630.656ms
[8.134s][info][gc,metaspace] GC(6) Metaspace: 21752K(22208K)->21752K(22208K) NonClass: 19275K(19520K)->19275K(19520K) Class: 2477K(2688K)->2477K(2688K)
[8.134s][info][gc          ] GC(6) Pause Young (System.gc()) 770M->770M(5888M) 0.464ms
[8.728s][info][gc,metaspace] GC(7) Metaspace: 21752K(22208K)->21752K(22208K) NonClass: 19275K(19520K)->19275K(19520K) Class: 2477K(2688K)->2477K(2688K)
[8.728s][info][gc          ] GC(7) Pause Full (System.gc()) 770M->770M(5888M) 593.695ms
[8.729s][info][gc,metaspace] GC(8) Metaspace: 21752K(22208K)->21752K(22208K) NonClass: 19275K(19520K)->19275K(19520K) Class: 2477K(2688K)->2477K(2688K)
[8.729s][info][gc          ] GC(8) Pause Young (System.gc()) 770M->770M(5888M) 0.486ms
[9.344s][info][gc,metaspace] GC(9) Metaspace: 21752K(22208K)->21752K(22208K) NonClass: 19275K(19520K)->19275K(19520K) Class: 2477K(2688K)->2477K(2688K)
[9.344s][info][gc          ] GC(9) Pause Full (System.gc()) 770M->770M(5888M) 615.604ms
[9.345s][info][gc,metaspace] GC(10) Metaspace: 21752K(22208K)->21752K(22208K) NonClass: 19275K(19520K)->19275K(19520K) Class: 2477K(2688K)->2477K(2688K)
[9.345s][info][gc          ] GC(10) Pause Young (System.gc()) 770M->770M(5888M) 0.524ms
[9.964s][info][gc,metaspace] GC(11) Metaspace: 21752K(22208K)->21752K(22208K) NonClass: 19275K(19520K)->19275K(19520K) Class: 2477K(2688K)->2477K(2688K)
[9.964s][info][gc          ] GC(11) Pause Full (System.gc()) 770M->770M(5888M) 619.311ms
[9.965s][info][gc,metaspace] GC(12) Metaspace: 21752K(22208K)->21752K(22208K) NonClass: 19275K(19520K)->19275K(19520K) Class: 2477K(2688K)->2477K(2688K)
[9.965s][info][gc          ] GC(12) Pause Young (System.gc()) 770M->770M(5888M) 0.479ms
[10.558s][info][gc,metaspace] GC(13) Metaspace: 21752K(22208K)->21752K(22208K) NonClass: 19275K(19520K)->19275K(19520K) Class: 2477K(2688K)->2477K(2688K)
[10.558s][info][gc          ] GC(13) Pause Full (System.gc()) 770M->770M(5888M) 592.783ms
[10.558s][info][gc,metaspace] GC(14) Metaspace: 21752K(22208K)->21752K(22208K) NonClass: 19275K(19520K)->19275K(19520K) Class: 2477K(2688K)->2477K(2688K)
[10.558s][info][gc          ] GC(14) Pause Young (System.gc()) 770M->770M(5888M) 0.507ms
[11.185s][info][gc,metaspace] GC(15) Metaspace: 21752K(22208K)->21752K(22208K) NonClass: 19275K(19520K)->19275K(19520K) Class: 2477K(2688K)->2477K(2688K)
[11.185s][info][gc          ] GC(15) Pause Full (System.gc()) 770M->770M(5888M) 627.075ms
[11.186s][info][gc,metaspace] GC(16) Metaspace: 21752K(22208K)->21752K(22208K) NonClass: 19275K(19520K)->19275K(19520K) Class: 2477K(2688K)->2477K(2688K)
[11.186s][info][gc          ] GC(16) Pause Young (System.gc()) 770M->770M(5888M) 0.492ms
[11.775s][info][gc,metaspace] GC(17) Metaspace: 21752K(22208K)->21752K(22208K) NonClass: 19275K(19520K)->19275K(19520K) Class: 2477K(2688K)->2477K(2688K)
[11.775s][info][gc          ] GC(17) Pause Full (System.gc()) 770M->770M(5888M) 588.644ms
[11.775s][info][gc,metaspace] GC(18) Metaspace: 21752K(22208K)->21752K(22208K) NonClass: 19275K(19520K)->19275K(19520K) Class: 2477K(2688K)->2477K(2688K)
[11.775s][info][gc          ] GC(18) Pause Young (System.gc()) 770M->770M(5888M) 0.717ms
[12.365s][info][gc,metaspace] GC(19) Metaspace: 21752K(22208K)->21752K(22208K) NonClass: 19275K(19520K)->19275K(19520K) Class: 2477K(2688K)->2477K(2688K)
[12.366s][info][gc          ] GC(19) Pause Full (System.gc()) 770M->770M(5888M) 590.008ms
[12.366s][info][gc,metaspace] GC(20) Metaspace: 21752K(22208K)->21752K(22208K) NonClass: 19275K(19520K)->19275K(19520K) Class: 2477K(2688K)->2477K(2688K)
[12.366s][info][gc          ] GC(20) Pause Young (System.gc()) 770M->770M(5888M) 0.471ms
[12.968s][info][gc,metaspace] GC(21) Metaspace: 21752K(22208K)->21752K(22208K) NonClass: 19275K(19520K)->19275K(19520K) Class: 2477K(2688K)->2477K(2688K)
[12.968s][info][gc          ] GC(21) Pause Full (System.gc()) 770M->770M(5888M) 601.751ms
[12.968s][info][gc,metaspace] GC(22) Metaspace: 21752K(22208K)->21752K(22208K) NonClass: 19275K(19520K)->19275K(19520K) Class: 2477K(2688K)->2477K(2688K)
[12.968s][info][gc          ] GC(22) Pause Young (System.gc()) 770M->770M(5888M) 0.517ms
[13.563s][info][gc,metaspace] GC(23) Metaspace: 21752K(22208K)->21752K(22208K) NonClass: 19275K(19520K)->19275K(19520K) Class: 2477K(2688K)->2477K(2688K)
[13.563s][info][gc          ] GC(23) Pause Full (System.gc()) 770M->770M(5888M) 594.593ms
[13.564s][info][gc,metaspace] GC(24) Metaspace: 21752K(22208K)->21752K(22208K) NonClass: 19275K(19520K)->19275K(19520K) Class: 2477K(2688K)->2477K(2688K)
[13.564s][info][gc          ] GC(24) Pause Young (System.gc()) 770M->770M(5888M) 0.809ms
[14.204s][info][gc,metaspace] GC(25) Metaspace: 21752K(22208K)->21752K(22208K) NonClass: 19275K(19520K)->19275K(19520K) Class: 2477K(2688K)->2477K(2688K)
[14.204s][info][gc          ] GC(25) Pause Full (System.gc()) 770M->770M(5888M) 639.876ms
[14.204s][info][gc,metaspace] GC(26) Metaspace: 21752K(22208K)->21752K(22208K) NonClass: 19275K(19520K)->19275K(19520K) Class: 2477K(2688K)->2477K(2688K)
[14.205s][info][gc          ] GC(26) Pause Young (System.gc()) 770M->770M(5888M) 0.498ms
[14.795s][info][gc,metaspace] GC(27) Metaspace: 21752K(22208K)->21752K(22208K) NonClass: 19275K(19520K)->19275K(19520K) Class: 2477K(2688K)->2477K(2688K)
[14.795s][info][gc          ] GC(27) Pause Full (System.gc()) 770M->770M(5888M) 590.187ms
[14.795s][info][gc,metaspace] GC(28) Metaspace: 21752K(22208K)->21752K(22208K) NonClass: 19275K(19520K)->19275K(19520K) Class: 2477K(2688K)->2477K(2688K)
[14.795s][info][gc          ] GC(28) Pause Young (System.gc()) 770M->770M(5888M) 0.462ms
[15.397s][info][gc,metaspace] GC(29) Metaspace: 21752K(22208K)->21752K(22208K) NonClass: 19275K(19520K)->19275K(19520K) Class: 2477K(2688K)->2477K(2688K)
[15.398s][info][gc          ] GC(29) Pause Full (System.gc()) 770M->770M(5888M) 602.225ms
[15.398s][info][gc,metaspace] GC(30) Metaspace: 21752K(22208K)->21752K(22208K) NonClass: 19275K(19520K)->19275K(19520K) Class: 2477K(2688K)->2477K(2688K)
[15.398s][info][gc          ] GC(30) Pause Young (System.gc()) 770M->770M(5888M) 0.414ms
[15.985s][info][gc,metaspace] GC(31) Metaspace: 21752K(22208K)->21752K(22208K) NonClass: 19275K(19520K)->19275K(19520K) Class: 2477K(2688K)->2477K(2688K)
[15.986s][info][gc          ] GC(31) Pause Full (System.gc()) 770M->770M(5888M) 587.468ms
[15.991s][info][gc,metaspace] GC(32) Metaspace: 21752K(22208K)->21752K(22208K) NonClass: 19275K(19520K)->19275K(19520K) Class: 2477K(2688K)->2477K(2688K)
[15.991s][info][gc          ] GC(32) Pause Young (System.gc()) 770M->770M(5888M) 0.758ms
[16.587s][info][gc,metaspace] GC(33) Metaspace: 21752K(22208K)->21752K(22208K) NonClass: 19275K(19520K)->19275K(19520K) Class: 2477K(2688K)->2477K(2688K)
[16.588s][info][gc          ] GC(33) Pause Full (System.gc()) 770M->770M(5888M) 596.860ms
[16.588s][info][gc,metaspace] GC(34) Metaspace: 21752K(22208K)->21752K(22208K) NonClass: 19275K(19520K)->19275K(19520K) Class: 2477K(2688K)->2477K(2688K)
[16.588s][info][gc          ] GC(34) Pause Young (System.gc()) 770M->770M(5888M) 0.782ms
[17.176s][info][gc,metaspace] GC(35) Metaspace: 21752K(22208K)->21752K(22208K) NonClass: 19275K(19520K)->19275K(19520K) Class: 2477K(2688K)->2477K(2688K)
[17.176s][info][gc          ] GC(35) Pause Full (System.gc()) 770M->770M(5888M) 587.423ms
[17.176s][info][gc,metaspace] GC(36) Metaspace: 21752K(22208K)->21752K(22208K) NonClass: 19275K(19520K)->19275K(19520K) Class: 2477K(2688K)->2477K(2688K)
[17.176s][info][gc          ] GC(36) Pause Young (System.gc()) 770M->770M(5888M) 0.433ms
[17.783s][info][gc,metaspace] GC(37) Metaspace: 21752K(22208K)->21752K(22208K) NonClass: 19275K(19520K)->19275K(19520K) Class: 2477K(2688K)->2477K(2688K)
[17.783s][info][gc          ] GC(37) Pause Full (System.gc()) 770M->770M(5888M) 607.016ms
[17.784s][info][gc,metaspace] GC(38) Metaspace: 21752K(22208K)->21752K(22208K) NonClass: 19275K(19520K)->19275K(19520K) Class: 2477K(2688K)->2477K(2688K)
[17.784s][info][gc          ] GC(38) Pause Young (System.gc()) 770M->770M(5888M) 0.782ms
[18.397s][info][gc,metaspace] GC(39) Metaspace: 21752K(22208K)->21752K(22208K) NonClass: 19275K(19520K)->19275K(19520K) Class: 2477K(2688K)->2477K(2688K)
[18.397s][info][gc          ] GC(39) Pause Full (System.gc()) 770M->770M(5888M) 613.090ms
[18.398s][info][gc,metaspace] GC(40) Metaspace: 21752K(22208K)->21752K(22208K) NonClass: 19275K(19520K)->19275K(19520K) Class: 2477K(2688K)->2477K(2688K)
[18.398s][info][gc          ] GC(40) Pause Young (System.gc()) 770M->770M(5888M) 0.554ms
[18.998s][info][gc,metaspace] GC(41) Metaspace: 21752K(22208K)->21752K(22208K) NonClass: 19275K(19520K)->19275K(19520K) Class: 2477K(2688K)->2477K(2688K)
[18.998s][info][gc          ] GC(41) Pause Full (System.gc()) 770M->770M(5888M) 599.840ms
[18.999s][info][gc,metaspace] GC(42) Metaspace: 21752K(22208K)->21752K(22208K) NonClass: 19275K(19520K)->19275K(19520K) Class: 2477K(2688K)->2477K(2688K)
[18.999s][info][gc          ] GC(42) Pause Young (System.gc()) 770M->770M(5888M) 0.765ms
[19.606s][info][gc,metaspace] GC(43) Metaspace: 21752K(22208K)->21752K(22208K) NonClass: 19275K(19520K)->19275K(19520K) Class: 2477K(2688K)->2477K(2688K)
[19.606s][info][gc          ] GC(43) Pause Full (System.gc()) 770M->770M(5888M) 607.603ms
[19.607s][info][gc,metaspace] GC(44) Metaspace: 21752K(22208K)->21752K(22208K) NonClass: 19275K(19520K)->19275K(19520K) Class: 2477K(2688K)->2477K(2688K)
[19.607s][info][gc          ] GC(44) Pause Young (System.gc()) 770M->770M(5888M) 0.451ms
[20.204s][info][gc,metaspace] GC(45) Metaspace: 21752K(22208K)->21752K(22208K) NonClass: 19275K(19520K)->19275K(19520K) Class: 2477K(2688K)->2477K(2688K)
[20.204s][info][gc          ] GC(45) Pause Full (System.gc()) 770M->770M(5888M) 597.150ms
[20.205s][info][gc,metaspace] GC(46) Metaspace: 21752K(22208K)->21752K(22208K) NonClass: 19275K(19520K)->19275K(19520K) Class: 2477K(2688K)->2477K(2688K)
[20.205s][info][gc          ] GC(46) Pause Young (System.gc()) 770M->770M(5888M) 0.477ms
[20.795s][info][gc,metaspace] GC(47) Metaspace: 21752K(22208K)->21752K(22208K) NonClass: 19275K(19520K)->19275K(19520K) Class: 2477K(2688K)->2477K(2688K)
[20.795s][info][gc          ] GC(47) Pause Full (System.gc()) 770M->770M(5888M) 590.231ms
[20.796s][info][gc,metaspace] GC(48) Metaspace: 21752K(22208K)->21752K(22208K) NonClass: 19275K(19520K)->19275K(19520K) Class: 2477K(2688K)->2477K(2688K)
[20.796s][info][gc          ] GC(48) Pause Young (System.gc()) 770M->770M(5888M) 0.449ms
[21.417s][info][gc,metaspace] GC(49) Metaspace: 21752K(22208K)->21752K(22208K) NonClass: 19275K(19520K)->19275K(19520K) Class: 2477K(2688K)->2477K(2688K)
[21.417s][info][gc          ] GC(49) Pause Full (System.gc()) 770M->770M(5888M) 621.251ms
[21.422s][info][gc,metaspace] GC(50) Metaspace: 21752K(22208K)->21752K(22208K) NonClass: 19275K(19520K)->19275K(19520K) Class: 2477K(2688K)->2477K(2688K)
[21.422s][info][gc          ] GC(50) Pause Young (System.gc()) 770M->770M(5888M) 0.468ms
[22.016s][info][gc,metaspace] GC(51) Metaspace: 21752K(22208K)->21752K(22208K) NonClass: 19275K(19520K)->19275K(19520K) Class: 2477K(2688K)->2477K(2688K)
[22.016s][info][gc          ] GC(51) Pause Full (System.gc()) 770M->770M(5888M) 594.162ms
[22.016s][info][gc,metaspace] GC(52) Metaspace: 21752K(22208K)->21752K(22208K) NonClass: 19275K(19520K)->19275K(19520K) Class: 2477K(2688K)->2477K(2688K)
[22.016s][info][gc          ] GC(52) Pause Young (System.gc()) 770M->770M(5888M) 0.495ms
[22.626s][info][gc,metaspace] GC(53) Metaspace: 21752K(22208K)->21752K(22208K) NonClass: 19275K(19520K)->19275K(19520K) Class: 2477K(2688K)->2477K(2688K)
[22.626s][info][gc          ] GC(53) Pause Full (System.gc()) 770M->770M(5888M) 609.284ms
[22.626s][info][gc,metaspace] GC(54) Metaspace: 21752K(22208K)->21752K(22208K) NonClass: 19275K(19520K)->19275K(19520K) Class: 2477K(2688K)->2477K(2688K)
[22.626s][info][gc          ] GC(54) Pause Young (System.gc()) 770M->770M(5888M) 0.443ms
[23.218s][info][gc,metaspace] GC(55) Metaspace: 21752K(22208K)->21752K(22208K) NonClass: 19275K(19520K)->19275K(19520K) Class: 2477K(2688K)->2477K(2688K)
[23.218s][info][gc          ] GC(55) Pause Full (System.gc()) 770M->770M(5888M) 591.290ms
[23.218s][info][gc,metaspace] GC(56) Metaspace: 21752K(22208K)->21752K(22208K) NonClass: 19275K(19520K)->19275K(19520K) Class: 2477K(2688K)->2477K(2688K)
[23.218s][info][gc          ] GC(56) Pause Young (System.gc()) 770M->770M(5888M) 0.461ms
[23.823s][info][gc,metaspace] GC(57) Metaspace: 21752K(22208K)->21752K(22208K) NonClass: 19275K(19520K)->19275K(19520K) Class: 2477K(2688K)->2477K(2688K)
[23.823s][info][gc          ] GC(57) Pause Full (System.gc()) 770M->770M(5888M) 605.180ms
[23.824s][info][gc,metaspace] GC(58) Metaspace: 21752K(22208K)->21752K(22208K) NonClass: 19275K(19520K)->19275K(19520K) Class: 2477K(2688K)->2477K(2688K)
[23.824s][info][gc          ] GC(58) Pause Young (System.gc()) 770M->770M(5888M) 0.443ms
[24.418s][info][gc,metaspace] GC(59) Metaspace: 21752K(22208K)->21752K(22208K) NonClass: 19275K(19520K)->19275K(19520K) Class: 2477K(2688K)->2477K(2688K)
[24.418s][info][gc          ] GC(59) Pause Full (System.gc()) 770M->770M(5888M) 593.983ms
[24.418s][info][gc,metaspace] GC(60) Metaspace: 21752K(22208K)->21752K(22208K) NonClass: 19275K(19520K)->19275K(19520K) Class: 2477K(2688K)->2477K(2688K)
[24.419s][info][gc          ] GC(60) Pause Young (System.gc()) 770M->770M(5888M) 0.459ms
[25.026s][info][gc,metaspace] GC(61) Metaspace: 21752K(22208K)->21752K(22208K) NonClass: 19275K(19520K)->19275K(19520K) Class: 2477K(2688K)->2477K(2688K)
[25.026s][info][gc          ] GC(61) Pause Full (System.gc()) 770M->770M(5888M) 607.272ms
[25.026s][info][gc,metaspace] GC(62) Metaspace: 21752K(22208K)->21752K(22208K) NonClass: 19275K(19520K)->19275K(19520K) Class: 2477K(2688K)->2477K(2688K)
[25.026s][info][gc          ] GC(62) Pause Young (System.gc()) 770M->770M(5888M) 0.485ms
[25.623s][info][gc,metaspace] GC(63) Metaspace: 21752K(22208K)->21752K(22208K) NonClass: 19275K(19520K)->19275K(19520K) Class: 2477K(2688K)->2477K(2688K)
[25.624s][info][gc          ] GC(63) Pause Full (System.gc()) 770M->770M(5888M) 597.095ms
[25.624s][info][gc,metaspace] GC(64) Metaspace: 21752K(22208K)->21752K(22208K) NonClass: 19275K(19520K)->19275K(19520K) Class: 2477K(2688K)->2477K(2688K)
[25.624s][info][gc          ] GC(64) Pause Young (System.gc()) 770M->770M(5888M) 0.488ms
[26.214s][info][gc,metaspace] GC(65) Metaspace: 21752K(22208K)->21752K(22208K) NonClass: 19275K(19520K)->19275K(19520K) Class: 2477K(2688K)->2477K(2688K)
[26.214s][info][gc          ] GC(65) Pause Full (System.gc()) 770M->770M(5888M) 589.857ms
[26.215s][info][gc,metaspace] GC(66) Metaspace: 21752K(22208K)->21752K(22208K) NonClass: 19275K(19520K)->19275K(19520K) Class: 2477K(2688K)->2477K(2688K)
[26.215s][info][gc          ] GC(66) Pause Young (System.gc()) 770M->770M(5888M) 0.738ms
[26.820s][info][gc,metaspace] GC(67) Metaspace: 21752K(22208K)->21752K(22208K) NonClass: 19275K(19520K)->19275K(19520K) Class: 2477K(2688K)->2477K(2688K)
[26.820s][info][gc          ] GC(67) Pause Full (System.gc()) 770M->770M(5888M) 604.688ms
[26.824s][info][gc,metaspace] GC(68) Metaspace: 21752K(22208K)->21752K(22208K) NonClass: 19275K(19520K)->19275K(19520K) Class: 2477K(2688K)->2477K(2688K)
[26.824s][info][gc          ] GC(68) Pause Young (System.gc()) 770M->770M(5888M) 0.450ms
[27.600s][info][gc,metaspace] GC(69) Metaspace: 21752K(22208K)->21752K(22208K) NonClass: 19275K(19520K)->19275K(19520K) Class: 2477K(2688K)->2477K(2688K)
[27.600s][info][gc          ] GC(69) Pause Full (System.gc()) 770M->770M(5888M) 775.242ms
[27.600s][info][gc,metaspace] GC(70) Metaspace: 21752K(22208K)->21752K(22208K) NonClass: 19275K(19520K)->19275K(19520K) Class: 2477K(2688K)->2477K(2688K)
[27.600s][info][gc          ] GC(70) Pause Young (System.gc()) 770M->770M(5888M) 0.447ms
[28.185s][info][gc,metaspace] GC(71) Metaspace: 21752K(22208K)->21752K(22208K) NonClass: 19275K(19520K)->19275K(19520K) Class: 2477K(2688K)->2477K(2688K)
[28.185s][info][gc          ] GC(71) Pause Full (System.gc()) 770M->770M(5888M) 584.697ms
[28.185s][info][gc,metaspace] GC(72) Metaspace: 21752K(22208K)->21752K(22208K) NonClass: 19275K(19520K)->19275K(19520K) Class: 2477K(2688K)->2477K(2688K)
[28.185s][info][gc          ] GC(72) Pause Young (System.gc()) 770M->770M(5888M) 0.461ms
[28.776s][info][gc,metaspace] GC(73) Metaspace: 21752K(22208K)->21752K(22208K) NonClass: 19275K(19520K)->19275K(19520K) Class: 2477K(2688K)->2477K(2688K)
[28.776s][info][gc          ] GC(73) Pause Full (System.gc()) 770M->770M(5888M) 590.854ms
[28.777s][info][gc,metaspace] GC(74) Metaspace: 21752K(22208K)->21752K(22208K) NonClass: 19275K(19520K)->19275K(19520K) Class: 2477K(2688K)->2477K(2688K)
[28.777s][info][gc          ] GC(74) Pause Young (System.gc()) 770M->770M(5888M) 0.761ms
[29.370s][info][gc,metaspace] GC(75) Metaspace: 21752K(22208K)->21752K(22208K) NonClass: 19275K(19520K)->19275K(19520K) Class: 2477K(2688K)->2477K(2688K)
[29.370s][info][gc          ] GC(75) Pause Full (System.gc()) 770M->770M(5888M) 592.295ms
[29.370s][info][gc,metaspace] GC(76) Metaspace: 21752K(22208K)->21752K(22208K) NonClass: 19275K(19520K)->19275K(19520K) Class: 2477K(2688K)->2477K(2688K)
[29.370s][info][gc          ] GC(76) Pause Young (System.gc()) 770M->770M(5888M) 0.432ms
[29.954s][info][gc,metaspace] GC(77) Metaspace: 21752K(22208K)->21752K(22208K) NonClass: 19275K(19520K)->19275K(19520K) Class: 2477K(2688K)->2477K(2688K)
[29.954s][info][gc          ] GC(77) Pause Full (System.gc()) 770M->770M(5888M) 583.714ms
[29.954s][info][gc,metaspace] GC(78) Metaspace: 21752K(22208K)->21752K(22208K) NonClass: 19275K(19520K)->19275K(19520K) Class: 2477K(2688K)->2477K(2688K)
[29.954s][info][gc          ] GC(78) Pause Young (System.gc()) 770M->770M(5888M) 0.475ms
[30.554s][info][gc,metaspace] GC(79) Metaspace: 21752K(22208K)->21752K(22208K) NonClass: 19275K(19520K)->19275K(19520K) Class: 2477K(2688K)->2477K(2688K)
[30.555s][info][gc          ] GC(79) Pause Full (System.gc()) 770M->770M(5888M) 600.098ms
[30.555s][info][gc,metaspace] GC(80) Metaspace: 21752K(22208K)->21752K(22208K) NonClass: 19275K(19520K)->19275K(19520K) Class: 2477K(2688K)->2477K(2688K)
[30.555s][info][gc          ] GC(80) Pause Young (System.gc()) 770M->770M(5888M) 0.461ms
[31.158s][info][gc,metaspace] GC(81) Metaspace: 21752K(22208K)->21752K(22208K) NonClass: 19275K(19520K)->19275K(19520K) Class: 2477K(2688K)->2477K(2688K)
[31.158s][info][gc          ] GC(81) Pause Full (System.gc()) 770M->770M(5888M) 603.268ms
[31.159s][info][gc,metaspace] GC(82) Metaspace: 21752K(22208K)->21752K(22208K) NonClass: 19275K(19520K)->19275K(19520K) Class: 2477K(2688K)->2477K(2688K)
[31.159s][info][gc          ] GC(82) Pause Young (System.gc()) 770M->770M(5888M) 0.762ms
[31.748s][info][gc,metaspace] GC(83) Metaspace: 21752K(22208K)->21752K(22208K) NonClass: 19275K(19520K)->19275K(19520K) Class: 2477K(2688K)->2477K(2688K)
[31.748s][info][gc          ] GC(83) Pause Full (System.gc()) 770M->770M(5888M) 588.671ms
[31.748s][info][gc,metaspace] GC(84) Metaspace: 21752K(22208K)->21752K(22208K) NonClass: 19275K(19520K)->19275K(19520K) Class: 2477K(2688K)->2477K(2688K)
[31.748s][info][gc          ] GC(84) Pause Young (System.gc()) 770M->770M(5888M) 0.452ms
[32.336s][info][gc,metaspace] GC(85) Metaspace: 21752K(22208K)->21752K(22208K) NonClass: 19275K(19520K)->19275K(19520K) Class: 2477K(2688K)->2477K(2688K)
[32.336s][info][gc          ] GC(85) Pause Full (System.gc()) 770M->770M(5888M) 587.863ms
[32.337s][info][gc,metaspace] GC(86) Metaspace: 21752K(22208K)->21752K(22208K) NonClass: 19275K(19520K)->19275K(19520K) Class: 2477K(2688K)->2477K(2688K)
[32.337s][info][gc          ] GC(86) Pause Young (System.gc()) 770M->770M(5888M) 0.463ms
[32.925s][info][gc,metaspace] GC(87) Metaspace: 21752K(22208K)->21752K(22208K) NonClass: 19275K(19520K)->19275K(19520K) Class: 2477K(2688K)->2477K(2688K)
[32.925s][info][gc          ] GC(87) Pause Full (System.gc()) 770M->770M(5888M) 588.245ms
[32.926s][info][gc,metaspace] GC(88) Metaspace: 21752K(22208K)->21752K(22208K) NonClass: 19275K(19520K)->19275K(19520K) Class: 2477K(2688K)->2477K(2688K)
[32.926s][info][gc          ] GC(88) Pause Young (System.gc()) 770M->770M(5888M) 0.456ms
[33.644s][info][gc,metaspace] GC(89) Metaspace: 21752K(22208K)->21752K(22208K) NonClass: 19275K(19520K)->19275K(19520K) Class: 2477K(2688K)->2477K(2688K)
[33.644s][info][gc          ] GC(89) Pause Full (System.gc()) 770M->770M(5888M) 718.186ms
[33.645s][info][gc,metaspace] GC(90) Metaspace: 21752K(22208K)->21752K(22208K) NonClass: 19275K(19520K)->19275K(19520K) Class: 2477K(2688K)->2477K(2688K)
[33.645s][info][gc          ] GC(90) Pause Young (System.gc()) 770M->770M(5888M) 0.524ms
[34.244s][info][gc,metaspace] GC(91) Metaspace: 21752K(22208K)->21752K(22208K) NonClass: 19275K(19520K)->19275K(19520K) Class: 2477K(2688K)->2477K(2688K)
[34.244s][info][gc          ] GC(91) Pause Full (System.gc()) 770M->770M(5888M) 599.301ms
[34.244s][info][gc,metaspace] GC(92) Metaspace: 21752K(22208K)->21752K(22208K) NonClass: 19275K(19520K)->19275K(19520K) Class: 2477K(2688K)->2477K(2688K)
[34.245s][info][gc          ] GC(92) Pause Young (System.gc()) 770M->770M(5888M) 0.489ms
[34.846s][info][gc,metaspace] GC(93) Metaspace: 21752K(22208K)->21752K(22208K) NonClass: 19275K(19520K)->19275K(19520K) Class: 2477K(2688K)->2477K(2688K)
[34.846s][info][gc          ] GC(93) Pause Full (System.gc()) 770M->770M(5888M) 601.624ms
[34.847s][info][gc,metaspace] GC(94) Metaspace: 21752K(22208K)->21752K(22208K) NonClass: 19275K(19520K)->19275K(19520K) Class: 2477K(2688K)->2477K(2688K)
[34.847s][info][gc          ] GC(94) Pause Young (System.gc()) 770M->770M(5888M) 0.605ms
[35.461s][info][gc,metaspace] GC(95) Metaspace: 21752K(22208K)->21752K(22208K) NonClass: 19275K(19520K)->19275K(19520K) Class: 2477K(2688K)->2477K(2688K)
[35.461s][info][gc          ] GC(95) Pause Full (System.gc()) 770M->770M(5888M) 613.918ms
[35.462s][info][gc,metaspace] GC(96) Metaspace: 21752K(22208K)->21752K(22208K) NonClass: 19275K(19520K)->19275K(19520K) Class: 2477K(2688K)->2477K(2688K)
[35.462s][info][gc          ] GC(96) Pause Young (System.gc()) 770M->770M(5888M) 0.655ms
[36.064s][info][gc,metaspace] GC(97) Metaspace: 21752K(22208K)->21752K(22208K) NonClass: 19275K(19520K)->19275K(19520K) Class: 2477K(2688K)->2477K(2688K)
[36.064s][info][gc          ] GC(97) Pause Full (System.gc()) 770M->770M(5888M) 602.795ms
[36.065s][info][gc,metaspace] GC(98) Metaspace: 21752K(22208K)->21752K(22208K) NonClass: 19275K(19520K)->19275K(19520K) Class: 2477K(2688K)->2477K(2688K)
[36.065s][info][gc          ] GC(98) Pause Young (System.gc()) 770M->770M(5888M) 0.472ms
[36.648s][info][gc,metaspace] GC(99) Metaspace: 21752K(22208K)->21752K(22208K) NonClass: 19275K(19520K)->19275K(19520K) Class: 2477K(2688K)->2477K(2688K)
[36.648s][info][gc          ] GC(99) Pause Full (System.gc()) 770M->770M(5888M) 582.801ms
[36.648s][info][gc,metaspace] GC(100) Metaspace: 21752K(22208K)->21752K(22208K) NonClass: 19275K(19520K)->19275K(19520K) Class: 2477K(2688K)->2477K(2688K)
[36.648s][info][gc          ] GC(100) Pause Young (System.gc()) 770M->770M(5888M) 0.483ms
[37.232s][info][gc,metaspace] GC(101) Metaspace: 21752K(22208K)->21752K(22208K) NonClass: 19275K(19520K)->19275K(19520K) Class: 2477K(2688K)->2477K(2688K)
[37.232s][info][gc          ] GC(101) Pause Full (System.gc()) 770M->770M(5888M) 583.550ms
[37.233s][info][gc,metaspace] GC(102) Metaspace: 21752K(22208K)->21752K(22208K) NonClass: 19275K(19520K)->19275K(19520K) Class: 2477K(2688K)->2477K(2688K)
[37.233s][info][gc          ] GC(102) Pause Young (System.gc()) 770M->770M(5888M) 0.712ms
[37.825s][info][gc,metaspace] GC(103) Metaspace: 21752K(22208K)->21752K(22208K) NonClass: 19275K(19520K)->19275K(19520K) Class: 2477K(2688K)->2477K(2688K)
[37.825s][info][gc          ] GC(103) Pause Full (System.gc()) 770M->770M(5888M) 592.439ms
[37.830s][info][gc,metaspace] GC(104) Metaspace: 21752K(22208K)->21752K(22208K) NonClass: 19275K(19520K)->19275K(19520K) Class: 2477K(2688K)->2477K(2688K)
[37.830s][info][gc          ] GC(104) Pause Young (System.gc()) 770M->770M(5888M) 0.556ms
[38.428s][info][gc,metaspace] GC(105) Metaspace: 21752K(22208K)->21752K(22208K) NonClass: 19275K(19520K)->19275K(19520K) Class: 2477K(2688K)->2477K(2688K)
[38.428s][info][gc          ] GC(105) Pause Full (System.gc()) 770M->770M(5888M) 597.835ms
[38.429s][info][gc,metaspace] GC(106) Metaspace: 21752K(22208K)->21752K(22208K) NonClass: 19275K(19520K)->19275K(19520K) Class: 2477K(2688K)->2477K(2688K)
[38.429s][info][gc          ] GC(106) Pause Young (System.gc()) 770M->770M(5888M) 0.446ms
[39.027s][info][gc,metaspace] GC(107) Metaspace: 21752K(22208K)->21752K(22208K) NonClass: 19275K(19520K)->19275K(19520K) Class: 2477K(2688K)->2477K(2688K)
[39.027s][info][gc          ] GC(107) Pause Full (System.gc()) 770M->770M(5888M) 598.775ms
[39.028s][info][gc,metaspace] GC(108) Metaspace: 21752K(22208K)->21752K(22208K) NonClass: 19275K(19520K)->19275K(19520K) Class: 2477K(2688K)->2477K(2688K)
[39.028s][info][gc          ] GC(108) Pause Young (System.gc()) 770M->770M(5888M) 0.503ms
[39.640s][info][gc,metaspace] GC(109) Metaspace: 21752K(22208K)->21752K(22208K) NonClass: 19275K(19520K)->19275K(19520K) Class: 2477K(2688K)->2477K(2688K)
[39.640s][info][gc          ] GC(109) Pause Full (System.gc()) 770M->770M(5888M) 611.909ms
[39.641s][info][gc,metaspace] GC(110) Metaspace: 21752K(22208K)->21752K(22208K) NonClass: 19275K(19520K)->19275K(19520K) Class: 2477K(2688K)->2477K(2688K)
[39.641s][info][gc          ] GC(110) Pause Young (System.gc()) 770M->770M(5888M) 0.581ms
[40.250s][info][gc,metaspace] GC(111) Metaspace: 21752K(22208K)->21752K(22208K) NonClass: 19275K(19520K)->19275K(19520K) Class: 2477K(2688K)->2477K(2688K)
[40.250s][info][gc          ] GC(111) Pause Full (System.gc()) 770M->770M(5888M) 609.170ms
[40.251s][info][gc,metaspace] GC(112) Metaspace: 21752K(22208K)->21752K(22208K) NonClass: 19275K(19520K)->19275K(19520K) Class: 2477K(2688K)->2477K(2688K)
[40.251s][info][gc          ] GC(112) Pause Young (System.gc()) 770M->770M(5888M) 0.715ms
[40.854s][info][gc,metaspace] GC(113) Metaspace: 21752K(22208K)->21752K(22208K) NonClass: 19275K(19520K)->19275K(19520K) Class: 2477K(2688K)->2477K(2688K)
[40.854s][info][gc          ] GC(113) Pause Full (System.gc()) 770M->770M(5888M) 603.059ms
[40.854s][info][gc,metaspace] GC(114) Metaspace: 21752K(22208K)->21752K(22208K) NonClass: 19275K(19520K)->19275K(19520K) Class: 2477K(2688K)->2477K(2688K)
[40.854s][info][gc          ] GC(114) Pause Young (System.gc()) 770M->770M(5888M) 0.489ms
[41.440s][info][gc,metaspace] GC(115) Metaspace: 21752K(22208K)->21752K(22208K) NonClass: 19275K(19520K)->19275K(19520K) Class: 2477K(2688K)->2477K(2688K)
[41.440s][info][gc          ] GC(115) Pause Full (System.gc()) 770M->770M(5888M) 586.127ms
[41.441s][info][gc,metaspace] GC(116) Metaspace: 21752K(22208K)->21752K(22208K) NonClass: 19275K(19520K)->19275K(19520K) Class: 2477K(2688K)->2477K(2688K)
[41.441s][info][gc          ] GC(116) Pause Young (System.gc()) 770M->770M(5888M) 0.712ms
[42.033s][info][gc,metaspace] GC(117) Metaspace: 21752K(22208K)->21752K(22208K) NonClass: 19275K(19520K)->19275K(19520K) Class: 2477K(2688K)->2477K(2688K)
[42.033s][info][gc          ] GC(117) Pause Full (System.gc()) 770M->770M(5888M) 591.399ms
[42.033s][info][gc,metaspace] GC(118) Metaspace: 21752K(22208K)->21752K(22208K) NonClass: 19275K(19520K)->19275K(19520K) Class: 2477K(2688K)->2477K(2688K)
[42.033s][info][gc          ] GC(118) Pause Young (System.gc()) 770M->770M(5888M) 0.476ms
[42.642s][info][gc,metaspace] GC(119) Metaspace: 21752K(22208K)->21752K(22208K) NonClass: 19275K(19520K)->19275K(19520K) Class: 2477K(2688K)->2477K(2688K)
[42.642s][info][gc          ] GC(119) Pause Full (System.gc()) 770M->770M(5888M) 608.773ms
[42.643s][info][gc,metaspace] GC(120) Metaspace: 21752K(22208K)->21752K(22208K) NonClass: 19275K(19520K)->19275K(19520K) Class: 2477K(2688K)->2477K(2688K)
[42.643s][info][gc          ] GC(120) Pause Young (System.gc()) 770M->770M(5888M) 0.473ms
[43.231s][info][gc,metaspace] GC(121) Metaspace: 21752K(22208K)->21752K(22208K) NonClass: 19275K(19520K)->19275K(19520K) Class: 2477K(2688K)->2477K(2688K)
[43.231s][info][gc          ] GC(121) Pause Full (System.gc()) 770M->770M(5888M) 588.706ms
[43.232s][info][gc,metaspace] GC(122) Metaspace: 21752K(22208K)->21752K(22208K) NonClass: 19275K(19520K)->19275K(19520K) Class: 2477K(2688K)->2477K(2688K)
[43.232s][info][gc          ] GC(122) Pause Young (System.gc()) 770M->770M(5888M) 0.473ms
[43.844s][info][gc,metaspace] GC(123) Metaspace: 21752K(22208K)->21752K(22208K) NonClass: 19275K(19520K)->19275K(19520K) Class: 2477K(2688K)->2477K(2688K)
[43.844s][info][gc          ] GC(123) Pause Full (System.gc()) 770M->770M(5888M) 612.244ms
[43.845s][info][gc,metaspace] GC(124) Metaspace: 21752K(22208K)->21752K(22208K) NonClass: 19275K(19520K)->19275K(19520K) Class: 2477K(2688K)->2477K(2688K)
[43.845s][info][gc          ] GC(124) Pause Young (System.gc()) 770M->770M(5888M) 0.447ms
[44.442s][info][gc,metaspace] GC(125) Metaspace: 21752K(22208K)->21752K(22208K) NonClass: 19275K(19520K)->19275K(19520K) Class: 2477K(2688K)->2477K(2688K)
[44.442s][info][gc          ] GC(125) Pause Full (System.gc()) 770M->770M(5888M) 597.620ms
[44.443s][info][gc,metaspace] GC(126) Metaspace: 21752K(22208K)->21752K(22208K) NonClass: 19275K(19520K)->19275K(19520K) Class: 2477K(2688K)->2477K(2688K)
[44.443s][info][gc          ] GC(126) Pause Young (System.gc()) 770M->770M(5888M) 0.447ms
[45.045s][info][gc,metaspace] GC(127) Metaspace: 21752K(22208K)->21752K(22208K) NonClass: 19275K(19520K)->19275K(19520K) Class: 2477K(2688K)->2477K(2688K)
[45.046s][info][gc          ] GC(127) Pause Full (System.gc()) 770M->770M(5888M) 602.580ms
[45.046s][info][gc,metaspace] GC(128) Metaspace: 21752K(22208K)->21752K(22208K) NonClass: 19275K(19520K)->19275K(19520K) Class: 2477K(2688K)->2477K(2688K)
[45.046s][info][gc          ] GC(128) Pause Young (System.gc()) 770M->770M(5888M) 0.612ms
[45.634s][info][gc,metaspace] GC(129) Metaspace: 21752K(22208K)->21752K(22208K) NonClass: 19275K(19520K)->19275K(19520K) Class: 2477K(2688K)->2477K(2688K)
[45.635s][info][gc          ] GC(129) Pause Full (System.gc()) 770M->770M(5888M) 588.249ms
[45.635s][info][gc,metaspace] GC(130) Metaspace: 21752K(22208K)->21752K(22208K) NonClass: 19275K(19520K)->19275K(19520K) Class: 2477K(2688K)->2477K(2688K)
[45.635s][info][gc          ] GC(130) Pause Young (System.gc()) 770M->770M(5888M) 0.454ms
[46.231s][info][gc,metaspace] GC(131) Metaspace: 21752K(22208K)->21752K(22208K) NonClass: 19275K(19520K)->19275K(19520K) Class: 2477K(2688K)->2477K(2688K)
[46.231s][info][gc          ] GC(131) Pause Full (System.gc()) 770M->770M(5888M) 596.229ms
[46.232s][info][gc,metaspace] GC(132) Metaspace: 21752K(22208K)->21752K(22208K) NonClass: 19275K(19520K)->19275K(19520K) Class: 2477K(2688K)->2477K(2688K)
[46.232s][info][gc          ] GC(132) Pause Young (System.gc()) 770M->770M(5888M) 0.566ms
[46.822s][info][gc,metaspace] GC(133) Metaspace: 21752K(22208K)->21752K(22208K) NonClass: 19275K(19520K)->19275K(19520K) Class: 2477K(2688K)->2477K(2688K)
[46.822s][info][gc          ] GC(133) Pause Full (System.gc()) 770M->770M(5888M) 590.321ms
[46.823s][info][gc,metaspace] GC(134) Metaspace: 21752K(22208K)->21752K(22208K) NonClass: 19275K(19520K)->19275K(19520K) Class: 2477K(2688K)->2477K(2688K)
[46.823s][info][gc          ] GC(134) Pause Young (System.gc()) 770M->770M(5888M) 0.785ms
[47.418s][info][gc,metaspace] GC(135) Metaspace: 21752K(22208K)->21752K(22208K) NonClass: 19275K(19520K)->19275K(19520K) Class: 2477K(2688K)->2477K(2688K)
[47.418s][info][gc          ] GC(135) Pause Full (System.gc()) 770M->770M(5888M) 594.379ms
[47.418s][info][gc,metaspace] GC(136) Metaspace: 21752K(22208K)->21752K(22208K) NonClass: 19275K(19520K)->19275K(19520K) Class: 2477K(2688K)->2477K(2688K)
[47.418s][info][gc          ] GC(136) Pause Young (System.gc()) 770M->770M(5888M) 0.419ms
[48.017s][info][gc,metaspace] GC(137) Metaspace: 21752K(22208K)->21752K(22208K) NonClass: 19275K(19520K)->19275K(19520K) Class: 2477K(2688K)->2477K(2688K)
[48.017s][info][gc          ] GC(137) Pause Full (System.gc()) 770M->770M(5888M) 599.247ms
[48.018s][info][gc,metaspace] GC(138) Metaspace: 21752K(22208K)->21752K(22208K) NonClass: 19275K(19520K)->19275K(19520K) Class: 2477K(2688K)->2477K(2688K)
[48.018s][info][gc          ] GC(138) Pause Young (System.gc()) 770M->770M(5888M) 0.480ms
[48.617s][info][gc,metaspace] GC(139) Metaspace: 21752K(22208K)->21752K(22208K) NonClass: 19275K(19520K)->19275K(19520K) Class: 2477K(2688K)->2477K(2688K)
[48.617s][info][gc          ] GC(139) Pause Full (System.gc()) 770M->770M(5888M) 599.426ms
[48.622s][info][gc,metaspace] GC(140) Metaspace: 21752K(22208K)->21752K(22208K) NonClass: 19275K(19520K)->19275K(19520K) Class: 2477K(2688K)->2477K(2688K)
[48.622s][info][gc          ] GC(140) Pause Young (System.gc()) 770M->770M(5888M) 0.489ms
[49.237s][info][gc,metaspace] GC(141) Metaspace: 21752K(22208K)->21752K(22208K) NonClass: 19275K(19520K)->19275K(19520K) Class: 2477K(2688K)->2477K(2688K)
[49.237s][info][gc          ] GC(141) Pause Full (System.gc()) 770M->770M(5888M) 615.072ms
[49.238s][info][gc,metaspace] GC(142) Metaspace: 21752K(22208K)->21752K(22208K) NonClass: 19275K(19520K)->19275K(19520K) Class: 2477K(2688K)->2477K(2688K)
[49.238s][info][gc          ] GC(142) Pause Young (System.gc()) 770M->770M(5888M) 0.485ms
[49.833s][info][gc,metaspace] GC(143) Metaspace: 21752K(22208K)->21752K(22208K) NonClass: 19275K(19520K)->19275K(19520K) Class: 2477K(2688K)->2477K(2688K)
[49.833s][info][gc          ] GC(143) Pause Full (System.gc()) 770M->770M(5888M) 594.744ms
[49.833s][info][gc,metaspace] GC(144) Metaspace: 21752K(22208K)->21752K(22208K) NonClass: 19275K(19520K)->19275K(19520K) Class: 2477K(2688K)->2477K(2688K)
[49.833s][info][gc          ] GC(144) Pause Young (System.gc()) 770M->770M(5888M) 0.489ms
[50.435s][info][gc,metaspace] GC(145) Metaspace: 21752K(22208K)->21752K(22208K) NonClass: 19275K(19520K)->19275K(19520K) Class: 2477K(2688K)->2477K(2688K)
[50.435s][info][gc          ] GC(145) Pause Full (System.gc()) 770M->770M(5888M) 602.073ms
[50.436s][info][gc,metaspace] GC(146) Metaspace: 21752K(22208K)->21752K(22208K) NonClass: 19275K(19520K)->19275K(19520K) Class: 2477K(2688K)->2477K(2688K)
[50.436s][info][gc          ] GC(146) Pause Young (System.gc()) 770M->770M(5888M) 0.856ms
[51.035s][info][gc,metaspace] GC(147) Metaspace: 21752K(22208K)->21752K(22208K) NonClass: 19275K(19520K)->19275K(19520K) Class: 2477K(2688K)->2477K(2688K)
[51.035s][info][gc          ] GC(147) Pause Full (System.gc()) 770M->770M(5888M) 598.778ms
[51.036s][info][gc,metaspace] GC(148) Metaspace: 21752K(22208K)->21752K(22208K) NonClass: 19275K(19520K)->19275K(19520K) Class: 2477K(2688K)->2477K(2688K)
[51.036s][info][gc          ] GC(148) Pause Young (System.gc()) 770M->770M(5888M) 0.451ms
[51.629s][info][gc,metaspace] GC(149) Metaspace: 21752K(22208K)->21752K(22208K) NonClass: 19275K(19520K)->19275K(19520K) Class: 2477K(2688K)->2477K(2688K)
[51.629s][info][gc          ] GC(149) Pause Full (System.gc()) 770M->770M(5888M) 593.443ms
[51.630s][info][gc,metaspace] GC(150) Metaspace: 21752K(22208K)->21752K(22208K) NonClass: 19275K(19520K)->19275K(19520K) Class: 2477K(2688K)->2477K(2688K)
[51.630s][info][gc          ] GC(150) Pause Young (System.gc()) 770M->770M(5888M) 0.504ms
[52.234s][info][gc,metaspace] GC(151) Metaspace: 21752K(22208K)->21752K(22208K) NonClass: 19275K(19520K)->19275K(19520K) Class: 2477K(2688K)->2477K(2688K)
[52.234s][info][gc          ] GC(151) Pause Full (System.gc()) 770M->770M(5888M) 603.893ms
[52.234s][info][gc,metaspace] GC(152) Metaspace: 21752K(22208K)->21752K(22208K) NonClass: 19275K(19520K)->19275K(19520K) Class: 2477K(2688K)->2477K(2688K)
[52.234s][info][gc          ] GC(152) Pause Young (System.gc()) 770M->770M(5888M) 0.480ms
[52.819s][info][gc,metaspace] GC(153) Metaspace: 21752K(22208K)->21752K(22208K) NonClass: 19275K(19520K)->19275K(19520K) Class: 2477K(2688K)->2477K(2688K)
[52.819s][info][gc          ] GC(153) Pause Full (System.gc()) 770M->770M(5888M) 584.293ms
[52.819s][info][gc,metaspace] GC(154) Metaspace: 21752K(22208K)->21752K(22208K) NonClass: 19275K(19520K)->19275K(19520K) Class: 2477K(2688K)->2477K(2688K)
[52.819s][info][gc          ] GC(154) Pause Young (System.gc()) 770M->770M(5888M) 0.630ms
[53.443s][info][gc,metaspace] GC(155) Metaspace: 21752K(22208K)->21752K(22208K) NonClass: 19275K(19520K)->19275K(19520K) Class: 2477K(2688K)->2477K(2688K)
[53.443s][info][gc          ] GC(155) Pause Full (System.gc()) 770M->770M(5888M) 623.930ms
[53.444s][info][gc,metaspace] GC(156) Metaspace: 21752K(22208K)->21752K(22208K) NonClass: 19275K(19520K)->19275K(19520K) Class: 2477K(2688K)->2477K(2688K)
[53.444s][info][gc          ] GC(156) Pause Young (System.gc()) 770M->770M(5888M) 0.428ms
[54.031s][info][gc,metaspace] GC(157) Metaspace: 21752K(22208K)->21752K(22208K) NonClass: 19275K(19520K)->19275K(19520K) Class: 2477K(2688K)->2477K(2688K)
[54.035s][info][gc          ] GC(157) Pause Full (System.gc()) 770M->770M(5888M) 591.036ms
[54.036s][info][gc,metaspace] GC(158) Metaspace: 21752K(22208K)->21752K(22208K) NonClass: 19275K(19520K)->19275K(19520K) Class: 2477K(2688K)->2477K(2688K)
[54.036s][info][gc          ] GC(158) Pause Young (System.gc()) 770M->770M(5888M) 0.767ms
[54.632s][info][gc,metaspace] GC(159) Metaspace: 21752K(22208K)->21752K(22208K) NonClass: 19275K(19520K)->19275K(19520K) Class: 2477K(2688K)->2477K(2688K)
[54.632s][info][gc          ] GC(159) Pause Full (System.gc()) 770M->770M(5888M) 595.737ms
[54.632s][info][gc,metaspace] GC(160) Metaspace: 21752K(22208K)->21752K(22208K) NonClass: 19275K(19520K)->19275K(19520K) Class: 2477K(2688K)->2477K(2688K)
[54.632s][info][gc          ] GC(160) Pause Young (System.gc()) 770M->770M(5888M) 0.441ms
[55.211s][info][gc,metaspace] GC(161) Metaspace: 21752K(22208K)->21752K(22208K) NonClass: 19275K(19520K)->19275K(19520K) Class: 2477K(2688K)->2477K(2688K)
[55.211s][info][gc          ] GC(161) Pause Full (System.gc()) 770M->770M(5888M) 578.493ms
[55.212s][info][gc,metaspace] GC(162) Metaspace: 21752K(22208K)->21752K(22208K) NonClass: 19275K(19520K)->19275K(19520K) Class: 2477K(2688K)->2477K(2688K)
[55.212s][info][gc          ] GC(162) Pause Young (System.gc()) 770M->770M(5888M) 0.777ms
[55.818s][info][gc,metaspace] GC(163) Metaspace: 21752K(22208K)->21752K(22208K) NonClass: 19275K(19520K)->19275K(19520K) Class: 2477K(2688K)->2477K(2688K)
[55.818s][info][gc          ] GC(163) Pause Full (System.gc()) 770M->770M(5888M) 606.877ms
[55.819s][info][gc,metaspace] GC(164) Metaspace: 21752K(22208K)->21752K(22208K) NonClass: 19275K(19520K)->19275K(19520K) Class: 2477K(2688K)->2477K(2688K)
[55.819s][info][gc          ] GC(164) Pause Young (System.gc()) 770M->770M(5888M) 0.469ms
[56.584s][info][gc,metaspace] GC(165) Metaspace: 21752K(22208K)->21752K(22208K) NonClass: 19275K(19520K)->19275K(19520K) Class: 2477K(2688K)->2477K(2688K)
[56.585s][info][gc          ] GC(165) Pause Full (System.gc()) 770M->770M(5888M) 765.437ms
[56.585s][info][gc,metaspace] GC(166) Metaspace: 21752K(22208K)->21752K(22208K) NonClass: 19275K(19520K)->19275K(19520K) Class: 2477K(2688K)->2477K(2688K)
[56.585s][info][gc          ] GC(166) Pause Young (System.gc()) 770M->770M(5888M) 0.496ms
[57.174s][info][gc,metaspace] GC(167) Metaspace: 21752K(22208K)->21752K(22208K) NonClass: 19275K(19520K)->19275K(19520K) Class: 2477K(2688K)->2477K(2688K)
[57.174s][info][gc          ] GC(167) Pause Full (System.gc()) 770M->770M(5888M) 589.020ms
[57.175s][info][gc,metaspace] GC(168) Metaspace: 21752K(22208K)->21752K(22208K) NonClass: 19275K(19520K)->19275K(19520K) Class: 2477K(2688K)->2477K(2688K)
[57.175s][info][gc          ] GC(168) Pause Young (System.gc()) 770M->770M(5888M) 0.470ms
[57.784s][info][gc,metaspace] GC(169) Metaspace: 21752K(22208K)->21752K(22208K) NonClass: 19275K(19520K)->19275K(19520K) Class: 2477K(2688K)->2477K(2688K)
[57.784s][info][gc          ] GC(169) Pause Full (System.gc()) 770M->770M(5888M) 608.842ms
[57.784s][info][gc,metaspace] GC(170) Metaspace: 21752K(22208K)->21752K(22208K) NonClass: 19275K(19520K)->19275K(19520K) Class: 2477K(2688K)->2477K(2688K)
[57.784s][info][gc          ] GC(170) Pause Young (System.gc()) 770M->770M(5888M) 0.757ms
[58.387s][info][gc,metaspace] GC(171) Metaspace: 21752K(22208K)->21752K(22208K) NonClass: 19275K(19520K)->19275K(19520K) Class: 2477K(2688K)->2477K(2688K)
[58.387s][info][gc          ] GC(171) Pause Full (System.gc()) 770M->770M(5888M) 602.519ms
[58.388s][info][gc,metaspace] GC(172) Metaspace: 21752K(22208K)->21752K(22208K) NonClass: 19275K(19520K)->19275K(19520K) Class: 2477K(2688K)->2477K(2688K)
[58.388s][info][gc          ] GC(172) Pause Young (System.gc()) 770M->770M(5888M) 0.771ms
[58.977s][info][gc,metaspace] GC(173) Metaspace: 21752K(22208K)->21752K(22208K) NonClass: 19275K(19520K)->19275K(19520K) Class: 2477K(2688K)->2477K(2688K)
[58.978s][info][gc          ] GC(173) Pause Full (System.gc()) 770M->770M(5888M) 589.617ms
[58.978s][info][gc,metaspace] GC(174) Metaspace: 21752K(22208K)->21752K(22208K) NonClass: 19275K(19520K)->19275K(19520K) Class: 2477K(2688K)->2477K(2688K)
[58.978s][info][gc          ] GC(174) Pause Young (System.gc()) 770M->770M(5888M) 0.472ms
[59.575s][info][gc,metaspace] GC(175) Metaspace: 21752K(22208K)->21752K(22208K) NonClass: 19275K(19520K)->19275K(19520K) Class: 2477K(2688K)->2477K(2688K)
[59.575s][info][gc          ] GC(175) Pause Full (System.gc()) 770M->770M(5888M) 597.298ms
[59.580s][info][gc,metaspace] GC(176) Metaspace: 21752K(22208K)->21752K(22208K) NonClass: 19275K(19520K)->19275K(19520K) Class: 2477K(2688K)->2477K(2688K)
[59.580s][info][gc          ] GC(176) Pause Young (System.gc()) 770M->770M(5888M) 0.492ms
[60.172s][info][gc,metaspace] GC(177) Metaspace: 21752K(22208K)->21752K(22208K) NonClass: 19275K(19520K)->19275K(19520K) Class: 2477K(2688K)->2477K(2688K)
[60.172s][info][gc          ] GC(177) Pause Full (System.gc()) 770M->770M(5888M) 591.217ms
[60.172s][info][gc,metaspace] GC(178) Metaspace: 21752K(22208K)->21752K(22208K) NonClass: 19275K(19520K)->19275K(19520K) Class: 2477K(2688K)->2477K(2688K)
[60.172s][info][gc          ] GC(178) Pause Young (System.gc()) 770M->770M(5888M) 0.537ms
[60.760s][info][gc,metaspace] GC(179) Metaspace: 21752K(22208K)->21752K(22208K) NonClass: 19275K(19520K)->19275K(19520K) Class: 2477K(2688K)->2477K(2688K)
[60.760s][info][gc          ] GC(179) Pause Full (System.gc()) 770M->770M(5888M) 587.883ms
[60.761s][info][gc,metaspace] GC(180) Metaspace: 21752K(22208K)->21752K(22208K) NonClass: 19275K(19520K)->19275K(19520K) Class: 2477K(2688K)->2477K(2688K)
[60.761s][info][gc          ] GC(180) Pause Young (System.gc()) 770M->770M(5888M) 0.567ms
[61.360s][info][gc,metaspace] GC(181) Metaspace: 21752K(22208K)->21752K(22208K) NonClass: 19275K(19520K)->19275K(19520K) Class: 2477K(2688K)->2477K(2688K)
[61.360s][info][gc          ] GC(181) Pause Full (System.gc()) 770M->770M(5888M) 599.333ms
[61.361s][info][gc,metaspace] GC(182) Metaspace: 21752K(22208K)->21752K(22208K) NonClass: 19275K(19520K)->19275K(19520K) Class: 2477K(2688K)->2477K(2688K)
[61.361s][info][gc          ] GC(182) Pause Young (System.gc()) 770M->770M(5888M) 0.535ms
[61.944s][info][gc,metaspace] GC(183) Metaspace: 21752K(22208K)->21752K(22208K) NonClass: 19275K(19520K)->19275K(19520K) Class: 2477K(2688K)->2477K(2688K)
[61.944s][info][gc          ] GC(183) Pause Full (System.gc()) 770M->770M(5888M) 583.139ms
[61.944s][info][gc,metaspace] GC(184) Metaspace: 21752K(22208K)->21752K(22208K) NonClass: 19275K(19520K)->19275K(19520K) Class: 2477K(2688K)->2477K(2688K)
[61.944s][info][gc          ] GC(184) Pause Young (System.gc()) 770M->770M(5888M) 0.450ms
[62.556s][info][gc,metaspace] GC(185) Metaspace: 21752K(22208K)->21752K(22208K) NonClass: 19275K(19520K)->19275K(19520K) Class: 2477K(2688K)->2477K(2688K)
[62.556s][info][gc          ] GC(185) Pause Full (System.gc()) 770M->770M(5888M) 611.855ms
[62.557s][info][gc,metaspace] GC(186) Metaspace: 21752K(22208K)->21752K(22208K) NonClass: 19275K(19520K)->19275K(19520K) Class: 2477K(2688K)->2477K(2688K)
[62.557s][info][gc          ] GC(186) Pause Young (System.gc()) 770M->770M(5888M) 0.483ms
[63.159s][info][gc,metaspace] GC(187) Metaspace: 21752K(22208K)->21752K(22208K) NonClass: 19275K(19520K)->19275K(19520K) Class: 2477K(2688K)->2477K(2688K)
[63.159s][info][gc          ] GC(187) Pause Full (System.gc()) 770M->770M(5888M) 602.437ms
[63.160s][info][gc,metaspace] GC(188) Metaspace: 21752K(22208K)->21752K(22208K) NonClass: 19275K(19520K)->19275K(19520K) Class: 2477K(2688K)->2477K(2688K)
[63.160s][info][gc          ] GC(188) Pause Young (System.gc()) 786M->770M(5888M) 0.791ms
[63.768s][info][gc,metaspace] GC(189) Metaspace: 21752K(22208K)->21752K(22208K) NonClass: 19275K(19520K)->19275K(19520K) Class: 2477K(2688K)->2477K(2688K)
[63.768s][info][gc          ] GC(189) Pause Full (System.gc()) 770M->770M(5888M) 607.458ms
[63.768s][info][gc,metaspace] GC(190) Metaspace: 21752K(22208K)->21752K(22208K) NonClass: 19275K(19520K)->19275K(19520K) Class: 2477K(2688K)->2477K(2688K)
[63.768s][info][gc          ] GC(190) Pause Young (System.gc()) 770M->770M(5888M) 0.517ms
[64.374s][info][gc,metaspace] GC(191) Metaspace: 21752K(22208K)->21752K(22208K) NonClass: 19275K(19520K)->19275K(19520K) Class: 2477K(2688K)->2477K(2688K)
[64.374s][info][gc          ] GC(191) Pause Full (System.gc()) 770M->770M(5888M) 605.323ms
[64.374s][info][gc,metaspace] GC(192) Metaspace: 21752K(22208K)->21752K(22208K) NonClass: 19275K(19520K)->19275K(19520K) Class: 2477K(2688K)->2477K(2688K)
[64.374s][info][gc          ] GC(192) Pause Young (System.gc()) 770M->770M(5888M) 0.429ms
[64.975s][info][gc,metaspace] GC(193) Metaspace: 21752K(22208K)->21752K(22208K) NonClass: 19275K(19520K)->19275K(19520K) Class: 2477K(2688K)->2477K(2688K)
[64.975s][info][gc          ] GC(193) Pause Full (System.gc()) 770M->770M(5888M) 600.848ms
[64.980s][info][gc,metaspace] GC(194) Metaspace: 21752K(22208K)->21752K(22208K) NonClass: 19275K(19520K)->19275K(19520K) Class: 2477K(2688K)->2477K(2688K)
[64.980s][info][gc          ] GC(194) Pause Young (System.gc()) 770M->770M(5888M) 0.464ms
[65.574s][info][gc,metaspace] GC(195) Metaspace: 21752K(22208K)->21752K(22208K) NonClass: 19275K(19520K)->19275K(19520K) Class: 2477K(2688K)->2477K(2688K)
[65.574s][info][gc          ] GC(195) Pause Full (System.gc()) 770M->770M(5888M) 594.255ms
[65.575s][info][gc,metaspace] GC(196) Metaspace: 21752K(22208K)->21752K(22208K) NonClass: 19275K(19520K)->19275K(19520K) Class: 2477K(2688K)->2477K(2688K)
[65.575s][info][gc          ] GC(196) Pause Young (System.gc()) 770M->770M(5888M) 0.756ms
[66.163s][info][gc,metaspace] GC(197) Metaspace: 21752K(22208K)->21752K(22208K) NonClass: 19275K(19520K)->19275K(19520K) Class: 2477K(2688K)->2477K(2688K)
[66.163s][info][gc          ] GC(197) Pause Full (System.gc()) 770M->770M(5888M) 587.603ms
[66.163s][info][gc,metaspace] GC(198) Metaspace: 21752K(22208K)->21752K(22208K) NonClass: 19275K(19520K)->19275K(19520K) Class: 2477K(2688K)->2477K(2688K)
[66.163s][info][gc          ] GC(198) Pause Young (System.gc()) 770M->770M(5888M) 0.449ms
[66.763s][info][gc,metaspace] GC(199) Metaspace: 21752K(22208K)->21752K(22208K) NonClass: 19275K(19520K)->19275K(19520K) Class: 2477K(2688K)->2477K(2688K)
[66.764s][info][gc          ] GC(199) Pause Full (System.gc()) 770M->770M(5888M) 600.087ms
[66.764s][info][gc,metaspace] GC(200) Metaspace: 21752K(22208K)->21752K(22208K) NonClass: 19275K(19520K)->19275K(19520K) Class: 2477K(2688K)->2477K(2688K)
[66.764s][info][gc          ] GC(200) Pause Young (System.gc()) 770M->770M(5888M) 0.428ms
[67.371s][info][gc,metaspace] GC(201) Metaspace: 21752K(22208K)->21752K(22208K) NonClass: 19275K(19520K)->19275K(19520K) Class: 2477K(2688K)->2477K(2688K)
[67.371s][info][gc          ] GC(201) Pause Full (System.gc()) 770M->770M(5888M) 606.742ms
After GCs... 
