[0.001s][info][metaspace]  - commit_granule_bytes: 65536.
[0.001s][info][metaspace]  - commit_granule_words: 8192.
[0.001s][info][metaspace]  - virtual_space_node_default_size: 8388608.
[0.001s][info][metaspace]  - enlarge_chunks_in_place: 1.
[0.001s][info][metaspace]  - use_allocation_guard: 0.
[0.005s][info][gc       ] Using Parallel
[0.376s][info][metaspace] Reserving compressed class space anywhere
[0.376s][info][gc,metaspace] CDS archive(s) not mapped
[0.376s][info][gc,metaspace] Compressed class space mapped at: 0x000000001d000000-0x00000000dd000000, reserved size: 3221225472
[0.376s][info][gc,metaspace] UseCompressedClassPointers 1, UseCompactObjectHeaders 1, narrow klass pointer bits 22, max shift 10
[0.376s][info][gc,metaspace] Narrow klass base: 0x000000001d000000, Narrow klass shift: 10, Narrow klass range: 0xc0000000
Num Classes: 16
Num Objects per Class: 4194304
Cycles: 100
Class association: random
Generate 16 classes...
Loading 16...[1.023s][info][gc,metaspace] GC(0) Metaspace: 21321K(21632K)->21321K(21632K) NonClass: 17587K(17792K)->17587K(17792K) Class: 3733K(3840K)->3733K(3840K)
[1.023s][info][gc          ] GC(0) Pause Full (System.gc()) 215M->2M(5888M) 10.843ms
Creating 4194304 objects per class...
Done; will start GCs... 
[3.710s][info][gc,metaspace] GC(1) Metaspace: 21375K(21760K)->21375K(21760K) NonClass: 17633K(17856K)->17633K(17856K) Class: 3741K(3904K)->3741K(3904K)
[3.710s][info][gc          ] GC(1) Pause Full (System.gc()) 873M->770M(5888M) 596.418ms
[4.063s][info][gc,metaspace] GC(2) Metaspace: 21375K(21760K)->21375K(21760K) NonClass: 17633K(17856K)->17633K(17856K) Class: 3741K(3904K)->3741K(3904K)
[4.063s][info][gc          ] GC(2) Pause Full (System.gc()) 770M->770M(5888M) 352.973ms
[4.413s][info][gc,metaspace] GC(3) Metaspace: 21375K(21760K)->21375K(21760K) NonClass: 17633K(17856K)->17633K(17856K) Class: 3741K(3904K)->3741K(3904K)
[4.413s][info][gc          ] GC(3) Pause Full (System.gc()) 770M->770M(5888M) 350.199ms
[4.801s][info][gc,metaspace] GC(4) Metaspace: 21375K(21760K)->21375K(21760K) NonClass: 17633K(17856K)->17633K(17856K) Class: 3741K(3904K)->3741K(3904K)
[4.801s][info][gc          ] GC(4) Pause Full (System.gc()) 770M->770M(5888M) 387.512ms
[5.159s][info][gc,metaspace] GC(5) Metaspace: 21375K(21760K)->21375K(21760K) NonClass: 17633K(17856K)->17633K(17856K) Class: 3741K(3904K)->3741K(3904K)
[5.159s][info][gc          ] GC(5) Pause Full (System.gc()) 770M->770M(5888M) 358.353ms
[5.510s][info][gc,metaspace] GC(6) Metaspace: 21375K(21760K)->21375K(21760K) NonClass: 17633K(17856K)->17633K(17856K) Class: 3741K(3904K)->3741K(3904K)
[5.510s][info][gc          ] GC(6) Pause Full (System.gc()) 770M->770M(5888M) 350.420ms
[5.863s][info][gc,metaspace] GC(7) Metaspace: 21375K(21760K)->21375K(21760K) NonClass: 17633K(17856K)->17633K(17856K) Class: 3741K(3904K)->3741K(3904K)
[5.863s][info][gc          ] GC(7) Pause Full (System.gc()) 770M->770M(5888M) 353.443ms
[6.216s][info][gc,metaspace] GC(8) Metaspace: 21375K(21760K)->21375K(21760K) NonClass: 17633K(17856K)->17633K(17856K) Class: 3741K(3904K)->3741K(3904K)
[6.216s][info][gc          ] GC(8) Pause Full (System.gc()) 770M->770M(5888M) 352.528ms
[6.567s][info][gc,metaspace] GC(9) Metaspace: 21375K(21760K)->21375K(21760K) NonClass: 17633K(17856K)->17633K(17856K) Class: 3741K(3904K)->3741K(3904K)
[6.567s][info][gc          ] GC(9) Pause Full (System.gc()) 770M->770M(5888M) 350.719ms
[6.973s][info][gc,metaspace] GC(10) Metaspace: 21375K(21760K)->21375K(21760K) NonClass: 17633K(17856K)->17633K(17856K) Class: 3741K(3904K)->3741K(3904K)
[6.973s][info][gc          ] GC(10) Pause Full (System.gc()) 770M->770M(5888M) 406.317ms
[7.330s][info][gc,metaspace] GC(11) Metaspace: 21375K(21760K)->21375K(21760K) NonClass: 17633K(17856K)->17633K(17856K) Class: 3741K(3904K)->3741K(3904K)
[7.330s][info][gc          ] GC(11) Pause Full (System.gc()) 770M->770M(5888M) 356.506ms
[7.678s][info][gc,metaspace] GC(12) Metaspace: 21375K(21760K)->21375K(21760K) NonClass: 17633K(17856K)->17633K(17856K) Class: 3741K(3904K)->3741K(3904K)
[7.678s][info][gc          ] GC(12) Pause Full (System.gc()) 770M->770M(5888M) 348.109ms
[8.051s][info][gc,metaspace] GC(13) Metaspace: 21375K(21760K)->21375K(21760K) NonClass: 17633K(17856K)->17633K(17856K) Class: 3741K(3904K)->3741K(3904K)
[8.051s][info][gc          ] GC(13) Pause Full (System.gc()) 770M->770M(5888M) 372.819ms
[8.397s][info][gc,metaspace] GC(14) Metaspace: 21375K(21760K)->21375K(21760K) NonClass: 17633K(17856K)->17633K(17856K) Class: 3741K(3904K)->3741K(3904K)
[8.397s][info][gc          ] GC(14) Pause Full (System.gc()) 770M->770M(5888M) 346.171ms
[8.797s][info][gc,metaspace] GC(15) Metaspace: 21375K(21760K)->21375K(21760K) NonClass: 17633K(17856K)->17633K(17856K) Class: 3741K(3904K)->3741K(3904K)
[8.797s][info][gc          ] GC(15) Pause Full (System.gc()) 770M->770M(5888M) 399.824ms
[9.160s][info][gc,metaspace] GC(16) Metaspace: 21375K(21760K)->21375K(21760K) NonClass: 17633K(17856K)->17633K(17856K) Class: 3741K(3904K)->3741K(3904K)
[9.160s][info][gc          ] GC(16) Pause Full (System.gc()) 770M->770M(5888M) 363.265ms
[9.508s][info][gc,metaspace] GC(17) Metaspace: 21375K(21760K)->21375K(21760K) NonClass: 17633K(17856K)->17633K(17856K) Class: 3741K(3904K)->3741K(3904K)
[9.508s][info][gc          ] GC(17) Pause Full (System.gc()) 770M->770M(5888M) 347.624ms
[9.860s][info][gc,metaspace] GC(18) Metaspace: 21375K(21760K)->21375K(21760K) NonClass: 17633K(17856K)->17633K(17856K) Class: 3741K(3904K)->3741K(3904K)
[9.861s][info][gc          ] GC(18) Pause Full (System.gc()) 770M->770M(5888M) 352.302ms
[10.221s][info][gc,metaspace] GC(19) Metaspace: 21375K(21760K)->21375K(21760K) NonClass: 17633K(17856K)->17633K(17856K) Class: 3741K(3904K)->3741K(3904K)
[10.221s][info][gc          ] GC(19) Pause Full (System.gc()) 770M->770M(5888M) 356.454ms
[10.572s][info][gc,metaspace] GC(20) Metaspace: 21375K(21760K)->21375K(21760K) NonClass: 17633K(17856K)->17633K(17856K) Class: 3741K(3904K)->3741K(3904K)
[10.572s][info][gc          ] GC(20) Pause Full (System.gc()) 770M->770M(5888M) 350.616ms
[10.983s][info][gc,metaspace] GC(21) Metaspace: 21375K(21760K)->21375K(21760K) NonClass: 17633K(17856K)->17633K(17856K) Class: 3741K(3904K)->3741K(3904K)
[10.983s][info][gc          ] GC(21) Pause Full (System.gc()) 770M->770M(5888M) 411.238ms
[11.339s][info][gc,metaspace] GC(22) Metaspace: 21375K(21760K)->21375K(21760K) NonClass: 17633K(17856K)->17633K(17856K) Class: 3741K(3904K)->3741K(3904K)
[11.339s][info][gc          ] GC(22) Pause Full (System.gc()) 770M->770M(5888M) 355.345ms
[11.700s][info][gc,metaspace] GC(23) Metaspace: 21375K(21760K)->21375K(21760K) NonClass: 17633K(17856K)->17633K(17856K) Class: 3741K(3904K)->3741K(3904K)
[11.701s][info][gc          ] GC(23) Pause Full (System.gc()) 770M->770M(5888M) 361.691ms
[12.057s][info][gc,metaspace] GC(24) Metaspace: 21375K(21760K)->21375K(21760K) NonClass: 17633K(17856K)->17633K(17856K) Class: 3741K(3904K)->3741K(3904K)
[12.057s][info][gc          ] GC(24) Pause Full (System.gc()) 770M->770M(5888M) 356.440ms
[12.408s][info][gc,metaspace] GC(25) Metaspace: 21375K(21760K)->21375K(21760K) NonClass: 17633K(17856K)->17633K(17856K) Class: 3741K(3904K)->3741K(3904K)
[12.408s][info][gc          ] GC(25) Pause Full (System.gc()) 770M->770M(5888M) 351.096ms
[12.792s][info][gc,metaspace] GC(26) Metaspace: 21375K(21760K)->21375K(21760K) NonClass: 17633K(17856K)->17633K(17856K) Class: 3741K(3904K)->3741K(3904K)
[12.792s][info][gc          ] GC(26) Pause Full (System.gc()) 770M->770M(5888M) 383.636ms
[13.141s][info][gc,metaspace] GC(27) Metaspace: 21375K(21760K)->21375K(21760K) NonClass: 17633K(17856K)->17633K(17856K) Class: 3741K(3904K)->3741K(3904K)
[13.141s][info][gc          ] GC(27) Pause Full (System.gc()) 770M->770M(5888M) 349.461ms
[13.500s][info][gc,metaspace] GC(28) Metaspace: 21375K(21760K)->21375K(21760K) NonClass: 17633K(17856K)->17633K(17856K) Class: 3741K(3904K)->3741K(3904K)
[13.500s][info][gc          ] GC(28) Pause Full (System.gc()) 770M->770M(5888M) 358.198ms
[13.862s][info][gc,metaspace] GC(29) Metaspace: 21375K(21760K)->21375K(21760K) NonClass: 17633K(17856K)->17633K(17856K) Class: 3741K(3904K)->3741K(3904K)
[13.863s][info][gc          ] GC(29) Pause Full (System.gc()) 770M->770M(5888M) 362.726ms
[14.210s][info][gc,metaspace] GC(30) Metaspace: 21375K(21760K)->21375K(21760K) NonClass: 17633K(17856K)->17633K(17856K) Class: 3741K(3904K)->3741K(3904K)
[14.210s][info][gc          ] GC(30) Pause Full (System.gc()) 770M->770M(5888M) 347.369ms
[14.557s][info][gc,metaspace] GC(31) Metaspace: 21375K(21760K)->21375K(21760K) NonClass: 17633K(17856K)->17633K(17856K) Class: 3741K(3904K)->3741K(3904K)
[14.557s][info][gc          ] GC(31) Pause Full (System.gc()) 770M->770M(5888M) 346.872ms
[14.966s][info][gc,metaspace] GC(32) Metaspace: 21375K(21760K)->21375K(21760K) NonClass: 17633K(17856K)->17633K(17856K) Class: 3741K(3904K)->3741K(3904K)
[14.966s][info][gc          ] GC(32) Pause Full (System.gc()) 770M->770M(5888M) 408.997ms
[15.324s][info][gc,metaspace] GC(33) Metaspace: 21375K(21760K)->21375K(21760K) NonClass: 17633K(17856K)->17633K(17856K) Class: 3741K(3904K)->3741K(3904K)
[15.324s][info][gc          ] GC(33) Pause Full (System.gc()) 770M->770M(5888M) 354.048ms
[15.676s][info][gc,metaspace] GC(34) Metaspace: 21375K(21760K)->21375K(21760K) NonClass: 17633K(17856K)->17633K(17856K) Class: 3741K(3904K)->3741K(3904K)
[15.676s][info][gc          ] GC(34) Pause Full (System.gc()) 770M->770M(5888M) 351.118ms
[16.034s][info][gc,metaspace] GC(35) Metaspace: 21375K(21760K)->21375K(21760K) NonClass: 17633K(17856K)->17633K(17856K) Class: 3741K(3904K)->3741K(3904K)
[16.034s][info][gc          ] GC(35) Pause Full (System.gc()) 770M->770M(5888M) 358.495ms
[16.446s][info][gc,metaspace] GC(36) Metaspace: 21375K(21760K)->21375K(21760K) NonClass: 17633K(17856K)->17633K(17856K) Class: 3741K(3904K)->3741K(3904K)
[16.446s][info][gc          ] GC(36) Pause Full (System.gc()) 770M->770M(5888M) 411.943ms
[16.813s][info][gc,metaspace] GC(37) Metaspace: 21375K(21760K)->21375K(21760K) NonClass: 17633K(17856K)->17633K(17856K) Class: 3741K(3904K)->3741K(3904K)
[16.813s][info][gc          ] GC(37) Pause Full (System.gc()) 770M->770M(5888M) 366.377ms
[17.164s][info][gc,metaspace] GC(38) Metaspace: 21375K(21760K)->21375K(21760K) NonClass: 17633K(17856K)->17633K(17856K) Class: 3741K(3904K)->3741K(3904K)
[17.164s][info][gc          ] GC(38) Pause Full (System.gc()) 770M->770M(5888M) 350.997ms
[17.520s][info][gc,metaspace] GC(39) Metaspace: 21375K(21760K)->21375K(21760K) NonClass: 17633K(17856K)->17633K(17856K) Class: 3741K(3904K)->3741K(3904K)
[17.520s][info][gc          ] GC(39) Pause Full (System.gc()) 770M->770M(5888M) 356.123ms
[17.874s][info][gc,metaspace] GC(40) Metaspace: 21375K(21760K)->21375K(21760K) NonClass: 17633K(17856K)->17633K(17856K) Class: 3741K(3904K)->3741K(3904K)
[17.874s][info][gc          ] GC(40) Pause Full (System.gc()) 770M->770M(5888M) 354.076ms
[18.227s][info][gc,metaspace] GC(41) Metaspace: 21375K(21760K)->21375K(21760K) NonClass: 17633K(17856K)->17633K(17856K) Class: 3741K(3904K)->3741K(3904K)
[18.227s][info][gc          ] GC(41) Pause Full (System.gc()) 770M->770M(5888M) 353.204ms
[18.588s][info][gc,metaspace] GC(42) Metaspace: 21375K(21760K)->21375K(21760K) NonClass: 17633K(17856K)->17633K(17856K) Class: 3741K(3904K)->3741K(3904K)
[18.588s][info][gc          ] GC(42) Pause Full (System.gc()) 770M->770M(5888M) 360.956ms
[18.965s][info][gc,metaspace] GC(43) Metaspace: 21375K(21760K)->21375K(21760K) NonClass: 17633K(17856K)->17633K(17856K) Class: 3741K(3904K)->3741K(3904K)
[18.965s][info][gc          ] GC(43) Pause Full (System.gc()) 770M->770M(5888M) 376.522ms
[19.322s][info][gc,metaspace] GC(44) Metaspace: 21375K(21760K)->21375K(21760K) NonClass: 17633K(17856K)->17633K(17856K) Class: 3741K(3904K)->3741K(3904K)
[19.322s][info][gc          ] GC(44) Pause Full (System.gc()) 770M->770M(5888M) 357.302ms
[19.675s][info][gc,metaspace] GC(45) Metaspace: 21375K(21760K)->21375K(21760K) NonClass: 17633K(17856K)->17633K(17856K) Class: 3741K(3904K)->3741K(3904K)
[19.675s][info][gc          ] GC(45) Pause Full (System.gc()) 770M->770M(5888M) 352.854ms
[20.039s][info][gc,metaspace] GC(46) Metaspace: 21375K(21760K)->21375K(21760K) NonClass: 17633K(17856K)->17633K(17856K) Class: 3741K(3904K)->3741K(3904K)
[20.039s][info][gc          ] GC(46) Pause Full (System.gc()) 770M->770M(5888M) 364.087ms
[20.406s][info][gc,metaspace] GC(47) Metaspace: 21375K(21760K)->21375K(21760K) NonClass: 17633K(17856K)->17633K(17856K) Class: 3741K(3904K)->3741K(3904K)
[20.407s][info][gc          ] GC(47) Pause Full (System.gc()) 770M->770M(5888M) 366.985ms
[20.795s][info][gc,metaspace] GC(48) Metaspace: 21375K(21760K)->21375K(21760K) NonClass: 17633K(17856K)->17633K(17856K) Class: 3741K(3904K)->3741K(3904K)
[20.795s][info][gc          ] GC(48) Pause Full (System.gc()) 770M->770M(5888M) 388.565ms
[21.154s][info][gc,metaspace] GC(49) Metaspace: 21375K(21760K)->21375K(21760K) NonClass: 17633K(17856K)->17633K(17856K) Class: 3741K(3904K)->3741K(3904K)
[21.154s][info][gc          ] GC(49) Pause Full (System.gc()) 770M->770M(5888M) 358.632ms
[21.504s][info][gc,metaspace] GC(50) Metaspace: 21375K(21760K)->21375K(21760K) NonClass: 17633K(17856K)->17633K(17856K) Class: 3741K(3904K)->3741K(3904K)
[21.504s][info][gc          ] GC(50) Pause Full (System.gc()) 770M->770M(5888M) 349.643ms
[21.862s][info][gc,metaspace] GC(51) Metaspace: 21375K(21760K)->21375K(21760K) NonClass: 17633K(17856K)->17633K(17856K) Class: 3741K(3904K)->3741K(3904K)
[21.862s][info][gc          ] GC(51) Pause Full (System.gc()) 770M->770M(5888M) 358.023ms
[22.209s][info][gc,metaspace] GC(52) Metaspace: 21375K(21760K)->21375K(21760K) NonClass: 17633K(17856K)->17633K(17856K) Class: 3741K(3904K)->3741K(3904K)
[22.209s][info][gc          ] GC(52) Pause Full (System.gc()) 770M->770M(5888M) 346.852ms
[22.572s][info][gc,metaspace] GC(53) Metaspace: 21375K(21760K)->21375K(21760K) NonClass: 17633K(17856K)->17633K(17856K) Class: 3741K(3904K)->3741K(3904K)
[22.572s][info][gc          ] GC(53) Pause Full (System.gc()) 770M->770M(5888M) 362.902ms
[22.972s][info][gc,metaspace] GC(54) Metaspace: 21375K(21760K)->21375K(21760K) NonClass: 17633K(17856K)->17633K(17856K) Class: 3741K(3904K)->3741K(3904K)
[22.972s][info][gc          ] GC(54) Pause Full (System.gc()) 770M->770M(5888M) 400.509ms
[23.320s][info][gc,metaspace] GC(55) Metaspace: 21375K(21760K)->21375K(21760K) NonClass: 17633K(17856K)->17633K(17856K) Class: 3741K(3904K)->3741K(3904K)
[23.320s][info][gc          ] GC(55) Pause Full (System.gc()) 770M->770M(5888M) 347.848ms
[23.669s][info][gc,metaspace] GC(56) Metaspace: 21375K(21760K)->21375K(21760K) NonClass: 17633K(17856K)->17633K(17856K) Class: 3741K(3904K)->3741K(3904K)
[23.669s][info][gc          ] GC(56) Pause Full (System.gc()) 770M->770M(5888M) 348.613ms
[24.030s][info][gc,metaspace] GC(57) Metaspace: 21375K(21760K)->21375K(21760K) NonClass: 17633K(17856K)->17633K(17856K) Class: 3741K(3904K)->3741K(3904K)
[24.030s][info][gc          ] GC(57) Pause Full (System.gc()) 770M->770M(5888M) 361.280ms
[24.379s][info][gc,metaspace] GC(58) Metaspace: 21375K(21760K)->21375K(21760K) NonClass: 17633K(17856K)->17633K(17856K) Class: 3741K(3904K)->3741K(3904K)
[24.379s][info][gc          ] GC(58) Pause Full (System.gc()) 770M->770M(5888M) 348.996ms
[24.770s][info][gc,metaspace] GC(59) Metaspace: 21375K(21760K)->21375K(21760K) NonClass: 17633K(17856K)->17633K(17856K) Class: 3741K(3904K)->3741K(3904K)
[24.770s][info][gc          ] GC(59) Pause Full (System.gc()) 770M->770M(5888M) 390.812ms
[25.125s][info][gc,metaspace] GC(60) Metaspace: 21375K(21760K)->21375K(21760K) NonClass: 17633K(17856K)->17633K(17856K) Class: 3741K(3904K)->3741K(3904K)
[25.125s][info][gc          ] GC(60) Pause Full (System.gc()) 770M->770M(5888M) 355.149ms
[25.490s][info][gc,metaspace] GC(61) Metaspace: 21375K(21760K)->21375K(21760K) NonClass: 17633K(17856K)->17633K(17856K) Class: 3741K(3904K)->3741K(3904K)
[25.490s][info][gc          ] GC(61) Pause Full (System.gc()) 770M->770M(5888M) 360.063ms
[25.847s][info][gc,metaspace] GC(62) Metaspace: 21375K(21760K)->21375K(21760K) NonClass: 17633K(17856K)->17633K(17856K) Class: 3741K(3904K)->3741K(3904K)
[25.847s][info][gc          ] GC(62) Pause Full (System.gc()) 770M->770M(5888M) 357.028ms
[26.195s][info][gc,metaspace] GC(63) Metaspace: 21375K(21760K)->21375K(21760K) NonClass: 17633K(17856K)->17633K(17856K) Class: 3741K(3904K)->3741K(3904K)
[26.195s][info][gc          ] GC(63) Pause Full (System.gc()) 770M->770M(5888M) 348.059ms
[26.547s][info][gc,metaspace] GC(64) Metaspace: 21375K(21760K)->21375K(21760K) NonClass: 17633K(17856K)->17633K(17856K) Class: 3741K(3904K)->3741K(3904K)
[26.547s][info][gc          ] GC(64) Pause Full (System.gc()) 770M->770M(5888M) 351.546ms
[26.904s][info][gc,metaspace] GC(65) Metaspace: 21375K(21760K)->21375K(21760K) NonClass: 17633K(17856K)->17633K(17856K) Class: 3741K(3904K)->3741K(3904K)
[26.904s][info][gc          ] GC(65) Pause Full (System.gc()) 770M->770M(5888M) 357.736ms
[27.254s][info][gc,metaspace] GC(66) Metaspace: 21375K(21760K)->21375K(21760K) NonClass: 17633K(17856K)->17633K(17856K) Class: 3741K(3904K)->3741K(3904K)
[27.254s][info][gc          ] GC(66) Pause Full (System.gc()) 770M->770M(5888M) 349.922ms
[27.606s][info][gc,metaspace] GC(67) Metaspace: 21375K(21760K)->21375K(21760K) NonClass: 17633K(17856K)->17633K(17856K) Class: 3741K(3904K)->3741K(3904K)
[27.606s][info][gc          ] GC(67) Pause Full (System.gc()) 770M->770M(5888M) 351.991ms
[27.968s][info][gc,metaspace] GC(68) Metaspace: 21375K(21760K)->21375K(21760K) NonClass: 17633K(17856K)->17633K(17856K) Class: 3741K(3904K)->3741K(3904K)
[27.968s][info][gc          ] GC(68) Pause Full (System.gc()) 770M->770M(5888M) 361.092ms
[28.314s][info][gc,metaspace] GC(69) Metaspace: 21375K(21760K)->21375K(21760K) NonClass: 17633K(17856K)->17633K(17856K) Class: 3741K(3904K)->3741K(3904K)
[28.315s][info][gc          ] GC(69) Pause Full (System.gc()) 770M->770M(5888M) 346.874ms
[28.664s][info][gc,metaspace] GC(70) Metaspace: 21375K(21760K)->21375K(21760K) NonClass: 17633K(17856K)->17633K(17856K) Class: 3741K(3904K)->3741K(3904K)
[28.664s][info][gc          ] GC(70) Pause Full (System.gc()) 770M->770M(5888M) 349.398ms
[29.036s][info][gc,metaspace] GC(71) Metaspace: 21375K(21760K)->21375K(21760K) NonClass: 17633K(17856K)->17633K(17856K) Class: 3741K(3904K)->3741K(3904K)
[29.036s][info][gc          ] GC(71) Pause Full (System.gc()) 770M->770M(5888M) 371.567ms
[29.386s][info][gc,metaspace] GC(72) Metaspace: 21375K(21760K)->21375K(21760K) NonClass: 17633K(17856K)->17633K(17856K) Class: 3741K(3904K)->3741K(3904K)
[29.386s][info][gc          ] GC(72) Pause Full (System.gc()) 770M->770M(5888M) 350.325ms
[29.777s][info][gc,metaspace] GC(73) Metaspace: 21375K(21760K)->21375K(21760K) NonClass: 17633K(17856K)->17633K(17856K) Class: 3741K(3904K)->3741K(3904K)
[29.777s][info][gc          ] GC(73) Pause Full (System.gc()) 770M->770M(5888M) 390.872ms
[30.130s][info][gc,metaspace] GC(74) Metaspace: 21375K(21760K)->21375K(21760K) NonClass: 17633K(17856K)->17633K(17856K) Class: 3741K(3904K)->3741K(3904K)
[30.130s][info][gc          ] GC(74) Pause Full (System.gc()) 770M->770M(5888M) 352.623ms
[30.484s][info][gc,metaspace] GC(75) Metaspace: 21375K(21760K)->21375K(21760K) NonClass: 17633K(17856K)->17633K(17856K) Class: 3741K(3904K)->3741K(3904K)
[30.484s][info][gc          ] GC(75) Pause Full (System.gc()) 770M->770M(5888M) 349.744ms
[30.846s][info][gc,metaspace] GC(76) Metaspace: 21375K(21760K)->21375K(21760K) NonClass: 17633K(17856K)->17633K(17856K) Class: 3741K(3904K)->3741K(3904K)
[30.846s][info][gc          ] GC(76) Pause Full (System.gc()) 770M->770M(5888M) 362.536ms
[31.204s][info][gc,metaspace] GC(77) Metaspace: 21375K(21760K)->21375K(21760K) NonClass: 17633K(17856K)->17633K(17856K) Class: 3741K(3904K)->3741K(3904K)
[31.204s][info][gc          ] GC(77) Pause Full (System.gc()) 770M->770M(5888M) 357.396ms
[31.550s][info][gc,metaspace] GC(78) Metaspace: 21375K(21760K)->21375K(21760K) NonClass: 17633K(17856K)->17633K(17856K) Class: 3741K(3904K)->3741K(3904K)
[31.550s][info][gc          ] GC(78) Pause Full (System.gc()) 770M->770M(5888M) 345.744ms
[31.973s][info][gc,metaspace] GC(79) Metaspace: 21375K(21760K)->21375K(21760K) NonClass: 17633K(17856K)->17633K(17856K) Class: 3741K(3904K)->3741K(3904K)
[31.973s][info][gc          ] GC(79) Pause Full (System.gc()) 770M->770M(5888M) 423.692ms
[32.329s][info][gc,metaspace] GC(80) Metaspace: 21375K(21760K)->21375K(21760K) NonClass: 17633K(17856K)->17633K(17856K) Class: 3741K(3904K)->3741K(3904K)
[32.329s][info][gc          ] GC(80) Pause Full (System.gc()) 770M->770M(5888M) 355.622ms
[32.675s][info][gc,metaspace] GC(81) Metaspace: 21375K(21760K)->21375K(21760K) NonClass: 17633K(17856K)->17633K(17856K) Class: 3741K(3904K)->3741K(3904K)
[32.675s][info][gc          ] GC(81) Pause Full (System.gc()) 770M->770M(5888M) 345.676ms
[33.047s][info][gc,metaspace] GC(82) Metaspace: 21375K(21760K)->21375K(21760K) NonClass: 17633K(17856K)->17633K(17856K) Class: 3741K(3904K)->3741K(3904K)
[33.047s][info][gc          ] GC(82) Pause Full (System.gc()) 770M->770M(5888M) 372.099ms
[33.405s][info][gc,metaspace] GC(83) Metaspace: 21375K(21760K)->21375K(21760K) NonClass: 17633K(17856K)->17633K(17856K) Class: 3741K(3904K)->3741K(3904K)
[33.405s][info][gc          ] GC(83) Pause Full (System.gc()) 770M->770M(5888M) 357.805ms
[33.791s][info][gc,metaspace] GC(84) Metaspace: 21375K(21760K)->21375K(21760K) NonClass: 17633K(17856K)->17633K(17856K) Class: 3741K(3904K)->3741K(3904K)
[33.791s][info][gc          ] GC(84) Pause Full (System.gc()) 770M->770M(5888M) 386.036ms
[34.140s][info][gc,metaspace] GC(85) Metaspace: 21375K(21760K)->21375K(21760K) NonClass: 17633K(17856K)->17633K(17856K) Class: 3741K(3904K)->3741K(3904K)
[34.140s][info][gc          ] GC(85) Pause Full (System.gc()) 770M->770M(5888M) 349.144ms
[34.487s][info][gc,metaspace] GC(86) Metaspace: 21375K(21760K)->21375K(21760K) NonClass: 17633K(17856K)->17633K(17856K) Class: 3741K(3904K)->3741K(3904K)
[34.487s][info][gc          ] GC(86) Pause Full (System.gc()) 770M->770M(5888M) 346.487ms
[34.880s][info][gc,metaspace] GC(87) Metaspace: 21375K(21760K)->21375K(21760K) NonClass: 17633K(17856K)->17633K(17856K) Class: 3741K(3904K)->3741K(3904K)
[34.880s][info][gc          ] GC(87) Pause Full (System.gc()) 770M->770M(5888M) 392.637ms
[35.243s][info][gc,metaspace] GC(88) Metaspace: 21375K(21760K)->21375K(21760K) NonClass: 17633K(17856K)->17633K(17856K) Class: 3741K(3904K)->3741K(3904K)
[35.243s][info][gc          ] GC(88) Pause Full (System.gc()) 770M->770M(5888M) 363.058ms
[35.613s][info][gc,metaspace] GC(89) Metaspace: 21375K(21760K)->21375K(21760K) NonClass: 17633K(17856K)->17633K(17856K) Class: 3741K(3904K)->3741K(3904K)
[35.613s][info][gc          ] GC(89) Pause Full (System.gc()) 770M->770M(5888M) 369.735ms
[35.962s][info][gc,metaspace] GC(90) Metaspace: 21375K(21760K)->21375K(21760K) NonClass: 17633K(17856K)->17633K(17856K) Class: 3741K(3904K)->3741K(3904K)
[35.962s][info][gc          ] GC(90) Pause Full (System.gc()) 770M->770M(5888M) 349.376ms
[36.310s][info][gc,metaspace] GC(91) Metaspace: 21375K(21760K)->21375K(21760K) NonClass: 17633K(17856K)->17633K(17856K) Class: 3741K(3904K)->3741K(3904K)
[36.310s][info][gc          ] GC(91) Pause Full (System.gc()) 770M->770M(5888M) 348.308ms
[36.661s][info][gc,metaspace] GC(92) Metaspace: 21375K(21760K)->21375K(21760K) NonClass: 17633K(17856K)->17633K(17856K) Class: 3741K(3904K)->3741K(3904K)
[36.661s][info][gc          ] GC(92) Pause Full (System.gc()) 770M->770M(5888M) 350.466ms
[37.024s][info][gc,metaspace] GC(93) Metaspace: 21375K(21760K)->21375K(21760K) NonClass: 17633K(17856K)->17633K(17856K) Class: 3741K(3904K)->3741K(3904K)
[37.024s][info][gc          ] GC(93) Pause Full (System.gc()) 770M->770M(5888M) 362.803ms
[37.372s][info][gc,metaspace] GC(94) Metaspace: 21375K(21760K)->21375K(21760K) NonClass: 17633K(17856K)->17633K(17856K) Class: 3741K(3904K)->3741K(3904K)
[37.372s][info][gc          ] GC(94) Pause Full (System.gc()) 770M->770M(5888M) 347.957ms
[37.768s][info][gc,metaspace] GC(95) Metaspace: 21375K(21760K)->21375K(21760K) NonClass: 17633K(17856K)->17633K(17856K) Class: 3741K(3904K)->3741K(3904K)
[37.768s][info][gc          ] GC(95) Pause Full (System.gc()) 770M->770M(5888M) 395.871ms
[38.152s][info][gc,metaspace] GC(96) Metaspace: 21375K(21760K)->21375K(21760K) NonClass: 17633K(17856K)->17633K(17856K) Class: 3741K(3904K)->3741K(3904K)
[38.152s][info][gc          ] GC(96) Pause Full (System.gc()) 770M->770M(5888M) 383.869ms
[38.505s][info][gc,metaspace] GC(97) Metaspace: 21375K(21760K)->21375K(21760K) NonClass: 17633K(17856K)->17633K(17856K) Class: 3741K(3904K)->3741K(3904K)
[38.505s][info][gc          ] GC(97) Pause Full (System.gc()) 770M->770M(5888M) 353.627ms
[38.869s][info][gc,metaspace] GC(98) Metaspace: 21375K(21760K)->21375K(21760K) NonClass: 17633K(17856K)->17633K(17856K) Class: 3741K(3904K)->3741K(3904K)
[38.870s][info][gc          ] GC(98) Pause Full (System.gc()) 770M->770M(5888M) 363.968ms
[39.219s][info][gc,metaspace] GC(99) Metaspace: 21375K(21760K)->21375K(21760K) NonClass: 17633K(17856K)->17633K(17856K) Class: 3741K(3904K)->3741K(3904K)
[39.220s][info][gc          ] GC(99) Pause Full (System.gc()) 770M->770M(5888M) 349.957ms
[39.570s][info][gc,metaspace] GC(100) Metaspace: 21375K(21760K)->21375K(21760K) NonClass: 17633K(17856K)->17633K(17856K) Class: 3741K(3904K)->3741K(3904K)
[39.570s][info][gc          ] GC(100) Pause Full (System.gc()) 770M->770M(5888M) 350.232ms
After GCs... 
