Done; will start GCs... 
[15.970s][info][gc,metaspace] GC(16) Metaspace: 16338K(17472K)->16338K(17472K) NonClass: 12997K(13504K)->12997K(13504K) Class: 3341K(3968K)->3341K(3968K)
[15.970s][info][gc          ] GC(16) Pause Full (System.gc()) 1592M->1571M(5632M) 613.622ms
[16.598s][info][gc,metaspace] GC(17) Metaspace: 16338K(17472K)->16338K(17472K) NonClass: 12997K(13504K)->12997K(13504K) Class: 3341K(3968K)->3341K(3968K)
[16.598s][info][gc          ] GC(17) Pause Full (System.gc()) 1571M->1571M(5632M) 627.158ms
[17.180s][info][gc,metaspace] GC(18) Metaspace: 16338K(17472K)->16338K(17472K) NonClass: 12997K(13504K)->12997K(13504K) Class: 3341K(3968K)->3341K(3968K)
[17.180s][info][gc          ] GC(18) Pause Full (System.gc()) 1571M->1571M(5632M) 582.519ms
[17.770s][info][gc,metaspace] GC(19) Metaspace: 16338K(17472K)->16338K(17472K) NonClass: 12997K(13504K)->12997K(13504K) Class: 3341K(3968K)->3341K(3968K)
[17.770s][info][gc          ] GC(19) Pause Full (System.gc()) 1571M->1571M(5632M) 589.609ms
[18.345s][info][gc,metaspace] GC(20) Metaspace: 16338K(17472K)->16338K(17472K) NonClass: 12997K(13504K)->12997K(13504K) Class: 3341K(3968K)->3341K(3968K)
[18.345s][info][gc          ] GC(20) Pause Full (System.gc()) 1571M->1571M(5632M) 574.959ms
[18.951s][info][gc,metaspace] GC(21) Metaspace: 16338K(17472K)->16338K(17472K) NonClass: 12997K(13504K)->12997K(13504K) Class: 3341K(3968K)->3341K(3968K)
[18.952s][info][gc          ] GC(21) Pause Full (System.gc()) 1571M->1571M(5632M) 606.370ms
[19.530s][info][gc,metaspace] GC(22) Metaspace: 16338K(17472K)->16338K(17472K) NonClass: 12997K(13504K)->12997K(13504K) Class: 3341K(3968K)->3341K(3968K)
[19.530s][info][gc          ] GC(22) Pause Full (System.gc()) 1571M->1571M(5632M) 578.134ms
[20.125s][info][gc,metaspace] GC(23) Metaspace: 16338K(17472K)->16338K(17472K) NonClass: 12997K(13504K)->12997K(13504K) Class: 3341K(3968K)->3341K(3968K)
[20.125s][info][gc          ] GC(23) Pause Full (System.gc()) 1571M->1571M(5632M) 595.240ms
[20.799s][info][gc,metaspace] GC(24) Metaspace: 16338K(17472K)->16338K(17472K) NonClass: 12997K(13504K)->12997K(13504K) Class: 3341K(3968K)->3341K(3968K)
[20.799s][info][gc          ] GC(24) Pause Full (System.gc()) 1571M->1571M(5632M) 673.488ms
[21.365s][info][gc,metaspace] GC(25) Metaspace: 16338K(17472K)->16338K(17472K) NonClass: 12997K(13504K)->12997K(13504K) Class: 3341K(3968K)->3341K(3968K)
[21.365s][info][gc          ] GC(25) Pause Full (System.gc()) 1571M->1571M(5632M) 566.155ms
After GCs... 
