Done; will start GCs... 
[15.954s][info][gc,metaspace] GC(16) Metaspace: 16338K(17472K)->16338K(17472K) NonClass: 12996K(13504K)->12996K(13504K) Class: 3341K(3968K)->3341K(3968K)
[15.954s][info][gc          ] GC(16) Pause Full (System.gc()) 1592M->1571M(5634M) 629.142ms
[16.611s][info][gc,metaspace] GC(17) Metaspace: 16338K(17472K)->16338K(17472K) NonClass: 12996K(13504K)->12996K(13504K) Class: 3341K(3968K)->3341K(3968K)
[16.611s][info][gc          ] GC(17) Pause Full (System.gc()) 1571M->1571M(5634M) 657.217ms
[17.310s][info][gc,metaspace] GC(18) Metaspace: 16338K(17472K)->16338K(17472K) NonClass: 12996K(13504K)->12996K(13504K) Class: 3341K(3968K)->3341K(3968K)
[17.310s][info][gc          ] GC(18) Pause Full (System.gc()) 1571M->1571M(5634M) 699.060ms
[17.956s][info][gc,metaspace] GC(19) Metaspace: 16338K(17472K)->16338K(17472K) NonClass: 12996K(13504K)->12996K(13504K) Class: 3341K(3968K)->3341K(3968K)
[17.956s][info][gc          ] GC(19) Pause Full (System.gc()) 1571M->1571M(5634M) 646.252ms
[18.634s][info][gc,metaspace] GC(20) Metaspace: 16338K(17472K)->16338K(17472K) NonClass: 12996K(13504K)->12996K(13504K) Class: 3341K(3968K)->3341K(3968K)
[18.634s][info][gc          ] GC(20) Pause Full (System.gc()) 1571M->1571M(5634M) 677.525ms
[19.311s][info][gc,metaspace] GC(21) Metaspace: 16338K(17472K)->16338K(17472K) NonClass: 12996K(13504K)->12996K(13504K) Class: 3341K(3968K)->3341K(3968K)
[19.311s][info][gc          ] GC(21) Pause Full (System.gc()) 1571M->1571M(5634M) 676.319ms
[19.951s][info][gc,metaspace] GC(22) Metaspace: 16338K(17472K)->16338K(17472K) NonClass: 12996K(13504K)->12996K(13504K) Class: 3341K(3968K)->3341K(3968K)
[19.951s][info][gc          ] GC(22) Pause Full (System.gc()) 1571M->1571M(5634M) 640.324ms
[20.621s][info][gc,metaspace] GC(23) Metaspace: 16338K(17472K)->16338K(17472K) NonClass: 12996K(13504K)->12996K(13504K) Class: 3341K(3968K)->3341K(3968K)
[20.621s][info][gc          ] GC(23) Pause Full (System.gc()) 1571M->1571M(5634M) 670.161ms
[21.313s][info][gc,metaspace] GC(24) Metaspace: 16338K(17472K)->16338K(17472K) NonClass: 12996K(13504K)->12996K(13504K) Class: 3341K(3968K)->3341K(3968K)
[21.313s][info][gc          ] GC(24) Pause Full (System.gc()) 1571M->1571M(5634M) 691.503ms
[21.961s][info][gc,metaspace] GC(25) Metaspace: 16338K(17472K)->16338K(17472K) NonClass: 12996K(13504K)->12996K(13504K) Class: 3341K(3968K)->3341K(3968K)
[21.961s][info][gc          ] GC(25) Pause Full (System.gc()) 1571M->1571M(5634M) 648.087ms
After GCs... 
