Done; will start GCs... 
[15.950s][info][gc,metaspace] GC(17) Metaspace: 16244K(17344K)->16244K(17344K) NonClass: 14091K(14592K)->14091K(14592K) Class: 2153K(2752K)->2153K(2752K)
[15.950s][info][gc          ] GC(17) Pause Full (System.gc()) 1811M->1791M(5627M) 606.133ms
[16.552s][info][gc,metaspace] GC(18) Metaspace: 16244K(17344K)->16244K(17344K) NonClass: 14091K(14592K)->14091K(14592K) Class: 2153K(2752K)->2153K(2752K)
[16.552s][info][gc          ] GC(18) Pause Full (System.gc()) 1791M->1791M(5627M) 602.252ms
[17.120s][info][gc,metaspace] GC(19) Metaspace: 16244K(17344K)->16244K(17344K) NonClass: 14091K(14592K)->14091K(14592K) Class: 2153K(2752K)->2153K(2752K)
[17.120s][info][gc          ] GC(19) Pause Full (System.gc()) 1791M->1791M(5627M) 567.721ms
[17.724s][info][gc,metaspace] GC(20) Metaspace: 16244K(17344K)->16244K(17344K) NonClass: 14091K(14592K)->14091K(14592K) Class: 2153K(2752K)->2153K(2752K)
[17.724s][info][gc          ] GC(20) Pause Full (System.gc()) 1791M->1791M(5627M) 604.286ms
[18.280s][info][gc,metaspace] GC(21) Metaspace: 16244K(17344K)->16244K(17344K) NonClass: 14091K(14592K)->14091K(14592K) Class: 2153K(2752K)->2153K(2752K)
[18.280s][info][gc          ] GC(21) Pause Full (System.gc()) 1791M->1791M(5627M) 555.201ms
[18.868s][info][gc,metaspace] GC(22) Metaspace: 16244K(17344K)->16244K(17344K) NonClass: 14091K(14592K)->14091K(14592K) Class: 2153K(2752K)->2153K(2752K)
[18.868s][info][gc          ] GC(22) Pause Full (System.gc()) 1791M->1791M(5627M) 588.739ms
[19.468s][info][gc,metaspace] GC(23) Metaspace: 16244K(17344K)->16244K(17344K) NonClass: 14091K(14592K)->14091K(14592K) Class: 2153K(2752K)->2153K(2752K)
[19.469s][info][gc          ] GC(23) Pause Full (System.gc()) 1791M->1791M(5627M) 599.954ms
[20.053s][info][gc,metaspace] GC(24) Metaspace: 16244K(17344K)->16244K(17344K) NonClass: 14091K(14592K)->14091K(14592K) Class: 2153K(2752K)->2153K(2752K)
[20.053s][info][gc          ] GC(24) Pause Full (System.gc()) 1791M->1791M(5627M) 584.618ms
[20.648s][info][gc,metaspace] GC(25) Metaspace: 16244K(17344K)->16244K(17344K) NonClass: 14091K(14592K)->14091K(14592K) Class: 2153K(2752K)->2153K(2752K)
[20.648s][info][gc          ] GC(25) Pause Full (System.gc()) 1791M->1791M(5627M) 594.851ms
[21.202s][info][gc,metaspace] GC(26) Metaspace: 16244K(17344K)->16244K(17344K) NonClass: 14091K(14592K)->14091K(14592K) Class: 2153K(2752K)->2153K(2752K)
[21.202s][info][gc          ] GC(26) Pause Full (System.gc()) 1791M->1791M(5627M) 553.913ms
After GCs... 
