Done; will start GCs... 
[7.699s][info][gc,metaspace] GC(2) Metaspace: 30088K(32704K)->30088K(32704K) NonClass: 21407K(21760K)->21407K(21760K) Class: 8681K(10944K)->8681K(10944K)
[7.699s][info][gc          ] GC(2) Pause Young (System.gc()) 841M->771M(5888M) 2088.022ms
[9.669s][info][gc,metaspace] GC(3) Metaspace: 30088K(32704K)->30088K(32704K) NonClass: 21407K(21760K)->21407K(21760K) Class: 8681K(10944K)->8681K(10944K)
[9.669s][info][gc          ] GC(3) Pause Full (System.gc()) 771M->771M(5888M) 1970.135ms
[9.670s][info][gc,metaspace] GC(4) Metaspace: 30088K(32704K)->30088K(32704K) NonClass: 21407K(21760K)->21407K(21760K) Class: 8681K(10944K)->8681K(10944K)
[9.670s][info][gc          ] GC(4) Pause Young (System.gc()) 771M->771M(5888M) 0.511ms
[10.311s][info][gc,metaspace] GC(5) Metaspace: 30088K(32704K)->30088K(32704K) NonClass: 21407K(21760K)->21407K(21760K) Class: 8681K(10944K)->8681K(10944K)
[10.311s][info][gc          ] GC(5) Pause Full (System.gc()) 771M->771M(5888M) 640.932ms
[10.312s][info][gc,metaspace] GC(6) Metaspace: 30088K(32704K)->30088K(32704K) NonClass: 21407K(21760K)->21407K(21760K) Class: 8681K(10944K)->8681K(10944K)
[10.312s][info][gc          ] GC(6) Pause Young (System.gc()) 771M->771M(5888M) 0.563ms
[10.958s][info][gc,metaspace] GC(7) Metaspace: 30088K(32704K)->30088K(32704K) NonClass: 21407K(21760K)->21407K(21760K) Class: 8681K(10944K)->8681K(10944K)
[10.958s][info][gc          ] GC(7) Pause Full (System.gc()) 771M->771M(5888M) 646.367ms
[10.963s][info][gc,metaspace] GC(8) Metaspace: 30088K(32704K)->30088K(32704K) NonClass: 21407K(21760K)->21407K(21760K) Class: 8681K(10944K)->8681K(10944K)
[10.963s][info][gc          ] GC(8) Pause Young (System.gc()) 771M->771M(5888M) 0.478ms
[11.618s][info][gc,metaspace] GC(9) Metaspace: 30088K(32704K)->30088K(32704K) NonClass: 21407K(21760K)->21407K(21760K) Class: 8681K(10944K)->8681K(10944K)
[11.618s][info][gc          ] GC(9) Pause Full (System.gc()) 771M->771M(5888M) 655.105ms
[11.619s][info][gc,metaspace] GC(10) Metaspace: 30088K(32704K)->30088K(32704K) NonClass: 21407K(21760K)->21407K(21760K) Class: 8681K(10944K)->8681K(10944K)
[11.619s][info][gc          ] GC(10) Pause Young (System.gc()) 771M->771M(5888M) 0.468ms
[12.270s][info][gc,metaspace] GC(11) Metaspace: 30088K(32704K)->30088K(32704K) NonClass: 21407K(21760K)->21407K(21760K) Class: 8681K(10944K)->8681K(10944K)
[12.270s][info][gc          ] GC(11) Pause Full (System.gc()) 771M->771M(5888M) 651.517ms
[12.271s][info][gc,metaspace] GC(12) Metaspace: 30088K(32704K)->30088K(32704K) NonClass: 21407K(21760K)->21407K(21760K) Class: 8681K(10944K)->8681K(10944K)
[12.271s][info][gc          ] GC(12) Pause Young (System.gc()) 771M->771M(5888M) 0.477ms
[12.908s][info][gc,metaspace] GC(13) Metaspace: 30088K(32704K)->30088K(32704K) NonClass: 21407K(21760K)->21407K(21760K) Class: 8681K(10944K)->8681K(10944K)
[12.908s][info][gc          ] GC(13) Pause Full (System.gc()) 771M->771M(5888M) 637.097ms
[12.909s][info][gc,metaspace] GC(14) Metaspace: 30088K(32704K)->30088K(32704K) NonClass: 21407K(21760K)->21407K(21760K) Class: 8681K(10944K)->8681K(10944K)
[12.909s][info][gc          ] GC(14) Pause Young (System.gc()) 771M->771M(5888M) 0.434ms
[13.536s][info][gc,metaspace] GC(15) Metaspace: 30088K(32704K)->30088K(32704K) NonClass: 21407K(21760K)->21407K(21760K) Class: 8681K(10944K)->8681K(10944K)
[13.536s][info][gc          ] GC(15) Pause Full (System.gc()) 771M->771M(5888M) 627.468ms
[13.537s][info][gc,metaspace] GC(16) Metaspace: 30088K(32704K)->30088K(32704K) NonClass: 21407K(21760K)->21407K(21760K) Class: 8681K(10944K)->8681K(10944K)
[13.537s][info][gc          ] GC(16) Pause Young (System.gc()) 771M->771M(5888M) 0.573ms
[14.155s][info][gc,metaspace] GC(17) Metaspace: 30088K(32704K)->30088K(32704K) NonClass: 21407K(21760K)->21407K(21760K) Class: 8681K(10944K)->8681K(10944K)
[14.155s][info][gc          ] GC(17) Pause Full (System.gc()) 771M->771M(5888M) 618.191ms
[14.156s][info][gc,metaspace] GC(18) Metaspace: 30089K(32704K)->30089K(32704K) NonClass: 21408K(21760K)->21408K(21760K) Class: 8681K(10944K)->8681K(10944K)
[14.156s][info][gc          ] GC(18) Pause Young (System.gc()) 771M->771M(5888M) 0.707ms
[14.784s][info][gc,metaspace] GC(19) Metaspace: 30089K(32704K)->30089K(32704K) NonClass: 21408K(21760K)->21408K(21760K) Class: 8681K(10944K)->8681K(10944K)
[14.784s][info][gc          ] GC(19) Pause Full (System.gc()) 771M->771M(5888M) 627.869ms
[14.784s][info][gc,metaspace] GC(20) Metaspace: 30089K(32704K)->30089K(32704K) NonClass: 21408K(21760K)->21408K(21760K) Class: 8681K(10944K)->8681K(10944K)
[14.784s][info][gc          ] GC(20) Pause Young (System.gc()) 771M->771M(5888M) 0.461ms
[15.453s][info][gc,metaspace] GC(21) Metaspace: 30089K(32704K)->30089K(32704K) NonClass: 21408K(21760K)->21408K(21760K) Class: 8681K(10944K)->8681K(10944K)
[15.453s][info][gc          ] GC(21) Pause Full (System.gc()) 771M->771M(5888M) 668.955ms
[15.454s][info][gc,metaspace] GC(22) Metaspace: 30089K(32704K)->30089K(32704K) NonClass: 21408K(21760K)->21408K(21760K) Class: 8681K(10944K)->8681K(10944K)
[15.454s][info][gc          ] GC(22) Pause Young (System.gc()) 771M->771M(5888M) 0.525ms
[16.083s][info][gc,metaspace] GC(23) Metaspace: 30089K(32704K)->30089K(32704K) NonClass: 21408K(21760K)->21408K(21760K) Class: 8681K(10944K)->8681K(10944K)
[16.083s][info][gc          ] GC(23) Pause Full (System.gc()) 771M->771M(5888M) 629.249ms
[16.088s][info][gc,metaspace] GC(24) Metaspace: 30089K(32704K)->30089K(32704K) NonClass: 21408K(21760K)->21408K(21760K) Class: 8681K(10944K)->8681K(10944K)
[16.088s][info][gc          ] GC(24) Pause Young (System.gc()) 771M->771M(5888M) 0.434ms
[16.770s][info][gc,metaspace] GC(25) Metaspace: 30089K(32704K)->30089K(32704K) NonClass: 21408K(21760K)->21408K(21760K) Class: 8681K(10944K)->8681K(10944K)
[16.770s][info][gc          ] GC(25) Pause Full (System.gc()) 771M->771M(5888M) 682.370ms
[16.771s][info][gc,metaspace] GC(26) Metaspace: 30089K(32704K)->30089K(32704K) NonClass: 21408K(21760K)->21408K(21760K) Class: 8681K(10944K)->8681K(10944K)
[16.771s][info][gc          ] GC(26) Pause Young (System.gc()) 771M->771M(5888M) 0.487ms
[17.413s][info][gc,metaspace] GC(27) Metaspace: 30089K(32704K)->30089K(32704K) NonClass: 21408K(21760K)->21408K(21760K) Class: 8681K(10944K)->8681K(10944K)
[17.413s][info][gc          ] GC(27) Pause Full (System.gc()) 771M->771M(5888M) 641.892ms
[17.413s][info][gc,metaspace] GC(28) Metaspace: 30089K(32704K)->30089K(32704K) NonClass: 21408K(21760K)->21408K(21760K) Class: 8681K(10944K)->8681K(10944K)
[17.413s][info][gc          ] GC(28) Pause Young (System.gc()) 771M->771M(5888M) 0.413ms
[18.065s][info][gc,metaspace] GC(29) Metaspace: 30089K(32704K)->30089K(32704K) NonClass: 21408K(21760K)->21408K(21760K) Class: 8681K(10944K)->8681K(10944K)
[18.065s][info][gc          ] GC(29) Pause Full (System.gc()) 771M->771M(5888M) 651.444ms
[18.065s][info][gc,metaspace] GC(30) Metaspace: 30089K(32704K)->30089K(32704K) NonClass: 21408K(21760K)->21408K(21760K) Class: 8681K(10944K)->8681K(10944K)
[18.065s][info][gc          ] GC(30) Pause Young (System.gc()) 771M->771M(5888M) 0.394ms
[18.701s][info][gc,metaspace] GC(31) Metaspace: 30089K(32704K)->30089K(32704K) NonClass: 21408K(21760K)->21408K(21760K) Class: 8681K(10944K)->8681K(10944K)
[18.701s][info][gc          ] GC(31) Pause Full (System.gc()) 771M->771M(5888M) 636.022ms
[18.702s][info][gc,metaspace] GC(32) Metaspace: 30089K(32704K)->30089K(32704K) NonClass: 21408K(21760K)->21408K(21760K) Class: 8681K(10944K)->8681K(10944K)
[18.702s][info][gc          ] GC(32) Pause Young (System.gc()) 771M->771M(5888M) 0.693ms
[19.374s][info][gc,metaspace] GC(33) Metaspace: 30089K(32704K)->30089K(32704K) NonClass: 21408K(21760K)->21408K(21760K) Class: 8681K(10944K)->8681K(10944K)
[19.374s][info][gc          ] GC(33) Pause Full (System.gc()) 771M->771M(5888M) 671.634ms
[19.374s][info][gc,metaspace] GC(34) Metaspace: 30089K(32704K)->30089K(32704K) NonClass: 21408K(21760K)->21408K(21760K) Class: 8681K(10944K)->8681K(10944K)
[19.374s][info][gc          ] GC(34) Pause Young (System.gc()) 771M->771M(5888M) 0.421ms
[20.020s][info][gc,metaspace] GC(35) Metaspace: 30089K(32704K)->30089K(32704K) NonClass: 21408K(21760K)->21408K(21760K) Class: 8681K(10944K)->8681K(10944K)
[20.020s][info][gc          ] GC(35) Pause Full (System.gc()) 771M->771M(5888M) 646.011ms
[20.021s][info][gc,metaspace] GC(36) Metaspace: 30089K(32704K)->30089K(32704K) NonClass: 21408K(21760K)->21408K(21760K) Class: 8681K(10944K)->8681K(10944K)
[20.021s][info][gc          ] GC(36) Pause Young (System.gc()) 771M->771M(5888M) 0.422ms
[20.647s][info][gc,metaspace] GC(37) Metaspace: 30089K(32704K)->30089K(32704K) NonClass: 21408K(21760K)->21408K(21760K) Class: 8681K(10944K)->8681K(10944K)
[20.647s][info][gc          ] GC(37) Pause Full (System.gc()) 771M->771M(5888M) 626.288ms
[20.648s][info][gc,metaspace] GC(38) Metaspace: 30089K(32704K)->30089K(32704K) NonClass: 21408K(21760K)->21408K(21760K) Class: 8681K(10944K)->8681K(10944K)
[20.648s][info][gc          ] GC(38) Pause Young (System.gc()) 771M->771M(5888M) 0.442ms
[21.286s][info][gc,metaspace] GC(39) Metaspace: 30089K(32704K)->30089K(32704K) NonClass: 21408K(21760K)->21408K(21760K) Class: 8681K(10944K)->8681K(10944K)
[21.286s][info][gc          ] GC(39) Pause Full (System.gc()) 771M->771M(5888M) 637.748ms
[21.290s][info][gc,metaspace] GC(40) Metaspace: 30089K(32704K)->30089K(32704K) NonClass: 21408K(21760K)->21408K(21760K) Class: 8681K(10944K)->8681K(10944K)
[21.290s][info][gc          ] GC(40) Pause Young (System.gc()) 771M->771M(5888M) 0.434ms
[21.925s][info][gc,metaspace] GC(41) Metaspace: 30089K(32704K)->30089K(32704K) NonClass: 21408K(21760K)->21408K(21760K) Class: 8681K(10944K)->8681K(10944K)
[21.925s][info][gc          ] GC(41) Pause Full (System.gc()) 771M->771M(5888M) 634.507ms
[21.926s][info][gc,metaspace] GC(42) Metaspace: 30089K(32704K)->30089K(32704K) NonClass: 21408K(21760K)->21408K(21760K) Class: 8681K(10944K)->8681K(10944K)
[21.926s][info][gc          ] GC(42) Pause Young (System.gc()) 771M->771M(5888M) 0.416ms
[22.570s][info][gc,metaspace] GC(43) Metaspace: 30089K(32704K)->30089K(32704K) NonClass: 21408K(21760K)->21408K(21760K) Class: 8681K(10944K)->8681K(10944K)
[22.570s][info][gc          ] GC(43) Pause Full (System.gc()) 771M->771M(5888M) 644.515ms
[22.571s][info][gc,metaspace] GC(44) Metaspace: 30089K(32704K)->30089K(32704K) NonClass: 21408K(21760K)->21408K(21760K) Class: 8681K(10944K)->8681K(10944K)
[22.571s][info][gc          ] GC(44) Pause Young (System.gc()) 771M->771M(5888M) 0.779ms
[23.211s][info][gc,metaspace] GC(45) Metaspace: 30089K(32704K)->30089K(32704K) NonClass: 21408K(21760K)->21408K(21760K) Class: 8681K(10944K)->8681K(10944K)
[23.211s][info][gc          ] GC(45) Pause Full (System.gc()) 771M->771M(5888M) 640.014ms
[23.212s][info][gc,metaspace] GC(46) Metaspace: 30089K(32704K)->30089K(32704K) NonClass: 21408K(21760K)->21408K(21760K) Class: 8681K(10944K)->8681K(10944K)
[23.212s][info][gc          ] GC(46) Pause Young (System.gc()) 771M->771M(5888M) 0.421ms
[23.832s][info][gc,metaspace] GC(47) Metaspace: 30089K(32704K)->30089K(32704K) NonClass: 21408K(21760K)->21408K(21760K) Class: 8681K(10944K)->8681K(10944K)
[23.832s][info][gc          ] GC(47) Pause Full (System.gc()) 771M->771M(5888M) 620.815ms
[23.833s][info][gc,metaspace] GC(48) Metaspace: 30089K(32704K)->30089K(32704K) NonClass: 21408K(21760K)->21408K(21760K) Class: 8681K(10944K)->8681K(10944K)
[23.833s][info][gc          ] GC(48) Pause Young (System.gc()) 771M->771M(5888M) 0.433ms
[24.467s][info][gc,metaspace] GC(49) Metaspace: 30089K(32704K)->30089K(32704K) NonClass: 21408K(21760K)->21408K(21760K) Class: 8681K(10944K)->8681K(10944K)
[24.467s][info][gc          ] GC(49) Pause Full (System.gc()) 771M->771M(5888M) 633.934ms
[24.467s][info][gc,metaspace] GC(50) Metaspace: 30089K(32704K)->30089K(32704K) NonClass: 21408K(21760K)->21408K(21760K) Class: 8681K(10944K)->8681K(10944K)
[24.467s][info][gc          ] GC(50) Pause Young (System.gc()) 771M->771M(5888M) 0.423ms
[25.085s][info][gc,metaspace] GC(51) Metaspace: 30089K(32704K)->30089K(32704K) NonClass: 21408K(21760K)->21408K(21760K) Class: 8681K(10944K)->8681K(10944K)
[25.085s][info][gc          ] GC(51) Pause Full (System.gc()) 771M->771M(5888M) 617.497ms
[25.085s][info][gc,metaspace] GC(52) Metaspace: 30089K(32704K)->30089K(32704K) NonClass: 21408K(21760K)->21408K(21760K) Class: 8681K(10944K)->8681K(10944K)
[25.085s][info][gc          ] GC(52) Pause Young (System.gc()) 771M->771M(5888M) 0.471ms
[25.739s][info][gc,metaspace] GC(53) Metaspace: 30089K(32704K)->30089K(32704K) NonClass: 21408K(21760K)->21408K(21760K) Class: 8681K(10944K)->8681K(10944K)
[25.739s][info][gc          ] GC(53) Pause Full (System.gc()) 771M->771M(5888M) 653.321ms
[25.739s][info][gc,metaspace] GC(54) Metaspace: 30089K(32704K)->30089K(32704K) NonClass: 21408K(21760K)->21408K(21760K) Class: 8681K(10944K)->8681K(10944K)
[25.739s][info][gc          ] GC(54) Pause Young (System.gc()) 771M->771M(5888M) 0.445ms
[26.406s][info][gc,metaspace] GC(55) Metaspace: 30089K(32704K)->30089K(32704K) NonClass: 21408K(21760K)->21408K(21760K) Class: 8681K(10944K)->8681K(10944K)
[26.407s][info][gc          ] GC(55) Pause Full (System.gc()) 771M->771M(5888M) 667.114ms
[26.412s][info][gc,metaspace] GC(56) Metaspace: 30089K(32704K)->30089K(32704K) NonClass: 21408K(21760K)->21408K(21760K) Class: 8681K(10944K)->8681K(10944K)
[26.412s][info][gc          ] GC(56) Pause Young (System.gc()) 771M->771M(5888M) 0.773ms
[27.031s][info][gc,metaspace] GC(57) Metaspace: 30089K(32704K)->30089K(32704K) NonClass: 21408K(21760K)->21408K(21760K) Class: 8681K(10944K)->8681K(10944K)
[27.031s][info][gc          ] GC(57) Pause Full (System.gc()) 771M->771M(5888M) 619.403ms
[27.032s][info][gc,metaspace] GC(58) Metaspace: 30089K(32704K)->30089K(32704K) NonClass: 21408K(21760K)->21408K(21760K) Class: 8681K(10944K)->8681K(10944K)
[27.032s][info][gc          ] GC(58) Pause Young (System.gc()) 771M->771M(5888M) 0.464ms
[27.657s][info][gc,metaspace] GC(59) Metaspace: 30089K(32704K)->30089K(32704K) NonClass: 21408K(21760K)->21408K(21760K) Class: 8681K(10944K)->8681K(10944K)
[27.657s][info][gc          ] GC(59) Pause Full (System.gc()) 771M->771M(5888M) 624.989ms
[27.657s][info][gc,metaspace] GC(60) Metaspace: 30089K(32704K)->30089K(32704K) NonClass: 21408K(21760K)->21408K(21760K) Class: 8681K(10944K)->8681K(10944K)
[27.657s][info][gc          ] GC(60) Pause Young (System.gc()) 771M->771M(5888M) 0.452ms
[28.292s][info][gc,metaspace] GC(61) Metaspace: 30089K(32704K)->30089K(32704K) NonClass: 21408K(21760K)->21408K(21760K) Class: 8681K(10944K)->8681K(10944K)
[28.292s][info][gc          ] GC(61) Pause Full (System.gc()) 771M->771M(5888M) 634.913ms
[28.293s][info][gc,metaspace] GC(62) Metaspace: 30089K(32704K)->30089K(32704K) NonClass: 21408K(21760K)->21408K(21760K) Class: 8681K(10944K)->8681K(10944K)
[28.293s][info][gc          ] GC(62) Pause Young (System.gc()) 771M->771M(5888M) 0.461ms
[28.926s][info][gc,metaspace] GC(63) Metaspace: 30089K(32704K)->30089K(32704K) NonClass: 21408K(21760K)->21408K(21760K) Class: 8681K(10944K)->8681K(10944K)
[28.926s][info][gc          ] GC(63) Pause Full (System.gc()) 771M->771M(5888M) 633.114ms
[28.926s][info][gc,metaspace] GC(64) Metaspace: 30089K(32704K)->30089K(32704K) NonClass: 21408K(21760K)->21408K(21760K) Class: 8681K(10944K)->8681K(10944K)
[28.926s][info][gc          ] GC(64) Pause Young (System.gc()) 771M->771M(5888M) 0.438ms
[29.561s][info][gc,metaspace] GC(65) Metaspace: 30089K(32704K)->30089K(32704K) NonClass: 21408K(21760K)->21408K(21760K) Class: 8681K(10944K)->8681K(10944K)
[29.562s][info][gc          ] GC(65) Pause Full (System.gc()) 771M->771M(5888M) 635.141ms
[29.562s][info][gc,metaspace] GC(66) Metaspace: 30089K(32704K)->30089K(32704K) NonClass: 21408K(21760K)->21408K(21760K) Class: 8681K(10944K)->8681K(10944K)
[29.562s][info][gc          ] GC(66) Pause Young (System.gc()) 771M->771M(5888M) 0.456ms
[30.204s][info][gc,metaspace] GC(67) Metaspace: 30089K(32704K)->30089K(32704K) NonClass: 21408K(21760K)->21408K(21760K) Class: 8681K(10944K)->8681K(10944K)
[30.204s][info][gc          ] GC(67) Pause Full (System.gc()) 771M->771M(5888M) 642.073ms
[30.205s][info][gc,metaspace] GC(68) Metaspace: 30089K(32704K)->30089K(32704K) NonClass: 21408K(21760K)->21408K(21760K) Class: 8681K(10944K)->8681K(10944K)
[30.205s][info][gc          ] GC(68) Pause Young (System.gc()) 771M->771M(5888M) 0.496ms
[30.820s][info][gc,metaspace] GC(69) Metaspace: 30089K(32704K)->30089K(32704K) NonClass: 21408K(21760K)->21408K(21760K) Class: 8681K(10944K)->8681K(10944K)
[30.820s][info][gc          ] GC(69) Pause Full (System.gc()) 771M->771M(5888M) 615.665ms
[30.821s][info][gc,metaspace] GC(70) Metaspace: 30089K(32704K)->30089K(32704K) NonClass: 21408K(21760K)->21408K(21760K) Class: 8681K(10944K)->8681K(10944K)
[30.821s][info][gc          ] GC(70) Pause Young (System.gc()) 771M->771M(5888M) 0.477ms
[31.462s][info][gc,metaspace] GC(71) Metaspace: 30089K(32704K)->30089K(32704K) NonClass: 21408K(21760K)->21408K(21760K) Class: 8681K(10944K)->8681K(10944K)
[31.462s][info][gc          ] GC(71) Pause Full (System.gc()) 771M->771M(5888M) 640.578ms
[31.466s][info][gc,metaspace] GC(72) Metaspace: 30089K(32704K)->30089K(32704K) NonClass: 21408K(21760K)->21408K(21760K) Class: 8681K(10944K)->8681K(10944K)
[31.466s][info][gc          ] GC(72) Pause Young (System.gc()) 771M->771M(5888M) 0.419ms
[32.107s][info][gc,metaspace] GC(73) Metaspace: 30089K(32704K)->30089K(32704K) NonClass: 21408K(21760K)->21408K(21760K) Class: 8681K(10944K)->8681K(10944K)
[32.107s][info][gc          ] GC(73) Pause Full (System.gc()) 771M->771M(5888M) 640.435ms
[32.107s][info][gc,metaspace] GC(74) Metaspace: 30089K(32704K)->30089K(32704K) NonClass: 21408K(21760K)->21408K(21760K) Class: 8681K(10944K)->8681K(10944K)
[32.107s][info][gc          ] GC(74) Pause Young (System.gc()) 771M->771M(5888M) 0.460ms
[32.745s][info][gc,metaspace] GC(75) Metaspace: 30089K(32704K)->30089K(32704K) NonClass: 21408K(21760K)->21408K(21760K) Class: 8681K(10944K)->8681K(10944K)
[32.745s][info][gc          ] GC(75) Pause Full (System.gc()) 771M->771M(5888M) 637.951ms
[32.746s][info][gc,metaspace] GC(76) Metaspace: 30089K(32704K)->30089K(32704K) NonClass: 21408K(21760K)->21408K(21760K) Class: 8681K(10944K)->8681K(10944K)
[32.746s][info][gc          ] GC(76) Pause Young (System.gc()) 771M->771M(5888M) 0.474ms
[33.394s][info][gc,metaspace] GC(77) Metaspace: 30089K(32704K)->30089K(32704K) NonClass: 21408K(21760K)->21408K(21760K) Class: 8681K(10944K)->8681K(10944K)
[33.394s][info][gc          ] GC(77) Pause Full (System.gc()) 771M->771M(5888M) 647.666ms
[33.394s][info][gc,metaspace] GC(78) Metaspace: 30089K(32704K)->30089K(32704K) NonClass: 21408K(21760K)->21408K(21760K) Class: 8681K(10944K)->8681K(10944K)
[33.394s][info][gc          ] GC(78) Pause Young (System.gc()) 771M->771M(5888M) 0.408ms
[34.032s][info][gc,metaspace] GC(79) Metaspace: 30089K(32704K)->30089K(32704K) NonClass: 21408K(21760K)->21408K(21760K) Class: 8681K(10944K)->8681K(10944K)
[34.032s][info][gc          ] GC(79) Pause Full (System.gc()) 771M->771M(5888M) 637.984ms
[34.033s][info][gc,metaspace] GC(80) Metaspace: 30089K(32704K)->30089K(32704K) NonClass: 21408K(21760K)->21408K(21760K) Class: 8681K(10944K)->8681K(10944K)
[34.033s][info][gc          ] GC(80) Pause Young (System.gc()) 771M->771M(5888M) 0.449ms
[34.670s][info][gc,metaspace] GC(81) Metaspace: 30089K(32704K)->30089K(32704K) NonClass: 21408K(21760K)->21408K(21760K) Class: 8681K(10944K)->8681K(10944K)
[34.670s][info][gc          ] GC(81) Pause Full (System.gc()) 771M->771M(5888M) 637.656ms
[34.671s][info][gc,metaspace] GC(82) Metaspace: 30089K(32704K)->30089K(32704K) NonClass: 21408K(21760K)->21408K(21760K) Class: 8681K(10944K)->8681K(10944K)
[34.671s][info][gc          ] GC(82) Pause Young (System.gc()) 771M->771M(5888M) 0.473ms
[35.304s][info][gc,metaspace] GC(83) Metaspace: 30089K(32704K)->30089K(32704K) NonClass: 21408K(21760K)->21408K(21760K) Class: 8681K(10944K)->8681K(10944K)
[35.304s][info][gc          ] GC(83) Pause Full (System.gc()) 771M->771M(5888M) 633.054ms
[35.305s][info][gc,metaspace] GC(84) Metaspace: 30089K(32704K)->30089K(32704K) NonClass: 21408K(21760K)->21408K(21760K) Class: 8681K(10944K)->8681K(10944K)
[35.305s][info][gc          ] GC(84) Pause Young (System.gc()) 771M->771M(5888M) 0.469ms
[35.949s][info][gc,metaspace] GC(85) Metaspace: 30089K(32704K)->30089K(32704K) NonClass: 21408K(21760K)->21408K(21760K) Class: 8681K(10944K)->8681K(10944K)
[35.949s][info][gc          ] GC(85) Pause Full (System.gc()) 771M->771M(5888M) 644.449ms
[35.950s][info][gc,metaspace] GC(86) Metaspace: 30089K(32704K)->30089K(32704K) NonClass: 21408K(21760K)->21408K(21760K) Class: 8681K(10944K)->8681K(10944K)
[35.950s][info][gc          ] GC(86) Pause Young (System.gc()) 771M->771M(5888M) 0.425ms
[36.580s][info][gc,metaspace] GC(87) Metaspace: 30089K(32704K)->30089K(32704K) NonClass: 21408K(21760K)->21408K(21760K) Class: 8681K(10944K)->8681K(10944K)
[36.580s][info][gc          ] GC(87) Pause Full (System.gc()) 771M->771M(5888M) 630.316ms
[36.585s][info][gc,metaspace] GC(88) Metaspace: 30089K(32704K)->30089K(32704K) NonClass: 21408K(21760K)->21408K(21760K) Class: 8681K(10944K)->8681K(10944K)
[36.585s][info][gc          ] GC(88) Pause Young (System.gc()) 771M->771M(5888M) 0.785ms
[37.243s][info][gc,metaspace] GC(89) Metaspace: 30089K(32704K)->30089K(32704K) NonClass: 21408K(21760K)->21408K(21760K) Class: 8681K(10944K)->8681K(10944K)
[37.243s][info][gc          ] GC(89) Pause Full (System.gc()) 771M->771M(5888M) 657.838ms
[37.243s][info][gc,metaspace] GC(90) Metaspace: 30089K(32704K)->30089K(32704K) NonClass: 21408K(21760K)->21408K(21760K) Class: 8681K(10944K)->8681K(10944K)
[37.243s][info][gc          ] GC(90) Pause Young (System.gc()) 771M->771M(5888M) 0.422ms
[37.883s][info][gc,metaspace] GC(91) Metaspace: 30089K(32704K)->30089K(32704K) NonClass: 21408K(21760K)->21408K(21760K) Class: 8681K(10944K)->8681K(10944K)
[37.883s][info][gc          ] GC(91) Pause Full (System.gc()) 771M->771M(5888M) 639.314ms
[37.883s][info][gc,metaspace] GC(92) Metaspace: 30089K(32704K)->30089K(32704K) NonClass: 21408K(21760K)->21408K(21760K) Class: 8681K(10944K)->8681K(10944K)
[37.883s][info][gc          ] GC(92) Pause Young (System.gc()) 771M->771M(5888M) 0.416ms
[38.525s][info][gc,metaspace] GC(93) Metaspace: 30089K(32704K)->30089K(32704K) NonClass: 21408K(21760K)->21408K(21760K) Class: 8681K(10944K)->8681K(10944K)
[38.525s][info][gc          ] GC(93) Pause Full (System.gc()) 771M->771M(5888M) 642.041ms
[38.526s][info][gc,metaspace] GC(94) Metaspace: 30089K(32704K)->30089K(32704K) NonClass: 21408K(21760K)->21408K(21760K) Class: 8681K(10944K)->8681K(10944K)
[38.526s][info][gc          ] GC(94) Pause Young (System.gc()) 771M->771M(5888M) 0.610ms
[39.164s][info][gc,metaspace] GC(95) Metaspace: 30089K(32704K)->30089K(32704K) NonClass: 21408K(21760K)->21408K(21760K) Class: 8681K(10944K)->8681K(10944K)
[39.164s][info][gc          ] GC(95) Pause Full (System.gc()) 771M->771M(5888M) 638.309ms
[39.165s][info][gc,metaspace] GC(96) Metaspace: 30089K(32704K)->30089K(32704K) NonClass: 21408K(21760K)->21408K(21760K) Class: 8681K(10944K)->8681K(10944K)
[39.165s][info][gc          ] GC(96) Pause Young (System.gc()) 771M->771M(5888M) 0.802ms
[39.791s][info][gc,metaspace] GC(97) Metaspace: 30089K(32704K)->30089K(32704K) NonClass: 21408K(21760K)->21408K(21760K) Class: 8681K(10944K)->8681K(10944K)
[39.791s][info][gc          ] GC(97) Pause Full (System.gc()) 771M->771M(5888M) 626.117ms
[39.792s][info][gc,metaspace] GC(98) Metaspace: 30089K(32704K)->30089K(32704K) NonClass: 21408K(21760K)->21408K(21760K) Class: 8681K(10944K)->8681K(10944K)
[39.792s][info][gc          ] GC(98) Pause Young (System.gc()) 771M->771M(5888M) 0.461ms
[40.423s][info][gc,metaspace] GC(99) Metaspace: 30089K(32704K)->30089K(32704K) NonClass: 21408K(21760K)->21408K(21760K) Class: 8681K(10944K)->8681K(10944K)
[40.423s][info][gc          ] GC(99) Pause Full (System.gc()) 771M->771M(5888M) 631.207ms
[40.424s][info][gc,metaspace] GC(100) Metaspace: 30089K(32704K)->30089K(32704K) NonClass: 21408K(21760K)->21408K(21760K) Class: 8681K(10944K)->8681K(10944K)
[40.424s][info][gc          ] GC(100) Pause Young (System.gc()) 771M->771M(5888M) 0.626ms
[41.050s][info][gc,metaspace] GC(101) Metaspace: 30089K(32704K)->30089K(32704K) NonClass: 21408K(21760K)->21408K(21760K) Class: 8681K(10944K)->8681K(10944K)
[41.050s][info][gc          ] GC(101) Pause Full (System.gc()) 771M->771M(5888M) 625.982ms
[41.051s][info][gc,metaspace] GC(102) Metaspace: 30089K(32704K)->30089K(32704K) NonClass: 21408K(21760K)->21408K(21760K) Class: 8681K(10944K)->8681K(10944K)
[41.051s][info][gc          ] GC(102) Pause Young (System.gc()) 771M->771M(5888M) 0.527ms
[41.708s][info][gc,metaspace] GC(103) Metaspace: 30089K(32704K)->30089K(32704K) NonClass: 21408K(21760K)->21408K(21760K) Class: 8681K(10944K)->8681K(10944K)
[41.708s][info][gc          ] GC(103) Pause Full (System.gc()) 771M->771M(5888M) 657.362ms
[41.713s][info][gc,metaspace] GC(104) Metaspace: 30089K(32704K)->30089K(32704K) NonClass: 21408K(21760K)->21408K(21760K) Class: 8681K(10944K)->8681K(10944K)
[41.713s][info][gc          ] GC(104) Pause Young (System.gc()) 771M->771M(5888M) 0.412ms
[42.329s][info][gc,metaspace] GC(105) Metaspace: 30089K(32704K)->30089K(32704K) NonClass: 21408K(21760K)->21408K(21760K) Class: 8681K(10944K)->8681K(10944K)
[42.330s][info][gc          ] GC(105) Pause Full (System.gc()) 771M->771M(5888M) 616.771ms
[42.330s][info][gc,metaspace] GC(106) Metaspace: 30089K(32704K)->30089K(32704K) NonClass: 21408K(21760K)->21408K(21760K) Class: 8681K(10944K)->8681K(10944K)
[42.330s][info][gc          ] GC(106) Pause Young (System.gc()) 771M->771M(5888M) 0.463ms
[42.988s][info][gc,metaspace] GC(107) Metaspace: 30089K(32704K)->30089K(32704K) NonClass: 21408K(21760K)->21408K(21760K) Class: 8681K(10944K)->8681K(10944K)
[42.988s][info][gc          ] GC(107) Pause Full (System.gc()) 771M->771M(5888M) 657.716ms
[42.988s][info][gc,metaspace] GC(108) Metaspace: 30089K(32704K)->30089K(32704K) NonClass: 21408K(21760K)->21408K(21760K) Class: 8681K(10944K)->8681K(10944K)
[42.988s][info][gc          ] GC(108) Pause Young (System.gc()) 771M->771M(5888M) 0.449ms
[43.622s][info][gc,metaspace] GC(109) Metaspace: 30089K(32704K)->30089K(32704K) NonClass: 21408K(21760K)->21408K(21760K) Class: 8681K(10944K)->8681K(10944K)
[43.622s][info][gc          ] GC(109) Pause Full (System.gc()) 771M->771M(5888M) 633.922ms
[43.623s][info][gc,metaspace] GC(110) Metaspace: 30089K(32704K)->30089K(32704K) NonClass: 21408K(21760K)->21408K(21760K) Class: 8681K(10944K)->8681K(10944K)
[43.623s][info][gc          ] GC(110) Pause Young (System.gc()) 771M->771M(5888M) 0.466ms
[44.315s][info][gc,metaspace] GC(111) Metaspace: 30089K(32704K)->30089K(32704K) NonClass: 21408K(21760K)->21408K(21760K) Class: 8681K(10944K)->8681K(10944K)
[44.315s][info][gc          ] GC(111) Pause Full (System.gc()) 771M->771M(5888M) 692.319ms
[44.316s][info][gc,metaspace] GC(112) Metaspace: 30089K(32704K)->30089K(32704K) NonClass: 21408K(21760K)->21408K(21760K) Class: 8681K(10944K)->8681K(10944K)
[44.316s][info][gc          ] GC(112) Pause Young (System.gc()) 771M->771M(5888M) 0.432ms
[44.946s][info][gc,metaspace] GC(113) Metaspace: 30089K(32704K)->30089K(32704K) NonClass: 21408K(21760K)->21408K(21760K) Class: 8681K(10944K)->8681K(10944K)
[44.946s][info][gc          ] GC(113) Pause Full (System.gc()) 771M->771M(5888M) 630.160ms
[44.946s][info][gc,metaspace] GC(114) Metaspace: 30089K(32704K)->30089K(32704K) NonClass: 21408K(21760K)->21408K(21760K) Class: 8681K(10944K)->8681K(10944K)
[44.946s][info][gc          ] GC(114) Pause Young (System.gc()) 771M->771M(5888M) 0.426ms
[45.595s][info][gc,metaspace] GC(115) Metaspace: 30089K(32704K)->30089K(32704K) NonClass: 21408K(21760K)->21408K(21760K) Class: 8681K(10944K)->8681K(10944K)
[45.595s][info][gc          ] GC(115) Pause Full (System.gc()) 771M->771M(5888M) 649.019ms
[45.596s][info][gc,metaspace] GC(116) Metaspace: 30089K(32704K)->30089K(32704K) NonClass: 21408K(21760K)->21408K(21760K) Class: 8681K(10944K)->8681K(10944K)
[45.596s][info][gc          ] GC(116) Pause Young (System.gc()) 771M->771M(5888M) 0.466ms
[46.212s][info][gc,metaspace] GC(117) Metaspace: 30089K(32704K)->30089K(32704K) NonClass: 21408K(21760K)->21408K(21760K) Class: 8681K(10944K)->8681K(10944K)
[46.213s][info][gc          ] GC(117) Pause Full (System.gc()) 771M->771M(5888M) 616.459ms
[46.213s][info][gc,metaspace] GC(118) Metaspace: 30089K(32704K)->30089K(32704K) NonClass: 21408K(21760K)->21408K(21760K) Class: 8681K(10944K)->8681K(10944K)
[46.213s][info][gc          ] GC(118) Pause Young (System.gc()) 771M->771M(5888M) 0.436ms
[46.851s][info][gc,metaspace] GC(119) Metaspace: 30089K(32704K)->30089K(32704K) NonClass: 21408K(21760K)->21408K(21760K) Class: 8681K(10944K)->8681K(10944K)
[46.851s][info][gc          ] GC(119) Pause Full (System.gc()) 771M->771M(5888M) 638.012ms
[46.856s][info][gc,metaspace] GC(120) Metaspace: 30089K(32704K)->30089K(32704K) NonClass: 21408K(21760K)->21408K(21760K) Class: 8681K(10944K)->8681K(10944K)
[46.856s][info][gc          ] GC(120) Pause Young (System.gc()) 771M->771M(5888M) 0.470ms
[47.480s][info][gc,metaspace] GC(121) Metaspace: 30089K(32704K)->30089K(32704K) NonClass: 21408K(21760K)->21408K(21760K) Class: 8681K(10944K)->8681K(10944K)
[47.480s][info][gc          ] GC(121) Pause Full (System.gc()) 771M->771M(5888M) 623.997ms
[47.480s][info][gc,metaspace] GC(122) Metaspace: 30089K(32704K)->30089K(32704K) NonClass: 21408K(21760K)->21408K(21760K) Class: 8681K(10944K)->8681K(10944K)
[47.480s][info][gc          ] GC(122) Pause Young (System.gc()) 771M->771M(5888M) 0.440ms
[48.170s][info][gc,metaspace] GC(123) Metaspace: 30089K(32704K)->30089K(32704K) NonClass: 21408K(21760K)->21408K(21760K) Class: 8681K(10944K)->8681K(10944K)
[48.170s][info][gc          ] GC(123) Pause Full (System.gc()) 771M->771M(5888M) 689.449ms
[48.170s][info][gc,metaspace] GC(124) Metaspace: 30089K(32704K)->30089K(32704K) NonClass: 21408K(21760K)->21408K(21760K) Class: 8681K(10944K)->8681K(10944K)
[48.171s][info][gc          ] GC(124) Pause Young (System.gc()) 771M->771M(5888M) 0.480ms
[48.824s][info][gc,metaspace] GC(125) Metaspace: 30089K(32704K)->30089K(32704K) NonClass: 21408K(21760K)->21408K(21760K) Class: 8681K(10944K)->8681K(10944K)
[48.824s][info][gc          ] GC(125) Pause Full (System.gc()) 771M->771M(5888M) 653.661ms
[48.825s][info][gc,metaspace] GC(126) Metaspace: 30089K(32704K)->30089K(32704K) NonClass: 21408K(21760K)->21408K(21760K) Class: 8681K(10944K)->8681K(10944K)
[48.825s][info][gc          ] GC(126) Pause Young (System.gc()) 771M->771M(5888M) 0.508ms
[49.464s][info][gc,metaspace] GC(127) Metaspace: 30089K(32704K)->30089K(32704K) NonClass: 21408K(21760K)->21408K(21760K) Class: 8681K(10944K)->8681K(10944K)
[49.464s][info][gc          ] GC(127) Pause Full (System.gc()) 771M->771M(5888M) 639.535ms
[49.465s][info][gc,metaspace] GC(128) Metaspace: 30089K(32704K)->30089K(32704K) NonClass: 21408K(21760K)->21408K(21760K) Class: 8681K(10944K)->8681K(10944K)
[49.465s][info][gc          ] GC(128) Pause Young (System.gc()) 771M->771M(5888M) 0.426ms
[50.094s][info][gc,metaspace] GC(129) Metaspace: 30089K(32704K)->30089K(32704K) NonClass: 21408K(21760K)->21408K(21760K) Class: 8681K(10944K)->8681K(10944K)
[50.094s][info][gc          ] GC(129) Pause Full (System.gc()) 771M->771M(5888M) 629.504ms
[50.095s][info][gc,metaspace] GC(130) Metaspace: 30089K(32704K)->30089K(32704K) NonClass: 21408K(21760K)->21408K(21760K) Class: 8681K(10944K)->8681K(10944K)
[50.095s][info][gc          ] GC(130) Pause Young (System.gc()) 771M->771M(5888M) 0.466ms
[50.734s][info][gc,metaspace] GC(131) Metaspace: 30089K(32704K)->30089K(32704K) NonClass: 21408K(21760K)->21408K(21760K) Class: 8681K(10944K)->8681K(10944K)
[50.734s][info][gc          ] GC(131) Pause Full (System.gc()) 771M->771M(5888M) 639.382ms
[50.735s][info][gc,metaspace] GC(132) Metaspace: 30089K(32704K)->30089K(32704K) NonClass: 21408K(21760K)->21408K(21760K) Class: 8681K(10944K)->8681K(10944K)
[50.735s][info][gc          ] GC(132) Pause Young (System.gc()) 771M->771M(5888M) 0.738ms
[51.373s][info][gc,metaspace] GC(133) Metaspace: 30089K(32704K)->30089K(32704K) NonClass: 21408K(21760K)->21408K(21760K) Class: 8681K(10944K)->8681K(10944K)
[51.373s][info][gc          ] GC(133) Pause Full (System.gc()) 771M->771M(5888M) 637.280ms
[51.373s][info][gc,metaspace] GC(134) Metaspace: 30089K(32704K)->30089K(32704K) NonClass: 21408K(21760K)->21408K(21760K) Class: 8681K(10944K)->8681K(10944K)
[51.373s][info][gc          ] GC(134) Pause Young (System.gc()) 771M->771M(5888M) 0.458ms
[51.993s][info][gc,metaspace] GC(135) Metaspace: 30089K(32704K)->30089K(32704K) NonClass: 21408K(21760K)->21408K(21760K) Class: 8681K(10944K)->8681K(10944K)
[51.993s][info][gc          ] GC(135) Pause Full (System.gc()) 771M->771M(5888M) 620.280ms
[51.998s][info][gc,metaspace] GC(136) Metaspace: 30089K(32704K)->30089K(32704K) NonClass: 21408K(21760K)->21408K(21760K) Class: 8681K(10944K)->8681K(10944K)
[51.998s][info][gc          ] GC(136) Pause Young (System.gc()) 771M->771M(5888M) 0.431ms
[52.817s][info][gc,metaspace] GC(137) Metaspace: 30089K(32704K)->30089K(32704K) NonClass: 21408K(21760K)->21408K(21760K) Class: 8681K(10944K)->8681K(10944K)
[52.817s][info][gc          ] GC(137) Pause Full (System.gc()) 771M->771M(5888M) 818.421ms
[52.817s][info][gc,metaspace] GC(138) Metaspace: 30089K(32704K)->30089K(32704K) NonClass: 21408K(21760K)->21408K(21760K) Class: 8681K(10944K)->8681K(10944K)
[52.817s][info][gc          ] GC(138) Pause Young (System.gc()) 771M->771M(5888M) 0.439ms
[53.471s][info][gc,metaspace] GC(139) Metaspace: 30089K(32704K)->30089K(32704K) NonClass: 21408K(21760K)->21408K(21760K) Class: 8681K(10944K)->8681K(10944K)
[53.472s][info][gc          ] GC(139) Pause Full (System.gc()) 771M->771M(5888M) 654.300ms
[53.472s][info][gc,metaspace] GC(140) Metaspace: 30089K(32704K)->30089K(32704K) NonClass: 21408K(21760K)->21408K(21760K) Class: 8681K(10944K)->8681K(10944K)
[53.472s][info][gc          ] GC(140) Pause Young (System.gc()) 771M->771M(5888M) 0.448ms
[54.149s][info][gc,metaspace] GC(141) Metaspace: 30089K(32704K)->30089K(32704K) NonClass: 21408K(21760K)->21408K(21760K) Class: 8681K(10944K)->8681K(10944K)
[54.149s][info][gc          ] GC(141) Pause Full (System.gc()) 771M->771M(5888M) 676.874ms
[54.149s][info][gc,metaspace] GC(142) Metaspace: 30089K(32704K)->30089K(32704K) NonClass: 21408K(21760K)->21408K(21760K) Class: 8681K(10944K)->8681K(10944K)
[54.149s][info][gc          ] GC(142) Pause Young (System.gc()) 771M->771M(5888M) 0.419ms
[54.788s][info][gc,metaspace] GC(143) Metaspace: 30089K(32704K)->30089K(32704K) NonClass: 21408K(21760K)->21408K(21760K) Class: 8681K(10944K)->8681K(10944K)
[54.788s][info][gc          ] GC(143) Pause Full (System.gc()) 771M->771M(5888M) 638.640ms
[54.789s][info][gc,metaspace] GC(144) Metaspace: 30089K(32704K)->30089K(32704K) NonClass: 21408K(21760K)->21408K(21760K) Class: 8681K(10944K)->8681K(10944K)
[54.789s][info][gc          ] GC(144) Pause Young (System.gc()) 771M->771M(5888M) 0.418ms
[55.445s][info][gc,metaspace] GC(145) Metaspace: 30089K(32704K)->30089K(32704K) NonClass: 21408K(21760K)->21408K(21760K) Class: 8681K(10944K)->8681K(10944K)
[55.445s][info][gc          ] GC(145) Pause Full (System.gc()) 771M->771M(5888M) 656.499ms
[55.446s][info][gc,metaspace] GC(146) Metaspace: 30089K(32704K)->30089K(32704K) NonClass: 21408K(21760K)->21408K(21760K) Class: 8681K(10944K)->8681K(10944K)
[55.446s][info][gc          ] GC(146) Pause Young (System.gc()) 771M->771M(5888M) 0.430ms
[56.093s][info][gc,metaspace] GC(147) Metaspace: 30089K(32704K)->30089K(32704K) NonClass: 21408K(21760K)->21408K(21760K) Class: 8681K(10944K)->8681K(10944K)
[56.093s][info][gc          ] GC(147) Pause Full (System.gc()) 771M->771M(5888M) 646.841ms
[56.093s][info][gc,metaspace] GC(148) Metaspace: 30089K(32704K)->30089K(32704K) NonClass: 21408K(21760K)->21408K(21760K) Class: 8681K(10944K)->8681K(10944K)
[56.093s][info][gc          ] GC(148) Pause Young (System.gc()) 771M->771M(5888M) 0.517ms
[56.772s][info][gc,metaspace] GC(149) Metaspace: 30089K(32704K)->30089K(32704K) NonClass: 21408K(21760K)->21408K(21760K) Class: 8681K(10944K)->8681K(10944K)
[56.772s][info][gc          ] GC(149) Pause Full (System.gc()) 771M->771M(5888M) 678.671ms
[56.772s][info][gc,metaspace] GC(150) Metaspace: 30089K(32704K)->30089K(32704K) NonClass: 21408K(21760K)->21408K(21760K) Class: 8681K(10944K)->8681K(10944K)
[56.772s][info][gc          ] GC(150) Pause Young (System.gc()) 771M->771M(5888M) 0.431ms
[57.421s][info][gc,metaspace] GC(151) Metaspace: 30089K(32704K)->30089K(32704K) NonClass: 21408K(21760K)->21408K(21760K) Class: 8681K(10944K)->8681K(10944K)
[57.421s][info][gc          ] GC(151) Pause Full (System.gc()) 771M->771M(5888M) 648.535ms
[57.421s][info][gc,metaspace] GC(152) Metaspace: 30089K(32704K)->30089K(32704K) NonClass: 21408K(21760K)->21408K(21760K) Class: 8681K(10944K)->8681K(10944K)
[57.422s][info][gc          ] GC(152) Pause Young (System.gc()) 771M->771M(5888M) 0.483ms
[58.044s][info][gc,metaspace] GC(153) Metaspace: 30089K(32704K)->30089K(32704K) NonClass: 21408K(21760K)->21408K(21760K) Class: 8681K(10944K)->8681K(10944K)
[58.044s][info][gc          ] GC(153) Pause Full (System.gc()) 771M->771M(5888M) 622.874ms
[58.045s][info][gc,metaspace] GC(154) Metaspace: 30089K(32704K)->30089K(32704K) NonClass: 21408K(21760K)->21408K(21760K) Class: 8681K(10944K)->8681K(10944K)
[58.045s][info][gc          ] GC(154) Pause Young (System.gc()) 771M->771M(5888M) 0.415ms
[58.664s][info][gc,metaspace] GC(155) Metaspace: 30089K(32704K)->30089K(32704K) NonClass: 21408K(21760K)->21408K(21760K) Class: 8681K(10944K)->8681K(10944K)
[58.664s][info][gc          ] GC(155) Pause Full (System.gc()) 771M->771M(5888M) 618.805ms
[58.664s][info][gc,metaspace] GC(156) Metaspace: 30089K(32704K)->30089K(32704K) NonClass: 21408K(21760K)->21408K(21760K) Class: 8681K(10944K)->8681K(10944K)
[58.664s][info][gc          ] GC(156) Pause Young (System.gc()) 771M->771M(5888M) 0.559ms
[59.319s][info][gc,metaspace] GC(157) Metaspace: 30089K(32704K)->30089K(32704K) NonClass: 21408K(21760K)->21408K(21760K) Class: 8681K(10944K)->8681K(10944K)
[59.319s][info][gc          ] GC(157) Pause Full (System.gc()) 771M->771M(5888M) 654.302ms
[59.320s][info][gc,metaspace] GC(158) Metaspace: 30089K(32704K)->30089K(32704K) NonClass: 21408K(21760K)->21408K(21760K) Class: 8681K(10944K)->8681K(10944K)
[59.320s][info][gc          ] GC(158) Pause Young (System.gc()) 771M->771M(5888M) 0.808ms
[59.972s][info][gc,metaspace] GC(159) Metaspace: 30089K(32704K)->30089K(32704K) NonClass: 21408K(21760K)->21408K(21760K) Class: 8681K(10944K)->8681K(10944K)
[59.972s][info][gc          ] GC(159) Pause Full (System.gc()) 771M->771M(5888M) 652.682ms
[59.973s][info][gc,metaspace] GC(160) Metaspace: 30089K(32704K)->30089K(32704K) NonClass: 21408K(21760K)->21408K(21760K) Class: 8681K(10944K)->8681K(10944K)
[59.973s][info][gc          ] GC(160) Pause Young (System.gc()) 771M->771M(5888M) 0.811ms
[60.635s][info][gc,metaspace] GC(161) Metaspace: 30089K(32704K)->30089K(32704K) NonClass: 21408K(21760K)->21408K(21760K) Class: 8681K(10944K)->8681K(10944K)
[60.635s][info][gc          ] GC(161) Pause Full (System.gc()) 771M->771M(5888M) 662.081ms
[60.636s][info][gc,metaspace] GC(162) Metaspace: 30089K(32704K)->30089K(32704K) NonClass: 21408K(21760K)->21408K(21760K) Class: 8681K(10944K)->8681K(10944K)
[60.636s][info][gc          ] GC(162) Pause Young (System.gc()) 771M->771M(5888M) 0.402ms
[61.274s][info][gc,metaspace] GC(163) Metaspace: 30089K(32704K)->30089K(32704K) NonClass: 21408K(21760K)->21408K(21760K) Class: 8681K(10944K)->8681K(10944K)
[61.274s][info][gc          ] GC(163) Pause Full (System.gc()) 771M->771M(5888M) 637.766ms
[61.274s][info][gc,metaspace] GC(164) Metaspace: 30089K(32704K)->30089K(32704K) NonClass: 21408K(21760K)->21408K(21760K) Class: 8681K(10944K)->8681K(10944K)
[61.274s][info][gc          ] GC(164) Pause Young (System.gc()) 771M->771M(5888M) 0.427ms
[61.905s][info][gc,metaspace] GC(165) Metaspace: 30089K(32704K)->30089K(32704K) NonClass: 21408K(21760K)->21408K(21760K) Class: 8681K(10944K)->8681K(10944K)
[61.906s][info][gc          ] GC(165) Pause Full (System.gc()) 771M->771M(5888M) 631.350ms
[61.906s][info][gc,metaspace] GC(166) Metaspace: 30089K(32704K)->30089K(32704K) NonClass: 21408K(21760K)->21408K(21760K) Class: 8681K(10944K)->8681K(10944K)
[61.906s][info][gc          ] GC(166) Pause Young (System.gc()) 771M->771M(5888M) 0.424ms
[62.545s][info][gc,metaspace] GC(167) Metaspace: 30089K(32704K)->30089K(32704K) NonClass: 21408K(21760K)->21408K(21760K) Class: 8681K(10944K)->8681K(10944K)
[62.545s][info][gc          ] GC(167) Pause Full (System.gc()) 771M->771M(5888M) 638.517ms
[62.549s][info][gc,metaspace] GC(168) Metaspace: 30089K(32704K)->30089K(32704K) NonClass: 21408K(21760K)->21408K(21760K) Class: 8681K(10944K)->8681K(10944K)
[62.549s][info][gc          ] GC(168) Pause Young (System.gc()) 771M->771M(5888M) 0.503ms
[63.177s][info][gc,metaspace] GC(169) Metaspace: 30089K(32704K)->30089K(32704K) NonClass: 21408K(21760K)->21408K(21760K) Class: 8681K(10944K)->8681K(10944K)
[63.177s][info][gc          ] GC(169) Pause Full (System.gc()) 771M->771M(5888M) 627.793ms
[63.178s][info][gc,metaspace] GC(170) Metaspace: 30089K(32704K)->30089K(32704K) NonClass: 21408K(21760K)->21408K(21760K) Class: 8681K(10944K)->8681K(10944K)
[63.178s][info][gc          ] GC(170) Pause Young (System.gc()) 771M->771M(5888M) 0.476ms
[63.833s][info][gc,metaspace] GC(171) Metaspace: 30089K(32704K)->30089K(32704K) NonClass: 21408K(21760K)->21408K(21760K) Class: 8681K(10944K)->8681K(10944K)
[63.833s][info][gc          ] GC(171) Pause Full (System.gc()) 771M->771M(5888M) 654.747ms
[63.833s][info][gc,metaspace] GC(172) Metaspace: 30089K(32704K)->30089K(32704K) NonClass: 21408K(21760K)->21408K(21760K) Class: 8681K(10944K)->8681K(10944K)
[63.833s][info][gc          ] GC(172) Pause Young (System.gc()) 771M->771M(5888M) 0.430ms
[64.484s][info][gc,metaspace] GC(173) Metaspace: 30089K(32704K)->30089K(32704K) NonClass: 21408K(21760K)->21408K(21760K) Class: 8681K(10944K)->8681K(10944K)
[64.484s][info][gc          ] GC(173) Pause Full (System.gc()) 771M->771M(5888M) 651.307ms
[64.485s][info][gc,metaspace] GC(174) Metaspace: 30089K(32704K)->30089K(32704K) NonClass: 21408K(21760K)->21408K(21760K) Class: 8681K(10944K)->8681K(10944K)
[64.485s][info][gc          ] GC(174) Pause Young (System.gc()) 771M->771M(5888M) 0.485ms
[65.174s][info][gc,metaspace] GC(175) Metaspace: 30089K(32704K)->30089K(32704K) NonClass: 21408K(21760K)->21408K(21760K) Class: 8681K(10944K)->8681K(10944K)
[65.174s][info][gc          ] GC(175) Pause Full (System.gc()) 771M->771M(5888M) 688.620ms
[65.174s][info][gc,metaspace] GC(176) Metaspace: 30089K(32704K)->30089K(32704K) NonClass: 21408K(21760K)->21408K(21760K) Class: 8681K(10944K)->8681K(10944K)
[65.174s][info][gc          ] GC(176) Pause Young (System.gc()) 781M->771M(5888M) 0.438ms
[65.834s][info][gc,metaspace] GC(177) Metaspace: 30089K(32704K)->30089K(32704K) NonClass: 21408K(21760K)->21408K(21760K) Class: 8681K(10944K)->8681K(10944K)
[65.835s][info][gc          ] GC(177) Pause Full (System.gc()) 771M->771M(5888M) 660.209ms
[65.835s][info][gc,metaspace] GC(178) Metaspace: 30089K(32704K)->30089K(32704K) NonClass: 21408K(21760K)->21408K(21760K) Class: 8681K(10944K)->8681K(10944K)
[65.835s][info][gc          ] GC(178) Pause Young (System.gc()) 771M->771M(5888M) 0.400ms
[66.489s][info][gc,metaspace] GC(179) Metaspace: 30089K(32704K)->30089K(32704K) NonClass: 21408K(21760K)->21408K(21760K) Class: 8681K(10944K)->8681K(10944K)
[66.489s][info][gc          ] GC(179) Pause Full (System.gc()) 771M->771M(5888M) 653.612ms
[66.489s][info][gc,metaspace] GC(180) Metaspace: 30089K(32704K)->30089K(32704K) NonClass: 21408K(21760K)->21408K(21760K) Class: 8681K(10944K)->8681K(10944K)
[66.489s][info][gc          ] GC(180) Pause Young (System.gc()) 771M->771M(5888M) 0.478ms
[67.125s][info][gc,metaspace] GC(181) Metaspace: 30089K(32704K)->30089K(32704K) NonClass: 21408K(21760K)->21408K(21760K) Class: 8681K(10944K)->8681K(10944K)
[67.125s][info][gc          ] GC(181) Pause Full (System.gc()) 771M->771M(5888M) 635.588ms
[67.125s][info][gc,metaspace] GC(182) Metaspace: 30089K(32704K)->30089K(32704K) NonClass: 21408K(21760K)->21408K(21760K) Class: 8681K(10944K)->8681K(10944K)
[67.125s][info][gc          ] GC(182) Pause Young (System.gc()) 771M->771M(5888M) 0.471ms
[67.754s][info][gc,metaspace] GC(183) Metaspace: 30089K(32704K)->30089K(32704K) NonClass: 21408K(21760K)->21408K(21760K) Class: 8681K(10944K)->8681K(10944K)
[67.754s][info][gc          ] GC(183) Pause Full (System.gc()) 771M->771M(5888M) 628.715ms
[67.759s][info][gc,metaspace] GC(184) Metaspace: 30089K(32704K)->30089K(32704K) NonClass: 21408K(21760K)->21408K(21760K) Class: 8681K(10944K)->8681K(10944K)
[67.759s][info][gc          ] GC(184) Pause Young (System.gc()) 771M->771M(5888M) 0.464ms
[68.378s][info][gc,metaspace] GC(185) Metaspace: 30089K(32704K)->30089K(32704K) NonClass: 21408K(21760K)->21408K(21760K) Class: 8681K(10944K)->8681K(10944K)
[68.378s][info][gc          ] GC(185) Pause Full (System.gc()) 771M->771M(5888M) 618.742ms
[68.378s][info][gc,metaspace] GC(186) Metaspace: 30089K(32704K)->30089K(32704K) NonClass: 21408K(21760K)->21408K(21760K) Class: 8681K(10944K)->8681K(10944K)
[68.378s][info][gc          ] GC(186) Pause Young (System.gc()) 771M->771M(5888M) 0.408ms
[68.990s][info][gc,metaspace] GC(187) Metaspace: 30089K(32704K)->30089K(32704K) NonClass: 21408K(21760K)->21408K(21760K) Class: 8681K(10944K)->8681K(10944K)
[68.990s][info][gc          ] GC(187) Pause Full (System.gc()) 771M->771M(5888M) 611.341ms
[68.990s][info][gc,metaspace] GC(188) Metaspace: 30089K(32704K)->30089K(32704K) NonClass: 21408K(21760K)->21408K(21760K) Class: 8681K(10944K)->8681K(10944K)
[68.990s][info][gc          ] GC(188) Pause Young (System.gc()) 771M->771M(5888M) 0.457ms
[69.649s][info][gc,metaspace] GC(189) Metaspace: 30089K(32704K)->30089K(32704K) NonClass: 21408K(21760K)->21408K(21760K) Class: 8681K(10944K)->8681K(10944K)
[69.649s][info][gc          ] GC(189) Pause Full (System.gc()) 771M->771M(5888M) 658.645ms
[69.649s][info][gc,metaspace] GC(190) Metaspace: 30089K(32704K)->30089K(32704K) NonClass: 21408K(21760K)->21408K(21760K) Class: 8681K(10944K)->8681K(10944K)
[69.649s][info][gc          ] GC(190) Pause Young (System.gc()) 771M->771M(5888M) 0.448ms
[70.288s][info][gc,metaspace] GC(191) Metaspace: 30089K(32704K)->30089K(32704K) NonClass: 21408K(21760K)->21408K(21760K) Class: 8681K(10944K)->8681K(10944K)
[70.288s][info][gc          ] GC(191) Pause Full (System.gc()) 771M->771M(5888M) 638.378ms
[70.288s][info][gc,metaspace] GC(192) Metaspace: 30089K(32704K)->30089K(32704K) NonClass: 21408K(21760K)->21408K(21760K) Class: 8681K(10944K)->8681K(10944K)
[70.288s][info][gc          ] GC(192) Pause Young (System.gc()) 771M->771M(5888M) 0.470ms
[70.940s][info][gc,metaspace] GC(193) Metaspace: 30089K(32704K)->30089K(32704K) NonClass: 21408K(21760K)->21408K(21760K) Class: 8681K(10944K)->8681K(10944K)
[70.940s][info][gc          ] GC(193) Pause Full (System.gc()) 771M->771M(5888M) 651.219ms
[70.940s][info][gc,metaspace] GC(194) Metaspace: 30089K(32704K)->30089K(32704K) NonClass: 21408K(21760K)->21408K(21760K) Class: 8681K(10944K)->8681K(10944K)
[70.940s][info][gc          ] GC(194) Pause Young (System.gc()) 771M->771M(5888M) 0.412ms
[71.575s][info][gc,metaspace] GC(195) Metaspace: 30089K(32704K)->30089K(32704K) NonClass: 21408K(21760K)->21408K(21760K) Class: 8681K(10944K)->8681K(10944K)
[71.575s][info][gc          ] GC(195) Pause Full (System.gc()) 771M->771M(5888M) 635.150ms
[71.576s][info][gc,metaspace] GC(196) Metaspace: 30089K(32704K)->30089K(32704K) NonClass: 21408K(21760K)->21408K(21760K) Class: 8681K(10944K)->8681K(10944K)
[71.576s][info][gc          ] GC(196) Pause Young (System.gc()) 771M->771M(5888M) 0.483ms
[72.189s][info][gc,metaspace] GC(197) Metaspace: 30089K(32704K)->30089K(32704K) NonClass: 21408K(21760K)->21408K(21760K) Class: 8681K(10944K)->8681K(10944K)
[72.189s][info][gc          ] GC(197) Pause Full (System.gc()) 771M->771M(5888M) 612.804ms
[72.189s][info][gc,metaspace] GC(198) Metaspace: 30089K(32704K)->30089K(32704K) NonClass: 21408K(21760K)->21408K(21760K) Class: 8681K(10944K)->8681K(10944K)
[72.189s][info][gc          ] GC(198) Pause Young (System.gc()) 771M->771M(5888M) 0.432ms
[72.813s][info][gc,metaspace] GC(199) Metaspace: 30089K(32704K)->30089K(32704K) NonClass: 21408K(21760K)->21408K(21760K) Class: 8681K(10944K)->8681K(10944K)
[72.813s][info][gc          ] GC(199) Pause Full (System.gc()) 771M->771M(5888M) 623.608ms
[72.818s][info][gc,metaspace] GC(200) Metaspace: 30089K(32704K)->30089K(32704K) NonClass: 21408K(21760K)->21408K(21760K) Class: 8681K(10944K)->8681K(10944K)
[72.818s][info][gc          ] GC(200) Pause Young (System.gc()) 771M->771M(5888M) 0.413ms
[73.478s][info][gc,metaspace] GC(201) Metaspace: 30089K(32704K)->30089K(32704K) NonClass: 21408K(21760K)->21408K(21760K) Class: 8681K(10944K)->8681K(10944K)
[73.478s][info][gc          ] GC(201) Pause Full (System.gc()) 771M->771M(5888M) 660.031ms
After GCs... 
