Done; will start GCs... 
[6.180s][info][gc,metaspace] GC(1) Metaspace: 23717K(24256K)->23717K(24256K) NonClass: 19608K(19904K)->19608K(19904K) Class: 4109K(4352K)->4109K(4352K)
[6.180s][info][gc          ] GC(1) Pause Full (System.gc()) 848M->771M(5888M) 635.232ms
[6.620s][info][gc,metaspace] GC(2) Metaspace: 23717K(24256K)->23717K(24256K) NonClass: 19608K(19904K)->19608K(19904K) Class: 4109K(4352K)->4109K(4352K)
[6.620s][info][gc          ] GC(2) Pause Full (System.gc()) 771M->771M(5888M) 440.632ms
[7.044s][info][gc,metaspace] GC(3) Metaspace: 23717K(24256K)->23717K(24256K) NonClass: 19608K(19904K)->19608K(19904K) Class: 4109K(4352K)->4109K(4352K)
[7.044s][info][gc          ] GC(3) Pause Full (System.gc()) 771M->771M(5888M) 423.487ms
[7.450s][info][gc,metaspace] GC(4) Metaspace: 23717K(24256K)->23717K(24256K) NonClass: 19608K(19904K)->19608K(19904K) Class: 4109K(4352K)->4109K(4352K)
[7.450s][info][gc          ] GC(4) Pause Full (System.gc()) 771M->771M(5888M) 406.347ms
[7.883s][info][gc,metaspace] GC(5) Metaspace: 23717K(24256K)->23717K(24256K) NonClass: 19608K(19904K)->19608K(19904K) Class: 4109K(4352K)->4109K(4352K)
[7.883s][info][gc          ] GC(5) Pause Full (System.gc()) 771M->771M(5888M) 427.943ms
[8.294s][info][gc,metaspace] GC(6) Metaspace: 23717K(24256K)->23717K(24256K) NonClass: 19608K(19904K)->19608K(19904K) Class: 4109K(4352K)->4109K(4352K)
[8.294s][info][gc          ] GC(6) Pause Full (System.gc()) 771M->771M(5888M) 411.177ms
[8.807s][info][gc,metaspace] GC(7) Metaspace: 23718K(24256K)->23718K(24256K) NonClass: 19608K(19904K)->19608K(19904K) Class: 4109K(4352K)->4109K(4352K)
[8.807s][info][gc          ] GC(7) Pause Full (System.gc()) 771M->771M(5888M) 513.105ms
[9.229s][info][gc,metaspace] GC(8) Metaspace: 23718K(24256K)->23718K(24256K) NonClass: 19608K(19904K)->19608K(19904K) Class: 4109K(4352K)->4109K(4352K)
[9.230s][info][gc          ] GC(8) Pause Full (System.gc()) 771M->771M(5888M) 422.279ms
[9.737s][info][gc,metaspace] GC(9) Metaspace: 23718K(24256K)->23718K(24256K) NonClass: 19608K(19904K)->19608K(19904K) Class: 4109K(4352K)->4109K(4352K)
[9.737s][info][gc          ] GC(9) Pause Full (System.gc()) 771M->771M(5888M) 507.562ms
[10.152s][info][gc,metaspace] GC(10) Metaspace: 23718K(24256K)->23718K(24256K) NonClass: 19608K(19904K)->19608K(19904K) Class: 4109K(4352K)->4109K(4352K)
[10.152s][info][gc          ] GC(10) Pause Full (System.gc()) 771M->771M(5888M) 414.513ms
[10.566s][info][gc,metaspace] GC(11) Metaspace: 23718K(24256K)->23718K(24256K) NonClass: 19609K(19904K)->19609K(19904K) Class: 4109K(4352K)->4109K(4352K)
[10.566s][info][gc          ] GC(11) Pause Full (System.gc()) 771M->771M(5888M) 414.596ms
[10.979s][info][gc,metaspace] GC(12) Metaspace: 23718K(24256K)->23718K(24256K) NonClass: 19609K(19904K)->19609K(19904K) Class: 4109K(4352K)->4109K(4352K)
[10.979s][info][gc          ] GC(12) Pause Full (System.gc()) 771M->771M(5888M) 412.093ms
[11.385s][info][gc,metaspace] GC(13) Metaspace: 23718K(24256K)->23718K(24256K) NonClass: 19609K(19904K)->19609K(19904K) Class: 4109K(4352K)->4109K(4352K)
[11.386s][info][gc          ] GC(13) Pause Full (System.gc()) 771M->771M(5888M) 406.672ms
[11.806s][info][gc,metaspace] GC(14) Metaspace: 23718K(24256K)->23718K(24256K) NonClass: 19609K(19904K)->19609K(19904K) Class: 4109K(4352K)->4109K(4352K)
[11.806s][info][gc          ] GC(14) Pause Full (System.gc()) 771M->771M(5888M) 420.428ms
[12.217s][info][gc,metaspace] GC(15) Metaspace: 23718K(24256K)->23718K(24256K) NonClass: 19609K(19904K)->19609K(19904K) Class: 4109K(4352K)->4109K(4352K)
[12.217s][info][gc          ] GC(15) Pause Full (System.gc()) 771M->771M(5888M) 410.900ms
[12.657s][info][gc,metaspace] GC(16) Metaspace: 23718K(24256K)->23718K(24256K) NonClass: 19609K(19904K)->19609K(19904K) Class: 4109K(4352K)->4109K(4352K)
[12.657s][info][gc          ] GC(16) Pause Full (System.gc()) 771M->771M(5888M) 440.149ms
[13.077s][info][gc,metaspace] GC(17) Metaspace: 23718K(24256K)->23718K(24256K) NonClass: 19609K(19904K)->19609K(19904K) Class: 4109K(4352K)->4109K(4352K)
[13.077s][info][gc          ] GC(17) Pause Full (System.gc()) 771M->771M(5888M) 419.461ms
[13.483s][info][gc,metaspace] GC(18) Metaspace: 23718K(24256K)->23718K(24256K) NonClass: 19609K(19904K)->19609K(19904K) Class: 4109K(4352K)->4109K(4352K)
[13.483s][info][gc          ] GC(18) Pause Full (System.gc()) 771M->771M(5888M) 405.901ms
[13.899s][info][gc,metaspace] GC(19) Metaspace: 23718K(24256K)->23718K(24256K) NonClass: 19609K(19904K)->19609K(19904K) Class: 4109K(4352K)->4109K(4352K)
[13.899s][info][gc          ] GC(19) Pause Full (System.gc()) 771M->771M(5888M) 415.711ms
[14.310s][info][gc,metaspace] GC(20) Metaspace: 23718K(24256K)->23718K(24256K) NonClass: 19609K(19904K)->19609K(19904K) Class: 4109K(4352K)->4109K(4352K)
[14.310s][info][gc          ] GC(20) Pause Full (System.gc()) 771M->771M(5888M) 410.952ms
[14.739s][info][gc,metaspace] GC(21) Metaspace: 23718K(24256K)->23718K(24256K) NonClass: 19609K(19904K)->19609K(19904K) Class: 4109K(4352K)->4109K(4352K)
[14.739s][info][gc          ] GC(21) Pause Full (System.gc()) 771M->771M(5888M) 428.883ms
[15.158s][info][gc,metaspace] GC(22) Metaspace: 23718K(24256K)->23718K(24256K) NonClass: 19609K(19904K)->19609K(19904K) Class: 4109K(4352K)->4109K(4352K)
[15.158s][info][gc          ] GC(22) Pause Full (System.gc()) 771M->771M(5888M) 419.508ms
[15.613s][info][gc,metaspace] GC(23) Metaspace: 23718K(24256K)->23718K(24256K) NonClass: 19609K(19904K)->19609K(19904K) Class: 4109K(4352K)->4109K(4352K)
[15.613s][info][gc          ] GC(23) Pause Full (System.gc()) 771M->771M(5888M) 455.079ms
[16.035s][info][gc,metaspace] GC(24) Metaspace: 23718K(24256K)->23718K(24256K) NonClass: 19609K(19904K)->19609K(19904K) Class: 4109K(4352K)->4109K(4352K)
[16.035s][info][gc          ] GC(24) Pause Full (System.gc()) 771M->771M(5888M) 421.577ms
[16.447s][info][gc,metaspace] GC(25) Metaspace: 23718K(24256K)->23718K(24256K) NonClass: 19609K(19904K)->19609K(19904K) Class: 4109K(4352K)->4109K(4352K)
[16.447s][info][gc          ] GC(25) Pause Full (System.gc()) 771M->771M(5888M) 411.612ms
[16.870s][info][gc,metaspace] GC(26) Metaspace: 23718K(24256K)->23718K(24256K) NonClass: 19609K(19904K)->19609K(19904K) Class: 4109K(4352K)->4109K(4352K)
[16.870s][info][gc          ] GC(26) Pause Full (System.gc()) 771M->771M(5888M) 422.883ms
[17.282s][info][gc,metaspace] GC(27) Metaspace: 23718K(24256K)->23718K(24256K) NonClass: 19609K(19904K)->19609K(19904K) Class: 4109K(4352K)->4109K(4352K)
[17.282s][info][gc          ] GC(27) Pause Full (System.gc()) 771M->771M(5888M) 411.962ms
[17.715s][info][gc,metaspace] GC(28) Metaspace: 23718K(24256K)->23718K(24256K) NonClass: 19609K(19904K)->19609K(19904K) Class: 4109K(4352K)->4109K(4352K)
[17.716s][info][gc          ] GC(28) Pause Full (System.gc()) 771M->771M(5888M) 433.678ms
[18.125s][info][gc,metaspace] GC(29) Metaspace: 23718K(24256K)->23718K(24256K) NonClass: 19609K(19904K)->19609K(19904K) Class: 4109K(4352K)->4109K(4352K)
[18.125s][info][gc          ] GC(29) Pause Full (System.gc()) 771M->771M(5888M) 405.312ms
[18.584s][info][gc,metaspace] GC(30) Metaspace: 23718K(24256K)->23718K(24256K) NonClass: 19609K(19904K)->19609K(19904K) Class: 4109K(4352K)->4109K(4352K)
[18.584s][info][gc          ] GC(30) Pause Full (System.gc()) 771M->771M(5888M) 458.888ms
[19.011s][info][gc,metaspace] GC(31) Metaspace: 23718K(24256K)->23718K(24256K) NonClass: 19609K(19904K)->19609K(19904K) Class: 4109K(4352K)->4109K(4352K)
[19.011s][info][gc          ] GC(31) Pause Full (System.gc()) 771M->771M(5888M) 427.223ms
[19.425s][info][gc,metaspace] GC(32) Metaspace: 23718K(24256K)->23718K(24256K) NonClass: 19609K(19904K)->19609K(19904K) Class: 4109K(4352K)->4109K(4352K)
[19.425s][info][gc          ] GC(32) Pause Full (System.gc()) 771M->771M(5888M) 413.674ms
[19.840s][info][gc,metaspace] GC(33) Metaspace: 23718K(24256K)->23718K(24256K) NonClass: 19609K(19904K)->19609K(19904K) Class: 4109K(4352K)->4109K(4352K)
[19.840s][info][gc          ] GC(33) Pause Full (System.gc()) 771M->771M(5888M) 414.875ms
[20.247s][info][gc,metaspace] GC(34) Metaspace: 23718K(24256K)->23718K(24256K) NonClass: 19609K(19904K)->19609K(19904K) Class: 4109K(4352K)->4109K(4352K)
[20.247s][info][gc          ] GC(34) Pause Full (System.gc()) 771M->771M(5888M) 406.460ms
[20.666s][info][gc,metaspace] GC(35) Metaspace: 23718K(24256K)->23718K(24256K) NonClass: 19609K(19904K)->19609K(19904K) Class: 4109K(4352K)->4109K(4352K)
[20.666s][info][gc          ] GC(35) Pause Full (System.gc()) 771M->771M(5888M) 419.063ms
[21.088s][info][gc,metaspace] GC(36) Metaspace: 23718K(24256K)->23718K(24256K) NonClass: 19609K(19904K)->19609K(19904K) Class: 4109K(4352K)->4109K(4352K)
[21.088s][info][gc          ] GC(36) Pause Full (System.gc()) 771M->771M(5888M) 421.854ms
[21.499s][info][gc,metaspace] GC(37) Metaspace: 23718K(24256K)->23718K(24256K) NonClass: 19609K(19904K)->19609K(19904K) Class: 4109K(4352K)->4109K(4352K)
[21.499s][info][gc          ] GC(37) Pause Full (System.gc()) 771M->771M(5888M) 411.390ms
[21.931s][info][gc,metaspace] GC(38) Metaspace: 23718K(24256K)->23718K(24256K) NonClass: 19609K(19904K)->19609K(19904K) Class: 4109K(4352K)->4109K(4352K)
[21.931s][info][gc          ] GC(38) Pause Full (System.gc()) 771M->771M(5888M) 431.684ms
[22.360s][info][gc,metaspace] GC(39) Metaspace: 23718K(24256K)->23718K(24256K) NonClass: 19609K(19904K)->19609K(19904K) Class: 4109K(4352K)->4109K(4352K)
[22.360s][info][gc          ] GC(39) Pause Full (System.gc()) 771M->771M(5888M) 428.753ms
[22.804s][info][gc,metaspace] GC(40) Metaspace: 23718K(24256K)->23718K(24256K) NonClass: 19609K(19904K)->19609K(19904K) Class: 4109K(4352K)->4109K(4352K)
[22.804s][info][gc          ] GC(40) Pause Full (System.gc()) 771M->771M(5888M) 444.157ms
[23.222s][info][gc,metaspace] GC(41) Metaspace: 23718K(24256K)->23718K(24256K) NonClass: 19609K(19904K)->19609K(19904K) Class: 4109K(4352K)->4109K(4352K)
[23.222s][info][gc          ] GC(41) Pause Full (System.gc()) 771M->771M(5888M) 413.462ms
[23.657s][info][gc,metaspace] GC(42) Metaspace: 23718K(24256K)->23718K(24256K) NonClass: 19609K(19904K)->19609K(19904K) Class: 4109K(4352K)->4109K(4352K)
[23.657s][info][gc          ] GC(42) Pause Full (System.gc()) 771M->771M(5888M) 435.542ms
[24.066s][info][gc,metaspace] GC(43) Metaspace: 23718K(24256K)->23718K(24256K) NonClass: 19609K(19904K)->19609K(19904K) Class: 4109K(4352K)->4109K(4352K)
[24.066s][info][gc          ] GC(43) Pause Full (System.gc()) 771M->771M(5888M) 408.859ms
[24.488s][info][gc,metaspace] GC(44) Metaspace: 23718K(24256K)->23718K(24256K) NonClass: 19609K(19904K)->19609K(19904K) Class: 4109K(4352K)->4109K(4352K)
[24.488s][info][gc          ] GC(44) Pause Full (System.gc()) 771M->771M(5888M) 421.745ms
[24.912s][info][gc,metaspace] GC(45) Metaspace: 23718K(24256K)->23718K(24256K) NonClass: 19609K(19904K)->19609K(19904K) Class: 4109K(4352K)->4109K(4352K)
[24.912s][info][gc          ] GC(45) Pause Full (System.gc()) 771M->771M(5888M) 423.746ms
[25.337s][info][gc,metaspace] GC(46) Metaspace: 23718K(24256K)->23718K(24256K) NonClass: 19609K(19904K)->19609K(19904K) Class: 4109K(4352K)->4109K(4352K)
[25.337s][info][gc          ] GC(46) Pause Full (System.gc()) 771M->771M(5888M) 424.586ms
[25.790s][info][gc,metaspace] GC(47) Metaspace: 23718K(24256K)->23718K(24256K) NonClass: 19609K(19904K)->19609K(19904K) Class: 4109K(4352K)->4109K(4352K)
[25.790s][info][gc          ] GC(47) Pause Full (System.gc()) 771M->771M(5888M) 453.653ms
[26.201s][info][gc,metaspace] GC(48) Metaspace: 23718K(24256K)->23718K(24256K) NonClass: 19609K(19904K)->19609K(19904K) Class: 4109K(4352K)->4109K(4352K)
[26.201s][info][gc          ] GC(48) Pause Full (System.gc()) 771M->771M(5888M) 411.044ms
[26.642s][info][gc,metaspace] GC(49) Metaspace: 23718K(24256K)->23718K(24256K) NonClass: 19609K(19904K)->19609K(19904K) Class: 4109K(4352K)->4109K(4352K)
[26.642s][info][gc          ] GC(49) Pause Full (System.gc()) 771M->771M(5888M) 440.764ms
[27.144s][info][gc,metaspace] GC(50) Metaspace: 23718K(24256K)->23718K(24256K) NonClass: 19609K(19904K)->19609K(19904K) Class: 4109K(4352K)->4109K(4352K)
[27.144s][info][gc          ] GC(50) Pause Full (System.gc()) 771M->771M(5888M) 501.438ms
[27.590s][info][gc,metaspace] GC(51) Metaspace: 23718K(24256K)->23718K(24256K) NonClass: 19609K(19904K)->19609K(19904K) Class: 4109K(4352K)->4109K(4352K)
[27.590s][info][gc          ] GC(51) Pause Full (System.gc()) 771M->771M(5888M) 446.190ms
[28.011s][info][gc,metaspace] GC(52) Metaspace: 23718K(24256K)->23718K(24256K) NonClass: 19609K(19904K)->19609K(19904K) Class: 4109K(4352K)->4109K(4352K)
[28.011s][info][gc          ] GC(52) Pause Full (System.gc()) 771M->771M(5888M) 420.951ms
[28.435s][info][gc,metaspace] GC(53) Metaspace: 23718K(24256K)->23718K(24256K) NonClass: 19609K(19904K)->19609K(19904K) Class: 4109K(4352K)->4109K(4352K)
[28.435s][info][gc          ] GC(53) Pause Full (System.gc()) 771M->771M(5888M) 419.143ms
[28.873s][info][gc,metaspace] GC(54) Metaspace: 23718K(24256K)->23718K(24256K) NonClass: 19609K(19904K)->19609K(19904K) Class: 4109K(4352K)->4109K(4352K)
[28.873s][info][gc          ] GC(54) Pause Full (System.gc()) 771M->771M(5888M) 438.442ms
[29.285s][info][gc,metaspace] GC(55) Metaspace: 23718K(24256K)->23718K(24256K) NonClass: 19609K(19904K)->19609K(19904K) Class: 4109K(4352K)->4109K(4352K)
[29.285s][info][gc          ] GC(55) Pause Full (System.gc()) 771M->771M(5888M) 412.089ms
[29.708s][info][gc,metaspace] GC(56) Metaspace: 23718K(24256K)->23718K(24256K) NonClass: 19609K(19904K)->19609K(19904K) Class: 4109K(4352K)->4109K(4352K)
[29.708s][info][gc          ] GC(56) Pause Full (System.gc()) 771M->771M(5888M) 423.023ms
[30.135s][info][gc,metaspace] GC(57) Metaspace: 23718K(24256K)->23718K(24256K) NonClass: 19609K(19904K)->19609K(19904K) Class: 4109K(4352K)->4109K(4352K)
[30.135s][info][gc          ] GC(57) Pause Full (System.gc()) 771M->771M(5888M) 426.269ms
[30.582s][info][gc,metaspace] GC(58) Metaspace: 23718K(24256K)->23718K(24256K) NonClass: 19609K(19904K)->19609K(19904K) Class: 4109K(4352K)->4109K(4352K)
[30.582s][info][gc          ] GC(58) Pause Full (System.gc()) 771M->771M(5888M) 446.829ms
[31.002s][info][gc,metaspace] GC(59) Metaspace: 23718K(24256K)->23718K(24256K) NonClass: 19609K(19904K)->19609K(19904K) Class: 4109K(4352K)->4109K(4352K)
[31.003s][info][gc          ] GC(59) Pause Full (System.gc()) 771M->771M(5888M) 420.893ms
[31.409s][info][gc,metaspace] GC(60) Metaspace: 23718K(24256K)->23718K(24256K) NonClass: 19609K(19904K)->19609K(19904K) Class: 4109K(4352K)->4109K(4352K)
[31.409s][info][gc          ] GC(60) Pause Full (System.gc()) 771M->771M(5888M) 406.282ms
[31.838s][info][gc,metaspace] GC(61) Metaspace: 23718K(24256K)->23718K(24256K) NonClass: 19609K(19904K)->19609K(19904K) Class: 4109K(4352K)->4109K(4352K)
[31.838s][info][gc          ] GC(61) Pause Full (System.gc()) 771M->771M(5888M) 429.508ms
[32.248s][info][gc,metaspace] GC(62) Metaspace: 23718K(24256K)->23718K(24256K) NonClass: 19609K(19904K)->19609K(19904K) Class: 4109K(4352K)->4109K(4352K)
[32.248s][info][gc          ] GC(62) Pause Full (System.gc()) 771M->771M(5888M) 409.268ms
[32.684s][info][gc,metaspace] GC(63) Metaspace: 23718K(24256K)->23718K(24256K) NonClass: 19609K(19904K)->19609K(19904K) Class: 4109K(4352K)->4109K(4352K)
[32.684s][info][gc          ] GC(63) Pause Full (System.gc()) 771M->771M(5888M) 435.859ms
[33.102s][info][gc,metaspace] GC(64) Metaspace: 23718K(24256K)->23718K(24256K) NonClass: 19609K(19904K)->19609K(19904K) Class: 4109K(4352K)->4109K(4352K)
[33.102s][info][gc          ] GC(64) Pause Full (System.gc()) 771M->771M(5888M) 418.511ms
[33.546s][info][gc,metaspace] GC(65) Metaspace: 23718K(24256K)->23718K(24256K) NonClass: 19609K(19904K)->19609K(19904K) Class: 4109K(4352K)->4109K(4352K)
[33.546s][info][gc          ] GC(65) Pause Full (System.gc()) 771M->771M(5888M) 439.324ms
[33.985s][info][gc,metaspace] GC(66) Metaspace: 23718K(24256K)->23718K(24256K) NonClass: 19609K(19904K)->19609K(19904K) Class: 4109K(4352K)->4109K(4352K)
[33.985s][info][gc          ] GC(66) Pause Full (System.gc()) 771M->771M(5888M) 439.176ms
[34.403s][info][gc,metaspace] GC(67) Metaspace: 23718K(24256K)->23718K(24256K) NonClass: 19609K(19904K)->19609K(19904K) Class: 4109K(4352K)->4109K(4352K)
[34.403s][info][gc          ] GC(67) Pause Full (System.gc()) 771M->771M(5888M) 417.680ms
[34.835s][info][gc,metaspace] GC(68) Metaspace: 23718K(24256K)->23718K(24256K) NonClass: 19609K(19904K)->19609K(19904K) Class: 4109K(4352K)->4109K(4352K)
[34.835s][info][gc          ] GC(68) Pause Full (System.gc()) 771M->771M(5888M) 432.078ms
[35.336s][info][gc,metaspace] GC(69) Metaspace: 23718K(24256K)->23718K(24256K) NonClass: 19609K(19904K)->19609K(19904K) Class: 4109K(4352K)->4109K(4352K)
[35.336s][info][gc          ] GC(69) Pause Full (System.gc()) 771M->771M(5888M) 500.376ms
[35.756s][info][gc,metaspace] GC(70) Metaspace: 23718K(24256K)->23718K(24256K) NonClass: 19609K(19904K)->19609K(19904K) Class: 4109K(4352K)->4109K(4352K)
[35.756s][info][gc          ] GC(70) Pause Full (System.gc()) 771M->771M(5888M) 420.508ms
[36.175s][info][gc,metaspace] GC(71) Metaspace: 23718K(24256K)->23718K(24256K) NonClass: 19609K(19904K)->19609K(19904K) Class: 4109K(4352K)->4109K(4352K)
[36.175s][info][gc          ] GC(71) Pause Full (System.gc()) 771M->771M(5888M) 418.776ms
[36.622s][info][gc,metaspace] GC(72) Metaspace: 23718K(24256K)->23718K(24256K) NonClass: 19609K(19904K)->19609K(19904K) Class: 4109K(4352K)->4109K(4352K)
[36.622s][info][gc          ] GC(72) Pause Full (System.gc()) 771M->771M(5888M) 447.359ms
[37.043s][info][gc,metaspace] GC(73) Metaspace: 23718K(24256K)->23718K(24256K) NonClass: 19609K(19904K)->19609K(19904K) Class: 4109K(4352K)->4109K(4352K)
[37.043s][info][gc          ] GC(73) Pause Full (System.gc()) 771M->771M(5888M) 420.400ms
[37.471s][info][gc,metaspace] GC(74) Metaspace: 23718K(24256K)->23718K(24256K) NonClass: 19609K(19904K)->19609K(19904K) Class: 4109K(4352K)->4109K(4352K)
[37.471s][info][gc          ] GC(74) Pause Full (System.gc()) 771M->771M(5888M) 427.676ms
[37.914s][info][gc,metaspace] GC(75) Metaspace: 23718K(24256K)->23718K(24256K) NonClass: 19609K(19904K)->19609K(19904K) Class: 4109K(4352K)->4109K(4352K)
[37.914s][info][gc          ] GC(75) Pause Full (System.gc()) 771M->771M(5888M) 443.507ms
[38.330s][info][gc,metaspace] GC(76) Metaspace: 23718K(24256K)->23718K(24256K) NonClass: 19609K(19904K)->19609K(19904K) Class: 4109K(4352K)->4109K(4352K)
[38.330s][info][gc          ] GC(76) Pause Full (System.gc()) 771M->771M(5888M) 416.177ms
[38.793s][info][gc,metaspace] GC(77) Metaspace: 23718K(24256K)->23718K(24256K) NonClass: 19609K(19904K)->19609K(19904K) Class: 4109K(4352K)->4109K(4352K)
[38.793s][info][gc          ] GC(77) Pause Full (System.gc()) 771M->771M(5888M) 458.114ms
[39.210s][info][gc,metaspace] GC(78) Metaspace: 23718K(24256K)->23718K(24256K) NonClass: 19609K(19904K)->19609K(19904K) Class: 4109K(4352K)->4109K(4352K)
[39.210s][info][gc          ] GC(78) Pause Full (System.gc()) 771M->771M(5888M) 416.778ms
[39.657s][info][gc,metaspace] GC(79) Metaspace: 23718K(24256K)->23718K(24256K) NonClass: 19609K(19904K)->19609K(19904K) Class: 4109K(4352K)->4109K(4352K)
[39.657s][info][gc          ] GC(79) Pause Full (System.gc()) 771M->771M(5888M) 447.122ms
[40.159s][info][gc,metaspace] GC(80) Metaspace: 23718K(24256K)->23718K(24256K) NonClass: 19609K(19904K)->19609K(19904K) Class: 4109K(4352K)->4109K(4352K)
[40.159s][info][gc          ] GC(80) Pause Full (System.gc()) 771M->771M(5888M) 502.116ms
[40.620s][info][gc,metaspace] GC(81) Metaspace: 23718K(24256K)->23718K(24256K) NonClass: 19609K(19904K)->19609K(19904K) Class: 4109K(4352K)->4109K(4352K)
[40.620s][info][gc          ] GC(81) Pause Full (System.gc()) 771M->771M(5888M) 460.499ms
[41.046s][info][gc,metaspace] GC(82) Metaspace: 23718K(24256K)->23718K(24256K) NonClass: 19609K(19904K)->19609K(19904K) Class: 4109K(4352K)->4109K(4352K)
[41.046s][info][gc          ] GC(82) Pause Full (System.gc()) 771M->771M(5888M) 426.657ms
[41.457s][info][gc,metaspace] GC(83) Metaspace: 23718K(24256K)->23718K(24256K) NonClass: 19609K(19904K)->19609K(19904K) Class: 4109K(4352K)->4109K(4352K)
[41.457s][info][gc          ] GC(83) Pause Full (System.gc()) 771M->771M(5888M) 410.046ms
[41.880s][info][gc,metaspace] GC(84) Metaspace: 23718K(24256K)->23718K(24256K) NonClass: 19609K(19904K)->19609K(19904K) Class: 4109K(4352K)->4109K(4352K)
[41.880s][info][gc          ] GC(84) Pause Full (System.gc()) 771M->771M(5888M) 423.755ms
[42.295s][info][gc,metaspace] GC(85) Metaspace: 23718K(24256K)->23718K(24256K) NonClass: 19609K(19904K)->19609K(19904K) Class: 4109K(4352K)->4109K(4352K)
[42.295s][info][gc          ] GC(85) Pause Full (System.gc()) 771M->771M(5888M) 414.226ms
[42.719s][info][gc,metaspace] GC(86) Metaspace: 23718K(24256K)->23718K(24256K) NonClass: 19609K(19904K)->19609K(19904K) Class: 4109K(4352K)->4109K(4352K)
[42.719s][info][gc          ] GC(86) Pause Full (System.gc()) 771M->771M(5888M) 424.721ms
[43.132s][info][gc,metaspace] GC(87) Metaspace: 23718K(24256K)->23718K(24256K) NonClass: 19609K(19904K)->19609K(19904K) Class: 4109K(4352K)->4109K(4352K)
[43.132s][info][gc          ] GC(87) Pause Full (System.gc()) 771M->771M(5888M) 412.271ms
[43.579s][info][gc,metaspace] GC(88) Metaspace: 23718K(24256K)->23718K(24256K) NonClass: 19609K(19904K)->19609K(19904K) Class: 4109K(4352K)->4109K(4352K)
[43.579s][info][gc          ] GC(88) Pause Full (System.gc()) 771M->771M(5888M) 446.839ms
[43.990s][info][gc,metaspace] GC(89) Metaspace: 23718K(24256K)->23718K(24256K) NonClass: 19609K(19904K)->19609K(19904K) Class: 4109K(4352K)->4109K(4352K)
[43.990s][info][gc          ] GC(89) Pause Full (System.gc()) 771M->771M(5888M) 411.474ms
[44.404s][info][gc,metaspace] GC(90) Metaspace: 23718K(24256K)->23718K(24256K) NonClass: 19609K(19904K)->19609K(19904K) Class: 4109K(4352K)->4109K(4352K)
[44.404s][info][gc          ] GC(90) Pause Full (System.gc()) 771M->771M(5888M) 413.320ms
[44.821s][info][gc,metaspace] GC(91) Metaspace: 23718K(24256K)->23718K(24256K) NonClass: 19609K(19904K)->19609K(19904K) Class: 4109K(4352K)->4109K(4352K)
[44.821s][info][gc          ] GC(91) Pause Full (System.gc()) 771M->771M(5888M) 417.508ms
[45.244s][info][gc,metaspace] GC(92) Metaspace: 23718K(24256K)->23718K(24256K) NonClass: 19609K(19904K)->19609K(19904K) Class: 4109K(4352K)->4109K(4352K)
[45.244s][info][gc          ] GC(92) Pause Full (System.gc()) 771M->771M(5888M) 422.767ms
[45.675s][info][gc,metaspace] GC(93) Metaspace: 23718K(24256K)->23718K(24256K) NonClass: 19609K(19904K)->19609K(19904K) Class: 4109K(4352K)->4109K(4352K)
[45.675s][info][gc          ] GC(93) Pause Full (System.gc()) 771M->771M(5888M) 430.407ms
[46.089s][info][gc,metaspace] GC(94) Metaspace: 23718K(24256K)->23718K(24256K) NonClass: 19609K(19904K)->19609K(19904K) Class: 4109K(4352K)->4109K(4352K)
[46.089s][info][gc          ] GC(94) Pause Full (System.gc()) 771M->771M(5888M) 414.230ms
[46.498s][info][gc,metaspace] GC(95) Metaspace: 23718K(24256K)->23718K(24256K) NonClass: 19609K(19904K)->19609K(19904K) Class: 4109K(4352K)->4109K(4352K)
[46.499s][info][gc          ] GC(95) Pause Full (System.gc()) 771M->771M(5888M) 409.601ms
[46.920s][info][gc,metaspace] GC(96) Metaspace: 23718K(24256K)->23718K(24256K) NonClass: 19609K(19904K)->19609K(19904K) Class: 4109K(4352K)->4109K(4352K)
[46.920s][info][gc          ] GC(96) Pause Full (System.gc()) 771M->771M(5888M) 421.654ms
[47.339s][info][gc,metaspace] GC(97) Metaspace: 23718K(24256K)->23718K(24256K) NonClass: 19609K(19904K)->19609K(19904K) Class: 4109K(4352K)->4109K(4352K)
[47.339s][info][gc          ] GC(97) Pause Full (System.gc()) 771M->771M(5888M) 418.455ms
[47.790s][info][gc,metaspace] GC(98) Metaspace: 23718K(24256K)->23718K(24256K) NonClass: 19609K(19904K)->19609K(19904K) Class: 4109K(4352K)->4109K(4352K)
[47.790s][info][gc          ] GC(98) Pause Full (System.gc()) 771M->771M(5888M) 451.352ms
[48.206s][info][gc,metaspace] GC(99) Metaspace: 23718K(24256K)->23718K(24256K) NonClass: 19609K(19904K)->19609K(19904K) Class: 4109K(4352K)->4109K(4352K)
[48.206s][info][gc          ] GC(99) Pause Full (System.gc()) 771M->771M(5888M) 416.050ms
[48.657s][info][gc,metaspace] GC(100) Metaspace: 23718K(24256K)->23718K(24256K) NonClass: 19609K(19904K)->19609K(19904K) Class: 4109K(4352K)->4109K(4352K)
[48.657s][info][gc          ] GC(100) Pause Full (System.gc()) 771M->771M(5888M) 450.989ms
After GCs... 
