[0.001s][info][metaspace]  - commit_granule_bytes: 65536.
[0.001s][info][metaspace]  - commit_granule_words: 8192.
[0.001s][info][metaspace]  - virtual_space_node_default_size: 8388608.
[0.001s][info][metaspace]  - enlarge_chunks_in_place: 1.
[0.001s][info][metaspace]  - use_allocation_guard: 0.
[0.005s][info][gc       ] Using Parallel
[0.379s][info][metaspace] Reserving compressed class space anywhere
[0.384s][info][gc,metaspace] CDS archive(s) not mapped
[0.384s][info][gc,metaspace] Compressed class space mapped at: 0x0000000004000000-0x00000000c4000000, reserved size: 3221225472
[0.384s][info][gc,metaspace] UseCompressedClassPointers 1, UseCompactObjectHeaders 1, narrow klass pointer bits 22, max shift 10
[0.384s][info][gc,metaspace] Narrow klass base: 0x0000000004000000, Narrow klass shift: 10, Narrow klass range: 0xc0000000
Num Classes: 256
Num Objects per Class: 262144
Cycles: 100
Class association: random
Generate 256 classes...
Loading 256...[2.020s][info][gc,metaspace] GC(0) Metaspace: 22784K(23104K)->22784K(23104K) NonClass: 18810K(19008K)->18810K(19008K) Class: 3974K(4096K)->3974K(4096K)
[2.020s][info][gc          ] GC(0) Pause Full (System.gc()) 1106M->3M(5888M) 27.203ms
Creating 262144 objects per class...
Done; will start GCs... 
[6.116s][info][gc,metaspace] GC(1) Metaspace: 23672K(24192K)->23672K(24192K) NonClass: 19563K(19840K)->19563K(19840K) Class: 4109K(4352K)->4109K(4352K)
[6.116s][info][gc          ] GC(1) Pause Full (System.gc()) 848M->771M(5888M) 645.978ms
[6.508s][info][gc,metaspace] GC(2) Metaspace: 23672K(24192K)->23672K(24192K) NonClass: 19563K(19840K)->19563K(19840K) Class: 4109K(4352K)->4109K(4352K)
[6.508s][info][gc          ] GC(2) Pause Full (System.gc()) 771M->771M(5888M) 391.903ms
[6.897s][info][gc,metaspace] GC(3) Metaspace: 23672K(24192K)->23672K(24192K) NonClass: 19563K(19840K)->19563K(19840K) Class: 4109K(4352K)->4109K(4352K)
[6.897s][info][gc          ] GC(3) Pause Full (System.gc()) 771M->771M(5888M) 388.927ms
[7.291s][info][gc,metaspace] GC(4) Metaspace: 23672K(24192K)->23672K(24192K) NonClass: 19563K(19840K)->19563K(19840K) Class: 4109K(4352K)->4109K(4352K)
[7.291s][info][gc          ] GC(4) Pause Full (System.gc()) 771M->771M(5888M) 393.982ms
[7.696s][info][gc,metaspace] GC(5) Metaspace: 23672K(24192K)->23672K(24192K) NonClass: 19563K(19840K)->19563K(19840K) Class: 4109K(4352K)->4109K(4352K)
[7.697s][info][gc          ] GC(5) Pause Full (System.gc()) 771M->771M(5888M) 405.791ms
[8.083s][info][gc,metaspace] GC(6) Metaspace: 23672K(24192K)->23672K(24192K) NonClass: 19563K(19840K)->19563K(19840K) Class: 4109K(4352K)->4109K(4352K)
[8.083s][info][gc          ] GC(6) Pause Full (System.gc()) 771M->771M(5888M) 385.917ms
[8.481s][info][gc,metaspace] GC(7) Metaspace: 23672K(24192K)->23672K(24192K) NonClass: 19563K(19840K)->19563K(19840K) Class: 4109K(4352K)->4109K(4352K)
[8.481s][info][gc          ] GC(7) Pause Full (System.gc()) 771M->771M(5888M) 398.380ms
[8.898s][info][gc,metaspace] GC(8) Metaspace: 23673K(24192K)->23673K(24192K) NonClass: 19564K(19840K)->19564K(19840K) Class: 4109K(4352K)->4109K(4352K)
[8.898s][info][gc          ] GC(8) Pause Full (System.gc()) 771M->771M(5888M) 416.917ms
[9.296s][info][gc,metaspace] GC(9) Metaspace: 23673K(24192K)->23673K(24192K) NonClass: 19564K(19840K)->19564K(19840K) Class: 4109K(4352K)->4109K(4352K)
[9.296s][info][gc          ] GC(9) Pause Full (System.gc()) 771M->771M(5888M) 397.511ms
[9.694s][info][gc,metaspace] GC(10) Metaspace: 23673K(24192K)->23673K(24192K) NonClass: 19564K(19840K)->19564K(19840K) Class: 4109K(4352K)->4109K(4352K)
[9.694s][info][gc          ] GC(10) Pause Full (System.gc()) 771M->771M(5888M) 398.664ms
[10.085s][info][gc,metaspace] GC(11) Metaspace: 23673K(24192K)->23673K(24192K) NonClass: 19564K(19840K)->19564K(19840K) Class: 4109K(4352K)->4109K(4352K)
[10.085s][info][gc          ] GC(11) Pause Full (System.gc()) 771M->771M(5888M) 390.352ms
[10.485s][info][gc,metaspace] GC(12) Metaspace: 23673K(24192K)->23673K(24192K) NonClass: 19564K(19840K)->19564K(19840K) Class: 4109K(4352K)->4109K(4352K)
[10.486s][info][gc          ] GC(12) Pause Full (System.gc()) 771M->771M(5888M) 400.589ms
[10.923s][info][gc,metaspace] GC(13) Metaspace: 23673K(24192K)->23673K(24192K) NonClass: 19564K(19840K)->19564K(19840K) Class: 4109K(4352K)->4109K(4352K)
[10.923s][info][gc          ] GC(13) Pause Full (System.gc()) 771M->771M(5888M) 394.354ms
[11.306s][info][gc,metaspace] GC(14) Metaspace: 23673K(24192K)->23673K(24192K) NonClass: 19564K(19840K)->19564K(19840K) Class: 4109K(4352K)->4109K(4352K)
[11.306s][info][gc          ] GC(14) Pause Full (System.gc()) 771M->771M(5888M) 383.055ms
[11.740s][info][gc,metaspace] GC(15) Metaspace: 23673K(24192K)->23673K(24192K) NonClass: 19564K(19840K)->19564K(19840K) Class: 4109K(4352K)->4109K(4352K)
[11.740s][info][gc          ] GC(15) Pause Full (System.gc()) 771M->771M(5888M) 434.365ms
[12.132s][info][gc,metaspace] GC(16) Metaspace: 23673K(24192K)->23673K(24192K) NonClass: 19564K(19840K)->19564K(19840K) Class: 4109K(4352K)->4109K(4352K)
[12.132s][info][gc          ] GC(16) Pause Full (System.gc()) 771M->771M(5888M) 391.443ms
[12.558s][info][gc,metaspace] GC(17) Metaspace: 23673K(24192K)->23673K(24192K) NonClass: 19564K(19840K)->19564K(19840K) Class: 4109K(4352K)->4109K(4352K)
[12.558s][info][gc          ] GC(17) Pause Full (System.gc()) 771M->771M(5888M) 426.166ms
[12.965s][info][gc,metaspace] GC(18) Metaspace: 23673K(24192K)->23673K(24192K) NonClass: 19564K(19840K)->19564K(19840K) Class: 4109K(4352K)->4109K(4352K)
[12.965s][info][gc          ] GC(18) Pause Full (System.gc()) 771M->771M(5888M) 406.747ms
[13.353s][info][gc,metaspace] GC(19) Metaspace: 23673K(24192K)->23673K(24192K) NonClass: 19564K(19840K)->19564K(19840K) Class: 4109K(4352K)->4109K(4352K)
[13.353s][info][gc          ] GC(19) Pause Full (System.gc()) 771M->771M(5888M) 387.989ms
[13.750s][info][gc,metaspace] GC(20) Metaspace: 23673K(24192K)->23673K(24192K) NonClass: 19564K(19840K)->19564K(19840K) Class: 4109K(4352K)->4109K(4352K)
[13.750s][info][gc          ] GC(20) Pause Full (System.gc()) 771M->771M(5888M) 397.304ms
[14.144s][info][gc,metaspace] GC(21) Metaspace: 23673K(24192K)->23673K(24192K) NonClass: 19564K(19840K)->19564K(19840K) Class: 4109K(4352K)->4109K(4352K)
[14.144s][info][gc          ] GC(21) Pause Full (System.gc()) 771M->771M(5888M) 393.623ms
[14.561s][info][gc,metaspace] GC(22) Metaspace: 23673K(24192K)->23673K(24192K) NonClass: 19564K(19840K)->19564K(19840K) Class: 4109K(4352K)->4109K(4352K)
[14.561s][info][gc          ] GC(22) Pause Full (System.gc()) 771M->771M(5888M) 416.927ms
[14.959s][info][gc,metaspace] GC(23) Metaspace: 23673K(24192K)->23673K(24192K) NonClass: 19564K(19840K)->19564K(19840K) Class: 4109K(4352K)->4109K(4352K)
[14.959s][info][gc          ] GC(23) Pause Full (System.gc()) 771M->771M(5888M) 398.044ms
[15.341s][info][gc,metaspace] GC(24) Metaspace: 23673K(24192K)->23673K(24192K) NonClass: 19564K(19840K)->19564K(19840K) Class: 4109K(4352K)->4109K(4352K)
[15.341s][info][gc          ] GC(24) Pause Full (System.gc()) 771M->771M(5888M) 381.951ms
[15.734s][info][gc,metaspace] GC(25) Metaspace: 23673K(24192K)->23673K(24192K) NonClass: 19564K(19840K)->19564K(19840K) Class: 4109K(4352K)->4109K(4352K)
[15.734s][info][gc          ] GC(25) Pause Full (System.gc()) 771M->771M(5888M) 392.541ms
[16.116s][info][gc,metaspace] GC(26) Metaspace: 23673K(24192K)->23673K(24192K) NonClass: 19564K(19840K)->19564K(19840K) Class: 4109K(4352K)->4109K(4352K)
[16.116s][info][gc          ] GC(26) Pause Full (System.gc()) 771M->771M(5888M) 382.262ms
[16.538s][info][gc,metaspace] GC(27) Metaspace: 23673K(24192K)->23673K(24192K) NonClass: 19564K(19840K)->19564K(19840K) Class: 4109K(4352K)->4109K(4352K)
[16.538s][info][gc          ] GC(27) Pause Full (System.gc()) 771M->771M(5888M) 421.662ms
[16.931s][info][gc,metaspace] GC(28) Metaspace: 23673K(24192K)->23673K(24192K) NonClass: 19564K(19840K)->19564K(19840K) Class: 4109K(4352K)->4109K(4352K)
[16.931s][info][gc          ] GC(28) Pause Full (System.gc()) 771M->771M(5888M) 392.926ms
[17.321s][info][gc,metaspace] GC(29) Metaspace: 23673K(24192K)->23673K(24192K) NonClass: 19564K(19840K)->19564K(19840K) Class: 4109K(4352K)->4109K(4352K)
[17.321s][info][gc          ] GC(29) Pause Full (System.gc()) 771M->771M(5888M) 389.709ms
[17.765s][info][gc,metaspace] GC(30) Metaspace: 23673K(24192K)->23673K(24192K) NonClass: 19564K(19840K)->19564K(19840K) Class: 4109K(4352K)->4109K(4352K)
[17.765s][info][gc          ] GC(30) Pause Full (System.gc()) 771M->771M(5888M) 444.655ms
[18.152s][info][gc,metaspace] GC(31) Metaspace: 23673K(24192K)->23673K(24192K) NonClass: 19564K(19840K)->19564K(19840K) Class: 4109K(4352K)->4109K(4352K)
[18.152s][info][gc          ] GC(31) Pause Full (System.gc()) 771M->771M(5888M) 386.158ms
[18.576s][info][gc,metaspace] GC(32) Metaspace: 23673K(24192K)->23673K(24192K) NonClass: 19564K(19840K)->19564K(19840K) Class: 4109K(4352K)->4109K(4352K)
[18.576s][info][gc          ] GC(32) Pause Full (System.gc()) 771M->771M(5888M) 424.718ms
[18.967s][info][gc,metaspace] GC(33) Metaspace: 23673K(24192K)->23673K(24192K) NonClass: 19564K(19840K)->19564K(19840K) Class: 4109K(4352K)->4109K(4352K)
[18.967s][info][gc          ] GC(33) Pause Full (System.gc()) 771M->771M(5888M) 390.546ms
[19.360s][info][gc,metaspace] GC(34) Metaspace: 23673K(24192K)->23673K(24192K) NonClass: 19564K(19840K)->19564K(19840K) Class: 4109K(4352K)->4109K(4352K)
[19.360s][info][gc          ] GC(34) Pause Full (System.gc()) 771M->771M(5888M) 392.791ms
[19.766s][info][gc,metaspace] GC(35) Metaspace: 23673K(24192K)->23673K(24192K) NonClass: 19564K(19840K)->19564K(19840K) Class: 4109K(4352K)->4109K(4352K)
[19.766s][info][gc          ] GC(35) Pause Full (System.gc()) 771M->771M(5888M) 405.984ms
[20.154s][info][gc,metaspace] GC(36) Metaspace: 23673K(24192K)->23673K(24192K) NonClass: 19564K(19840K)->19564K(19840K) Class: 4109K(4352K)->4109K(4352K)
[20.154s][info][gc          ] GC(36) Pause Full (System.gc()) 771M->771M(5888M) 387.609ms
[20.576s][info][gc,metaspace] GC(37) Metaspace: 23673K(24192K)->23673K(24192K) NonClass: 19564K(19840K)->19564K(19840K) Class: 4109K(4352K)->4109K(4352K)
[20.576s][info][gc          ] GC(37) Pause Full (System.gc()) 771M->771M(5888M) 422.445ms
[20.983s][info][gc,metaspace] GC(38) Metaspace: 23673K(24192K)->23673K(24192K) NonClass: 19564K(19840K)->19564K(19840K) Class: 4109K(4352K)->4109K(4352K)
[20.983s][info][gc          ] GC(38) Pause Full (System.gc()) 771M->771M(5888M) 406.890ms
[21.381s][info][gc,metaspace] GC(39) Metaspace: 23673K(24192K)->23673K(24192K) NonClass: 19564K(19840K)->19564K(19840K) Class: 4109K(4352K)->4109K(4352K)
[21.381s][info][gc          ] GC(39) Pause Full (System.gc()) 771M->771M(5888M) 393.652ms
[21.787s][info][gc,metaspace] GC(40) Metaspace: 23673K(24192K)->23673K(24192K) NonClass: 19564K(19840K)->19564K(19840K) Class: 4109K(4352K)->4109K(4352K)
[21.787s][info][gc          ] GC(40) Pause Full (System.gc()) 771M->771M(5888M) 405.967ms
[22.191s][info][gc,metaspace] GC(41) Metaspace: 23673K(24192K)->23673K(24192K) NonClass: 19564K(19840K)->19564K(19840K) Class: 4109K(4352K)->4109K(4352K)
[22.191s][info][gc          ] GC(41) Pause Full (System.gc()) 771M->771M(5888M) 403.437ms
[22.620s][info][gc,metaspace] GC(42) Metaspace: 23673K(24192K)->23673K(24192K) NonClass: 19564K(19840K)->19564K(19840K) Class: 4109K(4352K)->4109K(4352K)
[22.620s][info][gc          ] GC(42) Pause Full (System.gc()) 771M->771M(5888M) 429.193ms
[23.011s][info][gc,metaspace] GC(43) Metaspace: 23673K(24192K)->23673K(24192K) NonClass: 19564K(19840K)->19564K(19840K) Class: 4109K(4352K)->4109K(4352K)
[23.011s][info][gc          ] GC(43) Pause Full (System.gc()) 771M->771M(5888M) 391.376ms
[23.412s][info][gc,metaspace] GC(44) Metaspace: 23673K(24192K)->23673K(24192K) NonClass: 19564K(19840K)->19564K(19840K) Class: 4109K(4352K)->4109K(4352K)
[23.412s][info][gc          ] GC(44) Pause Full (System.gc()) 771M->771M(5888M) 401.040ms
[23.841s][info][gc,metaspace] GC(45) Metaspace: 23673K(24192K)->23673K(24192K) NonClass: 19564K(19840K)->19564K(19840K) Class: 4109K(4352K)->4109K(4352K)
[23.841s][info][gc          ] GC(45) Pause Full (System.gc()) 771M->771M(5888M) 428.060ms
[24.237s][info][gc,metaspace] GC(46) Metaspace: 23673K(24192K)->23673K(24192K) NonClass: 19564K(19840K)->19564K(19840K) Class: 4109K(4352K)->4109K(4352K)
[24.237s][info][gc          ] GC(46) Pause Full (System.gc()) 771M->771M(5888M) 396.197ms
[24.639s][info][gc,metaspace] GC(47) Metaspace: 23673K(24192K)->23673K(24192K) NonClass: 19564K(19840K)->19564K(19840K) Class: 4109K(4352K)->4109K(4352K)
[24.639s][info][gc          ] GC(47) Pause Full (System.gc()) 771M->771M(5888M) 402.024ms
[25.035s][info][gc,metaspace] GC(48) Metaspace: 23673K(24192K)->23673K(24192K) NonClass: 19564K(19840K)->19564K(19840K) Class: 4109K(4352K)->4109K(4352K)
[25.035s][info][gc          ] GC(48) Pause Full (System.gc()) 771M->771M(5888M) 396.045ms
[25.424s][info][gc,metaspace] GC(49) Metaspace: 23673K(24192K)->23673K(24192K) NonClass: 19564K(19840K)->19564K(19840K) Class: 4109K(4352K)->4109K(4352K)
[25.424s][info][gc          ] GC(49) Pause Full (System.gc()) 771M->771M(5888M) 388.997ms
[25.846s][info][gc,metaspace] GC(50) Metaspace: 23673K(24192K)->23673K(24192K) NonClass: 19564K(19840K)->19564K(19840K) Class: 4109K(4352K)->4109K(4352K)
[25.846s][info][gc          ] GC(50) Pause Full (System.gc()) 771M->771M(5888M) 422.120ms
[26.231s][info][gc,metaspace] GC(51) Metaspace: 23673K(24192K)->23673K(24192K) NonClass: 19564K(19840K)->19564K(19840K) Class: 4109K(4352K)->4109K(4352K)
[26.231s][info][gc          ] GC(51) Pause Full (System.gc()) 771M->771M(5888M) 384.950ms
[26.714s][info][gc,metaspace] GC(52) Metaspace: 23673K(24192K)->23673K(24192K) NonClass: 19564K(19840K)->19564K(19840K) Class: 4109K(4352K)->4109K(4352K)
[26.714s][info][gc          ] GC(52) Pause Full (System.gc()) 771M->771M(5888M) 482.541ms
[27.117s][info][gc,metaspace] GC(53) Metaspace: 23673K(24192K)->23673K(24192K) NonClass: 19564K(19840K)->19564K(19840K) Class: 4109K(4352K)->4109K(4352K)
[27.117s][info][gc          ] GC(53) Pause Full (System.gc()) 771M->771M(5888M) 402.835ms
[27.506s][info][gc,metaspace] GC(54) Metaspace: 23673K(24192K)->23673K(24192K) NonClass: 19564K(19840K)->19564K(19840K) Class: 4109K(4352K)->4109K(4352K)
[27.506s][info][gc          ] GC(54) Pause Full (System.gc()) 771M->771M(5888M) 389.440ms
[27.963s][info][gc,metaspace] GC(55) Metaspace: 23673K(24192K)->23673K(24192K) NonClass: 19564K(19840K)->19564K(19840K) Class: 4109K(4352K)->4109K(4352K)
[27.963s][info][gc          ] GC(55) Pause Full (System.gc()) 771M->771M(5888M) 456.235ms
[28.363s][info][gc,metaspace] GC(56) Metaspace: 23673K(24192K)->23673K(24192K) NonClass: 19564K(19840K)->19564K(19840K) Class: 4109K(4352K)->4109K(4352K)
[28.363s][info][gc          ] GC(56) Pause Full (System.gc()) 771M->771M(5888M) 400.637ms
[28.758s][info][gc,metaspace] GC(57) Metaspace: 23673K(24192K)->23673K(24192K) NonClass: 19564K(19840K)->19564K(19840K) Class: 4109K(4352K)->4109K(4352K)
[28.758s][info][gc          ] GC(57) Pause Full (System.gc()) 771M->771M(5888M) 394.869ms
[29.164s][info][gc,metaspace] GC(58) Metaspace: 23673K(24192K)->23673K(24192K) NonClass: 19564K(19840K)->19564K(19840K) Class: 4109K(4352K)->4109K(4352K)
[29.164s][info][gc          ] GC(58) Pause Full (System.gc()) 771M->771M(5888M) 405.805ms
[29.630s][info][gc,metaspace] GC(59) Metaspace: 23673K(24192K)->23673K(24192K) NonClass: 19564K(19840K)->19564K(19840K) Class: 4109K(4352K)->4109K(4352K)
[29.630s][info][gc          ] GC(59) Pause Full (System.gc()) 771M->771M(5888M) 465.690ms
[30.032s][info][gc,metaspace] GC(60) Metaspace: 23673K(24192K)->23673K(24192K) NonClass: 19564K(19840K)->19564K(19840K) Class: 4109K(4352K)->4109K(4352K)
[30.032s][info][gc          ] GC(60) Pause Full (System.gc()) 771M->771M(5888M) 402.352ms
[30.426s][info][gc,metaspace] GC(61) Metaspace: 23673K(24192K)->23673K(24192K) NonClass: 19564K(19840K)->19564K(19840K) Class: 4109K(4352K)->4109K(4352K)
[30.426s][info][gc          ] GC(61) Pause Full (System.gc()) 771M->771M(5888M) 393.880ms
[30.833s][info][gc,metaspace] GC(62) Metaspace: 23673K(24192K)->23673K(24192K) NonClass: 19564K(19840K)->19564K(19840K) Class: 4109K(4352K)->4109K(4352K)
[30.833s][info][gc          ] GC(62) Pause Full (System.gc()) 771M->771M(5888M) 407.076ms
[31.235s][info][gc,metaspace] GC(63) Metaspace: 23673K(24192K)->23673K(24192K) NonClass: 19564K(19840K)->19564K(19840K) Class: 4109K(4352K)->4109K(4352K)
[31.235s][info][gc          ] GC(63) Pause Full (System.gc()) 771M->771M(5888M) 401.233ms
[31.710s][info][gc,metaspace] GC(64) Metaspace: 23673K(24192K)->23673K(24192K) NonClass: 19564K(19840K)->19564K(19840K) Class: 4109K(4352K)->4109K(4352K)
[31.711s][info][gc          ] GC(64) Pause Full (System.gc()) 771M->771M(5888M) 475.756ms
[32.111s][info][gc,metaspace] GC(65) Metaspace: 23673K(24192K)->23673K(24192K) NonClass: 19564K(19840K)->19564K(19840K) Class: 4109K(4352K)->4109K(4352K)
[32.111s][info][gc          ] GC(65) Pause Full (System.gc()) 771M->771M(5888M) 400.332ms
[32.510s][info][gc,metaspace] GC(66) Metaspace: 23673K(24192K)->23673K(24192K) NonClass: 19564K(19840K)->19564K(19840K) Class: 4109K(4352K)->4109K(4352K)
[32.510s][info][gc          ] GC(66) Pause Full (System.gc()) 771M->771M(5888M) 399.361ms
[32.896s][info][gc,metaspace] GC(67) Metaspace: 23673K(24192K)->23673K(24192K) NonClass: 19564K(19840K)->19564K(19840K) Class: 4109K(4352K)->4109K(4352K)
[32.896s][info][gc          ] GC(67) Pause Full (System.gc()) 771M->771M(5888M) 385.848ms
[33.296s][info][gc,metaspace] GC(68) Metaspace: 23673K(24192K)->23673K(24192K) NonClass: 19564K(19840K)->19564K(19840K) Class: 4109K(4352K)->4109K(4352K)
[33.296s][info][gc          ] GC(68) Pause Full (System.gc()) 771M->771M(5888M) 399.976ms
[33.698s][info][gc,metaspace] GC(69) Metaspace: 23673K(24192K)->23673K(24192K) NonClass: 19564K(19840K)->19564K(19840K) Class: 4109K(4352K)->4109K(4352K)
[33.698s][info][gc          ] GC(69) Pause Full (System.gc()) 771M->771M(5888M) 401.213ms
[34.088s][info][gc,metaspace] GC(70) Metaspace: 23673K(24192K)->23673K(24192K) NonClass: 19564K(19840K)->19564K(19840K) Class: 4109K(4352K)->4109K(4352K)
[34.088s][info][gc          ] GC(70) Pause Full (System.gc()) 771M->771M(5888M) 390.020ms
[34.479s][info][gc,metaspace] GC(71) Metaspace: 23673K(24192K)->23673K(24192K) NonClass: 19564K(19840K)->19564K(19840K) Class: 4109K(4352K)->4109K(4352K)
[34.479s][info][gc          ] GC(71) Pause Full (System.gc()) 771M->771M(5888M) 391.758ms
[34.874s][info][gc,metaspace] GC(72) Metaspace: 23673K(24192K)->23673K(24192K) NonClass: 19564K(19840K)->19564K(19840K) Class: 4109K(4352K)->4109K(4352K)
[34.874s][info][gc          ] GC(72) Pause Full (System.gc()) 771M->771M(5888M) 394.925ms
[35.263s][info][gc,metaspace] GC(73) Metaspace: 23673K(24192K)->23673K(24192K) NonClass: 19564K(19840K)->19564K(19840K) Class: 4109K(4352K)->4109K(4352K)
[35.263s][info][gc          ] GC(73) Pause Full (System.gc()) 771M->771M(5888M) 388.499ms
[35.687s][info][gc,metaspace] GC(74) Metaspace: 23673K(24192K)->23673K(24192K) NonClass: 19564K(19840K)->19564K(19840K) Class: 4109K(4352K)->4109K(4352K)
[35.687s][info][gc          ] GC(74) Pause Full (System.gc()) 771M->771M(5888M) 423.817ms
[36.081s][info][gc,metaspace] GC(75) Metaspace: 23673K(24192K)->23673K(24192K) NonClass: 19564K(19840K)->19564K(19840K) Class: 4109K(4352K)->4109K(4352K)
[36.082s][info][gc          ] GC(75) Pause Full (System.gc()) 771M->771M(5888M) 394.516ms
[36.473s][info][gc,metaspace] GC(76) Metaspace: 23673K(24192K)->23673K(24192K) NonClass: 19564K(19840K)->19564K(19840K) Class: 4109K(4352K)->4109K(4352K)
[36.473s][info][gc          ] GC(76) Pause Full (System.gc()) 771M->771M(5888M) 391.630ms
[36.893s][info][gc,metaspace] GC(77) Metaspace: 23673K(24192K)->23673K(24192K) NonClass: 19564K(19840K)->19564K(19840K) Class: 4109K(4352K)->4109K(4352K)
[36.893s][info][gc          ] GC(77) Pause Full (System.gc()) 771M->771M(5888M) 415.872ms
[37.291s][info][gc,metaspace] GC(78) Metaspace: 23673K(24192K)->23673K(24192K) NonClass: 19564K(19840K)->19564K(19840K) Class: 4109K(4352K)->4109K(4352K)
[37.292s][info][gc          ] GC(78) Pause Full (System.gc()) 771M->771M(5888M) 398.030ms
[37.767s][info][gc,metaspace] GC(79) Metaspace: 23673K(24192K)->23673K(24192K) NonClass: 19564K(19840K)->19564K(19840K) Class: 4109K(4352K)->4109K(4352K)
[37.767s][info][gc          ] GC(79) Pause Full (System.gc()) 771M->771M(5888M) 475.273ms
[38.162s][info][gc,metaspace] GC(80) Metaspace: 23673K(24192K)->23673K(24192K) NonClass: 19564K(19840K)->19564K(19840K) Class: 4109K(4352K)->4109K(4352K)
[38.162s][info][gc          ] GC(80) Pause Full (System.gc()) 771M->771M(5888M) 395.538ms
[38.554s][info][gc,metaspace] GC(81) Metaspace: 23673K(24192K)->23673K(24192K) NonClass: 19564K(19840K)->19564K(19840K) Class: 4109K(4352K)->4109K(4352K)
[38.554s][info][gc          ] GC(81) Pause Full (System.gc()) 771M->771M(5888M) 391.229ms
[38.947s][info][gc,metaspace] GC(82) Metaspace: 23673K(24192K)->23673K(24192K) NonClass: 19564K(19840K)->19564K(19840K) Class: 4109K(4352K)->4109K(4352K)
[38.947s][info][gc          ] GC(82) Pause Full (System.gc()) 771M->771M(5888M) 392.780ms
[39.342s][info][gc,metaspace] GC(83) Metaspace: 23673K(24192K)->23673K(24192K) NonClass: 19564K(19840K)->19564K(19840K) Class: 4109K(4352K)->4109K(4352K)
[39.342s][info][gc          ] GC(83) Pause Full (System.gc()) 771M->771M(5888M) 395.166ms
[39.744s][info][gc,metaspace] GC(84) Metaspace: 23673K(24192K)->23673K(24192K) NonClass: 19564K(19840K)->19564K(19840K) Class: 4109K(4352K)->4109K(4352K)
[39.744s][info][gc          ] GC(84) Pause Full (System.gc()) 771M->771M(5888M) 401.925ms
[40.140s][info][gc,metaspace] GC(85) Metaspace: 23673K(24192K)->23673K(24192K) NonClass: 19564K(19840K)->19564K(19840K) Class: 4109K(4352K)->4109K(4352K)
[40.140s][info][gc          ] GC(85) Pause Full (System.gc()) 771M->771M(5888M) 395.620ms
[40.569s][info][gc,metaspace] GC(86) Metaspace: 23673K(24192K)->23673K(24192K) NonClass: 19564K(19840K)->19564K(19840K) Class: 4109K(4352K)->4109K(4352K)
[40.569s][info][gc          ] GC(86) Pause Full (System.gc()) 771M->771M(5888M) 429.683ms
[40.969s][info][gc,metaspace] GC(87) Metaspace: 23673K(24192K)->23673K(24192K) NonClass: 19564K(19840K)->19564K(19840K) Class: 4109K(4352K)->4109K(4352K)
[40.969s][info][gc          ] GC(87) Pause Full (System.gc()) 771M->771M(5888M) 399.751ms
[41.360s][info][gc,metaspace] GC(88) Metaspace: 23673K(24192K)->23673K(24192K) NonClass: 19564K(19840K)->19564K(19840K) Class: 4109K(4352K)->4109K(4352K)
[41.360s][info][gc          ] GC(88) Pause Full (System.gc()) 771M->771M(5888M) 390.719ms
[41.756s][info][gc,metaspace] GC(89) Metaspace: 23673K(24192K)->23673K(24192K) NonClass: 19564K(19840K)->19564K(19840K) Class: 4109K(4352K)->4109K(4352K)
[41.756s][info][gc          ] GC(89) Pause Full (System.gc()) 771M->771M(5888M) 395.631ms
[42.158s][info][gc,metaspace] GC(90) Metaspace: 23673K(24192K)->23673K(24192K) NonClass: 19564K(19840K)->19564K(19840K) Class: 4109K(4352K)->4109K(4352K)
[42.158s][info][gc          ] GC(90) Pause Full (System.gc()) 771M->771M(5888M) 397.741ms
[42.580s][info][gc,metaspace] GC(91) Metaspace: 23673K(24192K)->23673K(24192K) NonClass: 19564K(19840K)->19564K(19840K) Class: 4109K(4352K)->4109K(4352K)
[42.580s][info][gc          ] GC(91) Pause Full (System.gc()) 771M->771M(5888M) 422.627ms
[42.966s][info][gc,metaspace] GC(92) Metaspace: 23673K(24192K)->23673K(24192K) NonClass: 19564K(19840K)->19564K(19840K) Class: 4109K(4352K)->4109K(4352K)
[42.966s][info][gc          ] GC(92) Pause Full (System.gc()) 771M->771M(5888M) 385.247ms
[43.358s][info][gc,metaspace] GC(93) Metaspace: 23673K(24192K)->23673K(24192K) NonClass: 19564K(19840K)->19564K(19840K) Class: 4109K(4352K)->4109K(4352K)
[43.358s][info][gc          ] GC(93) Pause Full (System.gc()) 771M->771M(5888M) 392.661ms
[43.800s][info][gc,metaspace] GC(94) Metaspace: 23673K(24192K)->23673K(24192K) NonClass: 19564K(19840K)->19564K(19840K) Class: 4109K(4352K)->4109K(4352K)
[43.800s][info][gc          ] GC(94) Pause Full (System.gc()) 771M->771M(5888M) 441.807ms
[44.188s][info][gc,metaspace] GC(95) Metaspace: 23673K(24192K)->23673K(24192K) NonClass: 19564K(19840K)->19564K(19840K) Class: 4109K(4352K)->4109K(4352K)
[44.188s][info][gc          ] GC(95) Pause Full (System.gc()) 771M->771M(5888M) 387.885ms
[44.625s][info][gc,metaspace] GC(96) Metaspace: 23673K(24192K)->23673K(24192K) NonClass: 19564K(19840K)->19564K(19840K) Class: 4109K(4352K)->4109K(4352K)
[44.625s][info][gc          ] GC(96) Pause Full (System.gc()) 771M->771M(5888M) 436.372ms
[45.010s][info][gc,metaspace] GC(97) Metaspace: 23673K(24192K)->23673K(24192K) NonClass: 19564K(19840K)->19564K(19840K) Class: 4109K(4352K)->4109K(4352K)
[45.010s][info][gc          ] GC(97) Pause Full (System.gc()) 771M->771M(5888M) 385.362ms
[45.394s][info][gc,metaspace] GC(98) Metaspace: 23673K(24192K)->23673K(24192K) NonClass: 19564K(19840K)->19564K(19840K) Class: 4109K(4352K)->4109K(4352K)
[45.394s][info][gc          ] GC(98) Pause Full (System.gc()) 771M->771M(5888M) 383.413ms
[45.791s][info][gc,metaspace] GC(99) Metaspace: 23673K(24192K)->23673K(24192K) NonClass: 19564K(19840K)->19564K(19840K) Class: 4109K(4352K)->4109K(4352K)
[45.791s][info][gc          ] GC(99) Pause Full (System.gc()) 771M->771M(5888M) 397.161ms
[46.179s][info][gc,metaspace] GC(100) Metaspace: 23673K(24192K)->23673K(24192K) NonClass: 19564K(19840K)->19564K(19840K) Class: 4109K(4352K)->4109K(4352K)
[46.179s][info][gc          ] GC(100) Pause Full (System.gc()) 771M->771M(5888M) 387.678ms
After GCs... 
