Done; will start GCs... 
[6.395s][info][gc,metaspace] GC(5) Metaspace: 23703K(24256K)->23703K(24256K) NonClass: 19599K(19904K)->19599K(19904K) Class: 4104K(4352K)->4104K(4352K)
[6.395s][info][gc          ] GC(5) Pause Full (System.gc()) 787M->775M(6144M) 444.875ms
[6.754s][info][gc,metaspace] GC(6) Metaspace: 23703K(24256K)->23703K(24256K) NonClass: 19599K(19904K)->19599K(19904K) Class: 4104K(4352K)->4104K(4352K)
[6.754s][info][gc          ] GC(6) Pause Full (System.gc()) 775M->775M(6144M) 358.945ms
[7.110s][info][gc,metaspace] GC(7) Metaspace: 23703K(24256K)->23703K(24256K) NonClass: 19599K(19904K)->19599K(19904K) Class: 4104K(4352K)->4104K(4352K)
[7.110s][info][gc          ] GC(7) Pause Full (System.gc()) 775M->775M(6144M) 355.762ms
[7.514s][info][gc,metaspace] GC(8) Metaspace: 23703K(24256K)->23703K(24256K) NonClass: 19599K(19904K)->19599K(19904K) Class: 4104K(4352K)->4104K(4352K)
[7.514s][info][gc          ] GC(8) Pause Full (System.gc()) 775M->775M(6144M) 404.350ms
[7.864s][info][gc,metaspace] GC(9) Metaspace: 23703K(24256K)->23703K(24256K) NonClass: 19599K(19904K)->19599K(19904K) Class: 4104K(4352K)->4104K(4352K)
[7.864s][info][gc          ] GC(9) Pause Full (System.gc()) 775M->775M(6144M) 349.650ms
[8.203s][info][gc,metaspace] GC(10) Metaspace: 23704K(24256K)->23704K(24256K) NonClass: 19599K(19904K)->19599K(19904K) Class: 4104K(4352K)->4104K(4352K)
[8.203s][info][gc          ] GC(10) Pause Full (System.gc()) 775M->775M(6144M) 339.296ms
[8.548s][info][gc,metaspace] GC(11) Metaspace: 23704K(24256K)->23704K(24256K) NonClass: 19600K(19904K)->19600K(19904K) Class: 4104K(4352K)->4104K(4352K)
[8.548s][info][gc          ] GC(11) Pause Full (System.gc()) 775M->775M(6144M) 344.200ms
[8.881s][info][gc,metaspace] GC(12) Metaspace: 23704K(24256K)->23704K(24256K) NonClass: 19600K(19904K)->19600K(19904K) Class: 4104K(4352K)->4104K(4352K)
[8.881s][info][gc          ] GC(12) Pause Full (System.gc()) 775M->775M(6144M) 333.150ms
[9.221s][info][gc,metaspace] GC(13) Metaspace: 23704K(24256K)->23704K(24256K) NonClass: 19600K(19904K)->19600K(19904K) Class: 4104K(4352K)->4104K(4352K)
[9.222s][info][gc          ] GC(13) Pause Full (System.gc()) 775M->775M(6144M) 340.610ms
[9.582s][info][gc,metaspace] GC(14) Metaspace: 23704K(24256K)->23704K(24256K) NonClass: 19600K(19904K)->19600K(19904K) Class: 4104K(4352K)->4104K(4352K)
[9.582s][info][gc          ] GC(14) Pause Full (System.gc()) 775M->775M(6144M) 360.623ms
[9.944s][info][gc,metaspace] GC(15) Metaspace: 23704K(24256K)->23704K(24256K) NonClass: 19600K(19904K)->19600K(19904K) Class: 4104K(4352K)->4104K(4352K)
[9.944s][info][gc          ] GC(15) Pause Full (System.gc()) 775M->775M(6144M) 361.615ms
[10.350s][info][gc,metaspace] GC(16) Metaspace: 23704K(24256K)->23704K(24256K) NonClass: 19600K(19904K)->19600K(19904K) Class: 4104K(4352K)->4104K(4352K)
[10.350s][info][gc          ] GC(16) Pause Full (System.gc()) 775M->775M(6144M) 401.784ms
[10.677s][info][gc,metaspace] GC(17) Metaspace: 23704K(24256K)->23704K(24256K) NonClass: 19600K(19904K)->19600K(19904K) Class: 4104K(4352K)->4104K(4352K)
[10.677s][info][gc          ] GC(17) Pause Full (System.gc()) 775M->775M(6144M) 326.644ms
[11.046s][info][gc,metaspace] GC(18) Metaspace: 23704K(24256K)->23704K(24256K) NonClass: 19600K(19904K)->19600K(19904K) Class: 4104K(4352K)->4104K(4352K)
[11.046s][info][gc          ] GC(18) Pause Full (System.gc()) 775M->775M(6144M) 368.427ms
[11.398s][info][gc,metaspace] GC(19) Metaspace: 23704K(24256K)->23704K(24256K) NonClass: 19600K(19904K)->19600K(19904K) Class: 4104K(4352K)->4104K(4352K)
[11.398s][info][gc          ] GC(19) Pause Full (System.gc()) 775M->775M(6144M) 352.387ms
[11.721s][info][gc,metaspace] GC(20) Metaspace: 23704K(24256K)->23704K(24256K) NonClass: 19600K(19904K)->19600K(19904K) Class: 4104K(4352K)->4104K(4352K)
[11.721s][info][gc          ] GC(20) Pause Full (System.gc()) 775M->775M(6144M) 322.533ms
[12.079s][info][gc,metaspace] GC(21) Metaspace: 23704K(24256K)->23704K(24256K) NonClass: 19600K(19904K)->19600K(19904K) Class: 4104K(4352K)->4104K(4352K)
[12.079s][info][gc          ] GC(21) Pause Full (System.gc()) 775M->775M(6144M) 357.875ms
[12.446s][info][gc,metaspace] GC(22) Metaspace: 23704K(24256K)->23704K(24256K) NonClass: 19600K(19904K)->19600K(19904K) Class: 4104K(4352K)->4104K(4352K)
[12.446s][info][gc          ] GC(22) Pause Full (System.gc()) 775M->775M(6144M) 367.351ms
[12.799s][info][gc,metaspace] GC(23) Metaspace: 23704K(24256K)->23704K(24256K) NonClass: 19600K(19904K)->19600K(19904K) Class: 4104K(4352K)->4104K(4352K)
[12.799s][info][gc          ] GC(23) Pause Full (System.gc()) 775M->775M(6144M) 352.590ms
[13.136s][info][gc,metaspace] GC(24) Metaspace: 23704K(24256K)->23704K(24256K) NonClass: 19600K(19904K)->19600K(19904K) Class: 4104K(4352K)->4104K(4352K)
[13.136s][info][gc          ] GC(24) Pause Full (System.gc()) 775M->775M(6144M) 337.064ms
[13.506s][info][gc,metaspace] GC(25) Metaspace: 23704K(24256K)->23704K(24256K) NonClass: 19600K(19904K)->19600K(19904K) Class: 4104K(4352K)->4104K(4352K)
[13.506s][info][gc          ] GC(25) Pause Full (System.gc()) 775M->775M(6144M) 369.765ms
[13.842s][info][gc,metaspace] GC(26) Metaspace: 23704K(24256K)->23704K(24256K) NonClass: 19600K(19904K)->19600K(19904K) Class: 4104K(4352K)->4104K(4352K)
[13.842s][info][gc          ] GC(26) Pause Full (System.gc()) 775M->775M(6144M) 336.151ms
[14.175s][info][gc,metaspace] GC(27) Metaspace: 23704K(24256K)->23704K(24256K) NonClass: 19600K(19904K)->19600K(19904K) Class: 4104K(4352K)->4104K(4352K)
[14.175s][info][gc          ] GC(27) Pause Full (System.gc()) 775M->775M(6144M) 332.648ms
[14.519s][info][gc,metaspace] GC(28) Metaspace: 23704K(24256K)->23704K(24256K) NonClass: 19600K(19904K)->19600K(19904K) Class: 4104K(4352K)->4104K(4352K)
[14.520s][info][gc          ] GC(28) Pause Full (System.gc()) 775M->775M(6144M) 344.775ms
[14.852s][info][gc,metaspace] GC(29) Metaspace: 23704K(24256K)->23704K(24256K) NonClass: 19600K(19904K)->19600K(19904K) Class: 4104K(4352K)->4104K(4352K)
[14.852s][info][gc          ] GC(29) Pause Full (System.gc()) 775M->775M(6144M) 332.066ms
[15.204s][info][gc,metaspace] GC(30) Metaspace: 23704K(24256K)->23704K(24256K) NonClass: 19600K(19904K)->19600K(19904K) Class: 4104K(4352K)->4104K(4352K)
[15.204s][info][gc          ] GC(30) Pause Full (System.gc()) 775M->775M(6144M) 352.131ms
[15.564s][info][gc,metaspace] GC(31) Metaspace: 23704K(24256K)->23704K(24256K) NonClass: 19600K(19904K)->19600K(19904K) Class: 4104K(4352K)->4104K(4352K)
[15.564s][info][gc          ] GC(31) Pause Full (System.gc()) 775M->775M(6144M) 360.068ms
[15.896s][info][gc,metaspace] GC(32) Metaspace: 23704K(24256K)->23704K(24256K) NonClass: 19600K(19904K)->19600K(19904K) Class: 4104K(4352K)->4104K(4352K)
[15.896s][info][gc          ] GC(32) Pause Full (System.gc()) 775M->775M(6144M) 331.616ms
[16.234s][info][gc,metaspace] GC(33) Metaspace: 23704K(24256K)->23704K(24256K) NonClass: 19600K(19904K)->19600K(19904K) Class: 4104K(4352K)->4104K(4352K)
[16.234s][info][gc          ] GC(33) Pause Full (System.gc()) 775M->775M(6144M) 338.189ms
[16.576s][info][gc,metaspace] GC(34) Metaspace: 23704K(24256K)->23704K(24256K) NonClass: 19600K(19904K)->19600K(19904K) Class: 4104K(4352K)->4104K(4352K)
[16.576s][info][gc          ] GC(34) Pause Full (System.gc()) 775M->775M(6144M) 341.656ms
[16.914s][info][gc,metaspace] GC(35) Metaspace: 23704K(24256K)->23704K(24256K) NonClass: 19600K(19904K)->19600K(19904K) Class: 4104K(4352K)->4104K(4352K)
[16.914s][info][gc          ] GC(35) Pause Full (System.gc()) 775M->775M(6144M) 338.437ms
[17.254s][info][gc,metaspace] GC(36) Metaspace: 23704K(24256K)->23704K(24256K) NonClass: 19600K(19904K)->19600K(19904K) Class: 4104K(4352K)->4104K(4352K)
[17.254s][info][gc          ] GC(36) Pause Full (System.gc()) 775M->775M(6144M) 339.365ms
[17.618s][info][gc,metaspace] GC(37) Metaspace: 23704K(24256K)->23704K(24256K) NonClass: 19600K(19904K)->19600K(19904K) Class: 4104K(4352K)->4104K(4352K)
[17.618s][info][gc          ] GC(37) Pause Full (System.gc()) 775M->775M(6144M) 364.855ms
[17.972s][info][gc,metaspace] GC(38) Metaspace: 23704K(24256K)->23704K(24256K) NonClass: 19600K(19904K)->19600K(19904K) Class: 4104K(4352K)->4104K(4352K)
[17.972s][info][gc          ] GC(38) Pause Full (System.gc()) 775M->775M(6144M) 353.715ms
[18.333s][info][gc,metaspace] GC(39) Metaspace: 23704K(24256K)->23704K(24256K) NonClass: 19600K(19904K)->19600K(19904K) Class: 4104K(4352K)->4104K(4352K)
[18.333s][info][gc          ] GC(39) Pause Full (System.gc()) 775M->775M(6144M) 360.771ms
[18.700s][info][gc,metaspace] GC(40) Metaspace: 23704K(24256K)->23704K(24256K) NonClass: 19600K(19904K)->19600K(19904K) Class: 4104K(4352K)->4104K(4352K)
[18.700s][info][gc          ] GC(40) Pause Full (System.gc()) 775M->775M(6144M) 366.719ms
[19.047s][info][gc,metaspace] GC(41) Metaspace: 23704K(24256K)->23704K(24256K) NonClass: 19600K(19904K)->19600K(19904K) Class: 4104K(4352K)->4104K(4352K)
[19.047s][info][gc          ] GC(41) Pause Full (System.gc()) 775M->775M(6144M) 346.680ms
[19.403s][info][gc,metaspace] GC(42) Metaspace: 23704K(24256K)->23704K(24256K) NonClass: 19600K(19904K)->19600K(19904K) Class: 4104K(4352K)->4104K(4352K)
[19.403s][info][gc          ] GC(42) Pause Full (System.gc()) 775M->775M(6144M) 356.323ms
[19.753s][info][gc,metaspace] GC(43) Metaspace: 23704K(24256K)->23704K(24256K) NonClass: 19600K(19904K)->19600K(19904K) Class: 4104K(4352K)->4104K(4352K)
[19.753s][info][gc          ] GC(43) Pause Full (System.gc()) 775M->775M(6144M) 349.585ms
[20.090s][info][gc,metaspace] GC(44) Metaspace: 23704K(24256K)->23704K(24256K) NonClass: 19600K(19904K)->19600K(19904K) Class: 4104K(4352K)->4104K(4352K)
[20.090s][info][gc          ] GC(44) Pause Full (System.gc()) 775M->775M(6144M) 337.748ms
[20.501s][info][gc,metaspace] GC(45) Metaspace: 23704K(24256K)->23704K(24256K) NonClass: 19600K(19904K)->19600K(19904K) Class: 4104K(4352K)->4104K(4352K)
[20.501s][info][gc          ] GC(45) Pause Full (System.gc()) 775M->775M(6144M) 410.398ms
[20.883s][info][gc,metaspace] GC(46) Metaspace: 23704K(24256K)->23704K(24256K) NonClass: 19600K(19904K)->19600K(19904K) Class: 4104K(4352K)->4104K(4352K)
[20.883s][info][gc          ] GC(46) Pause Full (System.gc()) 775M->775M(6144M) 377.969ms
[21.232s][info][gc,metaspace] GC(47) Metaspace: 23704K(24256K)->23704K(24256K) NonClass: 19600K(19904K)->19600K(19904K) Class: 4104K(4352K)->4104K(4352K)
[21.232s][info][gc          ] GC(47) Pause Full (System.gc()) 775M->775M(6144M) 348.578ms
[21.573s][info][gc,metaspace] GC(48) Metaspace: 23704K(24256K)->23704K(24256K) NonClass: 19600K(19904K)->19600K(19904K) Class: 4104K(4352K)->4104K(4352K)
[21.573s][info][gc          ] GC(48) Pause Full (System.gc()) 775M->775M(6144M) 340.690ms
[21.922s][info][gc,metaspace] GC(49) Metaspace: 23704K(24256K)->23704K(24256K) NonClass: 19600K(19904K)->19600K(19904K) Class: 4104K(4352K)->4104K(4352K)
[21.922s][info][gc          ] GC(49) Pause Full (System.gc()) 775M->775M(6144M) 349.212ms
[22.269s][info][gc,metaspace] GC(50) Metaspace: 23704K(24256K)->23704K(24256K) NonClass: 19600K(19904K)->19600K(19904K) Class: 4104K(4352K)->4104K(4352K)
[22.269s][info][gc          ] GC(50) Pause Full (System.gc()) 775M->775M(6144M) 347.255ms
[22.618s][info][gc,metaspace] GC(51) Metaspace: 23704K(24256K)->23704K(24256K) NonClass: 19600K(19904K)->19600K(19904K) Class: 4104K(4352K)->4104K(4352K)
[22.618s][info][gc          ] GC(51) Pause Full (System.gc()) 775M->775M(6144M) 348.840ms
[22.949s][info][gc,metaspace] GC(52) Metaspace: 23704K(24256K)->23704K(24256K) NonClass: 19600K(19904K)->19600K(19904K) Class: 4104K(4352K)->4104K(4352K)
[22.949s][info][gc          ] GC(52) Pause Full (System.gc()) 775M->775M(6144M) 330.601ms
[23.330s][info][gc,metaspace] GC(53) Metaspace: 23704K(24256K)->23704K(24256K) NonClass: 19600K(19904K)->19600K(19904K) Class: 4104K(4352K)->4104K(4352K)
[23.330s][info][gc          ] GC(53) Pause Full (System.gc()) 775M->775M(6144M) 381.173ms
[23.663s][info][gc,metaspace] GC(54) Metaspace: 23704K(24256K)->23704K(24256K) NonClass: 19600K(19904K)->19600K(19904K) Class: 4104K(4352K)->4104K(4352K)
[23.663s][info][gc          ] GC(54) Pause Full (System.gc()) 775M->775M(6144M) 333.056ms
[24.005s][info][gc,metaspace] GC(55) Metaspace: 23704K(24256K)->23704K(24256K) NonClass: 19600K(19904K)->19600K(19904K) Class: 4104K(4352K)->4104K(4352K)
[24.005s][info][gc          ] GC(55) Pause Full (System.gc()) 775M->775M(6144M) 342.180ms
[24.367s][info][gc,metaspace] GC(56) Metaspace: 23704K(24256K)->23704K(24256K) NonClass: 19600K(19904K)->19600K(19904K) Class: 4104K(4352K)->4104K(4352K)
[24.367s][info][gc          ] GC(56) Pause Full (System.gc()) 775M->775M(6144M) 361.871ms
[24.687s][info][gc,metaspace] GC(57) Metaspace: 23704K(24256K)->23704K(24256K) NonClass: 19600K(19904K)->19600K(19904K) Class: 4104K(4352K)->4104K(4352K)
[24.687s][info][gc          ] GC(57) Pause Full (System.gc()) 775M->775M(6144M) 319.788ms
[25.035s][info][gc,metaspace] GC(58) Metaspace: 23704K(24256K)->23704K(24256K) NonClass: 19600K(19904K)->19600K(19904K) Class: 4104K(4352K)->4104K(4352K)
[25.035s][info][gc          ] GC(58) Pause Full (System.gc()) 775M->775M(6144M) 347.501ms
[25.411s][info][gc,metaspace] GC(59) Metaspace: 23704K(24256K)->23704K(24256K) NonClass: 19600K(19904K)->19600K(19904K) Class: 4104K(4352K)->4104K(4352K)
[25.411s][info][gc          ] GC(59) Pause Full (System.gc()) 775M->775M(6144M) 375.896ms
[25.765s][info][gc,metaspace] GC(60) Metaspace: 23704K(24256K)->23704K(24256K) NonClass: 19600K(19904K)->19600K(19904K) Class: 4104K(4352K)->4104K(4352K)
[25.765s][info][gc          ] GC(60) Pause Full (System.gc()) 775M->775M(6144M) 354.342ms
[26.096s][info][gc,metaspace] GC(61) Metaspace: 23704K(24256K)->23704K(24256K) NonClass: 19600K(19904K)->19600K(19904K) Class: 4104K(4352K)->4104K(4352K)
[26.096s][info][gc          ] GC(61) Pause Full (System.gc()) 775M->775M(6144M) 331.029ms
[26.444s][info][gc,metaspace] GC(62) Metaspace: 23704K(24256K)->23704K(24256K) NonClass: 19600K(19904K)->19600K(19904K) Class: 4104K(4352K)->4104K(4352K)
[26.444s][info][gc          ] GC(62) Pause Full (System.gc()) 775M->775M(6144M) 347.856ms
[26.770s][info][gc,metaspace] GC(63) Metaspace: 23704K(24256K)->23704K(24256K) NonClass: 19600K(19904K)->19600K(19904K) Class: 4104K(4352K)->4104K(4352K)
[26.770s][info][gc          ] GC(63) Pause Full (System.gc()) 775M->775M(6144M) 325.652ms
[27.112s][info][gc,metaspace] GC(64) Metaspace: 23704K(24256K)->23704K(24256K) NonClass: 19600K(19904K)->19600K(19904K) Class: 4104K(4352K)->4104K(4352K)
[27.112s][info][gc          ] GC(64) Pause Full (System.gc()) 775M->775M(6144M) 342.516ms
[27.481s][info][gc,metaspace] GC(65) Metaspace: 23704K(24256K)->23704K(24256K) NonClass: 19600K(19904K)->19600K(19904K) Class: 4104K(4352K)->4104K(4352K)
[27.481s][info][gc          ] GC(65) Pause Full (System.gc()) 775M->775M(6144M) 368.178ms
[27.820s][info][gc,metaspace] GC(66) Metaspace: 23704K(24256K)->23704K(24256K) NonClass: 19600K(19904K)->19600K(19904K) Class: 4104K(4352K)->4104K(4352K)
[27.820s][info][gc          ] GC(66) Pause Full (System.gc()) 775M->775M(6144M) 339.262ms
[28.160s][info][gc,metaspace] GC(67) Metaspace: 23704K(24256K)->23704K(24256K) NonClass: 19600K(19904K)->19600K(19904K) Class: 4104K(4352K)->4104K(4352K)
[28.160s][info][gc          ] GC(67) Pause Full (System.gc()) 775M->775M(6144M) 339.749ms
[28.506s][info][gc,metaspace] GC(68) Metaspace: 23704K(24256K)->23704K(24256K) NonClass: 19600K(19904K)->19600K(19904K) Class: 4104K(4352K)->4104K(4352K)
[28.506s][info][gc          ] GC(68) Pause Full (System.gc()) 775M->775M(6144M) 346.684ms
[28.842s][info][gc,metaspace] GC(69) Metaspace: 23704K(24256K)->23704K(24256K) NonClass: 19600K(19904K)->19600K(19904K) Class: 4104K(4352K)->4104K(4352K)
[28.842s][info][gc          ] GC(69) Pause Full (System.gc()) 775M->775M(6144M) 335.610ms
[29.187s][info][gc,metaspace] GC(70) Metaspace: 23704K(24256K)->23704K(24256K) NonClass: 19600K(19904K)->19600K(19904K) Class: 4104K(4352K)->4104K(4352K)
[29.188s][info][gc          ] GC(70) Pause Full (System.gc()) 775M->775M(6144M) 345.278ms
[29.533s][info][gc,metaspace] GC(71) Metaspace: 23704K(24256K)->23704K(24256K) NonClass: 19600K(19904K)->19600K(19904K) Class: 4104K(4352K)->4104K(4352K)
[29.533s][info][gc          ] GC(71) Pause Full (System.gc()) 775M->775M(6144M) 345.509ms
[29.865s][info][gc,metaspace] GC(72) Metaspace: 23704K(24256K)->23704K(24256K) NonClass: 19600K(19904K)->19600K(19904K) Class: 4104K(4352K)->4104K(4352K)
[29.865s][info][gc          ] GC(72) Pause Full (System.gc()) 775M->775M(6144M) 331.589ms
[30.199s][info][gc,metaspace] GC(73) Metaspace: 23704K(24256K)->23704K(24256K) NonClass: 19600K(19904K)->19600K(19904K) Class: 4104K(4352K)->4104K(4352K)
[30.199s][info][gc          ] GC(73) Pause Full (System.gc()) 775M->775M(6144M) 334.024ms
[30.555s][info][gc,metaspace] GC(74) Metaspace: 23704K(24256K)->23704K(24256K) NonClass: 19600K(19904K)->19600K(19904K) Class: 4104K(4352K)->4104K(4352K)
[30.555s][info][gc          ] GC(74) Pause Full (System.gc()) 775M->775M(6144M) 356.426ms
[30.892s][info][gc,metaspace] GC(75) Metaspace: 23704K(24256K)->23704K(24256K) NonClass: 19600K(19904K)->19600K(19904K) Class: 4104K(4352K)->4104K(4352K)
[30.892s][info][gc          ] GC(75) Pause Full (System.gc()) 775M->775M(6144M) 336.927ms
[31.229s][info][gc,metaspace] GC(76) Metaspace: 23704K(24256K)->23704K(24256K) NonClass: 19600K(19904K)->19600K(19904K) Class: 4104K(4352K)->4104K(4352K)
[31.229s][info][gc          ] GC(76) Pause Full (System.gc()) 775M->775M(6144M) 336.319ms
[31.586s][info][gc,metaspace] GC(77) Metaspace: 23704K(24256K)->23704K(24256K) NonClass: 19600K(19904K)->19600K(19904K) Class: 4104K(4352K)->4104K(4352K)
[31.586s][info][gc          ] GC(77) Pause Full (System.gc()) 775M->775M(6144M) 356.994ms
[31.936s][info][gc,metaspace] GC(78) Metaspace: 23704K(24256K)->23704K(24256K) NonClass: 19600K(19904K)->19600K(19904K) Class: 4104K(4352K)->4104K(4352K)
[31.936s][info][gc          ] GC(78) Pause Full (System.gc()) 775M->775M(6144M) 349.850ms
[32.268s][info][gc,metaspace] GC(79) Metaspace: 23704K(24256K)->23704K(24256K) NonClass: 19600K(19904K)->19600K(19904K) Class: 4104K(4352K)->4104K(4352K)
[32.268s][info][gc          ] GC(79) Pause Full (System.gc()) 775M->775M(6144M) 331.965ms
[32.626s][info][gc,metaspace] GC(80) Metaspace: 23704K(24256K)->23704K(24256K) NonClass: 19600K(19904K)->19600K(19904K) Class: 4104K(4352K)->4104K(4352K)
[32.626s][info][gc          ] GC(80) Pause Full (System.gc()) 775M->775M(6144M) 357.920ms
[32.975s][info][gc,metaspace] GC(81) Metaspace: 23704K(24256K)->23704K(24256K) NonClass: 19600K(19904K)->19600K(19904K) Class: 4104K(4352K)->4104K(4352K)
[32.975s][info][gc          ] GC(81) Pause Full (System.gc()) 775M->775M(6144M) 349.621ms
[33.345s][info][gc,metaspace] GC(82) Metaspace: 23704K(24256K)->23704K(24256K) NonClass: 19600K(19904K)->19600K(19904K) Class: 4104K(4352K)->4104K(4352K)
[33.345s][info][gc          ] GC(82) Pause Full (System.gc()) 775M->775M(6144M) 369.164ms
[33.673s][info][gc,metaspace] GC(83) Metaspace: 23704K(24256K)->23704K(24256K) NonClass: 19600K(19904K)->19600K(19904K) Class: 4104K(4352K)->4104K(4352K)
[33.673s][info][gc          ] GC(83) Pause Full (System.gc()) 775M->775M(6144M) 328.023ms
[33.998s][info][gc,metaspace] GC(84) Metaspace: 23704K(24256K)->23704K(24256K) NonClass: 19600K(19904K)->19600K(19904K) Class: 4104K(4352K)->4104K(4352K)
[33.999s][info][gc          ] GC(84) Pause Full (System.gc()) 775M->775M(6144M) 325.797ms
[34.359s][info][gc,metaspace] GC(85) Metaspace: 23704K(24256K)->23704K(24256K) NonClass: 19600K(19904K)->19600K(19904K) Class: 4104K(4352K)->4104K(4352K)
[34.359s][info][gc          ] GC(85) Pause Full (System.gc()) 775M->775M(6144M) 360.709ms
[34.686s][info][gc,metaspace] GC(86) Metaspace: 23704K(24256K)->23704K(24256K) NonClass: 19600K(19904K)->19600K(19904K) Class: 4104K(4352K)->4104K(4352K)
[34.686s][info][gc          ] GC(86) Pause Full (System.gc()) 775M->775M(6144M) 326.942ms
[35.028s][info][gc,metaspace] GC(87) Metaspace: 23704K(24256K)->23704K(24256K) NonClass: 19600K(19904K)->19600K(19904K) Class: 4104K(4352K)->4104K(4352K)
[35.028s][info][gc          ] GC(87) Pause Full (System.gc()) 775M->775M(6144M) 341.623ms
[35.384s][info][gc,metaspace] GC(88) Metaspace: 23704K(24256K)->23704K(24256K) NonClass: 19600K(19904K)->19600K(19904K) Class: 4104K(4352K)->4104K(4352K)
[35.384s][info][gc          ] GC(88) Pause Full (System.gc()) 775M->775M(6144M) 356.051ms
[35.714s][info][gc,metaspace] GC(89) Metaspace: 23704K(24256K)->23704K(24256K) NonClass: 19600K(19904K)->19600K(19904K) Class: 4104K(4352K)->4104K(4352K)
[35.714s][info][gc          ] GC(89) Pause Full (System.gc()) 775M->775M(6144M) 329.634ms
[36.040s][info][gc,metaspace] GC(90) Metaspace: 23704K(24256K)->23704K(24256K) NonClass: 19600K(19904K)->19600K(19904K) Class: 4104K(4352K)->4104K(4352K)
[36.040s][info][gc          ] GC(90) Pause Full (System.gc()) 775M->775M(6144M) 326.634ms
[36.391s][info][gc,metaspace] GC(91) Metaspace: 23704K(24256K)->23704K(24256K) NonClass: 19600K(19904K)->19600K(19904K) Class: 4104K(4352K)->4104K(4352K)
[36.391s][info][gc          ] GC(91) Pause Full (System.gc()) 775M->775M(6144M) 350.835ms
[36.733s][info][gc,metaspace] GC(92) Metaspace: 23704K(24256K)->23704K(24256K) NonClass: 19600K(19904K)->19600K(19904K) Class: 4104K(4352K)->4104K(4352K)
[36.733s][info][gc          ] GC(92) Pause Full (System.gc()) 775M->775M(6144M) 341.330ms
[37.067s][info][gc,metaspace] GC(93) Metaspace: 23704K(24256K)->23704K(24256K) NonClass: 19600K(19904K)->19600K(19904K) Class: 4104K(4352K)->4104K(4352K)
[37.067s][info][gc          ] GC(93) Pause Full (System.gc()) 775M->775M(6144M) 334.448ms
[37.440s][info][gc,metaspace] GC(94) Metaspace: 23704K(24256K)->23704K(24256K) NonClass: 19600K(19904K)->19600K(19904K) Class: 4104K(4352K)->4104K(4352K)
[37.440s][info][gc          ] GC(94) Pause Full (System.gc()) 775M->775M(6144M) 372.654ms
[37.783s][info][gc,metaspace] GC(95) Metaspace: 23704K(24256K)->23704K(24256K) NonClass: 19600K(19904K)->19600K(19904K) Class: 4104K(4352K)->4104K(4352K)
[37.783s][info][gc          ] GC(95) Pause Full (System.gc()) 775M->775M(6144M) 343.150ms
[38.134s][info][gc,metaspace] GC(96) Metaspace: 23704K(24256K)->23704K(24256K) NonClass: 19600K(19904K)->19600K(19904K) Class: 4104K(4352K)->4104K(4352K)
[38.134s][info][gc          ] GC(96) Pause Full (System.gc()) 775M->775M(6144M) 351.149ms
[38.490s][info][gc,metaspace] GC(97) Metaspace: 23704K(24256K)->23704K(24256K) NonClass: 19600K(19904K)->19600K(19904K) Class: 4104K(4352K)->4104K(4352K)
[38.490s][info][gc          ] GC(97) Pause Full (System.gc()) 775M->775M(6144M) 355.289ms
[38.828s][info][gc,metaspace] GC(98) Metaspace: 23704K(24256K)->23704K(24256K) NonClass: 19600K(19904K)->19600K(19904K) Class: 4104K(4352K)->4104K(4352K)
[38.828s][info][gc          ] GC(98) Pause Full (System.gc()) 775M->775M(6144M) 337.941ms
[39.150s][info][gc,metaspace] GC(99) Metaspace: 23704K(24256K)->23704K(24256K) NonClass: 19600K(19904K)->19600K(19904K) Class: 4104K(4352K)->4104K(4352K)
[39.150s][info][gc          ] GC(99) Pause Full (System.gc()) 775M->775M(6144M) 322.120ms
[39.517s][info][gc,metaspace] GC(100) Metaspace: 23704K(24256K)->23704K(24256K) NonClass: 19600K(19904K)->19600K(19904K) Class: 4104K(4352K)->4104K(4352K)
[39.517s][info][gc          ] GC(100) Pause Full (System.gc()) 775M->775M(6144M) 367.318ms
[39.847s][info][gc,metaspace] GC(101) Metaspace: 23704K(24256K)->23704K(24256K) NonClass: 19600K(19904K)->19600K(19904K) Class: 4104K(4352K)->4104K(4352K)
[39.847s][info][gc          ] GC(101) Pause Full (System.gc()) 775M->775M(6144M) 329.888ms
[40.193s][info][gc,metaspace] GC(102) Metaspace: 23704K(24256K)->23704K(24256K) NonClass: 19600K(19904K)->19600K(19904K) Class: 4104K(4352K)->4104K(4352K)
[40.193s][info][gc          ] GC(102) Pause Full (System.gc()) 775M->775M(6144M) 345.777ms
[40.535s][info][gc,metaspace] GC(103) Metaspace: 23704K(24256K)->23704K(24256K) NonClass: 19600K(19904K)->19600K(19904K) Class: 4104K(4352K)->4104K(4352K)
[40.535s][info][gc          ] GC(103) Pause Full (System.gc()) 775M->775M(6144M) 341.458ms
[40.860s][info][gc,metaspace] GC(104) Metaspace: 23704K(24256K)->23704K(24256K) NonClass: 19600K(19904K)->19600K(19904K) Class: 4104K(4352K)->4104K(4352K)
[40.860s][info][gc          ] GC(104) Pause Full (System.gc()) 775M->775M(6144M) 325.586ms
After GCs... 
