[0.001s][info][metaspace]  - commit_granule_bytes: 65536.
[0.001s][info][metaspace]  - commit_granule_words: 8192.
[0.001s][info][metaspace]  - virtual_space_node_default_size: 8388608.
[0.001s][info][metaspace]  - enlarge_chunks_in_place: 1.
[0.001s][info][metaspace]  - use_allocation_guard: 0.
[0.003s][info][gc       ] Using G1
[0.404s][info][metaspace] Reserving compressed class space anywhere
[0.409s][info][gc,metaspace] CDS archive(s) not mapped
[0.409s][info][gc,metaspace] Compressed class space mapped at: 0x0000000037000000-0x00000000f7000000, reserved size: 3221225472
[0.409s][info][gc,metaspace] UseCompressedClassPointers 1, UseCompactObjectHeaders 1, narrow klass pointer bits 22, max shift 10
[0.409s][info][gc,metaspace] Narrow klass base: 0x0000000037000000, Narrow klass shift: 10, Narrow klass range: 0xc0000000
Num Classes: 256
Num Objects per Class: 262144
Cycles: 100
Class association: random
Generate 256 classes...[1.429s][info][gc,metaspace] GC(0) Metaspace: 21739K(22016K)->21739K(22016K) NonClass: 18026K(18176K)->18026K(18176K) Class: 3712K(3840K)->3712K(3840K)
[1.430s][info][gc          ] GC(0) Pause Young (Normal) (G1 Evacuation Pause) 304M->3M(6144M) 4.147ms
[1.782s][info][gc,metaspace] GC(1) Metaspace: 22034K(22336K)->22034K(22336K) NonClass: 18320K(18496K)->18320K(18496K) Class: 3713K(3840K)->3713K(3840K)
[1.782s][info][gc          ] GC(1) Pause Young (Normal) (G1 Evacuation Pause) 303M->4M(6144M) 4.186ms
[2.130s][info][gc,metaspace] GC(2) Metaspace: 22243K(22592K)->22243K(22592K) NonClass: 18529K(18752K)->18529K(18752K) Class: 3713K(3840K)->3713K(3840K)
[2.130s][info][gc          ] GC(2) Pause Young (Normal) (G1 Evacuation Pause) 300M->4M(6144M) 4.212ms

Loading 256...[2.268s][info][gc,metaspace] GC(3) Metaspace: 22831K(23168K)->22831K(23168K) NonClass: 18861K(19072K)->18861K(19072K) Class: 3969K(4096K)->3969K(4096K)
[2.268s][info][gc          ] GC(3) Pause Full (System.gc()) 118M->3M(6144M) 16.671ms
Creating 262144 objects per class...[4.638s][info][gc,metaspace] GC(4) Metaspace: 23734K(24256K)->23734K(24256K) NonClass: 19630K(19904K)->19630K(19904K) Class: 4104K(4352K)->4104K(4352K)
[4.638s][info][gc          ] GC(4) Pause Young (Normal) (G1 Evacuation Pause) 567M->563M(6144M) 194.811ms

Done; will start GCs... 
[6.311s][info][gc,metaspace] GC(5) Metaspace: 23734K(24256K)->23734K(24256K) NonClass: 19630K(19904K)->19630K(19904K) Class: 4104K(4352K)->4104K(4352K)
[6.311s][info][gc          ] GC(5) Pause Full (System.gc()) 783M->775M(6144M) 371.886ms
[6.670s][info][gc,metaspace] GC(6) Metaspace: 23734K(24256K)->23734K(24256K) NonClass: 19630K(19904K)->19630K(19904K) Class: 4104K(4352K)->4104K(4352K)
[6.670s][info][gc          ] GC(6) Pause Full (System.gc()) 775M->775M(6144M) 358.815ms
[7.003s][info][gc,metaspace] GC(7) Metaspace: 23734K(24256K)->23734K(24256K) NonClass: 19630K(19904K)->19630K(19904K) Class: 4104K(4352K)->4104K(4352K)
[7.003s][info][gc          ] GC(7) Pause Full (System.gc()) 775M->775M(6144M) 332.451ms
[7.318s][info][gc,metaspace] GC(8) Metaspace: 23734K(24256K)->23734K(24256K) NonClass: 19630K(19904K)->19630K(19904K) Class: 4104K(4352K)->4104K(4352K)
[7.318s][info][gc          ] GC(8) Pause Full (System.gc()) 775M->775M(6144M) 314.798ms
[7.675s][info][gc,metaspace] GC(9) Metaspace: 23734K(24256K)->23734K(24256K) NonClass: 19630K(19904K)->19630K(19904K) Class: 4104K(4352K)->4104K(4352K)
[7.675s][info][gc          ] GC(9) Pause Full (System.gc()) 775M->775M(6144M) 353.110ms
[7.999s][info][gc,metaspace] GC(10) Metaspace: 23734K(24256K)->23734K(24256K) NonClass: 19630K(19904K)->19630K(19904K) Class: 4104K(4352K)->4104K(4352K)
[7.999s][info][gc          ] GC(10) Pause Full (System.gc()) 775M->775M(6144M) 324.062ms
[8.320s][info][gc,metaspace] GC(11) Metaspace: 23734K(24256K)->23734K(24256K) NonClass: 19630K(19904K)->19630K(19904K) Class: 4104K(4352K)->4104K(4352K)
[8.320s][info][gc          ] GC(11) Pause Full (System.gc()) 775M->775M(6144M) 320.277ms
[8.680s][info][gc,metaspace] GC(12) Metaspace: 23734K(24256K)->23734K(24256K) NonClass: 19630K(19904K)->19630K(19904K) Class: 4104K(4352K)->4104K(4352K)
[8.680s][info][gc          ] GC(12) Pause Full (System.gc()) 775M->775M(6144M) 360.153ms
[9.001s][info][gc,metaspace] GC(13) Metaspace: 23734K(24256K)->23734K(24256K) NonClass: 19630K(19904K)->19630K(19904K) Class: 4104K(4352K)->4104K(4352K)
[9.001s][info][gc          ] GC(13) Pause Full (System.gc()) 775M->775M(6144M) 320.597ms
[9.335s][info][gc,metaspace] GC(14) Metaspace: 23734K(24256K)->23734K(24256K) NonClass: 19630K(19904K)->19630K(19904K) Class: 4104K(4352K)->4104K(4352K)
[9.335s][info][gc          ] GC(14) Pause Full (System.gc()) 775M->775M(6144M) 334.393ms
[9.686s][info][gc,metaspace] GC(15) Metaspace: 23734K(24256K)->23734K(24256K) NonClass: 19630K(19904K)->19630K(19904K) Class: 4104K(4352K)->4104K(4352K)
[9.686s][info][gc          ] GC(15) Pause Full (System.gc()) 775M->775M(6144M) 318.320ms
[9.999s][info][gc,metaspace] GC(16) Metaspace: 23735K(24256K)->23735K(24256K) NonClass: 19631K(19904K)->19631K(19904K) Class: 4104K(4352K)->4104K(4352K)
[9.999s][info][gc          ] GC(16) Pause Full (System.gc()) 775M->775M(6144M) 312.163ms
[10.332s][info][gc,metaspace] GC(17) Metaspace: 23735K(24256K)->23735K(24256K) NonClass: 19631K(19904K)->19631K(19904K) Class: 4104K(4352K)->4104K(4352K)
[10.332s][info][gc          ] GC(17) Pause Full (System.gc()) 775M->775M(6144M) 333.484ms
[10.700s][info][gc,metaspace] GC(18) Metaspace: 23735K(24256K)->23735K(24256K) NonClass: 19631K(19904K)->19631K(19904K) Class: 4104K(4352K)->4104K(4352K)
[10.700s][info][gc          ] GC(18) Pause Full (System.gc()) 775M->775M(6144M) 367.967ms
[11.045s][info][gc,metaspace] GC(19) Metaspace: 23735K(24256K)->23735K(24256K) NonClass: 19631K(19904K)->19631K(19904K) Class: 4104K(4352K)->4104K(4352K)
[11.045s][info][gc          ] GC(19) Pause Full (System.gc()) 775M->775M(6144M) 344.916ms
[11.395s][info][gc,metaspace] GC(20) Metaspace: 23735K(24256K)->23735K(24256K) NonClass: 19631K(19904K)->19631K(19904K) Class: 4104K(4352K)->4104K(4352K)
[11.395s][info][gc          ] GC(20) Pause Full (System.gc()) 775M->775M(6144M) 349.773ms
[11.718s][info][gc,metaspace] GC(21) Metaspace: 23735K(24256K)->23735K(24256K) NonClass: 19631K(19904K)->19631K(19904K) Class: 4104K(4352K)->4104K(4352K)
[11.718s][info][gc          ] GC(21) Pause Full (System.gc()) 775M->775M(6144M) 322.709ms
[12.045s][info][gc,metaspace] GC(22) Metaspace: 23735K(24256K)->23735K(24256K) NonClass: 19631K(19904K)->19631K(19904K) Class: 4104K(4352K)->4104K(4352K)
[12.045s][info][gc          ] GC(22) Pause Full (System.gc()) 775M->775M(6144M) 326.384ms
[12.401s][info][gc,metaspace] GC(23) Metaspace: 23735K(24256K)->23735K(24256K) NonClass: 19631K(19904K)->19631K(19904K) Class: 4104K(4352K)->4104K(4352K)
[12.401s][info][gc          ] GC(23) Pause Full (System.gc()) 775M->775M(6144M) 356.046ms
[12.735s][info][gc,metaspace] GC(24) Metaspace: 23735K(24256K)->23735K(24256K) NonClass: 19631K(19904K)->19631K(19904K) Class: 4104K(4352K)->4104K(4352K)
[12.735s][info][gc          ] GC(24) Pause Full (System.gc()) 775M->775M(6144M) 334.218ms
[13.065s][info][gc,metaspace] GC(25) Metaspace: 23735K(24256K)->23735K(24256K) NonClass: 19631K(19904K)->19631K(19904K) Class: 4104K(4352K)->4104K(4352K)
[13.065s][info][gc          ] GC(25) Pause Full (System.gc()) 775M->775M(6144M) 329.770ms
[13.407s][info][gc,metaspace] GC(26) Metaspace: 23735K(24256K)->23735K(24256K) NonClass: 19631K(19904K)->19631K(19904K) Class: 4104K(4352K)->4104K(4352K)
[13.407s][info][gc          ] GC(26) Pause Full (System.gc()) 775M->775M(6144M) 341.674ms
[13.741s][info][gc,metaspace] GC(27) Metaspace: 23735K(24256K)->23735K(24256K) NonClass: 19631K(19904K)->19631K(19904K) Class: 4104K(4352K)->4104K(4352K)
[13.741s][info][gc          ] GC(27) Pause Full (System.gc()) 775M->775M(6144M) 334.663ms
[14.066s][info][gc,metaspace] GC(28) Metaspace: 23735K(24256K)->23735K(24256K) NonClass: 19631K(19904K)->19631K(19904K) Class: 4104K(4352K)->4104K(4352K)
[14.066s][info][gc          ] GC(28) Pause Full (System.gc()) 775M->775M(6144M) 324.835ms
[14.430s][info][gc,metaspace] GC(29) Metaspace: 23735K(24256K)->23735K(24256K) NonClass: 19631K(19904K)->19631K(19904K) Class: 4104K(4352K)->4104K(4352K)
[14.430s][info][gc          ] GC(29) Pause Full (System.gc()) 775M->775M(6144M) 363.803ms
[14.755s][info][gc,metaspace] GC(30) Metaspace: 23735K(24256K)->23735K(24256K) NonClass: 19631K(19904K)->19631K(19904K) Class: 4104K(4352K)->4104K(4352K)
[14.756s][info][gc          ] GC(30) Pause Full (System.gc()) 775M->775M(6144M) 325.233ms
[15.072s][info][gc,metaspace] GC(31) Metaspace: 23735K(24256K)->23735K(24256K) NonClass: 19631K(19904K)->19631K(19904K) Class: 4104K(4352K)->4104K(4352K)
[15.072s][info][gc          ] GC(31) Pause Full (System.gc()) 775M->775M(6144M) 316.269ms
[15.412s][info][gc,metaspace] GC(32) Metaspace: 23735K(24256K)->23735K(24256K) NonClass: 19631K(19904K)->19631K(19904K) Class: 4104K(4352K)->4104K(4352K)
[15.412s][info][gc          ] GC(32) Pause Full (System.gc()) 775M->775M(6144M) 340.371ms
[15.747s][info][gc,metaspace] GC(33) Metaspace: 23735K(24256K)->23735K(24256K) NonClass: 19631K(19904K)->19631K(19904K) Class: 4104K(4352K)->4104K(4352K)
[15.747s][info][gc          ] GC(33) Pause Full (System.gc()) 775M->775M(6144M) 334.830ms
[16.070s][info][gc,metaspace] GC(34) Metaspace: 23735K(24256K)->23735K(24256K) NonClass: 19631K(19904K)->19631K(19904K) Class: 4104K(4352K)->4104K(4352K)
[16.070s][info][gc          ] GC(34) Pause Full (System.gc()) 775M->775M(6144M) 322.914ms
[16.442s][info][gc,metaspace] GC(35) Metaspace: 23735K(24256K)->23735K(24256K) NonClass: 19631K(19904K)->19631K(19904K) Class: 4104K(4352K)->4104K(4352K)
[16.442s][info][gc          ] GC(35) Pause Full (System.gc()) 775M->775M(6144M) 371.721ms
[16.775s][info][gc,metaspace] GC(36) Metaspace: 23735K(24256K)->23735K(24256K) NonClass: 19631K(19904K)->19631K(19904K) Class: 4104K(4352K)->4104K(4352K)
[16.775s][info][gc          ] GC(36) Pause Full (System.gc()) 775M->775M(6144M) 332.981ms
[17.103s][info][gc,metaspace] GC(37) Metaspace: 23735K(24256K)->23735K(24256K) NonClass: 19631K(19904K)->19631K(19904K) Class: 4104K(4352K)->4104K(4352K)
[17.103s][info][gc          ] GC(37) Pause Full (System.gc()) 775M->775M(6144M) 328.280ms
[17.465s][info][gc,metaspace] GC(38) Metaspace: 23735K(24256K)->23735K(24256K) NonClass: 19631K(19904K)->19631K(19904K) Class: 4104K(4352K)->4104K(4352K)
[17.465s][info][gc          ] GC(38) Pause Full (System.gc()) 775M->775M(6144M) 361.546ms
[17.803s][info][gc,metaspace] GC(39) Metaspace: 23735K(24256K)->23735K(24256K) NonClass: 19631K(19904K)->19631K(19904K) Class: 4104K(4352K)->4104K(4352K)
[17.803s][info][gc          ] GC(39) Pause Full (System.gc()) 775M->775M(6144M) 338.116ms
[18.155s][info][gc,metaspace] GC(40) Metaspace: 23735K(24256K)->23735K(24256K) NonClass: 19631K(19904K)->19631K(19904K) Class: 4104K(4352K)->4104K(4352K)
[18.156s][info][gc          ] GC(40) Pause Full (System.gc()) 775M->775M(6144M) 352.353ms
[18.495s][info][gc,metaspace] GC(41) Metaspace: 23735K(24256K)->23735K(24256K) NonClass: 19631K(19904K)->19631K(19904K) Class: 4104K(4352K)->4104K(4352K)
[18.495s][info][gc          ] GC(41) Pause Full (System.gc()) 775M->775M(6144M) 339.662ms
[18.835s][info][gc,metaspace] GC(42) Metaspace: 23735K(24256K)->23735K(24256K) NonClass: 19631K(19904K)->19631K(19904K) Class: 4104K(4352K)->4104K(4352K)
[18.835s][info][gc          ] GC(42) Pause Full (System.gc()) 775M->775M(6144M) 339.977ms
[19.154s][info][gc,metaspace] GC(43) Metaspace: 23735K(24256K)->23735K(24256K) NonClass: 19631K(19904K)->19631K(19904K) Class: 4104K(4352K)->4104K(4352K)
[19.154s][info][gc          ] GC(43) Pause Full (System.gc()) 775M->775M(6144M) 318.237ms
[19.488s][info][gc,metaspace] GC(44) Metaspace: 23735K(24256K)->23735K(24256K) NonClass: 19631K(19904K)->19631K(19904K) Class: 4104K(4352K)->4104K(4352K)
[19.488s][info][gc          ] GC(44) Pause Full (System.gc()) 775M->775M(6144M) 334.481ms
[19.822s][info][gc,metaspace] GC(45) Metaspace: 23735K(24256K)->23735K(24256K) NonClass: 19631K(19904K)->19631K(19904K) Class: 4104K(4352K)->4104K(4352K)
[19.822s][info][gc          ] GC(45) Pause Full (System.gc()) 775M->775M(6144M) 334.129ms
[20.180s][info][gc,metaspace] GC(46) Metaspace: 23735K(24256K)->23735K(24256K) NonClass: 19631K(19904K)->19631K(19904K) Class: 4104K(4352K)->4104K(4352K)
[20.180s][info][gc          ] GC(46) Pause Full (System.gc()) 775M->775M(6144M) 357.208ms
[20.525s][info][gc,metaspace] GC(47) Metaspace: 23735K(24256K)->23735K(24256K) NonClass: 19631K(19904K)->19631K(19904K) Class: 4104K(4352K)->4104K(4352K)
[20.525s][info][gc          ] GC(47) Pause Full (System.gc()) 775M->775M(6144M) 345.483ms
[20.845s][info][gc,metaspace] GC(48) Metaspace: 23735K(24256K)->23735K(24256K) NonClass: 19631K(19904K)->19631K(19904K) Class: 4104K(4352K)->4104K(4352K)
[20.845s][info][gc          ] GC(48) Pause Full (System.gc()) 775M->775M(6144M) 319.954ms
[21.179s][info][gc,metaspace] GC(49) Metaspace: 23735K(24256K)->23735K(24256K) NonClass: 19631K(19904K)->19631K(19904K) Class: 4104K(4352K)->4104K(4352K)
[21.179s][info][gc          ] GC(49) Pause Full (System.gc()) 775M->775M(6144M) 333.451ms
[21.549s][info][gc,metaspace] GC(50) Metaspace: 23735K(24256K)->23735K(24256K) NonClass: 19631K(19904K)->19631K(19904K) Class: 4104K(4352K)->4104K(4352K)
[21.549s][info][gc          ] GC(50) Pause Full (System.gc()) 775M->775M(6144M) 370.551ms
[21.874s][info][gc,metaspace] GC(51) Metaspace: 23735K(24256K)->23735K(24256K) NonClass: 19631K(19904K)->19631K(19904K) Class: 4104K(4352K)->4104K(4352K)
[21.874s][info][gc          ] GC(51) Pause Full (System.gc()) 775M->775M(6144M) 324.610ms
[22.221s][info][gc,metaspace] GC(52) Metaspace: 23735K(24256K)->23735K(24256K) NonClass: 19631K(19904K)->19631K(19904K) Class: 4104K(4352K)->4104K(4352K)
[22.221s][info][gc          ] GC(52) Pause Full (System.gc()) 775M->775M(6144M) 346.964ms
[22.563s][info][gc,metaspace] GC(53) Metaspace: 23735K(24256K)->23735K(24256K) NonClass: 19631K(19904K)->19631K(19904K) Class: 4104K(4352K)->4104K(4352K)
[22.563s][info][gc          ] GC(53) Pause Full (System.gc()) 775M->775M(6144M) 341.765ms
[22.917s][info][gc,metaspace] GC(54) Metaspace: 23735K(24256K)->23735K(24256K) NonClass: 19631K(19904K)->19631K(19904K) Class: 4104K(4352K)->4104K(4352K)
[22.917s][info][gc          ] GC(54) Pause Full (System.gc()) 775M->775M(6144M) 354.595ms
[23.262s][info][gc,metaspace] GC(55) Metaspace: 23735K(24256K)->23735K(24256K) NonClass: 19631K(19904K)->19631K(19904K) Class: 4104K(4352K)->4104K(4352K)
[23.262s][info][gc          ] GC(55) Pause Full (System.gc()) 775M->775M(6144M) 344.916ms
[23.609s][info][gc,metaspace] GC(56) Metaspace: 23735K(24256K)->23735K(24256K) NonClass: 19631K(19904K)->19631K(19904K) Class: 4104K(4352K)->4104K(4352K)
[23.609s][info][gc          ] GC(56) Pause Full (System.gc()) 775M->775M(6144M) 346.181ms
[23.920s][info][gc,metaspace] GC(57) Metaspace: 23735K(24256K)->23735K(24256K) NonClass: 19631K(19904K)->19631K(19904K) Class: 4104K(4352K)->4104K(4352K)
[23.920s][info][gc          ] GC(57) Pause Full (System.gc()) 775M->775M(6144M) 311.144ms
[24.245s][info][gc,metaspace] GC(58) Metaspace: 23735K(24256K)->23735K(24256K) NonClass: 19631K(19904K)->19631K(19904K) Class: 4104K(4352K)->4104K(4352K)
[24.245s][info][gc          ] GC(58) Pause Full (System.gc()) 775M->775M(6144M) 324.663ms
[24.596s][info][gc,metaspace] GC(59) Metaspace: 23735K(24256K)->23735K(24256K) NonClass: 19631K(19904K)->19631K(19904K) Class: 4104K(4352K)->4104K(4352K)
[24.596s][info][gc          ] GC(59) Pause Full (System.gc()) 775M->775M(6144M) 351.776ms
[24.916s][info][gc,metaspace] GC(60) Metaspace: 23735K(24256K)->23735K(24256K) NonClass: 19631K(19904K)->19631K(19904K) Class: 4104K(4352K)->4104K(4352K)
[24.916s][info][gc          ] GC(60) Pause Full (System.gc()) 775M->775M(6144M) 319.565ms
[25.252s][info][gc,metaspace] GC(61) Metaspace: 23735K(24256K)->23735K(24256K) NonClass: 19631K(19904K)->19631K(19904K) Class: 4104K(4352K)->4104K(4352K)
[25.252s][info][gc          ] GC(61) Pause Full (System.gc()) 775M->775M(6144M) 336.377ms
[25.621s][info][gc,metaspace] GC(62) Metaspace: 23735K(24256K)->23735K(24256K) NonClass: 19631K(19904K)->19631K(19904K) Class: 4104K(4352K)->4104K(4352K)
[25.621s][info][gc          ] GC(62) Pause Full (System.gc()) 775M->775M(6144M) 368.239ms
[25.938s][info][gc,metaspace] GC(63) Metaspace: 23735K(24256K)->23735K(24256K) NonClass: 19631K(19904K)->19631K(19904K) Class: 4104K(4352K)->4104K(4352K)
[25.938s][info][gc          ] GC(63) Pause Full (System.gc()) 775M->775M(6144M) 317.394ms
[26.263s][info][gc,metaspace] GC(64) Metaspace: 23735K(24256K)->23735K(24256K) NonClass: 19631K(19904K)->19631K(19904K) Class: 4104K(4352K)->4104K(4352K)
[26.263s][info][gc          ] GC(64) Pause Full (System.gc()) 775M->775M(6144M) 325.138ms
[26.602s][info][gc,metaspace] GC(65) Metaspace: 23735K(24256K)->23735K(24256K) NonClass: 19631K(19904K)->19631K(19904K) Class: 4104K(4352K)->4104K(4352K)
[26.602s][info][gc          ] GC(65) Pause Full (System.gc()) 775M->775M(6144M) 338.545ms
[26.930s][info][gc,metaspace] GC(66) Metaspace: 23735K(24256K)->23735K(24256K) NonClass: 19631K(19904K)->19631K(19904K) Class: 4104K(4352K)->4104K(4352K)
[26.930s][info][gc          ] GC(66) Pause Full (System.gc()) 775M->775M(6144M) 327.940ms
[27.254s][info][gc,metaspace] GC(67) Metaspace: 23735K(24256K)->23735K(24256K) NonClass: 19631K(19904K)->19631K(19904K) Class: 4104K(4352K)->4104K(4352K)
[27.254s][info][gc          ] GC(67) Pause Full (System.gc()) 775M->775M(6144M) 324.185ms
[27.592s][info][gc,metaspace] GC(68) Metaspace: 23735K(24256K)->23735K(24256K) NonClass: 19631K(19904K)->19631K(19904K) Class: 4104K(4352K)->4104K(4352K)
[27.592s][info][gc          ] GC(68) Pause Full (System.gc()) 775M->775M(6144M) 337.984ms
[27.957s][info][gc,metaspace] GC(69) Metaspace: 23735K(24256K)->23735K(24256K) NonClass: 19631K(19904K)->19631K(19904K) Class: 4104K(4352K)->4104K(4352K)
[27.957s][info][gc          ] GC(69) Pause Full (System.gc()) 775M->775M(6144M) 360.476ms
[28.294s][info][gc,metaspace] GC(70) Metaspace: 23735K(24256K)->23735K(24256K) NonClass: 19631K(19904K)->19631K(19904K) Class: 4104K(4352K)->4104K(4352K)
[28.294s][info][gc          ] GC(70) Pause Full (System.gc()) 775M->775M(6144M) 337.224ms
[28.643s][info][gc,metaspace] GC(71) Metaspace: 23735K(24256K)->23735K(24256K) NonClass: 19631K(19904K)->19631K(19904K) Class: 4104K(4352K)->4104K(4352K)
[28.643s][info][gc          ] GC(71) Pause Full (System.gc()) 775M->775M(6144M) 348.718ms
[28.967s][info][gc,metaspace] GC(72) Metaspace: 23735K(24256K)->23735K(24256K) NonClass: 19631K(19904K)->19631K(19904K) Class: 4104K(4352K)->4104K(4352K)
[28.967s][info][gc          ] GC(72) Pause Full (System.gc()) 775M->775M(6144M) 323.365ms
[29.308s][info][gc,metaspace] GC(73) Metaspace: 23735K(24256K)->23735K(24256K) NonClass: 19631K(19904K)->19631K(19904K) Class: 4104K(4352K)->4104K(4352K)
[29.308s][info][gc          ] GC(73) Pause Full (System.gc()) 775M->775M(6144M) 341.654ms
[29.658s][info][gc,metaspace] GC(74) Metaspace: 23735K(24256K)->23735K(24256K) NonClass: 19631K(19904K)->19631K(19904K) Class: 4104K(4352K)->4104K(4352K)
[29.658s][info][gc          ] GC(74) Pause Full (System.gc()) 775M->775M(6144M) 349.085ms
[29.983s][info][gc,metaspace] GC(75) Metaspace: 23735K(24256K)->23735K(24256K) NonClass: 19631K(19904K)->19631K(19904K) Class: 4104K(4352K)->4104K(4352K)
[29.983s][info][gc          ] GC(75) Pause Full (System.gc()) 775M->775M(6144M) 325.150ms
[30.303s][info][gc,metaspace] GC(76) Metaspace: 23735K(24256K)->23735K(24256K) NonClass: 19631K(19904K)->19631K(19904K) Class: 4104K(4352K)->4104K(4352K)
[30.303s][info][gc          ] GC(76) Pause Full (System.gc()) 775M->775M(6144M) 320.607ms
[30.638s][info][gc,metaspace] GC(77) Metaspace: 23735K(24256K)->23735K(24256K) NonClass: 19631K(19904K)->19631K(19904K) Class: 4104K(4352K)->4104K(4352K)
[30.638s][info][gc          ] GC(77) Pause Full (System.gc()) 775M->775M(6144M) 334.834ms
[30.965s][info][gc,metaspace] GC(78) Metaspace: 23735K(24256K)->23735K(24256K) NonClass: 19631K(19904K)->19631K(19904K) Class: 4104K(4352K)->4104K(4352K)
[30.965s][info][gc          ] GC(78) Pause Full (System.gc()) 775M->775M(6144M) 326.433ms
[31.291s][info][gc,metaspace] GC(79) Metaspace: 23735K(24256K)->23735K(24256K) NonClass: 19631K(19904K)->19631K(19904K) Class: 4104K(4352K)->4104K(4352K)
[31.291s][info][gc          ] GC(79) Pause Full (System.gc()) 775M->775M(6144M) 326.316ms
[31.626s][info][gc,metaspace] GC(80) Metaspace: 23735K(24256K)->23735K(24256K) NonClass: 19631K(19904K)->19631K(19904K) Class: 4104K(4352K)->4104K(4352K)
[31.626s][info][gc          ] GC(80) Pause Full (System.gc()) 775M->775M(6144M) 335.093ms
[31.960s][info][gc,metaspace] GC(81) Metaspace: 23735K(24256K)->23735K(24256K) NonClass: 19631K(19904K)->19631K(19904K) Class: 4104K(4352K)->4104K(4352K)
[31.960s][info][gc          ] GC(81) Pause Full (System.gc()) 775M->775M(6144M) 333.424ms
[32.310s][info][gc,metaspace] GC(82) Metaspace: 23735K(24256K)->23735K(24256K) NonClass: 19631K(19904K)->19631K(19904K) Class: 4104K(4352K)->4104K(4352K)
[32.310s][info][gc          ] GC(82) Pause Full (System.gc()) 775M->775M(6144M) 349.693ms
[32.664s][info][gc,metaspace] GC(83) Metaspace: 23735K(24256K)->23735K(24256K) NonClass: 19631K(19904K)->19631K(19904K) Class: 4104K(4352K)->4104K(4352K)
[32.664s][info][gc          ] GC(83) Pause Full (System.gc()) 775M->775M(6144M) 354.800ms
[33.025s][info][gc,metaspace] GC(84) Metaspace: 23735K(24256K)->23735K(24256K) NonClass: 19631K(19904K)->19631K(19904K) Class: 4104K(4352K)->4104K(4352K)
[33.026s][info][gc          ] GC(84) Pause Full (System.gc()) 775M->775M(6144M) 356.688ms
[33.384s][info][gc,metaspace] GC(85) Metaspace: 23735K(24256K)->23735K(24256K) NonClass: 19631K(19904K)->19631K(19904K) Class: 4104K(4352K)->4104K(4352K)
[33.384s][info][gc          ] GC(85) Pause Full (System.gc()) 775M->775M(6144M) 358.488ms
[33.711s][info][gc,metaspace] GC(86) Metaspace: 23735K(24256K)->23735K(24256K) NonClass: 19631K(19904K)->19631K(19904K) Class: 4104K(4352K)->4104K(4352K)
[33.711s][info][gc          ] GC(86) Pause Full (System.gc()) 775M->775M(6144M) 326.488ms
[34.029s][info][gc,metaspace] GC(87) Metaspace: 23735K(24256K)->23735K(24256K) NonClass: 19631K(19904K)->19631K(19904K) Class: 4104K(4352K)->4104K(4352K)
[34.029s][info][gc          ] GC(87) Pause Full (System.gc()) 775M->775M(6144M) 318.626ms
[34.374s][info][gc,metaspace] GC(88) Metaspace: 23735K(24256K)->23735K(24256K) NonClass: 19631K(19904K)->19631K(19904K) Class: 4104K(4352K)->4104K(4352K)
[34.374s][info][gc          ] GC(88) Pause Full (System.gc()) 775M->775M(6144M) 344.702ms
[34.700s][info][gc,metaspace] GC(89) Metaspace: 23735K(24256K)->23735K(24256K) NonClass: 19631K(19904K)->19631K(19904K) Class: 4104K(4352K)->4104K(4352K)
[34.700s][info][gc          ] GC(89) Pause Full (System.gc()) 775M->775M(6144M) 326.338ms
[35.052s][info][gc,metaspace] GC(90) Metaspace: 23735K(24256K)->23735K(24256K) NonClass: 19631K(19904K)->19631K(19904K) Class: 4104K(4352K)->4104K(4352K)
[35.052s][info][gc          ] GC(90) Pause Full (System.gc()) 775M->775M(6144M) 351.582ms
[35.391s][info][gc,metaspace] GC(91) Metaspace: 23735K(24256K)->23735K(24256K) NonClass: 19631K(19904K)->19631K(19904K) Class: 4104K(4352K)->4104K(4352K)
[35.391s][info][gc          ] GC(91) Pause Full (System.gc()) 775M->775M(6144M) 339.103ms
[35.747s][info][gc,metaspace] GC(92) Metaspace: 23735K(24256K)->23735K(24256K) NonClass: 19631K(19904K)->19631K(19904K) Class: 4104K(4352K)->4104K(4352K)
[35.747s][info][gc          ] GC(92) Pause Full (System.gc()) 775M->775M(6144M) 355.612ms
[36.079s][info][gc,metaspace] GC(93) Metaspace: 23735K(24256K)->23735K(24256K) NonClass: 19631K(19904K)->19631K(19904K) Class: 4104K(4352K)->4104K(4352K)
[36.079s][info][gc          ] GC(93) Pause Full (System.gc()) 775M->775M(6144M) 331.642ms
[36.439s][info][gc,metaspace] GC(94) Metaspace: 23735K(24256K)->23735K(24256K) NonClass: 19631K(19904K)->19631K(19904K) Class: 4104K(4352K)->4104K(4352K)
[36.439s][info][gc          ] GC(94) Pause Full (System.gc()) 775M->775M(6144M) 359.905ms
[36.785s][info][gc,metaspace] GC(95) Metaspace: 23735K(24256K)->23735K(24256K) NonClass: 19631K(19904K)->19631K(19904K) Class: 4104K(4352K)->4104K(4352K)
[36.785s][info][gc          ] GC(95) Pause Full (System.gc()) 775M->775M(6144M) 346.425ms
[37.108s][info][gc,metaspace] GC(96) Metaspace: 23735K(24256K)->23735K(24256K) NonClass: 19631K(19904K)->19631K(19904K) Class: 4104K(4352K)->4104K(4352K)
[37.108s][info][gc          ] GC(96) Pause Full (System.gc()) 775M->775M(6144M) 323.140ms
[37.456s][info][gc,metaspace] GC(97) Metaspace: 23735K(24256K)->23735K(24256K) NonClass: 19631K(19904K)->19631K(19904K) Class: 4104K(4352K)->4104K(4352K)
[37.456s][info][gc          ] GC(97) Pause Full (System.gc()) 775M->775M(6144M) 347.677ms
[37.787s][info][gc,metaspace] GC(98) Metaspace: 23735K(24256K)->23735K(24256K) NonClass: 19631K(19904K)->19631K(19904K) Class: 4104K(4352K)->4104K(4352K)
[37.787s][info][gc          ] GC(98) Pause Full (System.gc()) 775M->775M(6144M) 331.254ms
[38.122s][info][gc,metaspace] GC(99) Metaspace: 23735K(24256K)->23735K(24256K) NonClass: 19631K(19904K)->19631K(19904K) Class: 4104K(4352K)->4104K(4352K)
[38.122s][info][gc          ] GC(99) Pause Full (System.gc()) 775M->775M(6144M) 334.228ms
[38.476s][info][gc,metaspace] GC(100) Metaspace: 23735K(24256K)->23735K(24256K) NonClass: 19631K(19904K)->19631K(19904K) Class: 4104K(4352K)->4104K(4352K)
[38.476s][info][gc          ] GC(100) Pause Full (System.gc()) 775M->775M(6144M) 354.634ms
[38.806s][info][gc,metaspace] GC(101) Metaspace: 23735K(24256K)->23735K(24256K) NonClass: 19631K(19904K)->19631K(19904K) Class: 4104K(4352K)->4104K(4352K)
[38.806s][info][gc          ] GC(101) Pause Full (System.gc()) 775M->775M(6144M) 329.636ms
[39.137s][info][gc,metaspace] GC(102) Metaspace: 23735K(24256K)->23735K(24256K) NonClass: 19631K(19904K)->19631K(19904K) Class: 4104K(4352K)->4104K(4352K)
[39.137s][info][gc          ] GC(102) Pause Full (System.gc()) 775M->775M(6144M) 330.885ms
[39.489s][info][gc,metaspace] GC(103) Metaspace: 23735K(24256K)->23735K(24256K) NonClass: 19631K(19904K)->19631K(19904K) Class: 4104K(4352K)->4104K(4352K)
[39.489s][info][gc          ] GC(103) Pause Full (System.gc()) 775M->775M(6144M) 351.607ms
[39.809s][info][gc,metaspace] GC(104) Metaspace: 23735K(24256K)->23735K(24256K) NonClass: 19631K(19904K)->19631K(19904K) Class: 4104K(4352K)->4104K(4352K)
[39.809s][info][gc          ] GC(104) Pause Full (System.gc()) 775M->775M(6144M) 319.950ms
After GCs... 
