[0.001s][info][metaspace]  - commit_granule_bytes: 65536.
[0.001s][info][metaspace]  - commit_granule_words: 8192.
[0.001s][info][metaspace]  - virtual_space_node_default_size: 8388608.
[0.001s][info][metaspace]  - enlarge_chunks_in_place: 1.
[0.001s][info][metaspace]  - use_allocation_guard: 0.
[0.004s][info][gc       ] Using G1
[0.443s][info][metaspace] Reserving compressed class space anywhere
[0.448s][info][gc,metaspace] CDS archive(s) not mapped
[0.448s][info][gc,metaspace] Compressed class space mapped at: 0x000000001b000000-0x00000000db000000, reserved size: 3221225472
[0.448s][info][gc,metaspace] UseCompressedClassPointers 1, UseCompactObjectHeaders 1, narrow klass pointer bits 22, max shift 10
[0.448s][info][gc,metaspace] Narrow klass base: 0x000000001b000000, Narrow klass shift: 10, Narrow klass range: 0xc0000000
Num Classes: 64
Num Objects per Class: 1048576
Cycles: 100
Class association: random
Generate 64 classes...
Loading 64...[1.404s][info][gc,metaspace] GC(0) Metaspace: 21826K(22144K)->21826K(22144K) NonClass: 18045K(18240K)->18045K(18240K) Class: 3781K(3904K)->3781K(3904K)
[1.404s][info][gc          ] GC(0) Pause Full (System.gc()) 280M->2M(6144M) 14.160ms
Creating 1048576 objects per class...[3.122s][info][gc,metaspace] GC(1) Metaspace: 22046K(22400K)->22046K(22400K) NonClass: 18231K(18432K)->18231K(18432K) Class: 3814K(3968K)->3814K(3968K)
[3.123s][info][gc          ] GC(1) Pause Young (Normal) (G1 Evacuation Pause) 566M->564M(6144M) 197.260ms

Done; will start GCs... 
[4.504s][info][gc,metaspace] GC(2) Metaspace: 22046K(22400K)->22046K(22400K) NonClass: 18231K(18432K)->18231K(18432K) Class: 3814K(3968K)->3814K(3968K)
[4.505s][info][gc          ] GC(2) Pause Full (System.gc()) 780M->774M(6144M) 360.200ms
[4.839s][info][gc,metaspace] GC(3) Metaspace: 22046K(22400K)->22046K(22400K) NonClass: 18231K(18432K)->18231K(18432K) Class: 3814K(3968K)->3814K(3968K)
[4.839s][info][gc          ] GC(3) Pause Full (System.gc()) 774M->774M(6144M) 334.325ms
[5.150s][info][gc,metaspace] GC(4) Metaspace: 22046K(22400K)->22046K(22400K) NonClass: 18231K(18432K)->18231K(18432K) Class: 3814K(3968K)->3814K(3968K)
[5.150s][info][gc          ] GC(4) Pause Full (System.gc()) 774M->774M(6144M) 310.875ms
[5.462s][info][gc,metaspace] GC(5) Metaspace: 22046K(22400K)->22046K(22400K) NonClass: 18231K(18432K)->18231K(18432K) Class: 3814K(3968K)->3814K(3968K)
[5.462s][info][gc          ] GC(5) Pause Full (System.gc()) 774M->774M(6144M) 312.380ms
[5.803s][info][gc,metaspace] GC(6) Metaspace: 22046K(22400K)->22046K(22400K) NonClass: 18231K(18432K)->18231K(18432K) Class: 3814K(3968K)->3814K(3968K)
[5.803s][info][gc          ] GC(6) Pause Full (System.gc()) 774M->774M(6144M) 340.314ms
[6.110s][info][gc,metaspace] GC(7) Metaspace: 22046K(22400K)->22046K(22400K) NonClass: 18231K(18432K)->18231K(18432K) Class: 3814K(3968K)->3814K(3968K)
[6.110s][info][gc          ] GC(7) Pause Full (System.gc()) 774M->774M(6144M) 307.364ms
[6.427s][info][gc,metaspace] GC(8) Metaspace: 22046K(22400K)->22046K(22400K) NonClass: 18231K(18432K)->18231K(18432K) Class: 3814K(3968K)->3814K(3968K)
[6.427s][info][gc          ] GC(8) Pause Full (System.gc()) 774M->774M(6144M) 316.647ms
[6.805s][info][gc,metaspace] GC(9) Metaspace: 22046K(22400K)->22046K(22400K) NonClass: 18231K(18432K)->18231K(18432K) Class: 3814K(3968K)->3814K(3968K)
[6.805s][info][gc          ] GC(9) Pause Full (System.gc()) 774M->774M(6144M) 374.032ms
[7.137s][info][gc,metaspace] GC(10) Metaspace: 22046K(22400K)->22046K(22400K) NonClass: 18231K(18432K)->18231K(18432K) Class: 3814K(3968K)->3814K(3968K)
[7.137s][info][gc          ] GC(10) Pause Full (System.gc()) 774M->774M(6144M) 331.239ms
[7.450s][info][gc,metaspace] GC(11) Metaspace: 22046K(22400K)->22046K(22400K) NonClass: 18231K(18432K)->18231K(18432K) Class: 3814K(3968K)->3814K(3968K)
[7.450s][info][gc          ] GC(11) Pause Full (System.gc()) 774M->774M(6144M) 313.219ms
[7.754s][info][gc,metaspace] GC(12) Metaspace: 22046K(22400K)->22046K(22400K) NonClass: 18231K(18432K)->18231K(18432K) Class: 3814K(3968K)->3814K(3968K)
[7.754s][info][gc          ] GC(12) Pause Full (System.gc()) 774M->774M(6144M) 303.728ms
[8.094s][info][gc,metaspace] GC(13) Metaspace: 22046K(22400K)->22046K(22400K) NonClass: 18231K(18432K)->18231K(18432K) Class: 3814K(3968K)->3814K(3968K)
[8.094s][info][gc          ] GC(13) Pause Full (System.gc()) 774M->774M(6144M) 339.994ms
[8.410s][info][gc,metaspace] GC(14) Metaspace: 22047K(22400K)->22047K(22400K) NonClass: 18232K(18432K)->18232K(18432K) Class: 3814K(3968K)->3814K(3968K)
[8.410s][info][gc          ] GC(14) Pause Full (System.gc()) 774M->774M(6144M) 315.807ms
[8.728s][info][gc,metaspace] GC(15) Metaspace: 22047K(22400K)->22047K(22400K) NonClass: 18232K(18432K)->18232K(18432K) Class: 3814K(3968K)->3814K(3968K)
[8.729s][info][gc          ] GC(15) Pause Full (System.gc()) 774M->774M(6144M) 318.511ms
[9.045s][info][gc,metaspace] GC(16) Metaspace: 22047K(22400K)->22047K(22400K) NonClass: 18232K(18432K)->18232K(18432K) Class: 3814K(3968K)->3814K(3968K)
[9.045s][info][gc          ] GC(16) Pause Full (System.gc()) 774M->774M(6144M) 316.413ms
[9.358s][info][gc,metaspace] GC(17) Metaspace: 22047K(22400K)->22047K(22400K) NonClass: 18232K(18432K)->18232K(18432K) Class: 3814K(3968K)->3814K(3968K)
[9.358s][info][gc          ] GC(17) Pause Full (System.gc()) 774M->774M(6144M) 312.948ms
[9.665s][info][gc,metaspace] GC(18) Metaspace: 22047K(22400K)->22047K(22400K) NonClass: 18232K(18432K)->18232K(18432K) Class: 3814K(3968K)->3814K(3968K)
[9.665s][info][gc          ] GC(18) Pause Full (System.gc()) 774M->774M(6144M) 307.044ms
[9.992s][info][gc,metaspace] GC(19) Metaspace: 22047K(22400K)->22047K(22400K) NonClass: 18232K(18432K)->18232K(18432K) Class: 3814K(3968K)->3814K(3968K)
[9.993s][info][gc          ] GC(19) Pause Full (System.gc()) 774M->774M(6144M) 327.232ms
[10.307s][info][gc,metaspace] GC(20) Metaspace: 22047K(22400K)->22047K(22400K) NonClass: 18232K(18432K)->18232K(18432K) Class: 3814K(3968K)->3814K(3968K)
[10.307s][info][gc          ] GC(20) Pause Full (System.gc()) 774M->774M(6144M) 314.213ms
[10.609s][info][gc,metaspace] GC(21) Metaspace: 22047K(22400K)->22047K(22400K) NonClass: 18232K(18432K)->18232K(18432K) Class: 3814K(3968K)->3814K(3968K)
[10.609s][info][gc          ] GC(21) Pause Full (System.gc()) 774M->774M(6144M) 302.627ms
[10.945s][info][gc,metaspace] GC(22) Metaspace: 22047K(22400K)->22047K(22400K) NonClass: 18232K(18432K)->18232K(18432K) Class: 3814K(3968K)->3814K(3968K)
[10.945s][info][gc          ] GC(22) Pause Full (System.gc()) 774M->774M(6144M) 335.088ms
[11.256s][info][gc,metaspace] GC(23) Metaspace: 22047K(22400K)->22047K(22400K) NonClass: 18232K(18432K)->18232K(18432K) Class: 3814K(3968K)->3814K(3968K)
[11.256s][info][gc          ] GC(23) Pause Full (System.gc()) 774M->774M(6144M) 311.209ms
[11.556s][info][gc,metaspace] GC(24) Metaspace: 22047K(22400K)->22047K(22400K) NonClass: 18232K(18432K)->18232K(18432K) Class: 3814K(3968K)->3814K(3968K)
[11.556s][info][gc          ] GC(24) Pause Full (System.gc()) 774M->774M(6144M) 300.009ms
[11.890s][info][gc,metaspace] GC(25) Metaspace: 22047K(22400K)->22047K(22400K) NonClass: 18232K(18432K)->18232K(18432K) Class: 3814K(3968K)->3814K(3968K)
[11.890s][info][gc          ] GC(25) Pause Full (System.gc()) 774M->774M(6144M) 334.394ms
[12.206s][info][gc,metaspace] GC(26) Metaspace: 22047K(22400K)->22047K(22400K) NonClass: 18232K(18432K)->18232K(18432K) Class: 3814K(3968K)->3814K(3968K)
[12.206s][info][gc          ] GC(26) Pause Full (System.gc()) 774M->774M(6144M) 315.433ms
[12.540s][info][gc,metaspace] GC(27) Metaspace: 22047K(22400K)->22047K(22400K) NonClass: 18232K(18432K)->18232K(18432K) Class: 3814K(3968K)->3814K(3968K)
[12.540s][info][gc          ] GC(27) Pause Full (System.gc()) 774M->774M(6144M) 333.951ms
[12.905s][info][gc,metaspace] GC(28) Metaspace: 22047K(22400K)->22047K(22400K) NonClass: 18232K(18432K)->18232K(18432K) Class: 3814K(3968K)->3814K(3968K)
[12.905s][info][gc          ] GC(28) Pause Full (System.gc()) 774M->774M(6144M) 365.229ms
[13.242s][info][gc,metaspace] GC(29) Metaspace: 22047K(22400K)->22047K(22400K) NonClass: 18232K(18432K)->18232K(18432K) Class: 3814K(3968K)->3814K(3968K)
[13.242s][info][gc          ] GC(29) Pause Full (System.gc()) 774M->774M(6144M) 337.039ms
[13.565s][info][gc,metaspace] GC(30) Metaspace: 22047K(22400K)->22047K(22400K) NonClass: 18232K(18432K)->18232K(18432K) Class: 3814K(3968K)->3814K(3968K)
[13.565s][info][gc          ] GC(30) Pause Full (System.gc()) 774M->774M(6144M) 322.196ms
[13.897s][info][gc,metaspace] GC(31) Metaspace: 22047K(22400K)->22047K(22400K) NonClass: 18232K(18432K)->18232K(18432K) Class: 3814K(3968K)->3814K(3968K)
[13.897s][info][gc          ] GC(31) Pause Full (System.gc()) 774M->774M(6144M) 332.161ms
[14.209s][info][gc,metaspace] GC(32) Metaspace: 22047K(22400K)->22047K(22400K) NonClass: 18232K(18432K)->18232K(18432K) Class: 3814K(3968K)->3814K(3968K)
[14.209s][info][gc          ] GC(32) Pause Full (System.gc()) 774M->774M(6144M) 311.921ms
[14.531s][info][gc,metaspace] GC(33) Metaspace: 22047K(22400K)->22047K(22400K) NonClass: 18232K(18432K)->18232K(18432K) Class: 3814K(3968K)->3814K(3968K)
[14.531s][info][gc          ] GC(33) Pause Full (System.gc()) 774M->774M(6144M) 321.728ms
[14.872s][info][gc,metaspace] GC(34) Metaspace: 22047K(22400K)->22047K(22400K) NonClass: 18232K(18432K)->18232K(18432K) Class: 3814K(3968K)->3814K(3968K)
[14.872s][info][gc          ] GC(34) Pause Full (System.gc()) 774M->774M(6144M) 341.438ms
[15.184s][info][gc,metaspace] GC(35) Metaspace: 22047K(22400K)->22047K(22400K) NonClass: 18232K(18432K)->18232K(18432K) Class: 3814K(3968K)->3814K(3968K)
[15.184s][info][gc          ] GC(35) Pause Full (System.gc()) 774M->774M(6144M) 312.259ms
[15.493s][info][gc,metaspace] GC(36) Metaspace: 22047K(22400K)->22047K(22400K) NonClass: 18232K(18432K)->18232K(18432K) Class: 3814K(3968K)->3814K(3968K)
[15.493s][info][gc          ] GC(36) Pause Full (System.gc()) 774M->774M(6144M) 308.655ms
[15.816s][info][gc,metaspace] GC(37) Metaspace: 22047K(22400K)->22047K(22400K) NonClass: 18232K(18432K)->18232K(18432K) Class: 3814K(3968K)->3814K(3968K)
[15.816s][info][gc          ] GC(37) Pause Full (System.gc()) 774M->774M(6144M) 322.826ms
[16.118s][info][gc,metaspace] GC(38) Metaspace: 22047K(22400K)->22047K(22400K) NonClass: 18232K(18432K)->18232K(18432K) Class: 3814K(3968K)->3814K(3968K)
[16.118s][info][gc          ] GC(38) Pause Full (System.gc()) 774M->774M(6144M) 301.764ms
[16.435s][info][gc,metaspace] GC(39) Metaspace: 22047K(22400K)->22047K(22400K) NonClass: 18232K(18432K)->18232K(18432K) Class: 3814K(3968K)->3814K(3968K)
[16.435s][info][gc          ] GC(39) Pause Full (System.gc()) 774M->774M(6144M) 316.967ms
[16.743s][info][gc,metaspace] GC(40) Metaspace: 22047K(22400K)->22047K(22400K) NonClass: 18232K(18432K)->18232K(18432K) Class: 3814K(3968K)->3814K(3968K)
[16.743s][info][gc          ] GC(40) Pause Full (System.gc()) 774M->774M(6144M) 308.616ms
[17.087s][info][gc,metaspace] GC(41) Metaspace: 22047K(22400K)->22047K(22400K) NonClass: 18232K(18432K)->18232K(18432K) Class: 3814K(3968K)->3814K(3968K)
[17.087s][info][gc          ] GC(41) Pause Full (System.gc()) 774M->774M(6144M) 339.661ms
[17.406s][info][gc,metaspace] GC(42) Metaspace: 22047K(22400K)->22047K(22400K) NonClass: 18232K(18432K)->18232K(18432K) Class: 3814K(3968K)->3814K(3968K)
[17.406s][info][gc          ] GC(42) Pause Full (System.gc()) 774M->774M(6144M) 318.136ms
[17.705s][info][gc,metaspace] GC(43) Metaspace: 22047K(22400K)->22047K(22400K) NonClass: 18232K(18432K)->18232K(18432K) Class: 3814K(3968K)->3814K(3968K)
[17.705s][info][gc          ] GC(43) Pause Full (System.gc()) 774M->774M(6144M) 299.209ms
[18.025s][info][gc,metaspace] GC(44) Metaspace: 22047K(22400K)->22047K(22400K) NonClass: 18232K(18432K)->18232K(18432K) Class: 3814K(3968K)->3814K(3968K)
[18.025s][info][gc          ] GC(44) Pause Full (System.gc()) 774M->774M(6144M) 320.244ms
[18.337s][info][gc,metaspace] GC(45) Metaspace: 22047K(22400K)->22047K(22400K) NonClass: 18232K(18432K)->18232K(18432K) Class: 3814K(3968K)->3814K(3968K)
[18.337s][info][gc          ] GC(45) Pause Full (System.gc()) 774M->774M(6144M) 311.894ms
[18.642s][info][gc,metaspace] GC(46) Metaspace: 22047K(22400K)->22047K(22400K) NonClass: 18232K(18432K)->18232K(18432K) Class: 3814K(3968K)->3814K(3968K)
[18.642s][info][gc          ] GC(46) Pause Full (System.gc()) 774M->774M(6144M) 305.113ms
[18.964s][info][gc,metaspace] GC(47) Metaspace: 22047K(22400K)->22047K(22400K) NonClass: 18232K(18432K)->18232K(18432K) Class: 3814K(3968K)->3814K(3968K)
[18.964s][info][gc          ] GC(47) Pause Full (System.gc()) 774M->774M(6144M) 321.269ms
[19.279s][info][gc,metaspace] GC(48) Metaspace: 22047K(22400K)->22047K(22400K) NonClass: 18232K(18432K)->18232K(18432K) Class: 3814K(3968K)->3814K(3968K)
[19.279s][info][gc          ] GC(48) Pause Full (System.gc()) 774M->774M(6144M) 314.996ms
[19.583s][info][gc,metaspace] GC(49) Metaspace: 22047K(22400K)->22047K(22400K) NonClass: 18232K(18432K)->18232K(18432K) Class: 3814K(3968K)->3814K(3968K)
[19.583s][info][gc          ] GC(49) Pause Full (System.gc()) 774M->774M(6144M) 304.190ms
[19.926s][info][gc,metaspace] GC(50) Metaspace: 22047K(22400K)->22047K(22400K) NonClass: 18232K(18432K)->18232K(18432K) Class: 3814K(3968K)->3814K(3968K)
[19.927s][info][gc          ] GC(50) Pause Full (System.gc()) 774M->774M(6144M) 343.492ms
[20.240s][info][gc,metaspace] GC(51) Metaspace: 22047K(22400K)->22047K(22400K) NonClass: 18232K(18432K)->18232K(18432K) Class: 3814K(3968K)->3814K(3968K)
[20.240s][info][gc          ] GC(51) Pause Full (System.gc()) 774M->774M(6144M) 313.465ms
[20.563s][info][gc,metaspace] GC(52) Metaspace: 22047K(22400K)->22047K(22400K) NonClass: 18232K(18432K)->18232K(18432K) Class: 3814K(3968K)->3814K(3968K)
[20.563s][info][gc          ] GC(52) Pause Full (System.gc()) 774M->774M(6144M) 323.262ms
[20.891s][info][gc,metaspace] GC(53) Metaspace: 22047K(22400K)->22047K(22400K) NonClass: 18232K(18432K)->18232K(18432K) Class: 3814K(3968K)->3814K(3968K)
[20.891s][info][gc          ] GC(53) Pause Full (System.gc()) 774M->774M(6144M) 327.792ms
[21.199s][info][gc,metaspace] GC(54) Metaspace: 22047K(22400K)->22047K(22400K) NonClass: 18232K(18432K)->18232K(18432K) Class: 3814K(3968K)->3814K(3968K)
[21.199s][info][gc          ] GC(54) Pause Full (System.gc()) 774M->774M(6144M) 307.708ms
[21.520s][info][gc,metaspace] GC(55) Metaspace: 22047K(22400K)->22047K(22400K) NonClass: 18232K(18432K)->18232K(18432K) Class: 3814K(3968K)->3814K(3968K)
[21.520s][info][gc          ] GC(55) Pause Full (System.gc()) 774M->774M(6144M) 321.197ms
[21.868s][info][gc,metaspace] GC(56) Metaspace: 22047K(22400K)->22047K(22400K) NonClass: 18232K(18432K)->18232K(18432K) Class: 3814K(3968K)->3814K(3968K)
[21.868s][info][gc          ] GC(56) Pause Full (System.gc()) 774M->774M(6144M) 348.185ms
[22.212s][info][gc,metaspace] GC(57) Metaspace: 22047K(22400K)->22047K(22400K) NonClass: 18232K(18432K)->18232K(18432K) Class: 3814K(3968K)->3814K(3968K)
[22.212s][info][gc          ] GC(57) Pause Full (System.gc()) 774M->774M(6144M) 339.483ms
[22.519s][info][gc,metaspace] GC(58) Metaspace: 22047K(22400K)->22047K(22400K) NonClass: 18232K(18432K)->18232K(18432K) Class: 3814K(3968K)->3814K(3968K)
[22.520s][info][gc          ] GC(58) Pause Full (System.gc()) 774M->774M(6144M) 307.180ms
[22.839s][info][gc,metaspace] GC(59) Metaspace: 22047K(22400K)->22047K(22400K) NonClass: 18232K(18432K)->18232K(18432K) Class: 3814K(3968K)->3814K(3968K)
[22.839s][info][gc          ] GC(59) Pause Full (System.gc()) 774M->774M(6144M) 319.811ms
[23.156s][info][gc,metaspace] GC(60) Metaspace: 22047K(22400K)->22047K(22400K) NonClass: 18232K(18432K)->18232K(18432K) Class: 3814K(3968K)->3814K(3968K)
[23.157s][info][gc          ] GC(60) Pause Full (System.gc()) 774M->774M(6144M) 317.080ms
[23.474s][info][gc,metaspace] GC(61) Metaspace: 22047K(22400K)->22047K(22400K) NonClass: 18232K(18432K)->18232K(18432K) Class: 3814K(3968K)->3814K(3968K)
[23.474s][info][gc          ] GC(61) Pause Full (System.gc()) 774M->774M(6144M) 317.368ms
[23.815s][info][gc,metaspace] GC(62) Metaspace: 22047K(22400K)->22047K(22400K) NonClass: 18232K(18432K)->18232K(18432K) Class: 3814K(3968K)->3814K(3968K)
[23.815s][info][gc          ] GC(62) Pause Full (System.gc()) 774M->774M(6144M) 340.766ms
[24.165s][info][gc,metaspace] GC(63) Metaspace: 22047K(22400K)->22047K(22400K) NonClass: 18232K(18432K)->18232K(18432K) Class: 3814K(3968K)->3814K(3968K)
[24.165s][info][gc          ] GC(63) Pause Full (System.gc()) 774M->774M(6144M) 350.376ms
[24.473s][info][gc,metaspace] GC(64) Metaspace: 22047K(22400K)->22047K(22400K) NonClass: 18232K(18432K)->18232K(18432K) Class: 3814K(3968K)->3814K(3968K)
[24.473s][info][gc          ] GC(64) Pause Full (System.gc()) 774M->774M(6144M) 308.039ms
[24.818s][info][gc,metaspace] GC(65) Metaspace: 22047K(22400K)->22047K(22400K) NonClass: 18232K(18432K)->18232K(18432K) Class: 3814K(3968K)->3814K(3968K)
[24.818s][info][gc          ] GC(65) Pause Full (System.gc()) 774M->774M(6144M) 344.639ms
[25.133s][info][gc,metaspace] GC(66) Metaspace: 22047K(22400K)->22047K(22400K) NonClass: 18232K(18432K)->18232K(18432K) Class: 3814K(3968K)->3814K(3968K)
[25.133s][info][gc          ] GC(66) Pause Full (System.gc()) 774M->774M(6144M) 314.705ms
[25.447s][info][gc,metaspace] GC(67) Metaspace: 22047K(22400K)->22047K(22400K) NonClass: 18232K(18432K)->18232K(18432K) Class: 3814K(3968K)->3814K(3968K)
[25.447s][info][gc          ] GC(67) Pause Full (System.gc()) 774M->774M(6144M) 313.825ms
[25.761s][info][gc,metaspace] GC(68) Metaspace: 22047K(22400K)->22047K(22400K) NonClass: 18232K(18432K)->18232K(18432K) Class: 3814K(3968K)->3814K(3968K)
[25.761s][info][gc          ] GC(68) Pause Full (System.gc()) 774M->774M(6144M) 314.522ms
[26.078s][info][gc,metaspace] GC(69) Metaspace: 22047K(22400K)->22047K(22400K) NonClass: 18232K(18432K)->18232K(18432K) Class: 3814K(3968K)->3814K(3968K)
[26.078s][info][gc          ] GC(69) Pause Full (System.gc()) 774M->774M(6144M) 317.068ms
[26.385s][info][gc,metaspace] GC(70) Metaspace: 22047K(22400K)->22047K(22400K) NonClass: 18232K(18432K)->18232K(18432K) Class: 3814K(3968K)->3814K(3968K)
[26.385s][info][gc          ] GC(70) Pause Full (System.gc()) 774M->774M(6144M) 306.498ms
[26.694s][info][gc,metaspace] GC(71) Metaspace: 22047K(22400K)->22047K(22400K) NonClass: 18232K(18432K)->18232K(18432K) Class: 3814K(3968K)->3814K(3968K)
[26.694s][info][gc          ] GC(71) Pause Full (System.gc()) 774M->774M(6144M) 309.213ms
[27.019s][info][gc,metaspace] GC(72) Metaspace: 22047K(22400K)->22047K(22400K) NonClass: 18232K(18432K)->18232K(18432K) Class: 3814K(3968K)->3814K(3968K)
[27.019s][info][gc          ] GC(72) Pause Full (System.gc()) 774M->774M(6144M) 324.700ms
[27.357s][info][gc,metaspace] GC(73) Metaspace: 22047K(22400K)->22047K(22400K) NonClass: 18232K(18432K)->18232K(18432K) Class: 3814K(3968K)->3814K(3968K)
[27.358s][info][gc          ] GC(73) Pause Full (System.gc()) 774M->774M(6144M) 334.275ms
[27.670s][info][gc,metaspace] GC(74) Metaspace: 22047K(22400K)->22047K(22400K) NonClass: 18232K(18432K)->18232K(18432K) Class: 3814K(3968K)->3814K(3968K)
[27.670s][info][gc          ] GC(74) Pause Full (System.gc()) 774M->774M(6144M) 312.259ms
[27.993s][info][gc,metaspace] GC(75) Metaspace: 22047K(22400K)->22047K(22400K) NonClass: 18232K(18432K)->18232K(18432K) Class: 3814K(3968K)->3814K(3968K)
[27.993s][info][gc          ] GC(75) Pause Full (System.gc()) 774M->774M(6144M) 323.514ms
[28.296s][info][gc,metaspace] GC(76) Metaspace: 22047K(22400K)->22047K(22400K) NonClass: 18232K(18432K)->18232K(18432K) Class: 3814K(3968K)->3814K(3968K)
[28.296s][info][gc          ] GC(76) Pause Full (System.gc()) 774M->774M(6144M) 302.404ms
[28.614s][info][gc,metaspace] GC(77) Metaspace: 22047K(22400K)->22047K(22400K) NonClass: 18232K(18432K)->18232K(18432K) Class: 3814K(3968K)->3814K(3968K)
[28.614s][info][gc          ] GC(77) Pause Full (System.gc()) 774M->774M(6144M) 317.822ms
[28.939s][info][gc,metaspace] GC(78) Metaspace: 22047K(22400K)->22047K(22400K) NonClass: 18232K(18432K)->18232K(18432K) Class: 3814K(3968K)->3814K(3968K)
[28.939s][info][gc          ] GC(78) Pause Full (System.gc()) 774M->774M(6144M) 325.557ms
[29.245s][info][gc,metaspace] GC(79) Metaspace: 22047K(22400K)->22047K(22400K) NonClass: 18232K(18432K)->18232K(18432K) Class: 3814K(3968K)->3814K(3968K)
[29.245s][info][gc          ] GC(79) Pause Full (System.gc()) 774M->774M(6144M) 305.900ms
[29.563s][info][gc,metaspace] GC(80) Metaspace: 22047K(22400K)->22047K(22400K) NonClass: 18232K(18432K)->18232K(18432K) Class: 3814K(3968K)->3814K(3968K)
[29.563s][info][gc          ] GC(80) Pause Full (System.gc()) 774M->774M(6144M) 317.790ms
[29.900s][info][gc,metaspace] GC(81) Metaspace: 22047K(22400K)->22047K(22400K) NonClass: 18232K(18432K)->18232K(18432K) Class: 3814K(3968K)->3814K(3968K)
[29.900s][info][gc          ] GC(81) Pause Full (System.gc()) 774M->774M(6144M) 336.773ms
[30.222s][info][gc,metaspace] GC(82) Metaspace: 22047K(22400K)->22047K(22400K) NonClass: 18232K(18432K)->18232K(18432K) Class: 3814K(3968K)->3814K(3968K)
[30.222s][info][gc          ] GC(82) Pause Full (System.gc()) 774M->774M(6144M) 321.730ms
[30.530s][info][gc,metaspace] GC(83) Metaspace: 22047K(22400K)->22047K(22400K) NonClass: 18232K(18432K)->18232K(18432K) Class: 3814K(3968K)->3814K(3968K)
[30.530s][info][gc          ] GC(83) Pause Full (System.gc()) 774M->774M(6144M) 307.986ms
[30.873s][info][gc,metaspace] GC(84) Metaspace: 22047K(22400K)->22047K(22400K) NonClass: 18232K(18432K)->18232K(18432K) Class: 3814K(3968K)->3814K(3968K)
[30.873s][info][gc          ] GC(84) Pause Full (System.gc()) 774M->774M(6144M) 343.114ms
[31.175s][info][gc,metaspace] GC(85) Metaspace: 22047K(22400K)->22047K(22400K) NonClass: 18232K(18432K)->18232K(18432K) Class: 3814K(3968K)->3814K(3968K)
[31.175s][info][gc          ] GC(85) Pause Full (System.gc()) 774M->774M(6144M) 301.851ms
[31.486s][info][gc,metaspace] GC(86) Metaspace: 22047K(22400K)->22047K(22400K) NonClass: 18232K(18432K)->18232K(18432K) Class: 3814K(3968K)->3814K(3968K)
[31.487s][info][gc          ] GC(86) Pause Full (System.gc()) 774M->774M(6144M) 311.593ms
[31.829s][info][gc,metaspace] GC(87) Metaspace: 22047K(22400K)->22047K(22400K) NonClass: 18232K(18432K)->18232K(18432K) Class: 3814K(3968K)->3814K(3968K)
[31.829s][info][gc          ] GC(87) Pause Full (System.gc()) 774M->774M(6144M) 342.594ms
[32.144s][info][gc,metaspace] GC(88) Metaspace: 22047K(22400K)->22047K(22400K) NonClass: 18232K(18432K)->18232K(18432K) Class: 3814K(3968K)->3814K(3968K)
[32.144s][info][gc          ] GC(88) Pause Full (System.gc()) 774M->774M(6144M) 314.347ms
[32.495s][info][gc,metaspace] GC(89) Metaspace: 22047K(22400K)->22047K(22400K) NonClass: 18232K(18432K)->18232K(18432K) Class: 3814K(3968K)->3814K(3968K)
[32.495s][info][gc          ] GC(89) Pause Full (System.gc()) 774M->774M(6144M) 347.007ms
[32.821s][info][gc,metaspace] GC(90) Metaspace: 22047K(22400K)->22047K(22400K) NonClass: 18232K(18432K)->18232K(18432K) Class: 3814K(3968K)->3814K(3968K)
[32.821s][info][gc          ] GC(90) Pause Full (System.gc()) 774M->774M(6144M) 326.189ms
[33.138s][info][gc,metaspace] GC(91) Metaspace: 22047K(22400K)->22047K(22400K) NonClass: 18232K(18432K)->18232K(18432K) Class: 3814K(3968K)->3814K(3968K)
[33.138s][info][gc          ] GC(91) Pause Full (System.gc()) 774M->774M(6144M) 316.898ms
[33.439s][info][gc,metaspace] GC(92) Metaspace: 22047K(22400K)->22047K(22400K) NonClass: 18232K(18432K)->18232K(18432K) Class: 3814K(3968K)->3814K(3968K)
[33.439s][info][gc          ] GC(92) Pause Full (System.gc()) 774M->774M(6144M) 301.162ms
[33.750s][info][gc,metaspace] GC(93) Metaspace: 22047K(22400K)->22047K(22400K) NonClass: 18232K(18432K)->18232K(18432K) Class: 3814K(3968K)->3814K(3968K)
[33.750s][info][gc          ] GC(93) Pause Full (System.gc()) 774M->774M(6144M) 311.064ms
[34.078s][info][gc,metaspace] GC(94) Metaspace: 22047K(22400K)->22047K(22400K) NonClass: 18232K(18432K)->18232K(18432K) Class: 3814K(3968K)->3814K(3968K)
[34.078s][info][gc          ] GC(94) Pause Full (System.gc()) 774M->774M(6144M) 327.076ms
[34.381s][info][gc,metaspace] GC(95) Metaspace: 22047K(22400K)->22047K(22400K) NonClass: 18232K(18432K)->18232K(18432K) Class: 3814K(3968K)->3814K(3968K)
[34.381s][info][gc          ] GC(95) Pause Full (System.gc()) 774M->774M(6144M) 303.676ms
[34.701s][info][gc,metaspace] GC(96) Metaspace: 22047K(22400K)->22047K(22400K) NonClass: 18232K(18432K)->18232K(18432K) Class: 3814K(3968K)->3814K(3968K)
[34.701s][info][gc          ] GC(96) Pause Full (System.gc()) 774M->774M(6144M) 319.381ms
[35.030s][info][gc,metaspace] GC(97) Metaspace: 22047K(22400K)->22047K(22400K) NonClass: 18232K(18432K)->18232K(18432K) Class: 3814K(3968K)->3814K(3968K)
[35.030s][info][gc          ] GC(97) Pause Full (System.gc()) 774M->774M(6144M) 329.396ms
[35.343s][info][gc,metaspace] GC(98) Metaspace: 22047K(22400K)->22047K(22400K) NonClass: 18232K(18432K)->18232K(18432K) Class: 3814K(3968K)->3814K(3968K)
[35.343s][info][gc          ] GC(98) Pause Full (System.gc()) 774M->774M(6144M) 312.956ms
[35.652s][info][gc,metaspace] GC(99) Metaspace: 22047K(22400K)->22047K(22400K) NonClass: 18232K(18432K)->18232K(18432K) Class: 3814K(3968K)->3814K(3968K)
[35.652s][info][gc          ] GC(99) Pause Full (System.gc()) 774M->774M(6144M) 308.980ms
[35.971s][info][gc,metaspace] GC(100) Metaspace: 22047K(22400K)->22047K(22400K) NonClass: 18232K(18432K)->18232K(18432K) Class: 3814K(3968K)->3814K(3968K)
[35.971s][info][gc          ] GC(100) Pause Full (System.gc()) 774M->774M(6144M) 319.083ms
[36.283s][info][gc,metaspace] GC(101) Metaspace: 22047K(22400K)->22047K(22400K) NonClass: 18232K(18432K)->18232K(18432K) Class: 3814K(3968K)->3814K(3968K)
[36.283s][info][gc          ] GC(101) Pause Full (System.gc()) 774M->774M(6144M) 311.653ms
After GCs... 
