Done; will start GCs... 
[17.022s][info][gc,metaspace] GC(16) Metaspace: 16494K(17664K)->16494K(17664K) NonClass: 13150K(13696K)->13150K(13696K) Class: 3343K(3968K)->3343K(3968K)
[17.022s][info][gc          ] GC(16) Pause Full (System.gc()) 1593M->1573M(5632M) 691.407ms
[17.742s][info][gc,metaspace] GC(17) Metaspace: 16494K(17664K)->16494K(17664K) NonClass: 13150K(13696K)->13150K(13696K) Class: 3343K(3968K)->3343K(3968K)
[17.742s][info][gc          ] GC(17) Pause Full (System.gc()) 1573M->1573M(5632M) 720.445ms
[18.483s][info][gc,metaspace] GC(18) Metaspace: 16494K(17664K)->16494K(17664K) NonClass: 13150K(13696K)->13150K(13696K) Class: 3343K(3968K)->3343K(3968K)
[18.483s][info][gc          ] GC(18) Pause Full (System.gc()) 1573M->1573M(5632M) 740.846ms
[19.191s][info][gc,metaspace] GC(19) Metaspace: 16494K(17664K)->16494K(17664K) NonClass: 13150K(13696K)->13150K(13696K) Class: 3343K(3968K)->3343K(3968K)
[19.191s][info][gc          ] GC(19) Pause Full (System.gc()) 1573M->1573M(5632M) 707.550ms
[19.903s][info][gc,metaspace] GC(20) Metaspace: 16494K(17664K)->16494K(17664K) NonClass: 13150K(13696K)->13150K(13696K) Class: 3343K(3968K)->3343K(3968K)
[19.903s][info][gc          ] GC(20) Pause Full (System.gc()) 1573M->1573M(5632M) 711.906ms
[20.723s][info][gc,metaspace] GC(21) Metaspace: 16494K(17664K)->16494K(17664K) NonClass: 13150K(13696K)->13150K(13696K) Class: 3343K(3968K)->3343K(3968K)
[20.723s][info][gc          ] GC(21) Pause Full (System.gc()) 1573M->1573M(5632M) 819.862ms
[21.445s][info][gc,metaspace] GC(22) Metaspace: 16494K(17664K)->16494K(17664K) NonClass: 13150K(13696K)->13150K(13696K) Class: 3343K(3968K)->3343K(3968K)
[21.445s][info][gc          ] GC(22) Pause Full (System.gc()) 1573M->1573M(5632M) 718.193ms
[22.144s][info][gc,metaspace] GC(23) Metaspace: 16494K(17664K)->16494K(17664K) NonClass: 13150K(13696K)->13150K(13696K) Class: 3343K(3968K)->3343K(3968K)
[22.144s][info][gc          ] GC(23) Pause Full (System.gc()) 1573M->1573M(5632M) 698.493ms
[22.862s][info][gc,metaspace] GC(24) Metaspace: 16494K(17664K)->16494K(17664K) NonClass: 13150K(13696K)->13150K(13696K) Class: 3343K(3968K)->3343K(3968K)
[22.862s][info][gc          ] GC(24) Pause Full (System.gc()) 1573M->1573M(5632M) 718.477ms
[23.588s][info][gc,metaspace] GC(25) Metaspace: 16494K(17664K)->16494K(17664K) NonClass: 13150K(13696K)->13150K(13696K) Class: 3343K(3968K)->3343K(3968K)
[23.589s][info][gc          ] GC(25) Pause Full (System.gc()) 1573M->1573M(5632M) 726.036ms
[24.327s][info][gc,metaspace] GC(26) Metaspace: 16494K(17664K)->16494K(17664K) NonClass: 13150K(13696K)->13150K(13696K) Class: 3343K(3968K)->3343K(3968K)
[24.327s][info][gc          ] GC(26) Pause Full (System.gc()) 1573M->1573M(5632M) 738.260ms
[25.059s][info][gc,metaspace] GC(27) Metaspace: 16494K(17664K)->16494K(17664K) NonClass: 13150K(13696K)->13150K(13696K) Class: 3343K(3968K)->3343K(3968K)
[25.059s][info][gc          ] GC(27) Pause Full (System.gc()) 1573M->1573M(5632M) 732.118ms
[25.790s][info][gc,metaspace] GC(28) Metaspace: 16494K(17664K)->16494K(17664K) NonClass: 13150K(13696K)->13150K(13696K) Class: 3343K(3968K)->3343K(3968K)
[25.790s][info][gc          ] GC(28) Pause Full (System.gc()) 1573M->1573M(5632M) 731.079ms
[26.522s][info][gc,metaspace] GC(29) Metaspace: 16494K(17664K)->16494K(17664K) NonClass: 13150K(13696K)->13150K(13696K) Class: 3343K(3968K)->3343K(3968K)
[26.522s][info][gc          ] GC(29) Pause Full (System.gc()) 1573M->1573M(5632M) 726.856ms
[27.212s][info][gc,metaspace] GC(30) Metaspace: 16494K(17664K)->16494K(17664K) NonClass: 13150K(13696K)->13150K(13696K) Class: 3343K(3968K)->3343K(3968K)
[27.212s][info][gc          ] GC(30) Pause Full (System.gc()) 1573M->1573M(5632M) 690.086ms
[27.952s][info][gc,metaspace] GC(31) Metaspace: 16494K(17664K)->16494K(17664K) NonClass: 13150K(13696K)->13150K(13696K) Class: 3343K(3968K)->3343K(3968K)
[27.952s][info][gc          ] GC(31) Pause Full (System.gc()) 1573M->1573M(5632M) 740.101ms
[28.689s][info][gc,metaspace] GC(32) Metaspace: 16494K(17664K)->16494K(17664K) NonClass: 13150K(13696K)->13150K(13696K) Class: 3343K(3968K)->3343K(3968K)
[28.689s][info][gc          ] GC(32) Pause Full (System.gc()) 1573M->1573M(5632M) 736.636ms
[29.433s][info][gc,metaspace] GC(33) Metaspace: 16494K(17664K)->16494K(17664K) NonClass: 13150K(13696K)->13150K(13696K) Class: 3343K(3968K)->3343K(3968K)
[29.433s][info][gc          ] GC(33) Pause Full (System.gc()) 1573M->1573M(5632M) 744.459ms
[30.133s][info][gc,metaspace] GC(34) Metaspace: 16494K(17664K)->16494K(17664K) NonClass: 13150K(13696K)->13150K(13696K) Class: 3343K(3968K)->3343K(3968K)
[30.133s][info][gc          ] GC(34) Pause Full (System.gc()) 1573M->1573M(5632M) 699.932ms
[30.888s][info][gc,metaspace] GC(35) Metaspace: 16494K(17664K)->16494K(17664K) NonClass: 13150K(13696K)->13150K(13696K) Class: 3343K(3968K)->3343K(3968K)
[30.888s][info][gc          ] GC(35) Pause Full (System.gc()) 1573M->1573M(5632M) 754.462ms
[31.614s][info][gc,metaspace] GC(36) Metaspace: 16494K(17664K)->16494K(17664K) NonClass: 13150K(13696K)->13150K(13696K) Class: 3343K(3968K)->3343K(3968K)
[31.614s][info][gc          ] GC(36) Pause Full (System.gc()) 1573M->1573M(5632M) 726.272ms
[32.346s][info][gc,metaspace] GC(37) Metaspace: 16494K(17664K)->16494K(17664K) NonClass: 13150K(13696K)->13150K(13696K) Class: 3343K(3968K)->3343K(3968K)
[32.346s][info][gc          ] GC(37) Pause Full (System.gc()) 1573M->1573M(5632M) 731.861ms
[33.036s][info][gc,metaspace] GC(38) Metaspace: 16494K(17664K)->16494K(17664K) NonClass: 13150K(13696K)->13150K(13696K) Class: 3343K(3968K)->3343K(3968K)
[33.036s][info][gc          ] GC(38) Pause Full (System.gc()) 1573M->1573M(5632M) 689.582ms
[33.784s][info][gc,metaspace] GC(39) Metaspace: 16494K(17664K)->16494K(17664K) NonClass: 13150K(13696K)->13150K(13696K) Class: 3343K(3968K)->3343K(3968K)
[33.784s][info][gc          ] GC(39) Pause Full (System.gc()) 1573M->1573M(5632M) 747.888ms
[34.500s][info][gc,metaspace] GC(40) Metaspace: 16494K(17664K)->16494K(17664K) NonClass: 13150K(13696K)->13150K(13696K) Class: 3343K(3968K)->3343K(3968K)
[34.500s][info][gc          ] GC(40) Pause Full (System.gc()) 1573M->1573M(5632M) 716.014ms
[35.186s][info][gc,metaspace] GC(41) Metaspace: 16494K(17664K)->16494K(17664K) NonClass: 13150K(13696K)->13150K(13696K) Class: 3343K(3968K)->3343K(3968K)
[35.186s][info][gc          ] GC(41) Pause Full (System.gc()) 1573M->1573M(5632M) 685.810ms
[35.917s][info][gc,metaspace] GC(42) Metaspace: 16494K(17664K)->16494K(17664K) NonClass: 13150K(13696K)->13150K(13696K) Class: 3343K(3968K)->3343K(3968K)
[35.917s][info][gc          ] GC(42) Pause Full (System.gc()) 1573M->1573M(5632M) 730.884ms
[36.643s][info][gc,metaspace] GC(43) Metaspace: 16494K(17664K)->16494K(17664K) NonClass: 13150K(13696K)->13150K(13696K) Class: 3343K(3968K)->3343K(3968K)
[36.643s][info][gc          ] GC(43) Pause Full (System.gc()) 1573M->1573M(5632M) 721.640ms
[37.374s][info][gc,metaspace] GC(44) Metaspace: 16494K(17664K)->16494K(17664K) NonClass: 13150K(13696K)->13150K(13696K) Class: 3343K(3968K)->3343K(3968K)
[37.374s][info][gc          ] GC(44) Pause Full (System.gc()) 1573M->1573M(5632M) 731.156ms
[38.068s][info][gc,metaspace] GC(45) Metaspace: 16494K(17664K)->16494K(17664K) NonClass: 13150K(13696K)->13150K(13696K) Class: 3343K(3968K)->3343K(3968K)
[38.068s][info][gc          ] GC(45) Pause Full (System.gc()) 1573M->1573M(5632M) 693.871ms
[38.777s][info][gc,metaspace] GC(46) Metaspace: 16494K(17664K)->16494K(17664K) NonClass: 13150K(13696K)->13150K(13696K) Class: 3343K(3968K)->3343K(3968K)
[38.777s][info][gc          ] GC(46) Pause Full (System.gc()) 1573M->1573M(5632M) 708.467ms
[39.506s][info][gc,metaspace] GC(47) Metaspace: 16494K(17664K)->16494K(17664K) NonClass: 13150K(13696K)->13150K(13696K) Class: 3343K(3968K)->3343K(3968K)
[39.506s][info][gc          ] GC(47) Pause Full (System.gc()) 1573M->1573M(5632M) 729.456ms
[40.198s][info][gc,metaspace] GC(48) Metaspace: 16494K(17664K)->16494K(17664K) NonClass: 13150K(13696K)->13150K(13696K) Class: 3343K(3968K)->3343K(3968K)
[40.198s][info][gc          ] GC(48) Pause Full (System.gc()) 1573M->1573M(5632M) 692.254ms
[40.941s][info][gc,metaspace] GC(49) Metaspace: 16494K(17664K)->16494K(17664K) NonClass: 13150K(13696K)->13150K(13696K) Class: 3343K(3968K)->3343K(3968K)
[40.941s][info][gc          ] GC(49) Pause Full (System.gc()) 1573M->1573M(5632M) 742.234ms
[41.714s][info][gc,metaspace] GC(50) Metaspace: 16494K(17664K)->16494K(17664K) NonClass: 13150K(13696K)->13150K(13696K) Class: 3343K(3968K)->3343K(3968K)
[41.714s][info][gc          ] GC(50) Pause Full (System.gc()) 1573M->1573M(5632M) 772.864ms
[42.441s][info][gc,metaspace] GC(51) Metaspace: 16494K(17664K)->16494K(17664K) NonClass: 13150K(13696K)->13150K(13696K) Class: 3343K(3968K)->3343K(3968K)
[42.441s][info][gc          ] GC(51) Pause Full (System.gc()) 1573M->1573M(5632M) 727.601ms
[43.137s][info][gc,metaspace] GC(52) Metaspace: 16494K(17664K)->16494K(17664K) NonClass: 13150K(13696K)->13150K(13696K) Class: 3343K(3968K)->3343K(3968K)
[43.138s][info][gc          ] GC(52) Pause Full (System.gc()) 1573M->1573M(5632M) 696.017ms
[43.844s][info][gc,metaspace] GC(53) Metaspace: 16494K(17664K)->16494K(17664K) NonClass: 13150K(13696K)->13150K(13696K) Class: 3343K(3968K)->3343K(3968K)
[43.844s][info][gc          ] GC(53) Pause Full (System.gc()) 1573M->1573M(5632M) 706.841ms
[44.612s][info][gc,metaspace] GC(54) Metaspace: 16494K(17664K)->16494K(17664K) NonClass: 13150K(13696K)->13150K(13696K) Class: 3343K(3968K)->3343K(3968K)
[44.612s][info][gc          ] GC(54) Pause Full (System.gc()) 1573M->1573M(5632M) 767.779ms
[45.312s][info][gc,metaspace] GC(55) Metaspace: 16494K(17664K)->16494K(17664K) NonClass: 13150K(13696K)->13150K(13696K) Class: 3343K(3968K)->3343K(3968K)
[45.312s][info][gc          ] GC(55) Pause Full (System.gc()) 1573M->1573M(5632M) 699.194ms
After GCs... 
