Done; will start GCs... 
[16.559s][info][gc,metaspace] GC(17) Metaspace: 16364K(17472K)->16364K(17472K) NonClass: 14205K(14720K)->14205K(14720K) Class: 2158K(2752K)->2158K(2752K)
[16.560s][info][gc          ] GC(17) Pause Full (System.gc()) 1813M->1793M(5626M) 651.089ms
[17.178s][info][gc,metaspace] GC(18) Metaspace: 16364K(17472K)->16364K(17472K) NonClass: 14205K(14720K)->14205K(14720K) Class: 2158K(2752K)->2158K(2752K)
[17.178s][info][gc          ] GC(18) Pause Full (System.gc()) 1793M->1793M(5626M) 618.579ms
[17.803s][info][gc,metaspace] GC(19) Metaspace: 16364K(17472K)->16364K(17472K) NonClass: 14205K(14720K)->14205K(14720K) Class: 2158K(2752K)->2158K(2752K)
[17.803s][info][gc          ] GC(19) Pause Full (System.gc()) 1793M->1793M(5626M) 625.034ms
[18.406s][info][gc,metaspace] GC(20) Metaspace: 16364K(17472K)->16364K(17472K) NonClass: 14205K(14720K)->14205K(14720K) Class: 2158K(2752K)->2158K(2752K)
[18.406s][info][gc          ] GC(20) Pause Full (System.gc()) 1793M->1793M(5626M) 602.870ms
[19.052s][info][gc,metaspace] GC(21) Metaspace: 16364K(17472K)->16364K(17472K) NonClass: 14205K(14720K)->14205K(14720K) Class: 2158K(2752K)->2158K(2752K)
[19.053s][info][gc          ] GC(21) Pause Full (System.gc()) 1793M->1793M(5626M) 646.166ms
[19.778s][info][gc,metaspace] GC(22) Metaspace: 16364K(17472K)->16364K(17472K) NonClass: 14205K(14720K)->14205K(14720K) Class: 2158K(2752K)->2158K(2752K)
[19.778s][info][gc          ] GC(22) Pause Full (System.gc()) 1793M->1793M(5626M) 725.865ms
[20.387s][info][gc,metaspace] GC(23) Metaspace: 16364K(17472K)->16364K(17472K) NonClass: 14205K(14720K)->14205K(14720K) Class: 2158K(2752K)->2158K(2752K)
[20.387s][info][gc          ] GC(23) Pause Full (System.gc()) 1793M->1793M(5626M) 604.048ms
[21.000s][info][gc,metaspace] GC(24) Metaspace: 16364K(17472K)->16364K(17472K) NonClass: 14205K(14720K)->14205K(14720K) Class: 2158K(2752K)->2158K(2752K)
[21.000s][info][gc          ] GC(24) Pause Full (System.gc()) 1793M->1793M(5626M) 613.146ms
[21.645s][info][gc,metaspace] GC(25) Metaspace: 16364K(17472K)->16364K(17472K) NonClass: 14205K(14720K)->14205K(14720K) Class: 2158K(2752K)->2158K(2752K)
[21.645s][info][gc          ] GC(25) Pause Full (System.gc()) 1793M->1793M(5626M) 644.492ms
[22.249s][info][gc,metaspace] GC(26) Metaspace: 16364K(17472K)->16364K(17472K) NonClass: 14205K(14720K)->14205K(14720K) Class: 2158K(2752K)->2158K(2752K)
[22.249s][info][gc          ] GC(26) Pause Full (System.gc()) 1793M->1793M(5626M) 604.267ms
[22.922s][info][gc,metaspace] GC(27) Metaspace: 16364K(17472K)->16364K(17472K) NonClass: 14205K(14720K)->14205K(14720K) Class: 2158K(2752K)->2158K(2752K)
[22.922s][info][gc          ] GC(27) Pause Full (System.gc()) 1793M->1793M(5626M) 673.407ms
[23.581s][info][gc,metaspace] GC(28) Metaspace: 16364K(17472K)->16364K(17472K) NonClass: 14205K(14720K)->14205K(14720K) Class: 2158K(2752K)->2158K(2752K)
[23.581s][info][gc          ] GC(28) Pause Full (System.gc()) 1793M->1793M(5626M) 658.064ms
[24.195s][info][gc,metaspace] GC(29) Metaspace: 16364K(17472K)->16364K(17472K) NonClass: 14205K(14720K)->14205K(14720K) Class: 2158K(2752K)->2158K(2752K)
[24.195s][info][gc          ] GC(29) Pause Full (System.gc()) 1793M->1793M(5626M) 614.625ms
[24.827s][info][gc,metaspace] GC(30) Metaspace: 16364K(17472K)->16364K(17472K) NonClass: 14205K(14720K)->14205K(14720K) Class: 2158K(2752K)->2158K(2752K)
[24.827s][info][gc          ] GC(30) Pause Full (System.gc()) 1793M->1793M(5626M) 631.843ms
[25.429s][info][gc,metaspace] GC(31) Metaspace: 16364K(17472K)->16364K(17472K) NonClass: 14205K(14720K)->14205K(14720K) Class: 2158K(2752K)->2158K(2752K)
[25.429s][info][gc          ] GC(31) Pause Full (System.gc()) 1793M->1793M(5626M) 601.805ms
[26.078s][info][gc,metaspace] GC(32) Metaspace: 16364K(17472K)->16364K(17472K) NonClass: 14205K(14720K)->14205K(14720K) Class: 2158K(2752K)->2158K(2752K)
[26.078s][info][gc          ] GC(32) Pause Full (System.gc()) 1793M->1793M(5626M) 648.784ms
[26.794s][info][gc,metaspace] GC(33) Metaspace: 16364K(17472K)->16364K(17472K) NonClass: 14205K(14720K)->14205K(14720K) Class: 2158K(2752K)->2158K(2752K)
[26.794s][info][gc          ] GC(33) Pause Full (System.gc()) 1793M->1793M(5626M) 716.213ms
[27.413s][info][gc,metaspace] GC(34) Metaspace: 16364K(17472K)->16364K(17472K) NonClass: 14205K(14720K)->14205K(14720K) Class: 2158K(2752K)->2158K(2752K)
[27.413s][info][gc          ] GC(34) Pause Full (System.gc()) 1793M->1793M(5626M) 618.836ms
[28.028s][info][gc,metaspace] GC(35) Metaspace: 16364K(17472K)->16364K(17472K) NonClass: 14205K(14720K)->14205K(14720K) Class: 2158K(2752K)->2158K(2752K)
[28.028s][info][gc          ] GC(35) Pause Full (System.gc()) 1793M->1793M(5626M) 614.483ms
[28.716s][info][gc,metaspace] GC(36) Metaspace: 16364K(17472K)->16364K(17472K) NonClass: 14205K(14720K)->14205K(14720K) Class: 2158K(2752K)->2158K(2752K)
[28.716s][info][gc          ] GC(36) Pause Full (System.gc()) 1793M->1793M(5626M) 687.681ms
[29.333s][info][gc,metaspace] GC(37) Metaspace: 16364K(17472K)->16364K(17472K) NonClass: 14205K(14720K)->14205K(14720K) Class: 2158K(2752K)->2158K(2752K)
[29.333s][info][gc          ] GC(37) Pause Full (System.gc()) 1793M->1793M(5626M) 616.982ms
[29.956s][info][gc,metaspace] GC(38) Metaspace: 16364K(17472K)->16364K(17472K) NonClass: 14205K(14720K)->14205K(14720K) Class: 2158K(2752K)->2158K(2752K)
[29.956s][info][gc          ] GC(38) Pause Full (System.gc()) 1793M->1793M(5626M) 622.801ms
[30.612s][info][gc,metaspace] GC(39) Metaspace: 16364K(17472K)->16364K(17472K) NonClass: 14205K(14720K)->14205K(14720K) Class: 2158K(2752K)->2158K(2752K)
[30.612s][info][gc          ] GC(39) Pause Full (System.gc()) 1793M->1793M(5626M) 656.010ms
[31.220s][info][gc,metaspace] GC(40) Metaspace: 16364K(17472K)->16364K(17472K) NonClass: 14205K(14720K)->14205K(14720K) Class: 2158K(2752K)->2158K(2752K)
[31.220s][info][gc          ] GC(40) Pause Full (System.gc()) 1793M->1793M(5626M) 607.862ms
[31.853s][info][gc,metaspace] GC(41) Metaspace: 16364K(17472K)->16364K(17472K) NonClass: 14205K(14720K)->14205K(14720K) Class: 2158K(2752K)->2158K(2752K)
[31.853s][info][gc          ] GC(41) Pause Full (System.gc()) 1793M->1793M(5626M) 633.257ms
[32.515s][info][gc,metaspace] GC(42) Metaspace: 16364K(17472K)->16364K(17472K) NonClass: 14205K(14720K)->14205K(14720K) Class: 2158K(2752K)->2158K(2752K)
[32.515s][info][gc          ] GC(42) Pause Full (System.gc()) 1793M->1793M(5626M) 661.882ms
[33.154s][info][gc,metaspace] GC(43) Metaspace: 16364K(17472K)->16364K(17472K) NonClass: 14205K(14720K)->14205K(14720K) Class: 2158K(2752K)->2158K(2752K)
[33.154s][info][gc          ] GC(43) Pause Full (System.gc()) 1793M->1793M(5626M) 638.652ms
[33.792s][info][gc,metaspace] GC(44) Metaspace: 16364K(17472K)->16364K(17472K) NonClass: 14205K(14720K)->14205K(14720K) Class: 2158K(2752K)->2158K(2752K)
[33.792s][info][gc          ] GC(44) Pause Full (System.gc()) 1793M->1793M(5626M) 638.404ms
[34.405s][info][gc,metaspace] GC(45) Metaspace: 16364K(17472K)->16364K(17472K) NonClass: 14205K(14720K)->14205K(14720K) Class: 2158K(2752K)->2158K(2752K)
[34.405s][info][gc          ] GC(45) Pause Full (System.gc()) 1793M->1793M(5626M) 613.065ms
[35.051s][info][gc,metaspace] GC(46) Metaspace: 16364K(17472K)->16364K(17472K) NonClass: 14205K(14720K)->14205K(14720K) Class: 2158K(2752K)->2158K(2752K)
[35.051s][info][gc          ] GC(46) Pause Full (System.gc()) 1793M->1793M(5626M) 646.022ms
[35.786s][info][gc,metaspace] GC(47) Metaspace: 16364K(17472K)->16364K(17472K) NonClass: 14205K(14720K)->14205K(14720K) Class: 2158K(2752K)->2158K(2752K)
[35.786s][info][gc          ] GC(47) Pause Full (System.gc()) 1793M->1793M(5626M) 734.016ms
[36.421s][info][gc,metaspace] GC(48) Metaspace: 16364K(17472K)->16364K(17472K) NonClass: 14205K(14720K)->14205K(14720K) Class: 2158K(2752K)->2158K(2752K)
[36.421s][info][gc          ] GC(48) Pause Full (System.gc()) 1793M->1793M(5626M) 635.110ms
[37.025s][info][gc,metaspace] GC(49) Metaspace: 16364K(17472K)->16364K(17472K) NonClass: 14205K(14720K)->14205K(14720K) Class: 2158K(2752K)->2158K(2752K)
[37.025s][info][gc          ] GC(49) Pause Full (System.gc()) 1793M->1793M(5626M) 603.788ms
[37.663s][info][gc,metaspace] GC(50) Metaspace: 16364K(17472K)->16364K(17472K) NonClass: 14205K(14720K)->14205K(14720K) Class: 2158K(2752K)->2158K(2752K)
[37.663s][info][gc          ] GC(50) Pause Full (System.gc()) 1793M->1793M(5626M) 638.208ms
[38.263s][info][gc,metaspace] GC(51) Metaspace: 16364K(17472K)->16364K(17472K) NonClass: 14205K(14720K)->14205K(14720K) Class: 2158K(2752K)->2158K(2752K)
[38.263s][info][gc          ] GC(51) Pause Full (System.gc()) 1793M->1793M(5626M) 599.946ms
[38.930s][info][gc,metaspace] GC(52) Metaspace: 16364K(17472K)->16364K(17472K) NonClass: 14205K(14720K)->14205K(14720K) Class: 2158K(2752K)->2158K(2752K)
[38.930s][info][gc          ] GC(52) Pause Full (System.gc()) 1793M->1793M(5626M) 667.454ms
[39.598s][info][gc,metaspace] GC(53) Metaspace: 16364K(17472K)->16364K(17472K) NonClass: 14205K(14720K)->14205K(14720K) Class: 2158K(2752K)->2158K(2752K)
[39.598s][info][gc          ] GC(53) Pause Full (System.gc()) 1793M->1793M(5626M) 667.818ms
[40.201s][info][gc,metaspace] GC(54) Metaspace: 16364K(17472K)->16364K(17472K) NonClass: 14205K(14720K)->14205K(14720K) Class: 2158K(2752K)->2158K(2752K)
[40.201s][info][gc          ] GC(54) Pause Full (System.gc()) 1793M->1793M(5626M) 602.138ms
[40.873s][info][gc,metaspace] GC(55) Metaspace: 16364K(17472K)->16364K(17472K) NonClass: 14205K(14720K)->14205K(14720K) Class: 2158K(2752K)->2158K(2752K)
[40.873s][info][gc          ] GC(55) Pause Full (System.gc()) 1793M->1793M(5626M) 672.177ms
[41.476s][info][gc,metaspace] GC(56) Metaspace: 16364K(17472K)->16364K(17472K) NonClass: 14205K(14720K)->14205K(14720K) Class: 2158K(2752K)->2158K(2752K)
[41.476s][info][gc          ] GC(56) Pause Full (System.gc()) 1793M->1793M(5626M) 602.989ms
After GCs... 
