Done; will start GCs... 
[16.735s][info][gc,metaspace] GC(16) Metaspace: 16473K(17664K)->16473K(17664K) NonClass: 13130K(13696K)->13130K(13696K) Class: 3343K(3968K)->3343K(3968K)
[16.735s][info][gc          ] GC(16) Pause Full (System.gc()) 1593M->1573M(5632M) 628.134ms
[17.411s][info][gc,metaspace] GC(17) Metaspace: 16473K(17664K)->16473K(17664K) NonClass: 13130K(13696K)->13130K(13696K) Class: 3343K(3968K)->3343K(3968K)
[17.411s][info][gc          ] GC(17) Pause Full (System.gc()) 1573M->1573M(5632M) 675.824ms
[18.095s][info][gc,metaspace] GC(18) Metaspace: 16473K(17664K)->16473K(17664K) NonClass: 13130K(13696K)->13130K(13696K) Class: 3343K(3968K)->3343K(3968K)
[18.095s][info][gc          ] GC(18) Pause Full (System.gc()) 1573M->1573M(5632M) 684.615ms
[18.740s][info][gc,metaspace] GC(19) Metaspace: 16473K(17664K)->16473K(17664K) NonClass: 13130K(13696K)->13130K(13696K) Class: 3343K(3968K)->3343K(3968K)
[18.740s][info][gc          ] GC(19) Pause Full (System.gc()) 1573M->1573M(5632M) 644.821ms
[19.411s][info][gc,metaspace] GC(20) Metaspace: 16473K(17664K)->16473K(17664K) NonClass: 13130K(13696K)->13130K(13696K) Class: 3343K(3968K)->3343K(3968K)
[19.411s][info][gc          ] GC(20) Pause Full (System.gc()) 1573M->1573M(5632M) 670.953ms
[20.087s][info][gc,metaspace] GC(21) Metaspace: 16473K(17664K)->16473K(17664K) NonClass: 13130K(13696K)->13130K(13696K) Class: 3343K(3968K)->3343K(3968K)
[20.087s][info][gc          ] GC(21) Pause Full (System.gc()) 1573M->1573M(5632M) 675.848ms
[20.718s][info][gc,metaspace] GC(22) Metaspace: 16473K(17664K)->16473K(17664K) NonClass: 13130K(13696K)->13130K(13696K) Class: 3343K(3968K)->3343K(3968K)
[20.718s][info][gc          ] GC(22) Pause Full (System.gc()) 1573M->1573M(5632M) 630.540ms
[21.463s][info][gc,metaspace] GC(23) Metaspace: 16473K(17664K)->16473K(17664K) NonClass: 13130K(13696K)->13130K(13696K) Class: 3343K(3968K)->3343K(3968K)
[21.463s][info][gc          ] GC(23) Pause Full (System.gc()) 1573M->1573M(5632M) 744.733ms
[22.123s][info][gc,metaspace] GC(24) Metaspace: 16473K(17664K)->16473K(17664K) NonClass: 13130K(13696K)->13130K(13696K) Class: 3343K(3968K)->3343K(3968K)
[22.123s][info][gc          ] GC(24) Pause Full (System.gc()) 1573M->1573M(5632M) 659.851ms
[22.750s][info][gc,metaspace] GC(25) Metaspace: 16473K(17664K)->16473K(17664K) NonClass: 13130K(13696K)->13130K(13696K) Class: 3343K(3968K)->3343K(3968K)
[22.751s][info][gc          ] GC(25) Pause Full (System.gc()) 1573M->1573M(5632M) 627.699ms
[23.401s][info][gc,metaspace] GC(26) Metaspace: 16473K(17664K)->16473K(17664K) NonClass: 13130K(13696K)->13130K(13696K) Class: 3343K(3968K)->3343K(3968K)
[23.401s][info][gc          ] GC(26) Pause Full (System.gc()) 1573M->1573M(5632M) 650.331ms
[24.072s][info][gc,metaspace] GC(27) Metaspace: 16473K(17664K)->16473K(17664K) NonClass: 13130K(13696K)->13130K(13696K) Class: 3343K(3968K)->3343K(3968K)
[24.072s][info][gc          ] GC(27) Pause Full (System.gc()) 1573M->1573M(5632M) 671.275ms
[24.709s][info][gc,metaspace] GC(28) Metaspace: 16473K(17664K)->16473K(17664K) NonClass: 13130K(13696K)->13130K(13696K) Class: 3343K(3968K)->3343K(3968K)
[24.709s][info][gc          ] GC(28) Pause Full (System.gc()) 1573M->1573M(5632M) 636.591ms
[25.413s][info][gc,metaspace] GC(29) Metaspace: 16473K(17664K)->16473K(17664K) NonClass: 13130K(13696K)->13130K(13696K) Class: 3343K(3968K)->3343K(3968K)
[25.413s][info][gc          ] GC(29) Pause Full (System.gc()) 1573M->1573M(5632M) 699.325ms
[26.092s][info][gc,metaspace] GC(30) Metaspace: 16473K(17664K)->16473K(17664K) NonClass: 13130K(13696K)->13130K(13696K) Class: 3343K(3968K)->3343K(3968K)
[26.092s][info][gc          ] GC(30) Pause Full (System.gc()) 1573M->1573M(5632M) 679.408ms
[26.718s][info][gc,metaspace] GC(31) Metaspace: 16473K(17664K)->16473K(17664K) NonClass: 13130K(13696K)->13130K(13696K) Class: 3343K(3968K)->3343K(3968K)
[26.718s][info][gc          ] GC(31) Pause Full (System.gc()) 1573M->1573M(5632M) 625.824ms
[27.368s][info][gc,metaspace] GC(32) Metaspace: 16473K(17664K)->16473K(17664K) NonClass: 13130K(13696K)->13130K(13696K) Class: 3343K(3968K)->3343K(3968K)
[27.368s][info][gc          ] GC(32) Pause Full (System.gc()) 1573M->1573M(5632M) 649.918ms
[28.028s][info][gc,metaspace] GC(33) Metaspace: 16473K(17664K)->16473K(17664K) NonClass: 13130K(13696K)->13130K(13696K) Class: 3343K(3968K)->3343K(3968K)
[28.028s][info][gc          ] GC(33) Pause Full (System.gc()) 1573M->1573M(5632M) 659.732ms
[28.662s][info][gc,metaspace] GC(34) Metaspace: 16473K(17664K)->16473K(17664K) NonClass: 13130K(13696K)->13130K(13696K) Class: 3343K(3968K)->3343K(3968K)
[28.662s][info][gc          ] GC(34) Pause Full (System.gc()) 1573M->1573M(5632M) 633.683ms
[29.384s][info][gc,metaspace] GC(35) Metaspace: 16473K(17664K)->16473K(17664K) NonClass: 13130K(13696K)->13130K(13696K) Class: 3343K(3968K)->3343K(3968K)
[29.384s][info][gc          ] GC(35) Pause Full (System.gc()) 1573M->1573M(5632M) 722.563ms
[30.050s][info][gc,metaspace] GC(36) Metaspace: 16473K(17664K)->16473K(17664K) NonClass: 13130K(13696K)->13130K(13696K) Class: 3343K(3968K)->3343K(3968K)
[30.050s][info][gc          ] GC(36) Pause Full (System.gc()) 1573M->1573M(5632M) 665.201ms
[30.682s][info][gc,metaspace] GC(37) Metaspace: 16473K(17664K)->16473K(17664K) NonClass: 13130K(13696K)->13130K(13696K) Class: 3343K(3968K)->3343K(3968K)
[30.682s][info][gc          ] GC(37) Pause Full (System.gc()) 1573M->1573M(5632M) 627.879ms
[31.312s][info][gc,metaspace] GC(38) Metaspace: 16473K(17664K)->16473K(17664K) NonClass: 13130K(13696K)->13130K(13696K) Class: 3343K(3968K)->3343K(3968K)
[31.312s][info][gc          ] GC(38) Pause Full (System.gc()) 1573M->1573M(5632M) 630.372ms
[31.952s][info][gc,metaspace] GC(39) Metaspace: 16473K(17664K)->16473K(17664K) NonClass: 13130K(13696K)->13130K(13696K) Class: 3343K(3968K)->3343K(3968K)
[31.952s][info][gc          ] GC(39) Pause Full (System.gc()) 1573M->1573M(5632M) 639.625ms
[32.698s][info][gc,metaspace] GC(40) Metaspace: 16473K(17664K)->16473K(17664K) NonClass: 13130K(13696K)->13130K(13696K) Class: 3343K(3968K)->3343K(3968K)
[32.698s][info][gc          ] GC(40) Pause Full (System.gc()) 1573M->1573M(5632M) 745.692ms
[33.443s][info][gc,metaspace] GC(41) Metaspace: 16473K(17664K)->16473K(17664K) NonClass: 13130K(13696K)->13130K(13696K) Class: 3343K(3968K)->3343K(3968K)
[33.443s][info][gc          ] GC(41) Pause Full (System.gc()) 1573M->1573M(5632M) 744.921ms
[34.095s][info][gc,metaspace] GC(42) Metaspace: 16473K(17664K)->16473K(17664K) NonClass: 13130K(13696K)->13130K(13696K) Class: 3343K(3968K)->3343K(3968K)
[34.095s][info][gc          ] GC(42) Pause Full (System.gc()) 1573M->1573M(5632M) 652.351ms
[34.718s][info][gc,metaspace] GC(43) Metaspace: 16473K(17664K)->16473K(17664K) NonClass: 13130K(13696K)->13130K(13696K) Class: 3343K(3968K)->3343K(3968K)
[34.718s][info][gc          ] GC(43) Pause Full (System.gc()) 1573M->1573M(5632M) 622.641ms
[35.349s][info][gc,metaspace] GC(44) Metaspace: 16473K(17664K)->16473K(17664K) NonClass: 13130K(13696K)->13130K(13696K) Class: 3343K(3968K)->3343K(3968K)
[35.349s][info][gc          ] GC(44) Pause Full (System.gc()) 1573M->1573M(5632M) 630.736ms
[36.036s][info][gc,metaspace] GC(45) Metaspace: 16473K(17664K)->16473K(17664K) NonClass: 13130K(13696K)->13130K(13696K) Class: 3343K(3968K)->3343K(3968K)
[36.036s][info][gc          ] GC(45) Pause Full (System.gc()) 1573M->1573M(5632M) 687.058ms
[36.669s][info][gc,metaspace] GC(46) Metaspace: 16473K(17664K)->16473K(17664K) NonClass: 13130K(13696K)->13130K(13696K) Class: 3343K(3968K)->3343K(3968K)
[36.669s][info][gc          ] GC(46) Pause Full (System.gc()) 1573M->1573M(5632M) 632.399ms
[37.321s][info][gc,metaspace] GC(47) Metaspace: 16473K(17664K)->16473K(17664K) NonClass: 13130K(13696K)->13130K(13696K) Class: 3343K(3968K)->3343K(3968K)
[37.321s][info][gc          ] GC(47) Pause Full (System.gc()) 1573M->1573M(5632M) 652.795ms
[37.955s][info][gc,metaspace] GC(48) Metaspace: 16473K(17664K)->16473K(17664K) NonClass: 13130K(13696K)->13130K(13696K) Class: 3343K(3968K)->3343K(3968K)
[37.955s][info][gc          ] GC(48) Pause Full (System.gc()) 1573M->1573M(5632M) 633.561ms
[38.601s][info][gc,metaspace] GC(49) Metaspace: 16473K(17664K)->16473K(17664K) NonClass: 13130K(13696K)->13130K(13696K) Class: 3343K(3968K)->3343K(3968K)
[38.601s][info][gc          ] GC(49) Pause Full (System.gc()) 1573M->1573M(5632M) 645.444ms
[39.266s][info][gc,metaspace] GC(50) Metaspace: 16473K(17664K)->16473K(17664K) NonClass: 13130K(13696K)->13130K(13696K) Class: 3343K(3968K)->3343K(3968K)
[39.266s][info][gc          ] GC(50) Pause Full (System.gc()) 1573M->1573M(5632M) 664.985ms
[40.034s][info][gc,metaspace] GC(51) Metaspace: 16473K(17664K)->16473K(17664K) NonClass: 13130K(13696K)->13130K(13696K) Class: 3343K(3968K)->3343K(3968K)
[40.034s][info][gc          ] GC(51) Pause Full (System.gc()) 1573M->1573M(5632M) 768.058ms
[40.752s][info][gc,metaspace] GC(52) Metaspace: 16473K(17664K)->16473K(17664K) NonClass: 13130K(13696K)->13130K(13696K) Class: 3343K(3968K)->3343K(3968K)
[40.752s][info][gc          ] GC(52) Pause Full (System.gc()) 1573M->1573M(5632M) 717.573ms
[41.382s][info][gc,metaspace] GC(53) Metaspace: 16473K(17664K)->16473K(17664K) NonClass: 13130K(13696K)->13130K(13696K) Class: 3343K(3968K)->3343K(3968K)
[41.382s][info][gc          ] GC(53) Pause Full (System.gc()) 1573M->1573M(5632M) 626.225ms
[42.048s][info][gc,metaspace] GC(54) Metaspace: 16473K(17664K)->16473K(17664K) NonClass: 13130K(13696K)->13130K(13696K) Class: 3343K(3968K)->3343K(3968K)
[42.048s][info][gc          ] GC(54) Pause Full (System.gc()) 1573M->1573M(5632M) 665.570ms
[42.671s][info][gc,metaspace] GC(55) Metaspace: 16473K(17664K)->16473K(17664K) NonClass: 13130K(13696K)->13130K(13696K) Class: 3343K(3968K)->3343K(3968K)
[42.671s][info][gc          ] GC(55) Pause Full (System.gc()) 1573M->1573M(5632M) 623.110ms
After GCs... 
