[0.002s][info][metaspace]  - commit_granule_bytes: 65536.
[0.002s][info][metaspace]  - commit_granule_words: 8192.
[0.002s][info][metaspace]  - virtual_space_node_default_size: 8388608.
[0.002s][info][metaspace]  - enlarge_chunks_in_place: 1.
[0.002s][info][metaspace]  - use_allocation_guard: 0.
[0.004s][info][gc       ] Using Parallel
[0.325s][info][metaspace] Reserving compressed class space anywhere
[0.325s][info][gc,metaspace] CDS archive(s) not mapped
[0.325s][info][gc,metaspace] Compressed class space mapped at: 0x000000001c000000-0x00000000dc000000, reserved size: 3221225472
[0.325s][info][gc,metaspace] UseCompressedClassPointers 1, UseCompactObjectHeaders 0, narrow klass pointer bits 32, max shift 3
[0.325s][info][gc,metaspace] Narrow klass base: 0x0000000000000000, Narrow klass shift: 0, Narrow klass range: 0xdc000000
Random Seed: 12345678
Num Classes: 1024
Num Objects: 67108864
Percent IK Objects: 83.0%)
Percent OAK Objects: 5.0%)
Percent TAK Objects: 12.0%)
Cycles: 40
Loading 1024 pre-generated classes ...
Materialize pre-generated constructors ...
Creating objects...
[0.592s][info][gc,metaspace] GC(0) Metaspace: 12399K(12672K)->12399K(12672K) NonClass: 10779K(10944K)->10779K(10944K) Class: 1620K(1728K)->1620K(1728K)
[0.592s][info][gc          ] GC(0) Pause Full (System.gc()) 153M->3M(5888M) 6.534ms
[2.513s][info][gc,metaspace] GC(1) Metaspace: 16361K(17472K)->16361K(17472K) NonClass: 14203K(14720K)->14203K(14720K) Class: 2158K(2752K)->2158K(2752K)
[2.513s][info][gc          ] GC(1) Pause Young (Allocation Failure) 1539M->370M(5888M) 463.337ms
[3.901s][info][gc,metaspace] GC(2) Metaspace: 16364K(17472K)->16364K(17472K) NonClass: 14205K(14720K)->14205K(14720K) Class: 2158K(2752K)->2158K(2752K)
[3.901s][info][gc          ] GC(2) Pause Young (Allocation Failure) 1906M->511M(5888M) 145.710ms
[4.993s][info][gc,metaspace] GC(3) Metaspace: 16364K(17472K)->16364K(17472K) NonClass: 14205K(14720K)->14205K(14720K) Class: 2158K(2752K)->2158K(2752K)
[4.993s][info][gc          ] GC(3) Pause Young (Allocation Failure) 2047M->650M(5888M) 187.150ms
[6.038s][info][gc,metaspace] GC(4) Metaspace: 16364K(17472K)->16364K(17472K) NonClass: 14205K(14720K)->14205K(14720K) Class: 2158K(2752K)->2158K(2752K)
[6.038s][info][gc          ] GC(4) Pause Young (Allocation Failure) 2186M->788M(5888M) 196.903ms
[7.148s][info][gc,metaspace] GC(5) Metaspace: 16364K(17472K)->16364K(17472K) NonClass: 14205K(14720K)->14205K(14720K) Class: 2158K(2752K)->2158K(2752K)
[7.148s][info][gc          ] GC(5) Pause Young (Allocation Failure) 2324M->926M(5888M) 211.158ms
[8.301s][info][gc,metaspace] GC(6) Metaspace: 16364K(17472K)->16364K(17472K) NonClass: 14205K(14720K)->14205K(14720K) Class: 2158K(2752K)->2158K(2752K)
[8.301s][info][gc          ] GC(6) Pause Young (Allocation Failure) 2462M->1065M(5280M) 290.351ms
[9.048s][info][gc,metaspace] GC(7) Metaspace: 16364K(17472K)->16364K(17472K) NonClass: 14205K(14720K)->14205K(14720K) Class: 2158K(2752K)->2158K(2752K)
[9.048s][info][gc          ] GC(7) Pause Young (Allocation Failure) 1993M->1149M(5154M) 183.354ms
[9.754s][info][gc,metaspace] GC(8) Metaspace: 16364K(17472K)->16364K(17472K) NonClass: 14205K(14720K)->14205K(14720K) Class: 2158K(2752K)->2158K(2752K)
[9.754s][info][gc          ] GC(8) Pause Young (Allocation Failure) 2077M->1232M(5588M) 129.667ms
[10.435s][info][gc,metaspace] GC(9) Metaspace: 16364K(17472K)->16364K(17472K) NonClass: 14205K(14720K)->14205K(14720K) Class: 2158K(2752K)->2158K(2752K)
[10.435s][info][gc          ] GC(9) Pause Young (Allocation Failure) 2154M->1315M(5574M) 155.182ms
[11.176s][info][gc,metaspace] GC(10) Metaspace: 16364K(17472K)->16364K(17472K) NonClass: 14205K(14720K)->14205K(14720K) Class: 2158K(2752K)->2158K(2752K)
[11.176s][info][gc          ] GC(10) Pause Young (Allocation Failure) 2237M->1398M(5618M) 169.032ms
[11.935s][info][gc,metaspace] GC(11) Metaspace: 16364K(17472K)->16364K(17472K) NonClass: 14205K(14720K)->14205K(14720K) Class: 2158K(2752K)->2158K(2752K)
[11.935s][info][gc          ] GC(11) Pause Young (Allocation Failure) 2388M->1488M(5612M) 143.754ms
[12.643s][info][gc,metaspace] GC(12) Metaspace: 16364K(17472K)->16364K(17472K) NonClass: 14205K(14720K)->14205K(14720K) Class: 2158K(2752K)->2158K(2752K)
[12.643s][info][gc          ] GC(12) Pause Young (Allocation Failure) 2478M->1577M(5614M) 96.553ms
[13.310s][info][gc,metaspace] GC(13) Metaspace: 16364K(17472K)->16364K(17472K) NonClass: 14205K(14720K)->14205K(14720K) Class: 2158K(2752K)->2158K(2752K)
[13.310s][info][gc          ] GC(13) Pause Young (Allocation Failure) 2563M->1666M(5612M) 106.215ms
[14.019s][info][gc,metaspace] GC(14) Metaspace: 16364K(17472K)->16364K(17472K) NonClass: 14205K(14720K)->14205K(14720K) Class: 2158K(2752K)->2158K(2752K)
[14.019s][info][gc          ] GC(14) Pause Young (Allocation Failure) 2652M->1755M(5626M) 100.398ms
67108864 Objects created
 - IK: 55699211 (82.99829%)
 - OAK: 3355627 (5.0002737%)
 - TAK: 8054026 (12.001434%)
Preparatory GC...
[15.200s][info][gc,metaspace] GC(15) Metaspace: 16364K(17472K)->16364K(17472K) NonClass: 14205K(14720K)->14205K(14720K) Class: 2158K(2752K)->2158K(2752K)
[15.200s][info][gc          ] GC(15) Pause Full (System.gc()) 2237M->1793M(5626M) 908.670ms
[15.908s][info][gc,metaspace] GC(16) Metaspace: 16364K(17472K)->16364K(17472K) NonClass: 14205K(14720K)->14205K(14720K) Class: 2158K(2752K)->2158K(2752K)
[15.908s][info][gc          ] GC(16) Pause Full (System.gc()) 1793M->1793M(5626M) 707.832ms
Done; will start GCs... 
[16.559s][info][gc,metaspace] GC(17) Metaspace: 16364K(17472K)->16364K(17472K) NonClass: 14205K(14720K)->14205K(14720K) Class: 2158K(2752K)->2158K(2752K)
[16.560s][info][gc          ] GC(17) Pause Full (System.gc()) 1813M->1793M(5626M) 651.089ms
[17.178s][info][gc,metaspace] GC(18) Metaspace: 16364K(17472K)->16364K(17472K) NonClass: 14205K(14720K)->14205K(14720K) Class: 2158K(2752K)->2158K(2752K)
[17.178s][info][gc          ] GC(18) Pause Full (System.gc()) 1793M->1793M(5626M) 618.579ms
[17.803s][info][gc,metaspace] GC(19) Metaspace: 16364K(17472K)->16364K(17472K) NonClass: 14205K(14720K)->14205K(14720K) Class: 2158K(2752K)->2158K(2752K)
[17.803s][info][gc          ] GC(19) Pause Full (System.gc()) 1793M->1793M(5626M) 625.034ms
[18.406s][info][gc,metaspace] GC(20) Metaspace: 16364K(17472K)->16364K(17472K) NonClass: 14205K(14720K)->14205K(14720K) Class: 2158K(2752K)->2158K(2752K)
[18.406s][info][gc          ] GC(20) Pause Full (System.gc()) 1793M->1793M(5626M) 602.870ms
[19.052s][info][gc,metaspace] GC(21) Metaspace: 16364K(17472K)->16364K(17472K) NonClass: 14205K(14720K)->14205K(14720K) Class: 2158K(2752K)->2158K(2752K)
[19.053s][info][gc          ] GC(21) Pause Full (System.gc()) 1793M->1793M(5626M) 646.166ms
[19.778s][info][gc,metaspace] GC(22) Metaspace: 16364K(17472K)->16364K(17472K) NonClass: 14205K(14720K)->14205K(14720K) Class: 2158K(2752K)->2158K(2752K)
[19.778s][info][gc          ] GC(22) Pause Full (System.gc()) 1793M->1793M(5626M) 725.865ms
[20.387s][info][gc,metaspace] GC(23) Metaspace: 16364K(17472K)->16364K(17472K) NonClass: 14205K(14720K)->14205K(14720K) Class: 2158K(2752K)->2158K(2752K)
[20.387s][info][gc          ] GC(23) Pause Full (System.gc()) 1793M->1793M(5626M) 604.048ms
[21.000s][info][gc,metaspace] GC(24) Metaspace: 16364K(17472K)->16364K(17472K) NonClass: 14205K(14720K)->14205K(14720K) Class: 2158K(2752K)->2158K(2752K)
[21.000s][info][gc          ] GC(24) Pause Full (System.gc()) 1793M->1793M(5626M) 613.146ms
[21.645s][info][gc,metaspace] GC(25) Metaspace: 16364K(17472K)->16364K(17472K) NonClass: 14205K(14720K)->14205K(14720K) Class: 2158K(2752K)->2158K(2752K)
[21.645s][info][gc          ] GC(25) Pause Full (System.gc()) 1793M->1793M(5626M) 644.492ms
[22.249s][info][gc,metaspace] GC(26) Metaspace: 16364K(17472K)->16364K(17472K) NonClass: 14205K(14720K)->14205K(14720K) Class: 2158K(2752K)->2158K(2752K)
[22.249s][info][gc          ] GC(26) Pause Full (System.gc()) 1793M->1793M(5626M) 604.267ms
[22.922s][info][gc,metaspace] GC(27) Metaspace: 16364K(17472K)->16364K(17472K) NonClass: 14205K(14720K)->14205K(14720K) Class: 2158K(2752K)->2158K(2752K)
[22.922s][info][gc          ] GC(27) Pause Full (System.gc()) 1793M->1793M(5626M) 673.407ms
[23.581s][info][gc,metaspace] GC(28) Metaspace: 16364K(17472K)->16364K(17472K) NonClass: 14205K(14720K)->14205K(14720K) Class: 2158K(2752K)->2158K(2752K)
[23.581s][info][gc          ] GC(28) Pause Full (System.gc()) 1793M->1793M(5626M) 658.064ms
[24.195s][info][gc,metaspace] GC(29) Metaspace: 16364K(17472K)->16364K(17472K) NonClass: 14205K(14720K)->14205K(14720K) Class: 2158K(2752K)->2158K(2752K)
[24.195s][info][gc          ] GC(29) Pause Full (System.gc()) 1793M->1793M(5626M) 614.625ms
[24.827s][info][gc,metaspace] GC(30) Metaspace: 16364K(17472K)->16364K(17472K) NonClass: 14205K(14720K)->14205K(14720K) Class: 2158K(2752K)->2158K(2752K)
[24.827s][info][gc          ] GC(30) Pause Full (System.gc()) 1793M->1793M(5626M) 631.843ms
[25.429s][info][gc,metaspace] GC(31) Metaspace: 16364K(17472K)->16364K(17472K) NonClass: 14205K(14720K)->14205K(14720K) Class: 2158K(2752K)->2158K(2752K)
[25.429s][info][gc          ] GC(31) Pause Full (System.gc()) 1793M->1793M(5626M) 601.805ms
[26.078s][info][gc,metaspace] GC(32) Metaspace: 16364K(17472K)->16364K(17472K) NonClass: 14205K(14720K)->14205K(14720K) Class: 2158K(2752K)->2158K(2752K)
[26.078s][info][gc          ] GC(32) Pause Full (System.gc()) 1793M->1793M(5626M) 648.784ms
[26.794s][info][gc,metaspace] GC(33) Metaspace: 16364K(17472K)->16364K(17472K) NonClass: 14205K(14720K)->14205K(14720K) Class: 2158K(2752K)->2158K(2752K)
[26.794s][info][gc          ] GC(33) Pause Full (System.gc()) 1793M->1793M(5626M) 716.213ms
[27.413s][info][gc,metaspace] GC(34) Metaspace: 16364K(17472K)->16364K(17472K) NonClass: 14205K(14720K)->14205K(14720K) Class: 2158K(2752K)->2158K(2752K)
[27.413s][info][gc          ] GC(34) Pause Full (System.gc()) 1793M->1793M(5626M) 618.836ms
[28.028s][info][gc,metaspace] GC(35) Metaspace: 16364K(17472K)->16364K(17472K) NonClass: 14205K(14720K)->14205K(14720K) Class: 2158K(2752K)->2158K(2752K)
[28.028s][info][gc          ] GC(35) Pause Full (System.gc()) 1793M->1793M(5626M) 614.483ms
[28.716s][info][gc,metaspace] GC(36) Metaspace: 16364K(17472K)->16364K(17472K) NonClass: 14205K(14720K)->14205K(14720K) Class: 2158K(2752K)->2158K(2752K)
[28.716s][info][gc          ] GC(36) Pause Full (System.gc()) 1793M->1793M(5626M) 687.681ms
[29.333s][info][gc,metaspace] GC(37) Metaspace: 16364K(17472K)->16364K(17472K) NonClass: 14205K(14720K)->14205K(14720K) Class: 2158K(2752K)->2158K(2752K)
[29.333s][info][gc          ] GC(37) Pause Full (System.gc()) 1793M->1793M(5626M) 616.982ms
[29.956s][info][gc,metaspace] GC(38) Metaspace: 16364K(17472K)->16364K(17472K) NonClass: 14205K(14720K)->14205K(14720K) Class: 2158K(2752K)->2158K(2752K)
[29.956s][info][gc          ] GC(38) Pause Full (System.gc()) 1793M->1793M(5626M) 622.801ms
[30.612s][info][gc,metaspace] GC(39) Metaspace: 16364K(17472K)->16364K(17472K) NonClass: 14205K(14720K)->14205K(14720K) Class: 2158K(2752K)->2158K(2752K)
[30.612s][info][gc          ] GC(39) Pause Full (System.gc()) 1793M->1793M(5626M) 656.010ms
[31.220s][info][gc,metaspace] GC(40) Metaspace: 16364K(17472K)->16364K(17472K) NonClass: 14205K(14720K)->14205K(14720K) Class: 2158K(2752K)->2158K(2752K)
[31.220s][info][gc          ] GC(40) Pause Full (System.gc()) 1793M->1793M(5626M) 607.862ms
[31.853s][info][gc,metaspace] GC(41) Metaspace: 16364K(17472K)->16364K(17472K) NonClass: 14205K(14720K)->14205K(14720K) Class: 2158K(2752K)->2158K(2752K)
[31.853s][info][gc          ] GC(41) Pause Full (System.gc()) 1793M->1793M(5626M) 633.257ms
[32.515s][info][gc,metaspace] GC(42) Metaspace: 16364K(17472K)->16364K(17472K) NonClass: 14205K(14720K)->14205K(14720K) Class: 2158K(2752K)->2158K(2752K)
[32.515s][info][gc          ] GC(42) Pause Full (System.gc()) 1793M->1793M(5626M) 661.882ms
[33.154s][info][gc,metaspace] GC(43) Metaspace: 16364K(17472K)->16364K(17472K) NonClass: 14205K(14720K)->14205K(14720K) Class: 2158K(2752K)->2158K(2752K)
[33.154s][info][gc          ] GC(43) Pause Full (System.gc()) 1793M->1793M(5626M) 638.652ms
[33.792s][info][gc,metaspace] GC(44) Metaspace: 16364K(17472K)->16364K(17472K) NonClass: 14205K(14720K)->14205K(14720K) Class: 2158K(2752K)->2158K(2752K)
[33.792s][info][gc          ] GC(44) Pause Full (System.gc()) 1793M->1793M(5626M) 638.404ms
[34.405s][info][gc,metaspace] GC(45) Metaspace: 16364K(17472K)->16364K(17472K) NonClass: 14205K(14720K)->14205K(14720K) Class: 2158K(2752K)->2158K(2752K)
[34.405s][info][gc          ] GC(45) Pause Full (System.gc()) 1793M->1793M(5626M) 613.065ms
[35.051s][info][gc,metaspace] GC(46) Metaspace: 16364K(17472K)->16364K(17472K) NonClass: 14205K(14720K)->14205K(14720K) Class: 2158K(2752K)->2158K(2752K)
[35.051s][info][gc          ] GC(46) Pause Full (System.gc()) 1793M->1793M(5626M) 646.022ms
[35.786s][info][gc,metaspace] GC(47) Metaspace: 16364K(17472K)->16364K(17472K) NonClass: 14205K(14720K)->14205K(14720K) Class: 2158K(2752K)->2158K(2752K)
[35.786s][info][gc          ] GC(47) Pause Full (System.gc()) 1793M->1793M(5626M) 734.016ms
[36.421s][info][gc,metaspace] GC(48) Metaspace: 16364K(17472K)->16364K(17472K) NonClass: 14205K(14720K)->14205K(14720K) Class: 2158K(2752K)->2158K(2752K)
[36.421s][info][gc          ] GC(48) Pause Full (System.gc()) 1793M->1793M(5626M) 635.110ms
[37.025s][info][gc,metaspace] GC(49) Metaspace: 16364K(17472K)->16364K(17472K) NonClass: 14205K(14720K)->14205K(14720K) Class: 2158K(2752K)->2158K(2752K)
[37.025s][info][gc          ] GC(49) Pause Full (System.gc()) 1793M->1793M(5626M) 603.788ms
[37.663s][info][gc,metaspace] GC(50) Metaspace: 16364K(17472K)->16364K(17472K) NonClass: 14205K(14720K)->14205K(14720K) Class: 2158K(2752K)->2158K(2752K)
[37.663s][info][gc          ] GC(50) Pause Full (System.gc()) 1793M->1793M(5626M) 638.208ms
[38.263s][info][gc,metaspace] GC(51) Metaspace: 16364K(17472K)->16364K(17472K) NonClass: 14205K(14720K)->14205K(14720K) Class: 2158K(2752K)->2158K(2752K)
[38.263s][info][gc          ] GC(51) Pause Full (System.gc()) 1793M->1793M(5626M) 599.946ms
[38.930s][info][gc,metaspace] GC(52) Metaspace: 16364K(17472K)->16364K(17472K) NonClass: 14205K(14720K)->14205K(14720K) Class: 2158K(2752K)->2158K(2752K)
[38.930s][info][gc          ] GC(52) Pause Full (System.gc()) 1793M->1793M(5626M) 667.454ms
[39.598s][info][gc,metaspace] GC(53) Metaspace: 16364K(17472K)->16364K(17472K) NonClass: 14205K(14720K)->14205K(14720K) Class: 2158K(2752K)->2158K(2752K)
[39.598s][info][gc          ] GC(53) Pause Full (System.gc()) 1793M->1793M(5626M) 667.818ms
[40.201s][info][gc,metaspace] GC(54) Metaspace: 16364K(17472K)->16364K(17472K) NonClass: 14205K(14720K)->14205K(14720K) Class: 2158K(2752K)->2158K(2752K)
[40.201s][info][gc          ] GC(54) Pause Full (System.gc()) 1793M->1793M(5626M) 602.138ms
[40.873s][info][gc,metaspace] GC(55) Metaspace: 16364K(17472K)->16364K(17472K) NonClass: 14205K(14720K)->14205K(14720K) Class: 2158K(2752K)->2158K(2752K)
[40.873s][info][gc          ] GC(55) Pause Full (System.gc()) 1793M->1793M(5626M) 672.177ms
[41.476s][info][gc,metaspace] GC(56) Metaspace: 16364K(17472K)->16364K(17472K) NonClass: 14205K(14720K)->14205K(14720K) Class: 2158K(2752K)->2158K(2752K)
[41.476s][info][gc          ] GC(56) Pause Full (System.gc()) 1793M->1793M(5626M) 602.989ms
After GCs... 
