Done; will start GCs... 
[11.463s][info][gc,metaspace] GC(11) Metaspace: 28384K(29568K)->28384K(29568K) NonClass: 23101K(23680K)->23101K(23680K) Class: 5282K(5888K)->5282K(5888K)
[11.463s][info][gc          ] GC(11) Pause Full (System.gc()) 813M->776M(6144M) 476.661ms
[11.851s][info][gc,metaspace] GC(12) Metaspace: 28384K(29568K)->28384K(29568K) NonClass: 23101K(23680K)->23101K(23680K) Class: 5282K(5888K)->5282K(5888K)
[11.851s][info][gc          ] GC(12) Pause Full (System.gc()) 776M->776M(6144M) 387.452ms
[12.214s][info][gc,metaspace] GC(13) Metaspace: 28384K(29568K)->28384K(29568K) NonClass: 23101K(23680K)->23101K(23680K) Class: 5282K(5888K)->5282K(5888K)
[12.214s][info][gc          ] GC(13) Pause Full (System.gc()) 776M->776M(6144M) 363.064ms
[12.618s][info][gc,metaspace] GC(14) Metaspace: 28384K(29568K)->28384K(29568K) NonClass: 23102K(23680K)->23102K(23680K) Class: 5282K(5888K)->5282K(5888K)
[12.618s][info][gc          ] GC(14) Pause Full (System.gc()) 776M->776M(6144M) 403.853ms
[13.027s][info][gc,metaspace] GC(15) Metaspace: 28384K(29568K)->28384K(29568K) NonClass: 23102K(23680K)->23102K(23680K) Class: 5282K(5888K)->5282K(5888K)
[13.028s][info][gc          ] GC(15) Pause Full (System.gc()) 776M->776M(6144M) 409.080ms
[13.389s][info][gc,metaspace] GC(16) Metaspace: 28384K(29568K)->28384K(29568K) NonClass: 23102K(23680K)->23102K(23680K) Class: 5282K(5888K)->5282K(5888K)
[13.389s][info][gc          ] GC(16) Pause Full (System.gc()) 776M->776M(6144M) 361.493ms
[13.776s][info][gc,metaspace] GC(17) Metaspace: 28384K(29568K)->28384K(29568K) NonClass: 23102K(23680K)->23102K(23680K) Class: 5282K(5888K)->5282K(5888K)
[13.776s][info][gc          ] GC(17) Pause Full (System.gc()) 776M->776M(6144M) 386.809ms
[14.151s][info][gc,metaspace] GC(18) Metaspace: 28384K(29568K)->28384K(29568K) NonClass: 23102K(23680K)->23102K(23680K) Class: 5282K(5888K)->5282K(5888K)
[14.151s][info][gc          ] GC(18) Pause Full (System.gc()) 776M->776M(6144M) 375.275ms
[14.519s][info][gc,metaspace] GC(19) Metaspace: 28384K(29568K)->28384K(29568K) NonClass: 23102K(23680K)->23102K(23680K) Class: 5282K(5888K)->5282K(5888K)
[14.519s][info][gc          ] GC(19) Pause Full (System.gc()) 776M->776M(6144M) 367.659ms
[14.909s][info][gc,metaspace] GC(20) Metaspace: 28384K(29568K)->28384K(29568K) NonClass: 23102K(23680K)->23102K(23680K) Class: 5282K(5888K)->5282K(5888K)
[14.909s][info][gc          ] GC(20) Pause Full (System.gc()) 776M->776M(6144M) 389.271ms
[15.262s][info][gc,metaspace] GC(21) Metaspace: 28384K(29568K)->28384K(29568K) NonClass: 23102K(23680K)->23102K(23680K) Class: 5282K(5888K)->5282K(5888K)
[15.262s][info][gc          ] GC(21) Pause Full (System.gc()) 776M->776M(6144M) 352.966ms
[15.634s][info][gc,metaspace] GC(22) Metaspace: 28384K(29568K)->28384K(29568K) NonClass: 23102K(23680K)->23102K(23680K) Class: 5282K(5888K)->5282K(5888K)
[15.634s][info][gc          ] GC(22) Pause Full (System.gc()) 776M->776M(6144M) 372.441ms
[16.025s][info][gc,metaspace] GC(23) Metaspace: 28384K(29568K)->28384K(29568K) NonClass: 23102K(23680K)->23102K(23680K) Class: 5282K(5888K)->5282K(5888K)
[16.025s][info][gc          ] GC(23) Pause Full (System.gc()) 776M->776M(6144M) 390.684ms
[16.465s][info][gc,metaspace] GC(24) Metaspace: 28384K(29568K)->28384K(29568K) NonClass: 23102K(23680K)->23102K(23680K) Class: 5282K(5888K)->5282K(5888K)
[16.465s][info][gc          ] GC(24) Pause Full (System.gc()) 776M->776M(6144M) 435.239ms
[16.859s][info][gc,metaspace] GC(25) Metaspace: 28384K(29568K)->28384K(29568K) NonClass: 23102K(23680K)->23102K(23680K) Class: 5282K(5888K)->5282K(5888K)
[16.859s][info][gc          ] GC(25) Pause Full (System.gc()) 776M->776M(6144M) 394.271ms
[17.251s][info][gc,metaspace] GC(26) Metaspace: 28384K(29568K)->28384K(29568K) NonClass: 23102K(23680K)->23102K(23680K) Class: 5282K(5888K)->5282K(5888K)
[17.251s][info][gc          ] GC(26) Pause Full (System.gc()) 776M->776M(6144M) 391.700ms
[17.630s][info][gc,metaspace] GC(27) Metaspace: 28384K(29568K)->28384K(29568K) NonClass: 23102K(23680K)->23102K(23680K) Class: 5282K(5888K)->5282K(5888K)
[17.630s][info][gc          ] GC(27) Pause Full (System.gc()) 776M->776M(6144M) 378.822ms
[18.019s][info][gc,metaspace] GC(28) Metaspace: 28384K(29568K)->28384K(29568K) NonClass: 23102K(23680K)->23102K(23680K) Class: 5282K(5888K)->5282K(5888K)
[18.019s][info][gc          ] GC(28) Pause Full (System.gc()) 776M->776M(6144M) 389.296ms
[18.387s][info][gc,metaspace] GC(29) Metaspace: 28384K(29568K)->28384K(29568K) NonClass: 23102K(23680K)->23102K(23680K) Class: 5282K(5888K)->5282K(5888K)
[18.388s][info][gc          ] GC(29) Pause Full (System.gc()) 776M->776M(6144M) 368.382ms
[18.792s][info][gc,metaspace] GC(30) Metaspace: 28384K(29568K)->28384K(29568K) NonClass: 23102K(23680K)->23102K(23680K) Class: 5282K(5888K)->5282K(5888K)
[18.792s][info][gc          ] GC(30) Pause Full (System.gc()) 776M->776M(6144M) 404.445ms
[19.175s][info][gc,metaspace] GC(31) Metaspace: 28384K(29568K)->28384K(29568K) NonClass: 23102K(23680K)->23102K(23680K) Class: 5282K(5888K)->5282K(5888K)
[19.175s][info][gc          ] GC(31) Pause Full (System.gc()) 776M->776M(6144M) 382.953ms
[19.545s][info][gc,metaspace] GC(32) Metaspace: 28384K(29568K)->28384K(29568K) NonClass: 23102K(23680K)->23102K(23680K) Class: 5282K(5888K)->5282K(5888K)
[19.545s][info][gc          ] GC(32) Pause Full (System.gc()) 776M->776M(6144M) 369.365ms
[19.957s][info][gc,metaspace] GC(33) Metaspace: 28384K(29568K)->28384K(29568K) NonClass: 23102K(23680K)->23102K(23680K) Class: 5282K(5888K)->5282K(5888K)
[19.957s][info][gc          ] GC(33) Pause Full (System.gc()) 776M->776M(6144M) 412.182ms
[20.351s][info][gc,metaspace] GC(34) Metaspace: 28384K(29568K)->28384K(29568K) NonClass: 23102K(23680K)->23102K(23680K) Class: 5282K(5888K)->5282K(5888K)
[20.351s][info][gc          ] GC(34) Pause Full (System.gc()) 776M->776M(6144M) 394.045ms
[20.727s][info][gc,metaspace] GC(35) Metaspace: 28384K(29568K)->28384K(29568K) NonClass: 23102K(23680K)->23102K(23680K) Class: 5282K(5888K)->5282K(5888K)
[20.727s][info][gc          ] GC(35) Pause Full (System.gc()) 776M->776M(6144M) 375.860ms
[21.127s][info][gc,metaspace] GC(36) Metaspace: 28384K(29568K)->28384K(29568K) NonClass: 23102K(23680K)->23102K(23680K) Class: 5282K(5888K)->5282K(5888K)
[21.127s][info][gc          ] GC(36) Pause Full (System.gc()) 776M->776M(6144M) 400.157ms
[21.534s][info][gc,metaspace] GC(37) Metaspace: 28384K(29568K)->28384K(29568K) NonClass: 23102K(23680K)->23102K(23680K) Class: 5282K(5888K)->5282K(5888K)
[21.534s][info][gc          ] GC(37) Pause Full (System.gc()) 776M->776M(6144M) 402.713ms
[21.924s][info][gc,metaspace] GC(38) Metaspace: 28384K(29568K)->28384K(29568K) NonClass: 23102K(23680K)->23102K(23680K) Class: 5282K(5888K)->5282K(5888K)
[21.924s][info][gc          ] GC(38) Pause Full (System.gc()) 776M->776M(6144M) 389.962ms
[22.286s][info][gc,metaspace] GC(39) Metaspace: 28384K(29568K)->28384K(29568K) NonClass: 23102K(23680K)->23102K(23680K) Class: 5282K(5888K)->5282K(5888K)
[22.286s][info][gc          ] GC(39) Pause Full (System.gc()) 776M->776M(6144M) 361.456ms
[22.645s][info][gc,metaspace] GC(40) Metaspace: 28384K(29568K)->28384K(29568K) NonClass: 23102K(23680K)->23102K(23680K) Class: 5282K(5888K)->5282K(5888K)
[22.645s][info][gc          ] GC(40) Pause Full (System.gc()) 776M->776M(6144M) 359.217ms
[23.032s][info][gc,metaspace] GC(41) Metaspace: 28384K(29568K)->28384K(29568K) NonClass: 23102K(23680K)->23102K(23680K) Class: 5282K(5888K)->5282K(5888K)
[23.032s][info][gc          ] GC(41) Pause Full (System.gc()) 776M->776M(6144M) 387.074ms
[23.394s][info][gc,metaspace] GC(42) Metaspace: 28384K(29568K)->28384K(29568K) NonClass: 23102K(23680K)->23102K(23680K) Class: 5282K(5888K)->5282K(5888K)
[23.394s][info][gc          ] GC(42) Pause Full (System.gc()) 776M->776M(6144M) 362.064ms
[23.796s][info][gc,metaspace] GC(43) Metaspace: 28384K(29568K)->28384K(29568K) NonClass: 23102K(23680K)->23102K(23680K) Class: 5282K(5888K)->5282K(5888K)
[23.796s][info][gc          ] GC(43) Pause Full (System.gc()) 776M->776M(6144M) 401.402ms
[24.161s][info][gc,metaspace] GC(44) Metaspace: 28384K(29568K)->28384K(29568K) NonClass: 23102K(23680K)->23102K(23680K) Class: 5282K(5888K)->5282K(5888K)
[24.162s][info][gc          ] GC(44) Pause Full (System.gc()) 776M->776M(6144M) 365.495ms
[24.534s][info][gc,metaspace] GC(45) Metaspace: 28384K(29568K)->28384K(29568K) NonClass: 23102K(23680K)->23102K(23680K) Class: 5282K(5888K)->5282K(5888K)
[24.534s][info][gc          ] GC(45) Pause Full (System.gc()) 776M->776M(6144M) 372.464ms
[24.933s][info][gc,metaspace] GC(46) Metaspace: 28384K(29568K)->28384K(29568K) NonClass: 23102K(23680K)->23102K(23680K) Class: 5282K(5888K)->5282K(5888K)
[24.933s][info][gc          ] GC(46) Pause Full (System.gc()) 776M->776M(6144M) 398.930ms
[25.303s][info][gc,metaspace] GC(47) Metaspace: 28384K(29568K)->28384K(29568K) NonClass: 23102K(23680K)->23102K(23680K) Class: 5282K(5888K)->5282K(5888K)
[25.303s][info][gc          ] GC(47) Pause Full (System.gc()) 776M->776M(6144M) 370.058ms
[25.692s][info][gc,metaspace] GC(48) Metaspace: 28384K(29568K)->28384K(29568K) NonClass: 23102K(23680K)->23102K(23680K) Class: 5282K(5888K)->5282K(5888K)
[25.692s][info][gc          ] GC(48) Pause Full (System.gc()) 776M->776M(6144M) 388.915ms
[26.075s][info][gc,metaspace] GC(49) Metaspace: 28384K(29568K)->28384K(29568K) NonClass: 23102K(23680K)->23102K(23680K) Class: 5282K(5888K)->5282K(5888K)
[26.075s][info][gc          ] GC(49) Pause Full (System.gc()) 776M->776M(6144M) 382.641ms
[26.444s][info][gc,metaspace] GC(50) Metaspace: 28384K(29568K)->28384K(29568K) NonClass: 23102K(23680K)->23102K(23680K) Class: 5282K(5888K)->5282K(5888K)
[26.444s][info][gc          ] GC(50) Pause Full (System.gc()) 776M->776M(6144M) 368.826ms
[26.876s][info][gc,metaspace] GC(51) Metaspace: 28384K(29568K)->28384K(29568K) NonClass: 23102K(23680K)->23102K(23680K) Class: 5282K(5888K)->5282K(5888K)
[26.876s][info][gc          ] GC(51) Pause Full (System.gc()) 776M->776M(6144M) 427.569ms
[27.272s][info][gc,metaspace] GC(52) Metaspace: 28384K(29568K)->28384K(29568K) NonClass: 23102K(23680K)->23102K(23680K) Class: 5282K(5888K)->5282K(5888K)
[27.272s][info][gc          ] GC(52) Pause Full (System.gc()) 776M->776M(6144M) 396.386ms
[27.629s][info][gc,metaspace] GC(53) Metaspace: 28384K(29568K)->28384K(29568K) NonClass: 23102K(23680K)->23102K(23680K) Class: 5282K(5888K)->5282K(5888K)
[27.629s][info][gc          ] GC(53) Pause Full (System.gc()) 776M->776M(6144M) 356.600ms
[28.011s][info][gc,metaspace] GC(54) Metaspace: 28384K(29568K)->28384K(29568K) NonClass: 23102K(23680K)->23102K(23680K) Class: 5282K(5888K)->5282K(5888K)
[28.011s][info][gc          ] GC(54) Pause Full (System.gc()) 776M->776M(6144M) 382.022ms
[28.367s][info][gc,metaspace] GC(55) Metaspace: 28384K(29568K)->28384K(29568K) NonClass: 23102K(23680K)->23102K(23680K) Class: 5282K(5888K)->5282K(5888K)
[28.367s][info][gc          ] GC(55) Pause Full (System.gc()) 776M->776M(6144M) 355.909ms
[28.727s][info][gc,metaspace] GC(56) Metaspace: 28384K(29568K)->28384K(29568K) NonClass: 23102K(23680K)->23102K(23680K) Class: 5282K(5888K)->5282K(5888K)
[28.727s][info][gc          ] GC(56) Pause Full (System.gc()) 776M->776M(6144M) 360.446ms
[29.102s][info][gc,metaspace] GC(57) Metaspace: 28384K(29568K)->28384K(29568K) NonClass: 23102K(23680K)->23102K(23680K) Class: 5282K(5888K)->5282K(5888K)
[29.102s][info][gc          ] GC(57) Pause Full (System.gc()) 776M->776M(6144M) 374.768ms
[29.464s][info][gc,metaspace] GC(58) Metaspace: 28384K(29568K)->28384K(29568K) NonClass: 23102K(23680K)->23102K(23680K) Class: 5282K(5888K)->5282K(5888K)
[29.465s][info][gc          ] GC(58) Pause Full (System.gc()) 776M->776M(6144M) 362.217ms
[29.861s][info][gc,metaspace] GC(59) Metaspace: 28384K(29568K)->28384K(29568K) NonClass: 23102K(23680K)->23102K(23680K) Class: 5282K(5888K)->5282K(5888K)
[29.861s][info][gc          ] GC(59) Pause Full (System.gc()) 776M->776M(6144M) 396.211ms
[30.257s][info][gc,metaspace] GC(60) Metaspace: 28384K(29568K)->28384K(29568K) NonClass: 23102K(23680K)->23102K(23680K) Class: 5282K(5888K)->5282K(5888K)
[30.257s][info][gc          ] GC(60) Pause Full (System.gc()) 776M->776M(6144M) 396.371ms
[30.628s][info][gc,metaspace] GC(61) Metaspace: 28384K(29568K)->28384K(29568K) NonClass: 23102K(23680K)->23102K(23680K) Class: 5282K(5888K)->5282K(5888K)
[30.628s][info][gc          ] GC(61) Pause Full (System.gc()) 776M->776M(6144M) 370.517ms
[31.011s][info][gc,metaspace] GC(62) Metaspace: 28384K(29568K)->28384K(29568K) NonClass: 23102K(23680K)->23102K(23680K) Class: 5282K(5888K)->5282K(5888K)
[31.011s][info][gc          ] GC(62) Pause Full (System.gc()) 776M->776M(6144M) 383.200ms
[31.376s][info][gc,metaspace] GC(63) Metaspace: 28384K(29568K)->28384K(29568K) NonClass: 23102K(23680K)->23102K(23680K) Class: 5282K(5888K)->5282K(5888K)
[31.376s][info][gc          ] GC(63) Pause Full (System.gc()) 776M->776M(6144M) 364.785ms
[31.737s][info][gc,metaspace] GC(64) Metaspace: 28384K(29568K)->28384K(29568K) NonClass: 23102K(23680K)->23102K(23680K) Class: 5282K(5888K)->5282K(5888K)
[31.737s][info][gc          ] GC(64) Pause Full (System.gc()) 776M->776M(6144M) 360.619ms
[32.163s][info][gc,metaspace] GC(65) Metaspace: 28384K(29568K)->28384K(29568K) NonClass: 23102K(23680K)->23102K(23680K) Class: 5282K(5888K)->5282K(5888K)
[32.163s][info][gc          ] GC(65) Pause Full (System.gc()) 776M->776M(6144M) 421.887ms
[32.530s][info][gc,metaspace] GC(66) Metaspace: 28384K(29568K)->28384K(29568K) NonClass: 23102K(23680K)->23102K(23680K) Class: 5282K(5888K)->5282K(5888K)
[32.530s][info][gc          ] GC(66) Pause Full (System.gc()) 776M->776M(6144M) 367.547ms
[32.925s][info][gc,metaspace] GC(67) Metaspace: 28384K(29568K)->28384K(29568K) NonClass: 23102K(23680K)->23102K(23680K) Class: 5282K(5888K)->5282K(5888K)
[32.925s][info][gc          ] GC(67) Pause Full (System.gc()) 776M->776M(6144M) 394.876ms
[33.287s][info][gc,metaspace] GC(68) Metaspace: 28384K(29568K)->28384K(29568K) NonClass: 23102K(23680K)->23102K(23680K) Class: 5282K(5888K)->5282K(5888K)
[33.287s][info][gc          ] GC(68) Pause Full (System.gc()) 776M->776M(6144M) 361.090ms
[33.658s][info][gc,metaspace] GC(69) Metaspace: 28384K(29568K)->28384K(29568K) NonClass: 23102K(23680K)->23102K(23680K) Class: 5282K(5888K)->5282K(5888K)
[33.658s][info][gc          ] GC(69) Pause Full (System.gc()) 776M->776M(6144M) 371.394ms
[34.037s][info][gc,metaspace] GC(70) Metaspace: 28384K(29568K)->28384K(29568K) NonClass: 23102K(23680K)->23102K(23680K) Class: 5282K(5888K)->5282K(5888K)
[34.037s][info][gc          ] GC(70) Pause Full (System.gc()) 776M->776M(6144M) 378.813ms
[34.400s][info][gc,metaspace] GC(71) Metaspace: 28384K(29568K)->28384K(29568K) NonClass: 23102K(23680K)->23102K(23680K) Class: 5282K(5888K)->5282K(5888K)
[34.400s][info][gc          ] GC(71) Pause Full (System.gc()) 776M->776M(6144M) 363.110ms
[34.771s][info][gc,metaspace] GC(72) Metaspace: 28384K(29568K)->28384K(29568K) NonClass: 23102K(23680K)->23102K(23680K) Class: 5282K(5888K)->5282K(5888K)
[34.771s][info][gc          ] GC(72) Pause Full (System.gc()) 776M->776M(6144M) 370.648ms
[35.163s][info][gc,metaspace] GC(73) Metaspace: 28384K(29568K)->28384K(29568K) NonClass: 23102K(23680K)->23102K(23680K) Class: 5282K(5888K)->5282K(5888K)
[35.163s][info][gc          ] GC(73) Pause Full (System.gc()) 776M->776M(6144M) 392.157ms
[35.524s][info][gc,metaspace] GC(74) Metaspace: 28384K(29568K)->28384K(29568K) NonClass: 23102K(23680K)->23102K(23680K) Class: 5282K(5888K)->5282K(5888K)
[35.524s][info][gc          ] GC(74) Pause Full (System.gc()) 776M->776M(6144M) 360.918ms
[35.920s][info][gc,metaspace] GC(75) Metaspace: 28384K(29568K)->28384K(29568K) NonClass: 23102K(23680K)->23102K(23680K) Class: 5282K(5888K)->5282K(5888K)
[35.920s][info][gc          ] GC(75) Pause Full (System.gc()) 776M->776M(6144M) 395.923ms
[36.276s][info][gc,metaspace] GC(76) Metaspace: 28384K(29568K)->28384K(29568K) NonClass: 23102K(23680K)->23102K(23680K) Class: 5282K(5888K)->5282K(5888K)
[36.276s][info][gc          ] GC(76) Pause Full (System.gc()) 776M->776M(6144M) 355.986ms
[36.661s][info][gc,metaspace] GC(77) Metaspace: 28384K(29568K)->28384K(29568K) NonClass: 23102K(23680K)->23102K(23680K) Class: 5282K(5888K)->5282K(5888K)
[36.661s][info][gc          ] GC(77) Pause Full (System.gc()) 776M->776M(6144M) 385.289ms
[37.062s][info][gc,metaspace] GC(78) Metaspace: 28384K(29568K)->28384K(29568K) NonClass: 23102K(23680K)->23102K(23680K) Class: 5282K(5888K)->5282K(5888K)
[37.062s][info][gc          ] GC(78) Pause Full (System.gc()) 776M->776M(6144M) 400.038ms
[37.451s][info][gc,metaspace] GC(79) Metaspace: 28384K(29568K)->28384K(29568K) NonClass: 23102K(23680K)->23102K(23680K) Class: 5282K(5888K)->5282K(5888K)
[37.451s][info][gc          ] GC(79) Pause Full (System.gc()) 776M->776M(6144M) 388.976ms
[37.814s][info][gc,metaspace] GC(80) Metaspace: 28384K(29568K)->28384K(29568K) NonClass: 23102K(23680K)->23102K(23680K) Class: 5282K(5888K)->5282K(5888K)
[37.814s][info][gc          ] GC(80) Pause Full (System.gc()) 776M->776M(6144M) 363.542ms
[38.213s][info][gc,metaspace] GC(81) Metaspace: 28384K(29568K)->28384K(29568K) NonClass: 23102K(23680K)->23102K(23680K) Class: 5282K(5888K)->5282K(5888K)
[38.213s][info][gc          ] GC(81) Pause Full (System.gc()) 776M->776M(6144M) 398.493ms
[38.613s][info][gc,metaspace] GC(82) Metaspace: 28384K(29568K)->28384K(29568K) NonClass: 23102K(23680K)->23102K(23680K) Class: 5282K(5888K)->5282K(5888K)
[38.614s][info][gc          ] GC(82) Pause Full (System.gc()) 776M->776M(6144M) 400.654ms
[39.025s][info][gc,metaspace] GC(83) Metaspace: 28384K(29568K)->28384K(29568K) NonClass: 23102K(23680K)->23102K(23680K) Class: 5282K(5888K)->5282K(5888K)
[39.025s][info][gc          ] GC(83) Pause Full (System.gc()) 776M->776M(6144M) 411.245ms
[39.387s][info][gc,metaspace] GC(84) Metaspace: 28384K(29568K)->28384K(29568K) NonClass: 23102K(23680K)->23102K(23680K) Class: 5282K(5888K)->5282K(5888K)
[39.387s][info][gc          ] GC(84) Pause Full (System.gc()) 776M->776M(6144M) 361.750ms
[39.760s][info][gc,metaspace] GC(85) Metaspace: 28384K(29568K)->28384K(29568K) NonClass: 23102K(23680K)->23102K(23680K) Class: 5282K(5888K)->5282K(5888K)
[39.760s][info][gc          ] GC(85) Pause Full (System.gc()) 776M->776M(6144M) 372.846ms
[40.134s][info][gc,metaspace] GC(86) Metaspace: 28384K(29568K)->28384K(29568K) NonClass: 23102K(23680K)->23102K(23680K) Class: 5282K(5888K)->5282K(5888K)
[40.134s][info][gc          ] GC(86) Pause Full (System.gc()) 776M->776M(6144M) 373.943ms
[40.483s][info][gc,metaspace] GC(87) Metaspace: 28384K(29568K)->28384K(29568K) NonClass: 23102K(23680K)->23102K(23680K) Class: 5282K(5888K)->5282K(5888K)
[40.483s][info][gc          ] GC(87) Pause Full (System.gc()) 776M->776M(6144M) 348.997ms
[40.871s][info][gc,metaspace] GC(88) Metaspace: 28384K(29568K)->28384K(29568K) NonClass: 23102K(23680K)->23102K(23680K) Class: 5282K(5888K)->5282K(5888K)
[40.871s][info][gc          ] GC(88) Pause Full (System.gc()) 776M->776M(6144M) 388.628ms
[41.234s][info][gc,metaspace] GC(89) Metaspace: 28384K(29568K)->28384K(29568K) NonClass: 23102K(23680K)->23102K(23680K) Class: 5282K(5888K)->5282K(5888K)
[41.234s][info][gc          ] GC(89) Pause Full (System.gc()) 776M->776M(6144M) 362.789ms
[41.583s][info][gc,metaspace] GC(90) Metaspace: 28384K(29568K)->28384K(29568K) NonClass: 23102K(23680K)->23102K(23680K) Class: 5282K(5888K)->5282K(5888K)
[41.583s][info][gc          ] GC(90) Pause Full (System.gc()) 776M->776M(6144M) 348.692ms
[41.976s][info][gc,metaspace] GC(91) Metaspace: 28384K(29568K)->28384K(29568K) NonClass: 23102K(23680K)->23102K(23680K) Class: 5282K(5888K)->5282K(5888K)
[41.976s][info][gc          ] GC(91) Pause Full (System.gc()) 776M->776M(6144M) 392.987ms
[42.361s][info][gc,metaspace] GC(92) Metaspace: 28384K(29568K)->28384K(29568K) NonClass: 23102K(23680K)->23102K(23680K) Class: 5282K(5888K)->5282K(5888K)
[42.361s][info][gc          ] GC(92) Pause Full (System.gc()) 776M->776M(6144M) 385.295ms
[42.779s][info][gc,metaspace] GC(93) Metaspace: 28384K(29568K)->28384K(29568K) NonClass: 23102K(23680K)->23102K(23680K) Class: 5282K(5888K)->5282K(5888K)
[42.779s][info][gc          ] GC(93) Pause Full (System.gc()) 776M->776M(6144M) 412.894ms
[43.151s][info][gc,metaspace] GC(94) Metaspace: 28384K(29568K)->28384K(29568K) NonClass: 23102K(23680K)->23102K(23680K) Class: 5282K(5888K)->5282K(5888K)
[43.151s][info][gc          ] GC(94) Pause Full (System.gc()) 776M->776M(6144M) 372.678ms
[43.522s][info][gc,metaspace] GC(95) Metaspace: 28384K(29568K)->28384K(29568K) NonClass: 23102K(23680K)->23102K(23680K) Class: 5282K(5888K)->5282K(5888K)
[43.522s][info][gc          ] GC(95) Pause Full (System.gc()) 776M->776M(6144M) 370.847ms
[43.953s][info][gc,metaspace] GC(96) Metaspace: 28384K(29568K)->28384K(29568K) NonClass: 23102K(23680K)->23102K(23680K) Class: 5282K(5888K)->5282K(5888K)
[43.953s][info][gc          ] GC(96) Pause Full (System.gc()) 776M->776M(6144M) 430.533ms
[44.339s][info][gc,metaspace] GC(97) Metaspace: 28384K(29568K)->28384K(29568K) NonClass: 23102K(23680K)->23102K(23680K) Class: 5282K(5888K)->5282K(5888K)
[44.339s][info][gc          ] GC(97) Pause Full (System.gc()) 776M->776M(6144M) 386.371ms
[44.709s][info][gc,metaspace] GC(98) Metaspace: 28384K(29568K)->28384K(29568K) NonClass: 23102K(23680K)->23102K(23680K) Class: 5282K(5888K)->5282K(5888K)
[44.709s][info][gc          ] GC(98) Pause Full (System.gc()) 776M->776M(6144M) 369.089ms
[45.082s][info][gc,metaspace] GC(99) Metaspace: 28384K(29568K)->28384K(29568K) NonClass: 23102K(23680K)->23102K(23680K) Class: 5282K(5888K)->5282K(5888K)
[45.082s][info][gc          ] GC(99) Pause Full (System.gc()) 776M->776M(6144M) 373.446ms
[45.443s][info][gc,metaspace] GC(100) Metaspace: 28384K(29568K)->28384K(29568K) NonClass: 23102K(23680K)->23102K(23680K) Class: 5282K(5888K)->5282K(5888K)
[45.443s][info][gc          ] GC(100) Pause Full (System.gc()) 776M->776M(6144M) 361.287ms
[45.820s][info][gc,metaspace] GC(101) Metaspace: 28384K(29568K)->28384K(29568K) NonClass: 23102K(23680K)->23102K(23680K) Class: 5282K(5888K)->5282K(5888K)
[45.820s][info][gc          ] GC(101) Pause Full (System.gc()) 776M->776M(6144M) 376.503ms
[46.231s][info][gc,metaspace] GC(102) Metaspace: 28384K(29568K)->28384K(29568K) NonClass: 23102K(23680K)->23102K(23680K) Class: 5282K(5888K)->5282K(5888K)
[46.231s][info][gc          ] GC(102) Pause Full (System.gc()) 776M->776M(6144M) 411.372ms
[46.597s][info][gc,metaspace] GC(103) Metaspace: 28384K(29568K)->28384K(29568K) NonClass: 23102K(23680K)->23102K(23680K) Class: 5282K(5888K)->5282K(5888K)
[46.597s][info][gc          ] GC(103) Pause Full (System.gc()) 776M->776M(6144M) 365.363ms
[47.008s][info][gc,metaspace] GC(104) Metaspace: 28384K(29568K)->28384K(29568K) NonClass: 23102K(23680K)->23102K(23680K) Class: 5282K(5888K)->5282K(5888K)
[47.008s][info][gc          ] GC(104) Pause Full (System.gc()) 776M->776M(6144M) 411.377ms
[47.372s][info][gc,metaspace] GC(105) Metaspace: 28384K(29568K)->28384K(29568K) NonClass: 23102K(23680K)->23102K(23680K) Class: 5282K(5888K)->5282K(5888K)
[47.372s][info][gc          ] GC(105) Pause Full (System.gc()) 776M->776M(6144M) 363.652ms
[47.797s][info][gc,metaspace] GC(106) Metaspace: 28384K(29568K)->28384K(29568K) NonClass: 23102K(23680K)->23102K(23680K) Class: 5282K(5888K)->5282K(5888K)
[47.797s][info][gc          ] GC(106) Pause Full (System.gc()) 776M->776M(6144M) 420.848ms
[48.193s][info][gc,metaspace] GC(107) Metaspace: 28384K(29568K)->28384K(29568K) NonClass: 23102K(23680K)->23102K(23680K) Class: 5282K(5888K)->5282K(5888K)
[48.193s][info][gc          ] GC(107) Pause Full (System.gc()) 776M->776M(6144M) 395.744ms
[48.557s][info][gc,metaspace] GC(108) Metaspace: 28384K(29568K)->28384K(29568K) NonClass: 23102K(23680K)->23102K(23680K) Class: 5282K(5888K)->5282K(5888K)
[48.557s][info][gc          ] GC(108) Pause Full (System.gc()) 776M->776M(6144M) 364.031ms
[48.956s][info][gc,metaspace] GC(109) Metaspace: 28384K(29568K)->28384K(29568K) NonClass: 23102K(23680K)->23102K(23680K) Class: 5282K(5888K)->5282K(5888K)
[48.957s][info][gc          ] GC(109) Pause Full (System.gc()) 776M->776M(6144M) 399.193ms
[49.331s][info][gc,metaspace] GC(110) Metaspace: 28384K(29568K)->28384K(29568K) NonClass: 23102K(23680K)->23102K(23680K) Class: 5282K(5888K)->5282K(5888K)
[49.331s][info][gc          ] GC(110) Pause Full (System.gc()) 776M->776M(6144M) 374.706ms
After GCs... 
