Done; will start GCs... 
[11.153s][info][gc,metaspace] GC(3) Metaspace: 28570K(29824K)->28570K(29824K) NonClass: 24995K(25536K)->24995K(25536K) Class: 3575K(4288K)->3575K(4288K)
[11.153s][info][gc          ] GC(3) Pause Full (System.gc()) 796M->776M(6144M) 370.349ms
[11.479s][info][gc,metaspace] GC(4) Metaspace: 28570K(29824K)->28570K(29824K) NonClass: 24995K(25536K)->24995K(25536K) Class: 3575K(4288K)->3575K(4288K)
[11.479s][info][gc          ] GC(4) Pause Full (System.gc()) 776M->776M(6144M) 325.152ms
[11.798s][info][gc,metaspace] GC(5) Metaspace: 28570K(29824K)->28570K(29824K) NonClass: 24995K(25536K)->24995K(25536K) Class: 3575K(4288K)->3575K(4288K)
[11.798s][info][gc          ] GC(5) Pause Full (System.gc()) 776M->776M(6144M) 319.433ms
[12.153s][info][gc,metaspace] GC(6) Metaspace: 28570K(29824K)->28570K(29824K) NonClass: 24995K(25536K)->24995K(25536K) Class: 3575K(4288K)->3575K(4288K)
[12.153s][info][gc          ] GC(6) Pause Full (System.gc()) 776M->776M(6144M) 354.630ms
[12.481s][info][gc,metaspace] GC(7) Metaspace: 28570K(29824K)->28570K(29824K) NonClass: 24995K(25536K)->24995K(25536K) Class: 3575K(4288K)->3575K(4288K)
[12.481s][info][gc          ] GC(7) Pause Full (System.gc()) 776M->776M(6144M) 327.740ms
[12.798s][info][gc,metaspace] GC(8) Metaspace: 28570K(29824K)->28570K(29824K) NonClass: 24995K(25536K)->24995K(25536K) Class: 3575K(4288K)->3575K(4288K)
[12.799s][info][gc          ] GC(8) Pause Full (System.gc()) 776M->776M(6144M) 317.604ms
[13.136s][info][gc,metaspace] GC(9) Metaspace: 28570K(29824K)->28570K(29824K) NonClass: 24995K(25536K)->24995K(25536K) Class: 3575K(4288K)->3575K(4288K)
[13.136s][info][gc          ] GC(9) Pause Full (System.gc()) 776M->776M(6144M) 337.384ms
[13.474s][info][gc,metaspace] GC(10) Metaspace: 28570K(29824K)->28570K(29824K) NonClass: 24995K(25536K)->24995K(25536K) Class: 3575K(4288K)->3575K(4288K)
[13.474s][info][gc          ] GC(10) Pause Full (System.gc()) 776M->776M(6144M) 338.020ms
[13.815s][info][gc,metaspace] GC(11) Metaspace: 28570K(29824K)->28570K(29824K) NonClass: 24995K(25536K)->24995K(25536K) Class: 3575K(4288K)->3575K(4288K)
[13.815s][info][gc          ] GC(11) Pause Full (System.gc()) 776M->776M(6144M) 340.689ms
[14.156s][info][gc,metaspace] GC(12) Metaspace: 28570K(29824K)->28570K(29824K) NonClass: 24995K(25536K)->24995K(25536K) Class: 3575K(4288K)->3575K(4288K)
[14.156s][info][gc          ] GC(12) Pause Full (System.gc()) 776M->776M(6144M) 341.140ms
[14.489s][info][gc,metaspace] GC(13) Metaspace: 28570K(29824K)->28570K(29824K) NonClass: 24995K(25536K)->24995K(25536K) Class: 3575K(4288K)->3575K(4288K)
[14.489s][info][gc          ] GC(13) Pause Full (System.gc()) 776M->776M(6144M) 333.193ms
[14.813s][info][gc,metaspace] GC(14) Metaspace: 28570K(29824K)->28570K(29824K) NonClass: 24995K(25536K)->24995K(25536K) Class: 3575K(4288K)->3575K(4288K)
[14.813s][info][gc          ] GC(14) Pause Full (System.gc()) 776M->776M(6144M) 323.452ms
[15.163s][info][gc,metaspace] GC(15) Metaspace: 28570K(29824K)->28570K(29824K) NonClass: 24995K(25536K)->24995K(25536K) Class: 3575K(4288K)->3575K(4288K)
[15.163s][info][gc          ] GC(15) Pause Full (System.gc()) 776M->776M(6144M) 349.907ms
[15.494s][info][gc,metaspace] GC(16) Metaspace: 28570K(29824K)->28570K(29824K) NonClass: 24995K(25536K)->24995K(25536K) Class: 3575K(4288K)->3575K(4288K)
[15.494s][info][gc          ] GC(16) Pause Full (System.gc()) 776M->776M(6144M) 331.414ms
[15.816s][info][gc,metaspace] GC(17) Metaspace: 28570K(29824K)->28570K(29824K) NonClass: 24995K(25536K)->24995K(25536K) Class: 3575K(4288K)->3575K(4288K)
[15.816s][info][gc          ] GC(17) Pause Full (System.gc()) 776M->776M(6144M) 321.134ms
[16.187s][info][gc,metaspace] GC(18) Metaspace: 28570K(29824K)->28570K(29824K) NonClass: 24995K(25536K)->24995K(25536K) Class: 3575K(4288K)->3575K(4288K)
[16.187s][info][gc          ] GC(18) Pause Full (System.gc()) 776M->776M(6144M) 367.097ms
[16.537s][info][gc,metaspace] GC(19) Metaspace: 28570K(29824K)->28570K(29824K) NonClass: 24995K(25536K)->24995K(25536K) Class: 3575K(4288K)->3575K(4288K)
[16.538s][info][gc          ] GC(19) Pause Full (System.gc()) 776M->776M(6144M) 350.366ms
[16.853s][info][gc,metaspace] GC(20) Metaspace: 28570K(29824K)->28570K(29824K) NonClass: 24995K(25536K)->24995K(25536K) Class: 3575K(4288K)->3575K(4288K)
[16.853s][info][gc          ] GC(20) Pause Full (System.gc()) 776M->776M(6144M) 315.402ms
[17.176s][info][gc,metaspace] GC(21) Metaspace: 28570K(29824K)->28570K(29824K) NonClass: 24995K(25536K)->24995K(25536K) Class: 3575K(4288K)->3575K(4288K)
[17.176s][info][gc          ] GC(21) Pause Full (System.gc()) 776M->776M(6144M) 322.779ms
[17.517s][info][gc,metaspace] GC(22) Metaspace: 28570K(29824K)->28570K(29824K) NonClass: 24995K(25536K)->24995K(25536K) Class: 3575K(4288K)->3575K(4288K)
[17.517s][info][gc          ] GC(22) Pause Full (System.gc()) 776M->776M(6144M) 341.049ms
[17.842s][info][gc,metaspace] GC(23) Metaspace: 28570K(29824K)->28570K(29824K) NonClass: 24995K(25536K)->24995K(25536K) Class: 3575K(4288K)->3575K(4288K)
[17.842s][info][gc          ] GC(23) Pause Full (System.gc()) 776M->776M(6144M) 325.311ms
[18.195s][info][gc,metaspace] GC(24) Metaspace: 28570K(29824K)->28570K(29824K) NonClass: 24995K(25536K)->24995K(25536K) Class: 3575K(4288K)->3575K(4288K)
[18.195s][info][gc          ] GC(24) Pause Full (System.gc()) 776M->776M(6144M) 352.227ms
[18.554s][info][gc,metaspace] GC(25) Metaspace: 28570K(29824K)->28570K(29824K) NonClass: 24995K(25536K)->24995K(25536K) Class: 3575K(4288K)->3575K(4288K)
[18.554s][info][gc          ] GC(25) Pause Full (System.gc()) 776M->776M(6144M) 358.952ms
[18.870s][info][gc,metaspace] GC(26) Metaspace: 28570K(29824K)->28570K(29824K) NonClass: 24995K(25536K)->24995K(25536K) Class: 3575K(4288K)->3575K(4288K)
[18.870s][info][gc          ] GC(26) Pause Full (System.gc()) 776M->776M(6144M) 316.458ms
[19.202s][info][gc,metaspace] GC(27) Metaspace: 28570K(29824K)->28570K(29824K) NonClass: 24995K(25536K)->24995K(25536K) Class: 3575K(4288K)->3575K(4288K)
[19.202s][info][gc          ] GC(27) Pause Full (System.gc()) 776M->776M(6144M) 331.478ms
[19.531s][info][gc,metaspace] GC(28) Metaspace: 28570K(29824K)->28570K(29824K) NonClass: 24995K(25536K)->24995K(25536K) Class: 3575K(4288K)->3575K(4288K)
[19.531s][info][gc          ] GC(28) Pause Full (System.gc()) 776M->776M(6144M) 328.793ms
[19.843s][info][gc,metaspace] GC(29) Metaspace: 28570K(29824K)->28570K(29824K) NonClass: 24995K(25536K)->24995K(25536K) Class: 3575K(4288K)->3575K(4288K)
[19.843s][info][gc          ] GC(29) Pause Full (System.gc()) 776M->776M(6144M) 312.543ms
[20.185s][info][gc,metaspace] GC(30) Metaspace: 28570K(29824K)->28570K(29824K) NonClass: 24995K(25536K)->24995K(25536K) Class: 3575K(4288K)->3575K(4288K)
[20.185s][info][gc          ] GC(30) Pause Full (System.gc()) 776M->776M(6144M) 342.025ms
[20.520s][info][gc,metaspace] GC(31) Metaspace: 28570K(29824K)->28570K(29824K) NonClass: 24995K(25536K)->24995K(25536K) Class: 3575K(4288K)->3575K(4288K)
[20.520s][info][gc          ] GC(31) Pause Full (System.gc()) 776M->776M(6144M) 334.967ms
[20.838s][info][gc,metaspace] GC(32) Metaspace: 28570K(29824K)->28570K(29824K) NonClass: 24995K(25536K)->24995K(25536K) Class: 3575K(4288K)->3575K(4288K)
[20.838s][info][gc          ] GC(32) Pause Full (System.gc()) 776M->776M(6144M) 317.469ms
[21.198s][info][gc,metaspace] GC(33) Metaspace: 28570K(29824K)->28570K(29824K) NonClass: 24995K(25536K)->24995K(25536K) Class: 3575K(4288K)->3575K(4288K)
[21.198s][info][gc          ] GC(33) Pause Full (System.gc()) 776M->776M(6144M) 356.033ms
[21.543s][info][gc,metaspace] GC(34) Metaspace: 28570K(29824K)->28570K(29824K) NonClass: 24995K(25536K)->24995K(25536K) Class: 3575K(4288K)->3575K(4288K)
[21.543s][info][gc          ] GC(34) Pause Full (System.gc()) 776M->776M(6144M) 344.195ms
[21.889s][info][gc,metaspace] GC(35) Metaspace: 28570K(29824K)->28570K(29824K) NonClass: 24995K(25536K)->24995K(25536K) Class: 3575K(4288K)->3575K(4288K)
[21.889s][info][gc          ] GC(35) Pause Full (System.gc()) 776M->776M(6144M) 345.924ms
[22.212s][info][gc,metaspace] GC(36) Metaspace: 28570K(29824K)->28570K(29824K) NonClass: 24995K(25536K)->24995K(25536K) Class: 3575K(4288K)->3575K(4288K)
[22.212s][info][gc          ] GC(36) Pause Full (System.gc()) 776M->776M(6144M) 322.928ms
[22.555s][info][gc,metaspace] GC(37) Metaspace: 28570K(29824K)->28570K(29824K) NonClass: 24995K(25536K)->24995K(25536K) Class: 3575K(4288K)->3575K(4288K)
[22.555s][info][gc          ] GC(37) Pause Full (System.gc()) 776M->776M(6144M) 342.969ms
[22.883s][info][gc,metaspace] GC(38) Metaspace: 28570K(29824K)->28570K(29824K) NonClass: 24995K(25536K)->24995K(25536K) Class: 3575K(4288K)->3575K(4288K)
[22.883s][info][gc          ] GC(38) Pause Full (System.gc()) 776M->776M(6144M) 327.833ms
[23.231s][info][gc,metaspace] GC(39) Metaspace: 28570K(29824K)->28570K(29824K) NonClass: 24995K(25536K)->24995K(25536K) Class: 3575K(4288K)->3575K(4288K)
[23.232s][info][gc          ] GC(39) Pause Full (System.gc()) 776M->776M(6144M) 348.759ms
[23.558s][info][gc,metaspace] GC(40) Metaspace: 28570K(29824K)->28570K(29824K) NonClass: 24995K(25536K)->24995K(25536K) Class: 3575K(4288K)->3575K(4288K)
[23.558s][info][gc          ] GC(40) Pause Full (System.gc()) 776M->776M(6144M) 326.323ms
[23.874s][info][gc,metaspace] GC(41) Metaspace: 28570K(29824K)->28570K(29824K) NonClass: 24995K(25536K)->24995K(25536K) Class: 3575K(4288K)->3575K(4288K)
[23.874s][info][gc          ] GC(41) Pause Full (System.gc()) 776M->776M(6144M) 316.257ms
[24.209s][info][gc,metaspace] GC(42) Metaspace: 28570K(29824K)->28570K(29824K) NonClass: 24995K(25536K)->24995K(25536K) Class: 3575K(4288K)->3575K(4288K)
[24.209s][info][gc          ] GC(42) Pause Full (System.gc()) 776M->776M(6144M) 334.634ms
[24.559s][info][gc,metaspace] GC(43) Metaspace: 28570K(29824K)->28570K(29824K) NonClass: 24995K(25536K)->24995K(25536K) Class: 3575K(4288K)->3575K(4288K)
[24.559s][info][gc          ] GC(43) Pause Full (System.gc()) 776M->776M(6144M) 350.446ms
[24.884s][info][gc,metaspace] GC(44) Metaspace: 28570K(29824K)->28570K(29824K) NonClass: 24995K(25536K)->24995K(25536K) Class: 3575K(4288K)->3575K(4288K)
[24.884s][info][gc          ] GC(44) Pause Full (System.gc()) 776M->776M(6144M) 324.334ms
[25.209s][info][gc,metaspace] GC(45) Metaspace: 28570K(29824K)->28570K(29824K) NonClass: 24995K(25536K)->24995K(25536K) Class: 3575K(4288K)->3575K(4288K)
[25.209s][info][gc          ] GC(45) Pause Full (System.gc()) 776M->776M(6144M) 325.097ms
[25.553s][info][gc,metaspace] GC(46) Metaspace: 28570K(29824K)->28570K(29824K) NonClass: 24995K(25536K)->24995K(25536K) Class: 3575K(4288K)->3575K(4288K)
[25.553s][info][gc          ] GC(46) Pause Full (System.gc()) 776M->776M(6144M) 343.502ms
[25.876s][info][gc,metaspace] GC(47) Metaspace: 28570K(29824K)->28570K(29824K) NonClass: 24995K(25536K)->24995K(25536K) Class: 3575K(4288K)->3575K(4288K)
[25.876s][info][gc          ] GC(47) Pause Full (System.gc()) 776M->776M(6144M) 323.454ms
[26.230s][info][gc,metaspace] GC(48) Metaspace: 28570K(29824K)->28570K(29824K) NonClass: 24995K(25536K)->24995K(25536K) Class: 3575K(4288K)->3575K(4288K)
[26.231s][info][gc          ] GC(48) Pause Full (System.gc()) 776M->776M(6144M) 350.093ms
[26.559s][info][gc,metaspace] GC(49) Metaspace: 28570K(29824K)->28570K(29824K) NonClass: 24995K(25536K)->24995K(25536K) Class: 3575K(4288K)->3575K(4288K)
[26.559s][info][gc          ] GC(49) Pause Full (System.gc()) 776M->776M(6144M) 328.608ms
[26.908s][info][gc,metaspace] GC(50) Metaspace: 28570K(29824K)->28570K(29824K) NonClass: 24995K(25536K)->24995K(25536K) Class: 3575K(4288K)->3575K(4288K)
[26.908s][info][gc          ] GC(50) Pause Full (System.gc()) 776M->776M(6144M) 348.517ms
[27.234s][info][gc,metaspace] GC(51) Metaspace: 28570K(29824K)->28570K(29824K) NonClass: 24995K(25536K)->24995K(25536K) Class: 3575K(4288K)->3575K(4288K)
[27.234s][info][gc          ] GC(51) Pause Full (System.gc()) 776M->776M(6144M) 325.770ms
[27.558s][info][gc,metaspace] GC(52) Metaspace: 28570K(29824K)->28570K(29824K) NonClass: 24995K(25536K)->24995K(25536K) Class: 3575K(4288K)->3575K(4288K)
[27.558s][info][gc          ] GC(52) Pause Full (System.gc()) 776M->776M(6144M) 324.329ms
[27.881s][info][gc,metaspace] GC(53) Metaspace: 28570K(29824K)->28570K(29824K) NonClass: 24995K(25536K)->24995K(25536K) Class: 3575K(4288K)->3575K(4288K)
[27.881s][info][gc          ] GC(53) Pause Full (System.gc()) 776M->776M(6144M) 323.063ms
[28.212s][info][gc,metaspace] GC(54) Metaspace: 28570K(29824K)->28570K(29824K) NonClass: 24995K(25536K)->24995K(25536K) Class: 3575K(4288K)->3575K(4288K)
[28.212s][info][gc          ] GC(54) Pause Full (System.gc()) 776M->776M(6144M) 330.751ms
[28.571s][info][gc,metaspace] GC(55) Metaspace: 28570K(29824K)->28570K(29824K) NonClass: 24995K(25536K)->24995K(25536K) Class: 3575K(4288K)->3575K(4288K)
[28.571s][info][gc          ] GC(55) Pause Full (System.gc()) 776M->776M(6144M) 358.782ms
[28.904s][info][gc,metaspace] GC(56) Metaspace: 28570K(29824K)->28570K(29824K) NonClass: 24995K(25536K)->24995K(25536K) Class: 3575K(4288K)->3575K(4288K)
[28.904s][info][gc          ] GC(56) Pause Full (System.gc()) 776M->776M(6144M) 332.941ms
[29.236s][info][gc,metaspace] GC(57) Metaspace: 28570K(29824K)->28570K(29824K) NonClass: 24995K(25536K)->24995K(25536K) Class: 3575K(4288K)->3575K(4288K)
[29.236s][info][gc          ] GC(57) Pause Full (System.gc()) 776M->776M(6144M) 332.302ms
[29.591s][info][gc,metaspace] GC(58) Metaspace: 28570K(29824K)->28570K(29824K) NonClass: 24995K(25536K)->24995K(25536K) Class: 3575K(4288K)->3575K(4288K)
[29.591s][info][gc          ] GC(58) Pause Full (System.gc()) 776M->776M(6144M) 355.290ms
[29.918s][info][gc,metaspace] GC(59) Metaspace: 28570K(29824K)->28570K(29824K) NonClass: 24995K(25536K)->24995K(25536K) Class: 3575K(4288K)->3575K(4288K)
[29.918s][info][gc          ] GC(59) Pause Full (System.gc()) 776M->776M(6144M) 326.900ms
[30.243s][info][gc,metaspace] GC(60) Metaspace: 28570K(29824K)->28570K(29824K) NonClass: 24995K(25536K)->24995K(25536K) Class: 3575K(4288K)->3575K(4288K)
[30.243s][info][gc          ] GC(60) Pause Full (System.gc()) 776M->776M(6144M) 324.200ms
[30.598s][info][gc,metaspace] GC(61) Metaspace: 28570K(29824K)->28570K(29824K) NonClass: 24995K(25536K)->24995K(25536K) Class: 3575K(4288K)->3575K(4288K)
[30.598s][info][gc          ] GC(61) Pause Full (System.gc()) 776M->776M(6144M) 354.997ms
[30.952s][info][gc,metaspace] GC(62) Metaspace: 28570K(29824K)->28570K(29824K) NonClass: 24995K(25536K)->24995K(25536K) Class: 3575K(4288K)->3575K(4288K)
[30.952s][info][gc          ] GC(62) Pause Full (System.gc()) 776M->776M(6144M) 354.702ms
[31.332s][info][gc,metaspace] GC(63) Metaspace: 28570K(29824K)->28570K(29824K) NonClass: 24995K(25536K)->24995K(25536K) Class: 3575K(4288K)->3575K(4288K)
[31.332s][info][gc          ] GC(63) Pause Full (System.gc()) 776M->776M(6144M) 375.609ms
[31.665s][info][gc,metaspace] GC(64) Metaspace: 28570K(29824K)->28570K(29824K) NonClass: 24995K(25536K)->24995K(25536K) Class: 3575K(4288K)->3575K(4288K)
[31.665s][info][gc          ] GC(64) Pause Full (System.gc()) 776M->776M(6144M) 332.703ms
[31.989s][info][gc,metaspace] GC(65) Metaspace: 28570K(29824K)->28570K(29824K) NonClass: 24995K(25536K)->24995K(25536K) Class: 3575K(4288K)->3575K(4288K)
[31.989s][info][gc          ] GC(65) Pause Full (System.gc()) 776M->776M(6144M) 324.038ms
[32.327s][info][gc,metaspace] GC(66) Metaspace: 28570K(29824K)->28570K(29824K) NonClass: 24995K(25536K)->24995K(25536K) Class: 3575K(4288K)->3575K(4288K)
[32.327s][info][gc          ] GC(66) Pause Full (System.gc()) 776M->776M(6144M) 337.637ms
[32.647s][info][gc,metaspace] GC(67) Metaspace: 28570K(29824K)->28570K(29824K) NonClass: 24995K(25536K)->24995K(25536K) Class: 3575K(4288K)->3575K(4288K)
[32.647s][info][gc          ] GC(67) Pause Full (System.gc()) 776M->776M(6144M) 319.744ms
[32.969s][info][gc,metaspace] GC(68) Metaspace: 28570K(29824K)->28570K(29824K) NonClass: 24995K(25536K)->24995K(25536K) Class: 3575K(4288K)->3575K(4288K)
[32.969s][info][gc          ] GC(68) Pause Full (System.gc()) 776M->776M(6144M) 321.810ms
[33.332s][info][gc,metaspace] GC(69) Metaspace: 28570K(29824K)->28570K(29824K) NonClass: 24995K(25536K)->24995K(25536K) Class: 3575K(4288K)->3575K(4288K)
[33.332s][info][gc          ] GC(69) Pause Full (System.gc()) 776M->776M(6144M) 363.143ms
[33.680s][info][gc,metaspace] GC(70) Metaspace: 28570K(29824K)->28570K(29824K) NonClass: 24995K(25536K)->24995K(25536K) Class: 3575K(4288K)->3575K(4288K)
[33.680s][info][gc          ] GC(70) Pause Full (System.gc()) 776M->776M(6144M) 347.962ms
[33.997s][info][gc,metaspace] GC(71) Metaspace: 28570K(29824K)->28570K(29824K) NonClass: 24995K(25536K)->24995K(25536K) Class: 3575K(4288K)->3575K(4288K)
[33.998s][info][gc          ] GC(71) Pause Full (System.gc()) 776M->776M(6144M) 317.626ms
[34.329s][info][gc,metaspace] GC(72) Metaspace: 28570K(29824K)->28570K(29824K) NonClass: 24995K(25536K)->24995K(25536K) Class: 3575K(4288K)->3575K(4288K)
[34.329s][info][gc          ] GC(72) Pause Full (System.gc()) 776M->776M(6144M) 331.145ms
[34.664s][info][gc,metaspace] GC(73) Metaspace: 28570K(29824K)->28570K(29824K) NonClass: 24995K(25536K)->24995K(25536K) Class: 3575K(4288K)->3575K(4288K)
[34.664s][info][gc          ] GC(73) Pause Full (System.gc()) 776M->776M(6144M) 335.247ms
[35.022s][info][gc,metaspace] GC(74) Metaspace: 28570K(29824K)->28570K(29824K) NonClass: 24995K(25536K)->24995K(25536K) Class: 3575K(4288K)->3575K(4288K)
[35.022s][info][gc          ] GC(74) Pause Full (System.gc()) 776M->776M(6144M) 357.542ms
[35.363s][info][gc,metaspace] GC(75) Metaspace: 28570K(29824K)->28570K(29824K) NonClass: 24995K(25536K)->24995K(25536K) Class: 3575K(4288K)->3575K(4288K)
[35.363s][info][gc          ] GC(75) Pause Full (System.gc()) 776M->776M(6144M) 341.595ms
[35.702s][info][gc,metaspace] GC(76) Metaspace: 28570K(29824K)->28570K(29824K) NonClass: 24995K(25536K)->24995K(25536K) Class: 3575K(4288K)->3575K(4288K)
[35.702s][info][gc          ] GC(76) Pause Full (System.gc()) 776M->776M(6144M) 338.183ms
[36.026s][info][gc,metaspace] GC(77) Metaspace: 28570K(29824K)->28570K(29824K) NonClass: 24995K(25536K)->24995K(25536K) Class: 3575K(4288K)->3575K(4288K)
[36.026s][info][gc          ] GC(77) Pause Full (System.gc()) 776M->776M(6144M) 324.769ms
[36.409s][info][gc,metaspace] GC(78) Metaspace: 28570K(29824K)->28570K(29824K) NonClass: 24995K(25536K)->24995K(25536K) Class: 3575K(4288K)->3575K(4288K)
[36.409s][info][gc          ] GC(78) Pause Full (System.gc()) 776M->776M(6144M) 378.616ms
[36.746s][info][gc,metaspace] GC(79) Metaspace: 28570K(29824K)->28570K(29824K) NonClass: 24995K(25536K)->24995K(25536K) Class: 3575K(4288K)->3575K(4288K)
[36.746s][info][gc          ] GC(79) Pause Full (System.gc()) 776M->776M(6144M) 336.335ms
[37.084s][info][gc,metaspace] GC(80) Metaspace: 28570K(29824K)->28570K(29824K) NonClass: 24995K(25536K)->24995K(25536K) Class: 3575K(4288K)->3575K(4288K)
[37.084s][info][gc          ] GC(80) Pause Full (System.gc()) 776M->776M(6144M) 337.845ms
[37.415s][info][gc,metaspace] GC(81) Metaspace: 28570K(29824K)->28570K(29824K) NonClass: 24995K(25536K)->24995K(25536K) Class: 3575K(4288K)->3575K(4288K)
[37.415s][info][gc          ] GC(81) Pause Full (System.gc()) 776M->776M(6144M) 331.687ms
[37.735s][info][gc,metaspace] GC(82) Metaspace: 28570K(29824K)->28570K(29824K) NonClass: 24995K(25536K)->24995K(25536K) Class: 3575K(4288K)->3575K(4288K)
[37.735s][info][gc          ] GC(82) Pause Full (System.gc()) 776M->776M(6144M) 319.140ms
[38.075s][info][gc,metaspace] GC(83) Metaspace: 28570K(29824K)->28570K(29824K) NonClass: 24995K(25536K)->24995K(25536K) Class: 3575K(4288K)->3575K(4288K)
[38.075s][info][gc          ] GC(83) Pause Full (System.gc()) 776M->776M(6144M) 340.427ms
[38.440s][info][gc,metaspace] GC(84) Metaspace: 28570K(29824K)->28570K(29824K) NonClass: 24995K(25536K)->24995K(25536K) Class: 3575K(4288K)->3575K(4288K)
[38.440s][info][gc          ] GC(84) Pause Full (System.gc()) 776M->776M(6144M) 364.516ms
[38.763s][info][gc,metaspace] GC(85) Metaspace: 28570K(29824K)->28570K(29824K) NonClass: 24995K(25536K)->24995K(25536K) Class: 3575K(4288K)->3575K(4288K)
[38.763s][info][gc          ] GC(85) Pause Full (System.gc()) 776M->776M(6144M) 323.173ms
[39.090s][info][gc,metaspace] GC(86) Metaspace: 28570K(29824K)->28570K(29824K) NonClass: 24995K(25536K)->24995K(25536K) Class: 3575K(4288K)->3575K(4288K)
[39.090s][info][gc          ] GC(86) Pause Full (System.gc()) 776M->776M(6144M) 326.979ms
[39.426s][info][gc,metaspace] GC(87) Metaspace: 28570K(29824K)->28570K(29824K) NonClass: 24995K(25536K)->24995K(25536K) Class: 3575K(4288K)->3575K(4288K)
[39.426s][info][gc          ] GC(87) Pause Full (System.gc()) 776M->776M(6144M) 336.316ms
[39.759s][info][gc,metaspace] GC(88) Metaspace: 28570K(29824K)->28570K(29824K) NonClass: 24995K(25536K)->24995K(25536K) Class: 3575K(4288K)->3575K(4288K)
[39.759s][info][gc          ] GC(88) Pause Full (System.gc()) 776M->776M(6144M) 332.771ms
[40.092s][info][gc,metaspace] GC(89) Metaspace: 28570K(29824K)->28570K(29824K) NonClass: 24995K(25536K)->24995K(25536K) Class: 3575K(4288K)->3575K(4288K)
[40.092s][info][gc          ] GC(89) Pause Full (System.gc()) 776M->776M(6144M) 332.744ms
[40.471s][info][gc,metaspace] GC(90) Metaspace: 28570K(29824K)->28570K(29824K) NonClass: 24995K(25536K)->24995K(25536K) Class: 3575K(4288K)->3575K(4288K)
[40.471s][info][gc          ] GC(90) Pause Full (System.gc()) 776M->776M(6144M) 379.461ms
[40.812s][info][gc,metaspace] GC(91) Metaspace: 28570K(29824K)->28570K(29824K) NonClass: 24995K(25536K)->24995K(25536K) Class: 3575K(4288K)->3575K(4288K)
[40.812s][info][gc          ] GC(91) Pause Full (System.gc()) 776M->776M(6144M) 340.316ms
[41.137s][info][gc,metaspace] GC(92) Metaspace: 28570K(29824K)->28570K(29824K) NonClass: 24995K(25536K)->24995K(25536K) Class: 3575K(4288K)->3575K(4288K)
[41.137s][info][gc          ] GC(92) Pause Full (System.gc()) 776M->776M(6144M) 325.177ms
[41.509s][info][gc,metaspace] GC(93) Metaspace: 28570K(29824K)->28570K(29824K) NonClass: 24995K(25536K)->24995K(25536K) Class: 3575K(4288K)->3575K(4288K)
[41.509s][info][gc          ] GC(93) Pause Full (System.gc()) 776M->776M(6144M) 367.848ms
[41.856s][info][gc,metaspace] GC(94) Metaspace: 28570K(29824K)->28570K(29824K) NonClass: 24995K(25536K)->24995K(25536K) Class: 3575K(4288K)->3575K(4288K)
[41.856s][info][gc          ] GC(94) Pause Full (System.gc()) 776M->776M(6144M) 347.189ms
[42.182s][info][gc,metaspace] GC(95) Metaspace: 28570K(29824K)->28570K(29824K) NonClass: 24995K(25536K)->24995K(25536K) Class: 3575K(4288K)->3575K(4288K)
[42.182s][info][gc          ] GC(95) Pause Full (System.gc()) 776M->776M(6144M) 325.528ms
[42.517s][info][gc,metaspace] GC(96) Metaspace: 28570K(29824K)->28570K(29824K) NonClass: 24995K(25536K)->24995K(25536K) Class: 3575K(4288K)->3575K(4288K)
[42.518s][info][gc          ] GC(96) Pause Full (System.gc()) 776M->776M(6144M) 335.426ms
[42.867s][info][gc,metaspace] GC(97) Metaspace: 28570K(29824K)->28570K(29824K) NonClass: 24995K(25536K)->24995K(25536K) Class: 3575K(4288K)->3575K(4288K)
[42.868s][info][gc          ] GC(97) Pause Full (System.gc()) 776M->776M(6144M) 349.913ms
[43.202s][info][gc,metaspace] GC(98) Metaspace: 28570K(29824K)->28570K(29824K) NonClass: 24995K(25536K)->24995K(25536K) Class: 3575K(4288K)->3575K(4288K)
[43.202s][info][gc          ] GC(98) Pause Full (System.gc()) 776M->776M(6144M) 334.319ms
[43.529s][info][gc,metaspace] GC(99) Metaspace: 28570K(29824K)->28570K(29824K) NonClass: 24995K(25536K)->24995K(25536K) Class: 3575K(4288K)->3575K(4288K)
[43.529s][info][gc          ] GC(99) Pause Full (System.gc()) 776M->776M(6144M) 326.670ms
[43.850s][info][gc,metaspace] GC(100) Metaspace: 28570K(29824K)->28570K(29824K) NonClass: 24995K(25536K)->24995K(25536K) Class: 3575K(4288K)->3575K(4288K)
[43.850s][info][gc          ] GC(100) Pause Full (System.gc()) 776M->776M(6144M) 321.354ms
[44.200s][info][gc,metaspace] GC(101) Metaspace: 28570K(29824K)->28570K(29824K) NonClass: 24995K(25536K)->24995K(25536K) Class: 3575K(4288K)->3575K(4288K)
[44.200s][info][gc          ] GC(101) Pause Full (System.gc()) 776M->776M(6144M) 350.241ms
[44.556s][info][gc,metaspace] GC(102) Metaspace: 28570K(29824K)->28570K(29824K) NonClass: 24995K(25536K)->24995K(25536K) Class: 3575K(4288K)->3575K(4288K)
[44.556s][info][gc          ] GC(102) Pause Full (System.gc()) 776M->776M(6144M) 355.449ms
After GCs... 
