Done; will start GCs... 
[14.609s][info   ][gc,metaspace] GC(27) Metaspace: 12604K(13056K)->12604K(13056K) NonClass: 10433K(10624K)->10433K(10624K) Class: 2170K(2432K)->2170K(2432K)
[14.609s][info   ][gc          ] GC(27) Pause Full (System.gc()) 1645M->1643M(6144M) 657.147ms
[15.298s][info   ][gc,metaspace] GC(28) Metaspace: 12604K(13056K)->12604K(13056K) NonClass: 10433K(10624K)->10433K(10624K) Class: 2170K(2432K)->2170K(2432K)
[15.298s][info   ][gc          ] GC(28) Pause Full (System.gc()) 1643M->1643M(6144M) 688.214ms
[15.966s][info   ][gc,metaspace] GC(29) Metaspace: 12604K(13056K)->12604K(13056K) NonClass: 10433K(10624K)->10433K(10624K) Class: 2170K(2432K)->2170K(2432K)
[15.966s][info   ][gc          ] GC(29) Pause Full (System.gc()) 1643M->1643M(6144M) 668.385ms
[16.634s][info   ][gc,metaspace] GC(30) Metaspace: 12604K(13056K)->12604K(13056K) NonClass: 10433K(10624K)->10433K(10624K) Class: 2170K(2432K)->2170K(2432K)
[16.634s][info   ][gc          ] GC(30) Pause Full (System.gc()) 1643M->1643M(6144M) 667.335ms
[17.242s][info   ][gc,metaspace] GC(31) Metaspace: 12604K(13056K)->12604K(13056K) NonClass: 10433K(10624K)->10433K(10624K) Class: 2170K(2432K)->2170K(2432K)
[17.242s][info   ][gc          ] GC(31) Pause Full (System.gc()) 1643M->1643M(6144M) 608.030ms
[17.847s][info   ][gc,metaspace] GC(32) Metaspace: 12604K(13056K)->12604K(13056K) NonClass: 10433K(10624K)->10433K(10624K) Class: 2170K(2432K)->2170K(2432K)
[17.847s][info   ][gc          ] GC(32) Pause Full (System.gc()) 1643M->1643M(6144M) 605.785ms
[18.456s][info   ][gc,metaspace] GC(33) Metaspace: 12604K(13056K)->12604K(13056K) NonClass: 10433K(10624K)->10433K(10624K) Class: 2170K(2432K)->2170K(2432K)
[18.456s][info   ][gc          ] GC(33) Pause Full (System.gc()) 1643M->1643M(6144M) 608.772ms
[19.072s][info   ][gc,metaspace] GC(34) Metaspace: 12604K(13056K)->12604K(13056K) NonClass: 10433K(10624K)->10433K(10624K) Class: 2170K(2432K)->2170K(2432K)
[19.072s][info   ][gc          ] GC(34) Pause Full (System.gc()) 1643M->1643M(6144M) 615.994ms
[19.679s][info   ][gc,metaspace] GC(35) Metaspace: 12604K(13056K)->12604K(13056K) NonClass: 10433K(10624K)->10433K(10624K) Class: 2170K(2432K)->2170K(2432K)
[19.679s][info   ][gc          ] GC(35) Pause Full (System.gc()) 1643M->1643M(6144M) 606.632ms
[20.299s][info   ][gc,metaspace] GC(36) Metaspace: 12604K(13056K)->12604K(13056K) NonClass: 10433K(10624K)->10433K(10624K) Class: 2170K(2432K)->2170K(2432K)
[20.299s][info   ][gc          ] GC(36) Pause Full (System.gc()) 1643M->1643M(6144M) 620.148ms
[20.912s][info   ][gc,metaspace] GC(37) Metaspace: 12604K(13056K)->12604K(13056K) NonClass: 10433K(10624K)->10433K(10624K) Class: 2170K(2432K)->2170K(2432K)
[20.912s][info   ][gc          ] GC(37) Pause Full (System.gc()) 1643M->1643M(6144M) 612.580ms
[21.521s][info   ][gc,metaspace] GC(38) Metaspace: 12604K(13056K)->12604K(13056K) NonClass: 10433K(10624K)->10433K(10624K) Class: 2170K(2432K)->2170K(2432K)
[21.521s][info   ][gc          ] GC(38) Pause Full (System.gc()) 1643M->1643M(6144M) 608.759ms
[22.133s][info   ][gc,metaspace] GC(39) Metaspace: 12604K(13056K)->12604K(13056K) NonClass: 10433K(10624K)->10433K(10624K) Class: 2170K(2432K)->2170K(2432K)
[22.133s][info   ][gc          ] GC(39) Pause Full (System.gc()) 1643M->1643M(6144M) 612.533ms
[22.754s][info   ][gc,metaspace] GC(40) Metaspace: 12604K(13056K)->12604K(13056K) NonClass: 10433K(10624K)->10433K(10624K) Class: 2170K(2432K)->2170K(2432K)
[22.755s][info   ][gc          ] GC(40) Pause Full (System.gc()) 1643M->1643M(6144M) 621.031ms
[23.368s][info   ][gc,metaspace] GC(41) Metaspace: 12604K(13056K)->12604K(13056K) NonClass: 10433K(10624K)->10433K(10624K) Class: 2170K(2432K)->2170K(2432K)
[23.368s][info   ][gc          ] GC(41) Pause Full (System.gc()) 1643M->1643M(6144M) 613.113ms
[24.000s][info   ][gc,metaspace] GC(42) Metaspace: 12604K(13056K)->12604K(13056K) NonClass: 10433K(10624K)->10433K(10624K) Class: 2170K(2432K)->2170K(2432K)
[24.004s][info   ][gc          ] GC(42) Pause Full (System.gc()) 1643M->1643M(6144M) 636.199ms
[24.612s][info   ][gc,metaspace] GC(43) Metaspace: 12604K(13056K)->12604K(13056K) NonClass: 10433K(10624K)->10433K(10624K) Class: 2170K(2432K)->2170K(2432K)
[24.612s][info   ][gc          ] GC(43) Pause Full (System.gc()) 1643M->1643M(6144M) 608.184ms
[25.222s][info   ][gc,metaspace] GC(44) Metaspace: 12604K(13056K)->12604K(13056K) NonClass: 10433K(10624K)->10433K(10624K) Class: 2170K(2432K)->2170K(2432K)
[25.222s][info   ][gc          ] GC(44) Pause Full (System.gc()) 1643M->1643M(6144M) 609.525ms
[25.830s][info   ][gc,metaspace] GC(45) Metaspace: 12604K(13056K)->12604K(13056K) NonClass: 10433K(10624K)->10433K(10624K) Class: 2170K(2432K)->2170K(2432K)
[25.830s][info   ][gc          ] GC(45) Pause Full (System.gc()) 1643M->1643M(6144M) 607.846ms
[26.433s][info   ][gc,metaspace] GC(46) Metaspace: 12604K(13056K)->12604K(13056K) NonClass: 10433K(10624K)->10433K(10624K) Class: 2170K(2432K)->2170K(2432K)
[26.433s][info   ][gc          ] GC(46) Pause Full (System.gc()) 1643M->1643M(6144M) 603.259ms
[27.048s][info   ][gc,metaspace] GC(47) Metaspace: 12604K(13056K)->12604K(13056K) NonClass: 10433K(10624K)->10433K(10624K) Class: 2170K(2432K)->2170K(2432K)
[27.048s][info   ][gc          ] GC(47) Pause Full (System.gc()) 1643M->1643M(6144M) 614.747ms
[27.651s][info   ][gc,metaspace] GC(48) Metaspace: 12604K(13056K)->12604K(13056K) NonClass: 10433K(10624K)->10433K(10624K) Class: 2170K(2432K)->2170K(2432K)
[27.651s][info   ][gc          ] GC(48) Pause Full (System.gc()) 1643M->1643M(6144M) 602.734ms
[28.265s][info   ][gc,metaspace] GC(49) Metaspace: 12604K(13056K)->12604K(13056K) NonClass: 10433K(10624K)->10433K(10624K) Class: 2170K(2432K)->2170K(2432K)
[28.265s][info   ][gc          ] GC(49) Pause Full (System.gc()) 1643M->1643M(6144M) 614.608ms
[28.880s][info   ][gc,metaspace] GC(50) Metaspace: 12604K(13056K)->12604K(13056K) NonClass: 10433K(10624K)->10433K(10624K) Class: 2170K(2432K)->2170K(2432K)
[28.880s][info   ][gc          ] GC(50) Pause Full (System.gc()) 1643M->1643M(6144M) 614.125ms
[29.490s][info   ][gc,metaspace] GC(51) Metaspace: 12604K(13056K)->12604K(13056K) NonClass: 10433K(10624K)->10433K(10624K) Class: 2170K(2432K)->2170K(2432K)
[29.490s][info   ][gc          ] GC(51) Pause Full (System.gc()) 1643M->1643M(6144M) 610.362ms
[30.110s][info   ][gc,metaspace] GC(52) Metaspace: 12604K(13056K)->12604K(13056K) NonClass: 10433K(10624K)->10433K(10624K) Class: 2170K(2432K)->2170K(2432K)
[30.110s][info   ][gc          ] GC(52) Pause Full (System.gc()) 1643M->1643M(6144M) 619.967ms
[30.718s][info   ][gc,metaspace] GC(53) Metaspace: 12604K(13056K)->12604K(13056K) NonClass: 10433K(10624K)->10433K(10624K) Class: 2170K(2432K)->2170K(2432K)
[30.718s][info   ][gc          ] GC(53) Pause Full (System.gc()) 1643M->1643M(6144M) 608.303ms
[31.337s][info   ][gc,metaspace] GC(54) Metaspace: 12604K(13056K)->12604K(13056K) NonClass: 10433K(10624K)->10433K(10624K) Class: 2170K(2432K)->2170K(2432K)
[31.337s][info   ][gc          ] GC(54) Pause Full (System.gc()) 1643M->1643M(6144M) 618.680ms
[31.945s][info   ][gc,metaspace] GC(55) Metaspace: 12604K(13056K)->12604K(13056K) NonClass: 10433K(10624K)->10433K(10624K) Class: 2170K(2432K)->2170K(2432K)
[31.945s][info   ][gc          ] GC(55) Pause Full (System.gc()) 1643M->1643M(6144M) 607.886ms
[32.551s][info   ][gc,metaspace] GC(56) Metaspace: 12604K(13056K)->12604K(13056K) NonClass: 10433K(10624K)->10433K(10624K) Class: 2170K(2432K)->2170K(2432K)
[32.551s][info   ][gc          ] GC(56) Pause Full (System.gc()) 1643M->1643M(6144M) 605.507ms
[33.173s][info   ][gc,metaspace] GC(57) Metaspace: 12604K(13056K)->12604K(13056K) NonClass: 10433K(10624K)->10433K(10624K) Class: 2170K(2432K)->2170K(2432K)
[33.173s][info   ][gc          ] GC(57) Pause Full (System.gc()) 1643M->1643M(6144M) 622.194ms
[33.784s][info   ][gc,metaspace] GC(58) Metaspace: 12604K(13056K)->12604K(13056K) NonClass: 10433K(10624K)->10433K(10624K) Class: 2170K(2432K)->2170K(2432K)
[33.784s][info   ][gc          ] GC(58) Pause Full (System.gc()) 1643M->1643M(6144M) 610.880ms
[34.409s][info   ][gc,metaspace] GC(59) Metaspace: 12604K(13056K)->12604K(13056K) NonClass: 10433K(10624K)->10433K(10624K) Class: 2170K(2432K)->2170K(2432K)
[34.409s][info   ][gc          ] GC(59) Pause Full (System.gc()) 1643M->1643M(6144M) 625.320ms
[35.024s][info   ][gc,metaspace] GC(60) Metaspace: 12604K(13056K)->12604K(13056K) NonClass: 10433K(10624K)->10433K(10624K) Class: 2170K(2432K)->2170K(2432K)
[35.024s][info   ][gc          ] GC(60) Pause Full (System.gc()) 1643M->1643M(6144M) 614.782ms
[35.631s][info   ][gc,metaspace] GC(61) Metaspace: 12604K(13056K)->12604K(13056K) NonClass: 10433K(10624K)->10433K(10624K) Class: 2170K(2432K)->2170K(2432K)
[35.631s][info   ][gc          ] GC(61) Pause Full (System.gc()) 1643M->1643M(6144M) 606.987ms
[36.250s][info   ][gc,metaspace] GC(62) Metaspace: 12604K(13056K)->12604K(13056K) NonClass: 10433K(10624K)->10433K(10624K) Class: 2170K(2432K)->2170K(2432K)
[36.250s][info   ][gc          ] GC(62) Pause Full (System.gc()) 1643M->1643M(6144M) 618.588ms
[36.859s][info   ][gc,metaspace] GC(63) Metaspace: 12604K(13056K)->12604K(13056K) NonClass: 10433K(10624K)->10433K(10624K) Class: 2170K(2432K)->2170K(2432K)
[36.859s][info   ][gc          ] GC(63) Pause Full (System.gc()) 1643M->1643M(6144M) 608.945ms
[37.473s][info   ][gc,metaspace] GC(64) Metaspace: 12604K(13056K)->12604K(13056K) NonClass: 10433K(10624K)->10433K(10624K) Class: 2170K(2432K)->2170K(2432K)
[37.473s][info   ][gc          ] GC(64) Pause Full (System.gc()) 1643M->1643M(6144M) 614.323ms
[38.081s][info   ][gc,metaspace] GC(65) Metaspace: 12604K(13056K)->12604K(13056K) NonClass: 10433K(10624K)->10433K(10624K) Class: 2170K(2432K)->2170K(2432K)
[38.081s][info   ][gc          ] GC(65) Pause Full (System.gc()) 1643M->1643M(6144M) 608.018ms
[38.706s][info   ][gc,metaspace] GC(66) Metaspace: 12604K(13056K)->12604K(13056K) NonClass: 10433K(10624K)->10433K(10624K) Class: 2170K(2432K)->2170K(2432K)
[38.706s][info   ][gc          ] GC(66) Pause Full (System.gc()) 1643M->1643M(6144M) 624.688ms
[39.318s][info   ][gc,metaspace] GC(67) Metaspace: 12604K(13056K)->12604K(13056K) NonClass: 10433K(10624K)->10433K(10624K) Class: 2170K(2432K)->2170K(2432K)
[39.318s][info   ][gc          ] GC(67) Pause Full (System.gc()) 1643M->1643M(6144M) 611.643ms
[39.922s][info   ][gc,metaspace] GC(68) Metaspace: 12604K(13056K)->12604K(13056K) NonClass: 10433K(10624K)->10433K(10624K) Class: 2170K(2432K)->2170K(2432K)
[39.922s][info   ][gc          ] GC(68) Pause Full (System.gc()) 1643M->1643M(6144M) 603.923ms
[40.534s][info   ][gc,metaspace] GC(69) Metaspace: 12604K(13056K)->12604K(13056K) NonClass: 10433K(10624K)->10433K(10624K) Class: 2170K(2432K)->2170K(2432K)
[40.534s][info   ][gc          ] GC(69) Pause Full (System.gc()) 1643M->1643M(6144M) 611.737ms
[41.144s][info   ][gc,metaspace] GC(70) Metaspace: 12604K(13056K)->12604K(13056K) NonClass: 10433K(10624K)->10433K(10624K) Class: 2170K(2432K)->2170K(2432K)
[41.144s][info   ][gc          ] GC(70) Pause Full (System.gc()) 1643M->1643M(6144M) 609.974ms
[41.750s][info   ][gc,metaspace] GC(71) Metaspace: 12604K(13056K)->12604K(13056K) NonClass: 10433K(10624K)->10433K(10624K) Class: 2170K(2432K)->2170K(2432K)
[41.750s][info   ][gc          ] GC(71) Pause Full (System.gc()) 1643M->1643M(6144M) 606.250ms
[42.366s][info   ][gc,metaspace] GC(72) Metaspace: 12604K(13056K)->12604K(13056K) NonClass: 10433K(10624K)->10433K(10624K) Class: 2170K(2432K)->2170K(2432K)
[42.366s][info   ][gc          ] GC(72) Pause Full (System.gc()) 1643M->1643M(6144M) 615.770ms
[42.981s][info   ][gc,metaspace] GC(73) Metaspace: 12604K(13056K)->12604K(13056K) NonClass: 10433K(10624K)->10433K(10624K) Class: 2170K(2432K)->2170K(2432K)
[42.982s][info   ][gc          ] GC(73) Pause Full (System.gc()) 1643M->1643M(6144M) 615.740ms
[43.597s][info   ][gc,metaspace] GC(74) Metaspace: 12604K(13056K)->12604K(13056K) NonClass: 10433K(10624K)->10433K(10624K) Class: 2170K(2432K)->2170K(2432K)
[43.597s][info   ][gc          ] GC(74) Pause Full (System.gc()) 1643M->1643M(6144M) 615.088ms
[44.202s][info   ][gc,metaspace] GC(75) Metaspace: 12604K(13056K)->12604K(13056K) NonClass: 10433K(10624K)->10433K(10624K) Class: 2170K(2432K)->2170K(2432K)
[44.202s][info   ][gc          ] GC(75) Pause Full (System.gc()) 1643M->1643M(6144M) 604.950ms
[44.815s][info   ][gc,metaspace] GC(76) Metaspace: 12604K(13056K)->12604K(13056K) NonClass: 10433K(10624K)->10433K(10624K) Class: 2170K(2432K)->2170K(2432K)
[44.815s][info   ][gc          ] GC(76) Pause Full (System.gc()) 1643M->1643M(6144M) 613.373ms
After GCs... 
