Done; will start GCs... 
[13.997s][info   ][gc,metaspace] GC(27) Metaspace: 12606K(13120K)->12606K(13120K) NonClass: 10437K(10688K)->10437K(10688K) Class: 2169K(2432K)->2169K(2432K)
[13.997s][info   ][gc          ] GC(27) Pause Full (System.gc()) 1645M->1643M(6144M) 593.756ms
[14.593s][info   ][gc,metaspace] GC(28) Metaspace: 12606K(13120K)->12606K(13120K) NonClass: 10437K(10688K)->10437K(10688K) Class: 2169K(2432K)->2169K(2432K)
[14.593s][info   ][gc          ] GC(28) Pause Full (System.gc()) 1643M->1643M(6144M) 596.018ms
[15.194s][info   ][gc,metaspace] GC(29) Metaspace: 12606K(13120K)->12606K(13120K) NonClass: 10437K(10688K)->10437K(10688K) Class: 2169K(2432K)->2169K(2432K)
[15.194s][info   ][gc          ] GC(29) Pause Full (System.gc()) 1643M->1643M(6144M) 600.744ms
[15.795s][info   ][gc,metaspace] GC(30) Metaspace: 12606K(13120K)->12606K(13120K) NonClass: 10437K(10688K)->10437K(10688K) Class: 2169K(2432K)->2169K(2432K)
[15.795s][info   ][gc          ] GC(30) Pause Full (System.gc()) 1643M->1643M(6144M) 600.655ms
[16.398s][info   ][gc,metaspace] GC(31) Metaspace: 12606K(13120K)->12606K(13120K) NonClass: 10437K(10688K)->10437K(10688K) Class: 2169K(2432K)->2169K(2432K)
[16.398s][info   ][gc          ] GC(31) Pause Full (System.gc()) 1643M->1643M(6144M) 603.096ms
[16.997s][info   ][gc,metaspace] GC(32) Metaspace: 12606K(13120K)->12606K(13120K) NonClass: 10437K(10688K)->10437K(10688K) Class: 2169K(2432K)->2169K(2432K)
[16.997s][info   ][gc          ] GC(32) Pause Full (System.gc()) 1643M->1643M(6144M) 599.211ms
[17.591s][info   ][gc,metaspace] GC(33) Metaspace: 12606K(13120K)->12606K(13120K) NonClass: 10437K(10688K)->10437K(10688K) Class: 2169K(2432K)->2169K(2432K)
[17.591s][info   ][gc          ] GC(33) Pause Full (System.gc()) 1643M->1643M(6144M) 593.971ms
[18.187s][info   ][gc,metaspace] GC(34) Metaspace: 12606K(13120K)->12606K(13120K) NonClass: 10437K(10688K)->10437K(10688K) Class: 2169K(2432K)->2169K(2432K)
[18.187s][info   ][gc          ] GC(34) Pause Full (System.gc()) 1643M->1643M(6144M) 595.867ms
[18.791s][info   ][gc,metaspace] GC(35) Metaspace: 12606K(13120K)->12606K(13120K) NonClass: 10437K(10688K)->10437K(10688K) Class: 2169K(2432K)->2169K(2432K)
[18.791s][info   ][gc          ] GC(35) Pause Full (System.gc()) 1643M->1643M(6144M) 603.963ms
[19.396s][info   ][gc,metaspace] GC(36) Metaspace: 12606K(13120K)->12606K(13120K) NonClass: 10437K(10688K)->10437K(10688K) Class: 2169K(2432K)->2169K(2432K)
[19.396s][info   ][gc          ] GC(36) Pause Full (System.gc()) 1643M->1643M(6144M) 604.962ms
[19.994s][info   ][gc,metaspace] GC(37) Metaspace: 12606K(13120K)->12606K(13120K) NonClass: 10437K(10688K)->10437K(10688K) Class: 2169K(2432K)->2169K(2432K)
[19.994s][info   ][gc          ] GC(37) Pause Full (System.gc()) 1643M->1643M(6144M) 597.340ms
[20.585s][info   ][gc,metaspace] GC(38) Metaspace: 12606K(13120K)->12606K(13120K) NonClass: 10437K(10688K)->10437K(10688K) Class: 2169K(2432K)->2169K(2432K)
[20.585s][info   ][gc          ] GC(38) Pause Full (System.gc()) 1643M->1643M(6144M) 590.946ms
[21.184s][info   ][gc,metaspace] GC(39) Metaspace: 12606K(13120K)->12606K(13120K) NonClass: 10437K(10688K)->10437K(10688K) Class: 2169K(2432K)->2169K(2432K)
[21.184s][info   ][gc          ] GC(39) Pause Full (System.gc()) 1643M->1643M(6144M) 598.588ms
[21.777s][info   ][gc,metaspace] GC(40) Metaspace: 12606K(13120K)->12606K(13120K) NonClass: 10437K(10688K)->10437K(10688K) Class: 2169K(2432K)->2169K(2432K)
[21.777s][info   ][gc          ] GC(40) Pause Full (System.gc()) 1643M->1643M(6144M) 593.423ms
[22.368s][info   ][gc,metaspace] GC(41) Metaspace: 12606K(13120K)->12606K(13120K) NonClass: 10437K(10688K)->10437K(10688K) Class: 2169K(2432K)->2169K(2432K)
[22.368s][info   ][gc          ] GC(41) Pause Full (System.gc()) 1643M->1643M(6144M) 590.873ms
[22.967s][info   ][gc,metaspace] GC(42) Metaspace: 12606K(13120K)->12606K(13120K) NonClass: 10437K(10688K)->10437K(10688K) Class: 2169K(2432K)->2169K(2432K)
[22.967s][info   ][gc          ] GC(42) Pause Full (System.gc()) 1643M->1643M(6144M) 599.310ms
[23.552s][info   ][gc,metaspace] GC(43) Metaspace: 12606K(13120K)->12606K(13120K) NonClass: 10437K(10688K)->10437K(10688K) Class: 2169K(2432K)->2169K(2432K)
[23.552s][info   ][gc          ] GC(43) Pause Full (System.gc()) 1643M->1643M(6144M) 584.389ms
[24.147s][info   ][gc,metaspace] GC(44) Metaspace: 12606K(13120K)->12606K(13120K) NonClass: 10437K(10688K)->10437K(10688K) Class: 2169K(2432K)->2169K(2432K)
[24.147s][info   ][gc          ] GC(44) Pause Full (System.gc()) 1643M->1643M(6144M) 594.942ms
[24.746s][info   ][gc,metaspace] GC(45) Metaspace: 12606K(13120K)->12606K(13120K) NonClass: 10437K(10688K)->10437K(10688K) Class: 2169K(2432K)->2169K(2432K)
[24.746s][info   ][gc          ] GC(45) Pause Full (System.gc()) 1643M->1643M(6144M) 599.543ms
[25.340s][info   ][gc,metaspace] GC(46) Metaspace: 12606K(13120K)->12606K(13120K) NonClass: 10437K(10688K)->10437K(10688K) Class: 2169K(2432K)->2169K(2432K)
[25.341s][info   ][gc          ] GC(46) Pause Full (System.gc()) 1643M->1643M(6144M) 594.028ms
[25.933s][info   ][gc,metaspace] GC(47) Metaspace: 12606K(13120K)->12606K(13120K) NonClass: 10437K(10688K)->10437K(10688K) Class: 2169K(2432K)->2169K(2432K)
[25.933s][info   ][gc          ] GC(47) Pause Full (System.gc()) 1643M->1643M(6144M) 592.597ms
[26.530s][info   ][gc,metaspace] GC(48) Metaspace: 12606K(13120K)->12606K(13120K) NonClass: 10437K(10688K)->10437K(10688K) Class: 2169K(2432K)->2169K(2432K)
[26.530s][info   ][gc          ] GC(48) Pause Full (System.gc()) 1643M->1643M(6144M) 596.515ms
[27.127s][info   ][gc,metaspace] GC(49) Metaspace: 12606K(13120K)->12606K(13120K) NonClass: 10437K(10688K)->10437K(10688K) Class: 2169K(2432K)->2169K(2432K)
[27.127s][info   ][gc          ] GC(49) Pause Full (System.gc()) 1643M->1643M(6144M) 596.945ms
[27.726s][info   ][gc,metaspace] GC(50) Metaspace: 12606K(13120K)->12606K(13120K) NonClass: 10437K(10688K)->10437K(10688K) Class: 2169K(2432K)->2169K(2432K)
[27.726s][info   ][gc          ] GC(50) Pause Full (System.gc()) 1643M->1643M(6144M) 599.572ms
[28.319s][info   ][gc,metaspace] GC(51) Metaspace: 12606K(13120K)->12606K(13120K) NonClass: 10437K(10688K)->10437K(10688K) Class: 2169K(2432K)->2169K(2432K)
[28.319s][info   ][gc          ] GC(51) Pause Full (System.gc()) 1643M->1643M(6144M) 592.570ms
[28.920s][info   ][gc,metaspace] GC(52) Metaspace: 12606K(13120K)->12606K(13120K) NonClass: 10437K(10688K)->10437K(10688K) Class: 2169K(2432K)->2169K(2432K)
[28.920s][info   ][gc          ] GC(52) Pause Full (System.gc()) 1643M->1643M(6144M) 601.323ms
[29.517s][info   ][gc,metaspace] GC(53) Metaspace: 12606K(13120K)->12606K(13120K) NonClass: 10437K(10688K)->10437K(10688K) Class: 2169K(2432K)->2169K(2432K)
[29.517s][info   ][gc          ] GC(53) Pause Full (System.gc()) 1643M->1643M(6144M) 596.254ms
[30.111s][info   ][gc,metaspace] GC(54) Metaspace: 12606K(13120K)->12606K(13120K) NonClass: 10437K(10688K)->10437K(10688K) Class: 2169K(2432K)->2169K(2432K)
[30.111s][info   ][gc          ] GC(54) Pause Full (System.gc()) 1643M->1643M(6144M) 594.642ms
[30.712s][info   ][gc,metaspace] GC(55) Metaspace: 12606K(13120K)->12606K(13120K) NonClass: 10437K(10688K)->10437K(10688K) Class: 2169K(2432K)->2169K(2432K)
[30.712s][info   ][gc          ] GC(55) Pause Full (System.gc()) 1643M->1643M(6144M) 600.257ms
[31.305s][info   ][gc,metaspace] GC(56) Metaspace: 12606K(13120K)->12606K(13120K) NonClass: 10437K(10688K)->10437K(10688K) Class: 2169K(2432K)->2169K(2432K)
[31.305s][info   ][gc          ] GC(56) Pause Full (System.gc()) 1643M->1643M(6144M) 593.488ms
[31.899s][info   ][gc,metaspace] GC(57) Metaspace: 12606K(13120K)->12606K(13120K) NonClass: 10437K(10688K)->10437K(10688K) Class: 2169K(2432K)->2169K(2432K)
[31.899s][info   ][gc          ] GC(57) Pause Full (System.gc()) 1643M->1643M(6144M) 593.455ms
[32.487s][info   ][gc,metaspace] GC(58) Metaspace: 12606K(13120K)->12606K(13120K) NonClass: 10437K(10688K)->10437K(10688K) Class: 2169K(2432K)->2169K(2432K)
[32.487s][info   ][gc          ] GC(58) Pause Full (System.gc()) 1643M->1643M(6144M) 587.587ms
[33.084s][info   ][gc,metaspace] GC(59) Metaspace: 12606K(13120K)->12606K(13120K) NonClass: 10437K(10688K)->10437K(10688K) Class: 2169K(2432K)->2169K(2432K)
[33.084s][info   ][gc          ] GC(59) Pause Full (System.gc()) 1643M->1643M(6144M) 597.177ms
[33.682s][info   ][gc,metaspace] GC(60) Metaspace: 12606K(13120K)->12606K(13120K) NonClass: 10437K(10688K)->10437K(10688K) Class: 2169K(2432K)->2169K(2432K)
[33.682s][info   ][gc          ] GC(60) Pause Full (System.gc()) 1643M->1643M(6144M) 598.286ms
[34.283s][info   ][gc,metaspace] GC(61) Metaspace: 12606K(13120K)->12606K(13120K) NonClass: 10437K(10688K)->10437K(10688K) Class: 2169K(2432K)->2169K(2432K)
[34.283s][info   ][gc          ] GC(61) Pause Full (System.gc()) 1643M->1643M(6144M) 601.048ms
[34.878s][info   ][gc,metaspace] GC(62) Metaspace: 12606K(13120K)->12606K(13120K) NonClass: 10437K(10688K)->10437K(10688K) Class: 2169K(2432K)->2169K(2432K)
[34.878s][info   ][gc          ] GC(62) Pause Full (System.gc()) 1643M->1643M(6144M) 595.080ms
[35.476s][info   ][gc,metaspace] GC(63) Metaspace: 12606K(13120K)->12606K(13120K) NonClass: 10437K(10688K)->10437K(10688K) Class: 2169K(2432K)->2169K(2432K)
[35.476s][info   ][gc          ] GC(63) Pause Full (System.gc()) 1643M->1643M(6144M) 597.244ms
[36.074s][info   ][gc,metaspace] GC(64) Metaspace: 12606K(13120K)->12606K(13120K) NonClass: 10437K(10688K)->10437K(10688K) Class: 2169K(2432K)->2169K(2432K)
[36.074s][info   ][gc          ] GC(64) Pause Full (System.gc()) 1643M->1643M(6144M) 598.476ms
[36.669s][info   ][gc,metaspace] GC(65) Metaspace: 12606K(13120K)->12606K(13120K) NonClass: 10437K(10688K)->10437K(10688K) Class: 2169K(2432K)->2169K(2432K)
[36.669s][info   ][gc          ] GC(65) Pause Full (System.gc()) 1643M->1643M(6144M) 590.636ms
[37.269s][info   ][gc,metaspace] GC(66) Metaspace: 12606K(13120K)->12606K(13120K) NonClass: 10437K(10688K)->10437K(10688K) Class: 2169K(2432K)->2169K(2432K)
[37.269s][info   ][gc          ] GC(66) Pause Full (System.gc()) 1643M->1643M(6144M) 599.643ms
[37.861s][info   ][gc,metaspace] GC(67) Metaspace: 12606K(13120K)->12606K(13120K) NonClass: 10437K(10688K)->10437K(10688K) Class: 2169K(2432K)->2169K(2432K)
[37.861s][info   ][gc          ] GC(67) Pause Full (System.gc()) 1643M->1643M(6144M) 591.570ms
[38.452s][info   ][gc,metaspace] GC(68) Metaspace: 12606K(13120K)->12606K(13120K) NonClass: 10437K(10688K)->10437K(10688K) Class: 2169K(2432K)->2169K(2432K)
[38.452s][info   ][gc          ] GC(68) Pause Full (System.gc()) 1643M->1643M(6144M) 591.281ms
[39.052s][info   ][gc,metaspace] GC(69) Metaspace: 12606K(13120K)->12606K(13120K) NonClass: 10437K(10688K)->10437K(10688K) Class: 2169K(2432K)->2169K(2432K)
[39.052s][info   ][gc          ] GC(69) Pause Full (System.gc()) 1643M->1643M(6144M) 599.726ms
[39.651s][info   ][gc,metaspace] GC(70) Metaspace: 12606K(13120K)->12606K(13120K) NonClass: 10437K(10688K)->10437K(10688K) Class: 2169K(2432K)->2169K(2432K)
[39.651s][info   ][gc          ] GC(70) Pause Full (System.gc()) 1643M->1643M(6144M) 599.286ms
[40.254s][info   ][gc,metaspace] GC(71) Metaspace: 12606K(13120K)->12606K(13120K) NonClass: 10437K(10688K)->10437K(10688K) Class: 2169K(2432K)->2169K(2432K)
[40.254s][info   ][gc          ] GC(71) Pause Full (System.gc()) 1643M->1643M(6144M) 602.591ms
[40.848s][info   ][gc,metaspace] GC(72) Metaspace: 12606K(13120K)->12606K(13120K) NonClass: 10437K(10688K)->10437K(10688K) Class: 2169K(2432K)->2169K(2432K)
[40.848s][info   ][gc          ] GC(72) Pause Full (System.gc()) 1643M->1643M(6144M) 593.757ms
[41.444s][info   ][gc,metaspace] GC(73) Metaspace: 12606K(13120K)->12606K(13120K) NonClass: 10437K(10688K)->10437K(10688K) Class: 2169K(2432K)->2169K(2432K)
[41.445s][info   ][gc          ] GC(73) Pause Full (System.gc()) 1643M->1643M(6144M) 596.874ms
[42.029s][info   ][gc,metaspace] GC(74) Metaspace: 12606K(13120K)->12606K(13120K) NonClass: 10437K(10688K)->10437K(10688K) Class: 2169K(2432K)->2169K(2432K)
[42.029s][info   ][gc          ] GC(74) Pause Full (System.gc()) 1643M->1643M(6144M) 584.761ms
[42.624s][info   ][gc,metaspace] GC(75) Metaspace: 12606K(13120K)->12606K(13120K) NonClass: 10437K(10688K)->10437K(10688K) Class: 2169K(2432K)->2169K(2432K)
[42.624s][info   ][gc          ] GC(75) Pause Full (System.gc()) 1643M->1643M(6144M) 594.817ms
[43.227s][info   ][gc,metaspace] GC(76) Metaspace: 12606K(13120K)->12606K(13120K) NonClass: 10437K(10688K)->10437K(10688K) Class: 2169K(2432K)->2169K(2432K)
[43.227s][info   ][gc          ] GC(76) Pause Full (System.gc()) 1643M->1643M(6144M) 602.552ms
After GCs... 
