[0.001s][warning][pagesize] UseLargePages disabled, no large pages configured and available on the system.
[0.002s][info   ][metaspace]  - commit_granule_bytes: 65536.
[0.002s][info   ][metaspace]  - commit_granule_words: 8192.
[0.002s][info   ][metaspace]  - virtual_space_node_default_size: 8388608.
[0.002s][info   ][metaspace]  - enlarge_chunks_in_place: 1.
[0.002s][info   ][metaspace]  - use_allocation_guard: 0.
[0.007s][info   ][gc       ] Using G1
[0.588s][info   ][metaspace] Reserving compressed class space anywhere
[0.588s][info   ][gc,metaspace] CDS archive(s) not mapped
[0.588s][info   ][gc,metaspace] Compressed class space mapped at: 0x0000000022000000-0x00000000e2000000, reserved size: 3221225472
[0.588s][info   ][gc,metaspace] UseCompressedClassPointers 1, UseCompactObjectHeaders 0, narrow klass pointer bits 32, max shift 3
[0.588s][info   ][gc,metaspace] Narrow klass base: 0x0000000000000000, Narrow klass shift: 0, Narrow klass range: 0xe2000000
Random Seed: 12345678
Num Classes: 256
Num Objects: 67108864
Percent IK Objects: 83.0%)
Percent OAK Objects: 5.0%)
Percent TAK Objects: 12.0%)
Cycles: 50
Loading 256 pre-generated classes ...
Materialize pre-generated constructors ...
Creating objects...
[0.830s][info   ][gc,metaspace] GC(0) Metaspace: 11506K(11840K)->11506K(11840K) NonClass: 10296K(10496K)->10296K(10496K) Class: 1210K(1344K)->1210K(1344K)
[0.830s][info   ][gc          ] GC(0) Pause Full (System.gc()) 20M->2M(6144M) 9.382ms
[1.359s][info   ][gc,metaspace] GC(1) Metaspace: 12558K(13056K)->12558K(13056K) NonClass: 11213K(11456K)->11213K(11456K) Class: 1345K(1600K)->1345K(1600K)
[1.359s][info   ][gc          ] GC(1) Pause Young (Normal) (G1 Evacuation Pause) 566M->298M(6144M) 18.073ms
[1.602s][info   ][gc,metaspace] GC(2) Metaspace: 12560K(13056K)->12560K(13056K) NonClass: 11215K(11456K)->11215K(11456K) Class: 1345K(1600K)->1345K(1600K)
[1.602s][info   ][gc          ] GC(2) Pause Young (Normal) (G1 Evacuation Pause) 566M->329M(6144M) 21.741ms
[1.792s][info   ][gc,metaspace] GC(3) Metaspace: 12560K(13056K)->12560K(13056K) NonClass: 11215K(11456K)->11215K(11456K) Class: 1345K(1600K)->1345K(1600K)
[1.792s][info   ][gc          ] GC(3) Pause Young (Normal) (G1 Evacuation Pause) 601M->360M(6144M) 23.905ms
[1.975s][info   ][gc,metaspace] GC(4) Metaspace: 12560K(13056K)->12560K(13056K) NonClass: 11215K(11456K)->11215K(11456K) Class: 1345K(1600K)->1345K(1600K)
[1.975s][info   ][gc          ] GC(4) Pause Young (Normal) (G1 Evacuation Pause) 632M->390M(6144M) 21.479ms
[2.207s][info   ][gc,metaspace] GC(5) Metaspace: 12560K(13056K)->12560K(13056K) NonClass: 11215K(11456K)->11215K(11456K) Class: 1345K(1600K)->1345K(1600K)
[2.207s][info   ][gc          ] GC(5) Pause Young (Normal) (G1 Evacuation Pause) 662M->420M(6144M) 22.290ms
[2.390s][info   ][gc,metaspace] GC(6) Metaspace: 12560K(13056K)->12560K(13056K) NonClass: 11215K(11456K)->11215K(11456K) Class: 1345K(1600K)->1345K(1600K)
[2.390s][info   ][gc          ] GC(6) Pause Young (Normal) (G1 Evacuation Pause) 692M->454M(6144M) 21.857ms
[2.575s][info   ][gc,metaspace] GC(7) Metaspace: 12560K(13056K)->12560K(13056K) NonClass: 11215K(11456K)->11215K(11456K) Class: 1345K(1600K)->1345K(1600K)
[2.575s][info   ][gc          ] GC(7) Pause Young (Normal) (G1 Evacuation Pause) 726M->485M(6144M) 23.274ms
[2.756s][info   ][gc,metaspace] GC(8) Metaspace: 12560K(13056K)->12560K(13056K) NonClass: 11215K(11456K)->11215K(11456K) Class: 1345K(1600K)->1345K(1600K)
[2.756s][info   ][gc          ] GC(8) Pause Young (Normal) (G1 Evacuation Pause) 757M->517M(6144M) 21.457ms
[3.001s][info   ][gc,metaspace] GC(9) Metaspace: 12560K(13056K)->12560K(13056K) NonClass: 11215K(11456K)->11215K(11456K) Class: 1345K(1600K)->1345K(1600K)
[3.001s][info   ][gc          ] GC(9) Pause Young (Normal) (G1 Evacuation Pause) 913M->557M(6144M) 27.126ms
[3.263s][info   ][gc,metaspace] GC(10) Metaspace: 12560K(13056K)->12560K(13056K) NonClass: 11215K(11456K)->11215K(11456K) Class: 1345K(1600K)->1345K(1600K)
[3.263s][info   ][gc          ] GC(10) Pause Young (Normal) (G1 Evacuation Pause) 913M->595M(6144M) 27.307ms
[3.540s][info   ][gc,metaspace] GC(11) Metaspace: 12560K(13056K)->12560K(13056K) NonClass: 11215K(11456K)->11215K(11456K) Class: 1345K(1600K)->1345K(1600K)
[3.540s][info   ][gc          ] GC(11) Pause Young (Normal) (G1 Evacuation Pause) 1055M->644M(6144M) 29.538ms
[3.834s][info   ][gc,metaspace] GC(12) Metaspace: 12560K(13056K)->12560K(13056K) NonClass: 11215K(11456K)->11215K(11456K) Class: 1345K(1600K)->1345K(1600K)
[3.834s][info   ][gc          ] GC(12) Pause Young (Normal) (G1 Evacuation Pause) 1128M->693M(6144M) 35.639ms
[4.169s][info   ][gc,metaspace] GC(13) Metaspace: 12560K(13056K)->12560K(13056K) NonClass: 11215K(11456K)->11215K(11456K) Class: 1345K(1600K)->1345K(1600K)
[4.170s][info   ][gc          ] GC(13) Pause Young (Normal) (G1 Evacuation Pause) 1253M->753M(6144M) 36.887ms
[4.544s][info   ][gc,metaspace] GC(14) Metaspace: 12560K(13056K)->12560K(13056K) NonClass: 11215K(11456K)->11215K(11456K) Class: 1345K(1600K)->1345K(1600K)
[4.544s][info   ][gc          ] GC(14) Pause Young (Normal) (G1 Evacuation Pause) 1381M->816M(6144M) 41.379ms
[4.976s][info   ][gc,metaspace] GC(15) Metaspace: 12560K(13056K)->12560K(13056K) NonClass: 11215K(11456K)->11215K(11456K) Class: 1345K(1600K)->1345K(1600K)
[4.976s][info   ][gc          ] GC(15) Pause Young (Normal) (G1 Evacuation Pause) 1524M->891M(6144M) 54.859ms
[5.497s][info   ][gc,metaspace] GC(16) Metaspace: 12560K(13056K)->12560K(13056K) NonClass: 11215K(11456K)->11215K(11456K) Class: 1345K(1600K)->1345K(1600K)
[5.497s][info   ][gc          ] GC(16) Pause Young (Normal) (G1 Evacuation Pause) 1671M->970M(6144M) 58.191ms
[6.011s][info   ][gc,metaspace] GC(17) Metaspace: 12560K(13056K)->12560K(13056K) NonClass: 11215K(11456K)->11215K(11456K) Class: 1345K(1600K)->1345K(1600K)
[6.011s][info   ][gc          ] GC(17) Pause Young (Normal) (G1 Evacuation Pause) 1830M->1058M(6144M) 59.805ms
[6.583s][info   ][gc,metaspace] GC(18) Metaspace: 12560K(13056K)->12560K(13056K) NonClass: 11215K(11456K)->11215K(11456K) Class: 1345K(1600K)->1345K(1600K)
[6.583s][info   ][gc          ] GC(18) Pause Young (Normal) (G1 Evacuation Pause) 2010M->1154M(6144M) 69.081ms
[7.203s][info   ][gc,metaspace] GC(19) Metaspace: 12560K(13056K)->12560K(13056K) NonClass: 11215K(11456K)->11215K(11456K) Class: 1345K(1600K)->1345K(1600K)
[7.203s][info   ][gc          ] GC(19) Pause Young (Normal) (G1 Evacuation Pause) 2186M->1258M(6144M) 74.812ms
[7.867s][info   ][gc,metaspace] GC(20) Metaspace: 12560K(13056K)->12560K(13056K) NonClass: 11215K(11456K)->11215K(11456K) Class: 1345K(1600K)->1345K(1600K)
[7.867s][info   ][gc          ] GC(20) Pause Young (Normal) (G1 Evacuation Pause) 2382M->1370M(6144M) 72.866ms
[8.641s][info   ][gc,metaspace] GC(21) Metaspace: 12560K(13056K)->12560K(13056K) NonClass: 11215K(11456K)->11215K(11456K) Class: 1345K(1600K)->1345K(1600K)
[8.641s][info   ][gc          ] GC(21) Pause Young (Normal) (G1 Evacuation Pause) 2590M->1492M(6144M) 78.780ms
[9.478s][info   ][gc,metaspace] GC(22) Metaspace: 12560K(13056K)->12560K(13056K) NonClass: 11215K(11456K)->11215K(11456K) Class: 1345K(1600K)->1345K(1600K)
[9.478s][info   ][gc          ] GC(22) Pause Young (Normal) (G1 Evacuation Pause) 2808M->1622M(6144M) 99.281ms
[10.351s][info   ][gc,metaspace] GC(23) Metaspace: 12560K(13056K)->12560K(13056K) NonClass: 11215K(11456K)->11215K(11456K) Class: 1345K(1600K)->1345K(1600K)
[10.351s][info   ][gc          ] GC(23) Pause Young (Normal) (G1 Evacuation Pause) 3010M->1756M(6144M) 92.042ms
[11.290s][info   ][gc,metaspace] GC(24) Metaspace: 12560K(13056K)->12560K(13056K) NonClass: 11215K(11456K)->11215K(11456K) Class: 1345K(1600K)->1345K(1600K)
[11.290s][info   ][gc          ] GC(24) Pause Young (Normal) (G1 Evacuation Pause) 3244M->1900M(6144M) 105.481ms
67108864 Objects created
 - IK: 55699211 (82.99829%)
 - OAK: 3355627 (5.0002737%)
 - TAK: 8054026 (12.001434%)
Preparatory GC...
[12.465s][info   ][gc,metaspace] GC(25) Metaspace: 12560K(13056K)->12560K(13056K) NonClass: 11215K(11456K)->11215K(11456K) Class: 1345K(1600K)->1345K(1600K)
[12.465s][info   ][gc          ] GC(25) Pause Full (System.gc()) 2670M->1848M(6144M) 775.426ms
[13.134s][info   ][gc,metaspace] GC(26) Metaspace: 12560K(13056K)->12560K(13056K) NonClass: 11215K(11456K)->11215K(11456K) Class: 1345K(1600K)->1345K(1600K)
[13.134s][info   ][gc          ] GC(26) Pause Full (System.gc()) 1848M->1848M(6144M) 668.852ms
Done; will start GCs... 
[13.817s][info   ][gc,metaspace] GC(27) Metaspace: 12560K(13056K)->12560K(13056K) NonClass: 11215K(11456K)->11215K(11456K) Class: 1345K(1600K)->1345K(1600K)
[13.817s][info   ][gc          ] GC(27) Pause Full (System.gc()) 1850M->1848M(6144M) 682.742ms
[14.416s][info   ][gc,metaspace] GC(28) Metaspace: 12560K(13056K)->12560K(13056K) NonClass: 11215K(11456K)->11215K(11456K) Class: 1345K(1600K)->1345K(1600K)
[14.416s][info   ][gc          ] GC(28) Pause Full (System.gc()) 1848M->1848M(6144M) 599.170ms
[15.019s][info   ][gc,metaspace] GC(29) Metaspace: 12560K(13056K)->12560K(13056K) NonClass: 11215K(11456K)->11215K(11456K) Class: 1345K(1600K)->1345K(1600K)
[15.019s][info   ][gc          ] GC(29) Pause Full (System.gc()) 1848M->1848M(6144M) 603.422ms
[15.621s][info   ][gc,metaspace] GC(30) Metaspace: 12560K(13056K)->12560K(13056K) NonClass: 11215K(11456K)->11215K(11456K) Class: 1345K(1600K)->1345K(1600K)
[15.621s][info   ][gc          ] GC(30) Pause Full (System.gc()) 1848M->1848M(6144M) 601.337ms
[16.226s][info   ][gc,metaspace] GC(31) Metaspace: 12560K(13056K)->12560K(13056K) NonClass: 11215K(11456K)->11215K(11456K) Class: 1345K(1600K)->1345K(1600K)
[16.226s][info   ][gc          ] GC(31) Pause Full (System.gc()) 1848M->1848M(6144M) 605.136ms
[16.840s][info   ][gc,metaspace] GC(32) Metaspace: 12560K(13056K)->12560K(13056K) NonClass: 11215K(11456K)->11215K(11456K) Class: 1345K(1600K)->1345K(1600K)
[16.840s][info   ][gc          ] GC(32) Pause Full (System.gc()) 1848M->1848M(6144M) 613.750ms
[17.436s][info   ][gc,metaspace] GC(33) Metaspace: 12560K(13056K)->12560K(13056K) NonClass: 11215K(11456K)->11215K(11456K) Class: 1345K(1600K)->1345K(1600K)
[17.436s][info   ][gc          ] GC(33) Pause Full (System.gc()) 1848M->1848M(6144M) 596.134ms
[18.042s][info   ][gc,metaspace] GC(34) Metaspace: 12560K(13056K)->12560K(13056K) NonClass: 11215K(11456K)->11215K(11456K) Class: 1345K(1600K)->1345K(1600K)
[18.042s][info   ][gc          ] GC(34) Pause Full (System.gc()) 1848M->1848M(6144M) 605.709ms
[18.649s][info   ][gc,metaspace] GC(35) Metaspace: 12560K(13056K)->12560K(13056K) NonClass: 11215K(11456K)->11215K(11456K) Class: 1345K(1600K)->1345K(1600K)
[18.649s][info   ][gc          ] GC(35) Pause Full (System.gc()) 1848M->1848M(6144M) 607.514ms
[19.245s][info   ][gc,metaspace] GC(36) Metaspace: 12560K(13056K)->12560K(13056K) NonClass: 11215K(11456K)->11215K(11456K) Class: 1345K(1600K)->1345K(1600K)
[19.245s][info   ][gc          ] GC(36) Pause Full (System.gc()) 1848M->1848M(6144M) 595.646ms
[19.848s][info   ][gc,metaspace] GC(37) Metaspace: 12560K(13056K)->12560K(13056K) NonClass: 11215K(11456K)->11215K(11456K) Class: 1345K(1600K)->1345K(1600K)
[19.848s][info   ][gc          ] GC(37) Pause Full (System.gc()) 1848M->1848M(6144M) 602.936ms
[20.454s][info   ][gc,metaspace] GC(38) Metaspace: 12560K(13056K)->12560K(13056K) NonClass: 11215K(11456K)->11215K(11456K) Class: 1345K(1600K)->1345K(1600K)
[20.454s][info   ][gc          ] GC(38) Pause Full (System.gc()) 1848M->1848M(6144M) 605.728ms
[21.069s][info   ][gc,metaspace] GC(39) Metaspace: 12560K(13056K)->12560K(13056K) NonClass: 11215K(11456K)->11215K(11456K) Class: 1345K(1600K)->1345K(1600K)
[21.069s][info   ][gc          ] GC(39) Pause Full (System.gc()) 1848M->1848M(6144M) 615.157ms
[21.669s][info   ][gc,metaspace] GC(40) Metaspace: 12560K(13056K)->12560K(13056K) NonClass: 11215K(11456K)->11215K(11456K) Class: 1345K(1600K)->1345K(1600K)
[21.669s][info   ][gc          ] GC(40) Pause Full (System.gc()) 1848M->1848M(6144M) 599.871ms
[22.266s][info   ][gc,metaspace] GC(41) Metaspace: 12560K(13056K)->12560K(13056K) NonClass: 11215K(11456K)->11215K(11456K) Class: 1345K(1600K)->1345K(1600K)
[22.266s][info   ][gc          ] GC(41) Pause Full (System.gc()) 1848M->1848M(6144M) 597.016ms
[22.878s][info   ][gc,metaspace] GC(42) Metaspace: 12560K(13056K)->12560K(13056K) NonClass: 11215K(11456K)->11215K(11456K) Class: 1345K(1600K)->1345K(1600K)
[22.878s][info   ][gc          ] GC(42) Pause Full (System.gc()) 1848M->1848M(6144M) 611.674ms
[23.480s][info   ][gc,metaspace] GC(43) Metaspace: 12560K(13056K)->12560K(13056K) NonClass: 11215K(11456K)->11215K(11456K) Class: 1345K(1600K)->1345K(1600K)
[23.480s][info   ][gc          ] GC(43) Pause Full (System.gc()) 1848M->1848M(6144M) 602.107ms
[24.078s][info   ][gc,metaspace] GC(44) Metaspace: 12560K(13056K)->12560K(13056K) NonClass: 11215K(11456K)->11215K(11456K) Class: 1345K(1600K)->1345K(1600K)
[24.078s][info   ][gc          ] GC(44) Pause Full (System.gc()) 1848M->1848M(6144M) 597.789ms
[24.681s][info   ][gc,metaspace] GC(45) Metaspace: 12560K(13056K)->12560K(13056K) NonClass: 11215K(11456K)->11215K(11456K) Class: 1345K(1600K)->1345K(1600K)
[24.681s][info   ][gc          ] GC(45) Pause Full (System.gc()) 1848M->1848M(6144M) 603.340ms
[25.281s][info   ][gc,metaspace] GC(46) Metaspace: 12560K(13056K)->12560K(13056K) NonClass: 11215K(11456K)->11215K(11456K) Class: 1345K(1600K)->1345K(1600K)
[25.281s][info   ][gc          ] GC(46) Pause Full (System.gc()) 1848M->1848M(6144M) 599.253ms
[25.889s][info   ][gc,metaspace] GC(47) Metaspace: 12560K(13056K)->12560K(13056K) NonClass: 11215K(11456K)->11215K(11456K) Class: 1345K(1600K)->1345K(1600K)
[25.889s][info   ][gc          ] GC(47) Pause Full (System.gc()) 1848M->1848M(6144M) 608.000ms
[26.487s][info   ][gc,metaspace] GC(48) Metaspace: 12560K(13056K)->12560K(13056K) NonClass: 11215K(11456K)->11215K(11456K) Class: 1345K(1600K)->1345K(1600K)
[26.487s][info   ][gc          ] GC(48) Pause Full (System.gc()) 1848M->1848M(6144M) 598.077ms
[27.093s][info   ][gc,metaspace] GC(49) Metaspace: 12560K(13056K)->12560K(13056K) NonClass: 11215K(11456K)->11215K(11456K) Class: 1345K(1600K)->1345K(1600K)
[27.093s][info   ][gc          ] GC(49) Pause Full (System.gc()) 1848M->1848M(6144M) 605.872ms
[27.696s][info   ][gc,metaspace] GC(50) Metaspace: 12560K(13056K)->12560K(13056K) NonClass: 11215K(11456K)->11215K(11456K) Class: 1345K(1600K)->1345K(1600K)
[27.696s][info   ][gc          ] GC(50) Pause Full (System.gc()) 1848M->1848M(6144M) 603.004ms
[28.302s][info   ][gc,metaspace] GC(51) Metaspace: 12560K(13056K)->12560K(13056K) NonClass: 11215K(11456K)->11215K(11456K) Class: 1345K(1600K)->1345K(1600K)
[28.302s][info   ][gc          ] GC(51) Pause Full (System.gc()) 1848M->1848M(6144M) 605.617ms
[28.905s][info   ][gc,metaspace] GC(52) Metaspace: 12560K(13056K)->12560K(13056K) NonClass: 11215K(11456K)->11215K(11456K) Class: 1345K(1600K)->1345K(1600K)
[28.905s][info   ][gc          ] GC(52) Pause Full (System.gc()) 1848M->1848M(6144M) 603.754ms
[29.507s][info   ][gc,metaspace] GC(53) Metaspace: 12560K(13056K)->12560K(13056K) NonClass: 11215K(11456K)->11215K(11456K) Class: 1345K(1600K)->1345K(1600K)
[29.507s][info   ][gc          ] GC(53) Pause Full (System.gc()) 1848M->1848M(6144M) 601.866ms
[30.113s][info   ][gc,metaspace] GC(54) Metaspace: 12560K(13056K)->12560K(13056K) NonClass: 11215K(11456K)->11215K(11456K) Class: 1345K(1600K)->1345K(1600K)
[30.113s][info   ][gc          ] GC(54) Pause Full (System.gc()) 1848M->1848M(6144M) 606.034ms
[30.718s][info   ][gc,metaspace] GC(55) Metaspace: 12560K(13056K)->12560K(13056K) NonClass: 11215K(11456K)->11215K(11456K) Class: 1345K(1600K)->1345K(1600K)
[30.718s][info   ][gc          ] GC(55) Pause Full (System.gc()) 1848M->1848M(6144M) 604.402ms
[31.317s][info   ][gc,metaspace] GC(56) Metaspace: 12560K(13056K)->12560K(13056K) NonClass: 11215K(11456K)->11215K(11456K) Class: 1345K(1600K)->1345K(1600K)
[31.317s][info   ][gc          ] GC(56) Pause Full (System.gc()) 1848M->1848M(6144M) 598.901ms
[31.927s][info   ][gc,metaspace] GC(57) Metaspace: 12560K(13056K)->12560K(13056K) NonClass: 11215K(11456K)->11215K(11456K) Class: 1345K(1600K)->1345K(1600K)
[31.927s][info   ][gc          ] GC(57) Pause Full (System.gc()) 1848M->1848M(6144M) 610.125ms
[32.525s][info   ][gc,metaspace] GC(58) Metaspace: 12560K(13056K)->12560K(13056K) NonClass: 11215K(11456K)->11215K(11456K) Class: 1345K(1600K)->1345K(1600K)
[32.525s][info   ][gc          ] GC(58) Pause Full (System.gc()) 1848M->1848M(6144M) 597.524ms
[33.124s][info   ][gc,metaspace] GC(59) Metaspace: 12560K(13056K)->12560K(13056K) NonClass: 11215K(11456K)->11215K(11456K) Class: 1345K(1600K)->1345K(1600K)
[33.124s][info   ][gc          ] GC(59) Pause Full (System.gc()) 1848M->1848M(6144M) 599.551ms
[33.726s][info   ][gc,metaspace] GC(60) Metaspace: 12560K(13056K)->12560K(13056K) NonClass: 11215K(11456K)->11215K(11456K) Class: 1345K(1600K)->1345K(1600K)
[33.726s][info   ][gc          ] GC(60) Pause Full (System.gc()) 1848M->1848M(6144M) 601.973ms
[34.328s][info   ][gc,metaspace] GC(61) Metaspace: 12560K(13056K)->12560K(13056K) NonClass: 11215K(11456K)->11215K(11456K) Class: 1345K(1600K)->1345K(1600K)
[34.328s][info   ][gc          ] GC(61) Pause Full (System.gc()) 1848M->1848M(6144M) 601.608ms
[34.931s][info   ][gc,metaspace] GC(62) Metaspace: 12560K(13056K)->12560K(13056K) NonClass: 11215K(11456K)->11215K(11456K) Class: 1345K(1600K)->1345K(1600K)
[34.931s][info   ][gc          ] GC(62) Pause Full (System.gc()) 1848M->1848M(6144M) 603.041ms
[35.529s][info   ][gc,metaspace] GC(63) Metaspace: 12560K(13056K)->12560K(13056K) NonClass: 11215K(11456K)->11215K(11456K) Class: 1345K(1600K)->1345K(1600K)
[35.529s][info   ][gc          ] GC(63) Pause Full (System.gc()) 1848M->1848M(6144M) 597.726ms
[36.133s][info   ][gc,metaspace] GC(64) Metaspace: 12560K(13056K)->12560K(13056K) NonClass: 11215K(11456K)->11215K(11456K) Class: 1345K(1600K)->1345K(1600K)
[36.133s][info   ][gc          ] GC(64) Pause Full (System.gc()) 1848M->1848M(6144M) 604.495ms
[36.733s][info   ][gc,metaspace] GC(65) Metaspace: 12560K(13056K)->12560K(13056K) NonClass: 11215K(11456K)->11215K(11456K) Class: 1345K(1600K)->1345K(1600K)
[36.733s][info   ][gc          ] GC(65) Pause Full (System.gc()) 1848M->1848M(6144M) 599.370ms
[37.335s][info   ][gc,metaspace] GC(66) Metaspace: 12560K(13056K)->12560K(13056K) NonClass: 11215K(11456K)->11215K(11456K) Class: 1345K(1600K)->1345K(1600K)
[37.335s][info   ][gc          ] GC(66) Pause Full (System.gc()) 1848M->1848M(6144M) 601.932ms
[37.943s][info   ][gc,metaspace] GC(67) Metaspace: 12560K(13056K)->12560K(13056K) NonClass: 11215K(11456K)->11215K(11456K) Class: 1345K(1600K)->1345K(1600K)
[37.943s][info   ][gc          ] GC(67) Pause Full (System.gc()) 1848M->1848M(6144M) 608.468ms
[38.543s][info   ][gc,metaspace] GC(68) Metaspace: 12560K(13056K)->12560K(13056K) NonClass: 11215K(11456K)->11215K(11456K) Class: 1345K(1600K)->1345K(1600K)
[38.543s][info   ][gc          ] GC(68) Pause Full (System.gc()) 1848M->1848M(6144M) 599.986ms
[39.140s][info   ][gc,metaspace] GC(69) Metaspace: 12560K(13056K)->12560K(13056K) NonClass: 11215K(11456K)->11215K(11456K) Class: 1345K(1600K)->1345K(1600K)
[39.140s][info   ][gc          ] GC(69) Pause Full (System.gc()) 1848M->1848M(6144M) 596.139ms
[39.745s][info   ][gc,metaspace] GC(70) Metaspace: 12560K(13056K)->12560K(13056K) NonClass: 11215K(11456K)->11215K(11456K) Class: 1345K(1600K)->1345K(1600K)
[39.745s][info   ][gc          ] GC(70) Pause Full (System.gc()) 1848M->1848M(6144M) 604.950ms
[40.343s][info   ][gc,metaspace] GC(71) Metaspace: 12560K(13056K)->12560K(13056K) NonClass: 11215K(11456K)->11215K(11456K) Class: 1345K(1600K)->1345K(1600K)
[40.343s][info   ][gc          ] GC(71) Pause Full (System.gc()) 1848M->1848M(6144M) 598.175ms
[40.948s][info   ][gc,metaspace] GC(72) Metaspace: 12560K(13056K)->12560K(13056K) NonClass: 11215K(11456K)->11215K(11456K) Class: 1345K(1600K)->1345K(1600K)
[40.948s][info   ][gc          ] GC(72) Pause Full (System.gc()) 1848M->1848M(6144M) 605.447ms
[41.548s][info   ][gc,metaspace] GC(73) Metaspace: 12560K(13056K)->12560K(13056K) NonClass: 11215K(11456K)->11215K(11456K) Class: 1345K(1600K)->1345K(1600K)
[41.548s][info   ][gc          ] GC(73) Pause Full (System.gc()) 1848M->1848M(6144M) 599.878ms
[42.154s][info   ][gc,metaspace] GC(74) Metaspace: 12560K(13056K)->12560K(13056K) NonClass: 11215K(11456K)->11215K(11456K) Class: 1345K(1600K)->1345K(1600K)
[42.154s][info   ][gc          ] GC(74) Pause Full (System.gc()) 1848M->1848M(6144M) 605.326ms
[42.754s][info   ][gc,metaspace] GC(75) Metaspace: 12560K(13056K)->12560K(13056K) NonClass: 11215K(11456K)->11215K(11456K) Class: 1345K(1600K)->1345K(1600K)
[42.754s][info   ][gc          ] GC(75) Pause Full (System.gc()) 1848M->1848M(6144M) 600.448ms
[43.358s][info   ][gc,metaspace] GC(76) Metaspace: 12560K(13056K)->12560K(13056K) NonClass: 11215K(11456K)->11215K(11456K) Class: 1345K(1600K)->1345K(1600K)
[43.358s][info   ][gc          ] GC(76) Pause Full (System.gc()) 1848M->1848M(6144M) 603.556ms
After GCs... 
