Done; will start GCs... 
[13.817s][info   ][gc,metaspace] GC(27) Metaspace: 12560K(13056K)->12560K(13056K) NonClass: 11215K(11456K)->11215K(11456K) Class: 1345K(1600K)->1345K(1600K)
[13.817s][info   ][gc          ] GC(27) Pause Full (System.gc()) 1850M->1848M(6144M) 682.742ms
[14.416s][info   ][gc,metaspace] GC(28) Metaspace: 12560K(13056K)->12560K(13056K) NonClass: 11215K(11456K)->11215K(11456K) Class: 1345K(1600K)->1345K(1600K)
[14.416s][info   ][gc          ] GC(28) Pause Full (System.gc()) 1848M->1848M(6144M) 599.170ms
[15.019s][info   ][gc,metaspace] GC(29) Metaspace: 12560K(13056K)->12560K(13056K) NonClass: 11215K(11456K)->11215K(11456K) Class: 1345K(1600K)->1345K(1600K)
[15.019s][info   ][gc          ] GC(29) Pause Full (System.gc()) 1848M->1848M(6144M) 603.422ms
[15.621s][info   ][gc,metaspace] GC(30) Metaspace: 12560K(13056K)->12560K(13056K) NonClass: 11215K(11456K)->11215K(11456K) Class: 1345K(1600K)->1345K(1600K)
[15.621s][info   ][gc          ] GC(30) Pause Full (System.gc()) 1848M->1848M(6144M) 601.337ms
[16.226s][info   ][gc,metaspace] GC(31) Metaspace: 12560K(13056K)->12560K(13056K) NonClass: 11215K(11456K)->11215K(11456K) Class: 1345K(1600K)->1345K(1600K)
[16.226s][info   ][gc          ] GC(31) Pause Full (System.gc()) 1848M->1848M(6144M) 605.136ms
[16.840s][info   ][gc,metaspace] GC(32) Metaspace: 12560K(13056K)->12560K(13056K) NonClass: 11215K(11456K)->11215K(11456K) Class: 1345K(1600K)->1345K(1600K)
[16.840s][info   ][gc          ] GC(32) Pause Full (System.gc()) 1848M->1848M(6144M) 613.750ms
[17.436s][info   ][gc,metaspace] GC(33) Metaspace: 12560K(13056K)->12560K(13056K) NonClass: 11215K(11456K)->11215K(11456K) Class: 1345K(1600K)->1345K(1600K)
[17.436s][info   ][gc          ] GC(33) Pause Full (System.gc()) 1848M->1848M(6144M) 596.134ms
[18.042s][info   ][gc,metaspace] GC(34) Metaspace: 12560K(13056K)->12560K(13056K) NonClass: 11215K(11456K)->11215K(11456K) Class: 1345K(1600K)->1345K(1600K)
[18.042s][info   ][gc          ] GC(34) Pause Full (System.gc()) 1848M->1848M(6144M) 605.709ms
[18.649s][info   ][gc,metaspace] GC(35) Metaspace: 12560K(13056K)->12560K(13056K) NonClass: 11215K(11456K)->11215K(11456K) Class: 1345K(1600K)->1345K(1600K)
[18.649s][info   ][gc          ] GC(35) Pause Full (System.gc()) 1848M->1848M(6144M) 607.514ms
[19.245s][info   ][gc,metaspace] GC(36) Metaspace: 12560K(13056K)->12560K(13056K) NonClass: 11215K(11456K)->11215K(11456K) Class: 1345K(1600K)->1345K(1600K)
[19.245s][info   ][gc          ] GC(36) Pause Full (System.gc()) 1848M->1848M(6144M) 595.646ms
[19.848s][info   ][gc,metaspace] GC(37) Metaspace: 12560K(13056K)->12560K(13056K) NonClass: 11215K(11456K)->11215K(11456K) Class: 1345K(1600K)->1345K(1600K)
[19.848s][info   ][gc          ] GC(37) Pause Full (System.gc()) 1848M->1848M(6144M) 602.936ms
[20.454s][info   ][gc,metaspace] GC(38) Metaspace: 12560K(13056K)->12560K(13056K) NonClass: 11215K(11456K)->11215K(11456K) Class: 1345K(1600K)->1345K(1600K)
[20.454s][info   ][gc          ] GC(38) Pause Full (System.gc()) 1848M->1848M(6144M) 605.728ms
[21.069s][info   ][gc,metaspace] GC(39) Metaspace: 12560K(13056K)->12560K(13056K) NonClass: 11215K(11456K)->11215K(11456K) Class: 1345K(1600K)->1345K(1600K)
[21.069s][info   ][gc          ] GC(39) Pause Full (System.gc()) 1848M->1848M(6144M) 615.157ms
[21.669s][info   ][gc,metaspace] GC(40) Metaspace: 12560K(13056K)->12560K(13056K) NonClass: 11215K(11456K)->11215K(11456K) Class: 1345K(1600K)->1345K(1600K)
[21.669s][info   ][gc          ] GC(40) Pause Full (System.gc()) 1848M->1848M(6144M) 599.871ms
[22.266s][info   ][gc,metaspace] GC(41) Metaspace: 12560K(13056K)->12560K(13056K) NonClass: 11215K(11456K)->11215K(11456K) Class: 1345K(1600K)->1345K(1600K)
[22.266s][info   ][gc          ] GC(41) Pause Full (System.gc()) 1848M->1848M(6144M) 597.016ms
[22.878s][info   ][gc,metaspace] GC(42) Metaspace: 12560K(13056K)->12560K(13056K) NonClass: 11215K(11456K)->11215K(11456K) Class: 1345K(1600K)->1345K(1600K)
[22.878s][info   ][gc          ] GC(42) Pause Full (System.gc()) 1848M->1848M(6144M) 611.674ms
[23.480s][info   ][gc,metaspace] GC(43) Metaspace: 12560K(13056K)->12560K(13056K) NonClass: 11215K(11456K)->11215K(11456K) Class: 1345K(1600K)->1345K(1600K)
[23.480s][info   ][gc          ] GC(43) Pause Full (System.gc()) 1848M->1848M(6144M) 602.107ms
[24.078s][info   ][gc,metaspace] GC(44) Metaspace: 12560K(13056K)->12560K(13056K) NonClass: 11215K(11456K)->11215K(11456K) Class: 1345K(1600K)->1345K(1600K)
[24.078s][info   ][gc          ] GC(44) Pause Full (System.gc()) 1848M->1848M(6144M) 597.789ms
[24.681s][info   ][gc,metaspace] GC(45) Metaspace: 12560K(13056K)->12560K(13056K) NonClass: 11215K(11456K)->11215K(11456K) Class: 1345K(1600K)->1345K(1600K)
[24.681s][info   ][gc          ] GC(45) Pause Full (System.gc()) 1848M->1848M(6144M) 603.340ms
[25.281s][info   ][gc,metaspace] GC(46) Metaspace: 12560K(13056K)->12560K(13056K) NonClass: 11215K(11456K)->11215K(11456K) Class: 1345K(1600K)->1345K(1600K)
[25.281s][info   ][gc          ] GC(46) Pause Full (System.gc()) 1848M->1848M(6144M) 599.253ms
[25.889s][info   ][gc,metaspace] GC(47) Metaspace: 12560K(13056K)->12560K(13056K) NonClass: 11215K(11456K)->11215K(11456K) Class: 1345K(1600K)->1345K(1600K)
[25.889s][info   ][gc          ] GC(47) Pause Full (System.gc()) 1848M->1848M(6144M) 608.000ms
[26.487s][info   ][gc,metaspace] GC(48) Metaspace: 12560K(13056K)->12560K(13056K) NonClass: 11215K(11456K)->11215K(11456K) Class: 1345K(1600K)->1345K(1600K)
[26.487s][info   ][gc          ] GC(48) Pause Full (System.gc()) 1848M->1848M(6144M) 598.077ms
[27.093s][info   ][gc,metaspace] GC(49) Metaspace: 12560K(13056K)->12560K(13056K) NonClass: 11215K(11456K)->11215K(11456K) Class: 1345K(1600K)->1345K(1600K)
[27.093s][info   ][gc          ] GC(49) Pause Full (System.gc()) 1848M->1848M(6144M) 605.872ms
[27.696s][info   ][gc,metaspace] GC(50) Metaspace: 12560K(13056K)->12560K(13056K) NonClass: 11215K(11456K)->11215K(11456K) Class: 1345K(1600K)->1345K(1600K)
[27.696s][info   ][gc          ] GC(50) Pause Full (System.gc()) 1848M->1848M(6144M) 603.004ms
[28.302s][info   ][gc,metaspace] GC(51) Metaspace: 12560K(13056K)->12560K(13056K) NonClass: 11215K(11456K)->11215K(11456K) Class: 1345K(1600K)->1345K(1600K)
[28.302s][info   ][gc          ] GC(51) Pause Full (System.gc()) 1848M->1848M(6144M) 605.617ms
[28.905s][info   ][gc,metaspace] GC(52) Metaspace: 12560K(13056K)->12560K(13056K) NonClass: 11215K(11456K)->11215K(11456K) Class: 1345K(1600K)->1345K(1600K)
[28.905s][info   ][gc          ] GC(52) Pause Full (System.gc()) 1848M->1848M(6144M) 603.754ms
[29.507s][info   ][gc,metaspace] GC(53) Metaspace: 12560K(13056K)->12560K(13056K) NonClass: 11215K(11456K)->11215K(11456K) Class: 1345K(1600K)->1345K(1600K)
[29.507s][info   ][gc          ] GC(53) Pause Full (System.gc()) 1848M->1848M(6144M) 601.866ms
[30.113s][info   ][gc,metaspace] GC(54) Metaspace: 12560K(13056K)->12560K(13056K) NonClass: 11215K(11456K)->11215K(11456K) Class: 1345K(1600K)->1345K(1600K)
[30.113s][info   ][gc          ] GC(54) Pause Full (System.gc()) 1848M->1848M(6144M) 606.034ms
[30.718s][info   ][gc,metaspace] GC(55) Metaspace: 12560K(13056K)->12560K(13056K) NonClass: 11215K(11456K)->11215K(11456K) Class: 1345K(1600K)->1345K(1600K)
[30.718s][info   ][gc          ] GC(55) Pause Full (System.gc()) 1848M->1848M(6144M) 604.402ms
[31.317s][info   ][gc,metaspace] GC(56) Metaspace: 12560K(13056K)->12560K(13056K) NonClass: 11215K(11456K)->11215K(11456K) Class: 1345K(1600K)->1345K(1600K)
[31.317s][info   ][gc          ] GC(56) Pause Full (System.gc()) 1848M->1848M(6144M) 598.901ms
[31.927s][info   ][gc,metaspace] GC(57) Metaspace: 12560K(13056K)->12560K(13056K) NonClass: 11215K(11456K)->11215K(11456K) Class: 1345K(1600K)->1345K(1600K)
[31.927s][info   ][gc          ] GC(57) Pause Full (System.gc()) 1848M->1848M(6144M) 610.125ms
[32.525s][info   ][gc,metaspace] GC(58) Metaspace: 12560K(13056K)->12560K(13056K) NonClass: 11215K(11456K)->11215K(11456K) Class: 1345K(1600K)->1345K(1600K)
[32.525s][info   ][gc          ] GC(58) Pause Full (System.gc()) 1848M->1848M(6144M) 597.524ms
[33.124s][info   ][gc,metaspace] GC(59) Metaspace: 12560K(13056K)->12560K(13056K) NonClass: 11215K(11456K)->11215K(11456K) Class: 1345K(1600K)->1345K(1600K)
[33.124s][info   ][gc          ] GC(59) Pause Full (System.gc()) 1848M->1848M(6144M) 599.551ms
[33.726s][info   ][gc,metaspace] GC(60) Metaspace: 12560K(13056K)->12560K(13056K) NonClass: 11215K(11456K)->11215K(11456K) Class: 1345K(1600K)->1345K(1600K)
[33.726s][info   ][gc          ] GC(60) Pause Full (System.gc()) 1848M->1848M(6144M) 601.973ms
[34.328s][info   ][gc,metaspace] GC(61) Metaspace: 12560K(13056K)->12560K(13056K) NonClass: 11215K(11456K)->11215K(11456K) Class: 1345K(1600K)->1345K(1600K)
[34.328s][info   ][gc          ] GC(61) Pause Full (System.gc()) 1848M->1848M(6144M) 601.608ms
[34.931s][info   ][gc,metaspace] GC(62) Metaspace: 12560K(13056K)->12560K(13056K) NonClass: 11215K(11456K)->11215K(11456K) Class: 1345K(1600K)->1345K(1600K)
[34.931s][info   ][gc          ] GC(62) Pause Full (System.gc()) 1848M->1848M(6144M) 603.041ms
[35.529s][info   ][gc,metaspace] GC(63) Metaspace: 12560K(13056K)->12560K(13056K) NonClass: 11215K(11456K)->11215K(11456K) Class: 1345K(1600K)->1345K(1600K)
[35.529s][info   ][gc          ] GC(63) Pause Full (System.gc()) 1848M->1848M(6144M) 597.726ms
[36.133s][info   ][gc,metaspace] GC(64) Metaspace: 12560K(13056K)->12560K(13056K) NonClass: 11215K(11456K)->11215K(11456K) Class: 1345K(1600K)->1345K(1600K)
[36.133s][info   ][gc          ] GC(64) Pause Full (System.gc()) 1848M->1848M(6144M) 604.495ms
[36.733s][info   ][gc,metaspace] GC(65) Metaspace: 12560K(13056K)->12560K(13056K) NonClass: 11215K(11456K)->11215K(11456K) Class: 1345K(1600K)->1345K(1600K)
[36.733s][info   ][gc          ] GC(65) Pause Full (System.gc()) 1848M->1848M(6144M) 599.370ms
[37.335s][info   ][gc,metaspace] GC(66) Metaspace: 12560K(13056K)->12560K(13056K) NonClass: 11215K(11456K)->11215K(11456K) Class: 1345K(1600K)->1345K(1600K)
[37.335s][info   ][gc          ] GC(66) Pause Full (System.gc()) 1848M->1848M(6144M) 601.932ms
[37.943s][info   ][gc,metaspace] GC(67) Metaspace: 12560K(13056K)->12560K(13056K) NonClass: 11215K(11456K)->11215K(11456K) Class: 1345K(1600K)->1345K(1600K)
[37.943s][info   ][gc          ] GC(67) Pause Full (System.gc()) 1848M->1848M(6144M) 608.468ms
[38.543s][info   ][gc,metaspace] GC(68) Metaspace: 12560K(13056K)->12560K(13056K) NonClass: 11215K(11456K)->11215K(11456K) Class: 1345K(1600K)->1345K(1600K)
[38.543s][info   ][gc          ] GC(68) Pause Full (System.gc()) 1848M->1848M(6144M) 599.986ms
[39.140s][info   ][gc,metaspace] GC(69) Metaspace: 12560K(13056K)->12560K(13056K) NonClass: 11215K(11456K)->11215K(11456K) Class: 1345K(1600K)->1345K(1600K)
[39.140s][info   ][gc          ] GC(69) Pause Full (System.gc()) 1848M->1848M(6144M) 596.139ms
[39.745s][info   ][gc,metaspace] GC(70) Metaspace: 12560K(13056K)->12560K(13056K) NonClass: 11215K(11456K)->11215K(11456K) Class: 1345K(1600K)->1345K(1600K)
[39.745s][info   ][gc          ] GC(70) Pause Full (System.gc()) 1848M->1848M(6144M) 604.950ms
[40.343s][info   ][gc,metaspace] GC(71) Metaspace: 12560K(13056K)->12560K(13056K) NonClass: 11215K(11456K)->11215K(11456K) Class: 1345K(1600K)->1345K(1600K)
[40.343s][info   ][gc          ] GC(71) Pause Full (System.gc()) 1848M->1848M(6144M) 598.175ms
[40.948s][info   ][gc,metaspace] GC(72) Metaspace: 12560K(13056K)->12560K(13056K) NonClass: 11215K(11456K)->11215K(11456K) Class: 1345K(1600K)->1345K(1600K)
[40.948s][info   ][gc          ] GC(72) Pause Full (System.gc()) 1848M->1848M(6144M) 605.447ms
[41.548s][info   ][gc,metaspace] GC(73) Metaspace: 12560K(13056K)->12560K(13056K) NonClass: 11215K(11456K)->11215K(11456K) Class: 1345K(1600K)->1345K(1600K)
[41.548s][info   ][gc          ] GC(73) Pause Full (System.gc()) 1848M->1848M(6144M) 599.878ms
[42.154s][info   ][gc,metaspace] GC(74) Metaspace: 12560K(13056K)->12560K(13056K) NonClass: 11215K(11456K)->11215K(11456K) Class: 1345K(1600K)->1345K(1600K)
[42.154s][info   ][gc          ] GC(74) Pause Full (System.gc()) 1848M->1848M(6144M) 605.326ms
[42.754s][info   ][gc,metaspace] GC(75) Metaspace: 12560K(13056K)->12560K(13056K) NonClass: 11215K(11456K)->11215K(11456K) Class: 1345K(1600K)->1345K(1600K)
[42.754s][info   ][gc          ] GC(75) Pause Full (System.gc()) 1848M->1848M(6144M) 600.448ms
[43.358s][info   ][gc,metaspace] GC(76) Metaspace: 12560K(13056K)->12560K(13056K) NonClass: 11215K(11456K)->11215K(11456K) Class: 1345K(1600K)->1345K(1600K)
[43.358s][info   ][gc          ] GC(76) Pause Full (System.gc()) 1848M->1848M(6144M) 603.556ms
After GCs... 
