Done; will start GCs... 
[29.355s][info][gc,metaspace] GC(9) Metaspace: 43163K(46912K)->43163K(46912K) NonClass: 33198K(34880K)->33198K(34880K) Class: 9965K(12032K)->9965K(12032K)
[29.355s][info][gc          ] GC(9) Pause Full (System.gc()) 989M->778M(6136M) 1098.378ms
[30.007s][info][gc,metaspace] GC(10) Metaspace: 43163K(46912K)->43163K(46912K) NonClass: 33198K(34880K)->33198K(34880K) Class: 9965K(12032K)->9965K(12032K)
[30.007s][info][gc          ] GC(10) Pause Full (System.gc()) 778M->778M(6136M) 652.344ms
[30.739s][info][gc,metaspace] GC(11) Metaspace: 43163K(46912K)->43163K(46912K) NonClass: 33198K(34880K)->33198K(34880K) Class: 9965K(12032K)->9965K(12032K)
[30.739s][info][gc          ] GC(11) Pause Full (System.gc()) 778M->778M(6136M) 731.562ms
[31.438s][info][gc,metaspace] GC(12) Metaspace: 43163K(46912K)->43163K(46912K) NonClass: 33198K(34880K)->33198K(34880K) Class: 9965K(12032K)->9965K(12032K)
[31.438s][info][gc          ] GC(12) Pause Full (System.gc()) 778M->778M(6136M) 699.226ms
[32.211s][info][gc,metaspace] GC(13) Metaspace: 43163K(46912K)->43163K(46912K) NonClass: 33198K(34880K)->33198K(34880K) Class: 9965K(12032K)->9965K(12032K)
[32.211s][info][gc          ] GC(13) Pause Full (System.gc()) 778M->778M(6136M) 772.915ms
[32.944s][info][gc,metaspace] GC(14) Metaspace: 43163K(46912K)->43163K(46912K) NonClass: 33198K(34880K)->33198K(34880K) Class: 9965K(12032K)->9965K(12032K)
[32.944s][info][gc          ] GC(14) Pause Full (System.gc()) 778M->778M(6136M) 732.583ms
[33.681s][info][gc,metaspace] GC(15) Metaspace: 43163K(46912K)->43163K(46912K) NonClass: 33198K(34880K)->33198K(34880K) Class: 9965K(12032K)->9965K(12032K)
[33.681s][info][gc          ] GC(15) Pause Full (System.gc()) 778M->778M(6136M) 737.023ms
[34.409s][info][gc,metaspace] GC(16) Metaspace: 43163K(46912K)->43163K(46912K) NonClass: 33198K(34880K)->33198K(34880K) Class: 9965K(12032K)->9965K(12032K)
[34.409s][info][gc          ] GC(16) Pause Full (System.gc()) 778M->778M(6136M) 728.169ms
[35.201s][info][gc,metaspace] GC(17) Metaspace: 43163K(46912K)->43163K(46912K) NonClass: 33198K(34880K)->33198K(34880K) Class: 9965K(12032K)->9965K(12032K)
[35.201s][info][gc          ] GC(17) Pause Full (System.gc()) 778M->778M(6136M) 791.600ms
[35.944s][info][gc,metaspace] GC(18) Metaspace: 43163K(46912K)->43163K(46912K) NonClass: 33198K(34880K)->33198K(34880K) Class: 9965K(12032K)->9965K(12032K)
[35.944s][info][gc          ] GC(18) Pause Full (System.gc()) 778M->778M(6136M) 742.968ms
[36.680s][info][gc,metaspace] GC(19) Metaspace: 43163K(46912K)->43163K(46912K) NonClass: 33198K(34880K)->33198K(34880K) Class: 9965K(12032K)->9965K(12032K)
[36.680s][info][gc          ] GC(19) Pause Full (System.gc()) 778M->778M(6136M) 736.060ms
[37.400s][info][gc,metaspace] GC(20) Metaspace: 43163K(46912K)->43163K(46912K) NonClass: 33198K(34880K)->33198K(34880K) Class: 9965K(12032K)->9965K(12032K)
[37.400s][info][gc          ] GC(20) Pause Full (System.gc()) 778M->778M(6136M) 719.686ms
[38.169s][info][gc,metaspace] GC(21) Metaspace: 43163K(46912K)->43163K(46912K) NonClass: 33198K(34880K)->33198K(34880K) Class: 9965K(12032K)->9965K(12032K)
[38.169s][info][gc          ] GC(21) Pause Full (System.gc()) 778M->778M(6136M) 768.519ms
[39.036s][info][gc,metaspace] GC(22) Metaspace: 43163K(46912K)->43163K(46912K) NonClass: 33198K(34880K)->33198K(34880K) Class: 9965K(12032K)->9965K(12032K)
[39.036s][info][gc          ] GC(22) Pause Full (System.gc()) 778M->778M(6136M) 866.877ms
[39.886s][info][gc,metaspace] GC(23) Metaspace: 43163K(46912K)->43163K(46912K) NonClass: 33198K(34880K)->33198K(34880K) Class: 9965K(12032K)->9965K(12032K)
[39.887s][info][gc          ] GC(23) Pause Full (System.gc()) 778M->778M(6136M) 846.256ms
[40.679s][info][gc,metaspace] GC(24) Metaspace: 43163K(46912K)->43163K(46912K) NonClass: 33198K(34880K)->33198K(34880K) Class: 9965K(12032K)->9965K(12032K)
[40.679s][info][gc          ] GC(24) Pause Full (System.gc()) 778M->778M(6136M) 792.381ms
[41.399s][info][gc,metaspace] GC(25) Metaspace: 43163K(46912K)->43163K(46912K) NonClass: 33198K(34880K)->33198K(34880K) Class: 9965K(12032K)->9965K(12032K)
[41.399s][info][gc          ] GC(25) Pause Full (System.gc()) 778M->778M(6136M) 720.320ms
[42.161s][info][gc,metaspace] GC(26) Metaspace: 43163K(46912K)->43163K(46912K) NonClass: 33198K(34880K)->33198K(34880K) Class: 9965K(12032K)->9965K(12032K)
[42.161s][info][gc          ] GC(26) Pause Full (System.gc()) 778M->778M(6136M) 761.838ms
[42.897s][info][gc,metaspace] GC(27) Metaspace: 43163K(46912K)->43163K(46912K) NonClass: 33198K(34880K)->33198K(34880K) Class: 9965K(12032K)->9965K(12032K)
[42.897s][info][gc          ] GC(27) Pause Full (System.gc()) 778M->778M(6136M) 734.949ms
[43.626s][info][gc,metaspace] GC(28) Metaspace: 43163K(46912K)->43163K(46912K) NonClass: 33198K(34880K)->33198K(34880K) Class: 9965K(12032K)->9965K(12032K)
[43.626s][info][gc          ] GC(28) Pause Full (System.gc()) 778M->778M(6136M) 729.576ms
[44.359s][info][gc,metaspace] GC(29) Metaspace: 43163K(46912K)->43163K(46912K) NonClass: 33198K(34880K)->33198K(34880K) Class: 9965K(12032K)->9965K(12032K)
[44.359s][info][gc          ] GC(29) Pause Full (System.gc()) 778M->778M(6136M) 732.753ms
[45.097s][info][gc,metaspace] GC(30) Metaspace: 43163K(46912K)->43163K(46912K) NonClass: 33198K(34880K)->33198K(34880K) Class: 9965K(12032K)->9965K(12032K)
[45.097s][info][gc          ] GC(30) Pause Full (System.gc()) 778M->778M(6136M) 733.220ms
[45.824s][info][gc,metaspace] GC(31) Metaspace: 43163K(46912K)->43163K(46912K) NonClass: 33198K(34880K)->33198K(34880K) Class: 9965K(12032K)->9965K(12032K)
[45.824s][info][gc          ] GC(31) Pause Full (System.gc()) 778M->778M(6136M) 727.037ms
[46.544s][info][gc,metaspace] GC(32) Metaspace: 43163K(46912K)->43163K(46912K) NonClass: 33198K(34880K)->33198K(34880K) Class: 9965K(12032K)->9965K(12032K)
[46.544s][info][gc          ] GC(32) Pause Full (System.gc()) 778M->778M(6136M) 720.357ms
[47.280s][info][gc,metaspace] GC(33) Metaspace: 43163K(46912K)->43163K(46912K) NonClass: 33198K(34880K)->33198K(34880K) Class: 9965K(12032K)->9965K(12032K)
[47.280s][info][gc          ] GC(33) Pause Full (System.gc()) 778M->778M(6136M) 735.900ms
[48.016s][info][gc,metaspace] GC(34) Metaspace: 43163K(46912K)->43163K(46912K) NonClass: 33198K(34880K)->33198K(34880K) Class: 9965K(12032K)->9965K(12032K)
[48.016s][info][gc          ] GC(34) Pause Full (System.gc()) 778M->778M(6136M) 735.490ms
[48.757s][info][gc,metaspace] GC(35) Metaspace: 43163K(46912K)->43163K(46912K) NonClass: 33198K(34880K)->33198K(34880K) Class: 9965K(12032K)->9965K(12032K)
[48.757s][info][gc          ] GC(35) Pause Full (System.gc()) 778M->778M(6136M) 740.504ms
[49.453s][info][gc,metaspace] GC(36) Metaspace: 43163K(46912K)->43163K(46912K) NonClass: 33198K(34880K)->33198K(34880K) Class: 9965K(12032K)->9965K(12032K)
[49.453s][info][gc          ] GC(36) Pause Full (System.gc()) 778M->778M(6136M) 696.689ms
[50.226s][info][gc,metaspace] GC(37) Metaspace: 43163K(46912K)->43163K(46912K) NonClass: 33198K(34880K)->33198K(34880K) Class: 9965K(12032K)->9965K(12032K)
[50.226s][info][gc          ] GC(37) Pause Full (System.gc()) 778M->778M(6136M) 768.360ms
[50.972s][info][gc,metaspace] GC(38) Metaspace: 43163K(46912K)->43163K(46912K) NonClass: 33198K(34880K)->33198K(34880K) Class: 9965K(12032K)->9965K(12032K)
[50.972s][info][gc          ] GC(38) Pause Full (System.gc()) 778M->778M(6136M) 745.294ms
[51.713s][info][gc,metaspace] GC(39) Metaspace: 43163K(46912K)->43163K(46912K) NonClass: 33198K(34880K)->33198K(34880K) Class: 9965K(12032K)->9965K(12032K)
[51.713s][info][gc          ] GC(39) Pause Full (System.gc()) 778M->778M(6136M) 741.292ms
[52.423s][info][gc,metaspace] GC(40) Metaspace: 43163K(46912K)->43163K(46912K) NonClass: 33198K(34880K)->33198K(34880K) Class: 9965K(12032K)->9965K(12032K)
[52.423s][info][gc          ] GC(40) Pause Full (System.gc()) 778M->778M(6136M) 710.254ms
[53.278s][info][gc,metaspace] GC(41) Metaspace: 43163K(46912K)->43163K(46912K) NonClass: 33198K(34880K)->33198K(34880K) Class: 9965K(12032K)->9965K(12032K)
[53.278s][info][gc          ] GC(41) Pause Full (System.gc()) 778M->778M(6136M) 854.072ms
[54.019s][info][gc,metaspace] GC(42) Metaspace: 43163K(46912K)->43163K(46912K) NonClass: 33198K(34880K)->33198K(34880K) Class: 9965K(12032K)->9965K(12032K)
[54.019s][info][gc          ] GC(42) Pause Full (System.gc()) 778M->778M(6136M) 740.867ms
[54.754s][info][gc,metaspace] GC(43) Metaspace: 43163K(46912K)->43163K(46912K) NonClass: 33198K(34880K)->33198K(34880K) Class: 9965K(12032K)->9965K(12032K)
[54.755s][info][gc          ] GC(43) Pause Full (System.gc()) 778M->778M(6136M) 735.772ms
[55.469s][info][gc,metaspace] GC(44) Metaspace: 43163K(46912K)->43163K(46912K) NonClass: 33198K(34880K)->33198K(34880K) Class: 9965K(12032K)->9965K(12032K)
[55.469s][info][gc          ] GC(44) Pause Full (System.gc()) 778M->778M(6136M) 709.962ms
[56.141s][info][gc,metaspace] GC(45) Metaspace: 43163K(46912K)->43163K(46912K) NonClass: 33198K(34880K)->33198K(34880K) Class: 9965K(12032K)->9965K(12032K)
[56.141s][info][gc          ] GC(45) Pause Full (System.gc()) 778M->778M(6136M) 671.503ms
[56.772s][info][gc,metaspace] GC(46) Metaspace: 43163K(46912K)->43163K(46912K) NonClass: 33198K(34880K)->33198K(34880K) Class: 9965K(12032K)->9965K(12032K)
[56.772s][info][gc          ] GC(46) Pause Full (System.gc()) 778M->778M(6136M) 631.413ms
[57.406s][info][gc,metaspace] GC(47) Metaspace: 43163K(46912K)->43163K(46912K) NonClass: 33198K(34880K)->33198K(34880K) Class: 9965K(12032K)->9965K(12032K)
[57.406s][info][gc          ] GC(47) Pause Full (System.gc()) 778M->778M(6136M) 633.796ms
[58.060s][info][gc,metaspace] GC(48) Metaspace: 43163K(46912K)->43163K(46912K) NonClass: 33198K(34880K)->33198K(34880K) Class: 9965K(12032K)->9965K(12032K)
[58.060s][info][gc          ] GC(48) Pause Full (System.gc()) 778M->778M(6136M) 653.960ms
[58.692s][info][gc,metaspace] GC(49) Metaspace: 43163K(46912K)->43163K(46912K) NonClass: 33198K(34880K)->33198K(34880K) Class: 9965K(12032K)->9965K(12032K)
[58.692s][info][gc          ] GC(49) Pause Full (System.gc()) 778M->778M(6136M) 631.966ms
[59.333s][info][gc,metaspace] GC(50) Metaspace: 43163K(46912K)->43163K(46912K) NonClass: 33198K(34880K)->33198K(34880K) Class: 9965K(12032K)->9965K(12032K)
[59.333s][info][gc          ] GC(50) Pause Full (System.gc()) 778M->778M(6136M) 640.453ms
[59.969s][info][gc,metaspace] GC(51) Metaspace: 43163K(46912K)->43163K(46912K) NonClass: 33198K(34880K)->33198K(34880K) Class: 9965K(12032K)->9965K(12032K)
[59.969s][info][gc          ] GC(51) Pause Full (System.gc()) 778M->778M(6136M) 635.933ms
[60.626s][info][gc,metaspace] GC(52) Metaspace: 43163K(46912K)->43163K(46912K) NonClass: 33198K(34880K)->33198K(34880K) Class: 9965K(12032K)->9965K(12032K)
[60.626s][info][gc          ] GC(52) Pause Full (System.gc()) 778M->778M(6136M) 652.660ms
[61.291s][info][gc,metaspace] GC(53) Metaspace: 43163K(46912K)->43163K(46912K) NonClass: 33198K(34880K)->33198K(34880K) Class: 9965K(12032K)->9965K(12032K)
[61.291s][info][gc          ] GC(53) Pause Full (System.gc()) 778M->778M(6136M) 664.410ms
[61.932s][info][gc,metaspace] GC(54) Metaspace: 43163K(46912K)->43163K(46912K) NonClass: 33198K(34880K)->33198K(34880K) Class: 9965K(12032K)->9965K(12032K)
[61.932s][info][gc          ] GC(54) Pause Full (System.gc()) 778M->778M(6136M) 640.644ms
[62.613s][info][gc,metaspace] GC(55) Metaspace: 43163K(46912K)->43163K(46912K) NonClass: 33198K(34880K)->33198K(34880K) Class: 9965K(12032K)->9965K(12032K)
[62.613s][info][gc          ] GC(55) Pause Full (System.gc()) 778M->778M(6136M) 681.112ms
[63.280s][info][gc,metaspace] GC(56) Metaspace: 43163K(46912K)->43163K(46912K) NonClass: 33198K(34880K)->33198K(34880K) Class: 9965K(12032K)->9965K(12032K)
[63.280s][info][gc          ] GC(56) Pause Full (System.gc()) 778M->778M(6136M) 667.079ms
[63.914s][info][gc,metaspace] GC(57) Metaspace: 43163K(46912K)->43163K(46912K) NonClass: 33198K(34880K)->33198K(34880K) Class: 9965K(12032K)->9965K(12032K)
[63.914s][info][gc          ] GC(57) Pause Full (System.gc()) 778M->778M(6136M) 633.546ms
[64.772s][info][gc,metaspace] GC(58) Metaspace: 43163K(46912K)->43163K(46912K) NonClass: 33198K(34880K)->33198K(34880K) Class: 9965K(12032K)->9965K(12032K)
[64.772s][info][gc          ] GC(58) Pause Full (System.gc()) 791M->778M(6136M) 857.826ms
[65.418s][info][gc,metaspace] GC(59) Metaspace: 43163K(46912K)->43163K(46912K) NonClass: 33198K(34880K)->33198K(34880K) Class: 9965K(12032K)->9965K(12032K)
[65.418s][info][gc          ] GC(59) Pause Full (System.gc()) 778M->778M(6136M) 646.523ms
[66.102s][info][gc,metaspace] GC(60) Metaspace: 43163K(46912K)->43163K(46912K) NonClass: 33198K(34880K)->33198K(34880K) Class: 9965K(12032K)->9965K(12032K)
[66.102s][info][gc          ] GC(60) Pause Full (System.gc()) 778M->778M(6136M) 683.575ms
[66.738s][info][gc,metaspace] GC(61) Metaspace: 43163K(46912K)->43163K(46912K) NonClass: 33198K(34880K)->33198K(34880K) Class: 9965K(12032K)->9965K(12032K)
[66.738s][info][gc          ] GC(61) Pause Full (System.gc()) 778M->778M(6136M) 636.210ms
[67.380s][info][gc,metaspace] GC(62) Metaspace: 43163K(46912K)->43163K(46912K) NonClass: 33198K(34880K)->33198K(34880K) Class: 9965K(12032K)->9965K(12032K)
[67.380s][info][gc          ] GC(62) Pause Full (System.gc()) 778M->778M(6136M) 641.253ms
[68.059s][info][gc,metaspace] GC(63) Metaspace: 43163K(46912K)->43163K(46912K) NonClass: 33198K(34880K)->33198K(34880K) Class: 9965K(12032K)->9965K(12032K)
[68.059s][info][gc          ] GC(63) Pause Full (System.gc()) 778M->778M(6136M) 679.585ms
[68.686s][info][gc,metaspace] GC(64) Metaspace: 43163K(46912K)->43163K(46912K) NonClass: 33198K(34880K)->33198K(34880K) Class: 9965K(12032K)->9965K(12032K)
[68.686s][info][gc          ] GC(64) Pause Full (System.gc()) 778M->778M(6136M) 626.479ms
[69.330s][info][gc,metaspace] GC(65) Metaspace: 43163K(46912K)->43163K(46912K) NonClass: 33198K(34880K)->33198K(34880K) Class: 9965K(12032K)->9965K(12032K)
[69.330s][info][gc          ] GC(65) Pause Full (System.gc()) 778M->778M(6136M) 644.142ms
[69.968s][info][gc,metaspace] GC(66) Metaspace: 43163K(46912K)->43163K(46912K) NonClass: 33198K(34880K)->33198K(34880K) Class: 9965K(12032K)->9965K(12032K)
[69.968s][info][gc          ] GC(66) Pause Full (System.gc()) 778M->778M(6136M) 637.101ms
[70.597s][info][gc,metaspace] GC(67) Metaspace: 43163K(46912K)->43163K(46912K) NonClass: 33198K(34880K)->33198K(34880K) Class: 9965K(12032K)->9965K(12032K)
[70.597s][info][gc          ] GC(67) Pause Full (System.gc()) 778M->778M(6136M) 629.527ms
[71.283s][info][gc,metaspace] GC(68) Metaspace: 43163K(46912K)->43163K(46912K) NonClass: 33198K(34880K)->33198K(34880K) Class: 9965K(12032K)->9965K(12032K)
[71.283s][info][gc          ] GC(68) Pause Full (System.gc()) 778M->778M(6136M) 681.830ms
[71.907s][info][gc,metaspace] GC(69) Metaspace: 43163K(46912K)->43163K(46912K) NonClass: 33198K(34880K)->33198K(34880K) Class: 9965K(12032K)->9965K(12032K)
[71.907s][info][gc          ] GC(69) Pause Full (System.gc()) 778M->778M(6136M) 623.059ms
[72.560s][info][gc,metaspace] GC(70) Metaspace: 43163K(46912K)->43163K(46912K) NonClass: 33198K(34880K)->33198K(34880K) Class: 9965K(12032K)->9965K(12032K)
[72.560s][info][gc          ] GC(70) Pause Full (System.gc()) 778M->778M(6136M) 653.207ms
[73.233s][info][gc,metaspace] GC(71) Metaspace: 43163K(46912K)->43163K(46912K) NonClass: 33198K(34880K)->33198K(34880K) Class: 9965K(12032K)->9965K(12032K)
[73.233s][info][gc          ] GC(71) Pause Full (System.gc()) 778M->778M(6136M) 672.527ms
[73.884s][info][gc,metaspace] GC(72) Metaspace: 43163K(46912K)->43163K(46912K) NonClass: 33198K(34880K)->33198K(34880K) Class: 9965K(12032K)->9965K(12032K)
[73.884s][info][gc          ] GC(72) Pause Full (System.gc()) 778M->778M(6136M) 651.425ms
[74.524s][info][gc,metaspace] GC(73) Metaspace: 43163K(46912K)->43163K(46912K) NonClass: 33198K(34880K)->33198K(34880K) Class: 9965K(12032K)->9965K(12032K)
[74.524s][info][gc          ] GC(73) Pause Full (System.gc()) 778M->778M(6136M) 639.612ms
[75.196s][info][gc,metaspace] GC(74) Metaspace: 43163K(46912K)->43163K(46912K) NonClass: 33198K(34880K)->33198K(34880K) Class: 9965K(12032K)->9965K(12032K)
[75.196s][info][gc          ] GC(74) Pause Full (System.gc()) 778M->778M(6136M) 671.707ms
[75.849s][info][gc,metaspace] GC(75) Metaspace: 43163K(46912K)->43163K(46912K) NonClass: 33198K(34880K)->33198K(34880K) Class: 9965K(12032K)->9965K(12032K)
[75.849s][info][gc          ] GC(75) Pause Full (System.gc()) 778M->778M(6136M) 652.695ms
[76.535s][info][gc,metaspace] GC(76) Metaspace: 43163K(46912K)->43163K(46912K) NonClass: 33198K(34880K)->33198K(34880K) Class: 9965K(12032K)->9965K(12032K)
[76.535s][info][gc          ] GC(76) Pause Full (System.gc()) 778M->778M(6136M) 682.431ms
[77.207s][info][gc,metaspace] GC(77) Metaspace: 43163K(46912K)->43163K(46912K) NonClass: 33198K(34880K)->33198K(34880K) Class: 9965K(12032K)->9965K(12032K)
[77.207s][info][gc          ] GC(77) Pause Full (System.gc()) 778M->778M(6136M) 671.608ms
[77.840s][info][gc,metaspace] GC(78) Metaspace: 43163K(46912K)->43163K(46912K) NonClass: 33198K(34880K)->33198K(34880K) Class: 9965K(12032K)->9965K(12032K)
[77.840s][info][gc          ] GC(78) Pause Full (System.gc()) 778M->778M(6136M) 632.269ms
[78.486s][info][gc,metaspace] GC(79) Metaspace: 43163K(46912K)->43163K(46912K) NonClass: 33198K(34880K)->33198K(34880K) Class: 9965K(12032K)->9965K(12032K)
[78.486s][info][gc          ] GC(79) Pause Full (System.gc()) 778M->778M(6136M) 646.630ms
[79.168s][info][gc,metaspace] GC(80) Metaspace: 43163K(46912K)->43163K(46912K) NonClass: 33198K(34880K)->33198K(34880K) Class: 9965K(12032K)->9965K(12032K)
[79.168s][info][gc          ] GC(80) Pause Full (System.gc()) 778M->778M(6136M) 681.997ms
[79.796s][info][gc,metaspace] GC(81) Metaspace: 43163K(46912K)->43163K(46912K) NonClass: 33198K(34880K)->33198K(34880K) Class: 9965K(12032K)->9965K(12032K)
[79.796s][info][gc          ] GC(81) Pause Full (System.gc()) 778M->778M(6136M) 627.535ms
[80.512s][info][gc,metaspace] GC(82) Metaspace: 43163K(46912K)->43163K(46912K) NonClass: 33198K(34880K)->33198K(34880K) Class: 9965K(12032K)->9965K(12032K)
[80.513s][info][gc          ] GC(82) Pause Full (System.gc()) 778M->778M(6136M) 716.303ms
[81.196s][info][gc,metaspace] GC(83) Metaspace: 43163K(46912K)->43163K(46912K) NonClass: 33198K(34880K)->33198K(34880K) Class: 9965K(12032K)->9965K(12032K)
[81.196s][info][gc          ] GC(83) Pause Full (System.gc()) 778M->778M(6136M) 682.995ms
[81.831s][info][gc,metaspace] GC(84) Metaspace: 43163K(46912K)->43163K(46912K) NonClass: 33198K(34880K)->33198K(34880K) Class: 9965K(12032K)->9965K(12032K)
[81.831s][info][gc          ] GC(84) Pause Full (System.gc()) 778M->778M(6136M) 635.704ms
[82.481s][info][gc,metaspace] GC(85) Metaspace: 43163K(46912K)->43163K(46912K) NonClass: 33198K(34880K)->33198K(34880K) Class: 9965K(12032K)->9965K(12032K)
[82.481s][info][gc          ] GC(85) Pause Full (System.gc()) 778M->778M(6136M) 649.836ms
[83.159s][info][gc,metaspace] GC(86) Metaspace: 43163K(46912K)->43163K(46912K) NonClass: 33198K(34880K)->33198K(34880K) Class: 9965K(12032K)->9965K(12032K)
[83.159s][info][gc          ] GC(86) Pause Full (System.gc()) 778M->778M(6136M) 677.673ms
[83.795s][info][gc,metaspace] GC(87) Metaspace: 43163K(46912K)->43163K(46912K) NonClass: 33198K(34880K)->33198K(34880K) Class: 9965K(12032K)->9965K(12032K)
[83.795s][info][gc          ] GC(87) Pause Full (System.gc()) 778M->778M(6136M) 635.658ms
[84.536s][info][gc,metaspace] GC(88) Metaspace: 43163K(46912K)->43163K(46912K) NonClass: 33198K(34880K)->33198K(34880K) Class: 9965K(12032K)->9965K(12032K)
[84.536s][info][gc          ] GC(88) Pause Full (System.gc()) 778M->778M(6136M) 741.111ms
[85.201s][info][gc,metaspace] GC(89) Metaspace: 43163K(46912K)->43163K(46912K) NonClass: 33198K(34880K)->33198K(34880K) Class: 9965K(12032K)->9965K(12032K)
[85.201s][info][gc          ] GC(89) Pause Full (System.gc()) 778M->778M(6136M) 664.225ms
[85.842s][info][gc,metaspace] GC(90) Metaspace: 43163K(46912K)->43163K(46912K) NonClass: 33198K(34880K)->33198K(34880K) Class: 9965K(12032K)->9965K(12032K)
[85.842s][info][gc          ] GC(90) Pause Full (System.gc()) 778M->778M(6136M) 641.369ms
[86.480s][info][gc,metaspace] GC(91) Metaspace: 43163K(46912K)->43163K(46912K) NonClass: 33198K(34880K)->33198K(34880K) Class: 9965K(12032K)->9965K(12032K)
[86.480s][info][gc          ] GC(91) Pause Full (System.gc()) 778M->778M(6136M) 637.876ms
[87.168s][info][gc,metaspace] GC(92) Metaspace: 43163K(46912K)->43163K(46912K) NonClass: 33198K(34880K)->33198K(34880K) Class: 9965K(12032K)->9965K(12032K)
[87.168s][info][gc          ] GC(92) Pause Full (System.gc()) 778M->778M(6136M) 683.863ms
[87.922s][info][gc,metaspace] GC(93) Metaspace: 43163K(46912K)->43163K(46912K) NonClass: 33198K(34880K)->33198K(34880K) Class: 9965K(12032K)->9965K(12032K)
[87.922s][info][gc          ] GC(93) Pause Full (System.gc()) 778M->778M(6136M) 753.615ms
[88.574s][info][gc,metaspace] GC(94) Metaspace: 43163K(46912K)->43163K(46912K) NonClass: 33198K(34880K)->33198K(34880K) Class: 9965K(12032K)->9965K(12032K)
[88.574s][info][gc          ] GC(94) Pause Full (System.gc()) 778M->778M(6136M) 651.687ms
[89.242s][info][gc,metaspace] GC(95) Metaspace: 43163K(46912K)->43163K(46912K) NonClass: 33198K(34880K)->33198K(34880K) Class: 9965K(12032K)->9965K(12032K)
[89.242s][info][gc          ] GC(95) Pause Full (System.gc()) 778M->778M(6136M) 667.706ms
[89.877s][info][gc,metaspace] GC(96) Metaspace: 43163K(46912K)->43163K(46912K) NonClass: 33198K(34880K)->33198K(34880K) Class: 9965K(12032K)->9965K(12032K)
[89.877s][info][gc          ] GC(96) Pause Full (System.gc()) 778M->778M(6136M) 635.229ms
[90.515s][info][gc,metaspace] GC(97) Metaspace: 43163K(46912K)->43163K(46912K) NonClass: 33198K(34880K)->33198K(34880K) Class: 9965K(12032K)->9965K(12032K)
[90.515s][info][gc          ] GC(97) Pause Full (System.gc()) 778M->778M(6136M) 637.826ms
[91.192s][info][gc,metaspace] GC(98) Metaspace: 43163K(46912K)->43163K(46912K) NonClass: 33198K(34880K)->33198K(34880K) Class: 9965K(12032K)->9965K(12032K)
[91.192s][info][gc          ] GC(98) Pause Full (System.gc()) 778M->778M(6136M) 677.124ms
[91.830s][info][gc,metaspace] GC(99) Metaspace: 43163K(46912K)->43163K(46912K) NonClass: 33198K(34880K)->33198K(34880K) Class: 9965K(12032K)->9965K(12032K)
[91.831s][info][gc          ] GC(99) Pause Full (System.gc()) 778M->778M(6136M) 638.039ms
[92.497s][info][gc,metaspace] GC(100) Metaspace: 43163K(46912K)->43163K(46912K) NonClass: 33198K(34880K)->33198K(34880K) Class: 9965K(12032K)->9965K(12032K)
[92.497s][info][gc          ] GC(100) Pause Full (System.gc()) 778M->778M(6136M) 661.906ms
[93.173s][info][gc,metaspace] GC(101) Metaspace: 43163K(46912K)->43163K(46912K) NonClass: 33198K(34880K)->33198K(34880K) Class: 9965K(12032K)->9965K(12032K)
[93.173s][info][gc          ] GC(101) Pause Full (System.gc()) 778M->778M(6136M) 675.950ms
[93.802s][info][gc,metaspace] GC(102) Metaspace: 43163K(46912K)->43163K(46912K) NonClass: 33198K(34880K)->33198K(34880K) Class: 9965K(12032K)->9965K(12032K)
[93.802s][info][gc          ] GC(102) Pause Full (System.gc()) 778M->778M(6136M) 628.893ms
[94.498s][info][gc,metaspace] GC(103) Metaspace: 43163K(46912K)->43163K(46912K) NonClass: 33198K(34880K)->33198K(34880K) Class: 9965K(12032K)->9965K(12032K)
[94.498s][info][gc          ] GC(103) Pause Full (System.gc()) 778M->778M(6136M) 695.577ms
[95.175s][info][gc,metaspace] GC(104) Metaspace: 43163K(46912K)->43163K(46912K) NonClass: 33198K(34880K)->33198K(34880K) Class: 9965K(12032K)->9965K(12032K)
[95.175s][info][gc          ] GC(104) Pause Full (System.gc()) 778M->778M(6136M) 677.067ms
[95.806s][info][gc,metaspace] GC(105) Metaspace: 43163K(46912K)->43163K(46912K) NonClass: 33198K(34880K)->33198K(34880K) Class: 9965K(12032K)->9965K(12032K)
[95.806s][info][gc          ] GC(105) Pause Full (System.gc()) 778M->778M(6136M) 631.522ms
[96.458s][info][gc,metaspace] GC(106) Metaspace: 43163K(46912K)->43163K(46912K) NonClass: 33198K(34880K)->33198K(34880K) Class: 9965K(12032K)->9965K(12032K)
[96.458s][info][gc          ] GC(106) Pause Full (System.gc()) 778M->778M(6136M) 650.958ms
[97.135s][info][gc,metaspace] GC(107) Metaspace: 43163K(46912K)->43163K(46912K) NonClass: 33198K(34880K)->33198K(34880K) Class: 9965K(12032K)->9965K(12032K)
[97.135s][info][gc          ] GC(107) Pause Full (System.gc()) 778M->778M(6136M) 677.483ms
[97.778s][info][gc,metaspace] GC(108) Metaspace: 43163K(46912K)->43163K(46912K) NonClass: 33198K(34880K)->33198K(34880K) Class: 9965K(12032K)->9965K(12032K)
[97.778s][info][gc          ] GC(108) Pause Full (System.gc()) 778M->778M(6136M) 638.857ms
After GCs... 
