[0.001s][info][metaspace]  - commit_granule_bytes: 65536.
[0.001s][info][metaspace]  - commit_granule_words: 8192.
[0.001s][info][metaspace]  - virtual_space_node_default_size: 8388608.
[0.001s][info][metaspace]  - enlarge_chunks_in_place: 1.
[0.001s][info][metaspace]  - use_allocation_guard: 0.
[0.005s][info][gc       ] Using Parallel
[0.370s][info][metaspace] Reserving compressed class space anywhere
[0.375s][info][gc,metaspace] CDS archive(s) not mapped
[0.375s][info][gc,metaspace] Compressed class space mapped at: 0x0000000015000000-0x00000000d5000000, reserved size: 3221225472
[0.375s][info][gc,metaspace] UseCompressedClassPointers 1, UseCompactObjectHeaders 1, narrow klass pointer bits 22, max shift 10
[0.375s][info][gc,metaspace] Narrow klass base: 0x0000000015000000, Narrow klass shift: 10, Narrow klass range: 0xc0000000
Num Classes: 4096
Num Objects per Class: 16384
Cycles: 100
Class association: random
Generate 4096 classes...[2.483s][info][gc,metaspace] GC(0) Metaspace: 22541K(22848K)->22541K(22848K) NonClass: 18821K(19008K)->18821K(19008K) Class: 3719K(3840K)->3719K(3840K)
[2.483s][info][gc          ] GC(0) Pause Young (Allocation Failure) 1536M->4M(5888M) 5.103ms
[3.719s][info][gc,metaspace] GC(1) Metaspace: 23417K(23744K)->23417K(23744K) NonClass: 19695K(19904K)->19695K(19904K) Class: 3721K(3840K)->3721K(3840K)
[3.719s][info][gc          ] GC(1) Pause Young (Allocation Failure) 1540M->4M(5888M) 4.205ms
[4.889s][info][gc,metaspace] GC(2) Metaspace: 23475K(23744K)->23475K(23744K) NonClass: 19753K(19904K)->19753K(19904K) Class: 3721K(3840K)->3721K(3840K)
[4.889s][info][gc          ] GC(2) Pause Young (Allocation Failure) 1540M->5M(5888M) 4.835ms
[6.098s][info][gc,metaspace] GC(3) Metaspace: 23517K(23808K)->23517K(23808K) NonClass: 19795K(19968K)->19795K(19968K) Class: 3721K(3840K)->3721K(3840K)
[6.098s][info][gc          ] GC(3) Pause Young (Allocation Failure) 1541M->5M(5888M) 5.304ms
[7.257s][info][gc,metaspace] GC(4) Metaspace: 23576K(23872K)->23576K(23872K) NonClass: 19853K(20032K)->19853K(20032K) Class: 3722K(3840K)->3722K(3840K)
[7.258s][info][gc          ] GC(4) Pause Young (Allocation Failure) 1541M->5M(5888M) 3.779ms
[8.345s][info][gc,metaspace] GC(5) Metaspace: 23688K(23936K)->23688K(23936K) NonClass: 19964K(20096K)->19964K(20096K) Class: 3723K(3840K)->3723K(3840K)
[8.345s][info][gc          ] GC(5) Pause Young (Allocation Failure) 1541M->6M(6136M) 4.987ms
[10.360s][info][gc,metaspace] GC(6) Metaspace: 23689K(23936K)->23689K(23936K) NonClass: 19965K(20096K)->19965K(20096K) Class: 3723K(3840K)->3723K(3840K)
[10.360s][info][gc          ] GC(6) Pause Young (Allocation Failure) 2040M->6M(6137M) 3.912ms
[11.717s][info][gc,metaspace] GC(7) Metaspace: 23689K(23936K)->23689K(23936K) NonClass: 19965K(20096K)->19965K(20096K) Class: 3723K(3840K)->3723K(3840K)
[11.717s][info][gc          ] GC(7) Pause Young (Allocation Failure) 2040M->7M(6136M) 1.385ms

Loading 4096...[13.626s][info][gc,metaspace] GC(8) Metaspace: 29845K(30144K)->29845K(30144K) NonClass: 22026K(22208K)->22026K(22208K) Class: 7819K(7936K)->7819K(7936K)
[13.626s][info][gc          ] GC(8) Pause Full (System.gc()) 1991M->7M(6136M) 40.856ms
Creating 16384 objects per class...
Done; will start GCs... 
[30.257s][info][gc,metaspace] GC(9) Metaspace: 43161K(46912K)->43161K(46912K) NonClass: 33195K(34880K)->33195K(34880K) Class: 9965K(12032K)->9965K(12032K)
[30.257s][info][gc          ] GC(9) Pause Full (System.gc()) 990M->778M(6136M) 708.075ms
[30.764s][info][gc,metaspace] GC(10) Metaspace: 43161K(46912K)->43161K(46912K) NonClass: 33195K(34880K)->33195K(34880K) Class: 9965K(12032K)->9965K(12032K)
[30.764s][info][gc          ] GC(10) Pause Full (System.gc()) 778M->778M(6136M) 506.726ms
[31.345s][info][gc,metaspace] GC(11) Metaspace: 43161K(46912K)->43161K(46912K) NonClass: 33195K(34880K)->33195K(34880K) Class: 9965K(12032K)->9965K(12032K)
[31.345s][info][gc          ] GC(11) Pause Full (System.gc()) 778M->778M(6136M) 580.607ms
[31.849s][info][gc,metaspace] GC(12) Metaspace: 43161K(46912K)->43161K(46912K) NonClass: 33195K(34880K)->33195K(34880K) Class: 9965K(12032K)->9965K(12032K)
[31.849s][info][gc          ] GC(12) Pause Full (System.gc()) 778M->778M(6136M) 504.212ms
[32.352s][info][gc,metaspace] GC(13) Metaspace: 43161K(46912K)->43161K(46912K) NonClass: 33195K(34880K)->33195K(34880K) Class: 9965K(12032K)->9965K(12032K)
[32.352s][info][gc          ] GC(13) Pause Full (System.gc()) 778M->778M(6136M) 503.354ms
[32.925s][info][gc,metaspace] GC(14) Metaspace: 43161K(46912K)->43161K(46912K) NonClass: 33195K(34880K)->33195K(34880K) Class: 9965K(12032K)->9965K(12032K)
[32.925s][info][gc          ] GC(14) Pause Full (System.gc()) 778M->778M(6136M) 572.497ms
[33.446s][info][gc,metaspace] GC(15) Metaspace: 43161K(46912K)->43161K(46912K) NonClass: 33195K(34880K)->33195K(34880K) Class: 9965K(12032K)->9965K(12032K)
[33.446s][info][gc          ] GC(15) Pause Full (System.gc()) 778M->778M(6136M) 521.174ms
[33.975s][info][gc,metaspace] GC(16) Metaspace: 43161K(46912K)->43161K(46912K) NonClass: 33195K(34880K)->33195K(34880K) Class: 9965K(12032K)->9965K(12032K)
[33.975s][info][gc          ] GC(16) Pause Full (System.gc()) 778M->778M(6136M) 528.417ms
[34.491s][info][gc,metaspace] GC(17) Metaspace: 43161K(46912K)->43161K(46912K) NonClass: 33195K(34880K)->33195K(34880K) Class: 9965K(12032K)->9965K(12032K)
[34.491s][info][gc          ] GC(17) Pause Full (System.gc()) 778M->778M(6136M) 515.817ms
[35.008s][info][gc,metaspace] GC(18) Metaspace: 43161K(46912K)->43161K(46912K) NonClass: 33195K(34880K)->33195K(34880K) Class: 9965K(12032K)->9965K(12032K)
[35.008s][info][gc          ] GC(18) Pause Full (System.gc()) 778M->778M(6136M) 516.868ms
[35.521s][info][gc,metaspace] GC(19) Metaspace: 43161K(46912K)->43161K(46912K) NonClass: 33195K(34880K)->33195K(34880K) Class: 9965K(12032K)->9965K(12032K)
[35.521s][info][gc          ] GC(19) Pause Full (System.gc()) 778M->778M(6136M) 512.831ms
[36.034s][info][gc,metaspace] GC(20) Metaspace: 43161K(46912K)->43161K(46912K) NonClass: 33195K(34880K)->33195K(34880K) Class: 9965K(12032K)->9965K(12032K)
[36.034s][info][gc          ] GC(20) Pause Full (System.gc()) 778M->778M(6136M) 512.696ms
[36.540s][info][gc,metaspace] GC(21) Metaspace: 43161K(46912K)->43161K(46912K) NonClass: 33195K(34880K)->33195K(34880K) Class: 9965K(12032K)->9965K(12032K)
[36.540s][info][gc          ] GC(21) Pause Full (System.gc()) 778M->778M(6136M) 506.361ms
[37.054s][info][gc,metaspace] GC(22) Metaspace: 43161K(46912K)->43161K(46912K) NonClass: 33195K(34880K)->33195K(34880K) Class: 9965K(12032K)->9965K(12032K)
[37.054s][info][gc          ] GC(22) Pause Full (System.gc()) 778M->778M(6136M) 513.360ms
[37.632s][info][gc,metaspace] GC(23) Metaspace: 43161K(46912K)->43161K(46912K) NonClass: 33195K(34880K)->33195K(34880K) Class: 9965K(12032K)->9965K(12032K)
[37.632s][info][gc          ] GC(23) Pause Full (System.gc()) 778M->778M(6136M) 577.873ms
[38.152s][info][gc,metaspace] GC(24) Metaspace: 43161K(46912K)->43161K(46912K) NonClass: 33195K(34880K)->33195K(34880K) Class: 9965K(12032K)->9965K(12032K)
[38.152s][info][gc          ] GC(24) Pause Full (System.gc()) 778M->778M(6136M) 520.102ms
[38.659s][info][gc,metaspace] GC(25) Metaspace: 43161K(46912K)->43161K(46912K) NonClass: 33195K(34880K)->33195K(34880K) Class: 9965K(12032K)->9965K(12032K)
[38.659s][info][gc          ] GC(25) Pause Full (System.gc()) 778M->778M(6136M) 506.619ms
[39.153s][info][gc,metaspace] GC(26) Metaspace: 43161K(46912K)->43161K(46912K) NonClass: 33195K(34880K)->33195K(34880K) Class: 9965K(12032K)->9965K(12032K)
[39.154s][info][gc          ] GC(26) Pause Full (System.gc()) 778M->778M(6136M) 494.567ms
[39.659s][info][gc,metaspace] GC(27) Metaspace: 43161K(46912K)->43161K(46912K) NonClass: 33195K(34880K)->33195K(34880K) Class: 9965K(12032K)->9965K(12032K)
[39.659s][info][gc          ] GC(27) Pause Full (System.gc()) 778M->778M(6136M) 505.622ms
[40.213s][info][gc,metaspace] GC(28) Metaspace: 43161K(46912K)->43161K(46912K) NonClass: 33195K(34880K)->33195K(34880K) Class: 9965K(12032K)->9965K(12032K)
[40.213s][info][gc          ] GC(28) Pause Full (System.gc()) 778M->778M(6136M) 553.715ms
[40.731s][info][gc,metaspace] GC(29) Metaspace: 43161K(46912K)->43161K(46912K) NonClass: 33195K(34880K)->33195K(34880K) Class: 9965K(12032K)->9965K(12032K)
[40.731s][info][gc          ] GC(29) Pause Full (System.gc()) 778M->778M(6136M) 513.227ms
[41.235s][info][gc,metaspace] GC(30) Metaspace: 43161K(46912K)->43161K(46912K) NonClass: 33195K(34880K)->33195K(34880K) Class: 9965K(12032K)->9965K(12032K)
[41.235s][info][gc          ] GC(30) Pause Full (System.gc()) 778M->778M(6136M) 504.025ms
[41.735s][info][gc,metaspace] GC(31) Metaspace: 43161K(46912K)->43161K(46912K) NonClass: 33195K(34880K)->33195K(34880K) Class: 9965K(12032K)->9965K(12032K)
[41.735s][info][gc          ] GC(31) Pause Full (System.gc()) 778M->778M(6136M) 500.471ms
[42.343s][info][gc,metaspace] GC(32) Metaspace: 43161K(46912K)->43161K(46912K) NonClass: 33195K(34880K)->33195K(34880K) Class: 9965K(12032K)->9965K(12032K)
[42.343s][info][gc          ] GC(32) Pause Full (System.gc()) 778M->778M(6136M) 607.543ms
[42.851s][info][gc,metaspace] GC(33) Metaspace: 43161K(46912K)->43161K(46912K) NonClass: 33195K(34880K)->33195K(34880K) Class: 9965K(12032K)->9965K(12032K)
[42.851s][info][gc          ] GC(33) Pause Full (System.gc()) 778M->778M(6136M) 507.719ms
[43.344s][info][gc,metaspace] GC(34) Metaspace: 43161K(46912K)->43161K(46912K) NonClass: 33195K(34880K)->33195K(34880K) Class: 9965K(12032K)->9965K(12032K)
[43.344s][info][gc          ] GC(34) Pause Full (System.gc()) 778M->778M(6136M) 492.665ms
[43.851s][info][gc,metaspace] GC(35) Metaspace: 43161K(46912K)->43161K(46912K) NonClass: 33195K(34880K)->33195K(34880K) Class: 9965K(12032K)->9965K(12032K)
[43.851s][info][gc          ] GC(35) Pause Full (System.gc()) 778M->778M(6136M) 507.062ms
[44.368s][info][gc,metaspace] GC(36) Metaspace: 43161K(46912K)->43161K(46912K) NonClass: 33195K(34880K)->33195K(34880K) Class: 9965K(12032K)->9965K(12032K)
[44.368s][info][gc          ] GC(36) Pause Full (System.gc()) 778M->778M(6136M) 517.478ms
[44.876s][info][gc,metaspace] GC(37) Metaspace: 43161K(46912K)->43161K(46912K) NonClass: 33195K(34880K)->33195K(34880K) Class: 9965K(12032K)->9965K(12032K)
[44.876s][info][gc          ] GC(37) Pause Full (System.gc()) 778M->778M(6136M) 507.430ms
[45.391s][info][gc,metaspace] GC(38) Metaspace: 43161K(46912K)->43161K(46912K) NonClass: 33195K(34880K)->33195K(34880K) Class: 9965K(12032K)->9965K(12032K)
[45.391s][info][gc          ] GC(38) Pause Full (System.gc()) 778M->778M(6136M) 514.490ms
[45.978s][info][gc,metaspace] GC(39) Metaspace: 43161K(46912K)->43161K(46912K) NonClass: 33195K(34880K)->33195K(34880K) Class: 9965K(12032K)->9965K(12032K)
[45.978s][info][gc          ] GC(39) Pause Full (System.gc()) 778M->778M(6136M) 582.936ms
[46.499s][info][gc,metaspace] GC(40) Metaspace: 43161K(46912K)->43161K(46912K) NonClass: 33195K(34880K)->33195K(34880K) Class: 9965K(12032K)->9965K(12032K)
[46.499s][info][gc          ] GC(40) Pause Full (System.gc()) 778M->778M(6136M) 520.930ms
[47.022s][info][gc,metaspace] GC(41) Metaspace: 43161K(46912K)->43161K(46912K) NonClass: 33195K(34880K)->33195K(34880K) Class: 9965K(12032K)->9965K(12032K)
[47.022s][info][gc          ] GC(41) Pause Full (System.gc()) 778M->778M(6136M) 522.646ms
[47.535s][info][gc,metaspace] GC(42) Metaspace: 43161K(46912K)->43161K(46912K) NonClass: 33195K(34880K)->33195K(34880K) Class: 9965K(12032K)->9965K(12032K)
[47.535s][info][gc          ] GC(42) Pause Full (System.gc()) 778M->778M(6136M) 513.146ms
[48.066s][info][gc,metaspace] GC(43) Metaspace: 43161K(46912K)->43161K(46912K) NonClass: 33195K(34880K)->33195K(34880K) Class: 9965K(12032K)->9965K(12032K)
[48.066s][info][gc          ] GC(43) Pause Full (System.gc()) 778M->778M(6136M) 530.645ms
[48.576s][info][gc,metaspace] GC(44) Metaspace: 43161K(46912K)->43161K(46912K) NonClass: 33195K(34880K)->33195K(34880K) Class: 9965K(12032K)->9965K(12032K)
[48.576s][info][gc          ] GC(44) Pause Full (System.gc()) 778M->778M(6136M) 509.839ms
[49.086s][info][gc,metaspace] GC(45) Metaspace: 43161K(46912K)->43161K(46912K) NonClass: 33195K(34880K)->33195K(34880K) Class: 9965K(12032K)->9965K(12032K)
[49.086s][info][gc          ] GC(45) Pause Full (System.gc()) 778M->778M(6136M) 509.747ms
[49.590s][info][gc,metaspace] GC(46) Metaspace: 43161K(46912K)->43161K(46912K) NonClass: 33195K(34880K)->33195K(34880K) Class: 9965K(12032K)->9965K(12032K)
[49.590s][info][gc          ] GC(46) Pause Full (System.gc()) 778M->778M(6136M) 504.232ms
[50.162s][info][gc,metaspace] GC(47) Metaspace: 43161K(46912K)->43161K(46912K) NonClass: 33195K(34880K)->33195K(34880K) Class: 9965K(12032K)->9965K(12032K)
[50.162s][info][gc          ] GC(47) Pause Full (System.gc()) 778M->778M(6136M) 572.270ms
[50.669s][info][gc,metaspace] GC(48) Metaspace: 43161K(46912K)->43161K(46912K) NonClass: 33195K(34880K)->33195K(34880K) Class: 9965K(12032K)->9965K(12032K)
[50.669s][info][gc          ] GC(48) Pause Full (System.gc()) 778M->778M(6136M) 506.852ms
[51.165s][info][gc,metaspace] GC(49) Metaspace: 43161K(46912K)->43161K(46912K) NonClass: 33195K(34880K)->33195K(34880K) Class: 9965K(12032K)->9965K(12032K)
[51.165s][info][gc          ] GC(49) Pause Full (System.gc()) 778M->778M(6136M) 490.876ms
[51.674s][info][gc,metaspace] GC(50) Metaspace: 43161K(46912K)->43161K(46912K) NonClass: 33195K(34880K)->33195K(34880K) Class: 9965K(12032K)->9965K(12032K)
[51.674s][info][gc          ] GC(50) Pause Full (System.gc()) 778M->778M(6136M) 509.680ms
[52.165s][info][gc,metaspace] GC(51) Metaspace: 43161K(46912K)->43161K(46912K) NonClass: 33195K(34880K)->33195K(34880K) Class: 9965K(12032K)->9965K(12032K)
[52.165s][info][gc          ] GC(51) Pause Full (System.gc()) 778M->778M(6136M) 490.996ms
[52.681s][info][gc,metaspace] GC(52) Metaspace: 43161K(46912K)->43161K(46912K) NonClass: 33195K(34880K)->33195K(34880K) Class: 9965K(12032K)->9965K(12032K)
[52.681s][info][gc          ] GC(52) Pause Full (System.gc()) 778M->778M(6136M) 515.664ms
[53.169s][info][gc,metaspace] GC(53) Metaspace: 43161K(46912K)->43161K(46912K) NonClass: 33195K(34880K)->33195K(34880K) Class: 9965K(12032K)->9965K(12032K)
[53.169s][info][gc          ] GC(53) Pause Full (System.gc()) 778M->778M(6136M) 487.398ms
[53.742s][info][gc,metaspace] GC(54) Metaspace: 43161K(46912K)->43161K(46912K) NonClass: 33195K(34880K)->33195K(34880K) Class: 9965K(12032K)->9965K(12032K)
[53.742s][info][gc          ] GC(54) Pause Full (System.gc()) 778M->778M(6136M) 572.920ms
[54.257s][info][gc,metaspace] GC(55) Metaspace: 43161K(46912K)->43161K(46912K) NonClass: 33195K(34880K)->33195K(34880K) Class: 9965K(12032K)->9965K(12032K)
[54.257s][info][gc          ] GC(55) Pause Full (System.gc()) 778M->778M(6136M) 515.355ms
[54.764s][info][gc,metaspace] GC(56) Metaspace: 43161K(46912K)->43161K(46912K) NonClass: 33195K(34880K)->33195K(34880K) Class: 9965K(12032K)->9965K(12032K)
[54.764s][info][gc          ] GC(56) Pause Full (System.gc()) 778M->778M(6136M) 506.277ms
[55.286s][info][gc,metaspace] GC(57) Metaspace: 43161K(46912K)->43161K(46912K) NonClass: 33195K(34880K)->33195K(34880K) Class: 9965K(12032K)->9965K(12032K)
[55.286s][info][gc          ] GC(57) Pause Full (System.gc()) 778M->778M(6136M) 522.289ms
[55.794s][info][gc,metaspace] GC(58) Metaspace: 43161K(46912K)->43161K(46912K) NonClass: 33195K(34880K)->33195K(34880K) Class: 9965K(12032K)->9965K(12032K)
[55.794s][info][gc          ] GC(58) Pause Full (System.gc()) 778M->778M(6136M) 507.423ms
[56.309s][info][gc,metaspace] GC(59) Metaspace: 43161K(46912K)->43161K(46912K) NonClass: 33195K(34880K)->33195K(34880K) Class: 9965K(12032K)->9965K(12032K)
[56.309s][info][gc          ] GC(59) Pause Full (System.gc()) 778M->778M(6136M) 511.034ms
[56.815s][info][gc,metaspace] GC(60) Metaspace: 43161K(46912K)->43161K(46912K) NonClass: 33195K(34880K)->33195K(34880K) Class: 9965K(12032K)->9965K(12032K)
[56.815s][info][gc          ] GC(60) Pause Full (System.gc()) 778M->778M(6136M) 505.751ms
[57.335s][info][gc,metaspace] GC(61) Metaspace: 43161K(46912K)->43161K(46912K) NonClass: 33195K(34880K)->33195K(34880K) Class: 9965K(12032K)->9965K(12032K)
[57.335s][info][gc          ] GC(61) Pause Full (System.gc()) 778M->778M(6136M) 520.377ms
[57.912s][info][gc,metaspace] GC(62) Metaspace: 43161K(46912K)->43161K(46912K) NonClass: 33195K(34880K)->33195K(34880K) Class: 9965K(12032K)->9965K(12032K)
[57.912s][info][gc          ] GC(62) Pause Full (System.gc()) 778M->778M(6136M) 576.566ms
[58.433s][info][gc,metaspace] GC(63) Metaspace: 43161K(46912K)->43161K(46912K) NonClass: 33195K(34880K)->33195K(34880K) Class: 9965K(12032K)->9965K(12032K)
[58.433s][info][gc          ] GC(63) Pause Full (System.gc()) 778M->778M(6136M) 520.848ms
[58.937s][info][gc,metaspace] GC(64) Metaspace: 43161K(46912K)->43161K(46912K) NonClass: 33195K(34880K)->33195K(34880K) Class: 9965K(12032K)->9965K(12032K)
[58.937s][info][gc          ] GC(64) Pause Full (System.gc()) 778M->778M(6136M) 504.070ms
[59.444s][info][gc,metaspace] GC(65) Metaspace: 43161K(46912K)->43161K(46912K) NonClass: 33195K(34880K)->33195K(34880K) Class: 9965K(12032K)->9965K(12032K)
[59.444s][info][gc          ] GC(65) Pause Full (System.gc()) 778M->778M(6136M) 506.620ms
[59.978s][info][gc,metaspace] GC(66) Metaspace: 43161K(46912K)->43161K(46912K) NonClass: 33195K(34880K)->33195K(34880K) Class: 9965K(12032K)->9965K(12032K)
[59.978s][info][gc          ] GC(66) Pause Full (System.gc()) 778M->778M(6136M) 534.258ms
[60.482s][info][gc,metaspace] GC(67) Metaspace: 43161K(46912K)->43161K(46912K) NonClass: 33195K(34880K)->33195K(34880K) Class: 9965K(12032K)->9965K(12032K)
[60.482s][info][gc          ] GC(67) Pause Full (System.gc()) 778M->778M(6136M) 504.007ms
[61.003s][info][gc,metaspace] GC(68) Metaspace: 43161K(46912K)->43161K(46912K) NonClass: 33195K(34880K)->33195K(34880K) Class: 9965K(12032K)->9965K(12032K)
[61.003s][info][gc          ] GC(68) Pause Full (System.gc()) 778M->778M(6136M) 520.080ms
[61.525s][info][gc,metaspace] GC(69) Metaspace: 43161K(46912K)->43161K(46912K) NonClass: 33195K(34880K)->33195K(34880K) Class: 9965K(12032K)->9965K(12032K)
[61.525s][info][gc          ] GC(69) Pause Full (System.gc()) 778M->778M(6136M) 518.111ms
[62.039s][info][gc,metaspace] GC(70) Metaspace: 43161K(46912K)->43161K(46912K) NonClass: 33195K(34880K)->33195K(34880K) Class: 9965K(12032K)->9965K(12032K)
[62.039s][info][gc          ] GC(70) Pause Full (System.gc()) 778M->778M(6136M) 513.643ms
[62.549s][info][gc,metaspace] GC(71) Metaspace: 43161K(46912K)->43161K(46912K) NonClass: 33195K(34880K)->33195K(34880K) Class: 9965K(12032K)->9965K(12032K)
[62.549s][info][gc          ] GC(71) Pause Full (System.gc()) 778M->778M(6136M) 510.063ms
[63.060s][info][gc,metaspace] GC(72) Metaspace: 43161K(46912K)->43161K(46912K) NonClass: 33195K(34880K)->33195K(34880K) Class: 9965K(12032K)->9965K(12032K)
[63.060s][info][gc          ] GC(72) Pause Full (System.gc()) 778M->778M(6136M) 510.511ms
[63.765s][info][gc,metaspace] GC(73) Metaspace: 43161K(46912K)->43161K(46912K) NonClass: 33195K(34880K)->33195K(34880K) Class: 9965K(12032K)->9965K(12032K)
[63.765s][info][gc          ] GC(73) Pause Full (System.gc()) 778M->778M(6136M) 705.433ms
[64.330s][info][gc,metaspace] GC(74) Metaspace: 43161K(46912K)->43161K(46912K) NonClass: 33195K(34880K)->33195K(34880K) Class: 9965K(12032K)->9965K(12032K)
[64.331s][info][gc          ] GC(74) Pause Full (System.gc()) 778M->778M(6136M) 565.119ms
[64.846s][info][gc,metaspace] GC(75) Metaspace: 43161K(46912K)->43161K(46912K) NonClass: 33195K(34880K)->33195K(34880K) Class: 9965K(12032K)->9965K(12032K)
[64.846s][info][gc          ] GC(75) Pause Full (System.gc()) 791M->778M(6136M) 515.643ms
[65.350s][info][gc,metaspace] GC(76) Metaspace: 43161K(46912K)->43161K(46912K) NonClass: 33195K(34880K)->33195K(34880K) Class: 9965K(12032K)->9965K(12032K)
[65.350s][info][gc          ] GC(76) Pause Full (System.gc()) 778M->778M(6136M) 503.252ms
[65.856s][info][gc,metaspace] GC(77) Metaspace: 43161K(46912K)->43161K(46912K) NonClass: 33195K(34880K)->33195K(34880K) Class: 9965K(12032K)->9965K(12032K)
[65.856s][info][gc          ] GC(77) Pause Full (System.gc()) 778M->778M(6136M) 506.242ms
[66.403s][info][gc,metaspace] GC(78) Metaspace: 43161K(46912K)->43161K(46912K) NonClass: 33195K(34880K)->33195K(34880K) Class: 9965K(12032K)->9965K(12032K)
[66.403s][info][gc          ] GC(78) Pause Full (System.gc()) 778M->778M(6136M) 546.644ms
[66.994s][info][gc,metaspace] GC(79) Metaspace: 43161K(46912K)->43161K(46912K) NonClass: 33195K(34880K)->33195K(34880K) Class: 9965K(12032K)->9965K(12032K)
[66.994s][info][gc          ] GC(79) Pause Full (System.gc()) 778M->778M(6136M) 586.448ms
[67.507s][info][gc,metaspace] GC(80) Metaspace: 43161K(46912K)->43161K(46912K) NonClass: 33195K(34880K)->33195K(34880K) Class: 9965K(12032K)->9965K(12032K)
[67.507s][info][gc          ] GC(80) Pause Full (System.gc()) 778M->778M(6136M) 513.281ms
[68.043s][info][gc,metaspace] GC(81) Metaspace: 43161K(46912K)->43161K(46912K) NonClass: 33195K(34880K)->33195K(34880K) Class: 9965K(12032K)->9965K(12032K)
[68.043s][info][gc          ] GC(81) Pause Full (System.gc()) 778M->778M(6136M) 535.629ms
[68.568s][info][gc,metaspace] GC(82) Metaspace: 43161K(46912K)->43161K(46912K) NonClass: 33195K(34880K)->33195K(34880K) Class: 9965K(12032K)->9965K(12032K)
[68.568s][info][gc          ] GC(82) Pause Full (System.gc()) 778M->778M(6136M) 525.211ms
[69.082s][info][gc,metaspace] GC(83) Metaspace: 43161K(46912K)->43161K(46912K) NonClass: 33195K(34880K)->33195K(34880K) Class: 9965K(12032K)->9965K(12032K)
[69.082s][info][gc          ] GC(83) Pause Full (System.gc()) 778M->778M(6136M) 513.516ms
[69.586s][info][gc,metaspace] GC(84) Metaspace: 43161K(46912K)->43161K(46912K) NonClass: 33195K(34880K)->33195K(34880K) Class: 9965K(12032K)->9965K(12032K)
[69.586s][info][gc          ] GC(84) Pause Full (System.gc()) 778M->778M(6136M) 504.125ms
[70.090s][info][gc,metaspace] GC(85) Metaspace: 43161K(46912K)->43161K(46912K) NonClass: 33195K(34880K)->33195K(34880K) Class: 9965K(12032K)->9965K(12032K)
[70.090s][info][gc          ] GC(85) Pause Full (System.gc()) 778M->778M(6136M) 503.681ms
[70.599s][info][gc,metaspace] GC(86) Metaspace: 43161K(46912K)->43161K(46912K) NonClass: 33195K(34880K)->33195K(34880K) Class: 9965K(12032K)->9965K(12032K)
[70.599s][info][gc          ] GC(86) Pause Full (System.gc()) 778M->778M(6136M) 509.636ms
[71.112s][info][gc,metaspace] GC(87) Metaspace: 43161K(46912K)->43161K(46912K) NonClass: 33195K(34880K)->33195K(34880K) Class: 9965K(12032K)->9965K(12032K)
[71.112s][info][gc          ] GC(87) Pause Full (System.gc()) 778M->778M(6136M) 512.760ms
[71.624s][info][gc,metaspace] GC(88) Metaspace: 43161K(46912K)->43161K(46912K) NonClass: 33195K(34880K)->33195K(34880K) Class: 9965K(12032K)->9965K(12032K)
[71.624s][info][gc          ] GC(88) Pause Full (System.gc()) 778M->778M(6136M) 511.322ms
[72.122s][info][gc,metaspace] GC(89) Metaspace: 43161K(46912K)->43161K(46912K) NonClass: 33195K(34880K)->33195K(34880K) Class: 9965K(12032K)->9965K(12032K)
[72.122s][info][gc          ] GC(89) Pause Full (System.gc()) 778M->778M(6136M) 494.162ms
[72.631s][info][gc,metaspace] GC(90) Metaspace: 43161K(46912K)->43161K(46912K) NonClass: 33195K(34880K)->33195K(34880K) Class: 9965K(12032K)->9965K(12032K)
[72.631s][info][gc          ] GC(90) Pause Full (System.gc()) 778M->778M(6136M) 508.210ms
[73.135s][info][gc,metaspace] GC(91) Metaspace: 43161K(46912K)->43161K(46912K) NonClass: 33195K(34880K)->33195K(34880K) Class: 9965K(12032K)->9965K(12032K)
[73.135s][info][gc          ] GC(91) Pause Full (System.gc()) 778M->778M(6136M) 503.972ms
[73.639s][info][gc,metaspace] GC(92) Metaspace: 43161K(46912K)->43161K(46912K) NonClass: 33195K(34880K)->33195K(34880K) Class: 9965K(12032K)->9965K(12032K)
[73.639s][info][gc          ] GC(92) Pause Full (System.gc()) 778M->778M(6136M) 504.447ms
[74.133s][info][gc,metaspace] GC(93) Metaspace: 43161K(46912K)->43161K(46912K) NonClass: 33195K(34880K)->33195K(34880K) Class: 9965K(12032K)->9965K(12032K)
[74.133s][info][gc          ] GC(93) Pause Full (System.gc()) 778M->778M(6136M) 493.631ms
[74.635s][info][gc,metaspace] GC(94) Metaspace: 43161K(46912K)->43161K(46912K) NonClass: 33195K(34880K)->33195K(34880K) Class: 9965K(12032K)->9965K(12032K)
[74.636s][info][gc          ] GC(94) Pause Full (System.gc()) 778M->778M(6136M) 502.468ms
[75.138s][info][gc,metaspace] GC(95) Metaspace: 43161K(46912K)->43161K(46912K) NonClass: 33195K(34880K)->33195K(34880K) Class: 9965K(12032K)->9965K(12032K)
[75.138s][info][gc          ] GC(95) Pause Full (System.gc()) 778M->778M(6136M) 502.287ms
[75.639s][info][gc,metaspace] GC(96) Metaspace: 43161K(46912K)->43161K(46912K) NonClass: 33195K(34880K)->33195K(34880K) Class: 9965K(12032K)->9965K(12032K)
[75.639s][info][gc          ] GC(96) Pause Full (System.gc()) 778M->778M(6136M) 501.389ms
[76.135s][info][gc,metaspace] GC(97) Metaspace: 43161K(46912K)->43161K(46912K) NonClass: 33195K(34880K)->33195K(34880K) Class: 9965K(12032K)->9965K(12032K)
[76.135s][info][gc          ] GC(97) Pause Full (System.gc()) 778M->778M(6136M) 495.494ms
[76.638s][info][gc,metaspace] GC(98) Metaspace: 43161K(46912K)->43161K(46912K) NonClass: 33195K(34880K)->33195K(34880K) Class: 9965K(12032K)->9965K(12032K)
[76.638s][info][gc          ] GC(98) Pause Full (System.gc()) 778M->778M(6136M) 502.461ms
[77.130s][info][gc,metaspace] GC(99) Metaspace: 43161K(46912K)->43161K(46912K) NonClass: 33195K(34880K)->33195K(34880K) Class: 9965K(12032K)->9965K(12032K)
[77.130s][info][gc          ] GC(99) Pause Full (System.gc()) 778M->778M(6136M) 488.368ms
[77.634s][info][gc,metaspace] GC(100) Metaspace: 43161K(46912K)->43161K(46912K) NonClass: 33195K(34880K)->33195K(34880K) Class: 9965K(12032K)->9965K(12032K)
[77.634s][info][gc          ] GC(100) Pause Full (System.gc()) 778M->778M(6136M) 503.207ms
[78.142s][info][gc,metaspace] GC(101) Metaspace: 43161K(46912K)->43161K(46912K) NonClass: 33195K(34880K)->33195K(34880K) Class: 9965K(12032K)->9965K(12032K)
[78.142s][info][gc          ] GC(101) Pause Full (System.gc()) 778M->778M(6136M) 508.714ms
[78.650s][info][gc,metaspace] GC(102) Metaspace: 43161K(46912K)->43161K(46912K) NonClass: 33195K(34880K)->33195K(34880K) Class: 9965K(12032K)->9965K(12032K)
[78.650s][info][gc          ] GC(102) Pause Full (System.gc()) 778M->778M(6136M) 507.824ms
[79.139s][info][gc,metaspace] GC(103) Metaspace: 43161K(46912K)->43161K(46912K) NonClass: 33195K(34880K)->33195K(34880K) Class: 9965K(12032K)->9965K(12032K)
[79.139s][info][gc          ] GC(103) Pause Full (System.gc()) 778M->778M(6136M) 488.856ms
[79.647s][info][gc,metaspace] GC(104) Metaspace: 43161K(46912K)->43161K(46912K) NonClass: 33195K(34880K)->33195K(34880K) Class: 9965K(12032K)->9965K(12032K)
[79.647s][info][gc          ] GC(104) Pause Full (System.gc()) 778M->778M(6136M) 507.127ms
[80.148s][info][gc,metaspace] GC(105) Metaspace: 43161K(46912K)->43161K(46912K) NonClass: 33195K(34880K)->33195K(34880K) Class: 9965K(12032K)->9965K(12032K)
[80.148s][info][gc          ] GC(105) Pause Full (System.gc()) 778M->778M(6136M) 501.771ms
[80.649s][info][gc,metaspace] GC(106) Metaspace: 43161K(46912K)->43161K(46912K) NonClass: 33195K(34880K)->33195K(34880K) Class: 9965K(12032K)->9965K(12032K)
[80.649s][info][gc          ] GC(106) Pause Full (System.gc()) 778M->778M(6136M) 500.738ms
[81.158s][info][gc,metaspace] GC(107) Metaspace: 43161K(46912K)->43161K(46912K) NonClass: 33195K(34880K)->33195K(34880K) Class: 9965K(12032K)->9965K(12032K)
[81.158s][info][gc          ] GC(107) Pause Full (System.gc()) 778M->778M(6136M) 509.083ms
[81.667s][info][gc,metaspace] GC(108) Metaspace: 43161K(46912K)->43161K(46912K) NonClass: 33195K(34880K)->33195K(34880K) Class: 9965K(12032K)->9965K(12032K)
[81.667s][info][gc          ] GC(108) Pause Full (System.gc()) 778M->778M(6136M) 508.113ms
After GCs... 
