[0.002s][info][metaspace]  - commit_granule_bytes: 65536.
[0.002s][info][metaspace]  - commit_granule_words: 8192.
[0.002s][info][metaspace]  - virtual_space_node_default_size: 8388608.
[0.002s][info][metaspace]  - enlarge_chunks_in_place: 1.
[0.002s][info][metaspace]  - use_allocation_guard: 0.
[0.004s][info][gc       ] Using Parallel
[0.324s][info][metaspace] Reserving compressed class space anywhere
[0.324s][info][gc,metaspace] CDS archive(s) not mapped
[0.324s][info][gc,metaspace] Compressed class space mapped at: 0x000000003d000000-0x00000000fd000000, reserved size: 3221225472
[0.324s][info][gc,metaspace] UseCompressedClassPointers 1, UseCompactObjectHeaders 1, narrow klass pointer bits 22, max shift 10
[0.324s][info][gc,metaspace] Narrow klass base: 0x000000003d000000, Narrow klass shift: 10, Narrow klass range: 0xc0000000
Random Seed: 12345678
Num Classes: 16
Num Objects: 67108864
Percent IK Objects: 83.0%)
Percent OAK Objects: 5.0%)
Percent TAK Objects: 12.0%)
Cycles: 10
Loading 16 pre-generated classes ...
Materialize pre-generated constructors ...
Creating objects...
[0.543s][info][gc,metaspace] GC(0) Metaspace: 11181K(11456K)->11181K(11456K) NonClass: 9390K(9536K)->9390K(9536K) Class: 1791K(1920K)->1791K(1920K)
[0.543s][info][gc          ] GC(0) Pause Full (System.gc()) 153M->2M(5888M) 5.187ms
[1.836s][info][gc,metaspace] GC(1) Metaspace: 11243K(11584K)->11243K(11584K) NonClass: 9442K(9600K)->9442K(9600K) Class: 1801K(1984K)->1801K(1984K)
[1.836s][info][gc          ] GC(1) Pause Young (Allocation Failure) 1538M->384M(5888M) 571.108ms
[2.697s][info][gc,metaspace] GC(2) Metaspace: 11243K(11584K)->11243K(11584K) NonClass: 9442K(9600K)->9442K(9600K) Class: 1801K(1984K)->1801K(1984K)
[2.697s][info][gc          ] GC(2) Pause Young (Allocation Failure) 1920M->532M(5888M) 188.026ms
[3.689s][info][gc,metaspace] GC(3) Metaspace: 11243K(11584K)->11243K(11584K) NonClass: 9442K(9600K)->9442K(9600K) Class: 1801K(1984K)->1801K(1984K)
[3.689s][info][gc          ] GC(3) Pause Young (Allocation Failure) 2068M->674M(5888M) 283.719ms
[4.681s][info][gc,metaspace] GC(4) Metaspace: 11243K(11584K)->11243K(11584K) NonClass: 9442K(9600K)->9442K(9600K) Class: 1801K(1984K)->1801K(1984K)
[4.681s][info][gc          ] GC(4) Pause Young (Allocation Failure) 2210M->816M(5888M) 282.350ms
[5.664s][info][gc,metaspace] GC(5) Metaspace: 11243K(11584K)->11243K(11584K) NonClass: 9442K(9600K)->9442K(9600K) Class: 1801K(1984K)->1801K(1984K)
[5.664s][info][gc          ] GC(5) Pause Young (Allocation Failure) 2352M->957M(5888M) 276.558ms
[6.694s][info][gc,metaspace] GC(6) Metaspace: 11243K(11584K)->11243K(11584K) NonClass: 9442K(9600K)->9442K(9600K) Class: 1801K(1984K)->1801K(1984K)
[6.694s][info][gc          ] GC(6) Pause Young (Allocation Failure) 2493M->1099M(5284M) 322.460ms
[7.295s][info][gc,metaspace] GC(7) Metaspace: 11243K(11584K)->11243K(11584K) NonClass: 9442K(9600K)->9442K(9600K) Class: 1801K(1984K)->1801K(1984K)
[7.295s][info][gc          ] GC(7) Pause Young (Allocation Failure) 2031M->1185M(5158M) 164.143ms
[7.821s][info][gc,metaspace] GC(8) Metaspace: 11243K(11584K)->11243K(11584K) NonClass: 9442K(9600K)->9442K(9600K) Class: 1801K(1984K)->1801K(1984K)
[7.821s][info][gc          ] GC(8) Pause Young (Allocation Failure) 2117M->1270M(5588M) 121.093ms
[8.449s][info][gc,metaspace] GC(9) Metaspace: 11243K(11584K)->11243K(11584K) NonClass: 9442K(9600K)->9442K(9600K) Class: 1801K(1984K)->1801K(1984K)
[8.449s][info][gc          ] GC(9) Pause Young (Allocation Failure) 2192M->1355M(5574M) 181.435ms
[9.129s][info][gc,metaspace] GC(10) Metaspace: 11243K(11584K)->11243K(11584K) NonClass: 9442K(9600K)->9442K(9600K) Class: 1801K(1984K)->1801K(1984K)
[9.129s][info][gc          ] GC(10) Pause Young (Allocation Failure) 2277M->1440M(5614M) 276.634ms
67108864 Objects created
 - IK: 55699211 (82.99829%)
 - OAK: 3355627 (5.0002737%)
 - TAK: 8054026 (12.001434%)
Preparatory GC...
[9.933s][info][gc,metaspace] GC(11) Metaspace: 11243K(11584K)->11243K(11584K) NonClass: 9442K(9600K)->9442K(9600K) Class: 1801K(1984K)->1801K(1984K)
[9.933s][info][gc          ] GC(11) Pause Full (System.gc()) 1519M->1445M(5614M) 770.722ms
[10.460s][info][gc,metaspace] GC(12) Metaspace: 11243K(11584K)->11243K(11584K) NonClass: 9442K(9600K)->9442K(9600K) Class: 1801K(1984K)->1801K(1984K)
[10.460s][info][gc          ] GC(12) Pause Full (System.gc()) 1445M->1445M(5614M) 527.268ms
Done; will start GCs... 
[10.974s][info][gc,metaspace] GC(13) Metaspace: 11243K(11584K)->11243K(11584K) NonClass: 9442K(9600K)->9442K(9600K) Class: 1801K(1984K)->1801K(1984K)
[10.974s][info][gc          ] GC(13) Pause Full (System.gc()) 1465M->1445M(5614M) 513.570ms
[11.526s][info][gc,metaspace] GC(14) Metaspace: 11243K(11584K)->11243K(11584K) NonClass: 9442K(9600K)->9442K(9600K) Class: 1801K(1984K)->1801K(1984K)
[11.526s][info][gc          ] GC(14) Pause Full (System.gc()) 1445M->1445M(5614M) 551.704ms
[12.040s][info][gc,metaspace] GC(15) Metaspace: 11243K(11584K)->11243K(11584K) NonClass: 9442K(9600K)->9442K(9600K) Class: 1801K(1984K)->1801K(1984K)
[12.040s][info][gc          ] GC(15) Pause Full (System.gc()) 1445M->1445M(5614M) 514.528ms
[12.590s][info][gc,metaspace] GC(16) Metaspace: 11243K(11584K)->11243K(11584K) NonClass: 9442K(9600K)->9442K(9600K) Class: 1801K(1984K)->1801K(1984K)
[12.590s][info][gc          ] GC(16) Pause Full (System.gc()) 1445M->1445M(5614M) 549.806ms
[13.156s][info][gc,metaspace] GC(17) Metaspace: 11243K(11584K)->11243K(11584K) NonClass: 9442K(9600K)->9442K(9600K) Class: 1801K(1984K)->1801K(1984K)
[13.156s][info][gc          ] GC(17) Pause Full (System.gc()) 1445M->1445M(5614M) 565.702ms
[13.667s][info][gc,metaspace] GC(18) Metaspace: 11243K(11584K)->11243K(11584K) NonClass: 9442K(9600K)->9442K(9600K) Class: 1801K(1984K)->1801K(1984K)
[13.667s][info][gc          ] GC(18) Pause Full (System.gc()) 1445M->1445M(5614M) 511.145ms
[14.215s][info][gc,metaspace] GC(19) Metaspace: 11243K(11584K)->11243K(11584K) NonClass: 9442K(9600K)->9442K(9600K) Class: 1801K(1984K)->1801K(1984K)
[14.215s][info][gc          ] GC(19) Pause Full (System.gc()) 1445M->1445M(5614M) 547.257ms
[14.724s][info][gc,metaspace] GC(20) Metaspace: 11243K(11584K)->11243K(11584K) NonClass: 9442K(9600K)->9442K(9600K) Class: 1801K(1984K)->1801K(1984K)
[14.724s][info][gc          ] GC(20) Pause Full (System.gc()) 1445M->1445M(5614M) 508.972ms
[15.276s][info][gc,metaspace] GC(21) Metaspace: 11243K(11584K)->11243K(11584K) NonClass: 9442K(9600K)->9442K(9600K) Class: 1801K(1984K)->1801K(1984K)
[15.276s][info][gc          ] GC(21) Pause Full (System.gc()) 1445M->1445M(5614M) 552.521ms
[15.786s][info][gc,metaspace] GC(22) Metaspace: 11243K(11584K)->11243K(11584K) NonClass: 9442K(9600K)->9442K(9600K) Class: 1801K(1984K)->1801K(1984K)
[15.786s][info][gc          ] GC(22) Pause Full (System.gc()) 1445M->1445M(5614M) 509.466ms
After GCs... 
