Done; will start GCs... 
[11.117s][info][gc,metaspace] GC(13) Metaspace: 11237K(11584K)->11237K(11584K) NonClass: 9437K(9600K)->9437K(9600K) Class: 1800K(1984K)->1800K(1984K)
[11.118s][info][gc          ] GC(13) Pause Full (System.gc()) 1465M->1445M(5614M) 528.611ms
[11.685s][info][gc,metaspace] GC(14) Metaspace: 11237K(11584K)->11237K(11584K) NonClass: 9437K(9600K)->9437K(9600K) Class: 1800K(1984K)->1800K(1984K)
[11.685s][info][gc          ] GC(14) Pause Full (System.gc()) 1445M->1445M(5614M) 567.216ms
[12.221s][info][gc,metaspace] GC(15) Metaspace: 11237K(11584K)->11237K(11584K) NonClass: 9437K(9600K)->9437K(9600K) Class: 1800K(1984K)->1800K(1984K)
[12.221s][info][gc          ] GC(15) Pause Full (System.gc()) 1445M->1445M(5614M) 536.360ms
[12.788s][info][gc,metaspace] GC(16) Metaspace: 11237K(11584K)->11237K(11584K) NonClass: 9437K(9600K)->9437K(9600K) Class: 1800K(1984K)->1800K(1984K)
[12.788s][info][gc          ] GC(16) Pause Full (System.gc()) 1445M->1445M(5614M) 566.879ms
[13.359s][info][gc,metaspace] GC(17) Metaspace: 11237K(11584K)->11237K(11584K) NonClass: 9437K(9600K)->9437K(9600K) Class: 1800K(1984K)->1800K(1984K)
[13.359s][info][gc          ] GC(17) Pause Full (System.gc()) 1445M->1445M(5614M) 571.188ms
[13.887s][info][gc,metaspace] GC(18) Metaspace: 11237K(11584K)->11237K(11584K) NonClass: 9437K(9600K)->9437K(9600K) Class: 1800K(1984K)->1800K(1984K)
[13.887s][info][gc          ] GC(18) Pause Full (System.gc()) 1445M->1445M(5614M) 527.917ms
[14.455s][info][gc,metaspace] GC(19) Metaspace: 11237K(11584K)->11237K(11584K) NonClass: 9437K(9600K)->9437K(9600K) Class: 1800K(1984K)->1800K(1984K)
[14.456s][info][gc          ] GC(19) Pause Full (System.gc()) 1445M->1445M(5614M) 567.972ms
[14.981s][info][gc,metaspace] GC(20) Metaspace: 11237K(11584K)->11237K(11584K) NonClass: 9437K(9600K)->9437K(9600K) Class: 1800K(1984K)->1800K(1984K)
[14.981s][info][gc          ] GC(20) Pause Full (System.gc()) 1445M->1445M(5614M) 525.451ms
[15.570s][info][gc,metaspace] GC(21) Metaspace: 11237K(11584K)->11237K(11584K) NonClass: 9437K(9600K)->9437K(9600K) Class: 1800K(1984K)->1800K(1984K)
[15.570s][info][gc          ] GC(21) Pause Full (System.gc()) 1445M->1445M(5614M) 588.452ms
[16.098s][info][gc,metaspace] GC(22) Metaspace: 11237K(11584K)->11237K(11584K) NonClass: 9437K(9600K)->9437K(9600K) Class: 1800K(1984K)->1800K(1984K)
[16.098s][info][gc          ] GC(22) Pause Full (System.gc()) 1445M->1445M(5614M) 527.925ms
After GCs... 
