Done; will start GCs... 
[10.849s][info][gc,metaspace] GC(14) Metaspace: 11239K(11520K)->11239K(11520K) NonClass: 10151K(10304K)->10151K(10304K) Class: 1088K(1216K)->1088K(1216K)
[10.849s][info][gc          ] GC(14) Pause Full (System.gc()) 1720M->1701M(5140M) 534.460ms
[11.421s][info][gc,metaspace] GC(15) Metaspace: 11239K(11520K)->11239K(11520K) NonClass: 10151K(10304K)->10151K(10304K) Class: 1088K(1216K)->1088K(1216K)
[11.422s][info][gc          ] GC(15) Pause Full (System.gc()) 1701M->1701M(5140M) 571.936ms
[11.980s][info][gc,metaspace] GC(16) Metaspace: 11239K(11520K)->11239K(11520K) NonClass: 10151K(10304K)->10151K(10304K) Class: 1088K(1216K)->1088K(1216K)
[11.981s][info][gc          ] GC(16) Pause Full (System.gc()) 1701M->1701M(5140M) 558.902ms
[12.550s][info][gc,metaspace] GC(17) Metaspace: 11239K(11520K)->11239K(11520K) NonClass: 10151K(10304K)->10151K(10304K) Class: 1088K(1216K)->1088K(1216K)
[12.550s][info][gc          ] GC(17) Pause Full (System.gc()) 1701M->1701M(5140M) 569.877ms
[13.087s][info][gc,metaspace] GC(18) Metaspace: 11239K(11520K)->11239K(11520K) NonClass: 10151K(10304K)->10151K(10304K) Class: 1088K(1216K)->1088K(1216K)
[13.087s][info][gc          ] GC(18) Pause Full (System.gc()) 1701M->1701M(5140M) 536.261ms
[13.656s][info][gc,metaspace] GC(19) Metaspace: 11239K(11520K)->11239K(11520K) NonClass: 10151K(10304K)->10151K(10304K) Class: 1088K(1216K)->1088K(1216K)
[13.656s][info][gc          ] GC(19) Pause Full (System.gc()) 1701M->1701M(5140M) 568.721ms
[14.250s][info][gc,metaspace] GC(20) Metaspace: 11239K(11520K)->11239K(11520K) NonClass: 10151K(10304K)->10151K(10304K) Class: 1088K(1216K)->1088K(1216K)
[14.250s][info][gc          ] GC(20) Pause Full (System.gc()) 1701M->1701M(5140M) 593.920ms
[14.782s][info][gc,metaspace] GC(21) Metaspace: 11239K(11520K)->11239K(11520K) NonClass: 10151K(10304K)->10151K(10304K) Class: 1088K(1216K)->1088K(1216K)
[14.782s][info][gc          ] GC(21) Pause Full (System.gc()) 1701M->1701M(5140M) 532.778ms
[15.354s][info][gc,metaspace] GC(22) Metaspace: 11239K(11520K)->11239K(11520K) NonClass: 10151K(10304K)->10151K(10304K) Class: 1088K(1216K)->1088K(1216K)
[15.354s][info][gc          ] GC(22) Pause Full (System.gc()) 1701M->1701M(5140M) 571.456ms
[15.888s][info][gc,metaspace] GC(23) Metaspace: 11239K(11520K)->11239K(11520K) NonClass: 10151K(10304K)->10151K(10304K) Class: 1088K(1216K)->1088K(1216K)
[15.888s][info][gc          ] GC(23) Pause Full (System.gc()) 1701M->1701M(5140M) 534.065ms
After GCs... 
