Done; will start GCs... 
[10.974s][info][gc,metaspace] GC(13) Metaspace: 11243K(11584K)->11243K(11584K) NonClass: 9442K(9600K)->9442K(9600K) Class: 1801K(1984K)->1801K(1984K)
[10.974s][info][gc          ] GC(13) Pause Full (System.gc()) 1465M->1445M(5614M) 513.570ms
[11.526s][info][gc,metaspace] GC(14) Metaspace: 11243K(11584K)->11243K(11584K) NonClass: 9442K(9600K)->9442K(9600K) Class: 1801K(1984K)->1801K(1984K)
[11.526s][info][gc          ] GC(14) Pause Full (System.gc()) 1445M->1445M(5614M) 551.704ms
[12.040s][info][gc,metaspace] GC(15) Metaspace: 11243K(11584K)->11243K(11584K) NonClass: 9442K(9600K)->9442K(9600K) Class: 1801K(1984K)->1801K(1984K)
[12.040s][info][gc          ] GC(15) Pause Full (System.gc()) 1445M->1445M(5614M) 514.528ms
[12.590s][info][gc,metaspace] GC(16) Metaspace: 11243K(11584K)->11243K(11584K) NonClass: 9442K(9600K)->9442K(9600K) Class: 1801K(1984K)->1801K(1984K)
[12.590s][info][gc          ] GC(16) Pause Full (System.gc()) 1445M->1445M(5614M) 549.806ms
[13.156s][info][gc,metaspace] GC(17) Metaspace: 11243K(11584K)->11243K(11584K) NonClass: 9442K(9600K)->9442K(9600K) Class: 1801K(1984K)->1801K(1984K)
[13.156s][info][gc          ] GC(17) Pause Full (System.gc()) 1445M->1445M(5614M) 565.702ms
[13.667s][info][gc,metaspace] GC(18) Metaspace: 11243K(11584K)->11243K(11584K) NonClass: 9442K(9600K)->9442K(9600K) Class: 1801K(1984K)->1801K(1984K)
[13.667s][info][gc          ] GC(18) Pause Full (System.gc()) 1445M->1445M(5614M) 511.145ms
[14.215s][info][gc,metaspace] GC(19) Metaspace: 11243K(11584K)->11243K(11584K) NonClass: 9442K(9600K)->9442K(9600K) Class: 1801K(1984K)->1801K(1984K)
[14.215s][info][gc          ] GC(19) Pause Full (System.gc()) 1445M->1445M(5614M) 547.257ms
[14.724s][info][gc,metaspace] GC(20) Metaspace: 11243K(11584K)->11243K(11584K) NonClass: 9442K(9600K)->9442K(9600K) Class: 1801K(1984K)->1801K(1984K)
[14.724s][info][gc          ] GC(20) Pause Full (System.gc()) 1445M->1445M(5614M) 508.972ms
[15.276s][info][gc,metaspace] GC(21) Metaspace: 11243K(11584K)->11243K(11584K) NonClass: 9442K(9600K)->9442K(9600K) Class: 1801K(1984K)->1801K(1984K)
[15.276s][info][gc          ] GC(21) Pause Full (System.gc()) 1445M->1445M(5614M) 552.521ms
[15.786s][info][gc,metaspace] GC(22) Metaspace: 11243K(11584K)->11243K(11584K) NonClass: 9442K(9600K)->9442K(9600K) Class: 1801K(1984K)->1801K(1984K)
[15.786s][info][gc          ] GC(22) Pause Full (System.gc()) 1445M->1445M(5614M) 509.466ms
After GCs... 
