[0.002s][warning][pagesize] UseLargePages disabled, no large pages configured and available on the system.
[0.002s][info   ][gc      ] Min heap equals to max heap, disabling ShenandoahUncommit
[0.002s][info   ][metaspace]  - commit_granule_bytes: 65536.
[0.002s][info   ][metaspace]  - commit_granule_words: 8192.
[0.002s][info   ][metaspace]  - virtual_space_node_default_size: 8388608.
[0.002s][info   ][metaspace]  - enlarge_chunks_in_place: 1.
[0.002s][info   ][metaspace]  - use_allocation_guard: 0.
[0.010s][info   ][gc       ] Heuristics ergonomically sets -XX:+ExplicitGCInvokesConcurrent
[0.010s][info   ][gc       ] Heuristics ergonomically sets -XX:+ShenandoahImplicitGCInvokesConcurrent
[0.011s][info   ][gc       ] Using Shenandoah
[0.707s][info   ][metaspace] Reserving compressed class space anywhere
[0.710s][info   ][gc,metaspace] CDS archive(s) not mapped
[0.710s][info   ][gc,metaspace] Compressed class space mapped at: 0x000000003d000000-0x00000000fd000000, reserved size: 3221225472
[0.710s][info   ][gc,metaspace] UseCompressedClassPointers 1, UseCompactObjectHeaders 1, narrow klass pointer bits 22, max shift 10
[0.710s][info   ][gc,metaspace] Narrow klass base: 0x000000003d000000, Narrow klass shift: 10, Narrow klass range: 0xc0000000
Random Seed: 12345678
Num Classes: 4096
Num Objects: 67108864
Percent IK Objects: 83.0%)
Percent OAK Objects: 5.0%)
Percent TAK Objects: 12.0%)
Cycles: 50
Loading 4096 pre-generated classes ...
Materialize pre-generated constructors ...
Creating objects...
[1.097s][info   ][gc          ] Trigger: GC request (System.gc())
[1.097s][info   ][gc          ] GC(0) Concurrent reset 0.216ms
[1.098s][info   ][gc          ] GC(0) Pause Init Mark (unload classes) 0.056ms
[1.098s][info   ][gc          ] GC(0) Concurrent marking roots 0.289ms
[1.101s][info   ][gc          ] GC(0) Concurrent marking (unload classes) 3.327ms
[1.101s][info   ][gc          ] GC(0) Pause Final Mark (unload classes) 0.151ms
[1.101s][info   ][gc          ] GC(0) Concurrent thread roots 0.069ms
[1.102s][info   ][gc          ] GC(0) Concurrent weak references 0.323ms
[1.103s][info   ][gc          ] GC(0) Concurrent weak roots 0.755ms
[1.103s][info   ][gc          ] GC(0) Concurrent cleanup 30M->30M(6144M) 0.097ms
[1.105s][info   ][metaspace   ] ChkMgr @0x00007ffff0121c40 (non-class-space): : reclaiming memory...
[1.105s][info   ][metaspace   ] ChkMgr @0x00007ffff0121c40 (non-class-space): nothing reclaimed.
[1.105s][info   ][metaspace   ] ChkMgr @0x00007ffff0121a50 (class-space): : reclaiming memory...
[1.105s][info   ][metaspace   ] ChkMgr @0x00007ffff0121a50 (class-space): nothing reclaimed.
[1.105s][info   ][gc          ] GC(0) Concurrent class unloading 2.374ms
[1.106s][info   ][gc          ] GC(0) Concurrent strong roots 0.793ms
[1.108s][info   ][gc          ] GC(0) Concurrent evacuation 1.767ms
[1.108s][info   ][gc          ] GC(0) Pause Init Update Refs 0.009ms
[1.108s][info   ][gc          ] GC(0) At start of update refs, moving 30720K to Mutator free partition from Collector Reserve
[1.111s][info   ][gc          ] GC(0) Concurrent update references 3.514ms
[1.111s][info   ][gc          ] GC(0) Concurrent update thread roots 0.082ms
[1.111s][info   ][gc          ] GC(0) Pause Final Update Refs 0.083ms
[1.112s][info   ][gc          ] GC(0) Concurrent cleanup 37M->7M(6144M) 0.079ms
[1.112s][info   ][gc,metaspace] Metaspace: 17708K(18048K)->17685K(18048K) NonClass: 11831K(12032K)->11816K(12032K) Class: 5876K(6016K)->5868K(6016K)
[4.603s][info   ][gc          ] Trigger: Learning 2 of 5. Free (4300M) is below initial threshold (4300M)
[4.603s][info   ][gc          ] GC(1) Concurrent reset 0.465ms
[4.603s][info   ][gc          ] GC(1) Pause Init Mark (unload classes) 0.074ms
[4.604s][info   ][gc          ] GC(1) Concurrent marking roots 0.730ms
[5.018s][info   ][gc          ] GC(1) Concurrent marking (unload classes) 413.548ms
[5.018s][info   ][gc          ] GC(1) Pause Final Mark (unload classes) 0.312ms
[5.018s][info   ][gc          ] GC(1) Concurrent thread roots 0.072ms
[5.019s][info   ][gc          ] GC(1) Concurrent weak references 0.636ms
[5.022s][info   ][gc          ] GC(1) Concurrent weak roots 2.889ms
[5.022s][info   ][gc          ] GC(1) Concurrent cleanup 1694M->1694M(6144M) 0.098ms
[5.026s][info   ][gc          ] GC(1) Concurrent class unloading 4.544ms
[5.027s][info   ][gc          ] GC(1) Concurrent strong roots 0.677ms
[5.155s][info   ][gc          ] GC(1) Concurrent evacuation 127.458ms
[5.155s][info   ][gc          ] GC(1) Pause Init Update Refs 0.010ms
[5.155s][info   ][gc          ] GC(1) At start of update refs, moving 206M to Mutator free partition from Collector Reserve
[5.334s][info   ][gc          ] GC(1) Concurrent update references 178.806ms
[5.334s][info   ][gc          ] GC(1) Concurrent update thread roots 0.122ms
[5.334s][info   ][gc          ] GC(1) Pause Final Update Refs 0.086ms
[5.334s][info   ][gc          ] GC(1) Concurrent cleanup 1963M->689M(6144M) 0.146ms
[5.334s][info   ][gc,metaspace] Metaspace: 31164K(34816K)->31166K(34816K) NonClass: 23146K(24704K)->23148K(24704K) Class: 8018K(10112K)->8018K(10112K)
[6.863s][info   ][gc          ] Trigger: Learning 3 of 5. Free (4300M) is below initial threshold (4300M)
[6.866s][info   ][gc          ] GC(2) Concurrent reset 2.841ms
[6.866s][info   ][gc          ] GC(2) Pause Init Mark (unload classes) 0.075ms
[6.867s][info   ][gc          ] GC(2) Concurrent marking roots 0.713ms
[7.432s][info   ][gc          ] GC(2) Concurrent marking (unload classes) 564.895ms
[7.432s][info   ][gc          ] GC(2) Pause Final Mark (unload classes) 0.285ms
[7.432s][info   ][gc          ] GC(2) Concurrent thread roots 0.078ms
[7.432s][info   ][gc          ] GC(2) Concurrent weak references 0.037ms
[7.434s][info   ][gc          ] GC(2) Concurrent weak roots 1.918ms
[7.434s][info   ][gc          ] GC(2) Concurrent cleanup 1830M->1830M(6144M) 0.077ms
[7.438s][info   ][gc          ] GC(2) Concurrent class unloading 3.816ms
[7.439s][info   ][gc          ] GC(2) Concurrent strong roots 0.444ms
[7.554s][info   ][gc          ] GC(2) Concurrent evacuation 115.172ms
[7.554s][info   ][gc          ] GC(2) Pause Init Update Refs 0.011ms
[7.554s][info   ][gc          ] GC(2) At start of update refs, moving 204M to Mutator free partition from Collector Reserve
[7.827s][info   ][gc          ] GC(2) Concurrent update references 273.436ms
[7.828s][info   ][gc          ] GC(2) Concurrent update thread roots 0.210ms
[7.828s][info   ][gc          ] GC(2) Pause Final Update Refs 0.095ms
[7.828s][info   ][gc          ] GC(2) Concurrent cleanup 2158M->979M(6144M) 0.138ms
[7.828s][info   ][gc,metaspace] Metaspace: 31166K(34816K)->31166K(34816K) NonClass: 23148K(24704K)->23148K(24704K) Class: 8018K(10112K)->8018K(10112K)
[8.798s][info   ][gc          ] Trigger: Learning 4 of 5. Free (4300M) is below initial threshold (4300M)
[8.800s][info   ][gc          ] GC(3) Concurrent reset 2.373ms
[8.800s][info   ][gc          ] GC(3) Pause Init Mark (unload classes) 0.055ms
[8.801s][info   ][gc          ] GC(3) Concurrent marking roots 0.707ms
[9.529s][info   ][gc          ] GC(3) Concurrent marking (unload classes) 728.008ms
[9.529s][info   ][gc          ] GC(3) Pause Final Mark (unload classes) 0.278ms
[9.529s][info   ][gc          ] GC(3) Concurrent thread roots 0.060ms
[9.529s][info   ][gc          ] GC(3) Concurrent weak references 0.043ms
[9.531s][info   ][gc          ] GC(3) Concurrent weak roots 1.922ms
[9.532s][info   ][gc          ] GC(3) Concurrent cleanup 1934M->1934M(6144M) 0.098ms
[9.536s][info   ][gc          ] GC(3) Concurrent class unloading 3.973ms
[9.536s][info   ][gc          ] GC(3) Concurrent strong roots 0.516ms
[9.639s][info   ][gc          ] GC(3) Concurrent evacuation 103.117ms
[9.639s][info   ][gc          ] GC(3) Pause Init Update Refs 0.007ms
[9.639s][info   ][gc          ] GC(3) At start of update refs, moving 214M to Mutator free partition from Collector Reserve
[10.008s][info   ][gc          ] GC(3) Concurrent update references 368.638ms
[10.018s][info   ][gc          ] GC(3) Concurrent update thread roots 9.671ms
[10.018s][info   ][gc          ] GC(3) Pause Final Update Refs 0.091ms
[10.018s][info   ][gc          ] GC(3) Concurrent cleanup 2277M->1196M(6144M) 0.160ms
[10.018s][info   ][gc,metaspace] Metaspace: 31166K(34816K)->31166K(34816K) NonClass: 23148K(24704K)->23148K(24704K) Class: 8018K(10112K)->8018K(10112K)
[10.582s][info   ][gc          ] Trigger: Learning 5 of 5. Free (4300M) is below initial threshold (4300M)
[10.585s][info   ][gc          ] GC(4) Concurrent reset 2.423ms
[10.585s][info   ][gc          ] GC(4) Pause Init Mark (unload classes) 0.059ms
[10.586s][info   ][gc          ] GC(4) Concurrent marking roots 1.042ms
[11.429s][info   ][gc          ] GC(4) Concurrent marking (unload classes) 843.264ms
[11.430s][info   ][gc          ] GC(4) Pause Final Mark (unload classes) 0.284ms
[11.430s][info   ][gc          ] GC(4) Concurrent thread roots 0.082ms
[11.430s][info   ][gc          ] GC(4) Concurrent weak references 0.053ms
[11.432s][info   ][gc          ] GC(4) Concurrent weak roots 2.367ms
[11.433s][info   ][gc          ] GC(4) Concurrent cleanup 1999M->1999M(6144M) 0.105ms
[11.436s][info   ][gc          ] GC(4) Concurrent class unloading 3.600ms
[11.437s][info   ][gc          ] GC(4) Concurrent strong roots 0.501ms
[11.518s][info   ][gc          ] GC(4) Concurrent evacuation 80.988ms
[11.518s][info   ][gc          ] GC(4) Pause Init Update Refs 0.006ms
[11.518s][info   ][gc          ] GC(4) At start of update refs, moving 222M to Mutator free partition from Collector Reserve
[12.128s][info   ][gc          ] GC(4) Concurrent update references 610.243ms
[12.128s][info   ][gc          ] GC(4) Concurrent update thread roots 0.207ms
[12.128s][info   ][gc          ] GC(4) Pause Final Update Refs 0.093ms
[12.129s][info   ][gc          ] GC(4) Concurrent cleanup 2462M->1470M(6144M) 0.138ms
[12.129s][info   ][gc,metaspace] Metaspace: 31166K(34816K)->31166K(34816K) NonClass: 23148K(24704K)->23148K(24704K) Class: 8018K(10112K)->8018K(10112K)
[16.030s][info   ][gc          ] Trigger: Average GC time (1979.87 ms) is above the time for average allocation rate (800 MB/s) to deplete free headroom (1583M) (margin of error = 1.80)
[16.033s][info   ][gc          ] GC(5) Concurrent reset 2.795ms
[16.033s][info   ][gc          ] GC(5) Pause Init Mark (unload classes) 0.062ms
[16.034s][info   ][gc          ] GC(5) Concurrent marking roots 0.851ms
[17.344s][info   ][gc          ] GC(5) Concurrent marking (unload classes) 1309.653ms
[17.344s][info   ][gc          ] GC(5) Pause Final Mark (unload classes) 0.490ms
[17.344s][info   ][gc          ] GC(5) Concurrent thread roots 0.073ms
[17.344s][info   ][gc          ] GC(5) Concurrent weak references 0.042ms
[17.347s][info   ][gc          ] GC(5) Concurrent weak roots 2.349ms
[17.347s][info   ][gc          ] GC(5) Concurrent cleanup 5122M->5122M(6144M) 0.115ms
[17.370s][info   ][gc          ] GC(5) Concurrent class unloading 23.516ms
[17.371s][info   ][gc          ] GC(5) Concurrent strong roots 0.360ms
[17.711s][info   ][gc          ] GC(5) Concurrent evacuation 340.023ms
[17.711s][info   ][gc          ] GC(5) Pause Init Update Refs 0.010ms
[17.711s][info   ][gc          ] GC(5) At start of update refs, moving 51200K to Mutator free partition from Collector Reserve
[18.771s][info   ][gc          ] GC(5) Concurrent update references 1060.101ms
[18.771s][info   ][gc          ] GC(5) Concurrent update thread roots 0.190ms
[18.771s][info   ][gc          ] GC(5) Pause Final Update Refs 0.133ms
[18.772s][info   ][gc          ] GC(5) Concurrent cleanup 6098M->2962M(6144M) 0.199ms
[18.772s][info   ][gc,metaspace] Metaspace: 31166K(34816K)->31166K(34816K) NonClass: 23148K(24704K)->23148K(24704K) Class: 8018K(10112K)->8018K(10112K)
[18.773s][info   ][gc          ] Trigger: Average GC time (3452.25 ms) is above the time for average allocation rate (749 MB/s) to deplete free headroom (2564M) (margin of error = 1.82)
[18.779s][info   ][gc          ] GC(6) Concurrent reset 6.396ms
[18.779s][info   ][gc          ] GC(6) Pause Init Mark (unload classes) 0.054ms
[18.780s][info   ][gc          ] GC(6) Concurrent marking roots 0.431ms
[20.137s][info   ][gc          ] GC(6) Concurrent marking (unload classes) 1357.359ms
[20.138s][info   ][gc          ] GC(6) Pause Final Mark (unload classes) 0.378ms
[20.138s][info   ][gc          ] GC(6) Concurrent thread roots 0.067ms
[20.138s][info   ][gc          ] GC(6) Concurrent weak references 0.042ms
[20.140s][info   ][gc          ] GC(6) Concurrent weak roots 1.955ms
[20.140s][info   ][gc          ] GC(6) Concurrent cleanup 4106M->4106M(6144M) 0.098ms
[20.166s][info   ][gc          ] GC(6) Concurrent class unloading 26.097ms
[20.167s][info   ][gc          ] GC(6) Concurrent strong roots 0.575ms
[20.325s][info   ][gc          ] GC(6) Concurrent evacuation 158.656ms
[20.325s][info   ][gc          ] GC(6) Pause Init Update Refs 0.010ms
[20.326s][info   ][gc          ] GC(6) At start of update refs, moving 136M to Mutator free partition from Collector Reserve
[21.324s][info   ][gc          ] GC(6) Concurrent update references 998.053ms
[21.324s][info   ][gc          ] GC(6) Concurrent update thread roots 0.223ms
[21.324s][info   ][gc          ] GC(6) Pause Final Update Refs 0.113ms
[21.324s][info   ][gc          ] GC(6) Concurrent cleanup 5594M->3512M(6144M) 0.169ms
[21.324s][info   ][gc,metaspace] Metaspace: 31166K(34816K)->31166K(34816K) NonClass: 23148K(24704K)->23148K(24704K) Class: 8018K(10112K)->8018K(10112K)
[21.325s][info   ][gc          ] Trigger: Average GC time (3432.78 ms) is above the time for average allocation rate (862 MB/s) to deplete free headroom (2012M) (margin of error = 1.84)
[21.330s][info   ][gc          ] GC(7) Concurrent reset 4.619ms
[21.330s][info   ][gc          ] GC(7) Pause Init Mark (unload classes) 0.061ms
[21.331s][info   ][gc          ] GC(7) Concurrent marking roots 0.824ms
[22.930s][info   ][gc          ] GC(7) Concurrent marking (unload classes) 1598.612ms
[22.930s][info   ][gc          ] GC(7) Pause Final Mark (unload classes) 0.508ms
[22.934s][info   ][gc          ] GC(7) Concurrent thread roots 0.063ms
[22.934s][info   ][gc          ] GC(7) Concurrent weak references 0.074ms
[22.936s][info   ][gc          ] GC(7) Concurrent weak roots 1.798ms
[22.936s][info   ][gc          ] GC(7) Concurrent cleanup 5350M->5350M(6144M) 0.101ms
[22.940s][info   ][gc          ] GC(7) Concurrent class unloading 3.960ms
[22.941s][info   ][gc          ] GC(7) Concurrent strong roots 0.348ms
[23.172s][info   ][gc          ] GC(7) Concurrent evacuation 231.236ms
[23.172s][info   ][gc          ] GC(7) Pause Init Update Refs 0.011ms
[23.172s][info   ][gc          ] GC(7) At start of update refs, moving 102M to Mutator free partition from Collector Reserve
[24.956s][info   ][gc          ] GC(7) Concurrent update references 1783.763ms
[24.956s][info   ][gc          ] GC(7) Concurrent update thread roots 0.236ms
[24.956s][info   ][gc          ] GC(7) Pause Final Update Refs 0.121ms
[24.957s][info   ][gc          ] GC(7) Concurrent cleanup 6138M->3668M(6144M) 0.182ms
[24.957s][info   ][gc,metaspace] Metaspace: 31166K(34816K)->31166K(34816K) NonClass: 23148K(24704K)->23148K(24704K) Class: 8018K(10112K)->8018K(10112K)
[24.958s][info   ][gc          ] Trigger: Average GC time (4456.64 ms) is above the time for average allocation rate (768 MB/s) to deplete free headroom (1858M) (margin of error = 1.85)
[24.963s][info   ][gc          ] GC(8) Concurrent reset 5.361ms
[24.963s][info   ][gc          ] GC(8) Pause Init Mark (unload classes) 0.054ms
[24.964s][info   ][gc          ] GC(8) Concurrent marking roots 0.891ms
[26.616s][info   ][gc          ] GC(8) Concurrent marking (unload classes) 1651.874ms
[26.617s][info   ][gc          ] GC(8) Pause Final Mark (unload classes) 0.446ms
[26.617s][info   ][gc          ] GC(8) Concurrent thread roots 0.071ms
[26.617s][info   ][gc          ] GC(8) Concurrent weak references 0.042ms
[26.619s][info   ][gc          ] GC(8) Concurrent weak roots 1.686ms
[26.619s][info   ][gc          ] GC(8) Concurrent cleanup 5248M->5248M(6144M) 0.098ms
[26.622s][info   ][gc          ] GC(8) Concurrent class unloading 2.899ms
[26.622s][info   ][gc          ] GC(8) Concurrent strong roots 0.594ms
67108864 Objects created
 - IK: 55699211 (82.99829%)
 - OAK: 3355627 (5.0002737%)
 - TAK: 8054026 (12.001434%)
Preparatory GC...
[26.840s][info   ][gc          ] GC(8) Concurrent evacuation 217.300ms
[26.840s][info   ][gc          ] GC(8) Pause Init Update Refs 0.010ms
[26.840s][info   ][gc          ] GC(8) At start of update refs, moving 108M to Mutator free partition from Collector Reserve
[28.298s][info   ][gc          ] GC(8) Concurrent update references 1457.888ms
[28.298s][info   ][gc          ] GC(8) Concurrent update thread roots 0.381ms
[28.298s][info   ][gc          ] GC(8) Pause Final Update Refs 0.114ms
[28.298s][info   ][gc          ] GC(8) Concurrent cleanup 5638M->3220M(6144M) 0.175ms
[28.298s][info   ][gc,metaspace] Metaspace: 31166K(34816K)->31166K(34816K) NonClass: 23148K(24704K)->23148K(24704K) Class: 8018K(10112K)->8018K(10112K)
[28.299s][info   ][gc          ] Trigger: GC request (System.gc())
[28.305s][info   ][gc          ] GC(9) Concurrent reset 5.615ms
[28.305s][info   ][gc          ] GC(9) Pause Init Mark (unload classes) 0.060ms
[28.306s][info   ][gc          ] GC(9) Concurrent marking roots 0.832ms
[30.213s][info   ][gc          ] GC(9) Concurrent marking (unload classes) 1906.562ms
[30.213s][info   ][gc          ] GC(9) Pause Final Mark (unload classes) 0.345ms
[30.213s][info   ][gc          ] GC(9) Concurrent thread roots 0.084ms
[30.213s][info   ][gc          ] GC(9) Concurrent weak references 0.044ms
[30.215s][info   ][gc          ] GC(9) Concurrent weak roots 1.945ms
[30.215s][info   ][gc          ] GC(9) Concurrent cleanup 3220M->3220M(6144M) 0.100ms
[30.243s][info   ][metaspace   ] ChkMgr @0x00007ffff0121c40 (non-class-space): : reclaiming memory...
[30.244s][info   ][metaspace   ] ChkMgr @0x00007ffff0121c40 (non-class-space): finished reclaiming memory: 
[30.244s][info   ][metaspace   ] reserved: 64.00 MB (no change)
[30.244s][info   ][metaspace   ] committed: 24.12 MB->12.12 MB (-12.00 MB)
[30.244s][info   ][metaspace   ] ChkMgr @0x00007ffff0121a50 (class-space): : reclaiming memory...
[30.244s][info   ][metaspace   ] ChkMgr @0x00007ffff0121a50 (class-space): finished reclaiming memory: 
[30.244s][info   ][metaspace   ] reserved: 3.00 GB (no change)
[30.244s][info   ][metaspace   ] committed: 9.88 MB->5.88 MB (-4.00 MB)
[30.244s][info   ][gc          ] GC(9) Concurrent class unloading 28.843ms
[30.244s][info   ][gc          ] GC(9) Concurrent strong roots 0.090ms
[30.434s][info   ][gc          ] GC(9) Concurrent evacuation 189.307ms
[30.434s][info   ][gc          ] GC(9) Pause Init Update Refs 0.008ms
[30.434s][info   ][gc          ] GC(9) At start of update refs, moving 160M to Mutator free partition from Collector Reserve
[32.170s][info   ][gc          ] GC(9) Concurrent update references 1736.430ms
[32.171s][info   ][gc          ] GC(9) Concurrent update thread roots 0.297ms
[32.171s][info   ][gc          ] GC(9) Pause Final Update Refs 0.096ms
[32.171s][info   ][gc          ] GC(9) Concurrent cleanup 3368M->1594M(6144M) 0.161ms
[32.171s][info   ][gc,metaspace] Metaspace: 31166K(34816K)->18172K(18432K) NonClass: 23148K(24704K)->12298K(12416K) Class: 8018K(10112K)->5873K(6016K)
[32.172s][info   ][gc          ] Trigger: GC request (System.gc())
[32.177s][info   ][gc          ] GC(10) Concurrent reset 5.299ms
[32.178s][info   ][gc          ] GC(10) Pause Init Mark (unload classes) 0.063ms
[32.178s][info   ][gc          ] GC(10) Concurrent marking roots 0.147ms
[34.399s][info   ][gc          ] GC(10) Concurrent marking (unload classes) 2221.285ms
[34.399s][info   ][gc          ] GC(10) Pause Final Mark (unload classes) 0.236ms
[34.399s][info   ][gc          ] GC(10) Concurrent weak references 0.049ms
[34.400s][info   ][gc          ] GC(10) Concurrent weak roots 0.794ms
[34.400s][info   ][gc          ] GC(10) Concurrent cleanup 1594M->1594M(6144M) 0.099ms
[34.402s][info   ][gc          ] GC(10) Concurrent class unloading 1.921ms
[34.402s][info   ][gc          ] GC(10) Pause Final Roots 0.003ms
[34.402s][info   ][gc,metaspace] Metaspace: 18172K(18432K)->18172K(18432K) NonClass: 12298K(12416K)->12298K(12416K) Class: 5873K(6016K)->5873K(6016K)
Done; will start GCs... 
[34.405s][info   ][gc          ] Trigger: GC request (System.gc())
[34.407s][info   ][gc          ] GC(11) Concurrent reset 2.190ms
[34.407s][info   ][gc          ] GC(11) Pause Init Mark (unload classes) 0.054ms
[34.407s][info   ][gc          ] GC(11) Concurrent marking roots 0.242ms
[36.150s][info   ][gc          ] GC(11) Concurrent marking (unload classes) 1742.764ms
[36.150s][info   ][gc          ] GC(11) Pause Final Mark (unload classes) 0.222ms
[36.150s][info   ][gc          ] GC(11) Concurrent weak references 0.050ms
[36.151s][info   ][gc          ] GC(11) Concurrent weak roots 0.737ms
[36.151s][info   ][gc          ] GC(11) Concurrent cleanup 1596M->1594M(6144M) 0.100ms
[36.153s][info   ][gc          ] GC(11) Concurrent class unloading 1.909ms
[36.153s][info   ][gc          ] GC(11) Pause Final Roots 0.003ms
[36.153s][info   ][gc,metaspace] Metaspace: 18172K(18432K)->18172K(18432K) NonClass: 12298K(12416K)->12298K(12416K) Class: 5873K(6016K)->5873K(6016K)
[36.154s][info   ][gc          ] Trigger: GC request (System.gc())
[36.157s][info   ][gc          ] GC(12) Concurrent reset 2.232ms
[36.157s][info   ][gc          ] GC(12) Pause Init Mark (unload classes) 0.043ms
[36.157s][info   ][gc          ] GC(12) Concurrent marking roots 0.088ms
[38.371s][info   ][gc          ] GC(12) Concurrent marking (unload classes) 2214.439ms
[38.372s][info   ][gc          ] GC(12) Pause Final Mark (unload classes) 0.209ms
[38.372s][info   ][gc          ] GC(12) Concurrent weak references 0.050ms
[38.373s][info   ][gc          ] GC(12) Concurrent weak roots 0.779ms
[38.373s][info   ][gc          ] GC(12) Concurrent cleanup 1594M->1594M(6144M) 0.098ms
[38.375s][info   ][gc          ] GC(12) Concurrent class unloading 1.988ms
[38.375s][info   ][gc          ] GC(12) Pause Final Roots 0.003ms
[38.375s][info   ][gc,metaspace] Metaspace: 18172K(18432K)->18172K(18432K) NonClass: 12298K(12416K)->12298K(12416K) Class: 5873K(6016K)->5873K(6016K)
[38.377s][info   ][gc          ] Trigger: GC request (System.gc())
[38.379s][info   ][gc          ] GC(13) Concurrent reset 2.489ms
[38.379s][info   ][gc          ] GC(13) Pause Init Mark (unload classes) 0.051ms
[38.380s][info   ][gc          ] GC(13) Concurrent marking roots 0.093ms
[40.241s][info   ][gc          ] GC(13) Concurrent marking (unload classes) 1861.674ms
[40.242s][info   ][gc          ] GC(13) Pause Final Mark (unload classes) 0.232ms
[40.246s][info   ][gc          ] GC(13) Concurrent weak references 0.050ms
[40.247s][info   ][gc          ] GC(13) Concurrent weak roots 0.815ms
[40.247s][info   ][gc          ] GC(13) Concurrent cleanup 1594M->1594M(6144M) 0.099ms
[40.249s][info   ][gc          ] GC(13) Concurrent class unloading 1.984ms
[40.249s][info   ][gc          ] GC(13) Pause Final Roots 0.003ms
[40.249s][info   ][gc,metaspace] Metaspace: 18172K(18432K)->18172K(18432K) NonClass: 12298K(12416K)->12298K(12416K) Class: 5873K(6016K)->5873K(6016K)
[40.253s][info   ][gc          ] Trigger: GC request (System.gc())
[40.256s][info   ][gc          ] GC(14) Concurrent reset 2.462ms
[40.256s][info   ][gc          ] GC(14) Pause Init Mark (unload classes) 0.050ms
[40.256s][info   ][gc          ] GC(14) Concurrent marking roots 0.073ms
[42.044s][info   ][gc          ] GC(14) Concurrent marking (unload classes) 1787.569ms
[42.044s][info   ][gc          ] GC(14) Pause Final Mark (unload classes) 0.236ms
[42.044s][info   ][gc          ] GC(14) Concurrent weak references 0.047ms
[42.045s][info   ][gc          ] GC(14) Concurrent weak roots 0.805ms
[42.045s][info   ][gc          ] GC(14) Concurrent cleanup 1594M->1594M(6144M) 0.098ms
[42.047s][info   ][gc          ] GC(14) Concurrent class unloading 1.888ms
[42.047s][info   ][gc          ] GC(14) Pause Final Roots 0.003ms
[42.047s][info   ][gc,metaspace] Metaspace: 18172K(18432K)->18172K(18432K) NonClass: 12298K(12416K)->12298K(12416K) Class: 5873K(6016K)->5873K(6016K)
[42.055s][info   ][gc          ] Trigger: GC request (System.gc())
[42.057s][info   ][gc          ] GC(15) Concurrent reset 2.300ms
[42.057s][info   ][gc          ] GC(15) Pause Init Mark (unload classes) 0.050ms
[42.058s][info   ][gc          ] GC(15) Concurrent marking roots 0.083ms
[43.813s][info   ][gc          ] GC(15) Concurrent marking (unload classes) 1755.868ms
[43.814s][info   ][gc          ] GC(15) Pause Final Mark (unload classes) 0.233ms
[43.814s][info   ][gc          ] GC(15) Concurrent weak references 0.049ms
[43.815s][info   ][gc          ] GC(15) Concurrent weak roots 0.777ms
[43.815s][info   ][gc          ] GC(15) Concurrent cleanup 1594M->1594M(6144M) 0.099ms
[43.817s][info   ][gc          ] GC(15) Concurrent class unloading 1.816ms
[43.817s][info   ][gc          ] GC(15) Pause Final Roots 0.003ms
[43.817s][info   ][gc,metaspace] Metaspace: 18172K(18432K)->18172K(18432K) NonClass: 12298K(12416K)->12298K(12416K) Class: 5873K(6016K)->5873K(6016K)
[43.827s][info   ][gc          ] Trigger: GC request (System.gc())
[43.829s][info   ][gc          ] GC(16) Concurrent reset 2.295ms
[43.829s][info   ][gc          ] GC(16) Pause Init Mark (unload classes) 0.050ms
[43.829s][info   ][gc          ] GC(16) Concurrent marking roots 0.125ms
[45.566s][info   ][gc          ] GC(16) Concurrent marking (unload classes) 1737.040ms
[45.567s][info   ][gc          ] GC(16) Pause Final Mark (unload classes) 0.243ms
[45.571s][info   ][gc          ] GC(16) Concurrent weak references 0.051ms
[45.572s][info   ][gc          ] GC(16) Concurrent weak roots 0.769ms
[45.572s][info   ][gc          ] GC(16) Concurrent cleanup 1594M->1594M(6144M) 0.099ms
[45.574s][info   ][gc          ] GC(16) Concurrent class unloading 1.876ms
[45.574s][info   ][gc          ] GC(16) Pause Final Roots 0.003ms
[45.574s][info   ][gc,metaspace] Metaspace: 18172K(18432K)->18172K(18432K) NonClass: 12298K(12416K)->12298K(12416K) Class: 5873K(6016K)->5873K(6016K)
[45.584s][info   ][gc          ] Trigger: GC request (System.gc())
[45.586s][info   ][gc          ] GC(17) Concurrent reset 2.238ms
[45.586s][info   ][gc          ] GC(17) Pause Init Mark (unload classes) 0.048ms
[45.586s][info   ][gc          ] GC(17) Concurrent marking roots 0.087ms
[47.524s][info   ][gc          ] GC(17) Concurrent marking (unload classes) 1937.040ms
[47.524s][info   ][gc          ] GC(17) Pause Final Mark (unload classes) 0.247ms
[47.524s][info   ][gc          ] GC(17) Concurrent weak references 0.051ms
[47.525s][info   ][gc          ] GC(17) Concurrent weak roots 0.795ms
[47.525s][info   ][gc          ] GC(17) Concurrent cleanup 1594M->1594M(6144M) 0.098ms
[47.527s][info   ][gc          ] GC(17) Concurrent class unloading 1.871ms
[47.527s][info   ][gc          ] GC(17) Pause Final Roots 0.003ms
[47.527s][info   ][gc,metaspace] Metaspace: 18172K(18432K)->18172K(18432K) NonClass: 12298K(12416K)->12298K(12416K) Class: 5873K(6016K)->5873K(6016K)
[47.537s][info   ][gc          ] Trigger: GC request (System.gc())
[47.540s][info   ][gc          ] GC(18) Concurrent reset 2.504ms
[47.540s][info   ][gc          ] GC(18) Pause Init Mark (unload classes) 0.051ms
[47.540s][info   ][gc          ] GC(18) Concurrent marking roots 0.101ms
[49.455s][info   ][gc          ] GC(18) Concurrent marking (unload classes) 1915.387ms
[49.456s][info   ][gc          ] GC(18) Pause Final Mark (unload classes) 0.238ms
[49.456s][info   ][gc          ] GC(18) Concurrent weak references 0.046ms
[49.456s][info   ][gc          ] GC(18) Concurrent weak roots 0.813ms
[49.457s][info   ][gc          ] GC(18) Concurrent cleanup 1594M->1594M(6144M) 0.099ms
[49.458s][info   ][gc          ] GC(18) Concurrent class unloading 1.841ms
[49.458s][info   ][gc          ] GC(18) Pause Final Roots 0.003ms
[49.459s][info   ][gc,metaspace] Metaspace: 18172K(18432K)->18172K(18432K) NonClass: 12298K(12416K)->12298K(12416K) Class: 5873K(6016K)->5873K(6016K)
[49.469s][info   ][gc          ] Trigger: GC request (System.gc())
[49.471s][info   ][gc          ] GC(19) Concurrent reset 2.188ms
[49.471s][info   ][gc          ] GC(19) Pause Init Mark (unload classes) 0.050ms
[49.471s][info   ][gc          ] GC(19) Concurrent marking roots 0.102ms
[51.371s][info   ][gc          ] GC(19) Concurrent marking (unload classes) 1899.789ms
[51.371s][info   ][gc          ] GC(19) Pause Final Mark (unload classes) 0.239ms
[51.371s][info   ][gc          ] GC(19) Concurrent weak references 0.050ms
[51.372s][info   ][gc          ] GC(19) Concurrent weak roots 0.804ms
[51.372s][info   ][gc          ] GC(19) Concurrent cleanup 1594M->1594M(6144M) 0.099ms
[51.374s][info   ][gc          ] GC(19) Concurrent class unloading 1.990ms
[51.374s][info   ][gc          ] GC(19) Pause Final Roots 0.003ms
[51.374s][info   ][gc,metaspace] Metaspace: 18172K(18432K)->18172K(18432K) NonClass: 12298K(12416K)->12298K(12416K) Class: 5873K(6016K)->5873K(6016K)
[51.384s][info   ][gc          ] Trigger: GC request (System.gc())
[51.387s][info   ][gc          ] GC(20) Concurrent reset 2.251ms
[51.387s][info   ][gc          ] GC(20) Pause Init Mark (unload classes) 0.050ms
[51.387s][info   ][gc          ] GC(20) Concurrent marking roots 0.100ms
[53.474s][info   ][gc          ] GC(20) Concurrent marking (unload classes) 2087.149ms
[53.475s][info   ][gc          ] GC(20) Pause Final Mark (unload classes) 0.244ms
[53.475s][info   ][gc          ] GC(20) Concurrent weak references 0.048ms
[53.475s][info   ][gc          ] GC(20) Concurrent weak roots 0.825ms
[53.476s][info   ][gc          ] GC(20) Concurrent cleanup 1594M->1594M(6144M) 0.098ms
[53.477s][info   ][gc          ] GC(20) Concurrent class unloading 1.835ms
[53.478s][info   ][gc          ] GC(20) Pause Final Roots 0.003ms
[53.478s][info   ][gc,metaspace] Metaspace: 18172K(18432K)->18172K(18432K) NonClass: 12298K(12416K)->12298K(12416K) Class: 5873K(6016K)->5873K(6016K)
[53.488s][info   ][gc          ] Trigger: GC request (System.gc())
[53.490s][info   ][gc          ] GC(21) Concurrent reset 2.338ms
[53.490s][info   ][gc          ] GC(21) Pause Init Mark (unload classes) 0.049ms
[53.490s][info   ][gc          ] GC(21) Concurrent marking roots 0.114ms
[55.359s][info   ][gc          ] GC(21) Concurrent marking (unload classes) 1868.535ms
[55.359s][info   ][gc          ] GC(21) Pause Final Mark (unload classes) 0.241ms
[55.359s][info   ][gc          ] GC(21) Concurrent weak references 0.047ms
[55.360s][info   ][gc          ] GC(21) Concurrent weak roots 0.792ms
[55.360s][info   ][gc          ] GC(21) Concurrent cleanup 1594M->1594M(6144M) 0.099ms
[55.362s][info   ][gc          ] GC(21) Concurrent class unloading 1.914ms
[55.362s][info   ][gc          ] GC(21) Pause Final Roots 0.003ms
[55.362s][info   ][gc,metaspace] Metaspace: 18172K(18432K)->18172K(18432K) NonClass: 12298K(12416K)->12298K(12416K) Class: 5873K(6016K)->5873K(6016K)
[55.372s][info   ][gc          ] Trigger: GC request (System.gc())
[55.375s][info   ][gc          ] GC(22) Concurrent reset 2.479ms
[55.375s][info   ][gc          ] GC(22) Pause Init Mark (unload classes) 0.048ms
[55.375s][info   ][gc          ] GC(22) Concurrent marking roots 0.077ms
[57.360s][info   ][gc          ] GC(22) Concurrent marking (unload classes) 1984.693ms
[57.360s][info   ][gc          ] GC(22) Pause Final Mark (unload classes) 0.247ms
[57.360s][info   ][gc          ] GC(22) Concurrent weak references 0.048ms
[57.361s][info   ][gc          ] GC(22) Concurrent weak roots 0.761ms
[57.361s][info   ][gc          ] GC(22) Concurrent cleanup 1594M->1594M(6144M) 0.098ms
[57.363s][info   ][gc          ] GC(22) Concurrent class unloading 1.978ms
[57.363s][info   ][gc          ] GC(22) Pause Final Roots 0.003ms
[57.363s][info   ][gc,metaspace] Metaspace: 18172K(18432K)->18172K(18432K) NonClass: 12298K(12416K)->12298K(12416K) Class: 5873K(6016K)->5873K(6016K)
[57.373s][info   ][gc          ] Trigger: GC request (System.gc())
[57.376s][info   ][gc          ] GC(23) Concurrent reset 2.280ms
[57.376s][info   ][gc          ] GC(23) Pause Init Mark (unload classes) 0.047ms
[57.376s][info   ][gc          ] GC(23) Concurrent marking roots 0.114ms
[59.331s][info   ][gc          ] GC(23) Concurrent marking (unload classes) 1955.183ms
[59.331s][info   ][gc          ] GC(23) Pause Final Mark (unload classes) 0.229ms
[59.332s][info   ][gc          ] GC(23) Concurrent weak references 0.048ms
[59.332s][info   ][gc          ] GC(23) Concurrent weak roots 0.556ms
[59.332s][info   ][gc          ] GC(23) Concurrent cleanup 1594M->1594M(6144M) 0.099ms
[59.334s][info   ][gc          ] GC(23) Concurrent class unloading 1.997ms
[59.334s][info   ][gc          ] GC(23) Pause Final Roots 0.003ms
[59.334s][info   ][gc,metaspace] Metaspace: 18172K(18432K)->18172K(18432K) NonClass: 12298K(12416K)->12298K(12416K) Class: 5873K(6016K)->5873K(6016K)
[59.344s][info   ][gc          ] Trigger: GC request (System.gc())
[59.347s][info   ][gc          ] GC(24) Concurrent reset 2.250ms
[59.347s][info   ][gc          ] GC(24) Pause Init Mark (unload classes) 0.056ms
[59.347s][info   ][gc          ] GC(24) Concurrent marking roots 0.101ms
[61.287s][info   ][gc          ] GC(24) Concurrent marking (unload classes) 1939.836ms
[61.287s][info   ][gc          ] GC(24) Pause Final Mark (unload classes) 0.241ms
[61.287s][info   ][gc          ] GC(24) Concurrent weak references 0.048ms
[61.288s][info   ][gc          ] GC(24) Concurrent weak roots 0.809ms
[61.288s][info   ][gc          ] GC(24) Concurrent cleanup 1595M->1595M(6144M) 0.097ms
[61.290s][info   ][gc          ] GC(24) Concurrent class unloading 2.051ms
[61.290s][info   ][gc          ] GC(24) Pause Final Roots 0.003ms
[61.290s][info   ][gc,metaspace] Metaspace: 18172K(18432K)->18172K(18432K) NonClass: 12298K(12416K)->12298K(12416K) Class: 5873K(6016K)->5873K(6016K)
[61.291s][info   ][gc          ] Trigger: GC request (System.gc())
[61.294s][info   ][gc          ] GC(25) Concurrent reset 2.153ms
[61.294s][info   ][gc          ] GC(25) Pause Init Mark (unload classes) 0.048ms
[61.294s][info   ][gc          ] GC(25) Concurrent marking roots 0.092ms
[63.454s][info   ][gc          ] GC(25) Concurrent marking (unload classes) 2160.203ms
[63.454s][info   ][gc          ] GC(25) Pause Final Mark (unload classes) 0.250ms
[63.455s][info   ][gc          ] GC(25) Concurrent thread roots 0.071ms
[63.455s][info   ][gc          ] GC(25) Concurrent weak references 0.043ms
[63.455s][info   ][gc          ] GC(25) Concurrent weak roots 0.823ms
[63.456s][info   ][gc          ] GC(25) Concurrent cleanup 1595M->1595M(6144M) 0.099ms
[63.458s][info   ][gc          ] GC(25) Concurrent class unloading 2.033ms
[63.458s][info   ][gc          ] GC(25) Concurrent strong roots 0.080ms
[63.458s][info   ][gc          ] GC(25) Concurrent evacuation 0.031ms
[63.458s][info   ][gc          ] GC(25) Pause Init Update Refs 0.006ms
[63.458s][info   ][gc          ] GC(25) At start of update refs, moving 2048K to Mutator free partition from Collector Reserve
[64.788s][info   ][gc          ] GC(25) Concurrent update references 1330.078ms
[64.788s][info   ][gc          ] GC(25) Concurrent update thread roots 0.207ms
[64.788s][info   ][gc          ] GC(25) Pause Final Update Refs 0.091ms
[64.789s][info   ][gc          ] GC(25) Concurrent cleanup 1595M->1594M(6144M) 0.108ms
[64.789s][info   ][gc,metaspace] Metaspace: 18172K(18432K)->18172K(18432K) NonClass: 12298K(12416K)->12298K(12416K) Class: 5873K(6016K)->5873K(6016K)
[64.790s][info   ][gc          ] Trigger: GC request (System.gc())
[64.792s][info   ][gc          ] GC(26) Concurrent reset 2.228ms
[64.792s][info   ][gc          ] GC(26) Pause Init Mark (unload classes) 0.040ms
[64.792s][info   ][gc          ] GC(26) Concurrent marking roots 0.090ms
[66.749s][info   ][gc          ] GC(26) Concurrent marking (unload classes) 1957.008ms
[66.749s][info   ][gc          ] GC(26) Pause Final Mark (unload classes) 0.217ms
[66.750s][info   ][gc          ] GC(26) Concurrent weak references 0.049ms
[66.750s][info   ][gc          ] GC(26) Concurrent weak roots 0.765ms
[66.750s][info   ][gc          ] GC(26) Concurrent cleanup 1594M->1594M(6144M) 0.099ms
[66.753s][info   ][gc          ] GC(26) Concurrent class unloading 2.037ms
[66.753s][info   ][gc          ] GC(26) Pause Final Roots 0.003ms
[66.753s][info   ][gc,metaspace] Metaspace: 18172K(18432K)->18172K(18432K) NonClass: 12298K(12416K)->12298K(12416K) Class: 5873K(6016K)->5873K(6016K)
[66.755s][info   ][gc          ] Trigger: GC request (System.gc())
[66.757s][info   ][gc          ] GC(27) Concurrent reset 2.319ms
[66.757s][info   ][gc          ] GC(27) Pause Init Mark (unload classes) 0.045ms
[66.757s][info   ][gc          ] GC(27) Concurrent marking roots 0.105ms
[68.523s][info   ][gc          ] GC(27) Concurrent marking (unload classes) 1765.795ms
[68.523s][info   ][gc          ] GC(27) Pause Final Mark (unload classes) 0.217ms
[68.528s][info   ][gc          ] GC(27) Concurrent weak references 0.051ms
[68.528s][info   ][gc          ] GC(27) Concurrent weak roots 0.528ms
[68.528s][info   ][gc          ] GC(27) Concurrent cleanup 1594M->1594M(6144M) 0.100ms
[68.530s][info   ][gc          ] GC(27) Concurrent class unloading 1.569ms
[68.530s][info   ][gc          ] GC(27) Pause Final Roots 0.003ms
[68.530s][info   ][gc,metaspace] Metaspace: 18172K(18432K)->18172K(18432K) NonClass: 12298K(12416K)->12298K(12416K) Class: 5873K(6016K)->5873K(6016K)
[68.534s][info   ][gc          ] Trigger: GC request (System.gc())
[68.536s][info   ][gc          ] GC(28) Concurrent reset 2.232ms
[68.537s][info   ][gc          ] GC(28) Pause Init Mark (unload classes) 0.053ms
[68.537s][info   ][gc          ] GC(28) Concurrent marking roots 0.105ms
[70.278s][info   ][gc          ] GC(28) Concurrent marking (unload classes) 1740.866ms
[70.278s][info   ][gc          ] GC(28) Pause Final Mark (unload classes) 0.269ms
[70.278s][info   ][gc          ] GC(28) Concurrent weak references 0.049ms
[70.279s][info   ][gc          ] GC(28) Concurrent weak roots 0.814ms
[70.279s][info   ][gc          ] GC(28) Concurrent cleanup 1594M->1594M(6144M) 0.099ms
[70.281s][info   ][gc          ] GC(28) Concurrent class unloading 1.972ms
[70.281s][info   ][gc          ] GC(28) Pause Final Roots 0.003ms
[70.281s][info   ][gc,metaspace] Metaspace: 18172K(18432K)->18172K(18432K) NonClass: 12298K(12416K)->12298K(12416K) Class: 5873K(6016K)->5873K(6016K)
[70.289s][info   ][gc          ] Trigger: GC request (System.gc())
[70.291s][info   ][gc          ] GC(29) Concurrent reset 2.248ms
[70.292s][info   ][gc          ] GC(29) Pause Init Mark (unload classes) 0.048ms
[70.292s][info   ][gc          ] GC(29) Concurrent marking roots 0.088ms
[72.294s][info   ][gc          ] GC(29) Concurrent marking (unload classes) 2001.928ms
[72.294s][info   ][gc          ] GC(29) Pause Final Mark (unload classes) 0.257ms
[72.294s][info   ][gc          ] GC(29) Concurrent weak references 0.056ms
[72.295s][info   ][gc          ] GC(29) Concurrent weak roots 0.810ms
[72.295s][info   ][gc          ] GC(29) Concurrent cleanup 1594M->1594M(6144M) 0.098ms
[72.297s][info   ][gc          ] GC(29) Concurrent class unloading 1.923ms
[72.297s][info   ][gc          ] GC(29) Pause Final Roots 0.003ms
[72.297s][info   ][gc,metaspace] Metaspace: 18172K(18432K)->18172K(18432K) NonClass: 12298K(12416K)->12298K(12416K) Class: 5873K(6016K)->5873K(6016K)
[72.307s][info   ][gc          ] Trigger: GC request (System.gc())
[72.310s][info   ][gc          ] GC(30) Concurrent reset 2.307ms
[72.310s][info   ][gc          ] GC(30) Pause Init Mark (unload classes) 0.047ms
[72.310s][info   ][gc          ] GC(30) Concurrent marking roots 0.099ms
[74.261s][info   ][gc          ] GC(30) Concurrent marking (unload classes) 1951.536ms
[74.262s][info   ][gc          ] GC(30) Pause Final Mark (unload classes) 0.219ms
[74.262s][info   ][gc          ] GC(30) Concurrent weak references 0.046ms
[74.263s][info   ][gc          ] GC(30) Concurrent weak roots 0.784ms
[74.263s][info   ][gc          ] GC(30) Concurrent cleanup 1594M->1594M(6144M) 0.099ms
[74.265s][info   ][gc          ] GC(30) Concurrent class unloading 1.867ms
[74.265s][info   ][gc          ] GC(30) Pause Final Roots 0.003ms
[74.265s][info   ][gc,metaspace] Metaspace: 18172K(18432K)->18172K(18432K) NonClass: 12298K(12416K)->12298K(12416K) Class: 5873K(6016K)->5873K(6016K)
[74.275s][info   ][gc          ] Trigger: GC request (System.gc())
[74.277s][info   ][gc          ] GC(31) Concurrent reset 2.293ms
[74.277s][info   ][gc          ] GC(31) Pause Init Mark (unload classes) 0.050ms
[74.278s][info   ][gc          ] GC(31) Concurrent marking roots 0.109ms
[76.224s][info   ][gc          ] GC(31) Concurrent marking (unload classes) 1946.323ms
[76.224s][info   ][gc          ] GC(31) Pause Final Mark (unload classes) 0.246ms
[76.224s][info   ][gc          ] GC(31) Concurrent weak references 0.048ms
[76.225s][info   ][gc          ] GC(31) Concurrent weak roots 0.792ms
[76.225s][info   ][gc          ] GC(31) Concurrent cleanup 1594M->1594M(6144M) 0.098ms
[76.227s][info   ][gc          ] GC(31) Concurrent class unloading 2.126ms
[76.227s][info   ][gc          ] GC(31) Pause Final Roots 0.003ms
[76.228s][info   ][gc,metaspace] Metaspace: 18172K(18432K)->18172K(18432K) NonClass: 12298K(12416K)->12298K(12416K) Class: 5873K(6016K)->5873K(6016K)
[76.238s][info   ][gc          ] Trigger: GC request (System.gc())
[76.240s][info   ][gc          ] GC(32) Concurrent reset 2.483ms
[76.240s][info   ][gc          ] GC(32) Pause Init Mark (unload classes) 0.061ms
[76.240s][info   ][gc          ] GC(32) Concurrent marking roots 0.097ms
[78.150s][info   ][gc          ] GC(32) Concurrent marking (unload classes) 1909.732ms
[78.150s][info   ][gc          ] GC(32) Pause Final Mark (unload classes) 0.216ms
[78.151s][info   ][gc          ] GC(32) Concurrent weak references 0.048ms
[78.151s][info   ][gc          ] GC(32) Concurrent weak roots 0.742ms
[78.151s][info   ][gc          ] GC(32) Concurrent cleanup 1594M->1594M(6144M) 0.098ms
[78.154s][info   ][gc          ] GC(32) Concurrent class unloading 2.023ms
[78.154s][info   ][gc          ] GC(32) Pause Final Roots 0.003ms
[78.154s][info   ][gc,metaspace] Metaspace: 18172K(18432K)->18172K(18432K) NonClass: 12298K(12416K)->12298K(12416K) Class: 5873K(6016K)->5873K(6016K)
[78.164s][info   ][gc          ] Trigger: GC request (System.gc())
[78.166s][info   ][gc          ] GC(33) Concurrent reset 2.443ms
[78.166s][info   ][gc          ] GC(33) Pause Init Mark (unload classes) 0.049ms
[78.166s][info   ][gc          ] GC(33) Concurrent marking roots 0.095ms
[80.374s][info   ][gc          ] GC(33) Concurrent marking (unload classes) 2207.051ms
[80.374s][info   ][gc          ] GC(33) Pause Final Mark (unload classes) 0.234ms
[80.374s][info   ][gc          ] GC(33) Concurrent weak references 0.046ms
[80.375s][info   ][gc          ] GC(33) Concurrent weak roots 0.802ms
[80.375s][info   ][gc          ] GC(33) Concurrent cleanup 1594M->1594M(6144M) 0.099ms
[80.377s][info   ][gc          ] GC(33) Concurrent class unloading 1.965ms
[80.377s][info   ][gc          ] GC(33) Pause Final Roots 0.003ms
[80.377s][info   ][gc,metaspace] Metaspace: 18172K(18432K)->18172K(18432K) NonClass: 12298K(12416K)->12298K(12416K) Class: 5873K(6016K)->5873K(6016K)
[80.387s][info   ][gc          ] Trigger: GC request (System.gc())
[80.389s][info   ][gc          ] GC(34) Concurrent reset 2.141ms
[80.389s][info   ][gc          ] GC(34) Pause Init Mark (unload classes) 0.053ms
[80.390s][info   ][gc          ] GC(34) Concurrent marking roots 0.089ms
[82.302s][info   ][gc          ] GC(34) Concurrent marking (unload classes) 1912.851ms
[82.303s][info   ][gc          ] GC(34) Pause Final Mark (unload classes) 0.247ms
[82.303s][info   ][gc          ] GC(34) Concurrent weak references 0.044ms
[82.304s][info   ][gc          ] GC(34) Concurrent weak roots 0.792ms
[82.304s][info   ][gc          ] GC(34) Concurrent cleanup 1594M->1594M(6144M) 0.097ms
[82.306s][info   ][gc          ] GC(34) Concurrent class unloading 1.874ms
[82.306s][info   ][gc          ] GC(34) Pause Final Roots 0.003ms
[82.306s][info   ][gc,metaspace] Metaspace: 18172K(18432K)->18172K(18432K) NonClass: 12298K(12416K)->12298K(12416K) Class: 5873K(6016K)->5873K(6016K)
[82.316s][info   ][gc          ] Trigger: GC request (System.gc())
[82.318s][info   ][gc          ] GC(35) Concurrent reset 2.327ms
[82.318s][info   ][gc          ] GC(35) Pause Init Mark (unload classes) 0.046ms
[82.318s][info   ][gc          ] GC(35) Concurrent marking roots 0.102ms
[84.202s][info   ][gc          ] GC(35) Concurrent marking (unload classes) 1884.002ms
[84.203s][info   ][gc          ] GC(35) Pause Final Mark (unload classes) 0.247ms
[84.203s][info   ][gc          ] GC(35) Concurrent weak references 0.047ms
[84.204s][info   ][gc          ] GC(35) Concurrent weak roots 0.802ms
[84.204s][info   ][gc          ] GC(35) Concurrent cleanup 1594M->1594M(6144M) 0.098ms
[84.206s][info   ][gc          ] GC(35) Concurrent class unloading 2.014ms
[84.206s][info   ][gc          ] GC(35) Pause Final Roots 0.003ms
[84.206s][info   ][gc,metaspace] Metaspace: 18172K(18432K)->18172K(18432K) NonClass: 12298K(12416K)->12298K(12416K) Class: 5873K(6016K)->5873K(6016K)
[84.216s][info   ][gc          ] Trigger: GC request (System.gc())
[84.218s][info   ][gc          ] GC(36) Concurrent reset 2.276ms
[84.218s][info   ][gc          ] GC(36) Pause Init Mark (unload classes) 0.049ms
[84.219s][info   ][gc          ] GC(36) Concurrent marking roots 0.104ms
[86.210s][info   ][gc          ] GC(36) Concurrent marking (unload classes) 1991.102ms
[86.210s][info   ][gc          ] GC(36) Pause Final Mark (unload classes) 0.252ms
[86.210s][info   ][gc          ] GC(36) Concurrent weak references 0.051ms
[86.211s][info   ][gc          ] GC(36) Concurrent weak roots 0.807ms
[86.211s][info   ][gc          ] GC(36) Concurrent cleanup 1594M->1594M(6144M) 0.098ms
[86.213s][info   ][gc          ] GC(36) Concurrent class unloading 1.986ms
[86.213s][info   ][gc          ] GC(36) Pause Final Roots 0.003ms
[86.213s][info   ][gc,metaspace] Metaspace: 18172K(18432K)->18172K(18432K) NonClass: 12298K(12416K)->12298K(12416K) Class: 5873K(6016K)->5873K(6016K)
[86.223s][info   ][gc          ] Trigger: GC request (System.gc())
[86.226s][info   ][gc          ] GC(37) Concurrent reset 2.261ms
[86.226s][info   ][gc          ] GC(37) Pause Init Mark (unload classes) 0.046ms
[86.226s][info   ][gc          ] GC(37) Concurrent marking roots 0.103ms
[88.203s][info   ][gc          ] GC(37) Concurrent marking (unload classes) 1976.837ms
[88.203s][info   ][gc          ] GC(37) Pause Final Mark (unload classes) 0.243ms
[88.203s][info   ][gc          ] GC(37) Concurrent weak references 0.074ms
[88.204s][info   ][gc          ] GC(37) Concurrent weak roots 0.755ms
[88.204s][info   ][gc          ] GC(37) Concurrent cleanup 1594M->1594M(6144M) 0.099ms
[88.206s][info   ][gc          ] GC(37) Concurrent class unloading 2.117ms
[88.206s][info   ][gc          ] GC(37) Pause Final Roots 0.003ms
[88.206s][info   ][gc,metaspace] Metaspace: 18172K(18432K)->18172K(18432K) NonClass: 12298K(12416K)->12298K(12416K) Class: 5873K(6016K)->5873K(6016K)
[88.216s][info   ][gc          ] Trigger: GC request (System.gc())
[88.219s][info   ][gc          ] GC(38) Concurrent reset 2.360ms
[88.219s][info   ][gc          ] GC(38) Pause Init Mark (unload classes) 0.051ms
[88.219s][info   ][gc          ] GC(38) Concurrent marking roots 0.104ms
[90.208s][info   ][gc          ] GC(38) Concurrent marking (unload classes) 1988.674ms
[90.208s][info   ][gc          ] GC(38) Pause Final Mark (unload classes) 0.241ms
[90.208s][info   ][gc          ] GC(38) Concurrent weak references 0.049ms
[90.209s][info   ][gc          ] GC(38) Concurrent weak roots 0.785ms
[90.209s][info   ][gc          ] GC(38) Concurrent cleanup 1594M->1594M(6144M) 0.098ms
[90.211s][info   ][gc          ] GC(38) Concurrent class unloading 1.980ms
[90.211s][info   ][gc          ] GC(38) Pause Final Roots 0.003ms
[90.211s][info   ][gc,metaspace] Metaspace: 18172K(18432K)->18172K(18432K) NonClass: 12298K(12416K)->12298K(12416K) Class: 5873K(6016K)->5873K(6016K)
[90.221s][info   ][gc          ] Trigger: GC request (System.gc())
[90.224s][info   ][gc          ] GC(39) Concurrent reset 2.627ms
[90.224s][info   ][gc          ] GC(39) Pause Init Mark (unload classes) 0.051ms
[90.224s][info   ][gc          ] GC(39) Concurrent marking roots 0.086ms
[92.212s][info   ][gc          ] GC(39) Concurrent marking (unload classes) 1987.370ms
[92.212s][info   ][gc          ] GC(39) Pause Final Mark (unload classes) 0.249ms
[92.216s][info   ][gc          ] GC(39) Concurrent weak references 0.049ms
[92.217s][info   ][gc          ] GC(39) Concurrent weak roots 0.803ms
[92.217s][info   ][gc          ] GC(39) Concurrent cleanup 1594M->1594M(6144M) 0.098ms
[92.219s][info   ][gc          ] GC(39) Concurrent class unloading 1.953ms
[92.219s][info   ][gc          ] GC(39) Pause Final Roots 0.003ms
[92.219s][info   ][gc,metaspace] Metaspace: 18172K(18432K)->18172K(18432K) NonClass: 12298K(12416K)->12298K(12416K) Class: 5873K(6016K)->5873K(6016K)
[92.229s][info   ][gc          ] Trigger: GC request (System.gc())
[92.232s][info   ][gc          ] GC(40) Concurrent reset 2.426ms
[92.232s][info   ][gc          ] GC(40) Pause Init Mark (unload classes) 0.052ms
[92.232s][info   ][gc          ] GC(40) Concurrent marking roots 0.083ms
[94.176s][info   ][gc          ] GC(40) Concurrent marking (unload classes) 1944.344ms
[94.176s][info   ][gc          ] GC(40) Pause Final Mark (unload classes) 0.242ms
[94.177s][info   ][gc          ] GC(40) Concurrent weak references 0.048ms
[94.177s][info   ][gc          ] GC(40) Concurrent weak roots 0.796ms
[94.178s][info   ][gc          ] GC(40) Concurrent cleanup 1594M->1594M(6144M) 0.098ms
[94.179s][info   ][gc          ] GC(40) Concurrent class unloading 1.931ms
[94.180s][info   ][gc          ] GC(40) Pause Final Roots 0.003ms
[94.180s][info   ][gc,metaspace] Metaspace: 18172K(18432K)->18172K(18432K) NonClass: 12298K(12416K)->12298K(12416K) Class: 5873K(6016K)->5873K(6016K)
[94.190s][info   ][gc          ] Trigger: GC request (System.gc())
[94.192s][info   ][gc          ] GC(41) Concurrent reset 2.384ms
[94.192s][info   ][gc          ] GC(41) Pause Init Mark (unload classes) 0.052ms
[94.192s][info   ][gc          ] GC(41) Concurrent marking roots 0.089ms
[96.378s][info   ][gc          ] GC(41) Concurrent marking (unload classes) 2185.715ms
[96.378s][info   ][gc          ] GC(41) Pause Final Mark (unload classes) 0.234ms
[96.378s][info   ][gc          ] GC(41) Concurrent weak references 0.048ms
[96.379s][info   ][gc          ] GC(41) Concurrent weak roots 0.822ms
[96.379s][info   ][gc          ] GC(41) Concurrent cleanup 1594M->1594M(6144M) 0.099ms
[96.381s][info   ][gc          ] GC(41) Concurrent class unloading 1.849ms
[96.381s][info   ][gc          ] GC(41) Pause Final Roots 0.003ms
[96.381s][info   ][gc,metaspace] Metaspace: 18172K(18432K)->18172K(18432K) NonClass: 12298K(12416K)->12298K(12416K) Class: 5873K(6016K)->5873K(6016K)
[96.391s][info   ][gc          ] Trigger: GC request (System.gc())
[96.394s][info   ][gc          ] GC(42) Concurrent reset 2.309ms
[96.394s][info   ][gc          ] GC(42) Pause Init Mark (unload classes) 0.074ms
[96.394s][info   ][gc          ] GC(42) Concurrent marking roots 0.094ms
[98.308s][info   ][gc          ] GC(42) Concurrent marking (unload classes) 1914.293ms
[98.309s][info   ][gc          ] GC(42) Pause Final Mark (unload classes) 0.224ms
[98.309s][info   ][gc          ] GC(42) Concurrent weak references 0.046ms
[98.310s][info   ][gc          ] GC(42) Concurrent weak roots 0.808ms
[98.310s][info   ][gc          ] GC(42) Concurrent cleanup 1594M->1594M(6144M) 0.099ms
[98.312s][info   ][gc          ] GC(42) Concurrent class unloading 1.973ms
[98.312s][info   ][gc          ] GC(42) Pause Final Roots 0.003ms
[98.312s][info   ][gc,metaspace] Metaspace: 18172K(18432K)->18172K(18432K) NonClass: 12298K(12416K)->12298K(12416K) Class: 5873K(6016K)->5873K(6016K)
[98.322s][info   ][gc          ] Trigger: GC request (System.gc())
[98.324s][info   ][gc          ] GC(43) Concurrent reset 2.193ms
[98.325s][info   ][gc          ] GC(43) Pause Init Mark (unload classes) 0.050ms
[98.325s][info   ][gc          ] GC(43) Concurrent marking roots 0.121ms
[100.265s][info   ][gc          ] GC(43) Concurrent marking (unload classes) 1939.945ms
[100.265s][info   ][gc          ] GC(43) Pause Final Mark (unload classes) 0.243ms
[100.265s][info   ][gc          ] GC(43) Concurrent weak references 0.047ms
[100.266s][info   ][gc          ] GC(43) Concurrent weak roots 0.810ms
[100.266s][info   ][gc          ] GC(43) Concurrent cleanup 1594M->1594M(6144M) 0.120ms
[100.268s][info   ][gc          ] GC(43) Concurrent class unloading 1.725ms
[100.268s][info   ][gc          ] GC(43) Pause Final Roots 0.003ms
[100.268s][info   ][gc,metaspace] Metaspace: 18172K(18432K)->18172K(18432K) NonClass: 12298K(12416K)->12298K(12416K) Class: 5873K(6016K)->5873K(6016K)
[100.278s][info   ][gc          ] Trigger: GC request (System.gc())
[100.280s][info   ][gc          ] GC(44) Concurrent reset 2.308ms
[100.280s][info   ][gc          ] GC(44) Pause Init Mark (unload classes) 0.050ms
[100.281s][info   ][gc          ] GC(44) Concurrent marking roots 0.087ms
[102.430s][info   ][gc          ] GC(44) Concurrent marking (unload classes) 2149.791ms
[102.431s][info   ][gc          ] GC(44) Pause Final Mark (unload classes) 0.251ms
[102.431s][info   ][gc          ] GC(44) Concurrent weak references 0.049ms
[102.432s][info   ][gc          ] GC(44) Concurrent weak roots 0.820ms
[102.432s][info   ][gc          ] GC(44) Concurrent cleanup 1594M->1594M(6144M) 0.098ms
[102.434s][info   ][gc          ] GC(44) Concurrent class unloading 1.752ms
[102.434s][info   ][gc          ] GC(44) Pause Final Roots 0.003ms
[102.434s][info   ][gc,metaspace] Metaspace: 18172K(18432K)->18172K(18432K) NonClass: 12298K(12416K)->12298K(12416K) Class: 5873K(6016K)->5873K(6016K)
[102.444s][info   ][gc          ] Trigger: GC request (System.gc())
[102.446s][info   ][gc          ] GC(45) Concurrent reset 2.446ms
[102.446s][info   ][gc          ] GC(45) Pause Init Mark (unload classes) 0.049ms
[102.447s][info   ][gc          ] GC(45) Concurrent marking roots 0.106ms
[104.337s][info   ][gc          ] GC(45) Concurrent marking (unload classes) 1890.120ms
[104.337s][info   ][gc          ] GC(45) Pause Final Mark (unload classes) 0.239ms
[104.337s][info   ][gc          ] GC(45) Concurrent weak references 0.077ms
[104.338s][info   ][gc          ] GC(45) Concurrent weak roots 0.755ms
[104.338s][info   ][gc          ] GC(45) Concurrent cleanup 1594M->1594M(6144M) 0.120ms
[104.340s][info   ][gc          ] GC(45) Concurrent class unloading 2.056ms
[104.340s][info   ][gc          ] GC(45) Pause Final Roots 0.003ms
[104.340s][info   ][gc,metaspace] Metaspace: 18172K(18432K)->18172K(18432K) NonClass: 12298K(12416K)->12298K(12416K) Class: 5873K(6016K)->5873K(6016K)
[104.350s][info   ][gc          ] Trigger: GC request (System.gc())
[104.352s][info   ][gc          ] GC(46) Concurrent reset 2.183ms
[104.353s][info   ][gc          ] GC(46) Pause Init Mark (unload classes) 0.053ms
[104.353s][info   ][gc          ] GC(46) Concurrent marking roots 0.127ms
[106.306s][info   ][gc          ] GC(46) Concurrent marking (unload classes) 1952.933ms
[106.306s][info   ][gc          ] GC(46) Pause Final Mark (unload classes) 0.241ms
[106.306s][info   ][gc          ] GC(46) Concurrent weak references 0.077ms
[106.307s][info   ][gc          ] GC(46) Concurrent weak roots 0.741ms
[106.307s][info   ][gc          ] GC(46) Concurrent cleanup 1594M->1594M(6144M) 0.099ms
[106.309s][info   ][gc          ] GC(46) Concurrent class unloading 2.203ms
[106.309s][info   ][gc          ] GC(46) Pause Final Roots 0.003ms
[106.309s][info   ][gc,metaspace] Metaspace: 18172K(18432K)->18172K(18432K) NonClass: 12298K(12416K)->12298K(12416K) Class: 5873K(6016K)->5873K(6016K)
[106.319s][info   ][gc          ] Trigger: GC request (System.gc())
[106.322s][info   ][gc          ] GC(47) Concurrent reset 2.425ms
[106.322s][info   ][gc          ] GC(47) Pause Init Mark (unload classes) 0.058ms
[106.322s][info   ][gc          ] GC(47) Concurrent marking roots 0.087ms
[108.435s][info   ][gc          ] GC(47) Concurrent marking (unload classes) 2112.743ms
[108.435s][info   ][gc          ] GC(47) Pause Final Mark (unload classes) 0.252ms
[108.435s][info   ][gc          ] GC(47) Concurrent weak references 0.048ms
[108.436s][info   ][gc          ] GC(47) Concurrent weak roots 0.830ms
[108.436s][info   ][gc          ] GC(47) Concurrent cleanup 1594M->1594M(6144M) 0.098ms
[108.438s][info   ][gc          ] GC(47) Concurrent class unloading 1.976ms
[108.439s][info   ][gc          ] GC(47) Pause Final Roots 0.003ms
[108.439s][info   ][gc,metaspace] Metaspace: 18172K(18432K)->18172K(18432K) NonClass: 12298K(12416K)->12298K(12416K) Class: 5873K(6016K)->5873K(6016K)
[108.449s][info   ][gc          ] Trigger: GC request (System.gc())
[108.451s][info   ][gc          ] GC(48) Concurrent reset 2.311ms
[108.451s][info   ][gc          ] GC(48) Pause Init Mark (unload classes) 0.050ms
[108.451s][info   ][gc          ] GC(48) Concurrent marking roots 0.108ms
[110.323s][info   ][gc          ] GC(48) Concurrent marking (unload classes) 1871.214ms
[110.323s][info   ][gc          ] GC(48) Pause Final Mark (unload classes) 0.243ms
[110.323s][info   ][gc          ] GC(48) Concurrent weak references 0.050ms
[110.324s][info   ][gc          ] GC(48) Concurrent weak roots 0.791ms
[110.324s][info   ][gc          ] GC(48) Concurrent cleanup 1594M->1594M(6144M) 0.115ms
[110.326s][info   ][gc          ] GC(48) Concurrent class unloading 2.141ms
[110.326s][info   ][gc          ] GC(48) Pause Final Roots 0.003ms
[110.326s][info   ][gc,metaspace] Metaspace: 18172K(18432K)->18172K(18432K) NonClass: 12298K(12416K)->12298K(12416K) Class: 5873K(6016K)->5873K(6016K)
[110.336s][info   ][gc          ] Trigger: GC request (System.gc())
[110.339s][info   ][gc          ] GC(49) Concurrent reset 2.500ms
[110.339s][info   ][gc          ] GC(49) Pause Init Mark (unload classes) 0.048ms
[110.339s][info   ][gc          ] GC(49) Concurrent marking roots 0.081ms
[112.352s][info   ][gc          ] GC(49) Concurrent marking (unload classes) 2012.868ms
[112.352s][info   ][gc          ] GC(49) Pause Final Mark (unload classes) 0.240ms
[112.352s][info   ][gc          ] GC(49) Concurrent weak references 0.047ms
[112.353s][info   ][gc          ] GC(49) Concurrent weak roots 0.810ms
[112.353s][info   ][gc          ] GC(49) Concurrent cleanup 1594M->1594M(6144M) 0.099ms
[112.355s][info   ][gc          ] GC(49) Concurrent class unloading 2.014ms
[112.355s][info   ][gc          ] GC(49) Pause Final Roots 0.003ms
[112.355s][info   ][gc,metaspace] Metaspace: 18172K(18432K)->18172K(18432K) NonClass: 12298K(12416K)->12298K(12416K) Class: 5873K(6016K)->5873K(6016K)
[112.366s][info   ][gc          ] Trigger: GC request (System.gc())
[112.368s][info   ][gc          ] GC(50) Concurrent reset 2.238ms
[112.368s][info   ][gc          ] GC(50) Pause Init Mark (unload classes) 0.051ms
[112.368s][info   ][gc          ] GC(50) Concurrent marking roots 0.113ms
[114.474s][info   ][gc          ] GC(50) Concurrent marking (unload classes) 2106.010ms
[114.474s][info   ][gc          ] GC(50) Pause Final Mark (unload classes) 0.242ms
[114.475s][info   ][gc          ] GC(50) Concurrent weak references 0.048ms
[114.475s][info   ][gc          ] GC(50) Concurrent weak roots 0.781ms
[114.475s][info   ][gc          ] GC(50) Concurrent cleanup 1594M->1594M(6144M) 0.098ms
[114.478s][info   ][gc          ] GC(50) Concurrent class unloading 2.094ms
[114.478s][info   ][gc          ] GC(50) Pause Final Roots 0.003ms
[114.478s][info   ][gc,metaspace] Metaspace: 18172K(18432K)->18172K(18432K) NonClass: 12298K(12416K)->12298K(12416K) Class: 5873K(6016K)->5873K(6016K)
[114.488s][info   ][gc          ] Trigger: GC request (System.gc())
[114.490s][info   ][gc          ] GC(51) Concurrent reset 2.492ms
[114.490s][info   ][gc          ] GC(51) Pause Init Mark (unload classes) 0.048ms
[114.491s][info   ][gc          ] GC(51) Concurrent marking roots 0.079ms
[116.467s][info   ][gc          ] GC(51) Concurrent marking (unload classes) 1976.013ms
[116.467s][info   ][gc          ] GC(51) Pause Final Mark (unload classes) 0.246ms
[116.467s][info   ][gc          ] GC(51) Concurrent weak references 0.046ms
[116.468s][info   ][gc          ] GC(51) Concurrent weak roots 0.828ms
[116.468s][info   ][gc          ] GC(51) Concurrent cleanup 1594M->1594M(6144M) 0.099ms
[116.470s][info   ][gc          ] GC(51) Concurrent class unloading 2.218ms
[116.470s][info   ][gc          ] GC(51) Pause Final Roots 0.003ms
[116.470s][info   ][gc,metaspace] Metaspace: 18172K(18432K)->18172K(18432K) NonClass: 12298K(12416K)->12298K(12416K) Class: 5873K(6016K)->5873K(6016K)
[116.480s][info   ][gc          ] Trigger: GC request (System.gc())
[116.483s][info   ][gc          ] GC(52) Concurrent reset 2.246ms
[116.483s][info   ][gc          ] GC(52) Pause Init Mark (unload classes) 0.053ms
[116.483s][info   ][gc          ] GC(52) Concurrent marking roots 0.115ms
[118.519s][info   ][gc          ] GC(52) Concurrent marking (unload classes) 2036.169ms
[118.520s][info   ][gc          ] GC(52) Pause Final Mark (unload classes) 0.240ms
[118.520s][info   ][gc          ] GC(52) Concurrent weak references 0.075ms
[118.520s][info   ][gc          ] GC(52) Concurrent weak roots 0.739ms
[118.521s][info   ][gc          ] GC(52) Concurrent cleanup 1594M->1594M(6144M) 0.098ms
[118.523s][info   ][gc          ] GC(52) Concurrent class unloading 2.131ms
[118.523s][info   ][gc          ] GC(52) Pause Final Roots 0.003ms
[118.523s][info   ][gc,metaspace] Metaspace: 18172K(18432K)->18172K(18432K) NonClass: 12298K(12416K)->12298K(12416K) Class: 5873K(6016K)->5873K(6016K)
[118.533s][info   ][gc          ] Trigger: GC request (System.gc())
[118.535s][info   ][gc          ] GC(53) Concurrent reset 2.389ms
[118.535s][info   ][gc          ] GC(53) Pause Init Mark (unload classes) 0.060ms
[118.536s][info   ][gc          ] GC(53) Concurrent marking roots 0.090ms
[120.423s][info   ][gc          ] GC(53) Concurrent marking (unload classes) 1887.671ms
[120.424s][info   ][gc          ] GC(53) Pause Final Mark (unload classes) 0.237ms
[120.424s][info   ][gc          ] GC(53) Concurrent weak references 0.048ms
[120.425s][info   ][gc          ] GC(53) Concurrent weak roots 0.822ms
[120.425s][info   ][gc          ] GC(53) Concurrent cleanup 1594M->1594M(6144M) 0.099ms
[120.427s][info   ][gc          ] GC(53) Concurrent class unloading 1.865ms
[120.427s][info   ][gc          ] GC(53) Pause Final Roots 0.003ms
[120.427s][info   ][gc,metaspace] Metaspace: 18172K(18432K)->18172K(18432K) NonClass: 12298K(12416K)->12298K(12416K) Class: 5873K(6016K)->5873K(6016K)
[120.437s][info   ][gc          ] Trigger: GC request (System.gc())
[120.439s][info   ][gc          ] GC(54) Concurrent reset 2.224ms
[120.439s][info   ][gc          ] GC(54) Pause Init Mark (unload classes) 0.050ms
[120.439s][info   ][gc          ] GC(54) Concurrent marking roots 0.092ms
[122.340s][info   ][gc          ] GC(54) Concurrent marking (unload classes) 1900.677ms
[122.340s][info   ][gc          ] GC(54) Pause Final Mark (unload classes) 0.232ms
[122.340s][info   ][gc          ] GC(54) Concurrent weak references 0.051ms
[122.341s][info   ][gc          ] GC(54) Concurrent weak roots 0.767ms
[122.341s][info   ][gc          ] GC(54) Concurrent cleanup 1595M->1595M(6144M) 0.116ms
[122.343s][info   ][gc          ] GC(54) Concurrent class unloading 1.929ms
[122.343s][info   ][gc          ] GC(54) Pause Final Roots 0.003ms
[122.343s][info   ][gc,metaspace] Metaspace: 18172K(18432K)->18172K(18432K) NonClass: 12298K(12416K)->12298K(12416K) Class: 5873K(6016K)->5873K(6016K)
[122.344s][info   ][gc          ] Trigger: GC request (System.gc())
[122.347s][info   ][gc          ] GC(55) Concurrent reset 2.243ms
[122.347s][info   ][gc          ] GC(55) Pause Init Mark (unload classes) 0.046ms
[122.347s][info   ][gc          ] GC(55) Concurrent marking roots 0.101ms
[124.428s][info   ][gc          ] GC(55) Concurrent marking (unload classes) 2080.827ms
[124.428s][info   ][gc          ] GC(55) Pause Final Mark (unload classes) 0.252ms
[124.428s][info   ][gc          ] GC(55) Concurrent thread roots 0.062ms
[124.428s][info   ][gc          ] GC(55) Concurrent weak references 0.073ms
[124.429s][info   ][gc          ] GC(55) Concurrent weak roots 0.748ms
[124.429s][info   ][gc          ] GC(55) Concurrent cleanup 1595M->1595M(6144M) 0.099ms
[124.432s][info   ][gc          ] GC(55) Concurrent class unloading 2.311ms
[124.432s][info   ][gc          ] GC(55) Concurrent strong roots 0.083ms
[124.432s][info   ][gc          ] GC(55) Concurrent evacuation 0.059ms
[124.432s][info   ][gc          ] GC(55) Pause Init Update Refs 0.006ms
[124.432s][info   ][gc          ] GC(55) At start of update refs, moving 2048K to Mutator free partition from Collector Reserve
[125.524s][info   ][gc          ] GC(55) Concurrent update references 1092.038ms
[125.524s][info   ][gc          ] GC(55) Concurrent update thread roots 0.295ms
[125.524s][info   ][gc          ] GC(55) Pause Final Update Refs 0.091ms
[125.524s][info   ][gc          ] GC(55) Concurrent cleanup 1595M->1594M(6144M) 0.106ms
[125.525s][info   ][gc,metaspace] Metaspace: 18172K(18432K)->18172K(18432K) NonClass: 12298K(12416K)->12298K(12416K) Class: 5873K(6016K)->5873K(6016K)
[125.526s][info   ][gc          ] Trigger: GC request (System.gc())
[125.528s][info   ][gc          ] GC(56) Concurrent reset 2.059ms
[125.528s][info   ][gc          ] GC(56) Pause Init Mark (unload classes) 0.055ms
[125.528s][info   ][gc          ] GC(56) Concurrent marking roots 0.089ms
[127.584s][info   ][gc          ] GC(56) Concurrent marking (unload classes) 2056.338ms
[127.585s][info   ][gc          ] GC(56) Pause Final Mark (unload classes) 0.244ms
[127.589s][info   ][gc          ] GC(56) Concurrent weak references 0.050ms
[127.590s][info   ][gc          ] GC(56) Concurrent weak roots 0.821ms
[127.590s][info   ][gc          ] GC(56) Concurrent cleanup 1594M->1594M(6144M) 0.098ms
[127.592s][info   ][gc          ] GC(56) Concurrent class unloading 1.800ms
[127.592s][info   ][gc          ] GC(56) Pause Final Roots 0.003ms
[127.592s][info   ][gc,metaspace] Metaspace: 18172K(18432K)->18172K(18432K) NonClass: 12298K(12416K)->12298K(12416K) Class: 5873K(6016K)->5873K(6016K)
[127.594s][info   ][gc          ] Trigger: GC request (System.gc())
[127.596s][info   ][gc          ] GC(57) Concurrent reset 2.441ms
[127.597s][info   ][gc          ] GC(57) Pause Init Mark (unload classes) 0.048ms
[127.597s][info   ][gc          ] GC(57) Concurrent marking roots 0.102ms
[129.302s][info   ][gc          ] GC(57) Concurrent marking (unload classes) 1704.838ms
[129.302s][info   ][gc          ] GC(57) Pause Final Mark (unload classes) 0.239ms
[129.302s][info   ][gc          ] GC(57) Concurrent weak references 0.100ms
[129.303s][info   ][gc          ] GC(57) Concurrent weak roots 0.759ms
[129.303s][info   ][gc          ] GC(57) Concurrent cleanup 1594M->1594M(6144M) 0.099ms
[129.305s][info   ][gc          ] GC(57) Concurrent class unloading 2.012ms
[129.305s][info   ][gc          ] GC(57) Pause Final Roots 0.003ms
[129.305s][info   ][gc,metaspace] Metaspace: 18172K(18432K)->18172K(18432K) NonClass: 12298K(12416K)->12298K(12416K) Class: 5873K(6016K)->5873K(6016K)
[129.309s][info   ][gc          ] Trigger: GC request (System.gc())
[129.311s][info   ][gc          ] GC(58) Concurrent reset 2.134ms
[129.311s][info   ][gc          ] GC(58) Pause Init Mark (unload classes) 0.049ms
[129.312s][info   ][gc          ] GC(58) Concurrent marking roots 0.089ms
[131.179s][info   ][gc          ] GC(58) Concurrent marking (unload classes) 1867.373ms
[131.179s][info   ][gc          ] GC(58) Pause Final Mark (unload classes) 0.232ms
[131.179s][info   ][gc          ] GC(58) Concurrent weak references 0.052ms
[131.180s][info   ][gc          ] GC(58) Concurrent weak roots 0.807ms
[131.180s][info   ][gc          ] GC(58) Concurrent cleanup 1594M->1594M(6144M) 0.100ms
[131.182s][info   ][gc          ] GC(58) Concurrent class unloading 1.868ms
[131.182s][info   ][gc          ] GC(58) Pause Final Roots 0.003ms
[131.182s][info   ][gc,metaspace] Metaspace: 18172K(18432K)->18172K(18432K) NonClass: 12298K(12416K)->12298K(12416K) Class: 5873K(6016K)->5873K(6016K)
[131.190s][info   ][gc          ] Trigger: GC request (System.gc())
[131.193s][info   ][gc          ] GC(59) Concurrent reset 2.245ms
[131.193s][info   ][gc          ] GC(59) Pause Init Mark (unload classes) 0.053ms
[131.193s][info   ][gc          ] GC(59) Concurrent marking roots 0.102ms
[132.944s][info   ][gc          ] GC(59) Concurrent marking (unload classes) 1751.256ms
[132.945s][info   ][gc          ] GC(59) Pause Final Mark (unload classes) 0.237ms
[132.949s][info   ][gc          ] GC(59) Concurrent weak references 0.057ms
[132.950s][info   ][gc          ] GC(59) Concurrent weak roots 0.773ms
[132.950s][info   ][gc          ] GC(59) Concurrent cleanup 1594M->1594M(6144M) 0.115ms
[132.952s][info   ][gc          ] GC(59) Concurrent class unloading 1.854ms
[132.952s][info   ][gc          ] GC(59) Pause Final Roots 0.003ms
[132.952s][info   ][gc,metaspace] Metaspace: 18172K(18432K)->18172K(18432K) NonClass: 12298K(12416K)->12298K(12416K) Class: 5873K(6016K)->5873K(6016K)
[132.962s][info   ][gc          ] Trigger: GC request (System.gc())
[132.964s][info   ][gc          ] GC(60) Concurrent reset 2.393ms
[132.965s][info   ][gc          ] GC(60) Pause Init Mark (unload classes) 0.049ms
[132.965s][info   ][gc          ] GC(60) Concurrent marking roots 0.113ms
[134.595s][info   ][gc          ] GC(60) Concurrent marking (unload classes) 1630.730ms
[134.596s][info   ][gc          ] GC(60) Pause Final Mark (unload classes) 0.245ms
[134.596s][info   ][gc          ] GC(60) Concurrent weak references 0.075ms
[134.597s][info   ][gc          ] GC(60) Concurrent weak roots 0.751ms
[134.597s][info   ][gc          ] GC(60) Concurrent cleanup 1594M->1594M(6144M) 0.099ms
[134.599s][info   ][gc          ] GC(60) Concurrent class unloading 2.096ms
[134.599s][info   ][gc          ] GC(60) Pause Final Roots 0.003ms
[134.599s][info   ][gc,metaspace] Metaspace: 18172K(18432K)->18172K(18432K) NonClass: 12298K(12416K)->12298K(12416K) Class: 5873K(6016K)->5873K(6016K)
After GCs... 
[134.609s][info   ][gc          ] Trigger: Learning 2 of 5. Free (4238M) is below initial threshold (4300M)
[134.612s][info   ][gc          ] GC(61) Concurrent reset 2.503ms
[134.612s][info   ][gc          ] GC(61) Pause Init Mark (unload classes) 0.054ms
[134.612s][info   ][gc          ] GC(61) Concurrent marking roots 0.169ms
[134.613s][info   ][gc          ] Cancelling GC: Stopping VM
[134.614s][info   ][gc          ] GC(61) Concurrent marking (unload classes) 1.783ms
[134.614s][info   ][gc,metaspace] Metaspace: 18363K(18688K)->18503K(18816K) NonClass: 12453K(12672K)->12557K(12736K) Class: 5910K(6016K)->5946K(6080K)
