Done; will start GCs... 
[14.253s][info][gc,metaspace] GC(15) Metaspace: 12592K(13056K)->12592K(13056K) NonClass: 10420K(10624K)->10420K(10624K) Class: 2171K(2432K)->2171K(2432K)
[14.253s][info][gc          ] GC(15) Pause Full (System.gc()) 1658M->1638M(5616M) 569.572ms
[14.867s][info][gc,metaspace] GC(16) Metaspace: 12592K(13056K)->12592K(13056K) NonClass: 10420K(10624K)->10420K(10624K) Class: 2171K(2432K)->2171K(2432K)
[14.868s][info][gc          ] GC(16) Pause Full (System.gc()) 1638M->1638M(5616M) 614.304ms
[15.442s][info][gc,metaspace] GC(17) Metaspace: 12592K(13056K)->12592K(13056K) NonClass: 10420K(10624K)->10420K(10624K) Class: 2171K(2432K)->2171K(2432K)
[15.442s][info][gc          ] GC(17) Pause Full (System.gc()) 1638M->1638M(5616M) 574.049ms
[16.060s][info][gc,metaspace] GC(18) Metaspace: 12592K(13056K)->12592K(13056K) NonClass: 10420K(10624K)->10420K(10624K) Class: 2171K(2432K)->2171K(2432K)
[16.060s][info][gc          ] GC(18) Pause Full (System.gc()) 1638M->1638M(5616M) 572.708ms
[16.749s][info][gc,metaspace] GC(19) Metaspace: 12592K(13056K)->12592K(13056K) NonClass: 10420K(10624K)->10420K(10624K) Class: 2171K(2432K)->2171K(2432K)
[16.749s][info][gc          ] GC(19) Pause Full (System.gc()) 1638M->1638M(5616M) 688.704ms
[17.333s][info][gc,metaspace] GC(20) Metaspace: 12592K(13056K)->12592K(13056K) NonClass: 10420K(10624K)->10420K(10624K) Class: 2171K(2432K)->2171K(2432K)
[17.333s][info][gc          ] GC(20) Pause Full (System.gc()) 1638M->1638M(5616M) 583.901ms
[17.925s][info][gc,metaspace] GC(21) Metaspace: 12592K(13056K)->12592K(13056K) NonClass: 10420K(10624K)->10420K(10624K) Class: 2171K(2432K)->2171K(2432K)
[17.925s][info][gc          ] GC(21) Pause Full (System.gc()) 1638M->1638M(5616M) 592.558ms
[18.553s][info][gc,metaspace] GC(22) Metaspace: 12592K(13056K)->12592K(13056K) NonClass: 10420K(10624K)->10420K(10624K) Class: 2171K(2432K)->2171K(2432K)
[18.553s][info][gc          ] GC(22) Pause Full (System.gc()) 1638M->1638M(5616M) 627.589ms
[19.123s][info][gc,metaspace] GC(23) Metaspace: 12592K(13056K)->12592K(13056K) NonClass: 10420K(10624K)->10420K(10624K) Class: 2171K(2432K)->2171K(2432K)
[19.123s][info][gc          ] GC(23) Pause Full (System.gc()) 1638M->1638M(5616M) 569.477ms
[19.725s][info][gc,metaspace] GC(24) Metaspace: 12592K(13056K)->12592K(13056K) NonClass: 10420K(10624K)->10420K(10624K) Class: 2171K(2432K)->2171K(2432K)
[19.725s][info][gc          ] GC(24) Pause Full (System.gc()) 1638M->1638M(5616M) 602.425ms
[20.296s][info][gc,metaspace] GC(25) Metaspace: 12592K(13056K)->12592K(13056K) NonClass: 10420K(10624K)->10420K(10624K) Class: 2171K(2432K)->2171K(2432K)
[20.296s][info][gc          ] GC(25) Pause Full (System.gc()) 1638M->1638M(5616M) 570.639ms
[20.914s][info][gc,metaspace] GC(26) Metaspace: 12592K(13056K)->12592K(13056K) NonClass: 10420K(10624K)->10420K(10624K) Class: 2171K(2432K)->2171K(2432K)
[20.914s][info][gc          ] GC(26) Pause Full (System.gc()) 1638M->1638M(5616M) 613.363ms
[21.533s][info][gc,metaspace] GC(27) Metaspace: 12592K(13056K)->12592K(13056K) NonClass: 10420K(10624K)->10420K(10624K) Class: 2171K(2432K)->2171K(2432K)
[21.533s][info][gc          ] GC(27) Pause Full (System.gc()) 1638M->1638M(5616M) 619.111ms
[22.104s][info][gc,metaspace] GC(28) Metaspace: 12592K(13056K)->12592K(13056K) NonClass: 10420K(10624K)->10420K(10624K) Class: 2171K(2432K)->2171K(2432K)
[22.104s][info][gc          ] GC(28) Pause Full (System.gc()) 1638M->1638M(5616M) 571.353ms
[22.703s][info][gc,metaspace] GC(29) Metaspace: 12592K(13056K)->12592K(13056K) NonClass: 10420K(10624K)->10420K(10624K) Class: 2171K(2432K)->2171K(2432K)
[22.703s][info][gc          ] GC(29) Pause Full (System.gc()) 1638M->1638M(5616M) 598.466ms
[23.317s][info][gc,metaspace] GC(30) Metaspace: 12592K(13056K)->12592K(13056K) NonClass: 10420K(10624K)->10420K(10624K) Class: 2171K(2432K)->2171K(2432K)
[23.317s][info][gc          ] GC(30) Pause Full (System.gc()) 1638M->1638M(5616M) 613.987ms
[23.915s][info][gc,metaspace] GC(31) Metaspace: 12592K(13056K)->12592K(13056K) NonClass: 10420K(10624K)->10420K(10624K) Class: 2171K(2432K)->2171K(2432K)
[23.915s][info][gc          ] GC(31) Pause Full (System.gc()) 1638M->1638M(5616M) 597.789ms
[24.535s][info][gc,metaspace] GC(32) Metaspace: 12592K(13056K)->12592K(13056K) NonClass: 10420K(10624K)->10420K(10624K) Class: 2171K(2432K)->2171K(2432K)
[24.535s][info][gc          ] GC(32) Pause Full (System.gc()) 1638M->1638M(5616M) 619.863ms
[25.118s][info][gc,metaspace] GC(33) Metaspace: 12592K(13056K)->12592K(13056K) NonClass: 10420K(10624K)->10420K(10624K) Class: 2171K(2432K)->2171K(2432K)
[25.118s][info][gc          ] GC(33) Pause Full (System.gc()) 1638M->1638M(5616M) 583.362ms
[25.717s][info][gc,metaspace] GC(34) Metaspace: 12592K(13056K)->12592K(13056K) NonClass: 10420K(10624K)->10420K(10624K) Class: 2171K(2432K)->2171K(2432K)
[25.717s][info][gc          ] GC(34) Pause Full (System.gc()) 1638M->1638M(5616M) 598.487ms
[26.295s][info][gc,metaspace] GC(35) Metaspace: 12592K(13056K)->12592K(13056K) NonClass: 10420K(10624K)->10420K(10624K) Class: 2171K(2432K)->2171K(2432K)
[26.295s][info][gc          ] GC(35) Pause Full (System.gc()) 1638M->1638M(5616M) 573.787ms
[26.906s][info][gc,metaspace] GC(36) Metaspace: 12592K(13056K)->12592K(13056K) NonClass: 10420K(10624K)->10420K(10624K) Class: 2171K(2432K)->2171K(2432K)
[26.906s][info][gc          ] GC(36) Pause Full (System.gc()) 1638M->1638M(5616M) 610.730ms
[27.556s][info][gc,metaspace] GC(37) Metaspace: 12592K(13056K)->12592K(13056K) NonClass: 10420K(10624K)->10420K(10624K) Class: 2171K(2432K)->2171K(2432K)
[27.557s][info][gc          ] GC(37) Pause Full (System.gc()) 1638M->1638M(5616M) 650.846ms
[28.135s][info][gc,metaspace] GC(38) Metaspace: 12592K(13056K)->12592K(13056K) NonClass: 10420K(10624K)->10420K(10624K) Class: 2171K(2432K)->2171K(2432K)
[28.135s][info][gc          ] GC(38) Pause Full (System.gc()) 1638M->1638M(5616M) 578.152ms
[28.721s][info][gc,metaspace] GC(39) Metaspace: 12592K(13056K)->12592K(13056K) NonClass: 10420K(10624K)->10420K(10624K) Class: 2171K(2432K)->2171K(2432K)
[28.721s][info][gc          ] GC(39) Pause Full (System.gc()) 1638M->1638M(5616M) 586.362ms
[29.291s][info][gc,metaspace] GC(40) Metaspace: 12592K(13056K)->12592K(13056K) NonClass: 10420K(10624K)->10420K(10624K) Class: 2171K(2432K)->2171K(2432K)
[29.291s][info][gc          ] GC(40) Pause Full (System.gc()) 1638M->1638M(5616M) 569.522ms
[29.914s][info][gc,metaspace] GC(41) Metaspace: 12592K(13056K)->12592K(13056K) NonClass: 10420K(10624K)->10420K(10624K) Class: 2171K(2432K)->2171K(2432K)
[29.914s][info][gc          ] GC(41) Pause Full (System.gc()) 1638M->1638M(5616M) 623.054ms
[30.549s][info][gc,metaspace] GC(42) Metaspace: 12592K(13056K)->12592K(13056K) NonClass: 10420K(10624K)->10420K(10624K) Class: 2171K(2432K)->2171K(2432K)
[30.549s][info][gc          ] GC(42) Pause Full (System.gc()) 1638M->1638M(5616M) 634.665ms
[31.120s][info][gc,metaspace] GC(43) Metaspace: 12592K(13056K)->12592K(13056K) NonClass: 10420K(10624K)->10420K(10624K) Class: 2171K(2432K)->2171K(2432K)
[31.121s][info][gc          ] GC(43) Pause Full (System.gc()) 1638M->1638M(5616M) 571.765ms
[31.738s][info][gc,metaspace] GC(44) Metaspace: 12592K(13056K)->12592K(13056K) NonClass: 10420K(10624K)->10420K(10624K) Class: 2171K(2432K)->2171K(2432K)
[31.738s][info][gc          ] GC(44) Pause Full (System.gc()) 1638M->1638M(5616M) 613.284ms
[32.306s][info][gc,metaspace] GC(45) Metaspace: 12592K(13056K)->12592K(13056K) NonClass: 10420K(10624K)->10420K(10624K) Class: 2171K(2432K)->2171K(2432K)
[32.306s][info][gc          ] GC(45) Pause Full (System.gc()) 1638M->1638M(5616M) 568.028ms
[32.932s][info][gc,metaspace] GC(46) Metaspace: 12592K(13056K)->12592K(13056K) NonClass: 10420K(10624K)->10420K(10624K) Class: 2171K(2432K)->2171K(2432K)
[32.932s][info][gc          ] GC(46) Pause Full (System.gc()) 1638M->1638M(5616M) 625.230ms
[33.553s][info][gc,metaspace] GC(47) Metaspace: 12592K(13056K)->12592K(13056K) NonClass: 10420K(10624K)->10420K(10624K) Class: 2171K(2432K)->2171K(2432K)
[33.553s][info][gc          ] GC(47) Pause Full (System.gc()) 1638M->1638M(5616M) 621.320ms
[34.134s][info][gc,metaspace] GC(48) Metaspace: 12592K(13056K)->12592K(13056K) NonClass: 10420K(10624K)->10420K(10624K) Class: 2171K(2432K)->2171K(2432K)
[34.134s][info][gc          ] GC(48) Pause Full (System.gc()) 1638M->1638M(5616M) 580.715ms
[34.811s][info][gc,metaspace] GC(49) Metaspace: 12592K(13056K)->12592K(13056K) NonClass: 10420K(10624K)->10420K(10624K) Class: 2171K(2432K)->2171K(2432K)
[34.811s][info][gc          ] GC(49) Pause Full (System.gc()) 1638M->1638M(5616M) 677.166ms
[35.392s][info][gc,metaspace] GC(50) Metaspace: 12592K(13056K)->12592K(13056K) NonClass: 10420K(10624K)->10420K(10624K) Class: 2171K(2432K)->2171K(2432K)
[35.392s][info][gc          ] GC(50) Pause Full (System.gc()) 1638M->1638M(5616M) 581.152ms
[35.985s][info][gc,metaspace] GC(51) Metaspace: 12592K(13056K)->12592K(13056K) NonClass: 10420K(10624K)->10420K(10624K) Class: 2171K(2432K)->2171K(2432K)
[35.985s][info][gc          ] GC(51) Pause Full (System.gc()) 1638M->1638M(5616M) 592.663ms
[36.643s][info][gc,metaspace] GC(52) Metaspace: 12592K(13056K)->12592K(13056K) NonClass: 10420K(10624K)->10420K(10624K) Class: 2171K(2432K)->2171K(2432K)
[36.643s][info][gc          ] GC(52) Pause Full (System.gc()) 1638M->1638M(5616M) 658.216ms
[37.241s][info][gc,metaspace] GC(53) Metaspace: 12592K(13056K)->12592K(13056K) NonClass: 10420K(10624K)->10420K(10624K) Class: 2171K(2432K)->2171K(2432K)
[37.241s][info][gc          ] GC(53) Pause Full (System.gc()) 1638M->1638M(5616M) 593.758ms
[37.839s][info][gc,metaspace] GC(54) Metaspace: 12592K(13056K)->12592K(13056K) NonClass: 10420K(10624K)->10420K(10624K) Class: 2171K(2432K)->2171K(2432K)
[37.839s][info][gc          ] GC(54) Pause Full (System.gc()) 1638M->1638M(5616M) 597.282ms
After GCs... 
