Done; will start GCs... 
[21.759s][info][gc,metaspace] GC(12) Metaspace: 11496K(11776K)->11496K(11776K) NonClass: 10354K(10496K)->10354K(10496K) Class: 1141K(1280K)->1141K(1280K)
[21.759s][info][gc          ] GC(12) Pause Full (System.gc()) 1827M->1794M(5939M) 3927.508ms
[24.818s][info][gc,metaspace] GC(13) Metaspace: 11496K(11776K)->11496K(11776K) NonClass: 10354K(10496K)->10354K(10496K) Class: 1141K(1280K)->1141K(1280K)
[24.818s][info][gc          ] GC(13) Pause Full (System.gc()) 1794M->1794M(5939M) 3058.992ms
[27.878s][info][gc,metaspace] GC(14) Metaspace: 11496K(11776K)->11496K(11776K) NonClass: 10354K(10496K)->10354K(10496K) Class: 1141K(1280K)->1141K(1280K)
[27.878s][info][gc          ] GC(14) Pause Full (System.gc()) 1794M->1794M(5939M) 3060.374ms
[30.942s][info][gc,metaspace] GC(15) Metaspace: 11496K(11776K)->11496K(11776K) NonClass: 10354K(10496K)->10354K(10496K) Class: 1141K(1280K)->1141K(1280K)
[30.942s][info][gc          ] GC(15) Pause Full (System.gc()) 1794M->1794M(5939M) 3063.219ms
[34.001s][info][gc,metaspace] GC(16) Metaspace: 11496K(11776K)->11496K(11776K) NonClass: 10354K(10496K)->10354K(10496K) Class: 1141K(1280K)->1141K(1280K)
[34.002s][info][gc          ] GC(16) Pause Full (System.gc()) 1794M->1794M(5939M) 3059.610ms
[37.063s][info][gc,metaspace] GC(17) Metaspace: 11496K(11776K)->11496K(11776K) NonClass: 10354K(10496K)->10354K(10496K) Class: 1141K(1280K)->1141K(1280K)
[37.063s][info][gc          ] GC(17) Pause Full (System.gc()) 1794M->1794M(5939M) 3060.940ms
[40.126s][info][gc,metaspace] GC(18) Metaspace: 11496K(11776K)->11496K(11776K) NonClass: 10354K(10496K)->10354K(10496K) Class: 1141K(1280K)->1141K(1280K)
[40.126s][info][gc          ] GC(18) Pause Full (System.gc()) 1794M->1794M(5939M) 3062.793ms
[43.184s][info][gc,metaspace] GC(19) Metaspace: 11496K(11776K)->11496K(11776K) NonClass: 10354K(10496K)->10354K(10496K) Class: 1141K(1280K)->1141K(1280K)
[43.184s][info][gc          ] GC(19) Pause Full (System.gc()) 1794M->1794M(5939M) 3057.990ms
[46.294s][info][gc,metaspace] GC(20) Metaspace: 11496K(11776K)->11496K(11776K) NonClass: 10354K(10496K)->10354K(10496K) Class: 1141K(1280K)->1141K(1280K)
[46.294s][info][gc          ] GC(20) Pause Full (System.gc()) 1794M->1794M(5939M) 3110.608ms
[49.356s][info][gc,metaspace] GC(21) Metaspace: 11496K(11776K)->11496K(11776K) NonClass: 10354K(10496K)->10354K(10496K) Class: 1141K(1280K)->1141K(1280K)
[49.356s][info][gc          ] GC(21) Pause Full (System.gc()) 1794M->1794M(5939M) 3061.268ms
[52.416s][info][gc,metaspace] GC(22) Metaspace: 11496K(11776K)->11496K(11776K) NonClass: 10354K(10496K)->10354K(10496K) Class: 1141K(1280K)->1141K(1280K)
[52.416s][info][gc          ] GC(22) Pause Full (System.gc()) 1794M->1794M(5939M) 3059.750ms
[55.476s][info][gc,metaspace] GC(23) Metaspace: 11496K(11776K)->11496K(11776K) NonClass: 10354K(10496K)->10354K(10496K) Class: 1141K(1280K)->1141K(1280K)
[55.476s][info][gc          ] GC(23) Pause Full (System.gc()) 1794M->1794M(5939M) 3060.450ms
[58.541s][info][gc,metaspace] GC(24) Metaspace: 11496K(11776K)->11496K(11776K) NonClass: 10354K(10496K)->10354K(10496K) Class: 1141K(1280K)->1141K(1280K)
[58.541s][info][gc          ] GC(24) Pause Full (System.gc()) 1794M->1794M(5939M) 3064.093ms
[61.597s][info][gc,metaspace] GC(25) Metaspace: 11496K(11776K)->11496K(11776K) NonClass: 10354K(10496K)->10354K(10496K) Class: 1141K(1280K)->1141K(1280K)
[61.597s][info][gc          ] GC(25) Pause Full (System.gc()) 1794M->1794M(5939M) 3056.640ms
[64.657s][info][gc,metaspace] GC(26) Metaspace: 11496K(11776K)->11496K(11776K) NonClass: 10354K(10496K)->10354K(10496K) Class: 1141K(1280K)->1141K(1280K)
[64.657s][info][gc          ] GC(26) Pause Full (System.gc()) 1811M->1794M(5939M) 3059.138ms
[67.719s][info][gc,metaspace] GC(27) Metaspace: 11496K(11776K)->11496K(11776K) NonClass: 10354K(10496K)->10354K(10496K) Class: 1141K(1280K)->1141K(1280K)
[67.719s][info][gc          ] GC(27) Pause Full (System.gc()) 1794M->1794M(5939M) 3062.308ms
[71.645s][info][gc,metaspace] GC(28) Metaspace: 11496K(11776K)->11496K(11776K) NonClass: 10354K(10496K)->10354K(10496K) Class: 1141K(1280K)->1141K(1280K)
[71.645s][info][gc          ] GC(28) Pause Full (System.gc()) 1794M->1794M(5939M) 3925.283ms
[74.706s][info][gc,metaspace] GC(29) Metaspace: 11496K(11776K)->11496K(11776K) NonClass: 10354K(10496K)->10354K(10496K) Class: 1141K(1280K)->1141K(1280K)
[74.706s][info][gc          ] GC(29) Pause Full (System.gc()) 1794M->1794M(5939M) 3061.438ms
[77.768s][info][gc,metaspace] GC(30) Metaspace: 11496K(11776K)->11496K(11776K) NonClass: 10354K(10496K)->10354K(10496K) Class: 1141K(1280K)->1141K(1280K)
[77.768s][info][gc          ] GC(30) Pause Full (System.gc()) 1794M->1794M(5939M) 3062.043ms
[80.828s][info][gc,metaspace] GC(31) Metaspace: 11496K(11776K)->11496K(11776K) NonClass: 10354K(10496K)->10354K(10496K) Class: 1141K(1280K)->1141K(1280K)
[80.828s][info][gc          ] GC(31) Pause Full (System.gc()) 1794M->1794M(5939M) 3059.305ms
[83.885s][info][gc,metaspace] GC(32) Metaspace: 11496K(11776K)->11496K(11776K) NonClass: 10354K(10496K)->10354K(10496K) Class: 1141K(1280K)->1141K(1280K)
[83.885s][info][gc          ] GC(32) Pause Full (System.gc()) 1794M->1794M(5939M) 3057.475ms
[86.949s][info][gc,metaspace] GC(33) Metaspace: 11496K(11776K)->11496K(11776K) NonClass: 10354K(10496K)->10354K(10496K) Class: 1141K(1280K)->1141K(1280K)
[86.949s][info][gc          ] GC(33) Pause Full (System.gc()) 1794M->1794M(5939M) 3063.024ms
[90.008s][info][gc,metaspace] GC(34) Metaspace: 11496K(11776K)->11496K(11776K) NonClass: 10354K(10496K)->10354K(10496K) Class: 1141K(1280K)->1141K(1280K)
[90.008s][info][gc          ] GC(34) Pause Full (System.gc()) 1794M->1794M(5939M) 3059.721ms
[93.070s][info][gc,metaspace] GC(35) Metaspace: 11496K(11776K)->11496K(11776K) NonClass: 10354K(10496K)->10354K(10496K) Class: 1141K(1280K)->1141K(1280K)
[93.070s][info][gc          ] GC(35) Pause Full (System.gc()) 1794M->1794M(5939M) 3061.248ms
[96.135s][info][gc,metaspace] GC(36) Metaspace: 11496K(11776K)->11496K(11776K) NonClass: 10354K(10496K)->10354K(10496K) Class: 1141K(1280K)->1141K(1280K)
[96.135s][info][gc          ] GC(36) Pause Full (System.gc()) 1794M->1794M(5939M) 3065.218ms
[99.195s][info][gc,metaspace] GC(37) Metaspace: 11496K(11776K)->11496K(11776K) NonClass: 10354K(10496K)->10354K(10496K) Class: 1141K(1280K)->1141K(1280K)
[99.195s][info][gc          ] GC(37) Pause Full (System.gc()) 1794M->1794M(5939M) 3059.512ms
[102.309s][info][gc,metaspace] GC(38) Metaspace: 11496K(11776K)->11496K(11776K) NonClass: 10354K(10496K)->10354K(10496K) Class: 1141K(1280K)->1141K(1280K)
[102.309s][info][gc          ] GC(38) Pause Full (System.gc()) 1794M->1794M(5939M) 3113.982ms
[105.369s][info][gc,metaspace] GC(39) Metaspace: 11496K(11776K)->11496K(11776K) NonClass: 10354K(10496K)->10354K(10496K) Class: 1141K(1280K)->1141K(1280K)
[105.369s][info][gc          ] GC(39) Pause Full (System.gc()) 1794M->1794M(5939M) 3059.512ms
[108.428s][info][gc,metaspace] GC(40) Metaspace: 11496K(11776K)->11496K(11776K) NonClass: 10354K(10496K)->10354K(10496K) Class: 1141K(1280K)->1141K(1280K)
[108.428s][info][gc          ] GC(40) Pause Full (System.gc()) 1794M->1794M(5939M) 3059.419ms
[111.493s][info][gc,metaspace] GC(41) Metaspace: 11496K(11776K)->11496K(11776K) NonClass: 10354K(10496K)->10354K(10496K) Class: 1141K(1280K)->1141K(1280K)
[111.493s][info][gc          ] GC(41) Pause Full (System.gc()) 1794M->1794M(5939M) 3065.152ms
[114.551s][info][gc,metaspace] GC(42) Metaspace: 11496K(11776K)->11496K(11776K) NonClass: 10354K(10496K)->10354K(10496K) Class: 1141K(1280K)->1141K(1280K)
[114.551s][info][gc          ] GC(42) Pause Full (System.gc()) 1794M->1794M(5939M) 3057.512ms
[117.611s][info][gc,metaspace] GC(43) Metaspace: 11496K(11776K)->11496K(11776K) NonClass: 10354K(10496K)->10354K(10496K) Class: 1141K(1280K)->1141K(1280K)
[117.611s][info][gc          ] GC(43) Pause Full (System.gc()) 1794M->1794M(5939M) 3060.213ms
[120.672s][info][gc,metaspace] GC(44) Metaspace: 11496K(11776K)->11496K(11776K) NonClass: 10354K(10496K)->10354K(10496K) Class: 1141K(1280K)->1141K(1280K)
[120.672s][info][gc          ] GC(44) Pause Full (System.gc()) 1794M->1794M(5939M) 3059.920ms
[123.735s][info][gc,metaspace] GC(45) Metaspace: 11496K(11776K)->11496K(11776K) NonClass: 10354K(10496K)->10354K(10496K) Class: 1141K(1280K)->1141K(1280K)
[123.736s][info][gc          ] GC(45) Pause Full (System.gc()) 1794M->1794M(5939M) 3063.836ms
[126.794s][info][gc,metaspace] GC(46) Metaspace: 11496K(11776K)->11496K(11776K) NonClass: 10354K(10496K)->10354K(10496K) Class: 1141K(1280K)->1141K(1280K)
[126.795s][info][gc          ] GC(46) Pause Full (System.gc()) 1811M->1794M(5939M) 3058.739ms
[129.853s][info][gc,metaspace] GC(47) Metaspace: 11496K(11776K)->11496K(11776K) NonClass: 10354K(10496K)->10354K(10496K) Class: 1141K(1280K)->1141K(1280K)
[129.853s][info][gc          ] GC(47) Pause Full (System.gc()) 1794M->1794M(5939M) 3058.143ms
[132.912s][info][gc,metaspace] GC(48) Metaspace: 11496K(11776K)->11496K(11776K) NonClass: 10354K(10496K)->10354K(10496K) Class: 1141K(1280K)->1141K(1280K)
[132.912s][info][gc          ] GC(48) Pause Full (System.gc()) 1794M->1794M(5939M) 3059.360ms
[135.974s][info][gc,metaspace] GC(49) Metaspace: 11496K(11776K)->11496K(11776K) NonClass: 10354K(10496K)->10354K(10496K) Class: 1141K(1280K)->1141K(1280K)
[135.974s][info][gc          ] GC(49) Pause Full (System.gc()) 1794M->1794M(5939M) 3061.870ms
[139.034s][info][gc,metaspace] GC(50) Metaspace: 11496K(11776K)->11496K(11776K) NonClass: 10354K(10496K)->10354K(10496K) Class: 1141K(1280K)->1141K(1280K)
[139.034s][info][gc          ] GC(50) Pause Full (System.gc()) 1794M->1794M(5939M) 3059.409ms
[142.094s][info][gc,metaspace] GC(51) Metaspace: 11496K(11776K)->11496K(11776K) NonClass: 10354K(10496K)->10354K(10496K) Class: 1141K(1280K)->1141K(1280K)
[142.094s][info][gc          ] GC(51) Pause Full (System.gc()) 1794M->1794M(5939M) 3060.444ms
[145.159s][info][gc,metaspace] GC(52) Metaspace: 11496K(11776K)->11496K(11776K) NonClass: 10354K(10496K)->10354K(10496K) Class: 1141K(1280K)->1141K(1280K)
[145.159s][info][gc          ] GC(52) Pause Full (System.gc()) 1794M->1794M(5939M) 3064.011ms
[148.268s][info][gc,metaspace] GC(53) Metaspace: 11496K(11776K)->11496K(11776K) NonClass: 10354K(10496K)->10354K(10496K) Class: 1141K(1280K)->1141K(1280K)
[148.268s][info][gc          ] GC(53) Pause Full (System.gc()) 1794M->1794M(5939M) 3109.693ms
[151.572s][info][gc,metaspace] GC(54) Metaspace: 11496K(11776K)->11496K(11776K) NonClass: 10354K(10496K)->10354K(10496K) Class: 1141K(1280K)->1141K(1280K)
[151.572s][info][gc          ] GC(54) Pause Full (System.gc()) 1794M->1794M(5939M) 3303.233ms
[154.633s][info][gc,metaspace] GC(55) Metaspace: 11496K(11776K)->11496K(11776K) NonClass: 10354K(10496K)->10354K(10496K) Class: 1141K(1280K)->1141K(1280K)
[154.633s][info][gc          ] GC(55) Pause Full (System.gc()) 1794M->1794M(5939M) 3061.120ms
[157.691s][info][gc,metaspace] GC(56) Metaspace: 11496K(11776K)->11496K(11776K) NonClass: 10354K(10496K)->10354K(10496K) Class: 1141K(1280K)->1141K(1280K)
[157.691s][info][gc          ] GC(56) Pause Full (System.gc()) 1794M->1794M(5939M) 3058.133ms
[160.754s][info][gc,metaspace] GC(57) Metaspace: 11496K(11776K)->11496K(11776K) NonClass: 10354K(10496K)->10354K(10496K) Class: 1141K(1280K)->1141K(1280K)
[160.754s][info][gc          ] GC(57) Pause Full (System.gc()) 1794M->1794M(5939M) 3062.952ms
[163.814s][info][gc,metaspace] GC(58) Metaspace: 11496K(11776K)->11496K(11776K) NonClass: 10354K(10496K)->10354K(10496K) Class: 1141K(1280K)->1141K(1280K)
[163.814s][info][gc          ] GC(58) Pause Full (System.gc()) 1794M->1794M(5939M) 3059.270ms
[166.873s][info][gc,metaspace] GC(59) Metaspace: 11496K(11776K)->11496K(11776K) NonClass: 10354K(10496K)->10354K(10496K) Class: 1141K(1280K)->1141K(1280K)
[166.873s][info][gc          ] GC(59) Pause Full (System.gc()) 1794M->1794M(5939M) 3058.990ms
[169.933s][info][gc,metaspace] GC(60) Metaspace: 11496K(11776K)->11496K(11776K) NonClass: 10354K(10496K)->10354K(10496K) Class: 1141K(1280K)->1141K(1280K)
[169.933s][info][gc          ] GC(60) Pause Full (System.gc()) 1794M->1794M(5939M) 3059.798ms
[172.998s][info][gc,metaspace] GC(61) Metaspace: 11496K(11776K)->11496K(11776K) NonClass: 10354K(10496K)->10354K(10496K) Class: 1141K(1280K)->1141K(1280K)
[172.998s][info][gc          ] GC(61) Pause Full (System.gc()) 1794M->1794M(5939M) 3064.874ms
After GCs... 
