Done; will start GCs... 
[23.421s][info][gc,metaspace] GC(12) Metaspace: 11499K(11904K)->11499K(11904K) NonClass: 9621K(9856K)->9621K(9856K) Class: 1877K(2048K)->1877K(2048K)
[23.421s][info][gc          ] GC(12) Pause Full (System.gc()) 1604M->1571M(5939M) 4289.951ms
[26.608s][info][gc,metaspace] GC(13) Metaspace: 11499K(11904K)->11499K(11904K) NonClass: 9621K(9856K)->9621K(9856K) Class: 1877K(2048K)->1877K(2048K)
[26.608s][info][gc          ] GC(13) Pause Full (System.gc()) 1571M->1571M(5939M) 3186.323ms
[29.786s][info][gc,metaspace] GC(14) Metaspace: 11499K(11904K)->11499K(11904K) NonClass: 9621K(9856K)->9621K(9856K) Class: 1877K(2048K)->1877K(2048K)
[29.786s][info][gc          ] GC(14) Pause Full (System.gc()) 1571M->1571M(5939M) 3177.972ms
[32.970s][info][gc,metaspace] GC(15) Metaspace: 11499K(11904K)->11499K(11904K) NonClass: 9621K(9856K)->9621K(9856K) Class: 1877K(2048K)->1877K(2048K)
[32.970s][info][gc          ] GC(15) Pause Full (System.gc()) 1571M->1571M(5939M) 3184.378ms
[36.150s][info][gc,metaspace] GC(16) Metaspace: 11499K(11904K)->11499K(11904K) NonClass: 9621K(9856K)->9621K(9856K) Class: 1877K(2048K)->1877K(2048K)
[36.150s][info][gc          ] GC(16) Pause Full (System.gc()) 1571M->1571M(5939M) 3179.483ms
[39.391s][info][gc,metaspace] GC(17) Metaspace: 11499K(11904K)->11499K(11904K) NonClass: 9621K(9856K)->9621K(9856K) Class: 1877K(2048K)->1877K(2048K)
[39.391s][info][gc          ] GC(17) Pause Full (System.gc()) 1571M->1571M(5939M) 3240.795ms
[42.571s][info][gc,metaspace] GC(18) Metaspace: 11499K(11904K)->11499K(11904K) NonClass: 9621K(9856K)->9621K(9856K) Class: 1877K(2048K)->1877K(2048K)
[42.571s][info][gc          ] GC(18) Pause Full (System.gc()) 1571M->1571M(5939M) 3179.952ms
[45.748s][info][gc,metaspace] GC(19) Metaspace: 11499K(11904K)->11499K(11904K) NonClass: 9621K(9856K)->9621K(9856K) Class: 1877K(2048K)->1877K(2048K)
[45.748s][info][gc          ] GC(19) Pause Full (System.gc()) 1571M->1571M(5939M) 3177.104ms
[48.928s][info][gc,metaspace] GC(20) Metaspace: 11499K(11904K)->11499K(11904K) NonClass: 9621K(9856K)->9621K(9856K) Class: 1877K(2048K)->1877K(2048K)
[48.928s][info][gc          ] GC(20) Pause Full (System.gc()) 1571M->1571M(5939M) 3180.119ms
[52.105s][info][gc,metaspace] GC(21) Metaspace: 11499K(11904K)->11499K(11904K) NonClass: 9621K(9856K)->9621K(9856K) Class: 1877K(2048K)->1877K(2048K)
[52.105s][info][gc          ] GC(21) Pause Full (System.gc()) 1571M->1571M(5939M) 3176.130ms
[55.329s][info][gc,metaspace] GC(22) Metaspace: 11499K(11904K)->11499K(11904K) NonClass: 9621K(9856K)->9621K(9856K) Class: 1877K(2048K)->1877K(2048K)
[55.329s][info][gc          ] GC(22) Pause Full (System.gc()) 1571M->1571M(5939M) 3224.544ms
[58.501s][info][gc,metaspace] GC(23) Metaspace: 11499K(11904K)->11499K(11904K) NonClass: 9621K(9856K)->9621K(9856K) Class: 1877K(2048K)->1877K(2048K)
[58.501s][info][gc          ] GC(23) Pause Full (System.gc()) 1571M->1571M(5939M) 3170.987ms
[61.674s][info][gc,metaspace] GC(24) Metaspace: 11499K(11904K)->11499K(11904K) NonClass: 9621K(9856K)->9621K(9856K) Class: 1877K(2048K)->1877K(2048K)
[61.674s][info][gc          ] GC(24) Pause Full (System.gc()) 1571M->1571M(5939M) 3173.310ms
[64.854s][info][gc,metaspace] GC(25) Metaspace: 11499K(11904K)->11499K(11904K) NonClass: 9621K(9856K)->9621K(9856K) Class: 1877K(2048K)->1877K(2048K)
[64.854s][info][gc          ] GC(25) Pause Full (System.gc()) 1588M->1571M(5939M) 3179.581ms
[68.035s][info][gc,metaspace] GC(26) Metaspace: 11499K(11904K)->11499K(11904K) NonClass: 9621K(9856K)->9621K(9856K) Class: 1877K(2048K)->1877K(2048K)
[68.036s][info][gc          ] GC(26) Pause Full (System.gc()) 1571M->1571M(5939M) 3181.567ms
[71.265s][info][gc,metaspace] GC(27) Metaspace: 11499K(11904K)->11499K(11904K) NonClass: 9621K(9856K)->9621K(9856K) Class: 1877K(2048K)->1877K(2048K)
[71.265s][info][gc          ] GC(27) Pause Full (System.gc()) 1571M->1571M(5939M) 3229.581ms
[75.716s][info][gc,metaspace] GC(28) Metaspace: 11499K(11904K)->11499K(11904K) NonClass: 9621K(9856K)->9621K(9856K) Class: 1877K(2048K)->1877K(2048K)
[75.716s][info][gc          ] GC(28) Pause Full (System.gc()) 1571M->1571M(5939M) 4450.853ms
[78.890s][info][gc,metaspace] GC(29) Metaspace: 11499K(11904K)->11499K(11904K) NonClass: 9621K(9856K)->9621K(9856K) Class: 1877K(2048K)->1877K(2048K)
[78.890s][info][gc          ] GC(29) Pause Full (System.gc()) 1571M->1571M(5939M) 3173.312ms
[82.074s][info][gc,metaspace] GC(30) Metaspace: 11499K(11904K)->11499K(11904K) NonClass: 9621K(9856K)->9621K(9856K) Class: 1877K(2048K)->1877K(2048K)
[82.075s][info][gc          ] GC(30) Pause Full (System.gc()) 1571M->1571M(5939M) 3184.616ms
[85.296s][info][gc,metaspace] GC(31) Metaspace: 11499K(11904K)->11499K(11904K) NonClass: 9621K(9856K)->9621K(9856K) Class: 1877K(2048K)->1877K(2048K)
[85.296s][info][gc          ] GC(31) Pause Full (System.gc()) 1571M->1571M(5939M) 3221.461ms
[88.696s][info][gc,metaspace] GC(32) Metaspace: 11499K(11904K)->11499K(11904K) NonClass: 9621K(9856K)->9621K(9856K) Class: 1877K(2048K)->1877K(2048K)
[88.696s][info][gc          ] GC(32) Pause Full (System.gc()) 1571M->1571M(5939M) 3399.862ms
[91.880s][info][gc,metaspace] GC(33) Metaspace: 11499K(11904K)->11499K(11904K) NonClass: 9621K(9856K)->9621K(9856K) Class: 1877K(2048K)->1877K(2048K)
[91.880s][info][gc          ] GC(33) Pause Full (System.gc()) 1571M->1571M(5939M) 3183.233ms
[95.062s][info][gc,metaspace] GC(34) Metaspace: 11499K(11904K)->11499K(11904K) NonClass: 9621K(9856K)->9621K(9856K) Class: 1877K(2048K)->1877K(2048K)
[95.062s][info][gc          ] GC(34) Pause Full (System.gc()) 1571M->1571M(5939M) 3182.650ms
[98.294s][info][gc,metaspace] GC(35) Metaspace: 11499K(11904K)->11499K(11904K) NonClass: 9621K(9856K)->9621K(9856K) Class: 1877K(2048K)->1877K(2048K)
[98.295s][info][gc          ] GC(35) Pause Full (System.gc()) 1571M->1571M(5939M) 3231.955ms
[101.701s][info][gc,metaspace] GC(36) Metaspace: 11499K(11904K)->11499K(11904K) NonClass: 9621K(9856K)->9621K(9856K) Class: 1877K(2048K)->1877K(2048K)
[101.701s][info][gc          ] GC(36) Pause Full (System.gc()) 1571M->1571M(5939M) 3406.754ms
[104.884s][info][gc,metaspace] GC(37) Metaspace: 11499K(11904K)->11499K(11904K) NonClass: 9621K(9856K)->9621K(9856K) Class: 1877K(2048K)->1877K(2048K)
[104.884s][info][gc          ] GC(37) Pause Full (System.gc()) 1571M->1571M(5939M) 3182.877ms
[108.065s][info][gc,metaspace] GC(38) Metaspace: 11499K(11904K)->11499K(11904K) NonClass: 9621K(9856K)->9621K(9856K) Class: 1877K(2048K)->1877K(2048K)
[108.065s][info][gc          ] GC(38) Pause Full (System.gc()) 1571M->1571M(5939M) 3180.320ms
[111.296s][info][gc,metaspace] GC(39) Metaspace: 11499K(11904K)->11499K(11904K) NonClass: 9621K(9856K)->9621K(9856K) Class: 1877K(2048K)->1877K(2048K)
[111.296s][info][gc          ] GC(39) Pause Full (System.gc()) 1571M->1571M(5939M) 3231.038ms
[114.700s][info][gc,metaspace] GC(40) Metaspace: 11499K(11904K)->11499K(11904K) NonClass: 9621K(9856K)->9621K(9856K) Class: 1877K(2048K)->1877K(2048K)
[114.700s][info][gc          ] GC(40) Pause Full (System.gc()) 1571M->1571M(5939M) 3403.609ms
[117.877s][info][gc,metaspace] GC(41) Metaspace: 11499K(11904K)->11499K(11904K) NonClass: 9621K(9856K)->9621K(9856K) Class: 1877K(2048K)->1877K(2048K)
[117.877s][info][gc          ] GC(41) Pause Full (System.gc()) 1571M->1571M(5939M) 3177.124ms
[121.053s][info][gc,metaspace] GC(42) Metaspace: 11499K(11904K)->11499K(11904K) NonClass: 9621K(9856K)->9621K(9856K) Class: 1877K(2048K)->1877K(2048K)
[121.053s][info][gc          ] GC(42) Pause Full (System.gc()) 1571M->1571M(5939M) 3176.025ms
[124.279s][info][gc,metaspace] GC(43) Metaspace: 11499K(11904K)->11499K(11904K) NonClass: 9621K(9856K)->9621K(9856K) Class: 1877K(2048K)->1877K(2048K)
[124.279s][info][gc          ] GC(43) Pause Full (System.gc()) 1571M->1571M(5939M) 3225.573ms
[127.453s][info][gc,metaspace] GC(44) Metaspace: 11499K(11904K)->11499K(11904K) NonClass: 9621K(9856K)->9621K(9856K) Class: 1877K(2048K)->1877K(2048K)
[127.453s][info][gc          ] GC(44) Pause Full (System.gc()) 1588M->1571M(5939M) 3173.722ms
[130.629s][info][gc,metaspace] GC(45) Metaspace: 11499K(11904K)->11499K(11904K) NonClass: 9621K(9856K)->9621K(9856K) Class: 1877K(2048K)->1877K(2048K)
[130.630s][info][gc          ] GC(45) Pause Full (System.gc()) 1571M->1571M(5939M) 3176.246ms
[133.802s][info][gc,metaspace] GC(46) Metaspace: 11499K(11904K)->11499K(11904K) NonClass: 9621K(9856K)->9621K(9856K) Class: 1877K(2048K)->1877K(2048K)
[133.802s][info][gc          ] GC(46) Pause Full (System.gc()) 1571M->1571M(5939M) 3172.056ms
[136.974s][info][gc,metaspace] GC(47) Metaspace: 11499K(11904K)->11499K(11904K) NonClass: 9621K(9856K)->9621K(9856K) Class: 1877K(2048K)->1877K(2048K)
[136.974s][info][gc          ] GC(47) Pause Full (System.gc()) 1571M->1571M(5939M) 3172.427ms
[140.158s][info][gc,metaspace] GC(48) Metaspace: 11499K(11904K)->11499K(11904K) NonClass: 9621K(9856K)->9621K(9856K) Class: 1877K(2048K)->1877K(2048K)
[140.158s][info][gc          ] GC(48) Pause Full (System.gc()) 1571M->1571M(5939M) 3183.667ms
[143.389s][info][gc,metaspace] GC(49) Metaspace: 11499K(11904K)->11499K(11904K) NonClass: 9621K(9856K)->9621K(9856K) Class: 1877K(2048K)->1877K(2048K)
[143.389s][info][gc          ] GC(49) Pause Full (System.gc()) 1571M->1571M(5939M) 3230.480ms
[146.572s][info][gc,metaspace] GC(50) Metaspace: 11499K(11904K)->11499K(11904K) NonClass: 9621K(9856K)->9621K(9856K) Class: 1877K(2048K)->1877K(2048K)
[146.572s][info][gc          ] GC(50) Pause Full (System.gc()) 1571M->1571M(5939M) 3183.498ms
[149.754s][info][gc,metaspace] GC(51) Metaspace: 11499K(11904K)->11499K(11904K) NonClass: 9621K(9856K)->9621K(9856K) Class: 1877K(2048K)->1877K(2048K)
[149.754s][info][gc          ] GC(51) Pause Full (System.gc()) 1571M->1571M(5939M) 3181.407ms
[152.933s][info][gc,metaspace] GC(52) Metaspace: 11499K(11904K)->11499K(11904K) NonClass: 9621K(9856K)->9621K(9856K) Class: 1877K(2048K)->1877K(2048K)
[152.933s][info][gc          ] GC(52) Pause Full (System.gc()) 1571M->1571M(5939M) 3178.964ms
[156.112s][info][gc,metaspace] GC(53) Metaspace: 11499K(11904K)->11499K(11904K) NonClass: 9621K(9856K)->9621K(9856K) Class: 1877K(2048K)->1877K(2048K)
[156.112s][info][gc          ] GC(53) Pause Full (System.gc()) 1571M->1571M(5939M) 3179.113ms
[159.344s][info][gc,metaspace] GC(54) Metaspace: 11499K(11904K)->11499K(11904K) NonClass: 9621K(9856K)->9621K(9856K) Class: 1877K(2048K)->1877K(2048K)
[159.344s][info][gc          ] GC(54) Pause Full (System.gc()) 1571M->1571M(5939M) 3231.831ms
[162.529s][info][gc,metaspace] GC(55) Metaspace: 11499K(11904K)->11499K(11904K) NonClass: 9621K(9856K)->9621K(9856K) Class: 1877K(2048K)->1877K(2048K)
[162.530s][info][gc          ] GC(55) Pause Full (System.gc()) 1571M->1571M(5939M) 3185.019ms
[165.712s][info][gc,metaspace] GC(56) Metaspace: 11499K(11904K)->11499K(11904K) NonClass: 9621K(9856K)->9621K(9856K) Class: 1877K(2048K)->1877K(2048K)
[165.712s][info][gc          ] GC(56) Pause Full (System.gc()) 1571M->1571M(5939M) 3182.785ms
[168.890s][info][gc,metaspace] GC(57) Metaspace: 11499K(11904K)->11499K(11904K) NonClass: 9621K(9856K)->9621K(9856K) Class: 1877K(2048K)->1877K(2048K)
[168.890s][info][gc          ] GC(57) Pause Full (System.gc()) 1571M->1571M(5939M) 3177.575ms
[172.065s][info][gc,metaspace] GC(58) Metaspace: 11499K(11904K)->11499K(11904K) NonClass: 9621K(9856K)->9621K(9856K) Class: 1877K(2048K)->1877K(2048K)
[172.065s][info][gc          ] GC(58) Pause Full (System.gc()) 1571M->1571M(5939M) 3175.039ms
[175.290s][info][gc,metaspace] GC(59) Metaspace: 11499K(11904K)->11499K(11904K) NonClass: 9621K(9856K)->9621K(9856K) Class: 1877K(2048K)->1877K(2048K)
[175.290s][info][gc          ] GC(59) Pause Full (System.gc()) 1571M->1571M(5939M) 3224.490ms
[178.463s][info][gc,metaspace] GC(60) Metaspace: 11499K(11904K)->11499K(11904K) NonClass: 9621K(9856K)->9621K(9856K) Class: 1877K(2048K)->1877K(2048K)
[178.463s][info][gc          ] GC(60) Pause Full (System.gc()) 1571M->1571M(5939M) 3173.267ms
[181.641s][info][gc,metaspace] GC(61) Metaspace: 11499K(11904K)->11499K(11904K) NonClass: 9621K(9856K)->9621K(9856K) Class: 1877K(2048K)->1877K(2048K)
[181.641s][info][gc          ] GC(61) Pause Full (System.gc()) 1571M->1571M(5939M) 3177.833ms
After GCs... 
