[0.002s][info][metaspace]  - commit_granule_bytes: 65536.
[0.002s][info][metaspace]  - commit_granule_words: 8192.
[0.002s][info][metaspace]  - virtual_space_node_default_size: 8388608.
[0.002s][info][metaspace]  - enlarge_chunks_in_place: 1.
[0.002s][info][metaspace]  - use_allocation_guard: 0.
[0.004s][info][gc       ] Using Serial
[0.012s][info][metaspace] Reserving compressed class space anywhere
[0.012s][info][gc,metaspace] CDS archive(s) not mapped
[0.012s][info][gc,metaspace] Compressed class space mapped at: 0x000000003f000000-0x00000000ff000000, reserved size: 3221225472
[0.012s][info][gc,metaspace] UseCompressedClassPointers 1, UseCompactObjectHeaders 1, narrow klass pointer bits 22, max shift 10
[0.012s][info][gc,metaspace] Narrow klass base: 0x000000003f000000, Narrow klass shift: 10, Narrow klass range: 0xc0000000
Random Seed: 12345678
Num Classes: 64
Num Objects: 67108864
Percent IK Objects: 83.0%)
Percent OAK Objects: 5.0%)
Percent TAK Objects: 12.0%)
Cycles: 50
Loading 64 pre-generated classes ...
Materialize pre-generated constructors ...
Creating objects...
[0.251s][info][gc,metaspace] GC(0) Metaspace: 11261K(11584K)->11261K(11584K) NonClass: 9418K(9600K)->9418K(9600K) Class: 1843K(1984K)->1843K(1984K)
[0.251s][info][gc          ] GC(0) Pause Full (System.gc()) 163M->2M(5939M) 9.990ms
[1.827s][info][gc,metaspace] GC(1) Metaspace: 11499K(11904K)->11499K(11904K) NonClass: 9621K(9856K)->9621K(9856K) Class: 1877K(2048K)->1877K(2048K)
[1.827s][info][gc          ] GC(1) Pause Young (Allocation Failure) 1641M->411M(5939M) 655.773ms
[3.778s][info][gc,metaspace] GC(2) Metaspace: 11499K(11904K)->11499K(11904K) NonClass: 9621K(9856K)->9621K(9856K) Class: 1877K(2048K)->1877K(2048K)
[3.778s][info][gc          ] GC(2) Pause Young (Allocation Failure) 2049M->564M(5939M) 558.816ms
[5.007s][info][gc,metaspace] GC(3) Metaspace: 11499K(11904K)->11499K(11904K) NonClass: 9621K(9856K)->9621K(9856K) Class: 1877K(2048K)->1877K(2048K)
[5.007s][info][gc          ] GC(3) Pause Young (Allocation Failure) 2202M->705M(5939M) 527.486ms
[6.219s][info][gc,metaspace] GC(4) Metaspace: 11499K(11904K)->11499K(11904K) NonClass: 9621K(9856K)->9621K(9856K) Class: 1877K(2048K)->1877K(2048K)
[6.220s][info][gc          ] GC(4) Pause Young (Allocation Failure) 2343M->846M(5939M) 509.954ms
[7.431s][info][gc,metaspace] GC(5) Metaspace: 11499K(11904K)->11499K(11904K) NonClass: 9621K(9856K)->9621K(9856K) Class: 1877K(2048K)->1877K(2048K)
[7.431s][info][gc          ] GC(5) Pause Young (Allocation Failure) 2485M->987M(5939M) 509.521ms
[8.644s][info][gc,metaspace] GC(6) Metaspace: 11499K(11904K)->11499K(11904K) NonClass: 9621K(9856K)->9621K(9856K) Class: 1877K(2048K)->1877K(2048K)
[8.644s][info][gc          ] GC(6) Pause Young (Allocation Failure) 2626M->1129M(5939M) 509.277ms
[9.856s][info][gc,metaspace] GC(7) Metaspace: 11499K(11904K)->11499K(11904K) NonClass: 9621K(9856K)->9621K(9856K) Class: 1877K(2048K)->1877K(2048K)
[9.856s][info][gc          ] GC(7) Pause Young (Allocation Failure) 2767M->1270M(5939M) 510.502ms
[11.068s][info][gc,metaspace] GC(8) Metaspace: 11499K(11904K)->11499K(11904K) NonClass: 9621K(9856K)->9621K(9856K) Class: 1877K(2048K)->1877K(2048K)
[11.068s][info][gc          ] GC(8) Pause Young (Allocation Failure) 2908M->1411M(5939M) 509.575ms
[12.280s][info][gc,metaspace] GC(9) Metaspace: 11499K(11904K)->11499K(11904K) NonClass: 9621K(9856K)->9621K(9856K) Class: 1877K(2048K)->1877K(2048K)
[12.280s][info][gc          ] GC(9) Pause Young (Allocation Failure) 3050M->1553M(5939M) 510.238ms
67108864 Objects created
 - IK: 55699211 (82.99829%)
 - OAK: 3355627 (5.0002737%)
 - TAK: 8054026 (12.001434%)
Preparatory GC...
[15.954s][info][gc,metaspace] GC(10) Metaspace: 11499K(11904K)->11499K(11904K) NonClass: 9621K(9856K)->9621K(9856K) Class: 1877K(2048K)->1877K(2048K)
[15.954s][info][gc          ] GC(10) Pause Full (System.gc()) 1782M->1572M(5939M) 3578.799ms
[19.131s][info][gc,metaspace] GC(11) Metaspace: 11499K(11904K)->11499K(11904K) NonClass: 9621K(9856K)->9621K(9856K) Class: 1877K(2048K)->1877K(2048K)
[19.131s][info][gc          ] GC(11) Pause Full (System.gc()) 1572M->1572M(5939M) 3177.090ms
Done; will start GCs... 
[23.421s][info][gc,metaspace] GC(12) Metaspace: 11499K(11904K)->11499K(11904K) NonClass: 9621K(9856K)->9621K(9856K) Class: 1877K(2048K)->1877K(2048K)
[23.421s][info][gc          ] GC(12) Pause Full (System.gc()) 1604M->1571M(5939M) 4289.951ms
[26.608s][info][gc,metaspace] GC(13) Metaspace: 11499K(11904K)->11499K(11904K) NonClass: 9621K(9856K)->9621K(9856K) Class: 1877K(2048K)->1877K(2048K)
[26.608s][info][gc          ] GC(13) Pause Full (System.gc()) 1571M->1571M(5939M) 3186.323ms
[29.786s][info][gc,metaspace] GC(14) Metaspace: 11499K(11904K)->11499K(11904K) NonClass: 9621K(9856K)->9621K(9856K) Class: 1877K(2048K)->1877K(2048K)
[29.786s][info][gc          ] GC(14) Pause Full (System.gc()) 1571M->1571M(5939M) 3177.972ms
[32.970s][info][gc,metaspace] GC(15) Metaspace: 11499K(11904K)->11499K(11904K) NonClass: 9621K(9856K)->9621K(9856K) Class: 1877K(2048K)->1877K(2048K)
[32.970s][info][gc          ] GC(15) Pause Full (System.gc()) 1571M->1571M(5939M) 3184.378ms
[36.150s][info][gc,metaspace] GC(16) Metaspace: 11499K(11904K)->11499K(11904K) NonClass: 9621K(9856K)->9621K(9856K) Class: 1877K(2048K)->1877K(2048K)
[36.150s][info][gc          ] GC(16) Pause Full (System.gc()) 1571M->1571M(5939M) 3179.483ms
[39.391s][info][gc,metaspace] GC(17) Metaspace: 11499K(11904K)->11499K(11904K) NonClass: 9621K(9856K)->9621K(9856K) Class: 1877K(2048K)->1877K(2048K)
[39.391s][info][gc          ] GC(17) Pause Full (System.gc()) 1571M->1571M(5939M) 3240.795ms
[42.571s][info][gc,metaspace] GC(18) Metaspace: 11499K(11904K)->11499K(11904K) NonClass: 9621K(9856K)->9621K(9856K) Class: 1877K(2048K)->1877K(2048K)
[42.571s][info][gc          ] GC(18) Pause Full (System.gc()) 1571M->1571M(5939M) 3179.952ms
[45.748s][info][gc,metaspace] GC(19) Metaspace: 11499K(11904K)->11499K(11904K) NonClass: 9621K(9856K)->9621K(9856K) Class: 1877K(2048K)->1877K(2048K)
[45.748s][info][gc          ] GC(19) Pause Full (System.gc()) 1571M->1571M(5939M) 3177.104ms
[48.928s][info][gc,metaspace] GC(20) Metaspace: 11499K(11904K)->11499K(11904K) NonClass: 9621K(9856K)->9621K(9856K) Class: 1877K(2048K)->1877K(2048K)
[48.928s][info][gc          ] GC(20) Pause Full (System.gc()) 1571M->1571M(5939M) 3180.119ms
[52.105s][info][gc,metaspace] GC(21) Metaspace: 11499K(11904K)->11499K(11904K) NonClass: 9621K(9856K)->9621K(9856K) Class: 1877K(2048K)->1877K(2048K)
[52.105s][info][gc          ] GC(21) Pause Full (System.gc()) 1571M->1571M(5939M) 3176.130ms
[55.329s][info][gc,metaspace] GC(22) Metaspace: 11499K(11904K)->11499K(11904K) NonClass: 9621K(9856K)->9621K(9856K) Class: 1877K(2048K)->1877K(2048K)
[55.329s][info][gc          ] GC(22) Pause Full (System.gc()) 1571M->1571M(5939M) 3224.544ms
[58.501s][info][gc,metaspace] GC(23) Metaspace: 11499K(11904K)->11499K(11904K) NonClass: 9621K(9856K)->9621K(9856K) Class: 1877K(2048K)->1877K(2048K)
[58.501s][info][gc          ] GC(23) Pause Full (System.gc()) 1571M->1571M(5939M) 3170.987ms
[61.674s][info][gc,metaspace] GC(24) Metaspace: 11499K(11904K)->11499K(11904K) NonClass: 9621K(9856K)->9621K(9856K) Class: 1877K(2048K)->1877K(2048K)
[61.674s][info][gc          ] GC(24) Pause Full (System.gc()) 1571M->1571M(5939M) 3173.310ms
[64.854s][info][gc,metaspace] GC(25) Metaspace: 11499K(11904K)->11499K(11904K) NonClass: 9621K(9856K)->9621K(9856K) Class: 1877K(2048K)->1877K(2048K)
[64.854s][info][gc          ] GC(25) Pause Full (System.gc()) 1588M->1571M(5939M) 3179.581ms
[68.035s][info][gc,metaspace] GC(26) Metaspace: 11499K(11904K)->11499K(11904K) NonClass: 9621K(9856K)->9621K(9856K) Class: 1877K(2048K)->1877K(2048K)
[68.036s][info][gc          ] GC(26) Pause Full (System.gc()) 1571M->1571M(5939M) 3181.567ms
[71.265s][info][gc,metaspace] GC(27) Metaspace: 11499K(11904K)->11499K(11904K) NonClass: 9621K(9856K)->9621K(9856K) Class: 1877K(2048K)->1877K(2048K)
[71.265s][info][gc          ] GC(27) Pause Full (System.gc()) 1571M->1571M(5939M) 3229.581ms
[75.716s][info][gc,metaspace] GC(28) Metaspace: 11499K(11904K)->11499K(11904K) NonClass: 9621K(9856K)->9621K(9856K) Class: 1877K(2048K)->1877K(2048K)
[75.716s][info][gc          ] GC(28) Pause Full (System.gc()) 1571M->1571M(5939M) 4450.853ms
[78.890s][info][gc,metaspace] GC(29) Metaspace: 11499K(11904K)->11499K(11904K) NonClass: 9621K(9856K)->9621K(9856K) Class: 1877K(2048K)->1877K(2048K)
[78.890s][info][gc          ] GC(29) Pause Full (System.gc()) 1571M->1571M(5939M) 3173.312ms
[82.074s][info][gc,metaspace] GC(30) Metaspace: 11499K(11904K)->11499K(11904K) NonClass: 9621K(9856K)->9621K(9856K) Class: 1877K(2048K)->1877K(2048K)
[82.075s][info][gc          ] GC(30) Pause Full (System.gc()) 1571M->1571M(5939M) 3184.616ms
[85.296s][info][gc,metaspace] GC(31) Metaspace: 11499K(11904K)->11499K(11904K) NonClass: 9621K(9856K)->9621K(9856K) Class: 1877K(2048K)->1877K(2048K)
[85.296s][info][gc          ] GC(31) Pause Full (System.gc()) 1571M->1571M(5939M) 3221.461ms
[88.696s][info][gc,metaspace] GC(32) Metaspace: 11499K(11904K)->11499K(11904K) NonClass: 9621K(9856K)->9621K(9856K) Class: 1877K(2048K)->1877K(2048K)
[88.696s][info][gc          ] GC(32) Pause Full (System.gc()) 1571M->1571M(5939M) 3399.862ms
[91.880s][info][gc,metaspace] GC(33) Metaspace: 11499K(11904K)->11499K(11904K) NonClass: 9621K(9856K)->9621K(9856K) Class: 1877K(2048K)->1877K(2048K)
[91.880s][info][gc          ] GC(33) Pause Full (System.gc()) 1571M->1571M(5939M) 3183.233ms
[95.062s][info][gc,metaspace] GC(34) Metaspace: 11499K(11904K)->11499K(11904K) NonClass: 9621K(9856K)->9621K(9856K) Class: 1877K(2048K)->1877K(2048K)
[95.062s][info][gc          ] GC(34) Pause Full (System.gc()) 1571M->1571M(5939M) 3182.650ms
[98.294s][info][gc,metaspace] GC(35) Metaspace: 11499K(11904K)->11499K(11904K) NonClass: 9621K(9856K)->9621K(9856K) Class: 1877K(2048K)->1877K(2048K)
[98.295s][info][gc          ] GC(35) Pause Full (System.gc()) 1571M->1571M(5939M) 3231.955ms
[101.701s][info][gc,metaspace] GC(36) Metaspace: 11499K(11904K)->11499K(11904K) NonClass: 9621K(9856K)->9621K(9856K) Class: 1877K(2048K)->1877K(2048K)
[101.701s][info][gc          ] GC(36) Pause Full (System.gc()) 1571M->1571M(5939M) 3406.754ms
[104.884s][info][gc,metaspace] GC(37) Metaspace: 11499K(11904K)->11499K(11904K) NonClass: 9621K(9856K)->9621K(9856K) Class: 1877K(2048K)->1877K(2048K)
[104.884s][info][gc          ] GC(37) Pause Full (System.gc()) 1571M->1571M(5939M) 3182.877ms
[108.065s][info][gc,metaspace] GC(38) Metaspace: 11499K(11904K)->11499K(11904K) NonClass: 9621K(9856K)->9621K(9856K) Class: 1877K(2048K)->1877K(2048K)
[108.065s][info][gc          ] GC(38) Pause Full (System.gc()) 1571M->1571M(5939M) 3180.320ms
[111.296s][info][gc,metaspace] GC(39) Metaspace: 11499K(11904K)->11499K(11904K) NonClass: 9621K(9856K)->9621K(9856K) Class: 1877K(2048K)->1877K(2048K)
[111.296s][info][gc          ] GC(39) Pause Full (System.gc()) 1571M->1571M(5939M) 3231.038ms
[114.700s][info][gc,metaspace] GC(40) Metaspace: 11499K(11904K)->11499K(11904K) NonClass: 9621K(9856K)->9621K(9856K) Class: 1877K(2048K)->1877K(2048K)
[114.700s][info][gc          ] GC(40) Pause Full (System.gc()) 1571M->1571M(5939M) 3403.609ms
[117.877s][info][gc,metaspace] GC(41) Metaspace: 11499K(11904K)->11499K(11904K) NonClass: 9621K(9856K)->9621K(9856K) Class: 1877K(2048K)->1877K(2048K)
[117.877s][info][gc          ] GC(41) Pause Full (System.gc()) 1571M->1571M(5939M) 3177.124ms
[121.053s][info][gc,metaspace] GC(42) Metaspace: 11499K(11904K)->11499K(11904K) NonClass: 9621K(9856K)->9621K(9856K) Class: 1877K(2048K)->1877K(2048K)
[121.053s][info][gc          ] GC(42) Pause Full (System.gc()) 1571M->1571M(5939M) 3176.025ms
[124.279s][info][gc,metaspace] GC(43) Metaspace: 11499K(11904K)->11499K(11904K) NonClass: 9621K(9856K)->9621K(9856K) Class: 1877K(2048K)->1877K(2048K)
[124.279s][info][gc          ] GC(43) Pause Full (System.gc()) 1571M->1571M(5939M) 3225.573ms
[127.453s][info][gc,metaspace] GC(44) Metaspace: 11499K(11904K)->11499K(11904K) NonClass: 9621K(9856K)->9621K(9856K) Class: 1877K(2048K)->1877K(2048K)
[127.453s][info][gc          ] GC(44) Pause Full (System.gc()) 1588M->1571M(5939M) 3173.722ms
[130.629s][info][gc,metaspace] GC(45) Metaspace: 11499K(11904K)->11499K(11904K) NonClass: 9621K(9856K)->9621K(9856K) Class: 1877K(2048K)->1877K(2048K)
[130.630s][info][gc          ] GC(45) Pause Full (System.gc()) 1571M->1571M(5939M) 3176.246ms
[133.802s][info][gc,metaspace] GC(46) Metaspace: 11499K(11904K)->11499K(11904K) NonClass: 9621K(9856K)->9621K(9856K) Class: 1877K(2048K)->1877K(2048K)
[133.802s][info][gc          ] GC(46) Pause Full (System.gc()) 1571M->1571M(5939M) 3172.056ms
[136.974s][info][gc,metaspace] GC(47) Metaspace: 11499K(11904K)->11499K(11904K) NonClass: 9621K(9856K)->9621K(9856K) Class: 1877K(2048K)->1877K(2048K)
[136.974s][info][gc          ] GC(47) Pause Full (System.gc()) 1571M->1571M(5939M) 3172.427ms
[140.158s][info][gc,metaspace] GC(48) Metaspace: 11499K(11904K)->11499K(11904K) NonClass: 9621K(9856K)->9621K(9856K) Class: 1877K(2048K)->1877K(2048K)
[140.158s][info][gc          ] GC(48) Pause Full (System.gc()) 1571M->1571M(5939M) 3183.667ms
[143.389s][info][gc,metaspace] GC(49) Metaspace: 11499K(11904K)->11499K(11904K) NonClass: 9621K(9856K)->9621K(9856K) Class: 1877K(2048K)->1877K(2048K)
[143.389s][info][gc          ] GC(49) Pause Full (System.gc()) 1571M->1571M(5939M) 3230.480ms
[146.572s][info][gc,metaspace] GC(50) Metaspace: 11499K(11904K)->11499K(11904K) NonClass: 9621K(9856K)->9621K(9856K) Class: 1877K(2048K)->1877K(2048K)
[146.572s][info][gc          ] GC(50) Pause Full (System.gc()) 1571M->1571M(5939M) 3183.498ms
[149.754s][info][gc,metaspace] GC(51) Metaspace: 11499K(11904K)->11499K(11904K) NonClass: 9621K(9856K)->9621K(9856K) Class: 1877K(2048K)->1877K(2048K)
[149.754s][info][gc          ] GC(51) Pause Full (System.gc()) 1571M->1571M(5939M) 3181.407ms
[152.933s][info][gc,metaspace] GC(52) Metaspace: 11499K(11904K)->11499K(11904K) NonClass: 9621K(9856K)->9621K(9856K) Class: 1877K(2048K)->1877K(2048K)
[152.933s][info][gc          ] GC(52) Pause Full (System.gc()) 1571M->1571M(5939M) 3178.964ms
[156.112s][info][gc,metaspace] GC(53) Metaspace: 11499K(11904K)->11499K(11904K) NonClass: 9621K(9856K)->9621K(9856K) Class: 1877K(2048K)->1877K(2048K)
[156.112s][info][gc          ] GC(53) Pause Full (System.gc()) 1571M->1571M(5939M) 3179.113ms
[159.344s][info][gc,metaspace] GC(54) Metaspace: 11499K(11904K)->11499K(11904K) NonClass: 9621K(9856K)->9621K(9856K) Class: 1877K(2048K)->1877K(2048K)
[159.344s][info][gc          ] GC(54) Pause Full (System.gc()) 1571M->1571M(5939M) 3231.831ms
[162.529s][info][gc,metaspace] GC(55) Metaspace: 11499K(11904K)->11499K(11904K) NonClass: 9621K(9856K)->9621K(9856K) Class: 1877K(2048K)->1877K(2048K)
[162.530s][info][gc          ] GC(55) Pause Full (System.gc()) 1571M->1571M(5939M) 3185.019ms
[165.712s][info][gc,metaspace] GC(56) Metaspace: 11499K(11904K)->11499K(11904K) NonClass: 9621K(9856K)->9621K(9856K) Class: 1877K(2048K)->1877K(2048K)
[165.712s][info][gc          ] GC(56) Pause Full (System.gc()) 1571M->1571M(5939M) 3182.785ms
[168.890s][info][gc,metaspace] GC(57) Metaspace: 11499K(11904K)->11499K(11904K) NonClass: 9621K(9856K)->9621K(9856K) Class: 1877K(2048K)->1877K(2048K)
[168.890s][info][gc          ] GC(57) Pause Full (System.gc()) 1571M->1571M(5939M) 3177.575ms
[172.065s][info][gc,metaspace] GC(58) Metaspace: 11499K(11904K)->11499K(11904K) NonClass: 9621K(9856K)->9621K(9856K) Class: 1877K(2048K)->1877K(2048K)
[172.065s][info][gc          ] GC(58) Pause Full (System.gc()) 1571M->1571M(5939M) 3175.039ms
[175.290s][info][gc,metaspace] GC(59) Metaspace: 11499K(11904K)->11499K(11904K) NonClass: 9621K(9856K)->9621K(9856K) Class: 1877K(2048K)->1877K(2048K)
[175.290s][info][gc          ] GC(59) Pause Full (System.gc()) 1571M->1571M(5939M) 3224.490ms
[178.463s][info][gc,metaspace] GC(60) Metaspace: 11499K(11904K)->11499K(11904K) NonClass: 9621K(9856K)->9621K(9856K) Class: 1877K(2048K)->1877K(2048K)
[178.463s][info][gc          ] GC(60) Pause Full (System.gc()) 1571M->1571M(5939M) 3173.267ms
[181.641s][info][gc,metaspace] GC(61) Metaspace: 11499K(11904K)->11499K(11904K) NonClass: 9621K(9856K)->9621K(9856K) Class: 1877K(2048K)->1877K(2048K)
[181.641s][info][gc          ] GC(61) Pause Full (System.gc()) 1571M->1571M(5939M) 3177.833ms
After GCs... 
