Done; will start GCs... 
[66.668s][info   ][gc,metaspace] GC(33) Metaspace: 89889K(103744K)->89889K(103744K) NonClass: 63141K(69056K)->63141K(69056K) Class: 26747K(34688K)->26747K(34688K)
[66.668s][info   ][gc          ] GC(33) Pause Full (System.gc()) 1609M->1607M(6144M) 859.933ms
[67.518s][info   ][gc,metaspace] GC(34) Metaspace: 89889K(103744K)->89889K(103744K) NonClass: 63141K(69056K)->63141K(69056K) Class: 26747K(34688K)->26747K(34688K)
[67.518s][info   ][gc          ] GC(34) Pause Full (System.gc()) 1607M->1607M(6144M) 850.261ms
[68.363s][info   ][gc,metaspace] GC(35) Metaspace: 89889K(103744K)->89889K(103744K) NonClass: 63141K(69056K)->63141K(69056K) Class: 26747K(34688K)->26747K(34688K)
[68.363s][info   ][gc          ] GC(35) Pause Full (System.gc()) 1607M->1607M(6144M) 844.432ms
[69.197s][info   ][gc,metaspace] GC(36) Metaspace: 89889K(103744K)->89889K(103744K) NonClass: 63141K(69056K)->63141K(69056K) Class: 26747K(34688K)->26747K(34688K)
[69.197s][info   ][gc          ] GC(36) Pause Full (System.gc()) 1607M->1607M(6144M) 834.294ms
[70.040s][info   ][gc,metaspace] GC(37) Metaspace: 89889K(103744K)->89889K(103744K) NonClass: 63141K(69056K)->63141K(69056K) Class: 26747K(34688K)->26747K(34688K)
[70.040s][info   ][gc          ] GC(37) Pause Full (System.gc()) 1607M->1607M(6144M) 843.291ms
[70.871s][info   ][gc,metaspace] GC(38) Metaspace: 89889K(103744K)->89889K(103744K) NonClass: 63141K(69056K)->63141K(69056K) Class: 26747K(34688K)->26747K(34688K)
[70.871s][info   ][gc          ] GC(38) Pause Full (System.gc()) 1607M->1607M(6144M) 830.552ms
[71.750s][info   ][gc,metaspace] GC(39) Metaspace: 89889K(103744K)->89889K(103744K) NonClass: 63141K(69056K)->63141K(69056K) Class: 26747K(34688K)->26747K(34688K)
[71.750s][info   ][gc          ] GC(39) Pause Full (System.gc()) 1607M->1607M(6144M) 879.129ms
[72.591s][info   ][gc,metaspace] GC(40) Metaspace: 89889K(103744K)->89889K(103744K) NonClass: 63141K(69056K)->63141K(69056K) Class: 26747K(34688K)->26747K(34688K)
[72.591s][info   ][gc          ] GC(40) Pause Full (System.gc()) 1607M->1607M(6144M) 840.423ms
[73.425s][info   ][gc,metaspace] GC(41) Metaspace: 89889K(103744K)->89889K(103744K) NonClass: 63141K(69056K)->63141K(69056K) Class: 26747K(34688K)->26747K(34688K)
[73.425s][info   ][gc          ] GC(41) Pause Full (System.gc()) 1607M->1607M(6144M) 834.053ms
[74.284s][info   ][gc,metaspace] GC(42) Metaspace: 89889K(103744K)->89889K(103744K) NonClass: 63141K(69056K)->63141K(69056K) Class: 26747K(34688K)->26747K(34688K)
[74.284s][info   ][gc          ] GC(42) Pause Full (System.gc()) 1607M->1607M(6144M) 859.474ms
[75.126s][info   ][gc,metaspace] GC(43) Metaspace: 89889K(103744K)->89889K(103744K) NonClass: 63141K(69056K)->63141K(69056K) Class: 26747K(34688K)->26747K(34688K)
[75.126s][info   ][gc          ] GC(43) Pause Full (System.gc()) 1607M->1607M(6144M) 841.192ms
[75.993s][info   ][gc,metaspace] GC(44) Metaspace: 89889K(103744K)->89889K(103744K) NonClass: 63141K(69056K)->63141K(69056K) Class: 26747K(34688K)->26747K(34688K)
[75.993s][info   ][gc          ] GC(44) Pause Full (System.gc()) 1607M->1607M(6144M) 867.160ms
[76.860s][info   ][gc,metaspace] GC(45) Metaspace: 89889K(103744K)->89889K(103744K) NonClass: 63141K(69056K)->63141K(69056K) Class: 26747K(34688K)->26747K(34688K)
[76.860s][info   ][gc          ] GC(45) Pause Full (System.gc()) 1607M->1607M(6144M) 867.316ms
[77.701s][info   ][gc,metaspace] GC(46) Metaspace: 89889K(103744K)->89889K(103744K) NonClass: 63141K(69056K)->63141K(69056K) Class: 26747K(34688K)->26747K(34688K)
[77.701s][info   ][gc          ] GC(46) Pause Full (System.gc()) 1607M->1607M(6144M) 840.794ms
[78.537s][info   ][gc,metaspace] GC(47) Metaspace: 89889K(103744K)->89889K(103744K) NonClass: 63141K(69056K)->63141K(69056K) Class: 26747K(34688K)->26747K(34688K)
[78.537s][info   ][gc          ] GC(47) Pause Full (System.gc()) 1607M->1607M(6144M) 835.952ms
[79.371s][info   ][gc,metaspace] GC(48) Metaspace: 89889K(103744K)->89889K(103744K) NonClass: 63141K(69056K)->63141K(69056K) Class: 26747K(34688K)->26747K(34688K)
[79.371s][info   ][gc          ] GC(48) Pause Full (System.gc()) 1607M->1607M(6144M) 833.531ms
[80.215s][info   ][gc,metaspace] GC(49) Metaspace: 89889K(103744K)->89889K(103744K) NonClass: 63141K(69056K)->63141K(69056K) Class: 26747K(34688K)->26747K(34688K)
[80.215s][info   ][gc          ] GC(49) Pause Full (System.gc()) 1607M->1607M(6144M) 843.838ms
[81.072s][info   ][gc,metaspace] GC(50) Metaspace: 89889K(103744K)->89889K(103744K) NonClass: 63141K(69056K)->63141K(69056K) Class: 26747K(34688K)->26747K(34688K)
[81.072s][info   ][gc          ] GC(50) Pause Full (System.gc()) 1607M->1607M(6144M) 857.331ms
[81.912s][info   ][gc,metaspace] GC(51) Metaspace: 89889K(103744K)->89889K(103744K) NonClass: 63141K(69056K)->63141K(69056K) Class: 26747K(34688K)->26747K(34688K)
[81.912s][info   ][gc          ] GC(51) Pause Full (System.gc()) 1607M->1607M(6144M) 835.987ms
[82.750s][info   ][gc,metaspace] GC(52) Metaspace: 89889K(103744K)->89889K(103744K) NonClass: 63141K(69056K)->63141K(69056K) Class: 26747K(34688K)->26747K(34688K)
[82.750s][info   ][gc          ] GC(52) Pause Full (System.gc()) 1607M->1607M(6144M) 837.577ms
[83.595s][info   ][gc,metaspace] GC(53) Metaspace: 89889K(103744K)->89889K(103744K) NonClass: 63141K(69056K)->63141K(69056K) Class: 26747K(34688K)->26747K(34688K)
[83.595s][info   ][gc          ] GC(53) Pause Full (System.gc()) 1607M->1607M(6144M) 845.103ms
[84.429s][info   ][gc,metaspace] GC(54) Metaspace: 89889K(103744K)->89889K(103744K) NonClass: 63141K(69056K)->63141K(69056K) Class: 26747K(34688K)->26747K(34688K)
[84.429s][info   ][gc          ] GC(54) Pause Full (System.gc()) 1607M->1607M(6144M) 833.440ms
[85.263s][info   ][gc,metaspace] GC(55) Metaspace: 89889K(103744K)->89889K(103744K) NonClass: 63141K(69056K)->63141K(69056K) Class: 26747K(34688K)->26747K(34688K)
[85.263s][info   ][gc          ] GC(55) Pause Full (System.gc()) 1607M->1607M(6144M) 833.803ms
[86.112s][info   ][gc,metaspace] GC(56) Metaspace: 89889K(103744K)->89889K(103744K) NonClass: 63141K(69056K)->63141K(69056K) Class: 26747K(34688K)->26747K(34688K)
[86.112s][info   ][gc          ] GC(56) Pause Full (System.gc()) 1607M->1607M(6144M) 848.920ms
[86.946s][info   ][gc,metaspace] GC(57) Metaspace: 89889K(103744K)->89889K(103744K) NonClass: 63141K(69056K)->63141K(69056K) Class: 26747K(34688K)->26747K(34688K)
[86.946s][info   ][gc          ] GC(57) Pause Full (System.gc()) 1607M->1607M(6144M) 834.618ms
[87.796s][info   ][gc,metaspace] GC(58) Metaspace: 89889K(103744K)->89889K(103744K) NonClass: 63141K(69056K)->63141K(69056K) Class: 26747K(34688K)->26747K(34688K)
[87.796s][info   ][gc          ] GC(58) Pause Full (System.gc()) 1607M->1607M(6144M) 849.817ms
[88.637s][info   ][gc,metaspace] GC(59) Metaspace: 89889K(103744K)->89889K(103744K) NonClass: 63141K(69056K)->63141K(69056K) Class: 26747K(34688K)->26747K(34688K)
[88.638s][info   ][gc          ] GC(59) Pause Full (System.gc()) 1607M->1607M(6144M) 841.279ms
[89.483s][info   ][gc,metaspace] GC(60) Metaspace: 89889K(103744K)->89889K(103744K) NonClass: 63141K(69056K)->63141K(69056K) Class: 26747K(34688K)->26747K(34688K)
[89.483s][info   ][gc          ] GC(60) Pause Full (System.gc()) 1607M->1607M(6144M) 845.304ms
[90.324s][info   ][gc,metaspace] GC(61) Metaspace: 89889K(103744K)->89889K(103744K) NonClass: 63141K(69056K)->63141K(69056K) Class: 26747K(34688K)->26747K(34688K)
[90.324s][info   ][gc          ] GC(61) Pause Full (System.gc()) 1607M->1607M(6144M) 841.261ms
[91.184s][info   ][gc,metaspace] GC(62) Metaspace: 89889K(103744K)->89889K(103744K) NonClass: 63141K(69056K)->63141K(69056K) Class: 26747K(34688K)->26747K(34688K)
[91.184s][info   ][gc          ] GC(62) Pause Full (System.gc()) 1607M->1607M(6144M) 859.375ms
[92.031s][info   ][gc,metaspace] GC(63) Metaspace: 89889K(103744K)->89889K(103744K) NonClass: 63141K(69056K)->63141K(69056K) Class: 26747K(34688K)->26747K(34688K)
[92.031s][info   ][gc          ] GC(63) Pause Full (System.gc()) 1607M->1607M(6144M) 847.306ms
[92.864s][info   ][gc,metaspace] GC(64) Metaspace: 89889K(103744K)->89889K(103744K) NonClass: 63141K(69056K)->63141K(69056K) Class: 26747K(34688K)->26747K(34688K)
[92.864s][info   ][gc          ] GC(64) Pause Full (System.gc()) 1607M->1607M(6144M) 832.615ms
[93.702s][info   ][gc,metaspace] GC(65) Metaspace: 89889K(103744K)->89889K(103744K) NonClass: 63141K(69056K)->63141K(69056K) Class: 26747K(34688K)->26747K(34688K)
[93.702s][info   ][gc          ] GC(65) Pause Full (System.gc()) 1607M->1607M(6144M) 838.472ms
[94.582s][info   ][gc,metaspace] GC(66) Metaspace: 89889K(103744K)->89889K(103744K) NonClass: 63141K(69056K)->63141K(69056K) Class: 26747K(34688K)->26747K(34688K)
[94.582s][info   ][gc          ] GC(66) Pause Full (System.gc()) 1607M->1607M(6144M) 879.502ms
[95.439s][info   ][gc,metaspace] GC(67) Metaspace: 89889K(103744K)->89889K(103744K) NonClass: 63141K(69056K)->63141K(69056K) Class: 26747K(34688K)->26747K(34688K)
[95.439s][info   ][gc          ] GC(67) Pause Full (System.gc()) 1607M->1607M(6144M) 856.772ms
[96.283s][info   ][gc,metaspace] GC(68) Metaspace: 89889K(103744K)->89889K(103744K) NonClass: 63141K(69056K)->63141K(69056K) Class: 26747K(34688K)->26747K(34688K)
[96.283s][info   ][gc          ] GC(68) Pause Full (System.gc()) 1607M->1607M(6144M) 844.445ms
[97.151s][info   ][gc,metaspace] GC(69) Metaspace: 89889K(103744K)->89889K(103744K) NonClass: 63141K(69056K)->63141K(69056K) Class: 26747K(34688K)->26747K(34688K)
[97.151s][info   ][gc          ] GC(69) Pause Full (System.gc()) 1607M->1607M(6144M) 867.240ms
[97.984s][info   ][gc,metaspace] GC(70) Metaspace: 89889K(103744K)->89889K(103744K) NonClass: 63141K(69056K)->63141K(69056K) Class: 26747K(34688K)->26747K(34688K)
[97.984s][info   ][gc          ] GC(70) Pause Full (System.gc()) 1607M->1607M(6144M) 833.127ms
[98.847s][info   ][gc,metaspace] GC(71) Metaspace: 89889K(103744K)->89889K(103744K) NonClass: 63141K(69056K)->63141K(69056K) Class: 26747K(34688K)->26747K(34688K)
[98.847s][info   ][gc          ] GC(71) Pause Full (System.gc()) 1607M->1607M(6144M) 863.631ms
[99.694s][info   ][gc,metaspace] GC(72) Metaspace: 89889K(103744K)->89889K(103744K) NonClass: 63141K(69056K)->63141K(69056K) Class: 26747K(34688K)->26747K(34688K)
[99.694s][info   ][gc          ] GC(72) Pause Full (System.gc()) 1607M->1607M(6144M) 846.125ms
[100.538s][info   ][gc,metaspace] GC(73) Metaspace: 89889K(103744K)->89889K(103744K) NonClass: 63141K(69056K)->63141K(69056K) Class: 26747K(34688K)->26747K(34688K)
[100.538s][info   ][gc          ] GC(73) Pause Full (System.gc()) 1607M->1607M(6144M) 844.796ms
[101.394s][info   ][gc,metaspace] GC(74) Metaspace: 89889K(103744K)->89889K(103744K) NonClass: 63141K(69056K)->63141K(69056K) Class: 26747K(34688K)->26747K(34688K)
[101.394s][info   ][gc          ] GC(74) Pause Full (System.gc()) 1607M->1607M(6144M) 855.083ms
[102.224s][info   ][gc,metaspace] GC(75) Metaspace: 89889K(103744K)->89889K(103744K) NonClass: 63141K(69056K)->63141K(69056K) Class: 26747K(34688K)->26747K(34688K)
[102.224s][info   ][gc          ] GC(75) Pause Full (System.gc()) 1607M->1607M(6144M) 830.575ms
[103.059s][info   ][gc,metaspace] GC(76) Metaspace: 89889K(103744K)->89889K(103744K) NonClass: 63141K(69056K)->63141K(69056K) Class: 26747K(34688K)->26747K(34688K)
[103.059s][info   ][gc          ] GC(76) Pause Full (System.gc()) 1607M->1607M(6144M) 834.222ms
[103.890s][info   ][gc,metaspace] GC(77) Metaspace: 89889K(103744K)->89889K(103744K) NonClass: 63141K(69056K)->63141K(69056K) Class: 26747K(34688K)->26747K(34688K)
[103.890s][info   ][gc          ] GC(77) Pause Full (System.gc()) 1607M->1607M(6144M) 831.116ms
[104.734s][info   ][gc,metaspace] GC(78) Metaspace: 89889K(103744K)->89889K(103744K) NonClass: 63141K(69056K)->63141K(69056K) Class: 26747K(34688K)->26747K(34688K)
[104.734s][info   ][gc          ] GC(78) Pause Full (System.gc()) 1607M->1607M(6144M) 843.937ms
[105.582s][info   ][gc,metaspace] GC(79) Metaspace: 89889K(103744K)->89889K(103744K) NonClass: 63141K(69056K)->63141K(69056K) Class: 26747K(34688K)->26747K(34688K)
[105.582s][info   ][gc          ] GC(79) Pause Full (System.gc()) 1607M->1607M(6144M) 848.417ms
[106.453s][info   ][gc,metaspace] GC(80) Metaspace: 89889K(103744K)->89889K(103744K) NonClass: 63141K(69056K)->63141K(69056K) Class: 26747K(34688K)->26747K(34688K)
[106.453s][info   ][gc          ] GC(80) Pause Full (System.gc()) 1607M->1607M(6144M) 870.983ms
[107.304s][info   ][gc,metaspace] GC(81) Metaspace: 89889K(103744K)->89889K(103744K) NonClass: 63141K(69056K)->63141K(69056K) Class: 26747K(34688K)->26747K(34688K)
[107.304s][info   ][gc          ] GC(81) Pause Full (System.gc()) 1607M->1607M(6144M) 850.323ms
[108.148s][info   ][gc,metaspace] GC(82) Metaspace: 89889K(103744K)->89889K(103744K) NonClass: 63141K(69056K)->63141K(69056K) Class: 26747K(34688K)->26747K(34688K)
[108.148s][info   ][gc          ] GC(82) Pause Full (System.gc()) 1607M->1607M(6144M) 843.898ms
After GCs... 
