Done; will start GCs... 
[67.222s][info   ][gc,metaspace] GC(32) Metaspace: 89893K(103744K)->89893K(103744K) NonClass: 63144K(69056K)->63144K(69056K) Class: 26748K(34688K)->26748K(34688K)
[67.222s][info   ][gc          ] GC(32) Pause Full (System.gc()) 1609M->1607M(6144M) 1149.355ms
[68.329s][info   ][gc,metaspace] GC(33) Metaspace: 89893K(103744K)->89893K(103744K) NonClass: 63144K(69056K)->63144K(69056K) Class: 26748K(34688K)->26748K(34688K)
[68.329s][info   ][gc          ] GC(33) Pause Full (System.gc()) 1607M->1607M(6144M) 1106.918ms
[69.476s][info   ][gc,metaspace] GC(34) Metaspace: 89893K(103744K)->89893K(103744K) NonClass: 63144K(69056K)->63144K(69056K) Class: 26748K(34688K)->26748K(34688K)
[69.476s][info   ][gc          ] GC(34) Pause Full (System.gc()) 1607M->1607M(6144M) 1146.410ms
[70.611s][info   ][gc,metaspace] GC(35) Metaspace: 89893K(103744K)->89893K(103744K) NonClass: 63144K(69056K)->63144K(69056K) Class: 26748K(34688K)->26748K(34688K)
[70.611s][info   ][gc          ] GC(35) Pause Full (System.gc()) 1607M->1607M(6144M) 1135.178ms
[71.741s][info   ][gc,metaspace] GC(36) Metaspace: 89893K(103744K)->89893K(103744K) NonClass: 63144K(69056K)->63144K(69056K) Class: 26748K(34688K)->26748K(34688K)
[71.741s][info   ][gc          ] GC(36) Pause Full (System.gc()) 1607M->1607M(6144M) 1129.495ms
[72.895s][info   ][gc,metaspace] GC(37) Metaspace: 89893K(103744K)->89893K(103744K) NonClass: 63144K(69056K)->63144K(69056K) Class: 26748K(34688K)->26748K(34688K)
[72.895s][info   ][gc          ] GC(37) Pause Full (System.gc()) 1607M->1607M(6144M) 1154.228ms
[74.028s][info   ][gc,metaspace] GC(38) Metaspace: 89893K(103744K)->89893K(103744K) NonClass: 63144K(69056K)->63144K(69056K) Class: 26748K(34688K)->26748K(34688K)
[74.028s][info   ][gc          ] GC(38) Pause Full (System.gc()) 1607M->1607M(6144M) 1133.085ms
[75.142s][info   ][gc,metaspace] GC(39) Metaspace: 89893K(103744K)->89893K(103744K) NonClass: 63144K(69056K)->63144K(69056K) Class: 26748K(34688K)->26748K(34688K)
[75.142s][info   ][gc          ] GC(39) Pause Full (System.gc()) 1607M->1607M(6144M) 1114.100ms
[76.306s][info   ][gc,metaspace] GC(40) Metaspace: 89893K(103744K)->89893K(103744K) NonClass: 63144K(69056K)->63144K(69056K) Class: 26748K(34688K)->26748K(34688K)
[76.306s][info   ][gc          ] GC(40) Pause Full (System.gc()) 1607M->1607M(6144M) 1159.562ms
[77.448s][info   ][gc,metaspace] GC(41) Metaspace: 89893K(103744K)->89893K(103744K) NonClass: 63144K(69056K)->63144K(69056K) Class: 26748K(34688K)->26748K(34688K)
[77.448s][info   ][gc          ] GC(41) Pause Full (System.gc()) 1607M->1607M(6144M) 1141.791ms
[78.564s][info   ][gc,metaspace] GC(42) Metaspace: 89893K(103744K)->89893K(103744K) NonClass: 63144K(69056K)->63144K(69056K) Class: 26748K(34688K)->26748K(34688K)
[78.564s][info   ][gc          ] GC(42) Pause Full (System.gc()) 1607M->1607M(6144M) 1116.165ms
[79.684s][info   ][gc,metaspace] GC(43) Metaspace: 89893K(103744K)->89893K(103744K) NonClass: 63144K(69056K)->63144K(69056K) Class: 26748K(34688K)->26748K(34688K)
[79.684s][info   ][gc          ] GC(43) Pause Full (System.gc()) 1607M->1607M(6144M) 1119.162ms
[80.829s][info   ][gc,metaspace] GC(44) Metaspace: 89893K(103744K)->89893K(103744K) NonClass: 63144K(69056K)->63144K(69056K) Class: 26748K(34688K)->26748K(34688K)
[80.830s][info   ][gc          ] GC(44) Pause Full (System.gc()) 1607M->1607M(6144M) 1145.781ms
[81.953s][info   ][gc,metaspace] GC(45) Metaspace: 89893K(103744K)->89893K(103744K) NonClass: 63144K(69056K)->63144K(69056K) Class: 26748K(34688K)->26748K(34688K)
[81.953s][info   ][gc          ] GC(45) Pause Full (System.gc()) 1607M->1607M(6144M) 1123.197ms
[83.107s][info   ][gc,metaspace] GC(46) Metaspace: 89893K(103744K)->89893K(103744K) NonClass: 63144K(69056K)->63144K(69056K) Class: 26748K(34688K)->26748K(34688K)
[83.107s][info   ][gc          ] GC(46) Pause Full (System.gc()) 1607M->1607M(6144M) 1154.384ms
[84.272s][info   ][gc,metaspace] GC(47) Metaspace: 89893K(103744K)->89893K(103744K) NonClass: 63144K(69056K)->63144K(69056K) Class: 26748K(34688K)->26748K(34688K)
[84.272s][info   ][gc          ] GC(47) Pause Full (System.gc()) 1607M->1607M(6144M) 1164.872ms
[85.376s][info   ][gc,metaspace] GC(48) Metaspace: 89893K(103744K)->89893K(103744K) NonClass: 63144K(69056K)->63144K(69056K) Class: 26748K(34688K)->26748K(34688K)
[85.376s][info   ][gc          ] GC(48) Pause Full (System.gc()) 1607M->1607M(6144M) 1103.791ms
[86.490s][info   ][gc,metaspace] GC(49) Metaspace: 89893K(103744K)->89893K(103744K) NonClass: 63144K(69056K)->63144K(69056K) Class: 26748K(34688K)->26748K(34688K)
[86.490s][info   ][gc          ] GC(49) Pause Full (System.gc()) 1607M->1607M(6144M) 1114.195ms
[87.614s][info   ][gc,metaspace] GC(50) Metaspace: 89893K(103744K)->89893K(103744K) NonClass: 63144K(69056K)->63144K(69056K) Class: 26748K(34688K)->26748K(34688K)
[87.614s][info   ][gc          ] GC(50) Pause Full (System.gc()) 1607M->1607M(6144M) 1123.416ms
[88.906s][info   ][gc,metaspace] GC(51) Metaspace: 89893K(103744K)->89893K(103744K) NonClass: 63144K(69056K)->63144K(69056K) Class: 26748K(34688K)->26748K(34688K)
[88.906s][info   ][gc          ] GC(51) Pause Full (System.gc()) 1607M->1607M(6144M) 1291.866ms
[90.057s][info   ][gc,metaspace] GC(52) Metaspace: 89893K(103744K)->89893K(103744K) NonClass: 63144K(69056K)->63144K(69056K) Class: 26748K(34688K)->26748K(34688K)
[90.057s][info   ][gc          ] GC(52) Pause Full (System.gc()) 1607M->1607M(6144M) 1151.320ms
[91.200s][info   ][gc,metaspace] GC(53) Metaspace: 89893K(103744K)->89893K(103744K) NonClass: 63144K(69056K)->63144K(69056K) Class: 26748K(34688K)->26748K(34688K)
[91.200s][info   ][gc          ] GC(53) Pause Full (System.gc()) 1607M->1607M(6144M) 1142.714ms
[92.338s][info   ][gc,metaspace] GC(54) Metaspace: 89893K(103744K)->89893K(103744K) NonClass: 63144K(69056K)->63144K(69056K) Class: 26748K(34688K)->26748K(34688K)
[92.338s][info   ][gc          ] GC(54) Pause Full (System.gc()) 1607M->1607M(6144M) 1137.959ms
[93.450s][info   ][gc,metaspace] GC(55) Metaspace: 89893K(103744K)->89893K(103744K) NonClass: 63144K(69056K)->63144K(69056K) Class: 26748K(34688K)->26748K(34688K)
[93.450s][info   ][gc          ] GC(55) Pause Full (System.gc()) 1607M->1607M(6144M) 1112.206ms
[94.558s][info   ][gc,metaspace] GC(56) Metaspace: 89893K(103744K)->89893K(103744K) NonClass: 63144K(69056K)->63144K(69056K) Class: 26748K(34688K)->26748K(34688K)
[94.558s][info   ][gc          ] GC(56) Pause Full (System.gc()) 1607M->1607M(6144M) 1107.836ms
[95.705s][info   ][gc,metaspace] GC(57) Metaspace: 89893K(103744K)->89893K(103744K) NonClass: 63144K(69056K)->63144K(69056K) Class: 26748K(34688K)->26748K(34688K)
[95.705s][info   ][gc          ] GC(57) Pause Full (System.gc()) 1607M->1607M(6144M) 1146.655ms
[96.805s][info   ][gc,metaspace] GC(58) Metaspace: 89893K(103744K)->89893K(103744K) NonClass: 63144K(69056K)->63144K(69056K) Class: 26748K(34688K)->26748K(34688K)
[96.805s][info   ][gc          ] GC(58) Pause Full (System.gc()) 1607M->1607M(6144M) 1100.569ms
[97.955s][info   ][gc,metaspace] GC(59) Metaspace: 89893K(103744K)->89893K(103744K) NonClass: 63144K(69056K)->63144K(69056K) Class: 26748K(34688K)->26748K(34688K)
[97.955s][info   ][gc          ] GC(59) Pause Full (System.gc()) 1607M->1607M(6144M) 1149.363ms
[99.085s][info   ][gc,metaspace] GC(60) Metaspace: 89893K(103744K)->89893K(103744K) NonClass: 63144K(69056K)->63144K(69056K) Class: 26748K(34688K)->26748K(34688K)
[99.085s][info   ][gc          ] GC(60) Pause Full (System.gc()) 1607M->1607M(6144M) 1129.804ms
[100.227s][info   ][gc,metaspace] GC(61) Metaspace: 89893K(103744K)->89893K(103744K) NonClass: 63144K(69056K)->63144K(69056K) Class: 26748K(34688K)->26748K(34688K)
[100.227s][info   ][gc          ] GC(61) Pause Full (System.gc()) 1607M->1607M(6144M) 1141.994ms
[101.337s][info   ][gc,metaspace] GC(62) Metaspace: 89893K(103744K)->89893K(103744K) NonClass: 63144K(69056K)->63144K(69056K) Class: 26748K(34688K)->26748K(34688K)
[101.337s][info   ][gc          ] GC(62) Pause Full (System.gc()) 1607M->1607M(6144M) 1109.665ms
[102.464s][info   ][gc,metaspace] GC(63) Metaspace: 89893K(103744K)->89893K(103744K) NonClass: 63144K(69056K)->63144K(69056K) Class: 26748K(34688K)->26748K(34688K)
[102.464s][info   ][gc          ] GC(63) Pause Full (System.gc()) 1607M->1607M(6144M) 1127.504ms
[103.614s][info   ][gc,metaspace] GC(64) Metaspace: 89893K(103744K)->89893K(103744K) NonClass: 63144K(69056K)->63144K(69056K) Class: 26748K(34688K)->26748K(34688K)
[103.614s][info   ][gc          ] GC(64) Pause Full (System.gc()) 1607M->1607M(6144M) 1150.130ms
[104.911s][info   ][gc,metaspace] GC(65) Metaspace: 89893K(103744K)->89893K(103744K) NonClass: 63144K(69056K)->63144K(69056K) Class: 26748K(34688K)->26748K(34688K)
[104.911s][info   ][gc          ] GC(65) Pause Full (System.gc()) 1607M->1607M(6144M) 1296.490ms
[106.068s][info   ][gc,metaspace] GC(66) Metaspace: 89893K(103744K)->89893K(103744K) NonClass: 63144K(69056K)->63144K(69056K) Class: 26748K(34688K)->26748K(34688K)
[106.068s][info   ][gc          ] GC(66) Pause Full (System.gc()) 1607M->1607M(6144M) 1157.116ms
[107.239s][info   ][gc,metaspace] GC(67) Metaspace: 89893K(103744K)->89893K(103744K) NonClass: 63144K(69056K)->63144K(69056K) Class: 26748K(34688K)->26748K(34688K)
[107.239s][info   ][gc          ] GC(67) Pause Full (System.gc()) 1607M->1607M(6144M) 1171.091ms
[108.370s][info   ][gc,metaspace] GC(68) Metaspace: 89893K(103744K)->89893K(103744K) NonClass: 63144K(69056K)->63144K(69056K) Class: 26748K(34688K)->26748K(34688K)
[108.370s][info   ][gc          ] GC(68) Pause Full (System.gc()) 1607M->1607M(6144M) 1130.342ms
[109.553s][info   ][gc,metaspace] GC(69) Metaspace: 89893K(103744K)->89893K(103744K) NonClass: 63144K(69056K)->63144K(69056K) Class: 26748K(34688K)->26748K(34688K)
[109.553s][info   ][gc          ] GC(69) Pause Full (System.gc()) 1607M->1607M(6144M) 1182.921ms
[110.671s][info   ][gc,metaspace] GC(70) Metaspace: 89893K(103744K)->89893K(103744K) NonClass: 63144K(69056K)->63144K(69056K) Class: 26748K(34688K)->26748K(34688K)
[110.671s][info   ][gc          ] GC(70) Pause Full (System.gc()) 1607M->1607M(6144M) 1118.508ms
[111.812s][info   ][gc,metaspace] GC(71) Metaspace: 89893K(103744K)->89893K(103744K) NonClass: 63144K(69056K)->63144K(69056K) Class: 26748K(34688K)->26748K(34688K)
[111.812s][info   ][gc          ] GC(71) Pause Full (System.gc()) 1607M->1607M(6144M) 1140.685ms
[112.949s][info   ][gc,metaspace] GC(72) Metaspace: 89893K(103744K)->89893K(103744K) NonClass: 63144K(69056K)->63144K(69056K) Class: 26748K(34688K)->26748K(34688K)
[112.949s][info   ][gc          ] GC(72) Pause Full (System.gc()) 1607M->1607M(6144M) 1137.012ms
[114.078s][info   ][gc,metaspace] GC(73) Metaspace: 89893K(103744K)->89893K(103744K) NonClass: 63144K(69056K)->63144K(69056K) Class: 26748K(34688K)->26748K(34688K)
[114.078s][info   ][gc          ] GC(73) Pause Full (System.gc()) 1607M->1607M(6144M) 1129.091ms
[115.225s][info   ][gc,metaspace] GC(74) Metaspace: 89893K(103744K)->89893K(103744K) NonClass: 63144K(69056K)->63144K(69056K) Class: 26748K(34688K)->26748K(34688K)
[115.225s][info   ][gc          ] GC(74) Pause Full (System.gc()) 1607M->1607M(6144M) 1146.396ms
[116.356s][info   ][gc,metaspace] GC(75) Metaspace: 89893K(103744K)->89893K(103744K) NonClass: 63144K(69056K)->63144K(69056K) Class: 26748K(34688K)->26748K(34688K)
[116.356s][info   ][gc          ] GC(75) Pause Full (System.gc()) 1607M->1607M(6144M) 1131.391ms
[117.486s][info   ][gc,metaspace] GC(76) Metaspace: 89893K(103744K)->89893K(103744K) NonClass: 63144K(69056K)->63144K(69056K) Class: 26748K(34688K)->26748K(34688K)
[117.486s][info   ][gc          ] GC(76) Pause Full (System.gc()) 1607M->1607M(6144M) 1129.958ms
[118.612s][info   ][gc,metaspace] GC(77) Metaspace: 89893K(103744K)->89893K(103744K) NonClass: 63144K(69056K)->63144K(69056K) Class: 26748K(34688K)->26748K(34688K)
[118.612s][info   ][gc          ] GC(77) Pause Full (System.gc()) 1607M->1607M(6144M) 1125.523ms
[119.736s][info   ][gc,metaspace] GC(78) Metaspace: 89893K(103744K)->89893K(103744K) NonClass: 63144K(69056K)->63144K(69056K) Class: 26748K(34688K)->26748K(34688K)
[119.736s][info   ][gc          ] GC(78) Pause Full (System.gc()) 1607M->1607M(6144M) 1124.059ms
[120.888s][info   ][gc,metaspace] GC(79) Metaspace: 89893K(103744K)->89893K(103744K) NonClass: 63144K(69056K)->63144K(69056K) Class: 26748K(34688K)->26748K(34688K)
[120.888s][info   ][gc          ] GC(79) Pause Full (System.gc()) 1607M->1607M(6144M) 1151.735ms
[122.011s][info   ][gc,metaspace] GC(80) Metaspace: 89893K(103744K)->89893K(103744K) NonClass: 63144K(69056K)->63144K(69056K) Class: 26748K(34688K)->26748K(34688K)
[122.011s][info   ][gc          ] GC(80) Pause Full (System.gc()) 1607M->1607M(6144M) 1123.244ms
[123.135s][info   ][gc,metaspace] GC(81) Metaspace: 89893K(103744K)->89893K(103744K) NonClass: 63144K(69056K)->63144K(69056K) Class: 26748K(34688K)->26748K(34688K)
[123.135s][info   ][gc          ] GC(81) Pause Full (System.gc()) 1607M->1607M(6144M) 1123.841ms
After GCs... 
