Done; will start GCs... 
[63.226s][info   ][gc,metaspace] GC(32) Metaspace: 88097K(101952K)->88097K(101952K) NonClass: 69704K(75648K)->69704K(75648K) Class: 18392K(26304K)->18392K(26304K)
[63.227s][info   ][gc          ] GC(32) Pause Full (System.gc()) 1826M->1822M(6144M) 904.141ms
[64.198s][info   ][gc,metaspace] GC(33) Metaspace: 88097K(101952K)->88097K(101952K) NonClass: 69704K(75648K)->69704K(75648K) Class: 18392K(26304K)->18392K(26304K)
[64.199s][info   ][gc          ] GC(33) Pause Full (System.gc()) 1822M->1822M(6144M) 971.938ms
[64.999s][info   ][gc,metaspace] GC(34) Metaspace: 88097K(101952K)->88097K(101952K) NonClass: 69704K(75648K)->69704K(75648K) Class: 18392K(26304K)->18392K(26304K)
[64.999s][info   ][gc          ] GC(34) Pause Full (System.gc()) 1822M->1822M(6144M) 800.585ms
[65.806s][info   ][gc,metaspace] GC(35) Metaspace: 88097K(101952K)->88097K(101952K) NonClass: 69704K(75648K)->69704K(75648K) Class: 18392K(26304K)->18392K(26304K)
[65.806s][info   ][gc          ] GC(35) Pause Full (System.gc()) 1822M->1822M(6144M) 807.251ms
[66.584s][info   ][gc,metaspace] GC(36) Metaspace: 88097K(101952K)->88097K(101952K) NonClass: 69704K(75648K)->69704K(75648K) Class: 18392K(26304K)->18392K(26304K)
[66.584s][info   ][gc          ] GC(36) Pause Full (System.gc()) 1822M->1822M(6144M) 777.914ms
[67.370s][info   ][gc,metaspace] GC(37) Metaspace: 88097K(101952K)->88097K(101952K) NonClass: 69704K(75648K)->69704K(75648K) Class: 18392K(26304K)->18392K(26304K)
[67.370s][info   ][gc          ] GC(37) Pause Full (System.gc()) 1822M->1822M(6144M) 785.862ms
[68.159s][info   ][gc,metaspace] GC(38) Metaspace: 88097K(101952K)->88097K(101952K) NonClass: 69704K(75648K)->69704K(75648K) Class: 18392K(26304K)->18392K(26304K)
[68.159s][info   ][gc          ] GC(38) Pause Full (System.gc()) 1822M->1822M(6144M) 788.718ms
[68.954s][info   ][gc,metaspace] GC(39) Metaspace: 88097K(101952K)->88097K(101952K) NonClass: 69704K(75648K)->69704K(75648K) Class: 18392K(26304K)->18392K(26304K)
[68.954s][info   ][gc          ] GC(39) Pause Full (System.gc()) 1822M->1822M(6144M) 794.815ms
[69.740s][info   ][gc,metaspace] GC(40) Metaspace: 88097K(101952K)->88097K(101952K) NonClass: 69704K(75648K)->69704K(75648K) Class: 18392K(26304K)->18392K(26304K)
[69.740s][info   ][gc          ] GC(40) Pause Full (System.gc()) 1822M->1822M(6144M) 786.006ms
[70.597s][info   ][gc,metaspace] GC(41) Metaspace: 88097K(101952K)->88097K(101952K) NonClass: 69704K(75648K)->69704K(75648K) Class: 18392K(26304K)->18392K(26304K)
[70.597s][info   ][gc          ] GC(41) Pause Full (System.gc()) 1822M->1822M(6144M) 857.182ms
[71.498s][info   ][gc,metaspace] GC(42) Metaspace: 88097K(101952K)->88097K(101952K) NonClass: 69704K(75648K)->69704K(75648K) Class: 18392K(26304K)->18392K(26304K)
[71.498s][info   ][gc          ] GC(42) Pause Full (System.gc()) 1822M->1822M(6144M) 900.791ms
[72.372s][info   ][gc,metaspace] GC(43) Metaspace: 88097K(101952K)->88097K(101952K) NonClass: 69704K(75648K)->69704K(75648K) Class: 18392K(26304K)->18392K(26304K)
[72.372s][info   ][gc          ] GC(43) Pause Full (System.gc()) 1822M->1822M(6144M) 869.523ms
[73.248s][info   ][gc,metaspace] GC(44) Metaspace: 88097K(101952K)->88097K(101952K) NonClass: 69704K(75648K)->69704K(75648K) Class: 18392K(26304K)->18392K(26304K)
[73.248s][info   ][gc          ] GC(44) Pause Full (System.gc()) 1822M->1822M(6144M) 875.831ms
[74.127s][info   ][gc,metaspace] GC(45) Metaspace: 88097K(101952K)->88097K(101952K) NonClass: 69704K(75648K)->69704K(75648K) Class: 18392K(26304K)->18392K(26304K)
[74.127s][info   ][gc          ] GC(45) Pause Full (System.gc()) 1822M->1822M(6144M) 879.036ms
[75.019s][info   ][gc,metaspace] GC(46) Metaspace: 88097K(101952K)->88097K(101952K) NonClass: 69704K(75648K)->69704K(75648K) Class: 18392K(26304K)->18392K(26304K)
[75.019s][info   ][gc          ] GC(46) Pause Full (System.gc()) 1822M->1822M(6144M) 891.613ms
[75.907s][info   ][gc,metaspace] GC(47) Metaspace: 88097K(101952K)->88097K(101952K) NonClass: 69704K(75648K)->69704K(75648K) Class: 18392K(26304K)->18392K(26304K)
[75.907s][info   ][gc          ] GC(47) Pause Full (System.gc()) 1822M->1822M(6144M) 888.575ms
[76.804s][info   ][gc,metaspace] GC(48) Metaspace: 88097K(101952K)->88097K(101952K) NonClass: 69704K(75648K)->69704K(75648K) Class: 18392K(26304K)->18392K(26304K)
[76.804s][info   ][gc          ] GC(48) Pause Full (System.gc()) 1822M->1822M(6144M) 896.382ms
[77.687s][info   ][gc,metaspace] GC(49) Metaspace: 88097K(101952K)->88097K(101952K) NonClass: 69704K(75648K)->69704K(75648K) Class: 18392K(26304K)->18392K(26304K)
[77.688s][info   ][gc          ] GC(49) Pause Full (System.gc()) 1822M->1822M(6144M) 883.506ms
[78.561s][info   ][gc,metaspace] GC(50) Metaspace: 88097K(101952K)->88097K(101952K) NonClass: 69704K(75648K)->69704K(75648K) Class: 18392K(26304K)->18392K(26304K)
[78.561s][info   ][gc          ] GC(50) Pause Full (System.gc()) 1822M->1822M(6144M) 873.440ms
[79.444s][info   ][gc,metaspace] GC(51) Metaspace: 88097K(101952K)->88097K(101952K) NonClass: 69704K(75648K)->69704K(75648K) Class: 18392K(26304K)->18392K(26304K)
[79.445s][info   ][gc          ] GC(51) Pause Full (System.gc()) 1822M->1822M(6144M) 883.455ms
[80.339s][info   ][gc,metaspace] GC(52) Metaspace: 88097K(101952K)->88097K(101952K) NonClass: 69704K(75648K)->69704K(75648K) Class: 18392K(26304K)->18392K(26304K)
[80.339s][info   ][gc          ] GC(52) Pause Full (System.gc()) 1822M->1822M(6144M) 894.764ms
[81.211s][info   ][gc,metaspace] GC(53) Metaspace: 88097K(101952K)->88097K(101952K) NonClass: 69704K(75648K)->69704K(75648K) Class: 18392K(26304K)->18392K(26304K)
[81.211s][info   ][gc          ] GC(53) Pause Full (System.gc()) 1822M->1822M(6144M) 871.833ms
[82.104s][info   ][gc,metaspace] GC(54) Metaspace: 88097K(101952K)->88097K(101952K) NonClass: 69704K(75648K)->69704K(75648K) Class: 18392K(26304K)->18392K(26304K)
[82.104s][info   ][gc          ] GC(54) Pause Full (System.gc()) 1822M->1822M(6144M) 892.932ms
[82.967s][info   ][gc,metaspace] GC(55) Metaspace: 88097K(101952K)->88097K(101952K) NonClass: 69704K(75648K)->69704K(75648K) Class: 18392K(26304K)->18392K(26304K)
[82.967s][info   ][gc          ] GC(55) Pause Full (System.gc()) 1822M->1822M(6144M) 863.110ms
[83.846s][info   ][gc,metaspace] GC(56) Metaspace: 88097K(101952K)->88097K(101952K) NonClass: 69704K(75648K)->69704K(75648K) Class: 18392K(26304K)->18392K(26304K)
[83.846s][info   ][gc          ] GC(56) Pause Full (System.gc()) 1822M->1822M(6144M) 878.186ms
[84.713s][info   ][gc,metaspace] GC(57) Metaspace: 88097K(101952K)->88097K(101952K) NonClass: 69704K(75648K)->69704K(75648K) Class: 18392K(26304K)->18392K(26304K)
[84.713s][info   ][gc          ] GC(57) Pause Full (System.gc()) 1822M->1822M(6144M) 867.005ms
[85.606s][info   ][gc,metaspace] GC(58) Metaspace: 88097K(101952K)->88097K(101952K) NonClass: 69704K(75648K)->69704K(75648K) Class: 18392K(26304K)->18392K(26304K)
[85.606s][info   ][gc          ] GC(58) Pause Full (System.gc()) 1822M->1822M(6144M) 893.202ms
[86.492s][info   ][gc,metaspace] GC(59) Metaspace: 88097K(101952K)->88097K(101952K) NonClass: 69704K(75648K)->69704K(75648K) Class: 18392K(26304K)->18392K(26304K)
[86.492s][info   ][gc          ] GC(59) Pause Full (System.gc()) 1822M->1822M(6144M) 885.594ms
[87.377s][info   ][gc,metaspace] GC(60) Metaspace: 88097K(101952K)->88097K(101952K) NonClass: 69704K(75648K)->69704K(75648K) Class: 18392K(26304K)->18392K(26304K)
[87.377s][info   ][gc          ] GC(60) Pause Full (System.gc()) 1822M->1822M(6144M) 885.220ms
[88.255s][info   ][gc,metaspace] GC(61) Metaspace: 88097K(101952K)->88097K(101952K) NonClass: 69704K(75648K)->69704K(75648K) Class: 18392K(26304K)->18392K(26304K)
[88.255s][info   ][gc          ] GC(61) Pause Full (System.gc()) 1822M->1822M(6144M) 873.681ms
[89.146s][info   ][gc,metaspace] GC(62) Metaspace: 88097K(101952K)->88097K(101952K) NonClass: 69704K(75648K)->69704K(75648K) Class: 18392K(26304K)->18392K(26304K)
[89.146s][info   ][gc          ] GC(62) Pause Full (System.gc()) 1822M->1822M(6144M) 891.023ms
[90.014s][info   ][gc,metaspace] GC(63) Metaspace: 88097K(101952K)->88097K(101952K) NonClass: 69704K(75648K)->69704K(75648K) Class: 18392K(26304K)->18392K(26304K)
[90.014s][info   ][gc          ] GC(63) Pause Full (System.gc()) 1822M->1822M(6144M) 868.214ms
[90.885s][info   ][gc,metaspace] GC(64) Metaspace: 88097K(101952K)->88097K(101952K) NonClass: 69704K(75648K)->69704K(75648K) Class: 18392K(26304K)->18392K(26304K)
[90.885s][info   ][gc          ] GC(64) Pause Full (System.gc()) 1822M->1822M(6144M) 870.851ms
[91.752s][info   ][gc,metaspace] GC(65) Metaspace: 88097K(101952K)->88097K(101952K) NonClass: 69704K(75648K)->69704K(75648K) Class: 18392K(26304K)->18392K(26304K)
[91.753s][info   ][gc          ] GC(65) Pause Full (System.gc()) 1822M->1822M(6144M) 867.149ms
[92.653s][info   ][gc,metaspace] GC(66) Metaspace: 88097K(101952K)->88097K(101952K) NonClass: 69704K(75648K)->69704K(75648K) Class: 18392K(26304K)->18392K(26304K)
[92.653s][info   ][gc          ] GC(66) Pause Full (System.gc()) 1822M->1822M(6144M) 900.159ms
[93.547s][info   ][gc,metaspace] GC(67) Metaspace: 88097K(101952K)->88097K(101952K) NonClass: 69704K(75648K)->69704K(75648K) Class: 18392K(26304K)->18392K(26304K)
[93.547s][info   ][gc          ] GC(67) Pause Full (System.gc()) 1822M->1822M(6144M) 894.667ms
[94.432s][info   ][gc,metaspace] GC(68) Metaspace: 88097K(101952K)->88097K(101952K) NonClass: 69704K(75648K)->69704K(75648K) Class: 18392K(26304K)->18392K(26304K)
[94.432s][info   ][gc          ] GC(68) Pause Full (System.gc()) 1822M->1822M(6144M) 884.877ms
[95.321s][info   ][gc,metaspace] GC(69) Metaspace: 88097K(101952K)->88097K(101952K) NonClass: 69704K(75648K)->69704K(75648K) Class: 18392K(26304K)->18392K(26304K)
[95.321s][info   ][gc          ] GC(69) Pause Full (System.gc()) 1822M->1822M(6144M) 888.117ms
[96.196s][info   ][gc,metaspace] GC(70) Metaspace: 88097K(101952K)->88097K(101952K) NonClass: 69704K(75648K)->69704K(75648K) Class: 18392K(26304K)->18392K(26304K)
[96.196s][info   ][gc          ] GC(70) Pause Full (System.gc()) 1822M->1822M(6144M) 875.714ms
[97.068s][info   ][gc,metaspace] GC(71) Metaspace: 88097K(101952K)->88097K(101952K) NonClass: 69704K(75648K)->69704K(75648K) Class: 18392K(26304K)->18392K(26304K)
[97.068s][info   ][gc          ] GC(71) Pause Full (System.gc()) 1822M->1822M(6144M) 872.002ms
[97.945s][info   ][gc,metaspace] GC(72) Metaspace: 88097K(101952K)->88097K(101952K) NonClass: 69704K(75648K)->69704K(75648K) Class: 18392K(26304K)->18392K(26304K)
[97.945s][info   ][gc          ] GC(72) Pause Full (System.gc()) 1822M->1822M(6144M) 876.402ms
[98.864s][info   ][gc,metaspace] GC(73) Metaspace: 88097K(101952K)->88097K(101952K) NonClass: 69704K(75648K)->69704K(75648K) Class: 18392K(26304K)->18392K(26304K)
[98.864s][info   ][gc          ] GC(73) Pause Full (System.gc()) 1822M->1822M(6144M) 919.532ms
[99.739s][info   ][gc,metaspace] GC(74) Metaspace: 88097K(101952K)->88097K(101952K) NonClass: 69704K(75648K)->69704K(75648K) Class: 18392K(26304K)->18392K(26304K)
[99.739s][info   ][gc          ] GC(74) Pause Full (System.gc()) 1822M->1822M(6144M) 874.594ms
[100.596s][info   ][gc,metaspace] GC(75) Metaspace: 88097K(101952K)->88097K(101952K) NonClass: 69704K(75648K)->69704K(75648K) Class: 18392K(26304K)->18392K(26304K)
[100.596s][info   ][gc          ] GC(75) Pause Full (System.gc()) 1822M->1822M(6144M) 857.209ms
[101.467s][info   ][gc,metaspace] GC(76) Metaspace: 88097K(101952K)->88097K(101952K) NonClass: 69704K(75648K)->69704K(75648K) Class: 18392K(26304K)->18392K(26304K)
[101.467s][info   ][gc          ] GC(76) Pause Full (System.gc()) 1822M->1822M(6144M) 870.371ms
[102.368s][info   ][gc,metaspace] GC(77) Metaspace: 88097K(101952K)->88097K(101952K) NonClass: 69704K(75648K)->69704K(75648K) Class: 18392K(26304K)->18392K(26304K)
[102.368s][info   ][gc          ] GC(77) Pause Full (System.gc()) 1822M->1822M(6144M) 901.441ms
[103.243s][info   ][gc,metaspace] GC(78) Metaspace: 88097K(101952K)->88097K(101952K) NonClass: 69704K(75648K)->69704K(75648K) Class: 18392K(26304K)->18392K(26304K)
[103.243s][info   ][gc          ] GC(78) Pause Full (System.gc()) 1822M->1822M(6144M) 874.270ms
[104.126s][info   ][gc,metaspace] GC(79) Metaspace: 88097K(101952K)->88097K(101952K) NonClass: 69704K(75648K)->69704K(75648K) Class: 18392K(26304K)->18392K(26304K)
[104.126s][info   ][gc          ] GC(79) Pause Full (System.gc()) 1822M->1822M(6144M) 878.620ms
[105.000s][info   ][gc,metaspace] GC(80) Metaspace: 88097K(101952K)->88097K(101952K) NonClass: 69704K(75648K)->69704K(75648K) Class: 18392K(26304K)->18392K(26304K)
[105.001s][info   ][gc          ] GC(80) Pause Full (System.gc()) 1822M->1822M(6144M) 874.768ms
[105.859s][info   ][gc,metaspace] GC(81) Metaspace: 88097K(101952K)->88097K(101952K) NonClass: 69704K(75648K)->69704K(75648K) Class: 18392K(26304K)->18392K(26304K)
[105.859s][info   ][gc          ] GC(81) Pause Full (System.gc()) 1822M->1822M(6144M) 858.052ms
After GCs... 
