[0.002s][warning][pagesize] UseLargePages disabled, no large pages configured and available on the system.
[0.002s][info   ][metaspace]  - commit_granule_bytes: 65536.
[0.002s][info   ][metaspace]  - commit_granule_words: 8192.
[0.002s][info   ][metaspace]  - virtual_space_node_default_size: 8388608.
[0.002s][info   ][metaspace]  - enlarge_chunks_in_place: 1.
[0.002s][info   ][metaspace]  - use_allocation_guard: 0.
[0.009s][info   ][gc       ] Using G1
[0.594s][info   ][metaspace] Reserving compressed class space anywhere
[0.594s][info   ][gc,metaspace] CDS archive(s) not mapped
[0.594s][info   ][gc,metaspace] Compressed class space mapped at: 0x000000002b000000-0x00000000eb000000, reserved size: 3221225472
[0.594s][info   ][gc,metaspace] UseCompressedClassPointers 1, UseCompactObjectHeaders 1, narrow klass pointer bits 22, max shift 10
[0.594s][info   ][gc,metaspace] Narrow klass base: 0x000000002b000000, Narrow klass shift: 10, Narrow klass range: 0xc0000000
Random Seed: 12345678
Num Classes: 16384
Num Objects: 67108864
Percent IK Objects: 83.0%)
Percent OAK Objects: 5.0%)
Percent TAK Objects: 12.0%)
Cycles: 50
Loading 16384 pre-generated classes ...
Materialize pre-generated constructors ...
Creating objects...
[1.376s][info   ][gc,metaspace] GC(0) Metaspace: 36836K(37120K)->36836K(37120K) NonClass: 18671K(18816K)->18671K(18816K) Class: 18165K(18304K)->18165K(18304K)
[1.376s][info   ][gc          ] GC(0) Pause Full (System.gc()) 70M->11M(6144M) 22.078ms
[2.127s][info   ][gc,metaspace] GC(1) Metaspace: 37677K(38016K)->37677K(38016K) NonClass: 19512K(19712K)->19512K(19712K) Class: 18165K(18304K)->18165K(18304K)
[2.127s][info   ][gc          ] GC(1) Pause Young (Normal) (G1 Evacuation Pause) 575M->300M(6144M) 26.323ms
[2.693s][info   ][gc,metaspace] GC(2) Metaspace: 40032K(41472K)->40032K(41472K) NonClass: 21287K(22080K)->21287K(22080K) Class: 18745K(19392K)->18745K(19392K)
[2.693s][info   ][gc          ] GC(2) Pause Young (Normal) (G1 Evacuation Pause) 572M->323M(6144M) 33.951ms
[3.285s][info   ][gc,metaspace] GC(3) Metaspace: 52286K(60416K)->52286K(60416K) NonClass: 30233K(34688K)->30233K(34688K) Class: 22052K(25728K)->22052K(25728K)
[3.286s][info   ][gc          ] GC(3) Pause Young (Normal) (G1 Evacuation Pause) 603M->329M(6144M) 15.948ms
[3.802s][info   ][gc,metaspace] GC(4) Metaspace: 64970K(80064K)->64970K(80064K) NonClass: 39491K(47808K)->39491K(47808K) Class: 25479K(32256K)->25479K(32256K)
[3.803s][info   ][gc          ] GC(4) Pause Young (Normal) (G1 Evacuation Pause) 601M->339M(6144M) 23.423ms
[4.952s][info   ][gc,metaspace] GC(5) Metaspace: 69665K(87360K)->69665K(87360K) NonClass: 42917K(52672K)->42917K(52672K) Class: 26747K(34688K)->26747K(34688K)
[4.952s][info   ][gc          ] GC(5) Pause Young (Normal) (G1 Evacuation Pause) 623M->359M(6144M) 25.260ms
[6.221s][info   ][gc,metaspace] GC(6) Metaspace: 69665K(87360K)->69665K(87360K) NonClass: 42917K(52672K)->42917K(52672K) Class: 26747K(34688K)->26747K(34688K)
[6.221s][info   ][gc          ] GC(6) Pause Young (Normal) (G1 Evacuation Pause) 623M->379M(6144M) 35.925ms
[7.611s][info   ][gc,metaspace] GC(7) Metaspace: 69665K(87360K)->69665K(87360K) NonClass: 42917K(52672K)->42917K(52672K) Class: 26747K(34688K)->26747K(34688K)
[7.612s][info   ][gc          ] GC(7) Pause Young (Normal) (G1 Evacuation Pause) 643M->406M(6144M) 45.465ms
[9.213s][info   ][gc,metaspace] GC(8) Metaspace: 71787K(89088K)->71787K(89088K) NonClass: 45039K(54400K)->45039K(54400K) Class: 26747K(34688K)->26747K(34688K)
[9.213s][info   ][gc          ] GC(8) Pause Young (Normal) (G1 Evacuation Pause) 710M->431M(6144M) 32.484ms
[10.513s][info   ][gc,metaspace] GC(9) Metaspace: 82128K(97472K)->82128K(97472K) NonClass: 55381K(62784K)->55381K(62784K) Class: 26747K(34688K)->26747K(34688K)
[10.513s][info   ][gc          ] GC(9) Pause Young (Concurrent Start) (CodeCache GC Threshold) 689M->455M(6144M) 45.049ms
[10.513s][info   ][gc          ] GC(10) Concurrent Mark Cycle
[10.760s][info   ][gc          ] GC(10) Pause Remark 505M->505M(6144M) 9.312ms
[10.955s][info   ][gc          ] GC(10) Pause Cleanup 545M->545M(6144M) 0.030ms
[10.961s][info   ][gc          ] GC(10) Concurrent Mark Cycle 447.750ms
[12.361s][info   ][gc,metaspace] GC(11) Metaspace: 84891K(99648K)->84891K(99648K) NonClass: 58143K(64960K)->58143K(64960K) Class: 26747K(34688K)->26747K(34688K)
[12.361s][info   ][gc          ] GC(11) Pause Young (Prepare Mixed) (G1 Evacuation Pause) 859M->492M(6144M) 48.584ms
[13.698s][info   ][gc,metaspace] GC(12) Metaspace: 89600K(103488K)->89600K(103488K) NonClass: 62853K(68800K)->62853K(68800K) Class: 26747K(34688K)->26747K(34688K)
[13.698s][info   ][gc          ] GC(12) Pause Young (Mixed) (G1 Evacuation Pause) 836M->527M(6144M) 53.199ms
[15.188s][info   ][gc,metaspace] GC(13) Metaspace: 89848K(103680K)->89848K(103680K) NonClass: 63101K(68992K)->63101K(68992K) Class: 26747K(34688K)->26747K(34688K)
[15.188s][info   ][gc          ] GC(13) Pause Young (Mixed) (G1 Evacuation Pause) 931M->561M(6144M) 47.544ms
[16.587s][info   ][gc,metaspace] GC(14) Metaspace: 89889K(103744K)->89889K(103744K) NonClass: 63141K(69056K)->63141K(69056K) Class: 26747K(34688K)->26747K(34688K)
[16.587s][info   ][gc          ] GC(14) Pause Young (Normal) (G1 Evacuation Pause) 945M->594M(6144M) 54.201ms
[18.335s][info   ][gc,metaspace] GC(15) Metaspace: 89889K(103744K)->89889K(103744K) NonClass: 63141K(69056K)->63141K(69056K) Class: 26747K(34688K)->26747K(34688K)
[18.335s][info   ][gc          ] GC(15) Pause Young (Normal) (G1 Evacuation Pause) 1066M->635M(6144M) 62.899ms
[20.050s][info   ][gc,metaspace] GC(16) Metaspace: 89889K(103744K)->89889K(103744K) NonClass: 63141K(69056K)->63141K(69056K) Class: 26747K(34688K)->26747K(34688K)
[20.050s][info   ][gc          ] GC(16) Pause Young (Normal) (G1 Evacuation Pause) 1091M->680M(6144M) 75.399ms
[22.258s][info   ][gc,metaspace] GC(17) Metaspace: 89889K(103744K)->89889K(103744K) NonClass: 63141K(69056K)->63141K(69056K) Class: 26747K(34688K)->26747K(34688K)
[22.258s][info   ][gc          ] GC(17) Pause Young (Normal) (G1 Evacuation Pause) 1288M->729M(6144M) 62.779ms
[24.225s][info   ][gc,metaspace] GC(18) Metaspace: 89889K(103744K)->89889K(103744K) NonClass: 63141K(69056K)->63141K(69056K) Class: 26747K(34688K)->26747K(34688K)
[24.225s][info   ][gc          ] GC(18) Pause Young (Normal) (G1 Evacuation Pause) 1257M->782M(6144M) 87.489ms
[26.796s][info   ][gc,metaspace] GC(19) Metaspace: 89889K(103744K)->89889K(103744K) NonClass: 63141K(69056K)->63141K(69056K) Class: 26747K(34688K)->26747K(34688K)
[26.796s][info   ][gc          ] GC(19) Pause Young (Normal) (G1 Evacuation Pause) 1494M->841M(6144M) 76.288ms
[29.189s][info   ][gc,metaspace] GC(20) Metaspace: 89889K(103744K)->89889K(103744K) NonClass: 63141K(69056K)->63141K(69056K) Class: 26747K(34688K)->26747K(34688K)
[29.189s][info   ][gc          ] GC(20) Pause Young (Normal) (G1 Evacuation Pause) 1473M->903M(6144M) 102.182ms
[32.200s][info   ][gc,metaspace] GC(21) Metaspace: 89889K(103744K)->89889K(103744K) NonClass: 63141K(69056K)->63141K(69056K) Class: 26747K(34688K)->26747K(34688K)
[32.200s][info   ][gc          ] GC(21) Pause Young (Normal) (G1 Evacuation Pause) 1723M->971M(6144M) 88.716ms
[34.991s][info   ][gc,metaspace] GC(22) Metaspace: 89889K(103744K)->89889K(103744K) NonClass: 63141K(69056K)->63141K(69056K) Class: 26747K(34688K)->26747K(34688K)
[34.991s][info   ][gc          ] GC(22) Pause Young (Normal) (G1 Evacuation Pause) 1695M->1038M(6144M) 126.875ms
[38.312s][info   ][gc,metaspace] GC(23) Metaspace: 89889K(103744K)->89889K(103744K) NonClass: 63141K(69056K)->63141K(69056K) Class: 26747K(34688K)->26747K(34688K)
[38.312s][info   ][gc          ] GC(23) Pause Young (Normal) (G1 Evacuation Pause) 1954M->1117M(6144M) 94.560ms
[41.339s][info   ][gc,metaspace] GC(24) Metaspace: 89889K(103744K)->89889K(103744K) NonClass: 63141K(69056K)->63141K(69056K) Class: 26747K(34688K)->26747K(34688K)
[41.339s][info   ][gc          ] GC(24) Pause Young (Normal) (G1 Evacuation Pause) 1929M->1196M(6144M) 129.661ms
[45.059s][info   ][gc,metaspace] GC(25) Metaspace: 89889K(103744K)->89889K(103744K) NonClass: 63141K(69056K)->63141K(69056K) Class: 26747K(34688K)->26747K(34688K)
[45.059s][info   ][gc          ] GC(25) Pause Young (Normal) (G1 Evacuation Pause) 2208M->1277M(6144M) 114.881ms
[48.315s][info   ][gc,metaspace] GC(26) Metaspace: 89889K(103744K)->89889K(103744K) NonClass: 63141K(69056K)->63141K(69056K) Class: 26747K(34688K)->26747K(34688K)
[48.315s][info   ][gc          ] GC(26) Pause Young (Normal) (G1 Evacuation Pause) 2149M->1363M(6144M) 141.424ms
[52.357s][info   ][gc,metaspace] GC(27) Metaspace: 89889K(103744K)->89889K(103744K) NonClass: 63141K(69056K)->63141K(69056K) Class: 26747K(34688K)->26747K(34688K)
[52.357s][info   ][gc          ] GC(27) Pause Young (Normal) (G1 Evacuation Pause) 2463M->1451M(6144M) 119.575ms
[55.803s][info   ][gc,metaspace] GC(28) Metaspace: 89889K(103744K)->89889K(103744K) NonClass: 63141K(69056K)->63141K(69056K) Class: 26747K(34688K)->26747K(34688K)
[55.803s][info   ][gc          ] GC(28) Pause Young (Normal) (G1 Evacuation Pause) 2387M->1542M(6144M) 151.569ms
[60.158s][info   ][gc,metaspace] GC(29) Metaspace: 89889K(103744K)->89889K(103744K) NonClass: 63141K(69056K)->63141K(69056K) Class: 26747K(34688K)->26747K(34688K)
[60.159s][info   ][gc          ] GC(29) Pause Young (Normal) (G1 Evacuation Pause) 2726M->1635M(6144M) 131.187ms
[63.779s][info   ][gc,metaspace] GC(30) Metaspace: 89889K(103744K)->89889K(103744K) NonClass: 63141K(69056K)->63141K(69056K) Class: 26747K(34688K)->26747K(34688K)
[63.779s][info   ][gc          ] GC(30) Pause Young (Normal) (G1 Evacuation Pause) 2615M->1733M(6144M) 163.909ms
67108864 Objects created
 - IK: 55699211 (82.99829%)
 - OAK: 3355627 (5.0002737%)
 - TAK: 8054026 (12.001434%)
Preparatory GC...
[64.953s][info   ][gc,metaspace] GC(31) Metaspace: 89889K(103744K)->89889K(103744K) NonClass: 63141K(69056K)->63141K(69056K) Class: 26747K(34688K)->26747K(34688K)
[64.953s][info   ][gc          ] GC(31) Pause Full (System.gc()) 1809M->1607M(6144M) 921.376ms
[65.808s][info   ][gc,metaspace] GC(32) Metaspace: 89889K(103744K)->89889K(103744K) NonClass: 63141K(69056K)->63141K(69056K) Class: 26747K(34688K)->26747K(34688K)
[65.808s][info   ][gc          ] GC(32) Pause Full (System.gc()) 1607M->1607M(6144M) 854.844ms
Done; will start GCs... 
[66.668s][info   ][gc,metaspace] GC(33) Metaspace: 89889K(103744K)->89889K(103744K) NonClass: 63141K(69056K)->63141K(69056K) Class: 26747K(34688K)->26747K(34688K)
[66.668s][info   ][gc          ] GC(33) Pause Full (System.gc()) 1609M->1607M(6144M) 859.933ms
[67.518s][info   ][gc,metaspace] GC(34) Metaspace: 89889K(103744K)->89889K(103744K) NonClass: 63141K(69056K)->63141K(69056K) Class: 26747K(34688K)->26747K(34688K)
[67.518s][info   ][gc          ] GC(34) Pause Full (System.gc()) 1607M->1607M(6144M) 850.261ms
[68.363s][info   ][gc,metaspace] GC(35) Metaspace: 89889K(103744K)->89889K(103744K) NonClass: 63141K(69056K)->63141K(69056K) Class: 26747K(34688K)->26747K(34688K)
[68.363s][info   ][gc          ] GC(35) Pause Full (System.gc()) 1607M->1607M(6144M) 844.432ms
[69.197s][info   ][gc,metaspace] GC(36) Metaspace: 89889K(103744K)->89889K(103744K) NonClass: 63141K(69056K)->63141K(69056K) Class: 26747K(34688K)->26747K(34688K)
[69.197s][info   ][gc          ] GC(36) Pause Full (System.gc()) 1607M->1607M(6144M) 834.294ms
[70.040s][info   ][gc,metaspace] GC(37) Metaspace: 89889K(103744K)->89889K(103744K) NonClass: 63141K(69056K)->63141K(69056K) Class: 26747K(34688K)->26747K(34688K)
[70.040s][info   ][gc          ] GC(37) Pause Full (System.gc()) 1607M->1607M(6144M) 843.291ms
[70.871s][info   ][gc,metaspace] GC(38) Metaspace: 89889K(103744K)->89889K(103744K) NonClass: 63141K(69056K)->63141K(69056K) Class: 26747K(34688K)->26747K(34688K)
[70.871s][info   ][gc          ] GC(38) Pause Full (System.gc()) 1607M->1607M(6144M) 830.552ms
[71.750s][info   ][gc,metaspace] GC(39) Metaspace: 89889K(103744K)->89889K(103744K) NonClass: 63141K(69056K)->63141K(69056K) Class: 26747K(34688K)->26747K(34688K)
[71.750s][info   ][gc          ] GC(39) Pause Full (System.gc()) 1607M->1607M(6144M) 879.129ms
[72.591s][info   ][gc,metaspace] GC(40) Metaspace: 89889K(103744K)->89889K(103744K) NonClass: 63141K(69056K)->63141K(69056K) Class: 26747K(34688K)->26747K(34688K)
[72.591s][info   ][gc          ] GC(40) Pause Full (System.gc()) 1607M->1607M(6144M) 840.423ms
[73.425s][info   ][gc,metaspace] GC(41) Metaspace: 89889K(103744K)->89889K(103744K) NonClass: 63141K(69056K)->63141K(69056K) Class: 26747K(34688K)->26747K(34688K)
[73.425s][info   ][gc          ] GC(41) Pause Full (System.gc()) 1607M->1607M(6144M) 834.053ms
[74.284s][info   ][gc,metaspace] GC(42) Metaspace: 89889K(103744K)->89889K(103744K) NonClass: 63141K(69056K)->63141K(69056K) Class: 26747K(34688K)->26747K(34688K)
[74.284s][info   ][gc          ] GC(42) Pause Full (System.gc()) 1607M->1607M(6144M) 859.474ms
[75.126s][info   ][gc,metaspace] GC(43) Metaspace: 89889K(103744K)->89889K(103744K) NonClass: 63141K(69056K)->63141K(69056K) Class: 26747K(34688K)->26747K(34688K)
[75.126s][info   ][gc          ] GC(43) Pause Full (System.gc()) 1607M->1607M(6144M) 841.192ms
[75.993s][info   ][gc,metaspace] GC(44) Metaspace: 89889K(103744K)->89889K(103744K) NonClass: 63141K(69056K)->63141K(69056K) Class: 26747K(34688K)->26747K(34688K)
[75.993s][info   ][gc          ] GC(44) Pause Full (System.gc()) 1607M->1607M(6144M) 867.160ms
[76.860s][info   ][gc,metaspace] GC(45) Metaspace: 89889K(103744K)->89889K(103744K) NonClass: 63141K(69056K)->63141K(69056K) Class: 26747K(34688K)->26747K(34688K)
[76.860s][info   ][gc          ] GC(45) Pause Full (System.gc()) 1607M->1607M(6144M) 867.316ms
[77.701s][info   ][gc,metaspace] GC(46) Metaspace: 89889K(103744K)->89889K(103744K) NonClass: 63141K(69056K)->63141K(69056K) Class: 26747K(34688K)->26747K(34688K)
[77.701s][info   ][gc          ] GC(46) Pause Full (System.gc()) 1607M->1607M(6144M) 840.794ms
[78.537s][info   ][gc,metaspace] GC(47) Metaspace: 89889K(103744K)->89889K(103744K) NonClass: 63141K(69056K)->63141K(69056K) Class: 26747K(34688K)->26747K(34688K)
[78.537s][info   ][gc          ] GC(47) Pause Full (System.gc()) 1607M->1607M(6144M) 835.952ms
[79.371s][info   ][gc,metaspace] GC(48) Metaspace: 89889K(103744K)->89889K(103744K) NonClass: 63141K(69056K)->63141K(69056K) Class: 26747K(34688K)->26747K(34688K)
[79.371s][info   ][gc          ] GC(48) Pause Full (System.gc()) 1607M->1607M(6144M) 833.531ms
[80.215s][info   ][gc,metaspace] GC(49) Metaspace: 89889K(103744K)->89889K(103744K) NonClass: 63141K(69056K)->63141K(69056K) Class: 26747K(34688K)->26747K(34688K)
[80.215s][info   ][gc          ] GC(49) Pause Full (System.gc()) 1607M->1607M(6144M) 843.838ms
[81.072s][info   ][gc,metaspace] GC(50) Metaspace: 89889K(103744K)->89889K(103744K) NonClass: 63141K(69056K)->63141K(69056K) Class: 26747K(34688K)->26747K(34688K)
[81.072s][info   ][gc          ] GC(50) Pause Full (System.gc()) 1607M->1607M(6144M) 857.331ms
[81.912s][info   ][gc,metaspace] GC(51) Metaspace: 89889K(103744K)->89889K(103744K) NonClass: 63141K(69056K)->63141K(69056K) Class: 26747K(34688K)->26747K(34688K)
[81.912s][info   ][gc          ] GC(51) Pause Full (System.gc()) 1607M->1607M(6144M) 835.987ms
[82.750s][info   ][gc,metaspace] GC(52) Metaspace: 89889K(103744K)->89889K(103744K) NonClass: 63141K(69056K)->63141K(69056K) Class: 26747K(34688K)->26747K(34688K)
[82.750s][info   ][gc          ] GC(52) Pause Full (System.gc()) 1607M->1607M(6144M) 837.577ms
[83.595s][info   ][gc,metaspace] GC(53) Metaspace: 89889K(103744K)->89889K(103744K) NonClass: 63141K(69056K)->63141K(69056K) Class: 26747K(34688K)->26747K(34688K)
[83.595s][info   ][gc          ] GC(53) Pause Full (System.gc()) 1607M->1607M(6144M) 845.103ms
[84.429s][info   ][gc,metaspace] GC(54) Metaspace: 89889K(103744K)->89889K(103744K) NonClass: 63141K(69056K)->63141K(69056K) Class: 26747K(34688K)->26747K(34688K)
[84.429s][info   ][gc          ] GC(54) Pause Full (System.gc()) 1607M->1607M(6144M) 833.440ms
[85.263s][info   ][gc,metaspace] GC(55) Metaspace: 89889K(103744K)->89889K(103744K) NonClass: 63141K(69056K)->63141K(69056K) Class: 26747K(34688K)->26747K(34688K)
[85.263s][info   ][gc          ] GC(55) Pause Full (System.gc()) 1607M->1607M(6144M) 833.803ms
[86.112s][info   ][gc,metaspace] GC(56) Metaspace: 89889K(103744K)->89889K(103744K) NonClass: 63141K(69056K)->63141K(69056K) Class: 26747K(34688K)->26747K(34688K)
[86.112s][info   ][gc          ] GC(56) Pause Full (System.gc()) 1607M->1607M(6144M) 848.920ms
[86.946s][info   ][gc,metaspace] GC(57) Metaspace: 89889K(103744K)->89889K(103744K) NonClass: 63141K(69056K)->63141K(69056K) Class: 26747K(34688K)->26747K(34688K)
[86.946s][info   ][gc          ] GC(57) Pause Full (System.gc()) 1607M->1607M(6144M) 834.618ms
[87.796s][info   ][gc,metaspace] GC(58) Metaspace: 89889K(103744K)->89889K(103744K) NonClass: 63141K(69056K)->63141K(69056K) Class: 26747K(34688K)->26747K(34688K)
[87.796s][info   ][gc          ] GC(58) Pause Full (System.gc()) 1607M->1607M(6144M) 849.817ms
[88.637s][info   ][gc,metaspace] GC(59) Metaspace: 89889K(103744K)->89889K(103744K) NonClass: 63141K(69056K)->63141K(69056K) Class: 26747K(34688K)->26747K(34688K)
[88.638s][info   ][gc          ] GC(59) Pause Full (System.gc()) 1607M->1607M(6144M) 841.279ms
[89.483s][info   ][gc,metaspace] GC(60) Metaspace: 89889K(103744K)->89889K(103744K) NonClass: 63141K(69056K)->63141K(69056K) Class: 26747K(34688K)->26747K(34688K)
[89.483s][info   ][gc          ] GC(60) Pause Full (System.gc()) 1607M->1607M(6144M) 845.304ms
[90.324s][info   ][gc,metaspace] GC(61) Metaspace: 89889K(103744K)->89889K(103744K) NonClass: 63141K(69056K)->63141K(69056K) Class: 26747K(34688K)->26747K(34688K)
[90.324s][info   ][gc          ] GC(61) Pause Full (System.gc()) 1607M->1607M(6144M) 841.261ms
[91.184s][info   ][gc,metaspace] GC(62) Metaspace: 89889K(103744K)->89889K(103744K) NonClass: 63141K(69056K)->63141K(69056K) Class: 26747K(34688K)->26747K(34688K)
[91.184s][info   ][gc          ] GC(62) Pause Full (System.gc()) 1607M->1607M(6144M) 859.375ms
[92.031s][info   ][gc,metaspace] GC(63) Metaspace: 89889K(103744K)->89889K(103744K) NonClass: 63141K(69056K)->63141K(69056K) Class: 26747K(34688K)->26747K(34688K)
[92.031s][info   ][gc          ] GC(63) Pause Full (System.gc()) 1607M->1607M(6144M) 847.306ms
[92.864s][info   ][gc,metaspace] GC(64) Metaspace: 89889K(103744K)->89889K(103744K) NonClass: 63141K(69056K)->63141K(69056K) Class: 26747K(34688K)->26747K(34688K)
[92.864s][info   ][gc          ] GC(64) Pause Full (System.gc()) 1607M->1607M(6144M) 832.615ms
[93.702s][info   ][gc,metaspace] GC(65) Metaspace: 89889K(103744K)->89889K(103744K) NonClass: 63141K(69056K)->63141K(69056K) Class: 26747K(34688K)->26747K(34688K)
[93.702s][info   ][gc          ] GC(65) Pause Full (System.gc()) 1607M->1607M(6144M) 838.472ms
[94.582s][info   ][gc,metaspace] GC(66) Metaspace: 89889K(103744K)->89889K(103744K) NonClass: 63141K(69056K)->63141K(69056K) Class: 26747K(34688K)->26747K(34688K)
[94.582s][info   ][gc          ] GC(66) Pause Full (System.gc()) 1607M->1607M(6144M) 879.502ms
[95.439s][info   ][gc,metaspace] GC(67) Metaspace: 89889K(103744K)->89889K(103744K) NonClass: 63141K(69056K)->63141K(69056K) Class: 26747K(34688K)->26747K(34688K)
[95.439s][info   ][gc          ] GC(67) Pause Full (System.gc()) 1607M->1607M(6144M) 856.772ms
[96.283s][info   ][gc,metaspace] GC(68) Metaspace: 89889K(103744K)->89889K(103744K) NonClass: 63141K(69056K)->63141K(69056K) Class: 26747K(34688K)->26747K(34688K)
[96.283s][info   ][gc          ] GC(68) Pause Full (System.gc()) 1607M->1607M(6144M) 844.445ms
[97.151s][info   ][gc,metaspace] GC(69) Metaspace: 89889K(103744K)->89889K(103744K) NonClass: 63141K(69056K)->63141K(69056K) Class: 26747K(34688K)->26747K(34688K)
[97.151s][info   ][gc          ] GC(69) Pause Full (System.gc()) 1607M->1607M(6144M) 867.240ms
[97.984s][info   ][gc,metaspace] GC(70) Metaspace: 89889K(103744K)->89889K(103744K) NonClass: 63141K(69056K)->63141K(69056K) Class: 26747K(34688K)->26747K(34688K)
[97.984s][info   ][gc          ] GC(70) Pause Full (System.gc()) 1607M->1607M(6144M) 833.127ms
[98.847s][info   ][gc,metaspace] GC(71) Metaspace: 89889K(103744K)->89889K(103744K) NonClass: 63141K(69056K)->63141K(69056K) Class: 26747K(34688K)->26747K(34688K)
[98.847s][info   ][gc          ] GC(71) Pause Full (System.gc()) 1607M->1607M(6144M) 863.631ms
[99.694s][info   ][gc,metaspace] GC(72) Metaspace: 89889K(103744K)->89889K(103744K) NonClass: 63141K(69056K)->63141K(69056K) Class: 26747K(34688K)->26747K(34688K)
[99.694s][info   ][gc          ] GC(72) Pause Full (System.gc()) 1607M->1607M(6144M) 846.125ms
[100.538s][info   ][gc,metaspace] GC(73) Metaspace: 89889K(103744K)->89889K(103744K) NonClass: 63141K(69056K)->63141K(69056K) Class: 26747K(34688K)->26747K(34688K)
[100.538s][info   ][gc          ] GC(73) Pause Full (System.gc()) 1607M->1607M(6144M) 844.796ms
[101.394s][info   ][gc,metaspace] GC(74) Metaspace: 89889K(103744K)->89889K(103744K) NonClass: 63141K(69056K)->63141K(69056K) Class: 26747K(34688K)->26747K(34688K)
[101.394s][info   ][gc          ] GC(74) Pause Full (System.gc()) 1607M->1607M(6144M) 855.083ms
[102.224s][info   ][gc,metaspace] GC(75) Metaspace: 89889K(103744K)->89889K(103744K) NonClass: 63141K(69056K)->63141K(69056K) Class: 26747K(34688K)->26747K(34688K)
[102.224s][info   ][gc          ] GC(75) Pause Full (System.gc()) 1607M->1607M(6144M) 830.575ms
[103.059s][info   ][gc,metaspace] GC(76) Metaspace: 89889K(103744K)->89889K(103744K) NonClass: 63141K(69056K)->63141K(69056K) Class: 26747K(34688K)->26747K(34688K)
[103.059s][info   ][gc          ] GC(76) Pause Full (System.gc()) 1607M->1607M(6144M) 834.222ms
[103.890s][info   ][gc,metaspace] GC(77) Metaspace: 89889K(103744K)->89889K(103744K) NonClass: 63141K(69056K)->63141K(69056K) Class: 26747K(34688K)->26747K(34688K)
[103.890s][info   ][gc          ] GC(77) Pause Full (System.gc()) 1607M->1607M(6144M) 831.116ms
[104.734s][info   ][gc,metaspace] GC(78) Metaspace: 89889K(103744K)->89889K(103744K) NonClass: 63141K(69056K)->63141K(69056K) Class: 26747K(34688K)->26747K(34688K)
[104.734s][info   ][gc          ] GC(78) Pause Full (System.gc()) 1607M->1607M(6144M) 843.937ms
[105.582s][info   ][gc,metaspace] GC(79) Metaspace: 89889K(103744K)->89889K(103744K) NonClass: 63141K(69056K)->63141K(69056K) Class: 26747K(34688K)->26747K(34688K)
[105.582s][info   ][gc          ] GC(79) Pause Full (System.gc()) 1607M->1607M(6144M) 848.417ms
[106.453s][info   ][gc,metaspace] GC(80) Metaspace: 89889K(103744K)->89889K(103744K) NonClass: 63141K(69056K)->63141K(69056K) Class: 26747K(34688K)->26747K(34688K)
[106.453s][info   ][gc          ] GC(80) Pause Full (System.gc()) 1607M->1607M(6144M) 870.983ms
[107.304s][info   ][gc,metaspace] GC(81) Metaspace: 89889K(103744K)->89889K(103744K) NonClass: 63141K(69056K)->63141K(69056K) Class: 26747K(34688K)->26747K(34688K)
[107.304s][info   ][gc          ] GC(81) Pause Full (System.gc()) 1607M->1607M(6144M) 850.323ms
[108.148s][info   ][gc,metaspace] GC(82) Metaspace: 89889K(103744K)->89889K(103744K) NonClass: 63141K(69056K)->63141K(69056K) Class: 26747K(34688K)->26747K(34688K)
[108.148s][info   ][gc          ] GC(82) Pause Full (System.gc()) 1607M->1607M(6144M) 843.898ms
After GCs... 
