Done; will start GCs... 
[10.351s][info][gc,metaspace] GC(13) Metaspace: 11237K(11520K)->11237K(11520K) NonClass: 9436K(9600K)->9436K(9600K) Class: 1801K(1920K)->1801K(1920K)
[10.351s][info][gc          ] GC(13) Pause Full (System.gc()) 1464M->1444M(5616M) 470.362ms
[10.929s][info][gc,metaspace] GC(14) Metaspace: 11237K(11520K)->11237K(11520K) NonClass: 9436K(9600K)->9436K(9600K) Class: 1801K(1920K)->1801K(1920K)
[10.930s][info][gc          ] GC(14) Pause Full (System.gc()) 1444M->1444M(5616M) 578.347ms
[11.400s][info][gc,metaspace] GC(15) Metaspace: 11237K(11520K)->11237K(11520K) NonClass: 9436K(9600K)->9436K(9600K) Class: 1801K(1920K)->1801K(1920K)
[11.400s][info][gc          ] GC(15) Pause Full (System.gc()) 1444M->1444M(5616M) 470.310ms
[11.975s][info][gc,metaspace] GC(16) Metaspace: 11237K(11520K)->11237K(11520K) NonClass: 9436K(9600K)->9436K(9600K) Class: 1801K(1920K)->1801K(1920K)
[11.975s][info][gc          ] GC(16) Pause Full (System.gc()) 1444M->1444M(5616M) 574.799ms
[12.455s][info][gc,metaspace] GC(17) Metaspace: 11237K(11520K)->11237K(11520K) NonClass: 9436K(9600K)->9436K(9600K) Class: 1801K(1920K)->1801K(1920K)
[12.455s][info][gc          ] GC(17) Pause Full (System.gc()) 1444M->1444M(5616M) 480.151ms
[12.945s][info][gc,metaspace] GC(18) Metaspace: 11237K(11520K)->11237K(11520K) NonClass: 9436K(9600K)->9436K(9600K) Class: 1801K(1920K)->1801K(1920K)
[12.946s][info][gc          ] GC(18) Pause Full (System.gc()) 1444M->1444M(5616M) 490.419ms
[13.420s][info][gc,metaspace] GC(19) Metaspace: 11237K(11520K)->11237K(11520K) NonClass: 9436K(9600K)->9436K(9600K) Class: 1801K(1920K)->1801K(1920K)
[13.420s][info][gc          ] GC(19) Pause Full (System.gc()) 1444M->1444M(5616M) 474.169ms
[13.942s][info][gc,metaspace] GC(20) Metaspace: 11237K(11520K)->11237K(11520K) NonClass: 9436K(9600K)->9436K(9600K) Class: 1801K(1920K)->1801K(1920K)
[13.942s][info][gc          ] GC(20) Pause Full (System.gc()) 1444M->1444M(5616M) 522.380ms
[14.422s][info][gc,metaspace] GC(21) Metaspace: 11237K(11520K)->11237K(11520K) NonClass: 9436K(9600K)->9436K(9600K) Class: 1801K(1920K)->1801K(1920K)
[14.422s][info][gc          ] GC(21) Pause Full (System.gc()) 1444M->1444M(5616M) 475.771ms
[14.934s][info][gc,metaspace] GC(22) Metaspace: 11237K(11520K)->11237K(11520K) NonClass: 9436K(9600K)->9436K(9600K) Class: 1801K(1920K)->1801K(1920K)
[14.934s][info][gc          ] GC(22) Pause Full (System.gc()) 1444M->1444M(5616M) 511.920ms
After GCs... 
