[0.002s][info][metaspace]  - commit_granule_bytes: 65536.
[0.002s][info][metaspace]  - commit_granule_words: 8192.
[0.002s][info][metaspace]  - virtual_space_node_default_size: 8388608.
[0.002s][info][metaspace]  - enlarge_chunks_in_place: 1.
[0.002s][info][metaspace]  - use_allocation_guard: 0.
[0.010s][info][gc       ] Using Parallel
[0.441s][info][metaspace] Reserving compressed class space anywhere
[0.441s][info][gc,metaspace] CDS archive(s) not mapped
[0.441s][info][gc,metaspace] Compressed class space mapped at: 0x000000002d000000-0x00000000ed000000, reserved size: 3221225472
[0.441s][info][gc,metaspace] UseCompressedClassPointers 1, UseCompactObjectHeaders 0, narrow klass pointer bits 32, max shift 3
[0.441s][info][gc,metaspace] Narrow klass base: 0x0000000000000000, Narrow klass shift: 0, Narrow klass range: 0xed000000
Random Seed: 12345678
Num Classes: 16
Num Objects: 67108864
Percent IK Objects: 83.0%)
Percent OAK Objects: 5.0%)
Percent TAK Objects: 12.0%)
Wired up: false
Cycles: 10
Loading 16 pre-generated classes ...
Materialize pre-generated constructors ...
Creating objects...
[0.626s][info][gc,metaspace] GC(0) Metaspace: 11140K(11392K)->11140K(11392K) NonClass: 10060K(10176K)->10060K(10176K) Class: 1079K(1216K)->1079K(1216K)
[0.626s][info][gc          ] GC(0) Pause Full (System.gc()) 122M->1M(5888M) 5.090ms
[1.747s][info][gc,metaspace] GC(1) Metaspace: 11206K(11456K)->11206K(11456K) NonClass: 10117K(10240K)->10117K(10240K) Class: 1088K(1216K)->1088K(1216K)
[1.747s][info][gc          ] GC(1) Pause Young (Allocation Failure) 1537M->395M(5888M) 564.144ms
[2.480s][info][gc,metaspace] GC(2) Metaspace: 11206K(11456K)->11206K(11456K) NonClass: 10117K(10240K)->10117K(10240K) Class: 1088K(1216K)->1088K(1216K)
[2.480s][info][gc          ] GC(2) Pause Young (Allocation Failure) 1931M->562M(5888M) 186.578ms
[3.267s][info][gc,metaspace] GC(3) Metaspace: 11206K(11456K)->11206K(11456K) NonClass: 10117K(10240K)->10117K(10240K) Class: 1088K(1216K)->1088K(1216K)
[3.267s][info][gc          ] GC(3) Pause Young (Allocation Failure) 2098M->720M(5888M) 247.687ms
[4.055s][info][gc,metaspace] GC(4) Metaspace: 11206K(11456K)->11206K(11456K) NonClass: 10117K(10240K)->10117K(10240K) Class: 1088K(1216K)->1088K(1216K)
[4.055s][info][gc          ] GC(4) Pause Young (Allocation Failure) 2256M->877M(5888M) 249.913ms
[4.914s][info][gc,metaspace] GC(5) Metaspace: 11206K(11456K)->11206K(11456K) NonClass: 10117K(10240K)->10117K(10240K) Class: 1088K(1216K)->1088K(1216K)
[4.914s][info][gc          ] GC(5) Pause Young (Allocation Failure) 2413M->1035M(5888M) 275.305ms
[5.683s][info][gc,metaspace] GC(6) Metaspace: 11206K(11456K)->11206K(11456K) NonClass: 10117K(10240K)->10117K(10240K) Class: 1088K(1216K)->1088K(1216K)
[5.683s][info][gc          ] GC(6) Pause Young (Allocation Failure) 2571M->1192M(5252M) 185.037ms
[6.229s][info][gc,metaspace] GC(7) Metaspace: 11206K(11456K)->11206K(11456K) NonClass: 10117K(10240K)->10117K(10240K) Class: 1088K(1216K)->1088K(1216K)
[6.229s][info][gc          ] GC(7) Pause Young (Allocation Failure) 2092M->1285M(5139M) 236.022ms
[6.734s][info][gc,metaspace] GC(8) Metaspace: 11206K(11456K)->11206K(11456K) NonClass: 10117K(10240K)->10117K(10240K) Class: 1088K(1216K)->1088K(1216K)
[6.734s][info][gc          ] GC(8) Pause Young (Allocation Failure) 2185M->1377M(5570M) 183.163ms
[7.198s][info][gc,metaspace] GC(9) Metaspace: 11206K(11456K)->11206K(11456K) NonClass: 10117K(10240K)->10117K(10240K) Class: 1088K(1216K)->1088K(1216K)
[7.198s][info][gc          ] GC(9) Pause Young (Allocation Failure) 2263M->1468M(5555M) 149.493ms
[7.737s][info][gc,metaspace] GC(10) Metaspace: 11206K(11456K)->11206K(11456K) NonClass: 10117K(10240K)->10117K(10240K) Class: 1088K(1216K)->1088K(1216K)
[7.737s][info][gc          ] GC(10) Pause Young (Allocation Failure) 2354M->1559M(5596M) 225.327ms
[8.206s][info][gc,metaspace] GC(11) Metaspace: 11206K(11456K)->11206K(11456K) NonClass: 10117K(10240K)->10117K(10240K) Class: 1088K(1216K)->1088K(1216K)
[8.206s][info][gc          ] GC(11) Pause Young (Allocation Failure) 2509M->1657M(5143M) 129.579ms
67108864 Objects created
 - IK: 55699211 (82.99829%)
 - OAK: 3355627 (5.0002737%)
 - TAK: 8054026 (12.001434%)
Preparatory GC...
[9.115s][info][gc,metaspace] GC(12) Metaspace: 11206K(11456K)->11206K(11456K) NonClass: 10117K(10240K)->10117K(10240K) Class: 1088K(1216K)->1088K(1216K)
[9.115s][info][gc          ] GC(12) Pause Full (System.gc()) 2131M->1700M(5143M) 748.879ms
[9.624s][info][gc,metaspace] GC(13) Metaspace: 11206K(11456K)->11206K(11456K) NonClass: 10117K(10240K)->10117K(10240K) Class: 1088K(1216K)->1088K(1216K)
[9.624s][info][gc          ] GC(13) Pause Full (System.gc()) 1700M->1700M(5143M) 508.976ms
Done; will start GCs... 
[10.122s][info][gc,metaspace] GC(14) Metaspace: 11206K(11456K)->11206K(11456K) NonClass: 10117K(10240K)->10117K(10240K) Class: 1088K(1216K)->1088K(1216K)
[10.122s][info][gc          ] GC(14) Pause Full (System.gc()) 1719M->1700M(5143M) 497.572ms
[10.653s][info][gc,metaspace] GC(15) Metaspace: 11206K(11456K)->11206K(11456K) NonClass: 10117K(10240K)->10117K(10240K) Class: 1088K(1216K)->1088K(1216K)
[10.653s][info][gc          ] GC(15) Pause Full (System.gc()) 1700M->1700M(5143M) 531.172ms
[11.194s][info][gc,metaspace] GC(16) Metaspace: 11206K(11456K)->11206K(11456K) NonClass: 10117K(10240K)->10117K(10240K) Class: 1088K(1216K)->1088K(1216K)
[11.194s][info][gc          ] GC(16) Pause Full (System.gc()) 1700M->1700M(5143M) 540.748ms
[11.682s][info][gc,metaspace] GC(17) Metaspace: 11206K(11456K)->11206K(11456K) NonClass: 10117K(10240K)->10117K(10240K) Class: 1088K(1216K)->1088K(1216K)
[11.682s][info][gc          ] GC(17) Pause Full (System.gc()) 1700M->1700M(5143M) 487.403ms
[12.214s][info][gc,metaspace] GC(18) Metaspace: 11206K(11456K)->11206K(11456K) NonClass: 10117K(10240K)->10117K(10240K) Class: 1088K(1216K)->1088K(1216K)
[12.214s][info][gc          ] GC(18) Pause Full (System.gc()) 1700M->1700M(5143M) 531.759ms
[12.706s][info][gc,metaspace] GC(19) Metaspace: 11206K(11456K)->11206K(11456K) NonClass: 10117K(10240K)->10117K(10240K) Class: 1088K(1216K)->1088K(1216K)
[12.706s][info][gc          ] GC(19) Pause Full (System.gc()) 1700M->1700M(5143M) 492.336ms
[13.250s][info][gc,metaspace] GC(20) Metaspace: 11206K(11456K)->11206K(11456K) NonClass: 10117K(10240K)->10117K(10240K) Class: 1088K(1216K)->1088K(1216K)
[13.250s][info][gc          ] GC(20) Pause Full (System.gc()) 1700M->1700M(5143M) 543.749ms
[13.776s][info][gc,metaspace] GC(21) Metaspace: 11206K(11456K)->11206K(11456K) NonClass: 10117K(10240K)->10117K(10240K) Class: 1088K(1216K)->1088K(1216K)
[13.776s][info][gc          ] GC(21) Pause Full (System.gc()) 1700M->1700M(5143M) 526.390ms
[14.312s][info][gc,metaspace] GC(22) Metaspace: 11206K(11456K)->11206K(11456K) NonClass: 10117K(10240K)->10117K(10240K) Class: 1088K(1216K)->1088K(1216K)
[14.312s][info][gc          ] GC(22) Pause Full (System.gc()) 1700M->1700M(5143M) 535.266ms
[14.803s][info][gc,metaspace] GC(23) Metaspace: 11206K(11456K)->11206K(11456K) NonClass: 10117K(10240K)->10117K(10240K) Class: 1088K(1216K)->1088K(1216K)
[14.803s][info][gc          ] GC(23) Pause Full (System.gc()) 1700M->1700M(5143M) 491.192ms
After GCs... 
