Done; will start GCs... 
[20.909s][info][gc,metaspace] GC(11) Metaspace: 11240K(11520K)->11240K(11520K) NonClass: 10151K(10304K)->10151K(10304K) Class: 1088K(1216K)->1088K(1216K)
[20.909s][info][gc          ] GC(11) Pause Full (System.gc()) 1734M->1701M(5939M) 3838.951ms
[23.867s][info][gc,metaspace] GC(12) Metaspace: 11240K(11520K)->11240K(11520K) NonClass: 10151K(10304K)->10151K(10304K) Class: 1088K(1216K)->1088K(1216K)
[23.867s][info][gc          ] GC(12) Pause Full (System.gc()) 1701M->1701M(5939M) 2957.970ms
[26.830s][info][gc,metaspace] GC(13) Metaspace: 11240K(11520K)->11240K(11520K) NonClass: 10151K(10304K)->10151K(10304K) Class: 1088K(1216K)->1088K(1216K)
[26.830s][info][gc          ] GC(13) Pause Full (System.gc()) 1701M->1701M(5939M) 2962.732ms
[29.787s][info][gc,metaspace] GC(14) Metaspace: 11240K(11520K)->11240K(11520K) NonClass: 10151K(10304K)->10151K(10304K) Class: 1088K(1216K)->1088K(1216K)
[29.787s][info][gc          ] GC(14) Pause Full (System.gc()) 1701M->1701M(5939M) 2957.466ms
[32.746s][info][gc,metaspace] GC(15) Metaspace: 11240K(11520K)->11240K(11520K) NonClass: 10151K(10304K)->10151K(10304K) Class: 1088K(1216K)->1088K(1216K)
[32.746s][info][gc          ] GC(15) Pause Full (System.gc()) 1701M->1701M(5939M) 2958.038ms
[35.655s][info][gc,metaspace] GC(16) Metaspace: 11240K(11520K)->11240K(11520K) NonClass: 10151K(10304K)->10151K(10304K) Class: 1088K(1216K)->1088K(1216K)
[35.655s][info][gc          ] GC(16) Pause Full (System.gc()) 1701M->1701M(5939M) 2909.237ms
[38.626s][info][gc,metaspace] GC(17) Metaspace: 11240K(11520K)->11240K(11520K) NonClass: 10151K(10304K)->10151K(10304K) Class: 1088K(1216K)->1088K(1216K)
[38.626s][info][gc          ] GC(17) Pause Full (System.gc()) 1701M->1701M(5939M) 2971.325ms
[41.588s][info][gc,metaspace] GC(18) Metaspace: 11240K(11520K)->11240K(11520K) NonClass: 10151K(10304K)->10151K(10304K) Class: 1088K(1216K)->1088K(1216K)
[41.588s][info][gc          ] GC(18) Pause Full (System.gc()) 1701M->1701M(5939M) 2961.922ms
[44.559s][info][gc,metaspace] GC(19) Metaspace: 11240K(11520K)->11240K(11520K) NonClass: 10151K(10304K)->10151K(10304K) Class: 1088K(1216K)->1088K(1216K)
[44.559s][info][gc          ] GC(19) Pause Full (System.gc()) 1701M->1701M(5939M) 2970.758ms
[47.515s][info][gc,metaspace] GC(20) Metaspace: 11240K(11520K)->11240K(11520K) NonClass: 10151K(10304K)->10151K(10304K) Class: 1088K(1216K)->1088K(1216K)
[47.515s][info][gc          ] GC(20) Pause Full (System.gc()) 1701M->1701M(5939M) 2955.949ms
[50.471s][info][gc,metaspace] GC(21) Metaspace: 11240K(11520K)->11240K(11520K) NonClass: 10151K(10304K)->10151K(10304K) Class: 1088K(1216K)->1088K(1216K)
[50.472s][info][gc          ] GC(21) Pause Full (System.gc()) 1701M->1701M(5939M) 2955.958ms
[53.433s][info][gc,metaspace] GC(22) Metaspace: 11240K(11520K)->11240K(11520K) NonClass: 10151K(10304K)->10151K(10304K) Class: 1088K(1216K)->1088K(1216K)
[53.433s][info][gc          ] GC(22) Pause Full (System.gc()) 1701M->1701M(5939M) 2961.226ms
[56.387s][info][gc,metaspace] GC(23) Metaspace: 11240K(11520K)->11240K(11520K) NonClass: 10151K(10304K)->10151K(10304K) Class: 1088K(1216K)->1088K(1216K)
[56.387s][info][gc          ] GC(23) Pause Full (System.gc()) 1701M->1701M(5939M) 2954.347ms
[59.341s][info][gc,metaspace] GC(24) Metaspace: 11240K(11520K)->11240K(11520K) NonClass: 10151K(10304K)->10151K(10304K) Class: 1088K(1216K)->1088K(1216K)
[59.341s][info][gc          ] GC(24) Pause Full (System.gc()) 1701M->1701M(5939M) 2953.953ms
[62.300s][info][gc,metaspace] GC(25) Metaspace: 11240K(11520K)->11240K(11520K) NonClass: 10151K(10304K)->10151K(10304K) Class: 1088K(1216K)->1088K(1216K)
[62.300s][info][gc          ] GC(25) Pause Full (System.gc()) 1701M->1701M(5939M) 2958.227ms
[65.253s][info][gc,metaspace] GC(26) Metaspace: 11240K(11520K)->11240K(11520K) NonClass: 10151K(10304K)->10151K(10304K) Class: 1088K(1216K)->1088K(1216K)
[65.253s][info][gc          ] GC(26) Pause Full (System.gc()) 1718M->1701M(5939M) 2953.173ms
[69.063s][info][gc,metaspace] GC(27) Metaspace: 11240K(11520K)->11240K(11520K) NonClass: 10151K(10304K)->10151K(10304K) Class: 1088K(1216K)->1088K(1216K)
[69.063s][info][gc          ] GC(27) Pause Full (System.gc()) 1701M->1701M(5939M) 3809.415ms
[72.019s][info][gc,metaspace] GC(28) Metaspace: 11240K(11520K)->11240K(11520K) NonClass: 10151K(10304K)->10151K(10304K) Class: 1088K(1216K)->1088K(1216K)
[72.019s][info][gc          ] GC(28) Pause Full (System.gc()) 1701M->1701M(5939M) 2955.711ms
[74.976s][info][gc,metaspace] GC(29) Metaspace: 11240K(11520K)->11240K(11520K) NonClass: 10151K(10304K)->10151K(10304K) Class: 1088K(1216K)->1088K(1216K)
[74.976s][info][gc          ] GC(29) Pause Full (System.gc()) 1701M->1701M(5939M) 2957.249ms
[77.936s][info][gc,metaspace] GC(30) Metaspace: 11240K(11520K)->11240K(11520K) NonClass: 10151K(10304K)->10151K(10304K) Class: 1088K(1216K)->1088K(1216K)
[77.936s][info][gc          ] GC(30) Pause Full (System.gc()) 1701M->1701M(5939M) 2959.650ms
[80.890s][info][gc,metaspace] GC(31) Metaspace: 11240K(11520K)->11240K(11520K) NonClass: 10151K(10304K)->10151K(10304K) Class: 1088K(1216K)->1088K(1216K)
[80.891s][info][gc          ] GC(31) Pause Full (System.gc()) 1701M->1701M(5939M) 2950.164ms
[83.846s][info][gc,metaspace] GC(32) Metaspace: 11240K(11520K)->11240K(11520K) NonClass: 10151K(10304K)->10151K(10304K) Class: 1088K(1216K)->1088K(1216K)
[83.846s][info][gc          ] GC(32) Pause Full (System.gc()) 1701M->1701M(5939M) 2955.157ms
[86.800s][info][gc,metaspace] GC(33) Metaspace: 11240K(11520K)->11240K(11520K) NonClass: 10151K(10304K)->10151K(10304K) Class: 1088K(1216K)->1088K(1216K)
[86.800s][info][gc          ] GC(33) Pause Full (System.gc()) 1701M->1701M(5939M) 2950.170ms
[89.760s][info][gc,metaspace] GC(34) Metaspace: 11240K(11520K)->11240K(11520K) NonClass: 10151K(10304K)->10151K(10304K) Class: 1088K(1216K)->1088K(1216K)
[89.760s][info][gc          ] GC(34) Pause Full (System.gc()) 1701M->1701M(5939M) 2959.104ms
[92.668s][info][gc,metaspace] GC(35) Metaspace: 11240K(11520K)->11240K(11520K) NonClass: 10151K(10304K)->10151K(10304K) Class: 1088K(1216K)->1088K(1216K)
[92.668s][info][gc          ] GC(35) Pause Full (System.gc()) 1701M->1701M(5939M) 2908.361ms
[95.624s][info][gc,metaspace] GC(36) Metaspace: 11240K(11520K)->11240K(11520K) NonClass: 10151K(10304K)->10151K(10304K) Class: 1088K(1216K)->1088K(1216K)
[95.624s][info][gc          ] GC(36) Pause Full (System.gc()) 1701M->1701M(5939M) 2955.856ms
[98.581s][info][gc,metaspace] GC(37) Metaspace: 11240K(11520K)->11240K(11520K) NonClass: 10151K(10304K)->10151K(10304K) Class: 1088K(1216K)->1088K(1216K)
[98.581s][info][gc          ] GC(37) Pause Full (System.gc()) 1701M->1701M(5939M) 2956.295ms
[101.537s][info][gc,metaspace] GC(38) Metaspace: 11240K(11520K)->11240K(11520K) NonClass: 10151K(10304K)->10151K(10304K) Class: 1088K(1216K)->1088K(1216K)
[101.537s][info][gc          ] GC(38) Pause Full (System.gc()) 1701M->1701M(5939M) 2956.775ms
[104.498s][info][gc,metaspace] GC(39) Metaspace: 11240K(11520K)->11240K(11520K) NonClass: 10151K(10304K)->10151K(10304K) Class: 1088K(1216K)->1088K(1216K)
[104.498s][info][gc          ] GC(39) Pause Full (System.gc()) 1701M->1701M(5939M) 2960.827ms
[107.454s][info][gc,metaspace] GC(40) Metaspace: 11240K(11520K)->11240K(11520K) NonClass: 10151K(10304K)->10151K(10304K) Class: 1088K(1216K)->1088K(1216K)
[107.454s][info][gc          ] GC(40) Pause Full (System.gc()) 1701M->1701M(5939M) 2955.261ms
[110.413s][info][gc,metaspace] GC(41) Metaspace: 11240K(11520K)->11240K(11520K) NonClass: 10151K(10304K)->10151K(10304K) Class: 1088K(1216K)->1088K(1216K)
[110.413s][info][gc          ] GC(41) Pause Full (System.gc()) 1701M->1701M(5939M) 2958.849ms
[113.372s][info][gc,metaspace] GC(42) Metaspace: 11240K(11520K)->11240K(11520K) NonClass: 10151K(10304K)->10151K(10304K) Class: 1088K(1216K)->1088K(1216K)
[113.372s][info][gc          ] GC(42) Pause Full (System.gc()) 1701M->1701M(5939M) 2958.862ms
[116.329s][info][gc,metaspace] GC(43) Metaspace: 11240K(11520K)->11240K(11520K) NonClass: 10151K(10304K)->10151K(10304K) Class: 1088K(1216K)->1088K(1216K)
[116.329s][info][gc          ] GC(43) Pause Full (System.gc()) 1701M->1701M(5939M) 2957.455ms
[119.285s][info][gc,metaspace] GC(44) Metaspace: 11240K(11520K)->11240K(11520K) NonClass: 10151K(10304K)->10151K(10304K) Class: 1088K(1216K)->1088K(1216K)
[119.285s][info][gc          ] GC(44) Pause Full (System.gc()) 1701M->1701M(5939M) 2955.510ms
[122.245s][info][gc,metaspace] GC(45) Metaspace: 11240K(11520K)->11240K(11520K) NonClass: 10151K(10304K)->10151K(10304K) Class: 1088K(1216K)->1088K(1216K)
[122.245s][info][gc          ] GC(45) Pause Full (System.gc()) 1701M->1701M(5939M) 2959.778ms
[125.201s][info][gc,metaspace] GC(46) Metaspace: 11240K(11520K)->11240K(11520K) NonClass: 10151K(10304K)->10151K(10304K) Class: 1088K(1216K)->1088K(1216K)
[125.201s][info][gc          ] GC(46) Pause Full (System.gc()) 1701M->1701M(5939M) 2956.282ms
[128.157s][info][gc,metaspace] GC(47) Metaspace: 11240K(11520K)->11240K(11520K) NonClass: 10151K(10304K)->10151K(10304K) Class: 1088K(1216K)->1088K(1216K)
[128.157s][info][gc          ] GC(47) Pause Full (System.gc()) 1718M->1701M(5939M) 2955.634ms
[131.113s][info][gc,metaspace] GC(48) Metaspace: 11240K(11520K)->11240K(11520K) NonClass: 10151K(10304K)->10151K(10304K) Class: 1088K(1216K)->1088K(1216K)
[131.113s][info][gc          ] GC(48) Pause Full (System.gc()) 1701M->1701M(5939M) 2955.384ms
[134.072s][info][gc,metaspace] GC(49) Metaspace: 11240K(11520K)->11240K(11520K) NonClass: 10151K(10304K)->10151K(10304K) Class: 1088K(1216K)->1088K(1216K)
[134.072s][info][gc          ] GC(49) Pause Full (System.gc()) 1701M->1701M(5939M) 2954.750ms
[137.027s][info][gc,metaspace] GC(50) Metaspace: 11240K(11520K)->11240K(11520K) NonClass: 10151K(10304K)->10151K(10304K) Class: 1088K(1216K)->1088K(1216K)
[137.027s][info][gc          ] GC(50) Pause Full (System.gc()) 1701M->1701M(5939M) 2955.171ms
After GCs... 
