[0.007s][info][metaspace]  - commit_granule_bytes: 65536.
[0.007s][info][metaspace]  - commit_granule_words: 8192.
[0.007s][info][metaspace]  - virtual_space_node_default_size: 8388608.
[0.007s][info][metaspace]  - enlarge_chunks_in_place: 1.
[0.007s][info][metaspace]  - use_allocation_guard: 0.
[0.015s][info][gc       ] Using Serial
[0.021s][info][metaspace] Reserving compressed class space anywhere
[0.021s][info][gc,metaspace] CDS archive(s) not mapped
[0.021s][info][gc,metaspace] Compressed class space mapped at: 0x000000001e000000-0x00000000de000000, reserved size: 3221225472
[0.021s][info][gc,metaspace] UseCompressedClassPointers 1, UseCompactObjectHeaders 0, narrow klass pointer bits 32, max shift 3
[0.021s][info][gc,metaspace] Narrow klass base: 0x0000000000000000, Narrow klass shift: 0, Narrow klass range: 0xde000000
Random Seed: 12345678
Num Classes: 16
Num Objects: 67108864
Percent IK Objects: 83.0%)
Percent OAK Objects: 5.0%)
Percent TAK Objects: 12.0%)
Cycles: 40
Loading 16 pre-generated classes ...
Materialize pre-generated constructors ...
Creating objects...
[0.343s][info][gc,metaspace] GC(0) Metaspace: 11171K(11456K)->11171K(11456K) NonClass: 10091K(10240K)->10091K(10240K) Class: 1079K(1216K)->1079K(1216K)
[0.343s][info][gc          ] GC(0) Pause Full (System.gc()) 131M->2M(5939M) 10.155ms
[1.565s][info][gc,metaspace] GC(1) Metaspace: 11240K(11520K)->11240K(11520K) NonClass: 10151K(10304K)->10151K(10304K) Class: 1088K(1216K)->1088K(1216K)
[1.565s][info][gc          ] GC(1) Pause Young (Allocation Failure) 1641M->412M(5939M) 464.132ms
[2.754s][info][gc,metaspace] GC(2) Metaspace: 11240K(11520K)->11240K(11520K) NonClass: 10151K(10304K)->10151K(10304K) Class: 1088K(1216K)->1088K(1216K)
[2.754s][info][gc          ] GC(2) Pause Young (Allocation Failure) 2050M->587M(5939M) 526.227ms
[3.938s][info][gc,metaspace] GC(3) Metaspace: 11240K(11520K)->11240K(11520K) NonClass: 10151K(10304K)->10151K(10304K) Class: 1088K(1216K)->1088K(1216K)
[3.938s][info][gc          ] GC(3) Pause Young (Allocation Failure) 2225M->754M(5939M) 538.520ms
[5.113s][info][gc,metaspace] GC(4) Metaspace: 11240K(11520K)->11240K(11520K) NonClass: 10151K(10304K)->10151K(10304K) Class: 1088K(1216K)->1088K(1216K)
[5.113s][info][gc          ] GC(4) Pause Young (Allocation Failure) 2393M->922M(5939M) 528.824ms
[6.675s][info][gc,metaspace] GC(5) Metaspace: 11240K(11520K)->11240K(11520K) NonClass: 10151K(10304K)->10151K(10304K) Class: 1088K(1216K)->1088K(1216K)
[6.675s][info][gc          ] GC(5) Pause Young (Allocation Failure) 2561M->1090M(5939M) 915.560ms
[7.850s][info][gc,metaspace] GC(6) Metaspace: 11240K(11520K)->11240K(11520K) NonClass: 10151K(10304K)->10151K(10304K) Class: 1088K(1216K)->1088K(1216K)
[7.850s][info][gc          ] GC(6) Pause Young (Allocation Failure) 2728M->1257M(5939M) 527.794ms
[9.022s][info][gc,metaspace] GC(7) Metaspace: 11240K(11520K)->11240K(11520K) NonClass: 10151K(10304K)->10151K(10304K) Class: 1088K(1216K)->1088K(1216K)
[9.022s][info][gc          ] GC(7) Pause Young (Allocation Failure) 2896M->1425M(5939M) 525.589ms
[10.196s][info][gc,metaspace] GC(8) Metaspace: 11240K(11520K)->11240K(11520K) NonClass: 10151K(10304K)->10151K(10304K) Class: 1088K(1216K)->1088K(1216K)
[10.196s][info][gc          ] GC(8) Pause Young (Allocation Failure) 3063M->1593M(5939M) 525.868ms
67108864 Objects created
 - IK: 55699211 (82.99829%)
 - OAK: 3355627 (5.0002737%)
 - TAK: 8054026 (12.001434%)
Preparatory GC...
[14.107s][info][gc,metaspace] GC(9) Metaspace: 11240K(11520K)->11240K(11520K) NonClass: 10151K(10304K)->10151K(10304K) Class: 1088K(1216K)->1088K(1216K)
[14.107s][info][gc          ] GC(9) Pause Full (System.gc()) 2673M->1701M(5939M) 3486.687ms
[17.070s][info][gc,metaspace] GC(10) Metaspace: 11240K(11520K)->11240K(11520K) NonClass: 10151K(10304K)->10151K(10304K) Class: 1088K(1216K)->1088K(1216K)
[17.070s][info][gc          ] GC(10) Pause Full (System.gc()) 1701M->1701M(5939M) 2962.908ms
Done; will start GCs... 
[20.909s][info][gc,metaspace] GC(11) Metaspace: 11240K(11520K)->11240K(11520K) NonClass: 10151K(10304K)->10151K(10304K) Class: 1088K(1216K)->1088K(1216K)
[20.909s][info][gc          ] GC(11) Pause Full (System.gc()) 1734M->1701M(5939M) 3838.951ms
[23.867s][info][gc,metaspace] GC(12) Metaspace: 11240K(11520K)->11240K(11520K) NonClass: 10151K(10304K)->10151K(10304K) Class: 1088K(1216K)->1088K(1216K)
[23.867s][info][gc          ] GC(12) Pause Full (System.gc()) 1701M->1701M(5939M) 2957.970ms
[26.830s][info][gc,metaspace] GC(13) Metaspace: 11240K(11520K)->11240K(11520K) NonClass: 10151K(10304K)->10151K(10304K) Class: 1088K(1216K)->1088K(1216K)
[26.830s][info][gc          ] GC(13) Pause Full (System.gc()) 1701M->1701M(5939M) 2962.732ms
[29.787s][info][gc,metaspace] GC(14) Metaspace: 11240K(11520K)->11240K(11520K) NonClass: 10151K(10304K)->10151K(10304K) Class: 1088K(1216K)->1088K(1216K)
[29.787s][info][gc          ] GC(14) Pause Full (System.gc()) 1701M->1701M(5939M) 2957.466ms
[32.746s][info][gc,metaspace] GC(15) Metaspace: 11240K(11520K)->11240K(11520K) NonClass: 10151K(10304K)->10151K(10304K) Class: 1088K(1216K)->1088K(1216K)
[32.746s][info][gc          ] GC(15) Pause Full (System.gc()) 1701M->1701M(5939M) 2958.038ms
[35.655s][info][gc,metaspace] GC(16) Metaspace: 11240K(11520K)->11240K(11520K) NonClass: 10151K(10304K)->10151K(10304K) Class: 1088K(1216K)->1088K(1216K)
[35.655s][info][gc          ] GC(16) Pause Full (System.gc()) 1701M->1701M(5939M) 2909.237ms
[38.626s][info][gc,metaspace] GC(17) Metaspace: 11240K(11520K)->11240K(11520K) NonClass: 10151K(10304K)->10151K(10304K) Class: 1088K(1216K)->1088K(1216K)
[38.626s][info][gc          ] GC(17) Pause Full (System.gc()) 1701M->1701M(5939M) 2971.325ms
[41.588s][info][gc,metaspace] GC(18) Metaspace: 11240K(11520K)->11240K(11520K) NonClass: 10151K(10304K)->10151K(10304K) Class: 1088K(1216K)->1088K(1216K)
[41.588s][info][gc          ] GC(18) Pause Full (System.gc()) 1701M->1701M(5939M) 2961.922ms
[44.559s][info][gc,metaspace] GC(19) Metaspace: 11240K(11520K)->11240K(11520K) NonClass: 10151K(10304K)->10151K(10304K) Class: 1088K(1216K)->1088K(1216K)
[44.559s][info][gc          ] GC(19) Pause Full (System.gc()) 1701M->1701M(5939M) 2970.758ms
[47.515s][info][gc,metaspace] GC(20) Metaspace: 11240K(11520K)->11240K(11520K) NonClass: 10151K(10304K)->10151K(10304K) Class: 1088K(1216K)->1088K(1216K)
[47.515s][info][gc          ] GC(20) Pause Full (System.gc()) 1701M->1701M(5939M) 2955.949ms
[50.471s][info][gc,metaspace] GC(21) Metaspace: 11240K(11520K)->11240K(11520K) NonClass: 10151K(10304K)->10151K(10304K) Class: 1088K(1216K)->1088K(1216K)
[50.472s][info][gc          ] GC(21) Pause Full (System.gc()) 1701M->1701M(5939M) 2955.958ms
[53.433s][info][gc,metaspace] GC(22) Metaspace: 11240K(11520K)->11240K(11520K) NonClass: 10151K(10304K)->10151K(10304K) Class: 1088K(1216K)->1088K(1216K)
[53.433s][info][gc          ] GC(22) Pause Full (System.gc()) 1701M->1701M(5939M) 2961.226ms
[56.387s][info][gc,metaspace] GC(23) Metaspace: 11240K(11520K)->11240K(11520K) NonClass: 10151K(10304K)->10151K(10304K) Class: 1088K(1216K)->1088K(1216K)
[56.387s][info][gc          ] GC(23) Pause Full (System.gc()) 1701M->1701M(5939M) 2954.347ms
[59.341s][info][gc,metaspace] GC(24) Metaspace: 11240K(11520K)->11240K(11520K) NonClass: 10151K(10304K)->10151K(10304K) Class: 1088K(1216K)->1088K(1216K)
[59.341s][info][gc          ] GC(24) Pause Full (System.gc()) 1701M->1701M(5939M) 2953.953ms
[62.300s][info][gc,metaspace] GC(25) Metaspace: 11240K(11520K)->11240K(11520K) NonClass: 10151K(10304K)->10151K(10304K) Class: 1088K(1216K)->1088K(1216K)
[62.300s][info][gc          ] GC(25) Pause Full (System.gc()) 1701M->1701M(5939M) 2958.227ms
[65.253s][info][gc,metaspace] GC(26) Metaspace: 11240K(11520K)->11240K(11520K) NonClass: 10151K(10304K)->10151K(10304K) Class: 1088K(1216K)->1088K(1216K)
[65.253s][info][gc          ] GC(26) Pause Full (System.gc()) 1718M->1701M(5939M) 2953.173ms
[69.063s][info][gc,metaspace] GC(27) Metaspace: 11240K(11520K)->11240K(11520K) NonClass: 10151K(10304K)->10151K(10304K) Class: 1088K(1216K)->1088K(1216K)
[69.063s][info][gc          ] GC(27) Pause Full (System.gc()) 1701M->1701M(5939M) 3809.415ms
[72.019s][info][gc,metaspace] GC(28) Metaspace: 11240K(11520K)->11240K(11520K) NonClass: 10151K(10304K)->10151K(10304K) Class: 1088K(1216K)->1088K(1216K)
[72.019s][info][gc          ] GC(28) Pause Full (System.gc()) 1701M->1701M(5939M) 2955.711ms
[74.976s][info][gc,metaspace] GC(29) Metaspace: 11240K(11520K)->11240K(11520K) NonClass: 10151K(10304K)->10151K(10304K) Class: 1088K(1216K)->1088K(1216K)
[74.976s][info][gc          ] GC(29) Pause Full (System.gc()) 1701M->1701M(5939M) 2957.249ms
[77.936s][info][gc,metaspace] GC(30) Metaspace: 11240K(11520K)->11240K(11520K) NonClass: 10151K(10304K)->10151K(10304K) Class: 1088K(1216K)->1088K(1216K)
[77.936s][info][gc          ] GC(30) Pause Full (System.gc()) 1701M->1701M(5939M) 2959.650ms
[80.890s][info][gc,metaspace] GC(31) Metaspace: 11240K(11520K)->11240K(11520K) NonClass: 10151K(10304K)->10151K(10304K) Class: 1088K(1216K)->1088K(1216K)
[80.891s][info][gc          ] GC(31) Pause Full (System.gc()) 1701M->1701M(5939M) 2950.164ms
[83.846s][info][gc,metaspace] GC(32) Metaspace: 11240K(11520K)->11240K(11520K) NonClass: 10151K(10304K)->10151K(10304K) Class: 1088K(1216K)->1088K(1216K)
[83.846s][info][gc          ] GC(32) Pause Full (System.gc()) 1701M->1701M(5939M) 2955.157ms
[86.800s][info][gc,metaspace] GC(33) Metaspace: 11240K(11520K)->11240K(11520K) NonClass: 10151K(10304K)->10151K(10304K) Class: 1088K(1216K)->1088K(1216K)
[86.800s][info][gc          ] GC(33) Pause Full (System.gc()) 1701M->1701M(5939M) 2950.170ms
[89.760s][info][gc,metaspace] GC(34) Metaspace: 11240K(11520K)->11240K(11520K) NonClass: 10151K(10304K)->10151K(10304K) Class: 1088K(1216K)->1088K(1216K)
[89.760s][info][gc          ] GC(34) Pause Full (System.gc()) 1701M->1701M(5939M) 2959.104ms
[92.668s][info][gc,metaspace] GC(35) Metaspace: 11240K(11520K)->11240K(11520K) NonClass: 10151K(10304K)->10151K(10304K) Class: 1088K(1216K)->1088K(1216K)
[92.668s][info][gc          ] GC(35) Pause Full (System.gc()) 1701M->1701M(5939M) 2908.361ms
[95.624s][info][gc,metaspace] GC(36) Metaspace: 11240K(11520K)->11240K(11520K) NonClass: 10151K(10304K)->10151K(10304K) Class: 1088K(1216K)->1088K(1216K)
[95.624s][info][gc          ] GC(36) Pause Full (System.gc()) 1701M->1701M(5939M) 2955.856ms
[98.581s][info][gc,metaspace] GC(37) Metaspace: 11240K(11520K)->11240K(11520K) NonClass: 10151K(10304K)->10151K(10304K) Class: 1088K(1216K)->1088K(1216K)
[98.581s][info][gc          ] GC(37) Pause Full (System.gc()) 1701M->1701M(5939M) 2956.295ms
[101.537s][info][gc,metaspace] GC(38) Metaspace: 11240K(11520K)->11240K(11520K) NonClass: 10151K(10304K)->10151K(10304K) Class: 1088K(1216K)->1088K(1216K)
[101.537s][info][gc          ] GC(38) Pause Full (System.gc()) 1701M->1701M(5939M) 2956.775ms
[104.498s][info][gc,metaspace] GC(39) Metaspace: 11240K(11520K)->11240K(11520K) NonClass: 10151K(10304K)->10151K(10304K) Class: 1088K(1216K)->1088K(1216K)
[104.498s][info][gc          ] GC(39) Pause Full (System.gc()) 1701M->1701M(5939M) 2960.827ms
[107.454s][info][gc,metaspace] GC(40) Metaspace: 11240K(11520K)->11240K(11520K) NonClass: 10151K(10304K)->10151K(10304K) Class: 1088K(1216K)->1088K(1216K)
[107.454s][info][gc          ] GC(40) Pause Full (System.gc()) 1701M->1701M(5939M) 2955.261ms
[110.413s][info][gc,metaspace] GC(41) Metaspace: 11240K(11520K)->11240K(11520K) NonClass: 10151K(10304K)->10151K(10304K) Class: 1088K(1216K)->1088K(1216K)
[110.413s][info][gc          ] GC(41) Pause Full (System.gc()) 1701M->1701M(5939M) 2958.849ms
[113.372s][info][gc,metaspace] GC(42) Metaspace: 11240K(11520K)->11240K(11520K) NonClass: 10151K(10304K)->10151K(10304K) Class: 1088K(1216K)->1088K(1216K)
[113.372s][info][gc          ] GC(42) Pause Full (System.gc()) 1701M->1701M(5939M) 2958.862ms
[116.329s][info][gc,metaspace] GC(43) Metaspace: 11240K(11520K)->11240K(11520K) NonClass: 10151K(10304K)->10151K(10304K) Class: 1088K(1216K)->1088K(1216K)
[116.329s][info][gc          ] GC(43) Pause Full (System.gc()) 1701M->1701M(5939M) 2957.455ms
[119.285s][info][gc,metaspace] GC(44) Metaspace: 11240K(11520K)->11240K(11520K) NonClass: 10151K(10304K)->10151K(10304K) Class: 1088K(1216K)->1088K(1216K)
[119.285s][info][gc          ] GC(44) Pause Full (System.gc()) 1701M->1701M(5939M) 2955.510ms
[122.245s][info][gc,metaspace] GC(45) Metaspace: 11240K(11520K)->11240K(11520K) NonClass: 10151K(10304K)->10151K(10304K) Class: 1088K(1216K)->1088K(1216K)
[122.245s][info][gc          ] GC(45) Pause Full (System.gc()) 1701M->1701M(5939M) 2959.778ms
[125.201s][info][gc,metaspace] GC(46) Metaspace: 11240K(11520K)->11240K(11520K) NonClass: 10151K(10304K)->10151K(10304K) Class: 1088K(1216K)->1088K(1216K)
[125.201s][info][gc          ] GC(46) Pause Full (System.gc()) 1701M->1701M(5939M) 2956.282ms
[128.157s][info][gc,metaspace] GC(47) Metaspace: 11240K(11520K)->11240K(11520K) NonClass: 10151K(10304K)->10151K(10304K) Class: 1088K(1216K)->1088K(1216K)
[128.157s][info][gc          ] GC(47) Pause Full (System.gc()) 1718M->1701M(5939M) 2955.634ms
[131.113s][info][gc,metaspace] GC(48) Metaspace: 11240K(11520K)->11240K(11520K) NonClass: 10151K(10304K)->10151K(10304K) Class: 1088K(1216K)->1088K(1216K)
[131.113s][info][gc          ] GC(48) Pause Full (System.gc()) 1701M->1701M(5939M) 2955.384ms
[134.072s][info][gc,metaspace] GC(49) Metaspace: 11240K(11520K)->11240K(11520K) NonClass: 10151K(10304K)->10151K(10304K) Class: 1088K(1216K)->1088K(1216K)
[134.072s][info][gc          ] GC(49) Pause Full (System.gc()) 1701M->1701M(5939M) 2954.750ms
[137.027s][info][gc,metaspace] GC(50) Metaspace: 11240K(11520K)->11240K(11520K) NonClass: 10151K(10304K)->10151K(10304K) Class: 1088K(1216K)->1088K(1216K)
[137.027s][info][gc          ] GC(50) Pause Full (System.gc()) 1701M->1701M(5939M) 2955.171ms
After GCs... 
