Done; will start GCs... 
[10.185s][info   ][gc,metaspace] GC(25) Metaspace: 11222K(11456K)->11222K(11456K) NonClass: 10133K(10240K)->10133K(10240K) Class: 1088K(1216K)->1088K(1216K)
[10.185s][info   ][gc          ] GC(25) Pause Full (System.gc()) 1708M->1706M(6144M) 608.023ms
[10.806s][info   ][gc,metaspace] GC(26) Metaspace: 11222K(11456K)->11222K(11456K) NonClass: 10133K(10240K)->10133K(10240K) Class: 1088K(1216K)->1088K(1216K)
[10.806s][info   ][gc          ] GC(26) Pause Full (System.gc()) 1706M->1706M(6144M) 620.836ms
[11.437s][info   ][gc,metaspace] GC(27) Metaspace: 11222K(11456K)->11222K(11456K) NonClass: 10133K(10240K)->10133K(10240K) Class: 1088K(1216K)->1088K(1216K)
[11.437s][info   ][gc          ] GC(27) Pause Full (System.gc()) 1706M->1706M(6144M) 631.649ms
[12.079s][info   ][gc,metaspace] GC(28) Metaspace: 11222K(11456K)->11222K(11456K) NonClass: 10133K(10240K)->10133K(10240K) Class: 1088K(1216K)->1088K(1216K)
[12.079s][info   ][gc          ] GC(28) Pause Full (System.gc()) 1706M->1706M(6144M) 641.401ms
[12.694s][info   ][gc,metaspace] GC(29) Metaspace: 11222K(11456K)->11222K(11456K) NonClass: 10133K(10240K)->10133K(10240K) Class: 1088K(1216K)->1088K(1216K)
[12.694s][info   ][gc          ] GC(29) Pause Full (System.gc()) 1706M->1706M(6144M) 615.037ms
[13.331s][info   ][gc,metaspace] GC(30) Metaspace: 11222K(11456K)->11222K(11456K) NonClass: 10133K(10240K)->10133K(10240K) Class: 1088K(1216K)->1088K(1216K)
[13.331s][info   ][gc          ] GC(30) Pause Full (System.gc()) 1706M->1706M(6144M) 636.831ms
[13.966s][info   ][gc,metaspace] GC(31) Metaspace: 11222K(11456K)->11222K(11456K) NonClass: 10133K(10240K)->10133K(10240K) Class: 1088K(1216K)->1088K(1216K)
[13.966s][info   ][gc          ] GC(31) Pause Full (System.gc()) 1706M->1706M(6144M) 634.722ms
[14.587s][info   ][gc,metaspace] GC(32) Metaspace: 11222K(11456K)->11222K(11456K) NonClass: 10133K(10240K)->10133K(10240K) Class: 1088K(1216K)->1088K(1216K)
[14.587s][info   ][gc          ] GC(32) Pause Full (System.gc()) 1706M->1706M(6144M) 621.221ms
[15.211s][info   ][gc,metaspace] GC(33) Metaspace: 11222K(11456K)->11222K(11456K) NonClass: 10133K(10240K)->10133K(10240K) Class: 1088K(1216K)->1088K(1216K)
[15.211s][info   ][gc          ] GC(33) Pause Full (System.gc()) 1706M->1706M(6144M) 623.699ms
[15.824s][info   ][gc,metaspace] GC(34) Metaspace: 11222K(11456K)->11222K(11456K) NonClass: 10133K(10240K)->10133K(10240K) Class: 1088K(1216K)->1088K(1216K)
[15.824s][info   ][gc          ] GC(34) Pause Full (System.gc()) 1706M->1706M(6144M) 613.370ms
[16.449s][info   ][gc,metaspace] GC(35) Metaspace: 11222K(11456K)->11222K(11456K) NonClass: 10133K(10240K)->10133K(10240K) Class: 1088K(1216K)->1088K(1216K)
[16.449s][info   ][gc          ] GC(35) Pause Full (System.gc()) 1706M->1706M(6144M) 625.070ms
[17.067s][info   ][gc,metaspace] GC(36) Metaspace: 11222K(11456K)->11222K(11456K) NonClass: 10133K(10240K)->10133K(10240K) Class: 1088K(1216K)->1088K(1216K)
[17.068s][info   ][gc          ] GC(36) Pause Full (System.gc()) 1706M->1706M(6144M) 618.233ms
[17.685s][info   ][gc,metaspace] GC(37) Metaspace: 11222K(11456K)->11222K(11456K) NonClass: 10133K(10240K)->10133K(10240K) Class: 1088K(1216K)->1088K(1216K)
[17.685s][info   ][gc          ] GC(37) Pause Full (System.gc()) 1706M->1706M(6144M) 617.153ms
[18.306s][info   ][gc,metaspace] GC(38) Metaspace: 11222K(11456K)->11222K(11456K) NonClass: 10133K(10240K)->10133K(10240K) Class: 1088K(1216K)->1088K(1216K)
[18.306s][info   ][gc          ] GC(38) Pause Full (System.gc()) 1706M->1706M(6144M) 621.397ms
[18.873s][info   ][gc,metaspace] GC(39) Metaspace: 11222K(11456K)->11222K(11456K) NonClass: 10133K(10240K)->10133K(10240K) Class: 1088K(1216K)->1088K(1216K)
[18.873s][info   ][gc          ] GC(39) Pause Full (System.gc()) 1706M->1706M(6144M) 567.091ms
[19.440s][info   ][gc,metaspace] GC(40) Metaspace: 11222K(11456K)->11222K(11456K) NonClass: 10133K(10240K)->10133K(10240K) Class: 1088K(1216K)->1088K(1216K)
[19.440s][info   ][gc          ] GC(40) Pause Full (System.gc()) 1706M->1706M(6144M) 566.131ms
[20.004s][info   ][gc,metaspace] GC(41) Metaspace: 11222K(11456K)->11222K(11456K) NonClass: 10133K(10240K)->10133K(10240K) Class: 1088K(1216K)->1088K(1216K)
[20.004s][info   ][gc          ] GC(41) Pause Full (System.gc()) 1706M->1706M(6144M) 564.006ms
[20.567s][info   ][gc,metaspace] GC(42) Metaspace: 11222K(11456K)->11222K(11456K) NonClass: 10133K(10240K)->10133K(10240K) Class: 1088K(1216K)->1088K(1216K)
[20.567s][info   ][gc          ] GC(42) Pause Full (System.gc()) 1706M->1706M(6144M) 563.588ms
[21.128s][info   ][gc,metaspace] GC(43) Metaspace: 11222K(11456K)->11222K(11456K) NonClass: 10133K(10240K)->10133K(10240K) Class: 1088K(1216K)->1088K(1216K)
[21.128s][info   ][gc          ] GC(43) Pause Full (System.gc()) 1706M->1706M(6144M) 560.634ms
[21.698s][info   ][gc,metaspace] GC(44) Metaspace: 11222K(11456K)->11222K(11456K) NonClass: 10133K(10240K)->10133K(10240K) Class: 1088K(1216K)->1088K(1216K)
[21.698s][info   ][gc          ] GC(44) Pause Full (System.gc()) 1706M->1706M(6144M) 569.634ms
[22.263s][info   ][gc,metaspace] GC(45) Metaspace: 11222K(11456K)->11222K(11456K) NonClass: 10133K(10240K)->10133K(10240K) Class: 1088K(1216K)->1088K(1216K)
[22.264s][info   ][gc          ] GC(45) Pause Full (System.gc()) 1706M->1706M(6144M) 565.749ms
[22.823s][info   ][gc,metaspace] GC(46) Metaspace: 11222K(11456K)->11222K(11456K) NonClass: 10133K(10240K)->10133K(10240K) Class: 1088K(1216K)->1088K(1216K)
[22.823s][info   ][gc          ] GC(46) Pause Full (System.gc()) 1706M->1706M(6144M) 559.841ms
[23.389s][info   ][gc,metaspace] GC(47) Metaspace: 11222K(11456K)->11222K(11456K) NonClass: 10133K(10240K)->10133K(10240K) Class: 1088K(1216K)->1088K(1216K)
[23.389s][info   ][gc          ] GC(47) Pause Full (System.gc()) 1706M->1706M(6144M) 565.504ms
[23.954s][info   ][gc,metaspace] GC(48) Metaspace: 11222K(11456K)->11222K(11456K) NonClass: 10133K(10240K)->10133K(10240K) Class: 1088K(1216K)->1088K(1216K)
[23.954s][info   ][gc          ] GC(48) Pause Full (System.gc()) 1706M->1706M(6144M) 564.972ms
[24.520s][info   ][gc,metaspace] GC(49) Metaspace: 11222K(11456K)->11222K(11456K) NonClass: 10133K(10240K)->10133K(10240K) Class: 1088K(1216K)->1088K(1216K)
[24.520s][info   ][gc          ] GC(49) Pause Full (System.gc()) 1706M->1706M(6144M) 565.641ms
[25.083s][info   ][gc,metaspace] GC(50) Metaspace: 11222K(11456K)->11222K(11456K) NonClass: 10133K(10240K)->10133K(10240K) Class: 1088K(1216K)->1088K(1216K)
[25.083s][info   ][gc          ] GC(50) Pause Full (System.gc()) 1706M->1706M(6144M) 563.411ms
[25.645s][info   ][gc,metaspace] GC(51) Metaspace: 11222K(11456K)->11222K(11456K) NonClass: 10133K(10240K)->10133K(10240K) Class: 1088K(1216K)->1088K(1216K)
[25.645s][info   ][gc          ] GC(51) Pause Full (System.gc()) 1706M->1706M(6144M) 561.756ms
[26.206s][info   ][gc,metaspace] GC(52) Metaspace: 11222K(11456K)->11222K(11456K) NonClass: 10133K(10240K)->10133K(10240K) Class: 1088K(1216K)->1088K(1216K)
[26.206s][info   ][gc          ] GC(52) Pause Full (System.gc()) 1706M->1706M(6144M) 560.890ms
[26.771s][info   ][gc,metaspace] GC(53) Metaspace: 11222K(11456K)->11222K(11456K) NonClass: 10133K(10240K)->10133K(10240K) Class: 1088K(1216K)->1088K(1216K)
[26.771s][info   ][gc          ] GC(53) Pause Full (System.gc()) 1706M->1706M(6144M) 564.820ms
[27.338s][info   ][gc,metaspace] GC(54) Metaspace: 11222K(11456K)->11222K(11456K) NonClass: 10133K(10240K)->10133K(10240K) Class: 1088K(1216K)->1088K(1216K)
[27.338s][info   ][gc          ] GC(54) Pause Full (System.gc()) 1706M->1706M(6144M) 566.756ms
[27.903s][info   ][gc,metaspace] GC(55) Metaspace: 11222K(11456K)->11222K(11456K) NonClass: 10133K(10240K)->10133K(10240K) Class: 1088K(1216K)->1088K(1216K)
[27.904s][info   ][gc          ] GC(55) Pause Full (System.gc()) 1706M->1706M(6144M) 565.775ms
[28.465s][info   ][gc,metaspace] GC(56) Metaspace: 11222K(11456K)->11222K(11456K) NonClass: 10133K(10240K)->10133K(10240K) Class: 1088K(1216K)->1088K(1216K)
[28.465s][info   ][gc          ] GC(56) Pause Full (System.gc()) 1706M->1706M(6144M) 561.434ms
[29.028s][info   ][gc,metaspace] GC(57) Metaspace: 11222K(11456K)->11222K(11456K) NonClass: 10133K(10240K)->10133K(10240K) Class: 1088K(1216K)->1088K(1216K)
[29.028s][info   ][gc          ] GC(57) Pause Full (System.gc()) 1706M->1706M(6144M) 563.125ms
[29.593s][info   ][gc,metaspace] GC(58) Metaspace: 11222K(11456K)->11222K(11456K) NonClass: 10133K(10240K)->10133K(10240K) Class: 1088K(1216K)->1088K(1216K)
[29.593s][info   ][gc          ] GC(58) Pause Full (System.gc()) 1706M->1706M(6144M) 564.671ms
[30.161s][info   ][gc,metaspace] GC(59) Metaspace: 11222K(11456K)->11222K(11456K) NonClass: 10133K(10240K)->10133K(10240K) Class: 1088K(1216K)->1088K(1216K)
[30.161s][info   ][gc          ] GC(59) Pause Full (System.gc()) 1706M->1706M(6144M) 568.260ms
[30.724s][info   ][gc,metaspace] GC(60) Metaspace: 11222K(11456K)->11222K(11456K) NonClass: 10133K(10240K)->10133K(10240K) Class: 1088K(1216K)->1088K(1216K)
[30.724s][info   ][gc          ] GC(60) Pause Full (System.gc()) 1706M->1706M(6144M) 562.751ms
[31.288s][info   ][gc,metaspace] GC(61) Metaspace: 11222K(11456K)->11222K(11456K) NonClass: 10133K(10240K)->10133K(10240K) Class: 1088K(1216K)->1088K(1216K)
[31.288s][info   ][gc          ] GC(61) Pause Full (System.gc()) 1706M->1706M(6144M) 563.684ms
[31.857s][info   ][gc,metaspace] GC(62) Metaspace: 11222K(11456K)->11222K(11456K) NonClass: 10133K(10240K)->10133K(10240K) Class: 1088K(1216K)->1088K(1216K)
[31.857s][info   ][gc          ] GC(62) Pause Full (System.gc()) 1706M->1706M(6144M) 568.748ms
[32.424s][info   ][gc,metaspace] GC(63) Metaspace: 11222K(11456K)->11222K(11456K) NonClass: 10133K(10240K)->10133K(10240K) Class: 1088K(1216K)->1088K(1216K)
[32.424s][info   ][gc          ] GC(63) Pause Full (System.gc()) 1706M->1706M(6144M) 566.907ms
[32.988s][info   ][gc,metaspace] GC(64) Metaspace: 11222K(11456K)->11222K(11456K) NonClass: 10133K(10240K)->10133K(10240K) Class: 1088K(1216K)->1088K(1216K)
[32.988s][info   ][gc          ] GC(64) Pause Full (System.gc()) 1706M->1706M(6144M) 564.323ms
[33.551s][info   ][gc,metaspace] GC(65) Metaspace: 11222K(11456K)->11222K(11456K) NonClass: 10133K(10240K)->10133K(10240K) Class: 1088K(1216K)->1088K(1216K)
[33.551s][info   ][gc          ] GC(65) Pause Full (System.gc()) 1706M->1706M(6144M) 562.867ms
[34.117s][info   ][gc,metaspace] GC(66) Metaspace: 11222K(11456K)->11222K(11456K) NonClass: 10133K(10240K)->10133K(10240K) Class: 1088K(1216K)->1088K(1216K)
[34.117s][info   ][gc          ] GC(66) Pause Full (System.gc()) 1706M->1706M(6144M) 566.005ms
[34.677s][info   ][gc,metaspace] GC(67) Metaspace: 11222K(11456K)->11222K(11456K) NonClass: 10133K(10240K)->10133K(10240K) Class: 1088K(1216K)->1088K(1216K)
[34.677s][info   ][gc          ] GC(67) Pause Full (System.gc()) 1706M->1706M(6144M) 559.822ms
[35.243s][info   ][gc,metaspace] GC(68) Metaspace: 11222K(11456K)->11222K(11456K) NonClass: 10133K(10240K)->10133K(10240K) Class: 1088K(1216K)->1088K(1216K)
[35.243s][info   ][gc          ] GC(68) Pause Full (System.gc()) 1706M->1706M(6144M) 566.519ms
[35.810s][info   ][gc,metaspace] GC(69) Metaspace: 11222K(11456K)->11222K(11456K) NonClass: 10133K(10240K)->10133K(10240K) Class: 1088K(1216K)->1088K(1216K)
[35.810s][info   ][gc          ] GC(69) Pause Full (System.gc()) 1706M->1706M(6144M) 566.071ms
[36.381s][info   ][gc,metaspace] GC(70) Metaspace: 11222K(11456K)->11222K(11456K) NonClass: 10133K(10240K)->10133K(10240K) Class: 1088K(1216K)->1088K(1216K)
[36.381s][info   ][gc          ] GC(70) Pause Full (System.gc()) 1706M->1706M(6144M) 571.173ms
[36.944s][info   ][gc,metaspace] GC(71) Metaspace: 11222K(11456K)->11222K(11456K) NonClass: 10133K(10240K)->10133K(10240K) Class: 1088K(1216K)->1088K(1216K)
[36.944s][info   ][gc          ] GC(71) Pause Full (System.gc()) 1706M->1706M(6144M) 563.261ms
[37.512s][info   ][gc,metaspace] GC(72) Metaspace: 11222K(11456K)->11222K(11456K) NonClass: 10133K(10240K)->10133K(10240K) Class: 1088K(1216K)->1088K(1216K)
[37.512s][info   ][gc          ] GC(72) Pause Full (System.gc()) 1706M->1706M(6144M) 567.658ms
[38.076s][info   ][gc,metaspace] GC(73) Metaspace: 11222K(11456K)->11222K(11456K) NonClass: 10133K(10240K)->10133K(10240K) Class: 1088K(1216K)->1088K(1216K)
[38.076s][info   ][gc          ] GC(73) Pause Full (System.gc()) 1706M->1706M(6144M) 564.374ms
[38.637s][info   ][gc,metaspace] GC(74) Metaspace: 11222K(11456K)->11222K(11456K) NonClass: 10133K(10240K)->10133K(10240K) Class: 1088K(1216K)->1088K(1216K)
[38.637s][info   ][gc          ] GC(74) Pause Full (System.gc()) 1706M->1706M(6144M) 560.923ms
After GCs... 
