[0.002s][warning][pagesize] UseLargePages disabled, no large pages configured and available on the system.
[0.007s][info   ][metaspace]  - commit_granule_bytes: 65536.
[0.007s][info   ][metaspace]  - commit_granule_words: 8192.
[0.007s][info   ][metaspace]  - virtual_space_node_default_size: 8388608.
[0.007s][info   ][metaspace]  - enlarge_chunks_in_place: 1.
[0.007s][info   ][metaspace]  - use_allocation_guard: 0.
[0.016s][info   ][gc       ] Using G1
[0.563s][info   ][metaspace] Reserving compressed class space anywhere
[0.563s][info   ][gc,metaspace] CDS archive(s) not mapped
[0.563s][info   ][gc,metaspace] Compressed class space mapped at: 0x000000001e000000-0x00000000de000000, reserved size: 3221225472
[0.563s][info   ][gc,metaspace] UseCompressedClassPointers 1, UseCompactObjectHeaders 0, narrow klass pointer bits 32, max shift 3
[0.563s][info   ][gc,metaspace] Narrow klass base: 0x0000000000000000, Narrow klass shift: 0, Narrow klass range: 0xde000000
Random Seed: 12345678
Num Classes: 16
Num Objects: 67108864
Percent IK Objects: 83.0%)
Percent OAK Objects: 5.0%)
Percent TAK Objects: 12.0%)
Cycles: 50
Loading 16 pre-generated classes ...
Materialize pre-generated constructors ...
Creating objects...
[0.788s][info   ][gc,metaspace] GC(0) Metaspace: 11153K(11392K)->11153K(11392K) NonClass: 10073K(10176K)->10073K(10176K) Class: 1079K(1216K)->1079K(1216K)
[0.788s][info   ][gc          ] GC(0) Pause Full (System.gc()) 19M->2M(6144M) 8.817ms
[1.082s][info   ][gc,metaspace] GC(1) Metaspace: 11222K(11456K)->11222K(11456K) NonClass: 10133K(10240K)->10133K(10240K) Class: 1088K(1216K)->1088K(1216K)
[1.082s][info   ][gc          ] GC(1) Pause Young (Normal) (G1 Evacuation Pause) 566M->298M(6144M) 17.483ms
[1.272s][info   ][gc,metaspace] GC(2) Metaspace: 11222K(11456K)->11222K(11456K) NonClass: 10133K(10240K)->10133K(10240K) Class: 1088K(1216K)->1088K(1216K)
[1.272s][info   ][gc          ] GC(2) Pause Young (Normal) (G1 Evacuation Pause) 566M->333M(6144M) 23.453ms
[1.424s][info   ][gc,metaspace] GC(3) Metaspace: 11222K(11456K)->11222K(11456K) NonClass: 10133K(10240K)->10133K(10240K) Class: 1088K(1216K)->1088K(1216K)
[1.424s][info   ][gc          ] GC(3) Pause Young (Normal) (G1 Evacuation Pause) 601M->366M(6144M) 22.801ms
[1.575s][info   ][gc,metaspace] GC(4) Metaspace: 11222K(11456K)->11222K(11456K) NonClass: 10133K(10240K)->10133K(10240K) Class: 1088K(1216K)->1088K(1216K)
[1.575s][info   ][gc          ] GC(4) Pause Young (Normal) (G1 Evacuation Pause) 634M->401M(6144M) 22.271ms
[1.723s][info   ][gc,metaspace] GC(5) Metaspace: 11222K(11456K)->11222K(11456K) NonClass: 10133K(10240K)->10133K(10240K) Class: 1088K(1216K)->1088K(1216K)
[1.723s][info   ][gc          ] GC(5) Pause Young (Normal) (G1 Evacuation Pause) 669M->436M(6144M) 23.263ms
[1.881s][info   ][gc,metaspace] GC(6) Metaspace: 11222K(11456K)->11222K(11456K) NonClass: 10133K(10240K)->10133K(10240K) Class: 1088K(1216K)->1088K(1216K)
[1.881s][info   ][gc          ] GC(6) Pause Young (Normal) (G1 Evacuation Pause) 704M->468M(6144M) 27.555ms
[2.030s][info   ][gc,metaspace] GC(7) Metaspace: 11222K(11456K)->11222K(11456K) NonClass: 10133K(10240K)->10133K(10240K) Class: 1088K(1216K)->1088K(1216K)
[2.030s][info   ][gc          ] GC(7) Pause Young (Normal) (G1 Evacuation Pause) 736M->503M(6144M) 21.684ms
[2.178s][info   ][gc,metaspace] GC(8) Metaspace: 11222K(11456K)->11222K(11456K) NonClass: 10133K(10240K)->10133K(10240K) Class: 1088K(1216K)->1088K(1216K)
[2.178s][info   ][gc          ] GC(8) Pause Young (Normal) (G1 Evacuation Pause) 775M->537M(6144M) 22.720ms
[2.377s][info   ][gc,metaspace] GC(9) Metaspace: 11222K(11456K)->11222K(11456K) NonClass: 10133K(10240K)->10133K(10240K) Class: 1088K(1216K)->1088K(1216K)
[2.377s][info   ][gc          ] GC(9) Pause Young (Normal) (G1 Evacuation Pause) 913M->580M(6144M) 27.233ms
[2.560s][info   ][gc,metaspace] GC(10) Metaspace: 11222K(11456K)->11222K(11456K) NonClass: 10133K(10240K)->10133K(10240K) Class: 1088K(1216K)->1088K(1216K)
[2.561s][info   ][gc          ] GC(10) Pause Young (Normal) (G1 Evacuation Pause) 928M->620M(6144M) 29.131ms
[2.797s][info   ][gc,metaspace] GC(11) Metaspace: 11222K(11456K)->11222K(11456K) NonClass: 10133K(10240K)->10133K(10240K) Class: 1088K(1216K)->1088K(1216K)
[2.797s][info   ][gc          ] GC(11) Pause Young (Normal) (G1 Evacuation Pause) 1068M->673M(6144M) 32.900ms
[3.036s][info   ][gc,metaspace] GC(12) Metaspace: 11222K(11456K)->11222K(11456K) NonClass: 10133K(10240K)->10133K(10240K) Class: 1088K(1216K)->1088K(1216K)
[3.036s][info   ][gc          ] GC(12) Pause Young (Normal) (G1 Evacuation Pause) 1133M->721M(6144M) 35.328ms
[3.321s][info   ][gc,metaspace] GC(13) Metaspace: 11222K(11456K)->11222K(11456K) NonClass: 10133K(10240K)->10133K(10240K) Class: 1088K(1216K)->1088K(1216K)
[3.321s][info   ][gc          ] GC(13) Pause Young (Normal) (G1 Evacuation Pause) 1265M->780M(6144M) 40.886ms
[3.626s][info   ][gc,metaspace] GC(14) Metaspace: 11222K(11456K)->11222K(11456K) NonClass: 10133K(10240K)->10133K(10240K) Class: 1088K(1216K)->1088K(1216K)
[3.626s][info   ][gc          ] GC(14) Pause Young (Normal) (G1 Evacuation Pause) 1376M->849M(6144M) 46.588ms
[3.973s][info   ][gc,metaspace] GC(15) Metaspace: 11222K(11456K)->11222K(11456K) NonClass: 10133K(10240K)->10133K(10240K) Class: 1088K(1216K)->1088K(1216K)
[3.973s][info   ][gc          ] GC(15) Pause Young (Normal) (G1 Evacuation Pause) 1521M->925M(6144M) 50.400ms
[4.355s][info   ][gc,metaspace] GC(16) Metaspace: 11222K(11456K)->11222K(11456K) NonClass: 10133K(10240K)->10133K(10240K) Class: 1088K(1216K)->1088K(1216K)
[4.356s][info   ][gc          ] GC(16) Pause Young (Normal) (G1 Evacuation Pause) 1677M->1012M(6144M) 55.136ms
[4.786s][info   ][gc,metaspace] GC(17) Metaspace: 11222K(11456K)->11222K(11456K) NonClass: 10133K(10240K)->10133K(10240K) Class: 1088K(1216K)->1088K(1216K)
[4.786s][info   ][gc          ] GC(17) Pause Young (Normal) (G1 Evacuation Pause) 1844M->1100M(6144M) 65.609ms
[5.301s][info   ][gc,metaspace] GC(18) Metaspace: 11222K(11456K)->11222K(11456K) NonClass: 10133K(10240K)->10133K(10240K) Class: 1088K(1216K)->1088K(1216K)
[5.301s][info   ][gc          ] GC(18) Pause Young (Normal) (G1 Evacuation Pause) 2016M->1200M(6144M) 63.756ms
[5.817s][info   ][gc,metaspace] GC(19) Metaspace: 11222K(11456K)->11222K(11456K) NonClass: 10133K(10240K)->10133K(10240K) Class: 1088K(1216K)->1088K(1216K)
[5.817s][info   ][gc          ] GC(19) Pause Young (Normal) (G1 Evacuation Pause) 2212M->1314M(6144M) 75.345ms
[6.426s][info   ][gc,metaspace] GC(20) Metaspace: 11222K(11456K)->11222K(11456K) NonClass: 10133K(10240K)->10133K(10240K) Class: 1088K(1216K)->1088K(1216K)
[6.426s][info   ][gc          ] GC(20) Pause Young (Normal) (G1 Evacuation Pause) 2406M->1438M(6144M) 86.738ms
[7.017s][info   ][gc,metaspace] GC(21) Metaspace: 11222K(11456K)->11222K(11456K) NonClass: 10133K(10240K)->10133K(10240K) Class: 1088K(1216K)->1088K(1216K)
[7.017s][info   ][gc          ] GC(21) Pause Young (Normal) (G1 Evacuation Pause) 2614M->1568M(6144M) 85.616ms
[7.663s][info   ][gc,metaspace] GC(22) Metaspace: 11222K(11456K)->11222K(11456K) NonClass: 10133K(10240K)->10133K(10240K) Class: 1088K(1216K)->1088K(1216K)
[7.663s][info   ][gc          ] GC(22) Pause Young (Normal) (G1 Evacuation Pause) 2828M->1702M(6144M) 97.056ms
67108864 Objects created
 - IK: 55699211 (82.99829%)
 - OAK: 3355627 (5.0002737%)
 - TAK: 8054026 (12.001434%)
Preparatory GC...
[8.956s][info   ][gc,metaspace] GC(23) Metaspace: 11222K(11456K)->11222K(11456K) NonClass: 10133K(10240K)->10133K(10240K) Class: 1088K(1216K)->1088K(1216K)
[8.956s][info   ][gc          ] GC(23) Pause Full (System.gc()) 2896M->1706M(6144M) 777.477ms
[9.576s][info   ][gc,metaspace] GC(24) Metaspace: 11222K(11456K)->11222K(11456K) NonClass: 10133K(10240K)->10133K(10240K) Class: 1088K(1216K)->1088K(1216K)
[9.577s][info   ][gc          ] GC(24) Pause Full (System.gc()) 1706M->1706M(6144M) 620.040ms
Done; will start GCs... 
[10.185s][info   ][gc,metaspace] GC(25) Metaspace: 11222K(11456K)->11222K(11456K) NonClass: 10133K(10240K)->10133K(10240K) Class: 1088K(1216K)->1088K(1216K)
[10.185s][info   ][gc          ] GC(25) Pause Full (System.gc()) 1708M->1706M(6144M) 608.023ms
[10.806s][info   ][gc,metaspace] GC(26) Metaspace: 11222K(11456K)->11222K(11456K) NonClass: 10133K(10240K)->10133K(10240K) Class: 1088K(1216K)->1088K(1216K)
[10.806s][info   ][gc          ] GC(26) Pause Full (System.gc()) 1706M->1706M(6144M) 620.836ms
[11.437s][info   ][gc,metaspace] GC(27) Metaspace: 11222K(11456K)->11222K(11456K) NonClass: 10133K(10240K)->10133K(10240K) Class: 1088K(1216K)->1088K(1216K)
[11.437s][info   ][gc          ] GC(27) Pause Full (System.gc()) 1706M->1706M(6144M) 631.649ms
[12.079s][info   ][gc,metaspace] GC(28) Metaspace: 11222K(11456K)->11222K(11456K) NonClass: 10133K(10240K)->10133K(10240K) Class: 1088K(1216K)->1088K(1216K)
[12.079s][info   ][gc          ] GC(28) Pause Full (System.gc()) 1706M->1706M(6144M) 641.401ms
[12.694s][info   ][gc,metaspace] GC(29) Metaspace: 11222K(11456K)->11222K(11456K) NonClass: 10133K(10240K)->10133K(10240K) Class: 1088K(1216K)->1088K(1216K)
[12.694s][info   ][gc          ] GC(29) Pause Full (System.gc()) 1706M->1706M(6144M) 615.037ms
[13.331s][info   ][gc,metaspace] GC(30) Metaspace: 11222K(11456K)->11222K(11456K) NonClass: 10133K(10240K)->10133K(10240K) Class: 1088K(1216K)->1088K(1216K)
[13.331s][info   ][gc          ] GC(30) Pause Full (System.gc()) 1706M->1706M(6144M) 636.831ms
[13.966s][info   ][gc,metaspace] GC(31) Metaspace: 11222K(11456K)->11222K(11456K) NonClass: 10133K(10240K)->10133K(10240K) Class: 1088K(1216K)->1088K(1216K)
[13.966s][info   ][gc          ] GC(31) Pause Full (System.gc()) 1706M->1706M(6144M) 634.722ms
[14.587s][info   ][gc,metaspace] GC(32) Metaspace: 11222K(11456K)->11222K(11456K) NonClass: 10133K(10240K)->10133K(10240K) Class: 1088K(1216K)->1088K(1216K)
[14.587s][info   ][gc          ] GC(32) Pause Full (System.gc()) 1706M->1706M(6144M) 621.221ms
[15.211s][info   ][gc,metaspace] GC(33) Metaspace: 11222K(11456K)->11222K(11456K) NonClass: 10133K(10240K)->10133K(10240K) Class: 1088K(1216K)->1088K(1216K)
[15.211s][info   ][gc          ] GC(33) Pause Full (System.gc()) 1706M->1706M(6144M) 623.699ms
[15.824s][info   ][gc,metaspace] GC(34) Metaspace: 11222K(11456K)->11222K(11456K) NonClass: 10133K(10240K)->10133K(10240K) Class: 1088K(1216K)->1088K(1216K)
[15.824s][info   ][gc          ] GC(34) Pause Full (System.gc()) 1706M->1706M(6144M) 613.370ms
[16.449s][info   ][gc,metaspace] GC(35) Metaspace: 11222K(11456K)->11222K(11456K) NonClass: 10133K(10240K)->10133K(10240K) Class: 1088K(1216K)->1088K(1216K)
[16.449s][info   ][gc          ] GC(35) Pause Full (System.gc()) 1706M->1706M(6144M) 625.070ms
[17.067s][info   ][gc,metaspace] GC(36) Metaspace: 11222K(11456K)->11222K(11456K) NonClass: 10133K(10240K)->10133K(10240K) Class: 1088K(1216K)->1088K(1216K)
[17.068s][info   ][gc          ] GC(36) Pause Full (System.gc()) 1706M->1706M(6144M) 618.233ms
[17.685s][info   ][gc,metaspace] GC(37) Metaspace: 11222K(11456K)->11222K(11456K) NonClass: 10133K(10240K)->10133K(10240K) Class: 1088K(1216K)->1088K(1216K)
[17.685s][info   ][gc          ] GC(37) Pause Full (System.gc()) 1706M->1706M(6144M) 617.153ms
[18.306s][info   ][gc,metaspace] GC(38) Metaspace: 11222K(11456K)->11222K(11456K) NonClass: 10133K(10240K)->10133K(10240K) Class: 1088K(1216K)->1088K(1216K)
[18.306s][info   ][gc          ] GC(38) Pause Full (System.gc()) 1706M->1706M(6144M) 621.397ms
[18.873s][info   ][gc,metaspace] GC(39) Metaspace: 11222K(11456K)->11222K(11456K) NonClass: 10133K(10240K)->10133K(10240K) Class: 1088K(1216K)->1088K(1216K)
[18.873s][info   ][gc          ] GC(39) Pause Full (System.gc()) 1706M->1706M(6144M) 567.091ms
[19.440s][info   ][gc,metaspace] GC(40) Metaspace: 11222K(11456K)->11222K(11456K) NonClass: 10133K(10240K)->10133K(10240K) Class: 1088K(1216K)->1088K(1216K)
[19.440s][info   ][gc          ] GC(40) Pause Full (System.gc()) 1706M->1706M(6144M) 566.131ms
[20.004s][info   ][gc,metaspace] GC(41) Metaspace: 11222K(11456K)->11222K(11456K) NonClass: 10133K(10240K)->10133K(10240K) Class: 1088K(1216K)->1088K(1216K)
[20.004s][info   ][gc          ] GC(41) Pause Full (System.gc()) 1706M->1706M(6144M) 564.006ms
[20.567s][info   ][gc,metaspace] GC(42) Metaspace: 11222K(11456K)->11222K(11456K) NonClass: 10133K(10240K)->10133K(10240K) Class: 1088K(1216K)->1088K(1216K)
[20.567s][info   ][gc          ] GC(42) Pause Full (System.gc()) 1706M->1706M(6144M) 563.588ms
[21.128s][info   ][gc,metaspace] GC(43) Metaspace: 11222K(11456K)->11222K(11456K) NonClass: 10133K(10240K)->10133K(10240K) Class: 1088K(1216K)->1088K(1216K)
[21.128s][info   ][gc          ] GC(43) Pause Full (System.gc()) 1706M->1706M(6144M) 560.634ms
[21.698s][info   ][gc,metaspace] GC(44) Metaspace: 11222K(11456K)->11222K(11456K) NonClass: 10133K(10240K)->10133K(10240K) Class: 1088K(1216K)->1088K(1216K)
[21.698s][info   ][gc          ] GC(44) Pause Full (System.gc()) 1706M->1706M(6144M) 569.634ms
[22.263s][info   ][gc,metaspace] GC(45) Metaspace: 11222K(11456K)->11222K(11456K) NonClass: 10133K(10240K)->10133K(10240K) Class: 1088K(1216K)->1088K(1216K)
[22.264s][info   ][gc          ] GC(45) Pause Full (System.gc()) 1706M->1706M(6144M) 565.749ms
[22.823s][info   ][gc,metaspace] GC(46) Metaspace: 11222K(11456K)->11222K(11456K) NonClass: 10133K(10240K)->10133K(10240K) Class: 1088K(1216K)->1088K(1216K)
[22.823s][info   ][gc          ] GC(46) Pause Full (System.gc()) 1706M->1706M(6144M) 559.841ms
[23.389s][info   ][gc,metaspace] GC(47) Metaspace: 11222K(11456K)->11222K(11456K) NonClass: 10133K(10240K)->10133K(10240K) Class: 1088K(1216K)->1088K(1216K)
[23.389s][info   ][gc          ] GC(47) Pause Full (System.gc()) 1706M->1706M(6144M) 565.504ms
[23.954s][info   ][gc,metaspace] GC(48) Metaspace: 11222K(11456K)->11222K(11456K) NonClass: 10133K(10240K)->10133K(10240K) Class: 1088K(1216K)->1088K(1216K)
[23.954s][info   ][gc          ] GC(48) Pause Full (System.gc()) 1706M->1706M(6144M) 564.972ms
[24.520s][info   ][gc,metaspace] GC(49) Metaspace: 11222K(11456K)->11222K(11456K) NonClass: 10133K(10240K)->10133K(10240K) Class: 1088K(1216K)->1088K(1216K)
[24.520s][info   ][gc          ] GC(49) Pause Full (System.gc()) 1706M->1706M(6144M) 565.641ms
[25.083s][info   ][gc,metaspace] GC(50) Metaspace: 11222K(11456K)->11222K(11456K) NonClass: 10133K(10240K)->10133K(10240K) Class: 1088K(1216K)->1088K(1216K)
[25.083s][info   ][gc          ] GC(50) Pause Full (System.gc()) 1706M->1706M(6144M) 563.411ms
[25.645s][info   ][gc,metaspace] GC(51) Metaspace: 11222K(11456K)->11222K(11456K) NonClass: 10133K(10240K)->10133K(10240K) Class: 1088K(1216K)->1088K(1216K)
[25.645s][info   ][gc          ] GC(51) Pause Full (System.gc()) 1706M->1706M(6144M) 561.756ms
[26.206s][info   ][gc,metaspace] GC(52) Metaspace: 11222K(11456K)->11222K(11456K) NonClass: 10133K(10240K)->10133K(10240K) Class: 1088K(1216K)->1088K(1216K)
[26.206s][info   ][gc          ] GC(52) Pause Full (System.gc()) 1706M->1706M(6144M) 560.890ms
[26.771s][info   ][gc,metaspace] GC(53) Metaspace: 11222K(11456K)->11222K(11456K) NonClass: 10133K(10240K)->10133K(10240K) Class: 1088K(1216K)->1088K(1216K)
[26.771s][info   ][gc          ] GC(53) Pause Full (System.gc()) 1706M->1706M(6144M) 564.820ms
[27.338s][info   ][gc,metaspace] GC(54) Metaspace: 11222K(11456K)->11222K(11456K) NonClass: 10133K(10240K)->10133K(10240K) Class: 1088K(1216K)->1088K(1216K)
[27.338s][info   ][gc          ] GC(54) Pause Full (System.gc()) 1706M->1706M(6144M) 566.756ms
[27.903s][info   ][gc,metaspace] GC(55) Metaspace: 11222K(11456K)->11222K(11456K) NonClass: 10133K(10240K)->10133K(10240K) Class: 1088K(1216K)->1088K(1216K)
[27.904s][info   ][gc          ] GC(55) Pause Full (System.gc()) 1706M->1706M(6144M) 565.775ms
[28.465s][info   ][gc,metaspace] GC(56) Metaspace: 11222K(11456K)->11222K(11456K) NonClass: 10133K(10240K)->10133K(10240K) Class: 1088K(1216K)->1088K(1216K)
[28.465s][info   ][gc          ] GC(56) Pause Full (System.gc()) 1706M->1706M(6144M) 561.434ms
[29.028s][info   ][gc,metaspace] GC(57) Metaspace: 11222K(11456K)->11222K(11456K) NonClass: 10133K(10240K)->10133K(10240K) Class: 1088K(1216K)->1088K(1216K)
[29.028s][info   ][gc          ] GC(57) Pause Full (System.gc()) 1706M->1706M(6144M) 563.125ms
[29.593s][info   ][gc,metaspace] GC(58) Metaspace: 11222K(11456K)->11222K(11456K) NonClass: 10133K(10240K)->10133K(10240K) Class: 1088K(1216K)->1088K(1216K)
[29.593s][info   ][gc          ] GC(58) Pause Full (System.gc()) 1706M->1706M(6144M) 564.671ms
[30.161s][info   ][gc,metaspace] GC(59) Metaspace: 11222K(11456K)->11222K(11456K) NonClass: 10133K(10240K)->10133K(10240K) Class: 1088K(1216K)->1088K(1216K)
[30.161s][info   ][gc          ] GC(59) Pause Full (System.gc()) 1706M->1706M(6144M) 568.260ms
[30.724s][info   ][gc,metaspace] GC(60) Metaspace: 11222K(11456K)->11222K(11456K) NonClass: 10133K(10240K)->10133K(10240K) Class: 1088K(1216K)->1088K(1216K)
[30.724s][info   ][gc          ] GC(60) Pause Full (System.gc()) 1706M->1706M(6144M) 562.751ms
[31.288s][info   ][gc,metaspace] GC(61) Metaspace: 11222K(11456K)->11222K(11456K) NonClass: 10133K(10240K)->10133K(10240K) Class: 1088K(1216K)->1088K(1216K)
[31.288s][info   ][gc          ] GC(61) Pause Full (System.gc()) 1706M->1706M(6144M) 563.684ms
[31.857s][info   ][gc,metaspace] GC(62) Metaspace: 11222K(11456K)->11222K(11456K) NonClass: 10133K(10240K)->10133K(10240K) Class: 1088K(1216K)->1088K(1216K)
[31.857s][info   ][gc          ] GC(62) Pause Full (System.gc()) 1706M->1706M(6144M) 568.748ms
[32.424s][info   ][gc,metaspace] GC(63) Metaspace: 11222K(11456K)->11222K(11456K) NonClass: 10133K(10240K)->10133K(10240K) Class: 1088K(1216K)->1088K(1216K)
[32.424s][info   ][gc          ] GC(63) Pause Full (System.gc()) 1706M->1706M(6144M) 566.907ms
[32.988s][info   ][gc,metaspace] GC(64) Metaspace: 11222K(11456K)->11222K(11456K) NonClass: 10133K(10240K)->10133K(10240K) Class: 1088K(1216K)->1088K(1216K)
[32.988s][info   ][gc          ] GC(64) Pause Full (System.gc()) 1706M->1706M(6144M) 564.323ms
[33.551s][info   ][gc,metaspace] GC(65) Metaspace: 11222K(11456K)->11222K(11456K) NonClass: 10133K(10240K)->10133K(10240K) Class: 1088K(1216K)->1088K(1216K)
[33.551s][info   ][gc          ] GC(65) Pause Full (System.gc()) 1706M->1706M(6144M) 562.867ms
[34.117s][info   ][gc,metaspace] GC(66) Metaspace: 11222K(11456K)->11222K(11456K) NonClass: 10133K(10240K)->10133K(10240K) Class: 1088K(1216K)->1088K(1216K)
[34.117s][info   ][gc          ] GC(66) Pause Full (System.gc()) 1706M->1706M(6144M) 566.005ms
[34.677s][info   ][gc,metaspace] GC(67) Metaspace: 11222K(11456K)->11222K(11456K) NonClass: 10133K(10240K)->10133K(10240K) Class: 1088K(1216K)->1088K(1216K)
[34.677s][info   ][gc          ] GC(67) Pause Full (System.gc()) 1706M->1706M(6144M) 559.822ms
[35.243s][info   ][gc,metaspace] GC(68) Metaspace: 11222K(11456K)->11222K(11456K) NonClass: 10133K(10240K)->10133K(10240K) Class: 1088K(1216K)->1088K(1216K)
[35.243s][info   ][gc          ] GC(68) Pause Full (System.gc()) 1706M->1706M(6144M) 566.519ms
[35.810s][info   ][gc,metaspace] GC(69) Metaspace: 11222K(11456K)->11222K(11456K) NonClass: 10133K(10240K)->10133K(10240K) Class: 1088K(1216K)->1088K(1216K)
[35.810s][info   ][gc          ] GC(69) Pause Full (System.gc()) 1706M->1706M(6144M) 566.071ms
[36.381s][info   ][gc,metaspace] GC(70) Metaspace: 11222K(11456K)->11222K(11456K) NonClass: 10133K(10240K)->10133K(10240K) Class: 1088K(1216K)->1088K(1216K)
[36.381s][info   ][gc          ] GC(70) Pause Full (System.gc()) 1706M->1706M(6144M) 571.173ms
[36.944s][info   ][gc,metaspace] GC(71) Metaspace: 11222K(11456K)->11222K(11456K) NonClass: 10133K(10240K)->10133K(10240K) Class: 1088K(1216K)->1088K(1216K)
[36.944s][info   ][gc          ] GC(71) Pause Full (System.gc()) 1706M->1706M(6144M) 563.261ms
[37.512s][info   ][gc,metaspace] GC(72) Metaspace: 11222K(11456K)->11222K(11456K) NonClass: 10133K(10240K)->10133K(10240K) Class: 1088K(1216K)->1088K(1216K)
[37.512s][info   ][gc          ] GC(72) Pause Full (System.gc()) 1706M->1706M(6144M) 567.658ms
[38.076s][info   ][gc,metaspace] GC(73) Metaspace: 11222K(11456K)->11222K(11456K) NonClass: 10133K(10240K)->10133K(10240K) Class: 1088K(1216K)->1088K(1216K)
[38.076s][info   ][gc          ] GC(73) Pause Full (System.gc()) 1706M->1706M(6144M) 564.374ms
[38.637s][info   ][gc,metaspace] GC(74) Metaspace: 11222K(11456K)->11222K(11456K) NonClass: 10133K(10240K)->10133K(10240K) Class: 1088K(1216K)->1088K(1216K)
[38.637s][info   ][gc          ] GC(74) Pause Full (System.gc()) 1706M->1706M(6144M) 560.923ms
After GCs... 
