[0.002s][warning][pagesize] UseLargePages disabled, no large pages configured and available on the system.
[0.002s][info   ][metaspace]  - commit_granule_bytes: 65536.
[0.002s][info   ][metaspace]  - commit_granule_words: 8192.
[0.002s][info   ][metaspace]  - virtual_space_node_default_size: 8388608.
[0.002s][info   ][metaspace]  - enlarge_chunks_in_place: 1.
[0.002s][info   ][metaspace]  - use_allocation_guard: 0.
[0.009s][info   ][gc       ] Using G1
[0.576s][info   ][metaspace] Reserving compressed class space anywhere
[0.576s][info   ][gc,metaspace] CDS archive(s) not mapped
[0.576s][info   ][gc,metaspace] Compressed class space mapped at: 0x000000001d000000-0x00000000dd000000, reserved size: 3221225472
[0.576s][info   ][gc,metaspace] UseCompressedClassPointers 1, UseCompactObjectHeaders 1, narrow klass pointer bits 22, max shift 10
[0.576s][info   ][gc,metaspace] Narrow klass base: 0x000000001d000000, Narrow klass shift: 10, Narrow klass range: 0xc0000000
Random Seed: 12345678
Num Classes: 16
Num Objects: 67108864
Percent IK Objects: 83.0%)
Percent OAK Objects: 5.0%)
Percent TAK Objects: 12.0%)
Cycles: 50
Loading 16 pre-generated classes ...
Materialize pre-generated constructors ...
Creating objects...
[0.799s][info   ][gc,metaspace] GC(0) Metaspace: 11184K(11456K)->11184K(11456K) NonClass: 9393K(9536K)->9393K(9536K) Class: 1791K(1920K)->1791K(1920K)
[0.799s][info   ][gc          ] GC(0) Pause Full (System.gc()) 19M->2M(6144M) 9.097ms
[1.152s][info   ][gc,metaspace] GC(1) Metaspace: 11246K(11584K)->11246K(11584K) NonClass: 9445K(9600K)->9445K(9600K) Class: 1801K(1984K)->1801K(1984K)
[1.152s][info   ][gc          ] GC(1) Pause Young (Normal) (G1 Evacuation Pause) 566M->294M(6144M) 18.533ms
[1.319s][info   ][gc,metaspace] GC(2) Metaspace: 11246K(11584K)->11246K(11584K) NonClass: 9445K(9600K)->9445K(9600K) Class: 1801K(1984K)->1801K(1984K)
[1.319s][info   ][gc          ] GC(2) Pause Young (Normal) (G1 Evacuation Pause) 562M->326M(6144M) 25.061ms
[1.489s][info   ][gc,metaspace] GC(3) Metaspace: 11246K(11584K)->11246K(11584K) NonClass: 9445K(9600K)->9445K(9600K) Class: 1801K(1984K)->1801K(1984K)
[1.489s][info   ][gc          ] GC(3) Pause Young (Normal) (G1 Evacuation Pause) 598M->357M(6144M) 24.342ms
[1.660s][info   ][gc,metaspace] GC(4) Metaspace: 11246K(11584K)->11246K(11584K) NonClass: 9445K(9600K)->9445K(9600K) Class: 1801K(1984K)->1801K(1984K)
[1.660s][info   ][gc          ] GC(4) Pause Young (Normal) (G1 Evacuation Pause) 629M->393M(6144M) 26.490ms
[1.827s][info   ][gc,metaspace] GC(5) Metaspace: 11246K(11584K)->11246K(11584K) NonClass: 9445K(9600K)->9445K(9600K) Class: 1801K(1984K)->1801K(1984K)
[1.827s][info   ][gc          ] GC(5) Pause Young (Normal) (G1 Evacuation Pause) 661M->425M(6144M) 24.476ms
[1.997s][info   ][gc,metaspace] GC(6) Metaspace: 11246K(11584K)->11246K(11584K) NonClass: 9445K(9600K)->9445K(9600K) Class: 1801K(1984K)->1801K(1984K)
[1.997s][info   ][gc          ] GC(6) Pause Young (Normal) (G1 Evacuation Pause) 697M->460M(6144M) 25.189ms
[2.203s][info   ][gc,metaspace] GC(7) Metaspace: 11246K(11584K)->11246K(11584K) NonClass: 9445K(9600K)->9445K(9600K) Class: 1801K(1984K)->1801K(1984K)
[2.203s][info   ][gc          ] GC(7) Pause Young (Normal) (G1 Evacuation Pause) 728M->486M(6144M) 23.747ms
[2.373s][info   ][gc,metaspace] GC(8) Metaspace: 11246K(11584K)->11246K(11584K) NonClass: 9445K(9600K)->9445K(9600K) Class: 1801K(1984K)->1801K(1984K)
[2.373s][info   ][gc          ] GC(8) Pause Young (Normal) (G1 Evacuation Pause) 778M->516M(6144M) 23.265ms
[2.597s][info   ][gc,metaspace] GC(9) Metaspace: 11246K(11584K)->11246K(11584K) NonClass: 9445K(9600K)->9445K(9600K) Class: 1801K(1984K)->1801K(1984K)
[2.597s][info   ][gc          ] GC(9) Pause Young (Normal) (G1 Evacuation Pause) 908M->551M(6144M) 30.137ms
[2.788s][info   ][gc,metaspace] GC(10) Metaspace: 11246K(11584K)->11246K(11584K) NonClass: 9445K(9600K)->9445K(9600K) Class: 1801K(1984K)->1801K(1984K)
[2.788s][info   ][gc          ] GC(10) Pause Young (Normal) (G1 Evacuation Pause) 875M->589M(6144M) 34.068ms
[3.040s][info   ][gc,metaspace] GC(11) Metaspace: 11246K(11584K)->11246K(11584K) NonClass: 9445K(9600K)->9445K(9600K) Class: 1801K(1984K)->1801K(1984K)
[3.040s][info   ][gc          ] GC(11) Pause Young (Normal) (G1 Evacuation Pause) 1041M->628M(6144M) 33.324ms
[3.297s][info   ][gc,metaspace] GC(12) Metaspace: 11246K(11584K)->11246K(11584K) NonClass: 9445K(9600K)->9445K(9600K) Class: 1801K(1984K)->1801K(1984K)
[3.297s][info   ][gc          ] GC(12) Pause Young (Normal) (G1 Evacuation Pause) 1064M->680M(6144M) 44.552ms
[3.626s][info   ][gc,metaspace] GC(13) Metaspace: 11246K(11584K)->11246K(11584K) NonClass: 9445K(9600K)->9445K(9600K) Class: 1801K(1984K)->1801K(1984K)
[3.626s][info   ][gc          ] GC(13) Pause Young (Normal) (G1 Evacuation Pause) 1264M->738M(6144M) 50.452ms
[3.948s][info   ][gc,metaspace] GC(14) Metaspace: 11246K(11584K)->11246K(11584K) NonClass: 9445K(9600K)->9445K(9600K) Class: 1801K(1984K)->1801K(1984K)
[3.948s][info   ][gc          ] GC(14) Pause Young (Normal) (G1 Evacuation Pause) 1314M->796M(6144M) 46.262ms
[4.390s][info   ][gc,metaspace] GC(15) Metaspace: 11246K(11584K)->11246K(11584K) NonClass: 9445K(9600K)->9445K(9600K) Class: 1801K(1984K)->1801K(1984K)
[4.390s][info   ][gc          ] GC(15) Pause Young (Normal) (G1 Evacuation Pause) 1516M->869M(6144M) 51.090ms
[4.801s][info   ][gc,metaspace] GC(16) Metaspace: 11246K(11584K)->11246K(11584K) NonClass: 9445K(9600K)->9445K(9600K) Class: 1801K(1984K)->1801K(1984K)
[4.801s][info   ][gc          ] GC(16) Pause Young (Normal) (G1 Evacuation Pause) 1605M->944M(6144M) 63.828ms
[5.306s][info   ][gc,metaspace] GC(17) Metaspace: 11246K(11584K)->11246K(11584K) NonClass: 9445K(9600K)->9445K(9600K) Class: 1801K(1984K)->1801K(1984K)
[5.306s][info   ][gc          ] GC(17) Pause Young (Normal) (G1 Evacuation Pause) 1768M->1024M(6144M) 69.259ms
[5.812s][info   ][gc,metaspace] GC(18) Metaspace: 11246K(11584K)->11246K(11584K) NonClass: 9445K(9600K)->9445K(9600K) Class: 1801K(1984K)->1801K(1984K)
[5.812s][info   ][gc          ] GC(18) Pause Young (Normal) (G1 Evacuation Pause) 1912M->1114M(6144M) 84.150ms
[6.342s][info   ][gc,metaspace] GC(19) Metaspace: 11246K(11584K)->11246K(11584K) NonClass: 9445K(9600K)->9445K(9600K) Class: 1801K(1984K)->1801K(1984K)
[6.342s][info   ][gc          ] GC(19) Pause Young (Normal) (G1 Evacuation Pause) 2058M->1206M(6144M) 80.989ms
[6.909s][info   ][gc,metaspace] GC(20) Metaspace: 11246K(11584K)->11246K(11584K) NonClass: 9445K(9600K)->9445K(9600K) Class: 1801K(1984K)->1801K(1984K)
[6.909s][info   ][gc          ] GC(20) Pause Young (Normal) (G1 Evacuation Pause) 2234M->1310M(6144M) 83.059ms
[7.568s][info   ][gc,metaspace] GC(21) Metaspace: 11246K(11584K)->11246K(11584K) NonClass: 9445K(9600K)->9445K(9600K) Class: 1801K(1984K)->1801K(1984K)
[7.568s][info   ][gc          ] GC(21) Pause Young (Normal) (G1 Evacuation Pause) 2410M->1420M(6144M) 90.584ms
[8.269s][info   ][gc,metaspace] GC(22) Metaspace: 11246K(11584K)->11246K(11584K) NonClass: 9445K(9600K)->9445K(9600K) Class: 1801K(1984K)->1801K(1984K)
[8.269s][info   ][gc          ] GC(22) Pause Young (Normal) (G1 Evacuation Pause) 2588M->1534M(6144M) 110.346ms
67108864 Objects created
 - IK: 55699211 (82.99829%)
 - OAK: 3355627 (5.0002737%)
 - TAK: 8054026 (12.001434%)
Preparatory GC...
[9.063s][info   ][gc,metaspace] GC(23) Metaspace: 11246K(11584K)->11246K(11584K) NonClass: 9445K(9600K)->9445K(9600K) Class: 1801K(1984K)->1801K(1984K)
[9.063s][info   ][gc          ] GC(23) Pause Full (System.gc()) 1808M->1450M(6144M) 667.634ms
[9.616s][info   ][gc,metaspace] GC(24) Metaspace: 11246K(11584K)->11246K(11584K) NonClass: 9445K(9600K)->9445K(9600K) Class: 1801K(1984K)->1801K(1984K)
[9.616s][info   ][gc          ] GC(24) Pause Full (System.gc()) 1450M->1450M(6144M) 553.629ms
Done; will start GCs... 
[10.173s][info   ][gc,metaspace] GC(25) Metaspace: 11246K(11584K)->11246K(11584K) NonClass: 9445K(9600K)->9445K(9600K) Class: 1801K(1984K)->1801K(1984K)
[10.173s][info   ][gc          ] GC(25) Pause Full (System.gc()) 1452M->1450M(6144M) 556.208ms
[10.725s][info   ][gc,metaspace] GC(26) Metaspace: 11246K(11584K)->11246K(11584K) NonClass: 9445K(9600K)->9445K(9600K) Class: 1801K(1984K)->1801K(1984K)
[10.725s][info   ][gc          ] GC(26) Pause Full (System.gc()) 1450M->1450M(6144M) 551.646ms
[11.273s][info   ][gc,metaspace] GC(27) Metaspace: 11246K(11584K)->11246K(11584K) NonClass: 9445K(9600K)->9445K(9600K) Class: 1801K(1984K)->1801K(1984K)
[11.273s][info   ][gc          ] GC(27) Pause Full (System.gc()) 1450M->1450M(6144M) 548.147ms
[11.820s][info   ][gc,metaspace] GC(28) Metaspace: 11246K(11584K)->11246K(11584K) NonClass: 9445K(9600K)->9445K(9600K) Class: 1801K(1984K)->1801K(1984K)
[11.820s][info   ][gc          ] GC(28) Pause Full (System.gc()) 1450M->1450M(6144M) 546.743ms
[12.370s][info   ][gc,metaspace] GC(29) Metaspace: 11246K(11584K)->11246K(11584K) NonClass: 9445K(9600K)->9445K(9600K) Class: 1801K(1984K)->1801K(1984K)
[12.370s][info   ][gc          ] GC(29) Pause Full (System.gc()) 1450M->1450M(6144M) 550.003ms
[12.919s][info   ][gc,metaspace] GC(30) Metaspace: 11246K(11584K)->11246K(11584K) NonClass: 9445K(9600K)->9445K(9600K) Class: 1801K(1984K)->1801K(1984K)
[12.919s][info   ][gc          ] GC(30) Pause Full (System.gc()) 1450M->1450M(6144M) 549.622ms
[13.467s][info   ][gc,metaspace] GC(31) Metaspace: 11246K(11584K)->11246K(11584K) NonClass: 9445K(9600K)->9445K(9600K) Class: 1801K(1984K)->1801K(1984K)
[13.467s][info   ][gc          ] GC(31) Pause Full (System.gc()) 1450M->1450M(6144M) 547.485ms
[14.016s][info   ][gc,metaspace] GC(32) Metaspace: 11246K(11584K)->11246K(11584K) NonClass: 9445K(9600K)->9445K(9600K) Class: 1801K(1984K)->1801K(1984K)
[14.016s][info   ][gc          ] GC(32) Pause Full (System.gc()) 1450M->1450M(6144M) 549.368ms
[14.559s][info   ][gc,metaspace] GC(33) Metaspace: 11246K(11584K)->11246K(11584K) NonClass: 9445K(9600K)->9445K(9600K) Class: 1801K(1984K)->1801K(1984K)
[14.559s][info   ][gc          ] GC(33) Pause Full (System.gc()) 1450M->1450M(6144M) 542.408ms
[15.111s][info   ][gc,metaspace] GC(34) Metaspace: 11246K(11584K)->11246K(11584K) NonClass: 9445K(9600K)->9445K(9600K) Class: 1801K(1984K)->1801K(1984K)
[15.111s][info   ][gc          ] GC(34) Pause Full (System.gc()) 1450M->1450M(6144M) 551.907ms
[15.656s][info   ][gc,metaspace] GC(35) Metaspace: 11246K(11584K)->11246K(11584K) NonClass: 9445K(9600K)->9445K(9600K) Class: 1801K(1984K)->1801K(1984K)
[15.656s][info   ][gc          ] GC(35) Pause Full (System.gc()) 1450M->1450M(6144M) 544.938ms
[16.216s][info   ][gc,metaspace] GC(36) Metaspace: 11246K(11584K)->11246K(11584K) NonClass: 9445K(9600K)->9445K(9600K) Class: 1801K(1984K)->1801K(1984K)
[16.216s][info   ][gc          ] GC(36) Pause Full (System.gc()) 1450M->1450M(6144M) 559.814ms
[16.760s][info   ][gc,metaspace] GC(37) Metaspace: 11246K(11584K)->11246K(11584K) NonClass: 9445K(9600K)->9445K(9600K) Class: 1801K(1984K)->1801K(1984K)
[16.760s][info   ][gc          ] GC(37) Pause Full (System.gc()) 1450M->1450M(6144M) 544.595ms
[17.310s][info   ][gc,metaspace] GC(38) Metaspace: 11246K(11584K)->11246K(11584K) NonClass: 9445K(9600K)->9445K(9600K) Class: 1801K(1984K)->1801K(1984K)
[17.310s][info   ][gc          ] GC(38) Pause Full (System.gc()) 1450M->1450M(6144M) 549.203ms
[17.864s][info   ][gc,metaspace] GC(39) Metaspace: 11246K(11584K)->11246K(11584K) NonClass: 9445K(9600K)->9445K(9600K) Class: 1801K(1984K)->1801K(1984K)
[17.864s][info   ][gc          ] GC(39) Pause Full (System.gc()) 1450M->1450M(6144M) 554.503ms
[18.410s][info   ][gc,metaspace] GC(40) Metaspace: 11246K(11584K)->11246K(11584K) NonClass: 9445K(9600K)->9445K(9600K) Class: 1801K(1984K)->1801K(1984K)
[18.411s][info   ][gc          ] GC(40) Pause Full (System.gc()) 1450M->1450M(6144M) 546.214ms
[18.959s][info   ][gc,metaspace] GC(41) Metaspace: 11246K(11584K)->11246K(11584K) NonClass: 9445K(9600K)->9445K(9600K) Class: 1801K(1984K)->1801K(1984K)
[18.959s][info   ][gc          ] GC(41) Pause Full (System.gc()) 1450M->1450M(6144M) 548.797ms
[19.509s][info   ][gc,metaspace] GC(42) Metaspace: 11246K(11584K)->11246K(11584K) NonClass: 9445K(9600K)->9445K(9600K) Class: 1801K(1984K)->1801K(1984K)
[19.509s][info   ][gc          ] GC(42) Pause Full (System.gc()) 1450M->1450M(6144M) 549.140ms
[20.053s][info   ][gc,metaspace] GC(43) Metaspace: 11246K(11584K)->11246K(11584K) NonClass: 9445K(9600K)->9445K(9600K) Class: 1801K(1984K)->1801K(1984K)
[20.053s][info   ][gc          ] GC(43) Pause Full (System.gc()) 1450M->1450M(6144M) 544.531ms
[20.603s][info   ][gc,metaspace] GC(44) Metaspace: 11246K(11584K)->11246K(11584K) NonClass: 9445K(9600K)->9445K(9600K) Class: 1801K(1984K)->1801K(1984K)
[20.603s][info   ][gc          ] GC(44) Pause Full (System.gc()) 1450M->1450M(6144M) 545.483ms
[21.152s][info   ][gc,metaspace] GC(45) Metaspace: 11246K(11584K)->11246K(11584K) NonClass: 9445K(9600K)->9445K(9600K) Class: 1801K(1984K)->1801K(1984K)
[21.152s][info   ][gc          ] GC(45) Pause Full (System.gc()) 1450M->1450M(6144M) 548.561ms
[21.705s][info   ][gc,metaspace] GC(46) Metaspace: 11246K(11584K)->11246K(11584K) NonClass: 9445K(9600K)->9445K(9600K) Class: 1801K(1984K)->1801K(1984K)
[21.705s][info   ][gc          ] GC(46) Pause Full (System.gc()) 1450M->1450M(6144M) 553.453ms
[22.268s][info   ][gc,metaspace] GC(47) Metaspace: 11246K(11584K)->11246K(11584K) NonClass: 9445K(9600K)->9445K(9600K) Class: 1801K(1984K)->1801K(1984K)
[22.268s][info   ][gc          ] GC(47) Pause Full (System.gc()) 1450M->1450M(6144M) 562.464ms
[22.818s][info   ][gc,metaspace] GC(48) Metaspace: 11246K(11584K)->11246K(11584K) NonClass: 9445K(9600K)->9445K(9600K) Class: 1801K(1984K)->1801K(1984K)
[22.818s][info   ][gc          ] GC(48) Pause Full (System.gc()) 1450M->1450M(6144M) 549.951ms
[23.372s][info   ][gc,metaspace] GC(49) Metaspace: 11246K(11584K)->11246K(11584K) NonClass: 9445K(9600K)->9445K(9600K) Class: 1801K(1984K)->1801K(1984K)
[23.372s][info   ][gc          ] GC(49) Pause Full (System.gc()) 1450M->1450M(6144M) 554.535ms
[23.924s][info   ][gc,metaspace] GC(50) Metaspace: 11246K(11584K)->11246K(11584K) NonClass: 9445K(9600K)->9445K(9600K) Class: 1801K(1984K)->1801K(1984K)
[23.924s][info   ][gc          ] GC(50) Pause Full (System.gc()) 1450M->1450M(6144M) 552.088ms
[24.474s][info   ][gc,metaspace] GC(51) Metaspace: 11246K(11584K)->11246K(11584K) NonClass: 9445K(9600K)->9445K(9600K) Class: 1801K(1984K)->1801K(1984K)
[24.474s][info   ][gc          ] GC(51) Pause Full (System.gc()) 1450M->1450M(6144M) 549.262ms
[25.021s][info   ][gc,metaspace] GC(52) Metaspace: 11246K(11584K)->11246K(11584K) NonClass: 9445K(9600K)->9445K(9600K) Class: 1801K(1984K)->1801K(1984K)
[25.021s][info   ][gc          ] GC(52) Pause Full (System.gc()) 1450M->1450M(6144M) 546.760ms
[25.572s][info   ][gc,metaspace] GC(53) Metaspace: 11246K(11584K)->11246K(11584K) NonClass: 9445K(9600K)->9445K(9600K) Class: 1801K(1984K)->1801K(1984K)
[25.572s][info   ][gc          ] GC(53) Pause Full (System.gc()) 1450M->1450M(6144M) 551.119ms
[26.118s][info   ][gc,metaspace] GC(54) Metaspace: 11246K(11584K)->11246K(11584K) NonClass: 9445K(9600K)->9445K(9600K) Class: 1801K(1984K)->1801K(1984K)
[26.119s][info   ][gc          ] GC(54) Pause Full (System.gc()) 1450M->1450M(6144M) 546.605ms
[26.670s][info   ][gc,metaspace] GC(55) Metaspace: 11246K(11584K)->11246K(11584K) NonClass: 9445K(9600K)->9445K(9600K) Class: 1801K(1984K)->1801K(1984K)
[26.671s][info   ][gc          ] GC(55) Pause Full (System.gc()) 1450M->1450M(6144M) 551.962ms
[27.222s][info   ][gc,metaspace] GC(56) Metaspace: 11246K(11584K)->11246K(11584K) NonClass: 9445K(9600K)->9445K(9600K) Class: 1801K(1984K)->1801K(1984K)
[27.222s][info   ][gc          ] GC(56) Pause Full (System.gc()) 1450M->1450M(6144M) 551.161ms
[27.763s][info   ][gc,metaspace] GC(57) Metaspace: 11246K(11584K)->11246K(11584K) NonClass: 9445K(9600K)->9445K(9600K) Class: 1801K(1984K)->1801K(1984K)
[27.763s][info   ][gc          ] GC(57) Pause Full (System.gc()) 1450M->1450M(6144M) 541.686ms
[28.315s][info   ][gc,metaspace] GC(58) Metaspace: 11246K(11584K)->11246K(11584K) NonClass: 9445K(9600K)->9445K(9600K) Class: 1801K(1984K)->1801K(1984K)
[28.315s][info   ][gc          ] GC(58) Pause Full (System.gc()) 1450M->1450M(6144M) 551.819ms
[28.869s][info   ][gc,metaspace] GC(59) Metaspace: 11246K(11584K)->11246K(11584K) NonClass: 9445K(9600K)->9445K(9600K) Class: 1801K(1984K)->1801K(1984K)
[28.869s][info   ][gc          ] GC(59) Pause Full (System.gc()) 1450M->1450M(6144M) 553.841ms
[29.419s][info   ][gc,metaspace] GC(60) Metaspace: 11246K(11584K)->11246K(11584K) NonClass: 9445K(9600K)->9445K(9600K) Class: 1801K(1984K)->1801K(1984K)
[29.419s][info   ][gc          ] GC(60) Pause Full (System.gc()) 1450M->1450M(6144M) 549.781ms
[29.965s][info   ][gc,metaspace] GC(61) Metaspace: 11246K(11584K)->11246K(11584K) NonClass: 9445K(9600K)->9445K(9600K) Class: 1801K(1984K)->1801K(1984K)
[29.965s][info   ][gc          ] GC(61) Pause Full (System.gc()) 1450M->1450M(6144M) 546.095ms
[30.517s][info   ][gc,metaspace] GC(62) Metaspace: 11246K(11584K)->11246K(11584K) NonClass: 9445K(9600K)->9445K(9600K) Class: 1801K(1984K)->1801K(1984K)
[30.518s][info   ][gc          ] GC(62) Pause Full (System.gc()) 1450M->1450M(6144M) 552.175ms
[31.071s][info   ][gc,metaspace] GC(63) Metaspace: 11246K(11584K)->11246K(11584K) NonClass: 9445K(9600K)->9445K(9600K) Class: 1801K(1984K)->1801K(1984K)
[31.071s][info   ][gc          ] GC(63) Pause Full (System.gc()) 1450M->1450M(6144M) 553.387ms
[31.624s][info   ][gc,metaspace] GC(64) Metaspace: 11246K(11584K)->11246K(11584K) NonClass: 9445K(9600K)->9445K(9600K) Class: 1801K(1984K)->1801K(1984K)
[31.624s][info   ][gc          ] GC(64) Pause Full (System.gc()) 1450M->1450M(6144M) 553.312ms
[32.173s][info   ][gc,metaspace] GC(65) Metaspace: 11246K(11584K)->11246K(11584K) NonClass: 9445K(9600K)->9445K(9600K) Class: 1801K(1984K)->1801K(1984K)
[32.173s][info   ][gc          ] GC(65) Pause Full (System.gc()) 1450M->1450M(6144M) 548.202ms
[32.725s][info   ][gc,metaspace] GC(66) Metaspace: 11246K(11584K)->11246K(11584K) NonClass: 9445K(9600K)->9445K(9600K) Class: 1801K(1984K)->1801K(1984K)
[32.725s][info   ][gc          ] GC(66) Pause Full (System.gc()) 1450M->1450M(6144M) 552.150ms
[33.281s][info   ][gc,metaspace] GC(67) Metaspace: 11246K(11584K)->11246K(11584K) NonClass: 9445K(9600K)->9445K(9600K) Class: 1801K(1984K)->1801K(1984K)
[33.281s][info   ][gc          ] GC(67) Pause Full (System.gc()) 1450M->1450M(6144M) 555.712ms
[33.828s][info   ][gc,metaspace] GC(68) Metaspace: 11246K(11584K)->11246K(11584K) NonClass: 9445K(9600K)->9445K(9600K) Class: 1801K(1984K)->1801K(1984K)
[33.828s][info   ][gc          ] GC(68) Pause Full (System.gc()) 1450M->1450M(6144M) 547.494ms
[34.373s][info   ][gc,metaspace] GC(69) Metaspace: 11246K(11584K)->11246K(11584K) NonClass: 9445K(9600K)->9445K(9600K) Class: 1801K(1984K)->1801K(1984K)
[34.373s][info   ][gc          ] GC(69) Pause Full (System.gc()) 1450M->1450M(6144M) 544.440ms
[34.919s][info   ][gc,metaspace] GC(70) Metaspace: 11246K(11584K)->11246K(11584K) NonClass: 9445K(9600K)->9445K(9600K) Class: 1801K(1984K)->1801K(1984K)
[34.919s][info   ][gc          ] GC(70) Pause Full (System.gc()) 1450M->1450M(6144M) 546.342ms
[35.469s][info   ][gc,metaspace] GC(71) Metaspace: 11246K(11584K)->11246K(11584K) NonClass: 9445K(9600K)->9445K(9600K) Class: 1801K(1984K)->1801K(1984K)
[35.469s][info   ][gc          ] GC(71) Pause Full (System.gc()) 1450M->1450M(6144M) 549.560ms
[36.024s][info   ][gc,metaspace] GC(72) Metaspace: 11246K(11584K)->11246K(11584K) NonClass: 9445K(9600K)->9445K(9600K) Class: 1801K(1984K)->1801K(1984K)
[36.024s][info   ][gc          ] GC(72) Pause Full (System.gc()) 1450M->1450M(6144M) 555.598ms
[36.578s][info   ][gc,metaspace] GC(73) Metaspace: 11246K(11584K)->11246K(11584K) NonClass: 9445K(9600K)->9445K(9600K) Class: 1801K(1984K)->1801K(1984K)
[36.578s][info   ][gc          ] GC(73) Pause Full (System.gc()) 1450M->1450M(6144M) 553.416ms
[37.133s][info   ][gc,metaspace] GC(74) Metaspace: 11246K(11584K)->11246K(11584K) NonClass: 9445K(9600K)->9445K(9600K) Class: 1801K(1984K)->1801K(1984K)
[37.133s][info   ][gc          ] GC(74) Pause Full (System.gc()) 1450M->1450M(6144M) 554.822ms
After GCs... 
