Done; will start GCs... 
[10.306s][info   ][gc,metaspace] GC(25) Metaspace: 11239K(11584K)->11239K(11584K) NonClass: 9439K(9600K)->9439K(9600K) Class: 1800K(1984K)->1800K(1984K)
[10.306s][info   ][gc          ] GC(25) Pause Full (System.gc()) 1452M->1450M(6144M) 629.642ms
[10.938s][info   ][gc,metaspace] GC(26) Metaspace: 11239K(11584K)->11239K(11584K) NonClass: 9439K(9600K)->9439K(9600K) Class: 1800K(1984K)->1800K(1984K)
[10.938s][info   ][gc          ] GC(26) Pause Full (System.gc()) 1450M->1450M(6144M) 631.634ms
[11.575s][info   ][gc,metaspace] GC(27) Metaspace: 11239K(11584K)->11239K(11584K) NonClass: 9439K(9600K)->9439K(9600K) Class: 1800K(1984K)->1800K(1984K)
[11.575s][info   ][gc          ] GC(27) Pause Full (System.gc()) 1450M->1450M(6144M) 637.221ms
[12.215s][info   ][gc,metaspace] GC(28) Metaspace: 11239K(11584K)->11239K(11584K) NonClass: 9439K(9600K)->9439K(9600K) Class: 1800K(1984K)->1800K(1984K)
[12.215s][info   ][gc          ] GC(28) Pause Full (System.gc()) 1450M->1450M(6144M) 639.129ms
[12.829s][info   ][gc,metaspace] GC(29) Metaspace: 11239K(11584K)->11239K(11584K) NonClass: 9439K(9600K)->9439K(9600K) Class: 1800K(1984K)->1800K(1984K)
[12.829s][info   ][gc          ] GC(29) Pause Full (System.gc()) 1450M->1450M(6144M) 614.227ms
[13.446s][info   ][gc,metaspace] GC(30) Metaspace: 11239K(11584K)->11239K(11584K) NonClass: 9439K(9600K)->9439K(9600K) Class: 1800K(1984K)->1800K(1984K)
[13.446s][info   ][gc          ] GC(30) Pause Full (System.gc()) 1450M->1450M(6144M) 616.631ms
[14.008s][info   ][gc,metaspace] GC(31) Metaspace: 11239K(11584K)->11239K(11584K) NonClass: 9439K(9600K)->9439K(9600K) Class: 1800K(1984K)->1800K(1984K)
[14.008s][info   ][gc          ] GC(31) Pause Full (System.gc()) 1450M->1450M(6144M) 562.102ms
[14.566s][info   ][gc,metaspace] GC(32) Metaspace: 11239K(11584K)->11239K(11584K) NonClass: 9439K(9600K)->9439K(9600K) Class: 1800K(1984K)->1800K(1984K)
[14.566s][info   ][gc          ] GC(32) Pause Full (System.gc()) 1450M->1450M(6144M) 558.375ms
[15.139s][info   ][gc,metaspace] GC(33) Metaspace: 11239K(11584K)->11239K(11584K) NonClass: 9439K(9600K)->9439K(9600K) Class: 1800K(1984K)->1800K(1984K)
[15.139s][info   ][gc          ] GC(33) Pause Full (System.gc()) 1450M->1450M(6144M) 572.920ms
[15.697s][info   ][gc,metaspace] GC(34) Metaspace: 11239K(11584K)->11239K(11584K) NonClass: 9439K(9600K)->9439K(9600K) Class: 1800K(1984K)->1800K(1984K)
[15.697s][info   ][gc          ] GC(34) Pause Full (System.gc()) 1450M->1450M(6144M) 558.054ms
[16.258s][info   ][gc,metaspace] GC(35) Metaspace: 11239K(11584K)->11239K(11584K) NonClass: 9439K(9600K)->9439K(9600K) Class: 1800K(1984K)->1800K(1984K)
[16.258s][info   ][gc          ] GC(35) Pause Full (System.gc()) 1450M->1450M(6144M) 560.253ms
[16.815s][info   ][gc,metaspace] GC(36) Metaspace: 11239K(11584K)->11239K(11584K) NonClass: 9439K(9600K)->9439K(9600K) Class: 1800K(1984K)->1800K(1984K)
[16.815s][info   ][gc          ] GC(36) Pause Full (System.gc()) 1450M->1450M(6144M) 557.215ms
[17.377s][info   ][gc,metaspace] GC(37) Metaspace: 11239K(11584K)->11239K(11584K) NonClass: 9439K(9600K)->9439K(9600K) Class: 1800K(1984K)->1800K(1984K)
[17.377s][info   ][gc          ] GC(37) Pause Full (System.gc()) 1450M->1450M(6144M) 562.189ms
[17.935s][info   ][gc,metaspace] GC(38) Metaspace: 11239K(11584K)->11239K(11584K) NonClass: 9439K(9600K)->9439K(9600K) Class: 1800K(1984K)->1800K(1984K)
[17.935s][info   ][gc          ] GC(38) Pause Full (System.gc()) 1450M->1450M(6144M) 557.427ms
[18.513s][info   ][gc,metaspace] GC(39) Metaspace: 11239K(11584K)->11239K(11584K) NonClass: 9439K(9600K)->9439K(9600K) Class: 1800K(1984K)->1800K(1984K)
[18.513s][info   ][gc          ] GC(39) Pause Full (System.gc()) 1450M->1450M(6144M) 578.241ms
[19.076s][info   ][gc,metaspace] GC(40) Metaspace: 11239K(11584K)->11239K(11584K) NonClass: 9439K(9600K)->9439K(9600K) Class: 1800K(1984K)->1800K(1984K)
[19.076s][info   ][gc          ] GC(40) Pause Full (System.gc()) 1450M->1450M(6144M) 562.554ms
[19.639s][info   ][gc,metaspace] GC(41) Metaspace: 11239K(11584K)->11239K(11584K) NonClass: 9439K(9600K)->9439K(9600K) Class: 1800K(1984K)->1800K(1984K)
[19.639s][info   ][gc          ] GC(41) Pause Full (System.gc()) 1450M->1450M(6144M) 563.143ms
[20.200s][info   ][gc,metaspace] GC(42) Metaspace: 11239K(11584K)->11239K(11584K) NonClass: 9439K(9600K)->9439K(9600K) Class: 1800K(1984K)->1800K(1984K)
[20.200s][info   ][gc          ] GC(42) Pause Full (System.gc()) 1450M->1450M(6144M) 561.356ms
[20.761s][info   ][gc,metaspace] GC(43) Metaspace: 11239K(11584K)->11239K(11584K) NonClass: 9439K(9600K)->9439K(9600K) Class: 1800K(1984K)->1800K(1984K)
[20.761s][info   ][gc          ] GC(43) Pause Full (System.gc()) 1450M->1450M(6144M) 560.858ms
[21.329s][info   ][gc,metaspace] GC(44) Metaspace: 11239K(11584K)->11239K(11584K) NonClass: 9439K(9600K)->9439K(9600K) Class: 1800K(1984K)->1800K(1984K)
[21.329s][info   ][gc          ] GC(44) Pause Full (System.gc()) 1450M->1450M(6144M) 568.007ms
[21.889s][info   ][gc,metaspace] GC(45) Metaspace: 11239K(11584K)->11239K(11584K) NonClass: 9439K(9600K)->9439K(9600K) Class: 1800K(1984K)->1800K(1984K)
[21.889s][info   ][gc          ] GC(45) Pause Full (System.gc()) 1450M->1450M(6144M) 559.508ms
[22.451s][info   ][gc,metaspace] GC(46) Metaspace: 11239K(11584K)->11239K(11584K) NonClass: 9439K(9600K)->9439K(9600K) Class: 1800K(1984K)->1800K(1984K)
[22.451s][info   ][gc          ] GC(46) Pause Full (System.gc()) 1450M->1450M(6144M) 561.865ms
[23.010s][info   ][gc,metaspace] GC(47) Metaspace: 11239K(11584K)->11239K(11584K) NonClass: 9439K(9600K)->9439K(9600K) Class: 1800K(1984K)->1800K(1984K)
[23.010s][info   ][gc          ] GC(47) Pause Full (System.gc()) 1450M->1450M(6144M) 559.251ms
[23.566s][info   ][gc,metaspace] GC(48) Metaspace: 11239K(11584K)->11239K(11584K) NonClass: 9439K(9600K)->9439K(9600K) Class: 1800K(1984K)->1800K(1984K)
[23.566s][info   ][gc          ] GC(48) Pause Full (System.gc()) 1450M->1450M(6144M) 556.270ms
[24.136s][info   ][gc,metaspace] GC(49) Metaspace: 11239K(11584K)->11239K(11584K) NonClass: 9439K(9600K)->9439K(9600K) Class: 1800K(1984K)->1800K(1984K)
[24.136s][info   ][gc          ] GC(49) Pause Full (System.gc()) 1450M->1450M(6144M) 569.922ms
[24.696s][info   ][gc,metaspace] GC(50) Metaspace: 11239K(11584K)->11239K(11584K) NonClass: 9439K(9600K)->9439K(9600K) Class: 1800K(1984K)->1800K(1984K)
[24.696s][info   ][gc          ] GC(50) Pause Full (System.gc()) 1450M->1450M(6144M) 559.539ms
[25.255s][info   ][gc,metaspace] GC(51) Metaspace: 11239K(11584K)->11239K(11584K) NonClass: 9439K(9600K)->9439K(9600K) Class: 1800K(1984K)->1800K(1984K)
[25.255s][info   ][gc          ] GC(51) Pause Full (System.gc()) 1450M->1450M(6144M) 558.873ms
[25.813s][info   ][gc,metaspace] GC(52) Metaspace: 11239K(11584K)->11239K(11584K) NonClass: 9439K(9600K)->9439K(9600K) Class: 1800K(1984K)->1800K(1984K)
[25.813s][info   ][gc          ] GC(52) Pause Full (System.gc()) 1450M->1450M(6144M) 557.873ms
[26.371s][info   ][gc,metaspace] GC(53) Metaspace: 11239K(11584K)->11239K(11584K) NonClass: 9439K(9600K)->9439K(9600K) Class: 1800K(1984K)->1800K(1984K)
[26.371s][info   ][gc          ] GC(53) Pause Full (System.gc()) 1450M->1450M(6144M) 557.814ms
[26.933s][info   ][gc,metaspace] GC(54) Metaspace: 11239K(11584K)->11239K(11584K) NonClass: 9439K(9600K)->9439K(9600K) Class: 1800K(1984K)->1800K(1984K)
[26.933s][info   ][gc          ] GC(54) Pause Full (System.gc()) 1450M->1450M(6144M) 562.428ms
[27.502s][info   ][gc,metaspace] GC(55) Metaspace: 11239K(11584K)->11239K(11584K) NonClass: 9439K(9600K)->9439K(9600K) Class: 1800K(1984K)->1800K(1984K)
[27.502s][info   ][gc          ] GC(55) Pause Full (System.gc()) 1450M->1450M(6144M) 564.629ms
[28.064s][info   ][gc,metaspace] GC(56) Metaspace: 11239K(11584K)->11239K(11584K) NonClass: 9439K(9600K)->9439K(9600K) Class: 1800K(1984K)->1800K(1984K)
[28.064s][info   ][gc          ] GC(56) Pause Full (System.gc()) 1450M->1450M(6144M) 561.271ms
[28.630s][info   ][gc,metaspace] GC(57) Metaspace: 11239K(11584K)->11239K(11584K) NonClass: 9439K(9600K)->9439K(9600K) Class: 1800K(1984K)->1800K(1984K)
[28.630s][info   ][gc          ] GC(57) Pause Full (System.gc()) 1450M->1450M(6144M) 566.694ms
[29.188s][info   ][gc,metaspace] GC(58) Metaspace: 11239K(11584K)->11239K(11584K) NonClass: 9439K(9600K)->9439K(9600K) Class: 1800K(1984K)->1800K(1984K)
[29.188s][info   ][gc          ] GC(58) Pause Full (System.gc()) 1450M->1450M(6144M) 557.365ms
[29.745s][info   ][gc,metaspace] GC(59) Metaspace: 11239K(11584K)->11239K(11584K) NonClass: 9439K(9600K)->9439K(9600K) Class: 1800K(1984K)->1800K(1984K)
[29.745s][info   ][gc          ] GC(59) Pause Full (System.gc()) 1450M->1450M(6144M) 557.553ms
[30.309s][info   ][gc,metaspace] GC(60) Metaspace: 11239K(11584K)->11239K(11584K) NonClass: 9439K(9600K)->9439K(9600K) Class: 1800K(1984K)->1800K(1984K)
[30.309s][info   ][gc          ] GC(60) Pause Full (System.gc()) 1450M->1450M(6144M) 563.186ms
[30.868s][info   ][gc,metaspace] GC(61) Metaspace: 11239K(11584K)->11239K(11584K) NonClass: 9439K(9600K)->9439K(9600K) Class: 1800K(1984K)->1800K(1984K)
[30.868s][info   ][gc          ] GC(61) Pause Full (System.gc()) 1450M->1450M(6144M) 559.246ms
[31.430s][info   ][gc,metaspace] GC(62) Metaspace: 11239K(11584K)->11239K(11584K) NonClass: 9439K(9600K)->9439K(9600K) Class: 1800K(1984K)->1800K(1984K)
[31.430s][info   ][gc          ] GC(62) Pause Full (System.gc()) 1450M->1450M(6144M) 561.581ms
[31.995s][info   ][gc,metaspace] GC(63) Metaspace: 11239K(11584K)->11239K(11584K) NonClass: 9439K(9600K)->9439K(9600K) Class: 1800K(1984K)->1800K(1984K)
[31.995s][info   ][gc          ] GC(63) Pause Full (System.gc()) 1450M->1450M(6144M) 565.029ms
[32.560s][info   ][gc,metaspace] GC(64) Metaspace: 11239K(11584K)->11239K(11584K) NonClass: 9439K(9600K)->9439K(9600K) Class: 1800K(1984K)->1800K(1984K)
[32.560s][info   ][gc          ] GC(64) Pause Full (System.gc()) 1450M->1450M(6144M) 561.290ms
[33.127s][info   ][gc,metaspace] GC(65) Metaspace: 11239K(11584K)->11239K(11584K) NonClass: 9439K(9600K)->9439K(9600K) Class: 1800K(1984K)->1800K(1984K)
[33.127s][info   ][gc          ] GC(65) Pause Full (System.gc()) 1450M->1450M(6144M) 566.110ms
[33.687s][info   ][gc,metaspace] GC(66) Metaspace: 11239K(11584K)->11239K(11584K) NonClass: 9439K(9600K)->9439K(9600K) Class: 1800K(1984K)->1800K(1984K)
[33.687s][info   ][gc          ] GC(66) Pause Full (System.gc()) 1450M->1450M(6144M) 560.341ms
[34.246s][info   ][gc,metaspace] GC(67) Metaspace: 11239K(11584K)->11239K(11584K) NonClass: 9439K(9600K)->9439K(9600K) Class: 1800K(1984K)->1800K(1984K)
[34.246s][info   ][gc          ] GC(67) Pause Full (System.gc()) 1450M->1450M(6144M) 559.268ms
[34.809s][info   ][gc,metaspace] GC(68) Metaspace: 11239K(11584K)->11239K(11584K) NonClass: 9439K(9600K)->9439K(9600K) Class: 1800K(1984K)->1800K(1984K)
[34.809s][info   ][gc          ] GC(68) Pause Full (System.gc()) 1450M->1450M(6144M) 562.848ms
[35.372s][info   ][gc,metaspace] GC(69) Metaspace: 11239K(11584K)->11239K(11584K) NonClass: 9439K(9600K)->9439K(9600K) Class: 1800K(1984K)->1800K(1984K)
[35.372s][info   ][gc          ] GC(69) Pause Full (System.gc()) 1450M->1450M(6144M) 562.860ms
[35.934s][info   ][gc,metaspace] GC(70) Metaspace: 11239K(11584K)->11239K(11584K) NonClass: 9439K(9600K)->9439K(9600K) Class: 1800K(1984K)->1800K(1984K)
[35.934s][info   ][gc          ] GC(70) Pause Full (System.gc()) 1450M->1450M(6144M) 561.500ms
[36.507s][info   ][gc,metaspace] GC(71) Metaspace: 11239K(11584K)->11239K(11584K) NonClass: 9439K(9600K)->9439K(9600K) Class: 1800K(1984K)->1800K(1984K)
[36.507s][info   ][gc          ] GC(71) Pause Full (System.gc()) 1450M->1450M(6144M) 573.503ms
[37.071s][info   ][gc,metaspace] GC(72) Metaspace: 11239K(11584K)->11239K(11584K) NonClass: 9439K(9600K)->9439K(9600K) Class: 1800K(1984K)->1800K(1984K)
[37.071s][info   ][gc          ] GC(72) Pause Full (System.gc()) 1450M->1450M(6144M) 563.441ms
[37.631s][info   ][gc,metaspace] GC(73) Metaspace: 11239K(11584K)->11239K(11584K) NonClass: 9439K(9600K)->9439K(9600K) Class: 1800K(1984K)->1800K(1984K)
[37.632s][info   ][gc          ] GC(73) Pause Full (System.gc()) 1450M->1450M(6144M) 560.592ms
[38.194s][info   ][gc,metaspace] GC(74) Metaspace: 11239K(11584K)->11239K(11584K) NonClass: 9439K(9600K)->9439K(9600K) Class: 1800K(1984K)->1800K(1984K)
[38.194s][info   ][gc          ] GC(74) Pause Full (System.gc()) 1450M->1450M(6144M) 561.990ms
After GCs... 
