Done; will start GCs... 
[4.614s][info][gc,metaspace] GC(2) Metaspace: 22051K(22400K)->22051K(22400K) NonClass: 18241K(18432K)->18241K(18432K) Class: 3809K(3968K)->3809K(3968K)
[4.614s][info][gc          ] GC(2) Pause Full (System.gc()) 782M->774M(6144M) 433.402ms
[4.929s][info][gc,metaspace] GC(3) Metaspace: 22051K(22400K)->22051K(22400K) NonClass: 18241K(18432K)->18241K(18432K) Class: 3809K(3968K)->3809K(3968K)
[4.929s][info][gc          ] GC(3) Pause Full (System.gc()) 774M->774M(6144M) 314.823ms
[5.252s][info][gc,metaspace] GC(4) Metaspace: 22051K(22400K)->22051K(22400K) NonClass: 18241K(18432K)->18241K(18432K) Class: 3809K(3968K)->3809K(3968K)
[5.252s][info][gc          ] GC(4) Pause Full (System.gc()) 774M->774M(6144M) 322.897ms
[5.569s][info][gc,metaspace] GC(5) Metaspace: 22051K(22400K)->22051K(22400K) NonClass: 18241K(18432K)->18241K(18432K) Class: 3809K(3968K)->3809K(3968K)
[5.570s][info][gc          ] GC(5) Pause Full (System.gc()) 774M->774M(6144M) 317.263ms
[5.889s][info][gc,metaspace] GC(6) Metaspace: 22051K(22400K)->22051K(22400K) NonClass: 18241K(18432K)->18241K(18432K) Class: 3809K(3968K)->3809K(3968K)
[5.889s][info][gc          ] GC(6) Pause Full (System.gc()) 774M->774M(6144M) 319.347ms
[6.201s][info][gc,metaspace] GC(7) Metaspace: 22051K(22400K)->22051K(22400K) NonClass: 18241K(18432K)->18241K(18432K) Class: 3809K(3968K)->3809K(3968K)
[6.201s][info][gc          ] GC(7) Pause Full (System.gc()) 774M->774M(6144M) 311.671ms
[6.519s][info][gc,metaspace] GC(8) Metaspace: 22051K(22400K)->22051K(22400K) NonClass: 18241K(18432K)->18241K(18432K) Class: 3809K(3968K)->3809K(3968K)
[6.519s][info][gc          ] GC(8) Pause Full (System.gc()) 774M->774M(6144M) 318.323ms
[6.825s][info][gc,metaspace] GC(9) Metaspace: 22051K(22400K)->22051K(22400K) NonClass: 18241K(18432K)->18241K(18432K) Class: 3809K(3968K)->3809K(3968K)
[6.825s][info][gc          ] GC(9) Pause Full (System.gc()) 774M->774M(6144M) 306.140ms
[7.143s][info][gc,metaspace] GC(10) Metaspace: 22051K(22400K)->22051K(22400K) NonClass: 18241K(18432K)->18241K(18432K) Class: 3809K(3968K)->3809K(3968K)
[7.143s][info][gc          ] GC(10) Pause Full (System.gc()) 774M->774M(6144M) 317.556ms
[7.470s][info][gc,metaspace] GC(11) Metaspace: 22051K(22400K)->22051K(22400K) NonClass: 18241K(18432K)->18241K(18432K) Class: 3809K(3968K)->3809K(3968K)
[7.470s][info][gc          ] GC(11) Pause Full (System.gc()) 774M->774M(6144M) 327.085ms
[7.775s][info][gc,metaspace] GC(12) Metaspace: 22051K(22400K)->22051K(22400K) NonClass: 18241K(18432K)->18241K(18432K) Class: 3809K(3968K)->3809K(3968K)
[7.776s][info][gc          ] GC(12) Pause Full (System.gc()) 774M->774M(6144M) 305.353ms
[8.082s][info][gc,metaspace] GC(13) Metaspace: 22051K(22400K)->22051K(22400K) NonClass: 18241K(18432K)->18241K(18432K) Class: 3809K(3968K)->3809K(3968K)
[8.082s][info][gc          ] GC(13) Pause Full (System.gc()) 774M->774M(6144M) 306.137ms
[8.384s][info][gc,metaspace] GC(14) Metaspace: 22051K(22400K)->22051K(22400K) NonClass: 18241K(18432K)->18241K(18432K) Class: 3809K(3968K)->3809K(3968K)
[8.384s][info][gc          ] GC(14) Pause Full (System.gc()) 774M->774M(6144M) 301.811ms
[8.694s][info][gc,metaspace] GC(15) Metaspace: 22051K(22400K)->22051K(22400K) NonClass: 18241K(18432K)->18241K(18432K) Class: 3809K(3968K)->3809K(3968K)
[8.694s][info][gc          ] GC(15) Pause Full (System.gc()) 774M->774M(6144M) 310.048ms
[8.996s][info][gc,metaspace] GC(16) Metaspace: 22051K(22400K)->22051K(22400K) NonClass: 18241K(18432K)->18241K(18432K) Class: 3809K(3968K)->3809K(3968K)
[8.997s][info][gc          ] GC(16) Pause Full (System.gc()) 774M->774M(6144M) 302.727ms
[9.292s][info][gc,metaspace] GC(17) Metaspace: 22051K(22400K)->22051K(22400K) NonClass: 18241K(18432K)->18241K(18432K) Class: 3809K(3968K)->3809K(3968K)
[9.292s][info][gc          ] GC(17) Pause Full (System.gc()) 774M->774M(6144M) 295.494ms
[9.614s][info][gc,metaspace] GC(18) Metaspace: 22051K(22400K)->22051K(22400K) NonClass: 18241K(18432K)->18241K(18432K) Class: 3809K(3968K)->3809K(3968K)
[9.614s][info][gc          ] GC(18) Pause Full (System.gc()) 774M->774M(6144M) 321.816ms
[9.917s][info][gc,metaspace] GC(19) Metaspace: 22051K(22400K)->22051K(22400K) NonClass: 18241K(18432K)->18241K(18432K) Class: 3809K(3968K)->3809K(3968K)
[9.917s][info][gc          ] GC(19) Pause Full (System.gc()) 774M->774M(6144M) 302.977ms
[10.225s][info][gc,metaspace] GC(20) Metaspace: 22051K(22400K)->22051K(22400K) NonClass: 18241K(18432K)->18241K(18432K) Class: 3809K(3968K)->3809K(3968K)
[10.226s][info][gc          ] GC(20) Pause Full (System.gc()) 774M->774M(6144M) 308.474ms
[10.562s][info][gc,metaspace] GC(21) Metaspace: 22051K(22400K)->22051K(22400K) NonClass: 18241K(18432K)->18241K(18432K) Class: 3809K(3968K)->3809K(3968K)
[10.562s][info][gc          ] GC(21) Pause Full (System.gc()) 774M->774M(6144M) 336.859ms
[10.878s][info][gc,metaspace] GC(22) Metaspace: 22051K(22400K)->22051K(22400K) NonClass: 18241K(18432K)->18241K(18432K) Class: 3809K(3968K)->3809K(3968K)
[10.878s][info][gc          ] GC(22) Pause Full (System.gc()) 774M->774M(6144M) 315.155ms
[11.172s][info][gc,metaspace] GC(23) Metaspace: 22051K(22400K)->22051K(22400K) NonClass: 18241K(18432K)->18241K(18432K) Class: 3809K(3968K)->3809K(3968K)
[11.172s][info][gc          ] GC(23) Pause Full (System.gc()) 774M->774M(6144M) 294.494ms
[11.492s][info][gc,metaspace] GC(24) Metaspace: 22051K(22400K)->22051K(22400K) NonClass: 18241K(18432K)->18241K(18432K) Class: 3809K(3968K)->3809K(3968K)
[11.492s][info][gc          ] GC(24) Pause Full (System.gc()) 774M->774M(6144M) 319.308ms
[11.815s][info][gc,metaspace] GC(25) Metaspace: 22051K(22400K)->22051K(22400K) NonClass: 18241K(18432K)->18241K(18432K) Class: 3809K(3968K)->3809K(3968K)
[11.815s][info][gc          ] GC(25) Pause Full (System.gc()) 774M->774M(6144M) 322.965ms
[12.118s][info][gc,metaspace] GC(26) Metaspace: 22051K(22400K)->22051K(22400K) NonClass: 18241K(18432K)->18241K(18432K) Class: 3809K(3968K)->3809K(3968K)
[12.118s][info][gc          ] GC(26) Pause Full (System.gc()) 774M->774M(6144M) 303.598ms
[12.428s][info][gc,metaspace] GC(27) Metaspace: 22051K(22400K)->22051K(22400K) NonClass: 18241K(18432K)->18241K(18432K) Class: 3809K(3968K)->3809K(3968K)
[12.428s][info][gc          ] GC(27) Pause Full (System.gc()) 774M->774M(6144M) 310.079ms
[12.754s][info][gc,metaspace] GC(28) Metaspace: 22051K(22400K)->22051K(22400K) NonClass: 18241K(18432K)->18241K(18432K) Class: 3809K(3968K)->3809K(3968K)
[12.754s][info][gc          ] GC(28) Pause Full (System.gc()) 774M->774M(6144M) 325.314ms
[13.059s][info][gc,metaspace] GC(29) Metaspace: 22051K(22400K)->22051K(22400K) NonClass: 18241K(18432K)->18241K(18432K) Class: 3809K(3968K)->3809K(3968K)
[13.059s][info][gc          ] GC(29) Pause Full (System.gc()) 774M->774M(6144M) 305.322ms
[13.357s][info][gc,metaspace] GC(30) Metaspace: 22051K(22400K)->22051K(22400K) NonClass: 18241K(18432K)->18241K(18432K) Class: 3809K(3968K)->3809K(3968K)
[13.357s][info][gc          ] GC(30) Pause Full (System.gc()) 774M->774M(6144M) 297.990ms
[13.681s][info][gc,metaspace] GC(31) Metaspace: 22051K(22400K)->22051K(22400K) NonClass: 18241K(18432K)->18241K(18432K) Class: 3809K(3968K)->3809K(3968K)
[13.681s][info][gc          ] GC(31) Pause Full (System.gc()) 774M->774M(6144M) 323.870ms
[13.979s][info][gc,metaspace] GC(32) Metaspace: 22051K(22400K)->22051K(22400K) NonClass: 18241K(18432K)->18241K(18432K) Class: 3809K(3968K)->3809K(3968K)
[13.979s][info][gc          ] GC(32) Pause Full (System.gc()) 774M->774M(6144M) 297.858ms
[14.291s][info][gc,metaspace] GC(33) Metaspace: 22051K(22400K)->22051K(22400K) NonClass: 18241K(18432K)->18241K(18432K) Class: 3809K(3968K)->3809K(3968K)
[14.291s][info][gc          ] GC(33) Pause Full (System.gc()) 774M->774M(6144M) 311.463ms
[14.626s][info][gc,metaspace] GC(34) Metaspace: 22051K(22400K)->22051K(22400K) NonClass: 18241K(18432K)->18241K(18432K) Class: 3809K(3968K)->3809K(3968K)
[14.626s][info][gc          ] GC(34) Pause Full (System.gc()) 774M->774M(6144M) 334.861ms
[14.933s][info][gc,metaspace] GC(35) Metaspace: 22051K(22400K)->22051K(22400K) NonClass: 18241K(18432K)->18241K(18432K) Class: 3809K(3968K)->3809K(3968K)
[14.933s][info][gc          ] GC(35) Pause Full (System.gc()) 774M->774M(6144M) 307.469ms
[15.235s][info][gc,metaspace] GC(36) Metaspace: 22051K(22400K)->22051K(22400K) NonClass: 18241K(18432K)->18241K(18432K) Class: 3809K(3968K)->3809K(3968K)
[15.235s][info][gc          ] GC(36) Pause Full (System.gc()) 774M->774M(6144M) 301.694ms
[15.600s][info][gc,metaspace] GC(37) Metaspace: 22051K(22400K)->22051K(22400K) NonClass: 18241K(18432K)->18241K(18432K) Class: 3809K(3968K)->3809K(3968K)
[15.600s][info][gc          ] GC(37) Pause Full (System.gc()) 774M->774M(6144M) 361.237ms
[15.911s][info][gc,metaspace] GC(38) Metaspace: 22051K(22400K)->22051K(22400K) NonClass: 18241K(18432K)->18241K(18432K) Class: 3809K(3968K)->3809K(3968K)
[15.911s][info][gc          ] GC(38) Pause Full (System.gc()) 774M->774M(6144M) 310.552ms
[16.218s][info][gc,metaspace] GC(39) Metaspace: 22051K(22400K)->22051K(22400K) NonClass: 18241K(18432K)->18241K(18432K) Class: 3809K(3968K)->3809K(3968K)
[16.218s][info][gc          ] GC(39) Pause Full (System.gc()) 774M->774M(6144M) 306.951ms
[16.550s][info][gc,metaspace] GC(40) Metaspace: 22051K(22400K)->22051K(22400K) NonClass: 18241K(18432K)->18241K(18432K) Class: 3809K(3968K)->3809K(3968K)
[16.550s][info][gc          ] GC(40) Pause Full (System.gc()) 774M->774M(6144M) 332.218ms
[16.858s][info][gc,metaspace] GC(41) Metaspace: 22051K(22400K)->22051K(22400K) NonClass: 18241K(18432K)->18241K(18432K) Class: 3809K(3968K)->3809K(3968K)
[16.858s][info][gc          ] GC(41) Pause Full (System.gc()) 774M->774M(6144M) 307.238ms
[17.184s][info][gc,metaspace] GC(42) Metaspace: 22051K(22400K)->22051K(22400K) NonClass: 18241K(18432K)->18241K(18432K) Class: 3809K(3968K)->3809K(3968K)
[17.184s][info][gc          ] GC(42) Pause Full (System.gc()) 774M->774M(6144M) 325.791ms
[17.500s][info][gc,metaspace] GC(43) Metaspace: 22051K(22400K)->22051K(22400K) NonClass: 18241K(18432K)->18241K(18432K) Class: 3809K(3968K)->3809K(3968K)
[17.500s][info][gc          ] GC(43) Pause Full (System.gc()) 774M->774M(6144M) 316.483ms
[17.808s][info][gc,metaspace] GC(44) Metaspace: 22051K(22400K)->22051K(22400K) NonClass: 18241K(18432K)->18241K(18432K) Class: 3809K(3968K)->3809K(3968K)
[17.808s][info][gc          ] GC(44) Pause Full (System.gc()) 774M->774M(6144M) 307.765ms
[18.121s][info][gc,metaspace] GC(45) Metaspace: 22051K(22400K)->22051K(22400K) NonClass: 18241K(18432K)->18241K(18432K) Class: 3809K(3968K)->3809K(3968K)
[18.121s][info][gc          ] GC(45) Pause Full (System.gc()) 774M->774M(6144M) 313.485ms
[18.424s][info][gc,metaspace] GC(46) Metaspace: 22051K(22400K)->22051K(22400K) NonClass: 18241K(18432K)->18241K(18432K) Class: 3809K(3968K)->3809K(3968K)
[18.424s][info][gc          ] GC(46) Pause Full (System.gc()) 774M->774M(6144M) 302.530ms
[18.747s][info][gc,metaspace] GC(47) Metaspace: 22051K(22400K)->22051K(22400K) NonClass: 18241K(18432K)->18241K(18432K) Class: 3809K(3968K)->3809K(3968K)
[18.747s][info][gc          ] GC(47) Pause Full (System.gc()) 774M->774M(6144M) 322.924ms
[19.058s][info][gc,metaspace] GC(48) Metaspace: 22051K(22400K)->22051K(22400K) NonClass: 18241K(18432K)->18241K(18432K) Class: 3809K(3968K)->3809K(3968K)
[19.058s][info][gc          ] GC(48) Pause Full (System.gc()) 774M->774M(6144M) 310.472ms
[19.364s][info][gc,metaspace] GC(49) Metaspace: 22051K(22400K)->22051K(22400K) NonClass: 18241K(18432K)->18241K(18432K) Class: 3809K(3968K)->3809K(3968K)
[19.364s][info][gc          ] GC(49) Pause Full (System.gc()) 774M->774M(6144M) 306.511ms
[19.703s][info][gc,metaspace] GC(50) Metaspace: 22051K(22400K)->22051K(22400K) NonClass: 18241K(18432K)->18241K(18432K) Class: 3809K(3968K)->3809K(3968K)
[19.703s][info][gc          ] GC(50) Pause Full (System.gc()) 774M->774M(6144M) 339.127ms
[20.008s][info][gc,metaspace] GC(51) Metaspace: 22051K(22400K)->22051K(22400K) NonClass: 18241K(18432K)->18241K(18432K) Class: 3809K(3968K)->3809K(3968K)
[20.008s][info][gc          ] GC(51) Pause Full (System.gc()) 774M->774M(6144M) 304.991ms
[20.314s][info][gc,metaspace] GC(52) Metaspace: 22051K(22400K)->22051K(22400K) NonClass: 18241K(18432K)->18241K(18432K) Class: 3809K(3968K)->3809K(3968K)
[20.314s][info][gc          ] GC(52) Pause Full (System.gc()) 774M->774M(6144M) 305.702ms
[20.667s][info][gc,metaspace] GC(53) Metaspace: 22051K(22400K)->22051K(22400K) NonClass: 18241K(18432K)->18241K(18432K) Class: 3809K(3968K)->3809K(3968K)
[20.667s][info][gc          ] GC(53) Pause Full (System.gc()) 774M->774M(6144M) 348.911ms
[20.971s][info][gc,metaspace] GC(54) Metaspace: 22051K(22400K)->22051K(22400K) NonClass: 18241K(18432K)->18241K(18432K) Class: 3809K(3968K)->3809K(3968K)
[20.972s][info][gc          ] GC(54) Pause Full (System.gc()) 774M->774M(6144M) 303.998ms
[21.279s][info][gc,metaspace] GC(55) Metaspace: 22051K(22400K)->22051K(22400K) NonClass: 18241K(18432K)->18241K(18432K) Class: 3809K(3968K)->3809K(3968K)
[21.279s][info][gc          ] GC(55) Pause Full (System.gc()) 774M->774M(6144M) 307.327ms
[21.600s][info][gc,metaspace] GC(56) Metaspace: 22051K(22400K)->22051K(22400K) NonClass: 18241K(18432K)->18241K(18432K) Class: 3809K(3968K)->3809K(3968K)
[21.600s][info][gc          ] GC(56) Pause Full (System.gc()) 774M->774M(6144M) 321.416ms
[21.900s][info][gc,metaspace] GC(57) Metaspace: 22051K(22400K)->22051K(22400K) NonClass: 18241K(18432K)->18241K(18432K) Class: 3809K(3968K)->3809K(3968K)
[21.900s][info][gc          ] GC(57) Pause Full (System.gc()) 774M->774M(6144M) 299.643ms
[22.218s][info][gc,metaspace] GC(58) Metaspace: 22051K(22400K)->22051K(22400K) NonClass: 18241K(18432K)->18241K(18432K) Class: 3809K(3968K)->3809K(3968K)
[22.218s][info][gc          ] GC(58) Pause Full (System.gc()) 774M->774M(6144M) 317.418ms
[22.555s][info][gc,metaspace] GC(59) Metaspace: 22051K(22400K)->22051K(22400K) NonClass: 18241K(18432K)->18241K(18432K) Class: 3809K(3968K)->3809K(3968K)
[22.555s][info][gc          ] GC(59) Pause Full (System.gc()) 774M->774M(6144M) 336.980ms
[22.868s][info][gc,metaspace] GC(60) Metaspace: 22051K(22400K)->22051K(22400K) NonClass: 18241K(18432K)->18241K(18432K) Class: 3809K(3968K)->3809K(3968K)
[22.869s][info][gc          ] GC(60) Pause Full (System.gc()) 774M->774M(6144M) 313.865ms
[23.177s][info][gc,metaspace] GC(61) Metaspace: 22051K(22400K)->22051K(22400K) NonClass: 18241K(18432K)->18241K(18432K) Class: 3809K(3968K)->3809K(3968K)
[23.177s][info][gc          ] GC(61) Pause Full (System.gc()) 774M->774M(6144M) 308.342ms
[23.490s][info][gc,metaspace] GC(62) Metaspace: 22051K(22400K)->22051K(22400K) NonClass: 18241K(18432K)->18241K(18432K) Class: 3809K(3968K)->3809K(3968K)
[23.490s][info][gc          ] GC(62) Pause Full (System.gc()) 774M->774M(6144M) 313.424ms
[23.796s][info][gc,metaspace] GC(63) Metaspace: 22051K(22400K)->22051K(22400K) NonClass: 18241K(18432K)->18241K(18432K) Class: 3809K(3968K)->3809K(3968K)
[23.796s][info][gc          ] GC(63) Pause Full (System.gc()) 774M->774M(6144M) 305.592ms
[24.100s][info][gc,metaspace] GC(64) Metaspace: 22051K(22400K)->22051K(22400K) NonClass: 18241K(18432K)->18241K(18432K) Class: 3809K(3968K)->3809K(3968K)
[24.100s][info][gc          ] GC(64) Pause Full (System.gc()) 774M->774M(6144M) 303.922ms
[24.412s][info][gc,metaspace] GC(65) Metaspace: 22051K(22400K)->22051K(22400K) NonClass: 18241K(18432K)->18241K(18432K) Class: 3809K(3968K)->3809K(3968K)
[24.412s][info][gc          ] GC(65) Pause Full (System.gc()) 774M->774M(6144M) 311.499ms
[24.735s][info][gc,metaspace] GC(66) Metaspace: 22051K(22400K)->22051K(22400K) NonClass: 18241K(18432K)->18241K(18432K) Class: 3809K(3968K)->3809K(3968K)
[24.735s][info][gc          ] GC(66) Pause Full (System.gc()) 774M->774M(6144M) 323.315ms
[25.046s][info][gc,metaspace] GC(67) Metaspace: 22051K(22400K)->22051K(22400K) NonClass: 18241K(18432K)->18241K(18432K) Class: 3809K(3968K)->3809K(3968K)
[25.046s][info][gc          ] GC(67) Pause Full (System.gc()) 774M->774M(6144M) 311.106ms
[25.358s][info][gc,metaspace] GC(68) Metaspace: 22051K(22400K)->22051K(22400K) NonClass: 18241K(18432K)->18241K(18432K) Class: 3809K(3968K)->3809K(3968K)
[25.358s][info][gc          ] GC(68) Pause Full (System.gc()) 774M->774M(6144M) 311.617ms
[25.697s][info][gc,metaspace] GC(69) Metaspace: 22051K(22400K)->22051K(22400K) NonClass: 18241K(18432K)->18241K(18432K) Class: 3809K(3968K)->3809K(3968K)
[25.697s][info][gc          ] GC(69) Pause Full (System.gc()) 774M->774M(6144M) 334.372ms
[26.000s][info][gc,metaspace] GC(70) Metaspace: 22051K(22400K)->22051K(22400K) NonClass: 18241K(18432K)->18241K(18432K) Class: 3809K(3968K)->3809K(3968K)
[26.000s][info][gc          ] GC(70) Pause Full (System.gc()) 774M->774M(6144M) 303.753ms
[26.314s][info][gc,metaspace] GC(71) Metaspace: 22051K(22400K)->22051K(22400K) NonClass: 18241K(18432K)->18241K(18432K) Class: 3809K(3968K)->3809K(3968K)
[26.314s][info][gc          ] GC(71) Pause Full (System.gc()) 774M->774M(6144M) 313.433ms
[26.640s][info][gc,metaspace] GC(72) Metaspace: 22051K(22400K)->22051K(22400K) NonClass: 18241K(18432K)->18241K(18432K) Class: 3809K(3968K)->3809K(3968K)
[26.640s][info][gc          ] GC(72) Pause Full (System.gc()) 774M->774M(6144M) 325.880ms
[26.964s][info][gc,metaspace] GC(73) Metaspace: 22051K(22400K)->22051K(22400K) NonClass: 18241K(18432K)->18241K(18432K) Class: 3809K(3968K)->3809K(3968K)
[26.964s][info][gc          ] GC(73) Pause Full (System.gc()) 774M->774M(6144M) 323.986ms
[27.275s][info][gc,metaspace] GC(74) Metaspace: 22051K(22400K)->22051K(22400K) NonClass: 18241K(18432K)->18241K(18432K) Class: 3809K(3968K)->3809K(3968K)
[27.275s][info][gc          ] GC(74) Pause Full (System.gc()) 774M->774M(6144M) 310.641ms
[27.607s][info][gc,metaspace] GC(75) Metaspace: 22051K(22400K)->22051K(22400K) NonClass: 18241K(18432K)->18241K(18432K) Class: 3809K(3968K)->3809K(3968K)
[27.607s][info][gc          ] GC(75) Pause Full (System.gc()) 774M->774M(6144M) 331.971ms
[27.919s][info][gc,metaspace] GC(76) Metaspace: 22051K(22400K)->22051K(22400K) NonClass: 18241K(18432K)->18241K(18432K) Class: 3809K(3968K)->3809K(3968K)
[27.919s][info][gc          ] GC(76) Pause Full (System.gc()) 774M->774M(6144M) 312.073ms
[28.233s][info][gc,metaspace] GC(77) Metaspace: 22051K(22400K)->22051K(22400K) NonClass: 18241K(18432K)->18241K(18432K) Class: 3809K(3968K)->3809K(3968K)
[28.233s][info][gc          ] GC(77) Pause Full (System.gc()) 774M->774M(6144M) 313.883ms
[28.562s][info][gc,metaspace] GC(78) Metaspace: 22051K(22400K)->22051K(22400K) NonClass: 18241K(18432K)->18241K(18432K) Class: 3809K(3968K)->3809K(3968K)
[28.562s][info][gc          ] GC(78) Pause Full (System.gc()) 774M->774M(6144M) 329.187ms
[28.870s][info][gc,metaspace] GC(79) Metaspace: 22051K(22400K)->22051K(22400K) NonClass: 18241K(18432K)->18241K(18432K) Class: 3809K(3968K)->3809K(3968K)
[28.870s][info][gc          ] GC(79) Pause Full (System.gc()) 774M->774M(6144M) 308.306ms
[29.181s][info][gc,metaspace] GC(80) Metaspace: 22051K(22400K)->22051K(22400K) NonClass: 18241K(18432K)->18241K(18432K) Class: 3809K(3968K)->3809K(3968K)
[29.181s][info][gc          ] GC(80) Pause Full (System.gc()) 774M->774M(6144M) 310.960ms
[29.497s][info][gc,metaspace] GC(81) Metaspace: 22051K(22400K)->22051K(22400K) NonClass: 18241K(18432K)->18241K(18432K) Class: 3809K(3968K)->3809K(3968K)
[29.497s][info][gc          ] GC(81) Pause Full (System.gc()) 774M->774M(6144M) 315.831ms
[29.805s][info][gc,metaspace] GC(82) Metaspace: 22051K(22400K)->22051K(22400K) NonClass: 18241K(18432K)->18241K(18432K) Class: 3809K(3968K)->3809K(3968K)
[29.805s][info][gc          ] GC(82) Pause Full (System.gc()) 774M->774M(6144M) 307.658ms
[30.116s][info][gc,metaspace] GC(83) Metaspace: 22051K(22400K)->22051K(22400K) NonClass: 18241K(18432K)->18241K(18432K) Class: 3809K(3968K)->3809K(3968K)
[30.116s][info][gc          ] GC(83) Pause Full (System.gc()) 774M->774M(6144M) 310.790ms
[30.460s][info][gc,metaspace] GC(84) Metaspace: 22051K(22400K)->22051K(22400K) NonClass: 18241K(18432K)->18241K(18432K) Class: 3809K(3968K)->3809K(3968K)
[30.460s][info][gc          ] GC(84) Pause Full (System.gc()) 774M->774M(6144M) 343.873ms
[30.812s][info][gc,metaspace] GC(85) Metaspace: 22051K(22400K)->22051K(22400K) NonClass: 18241K(18432K)->18241K(18432K) Class: 3809K(3968K)->3809K(3968K)
[30.812s][info][gc          ] GC(85) Pause Full (System.gc()) 774M->774M(6144M) 347.670ms
[31.132s][info][gc,metaspace] GC(86) Metaspace: 22051K(22400K)->22051K(22400K) NonClass: 18241K(18432K)->18241K(18432K) Class: 3809K(3968K)->3809K(3968K)
[31.132s][info][gc          ] GC(86) Pause Full (System.gc()) 774M->774M(6144M) 320.150ms
[31.489s][info][gc,metaspace] GC(87) Metaspace: 22051K(22400K)->22051K(22400K) NonClass: 18241K(18432K)->18241K(18432K) Class: 3809K(3968K)->3809K(3968K)
[31.489s][info][gc          ] GC(87) Pause Full (System.gc()) 774M->774M(6144M) 357.204ms
[31.798s][info][gc,metaspace] GC(88) Metaspace: 22051K(22400K)->22051K(22400K) NonClass: 18241K(18432K)->18241K(18432K) Class: 3809K(3968K)->3809K(3968K)
[31.798s][info][gc          ] GC(88) Pause Full (System.gc()) 774M->774M(6144M) 308.409ms
[32.104s][info][gc,metaspace] GC(89) Metaspace: 22051K(22400K)->22051K(22400K) NonClass: 18241K(18432K)->18241K(18432K) Class: 3809K(3968K)->3809K(3968K)
[32.104s][info][gc          ] GC(89) Pause Full (System.gc()) 774M->774M(6144M) 306.340ms
[32.422s][info][gc,metaspace] GC(90) Metaspace: 22051K(22400K)->22051K(22400K) NonClass: 18241K(18432K)->18241K(18432K) Class: 3809K(3968K)->3809K(3968K)
[32.422s][info][gc          ] GC(90) Pause Full (System.gc()) 774M->774M(6144M) 318.075ms
[32.734s][info][gc,metaspace] GC(91) Metaspace: 22051K(22400K)->22051K(22400K) NonClass: 18241K(18432K)->18241K(18432K) Class: 3809K(3968K)->3809K(3968K)
[32.734s][info][gc          ] GC(91) Pause Full (System.gc()) 774M->774M(6144M) 311.785ms
[33.044s][info][gc,metaspace] GC(92) Metaspace: 22051K(22400K)->22051K(22400K) NonClass: 18241K(18432K)->18241K(18432K) Class: 3809K(3968K)->3809K(3968K)
[33.044s][info][gc          ] GC(92) Pause Full (System.gc()) 774M->774M(6144M) 310.126ms
[33.352s][info][gc,metaspace] GC(93) Metaspace: 22051K(22400K)->22051K(22400K) NonClass: 18241K(18432K)->18241K(18432K) Class: 3809K(3968K)->3809K(3968K)
[33.352s][info][gc          ] GC(93) Pause Full (System.gc()) 774M->774M(6144M) 307.894ms
[33.676s][info][gc,metaspace] GC(94) Metaspace: 22051K(22400K)->22051K(22400K) NonClass: 18241K(18432K)->18241K(18432K) Class: 3809K(3968K)->3809K(3968K)
[33.676s][info][gc          ] GC(94) Pause Full (System.gc()) 774M->774M(6144M) 323.516ms
[33.974s][info][gc,metaspace] GC(95) Metaspace: 22051K(22400K)->22051K(22400K) NonClass: 18241K(18432K)->18241K(18432K) Class: 3809K(3968K)->3809K(3968K)
[33.974s][info][gc          ] GC(95) Pause Full (System.gc()) 774M->774M(6144M) 297.635ms
[34.286s][info][gc,metaspace] GC(96) Metaspace: 22051K(22400K)->22051K(22400K) NonClass: 18241K(18432K)->18241K(18432K) Class: 3809K(3968K)->3809K(3968K)
[34.286s][info][gc          ] GC(96) Pause Full (System.gc()) 774M->774M(6144M) 311.869ms
[34.615s][info][gc,metaspace] GC(97) Metaspace: 22051K(22400K)->22051K(22400K) NonClass: 18241K(18432K)->18241K(18432K) Class: 3809K(3968K)->3809K(3968K)
[34.615s][info][gc          ] GC(97) Pause Full (System.gc()) 774M->774M(6144M) 329.149ms
[34.921s][info][gc,metaspace] GC(98) Metaspace: 22051K(22400K)->22051K(22400K) NonClass: 18241K(18432K)->18241K(18432K) Class: 3809K(3968K)->3809K(3968K)
[34.921s][info][gc          ] GC(98) Pause Full (System.gc()) 774M->774M(6144M) 306.287ms
[35.223s][info][gc,metaspace] GC(99) Metaspace: 22051K(22400K)->22051K(22400K) NonClass: 18241K(18432K)->18241K(18432K) Class: 3809K(3968K)->3809K(3968K)
[35.223s][info][gc          ] GC(99) Pause Full (System.gc()) 774M->774M(6144M) 302.282ms
[35.558s][info][gc,metaspace] GC(100) Metaspace: 22051K(22400K)->22051K(22400K) NonClass: 18241K(18432K)->18241K(18432K) Class: 3809K(3968K)->3809K(3968K)
[35.558s][info][gc          ] GC(100) Pause Full (System.gc()) 774M->774M(6144M) 334.875ms
[35.907s][info][gc,metaspace] GC(101) Metaspace: 22051K(22400K)->22051K(22400K) NonClass: 18241K(18432K)->18241K(18432K) Class: 3809K(3968K)->3809K(3968K)
[35.907s][info][gc          ] GC(101) Pause Full (System.gc()) 774M->774M(6144M) 344.455ms
After GCs... 
