Done; will start GCs... 
[4.599s][info][gc,metaspace] GC(2) Metaspace: 22051K(22400K)->22051K(22400K) NonClass: 18236K(18432K)->18236K(18432K) Class: 3814K(3968K)->3814K(3968K)
[4.599s][info][gc          ] GC(2) Pause Full (System.gc()) 778M->774M(6144M) 434.058ms
[4.965s][info][gc,metaspace] GC(3) Metaspace: 22051K(22400K)->22051K(22400K) NonClass: 18236K(18432K)->18236K(18432K) Class: 3814K(3968K)->3814K(3968K)
[4.965s][info][gc          ] GC(3) Pause Full (System.gc()) 774M->774M(6144M) 365.458ms
[5.313s][info][gc,metaspace] GC(4) Metaspace: 22051K(22400K)->22051K(22400K) NonClass: 18236K(18432K)->18236K(18432K) Class: 3814K(3968K)->3814K(3968K)
[5.313s][info][gc          ] GC(4) Pause Full (System.gc()) 774M->774M(6144M) 348.164ms
[5.640s][info][gc,metaspace] GC(5) Metaspace: 22051K(22400K)->22051K(22400K) NonClass: 18236K(18432K)->18236K(18432K) Class: 3814K(3968K)->3814K(3968K)
[5.640s][info][gc          ] GC(5) Pause Full (System.gc()) 774M->774M(6144M) 326.818ms
[5.977s][info][gc,metaspace] GC(6) Metaspace: 22051K(22400K)->22051K(22400K) NonClass: 18236K(18432K)->18236K(18432K) Class: 3814K(3968K)->3814K(3968K)
[5.977s][info][gc          ] GC(6) Pause Full (System.gc()) 774M->774M(6144M) 337.435ms
[6.341s][info][gc,metaspace] GC(7) Metaspace: 22051K(22400K)->22051K(22400K) NonClass: 18236K(18432K)->18236K(18432K) Class: 3814K(3968K)->3814K(3968K)
[6.341s][info][gc          ] GC(7) Pause Full (System.gc()) 774M->774M(6144M) 363.430ms
[6.679s][info][gc,metaspace] GC(8) Metaspace: 22051K(22400K)->22051K(22400K) NonClass: 18236K(18432K)->18236K(18432K) Class: 3814K(3968K)->3814K(3968K)
[6.679s][info][gc          ] GC(8) Pause Full (System.gc()) 774M->774M(6144M) 338.316ms
[7.003s][info][gc,metaspace] GC(9) Metaspace: 22051K(22400K)->22051K(22400K) NonClass: 18236K(18432K)->18236K(18432K) Class: 3814K(3968K)->3814K(3968K)
[7.003s][info][gc          ] GC(9) Pause Full (System.gc()) 774M->774M(6144M) 323.820ms
[7.354s][info][gc,metaspace] GC(10) Metaspace: 22051K(22400K)->22051K(22400K) NonClass: 18236K(18432K)->18236K(18432K) Class: 3814K(3968K)->3814K(3968K)
[7.355s][info][gc          ] GC(10) Pause Full (System.gc()) 774M->774M(6144M) 351.300ms
[7.681s][info][gc,metaspace] GC(11) Metaspace: 22051K(22400K)->22051K(22400K) NonClass: 18236K(18432K)->18236K(18432K) Class: 3814K(3968K)->3814K(3968K)
[7.681s][info][gc          ] GC(11) Pause Full (System.gc()) 774M->774M(6144M) 326.282ms
[8.022s][info][gc,metaspace] GC(12) Metaspace: 22051K(22400K)->22051K(22400K) NonClass: 18236K(18432K)->18236K(18432K) Class: 3814K(3968K)->3814K(3968K)
[8.022s][info][gc          ] GC(12) Pause Full (System.gc()) 774M->774M(6144M) 341.066ms
[8.367s][info][gc,metaspace] GC(13) Metaspace: 22051K(22400K)->22051K(22400K) NonClass: 18236K(18432K)->18236K(18432K) Class: 3814K(3968K)->3814K(3968K)
[8.367s][info][gc          ] GC(13) Pause Full (System.gc()) 774M->774M(6144M) 345.059ms
[8.700s][info][gc,metaspace] GC(14) Metaspace: 22051K(22400K)->22051K(22400K) NonClass: 18236K(18432K)->18236K(18432K) Class: 3814K(3968K)->3814K(3968K)
[8.700s][info][gc          ] GC(14) Pause Full (System.gc()) 774M->774M(6144M) 332.833ms
[9.031s][info][gc,metaspace] GC(15) Metaspace: 22051K(22400K)->22051K(22400K) NonClass: 18236K(18432K)->18236K(18432K) Class: 3814K(3968K)->3814K(3968K)
[9.031s][info][gc          ] GC(15) Pause Full (System.gc()) 774M->774M(6144M) 330.468ms
[9.385s][info][gc,metaspace] GC(16) Metaspace: 22051K(22400K)->22051K(22400K) NonClass: 18236K(18432K)->18236K(18432K) Class: 3814K(3968K)->3814K(3968K)
[9.385s][info][gc          ] GC(16) Pause Full (System.gc()) 774M->774M(6144M) 354.311ms
[9.715s][info][gc,metaspace] GC(17) Metaspace: 22051K(22400K)->22051K(22400K) NonClass: 18236K(18432K)->18236K(18432K) Class: 3814K(3968K)->3814K(3968K)
[9.715s][info][gc          ] GC(17) Pause Full (System.gc()) 774M->774M(6144M) 329.870ms
[10.100s][info][gc,metaspace] GC(18) Metaspace: 22051K(22400K)->22051K(22400K) NonClass: 18236K(18432K)->18236K(18432K) Class: 3814K(3968K)->3814K(3968K)
[10.100s][info][gc          ] GC(18) Pause Full (System.gc()) 774M->774M(6144M) 380.560ms
[10.438s][info][gc,metaspace] GC(19) Metaspace: 22051K(22400K)->22051K(22400K) NonClass: 18236K(18432K)->18236K(18432K) Class: 3814K(3968K)->3814K(3968K)
[10.438s][info][gc          ] GC(19) Pause Full (System.gc()) 774M->774M(6144M) 337.775ms
[10.771s][info][gc,metaspace] GC(20) Metaspace: 22051K(22400K)->22051K(22400K) NonClass: 18236K(18432K)->18236K(18432K) Class: 3814K(3968K)->3814K(3968K)
[10.771s][info][gc          ] GC(20) Pause Full (System.gc()) 774M->774M(6144M) 332.541ms
[11.118s][info][gc,metaspace] GC(21) Metaspace: 22051K(22400K)->22051K(22400K) NonClass: 18236K(18432K)->18236K(18432K) Class: 3814K(3968K)->3814K(3968K)
[11.118s][info][gc          ] GC(21) Pause Full (System.gc()) 774M->774M(6144M) 347.575ms
[11.492s][info][gc,metaspace] GC(22) Metaspace: 22051K(22400K)->22051K(22400K) NonClass: 18236K(18432K)->18236K(18432K) Class: 3814K(3968K)->3814K(3968K)
[11.493s][info][gc          ] GC(22) Pause Full (System.gc()) 774M->774M(6144M) 374.245ms
[11.832s][info][gc,metaspace] GC(23) Metaspace: 22051K(22400K)->22051K(22400K) NonClass: 18236K(18432K)->18236K(18432K) Class: 3814K(3968K)->3814K(3968K)
[11.832s][info][gc          ] GC(23) Pause Full (System.gc()) 774M->774M(6144M) 339.472ms
[12.164s][info][gc,metaspace] GC(24) Metaspace: 22051K(22400K)->22051K(22400K) NonClass: 18236K(18432K)->18236K(18432K) Class: 3814K(3968K)->3814K(3968K)
[12.164s][info][gc          ] GC(24) Pause Full (System.gc()) 774M->774M(6144M) 331.897ms
[12.507s][info][gc,metaspace] GC(25) Metaspace: 22051K(22400K)->22051K(22400K) NonClass: 18236K(18432K)->18236K(18432K) Class: 3814K(3968K)->3814K(3968K)
[12.508s][info][gc          ] GC(25) Pause Full (System.gc()) 774M->774M(6144M) 343.350ms
[12.824s][info][gc,metaspace] GC(26) Metaspace: 22051K(22400K)->22051K(22400K) NonClass: 18236K(18432K)->18236K(18432K) Class: 3814K(3968K)->3814K(3968K)
[12.824s][info][gc          ] GC(26) Pause Full (System.gc()) 774M->774M(6144M) 316.791ms
[13.148s][info][gc,metaspace] GC(27) Metaspace: 22051K(22400K)->22051K(22400K) NonClass: 18236K(18432K)->18236K(18432K) Class: 3814K(3968K)->3814K(3968K)
[13.148s][info][gc          ] GC(27) Pause Full (System.gc()) 774M->774M(6144M) 323.955ms
[13.498s][info][gc,metaspace] GC(28) Metaspace: 22051K(22400K)->22051K(22400K) NonClass: 18236K(18432K)->18236K(18432K) Class: 3814K(3968K)->3814K(3968K)
[13.498s][info][gc          ] GC(28) Pause Full (System.gc()) 774M->774M(6144M) 349.745ms
[13.815s][info][gc,metaspace] GC(29) Metaspace: 22051K(22400K)->22051K(22400K) NonClass: 18236K(18432K)->18236K(18432K) Class: 3814K(3968K)->3814K(3968K)
[13.815s][info][gc          ] GC(29) Pause Full (System.gc()) 774M->774M(6144M) 316.996ms
[14.154s][info][gc,metaspace] GC(30) Metaspace: 22051K(22400K)->22051K(22400K) NonClass: 18236K(18432K)->18236K(18432K) Class: 3814K(3968K)->3814K(3968K)
[14.154s][info][gc          ] GC(30) Pause Full (System.gc()) 774M->774M(6144M) 338.783ms
[14.522s][info][gc,metaspace] GC(31) Metaspace: 22051K(22400K)->22051K(22400K) NonClass: 18236K(18432K)->18236K(18432K) Class: 3814K(3968K)->3814K(3968K)
[14.522s][info][gc          ] GC(31) Pause Full (System.gc()) 774M->774M(6144M) 367.663ms
[14.843s][info][gc,metaspace] GC(32) Metaspace: 22051K(22400K)->22051K(22400K) NonClass: 18236K(18432K)->18236K(18432K) Class: 3814K(3968K)->3814K(3968K)
[14.843s][info][gc          ] GC(32) Pause Full (System.gc()) 774M->774M(6144M) 321.548ms
[15.226s][info][gc,metaspace] GC(33) Metaspace: 22051K(22400K)->22051K(22400K) NonClass: 18236K(18432K)->18236K(18432K) Class: 3814K(3968K)->3814K(3968K)
[15.226s][info][gc          ] GC(33) Pause Full (System.gc()) 774M->774M(6144M) 378.523ms
[15.564s][info][gc,metaspace] GC(34) Metaspace: 22051K(22400K)->22051K(22400K) NonClass: 18236K(18432K)->18236K(18432K) Class: 3814K(3968K)->3814K(3968K)
[15.564s][info][gc          ] GC(34) Pause Full (System.gc()) 774M->774M(6144M) 337.760ms
[15.892s][info][gc,metaspace] GC(35) Metaspace: 22051K(22400K)->22051K(22400K) NonClass: 18236K(18432K)->18236K(18432K) Class: 3814K(3968K)->3814K(3968K)
[15.892s][info][gc          ] GC(35) Pause Full (System.gc()) 774M->774M(6144M) 327.374ms
[16.208s][info][gc,metaspace] GC(36) Metaspace: 22051K(22400K)->22051K(22400K) NonClass: 18236K(18432K)->18236K(18432K) Class: 3814K(3968K)->3814K(3968K)
[16.208s][info][gc          ] GC(36) Pause Full (System.gc()) 774M->774M(6144M) 316.265ms
[16.562s][info][gc,metaspace] GC(37) Metaspace: 22051K(22400K)->22051K(22400K) NonClass: 18236K(18432K)->18236K(18432K) Class: 3814K(3968K)->3814K(3968K)
[16.562s][info][gc          ] GC(37) Pause Full (System.gc()) 774M->774M(6144M) 353.911ms
[16.895s][info][gc,metaspace] GC(38) Metaspace: 22051K(22400K)->22051K(22400K) NonClass: 18236K(18432K)->18236K(18432K) Class: 3814K(3968K)->3814K(3968K)
[16.895s][info][gc          ] GC(38) Pause Full (System.gc()) 774M->774M(6144M) 333.296ms
[17.241s][info][gc,metaspace] GC(39) Metaspace: 22051K(22400K)->22051K(22400K) NonClass: 18236K(18432K)->18236K(18432K) Class: 3814K(3968K)->3814K(3968K)
[17.241s][info][gc          ] GC(39) Pause Full (System.gc()) 774M->774M(6144M) 345.336ms
[17.588s][info][gc,metaspace] GC(40) Metaspace: 22051K(22400K)->22051K(22400K) NonClass: 18236K(18432K)->18236K(18432K) Class: 3814K(3968K)->3814K(3968K)
[17.589s][info][gc          ] GC(40) Pause Full (System.gc()) 774M->774M(6144M) 347.852ms
[17.919s][info][gc,metaspace] GC(41) Metaspace: 22051K(22400K)->22051K(22400K) NonClass: 18236K(18432K)->18236K(18432K) Class: 3814K(3968K)->3814K(3968K)
[17.919s][info][gc          ] GC(41) Pause Full (System.gc()) 774M->774M(6144M) 330.235ms
[18.236s][info][gc,metaspace] GC(42) Metaspace: 22051K(22400K)->22051K(22400K) NonClass: 18236K(18432K)->18236K(18432K) Class: 3814K(3968K)->3814K(3968K)
[18.236s][info][gc          ] GC(42) Pause Full (System.gc()) 774M->774M(6144M) 316.920ms
[18.592s][info][gc,metaspace] GC(43) Metaspace: 22051K(22400K)->22051K(22400K) NonClass: 18236K(18432K)->18236K(18432K) Class: 3814K(3968K)->3814K(3968K)
[18.592s][info][gc          ] GC(43) Pause Full (System.gc()) 774M->774M(6144M) 355.835ms
[18.924s][info][gc,metaspace] GC(44) Metaspace: 22051K(22400K)->22051K(22400K) NonClass: 18236K(18432K)->18236K(18432K) Class: 3814K(3968K)->3814K(3968K)
[18.924s][info][gc          ] GC(44) Pause Full (System.gc()) 774M->774M(6144M) 331.861ms
[19.272s][info][gc,metaspace] GC(45) Metaspace: 22051K(22400K)->22051K(22400K) NonClass: 18236K(18432K)->18236K(18432K) Class: 3814K(3968K)->3814K(3968K)
[19.272s][info][gc          ] GC(45) Pause Full (System.gc()) 774M->774M(6144M) 348.728ms
[19.651s][info][gc,metaspace] GC(46) Metaspace: 22051K(22400K)->22051K(22400K) NonClass: 18236K(18432K)->18236K(18432K) Class: 3814K(3968K)->3814K(3968K)
[19.651s][info][gc          ] GC(46) Pause Full (System.gc()) 774M->774M(6144M) 378.138ms
[19.985s][info][gc,metaspace] GC(47) Metaspace: 22051K(22400K)->22051K(22400K) NonClass: 18236K(18432K)->18236K(18432K) Class: 3814K(3968K)->3814K(3968K)
[19.985s][info][gc          ] GC(47) Pause Full (System.gc()) 774M->774M(6144M) 334.313ms
[20.389s][info][gc,metaspace] GC(48) Metaspace: 22051K(22400K)->22051K(22400K) NonClass: 18236K(18432K)->18236K(18432K) Class: 3814K(3968K)->3814K(3968K)
[20.389s][info][gc          ] GC(48) Pause Full (System.gc()) 774M->774M(6144M) 399.876ms
[20.724s][info][gc,metaspace] GC(49) Metaspace: 22051K(22400K)->22051K(22400K) NonClass: 18236K(18432K)->18236K(18432K) Class: 3814K(3968K)->3814K(3968K)
[20.724s][info][gc          ] GC(49) Pause Full (System.gc()) 774M->774M(6144M) 334.567ms
[21.056s][info][gc,metaspace] GC(50) Metaspace: 22051K(22400K)->22051K(22400K) NonClass: 18236K(18432K)->18236K(18432K) Class: 3814K(3968K)->3814K(3968K)
[21.056s][info][gc          ] GC(50) Pause Full (System.gc()) 774M->774M(6144M) 332.015ms
[21.399s][info][gc,metaspace] GC(51) Metaspace: 22051K(22400K)->22051K(22400K) NonClass: 18236K(18432K)->18236K(18432K) Class: 3814K(3968K)->3814K(3968K)
[21.399s][info][gc          ] GC(51) Pause Full (System.gc()) 774M->774M(6144M) 343.441ms
[21.720s][info][gc,metaspace] GC(52) Metaspace: 22051K(22400K)->22051K(22400K) NonClass: 18236K(18432K)->18236K(18432K) Class: 3814K(3968K)->3814K(3968K)
[21.720s][info][gc          ] GC(52) Pause Full (System.gc()) 774M->774M(6144M) 320.742ms
[22.062s][info][gc,metaspace] GC(53) Metaspace: 22051K(22400K)->22051K(22400K) NonClass: 18236K(18432K)->18236K(18432K) Class: 3814K(3968K)->3814K(3968K)
[22.062s][info][gc          ] GC(53) Pause Full (System.gc()) 774M->774M(6144M) 341.949ms
[22.425s][info][gc,metaspace] GC(54) Metaspace: 22051K(22400K)->22051K(22400K) NonClass: 18236K(18432K)->18236K(18432K) Class: 3814K(3968K)->3814K(3968K)
[22.425s][info][gc          ] GC(54) Pause Full (System.gc()) 774M->774M(6144M) 362.361ms
[22.751s][info][gc,metaspace] GC(55) Metaspace: 22051K(22400K)->22051K(22400K) NonClass: 18236K(18432K)->18236K(18432K) Class: 3814K(3968K)->3814K(3968K)
[22.752s][info][gc          ] GC(55) Pause Full (System.gc()) 774M->774M(6144M) 326.835ms
[23.095s][info][gc,metaspace] GC(56) Metaspace: 22051K(22400K)->22051K(22400K) NonClass: 18236K(18432K)->18236K(18432K) Class: 3814K(3968K)->3814K(3968K)
[23.095s][info][gc          ] GC(56) Pause Full (System.gc()) 774M->774M(6144M) 343.266ms
[23.443s][info][gc,metaspace] GC(57) Metaspace: 22051K(22400K)->22051K(22400K) NonClass: 18236K(18432K)->18236K(18432K) Class: 3814K(3968K)->3814K(3968K)
[23.443s][info][gc          ] GC(57) Pause Full (System.gc()) 774M->774M(6144M) 348.275ms
[23.773s][info][gc,metaspace] GC(58) Metaspace: 22051K(22400K)->22051K(22400K) NonClass: 18236K(18432K)->18236K(18432K) Class: 3814K(3968K)->3814K(3968K)
[23.773s][info][gc          ] GC(58) Pause Full (System.gc()) 774M->774M(6144M) 330.075ms
[24.111s][info][gc,metaspace] GC(59) Metaspace: 22051K(22400K)->22051K(22400K) NonClass: 18236K(18432K)->18236K(18432K) Class: 3814K(3968K)->3814K(3968K)
[24.111s][info][gc          ] GC(59) Pause Full (System.gc()) 774M->774M(6144M) 337.951ms
[24.508s][info][gc,metaspace] GC(60) Metaspace: 22051K(22400K)->22051K(22400K) NonClass: 18236K(18432K)->18236K(18432K) Class: 3814K(3968K)->3814K(3968K)
[24.508s][info][gc          ] GC(60) Pause Full (System.gc()) 774M->774M(6144M) 396.858ms
[24.841s][info][gc,metaspace] GC(61) Metaspace: 22051K(22400K)->22051K(22400K) NonClass: 18236K(18432K)->18236K(18432K) Class: 3814K(3968K)->3814K(3968K)
[24.841s][info][gc          ] GC(61) Pause Full (System.gc()) 774M->774M(6144M) 332.957ms
[25.169s][info][gc,metaspace] GC(62) Metaspace: 22051K(22400K)->22051K(22400K) NonClass: 18236K(18432K)->18236K(18432K) Class: 3814K(3968K)->3814K(3968K)
[25.169s][info][gc          ] GC(62) Pause Full (System.gc()) 774M->774M(6144M) 327.308ms
[25.557s][info][gc,metaspace] GC(63) Metaspace: 22051K(22400K)->22051K(22400K) NonClass: 18236K(18432K)->18236K(18432K) Class: 3814K(3968K)->3814K(3968K)
[25.557s][info][gc          ] GC(63) Pause Full (System.gc()) 774M->774M(6144M) 384.321ms
[25.899s][info][gc,metaspace] GC(64) Metaspace: 22051K(22400K)->22051K(22400K) NonClass: 18236K(18432K)->18236K(18432K) Class: 3814K(3968K)->3814K(3968K)
[25.899s][info][gc          ] GC(64) Pause Full (System.gc()) 774M->774M(6144M) 341.367ms
[26.260s][info][gc,metaspace] GC(65) Metaspace: 22051K(22400K)->22051K(22400K) NonClass: 18236K(18432K)->18236K(18432K) Class: 3814K(3968K)->3814K(3968K)
[26.260s][info][gc          ] GC(65) Pause Full (System.gc()) 774M->774M(6144M) 360.744ms
[26.616s][info][gc,metaspace] GC(66) Metaspace: 22051K(22400K)->22051K(22400K) NonClass: 18236K(18432K)->18236K(18432K) Class: 3814K(3968K)->3814K(3968K)
[26.616s][info][gc          ] GC(66) Pause Full (System.gc()) 774M->774M(6144M) 356.383ms
[26.942s][info][gc,metaspace] GC(67) Metaspace: 22051K(22400K)->22051K(22400K) NonClass: 18236K(18432K)->18236K(18432K) Class: 3814K(3968K)->3814K(3968K)
[26.942s][info][gc          ] GC(67) Pause Full (System.gc()) 774M->774M(6144M) 325.694ms
[27.292s][info][gc,metaspace] GC(68) Metaspace: 22051K(22400K)->22051K(22400K) NonClass: 18236K(18432K)->18236K(18432K) Class: 3814K(3968K)->3814K(3968K)
[27.292s][info][gc          ] GC(68) Pause Full (System.gc()) 774M->774M(6144M) 350.214ms
[27.650s][info][gc,metaspace] GC(69) Metaspace: 22051K(22400K)->22051K(22400K) NonClass: 18236K(18432K)->18236K(18432K) Class: 3814K(3968K)->3814K(3968K)
[27.650s][info][gc          ] GC(69) Pause Full (System.gc()) 774M->774M(6144M) 357.494ms
[27.979s][info][gc,metaspace] GC(70) Metaspace: 22051K(22400K)->22051K(22400K) NonClass: 18236K(18432K)->18236K(18432K) Class: 3814K(3968K)->3814K(3968K)
[27.979s][info][gc          ] GC(70) Pause Full (System.gc()) 774M->774M(6144M) 329.811ms
[28.350s][info][gc,metaspace] GC(71) Metaspace: 22051K(22400K)->22051K(22400K) NonClass: 18236K(18432K)->18236K(18432K) Class: 3814K(3968K)->3814K(3968K)
[28.350s][info][gc          ] GC(71) Pause Full (System.gc()) 774M->774M(6144M) 370.935ms
[28.702s][info][gc,metaspace] GC(72) Metaspace: 22051K(22400K)->22051K(22400K) NonClass: 18236K(18432K)->18236K(18432K) Class: 3814K(3968K)->3814K(3968K)
[28.702s][info][gc          ] GC(72) Pause Full (System.gc()) 774M->774M(6144M) 351.155ms
[29.030s][info][gc,metaspace] GC(73) Metaspace: 22051K(22400K)->22051K(22400K) NonClass: 18236K(18432K)->18236K(18432K) Class: 3814K(3968K)->3814K(3968K)
[29.030s][info][gc          ] GC(73) Pause Full (System.gc()) 774M->774M(6144M) 328.707ms
[29.392s][info][gc,metaspace] GC(74) Metaspace: 22051K(22400K)->22051K(22400K) NonClass: 18236K(18432K)->18236K(18432K) Class: 3814K(3968K)->3814K(3968K)
[29.392s][info][gc          ] GC(74) Pause Full (System.gc()) 774M->774M(6144M) 361.716ms
[29.723s][info][gc,metaspace] GC(75) Metaspace: 22051K(22400K)->22051K(22400K) NonClass: 18236K(18432K)->18236K(18432K) Class: 3814K(3968K)->3814K(3968K)
[29.723s][info][gc          ] GC(75) Pause Full (System.gc()) 774M->774M(6144M) 330.739ms
[30.051s][info][gc,metaspace] GC(76) Metaspace: 22051K(22400K)->22051K(22400K) NonClass: 18236K(18432K)->18236K(18432K) Class: 3814K(3968K)->3814K(3968K)
[30.051s][info][gc          ] GC(76) Pause Full (System.gc()) 774M->774M(6144M) 327.478ms
[30.410s][info][gc,metaspace] GC(77) Metaspace: 22051K(22400K)->22051K(22400K) NonClass: 18236K(18432K)->18236K(18432K) Class: 3814K(3968K)->3814K(3968K)
[30.410s][info][gc          ] GC(77) Pause Full (System.gc()) 774M->774M(6144M) 359.602ms
[30.791s][info][gc,metaspace] GC(78) Metaspace: 22051K(22400K)->22051K(22400K) NonClass: 18236K(18432K)->18236K(18432K) Class: 3814K(3968K)->3814K(3968K)
[30.791s][info][gc          ] GC(78) Pause Full (System.gc()) 774M->774M(6144M) 376.131ms
[31.114s][info][gc,metaspace] GC(79) Metaspace: 22051K(22400K)->22051K(22400K) NonClass: 18236K(18432K)->18236K(18432K) Class: 3814K(3968K)->3814K(3968K)
[31.114s][info][gc          ] GC(79) Pause Full (System.gc()) 774M->774M(6144M) 322.980ms
[31.470s][info][gc,metaspace] GC(80) Metaspace: 22051K(22400K)->22051K(22400K) NonClass: 18236K(18432K)->18236K(18432K) Class: 3814K(3968K)->3814K(3968K)
[31.470s][info][gc          ] GC(80) Pause Full (System.gc()) 774M->774M(6144M) 356.457ms
[31.839s][info][gc,metaspace] GC(81) Metaspace: 22051K(22400K)->22051K(22400K) NonClass: 18236K(18432K)->18236K(18432K) Class: 3814K(3968K)->3814K(3968K)
[31.839s][info][gc          ] GC(81) Pause Full (System.gc()) 774M->774M(6144M) 369.034ms
[32.182s][info][gc,metaspace] GC(82) Metaspace: 22051K(22400K)->22051K(22400K) NonClass: 18236K(18432K)->18236K(18432K) Class: 3814K(3968K)->3814K(3968K)
[32.182s][info][gc          ] GC(82) Pause Full (System.gc()) 774M->774M(6144M) 342.803ms
[32.521s][info][gc,metaspace] GC(83) Metaspace: 22051K(22400K)->22051K(22400K) NonClass: 18236K(18432K)->18236K(18432K) Class: 3814K(3968K)->3814K(3968K)
[32.521s][info][gc          ] GC(83) Pause Full (System.gc()) 774M->774M(6144M) 338.615ms
[32.849s][info][gc,metaspace] GC(84) Metaspace: 22051K(22400K)->22051K(22400K) NonClass: 18236K(18432K)->18236K(18432K) Class: 3814K(3968K)->3814K(3968K)
[32.849s][info][gc          ] GC(84) Pause Full (System.gc()) 774M->774M(6144M) 327.709ms
[33.221s][info][gc,metaspace] GC(85) Metaspace: 22051K(22400K)->22051K(22400K) NonClass: 18236K(18432K)->18236K(18432K) Class: 3814K(3968K)->3814K(3968K)
[33.221s][info][gc          ] GC(85) Pause Full (System.gc()) 774M->774M(6144M) 371.906ms
[33.569s][info][gc,metaspace] GC(86) Metaspace: 22051K(22400K)->22051K(22400K) NonClass: 18236K(18432K)->18236K(18432K) Class: 3814K(3968K)->3814K(3968K)
[33.569s][info][gc          ] GC(86) Pause Full (System.gc()) 774M->774M(6144M) 348.373ms
[33.909s][info][gc,metaspace] GC(87) Metaspace: 22051K(22400K)->22051K(22400K) NonClass: 18236K(18432K)->18236K(18432K) Class: 3814K(3968K)->3814K(3968K)
[33.909s][info][gc          ] GC(87) Pause Full (System.gc()) 774M->774M(6144M) 339.451ms
[34.245s][info][gc,metaspace] GC(88) Metaspace: 22051K(22400K)->22051K(22400K) NonClass: 18236K(18432K)->18236K(18432K) Class: 3814K(3968K)->3814K(3968K)
[34.245s][info][gc          ] GC(88) Pause Full (System.gc()) 774M->774M(6144M) 336.791ms
[34.586s][info][gc,metaspace] GC(89) Metaspace: 22051K(22400K)->22051K(22400K) NonClass: 18236K(18432K)->18236K(18432K) Class: 3814K(3968K)->3814K(3968K)
[34.586s][info][gc          ] GC(89) Pause Full (System.gc()) 774M->774M(6144M) 340.443ms
[34.912s][info][gc,metaspace] GC(90) Metaspace: 22051K(22400K)->22051K(22400K) NonClass: 18236K(18432K)->18236K(18432K) Class: 3814K(3968K)->3814K(3968K)
[34.912s][info][gc          ] GC(90) Pause Full (System.gc()) 774M->774M(6144M) 326.002ms
[35.242s][info][gc,metaspace] GC(91) Metaspace: 22051K(22400K)->22051K(22400K) NonClass: 18236K(18432K)->18236K(18432K) Class: 3814K(3968K)->3814K(3968K)
[35.242s][info][gc          ] GC(91) Pause Full (System.gc()) 774M->774M(6144M) 330.313ms
[35.584s][info][gc,metaspace] GC(92) Metaspace: 22051K(22400K)->22051K(22400K) NonClass: 18236K(18432K)->18236K(18432K) Class: 3814K(3968K)->3814K(3968K)
[35.584s][info][gc          ] GC(92) Pause Full (System.gc()) 774M->774M(6144M) 341.377ms
[35.915s][info][gc,metaspace] GC(93) Metaspace: 22051K(22400K)->22051K(22400K) NonClass: 18236K(18432K)->18236K(18432K) Class: 3814K(3968K)->3814K(3968K)
[35.915s][info][gc          ] GC(93) Pause Full (System.gc()) 774M->774M(6144M) 331.270ms
[36.253s][info][gc,metaspace] GC(94) Metaspace: 22051K(22400K)->22051K(22400K) NonClass: 18236K(18432K)->18236K(18432K) Class: 3814K(3968K)->3814K(3968K)
[36.253s][info][gc          ] GC(94) Pause Full (System.gc()) 774M->774M(6144M) 337.757ms
[36.599s][info][gc,metaspace] GC(95) Metaspace: 22051K(22400K)->22051K(22400K) NonClass: 18236K(18432K)->18236K(18432K) Class: 3814K(3968K)->3814K(3968K)
[36.599s][info][gc          ] GC(95) Pause Full (System.gc()) 774M->774M(6144M) 345.817ms
[36.944s][info][gc,metaspace] GC(96) Metaspace: 22051K(22400K)->22051K(22400K) NonClass: 18236K(18432K)->18236K(18432K) Class: 3814K(3968K)->3814K(3968K)
[36.944s][info][gc          ] GC(96) Pause Full (System.gc()) 774M->774M(6144M) 344.966ms
[37.295s][info][gc,metaspace] GC(97) Metaspace: 22051K(22400K)->22051K(22400K) NonClass: 18236K(18432K)->18236K(18432K) Class: 3814K(3968K)->3814K(3968K)
[37.295s][info][gc          ] GC(97) Pause Full (System.gc()) 774M->774M(6144M) 351.314ms
[37.650s][info][gc,metaspace] GC(98) Metaspace: 22051K(22400K)->22051K(22400K) NonClass: 18236K(18432K)->18236K(18432K) Class: 3814K(3968K)->3814K(3968K)
[37.650s][info][gc          ] GC(98) Pause Full (System.gc()) 774M->774M(6144M) 354.374ms
[37.987s][info][gc,metaspace] GC(99) Metaspace: 22051K(22400K)->22051K(22400K) NonClass: 18236K(18432K)->18236K(18432K) Class: 3814K(3968K)->3814K(3968K)
[37.987s][info][gc          ] GC(99) Pause Full (System.gc()) 774M->774M(6144M) 337.038ms
[38.346s][info][gc,metaspace] GC(100) Metaspace: 22051K(22400K)->22051K(22400K) NonClass: 18236K(18432K)->18236K(18432K) Class: 3814K(3968K)->3814K(3968K)
[38.347s][info][gc          ] GC(100) Pause Full (System.gc()) 774M->774M(6144M) 359.634ms
[38.702s][info][gc,metaspace] GC(101) Metaspace: 22051K(22400K)->22051K(22400K) NonClass: 18236K(18432K)->18236K(18432K) Class: 3814K(3968K)->3814K(3968K)
[38.702s][info][gc          ] GC(101) Pause Full (System.gc()) 774M->774M(6144M) 355.653ms
After GCs... 
