Done; will start GCs... 
[13.898s][info][gc,metaspace] GC(27) Metaspace: 12587K(13056K)->12587K(13056K) NonClass: 10416K(10624K)->10416K(10624K) Class: 2170K(2432K)->2170K(2432K)
[13.898s][info][gc          ] GC(27) Pause Full (System.gc()) 1645M->1643M(6144M) 674.552ms
[14.563s][info][gc,metaspace] GC(28) Metaspace: 12587K(13056K)->12587K(13056K) NonClass: 10416K(10624K)->10416K(10624K) Class: 2170K(2432K)->2170K(2432K)
[14.563s][info][gc          ] GC(28) Pause Full (System.gc()) 1643M->1643M(6144M) 664.733ms
[15.247s][info][gc,metaspace] GC(29) Metaspace: 12587K(13056K)->12587K(13056K) NonClass: 10416K(10624K)->10416K(10624K) Class: 2170K(2432K)->2170K(2432K)
[15.247s][info][gc          ] GC(29) Pause Full (System.gc()) 1643M->1643M(6144M) 684.047ms
[15.913s][info][gc,metaspace] GC(30) Metaspace: 12587K(13056K)->12587K(13056K) NonClass: 10416K(10624K)->10416K(10624K) Class: 2170K(2432K)->2170K(2432K)
[15.913s][info][gc          ] GC(30) Pause Full (System.gc()) 1643M->1643M(6144M) 665.353ms
[16.580s][info][gc,metaspace] GC(31) Metaspace: 12587K(13056K)->12587K(13056K) NonClass: 10416K(10624K)->10416K(10624K) Class: 2170K(2432K)->2170K(2432K)
[16.580s][info][gc          ] GC(31) Pause Full (System.gc()) 1643M->1643M(6144M) 667.142ms
[17.241s][info][gc,metaspace] GC(32) Metaspace: 12587K(13056K)->12587K(13056K) NonClass: 10416K(10624K)->10416K(10624K) Class: 2170K(2432K)->2170K(2432K)
[17.241s][info][gc          ] GC(32) Pause Full (System.gc()) 1643M->1643M(6144M) 661.262ms
[17.899s][info][gc,metaspace] GC(33) Metaspace: 12587K(13056K)->12587K(13056K) NonClass: 10416K(10624K)->10416K(10624K) Class: 2170K(2432K)->2170K(2432K)
[17.899s][info][gc          ] GC(33) Pause Full (System.gc()) 1643M->1643M(6144M) 658.227ms
[18.560s][info][gc,metaspace] GC(34) Metaspace: 12587K(13056K)->12587K(13056K) NonClass: 10416K(10624K)->10416K(10624K) Class: 2170K(2432K)->2170K(2432K)
[18.560s][info][gc          ] GC(34) Pause Full (System.gc()) 1643M->1643M(6144M) 660.925ms
[19.170s][info][gc,metaspace] GC(35) Metaspace: 12587K(13056K)->12587K(13056K) NonClass: 10416K(10624K)->10416K(10624K) Class: 2170K(2432K)->2170K(2432K)
[19.170s][info][gc          ] GC(35) Pause Full (System.gc()) 1643M->1643M(6144M) 609.985ms
[19.773s][info][gc,metaspace] GC(36) Metaspace: 12587K(13056K)->12587K(13056K) NonClass: 10416K(10624K)->10416K(10624K) Class: 2170K(2432K)->2170K(2432K)
[19.773s][info][gc          ] GC(36) Pause Full (System.gc()) 1643M->1643M(6144M) 602.976ms
[20.381s][info][gc,metaspace] GC(37) Metaspace: 12587K(13056K)->12587K(13056K) NonClass: 10416K(10624K)->10416K(10624K) Class: 2170K(2432K)->2170K(2432K)
[20.381s][info][gc          ] GC(37) Pause Full (System.gc()) 1643M->1643M(6144M) 603.556ms
[20.985s][info][gc,metaspace] GC(38) Metaspace: 12587K(13056K)->12587K(13056K) NonClass: 10416K(10624K)->10416K(10624K) Class: 2170K(2432K)->2170K(2432K)
[20.985s][info][gc          ] GC(38) Pause Full (System.gc()) 1643M->1643M(6144M) 603.692ms
[21.585s][info][gc,metaspace] GC(39) Metaspace: 12587K(13056K)->12587K(13056K) NonClass: 10416K(10624K)->10416K(10624K) Class: 2170K(2432K)->2170K(2432K)
[21.585s][info][gc          ] GC(39) Pause Full (System.gc()) 1643M->1643M(6144M) 600.148ms
[22.190s][info][gc,metaspace] GC(40) Metaspace: 12587K(13056K)->12587K(13056K) NonClass: 10416K(10624K)->10416K(10624K) Class: 2170K(2432K)->2170K(2432K)
[22.190s][info][gc          ] GC(40) Pause Full (System.gc()) 1643M->1643M(6144M) 604.314ms
[22.792s][info][gc,metaspace] GC(41) Metaspace: 12587K(13056K)->12587K(13056K) NonClass: 10416K(10624K)->10416K(10624K) Class: 2170K(2432K)->2170K(2432K)
[22.792s][info][gc          ] GC(41) Pause Full (System.gc()) 1643M->1643M(6144M) 602.476ms
[23.416s][info][gc,metaspace] GC(42) Metaspace: 12587K(13056K)->12587K(13056K) NonClass: 10416K(10624K)->10416K(10624K) Class: 2170K(2432K)->2170K(2432K)
[23.416s][info][gc          ] GC(42) Pause Full (System.gc()) 1643M->1643M(6144M) 623.209ms
[24.033s][info][gc,metaspace] GC(43) Metaspace: 12587K(13056K)->12587K(13056K) NonClass: 10416K(10624K)->10416K(10624K) Class: 2170K(2432K)->2170K(2432K)
[24.033s][info][gc          ] GC(43) Pause Full (System.gc()) 1643M->1643M(6144M) 617.356ms
[24.636s][info][gc,metaspace] GC(44) Metaspace: 12587K(13056K)->12587K(13056K) NonClass: 10416K(10624K)->10416K(10624K) Class: 2170K(2432K)->2170K(2432K)
[24.636s][info][gc          ] GC(44) Pause Full (System.gc()) 1643M->1643M(6144M) 603.349ms
[25.250s][info][gc,metaspace] GC(45) Metaspace: 12587K(13056K)->12587K(13056K) NonClass: 10416K(10624K)->10416K(10624K) Class: 2170K(2432K)->2170K(2432K)
[25.250s][info][gc          ] GC(45) Pause Full (System.gc()) 1643M->1643M(6144M) 613.502ms
[25.857s][info][gc,metaspace] GC(46) Metaspace: 12587K(13056K)->12587K(13056K) NonClass: 10416K(10624K)->10416K(10624K) Class: 2170K(2432K)->2170K(2432K)
[25.857s][info][gc          ] GC(46) Pause Full (System.gc()) 1643M->1643M(6144M) 602.681ms
[26.463s][info][gc,metaspace] GC(47) Metaspace: 12587K(13056K)->12587K(13056K) NonClass: 10416K(10624K)->10416K(10624K) Class: 2170K(2432K)->2170K(2432K)
[26.463s][info][gc          ] GC(47) Pause Full (System.gc()) 1643M->1643M(6144M) 605.440ms
[27.074s][info][gc,metaspace] GC(48) Metaspace: 12587K(13056K)->12587K(13056K) NonClass: 10416K(10624K)->10416K(10624K) Class: 2170K(2432K)->2170K(2432K)
[27.074s][info][gc          ] GC(48) Pause Full (System.gc()) 1643M->1643M(6144M) 611.276ms
[27.682s][info][gc,metaspace] GC(49) Metaspace: 12587K(13056K)->12587K(13056K) NonClass: 10416K(10624K)->10416K(10624K) Class: 2170K(2432K)->2170K(2432K)
[27.682s][info][gc          ] GC(49) Pause Full (System.gc()) 1643M->1643M(6144M) 607.580ms
[28.288s][info][gc,metaspace] GC(50) Metaspace: 12587K(13056K)->12587K(13056K) NonClass: 10416K(10624K)->10416K(10624K) Class: 2170K(2432K)->2170K(2432K)
[28.288s][info][gc          ] GC(50) Pause Full (System.gc()) 1643M->1643M(6144M) 606.014ms
[28.899s][info][gc,metaspace] GC(51) Metaspace: 12587K(13056K)->12587K(13056K) NonClass: 10416K(10624K)->10416K(10624K) Class: 2170K(2432K)->2170K(2432K)
[28.899s][info][gc          ] GC(51) Pause Full (System.gc()) 1643M->1643M(6144M) 611.251ms
[29.500s][info][gc,metaspace] GC(52) Metaspace: 12587K(13056K)->12587K(13056K) NonClass: 10416K(10624K)->10416K(10624K) Class: 2170K(2432K)->2170K(2432K)
[29.500s][info][gc          ] GC(52) Pause Full (System.gc()) 1643M->1643M(6144M) 601.324ms
[30.106s][info][gc,metaspace] GC(53) Metaspace: 12587K(13056K)->12587K(13056K) NonClass: 10416K(10624K)->10416K(10624K) Class: 2170K(2432K)->2170K(2432K)
[30.106s][info][gc          ] GC(53) Pause Full (System.gc()) 1643M->1643M(6144M) 606.052ms
[30.709s][info][gc,metaspace] GC(54) Metaspace: 12587K(13056K)->12587K(13056K) NonClass: 10416K(10624K)->10416K(10624K) Class: 2170K(2432K)->2170K(2432K)
[30.709s][info][gc          ] GC(54) Pause Full (System.gc()) 1643M->1643M(6144M) 602.149ms
[31.321s][info][gc,metaspace] GC(55) Metaspace: 12587K(13056K)->12587K(13056K) NonClass: 10416K(10624K)->10416K(10624K) Class: 2170K(2432K)->2170K(2432K)
[31.321s][info][gc          ] GC(55) Pause Full (System.gc()) 1643M->1643M(6144M) 612.679ms
[31.934s][info][gc,metaspace] GC(56) Metaspace: 12587K(13056K)->12587K(13056K) NonClass: 10416K(10624K)->10416K(10624K) Class: 2170K(2432K)->2170K(2432K)
[31.934s][info][gc          ] GC(56) Pause Full (System.gc()) 1643M->1643M(6144M) 612.383ms
[32.533s][info][gc,metaspace] GC(57) Metaspace: 12587K(13056K)->12587K(13056K) NonClass: 10416K(10624K)->10416K(10624K) Class: 2170K(2432K)->2170K(2432K)
[32.533s][info][gc          ] GC(57) Pause Full (System.gc()) 1643M->1643M(6144M) 598.710ms
[33.138s][info][gc,metaspace] GC(58) Metaspace: 12587K(13056K)->12587K(13056K) NonClass: 10416K(10624K)->10416K(10624K) Class: 2170K(2432K)->2170K(2432K)
[33.138s][info][gc          ] GC(58) Pause Full (System.gc()) 1643M->1643M(6144M) 605.506ms
[33.750s][info][gc,metaspace] GC(59) Metaspace: 12587K(13056K)->12587K(13056K) NonClass: 10416K(10624K)->10416K(10624K) Class: 2170K(2432K)->2170K(2432K)
[33.750s][info][gc          ] GC(59) Pause Full (System.gc()) 1643M->1643M(6144M) 611.609ms
[34.357s][info][gc,metaspace] GC(60) Metaspace: 12587K(13056K)->12587K(13056K) NonClass: 10416K(10624K)->10416K(10624K) Class: 2170K(2432K)->2170K(2432K)
[34.357s][info][gc          ] GC(60) Pause Full (System.gc()) 1643M->1643M(6144M) 607.058ms
[34.955s][info][gc,metaspace] GC(61) Metaspace: 12587K(13056K)->12587K(13056K) NonClass: 10416K(10624K)->10416K(10624K) Class: 2170K(2432K)->2170K(2432K)
[34.955s][info][gc          ] GC(61) Pause Full (System.gc()) 1643M->1643M(6144M) 598.056ms
[35.557s][info][gc,metaspace] GC(62) Metaspace: 12587K(13056K)->12587K(13056K) NonClass: 10416K(10624K)->10416K(10624K) Class: 2170K(2432K)->2170K(2432K)
[35.557s][info][gc          ] GC(62) Pause Full (System.gc()) 1643M->1643M(6144M) 602.265ms
[36.165s][info][gc,metaspace] GC(63) Metaspace: 12587K(13056K)->12587K(13056K) NonClass: 10416K(10624K)->10416K(10624K) Class: 2170K(2432K)->2170K(2432K)
[36.165s][info][gc          ] GC(63) Pause Full (System.gc()) 1643M->1643M(6144M) 607.384ms
[36.769s][info][gc,metaspace] GC(64) Metaspace: 12587K(13056K)->12587K(13056K) NonClass: 10416K(10624K)->10416K(10624K) Class: 2170K(2432K)->2170K(2432K)
[36.769s][info][gc          ] GC(64) Pause Full (System.gc()) 1643M->1643M(6144M) 603.898ms
[37.387s][info][gc,metaspace] GC(65) Metaspace: 12587K(13056K)->12587K(13056K) NonClass: 10416K(10624K)->10416K(10624K) Class: 2170K(2432K)->2170K(2432K)
[37.387s][info][gc          ] GC(65) Pause Full (System.gc()) 1643M->1643M(6144M) 618.494ms
[38.002s][info][gc,metaspace] GC(66) Metaspace: 12587K(13056K)->12587K(13056K) NonClass: 10416K(10624K)->10416K(10624K) Class: 2170K(2432K)->2170K(2432K)
[38.002s][info][gc          ] GC(66) Pause Full (System.gc()) 1643M->1643M(6144M) 614.239ms
[38.605s][info][gc,metaspace] GC(67) Metaspace: 12587K(13056K)->12587K(13056K) NonClass: 10416K(10624K)->10416K(10624K) Class: 2170K(2432K)->2170K(2432K)
[38.606s][info][gc          ] GC(67) Pause Full (System.gc()) 1643M->1643M(6144M) 603.719ms
[39.209s][info][gc,metaspace] GC(68) Metaspace: 12587K(13056K)->12587K(13056K) NonClass: 10416K(10624K)->10416K(10624K) Class: 2170K(2432K)->2170K(2432K)
[39.209s][info][gc          ] GC(68) Pause Full (System.gc()) 1643M->1643M(6144M) 603.883ms
[39.820s][info][gc,metaspace] GC(69) Metaspace: 12587K(13056K)->12587K(13056K) NonClass: 10416K(10624K)->10416K(10624K) Class: 2170K(2432K)->2170K(2432K)
[39.820s][info][gc          ] GC(69) Pause Full (System.gc()) 1643M->1643M(6144M) 610.355ms
[40.425s][info][gc,metaspace] GC(70) Metaspace: 12587K(13056K)->12587K(13056K) NonClass: 10416K(10624K)->10416K(10624K) Class: 2170K(2432K)->2170K(2432K)
[40.425s][info][gc          ] GC(70) Pause Full (System.gc()) 1643M->1643M(6144M) 604.885ms
[41.032s][info][gc,metaspace] GC(71) Metaspace: 12587K(13056K)->12587K(13056K) NonClass: 10416K(10624K)->10416K(10624K) Class: 2170K(2432K)->2170K(2432K)
[41.032s][info][gc          ] GC(71) Pause Full (System.gc()) 1643M->1643M(6144M) 606.802ms
[41.636s][info][gc,metaspace] GC(72) Metaspace: 12587K(13056K)->12587K(13056K) NonClass: 10416K(10624K)->10416K(10624K) Class: 2170K(2432K)->2170K(2432K)
[41.636s][info][gc          ] GC(72) Pause Full (System.gc()) 1643M->1643M(6144M) 603.864ms
[42.248s][info][gc,metaspace] GC(73) Metaspace: 12587K(13056K)->12587K(13056K) NonClass: 10416K(10624K)->10416K(10624K) Class: 2170K(2432K)->2170K(2432K)
[42.248s][info][gc          ] GC(73) Pause Full (System.gc()) 1643M->1643M(6144M) 608.414ms
[42.852s][info][gc,metaspace] GC(74) Metaspace: 12587K(13056K)->12587K(13056K) NonClass: 10416K(10624K)->10416K(10624K) Class: 2170K(2432K)->2170K(2432K)
[42.852s][info][gc          ] GC(74) Pause Full (System.gc()) 1643M->1643M(6144M) 603.953ms
[43.454s][info][gc,metaspace] GC(75) Metaspace: 12587K(13056K)->12587K(13056K) NonClass: 10416K(10624K)->10416K(10624K) Class: 2170K(2432K)->2170K(2432K)
[43.454s][info][gc          ] GC(75) Pause Full (System.gc()) 1643M->1643M(6144M) 601.718ms
[44.059s][info][gc,metaspace] GC(76) Metaspace: 12587K(13056K)->12587K(13056K) NonClass: 10416K(10624K)->10416K(10624K) Class: 2170K(2432K)->2170K(2432K)
[44.059s][info][gc          ] GC(76) Pause Full (System.gc()) 1643M->1643M(6144M) 604.380ms
After GCs... 
