Done; will start GCs... 
[12.823s][info][gc,metaspace] GC(27) Metaspace: 12567K(13120K)->12567K(13120K) NonClass: 11222K(11520K)->11222K(11520K) Class: 1345K(1600K)->1345K(1600K)
[12.823s][info][gc          ] GC(27) Pause Full (System.gc()) 1850M->1848M(6144M) 667.775ms
[13.488s][info][gc,metaspace] GC(28) Metaspace: 12567K(13120K)->12567K(13120K) NonClass: 11222K(11520K)->11222K(11520K) Class: 1345K(1600K)->1345K(1600K)
[13.488s][info][gc          ] GC(28) Pause Full (System.gc()) 1848M->1848M(6144M) 664.661ms
[14.146s][info][gc,metaspace] GC(29) Metaspace: 12567K(13120K)->12567K(13120K) NonClass: 11222K(11520K)->11222K(11520K) Class: 1345K(1600K)->1345K(1600K)
[14.146s][info][gc          ] GC(29) Pause Full (System.gc()) 1848M->1848M(6144M) 657.927ms
[14.802s][info][gc,metaspace] GC(30) Metaspace: 12567K(13120K)->12567K(13120K) NonClass: 11222K(11520K)->11222K(11520K) Class: 1345K(1600K)->1345K(1600K)
[14.802s][info][gc          ] GC(30) Pause Full (System.gc()) 1848M->1848M(6144M) 655.525ms
[15.398s][info][gc,metaspace] GC(31) Metaspace: 12567K(13120K)->12567K(13120K) NonClass: 11222K(11520K)->11222K(11520K) Class: 1345K(1600K)->1345K(1600K)
[15.398s][info][gc          ] GC(31) Pause Full (System.gc()) 1848M->1848M(6144M) 596.187ms
[15.995s][info][gc,metaspace] GC(32) Metaspace: 12567K(13120K)->12567K(13120K) NonClass: 11222K(11520K)->11222K(11520K) Class: 1345K(1600K)->1345K(1600K)
[15.996s][info][gc          ] GC(32) Pause Full (System.gc()) 1848M->1848M(6144M) 597.613ms
[16.606s][info][gc,metaspace] GC(33) Metaspace: 12567K(13120K)->12567K(13120K) NonClass: 11222K(11520K)->11222K(11520K) Class: 1345K(1600K)->1345K(1600K)
[16.606s][info][gc          ] GC(33) Pause Full (System.gc()) 1848M->1848M(6144M) 610.055ms
[17.198s][info][gc,metaspace] GC(34) Metaspace: 12567K(13120K)->12567K(13120K) NonClass: 11222K(11520K)->11222K(11520K) Class: 1345K(1600K)->1345K(1600K)
[17.199s][info][gc          ] GC(34) Pause Full (System.gc()) 1848M->1848M(6144M) 592.788ms
[17.801s][info][gc,metaspace] GC(35) Metaspace: 12567K(13120K)->12567K(13120K) NonClass: 11222K(11520K)->11222K(11520K) Class: 1345K(1600K)->1345K(1600K)
[17.801s][info][gc          ] GC(35) Pause Full (System.gc()) 1848M->1848M(6144M) 602.888ms
[18.401s][info][gc,metaspace] GC(36) Metaspace: 12567K(13120K)->12567K(13120K) NonClass: 11222K(11520K)->11222K(11520K) Class: 1345K(1600K)->1345K(1600K)
[18.401s][info][gc          ] GC(36) Pause Full (System.gc()) 1848M->1848M(6144M) 599.823ms
[18.994s][info][gc,metaspace] GC(37) Metaspace: 12567K(13120K)->12567K(13120K) NonClass: 11222K(11520K)->11222K(11520K) Class: 1345K(1600K)->1345K(1600K)
[18.994s][info][gc          ] GC(37) Pause Full (System.gc()) 1848M->1848M(6144M) 592.270ms
[19.589s][info][gc,metaspace] GC(38) Metaspace: 12567K(13120K)->12567K(13120K) NonClass: 11222K(11520K)->11222K(11520K) Class: 1345K(1600K)->1345K(1600K)
[19.589s][info][gc          ] GC(38) Pause Full (System.gc()) 1848M->1848M(6144M) 595.302ms
[20.210s][info][gc,metaspace] GC(39) Metaspace: 12567K(13120K)->12567K(13120K) NonClass: 11222K(11520K)->11222K(11520K) Class: 1345K(1600K)->1345K(1600K)
[20.210s][info][gc          ] GC(39) Pause Full (System.gc()) 1848M->1848M(6144M) 620.777ms
[20.805s][info][gc,metaspace] GC(40) Metaspace: 12567K(13120K)->12567K(13120K) NonClass: 11222K(11520K)->11222K(11520K) Class: 1345K(1600K)->1345K(1600K)
[20.805s][info][gc          ] GC(40) Pause Full (System.gc()) 1848M->1848M(6144M) 595.171ms
[21.405s][info][gc,metaspace] GC(41) Metaspace: 12567K(13120K)->12567K(13120K) NonClass: 11222K(11520K)->11222K(11520K) Class: 1345K(1600K)->1345K(1600K)
[21.405s][info][gc          ] GC(41) Pause Full (System.gc()) 1848M->1848M(6144M) 599.472ms
[22.003s][info][gc,metaspace] GC(42) Metaspace: 12567K(13120K)->12567K(13120K) NonClass: 11222K(11520K)->11222K(11520K) Class: 1345K(1600K)->1345K(1600K)
[22.003s][info][gc          ] GC(42) Pause Full (System.gc()) 1848M->1848M(6144M) 598.488ms
[22.609s][info][gc,metaspace] GC(43) Metaspace: 12567K(13120K)->12567K(13120K) NonClass: 11222K(11520K)->11222K(11520K) Class: 1345K(1600K)->1345K(1600K)
[22.609s][info][gc          ] GC(43) Pause Full (System.gc()) 1848M->1848M(6144M) 605.298ms
[23.201s][info][gc,metaspace] GC(44) Metaspace: 12567K(13120K)->12567K(13120K) NonClass: 11222K(11520K)->11222K(11520K) Class: 1345K(1600K)->1345K(1600K)
[23.201s][info][gc          ] GC(44) Pause Full (System.gc()) 1848M->1848M(6144M) 592.768ms
[23.800s][info][gc,metaspace] GC(45) Metaspace: 12567K(13120K)->12567K(13120K) NonClass: 11222K(11520K)->11222K(11520K) Class: 1345K(1600K)->1345K(1600K)
[23.800s][info][gc          ] GC(45) Pause Full (System.gc()) 1848M->1848M(6144M) 598.134ms
[24.407s][info][gc,metaspace] GC(46) Metaspace: 12567K(13120K)->12567K(13120K) NonClass: 11222K(11520K)->11222K(11520K) Class: 1345K(1600K)->1345K(1600K)
[24.407s][info][gc          ] GC(46) Pause Full (System.gc()) 1848M->1848M(6144M) 606.937ms
[25.002s][info][gc,metaspace] GC(47) Metaspace: 12567K(13120K)->12567K(13120K) NonClass: 11222K(11520K)->11222K(11520K) Class: 1345K(1600K)->1345K(1600K)
[25.002s][info][gc          ] GC(47) Pause Full (System.gc()) 1848M->1848M(6144M) 595.301ms
[25.594s][info][gc,metaspace] GC(48) Metaspace: 12567K(13120K)->12567K(13120K) NonClass: 11222K(11520K)->11222K(11520K) Class: 1345K(1600K)->1345K(1600K)
[25.594s][info][gc          ] GC(48) Pause Full (System.gc()) 1848M->1848M(6144M) 592.345ms
[26.198s][info][gc,metaspace] GC(49) Metaspace: 12567K(13120K)->12567K(13120K) NonClass: 11222K(11520K)->11222K(11520K) Class: 1345K(1600K)->1345K(1600K)
[26.198s][info][gc          ] GC(49) Pause Full (System.gc()) 1848M->1848M(6144M) 603.816ms
[26.807s][info][gc,metaspace] GC(50) Metaspace: 12567K(13120K)->12567K(13120K) NonClass: 11222K(11520K)->11222K(11520K) Class: 1345K(1600K)->1345K(1600K)
[26.807s][info][gc          ] GC(50) Pause Full (System.gc()) 1848M->1848M(6144M) 608.248ms
[27.409s][info][gc,metaspace] GC(51) Metaspace: 12567K(13120K)->12567K(13120K) NonClass: 11222K(11520K)->11222K(11520K) Class: 1345K(1600K)->1345K(1600K)
[27.409s][info][gc          ] GC(51) Pause Full (System.gc()) 1848M->1848M(6144M) 602.099ms
[28.003s][info][gc,metaspace] GC(52) Metaspace: 12567K(13120K)->12567K(13120K) NonClass: 11222K(11520K)->11222K(11520K) Class: 1345K(1600K)->1345K(1600K)
[28.003s][info][gc          ] GC(52) Pause Full (System.gc()) 1848M->1848M(6144M) 594.500ms
[28.607s][info][gc,metaspace] GC(53) Metaspace: 12567K(13120K)->12567K(13120K) NonClass: 11222K(11520K)->11222K(11520K) Class: 1345K(1600K)->1345K(1600K)
[28.607s][info][gc          ] GC(53) Pause Full (System.gc()) 1848M->1848M(6144M) 603.465ms
[29.199s][info][gc,metaspace] GC(54) Metaspace: 12567K(13120K)->12567K(13120K) NonClass: 11222K(11520K)->11222K(11520K) Class: 1345K(1600K)->1345K(1600K)
[29.199s][info][gc          ] GC(54) Pause Full (System.gc()) 1848M->1848M(6144M) 592.000ms
[29.805s][info][gc,metaspace] GC(55) Metaspace: 12567K(13120K)->12567K(13120K) NonClass: 11222K(11520K)->11222K(11520K) Class: 1345K(1600K)->1345K(1600K)
[29.805s][info][gc          ] GC(55) Pause Full (System.gc()) 1848M->1848M(6144M) 605.824ms
[30.407s][info][gc,metaspace] GC(56) Metaspace: 12567K(13120K)->12567K(13120K) NonClass: 11222K(11520K)->11222K(11520K) Class: 1345K(1600K)->1345K(1600K)
[30.407s][info][gc          ] GC(56) Pause Full (System.gc()) 1848M->1848M(6144M) 602.233ms
[31.000s][info][gc,metaspace] GC(57) Metaspace: 12567K(13120K)->12567K(13120K) NonClass: 11222K(11520K)->11222K(11520K) Class: 1345K(1600K)->1345K(1600K)
[31.000s][info][gc          ] GC(57) Pause Full (System.gc()) 1848M->1848M(6144M) 593.246ms
[31.593s][info][gc,metaspace] GC(58) Metaspace: 12567K(13120K)->12567K(13120K) NonClass: 11222K(11520K)->11222K(11520K) Class: 1345K(1600K)->1345K(1600K)
[31.593s][info][gc          ] GC(58) Pause Full (System.gc()) 1848M->1848M(6144M) 592.515ms
[32.190s][info][gc,metaspace] GC(59) Metaspace: 12567K(13120K)->12567K(13120K) NonClass: 11222K(11520K)->11222K(11520K) Class: 1345K(1600K)->1345K(1600K)
[32.190s][info][gc          ] GC(59) Pause Full (System.gc()) 1848M->1848M(6144M) 597.049ms
[32.799s][info][gc,metaspace] GC(60) Metaspace: 12567K(13120K)->12567K(13120K) NonClass: 11222K(11520K)->11222K(11520K) Class: 1345K(1600K)->1345K(1600K)
[32.799s][info][gc          ] GC(60) Pause Full (System.gc()) 1848M->1848M(6144M) 608.742ms
[33.415s][info][gc,metaspace] GC(61) Metaspace: 12567K(13120K)->12567K(13120K) NonClass: 11222K(11520K)->11222K(11520K) Class: 1345K(1600K)->1345K(1600K)
[33.415s][info][gc          ] GC(61) Pause Full (System.gc()) 1848M->1848M(6144M) 615.951ms
[34.008s][info][gc,metaspace] GC(62) Metaspace: 12567K(13120K)->12567K(13120K) NonClass: 11222K(11520K)->11222K(11520K) Class: 1345K(1600K)->1345K(1600K)
[34.008s][info][gc          ] GC(62) Pause Full (System.gc()) 1848M->1848M(6144M) 592.889ms
[34.606s][info][gc,metaspace] GC(63) Metaspace: 12567K(13120K)->12567K(13120K) NonClass: 11222K(11520K)->11222K(11520K) Class: 1345K(1600K)->1345K(1600K)
[34.607s][info][gc          ] GC(63) Pause Full (System.gc()) 1848M->1848M(6144M) 598.505ms
[35.204s][info][gc,metaspace] GC(64) Metaspace: 12567K(13120K)->12567K(13120K) NonClass: 11222K(11520K)->11222K(11520K) Class: 1345K(1600K)->1345K(1600K)
[35.204s][info][gc          ] GC(64) Pause Full (System.gc()) 1848M->1848M(6144M) 597.679ms
[35.804s][info][gc,metaspace] GC(65) Metaspace: 12567K(13120K)->12567K(13120K) NonClass: 11222K(11520K)->11222K(11520K) Class: 1345K(1600K)->1345K(1600K)
[35.804s][info][gc          ] GC(65) Pause Full (System.gc()) 1848M->1848M(6144M) 599.885ms
[36.401s][info][gc,metaspace] GC(66) Metaspace: 12567K(13120K)->12567K(13120K) NonClass: 11222K(11520K)->11222K(11520K) Class: 1345K(1600K)->1345K(1600K)
[36.401s][info][gc          ] GC(66) Pause Full (System.gc()) 1848M->1848M(6144M) 596.773ms
[37.003s][info][gc,metaspace] GC(67) Metaspace: 12567K(13120K)->12567K(13120K) NonClass: 11222K(11520K)->11222K(11520K) Class: 1345K(1600K)->1345K(1600K)
[37.003s][info][gc          ] GC(67) Pause Full (System.gc()) 1848M->1848M(6144M) 601.939ms
[37.608s][info][gc,metaspace] GC(68) Metaspace: 12567K(13120K)->12567K(13120K) NonClass: 11222K(11520K)->11222K(11520K) Class: 1345K(1600K)->1345K(1600K)
[37.608s][info][gc          ] GC(68) Pause Full (System.gc()) 1848M->1848M(6144M) 604.988ms
[38.211s][info][gc,metaspace] GC(69) Metaspace: 12567K(13120K)->12567K(13120K) NonClass: 11222K(11520K)->11222K(11520K) Class: 1345K(1600K)->1345K(1600K)
[38.212s][info][gc          ] GC(69) Pause Full (System.gc()) 1848M->1848M(6144M) 603.294ms
[38.814s][info][gc,metaspace] GC(70) Metaspace: 12567K(13120K)->12567K(13120K) NonClass: 11222K(11520K)->11222K(11520K) Class: 1345K(1600K)->1345K(1600K)
[38.814s][info][gc          ] GC(70) Pause Full (System.gc()) 1848M->1848M(6144M) 602.228ms
[39.411s][info][gc,metaspace] GC(71) Metaspace: 12567K(13120K)->12567K(13120K) NonClass: 11222K(11520K)->11222K(11520K) Class: 1345K(1600K)->1345K(1600K)
[39.411s][info][gc          ] GC(71) Pause Full (System.gc()) 1848M->1848M(6144M) 597.325ms
[40.013s][info][gc,metaspace] GC(72) Metaspace: 12567K(13120K)->12567K(13120K) NonClass: 11222K(11520K)->11222K(11520K) Class: 1345K(1600K)->1345K(1600K)
[40.013s][info][gc          ] GC(72) Pause Full (System.gc()) 1848M->1848M(6144M) 601.686ms
[40.619s][info][gc,metaspace] GC(73) Metaspace: 12567K(13120K)->12567K(13120K) NonClass: 11222K(11520K)->11222K(11520K) Class: 1345K(1600K)->1345K(1600K)
[40.619s][info][gc          ] GC(73) Pause Full (System.gc()) 1848M->1848M(6144M) 606.404ms
[41.215s][info][gc,metaspace] GC(74) Metaspace: 12567K(13120K)->12567K(13120K) NonClass: 11222K(11520K)->11222K(11520K) Class: 1345K(1600K)->1345K(1600K)
[41.215s][info][gc          ] GC(74) Pause Full (System.gc()) 1848M->1848M(6144M) 595.364ms
[41.812s][info][gc,metaspace] GC(75) Metaspace: 12567K(13120K)->12567K(13120K) NonClass: 11222K(11520K)->11222K(11520K) Class: 1345K(1600K)->1345K(1600K)
[41.812s][info][gc          ] GC(75) Pause Full (System.gc()) 1848M->1848M(6144M) 597.514ms
[42.422s][info][gc,metaspace] GC(76) Metaspace: 12567K(13120K)->12567K(13120K) NonClass: 11222K(11520K)->11222K(11520K) Class: 1345K(1600K)->1345K(1600K)
[42.422s][info][gc          ] GC(76) Pause Full (System.gc()) 1848M->1848M(6144M) 604.770ms
After GCs... 
