Done; will start GCs... 
[13.515s][info][gc,metaspace] GC(27) Metaspace: 12586K(13056K)->12586K(13056K) NonClass: 10416K(10624K)->10416K(10624K) Class: 2170K(2432K)->2170K(2432K)
[13.515s][info][gc          ] GC(27) Pause Full (System.gc()) 1644M->1642M(6144M) 580.697ms
[14.117s][info][gc,metaspace] GC(28) Metaspace: 12586K(13056K)->12586K(13056K) NonClass: 10416K(10624K)->10416K(10624K) Class: 2170K(2432K)->2170K(2432K)
[14.118s][info][gc          ] GC(28) Pause Full (System.gc()) 1642M->1642M(6144M) 602.012ms
[14.703s][info][gc,metaspace] GC(29) Metaspace: 12586K(13056K)->12586K(13056K) NonClass: 10416K(10624K)->10416K(10624K) Class: 2170K(2432K)->2170K(2432K)
[14.703s][info][gc          ] GC(29) Pause Full (System.gc()) 1642M->1642M(6144M) 585.785ms
[15.299s][info][gc,metaspace] GC(30) Metaspace: 12586K(13056K)->12586K(13056K) NonClass: 10416K(10624K)->10416K(10624K) Class: 2170K(2432K)->2170K(2432K)
[15.299s][info][gc          ] GC(30) Pause Full (System.gc()) 1642M->1642M(6144M) 591.715ms
[15.894s][info][gc,metaspace] GC(31) Metaspace: 12586K(13056K)->12586K(13056K) NonClass: 10416K(10624K)->10416K(10624K) Class: 2170K(2432K)->2170K(2432K)
[15.894s][info][gc          ] GC(31) Pause Full (System.gc()) 1642M->1642M(6144M) 594.426ms
[16.476s][info][gc,metaspace] GC(32) Metaspace: 12586K(13056K)->12586K(13056K) NonClass: 10416K(10624K)->10416K(10624K) Class: 2170K(2432K)->2170K(2432K)
[16.476s][info][gc          ] GC(32) Pause Full (System.gc()) 1642M->1642M(6144M) 581.752ms
[17.064s][info][gc,metaspace] GC(33) Metaspace: 12586K(13056K)->12586K(13056K) NonClass: 10416K(10624K)->10416K(10624K) Class: 2170K(2432K)->2170K(2432K)
[17.064s][info][gc          ] GC(33) Pause Full (System.gc()) 1642M->1642M(6144M) 587.955ms
[17.659s][info][gc,metaspace] GC(34) Metaspace: 12586K(13056K)->12586K(13056K) NonClass: 10416K(10624K)->10416K(10624K) Class: 2170K(2432K)->2170K(2432K)
[17.660s][info][gc          ] GC(34) Pause Full (System.gc()) 1642M->1642M(6144M) 595.686ms
[18.247s][info][gc,metaspace] GC(35) Metaspace: 12586K(13056K)->12586K(13056K) NonClass: 10416K(10624K)->10416K(10624K) Class: 2170K(2432K)->2170K(2432K)
[18.247s][info][gc          ] GC(35) Pause Full (System.gc()) 1642M->1642M(6144M) 587.349ms
[18.836s][info][gc,metaspace] GC(36) Metaspace: 12586K(13056K)->12586K(13056K) NonClass: 10416K(10624K)->10416K(10624K) Class: 2170K(2432K)->2170K(2432K)
[18.836s][info][gc          ] GC(36) Pause Full (System.gc()) 1642M->1642M(6144M) 588.716ms
[19.427s][info][gc,metaspace] GC(37) Metaspace: 12586K(13056K)->12586K(13056K) NonClass: 10416K(10624K)->10416K(10624K) Class: 2170K(2432K)->2170K(2432K)
[19.427s][info][gc          ] GC(37) Pause Full (System.gc()) 1642M->1642M(6144M) 591.265ms
[20.016s][info][gc,metaspace] GC(38) Metaspace: 12586K(13056K)->12586K(13056K) NonClass: 10416K(10624K)->10416K(10624K) Class: 2170K(2432K)->2170K(2432K)
[20.017s][info][gc          ] GC(38) Pause Full (System.gc()) 1642M->1642M(6144M) 589.402ms
[20.613s][info][gc,metaspace] GC(39) Metaspace: 12586K(13056K)->12586K(13056K) NonClass: 10416K(10624K)->10416K(10624K) Class: 2170K(2432K)->2170K(2432K)
[20.613s][info][gc          ] GC(39) Pause Full (System.gc()) 1642M->1642M(6144M) 596.052ms
[21.210s][info][gc,metaspace] GC(40) Metaspace: 12586K(13056K)->12586K(13056K) NonClass: 10416K(10624K)->10416K(10624K) Class: 2170K(2432K)->2170K(2432K)
[21.210s][info][gc          ] GC(40) Pause Full (System.gc()) 1642M->1642M(6144M) 597.706ms
[21.805s][info][gc,metaspace] GC(41) Metaspace: 12586K(13056K)->12586K(13056K) NonClass: 10416K(10624K)->10416K(10624K) Class: 2170K(2432K)->2170K(2432K)
[21.805s][info][gc          ] GC(41) Pause Full (System.gc()) 1642M->1642M(6144M) 594.224ms
[22.398s][info][gc,metaspace] GC(42) Metaspace: 12586K(13056K)->12586K(13056K) NonClass: 10416K(10624K)->10416K(10624K) Class: 2170K(2432K)->2170K(2432K)
[22.398s][info][gc          ] GC(42) Pause Full (System.gc()) 1642M->1642M(6144M) 592.788ms
[22.989s][info][gc,metaspace] GC(43) Metaspace: 12586K(13056K)->12586K(13056K) NonClass: 10416K(10624K)->10416K(10624K) Class: 2170K(2432K)->2170K(2432K)
[22.989s][info][gc          ] GC(43) Pause Full (System.gc()) 1642M->1642M(6144M) 590.930ms
[23.584s][info][gc,metaspace] GC(44) Metaspace: 12586K(13056K)->12586K(13056K) NonClass: 10416K(10624K)->10416K(10624K) Class: 2170K(2432K)->2170K(2432K)
[23.584s][info][gc          ] GC(44) Pause Full (System.gc()) 1642M->1642M(6144M) 595.709ms
[24.181s][info][gc,metaspace] GC(45) Metaspace: 12586K(13056K)->12586K(13056K) NonClass: 10416K(10624K)->10416K(10624K) Class: 2170K(2432K)->2170K(2432K)
[24.181s][info][gc          ] GC(45) Pause Full (System.gc()) 1642M->1642M(6144M) 596.168ms
[24.780s][info][gc,metaspace] GC(46) Metaspace: 12586K(13056K)->12586K(13056K) NonClass: 10416K(10624K)->10416K(10624K) Class: 2170K(2432K)->2170K(2432K)
[24.780s][info][gc          ] GC(46) Pause Full (System.gc()) 1642M->1642M(6144M) 599.748ms
[25.373s][info][gc,metaspace] GC(47) Metaspace: 12586K(13056K)->12586K(13056K) NonClass: 10416K(10624K)->10416K(10624K) Class: 2170K(2432K)->2170K(2432K)
[25.373s][info][gc          ] GC(47) Pause Full (System.gc()) 1642M->1642M(6144M) 592.450ms
[25.959s][info][gc,metaspace] GC(48) Metaspace: 12586K(13056K)->12586K(13056K) NonClass: 10416K(10624K)->10416K(10624K) Class: 2170K(2432K)->2170K(2432K)
[25.959s][info][gc          ] GC(48) Pause Full (System.gc()) 1642M->1642M(6144M) 585.538ms
[26.547s][info][gc,metaspace] GC(49) Metaspace: 12586K(13056K)->12586K(13056K) NonClass: 10416K(10624K)->10416K(10624K) Class: 2170K(2432K)->2170K(2432K)
[26.547s][info][gc          ] GC(49) Pause Full (System.gc()) 1642M->1642M(6144M) 588.773ms
[27.137s][info][gc,metaspace] GC(50) Metaspace: 12586K(13056K)->12586K(13056K) NonClass: 10416K(10624K)->10416K(10624K) Class: 2170K(2432K)->2170K(2432K)
[27.138s][info][gc          ] GC(50) Pause Full (System.gc()) 1642M->1642M(6144M) 590.067ms
[27.734s][info][gc,metaspace] GC(51) Metaspace: 12586K(13056K)->12586K(13056K) NonClass: 10416K(10624K)->10416K(10624K) Class: 2170K(2432K)->2170K(2432K)
[27.734s][info][gc          ] GC(51) Pause Full (System.gc()) 1642M->1642M(6144M) 596.788ms
[28.325s][info][gc,metaspace] GC(52) Metaspace: 12586K(13056K)->12586K(13056K) NonClass: 10416K(10624K)->10416K(10624K) Class: 2170K(2432K)->2170K(2432K)
[28.325s][info][gc          ] GC(52) Pause Full (System.gc()) 1642M->1642M(6144M) 590.138ms
[28.914s][info][gc,metaspace] GC(53) Metaspace: 12586K(13056K)->12586K(13056K) NonClass: 10416K(10624K)->10416K(10624K) Class: 2170K(2432K)->2170K(2432K)
[28.914s][info][gc          ] GC(53) Pause Full (System.gc()) 1642M->1642M(6144M) 589.336ms
[29.500s][info][gc,metaspace] GC(54) Metaspace: 12586K(13056K)->12586K(13056K) NonClass: 10416K(10624K)->10416K(10624K) Class: 2170K(2432K)->2170K(2432K)
[29.500s][info][gc          ] GC(54) Pause Full (System.gc()) 1642M->1642M(6144M) 585.929ms
[30.093s][info][gc,metaspace] GC(55) Metaspace: 12586K(13056K)->12586K(13056K) NonClass: 10416K(10624K)->10416K(10624K) Class: 2170K(2432K)->2170K(2432K)
[30.093s][info][gc          ] GC(55) Pause Full (System.gc()) 1642M->1642M(6144M) 593.016ms
[30.685s][info][gc,metaspace] GC(56) Metaspace: 12586K(13056K)->12586K(13056K) NonClass: 10416K(10624K)->10416K(10624K) Class: 2170K(2432K)->2170K(2432K)
[30.685s][info][gc          ] GC(56) Pause Full (System.gc()) 1642M->1642M(6144M) 592.063ms
[31.272s][info][gc,metaspace] GC(57) Metaspace: 12586K(13056K)->12586K(13056K) NonClass: 10416K(10624K)->10416K(10624K) Class: 2170K(2432K)->2170K(2432K)
[31.272s][info][gc          ] GC(57) Pause Full (System.gc()) 1642M->1642M(6144M) 586.955ms
[31.862s][info][gc,metaspace] GC(58) Metaspace: 12586K(13056K)->12586K(13056K) NonClass: 10416K(10624K)->10416K(10624K) Class: 2170K(2432K)->2170K(2432K)
[31.862s][info][gc          ] GC(58) Pause Full (System.gc()) 1642M->1642M(6144M) 589.530ms
[32.457s][info][gc,metaspace] GC(59) Metaspace: 12586K(13056K)->12586K(13056K) NonClass: 10416K(10624K)->10416K(10624K) Class: 2170K(2432K)->2170K(2432K)
[32.457s][info][gc          ] GC(59) Pause Full (System.gc()) 1642M->1642M(6144M) 595.364ms
[33.043s][info][gc,metaspace] GC(60) Metaspace: 12586K(13056K)->12586K(13056K) NonClass: 10416K(10624K)->10416K(10624K) Class: 2170K(2432K)->2170K(2432K)
[33.043s][info][gc          ] GC(60) Pause Full (System.gc()) 1642M->1642M(6144M) 585.446ms
[33.629s][info][gc,metaspace] GC(61) Metaspace: 12586K(13056K)->12586K(13056K) NonClass: 10416K(10624K)->10416K(10624K) Class: 2170K(2432K)->2170K(2432K)
[33.629s][info][gc          ] GC(61) Pause Full (System.gc()) 1642M->1642M(6144M) 586.326ms
[34.220s][info][gc,metaspace] GC(62) Metaspace: 12586K(13056K)->12586K(13056K) NonClass: 10416K(10624K)->10416K(10624K) Class: 2170K(2432K)->2170K(2432K)
[34.220s][info][gc          ] GC(62) Pause Full (System.gc()) 1642M->1642M(6144M) 590.433ms
[34.811s][info][gc,metaspace] GC(63) Metaspace: 12586K(13056K)->12586K(13056K) NonClass: 10416K(10624K)->10416K(10624K) Class: 2170K(2432K)->2170K(2432K)
[34.811s][info][gc          ] GC(63) Pause Full (System.gc()) 1642M->1642M(6144M) 591.727ms
[35.402s][info][gc,metaspace] GC(64) Metaspace: 12586K(13056K)->12586K(13056K) NonClass: 10416K(10624K)->10416K(10624K) Class: 2170K(2432K)->2170K(2432K)
[35.402s][info][gc          ] GC(64) Pause Full (System.gc()) 1642M->1642M(6144M) 590.547ms
[35.985s][info][gc,metaspace] GC(65) Metaspace: 12586K(13056K)->12586K(13056K) NonClass: 10416K(10624K)->10416K(10624K) Class: 2170K(2432K)->2170K(2432K)
[35.985s][info][gc          ] GC(65) Pause Full (System.gc()) 1642M->1642M(6144M) 583.065ms
[36.573s][info][gc,metaspace] GC(66) Metaspace: 12586K(13056K)->12586K(13056K) NonClass: 10416K(10624K)->10416K(10624K) Class: 2170K(2432K)->2170K(2432K)
[36.573s][info][gc          ] GC(66) Pause Full (System.gc()) 1642M->1642M(6144M) 587.836ms
[37.159s][info][gc,metaspace] GC(67) Metaspace: 12586K(13056K)->12586K(13056K) NonClass: 10416K(10624K)->10416K(10624K) Class: 2170K(2432K)->2170K(2432K)
[37.159s][info][gc          ] GC(67) Pause Full (System.gc()) 1642M->1642M(6144M) 586.215ms
[37.747s][info][gc,metaspace] GC(68) Metaspace: 12586K(13056K)->12586K(13056K) NonClass: 10416K(10624K)->10416K(10624K) Class: 2170K(2432K)->2170K(2432K)
[37.747s][info][gc          ] GC(68) Pause Full (System.gc()) 1642M->1642M(6144M) 587.174ms
[38.333s][info][gc,metaspace] GC(69) Metaspace: 12586K(13056K)->12586K(13056K) NonClass: 10416K(10624K)->10416K(10624K) Class: 2170K(2432K)->2170K(2432K)
[38.333s][info][gc          ] GC(69) Pause Full (System.gc()) 1642M->1642M(6144M) 585.885ms
[38.926s][info][gc,metaspace] GC(70) Metaspace: 12586K(13056K)->12586K(13056K) NonClass: 10416K(10624K)->10416K(10624K) Class: 2170K(2432K)->2170K(2432K)
[38.926s][info][gc          ] GC(70) Pause Full (System.gc()) 1642M->1642M(6144M) 593.727ms
[39.517s][info][gc,metaspace] GC(71) Metaspace: 12586K(13056K)->12586K(13056K) NonClass: 10416K(10624K)->10416K(10624K) Class: 2170K(2432K)->2170K(2432K)
[39.517s][info][gc          ] GC(71) Pause Full (System.gc()) 1642M->1642M(6144M) 590.525ms
[40.109s][info][gc,metaspace] GC(72) Metaspace: 12586K(13056K)->12586K(13056K) NonClass: 10416K(10624K)->10416K(10624K) Class: 2170K(2432K)->2170K(2432K)
[40.109s][info][gc          ] GC(72) Pause Full (System.gc()) 1642M->1642M(6144M) 591.663ms
[40.695s][info][gc,metaspace] GC(73) Metaspace: 12586K(13056K)->12586K(13056K) NonClass: 10416K(10624K)->10416K(10624K) Class: 2170K(2432K)->2170K(2432K)
[40.695s][info][gc          ] GC(73) Pause Full (System.gc()) 1642M->1642M(6144M) 586.177ms
[41.284s][info][gc,metaspace] GC(74) Metaspace: 12586K(13056K)->12586K(13056K) NonClass: 10416K(10624K)->10416K(10624K) Class: 2170K(2432K)->2170K(2432K)
[41.284s][info][gc          ] GC(74) Pause Full (System.gc()) 1642M->1642M(6144M) 589.483ms
[41.879s][info][gc,metaspace] GC(75) Metaspace: 12586K(13056K)->12586K(13056K) NonClass: 10416K(10624K)->10416K(10624K) Class: 2170K(2432K)->2170K(2432K)
[41.879s][info][gc          ] GC(75) Pause Full (System.gc()) 1642M->1642M(6144M) 594.782ms
[42.465s][info][gc,metaspace] GC(76) Metaspace: 12586K(13056K)->12586K(13056K) NonClass: 10416K(10624K)->10416K(10624K) Class: 2170K(2432K)->2170K(2432K)
[42.465s][info][gc          ] GC(76) Pause Full (System.gc()) 1642M->1642M(6144M) 585.310ms
After GCs... 
