[0.002s][info][metaspace]  - commit_granule_bytes: 65536.
[0.002s][info][metaspace]  - commit_granule_words: 8192.
[0.002s][info][metaspace]  - virtual_space_node_default_size: 8388608.
[0.002s][info][metaspace]  - enlarge_chunks_in_place: 1.
[0.002s][info][metaspace]  - use_allocation_guard: 0.
[0.004s][info][gc       ] Using G1
[0.331s][info][metaspace] Reserving compressed class space anywhere
[0.331s][info][gc,metaspace] CDS archive(s) not mapped
[0.331s][info][gc,metaspace] Compressed class space mapped at: 0x0000000018000000-0x00000000d8000000, reserved size: 3221225472
[0.331s][info][gc,metaspace] UseCompressedClassPointers 1, UseCompactObjectHeaders 0, narrow klass pointer bits 32, max shift 3
[0.331s][info][gc,metaspace] Narrow klass base: 0x0000000000000000, Narrow klass shift: 0, Narrow klass range: 0xd8000000
Random Seed: 12345678
Num Classes: 256
Num Objects: 67108864
Percent IK Objects: 83.0%)
Percent OAK Objects: 5.0%)
Percent TAK Objects: 12.0%)
Cycles: 50
Loading 256 pre-generated classes ...
Materialize pre-generated constructors ...
Creating objects...
[0.570s][info][gc,metaspace] GC(0) Metaspace: 11500K(11840K)->11500K(11840K) NonClass: 10289K(10496K)->10289K(10496K) Class: 1210K(1344K)->1210K(1344K)
[0.570s][info][gc          ] GC(0) Pause Full (System.gc()) 19M->2M(6144M) 9.343ms
[1.045s][info][gc,metaspace] GC(1) Metaspace: 12566K(13120K)->12566K(13120K) NonClass: 11220K(11520K)->11220K(11520K) Class: 1345K(1600K)->1345K(1600K)
[1.045s][info][gc          ] GC(1) Pause Young (Normal) (G1 Evacuation Pause) 566M->298M(6144M) 18.090ms
[1.290s][info][gc,metaspace] GC(2) Metaspace: 12567K(13120K)->12567K(13120K) NonClass: 11222K(11520K)->11222K(11520K) Class: 1345K(1600K)->1345K(1600K)
[1.290s][info][gc          ] GC(2) Pause Young (Normal) (G1 Evacuation Pause) 566M->330M(6144M) 24.419ms
[1.472s][info][gc,metaspace] GC(3) Metaspace: 12567K(13120K)->12567K(13120K) NonClass: 11222K(11520K)->11222K(11520K) Class: 1345K(1600K)->1345K(1600K)
[1.472s][info][gc          ] GC(3) Pause Young (Normal) (G1 Evacuation Pause) 602M->361M(6144M) 23.278ms
[1.645s][info][gc,metaspace] GC(4) Metaspace: 12567K(13120K)->12567K(13120K) NonClass: 11222K(11520K)->11222K(11520K) Class: 1345K(1600K)->1345K(1600K)
[1.645s][info][gc          ] GC(4) Pause Young (Normal) (G1 Evacuation Pause) 633M->390M(6144M) 21.986ms
[1.820s][info][gc,metaspace] GC(5) Metaspace: 12567K(13120K)->12567K(13120K) NonClass: 11222K(11520K)->11222K(11520K) Class: 1345K(1600K)->1345K(1600K)
[1.820s][info][gc          ] GC(5) Pause Young (Normal) (G1 Evacuation Pause) 662M->422M(6144M) 23.299ms
[1.994s][info][gc,metaspace] GC(6) Metaspace: 12567K(13120K)->12567K(13120K) NonClass: 11222K(11520K)->11222K(11520K) Class: 1345K(1600K)->1345K(1600K)
[1.994s][info][gc          ] GC(6) Pause Young (Normal) (G1 Evacuation Pause) 694M->453M(6144M) 22.189ms
[2.169s][info][gc,metaspace] GC(7) Metaspace: 12567K(13120K)->12567K(13120K) NonClass: 11222K(11520K)->11222K(11520K) Class: 1345K(1600K)->1345K(1600K)
[2.169s][info][gc          ] GC(7) Pause Young (Normal) (G1 Evacuation Pause) 725M->485M(6144M) 22.242ms
[2.341s][info][gc,metaspace] GC(8) Metaspace: 12567K(13120K)->12567K(13120K) NonClass: 11222K(11520K)->11222K(11520K) Class: 1345K(1600K)->1345K(1600K)
[2.341s][info][gc          ] GC(8) Pause Young (Normal) (G1 Evacuation Pause) 757M->518M(6144M) 21.598ms
[2.623s][info][gc,metaspace] GC(9) Metaspace: 12567K(13120K)->12567K(13120K) NonClass: 11222K(11520K)->11222K(11520K) Class: 1345K(1600K)->1345K(1600K)
[2.623s][info][gc          ] GC(9) Pause Young (Normal) (G1 Evacuation Pause) 926M->561M(6144M) 27.981ms
[2.824s][info][gc,metaspace] GC(10) Metaspace: 12567K(13120K)->12567K(13120K) NonClass: 11222K(11520K)->11222K(11520K) Class: 1345K(1600K)->1345K(1600K)
[2.824s][info][gc          ] GC(10) Pause Young (Normal) (G1 Evacuation Pause) 917M->596M(6144M) 25.717ms
[3.093s][info][gc,metaspace] GC(11) Metaspace: 12567K(13120K)->12567K(13120K) NonClass: 11222K(11520K)->11222K(11520K) Class: 1345K(1600K)->1345K(1600K)
[3.093s][info][gc          ] GC(11) Pause Young (Normal) (G1 Evacuation Pause) 1064M->646M(6144M) 31.061ms
[3.376s][info][gc,metaspace] GC(12) Metaspace: 12567K(13120K)->12567K(13120K) NonClass: 11222K(11520K)->11222K(11520K) Class: 1345K(1600K)->1345K(1600K)
[3.377s][info][gc          ] GC(12) Pause Young (Normal) (G1 Evacuation Pause) 1138M->698M(6144M) 34.178ms
[3.698s][info][gc,metaspace] GC(13) Metaspace: 12567K(13120K)->12567K(13120K) NonClass: 11222K(11520K)->11222K(11520K) Class: 1345K(1600K)->1345K(1600K)
[3.698s][info][gc          ] GC(13) Pause Young (Normal) (G1 Evacuation Pause) 1262M->756M(6144M) 37.317ms
[4.058s][info][gc,metaspace] GC(14) Metaspace: 12567K(13120K)->12567K(13120K) NonClass: 11222K(11520K)->11222K(11520K) Class: 1345K(1600K)->1345K(1600K)
[4.059s][info][gc          ] GC(14) Pause Young (Normal) (G1 Evacuation Pause) 1388M->819M(6144M) 41.444ms
[4.470s][info][gc,metaspace] GC(15) Metaspace: 12567K(13120K)->12567K(13120K) NonClass: 11222K(11520K)->11222K(11520K) Class: 1345K(1600K)->1345K(1600K)
[4.470s][info][gc          ] GC(15) Pause Young (Normal) (G1 Evacuation Pause) 1531M->892M(6144M) 54.358ms
[4.919s][info][gc,metaspace] GC(16) Metaspace: 12567K(13120K)->12567K(13120K) NonClass: 11222K(11520K)->11222K(11520K) Class: 1345K(1600K)->1345K(1600K)
[4.919s][info][gc          ] GC(16) Pause Young (Normal) (G1 Evacuation Pause) 1676M->974M(6144M) 56.314ms
[5.420s][info][gc,metaspace] GC(17) Metaspace: 12567K(13120K)->12567K(13120K) NonClass: 11222K(11520K)->11222K(11520K) Class: 1345K(1600K)->1345K(1600K)
[5.420s][info][gc          ] GC(17) Pause Young (Normal) (G1 Evacuation Pause) 1842M->1062M(6144M) 67.757ms
[5.959s][info][gc,metaspace] GC(18) Metaspace: 12567K(13120K)->12567K(13120K) NonClass: 11222K(11520K)->11222K(11520K) Class: 1345K(1600K)->1345K(1600K)
[5.959s][info][gc          ] GC(18) Pause Young (Normal) (G1 Evacuation Pause) 2006M->1160M(6144M) 67.823ms
[6.549s][info][gc,metaspace] GC(19) Metaspace: 12567K(13120K)->12567K(13120K) NonClass: 11222K(11520K)->11222K(11520K) Class: 1345K(1600K)->1345K(1600K)
[6.549s][info][gc          ] GC(19) Pause Young (Normal) (G1 Evacuation Pause) 2188M->1262M(6144M) 81.093ms
[7.194s][info][gc,metaspace] GC(20) Metaspace: 12567K(13120K)->12567K(13120K) NonClass: 11222K(11520K)->11222K(11520K) Class: 1345K(1600K)->1345K(1600K)
[7.194s][info][gc          ] GC(20) Pause Young (Normal) (G1 Evacuation Pause) 2378M->1376M(6144M) 87.320ms
[7.919s][info][gc,metaspace] GC(21) Metaspace: 12567K(13120K)->12567K(13120K) NonClass: 11222K(11520K)->11222K(11520K) Class: 1345K(1600K)->1345K(1600K)
[7.919s][info][gc          ] GC(21) Pause Young (Normal) (G1 Evacuation Pause) 2560M->1486M(6144M) 84.110ms
[8.693s][info][gc,metaspace] GC(22) Metaspace: 12567K(13120K)->12567K(13120K) NonClass: 11222K(11520K)->11222K(11520K) Class: 1345K(1600K)->1345K(1600K)
[8.694s][info][gc          ] GC(22) Pause Young (Normal) (G1 Evacuation Pause) 2774M->1614M(6144M) 86.678ms
[9.485s][info][gc,metaspace] GC(23) Metaspace: 12567K(13120K)->12567K(13120K) NonClass: 11222K(11520K)->11222K(11520K) Class: 1345K(1600K)->1345K(1600K)
[9.485s][info][gc          ] GC(23) Pause Young (Normal) (G1 Evacuation Pause) 2986M->1746M(6144M) 108.930ms
[10.349s][info][gc,metaspace] GC(24) Metaspace: 12567K(13120K)->12567K(13120K) NonClass: 11222K(11520K)->11222K(11520K) Class: 1345K(1600K)->1345K(1600K)
[10.349s][info][gc          ] GC(24) Pause Young (Normal) (G1 Evacuation Pause) 3178M->1888M(6144M) 99.859ms
67108864 Objects created
 - IK: 55699211 (82.99829%)
 - OAK: 3355627 (5.0002737%)
 - TAK: 8054026 (12.001434%)
Preparatory GC...
[11.481s][info][gc,metaspace] GC(25) Metaspace: 12567K(13120K)->12567K(13120K) NonClass: 11222K(11520K)->11222K(11520K) Class: 1345K(1600K)->1345K(1600K)
[11.481s][info][gc          ] GC(25) Pause Full (System.gc()) 2764M->1848M(6144M) 699.403ms
[12.155s][info][gc,metaspace] GC(26) Metaspace: 12567K(13120K)->12567K(13120K) NonClass: 11222K(11520K)->11222K(11520K) Class: 1345K(1600K)->1345K(1600K)
[12.155s][info][gc          ] GC(26) Pause Full (System.gc()) 1848M->1848M(6144M) 674.150ms
Done; will start GCs... 
[12.823s][info][gc,metaspace] GC(27) Metaspace: 12567K(13120K)->12567K(13120K) NonClass: 11222K(11520K)->11222K(11520K) Class: 1345K(1600K)->1345K(1600K)
[12.823s][info][gc          ] GC(27) Pause Full (System.gc()) 1850M->1848M(6144M) 667.775ms
[13.488s][info][gc,metaspace] GC(28) Metaspace: 12567K(13120K)->12567K(13120K) NonClass: 11222K(11520K)->11222K(11520K) Class: 1345K(1600K)->1345K(1600K)
[13.488s][info][gc          ] GC(28) Pause Full (System.gc()) 1848M->1848M(6144M) 664.661ms
[14.146s][info][gc,metaspace] GC(29) Metaspace: 12567K(13120K)->12567K(13120K) NonClass: 11222K(11520K)->11222K(11520K) Class: 1345K(1600K)->1345K(1600K)
[14.146s][info][gc          ] GC(29) Pause Full (System.gc()) 1848M->1848M(6144M) 657.927ms
[14.802s][info][gc,metaspace] GC(30) Metaspace: 12567K(13120K)->12567K(13120K) NonClass: 11222K(11520K)->11222K(11520K) Class: 1345K(1600K)->1345K(1600K)
[14.802s][info][gc          ] GC(30) Pause Full (System.gc()) 1848M->1848M(6144M) 655.525ms
[15.398s][info][gc,metaspace] GC(31) Metaspace: 12567K(13120K)->12567K(13120K) NonClass: 11222K(11520K)->11222K(11520K) Class: 1345K(1600K)->1345K(1600K)
[15.398s][info][gc          ] GC(31) Pause Full (System.gc()) 1848M->1848M(6144M) 596.187ms
[15.995s][info][gc,metaspace] GC(32) Metaspace: 12567K(13120K)->12567K(13120K) NonClass: 11222K(11520K)->11222K(11520K) Class: 1345K(1600K)->1345K(1600K)
[15.996s][info][gc          ] GC(32) Pause Full (System.gc()) 1848M->1848M(6144M) 597.613ms
[16.606s][info][gc,metaspace] GC(33) Metaspace: 12567K(13120K)->12567K(13120K) NonClass: 11222K(11520K)->11222K(11520K) Class: 1345K(1600K)->1345K(1600K)
[16.606s][info][gc          ] GC(33) Pause Full (System.gc()) 1848M->1848M(6144M) 610.055ms
[17.198s][info][gc,metaspace] GC(34) Metaspace: 12567K(13120K)->12567K(13120K) NonClass: 11222K(11520K)->11222K(11520K) Class: 1345K(1600K)->1345K(1600K)
[17.199s][info][gc          ] GC(34) Pause Full (System.gc()) 1848M->1848M(6144M) 592.788ms
[17.801s][info][gc,metaspace] GC(35) Metaspace: 12567K(13120K)->12567K(13120K) NonClass: 11222K(11520K)->11222K(11520K) Class: 1345K(1600K)->1345K(1600K)
[17.801s][info][gc          ] GC(35) Pause Full (System.gc()) 1848M->1848M(6144M) 602.888ms
[18.401s][info][gc,metaspace] GC(36) Metaspace: 12567K(13120K)->12567K(13120K) NonClass: 11222K(11520K)->11222K(11520K) Class: 1345K(1600K)->1345K(1600K)
[18.401s][info][gc          ] GC(36) Pause Full (System.gc()) 1848M->1848M(6144M) 599.823ms
[18.994s][info][gc,metaspace] GC(37) Metaspace: 12567K(13120K)->12567K(13120K) NonClass: 11222K(11520K)->11222K(11520K) Class: 1345K(1600K)->1345K(1600K)
[18.994s][info][gc          ] GC(37) Pause Full (System.gc()) 1848M->1848M(6144M) 592.270ms
[19.589s][info][gc,metaspace] GC(38) Metaspace: 12567K(13120K)->12567K(13120K) NonClass: 11222K(11520K)->11222K(11520K) Class: 1345K(1600K)->1345K(1600K)
[19.589s][info][gc          ] GC(38) Pause Full (System.gc()) 1848M->1848M(6144M) 595.302ms
[20.210s][info][gc,metaspace] GC(39) Metaspace: 12567K(13120K)->12567K(13120K) NonClass: 11222K(11520K)->11222K(11520K) Class: 1345K(1600K)->1345K(1600K)
[20.210s][info][gc          ] GC(39) Pause Full (System.gc()) 1848M->1848M(6144M) 620.777ms
[20.805s][info][gc,metaspace] GC(40) Metaspace: 12567K(13120K)->12567K(13120K) NonClass: 11222K(11520K)->11222K(11520K) Class: 1345K(1600K)->1345K(1600K)
[20.805s][info][gc          ] GC(40) Pause Full (System.gc()) 1848M->1848M(6144M) 595.171ms
[21.405s][info][gc,metaspace] GC(41) Metaspace: 12567K(13120K)->12567K(13120K) NonClass: 11222K(11520K)->11222K(11520K) Class: 1345K(1600K)->1345K(1600K)
[21.405s][info][gc          ] GC(41) Pause Full (System.gc()) 1848M->1848M(6144M) 599.472ms
[22.003s][info][gc,metaspace] GC(42) Metaspace: 12567K(13120K)->12567K(13120K) NonClass: 11222K(11520K)->11222K(11520K) Class: 1345K(1600K)->1345K(1600K)
[22.003s][info][gc          ] GC(42) Pause Full (System.gc()) 1848M->1848M(6144M) 598.488ms
[22.609s][info][gc,metaspace] GC(43) Metaspace: 12567K(13120K)->12567K(13120K) NonClass: 11222K(11520K)->11222K(11520K) Class: 1345K(1600K)->1345K(1600K)
[22.609s][info][gc          ] GC(43) Pause Full (System.gc()) 1848M->1848M(6144M) 605.298ms
[23.201s][info][gc,metaspace] GC(44) Metaspace: 12567K(13120K)->12567K(13120K) NonClass: 11222K(11520K)->11222K(11520K) Class: 1345K(1600K)->1345K(1600K)
[23.201s][info][gc          ] GC(44) Pause Full (System.gc()) 1848M->1848M(6144M) 592.768ms
[23.800s][info][gc,metaspace] GC(45) Metaspace: 12567K(13120K)->12567K(13120K) NonClass: 11222K(11520K)->11222K(11520K) Class: 1345K(1600K)->1345K(1600K)
[23.800s][info][gc          ] GC(45) Pause Full (System.gc()) 1848M->1848M(6144M) 598.134ms
[24.407s][info][gc,metaspace] GC(46) Metaspace: 12567K(13120K)->12567K(13120K) NonClass: 11222K(11520K)->11222K(11520K) Class: 1345K(1600K)->1345K(1600K)
[24.407s][info][gc          ] GC(46) Pause Full (System.gc()) 1848M->1848M(6144M) 606.937ms
[25.002s][info][gc,metaspace] GC(47) Metaspace: 12567K(13120K)->12567K(13120K) NonClass: 11222K(11520K)->11222K(11520K) Class: 1345K(1600K)->1345K(1600K)
[25.002s][info][gc          ] GC(47) Pause Full (System.gc()) 1848M->1848M(6144M) 595.301ms
[25.594s][info][gc,metaspace] GC(48) Metaspace: 12567K(13120K)->12567K(13120K) NonClass: 11222K(11520K)->11222K(11520K) Class: 1345K(1600K)->1345K(1600K)
[25.594s][info][gc          ] GC(48) Pause Full (System.gc()) 1848M->1848M(6144M) 592.345ms
[26.198s][info][gc,metaspace] GC(49) Metaspace: 12567K(13120K)->12567K(13120K) NonClass: 11222K(11520K)->11222K(11520K) Class: 1345K(1600K)->1345K(1600K)
[26.198s][info][gc          ] GC(49) Pause Full (System.gc()) 1848M->1848M(6144M) 603.816ms
[26.807s][info][gc,metaspace] GC(50) Metaspace: 12567K(13120K)->12567K(13120K) NonClass: 11222K(11520K)->11222K(11520K) Class: 1345K(1600K)->1345K(1600K)
[26.807s][info][gc          ] GC(50) Pause Full (System.gc()) 1848M->1848M(6144M) 608.248ms
[27.409s][info][gc,metaspace] GC(51) Metaspace: 12567K(13120K)->12567K(13120K) NonClass: 11222K(11520K)->11222K(11520K) Class: 1345K(1600K)->1345K(1600K)
[27.409s][info][gc          ] GC(51) Pause Full (System.gc()) 1848M->1848M(6144M) 602.099ms
[28.003s][info][gc,metaspace] GC(52) Metaspace: 12567K(13120K)->12567K(13120K) NonClass: 11222K(11520K)->11222K(11520K) Class: 1345K(1600K)->1345K(1600K)
[28.003s][info][gc          ] GC(52) Pause Full (System.gc()) 1848M->1848M(6144M) 594.500ms
[28.607s][info][gc,metaspace] GC(53) Metaspace: 12567K(13120K)->12567K(13120K) NonClass: 11222K(11520K)->11222K(11520K) Class: 1345K(1600K)->1345K(1600K)
[28.607s][info][gc          ] GC(53) Pause Full (System.gc()) 1848M->1848M(6144M) 603.465ms
[29.199s][info][gc,metaspace] GC(54) Metaspace: 12567K(13120K)->12567K(13120K) NonClass: 11222K(11520K)->11222K(11520K) Class: 1345K(1600K)->1345K(1600K)
[29.199s][info][gc          ] GC(54) Pause Full (System.gc()) 1848M->1848M(6144M) 592.000ms
[29.805s][info][gc,metaspace] GC(55) Metaspace: 12567K(13120K)->12567K(13120K) NonClass: 11222K(11520K)->11222K(11520K) Class: 1345K(1600K)->1345K(1600K)
[29.805s][info][gc          ] GC(55) Pause Full (System.gc()) 1848M->1848M(6144M) 605.824ms
[30.407s][info][gc,metaspace] GC(56) Metaspace: 12567K(13120K)->12567K(13120K) NonClass: 11222K(11520K)->11222K(11520K) Class: 1345K(1600K)->1345K(1600K)
[30.407s][info][gc          ] GC(56) Pause Full (System.gc()) 1848M->1848M(6144M) 602.233ms
[31.000s][info][gc,metaspace] GC(57) Metaspace: 12567K(13120K)->12567K(13120K) NonClass: 11222K(11520K)->11222K(11520K) Class: 1345K(1600K)->1345K(1600K)
[31.000s][info][gc          ] GC(57) Pause Full (System.gc()) 1848M->1848M(6144M) 593.246ms
[31.593s][info][gc,metaspace] GC(58) Metaspace: 12567K(13120K)->12567K(13120K) NonClass: 11222K(11520K)->11222K(11520K) Class: 1345K(1600K)->1345K(1600K)
[31.593s][info][gc          ] GC(58) Pause Full (System.gc()) 1848M->1848M(6144M) 592.515ms
[32.190s][info][gc,metaspace] GC(59) Metaspace: 12567K(13120K)->12567K(13120K) NonClass: 11222K(11520K)->11222K(11520K) Class: 1345K(1600K)->1345K(1600K)
[32.190s][info][gc          ] GC(59) Pause Full (System.gc()) 1848M->1848M(6144M) 597.049ms
[32.799s][info][gc,metaspace] GC(60) Metaspace: 12567K(13120K)->12567K(13120K) NonClass: 11222K(11520K)->11222K(11520K) Class: 1345K(1600K)->1345K(1600K)
[32.799s][info][gc          ] GC(60) Pause Full (System.gc()) 1848M->1848M(6144M) 608.742ms
[33.415s][info][gc,metaspace] GC(61) Metaspace: 12567K(13120K)->12567K(13120K) NonClass: 11222K(11520K)->11222K(11520K) Class: 1345K(1600K)->1345K(1600K)
[33.415s][info][gc          ] GC(61) Pause Full (System.gc()) 1848M->1848M(6144M) 615.951ms
[34.008s][info][gc,metaspace] GC(62) Metaspace: 12567K(13120K)->12567K(13120K) NonClass: 11222K(11520K)->11222K(11520K) Class: 1345K(1600K)->1345K(1600K)
[34.008s][info][gc          ] GC(62) Pause Full (System.gc()) 1848M->1848M(6144M) 592.889ms
[34.606s][info][gc,metaspace] GC(63) Metaspace: 12567K(13120K)->12567K(13120K) NonClass: 11222K(11520K)->11222K(11520K) Class: 1345K(1600K)->1345K(1600K)
[34.607s][info][gc          ] GC(63) Pause Full (System.gc()) 1848M->1848M(6144M) 598.505ms
[35.204s][info][gc,metaspace] GC(64) Metaspace: 12567K(13120K)->12567K(13120K) NonClass: 11222K(11520K)->11222K(11520K) Class: 1345K(1600K)->1345K(1600K)
[35.204s][info][gc          ] GC(64) Pause Full (System.gc()) 1848M->1848M(6144M) 597.679ms
[35.804s][info][gc,metaspace] GC(65) Metaspace: 12567K(13120K)->12567K(13120K) NonClass: 11222K(11520K)->11222K(11520K) Class: 1345K(1600K)->1345K(1600K)
[35.804s][info][gc          ] GC(65) Pause Full (System.gc()) 1848M->1848M(6144M) 599.885ms
[36.401s][info][gc,metaspace] GC(66) Metaspace: 12567K(13120K)->12567K(13120K) NonClass: 11222K(11520K)->11222K(11520K) Class: 1345K(1600K)->1345K(1600K)
[36.401s][info][gc          ] GC(66) Pause Full (System.gc()) 1848M->1848M(6144M) 596.773ms
[37.003s][info][gc,metaspace] GC(67) Metaspace: 12567K(13120K)->12567K(13120K) NonClass: 11222K(11520K)->11222K(11520K) Class: 1345K(1600K)->1345K(1600K)
[37.003s][info][gc          ] GC(67) Pause Full (System.gc()) 1848M->1848M(6144M) 601.939ms
[37.608s][info][gc,metaspace] GC(68) Metaspace: 12567K(13120K)->12567K(13120K) NonClass: 11222K(11520K)->11222K(11520K) Class: 1345K(1600K)->1345K(1600K)
[37.608s][info][gc          ] GC(68) Pause Full (System.gc()) 1848M->1848M(6144M) 604.988ms
[38.211s][info][gc,metaspace] GC(69) Metaspace: 12567K(13120K)->12567K(13120K) NonClass: 11222K(11520K)->11222K(11520K) Class: 1345K(1600K)->1345K(1600K)
[38.212s][info][gc          ] GC(69) Pause Full (System.gc()) 1848M->1848M(6144M) 603.294ms
[38.814s][info][gc,metaspace] GC(70) Metaspace: 12567K(13120K)->12567K(13120K) NonClass: 11222K(11520K)->11222K(11520K) Class: 1345K(1600K)->1345K(1600K)
[38.814s][info][gc          ] GC(70) Pause Full (System.gc()) 1848M->1848M(6144M) 602.228ms
[39.411s][info][gc,metaspace] GC(71) Metaspace: 12567K(13120K)->12567K(13120K) NonClass: 11222K(11520K)->11222K(11520K) Class: 1345K(1600K)->1345K(1600K)
[39.411s][info][gc          ] GC(71) Pause Full (System.gc()) 1848M->1848M(6144M) 597.325ms
[40.013s][info][gc,metaspace] GC(72) Metaspace: 12567K(13120K)->12567K(13120K) NonClass: 11222K(11520K)->11222K(11520K) Class: 1345K(1600K)->1345K(1600K)
[40.013s][info][gc          ] GC(72) Pause Full (System.gc()) 1848M->1848M(6144M) 601.686ms
[40.619s][info][gc,metaspace] GC(73) Metaspace: 12567K(13120K)->12567K(13120K) NonClass: 11222K(11520K)->11222K(11520K) Class: 1345K(1600K)->1345K(1600K)
[40.619s][info][gc          ] GC(73) Pause Full (System.gc()) 1848M->1848M(6144M) 606.404ms
[41.215s][info][gc,metaspace] GC(74) Metaspace: 12567K(13120K)->12567K(13120K) NonClass: 11222K(11520K)->11222K(11520K) Class: 1345K(1600K)->1345K(1600K)
[41.215s][info][gc          ] GC(74) Pause Full (System.gc()) 1848M->1848M(6144M) 595.364ms
[41.812s][info][gc,metaspace] GC(75) Metaspace: 12567K(13120K)->12567K(13120K) NonClass: 11222K(11520K)->11222K(11520K) Class: 1345K(1600K)->1345K(1600K)
[41.812s][info][gc          ] GC(75) Pause Full (System.gc()) 1848M->1848M(6144M) 597.514ms
[42.422s][info][gc,metaspace] GC(76) Metaspace: 12567K(13120K)->12567K(13120K) NonClass: 11222K(11520K)->11222K(11520K) Class: 1345K(1600K)->1345K(1600K)
[42.422s][info][gc          ] GC(76) Pause Full (System.gc()) 1848M->1848M(6144M) 604.770ms
After GCs... 
