[0.001s][info][metaspace]  - commit_granule_bytes: 65536.
[0.001s][info][metaspace]  - commit_granule_words: 8192.
[0.001s][info][metaspace]  - virtual_space_node_default_size: 8388608.
[0.001s][info][metaspace]  - enlarge_chunks_in_place: 1.
[0.001s][info][metaspace]  - use_allocation_guard: 0.
[0.005s][info][gc       ] Using Serial
[1.792s][info][metaspace] Reserving compressed class space anywhere
[1.797s][info][gc,metaspace] CDS archive(s) not mapped
[1.797s][info][gc,metaspace] Compressed class space mapped at: 0x0000000028000000-0x00000000e8000000, reserved size: 3221225472
[1.797s][info][gc,metaspace] UseCompressedClassPointers 1, UseCompactObjectHeaders 1, narrow klass pointer bits 22, max shift 10
[1.797s][info][gc,metaspace] Narrow klass base: 0x0000000028000000, Narrow klass shift: 10, Narrow klass range: 0xc0000000
Num Classes: 16
Num Objects per Class: 4194304
Cycles: 100
Class association: random
Generate 16 classes...
Loading 16...[2.449s][info][gc,metaspace] GC(0) Metaspace: 21316K(21632K)->21316K(21632K) NonClass: 17582K(17792K)->17582K(17792K) Class: 3733K(3840K)->3733K(3840K)
[2.449s][info][gc          ] GC(0) Pause Full (System.gc()) 229M->2M(5939M) 25.642ms
Creating 4194304 objects per class...
Done; will start GCs... 
[7.859s][info][gc,metaspace] GC(1) Metaspace: 21370K(21760K)->21370K(21760K) NonClass: 17628K(17856K)->17628K(17856K) Class: 3741K(3904K)->3741K(3904K)
[7.859s][info][gc          ] GC(1) Pause Full (System.gc()) 881M->770M(5939M) 3297.872ms
[9.690s][info][gc,metaspace] GC(2) Metaspace: 21370K(21760K)->21370K(21760K) NonClass: 17628K(17856K)->17628K(17856K) Class: 3741K(3904K)->3741K(3904K)
[9.690s][info][gc          ] GC(2) Pause Full (System.gc()) 770M->770M(5939M) 1831.276ms
[12.186s][info][gc,metaspace] GC(3) Metaspace: 21370K(21760K)->21370K(21760K) NonClass: 17628K(17856K)->17628K(17856K) Class: 3741K(3904K)->3741K(3904K)
[12.186s][info][gc          ] GC(3) Pause Full (System.gc()) 770M->770M(5939M) 2496.141ms
[14.026s][info][gc,metaspace] GC(4) Metaspace: 21370K(21760K)->21370K(21760K) NonClass: 17628K(17856K)->17628K(17856K) Class: 3741K(3904K)->3741K(3904K)
[14.026s][info][gc          ] GC(4) Pause Full (System.gc()) 770M->770M(5939M) 1839.701ms
[15.862s][info][gc,metaspace] GC(5) Metaspace: 21370K(21760K)->21370K(21760K) NonClass: 17628K(17856K)->17628K(17856K) Class: 3741K(3904K)->3741K(3904K)
[15.862s][info][gc          ] GC(5) Pause Full (System.gc()) 770M->770M(5939M) 1835.731ms
[17.700s][info][gc,metaspace] GC(6) Metaspace: 21370K(21760K)->21370K(21760K) NonClass: 17628K(17856K)->17628K(17856K) Class: 3741K(3904K)->3741K(3904K)
[17.700s][info][gc          ] GC(6) Pause Full (System.gc()) 770M->770M(5939M) 1837.218ms
[19.535s][info][gc,metaspace] GC(7) Metaspace: 21370K(21760K)->21370K(21760K) NonClass: 17628K(17856K)->17628K(17856K) Class: 3741K(3904K)->3741K(3904K)
[19.535s][info][gc          ] GC(7) Pause Full (System.gc()) 770M->770M(5939M) 1835.121ms
[21.322s][info][gc,metaspace] GC(8) Metaspace: 21370K(21760K)->21370K(21760K) NonClass: 17628K(17856K)->17628K(17856K) Class: 3741K(3904K)->3741K(3904K)
[21.322s][info][gc          ] GC(8) Pause Full (System.gc()) 770M->770M(5939M) 1787.403ms
[23.157s][info][gc,metaspace] GC(9) Metaspace: 21370K(21760K)->21370K(21760K) NonClass: 17628K(17856K)->17628K(17856K) Class: 3741K(3904K)->3741K(3904K)
[23.157s][info][gc          ] GC(9) Pause Full (System.gc()) 770M->770M(5939M) 1834.147ms
[24.996s][info][gc,metaspace] GC(10) Metaspace: 21370K(21760K)->21370K(21760K) NonClass: 17628K(17856K)->17628K(17856K) Class: 3741K(3904K)->3741K(3904K)
[24.996s][info][gc          ] GC(10) Pause Full (System.gc()) 770M->770M(5939M) 1839.120ms
[26.826s][info][gc,metaspace] GC(11) Metaspace: 21370K(21760K)->21370K(21760K) NonClass: 17628K(17856K)->17628K(17856K) Class: 3741K(3904K)->3741K(3904K)
[26.826s][info][gc          ] GC(11) Pause Full (System.gc()) 770M->770M(5939M) 1829.710ms
[28.660s][info][gc,metaspace] GC(12) Metaspace: 21370K(21760K)->21370K(21760K) NonClass: 17628K(17856K)->17628K(17856K) Class: 3741K(3904K)->3741K(3904K)
[28.661s][info][gc          ] GC(12) Pause Full (System.gc()) 770M->770M(5939M) 1834.791ms
[30.498s][info][gc,metaspace] GC(13) Metaspace: 21370K(21760K)->21370K(21760K) NonClass: 17628K(17856K)->17628K(17856K) Class: 3741K(3904K)->3741K(3904K)
[30.498s][info][gc          ] GC(13) Pause Full (System.gc()) 770M->770M(5939M) 1837.128ms
[32.279s][info][gc,metaspace] GC(14) Metaspace: 21370K(21760K)->21370K(21760K) NonClass: 17628K(17856K)->17628K(17856K) Class: 3741K(3904K)->3741K(3904K)
[32.279s][info][gc          ] GC(14) Pause Full (System.gc()) 770M->770M(5939M) 1781.267ms
[34.117s][info][gc,metaspace] GC(15) Metaspace: 21370K(21760K)->21370K(21760K) NonClass: 17628K(17856K)->17628K(17856K) Class: 3741K(3904K)->3741K(3904K)
[34.118s][info][gc          ] GC(15) Pause Full (System.gc()) 770M->770M(5939M) 1838.307ms
[35.951s][info][gc,metaspace] GC(16) Metaspace: 21370K(21760K)->21370K(21760K) NonClass: 17628K(17856K)->17628K(17856K) Class: 3741K(3904K)->3741K(3904K)
[35.951s][info][gc          ] GC(16) Pause Full (System.gc()) 770M->770M(5939M) 1833.896ms
[37.789s][info][gc,metaspace] GC(17) Metaspace: 21370K(21760K)->21370K(21760K) NonClass: 17628K(17856K)->17628K(17856K) Class: 3741K(3904K)->3741K(3904K)
[37.789s][info][gc          ] GC(17) Pause Full (System.gc()) 770M->770M(5939M) 1837.543ms
[39.625s][info][gc,metaspace] GC(18) Metaspace: 21370K(21760K)->21370K(21760K) NonClass: 17628K(17856K)->17628K(17856K) Class: 3741K(3904K)->3741K(3904K)
[39.625s][info][gc          ] GC(18) Pause Full (System.gc()) 770M->770M(5939M) 1835.633ms
[41.410s][info][gc,metaspace] GC(19) Metaspace: 21370K(21760K)->21370K(21760K) NonClass: 17628K(17856K)->17628K(17856K) Class: 3741K(3904K)->3741K(3904K)
[41.410s][info][gc          ] GC(19) Pause Full (System.gc()) 770M->770M(5939M) 1785.190ms
[43.249s][info][gc,metaspace] GC(20) Metaspace: 21370K(21760K)->21370K(21760K) NonClass: 17628K(17856K)->17628K(17856K) Class: 3741K(3904K)->3741K(3904K)
[43.249s][info][gc          ] GC(20) Pause Full (System.gc()) 770M->770M(5939M) 1838.762ms
[45.087s][info][gc,metaspace] GC(21) Metaspace: 21370K(21760K)->21370K(21760K) NonClass: 17628K(17856K)->17628K(17856K) Class: 3741K(3904K)->3741K(3904K)
[45.087s][info][gc          ] GC(21) Pause Full (System.gc()) 770M->770M(5939M) 1837.919ms
[46.923s][info][gc,metaspace] GC(22) Metaspace: 21370K(21760K)->21370K(21760K) NonClass: 17628K(17856K)->17628K(17856K) Class: 3741K(3904K)->3741K(3904K)
[46.923s][info][gc          ] GC(22) Pause Full (System.gc()) 770M->770M(5939M) 1835.402ms
[48.758s][info][gc,metaspace] GC(23) Metaspace: 21370K(21760K)->21370K(21760K) NonClass: 17628K(17856K)->17628K(17856K) Class: 3741K(3904K)->3741K(3904K)
[48.759s][info][gc          ] GC(23) Pause Full (System.gc()) 770M->770M(5939M) 1835.792ms
[50.598s][info][gc,metaspace] GC(24) Metaspace: 21370K(21760K)->21370K(21760K) NonClass: 17628K(17856K)->17628K(17856K) Class: 3741K(3904K)->3741K(3904K)
[50.598s][info][gc          ] GC(24) Pause Full (System.gc()) 770M->770M(5939M) 1839.728ms
[52.381s][info][gc,metaspace] GC(25) Metaspace: 21370K(21760K)->21370K(21760K) NonClass: 17628K(17856K)->17628K(17856K) Class: 3741K(3904K)->3741K(3904K)
[52.381s][info][gc          ] GC(25) Pause Full (System.gc()) 770M->770M(5939M) 1782.772ms
[54.219s][info][gc,metaspace] GC(26) Metaspace: 21370K(21760K)->21370K(21760K) NonClass: 17628K(17856K)->17628K(17856K) Class: 3741K(3904K)->3741K(3904K)
[54.219s][info][gc          ] GC(26) Pause Full (System.gc()) 770M->770M(5939M) 1837.997ms
[56.053s][info][gc,metaspace] GC(27) Metaspace: 21370K(21760K)->21370K(21760K) NonClass: 17628K(17856K)->17628K(17856K) Class: 3741K(3904K)->3741K(3904K)
[56.053s][info][gc          ] GC(27) Pause Full (System.gc()) 770M->770M(5939M) 1833.766ms
[57.894s][info][gc,metaspace] GC(28) Metaspace: 21370K(21760K)->21370K(21760K) NonClass: 17628K(17856K)->17628K(17856K) Class: 3741K(3904K)->3741K(3904K)
[57.894s][info][gc          ] GC(28) Pause Full (System.gc()) 770M->770M(5939M) 1840.470ms
[59.730s][info][gc,metaspace] GC(29) Metaspace: 21370K(21760K)->21370K(21760K) NonClass: 17628K(17856K)->17628K(17856K) Class: 3741K(3904K)->3741K(3904K)
[59.730s][info][gc          ] GC(29) Pause Full (System.gc()) 770M->770M(5939M) 1836.257ms
[61.563s][info][gc,metaspace] GC(30) Metaspace: 21370K(21760K)->21370K(21760K) NonClass: 17628K(17856K)->17628K(17856K) Class: 3741K(3904K)->3741K(3904K)
[61.563s][info][gc          ] GC(30) Pause Full (System.gc()) 770M->770M(5939M) 1833.306ms
[63.353s][info][gc,metaspace] GC(31) Metaspace: 21370K(21760K)->21370K(21760K) NonClass: 17628K(17856K)->17628K(17856K) Class: 3741K(3904K)->3741K(3904K)
[63.353s][info][gc          ] GC(31) Pause Full (System.gc()) 770M->770M(5939M) 1789.197ms
[65.191s][info][gc,metaspace] GC(32) Metaspace: 21370K(21760K)->21370K(21760K) NonClass: 17628K(17856K)->17628K(17856K) Class: 3741K(3904K)->3741K(3904K)
[65.191s][info][gc          ] GC(32) Pause Full (System.gc()) 787M->770M(5939M) 1837.929ms
[67.026s][info][gc,metaspace] GC(33) Metaspace: 21370K(21760K)->21370K(21760K) NonClass: 17628K(17856K)->17628K(17856K) Class: 3741K(3904K)->3741K(3904K)
[67.026s][info][gc          ] GC(33) Pause Full (System.gc()) 770M->770M(5939M) 1834.875ms
[68.859s][info][gc,metaspace] GC(34) Metaspace: 21370K(21760K)->21370K(21760K) NonClass: 17628K(17856K)->17628K(17856K) Class: 3741K(3904K)->3741K(3904K)
[68.860s][info][gc          ] GC(34) Pause Full (System.gc()) 770M->770M(5939M) 1833.620ms
[71.323s][info][gc,metaspace] GC(35) Metaspace: 21370K(21760K)->21370K(21760K) NonClass: 17628K(17856K)->17628K(17856K) Class: 3741K(3904K)->3741K(3904K)
[71.323s][info][gc          ] GC(35) Pause Full (System.gc()) 770M->770M(5939M) 2459.495ms
[73.158s][info][gc,metaspace] GC(36) Metaspace: 21370K(21760K)->21370K(21760K) NonClass: 17628K(17856K)->17628K(17856K) Class: 3741K(3904K)->3741K(3904K)
[73.159s][info][gc          ] GC(36) Pause Full (System.gc()) 770M->770M(5939M) 1835.007ms
[74.991s][info][gc,metaspace] GC(37) Metaspace: 21370K(21760K)->21370K(21760K) NonClass: 17628K(17856K)->17628K(17856K) Class: 3741K(3904K)->3741K(3904K)
[74.991s][info][gc          ] GC(37) Pause Full (System.gc()) 770M->770M(5939M) 1832.035ms
[76.830s][info][gc,metaspace] GC(38) Metaspace: 21370K(21760K)->21370K(21760K) NonClass: 17628K(17856K)->17628K(17856K) Class: 3741K(3904K)->3741K(3904K)
[76.830s][info][gc          ] GC(38) Pause Full (System.gc()) 770M->770M(5939M) 1839.368ms
[78.664s][info][gc,metaspace] GC(39) Metaspace: 21370K(21760K)->21370K(21760K) NonClass: 17628K(17856K)->17628K(17856K) Class: 3741K(3904K)->3741K(3904K)
[78.664s][info][gc          ] GC(39) Pause Full (System.gc()) 770M->770M(5939M) 1834.053ms
[80.500s][info][gc,metaspace] GC(40) Metaspace: 21370K(21760K)->21370K(21760K) NonClass: 17628K(17856K)->17628K(17856K) Class: 3741K(3904K)->3741K(3904K)
[80.500s][info][gc          ] GC(40) Pause Full (System.gc()) 770M->770M(5939M) 1835.770ms
[82.578s][info][gc,metaspace] GC(41) Metaspace: 21370K(21760K)->21370K(21760K) NonClass: 17628K(17856K)->17628K(17856K) Class: 3741K(3904K)->3741K(3904K)
[82.578s][info][gc          ] GC(41) Pause Full (System.gc()) 770M->770M(5939M) 2077.292ms
[84.364s][info][gc,metaspace] GC(42) Metaspace: 21370K(21760K)->21370K(21760K) NonClass: 17628K(17856K)->17628K(17856K) Class: 3741K(3904K)->3741K(3904K)
[84.364s][info][gc          ] GC(42) Pause Full (System.gc()) 770M->770M(5939M) 1785.999ms
[86.196s][info][gc,metaspace] GC(43) Metaspace: 21370K(21760K)->21370K(21760K) NonClass: 17628K(17856K)->17628K(17856K) Class: 3741K(3904K)->3741K(3904K)
[86.196s][info][gc          ] GC(43) Pause Full (System.gc()) 770M->770M(5939M) 1832.669ms
[88.033s][info][gc,metaspace] GC(44) Metaspace: 21370K(21760K)->21370K(21760K) NonClass: 17628K(17856K)->17628K(17856K) Class: 3741K(3904K)->3741K(3904K)
[88.033s][info][gc          ] GC(44) Pause Full (System.gc()) 770M->770M(5939M) 1836.880ms
[89.868s][info][gc,metaspace] GC(45) Metaspace: 21370K(21760K)->21370K(21760K) NonClass: 17628K(17856K)->17628K(17856K) Class: 3741K(3904K)->3741K(3904K)
[89.868s][info][gc          ] GC(45) Pause Full (System.gc()) 770M->770M(5939M) 1834.576ms
[91.700s][info][gc,metaspace] GC(46) Metaspace: 21370K(21760K)->21370K(21760K) NonClass: 17628K(17856K)->17628K(17856K) Class: 3741K(3904K)->3741K(3904K)
[91.700s][info][gc          ] GC(46) Pause Full (System.gc()) 770M->770M(5939M) 1832.285ms
[93.537s][info][gc,metaspace] GC(47) Metaspace: 21370K(21760K)->21370K(21760K) NonClass: 17628K(17856K)->17628K(17856K) Class: 3741K(3904K)->3741K(3904K)
[93.537s][info][gc          ] GC(47) Pause Full (System.gc()) 770M->770M(5939M) 1836.611ms
[95.318s][info][gc,metaspace] GC(48) Metaspace: 21370K(21760K)->21370K(21760K) NonClass: 17628K(17856K)->17628K(17856K) Class: 3741K(3904K)->3741K(3904K)
[95.318s][info][gc          ] GC(48) Pause Full (System.gc()) 770M->770M(5939M) 1781.012ms
[97.157s][info][gc,metaspace] GC(49) Metaspace: 21370K(21760K)->21370K(21760K) NonClass: 17628K(17856K)->17628K(17856K) Class: 3741K(3904K)->3741K(3904K)
[97.157s][info][gc          ] GC(49) Pause Full (System.gc()) 770M->770M(5939M) 1838.426ms
[98.989s][info][gc,metaspace] GC(50) Metaspace: 21370K(21760K)->21370K(21760K) NonClass: 17628K(17856K)->17628K(17856K) Class: 3741K(3904K)->3741K(3904K)
[98.989s][info][gc          ] GC(50) Pause Full (System.gc()) 770M->770M(5939M) 1832.179ms
[100.826s][info][gc,metaspace] GC(51) Metaspace: 21370K(21760K)->21370K(21760K) NonClass: 17628K(17856K)->17628K(17856K) Class: 3741K(3904K)->3741K(3904K)
[100.826s][info][gc          ] GC(51) Pause Full (System.gc()) 770M->770M(5939M) 1836.500ms
[102.660s][info][gc,metaspace] GC(52) Metaspace: 21370K(21760K)->21370K(21760K) NonClass: 17628K(17856K)->17628K(17856K) Class: 3741K(3904K)->3741K(3904K)
[102.660s][info][gc          ] GC(52) Pause Full (System.gc()) 770M->770M(5939M) 1834.693ms
[104.494s][info][gc,metaspace] GC(53) Metaspace: 21370K(21760K)->21370K(21760K) NonClass: 17628K(17856K)->17628K(17856K) Class: 3741K(3904K)->3741K(3904K)
[104.494s][info][gc          ] GC(53) Pause Full (System.gc()) 770M->770M(5939M) 1833.750ms
[106.575s][info][gc,metaspace] GC(54) Metaspace: 21370K(21760K)->21370K(21760K) NonClass: 17628K(17856K)->17628K(17856K) Class: 3741K(3904K)->3741K(3904K)
[106.575s][info][gc          ] GC(54) Pause Full (System.gc()) 770M->770M(5939M) 2080.684ms
[108.369s][info][gc,metaspace] GC(55) Metaspace: 21370K(21760K)->21370K(21760K) NonClass: 17628K(17856K)->17628K(17856K) Class: 3741K(3904K)->3741K(3904K)
[108.369s][info][gc          ] GC(55) Pause Full (System.gc()) 770M->770M(5939M) 1793.682ms
[110.201s][info][gc,metaspace] GC(56) Metaspace: 21370K(21760K)->21370K(21760K) NonClass: 17628K(17856K)->17628K(17856K) Class: 3741K(3904K)->3741K(3904K)
[110.201s][info][gc          ] GC(56) Pause Full (System.gc()) 770M->770M(5939M) 1832.173ms
[112.037s][info][gc,metaspace] GC(57) Metaspace: 21370K(21760K)->21370K(21760K) NonClass: 17628K(17856K)->17628K(17856K) Class: 3741K(3904K)->3741K(3904K)
[112.037s][info][gc          ] GC(57) Pause Full (System.gc()) 770M->770M(5939M) 1836.024ms
[113.876s][info][gc,metaspace] GC(58) Metaspace: 21370K(21760K)->21370K(21760K) NonClass: 17628K(17856K)->17628K(17856K) Class: 3741K(3904K)->3741K(3904K)
[113.876s][info][gc          ] GC(58) Pause Full (System.gc()) 770M->770M(5939M) 1839.111ms
[115.710s][info][gc,metaspace] GC(59) Metaspace: 21370K(21760K)->21370K(21760K) NonClass: 17628K(17856K)->17628K(17856K) Class: 3741K(3904K)->3741K(3904K)
[115.710s][info][gc          ] GC(59) Pause Full (System.gc()) 770M->770M(5939M) 1833.605ms
[117.549s][info][gc,metaspace] GC(60) Metaspace: 21370K(21760K)->21370K(21760K) NonClass: 17628K(17856K)->17628K(17856K) Class: 3741K(3904K)->3741K(3904K)
[117.549s][info][gc          ] GC(60) Pause Full (System.gc()) 770M->770M(5939M) 1838.322ms
[119.330s][info][gc,metaspace] GC(61) Metaspace: 21370K(21760K)->21370K(21760K) NonClass: 17628K(17856K)->17628K(17856K) Class: 3741K(3904K)->3741K(3904K)
[119.330s][info][gc          ] GC(61) Pause Full (System.gc()) 770M->770M(5939M) 1781.390ms
[121.166s][info][gc,metaspace] GC(62) Metaspace: 21370K(21760K)->21370K(21760K) NonClass: 17628K(17856K)->17628K(17856K) Class: 3741K(3904K)->3741K(3904K)
[121.166s][info][gc          ] GC(62) Pause Full (System.gc()) 770M->770M(5939M) 1836.194ms
[123.001s][info][gc,metaspace] GC(63) Metaspace: 21370K(21760K)->21370K(21760K) NonClass: 17628K(17856K)->17628K(17856K) Class: 3741K(3904K)->3741K(3904K)
[123.002s][info][gc          ] GC(63) Pause Full (System.gc()) 770M->770M(5939M) 1835.015ms
[124.835s][info][gc,metaspace] GC(64) Metaspace: 21370K(21760K)->21370K(21760K) NonClass: 17628K(17856K)->17628K(17856K) Class: 3741K(3904K)->3741K(3904K)
[124.835s][info][gc          ] GC(64) Pause Full (System.gc()) 770M->770M(5939M) 1833.426ms
[126.672s][info][gc,metaspace] GC(65) Metaspace: 21370K(21760K)->21370K(21760K) NonClass: 17628K(17856K)->17628K(17856K) Class: 3741K(3904K)->3741K(3904K)
[126.672s][info][gc          ] GC(65) Pause Full (System.gc()) 787M->770M(5939M) 1836.766ms
[128.504s][info][gc,metaspace] GC(66) Metaspace: 21370K(21760K)->21370K(21760K) NonClass: 17628K(17856K)->17628K(17856K) Class: 3741K(3904K)->3741K(3904K)
[128.504s][info][gc          ] GC(66) Pause Full (System.gc()) 770M->770M(5939M) 1832.168ms
[130.994s][info][gc,metaspace] GC(67) Metaspace: 21370K(21760K)->21370K(21760K) NonClass: 17628K(17856K)->17628K(17856K) Class: 3741K(3904K)->3741K(3904K)
[130.994s][info][gc          ] GC(67) Pause Full (System.gc()) 770M->770M(5939M) 2490.103ms
[132.944s][info][gc,metaspace] GC(68) Metaspace: 21370K(21760K)->21370K(21760K) NonClass: 17628K(17856K)->17628K(17856K) Class: 3741K(3904K)->3741K(3904K)
[132.944s][info][gc          ] GC(68) Pause Full (System.gc()) 770M->770M(5939M) 1949.744ms
[134.776s][info][gc,metaspace] GC(69) Metaspace: 21370K(21760K)->21370K(21760K) NonClass: 17628K(17856K)->17628K(17856K) Class: 3741K(3904K)->3741K(3904K)
[134.776s][info][gc          ] GC(69) Pause Full (System.gc()) 770M->770M(5939M) 1831.287ms
[136.616s][info][gc,metaspace] GC(70) Metaspace: 21370K(21760K)->21370K(21760K) NonClass: 17628K(17856K)->17628K(17856K) Class: 3741K(3904K)->3741K(3904K)
[136.616s][info][gc          ] GC(70) Pause Full (System.gc()) 770M->770M(5939M) 1839.875ms
[138.399s][info][gc,metaspace] GC(71) Metaspace: 21370K(21760K)->21370K(21760K) NonClass: 17628K(17856K)->17628K(17856K) Class: 3741K(3904K)->3741K(3904K)
[138.400s][info][gc          ] GC(71) Pause Full (System.gc()) 770M->770M(5939M) 1783.722ms
[140.234s][info][gc,metaspace] GC(72) Metaspace: 21370K(21760K)->21370K(21760K) NonClass: 17628K(17856K)->17628K(17856K) Class: 3741K(3904K)->3741K(3904K)
[140.234s][info][gc          ] GC(72) Pause Full (System.gc()) 770M->770M(5939M) 1834.107ms
[142.066s][info][gc,metaspace] GC(73) Metaspace: 21370K(21760K)->21370K(21760K) NonClass: 17628K(17856K)->17628K(17856K) Class: 3741K(3904K)->3741K(3904K)
[142.066s][info][gc          ] GC(73) Pause Full (System.gc()) 770M->770M(5939M) 1832.160ms
[143.905s][info][gc,metaspace] GC(74) Metaspace: 21370K(21760K)->21370K(21760K) NonClass: 17628K(17856K)->17628K(17856K) Class: 3741K(3904K)->3741K(3904K)
[143.906s][info][gc          ] GC(74) Pause Full (System.gc()) 770M->770M(5939M) 1839.463ms
[145.740s][info][gc,metaspace] GC(75) Metaspace: 21370K(21760K)->21370K(21760K) NonClass: 17628K(17856K)->17628K(17856K) Class: 3741K(3904K)->3741K(3904K)
[145.740s][info][gc          ] GC(75) Pause Full (System.gc()) 770M->770M(5939M) 1834.229ms
[147.577s][info][gc,metaspace] GC(76) Metaspace: 21370K(21760K)->21370K(21760K) NonClass: 17628K(17856K)->17628K(17856K) Class: 3741K(3904K)->3741K(3904K)
[147.578s][info][gc          ] GC(76) Pause Full (System.gc()) 770M->770M(5939M) 1837.620ms
[149.361s][info][gc,metaspace] GC(77) Metaspace: 21370K(21760K)->21370K(21760K) NonClass: 17628K(17856K)->17628K(17856K) Class: 3741K(3904K)->3741K(3904K)
[149.361s][info][gc          ] GC(77) Pause Full (System.gc()) 770M->770M(5939M) 1783.668ms
[151.197s][info][gc,metaspace] GC(78) Metaspace: 21370K(21760K)->21370K(21760K) NonClass: 17628K(17856K)->17628K(17856K) Class: 3741K(3904K)->3741K(3904K)
[151.197s][info][gc          ] GC(78) Pause Full (System.gc()) 770M->770M(5939M) 1835.943ms
[153.031s][info][gc,metaspace] GC(79) Metaspace: 21370K(21760K)->21370K(21760K) NonClass: 17628K(17856K)->17628K(17856K) Class: 3741K(3904K)->3741K(3904K)
[153.031s][info][gc          ] GC(79) Pause Full (System.gc()) 770M->770M(5939M) 1833.696ms
[154.865s][info][gc,metaspace] GC(80) Metaspace: 21370K(21760K)->21370K(21760K) NonClass: 17628K(17856K)->17628K(17856K) Class: 3741K(3904K)->3741K(3904K)
[154.865s][info][gc          ] GC(80) Pause Full (System.gc()) 770M->770M(5939M) 1829.139ms
[156.703s][info][gc,metaspace] GC(81) Metaspace: 21370K(21760K)->21370K(21760K) NonClass: 17628K(17856K)->17628K(17856K) Class: 3741K(3904K)->3741K(3904K)
[156.703s][info][gc          ] GC(81) Pause Full (System.gc()) 770M->770M(5939M) 1838.230ms
[158.538s][info][gc,metaspace] GC(82) Metaspace: 21370K(21760K)->21370K(21760K) NonClass: 17628K(17856K)->17628K(17856K) Class: 3741K(3904K)->3741K(3904K)
[158.538s][info][gc          ] GC(82) Pause Full (System.gc()) 770M->770M(5939M) 1834.429ms
[160.329s][info][gc,metaspace] GC(83) Metaspace: 21370K(21760K)->21370K(21760K) NonClass: 17628K(17856K)->17628K(17856K) Class: 3741K(3904K)->3741K(3904K)
[160.329s][info][gc          ] GC(83) Pause Full (System.gc()) 770M->770M(5939M) 1791.307ms
[162.161s][info][gc,metaspace] GC(84) Metaspace: 21370K(21760K)->21370K(21760K) NonClass: 17628K(17856K)->17628K(17856K) Class: 3741K(3904K)->3741K(3904K)
[162.162s][info][gc          ] GC(84) Pause Full (System.gc()) 770M->770M(5939M) 1832.458ms
[163.999s][info][gc,metaspace] GC(85) Metaspace: 21370K(21760K)->21370K(21760K) NonClass: 17628K(17856K)->17628K(17856K) Class: 3741K(3904K)->3741K(3904K)
[163.999s][info][gc          ] GC(85) Pause Full (System.gc()) 770M->770M(5939M) 1837.166ms
[165.833s][info][gc,metaspace] GC(86) Metaspace: 21370K(21760K)->21370K(21760K) NonClass: 17628K(17856K)->17628K(17856K) Class: 3741K(3904K)->3741K(3904K)
[165.833s][info][gc          ] GC(86) Pause Full (System.gc()) 770M->770M(5939M) 1830.134ms
[167.669s][info][gc,metaspace] GC(87) Metaspace: 21370K(21760K)->21370K(21760K) NonClass: 17628K(17856K)->17628K(17856K) Class: 3741K(3904K)->3741K(3904K)
[167.669s][info][gc          ] GC(87) Pause Full (System.gc()) 770M->770M(5939M) 1835.170ms
[169.508s][info][gc,metaspace] GC(88) Metaspace: 21370K(21760K)->21370K(21760K) NonClass: 17628K(17856K)->17628K(17856K) Class: 3741K(3904K)->3741K(3904K)
[169.508s][info][gc          ] GC(88) Pause Full (System.gc()) 770M->770M(5939M) 1839.100ms
[171.289s][info][gc,metaspace] GC(89) Metaspace: 21370K(21760K)->21370K(21760K) NonClass: 17628K(17856K)->17628K(17856K) Class: 3741K(3904K)->3741K(3904K)
[171.289s][info][gc          ] GC(89) Pause Full (System.gc()) 770M->770M(5939M) 1780.644ms
[173.127s][info][gc,metaspace] GC(90) Metaspace: 21370K(21760K)->21370K(21760K) NonClass: 17628K(17856K)->17628K(17856K) Class: 3741K(3904K)->3741K(3904K)
[173.127s][info][gc          ] GC(90) Pause Full (System.gc()) 770M->770M(5939M) 1838.590ms
[174.962s][info][gc,metaspace] GC(91) Metaspace: 21370K(21760K)->21370K(21760K) NonClass: 17628K(17856K)->17628K(17856K) Class: 3741K(3904K)->3741K(3904K)
[174.962s][info][gc          ] GC(91) Pause Full (System.gc()) 770M->770M(5939M) 1835.159ms
[176.799s][info][gc,metaspace] GC(92) Metaspace: 21370K(21760K)->21370K(21760K) NonClass: 17628K(17856K)->17628K(17856K) Class: 3741K(3904K)->3741K(3904K)
[176.799s][info][gc          ] GC(92) Pause Full (System.gc()) 770M->770M(5939M) 1836.743ms
[178.634s][info][gc,metaspace] GC(93) Metaspace: 21370K(21760K)->21370K(21760K) NonClass: 17628K(17856K)->17628K(17856K) Class: 3741K(3904K)->3741K(3904K)
[178.634s][info][gc          ] GC(93) Pause Full (System.gc()) 770M->770M(5939M) 1834.208ms
[180.422s][info][gc,metaspace] GC(94) Metaspace: 21370K(21760K)->21370K(21760K) NonClass: 17628K(17856K)->17628K(17856K) Class: 3741K(3904K)->3741K(3904K)
[180.422s][info][gc          ] GC(94) Pause Full (System.gc()) 770M->770M(5939M) 1788.270ms
[182.255s][info][gc,metaspace] GC(95) Metaspace: 21370K(21760K)->21370K(21760K) NonClass: 17628K(17856K)->17628K(17856K) Class: 3741K(3904K)->3741K(3904K)
[182.256s][info][gc          ] GC(95) Pause Full (System.gc()) 770M->770M(5939M) 1829.125ms
[184.094s][info][gc,metaspace] GC(96) Metaspace: 21370K(21760K)->21370K(21760K) NonClass: 17628K(17856K)->17628K(17856K) Class: 3741K(3904K)->3741K(3904K)
[184.094s][info][gc          ] GC(96) Pause Full (System.gc()) 770M->770M(5939M) 1838.205ms
[185.924s][info][gc,metaspace] GC(97) Metaspace: 21370K(21760K)->21370K(21760K) NonClass: 17628K(17856K)->17628K(17856K) Class: 3741K(3904K)->3741K(3904K)
[185.924s][info][gc          ] GC(97) Pause Full (System.gc()) 770M->770M(5939M) 1830.580ms
[187.759s][info][gc,metaspace] GC(98) Metaspace: 21370K(21760K)->21370K(21760K) NonClass: 17628K(17856K)->17628K(17856K) Class: 3741K(3904K)->3741K(3904K)
[187.759s][info][gc          ] GC(98) Pause Full (System.gc()) 787M->770M(5939M) 1829.858ms
[189.596s][info][gc,metaspace] GC(99) Metaspace: 21370K(21760K)->21370K(21760K) NonClass: 17628K(17856K)->17628K(17856K) Class: 3741K(3904K)->3741K(3904K)
[189.596s][info][gc          ] GC(99) Pause Full (System.gc()) 770M->770M(5939M) 1837.532ms
[191.379s][info][gc,metaspace] GC(100) Metaspace: 21370K(21760K)->21370K(21760K) NonClass: 17628K(17856K)->17628K(17856K) Class: 3741K(3904K)->3741K(3904K)
[191.379s][info][gc          ] GC(100) Pause Full (System.gc()) 770M->770M(5939M) 1782.625ms
After GCs... 
