[0.001s][info][metaspace]  - commit_granule_bytes: 65536.
[0.001s][info][metaspace]  - commit_granule_words: 8192.
[0.001s][info][metaspace]  - virtual_space_node_default_size: 8388608.
[0.001s][info][metaspace]  - enlarge_chunks_in_place: 1.
[0.001s][info][metaspace]  - use_allocation_guard: 0.
[0.005s][info][gc       ] Using Serial
[1.918s][info][metaspace] Reserving compressed class space anywhere
[1.923s][info][gc,metaspace] CDS archive(s) not mapped
[1.923s][info][gc,metaspace] Compressed class space mapped at: 0x0000000025000000-0x00000000e5000000, reserved size: 3221225472
[1.923s][info][gc,metaspace] UseCompressedClassPointers 1, UseCompactObjectHeaders 1, narrow klass pointer bits 22, max shift 10
[1.923s][info][gc,metaspace] Narrow klass base: 0x0000000025000000, Narrow klass shift: 10, Narrow klass range: 0xc0000000
Num Classes: 16
Num Objects per Class: 4194304
Cycles: 100
Class association: random
Generate 16 classes...
Loading 16...[2.585s][info][gc,metaspace] GC(0) Metaspace: 21327K(21632K)->21327K(21632K) NonClass: 17594K(17792K)->17594K(17792K) Class: 3733K(3840K)->3733K(3840K)
[2.585s][info][gc          ] GC(0) Pause Full (System.gc()) 229M->2M(5939M) 38.705ms
Creating 4194304 objects per class...
Done; will start GCs... 
[7.549s][info][gc,metaspace] GC(1) Metaspace: 21381K(21760K)->21381K(21760K) NonClass: 17639K(17856K)->17639K(17856K) Class: 3741K(3904K)->3741K(3904K)
[7.549s][info][gc          ] GC(1) Pause Full (System.gc()) 881M->770M(5939M) 2914.597ms
[9.271s][info][gc,metaspace] GC(2) Metaspace: 21381K(21760K)->21381K(21760K) NonClass: 17639K(17856K)->17639K(17856K) Class: 3741K(3904K)->3741K(3904K)
[9.271s][info][gc          ] GC(2) Pause Full (System.gc()) 770M->770M(5939M) 1721.395ms
[11.663s][info][gc,metaspace] GC(3) Metaspace: 21381K(21760K)->21381K(21760K) NonClass: 17639K(17856K)->17639K(17856K) Class: 3741K(3904K)->3741K(3904K)
[11.663s][info][gc          ] GC(3) Pause Full (System.gc()) 770M->770M(5939M) 2392.296ms
[13.407s][info][gc,metaspace] GC(4) Metaspace: 21381K(21760K)->21381K(21760K) NonClass: 17639K(17856K)->17639K(17856K) Class: 3741K(3904K)->3741K(3904K)
[13.407s][info][gc          ] GC(4) Pause Full (System.gc()) 770M->770M(5939M) 1743.166ms
[15.130s][info][gc,metaspace] GC(5) Metaspace: 21381K(21760K)->21381K(21760K) NonClass: 17639K(17856K)->17639K(17856K) Class: 3741K(3904K)->3741K(3904K)
[15.130s][info][gc          ] GC(5) Pause Full (System.gc()) 770M->770M(5939M) 1722.900ms
[16.855s][info][gc,metaspace] GC(6) Metaspace: 21381K(21760K)->21381K(21760K) NonClass: 17639K(17856K)->17639K(17856K) Class: 3741K(3904K)->3741K(3904K)
[16.855s][info][gc          ] GC(6) Pause Full (System.gc()) 770M->770M(5939M) 1725.442ms
[18.768s][info][gc,metaspace] GC(7) Metaspace: 21381K(21760K)->21381K(21760K) NonClass: 17639K(17856K)->17639K(17856K) Class: 3741K(3904K)->3741K(3904K)
[18.768s][info][gc          ] GC(7) Pause Full (System.gc()) 770M->770M(5939M) 1912.518ms
[20.493s][info][gc,metaspace] GC(8) Metaspace: 21381K(21760K)->21381K(21760K) NonClass: 17639K(17856K)->17639K(17856K) Class: 3741K(3904K)->3741K(3904K)
[20.493s][info][gc          ] GC(8) Pause Full (System.gc()) 770M->770M(5939M) 1725.414ms
[22.215s][info][gc,metaspace] GC(9) Metaspace: 21381K(21760K)->21381K(21760K) NonClass: 17639K(17856K)->17639K(17856K) Class: 3741K(3904K)->3741K(3904K)
[22.216s][info][gc          ] GC(9) Pause Full (System.gc()) 770M->770M(5939M) 1722.164ms
[23.953s][info][gc,metaspace] GC(10) Metaspace: 21381K(21760K)->21381K(21760K) NonClass: 17639K(17856K)->17639K(17856K) Class: 3741K(3904K)->3741K(3904K)
[23.953s][info][gc          ] GC(10) Pause Full (System.gc()) 770M->770M(5939M) 1737.699ms
[25.625s][info][gc,metaspace] GC(11) Metaspace: 21381K(21760K)->21381K(21760K) NonClass: 17639K(17856K)->17639K(17856K) Class: 3741K(3904K)->3741K(3904K)
[25.625s][info][gc          ] GC(11) Pause Full (System.gc()) 770M->770M(5939M) 1671.381ms
[27.350s][info][gc,metaspace] GC(12) Metaspace: 21381K(21760K)->21381K(21760K) NonClass: 17639K(17856K)->17639K(17856K) Class: 3741K(3904K)->3741K(3904K)
[27.350s][info][gc          ] GC(12) Pause Full (System.gc()) 770M->770M(5939M) 1724.659ms
[29.094s][info][gc,metaspace] GC(13) Metaspace: 21381K(21760K)->21381K(21760K) NonClass: 17639K(17856K)->17639K(17856K) Class: 3741K(3904K)->3741K(3904K)
[29.094s][info][gc          ] GC(13) Pause Full (System.gc()) 770M->770M(5939M) 1744.065ms
[30.774s][info][gc,metaspace] GC(14) Metaspace: 21381K(21760K)->21381K(21760K) NonClass: 17639K(17856K)->17639K(17856K) Class: 3741K(3904K)->3741K(3904K)
[30.774s][info][gc          ] GC(14) Pause Full (System.gc()) 770M->770M(5939M) 1680.481ms
[32.496s][info][gc,metaspace] GC(15) Metaspace: 21381K(21760K)->21381K(21760K) NonClass: 17639K(17856K)->17639K(17856K) Class: 3741K(3904K)->3741K(3904K)
[32.496s][info][gc          ] GC(15) Pause Full (System.gc()) 770M->770M(5939M) 1721.916ms
[34.221s][info][gc,metaspace] GC(16) Metaspace: 21381K(21760K)->21381K(21760K) NonClass: 17639K(17856K)->17639K(17856K) Class: 3741K(3904K)->3741K(3904K)
[34.221s][info][gc          ] GC(16) Pause Full (System.gc()) 770M->770M(5939M) 1724.787ms
[35.944s][info][gc,metaspace] GC(17) Metaspace: 21381K(21760K)->21381K(21760K) NonClass: 17639K(17856K)->17639K(17856K) Class: 3741K(3904K)->3741K(3904K)
[35.944s][info][gc          ] GC(17) Pause Full (System.gc()) 770M->770M(5939M) 1722.719ms
[37.618s][info][gc,metaspace] GC(18) Metaspace: 21381K(21760K)->21381K(21760K) NonClass: 17639K(17856K)->17639K(17856K) Class: 3741K(3904K)->3741K(3904K)
[37.618s][info][gc          ] GC(18) Pause Full (System.gc()) 770M->770M(5939M) 1673.493ms
[39.339s][info][gc,metaspace] GC(19) Metaspace: 21381K(21760K)->21381K(21760K) NonClass: 17639K(17856K)->17639K(17856K) Class: 3741K(3904K)->3741K(3904K)
[39.339s][info][gc          ] GC(19) Pause Full (System.gc()) 770M->770M(5939M) 1721.813ms
[41.071s][info][gc,metaspace] GC(20) Metaspace: 21381K(21760K)->21381K(21760K) NonClass: 17639K(17856K)->17639K(17856K) Class: 3741K(3904K)->3741K(3904K)
[41.071s][info][gc          ] GC(20) Pause Full (System.gc()) 770M->770M(5939M) 1731.840ms
[42.742s][info][gc,metaspace] GC(21) Metaspace: 21381K(21760K)->21381K(21760K) NonClass: 17639K(17856K)->17639K(17856K) Class: 3741K(3904K)->3741K(3904K)
[42.742s][info][gc          ] GC(21) Pause Full (System.gc()) 770M->770M(5939M) 1670.260ms
[44.468s][info][gc,metaspace] GC(22) Metaspace: 21381K(21760K)->21381K(21760K) NonClass: 17639K(17856K)->17639K(17856K) Class: 3741K(3904K)->3741K(3904K)
[44.468s][info][gc          ] GC(22) Pause Full (System.gc()) 770M->770M(5939M) 1726.227ms
[46.190s][info][gc,metaspace] GC(23) Metaspace: 21381K(21760K)->21381K(21760K) NonClass: 17639K(17856K)->17639K(17856K) Class: 3741K(3904K)->3741K(3904K)
[46.190s][info][gc          ] GC(23) Pause Full (System.gc()) 770M->770M(5939M) 1721.935ms
[47.985s][info][gc,metaspace] GC(24) Metaspace: 21381K(21760K)->21381K(21760K) NonClass: 17639K(17856K)->17639K(17856K) Class: 3741K(3904K)->3741K(3904K)
[47.986s][info][gc          ] GC(24) Pause Full (System.gc()) 770M->770M(5939M) 1795.276ms
[49.662s][info][gc,metaspace] GC(25) Metaspace: 21381K(21760K)->21381K(21760K) NonClass: 17639K(17856K)->17639K(17856K) Class: 3741K(3904K)->3741K(3904K)
[49.662s][info][gc          ] GC(25) Pause Full (System.gc()) 770M->770M(5939M) 1676.083ms
[51.388s][info][gc,metaspace] GC(26) Metaspace: 21381K(21760K)->21381K(21760K) NonClass: 17639K(17856K)->17639K(17856K) Class: 3741K(3904K)->3741K(3904K)
[51.388s][info][gc          ] GC(26) Pause Full (System.gc()) 770M->770M(5939M) 1726.634ms
[53.111s][info][gc,metaspace] GC(27) Metaspace: 21381K(21760K)->21381K(21760K) NonClass: 17639K(17856K)->17639K(17856K) Class: 3741K(3904K)->3741K(3904K)
[53.111s][info][gc          ] GC(27) Pause Full (System.gc()) 770M->770M(5939M) 1717.934ms
[54.834s][info][gc,metaspace] GC(28) Metaspace: 21381K(21760K)->21381K(21760K) NonClass: 17639K(17856K)->17639K(17856K) Class: 3741K(3904K)->3741K(3904K)
[54.834s][info][gc          ] GC(28) Pause Full (System.gc()) 770M->770M(5939M) 1723.141ms
[57.729s][info][gc,metaspace] GC(29) Metaspace: 21381K(21760K)->21381K(21760K) NonClass: 17639K(17856K)->17639K(17856K) Class: 3741K(3904K)->3741K(3904K)
[57.729s][info][gc          ] GC(29) Pause Full (System.gc()) 770M->770M(5939M) 2894.876ms
[59.473s][info][gc,metaspace] GC(30) Metaspace: 21381K(21760K)->21381K(21760K) NonClass: 17639K(17856K)->17639K(17856K) Class: 3741K(3904K)->3741K(3904K)
[59.473s][info][gc          ] GC(30) Pause Full (System.gc()) 770M->770M(5939M) 1743.559ms
[61.195s][info][gc,metaspace] GC(31) Metaspace: 21381K(21760K)->21381K(21760K) NonClass: 17639K(17856K)->17639K(17856K) Class: 3741K(3904K)->3741K(3904K)
[61.195s][info][gc          ] GC(31) Pause Full (System.gc()) 770M->770M(5939M) 1722.225ms
[62.921s][info][gc,metaspace] GC(32) Metaspace: 21381K(21760K)->21381K(21760K) NonClass: 17639K(17856K)->17639K(17856K) Class: 3741K(3904K)->3741K(3904K)
[62.921s][info][gc          ] GC(32) Pause Full (System.gc()) 770M->770M(5939M) 1726.223ms
[64.596s][info][gc,metaspace] GC(33) Metaspace: 21381K(21760K)->21381K(21760K) NonClass: 17639K(17856K)->17639K(17856K) Class: 3741K(3904K)->3741K(3904K)
[64.596s][info][gc          ] GC(33) Pause Full (System.gc()) 787M->770M(5939M) 1674.883ms
[66.318s][info][gc,metaspace] GC(34) Metaspace: 21381K(21760K)->21381K(21760K) NonClass: 17639K(17856K)->17639K(17856K) Class: 3741K(3904K)->3741K(3904K)
[66.318s][info][gc          ] GC(34) Pause Full (System.gc()) 770M->770M(5939M) 1721.194ms
[68.676s][info][gc,metaspace] GC(35) Metaspace: 21381K(21760K)->21381K(21760K) NonClass: 17639K(17856K)->17639K(17856K) Class: 3741K(3904K)->3741K(3904K)
[68.676s][info][gc          ] GC(35) Pause Full (System.gc()) 770M->770M(5939M) 2358.392ms
[70.401s][info][gc,metaspace] GC(36) Metaspace: 21381K(21760K)->21381K(21760K) NonClass: 17639K(17856K)->17639K(17856K) Class: 3741K(3904K)->3741K(3904K)
[70.401s][info][gc          ] GC(36) Pause Full (System.gc()) 770M->770M(5939M) 1724.300ms
[72.125s][info][gc,metaspace] GC(37) Metaspace: 21381K(21760K)->21381K(21760K) NonClass: 17639K(17856K)->17639K(17856K) Class: 3741K(3904K)->3741K(3904K)
[72.125s][info][gc          ] GC(37) Pause Full (System.gc()) 770M->770M(5939M) 1724.203ms
[73.850s][info][gc,metaspace] GC(38) Metaspace: 21381K(21760K)->21381K(21760K) NonClass: 17639K(17856K)->17639K(17856K) Class: 3741K(3904K)->3741K(3904K)
[73.850s][info][gc          ] GC(38) Pause Full (System.gc()) 770M->770M(5939M) 1725.036ms
[75.764s][info][gc,metaspace] GC(39) Metaspace: 21381K(21760K)->21381K(21760K) NonClass: 17639K(17856K)->17639K(17856K) Class: 3741K(3904K)->3741K(3904K)
[75.764s][info][gc          ] GC(39) Pause Full (System.gc()) 770M->770M(5939M) 1913.484ms
[77.493s][info][gc,metaspace] GC(40) Metaspace: 21381K(21760K)->21381K(21760K) NonClass: 17639K(17856K)->17639K(17856K) Class: 3741K(3904K)->3741K(3904K)
[77.493s][info][gc          ] GC(40) Pause Full (System.gc()) 770M->770M(5939M) 1729.472ms
[79.216s][info][gc,metaspace] GC(41) Metaspace: 21381K(21760K)->21381K(21760K) NonClass: 17639K(17856K)->17639K(17856K) Class: 3741K(3904K)->3741K(3904K)
[79.216s][info][gc          ] GC(41) Pause Full (System.gc()) 770M->770M(5939M) 1722.986ms
[80.938s][info][gc,metaspace] GC(42) Metaspace: 21381K(21760K)->21381K(21760K) NonClass: 17639K(17856K)->17639K(17856K) Class: 3741K(3904K)->3741K(3904K)
[80.938s][info][gc          ] GC(42) Pause Full (System.gc()) 770M->770M(5939M) 1721.823ms
[82.612s][info][gc,metaspace] GC(43) Metaspace: 21381K(21760K)->21381K(21760K) NonClass: 17639K(17856K)->17639K(17856K) Class: 3741K(3904K)->3741K(3904K)
[82.612s][info][gc          ] GC(43) Pause Full (System.gc()) 770M->770M(5939M) 1673.340ms
[84.337s][info][gc,metaspace] GC(44) Metaspace: 21381K(21760K)->21381K(21760K) NonClass: 17639K(17856K)->17639K(17856K) Class: 3741K(3904K)->3741K(3904K)
[84.337s][info][gc          ] GC(44) Pause Full (System.gc()) 770M->770M(5939M) 1725.056ms
[86.060s][info][gc,metaspace] GC(45) Metaspace: 21381K(21760K)->21381K(21760K) NonClass: 17639K(17856K)->17639K(17856K) Class: 3741K(3904K)->3741K(3904K)
[86.060s][info][gc          ] GC(45) Pause Full (System.gc()) 770M->770M(5939M) 1723.446ms
[87.736s][info][gc,metaspace] GC(46) Metaspace: 21381K(21760K)->21381K(21760K) NonClass: 17639K(17856K)->17639K(17856K) Class: 3741K(3904K)->3741K(3904K)
[87.736s][info][gc          ] GC(46) Pause Full (System.gc()) 770M->770M(5939M) 1675.488ms
[89.458s][info][gc,metaspace] GC(47) Metaspace: 21381K(21760K)->21381K(21760K) NonClass: 17639K(17856K)->17639K(17856K) Class: 3741K(3904K)->3741K(3904K)
[89.458s][info][gc          ] GC(47) Pause Full (System.gc()) 770M->770M(5939M) 1722.215ms
[91.185s][info][gc,metaspace] GC(48) Metaspace: 21381K(21760K)->21381K(21760K) NonClass: 17639K(17856K)->17639K(17856K) Class: 3741K(3904K)->3741K(3904K)
[91.185s][info][gc          ] GC(48) Pause Full (System.gc()) 770M->770M(5939M) 1726.944ms
[92.912s][info][gc,metaspace] GC(49) Metaspace: 21381K(21760K)->21381K(21760K) NonClass: 17639K(17856K)->17639K(17856K) Class: 3741K(3904K)->3741K(3904K)
[92.912s][info][gc          ] GC(49) Pause Full (System.gc()) 770M->770M(5939M) 1726.457ms
[94.587s][info][gc,metaspace] GC(50) Metaspace: 21381K(21760K)->21381K(21760K) NonClass: 17639K(17856K)->17639K(17856K) Class: 3741K(3904K)->3741K(3904K)
[94.587s][info][gc          ] GC(50) Pause Full (System.gc()) 770M->770M(5939M) 1674.781ms
[96.307s][info][gc,metaspace] GC(51) Metaspace: 21381K(21760K)->21381K(21760K) NonClass: 17639K(17856K)->17639K(17856K) Class: 3741K(3904K)->3741K(3904K)
[96.307s][info][gc          ] GC(51) Pause Full (System.gc()) 770M->770M(5939M) 1720.642ms
[98.030s][info][gc,metaspace] GC(52) Metaspace: 21381K(21760K)->21381K(21760K) NonClass: 17639K(17856K)->17639K(17856K) Class: 3741K(3904K)->3741K(3904K)
[98.030s][info][gc          ] GC(52) Pause Full (System.gc()) 770M->770M(5939M) 1722.926ms
[99.706s][info][gc,metaspace] GC(53) Metaspace: 21381K(21760K)->21381K(21760K) NonClass: 17639K(17856K)->17639K(17856K) Class: 3741K(3904K)->3741K(3904K)
[99.706s][info][gc          ] GC(53) Pause Full (System.gc()) 770M->770M(5939M) 1675.254ms
[101.425s][info][gc,metaspace] GC(54) Metaspace: 21381K(21760K)->21381K(21760K) NonClass: 17639K(17856K)->17639K(17856K) Class: 3741K(3904K)->3741K(3904K)
[101.425s][info][gc          ] GC(54) Pause Full (System.gc()) 770M->770M(5939M) 1719.575ms
[103.150s][info][gc,metaspace] GC(55) Metaspace: 21381K(21760K)->21381K(21760K) NonClass: 17639K(17856K)->17639K(17856K) Class: 3741K(3904K)->3741K(3904K)
[103.150s][info][gc          ] GC(55) Pause Full (System.gc()) 770M->770M(5939M) 1724.453ms
[104.871s][info][gc,metaspace] GC(56) Metaspace: 21381K(21760K)->21381K(21760K) NonClass: 17639K(17856K)->17639K(17856K) Class: 3741K(3904K)->3741K(3904K)
[104.871s][info][gc          ] GC(56) Pause Full (System.gc()) 770M->770M(5939M) 1720.936ms
[106.545s][info][gc,metaspace] GC(57) Metaspace: 21381K(21760K)->21381K(21760K) NonClass: 17639K(17856K)->17639K(17856K) Class: 3741K(3904K)->3741K(3904K)
[106.545s][info][gc          ] GC(57) Pause Full (System.gc()) 770M->770M(5939M) 1674.057ms
[108.266s][info][gc,metaspace] GC(58) Metaspace: 21381K(21760K)->21381K(21760K) NonClass: 17639K(17856K)->17639K(17856K) Class: 3741K(3904K)->3741K(3904K)
[108.266s][info][gc          ] GC(58) Pause Full (System.gc()) 770M->770M(5939M) 1721.198ms
[109.991s][info][gc,metaspace] GC(59) Metaspace: 21381K(21760K)->21381K(21760K) NonClass: 17639K(17856K)->17639K(17856K) Class: 3741K(3904K)->3741K(3904K)
[109.991s][info][gc          ] GC(59) Pause Full (System.gc()) 770M->770M(5939M) 1724.072ms
[111.660s][info][gc,metaspace] GC(60) Metaspace: 21381K(21760K)->21381K(21760K) NonClass: 17639K(17856K)->17639K(17856K) Class: 3741K(3904K)->3741K(3904K)
[111.660s][info][gc          ] GC(60) Pause Full (System.gc()) 770M->770M(5939M) 1669.060ms
[113.384s][info][gc,metaspace] GC(61) Metaspace: 21381K(21760K)->21381K(21760K) NonClass: 17639K(17856K)->17639K(17856K) Class: 3741K(3904K)->3741K(3904K)
[113.384s][info][gc          ] GC(61) Pause Full (System.gc()) 770M->770M(5939M) 1724.614ms
[115.104s][info][gc,metaspace] GC(62) Metaspace: 21381K(21760K)->21381K(21760K) NonClass: 17639K(17856K)->17639K(17856K) Class: 3741K(3904K)->3741K(3904K)
[115.104s][info][gc          ] GC(62) Pause Full (System.gc()) 770M->770M(5939M) 1719.845ms
[116.831s][info][gc,metaspace] GC(63) Metaspace: 21381K(21760K)->21381K(21760K) NonClass: 17639K(17856K)->17639K(17856K) Class: 3741K(3904K)->3741K(3904K)
[116.831s][info][gc          ] GC(63) Pause Full (System.gc()) 770M->770M(5939M) 1726.275ms
[119.720s][info][gc,metaspace] GC(64) Metaspace: 21381K(21760K)->21381K(21760K) NonClass: 17639K(17856K)->17639K(17856K) Class: 3741K(3904K)->3741K(3904K)
[119.720s][info][gc          ] GC(64) Pause Full (System.gc()) 770M->770M(5939M) 2889.095ms
[121.441s][info][gc,metaspace] GC(65) Metaspace: 21381K(21760K)->21381K(21760K) NonClass: 17639K(17856K)->17639K(17856K) Class: 3741K(3904K)->3741K(3904K)
[121.441s][info][gc          ] GC(65) Pause Full (System.gc()) 770M->770M(5939M) 1721.431ms
[123.176s][info][gc,metaspace] GC(66) Metaspace: 21381K(21760K)->21381K(21760K) NonClass: 17639K(17856K)->17639K(17856K) Class: 3741K(3904K)->3741K(3904K)
[123.176s][info][gc          ] GC(66) Pause Full (System.gc()) 770M->770M(5939M) 1734.126ms
[125.530s][info][gc,metaspace] GC(67) Metaspace: 21381K(21760K)->21381K(21760K) NonClass: 17639K(17856K)->17639K(17856K) Class: 3741K(3904K)->3741K(3904K)
[125.531s][info][gc          ] GC(67) Pause Full (System.gc()) 787M->770M(5939M) 2354.575ms
[127.251s][info][gc,metaspace] GC(68) Metaspace: 21381K(21760K)->21381K(21760K) NonClass: 17639K(17856K)->17639K(17856K) Class: 3741K(3904K)->3741K(3904K)
[127.251s][info][gc          ] GC(68) Pause Full (System.gc()) 770M->770M(5939M) 1720.517ms
[128.978s][info][gc,metaspace] GC(69) Metaspace: 21381K(21760K)->21381K(21760K) NonClass: 17639K(17856K)->17639K(17856K) Class: 3741K(3904K)->3741K(3904K)
[128.978s][info][gc          ] GC(69) Pause Full (System.gc()) 770M->770M(5939M) 1726.926ms
[130.649s][info][gc,metaspace] GC(70) Metaspace: 21381K(21760K)->21381K(21760K) NonClass: 17639K(17856K)->17639K(17856K) Class: 3741K(3904K)->3741K(3904K)
[130.649s][info][gc          ] GC(70) Pause Full (System.gc()) 770M->770M(5939M) 1671.209ms
[132.375s][info][gc,metaspace] GC(71) Metaspace: 21381K(21760K)->21381K(21760K) NonClass: 17639K(17856K)->17639K(17856K) Class: 3741K(3904K)->3741K(3904K)
[132.375s][info][gc          ] GC(71) Pause Full (System.gc()) 770M->770M(5939M) 1725.374ms
[134.096s][info][gc,metaspace] GC(72) Metaspace: 21381K(21760K)->21381K(21760K) NonClass: 17639K(17856K)->17639K(17856K) Class: 3741K(3904K)->3741K(3904K)
[134.096s][info][gc          ] GC(72) Pause Full (System.gc()) 770M->770M(5939M) 1720.576ms
[135.771s][info][gc,metaspace] GC(73) Metaspace: 21381K(21760K)->21381K(21760K) NonClass: 17639K(17856K)->17639K(17856K) Class: 3741K(3904K)->3741K(3904K)
[135.772s][info][gc          ] GC(73) Pause Full (System.gc()) 770M->770M(5939M) 1675.803ms
[137.494s][info][gc,metaspace] GC(74) Metaspace: 21381K(21760K)->21381K(21760K) NonClass: 17639K(17856K)->17639K(17856K) Class: 3741K(3904K)->3741K(3904K)
[137.494s][info][gc          ] GC(74) Pause Full (System.gc()) 770M->770M(5939M) 1722.155ms
[139.229s][info][gc,metaspace] GC(75) Metaspace: 21381K(21760K)->21381K(21760K) NonClass: 17639K(17856K)->17639K(17856K) Class: 3741K(3904K)->3741K(3904K)
[139.229s][info][gc          ] GC(75) Pause Full (System.gc()) 770M->770M(5939M) 1735.147ms
[140.951s][info][gc,metaspace] GC(76) Metaspace: 21381K(21760K)->21381K(21760K) NonClass: 17639K(17856K)->17639K(17856K) Class: 3741K(3904K)->3741K(3904K)
[140.951s][info][gc          ] GC(76) Pause Full (System.gc()) 770M->770M(5939M) 1722.001ms
[142.625s][info][gc,metaspace] GC(77) Metaspace: 21381K(21760K)->21381K(21760K) NonClass: 17639K(17856K)->17639K(17856K) Class: 3741K(3904K)->3741K(3904K)
[142.625s][info][gc          ] GC(77) Pause Full (System.gc()) 770M->770M(5939M) 1673.620ms
[144.347s][info][gc,metaspace] GC(78) Metaspace: 21381K(21760K)->21381K(21760K) NonClass: 17639K(17856K)->17639K(17856K) Class: 3741K(3904K)->3741K(3904K)
[144.347s][info][gc          ] GC(78) Pause Full (System.gc()) 770M->770M(5939M) 1722.235ms
[146.072s][info][gc,metaspace] GC(79) Metaspace: 21381K(21760K)->21381K(21760K) NonClass: 17639K(17856K)->17639K(17856K) Class: 3741K(3904K)->3741K(3904K)
[146.072s][info][gc          ] GC(79) Pause Full (System.gc()) 770M->770M(5939M) 1725.047ms
[147.743s][info][gc,metaspace] GC(80) Metaspace: 21381K(21760K)->21381K(21760K) NonClass: 17639K(17856K)->17639K(17856K) Class: 3741K(3904K)->3741K(3904K)
[147.743s][info][gc          ] GC(80) Pause Full (System.gc()) 770M->770M(5939M) 1666.046ms
[149.470s][info][gc,metaspace] GC(81) Metaspace: 21381K(21760K)->21381K(21760K) NonClass: 17639K(17856K)->17639K(17856K) Class: 3741K(3904K)->3741K(3904K)
[149.470s][info][gc          ] GC(81) Pause Full (System.gc()) 770M->770M(5939M) 1727.483ms
[151.192s][info][gc,metaspace] GC(82) Metaspace: 21381K(21760K)->21381K(21760K) NonClass: 17639K(17856K)->17639K(17856K) Class: 3741K(3904K)->3741K(3904K)
[151.192s][info][gc          ] GC(82) Pause Full (System.gc()) 770M->770M(5939M) 1721.590ms
[152.918s][info][gc,metaspace] GC(83) Metaspace: 21381K(21760K)->21381K(21760K) NonClass: 17639K(17856K)->17639K(17856K) Class: 3741K(3904K)->3741K(3904K)
[152.918s][info][gc          ] GC(83) Pause Full (System.gc()) 770M->770M(5939M) 1726.354ms
[154.589s][info][gc,metaspace] GC(84) Metaspace: 21381K(21760K)->21381K(21760K) NonClass: 17639K(17856K)->17639K(17856K) Class: 3741K(3904K)->3741K(3904K)
[154.589s][info][gc          ] GC(84) Pause Full (System.gc()) 770M->770M(5939M) 1670.549ms
[156.314s][info][gc,metaspace] GC(85) Metaspace: 21381K(21760K)->21381K(21760K) NonClass: 17639K(17856K)->17639K(17856K) Class: 3741K(3904K)->3741K(3904K)
[156.314s][info][gc          ] GC(85) Pause Full (System.gc()) 770M->770M(5939M) 1725.266ms
[158.035s][info][gc,metaspace] GC(86) Metaspace: 21381K(21760K)->21381K(21760K) NonClass: 17639K(17856K)->17639K(17856K) Class: 3741K(3904K)->3741K(3904K)
[158.035s][info][gc          ] GC(86) Pause Full (System.gc()) 770M->770M(5939M) 1720.984ms
[159.710s][info][gc,metaspace] GC(87) Metaspace: 21381K(21760K)->21381K(21760K) NonClass: 17639K(17856K)->17639K(17856K) Class: 3741K(3904K)->3741K(3904K)
[159.710s][info][gc          ] GC(87) Pause Full (System.gc()) 770M->770M(5939M) 1674.558ms
[161.432s][info][gc,metaspace] GC(88) Metaspace: 21381K(21760K)->21381K(21760K) NonClass: 17639K(17856K)->17639K(17856K) Class: 3741K(3904K)->3741K(3904K)
[161.432s][info][gc          ] GC(88) Pause Full (System.gc()) 770M->770M(5939M) 1721.648ms
[163.164s][info][gc,metaspace] GC(89) Metaspace: 21381K(21760K)->21381K(21760K) NonClass: 17639K(17856K)->17639K(17856K) Class: 3741K(3904K)->3741K(3904K)
[163.164s][info][gc          ] GC(89) Pause Full (System.gc()) 770M->770M(5939M) 1732.240ms
[164.886s][info][gc,metaspace] GC(90) Metaspace: 21381K(21760K)->21381K(21760K) NonClass: 17639K(17856K)->17639K(17856K) Class: 3741K(3904K)->3741K(3904K)
[164.886s][info][gc          ] GC(90) Pause Full (System.gc()) 770M->770M(5939M) 1721.596ms
[166.560s][info][gc,metaspace] GC(91) Metaspace: 21381K(21760K)->21381K(21760K) NonClass: 17639K(17856K)->17639K(17856K) Class: 3741K(3904K)->3741K(3904K)
[166.560s][info][gc          ] GC(91) Pause Full (System.gc()) 770M->770M(5939M) 1673.860ms
[168.281s][info][gc,metaspace] GC(92) Metaspace: 21381K(21760K)->21381K(21760K) NonClass: 17639K(17856K)->17639K(17856K) Class: 3741K(3904K)->3741K(3904K)
[168.281s][info][gc          ] GC(92) Pause Full (System.gc()) 770M->770M(5939M) 1721.172ms
[170.006s][info][gc,metaspace] GC(93) Metaspace: 21381K(21760K)->21381K(21760K) NonClass: 17639K(17856K)->17639K(17856K) Class: 3741K(3904K)->3741K(3904K)
[170.006s][info][gc          ] GC(93) Pause Full (System.gc()) 770M->770M(5939M) 1724.490ms
[171.681s][info][gc,metaspace] GC(94) Metaspace: 21381K(21760K)->21381K(21760K) NonClass: 17639K(17856K)->17639K(17856K) Class: 3741K(3904K)->3741K(3904K)
[171.681s][info][gc          ] GC(94) Pause Full (System.gc()) 770M->770M(5939M) 1674.817ms
[173.403s][info][gc,metaspace] GC(95) Metaspace: 21381K(21760K)->21381K(21760K) NonClass: 17639K(17856K)->17639K(17856K) Class: 3741K(3904K)->3741K(3904K)
[173.403s][info][gc          ] GC(95) Pause Full (System.gc()) 770M->770M(5939M) 1718.208ms
[175.129s][info][gc,metaspace] GC(96) Metaspace: 21381K(21760K)->21381K(21760K) NonClass: 17639K(17856K)->17639K(17856K) Class: 3741K(3904K)->3741K(3904K)
[175.129s][info][gc          ] GC(96) Pause Full (System.gc()) 770M->770M(5939M) 1725.795ms
[176.860s][info][gc,metaspace] GC(97) Metaspace: 21381K(21760K)->21381K(21760K) NonClass: 17639K(17856K)->17639K(17856K) Class: 3741K(3904K)->3741K(3904K)
[176.860s][info][gc          ] GC(97) Pause Full (System.gc()) 770M->770M(5939M) 1730.545ms
[178.535s][info][gc,metaspace] GC(98) Metaspace: 21381K(21760K)->21381K(21760K) NonClass: 17639K(17856K)->17639K(17856K) Class: 3741K(3904K)->3741K(3904K)
[178.535s][info][gc          ] GC(98) Pause Full (System.gc()) 770M->770M(5939M) 1674.870ms
[180.256s][info][gc,metaspace] GC(99) Metaspace: 21381K(21760K)->21381K(21760K) NonClass: 17639K(17856K)->17639K(17856K) Class: 3741K(3904K)->3741K(3904K)
[180.256s][info][gc          ] GC(99) Pause Full (System.gc()) 770M->770M(5939M) 1721.251ms
[181.983s][info][gc,metaspace] GC(100) Metaspace: 21381K(21760K)->21381K(21760K) NonClass: 17639K(17856K)->17639K(17856K) Class: 3741K(3904K)->3741K(3904K)
[181.983s][info][gc          ] GC(100) Pause Full (System.gc()) 770M->770M(5939M) 1727.043ms
After GCs... 
