Done; will start GCs... 
[7.338s][info][gc,metaspace] GC(1) Metaspace: 25192K(26496K)->25192K(26496K) NonClass: 19423K(19648K)->19423K(19648K) Class: 5769K(6848K)->5769K(6848K)
[7.338s][info][gc          ] GC(1) Pause Full (System.gc()) 881M->770M(5939M) 2711.394ms
[9.032s][info][gc,metaspace] GC(2) Metaspace: 25192K(26496K)->25192K(26496K) NonClass: 19423K(19648K)->19423K(19648K) Class: 5769K(6848K)->5769K(6848K)
[9.032s][info][gc          ] GC(2) Pause Full (System.gc()) 770M->770M(5939M) 1693.633ms
[11.388s][info][gc,metaspace] GC(3) Metaspace: 25192K(26496K)->25192K(26496K) NonClass: 19423K(19648K)->19423K(19648K) Class: 5769K(6848K)->5769K(6848K)
[11.388s][info][gc          ] GC(3) Pause Full (System.gc()) 770M->770M(5939M) 2355.526ms
[13.083s][info][gc,metaspace] GC(4) Metaspace: 25192K(26496K)->25192K(26496K) NonClass: 19423K(19648K)->19423K(19648K) Class: 5769K(6848K)->5769K(6848K)
[13.083s][info][gc          ] GC(4) Pause Full (System.gc()) 770M->770M(5939M) 1695.120ms
[14.775s][info][gc,metaspace] GC(5) Metaspace: 25192K(26496K)->25192K(26496K) NonClass: 19423K(19648K)->19423K(19648K) Class: 5769K(6848K)->5769K(6848K)
[14.775s][info][gc          ] GC(5) Pause Full (System.gc()) 770M->770M(5939M) 1692.531ms
[17.037s][info][gc,metaspace] GC(6) Metaspace: 25192K(26496K)->25192K(26496K) NonClass: 19423K(19648K)->19423K(19648K) Class: 5769K(6848K)->5769K(6848K)
[17.037s][info][gc          ] GC(6) Pause Full (System.gc()) 770M->770M(5939M) 2260.891ms
[19.148s][info][gc,metaspace] GC(7) Metaspace: 25192K(26496K)->25192K(26496K) NonClass: 19423K(19648K)->19423K(19648K) Class: 5769K(6848K)->5769K(6848K)
[19.148s][info][gc          ] GC(7) Pause Full (System.gc()) 770M->770M(5939M) 2111.067ms
[20.839s][info][gc,metaspace] GC(8) Metaspace: 25192K(26496K)->25192K(26496K) NonClass: 19423K(19648K)->19423K(19648K) Class: 5769K(6848K)->5769K(6848K)
[20.839s][info][gc          ] GC(8) Pause Full (System.gc()) 770M->770M(5939M) 1691.517ms
[22.484s][info][gc,metaspace] GC(9) Metaspace: 25192K(26496K)->25192K(26496K) NonClass: 19423K(19648K)->19423K(19648K) Class: 5769K(6848K)->5769K(6848K)
[22.484s][info][gc          ] GC(9) Pause Full (System.gc()) 770M->770M(5939M) 1644.217ms
[24.179s][info][gc,metaspace] GC(10) Metaspace: 25192K(26496K)->25192K(26496K) NonClass: 19423K(19648K)->19423K(19648K) Class: 5769K(6848K)->5769K(6848K)
[24.179s][info][gc          ] GC(10) Pause Full (System.gc()) 770M->770M(5939M) 1695.328ms
[25.870s][info][gc,metaspace] GC(11) Metaspace: 25192K(26496K)->25192K(26496K) NonClass: 19423K(19648K)->19423K(19648K) Class: 5769K(6848K)->5769K(6848K)
[25.870s][info][gc          ] GC(11) Pause Full (System.gc()) 770M->770M(5939M) 1690.440ms
[27.514s][info][gc,metaspace] GC(12) Metaspace: 25192K(26496K)->25192K(26496K) NonClass: 19423K(19648K)->19423K(19648K) Class: 5769K(6848K)->5769K(6848K)
[27.514s][info][gc          ] GC(12) Pause Full (System.gc()) 770M->770M(5939M) 1643.986ms
[29.206s][info][gc,metaspace] GC(13) Metaspace: 25192K(26496K)->25192K(26496K) NonClass: 19423K(19648K)->19423K(19648K) Class: 5769K(6848K)->5769K(6848K)
[29.206s][info][gc          ] GC(13) Pause Full (System.gc()) 770M->770M(5939M) 1691.762ms
[30.896s][info][gc,metaspace] GC(14) Metaspace: 25192K(26496K)->25192K(26496K) NonClass: 19423K(19648K)->19423K(19648K) Class: 5769K(6848K)->5769K(6848K)
[30.897s][info][gc          ] GC(14) Pause Full (System.gc()) 770M->770M(5939M) 1690.860ms
[32.541s][info][gc,metaspace] GC(15) Metaspace: 25192K(26496K)->25192K(26496K) NonClass: 19423K(19648K)->19423K(19648K) Class: 5769K(6848K)->5769K(6848K)
[32.541s][info][gc          ] GC(15) Pause Full (System.gc()) 770M->770M(5939M) 1644.059ms
[34.236s][info][gc,metaspace] GC(16) Metaspace: 25192K(26496K)->25192K(26496K) NonClass: 19423K(19648K)->19423K(19648K) Class: 5769K(6848K)->5769K(6848K)
[34.236s][info][gc          ] GC(16) Pause Full (System.gc()) 770M->770M(5939M) 1695.623ms
[35.927s][info][gc,metaspace] GC(17) Metaspace: 25192K(26496K)->25192K(26496K) NonClass: 19423K(19648K)->19423K(19648K) Class: 5769K(6848K)->5769K(6848K)
[35.927s][info][gc          ] GC(17) Pause Full (System.gc()) 770M->770M(5939M) 1686.181ms
[37.572s][info][gc,metaspace] GC(18) Metaspace: 25192K(26496K)->25192K(26496K) NonClass: 19423K(19648K)->19423K(19648K) Class: 5769K(6848K)->5769K(6848K)
[37.572s][info][gc          ] GC(18) Pause Full (System.gc()) 770M->770M(5939M) 1644.628ms
[39.263s][info][gc,metaspace] GC(19) Metaspace: 25192K(26496K)->25192K(26496K) NonClass: 19423K(19648K)->19423K(19648K) Class: 5769K(6848K)->5769K(6848K)
[39.263s][info][gc          ] GC(19) Pause Full (System.gc()) 770M->770M(5939M) 1691.645ms
[40.954s][info][gc,metaspace] GC(20) Metaspace: 25192K(26496K)->25192K(26496K) NonClass: 19423K(19648K)->19423K(19648K) Class: 5769K(6848K)->5769K(6848K)
[40.954s][info][gc          ] GC(20) Pause Full (System.gc()) 770M->770M(5939M) 1690.944ms
[42.599s][info][gc,metaspace] GC(21) Metaspace: 25192K(26496K)->25192K(26496K) NonClass: 19423K(19648K)->19423K(19648K) Class: 5769K(6848K)->5769K(6848K)
[42.599s][info][gc          ] GC(21) Pause Full (System.gc()) 770M->770M(5939M) 1644.139ms
[44.291s][info][gc,metaspace] GC(22) Metaspace: 25192K(26496K)->25192K(26496K) NonClass: 19423K(19648K)->19423K(19648K) Class: 5769K(6848K)->5769K(6848K)
[44.291s][info][gc          ] GC(22) Pause Full (System.gc()) 770M->770M(5939M) 1691.832ms
[45.985s][info][gc,metaspace] GC(23) Metaspace: 25192K(26496K)->25192K(26496K) NonClass: 19423K(19648K)->19423K(19648K) Class: 5769K(6848K)->5769K(6848K)
[45.985s][info][gc          ] GC(23) Pause Full (System.gc()) 770M->770M(5939M) 1694.652ms
[47.630s][info][gc,metaspace] GC(24) Metaspace: 25192K(26496K)->25192K(26496K) NonClass: 19423K(19648K)->19423K(19648K) Class: 5769K(6848K)->5769K(6848K)
[47.630s][info][gc          ] GC(24) Pause Full (System.gc()) 770M->770M(5939M) 1644.154ms
[49.321s][info][gc,metaspace] GC(25) Metaspace: 25192K(26496K)->25192K(26496K) NonClass: 19423K(19648K)->19423K(19648K) Class: 5769K(6848K)->5769K(6848K)
[49.321s][info][gc          ] GC(25) Pause Full (System.gc()) 770M->770M(5939M) 1691.569ms
[51.012s][info][gc,metaspace] GC(26) Metaspace: 25192K(26496K)->25192K(26496K) NonClass: 19423K(19648K)->19423K(19648K) Class: 5769K(6848K)->5769K(6848K)
[51.012s][info][gc          ] GC(26) Pause Full (System.gc()) 770M->770M(5939M) 1690.567ms
[52.656s][info][gc,metaspace] GC(27) Metaspace: 25192K(26496K)->25192K(26496K) NonClass: 19423K(19648K)->19423K(19648K) Class: 5769K(6848K)->5769K(6848K)
[52.656s][info][gc          ] GC(27) Pause Full (System.gc()) 770M->770M(5939M) 1643.739ms
[54.347s][info][gc,metaspace] GC(28) Metaspace: 25192K(26496K)->25192K(26496K) NonClass: 19423K(19648K)->19423K(19648K) Class: 5769K(6848K)->5769K(6848K)
[54.348s][info][gc          ] GC(28) Pause Full (System.gc()) 770M->770M(5939M) 1691.576ms
[56.042s][info][gc,metaspace] GC(29) Metaspace: 25192K(26496K)->25192K(26496K) NonClass: 19423K(19648K)->19423K(19648K) Class: 5769K(6848K)->5769K(6848K)
[56.043s][info][gc          ] GC(29) Pause Full (System.gc()) 770M->770M(5939M) 1694.904ms
[57.687s][info][gc,metaspace] GC(30) Metaspace: 25192K(26496K)->25192K(26496K) NonClass: 19423K(19648K)->19423K(19648K) Class: 5769K(6848K)->5769K(6848K)
[57.687s][info][gc          ] GC(30) Pause Full (System.gc()) 770M->770M(5939M) 1644.602ms
[59.379s][info][gc,metaspace] GC(31) Metaspace: 25192K(26496K)->25192K(26496K) NonClass: 19423K(19648K)->19423K(19648K) Class: 5769K(6848K)->5769K(6848K)
[59.379s][info][gc          ] GC(31) Pause Full (System.gc()) 770M->770M(5939M) 1691.276ms
[61.070s][info][gc,metaspace] GC(32) Metaspace: 25192K(26496K)->25192K(26496K) NonClass: 19423K(19648K)->19423K(19648K) Class: 5769K(6848K)->5769K(6848K)
[61.070s][info][gc          ] GC(32) Pause Full (System.gc()) 770M->770M(5939M) 1691.077ms
[62.765s][info][gc,metaspace] GC(33) Metaspace: 25192K(26496K)->25192K(26496K) NonClass: 19423K(19648K)->19423K(19648K) Class: 5769K(6848K)->5769K(6848K)
[62.765s][info][gc          ] GC(33) Pause Full (System.gc()) 770M->770M(5939M) 1695.350ms
[64.663s][info][gc,metaspace] GC(34) Metaspace: 25192K(26496K)->25192K(26496K) NonClass: 19423K(19648K)->19423K(19648K) Class: 5769K(6848K)->5769K(6848K)
[64.663s][info][gc          ] GC(34) Pause Full (System.gc()) 770M->770M(5939M) 1897.731ms
[66.950s][info][gc,metaspace] GC(35) Metaspace: 25192K(26496K)->25192K(26496K) NonClass: 19423K(19648K)->19423K(19648K) Class: 5769K(6848K)->5769K(6848K)
[66.950s][info][gc          ] GC(35) Pause Full (System.gc()) 787M->770M(5939M) 2286.464ms
[68.588s][info][gc,metaspace] GC(36) Metaspace: 25192K(26496K)->25192K(26496K) NonClass: 19423K(19648K)->19423K(19648K) Class: 5769K(6848K)->5769K(6848K)
[68.588s][info][gc          ] GC(36) Pause Full (System.gc()) 770M->770M(5939M) 1638.538ms
[70.282s][info][gc,metaspace] GC(37) Metaspace: 25192K(26496K)->25192K(26496K) NonClass: 19423K(19648K)->19423K(19648K) Class: 5769K(6848K)->5769K(6848K)
[70.282s][info][gc          ] GC(37) Pause Full (System.gc()) 770M->770M(5939M) 1693.747ms
[71.971s][info][gc,metaspace] GC(38) Metaspace: 25192K(26496K)->25192K(26496K) NonClass: 19423K(19648K)->19423K(19648K) Class: 5769K(6848K)->5769K(6848K)
[71.971s][info][gc          ] GC(38) Pause Full (System.gc()) 770M->770M(5939M) 1688.920ms
[73.614s][info][gc,metaspace] GC(39) Metaspace: 25192K(26496K)->25192K(26496K) NonClass: 19423K(19648K)->19423K(19648K) Class: 5769K(6848K)->5769K(6848K)
[73.615s][info][gc          ] GC(39) Pause Full (System.gc()) 770M->770M(5939M) 1638.991ms
[75.304s][info][gc,metaspace] GC(40) Metaspace: 25192K(26496K)->25192K(26496K) NonClass: 19423K(19648K)->19423K(19648K) Class: 5769K(6848K)->5769K(6848K)
[75.304s][info][gc          ] GC(40) Pause Full (System.gc()) 770M->770M(5939M) 1689.528ms
[76.993s][info][gc,metaspace] GC(41) Metaspace: 25192K(26496K)->25192K(26496K) NonClass: 19423K(19648K)->19423K(19648K) Class: 5769K(6848K)->5769K(6848K)
[76.993s][info][gc          ] GC(41) Pause Full (System.gc()) 770M->770M(5939M) 1689.116ms
[78.636s][info][gc,metaspace] GC(42) Metaspace: 25192K(26496K)->25192K(26496K) NonClass: 19423K(19648K)->19423K(19648K) Class: 5769K(6848K)->5769K(6848K)
[78.636s][info][gc          ] GC(42) Pause Full (System.gc()) 770M->770M(5939M) 1638.653ms
[80.327s][info][gc,metaspace] GC(43) Metaspace: 25192K(26496K)->25192K(26496K) NonClass: 19423K(19648K)->19423K(19648K) Class: 5769K(6848K)->5769K(6848K)
[80.327s][info][gc          ] GC(43) Pause Full (System.gc()) 770M->770M(5939M) 1690.973ms
[82.022s][info][gc,metaspace] GC(44) Metaspace: 25192K(26496K)->25192K(26496K) NonClass: 19423K(19648K)->19423K(19648K) Class: 5769K(6848K)->5769K(6848K)
[82.022s][info][gc          ] GC(44) Pause Full (System.gc()) 770M->770M(5939M) 1694.230ms
[83.665s][info][gc,metaspace] GC(45) Metaspace: 25192K(26496K)->25192K(26496K) NonClass: 19423K(19648K)->19423K(19648K) Class: 5769K(6848K)->5769K(6848K)
[83.665s][info][gc          ] GC(45) Pause Full (System.gc()) 770M->770M(5939M) 1639.127ms
[85.355s][info][gc,metaspace] GC(46) Metaspace: 25192K(26496K)->25192K(26496K) NonClass: 19423K(19648K)->19423K(19648K) Class: 5769K(6848K)->5769K(6848K)
[85.355s][info][gc          ] GC(46) Pause Full (System.gc()) 770M->770M(5939M) 1690.131ms
[87.045s][info][gc,metaspace] GC(47) Metaspace: 25192K(26496K)->25192K(26496K) NonClass: 19423K(19648K)->19423K(19648K) Class: 5769K(6848K)->5769K(6848K)
[87.045s][info][gc          ] GC(47) Pause Full (System.gc()) 770M->770M(5939M) 1689.408ms
[88.740s][info][gc,metaspace] GC(48) Metaspace: 25192K(26496K)->25192K(26496K) NonClass: 19423K(19648K)->19423K(19648K) Class: 5769K(6848K)->5769K(6848K)
[88.740s][info][gc          ] GC(48) Pause Full (System.gc()) 770M->770M(5939M) 1690.835ms
[90.380s][info][gc,metaspace] GC(49) Metaspace: 25192K(26496K)->25192K(26496K) NonClass: 19423K(19648K)->19423K(19648K) Class: 5769K(6848K)->5769K(6848K)
[90.380s][info][gc          ] GC(49) Pause Full (System.gc()) 770M->770M(5939M) 1639.687ms
[92.073s][info][gc,metaspace] GC(50) Metaspace: 25192K(26496K)->25192K(26496K) NonClass: 19423K(19648K)->19423K(19648K) Class: 5769K(6848K)->5769K(6848K)
[92.073s][info][gc          ] GC(50) Pause Full (System.gc()) 770M->770M(5939M) 1693.194ms
[93.764s][info][gc,metaspace] GC(51) Metaspace: 25192K(26496K)->25192K(26496K) NonClass: 19423K(19648K)->19423K(19648K) Class: 5769K(6848K)->5769K(6848K)
[93.764s][info][gc          ] GC(51) Pause Full (System.gc()) 770M->770M(5939M) 1686.348ms
[95.650s][info][gc,metaspace] GC(52) Metaspace: 25192K(26496K)->25192K(26496K) NonClass: 19423K(19648K)->19423K(19648K) Class: 5769K(6848K)->5769K(6848K)
[95.650s][info][gc          ] GC(52) Pause Full (System.gc()) 770M->770M(5939M) 1885.770ms
[97.339s][info][gc,metaspace] GC(53) Metaspace: 25192K(26496K)->25192K(26496K) NonClass: 19423K(19648K)->19423K(19648K) Class: 5769K(6848K)->5769K(6848K)
[97.339s][info][gc          ] GC(53) Pause Full (System.gc()) 770M->770M(5939M) 1689.356ms
[99.034s][info][gc,metaspace] GC(54) Metaspace: 25192K(26496K)->25192K(26496K) NonClass: 19423K(19648K)->19423K(19648K) Class: 5769K(6848K)->5769K(6848K)
[99.034s][info][gc          ] GC(54) Pause Full (System.gc()) 770M->770M(5939M) 1690.436ms
[100.673s][info][gc,metaspace] GC(55) Metaspace: 25192K(26496K)->25192K(26496K) NonClass: 19423K(19648K)->19423K(19648K) Class: 5769K(6848K)->5769K(6848K)
[100.673s][info][gc          ] GC(55) Pause Full (System.gc()) 770M->770M(5939M) 1638.922ms
[102.367s][info][gc,metaspace] GC(56) Metaspace: 25192K(26496K)->25192K(26496K) NonClass: 19423K(19648K)->19423K(19648K) Class: 5769K(6848K)->5769K(6848K)
[102.367s][info][gc          ] GC(56) Pause Full (System.gc()) 770M->770M(5939M) 1693.714ms
[104.057s][info][gc,metaspace] GC(57) Metaspace: 25192K(26496K)->25192K(26496K) NonClass: 19423K(19648K)->19423K(19648K) Class: 5769K(6848K)->5769K(6848K)
[104.057s][info][gc          ] GC(57) Pause Full (System.gc()) 770M->770M(5939M) 1686.021ms
[105.747s][info][gc,metaspace] GC(58) Metaspace: 25192K(26496K)->25192K(26496K) NonClass: 19423K(19648K)->19423K(19648K) Class: 5769K(6848K)->5769K(6848K)
[105.747s][info][gc          ] GC(58) Pause Full (System.gc()) 770M->770M(5939M) 1689.925ms
[108.004s][info][gc,metaspace] GC(59) Metaspace: 25192K(26496K)->25192K(26496K) NonClass: 19423K(19648K)->19423K(19648K) Class: 5769K(6848K)->5769K(6848K)
[108.004s][info][gc          ] GC(59) Pause Full (System.gc()) 770M->770M(5939M) 2256.812ms
[109.643s][info][gc,metaspace] GC(60) Metaspace: 25192K(26496K)->25192K(26496K) NonClass: 19423K(19648K)->19423K(19648K) Class: 5769K(6848K)->5769K(6848K)
[109.643s][info][gc          ] GC(60) Pause Full (System.gc()) 770M->770M(5939M) 1639.168ms
[111.337s][info][gc,metaspace] GC(61) Metaspace: 25192K(26496K)->25192K(26496K) NonClass: 19423K(19648K)->19423K(19648K) Class: 5769K(6848K)->5769K(6848K)
[111.337s][info][gc          ] GC(61) Pause Full (System.gc()) 770M->770M(5939M) 1693.787ms
[113.027s][info][gc,metaspace] GC(62) Metaspace: 25192K(26496K)->25192K(26496K) NonClass: 19423K(19648K)->19423K(19648K) Class: 5769K(6848K)->5769K(6848K)
[113.027s][info][gc          ] GC(62) Pause Full (System.gc()) 770M->770M(5939M) 1690.080ms
[114.672s][info][gc,metaspace] GC(63) Metaspace: 25192K(26496K)->25192K(26496K) NonClass: 19423K(19648K)->19423K(19648K) Class: 5769K(6848K)->5769K(6848K)
[114.672s][info][gc          ] GC(63) Pause Full (System.gc()) 770M->770M(5939M) 1640.118ms
[116.362s][info][gc,metaspace] GC(64) Metaspace: 25192K(26496K)->25192K(26496K) NonClass: 19423K(19648K)->19423K(19648K) Class: 5769K(6848K)->5769K(6848K)
[116.362s][info][gc          ] GC(64) Pause Full (System.gc()) 770M->770M(5939M) 1689.687ms
[118.055s][info][gc,metaspace] GC(65) Metaspace: 25192K(26496K)->25192K(26496K) NonClass: 19423K(19648K)->19423K(19648K) Class: 5769K(6848K)->5769K(6848K)
[118.056s][info][gc          ] GC(65) Pause Full (System.gc()) 770M->770M(5939M) 1693.694ms
[119.747s][info][gc,metaspace] GC(66) Metaspace: 25192K(26496K)->25192K(26496K) NonClass: 19423K(19648K)->19423K(19648K) Class: 5769K(6848K)->5769K(6848K)
[119.747s][info][gc          ] GC(66) Pause Full (System.gc()) 770M->770M(5939M) 1686.667ms
[121.636s][info][gc,metaspace] GC(67) Metaspace: 25192K(26496K)->25192K(26496K) NonClass: 19423K(19648K)->19423K(19648K) Class: 5769K(6848K)->5769K(6848K)
[121.636s][info][gc          ] GC(67) Pause Full (System.gc()) 770M->770M(5939M) 1889.227ms
[123.326s][info][gc,metaspace] GC(68) Metaspace: 25192K(26496K)->25192K(26496K) NonClass: 19423K(19648K)->19423K(19648K) Class: 5769K(6848K)->5769K(6848K)
[123.326s][info][gc          ] GC(68) Pause Full (System.gc()) 770M->770M(5939M) 1689.818ms
[125.016s][info][gc,metaspace] GC(69) Metaspace: 25192K(26496K)->25192K(26496K) NonClass: 19423K(19648K)->19423K(19648K) Class: 5769K(6848K)->5769K(6848K)
[125.016s][info][gc          ] GC(69) Pause Full (System.gc()) 770M->770M(5939M) 1685.894ms
[126.659s][info][gc,metaspace] GC(70) Metaspace: 25192K(26496K)->25192K(26496K) NonClass: 19423K(19648K)->19423K(19648K) Class: 5769K(6848K)->5769K(6848K)
[126.659s][info][gc          ] GC(70) Pause Full (System.gc()) 770M->770M(5939M) 1642.901ms
[128.352s][info][gc,metaspace] GC(71) Metaspace: 25192K(26496K)->25192K(26496K) NonClass: 19423K(19648K)->19423K(19648K) Class: 5769K(6848K)->5769K(6848K)
[128.352s][info][gc          ] GC(71) Pause Full (System.gc()) 770M->770M(5939M) 1693.238ms
[130.043s][info][gc,metaspace] GC(72) Metaspace: 25192K(26496K)->25192K(26496K) NonClass: 19423K(19648K)->19423K(19648K) Class: 5769K(6848K)->5769K(6848K)
[130.043s][info][gc          ] GC(72) Pause Full (System.gc()) 787M->770M(5939M) 1685.808ms
[131.686s][info][gc,metaspace] GC(73) Metaspace: 25192K(26496K)->25192K(26496K) NonClass: 19423K(19648K)->19423K(19648K) Class: 5769K(6848K)->5769K(6848K)
[131.686s][info][gc          ] GC(73) Pause Full (System.gc()) 770M->770M(5939M) 1643.214ms
[133.375s][info][gc,metaspace] GC(74) Metaspace: 25192K(26496K)->25192K(26496K) NonClass: 19423K(19648K)->19423K(19648K) Class: 5769K(6848K)->5769K(6848K)
[133.375s][info][gc          ] GC(74) Pause Full (System.gc()) 770M->770M(5939M) 1689.126ms
[135.065s][info][gc,metaspace] GC(75) Metaspace: 25192K(26496K)->25192K(26496K) NonClass: 19423K(19648K)->19423K(19648K) Class: 5769K(6848K)->5769K(6848K)
[135.065s][info][gc          ] GC(75) Pause Full (System.gc()) 770M->770M(5939M) 1685.808ms
[136.761s][info][gc,metaspace] GC(76) Metaspace: 25192K(26496K)->25192K(26496K) NonClass: 19423K(19648K)->19423K(19648K) Class: 5769K(6848K)->5769K(6848K)
[136.761s][info][gc          ] GC(76) Pause Full (System.gc()) 770M->770M(5939M) 1695.292ms
[139.014s][info][gc,metaspace] GC(77) Metaspace: 25192K(26496K)->25192K(26496K) NonClass: 19423K(19648K)->19423K(19648K) Class: 5769K(6848K)->5769K(6848K)
[139.014s][info][gc          ] GC(77) Pause Full (System.gc()) 770M->770M(5939M) 2252.843ms
[141.132s][info][gc,metaspace] GC(78) Metaspace: 25192K(26496K)->25192K(26496K) NonClass: 19423K(19648K)->19423K(19648K) Class: 5769K(6848K)->5769K(6848K)
[141.132s][info][gc          ] GC(78) Pause Full (System.gc()) 770M->770M(5939M) 2118.215ms
[142.822s][info][gc,metaspace] GC(79) Metaspace: 25192K(26496K)->25192K(26496K) NonClass: 19423K(19648K)->19423K(19648K) Class: 5769K(6848K)->5769K(6848K)
[142.822s][info][gc          ] GC(79) Pause Full (System.gc()) 770M->770M(5939M) 1689.938ms
[144.464s][info][gc,metaspace] GC(80) Metaspace: 25192K(26496K)->25192K(26496K) NonClass: 19423K(19648K)->19423K(19648K) Class: 5769K(6848K)->5769K(6848K)
[144.464s][info][gc          ] GC(80) Pause Full (System.gc()) 770M->770M(5939M) 1642.374ms
[146.155s][info][gc,metaspace] GC(81) Metaspace: 25192K(26496K)->25192K(26496K) NonClass: 19423K(19648K)->19423K(19648K) Class: 5769K(6848K)->5769K(6848K)
[146.155s][info][gc          ] GC(81) Pause Full (System.gc()) 770M->770M(5939M) 1686.253ms
[147.846s][info][gc,metaspace] GC(82) Metaspace: 25192K(26496K)->25192K(26496K) NonClass: 19423K(19648K)->19423K(19648K) Class: 5769K(6848K)->5769K(6848K)
[147.846s][info][gc          ] GC(82) Pause Full (System.gc()) 770M->770M(5939M) 1691.159ms
[149.488s][info][gc,metaspace] GC(83) Metaspace: 25192K(26496K)->25192K(26496K) NonClass: 19423K(19648K)->19423K(19648K) Class: 5769K(6848K)->5769K(6848K)
[149.488s][info][gc          ] GC(83) Pause Full (System.gc()) 770M->770M(5939M) 1641.787ms
[151.178s][info][gc,metaspace] GC(84) Metaspace: 25192K(26496K)->25192K(26496K) NonClass: 19423K(19648K)->19423K(19648K) Class: 5769K(6848K)->5769K(6848K)
[151.178s][info][gc          ] GC(84) Pause Full (System.gc()) 770M->770M(5939M) 1685.616ms
[152.873s][info][gc,metaspace] GC(85) Metaspace: 25192K(26496K)->25192K(26496K) NonClass: 19423K(19648K)->19423K(19648K) Class: 5769K(6848K)->5769K(6848K)
[152.873s][info][gc          ] GC(85) Pause Full (System.gc()) 770M->770M(5939M) 1694.394ms
[154.511s][info][gc,metaspace] GC(86) Metaspace: 25192K(26496K)->25192K(26496K) NonClass: 19423K(19648K)->19423K(19648K) Class: 5769K(6848K)->5769K(6848K)
[154.511s][info][gc          ] GC(86) Pause Full (System.gc()) 770M->770M(5939M) 1638.011ms
[156.205s][info][gc,metaspace] GC(87) Metaspace: 25192K(26496K)->25192K(26496K) NonClass: 19423K(19648K)->19423K(19648K) Class: 5769K(6848K)->5769K(6848K)
[156.205s][info][gc          ] GC(87) Pause Full (System.gc()) 770M->770M(5939M) 1689.808ms
[157.895s][info][gc,metaspace] GC(88) Metaspace: 25192K(26496K)->25192K(26496K) NonClass: 19423K(19648K)->19423K(19648K) Class: 5769K(6848K)->5769K(6848K)
[157.895s][info][gc          ] GC(88) Pause Full (System.gc()) 770M->770M(5939M) 1690.247ms
[159.538s][info][gc,metaspace] GC(89) Metaspace: 25192K(26496K)->25192K(26496K) NonClass: 19423K(19648K)->19423K(19648K) Class: 5769K(6848K)->5769K(6848K)
[159.538s][info][gc          ] GC(89) Pause Full (System.gc()) 770M->770M(5939M) 1642.663ms
[161.228s][info][gc,metaspace] GC(90) Metaspace: 25192K(26496K)->25192K(26496K) NonClass: 19423K(19648K)->19423K(19648K) Class: 5769K(6848K)->5769K(6848K)
[161.228s][info][gc          ] GC(90) Pause Full (System.gc()) 770M->770M(5939M) 1689.590ms
[162.922s][info][gc,metaspace] GC(91) Metaspace: 25192K(26496K)->25192K(26496K) NonClass: 19423K(19648K)->19423K(19648K) Class: 5769K(6848K)->5769K(6848K)
[162.922s][info][gc          ] GC(91) Pause Full (System.gc()) 770M->770M(5939M) 1694.604ms
[164.561s][info][gc,metaspace] GC(92) Metaspace: 25192K(26496K)->25192K(26496K) NonClass: 19423K(19648K)->19423K(19648K) Class: 5769K(6848K)->5769K(6848K)
[164.561s][info][gc          ] GC(92) Pause Full (System.gc()) 770M->770M(5939M) 1638.875ms
[166.256s][info][gc,metaspace] GC(93) Metaspace: 25192K(26496K)->25192K(26496K) NonClass: 19423K(19648K)->19423K(19648K) Class: 5769K(6848K)->5769K(6848K)
[166.256s][info][gc          ] GC(93) Pause Full (System.gc()) 770M->770M(5939M) 1689.891ms
[167.947s][info][gc,metaspace] GC(94) Metaspace: 25192K(26496K)->25192K(26496K) NonClass: 19423K(19648K)->19423K(19648K) Class: 5769K(6848K)->5769K(6848K)
[167.947s][info][gc          ] GC(94) Pause Full (System.gc()) 770M->770M(5939M) 1691.017ms
[169.589s][info][gc,metaspace] GC(95) Metaspace: 25192K(26496K)->25192K(26496K) NonClass: 19423K(19648K)->19423K(19648K) Class: 5769K(6848K)->5769K(6848K)
[169.589s][info][gc          ] GC(95) Pause Full (System.gc()) 770M->770M(5939M) 1642.334ms
[171.279s][info][gc,metaspace] GC(96) Metaspace: 25192K(26496K)->25192K(26496K) NonClass: 19423K(19648K)->19423K(19648K) Class: 5769K(6848K)->5769K(6848K)
[171.279s][info][gc          ] GC(96) Pause Full (System.gc()) 770M->770M(5939M) 1689.893ms
[173.002s][info][gc,metaspace] GC(97) Metaspace: 25192K(26496K)->25192K(26496K) NonClass: 19423K(19648K)->19423K(19648K) Class: 5769K(6848K)->5769K(6848K)
[173.002s][info][gc          ] GC(97) Pause Full (System.gc()) 770M->770M(5939M) 1722.824ms
[174.640s][info][gc,metaspace] GC(98) Metaspace: 25192K(26496K)->25192K(26496K) NonClass: 19423K(19648K)->19423K(19648K) Class: 5769K(6848K)->5769K(6848K)
[174.640s][info][gc          ] GC(98) Pause Full (System.gc()) 770M->770M(5939M) 1637.845ms
[176.335s][info][gc,metaspace] GC(99) Metaspace: 25192K(26496K)->25192K(26496K) NonClass: 19423K(19648K)->19423K(19648K) Class: 5769K(6848K)->5769K(6848K)
[176.335s][info][gc          ] GC(99) Pause Full (System.gc()) 770M->770M(5939M) 1690.776ms
[178.025s][info][gc,metaspace] GC(100) Metaspace: 25192K(26496K)->25192K(26496K) NonClass: 19423K(19648K)->19423K(19648K) Class: 5769K(6848K)->5769K(6848K)
[178.025s][info][gc          ] GC(100) Pause Full (System.gc()) 770M->770M(5939M) 1690.053ms
After GCs... 
