Done; will start GCs... 
[34.626s][info][gc,metaspace] GC(10) Metaspace: 43142K(46848K)->43142K(46848K) NonClass: 33177K(34816K)->33177K(34816K) Class: 9965K(12032K)->9965K(12032K)
[34.627s][info][gc          ] GC(10) Pause Full (System.gc()) 951M->778M(5939M) 5072.500ms
[37.857s][info][gc,metaspace] GC(11) Metaspace: 43142K(46848K)->43142K(46848K) NonClass: 33177K(34816K)->33177K(34816K) Class: 9965K(12032K)->9965K(12032K)
[37.857s][info][gc          ] GC(11) Pause Full (System.gc()) 778M->778M(5939M) 3230.235ms
[42.788s][info][gc,metaspace] GC(12) Metaspace: 43142K(46848K)->43142K(46848K) NonClass: 33177K(34816K)->33177K(34816K) Class: 9965K(12032K)->9965K(12032K)
[42.788s][info][gc          ] GC(12) Pause Full (System.gc()) 778M->778M(5939M) 4930.981ms
[46.013s][info][gc,metaspace] GC(13) Metaspace: 43142K(46848K)->43142K(46848K) NonClass: 33177K(34816K)->33177K(34816K) Class: 9965K(12032K)->9965K(12032K)
[46.013s][info][gc          ] GC(13) Pause Full (System.gc()) 778M->778M(5939M) 3224.525ms
[49.287s][info][gc,metaspace] GC(14) Metaspace: 43142K(46848K)->43142K(46848K) NonClass: 33177K(34816K)->33177K(34816K) Class: 9965K(12032K)->9965K(12032K)
[49.287s][info][gc          ] GC(14) Pause Full (System.gc()) 778M->778M(5939M) 3273.569ms
[52.510s][info][gc,metaspace] GC(15) Metaspace: 43142K(46848K)->43142K(46848K) NonClass: 33177K(34816K)->33177K(34816K) Class: 9965K(12032K)->9965K(12032K)
[52.510s][info][gc          ] GC(15) Pause Full (System.gc()) 778M->778M(5939M) 3222.763ms
[55.731s][info][gc,metaspace] GC(16) Metaspace: 43142K(46848K)->43142K(46848K) NonClass: 33177K(34816K)->33177K(34816K) Class: 9965K(12032K)->9965K(12032K)
[55.731s][info][gc          ] GC(16) Pause Full (System.gc()) 778M->778M(5939M) 3220.737ms
[59.403s][info][gc,metaspace] GC(17) Metaspace: 43142K(46848K)->43142K(46848K) NonClass: 33177K(34816K)->33177K(34816K) Class: 9965K(12032K)->9965K(12032K)
[59.403s][info][gc          ] GC(17) Pause Full (System.gc()) 778M->778M(5939M) 3672.127ms
[62.640s][info][gc,metaspace] GC(18) Metaspace: 43142K(46848K)->43142K(46848K) NonClass: 33177K(34816K)->33177K(34816K) Class: 9965K(12032K)->9965K(12032K)
[62.640s][info][gc          ] GC(18) Pause Full (System.gc()) 778M->778M(5939M) 3236.242ms
[65.862s][info][gc,metaspace] GC(19) Metaspace: 43142K(46848K)->43142K(46848K) NonClass: 33177K(34816K)->33177K(34816K) Class: 9965K(12032K)->9965K(12032K)
[65.862s][info][gc          ] GC(19) Pause Full (System.gc()) 778M->778M(5939M) 3221.819ms
[70.674s][info][gc,metaspace] GC(20) Metaspace: 43142K(46848K)->43142K(46848K) NonClass: 33177K(34816K)->33177K(34816K) Class: 9965K(12032K)->9965K(12032K)
[70.674s][info][gc          ] GC(20) Pause Full (System.gc()) 788M->778M(5939M) 4811.459ms
[73.901s][info][gc,metaspace] GC(21) Metaspace: 43142K(46848K)->43142K(46848K) NonClass: 33177K(34816K)->33177K(34816K) Class: 9965K(12032K)->9965K(12032K)
[73.901s][info][gc          ] GC(21) Pause Full (System.gc()) 778M->778M(5939M) 3226.602ms
[77.125s][info][gc,metaspace] GC(22) Metaspace: 43142K(46848K)->43142K(46848K) NonClass: 33177K(34816K)->33177K(34816K) Class: 9965K(12032K)->9965K(12032K)
[77.125s][info][gc          ] GC(22) Pause Full (System.gc()) 778M->778M(5939M) 3224.616ms
[80.396s][info][gc,metaspace] GC(23) Metaspace: 43142K(46848K)->43142K(46848K) NonClass: 33177K(34816K)->33177K(34816K) Class: 9965K(12032K)->9965K(12032K)
[80.396s][info][gc          ] GC(23) Pause Full (System.gc()) 778M->778M(5939M) 3270.009ms
[83.621s][info][gc,metaspace] GC(24) Metaspace: 43142K(46848K)->43142K(46848K) NonClass: 33177K(34816K)->33177K(34816K) Class: 9965K(12032K)->9965K(12032K)
[83.621s][info][gc          ] GC(24) Pause Full (System.gc()) 778M->778M(5939M) 3224.939ms
[86.843s][info][gc,metaspace] GC(25) Metaspace: 43142K(46848K)->43142K(46848K) NonClass: 33177K(34816K)->33177K(34816K) Class: 9965K(12032K)->9965K(12032K)
[86.843s][info][gc          ] GC(25) Pause Full (System.gc()) 778M->778M(5939M) 3222.235ms
[90.518s][info][gc,metaspace] GC(26) Metaspace: 43142K(46848K)->43142K(46848K) NonClass: 33177K(34816K)->33177K(34816K) Class: 9965K(12032K)->9965K(12032K)
[90.518s][info][gc          ] GC(26) Pause Full (System.gc()) 778M->778M(5939M) 3674.866ms
[93.742s][info][gc,metaspace] GC(27) Metaspace: 43142K(46848K)->43142K(46848K) NonClass: 33177K(34816K)->33177K(34816K) Class: 9965K(12032K)->9965K(12032K)
[93.742s][info][gc          ] GC(27) Pause Full (System.gc()) 778M->778M(5939M) 3223.161ms
[96.972s][info][gc,metaspace] GC(28) Metaspace: 43142K(46848K)->43142K(46848K) NonClass: 33177K(34816K)->33177K(34816K) Class: 9965K(12032K)->9965K(12032K)
[96.972s][info][gc          ] GC(28) Pause Full (System.gc()) 778M->778M(5939M) 3230.469ms
[100.241s][info][gc,metaspace] GC(29) Metaspace: 43142K(46848K)->43142K(46848K) NonClass: 33177K(34816K)->33177K(34816K) Class: 9965K(12032K)->9965K(12032K)
[100.241s][info][gc          ] GC(29) Pause Full (System.gc()) 778M->778M(5939M) 3268.395ms
[103.464s][info][gc,metaspace] GC(30) Metaspace: 43142K(46848K)->43142K(46848K) NonClass: 33177K(34816K)->33177K(34816K) Class: 9965K(12032K)->9965K(12032K)
[103.464s][info][gc          ] GC(30) Pause Full (System.gc()) 778M->778M(5939M) 3222.681ms
[106.691s][info][gc,metaspace] GC(31) Metaspace: 43142K(46848K)->43142K(46848K) NonClass: 33177K(34816K)->33177K(34816K) Class: 9965K(12032K)->9965K(12032K)
[106.691s][info][gc          ] GC(31) Pause Full (System.gc()) 778M->778M(5939M) 3227.560ms
[109.914s][info][gc,metaspace] GC(32) Metaspace: 43142K(46848K)->43142K(46848K) NonClass: 33177K(34816K)->33177K(34816K) Class: 9965K(12032K)->9965K(12032K)
[109.914s][info][gc          ] GC(32) Pause Full (System.gc()) 778M->778M(5939M) 3222.762ms
[113.141s][info][gc,metaspace] GC(33) Metaspace: 43142K(46848K)->43142K(46848K) NonClass: 33177K(34816K)->33177K(34816K) Class: 9965K(12032K)->9965K(12032K)
[113.141s][info][gc          ] GC(33) Pause Full (System.gc()) 778M->778M(5939M) 3226.784ms
[116.412s][info][gc,metaspace] GC(34) Metaspace: 43142K(46848K)->43142K(46848K) NonClass: 33177K(34816K)->33177K(34816K) Class: 9965K(12032K)->9965K(12032K)
[116.412s][info][gc          ] GC(34) Pause Full (System.gc()) 778M->778M(5939M) 3270.613ms
[119.639s][info][gc,metaspace] GC(35) Metaspace: 43142K(46848K)->43142K(46848K) NonClass: 33177K(34816K)->33177K(34816K) Class: 9965K(12032K)->9965K(12032K)
[119.639s][info][gc          ] GC(35) Pause Full (System.gc()) 778M->778M(5939M) 3226.686ms
[122.862s][info][gc,metaspace] GC(36) Metaspace: 43142K(46848K)->43142K(46848K) NonClass: 33177K(34816K)->33177K(34816K) Class: 9965K(12032K)->9965K(12032K)
[122.862s][info][gc          ] GC(36) Pause Full (System.gc()) 778M->778M(5939M) 3222.748ms
[126.085s][info][gc,metaspace] GC(37) Metaspace: 43142K(46848K)->43142K(46848K) NonClass: 33177K(34816K)->33177K(34816K) Class: 9965K(12032K)->9965K(12032K)
[126.085s][info][gc          ] GC(37) Pause Full (System.gc()) 778M->778M(5939M) 3222.440ms
[129.359s][info][gc,metaspace] GC(38) Metaspace: 43142K(46848K)->43142K(46848K) NonClass: 33177K(34816K)->33177K(34816K) Class: 9965K(12032K)->9965K(12032K)
[129.359s][info][gc          ] GC(38) Pause Full (System.gc()) 778M->778M(5939M) 3274.490ms
[132.585s][info][gc,metaspace] GC(39) Metaspace: 43142K(46848K)->43142K(46848K) NonClass: 33177K(34816K)->33177K(34816K) Class: 9965K(12032K)->9965K(12032K)
[132.585s][info][gc          ] GC(39) Pause Full (System.gc()) 788M->778M(5939M) 3224.972ms
[135.813s][info][gc,metaspace] GC(40) Metaspace: 43142K(46848K)->43142K(46848K) NonClass: 33177K(34816K)->33177K(34816K) Class: 9965K(12032K)->9965K(12032K)
[135.813s][info][gc          ] GC(40) Pause Full (System.gc()) 778M->778M(5939M) 3228.213ms
[139.034s][info][gc,metaspace] GC(41) Metaspace: 43142K(46848K)->43142K(46848K) NonClass: 33177K(34816K)->33177K(34816K) Class: 9965K(12032K)->9965K(12032K)
[139.034s][info][gc          ] GC(41) Pause Full (System.gc()) 778M->778M(5939M) 3220.681ms
[142.309s][info][gc,metaspace] GC(42) Metaspace: 43142K(46848K)->43142K(46848K) NonClass: 33177K(34816K)->33177K(34816K) Class: 9965K(12032K)->9965K(12032K)
[142.309s][info][gc          ] GC(42) Pause Full (System.gc()) 778M->778M(5939M) 3275.200ms
[145.530s][info][gc,metaspace] GC(43) Metaspace: 43142K(46848K)->43142K(46848K) NonClass: 33177K(34816K)->33177K(34816K) Class: 9965K(12032K)->9965K(12032K)
[145.530s][info][gc          ] GC(43) Pause Full (System.gc()) 778M->778M(5939M) 3220.795ms
[148.754s][info][gc,metaspace] GC(44) Metaspace: 43142K(46848K)->43142K(46848K) NonClass: 33177K(34816K)->33177K(34816K) Class: 9965K(12032K)->9965K(12032K)
[148.754s][info][gc          ] GC(44) Pause Full (System.gc()) 778M->778M(5939M) 3223.693ms
[151.977s][info][gc,metaspace] GC(45) Metaspace: 43142K(46848K)->43142K(46848K) NonClass: 33177K(34816K)->33177K(34816K) Class: 9965K(12032K)->9965K(12032K)
[151.977s][info][gc          ] GC(45) Pause Full (System.gc()) 778M->778M(5939M) 3222.819ms
[155.255s][info][gc,metaspace] GC(46) Metaspace: 43142K(46848K)->43142K(46848K) NonClass: 33177K(34816K)->33177K(34816K) Class: 9965K(12032K)->9965K(12032K)
[155.255s][info][gc          ] GC(46) Pause Full (System.gc()) 778M->778M(5939M) 3277.549ms
[158.482s][info][gc,metaspace] GC(47) Metaspace: 43142K(46848K)->43142K(46848K) NonClass: 33177K(34816K)->33177K(34816K) Class: 9965K(12032K)->9965K(12032K)
[158.482s][info][gc          ] GC(47) Pause Full (System.gc()) 778M->778M(5939M) 3227.292ms
[161.706s][info][gc,metaspace] GC(48) Metaspace: 43142K(46848K)->43142K(46848K) NonClass: 33177K(34816K)->33177K(34816K) Class: 9965K(12032K)->9965K(12032K)
[161.706s][info][gc          ] GC(48) Pause Full (System.gc()) 778M->778M(5939M) 3223.045ms
[164.931s][info][gc,metaspace] GC(49) Metaspace: 43142K(46848K)->43142K(46848K) NonClass: 33177K(34816K)->33177K(34816K) Class: 9965K(12032K)->9965K(12032K)
[164.931s][info][gc          ] GC(49) Pause Full (System.gc()) 778M->778M(5939M) 3224.852ms
[168.157s][info][gc,metaspace] GC(50) Metaspace: 43142K(46848K)->43142K(46848K) NonClass: 33177K(34816K)->33177K(34816K) Class: 9965K(12032K)->9965K(12032K)
[168.157s][info][gc          ] GC(50) Pause Full (System.gc()) 778M->778M(5939M) 3225.853ms
[171.434s][info][gc,metaspace] GC(51) Metaspace: 43142K(46848K)->43142K(46848K) NonClass: 33177K(34816K)->33177K(34816K) Class: 9965K(12032K)->9965K(12032K)
[171.434s][info][gc          ] GC(51) Pause Full (System.gc()) 778M->778M(5939M) 3277.254ms
[174.662s][info][gc,metaspace] GC(52) Metaspace: 43142K(46848K)->43142K(46848K) NonClass: 33177K(34816K)->33177K(34816K) Class: 9965K(12032K)->9965K(12032K)
[174.663s][info][gc          ] GC(52) Pause Full (System.gc()) 778M->778M(5939M) 3228.292ms
[177.884s][info][gc,metaspace] GC(53) Metaspace: 43142K(46848K)->43142K(46848K) NonClass: 33177K(34816K)->33177K(34816K) Class: 9965K(12032K)->9965K(12032K)
[177.884s][info][gc          ] GC(53) Pause Full (System.gc()) 778M->778M(5939M) 3220.934ms
[181.106s][info][gc,metaspace] GC(54) Metaspace: 43142K(46848K)->43142K(46848K) NonClass: 33177K(34816K)->33177K(34816K) Class: 9965K(12032K)->9965K(12032K)
[181.106s][info][gc          ] GC(54) Pause Full (System.gc()) 778M->778M(5939M) 3221.935ms
[184.380s][info][gc,metaspace] GC(55) Metaspace: 43142K(46848K)->43142K(46848K) NonClass: 33177K(34816K)->33177K(34816K) Class: 9965K(12032K)->9965K(12032K)
[184.380s][info][gc          ] GC(55) Pause Full (System.gc()) 778M->778M(5939M) 3273.976ms
[187.603s][info][gc,metaspace] GC(56) Metaspace: 43142K(46848K)->43142K(46848K) NonClass: 33177K(34816K)->33177K(34816K) Class: 9965K(12032K)->9965K(12032K)
[187.603s][info][gc          ] GC(56) Pause Full (System.gc()) 778M->778M(5939M) 3222.604ms
[190.826s][info][gc,metaspace] GC(57) Metaspace: 43142K(46848K)->43142K(46848K) NonClass: 33177K(34816K)->33177K(34816K) Class: 9965K(12032K)->9965K(12032K)
[190.826s][info][gc          ] GC(57) Pause Full (System.gc()) 778M->778M(5939M) 3223.565ms
[194.050s][info][gc,metaspace] GC(58) Metaspace: 43142K(46848K)->43142K(46848K) NonClass: 33177K(34816K)->33177K(34816K) Class: 9965K(12032K)->9965K(12032K)
[194.050s][info][gc          ] GC(58) Pause Full (System.gc()) 788M->778M(5939M) 3223.712ms
[197.325s][info][gc,metaspace] GC(59) Metaspace: 43142K(46848K)->43142K(46848K) NonClass: 33177K(34816K)->33177K(34816K) Class: 9965K(12032K)->9965K(12032K)
[197.325s][info][gc          ] GC(59) Pause Full (System.gc()) 778M->778M(5939M) 3274.922ms
[200.550s][info][gc,metaspace] GC(60) Metaspace: 43142K(46848K)->43142K(46848K) NonClass: 33177K(34816K)->33177K(34816K) Class: 9965K(12032K)->9965K(12032K)
[200.550s][info][gc          ] GC(60) Pause Full (System.gc()) 778M->778M(5939M) 3224.861ms
[203.773s][info][gc,metaspace] GC(61) Metaspace: 43142K(46848K)->43142K(46848K) NonClass: 33177K(34816K)->33177K(34816K) Class: 9965K(12032K)->9965K(12032K)
[203.773s][info][gc          ] GC(61) Pause Full (System.gc()) 778M->778M(5939M) 3222.459ms
[206.996s][info][gc,metaspace] GC(62) Metaspace: 43142K(46848K)->43142K(46848K) NonClass: 33177K(34816K)->33177K(34816K) Class: 9965K(12032K)->9965K(12032K)
[206.996s][info][gc          ] GC(62) Pause Full (System.gc()) 778M->778M(5939M) 3222.869ms
[210.269s][info][gc,metaspace] GC(63) Metaspace: 43142K(46848K)->43142K(46848K) NonClass: 33177K(34816K)->33177K(34816K) Class: 9965K(12032K)->9965K(12032K)
[210.269s][info][gc          ] GC(63) Pause Full (System.gc()) 778M->778M(5939M) 3272.454ms
[213.736s][info][gc,metaspace] GC(64) Metaspace: 43142K(46848K)->43142K(46848K) NonClass: 33177K(34816K)->33177K(34816K) Class: 9965K(12032K)->9965K(12032K)
[213.736s][info][gc          ] GC(64) Pause Full (System.gc()) 778M->778M(5939M) 3466.665ms
[216.960s][info][gc,metaspace] GC(65) Metaspace: 43142K(46848K)->43142K(46848K) NonClass: 33177K(34816K)->33177K(34816K) Class: 9965K(12032K)->9965K(12032K)
[216.960s][info][gc          ] GC(65) Pause Full (System.gc()) 778M->778M(5939M) 3224.562ms
[220.183s][info][gc,metaspace] GC(66) Metaspace: 43142K(46848K)->43142K(46848K) NonClass: 33177K(34816K)->33177K(34816K) Class: 9965K(12032K)->9965K(12032K)
[220.183s][info][gc          ] GC(66) Pause Full (System.gc()) 778M->778M(5939M) 3222.211ms
[223.457s][info][gc,metaspace] GC(67) Metaspace: 43142K(46848K)->43142K(46848K) NonClass: 33177K(34816K)->33177K(34816K) Class: 9965K(12032K)->9965K(12032K)
[223.457s][info][gc          ] GC(67) Pause Full (System.gc()) 778M->778M(5939M) 3274.170ms
[226.684s][info][gc,metaspace] GC(68) Metaspace: 43142K(46848K)->43142K(46848K) NonClass: 33177K(34816K)->33177K(34816K) Class: 9965K(12032K)->9965K(12032K)
[226.684s][info][gc          ] GC(68) Pause Full (System.gc()) 778M->778M(5939M) 3226.420ms
[229.906s][info][gc,metaspace] GC(69) Metaspace: 43142K(46848K)->43142K(46848K) NonClass: 33177K(34816K)->33177K(34816K) Class: 9965K(12032K)->9965K(12032K)
[229.906s][info][gc          ] GC(69) Pause Full (System.gc()) 778M->778M(5939M) 3222.195ms
[233.128s][info][gc,metaspace] GC(70) Metaspace: 43142K(46848K)->43142K(46848K) NonClass: 33177K(34816K)->33177K(34816K) Class: 9965K(12032K)->9965K(12032K)
[233.128s][info][gc          ] GC(70) Pause Full (System.gc()) 778M->778M(5939M) 3221.685ms
[236.405s][info][gc,metaspace] GC(71) Metaspace: 43142K(46848K)->43142K(46848K) NonClass: 33177K(34816K)->33177K(34816K) Class: 9965K(12032K)->9965K(12032K)
[236.405s][info][gc          ] GC(71) Pause Full (System.gc()) 778M->778M(5939M) 3276.410ms
[239.627s][info][gc,metaspace] GC(72) Metaspace: 43142K(46848K)->43142K(46848K) NonClass: 33177K(34816K)->33177K(34816K) Class: 9965K(12032K)->9965K(12032K)
[239.627s][info][gc          ] GC(72) Pause Full (System.gc()) 778M->778M(5939M) 3222.243ms
[242.850s][info][gc,metaspace] GC(73) Metaspace: 43142K(46848K)->43142K(46848K) NonClass: 33177K(34816K)->33177K(34816K) Class: 9965K(12032K)->9965K(12032K)
[242.850s][info][gc          ] GC(73) Pause Full (System.gc()) 778M->778M(5939M) 3222.593ms
[246.073s][info][gc,metaspace] GC(74) Metaspace: 43142K(46848K)->43142K(46848K) NonClass: 33177K(34816K)->33177K(34816K) Class: 9965K(12032K)->9965K(12032K)
[246.074s][info][gc          ] GC(74) Pause Full (System.gc()) 778M->778M(5939M) 3223.547ms
[249.346s][info][gc,metaspace] GC(75) Metaspace: 43142K(46848K)->43142K(46848K) NonClass: 33177K(34816K)->33177K(34816K) Class: 9965K(12032K)->9965K(12032K)
[249.346s][info][gc          ] GC(75) Pause Full (System.gc()) 778M->778M(5939M) 3272.258ms
[252.572s][info][gc,metaspace] GC(76) Metaspace: 43142K(46848K)->43142K(46848K) NonClass: 33177K(34816K)->33177K(34816K) Class: 9965K(12032K)->9965K(12032K)
[252.572s][info][gc          ] GC(76) Pause Full (System.gc()) 778M->778M(5939M) 3225.542ms
[255.794s][info][gc,metaspace] GC(77) Metaspace: 43142K(46848K)->43142K(46848K) NonClass: 33177K(34816K)->33177K(34816K) Class: 9965K(12032K)->9965K(12032K)
[255.794s][info][gc          ] GC(77) Pause Full (System.gc()) 788M->778M(5939M) 3222.061ms
[259.016s][info][gc,metaspace] GC(78) Metaspace: 43142K(46848K)->43142K(46848K) NonClass: 33177K(34816K)->33177K(34816K) Class: 9965K(12032K)->9965K(12032K)
[259.016s][info][gc          ] GC(78) Pause Full (System.gc()) 778M->778M(5939M) 3221.841ms
[262.288s][info][gc,metaspace] GC(79) Metaspace: 43142K(46848K)->43142K(46848K) NonClass: 33177K(34816K)->33177K(34816K) Class: 9965K(12032K)->9965K(12032K)
[262.288s][info][gc          ] GC(79) Pause Full (System.gc()) 778M->778M(5939M) 3271.831ms
[265.510s][info][gc,metaspace] GC(80) Metaspace: 43142K(46848K)->43142K(46848K) NonClass: 33177K(34816K)->33177K(34816K) Class: 9965K(12032K)->9965K(12032K)
[265.510s][info][gc          ] GC(80) Pause Full (System.gc()) 778M->778M(5939M) 3221.337ms
[268.733s][info][gc,metaspace] GC(81) Metaspace: 43142K(46848K)->43142K(46848K) NonClass: 33177K(34816K)->33177K(34816K) Class: 9965K(12032K)->9965K(12032K)
[268.733s][info][gc          ] GC(81) Pause Full (System.gc()) 778M->778M(5939M) 3223.381ms
[271.961s][info][gc,metaspace] GC(82) Metaspace: 43142K(46848K)->43142K(46848K) NonClass: 33177K(34816K)->33177K(34816K) Class: 9965K(12032K)->9965K(12032K)
[271.961s][info][gc          ] GC(82) Pause Full (System.gc()) 778M->778M(5939M) 3227.603ms
[275.238s][info][gc,metaspace] GC(83) Metaspace: 43142K(46848K)->43142K(46848K) NonClass: 33177K(34816K)->33177K(34816K) Class: 9965K(12032K)->9965K(12032K)
[275.238s][info][gc          ] GC(83) Pause Full (System.gc()) 778M->778M(5939M) 3276.805ms
[279.706s][info][gc,metaspace] GC(84) Metaspace: 43142K(46848K)->43142K(46848K) NonClass: 33177K(34816K)->33177K(34816K) Class: 9965K(12032K)->9965K(12032K)
[279.706s][info][gc          ] GC(84) Pause Full (System.gc()) 778M->778M(5939M) 4467.414ms
[282.929s][info][gc,metaspace] GC(85) Metaspace: 43142K(46848K)->43142K(46848K) NonClass: 33177K(34816K)->33177K(34816K) Class: 9965K(12032K)->9965K(12032K)
[282.929s][info][gc          ] GC(85) Pause Full (System.gc()) 778M->778M(5939M) 3222.846ms
[286.160s][info][gc,metaspace] GC(86) Metaspace: 43142K(46848K)->43142K(46848K) NonClass: 33177K(34816K)->33177K(34816K) Class: 9965K(12032K)->9965K(12032K)
[286.160s][info][gc          ] GC(86) Pause Full (System.gc()) 778M->778M(5939M) 3231.634ms
[289.439s][info][gc,metaspace] GC(87) Metaspace: 43142K(46848K)->43142K(46848K) NonClass: 33177K(34816K)->33177K(34816K) Class: 9965K(12032K)->9965K(12032K)
[289.439s][info][gc          ] GC(87) Pause Full (System.gc()) 778M->778M(5939M) 3278.084ms
[292.659s][info][gc,metaspace] GC(88) Metaspace: 43142K(46848K)->43142K(46848K) NonClass: 33177K(34816K)->33177K(34816K) Class: 9965K(12032K)->9965K(12032K)
[292.659s][info][gc          ] GC(88) Pause Full (System.gc()) 778M->778M(5939M) 3220.055ms
[295.882s][info][gc,metaspace] GC(89) Metaspace: 43142K(46848K)->43142K(46848K) NonClass: 33177K(34816K)->33177K(34816K) Class: 9965K(12032K)->9965K(12032K)
[295.882s][info][gc          ] GC(89) Pause Full (System.gc()) 778M->778M(5939M) 3222.429ms
[299.103s][info][gc,metaspace] GC(90) Metaspace: 43142K(46848K)->43142K(46848K) NonClass: 33177K(34816K)->33177K(34816K) Class: 9965K(12032K)->9965K(12032K)
[299.103s][info][gc          ] GC(90) Pause Full (System.gc()) 778M->778M(5939M) 3221.709ms
[302.378s][info][gc,metaspace] GC(91) Metaspace: 43142K(46848K)->43142K(46848K) NonClass: 33177K(34816K)->33177K(34816K) Class: 9965K(12032K)->9965K(12032K)
[302.378s][info][gc          ] GC(91) Pause Full (System.gc()) 778M->778M(5939M) 3274.614ms
[305.604s][info][gc,metaspace] GC(92) Metaspace: 43142K(46848K)->43142K(46848K) NonClass: 33177K(34816K)->33177K(34816K) Class: 9965K(12032K)->9965K(12032K)
[305.604s][info][gc          ] GC(92) Pause Full (System.gc()) 778M->778M(5939M) 3225.689ms
[308.826s][info][gc,metaspace] GC(93) Metaspace: 43142K(46848K)->43142K(46848K) NonClass: 33177K(34816K)->33177K(34816K) Class: 9965K(12032K)->9965K(12032K)
[308.826s][info][gc          ] GC(93) Pause Full (System.gc()) 778M->778M(5939M) 3221.790ms
[312.049s][info][gc,metaspace] GC(94) Metaspace: 43142K(46848K)->43142K(46848K) NonClass: 33177K(34816K)->33177K(34816K) Class: 9965K(12032K)->9965K(12032K)
[312.049s][info][gc          ] GC(94) Pause Full (System.gc()) 778M->778M(5939M) 3223.063ms
[315.324s][info][gc,metaspace] GC(95) Metaspace: 43142K(46848K)->43142K(46848K) NonClass: 33177K(34816K)->33177K(34816K) Class: 9965K(12032K)->9965K(12032K)
[315.324s][info][gc          ] GC(95) Pause Full (System.gc()) 778M->778M(5939M) 3274.971ms
[318.545s][info][gc,metaspace] GC(96) Metaspace: 43142K(46848K)->43142K(46848K) NonClass: 33177K(34816K)->33177K(34816K) Class: 9965K(12032K)->9965K(12032K)
[318.545s][info][gc          ] GC(96) Pause Full (System.gc()) 788M->778M(5939M) 3221.035ms
[321.801s][info][gc,metaspace] GC(97) Metaspace: 43142K(46848K)->43142K(46848K) NonClass: 33177K(34816K)->33177K(34816K) Class: 9965K(12032K)->9965K(12032K)
[321.801s][info][gc          ] GC(97) Pause Full (System.gc()) 778M->778M(5939M) 3255.984ms
[325.022s][info][gc,metaspace] GC(98) Metaspace: 43142K(46848K)->43142K(46848K) NonClass: 33177K(34816K)->33177K(34816K) Class: 9965K(12032K)->9965K(12032K)
[325.022s][info][gc          ] GC(98) Pause Full (System.gc()) 778M->778M(5939M) 3220.880ms
[328.296s][info][gc,metaspace] GC(99) Metaspace: 43142K(46848K)->43142K(46848K) NonClass: 33177K(34816K)->33177K(34816K) Class: 9965K(12032K)->9965K(12032K)
[328.296s][info][gc          ] GC(99) Pause Full (System.gc()) 778M->778M(5939M) 3273.684ms
[331.524s][info][gc,metaspace] GC(100) Metaspace: 43142K(46848K)->43142K(46848K) NonClass: 33177K(34816K)->33177K(34816K) Class: 9965K(12032K)->9965K(12032K)
[331.524s][info][gc          ] GC(100) Pause Full (System.gc()) 778M->778M(5939M) 3228.354ms
[335.117s][info][gc,metaspace] GC(101) Metaspace: 43142K(46848K)->43142K(46848K) NonClass: 33177K(34816K)->33177K(34816K) Class: 9965K(12032K)->9965K(12032K)
[335.117s][info][gc          ] GC(101) Pause Full (System.gc()) 778M->778M(5939M) 3592.788ms
[338.403s][info][gc,metaspace] GC(102) Metaspace: 43142K(46848K)->43142K(46848K) NonClass: 33177K(34816K)->33177K(34816K) Class: 9965K(12032K)->9965K(12032K)
[338.403s][info][gc          ] GC(102) Pause Full (System.gc()) 778M->778M(5939M) 3285.722ms
[341.627s][info][gc,metaspace] GC(103) Metaspace: 43142K(46848K)->43142K(46848K) NonClass: 33177K(34816K)->33177K(34816K) Class: 9965K(12032K)->9965K(12032K)
[341.627s][info][gc          ] GC(103) Pause Full (System.gc()) 778M->778M(5939M) 3224.041ms
[344.851s][info][gc,metaspace] GC(104) Metaspace: 43142K(46848K)->43142K(46848K) NonClass: 33177K(34816K)->33177K(34816K) Class: 9965K(12032K)->9965K(12032K)
[344.851s][info][gc          ] GC(104) Pause Full (System.gc()) 778M->778M(5939M) 3223.589ms
[348.078s][info][gc,metaspace] GC(105) Metaspace: 43142K(46848K)->43142K(46848K) NonClass: 33177K(34816K)->33177K(34816K) Class: 9965K(12032K)->9965K(12032K)
[348.078s][info][gc          ] GC(105) Pause Full (System.gc()) 778M->778M(5939M) 3227.144ms
[351.355s][info][gc,metaspace] GC(106) Metaspace: 43142K(46848K)->43142K(46848K) NonClass: 33177K(34816K)->33177K(34816K) Class: 9965K(12032K)->9965K(12032K)
[351.355s][info][gc          ] GC(106) Pause Full (System.gc()) 778M->778M(5939M) 3277.191ms
[354.577s][info][gc,metaspace] GC(107) Metaspace: 43142K(46848K)->43142K(46848K) NonClass: 33177K(34816K)->33177K(34816K) Class: 9965K(12032K)->9965K(12032K)
[354.577s][info][gc          ] GC(107) Pause Full (System.gc()) 778M->778M(5939M) 3221.965ms
[357.805s][info][gc,metaspace] GC(108) Metaspace: 43142K(46848K)->43142K(46848K) NonClass: 33177K(34816K)->33177K(34816K) Class: 9965K(12032K)->9965K(12032K)
[357.805s][info][gc          ] GC(108) Pause Full (System.gc()) 778M->778M(5939M) 3227.508ms
[361.029s][info][gc,metaspace] GC(109) Metaspace: 43142K(46848K)->43142K(46848K) NonClass: 33177K(34816K)->33177K(34816K) Class: 9965K(12032K)->9965K(12032K)
[361.029s][info][gc          ] GC(109) Pause Full (System.gc()) 778M->778M(5939M) 3223.594ms
After GCs... 
