Done; will start GCs... 
[22.198s][info][gc          ] Trigger: GC request (System.gc())
[22.200s][info][gc          ] GC(10) Concurrent reset 2.142ms
[22.200s][info][gc          ] GC(10) Pause Init Mark (unload classes) 0.043ms
[22.201s][info][gc          ] GC(10) Concurrent marking roots 0.131ms
[23.368s][info][gc          ] GC(10) Concurrent marking (unload classes) 1167.637ms
[23.369s][info][gc          ] GC(10) Pause Final Mark (unload classes) 0.179ms
[23.369s][info][gc          ] GC(10) Concurrent weak references 0.042ms
[23.369s][info][gc          ] GC(10) Concurrent weak roots 0.339ms
[23.369s][info][gc          ] GC(10) Concurrent cleanup 1800M->1798M(6144M) 0.051ms
[23.370s][info][gc          ] GC(10) Concurrent class unloading 0.652ms
[23.370s][info][gc          ] GC(10) Pause Final Roots 0.003ms
[23.370s][info][gc,metaspace] Metaspace: 11302K(11712K)->11302K(11712K) NonClass: 10202K(10496K)->10202K(10496K) Class: 1099K(1216K)->1099K(1216K)
[23.371s][info][gc          ] Trigger: GC request (System.gc())
[23.373s][info][gc          ] GC(11) Concurrent reset 2.214ms
[23.373s][info][gc          ] GC(11) Pause Init Mark (unload classes) 0.046ms
[23.373s][info][gc          ] GC(11) Concurrent marking roots 0.099ms
[25.320s][info][gc          ] GC(11) Concurrent marking (unload classes) 1946.112ms
[25.320s][info][gc          ] GC(11) Pause Final Mark (unload classes) 0.169ms
[25.320s][info][gc          ] GC(11) Concurrent weak references 0.059ms
[25.320s][info][gc          ] GC(11) Concurrent weak roots 0.314ms
[25.320s][info][gc          ] GC(11) Concurrent cleanup 1798M->1798M(6144M) 0.051ms
[25.321s][info][gc          ] GC(11) Concurrent class unloading 0.632ms
[25.321s][info][gc          ] GC(11) Pause Final Roots 0.003ms
[25.321s][info][gc,metaspace] Metaspace: 11302K(11712K)->11302K(11712K) NonClass: 10202K(10496K)->10202K(10496K) Class: 1099K(1216K)->1099K(1216K)
[25.323s][info][gc          ] Trigger: GC request (System.gc())
[25.326s][info][gc          ] GC(12) Concurrent reset 2.416ms
[25.326s][info][gc          ] GC(12) Pause Init Mark (unload classes) 0.040ms
[25.326s][info][gc          ] GC(12) Concurrent marking roots 0.091ms
[26.816s][info][gc          ] GC(12) Concurrent marking (unload classes) 1489.675ms
[26.816s][info][gc          ] GC(12) Pause Final Mark (unload classes) 0.205ms
[26.816s][info][gc          ] GC(12) Concurrent weak references 0.052ms
[26.816s][info][gc          ] GC(12) Concurrent weak roots 0.327ms
[26.816s][info][gc          ] GC(12) Concurrent cleanup 1798M->1798M(6144M) 0.051ms
[26.817s][info][gc          ] GC(12) Concurrent class unloading 0.779ms
[26.817s][info][gc          ] GC(12) Pause Final Roots 0.003ms
[26.817s][info][gc,metaspace] Metaspace: 11302K(11712K)->11302K(11712K) NonClass: 10202K(10496K)->10202K(10496K) Class: 1099K(1216K)->1099K(1216K)
[26.821s][info][gc          ] Trigger: GC request (System.gc())
[26.824s][info][gc          ] GC(13) Concurrent reset 2.362ms
[26.824s][info][gc          ] GC(13) Pause Init Mark (unload classes) 0.048ms
[26.824s][info][gc          ] GC(13) Concurrent marking roots 0.098ms
[28.602s][info][gc          ] GC(13) Concurrent marking (unload classes) 1777.804ms
[28.602s][info][gc          ] GC(13) Pause Final Mark (unload classes) 0.185ms
[28.602s][info][gc          ] GC(13) Concurrent weak references 0.067ms
[28.603s][info][gc          ] GC(13) Concurrent weak roots 0.316ms
[28.603s][info][gc          ] GC(13) Concurrent cleanup 1798M->1798M(6144M) 0.051ms
[28.603s][info][gc          ] GC(13) Concurrent class unloading 0.661ms
[28.603s][info][gc          ] GC(13) Pause Final Roots 0.004ms
[28.603s][info][gc,metaspace] Metaspace: 11302K(11712K)->11302K(11712K) NonClass: 10202K(10496K)->10202K(10496K) Class: 1099K(1216K)->1099K(1216K)
[28.611s][info][gc          ] Trigger: GC request (System.gc())
[28.614s][info][gc          ] GC(14) Concurrent reset 2.457ms
[28.614s][info][gc          ] GC(14) Pause Init Mark (unload classes) 0.043ms
[28.614s][info][gc          ] GC(14) Concurrent marking roots 0.088ms
[30.493s][info][gc          ] GC(14) Concurrent marking (unload classes) 1878.520ms
[30.493s][info][gc          ] GC(14) Pause Final Mark (unload classes) 0.178ms
[30.493s][info][gc          ] GC(14) Concurrent weak references 0.044ms
[30.493s][info][gc          ] GC(14) Concurrent weak roots 0.316ms
[30.494s][info][gc          ] GC(14) Concurrent cleanup 1798M->1798M(6144M) 0.051ms
[30.494s][info][gc          ] GC(14) Concurrent class unloading 0.608ms
[30.494s][info][gc          ] GC(14) Pause Final Roots 0.003ms
[30.494s][info][gc,metaspace] Metaspace: 11302K(11712K)->11302K(11712K) NonClass: 10202K(10496K)->10202K(10496K) Class: 1099K(1216K)->1099K(1216K)
[30.504s][info][gc          ] Trigger: GC request (System.gc())
[30.507s][info][gc          ] GC(15) Concurrent reset 2.695ms
[30.507s][info][gc          ] GC(15) Pause Init Mark (unload classes) 0.043ms
[30.507s][info][gc          ] GC(15) Concurrent marking roots 0.094ms
[31.988s][info][gc          ] GC(15) Concurrent marking (unload classes) 1480.357ms
[31.988s][info][gc          ] GC(15) Pause Final Mark (unload classes) 0.192ms
[31.988s][info][gc          ] GC(15) Concurrent weak references 0.051ms
[31.988s][info][gc          ] GC(15) Concurrent weak roots 0.286ms
[31.988s][info][gc          ] GC(15) Concurrent cleanup 1798M->1798M(6144M) 0.051ms
[31.989s][info][gc          ] GC(15) Concurrent class unloading 0.630ms
[31.989s][info][gc          ] GC(15) Pause Final Roots 0.003ms
[31.989s][info][gc,metaspace] Metaspace: 11302K(11712K)->11302K(11712K) NonClass: 10202K(10496K)->10202K(10496K) Class: 1099K(1216K)->1099K(1216K)
[31.999s][info][gc          ] Trigger: GC request (System.gc())
[32.002s][info][gc          ] GC(16) Concurrent reset 2.498ms
[32.002s][info][gc          ] GC(16) Pause Init Mark (unload classes) 0.048ms
[32.002s][info][gc          ] GC(16) Concurrent marking roots 0.086ms
[33.654s][info][gc          ] GC(16) Concurrent marking (unload classes) 1651.988ms
[33.654s][info][gc          ] GC(16) Pause Final Mark (unload classes) 0.193ms
[33.659s][info][gc          ] GC(16) Concurrent weak references 0.048ms
[33.659s][info][gc          ] GC(16) Concurrent weak roots 0.332ms
[33.659s][info][gc          ] GC(16) Concurrent cleanup 1798M->1798M(6144M) 0.050ms
[33.660s][info][gc          ] GC(16) Concurrent class unloading 0.645ms
[33.660s][info][gc          ] GC(16) Pause Final Roots 0.003ms
[33.660s][info][gc,metaspace] Metaspace: 11302K(11712K)->11302K(11712K) NonClass: 10202K(10496K)->10202K(10496K) Class: 1099K(1216K)->1099K(1216K)
[33.670s][info][gc          ] Trigger: GC request (System.gc())
[33.672s][info][gc          ] GC(17) Concurrent reset 2.316ms
[33.672s][info][gc          ] GC(17) Pause Init Mark (unload classes) 0.050ms
[33.673s][info][gc          ] GC(17) Concurrent marking roots 0.129ms
[35.278s][info][gc          ] GC(17) Concurrent marking (unload classes) 1605.016ms
[35.278s][info][gc          ] GC(17) Pause Final Mark (unload classes) 0.187ms
[35.278s][info][gc          ] GC(17) Concurrent weak references 0.075ms
[35.278s][info][gc          ] GC(17) Concurrent weak roots 0.314ms
[35.278s][info][gc          ] GC(17) Concurrent cleanup 1798M->1798M(6144M) 0.051ms
[35.279s][info][gc          ] GC(17) Concurrent class unloading 0.709ms
[35.279s][info][gc          ] GC(17) Pause Final Roots 0.003ms
[35.279s][info][gc,metaspace] Metaspace: 11302K(11712K)->11302K(11712K) NonClass: 10202K(10496K)->10202K(10496K) Class: 1099K(1216K)->1099K(1216K)
[35.289s][info][gc          ] Trigger: GC request (System.gc())
[35.292s][info][gc          ] GC(18) Concurrent reset 2.588ms
[35.292s][info][gc          ] GC(18) Pause Init Mark (unload classes) 0.042ms
[35.292s][info][gc          ] GC(18) Concurrent marking roots 0.095ms
[36.996s][info][gc          ] GC(18) Concurrent marking (unload classes) 1703.591ms
[36.996s][info][gc          ] GC(18) Pause Final Mark (unload classes) 0.194ms
[36.996s][info][gc          ] GC(18) Concurrent weak references 0.046ms
[36.997s][info][gc          ] GC(18) Concurrent weak roots 0.341ms
[36.997s][info][gc          ] GC(18) Concurrent cleanup 1798M->1798M(6144M) 0.050ms
[36.997s][info][gc          ] GC(18) Concurrent class unloading 0.650ms
[36.997s][info][gc          ] GC(18) Pause Final Roots 0.003ms
[36.997s][info][gc,metaspace] Metaspace: 11302K(11712K)->11302K(11712K) NonClass: 10202K(10496K)->10202K(10496K) Class: 1099K(1216K)->1099K(1216K)
[37.007s][info][gc          ] Trigger: GC request (System.gc())
[37.010s][info][gc          ] GC(19) Concurrent reset 2.300ms
[37.010s][info][gc          ] GC(19) Pause Init Mark (unload classes) 0.051ms
[37.010s][info][gc          ] GC(19) Concurrent marking roots 0.111ms
[38.471s][info][gc          ] GC(19) Concurrent marking (unload classes) 1460.467ms
[38.471s][info][gc          ] GC(19) Pause Final Mark (unload classes) 0.192ms
[38.471s][info][gc          ] GC(19) Concurrent weak references 0.043ms
[38.471s][info][gc          ] GC(19) Concurrent weak roots 0.282ms
[38.471s][info][gc          ] GC(19) Concurrent cleanup 1798M->1798M(6144M) 0.051ms
[38.472s][info][gc          ] GC(19) Concurrent class unloading 0.639ms
[38.472s][info][gc          ] GC(19) Pause Final Roots 0.003ms
[38.472s][info][gc,metaspace] Metaspace: 11302K(11712K)->11302K(11712K) NonClass: 10202K(10496K)->10202K(10496K) Class: 1099K(1216K)->1099K(1216K)
[38.482s][info][gc          ] Trigger: GC request (System.gc())
[38.484s][info][gc          ] GC(20) Concurrent reset 2.305ms
[38.485s][info][gc          ] GC(20) Pause Init Mark (unload classes) 0.041ms
[38.485s][info][gc          ] GC(20) Concurrent marking roots 0.106ms
[40.169s][info][gc          ] GC(20) Concurrent marking (unload classes) 1683.827ms
[40.169s][info][gc          ] GC(20) Pause Final Mark (unload classes) 0.202ms
[40.169s][info][gc          ] GC(20) Concurrent weak references 0.059ms
[40.169s][info][gc          ] GC(20) Concurrent weak roots 0.343ms
[40.169s][info][gc          ] GC(20) Concurrent cleanup 1798M->1798M(6144M) 0.059ms
[40.170s][info][gc          ] GC(20) Concurrent class unloading 0.694ms
[40.170s][info][gc          ] GC(20) Pause Final Roots 0.004ms
[40.170s][info][gc,metaspace] Metaspace: 11302K(11712K)->11302K(11712K) NonClass: 10202K(10496K)->10202K(10496K) Class: 1099K(1216K)->1099K(1216K)
[40.180s][info][gc          ] Trigger: GC request (System.gc())
[40.183s][info][gc          ] GC(21) Concurrent reset 2.383ms
[40.183s][info][gc          ] GC(21) Pause Init Mark (unload classes) 0.043ms
[40.183s][info][gc          ] GC(21) Concurrent marking roots 0.112ms
[41.922s][info][gc          ] GC(21) Concurrent marking (unload classes) 1739.161ms
[41.922s][info][gc          ] GC(21) Pause Final Mark (unload classes) 0.184ms
[41.923s][info][gc          ] GC(21) Concurrent weak references 0.076ms
[41.923s][info][gc          ] GC(21) Concurrent weak roots 0.303ms
[41.923s][info][gc          ] GC(21) Concurrent cleanup 1798M->1798M(6144M) 0.051ms
[41.924s][info][gc          ] GC(21) Concurrent class unloading 0.705ms
[41.924s][info][gc          ] GC(21) Pause Final Roots 0.003ms
[41.924s][info][gc,metaspace] Metaspace: 11302K(11712K)->11302K(11712K) NonClass: 10202K(10496K)->10202K(10496K) Class: 1099K(1216K)->1099K(1216K)
[41.934s][info][gc          ] Trigger: GC request (System.gc())
[41.937s][info][gc          ] GC(22) Concurrent reset 2.625ms
[41.937s][info][gc          ] GC(22) Pause Init Mark (unload classes) 0.045ms
[41.937s][info][gc          ] GC(22) Concurrent marking roots 0.100ms
[43.410s][info][gc          ] GC(22) Concurrent marking (unload classes) 1473.047ms
[43.410s][info][gc          ] GC(22) Pause Final Mark (unload classes) 0.160ms
[43.410s][info][gc          ] GC(22) Concurrent weak references 0.068ms
[43.411s][info][gc          ] GC(22) Concurrent weak roots 0.311ms
[43.411s][info][gc          ] GC(22) Concurrent cleanup 1798M->1798M(6144M) 0.051ms
[43.411s][info][gc          ] GC(22) Concurrent class unloading 0.711ms
[43.411s][info][gc          ] GC(22) Pause Final Roots 0.003ms
[43.411s][info][gc,metaspace] Metaspace: 11302K(11712K)->11302K(11712K) NonClass: 10202K(10496K)->10202K(10496K) Class: 1099K(1216K)->1099K(1216K)
[43.422s][info][gc          ] Trigger: GC request (System.gc())
[43.424s][info][gc          ] GC(23) Concurrent reset 2.382ms
[43.424s][info][gc          ] GC(23) Pause Init Mark (unload classes) 0.044ms
[43.424s][info][gc          ] GC(23) Concurrent marking roots 0.111ms
[44.893s][info][gc          ] GC(23) Concurrent marking (unload classes) 1468.736ms
[44.893s][info][gc          ] GC(23) Pause Final Mark (unload classes) 0.184ms
[44.893s][info][gc          ] GC(23) Concurrent weak references 0.044ms
[44.894s][info][gc          ] GC(23) Concurrent weak roots 0.306ms
[44.894s][info][gc          ] GC(23) Concurrent cleanup 1798M->1798M(6144M) 0.051ms
[44.894s][info][gc          ] GC(23) Concurrent class unloading 0.607ms
[44.894s][info][gc          ] GC(23) Pause Final Roots 0.003ms
[44.894s][info][gc,metaspace] Metaspace: 11302K(11712K)->11302K(11712K) NonClass: 10202K(10496K)->10202K(10496K) Class: 1099K(1216K)->1099K(1216K)
[44.905s][info][gc          ] Trigger: GC request (System.gc())
[44.907s][info][gc          ] GC(24) Concurrent reset 2.648ms
[44.907s][info][gc          ] GC(24) Pause Init Mark (unload classes) 0.044ms
[44.907s][info][gc          ] GC(24) Concurrent marking roots 0.094ms
[46.344s][info][gc          ] GC(24) Concurrent marking (unload classes) 1436.567ms
[46.344s][info][gc          ] GC(24) Pause Final Mark (unload classes) 0.183ms
[46.344s][info][gc          ] GC(24) Concurrent weak references 0.040ms
[46.345s][info][gc          ] GC(24) Concurrent weak roots 0.296ms
[46.345s][info][gc          ] GC(24) Concurrent cleanup 1798M->1798M(6144M) 0.051ms
[46.345s][info][gc          ] GC(24) Concurrent class unloading 0.656ms
[46.345s][info][gc          ] GC(24) Pause Final Roots 0.003ms
[46.346s][info][gc,metaspace] Metaspace: 11302K(11712K)->11302K(11712K) NonClass: 10202K(10496K)->10202K(10496K) Class: 1099K(1216K)->1099K(1216K)
[46.356s][info][gc          ] Trigger: GC request (System.gc())
[46.358s][info][gc          ] GC(25) Concurrent reset 2.475ms
[46.358s][info][gc          ] GC(25) Pause Init Mark (unload classes) 0.050ms
[46.358s][info][gc          ] GC(25) Concurrent marking roots 0.106ms
[48.098s][info][gc          ] GC(25) Concurrent marking (unload classes) 1739.888ms
[48.099s][info][gc          ] GC(25) Pause Final Mark (unload classes) 0.190ms
[48.099s][info][gc          ] GC(25) Concurrent weak references 0.050ms
[48.099s][info][gc          ] GC(25) Concurrent weak roots 0.308ms
[48.099s][info][gc          ] GC(25) Concurrent cleanup 1798M->1798M(6144M) 0.050ms
[48.100s][info][gc          ] GC(25) Concurrent class unloading 0.805ms
[48.100s][info][gc          ] GC(25) Pause Final Roots 0.003ms
[48.100s][info][gc,metaspace] Metaspace: 11302K(11712K)->11302K(11712K) NonClass: 10202K(10496K)->10202K(10496K) Class: 1099K(1216K)->1099K(1216K)
[48.110s][info][gc          ] Trigger: GC request (System.gc())
[48.112s][info][gc          ] GC(26) Concurrent reset 2.274ms
[48.113s][info][gc          ] GC(26) Pause Init Mark (unload classes) 0.051ms
[48.113s][info][gc          ] GC(26) Concurrent marking roots 0.116ms
[49.705s][info][gc          ] GC(26) Concurrent marking (unload classes) 1591.875ms
[49.705s][info][gc          ] GC(26) Pause Final Mark (unload classes) 0.189ms
[49.705s][info][gc          ] GC(26) Concurrent weak references 0.044ms
[49.705s][info][gc          ] GC(26) Concurrent weak roots 0.334ms
[49.705s][info][gc          ] GC(26) Concurrent cleanup 1798M->1798M(6144M) 0.051ms
[49.706s][info][gc          ] GC(26) Concurrent class unloading 0.647ms
[49.706s][info][gc          ] GC(26) Pause Final Roots 0.003ms
[49.706s][info][gc,metaspace] Metaspace: 11302K(11712K)->11302K(11712K) NonClass: 10202K(10496K)->10202K(10496K) Class: 1099K(1216K)->1099K(1216K)
[49.716s][info][gc          ] Trigger: GC request (System.gc())
[49.719s][info][gc          ] GC(27) Concurrent reset 2.296ms
[49.719s][info][gc          ] GC(27) Pause Init Mark (unload classes) 0.046ms
[49.719s][info][gc          ] GC(27) Concurrent marking roots 0.117ms
[51.307s][info][gc          ] GC(27) Concurrent marking (unload classes) 1587.901ms
[51.307s][info][gc          ] GC(27) Pause Final Mark (unload classes) 0.190ms
[51.307s][info][gc          ] GC(27) Concurrent weak references 0.073ms
[51.307s][info][gc          ] GC(27) Concurrent weak roots 0.314ms
[51.308s][info][gc          ] GC(27) Concurrent cleanup 1798M->1798M(6144M) 0.051ms
[51.308s][info][gc          ] GC(27) Concurrent class unloading 0.708ms
[51.308s][info][gc          ] GC(27) Pause Final Roots 0.003ms
[51.308s][info][gc,metaspace] Metaspace: 11302K(11712K)->11302K(11712K) NonClass: 10202K(10496K)->10202K(10496K) Class: 1099K(1216K)->1099K(1216K)
[51.318s][info][gc          ] Trigger: GC request (System.gc())
[51.321s][info][gc          ] GC(28) Concurrent reset 2.214ms
[51.321s][info][gc          ] GC(28) Pause Init Mark (unload classes) 0.052ms
[51.321s][info][gc          ] GC(28) Concurrent marking roots 0.112ms
[52.832s][info][gc          ] GC(28) Concurrent marking (unload classes) 1511.126ms
[52.832s][info][gc          ] GC(28) Pause Final Mark (unload classes) 0.193ms
[52.833s][info][gc          ] GC(28) Concurrent weak references 0.045ms
[52.833s][info][gc          ] GC(28) Concurrent weak roots 0.296ms
[52.833s][info][gc          ] GC(28) Concurrent cleanup 1798M->1798M(6144M) 0.051ms
[52.834s][info][gc          ] GC(28) Concurrent class unloading 0.639ms
[52.834s][info][gc          ] GC(28) Pause Final Roots 0.003ms
[52.834s][info][gc,metaspace] Metaspace: 11302K(11712K)->11302K(11712K) NonClass: 10202K(10496K)->10202K(10496K) Class: 1099K(1216K)->1099K(1216K)
[52.844s][info][gc          ] Trigger: GC request (System.gc())
[52.846s][info][gc          ] GC(29) Concurrent reset 2.470ms
[52.846s][info][gc          ] GC(29) Pause Init Mark (unload classes) 0.044ms
[52.847s][info][gc          ] GC(29) Concurrent marking roots 0.112ms
[54.376s][info][gc          ] GC(29) Concurrent marking (unload classes) 1529.271ms
[54.376s][info][gc          ] GC(29) Pause Final Mark (unload classes) 0.185ms
[54.376s][info][gc          ] GC(29) Concurrent weak references 0.042ms
[54.377s][info][gc          ] GC(29) Concurrent weak roots 0.305ms
[54.377s][info][gc          ] GC(29) Concurrent cleanup 1798M->1798M(6144M) 0.051ms
[54.377s][info][gc          ] GC(29) Concurrent class unloading 0.647ms
[54.377s][info][gc          ] GC(29) Pause Final Roots 0.003ms
[54.377s][info][gc,metaspace] Metaspace: 11302K(11712K)->11302K(11712K) NonClass: 10202K(10496K)->10202K(10496K) Class: 1099K(1216K)->1099K(1216K)
[54.387s][info][gc          ] Trigger: GC request (System.gc())
[54.390s][info][gc          ] GC(30) Concurrent reset 2.324ms
[54.390s][info][gc          ] GC(30) Pause Init Mark (unload classes) 0.048ms
[54.390s][info][gc          ] GC(30) Concurrent marking roots 0.141ms
[56.107s][info][gc          ] GC(30) Concurrent marking (unload classes) 1717.128ms
[56.107s][info][gc          ] GC(30) Pause Final Mark (unload classes) 0.193ms
[56.108s][info][gc          ] GC(30) Concurrent weak references 0.045ms
[56.108s][info][gc          ] GC(30) Concurrent weak roots 0.357ms
[56.108s][info][gc          ] GC(30) Concurrent cleanup 1798M->1798M(6144M) 0.060ms
[56.109s][info][gc          ] GC(30) Concurrent class unloading 0.695ms
[56.109s][info][gc          ] GC(30) Pause Final Roots 0.003ms
[56.109s][info][gc,metaspace] Metaspace: 11302K(11712K)->11302K(11712K) NonClass: 10202K(10496K)->10202K(10496K) Class: 1099K(1216K)->1099K(1216K)
[56.119s][info][gc          ] Trigger: GC request (System.gc())
[56.122s][info][gc          ] GC(31) Concurrent reset 2.695ms
[56.122s][info][gc          ] GC(31) Pause Init Mark (unload classes) 0.045ms
[56.122s][info][gc          ] GC(31) Concurrent marking roots 0.097ms
[57.623s][info][gc          ] GC(31) Concurrent marking (unload classes) 1500.679ms
[57.623s][info][gc          ] GC(31) Pause Final Mark (unload classes) 0.182ms
[57.623s][info][gc          ] GC(31) Concurrent weak references 0.069ms
[57.623s][info][gc          ] GC(31) Concurrent weak roots 0.317ms
[57.623s][info][gc          ] GC(31) Concurrent cleanup 1798M->1798M(6144M) 0.051ms
[57.624s][info][gc          ] GC(31) Concurrent class unloading 0.683ms
[57.624s][info][gc          ] GC(31) Pause Final Roots 0.003ms
[57.624s][info][gc,metaspace] Metaspace: 11302K(11712K)->11302K(11712K) NonClass: 10202K(10496K)->10202K(10496K) Class: 1099K(1216K)->1099K(1216K)
[57.634s][info][gc          ] Trigger: GC request (System.gc())
[57.637s][info][gc          ] GC(32) Concurrent reset 2.269ms
[57.637s][info][gc          ] GC(32) Pause Init Mark (unload classes) 0.043ms
[57.637s][info][gc          ] GC(32) Concurrent marking roots 0.099ms
[59.257s][info][gc          ] GC(32) Concurrent marking (unload classes) 1620.048ms
[59.257s][info][gc          ] GC(32) Pause Final Mark (unload classes) 0.183ms
[59.257s][info][gc          ] GC(32) Concurrent weak references 0.043ms
[59.258s][info][gc          ] GC(32) Concurrent weak roots 0.362ms
[59.258s][info][gc          ] GC(32) Concurrent cleanup 1798M->1798M(6144M) 0.050ms
[59.258s][info][gc          ] GC(32) Concurrent class unloading 0.621ms
[59.258s][info][gc          ] GC(32) Pause Final Roots 0.003ms
[59.258s][info][gc,metaspace] Metaspace: 11302K(11712K)->11302K(11712K) NonClass: 10202K(10496K)->10202K(10496K) Class: 1099K(1216K)->1099K(1216K)
[59.269s][info][gc          ] Trigger: GC request (System.gc())
[59.271s][info][gc          ] GC(33) Concurrent reset 2.888ms
[59.272s][info][gc          ] GC(33) Pause Init Mark (unload classes) 0.043ms
[59.272s][info][gc          ] GC(33) Concurrent marking roots 0.114ms
[60.853s][info][gc          ] GC(33) Concurrent marking (unload classes) 1581.345ms
[60.853s][info][gc          ] GC(33) Pause Final Mark (unload classes) 0.173ms
[60.854s][info][gc          ] GC(33) Concurrent weak references 0.077ms
[60.854s][info][gc          ] GC(33) Concurrent weak roots 0.343ms
[60.854s][info][gc          ] GC(33) Concurrent cleanup 1800M->1800M(6144M) 0.059ms
[60.855s][info][gc          ] GC(33) Concurrent class unloading 0.772ms
[60.855s][info][gc          ] GC(33) Pause Final Roots 0.003ms
[60.855s][info][gc,metaspace] Metaspace: 11302K(11712K)->11302K(11712K) NonClass: 10202K(10496K)->10202K(10496K) Class: 1099K(1216K)->1099K(1216K)
[60.856s][info][gc          ] Trigger: GC request (System.gc())
[60.859s][info][gc          ] GC(34) Concurrent reset 2.756ms
[60.859s][info][gc          ] GC(34) Pause Init Mark (unload classes) 0.041ms
[60.859s][info][gc          ] GC(34) Concurrent marking roots 0.080ms
[62.348s][info][gc          ] GC(34) Concurrent marking (unload classes) 1489.398ms
[62.349s][info][gc          ] GC(34) Pause Final Mark (unload classes) 0.180ms
[62.349s][info][gc          ] GC(34) Concurrent thread roots 0.067ms
[62.349s][info][gc          ] GC(34) Concurrent weak references 0.042ms
[62.349s][info][gc          ] GC(34) Concurrent weak roots 0.319ms
[62.349s][info][gc          ] GC(34) Concurrent cleanup 1800M->1800M(6144M) 0.051ms
[62.350s][info][gc          ] GC(34) Concurrent class unloading 0.602ms
[62.350s][info][gc          ] GC(34) Concurrent strong roots 0.051ms
[62.350s][info][gc          ] GC(34) Concurrent evacuation 0.033ms
[62.350s][info][gc          ] GC(34) Pause Init Update Refs 0.006ms
[62.350s][info][gc          ] GC(34) At start of update refs, moving 4096K to Mutator free partition from Collector Reserve
[63.205s][info][gc          ] GC(34) Concurrent update references 855.270ms
[63.206s][info][gc          ] GC(34) Concurrent update thread roots 0.244ms
[63.206s][info][gc          ] GC(34) Pause Final Update Refs 0.057ms
[63.206s][info][gc          ] GC(34) Concurrent cleanup 1800M->1798M(6144M) 0.052ms
[63.206s][info][gc,metaspace] Metaspace: 11302K(11712K)->11302K(11712K) NonClass: 10202K(10496K)->10202K(10496K) Class: 1099K(1216K)->1099K(1216K)
[63.208s][info][gc          ] Trigger: GC request (System.gc())
[63.211s][info][gc          ] GC(35) Concurrent reset 2.739ms
[63.211s][info][gc          ] GC(35) Pause Init Mark (unload classes) 0.043ms
[63.211s][info][gc          ] GC(35) Concurrent marking roots 0.089ms
[65.197s][info][gc          ] GC(35) Concurrent marking (unload classes) 1986.182ms
[65.197s][info][gc          ] GC(35) Pause Final Mark (unload classes) 0.159ms
[65.201s][info][gc          ] GC(35) Concurrent weak references 0.048ms
[65.202s][info][gc          ] GC(35) Concurrent weak roots 0.313ms
[65.202s][info][gc          ] GC(35) Concurrent cleanup 1798M->1798M(6144M) 0.054ms
[65.203s][info][gc          ] GC(35) Concurrent class unloading 0.624ms
[65.203s][info][gc          ] GC(35) Pause Final Roots 0.003ms
[65.203s][info][gc,metaspace] Metaspace: 11302K(11712K)->11302K(11712K) NonClass: 10202K(10496K)->10202K(10496K) Class: 1099K(1216K)->1099K(1216K)
[65.207s][info][gc          ] Trigger: GC request (System.gc())
[65.209s][info][gc          ] GC(36) Concurrent reset 2.310ms
[65.209s][info][gc          ] GC(36) Pause Init Mark (unload classes) 0.049ms
[65.209s][info][gc          ] GC(36) Concurrent marking roots 0.105ms
[66.708s][info][gc          ] GC(36) Concurrent marking (unload classes) 1498.062ms
[66.708s][info][gc          ] GC(36) Pause Final Mark (unload classes) 0.212ms
[66.708s][info][gc          ] GC(36) Concurrent weak references 0.060ms
[66.708s][info][gc          ] GC(36) Concurrent weak roots 0.312ms
[66.708s][info][gc          ] GC(36) Concurrent cleanup 1798M->1798M(6144M) 0.051ms
[66.709s][info][gc          ] GC(36) Concurrent class unloading 0.704ms
[66.709s][info][gc          ] GC(36) Pause Final Roots 0.003ms
[66.709s][info][gc,metaspace] Metaspace: 11302K(11712K)->11302K(11712K) NonClass: 10202K(10496K)->10202K(10496K) Class: 1099K(1216K)->1099K(1216K)
[66.717s][info][gc          ] Trigger: GC request (System.gc())
[66.720s][info][gc          ] GC(37) Concurrent reset 2.465ms
[66.720s][info][gc          ] GC(37) Pause Init Mark (unload classes) 0.044ms
[66.720s][info][gc          ] GC(37) Concurrent marking roots 0.142ms
[68.002s][info][gc          ] GC(37) Concurrent marking (unload classes) 1282.175ms
[68.002s][info][gc          ] GC(37) Pause Final Mark (unload classes) 0.183ms
[68.003s][info][gc          ] GC(37) Concurrent weak references 0.077ms
[68.003s][info][gc          ] GC(37) Concurrent weak roots 0.306ms
[68.003s][info][gc          ] GC(37) Concurrent cleanup 1798M->1798M(6144M) 0.051ms
[68.004s][info][gc          ] GC(37) Concurrent class unloading 0.706ms
[68.004s][info][gc          ] GC(37) Pause Final Roots 0.003ms
[68.004s][info][gc,metaspace] Metaspace: 11302K(11712K)->11302K(11712K) NonClass: 10202K(10496K)->10202K(10496K) Class: 1099K(1216K)->1099K(1216K)
[68.014s][info][gc          ] Trigger: GC request (System.gc())
[68.016s][info][gc          ] GC(38) Concurrent reset 2.232ms
[68.016s][info][gc          ] GC(38) Pause Init Mark (unload classes) 0.045ms
[68.016s][info][gc          ] GC(38) Concurrent marking roots 0.101ms
[69.478s][info][gc          ] GC(38) Concurrent marking (unload classes) 1461.890ms
[69.479s][info][gc          ] GC(38) Pause Final Mark (unload classes) 0.183ms
[69.479s][info][gc          ] GC(38) Concurrent weak references 0.044ms
[69.479s][info][gc          ] GC(38) Concurrent weak roots 0.264ms
[69.479s][info][gc          ] GC(38) Concurrent cleanup 1798M->1798M(6144M) 0.054ms
[69.480s][info][gc          ] GC(38) Concurrent class unloading 0.705ms
[69.480s][info][gc          ] GC(38) Pause Final Roots 0.003ms
[69.480s][info][gc,metaspace] Metaspace: 11302K(11712K)->11302K(11712K) NonClass: 10202K(10496K)->10202K(10496K) Class: 1099K(1216K)->1099K(1216K)
[69.490s][info][gc          ] Trigger: GC request (System.gc())
[69.492s][info][gc          ] GC(39) Concurrent reset 2.396ms
[69.493s][info][gc          ] GC(39) Pause Init Mark (unload classes) 0.047ms
[69.493s][info][gc          ] GC(39) Concurrent marking roots 0.103ms
[71.167s][info][gc          ] GC(39) Concurrent marking (unload classes) 1674.709ms
[71.168s][info][gc          ] GC(39) Pause Final Mark (unload classes) 0.191ms
[71.168s][info][gc          ] GC(39) Concurrent weak references 0.049ms
[71.168s][info][gc          ] GC(39) Concurrent weak roots 0.346ms
[71.168s][info][gc          ] GC(39) Concurrent cleanup 1798M->1798M(6144M) 0.059ms
[71.169s][info][gc          ] GC(39) Concurrent class unloading 0.722ms
[71.169s][info][gc          ] GC(39) Pause Final Roots 0.004ms
[71.169s][info][gc,metaspace] Metaspace: 11302K(11712K)->11302K(11712K) NonClass: 10202K(10496K)->10202K(10496K) Class: 1099K(1216K)->1099K(1216K)
[71.179s][info][gc          ] Trigger: GC request (System.gc())
[71.182s][info][gc          ] GC(40) Concurrent reset 2.519ms
[71.182s][info][gc          ] GC(40) Pause Init Mark (unload classes) 0.048ms
[71.182s][info][gc          ] GC(40) Concurrent marking roots 0.118ms
[72.920s][info][gc          ] GC(40) Concurrent marking (unload classes) 1737.447ms
[72.920s][info][gc          ] GC(40) Pause Final Mark (unload classes) 0.222ms
[72.920s][info][gc          ] GC(40) Concurrent weak references 0.040ms
[72.920s][info][gc          ] GC(40) Concurrent weak roots 0.355ms
[72.920s][info][gc          ] GC(40) Concurrent cleanup 1798M->1798M(6144M) 0.051ms
[72.921s][info][gc          ] GC(40) Concurrent class unloading 0.653ms
[72.921s][info][gc          ] GC(40) Pause Final Roots 0.003ms
[72.921s][info][gc,metaspace] Metaspace: 11302K(11712K)->11302K(11712K) NonClass: 10202K(10496K)->10202K(10496K) Class: 1099K(1216K)->1099K(1216K)
[72.931s][info][gc          ] Trigger: GC request (System.gc())
[72.934s][info][gc          ] GC(41) Concurrent reset 2.330ms
[72.934s][info][gc          ] GC(41) Pause Init Mark (unload classes) 0.046ms
[72.934s][info][gc          ] GC(41) Concurrent marking roots 0.100ms
[74.427s][info][gc          ] GC(41) Concurrent marking (unload classes) 1493.092ms
[74.427s][info][gc          ] GC(41) Pause Final Mark (unload classes) 0.191ms
[74.427s][info][gc          ] GC(41) Concurrent weak references 0.046ms
[74.428s][info][gc          ] GC(41) Concurrent weak roots 0.299ms
[74.428s][info][gc          ] GC(41) Concurrent cleanup 1798M->1798M(6144M) 0.071ms
[74.428s][info][gc          ] GC(41) Concurrent class unloading 0.618ms
[74.428s][info][gc          ] GC(41) Pause Final Roots 0.003ms
[74.429s][info][gc,metaspace] Metaspace: 11302K(11712K)->11302K(11712K) NonClass: 10202K(10496K)->10202K(10496K) Class: 1099K(1216K)->1099K(1216K)
[74.439s][info][gc          ] Trigger: GC request (System.gc())
[74.441s][info][gc          ] GC(42) Concurrent reset 2.345ms
[74.441s][info][gc          ] GC(42) Pause Init Mark (unload classes) 0.041ms
[74.441s][info][gc          ] GC(42) Concurrent marking roots 0.128ms
[76.145s][info][gc          ] GC(42) Concurrent marking (unload classes) 1703.597ms
[76.145s][info][gc          ] GC(42) Pause Final Mark (unload classes) 0.186ms
[76.145s][info][gc          ] GC(42) Concurrent weak references 0.079ms
[76.146s][info][gc          ] GC(42) Concurrent weak roots 0.335ms
[76.146s][info][gc          ] GC(42) Concurrent cleanup 1798M->1798M(6144M) 0.059ms
[76.146s][info][gc          ] GC(42) Concurrent class unloading 0.696ms
[76.146s][info][gc          ] GC(42) Pause Final Roots 0.003ms
[76.147s][info][gc,metaspace] Metaspace: 11302K(11712K)->11302K(11712K) NonClass: 10202K(10496K)->10202K(10496K) Class: 1099K(1216K)->1099K(1216K)
[76.157s][info][gc          ] Trigger: GC request (System.gc())
[76.159s][info][gc          ] GC(43) Concurrent reset 2.600ms
[76.159s][info][gc          ] GC(43) Pause Init Mark (unload classes) 0.046ms
[76.160s][info][gc          ] GC(43) Concurrent marking roots 0.107ms
[78.173s][info][gc          ] GC(43) Concurrent marking (unload classes) 2013.677ms
[78.173s][info][gc          ] GC(43) Pause Final Mark (unload classes) 0.195ms
[78.174s][info][gc          ] GC(43) Concurrent weak references 0.076ms
[78.174s][info][gc          ] GC(43) Concurrent weak roots 0.311ms
[78.174s][info][gc          ] GC(43) Concurrent cleanup 1798M->1798M(6144M) 0.051ms
[78.175s][info][gc          ] GC(43) Concurrent class unloading 0.702ms
[78.175s][info][gc          ] GC(43) Pause Final Roots 0.003ms
[78.175s][info][gc,metaspace] Metaspace: 11302K(11712K)->11302K(11712K) NonClass: 10202K(10496K)->10202K(10496K) Class: 1099K(1216K)->1099K(1216K)
[78.185s][info][gc          ] Trigger: GC request (System.gc())
[78.187s][info][gc          ] GC(44) Concurrent reset 2.389ms
[78.187s][info][gc          ] GC(44) Pause Init Mark (unload classes) 0.055ms
[78.188s][info][gc          ] GC(44) Concurrent marking roots 0.102ms
[79.866s][info][gc          ] GC(44) Concurrent marking (unload classes) 1678.384ms
[79.866s][info][gc          ] GC(44) Pause Final Mark (unload classes) 0.195ms
[79.866s][info][gc          ] GC(44) Concurrent weak references 0.038ms
[79.867s][info][gc          ] GC(44) Concurrent weak roots 0.330ms
[79.867s][info][gc          ] GC(44) Concurrent cleanup 1798M->1798M(6144M) 0.051ms
[79.867s][info][gc          ] GC(44) Concurrent class unloading 0.633ms
[79.867s][info][gc          ] GC(44) Pause Final Roots 0.003ms
[79.868s][info][gc,metaspace] Metaspace: 11302K(11712K)->11302K(11712K) NonClass: 10202K(10496K)->10202K(10496K) Class: 1099K(1216K)->1099K(1216K)
[79.878s][info][gc          ] Trigger: GC request (System.gc())
[79.880s][info][gc          ] GC(45) Concurrent reset 2.286ms
[79.880s][info][gc          ] GC(45) Pause Init Mark (unload classes) 0.048ms
[79.880s][info][gc          ] GC(45) Concurrent marking roots 0.096ms
[81.396s][info][gc          ] GC(45) Concurrent marking (unload classes) 1515.686ms
[81.396s][info][gc          ] GC(45) Pause Final Mark (unload classes) 0.182ms
[81.396s][info][gc          ] GC(45) Concurrent weak references 0.043ms
[81.397s][info][gc          ] GC(45) Concurrent weak roots 0.260ms
[81.397s][info][gc          ] GC(45) Concurrent cleanup 1798M->1798M(6144M) 0.050ms
[81.397s][info][gc          ] GC(45) Concurrent class unloading 0.625ms
[81.397s][info][gc          ] GC(45) Pause Final Roots 0.003ms
[81.397s][info][gc,metaspace] Metaspace: 11302K(11712K)->11302K(11712K) NonClass: 10202K(10496K)->10202K(10496K) Class: 1099K(1216K)->1099K(1216K)
[81.408s][info][gc          ] Trigger: GC request (System.gc())
[81.411s][info][gc          ] GC(46) Concurrent reset 3.094ms
[81.411s][info][gc          ] GC(46) Pause Init Mark (unload classes) 0.043ms
[81.411s][info][gc          ] GC(46) Concurrent marking roots 0.100ms
[82.989s][info][gc          ] GC(46) Concurrent marking (unload classes) 1578.207ms
[82.989s][info][gc          ] GC(46) Pause Final Mark (unload classes) 0.184ms
[82.990s][info][gc          ] GC(46) Concurrent weak references 0.054ms
[82.990s][info][gc          ] GC(46) Concurrent weak roots 0.307ms
[82.990s][info][gc          ] GC(46) Concurrent cleanup 1798M->1798M(6144M) 0.051ms
[82.991s][info][gc          ] GC(46) Concurrent class unloading 0.683ms
[82.991s][info][gc          ] GC(46) Pause Final Roots 0.003ms
[82.991s][info][gc,metaspace] Metaspace: 11302K(11712K)->11302K(11712K) NonClass: 10202K(10496K)->10202K(10496K) Class: 1099K(1216K)->1099K(1216K)
[83.001s][info][gc          ] Trigger: GC request (System.gc())
[83.004s][info][gc          ] GC(47) Concurrent reset 2.760ms
[83.004s][info][gc          ] GC(47) Pause Init Mark (unload classes) 0.058ms
[83.004s][info][gc          ] GC(47) Concurrent marking roots 0.086ms
[84.659s][info][gc          ] GC(47) Concurrent marking (unload classes) 1655.019ms
[84.659s][info][gc          ] GC(47) Pause Final Mark (unload classes) 0.176ms
[84.659s][info][gc          ] GC(47) Concurrent weak references 0.048ms
[84.660s][info][gc          ] GC(47) Concurrent weak roots 0.332ms
[84.660s][info][gc          ] GC(47) Concurrent cleanup 1798M->1798M(6144M) 0.059ms
[84.660s][info][gc          ] GC(47) Concurrent class unloading 0.624ms
[84.660s][info][gc          ] GC(47) Pause Final Roots 0.003ms
[84.660s][info][gc,metaspace] Metaspace: 11302K(11712K)->11302K(11712K) NonClass: 10202K(10496K)->10202K(10496K) Class: 1099K(1216K)->1099K(1216K)
[84.671s][info][gc          ] Trigger: GC request (System.gc())
[84.673s][info][gc          ] GC(48) Concurrent reset 2.291ms
[84.673s][info][gc          ] GC(48) Pause Init Mark (unload classes) 0.048ms
[84.673s][info][gc          ] GC(48) Concurrent marking roots 0.092ms
[86.271s][info][gc          ] GC(48) Concurrent marking (unload classes) 1597.604ms
[86.271s][info][gc          ] GC(48) Pause Final Mark (unload classes) 0.193ms
[86.271s][info][gc          ] GC(48) Concurrent weak references 0.074ms
[86.272s][info][gc          ] GC(48) Concurrent weak roots 0.304ms
[86.272s][info][gc          ] GC(48) Concurrent cleanup 1798M->1798M(6144M) 0.051ms
[86.272s][info][gc          ] GC(48) Concurrent class unloading 0.735ms
[86.272s][info][gc          ] GC(48) Pause Final Roots 0.003ms
[86.272s][info][gc,metaspace] Metaspace: 11302K(11712K)->11302K(11712K) NonClass: 10202K(10496K)->10202K(10496K) Class: 1099K(1216K)->1099K(1216K)
[86.282s][info][gc          ] Trigger: GC request (System.gc())
[86.285s][info][gc          ] GC(49) Concurrent reset 2.203ms
[86.285s][info][gc          ] GC(49) Pause Init Mark (unload classes) 0.044ms
[86.285s][info][gc          ] GC(49) Concurrent marking roots 0.093ms
[88.000s][info][gc          ] GC(49) Concurrent marking (unload classes) 1715.130ms
[88.000s][info][gc          ] GC(49) Pause Final Mark (unload classes) 0.191ms
[88.001s][info][gc          ] GC(49) Concurrent weak references 0.046ms
[88.001s][info][gc          ] GC(49) Concurrent weak roots 0.323ms
[88.001s][info][gc          ] GC(49) Concurrent cleanup 1798M->1798M(6144M) 0.050ms
[88.002s][info][gc          ] GC(49) Concurrent class unloading 0.616ms
[88.002s][info][gc          ] GC(49) Pause Final Roots 0.003ms
[88.002s][info][gc,metaspace] Metaspace: 11302K(11712K)->11302K(11712K) NonClass: 10202K(10496K)->10202K(10496K) Class: 1099K(1216K)->1099K(1216K)
[88.012s][info][gc          ] Trigger: GC request (System.gc())
[88.014s][info][gc          ] GC(50) Concurrent reset 2.399ms
[88.014s][info][gc          ] GC(50) Pause Init Mark (unload classes) 0.049ms
[88.014s][info][gc          ] GC(50) Concurrent marking roots 0.113ms
[89.576s][info][gc          ] GC(50) Concurrent marking (unload classes) 1561.498ms
[89.576s][info][gc          ] GC(50) Pause Final Mark (unload classes) 0.196ms
[89.576s][info][gc          ] GC(50) Concurrent weak references 0.076ms
[89.577s][info][gc          ] GC(50) Concurrent weak roots 0.313ms
[89.577s][info][gc          ] GC(50) Concurrent cleanup 1798M->1798M(6144M) 0.051ms
[89.578s][info][gc          ] GC(50) Concurrent class unloading 0.754ms
[89.578s][info][gc          ] GC(50) Pause Final Roots 0.003ms
[89.578s][info][gc,metaspace] Metaspace: 11302K(11712K)->11302K(11712K) NonClass: 10202K(10496K)->10202K(10496K) Class: 1099K(1216K)->1099K(1216K)
[89.588s][info][gc          ] Trigger: GC request (System.gc())
[89.590s][info][gc          ] GC(51) Concurrent reset 2.338ms
[89.590s][info][gc          ] GC(51) Pause Init Mark (unload classes) 0.046ms
[89.590s][info][gc          ] GC(51) Concurrent marking roots 0.104ms
[91.233s][info][gc          ] GC(51) Concurrent marking (unload classes) 1642.689ms
[91.233s][info][gc          ] GC(51) Pause Final Mark (unload classes) 0.171ms
[91.233s][info][gc          ] GC(51) Concurrent weak references 0.073ms
[91.234s][info][gc          ] GC(51) Concurrent weak roots 0.303ms
[91.234s][info][gc          ] GC(51) Concurrent cleanup 1798M->1798M(6144M) 0.050ms
[91.235s][info][gc          ] GC(51) Concurrent class unloading 0.784ms
[91.235s][info][gc          ] GC(51) Pause Final Roots 0.003ms
[91.235s][info][gc,metaspace] Metaspace: 11302K(11712K)->11302K(11712K) NonClass: 10202K(10496K)->10202K(10496K) Class: 1099K(1216K)->1099K(1216K)
[91.245s][info][gc          ] Trigger: GC request (System.gc())
[91.247s][info][gc          ] GC(52) Concurrent reset 2.335ms
[91.247s][info][gc          ] GC(52) Pause Init Mark (unload classes) 0.050ms
[91.247s][info][gc          ] GC(52) Concurrent marking roots 0.098ms
[93.218s][info][gc          ] GC(52) Concurrent marking (unload classes) 1970.556ms
[93.218s][info][gc          ] GC(52) Pause Final Mark (unload classes) 0.193ms
[93.218s][info][gc          ] GC(52) Concurrent weak references 0.044ms
[93.219s][info][gc          ] GC(52) Concurrent weak roots 0.320ms
[93.219s][info][gc          ] GC(52) Concurrent cleanup 1798M->1798M(6144M) 0.051ms
[93.220s][info][gc          ] GC(52) Concurrent class unloading 0.687ms
[93.220s][info][gc          ] GC(52) Pause Final Roots 0.003ms
[93.220s][info][gc,metaspace] Metaspace: 11302K(11712K)->11302K(11712K) NonClass: 10202K(10496K)->10202K(10496K) Class: 1099K(1216K)->1099K(1216K)
[93.230s][info][gc          ] Trigger: GC request (System.gc())
[93.232s][info][gc          ] GC(53) Concurrent reset 2.289ms
[93.232s][info][gc          ] GC(53) Pause Init Mark (unload classes) 0.046ms
[93.232s][info][gc          ] GC(53) Concurrent marking roots 0.112ms
[94.960s][info][gc          ] GC(53) Concurrent marking (unload classes) 1727.168ms
[94.960s][info][gc          ] GC(53) Pause Final Mark (unload classes) 0.216ms
[94.960s][info][gc          ] GC(53) Concurrent weak references 0.038ms
[94.960s][info][gc          ] GC(53) Concurrent weak roots 0.301ms
[94.960s][info][gc          ] GC(53) Concurrent cleanup 1798M->1798M(6144M) 0.051ms
[94.961s][info][gc          ] GC(53) Concurrent class unloading 0.660ms
[94.961s][info][gc          ] GC(53) Pause Final Roots 0.003ms
[94.961s][info][gc,metaspace] Metaspace: 11302K(11712K)->11302K(11712K) NonClass: 10202K(10496K)->10202K(10496K) Class: 1099K(1216K)->1099K(1216K)
[94.971s][info][gc          ] Trigger: GC request (System.gc())
[94.973s][info][gc          ] GC(54) Concurrent reset 2.341ms
[94.974s][info][gc          ] GC(54) Pause Init Mark (unload classes) 0.047ms
[94.974s][info][gc          ] GC(54) Concurrent marking roots 0.088ms
[96.456s][info][gc          ] GC(54) Concurrent marking (unload classes) 1481.799ms
[96.456s][info][gc          ] GC(54) Pause Final Mark (unload classes) 0.187ms
[96.456s][info][gc          ] GC(54) Concurrent weak references 0.044ms
[96.456s][info][gc          ] GC(54) Concurrent weak roots 0.253ms
[96.456s][info][gc          ] GC(54) Concurrent cleanup 1798M->1798M(6144M) 0.050ms
[96.457s][info][gc          ] GC(54) Concurrent class unloading 0.618ms
[96.457s][info][gc          ] GC(54) Pause Final Roots 0.003ms
[96.457s][info][gc,metaspace] Metaspace: 11302K(11712K)->11302K(11712K) NonClass: 10202K(10496K)->10202K(10496K) Class: 1099K(1216K)->1099K(1216K)
[96.467s][info][gc          ] Trigger: GC request (System.gc())
[96.470s][info][gc          ] GC(55) Concurrent reset 3.087ms
[96.471s][info][gc          ] GC(55) Pause Init Mark (unload classes) 0.041ms
[96.471s][info][gc          ] GC(55) Concurrent marking roots 0.109ms
[97.980s][info][gc          ] GC(55) Concurrent marking (unload classes) 1508.941ms
[97.980s][info][gc          ] GC(55) Pause Final Mark (unload classes) 0.177ms
[97.980s][info][gc          ] GC(55) Concurrent weak references 0.044ms
[97.980s][info][gc          ] GC(55) Concurrent weak roots 0.330ms
[97.980s][info][gc          ] GC(55) Concurrent cleanup 1798M->1798M(6144M) 0.051ms
[97.981s][info][gc          ] GC(55) Concurrent class unloading 0.614ms
[97.981s][info][gc          ] GC(55) Pause Final Roots 0.004ms
[97.981s][info][gc,metaspace] Metaspace: 11302K(11712K)->11302K(11712K) NonClass: 10202K(10496K)->10202K(10496K) Class: 1099K(1216K)->1099K(1216K)
[97.991s][info][gc          ] Trigger: GC request (System.gc())
[97.994s][info][gc          ] GC(56) Concurrent reset 2.390ms
[97.994s][info][gc          ] GC(56) Pause Init Mark (unload classes) 0.049ms
[97.994s][info][gc          ] GC(56) Concurrent marking roots 0.129ms
[99.458s][info][gc          ] GC(56) Concurrent marking (unload classes) 1463.577ms
[99.458s][info][gc          ] GC(56) Pause Final Mark (unload classes) 0.197ms
[99.458s][info][gc          ] GC(56) Concurrent weak references 0.045ms
[99.458s][info][gc          ] GC(56) Concurrent weak roots 0.308ms
[99.458s][info][gc          ] GC(56) Concurrent cleanup 1798M->1798M(6144M) 0.051ms
[99.459s][info][gc          ] GC(56) Concurrent class unloading 0.628ms
[99.459s][info][gc          ] GC(56) Pause Final Roots 0.003ms
[99.459s][info][gc,metaspace] Metaspace: 11302K(11712K)->11302K(11712K) NonClass: 10202K(10496K)->10202K(10496K) Class: 1099K(1216K)->1099K(1216K)
[99.469s][info][gc          ] Trigger: GC request (System.gc())
[99.472s][info][gc          ] GC(57) Concurrent reset 2.391ms
[99.472s][info][gc          ] GC(57) Pause Init Mark (unload classes) 0.044ms
[99.472s][info][gc          ] GC(57) Concurrent marking roots 0.109ms
[101.163s][info][gc          ] GC(57) Concurrent marking (unload classes) 1690.792ms
[101.163s][info][gc          ] GC(57) Pause Final Mark (unload classes) 0.184ms
[101.163s][info][gc          ] GC(57) Concurrent weak references 0.041ms
[101.163s][info][gc          ] GC(57) Concurrent weak roots 0.285ms
[101.164s][info][gc          ] GC(57) Concurrent cleanup 1798M->1798M(6144M) 0.051ms
[101.164s][info][gc          ] GC(57) Concurrent class unloading 0.744ms
[101.164s][info][gc          ] GC(57) Pause Final Roots 0.003ms
[101.164s][info][gc,metaspace] Metaspace: 11302K(11712K)->11302K(11712K) NonClass: 10202K(10496K)->10202K(10496K) Class: 1099K(1216K)->1099K(1216K)
[101.174s][info][gc          ] Trigger: GC request (System.gc())
[101.177s][info][gc          ] GC(58) Concurrent reset 2.259ms
[101.177s][info][gc          ] GC(58) Pause Init Mark (unload classes) 0.052ms
[101.177s][info][gc          ] GC(58) Concurrent marking roots 0.098ms
[102.918s][info][gc          ] GC(58) Concurrent marking (unload classes) 1740.762ms
[102.918s][info][gc          ] GC(58) Pause Final Mark (unload classes) 0.175ms
[102.918s][info][gc          ] GC(58) Concurrent weak references 0.047ms
[102.918s][info][gc          ] GC(58) Concurrent weak roots 0.286ms
[102.919s][info][gc          ] GC(58) Concurrent cleanup 1798M->1798M(6144M) 0.050ms
[102.919s][info][gc          ] GC(58) Concurrent class unloading 0.634ms
[102.919s][info][gc          ] GC(58) Pause Final Roots 0.003ms
[102.919s][info][gc,metaspace] Metaspace: 11302K(11712K)->11302K(11712K) NonClass: 10202K(10496K)->10202K(10496K) Class: 1099K(1216K)->1099K(1216K)
[102.929s][info][gc          ] Trigger: GC request (System.gc())
[102.932s][info][gc          ] GC(59) Concurrent reset 2.323ms
[102.932s][info][gc          ] GC(59) Pause Init Mark (unload classes) 0.049ms
[102.932s][info][gc          ] GC(59) Concurrent marking roots 0.105ms
[104.435s][info][gc          ] GC(59) Concurrent marking (unload classes) 1503.034ms
[104.436s][info][gc          ] GC(59) Pause Final Mark (unload classes) 0.194ms
[104.436s][info][gc          ] GC(59) Concurrent weak references 0.049ms
[104.436s][info][gc          ] GC(59) Concurrent weak roots 0.299ms
[104.436s][info][gc          ] GC(59) Concurrent cleanup 1798M->1798M(6144M) 0.051ms
[104.437s][info][gc          ] GC(59) Concurrent class unloading 0.622ms
[104.437s][info][gc          ] GC(59) Pause Final Roots 0.003ms
[104.437s][info][gc,metaspace] Metaspace: 11302K(11712K)->11302K(11712K) NonClass: 10202K(10496K)->10202K(10496K) Class: 1099K(1216K)->1099K(1216K)
After GCs... 
[104.446s][info][gc          ] Cancelling GC: Stopping VM
