Done; will start GCs... 
[22.388s][info][gc          ] Trigger: GC request (System.gc())
[22.390s][info][gc          ] GC(10) Concurrent reset 1.801ms
[22.390s][info][gc          ] GC(10) Pause Init Mark (unload classes) 0.043ms
[22.390s][info][gc          ] GC(10) Concurrent marking roots 0.198ms
[23.890s][info][gc          ] GC(10) Concurrent marking (unload classes) 1499.792ms
[23.890s][info][gc          ] GC(10) Pause Final Mark (unload classes) 0.173ms
[23.891s][info][gc          ] GC(10) Concurrent thread roots 0.075ms
[23.891s][info][gc          ] GC(10) Concurrent weak references 0.042ms
[23.891s][info][gc          ] GC(10) Concurrent weak roots 0.330ms
[23.891s][info][gc          ] GC(10) Concurrent cleanup 1577M->1574M(6144M) 0.051ms
[23.892s][info][gc          ] GC(10) Concurrent class unloading 0.710ms
[23.892s][info][gc          ] GC(10) Concurrent strong roots 0.061ms
[23.894s][info][gc          ] GC(10) Concurrent evacuation 2.463ms
[23.894s][info][gc          ] GC(10) Pause Init Update Refs 0.005ms
[23.894s][info][gc          ] GC(10) At start of update refs, moving 4096K to Mutator free partition from Collector Reserve
[25.270s][info][gc          ] GC(10) Concurrent update references 1375.763ms
[25.270s][info][gc          ] GC(10) Concurrent update thread roots 0.225ms
[25.270s][info][gc          ] GC(10) Pause Final Update Refs 0.057ms
[25.271s][info][gc          ] GC(10) Concurrent cleanup 1576M->1573M(6144M) 0.050ms
[25.271s][info][gc,metaspace] Metaspace: 11299K(11648K)->11299K(11648K) NonClass: 9463K(9664K)->9463K(9664K) Class: 1836K(1984K)->1836K(1984K)
[25.272s][info][gc          ] Trigger: GC request (System.gc())
[25.274s][info][gc          ] GC(11) Concurrent reset 2.214ms
[25.274s][info][gc          ] GC(11) Pause Init Mark (unload classes) 0.045ms
[25.274s][info][gc          ] GC(11) Concurrent marking roots 0.106ms
[26.804s][info][gc          ] GC(11) Concurrent marking (unload classes) 1530.223ms
[26.805s][info][gc          ] GC(11) Pause Final Mark (unload classes) 0.181ms
[26.805s][info][gc          ] GC(11) Concurrent weak references 0.042ms
[26.805s][info][gc          ] GC(11) Concurrent weak roots 0.282ms
[26.805s][info][gc          ] GC(11) Concurrent cleanup 1573M->1573M(6144M) 0.051ms
[26.806s][info][gc          ] GC(11) Concurrent class unloading 0.669ms
[26.806s][info][gc          ] GC(11) Pause Final Roots 0.003ms
[26.806s][info][gc,metaspace] Metaspace: 11299K(11648K)->11299K(11648K) NonClass: 9463K(9664K)->9463K(9664K) Class: 1836K(1984K)->1836K(1984K)
[26.808s][info][gc          ] Trigger: GC request (System.gc())
[26.810s][info][gc          ] GC(12) Concurrent reset 1.925ms
[26.810s][info][gc          ] GC(12) Pause Init Mark (unload classes) 0.040ms
[26.810s][info][gc          ] GC(12) Concurrent marking roots 0.086ms
[28.197s][info][gc          ] GC(12) Concurrent marking (unload classes) 1386.737ms
[28.197s][info][gc          ] GC(12) Pause Final Mark (unload classes) 0.173ms
[28.197s][info][gc          ] GC(12) Concurrent weak references 0.037ms
[28.197s][info][gc          ] GC(12) Concurrent weak roots 0.246ms
[28.198s][info][gc          ] GC(12) Concurrent cleanup 1573M->1573M(6144M) 0.053ms
[28.198s][info][gc          ] GC(12) Concurrent class unloading 0.669ms
[28.198s][info][gc          ] GC(12) Pause Final Roots 0.003ms
[28.198s][info][gc,metaspace] Metaspace: 11299K(11648K)->11299K(11648K) NonClass: 9463K(9664K)->9463K(9664K) Class: 1836K(1984K)->1836K(1984K)
[28.202s][info][gc          ] Trigger: GC request (System.gc())
[28.204s][info][gc          ] GC(13) Concurrent reset 1.969ms
[28.205s][info][gc          ] GC(13) Pause Init Mark (unload classes) 0.043ms
[28.205s][info][gc          ] GC(13) Concurrent marking roots 0.097ms
[30.053s][info][gc          ] GC(13) Concurrent marking (unload classes) 1848.089ms
[30.053s][info][gc          ] GC(13) Pause Final Mark (unload classes) 0.184ms
[30.053s][info][gc          ] GC(13) Concurrent weak references 0.065ms
[30.053s][info][gc          ] GC(13) Concurrent weak roots 0.307ms
[30.054s][info][gc          ] GC(13) Concurrent cleanup 1573M->1573M(6144M) 0.051ms
[30.054s][info][gc          ] GC(13) Concurrent class unloading 0.742ms
[30.054s][info][gc          ] GC(13) Pause Final Roots 0.002ms
[30.054s][info][gc,metaspace] Metaspace: 11299K(11648K)->11299K(11648K) NonClass: 9463K(9664K)->9463K(9664K) Class: 1836K(1984K)->1836K(1984K)
[30.062s][info][gc          ] Trigger: GC request (System.gc())
[30.065s][info][gc          ] GC(14) Concurrent reset 2.115ms
[30.065s][info][gc          ] GC(14) Pause Init Mark (unload classes) 0.042ms
[30.065s][info][gc          ] GC(14) Concurrent marking roots 0.121ms
[31.734s][info][gc          ] GC(14) Concurrent marking (unload classes) 1669.503ms
[31.735s][info][gc          ] GC(14) Pause Final Mark (unload classes) 0.181ms
[31.735s][info][gc          ] GC(14) Concurrent weak references 0.055ms
[31.735s][info][gc          ] GC(14) Concurrent weak roots 0.329ms
[31.735s][info][gc          ] GC(14) Concurrent cleanup 1573M->1573M(6144M) 0.050ms
[31.736s][info][gc          ] GC(14) Concurrent class unloading 0.682ms
[31.736s][info][gc          ] GC(14) Pause Final Roots 0.003ms
[31.736s][info][gc,metaspace] Metaspace: 11299K(11648K)->11299K(11648K) NonClass: 9463K(9664K)->9463K(9664K) Class: 1836K(1984K)->1836K(1984K)
[31.746s][info][gc          ] Trigger: GC request (System.gc())
[31.748s][info][gc          ] GC(15) Concurrent reset 2.014ms
[31.748s][info][gc          ] GC(15) Pause Init Mark (unload classes) 0.044ms
[31.748s][info][gc          ] GC(15) Concurrent marking roots 0.095ms
[33.168s][info][gc          ] GC(15) Concurrent marking (unload classes) 1419.825ms
[33.169s][info][gc          ] GC(15) Pause Final Mark (unload classes) 0.187ms
[33.169s][info][gc          ] GC(15) Concurrent weak references 0.044ms
[33.169s][info][gc          ] GC(15) Concurrent weak roots 0.296ms
[33.169s][info][gc          ] GC(15) Concurrent cleanup 1573M->1573M(6144M) 0.050ms
[33.170s][info][gc          ] GC(15) Concurrent class unloading 0.628ms
[33.170s][info][gc          ] GC(15) Pause Final Roots 0.002ms
[33.170s][info][gc,metaspace] Metaspace: 11299K(11648K)->11299K(11648K) NonClass: 9463K(9664K)->9463K(9664K) Class: 1836K(1984K)->1836K(1984K)
[33.180s][info][gc          ] Trigger: GC request (System.gc())
[33.182s][info][gc          ] GC(16) Concurrent reset 1.927ms
[33.182s][info][gc          ] GC(16) Pause Init Mark (unload classes) 0.041ms
[33.182s][info][gc          ] GC(16) Concurrent marking roots 0.125ms
[34.853s][info][gc          ] GC(16) Concurrent marking (unload classes) 1670.442ms
[34.853s][info][gc          ] GC(16) Pause Final Mark (unload classes) 0.202ms
[34.853s][info][gc          ] GC(16) Concurrent weak references 0.043ms
[34.853s][info][gc          ] GC(16) Concurrent weak roots 0.311ms
[34.853s][info][gc          ] GC(16) Concurrent cleanup 1573M->1573M(6144M) 0.051ms
[34.854s][info][gc          ] GC(16) Concurrent class unloading 0.709ms
[34.854s][info][gc          ] GC(16) Pause Final Roots 0.003ms
[34.854s][info][gc,metaspace] Metaspace: 11299K(11648K)->11299K(11648K) NonClass: 9463K(9664K)->9463K(9664K) Class: 1836K(1984K)->1836K(1984K)
[34.864s][info][gc          ] Trigger: GC request (System.gc())
[34.866s][info][gc          ] GC(17) Concurrent reset 1.980ms
[34.866s][info][gc          ] GC(17) Pause Init Mark (unload classes) 0.049ms
[34.866s][info][gc          ] GC(17) Concurrent marking roots 0.100ms
[36.581s][info][gc          ] GC(17) Concurrent marking (unload classes) 1714.529ms
[36.581s][info][gc          ] GC(17) Pause Final Mark (unload classes) 0.184ms
[36.581s][info][gc          ] GC(17) Concurrent weak references 0.045ms
[36.582s][info][gc          ] GC(17) Concurrent weak roots 0.331ms
[36.582s][info][gc          ] GC(17) Concurrent cleanup 1573M->1573M(6144M) 0.050ms
[36.582s][info][gc          ] GC(17) Concurrent class unloading 0.691ms
[36.583s][info][gc          ] GC(17) Pause Final Roots 0.003ms
[36.583s][info][gc,metaspace] Metaspace: 11299K(11648K)->11299K(11648K) NonClass: 9463K(9664K)->9463K(9664K) Class: 1836K(1984K)->1836K(1984K)
[36.593s][info][gc          ] Trigger: GC request (System.gc())
[36.595s][info][gc          ] GC(18) Concurrent reset 2.014ms
[36.595s][info][gc          ] GC(18) Pause Init Mark (unload classes) 0.043ms
[36.595s][info][gc          ] GC(18) Concurrent marking roots 0.097ms
[38.094s][info][gc          ] GC(18) Concurrent marking (unload classes) 1498.974ms
[38.094s][info][gc          ] GC(18) Pause Final Mark (unload classes) 0.195ms
[38.094s][info][gc          ] GC(18) Concurrent weak references 0.044ms
[38.095s][info][gc          ] GC(18) Concurrent weak roots 0.298ms
[38.095s][info][gc          ] GC(18) Concurrent cleanup 1573M->1573M(6144M) 0.050ms
[38.095s][info][gc          ] GC(18) Concurrent class unloading 0.674ms
[38.095s][info][gc          ] GC(18) Pause Final Roots 0.005ms
[38.096s][info][gc,metaspace] Metaspace: 11299K(11648K)->11299K(11648K) NonClass: 9463K(9664K)->9463K(9664K) Class: 1836K(1984K)->1836K(1984K)
[38.106s][info][gc          ] Trigger: GC request (System.gc())
[38.108s][info][gc          ] GC(19) Concurrent reset 2.023ms
[38.108s][info][gc          ] GC(19) Pause Init Mark (unload classes) 0.049ms
[38.108s][info][gc          ] GC(19) Concurrent marking roots 0.073ms
[39.806s][info][gc          ] GC(19) Concurrent marking (unload classes) 1698.087ms
[39.806s][info][gc          ] GC(19) Pause Final Mark (unload classes) 0.301ms
[39.806s][info][gc          ] GC(19) Concurrent weak references 0.051ms
[39.807s][info][gc          ] GC(19) Concurrent weak roots 0.322ms
[39.807s][info][gc          ] GC(19) Concurrent cleanup 1573M->1573M(6144M) 0.050ms
[39.808s][info][gc          ] GC(19) Concurrent class unloading 0.707ms
[39.808s][info][gc          ] GC(19) Pause Final Roots 0.003ms
[39.808s][info][gc,metaspace] Metaspace: 11299K(11648K)->11299K(11648K) NonClass: 9463K(9664K)->9463K(9664K) Class: 1836K(1984K)->1836K(1984K)
[39.818s][info][gc          ] Trigger: GC request (System.gc())
[39.820s][info][gc          ] GC(20) Concurrent reset 2.302ms
[39.820s][info][gc          ] GC(20) Pause Init Mark (unload classes) 0.042ms
[39.820s][info][gc          ] GC(20) Concurrent marking roots 0.121ms
[41.394s][info][gc          ] GC(20) Concurrent marking (unload classes) 1573.195ms
[41.394s][info][gc          ] GC(20) Pause Final Mark (unload classes) 0.177ms
[41.394s][info][gc          ] GC(20) Concurrent weak references 0.045ms
[41.394s][info][gc          ] GC(20) Concurrent weak roots 0.328ms
[41.394s][info][gc          ] GC(20) Concurrent cleanup 1573M->1573M(6144M) 0.050ms
[41.395s][info][gc          ] GC(20) Concurrent class unloading 0.633ms
[41.395s][info][gc          ] GC(20) Pause Final Roots 0.003ms
[41.395s][info][gc,metaspace] Metaspace: 11299K(11648K)->11299K(11648K) NonClass: 9463K(9664K)->9463K(9664K) Class: 1836K(1984K)->1836K(1984K)
[41.405s][info][gc          ] Trigger: GC request (System.gc())
[41.407s][info][gc          ] GC(21) Concurrent reset 1.876ms
[41.407s][info][gc          ] GC(21) Pause Init Mark (unload classes) 0.042ms
[41.407s][info][gc          ] GC(21) Concurrent marking roots 0.115ms
[42.981s][info][gc          ] GC(21) Concurrent marking (unload classes) 1574.080ms
[42.982s][info][gc          ] GC(21) Pause Final Mark (unload classes) 0.196ms
[42.982s][info][gc          ] GC(21) Concurrent weak references 0.046ms
[42.982s][info][gc          ] GC(21) Concurrent weak roots 0.325ms
[42.982s][info][gc          ] GC(21) Concurrent cleanup 1573M->1573M(6144M) 0.050ms
[42.983s][info][gc          ] GC(21) Concurrent class unloading 0.588ms
[42.983s][info][gc          ] GC(21) Pause Final Roots 0.003ms
[42.983s][info][gc,metaspace] Metaspace: 11299K(11648K)->11299K(11648K) NonClass: 9463K(9664K)->9463K(9664K) Class: 1836K(1984K)->1836K(1984K)
[42.993s][info][gc          ] Trigger: GC request (System.gc())
[42.995s][info][gc          ] GC(22) Concurrent reset 1.861ms
[42.995s][info][gc          ] GC(22) Pause Init Mark (unload classes) 0.041ms
[42.995s][info][gc          ] GC(22) Concurrent marking roots 0.108ms
[44.671s][info][gc          ] GC(22) Concurrent marking (unload classes) 1676.297ms
[44.672s][info][gc          ] GC(22) Pause Final Mark (unload classes) 0.184ms
[44.672s][info][gc          ] GC(22) Concurrent weak references 0.046ms
[44.672s][info][gc          ] GC(22) Concurrent weak roots 0.368ms
[44.672s][info][gc          ] GC(22) Concurrent cleanup 1573M->1573M(6144M) 0.050ms
[44.673s][info][gc          ] GC(22) Concurrent class unloading 0.632ms
[44.673s][info][gc          ] GC(22) Pause Final Roots 0.003ms
[44.673s][info][gc,metaspace] Metaspace: 11299K(11648K)->11299K(11648K) NonClass: 9463K(9664K)->9463K(9664K) Class: 1836K(1984K)->1836K(1984K)
[44.683s][info][gc          ] Trigger: GC request (System.gc())
[44.685s][info][gc          ] GC(23) Concurrent reset 1.987ms
[44.685s][info][gc          ] GC(23) Pause Init Mark (unload classes) 0.041ms
[44.685s][info][gc          ] GC(23) Concurrent marking roots 0.115ms
[46.144s][info][gc          ] GC(23) Concurrent marking (unload classes) 1459.025ms
[46.145s][info][gc          ] GC(23) Pause Final Mark (unload classes) 0.183ms
[46.145s][info][gc          ] GC(23) Concurrent weak references 0.044ms
[46.145s][info][gc          ] GC(23) Concurrent weak roots 0.344ms
[46.145s][info][gc          ] GC(23) Concurrent cleanup 1573M->1573M(6144M) 0.050ms
[46.146s][info][gc          ] GC(23) Concurrent class unloading 0.595ms
[46.146s][info][gc          ] GC(23) Pause Final Roots 0.003ms
[46.146s][info][gc,metaspace] Metaspace: 11299K(11648K)->11299K(11648K) NonClass: 9463K(9664K)->9463K(9664K) Class: 1836K(1984K)->1836K(1984K)
[46.156s][info][gc          ] Trigger: GC request (System.gc())
[46.158s][info][gc          ] GC(24) Concurrent reset 1.894ms
[46.158s][info][gc          ] GC(24) Pause Init Mark (unload classes) 0.041ms
[46.158s][info][gc          ] GC(24) Concurrent marking roots 0.119ms
[47.835s][info][gc          ] GC(24) Concurrent marking (unload classes) 1677.147ms
[47.835s][info][gc          ] GC(24) Pause Final Mark (unload classes) 0.191ms
[47.836s][info][gc          ] GC(24) Concurrent weak references 0.038ms
[47.836s][info][gc          ] GC(24) Concurrent weak roots 0.325ms
[47.836s][info][gc          ] GC(24) Concurrent cleanup 1573M->1573M(6144M) 0.031ms
[47.837s][info][gc          ] GC(24) Concurrent class unloading 0.580ms
[47.837s][info][gc          ] GC(24) Pause Final Roots 0.003ms
[47.837s][info][gc,metaspace] Metaspace: 11299K(11648K)->11299K(11648K) NonClass: 9463K(9664K)->9463K(9664K) Class: 1836K(1984K)->1836K(1984K)
[47.847s][info][gc          ] Trigger: GC request (System.gc())
[47.849s][info][gc          ] GC(25) Concurrent reset 1.921ms
[47.849s][info][gc          ] GC(25) Pause Init Mark (unload classes) 0.042ms
[47.849s][info][gc          ] GC(25) Concurrent marking roots 0.114ms
[49.569s][info][gc          ] GC(25) Concurrent marking (unload classes) 1720.233ms
[49.569s][info][gc          ] GC(25) Pause Final Mark (unload classes) 0.194ms
[49.569s][info][gc          ] GC(25) Concurrent weak references 0.044ms
[49.570s][info][gc          ] GC(25) Concurrent weak roots 0.324ms
[49.570s][info][gc          ] GC(25) Concurrent cleanup 1573M->1573M(6144M) 0.050ms
[49.570s][info][gc          ] GC(25) Concurrent class unloading 0.615ms
[49.571s][info][gc          ] GC(25) Pause Final Roots 0.003ms
[49.571s][info][gc,metaspace] Metaspace: 11299K(11648K)->11299K(11648K) NonClass: 9463K(9664K)->9463K(9664K) Class: 1836K(1984K)->1836K(1984K)
[49.581s][info][gc          ] Trigger: GC request (System.gc())
[49.583s][info][gc          ] GC(26) Concurrent reset 1.981ms
[49.583s][info][gc          ] GC(26) Pause Init Mark (unload classes) 0.041ms
[49.583s][info][gc          ] GC(26) Concurrent marking roots 0.103ms
[51.079s][info][gc          ] GC(26) Concurrent marking (unload classes) 1495.621ms
[51.079s][info][gc          ] GC(26) Pause Final Mark (unload classes) 0.183ms
[51.079s][info][gc          ] GC(26) Concurrent weak references 0.044ms
[51.079s][info][gc          ] GC(26) Concurrent weak roots 0.320ms
[51.079s][info][gc          ] GC(26) Concurrent cleanup 1573M->1573M(6144M) 0.050ms
[51.080s][info][gc          ] GC(26) Concurrent class unloading 0.612ms
[51.080s][info][gc          ] GC(26) Pause Final Roots 0.003ms
[51.080s][info][gc,metaspace] Metaspace: 11299K(11648K)->11299K(11648K) NonClass: 9463K(9664K)->9463K(9664K) Class: 1836K(1984K)->1836K(1984K)
[51.090s][info][gc          ] Trigger: GC request (System.gc())
[51.092s][info][gc          ] GC(27) Concurrent reset 2.320ms
[51.093s][info][gc          ] GC(27) Pause Init Mark (unload classes) 0.042ms
[51.093s][info][gc          ] GC(27) Concurrent marking roots 0.105ms
[52.983s][info][gc          ] GC(27) Concurrent marking (unload classes) 1889.841ms
[52.983s][info][gc          ] GC(27) Pause Final Mark (unload classes) 0.173ms
[52.987s][info][gc          ] GC(27) Concurrent weak references 0.047ms
[52.988s][info][gc          ] GC(27) Concurrent weak roots 0.264ms
[52.988s][info][gc          ] GC(27) Concurrent cleanup 1573M->1573M(6144M) 0.049ms
[52.988s][info][gc          ] GC(27) Concurrent class unloading 0.656ms
[52.988s][info][gc          ] GC(27) Pause Final Roots 0.003ms
[52.988s][info][gc,metaspace] Metaspace: 11299K(11648K)->11299K(11648K) NonClass: 9463K(9664K)->9463K(9664K) Class: 1836K(1984K)->1836K(1984K)
[52.998s][info][gc          ] Trigger: GC request (System.gc())
[53.001s][info][gc          ] GC(28) Concurrent reset 2.016ms
[53.001s][info][gc          ] GC(28) Pause Init Mark (unload classes) 0.041ms
[53.001s][info][gc          ] GC(28) Concurrent marking roots 0.106ms
[54.682s][info][gc          ] GC(28) Concurrent marking (unload classes) 1681.715ms
[54.683s][info][gc          ] GC(28) Pause Final Mark (unload classes) 0.207ms
[54.683s][info][gc          ] GC(28) Concurrent weak references 0.046ms
[54.683s][info][gc          ] GC(28) Concurrent weak roots 0.360ms
[54.683s][info][gc          ] GC(28) Concurrent cleanup 1573M->1573M(6144M) 0.050ms
[54.684s][info][gc          ] GC(28) Concurrent class unloading 0.523ms
[54.684s][info][gc          ] GC(28) Pause Final Roots 0.003ms
[54.684s][info][gc,metaspace] Metaspace: 11299K(11648K)->11299K(11648K) NonClass: 9463K(9664K)->9463K(9664K) Class: 1836K(1984K)->1836K(1984K)
[54.694s][info][gc          ] Trigger: GC request (System.gc())
[54.696s][info][gc          ] GC(29) Concurrent reset 2.289ms
[54.696s][info][gc          ] GC(29) Pause Init Mark (unload classes) 0.041ms
[54.697s][info][gc          ] GC(29) Concurrent marking roots 0.092ms
[56.328s][info][gc          ] GC(29) Concurrent marking (unload classes) 1631.108ms
[56.328s][info][gc          ] GC(29) Pause Final Mark (unload classes) 0.176ms
[56.328s][info][gc          ] GC(29) Concurrent weak references 0.045ms
[56.328s][info][gc          ] GC(29) Concurrent weak roots 0.301ms
[56.328s][info][gc          ] GC(29) Concurrent cleanup 1573M->1573M(6144M) 0.050ms
[56.329s][info][gc          ] GC(29) Concurrent class unloading 0.632ms
[56.329s][info][gc          ] GC(29) Pause Final Roots 0.004ms
[56.329s][info][gc,metaspace] Metaspace: 11299K(11648K)->11299K(11648K) NonClass: 9463K(9664K)->9463K(9664K) Class: 1836K(1984K)->1836K(1984K)
[56.339s][info][gc          ] Trigger: GC request (System.gc())
[56.341s][info][gc          ] GC(30) Concurrent reset 1.945ms
[56.341s][info][gc          ] GC(30) Pause Init Mark (unload classes) 0.041ms
[56.341s][info][gc          ] GC(30) Concurrent marking roots 0.095ms
[57.940s][info][gc          ] GC(30) Concurrent marking (unload classes) 1598.110ms
[57.940s][info][gc          ] GC(30) Pause Final Mark (unload classes) 0.184ms
[57.940s][info][gc          ] GC(30) Concurrent weak references 0.045ms
[57.940s][info][gc          ] GC(30) Concurrent weak roots 0.359ms
[57.940s][info][gc          ] GC(30) Concurrent cleanup 1573M->1573M(6144M) 0.051ms
[57.941s][info][gc          ] GC(30) Concurrent class unloading 0.552ms
[57.941s][info][gc          ] GC(30) Pause Final Roots 0.003ms
[57.941s][info][gc,metaspace] Metaspace: 11299K(11648K)->11299K(11648K) NonClass: 9463K(9664K)->9463K(9664K) Class: 1836K(1984K)->1836K(1984K)
[57.951s][info][gc          ] Trigger: GC request (System.gc())
[57.954s][info][gc          ] GC(31) Concurrent reset 2.524ms
[57.954s][info][gc          ] GC(31) Pause Init Mark (unload classes) 0.042ms
[57.954s][info][gc          ] GC(31) Concurrent marking roots 0.088ms
[59.899s][info][gc          ] GC(31) Concurrent marking (unload classes) 1944.792ms
[59.899s][info][gc          ] GC(31) Pause Final Mark (unload classes) 0.174ms
[59.899s][info][gc          ] GC(31) Concurrent weak references 0.043ms
[59.899s][info][gc          ] GC(31) Concurrent weak roots 0.303ms
[59.899s][info][gc          ] GC(31) Concurrent cleanup 1573M->1573M(6144M) 0.050ms
[59.900s][info][gc          ] GC(31) Concurrent class unloading 0.635ms
[59.900s][info][gc          ] GC(31) Pause Final Roots 0.003ms
[59.900s][info][gc,metaspace] Metaspace: 11299K(11648K)->11299K(11648K) NonClass: 9463K(9664K)->9463K(9664K) Class: 1836K(1984K)->1836K(1984K)
[59.910s][info][gc          ] Trigger: GC request (System.gc())
[59.912s][info][gc          ] GC(32) Concurrent reset 1.894ms
[59.912s][info][gc          ] GC(32) Pause Init Mark (unload classes) 0.042ms
[59.912s][info][gc          ] GC(32) Concurrent marking roots 0.091ms
[61.615s][info][gc          ] GC(32) Concurrent marking (unload classes) 1702.910ms
[61.616s][info][gc          ] GC(32) Pause Final Mark (unload classes) 0.203ms
[61.616s][info][gc          ] GC(32) Concurrent weak references 0.043ms
[61.616s][info][gc          ] GC(32) Concurrent weak roots 0.362ms
[61.616s][info][gc          ] GC(32) Concurrent cleanup 1576M->1576M(6144M) 0.050ms
[61.617s][info][gc          ] GC(32) Concurrent class unloading 0.518ms
[61.617s][info][gc          ] GC(32) Pause Final Roots 0.003ms
[61.617s][info][gc,metaspace] Metaspace: 11299K(11648K)->11299K(11648K) NonClass: 9463K(9664K)->9463K(9664K) Class: 1836K(1984K)->1836K(1984K)
[61.618s][info][gc          ] Trigger: GC request (System.gc())
[61.620s][info][gc          ] GC(33) Concurrent reset 2.305ms
[61.620s][info][gc          ] GC(33) Pause Init Mark (unload classes) 0.039ms
[61.620s][info][gc          ] GC(33) Concurrent marking roots 0.077ms
[63.313s][info][gc          ] GC(33) Concurrent marking (unload classes) 1692.380ms
[63.313s][info][gc          ] GC(33) Pause Final Mark (unload classes) 0.167ms
[63.313s][info][gc          ] GC(33) Concurrent thread roots 0.078ms
[63.313s][info][gc          ] GC(33) Concurrent weak references 0.041ms
[63.314s][info][gc          ] GC(33) Concurrent weak roots 0.317ms
[63.314s][info][gc          ] GC(33) Concurrent cleanup 1576M->1576M(6144M) 0.050ms
[63.314s][info][gc          ] GC(33) Concurrent class unloading 0.655ms
[63.314s][info][gc          ] GC(33) Concurrent strong roots 0.056ms
[63.314s][info][gc          ] GC(33) Concurrent evacuation 0.034ms
[63.314s][info][gc          ] GC(33) Pause Init Update Refs 0.007ms
[63.314s][info][gc          ] GC(33) At start of update refs, moving 4096K to Mutator free partition from Collector Reserve
[64.508s][info][gc          ] GC(33) Concurrent update references 1193.344ms
[64.508s][info][gc          ] GC(33) Concurrent update thread roots 0.249ms
[64.508s][info][gc          ] GC(33) Pause Final Update Refs 0.062ms
[64.508s][info][gc          ] GC(33) Concurrent cleanup 1576M->1574M(6144M) 0.053ms
[64.508s][info][gc,metaspace] Metaspace: 11299K(11648K)->11299K(11648K) NonClass: 9463K(9664K)->9463K(9664K) Class: 1836K(1984K)->1836K(1984K)
[64.509s][info][gc          ] Trigger: GC request (System.gc())
[64.512s][info][gc          ] GC(34) Concurrent reset 2.337ms
[64.512s][info][gc          ] GC(34) Pause Init Mark (unload classes) 0.043ms
[64.512s][info][gc          ] GC(34) Concurrent marking roots 0.086ms
[66.006s][info][gc          ] GC(34) Concurrent marking (unload classes) 1493.501ms
[66.006s][info][gc          ] GC(34) Pause Final Mark (unload classes) 0.176ms
[66.006s][info][gc          ] GC(34) Concurrent weak references 0.046ms
[66.006s][info][gc          ] GC(34) Concurrent weak roots 0.302ms
[66.006s][info][gc          ] GC(34) Concurrent cleanup 1574M->1574M(6144M) 0.050ms
[66.007s][info][gc          ] GC(34) Concurrent class unloading 0.605ms
[66.007s][info][gc          ] GC(34) Pause Final Roots 0.003ms
[66.007s][info][gc,metaspace] Metaspace: 11299K(11648K)->11299K(11648K) NonClass: 9463K(9664K)->9463K(9664K) Class: 1836K(1984K)->1836K(1984K)
[66.009s][info][gc          ] Trigger: GC request (System.gc())
[66.011s][info][gc          ] GC(35) Concurrent reset 1.960ms
[66.011s][info][gc          ] GC(35) Pause Init Mark (unload classes) 0.039ms
[66.011s][info][gc          ] GC(35) Concurrent marking roots 0.081ms
[67.824s][info][gc          ] GC(35) Concurrent marking (unload classes) 1813.120ms
[67.825s][info][gc          ] GC(35) Pause Final Mark (unload classes) 0.182ms
[67.825s][info][gc          ] GC(35) Concurrent weak references 0.045ms
[67.825s][info][gc          ] GC(35) Concurrent weak roots 0.387ms
[67.825s][info][gc          ] GC(35) Concurrent cleanup 1574M->1574M(6144M) 0.050ms
[67.826s][info][gc          ] GC(35) Concurrent class unloading 0.531ms
[67.826s][info][gc          ] GC(35) Pause Final Roots 0.003ms
[67.826s][info][gc,metaspace] Metaspace: 11299K(11648K)->11299K(11648K) NonClass: 9463K(9664K)->9463K(9664K) Class: 1836K(1984K)->1836K(1984K)
[67.830s][info][gc          ] Trigger: GC request (System.gc())
[67.832s][info][gc          ] GC(36) Concurrent reset 2.278ms
[67.832s][info][gc          ] GC(36) Pause Init Mark (unload classes) 0.044ms
[67.832s][info][gc          ] GC(36) Concurrent marking roots 0.080ms
[69.385s][info][gc          ] GC(36) Concurrent marking (unload classes) 1553.110ms
[69.386s][info][gc          ] GC(36) Pause Final Mark (unload classes) 0.176ms
[69.386s][info][gc          ] GC(36) Concurrent weak references 0.045ms
[69.386s][info][gc          ] GC(36) Concurrent weak roots 0.330ms
[69.386s][info][gc          ] GC(36) Concurrent cleanup 1574M->1574M(6144M) 0.050ms
[69.387s][info][gc          ] GC(36) Concurrent class unloading 0.666ms
[69.387s][info][gc          ] GC(36) Pause Final Roots 0.003ms
[69.387s][info][gc,metaspace] Metaspace: 11299K(11648K)->11299K(11648K) NonClass: 9463K(9664K)->9463K(9664K) Class: 1836K(1984K)->1836K(1984K)
[69.395s][info][gc          ] Trigger: GC request (System.gc())
[69.397s][info][gc          ] GC(37) Concurrent reset 1.922ms
[69.397s][info][gc          ] GC(37) Pause Init Mark (unload classes) 0.041ms
[69.397s][info][gc          ] GC(37) Concurrent marking roots 0.104ms
[70.979s][info][gc          ] GC(37) Concurrent marking (unload classes) 1581.529ms
[70.979s][info][gc          ] GC(37) Pause Final Mark (unload classes) 0.181ms
[70.979s][info][gc          ] GC(37) Concurrent weak references 0.043ms
[70.980s][info][gc          ] GC(37) Concurrent weak roots 0.360ms
[70.980s][info][gc          ] GC(37) Concurrent cleanup 1574M->1574M(6144M) 0.050ms
[70.980s][info][gc          ] GC(37) Concurrent class unloading 0.523ms
[70.980s][info][gc          ] GC(37) Pause Final Roots 0.003ms
[70.980s][info][gc,metaspace] Metaspace: 11299K(11648K)->11299K(11648K) NonClass: 9463K(9664K)->9463K(9664K) Class: 1836K(1984K)->1836K(1984K)
[70.990s][info][gc          ] Trigger: GC request (System.gc())
[70.993s][info][gc          ] GC(38) Concurrent reset 2.300ms
[70.993s][info][gc          ] GC(38) Pause Init Mark (unload classes) 0.067ms
[70.993s][info][gc          ] GC(38) Concurrent marking roots 0.099ms
[72.864s][info][gc          ] GC(38) Concurrent marking (unload classes) 1871.271ms
[72.864s][info][gc          ] GC(38) Pause Final Mark (unload classes) 0.173ms
[72.865s][info][gc          ] GC(38) Concurrent weak references 0.045ms
[72.865s][info][gc          ] GC(38) Concurrent weak roots 0.291ms
[72.865s][info][gc          ] GC(38) Concurrent cleanup 1574M->1574M(6144M) 0.050ms
[72.866s][info][gc          ] GC(38) Concurrent class unloading 0.613ms
[72.866s][info][gc          ] GC(38) Pause Final Roots 0.003ms
[72.866s][info][gc,metaspace] Metaspace: 11299K(11648K)->11299K(11648K) NonClass: 9463K(9664K)->9463K(9664K) Class: 1836K(1984K)->1836K(1984K)
[72.876s][info][gc          ] Trigger: GC request (System.gc())
[72.878s][info][gc          ] GC(39) Concurrent reset 1.935ms
[72.878s][info][gc          ] GC(39) Pause Init Mark (unload classes) 0.042ms
[72.878s][info][gc          ] GC(39) Concurrent marking roots 0.088ms
[74.584s][info][gc          ] GC(39) Concurrent marking (unload classes) 1706.139ms
[74.584s][info][gc          ] GC(39) Pause Final Mark (unload classes) 0.204ms
[74.584s][info][gc          ] GC(39) Concurrent weak references 0.044ms
[74.585s][info][gc          ] GC(39) Concurrent weak roots 0.388ms
[74.585s][info][gc          ] GC(39) Concurrent cleanup 1574M->1574M(6144M) 0.050ms
[74.585s][info][gc          ] GC(39) Concurrent class unloading 0.527ms
[74.585s][info][gc          ] GC(39) Pause Final Roots 0.003ms
[74.586s][info][gc,metaspace] Metaspace: 11299K(11648K)->11299K(11648K) NonClass: 9463K(9664K)->9463K(9664K) Class: 1836K(1984K)->1836K(1984K)
[74.596s][info][gc          ] Trigger: GC request (System.gc())
[74.598s][info][gc          ] GC(40) Concurrent reset 2.580ms
[74.598s][info][gc          ] GC(40) Pause Init Mark (unload classes) 0.042ms
[74.598s][info][gc          ] GC(40) Concurrent marking roots 0.092ms
[76.271s][info][gc          ] GC(40) Concurrent marking (unload classes) 1672.431ms
[76.271s][info][gc          ] GC(40) Pause Final Mark (unload classes) 0.182ms
[76.271s][info][gc          ] GC(40) Concurrent weak references 0.044ms
[76.272s][info][gc          ] GC(40) Concurrent weak roots 0.333ms
[76.272s][info][gc          ] GC(40) Concurrent cleanup 1574M->1574M(6144M) 0.050ms
[76.272s][info][gc          ] GC(40) Concurrent class unloading 0.636ms
[76.272s][info][gc          ] GC(40) Pause Final Roots 0.003ms
[76.272s][info][gc,metaspace] Metaspace: 11299K(11648K)->11299K(11648K) NonClass: 9463K(9664K)->9463K(9664K) Class: 1836K(1984K)->1836K(1984K)
[76.282s][info][gc          ] Trigger: GC request (System.gc())
[76.284s][info][gc          ] GC(41) Concurrent reset 1.900ms
[76.284s][info][gc          ] GC(41) Pause Init Mark (unload classes) 0.041ms
[76.285s][info][gc          ] GC(41) Concurrent marking roots 0.090ms
[77.908s][info][gc          ] GC(41) Concurrent marking (unload classes) 1623.571ms
[77.908s][info][gc          ] GC(41) Pause Final Mark (unload classes) 0.204ms
[77.913s][info][gc          ] GC(41) Concurrent weak references 0.083ms
[77.913s][info][gc          ] GC(41) Concurrent weak roots 0.318ms
[77.913s][info][gc          ] GC(41) Concurrent cleanup 1574M->1574M(6144M) 0.050ms
[77.914s][info][gc          ] GC(41) Concurrent class unloading 0.757ms
[77.914s][info][gc          ] GC(41) Pause Final Roots 0.003ms
[77.914s][info][gc,metaspace] Metaspace: 11299K(11648K)->11299K(11648K) NonClass: 9463K(9664K)->9463K(9664K) Class: 1836K(1984K)->1836K(1984K)
[77.924s][info][gc          ] Trigger: GC request (System.gc())
[77.926s][info][gc          ] GC(42) Concurrent reset 1.903ms
[77.926s][info][gc          ] GC(42) Pause Init Mark (unload classes) 0.042ms
[77.926s][info][gc          ] GC(42) Concurrent marking roots 0.106ms
[79.629s][info][gc          ] GC(42) Concurrent marking (unload classes) 1702.323ms
[79.629s][info][gc          ] GC(42) Pause Final Mark (unload classes) 0.191ms
[79.629s][info][gc          ] GC(42) Concurrent weak references 0.044ms
[79.629s][info][gc          ] GC(42) Concurrent weak roots 0.318ms
[79.629s][info][gc          ] GC(42) Concurrent cleanup 1574M->1574M(6144M) 0.050ms
[79.630s][info][gc          ] GC(42) Concurrent class unloading 0.626ms
[79.630s][info][gc          ] GC(42) Pause Final Roots 0.003ms
[79.630s][info][gc,metaspace] Metaspace: 11299K(11648K)->11299K(11648K) NonClass: 9463K(9664K)->9463K(9664K) Class: 1836K(1984K)->1836K(1984K)
[79.640s][info][gc          ] Trigger: GC request (System.gc())
[79.642s][info][gc          ] GC(43) Concurrent reset 1.880ms
[79.642s][info][gc          ] GC(43) Pause Init Mark (unload classes) 0.041ms
[79.642s][info][gc          ] GC(43) Concurrent marking roots 0.100ms
[81.203s][info][gc          ] GC(43) Concurrent marking (unload classes) 1560.901ms
[81.204s][info][gc          ] GC(43) Pause Final Mark (unload classes) 0.204ms
[81.204s][info][gc          ] GC(43) Concurrent weak references 0.044ms
[81.204s][info][gc          ] GC(43) Concurrent weak roots 0.363ms
[81.204s][info][gc          ] GC(43) Concurrent cleanup 1574M->1574M(6144M) 0.050ms
[81.205s][info][gc          ] GC(43) Concurrent class unloading 0.527ms
[81.205s][info][gc          ] GC(43) Pause Final Roots 0.003ms
[81.205s][info][gc,metaspace] Metaspace: 11299K(11648K)->11299K(11648K) NonClass: 9463K(9664K)->9463K(9664K) Class: 1836K(1984K)->1836K(1984K)
[81.215s][info][gc          ] Trigger: GC request (System.gc())
[81.217s][info][gc          ] GC(44) Concurrent reset 2.487ms
[81.217s][info][gc          ] GC(44) Pause Init Mark (unload classes) 0.043ms
[81.218s][info][gc          ] GC(44) Concurrent marking roots 0.096ms
[83.057s][info][gc          ] GC(44) Concurrent marking (unload classes) 1839.781ms
[83.058s][info][gc          ] GC(44) Pause Final Mark (unload classes) 0.175ms
[83.062s][info][gc          ] GC(44) Concurrent weak references 0.046ms
[83.062s][info][gc          ] GC(44) Concurrent weak roots 0.337ms
[83.062s][info][gc          ] GC(44) Concurrent cleanup 1574M->1574M(6144M) 0.050ms
[83.063s][info][gc          ] GC(44) Concurrent class unloading 0.650ms
[83.063s][info][gc          ] GC(44) Pause Final Roots 0.003ms
[83.063s][info][gc,metaspace] Metaspace: 11299K(11648K)->11299K(11648K) NonClass: 9463K(9664K)->9463K(9664K) Class: 1836K(1984K)->1836K(1984K)
[83.073s][info][gc          ] Trigger: GC request (System.gc())
[83.075s][info][gc          ] GC(45) Concurrent reset 1.974ms
[83.075s][info][gc          ] GC(45) Pause Init Mark (unload classes) 0.042ms
[83.075s][info][gc          ] GC(45) Concurrent marking roots 0.097ms
[84.737s][info][gc          ] GC(45) Concurrent marking (unload classes) 1661.737ms
[84.737s][info][gc          ] GC(45) Pause Final Mark (unload classes) 0.204ms
[84.738s][info][gc          ] GC(45) Concurrent weak references 0.057ms
[84.738s][info][gc          ] GC(45) Concurrent weak roots 0.322ms
[84.738s][info][gc          ] GC(45) Concurrent cleanup 1574M->1574M(6144M) 0.050ms
[84.739s][info][gc          ] GC(45) Concurrent class unloading 0.607ms
[84.739s][info][gc          ] GC(45) Pause Final Roots 0.004ms
[84.739s][info][gc,metaspace] Metaspace: 11299K(11648K)->11299K(11648K) NonClass: 9463K(9664K)->9463K(9664K) Class: 1836K(1984K)->1836K(1984K)
[84.749s][info][gc          ] Trigger: GC request (System.gc())
[84.751s][info][gc          ] GC(46) Concurrent reset 2.389ms
[84.751s][info][gc          ] GC(46) Pause Init Mark (unload classes) 0.042ms
[84.751s][info][gc          ] GC(46) Concurrent marking roots 0.105ms
[86.527s][info][gc          ] GC(46) Concurrent marking (unload classes) 1775.147ms
[86.527s][info][gc          ] GC(46) Pause Final Mark (unload classes) 0.180ms
[86.527s][info][gc          ] GC(46) Concurrent weak references 0.045ms
[86.527s][info][gc          ] GC(46) Concurrent weak roots 0.298ms
[86.527s][info][gc          ] GC(46) Concurrent cleanup 1574M->1574M(6144M) 0.050ms
[86.528s][info][gc          ] GC(46) Concurrent class unloading 0.651ms
[86.528s][info][gc          ] GC(46) Pause Final Roots 0.003ms
[86.528s][info][gc,metaspace] Metaspace: 11299K(11648K)->11299K(11648K) NonClass: 9463K(9664K)->9463K(9664K) Class: 1836K(1984K)->1836K(1984K)
[86.538s][info][gc          ] Trigger: GC request (System.gc())
[86.540s][info][gc          ] GC(47) Concurrent reset 1.950ms
[86.540s][info][gc          ] GC(47) Pause Init Mark (unload classes) 0.042ms
[86.540s][info][gc          ] GC(47) Concurrent marking roots 0.098ms
[88.065s][info][gc          ] GC(47) Concurrent marking (unload classes) 1524.400ms
[88.065s][info][gc          ] GC(47) Pause Final Mark (unload classes) 0.181ms
[88.069s][info][gc          ] GC(47) Concurrent weak references 0.047ms
[88.070s][info][gc          ] GC(47) Concurrent weak roots 0.367ms
[88.070s][info][gc          ] GC(47) Concurrent cleanup 1574M->1574M(6144M) 0.050ms
[88.070s][info][gc          ] GC(47) Concurrent class unloading 0.536ms
[88.070s][info][gc          ] GC(47) Pause Final Roots 0.003ms
[88.070s][info][gc,metaspace] Metaspace: 11299K(11648K)->11299K(11648K) NonClass: 9463K(9664K)->9463K(9664K) Class: 1836K(1984K)->1836K(1984K)
[88.080s][info][gc          ] Trigger: GC request (System.gc())
[88.083s][info][gc          ] GC(48) Concurrent reset 2.495ms
[88.083s][info][gc          ] GC(48) Pause Init Mark (unload classes) 0.042ms
[88.083s][info][gc          ] GC(48) Concurrent marking roots 0.090ms
[90.032s][info][gc          ] GC(48) Concurrent marking (unload classes) 1948.373ms
[90.032s][info][gc          ] GC(48) Pause Final Mark (unload classes) 0.177ms
[90.032s][info][gc          ] GC(48) Concurrent weak references 0.046ms
[90.032s][info][gc          ] GC(48) Concurrent weak roots 0.299ms
[90.032s][info][gc          ] GC(48) Concurrent cleanup 1574M->1574M(6144M) 0.050ms
[90.033s][info][gc          ] GC(48) Concurrent class unloading 0.592ms
[90.033s][info][gc          ] GC(48) Pause Final Roots 0.003ms
[90.033s][info][gc,metaspace] Metaspace: 11299K(11648K)->11299K(11648K) NonClass: 9463K(9664K)->9463K(9664K) Class: 1836K(1984K)->1836K(1984K)
[90.043s][info][gc          ] Trigger: GC request (System.gc())
[90.045s][info][gc          ] GC(49) Concurrent reset 1.937ms
[90.045s][info][gc          ] GC(49) Pause Init Mark (unload classes) 0.041ms
[90.045s][info][gc          ] GC(49) Concurrent marking roots 0.094ms
[91.705s][info][gc          ] GC(49) Concurrent marking (unload classes) 1660.076ms
[91.706s][info][gc          ] GC(49) Pause Final Mark (unload classes) 0.199ms
[91.706s][info][gc          ] GC(49) Concurrent weak references 0.057ms
[91.706s][info][gc          ] GC(49) Concurrent weak roots 0.320ms
[91.706s][info][gc          ] GC(49) Concurrent cleanup 1574M->1574M(6144M) 0.050ms
[91.707s][info][gc          ] GC(49) Concurrent class unloading 0.609ms
[91.707s][info][gc          ] GC(49) Pause Final Roots 0.003ms
[91.707s][info][gc,metaspace] Metaspace: 11299K(11648K)->11299K(11648K) NonClass: 9463K(9664K)->9463K(9664K) Class: 1836K(1984K)->1836K(1984K)
[91.717s][info][gc          ] Trigger: GC request (System.gc())
[91.719s][info][gc          ] GC(50) Concurrent reset 2.297ms
[91.719s][info][gc          ] GC(50) Pause Init Mark (unload classes) 0.042ms
[91.720s][info][gc          ] GC(50) Concurrent marking roots 0.098ms
[93.152s][info][gc          ] GC(50) Concurrent marking (unload classes) 1432.696ms
[93.152s][info][gc          ] GC(50) Pause Final Mark (unload classes) 0.177ms
[93.157s][info][gc          ] GC(50) Concurrent weak references 0.050ms
[93.157s][info][gc          ] GC(50) Concurrent weak roots 0.287ms
[93.157s][info][gc          ] GC(50) Concurrent cleanup 1574M->1574M(6144M) 0.050ms
[93.158s][info][gc          ] GC(50) Concurrent class unloading 0.658ms
[93.158s][info][gc          ] GC(50) Pause Final Roots 0.003ms
[93.158s][info][gc,metaspace] Metaspace: 11299K(11648K)->11299K(11648K) NonClass: 9463K(9664K)->9463K(9664K) Class: 1836K(1984K)->1836K(1984K)
[93.168s][info][gc          ] Trigger: GC request (System.gc())
[93.170s][info][gc          ] GC(51) Concurrent reset 1.947ms
[93.170s][info][gc          ] GC(51) Pause Init Mark (unload classes) 0.041ms
[93.170s][info][gc          ] GC(51) Concurrent marking roots 0.096ms
[94.851s][info][gc          ] GC(51) Concurrent marking (unload classes) 1680.301ms
[94.851s][info][gc          ] GC(51) Pause Final Mark (unload classes) 0.180ms
[94.851s][info][gc          ] GC(51) Concurrent weak references 0.048ms
[94.851s][info][gc          ] GC(51) Concurrent weak roots 0.383ms
[94.851s][info][gc          ] GC(51) Concurrent cleanup 1574M->1574M(6144M) 0.050ms
[94.852s][info][gc          ] GC(51) Concurrent class unloading 0.581ms
[94.852s][info][gc          ] GC(51) Pause Final Roots 0.003ms
[94.852s][info][gc,metaspace] Metaspace: 11299K(11648K)->11299K(11648K) NonClass: 9463K(9664K)->9463K(9664K) Class: 1836K(1984K)->1836K(1984K)
[94.862s][info][gc          ] Trigger: GC request (System.gc())
[94.865s][info][gc          ] GC(52) Concurrent reset 2.359ms
[94.865s][info][gc          ] GC(52) Pause Init Mark (unload classes) 0.041ms
[94.865s][info][gc          ] GC(52) Concurrent marking roots 0.089ms
[96.796s][info][gc          ] GC(52) Concurrent marking (unload classes) 1931.127ms
[96.796s][info][gc          ] GC(52) Pause Final Mark (unload classes) 0.177ms
[96.796s][info][gc          ] GC(52) Concurrent weak references 0.043ms
[96.797s][info][gc          ] GC(52) Concurrent weak roots 0.334ms
[96.797s][info][gc          ] GC(52) Concurrent cleanup 1574M->1574M(6144M) 0.071ms
[96.797s][info][gc          ] GC(52) Concurrent class unloading 0.650ms
[96.797s][info][gc          ] GC(52) Pause Final Roots 0.003ms
[96.798s][info][gc,metaspace] Metaspace: 11299K(11648K)->11299K(11648K) NonClass: 9463K(9664K)->9463K(9664K) Class: 1836K(1984K)->1836K(1984K)
[96.808s][info][gc          ] Trigger: GC request (System.gc())
[96.810s][info][gc          ] GC(53) Concurrent reset 1.956ms
[96.810s][info][gc          ] GC(53) Pause Init Mark (unload classes) 0.042ms
[96.810s][info][gc          ] GC(53) Concurrent marking roots 0.105ms
[98.387s][info][gc          ] GC(53) Concurrent marking (unload classes) 1576.797ms
[98.387s][info][gc          ] GC(53) Pause Final Mark (unload classes) 0.180ms
[98.391s][info][gc          ] GC(53) Concurrent weak references 0.047ms
[98.392s][info][gc          ] GC(53) Concurrent weak roots 0.328ms
[98.392s][info][gc          ] GC(53) Concurrent cleanup 1574M->1574M(6144M) 0.050ms
[98.392s][info][gc          ] GC(53) Concurrent class unloading 0.596ms
[98.392s][info][gc          ] GC(53) Pause Final Roots 0.003ms
[98.392s][info][gc,metaspace] Metaspace: 11299K(11648K)->11299K(11648K) NonClass: 9463K(9664K)->9463K(9664K) Class: 1836K(1984K)->1836K(1984K)
[98.403s][info][gc          ] Trigger: GC request (System.gc())
[98.405s][info][gc          ] GC(54) Concurrent reset 1.954ms
[98.405s][info][gc          ] GC(54) Pause Init Mark (unload classes) 0.041ms
[98.405s][info][gc          ] GC(54) Concurrent marking roots 0.128ms
[99.972s][info][gc          ] GC(54) Concurrent marking (unload classes) 1566.983ms
[99.972s][info][gc          ] GC(54) Pause Final Mark (unload classes) 0.175ms
[99.972s][info][gc          ] GC(54) Concurrent weak references 0.044ms
[99.973s][info][gc          ] GC(54) Concurrent weak roots 0.327ms
[99.973s][info][gc          ] GC(54) Concurrent cleanup 1574M->1574M(6144M) 0.050ms
[99.973s][info][gc          ] GC(54) Concurrent class unloading 0.645ms
[99.973s][info][gc          ] GC(54) Pause Final Roots 0.003ms
[99.973s][info][gc,metaspace] Metaspace: 11299K(11648K)->11299K(11648K) NonClass: 9463K(9664K)->9463K(9664K) Class: 1836K(1984K)->1836K(1984K)
[99.984s][info][gc          ] Trigger: GC request (System.gc())
[99.986s][info][gc          ] GC(55) Concurrent reset 1.964ms
[99.986s][info][gc          ] GC(55) Pause Init Mark (unload classes) 0.041ms
[99.986s][info][gc          ] GC(55) Concurrent marking roots 0.102ms
[101.665s][info][gc          ] GC(55) Concurrent marking (unload classes) 1678.931ms
[101.665s][info][gc          ] GC(55) Pause Final Mark (unload classes) 0.172ms
[101.665s][info][gc          ] GC(55) Concurrent weak references 0.047ms
[101.665s][info][gc          ] GC(55) Concurrent weak roots 0.319ms
[101.666s][info][gc          ] GC(55) Concurrent cleanup 1574M->1574M(6144M) 0.050ms
[101.666s][info][gc          ] GC(55) Concurrent class unloading 0.610ms
[101.666s][info][gc          ] GC(55) Pause Final Roots 0.003ms
[101.666s][info][gc,metaspace] Metaspace: 11299K(11648K)->11299K(11648K) NonClass: 9463K(9664K)->9463K(9664K) Class: 1836K(1984K)->1836K(1984K)
[101.676s][info][gc          ] Trigger: GC request (System.gc())
[101.679s][info][gc          ] GC(56) Concurrent reset 2.362ms
[101.679s][info][gc          ] GC(56) Pause Init Mark (unload classes) 0.041ms
[101.679s][info][gc          ] GC(56) Concurrent marking roots 0.091ms
[103.131s][info][gc          ] GC(56) Concurrent marking (unload classes) 1452.405ms
[103.132s][info][gc          ] GC(56) Pause Final Mark (unload classes) 0.178ms
[103.132s][info][gc          ] GC(56) Concurrent weak references 0.042ms
[103.132s][info][gc          ] GC(56) Concurrent weak roots 0.343ms
[103.132s][info][gc          ] GC(56) Concurrent cleanup 1574M->1574M(6144M) 0.050ms
[103.133s][info][gc          ] GC(56) Concurrent class unloading 0.545ms
[103.133s][info][gc          ] GC(56) Pause Final Roots 0.003ms
[103.133s][info][gc,metaspace] Metaspace: 11299K(11648K)->11299K(11648K) NonClass: 9463K(9664K)->9463K(9664K) Class: 1836K(1984K)->1836K(1984K)
[103.143s][info][gc          ] Trigger: GC request (System.gc())
[103.145s][info][gc          ] GC(57) Concurrent reset 2.236ms
[103.145s][info][gc          ] GC(57) Pause Init Mark (unload classes) 0.041ms
[103.145s][info][gc          ] GC(57) Concurrent marking roots 0.078ms
[105.011s][info][gc          ] GC(57) Concurrent marking (unload classes) 1865.424ms
[105.011s][info][gc          ] GC(57) Pause Final Mark (unload classes) 0.202ms
[105.011s][info][gc          ] GC(57) Concurrent weak references 0.045ms
[105.011s][info][gc          ] GC(57) Concurrent weak roots 0.320ms
[105.012s][info][gc          ] GC(57) Concurrent cleanup 1574M->1574M(6144M) 0.050ms
[105.012s][info][gc          ] GC(57) Concurrent class unloading 0.622ms
[105.012s][info][gc          ] GC(57) Pause Final Roots 0.003ms
[105.012s][info][gc,metaspace] Metaspace: 11299K(11648K)->11299K(11648K) NonClass: 9463K(9664K)->9463K(9664K) Class: 1836K(1984K)->1836K(1984K)
[105.022s][info][gc          ] Trigger: GC request (System.gc())
[105.024s][info][gc          ] GC(58) Concurrent reset 1.943ms
[105.024s][info][gc          ] GC(58) Pause Init Mark (unload classes) 0.041ms
[105.025s][info][gc          ] GC(58) Concurrent marking roots 0.089ms
[106.697s][info][gc          ] GC(58) Concurrent marking (unload classes) 1672.214ms
[106.697s][info][gc          ] GC(58) Pause Final Mark (unload classes) 0.183ms
[106.697s][info][gc          ] GC(58) Concurrent weak references 0.045ms
[106.697s][info][gc          ] GC(58) Concurrent weak roots 0.331ms
[106.698s][info][gc          ] GC(58) Concurrent cleanup 1574M->1574M(6144M) 0.050ms
[106.698s][info][gc          ] GC(58) Concurrent class unloading 0.618ms
[106.698s][info][gc          ] GC(58) Pause Final Roots 0.003ms
[106.698s][info][gc,metaspace] Metaspace: 11299K(11648K)->11299K(11648K) NonClass: 9463K(9664K)->9463K(9664K) Class: 1836K(1984K)->1836K(1984K)
[106.708s][info][gc          ] Trigger: GC request (System.gc())
[106.710s][info][gc          ] GC(59) Concurrent reset 2.029ms
[106.711s][info][gc          ] GC(59) Pause Init Mark (unload classes) 0.041ms
[106.711s][info][gc          ] GC(59) Concurrent marking roots 0.094ms
[108.149s][info][gc          ] GC(59) Concurrent marking (unload classes) 1438.798ms
[108.150s][info][gc          ] GC(59) Pause Final Mark (unload classes) 0.167ms
[108.150s][info][gc          ] GC(59) Concurrent weak references 0.073ms
[108.150s][info][gc          ] GC(59) Concurrent weak roots 0.317ms
[108.150s][info][gc          ] GC(59) Concurrent cleanup 1574M->1574M(6144M) 0.050ms
[108.151s][info][gc          ] GC(59) Concurrent class unloading 0.691ms
[108.151s][info][gc          ] GC(59) Pause Final Roots 0.003ms
[108.151s][info][gc,metaspace] Metaspace: 11299K(11648K)->11299K(11648K) NonClass: 9463K(9664K)->9463K(9664K) Class: 1836K(1984K)->1836K(1984K)
After GCs... 
[108.160s][info][gc          ] Cancelling GC: Stopping VM
