[0.001s][info][gc] Min heap equals to max heap, disabling ShenandoahUncommit
[0.001s][info][metaspace]  - commit_granule_bytes: 65536.
[0.001s][info][metaspace]  - commit_granule_words: 8192.
[0.001s][info][metaspace]  - virtual_space_node_default_size: 8388608.
[0.001s][info][metaspace]  - enlarge_chunks_in_place: 1.
[0.001s][info][metaspace]  - use_allocation_guard: 0.
[0.003s][info][gc       ] Heuristics ergonomically sets -XX:+ExplicitGCInvokesConcurrent
[0.003s][info][gc       ] Heuristics ergonomically sets -XX:+ShenandoahImplicitGCInvokesConcurrent
[0.004s][info][gc       ] Using Shenandoah
[0.325s][info][metaspace] Reserving compressed class space anywhere
[0.325s][info][gc,metaspace] CDS archive(s) not mapped
[0.325s][info][gc,metaspace] Compressed class space mapped at: 0x0000000009000000-0x00000000c9000000, reserved size: 3221225472
[0.325s][info][gc,metaspace] UseCompressedClassPointers 1, UseCompactObjectHeaders 1, narrow klass pointer bits 22, max shift 10
[0.325s][info][gc,metaspace] Narrow klass base: 0x0000000009000000, Narrow klass shift: 10, Narrow klass range: 0xc0000000
Random Seed: 12345678
Num Classes: 64
Num Objects: 67108864
Percent IK Objects: 83.0%)
Percent OAK Objects: 5.0%)
Percent TAK Objects: 12.0%)
Cycles: 50
Loading 64 pre-generated classes ...
Materialize pre-generated constructors ...
Creating objects...
[0.559s][info][gc          ] Trigger: GC request (System.gc())
[0.559s][info][gc          ] GC(0) Concurrent reset 0.087ms
[0.559s][info][gc          ] GC(0) Pause Init Mark (unload classes) 0.041ms
[0.560s][info][gc          ] GC(0) Concurrent marking roots 0.202ms
[0.561s][info][gc          ] GC(0) Concurrent marking (unload classes) 1.367ms
[0.561s][info][gc          ] GC(0) Pause Final Mark (unload classes) 0.137ms
[0.561s][info][gc          ] GC(0) Concurrent thread roots 0.056ms
[0.561s][info][gc          ] GC(0) Concurrent weak references 0.132ms
[0.562s][info][gc          ] GC(0) Concurrent weak roots 0.400ms
[0.562s][info][gc          ] GC(0) Concurrent cleanup 32M->32M(6144M) 0.050ms
[0.563s][info][metaspace   ] ChkMgr @0x00007ffff010fac0 (non-class-space): : reclaiming memory...
[0.563s][info][metaspace   ] ChkMgr @0x00007ffff010fac0 (non-class-space): nothing reclaimed.
[0.563s][info][metaspace   ] ChkMgr @0x00007ffff010f8d0 (class-space): : reclaiming memory...
[0.563s][info][metaspace   ] ChkMgr @0x00007ffff010f8d0 (class-space): nothing reclaimed.
[0.563s][info][gc          ] GC(0) Concurrent class unloading 1.448ms
[0.564s][info][gc          ] GC(0) Concurrent strong roots 0.216ms
[0.564s][info][gc          ] GC(0) Concurrent evacuation 0.921ms
[0.565s][info][gc          ] GC(0) Pause Init Update Refs 0.006ms
[0.565s][info][gc          ] GC(0) At start of update refs, moving 28672K to Mutator free partition from Collector Reserve
[0.566s][info][gc          ] GC(0) Concurrent update references 1.536ms
[0.566s][info][gc          ] GC(0) Concurrent update thread roots 0.080ms
[0.566s][info][gc          ] GC(0) Pause Final Update Refs 0.045ms
[0.566s][info][gc          ] GC(0) Concurrent cleanup 35M->7M(6144M) 0.051ms
[0.566s][info][gc,metaspace] Metaspace: 11245K(11584K)->11225K(11584K) NonClass: 9403K(9600K)->9391K(9600K) Class: 1841K(1984K)->1834K(1984K)
[1.434s][info][gc          ] Trigger: Learning 2 of 5. Free (4300M) is below initial threshold (4300M)
[1.435s][info][gc          ] GC(1) Concurrent reset 0.310ms
[1.435s][info][gc          ] GC(1) Pause Init Mark (unload classes) 0.048ms
[1.435s][info][gc          ] GC(1) Concurrent marking roots 0.259ms
[1.853s][info][gc          ] GC(1) Concurrent marking (unload classes) 418.199ms
[1.854s][info][gc          ] GC(1) Pause Final Mark (unload classes) 0.195ms
[1.854s][info][gc          ] GC(1) Concurrent thread roots 0.070ms
[1.854s][info][gc          ] GC(1) Concurrent weak references 0.059ms
[1.854s][info][gc          ] GC(1) Concurrent weak roots 0.578ms
[1.855s][info][gc          ] GC(1) Concurrent cleanup 2238M->2238M(6144M) 0.050ms
[1.855s][info][gc          ] GC(1) Concurrent class unloading 0.937ms
[1.856s][info][gc          ] GC(1) Concurrent strong roots 0.211ms
[1.994s][info][gc          ] GC(1) Concurrent evacuation 138.507ms
[1.994s][info][gc          ] GC(1) Pause Init Update Refs 0.007ms
[1.994s][info][gc          ] GC(1) At start of update refs, moving 152M to Mutator free partition from Collector Reserve
[2.431s][info][gc          ] GC(1) Concurrent update references 436.576ms
[2.431s][info][gc          ] GC(1) Concurrent update thread roots 0.193ms
[2.431s][info][gc          ] GC(1) Pause Final Update Refs 0.066ms
[2.431s][info][gc          ] GC(1) Concurrent cleanup 3495M->2222M(6144M) 0.074ms
[2.432s][info][gc,metaspace] Metaspace: 11475K(11840K)->11476K(11840K) NonClass: 9606K(9792K)->9606K(9792K) Class: 1869K(2048K)->1869K(2048K)
[2.433s][info][gc          ] Trigger: Learning 3 of 5. Free (3608M) is below initial threshold (4300M)
[2.435s][info][gc          ] GC(2) Concurrent reset 2.252ms
[2.435s][info][gc          ] GC(2) Pause Init Mark (unload classes) 0.032ms
[2.435s][info][gc          ] GC(2) Concurrent marking roots 0.105ms
[2.990s][info][gc          ] GC(2) Concurrent marking (unload classes) 555.378ms
[2.991s][info][gc          ] GC(2) Pause Final Mark (unload classes) 0.174ms
[2.991s][info][gc          ] GC(2) Concurrent thread roots 0.074ms
[2.991s][info][gc          ] GC(2) Concurrent weak references 0.037ms
[2.991s][info][gc          ] GC(2) Concurrent weak roots 0.308ms
[2.991s][info][gc          ] GC(2) Concurrent cleanup 3336M->3336M(6144M) 0.050ms
[2.992s][info][gc          ] GC(2) Concurrent class unloading 0.616ms
[2.992s][info][gc          ] GC(2) Concurrent strong roots 0.068ms
[3.161s][info][gc          ] GC(2) Concurrent evacuation 168.730ms
[3.161s][info][gc          ] GC(2) Pause Init Update Refs 0.005ms
[3.161s][info][gc          ] GC(2) At start of update refs, moving 132M to Mutator free partition from Collector Reserve
[3.695s][info][gc          ] GC(2) Concurrent update references 534.259ms
[3.695s][info][gc          ] GC(2) Concurrent update thread roots 0.157ms
[3.700s][info][gc          ] GC(2) Pause Final Update Refs 0.071ms
[3.700s][info][gc          ] GC(2) Concurrent cleanup 4763M->2939M(6144M) 0.084ms
[3.700s][info][gc,metaspace] Metaspace: 11476K(11840K)->11476K(11840K) NonClass: 9606K(9792K)->9606K(9792K) Class: 1869K(2048K)->1869K(2048K)
[3.701s][info][gc          ] Trigger: Learning 4 of 5. Free (2890M) is below initial threshold (4300M)
[3.705s][info][gc          ] GC(3) Concurrent reset 3.526ms
[3.705s][info][gc          ] GC(3) Pause Init Mark (unload classes) 0.041ms
[3.705s][info][gc          ] GC(3) Concurrent marking roots 0.082ms
[4.409s][info][gc          ] GC(3) Concurrent marking (unload classes) 703.996ms
[4.409s][info][gc          ] GC(3) Pause Final Mark (unload classes) 0.239ms
[4.409s][info][gc          ] GC(3) Concurrent thread roots 0.087ms
[4.409s][info][gc          ] GC(3) Concurrent weak references 0.035ms
[4.410s][info][gc          ] GC(3) Concurrent weak roots 0.356ms
[4.410s][info][gc          ] GC(3) Concurrent cleanup 4482M->4483M(6144M) 0.050ms
[4.410s][info][gc          ] GC(3) Concurrent class unloading 0.537ms
[4.410s][info][gc          ] GC(3) Concurrent strong roots 0.064ms
[4.585s][info][gc          ] GC(3) Concurrent evacuation 174.210ms
[4.593s][info][gc          ] GC(3) Pause Init Update Refs 0.007ms
[4.593s][info][gc          ] GC(3) At start of update refs, moving 94208K to Mutator free partition from Collector Reserve
[5.372s][info][gc          ] GC(3) Concurrent update references 779.014ms
[5.372s][info][gc          ] GC(3) Concurrent update thread roots 0.178ms
[5.372s][info][gc          ] GC(3) Pause Final Update Refs 0.082ms
[5.373s][info][gc          ] GC(3) Concurrent cleanup 5849M->3470M(6144M) 0.093ms
[5.373s][info][gc,metaspace] Metaspace: 11476K(11840K)->11476K(11840K) NonClass: 9606K(9792K)->9606K(9792K) Class: 1869K(2048K)->1869K(2048K)
[5.374s][info][gc          ] Trigger: Learning 5 of 5. Free (2357M) is below initial threshold (4300M)
[5.378s][info][gc          ] GC(4) Concurrent reset 4.674ms
[5.379s][info][gc          ] GC(4) Pause Init Mark (unload classes) 0.041ms
[5.379s][info][gc          ] GC(4) Concurrent marking roots 0.101ms
[6.357s][info][gc          ] GC(4) Concurrent marking (unload classes) 978.699ms
[6.358s][info][gc          ] GC(4) Pause Final Mark (unload classes) 0.283ms
[6.358s][info][gc          ] GC(4) Concurrent thread roots 0.075ms
[6.358s][info][gc          ] GC(4) Concurrent weak references 0.037ms
[6.358s][info][gc          ] GC(4) Concurrent weak roots 0.324ms
[6.358s][info][gc          ] GC(4) Concurrent cleanup 5614M->5614M(6144M) 0.050ms
[6.359s][info][gc          ] GC(4) Concurrent class unloading 0.723ms
[6.359s][info][gc          ] GC(4) Concurrent strong roots 0.060ms
[6.623s][info][gc          ] GC(4) Concurrent evacuation 263.419ms
[6.623s][info][gc          ] GC(4) Pause Init Update Refs 0.006ms
[6.623s][info][gc          ] GC(4) At start of update refs, moving 69632K to Mutator free partition from Collector Reserve
[7.677s][info][gc          ] GC(4) Concurrent update references 1054.768ms
[7.678s][info][gc          ] GC(4) Concurrent update thread roots 0.236ms
[7.678s][info][gc          ] GC(4) Pause Final Update Refs 0.074ms
[7.678s][info][gc          ] GC(4) Concurrent cleanup 6059M->3353M(6144M) 0.100ms
[7.678s][info][gc,metaspace] Metaspace: 11476K(11840K)->11476K(11840K) NonClass: 9606K(9792K)->9606K(9792K) Class: 1869K(2048K)->1869K(2048K)
[7.679s][info][gc          ] Trigger: Average GC time (2940.75 ms) is above the time for average allocation rate (1457 MB/s) to deplete free headroom (2170M) (margin of error = 1.80)
[7.685s][info][gc          ] GC(5) Concurrent reset 5.496ms
[7.685s][info][gc          ] GC(5) Pause Init Mark (unload classes) 0.044ms
[7.685s][info][gc          ] GC(5) Concurrent marking roots 0.082ms
[9.219s][info][gc          ] Failed to allocate TLAB, 1740K
[9.219s][info][gc          ] Cancelling GC: Allocation Failure
[9.219s][info][gc          ] GC(5) Concurrent marking (unload classes) 1534.113ms
[9.219s][info][gc,metaspace] Metaspace: 11476K(11840K)->11476K(11840K) NonClass: 9606K(9792K)->9606K(9792K) Class: 1869K(2048K)->1869K(2048K)
[9.220s][info][gc          ] Trigger: Handle Allocation Failure
[9.992s][info][gc          ] GC(6) Pause Degenerated GC (Mark) 5832M->3696M(6144M) 771.851ms
[9.992s][info][gc,metaspace] Metaspace: 11476K(11840K)->11476K(11840K) NonClass: 9606K(9792K)->9606K(9792K) Class: 1869K(2048K)->1869K(2048K)
[9.993s][info][gc          ] Trigger: Average GC time (3004.61 ms) is above the time for average allocation rate (802 MB/s) to deplete free headroom (1211M) (margin of error = 1.90)
[9.998s][info][gc          ] GC(7) Concurrent reset 4.950ms
[9.998s][info][gc          ] GC(7) Pause Init Mark (unload classes) 0.043ms
[9.999s][info][gc          ] GC(7) Concurrent marking roots 0.085ms
67108864 Objects created
 - IK: 55699211 (82.99829%)
 - OAK: 3355627 (5.0002737%)
 - TAK: 8054026 (12.001434%)
Preparatory GC...
[11.436s][info][gc          ] GC(7) Concurrent marking (unload classes) 1437.422ms
[11.436s][info][gc          ] GC(7) Pause Final Mark (unload classes) 0.263ms
[11.436s][info][gc          ] GC(7) Concurrent thread roots 0.135ms
[11.437s][info][gc          ] GC(7) Concurrent weak references 0.040ms
[11.437s][info][gc          ] GC(7) Concurrent weak roots 0.334ms
[11.437s][info][gc          ] GC(7) Concurrent cleanup 5394M->5394M(6144M) 0.050ms
[11.438s][info][gc          ] GC(7) Concurrent class unloading 0.725ms
[11.438s][info][gc          ] GC(7) Concurrent strong roots 0.065ms
[11.688s][info][gc          ] GC(7) Concurrent evacuation 250.470ms
[11.688s][info][gc          ] GC(7) Pause Init Update Refs 0.006ms
[11.688s][info][gc          ] GC(7) At start of update refs, moving 81920K to Mutator free partition from Collector Reserve
[12.760s][info][gc          ] GC(7) Concurrent update references 1071.597ms
[12.760s][info][gc          ] GC(7) Concurrent update thread roots 0.226ms
[12.760s][info][gc          ] GC(7) Pause Final Update Refs 0.085ms
[12.761s][info][gc          ] GC(7) Concurrent cleanup 5622M->3118M(6144M) 0.095ms
[12.761s][info][gc,metaspace] Metaspace: 11476K(11840K)->11476K(11840K) NonClass: 9606K(9792K)->9606K(9792K) Class: 1869K(2048K)->1869K(2048K)
[12.762s][info][gc          ] Trigger: GC request (System.gc())
[12.767s][info][gc          ] GC(8) Concurrent reset 4.988ms
[12.767s][info][gc          ] GC(8) Pause Init Mark (unload classes) 0.039ms
[12.767s][info][gc          ] GC(8) Concurrent marking roots 0.105ms
[14.635s][info][gc          ] GC(8) Concurrent marking (unload classes) 1868.546ms
[14.636s][info][gc          ] GC(8) Pause Final Mark (unload classes) 0.248ms
[14.640s][info][gc          ] GC(8) Concurrent thread roots 0.088ms
[14.640s][info][gc          ] GC(8) Concurrent weak references 0.046ms
[14.641s][info][gc          ] GC(8) Concurrent weak roots 0.401ms
[14.641s][info][gc          ] GC(8) Concurrent cleanup 3118M->3118M(6144M) 0.050ms
[14.642s][info][metaspace   ] ChkMgr @0x00007ffff010fac0 (non-class-space): : reclaiming memory...
[14.642s][info][metaspace   ] ChkMgr @0x00007ffff010fac0 (non-class-space): finished reclaiming memory: 
[14.642s][info][metaspace   ] reserved: 64.00 MB (no change)
[14.643s][info][metaspace   ] committed: 9.56 MB->9.44 MB (-128.00 KB)
[14.643s][info][metaspace   ] ChkMgr @0x00007ffff010f8d0 (class-space): : reclaiming memory...
[14.643s][info][metaspace   ] ChkMgr @0x00007ffff010f8d0 (class-space): finished reclaiming memory: 
[14.643s][info][metaspace   ] reserved: 3.00 GB (no change)
[14.643s][info][metaspace   ] committed: 2.00 MB->1.94 MB (-64.00 KB)
[14.643s][info][gc          ] GC(8) Concurrent class unloading 1.942ms
[14.643s][info][gc          ] GC(8) Concurrent strong roots 0.089ms
[14.799s][info][gc          ] GC(8) Concurrent evacuation 156.448ms
[14.799s][info][gc          ] GC(8) Pause Init Update Refs 0.005ms
[14.799s][info][gc          ] GC(8) At start of update refs, moving 156M to Mutator free partition from Collector Reserve
[16.019s][info][gc          ] GC(8) Concurrent update references 1219.383ms
[16.019s][info][gc          ] GC(8) Concurrent update thread roots 0.223ms
[16.019s][info][gc          ] GC(8) Pause Final Update Refs 0.074ms
[16.019s][info][gc          ] GC(8) Concurrent cleanup 3270M->1576M(6144M) 0.082ms
[16.019s][info][gc,metaspace] Metaspace: 11476K(11840K)->11270K(11648K) NonClass: 9606K(9792K)->9435K(9664K) Class: 1869K(2048K)->1835K(1984K)
[16.020s][info][gc          ] Trigger: GC request (System.gc())
[16.025s][info][gc          ] GC(9) Concurrent reset 4.309ms
[16.025s][info][gc          ] GC(9) Pause Init Mark (unload classes) 0.043ms
[16.025s][info][gc          ] GC(9) Concurrent marking roots 0.147ms
[17.493s][info][gc          ] GC(9) Concurrent marking (unload classes) 1468.317ms
[17.493s][info][gc          ] GC(9) Pause Final Mark (unload classes) 0.162ms
[17.494s][info][gc          ] GC(9) Concurrent thread roots 0.082ms
[17.494s][info][gc          ] GC(9) Concurrent weak references 0.040ms
[17.494s][info][gc          ] GC(9) Concurrent weak roots 0.324ms
[17.494s][info][gc          ] GC(9) Concurrent cleanup 1576M->1576M(6144M) 0.050ms
[17.495s][info][gc          ] GC(9) Concurrent class unloading 0.549ms
[17.495s][info][gc          ] GC(9) Concurrent strong roots 0.058ms
[17.497s][info][gc          ] GC(9) Concurrent evacuation 2.223ms
[17.497s][info][gc          ] GC(9) Pause Init Update Refs 0.006ms
[17.497s][info][gc          ] GC(9) At start of update refs, moving 4096K to Mutator free partition from Collector Reserve
[18.718s][info][gc          ] GC(9) Concurrent update references 1220.546ms
[18.718s][info][gc          ] GC(9) Concurrent update thread roots 0.229ms
[18.718s][info][gc          ] GC(9) Pause Final Update Refs 0.057ms
[18.718s][info][gc          ] GC(9) Concurrent cleanup 1577M->1573M(6144M) 0.051ms
[18.718s][info][gc,metaspace] Metaspace: 11270K(11648K)->11270K(11648K) NonClass: 9435K(9664K)->9435K(9664K) Class: 1835K(1984K)->1835K(1984K)
Done; will start GCs... 
[18.719s][info][gc          ] Trigger: GC request (System.gc())
[18.721s][info][gc          ] GC(10) Concurrent reset 2.183ms
[18.721s][info][gc          ] GC(10) Pause Init Mark (unload classes) 0.041ms
[18.722s][info][gc          ] GC(10) Concurrent marking roots 0.218ms
[20.347s][info][gc          ] GC(10) Concurrent marking (unload classes) 1624.869ms
[20.347s][info][gc          ] GC(10) Pause Final Mark (unload classes) 0.232ms
[20.347s][info][gc          ] GC(10) Concurrent weak references 0.046ms
[20.347s][info][gc          ] GC(10) Concurrent weak roots 0.318ms
[20.347s][info][gc          ] GC(10) Concurrent cleanup 1576M->1573M(6144M) 0.050ms
[20.348s][info][gc          ] GC(10) Concurrent class unloading 0.614ms
[20.348s][info][gc          ] GC(10) Pause Final Roots 0.003ms
[20.348s][info][gc,metaspace] Metaspace: 11270K(11648K)->11270K(11648K) NonClass: 9435K(9664K)->9435K(9664K) Class: 1835K(1984K)->1835K(1984K)
[20.349s][info][gc          ] Trigger: GC request (System.gc())
[20.351s][info][gc          ] GC(11) Concurrent reset 1.903ms
[20.351s][info][gc          ] GC(11) Pause Init Mark (unload classes) 0.039ms
[20.351s][info][gc          ] GC(11) Concurrent marking roots 0.097ms
[22.076s][info][gc          ] GC(11) Concurrent marking (unload classes) 1725.162ms
[22.077s][info][gc          ] GC(11) Pause Final Mark (unload classes) 0.162ms
[22.077s][info][gc          ] GC(11) Concurrent weak references 0.044ms
[22.077s][info][gc          ] GC(11) Concurrent weak roots 0.302ms
[22.077s][info][gc          ] GC(11) Concurrent cleanup 1573M->1573M(6144M) 0.050ms
[22.078s][info][gc          ] GC(11) Concurrent class unloading 0.629ms
[22.078s][info][gc          ] GC(11) Pause Final Roots 0.003ms
[22.078s][info][gc,metaspace] Metaspace: 11270K(11648K)->11270K(11648K) NonClass: 9435K(9664K)->9435K(9664K) Class: 1835K(1984K)->1835K(1984K)
[22.080s][info][gc          ] Trigger: GC request (System.gc())
[22.082s][info][gc          ] GC(12) Concurrent reset 2.195ms
[22.082s][info][gc          ] GC(12) Pause Init Mark (unload classes) 0.046ms
[22.082s][info][gc          ] GC(12) Concurrent marking roots 0.103ms
[23.276s][info][gc          ] GC(12) Concurrent marking (unload classes) 1193.425ms
[23.276s][info][gc          ] GC(12) Pause Final Mark (unload classes) 0.175ms
[23.276s][info][gc          ] GC(12) Concurrent weak references 0.043ms
[23.277s][info][gc          ] GC(12) Concurrent weak roots 0.341ms
[23.277s][info][gc          ] GC(12) Concurrent cleanup 1573M->1573M(6144M) 0.050ms
[23.277s][info][gc          ] GC(12) Concurrent class unloading 0.660ms
[23.277s][info][gc          ] GC(12) Pause Final Roots 0.003ms
[23.277s][info][gc,metaspace] Metaspace: 11270K(11648K)->11270K(11648K) NonClass: 9435K(9664K)->9435K(9664K) Class: 1835K(1984K)->1835K(1984K)
[23.281s][info][gc          ] Trigger: GC request (System.gc())
[23.283s][info][gc          ] GC(13) Concurrent reset 1.882ms
[23.283s][info][gc          ] GC(13) Pause Init Mark (unload classes) 0.040ms
[23.284s][info][gc          ] GC(13) Concurrent marking roots 0.081ms
[25.087s][info][gc          ] GC(13) Concurrent marking (unload classes) 1803.646ms
[25.087s][info][gc          ] GC(13) Pause Final Mark (unload classes) 0.162ms
[25.088s][info][gc          ] GC(13) Concurrent weak references 0.063ms
[25.088s][info][gc          ] GC(13) Concurrent weak roots 0.309ms
[25.088s][info][gc          ] GC(13) Concurrent cleanup 1573M->1573M(6144M) 0.050ms
[25.089s][info][gc          ] GC(13) Concurrent class unloading 0.724ms
[25.089s][info][gc          ] GC(13) Pause Final Roots 0.003ms
[25.089s][info][gc,metaspace] Metaspace: 11270K(11648K)->11270K(11648K) NonClass: 9435K(9664K)->9435K(9664K) Class: 1835K(1984K)->1835K(1984K)
[25.097s][info][gc          ] Trigger: GC request (System.gc())
[25.099s][info][gc          ] GC(14) Concurrent reset 2.017ms
[25.099s][info][gc          ] GC(14) Pause Init Mark (unload classes) 0.041ms
[25.099s][info][gc          ] GC(14) Concurrent marking roots 0.097ms
[26.778s][info][gc          ] GC(14) Concurrent marking (unload classes) 1678.857ms
[26.778s][info][gc          ] GC(14) Pause Final Mark (unload classes) 0.158ms
[26.778s][info][gc          ] GC(14) Concurrent weak references 0.077ms
[26.779s][info][gc          ] GC(14) Concurrent weak roots 0.303ms
[26.779s][info][gc          ] GC(14) Concurrent cleanup 1573M->1573M(6144M) 0.059ms
[26.779s][info][gc          ] GC(14) Concurrent class unloading 0.679ms
[26.780s][info][gc          ] GC(14) Pause Final Roots 0.003ms
[26.780s][info][gc,metaspace] Metaspace: 11270K(11648K)->11270K(11648K) NonClass: 9435K(9664K)->9435K(9664K) Class: 1835K(1984K)->1835K(1984K)
[26.790s][info][gc          ] Trigger: GC request (System.gc())
[26.792s][info][gc          ] GC(15) Concurrent reset 2.074ms
[26.792s][info][gc          ] GC(15) Pause Init Mark (unload classes) 0.049ms
[26.792s][info][gc          ] GC(15) Concurrent marking roots 0.102ms
[28.732s][info][gc          ] GC(15) Concurrent marking (unload classes) 1939.812ms
[28.732s][info][gc          ] GC(15) Pause Final Mark (unload classes) 0.177ms
[28.732s][info][gc          ] GC(15) Concurrent weak references 0.045ms
[28.733s][info][gc          ] GC(15) Concurrent weak roots 0.348ms
[28.733s][info][gc          ] GC(15) Concurrent cleanup 1573M->1573M(6144M) 0.050ms
[28.733s][info][gc          ] GC(15) Concurrent class unloading 0.603ms
[28.733s][info][gc          ] GC(15) Pause Final Roots 0.003ms
[28.733s][info][gc,metaspace] Metaspace: 11270K(11648K)->11270K(11648K) NonClass: 9435K(9664K)->9435K(9664K) Class: 1835K(1984K)->1835K(1984K)
[28.743s][info][gc          ] Trigger: GC request (System.gc())
[28.745s][info][gc          ] GC(16) Concurrent reset 1.919ms
[28.745s][info][gc          ] GC(16) Pause Init Mark (unload classes) 0.041ms
[28.746s][info][gc          ] GC(16) Concurrent marking roots 0.099ms
[30.499s][info][gc          ] GC(16) Concurrent marking (unload classes) 1752.833ms
[30.499s][info][gc          ] GC(16) Pause Final Mark (unload classes) 0.201ms
[30.499s][info][gc          ] GC(16) Concurrent weak references 0.042ms
[30.499s][info][gc          ] GC(16) Concurrent weak roots 0.353ms
[30.499s][info][gc          ] GC(16) Concurrent cleanup 1573M->1573M(6144M) 0.050ms
[30.500s][info][gc          ] GC(16) Concurrent class unloading 0.529ms
[30.500s][info][gc          ] GC(16) Pause Final Roots 0.003ms
[30.500s][info][gc,metaspace] Metaspace: 11270K(11648K)->11270K(11648K) NonClass: 9435K(9664K)->9435K(9664K) Class: 1835K(1984K)->1835K(1984K)
[30.510s][info][gc          ] Trigger: GC request (System.gc())
[30.513s][info][gc          ] GC(17) Concurrent reset 2.493ms
[30.513s][info][gc          ] GC(17) Pause Init Mark (unload classes) 0.042ms
[30.513s][info][gc          ] GC(17) Concurrent marking roots 0.121ms
[32.145s][info][gc          ] GC(17) Concurrent marking (unload classes) 1632.492ms
[32.146s][info][gc          ] GC(17) Pause Final Mark (unload classes) 0.178ms
[32.146s][info][gc          ] GC(17) Concurrent weak references 0.043ms
[32.146s][info][gc          ] GC(17) Concurrent weak roots 0.324ms
[32.146s][info][gc          ] GC(17) Concurrent cleanup 1573M->1573M(6144M) 0.050ms
[32.147s][info][gc          ] GC(17) Concurrent class unloading 0.607ms
[32.147s][info][gc          ] GC(17) Pause Final Roots 0.003ms
[32.147s][info][gc,metaspace] Metaspace: 11270K(11648K)->11270K(11648K) NonClass: 9435K(9664K)->9435K(9664K) Class: 1835K(1984K)->1835K(1984K)
[32.157s][info][gc          ] Trigger: GC request (System.gc())
[32.159s][info][gc          ] GC(18) Concurrent reset 1.980ms
[32.159s][info][gc          ] GC(18) Pause Init Mark (unload classes) 0.022ms
[32.159s][info][gc          ] GC(18) Concurrent marking roots 0.086ms
[33.989s][info][gc          ] GC(18) Concurrent marking (unload classes) 1829.888ms
[33.989s][info][gc          ] GC(18) Pause Final Mark (unload classes) 0.200ms
[33.989s][info][gc          ] GC(18) Concurrent weak references 0.045ms
[33.990s][info][gc          ] GC(18) Concurrent weak roots 0.319ms
[33.990s][info][gc          ] GC(18) Concurrent cleanup 1573M->1573M(6144M) 0.050ms
[33.990s][info][gc          ] GC(18) Concurrent class unloading 0.601ms
[33.990s][info][gc          ] GC(18) Pause Final Roots 0.003ms
[33.991s][info][gc,metaspace] Metaspace: 11270K(11648K)->11270K(11648K) NonClass: 9435K(9664K)->9435K(9664K) Class: 1835K(1984K)->1835K(1984K)
[34.001s][info][gc          ] Trigger: GC request (System.gc())
[34.003s][info][gc          ] GC(19) Concurrent reset 2.294ms
[34.003s][info][gc          ] GC(19) Pause Init Mark (unload classes) 0.042ms
[34.003s][info][gc          ] GC(19) Concurrent marking roots 0.097ms
[35.849s][info][gc          ] GC(19) Concurrent marking (unload classes) 1845.865ms
[35.849s][info][gc          ] GC(19) Pause Final Mark (unload classes) 0.178ms
[35.850s][info][gc          ] GC(19) Concurrent weak references 0.046ms
[35.850s][info][gc          ] GC(19) Concurrent weak roots 0.289ms
[35.850s][info][gc          ] GC(19) Concurrent cleanup 1573M->1573M(6144M) 0.050ms
[35.851s][info][gc          ] GC(19) Concurrent class unloading 0.618ms
[35.851s][info][gc          ] GC(19) Pause Final Roots 0.003ms
[35.851s][info][gc,metaspace] Metaspace: 11270K(11648K)->11270K(11648K) NonClass: 9435K(9664K)->9435K(9664K) Class: 1835K(1984K)->1835K(1984K)
[35.861s][info][gc          ] Trigger: GC request (System.gc())
[35.863s][info][gc          ] GC(20) Concurrent reset 1.889ms
[35.863s][info][gc          ] GC(20) Pause Init Mark (unload classes) 0.043ms
[35.863s][info][gc          ] GC(20) Concurrent marking roots 0.103ms
[37.633s][info][gc          ] GC(20) Concurrent marking (unload classes) 1769.981ms
[37.633s][info][gc          ] GC(20) Pause Final Mark (unload classes) 0.196ms
[37.637s][info][gc          ] GC(20) Concurrent weak references 0.046ms
[37.638s][info][gc          ] GC(20) Concurrent weak roots 0.324ms
[37.638s][info][gc          ] GC(20) Concurrent cleanup 1573M->1573M(6144M) 0.050ms
[37.638s][info][gc          ] GC(20) Concurrent class unloading 0.569ms
[37.638s][info][gc          ] GC(20) Pause Final Roots 0.003ms
[37.638s][info][gc,metaspace] Metaspace: 11270K(11648K)->11270K(11648K) NonClass: 9435K(9664K)->9435K(9664K) Class: 1835K(1984K)->1835K(1984K)
[37.648s][info][gc          ] Trigger: GC request (System.gc())
[37.650s][info][gc          ] GC(21) Concurrent reset 1.900ms
[37.651s][info][gc          ] GC(21) Pause Init Mark (unload classes) 0.041ms
[37.651s][info][gc          ] GC(21) Concurrent marking roots 0.095ms
[39.426s][info][gc          ] GC(21) Concurrent marking (unload classes) 1775.452ms
[39.426s][info][gc          ] GC(21) Pause Final Mark (unload classes) 0.193ms
[39.427s][info][gc          ] GC(21) Concurrent weak references 0.076ms
[39.427s][info][gc          ] GC(21) Concurrent weak roots 0.316ms
[39.427s][info][gc          ] GC(21) Concurrent cleanup 1573M->1573M(6144M) 0.050ms
[39.428s][info][gc          ] GC(21) Concurrent class unloading 0.667ms
[39.428s][info][gc          ] GC(21) Pause Final Roots 0.004ms
[39.428s][info][gc,metaspace] Metaspace: 11270K(11648K)->11270K(11648K) NonClass: 9435K(9664K)->9435K(9664K) Class: 1835K(1984K)->1835K(1984K)
[39.438s][info][gc          ] Trigger: GC request (System.gc())
[39.440s][info][gc          ] GC(22) Concurrent reset 2.007ms
[39.440s][info][gc          ] GC(22) Pause Init Mark (unload classes) 0.042ms
[39.440s][info][gc          ] GC(22) Concurrent marking roots 0.122ms
[40.973s][info][gc          ] GC(22) Concurrent marking (unload classes) 1532.916ms
[40.973s][info][gc          ] GC(22) Pause Final Mark (unload classes) 0.180ms
[40.973s][info][gc          ] GC(22) Concurrent weak references 0.043ms
[40.974s][info][gc          ] GC(22) Concurrent weak roots 0.355ms
[40.974s][info][gc          ] GC(22) Concurrent cleanup 1573M->1573M(6144M) 0.050ms
[40.974s][info][gc          ] GC(22) Concurrent class unloading 0.502ms
[40.974s][info][gc          ] GC(22) Pause Final Roots 0.003ms
[40.974s][info][gc,metaspace] Metaspace: 11270K(11648K)->11270K(11648K) NonClass: 9435K(9664K)->9435K(9664K) Class: 1835K(1984K)->1835K(1984K)
[40.985s][info][gc          ] Trigger: GC request (System.gc())
[40.987s][info][gc          ] GC(23) Concurrent reset 2.278ms
[40.987s][info][gc          ] GC(23) Pause Init Mark (unload classes) 0.042ms
[40.987s][info][gc          ] GC(23) Concurrent marking roots 0.078ms
[42.846s][info][gc          ] GC(23) Concurrent marking (unload classes) 1859.150ms
[42.846s][info][gc          ] GC(23) Pause Final Mark (unload classes) 0.174ms
[42.847s][info][gc          ] GC(23) Concurrent weak references 0.044ms
[42.847s][info][gc          ] GC(23) Concurrent weak roots 0.330ms
[42.847s][info][gc          ] GC(23) Concurrent cleanup 1573M->1573M(6144M) 0.050ms
[42.848s][info][gc          ] GC(23) Concurrent class unloading 0.653ms
[42.848s][info][gc          ] GC(23) Pause Final Roots 0.003ms
[42.848s][info][gc,metaspace] Metaspace: 11270K(11648K)->11270K(11648K) NonClass: 9435K(9664K)->9435K(9664K) Class: 1835K(1984K)->1835K(1984K)
[42.858s][info][gc          ] Trigger: GC request (System.gc())
[42.860s][info][gc          ] GC(24) Concurrent reset 1.918ms
[42.860s][info][gc          ] GC(24) Pause Init Mark (unload classes) 0.042ms
[42.860s][info][gc          ] GC(24) Concurrent marking roots 0.132ms
[44.623s][info][gc          ] GC(24) Concurrent marking (unload classes) 1762.632ms
[44.623s][info][gc          ] GC(24) Pause Final Mark (unload classes) 0.180ms
[44.623s][info][gc          ] GC(24) Concurrent weak references 0.051ms
[44.623s][info][gc          ] GC(24) Concurrent weak roots 0.326ms
[44.623s][info][gc          ] GC(24) Concurrent cleanup 1573M->1573M(6144M) 0.050ms
[44.624s][info][gc          ] GC(24) Concurrent class unloading 0.655ms
[44.624s][info][gc          ] GC(24) Pause Final Roots 0.003ms
[44.624s][info][gc,metaspace] Metaspace: 11270K(11648K)->11270K(11648K) NonClass: 9435K(9664K)->9435K(9664K) Class: 1835K(1984K)->1835K(1984K)
[44.634s][info][gc          ] Trigger: GC request (System.gc())
[44.636s][info][gc          ] GC(25) Concurrent reset 1.922ms
[44.636s][info][gc          ] GC(25) Pause Init Mark (unload classes) 0.045ms
[44.636s][info][gc          ] GC(25) Concurrent marking roots 0.133ms
[46.251s][info][gc          ] GC(25) Concurrent marking (unload classes) 1614.480ms
[46.251s][info][gc          ] GC(25) Pause Final Mark (unload classes) 0.170ms
[46.251s][info][gc          ] GC(25) Concurrent weak references 0.042ms
[46.252s][info][gc          ] GC(25) Concurrent weak roots 0.359ms
[46.252s][info][gc          ] GC(25) Concurrent cleanup 1573M->1573M(6144M) 0.050ms
[46.252s][info][gc          ] GC(25) Concurrent class unloading 0.522ms
[46.252s][info][gc          ] GC(25) Pause Final Roots 0.003ms
[46.252s][info][gc,metaspace] Metaspace: 11270K(11648K)->11270K(11648K) NonClass: 9435K(9664K)->9435K(9664K) Class: 1835K(1984K)->1835K(1984K)
[46.262s][info][gc          ] Trigger: GC request (System.gc())
[46.265s][info][gc          ] GC(26) Concurrent reset 2.521ms
[46.265s][info][gc          ] GC(26) Pause Init Mark (unload classes) 0.041ms
[46.265s][info][gc          ] GC(26) Concurrent marking roots 0.076ms
[48.001s][info][gc          ] GC(26) Concurrent marking (unload classes) 1735.970ms
[48.001s][info][gc          ] GC(26) Pause Final Mark (unload classes) 0.173ms
[48.006s][info][gc          ] GC(26) Concurrent weak references 0.045ms
[48.006s][info][gc          ] GC(26) Concurrent weak roots 0.298ms
[48.006s][info][gc          ] GC(26) Concurrent cleanup 1573M->1573M(6144M) 0.050ms
[48.007s][info][gc          ] GC(26) Concurrent class unloading 0.587ms
[48.007s][info][gc          ] GC(26) Pause Final Roots 0.003ms
[48.007s][info][gc,metaspace] Metaspace: 11270K(11648K)->11270K(11648K) NonClass: 9435K(9664K)->9435K(9664K) Class: 1835K(1984K)->1835K(1984K)
[48.017s][info][gc          ] Trigger: GC request (System.gc())
[48.019s][info][gc          ] GC(27) Concurrent reset 1.883ms
[48.019s][info][gc          ] GC(27) Pause Init Mark (unload classes) 0.042ms
[48.019s][info][gc          ] GC(27) Concurrent marking roots 0.107ms
[49.721s][info][gc          ] GC(27) Concurrent marking (unload classes) 1702.225ms
[49.721s][info][gc          ] GC(27) Pause Final Mark (unload classes) 0.199ms
[49.722s][info][gc          ] GC(27) Concurrent weak references 0.044ms
[49.722s][info][gc          ] GC(27) Concurrent weak roots 0.319ms
[49.722s][info][gc          ] GC(27) Concurrent cleanup 1573M->1573M(6144M) 0.050ms
[49.723s][info][gc          ] GC(27) Concurrent class unloading 0.610ms
[49.723s][info][gc          ] GC(27) Pause Final Roots 0.003ms
[49.723s][info][gc,metaspace] Metaspace: 11270K(11648K)->11270K(11648K) NonClass: 9435K(9664K)->9435K(9664K) Class: 1835K(1984K)->1835K(1984K)
[49.733s][info][gc          ] Trigger: GC request (System.gc())
[49.735s][info][gc          ] GC(28) Concurrent reset 1.828ms
[49.735s][info][gc          ] GC(28) Pause Init Mark (unload classes) 0.042ms
[49.735s][info][gc          ] GC(28) Concurrent marking roots 0.111ms
[51.491s][info][gc          ] GC(28) Concurrent marking (unload classes) 1756.209ms
[51.491s][info][gc          ] GC(28) Pause Final Mark (unload classes) 0.189ms
[51.491s][info][gc          ] GC(28) Concurrent weak references 0.044ms
[51.492s][info][gc          ] GC(28) Concurrent weak roots 0.314ms
[51.492s][info][gc          ] GC(28) Concurrent cleanup 1573M->1573M(6144M) 0.050ms
[51.493s][info][gc          ] GC(28) Concurrent class unloading 0.645ms
[51.493s][info][gc          ] GC(28) Pause Final Roots 0.003ms
[51.493s][info][gc,metaspace] Metaspace: 11270K(11648K)->11270K(11648K) NonClass: 9435K(9664K)->9435K(9664K) Class: 1835K(1984K)->1835K(1984K)
[51.503s][info][gc          ] Trigger: GC request (System.gc())
[51.505s][info][gc          ] GC(29) Concurrent reset 1.907ms
[51.505s][info][gc          ] GC(29) Pause Init Mark (unload classes) 0.041ms
[51.505s][info][gc          ] GC(29) Concurrent marking roots 0.116ms
[53.007s][info][gc          ] GC(29) Concurrent marking (unload classes) 1501.904ms
[53.007s][info][gc          ] GC(29) Pause Final Mark (unload classes) 0.177ms
[53.011s][info][gc          ] GC(29) Concurrent weak references 0.044ms
[53.012s][info][gc          ] GC(29) Concurrent weak roots 0.366ms
[53.012s][info][gc          ] GC(29) Concurrent cleanup 1573M->1573M(6144M) 0.050ms
[53.012s][info][gc          ] GC(29) Concurrent class unloading 0.516ms
[53.012s][info][gc          ] GC(29) Pause Final Roots 0.003ms
[53.013s][info][gc,metaspace] Metaspace: 11270K(11648K)->11270K(11648K) NonClass: 9435K(9664K)->9435K(9664K) Class: 1835K(1984K)->1835K(1984K)
[53.023s][info][gc          ] Trigger: GC request (System.gc())
[53.025s][info][gc          ] GC(30) Concurrent reset 2.473ms
[53.025s][info][gc          ] GC(30) Pause Init Mark (unload classes) 0.041ms
[53.025s][info][gc          ] GC(30) Concurrent marking roots 0.077ms
[54.864s][info][gc          ] GC(30) Concurrent marking (unload classes) 1839.048ms
[54.865s][info][gc          ] GC(30) Pause Final Mark (unload classes) 0.174ms
[54.865s][info][gc          ] GC(30) Concurrent weak references 0.043ms
[54.865s][info][gc          ] GC(30) Concurrent weak roots 0.298ms
[54.865s][info][gc          ] GC(30) Concurrent cleanup 1573M->1573M(6144M) 0.050ms
[54.866s][info][gc          ] GC(30) Concurrent class unloading 0.588ms
[54.866s][info][gc          ] GC(30) Pause Final Roots 0.003ms
[54.866s][info][gc,metaspace] Metaspace: 11270K(11648K)->11270K(11648K) NonClass: 9435K(9664K)->9435K(9664K) Class: 1835K(1984K)->1835K(1984K)
[54.876s][info][gc          ] Trigger: GC request (System.gc())
[54.878s][info][gc          ] GC(31) Concurrent reset 1.925ms
[54.878s][info][gc          ] GC(31) Pause Init Mark (unload classes) 0.041ms
[54.878s][info][gc          ] GC(31) Concurrent marking roots 0.112ms
[56.643s][info][gc          ] GC(31) Concurrent marking (unload classes) 1764.536ms
[56.643s][info][gc          ] GC(31) Pause Final Mark (unload classes) 0.196ms
[56.643s][info][gc          ] GC(31) Concurrent weak references 0.046ms
[56.643s][info][gc          ] GC(31) Concurrent weak roots 0.324ms
[56.643s][info][gc          ] GC(31) Concurrent cleanup 1573M->1573M(6144M) 0.050ms
[56.644s][info][gc          ] GC(31) Concurrent class unloading 0.658ms
[56.644s][info][gc          ] GC(31) Pause Final Roots 0.003ms
[56.644s][info][gc,metaspace] Metaspace: 11270K(11648K)->11270K(11648K) NonClass: 9435K(9664K)->9435K(9664K) Class: 1835K(1984K)->1835K(1984K)
[56.654s][info][gc          ] Trigger: GC request (System.gc())
[56.657s][info][gc          ] GC(32) Concurrent reset 2.328ms
[56.657s][info][gc          ] GC(32) Pause Init Mark (unload classes) 0.043ms
[56.657s][info][gc          ] GC(32) Concurrent marking roots 0.099ms
[58.385s][info][gc          ] GC(32) Concurrent marking (unload classes) 1728.578ms
[58.386s][info][gc          ] GC(32) Pause Final Mark (unload classes) 0.193ms
[58.390s][info][gc          ] GC(32) Concurrent weak references 0.075ms
[58.390s][info][gc          ] GC(32) Concurrent weak roots 0.299ms
[58.390s][info][gc          ] GC(32) Concurrent cleanup 1573M->1573M(6144M) 0.050ms
[58.391s][info][gc          ] GC(32) Concurrent class unloading 0.675ms
[58.391s][info][gc          ] GC(32) Pause Final Roots 0.003ms
[58.391s][info][gc,metaspace] Metaspace: 11270K(11648K)->11270K(11648K) NonClass: 9435K(9664K)->9435K(9664K) Class: 1835K(1984K)->1835K(1984K)
[58.401s][info][gc          ] Trigger: GC request (System.gc())
[58.404s][info][gc          ] GC(33) Concurrent reset 2.388ms
[58.404s][info][gc          ] GC(33) Pause Init Mark (unload classes) 0.044ms
[58.404s][info][gc          ] GC(33) Concurrent marking roots 0.087ms
[59.898s][info][gc          ] GC(33) Concurrent marking (unload classes) 1494.220ms
[59.898s][info][gc          ] GC(33) Pause Final Mark (unload classes) 0.172ms
[59.898s][info][gc          ] GC(33) Concurrent weak references 0.043ms
[59.899s][info][gc          ] GC(33) Concurrent weak roots 0.296ms
[59.899s][info][gc          ] GC(33) Concurrent cleanup 1573M->1573M(6144M) 0.050ms
[59.899s][info][gc          ] GC(33) Concurrent class unloading 0.632ms
[59.899s][info][gc          ] GC(33) Pause Final Roots 0.003ms
[59.899s][info][gc,metaspace] Metaspace: 11270K(11648K)->11270K(11648K) NonClass: 9435K(9664K)->9435K(9664K) Class: 1835K(1984K)->1835K(1984K)
[59.910s][info][gc          ] Trigger: GC request (System.gc())
[59.912s][info][gc          ] GC(34) Concurrent reset 1.959ms
[59.912s][info][gc          ] GC(34) Pause Init Mark (unload classes) 0.041ms
[59.912s][info][gc          ] GC(34) Concurrent marking roots 0.088ms
[61.656s][info][gc          ] GC(34) Concurrent marking (unload classes) 1744.729ms
[61.657s][info][gc          ] GC(34) Pause Final Mark (unload classes) 0.181ms
[61.657s][info][gc          ] GC(34) Concurrent weak references 0.043ms
[61.657s][info][gc          ] GC(34) Concurrent weak roots 0.357ms
[61.657s][info][gc          ] GC(34) Concurrent cleanup 1576M->1576M(6144M) 0.050ms
[61.658s][info][gc          ] GC(34) Concurrent class unloading 0.559ms
[61.658s][info][gc          ] GC(34) Pause Final Roots 0.003ms
[61.658s][info][gc,metaspace] Metaspace: 11270K(11648K)->11270K(11648K) NonClass: 9435K(9664K)->9435K(9664K) Class: 1835K(1984K)->1835K(1984K)
[61.659s][info][gc          ] Trigger: GC request (System.gc())
[61.661s][info][gc          ] GC(35) Concurrent reset 2.368ms
[61.661s][info][gc          ] GC(35) Pause Init Mark (unload classes) 0.039ms
[61.662s][info][gc          ] GC(35) Concurrent marking roots 0.091ms
[63.820s][info][gc          ] GC(35) Concurrent marking (unload classes) 2158.616ms
[63.821s][info][gc          ] GC(35) Pause Final Mark (unload classes) 0.181ms
[63.821s][info][gc          ] GC(35) Concurrent thread roots 0.076ms
[63.821s][info][gc          ] GC(35) Concurrent weak references 0.041ms
[63.821s][info][gc          ] GC(35) Concurrent weak roots 0.315ms
[63.821s][info][gc          ] GC(35) Concurrent cleanup 1576M->1576M(6144M) 0.050ms
[63.822s][info][gc          ] GC(35) Concurrent class unloading 0.655ms
[63.822s][info][gc          ] GC(35) Concurrent strong roots 0.057ms
[63.822s][info][gc          ] GC(35) Concurrent evacuation 0.033ms
[63.822s][info][gc          ] GC(35) Pause Init Update Refs 0.007ms
[63.822s][info][gc          ] GC(35) At start of update refs, moving 4096K to Mutator free partition from Collector Reserve
[65.030s][info][gc          ] GC(35) Concurrent update references 1208.066ms
[65.030s][info][gc          ] GC(35) Concurrent update thread roots 0.239ms
[65.030s][info][gc          ] GC(35) Pause Final Update Refs 0.058ms
[65.031s][info][gc          ] GC(35) Concurrent cleanup 1576M->1574M(6144M) 0.051ms
[65.031s][info][gc,metaspace] Metaspace: 11270K(11648K)->11270K(11648K) NonClass: 9435K(9664K)->9435K(9664K) Class: 1835K(1984K)->1835K(1984K)
[65.033s][info][gc          ] Trigger: GC request (System.gc())
[65.035s][info][gc          ] GC(36) Concurrent reset 2.339ms
[65.035s][info][gc          ] GC(36) Pause Init Mark (unload classes) 0.046ms
[65.035s][info][gc          ] GC(36) Concurrent marking roots 0.103ms
[66.938s][info][gc          ] GC(36) Concurrent marking (unload classes) 1902.810ms
[66.938s][info][gc          ] GC(36) Pause Final Mark (unload classes) 0.170ms
[66.938s][info][gc          ] GC(36) Concurrent weak references 0.063ms
[66.939s][info][gc          ] GC(36) Concurrent weak roots 0.304ms
[66.939s][info][gc          ] GC(36) Concurrent cleanup 1574M->1574M(6144M) 0.050ms
[66.939s][info][gc          ] GC(36) Concurrent class unloading 0.605ms
[66.939s][info][gc          ] GC(36) Pause Final Roots 0.003ms
[66.940s][info][gc,metaspace] Metaspace: 11270K(11648K)->11270K(11648K) NonClass: 9435K(9664K)->9435K(9664K) Class: 1835K(1984K)->1835K(1984K)
[66.944s][info][gc          ] Trigger: GC request (System.gc())
[66.945s][info][gc          ] GC(37) Concurrent reset 1.814ms
[66.946s][info][gc          ] GC(37) Pause Init Mark (unload classes) 0.039ms
[66.946s][info][gc          ] GC(37) Concurrent marking roots 0.080ms
[68.831s][info][gc          ] GC(37) Concurrent marking (unload classes) 1884.895ms
[68.831s][info][gc          ] GC(37) Pause Final Mark (unload classes) 0.162ms
[68.835s][info][gc          ] GC(37) Concurrent weak references 0.048ms
[68.836s][info][gc          ] GC(37) Concurrent weak roots 0.323ms
[68.836s][info][gc          ] GC(37) Concurrent cleanup 1574M->1574M(6144M) 0.050ms
[68.836s][info][gc          ] GC(37) Concurrent class unloading 0.591ms
[68.836s][info][gc          ] GC(37) Pause Final Roots 0.003ms
[68.836s][info][gc,metaspace] Metaspace: 11270K(11648K)->11270K(11648K) NonClass: 9435K(9664K)->9435K(9664K) Class: 1835K(1984K)->1835K(1984K)
[68.845s][info][gc          ] Trigger: GC request (System.gc())
[68.847s][info][gc          ] GC(38) Concurrent reset 2.292ms
[68.847s][info][gc          ] GC(38) Pause Init Mark (unload classes) 0.042ms
[68.847s][info][gc          ] GC(38) Concurrent marking roots 0.086ms
[70.525s][info][gc          ] GC(38) Concurrent marking (unload classes) 1678.246ms
[70.526s][info][gc          ] GC(38) Pause Final Mark (unload classes) 0.176ms
[70.526s][info][gc          ] GC(38) Concurrent weak references 0.043ms
[70.526s][info][gc          ] GC(38) Concurrent weak roots 0.322ms
[70.526s][info][gc          ] GC(38) Concurrent cleanup 1574M->1574M(6144M) 0.050ms
[70.527s][info][gc          ] GC(38) Concurrent class unloading 0.607ms
[70.527s][info][gc          ] GC(38) Pause Final Roots 0.003ms
[70.527s][info][gc,metaspace] Metaspace: 11270K(11648K)->11270K(11648K) NonClass: 9435K(9664K)->9435K(9664K) Class: 1835K(1984K)->1835K(1984K)
[70.537s][info][gc          ] Trigger: GC request (System.gc())
[70.539s][info][gc          ] GC(39) Concurrent reset 1.971ms
[70.539s][info][gc          ] GC(39) Pause Init Mark (unload classes) 0.041ms
[70.539s][info][gc          ] GC(39) Concurrent marking roots 0.116ms
[72.142s][info][gc          ] GC(39) Concurrent marking (unload classes) 1602.394ms
[72.142s][info][gc          ] GC(39) Pause Final Mark (unload classes) 0.194ms
[72.142s][info][gc          ] GC(39) Concurrent weak references 0.077ms
[72.142s][info][gc          ] GC(39) Concurrent weak roots 0.314ms
[72.142s][info][gc          ] GC(39) Concurrent cleanup 1574M->1574M(6144M) 0.050ms
[72.143s][info][gc          ] GC(39) Concurrent class unloading 0.664ms
[72.143s][info][gc          ] GC(39) Pause Final Roots 0.003ms
[72.143s][info][gc,metaspace] Metaspace: 11270K(11648K)->11270K(11648K) NonClass: 9435K(9664K)->9435K(9664K) Class: 1835K(1984K)->1835K(1984K)
[72.153s][info][gc          ] Trigger: GC request (System.gc())
[72.155s][info][gc          ] GC(40) Concurrent reset 2.022ms
[72.155s][info][gc          ] GC(40) Pause Init Mark (unload classes) 0.042ms
[72.156s][info][gc          ] GC(40) Concurrent marking roots 0.113ms
[73.803s][info][gc          ] GC(40) Concurrent marking (unload classes) 1647.710ms
[73.803s][info][gc          ] GC(40) Pause Final Mark (unload classes) 0.178ms
[73.804s][info][gc          ] GC(40) Concurrent weak references 0.044ms
[73.804s][info][gc          ] GC(40) Concurrent weak roots 0.357ms
[73.804s][info][gc          ] GC(40) Concurrent cleanup 1574M->1574M(6144M) 0.050ms
[73.805s][info][gc          ] GC(40) Concurrent class unloading 0.526ms
[73.805s][info][gc          ] GC(40) Pause Final Roots 0.003ms
[73.805s][info][gc,metaspace] Metaspace: 11270K(11648K)->11270K(11648K) NonClass: 9435K(9664K)->9435K(9664K) Class: 1835K(1984K)->1835K(1984K)
[73.815s][info][gc          ] Trigger: GC request (System.gc())
[73.817s][info][gc          ] GC(41) Concurrent reset 2.502ms
[73.817s][info][gc          ] GC(41) Pause Init Mark (unload classes) 0.041ms
[73.818s][info][gc          ] GC(41) Concurrent marking roots 0.119ms
[75.747s][info][gc          ] GC(41) Concurrent marking (unload classes) 1929.645ms
[75.747s][info][gc          ] GC(41) Pause Final Mark (unload classes) 0.176ms
[75.748s][info][gc          ] GC(41) Concurrent weak references 0.042ms
[75.748s][info][gc          ] GC(41) Concurrent weak roots 0.299ms
[75.748s][info][gc          ] GC(41) Concurrent cleanup 1574M->1574M(6144M) 0.050ms
[75.749s][info][gc          ] GC(41) Concurrent class unloading 0.605ms
[75.749s][info][gc          ] GC(41) Pause Final Roots 0.003ms
[75.749s][info][gc,metaspace] Metaspace: 11270K(11648K)->11270K(11648K) NonClass: 9435K(9664K)->9435K(9664K) Class: 1835K(1984K)->1835K(1984K)
[75.759s][info][gc          ] Trigger: GC request (System.gc())
[75.761s][info][gc          ] GC(42) Concurrent reset 1.943ms
[75.761s][info][gc          ] GC(42) Pause Init Mark (unload classes) 0.041ms
[75.761s][info][gc          ] GC(42) Concurrent marking roots 0.090ms
[77.513s][info][gc          ] GC(42) Concurrent marking (unload classes) 1751.798ms
[77.513s][info][gc          ] GC(42) Pause Final Mark (unload classes) 0.203ms
[77.513s][info][gc          ] GC(42) Concurrent weak references 0.043ms
[77.513s][info][gc          ] GC(42) Concurrent weak roots 0.356ms
[77.514s][info][gc          ] GC(42) Concurrent cleanup 1574M->1574M(6144M) 0.050ms
[77.514s][info][gc          ] GC(42) Concurrent class unloading 0.512ms
[77.514s][info][gc          ] GC(42) Pause Final Roots 0.003ms
[77.514s][info][gc,metaspace] Metaspace: 11270K(11648K)->11270K(11648K) NonClass: 9435K(9664K)->9435K(9664K) Class: 1835K(1984K)->1835K(1984K)
[77.524s][info][gc          ] Trigger: GC request (System.gc())
[77.527s][info][gc          ] GC(43) Concurrent reset 2.529ms
[77.527s][info][gc          ] GC(43) Pause Init Mark (unload classes) 0.041ms
[77.527s][info][gc          ] GC(43) Concurrent marking roots 0.090ms
[79.156s][info][gc          ] GC(43) Concurrent marking (unload classes) 1628.525ms
[79.156s][info][gc          ] GC(43) Pause Final Mark (unload classes) 0.174ms
[79.156s][info][gc          ] GC(43) Concurrent weak references 0.044ms
[79.156s][info][gc          ] GC(43) Concurrent weak roots 0.331ms
[79.156s][info][gc          ] GC(43) Concurrent cleanup 1574M->1574M(6144M) 0.050ms
[79.157s][info][gc          ] GC(43) Concurrent class unloading 0.624ms
[79.157s][info][gc          ] GC(43) Pause Final Roots 0.003ms
[79.157s][info][gc,metaspace] Metaspace: 11270K(11648K)->11270K(11648K) NonClass: 9435K(9664K)->9435K(9664K) Class: 1835K(1984K)->1835K(1984K)
[79.167s][info][gc          ] Trigger: GC request (System.gc())
[79.169s][info][gc          ] GC(44) Concurrent reset 1.897ms
[79.169s][info][gc          ] GC(44) Pause Init Mark (unload classes) 0.042ms
[79.169s][info][gc          ] GC(44) Concurrent marking roots 0.107ms
[81.000s][info][gc          ] GC(44) Concurrent marking (unload classes) 1830.945ms
[81.000s][info][gc          ] GC(44) Pause Final Mark (unload classes) 0.180ms
[81.001s][info][gc          ] GC(44) Concurrent weak references 0.044ms
[81.001s][info][gc          ] GC(44) Concurrent weak roots 0.360ms
[81.001s][info][gc          ] GC(44) Concurrent cleanup 1574M->1574M(6144M) 0.050ms
[81.002s][info][gc          ] GC(44) Concurrent class unloading 0.540ms
[81.002s][info][gc          ] GC(44) Pause Final Roots 0.003ms
[81.002s][info][gc,metaspace] Metaspace: 11270K(11648K)->11270K(11648K) NonClass: 9435K(9664K)->9435K(9664K) Class: 1835K(1984K)->1835K(1984K)
[81.012s][info][gc          ] Trigger: GC request (System.gc())
[81.014s][info][gc          ] GC(45) Concurrent reset 2.454ms
[81.014s][info][gc          ] GC(45) Pause Init Mark (unload classes) 0.042ms
[81.014s][info][gc          ] GC(45) Concurrent marking roots 0.086ms
[82.860s][info][gc          ] GC(45) Concurrent marking (unload classes) 1845.933ms
[82.861s][info][gc          ] GC(45) Pause Final Mark (unload classes) 0.177ms
[82.861s][info][gc          ] GC(45) Concurrent weak references 0.044ms
[82.861s][info][gc          ] GC(45) Concurrent weak roots 0.326ms
[82.861s][info][gc          ] GC(45) Concurrent cleanup 1574M->1574M(6144M) 0.050ms
[82.862s][info][gc          ] GC(45) Concurrent class unloading 0.602ms
[82.862s][info][gc          ] GC(45) Pause Final Roots 0.003ms
[82.862s][info][gc,metaspace] Metaspace: 11270K(11648K)->11270K(11648K) NonClass: 9435K(9664K)->9435K(9664K) Class: 1835K(1984K)->1835K(1984K)
[82.872s][info][gc          ] Trigger: GC request (System.gc())
[82.874s][info][gc          ] GC(46) Concurrent reset 1.987ms
[82.874s][info][gc          ] GC(46) Pause Init Mark (unload classes) 0.041ms
[82.874s][info][gc          ] GC(46) Concurrent marking roots 0.090ms
[84.636s][info][gc          ] GC(46) Concurrent marking (unload classes) 1761.650ms
[84.636s][info][gc          ] GC(46) Pause Final Mark (unload classes) 0.181ms
[84.636s][info][gc          ] GC(46) Concurrent weak references 0.044ms
[84.637s][info][gc          ] GC(46) Concurrent weak roots 0.381ms
[84.637s][info][gc          ] GC(46) Concurrent cleanup 1574M->1574M(6144M) 0.050ms
[84.637s][info][gc          ] GC(46) Concurrent class unloading 0.566ms
[84.637s][info][gc          ] GC(46) Pause Final Roots 0.003ms
[84.637s][info][gc,metaspace] Metaspace: 11270K(11648K)->11270K(11648K) NonClass: 9435K(9664K)->9435K(9664K) Class: 1835K(1984K)->1835K(1984K)
[84.647s][info][gc          ] Trigger: GC request (System.gc())
[84.650s][info][gc          ] GC(47) Concurrent reset 2.568ms
[84.650s][info][gc          ] GC(47) Pause Init Mark (unload classes) 0.041ms
[84.650s][info][gc          ] GC(47) Concurrent marking roots 0.089ms
[86.737s][info][gc          ] GC(47) Concurrent marking (unload classes) 2087.083ms
[86.738s][info][gc          ] GC(47) Pause Final Mark (unload classes) 0.181ms
[86.742s][info][gc          ] GC(47) Concurrent weak references 0.047ms
[86.742s][info][gc          ] GC(47) Concurrent weak roots 0.334ms
[86.742s][info][gc          ] GC(47) Concurrent cleanup 1574M->1574M(6144M) 0.050ms
[86.743s][info][gc          ] GC(47) Concurrent class unloading 0.592ms
[86.743s][info][gc          ] GC(47) Pause Final Roots 0.003ms
[86.743s][info][gc,metaspace] Metaspace: 11270K(11648K)->11270K(11648K) NonClass: 9435K(9664K)->9435K(9664K) Class: 1835K(1984K)->1835K(1984K)
[86.753s][info][gc          ] Trigger: GC request (System.gc())
[86.755s][info][gc          ] GC(48) Concurrent reset 1.993ms
[86.755s][info][gc          ] GC(48) Pause Init Mark (unload classes) 0.042ms
[86.755s][info][gc          ] GC(48) Concurrent marking roots 0.096ms
[88.531s][info][gc          ] GC(48) Concurrent marking (unload classes) 1775.142ms
[88.531s][info][gc          ] GC(48) Pause Final Mark (unload classes) 0.199ms
[88.531s][info][gc          ] GC(48) Concurrent weak references 0.045ms
[88.531s][info][gc          ] GC(48) Concurrent weak roots 0.358ms
[88.531s][info][gc          ] GC(48) Concurrent cleanup 1574M->1574M(6144M) 0.050ms
[88.532s][info][gc          ] GC(48) Concurrent class unloading 0.513ms
[88.532s][info][gc          ] GC(48) Pause Final Roots 0.003ms
[88.532s][info][gc,metaspace] Metaspace: 11270K(11648K)->11270K(11648K) NonClass: 9435K(9664K)->9435K(9664K) Class: 1835K(1984K)->1835K(1984K)
[88.542s][info][gc          ] Trigger: GC request (System.gc())
[88.545s][info][gc          ] GC(49) Concurrent reset 2.514ms
[88.545s][info][gc          ] GC(49) Pause Init Mark (unload classes) 0.041ms
[88.545s][info][gc          ] GC(49) Concurrent marking roots 0.090ms
[90.165s][info][gc          ] GC(49) Concurrent marking (unload classes) 1619.931ms
[90.165s][info][gc          ] GC(49) Pause Final Mark (unload classes) 0.179ms
[90.165s][info][gc          ] GC(49) Concurrent weak references 0.045ms
[90.166s][info][gc          ] GC(49) Concurrent weak roots 0.296ms
[90.166s][info][gc          ] GC(49) Concurrent cleanup 1574M->1574M(6144M) 0.050ms
[90.166s][info][gc          ] GC(49) Concurrent class unloading 0.592ms
[90.166s][info][gc          ] GC(49) Pause Final Roots 0.003ms
[90.166s][info][gc,metaspace] Metaspace: 11270K(11648K)->11270K(11648K) NonClass: 9435K(9664K)->9435K(9664K) Class: 1835K(1984K)->1835K(1984K)
[90.176s][info][gc          ] Trigger: GC request (System.gc())
[90.178s][info][gc          ] GC(50) Concurrent reset 1.900ms
[90.179s][info][gc          ] GC(50) Pause Init Mark (unload classes) 0.041ms
[90.179s][info][gc          ] GC(50) Concurrent marking roots 0.101ms
[91.817s][info][gc          ] GC(50) Concurrent marking (unload classes) 1638.296ms
[91.817s][info][gc          ] GC(50) Pause Final Mark (unload classes) 0.178ms
[91.821s][info][gc          ] GC(50) Concurrent weak references 0.045ms
[91.822s][info][gc          ] GC(50) Concurrent weak roots 0.322ms
[91.822s][info][gc          ] GC(50) Concurrent cleanup 1574M->1574M(6144M) 0.050ms
[91.822s][info][gc          ] GC(50) Concurrent class unloading 0.598ms
[91.823s][info][gc          ] GC(50) Pause Final Roots 0.003ms
[91.823s][info][gc,metaspace] Metaspace: 11270K(11648K)->11270K(11648K) NonClass: 9435K(9664K)->9435K(9664K) Class: 1835K(1984K)->1835K(1984K)
[91.833s][info][gc          ] Trigger: GC request (System.gc())
[91.835s][info][gc          ] GC(51) Concurrent reset 2.282ms
[91.835s][info][gc          ] GC(51) Pause Init Mark (unload classes) 0.042ms
[91.835s][info][gc          ] GC(51) Concurrent marking roots 0.076ms
[93.751s][info][gc          ] GC(51) Concurrent marking (unload classes) 1915.542ms
[93.751s][info][gc          ] GC(51) Pause Final Mark (unload classes) 0.175ms
[93.751s][info][gc          ] GC(51) Concurrent weak references 0.044ms
[93.751s][info][gc          ] GC(51) Concurrent weak roots 0.328ms
[93.752s][info][gc          ] GC(51) Concurrent cleanup 1574M->1574M(6144M) 0.050ms
[93.752s][info][gc          ] GC(51) Concurrent class unloading 0.659ms
[93.752s][info][gc          ] GC(51) Pause Final Roots 0.003ms
[93.752s][info][gc,metaspace] Metaspace: 11270K(11648K)->11270K(11648K) NonClass: 9435K(9664K)->9435K(9664K) Class: 1835K(1984K)->1835K(1984K)
[93.762s][info][gc          ] Trigger: GC request (System.gc())
[93.764s][info][gc          ] GC(52) Concurrent reset 1.958ms
[93.764s][info][gc          ] GC(52) Pause Init Mark (unload classes) 0.042ms
[93.765s][info][gc          ] GC(52) Concurrent marking roots 0.088ms
[95.522s][info][gc          ] GC(52) Concurrent marking (unload classes) 1757.228ms
[95.522s][info][gc          ] GC(52) Pause Final Mark (unload classes) 0.194ms
[95.522s][info][gc          ] GC(52) Concurrent weak references 0.043ms
[95.523s][info][gc          ] GC(52) Concurrent weak roots 0.356ms
[95.523s][info][gc          ] GC(52) Concurrent cleanup 1574M->1574M(6144M) 0.050ms
[95.523s][info][gc          ] GC(52) Concurrent class unloading 0.520ms
[95.523s][info][gc          ] GC(52) Pause Final Roots 0.003ms
[95.523s][info][gc,metaspace] Metaspace: 11270K(11648K)->11270K(11648K) NonClass: 9435K(9664K)->9435K(9664K) Class: 1835K(1984K)->1835K(1984K)
[95.533s][info][gc          ] Trigger: GC request (System.gc())
[95.536s][info][gc          ] GC(53) Concurrent reset 2.268ms
[95.536s][info][gc          ] GC(53) Pause Init Mark (unload classes) 0.044ms
[95.536s][info][gc          ] GC(53) Concurrent marking roots 0.100ms
[97.158s][info][gc          ] GC(53) Concurrent marking (unload classes) 1621.933ms
[97.158s][info][gc          ] GC(53) Pause Final Mark (unload classes) 0.177ms
[97.162s][info][gc          ] GC(53) Concurrent weak references 0.046ms
[97.163s][info][gc          ] GC(53) Concurrent weak roots 0.301ms
[97.163s][info][gc          ] GC(53) Concurrent cleanup 1574M->1574M(6144M) 0.050ms
[97.163s][info][gc          ] GC(53) Concurrent class unloading 0.590ms
[97.164s][info][gc          ] GC(53) Pause Final Roots 0.003ms
[97.164s][info][gc,metaspace] Metaspace: 11270K(11648K)->11270K(11648K) NonClass: 9435K(9664K)->9435K(9664K) Class: 1835K(1984K)->1835K(1984K)
[97.174s][info][gc          ] Trigger: GC request (System.gc())
[97.176s][info][gc          ] GC(54) Concurrent reset 1.893ms
[97.176s][info][gc          ] GC(54) Pause Init Mark (unload classes) 0.039ms
[97.176s][info][gc          ] GC(54) Concurrent marking roots 0.091ms
[98.995s][info][gc          ] GC(54) Concurrent marking (unload classes) 1819.614ms
[98.996s][info][gc          ] GC(54) Pause Final Mark (unload classes) 0.183ms
[98.996s][info][gc          ] GC(54) Concurrent weak references 0.042ms
[98.996s][info][gc          ] GC(54) Concurrent weak roots 0.356ms
[98.996s][info][gc          ] GC(54) Concurrent cleanup 1574M->1574M(6144M) 0.050ms
[98.997s][info][gc          ] GC(54) Concurrent class unloading 0.534ms
[98.997s][info][gc          ] GC(54) Pause Final Roots 0.003ms
[98.997s][info][gc,metaspace] Metaspace: 11270K(11648K)->11270K(11648K) NonClass: 9435K(9664K)->9435K(9664K) Class: 1835K(1984K)->1835K(1984K)
[99.007s][info][gc          ] Trigger: GC request (System.gc())
[99.009s][info][gc          ] GC(55) Concurrent reset 2.452ms
[99.009s][info][gc          ] GC(55) Pause Init Mark (unload classes) 0.043ms
[99.010s][info][gc          ] GC(55) Concurrent marking roots 0.088ms
[100.856s][info][gc          ] GC(55) Concurrent marking (unload classes) 1846.675ms
[100.857s][info][gc          ] GC(55) Pause Final Mark (unload classes) 0.176ms
[100.857s][info][gc          ] GC(55) Concurrent weak references 0.044ms
[100.857s][info][gc          ] GC(55) Concurrent weak roots 0.299ms
[100.857s][info][gc          ] GC(55) Concurrent cleanup 1574M->1574M(6144M) 0.050ms
[100.858s][info][gc          ] GC(55) Concurrent class unloading 0.589ms
[100.858s][info][gc          ] GC(55) Pause Final Roots 0.003ms
[100.858s][info][gc,metaspace] Metaspace: 11270K(11648K)->11270K(11648K) NonClass: 9435K(9664K)->9435K(9664K) Class: 1835K(1984K)->1835K(1984K)
[100.868s][info][gc          ] Trigger: GC request (System.gc())
[100.870s][info][gc          ] GC(56) Concurrent reset 1.911ms
[100.870s][info][gc          ] GC(56) Pause Init Mark (unload classes) 0.042ms
[100.870s][info][gc          ] GC(56) Concurrent marking roots 0.112ms
[102.638s][info][gc          ] GC(56) Concurrent marking (unload classes) 1768.356ms
[102.639s][info][gc          ] GC(56) Pause Final Mark (unload classes) 0.181ms
[102.643s][info][gc          ] GC(56) Concurrent weak references 0.050ms
[102.643s][info][gc          ] GC(56) Concurrent weak roots 0.329ms
[102.643s][info][gc          ] GC(56) Concurrent cleanup 1574M->1574M(6144M) 0.050ms
[102.644s][info][gc          ] GC(56) Concurrent class unloading 0.648ms
[102.644s][info][gc          ] GC(56) Pause Final Roots 0.003ms
[102.644s][info][gc,metaspace] Metaspace: 11270K(11648K)->11270K(11648K) NonClass: 9435K(9664K)->9435K(9664K) Class: 1835K(1984K)->1835K(1984K)
[102.654s][info][gc          ] Trigger: GC request (System.gc())
[102.656s][info][gc          ] GC(57) Concurrent reset 1.979ms
[102.656s][info][gc          ] GC(57) Pause Init Mark (unload classes) 0.044ms
[102.657s][info][gc          ] GC(57) Concurrent marking roots 0.109ms
[104.486s][info][gc          ] GC(57) Concurrent marking (unload classes) 1829.166ms
[104.486s][info][gc          ] GC(57) Pause Final Mark (unload classes) 0.182ms
[104.486s][info][gc          ] GC(57) Concurrent weak references 0.043ms
[104.486s][info][gc          ] GC(57) Concurrent weak roots 0.314ms
[104.486s][info][gc          ] GC(57) Concurrent cleanup 1574M->1574M(6144M) 0.050ms
[104.487s][info][gc          ] GC(57) Concurrent class unloading 0.575ms
[104.487s][info][gc          ] GC(57) Pause Final Roots 0.003ms
[104.487s][info][gc,metaspace] Metaspace: 11270K(11648K)->11270K(11648K) NonClass: 9435K(9664K)->9435K(9664K) Class: 1835K(1984K)->1835K(1984K)
[104.497s][info][gc          ] Trigger: GC request (System.gc())
[104.499s][info][gc          ] GC(58) Concurrent reset 1.860ms
[104.499s][info][gc          ] GC(58) Pause Init Mark (unload classes) 0.041ms
[104.499s][info][gc          ] GC(58) Concurrent marking roots 0.091ms
[106.008s][info][gc          ] GC(58) Concurrent marking (unload classes) 1509.000ms
[106.009s][info][gc          ] GC(58) Pause Final Mark (unload classes) 0.177ms
[106.009s][info][gc          ] GC(58) Concurrent weak references 0.044ms
[106.009s][info][gc          ] GC(58) Concurrent weak roots 0.315ms
[106.009s][info][gc          ] GC(58) Concurrent cleanup 1574M->1574M(6144M) 0.050ms
[106.010s][info][gc          ] GC(58) Concurrent class unloading 0.611ms
[106.010s][info][gc          ] GC(58) Pause Final Roots 0.003ms
[106.010s][info][gc,metaspace] Metaspace: 11270K(11648K)->11270K(11648K) NonClass: 9435K(9664K)->9435K(9664K) Class: 1835K(1984K)->1835K(1984K)
[106.020s][info][gc          ] Trigger: GC request (System.gc())
[106.022s][info][gc          ] GC(59) Concurrent reset 1.894ms
[106.022s][info][gc          ] GC(59) Pause Init Mark (unload classes) 0.042ms
[106.022s][info][gc          ] GC(59) Concurrent marking roots 0.106ms
[107.747s][info][gc          ] GC(59) Concurrent marking (unload classes) 1725.413ms
[107.748s][info][gc          ] GC(59) Pause Final Mark (unload classes) 0.181ms
[107.752s][info][gc          ] GC(59) Concurrent weak references 0.044ms
[107.753s][info][gc          ] GC(59) Concurrent weak roots 0.390ms
[107.753s][info][gc          ] GC(59) Concurrent cleanup 1574M->1574M(6144M) 0.050ms
[107.753s][info][gc          ] GC(59) Concurrent class unloading 0.539ms
[107.753s][info][gc          ] GC(59) Pause Final Roots 0.004ms
[107.753s][info][gc,metaspace] Metaspace: 11270K(11648K)->11270K(11648K) NonClass: 9435K(9664K)->9435K(9664K) Class: 1835K(1984K)->1835K(1984K)
After GCs... 
[107.759s][info][gc          ] Cancelling GC: Stopping VM
