Done; will start GCs... 
[47.769s][info][gc,metaspace] GC(13) Metaspace: 30596K(34304K)->30596K(34304K) NonClass: 25207K(26816K)->25207K(26816K) Class: 5389K(7488K)->5389K(7488K)
[47.769s][info][gc          ] GC(13) Pause Full (System.gc()) 1838M->1805M(5939M) 4418.209ms
[51.236s][info][gc,metaspace] GC(14) Metaspace: 30596K(34304K)->30596K(34304K) NonClass: 25207K(26816K)->25207K(26816K) Class: 5389K(7488K)->5389K(7488K)
[51.236s][info][gc          ] GC(14) Pause Full (System.gc()) 1805M->1805M(5939M) 3466.270ms
[54.656s][info][gc,metaspace] GC(15) Metaspace: 30596K(34304K)->30596K(34304K) NonClass: 25207K(26816K)->25207K(26816K) Class: 5389K(7488K)->5389K(7488K)
[54.656s][info][gc          ] GC(15) Pause Full (System.gc()) 1805M->1805M(5939M) 3420.006ms
[58.126s][info][gc,metaspace] GC(16) Metaspace: 30596K(34304K)->30596K(34304K) NonClass: 25207K(26816K)->25207K(26816K) Class: 5389K(7488K)->5389K(7488K)
[58.127s][info][gc          ] GC(16) Pause Full (System.gc()) 1805M->1805M(5939M) 3470.432ms
[61.553s][info][gc,metaspace] GC(17) Metaspace: 30596K(34304K)->30596K(34304K) NonClass: 25207K(26816K)->25207K(26816K) Class: 5389K(7488K)->5389K(7488K)
[61.554s][info][gc          ] GC(17) Pause Full (System.gc()) 1805M->1805M(5939M) 3426.930ms
[65.021s][info][gc,metaspace] GC(18) Metaspace: 30596K(34304K)->30596K(34304K) NonClass: 25207K(26816K)->25207K(26816K) Class: 5389K(7488K)->5389K(7488K)
[65.021s][info][gc          ] GC(18) Pause Full (System.gc()) 1805M->1805M(5939M) 3467.055ms
[68.771s][info][gc,metaspace] GC(19) Metaspace: 30596K(34304K)->30596K(34304K) NonClass: 25207K(26816K)->25207K(26816K) Class: 5389K(7488K)->5389K(7488K)
[68.771s][info][gc          ] GC(19) Pause Full (System.gc()) 1805M->1805M(5939M) 3750.578ms
[72.241s][info][gc,metaspace] GC(20) Metaspace: 30596K(34304K)->30596K(34304K) NonClass: 25207K(26816K)->25207K(26816K) Class: 5389K(7488K)->5389K(7488K)
[72.241s][info][gc          ] GC(20) Pause Full (System.gc()) 1821M->1805M(5939M) 3469.663ms
[76.582s][info][gc,metaspace] GC(21) Metaspace: 30596K(34304K)->30596K(34304K) NonClass: 25207K(26816K)->25207K(26816K) Class: 5389K(7488K)->5389K(7488K)
[76.582s][info][gc          ] GC(21) Pause Full (System.gc()) 1805M->1805M(5939M) 4340.313ms
[80.061s][info][gc,metaspace] GC(22) Metaspace: 30596K(34304K)->30596K(34304K) NonClass: 25207K(26816K)->25207K(26816K) Class: 5389K(7488K)->5389K(7488K)
[80.061s][info][gc          ] GC(22) Pause Full (System.gc()) 1805M->1805M(5939M) 3479.273ms
After GCs... 
