[0.002s][info][metaspace]  - commit_granule_bytes: 65536.
[0.002s][info][metaspace]  - commit_granule_words: 8192.
[0.002s][info][metaspace]  - virtual_space_node_default_size: 8388608.
[0.002s][info][metaspace]  - enlarge_chunks_in_place: 1.
[0.002s][info][metaspace]  - use_allocation_guard: 0.
[0.010s][info][gc       ] Using Serial
[2.701s][info][metaspace] Reserving compressed class space anywhere
[2.701s][info][gc,metaspace] CDS archive(s) not mapped
[2.701s][info][gc,metaspace] Compressed class space mapped at: 0x000000002b000000-0x00000000eb000000, reserved size: 3221225472
[2.701s][info][gc,metaspace] UseCompressedClassPointers 1, UseCompactObjectHeaders 1, narrow klass pointer bits 22, max shift 10
[2.701s][info][gc,metaspace] Narrow klass base: 0x000000002b000000, Narrow klass shift: 10, Narrow klass range: 0xc0000000
Random Seed: 12345678
Num Classes: 4096
Num Objects: 67108864
Percent IK Objects: 83.0%)
Percent OAK Objects: 5.0%)
Percent TAK Objects: 12.0%)
Wired up: false
Cycles: 10
Loading 4096 pre-generated classes ...
Materialize pre-generated constructors ...
Creating objects...
[2.969s][info][gc,metaspace] GC(0) Metaspace: 17544K(17792K)->17544K(17792K) NonClass: 11670K(11776K)->11670K(11776K) Class: 5874K(6016K)->5874K(6016K)
[2.969s][info][gc          ] GC(0) Pause Full (System.gc()) 163M->3M(5939M) 11.811ms
[6.563s][info][gc,metaspace] GC(1) Metaspace: 31028K(34752K)->31028K(34752K) NonClass: 23003K(24640K)->23003K(24640K) Class: 8024K(10112K)->8024K(10112K)
[6.563s][info][gc          ] GC(1) Pause Young (Allocation Failure) 1641M->358M(5939M) 508.270ms
[9.988s][info][gc,metaspace] GC(2) Metaspace: 31030K(34752K)->31030K(34752K) NonClass: 23005K(24640K)->23005K(24640K) Class: 8024K(10112K)->8024K(10112K)
[9.988s][info][gc          ] GC(2) Pause Young (Allocation Failure) 1997M->495M(5939M) 501.293ms
[14.240s][info][gc,metaspace] GC(3) Metaspace: 31030K(34752K)->31030K(34752K) NonClass: 23005K(24640K)->23005K(24640K) Class: 8024K(10112K)->8024K(10112K)
[14.240s][info][gc          ] GC(3) Pause Young (Allocation Failure) 2134M->629M(5939M) 1387.969ms
[18.137s][info][gc,metaspace] GC(4) Metaspace: 31030K(34752K)->31030K(34752K) NonClass: 23005K(24640K)->23005K(24640K) Class: 8024K(10112K)->8024K(10112K)
[18.137s][info][gc          ] GC(4) Pause Young (Allocation Failure) 2268M->763M(5939M) 1072.943ms
[21.945s][info][gc,metaspace] GC(5) Metaspace: 31030K(34752K)->31030K(34752K) NonClass: 23005K(24640K)->23005K(24640K) Class: 8024K(10112K)->8024K(10112K)
[21.945s][info][gc          ] GC(5) Pause Young (Allocation Failure) 2402M->897M(5939M) 1019.290ms
[24.199s][info][gc,metaspace] GC(6) Metaspace: 31030K(34752K)->31030K(34752K) NonClass: 23005K(24640K)->23005K(24640K) Class: 8024K(10112K)->8024K(10112K)
[24.199s][info][gc          ] GC(6) Pause Young (Allocation Failure) 2535M->1031M(5939M) 509.788ms
[26.102s][info][gc,metaspace] GC(7) Metaspace: 31030K(34752K)->31030K(34752K) NonClass: 23005K(24640K)->23005K(24640K) Class: 8024K(10112K)->8024K(10112K)
[26.102s][info][gc          ] GC(7) Pause Young (Allocation Failure) 2669M->1165M(5939M) 507.580ms
[27.991s][info][gc,metaspace] GC(8) Metaspace: 31030K(34752K)->31030K(34752K) NonClass: 23005K(24640K)->23005K(24640K) Class: 8024K(10112K)->8024K(10112K)
[27.991s][info][gc          ] GC(8) Pause Young (Allocation Failure) 2803M->1298M(5939M) 507.830ms
[29.881s][info][gc,metaspace] GC(9) Metaspace: 31030K(34752K)->31030K(34752K) NonClass: 23005K(24640K)->23005K(24640K) Class: 8024K(10112K)->8024K(10112K)
[29.881s][info][gc          ] GC(9) Pause Young (Allocation Failure) 2937M->1432M(5939M) 508.019ms
[31.769s][info][gc,metaspace] GC(10) Metaspace: 31030K(34752K)->31030K(34752K) NonClass: 23005K(24640K)->23005K(24640K) Class: 8024K(10112K)->8024K(10112K)
[31.769s][info][gc          ] GC(10) Pause Young (Allocation Failure) 3071M->1566M(5939M) 507.743ms
67108864 Objects created
 - IK: 55699211 (82.99829%)
 - OAK: 3355627 (5.0002737%)
 - TAK: 8054026 (12.001434%)
Preparatory GC...
[35.963s][info][gc,metaspace] GC(11) Metaspace: 31030K(34752K)->31030K(34752K) NonClass: 23005K(24640K)->23005K(24640K) Class: 8024K(10112K)->8024K(10112K)
[35.963s][info][gc          ] GC(11) Pause Full (System.gc()) 1894M->1592M(5939M) 3938.444ms
[39.728s][info][gc,metaspace] GC(12) Metaspace: 31030K(34752K)->31030K(34752K) NonClass: 23005K(24640K)->23005K(24640K) Class: 8024K(10112K)->8024K(10112K)
[39.728s][info][gc          ] GC(12) Pause Full (System.gc()) 1592M->1592M(5939M) 3764.752ms
Done; will start GCs... 
[44.732s][info][gc,metaspace] GC(13) Metaspace: 31030K(34752K)->31030K(34752K) NonClass: 23005K(24640K)->23005K(24640K) Class: 8024K(10112K)->8024K(10112K)
[44.732s][info][gc          ] GC(13) Pause Full (System.gc()) 1625M->1591M(5939M) 5004.125ms
[48.489s][info][gc,metaspace] GC(14) Metaspace: 31030K(34752K)->31030K(34752K) NonClass: 23005K(24640K)->23005K(24640K) Class: 8024K(10112K)->8024K(10112K)
[48.489s][info][gc          ] GC(14) Pause Full (System.gc()) 1591M->1591M(5939M) 3755.994ms
[52.238s][info][gc,metaspace] GC(15) Metaspace: 31030K(34752K)->31030K(34752K) NonClass: 23005K(24640K)->23005K(24640K) Class: 8024K(10112K)->8024K(10112K)
[52.239s][info][gc          ] GC(15) Pause Full (System.gc()) 1591M->1591M(5939M) 3749.842ms
[55.940s][info][gc,metaspace] GC(16) Metaspace: 31030K(34752K)->31030K(34752K) NonClass: 23005K(24640K)->23005K(24640K) Class: 8024K(10112K)->8024K(10112K)
[55.940s][info][gc          ] GC(16) Pause Full (System.gc()) 1591M->1591M(5939M) 3701.349ms
[59.691s][info][gc,metaspace] GC(17) Metaspace: 31030K(34752K)->31030K(34752K) NonClass: 23005K(24640K)->23005K(24640K) Class: 8024K(10112K)->8024K(10112K)
[59.691s][info][gc          ] GC(17) Pause Full (System.gc()) 1591M->1591M(5939M) 3750.388ms
[63.445s][info][gc,metaspace] GC(18) Metaspace: 31030K(34752K)->31030K(34752K) NonClass: 23005K(24640K)->23005K(24640K) Class: 8024K(10112K)->8024K(10112K)
[63.445s][info][gc          ] GC(18) Pause Full (System.gc()) 1591M->1591M(5939M) 3754.472ms
[67.150s][info][gc,metaspace] GC(19) Metaspace: 31030K(34752K)->31030K(34752K) NonClass: 23005K(24640K)->23005K(24640K) Class: 8024K(10112K)->8024K(10112K)
[67.150s][info][gc          ] GC(19) Pause Full (System.gc()) 1608M->1591M(5939M) 3704.692ms
[70.904s][info][gc,metaspace] GC(20) Metaspace: 31030K(34752K)->31030K(34752K) NonClass: 23005K(24640K)->23005K(24640K) Class: 8024K(10112K)->8024K(10112K)
[70.904s][info][gc          ] GC(20) Pause Full (System.gc()) 1591M->1591M(5939M) 3754.024ms
[75.871s][info][gc,metaspace] GC(21) Metaspace: 31030K(34752K)->31030K(34752K) NonClass: 23005K(24640K)->23005K(24640K) Class: 8024K(10112K)->8024K(10112K)
[75.871s][info][gc          ] GC(21) Pause Full (System.gc()) 1591M->1591M(5939M) 4966.884ms
[79.620s][info][gc,metaspace] GC(22) Metaspace: 31030K(34752K)->31030K(34752K) NonClass: 23005K(24640K)->23005K(24640K) Class: 8024K(10112K)->8024K(10112K)
[79.621s][info][gc          ] GC(22) Pause Full (System.gc()) 1591M->1591M(5939M) 3749.086ms
After GCs... 
