[0.001s][info][metaspace]  - commit_granule_bytes: 65536.
[0.001s][info][metaspace]  - commit_granule_words: 8192.
[0.001s][info][metaspace]  - virtual_space_node_default_size: 8388608.
[0.001s][info][metaspace]  - enlarge_chunks_in_place: 1.
[0.001s][info][metaspace]  - use_allocation_guard: 0.
[0.006s][info][gc       ] Using Serial
[2.119s][info][metaspace] Reserving compressed class space anywhere
[2.119s][info][gc,metaspace] CDS archive(s) not mapped
[2.119s][info][gc,metaspace] Compressed class space mapped at: 0x0000000011000000-0x00000000d1000000, reserved size: 3221225472
[2.119s][info][gc,metaspace] UseCompressedClassPointers 1, UseCompactObjectHeaders 0, narrow klass pointer bits 32, max shift 3
[2.119s][info][gc,metaspace] Narrow klass base: 0x0000000000000000, Narrow klass shift: 0, Narrow klass range: 0xd1000000
Random Seed: 12345678
Num Classes: 4096
Num Objects: 67108864
Percent IK Objects: 83.0%)
Percent OAK Objects: 5.0%)
Percent TAK Objects: 12.0%)
Wired up: false
Cycles: 10
Loading 4096 pre-generated classes ...
Materialize pre-generated constructors ...
Creating objects...
[2.385s][info][gc,metaspace] GC(0) Metaspace: 15628K(15936K)->15628K(15936K) NonClass: 12385K(12544K)->12385K(12544K) Class: 3242K(3392K)->3242K(3392K)
[2.385s][info][gc          ] GC(0) Pause Full (System.gc()) 131M->3M(5939M) 11.883ms
[5.688s][info][gc,metaspace] GC(1) Metaspace: 30594K(34304K)->30594K(34304K) NonClass: 25204K(26816K)->25204K(26816K) Class: 5389K(7488K)->5389K(7488K)
[5.688s][info][gc          ] GC(1) Pause Young (Allocation Failure) 1641M->363M(5939M) 447.378ms
[9.858s][info][gc,metaspace] GC(2) Metaspace: 30596K(34304K)->30596K(34304K) NonClass: 25207K(26816K)->25207K(26816K) Class: 5389K(7488K)->5389K(7488K)
[9.858s][info][gc          ] GC(2) Pause Young (Allocation Failure) 2002M->512M(5939M) 834.501ms
[14.054s][info][gc,metaspace] GC(3) Metaspace: 30596K(34304K)->30596K(34304K) NonClass: 25207K(26816K)->25207K(26816K) Class: 5389K(7488K)->5389K(7488K)
[14.054s][info][gc          ] GC(3) Pause Young (Allocation Failure) 2150M->660M(5939M) 967.252ms
[18.548s][info][gc,metaspace] GC(4) Metaspace: 30596K(34304K)->30596K(34304K) NonClass: 25207K(26816K)->25207K(26816K) Class: 5389K(7488K)->5389K(7488K)
[18.548s][info][gc          ] GC(4) Pause Young (Allocation Failure) 2298M->807M(5939M) 965.019ms
[21.982s][info][gc,metaspace] GC(5) Metaspace: 30596K(34304K)->30596K(34304K) NonClass: 25207K(26816K)->25207K(26816K) Class: 5389K(7488K)->5389K(7488K)
[21.982s][info][gc          ] GC(5) Pause Young (Allocation Failure) 2446M->955M(5939M) 964.612ms
[25.188s][info][gc,metaspace] GC(6) Metaspace: 30596K(34304K)->30596K(34304K) NonClass: 25207K(26816K)->25207K(26816K) Class: 5389K(7488K)->5389K(7488K)
[25.188s][info][gc          ] GC(6) Pause Young (Allocation Failure) 2594M->1103M(5939M) 964.183ms
[27.742s][info][gc,metaspace] GC(7) Metaspace: 30596K(34304K)->30596K(34304K) NonClass: 25207K(26816K)->25207K(26816K) Class: 5389K(7488K)->5389K(7488K)
[27.742s][info][gc          ] GC(7) Pause Young (Allocation Failure) 2741M->1251M(5939M) 1105.712ms
[29.528s][info][gc,metaspace] GC(8) Metaspace: 30596K(34304K)->30596K(34304K) NonClass: 25207K(26816K)->25207K(26816K) Class: 5389K(7488K)->5389K(7488K)
[29.528s][info][gc          ] GC(8) Pause Young (Allocation Failure) 2889M->1398M(5939M) 481.453ms
[31.748s][info][gc,metaspace] GC(9) Metaspace: 30596K(34304K)->30596K(34304K) NonClass: 25207K(26816K)->25207K(26816K) Class: 5389K(7488K)->5389K(7488K)
[31.748s][info][gc          ] GC(9) Pause Young (Allocation Failure) 3037M->1546M(5939M) 964.918ms
[34.017s][info][gc,metaspace] GC(10) Metaspace: 30596K(34304K)->30596K(34304K) NonClass: 25207K(26816K)->25207K(26816K) Class: 5389K(7488K)->5389K(7488K)
[34.017s][info][gc          ] GC(10) Pause Young (Allocation Failure) 3185M->1694M(5939M) 964.424ms
67108864 Objects created
 - IK: 55699211 (82.99829%)
 - OAK: 3355627 (5.0002737%)
 - TAK: 8054026 (12.001434%)
Preparatory GC...
[39.876s][info][gc,metaspace] GC(11) Metaspace: 30596K(34304K)->30596K(34304K) NonClass: 25207K(26816K)->25207K(26816K) Class: 5389K(7488K)->5389K(7488K)
[39.876s][info][gc          ] GC(11) Pause Full (System.gc()) 2938M->1806M(5939M) 3925.828ms
[43.351s][info][gc,metaspace] GC(12) Metaspace: 30596K(34304K)->30596K(34304K) NonClass: 25207K(26816K)->25207K(26816K) Class: 5389K(7488K)->5389K(7488K)
[43.351s][info][gc          ] GC(12) Pause Full (System.gc()) 1806M->1806M(5939M) 3474.871ms
Done; will start GCs... 
[47.769s][info][gc,metaspace] GC(13) Metaspace: 30596K(34304K)->30596K(34304K) NonClass: 25207K(26816K)->25207K(26816K) Class: 5389K(7488K)->5389K(7488K)
[47.769s][info][gc          ] GC(13) Pause Full (System.gc()) 1838M->1805M(5939M) 4418.209ms
[51.236s][info][gc,metaspace] GC(14) Metaspace: 30596K(34304K)->30596K(34304K) NonClass: 25207K(26816K)->25207K(26816K) Class: 5389K(7488K)->5389K(7488K)
[51.236s][info][gc          ] GC(14) Pause Full (System.gc()) 1805M->1805M(5939M) 3466.270ms
[54.656s][info][gc,metaspace] GC(15) Metaspace: 30596K(34304K)->30596K(34304K) NonClass: 25207K(26816K)->25207K(26816K) Class: 5389K(7488K)->5389K(7488K)
[54.656s][info][gc          ] GC(15) Pause Full (System.gc()) 1805M->1805M(5939M) 3420.006ms
[58.126s][info][gc,metaspace] GC(16) Metaspace: 30596K(34304K)->30596K(34304K) NonClass: 25207K(26816K)->25207K(26816K) Class: 5389K(7488K)->5389K(7488K)
[58.127s][info][gc          ] GC(16) Pause Full (System.gc()) 1805M->1805M(5939M) 3470.432ms
[61.553s][info][gc,metaspace] GC(17) Metaspace: 30596K(34304K)->30596K(34304K) NonClass: 25207K(26816K)->25207K(26816K) Class: 5389K(7488K)->5389K(7488K)
[61.554s][info][gc          ] GC(17) Pause Full (System.gc()) 1805M->1805M(5939M) 3426.930ms
[65.021s][info][gc,metaspace] GC(18) Metaspace: 30596K(34304K)->30596K(34304K) NonClass: 25207K(26816K)->25207K(26816K) Class: 5389K(7488K)->5389K(7488K)
[65.021s][info][gc          ] GC(18) Pause Full (System.gc()) 1805M->1805M(5939M) 3467.055ms
[68.771s][info][gc,metaspace] GC(19) Metaspace: 30596K(34304K)->30596K(34304K) NonClass: 25207K(26816K)->25207K(26816K) Class: 5389K(7488K)->5389K(7488K)
[68.771s][info][gc          ] GC(19) Pause Full (System.gc()) 1805M->1805M(5939M) 3750.578ms
[72.241s][info][gc,metaspace] GC(20) Metaspace: 30596K(34304K)->30596K(34304K) NonClass: 25207K(26816K)->25207K(26816K) Class: 5389K(7488K)->5389K(7488K)
[72.241s][info][gc          ] GC(20) Pause Full (System.gc()) 1821M->1805M(5939M) 3469.663ms
[76.582s][info][gc,metaspace] GC(21) Metaspace: 30596K(34304K)->30596K(34304K) NonClass: 25207K(26816K)->25207K(26816K) Class: 5389K(7488K)->5389K(7488K)
[76.582s][info][gc          ] GC(21) Pause Full (System.gc()) 1805M->1805M(5939M) 4340.313ms
[80.061s][info][gc,metaspace] GC(22) Metaspace: 30596K(34304K)->30596K(34304K) NonClass: 25207K(26816K)->25207K(26816K) Class: 5389K(7488K)->5389K(7488K)
[80.061s][info][gc          ] GC(22) Pause Full (System.gc()) 1805M->1805M(5939M) 3479.273ms
After GCs... 
