[0.001s][warning][pagesize] UseLargePages disabled, no large pages configured and available on the system.
[0.002s][info   ][gc      ] Min heap equals to max heap, disabling ShenandoahUncommit
[0.002s][info   ][metaspace]  - commit_granule_bytes: 65536.
[0.002s][info   ][metaspace]  - commit_granule_words: 8192.
[0.002s][info   ][metaspace]  - virtual_space_node_default_size: 8388608.
[0.002s][info   ][metaspace]  - enlarge_chunks_in_place: 1.
[0.002s][info   ][metaspace]  - use_allocation_guard: 0.
[0.008s][info   ][gc       ] Heuristics ergonomically sets -XX:+ExplicitGCInvokesConcurrent
[0.008s][info   ][gc       ] Heuristics ergonomically sets -XX:+ShenandoahImplicitGCInvokesConcurrent
[0.009s][info   ][gc       ] Using Shenandoah
[0.697s][info   ][metaspace] Reserving compressed class space anywhere
[0.697s][info   ][gc,metaspace] CDS archive(s) not mapped
[0.697s][info   ][gc,metaspace] Compressed class space mapped at: 0x000000000f000000-0x00000000cf000000, reserved size: 3221225472
[0.697s][info   ][gc,metaspace] UseCompressedClassPointers 1, UseCompactObjectHeaders 0, narrow klass pointer bits 32, max shift 3
[0.697s][info   ][gc,metaspace] Narrow klass base: 0x0000000000000000, Narrow klass shift: 0, Narrow klass range: 0xcf000000
Random Seed: 12345678
Num Classes: 256
Num Objects: 67108864
Percent IK Objects: 83.0%)
Percent OAK Objects: 5.0%)
Percent TAK Objects: 12.0%)
Cycles: 50
Loading 256 pre-generated classes ...
Materialize pre-generated constructors ...
Creating objects...
[0.940s][info   ][gc          ] Trigger: GC request (System.gc())
[0.941s][info   ][gc          ] GC(0) Concurrent reset 0.169ms
[0.941s][info   ][gc          ] GC(0) Pause Init Mark (unload classes) 0.032ms
[0.941s][info   ][gc          ] GC(0) Concurrent marking roots 0.223ms
[0.943s][info   ][gc          ] GC(0) Concurrent marking (unload classes) 1.608ms
[0.943s][info   ][gc          ] GC(0) Pause Final Mark (unload classes) 0.134ms
[0.943s][info   ][gc          ] GC(0) Concurrent thread roots 0.051ms
[0.943s][info   ][gc          ] GC(0) Concurrent weak references 0.084ms
[0.943s][info   ][gc          ] GC(0) Concurrent weak roots 0.389ms
[0.943s][info   ][gc          ] GC(0) Concurrent cleanup 22M->22M(6144M) 0.114ms
[0.945s][info   ][metaspace   ] ChkMgr @0x00007ffff0121a50 (non-class-space): : reclaiming memory...
[0.945s][info   ][metaspace   ] ChkMgr @0x00007ffff0121a50 (non-class-space): nothing reclaimed.
[0.945s][info   ][metaspace   ] ChkMgr @0x00007ffff0121860 (class-space): : reclaiming memory...
[0.945s][info   ][metaspace   ] ChkMgr @0x00007ffff0121860 (class-space): nothing reclaimed.
[0.945s][info   ][gc          ] GC(0) Concurrent class unloading 1.677ms
[0.945s][info   ][gc          ] GC(0) Concurrent strong roots 0.200ms
[0.946s][info   ][gc          ] GC(0) Concurrent evacuation 0.925ms
[0.946s][info   ][gc          ] GC(0) Pause Init Update Refs 0.005ms
[0.946s][info   ][gc          ] GC(0) At start of update refs, moving 20480K to Mutator free partition from Collector Reserve
[0.947s][info   ][gc          ] GC(0) Concurrent update references 1.125ms
[0.947s][info   ][gc          ] GC(0) Concurrent update thread roots 0.043ms
[0.948s][info   ][gc          ] GC(0) Pause Final Update Refs 0.058ms
[0.948s][info   ][gc          ] GC(0) Concurrent cleanup 25M->5M(6144M) 0.078ms
[0.948s][info   ][gc,metaspace] Metaspace: 11502K(11840K)->11479K(11840K) NonClass: 10292K(10496K)->10276K(10496K) Class: 1210K(1344K)->1202K(1344K)
[2.060s][info   ][gc          ] Trigger: Learning 2 of 5. Free (4300M) is below initial threshold (4300M)
[2.061s][info   ][gc          ] GC(1) Concurrent reset 0.304ms
[2.061s][info   ][gc          ] GC(1) Pause Init Mark (unload classes) 0.057ms
[2.061s][info   ][gc          ] GC(1) Concurrent marking roots 0.171ms
[2.458s][info   ][gc          ] GC(1) Concurrent marking (unload classes) 396.659ms
[2.458s][info   ][gc          ] GC(1) Pause Final Mark (unload classes) 0.285ms
[2.458s][info   ][gc          ] GC(1) Concurrent thread roots 0.086ms
[2.458s][info   ][gc          ] GC(1) Concurrent weak references 0.109ms
[2.459s][info   ][gc          ] GC(1) Concurrent weak roots 0.592ms
[2.459s][info   ][gc          ] GC(1) Concurrent cleanup 2177M->2177M(6144M) 0.099ms
[2.461s][info   ][gc          ] GC(1) Concurrent class unloading 2.096ms
[2.461s][info   ][gc          ] GC(1) Concurrent strong roots 0.176ms
[2.589s][info   ][gc          ] GC(1) Concurrent evacuation 127.217ms
[2.589s][info   ][gc          ] GC(1) Pause Init Update Refs 0.007ms
[2.589s][info   ][gc          ] GC(1) At start of update refs, moving 168M to Mutator free partition from Collector Reserve
[2.860s][info   ][gc          ] GC(1) Concurrent update references 270.949ms
[2.860s][info   ][gc          ] GC(1) Concurrent update thread roots 0.175ms
[2.860s][info   ][gc          ] GC(1) Pause Final Update Refs 0.103ms
[2.860s][info   ][gc          ] GC(1) Concurrent cleanup 2996M->1716M(6144M) 0.143ms
[2.860s][info   ][gc,metaspace] Metaspace: 12549K(13056K)->12551K(13056K) NonClass: 11211K(11456K)->11213K(11456K) Class: 1337K(1600K)->1337K(1600K)
[2.861s][info   ][gc          ] Trigger: Learning 3 of 5. Free (4113M) is below initial threshold (4300M)
[2.864s][info   ][gc          ] GC(2) Concurrent reset 2.219ms
[2.864s][info   ][gc          ] GC(2) Pause Init Mark (unload classes) 0.044ms
[2.864s][info   ][gc          ] GC(2) Concurrent marking roots 0.130ms
[3.237s][info   ][gc          ] GC(2) Concurrent marking (unload classes) 372.773ms
[3.237s][info   ][gc          ] GC(2) Pause Final Mark (unload classes) 0.273ms
[3.237s][info   ][gc          ] GC(2) Concurrent thread roots 0.064ms
[3.237s][info   ][gc          ] GC(2) Concurrent weak references 0.037ms
[3.238s][info   ][gc          ] GC(2) Concurrent weak roots 0.400ms
[3.238s][info   ][gc          ] GC(2) Concurrent cleanup 2503M->2503M(6144M) 0.099ms
[3.239s][info   ][gc          ] GC(2) Concurrent class unloading 0.753ms
[3.239s][info   ][gc          ] GC(2) Concurrent strong roots 0.081ms
[3.346s][info   ][gc          ] GC(2) Concurrent evacuation 107.109ms
[3.346s][info   ][gc          ] GC(2) Pause Init Update Refs 0.005ms
[3.346s][info   ][gc          ] GC(2) At start of update refs, moving 170M to Mutator free partition from Collector Reserve
[3.724s][info   ][gc          ] GC(2) Concurrent update references 377.697ms
[3.724s][info   ][gc          ] GC(2) Concurrent update thread roots 0.139ms
[3.724s][info   ][gc          ] GC(2) Pause Final Update Refs 0.106ms
[3.724s][info   ][gc          ] GC(2) Concurrent cleanup 3537M->2206M(6144M) 0.145ms
[3.724s][info   ][gc,metaspace] Metaspace: 12551K(13056K)->12551K(13056K) NonClass: 11213K(11456K)->11213K(11456K) Class: 1337K(1600K)->1337K(1600K)
[3.725s][info   ][gc          ] Trigger: Learning 4 of 5. Free (3625M) is below initial threshold (4300M)
[3.728s][info   ][gc          ] GC(3) Concurrent reset 2.922ms
[3.728s][info   ][gc          ] GC(3) Pause Init Mark (unload classes) 0.045ms
[3.729s][info   ][gc          ] GC(3) Concurrent marking roots 0.105ms
[4.262s][info   ][gc          ] GC(3) Concurrent marking (unload classes) 533.805ms
[4.263s][info   ][gc          ] GC(3) Pause Final Mark (unload classes) 0.335ms
[4.267s][info   ][gc          ] GC(3) Concurrent thread roots 0.092ms
[4.267s][info   ][gc          ] GC(3) Concurrent weak references 0.040ms
[4.268s][info   ][gc          ] GC(3) Concurrent weak roots 0.483ms
[4.268s][info   ][gc          ] GC(3) Concurrent cleanup 3328M->3328M(6144M) 0.099ms
[4.269s][info   ][gc          ] GC(3) Concurrent class unloading 0.786ms
[4.269s][info   ][gc          ] GC(3) Concurrent strong roots 0.112ms
[4.401s][info   ][gc          ] GC(3) Concurrent evacuation 131.860ms
[4.401s][info   ][gc          ] GC(3) Pause Init Update Refs 0.005ms
[4.401s][info   ][gc          ] GC(3) At start of update refs, moving 146M to Mutator free partition from Collector Reserve
[5.088s][info   ][gc          ] GC(3) Concurrent update references 686.947ms
[5.088s][info   ][gc          ] GC(3) Concurrent update thread roots 0.171ms
[5.088s][info   ][gc          ] GC(3) Pause Final Update Refs 0.114ms
[5.089s][info   ][gc          ] GC(3) Concurrent cleanup 5088M->3398M(6144M) 0.189ms
[5.089s][info   ][gc,metaspace] Metaspace: 12551K(13056K)->12551K(13056K) NonClass: 11213K(11456K)->11213K(11456K) Class: 1337K(1600K)->1337K(1600K)
[5.090s][info   ][gc          ] Trigger: Learning 5 of 5. Free (2433M) is below initial threshold (4300M)
[5.094s][info   ][gc          ] GC(4) Concurrent reset 4.034ms
[5.094s][info   ][gc          ] GC(4) Pause Init Mark (unload classes) 0.044ms
[5.094s][info   ][gc          ] GC(4) Concurrent marking roots 0.113ms
[5.932s][info   ][gc          ] GC(4) Concurrent marking (unload classes) 837.699ms
[5.932s][info   ][gc          ] GC(4) Pause Final Mark (unload classes) 0.442ms
[5.932s][info   ][gc          ] GC(4) Concurrent thread roots 0.078ms
[5.933s][info   ][gc          ] GC(4) Concurrent weak references 0.040ms
[5.933s][info   ][gc          ] GC(4) Concurrent weak roots 0.453ms
[5.933s][info   ][gc          ] GC(4) Concurrent cleanup 5031M->5031M(6144M) 0.099ms
[5.934s][info   ][gc          ] GC(4) Concurrent class unloading 0.835ms
[5.934s][info   ][gc          ] GC(4) Concurrent strong roots 0.087ms
[6.144s][info   ][gc          ] GC(4) Concurrent evacuation 209.686ms
[6.144s][info   ][gc          ] GC(4) Pause Init Update Refs 0.006ms
[6.144s][info   ][gc          ] GC(4) At start of update refs, moving 53248K to Mutator free partition from Collector Reserve
[6.973s][info   ][gc          ] GC(4) Concurrent update references 829.419ms
[6.974s][info   ][gc          ] GC(4) Concurrent update thread roots 0.178ms
[6.974s][info   ][gc          ] GC(4) Pause Final Update Refs 0.126ms
[6.974s][info   ][gc          ] GC(4) Concurrent cleanup 6033M->3307M(6144M) 0.200ms
[6.974s][info   ][gc,metaspace] Metaspace: 12551K(13056K)->12551K(13056K) NonClass: 11213K(11456K)->11213K(11456K) Class: 1337K(1600K)->1337K(1600K)
[6.975s][info   ][gc          ] Trigger: Average GC time (2420.02 ms) is above the time for average allocation rate (1684 MB/s) to deplete free headroom (2218M) (margin of error = 1.80)
[6.980s][info   ][gc          ] GC(5) Concurrent reset 5.329ms
[6.981s][info   ][gc          ] GC(5) Pause Init Mark (unload classes) 0.045ms
[6.981s][info   ][gc          ] GC(5) Concurrent marking roots 0.114ms
[8.021s][info   ][gc          ] GC(5) Concurrent marking (unload classes) 1040.548ms
[8.022s][info   ][gc          ] GC(5) Pause Final Mark (unload classes) 0.418ms
[8.022s][info   ][gc          ] GC(5) Concurrent thread roots 0.074ms
[8.022s][info   ][gc          ] GC(5) Concurrent weak references 0.040ms
[8.022s][info   ][gc          ] GC(5) Concurrent weak roots 0.440ms
[8.023s][info   ][gc          ] GC(5) Concurrent cleanup 4904M->4904M(6144M) 0.099ms
[8.024s][info   ][gc          ] GC(5) Concurrent class unloading 0.962ms
[8.024s][info   ][gc          ] GC(5) Concurrent strong roots 0.072ms
[8.232s][info   ][gc          ] GC(5) Concurrent evacuation 208.345ms
[8.232s][info   ][gc          ] GC(5) Pause Init Update Refs 0.005ms
[8.232s][info   ][gc          ] GC(5) At start of update refs, moving 86016K to Mutator free partition from Collector Reserve
[9.149s][info   ][gc          ] GC(5) Concurrent update references 916.657ms
[9.149s][info   ][gc          ] GC(5) Concurrent update thread roots 0.181ms
[9.149s][info   ][gc          ] GC(5) Pause Final Update Refs 0.120ms
[9.149s][info   ][gc          ] GC(5) Concurrent cleanup 5984M->3610M(6144M) 0.187ms
[9.149s][info   ][gc,metaspace] Metaspace: 12551K(13056K)->12551K(13056K) NonClass: 11213K(11456K)->11213K(11456K) Class: 1337K(1600K)->1337K(1600K)
[9.150s][info   ][gc          ] Trigger: Average GC time (2769.19 ms) is above the time for average allocation rate (1429 MB/s) to deplete free headroom (1916M) (margin of error = 1.81)
[9.156s][info   ][gc          ] GC(6) Concurrent reset 5.123ms
[9.156s][info   ][gc          ] GC(6) Pause Init Mark (unload classes) 0.049ms
[9.156s][info   ][gc          ] GC(6) Concurrent marking roots 0.105ms
[10.256s][info   ][gc          ] GC(6) Concurrent marking (unload classes) 1100.188ms
[10.257s][info   ][gc          ] GC(6) Pause Final Mark (unload classes) 0.437ms
[10.257s][info   ][gc          ] GC(6) Concurrent thread roots 0.082ms
[10.257s][info   ][gc          ] GC(6) Concurrent weak references 0.051ms
[10.257s][info   ][gc          ] GC(6) Concurrent weak roots 0.464ms
[10.257s][info   ][gc          ] GC(6) Concurrent cleanup 4967M->4967M(6144M) 0.099ms
[10.258s][info   ][gc          ] GC(6) Concurrent class unloading 0.951ms
[10.258s][info   ][gc          ] GC(6) Concurrent strong roots 0.074ms
[10.475s][info   ][gc          ] GC(6) Concurrent evacuation 216.221ms
[10.475s][info   ][gc          ] GC(6) Pause Init Update Refs 0.005ms
[10.475s][info   ][gc          ] GC(6) At start of update refs, moving 77824K to Mutator free partition from Collector Reserve
[11.607s][info   ][gc          ] GC(6) Concurrent update references 1132.060ms
[11.607s][info   ][gc          ] GC(6) Concurrent update thread roots 0.179ms
[11.607s][info   ][gc          ] GC(6) Pause Final Update Refs 0.125ms
[11.608s][info   ][gc          ] GC(6) Concurrent cleanup 6002M->3549M(6144M) 0.190ms
[11.608s][info   ][gc,metaspace] Metaspace: 12551K(13056K)->12551K(13056K) NonClass: 11213K(11456K)->11213K(11456K) Class: 1337K(1600K)->1337K(1600K)
[11.609s][info   ][gc          ] Trigger: Average GC time (3034.98 ms) is above the time for average allocation rate (1170 MB/s) to deplete free headroom (1976M) (margin of error = 1.82)
[11.614s][info   ][gc          ] GC(7) Concurrent reset 5.572ms
[11.614s][info   ][gc          ] GC(7) Pause Init Mark (unload classes) 0.046ms
[11.614s][info   ][gc          ] GC(7) Concurrent marking roots 0.109ms
[13.166s][info   ][gc          ] GC(7) Concurrent marking (unload classes) 1551.714ms
[13.167s][info   ][gc          ] GC(7) Pause Final Mark (unload classes) 0.447ms
[13.167s][info   ][gc          ] GC(7) Concurrent thread roots 0.074ms
[13.167s][info   ][gc          ] GC(7) Concurrent weak references 0.041ms
[13.167s][info   ][gc          ] GC(7) Concurrent weak roots 0.437ms
[13.168s][info   ][gc          ] GC(7) Concurrent cleanup 5426M->5426M(6144M) 0.099ms
[13.169s][info   ][gc          ] GC(7) Concurrent class unloading 0.988ms
[13.169s][info   ][gc          ] GC(7) Concurrent strong roots 0.074ms
[13.360s][info   ][gc          ] GC(7) Concurrent evacuation 191.634ms
[13.360s][info   ][gc          ] GC(7) Pause Init Update Refs 0.006ms
[13.360s][info   ][gc          ] GC(7) At start of update refs, moving 102M to Mutator free partition from Collector Reserve
[14.669s][info   ][gc          ] GC(7) Concurrent update references 1308.778ms
[14.669s][info   ][gc          ] GC(7) Concurrent update thread roots 0.173ms
[14.670s][info   ][gc          ] GC(7) Pause Final Update Refs 0.116ms
[14.670s][info   ][gc          ] GC(7) Concurrent cleanup 6017M->3851M(6144M) 0.181ms
[14.670s][info   ][gc,metaspace] Metaspace: 12551K(13056K)->12551K(13056K) NonClass: 11213K(11456K)->11213K(11456K) Class: 1337K(1600K)->1337K(1600K)
[14.671s][info   ][gc          ] Trigger: Average GC time (3660.45 ms) is above the time for average allocation rate (972 MB/s) to deplete free headroom (1675M) (margin of error = 1.83)
[14.677s][info   ][gc          ] GC(8) Concurrent reset 5.793ms
[14.677s][info   ][gc          ] GC(8) Pause Init Mark (unload classes) 0.056ms
[14.677s][info   ][gc          ] GC(8) Concurrent marking roots 0.125ms
67108864 Objects created
 - IK: 55699211 (82.99829%)
 - OAK: 3355627 (5.0002737%)
 - TAK: 8054026 (12.001434%)
Preparatory GC...
[16.598s][info   ][gc          ] GC(8) Concurrent marking (unload classes) 1921.039ms
[16.598s][info   ][gc          ] GC(8) Pause Final Mark (unload classes) 0.384ms
[16.599s][info   ][gc          ] GC(8) Concurrent thread roots 0.131ms
[16.599s][info   ][gc          ] GC(8) Concurrent weak references 0.044ms
[16.599s][info   ][gc          ] GC(8) Concurrent weak roots 0.463ms
[16.599s][info   ][gc          ] GC(8) Concurrent cleanup 4340M->4340M(6144M) 0.098ms
[16.600s][info   ][gc          ] GC(8) Concurrent class unloading 1.059ms
[16.600s][info   ][gc          ] GC(8) Concurrent strong roots 0.075ms
[16.834s][info   ][gc          ] GC(8) Concurrent evacuation 233.163ms
[16.834s][info   ][gc          ] GC(8) Pause Init Update Refs 0.006ms
[16.834s][info   ][gc          ] GC(8) At start of update refs, moving 96256K to Mutator free partition from Collector Reserve
[18.038s][info   ][gc          ] GC(8) Concurrent update references 1204.405ms
[18.038s][info   ][gc          ] GC(8) Concurrent update thread roots 0.158ms
[18.039s][info   ][gc          ] GC(8) Pause Final Update Refs 0.122ms
[18.039s][info   ][gc          ] GC(8) Concurrent cleanup 4554M->2290M(6144M) 0.191ms
[18.039s][info   ][gc,metaspace] Metaspace: 12551K(13056K)->12551K(13056K) NonClass: 11213K(11456K)->11213K(11456K) Class: 1337K(1600K)->1337K(1600K)
[18.040s][info   ][gc          ] Trigger: GC request (System.gc())
[18.046s][info   ][gc          ] GC(9) Concurrent reset 6.248ms
[18.046s][info   ][gc          ] GC(9) Pause Init Mark (unload classes) 0.044ms
[18.046s][info   ][gc          ] GC(9) Concurrent marking roots 0.104ms
[19.646s][info   ][gc          ] GC(9) Concurrent marking (unload classes) 1599.683ms
[19.646s][info   ][gc          ] GC(9) Pause Final Mark (unload classes) 0.291ms
[19.647s][info   ][gc          ] GC(9) Concurrent thread roots 0.084ms
[19.647s][info   ][gc          ] GC(9) Concurrent weak references 0.045ms
[19.647s][info   ][gc          ] GC(9) Concurrent weak roots 0.486ms
[19.647s][info   ][gc          ] GC(9) Concurrent cleanup 2290M->2290M(6144M) 0.099ms
[19.650s][info   ][metaspace   ] ChkMgr @0x00007ffff0121a50 (non-class-space): : reclaiming memory...
[19.651s][info   ][metaspace   ] ChkMgr @0x00007ffff0121a50 (non-class-space): finished reclaiming memory: 
[19.651s][info   ][metaspace   ] reserved: 64.00 MB (no change)
[19.651s][info   ][metaspace   ] committed: 11.19 MB->10.56 MB (-640.00 KB)
[19.651s][info   ][metaspace   ] ChkMgr @0x00007ffff0121860 (class-space): : reclaiming memory...
[19.651s][info   ][metaspace   ] ChkMgr @0x00007ffff0121860 (class-space): finished reclaiming memory: 
[19.651s][info   ][metaspace   ] reserved: 3.00 GB (no change)
[19.651s][info   ][metaspace   ] committed: 1.56 MB->1.31 MB (-256.00 KB)
[19.651s][info   ][gc          ] GC(9) Concurrent class unloading 3.520ms
[19.651s][info   ][gc          ] GC(9) Concurrent strong roots 0.066ms
[19.695s][info   ][gc          ] GC(9) Concurrent evacuation 44.434ms
[19.695s][info   ][gc          ] GC(9) Pause Init Update Refs 0.006ms
[19.695s][info   ][gc          ] GC(9) At start of update refs, moving 260M to Mutator free partition from Collector Reserve
[20.574s][info   ][gc          ] GC(9) Concurrent update references 878.151ms
[20.574s][info   ][gc          ] GC(9) Concurrent update thread roots 0.162ms
[20.574s][info   ][gc          ] GC(9) Pause Final Update Refs 0.122ms
[20.574s][info   ][gc          ] GC(9) Concurrent cleanup 2338M->1846M(6144M) 0.119ms
[20.574s][info   ][gc,metaspace] Metaspace: 12551K(13056K)->11736K(12160K) NonClass: 11213K(11456K)->10533K(10816K) Class: 1337K(1600K)->1203K(1344K)
[20.575s][info   ][gc          ] Trigger: GC request (System.gc())
[20.579s][info   ][gc          ] GC(10) Concurrent reset 3.292ms
[20.579s][info   ][gc          ] GC(10) Pause Init Mark (unload classes) 0.054ms
[20.579s][info   ][gc          ] GC(10) Concurrent marking roots 0.179ms
[22.028s][info   ][gc          ] GC(10) Concurrent marking (unload classes) 1449.344ms
[22.029s][info   ][gc          ] GC(10) Pause Final Mark (unload classes) 0.253ms
[22.029s][info   ][gc          ] GC(10) Concurrent thread roots 0.068ms
[22.029s][info   ][gc          ] GC(10) Concurrent weak references 0.044ms
[22.029s][info   ][gc          ] GC(10) Concurrent weak roots 0.388ms
[22.029s][info   ][gc          ] GC(10) Concurrent cleanup 1846M->1846M(6144M) 0.098ms
[22.030s][info   ][gc          ] GC(10) Concurrent class unloading 0.839ms
[22.030s][info   ][gc          ] GC(10) Concurrent strong roots 0.059ms
[22.032s][info   ][gc          ] GC(10) Concurrent evacuation 1.951ms
[22.032s][info   ][gc          ] GC(10) Pause Init Update Refs 0.006ms
[22.032s][info   ][gc          ] GC(10) At start of update refs, moving 2048K to Mutator free partition from Collector Reserve
[23.162s][info   ][gc          ] GC(10) Concurrent update references 1129.609ms
[23.162s][info   ][gc          ] GC(10) Concurrent update thread roots 0.267ms
[23.162s][info   ][gc          ] GC(10) Pause Final Update Refs 0.085ms
[23.162s][info   ][gc          ] GC(10) Concurrent cleanup 1848M->1846M(6144M) 0.099ms
[23.163s][info   ][gc,metaspace] Metaspace: 11736K(12160K)->11736K(12160K) NonClass: 10533K(10816K)->10533K(10816K) Class: 1203K(1344K)->1203K(1344K)
Done; will start GCs... 
[23.164s][info   ][gc          ] Trigger: GC request (System.gc())
[23.167s][info   ][gc          ] GC(11) Concurrent reset 2.956ms
[23.167s][info   ][gc          ] GC(11) Pause Init Mark (unload classes) 0.065ms
[23.167s][info   ][gc          ] GC(11) Concurrent marking roots 0.213ms
[24.738s][info   ][gc          ] GC(11) Concurrent marking (unload classes) 1571.161ms
[24.738s][info   ][gc          ] GC(11) Pause Final Mark (unload classes) 0.242ms
[24.739s][info   ][gc          ] GC(11) Concurrent thread roots 0.068ms
[24.739s][info   ][gc          ] GC(11) Concurrent weak references 0.039ms
[24.739s][info   ][gc          ] GC(11) Concurrent weak roots 0.382ms
[24.739s][info   ][gc          ] GC(11) Concurrent cleanup 1847M->1846M(6144M) 0.098ms
[24.740s][info   ][gc          ] GC(11) Concurrent class unloading 0.761ms
[24.740s][info   ][gc          ] GC(11) Concurrent strong roots 0.057ms
[24.742s][info   ][gc          ] GC(11) Concurrent evacuation 1.701ms
[24.742s][info   ][gc          ] GC(11) Pause Init Update Refs 0.006ms
[24.742s][info   ][gc          ] GC(11) At start of update refs, moving 2048K to Mutator free partition from Collector Reserve
[25.891s][info   ][gc          ] GC(11) Concurrent update references 1149.336ms
[25.891s][info   ][gc          ] GC(11) Concurrent update thread roots 0.287ms
[25.892s][info   ][gc          ] GC(11) Pause Final Update Refs 0.093ms
[25.892s][info   ][gc          ] GC(11) Concurrent cleanup 1848M->1846M(6144M) 0.101ms
[25.892s][info   ][gc,metaspace] Metaspace: 11736K(12160K)->11736K(12160K) NonClass: 10533K(10816K)->10533K(10816K) Class: 1203K(1344K)->1203K(1344K)
[25.893s][info   ][gc          ] Trigger: GC request (System.gc())
[25.895s][info   ][gc          ] GC(12) Concurrent reset 2.573ms
[25.896s][info   ][gc          ] GC(12) Pause Init Mark (unload classes) 0.054ms
[25.896s][info   ][gc          ] GC(12) Concurrent marking roots 0.106ms
[27.123s][info   ][gc          ] GC(12) Concurrent marking (unload classes) 1227.558ms
[27.124s][info   ][gc          ] GC(12) Pause Final Mark (unload classes) 0.256ms
[27.124s][info   ][gc          ] GC(12) Concurrent thread roots 0.077ms
[27.124s][info   ][gc          ] GC(12) Concurrent weak references 0.043ms
[27.124s][info   ][gc          ] GC(12) Concurrent weak roots 0.397ms
[27.124s][info   ][gc          ] GC(12) Concurrent cleanup 1846M->1846M(6144M) 0.098ms
[27.125s][info   ][gc          ] GC(12) Concurrent class unloading 0.852ms
[27.125s][info   ][gc          ] GC(12) Concurrent strong roots 0.062ms
[27.127s][info   ][gc          ] GC(12) Concurrent evacuation 1.670ms
[27.127s][info   ][gc          ] GC(12) Pause Init Update Refs 0.006ms
[27.127s][info   ][gc          ] GC(12) At start of update refs, moving 2048K to Mutator free partition from Collector Reserve
[28.184s][info   ][gc          ] GC(12) Concurrent update references 1057.241ms
[28.185s][info   ][gc          ] GC(12) Concurrent update thread roots 0.209ms
[28.185s][info   ][gc          ] GC(12) Pause Final Update Refs 0.096ms
[28.185s][info   ][gc          ] GC(12) Concurrent cleanup 1848M->1846M(6144M) 0.101ms
[28.185s][info   ][gc,metaspace] Metaspace: 11736K(12160K)->11736K(12160K) NonClass: 10533K(10816K)->10533K(10816K) Class: 1203K(1344K)->1203K(1344K)
[28.186s][info   ][gc          ] Trigger: GC request (System.gc())
[28.189s][info   ][gc          ] GC(13) Concurrent reset 2.541ms
[28.189s][info   ][gc          ] GC(13) Pause Init Mark (unload classes) 0.064ms
[28.189s][info   ][gc          ] GC(13) Concurrent marking roots 0.105ms
[29.758s][info   ][gc          ] GC(13) Concurrent marking (unload classes) 1568.879ms
[29.758s][info   ][gc          ] GC(13) Pause Final Mark (unload classes) 0.254ms
[29.758s][info   ][gc          ] GC(13) Concurrent thread roots 0.072ms
[29.758s][info   ][gc          ] GC(13) Concurrent weak references 0.042ms
[29.759s][info   ][gc          ] GC(13) Concurrent weak roots 0.398ms
[29.759s][info   ][gc          ] GC(13) Concurrent cleanup 1846M->1846M(6144M) 0.098ms
[29.760s][info   ][gc          ] GC(13) Concurrent class unloading 0.833ms
[29.760s][info   ][gc          ] GC(13) Concurrent strong roots 0.062ms
[29.762s][info   ][gc          ] GC(13) Concurrent evacuation 1.709ms
[29.762s][info   ][gc          ] GC(13) Pause Init Update Refs 0.006ms
[29.762s][info   ][gc          ] GC(13) At start of update refs, moving 2048K to Mutator free partition from Collector Reserve
[30.886s][info   ][gc          ] GC(13) Concurrent update references 1124.502ms
[30.886s][info   ][gc          ] GC(13) Concurrent update thread roots 0.291ms
[30.887s][info   ][gc          ] GC(13) Pause Final Update Refs 0.103ms
[30.887s][info   ][gc          ] GC(13) Concurrent cleanup 1848M->1846M(6144M) 0.101ms
[30.887s][info   ][gc,metaspace] Metaspace: 11736K(12160K)->11736K(12160K) NonClass: 10533K(10816K)->10533K(10816K) Class: 1203K(1344K)->1203K(1344K)
[30.888s][info   ][gc          ] Trigger: GC request (System.gc())
[30.891s][info   ][gc          ] GC(14) Concurrent reset 2.583ms
[30.891s][info   ][gc          ] GC(14) Pause Init Mark (unload classes) 0.098ms
[30.891s][info   ][gc          ] GC(14) Concurrent marking roots 0.108ms
[32.455s][info   ][gc          ] GC(14) Concurrent marking (unload classes) 1564.567ms
[32.456s][info   ][gc          ] GC(14) Pause Final Mark (unload classes) 0.248ms
[32.456s][info   ][gc          ] GC(14) Concurrent thread roots 0.082ms
[32.456s][info   ][gc          ] GC(14) Concurrent weak references 0.041ms
[32.456s][info   ][gc          ] GC(14) Concurrent weak roots 0.469ms
[32.457s][info   ][gc          ] GC(14) Concurrent cleanup 1846M->1846M(6144M) 0.098ms
[32.457s][info   ][gc          ] GC(14) Concurrent class unloading 0.818ms
[32.458s][info   ][gc          ] GC(14) Concurrent strong roots 0.093ms
[32.459s][info   ][gc          ] GC(14) Concurrent evacuation 1.690ms
[32.459s][info   ][gc          ] GC(14) Pause Init Update Refs 0.006ms
[32.460s][info   ][gc          ] GC(14) At start of update refs, moving 2048K to Mutator free partition from Collector Reserve
[33.840s][info   ][gc          ] GC(14) Concurrent update references 1380.650ms
[33.840s][info   ][gc          ] GC(14) Concurrent update thread roots 0.293ms
[33.841s][info   ][gc          ] GC(14) Pause Final Update Refs 0.095ms
[33.841s][info   ][gc          ] GC(14) Concurrent cleanup 1848M->1846M(6144M) 0.101ms
[33.841s][info   ][gc,metaspace] Metaspace: 11736K(12160K)->11736K(12160K) NonClass: 10533K(10816K)->10533K(10816K) Class: 1203K(1344K)->1203K(1344K)
[33.842s][info   ][gc          ] Trigger: GC request (System.gc())
[33.845s][info   ][gc          ] GC(15) Concurrent reset 2.651ms
[33.845s][info   ][gc          ] GC(15) Pause Init Mark (unload classes) 0.057ms
[33.845s][info   ][gc          ] GC(15) Concurrent marking roots 0.102ms
[35.422s][info   ][gc          ] GC(15) Concurrent marking (unload classes) 1577.151ms
[35.422s][info   ][gc          ] GC(15) Pause Final Mark (unload classes) 0.251ms
[35.422s][info   ][gc          ] GC(15) Concurrent thread roots 0.072ms
[35.422s][info   ][gc          ] GC(15) Concurrent weak references 0.041ms
[35.423s][info   ][gc          ] GC(15) Concurrent weak roots 0.395ms
[35.423s][info   ][gc          ] GC(15) Concurrent cleanup 1846M->1846M(6144M) 0.098ms
[35.424s][info   ][gc          ] GC(15) Concurrent class unloading 0.841ms
[35.424s][info   ][gc          ] GC(15) Concurrent strong roots 0.061ms
[35.426s][info   ][gc          ] GC(15) Concurrent evacuation 1.707ms
[35.426s][info   ][gc          ] GC(15) Pause Init Update Refs 0.006ms
[35.426s][info   ][gc          ] GC(15) At start of update refs, moving 2048K to Mutator free partition from Collector Reserve
[36.579s][info   ][gc          ] GC(15) Concurrent update references 1153.466ms
[36.580s][info   ][gc          ] GC(15) Concurrent update thread roots 0.294ms
[36.580s][info   ][gc          ] GC(15) Pause Final Update Refs 0.095ms
[36.580s][info   ][gc          ] GC(15) Concurrent cleanup 1848M->1846M(6144M) 0.101ms
[36.580s][info   ][gc,metaspace] Metaspace: 11736K(12160K)->11736K(12160K) NonClass: 10533K(10816K)->10533K(10816K) Class: 1203K(1344K)->1203K(1344K)
[36.581s][info   ][gc          ] Trigger: GC request (System.gc())
[36.584s][info   ][gc          ] GC(16) Concurrent reset 2.712ms
[36.584s][info   ][gc          ] GC(16) Pause Init Mark (unload classes) 0.061ms
[36.584s][info   ][gc          ] GC(16) Concurrent marking roots 0.097ms
[38.217s][info   ][gc          ] GC(16) Concurrent marking (unload classes) 1632.790ms
[38.217s][info   ][gc          ] GC(16) Pause Final Mark (unload classes) 0.260ms
[38.217s][info   ][gc          ] GC(16) Concurrent thread roots 0.072ms
[38.217s][info   ][gc          ] GC(16) Concurrent weak references 0.041ms
[38.218s][info   ][gc          ] GC(16) Concurrent weak roots 0.389ms
[38.218s][info   ][gc          ] GC(16) Concurrent cleanup 1846M->1846M(6144M) 0.098ms
[38.219s][info   ][gc          ] GC(16) Concurrent class unloading 0.837ms
[38.219s][info   ][gc          ] GC(16) Concurrent strong roots 0.062ms
[38.220s][info   ][gc          ] GC(16) Concurrent evacuation 1.698ms
[38.221s][info   ][gc          ] GC(16) Pause Init Update Refs 0.005ms
[38.221s][info   ][gc          ] GC(16) At start of update refs, moving 2048K to Mutator free partition from Collector Reserve
[39.367s][info   ][gc          ] GC(16) Concurrent update references 1145.840ms
[39.367s][info   ][gc          ] GC(16) Concurrent update thread roots 0.297ms
[39.367s][info   ][gc          ] GC(16) Pause Final Update Refs 0.103ms
[39.367s][info   ][gc          ] GC(16) Concurrent cleanup 1848M->1846M(6144M) 0.101ms
[39.367s][info   ][gc,metaspace] Metaspace: 11736K(12160K)->11736K(12160K) NonClass: 10533K(10816K)->10533K(10816K) Class: 1203K(1344K)->1203K(1344K)
[39.368s][info   ][gc          ] Trigger: GC request (System.gc())
[39.371s][info   ][gc          ] GC(17) Concurrent reset 2.616ms
[39.371s][info   ][gc          ] GC(17) Pause Init Mark (unload classes) 0.055ms
[39.371s][info   ][gc          ] GC(17) Concurrent marking roots 0.104ms
[40.893s][info   ][gc          ] GC(17) Concurrent marking (unload classes) 1521.804ms
[40.893s][info   ][gc          ] GC(17) Pause Final Mark (unload classes) 0.228ms
[40.898s][info   ][gc          ] GC(17) Concurrent thread roots 0.078ms
[40.898s][info   ][gc          ] GC(17) Concurrent weak references 0.046ms
[40.898s][info   ][gc          ] GC(17) Concurrent weak roots 0.393ms
[40.898s][info   ][gc          ] GC(17) Concurrent cleanup 1846M->1846M(6144M) 0.098ms
[40.899s][info   ][gc          ] GC(17) Concurrent class unloading 0.772ms
[40.899s][info   ][gc          ] GC(17) Concurrent strong roots 0.062ms
[40.901s][info   ][gc          ] GC(17) Concurrent evacuation 1.706ms
[40.901s][info   ][gc          ] GC(17) Pause Init Update Refs 0.006ms
[40.901s][info   ][gc          ] GC(17) At start of update refs, moving 2048K to Mutator free partition from Collector Reserve
[42.050s][info   ][gc          ] GC(17) Concurrent update references 1149.069ms
[42.050s][info   ][gc          ] GC(17) Concurrent update thread roots 0.311ms
[42.050s][info   ][gc          ] GC(17) Pause Final Update Refs 0.101ms
[42.051s][info   ][gc          ] GC(17) Concurrent cleanup 1848M->1846M(6144M) 0.101ms
[42.051s][info   ][gc,metaspace] Metaspace: 11736K(12160K)->11736K(12160K) NonClass: 10533K(10816K)->10533K(10816K) Class: 1203K(1344K)->1203K(1344K)
[42.052s][info   ][gc          ] Trigger: GC request (System.gc())
[42.054s][info   ][gc          ] GC(18) Concurrent reset 2.668ms
[42.054s][info   ][gc          ] GC(18) Pause Init Mark (unload classes) 0.053ms
[42.055s][info   ][gc          ] GC(18) Concurrent marking roots 0.104ms
[43.648s][info   ][gc          ] GC(18) Concurrent marking (unload classes) 1593.166ms
[43.648s][info   ][gc          ] GC(18) Pause Final Mark (unload classes) 0.251ms
[43.648s][info   ][gc          ] GC(18) Concurrent thread roots 0.077ms
[43.648s][info   ][gc          ] GC(18) Concurrent weak references 0.043ms
[43.649s][info   ][gc          ] GC(18) Concurrent weak roots 0.449ms
[43.649s][info   ][gc          ] GC(18) Concurrent cleanup 1846M->1846M(6144M) 0.098ms
[43.650s][info   ][gc          ] GC(18) Concurrent class unloading 0.899ms
[43.650s][info   ][gc          ] GC(18) Concurrent strong roots 0.066ms
[43.652s][info   ][gc          ] GC(18) Concurrent evacuation 1.675ms
[43.652s][info   ][gc          ] GC(18) Pause Init Update Refs 0.007ms
[43.652s][info   ][gc          ] GC(18) At start of update refs, moving 2048K to Mutator free partition from Collector Reserve
[44.918s][info   ][gc          ] GC(18) Concurrent update references 1266.195ms
[44.918s][info   ][gc          ] GC(18) Concurrent update thread roots 0.234ms
[44.918s][info   ][gc          ] GC(18) Pause Final Update Refs 0.093ms
[44.919s][info   ][gc          ] GC(18) Concurrent cleanup 1848M->1846M(6144M) 0.100ms
[44.919s][info   ][gc,metaspace] Metaspace: 11736K(12160K)->11736K(12160K) NonClass: 10533K(10816K)->10533K(10816K) Class: 1203K(1344K)->1203K(1344K)
[44.920s][info   ][gc          ] Trigger: GC request (System.gc())
[44.922s][info   ][gc          ] GC(19) Concurrent reset 2.424ms
[44.922s][info   ][gc          ] GC(19) Pause Init Mark (unload classes) 0.053ms
[44.922s][info   ][gc          ] GC(19) Concurrent marking roots 0.101ms
[46.490s][info   ][gc          ] GC(19) Concurrent marking (unload classes) 1567.749ms
[46.490s][info   ][gc          ] GC(19) Pause Final Mark (unload classes) 0.259ms
[46.491s][info   ][gc          ] GC(19) Concurrent thread roots 0.071ms
[46.491s][info   ][gc          ] GC(19) Concurrent weak references 0.042ms
[46.491s][info   ][gc          ] GC(19) Concurrent weak roots 0.391ms
[46.491s][info   ][gc          ] GC(19) Concurrent cleanup 1846M->1846M(6144M) 0.098ms
[46.492s][info   ][gc          ] GC(19) Concurrent class unloading 0.834ms
[46.492s][info   ][gc          ] GC(19) Concurrent strong roots 0.059ms
[46.494s][info   ][gc          ] GC(19) Concurrent evacuation 1.689ms
[46.494s][info   ][gc          ] GC(19) Pause Init Update Refs 0.005ms
[46.494s][info   ][gc          ] GC(19) At start of update refs, moving 2048K to Mutator free partition from Collector Reserve
[47.801s][info   ][gc          ] GC(19) Concurrent update references 1307.401ms
[47.802s][info   ][gc          ] GC(19) Concurrent update thread roots 0.257ms
[47.802s][info   ][gc          ] GC(19) Pause Final Update Refs 0.099ms
[47.802s][info   ][gc          ] GC(19) Concurrent cleanup 1848M->1846M(6144M) 0.101ms
[47.802s][info   ][gc,metaspace] Metaspace: 11736K(12160K)->11736K(12160K) NonClass: 10533K(10816K)->10533K(10816K) Class: 1203K(1344K)->1203K(1344K)
[47.803s][info   ][gc          ] Trigger: GC request (System.gc())
[47.806s][info   ][gc          ] GC(20) Concurrent reset 2.617ms
[47.806s][info   ][gc          ] GC(20) Pause Init Mark (unload classes) 0.049ms
[47.806s][info   ][gc          ] GC(20) Concurrent marking roots 0.118ms
[49.460s][info   ][gc          ] GC(20) Concurrent marking (unload classes) 1654.384ms
[49.461s][info   ][gc          ] GC(20) Pause Final Mark (unload classes) 0.248ms
[49.461s][info   ][gc          ] GC(20) Concurrent thread roots 0.065ms
[49.461s][info   ][gc          ] GC(20) Concurrent weak references 0.042ms
[49.461s][info   ][gc          ] GC(20) Concurrent weak roots 0.374ms
[49.461s][info   ][gc          ] GC(20) Concurrent cleanup 1846M->1846M(6144M) 0.098ms
[49.462s][info   ][gc          ] GC(20) Concurrent class unloading 0.831ms
[49.462s][info   ][gc          ] GC(20) Concurrent strong roots 0.059ms
[49.464s][info   ][gc          ] GC(20) Concurrent evacuation 1.687ms
[49.464s][info   ][gc          ] GC(20) Pause Init Update Refs 0.006ms
[49.464s][info   ][gc          ] GC(20) At start of update refs, moving 2048K to Mutator free partition from Collector Reserve
[50.618s][info   ][gc          ] GC(20) Concurrent update references 1154.197ms
[50.619s][info   ][gc          ] GC(20) Concurrent update thread roots 0.262ms
[50.619s][info   ][gc          ] GC(20) Pause Final Update Refs 0.092ms
[50.619s][info   ][gc          ] GC(20) Concurrent cleanup 1848M->1846M(6144M) 0.101ms
[50.619s][info   ][gc,metaspace] Metaspace: 11736K(12160K)->11736K(12160K) NonClass: 10533K(10816K)->10533K(10816K) Class: 1203K(1344K)->1203K(1344K)
[50.620s][info   ][gc          ] Trigger: GC request (System.gc())
[50.623s][info   ][gc          ] GC(21) Concurrent reset 2.732ms
[50.623s][info   ][gc          ] GC(21) Pause Init Mark (unload classes) 0.056ms
[50.623s][info   ][gc          ] GC(21) Concurrent marking roots 0.099ms
[52.133s][info   ][gc          ] GC(21) Concurrent marking (unload classes) 1510.346ms
[52.134s][info   ][gc          ] GC(21) Pause Final Mark (unload classes) 0.267ms
[52.134s][info   ][gc          ] GC(21) Concurrent thread roots 0.076ms
[52.134s][info   ][gc          ] GC(21) Concurrent weak references 0.042ms
[52.134s][info   ][gc          ] GC(21) Concurrent weak roots 0.391ms
[52.134s][info   ][gc          ] GC(21) Concurrent cleanup 1846M->1846M(6144M) 0.098ms
[52.135s][info   ][gc          ] GC(21) Concurrent class unloading 0.844ms
[52.135s][info   ][gc          ] GC(21) Concurrent strong roots 0.060ms
[52.137s][info   ][gc          ] GC(21) Concurrent evacuation 1.690ms
[52.137s][info   ][gc          ] GC(21) Pause Init Update Refs 0.006ms
[52.137s][info   ][gc          ] GC(21) At start of update refs, moving 2048K to Mutator free partition from Collector Reserve
[53.263s][info   ][gc          ] GC(21) Concurrent update references 1125.591ms
[53.263s][info   ][gc          ] GC(21) Concurrent update thread roots 0.285ms
[53.263s][info   ][gc          ] GC(21) Pause Final Update Refs 0.095ms
[53.263s][info   ][gc          ] GC(21) Concurrent cleanup 1848M->1846M(6144M) 0.101ms
[53.263s][info   ][gc,metaspace] Metaspace: 11736K(12160K)->11736K(12160K) NonClass: 10533K(10816K)->10533K(10816K) Class: 1203K(1344K)->1203K(1344K)
[53.265s][info   ][gc          ] Trigger: GC request (System.gc())
[53.267s][info   ][gc          ] GC(22) Concurrent reset 2.716ms
[53.267s][info   ][gc          ] GC(22) Pause Init Mark (unload classes) 0.048ms
[53.268s][info   ][gc          ] GC(22) Concurrent marking roots 0.095ms
[54.814s][info   ][gc          ] GC(22) Concurrent marking (unload classes) 1545.997ms
[54.814s][info   ][gc          ] GC(22) Pause Final Mark (unload classes) 0.228ms
[54.814s][info   ][gc          ] GC(22) Concurrent thread roots 0.071ms
[54.814s][info   ][gc          ] GC(22) Concurrent weak references 0.043ms
[54.815s][info   ][gc          ] GC(22) Concurrent weak roots 0.382ms
[54.815s][info   ][gc          ] GC(22) Concurrent cleanup 1846M->1846M(6144M) 0.098ms
[54.815s][info   ][gc          ] GC(22) Concurrent class unloading 0.847ms
[54.816s][info   ][gc          ] GC(22) Concurrent strong roots 0.059ms
[54.817s][info   ][gc          ] GC(22) Concurrent evacuation 1.692ms
[54.817s][info   ][gc          ] GC(22) Pause Init Update Refs 0.006ms
[54.817s][info   ][gc          ] GC(22) At start of update refs, moving 2048K to Mutator free partition from Collector Reserve
[55.947s][info   ][gc          ] GC(22) Concurrent update references 1129.516ms
[55.947s][info   ][gc          ] GC(22) Concurrent update thread roots 0.244ms
[55.947s][info   ][gc          ] GC(22) Pause Final Update Refs 0.107ms
[55.947s][info   ][gc          ] GC(22) Concurrent cleanup 1848M->1846M(6144M) 0.099ms
[55.948s][info   ][gc,metaspace] Metaspace: 11736K(12160K)->11736K(12160K) NonClass: 10533K(10816K)->10533K(10816K) Class: 1203K(1344K)->1203K(1344K)
[55.949s][info   ][gc          ] Trigger: GC request (System.gc())
[55.952s][info   ][gc          ] GC(23) Concurrent reset 3.131ms
[55.952s][info   ][gc          ] GC(23) Pause Init Mark (unload classes) 0.071ms
[55.952s][info   ][gc          ] GC(23) Concurrent marking roots 0.103ms
[57.563s][info   ][gc          ] GC(23) Concurrent marking (unload classes) 1610.645ms
[57.563s][info   ][gc          ] GC(23) Pause Final Mark (unload classes) 0.234ms
[57.563s][info   ][gc          ] GC(23) Concurrent thread roots 0.080ms
[57.563s][info   ][gc          ] GC(23) Concurrent weak references 0.041ms
[57.564s][info   ][gc          ] GC(23) Concurrent weak roots 0.391ms
[57.564s][info   ][gc          ] GC(23) Concurrent cleanup 1846M->1846M(6144M) 0.098ms
[57.565s][info   ][gc          ] GC(23) Concurrent class unloading 0.830ms
[57.565s][info   ][gc          ] GC(23) Concurrent strong roots 0.057ms
[57.566s][info   ][gc          ] GC(23) Concurrent evacuation 1.681ms
[57.566s][info   ][gc          ] GC(23) Pause Init Update Refs 0.006ms
[57.566s][info   ][gc          ] GC(23) At start of update refs, moving 2048K to Mutator free partition from Collector Reserve
[58.669s][info   ][gc          ] GC(23) Concurrent update references 1102.798ms
[58.669s][info   ][gc          ] GC(23) Concurrent update thread roots 0.195ms
[58.670s][info   ][gc          ] GC(23) Pause Final Update Refs 0.093ms
[58.670s][info   ][gc          ] GC(23) Concurrent cleanup 1848M->1846M(6144M) 0.101ms
[58.670s][info   ][gc,metaspace] Metaspace: 11736K(12160K)->11736K(12160K) NonClass: 10533K(10816K)->10533K(10816K) Class: 1203K(1344K)->1203K(1344K)
[58.671s][info   ][gc          ] Trigger: GC request (System.gc())
[58.673s][info   ][gc          ] GC(24) Concurrent reset 2.539ms
[58.674s][info   ][gc          ] GC(24) Pause Init Mark (unload classes) 0.053ms
[58.674s][info   ][gc          ] GC(24) Concurrent marking roots 0.089ms
[60.231s][info   ][gc          ] GC(24) Concurrent marking (unload classes) 1556.868ms
[60.231s][info   ][gc          ] GC(24) Pause Final Mark (unload classes) 0.237ms
[60.231s][info   ][gc          ] GC(24) Concurrent thread roots 0.076ms
[60.231s][info   ][gc          ] GC(24) Concurrent weak references 0.043ms
[60.232s][info   ][gc          ] GC(24) Concurrent weak roots 0.446ms
[60.232s][info   ][gc          ] GC(24) Concurrent cleanup 1846M->1846M(6144M) 0.098ms
[60.233s][info   ][gc          ] GC(24) Concurrent class unloading 0.874ms
[60.233s][info   ][gc          ] GC(24) Concurrent strong roots 0.058ms
[60.234s][info   ][gc          ] GC(24) Concurrent evacuation 1.672ms
[60.234s][info   ][gc          ] GC(24) Pause Init Update Refs 0.006ms
[60.234s][info   ][gc          ] GC(24) At start of update refs, moving 2048K to Mutator free partition from Collector Reserve
[61.364s][info   ][gc          ] GC(24) Concurrent update references 1129.961ms
[61.365s][info   ][gc          ] GC(24) Concurrent update thread roots 0.474ms
[61.369s][info   ][gc          ] GC(24) Pause Final Update Refs 0.092ms
[61.369s][info   ][gc          ] GC(24) Concurrent cleanup 1849M->1847M(6144M) 0.101ms
[61.369s][info   ][gc,metaspace] Metaspace: 11736K(12160K)->11736K(12160K) NonClass: 10533K(10816K)->10533K(10816K) Class: 1203K(1344K)->1203K(1344K)
[61.370s][info   ][gc          ] Trigger: GC request (System.gc())
[61.373s][info   ][gc          ] GC(25) Concurrent reset 2.518ms
[61.373s][info   ][gc          ] GC(25) Pause Init Mark (unload classes) 0.046ms
[61.373s][info   ][gc          ] GC(25) Concurrent marking roots 0.078ms
[62.880s][info   ][gc          ] GC(25) Concurrent marking (unload classes) 1506.511ms
[62.880s][info   ][gc          ] GC(25) Pause Final Mark (unload classes) 0.255ms
[62.880s][info   ][gc          ] GC(25) Concurrent thread roots 0.074ms
[62.880s][info   ][gc          ] GC(25) Concurrent weak references 0.044ms
[62.881s][info   ][gc          ] GC(25) Concurrent weak roots 0.417ms
[62.881s][info   ][gc          ] GC(25) Concurrent cleanup 1847M->1847M(6144M) 0.098ms
[62.882s][info   ][gc          ] GC(25) Concurrent class unloading 0.852ms
[62.882s][info   ][gc          ] GC(25) Concurrent strong roots 0.060ms
[62.883s][info   ][gc          ] GC(25) Concurrent evacuation 1.697ms
[62.884s][info   ][gc          ] GC(25) Pause Init Update Refs 0.007ms
[62.884s][info   ][gc          ] GC(25) At start of update refs, moving 4096K to Mutator free partition from Collector Reserve
[64.003s][info   ][gc          ] GC(25) Concurrent update references 1118.855ms
[64.003s][info   ][gc          ] GC(25) Concurrent update thread roots 0.306ms
[64.003s][info   ][gc          ] GC(25) Pause Final Update Refs 0.104ms
[64.003s][info   ][gc          ] GC(25) Concurrent cleanup 1849M->1846M(6144M) 0.101ms
[64.003s][info   ][gc,metaspace] Metaspace: 11736K(12160K)->11736K(12160K) NonClass: 10533K(10816K)->10533K(10816K) Class: 1203K(1344K)->1203K(1344K)
[64.004s][info   ][gc          ] Trigger: GC request (System.gc())
[64.007s][info   ][gc          ] GC(26) Concurrent reset 2.691ms
[64.007s][info   ][gc          ] GC(26) Pause Init Mark (unload classes) 0.063ms
[64.007s][info   ][gc          ] GC(26) Concurrent marking roots 0.091ms
[65.624s][info   ][gc          ] GC(26) Concurrent marking (unload classes) 1616.902ms
[65.625s][info   ][gc          ] GC(26) Pause Final Mark (unload classes) 0.284ms
[65.625s][info   ][gc          ] GC(26) Concurrent thread roots 0.069ms
[65.625s][info   ][gc          ] GC(26) Concurrent weak references 0.049ms
[65.625s][info   ][gc          ] GC(26) Concurrent weak roots 0.389ms
[65.625s][info   ][gc          ] GC(26) Concurrent cleanup 1846M->1846M(6144M) 0.098ms
[65.626s][info   ][gc          ] GC(26) Concurrent class unloading 0.945ms
[65.626s][info   ][gc          ] GC(26) Concurrent strong roots 0.063ms
[65.629s][info   ][gc          ] GC(26) Concurrent evacuation 2.522ms
[65.629s][info   ][gc          ] GC(26) Pause Init Update Refs 0.006ms
[65.629s][info   ][gc          ] GC(26) At start of update refs, moving 2048K to Mutator free partition from Collector Reserve
[66.631s][info   ][gc          ] GC(26) Concurrent update references 1002.124ms
[66.631s][info   ][gc          ] GC(26) Concurrent update thread roots 0.292ms
[66.632s][info   ][gc          ] GC(26) Pause Final Update Refs 0.093ms
[66.632s][info   ][gc          ] GC(26) Concurrent cleanup 1848M->1846M(6144M) 0.101ms
[66.632s][info   ][gc,metaspace] Metaspace: 11736K(12160K)->11736K(12160K) NonClass: 10533K(10816K)->10533K(10816K) Class: 1203K(1344K)->1203K(1344K)
[66.633s][info   ][gc          ] Trigger: GC request (System.gc())
[66.635s][info   ][gc          ] GC(27) Concurrent reset 2.599ms
[66.636s][info   ][gc          ] GC(27) Pause Init Mark (unload classes) 0.056ms
[66.636s][info   ][gc          ] GC(27) Concurrent marking roots 0.088ms
[68.203s][info   ][gc          ] GC(27) Concurrent marking (unload classes) 1567.135ms
[68.203s][info   ][gc          ] GC(27) Pause Final Mark (unload classes) 0.242ms
[68.203s][info   ][gc          ] GC(27) Concurrent thread roots 0.069ms
[68.203s][info   ][gc          ] GC(27) Concurrent weak references 0.040ms
[68.204s][info   ][gc          ] GC(27) Concurrent weak roots 0.393ms
[68.204s][info   ][gc          ] GC(27) Concurrent cleanup 1846M->1846M(6144M) 0.098ms
[68.205s][info   ][gc          ] GC(27) Concurrent class unloading 0.851ms
[68.205s][info   ][gc          ] GC(27) Concurrent strong roots 0.059ms
[68.207s][info   ][gc          ] GC(27) Concurrent evacuation 1.677ms
[68.207s][info   ][gc          ] GC(27) Pause Init Update Refs 0.006ms
[68.207s][info   ][gc          ] GC(27) At start of update refs, moving 2048K to Mutator free partition from Collector Reserve
[69.093s][info   ][gc          ] GC(27) Concurrent update references 886.133ms
[69.093s][info   ][gc          ] GC(27) Concurrent update thread roots 0.299ms
[69.093s][info   ][gc          ] GC(27) Pause Final Update Refs 0.091ms
[69.094s][info   ][gc          ] GC(27) Concurrent cleanup 1848M->1846M(6144M) 0.105ms
[69.094s][info   ][gc,metaspace] Metaspace: 11736K(12160K)->11736K(12160K) NonClass: 10533K(10816K)->10533K(10816K) Class: 1203K(1344K)->1203K(1344K)
[69.095s][info   ][gc          ] Trigger: GC request (System.gc())
[69.097s][info   ][gc          ] GC(28) Concurrent reset 2.411ms
[69.097s][info   ][gc          ] GC(28) Pause Init Mark (unload classes) 0.048ms
[69.097s][info   ][gc          ] GC(28) Concurrent marking roots 0.090ms
[70.708s][info   ][gc          ] GC(28) Concurrent marking (unload classes) 1610.248ms
[70.708s][info   ][gc          ] GC(28) Pause Final Mark (unload classes) 0.233ms
[70.708s][info   ][gc          ] GC(28) Concurrent thread roots 0.073ms
[70.708s][info   ][gc          ] GC(28) Concurrent weak references 0.044ms
[70.709s][info   ][gc          ] GC(28) Concurrent weak roots 0.414ms
[70.709s][info   ][gc          ] GC(28) Concurrent cleanup 1846M->1846M(6144M) 0.098ms
[70.709s][info   ][gc          ] GC(28) Concurrent class unloading 0.832ms
[70.710s][info   ][gc          ] GC(28) Concurrent strong roots 0.058ms
[70.711s][info   ][gc          ] GC(28) Concurrent evacuation 1.655ms
[70.711s][info   ][gc          ] GC(28) Pause Init Update Refs 0.006ms
[70.711s][info   ][gc          ] GC(28) At start of update refs, moving 2048K to Mutator free partition from Collector Reserve
[71.836s][info   ][gc          ] GC(28) Concurrent update references 1124.439ms
[71.836s][info   ][gc          ] GC(28) Concurrent update thread roots 0.266ms
[71.836s][info   ][gc          ] GC(28) Pause Final Update Refs 0.101ms
[71.836s][info   ][gc          ] GC(28) Concurrent cleanup 1848M->1846M(6144M) 0.101ms
[71.836s][info   ][gc,metaspace] Metaspace: 11736K(12160K)->11736K(12160K) NonClass: 10533K(10816K)->10533K(10816K) Class: 1203K(1344K)->1203K(1344K)
[71.837s][info   ][gc          ] Trigger: GC request (System.gc())
[71.840s][info   ][gc          ] GC(29) Concurrent reset 2.684ms
[71.840s][info   ][gc          ] GC(29) Pause Init Mark (unload classes) 0.049ms
[71.840s][info   ][gc          ] GC(29) Concurrent marking roots 0.122ms
[73.378s][info   ][gc          ] GC(29) Concurrent marking (unload classes) 1537.272ms
[73.378s][info   ][gc          ] GC(29) Pause Final Mark (unload classes) 0.261ms
[73.378s][info   ][gc          ] GC(29) Concurrent thread roots 0.073ms
[73.378s][info   ][gc          ] GC(29) Concurrent weak references 0.043ms
[73.379s][info   ][gc          ] GC(29) Concurrent weak roots 0.379ms
[73.379s][info   ][gc          ] GC(29) Concurrent cleanup 1846M->1846M(6144M) 0.098ms
[73.380s][info   ][gc          ] GC(29) Concurrent class unloading 0.820ms
[73.380s][info   ][gc          ] GC(29) Concurrent strong roots 0.057ms
[73.381s][info   ][gc          ] GC(29) Concurrent evacuation 1.706ms
[73.381s][info   ][gc          ] GC(29) Pause Init Update Refs 0.006ms
[73.382s][info   ][gc          ] GC(29) At start of update refs, moving 2048K to Mutator free partition from Collector Reserve
[74.478s][info   ][gc          ] GC(29) Concurrent update references 1096.466ms
[74.478s][info   ][gc          ] GC(29) Concurrent update thread roots 0.307ms
[74.478s][info   ][gc          ] GC(29) Pause Final Update Refs 0.089ms
[74.479s][info   ][gc          ] GC(29) Concurrent cleanup 1848M->1846M(6144M) 0.099ms
[74.479s][info   ][gc,metaspace] Metaspace: 11736K(12160K)->11736K(12160K) NonClass: 10533K(10816K)->10533K(10816K) Class: 1203K(1344K)->1203K(1344K)
[74.480s][info   ][gc          ] Trigger: GC request (System.gc())
[74.483s][info   ][gc          ] GC(30) Concurrent reset 2.932ms
[74.483s][info   ][gc          ] GC(30) Pause Init Mark (unload classes) 0.064ms
[74.483s][info   ][gc          ] GC(30) Concurrent marking roots 0.082ms
[76.168s][info   ][gc          ] GC(30) Concurrent marking (unload classes) 1685.267ms
[76.169s][info   ][gc          ] GC(30) Pause Final Mark (unload classes) 0.251ms
[76.169s][info   ][gc          ] GC(30) Concurrent thread roots 0.087ms
[76.169s][info   ][gc          ] GC(30) Concurrent weak references 0.043ms
[76.169s][info   ][gc          ] GC(30) Concurrent weak roots 0.387ms
[76.169s][info   ][gc          ] GC(30) Concurrent cleanup 1846M->1846M(6144M) 0.098ms
[76.170s][info   ][gc          ] GC(30) Concurrent class unloading 0.823ms
[76.170s][info   ][gc          ] GC(30) Concurrent strong roots 0.058ms
[76.172s][info   ][gc          ] GC(30) Concurrent evacuation 1.685ms
[76.172s][info   ][gc          ] GC(30) Pause Init Update Refs 0.006ms
[76.172s][info   ][gc          ] GC(30) At start of update refs, moving 2048K to Mutator free partition from Collector Reserve
[77.314s][info   ][gc          ] GC(30) Concurrent update references 1141.640ms
[77.314s][info   ][gc          ] GC(30) Concurrent update thread roots 0.298ms
[77.314s][info   ][gc          ] GC(30) Pause Final Update Refs 0.099ms
[77.314s][info   ][gc          ] GC(30) Concurrent cleanup 1848M->1846M(6144M) 0.101ms
[77.314s][info   ][gc,metaspace] Metaspace: 11736K(12160K)->11736K(12160K) NonClass: 10533K(10816K)->10533K(10816K) Class: 1203K(1344K)->1203K(1344K)
[77.315s][info   ][gc          ] Trigger: GC request (System.gc())
[77.318s][info   ][gc          ] GC(31) Concurrent reset 2.635ms
[77.318s][info   ][gc          ] GC(31) Pause Init Mark (unload classes) 0.051ms
[77.318s][info   ][gc          ] GC(31) Concurrent marking roots 0.079ms
[78.843s][info   ][gc          ] GC(31) Concurrent marking (unload classes) 1524.578ms
[78.843s][info   ][gc          ] GC(31) Pause Final Mark (unload classes) 0.226ms
[78.843s][info   ][gc          ] GC(31) Concurrent thread roots 0.076ms
[78.843s][info   ][gc          ] GC(31) Concurrent weak references 0.045ms
[78.844s][info   ][gc          ] GC(31) Concurrent weak roots 0.388ms
[78.844s][info   ][gc          ] GC(31) Concurrent cleanup 1846M->1846M(6144M) 0.098ms
[78.845s][info   ][gc          ] GC(31) Concurrent class unloading 0.877ms
[78.845s][info   ][gc          ] GC(31) Concurrent strong roots 0.061ms
[78.847s][info   ][gc          ] GC(31) Concurrent evacuation 1.679ms
[78.847s][info   ][gc          ] GC(31) Pause Init Update Refs 0.006ms
[78.847s][info   ][gc          ] GC(31) At start of update refs, moving 2048K to Mutator free partition from Collector Reserve
[79.970s][info   ][gc          ] GC(31) Concurrent update references 1123.500ms
[79.971s][info   ][gc          ] GC(31) Concurrent update thread roots 0.243ms
[79.971s][info   ][gc          ] GC(31) Pause Final Update Refs 0.109ms
[79.971s][info   ][gc          ] GC(31) Concurrent cleanup 1848M->1846M(6144M) 0.098ms
[79.971s][info   ][gc,metaspace] Metaspace: 11736K(12160K)->11736K(12160K) NonClass: 10533K(10816K)->10533K(10816K) Class: 1203K(1344K)->1203K(1344K)
[79.972s][info   ][gc          ] Trigger: GC request (System.gc())
[79.975s][info   ][gc          ] GC(32) Concurrent reset 2.653ms
[79.975s][info   ][gc          ] GC(32) Pause Init Mark (unload classes) 0.057ms
[79.975s][info   ][gc          ] GC(32) Concurrent marking roots 0.097ms
[81.606s][info   ][gc          ] GC(32) Concurrent marking (unload classes) 1631.047ms
[81.606s][info   ][gc          ] GC(32) Pause Final Mark (unload classes) 0.251ms
[81.607s][info   ][gc          ] GC(32) Concurrent thread roots 0.068ms
[81.607s][info   ][gc          ] GC(32) Concurrent weak references 0.046ms
[81.607s][info   ][gc          ] GC(32) Concurrent weak roots 0.398ms
[81.607s][info   ][gc          ] GC(32) Concurrent cleanup 1846M->1846M(6144M) 0.098ms
[81.608s][info   ][gc          ] GC(32) Concurrent class unloading 0.846ms
[81.608s][info   ][gc          ] GC(32) Concurrent strong roots 0.067ms
[81.610s][info   ][gc          ] GC(32) Concurrent evacuation 2.028ms
[81.610s][info   ][gc          ] GC(32) Pause Init Update Refs 0.005ms
[81.610s][info   ][gc          ] GC(32) At start of update refs, moving 2048K to Mutator free partition from Collector Reserve
[82.612s][info   ][gc          ] GC(32) Concurrent update references 1001.658ms
[82.612s][info   ][gc          ] GC(32) Concurrent update thread roots 0.304ms
[82.616s][info   ][gc          ] GC(32) Pause Final Update Refs 0.093ms
[82.617s][info   ][gc          ] GC(32) Concurrent cleanup 1848M->1846M(6144M) 0.101ms
[82.617s][info   ][gc,metaspace] Metaspace: 11736K(12160K)->11736K(12160K) NonClass: 10533K(10816K)->10533K(10816K) Class: 1203K(1344K)->1203K(1344K)
[82.618s][info   ][gc          ] Trigger: GC request (System.gc())
[82.620s][info   ][gc          ] GC(33) Concurrent reset 2.596ms
[82.621s][info   ][gc          ] GC(33) Pause Init Mark (unload classes) 0.075ms
[82.621s][info   ][gc          ] GC(33) Concurrent marking roots 0.112ms
[84.103s][info   ][gc          ] GC(33) Concurrent marking (unload classes) 1482.395ms
[84.103s][info   ][gc          ] GC(33) Pause Final Mark (unload classes) 0.255ms
[84.104s][info   ][gc          ] GC(33) Concurrent thread roots 0.092ms
[84.104s][info   ][gc          ] GC(33) Concurrent weak references 0.039ms
[84.104s][info   ][gc          ] GC(33) Concurrent weak roots 0.431ms
[84.104s][info   ][gc          ] GC(33) Concurrent cleanup 1846M->1846M(6144M) 0.098ms
[84.105s][info   ][gc          ] GC(33) Concurrent class unloading 0.789ms
[84.105s][info   ][gc          ] GC(33) Concurrent strong roots 0.092ms
[84.107s][info   ][gc          ] GC(33) Concurrent evacuation 1.679ms
[84.107s][info   ][gc          ] GC(33) Pause Init Update Refs 0.007ms
[84.107s][info   ][gc          ] GC(33) At start of update refs, moving 2048K to Mutator free partition from Collector Reserve
[85.632s][info   ][gc          ] GC(33) Concurrent update references 1524.596ms
[85.632s][info   ][gc          ] GC(33) Concurrent update thread roots 0.293ms
[85.632s][info   ][gc          ] GC(33) Pause Final Update Refs 0.094ms
[85.632s][info   ][gc          ] GC(33) Concurrent cleanup 1848M->1846M(6144M) 0.101ms
[85.632s][info   ][gc,metaspace] Metaspace: 11736K(12160K)->11736K(12160K) NonClass: 10533K(10816K)->10533K(10816K) Class: 1203K(1344K)->1203K(1344K)
[85.633s][info   ][gc          ] Trigger: GC request (System.gc())
[85.636s][info   ][gc          ] GC(34) Concurrent reset 2.627ms
[85.636s][info   ][gc          ] GC(34) Pause Init Mark (unload classes) 0.041ms
[85.636s][info   ][gc          ] GC(34) Concurrent marking roots 0.086ms
[87.205s][info   ][gc          ] GC(34) Concurrent marking (unload classes) 1568.666ms
[87.205s][info   ][gc          ] GC(34) Pause Final Mark (unload classes) 0.265ms
[87.206s][info   ][gc          ] GC(34) Concurrent thread roots 0.068ms
[87.206s][info   ][gc          ] GC(34) Concurrent weak references 0.056ms
[87.206s][info   ][gc          ] GC(34) Concurrent weak roots 0.382ms
[87.206s][info   ][gc          ] GC(34) Concurrent cleanup 1846M->1846M(6144M) 0.098ms
[87.207s][info   ][gc          ] GC(34) Concurrent class unloading 0.849ms
[87.207s][info   ][gc          ] GC(34) Concurrent strong roots 0.057ms
[87.209s][info   ][gc          ] GC(34) Concurrent evacuation 1.714ms
[87.209s][info   ][gc          ] GC(34) Pause Init Update Refs 0.007ms
[87.209s][info   ][gc          ] GC(34) At start of update refs, moving 2048K to Mutator free partition from Collector Reserve
[88.329s][info   ][gc          ] GC(34) Concurrent update references 1119.865ms
[88.329s][info   ][gc          ] GC(34) Concurrent update thread roots 0.626ms
[88.334s][info   ][gc          ] GC(34) Pause Final Update Refs 0.089ms
[88.334s][info   ][gc          ] GC(34) Concurrent cleanup 1848M->1846M(6144M) 0.101ms
[88.334s][info   ][gc,metaspace] Metaspace: 11736K(12160K)->11736K(12160K) NonClass: 10533K(10816K)->10533K(10816K) Class: 1203K(1344K)->1203K(1344K)
[88.335s][info   ][gc          ] Trigger: GC request (System.gc())
[88.337s][info   ][gc          ] GC(35) Concurrent reset 2.430ms
[88.338s][info   ][gc          ] GC(35) Pause Init Mark (unload classes) 0.047ms
[88.338s][info   ][gc          ] GC(35) Concurrent marking roots 0.098ms
[89.639s][info   ][gc          ] GC(35) Concurrent marking (unload classes) 1301.351ms
[89.639s][info   ][gc          ] GC(35) Pause Final Mark (unload classes) 0.256ms
[89.640s][info   ][gc          ] GC(35) Concurrent thread roots 0.073ms
[89.640s][info   ][gc          ] GC(35) Concurrent weak references 0.040ms
[89.640s][info   ][gc          ] GC(35) Concurrent weak roots 0.399ms
[89.640s][info   ][gc          ] GC(35) Concurrent cleanup 1846M->1846M(6144M) 0.098ms
[89.641s][info   ][gc          ] GC(35) Concurrent class unloading 0.971ms
[89.641s][info   ][gc          ] GC(35) Concurrent strong roots 0.062ms
[89.644s][info   ][gc          ] GC(35) Concurrent evacuation 2.276ms
[89.644s][info   ][gc          ] GC(35) Pause Init Update Refs 0.006ms
[89.644s][info   ][gc          ] GC(35) At start of update refs, moving 2048K to Mutator free partition from Collector Reserve
[90.768s][info   ][gc          ] GC(35) Concurrent update references 1124.102ms
[90.768s][info   ][gc          ] GC(35) Concurrent update thread roots 0.215ms
[90.768s][info   ][gc          ] GC(35) Pause Final Update Refs 0.108ms
[90.768s][info   ][gc          ] GC(35) Concurrent cleanup 1848M->1846M(6144M) 0.101ms
[90.768s][info   ][gc,metaspace] Metaspace: 11736K(12160K)->11736K(12160K) NonClass: 10533K(10816K)->10533K(10816K) Class: 1203K(1344K)->1203K(1344K)
[90.770s][info   ][gc          ] Trigger: GC request (System.gc())
[90.772s][info   ][gc          ] GC(36) Concurrent reset 2.553ms
[90.772s][info   ][gc          ] GC(36) Pause Init Mark (unload classes) 0.069ms
[90.772s][info   ][gc          ] GC(36) Concurrent marking roots 0.078ms
[92.366s][info   ][gc          ] GC(36) Concurrent marking (unload classes) 1594.091ms
[92.367s][info   ][gc          ] GC(36) Pause Final Mark (unload classes) 0.268ms
[92.367s][info   ][gc          ] GC(36) Concurrent thread roots 0.069ms
[92.367s][info   ][gc          ] GC(36) Concurrent weak references 0.062ms
[92.367s][info   ][gc          ] GC(36) Concurrent weak roots 0.380ms
[92.368s][info   ][gc          ] GC(36) Concurrent cleanup 1846M->1846M(6144M) 0.098ms
[92.368s][info   ][gc          ] GC(36) Concurrent class unloading 0.842ms
[92.368s][info   ][gc          ] GC(36) Concurrent strong roots 0.075ms
[92.371s][info   ][gc          ] GC(36) Concurrent evacuation 2.531ms
[92.371s][info   ][gc          ] GC(36) Pause Init Update Refs 0.006ms
[92.371s][info   ][gc          ] GC(36) At start of update refs, moving 2048K to Mutator free partition from Collector Reserve
[93.281s][info   ][gc          ] GC(36) Concurrent update references 909.763ms
[93.281s][info   ][gc          ] GC(36) Concurrent update thread roots 0.320ms
[93.281s][info   ][gc          ] GC(36) Pause Final Update Refs 0.093ms
[93.282s][info   ][gc          ] GC(36) Concurrent cleanup 1848M->1846M(6144M) 0.107ms
[93.282s][info   ][gc,metaspace] Metaspace: 11736K(12160K)->11736K(12160K) NonClass: 10533K(10816K)->10533K(10816K) Class: 1203K(1344K)->1203K(1344K)
[93.283s][info   ][gc          ] Trigger: GC request (System.gc())
[93.285s][info   ][gc          ] GC(37) Concurrent reset 2.480ms
[93.285s][info   ][gc          ] GC(37) Pause Init Mark (unload classes) 0.056ms
[93.285s][info   ][gc          ] GC(37) Concurrent marking roots 0.095ms
[94.829s][info   ][gc          ] GC(37) Concurrent marking (unload classes) 1543.595ms
[94.829s][info   ][gc          ] GC(37) Pause Final Mark (unload classes) 0.252ms
[94.829s][info   ][gc          ] GC(37) Concurrent thread roots 0.075ms
[94.830s][info   ][gc          ] GC(37) Concurrent weak references 0.043ms
[94.830s][info   ][gc          ] GC(37) Concurrent weak roots 0.387ms
[94.830s][info   ][gc          ] GC(37) Concurrent cleanup 1846M->1846M(6144M) 0.098ms
[94.831s][info   ][gc          ] GC(37) Concurrent class unloading 0.853ms
[94.831s][info   ][gc          ] GC(37) Concurrent strong roots 0.059ms
[94.833s][info   ][gc          ] GC(37) Concurrent evacuation 1.705ms
[94.833s][info   ][gc          ] GC(37) Pause Init Update Refs 0.007ms
[94.833s][info   ][gc          ] GC(37) At start of update refs, moving 2048K to Mutator free partition from Collector Reserve
[95.965s][info   ][gc          ] GC(37) Concurrent update references 1132.241ms
[95.965s][info   ][gc          ] GC(37) Concurrent update thread roots 0.300ms
[95.966s][info   ][gc          ] GC(37) Pause Final Update Refs 0.103ms
[95.966s][info   ][gc          ] GC(37) Concurrent cleanup 1848M->1846M(6144M) 0.101ms
[95.966s][info   ][gc,metaspace] Metaspace: 11736K(12160K)->11736K(12160K) NonClass: 10533K(10816K)->10533K(10816K) Class: 1203K(1344K)->1203K(1344K)
[95.967s][info   ][gc          ] Trigger: GC request (System.gc())
[95.969s][info   ][gc          ] GC(38) Concurrent reset 2.561ms
[95.970s][info   ][gc          ] GC(38) Pause Init Mark (unload classes) 0.048ms
[95.970s][info   ][gc          ] GC(38) Concurrent marking roots 0.091ms
[97.198s][info   ][gc          ] GC(38) Concurrent marking (unload classes) 1228.429ms
[97.198s][info   ][gc          ] GC(38) Pause Final Mark (unload classes) 0.227ms
[97.199s][info   ][gc          ] GC(38) Concurrent thread roots 0.068ms
[97.199s][info   ][gc          ] GC(38) Concurrent weak references 0.044ms
[97.199s][info   ][gc          ] GC(38) Concurrent weak roots 0.378ms
[97.199s][info   ][gc          ] GC(38) Concurrent cleanup 1846M->1846M(6144M) 0.098ms
[97.200s][info   ][gc          ] GC(38) Concurrent class unloading 0.849ms
[97.200s][info   ][gc          ] GC(38) Concurrent strong roots 0.057ms
[97.202s][info   ][gc          ] GC(38) Concurrent evacuation 1.711ms
[97.202s][info   ][gc          ] GC(38) Pause Init Update Refs 0.007ms
[97.202s][info   ][gc          ] GC(38) At start of update refs, moving 2048K to Mutator free partition from Collector Reserve
[98.327s][info   ][gc          ] GC(38) Concurrent update references 1124.962ms
[98.327s][info   ][gc          ] GC(38) Concurrent update thread roots 0.224ms
[98.327s][info   ][gc          ] GC(38) Pause Final Update Refs 0.086ms
[98.327s][info   ][gc          ] GC(38) Concurrent cleanup 1848M->1846M(6144M) 0.101ms
[98.327s][info   ][gc,metaspace] Metaspace: 11736K(12160K)->11736K(12160K) NonClass: 10533K(10816K)->10533K(10816K) Class: 1203K(1344K)->1203K(1344K)
[98.328s][info   ][gc          ] Trigger: GC request (System.gc())
[98.331s][info   ][gc          ] GC(39) Concurrent reset 2.941ms
[98.332s][info   ][gc          ] GC(39) Pause Init Mark (unload classes) 0.066ms
[98.332s][info   ][gc          ] GC(39) Concurrent marking roots 0.099ms
[99.857s][info   ][gc          ] GC(39) Concurrent marking (unload classes) 1524.822ms
[99.857s][info   ][gc          ] GC(39) Pause Final Mark (unload classes) 0.230ms
[99.861s][info   ][gc          ] GC(39) Concurrent thread roots 0.078ms
[99.861s][info   ][gc          ] GC(39) Concurrent weak references 0.044ms
[99.862s][info   ][gc          ] GC(39) Concurrent weak roots 0.398ms
[99.862s][info   ][gc          ] GC(39) Concurrent cleanup 1846M->1846M(6144M) 0.098ms
[99.863s][info   ][gc          ] GC(39) Concurrent class unloading 0.836ms
[99.863s][info   ][gc          ] GC(39) Concurrent strong roots 0.062ms
[99.864s][info   ][gc          ] GC(39) Concurrent evacuation 1.798ms
[99.865s][info   ][gc          ] GC(39) Pause Init Update Refs 0.006ms
[99.865s][info   ][gc          ] GC(39) At start of update refs, moving 2048K to Mutator free partition from Collector Reserve
[100.985s][info   ][gc          ] GC(39) Concurrent update references 1120.873ms
[100.986s][info   ][gc          ] GC(39) Concurrent update thread roots 0.252ms
[100.986s][info   ][gc          ] GC(39) Pause Final Update Refs 0.098ms
[100.986s][info   ][gc          ] GC(39) Concurrent cleanup 1848M->1846M(6144M) 0.101ms
[100.986s][info   ][gc,metaspace] Metaspace: 11736K(12160K)->11736K(12160K) NonClass: 10533K(10816K)->10533K(10816K) Class: 1203K(1344K)->1203K(1344K)
[100.987s][info   ][gc          ] Trigger: GC request (System.gc())
[100.990s][info   ][gc          ] GC(40) Concurrent reset 2.535ms
[100.990s][info   ][gc          ] GC(40) Pause Init Mark (unload classes) 0.048ms
[100.990s][info   ][gc          ] GC(40) Concurrent marking roots 0.076ms
[102.570s][info   ][gc          ] GC(40) Concurrent marking (unload classes) 1580.340ms
[102.571s][info   ][gc          ] GC(40) Pause Final Mark (unload classes) 0.235ms
[102.571s][info   ][gc          ] GC(40) Concurrent thread roots 0.071ms
[102.571s][info   ][gc          ] GC(40) Concurrent weak references 0.042ms
[102.571s][info   ][gc          ] GC(40) Concurrent weak roots 0.386ms
[102.571s][info   ][gc          ] GC(40) Concurrent cleanup 1846M->1846M(6144M) 0.098ms
[102.572s][info   ][gc          ] GC(40) Concurrent class unloading 0.852ms
[102.572s][info   ][gc          ] GC(40) Concurrent strong roots 0.059ms
[102.574s][info   ][gc          ] GC(40) Concurrent evacuation 1.700ms
[102.574s][info   ][gc          ] GC(40) Pause Init Update Refs 0.006ms
[102.574s][info   ][gc          ] GC(40) At start of update refs, moving 2048K to Mutator free partition from Collector Reserve
[103.672s][info   ][gc          ] GC(40) Concurrent update references 1098.128ms
[103.673s][info   ][gc          ] GC(40) Concurrent update thread roots 0.309ms
[103.673s][info   ][gc          ] GC(40) Pause Final Update Refs 0.093ms
[103.673s][info   ][gc          ] GC(40) Concurrent cleanup 1848M->1846M(6144M) 0.101ms
[103.673s][info   ][gc,metaspace] Metaspace: 11736K(12160K)->11736K(12160K) NonClass: 10533K(10816K)->10533K(10816K) Class: 1203K(1344K)->1203K(1344K)
[103.674s][info   ][gc          ] Trigger: GC request (System.gc())
[103.677s][info   ][gc          ] GC(41) Concurrent reset 2.586ms
[103.677s][info   ][gc          ] GC(41) Pause Init Mark (unload classes) 0.057ms
[103.677s][info   ][gc          ] GC(41) Concurrent marking roots 0.091ms
[105.710s][info   ][gc          ] GC(41) Concurrent marking (unload classes) 2033.667ms
[105.711s][info   ][gc          ] GC(41) Pause Final Mark (unload classes) 0.240ms
[105.715s][info   ][gc          ] GC(41) Concurrent thread roots 0.081ms
[105.715s][info   ][gc          ] GC(41) Concurrent weak references 0.045ms
[105.716s][info   ][gc          ] GC(41) Concurrent weak roots 0.396ms
[105.716s][info   ][gc          ] GC(41) Concurrent cleanup 1846M->1846M(6144M) 0.098ms
[105.717s][info   ][gc          ] GC(41) Concurrent class unloading 0.907ms
[105.717s][info   ][gc          ] GC(41) Concurrent strong roots 0.058ms
[105.718s][info   ][gc          ] GC(41) Concurrent evacuation 1.677ms
[105.719s][info   ][gc          ] GC(41) Pause Init Update Refs 0.006ms
[105.719s][info   ][gc          ] GC(41) At start of update refs, moving 2048K to Mutator free partition from Collector Reserve
[106.841s][info   ][gc          ] GC(41) Concurrent update references 1122.240ms
[106.841s][info   ][gc          ] GC(41) Concurrent update thread roots 0.297ms
[106.841s][info   ][gc          ] GC(41) Pause Final Update Refs 0.094ms
[106.841s][info   ][gc          ] GC(41) Concurrent cleanup 1848M->1846M(6144M) 0.101ms
[106.842s][info   ][gc,metaspace] Metaspace: 11736K(12160K)->11736K(12160K) NonClass: 10533K(10816K)->10533K(10816K) Class: 1203K(1344K)->1203K(1344K)
[106.843s][info   ][gc          ] Trigger: GC request (System.gc())
[106.845s][info   ][gc          ] GC(42) Concurrent reset 2.441ms
[106.845s][info   ][gc          ] GC(42) Pause Init Mark (unload classes) 0.059ms
[106.845s][info   ][gc          ] GC(42) Concurrent marking roots 0.105ms
[108.428s][info   ][gc          ] GC(42) Concurrent marking (unload classes) 1582.718ms
[108.428s][info   ][gc          ] GC(42) Pause Final Mark (unload classes) 0.276ms
[108.429s][info   ][gc          ] GC(42) Concurrent thread roots 0.064ms
[108.429s][info   ][gc          ] GC(42) Concurrent weak references 0.063ms
[108.429s][info   ][gc          ] GC(42) Concurrent weak roots 0.377ms
[108.429s][info   ][gc          ] GC(42) Concurrent cleanup 1846M->1846M(6144M) 0.098ms
[108.430s][info   ][gc          ] GC(42) Concurrent class unloading 0.938ms
[108.430s][info   ][gc          ] GC(42) Concurrent strong roots 0.059ms
[108.433s][info   ][gc          ] GC(42) Concurrent evacuation 2.983ms
[108.433s][info   ][gc          ] GC(42) Pause Init Update Refs 0.006ms
[108.433s][info   ][gc          ] GC(42) At start of update refs, moving 2048K to Mutator free partition from Collector Reserve
[109.344s][info   ][gc          ] GC(42) Concurrent update references 910.987ms
[109.345s][info   ][gc          ] GC(42) Concurrent update thread roots 0.322ms
[109.345s][info   ][gc          ] GC(42) Pause Final Update Refs 0.094ms
[109.345s][info   ][gc          ] GC(42) Concurrent cleanup 1848M->1846M(6144M) 0.101ms
[109.345s][info   ][gc,metaspace] Metaspace: 11736K(12160K)->11736K(12160K) NonClass: 10533K(10816K)->10533K(10816K) Class: 1203K(1344K)->1203K(1344K)
[109.346s][info   ][gc          ] Trigger: GC request (System.gc())
[109.349s][info   ][gc          ] GC(43) Concurrent reset 2.572ms
[109.349s][info   ][gc          ] GC(43) Pause Init Mark (unload classes) 0.062ms
[109.349s][info   ][gc          ] GC(43) Concurrent marking roots 0.100ms
[110.881s][info   ][gc          ] GC(43) Concurrent marking (unload classes) 1532.121ms
[110.881s][info   ][gc          ] GC(43) Pause Final Mark (unload classes) 0.252ms
[110.886s][info   ][gc          ] GC(43) Concurrent thread roots 0.088ms
[110.886s][info   ][gc          ] GC(43) Concurrent weak references 0.045ms
[110.886s][info   ][gc          ] GC(43) Concurrent weak roots 0.455ms
[110.886s][info   ][gc          ] GC(43) Concurrent cleanup 1846M->1846M(6144M) 0.098ms
[110.887s][info   ][gc          ] GC(43) Concurrent class unloading 0.859ms
[110.887s][info   ][gc          ] GC(43) Concurrent strong roots 0.090ms
[110.889s][info   ][gc          ] GC(43) Concurrent evacuation 1.703ms
[110.889s][info   ][gc          ] GC(43) Pause Init Update Refs 0.006ms
[110.889s][info   ][gc          ] GC(43) At start of update refs, moving 2048K to Mutator free partition from Collector Reserve
[112.357s][info   ][gc          ] GC(43) Concurrent update references 1467.952ms
[112.357s][info   ][gc          ] GC(43) Concurrent update thread roots 0.304ms
[112.357s][info   ][gc          ] GC(43) Pause Final Update Refs 0.099ms
[112.358s][info   ][gc          ] GC(43) Concurrent cleanup 1848M->1846M(6144M) 0.101ms
[112.358s][info   ][gc,metaspace] Metaspace: 11736K(12160K)->11736K(12160K) NonClass: 10533K(10816K)->10533K(10816K) Class: 1203K(1344K)->1203K(1344K)
[112.359s][info   ][gc          ] Trigger: GC request (System.gc())
[112.361s][info   ][gc          ] GC(44) Concurrent reset 2.667ms
[112.362s][info   ][gc          ] GC(44) Pause Init Mark (unload classes) 0.046ms
[112.362s][info   ][gc          ] GC(44) Concurrent marking roots 0.079ms
[114.098s][info   ][gc          ] GC(44) Concurrent marking (unload classes) 1735.848ms
[114.098s][info   ][gc          ] GC(44) Pause Final Mark (unload classes) 0.221ms
[114.098s][info   ][gc          ] GC(44) Concurrent thread roots 0.069ms
[114.098s][info   ][gc          ] GC(44) Concurrent weak references 0.042ms
[114.098s][info   ][gc          ] GC(44) Concurrent weak roots 0.390ms
[114.099s][info   ][gc          ] GC(44) Concurrent cleanup 1846M->1846M(6144M) 0.098ms
[114.099s][info   ][gc          ] GC(44) Concurrent class unloading 0.874ms
[114.100s][info   ][gc          ] GC(44) Concurrent strong roots 0.060ms
[114.101s][info   ][gc          ] GC(44) Concurrent evacuation 1.696ms
[114.101s][info   ][gc          ] GC(44) Pause Init Update Refs 0.006ms
[114.101s][info   ][gc          ] GC(44) At start of update refs, moving 2048K to Mutator free partition from Collector Reserve
[115.231s][info   ][gc          ] GC(44) Concurrent update references 1129.302ms
[115.231s][info   ][gc          ] GC(44) Concurrent update thread roots 0.245ms
[115.231s][info   ][gc          ] GC(44) Pause Final Update Refs 0.111ms
[115.231s][info   ][gc          ] GC(44) Concurrent cleanup 1848M->1846M(6144M) 0.101ms
[115.231s][info   ][gc,metaspace] Metaspace: 11736K(12160K)->11736K(12160K) NonClass: 10533K(10816K)->10533K(10816K) Class: 1203K(1344K)->1203K(1344K)
[115.232s][info   ][gc          ] Trigger: GC request (System.gc())
[115.235s][info   ][gc          ] GC(45) Concurrent reset 2.459ms
[115.235s][info   ][gc          ] GC(45) Pause Init Mark (unload classes) 0.058ms
[115.235s][info   ][gc          ] GC(45) Concurrent marking roots 0.099ms
[116.795s][info   ][gc          ] GC(45) Concurrent marking (unload classes) 1560.301ms
[116.796s][info   ][gc          ] GC(45) Pause Final Mark (unload classes) 0.234ms
[116.796s][info   ][gc          ] GC(45) Concurrent thread roots 0.081ms
[116.796s][info   ][gc          ] GC(45) Concurrent weak references 0.042ms
[116.796s][info   ][gc          ] GC(45) Concurrent weak roots 0.391ms
[116.796s][info   ][gc          ] GC(45) Concurrent cleanup 1846M->1846M(6144M) 0.098ms
[116.797s][info   ][gc          ] GC(45) Concurrent class unloading 0.815ms
[116.797s][info   ][gc          ] GC(45) Concurrent strong roots 0.061ms
[116.799s][info   ][gc          ] GC(45) Concurrent evacuation 1.695ms
[116.799s][info   ][gc          ] GC(45) Pause Init Update Refs 0.006ms
[116.799s][info   ][gc          ] GC(45) At start of update refs, moving 2048K to Mutator free partition from Collector Reserve
[117.923s][info   ][gc          ] GC(45) Concurrent update references 1123.599ms
[117.923s][info   ][gc          ] GC(45) Concurrent update thread roots 0.260ms
[117.923s][info   ][gc          ] GC(45) Pause Final Update Refs 0.095ms
[117.923s][info   ][gc          ] GC(45) Concurrent cleanup 1848M->1846M(6144M) 0.101ms
[117.923s][info   ][gc,metaspace] Metaspace: 11736K(12160K)->11736K(12160K) NonClass: 10533K(10816K)->10533K(10816K) Class: 1203K(1344K)->1203K(1344K)
[117.924s][info   ][gc          ] Trigger: GC request (System.gc())
[117.927s][info   ][gc          ] GC(46) Concurrent reset 2.719ms
[117.927s][info   ][gc          ] GC(46) Pause Init Mark (unload classes) 0.065ms
[117.928s][info   ][gc          ] GC(46) Concurrent marking roots 0.108ms
[119.493s][info   ][gc          ] GC(46) Concurrent marking (unload classes) 1565.368ms
[119.493s][info   ][gc          ] GC(46) Pause Final Mark (unload classes) 0.241ms
[119.493s][info   ][gc          ] GC(46) Concurrent thread roots 0.069ms
[119.493s][info   ][gc          ] GC(46) Concurrent weak references 0.059ms
[119.494s][info   ][gc          ] GC(46) Concurrent weak roots 0.385ms
[119.494s][info   ][gc          ] GC(46) Concurrent cleanup 1846M->1846M(6144M) 0.098ms
[119.495s][info   ][gc          ] GC(46) Concurrent class unloading 0.990ms
[119.495s][info   ][gc          ] GC(46) Concurrent strong roots 0.060ms
[119.498s][info   ][gc          ] GC(46) Concurrent evacuation 3.002ms
[119.498s][info   ][gc          ] GC(46) Pause Init Update Refs 0.005ms
[119.498s][info   ][gc          ] GC(46) At start of update refs, moving 2048K to Mutator free partition from Collector Reserve
[120.589s][info   ][gc          ] GC(46) Concurrent update references 1090.529ms
[120.589s][info   ][gc          ] GC(46) Concurrent update thread roots 0.345ms
[120.589s][info   ][gc          ] GC(46) Pause Final Update Refs 0.106ms
[120.589s][info   ][gc          ] GC(46) Concurrent cleanup 1848M->1846M(6144M) 0.101ms
[120.589s][info   ][gc,metaspace] Metaspace: 11736K(12160K)->11736K(12160K) NonClass: 10533K(10816K)->10533K(10816K) Class: 1203K(1344K)->1203K(1344K)
[120.590s][info   ][gc          ] Trigger: GC request (System.gc())
[120.593s][info   ][gc          ] GC(47) Concurrent reset 2.582ms
[120.593s][info   ][gc          ] GC(47) Pause Init Mark (unload classes) 0.059ms
[120.593s][info   ][gc          ] GC(47) Concurrent marking roots 0.086ms
[122.236s][info   ][gc          ] GC(47) Concurrent marking (unload classes) 1643.001ms
[122.237s][info   ][gc          ] GC(47) Pause Final Mark (unload classes) 0.234ms
[122.241s][info   ][gc          ] GC(47) Concurrent thread roots 0.073ms
[122.241s][info   ][gc          ] GC(47) Concurrent weak references 0.044ms
[122.242s][info   ][gc          ] GC(47) Concurrent weak roots 0.393ms
[122.242s][info   ][gc          ] GC(47) Concurrent cleanup 1847M->1847M(6144M) 0.098ms
[122.242s][info   ][gc          ] GC(47) Concurrent class unloading 0.832ms
[122.243s][info   ][gc          ] GC(47) Concurrent strong roots 0.059ms
[122.244s][info   ][gc          ] GC(47) Concurrent evacuation 1.685ms
[122.244s][info   ][gc          ] GC(47) Pause Init Update Refs 0.006ms
[122.244s][info   ][gc          ] GC(47) At start of update refs, moving 2048K to Mutator free partition from Collector Reserve
[123.366s][info   ][gc          ] GC(47) Concurrent update references 1121.437ms
[123.366s][info   ][gc          ] GC(47) Concurrent update thread roots 0.274ms
[123.366s][info   ][gc          ] GC(47) Pause Final Update Refs 0.104ms
[123.366s][info   ][gc          ] GC(47) Concurrent cleanup 1849M->1847M(6144M) 0.101ms
[123.366s][info   ][gc,metaspace] Metaspace: 11736K(12160K)->11736K(12160K) NonClass: 10533K(10816K)->10533K(10816K) Class: 1203K(1344K)->1203K(1344K)
[123.368s][info   ][gc          ] Trigger: GC request (System.gc())
[123.370s][info   ][gc          ] GC(48) Concurrent reset 2.413ms
[123.370s][info   ][gc          ] GC(48) Pause Init Mark (unload classes) 0.055ms
[123.370s][info   ][gc          ] GC(48) Concurrent marking roots 0.092ms
[124.797s][info   ][gc          ] GC(48) Concurrent marking (unload classes) 1426.828ms
[124.797s][info   ][gc          ] GC(48) Pause Final Mark (unload classes) 0.233ms
[124.798s][info   ][gc          ] GC(48) Concurrent thread roots 0.068ms
[124.798s][info   ][gc          ] GC(48) Concurrent weak references 0.044ms
[124.798s][info   ][gc          ] GC(48) Concurrent weak roots 0.382ms
[124.798s][info   ][gc          ] GC(48) Concurrent cleanup 1847M->1847M(6144M) 0.098ms
[124.799s][info   ][gc          ] GC(48) Concurrent class unloading 0.850ms
[124.799s][info   ][gc          ] GC(48) Concurrent strong roots 0.059ms
[124.801s][info   ][gc          ] GC(48) Concurrent evacuation 1.827ms
[124.801s][info   ][gc          ] GC(48) Pause Init Update Refs 0.006ms
[124.801s][info   ][gc          ] GC(48) At start of update refs, moving 4096K to Mutator free partition from Collector Reserve
[125.928s][info   ][gc          ] GC(48) Concurrent update references 1126.854ms
[125.928s][info   ][gc          ] GC(48) Concurrent update thread roots 0.226ms
[125.928s][info   ][gc          ] GC(48) Pause Final Update Refs 0.086ms
[125.928s][info   ][gc          ] GC(48) Concurrent cleanup 1849M->1846M(6144M) 0.101ms
[125.928s][info   ][gc,metaspace] Metaspace: 11736K(12160K)->11736K(12160K) NonClass: 10533K(10816K)->10533K(10816K) Class: 1203K(1344K)->1203K(1344K)
[125.929s][info   ][gc          ] Trigger: GC request (System.gc())
[125.932s][info   ][gc          ] GC(49) Concurrent reset 2.917ms
[125.933s][info   ][gc          ] GC(49) Pause Init Mark (unload classes) 0.067ms
[125.933s][info   ][gc          ] GC(49) Concurrent marking roots 0.078ms
[127.466s][info   ][gc          ] GC(49) Concurrent marking (unload classes) 1533.611ms
[127.467s][info   ][gc          ] GC(49) Pause Final Mark (unload classes) 0.237ms
[127.471s][info   ][gc          ] GC(49) Concurrent thread roots 0.070ms
[127.471s][info   ][gc          ] GC(49) Concurrent weak references 0.066ms
[127.472s][info   ][gc          ] GC(49) Concurrent weak roots 0.384ms
[127.472s][info   ][gc          ] GC(49) Concurrent cleanup 1846M->1846M(6144M) 0.098ms
[127.473s][info   ][gc          ] GC(49) Concurrent class unloading 0.949ms
[127.473s][info   ][gc          ] GC(49) Concurrent strong roots 0.062ms
[127.475s][info   ][gc          ] GC(49) Concurrent evacuation 2.257ms
[127.475s][info   ][gc          ] GC(49) Pause Init Update Refs 0.007ms
[127.475s][info   ][gc          ] GC(49) At start of update refs, moving 2048K to Mutator free partition from Collector Reserve
[128.381s][info   ][gc          ] GC(49) Concurrent update references 905.650ms
[128.381s][info   ][gc          ] GC(49) Concurrent update thread roots 0.230ms
[128.381s][info   ][gc          ] GC(49) Pause Final Update Refs 0.094ms
[128.381s][info   ][gc          ] GC(49) Concurrent cleanup 1848M->1846M(6144M) 0.101ms
[128.381s][info   ][gc,metaspace] Metaspace: 11736K(12160K)->11736K(12160K) NonClass: 10533K(10816K)->10533K(10816K) Class: 1203K(1344K)->1203K(1344K)
[128.382s][info   ][gc          ] Trigger: GC request (System.gc())
[128.385s][info   ][gc          ] GC(50) Concurrent reset 2.388ms
[128.385s][info   ][gc          ] GC(50) Pause Init Mark (unload classes) 0.053ms
[128.385s][info   ][gc          ] GC(50) Concurrent marking roots 0.076ms
[129.825s][info   ][gc          ] GC(50) Concurrent marking (unload classes) 1439.874ms
[129.825s][info   ][gc          ] GC(50) Pause Final Mark (unload classes) 0.226ms
[129.825s][info   ][gc          ] GC(50) Concurrent thread roots 0.068ms
[129.825s][info   ][gc          ] GC(50) Concurrent weak references 0.043ms
[129.826s][info   ][gc          ] GC(50) Concurrent weak roots 0.385ms
[129.826s][info   ][gc          ] GC(50) Concurrent cleanup 1846M->1846M(6144M) 0.098ms
[129.827s][info   ][gc          ] GC(50) Concurrent class unloading 0.853ms
[129.827s][info   ][gc          ] GC(50) Concurrent strong roots 0.057ms
[129.829s][info   ][gc          ] GC(50) Concurrent evacuation 1.691ms
[129.829s][info   ][gc          ] GC(50) Pause Init Update Refs 0.006ms
[129.829s][info   ][gc          ] GC(50) At start of update refs, moving 2048K to Mutator free partition from Collector Reserve
[130.959s][info   ][gc          ] GC(50) Concurrent update references 1130.424ms
[130.959s][info   ][gc          ] GC(50) Concurrent update thread roots 0.297ms
[130.960s][info   ][gc          ] GC(50) Pause Final Update Refs 0.086ms
[130.960s][info   ][gc          ] GC(50) Concurrent cleanup 1848M->1846M(6144M) 0.101ms
[130.960s][info   ][gc,metaspace] Metaspace: 11736K(12160K)->11736K(12160K) NonClass: 10533K(10816K)->10533K(10816K) Class: 1203K(1344K)->1203K(1344K)
[130.961s][info   ][gc          ] Trigger: GC request (System.gc())
[130.964s][info   ][gc          ] GC(51) Concurrent reset 3.106ms
[130.964s][info   ][gc          ] GC(51) Pause Init Mark (unload classes) 0.063ms
[130.964s][info   ][gc          ] GC(51) Concurrent marking roots 0.084ms
[132.864s][info   ][gc          ] GC(51) Concurrent marking (unload classes) 1899.683ms
[132.864s][info   ][gc          ] GC(51) Pause Final Mark (unload classes) 0.224ms
[132.864s][info   ][gc          ] GC(51) Concurrent thread roots 0.069ms
[132.864s][info   ][gc          ] GC(51) Concurrent weak references 0.040ms
[132.865s][info   ][gc          ] GC(51) Concurrent weak roots 0.410ms
[132.865s][info   ][gc          ] GC(51) Concurrent cleanup 1846M->1846M(6144M) 0.098ms
[132.866s][info   ][gc          ] GC(51) Concurrent class unloading 0.815ms
[132.866s][info   ][gc          ] GC(51) Concurrent strong roots 0.067ms
[132.868s][info   ][gc          ] GC(51) Concurrent evacuation 1.656ms
[132.868s][info   ][gc          ] GC(51) Pause Init Update Refs 0.006ms
[132.868s][info   ][gc          ] GC(51) At start of update refs, moving 2048K to Mutator free partition from Collector Reserve
[133.938s][info   ][gc          ] GC(51) Concurrent update references 1070.462ms
[133.939s][info   ][gc          ] GC(51) Concurrent update thread roots 0.291ms
[133.939s][info   ][gc          ] GC(51) Pause Final Update Refs 0.086ms
[133.939s][info   ][gc          ] GC(51) Concurrent cleanup 1848M->1846M(6144M) 0.101ms
[133.939s][info   ][gc,metaspace] Metaspace: 11736K(12160K)->11736K(12160K) NonClass: 10533K(10816K)->10533K(10816K) Class: 1203K(1344K)->1203K(1344K)
[133.940s][info   ][gc          ] Trigger: GC request (System.gc())
[133.942s][info   ][gc          ] GC(52) Concurrent reset 2.499ms
[133.943s][info   ][gc          ] GC(52) Pause Init Mark (unload classes) 0.047ms
[133.943s][info   ][gc          ] GC(52) Concurrent marking roots 0.101ms
[135.179s][info   ][gc          ] GC(52) Concurrent marking (unload classes) 1235.817ms
[135.179s][info   ][gc          ] GC(52) Pause Final Mark (unload classes) 0.236ms
[135.179s][info   ][gc          ] GC(52) Concurrent thread roots 0.070ms
[135.179s][info   ][gc          ] GC(52) Concurrent weak references 0.043ms
[135.179s][info   ][gc          ] GC(52) Concurrent weak roots 0.371ms
[135.180s][info   ][gc          ] GC(52) Concurrent cleanup 1846M->1846M(6144M) 0.098ms
[135.180s][info   ][gc          ] GC(52) Concurrent class unloading 0.846ms
[135.181s][info   ][gc          ] GC(52) Concurrent strong roots 0.073ms
[135.182s][info   ][gc          ] GC(52) Concurrent evacuation 1.697ms
[135.182s][info   ][gc          ] GC(52) Pause Init Update Refs 0.006ms
[135.182s][info   ][gc          ] GC(52) At start of update refs, moving 2048K to Mutator free partition from Collector Reserve
[136.306s][info   ][gc          ] GC(52) Concurrent update references 1123.562ms
[136.306s][info   ][gc          ] GC(52) Concurrent update thread roots 0.291ms
[136.306s][info   ][gc          ] GC(52) Pause Final Update Refs 0.099ms
[136.307s][info   ][gc          ] GC(52) Concurrent cleanup 1848M->1846M(6144M) 0.101ms
[136.307s][info   ][gc,metaspace] Metaspace: 11736K(12160K)->11736K(12160K) NonClass: 10533K(10816K)->10533K(10816K) Class: 1203K(1344K)->1203K(1344K)
[136.308s][info   ][gc          ] Trigger: GC request (System.gc())
[136.310s][info   ][gc          ] GC(53) Concurrent reset 2.487ms
[136.310s][info   ][gc          ] GC(53) Pause Init Mark (unload classes) 0.048ms
[136.311s][info   ][gc          ] GC(53) Concurrent marking roots 0.096ms
[137.587s][info   ][gc          ] GC(53) Concurrent marking (unload classes) 1276.733ms
[137.588s][info   ][gc          ] GC(53) Pause Final Mark (unload classes) 0.227ms
[137.588s][info   ][gc          ] GC(53) Concurrent thread roots 0.079ms
[137.588s][info   ][gc          ] GC(53) Concurrent weak references 0.045ms
[137.588s][info   ][gc          ] GC(53) Concurrent weak roots 0.396ms
[137.588s][info   ][gc          ] GC(53) Concurrent cleanup 1846M->1846M(6144M) 0.098ms
[137.589s][info   ][gc          ] GC(53) Concurrent class unloading 0.895ms
[137.589s][info   ][gc          ] GC(53) Concurrent strong roots 0.059ms
[137.592s][info   ][gc          ] GC(53) Concurrent evacuation 2.233ms
[137.592s][info   ][gc          ] GC(53) Pause Init Update Refs 0.006ms
[137.592s][info   ][gc          ] GC(53) At start of update refs, moving 2048K to Mutator free partition from Collector Reserve
[138.722s][info   ][gc          ] GC(53) Concurrent update references 1130.716ms
[138.723s][info   ][gc          ] GC(53) Concurrent update thread roots 0.296ms
[138.723s][info   ][gc          ] GC(53) Pause Final Update Refs 0.095ms
[138.723s][info   ][gc          ] GC(53) Concurrent cleanup 1848M->1846M(6144M) 0.101ms
[138.723s][info   ][gc,metaspace] Metaspace: 11736K(12160K)->11736K(12160K) NonClass: 10533K(10816K)->10533K(10816K) Class: 1203K(1344K)->1203K(1344K)
[138.724s][info   ][gc          ] Trigger: GC request (System.gc())
[138.727s][info   ][gc          ] GC(54) Concurrent reset 2.687ms
[138.727s][info   ][gc          ] GC(54) Pause Init Mark (unload classes) 0.056ms
[138.727s][info   ][gc          ] GC(54) Concurrent marking roots 0.083ms
[140.758s][info   ][gc          ] GC(54) Concurrent marking (unload classes) 2030.481ms
[140.758s][info   ][gc          ] GC(54) Pause Final Mark (unload classes) 0.221ms
[140.758s][info   ][gc          ] GC(54) Concurrent thread roots 0.061ms
[140.758s][info   ][gc          ] GC(54) Concurrent weak references 0.041ms
[140.759s][info   ][gc          ] GC(54) Concurrent weak roots 0.373ms
[140.759s][info   ][gc          ] GC(54) Concurrent cleanup 1846M->1846M(6144M) 0.098ms
[140.759s][info   ][gc          ] GC(54) Concurrent class unloading 0.699ms
[140.759s][info   ][gc          ] GC(54) Concurrent strong roots 0.059ms
[140.761s][info   ][gc          ] GC(54) Concurrent evacuation 1.694ms
[140.761s][info   ][gc          ] GC(54) Pause Init Update Refs 0.006ms
[140.761s][info   ][gc          ] GC(54) At start of update refs, moving 2048K to Mutator free partition from Collector Reserve
[141.884s][info   ][gc          ] GC(54) Concurrent update references 1123.246ms
[141.885s][info   ][gc          ] GC(54) Concurrent update thread roots 0.295ms
[141.885s][info   ][gc          ] GC(54) Pause Final Update Refs 0.097ms
[141.885s][info   ][gc          ] GC(54) Concurrent cleanup 1848M->1846M(6144M) 0.101ms
[141.885s][info   ][gc,metaspace] Metaspace: 11736K(12160K)->11736K(12160K) NonClass: 10533K(10816K)->10533K(10816K) Class: 1203K(1344K)->1203K(1344K)
[141.886s][info   ][gc          ] Trigger: GC request (System.gc())
[141.889s][info   ][gc          ] GC(55) Concurrent reset 2.687ms
[141.889s][info   ][gc          ] GC(55) Pause Init Mark (unload classes) 0.047ms
[141.889s][info   ][gc          ] GC(55) Concurrent marking roots 0.095ms
[143.453s][info   ][gc          ] GC(55) Concurrent marking (unload classes) 1563.607ms
[143.453s][info   ][gc          ] GC(55) Pause Final Mark (unload classes) 0.231ms
[143.453s][info   ][gc          ] GC(55) Concurrent thread roots 0.073ms
[143.453s][info   ][gc          ] GC(55) Concurrent weak references 0.042ms
[143.454s][info   ][gc          ] GC(55) Concurrent weak roots 0.377ms
[143.454s][info   ][gc          ] GC(55) Concurrent cleanup 1846M->1846M(6144M) 0.098ms
[143.455s][info   ][gc          ] GC(55) Concurrent class unloading 0.848ms
[143.455s][info   ][gc          ] GC(55) Concurrent strong roots 0.056ms
[143.456s][info   ][gc          ] GC(55) Concurrent evacuation 1.709ms
[143.457s][info   ][gc          ] GC(55) Pause Init Update Refs 0.006ms
[143.457s][info   ][gc          ] GC(55) At start of update refs, moving 2048K to Mutator free partition from Collector Reserve
[144.608s][info   ][gc          ] GC(55) Concurrent update references 1151.215ms
[144.608s][info   ][gc          ] GC(55) Concurrent update thread roots 0.301ms
[144.608s][info   ][gc          ] GC(55) Pause Final Update Refs 0.085ms
[144.608s][info   ][gc          ] GC(55) Concurrent cleanup 1848M->1846M(6144M) 0.101ms
[144.608s][info   ][gc,metaspace] Metaspace: 11736K(12160K)->11736K(12160K) NonClass: 10533K(10816K)->10533K(10816K) Class: 1203K(1344K)->1203K(1344K)
[144.610s][info   ][gc          ] Trigger: GC request (System.gc())
[144.613s][info   ][gc          ] GC(56) Concurrent reset 2.966ms
[144.613s][info   ][gc          ] GC(56) Pause Init Mark (unload classes) 0.056ms
[144.613s][info   ][gc          ] GC(56) Concurrent marking roots 0.084ms
[146.152s][info   ][gc          ] GC(56) Concurrent marking (unload classes) 1539.278ms
[146.152s][info   ][gc          ] GC(56) Pause Final Mark (unload classes) 0.262ms
[146.153s][info   ][gc          ] GC(56) Concurrent thread roots 0.077ms
[146.153s][info   ][gc          ] GC(56) Concurrent weak references 0.053ms
[146.153s][info   ][gc          ] GC(56) Concurrent weak roots 0.399ms
[146.153s][info   ][gc          ] GC(56) Concurrent cleanup 1846M->1846M(6144M) 0.098ms
[146.154s][info   ][gc          ] GC(56) Concurrent class unloading 0.850ms
[146.154s][info   ][gc          ] GC(56) Concurrent strong roots 0.060ms
[146.156s][info   ][gc          ] GC(56) Concurrent evacuation 1.652ms
[146.156s][info   ][gc          ] GC(56) Pause Init Update Refs 0.006ms
[146.156s][info   ][gc          ] GC(56) At start of update refs, moving 2048K to Mutator free partition from Collector Reserve
[147.275s][info   ][gc          ] GC(56) Concurrent update references 1119.131ms
[147.275s][info   ][gc          ] GC(56) Concurrent update thread roots 0.239ms
[147.276s][info   ][gc          ] GC(56) Pause Final Update Refs 0.114ms
[147.276s][info   ][gc          ] GC(56) Concurrent cleanup 1848M->1846M(6144M) 0.101ms
[147.276s][info   ][gc,metaspace] Metaspace: 11736K(12160K)->11736K(12160K) NonClass: 10533K(10816K)->10533K(10816K) Class: 1203K(1344K)->1203K(1344K)
[147.277s][info   ][gc          ] Trigger: GC request (System.gc())
[147.279s][info   ][gc          ] GC(57) Concurrent reset 2.405ms
[147.279s][info   ][gc          ] GC(57) Pause Init Mark (unload classes) 0.050ms
[147.280s][info   ][gc          ] GC(57) Concurrent marking roots 0.076ms
[148.553s][info   ][gc          ] GC(57) Concurrent marking (unload classes) 1273.303ms
[148.553s][info   ][gc          ] GC(57) Pause Final Mark (unload classes) 0.225ms
[148.553s][info   ][gc          ] GC(57) Concurrent thread roots 0.069ms
[148.553s][info   ][gc          ] GC(57) Concurrent weak references 0.043ms
[148.554s][info   ][gc          ] GC(57) Concurrent weak roots 0.394ms
[148.554s][info   ][gc          ] GC(57) Concurrent cleanup 1846M->1846M(6144M) 0.098ms
[148.555s][info   ][gc          ] GC(57) Concurrent class unloading 0.867ms
[148.555s][info   ][gc          ] GC(57) Concurrent strong roots 0.089ms
[148.556s][info   ][gc          ] GC(57) Concurrent evacuation 1.677ms
[148.557s][info   ][gc          ] GC(57) Pause Init Update Refs 0.006ms
[148.557s][info   ][gc          ] GC(57) At start of update refs, moving 2048K to Mutator free partition from Collector Reserve
[149.828s][info   ][gc          ] GC(57) Concurrent update references 1271.338ms
[149.828s][info   ][gc          ] GC(57) Concurrent update thread roots 0.298ms
[149.828s][info   ][gc          ] GC(57) Pause Final Update Refs 0.085ms
[149.829s][info   ][gc          ] GC(57) Concurrent cleanup 1848M->1846M(6144M) 0.101ms
[149.829s][info   ][gc,metaspace] Metaspace: 11736K(12160K)->11736K(12160K) NonClass: 10533K(10816K)->10533K(10816K) Class: 1203K(1344K)->1203K(1344K)
[149.830s][info   ][gc          ] Trigger: GC request (System.gc())
[149.832s][info   ][gc          ] GC(58) Concurrent reset 2.564ms
[149.832s][info   ][gc          ] GC(58) Pause Init Mark (unload classes) 0.046ms
[149.833s][info   ][gc          ] GC(58) Concurrent marking roots 0.115ms
[151.398s][info   ][gc          ] GC(58) Concurrent marking (unload classes) 1565.317ms
[151.398s][info   ][gc          ] GC(58) Pause Final Mark (unload classes) 0.260ms
[151.398s][info   ][gc          ] GC(58) Concurrent thread roots 0.069ms
[151.398s][info   ][gc          ] GC(58) Concurrent weak references 0.042ms
[151.399s][info   ][gc          ] GC(58) Concurrent weak roots 0.386ms
[151.399s][info   ][gc          ] GC(58) Concurrent cleanup 1846M->1846M(6144M) 0.098ms
[151.400s][info   ][gc          ] GC(58) Concurrent class unloading 0.832ms
[151.400s][info   ][gc          ] GC(58) Concurrent strong roots 0.057ms
[151.402s][info   ][gc          ] GC(58) Concurrent evacuation 1.707ms
[151.402s][info   ][gc          ] GC(58) Pause Init Update Refs 0.006ms
[151.402s][info   ][gc          ] GC(58) At start of update refs, moving 2048K to Mutator free partition from Collector Reserve
[152.573s][info   ][gc          ] GC(58) Concurrent update references 1170.911ms
[152.573s][info   ][gc          ] GC(58) Concurrent update thread roots 0.294ms
[152.573s][info   ][gc          ] GC(58) Pause Final Update Refs 0.085ms
[152.573s][info   ][gc          ] GC(58) Concurrent cleanup 1848M->1846M(6144M) 0.101ms
[152.573s][info   ][gc,metaspace] Metaspace: 11736K(12160K)->11736K(12160K) NonClass: 10533K(10816K)->10533K(10816K) Class: 1203K(1344K)->1203K(1344K)
[152.574s][info   ][gc          ] Trigger: GC request (System.gc())
[152.577s][info   ][gc          ] GC(59) Concurrent reset 2.503ms
[152.577s][info   ][gc          ] GC(59) Pause Init Mark (unload classes) 0.045ms
[152.577s][info   ][gc          ] GC(59) Concurrent marking roots 0.083ms
[154.007s][info   ][gc          ] GC(59) Concurrent marking (unload classes) 1430.181ms
[154.008s][info   ][gc          ] GC(59) Pause Final Mark (unload classes) 0.227ms
[154.008s][info   ][gc          ] GC(59) Concurrent thread roots 0.072ms
[154.008s][info   ][gc          ] GC(59) Concurrent weak references 0.041ms
[154.008s][info   ][gc          ] GC(59) Concurrent weak roots 0.407ms
[154.008s][info   ][gc          ] GC(59) Concurrent cleanup 1846M->1846M(6144M) 0.098ms
[154.009s][info   ][gc          ] GC(59) Concurrent class unloading 0.852ms
[154.009s][info   ][gc          ] GC(59) Concurrent strong roots 0.079ms
[154.011s][info   ][gc          ] GC(59) Concurrent evacuation 1.676ms
[154.011s][info   ][gc          ] GC(59) Pause Init Update Refs 0.006ms
[154.011s][info   ][gc          ] GC(59) At start of update refs, moving 2048K to Mutator free partition from Collector Reserve
[155.419s][info   ][gc          ] GC(59) Concurrent update references 1408.020ms
[155.419s][info   ][gc          ] GC(59) Concurrent update thread roots 0.236ms
[155.420s][info   ][gc          ] GC(59) Pause Final Update Refs 0.091ms
[155.420s][info   ][gc          ] GC(59) Concurrent cleanup 1848M->1846M(6144M) 0.101ms
[155.420s][info   ][gc,metaspace] Metaspace: 11736K(12160K)->11736K(12160K) NonClass: 10533K(10816K)->10533K(10816K) Class: 1203K(1344K)->1203K(1344K)
[155.421s][info   ][gc          ] Trigger: GC request (System.gc())
[155.424s][info   ][gc          ] GC(60) Concurrent reset 2.632ms
[155.424s][info   ][gc          ] GC(60) Pause Init Mark (unload classes) 0.048ms
[155.424s][info   ][gc          ] GC(60) Concurrent marking roots 0.081ms
[157.129s][info   ][gc          ] GC(60) Concurrent marking (unload classes) 1705.262ms
[157.129s][info   ][gc          ] GC(60) Pause Final Mark (unload classes) 0.226ms
[157.130s][info   ][gc          ] GC(60) Concurrent thread roots 0.070ms
[157.130s][info   ][gc          ] GC(60) Concurrent weak references 0.040ms
[157.130s][info   ][gc          ] GC(60) Concurrent weak roots 0.384ms
[157.130s][info   ][gc          ] GC(60) Concurrent cleanup 1846M->1846M(6144M) 0.098ms
[157.131s][info   ][gc          ] GC(60) Concurrent class unloading 0.809ms
[157.131s][info   ][gc          ] GC(60) Concurrent strong roots 0.068ms
[157.133s][info   ][gc          ] GC(60) Concurrent evacuation 1.693ms
[157.133s][info   ][gc          ] GC(60) Pause Init Update Refs 0.006ms
[157.133s][info   ][gc          ] GC(60) At start of update refs, moving 2048K to Mutator free partition from Collector Reserve
[157.996s][info   ][gc          ] GC(60) Concurrent update references 863.545ms
[157.997s][info   ][gc          ] GC(60) Concurrent update thread roots 0.238ms
[157.997s][info   ][gc          ] GC(60) Pause Final Update Refs 0.085ms
[157.997s][info   ][gc          ] GC(60) Concurrent cleanup 1848M->1846M(6144M) 0.101ms
[157.997s][info   ][gc,metaspace] Metaspace: 11736K(12160K)->11736K(12160K) NonClass: 10533K(10816K)->10533K(10816K) Class: 1203K(1344K)->1203K(1344K)
After GCs... 
[157.998s][info   ][gc          ] Trigger: Learning 2 of 5. Free (3986M) is below initial threshold (4300M)
[158.001s][info   ][gc          ] GC(61) Concurrent reset 2.625ms
[158.001s][info   ][gc          ] GC(61) Pause Init Mark (unload classes) 0.043ms
[158.001s][info   ][gc          ] GC(61) Concurrent marking roots 0.167ms
[158.006s][info   ][gc          ] Cancelling GC: Stopping VM
[158.006s][info   ][gc          ] GC(61) Concurrent marking (unload classes) 5.362ms
[158.006s][info   ][gc,metaspace] Metaspace: 11742K(12160K)->12082K(12480K) NonClass: 10537K(10816K)->10836K(11136K) Class: 1205K(1344K)->1246K(1344K)
