[0.002s][warning][pagesize] UseLargePages disabled, no large pages configured and available on the system.
[0.002s][info   ][gc      ] Min heap equals to max heap, disabling ShenandoahUncommit
[0.002s][info   ][metaspace]  - commit_granule_bytes: 65536.
[0.002s][info   ][metaspace]  - commit_granule_words: 8192.
[0.002s][info   ][metaspace]  - virtual_space_node_default_size: 8388608.
[0.002s][info   ][metaspace]  - enlarge_chunks_in_place: 1.
[0.002s][info   ][metaspace]  - use_allocation_guard: 0.
[0.010s][info   ][gc       ] Heuristics ergonomically sets -XX:+ExplicitGCInvokesConcurrent
[0.010s][info   ][gc       ] Heuristics ergonomically sets -XX:+ShenandoahImplicitGCInvokesConcurrent
[0.011s][info   ][gc       ] Using Shenandoah
[0.720s][info   ][metaspace] Reserving compressed class space anywhere
[0.720s][info   ][gc,metaspace] CDS archive(s) not mapped
[0.720s][info   ][gc,metaspace] Compressed class space mapped at: 0x0000000010000000-0x00000000d0000000, reserved size: 3221225472
[0.720s][info   ][gc,metaspace] UseCompressedClassPointers 1, UseCompactObjectHeaders 1, narrow klass pointer bits 22, max shift 10
[0.720s][info   ][gc,metaspace] Narrow klass base: 0x0000000010000000, Narrow klass shift: 10, Narrow klass range: 0xc0000000
Random Seed: 12345678
Num Classes: 256
Num Objects: 67108864
Percent IK Objects: 83.0%)
Percent OAK Objects: 5.0%)
Percent TAK Objects: 12.0%)
Cycles: 50
Loading 256 pre-generated classes ...
Materialize pre-generated constructors ...
Creating objects...
[0.968s][info   ][gc          ] Trigger: GC request (System.gc())
[0.968s][info   ][gc          ] GC(0) Concurrent reset 0.218ms
[0.968s][info   ][gc          ] GC(0) Pause Init Mark (unload classes) 0.042ms
[0.968s][info   ][gc          ] GC(0) Concurrent marking roots 0.315ms
[0.970s][info   ][gc          ] GC(0) Concurrent marking (unload classes) 1.687ms
[0.970s][info   ][gc          ] GC(0) Pause Final Mark (unload classes) 0.147ms
[0.970s][info   ][gc          ] GC(0) Concurrent thread roots 0.067ms
[0.971s][info   ][gc          ] GC(0) Concurrent weak references 0.173ms
[0.971s][info   ][gc          ] GC(0) Concurrent weak roots 0.478ms
[0.971s][info   ][gc          ] GC(0) Concurrent cleanup 22M->22M(6144M) 0.099ms
[0.973s][info   ][metaspace   ] ChkMgr @0x00007ffff0121c40 (non-class-space): : reclaiming memory...
[0.973s][info   ][metaspace   ] ChkMgr @0x00007ffff0121c40 (non-class-space): nothing reclaimed.
[0.973s][info   ][metaspace   ] ChkMgr @0x00007ffff0121a50 (class-space): : reclaiming memory...
[0.973s][info   ][metaspace   ] ChkMgr @0x00007ffff0121a50 (class-space): nothing reclaimed.
[0.973s][info   ][gc          ] GC(0) Concurrent class unloading 1.622ms
[0.973s][info   ][gc          ] GC(0) Concurrent strong roots 0.348ms
[0.974s][info   ][gc          ] GC(0) Concurrent evacuation 0.851ms
[0.974s][info   ][gc          ] GC(0) Pause Init Update Refs 0.005ms
[0.974s][info   ][gc          ] GC(0) At start of update refs, moving 20480K to Mutator free partition from Collector Reserve
[0.976s][info   ][gc          ] GC(0) Concurrent update references 2.021ms
[0.976s][info   ][gc          ] GC(0) Concurrent update thread roots 0.059ms
[0.976s][info   ][gc          ] GC(0) Pause Final Update Refs 0.060ms
[0.977s][info   ][gc          ] GC(0) Concurrent cleanup 25M->5M(6144M) 0.080ms
[0.977s][info   ][gc,metaspace] Metaspace: 11610K(11904K)->11587K(11904K) NonClass: 9574K(9728K)->9559K(9728K) Class: 2035K(2176K)->2027K(2176K)
[2.198s][info   ][gc          ] Trigger: Learning 2 of 5. Free (4300M) is below initial threshold (4300M)
[2.198s][info   ][gc          ] GC(1) Concurrent reset 0.255ms
[2.198s][info   ][gc          ] GC(1) Pause Init Mark (unload classes) 0.056ms
[2.199s][info   ][gc          ] GC(1) Concurrent marking roots 0.153ms
[2.600s][info   ][gc          ] GC(1) Concurrent marking (unload classes) 401.882ms
[2.601s][info   ][gc          ] GC(1) Pause Final Mark (unload classes) 0.301ms
[2.605s][info   ][gc          ] GC(1) Concurrent thread roots 0.091ms
[2.605s][info   ][gc          ] GC(1) Concurrent weak references 0.142ms
[2.606s][info   ][gc          ] GC(1) Concurrent weak roots 0.684ms
[2.606s][info   ][gc          ] GC(1) Concurrent cleanup 2120M->2120M(6144M) 0.099ms
[2.608s][info   ][gc          ] GC(1) Concurrent class unloading 2.010ms
[2.608s][info   ][gc          ] GC(1) Concurrent strong roots 0.162ms
[2.734s][info   ][gc          ] GC(1) Concurrent evacuation 125.487ms
[2.734s][info   ][gc          ] GC(1) Pause Init Update Refs 0.007ms
[2.734s][info   ][gc          ] GC(1) At start of update refs, moving 180M to Mutator free partition from Collector Reserve
[3.049s][info   ][gc          ] GC(1) Concurrent update references 315.376ms
[3.049s][info   ][gc          ] GC(1) Concurrent update thread roots 0.167ms
[3.050s][info   ][gc          ] GC(1) Pause Final Update Refs 0.102ms
[3.050s][info   ][gc          ] GC(1) Concurrent cleanup 3005M->1730M(6144M) 0.148ms
[3.050s][info   ][gc,metaspace] Metaspace: 12566K(13056K)->12568K(13056K) NonClass: 10402K(10624K)->10404K(10624K) Class: 2163K(2432K)->2163K(2432K)
[3.051s][info   ][gc          ] Trigger: Learning 3 of 5. Free (4102M) is below initial threshold (4300M)
[3.053s][info   ][gc          ] GC(2) Concurrent reset 2.250ms
[3.053s][info   ][gc          ] GC(2) Pause Init Mark (unload classes) 0.042ms
[3.054s][info   ][gc          ] GC(2) Concurrent marking roots 0.160ms
[3.430s][info   ][gc          ] GC(2) Concurrent marking (unload classes) 376.048ms
[3.430s][info   ][gc          ] GC(2) Pause Final Mark (unload classes) 0.264ms
[3.430s][info   ][gc          ] GC(2) Concurrent thread roots 0.066ms
[3.430s][info   ][gc          ] GC(2) Concurrent weak references 0.036ms
[3.431s][info   ][gc          ] GC(2) Concurrent weak roots 0.425ms
[3.431s][info   ][gc          ] GC(2) Concurrent cleanup 2341M->2341M(6144M) 0.099ms
[3.432s][info   ][gc          ] GC(2) Concurrent class unloading 0.847ms
[3.432s][info   ][gc          ] GC(2) Concurrent strong roots 0.068ms
[3.560s][info   ][gc          ] GC(2) Concurrent evacuation 128.178ms
[3.560s][info   ][gc          ] GC(2) Pause Init Update Refs 0.006ms
[3.560s][info   ][gc          ] GC(2) At start of update refs, moving 180M to Mutator free partition from Collector Reserve
[3.903s][info   ][gc          ] GC(2) Concurrent update references 343.419ms
[3.904s][info   ][gc          ] GC(2) Concurrent update thread roots 0.157ms
[3.904s][info   ][gc          ] GC(2) Pause Final Update Refs 0.102ms
[3.904s][info   ][gc          ] GC(2) Concurrent cleanup 3303M->1951M(6144M) 0.166ms
[3.904s][info   ][gc,metaspace] Metaspace: 12568K(13056K)->12568K(13056K) NonClass: 10404K(10624K)->10404K(10624K) Class: 2163K(2432K)->2163K(2432K)
[3.905s][info   ][gc          ] Trigger: Learning 4 of 5. Free (3880M) is below initial threshold (4300M)
[3.908s][info   ][gc          ] GC(3) Concurrent reset 2.549ms
[3.908s][info   ][gc          ] GC(3) Pause Init Mark (unload classes) 0.045ms
[3.908s][info   ][gc          ] GC(3) Concurrent marking roots 0.130ms
[4.410s][info   ][gc          ] GC(3) Concurrent marking (unload classes) 502.153ms
[4.411s][info   ][gc          ] GC(3) Pause Final Mark (unload classes) 0.309ms
[4.411s][info   ][gc          ] GC(3) Concurrent thread roots 0.059ms
[4.411s][info   ][gc          ] GC(3) Concurrent weak references 0.038ms
[4.411s][info   ][gc          ] GC(3) Concurrent weak roots 0.429ms
[4.411s][info   ][gc          ] GC(3) Concurrent cleanup 2793M->2794M(6144M) 0.102ms
[4.412s][info   ][gc          ] GC(3) Concurrent class unloading 0.894ms
[4.412s][info   ][gc          ] GC(3) Concurrent strong roots 0.067ms
[4.545s][info   ][gc          ] GC(3) Concurrent evacuation 132.542ms
[4.545s][info   ][gc          ] GC(3) Pause Init Update Refs 0.006ms
[4.545s][info   ][gc          ] GC(3) At start of update refs, moving 178M to Mutator free partition from Collector Reserve
[5.004s][info   ][gc          ] GC(3) Concurrent update references 459.181ms
[5.004s][info   ][gc          ] GC(3) Concurrent update thread roots 0.163ms
[5.005s][info   ][gc          ] GC(3) Pause Final Update Refs 0.110ms
[5.005s][info   ][gc          ] GC(3) Concurrent cleanup 3974M->2525M(6144M) 0.150ms
[5.005s][info   ][gc,metaspace] Metaspace: 12568K(13056K)->12568K(13056K) NonClass: 10404K(10624K)->10404K(10624K) Class: 2163K(2432K)->2163K(2432K)
[5.006s][info   ][gc          ] Trigger: Learning 5 of 5. Free (3306M) is below initial threshold (4300M)
[5.009s][info   ][gc          ] GC(4) Concurrent reset 3.028ms
[5.009s][info   ][gc          ] GC(4) Pause Init Mark (unload classes) 0.040ms
[5.009s][info   ][gc          ] GC(4) Concurrent marking roots 0.121ms
[5.691s][info   ][gc          ] GC(4) Concurrent marking (unload classes) 682.051ms
[5.692s][info   ][gc          ] GC(4) Pause Final Mark (unload classes) 0.340ms
[5.692s][info   ][gc          ] GC(4) Concurrent thread roots 0.065ms
[5.692s][info   ][gc          ] GC(4) Concurrent weak references 0.039ms
[5.692s][info   ][gc          ] GC(4) Concurrent weak roots 0.423ms
[5.693s][info   ][gc          ] GC(4) Concurrent cleanup 3685M->3686M(6144M) 0.099ms
[5.693s][info   ][gc          ] GC(4) Concurrent class unloading 0.816ms
[5.694s][info   ][gc          ] GC(4) Concurrent strong roots 0.080ms
[5.838s][info   ][gc          ] GC(4) Concurrent evacuation 144.734ms
[5.838s][info   ][gc          ] GC(4) Pause Init Update Refs 0.006ms
[5.838s][info   ][gc          ] GC(4) At start of update refs, moving 140M to Mutator free partition from Collector Reserve
[6.513s][info   ][gc          ] GC(4) Concurrent update references 674.947ms
[6.514s][info   ][gc          ] GC(4) Concurrent update thread roots 0.141ms
[6.514s][info   ][gc          ] GC(4) Pause Final Update Refs 0.115ms
[6.514s][info   ][gc          ] GC(4) Concurrent cleanup 5222M->3325M(6144M) 0.161ms
[6.514s][info   ][gc,metaspace] Metaspace: 12568K(13056K)->12568K(13056K) NonClass: 10404K(10624K)->10404K(10624K) Class: 2163K(2432K)->2163K(2432K)
[6.515s][info   ][gc          ] Trigger: Average GC time (1911.86 ms) is above the time for average allocation rate (1734 MB/s) to deplete free headroom (2198M) (margin of error = 1.80)
[6.519s][info   ][gc          ] GC(5) Concurrent reset 3.908ms
[6.519s][info   ][gc          ] GC(5) Pause Init Mark (unload classes) 0.040ms
[6.519s][info   ][gc          ] GC(5) Concurrent marking roots 0.120ms
[7.447s][info   ][gc          ] GC(5) Concurrent marking (unload classes) 927.991ms
[7.448s][info   ][gc          ] GC(5) Pause Final Mark (unload classes) 0.434ms
[7.448s][info   ][gc          ] GC(5) Concurrent thread roots 0.063ms
[7.448s][info   ][gc          ] GC(5) Concurrent weak references 0.043ms
[7.448s][info   ][gc          ] GC(5) Concurrent weak roots 0.437ms
[7.449s][info   ][gc          ] GC(5) Concurrent cleanup 4938M->4938M(6144M) 0.099ms
[7.449s][info   ][gc          ] GC(5) Concurrent class unloading 0.885ms
[7.450s][info   ][gc          ] GC(5) Concurrent strong roots 0.068ms
[7.673s][info   ][gc          ] GC(5) Concurrent evacuation 223.301ms
[7.673s][info   ][gc          ] GC(5) Pause Init Update Refs 0.006ms
[7.677s][info   ][gc          ] GC(5) At start of update refs, moving 88064K to Mutator free partition from Collector Reserve
[8.616s][info   ][gc          ] GC(5) Concurrent update references 938.746ms
[8.616s][info   ][gc          ] GC(5) Concurrent update thread roots 0.170ms
[8.616s][info   ][gc          ] GC(5) Pause Final Update Refs 0.124ms
[8.617s][info   ][gc          ] GC(5) Concurrent cleanup 5983M->3450M(6144M) 0.185ms
[8.617s][info   ][gc,metaspace] Metaspace: 12568K(13056K)->12568K(13056K) NonClass: 10404K(10624K)->10404K(10624K) Class: 2163K(2432K)->2163K(2432K)
[8.618s][info   ][gc          ] Trigger: Average GC time (2618.45 ms) is above the time for average allocation rate (1470 MB/s) to deplete free headroom (2076M) (margin of error = 1.81)
[8.623s][info   ][gc          ] GC(6) Concurrent reset 4.977ms
[8.623s][info   ][gc          ] GC(6) Pause Init Mark (unload classes) 0.044ms
[8.623s][info   ][gc          ] GC(6) Concurrent marking roots 0.134ms
[9.787s][info   ][gc          ] GC(6) Concurrent marking (unload classes) 1164.090ms
[9.788s][info   ][gc          ] GC(6) Pause Final Mark (unload classes) 0.400ms
[9.788s][info   ][gc          ] GC(6) Concurrent thread roots 0.066ms
[9.788s][info   ][gc          ] GC(6) Concurrent weak references 0.033ms
[9.788s][info   ][gc          ] GC(6) Concurrent weak roots 0.473ms
[9.788s][info   ][gc          ] GC(6) Concurrent cleanup 4623M->4623M(6144M) 0.100ms
[9.789s][info   ][gc          ] GC(6) Concurrent class unloading 0.826ms
[9.789s][info   ][gc          ] GC(6) Concurrent strong roots 0.084ms
[9.974s][info   ][gc          ] GC(6) Concurrent evacuation 184.621ms
[9.974s][info   ][gc          ] GC(6) Pause Init Update Refs 0.006ms
[9.974s][info   ][gc          ] GC(6) At start of update refs, moving 96256K to Mutator free partition from Collector Reserve
[11.011s][info   ][gc          ] GC(6) Concurrent update references 1036.864ms
[11.011s][info   ][gc          ] GC(6) Concurrent update thread roots 0.160ms
[11.011s][info   ][gc          ] GC(6) Pause Final Update Refs 0.121ms
[11.012s][info   ][gc          ] GC(6) Concurrent cleanup 5928M->3502M(6144M) 0.184ms
[11.012s][info   ][gc,metaspace] Metaspace: 12568K(13056K)->12568K(13056K) NonClass: 10404K(10624K)->10404K(10624K) Class: 2163K(2432K)->2163K(2432K)
[11.013s][info   ][gc          ] Trigger: Average GC time (2990.68 ms) is above the time for average allocation rate (1222 MB/s) to deplete free headroom (2024M) (margin of error = 1.82)
[11.019s][info   ][gc          ] GC(7) Concurrent reset 5.964ms
[11.019s][info   ][gc          ] GC(7) Pause Init Mark (unload classes) 0.053ms
[11.019s][info   ][gc          ] GC(7) Concurrent marking roots 0.134ms
[12.485s][info   ][gc          ] GC(7) Concurrent marking (unload classes) 1466.105ms
[12.486s][info   ][gc          ] GC(7) Pause Final Mark (unload classes) 0.423ms
[12.486s][info   ][gc          ] GC(7) Concurrent thread roots 0.074ms
[12.486s][info   ][gc          ] GC(7) Concurrent weak references 0.038ms
[12.486s][info   ][gc          ] GC(7) Concurrent weak roots 0.432ms
[12.486s][info   ][gc          ] GC(7) Concurrent cleanup 5564M->5564M(6144M) 0.100ms
[12.487s][info   ][gc          ] GC(7) Concurrent class unloading 0.745ms
[12.487s][info   ][gc          ] GC(7) Concurrent strong roots 0.083ms
[12.657s][info   ][gc          ] GC(7) Concurrent evacuation 169.175ms
[12.657s][info   ][gc          ] GC(7) Pause Init Update Refs 0.006ms
[12.657s][info   ][gc          ] GC(7) At start of update refs, moving 108M to Mutator free partition from Collector Reserve
[14.326s][info   ][gc          ] GC(7) Concurrent update references 1668.994ms
[14.326s][info   ][gc          ] GC(7) Concurrent update thread roots 0.250ms
[14.326s][info   ][gc          ] GC(7) Pause Final Update Refs 0.121ms
[14.326s][info   ][gc          ] GC(7) Concurrent cleanup 6020M->3748M(6144M) 0.183ms
[14.326s][info   ][gc,metaspace] Metaspace: 12568K(13056K)->12568K(13056K) NonClass: 10404K(10624K)->10404K(10624K) Class: 2163K(2432K)->2163K(2432K)
[14.327s][info   ][gc          ] Trigger: Average GC time (4037.86 ms) is above the time for average allocation rate (974 MB/s) to deplete free headroom (1778M) (margin of error = 1.83)
[14.333s][info   ][gc          ] GC(8) Concurrent reset 5.238ms
[14.333s][info   ][gc          ] GC(8) Pause Init Mark (unload classes) 0.050ms
[14.333s][info   ][gc          ] GC(8) Concurrent marking roots 0.139ms
67108864 Objects created
 - IK: 55699211 (82.99829%)
 - OAK: 3355627 (5.0002737%)
 - TAK: 8054026 (12.001434%)
Preparatory GC...
[15.851s][info   ][gc          ] GC(8) Concurrent marking (unload classes) 1518.222ms
[15.852s][info   ][gc          ] GC(8) Pause Final Mark (unload classes) 0.371ms
[15.852s][info   ][gc          ] GC(8) Concurrent thread roots 0.127ms
[15.852s][info   ][gc          ] GC(8) Concurrent weak references 0.039ms
[15.853s][info   ][gc          ] GC(8) Concurrent weak roots 0.483ms
[15.853s][info   ][gc          ] GC(8) Concurrent cleanup 3829M->3829M(6144M) 0.100ms
[15.854s][info   ][gc          ] GC(8) Concurrent class unloading 0.966ms
[15.854s][info   ][gc          ] GC(8) Concurrent strong roots 0.066ms
[16.055s][info   ][gc          ] GC(8) Concurrent evacuation 201.099ms
[16.055s][info   ][gc          ] GC(8) Pause Init Update Refs 0.007ms
[16.055s][info   ][gc          ] GC(8) At start of update refs, moving 102M to Mutator free partition from Collector Reserve
[17.290s][info   ][gc          ] GC(8) Concurrent update references 1234.761ms
[17.290s][info   ][gc          ] GC(8) Concurrent update thread roots 0.257ms
[17.290s][info   ][gc          ] GC(8) Pause Final Update Refs 0.128ms
[17.290s][info   ][gc          ] GC(8) Concurrent cleanup 4035M->1719M(6144M) 0.175ms
[17.290s][info   ][gc,metaspace] Metaspace: 12568K(13056K)->12568K(13056K) NonClass: 10404K(10624K)->10404K(10624K) Class: 2163K(2432K)->2163K(2432K)
[17.292s][info   ][gc          ] Trigger: GC request (System.gc())
[17.297s][info   ][gc          ] GC(9) Concurrent reset 5.561ms
[17.297s][info   ][gc          ] GC(9) Pause Init Mark (unload classes) 0.051ms
[17.297s][info   ][gc          ] GC(9) Concurrent marking roots 0.115ms
[18.869s][info   ][gc          ] GC(9) Concurrent marking (unload classes) 1571.801ms
[18.870s][info   ][gc          ] GC(9) Pause Final Mark (unload classes) 0.283ms
[18.870s][info   ][gc          ] GC(9) Concurrent thread roots 0.071ms
[18.870s][info   ][gc          ] GC(9) Concurrent weak references 0.045ms
[18.870s][info   ][gc          ] GC(9) Concurrent weak roots 0.465ms
[18.870s][info   ][gc          ] GC(9) Concurrent cleanup 1719M->1719M(6144M) 0.098ms
[18.873s][info   ][metaspace   ] ChkMgr @0x00007ffff0121c40 (non-class-space): : reclaiming memory...
[18.874s][info   ][metaspace   ] ChkMgr @0x00007ffff0121c40 (non-class-space): finished reclaiming memory: 
[18.874s][info   ][metaspace   ] reserved: 64.00 MB (no change)
[18.874s][info   ][metaspace   ] committed: 10.38 MB->9.62 MB (-768.00 KB)
[18.874s][info   ][metaspace   ] ChkMgr @0x00007ffff0121a50 (class-space): : reclaiming memory...
[18.874s][info   ][metaspace   ] ChkMgr @0x00007ffff0121a50 (class-space): finished reclaiming memory: 
[18.874s][info   ][metaspace   ] reserved: 3.00 GB (no change)
[18.874s][info   ][metaspace   ] committed: 2.38 MB->2.12 MB (-256.00 KB)
[18.874s][info   ][gc          ] GC(9) Concurrent class unloading 3.319ms
[18.874s][info   ][gc          ] GC(9) Concurrent strong roots 0.063ms
[18.882s][info   ][gc          ] GC(9) Concurrent evacuation 7.833ms
[18.882s][info   ][gc          ] GC(9) Pause Init Update Refs 0.009ms
[18.882s][info   ][gc          ] GC(9) At start of update refs, moving 88064K to Mutator free partition from Collector Reserve
[20.105s][info   ][gc          ] GC(9) Concurrent update references 1222.949ms
[20.105s][info   ][gc          ] GC(9) Concurrent update thread roots 0.176ms
[20.109s][info   ][gc          ] GC(9) Pause Final Update Refs 0.103ms
[20.109s][info   ][gc          ] GC(9) Concurrent cleanup 1729M->1644M(6144M) 0.105ms
[20.109s][info   ][gc,metaspace] Metaspace: 12568K(13056K)->11753K(12032K) NonClass: 10404K(10624K)->9724K(9856K) Class: 2163K(2432K)->2029K(2176K)
[20.111s][info   ][gc          ] Trigger: GC request (System.gc())
[20.113s][info   ][gc          ] GC(10) Concurrent reset 2.399ms
[20.113s][info   ][gc          ] GC(10) Pause Init Mark (unload classes) 0.055ms
[20.113s][info   ][gc          ] GC(10) Concurrent marking roots 0.142ms
[21.593s][info   ][gc          ] GC(10) Concurrent marking (unload classes) 1480.203ms
[21.594s][info   ][gc          ] GC(10) Pause Final Mark (unload classes) 0.233ms
[21.594s][info   ][gc          ] GC(10) Concurrent thread roots 0.080ms
[21.594s][info   ][gc          ] GC(10) Concurrent weak references 0.043ms
[21.594s][info   ][gc          ] GC(10) Concurrent weak roots 0.394ms
[21.595s][info   ][gc          ] GC(10) Concurrent cleanup 1644M->1644M(6144M) 0.115ms
[21.595s][info   ][gc          ] GC(10) Concurrent class unloading 0.812ms
[21.595s][info   ][gc          ] GC(10) Concurrent strong roots 0.056ms
[21.598s][info   ][gc          ] GC(10) Concurrent evacuation 2.879ms
[21.598s][info   ][gc          ] GC(10) Pause Init Update Refs 0.007ms
[21.598s][info   ][gc          ] GC(10) At start of update refs, moving 4096K to Mutator free partition from Collector Reserve
[22.754s][info   ][gc          ] GC(10) Concurrent update references 1155.068ms
[22.754s][info   ][gc          ] GC(10) Concurrent update thread roots 0.332ms
[22.754s][info   ][gc          ] GC(10) Pause Final Update Refs 0.097ms
[22.754s][info   ][gc          ] GC(10) Concurrent cleanup 1646M->1642M(6144M) 0.101ms
[22.754s][info   ][gc,metaspace] Metaspace: 11753K(12032K)->11753K(12032K) NonClass: 9724K(9856K)->9724K(9856K) Class: 2029K(2176K)->2029K(2176K)
Done; will start GCs... 
[22.755s][info   ][gc          ] Trigger: GC request (System.gc())
[22.757s][info   ][gc          ] GC(11) Concurrent reset 2.083ms
[22.758s][info   ][gc          ] GC(11) Pause Init Mark (unload classes) 0.055ms
[22.758s][info   ][gc          ] GC(11) Concurrent marking roots 0.205ms
[24.309s][info   ][gc          ] GC(11) Concurrent marking (unload classes) 1551.143ms
[24.309s][info   ][gc          ] GC(11) Pause Final Mark (unload classes) 0.225ms
[24.309s][info   ][gc          ] GC(11) Concurrent thread roots 0.076ms
[24.309s][info   ][gc          ] GC(11) Concurrent weak references 0.039ms
[24.310s][info   ][gc          ] GC(11) Concurrent weak roots 0.392ms
[24.310s][info   ][gc          ] GC(11) Concurrent cleanup 1643M->1642M(6144M) 0.100ms
[24.311s][info   ][gc          ] GC(11) Concurrent class unloading 0.800ms
[24.311s][info   ][gc          ] GC(11) Concurrent strong roots 0.055ms
[24.313s][info   ][gc          ] GC(11) Concurrent evacuation 2.077ms
[24.313s][info   ][gc          ] GC(11) Pause Init Update Refs 0.006ms
[24.313s][info   ][gc          ] GC(11) At start of update refs, moving 2048K to Mutator free partition from Collector Reserve
[25.549s][info   ][gc          ] GC(11) Concurrent update references 1236.362ms
[25.550s][info   ][gc          ] GC(11) Concurrent update thread roots 0.289ms
[25.550s][info   ][gc          ] GC(11) Pause Final Update Refs 0.102ms
[25.550s][info   ][gc          ] GC(11) Concurrent cleanup 1643M->1641M(6144M) 0.100ms
[25.550s][info   ][gc,metaspace] Metaspace: 11753K(12032K)->11753K(12032K) NonClass: 9724K(9856K)->9724K(9856K) Class: 2029K(2176K)->2029K(2176K)
[25.551s][info   ][gc          ] Trigger: GC request (System.gc())
[25.554s][info   ][gc          ] GC(12) Concurrent reset 2.572ms
[25.554s][info   ][gc          ] GC(12) Pause Init Mark (unload classes) 0.048ms
[25.554s][info   ][gc          ] GC(12) Concurrent marking roots 0.098ms
[27.105s][info   ][gc          ] GC(12) Concurrent marking (unload classes) 1550.727ms
[27.105s][info   ][gc          ] GC(12) Pause Final Mark (unload classes) 0.251ms
[27.105s][info   ][gc          ] GC(12) Concurrent thread roots 0.069ms
[27.105s][info   ][gc          ] GC(12) Concurrent weak references 0.054ms
[27.106s][info   ][gc          ] GC(12) Concurrent weak roots 0.356ms
[27.106s][info   ][gc          ] GC(12) Concurrent cleanup 1641M->1641M(6144M) 0.098ms
[27.107s][info   ][gc          ] GC(12) Concurrent class unloading 0.843ms
[27.107s][info   ][gc          ] GC(12) Concurrent strong roots 0.055ms
[27.109s][info   ][gc          ] GC(12) Concurrent evacuation 2.092ms
[27.109s][info   ][gc          ] GC(12) Pause Init Update Refs 0.005ms
[27.109s][info   ][gc          ] GC(12) At start of update refs, moving 2048K to Mutator free partition from Collector Reserve
[28.327s][info   ][gc          ] GC(12) Concurrent update references 1218.177ms
[28.328s][info   ][gc          ] GC(12) Concurrent update thread roots 0.283ms
[28.328s][info   ][gc          ] GC(12) Pause Final Update Refs 0.091ms
[28.328s][info   ][gc          ] GC(12) Concurrent cleanup 1643M->1641M(6144M) 0.126ms
[28.328s][info   ][gc,metaspace] Metaspace: 11753K(12032K)->11753K(12032K) NonClass: 9724K(9856K)->9724K(9856K) Class: 2029K(2176K)->2029K(2176K)
[28.329s][info   ][gc          ] Trigger: GC request (System.gc())
[28.331s][info   ][gc          ] GC(13) Concurrent reset 2.277ms
[28.332s][info   ][gc          ] GC(13) Pause Init Mark (unload classes) 0.059ms
[28.332s][info   ][gc          ] GC(13) Concurrent marking roots 0.103ms
[29.869s][info   ][gc          ] GC(13) Concurrent marking (unload classes) 1537.376ms
[29.869s][info   ][gc          ] GC(13) Pause Final Mark (unload classes) 0.231ms
[29.870s][info   ][gc          ] GC(13) Concurrent thread roots 0.068ms
[29.870s][info   ][gc          ] GC(13) Concurrent weak references 0.040ms
[29.870s][info   ][gc          ] GC(13) Concurrent weak roots 0.400ms
[29.870s][info   ][gc          ] GC(13) Concurrent cleanup 1641M->1641M(6144M) 0.099ms
[29.871s][info   ][gc          ] GC(13) Concurrent class unloading 0.826ms
[29.871s][info   ][gc          ] GC(13) Concurrent strong roots 0.060ms
[29.873s][info   ][gc          ] GC(13) Concurrent evacuation 2.092ms
[29.873s][info   ][gc          ] GC(13) Pause Init Update Refs 0.006ms
[29.873s][info   ][gc          ] GC(13) At start of update refs, moving 2048K to Mutator free partition from Collector Reserve
[30.826s][info   ][gc          ] GC(13) Concurrent update references 952.696ms
[30.826s][info   ][gc          ] GC(13) Concurrent update thread roots 0.355ms
[30.831s][info   ][gc          ] GC(13) Pause Final Update Refs 0.093ms
[30.831s][info   ][gc          ] GC(13) Concurrent cleanup 1643M->1641M(6144M) 0.101ms
[30.831s][info   ][gc,metaspace] Metaspace: 11753K(12032K)->11753K(12032K) NonClass: 9724K(9856K)->9724K(9856K) Class: 2029K(2176K)->2029K(2176K)
[30.832s][info   ][gc          ] Trigger: GC request (System.gc())
[30.834s][info   ][gc          ] GC(14) Concurrent reset 2.277ms
[30.834s][info   ][gc          ] GC(14) Pause Init Mark (unload classes) 0.052ms
[30.835s][info   ][gc          ] GC(14) Concurrent marking roots 0.095ms
[32.683s][info   ][gc          ] GC(14) Concurrent marking (unload classes) 1848.758ms
[32.684s][info   ][gc          ] GC(14) Pause Final Mark (unload classes) 0.238ms
[32.684s][info   ][gc          ] GC(14) Concurrent thread roots 0.068ms
[32.684s][info   ][gc          ] GC(14) Concurrent weak references 0.041ms
[32.684s][info   ][gc          ] GC(14) Concurrent weak roots 0.413ms
[32.684s][info   ][gc          ] GC(14) Concurrent cleanup 1641M->1641M(6144M) 0.099ms
[32.685s][info   ][gc          ] GC(14) Concurrent class unloading 0.825ms
[32.685s][info   ][gc          ] GC(14) Concurrent strong roots 0.055ms
[32.687s][info   ][gc          ] GC(14) Concurrent evacuation 2.045ms
[32.687s][info   ][gc          ] GC(14) Pause Init Update Refs 0.005ms
[32.688s][info   ][gc          ] GC(14) At start of update refs, moving 2048K to Mutator free partition from Collector Reserve
[33.855s][info   ][gc          ] GC(14) Concurrent update references 1167.830ms
[33.856s][info   ][gc          ] GC(14) Concurrent update thread roots 0.287ms
[33.856s][info   ][gc          ] GC(14) Pause Final Update Refs 0.100ms
[33.856s][info   ][gc          ] GC(14) Concurrent cleanup 1643M->1641M(6144M) 0.102ms
[33.856s][info   ][gc,metaspace] Metaspace: 11753K(12032K)->11753K(12032K) NonClass: 9724K(9856K)->9724K(9856K) Class: 2029K(2176K)->2029K(2176K)
[33.857s][info   ][gc          ] Trigger: GC request (System.gc())
[33.859s][info   ][gc          ] GC(15) Concurrent reset 2.281ms
[33.860s][info   ][gc          ] GC(15) Pause Init Mark (unload classes) 0.054ms
[33.860s][info   ][gc          ] GC(15) Concurrent marking roots 0.097ms
[35.639s][info   ][gc          ] GC(15) Concurrent marking (unload classes) 1778.767ms
[35.639s][info   ][gc          ] GC(15) Pause Final Mark (unload classes) 0.209ms
[35.639s][info   ][gc          ] GC(15) Concurrent thread roots 0.071ms
[35.639s][info   ][gc          ] GC(15) Concurrent weak references 0.040ms
[35.639s][info   ][gc          ] GC(15) Concurrent weak roots 0.387ms
[35.640s][info   ][gc          ] GC(15) Concurrent cleanup 1641M->1641M(6144M) 0.098ms
[35.640s][info   ][gc          ] GC(15) Concurrent class unloading 0.836ms
[35.640s][info   ][gc          ] GC(15) Concurrent strong roots 0.062ms
[35.643s][info   ][gc          ] GC(15) Concurrent evacuation 2.072ms
[35.643s][info   ][gc          ] GC(15) Pause Init Update Refs 0.005ms
[35.643s][info   ][gc          ] GC(15) At start of update refs, moving 2048K to Mutator free partition from Collector Reserve
[36.848s][info   ][gc          ] GC(15) Concurrent update references 1205.135ms
[36.848s][info   ][gc          ] GC(15) Concurrent update thread roots 0.169ms
[36.848s][info   ][gc          ] GC(15) Pause Final Update Refs 0.096ms
[36.848s][info   ][gc          ] GC(15) Concurrent cleanup 1643M->1641M(6144M) 0.107ms
[36.849s][info   ][gc,metaspace] Metaspace: 11753K(12032K)->11753K(12032K) NonClass: 9724K(9856K)->9724K(9856K) Class: 2029K(2176K)->2029K(2176K)
[36.850s][info   ][gc          ] Trigger: GC request (System.gc())
[36.852s][info   ][gc          ] GC(16) Concurrent reset 2.259ms
[36.852s][info   ][gc          ] GC(16) Pause Init Mark (unload classes) 0.055ms
[36.852s][info   ][gc          ] GC(16) Concurrent marking roots 0.100ms
[38.385s][info   ][gc          ] GC(16) Concurrent marking (unload classes) 1532.980ms
[38.385s][info   ][gc          ] GC(16) Pause Final Mark (unload classes) 0.201ms
[38.386s][info   ][gc          ] GC(16) Concurrent thread roots 0.067ms
[38.386s][info   ][gc          ] GC(16) Concurrent weak references 0.042ms
[38.386s][info   ][gc          ] GC(16) Concurrent weak roots 0.382ms
[38.386s][info   ][gc          ] GC(16) Concurrent cleanup 1641M->1641M(6144M) 0.104ms
[38.387s][info   ][gc          ] GC(16) Concurrent class unloading 0.812ms
[38.387s][info   ][gc          ] GC(16) Concurrent strong roots 0.058ms
[38.389s][info   ][gc          ] GC(16) Concurrent evacuation 2.082ms
[38.389s][info   ][gc          ] GC(16) Pause Init Update Refs 0.005ms
[38.389s][info   ][gc          ] GC(16) At start of update refs, moving 2048K to Mutator free partition from Collector Reserve
[39.557s][info   ][gc          ] GC(16) Concurrent update references 1167.727ms
[39.557s][info   ][gc          ] GC(16) Concurrent update thread roots 0.290ms
[39.557s][info   ][gc          ] GC(16) Pause Final Update Refs 0.097ms
[39.558s][info   ][gc          ] GC(16) Concurrent cleanup 1643M->1641M(6144M) 0.100ms
[39.558s][info   ][gc,metaspace] Metaspace: 11753K(12032K)->11753K(12032K) NonClass: 9724K(9856K)->9724K(9856K) Class: 2029K(2176K)->2029K(2176K)
[39.559s][info   ][gc          ] Trigger: GC request (System.gc())
[39.561s][info   ][gc          ] GC(17) Concurrent reset 2.101ms
[39.561s][info   ][gc          ] GC(17) Pause Init Mark (unload classes) 0.054ms
[39.561s][info   ][gc          ] GC(17) Concurrent marking roots 0.091ms
[41.100s][info   ][gc          ] GC(17) Concurrent marking (unload classes) 1539.230ms
[41.101s][info   ][gc          ] GC(17) Pause Final Mark (unload classes) 0.232ms
[41.101s][info   ][gc          ] GC(17) Concurrent thread roots 0.069ms
[41.101s][info   ][gc          ] GC(17) Concurrent weak references 0.056ms
[41.101s][info   ][gc          ] GC(17) Concurrent weak roots 0.392ms
[41.101s][info   ][gc          ] GC(17) Concurrent cleanup 1641M->1641M(6144M) 0.100ms
[41.102s][info   ][gc          ] GC(17) Concurrent class unloading 1.068ms
[41.103s][info   ][gc          ] GC(17) Concurrent strong roots 0.054ms
[41.106s][info   ][gc          ] GC(17) Concurrent evacuation 3.597ms
[41.106s][info   ][gc          ] GC(17) Pause Init Update Refs 0.006ms
[41.106s][info   ][gc          ] GC(17) At start of update refs, moving 2048K to Mutator free partition from Collector Reserve
[42.079s][info   ][gc          ] GC(17) Concurrent update references 973.179ms
[42.080s][info   ][gc          ] GC(17) Concurrent update thread roots 0.331ms
[42.084s][info   ][gc          ] GC(17) Pause Final Update Refs 0.106ms
[42.085s][info   ][gc          ] GC(17) Concurrent cleanup 1643M->1641M(6144M) 0.108ms
[42.085s][info   ][gc,metaspace] Metaspace: 11753K(12032K)->11753K(12032K) NonClass: 9724K(9856K)->9724K(9856K) Class: 2029K(2176K)->2029K(2176K)
[42.086s][info   ][gc          ] Trigger: GC request (System.gc())
[42.088s][info   ][gc          ] GC(18) Concurrent reset 2.406ms
[42.088s][info   ][gc          ] GC(18) Pause Init Mark (unload classes) 0.056ms
[42.088s][info   ][gc          ] GC(18) Concurrent marking roots 0.101ms
[43.575s][info   ][gc          ] GC(18) Concurrent marking (unload classes) 1486.084ms
[43.575s][info   ][gc          ] GC(18) Pause Final Mark (unload classes) 0.232ms
[43.575s][info   ][gc          ] GC(18) Concurrent thread roots 0.080ms
[43.575s][info   ][gc          ] GC(18) Concurrent weak references 0.045ms
[43.575s][info   ][gc          ] GC(18) Concurrent weak roots 0.391ms
[43.576s][info   ][gc          ] GC(18) Concurrent cleanup 1641M->1641M(6144M) 0.098ms
[43.576s][info   ][gc          ] GC(18) Concurrent class unloading 0.853ms
[43.576s][info   ][gc          ] GC(18) Concurrent strong roots 0.060ms
[43.579s][info   ][gc          ] GC(18) Concurrent evacuation 2.074ms
[43.579s][info   ][gc          ] GC(18) Pause Init Update Refs 0.006ms
[43.579s][info   ][gc          ] GC(18) At start of update refs, moving 2048K to Mutator free partition from Collector Reserve
[44.815s][info   ][gc          ] GC(18) Concurrent update references 1236.357ms
[44.815s][info   ][gc          ] GC(18) Concurrent update thread roots 0.288ms
[44.815s][info   ][gc          ] GC(18) Pause Final Update Refs 0.105ms
[44.816s][info   ][gc          ] GC(18) Concurrent cleanup 1643M->1641M(6144M) 0.101ms
[44.816s][info   ][gc,metaspace] Metaspace: 11753K(12032K)->11753K(12032K) NonClass: 9724K(9856K)->9724K(9856K) Class: 2029K(2176K)->2029K(2176K)
[44.817s][info   ][gc          ] Trigger: GC request (System.gc())
[44.819s][info   ][gc          ] GC(19) Concurrent reset 2.318ms
[44.819s][info   ][gc          ] GC(19) Pause Init Mark (unload classes) 0.061ms
[44.819s][info   ][gc          ] GC(19) Concurrent marking roots 0.092ms
[46.431s][info   ][gc          ] GC(19) Concurrent marking (unload classes) 1611.476ms
[46.431s][info   ][gc          ] GC(19) Pause Final Mark (unload classes) 0.222ms
[46.431s][info   ][gc          ] GC(19) Concurrent thread roots 0.068ms
[46.431s][info   ][gc          ] GC(19) Concurrent weak references 0.041ms
[46.432s][info   ][gc          ] GC(19) Concurrent weak roots 0.397ms
[46.432s][info   ][gc          ] GC(19) Concurrent cleanup 1641M->1641M(6144M) 0.098ms
[46.433s][info   ][gc          ] GC(19) Concurrent class unloading 0.780ms
[46.433s][info   ][gc          ] GC(19) Concurrent strong roots 0.057ms
[46.435s][info   ][gc          ] GC(19) Concurrent evacuation 2.056ms
[46.435s][info   ][gc          ] GC(19) Pause Init Update Refs 0.009ms
[46.435s][info   ][gc          ] GC(19) At start of update refs, moving 2048K to Mutator free partition from Collector Reserve
[47.641s][info   ][gc          ] GC(19) Concurrent update references 1206.120ms
[47.641s][info   ][gc          ] GC(19) Concurrent update thread roots 0.266ms
[47.642s][info   ][gc          ] GC(19) Pause Final Update Refs 0.110ms
[47.642s][info   ][gc          ] GC(19) Concurrent cleanup 1643M->1641M(6144M) 0.107ms
[47.642s][info   ][gc,metaspace] Metaspace: 11753K(12032K)->11753K(12032K) NonClass: 9724K(9856K)->9724K(9856K) Class: 2029K(2176K)->2029K(2176K)
[47.643s][info   ][gc          ] Trigger: GC request (System.gc())
[47.645s][info   ][gc          ] GC(20) Concurrent reset 2.239ms
[47.645s][info   ][gc          ] GC(20) Pause Init Mark (unload classes) 0.047ms
[47.645s][info   ][gc          ] GC(20) Concurrent marking roots 0.097ms
[49.216s][info   ][gc          ] GC(20) Concurrent marking (unload classes) 1570.881ms
[49.217s][info   ][gc          ] GC(20) Pause Final Mark (unload classes) 0.228ms
[49.217s][info   ][gc          ] GC(20) Concurrent thread roots 0.071ms
[49.217s][info   ][gc          ] GC(20) Concurrent weak references 0.036ms
[49.217s][info   ][gc          ] GC(20) Concurrent weak roots 0.391ms
[49.217s][info   ][gc          ] GC(20) Concurrent cleanup 1641M->1641M(6144M) 0.104ms
[49.218s][info   ][gc          ] GC(20) Concurrent class unloading 0.821ms
[49.218s][info   ][gc          ] GC(20) Concurrent strong roots 0.058ms
[49.220s][info   ][gc          ] GC(20) Concurrent evacuation 2.096ms
[49.220s][info   ][gc          ] GC(20) Pause Init Update Refs 0.007ms
[49.220s][info   ][gc          ] GC(20) At start of update refs, moving 2048K to Mutator free partition from Collector Reserve
[50.392s][info   ][gc          ] GC(20) Concurrent update references 1171.330ms
[50.392s][info   ][gc          ] GC(20) Concurrent update thread roots 0.317ms
[50.392s][info   ][gc          ] GC(20) Pause Final Update Refs 0.093ms
[50.392s][info   ][gc          ] GC(20) Concurrent cleanup 1643M->1641M(6144M) 0.107ms
[50.392s][info   ][gc,metaspace] Metaspace: 11753K(12032K)->11753K(12032K) NonClass: 9724K(9856K)->9724K(9856K) Class: 2029K(2176K)->2029K(2176K)
[50.394s][info   ][gc          ] Trigger: GC request (System.gc())
[50.396s][info   ][gc          ] GC(21) Concurrent reset 2.317ms
[50.396s][info   ][gc          ] GC(21) Pause Init Mark (unload classes) 0.050ms
[50.396s][info   ][gc          ] GC(21) Concurrent marking roots 0.096ms
[51.936s][info   ][gc          ] GC(21) Concurrent marking (unload classes) 1539.689ms
[51.936s][info   ][gc          ] GC(21) Pause Final Mark (unload classes) 0.263ms
[51.936s][info   ][gc          ] GC(21) Concurrent thread roots 0.063ms
[51.936s][info   ][gc          ] GC(21) Concurrent weak references 0.072ms
[51.937s][info   ][gc          ] GC(21) Concurrent weak roots 0.369ms
[51.937s][info   ][gc          ] GC(21) Concurrent cleanup 1641M->1641M(6144M) 0.099ms
[51.938s][info   ][gc          ] GC(21) Concurrent class unloading 0.969ms
[51.938s][info   ][gc          ] GC(21) Concurrent strong roots 0.052ms
[51.942s][info   ][gc          ] GC(21) Concurrent evacuation 3.665ms
[51.942s][info   ][gc          ] GC(21) Pause Init Update Refs 0.005ms
[51.942s][info   ][gc          ] GC(21) At start of update refs, moving 2048K to Mutator free partition from Collector Reserve
[52.916s][info   ][gc          ] GC(21) Concurrent update references 974.043ms
[52.916s][info   ][gc          ] GC(21) Concurrent update thread roots 0.375ms
[52.921s][info   ][gc          ] GC(21) Pause Final Update Refs 0.112ms
[52.921s][info   ][gc          ] GC(21) Concurrent cleanup 1643M->1641M(6144M) 0.107ms
[52.921s][info   ][gc,metaspace] Metaspace: 11753K(12032K)->11753K(12032K) NonClass: 9724K(9856K)->9724K(9856K) Class: 2029K(2176K)->2029K(2176K)
[52.922s][info   ][gc          ] Trigger: GC request (System.gc())
[52.924s][info   ][gc          ] GC(22) Concurrent reset 2.365ms
[52.924s][info   ][gc          ] GC(22) Pause Init Mark (unload classes) 0.055ms
[52.924s][info   ][gc          ] GC(22) Concurrent marking roots 0.112ms
[54.487s][info   ][gc          ] GC(22) Concurrent marking (unload classes) 1562.300ms
[54.487s][info   ][gc          ] GC(22) Pause Final Mark (unload classes) 0.238ms
[54.487s][info   ][gc          ] GC(22) Concurrent thread roots 0.083ms
[54.487s][info   ][gc          ] GC(22) Concurrent weak references 0.044ms
[54.488s][info   ][gc          ] GC(22) Concurrent weak roots 0.370ms
[54.488s][info   ][gc          ] GC(22) Concurrent cleanup 1641M->1641M(6144M) 0.098ms
[54.489s][info   ][gc          ] GC(22) Concurrent class unloading 0.861ms
[54.489s][info   ][gc          ] GC(22) Concurrent strong roots 0.055ms
[54.491s][info   ][gc          ] GC(22) Concurrent evacuation 2.063ms
[54.491s][info   ][gc          ] GC(22) Pause Init Update Refs 0.006ms
[54.491s][info   ][gc          ] GC(22) At start of update refs, moving 2048K to Mutator free partition from Collector Reserve
[55.697s][info   ][gc          ] GC(22) Concurrent update references 1205.980ms
[55.697s][info   ][gc          ] GC(22) Concurrent update thread roots 0.351ms
[55.698s][info   ][gc          ] GC(22) Pause Final Update Refs 0.120ms
[55.698s][info   ][gc          ] GC(22) Concurrent cleanup 1643M->1641M(6144M) 0.101ms
[55.698s][info   ][gc,metaspace] Metaspace: 11753K(12032K)->11753K(12032K) NonClass: 9724K(9856K)->9724K(9856K) Class: 2029K(2176K)->2029K(2176K)
[55.699s][info   ][gc          ] Trigger: GC request (System.gc())
[55.701s][info   ][gc          ] GC(23) Concurrent reset 2.117ms
[55.701s][info   ][gc          ] GC(23) Pause Init Mark (unload classes) 0.052ms
[55.701s][info   ][gc          ] GC(23) Concurrent marking roots 0.081ms
[57.562s][info   ][gc          ] GC(23) Concurrent marking (unload classes) 1861.141ms
[57.563s][info   ][gc          ] GC(23) Pause Final Mark (unload classes) 0.228ms
[57.563s][info   ][gc          ] GC(23) Concurrent thread roots 0.067ms
[57.563s][info   ][gc          ] GC(23) Concurrent weak references 0.043ms
[57.563s][info   ][gc          ] GC(23) Concurrent weak roots 0.389ms
[57.563s][info   ][gc          ] GC(23) Concurrent cleanup 1641M->1641M(6144M) 0.099ms
[57.564s][info   ][gc          ] GC(23) Concurrent class unloading 0.801ms
[57.564s][info   ][gc          ] GC(23) Concurrent strong roots 0.054ms
[57.566s][info   ][gc          ] GC(23) Concurrent evacuation 2.074ms
[57.567s][info   ][gc          ] GC(23) Pause Init Update Refs 0.006ms
[57.567s][info   ][gc          ] GC(23) At start of update refs, moving 2048K to Mutator free partition from Collector Reserve
[58.797s][info   ][gc          ] GC(23) Concurrent update references 1230.021ms
[58.797s][info   ][gc          ] GC(23) Concurrent update thread roots 0.277ms
[58.797s][info   ][gc          ] GC(23) Pause Final Update Refs 0.113ms
[58.797s][info   ][gc          ] GC(23) Concurrent cleanup 1643M->1641M(6144M) 0.102ms
[58.797s][info   ][gc,metaspace] Metaspace: 11753K(12032K)->11753K(12032K) NonClass: 9724K(9856K)->9724K(9856K) Class: 2029K(2176K)->2029K(2176K)
[58.798s][info   ][gc          ] Trigger: GC request (System.gc())
[58.801s][info   ][gc          ] GC(24) Concurrent reset 2.133ms
[58.801s][info   ][gc          ] GC(24) Pause Init Mark (unload classes) 0.057ms
[58.801s][info   ][gc          ] GC(24) Concurrent marking roots 0.097ms
[60.371s][info   ][gc          ] GC(24) Concurrent marking (unload classes) 1570.089ms
[60.371s][info   ][gc          ] GC(24) Pause Final Mark (unload classes) 0.236ms
[60.371s][info   ][gc          ] GC(24) Concurrent thread roots 0.071ms
[60.371s][info   ][gc          ] GC(24) Concurrent weak references 0.043ms
[60.372s][info   ][gc          ] GC(24) Concurrent weak roots 0.386ms
[60.372s][info   ][gc          ] GC(24) Concurrent cleanup 1641M->1641M(6144M) 0.120ms
[60.373s][info   ][gc          ] GC(24) Concurrent class unloading 0.832ms
[60.373s][info   ][gc          ] GC(24) Concurrent strong roots 0.053ms
[60.375s][info   ][gc          ] GC(24) Concurrent evacuation 2.070ms
[60.375s][info   ][gc          ] GC(24) Pause Init Update Refs 0.007ms
[60.375s][info   ][gc          ] GC(24) At start of update refs, moving 2048K to Mutator free partition from Collector Reserve
[61.583s][info   ][gc          ] GC(24) Concurrent update references 1207.579ms
[61.583s][info   ][gc          ] GC(24) Concurrent update thread roots 0.289ms
[61.583s][info   ][gc          ] GC(24) Pause Final Update Refs 0.117ms
[61.583s][info   ][gc          ] GC(24) Concurrent cleanup 1645M->1643M(6144M) 0.102ms
[61.584s][info   ][gc,metaspace] Metaspace: 11753K(12032K)->11753K(12032K) NonClass: 9724K(9856K)->9724K(9856K) Class: 2029K(2176K)->2029K(2176K)
[61.585s][info   ][gc          ] Trigger: GC request (System.gc())
[61.587s][info   ][gc          ] GC(25) Concurrent reset 2.280ms
[61.587s][info   ][gc          ] GC(25) Pause Init Mark (unload classes) 0.054ms
[61.587s][info   ][gc          ] GC(25) Concurrent marking roots 0.084ms
[63.123s][info   ][gc          ] GC(25) Concurrent marking (unload classes) 1536.044ms
[63.175s][info   ][gc          ] GC(25) Pause Final Mark (unload classes) 51.628ms
[63.175s][info   ][gc          ] GC(25) Concurrent thread roots 0.070ms
[63.175s][info   ][gc          ] GC(25) Concurrent weak references 0.049ms
[63.175s][info   ][gc          ] GC(25) Concurrent weak roots 0.424ms
[63.176s][info   ][gc          ] GC(25) Concurrent cleanup 1643M->1643M(6144M) 0.099ms
[63.176s][info   ][gc          ] GC(25) Concurrent class unloading 0.888ms
[63.177s][info   ][gc          ] GC(25) Concurrent strong roots 0.055ms
[63.179s][info   ][gc          ] GC(25) Concurrent evacuation 2.236ms
[63.179s][info   ][gc          ] GC(25) Pause Init Update Refs 0.006ms
[63.179s][info   ][gc          ] GC(25) At start of update refs, moving 4096K to Mutator free partition from Collector Reserve
[64.355s][info   ][gc          ] GC(25) Concurrent update references 1175.921ms
[64.355s][info   ][gc          ] GC(25) Concurrent update thread roots 0.246ms
[64.355s][info   ][gc          ] GC(25) Pause Final Update Refs 0.116ms
[64.355s][info   ][gc          ] GC(25) Concurrent cleanup 1645M->1642M(6144M) 0.107ms
[64.356s][info   ][gc,metaspace] Metaspace: 11753K(12032K)->11753K(12032K) NonClass: 9724K(9856K)->9724K(9856K) Class: 2029K(2176K)->2029K(2176K)
[64.357s][info   ][gc          ] Trigger: GC request (System.gc())
[64.359s][info   ][gc          ] GC(26) Concurrent reset 2.076ms
[64.359s][info   ][gc          ] GC(26) Pause Init Mark (unload classes) 0.048ms
[64.359s][info   ][gc          ] GC(26) Concurrent marking roots 0.103ms
[65.961s][info   ][gc          ] GC(26) Concurrent marking (unload classes) 1601.813ms
[65.961s][info   ][gc          ] GC(26) Pause Final Mark (unload classes) 0.188ms
[65.961s][info   ][gc          ] GC(26) Concurrent thread roots 0.073ms
[65.961s][info   ][gc          ] GC(26) Concurrent weak references 0.040ms
[65.962s][info   ][gc          ] GC(26) Concurrent weak roots 0.367ms
[65.962s][info   ][gc          ] GC(26) Concurrent cleanup 1642M->1642M(6144M) 0.099ms
[65.963s][info   ][gc          ] GC(26) Concurrent class unloading 0.798ms
[65.963s][info   ][gc          ] GC(26) Concurrent strong roots 0.058ms
[65.965s][info   ][gc          ] GC(26) Concurrent evacuation 2.087ms
[65.965s][info   ][gc          ] GC(26) Pause Init Update Refs 0.005ms
[65.965s][info   ][gc          ] GC(26) At start of update refs, moving 2048K to Mutator free partition from Collector Reserve
[66.916s][info   ][gc          ] GC(26) Concurrent update references 951.618ms
[66.917s][info   ][gc          ] GC(26) Concurrent update thread roots 0.243ms
[66.917s][info   ][gc          ] GC(26) Pause Final Update Refs 0.083ms
[66.917s][info   ][gc          ] GC(26) Concurrent cleanup 1644M->1642M(6144M) 0.108ms
[66.917s][info   ][gc,metaspace] Metaspace: 11753K(12032K)->11753K(12032K) NonClass: 9724K(9856K)->9724K(9856K) Class: 2029K(2176K)->2029K(2176K)
[66.918s][info   ][gc          ] Trigger: GC request (System.gc())
[66.920s][info   ][gc          ] GC(27) Concurrent reset 2.282ms
[66.920s][info   ][gc          ] GC(27) Pause Init Mark (unload classes) 0.048ms
[66.921s][info   ][gc          ] GC(27) Concurrent marking roots 0.107ms
[68.440s][info   ][gc          ] GC(27) Concurrent marking (unload classes) 1519.073ms
[68.440s][info   ][gc          ] GC(27) Pause Final Mark (unload classes) 0.247ms
[68.440s][info   ][gc          ] GC(27) Concurrent thread roots 0.073ms
[68.440s][info   ][gc          ] GC(27) Concurrent weak references 0.040ms
[68.441s][info   ][gc          ] GC(27) Concurrent weak roots 0.394ms
[68.441s][info   ][gc          ] GC(27) Concurrent cleanup 1642M->1642M(6144M) 0.099ms
[68.442s][info   ][gc          ] GC(27) Concurrent class unloading 0.818ms
[68.442s][info   ][gc          ] GC(27) Concurrent strong roots 0.056ms
[68.444s][info   ][gc          ] GC(27) Concurrent evacuation 2.075ms
[68.444s][info   ][gc          ] GC(27) Pause Init Update Refs 0.006ms
[68.444s][info   ][gc          ] GC(27) At start of update refs, moving 2048K to Mutator free partition from Collector Reserve
[69.657s][info   ][gc          ] GC(27) Concurrent update references 1213.055ms
[69.657s][info   ][gc          ] GC(27) Concurrent update thread roots 0.358ms
[69.662s][info   ][gc          ] GC(27) Pause Final Update Refs 0.113ms
[69.662s][info   ][gc          ] GC(27) Concurrent cleanup 1644M->1642M(6144M) 0.107ms
[69.662s][info   ][gc,metaspace] Metaspace: 11753K(12032K)->11753K(12032K) NonClass: 9724K(9856K)->9724K(9856K) Class: 2029K(2176K)->2029K(2176K)
[69.663s][info   ][gc          ] Trigger: GC request (System.gc())
[69.665s][info   ][gc          ] GC(28) Concurrent reset 2.243ms
[69.666s][info   ][gc          ] GC(28) Pause Init Mark (unload classes) 0.048ms
[69.666s][info   ][gc          ] GC(28) Concurrent marking roots 0.087ms
[71.519s][info   ][gc          ] GC(28) Concurrent marking (unload classes) 1853.131ms
[71.519s][info   ][gc          ] GC(28) Pause Final Mark (unload classes) 0.186ms
[71.519s][info   ][gc          ] GC(28) Concurrent thread roots 0.085ms
[71.519s][info   ][gc          ] GC(28) Concurrent weak references 0.039ms
[71.520s][info   ][gc          ] GC(28) Concurrent weak roots 0.377ms
[71.520s][info   ][gc          ] GC(28) Concurrent cleanup 1642M->1642M(6144M) 0.099ms
[71.521s][info   ][gc          ] GC(28) Concurrent class unloading 0.842ms
[71.521s][info   ][gc          ] GC(28) Concurrent strong roots 0.056ms
[71.523s][info   ][gc          ] GC(28) Concurrent evacuation 2.048ms
[71.523s][info   ][gc          ] GC(28) Pause Init Update Refs 0.005ms
[71.523s][info   ][gc          ] GC(28) At start of update refs, moving 2048K to Mutator free partition from Collector Reserve
[72.733s][info   ][gc          ] GC(28) Concurrent update references 1210.386ms
[72.734s][info   ][gc          ] GC(28) Concurrent update thread roots 0.336ms
[72.734s][info   ][gc          ] GC(28) Pause Final Update Refs 0.111ms
[72.734s][info   ][gc          ] GC(28) Concurrent cleanup 1644M->1642M(6144M) 0.107ms
[72.734s][info   ][gc,metaspace] Metaspace: 11753K(12032K)->11753K(12032K) NonClass: 9724K(9856K)->9724K(9856K) Class: 2029K(2176K)->2029K(2176K)
[72.735s][info   ][gc          ] Trigger: GC request (System.gc())
[72.738s][info   ][gc          ] GC(29) Concurrent reset 2.352ms
[72.738s][info   ][gc          ] GC(29) Pause Init Mark (unload classes) 0.047ms
[72.738s][info   ][gc          ] GC(29) Concurrent marking roots 0.116ms
[74.296s][info   ][gc          ] GC(29) Concurrent marking (unload classes) 1557.590ms
[74.296s][info   ][gc          ] GC(29) Pause Final Mark (unload classes) 0.229ms
[74.296s][info   ][gc          ] GC(29) Concurrent thread roots 0.088ms
[74.296s][info   ][gc          ] GC(29) Concurrent weak references 0.040ms
[74.296s][info   ][gc          ] GC(29) Concurrent weak roots 0.399ms
[74.297s][info   ][gc          ] GC(29) Concurrent cleanup 1642M->1642M(6144M) 0.099ms
[74.297s][info   ][gc          ] GC(29) Concurrent class unloading 0.849ms
[74.297s][info   ][gc          ] GC(29) Concurrent strong roots 0.056ms
[74.300s][info   ][gc          ] GC(29) Concurrent evacuation 2.056ms
[74.300s][info   ][gc          ] GC(29) Pause Init Update Refs 0.007ms
[74.300s][info   ][gc          ] GC(29) At start of update refs, moving 2048K to Mutator free partition from Collector Reserve
[75.513s][info   ][gc          ] GC(29) Concurrent update references 1213.378ms
[75.513s][info   ][gc          ] GC(29) Concurrent update thread roots 0.288ms
[75.514s][info   ][gc          ] GC(29) Pause Final Update Refs 0.114ms
[75.514s][info   ][gc          ] GC(29) Concurrent cleanup 1644M->1642M(6144M) 0.101ms
[75.514s][info   ][gc,metaspace] Metaspace: 11753K(12032K)->11753K(12032K) NonClass: 9724K(9856K)->9724K(9856K) Class: 2029K(2176K)->2029K(2176K)
[75.515s][info   ][gc          ] Trigger: GC request (System.gc())
[75.517s][info   ][gc          ] GC(30) Concurrent reset 2.461ms
[75.518s][info   ][gc          ] GC(30) Pause Init Mark (unload classes) 0.064ms
[75.518s][info   ][gc          ] GC(30) Concurrent marking roots 0.101ms
[77.072s][info   ][gc          ] GC(30) Concurrent marking (unload classes) 1554.648ms
[77.073s][info   ][gc          ] GC(30) Pause Final Mark (unload classes) 0.255ms
[77.073s][info   ][gc          ] GC(30) Concurrent thread roots 0.073ms
[77.073s][info   ][gc          ] GC(30) Concurrent weak references 0.042ms
[77.073s][info   ][gc          ] GC(30) Concurrent weak roots 0.323ms
[77.073s][info   ][gc          ] GC(30) Concurrent cleanup 1642M->1642M(6144M) 0.098ms
[77.074s][info   ][gc          ] GC(30) Concurrent class unloading 0.866ms
[77.074s][info   ][gc          ] GC(30) Concurrent strong roots 0.058ms
[77.076s][info   ][gc          ] GC(30) Concurrent evacuation 2.085ms
[77.076s][info   ][gc          ] GC(30) Pause Init Update Refs 0.007ms
[77.076s][info   ][gc          ] GC(30) At start of update refs, moving 2048K to Mutator free partition from Collector Reserve
[78.299s][info   ][gc          ] GC(30) Concurrent update references 1222.534ms
[78.299s][info   ][gc          ] GC(30) Concurrent update thread roots 0.262ms
[78.299s][info   ][gc          ] GC(30) Pause Final Update Refs 0.109ms
[78.300s][info   ][gc          ] GC(30) Concurrent cleanup 1644M->1642M(6144M) 0.102ms
[78.300s][info   ][gc,metaspace] Metaspace: 11753K(12032K)->11753K(12032K) NonClass: 9724K(9856K)->9724K(9856K) Class: 2029K(2176K)->2029K(2176K)
[78.301s][info   ][gc          ] Trigger: GC request (System.gc())
[78.303s][info   ][gc          ] GC(31) Concurrent reset 2.183ms
[78.303s][info   ][gc          ] GC(31) Pause Init Mark (unload classes) 0.046ms
[78.303s][info   ][gc          ] GC(31) Concurrent marking roots 0.090ms
[79.840s][info   ][gc          ] GC(31) Concurrent marking (unload classes) 1536.616ms
[79.840s][info   ][gc          ] GC(31) Pause Final Mark (unload classes) 0.284ms
[79.840s][info   ][gc          ] GC(31) Concurrent thread roots 0.071ms
[79.840s][info   ][gc          ] GC(31) Concurrent weak references 0.055ms
[79.841s][info   ][gc          ] GC(31) Concurrent weak roots 0.393ms
[79.841s][info   ][gc          ] GC(31) Concurrent cleanup 1642M->1642M(6144M) 0.098ms
[79.842s][info   ][gc          ] GC(31) Concurrent class unloading 1.015ms
[79.842s][info   ][gc          ] GC(31) Concurrent strong roots 0.058ms
[79.846s][info   ][gc          ] GC(31) Concurrent evacuation 3.657ms
[79.846s][info   ][gc          ] GC(31) Pause Init Update Refs 0.007ms
[79.846s][info   ][gc          ] GC(31) At start of update refs, moving 2048K to Mutator free partition from Collector Reserve
[80.820s][info   ][gc          ] GC(31) Concurrent update references 973.696ms
[80.820s][info   ][gc          ] GC(31) Concurrent update thread roots 0.410ms
[80.824s][info   ][gc          ] GC(31) Pause Final Update Refs 0.086ms
[80.825s][info   ][gc          ] GC(31) Concurrent cleanup 1644M->1642M(6144M) 0.101ms
[80.825s][info   ][gc,metaspace] Metaspace: 11753K(12032K)->11753K(12032K) NonClass: 9724K(9856K)->9724K(9856K) Class: 2029K(2176K)->2029K(2176K)
[80.826s][info   ][gc          ] Trigger: GC request (System.gc())
[80.828s][info   ][gc          ] GC(32) Concurrent reset 2.272ms
[80.828s][info   ][gc          ] GC(32) Pause Init Mark (unload classes) 0.057ms
[80.828s][info   ][gc          ] GC(32) Concurrent marking roots 0.099ms
[82.467s][info   ][gc          ] GC(32) Concurrent marking (unload classes) 1638.711ms
[82.467s][info   ][gc          ] GC(32) Pause Final Mark (unload classes) 0.251ms
[82.467s][info   ][gc          ] GC(32) Concurrent thread roots 0.073ms
[82.467s][info   ][gc          ] GC(32) Concurrent weak references 0.042ms
[82.468s][info   ][gc          ] GC(32) Concurrent weak roots 0.404ms
[82.468s][info   ][gc          ] GC(32) Concurrent cleanup 1642M->1642M(6144M) 0.120ms
[82.469s][info   ][gc          ] GC(32) Concurrent class unloading 0.858ms
[82.469s][info   ][gc          ] GC(32) Concurrent strong roots 0.060ms
[82.471s][info   ][gc          ] GC(32) Concurrent evacuation 2.075ms
[82.471s][info   ][gc          ] GC(32) Pause Init Update Refs 0.007ms
[82.471s][info   ][gc          ] GC(32) At start of update refs, moving 2048K to Mutator free partition from Collector Reserve
[83.677s][info   ][gc          ] GC(32) Concurrent update references 1205.583ms
[83.677s][info   ][gc          ] GC(32) Concurrent update thread roots 0.288ms
[83.677s][info   ][gc          ] GC(32) Pause Final Update Refs 0.116ms
[83.677s][info   ][gc          ] GC(32) Concurrent cleanup 1644M->1642M(6144M) 0.108ms
[83.678s][info   ][gc,metaspace] Metaspace: 11753K(12032K)->11753K(12032K) NonClass: 9724K(9856K)->9724K(9856K) Class: 2029K(2176K)->2029K(2176K)
[83.679s][info   ][gc          ] Trigger: GC request (System.gc())
[83.681s][info   ][gc          ] GC(33) Concurrent reset 2.265ms
[83.681s][info   ][gc          ] GC(33) Pause Init Mark (unload classes) 0.046ms
[83.681s][info   ][gc          ] GC(33) Concurrent marking roots 0.084ms
[85.550s][info   ][gc          ] GC(33) Concurrent marking (unload classes) 1868.906ms
[85.550s][info   ][gc          ] GC(33) Pause Final Mark (unload classes) 0.225ms
[85.550s][info   ][gc          ] GC(33) Concurrent thread roots 0.060ms
[85.551s][info   ][gc          ] GC(33) Concurrent weak references 0.042ms
[85.551s][info   ][gc          ] GC(33) Concurrent weak roots 0.378ms
[85.551s][info   ][gc          ] GC(33) Concurrent cleanup 1642M->1642M(6144M) 0.105ms
[85.552s][info   ][gc          ] GC(33) Concurrent class unloading 0.819ms
[85.552s][info   ][gc          ] GC(33) Concurrent strong roots 0.072ms
[85.554s][info   ][gc          ] GC(33) Concurrent evacuation 2.048ms
[85.554s][info   ][gc          ] GC(33) Pause Init Update Refs 0.007ms
[85.554s][info   ][gc          ] GC(33) At start of update refs, moving 2048K to Mutator free partition from Collector Reserve
[86.506s][info   ][gc          ] GC(33) Concurrent update references 951.621ms
[86.506s][info   ][gc          ] GC(33) Concurrent update thread roots 0.274ms
[86.506s][info   ][gc          ] GC(33) Pause Final Update Refs 0.106ms
[86.506s][info   ][gc          ] GC(33) Concurrent cleanup 1644M->1642M(6144M) 0.102ms
[86.507s][info   ][gc,metaspace] Metaspace: 11753K(12032K)->11753K(12032K) NonClass: 9724K(9856K)->9724K(9856K) Class: 2029K(2176K)->2029K(2176K)
[86.508s][info   ][gc          ] Trigger: GC request (System.gc())
[86.510s][info   ][gc          ] GC(34) Concurrent reset 2.303ms
[86.510s][info   ][gc          ] GC(34) Pause Init Mark (unload classes) 0.051ms
[86.510s][info   ][gc          ] GC(34) Concurrent marking roots 0.095ms
[88.049s][info   ][gc          ] GC(34) Concurrent marking (unload classes) 1539.053ms
[88.050s][info   ][gc          ] GC(34) Pause Final Mark (unload classes) 0.238ms
[88.050s][info   ][gc          ] GC(34) Concurrent thread roots 0.089ms
[88.050s][info   ][gc          ] GC(34) Concurrent weak references 0.045ms
[88.050s][info   ][gc          ] GC(34) Concurrent weak roots 0.389ms
[88.050s][info   ][gc          ] GC(34) Concurrent cleanup 1642M->1642M(6144M) 0.098ms
[88.051s][info   ][gc          ] GC(34) Concurrent class unloading 0.839ms
[88.051s][info   ][gc          ] GC(34) Concurrent strong roots 0.057ms
[88.053s][info   ][gc          ] GC(34) Concurrent evacuation 2.092ms
[88.053s][info   ][gc          ] GC(34) Pause Init Update Refs 0.007ms
[88.053s][info   ][gc          ] GC(34) At start of update refs, moving 2048K to Mutator free partition from Collector Reserve
[89.287s][info   ][gc          ] GC(34) Concurrent update references 1233.148ms
[89.287s][info   ][gc          ] GC(34) Concurrent update thread roots 0.251ms
[89.287s][info   ][gc          ] GC(34) Pause Final Update Refs 0.097ms
[89.287s][info   ][gc          ] GC(34) Concurrent cleanup 1644M->1642M(6144M) 0.101ms
[89.287s][info   ][gc,metaspace] Metaspace: 11753K(12032K)->11753K(12032K) NonClass: 9724K(9856K)->9724K(9856K) Class: 2029K(2176K)->2029K(2176K)
[89.288s][info   ][gc          ] Trigger: GC request (System.gc())
[89.291s][info   ][gc          ] GC(35) Concurrent reset 2.293ms
[89.291s][info   ][gc          ] GC(35) Pause Init Mark (unload classes) 0.042ms
[89.291s][info   ][gc          ] GC(35) Concurrent marking roots 0.075ms
[91.018s][info   ][gc          ] GC(35) Concurrent marking (unload classes) 1727.579ms
[91.019s][info   ][gc          ] GC(35) Pause Final Mark (unload classes) 0.252ms
[91.019s][info   ][gc          ] GC(35) Concurrent thread roots 0.072ms
[91.019s][info   ][gc          ] GC(35) Concurrent weak references 0.043ms
[91.019s][info   ][gc          ] GC(35) Concurrent weak roots 0.364ms
[91.019s][info   ][gc          ] GC(35) Concurrent cleanup 1642M->1642M(6144M) 0.098ms
[91.020s][info   ][gc          ] GC(35) Concurrent class unloading 0.866ms
[91.020s][info   ][gc          ] GC(35) Concurrent strong roots 0.062ms
[91.022s][info   ][gc          ] GC(35) Concurrent evacuation 2.074ms
[91.023s][info   ][gc          ] GC(35) Pause Init Update Refs 0.007ms
[91.023s][info   ][gc          ] GC(35) At start of update refs, moving 2048K to Mutator free partition from Collector Reserve
[92.257s][info   ][gc          ] GC(35) Concurrent update references 1234.862ms
[92.258s][info   ][gc          ] GC(35) Concurrent update thread roots 0.189ms
[92.258s][info   ][gc          ] GC(35) Pause Final Update Refs 0.110ms
[92.258s][info   ][gc          ] GC(35) Concurrent cleanup 1644M->1642M(6144M) 0.102ms
[92.258s][info   ][gc,metaspace] Metaspace: 11753K(12032K)->11753K(12032K) NonClass: 9724K(9856K)->9724K(9856K) Class: 2029K(2176K)->2029K(2176K)
[92.259s][info   ][gc          ] Trigger: GC request (System.gc())
[92.261s][info   ][gc          ] GC(36) Concurrent reset 2.192ms
[92.261s][info   ][gc          ] GC(36) Pause Init Mark (unload classes) 0.047ms
[92.262s][info   ][gc          ] GC(36) Concurrent marking roots 0.089ms
[93.997s][info   ][gc          ] GC(36) Concurrent marking (unload classes) 1735.872ms
[93.998s][info   ][gc          ] GC(36) Pause Final Mark (unload classes) 0.221ms
[93.998s][info   ][gc          ] GC(36) Concurrent thread roots 0.066ms
[93.998s][info   ][gc          ] GC(36) Concurrent weak references 0.071ms
[93.998s][info   ][gc          ] GC(36) Concurrent weak roots 0.377ms
[93.998s][info   ][gc          ] GC(36) Concurrent cleanup 1642M->1642M(6144M) 0.098ms
[94.000s][info   ][gc          ] GC(36) Concurrent class unloading 1.075ms
[94.000s][info   ][gc          ] GC(36) Concurrent strong roots 0.055ms
[94.003s][info   ][gc          ] GC(36) Concurrent evacuation 3.641ms
[94.003s][info   ][gc          ] GC(36) Pause Init Update Refs 0.007ms
[94.003s][info   ][gc          ] GC(36) At start of update refs, moving 2048K to Mutator free partition from Collector Reserve
[94.978s][info   ][gc          ] GC(36) Concurrent update references 974.060ms
[94.978s][info   ][gc          ] GC(36) Concurrent update thread roots 0.199ms
[94.978s][info   ][gc          ] GC(36) Pause Final Update Refs 0.104ms
[94.978s][info   ][gc          ] GC(36) Concurrent cleanup 1644M->1642M(6144M) 0.101ms
[94.978s][info   ][gc,metaspace] Metaspace: 11753K(12032K)->11753K(12032K) NonClass: 9724K(9856K)->9724K(9856K) Class: 2029K(2176K)->2029K(2176K)
[94.979s][info   ][gc          ] Trigger: GC request (System.gc())
[94.982s][info   ][gc          ] GC(37) Concurrent reset 2.453ms
[94.982s][info   ][gc          ] GC(37) Pause Init Mark (unload classes) 0.058ms
[94.982s][info   ][gc          ] GC(37) Concurrent marking roots 0.092ms
[96.494s][info   ][gc          ] GC(37) Concurrent marking (unload classes) 1512.193ms
[96.494s][info   ][gc          ] GC(37) Pause Final Mark (unload classes) 0.234ms
[96.495s][info   ][gc          ] GC(37) Concurrent thread roots 0.075ms
[96.495s][info   ][gc          ] GC(37) Concurrent weak references 0.043ms
[96.495s][info   ][gc          ] GC(37) Concurrent weak roots 0.360ms
[96.495s][info   ][gc          ] GC(37) Concurrent cleanup 1642M->1642M(6144M) 0.098ms
[96.496s][info   ][gc          ] GC(37) Concurrent class unloading 0.870ms
[96.496s][info   ][gc          ] GC(37) Concurrent strong roots 0.058ms
[96.498s][info   ][gc          ] GC(37) Concurrent evacuation 2.076ms
[96.498s][info   ][gc          ] GC(37) Pause Init Update Refs 0.006ms
[96.498s][info   ][gc          ] GC(37) At start of update refs, moving 2048K to Mutator free partition from Collector Reserve
[97.705s][info   ][gc          ] GC(37) Concurrent update references 1206.966ms
[97.706s][info   ][gc          ] GC(37) Concurrent update thread roots 0.318ms
[97.710s][info   ][gc          ] GC(37) Pause Final Update Refs 0.085ms
[97.710s][info   ][gc          ] GC(37) Concurrent cleanup 1644M->1642M(6144M) 0.107ms
[97.710s][info   ][gc,metaspace] Metaspace: 11753K(12032K)->11753K(12032K) NonClass: 9724K(9856K)->9724K(9856K) Class: 2029K(2176K)->2029K(2176K)
[97.711s][info   ][gc          ] Trigger: GC request (System.gc())
[97.714s][info   ][gc          ] GC(38) Concurrent reset 2.261ms
[97.714s][info   ][gc          ] GC(38) Pause Init Mark (unload classes) 0.059ms
[97.714s][info   ][gc          ] GC(38) Concurrent marking roots 0.103ms
[99.387s][info   ][gc          ] GC(38) Concurrent marking (unload classes) 1673.306ms
[99.388s][info   ][gc          ] GC(38) Pause Final Mark (unload classes) 0.240ms
[99.388s][info   ][gc          ] GC(38) Concurrent thread roots 0.072ms
[99.388s][info   ][gc          ] GC(38) Concurrent weak references 0.046ms
[99.388s][info   ][gc          ] GC(38) Concurrent weak roots 0.410ms
[99.388s][info   ][gc          ] GC(38) Concurrent cleanup 1642M->1642M(6144M) 0.098ms
[99.389s][info   ][gc          ] GC(38) Concurrent class unloading 0.824ms
[99.389s][info   ][gc          ] GC(38) Concurrent strong roots 0.057ms
[99.392s][info   ][gc          ] GC(38) Concurrent evacuation 2.234ms
[99.392s][info   ][gc          ] GC(38) Pause Init Update Refs 0.007ms
[99.392s][info   ][gc          ] GC(38) At start of update refs, moving 2048K to Mutator free partition from Collector Reserve
[100.626s][info   ][gc          ] GC(38) Concurrent update references 1234.789ms
[100.627s][info   ][gc          ] GC(38) Concurrent update thread roots 0.239ms
[100.627s][info   ][gc          ] GC(38) Pause Final Update Refs 0.086ms
[100.627s][info   ][gc          ] GC(38) Concurrent cleanup 1644M->1642M(6144M) 0.101ms
[100.627s][info   ][gc,metaspace] Metaspace: 11753K(12032K)->11753K(12032K) NonClass: 9724K(9856K)->9724K(9856K) Class: 2029K(2176K)->2029K(2176K)
[100.628s][info   ][gc          ] Trigger: GC request (System.gc())
[100.630s][info   ][gc          ] GC(39) Concurrent reset 2.256ms
[100.631s][info   ][gc          ] GC(39) Pause Init Mark (unload classes) 0.052ms
[100.631s][info   ][gc          ] GC(39) Concurrent marking roots 0.097ms
[102.245s][info   ][gc          ] GC(39) Concurrent marking (unload classes) 1614.578ms
[102.246s][info   ][gc          ] GC(39) Pause Final Mark (unload classes) 0.227ms
[102.246s][info   ][gc          ] GC(39) Concurrent thread roots 0.074ms
[102.246s][info   ][gc          ] GC(39) Concurrent weak references 0.040ms
[102.246s][info   ][gc          ] GC(39) Concurrent weak roots 0.360ms
[102.246s][info   ][gc          ] GC(39) Concurrent cleanup 1642M->1642M(6144M) 0.098ms
[102.247s][info   ][gc          ] GC(39) Concurrent class unloading 0.838ms
[102.247s][info   ][gc          ] GC(39) Concurrent strong roots 0.059ms
[102.249s][info   ][gc          ] GC(39) Concurrent evacuation 2.206ms
[102.249s][info   ][gc          ] GC(39) Pause Init Update Refs 0.006ms
[102.249s][info   ][gc          ] GC(39) At start of update refs, moving 2048K to Mutator free partition from Collector Reserve
[103.457s][info   ][gc          ] GC(39) Concurrent update references 1207.711ms
[103.457s][info   ][gc          ] GC(39) Concurrent update thread roots 0.249ms
[103.458s][info   ][gc          ] GC(39) Pause Final Update Refs 0.099ms
[103.458s][info   ][gc          ] GC(39) Concurrent cleanup 1644M->1642M(6144M) 0.101ms
[103.458s][info   ][gc,metaspace] Metaspace: 11753K(12032K)->11753K(12032K) NonClass: 9724K(9856K)->9724K(9856K) Class: 2029K(2176K)->2029K(2176K)
[103.459s][info   ][gc          ] Trigger: GC request (System.gc())
[103.461s][info   ][gc          ] GC(40) Concurrent reset 2.127ms
[103.461s][info   ][gc          ] GC(40) Pause Init Mark (unload classes) 0.051ms
[103.461s][info   ][gc          ] GC(40) Concurrent marking roots 0.109ms
[105.194s][info   ][gc          ] GC(40) Concurrent marking (unload classes) 1733.083ms
[105.195s][info   ][gc          ] GC(40) Pause Final Mark (unload classes) 0.249ms
[105.195s][info   ][gc          ] GC(40) Concurrent thread roots 0.085ms
[105.195s][info   ][gc          ] GC(40) Concurrent weak references 0.043ms
[105.195s][info   ][gc          ] GC(40) Concurrent weak roots 0.395ms
[105.195s][info   ][gc          ] GC(40) Concurrent cleanup 1642M->1642M(6144M) 0.099ms
[105.196s][info   ][gc          ] GC(40) Concurrent class unloading 0.838ms
[105.196s][info   ][gc          ] GC(40) Concurrent strong roots 0.055ms
[105.200s][info   ][gc          ] GC(40) Concurrent evacuation 3.137ms
[105.200s][info   ][gc          ] GC(40) Pause Init Update Refs 0.006ms
[105.200s][info   ][gc          ] GC(40) At start of update refs, moving 2048K to Mutator free partition from Collector Reserve
[106.381s][info   ][gc          ] GC(40) Concurrent update references 1181.109ms
[106.381s][info   ][gc          ] GC(40) Concurrent update thread roots 0.325ms
[106.381s][info   ][gc          ] GC(40) Pause Final Update Refs 0.110ms
[106.382s][info   ][gc          ] GC(40) Concurrent cleanup 1644M->1642M(6144M) 0.107ms
[106.382s][info   ][gc,metaspace] Metaspace: 11753K(12032K)->11753K(12032K) NonClass: 9724K(9856K)->9724K(9856K) Class: 2029K(2176K)->2029K(2176K)
[106.383s][info   ][gc          ] Trigger: GC request (System.gc())
[106.385s][info   ][gc          ] GC(41) Concurrent reset 2.286ms
[106.385s][info   ][gc          ] GC(41) Pause Init Mark (unload classes) 0.048ms
[106.385s][info   ][gc          ] GC(41) Concurrent marking roots 0.103ms
[108.237s][info   ][gc          ] GC(41) Concurrent marking (unload classes) 1851.965ms
[108.238s][info   ][gc          ] GC(41) Pause Final Mark (unload classes) 0.258ms
[108.238s][info   ][gc          ] GC(41) Concurrent thread roots 0.085ms
[108.238s][info   ][gc          ] GC(41) Concurrent weak references 0.039ms
[108.238s][info   ][gc          ] GC(41) Concurrent weak roots 0.399ms
[108.238s][info   ][gc          ] GC(41) Concurrent cleanup 1642M->1642M(6144M) 0.099ms
[108.239s][info   ][gc          ] GC(41) Concurrent class unloading 0.823ms
[108.239s][info   ][gc          ] GC(41) Concurrent strong roots 0.056ms
[108.241s][info   ][gc          ] GC(41) Concurrent evacuation 2.088ms
[108.241s][info   ][gc          ] GC(41) Pause Init Update Refs 0.007ms
[108.241s][info   ][gc          ] GC(41) At start of update refs, moving 2048K to Mutator free partition from Collector Reserve
[109.476s][info   ][gc          ] GC(41) Concurrent update references 1234.777ms
[109.476s][info   ][gc          ] GC(41) Concurrent update thread roots 0.252ms
[109.477s][info   ][gc          ] GC(41) Pause Final Update Refs 0.096ms
[109.477s][info   ][gc          ] GC(41) Concurrent cleanup 1644M->1642M(6144M) 0.102ms
[109.477s][info   ][gc,metaspace] Metaspace: 11753K(12032K)->11753K(12032K) NonClass: 9724K(9856K)->9724K(9856K) Class: 2029K(2176K)->2029K(2176K)
[109.478s][info   ][gc          ] Trigger: GC request (System.gc())
[109.480s][info   ][gc          ] GC(42) Concurrent reset 2.294ms
[109.480s][info   ][gc          ] GC(42) Pause Init Mark (unload classes) 0.054ms
[109.480s][info   ][gc          ] GC(42) Concurrent marking roots 0.103ms
[111.028s][info   ][gc          ] GC(42) Concurrent marking (unload classes) 1547.456ms
[111.028s][info   ][gc          ] GC(42) Pause Final Mark (unload classes) 0.250ms
[111.028s][info   ][gc          ] GC(42) Concurrent thread roots 0.075ms
[111.028s][info   ][gc          ] GC(42) Concurrent weak references 0.041ms
[111.029s][info   ][gc          ] GC(42) Concurrent weak roots 0.396ms
[111.029s][info   ][gc          ] GC(42) Concurrent cleanup 1642M->1642M(6144M) 0.098ms
[111.030s][info   ][gc          ] GC(42) Concurrent class unloading 0.822ms
[111.030s][info   ][gc          ] GC(42) Concurrent strong roots 0.062ms
[111.032s][info   ][gc          ] GC(42) Concurrent evacuation 2.082ms
[111.032s][info   ][gc          ] GC(42) Pause Init Update Refs 0.006ms
[111.032s][info   ][gc          ] GC(42) At start of update refs, moving 2048K to Mutator free partition from Collector Reserve
[112.266s][info   ][gc          ] GC(42) Concurrent update references 1233.747ms
[112.266s][info   ][gc          ] GC(42) Concurrent update thread roots 0.239ms
[112.266s][info   ][gc          ] GC(42) Pause Final Update Refs 0.093ms
[112.266s][info   ][gc          ] GC(42) Concurrent cleanup 1644M->1642M(6144M) 0.108ms
[112.266s][info   ][gc,metaspace] Metaspace: 11753K(12032K)->11753K(12032K) NonClass: 9724K(9856K)->9724K(9856K) Class: 2029K(2176K)->2029K(2176K)
[112.268s][info   ][gc          ] Trigger: GC request (System.gc())
[112.270s][info   ][gc          ] GC(43) Concurrent reset 2.187ms
[112.270s][info   ][gc          ] GC(43) Pause Init Mark (unload classes) 0.056ms
[112.270s][info   ][gc          ] GC(43) Concurrent marking roots 0.101ms
[114.006s][info   ][gc          ] GC(43) Concurrent marking (unload classes) 1736.256ms
[114.007s][info   ][gc          ] GC(43) Pause Final Mark (unload classes) 0.235ms
[114.007s][info   ][gc          ] GC(43) Concurrent thread roots 0.080ms
[114.007s][info   ][gc          ] GC(43) Concurrent weak references 0.050ms
[114.007s][info   ][gc          ] GC(43) Concurrent weak roots 0.396ms
[114.007s][info   ][gc          ] GC(43) Concurrent cleanup 1642M->1642M(6144M) 0.098ms
[114.008s][info   ][gc          ] GC(43) Concurrent class unloading 0.851ms
[114.008s][info   ][gc          ] GC(43) Concurrent strong roots 0.061ms
[114.010s][info   ][gc          ] GC(43) Concurrent evacuation 2.076ms
[114.010s][info   ][gc          ] GC(43) Pause Init Update Refs 0.006ms
[114.011s][info   ][gc          ] GC(43) At start of update refs, moving 2048K to Mutator free partition from Collector Reserve
[115.249s][info   ][gc          ] GC(43) Concurrent update references 1238.161ms
[115.249s][info   ][gc          ] GC(43) Concurrent update thread roots 0.326ms
[115.254s][info   ][gc          ] GC(43) Pause Final Update Refs 0.094ms
[115.254s][info   ][gc          ] GC(43) Concurrent cleanup 1644M->1642M(6144M) 0.102ms
[115.254s][info   ][gc,metaspace] Metaspace: 11753K(12032K)->11753K(12032K) NonClass: 9724K(9856K)->9724K(9856K) Class: 2029K(2176K)->2029K(2176K)
[115.255s][info   ][gc          ] Trigger: GC request (System.gc())
[115.257s][info   ][gc          ] GC(44) Concurrent reset 2.210ms
[115.257s][info   ][gc          ] GC(44) Pause Init Mark (unload classes) 0.057ms
[115.257s][info   ][gc          ] GC(44) Concurrent marking roots 0.136ms
[116.717s][info   ][gc          ] GC(44) Concurrent marking (unload classes) 1459.986ms
[116.718s][info   ][gc          ] GC(44) Pause Final Mark (unload classes) 0.258ms
[116.718s][info   ][gc          ] GC(44) Concurrent thread roots 0.073ms
[116.718s][info   ][gc          ] GC(44) Concurrent weak references 0.041ms
[116.718s][info   ][gc          ] GC(44) Concurrent weak roots 0.412ms
[116.718s][info   ][gc          ] GC(44) Concurrent cleanup 1642M->1642M(6144M) 0.099ms
[116.719s][info   ][gc          ] GC(44) Concurrent class unloading 0.820ms
[116.719s][info   ][gc          ] GC(44) Concurrent strong roots 0.054ms
[116.721s][info   ][gc          ] GC(44) Concurrent evacuation 2.088ms
[116.722s][info   ][gc          ] GC(44) Pause Init Update Refs 0.007ms
[116.722s][info   ][gc          ] GC(44) At start of update refs, moving 2048K to Mutator free partition from Collector Reserve
[117.947s][info   ][gc          ] GC(44) Concurrent update references 1225.540ms
[117.948s][info   ][gc          ] GC(44) Concurrent update thread roots 0.251ms
[117.948s][info   ][gc          ] GC(44) Pause Final Update Refs 0.092ms
[117.948s][info   ][gc          ] GC(44) Concurrent cleanup 1644M->1642M(6144M) 0.102ms
[117.948s][info   ][gc,metaspace] Metaspace: 11753K(12032K)->11753K(12032K) NonClass: 9724K(9856K)->9724K(9856K) Class: 2029K(2176K)->2029K(2176K)
[117.949s][info   ][gc          ] Trigger: GC request (System.gc())
[117.951s][info   ][gc          ] GC(45) Concurrent reset 2.305ms
[117.952s][info   ][gc          ] GC(45) Pause Init Mark (unload classes) 0.049ms
[117.952s][info   ][gc          ] GC(45) Concurrent marking roots 0.111ms
[119.456s][info   ][gc          ] GC(45) Concurrent marking (unload classes) 1504.529ms
[119.457s][info   ][gc          ] GC(45) Pause Final Mark (unload classes) 0.248ms
[119.457s][info   ][gc          ] GC(45) Concurrent thread roots 0.073ms
[119.457s][info   ][gc          ] GC(45) Concurrent weak references 0.035ms
[119.457s][info   ][gc          ] GC(45) Concurrent weak roots 0.395ms
[119.457s][info   ][gc          ] GC(45) Concurrent cleanup 1642M->1642M(6144M) 0.098ms
[119.458s][info   ][gc          ] GC(45) Concurrent class unloading 0.875ms
[119.458s][info   ][gc          ] GC(45) Concurrent strong roots 0.059ms
[119.460s][info   ][gc          ] GC(45) Concurrent evacuation 2.098ms
[119.460s][info   ][gc          ] GC(45) Pause Init Update Refs 0.006ms
[119.460s][info   ][gc          ] GC(45) At start of update refs, moving 2048K to Mutator free partition from Collector Reserve
[120.668s][info   ][gc          ] GC(45) Concurrent update references 1207.190ms
[120.668s][info   ][gc          ] GC(45) Concurrent update thread roots 0.441ms
[120.668s][info   ][gc          ] GC(45) Pause Final Update Refs 0.083ms
[120.668s][info   ][gc          ] GC(45) Concurrent cleanup 1644M->1642M(6144M) 0.100ms
[120.668s][info   ][gc,metaspace] Metaspace: 11753K(12032K)->11753K(12032K) NonClass: 9724K(9856K)->9724K(9856K) Class: 2029K(2176K)->2029K(2176K)
[120.670s][info   ][gc          ] Trigger: GC request (System.gc())
[120.672s][info   ][gc          ] GC(46) Concurrent reset 2.199ms
[120.672s][info   ][gc          ] GC(46) Pause Init Mark (unload classes) 0.046ms
[120.672s][info   ][gc          ] GC(46) Concurrent marking roots 0.123ms
[121.884s][info   ][gc          ] GC(46) Concurrent marking (unload classes) 1211.598ms
[121.884s][info   ][gc          ] GC(46) Pause Final Mark (unload classes) 0.224ms
[121.884s][info   ][gc          ] GC(46) Concurrent thread roots 0.067ms
[121.884s][info   ][gc          ] GC(46) Concurrent weak references 0.037ms
[121.884s][info   ][gc          ] GC(46) Concurrent weak roots 0.398ms
[121.885s][info   ][gc          ] GC(46) Concurrent cleanup 1643M->1643M(6144M) 0.099ms
[121.885s][info   ][gc          ] GC(46) Concurrent class unloading 0.785ms
[121.885s][info   ][gc          ] GC(46) Concurrent strong roots 0.059ms
[121.888s][info   ][gc          ] GC(46) Concurrent evacuation 2.074ms
[121.888s][info   ][gc          ] GC(46) Pause Init Update Refs 0.006ms
[121.888s][info   ][gc          ] GC(46) At start of update refs, moving 2048K to Mutator free partition from Collector Reserve
[123.082s][info   ][gc          ] GC(46) Concurrent update references 1194.362ms
[123.082s][info   ][gc          ] GC(46) Concurrent update thread roots 0.322ms
[123.083s][info   ][gc          ] GC(46) Pause Final Update Refs 0.100ms
[123.083s][info   ][gc          ] GC(46) Concurrent cleanup 1645M->1643M(6144M) 0.102ms
[123.083s][info   ][gc,metaspace] Metaspace: 11753K(12032K)->11753K(12032K) NonClass: 9724K(9856K)->9724K(9856K) Class: 2029K(2176K)->2029K(2176K)
[123.084s][info   ][gc          ] Trigger: GC request (System.gc())
[123.086s][info   ][gc          ] GC(47) Concurrent reset 2.359ms
[123.086s][info   ][gc          ] GC(47) Pause Init Mark (unload classes) 0.052ms
[123.087s][info   ][gc          ] GC(47) Concurrent marking roots 0.095ms
[124.824s][info   ][gc          ] GC(47) Concurrent marking (unload classes) 1737.402ms
[124.824s][info   ][gc          ] GC(47) Pause Final Mark (unload classes) 0.216ms
[124.824s][info   ][gc          ] GC(47) Concurrent thread roots 0.063ms
[124.824s][info   ][gc          ] GC(47) Concurrent weak references 0.042ms
[124.825s][info   ][gc          ] GC(47) Concurrent weak roots 0.380ms
[124.825s][info   ][gc          ] GC(47) Concurrent cleanup 1643M->1643M(6144M) 0.104ms
[124.826s][info   ][gc          ] GC(47) Concurrent class unloading 0.833ms
[124.826s][info   ][gc          ] GC(47) Concurrent strong roots 0.056ms
[124.828s][info   ][gc          ] GC(47) Concurrent evacuation 2.259ms
[124.828s][info   ][gc          ] GC(47) Pause Init Update Refs 0.006ms
[124.828s][info   ][gc          ] GC(47) At start of update refs, moving 4096K to Mutator free partition from Collector Reserve
[125.780s][info   ][gc          ] GC(47) Concurrent update references 951.989ms
[125.781s][info   ][gc          ] GC(47) Concurrent update thread roots 0.392ms
[125.781s][info   ][gc          ] GC(47) Pause Final Update Refs 0.099ms
[125.781s][info   ][gc          ] GC(47) Concurrent cleanup 1645M->1642M(6144M) 0.102ms
[125.781s][info   ][gc,metaspace] Metaspace: 11753K(12032K)->11753K(12032K) NonClass: 9724K(9856K)->9724K(9856K) Class: 2029K(2176K)->2029K(2176K)
[125.782s][info   ][gc          ] Trigger: GC request (System.gc())
[125.784s][info   ][gc          ] GC(48) Concurrent reset 2.116ms
[125.784s][info   ][gc          ] GC(48) Pause Init Mark (unload classes) 0.052ms
[125.785s][info   ][gc          ] GC(48) Concurrent marking roots 0.106ms
[127.334s][info   ][gc          ] GC(48) Concurrent marking (unload classes) 1548.972ms
[127.334s][info   ][gc          ] GC(48) Pause Final Mark (unload classes) 0.230ms
[127.334s][info   ][gc          ] GC(48) Concurrent thread roots 0.069ms
[127.334s][info   ][gc          ] GC(48) Concurrent weak references 0.035ms
[127.334s][info   ][gc          ] GC(48) Concurrent weak roots 0.420ms
[127.335s][info   ][gc          ] GC(48) Concurrent cleanup 1642M->1642M(6144M) 0.098ms
[127.335s][info   ][gc          ] GC(48) Concurrent class unloading 0.820ms
[127.335s][info   ][gc          ] GC(48) Concurrent strong roots 0.081ms
[127.338s][info   ][gc          ] GC(48) Concurrent evacuation 2.089ms
[127.338s][info   ][gc          ] GC(48) Pause Init Update Refs 0.007ms
[127.338s][info   ][gc          ] GC(48) At start of update refs, moving 2048K to Mutator free partition from Collector Reserve
[128.987s][info   ][gc          ] GC(48) Concurrent update references 1649.294ms
[128.987s][info   ][gc          ] GC(48) Concurrent update thread roots 0.257ms
[128.988s][info   ][gc          ] GC(48) Pause Final Update Refs 0.102ms
[128.988s][info   ][gc          ] GC(48) Concurrent cleanup 1644M->1642M(6144M) 0.100ms
[128.988s][info   ][gc,metaspace] Metaspace: 11753K(12032K)->11753K(12032K) NonClass: 9724K(9856K)->9724K(9856K) Class: 2029K(2176K)->2029K(2176K)
[128.989s][info   ][gc          ] Trigger: GC request (System.gc())
[128.991s][info   ][gc          ] GC(49) Concurrent reset 2.541ms
[128.991s][info   ][gc          ] GC(49) Pause Init Mark (unload classes) 0.041ms
[128.992s][info   ][gc          ] GC(49) Concurrent marking roots 0.082ms
[130.478s][info   ][gc          ] GC(49) Concurrent marking (unload classes) 1486.567ms
[130.478s][info   ][gc          ] GC(49) Pause Final Mark (unload classes) 0.215ms
[130.479s][info   ][gc          ] GC(49) Concurrent thread roots 0.061ms
[130.479s][info   ][gc          ] GC(49) Concurrent weak references 0.044ms
[130.479s][info   ][gc          ] GC(49) Concurrent weak roots 0.380ms
[130.479s][info   ][gc          ] GC(49) Concurrent cleanup 1642M->1642M(6144M) 0.104ms
[130.480s][info   ][gc          ] GC(49) Concurrent class unloading 0.744ms
[130.480s][info   ][gc          ] GC(49) Concurrent strong roots 0.066ms
[130.482s][info   ][gc          ] GC(49) Concurrent evacuation 2.079ms
[130.482s][info   ][gc          ] GC(49) Pause Init Update Refs 0.006ms
[130.482s][info   ][gc          ] GC(49) At start of update refs, moving 2048K to Mutator free partition from Collector Reserve
[131.435s][info   ][gc          ] GC(49) Concurrent update references 952.794ms
[131.435s][info   ][gc          ] GC(49) Concurrent update thread roots 0.296ms
[131.436s][info   ][gc          ] GC(49) Pause Final Update Refs 0.084ms
[131.436s][info   ][gc          ] GC(49) Concurrent cleanup 1644M->1642M(6144M) 0.100ms
[131.436s][info   ][gc,metaspace] Metaspace: 11753K(12032K)->11753K(12032K) NonClass: 9724K(9856K)->9724K(9856K) Class: 2029K(2176K)->2029K(2176K)
[131.437s][info   ][gc          ] Trigger: GC request (System.gc())
[131.439s][info   ][gc          ] GC(50) Concurrent reset 2.297ms
[131.439s][info   ][gc          ] GC(50) Pause Init Mark (unload classes) 0.055ms
[131.439s][info   ][gc          ] GC(50) Concurrent marking roots 0.090ms
[133.435s][info   ][gc          ] GC(50) Concurrent marking (unload classes) 1996.036ms
[133.436s][info   ][gc          ] GC(50) Pause Final Mark (unload classes) 0.214ms
[133.436s][info   ][gc          ] GC(50) Concurrent thread roots 0.061ms
[133.436s][info   ][gc          ] GC(50) Concurrent weak references 0.042ms
[133.436s][info   ][gc          ] GC(50) Concurrent weak roots 0.392ms
[133.436s][info   ][gc          ] GC(50) Concurrent cleanup 1642M->1642M(6144M) 0.104ms
[133.437s][info   ][gc          ] GC(50) Concurrent class unloading 0.826ms
[133.437s][info   ][gc          ] GC(50) Concurrent strong roots 0.058ms
[133.439s][info   ][gc          ] GC(50) Concurrent evacuation 2.044ms
[133.439s][info   ][gc          ] GC(50) Pause Init Update Refs 0.006ms
[133.440s][info   ][gc          ] GC(50) At start of update refs, moving 2048K to Mutator free partition from Collector Reserve
[134.391s][info   ][gc          ] GC(50) Concurrent update references 951.312ms
[134.391s][info   ][gc          ] GC(50) Concurrent update thread roots 0.235ms
[134.391s][info   ][gc          ] GC(50) Pause Final Update Refs 0.083ms
[134.391s][info   ][gc          ] GC(50) Concurrent cleanup 1644M->1642M(6144M) 0.102ms
[134.391s][info   ][gc,metaspace] Metaspace: 11753K(12032K)->11753K(12032K) NonClass: 9724K(9856K)->9724K(9856K) Class: 2029K(2176K)->2029K(2176K)
[134.392s][info   ][gc          ] Trigger: GC request (System.gc())
[134.395s][info   ][gc          ] GC(51) Concurrent reset 2.286ms
[134.395s][info   ][gc          ] GC(51) Pause Init Mark (unload classes) 0.041ms
[134.395s][info   ][gc          ] GC(51) Concurrent marking roots 0.113ms
[135.943s][info   ][gc          ] GC(51) Concurrent marking (unload classes) 1548.163ms
[135.944s][info   ][gc          ] GC(51) Pause Final Mark (unload classes) 0.250ms
[135.948s][info   ][gc          ] GC(51) Concurrent thread roots 0.090ms
[135.948s][info   ][gc          ] GC(51) Concurrent weak references 0.057ms
[135.948s][info   ][gc          ] GC(51) Concurrent weak roots 0.402ms
[135.949s][info   ][gc          ] GC(51) Concurrent cleanup 1642M->1642M(6144M) 0.105ms
[135.949s][info   ][gc          ] GC(51) Concurrent class unloading 0.822ms
[135.949s][info   ][gc          ] GC(51) Concurrent strong roots 0.057ms
[135.951s][info   ][gc          ] GC(51) Concurrent evacuation 2.070ms
[135.952s][info   ][gc          ] GC(51) Pause Init Update Refs 0.006ms
[135.952s][info   ][gc          ] GC(51) At start of update refs, moving 2048K to Mutator free partition from Collector Reserve
[137.249s][info   ][gc          ] GC(51) Concurrent update references 1297.550ms
[137.250s][info   ][gc          ] GC(51) Concurrent update thread roots 0.242ms
[137.250s][info   ][gc          ] GC(51) Pause Final Update Refs 0.096ms
[137.250s][info   ][gc          ] GC(51) Concurrent cleanup 1644M->1642M(6144M) 0.118ms
[137.250s][info   ][gc,metaspace] Metaspace: 11753K(12032K)->11753K(12032K) NonClass: 9724K(9856K)->9724K(9856K) Class: 2029K(2176K)->2029K(2176K)
[137.251s][info   ][gc          ] Trigger: GC request (System.gc())
[137.253s][info   ][gc          ] GC(52) Concurrent reset 2.199ms
[137.253s][info   ][gc          ] GC(52) Pause Init Mark (unload classes) 0.049ms
[137.254s][info   ][gc          ] GC(52) Concurrent marking roots 0.115ms
[138.971s][info   ][gc          ] GC(52) Concurrent marking (unload classes) 1717.051ms
[138.971s][info   ][gc          ] GC(52) Pause Final Mark (unload classes) 0.246ms
[138.971s][info   ][gc          ] GC(52) Concurrent thread roots 0.076ms
[138.971s][info   ][gc          ] GC(52) Concurrent weak references 0.042ms
[138.972s][info   ][gc          ] GC(52) Concurrent weak roots 0.401ms
[138.972s][info   ][gc          ] GC(52) Concurrent cleanup 1642M->1642M(6144M) 0.099ms
[138.973s][info   ][gc          ] GC(52) Concurrent class unloading 0.855ms
[138.973s][info   ][gc          ] GC(52) Concurrent strong roots 0.055ms
[138.975s][info   ][gc          ] GC(52) Concurrent evacuation 2.125ms
[138.975s][info   ][gc          ] GC(52) Pause Init Update Refs 0.006ms
[138.975s][info   ][gc          ] GC(52) At start of update refs, moving 2048K to Mutator free partition from Collector Reserve
[140.219s][info   ][gc          ] GC(52) Concurrent update references 1243.690ms
[140.219s][info   ][gc          ] GC(52) Concurrent update thread roots 0.336ms
[140.219s][info   ][gc          ] GC(52) Pause Final Update Refs 0.095ms
[140.219s][info   ][gc          ] GC(52) Concurrent cleanup 1644M->1642M(6144M) 0.119ms
[140.219s][info   ][gc,metaspace] Metaspace: 11753K(12032K)->11753K(12032K) NonClass: 9724K(9856K)->9724K(9856K) Class: 2029K(2176K)->2029K(2176K)
[140.220s][info   ][gc          ] Trigger: GC request (System.gc())
[140.223s][info   ][gc          ] GC(53) Concurrent reset 2.320ms
[140.223s][info   ][gc          ] GC(53) Pause Init Mark (unload classes) 0.052ms
[140.223s][info   ][gc          ] GC(53) Concurrent marking roots 0.109ms
[141.788s][info   ][gc          ] GC(53) Concurrent marking (unload classes) 1564.742ms
[141.788s][info   ][gc          ] GC(53) Pause Final Mark (unload classes) 0.236ms
[141.788s][info   ][gc          ] GC(53) Concurrent thread roots 0.081ms
[141.788s][info   ][gc          ] GC(53) Concurrent weak references 0.044ms
[141.789s][info   ][gc          ] GC(53) Concurrent weak roots 0.440ms
[141.789s][info   ][gc          ] GC(53) Concurrent cleanup 1642M->1642M(6144M) 0.115ms
[141.790s][info   ][gc          ] GC(53) Concurrent class unloading 0.855ms
[141.790s][info   ][gc          ] GC(53) Concurrent strong roots 0.058ms
[141.792s][info   ][gc          ] GC(53) Concurrent evacuation 2.222ms
[141.792s][info   ][gc          ] GC(53) Pause Init Update Refs 0.006ms
[141.792s][info   ][gc          ] GC(53) At start of update refs, moving 2048K to Mutator free partition from Collector Reserve
[142.888s][info   ][gc          ] GC(53) Concurrent update references 1095.549ms
[142.888s][info   ][gc          ] GC(53) Concurrent update thread roots 0.317ms
[142.888s][info   ][gc          ] GC(53) Pause Final Update Refs 0.101ms
[142.888s][info   ][gc          ] GC(53) Concurrent cleanup 1644M->1642M(6144M) 0.108ms
[142.889s][info   ][gc,metaspace] Metaspace: 11753K(12032K)->11753K(12032K) NonClass: 9724K(9856K)->9724K(9856K) Class: 2029K(2176K)->2029K(2176K)
[142.890s][info   ][gc          ] Trigger: GC request (System.gc())
[142.892s][info   ][gc          ] GC(54) Concurrent reset 2.305ms
[142.892s][info   ][gc          ] GC(54) Pause Init Mark (unload classes) 0.056ms
[142.892s][info   ][gc          ] GC(54) Concurrent marking roots 0.117ms
[144.444s][info   ][gc          ] GC(54) Concurrent marking (unload classes) 1551.785ms
[144.444s][info   ][gc          ] GC(54) Pause Final Mark (unload classes) 0.229ms
[144.444s][info   ][gc          ] GC(54) Concurrent thread roots 0.083ms
[144.445s][info   ][gc          ] GC(54) Concurrent weak references 0.040ms
[144.445s][info   ][gc          ] GC(54) Concurrent weak roots 0.399ms
[144.445s][info   ][gc          ] GC(54) Concurrent cleanup 1642M->1642M(6144M) 0.099ms
[144.446s][info   ][gc          ] GC(54) Concurrent class unloading 0.886ms
[144.446s][info   ][gc          ] GC(54) Concurrent strong roots 0.055ms
[144.448s][info   ][gc          ] GC(54) Concurrent evacuation 2.100ms
[144.448s][info   ][gc          ] GC(54) Pause Init Update Refs 0.007ms
[144.448s][info   ][gc          ] GC(54) At start of update refs, moving 2048K to Mutator free partition from Collector Reserve
[145.657s][info   ][gc          ] GC(54) Concurrent update references 1208.673ms
[145.657s][info   ][gc          ] GC(54) Concurrent update thread roots 0.253ms
[145.657s][info   ][gc          ] GC(54) Pause Final Update Refs 0.104ms
[145.657s][info   ][gc          ] GC(54) Concurrent cleanup 1644M->1642M(6144M) 0.107ms
[145.658s][info   ][gc,metaspace] Metaspace: 11753K(12032K)->11753K(12032K) NonClass: 9724K(9856K)->9724K(9856K) Class: 2029K(2176K)->2029K(2176K)
[145.659s][info   ][gc          ] Trigger: GC request (System.gc())
[145.661s][info   ][gc          ] GC(55) Concurrent reset 2.134ms
[145.661s][info   ][gc          ] GC(55) Pause Init Mark (unload classes) 0.045ms
[145.661s][info   ][gc          ] GC(55) Concurrent marking roots 0.085ms
[147.223s][info   ][gc          ] GC(55) Concurrent marking (unload classes) 1562.110ms
[147.223s][info   ][gc          ] GC(55) Pause Final Mark (unload classes) 0.239ms
[147.228s][info   ][gc          ] GC(55) Concurrent thread roots 0.077ms
[147.228s][info   ][gc          ] GC(55) Concurrent weak references 0.043ms
[147.228s][info   ][gc          ] GC(55) Concurrent weak roots 0.426ms
[147.228s][info   ][gc          ] GC(55) Concurrent cleanup 1642M->1642M(6144M) 0.105ms
[147.229s][info   ][gc          ] GC(55) Concurrent class unloading 0.819ms
[147.229s][info   ][gc          ] GC(55) Concurrent strong roots 0.056ms
[147.231s][info   ][gc          ] GC(55) Concurrent evacuation 2.085ms
[147.232s][info   ][gc          ] GC(55) Pause Init Update Refs 0.007ms
[147.232s][info   ][gc          ] GC(55) At start of update refs, moving 2048K to Mutator free partition from Collector Reserve
[148.505s][info   ][gc          ] GC(55) Concurrent update references 1273.169ms
[148.505s][info   ][gc          ] GC(55) Concurrent update thread roots 0.243ms
[148.505s][info   ][gc          ] GC(55) Pause Final Update Refs 0.098ms
[148.505s][info   ][gc          ] GC(55) Concurrent cleanup 1644M->1642M(6144M) 0.102ms
[148.506s][info   ][gc,metaspace] Metaspace: 11753K(12032K)->11753K(12032K) NonClass: 9724K(9856K)->9724K(9856K) Class: 2029K(2176K)->2029K(2176K)
[148.507s][info   ][gc          ] Trigger: GC request (System.gc())
[148.509s][info   ][gc          ] GC(56) Concurrent reset 2.135ms
[148.509s][info   ][gc          ] GC(56) Pause Init Mark (unload classes) 0.049ms
[148.509s][info   ][gc          ] GC(56) Concurrent marking roots 0.094ms
[150.484s][info   ][gc          ] GC(56) Concurrent marking (unload classes) 1974.770ms
[150.484s][info   ][gc          ] GC(56) Pause Final Mark (unload classes) 0.239ms
[150.484s][info   ][gc          ] GC(56) Concurrent thread roots 0.086ms
[150.484s][info   ][gc          ] GC(56) Concurrent weak references 0.043ms
[150.485s][info   ][gc          ] GC(56) Concurrent weak roots 0.391ms
[150.485s][info   ][gc          ] GC(56) Concurrent cleanup 1642M->1642M(6144M) 0.098ms
[150.486s][info   ][gc          ] GC(56) Concurrent class unloading 0.818ms
[150.486s][info   ][gc          ] GC(56) Concurrent strong roots 0.057ms
[150.488s][info   ][gc          ] GC(56) Concurrent evacuation 2.084ms
[150.488s][info   ][gc          ] GC(56) Pause Init Update Refs 0.006ms
[150.488s][info   ][gc          ] GC(56) At start of update refs, moving 2048K to Mutator free partition from Collector Reserve
[151.695s][info   ][gc          ] GC(56) Concurrent update references 1206.691ms
[151.695s][info   ][gc          ] GC(56) Concurrent update thread roots 0.250ms
[151.695s][info   ][gc          ] GC(56) Pause Final Update Refs 0.097ms
[151.695s][info   ][gc          ] GC(56) Concurrent cleanup 1644M->1642M(6144M) 0.101ms
[151.695s][info   ][gc,metaspace] Metaspace: 11753K(12032K)->11753K(12032K) NonClass: 9724K(9856K)->9724K(9856K) Class: 2029K(2176K)->2029K(2176K)
[151.696s][info   ][gc          ] Trigger: GC request (System.gc())
[151.699s][info   ][gc          ] GC(57) Concurrent reset 2.362ms
[151.699s][info   ][gc          ] GC(57) Pause Init Mark (unload classes) 0.057ms
[151.699s][info   ][gc          ] GC(57) Concurrent marking roots 0.090ms
[153.530s][info   ][gc          ] GC(57) Concurrent marking (unload classes) 1831.077ms
[153.530s][info   ][gc          ] GC(57) Pause Final Mark (unload classes) 0.213ms
[153.531s][info   ][gc          ] GC(57) Concurrent thread roots 0.074ms
[153.531s][info   ][gc          ] GC(57) Concurrent weak references 0.042ms
[153.531s][info   ][gc          ] GC(57) Concurrent weak roots 0.383ms
[153.531s][info   ][gc          ] GC(57) Concurrent cleanup 1642M->1642M(6144M) 0.099ms
[153.532s][info   ][gc          ] GC(57) Concurrent class unloading 0.826ms
[153.532s][info   ][gc          ] GC(57) Concurrent strong roots 0.055ms
[153.534s][info   ][gc          ] GC(57) Concurrent evacuation 2.075ms
[153.534s][info   ][gc          ] GC(57) Pause Init Update Refs 0.006ms
[153.534s][info   ][gc          ] GC(57) At start of update refs, moving 2048K to Mutator free partition from Collector Reserve
[154.631s][info   ][gc          ] GC(57) Concurrent update references 1097.085ms
[154.632s][info   ][gc          ] GC(57) Concurrent update thread roots 0.244ms
[154.632s][info   ][gc          ] GC(57) Pause Final Update Refs 0.095ms
[154.632s][info   ][gc          ] GC(57) Concurrent cleanup 1644M->1642M(6144M) 0.129ms
[154.632s][info   ][gc,metaspace] Metaspace: 11753K(12032K)->11753K(12032K) NonClass: 9724K(9856K)->9724K(9856K) Class: 2029K(2176K)->2029K(2176K)
[154.633s][info   ][gc          ] Trigger: GC request (System.gc())
[154.636s][info   ][gc          ] GC(58) Concurrent reset 2.339ms
[154.636s][info   ][gc          ] GC(58) Pause Init Mark (unload classes) 0.042ms
[154.636s][info   ][gc          ] GC(58) Concurrent marking roots 0.097ms
[156.212s][info   ][gc          ] GC(58) Concurrent marking (unload classes) 1576.590ms
[156.213s][info   ][gc          ] GC(58) Pause Final Mark (unload classes) 0.225ms
[156.213s][info   ][gc          ] GC(58) Concurrent thread roots 0.073ms
[156.213s][info   ][gc          ] GC(58) Concurrent weak references 0.040ms
[156.213s][info   ][gc          ] GC(58) Concurrent weak roots 0.422ms
[156.213s][info   ][gc          ] GC(58) Concurrent cleanup 1642M->1642M(6144M) 0.099ms
[156.214s][info   ][gc          ] GC(58) Concurrent class unloading 0.850ms
[156.214s][info   ][gc          ] GC(58) Concurrent strong roots 0.061ms
[156.216s][info   ][gc          ] GC(58) Concurrent evacuation 2.088ms
[156.217s][info   ][gc          ] GC(58) Pause Init Update Refs 0.007ms
[156.217s][info   ][gc          ] GC(58) At start of update refs, moving 2048K to Mutator free partition from Collector Reserve
[157.534s][info   ][gc          ] GC(58) Concurrent update references 1317.531ms
[157.534s][info   ][gc          ] GC(58) Concurrent update thread roots 0.187ms
[157.534s][info   ][gc          ] GC(58) Pause Final Update Refs 0.095ms
[157.535s][info   ][gc          ] GC(58) Concurrent cleanup 1644M->1642M(6144M) 0.107ms
[157.535s][info   ][gc,metaspace] Metaspace: 11753K(12032K)->11753K(12032K) NonClass: 9724K(9856K)->9724K(9856K) Class: 2029K(2176K)->2029K(2176K)
[157.536s][info   ][gc          ] Trigger: GC request (System.gc())
[157.538s][info   ][gc          ] GC(59) Concurrent reset 2.286ms
[157.538s][info   ][gc          ] GC(59) Pause Init Mark (unload classes) 0.042ms
[157.538s][info   ][gc          ] GC(59) Concurrent marking roots 0.092ms
[159.463s][info   ][gc          ] GC(59) Concurrent marking (unload classes) 1924.879ms
[159.463s][info   ][gc          ] GC(59) Pause Final Mark (unload classes) 0.215ms
[159.464s][info   ][gc          ] GC(59) Concurrent thread roots 0.074ms
[159.464s][info   ][gc          ] GC(59) Concurrent weak references 0.043ms
[159.464s][info   ][gc          ] GC(59) Concurrent weak roots 0.382ms
[159.464s][info   ][gc          ] GC(59) Concurrent cleanup 1642M->1642M(6144M) 0.099ms
[159.465s][info   ][gc          ] GC(59) Concurrent class unloading 0.845ms
[159.465s][info   ][gc          ] GC(59) Concurrent strong roots 0.054ms
[159.467s][info   ][gc          ] GC(59) Concurrent evacuation 2.058ms
[159.467s][info   ][gc          ] GC(59) Pause Init Update Refs 0.006ms
[159.467s][info   ][gc          ] GC(59) At start of update refs, moving 2048K to Mutator free partition from Collector Reserve
[160.674s][info   ][gc          ] GC(59) Concurrent update references 1206.528ms
[160.674s][info   ][gc          ] GC(59) Concurrent update thread roots 0.161ms
[160.674s][info   ][gc          ] GC(59) Pause Final Update Refs 0.094ms
[160.674s][info   ][gc          ] GC(59) Concurrent cleanup 1644M->1642M(6144M) 0.102ms
[160.674s][info   ][gc,metaspace] Metaspace: 11753K(12032K)->11753K(12032K) NonClass: 9724K(9856K)->9724K(9856K) Class: 2029K(2176K)->2029K(2176K)
[160.675s][info   ][gc          ] Trigger: GC request (System.gc())
[160.678s][info   ][gc          ] GC(60) Concurrent reset 2.121ms
[160.678s][info   ][gc          ] GC(60) Pause Init Mark (unload classes) 0.049ms
[160.678s][info   ][gc          ] GC(60) Concurrent marking roots 0.106ms
[162.249s][info   ][gc          ] GC(60) Concurrent marking (unload classes) 1571.371ms
[162.250s][info   ][gc          ] GC(60) Pause Final Mark (unload classes) 0.268ms
[162.250s][info   ][gc          ] GC(60) Concurrent thread roots 0.075ms
[162.250s][info   ][gc          ] GC(60) Concurrent weak references 0.035ms
[162.250s][info   ][gc          ] GC(60) Concurrent weak roots 0.385ms
[162.250s][info   ][gc          ] GC(60) Concurrent cleanup 1642M->1642M(6144M) 0.098ms
[162.251s][info   ][gc          ] GC(60) Concurrent class unloading 0.956ms
[162.251s][info   ][gc          ] GC(60) Concurrent strong roots 0.055ms
[162.254s][info   ][gc          ] GC(60) Concurrent evacuation 3.185ms
[162.255s][info   ][gc          ] GC(60) Pause Init Update Refs 0.007ms
[162.255s][info   ][gc          ] GC(60) At start of update refs, moving 2048K to Mutator free partition from Collector Reserve
[163.493s][info   ][gc          ] GC(60) Concurrent update references 1238.626ms
[163.494s][info   ][gc          ] GC(60) Concurrent update thread roots 0.247ms
[163.494s][info   ][gc          ] GC(60) Pause Final Update Refs 0.093ms
[163.494s][info   ][gc          ] GC(60) Concurrent cleanup 1644M->1642M(6144M) 0.101ms
[163.494s][info   ][gc,metaspace] Metaspace: 11753K(12032K)->11753K(12032K) NonClass: 9724K(9856K)->9724K(9856K) Class: 2029K(2176K)->2029K(2176K)
After GCs... 
[163.495s][info   ][gc          ] Trigger: Learning 2 of 5. Free (4190M) is below initial threshold (4300M)
[163.497s][info   ][gc          ] GC(61) Concurrent reset 2.155ms
[163.498s][info   ][gc          ] GC(61) Pause Init Mark (unload classes) 0.050ms
[163.498s][info   ][gc          ] GC(61) Concurrent marking roots 0.154ms
[163.504s][info   ][gc          ] Cancelling GC: Stopping VM
[163.505s][info   ][gc          ] GC(61) Concurrent marking (unload classes) 6.953ms
[163.505s][info   ][gc,metaspace] Metaspace: 11763K(12032K)->12098K(12352K) NonClass: 9729K(9856K)->9996K(10112K) Class: 2033K(2176K)->2101K(2240K)
