Done; will start GCs... 
[6.454s][info][gc,metaspace] GC(5) Metaspace: 23744K(24256K)->23744K(24256K) NonClass: 19635K(19904K)->19635K(19904K) Class: 4109K(4352K)->4109K(4352K)
[6.454s][info][gc          ] GC(5) Pause Full (System.gc()) 785M->775M(6144M) 381.438ms
[6.806s][info][gc,metaspace] GC(6) Metaspace: 23744K(24256K)->23744K(24256K) NonClass: 19635K(19904K)->19635K(19904K) Class: 4109K(4352K)->4109K(4352K)
[6.806s][info][gc          ] GC(6) Pause Full (System.gc()) 775M->775M(6144M) 351.662ms
[7.144s][info][gc,metaspace] GC(7) Metaspace: 23744K(24256K)->23744K(24256K) NonClass: 19635K(19904K)->19635K(19904K) Class: 4109K(4352K)->4109K(4352K)
[7.144s][info][gc          ] GC(7) Pause Full (System.gc()) 775M->775M(6144M) 338.517ms
[7.477s][info][gc,metaspace] GC(8) Metaspace: 23744K(24256K)->23744K(24256K) NonClass: 19635K(19904K)->19635K(19904K) Class: 4109K(4352K)->4109K(4352K)
[7.477s][info][gc          ] GC(8) Pause Full (System.gc()) 775M->775M(6144M) 332.929ms
[7.892s][info][gc,metaspace] GC(9) Metaspace: 23744K(24256K)->23744K(24256K) NonClass: 19635K(19904K)->19635K(19904K) Class: 4109K(4352K)->4109K(4352K)
[7.893s][info][gc          ] GC(9) Pause Full (System.gc()) 775M->775M(6144M) 410.817ms
[8.262s][info][gc,metaspace] GC(10) Metaspace: 23744K(24256K)->23744K(24256K) NonClass: 19635K(19904K)->19635K(19904K) Class: 4109K(4352K)->4109K(4352K)
[8.262s][info][gc          ] GC(10) Pause Full (System.gc()) 775M->775M(6144M) 368.962ms
[8.592s][info][gc,metaspace] GC(11) Metaspace: 23744K(24256K)->23744K(24256K) NonClass: 19635K(19904K)->19635K(19904K) Class: 4109K(4352K)->4109K(4352K)
[8.592s][info][gc          ] GC(11) Pause Full (System.gc()) 775M->775M(6144M) 330.734ms
[8.943s][info][gc,metaspace] GC(12) Metaspace: 23744K(24256K)->23744K(24256K) NonClass: 19635K(19904K)->19635K(19904K) Class: 4109K(4352K)->4109K(4352K)
[8.943s][info][gc          ] GC(12) Pause Full (System.gc()) 775M->775M(6144M) 350.979ms
[9.272s][info][gc,metaspace] GC(13) Metaspace: 23744K(24256K)->23744K(24256K) NonClass: 19635K(19904K)->19635K(19904K) Class: 4109K(4352K)->4109K(4352K)
[9.272s][info][gc          ] GC(13) Pause Full (System.gc()) 775M->775M(6144M) 328.768ms
[9.609s][info][gc,metaspace] GC(14) Metaspace: 23744K(24256K)->23744K(24256K) NonClass: 19635K(19904K)->19635K(19904K) Class: 4109K(4352K)->4109K(4352K)
[9.609s][info][gc          ] GC(14) Pause Full (System.gc()) 775M->775M(6144M) 336.652ms
[9.956s][info][gc,metaspace] GC(15) Metaspace: 23744K(24256K)->23744K(24256K) NonClass: 19635K(19904K)->19635K(19904K) Class: 4109K(4352K)->4109K(4352K)
[9.956s][info][gc          ] GC(15) Pause Full (System.gc()) 775M->775M(6144M) 347.447ms
[10.311s][info][gc,metaspace] GC(16) Metaspace: 23744K(24256K)->23744K(24256K) NonClass: 19635K(19904K)->19635K(19904K) Class: 4109K(4352K)->4109K(4352K)
[10.311s][info][gc          ] GC(16) Pause Full (System.gc()) 775M->775M(6144M) 354.152ms
[10.673s][info][gc,metaspace] GC(17) Metaspace: 23744K(24256K)->23744K(24256K) NonClass: 19635K(19904K)->19635K(19904K) Class: 4109K(4352K)->4109K(4352K)
[10.673s][info][gc          ] GC(17) Pause Full (System.gc()) 775M->775M(6144M) 361.800ms
[11.011s][info][gc,metaspace] GC(18) Metaspace: 23744K(24256K)->23744K(24256K) NonClass: 19635K(19904K)->19635K(19904K) Class: 4109K(4352K)->4109K(4352K)
[11.011s][info][gc          ] GC(18) Pause Full (System.gc()) 775M->775M(6144M) 338.702ms
[11.332s][info][gc,metaspace] GC(19) Metaspace: 23744K(24256K)->23744K(24256K) NonClass: 19635K(19904K)->19635K(19904K) Class: 4109K(4352K)->4109K(4352K)
[11.332s][info][gc          ] GC(19) Pause Full (System.gc()) 775M->775M(6144M) 320.722ms
[11.667s][info][gc,metaspace] GC(20) Metaspace: 23744K(24256K)->23744K(24256K) NonClass: 19635K(19904K)->19635K(19904K) Class: 4109K(4352K)->4109K(4352K)
[11.667s][info][gc          ] GC(20) Pause Full (System.gc()) 775M->775M(6144M) 335.056ms
[12.018s][info][gc,metaspace] GC(21) Metaspace: 23744K(24256K)->23744K(24256K) NonClass: 19635K(19904K)->19635K(19904K) Class: 4109K(4352K)->4109K(4352K)
[12.018s][info][gc          ] GC(21) Pause Full (System.gc()) 775M->775M(6144M) 350.829ms
[12.351s][info][gc,metaspace] GC(22) Metaspace: 23744K(24256K)->23744K(24256K) NonClass: 19635K(19904K)->19635K(19904K) Class: 4109K(4352K)->4109K(4352K)
[12.351s][info][gc          ] GC(22) Pause Full (System.gc()) 775M->775M(6144M) 332.896ms
[12.686s][info][gc,metaspace] GC(23) Metaspace: 23744K(24256K)->23744K(24256K) NonClass: 19635K(19904K)->19635K(19904K) Class: 4109K(4352K)->4109K(4352K)
[12.686s][info][gc          ] GC(23) Pause Full (System.gc()) 775M->775M(6144M) 334.937ms
[13.071s][info][gc,metaspace] GC(24) Metaspace: 23744K(24256K)->23744K(24256K) NonClass: 19635K(19904K)->19635K(19904K) Class: 4109K(4352K)->4109K(4352K)
[13.071s][info][gc          ] GC(24) Pause Full (System.gc()) 775M->775M(6144M) 380.411ms
[13.411s][info][gc,metaspace] GC(25) Metaspace: 23744K(24256K)->23744K(24256K) NonClass: 19635K(19904K)->19635K(19904K) Class: 4109K(4352K)->4109K(4352K)
[13.411s][info][gc          ] GC(25) Pause Full (System.gc()) 775M->775M(6144M) 340.542ms
[13.759s][info][gc,metaspace] GC(26) Metaspace: 23744K(24256K)->23744K(24256K) NonClass: 19635K(19904K)->19635K(19904K) Class: 4109K(4352K)->4109K(4352K)
[13.759s][info][gc          ] GC(26) Pause Full (System.gc()) 775M->775M(6144M) 347.762ms
[14.141s][info][gc,metaspace] GC(27) Metaspace: 23744K(24256K)->23744K(24256K) NonClass: 19635K(19904K)->19635K(19904K) Class: 4109K(4352K)->4109K(4352K)
[14.141s][info][gc          ] GC(27) Pause Full (System.gc()) 775M->775M(6144M) 381.933ms
[14.489s][info][gc,metaspace] GC(28) Metaspace: 23744K(24256K)->23744K(24256K) NonClass: 19635K(19904K)->19635K(19904K) Class: 4109K(4352K)->4109K(4352K)
[14.489s][info][gc          ] GC(28) Pause Full (System.gc()) 775M->775M(6144M) 347.178ms
[14.858s][info][gc,metaspace] GC(29) Metaspace: 23744K(24256K)->23744K(24256K) NonClass: 19635K(19904K)->19635K(19904K) Class: 4109K(4352K)->4109K(4352K)
[14.858s][info][gc          ] GC(29) Pause Full (System.gc()) 775M->775M(6144M) 369.832ms
[15.185s][info][gc,metaspace] GC(30) Metaspace: 23744K(24256K)->23744K(24256K) NonClass: 19635K(19904K)->19635K(19904K) Class: 4109K(4352K)->4109K(4352K)
[15.185s][info][gc          ] GC(30) Pause Full (System.gc()) 775M->775M(6144M) 326.830ms
[15.532s][info][gc,metaspace] GC(31) Metaspace: 23744K(24256K)->23744K(24256K) NonClass: 19635K(19904K)->19635K(19904K) Class: 4109K(4352K)->4109K(4352K)
[15.532s][info][gc          ] GC(31) Pause Full (System.gc()) 775M->775M(6144M) 346.793ms
[15.921s][info][gc,metaspace] GC(32) Metaspace: 23744K(24256K)->23744K(24256K) NonClass: 19635K(19904K)->19635K(19904K) Class: 4109K(4352K)->4109K(4352K)
[15.921s][info][gc          ] GC(32) Pause Full (System.gc()) 775M->775M(6144M) 388.359ms
[16.259s][info][gc,metaspace] GC(33) Metaspace: 23744K(24256K)->23744K(24256K) NonClass: 19635K(19904K)->19635K(19904K) Class: 4109K(4352K)->4109K(4352K)
[16.259s][info][gc          ] GC(33) Pause Full (System.gc()) 775M->775M(6144M) 338.659ms
[16.580s][info][gc,metaspace] GC(34) Metaspace: 23744K(24256K)->23744K(24256K) NonClass: 19635K(19904K)->19635K(19904K) Class: 4109K(4352K)->4109K(4352K)
[16.580s][info][gc          ] GC(34) Pause Full (System.gc()) 775M->775M(6144M) 320.617ms
[16.939s][info][gc,metaspace] GC(35) Metaspace: 23744K(24256K)->23744K(24256K) NonClass: 19635K(19904K)->19635K(19904K) Class: 4109K(4352K)->4109K(4352K)
[16.939s][info][gc          ] GC(35) Pause Full (System.gc()) 775M->775M(6144M) 359.207ms
[17.274s][info][gc,metaspace] GC(36) Metaspace: 23744K(24256K)->23744K(24256K) NonClass: 19635K(19904K)->19635K(19904K) Class: 4109K(4352K)->4109K(4352K)
[17.274s][info][gc          ] GC(36) Pause Full (System.gc()) 775M->775M(6144M) 334.925ms
[17.616s][info][gc,metaspace] GC(37) Metaspace: 23744K(24256K)->23744K(24256K) NonClass: 19635K(19904K)->19635K(19904K) Class: 4109K(4352K)->4109K(4352K)
[17.617s][info][gc          ] GC(37) Pause Full (System.gc()) 775M->775M(6144M) 342.198ms
[17.985s][info][gc,metaspace] GC(38) Metaspace: 23744K(24256K)->23744K(24256K) NonClass: 19635K(19904K)->19635K(19904K) Class: 4109K(4352K)->4109K(4352K)
[17.985s][info][gc          ] GC(38) Pause Full (System.gc()) 775M->775M(6144M) 368.031ms
[18.316s][info][gc,metaspace] GC(39) Metaspace: 23744K(24256K)->23744K(24256K) NonClass: 19635K(19904K)->19635K(19904K) Class: 4109K(4352K)->4109K(4352K)
[18.316s][info][gc          ] GC(39) Pause Full (System.gc()) 775M->775M(6144M) 330.957ms
[18.644s][info][gc,metaspace] GC(40) Metaspace: 23744K(24256K)->23744K(24256K) NonClass: 19635K(19904K)->19635K(19904K) Class: 4109K(4352K)->4109K(4352K)
[18.644s][info][gc          ] GC(40) Pause Full (System.gc()) 775M->775M(6144M) 328.397ms
[19.002s][info][gc,metaspace] GC(41) Metaspace: 23744K(24256K)->23744K(24256K) NonClass: 19635K(19904K)->19635K(19904K) Class: 4109K(4352K)->4109K(4352K)
[19.002s][info][gc          ] GC(41) Pause Full (System.gc()) 775M->775M(6144M) 357.862ms
[19.350s][info][gc,metaspace] GC(42) Metaspace: 23744K(24256K)->23744K(24256K) NonClass: 19635K(19904K)->19635K(19904K) Class: 4109K(4352K)->4109K(4352K)
[19.350s][info][gc          ] GC(42) Pause Full (System.gc()) 775M->775M(6144M) 347.745ms
[19.698s][info][gc,metaspace] GC(43) Metaspace: 23744K(24256K)->23744K(24256K) NonClass: 19635K(19904K)->19635K(19904K) Class: 4109K(4352K)->4109K(4352K)
[19.698s][info][gc          ] GC(43) Pause Full (System.gc()) 775M->775M(6144M) 347.701ms
[20.076s][info][gc,metaspace] GC(44) Metaspace: 23744K(24256K)->23744K(24256K) NonClass: 19635K(19904K)->19635K(19904K) Class: 4109K(4352K)->4109K(4352K)
[20.076s][info][gc          ] GC(44) Pause Full (System.gc()) 775M->775M(6144M) 378.842ms
[20.428s][info][gc,metaspace] GC(45) Metaspace: 23744K(24256K)->23744K(24256K) NonClass: 19635K(19904K)->19635K(19904K) Class: 4109K(4352K)->4109K(4352K)
[20.428s][info][gc          ] GC(45) Pause Full (System.gc()) 775M->775M(6144M) 351.467ms
[20.787s][info][gc,metaspace] GC(46) Metaspace: 23744K(24256K)->23744K(24256K) NonClass: 19635K(19904K)->19635K(19904K) Class: 4109K(4352K)->4109K(4352K)
[20.787s][info][gc          ] GC(46) Pause Full (System.gc()) 775M->775M(6144M) 359.190ms
[21.173s][info][gc,metaspace] GC(47) Metaspace: 23744K(24256K)->23744K(24256K) NonClass: 19635K(19904K)->19635K(19904K) Class: 4109K(4352K)->4109K(4352K)
[21.173s][info][gc          ] GC(47) Pause Full (System.gc()) 775M->775M(6144M) 385.665ms
[21.510s][info][gc,metaspace] GC(48) Metaspace: 23744K(24256K)->23744K(24256K) NonClass: 19635K(19904K)->19635K(19904K) Class: 4109K(4352K)->4109K(4352K)
[21.510s][info][gc          ] GC(48) Pause Full (System.gc()) 775M->775M(6144M) 336.524ms
[21.878s][info][gc,metaspace] GC(49) Metaspace: 23744K(24256K)->23744K(24256K) NonClass: 19635K(19904K)->19635K(19904K) Class: 4109K(4352K)->4109K(4352K)
[21.878s][info][gc          ] GC(49) Pause Full (System.gc()) 775M->775M(6144M) 368.598ms
[22.234s][info][gc,metaspace] GC(50) Metaspace: 23744K(24256K)->23744K(24256K) NonClass: 19635K(19904K)->19635K(19904K) Class: 4109K(4352K)->4109K(4352K)
[22.234s][info][gc          ] GC(50) Pause Full (System.gc()) 775M->775M(6144M) 356.040ms
[22.575s][info][gc,metaspace] GC(51) Metaspace: 23744K(24256K)->23744K(24256K) NonClass: 19635K(19904K)->19635K(19904K) Class: 4109K(4352K)->4109K(4352K)
[22.575s][info][gc          ] GC(51) Pause Full (System.gc()) 775M->775M(6144M) 340.918ms
[22.968s][info][gc,metaspace] GC(52) Metaspace: 23744K(24256K)->23744K(24256K) NonClass: 19635K(19904K)->19635K(19904K) Class: 4109K(4352K)->4109K(4352K)
[22.969s][info][gc          ] GC(52) Pause Full (System.gc()) 775M->775M(6144M) 393.167ms
[23.332s][info][gc,metaspace] GC(53) Metaspace: 23744K(24256K)->23744K(24256K) NonClass: 19635K(19904K)->19635K(19904K) Class: 4109K(4352K)->4109K(4352K)
[23.332s][info][gc          ] GC(53) Pause Full (System.gc()) 775M->775M(6144M) 363.259ms
[23.675s][info][gc,metaspace] GC(54) Metaspace: 23744K(24256K)->23744K(24256K) NonClass: 19635K(19904K)->19635K(19904K) Class: 4109K(4352K)->4109K(4352K)
[23.675s][info][gc          ] GC(54) Pause Full (System.gc()) 775M->775M(6144M) 343.005ms
[24.023s][info][gc,metaspace] GC(55) Metaspace: 23744K(24256K)->23744K(24256K) NonClass: 19635K(19904K)->19635K(19904K) Class: 4109K(4352K)->4109K(4352K)
[24.023s][info][gc          ] GC(55) Pause Full (System.gc()) 775M->775M(6144M) 348.211ms
[24.355s][info][gc,metaspace] GC(56) Metaspace: 23744K(24256K)->23744K(24256K) NonClass: 19635K(19904K)->19635K(19904K) Class: 4109K(4352K)->4109K(4352K)
[24.355s][info][gc          ] GC(56) Pause Full (System.gc()) 775M->775M(6144M) 331.905ms
[24.692s][info][gc,metaspace] GC(57) Metaspace: 23744K(24256K)->23744K(24256K) NonClass: 19635K(19904K)->19635K(19904K) Class: 4109K(4352K)->4109K(4352K)
[24.692s][info][gc          ] GC(57) Pause Full (System.gc()) 775M->775M(6144M) 336.582ms
[25.046s][info][gc,metaspace] GC(58) Metaspace: 23744K(24256K)->23744K(24256K) NonClass: 19635K(19904K)->19635K(19904K) Class: 4109K(4352K)->4109K(4352K)
[25.046s][info][gc          ] GC(58) Pause Full (System.gc()) 775M->775M(6144M) 354.635ms
[25.372s][info][gc,metaspace] GC(59) Metaspace: 23744K(24256K)->23744K(24256K) NonClass: 19635K(19904K)->19635K(19904K) Class: 4109K(4352K)->4109K(4352K)
[25.372s][info][gc          ] GC(59) Pause Full (System.gc()) 775M->775M(6144M) 325.101ms
[25.721s][info][gc,metaspace] GC(60) Metaspace: 23744K(24256K)->23744K(24256K) NonClass: 19635K(19904K)->19635K(19904K) Class: 4109K(4352K)->4109K(4352K)
[25.721s][info][gc          ] GC(60) Pause Full (System.gc()) 775M->775M(6144M) 349.300ms
[26.083s][info][gc,metaspace] GC(61) Metaspace: 23744K(24256K)->23744K(24256K) NonClass: 19635K(19904K)->19635K(19904K) Class: 4109K(4352K)->4109K(4352K)
[26.083s][info][gc          ] GC(61) Pause Full (System.gc()) 775M->775M(6144M) 362.278ms
[26.424s][info][gc,metaspace] GC(62) Metaspace: 23744K(24256K)->23744K(24256K) NonClass: 19635K(19904K)->19635K(19904K) Class: 4109K(4352K)->4109K(4352K)
[26.424s][info][gc          ] GC(62) Pause Full (System.gc()) 775M->775M(6144M) 340.795ms
[26.770s][info][gc,metaspace] GC(63) Metaspace: 23744K(24256K)->23744K(24256K) NonClass: 19635K(19904K)->19635K(19904K) Class: 4109K(4352K)->4109K(4352K)
[26.770s][info][gc          ] GC(63) Pause Full (System.gc()) 775M->775M(6144M) 345.372ms
[27.128s][info][gc,metaspace] GC(64) Metaspace: 23744K(24256K)->23744K(24256K) NonClass: 19635K(19904K)->19635K(19904K) Class: 4109K(4352K)->4109K(4352K)
[27.128s][info][gc          ] GC(64) Pause Full (System.gc()) 775M->775M(6144M) 358.315ms
[27.472s][info][gc,metaspace] GC(65) Metaspace: 23744K(24256K)->23744K(24256K) NonClass: 19635K(19904K)->19635K(19904K) Class: 4109K(4352K)->4109K(4352K)
[27.472s][info][gc          ] GC(65) Pause Full (System.gc()) 775M->775M(6144M) 343.503ms
[27.842s][info][gc,metaspace] GC(66) Metaspace: 23744K(24256K)->23744K(24256K) NonClass: 19635K(19904K)->19635K(19904K) Class: 4109K(4352K)->4109K(4352K)
[27.842s][info][gc          ] GC(66) Pause Full (System.gc()) 775M->775M(6144M) 370.152ms
[28.181s][info][gc,metaspace] GC(67) Metaspace: 23744K(24256K)->23744K(24256K) NonClass: 19635K(19904K)->19635K(19904K) Class: 4109K(4352K)->4109K(4352K)
[28.181s][info][gc          ] GC(67) Pause Full (System.gc()) 775M->775M(6144M) 338.719ms
[28.525s][info][gc,metaspace] GC(68) Metaspace: 23744K(24256K)->23744K(24256K) NonClass: 19635K(19904K)->19635K(19904K) Class: 4109K(4352K)->4109K(4352K)
[28.525s][info][gc          ] GC(68) Pause Full (System.gc()) 775M->775M(6144M) 344.205ms
[28.899s][info][gc,metaspace] GC(69) Metaspace: 23744K(24256K)->23744K(24256K) NonClass: 19635K(19904K)->19635K(19904K) Class: 4109K(4352K)->4109K(4352K)
[28.899s][info][gc          ] GC(69) Pause Full (System.gc()) 775M->775M(6144M) 373.734ms
[29.243s][info][gc,metaspace] GC(70) Metaspace: 23744K(24256K)->23744K(24256K) NonClass: 19635K(19904K)->19635K(19904K) Class: 4109K(4352K)->4109K(4352K)
[29.243s][info][gc          ] GC(70) Pause Full (System.gc()) 775M->775M(6144M) 344.692ms
[29.590s][info][gc,metaspace] GC(71) Metaspace: 23744K(24256K)->23744K(24256K) NonClass: 19635K(19904K)->19635K(19904K) Class: 4109K(4352K)->4109K(4352K)
[29.590s][info][gc          ] GC(71) Pause Full (System.gc()) 775M->775M(6144M) 346.169ms
[29.940s][info][gc,metaspace] GC(72) Metaspace: 23744K(24256K)->23744K(24256K) NonClass: 19635K(19904K)->19635K(19904K) Class: 4109K(4352K)->4109K(4352K)
[29.940s][info][gc          ] GC(72) Pause Full (System.gc()) 775M->775M(6144M) 349.887ms
[30.276s][info][gc,metaspace] GC(73) Metaspace: 23744K(24256K)->23744K(24256K) NonClass: 19635K(19904K)->19635K(19904K) Class: 4109K(4352K)->4109K(4352K)
[30.276s][info][gc          ] GC(73) Pause Full (System.gc()) 775M->775M(6144M) 336.594ms
[30.615s][info][gc,metaspace] GC(74) Metaspace: 23744K(24256K)->23744K(24256K) NonClass: 19635K(19904K)->19635K(19904K) Class: 4109K(4352K)->4109K(4352K)
[30.615s][info][gc          ] GC(74) Pause Full (System.gc()) 775M->775M(6144M) 338.623ms
[30.993s][info][gc,metaspace] GC(75) Metaspace: 23744K(24256K)->23744K(24256K) NonClass: 19635K(19904K)->19635K(19904K) Class: 4109K(4352K)->4109K(4352K)
[30.994s][info][gc          ] GC(75) Pause Full (System.gc()) 775M->775M(6144M) 378.578ms
[31.329s][info][gc,metaspace] GC(76) Metaspace: 23744K(24256K)->23744K(24256K) NonClass: 19635K(19904K)->19635K(19904K) Class: 4109K(4352K)->4109K(4352K)
[31.329s][info][gc          ] GC(76) Pause Full (System.gc()) 775M->775M(6144M) 335.443ms
[31.683s][info][gc,metaspace] GC(77) Metaspace: 23744K(24256K)->23744K(24256K) NonClass: 19635K(19904K)->19635K(19904K) Class: 4109K(4352K)->4109K(4352K)
[31.683s][info][gc          ] GC(77) Pause Full (System.gc()) 775M->775M(6144M) 353.734ms
[32.035s][info][gc,metaspace] GC(78) Metaspace: 23744K(24256K)->23744K(24256K) NonClass: 19635K(19904K)->19635K(19904K) Class: 4109K(4352K)->4109K(4352K)
[32.035s][info][gc          ] GC(78) Pause Full (System.gc()) 775M->775M(6144M) 352.259ms
[32.394s][info][gc,metaspace] GC(79) Metaspace: 23744K(24256K)->23744K(24256K) NonClass: 19635K(19904K)->19635K(19904K) Class: 4109K(4352K)->4109K(4352K)
[32.394s][info][gc          ] GC(79) Pause Full (System.gc()) 775M->775M(6144M) 358.505ms
[32.741s][info][gc,metaspace] GC(80) Metaspace: 23744K(24256K)->23744K(24256K) NonClass: 19635K(19904K)->19635K(19904K) Class: 4109K(4352K)->4109K(4352K)
[32.741s][info][gc          ] GC(80) Pause Full (System.gc()) 775M->775M(6144M) 347.614ms
[33.101s][info][gc,metaspace] GC(81) Metaspace: 23744K(24256K)->23744K(24256K) NonClass: 19635K(19904K)->19635K(19904K) Class: 4109K(4352K)->4109K(4352K)
[33.101s][info][gc          ] GC(81) Pause Full (System.gc()) 775M->775M(6144M) 359.654ms
[33.432s][info][gc,metaspace] GC(82) Metaspace: 23744K(24256K)->23744K(24256K) NonClass: 19635K(19904K)->19635K(19904K) Class: 4109K(4352K)->4109K(4352K)
[33.432s][info][gc          ] GC(82) Pause Full (System.gc()) 775M->775M(6144M) 331.302ms
[33.789s][info][gc,metaspace] GC(83) Metaspace: 23744K(24256K)->23744K(24256K) NonClass: 19635K(19904K)->19635K(19904K) Class: 4109K(4352K)->4109K(4352K)
[33.789s][info][gc          ] GC(83) Pause Full (System.gc()) 775M->775M(6144M) 356.522ms
[34.147s][info][gc,metaspace] GC(84) Metaspace: 23744K(24256K)->23744K(24256K) NonClass: 19635K(19904K)->19635K(19904K) Class: 4109K(4352K)->4109K(4352K)
[34.147s][info][gc          ] GC(84) Pause Full (System.gc()) 775M->775M(6144M) 358.178ms
[34.479s][info][gc,metaspace] GC(85) Metaspace: 23744K(24256K)->23744K(24256K) NonClass: 19635K(19904K)->19635K(19904K) Class: 4109K(4352K)->4109K(4352K)
[34.479s][info][gc          ] GC(85) Pause Full (System.gc()) 775M->775M(6144M) 331.228ms
[34.843s][info][gc,metaspace] GC(86) Metaspace: 23744K(24256K)->23744K(24256K) NonClass: 19635K(19904K)->19635K(19904K) Class: 4109K(4352K)->4109K(4352K)
[34.844s][info][gc          ] GC(86) Pause Full (System.gc()) 775M->775M(6144M) 364.840ms
[35.194s][info][gc,metaspace] GC(87) Metaspace: 23744K(24256K)->23744K(24256K) NonClass: 19635K(19904K)->19635K(19904K) Class: 4109K(4352K)->4109K(4352K)
[35.194s][info][gc          ] GC(87) Pause Full (System.gc()) 775M->775M(6144M) 350.471ms
[35.544s][info][gc,metaspace] GC(88) Metaspace: 23744K(24256K)->23744K(24256K) NonClass: 19635K(19904K)->19635K(19904K) Class: 4109K(4352K)->4109K(4352K)
[35.544s][info][gc          ] GC(88) Pause Full (System.gc()) 775M->775M(6144M) 349.891ms
[35.901s][info][gc,metaspace] GC(89) Metaspace: 23744K(24256K)->23744K(24256K) NonClass: 19635K(19904K)->19635K(19904K) Class: 4109K(4352K)->4109K(4352K)
[35.901s][info][gc          ] GC(89) Pause Full (System.gc()) 775M->775M(6144M) 357.301ms
[36.243s][info][gc,metaspace] GC(90) Metaspace: 23744K(24256K)->23744K(24256K) NonClass: 19635K(19904K)->19635K(19904K) Class: 4109K(4352K)->4109K(4352K)
[36.243s][info][gc          ] GC(90) Pause Full (System.gc()) 775M->775M(6144M) 341.301ms
[36.603s][info][gc,metaspace] GC(91) Metaspace: 23744K(24256K)->23744K(24256K) NonClass: 19635K(19904K)->19635K(19904K) Class: 4109K(4352K)->4109K(4352K)
[36.603s][info][gc          ] GC(91) Pause Full (System.gc()) 775M->775M(6144M) 359.829ms
[36.966s][info][gc,metaspace] GC(92) Metaspace: 23744K(24256K)->23744K(24256K) NonClass: 19635K(19904K)->19635K(19904K) Class: 4109K(4352K)->4109K(4352K)
[36.966s][info][gc          ] GC(92) Pause Full (System.gc()) 775M->775M(6144M) 363.661ms
[37.309s][info][gc,metaspace] GC(93) Metaspace: 23744K(24256K)->23744K(24256K) NonClass: 19635K(19904K)->19635K(19904K) Class: 4109K(4352K)->4109K(4352K)
[37.309s][info][gc          ] GC(93) Pause Full (System.gc()) 775M->775M(6144M) 342.929ms
[37.662s][info][gc,metaspace] GC(94) Metaspace: 23744K(24256K)->23744K(24256K) NonClass: 19635K(19904K)->19635K(19904K) Class: 4109K(4352K)->4109K(4352K)
[37.662s][info][gc          ] GC(94) Pause Full (System.gc()) 775M->775M(6144M) 352.754ms
[38.022s][info][gc,metaspace] GC(95) Metaspace: 23744K(24256K)->23744K(24256K) NonClass: 19635K(19904K)->19635K(19904K) Class: 4109K(4352K)->4109K(4352K)
[38.022s][info][gc          ] GC(95) Pause Full (System.gc()) 775M->775M(6144M) 360.277ms
[38.354s][info][gc,metaspace] GC(96) Metaspace: 23744K(24256K)->23744K(24256K) NonClass: 19635K(19904K)->19635K(19904K) Class: 4109K(4352K)->4109K(4352K)
[38.354s][info][gc          ] GC(96) Pause Full (System.gc()) 775M->775M(6144M) 331.201ms
[38.698s][info][gc,metaspace] GC(97) Metaspace: 23744K(24256K)->23744K(24256K) NonClass: 19635K(19904K)->19635K(19904K) Class: 4109K(4352K)->4109K(4352K)
[38.698s][info][gc          ] GC(97) Pause Full (System.gc()) 775M->775M(6144M) 344.519ms
[39.056s][info][gc,metaspace] GC(98) Metaspace: 23744K(24256K)->23744K(24256K) NonClass: 19635K(19904K)->19635K(19904K) Class: 4109K(4352K)->4109K(4352K)
[39.056s][info][gc          ] GC(98) Pause Full (System.gc()) 775M->775M(6144M) 357.405ms
[39.391s][info][gc,metaspace] GC(99) Metaspace: 23744K(24256K)->23744K(24256K) NonClass: 19635K(19904K)->19635K(19904K) Class: 4109K(4352K)->4109K(4352K)
[39.391s][info][gc          ] GC(99) Pause Full (System.gc()) 775M->775M(6144M) 334.747ms
[39.735s][info][gc,metaspace] GC(100) Metaspace: 23744K(24256K)->23744K(24256K) NonClass: 19635K(19904K)->19635K(19904K) Class: 4109K(4352K)->4109K(4352K)
[39.735s][info][gc          ] GC(100) Pause Full (System.gc()) 775M->775M(6144M) 344.789ms
[40.087s][info][gc,metaspace] GC(101) Metaspace: 23744K(24256K)->23744K(24256K) NonClass: 19635K(19904K)->19635K(19904K) Class: 4109K(4352K)->4109K(4352K)
[40.087s][info][gc          ] GC(101) Pause Full (System.gc()) 775M->775M(6144M) 351.953ms
[40.431s][info][gc,metaspace] GC(102) Metaspace: 23744K(24256K)->23744K(24256K) NonClass: 19635K(19904K)->19635K(19904K) Class: 4109K(4352K)->4109K(4352K)
[40.431s][info][gc          ] GC(102) Pause Full (System.gc()) 775M->775M(6144M) 343.191ms
[40.776s][info][gc,metaspace] GC(103) Metaspace: 23744K(24256K)->23744K(24256K) NonClass: 19635K(19904K)->19635K(19904K) Class: 4109K(4352K)->4109K(4352K)
[40.776s][info][gc          ] GC(103) Pause Full (System.gc()) 775M->775M(6144M) 345.619ms
[41.148s][info][gc,metaspace] GC(104) Metaspace: 23744K(24256K)->23744K(24256K) NonClass: 19635K(19904K)->19635K(19904K) Class: 4109K(4352K)->4109K(4352K)
[41.148s][info][gc          ] GC(104) Pause Full (System.gc()) 775M->775M(6144M) 371.652ms
After GCs... 
