Done; will start GCs... 
[11.705s][info][gc,metaspace] GC(26) Metaspace: 11515K(11904K)->11515K(11904K) NonClass: 9638K(9856K)->9638K(9856K) Class: 1876K(2048K)->1876K(2048K)
[11.705s][info][gc          ] GC(26) Pause Full (System.gc()) 1578M->1576M(6144M) 578.412ms
[12.276s][info][gc,metaspace] GC(27) Metaspace: 11515K(11904K)->11515K(11904K) NonClass: 9638K(9856K)->9638K(9856K) Class: 1876K(2048K)->1876K(2048K)
[12.276s][info][gc          ] GC(27) Pause Full (System.gc()) 1576M->1576M(6144M) 571.493ms
[12.849s][info][gc,metaspace] GC(28) Metaspace: 11515K(11904K)->11515K(11904K) NonClass: 9638K(9856K)->9638K(9856K) Class: 1876K(2048K)->1876K(2048K)
[12.849s][info][gc          ] GC(28) Pause Full (System.gc()) 1576M->1576M(6144M) 572.889ms
[13.427s][info][gc,metaspace] GC(29) Metaspace: 11515K(11904K)->11515K(11904K) NonClass: 9638K(9856K)->9638K(9856K) Class: 1876K(2048K)->1876K(2048K)
[13.427s][info][gc          ] GC(29) Pause Full (System.gc()) 1576M->1576M(6144M) 577.866ms
[14.004s][info][gc,metaspace] GC(30) Metaspace: 11515K(11904K)->11515K(11904K) NonClass: 9638K(9856K)->9638K(9856K) Class: 1876K(2048K)->1876K(2048K)
[14.004s][info][gc          ] GC(30) Pause Full (System.gc()) 1576M->1576M(6144M) 576.541ms
[14.585s][info][gc,metaspace] GC(31) Metaspace: 11515K(11904K)->11515K(11904K) NonClass: 9638K(9856K)->9638K(9856K) Class: 1876K(2048K)->1876K(2048K)
[14.586s][info][gc          ] GC(31) Pause Full (System.gc()) 1576M->1576M(6144M) 581.587ms
[15.162s][info][gc,metaspace] GC(32) Metaspace: 11515K(11904K)->11515K(11904K) NonClass: 9638K(9856K)->9638K(9856K) Class: 1876K(2048K)->1876K(2048K)
[15.162s][info][gc          ] GC(32) Pause Full (System.gc()) 1576M->1576M(6144M) 576.153ms
[15.743s][info][gc,metaspace] GC(33) Metaspace: 11515K(11904K)->11515K(11904K) NonClass: 9638K(9856K)->9638K(9856K) Class: 1876K(2048K)->1876K(2048K)
[15.743s][info][gc          ] GC(33) Pause Full (System.gc()) 1576M->1576M(6144M) 581.309ms
[16.317s][info][gc,metaspace] GC(34) Metaspace: 11515K(11904K)->11515K(11904K) NonClass: 9638K(9856K)->9638K(9856K) Class: 1876K(2048K)->1876K(2048K)
[16.317s][info][gc          ] GC(34) Pause Full (System.gc()) 1576M->1576M(6144M) 574.125ms
[16.895s][info][gc,metaspace] GC(35) Metaspace: 11515K(11904K)->11515K(11904K) NonClass: 9638K(9856K)->9638K(9856K) Class: 1876K(2048K)->1876K(2048K)
[16.895s][info][gc          ] GC(35) Pause Full (System.gc()) 1576M->1576M(6144M) 577.703ms
[17.469s][info][gc,metaspace] GC(36) Metaspace: 11515K(11904K)->11515K(11904K) NonClass: 9638K(9856K)->9638K(9856K) Class: 1876K(2048K)->1876K(2048K)
[17.469s][info][gc          ] GC(36) Pause Full (System.gc()) 1576M->1576M(6144M) 574.321ms
[18.046s][info][gc,metaspace] GC(37) Metaspace: 11515K(11904K)->11515K(11904K) NonClass: 9638K(9856K)->9638K(9856K) Class: 1876K(2048K)->1876K(2048K)
[18.046s][info][gc          ] GC(37) Pause Full (System.gc()) 1576M->1576M(6144M) 576.115ms
[18.626s][info][gc,metaspace] GC(38) Metaspace: 11515K(11904K)->11515K(11904K) NonClass: 9638K(9856K)->9638K(9856K) Class: 1876K(2048K)->1876K(2048K)
[18.626s][info][gc          ] GC(38) Pause Full (System.gc()) 1576M->1576M(6144M) 579.935ms
[19.200s][info][gc,metaspace] GC(39) Metaspace: 11515K(11904K)->11515K(11904K) NonClass: 9638K(9856K)->9638K(9856K) Class: 1876K(2048K)->1876K(2048K)
[19.200s][info][gc          ] GC(39) Pause Full (System.gc()) 1576M->1576M(6144M) 574.065ms
[19.778s][info][gc,metaspace] GC(40) Metaspace: 11515K(11904K)->11515K(11904K) NonClass: 9638K(9856K)->9638K(9856K) Class: 1876K(2048K)->1876K(2048K)
[19.778s][info][gc          ] GC(40) Pause Full (System.gc()) 1576M->1576M(6144M) 577.795ms
[20.361s][info][gc,metaspace] GC(41) Metaspace: 11515K(11904K)->11515K(11904K) NonClass: 9638K(9856K)->9638K(9856K) Class: 1876K(2048K)->1876K(2048K)
[20.361s][info][gc          ] GC(41) Pause Full (System.gc()) 1576M->1576M(6144M) 583.332ms
[20.940s][info][gc,metaspace] GC(42) Metaspace: 11515K(11904K)->11515K(11904K) NonClass: 9638K(9856K)->9638K(9856K) Class: 1876K(2048K)->1876K(2048K)
[20.940s][info][gc          ] GC(42) Pause Full (System.gc()) 1576M->1576M(6144M) 579.390ms
[21.517s][info][gc,metaspace] GC(43) Metaspace: 11515K(11904K)->11515K(11904K) NonClass: 9638K(9856K)->9638K(9856K) Class: 1876K(2048K)->1876K(2048K)
[21.517s][info][gc          ] GC(43) Pause Full (System.gc()) 1576M->1576M(6144M) 576.576ms
[22.095s][info][gc,metaspace] GC(44) Metaspace: 11515K(11904K)->11515K(11904K) NonClass: 9638K(9856K)->9638K(9856K) Class: 1876K(2048K)->1876K(2048K)
[22.095s][info][gc          ] GC(44) Pause Full (System.gc()) 1576M->1576M(6144M) 577.780ms
[22.671s][info][gc,metaspace] GC(45) Metaspace: 11515K(11904K)->11515K(11904K) NonClass: 9638K(9856K)->9638K(9856K) Class: 1876K(2048K)->1876K(2048K)
[22.671s][info][gc          ] GC(45) Pause Full (System.gc()) 1576M->1576M(6144M) 576.394ms
[23.253s][info][gc,metaspace] GC(46) Metaspace: 11515K(11904K)->11515K(11904K) NonClass: 9638K(9856K)->9638K(9856K) Class: 1876K(2048K)->1876K(2048K)
[23.253s][info][gc          ] GC(46) Pause Full (System.gc()) 1576M->1576M(6144M) 581.741ms
[23.830s][info][gc,metaspace] GC(47) Metaspace: 11515K(11904K)->11515K(11904K) NonClass: 9638K(9856K)->9638K(9856K) Class: 1876K(2048K)->1876K(2048K)
[23.830s][info][gc          ] GC(47) Pause Full (System.gc()) 1576M->1576M(6144M) 577.146ms
[24.409s][info][gc,metaspace] GC(48) Metaspace: 11515K(11904K)->11515K(11904K) NonClass: 9638K(9856K)->9638K(9856K) Class: 1876K(2048K)->1876K(2048K)
[24.409s][info][gc          ] GC(48) Pause Full (System.gc()) 1576M->1576M(6144M) 578.796ms
[24.988s][info][gc,metaspace] GC(49) Metaspace: 11515K(11904K)->11515K(11904K) NonClass: 9638K(9856K)->9638K(9856K) Class: 1876K(2048K)->1876K(2048K)
[24.988s][info][gc          ] GC(49) Pause Full (System.gc()) 1576M->1576M(6144M) 578.801ms
[25.563s][info][gc,metaspace] GC(50) Metaspace: 11515K(11904K)->11515K(11904K) NonClass: 9638K(9856K)->9638K(9856K) Class: 1876K(2048K)->1876K(2048K)
[25.563s][info][gc          ] GC(50) Pause Full (System.gc()) 1576M->1576M(6144M) 574.994ms
[26.149s][info][gc,metaspace] GC(51) Metaspace: 11515K(11904K)->11515K(11904K) NonClass: 9638K(9856K)->9638K(9856K) Class: 1876K(2048K)->1876K(2048K)
[26.149s][info][gc          ] GC(51) Pause Full (System.gc()) 1576M->1576M(6144M) 585.679ms
[26.732s][info][gc,metaspace] GC(52) Metaspace: 11515K(11904K)->11515K(11904K) NonClass: 9638K(9856K)->9638K(9856K) Class: 1876K(2048K)->1876K(2048K)
[26.732s][info][gc          ] GC(52) Pause Full (System.gc()) 1576M->1576M(6144M) 582.959ms
[27.312s][info][gc,metaspace] GC(53) Metaspace: 11515K(11904K)->11515K(11904K) NonClass: 9638K(9856K)->9638K(9856K) Class: 1876K(2048K)->1876K(2048K)
[27.312s][info][gc          ] GC(53) Pause Full (System.gc()) 1576M->1576M(6144M) 580.050ms
[27.897s][info][gc,metaspace] GC(54) Metaspace: 11515K(11904K)->11515K(11904K) NonClass: 9638K(9856K)->9638K(9856K) Class: 1876K(2048K)->1876K(2048K)
[27.897s][info][gc          ] GC(54) Pause Full (System.gc()) 1576M->1576M(6144M) 584.916ms
[28.477s][info][gc,metaspace] GC(55) Metaspace: 11515K(11904K)->11515K(11904K) NonClass: 9638K(9856K)->9638K(9856K) Class: 1876K(2048K)->1876K(2048K)
[28.477s][info][gc          ] GC(55) Pause Full (System.gc()) 1576M->1576M(6144M) 580.084ms
[29.057s][info][gc,metaspace] GC(56) Metaspace: 11515K(11904K)->11515K(11904K) NonClass: 9638K(9856K)->9638K(9856K) Class: 1876K(2048K)->1876K(2048K)
[29.057s][info][gc          ] GC(56) Pause Full (System.gc()) 1576M->1576M(6144M) 579.365ms
[29.631s][info][gc,metaspace] GC(57) Metaspace: 11515K(11904K)->11515K(11904K) NonClass: 9638K(9856K)->9638K(9856K) Class: 1876K(2048K)->1876K(2048K)
[29.631s][info][gc          ] GC(57) Pause Full (System.gc()) 1576M->1576M(6144M) 574.272ms
[30.204s][info][gc,metaspace] GC(58) Metaspace: 11515K(11904K)->11515K(11904K) NonClass: 9638K(9856K)->9638K(9856K) Class: 1876K(2048K)->1876K(2048K)
[30.204s][info][gc          ] GC(58) Pause Full (System.gc()) 1576M->1576M(6144M) 573.143ms
[30.783s][info][gc,metaspace] GC(59) Metaspace: 11515K(11904K)->11515K(11904K) NonClass: 9638K(9856K)->9638K(9856K) Class: 1876K(2048K)->1876K(2048K)
[30.783s][info][gc          ] GC(59) Pause Full (System.gc()) 1576M->1576M(6144M) 578.860ms
[31.357s][info][gc,metaspace] GC(60) Metaspace: 11515K(11904K)->11515K(11904K) NonClass: 9638K(9856K)->9638K(9856K) Class: 1876K(2048K)->1876K(2048K)
[31.357s][info][gc          ] GC(60) Pause Full (System.gc()) 1576M->1576M(6144M) 573.710ms
[31.931s][info][gc,metaspace] GC(61) Metaspace: 11515K(11904K)->11515K(11904K) NonClass: 9638K(9856K)->9638K(9856K) Class: 1876K(2048K)->1876K(2048K)
[31.931s][info][gc          ] GC(61) Pause Full (System.gc()) 1576M->1576M(6144M) 573.631ms
[32.507s][info][gc,metaspace] GC(62) Metaspace: 11515K(11904K)->11515K(11904K) NonClass: 9638K(9856K)->9638K(9856K) Class: 1876K(2048K)->1876K(2048K)
[32.507s][info][gc          ] GC(62) Pause Full (System.gc()) 1576M->1576M(6144M) 576.536ms
[33.084s][info][gc,metaspace] GC(63) Metaspace: 11515K(11904K)->11515K(11904K) NonClass: 9638K(9856K)->9638K(9856K) Class: 1876K(2048K)->1876K(2048K)
[33.084s][info][gc          ] GC(63) Pause Full (System.gc()) 1576M->1576M(6144M) 576.703ms
[33.666s][info][gc,metaspace] GC(64) Metaspace: 11515K(11904K)->11515K(11904K) NonClass: 9638K(9856K)->9638K(9856K) Class: 1876K(2048K)->1876K(2048K)
[33.666s][info][gc          ] GC(64) Pause Full (System.gc()) 1576M->1576M(6144M) 581.931ms
[34.243s][info][gc,metaspace] GC(65) Metaspace: 11515K(11904K)->11515K(11904K) NonClass: 9638K(9856K)->9638K(9856K) Class: 1876K(2048K)->1876K(2048K)
[34.243s][info][gc          ] GC(65) Pause Full (System.gc()) 1576M->1576M(6144M) 577.383ms
[34.819s][info][gc,metaspace] GC(66) Metaspace: 11515K(11904K)->11515K(11904K) NonClass: 9638K(9856K)->9638K(9856K) Class: 1876K(2048K)->1876K(2048K)
[34.819s][info][gc          ] GC(66) Pause Full (System.gc()) 1576M->1576M(6144M) 575.518ms
[35.397s][info][gc,metaspace] GC(67) Metaspace: 11515K(11904K)->11515K(11904K) NonClass: 9638K(9856K)->9638K(9856K) Class: 1876K(2048K)->1876K(2048K)
[35.397s][info][gc          ] GC(67) Pause Full (System.gc()) 1576M->1576M(6144M) 577.978ms
[35.971s][info][gc,metaspace] GC(68) Metaspace: 11515K(11904K)->11515K(11904K) NonClass: 9638K(9856K)->9638K(9856K) Class: 1876K(2048K)->1876K(2048K)
[35.971s][info][gc          ] GC(68) Pause Full (System.gc()) 1576M->1576M(6144M) 573.940ms
[36.547s][info][gc,metaspace] GC(69) Metaspace: 11515K(11904K)->11515K(11904K) NonClass: 9638K(9856K)->9638K(9856K) Class: 1876K(2048K)->1876K(2048K)
[36.547s][info][gc          ] GC(69) Pause Full (System.gc()) 1576M->1576M(6144M) 575.807ms
[37.123s][info][gc,metaspace] GC(70) Metaspace: 11515K(11904K)->11515K(11904K) NonClass: 9638K(9856K)->9638K(9856K) Class: 1876K(2048K)->1876K(2048K)
[37.123s][info][gc          ] GC(70) Pause Full (System.gc()) 1576M->1576M(6144M) 576.403ms
[37.701s][info][gc,metaspace] GC(71) Metaspace: 11515K(11904K)->11515K(11904K) NonClass: 9638K(9856K)->9638K(9856K) Class: 1876K(2048K)->1876K(2048K)
[37.701s][info][gc          ] GC(71) Pause Full (System.gc()) 1576M->1576M(6144M) 577.180ms
[38.282s][info][gc,metaspace] GC(72) Metaspace: 11515K(11904K)->11515K(11904K) NonClass: 9638K(9856K)->9638K(9856K) Class: 1876K(2048K)->1876K(2048K)
[38.283s][info][gc          ] GC(72) Pause Full (System.gc()) 1576M->1576M(6144M) 581.781ms
[38.862s][info][gc,metaspace] GC(73) Metaspace: 11515K(11904K)->11515K(11904K) NonClass: 9638K(9856K)->9638K(9856K) Class: 1876K(2048K)->1876K(2048K)
[38.862s][info][gc          ] GC(73) Pause Full (System.gc()) 1576M->1576M(6144M) 579.258ms
[39.438s][info][gc,metaspace] GC(74) Metaspace: 11515K(11904K)->11515K(11904K) NonClass: 9638K(9856K)->9638K(9856K) Class: 1876K(2048K)->1876K(2048K)
[39.438s][info][gc          ] GC(74) Pause Full (System.gc()) 1576M->1576M(6144M) 576.295ms
[40.014s][info][gc,metaspace] GC(75) Metaspace: 11515K(11904K)->11515K(11904K) NonClass: 9638K(9856K)->9638K(9856K) Class: 1876K(2048K)->1876K(2048K)
[40.014s][info][gc          ] GC(75) Pause Full (System.gc()) 1576M->1576M(6144M) 575.276ms
After GCs... 
