Done; will start GCs... 
[11.010s][info][gc,metaspace] GC(27) Metaspace: 11487K(11776K)->11487K(11776K) NonClass: 10346K(10496K)->10346K(10496K) Class: 1141K(1280K)->1141K(1280K)
[11.010s][info][gc          ] GC(27) Pause Full (System.gc()) 1801M->1799M(6144M) 628.411ms
[11.659s][info][gc,metaspace] GC(28) Metaspace: 11487K(11776K)->11487K(11776K) NonClass: 10346K(10496K)->10346K(10496K) Class: 1141K(1280K)->1141K(1280K)
[11.659s][info][gc          ] GC(28) Pause Full (System.gc()) 1799M->1799M(6144M) 649.456ms
[12.308s][info][gc,metaspace] GC(29) Metaspace: 11487K(11776K)->11487K(11776K) NonClass: 10346K(10496K)->10346K(10496K) Class: 1141K(1280K)->1141K(1280K)
[12.308s][info][gc          ] GC(29) Pause Full (System.gc()) 1799M->1799M(6144M) 649.063ms
[12.960s][info][gc,metaspace] GC(30) Metaspace: 11487K(11776K)->11487K(11776K) NonClass: 10346K(10496K)->10346K(10496K) Class: 1141K(1280K)->1141K(1280K)
[12.960s][info][gc          ] GC(30) Pause Full (System.gc()) 1799M->1799M(6144M) 651.878ms
[13.604s][info][gc,metaspace] GC(31) Metaspace: 11487K(11776K)->11487K(11776K) NonClass: 10346K(10496K)->10346K(10496K) Class: 1141K(1280K)->1141K(1280K)
[13.604s][info][gc          ] GC(31) Pause Full (System.gc()) 1799M->1799M(6144M) 643.776ms
[14.250s][info][gc,metaspace] GC(32) Metaspace: 11487K(11776K)->11487K(11776K) NonClass: 10346K(10496K)->10346K(10496K) Class: 1141K(1280K)->1141K(1280K)
[14.250s][info][gc          ] GC(32) Pause Full (System.gc()) 1799M->1799M(6144M) 646.201ms
[14.904s][info][gc,metaspace] GC(33) Metaspace: 11487K(11776K)->11487K(11776K) NonClass: 10346K(10496K)->10346K(10496K) Class: 1141K(1280K)->1141K(1280K)
[14.904s][info][gc          ] GC(33) Pause Full (System.gc()) 1799M->1799M(6144M) 653.983ms
[15.556s][info][gc,metaspace] GC(34) Metaspace: 11487K(11776K)->11487K(11776K) NonClass: 10346K(10496K)->10346K(10496K) Class: 1141K(1280K)->1141K(1280K)
[15.556s][info][gc          ] GC(34) Pause Full (System.gc()) 1799M->1799M(6144M) 651.370ms
[16.212s][info][gc,metaspace] GC(35) Metaspace: 11487K(11776K)->11487K(11776K) NonClass: 10346K(10496K)->10346K(10496K) Class: 1141K(1280K)->1141K(1280K)
[16.212s][info][gc          ] GC(35) Pause Full (System.gc()) 1799M->1799M(6144M) 656.412ms
[16.852s][info][gc,metaspace] GC(36) Metaspace: 11487K(11776K)->11487K(11776K) NonClass: 10346K(10496K)->10346K(10496K) Class: 1141K(1280K)->1141K(1280K)
[16.852s][info][gc          ] GC(36) Pause Full (System.gc()) 1799M->1799M(6144M) 639.449ms
[17.499s][info][gc,metaspace] GC(37) Metaspace: 11487K(11776K)->11487K(11776K) NonClass: 10346K(10496K)->10346K(10496K) Class: 1141K(1280K)->1141K(1280K)
[17.499s][info][gc          ] GC(37) Pause Full (System.gc()) 1799M->1799M(6144M) 646.914ms
[18.152s][info][gc,metaspace] GC(38) Metaspace: 11487K(11776K)->11487K(11776K) NonClass: 10346K(10496K)->10346K(10496K) Class: 1141K(1280K)->1141K(1280K)
[18.152s][info][gc          ] GC(38) Pause Full (System.gc()) 1799M->1799M(6144M) 652.718ms
[18.807s][info][gc,metaspace] GC(39) Metaspace: 11487K(11776K)->11487K(11776K) NonClass: 10346K(10496K)->10346K(10496K) Class: 1141K(1280K)->1141K(1280K)
[18.807s][info][gc          ] GC(39) Pause Full (System.gc()) 1799M->1799M(6144M) 655.752ms
[19.453s][info][gc,metaspace] GC(40) Metaspace: 11487K(11776K)->11487K(11776K) NonClass: 10346K(10496K)->10346K(10496K) Class: 1141K(1280K)->1141K(1280K)
[19.453s][info][gc          ] GC(40) Pause Full (System.gc()) 1799M->1799M(6144M) 645.257ms
[20.101s][info][gc,metaspace] GC(41) Metaspace: 11487K(11776K)->11487K(11776K) NonClass: 10346K(10496K)->10346K(10496K) Class: 1141K(1280K)->1141K(1280K)
[20.101s][info][gc          ] GC(41) Pause Full (System.gc()) 1799M->1799M(6144M) 648.433ms
[20.729s][info][gc,metaspace] GC(42) Metaspace: 11487K(11776K)->11487K(11776K) NonClass: 10346K(10496K)->10346K(10496K) Class: 1141K(1280K)->1141K(1280K)
[20.730s][info][gc          ] GC(42) Pause Full (System.gc()) 1799M->1799M(6144M) 628.150ms
[21.314s][info][gc,metaspace] GC(43) Metaspace: 11487K(11776K)->11487K(11776K) NonClass: 10346K(10496K)->10346K(10496K) Class: 1141K(1280K)->1141K(1280K)
[21.315s][info][gc          ] GC(43) Pause Full (System.gc()) 1799M->1799M(6144M) 584.957ms
[21.949s][info][gc,metaspace] GC(44) Metaspace: 11487K(11776K)->11487K(11776K) NonClass: 10346K(10496K)->10346K(10496K) Class: 1141K(1280K)->1141K(1280K)
[21.949s][info][gc          ] GC(44) Pause Full (System.gc()) 1799M->1799M(6144M) 634.630ms
[22.584s][info][gc,metaspace] GC(45) Metaspace: 11487K(11776K)->11487K(11776K) NonClass: 10346K(10496K)->10346K(10496K) Class: 1141K(1280K)->1141K(1280K)
[22.584s][info][gc          ] GC(45) Pause Full (System.gc()) 1799M->1799M(6144M) 634.302ms
[23.213s][info][gc,metaspace] GC(46) Metaspace: 11487K(11776K)->11487K(11776K) NonClass: 10346K(10496K)->10346K(10496K) Class: 1141K(1280K)->1141K(1280K)
[23.213s][info][gc          ] GC(46) Pause Full (System.gc()) 1799M->1799M(6144M) 629.648ms
[23.831s][info][gc,metaspace] GC(47) Metaspace: 11487K(11776K)->11487K(11776K) NonClass: 10346K(10496K)->10346K(10496K) Class: 1141K(1280K)->1141K(1280K)
[23.831s][info][gc          ] GC(47) Pause Full (System.gc()) 1799M->1799M(6144M) 617.921ms
[24.468s][info][gc,metaspace] GC(48) Metaspace: 11487K(11776K)->11487K(11776K) NonClass: 10346K(10496K)->10346K(10496K) Class: 1141K(1280K)->1141K(1280K)
[24.468s][info][gc          ] GC(48) Pause Full (System.gc()) 1799M->1799M(6144M) 636.293ms
[25.103s][info][gc,metaspace] GC(49) Metaspace: 11487K(11776K)->11487K(11776K) NonClass: 10346K(10496K)->10346K(10496K) Class: 1141K(1280K)->1141K(1280K)
[25.103s][info][gc          ] GC(49) Pause Full (System.gc()) 1799M->1799M(6144M) 635.540ms
[25.740s][info][gc,metaspace] GC(50) Metaspace: 11487K(11776K)->11487K(11776K) NonClass: 10346K(10496K)->10346K(10496K) Class: 1141K(1280K)->1141K(1280K)
[25.740s][info][gc          ] GC(50) Pause Full (System.gc()) 1799M->1799M(6144M) 636.979ms
[26.375s][info][gc,metaspace] GC(51) Metaspace: 11487K(11776K)->11487K(11776K) NonClass: 10346K(10496K)->10346K(10496K) Class: 1141K(1280K)->1141K(1280K)
[26.375s][info][gc          ] GC(51) Pause Full (System.gc()) 1799M->1799M(6144M) 634.958ms
[27.004s][info][gc,metaspace] GC(52) Metaspace: 11487K(11776K)->11487K(11776K) NonClass: 10346K(10496K)->10346K(10496K) Class: 1141K(1280K)->1141K(1280K)
[27.004s][info][gc          ] GC(52) Pause Full (System.gc()) 1799M->1799M(6144M) 629.064ms
[27.638s][info][gc,metaspace] GC(53) Metaspace: 11487K(11776K)->11487K(11776K) NonClass: 10346K(10496K)->10346K(10496K) Class: 1141K(1280K)->1141K(1280K)
[27.638s][info][gc          ] GC(53) Pause Full (System.gc()) 1799M->1799M(6144M) 633.287ms
[28.271s][info][gc,metaspace] GC(54) Metaspace: 11487K(11776K)->11487K(11776K) NonClass: 10346K(10496K)->10346K(10496K) Class: 1141K(1280K)->1141K(1280K)
[28.271s][info][gc          ] GC(54) Pause Full (System.gc()) 1799M->1799M(6144M) 632.883ms
[28.905s][info][gc,metaspace] GC(55) Metaspace: 11487K(11776K)->11487K(11776K) NonClass: 10346K(10496K)->10346K(10496K) Class: 1141K(1280K)->1141K(1280K)
[28.905s][info][gc          ] GC(55) Pause Full (System.gc()) 1799M->1799M(6144M) 634.390ms
[29.534s][info][gc,metaspace] GC(56) Metaspace: 11487K(11776K)->11487K(11776K) NonClass: 10346K(10496K)->10346K(10496K) Class: 1141K(1280K)->1141K(1280K)
[29.534s][info][gc          ] GC(56) Pause Full (System.gc()) 1799M->1799M(6144M) 628.786ms
[30.153s][info][gc,metaspace] GC(57) Metaspace: 11487K(11776K)->11487K(11776K) NonClass: 10346K(10496K)->10346K(10496K) Class: 1141K(1280K)->1141K(1280K)
[30.153s][info][gc          ] GC(57) Pause Full (System.gc()) 1799M->1799M(6144M) 619.142ms
[30.772s][info][gc,metaspace] GC(58) Metaspace: 11487K(11776K)->11487K(11776K) NonClass: 10346K(10496K)->10346K(10496K) Class: 1141K(1280K)->1141K(1280K)
[30.772s][info][gc          ] GC(58) Pause Full (System.gc()) 1799M->1799M(6144M) 618.270ms
[31.406s][info][gc,metaspace] GC(59) Metaspace: 11487K(11776K)->11487K(11776K) NonClass: 10346K(10496K)->10346K(10496K) Class: 1141K(1280K)->1141K(1280K)
[31.406s][info][gc          ] GC(59) Pause Full (System.gc()) 1799M->1799M(6144M) 634.764ms
[32.038s][info][gc,metaspace] GC(60) Metaspace: 11487K(11776K)->11487K(11776K) NonClass: 10346K(10496K)->10346K(10496K) Class: 1141K(1280K)->1141K(1280K)
[32.038s][info][gc          ] GC(60) Pause Full (System.gc()) 1799M->1799M(6144M) 631.458ms
[32.676s][info][gc,metaspace] GC(61) Metaspace: 11487K(11776K)->11487K(11776K) NonClass: 10346K(10496K)->10346K(10496K) Class: 1141K(1280K)->1141K(1280K)
[32.676s][info][gc          ] GC(61) Pause Full (System.gc()) 1799M->1799M(6144M) 638.164ms
[33.314s][info][gc,metaspace] GC(62) Metaspace: 11487K(11776K)->11487K(11776K) NonClass: 10346K(10496K)->10346K(10496K) Class: 1141K(1280K)->1141K(1280K)
[33.314s][info][gc          ] GC(62) Pause Full (System.gc()) 1799M->1799M(6144M) 637.383ms
[33.952s][info][gc,metaspace] GC(63) Metaspace: 11487K(11776K)->11487K(11776K) NonClass: 10346K(10496K)->10346K(10496K) Class: 1141K(1280K)->1141K(1280K)
[33.953s][info][gc          ] GC(63) Pause Full (System.gc()) 1799M->1799M(6144M) 634.440ms
[34.524s][info][gc,metaspace] GC(64) Metaspace: 11487K(11776K)->11487K(11776K) NonClass: 10346K(10496K)->10346K(10496K) Class: 1141K(1280K)->1141K(1280K)
[34.524s][info][gc          ] GC(64) Pause Full (System.gc()) 1799M->1799M(6144M) 571.844ms
[35.095s][info][gc,metaspace] GC(65) Metaspace: 11487K(11776K)->11487K(11776K) NonClass: 10346K(10496K)->10346K(10496K) Class: 1141K(1280K)->1141K(1280K)
[35.095s][info][gc          ] GC(65) Pause Full (System.gc()) 1799M->1799M(6144M) 570.965ms
[35.666s][info][gc,metaspace] GC(66) Metaspace: 11487K(11776K)->11487K(11776K) NonClass: 10346K(10496K)->10346K(10496K) Class: 1141K(1280K)->1141K(1280K)
[35.666s][info][gc          ] GC(66) Pause Full (System.gc()) 1799M->1799M(6144M) 570.861ms
[36.240s][info][gc,metaspace] GC(67) Metaspace: 11487K(11776K)->11487K(11776K) NonClass: 10346K(10496K)->10346K(10496K) Class: 1141K(1280K)->1141K(1280K)
[36.240s][info][gc          ] GC(67) Pause Full (System.gc()) 1799M->1799M(6144M) 573.401ms
[36.812s][info][gc,metaspace] GC(68) Metaspace: 11487K(11776K)->11487K(11776K) NonClass: 10346K(10496K)->10346K(10496K) Class: 1141K(1280K)->1141K(1280K)
[36.812s][info][gc          ] GC(68) Pause Full (System.gc()) 1799M->1799M(6144M) 572.486ms
[37.384s][info][gc,metaspace] GC(69) Metaspace: 11487K(11776K)->11487K(11776K) NonClass: 10346K(10496K)->10346K(10496K) Class: 1141K(1280K)->1141K(1280K)
[37.384s][info][gc          ] GC(69) Pause Full (System.gc()) 1799M->1799M(6144M) 571.551ms
[37.956s][info][gc,metaspace] GC(70) Metaspace: 11487K(11776K)->11487K(11776K) NonClass: 10346K(10496K)->10346K(10496K) Class: 1141K(1280K)->1141K(1280K)
[37.956s][info][gc          ] GC(70) Pause Full (System.gc()) 1799M->1799M(6144M) 571.455ms
[38.523s][info][gc,metaspace] GC(71) Metaspace: 11487K(11776K)->11487K(11776K) NonClass: 10346K(10496K)->10346K(10496K) Class: 1141K(1280K)->1141K(1280K)
[38.524s][info][gc          ] GC(71) Pause Full (System.gc()) 1799M->1799M(6144M) 567.881ms
[39.094s][info][gc,metaspace] GC(72) Metaspace: 11487K(11776K)->11487K(11776K) NonClass: 10346K(10496K)->10346K(10496K) Class: 1141K(1280K)->1141K(1280K)
[39.094s][info][gc          ] GC(72) Pause Full (System.gc()) 1799M->1799M(6144M) 570.748ms
[39.671s][info][gc,metaspace] GC(73) Metaspace: 11487K(11776K)->11487K(11776K) NonClass: 10346K(10496K)->10346K(10496K) Class: 1141K(1280K)->1141K(1280K)
[39.671s][info][gc          ] GC(73) Pause Full (System.gc()) 1799M->1799M(6144M) 576.984ms
[40.246s][info][gc,metaspace] GC(74) Metaspace: 11487K(11776K)->11487K(11776K) NonClass: 10346K(10496K)->10346K(10496K) Class: 1141K(1280K)->1141K(1280K)
[40.246s][info][gc          ] GC(74) Pause Full (System.gc()) 1799M->1799M(6144M) 574.797ms
[40.821s][info][gc,metaspace] GC(75) Metaspace: 11487K(11776K)->11487K(11776K) NonClass: 10346K(10496K)->10346K(10496K) Class: 1141K(1280K)->1141K(1280K)
[40.822s][info][gc          ] GC(75) Pause Full (System.gc()) 1799M->1799M(6144M) 575.178ms
[41.391s][info][gc,metaspace] GC(76) Metaspace: 11487K(11776K)->11487K(11776K) NonClass: 10346K(10496K)->10346K(10496K) Class: 1141K(1280K)->1141K(1280K)
[41.391s][info][gc          ] GC(76) Pause Full (System.gc()) 1799M->1799M(6144M) 569.191ms
After GCs... 
