Done; will start GCs... 
[105.255s][info][gc,metaspace] GC(36) Metaspace: 101129K(115008K)->101129K(115008K) NonClass: 72449K(78400K)->72449K(78400K) Class: 28680K(36608K)->28680K(36608K)
[105.255s][info][gc          ] GC(36) Pause Full (System.gc()) 813M->804M(6144M) 951.959ms
[106.140s][info][gc,metaspace] GC(37) Metaspace: 101129K(115008K)->101129K(115008K) NonClass: 72449K(78400K)->72449K(78400K) Class: 28680K(36608K)->28680K(36608K)
[106.140s][info][gc          ] GC(37) Pause Full (System.gc()) 804M->804M(6144M) 884.136ms
[106.977s][info][gc,metaspace] GC(38) Metaspace: 101129K(115008K)->101129K(115008K) NonClass: 72449K(78400K)->72449K(78400K) Class: 28680K(36608K)->28680K(36608K)
[106.977s][info][gc          ] GC(38) Pause Full (System.gc()) 804M->804M(6144M) 837.352ms
[107.776s][info][gc,metaspace] GC(39) Metaspace: 101129K(115008K)->101129K(115008K) NonClass: 72449K(78400K)->72449K(78400K) Class: 28680K(36608K)->28680K(36608K)
[107.776s][info][gc          ] GC(39) Pause Full (System.gc()) 804M->804M(6144M) 799.238ms
[108.626s][info][gc,metaspace] GC(40) Metaspace: 101129K(115008K)->101129K(115008K) NonClass: 72449K(78400K)->72449K(78400K) Class: 28680K(36608K)->28680K(36608K)
[108.626s][info][gc          ] GC(40) Pause Full (System.gc()) 804M->804M(6144M) 849.918ms
[109.472s][info][gc,metaspace] GC(41) Metaspace: 101129K(115008K)->101129K(115008K) NonClass: 72449K(78400K)->72449K(78400K) Class: 28680K(36608K)->28680K(36608K)
[109.472s][info][gc          ] GC(41) Pause Full (System.gc()) 804M->804M(6144M) 845.479ms
[110.318s][info][gc,metaspace] GC(42) Metaspace: 101129K(115008K)->101129K(115008K) NonClass: 72449K(78400K)->72449K(78400K) Class: 28680K(36608K)->28680K(36608K)
[110.318s][info][gc          ] GC(42) Pause Full (System.gc()) 804M->804M(6144M) 841.587ms
[111.145s][info][gc,metaspace] GC(43) Metaspace: 101129K(115008K)->101129K(115008K) NonClass: 72449K(78400K)->72449K(78400K) Class: 28680K(36608K)->28680K(36608K)
[111.145s][info][gc          ] GC(43) Pause Full (System.gc()) 804M->804M(6144M) 826.475ms
[111.992s][info][gc,metaspace] GC(44) Metaspace: 101129K(115008K)->101129K(115008K) NonClass: 72449K(78400K)->72449K(78400K) Class: 28680K(36608K)->28680K(36608K)
[111.992s][info][gc          ] GC(44) Pause Full (System.gc()) 804M->804M(6144M) 847.315ms
[112.776s][info][gc,metaspace] GC(45) Metaspace: 101129K(115008K)->101129K(115008K) NonClass: 72449K(78400K)->72449K(78400K) Class: 28680K(36608K)->28680K(36608K)
[112.776s][info][gc          ] GC(45) Pause Full (System.gc()) 804M->804M(6144M) 783.700ms
[113.573s][info][gc,metaspace] GC(46) Metaspace: 101129K(115008K)->101129K(115008K) NonClass: 72449K(78400K)->72449K(78400K) Class: 28680K(36608K)->28680K(36608K)
[113.573s][info][gc          ] GC(46) Pause Full (System.gc()) 804M->804M(6144M) 797.087ms
[114.361s][info][gc,metaspace] GC(47) Metaspace: 101129K(115008K)->101129K(115008K) NonClass: 72449K(78400K)->72449K(78400K) Class: 28680K(36608K)->28680K(36608K)
[114.361s][info][gc          ] GC(47) Pause Full (System.gc()) 804M->804M(6144M) 787.688ms
[115.160s][info][gc,metaspace] GC(48) Metaspace: 101129K(115008K)->101129K(115008K) NonClass: 72449K(78400K)->72449K(78400K) Class: 28680K(36608K)->28680K(36608K)
[115.160s][info][gc          ] GC(48) Pause Full (System.gc()) 804M->804M(6144M) 798.813ms
[115.967s][info][gc,metaspace] GC(49) Metaspace: 101129K(115008K)->101129K(115008K) NonClass: 72449K(78400K)->72449K(78400K) Class: 28680K(36608K)->28680K(36608K)
[115.967s][info][gc          ] GC(49) Pause Full (System.gc()) 804M->804M(6144M) 803.132ms
[116.776s][info][gc,metaspace] GC(50) Metaspace: 101129K(115008K)->101129K(115008K) NonClass: 72449K(78400K)->72449K(78400K) Class: 28680K(36608K)->28680K(36608K)
[116.777s][info][gc          ] GC(50) Pause Full (System.gc()) 804M->804M(6144M) 809.075ms
[117.616s][info][gc,metaspace] GC(51) Metaspace: 101129K(115008K)->101129K(115008K) NonClass: 72449K(78400K)->72449K(78400K) Class: 28680K(36608K)->28680K(36608K)
[117.616s][info][gc          ] GC(51) Pause Full (System.gc()) 804M->804M(6144M) 838.970ms
[118.450s][info][gc,metaspace] GC(52) Metaspace: 101129K(115008K)->101129K(115008K) NonClass: 72449K(78400K)->72449K(78400K) Class: 28680K(36608K)->28680K(36608K)
[118.450s][info][gc          ] GC(52) Pause Full (System.gc()) 804M->804M(6144M) 834.187ms
[119.241s][info][gc,metaspace] GC(53) Metaspace: 101129K(115008K)->101129K(115008K) NonClass: 72449K(78400K)->72449K(78400K) Class: 28680K(36608K)->28680K(36608K)
[119.241s][info][gc          ] GC(53) Pause Full (System.gc()) 804M->804M(6144M) 790.703ms
[120.047s][info][gc,metaspace] GC(54) Metaspace: 101129K(115008K)->101129K(115008K) NonClass: 72449K(78400K)->72449K(78400K) Class: 28680K(36608K)->28680K(36608K)
[120.047s][info][gc          ] GC(54) Pause Full (System.gc()) 804M->804M(6144M) 805.921ms
[120.842s][info][gc,metaspace] GC(55) Metaspace: 101129K(115008K)->101129K(115008K) NonClass: 72449K(78400K)->72449K(78400K) Class: 28680K(36608K)->28680K(36608K)
[120.842s][info][gc          ] GC(55) Pause Full (System.gc()) 804M->804M(6144M) 795.529ms
[121.661s][info][gc,metaspace] GC(56) Metaspace: 101129K(115008K)->101129K(115008K) NonClass: 72449K(78400K)->72449K(78400K) Class: 28680K(36608K)->28680K(36608K)
[121.661s][info][gc          ] GC(56) Pause Full (System.gc()) 804M->804M(6144M) 814.495ms
[122.407s][info][gc,metaspace] GC(57) Metaspace: 101129K(115008K)->101129K(115008K) NonClass: 72449K(78400K)->72449K(78400K) Class: 28680K(36608K)->28680K(36608K)
[122.407s][info][gc          ] GC(57) Pause Full (System.gc()) 804M->804M(6144M) 745.542ms
[123.195s][info][gc,metaspace] GC(58) Metaspace: 101129K(115008K)->101129K(115008K) NonClass: 72449K(78400K)->72449K(78400K) Class: 28680K(36608K)->28680K(36608K)
[123.195s][info][gc          ] GC(58) Pause Full (System.gc()) 805M->804M(6144M) 788.112ms
[123.980s][info][gc,metaspace] GC(59) Metaspace: 101129K(115008K)->101129K(115008K) NonClass: 72449K(78400K)->72449K(78400K) Class: 28680K(36608K)->28680K(36608K)
[123.980s][info][gc          ] GC(59) Pause Full (System.gc()) 804M->804M(6144M) 784.942ms
[124.799s][info][gc,metaspace] GC(60) Metaspace: 101129K(115008K)->101129K(115008K) NonClass: 72449K(78400K)->72449K(78400K) Class: 28680K(36608K)->28680K(36608K)
[124.799s][info][gc          ] GC(60) Pause Full (System.gc()) 804M->804M(6144M) 818.811ms
[125.675s][info][gc,metaspace] GC(61) Metaspace: 101129K(115008K)->101129K(115008K) NonClass: 72449K(78400K)->72449K(78400K) Class: 28680K(36608K)->28680K(36608K)
[125.676s][info][gc          ] GC(61) Pause Full (System.gc()) 804M->804M(6144M) 876.262ms
[126.460s][info][gc,metaspace] GC(62) Metaspace: 101129K(115008K)->101129K(115008K) NonClass: 72449K(78400K)->72449K(78400K) Class: 28680K(36608K)->28680K(36608K)
[126.460s][info][gc          ] GC(62) Pause Full (System.gc()) 804M->804M(6144M) 784.589ms
[127.229s][info][gc,metaspace] GC(63) Metaspace: 101129K(115008K)->101129K(115008K) NonClass: 72449K(78400K)->72449K(78400K) Class: 28680K(36608K)->28680K(36608K)
[127.229s][info][gc          ] GC(63) Pause Full (System.gc()) 804M->804M(6144M) 768.214ms
[128.022s][info][gc,metaspace] GC(64) Metaspace: 101129K(115008K)->101129K(115008K) NonClass: 72449K(78400K)->72449K(78400K) Class: 28680K(36608K)->28680K(36608K)
[128.022s][info][gc          ] GC(64) Pause Full (System.gc()) 804M->804M(6144M) 793.206ms
[128.842s][info][gc,metaspace] GC(65) Metaspace: 101129K(115008K)->101129K(115008K) NonClass: 72449K(78400K)->72449K(78400K) Class: 28680K(36608K)->28680K(36608K)
[128.842s][info][gc          ] GC(65) Pause Full (System.gc()) 804M->804M(6144M) 819.873ms
[129.694s][info][gc,metaspace] GC(66) Metaspace: 101129K(115008K)->101129K(115008K) NonClass: 72449K(78400K)->72449K(78400K) Class: 28680K(36608K)->28680K(36608K)
[129.694s][info][gc          ] GC(66) Pause Full (System.gc()) 804M->804M(6144M) 852.352ms
[130.457s][info][gc,metaspace] GC(67) Metaspace: 101129K(115008K)->101129K(115008K) NonClass: 72449K(78400K)->72449K(78400K) Class: 28680K(36608K)->28680K(36608K)
[130.457s][info][gc          ] GC(67) Pause Full (System.gc()) 804M->804M(6144M) 762.315ms
[131.309s][info][gc,metaspace] GC(68) Metaspace: 101129K(115008K)->101129K(115008K) NonClass: 72449K(78400K)->72449K(78400K) Class: 28680K(36608K)->28680K(36608K)
[131.309s][info][gc          ] GC(68) Pause Full (System.gc()) 804M->804M(6144M) 852.364ms
[132.205s][info][gc,metaspace] GC(69) Metaspace: 101129K(115008K)->101129K(115008K) NonClass: 72449K(78400K)->72449K(78400K) Class: 28680K(36608K)->28680K(36608K)
[132.205s][info][gc          ] GC(69) Pause Full (System.gc()) 804M->804M(6144M) 895.874ms
[133.025s][info][gc,metaspace] GC(70) Metaspace: 101129K(115008K)->101129K(115008K) NonClass: 72449K(78400K)->72449K(78400K) Class: 28680K(36608K)->28680K(36608K)
[133.025s][info][gc          ] GC(70) Pause Full (System.gc()) 804M->804M(6144M) 815.748ms
[133.877s][info][gc,metaspace] GC(71) Metaspace: 101129K(115008K)->101129K(115008K) NonClass: 72449K(78400K)->72449K(78400K) Class: 28680K(36608K)->28680K(36608K)
[133.877s][info][gc          ] GC(71) Pause Full (System.gc()) 804M->804M(6144M) 851.856ms
[134.688s][info][gc,metaspace] GC(72) Metaspace: 101129K(115008K)->101129K(115008K) NonClass: 72449K(78400K)->72449K(78400K) Class: 28680K(36608K)->28680K(36608K)
[134.688s][info][gc          ] GC(72) Pause Full (System.gc()) 804M->804M(6144M) 810.197ms
[135.525s][info][gc,metaspace] GC(73) Metaspace: 101129K(115008K)->101129K(115008K) NonClass: 72449K(78400K)->72449K(78400K) Class: 28680K(36608K)->28680K(36608K)
[135.525s][info][gc          ] GC(73) Pause Full (System.gc()) 804M->804M(6144M) 837.699ms
[136.319s][info][gc,metaspace] GC(74) Metaspace: 101129K(115008K)->101129K(115008K) NonClass: 72449K(78400K)->72449K(78400K) Class: 28680K(36608K)->28680K(36608K)
[136.319s][info][gc          ] GC(74) Pause Full (System.gc()) 804M->804M(6144M) 793.576ms
[137.115s][info][gc,metaspace] GC(75) Metaspace: 101129K(115008K)->101129K(115008K) NonClass: 72449K(78400K)->72449K(78400K) Class: 28680K(36608K)->28680K(36608K)
[137.115s][info][gc          ] GC(75) Pause Full (System.gc()) 804M->804M(6144M) 795.889ms
[137.923s][info][gc,metaspace] GC(76) Metaspace: 101129K(115008K)->101129K(115008K) NonClass: 72449K(78400K)->72449K(78400K) Class: 28680K(36608K)->28680K(36608K)
[137.923s][info][gc          ] GC(76) Pause Full (System.gc()) 804M->804M(6144M) 807.736ms
[138.719s][info][gc,metaspace] GC(77) Metaspace: 101129K(115008K)->101129K(115008K) NonClass: 72449K(78400K)->72449K(78400K) Class: 28680K(36608K)->28680K(36608K)
[138.720s][info][gc          ] GC(77) Pause Full (System.gc()) 804M->804M(6144M) 792.103ms
[139.525s][info][gc,metaspace] GC(78) Metaspace: 101129K(115008K)->101129K(115008K) NonClass: 72449K(78400K)->72449K(78400K) Class: 28680K(36608K)->28680K(36608K)
[139.525s][info][gc          ] GC(78) Pause Full (System.gc()) 804M->804M(6144M) 805.718ms
[140.323s][info][gc,metaspace] GC(79) Metaspace: 101129K(115008K)->101129K(115008K) NonClass: 72449K(78400K)->72449K(78400K) Class: 28680K(36608K)->28680K(36608K)
[140.323s][info][gc          ] GC(79) Pause Full (System.gc()) 804M->804M(6144M) 797.698ms
[141.190s][info][gc,metaspace] GC(80) Metaspace: 101129K(115008K)->101129K(115008K) NonClass: 72449K(78400K)->72449K(78400K) Class: 28680K(36608K)->28680K(36608K)
[141.191s][info][gc          ] GC(80) Pause Full (System.gc()) 804M->804M(6144M) 867.285ms
[141.997s][info][gc,metaspace] GC(81) Metaspace: 101129K(115008K)->101129K(115008K) NonClass: 72449K(78400K)->72449K(78400K) Class: 28680K(36608K)->28680K(36608K)
[141.997s][info][gc          ] GC(81) Pause Full (System.gc()) 804M->804M(6144M) 806.041ms
[142.790s][info][gc,metaspace] GC(82) Metaspace: 101129K(115008K)->101129K(115008K) NonClass: 72449K(78400K)->72449K(78400K) Class: 28680K(36608K)->28680K(36608K)
[142.790s][info][gc          ] GC(82) Pause Full (System.gc()) 804M->804M(6144M) 793.173ms
[143.658s][info][gc,metaspace] GC(83) Metaspace: 101129K(115008K)->101129K(115008K) NonClass: 72449K(78400K)->72449K(78400K) Class: 28680K(36608K)->28680K(36608K)
[143.658s][info][gc          ] GC(83) Pause Full (System.gc()) 804M->804M(6144M) 868.320ms
[144.521s][info][gc,metaspace] GC(84) Metaspace: 101129K(115008K)->101129K(115008K) NonClass: 72449K(78400K)->72449K(78400K) Class: 28680K(36608K)->28680K(36608K)
[144.521s][info][gc          ] GC(84) Pause Full (System.gc()) 804M->804M(6144M) 862.429ms
[145.342s][info][gc,metaspace] GC(85) Metaspace: 101129K(115008K)->101129K(115008K) NonClass: 72449K(78400K)->72449K(78400K) Class: 28680K(36608K)->28680K(36608K)
[145.342s][info][gc          ] GC(85) Pause Full (System.gc()) 804M->804M(6144M) 820.835ms
[146.207s][info][gc,metaspace] GC(86) Metaspace: 101129K(115008K)->101129K(115008K) NonClass: 72449K(78400K)->72449K(78400K) Class: 28680K(36608K)->28680K(36608K)
[146.207s][info][gc          ] GC(86) Pause Full (System.gc()) 804M->804M(6144M) 865.003ms
[147.085s][info][gc,metaspace] GC(87) Metaspace: 101129K(115008K)->101129K(115008K) NonClass: 72449K(78400K)->72449K(78400K) Class: 28680K(36608K)->28680K(36608K)
[147.085s][info][gc          ] GC(87) Pause Full (System.gc()) 804M->804M(6144M) 877.781ms
[147.911s][info][gc,metaspace] GC(88) Metaspace: 101129K(115008K)->101129K(115008K) NonClass: 72449K(78400K)->72449K(78400K) Class: 28680K(36608K)->28680K(36608K)
[147.911s][info][gc          ] GC(88) Pause Full (System.gc()) 804M->804M(6144M) 825.971ms
[148.677s][info][gc,metaspace] GC(89) Metaspace: 101129K(115008K)->101129K(115008K) NonClass: 72449K(78400K)->72449K(78400K) Class: 28680K(36608K)->28680K(36608K)
[148.677s][info][gc          ] GC(89) Pause Full (System.gc()) 804M->804M(6144M) 766.203ms
[149.461s][info][gc,metaspace] GC(90) Metaspace: 101129K(115008K)->101129K(115008K) NonClass: 72449K(78400K)->72449K(78400K) Class: 28680K(36608K)->28680K(36608K)
[149.461s][info][gc          ] GC(90) Pause Full (System.gc()) 804M->804M(6144M) 779.395ms
[150.277s][info][gc,metaspace] GC(91) Metaspace: 101129K(115008K)->101129K(115008K) NonClass: 72449K(78400K)->72449K(78400K) Class: 28680K(36608K)->28680K(36608K)
[150.277s][info][gc          ] GC(91) Pause Full (System.gc()) 804M->804M(6144M) 815.532ms
[151.075s][info][gc,metaspace] GC(92) Metaspace: 101129K(115008K)->101129K(115008K) NonClass: 72449K(78400K)->72449K(78400K) Class: 28680K(36608K)->28680K(36608K)
[151.075s][info][gc          ] GC(92) Pause Full (System.gc()) 804M->804M(6144M) 798.208ms
[151.939s][info][gc,metaspace] GC(93) Metaspace: 101129K(115008K)->101129K(115008K) NonClass: 72449K(78400K)->72449K(78400K) Class: 28680K(36608K)->28680K(36608K)
[151.939s][info][gc          ] GC(93) Pause Full (System.gc()) 804M->804M(6144M) 864.184ms
[152.798s][info][gc,metaspace] GC(94) Metaspace: 101129K(115008K)->101129K(115008K) NonClass: 72449K(78400K)->72449K(78400K) Class: 28680K(36608K)->28680K(36608K)
[152.799s][info][gc          ] GC(94) Pause Full (System.gc()) 804M->804M(6144M) 859.084ms
[153.574s][info][gc,metaspace] GC(95) Metaspace: 101129K(115008K)->101129K(115008K) NonClass: 72449K(78400K)->72449K(78400K) Class: 28680K(36608K)->28680K(36608K)
[153.574s][info][gc          ] GC(95) Pause Full (System.gc()) 804M->804M(6144M) 775.207ms
[154.428s][info][gc,metaspace] GC(96) Metaspace: 101129K(115008K)->101129K(115008K) NonClass: 72449K(78400K)->72449K(78400K) Class: 28680K(36608K)->28680K(36608K)
[154.428s][info][gc          ] GC(96) Pause Full (System.gc()) 804M->804M(6144M) 854.479ms
[155.216s][info][gc,metaspace] GC(97) Metaspace: 101129K(115008K)->101129K(115008K) NonClass: 72449K(78400K)->72449K(78400K) Class: 28680K(36608K)->28680K(36608K)
[155.216s][info][gc          ] GC(97) Pause Full (System.gc()) 804M->804M(6144M) 787.240ms
[156.007s][info][gc,metaspace] GC(98) Metaspace: 101129K(115008K)->101129K(115008K) NonClass: 72449K(78400K)->72449K(78400K) Class: 28680K(36608K)->28680K(36608K)
[156.007s][info][gc          ] GC(98) Pause Full (System.gc()) 804M->804M(6144M) 791.224ms
[156.822s][info][gc,metaspace] GC(99) Metaspace: 101129K(115008K)->101129K(115008K) NonClass: 72449K(78400K)->72449K(78400K) Class: 28680K(36608K)->28680K(36608K)
[156.822s][info][gc          ] GC(99) Pause Full (System.gc()) 804M->804M(6144M) 814.495ms
[157.662s][info][gc,metaspace] GC(100) Metaspace: 101129K(115008K)->101129K(115008K) NonClass: 72449K(78400K)->72449K(78400K) Class: 28680K(36608K)->28680K(36608K)
[157.662s][info][gc          ] GC(100) Pause Full (System.gc()) 804M->804M(6144M) 839.862ms
[158.494s][info][gc,metaspace] GC(101) Metaspace: 101129K(115008K)->101129K(115008K) NonClass: 72449K(78400K)->72449K(78400K) Class: 28680K(36608K)->28680K(36608K)
[158.494s][info][gc          ] GC(101) Pause Full (System.gc()) 804M->804M(6144M) 831.839ms
[159.256s][info][gc,metaspace] GC(102) Metaspace: 101129K(115008K)->101129K(115008K) NonClass: 72449K(78400K)->72449K(78400K) Class: 28680K(36608K)->28680K(36608K)
[159.256s][info][gc          ] GC(102) Pause Full (System.gc()) 804M->804M(6144M) 762.629ms
[160.092s][info][gc,metaspace] GC(103) Metaspace: 101129K(115008K)->101129K(115008K) NonClass: 72449K(78400K)->72449K(78400K) Class: 28680K(36608K)->28680K(36608K)
[160.092s][info][gc          ] GC(103) Pause Full (System.gc()) 804M->804M(6144M) 835.398ms
[160.907s][info][gc,metaspace] GC(104) Metaspace: 101129K(115008K)->101129K(115008K) NonClass: 72449K(78400K)->72449K(78400K) Class: 28680K(36608K)->28680K(36608K)
[160.907s][info][gc          ] GC(104) Pause Full (System.gc()) 804M->804M(6144M) 815.101ms
[161.678s][info][gc,metaspace] GC(105) Metaspace: 101129K(115008K)->101129K(115008K) NonClass: 72449K(78400K)->72449K(78400K) Class: 28680K(36608K)->28680K(36608K)
[161.678s][info][gc          ] GC(105) Pause Full (System.gc()) 804M->804M(6144M) 770.529ms
[162.512s][info][gc,metaspace] GC(106) Metaspace: 101129K(115008K)->101129K(115008K) NonClass: 72449K(78400K)->72449K(78400K) Class: 28680K(36608K)->28680K(36608K)
[162.512s][info][gc          ] GC(106) Pause Full (System.gc()) 804M->804M(6144M) 833.722ms
[163.378s][info][gc,metaspace] GC(107) Metaspace: 101129K(115008K)->101129K(115008K) NonClass: 72449K(78400K)->72449K(78400K) Class: 28680K(36608K)->28680K(36608K)
[163.378s][info][gc          ] GC(107) Pause Full (System.gc()) 804M->804M(6144M) 866.057ms
[164.207s][info][gc,metaspace] GC(108) Metaspace: 101129K(115008K)->101129K(115008K) NonClass: 72449K(78400K)->72449K(78400K) Class: 28680K(36608K)->28680K(36608K)
[164.207s][info][gc          ] GC(108) Pause Full (System.gc()) 804M->804M(6144M) 828.935ms
[164.993s][info][gc,metaspace] GC(109) Metaspace: 101129K(115008K)->101129K(115008K) NonClass: 72449K(78400K)->72449K(78400K) Class: 28680K(36608K)->28680K(36608K)
[164.993s][info][gc          ] GC(109) Pause Full (System.gc()) 804M->804M(6144M) 785.615ms
[165.771s][info][gc,metaspace] GC(110) Metaspace: 101129K(115008K)->101129K(115008K) NonClass: 72449K(78400K)->72449K(78400K) Class: 28680K(36608K)->28680K(36608K)
[165.771s][info][gc          ] GC(110) Pause Full (System.gc()) 804M->804M(6144M) 778.734ms
[166.574s][info][gc,metaspace] GC(111) Metaspace: 101129K(115008K)->101129K(115008K) NonClass: 72449K(78400K)->72449K(78400K) Class: 28680K(36608K)->28680K(36608K)
[166.574s][info][gc          ] GC(111) Pause Full (System.gc()) 804M->804M(6144M) 802.890ms
[167.419s][info][gc,metaspace] GC(112) Metaspace: 101129K(115008K)->101129K(115008K) NonClass: 72449K(78400K)->72449K(78400K) Class: 28680K(36608K)->28680K(36608K)
[167.419s][info][gc          ] GC(112) Pause Full (System.gc()) 804M->804M(6144M) 844.474ms
[168.244s][info][gc,metaspace] GC(113) Metaspace: 101129K(115008K)->101129K(115008K) NonClass: 72449K(78400K)->72449K(78400K) Class: 28680K(36608K)->28680K(36608K)
[168.244s][info][gc          ] GC(113) Pause Full (System.gc()) 804M->804M(6144M) 825.050ms
[169.079s][info][gc,metaspace] GC(114) Metaspace: 101129K(115008K)->101129K(115008K) NonClass: 72449K(78400K)->72449K(78400K) Class: 28680K(36608K)->28680K(36608K)
[169.079s][info][gc          ] GC(114) Pause Full (System.gc()) 804M->804M(6144M) 835.090ms
[169.896s][info][gc,metaspace] GC(115) Metaspace: 101129K(115008K)->101129K(115008K) NonClass: 72449K(78400K)->72449K(78400K) Class: 28680K(36608K)->28680K(36608K)
[169.896s][info][gc          ] GC(115) Pause Full (System.gc()) 804M->804M(6144M) 816.597ms
[170.700s][info][gc,metaspace] GC(116) Metaspace: 101129K(115008K)->101129K(115008K) NonClass: 72449K(78400K)->72449K(78400K) Class: 28680K(36608K)->28680K(36608K)
[170.700s][info][gc          ] GC(116) Pause Full (System.gc()) 804M->804M(6144M) 804.256ms
[171.532s][info][gc,metaspace] GC(117) Metaspace: 101129K(115008K)->101129K(115008K) NonClass: 72449K(78400K)->72449K(78400K) Class: 28680K(36608K)->28680K(36608K)
[171.532s][info][gc          ] GC(117) Pause Full (System.gc()) 804M->804M(6144M) 831.347ms
[172.375s][info][gc,metaspace] GC(118) Metaspace: 101129K(115008K)->101129K(115008K) NonClass: 72449K(78400K)->72449K(78400K) Class: 28680K(36608K)->28680K(36608K)
[172.375s][info][gc          ] GC(118) Pause Full (System.gc()) 804M->804M(6144M) 842.793ms
[173.246s][info][gc,metaspace] GC(119) Metaspace: 101129K(115008K)->101129K(115008K) NonClass: 72449K(78400K)->72449K(78400K) Class: 28680K(36608K)->28680K(36608K)
[173.246s][info][gc          ] GC(119) Pause Full (System.gc()) 804M->804M(6144M) 870.622ms
[174.051s][info][gc,metaspace] GC(120) Metaspace: 101129K(115008K)->101129K(115008K) NonClass: 72449K(78400K)->72449K(78400K) Class: 28680K(36608K)->28680K(36608K)
[174.051s][info][gc          ] GC(120) Pause Full (System.gc()) 804M->804M(6144M) 805.678ms
[174.880s][info][gc,metaspace] GC(121) Metaspace: 101129K(115008K)->101129K(115008K) NonClass: 72449K(78400K)->72449K(78400K) Class: 28680K(36608K)->28680K(36608K)
[174.880s][info][gc          ] GC(121) Pause Full (System.gc()) 804M->804M(6144M) 828.613ms
[175.733s][info][gc,metaspace] GC(122) Metaspace: 101129K(115008K)->101129K(115008K) NonClass: 72449K(78400K)->72449K(78400K) Class: 28680K(36608K)->28680K(36608K)
[175.733s][info][gc          ] GC(122) Pause Full (System.gc()) 804M->804M(6144M) 852.973ms
[176.510s][info][gc,metaspace] GC(123) Metaspace: 101129K(115008K)->101129K(115008K) NonClass: 72449K(78400K)->72449K(78400K) Class: 28680K(36608K)->28680K(36608K)
[176.510s][info][gc          ] GC(123) Pause Full (System.gc()) 804M->804M(6144M) 776.542ms
[177.343s][info][gc,metaspace] GC(124) Metaspace: 101129K(115008K)->101129K(115008K) NonClass: 72449K(78400K)->72449K(78400K) Class: 28680K(36608K)->28680K(36608K)
[177.343s][info][gc          ] GC(124) Pause Full (System.gc()) 804M->804M(6144M) 833.364ms
[178.161s][info][gc,metaspace] GC(125) Metaspace: 101129K(115008K)->101129K(115008K) NonClass: 72449K(78400K)->72449K(78400K) Class: 28680K(36608K)->28680K(36608K)
[178.162s][info][gc          ] GC(125) Pause Full (System.gc()) 804M->804M(6144M) 818.052ms
[178.977s][info][gc,metaspace] GC(126) Metaspace: 101129K(115008K)->101129K(115008K) NonClass: 72449K(78400K)->72449K(78400K) Class: 28680K(36608K)->28680K(36608K)
[178.977s][info][gc          ] GC(126) Pause Full (System.gc()) 804M->804M(6144M) 815.130ms
[179.779s][info][gc,metaspace] GC(127) Metaspace: 101129K(115008K)->101129K(115008K) NonClass: 72449K(78400K)->72449K(78400K) Class: 28680K(36608K)->28680K(36608K)
[179.779s][info][gc          ] GC(127) Pause Full (System.gc()) 804M->804M(6144M) 801.770ms
[180.649s][info][gc,metaspace] GC(128) Metaspace: 101129K(115008K)->101129K(115008K) NonClass: 72449K(78400K)->72449K(78400K) Class: 28680K(36608K)->28680K(36608K)
[180.649s][info][gc          ] GC(128) Pause Full (System.gc()) 804M->804M(6144M) 869.914ms
[181.477s][info][gc,metaspace] GC(129) Metaspace: 101129K(115008K)->101129K(115008K) NonClass: 72449K(78400K)->72449K(78400K) Class: 28680K(36608K)->28680K(36608K)
[181.477s][info][gc          ] GC(129) Pause Full (System.gc()) 804M->804M(6144M) 828.486ms
[182.297s][info][gc,metaspace] GC(130) Metaspace: 101129K(115008K)->101129K(115008K) NonClass: 72449K(78400K)->72449K(78400K) Class: 28680K(36608K)->28680K(36608K)
[182.297s][info][gc          ] GC(130) Pause Full (System.gc()) 804M->804M(6144M) 819.846ms
[183.107s][info][gc,metaspace] GC(131) Metaspace: 101129K(115008K)->101129K(115008K) NonClass: 72449K(78400K)->72449K(78400K) Class: 28680K(36608K)->28680K(36608K)
[183.108s][info][gc          ] GC(131) Pause Full (System.gc()) 804M->804M(6144M) 810.123ms
[183.871s][info][gc,metaspace] GC(132) Metaspace: 101129K(115008K)->101129K(115008K) NonClass: 72449K(78400K)->72449K(78400K) Class: 28680K(36608K)->28680K(36608K)
[183.871s][info][gc          ] GC(132) Pause Full (System.gc()) 804M->804M(6144M) 763.247ms
[184.721s][info][gc,metaspace] GC(133) Metaspace: 101129K(115008K)->101129K(115008K) NonClass: 72449K(78400K)->72449K(78400K) Class: 28680K(36608K)->28680K(36608K)
[184.721s][info][gc          ] GC(133) Pause Full (System.gc()) 805M->804M(6144M) 849.626ms
[185.599s][info][gc,metaspace] GC(134) Metaspace: 101129K(115008K)->101129K(115008K) NonClass: 72449K(78400K)->72449K(78400K) Class: 28680K(36608K)->28680K(36608K)
[185.599s][info][gc          ] GC(134) Pause Full (System.gc()) 804M->804M(6144M) 877.901ms
[186.446s][info][gc,metaspace] GC(135) Metaspace: 101129K(115008K)->101129K(115008K) NonClass: 72449K(78400K)->72449K(78400K) Class: 28680K(36608K)->28680K(36608K)
[186.446s][info][gc          ] GC(135) Pause Full (System.gc()) 804M->804M(6144M) 847.617ms
After GCs... 
