[0.001s][info][metaspace]  - commit_granule_bytes: 65536.
[0.001s][info][metaspace]  - commit_granule_words: 8192.
[0.001s][info][metaspace]  - virtual_space_node_default_size: 8388608.
[0.001s][info][metaspace]  - enlarge_chunks_in_place: 1.
[0.001s][info][metaspace]  - use_allocation_guard: 0.
[0.004s][info][gc       ] Using G1
[0.427s][info][metaspace] Reserving compressed class space anywhere
[0.427s][info][gc,metaspace] CDS archive(s) not mapped
[0.427s][info][gc,metaspace] Compressed class space mapped at: 0x0000000035000000-0x00000000f5000000, reserved size: 3221225472
[0.427s][info][gc,metaspace] UseCompressedClassPointers 1, UseCompactObjectHeaders 1, narrow klass pointer bits 22, max shift 10
[0.427s][info][gc,metaspace] Narrow klass base: 0x0000000035000000, Narrow klass shift: 10, Narrow klass range: 0xc0000000
Num Classes: 16384
Num Objects per Class: 4096
Cycles: 100
Class association: random
Generate 16384 classes...[1.431s][info][gc,metaspace] GC(0) Metaspace: 21738K(22080K)->21738K(22080K) NonClass: 18026K(18240K)->18026K(18240K) Class: 3712K(3840K)->3712K(3840K)
[1.431s][info][gc          ] GC(0) Pause Young (Normal) (G1 Evacuation Pause) 304M->4M(6144M) 5.216ms
[1.800s][info][gc,metaspace] GC(1) Metaspace: 22021K(22336K)->22021K(22336K) NonClass: 18307K(18496K)->18307K(18496K) Class: 3713K(3840K)->3713K(3840K)
[1.800s][info][gc          ] GC(1) Pause Young (Normal) (G1 Evacuation Pause) 300M->4M(6144M) 4.179ms
[2.174s][info][gc,metaspace] GC(2) Metaspace: 22210K(22528K)->22210K(22528K) NonClass: 18496K(18688K)->18496K(18688K) Class: 3713K(3840K)->3713K(3840K)
[2.174s][info][gc          ] GC(2) Pause Young (Normal) (G1 Evacuation Pause) 300M->4M(6144M) 37.864ms
[2.466s][info][gc,metaspace] GC(3) Metaspace: 22483K(22784K)->22483K(22784K) NonClass: 18768K(18944K)->18768K(18944K) Class: 3714K(3840K)->3714K(3840K)
[2.466s][info][gc          ] GC(3) Pause Young (Normal) (G1 Evacuation Pause) 300M->4M(6144M) 5.396ms
[2.733s][info][gc,metaspace] GC(4) Metaspace: 22605K(22912K)->22605K(22912K) NonClass: 18888K(19072K)->18888K(19072K) Class: 3716K(3840K)->3716K(3840K)
[2.733s][info][gc          ] GC(4) Pause Young (Normal) (G1 Evacuation Pause) 300M->4M(6144M) 4.462ms
[3.022s][info][gc,metaspace] GC(5) Metaspace: 22685K(22976K)->22685K(22976K) NonClass: 18968K(19136K)->18968K(19136K) Class: 3716K(3840K)->3716K(3840K)
[3.022s][info][gc          ] GC(5) Pause Young (Normal) (G1 Evacuation Pause) 344M->4M(6144M) 4.914ms
[3.397s][info][gc,metaspace] GC(6) Metaspace: 23322K(23680K)->23322K(23680K) NonClass: 19605K(19840K)->19605K(19840K) Class: 3716K(3840K)->3716K(3840K)
[3.397s][info][gc          ] GC(6) Pause Young (Normal) (G1 Evacuation Pause) 360M->4M(6144M) 5.343ms
[3.731s][info][gc,metaspace] GC(7) Metaspace: 23375K(23744K)->23375K(23744K) NonClass: 19658K(19904K)->19658K(19904K) Class: 3716K(3840K)->3716K(3840K)
[3.731s][info][gc          ] GC(7) Pause Young (Normal) (G1 Evacuation Pause) 416M->4M(6144M) 4.010ms
[4.109s][info][gc,metaspace] GC(8) Metaspace: 23395K(23744K)->23395K(23744K) NonClass: 19678K(19904K)->19678K(19904K) Class: 3716K(3840K)->3716K(3840K)
[4.109s][info][gc          ] GC(8) Pause Young (Normal) (G1 Evacuation Pause) 476M->4M(6144M) 5.171ms
[4.580s][info][gc,metaspace] GC(9) Metaspace: 23407K(23744K)->23407K(23744K) NonClass: 19690K(19904K)->19690K(19904K) Class: 3716K(3840K)->3716K(3840K)
[4.581s][info][gc          ] GC(9) Pause Young (Normal) (G1 Evacuation Pause) 544M->5M(6144M) 5.591ms
[5.269s][info][gc,metaspace] GC(10) Metaspace: 23429K(23744K)->23429K(23744K) NonClass: 19713K(19904K)->19713K(19904K) Class: 3716K(3840K)->3716K(3840K)
[5.269s][info][gc          ] GC(10) Pause Young (Normal) (G1 Evacuation Pause) 629M->5M(6144M) 5.674ms
[5.984s][info][gc,metaspace] GC(11) Metaspace: 23452K(23808K)->23452K(23808K) NonClass: 19735K(19968K)->19735K(19968K) Class: 3716K(3840K)->3716K(3840K)
[5.984s][info][gc          ] GC(11) Pause Young (Normal) (G1 Evacuation Pause) 717M->5M(6144M) 5.465ms
[6.761s][info][gc,metaspace] GC(12) Metaspace: 23483K(23808K)->23483K(23808K) NonClass: 19766K(19968K)->19766K(19968K) Class: 3716K(3840K)->3716K(3840K)
[6.761s][info][gc          ] GC(12) Pause Young (Normal) (G1 Evacuation Pause) 817M->6M(6144M) 5.801ms
[7.495s][info][gc,metaspace] GC(13) Metaspace: 23530K(23872K)->23530K(23872K) NonClass: 19813K(20032K)->19813K(20032K) Class: 3716K(3840K)->3716K(3840K)
[7.495s][info][gc          ] GC(13) Pause Young (Normal) (G1 Evacuation Pause) 938M->6M(6144M) 4.923ms
[8.344s][info][gc,metaspace] GC(14) Metaspace: 23612K(23936K)->23612K(23936K) NonClass: 19894K(20096K)->19894K(20096K) Class: 3718K(3840K)->3718K(3840K)
[8.344s][info][gc          ] GC(14) Pause Young (Normal) (G1 Evacuation Pause) 1082M->6M(6144M) 5.053ms
[9.394s][info][gc,metaspace] GC(15) Metaspace: 23659K(24000K)->23659K(24000K) NonClass: 19940K(20160K)->19940K(20160K) Class: 3718K(3840K)->3718K(3840K)
[9.394s][info][gc          ] GC(15) Pause Young (Normal) (G1 Evacuation Pause) 1230M->7M(6144M) 5.403ms
[10.405s][info][gc,metaspace] GC(16) Metaspace: 23672K(24000K)->23672K(24000K) NonClass: 19953K(20160K)->19953K(20160K) Class: 3718K(3840K)->3718K(3840K)
[10.405s][info][gc          ] GC(16) Pause Young (Normal) (G1 Evacuation Pause) 1419M->6M(6144M) 1.674ms
[11.570s][info][gc,metaspace] GC(17) Metaspace: 23672K(24000K)->23672K(24000K) NonClass: 19953K(20160K)->19953K(20160K) Class: 3718K(3840K)->3718K(3840K)
[11.570s][info][gc          ] GC(17) Pause Young (Normal) (G1 Evacuation Pause) 1654M->7M(6144M) 2.289ms
[12.881s][info][gc,metaspace] GC(18) Metaspace: 23672K(24000K)->23672K(24000K) NonClass: 19953K(20160K)->19953K(20160K) Class: 3718K(3840K)->3718K(3840K)
[12.881s][info][gc          ] GC(18) Pause Young (Normal) (G1 Evacuation Pause) 1883M->8M(6144M) 2.286ms
[14.427s][info][gc,metaspace] GC(19) Metaspace: 23672K(24000K)->23672K(24000K) NonClass: 19953K(20160K)->19953K(20160K) Class: 3718K(3840K)->3718K(3840K)
[14.427s][info][gc          ] GC(19) Pause Young (Normal) (G1 Evacuation Pause) 2156M->8M(6144M) 2.046ms
[16.180s][info][gc,metaspace] GC(20) Metaspace: 23672K(24000K)->23672K(24000K) NonClass: 19953K(20160K)->19953K(20160K) Class: 3718K(3840K)->3718K(3840K)
[16.180s][info][gc          ] GC(20) Pause Young (Normal) (G1 Evacuation Pause) 2476M->9M(6144M) 2.467ms
[18.088s][info][gc,metaspace] GC(21) Metaspace: 23672K(24000K)->23672K(24000K) NonClass: 19953K(20160K)->19953K(20160K) Class: 3718K(3840K)->3718K(3840K)
[18.088s][info][gc          ] GC(21) Pause Young (Normal) (G1 Evacuation Pause) 2793M->9M(6144M) 1.994ms
[20.630s][info][gc,metaspace] GC(22) Metaspace: 23672K(24000K)->23672K(24000K) NonClass: 19953K(20160K)->19953K(20160K) Class: 3718K(3840K)->3718K(3840K)
[20.630s][info][gc          ] GC(22) Pause Young (Normal) (G1 Evacuation Pause) 3189M->10M(6144M) 3.488ms
[23.121s][info][gc,metaspace] GC(23) Metaspace: 23672K(24000K)->23672K(24000K) NonClass: 19953K(20160K)->19953K(20160K) Class: 3718K(3840K)->3718K(3840K)
[23.121s][info][gc          ] GC(23) Pause Young (Normal) (G1 Evacuation Pause) 3574M->11M(6144M) 2.251ms
[26.065s][info][gc,metaspace] GC(24) Metaspace: 23672K(24000K)->23672K(24000K) NonClass: 19953K(20160K)->19953K(20160K) Class: 3718K(3840K)->3718K(3840K)
[26.065s][info][gc          ] GC(24) Pause Young (Normal) (G1 Evacuation Pause) 3687M->12M(6144M) 2.506ms
[28.617s][info][gc,metaspace] GC(25) Metaspace: 23672K(24000K)->23672K(24000K) NonClass: 19953K(20160K)->19953K(20160K) Class: 3718K(3840K)->3718K(3840K)
[28.617s][info][gc          ] GC(25) Pause Young (Normal) (G1 Evacuation Pause) 3688M->14M(6144M) 3.244ms
[31.108s][info][gc,metaspace] GC(26) Metaspace: 23672K(24000K)->23672K(24000K) NonClass: 19953K(20160K)->19953K(20160K) Class: 3718K(3840K)->3718K(3840K)
[31.108s][info][gc          ] GC(26) Pause Young (Normal) (G1 Evacuation Pause) 3686M->15M(6144M) 3.348ms
[33.648s][info][gc,metaspace] GC(27) Metaspace: 23672K(24000K)->23672K(24000K) NonClass: 19953K(20160K)->19953K(20160K) Class: 3718K(3840K)->3718K(3840K)
[33.648s][info][gc          ] GC(27) Pause Young (Normal) (G1 Evacuation Pause) 3687M->16M(6144M) 3.342ms
[36.187s][info][gc,metaspace] GC(28) Metaspace: 23672K(24000K)->23672K(24000K) NonClass: 19953K(20160K)->19953K(20160K) Class: 3718K(3840K)->3718K(3840K)
[36.187s][info][gc          ] GC(28) Pause Young (Normal) (G1 Evacuation Pause) 3688M->17M(6144M) 3.885ms
[39.478s][info][gc,metaspace] GC(29) Metaspace: 23672K(24000K)->23672K(24000K) NonClass: 19953K(20160K)->19953K(20160K) Class: 3718K(3840K)->3718K(3840K)
[39.478s][info][gc          ] GC(29) Pause Young (Normal) (G1 Evacuation Pause) 3685M->17M(6144M) 3.327ms
[41.953s][info][gc,metaspace] GC(30) Metaspace: 23672K(24000K)->23672K(24000K) NonClass: 19953K(20160K)->19953K(20160K) Class: 3718K(3840K)->3718K(3840K)
[41.954s][info][gc          ] GC(30) Pause Young (Normal) (G1 Evacuation Pause) 3689M->18M(6144M) 3.391ms
[44.471s][info][gc,metaspace] GC(31) Metaspace: 23672K(24000K)->23672K(24000K) NonClass: 19953K(20160K)->19953K(20160K) Class: 3718K(3840K)->3718K(3840K)
[44.471s][info][gc          ] GC(31) Pause Young (Normal) (G1 Evacuation Pause) 3686M->20M(6144M) 3.828ms

Loading 16384...[47.000s][info][gc,metaspace] GC(32) Metaspace: 48260K(48576K)->48260K(48576K) NonClass: 28158K(28352K)->28158K(28352K) Class: 20102K(20224K)->20102K(20224K)
[47.000s][info][gc          ] GC(32) Pause Full (System.gc()) 3426M->21M(6144M) 30.350ms
Creating 4096 objects per class...[55.178s][info][gc,metaspace] GC(33) Metaspace: 92268K(107840K)->92268K(107840K) NonClass: 63587K(71232K)->63587K(71232K) Class: 28680K(36608K)->28680K(36608K)
[55.178s][info][gc          ] GC(33) Pause Young (Concurrent Start) (CodeCache GC Threshold) 881M->348M(6144M) 91.186ms
[55.178s][info][gc          ] GC(34) Concurrent Mark Cycle
[55.419s][info][gc          ] GC(34) Pause Remark 350M->350M(6144M) 11.234ms
[55.457s][info][gc          ] GC(34) Pause Cleanup 350M->350M(6144M) 0.028ms
[55.463s][info][gc          ] GC(34) Concurrent Mark Cycle 285.456ms
[80.887s][info][gc,metaspace] GC(35) Metaspace: 101129K(115008K)->101129K(115008K) NonClass: 72449K(78400K)->72449K(78400K) Class: 28680K(36608K)->28680K(36608K)
[80.887s][info][gc          ] GC(35) Pause Young (Prepare Mixed) (G1 Evacuation Pause) 584M->585M(6144M) 300.921ms

Done; will start GCs... 
[105.255s][info][gc,metaspace] GC(36) Metaspace: 101129K(115008K)->101129K(115008K) NonClass: 72449K(78400K)->72449K(78400K) Class: 28680K(36608K)->28680K(36608K)
[105.255s][info][gc          ] GC(36) Pause Full (System.gc()) 813M->804M(6144M) 951.959ms
[106.140s][info][gc,metaspace] GC(37) Metaspace: 101129K(115008K)->101129K(115008K) NonClass: 72449K(78400K)->72449K(78400K) Class: 28680K(36608K)->28680K(36608K)
[106.140s][info][gc          ] GC(37) Pause Full (System.gc()) 804M->804M(6144M) 884.136ms
[106.977s][info][gc,metaspace] GC(38) Metaspace: 101129K(115008K)->101129K(115008K) NonClass: 72449K(78400K)->72449K(78400K) Class: 28680K(36608K)->28680K(36608K)
[106.977s][info][gc          ] GC(38) Pause Full (System.gc()) 804M->804M(6144M) 837.352ms
[107.776s][info][gc,metaspace] GC(39) Metaspace: 101129K(115008K)->101129K(115008K) NonClass: 72449K(78400K)->72449K(78400K) Class: 28680K(36608K)->28680K(36608K)
[107.776s][info][gc          ] GC(39) Pause Full (System.gc()) 804M->804M(6144M) 799.238ms
[108.626s][info][gc,metaspace] GC(40) Metaspace: 101129K(115008K)->101129K(115008K) NonClass: 72449K(78400K)->72449K(78400K) Class: 28680K(36608K)->28680K(36608K)
[108.626s][info][gc          ] GC(40) Pause Full (System.gc()) 804M->804M(6144M) 849.918ms
[109.472s][info][gc,metaspace] GC(41) Metaspace: 101129K(115008K)->101129K(115008K) NonClass: 72449K(78400K)->72449K(78400K) Class: 28680K(36608K)->28680K(36608K)
[109.472s][info][gc          ] GC(41) Pause Full (System.gc()) 804M->804M(6144M) 845.479ms
[110.318s][info][gc,metaspace] GC(42) Metaspace: 101129K(115008K)->101129K(115008K) NonClass: 72449K(78400K)->72449K(78400K) Class: 28680K(36608K)->28680K(36608K)
[110.318s][info][gc          ] GC(42) Pause Full (System.gc()) 804M->804M(6144M) 841.587ms
[111.145s][info][gc,metaspace] GC(43) Metaspace: 101129K(115008K)->101129K(115008K) NonClass: 72449K(78400K)->72449K(78400K) Class: 28680K(36608K)->28680K(36608K)
[111.145s][info][gc          ] GC(43) Pause Full (System.gc()) 804M->804M(6144M) 826.475ms
[111.992s][info][gc,metaspace] GC(44) Metaspace: 101129K(115008K)->101129K(115008K) NonClass: 72449K(78400K)->72449K(78400K) Class: 28680K(36608K)->28680K(36608K)
[111.992s][info][gc          ] GC(44) Pause Full (System.gc()) 804M->804M(6144M) 847.315ms
[112.776s][info][gc,metaspace] GC(45) Metaspace: 101129K(115008K)->101129K(115008K) NonClass: 72449K(78400K)->72449K(78400K) Class: 28680K(36608K)->28680K(36608K)
[112.776s][info][gc          ] GC(45) Pause Full (System.gc()) 804M->804M(6144M) 783.700ms
[113.573s][info][gc,metaspace] GC(46) Metaspace: 101129K(115008K)->101129K(115008K) NonClass: 72449K(78400K)->72449K(78400K) Class: 28680K(36608K)->28680K(36608K)
[113.573s][info][gc          ] GC(46) Pause Full (System.gc()) 804M->804M(6144M) 797.087ms
[114.361s][info][gc,metaspace] GC(47) Metaspace: 101129K(115008K)->101129K(115008K) NonClass: 72449K(78400K)->72449K(78400K) Class: 28680K(36608K)->28680K(36608K)
[114.361s][info][gc          ] GC(47) Pause Full (System.gc()) 804M->804M(6144M) 787.688ms
[115.160s][info][gc,metaspace] GC(48) Metaspace: 101129K(115008K)->101129K(115008K) NonClass: 72449K(78400K)->72449K(78400K) Class: 28680K(36608K)->28680K(36608K)
[115.160s][info][gc          ] GC(48) Pause Full (System.gc()) 804M->804M(6144M) 798.813ms
[115.967s][info][gc,metaspace] GC(49) Metaspace: 101129K(115008K)->101129K(115008K) NonClass: 72449K(78400K)->72449K(78400K) Class: 28680K(36608K)->28680K(36608K)
[115.967s][info][gc          ] GC(49) Pause Full (System.gc()) 804M->804M(6144M) 803.132ms
[116.776s][info][gc,metaspace] GC(50) Metaspace: 101129K(115008K)->101129K(115008K) NonClass: 72449K(78400K)->72449K(78400K) Class: 28680K(36608K)->28680K(36608K)
[116.777s][info][gc          ] GC(50) Pause Full (System.gc()) 804M->804M(6144M) 809.075ms
[117.616s][info][gc,metaspace] GC(51) Metaspace: 101129K(115008K)->101129K(115008K) NonClass: 72449K(78400K)->72449K(78400K) Class: 28680K(36608K)->28680K(36608K)
[117.616s][info][gc          ] GC(51) Pause Full (System.gc()) 804M->804M(6144M) 838.970ms
[118.450s][info][gc,metaspace] GC(52) Metaspace: 101129K(115008K)->101129K(115008K) NonClass: 72449K(78400K)->72449K(78400K) Class: 28680K(36608K)->28680K(36608K)
[118.450s][info][gc          ] GC(52) Pause Full (System.gc()) 804M->804M(6144M) 834.187ms
[119.241s][info][gc,metaspace] GC(53) Metaspace: 101129K(115008K)->101129K(115008K) NonClass: 72449K(78400K)->72449K(78400K) Class: 28680K(36608K)->28680K(36608K)
[119.241s][info][gc          ] GC(53) Pause Full (System.gc()) 804M->804M(6144M) 790.703ms
[120.047s][info][gc,metaspace] GC(54) Metaspace: 101129K(115008K)->101129K(115008K) NonClass: 72449K(78400K)->72449K(78400K) Class: 28680K(36608K)->28680K(36608K)
[120.047s][info][gc          ] GC(54) Pause Full (System.gc()) 804M->804M(6144M) 805.921ms
[120.842s][info][gc,metaspace] GC(55) Metaspace: 101129K(115008K)->101129K(115008K) NonClass: 72449K(78400K)->72449K(78400K) Class: 28680K(36608K)->28680K(36608K)
[120.842s][info][gc          ] GC(55) Pause Full (System.gc()) 804M->804M(6144M) 795.529ms
[121.661s][info][gc,metaspace] GC(56) Metaspace: 101129K(115008K)->101129K(115008K) NonClass: 72449K(78400K)->72449K(78400K) Class: 28680K(36608K)->28680K(36608K)
[121.661s][info][gc          ] GC(56) Pause Full (System.gc()) 804M->804M(6144M) 814.495ms
[122.407s][info][gc,metaspace] GC(57) Metaspace: 101129K(115008K)->101129K(115008K) NonClass: 72449K(78400K)->72449K(78400K) Class: 28680K(36608K)->28680K(36608K)
[122.407s][info][gc          ] GC(57) Pause Full (System.gc()) 804M->804M(6144M) 745.542ms
[123.195s][info][gc,metaspace] GC(58) Metaspace: 101129K(115008K)->101129K(115008K) NonClass: 72449K(78400K)->72449K(78400K) Class: 28680K(36608K)->28680K(36608K)
[123.195s][info][gc          ] GC(58) Pause Full (System.gc()) 805M->804M(6144M) 788.112ms
[123.980s][info][gc,metaspace] GC(59) Metaspace: 101129K(115008K)->101129K(115008K) NonClass: 72449K(78400K)->72449K(78400K) Class: 28680K(36608K)->28680K(36608K)
[123.980s][info][gc          ] GC(59) Pause Full (System.gc()) 804M->804M(6144M) 784.942ms
[124.799s][info][gc,metaspace] GC(60) Metaspace: 101129K(115008K)->101129K(115008K) NonClass: 72449K(78400K)->72449K(78400K) Class: 28680K(36608K)->28680K(36608K)
[124.799s][info][gc          ] GC(60) Pause Full (System.gc()) 804M->804M(6144M) 818.811ms
[125.675s][info][gc,metaspace] GC(61) Metaspace: 101129K(115008K)->101129K(115008K) NonClass: 72449K(78400K)->72449K(78400K) Class: 28680K(36608K)->28680K(36608K)
[125.676s][info][gc          ] GC(61) Pause Full (System.gc()) 804M->804M(6144M) 876.262ms
[126.460s][info][gc,metaspace] GC(62) Metaspace: 101129K(115008K)->101129K(115008K) NonClass: 72449K(78400K)->72449K(78400K) Class: 28680K(36608K)->28680K(36608K)
[126.460s][info][gc          ] GC(62) Pause Full (System.gc()) 804M->804M(6144M) 784.589ms
[127.229s][info][gc,metaspace] GC(63) Metaspace: 101129K(115008K)->101129K(115008K) NonClass: 72449K(78400K)->72449K(78400K) Class: 28680K(36608K)->28680K(36608K)
[127.229s][info][gc          ] GC(63) Pause Full (System.gc()) 804M->804M(6144M) 768.214ms
[128.022s][info][gc,metaspace] GC(64) Metaspace: 101129K(115008K)->101129K(115008K) NonClass: 72449K(78400K)->72449K(78400K) Class: 28680K(36608K)->28680K(36608K)
[128.022s][info][gc          ] GC(64) Pause Full (System.gc()) 804M->804M(6144M) 793.206ms
[128.842s][info][gc,metaspace] GC(65) Metaspace: 101129K(115008K)->101129K(115008K) NonClass: 72449K(78400K)->72449K(78400K) Class: 28680K(36608K)->28680K(36608K)
[128.842s][info][gc          ] GC(65) Pause Full (System.gc()) 804M->804M(6144M) 819.873ms
[129.694s][info][gc,metaspace] GC(66) Metaspace: 101129K(115008K)->101129K(115008K) NonClass: 72449K(78400K)->72449K(78400K) Class: 28680K(36608K)->28680K(36608K)
[129.694s][info][gc          ] GC(66) Pause Full (System.gc()) 804M->804M(6144M) 852.352ms
[130.457s][info][gc,metaspace] GC(67) Metaspace: 101129K(115008K)->101129K(115008K) NonClass: 72449K(78400K)->72449K(78400K) Class: 28680K(36608K)->28680K(36608K)
[130.457s][info][gc          ] GC(67) Pause Full (System.gc()) 804M->804M(6144M) 762.315ms
[131.309s][info][gc,metaspace] GC(68) Metaspace: 101129K(115008K)->101129K(115008K) NonClass: 72449K(78400K)->72449K(78400K) Class: 28680K(36608K)->28680K(36608K)
[131.309s][info][gc          ] GC(68) Pause Full (System.gc()) 804M->804M(6144M) 852.364ms
[132.205s][info][gc,metaspace] GC(69) Metaspace: 101129K(115008K)->101129K(115008K) NonClass: 72449K(78400K)->72449K(78400K) Class: 28680K(36608K)->28680K(36608K)
[132.205s][info][gc          ] GC(69) Pause Full (System.gc()) 804M->804M(6144M) 895.874ms
[133.025s][info][gc,metaspace] GC(70) Metaspace: 101129K(115008K)->101129K(115008K) NonClass: 72449K(78400K)->72449K(78400K) Class: 28680K(36608K)->28680K(36608K)
[133.025s][info][gc          ] GC(70) Pause Full (System.gc()) 804M->804M(6144M) 815.748ms
[133.877s][info][gc,metaspace] GC(71) Metaspace: 101129K(115008K)->101129K(115008K) NonClass: 72449K(78400K)->72449K(78400K) Class: 28680K(36608K)->28680K(36608K)
[133.877s][info][gc          ] GC(71) Pause Full (System.gc()) 804M->804M(6144M) 851.856ms
[134.688s][info][gc,metaspace] GC(72) Metaspace: 101129K(115008K)->101129K(115008K) NonClass: 72449K(78400K)->72449K(78400K) Class: 28680K(36608K)->28680K(36608K)
[134.688s][info][gc          ] GC(72) Pause Full (System.gc()) 804M->804M(6144M) 810.197ms
[135.525s][info][gc,metaspace] GC(73) Metaspace: 101129K(115008K)->101129K(115008K) NonClass: 72449K(78400K)->72449K(78400K) Class: 28680K(36608K)->28680K(36608K)
[135.525s][info][gc          ] GC(73) Pause Full (System.gc()) 804M->804M(6144M) 837.699ms
[136.319s][info][gc,metaspace] GC(74) Metaspace: 101129K(115008K)->101129K(115008K) NonClass: 72449K(78400K)->72449K(78400K) Class: 28680K(36608K)->28680K(36608K)
[136.319s][info][gc          ] GC(74) Pause Full (System.gc()) 804M->804M(6144M) 793.576ms
[137.115s][info][gc,metaspace] GC(75) Metaspace: 101129K(115008K)->101129K(115008K) NonClass: 72449K(78400K)->72449K(78400K) Class: 28680K(36608K)->28680K(36608K)
[137.115s][info][gc          ] GC(75) Pause Full (System.gc()) 804M->804M(6144M) 795.889ms
[137.923s][info][gc,metaspace] GC(76) Metaspace: 101129K(115008K)->101129K(115008K) NonClass: 72449K(78400K)->72449K(78400K) Class: 28680K(36608K)->28680K(36608K)
[137.923s][info][gc          ] GC(76) Pause Full (System.gc()) 804M->804M(6144M) 807.736ms
[138.719s][info][gc,metaspace] GC(77) Metaspace: 101129K(115008K)->101129K(115008K) NonClass: 72449K(78400K)->72449K(78400K) Class: 28680K(36608K)->28680K(36608K)
[138.720s][info][gc          ] GC(77) Pause Full (System.gc()) 804M->804M(6144M) 792.103ms
[139.525s][info][gc,metaspace] GC(78) Metaspace: 101129K(115008K)->101129K(115008K) NonClass: 72449K(78400K)->72449K(78400K) Class: 28680K(36608K)->28680K(36608K)
[139.525s][info][gc          ] GC(78) Pause Full (System.gc()) 804M->804M(6144M) 805.718ms
[140.323s][info][gc,metaspace] GC(79) Metaspace: 101129K(115008K)->101129K(115008K) NonClass: 72449K(78400K)->72449K(78400K) Class: 28680K(36608K)->28680K(36608K)
[140.323s][info][gc          ] GC(79) Pause Full (System.gc()) 804M->804M(6144M) 797.698ms
[141.190s][info][gc,metaspace] GC(80) Metaspace: 101129K(115008K)->101129K(115008K) NonClass: 72449K(78400K)->72449K(78400K) Class: 28680K(36608K)->28680K(36608K)
[141.191s][info][gc          ] GC(80) Pause Full (System.gc()) 804M->804M(6144M) 867.285ms
[141.997s][info][gc,metaspace] GC(81) Metaspace: 101129K(115008K)->101129K(115008K) NonClass: 72449K(78400K)->72449K(78400K) Class: 28680K(36608K)->28680K(36608K)
[141.997s][info][gc          ] GC(81) Pause Full (System.gc()) 804M->804M(6144M) 806.041ms
[142.790s][info][gc,metaspace] GC(82) Metaspace: 101129K(115008K)->101129K(115008K) NonClass: 72449K(78400K)->72449K(78400K) Class: 28680K(36608K)->28680K(36608K)
[142.790s][info][gc          ] GC(82) Pause Full (System.gc()) 804M->804M(6144M) 793.173ms
[143.658s][info][gc,metaspace] GC(83) Metaspace: 101129K(115008K)->101129K(115008K) NonClass: 72449K(78400K)->72449K(78400K) Class: 28680K(36608K)->28680K(36608K)
[143.658s][info][gc          ] GC(83) Pause Full (System.gc()) 804M->804M(6144M) 868.320ms
[144.521s][info][gc,metaspace] GC(84) Metaspace: 101129K(115008K)->101129K(115008K) NonClass: 72449K(78400K)->72449K(78400K) Class: 28680K(36608K)->28680K(36608K)
[144.521s][info][gc          ] GC(84) Pause Full (System.gc()) 804M->804M(6144M) 862.429ms
[145.342s][info][gc,metaspace] GC(85) Metaspace: 101129K(115008K)->101129K(115008K) NonClass: 72449K(78400K)->72449K(78400K) Class: 28680K(36608K)->28680K(36608K)
[145.342s][info][gc          ] GC(85) Pause Full (System.gc()) 804M->804M(6144M) 820.835ms
[146.207s][info][gc,metaspace] GC(86) Metaspace: 101129K(115008K)->101129K(115008K) NonClass: 72449K(78400K)->72449K(78400K) Class: 28680K(36608K)->28680K(36608K)
[146.207s][info][gc          ] GC(86) Pause Full (System.gc()) 804M->804M(6144M) 865.003ms
[147.085s][info][gc,metaspace] GC(87) Metaspace: 101129K(115008K)->101129K(115008K) NonClass: 72449K(78400K)->72449K(78400K) Class: 28680K(36608K)->28680K(36608K)
[147.085s][info][gc          ] GC(87) Pause Full (System.gc()) 804M->804M(6144M) 877.781ms
[147.911s][info][gc,metaspace] GC(88) Metaspace: 101129K(115008K)->101129K(115008K) NonClass: 72449K(78400K)->72449K(78400K) Class: 28680K(36608K)->28680K(36608K)
[147.911s][info][gc          ] GC(88) Pause Full (System.gc()) 804M->804M(6144M) 825.971ms
[148.677s][info][gc,metaspace] GC(89) Metaspace: 101129K(115008K)->101129K(115008K) NonClass: 72449K(78400K)->72449K(78400K) Class: 28680K(36608K)->28680K(36608K)
[148.677s][info][gc          ] GC(89) Pause Full (System.gc()) 804M->804M(6144M) 766.203ms
[149.461s][info][gc,metaspace] GC(90) Metaspace: 101129K(115008K)->101129K(115008K) NonClass: 72449K(78400K)->72449K(78400K) Class: 28680K(36608K)->28680K(36608K)
[149.461s][info][gc          ] GC(90) Pause Full (System.gc()) 804M->804M(6144M) 779.395ms
[150.277s][info][gc,metaspace] GC(91) Metaspace: 101129K(115008K)->101129K(115008K) NonClass: 72449K(78400K)->72449K(78400K) Class: 28680K(36608K)->28680K(36608K)
[150.277s][info][gc          ] GC(91) Pause Full (System.gc()) 804M->804M(6144M) 815.532ms
[151.075s][info][gc,metaspace] GC(92) Metaspace: 101129K(115008K)->101129K(115008K) NonClass: 72449K(78400K)->72449K(78400K) Class: 28680K(36608K)->28680K(36608K)
[151.075s][info][gc          ] GC(92) Pause Full (System.gc()) 804M->804M(6144M) 798.208ms
[151.939s][info][gc,metaspace] GC(93) Metaspace: 101129K(115008K)->101129K(115008K) NonClass: 72449K(78400K)->72449K(78400K) Class: 28680K(36608K)->28680K(36608K)
[151.939s][info][gc          ] GC(93) Pause Full (System.gc()) 804M->804M(6144M) 864.184ms
[152.798s][info][gc,metaspace] GC(94) Metaspace: 101129K(115008K)->101129K(115008K) NonClass: 72449K(78400K)->72449K(78400K) Class: 28680K(36608K)->28680K(36608K)
[152.799s][info][gc          ] GC(94) Pause Full (System.gc()) 804M->804M(6144M) 859.084ms
[153.574s][info][gc,metaspace] GC(95) Metaspace: 101129K(115008K)->101129K(115008K) NonClass: 72449K(78400K)->72449K(78400K) Class: 28680K(36608K)->28680K(36608K)
[153.574s][info][gc          ] GC(95) Pause Full (System.gc()) 804M->804M(6144M) 775.207ms
[154.428s][info][gc,metaspace] GC(96) Metaspace: 101129K(115008K)->101129K(115008K) NonClass: 72449K(78400K)->72449K(78400K) Class: 28680K(36608K)->28680K(36608K)
[154.428s][info][gc          ] GC(96) Pause Full (System.gc()) 804M->804M(6144M) 854.479ms
[155.216s][info][gc,metaspace] GC(97) Metaspace: 101129K(115008K)->101129K(115008K) NonClass: 72449K(78400K)->72449K(78400K) Class: 28680K(36608K)->28680K(36608K)
[155.216s][info][gc          ] GC(97) Pause Full (System.gc()) 804M->804M(6144M) 787.240ms
[156.007s][info][gc,metaspace] GC(98) Metaspace: 101129K(115008K)->101129K(115008K) NonClass: 72449K(78400K)->72449K(78400K) Class: 28680K(36608K)->28680K(36608K)
[156.007s][info][gc          ] GC(98) Pause Full (System.gc()) 804M->804M(6144M) 791.224ms
[156.822s][info][gc,metaspace] GC(99) Metaspace: 101129K(115008K)->101129K(115008K) NonClass: 72449K(78400K)->72449K(78400K) Class: 28680K(36608K)->28680K(36608K)
[156.822s][info][gc          ] GC(99) Pause Full (System.gc()) 804M->804M(6144M) 814.495ms
[157.662s][info][gc,metaspace] GC(100) Metaspace: 101129K(115008K)->101129K(115008K) NonClass: 72449K(78400K)->72449K(78400K) Class: 28680K(36608K)->28680K(36608K)
[157.662s][info][gc          ] GC(100) Pause Full (System.gc()) 804M->804M(6144M) 839.862ms
[158.494s][info][gc,metaspace] GC(101) Metaspace: 101129K(115008K)->101129K(115008K) NonClass: 72449K(78400K)->72449K(78400K) Class: 28680K(36608K)->28680K(36608K)
[158.494s][info][gc          ] GC(101) Pause Full (System.gc()) 804M->804M(6144M) 831.839ms
[159.256s][info][gc,metaspace] GC(102) Metaspace: 101129K(115008K)->101129K(115008K) NonClass: 72449K(78400K)->72449K(78400K) Class: 28680K(36608K)->28680K(36608K)
[159.256s][info][gc          ] GC(102) Pause Full (System.gc()) 804M->804M(6144M) 762.629ms
[160.092s][info][gc,metaspace] GC(103) Metaspace: 101129K(115008K)->101129K(115008K) NonClass: 72449K(78400K)->72449K(78400K) Class: 28680K(36608K)->28680K(36608K)
[160.092s][info][gc          ] GC(103) Pause Full (System.gc()) 804M->804M(6144M) 835.398ms
[160.907s][info][gc,metaspace] GC(104) Metaspace: 101129K(115008K)->101129K(115008K) NonClass: 72449K(78400K)->72449K(78400K) Class: 28680K(36608K)->28680K(36608K)
[160.907s][info][gc          ] GC(104) Pause Full (System.gc()) 804M->804M(6144M) 815.101ms
[161.678s][info][gc,metaspace] GC(105) Metaspace: 101129K(115008K)->101129K(115008K) NonClass: 72449K(78400K)->72449K(78400K) Class: 28680K(36608K)->28680K(36608K)
[161.678s][info][gc          ] GC(105) Pause Full (System.gc()) 804M->804M(6144M) 770.529ms
[162.512s][info][gc,metaspace] GC(106) Metaspace: 101129K(115008K)->101129K(115008K) NonClass: 72449K(78400K)->72449K(78400K) Class: 28680K(36608K)->28680K(36608K)
[162.512s][info][gc          ] GC(106) Pause Full (System.gc()) 804M->804M(6144M) 833.722ms
[163.378s][info][gc,metaspace] GC(107) Metaspace: 101129K(115008K)->101129K(115008K) NonClass: 72449K(78400K)->72449K(78400K) Class: 28680K(36608K)->28680K(36608K)
[163.378s][info][gc          ] GC(107) Pause Full (System.gc()) 804M->804M(6144M) 866.057ms
[164.207s][info][gc,metaspace] GC(108) Metaspace: 101129K(115008K)->101129K(115008K) NonClass: 72449K(78400K)->72449K(78400K) Class: 28680K(36608K)->28680K(36608K)
[164.207s][info][gc          ] GC(108) Pause Full (System.gc()) 804M->804M(6144M) 828.935ms
[164.993s][info][gc,metaspace] GC(109) Metaspace: 101129K(115008K)->101129K(115008K) NonClass: 72449K(78400K)->72449K(78400K) Class: 28680K(36608K)->28680K(36608K)
[164.993s][info][gc          ] GC(109) Pause Full (System.gc()) 804M->804M(6144M) 785.615ms
[165.771s][info][gc,metaspace] GC(110) Metaspace: 101129K(115008K)->101129K(115008K) NonClass: 72449K(78400K)->72449K(78400K) Class: 28680K(36608K)->28680K(36608K)
[165.771s][info][gc          ] GC(110) Pause Full (System.gc()) 804M->804M(6144M) 778.734ms
[166.574s][info][gc,metaspace] GC(111) Metaspace: 101129K(115008K)->101129K(115008K) NonClass: 72449K(78400K)->72449K(78400K) Class: 28680K(36608K)->28680K(36608K)
[166.574s][info][gc          ] GC(111) Pause Full (System.gc()) 804M->804M(6144M) 802.890ms
[167.419s][info][gc,metaspace] GC(112) Metaspace: 101129K(115008K)->101129K(115008K) NonClass: 72449K(78400K)->72449K(78400K) Class: 28680K(36608K)->28680K(36608K)
[167.419s][info][gc          ] GC(112) Pause Full (System.gc()) 804M->804M(6144M) 844.474ms
[168.244s][info][gc,metaspace] GC(113) Metaspace: 101129K(115008K)->101129K(115008K) NonClass: 72449K(78400K)->72449K(78400K) Class: 28680K(36608K)->28680K(36608K)
[168.244s][info][gc          ] GC(113) Pause Full (System.gc()) 804M->804M(6144M) 825.050ms
[169.079s][info][gc,metaspace] GC(114) Metaspace: 101129K(115008K)->101129K(115008K) NonClass: 72449K(78400K)->72449K(78400K) Class: 28680K(36608K)->28680K(36608K)
[169.079s][info][gc          ] GC(114) Pause Full (System.gc()) 804M->804M(6144M) 835.090ms
[169.896s][info][gc,metaspace] GC(115) Metaspace: 101129K(115008K)->101129K(115008K) NonClass: 72449K(78400K)->72449K(78400K) Class: 28680K(36608K)->28680K(36608K)
[169.896s][info][gc          ] GC(115) Pause Full (System.gc()) 804M->804M(6144M) 816.597ms
[170.700s][info][gc,metaspace] GC(116) Metaspace: 101129K(115008K)->101129K(115008K) NonClass: 72449K(78400K)->72449K(78400K) Class: 28680K(36608K)->28680K(36608K)
[170.700s][info][gc          ] GC(116) Pause Full (System.gc()) 804M->804M(6144M) 804.256ms
[171.532s][info][gc,metaspace] GC(117) Metaspace: 101129K(115008K)->101129K(115008K) NonClass: 72449K(78400K)->72449K(78400K) Class: 28680K(36608K)->28680K(36608K)
[171.532s][info][gc          ] GC(117) Pause Full (System.gc()) 804M->804M(6144M) 831.347ms
[172.375s][info][gc,metaspace] GC(118) Metaspace: 101129K(115008K)->101129K(115008K) NonClass: 72449K(78400K)->72449K(78400K) Class: 28680K(36608K)->28680K(36608K)
[172.375s][info][gc          ] GC(118) Pause Full (System.gc()) 804M->804M(6144M) 842.793ms
[173.246s][info][gc,metaspace] GC(119) Metaspace: 101129K(115008K)->101129K(115008K) NonClass: 72449K(78400K)->72449K(78400K) Class: 28680K(36608K)->28680K(36608K)
[173.246s][info][gc          ] GC(119) Pause Full (System.gc()) 804M->804M(6144M) 870.622ms
[174.051s][info][gc,metaspace] GC(120) Metaspace: 101129K(115008K)->101129K(115008K) NonClass: 72449K(78400K)->72449K(78400K) Class: 28680K(36608K)->28680K(36608K)
[174.051s][info][gc          ] GC(120) Pause Full (System.gc()) 804M->804M(6144M) 805.678ms
[174.880s][info][gc,metaspace] GC(121) Metaspace: 101129K(115008K)->101129K(115008K) NonClass: 72449K(78400K)->72449K(78400K) Class: 28680K(36608K)->28680K(36608K)
[174.880s][info][gc          ] GC(121) Pause Full (System.gc()) 804M->804M(6144M) 828.613ms
[175.733s][info][gc,metaspace] GC(122) Metaspace: 101129K(115008K)->101129K(115008K) NonClass: 72449K(78400K)->72449K(78400K) Class: 28680K(36608K)->28680K(36608K)
[175.733s][info][gc          ] GC(122) Pause Full (System.gc()) 804M->804M(6144M) 852.973ms
[176.510s][info][gc,metaspace] GC(123) Metaspace: 101129K(115008K)->101129K(115008K) NonClass: 72449K(78400K)->72449K(78400K) Class: 28680K(36608K)->28680K(36608K)
[176.510s][info][gc          ] GC(123) Pause Full (System.gc()) 804M->804M(6144M) 776.542ms
[177.343s][info][gc,metaspace] GC(124) Metaspace: 101129K(115008K)->101129K(115008K) NonClass: 72449K(78400K)->72449K(78400K) Class: 28680K(36608K)->28680K(36608K)
[177.343s][info][gc          ] GC(124) Pause Full (System.gc()) 804M->804M(6144M) 833.364ms
[178.161s][info][gc,metaspace] GC(125) Metaspace: 101129K(115008K)->101129K(115008K) NonClass: 72449K(78400K)->72449K(78400K) Class: 28680K(36608K)->28680K(36608K)
[178.162s][info][gc          ] GC(125) Pause Full (System.gc()) 804M->804M(6144M) 818.052ms
[178.977s][info][gc,metaspace] GC(126) Metaspace: 101129K(115008K)->101129K(115008K) NonClass: 72449K(78400K)->72449K(78400K) Class: 28680K(36608K)->28680K(36608K)
[178.977s][info][gc          ] GC(126) Pause Full (System.gc()) 804M->804M(6144M) 815.130ms
[179.779s][info][gc,metaspace] GC(127) Metaspace: 101129K(115008K)->101129K(115008K) NonClass: 72449K(78400K)->72449K(78400K) Class: 28680K(36608K)->28680K(36608K)
[179.779s][info][gc          ] GC(127) Pause Full (System.gc()) 804M->804M(6144M) 801.770ms
[180.649s][info][gc,metaspace] GC(128) Metaspace: 101129K(115008K)->101129K(115008K) NonClass: 72449K(78400K)->72449K(78400K) Class: 28680K(36608K)->28680K(36608K)
[180.649s][info][gc          ] GC(128) Pause Full (System.gc()) 804M->804M(6144M) 869.914ms
[181.477s][info][gc,metaspace] GC(129) Metaspace: 101129K(115008K)->101129K(115008K) NonClass: 72449K(78400K)->72449K(78400K) Class: 28680K(36608K)->28680K(36608K)
[181.477s][info][gc          ] GC(129) Pause Full (System.gc()) 804M->804M(6144M) 828.486ms
[182.297s][info][gc,metaspace] GC(130) Metaspace: 101129K(115008K)->101129K(115008K) NonClass: 72449K(78400K)->72449K(78400K) Class: 28680K(36608K)->28680K(36608K)
[182.297s][info][gc          ] GC(130) Pause Full (System.gc()) 804M->804M(6144M) 819.846ms
[183.107s][info][gc,metaspace] GC(131) Metaspace: 101129K(115008K)->101129K(115008K) NonClass: 72449K(78400K)->72449K(78400K) Class: 28680K(36608K)->28680K(36608K)
[183.108s][info][gc          ] GC(131) Pause Full (System.gc()) 804M->804M(6144M) 810.123ms
[183.871s][info][gc,metaspace] GC(132) Metaspace: 101129K(115008K)->101129K(115008K) NonClass: 72449K(78400K)->72449K(78400K) Class: 28680K(36608K)->28680K(36608K)
[183.871s][info][gc          ] GC(132) Pause Full (System.gc()) 804M->804M(6144M) 763.247ms
[184.721s][info][gc,metaspace] GC(133) Metaspace: 101129K(115008K)->101129K(115008K) NonClass: 72449K(78400K)->72449K(78400K) Class: 28680K(36608K)->28680K(36608K)
[184.721s][info][gc          ] GC(133) Pause Full (System.gc()) 805M->804M(6144M) 849.626ms
[185.599s][info][gc,metaspace] GC(134) Metaspace: 101129K(115008K)->101129K(115008K) NonClass: 72449K(78400K)->72449K(78400K) Class: 28680K(36608K)->28680K(36608K)
[185.599s][info][gc          ] GC(134) Pause Full (System.gc()) 804M->804M(6144M) 877.901ms
[186.446s][info][gc,metaspace] GC(135) Metaspace: 101129K(115008K)->101129K(115008K) NonClass: 72449K(78400K)->72449K(78400K) Class: 28680K(36608K)->28680K(36608K)
[186.446s][info][gc          ] GC(135) Pause Full (System.gc()) 804M->804M(6144M) 847.617ms
After GCs... 
