[0.001s][info][metaspace]  - commit_granule_bytes: 65536.
[0.001s][info][metaspace]  - commit_granule_words: 8192.
[0.001s][info][metaspace]  - virtual_space_node_default_size: 8388608.
[0.001s][info][metaspace]  - enlarge_chunks_in_place: 1.
[0.001s][info][metaspace]  - use_allocation_guard: 0.
[0.005s][info][gc       ] Using G1
[0.415s][info][metaspace] Reserving compressed class space anywhere
[0.415s][info][gc,metaspace] CDS archive(s) not mapped
[0.415s][info][gc,metaspace] Compressed class space mapped at: 0x0000000007000000-0x00000000c7000000, reserved size: 3221225472
[0.415s][info][gc,metaspace] UseCompressedClassPointers 1, UseCompactObjectHeaders 1, UseKlassTable 0, narrow klass pointer bits 26, max shift 6
[0.415s][info][gc,metaspace] Narrow klass base: 0x0000000007000000, Narrow klass shift: 6, Narrow klass range: 0xc0000000
Num Classes: 16384
Num Objects per Class: 4096
Cycles: 100
Class association: random
Generate 16384 classes...[1.351s][info][gc,metaspace] GC(0) Metaspace: 22096K(22464K)->22096K(22464K) NonClass: 19637K(19840K)->19637K(19840K) Class: 2459K(2624K)->2459K(2624K)
[1.351s][info][gc          ] GC(0) Pause Young (Normal) (G1 Evacuation Pause) 304M->3M(6144M) 5.245ms
[1.742s][info][gc,metaspace] GC(1) Metaspace: 22396K(22784K)->22396K(22784K) NonClass: 19936K(20160K)->19936K(20160K) Class: 2460K(2624K)->2460K(2624K)
[1.742s][info][gc          ] GC(1) Pause Young (Normal) (G1 Evacuation Pause) 319M->3M(6144M) 4.185ms
[5.026s][info][gc,metaspace] GC(2) Metaspace: 23775K(24192K)->23775K(24192K) NonClass: 21313K(21568K)->21313K(21568K) Class: 2461K(2624K)->2461K(2624K)
[5.026s][info][gc          ] GC(2) Pause Young (Normal) (G1 Evacuation Pause) 3683M->5M(6144M) 6.453ms
[7.983s][info][gc,metaspace] GC(3) Metaspace: 23945K(24320K)->23945K(24320K) NonClass: 21482K(21696K)->21482K(21696K) Class: 2462K(2624K)->2462K(2624K)
[7.983s][info][gc          ] GC(3) Pause Young (Normal) (G1 Evacuation Pause) 3681M->6M(6144M) 5.806ms
[10.793s][info][gc,metaspace] GC(4) Metaspace: 24024K(24384K)->24024K(24384K) NonClass: 21562K(21760K)->21562K(21760K) Class: 2462K(2624K)->2462K(2624K)
[10.794s][info][gc          ] GC(4) Pause Young (Normal) (G1 Evacuation Pause) 3682M->7M(6144M) 6.038ms
[13.557s][info][gc,metaspace] GC(5) Metaspace: 24024K(24384K)->24024K(24384K) NonClass: 21562K(21760K)->21562K(21760K) Class: 2462K(2624K)->2462K(2624K)
[13.557s][info][gc          ] GC(5) Pause Young (Normal) (G1 Evacuation Pause) 3683M->8M(6144M) 6.265ms
[16.262s][info][gc,metaspace] GC(6) Metaspace: 24029K(24384K)->24029K(24384K) NonClass: 21566K(21760K)->21566K(21760K) Class: 2462K(2624K)->2462K(2624K)
[16.262s][info][gc          ] GC(6) Pause Young (Normal) (G1 Evacuation Pause) 3680M->10M(6144M) 6.206ms
[19.003s][info][gc,metaspace] GC(7) Metaspace: 24029K(24384K)->24029K(24384K) NonClass: 21566K(21760K)->21566K(21760K) Class: 2462K(2624K)->2462K(2624K)
[19.003s][info][gc          ] GC(7) Pause Young (Normal) (G1 Evacuation Pause) 3682M->11M(6144M) 6.015ms
[22.311s][info][gc,metaspace] GC(8) Metaspace: 24029K(24384K)->24029K(24384K) NonClass: 21566K(21760K)->21566K(21760K) Class: 2462K(2624K)->2462K(2624K)
[22.311s][info][gc          ] GC(8) Pause Young (Normal) (G1 Evacuation Pause) 3683M->12M(6144M) 5.940ms
[25.420s][info][gc,metaspace] GC(9) Metaspace: 24031K(24384K)->24031K(24384K) NonClass: 21568K(21760K)->21568K(21760K) Class: 2462K(2624K)->2462K(2624K)
[25.420s][info][gc          ] GC(9) Pause Young (Normal) (G1 Evacuation Pause) 3680M->12M(6144M) 6.480ms
[28.107s][info][gc,metaspace] GC(10) Metaspace: 24031K(24384K)->24031K(24384K) NonClass: 21568K(21760K)->21568K(21760K) Class: 2462K(2624K)->2462K(2624K)
[28.107s][info][gc          ] GC(10) Pause Young (Normal) (G1 Evacuation Pause) 3680M->13M(6144M) 5.901ms
[30.786s][info][gc,metaspace] GC(11) Metaspace: 24031K(24384K)->24031K(24384K) NonClass: 21568K(21760K)->21568K(21760K) Class: 2462K(2624K)->2462K(2624K)
[30.786s][info][gc          ] GC(11) Pause Young (Normal) (G1 Evacuation Pause) 3681M->15M(6144M) 6.165ms
[33.416s][info][gc,metaspace] GC(12) Metaspace: 24031K(24384K)->24031K(24384K) NonClass: 21568K(21760K)->21568K(21760K) Class: 2462K(2624K)->2462K(2624K)
[33.416s][info][gc          ] GC(12) Pause Young (Normal) (G1 Evacuation Pause) 3683M->14M(6144M) 6.153ms
[36.092s][info][gc,metaspace] GC(13) Metaspace: 24031K(24384K)->24031K(24384K) NonClass: 21568K(21760K)->21568K(21760K) Class: 2462K(2624K)->2462K(2624K)
[36.092s][info][gc          ] GC(13) Pause Young (Normal) (G1 Evacuation Pause) 3682M->16M(6144M) 6.240ms
[38.762s][info][gc,metaspace] GC(14) Metaspace: 24031K(24384K)->24031K(24384K) NonClass: 21568K(21760K)->21568K(21760K) Class: 2462K(2624K)->2462K(2624K)
[38.762s][info][gc          ] GC(14) Pause Young (Normal) (G1 Evacuation Pause) 3680M->17M(6144M) 7.007ms
[41.371s][info][gc,metaspace] GC(15) Metaspace: 24031K(24384K)->24031K(24384K) NonClass: 21568K(21760K)->21568K(21760K) Class: 2462K(2624K)->2462K(2624K)
[41.371s][info][gc          ] GC(15) Pause Young (Normal) (G1 Evacuation Pause) 3681M->19M(6144M) 7.558ms
[44.029s][info][gc,metaspace] GC(16) Metaspace: 24031K(24384K)->24031K(24384K) NonClass: 21568K(21760K)->21568K(21760K) Class: 2462K(2624K)->2462K(2624K)
[44.029s][info][gc          ] GC(16) Pause Young (Normal) (G1 Evacuation Pause) 3687M->19M(6144M) 4.210ms
[47.654s][info][gc,metaspace] GC(17) Metaspace: 24031K(24384K)->24031K(24384K) NonClass: 21568K(21760K)->21568K(21760K) Class: 2462K(2624K)->2462K(2624K)
[47.654s][info][gc          ] GC(17) Pause Young (Normal) (G1 Evacuation Pause) 3683M->20M(6144M) 4.012ms

Loading 16384...[48.542s][info][gc,metaspace] GC(18) Metaspace: 40843K(41280K)->40843K(41280K) NonClass: 29018K(29248K)->29018K(29248K) Class: 11824K(12032K)->11824K(12032K)
[48.542s][info][gc          ] GC(18) Pause Full (System.gc()) 896M->21M(6144M) 24.462ms
Creating 4096 objects per class...[55.923s][info][gc,metaspace] GC(19) Metaspace: 86980K(103488K)->86980K(103488K) NonClass: 66707K(75072K)->66707K(75072K) Class: 20272K(28416K)->20272K(28416K)
[55.923s][info][gc          ] GC(19) Pause Young (Concurrent Start) (CodeCache GC Threshold) 525M->345M(6144M) 46.653ms
[55.923s][info][gc          ] GC(20) Concurrent Mark Cycle
[56.066s][info][gc          ] GC(20) Pause Remark 347M->347M(6144M) 9.150ms
[56.103s][info][gc          ] GC(20) Pause Cleanup 347M->347M(6144M) 0.109ms
[56.110s][info][gc          ] GC(20) Concurrent Mark Cycle 187.159ms
[81.064s][info][gc,metaspace] GC(21) Metaspace: 99326K(113472K)->99326K(113472K) NonClass: 79053K(85056K)->79053K(85056K) Class: 20272K(28416K)->20272K(28416K)
[81.064s][info][gc          ] GC(21) Pause Young (Prepare Mixed) (G1 Evacuation Pause) 581M->587M(6144M) 229.872ms

Done; will start GCs... 
[106.283s][info][gc,metaspace] GC(22) Metaspace: 99326K(113472K)->99326K(113472K) NonClass: 79053K(85056K)->79053K(85056K) Class: 20272K(28416K)->20272K(28416K)
[106.283s][info][gc          ] GC(22) Pause Full (System.gc()) 817M->804M(6144M) 593.847ms
[106.843s][info][gc,metaspace] GC(23) Metaspace: 99326K(113472K)->99326K(113472K) NonClass: 79053K(85056K)->79053K(85056K) Class: 20272K(28416K)->20272K(28416K)
[106.843s][info][gc          ] GC(23) Pause Full (System.gc()) 804M->804M(6144M) 560.031ms
[107.391s][info][gc,metaspace] GC(24) Metaspace: 99326K(113472K)->99326K(113472K) NonClass: 79053K(85056K)->79053K(85056K) Class: 20272K(28416K)->20272K(28416K)
[107.391s][info][gc          ] GC(24) Pause Full (System.gc()) 804M->804M(6144M) 547.514ms
[107.926s][info][gc,metaspace] GC(25) Metaspace: 99326K(113472K)->99326K(113472K) NonClass: 79053K(85056K)->79053K(85056K) Class: 20272K(28416K)->20272K(28416K)
[107.926s][info][gc          ] GC(25) Pause Full (System.gc()) 804M->804M(6144M) 534.803ms
[108.510s][info][gc,metaspace] GC(26) Metaspace: 99326K(113472K)->99326K(113472K) NonClass: 79053K(85056K)->79053K(85056K) Class: 20272K(28416K)->20272K(28416K)
[108.510s][info][gc          ] GC(26) Pause Full (System.gc()) 804M->804M(6144M) 583.671ms
[109.078s][info][gc,metaspace] GC(27) Metaspace: 99326K(113472K)->99326K(113472K) NonClass: 79053K(85056K)->79053K(85056K) Class: 20272K(28416K)->20272K(28416K)
[109.078s][info][gc          ] GC(27) Pause Full (System.gc()) 804M->804M(6144M) 568.592ms
[109.612s][info][gc,metaspace] GC(28) Metaspace: 99326K(113472K)->99326K(113472K) NonClass: 79053K(85056K)->79053K(85056K) Class: 20272K(28416K)->20272K(28416K)
[109.612s][info][gc          ] GC(28) Pause Full (System.gc()) 804M->804M(6144M) 533.661ms
[110.182s][info][gc,metaspace] GC(29) Metaspace: 99326K(113472K)->99326K(113472K) NonClass: 79053K(85056K)->79053K(85056K) Class: 20272K(28416K)->20272K(28416K)
[110.182s][info][gc          ] GC(29) Pause Full (System.gc()) 804M->804M(6144M) 569.747ms
[110.744s][info][gc,metaspace] GC(30) Metaspace: 99326K(113472K)->99326K(113472K) NonClass: 79053K(85056K)->79053K(85056K) Class: 20272K(28416K)->20272K(28416K)
[110.744s][info][gc          ] GC(30) Pause Full (System.gc()) 804M->804M(6144M) 561.593ms
[111.317s][info][gc,metaspace] GC(31) Metaspace: 99326K(113472K)->99326K(113472K) NonClass: 79053K(85056K)->79053K(85056K) Class: 20272K(28416K)->20272K(28416K)
[111.317s][info][gc          ] GC(31) Pause Full (System.gc()) 804M->804M(6144M) 568.693ms
[111.881s][info][gc,metaspace] GC(32) Metaspace: 99326K(113472K)->99326K(113472K) NonClass: 79053K(85056K)->79053K(85056K) Class: 20272K(28416K)->20272K(28416K)
[111.881s][info][gc          ] GC(32) Pause Full (System.gc()) 804M->804M(6144M) 564.308ms
[112.442s][info][gc,metaspace] GC(33) Metaspace: 99326K(113472K)->99326K(113472K) NonClass: 79053K(85056K)->79053K(85056K) Class: 20272K(28416K)->20272K(28416K)
[112.442s][info][gc          ] GC(33) Pause Full (System.gc()) 804M->804M(6144M) 560.363ms
[112.972s][info][gc,metaspace] GC(34) Metaspace: 99326K(113472K)->99326K(113472K) NonClass: 79053K(85056K)->79053K(85056K) Class: 20272K(28416K)->20272K(28416K)
[112.972s][info][gc          ] GC(34) Pause Full (System.gc()) 804M->804M(6144M) 530.322ms
[113.557s][info][gc,metaspace] GC(35) Metaspace: 99326K(113472K)->99326K(113472K) NonClass: 79053K(85056K)->79053K(85056K) Class: 20272K(28416K)->20272K(28416K)
[113.557s][info][gc          ] GC(35) Pause Full (System.gc()) 804M->804M(6144M) 584.620ms
[114.102s][info][gc,metaspace] GC(36) Metaspace: 99326K(113472K)->99326K(113472K) NonClass: 79053K(85056K)->79053K(85056K) Class: 20272K(28416K)->20272K(28416K)
[114.102s][info][gc          ] GC(36) Pause Full (System.gc()) 804M->804M(6144M) 545.048ms
[114.649s][info][gc,metaspace] GC(37) Metaspace: 99326K(113472K)->99326K(113472K) NonClass: 79053K(85056K)->79053K(85056K) Class: 20272K(28416K)->20272K(28416K)
[114.649s][info][gc          ] GC(37) Pause Full (System.gc()) 804M->804M(6144M) 547.188ms
[115.223s][info][gc,metaspace] GC(38) Metaspace: 99326K(113472K)->99326K(113472K) NonClass: 79053K(85056K)->79053K(85056K) Class: 20272K(28416K)->20272K(28416K)
[115.223s][info][gc          ] GC(38) Pause Full (System.gc()) 804M->804M(6144M) 573.875ms
[115.785s][info][gc,metaspace] GC(39) Metaspace: 99326K(113472K)->99326K(113472K) NonClass: 79053K(85056K)->79053K(85056K) Class: 20272K(28416K)->20272K(28416K)
[115.785s][info][gc          ] GC(39) Pause Full (System.gc()) 804M->804M(6144M) 561.652ms
[116.358s][info][gc,metaspace] GC(40) Metaspace: 99326K(113472K)->99326K(113472K) NonClass: 79053K(85056K)->79053K(85056K) Class: 20272K(28416K)->20272K(28416K)
[116.358s][info][gc          ] GC(40) Pause Full (System.gc()) 804M->804M(6144M) 569.174ms
[116.932s][info][gc,metaspace] GC(41) Metaspace: 99326K(113472K)->99326K(113472K) NonClass: 79053K(85056K)->79053K(85056K) Class: 20272K(28416K)->20272K(28416K)
[116.932s][info][gc          ] GC(41) Pause Full (System.gc()) 804M->804M(6144M) 573.290ms
[117.515s][info][gc,metaspace] GC(42) Metaspace: 99326K(113472K)->99326K(113472K) NonClass: 79053K(85056K)->79053K(85056K) Class: 20272K(28416K)->20272K(28416K)
[117.515s][info][gc          ] GC(42) Pause Full (System.gc()) 804M->804M(6144M) 582.591ms
[118.090s][info][gc,metaspace] GC(43) Metaspace: 99326K(113472K)->99326K(113472K) NonClass: 79053K(85056K)->79053K(85056K) Class: 20272K(28416K)->20272K(28416K)
[118.091s][info][gc          ] GC(43) Pause Full (System.gc()) 804M->804M(6144M) 575.838ms
[118.650s][info][gc,metaspace] GC(44) Metaspace: 99326K(113472K)->99326K(113472K) NonClass: 79053K(85056K)->79053K(85056K) Class: 20272K(28416K)->20272K(28416K)
[118.650s][info][gc          ] GC(44) Pause Full (System.gc()) 804M->804M(6144M) 559.068ms
[119.214s][info][gc,metaspace] GC(45) Metaspace: 99326K(113472K)->99326K(113472K) NonClass: 79053K(85056K)->79053K(85056K) Class: 20272K(28416K)->20272K(28416K)
[119.214s][info][gc          ] GC(45) Pause Full (System.gc()) 804M->804M(6144M) 564.169ms
[119.752s][info][gc,metaspace] GC(46) Metaspace: 99326K(113472K)->99326K(113472K) NonClass: 79053K(85056K)->79053K(85056K) Class: 20272K(28416K)->20272K(28416K)
[119.752s][info][gc          ] GC(46) Pause Full (System.gc()) 804M->804M(6144M) 538.245ms
[120.285s][info][gc,metaspace] GC(47) Metaspace: 99326K(113472K)->99326K(113472K) NonClass: 79053K(85056K)->79053K(85056K) Class: 20272K(28416K)->20272K(28416K)
[120.285s][info][gc          ] GC(47) Pause Full (System.gc()) 804M->804M(6144M) 532.583ms
[120.868s][info][gc,metaspace] GC(48) Metaspace: 99326K(113472K)->99326K(113472K) NonClass: 79053K(85056K)->79053K(85056K) Class: 20272K(28416K)->20272K(28416K)
[120.868s][info][gc          ] GC(48) Pause Full (System.gc()) 804M->804M(6144M) 582.631ms
[121.446s][info][gc,metaspace] GC(49) Metaspace: 99326K(113472K)->99326K(113472K) NonClass: 79053K(85056K)->79053K(85056K) Class: 20272K(28416K)->20272K(28416K)
[121.446s][info][gc          ] GC(49) Pause Full (System.gc()) 804M->804M(6144M) 573.568ms
[122.013s][info][gc,metaspace] GC(50) Metaspace: 99326K(113472K)->99326K(113472K) NonClass: 79053K(85056K)->79053K(85056K) Class: 20272K(28416K)->20272K(28416K)
[122.013s][info][gc          ] GC(50) Pause Full (System.gc()) 804M->804M(6144M) 567.685ms
[122.586s][info][gc,metaspace] GC(51) Metaspace: 99326K(113472K)->99326K(113472K) NonClass: 79053K(85056K)->79053K(85056K) Class: 20272K(28416K)->20272K(28416K)
[122.586s][info][gc          ] GC(51) Pause Full (System.gc()) 805M->804M(6144M) 572.192ms
[123.137s][info][gc,metaspace] GC(52) Metaspace: 99326K(113472K)->99326K(113472K) NonClass: 79053K(85056K)->79053K(85056K) Class: 20272K(28416K)->20272K(28416K)
[123.137s][info][gc          ] GC(52) Pause Full (System.gc()) 804M->804M(6144M) 551.533ms
[123.683s][info][gc,metaspace] GC(53) Metaspace: 99326K(113472K)->99326K(113472K) NonClass: 79053K(85056K)->79053K(85056K) Class: 20272K(28416K)->20272K(28416K)
[123.683s][info][gc          ] GC(53) Pause Full (System.gc()) 804M->804M(6144M) 545.767ms
[124.257s][info][gc,metaspace] GC(54) Metaspace: 99326K(113472K)->99326K(113472K) NonClass: 79053K(85056K)->79053K(85056K) Class: 20272K(28416K)->20272K(28416K)
[124.257s][info][gc          ] GC(54) Pause Full (System.gc()) 804M->804M(6144M) 573.966ms
[124.824s][info][gc,metaspace] GC(55) Metaspace: 99326K(113472K)->99326K(113472K) NonClass: 79053K(85056K)->79053K(85056K) Class: 20272K(28416K)->20272K(28416K)
[124.824s][info][gc          ] GC(55) Pause Full (System.gc()) 804M->804M(6144M) 566.312ms
[125.372s][info][gc,metaspace] GC(56) Metaspace: 99326K(113472K)->99326K(113472K) NonClass: 79053K(85056K)->79053K(85056K) Class: 20272K(28416K)->20272K(28416K)
[125.372s][info][gc          ] GC(56) Pause Full (System.gc()) 804M->804M(6144M) 547.946ms
[125.948s][info][gc,metaspace] GC(57) Metaspace: 99326K(113472K)->99326K(113472K) NonClass: 79053K(85056K)->79053K(85056K) Class: 20272K(28416K)->20272K(28416K)
[125.948s][info][gc          ] GC(57) Pause Full (System.gc()) 804M->804M(6144M) 576.435ms
[126.529s][info][gc,metaspace] GC(58) Metaspace: 99326K(113472K)->99326K(113472K) NonClass: 79053K(85056K)->79053K(85056K) Class: 20272K(28416K)->20272K(28416K)
[126.529s][info][gc          ] GC(58) Pause Full (System.gc()) 804M->804M(6144M) 576.409ms
[127.080s][info][gc,metaspace] GC(59) Metaspace: 99326K(113472K)->99326K(113472K) NonClass: 79053K(85056K)->79053K(85056K) Class: 20272K(28416K)->20272K(28416K)
[127.080s][info][gc          ] GC(59) Pause Full (System.gc()) 804M->804M(6144M) 550.581ms
[127.645s][info][gc,metaspace] GC(60) Metaspace: 99326K(113472K)->99326K(113472K) NonClass: 79053K(85056K)->79053K(85056K) Class: 20272K(28416K)->20272K(28416K)
[127.646s][info][gc          ] GC(60) Pause Full (System.gc()) 804M->804M(6144M) 565.532ms
[128.201s][info][gc,metaspace] GC(61) Metaspace: 99326K(113472K)->99326K(113472K) NonClass: 79053K(85056K)->79053K(85056K) Class: 20272K(28416K)->20272K(28416K)
[128.201s][info][gc          ] GC(61) Pause Full (System.gc()) 804M->804M(6144M) 555.084ms
[128.770s][info][gc,metaspace] GC(62) Metaspace: 99326K(113472K)->99326K(113472K) NonClass: 79053K(85056K)->79053K(85056K) Class: 20272K(28416K)->20272K(28416K)
[128.770s][info][gc          ] GC(62) Pause Full (System.gc()) 804M->804M(6144M) 569.395ms
[129.335s][info][gc,metaspace] GC(63) Metaspace: 99326K(113472K)->99326K(113472K) NonClass: 79053K(85056K)->79053K(85056K) Class: 20272K(28416K)->20272K(28416K)
[129.335s][info][gc          ] GC(63) Pause Full (System.gc()) 804M->804M(6144M) 564.968ms
[129.909s][info][gc,metaspace] GC(64) Metaspace: 99326K(113472K)->99326K(113472K) NonClass: 79053K(85056K)->79053K(85056K) Class: 20272K(28416K)->20272K(28416K)
[129.909s][info][gc          ] GC(64) Pause Full (System.gc()) 804M->804M(6144M) 573.633ms
[130.444s][info][gc,metaspace] GC(65) Metaspace: 99326K(113472K)->99326K(113472K) NonClass: 79053K(85056K)->79053K(85056K) Class: 20272K(28416K)->20272K(28416K)
[130.444s][info][gc          ] GC(65) Pause Full (System.gc()) 804M->804M(6144M) 534.573ms
[130.979s][info][gc,metaspace] GC(66) Metaspace: 99326K(113472K)->99326K(113472K) NonClass: 79053K(85056K)->79053K(85056K) Class: 20272K(28416K)->20272K(28416K)
[130.979s][info][gc          ] GC(66) Pause Full (System.gc()) 804M->804M(6144M) 535.419ms
[131.536s][info][gc,metaspace] GC(67) Metaspace: 99326K(113472K)->99326K(113472K) NonClass: 79053K(85056K)->79053K(85056K) Class: 20272K(28416K)->20272K(28416K)
[131.536s][info][gc          ] GC(67) Pause Full (System.gc()) 804M->804M(6144M) 552.497ms
[132.081s][info][gc,metaspace] GC(68) Metaspace: 99326K(113472K)->99326K(113472K) NonClass: 79053K(85056K)->79053K(85056K) Class: 20272K(28416K)->20272K(28416K)
[132.081s][info][gc          ] GC(68) Pause Full (System.gc()) 804M->804M(6144M) 544.542ms
[132.654s][info][gc,metaspace] GC(69) Metaspace: 99326K(113472K)->99326K(113472K) NonClass: 79053K(85056K)->79053K(85056K) Class: 20272K(28416K)->20272K(28416K)
[132.654s][info][gc          ] GC(69) Pause Full (System.gc()) 804M->804M(6144M) 573.058ms
[133.232s][info][gc,metaspace] GC(70) Metaspace: 99326K(113472K)->99326K(113472K) NonClass: 79053K(85056K)->79053K(85056K) Class: 20272K(28416K)->20272K(28416K)
[133.232s][info][gc          ] GC(70) Pause Full (System.gc()) 804M->804M(6144M) 578.042ms
[133.784s][info][gc,metaspace] GC(71) Metaspace: 99326K(113472K)->99326K(113472K) NonClass: 79053K(85056K)->79053K(85056K) Class: 20272K(28416K)->20272K(28416K)
[133.784s][info][gc          ] GC(71) Pause Full (System.gc()) 804M->804M(6144M) 551.860ms
[134.358s][info][gc,metaspace] GC(72) Metaspace: 99326K(113472K)->99326K(113472K) NonClass: 79053K(85056K)->79053K(85056K) Class: 20272K(28416K)->20272K(28416K)
[134.358s][info][gc          ] GC(72) Pause Full (System.gc()) 804M->804M(6144M) 573.934ms
[134.931s][info][gc,metaspace] GC(73) Metaspace: 99326K(113472K)->99326K(113472K) NonClass: 79053K(85056K)->79053K(85056K) Class: 20272K(28416K)->20272K(28416K)
[134.931s][info][gc          ] GC(73) Pause Full (System.gc()) 804M->804M(6144M) 573.163ms
[135.515s][info][gc,metaspace] GC(74) Metaspace: 99326K(113472K)->99326K(113472K) NonClass: 79053K(85056K)->79053K(85056K) Class: 20272K(28416K)->20272K(28416K)
[135.515s][info][gc          ] GC(74) Pause Full (System.gc()) 804M->804M(6144M) 583.624ms
[136.114s][info][gc,metaspace] GC(75) Metaspace: 99326K(113472K)->99326K(113472K) NonClass: 79053K(85056K)->79053K(85056K) Class: 20272K(28416K)->20272K(28416K)
[136.114s][info][gc          ] GC(75) Pause Full (System.gc()) 804M->804M(6144M) 598.463ms
[136.689s][info][gc,metaspace] GC(76) Metaspace: 99326K(113472K)->99326K(113472K) NonClass: 79053K(85056K)->79053K(85056K) Class: 20272K(28416K)->20272K(28416K)
[136.689s][info][gc          ] GC(76) Pause Full (System.gc()) 804M->804M(6144M) 570.462ms
[137.266s][info][gc,metaspace] GC(77) Metaspace: 99326K(113472K)->99326K(113472K) NonClass: 79053K(85056K)->79053K(85056K) Class: 20272K(28416K)->20272K(28416K)
[137.266s][info][gc          ] GC(77) Pause Full (System.gc()) 804M->804M(6144M) 577.241ms
[137.835s][info][gc,metaspace] GC(78) Metaspace: 99326K(113472K)->99326K(113472K) NonClass: 79053K(85056K)->79053K(85056K) Class: 20272K(28416K)->20272K(28416K)
[137.835s][info][gc          ] GC(78) Pause Full (System.gc()) 804M->804M(6144M) 568.692ms
[138.415s][info][gc,metaspace] GC(79) Metaspace: 99326K(113472K)->99326K(113472K) NonClass: 79053K(85056K)->79053K(85056K) Class: 20272K(28416K)->20272K(28416K)
[138.415s][info][gc          ] GC(79) Pause Full (System.gc()) 804M->804M(6144M) 579.800ms
[139.000s][info][gc,metaspace] GC(80) Metaspace: 99326K(113472K)->99326K(113472K) NonClass: 79053K(85056K)->79053K(85056K) Class: 20272K(28416K)->20272K(28416K)
[139.000s][info][gc          ] GC(80) Pause Full (System.gc()) 804M->804M(6144M) 584.741ms
[139.581s][info][gc,metaspace] GC(81) Metaspace: 99326K(113472K)->99326K(113472K) NonClass: 79053K(85056K)->79053K(85056K) Class: 20272K(28416K)->20272K(28416K)
[139.581s][info][gc          ] GC(81) Pause Full (System.gc()) 804M->804M(6144M) 581.785ms
[140.111s][info][gc,metaspace] GC(82) Metaspace: 99326K(113472K)->99326K(113472K) NonClass: 79053K(85056K)->79053K(85056K) Class: 20272K(28416K)->20272K(28416K)
[140.111s][info][gc          ] GC(82) Pause Full (System.gc()) 804M->804M(6144M) 529.433ms
[140.710s][info][gc,metaspace] GC(83) Metaspace: 99326K(113472K)->99326K(113472K) NonClass: 79053K(85056K)->79053K(85056K) Class: 20272K(28416K)->20272K(28416K)
[140.710s][info][gc          ] GC(83) Pause Full (System.gc()) 804M->804M(6144M) 599.266ms
[141.338s][info][gc,metaspace] GC(84) Metaspace: 99326K(113472K)->99326K(113472K) NonClass: 79053K(85056K)->79053K(85056K) Class: 20272K(28416K)->20272K(28416K)
[141.338s][info][gc          ] GC(84) Pause Full (System.gc()) 804M->804M(6144M) 627.084ms
[141.918s][info][gc,metaspace] GC(85) Metaspace: 99326K(113472K)->99326K(113472K) NonClass: 79053K(85056K)->79053K(85056K) Class: 20272K(28416K)->20272K(28416K)
[141.918s][info][gc          ] GC(85) Pause Full (System.gc()) 804M->804M(6144M) 580.759ms
[142.485s][info][gc,metaspace] GC(86) Metaspace: 99326K(113472K)->99326K(113472K) NonClass: 79053K(85056K)->79053K(85056K) Class: 20272K(28416K)->20272K(28416K)
[142.485s][info][gc          ] GC(86) Pause Full (System.gc()) 804M->804M(6144M) 566.758ms
[143.025s][info][gc,metaspace] GC(87) Metaspace: 99326K(113472K)->99326K(113472K) NonClass: 79053K(85056K)->79053K(85056K) Class: 20272K(28416K)->20272K(28416K)
[143.025s][info][gc          ] GC(87) Pause Full (System.gc()) 804M->804M(6144M) 539.214ms
[143.590s][info][gc,metaspace] GC(88) Metaspace: 99326K(113472K)->99326K(113472K) NonClass: 79053K(85056K)->79053K(85056K) Class: 20272K(28416K)->20272K(28416K)
[143.590s][info][gc          ] GC(88) Pause Full (System.gc()) 804M->804M(6144M) 564.962ms
[144.142s][info][gc,metaspace] GC(89) Metaspace: 99326K(113472K)->99326K(113472K) NonClass: 79053K(85056K)->79053K(85056K) Class: 20272K(28416K)->20272K(28416K)
[144.142s][info][gc          ] GC(89) Pause Full (System.gc()) 804M->804M(6144M) 552.251ms
[144.705s][info][gc,metaspace] GC(90) Metaspace: 99326K(113472K)->99326K(113472K) NonClass: 79053K(85056K)->79053K(85056K) Class: 20272K(28416K)->20272K(28416K)
[144.705s][info][gc          ] GC(90) Pause Full (System.gc()) 804M->804M(6144M) 562.740ms
[145.273s][info][gc,metaspace] GC(91) Metaspace: 99326K(113472K)->99326K(113472K) NonClass: 79053K(85056K)->79053K(85056K) Class: 20272K(28416K)->20272K(28416K)
[145.273s][info][gc          ] GC(91) Pause Full (System.gc()) 804M->804M(6144M) 568.269ms
[145.835s][info][gc,metaspace] GC(92) Metaspace: 99326K(113472K)->99326K(113472K) NonClass: 79053K(85056K)->79053K(85056K) Class: 20272K(28416K)->20272K(28416K)
[145.835s][info][gc          ] GC(92) Pause Full (System.gc()) 804M->804M(6144M) 561.399ms
[146.398s][info][gc,metaspace] GC(93) Metaspace: 99326K(113472K)->99326K(113472K) NonClass: 79053K(85056K)->79053K(85056K) Class: 20272K(28416K)->20272K(28416K)
[146.398s][info][gc          ] GC(93) Pause Full (System.gc()) 804M->804M(6144M) 562.735ms
[146.970s][info][gc,metaspace] GC(94) Metaspace: 99326K(113472K)->99326K(113472K) NonClass: 79053K(85056K)->79053K(85056K) Class: 20272K(28416K)->20272K(28416K)
[146.970s][info][gc          ] GC(94) Pause Full (System.gc()) 804M->804M(6144M) 568.217ms
[147.539s][info][gc,metaspace] GC(95) Metaspace: 99326K(113472K)->99326K(113472K) NonClass: 79053K(85056K)->79053K(85056K) Class: 20272K(28416K)->20272K(28416K)
[147.539s][info][gc          ] GC(95) Pause Full (System.gc()) 804M->804M(6144M) 568.217ms
[148.091s][info][gc,metaspace] GC(96) Metaspace: 99326K(113472K)->99326K(113472K) NonClass: 79053K(85056K)->79053K(85056K) Class: 20272K(28416K)->20272K(28416K)
[148.091s][info][gc          ] GC(96) Pause Full (System.gc()) 804M->804M(6144M) 551.965ms
[148.629s][info][gc,metaspace] GC(97) Metaspace: 99326K(113472K)->99326K(113472K) NonClass: 79053K(85056K)->79053K(85056K) Class: 20272K(28416K)->20272K(28416K)
[148.629s][info][gc          ] GC(97) Pause Full (System.gc()) 804M->804M(6144M) 537.921ms
[149.189s][info][gc,metaspace] GC(98) Metaspace: 99326K(113472K)->99326K(113472K) NonClass: 79053K(85056K)->79053K(85056K) Class: 20272K(28416K)->20272K(28416K)
[149.189s][info][gc          ] GC(98) Pause Full (System.gc()) 804M->804M(6144M) 560.109ms
[149.705s][info][gc,metaspace] GC(99) Metaspace: 99326K(113472K)->99326K(113472K) NonClass: 79053K(85056K)->79053K(85056K) Class: 20272K(28416K)->20272K(28416K)
[149.705s][info][gc          ] GC(99) Pause Full (System.gc()) 804M->804M(6144M) 516.415ms
[150.258s][info][gc,metaspace] GC(100) Metaspace: 99326K(113472K)->99326K(113472K) NonClass: 79053K(85056K)->79053K(85056K) Class: 20272K(28416K)->20272K(28416K)
[150.258s][info][gc          ] GC(100) Pause Full (System.gc()) 804M->804M(6144M) 552.049ms
[150.821s][info][gc,metaspace] GC(101) Metaspace: 99326K(113472K)->99326K(113472K) NonClass: 79053K(85056K)->79053K(85056K) Class: 20272K(28416K)->20272K(28416K)
[150.821s][info][gc          ] GC(101) Pause Full (System.gc()) 804M->804M(6144M) 563.300ms
[151.390s][info][gc,metaspace] GC(102) Metaspace: 99326K(113472K)->99326K(113472K) NonClass: 79053K(85056K)->79053K(85056K) Class: 20272K(28416K)->20272K(28416K)
[151.391s][info][gc          ] GC(102) Pause Full (System.gc()) 804M->804M(6144M) 569.442ms
[151.966s][info][gc,metaspace] GC(103) Metaspace: 99326K(113472K)->99326K(113472K) NonClass: 79053K(85056K)->79053K(85056K) Class: 20272K(28416K)->20272K(28416K)
[151.966s][info][gc          ] GC(103) Pause Full (System.gc()) 804M->804M(6144M) 575.021ms
[152.529s][info][gc,metaspace] GC(104) Metaspace: 99326K(113472K)->99326K(113472K) NonClass: 79053K(85056K)->79053K(85056K) Class: 20272K(28416K)->20272K(28416K)
[152.529s][info][gc          ] GC(104) Pause Full (System.gc()) 804M->804M(6144M) 558.978ms
[153.062s][info][gc,metaspace] GC(105) Metaspace: 99326K(113472K)->99326K(113472K) NonClass: 79053K(85056K)->79053K(85056K) Class: 20272K(28416K)->20272K(28416K)
[153.062s][info][gc          ] GC(105) Pause Full (System.gc()) 804M->804M(6144M) 532.723ms
[153.647s][info][gc,metaspace] GC(106) Metaspace: 99326K(113472K)->99326K(113472K) NonClass: 79053K(85056K)->79053K(85056K) Class: 20272K(28416K)->20272K(28416K)
[153.647s][info][gc          ] GC(106) Pause Full (System.gc()) 804M->804M(6144M) 584.912ms
[154.214s][info][gc,metaspace] GC(107) Metaspace: 99326K(113472K)->99326K(113472K) NonClass: 79053K(85056K)->79053K(85056K) Class: 20272K(28416K)->20272K(28416K)
[154.214s][info][gc          ] GC(107) Pause Full (System.gc()) 804M->804M(6144M) 566.841ms
[154.762s][info][gc,metaspace] GC(108) Metaspace: 99326K(113472K)->99326K(113472K) NonClass: 79053K(85056K)->79053K(85056K) Class: 20272K(28416K)->20272K(28416K)
[154.762s][info][gc          ] GC(108) Pause Full (System.gc()) 804M->804M(6144M) 547.775ms
[155.338s][info][gc,metaspace] GC(109) Metaspace: 99326K(113472K)->99326K(113472K) NonClass: 79053K(85056K)->79053K(85056K) Class: 20272K(28416K)->20272K(28416K)
[155.338s][info][gc          ] GC(109) Pause Full (System.gc()) 804M->804M(6144M) 576.554ms
[155.909s][info][gc,metaspace] GC(110) Metaspace: 99326K(113472K)->99326K(113472K) NonClass: 79053K(85056K)->79053K(85056K) Class: 20272K(28416K)->20272K(28416K)
[155.909s][info][gc          ] GC(110) Pause Full (System.gc()) 804M->804M(6144M) 570.944ms
[156.506s][info][gc,metaspace] GC(111) Metaspace: 99326K(113472K)->99326K(113472K) NonClass: 79053K(85056K)->79053K(85056K) Class: 20272K(28416K)->20272K(28416K)
[156.506s][info][gc          ] GC(111) Pause Full (System.gc()) 804M->804M(6144M) 596.497ms
[157.131s][info][gc,metaspace] GC(112) Metaspace: 99326K(113472K)->99326K(113472K) NonClass: 79053K(85056K)->79053K(85056K) Class: 20272K(28416K)->20272K(28416K)
[157.131s][info][gc          ] GC(112) Pause Full (System.gc()) 804M->804M(6144M) 625.392ms
[157.692s][info][gc,metaspace] GC(113) Metaspace: 99326K(113472K)->99326K(113472K) NonClass: 79053K(85056K)->79053K(85056K) Class: 20272K(28416K)->20272K(28416K)
[157.692s][info][gc          ] GC(113) Pause Full (System.gc()) 804M->804M(6144M) 556.482ms
[158.262s][info][gc,metaspace] GC(114) Metaspace: 99326K(113472K)->99326K(113472K) NonClass: 79053K(85056K)->79053K(85056K) Class: 20272K(28416K)->20272K(28416K)
[158.262s][info][gc          ] GC(114) Pause Full (System.gc()) 804M->804M(6144M) 569.785ms
[158.814s][info][gc,metaspace] GC(115) Metaspace: 99326K(113472K)->99326K(113472K) NonClass: 79053K(85056K)->79053K(85056K) Class: 20272K(28416K)->20272K(28416K)
[158.814s][info][gc          ] GC(115) Pause Full (System.gc()) 804M->804M(6144M) 551.956ms
[159.348s][info][gc,metaspace] GC(116) Metaspace: 99326K(113472K)->99326K(113472K) NonClass: 79053K(85056K)->79053K(85056K) Class: 20272K(28416K)->20272K(28416K)
[159.348s][info][gc          ] GC(116) Pause Full (System.gc()) 804M->804M(6144M) 533.631ms
[159.921s][info][gc,metaspace] GC(117) Metaspace: 99326K(113472K)->99326K(113472K) NonClass: 79053K(85056K)->79053K(85056K) Class: 20272K(28416K)->20272K(28416K)
[159.921s][info][gc          ] GC(117) Pause Full (System.gc()) 804M->804M(6144M) 572.591ms
[160.490s][info][gc,metaspace] GC(118) Metaspace: 99326K(113472K)->99326K(113472K) NonClass: 79053K(85056K)->79053K(85056K) Class: 20272K(28416K)->20272K(28416K)
[160.490s][info][gc          ] GC(118) Pause Full (System.gc()) 804M->804M(6144M) 568.994ms
[161.072s][info][gc,metaspace] GC(119) Metaspace: 99326K(113472K)->99326K(113472K) NonClass: 79053K(85056K)->79053K(85056K) Class: 20272K(28416K)->20272K(28416K)
[161.072s][info][gc          ] GC(119) Pause Full (System.gc()) 804M->804M(6144M) 582.526ms
[161.663s][info][gc,metaspace] GC(120) Metaspace: 99326K(113472K)->99326K(113472K) NonClass: 79053K(85056K)->79053K(85056K) Class: 20272K(28416K)->20272K(28416K)
[161.663s][info][gc          ] GC(120) Pause Full (System.gc()) 804M->804M(6144M) 590.797ms
[162.209s][info][gc,metaspace] GC(121) Metaspace: 99326K(113472K)->99326K(113472K) NonClass: 79053K(85056K)->79053K(85056K) Class: 20272K(28416K)->20272K(28416K)
[162.209s][info][gc          ] GC(121) Pause Full (System.gc()) 804M->804M(6144M) 546.042ms
After GCs... 
