[0.001s][info][metaspace]  - commit_granule_bytes: 65536.
[0.001s][info][metaspace]  - commit_granule_words: 8192.
[0.001s][info][metaspace]  - virtual_space_node_default_size: 8388608.
[0.001s][info][metaspace]  - enlarge_chunks_in_place: 1.
[0.001s][info][metaspace]  - use_allocation_guard: 0.
[0.005s][info][gc       ] Using G1
[0.444s][info][metaspace] Reserving compressed class space anywhere
[0.444s][info][gc,metaspace] CDS archive(s) not mapped
[0.444s][info][gc,metaspace] Compressed class space mapped at: 0x0000000036000000-0x00000000f6000000, reserved size: 3221225472
[0.444s][info][gc,metaspace] UseCompressedClassPointers 1, UseCompactObjectHeaders 1, narrow klass pointer bits 22, max shift 10
[0.444s][info][gc,metaspace] Narrow klass base: 0x0000000036000000, Narrow klass shift: 10, Narrow klass range: 0xc0000000
Num Classes: 16384
Num Objects per Class: 4096
Cycles: 100
Class association: random
Generate 16384 classes...[1.462s][info][gc,metaspace] GC(0) Metaspace: 21726K(22016K)->21726K(22016K) NonClass: 18008K(18176K)->18008K(18176K) Class: 3717K(3840K)->3717K(3840K)
[1.462s][info][gc          ] GC(0) Pause Young (Normal) (G1 Evacuation Pause) 304M->4M(6144M) 4.470ms
[1.805s][info][gc,metaspace] GC(1) Metaspace: 22019K(22336K)->22019K(22336K) NonClass: 18300K(18496K)->18300K(18496K) Class: 3718K(3840K)->3718K(3840K)
[1.805s][info][gc          ] GC(1) Pause Young (Normal) (G1 Evacuation Pause) 300M->4M(6144M) 4.602ms
[2.098s][info][gc,metaspace] GC(2) Metaspace: 22193K(22464K)->22193K(22464K) NonClass: 18474K(18624K)->18474K(18624K) Class: 3718K(3840K)->3718K(3840K)
[2.098s][info][gc          ] GC(2) Pause Young (Normal) (G1 Evacuation Pause) 300M->4M(6144M) 4.521ms
[2.452s][info][gc,metaspace] GC(3) Metaspace: 22464K(22784K)->22464K(22784K) NonClass: 18745K(18944K)->18745K(18944K) Class: 3718K(3840K)->3718K(3840K)
[2.452s][info][gc          ] GC(3) Pause Young (Normal) (G1 Evacuation Pause) 300M->3M(6144M) 4.914ms
[2.724s][info][gc,metaspace] GC(4) Metaspace: 22597K(22912K)->22597K(22912K) NonClass: 18875K(19072K)->18875K(19072K) Class: 3721K(3840K)->3721K(3840K)
[2.724s][info][gc          ] GC(4) Pause Young (Normal) (G1 Evacuation Pause) 303M->4M(6144M) 4.624ms
[3.184s][info][gc,metaspace] GC(5) Metaspace: 22661K(22912K)->22661K(22912K) NonClass: 18939K(19072K)->18939K(19072K) Class: 3721K(3840K)->3721K(3840K)
[3.184s][info][gc          ] GC(5) Pause Young (Normal) (G1 Evacuation Pause) 340M->4M(6144M) 4.730ms
[3.486s][info][gc,metaspace] GC(6) Metaspace: 23316K(23616K)->23316K(23616K) NonClass: 19594K(19776K)->19594K(19776K) Class: 3721K(3840K)->3721K(3840K)
[3.486s][info][gc          ] GC(6) Pause Young (Normal) (G1 Evacuation Pause) 360M->5M(6144M) 5.151ms
[3.826s][info][gc,metaspace] GC(7) Metaspace: 23359K(23680K)->23359K(23680K) NonClass: 19637K(19840K)->19637K(19840K) Class: 3721K(3840K)->3721K(3840K)
[3.826s][info][gc          ] GC(7) Pause Young (Normal) (G1 Evacuation Pause) 417M->4M(6144M) 3.750ms
[4.203s][info][gc,metaspace] GC(8) Metaspace: 23374K(23680K)->23374K(23680K) NonClass: 19652K(19840K)->19652K(19840K) Class: 3721K(3840K)->3721K(3840K)
[4.203s][info][gc          ] GC(8) Pause Young (Normal) (G1 Evacuation Pause) 476M->4M(6144M) 5.548ms
[4.901s][info][gc,metaspace] GC(9) Metaspace: 23391K(23680K)->23391K(23680K) NonClass: 19669K(19840K)->19669K(19840K) Class: 3721K(3840K)->3721K(3840K)
[4.901s][info][gc          ] GC(9) Pause Young (Normal) (G1 Evacuation Pause) 552M->5M(6144M) 5.806ms
[5.436s][info][gc,metaspace] GC(10) Metaspace: 23416K(23744K)->23416K(23744K) NonClass: 19694K(19904K)->19694K(19904K) Class: 3721K(3840K)->3721K(3840K)
[5.436s][info][gc          ] GC(10) Pause Young (Normal) (G1 Evacuation Pause) 629M->5M(6144M) 5.005ms
[5.997s][info][gc,metaspace] GC(11) Metaspace: 23432K(23744K)->23432K(23744K) NonClass: 19710K(19904K)->19710K(19904K) Class: 3721K(3840K)->3721K(3840K)
[5.997s][info][gc          ] GC(11) Pause Young (Normal) (G1 Evacuation Pause) 733M->5M(6144M) 5.579ms
[6.954s][info][gc,metaspace] GC(12) Metaspace: 23461K(23744K)->23461K(23744K) NonClass: 19739K(19904K)->19739K(19904K) Class: 3721K(3840K)->3721K(3840K)
[6.954s][info][gc          ] GC(12) Pause Young (Normal) (G1 Evacuation Pause) 837M->6M(6144M) 5.469ms
[7.916s][info][gc,metaspace] GC(13) Metaspace: 23529K(23808K)->23529K(23808K) NonClass: 19807K(19968K)->19807K(19968K) Class: 3721K(3840K)->3721K(3840K)
[7.916s][info][gc          ] GC(13) Pause Young (Normal) (G1 Evacuation Pause) 958M->5M(6144M) 3.976ms
[8.962s][info][gc,metaspace] GC(14) Metaspace: 23597K(23872K)->23597K(23872K) NonClass: 19875K(20032K)->19875K(20032K) Class: 3722K(3840K)->3722K(3840K)
[8.962s][info][gc          ] GC(14) Pause Young (Normal) (G1 Evacuation Pause) 1129M->6M(6144M) 5.649ms
[10.018s][info][gc,metaspace] GC(15) Metaspace: 23668K(23936K)->23668K(23936K) NonClass: 19944K(20096K)->19944K(20096K) Class: 3723K(3840K)->3723K(3840K)
[10.018s][info][gc          ] GC(15) Pause Young (Normal) (G1 Evacuation Pause) 1290M->6M(6144M) 5.690ms
[11.072s][info][gc,metaspace] GC(16) Metaspace: 23669K(23936K)->23669K(23936K) NonClass: 19945K(20096K)->19945K(20096K) Class: 3723K(3840K)->3723K(3840K)
[11.072s][info][gc          ] GC(16) Pause Young (Normal) (G1 Evacuation Pause) 1454M->7M(6144M) 1.587ms
[12.280s][info][gc,metaspace] GC(17) Metaspace: 23669K(23936K)->23669K(23936K) NonClass: 19945K(20096K)->19945K(20096K) Class: 3723K(3840K)->3723K(3840K)
[12.280s][info][gc          ] GC(17) Pause Young (Normal) (G1 Evacuation Pause) 1695M->8M(6144M) 1.868ms
[13.692s][info][gc,metaspace] GC(18) Metaspace: 23669K(23936K)->23669K(23936K) NonClass: 19945K(20096K)->19945K(20096K) Class: 3723K(3840K)->3723K(3840K)
[13.692s][info][gc          ] GC(18) Pause Young (Normal) (G1 Evacuation Pause) 1932M->8M(6144M) 2.298ms
[15.235s][info][gc,metaspace] GC(19) Metaspace: 23669K(23936K)->23669K(23936K) NonClass: 19945K(20096K)->19945K(20096K) Class: 3723K(3840K)->3723K(3840K)
[15.235s][info][gc          ] GC(19) Pause Young (Normal) (G1 Evacuation Pause) 2208M->9M(6144M) 2.497ms
[17.510s][info][gc,metaspace] GC(20) Metaspace: 23669K(23936K)->23669K(23936K) NonClass: 19945K(20096K)->19945K(20096K) Class: 3723K(3840K)->3723K(3840K)
[17.510s][info][gc          ] GC(20) Pause Young (Normal) (G1 Evacuation Pause) 2505M->10M(6144M) 2.444ms
[20.210s][info][gc,metaspace] GC(21) Metaspace: 23669K(23936K)->23669K(23936K) NonClass: 19945K(20096K)->19945K(20096K) Class: 3723K(3840K)->3723K(3840K)
[20.210s][info][gc          ] GC(21) Pause Young (Normal) (G1 Evacuation Pause) 2826M->9M(6144M) 2.720ms
[22.537s][info][gc,metaspace] GC(22) Metaspace: 23669K(23936K)->23669K(23936K) NonClass: 19945K(20096K)->19945K(20096K) Class: 3723K(3840K)->3723K(3840K)
[22.537s][info][gc          ] GC(22) Pause Young (Normal) (G1 Evacuation Pause) 3185M->11M(6144M) 2.810ms
[25.045s][info][gc,metaspace] GC(23) Metaspace: 23669K(23936K)->23669K(23936K) NonClass: 19945K(20096K)->19945K(20096K) Class: 3723K(3840K)->3723K(3840K)
[25.045s][info][gc          ] GC(23) Pause Young (Normal) (G1 Evacuation Pause) 3579M->12M(6144M) 2.788ms
[27.630s][info][gc,metaspace] GC(24) Metaspace: 23669K(23936K)->23669K(23936K) NonClass: 19945K(20096K)->19945K(20096K) Class: 3723K(3840K)->3723K(3840K)
[27.630s][info][gc          ] GC(24) Pause Young (Normal) (G1 Evacuation Pause) 3684M->13M(6144M) 3.100ms
[30.149s][info][gc,metaspace] GC(25) Metaspace: 23669K(23936K)->23669K(23936K) NonClass: 19945K(20096K)->19945K(20096K) Class: 3723K(3840K)->3723K(3840K)
[30.149s][info][gc          ] GC(25) Pause Young (Normal) (G1 Evacuation Pause) 3685M->13M(6144M) 2.747ms
[32.844s][info][gc,metaspace] GC(26) Metaspace: 23669K(23936K)->23669K(23936K) NonClass: 19945K(20096K)->19945K(20096K) Class: 3723K(3840K)->3723K(3840K)
[32.844s][info][gc          ] GC(26) Pause Young (Normal) (G1 Evacuation Pause) 3685M->15M(6144M) 3.479ms
[35.352s][info][gc,metaspace] GC(27) Metaspace: 23669K(23936K)->23669K(23936K) NonClass: 19945K(20096K)->19945K(20096K) Class: 3723K(3840K)->3723K(3840K)
[35.352s][info][gc          ] GC(27) Pause Young (Normal) (G1 Evacuation Pause) 3687M->15M(6144M) 3.211ms
[37.913s][info][gc,metaspace] GC(28) Metaspace: 23669K(23936K)->23669K(23936K) NonClass: 19945K(20096K)->19945K(20096K) Class: 3723K(3840K)->3723K(3840K)
[37.913s][info][gc          ] GC(28) Pause Young (Normal) (G1 Evacuation Pause) 3687M->17M(6144M) 3.761ms
[40.460s][info][gc,metaspace] GC(29) Metaspace: 23669K(23936K)->23669K(23936K) NonClass: 19945K(20096K)->19945K(20096K) Class: 3723K(3840K)->3723K(3840K)
[40.460s][info][gc          ] GC(29) Pause Young (Normal) (G1 Evacuation Pause) 3685M->18M(6144M) 3.387ms
[42.953s][info][gc,metaspace] GC(30) Metaspace: 23669K(23936K)->23669K(23936K) NonClass: 19945K(20096K)->19945K(20096K) Class: 3723K(3840K)->3723K(3840K)
[42.953s][info][gc          ] GC(30) Pause Young (Normal) (G1 Evacuation Pause) 3686M->19M(6144M) 3.870ms
[45.492s][info][gc,metaspace] GC(31) Metaspace: 23669K(23936K)->23669K(23936K) NonClass: 19945K(20096K)->19945K(20096K) Class: 3723K(3840K)->3723K(3840K)
[45.492s][info][gc          ] GC(31) Pause Young (Normal) (G1 Evacuation Pause) 3687M->20M(6144M) 3.880ms

Loading 16384...[47.844s][info][gc,metaspace] GC(32) Metaspace: 48257K(48512K)->48257K(48512K) NonClass: 28150K(28288K)->28150K(28288K) Class: 20107K(20224K)->20107K(20224K)
[47.844s][info][gc          ] GC(32) Pause Full (System.gc()) 3108M->21M(6144M) 32.850ms
Creating 4096 objects per class...[56.012s][info][gc,metaspace] GC(33) Metaspace: 92336K(107840K)->92336K(107840K) NonClass: 63651K(71232K)->63651K(71232K) Class: 28685K(36608K)->28685K(36608K)
[56.012s][info][gc          ] GC(33) Pause Young (Concurrent Start) (CodeCache GC Threshold) 881M->348M(6144M) 60.145ms
[56.012s][info][gc          ] GC(34) Concurrent Mark Cycle
[56.169s][info][gc          ] GC(34) Pause Remark 350M->350M(6144M) 11.197ms
[56.213s][info][gc          ] GC(34) Pause Cleanup 350M->350M(6144M) 0.030ms
[56.219s][info][gc          ] GC(34) Concurrent Mark Cycle 207.037ms
[79.978s][info][gc,metaspace] GC(35) Metaspace: 101127K(115008K)->101127K(115008K) NonClass: 72441K(78400K)->72441K(78400K) Class: 28685K(36608K)->28685K(36608K)
[79.978s][info][gc          ] GC(35) Pause Young (Prepare Mixed) (G1 Evacuation Pause) 584M->587M(6144M) 286.989ms

Done; will start GCs... 
[103.616s][info][gc,metaspace] GC(36) Metaspace: 101127K(115008K)->101127K(115008K) NonClass: 72441K(78400K)->72441K(78400K) Class: 28685K(36608K)->28685K(36608K)
[103.616s][info][gc          ] GC(36) Pause Full (System.gc()) 815M->804M(6144M) 703.892ms
[104.151s][info][gc,metaspace] GC(37) Metaspace: 101127K(115008K)->101127K(115008K) NonClass: 72441K(78400K)->72441K(78400K) Class: 28685K(36608K)->28685K(36608K)
[104.151s][info][gc          ] GC(37) Pause Full (System.gc()) 804M->804M(6144M) 534.072ms
[104.682s][info][gc,metaspace] GC(38) Metaspace: 101127K(115008K)->101127K(115008K) NonClass: 72441K(78400K)->72441K(78400K) Class: 28685K(36608K)->28685K(36608K)
[104.682s][info][gc          ] GC(38) Pause Full (System.gc()) 804M->804M(6144M) 531.416ms
[105.209s][info][gc,metaspace] GC(39) Metaspace: 101127K(115008K)->101127K(115008K) NonClass: 72441K(78400K)->72441K(78400K) Class: 28685K(36608K)->28685K(36608K)
[105.209s][info][gc          ] GC(39) Pause Full (System.gc()) 804M->804M(6144M) 526.547ms
[105.727s][info][gc,metaspace] GC(40) Metaspace: 101127K(115008K)->101127K(115008K) NonClass: 72441K(78400K)->72441K(78400K) Class: 28685K(36608K)->28685K(36608K)
[105.727s][info][gc          ] GC(40) Pause Full (System.gc()) 804M->804M(6144M) 518.027ms
[106.255s][info][gc,metaspace] GC(41) Metaspace: 101127K(115008K)->101127K(115008K) NonClass: 72441K(78400K)->72441K(78400K) Class: 28685K(36608K)->28685K(36608K)
[106.255s][info][gc          ] GC(41) Pause Full (System.gc()) 804M->804M(6144M) 527.902ms
[106.780s][info][gc,metaspace] GC(42) Metaspace: 101127K(115008K)->101127K(115008K) NonClass: 72441K(78400K)->72441K(78400K) Class: 28685K(36608K)->28685K(36608K)
[106.780s][info][gc          ] GC(42) Pause Full (System.gc()) 804M->804M(6144M) 525.035ms
[107.344s][info][gc,metaspace] GC(43) Metaspace: 101127K(115008K)->101127K(115008K) NonClass: 72441K(78400K)->72441K(78400K) Class: 28685K(36608K)->28685K(36608K)
[107.344s][info][gc          ] GC(43) Pause Full (System.gc()) 804M->804M(6144M) 564.060ms
[107.864s][info][gc,metaspace] GC(44) Metaspace: 101127K(115008K)->101127K(115008K) NonClass: 72441K(78400K)->72441K(78400K) Class: 28685K(36608K)->28685K(36608K)
[107.864s][info][gc          ] GC(44) Pause Full (System.gc()) 804M->804M(6144M) 519.210ms
[108.413s][info][gc,metaspace] GC(45) Metaspace: 101127K(115008K)->101127K(115008K) NonClass: 72441K(78400K)->72441K(78400K) Class: 28685K(36608K)->28685K(36608K)
[108.413s][info][gc          ] GC(45) Pause Full (System.gc()) 804M->804M(6144M) 549.714ms
[108.917s][info][gc,metaspace] GC(46) Metaspace: 101127K(115008K)->101127K(115008K) NonClass: 72441K(78400K)->72441K(78400K) Class: 28685K(36608K)->28685K(36608K)
[108.917s][info][gc          ] GC(46) Pause Full (System.gc()) 804M->804M(6144M) 503.492ms
[109.440s][info][gc,metaspace] GC(47) Metaspace: 101127K(115008K)->101127K(115008K) NonClass: 72441K(78400K)->72441K(78400K) Class: 28685K(36608K)->28685K(36608K)
[109.440s][info][gc          ] GC(47) Pause Full (System.gc()) 804M->804M(6144M) 522.598ms
[109.974s][info][gc,metaspace] GC(48) Metaspace: 101127K(115008K)->101127K(115008K) NonClass: 72441K(78400K)->72441K(78400K) Class: 28685K(36608K)->28685K(36608K)
[109.974s][info][gc          ] GC(48) Pause Full (System.gc()) 804M->804M(6144M) 534.548ms
[110.492s][info][gc,metaspace] GC(49) Metaspace: 101127K(115008K)->101127K(115008K) NonClass: 72441K(78400K)->72441K(78400K) Class: 28685K(36608K)->28685K(36608K)
[110.492s][info][gc          ] GC(49) Pause Full (System.gc()) 804M->804M(6144M) 517.528ms
[111.036s][info][gc,metaspace] GC(50) Metaspace: 101127K(115008K)->101127K(115008K) NonClass: 72441K(78400K)->72441K(78400K) Class: 28685K(36608K)->28685K(36608K)
[111.036s][info][gc          ] GC(50) Pause Full (System.gc()) 804M->804M(6144M) 543.720ms
[111.562s][info][gc,metaspace] GC(51) Metaspace: 101127K(115008K)->101127K(115008K) NonClass: 72441K(78400K)->72441K(78400K) Class: 28685K(36608K)->28685K(36608K)
[111.562s][info][gc          ] GC(51) Pause Full (System.gc()) 804M->804M(6144M) 526.420ms
[112.091s][info][gc,metaspace] GC(52) Metaspace: 101127K(115008K)->101127K(115008K) NonClass: 72441K(78400K)->72441K(78400K) Class: 28685K(36608K)->28685K(36608K)
[112.091s][info][gc          ] GC(52) Pause Full (System.gc()) 804M->804M(6144M) 528.341ms
[112.620s][info][gc,metaspace] GC(53) Metaspace: 101127K(115008K)->101127K(115008K) NonClass: 72441K(78400K)->72441K(78400K) Class: 28685K(36608K)->28685K(36608K)
[112.620s][info][gc          ] GC(53) Pause Full (System.gc()) 804M->804M(6144M) 529.491ms
[113.171s][info][gc,metaspace] GC(54) Metaspace: 101127K(115008K)->101127K(115008K) NonClass: 72441K(78400K)->72441K(78400K) Class: 28685K(36608K)->28685K(36608K)
[113.171s][info][gc          ] GC(54) Pause Full (System.gc()) 804M->804M(6144M) 550.584ms
[113.668s][info][gc,metaspace] GC(55) Metaspace: 101127K(115008K)->101127K(115008K) NonClass: 72441K(78400K)->72441K(78400K) Class: 28685K(36608K)->28685K(36608K)
[113.668s][info][gc          ] GC(55) Pause Full (System.gc()) 804M->804M(6144M) 497.271ms
[114.176s][info][gc,metaspace] GC(56) Metaspace: 101127K(115008K)->101127K(115008K) NonClass: 72441K(78400K)->72441K(78400K) Class: 28685K(36608K)->28685K(36608K)
[114.176s][info][gc          ] GC(56) Pause Full (System.gc()) 804M->804M(6144M) 503.383ms
[114.693s][info][gc,metaspace] GC(57) Metaspace: 101127K(115008K)->101127K(115008K) NonClass: 72441K(78400K)->72441K(78400K) Class: 28685K(36608K)->28685K(36608K)
[114.693s][info][gc          ] GC(57) Pause Full (System.gc()) 804M->804M(6144M) 517.083ms
[115.215s][info][gc,metaspace] GC(58) Metaspace: 101127K(115008K)->101127K(115008K) NonClass: 72441K(78400K)->72441K(78400K) Class: 28685K(36608K)->28685K(36608K)
[115.215s][info][gc          ] GC(58) Pause Full (System.gc()) 804M->804M(6144M) 521.921ms
[115.714s][info][gc,metaspace] GC(59) Metaspace: 101127K(115008K)->101127K(115008K) NonClass: 72441K(78400K)->72441K(78400K) Class: 28685K(36608K)->28685K(36608K)
[115.714s][info][gc          ] GC(59) Pause Full (System.gc()) 804M->804M(6144M) 498.238ms
[116.251s][info][gc,metaspace] GC(60) Metaspace: 101127K(115008K)->101127K(115008K) NonClass: 72441K(78400K)->72441K(78400K) Class: 28685K(36608K)->28685K(36608K)
[116.251s][info][gc          ] GC(60) Pause Full (System.gc()) 804M->804M(6144M) 537.284ms
[116.778s][info][gc,metaspace] GC(61) Metaspace: 101127K(115008K)->101127K(115008K) NonClass: 72441K(78400K)->72441K(78400K) Class: 28685K(36608K)->28685K(36608K)
[116.778s][info][gc          ] GC(61) Pause Full (System.gc()) 804M->804M(6144M) 526.961ms
[117.304s][info][gc,metaspace] GC(62) Metaspace: 101127K(115008K)->101127K(115008K) NonClass: 72441K(78400K)->72441K(78400K) Class: 28685K(36608K)->28685K(36608K)
[117.304s][info][gc          ] GC(62) Pause Full (System.gc()) 804M->804M(6144M) 525.883ms
[117.830s][info][gc,metaspace] GC(63) Metaspace: 101127K(115008K)->101127K(115008K) NonClass: 72441K(78400K)->72441K(78400K) Class: 28685K(36608K)->28685K(36608K)
[117.830s][info][gc          ] GC(63) Pause Full (System.gc()) 804M->804M(6144M) 525.567ms
[118.336s][info][gc,metaspace] GC(64) Metaspace: 101127K(115008K)->101127K(115008K) NonClass: 72441K(78400K)->72441K(78400K) Class: 28685K(36608K)->28685K(36608K)
[118.336s][info][gc          ] GC(64) Pause Full (System.gc()) 804M->804M(6144M) 506.474ms
[118.850s][info][gc,metaspace] GC(65) Metaspace: 101127K(115008K)->101127K(115008K) NonClass: 72441K(78400K)->72441K(78400K) Class: 28685K(36608K)->28685K(36608K)
[118.850s][info][gc          ] GC(65) Pause Full (System.gc()) 804M->804M(6144M) 513.614ms
[119.382s][info][gc,metaspace] GC(66) Metaspace: 101127K(115008K)->101127K(115008K) NonClass: 72441K(78400K)->72441K(78400K) Class: 28685K(36608K)->28685K(36608K)
[119.382s][info][gc          ] GC(66) Pause Full (System.gc()) 804M->804M(6144M) 527.254ms
[119.886s][info][gc,metaspace] GC(67) Metaspace: 101127K(115008K)->101127K(115008K) NonClass: 72441K(78400K)->72441K(78400K) Class: 28685K(36608K)->28685K(36608K)
[119.886s][info][gc          ] GC(67) Pause Full (System.gc()) 804M->804M(6144M) 503.991ms
[120.438s][info][gc,metaspace] GC(68) Metaspace: 101127K(115008K)->101127K(115008K) NonClass: 72441K(78400K)->72441K(78400K) Class: 28685K(36608K)->28685K(36608K)
[120.438s][info][gc          ] GC(68) Pause Full (System.gc()) 804M->804M(6144M) 552.281ms
[121.027s][info][gc,metaspace] GC(69) Metaspace: 101127K(115008K)->101127K(115008K) NonClass: 72441K(78400K)->72441K(78400K) Class: 28685K(36608K)->28685K(36608K)
[121.027s][info][gc          ] GC(69) Pause Full (System.gc()) 804M->804M(6144M) 588.500ms
[121.597s][info][gc,metaspace] GC(70) Metaspace: 101127K(115008K)->101127K(115008K) NonClass: 72441K(78400K)->72441K(78400K) Class: 28685K(36608K)->28685K(36608K)
[121.597s][info][gc          ] GC(70) Pause Full (System.gc()) 804M->804M(6144M) 570.311ms
[122.103s][info][gc,metaspace] GC(71) Metaspace: 101127K(115008K)->101127K(115008K) NonClass: 72441K(78400K)->72441K(78400K) Class: 28685K(36608K)->28685K(36608K)
[122.103s][info][gc          ] GC(71) Pause Full (System.gc()) 804M->804M(6144M) 505.523ms
[122.606s][info][gc,metaspace] GC(72) Metaspace: 101127K(115008K)->101127K(115008K) NonClass: 72441K(78400K)->72441K(78400K) Class: 28685K(36608K)->28685K(36608K)
[122.606s][info][gc          ] GC(72) Pause Full (System.gc()) 805M->804M(6144M) 503.058ms
[123.121s][info][gc,metaspace] GC(73) Metaspace: 101127K(115008K)->101127K(115008K) NonClass: 72441K(78400K)->72441K(78400K) Class: 28685K(36608K)->28685K(36608K)
[123.121s][info][gc          ] GC(73) Pause Full (System.gc()) 804M->804M(6144M) 515.082ms
[123.638s][info][gc,metaspace] GC(74) Metaspace: 101127K(115008K)->101127K(115008K) NonClass: 72441K(78400K)->72441K(78400K) Class: 28685K(36608K)->28685K(36608K)
[123.638s][info][gc          ] GC(74) Pause Full (System.gc()) 804M->804M(6144M) 516.286ms
[124.176s][info][gc,metaspace] GC(75) Metaspace: 101127K(115008K)->101127K(115008K) NonClass: 72441K(78400K)->72441K(78400K) Class: 28685K(36608K)->28685K(36608K)
[124.176s][info][gc          ] GC(75) Pause Full (System.gc()) 804M->804M(6144M) 537.816ms
[124.686s][info][gc,metaspace] GC(76) Metaspace: 101127K(115008K)->101127K(115008K) NonClass: 72441K(78400K)->72441K(78400K) Class: 28685K(36608K)->28685K(36608K)
[124.686s][info][gc          ] GC(76) Pause Full (System.gc()) 804M->804M(6144M) 505.716ms
[125.217s][info][gc,metaspace] GC(77) Metaspace: 101127K(115008K)->101127K(115008K) NonClass: 72441K(78400K)->72441K(78400K) Class: 28685K(36608K)->28685K(36608K)
[125.217s][info][gc          ] GC(77) Pause Full (System.gc()) 804M->804M(6144M) 531.243ms
[125.731s][info][gc,metaspace] GC(78) Metaspace: 101127K(115008K)->101127K(115008K) NonClass: 72441K(78400K)->72441K(78400K) Class: 28685K(36608K)->28685K(36608K)
[125.731s][info][gc          ] GC(78) Pause Full (System.gc()) 804M->804M(6144M) 513.582ms
[126.256s][info][gc,metaspace] GC(79) Metaspace: 101127K(115008K)->101127K(115008K) NonClass: 72441K(78400K)->72441K(78400K) Class: 28685K(36608K)->28685K(36608K)
[126.257s][info][gc          ] GC(79) Pause Full (System.gc()) 804M->804M(6144M) 525.602ms
[126.755s][info][gc,metaspace] GC(80) Metaspace: 101127K(115008K)->101127K(115008K) NonClass: 72441K(78400K)->72441K(78400K) Class: 28685K(36608K)->28685K(36608K)
[126.755s][info][gc          ] GC(80) Pause Full (System.gc()) 804M->804M(6144M) 498.663ms
[127.285s][info][gc,metaspace] GC(81) Metaspace: 101127K(115008K)->101127K(115008K) NonClass: 72441K(78400K)->72441K(78400K) Class: 28685K(36608K)->28685K(36608K)
[127.285s][info][gc          ] GC(81) Pause Full (System.gc()) 804M->804M(6144M) 529.609ms
[127.789s][info][gc,metaspace] GC(82) Metaspace: 101127K(115008K)->101127K(115008K) NonClass: 72441K(78400K)->72441K(78400K) Class: 28685K(36608K)->28685K(36608K)
[127.789s][info][gc          ] GC(82) Pause Full (System.gc()) 804M->804M(6144M) 504.297ms
[128.306s][info][gc,metaspace] GC(83) Metaspace: 101127K(115008K)->101127K(115008K) NonClass: 72441K(78400K)->72441K(78400K) Class: 28685K(36608K)->28685K(36608K)
[128.306s][info][gc          ] GC(83) Pause Full (System.gc()) 804M->804M(6144M) 516.881ms
[128.806s][info][gc,metaspace] GC(84) Metaspace: 101127K(115008K)->101127K(115008K) NonClass: 72441K(78400K)->72441K(78400K) Class: 28685K(36608K)->28685K(36608K)
[128.806s][info][gc          ] GC(84) Pause Full (System.gc()) 804M->804M(6144M) 499.839ms
[129.331s][info][gc,metaspace] GC(85) Metaspace: 101127K(115008K)->101127K(115008K) NonClass: 72441K(78400K)->72441K(78400K) Class: 28685K(36608K)->28685K(36608K)
[129.331s][info][gc          ] GC(85) Pause Full (System.gc()) 804M->804M(6144M) 524.583ms
[129.878s][info][gc,metaspace] GC(86) Metaspace: 101127K(115008K)->101127K(115008K) NonClass: 72441K(78400K)->72441K(78400K) Class: 28685K(36608K)->28685K(36608K)
[129.878s][info][gc          ] GC(86) Pause Full (System.gc()) 804M->804M(6144M) 542.432ms
[130.372s][info][gc,metaspace] GC(87) Metaspace: 101127K(115008K)->101127K(115008K) NonClass: 72441K(78400K)->72441K(78400K) Class: 28685K(36608K)->28685K(36608K)
[130.372s][info][gc          ] GC(87) Pause Full (System.gc()) 804M->804M(6144M) 494.403ms
[130.878s][info][gc,metaspace] GC(88) Metaspace: 101127K(115008K)->101127K(115008K) NonClass: 72441K(78400K)->72441K(78400K) Class: 28685K(36608K)->28685K(36608K)
[130.878s][info][gc          ] GC(88) Pause Full (System.gc()) 804M->804M(6144M) 505.658ms
[131.420s][info][gc,metaspace] GC(89) Metaspace: 101127K(115008K)->101127K(115008K) NonClass: 72441K(78400K)->72441K(78400K) Class: 28685K(36608K)->28685K(36608K)
[131.420s][info][gc          ] GC(89) Pause Full (System.gc()) 804M->804M(6144M) 541.797ms
[131.962s][info][gc,metaspace] GC(90) Metaspace: 101127K(115008K)->101127K(115008K) NonClass: 72441K(78400K)->72441K(78400K) Class: 28685K(36608K)->28685K(36608K)
[131.962s][info][gc          ] GC(90) Pause Full (System.gc()) 804M->804M(6144M) 541.951ms
[132.497s][info][gc,metaspace] GC(91) Metaspace: 101127K(115008K)->101127K(115008K) NonClass: 72441K(78400K)->72441K(78400K) Class: 28685K(36608K)->28685K(36608K)
[132.497s][info][gc          ] GC(91) Pause Full (System.gc()) 804M->804M(6144M) 535.037ms
[133.034s][info][gc,metaspace] GC(92) Metaspace: 101127K(115008K)->101127K(115008K) NonClass: 72441K(78400K)->72441K(78400K) Class: 28685K(36608K)->28685K(36608K)
[133.034s][info][gc          ] GC(92) Pause Full (System.gc()) 804M->804M(6144M) 536.501ms
[133.566s][info][gc,metaspace] GC(93) Metaspace: 101127K(115008K)->101127K(115008K) NonClass: 72441K(78400K)->72441K(78400K) Class: 28685K(36608K)->28685K(36608K)
[133.566s][info][gc          ] GC(93) Pause Full (System.gc()) 804M->804M(6144M) 532.565ms
[134.081s][info][gc,metaspace] GC(94) Metaspace: 101127K(115008K)->101127K(115008K) NonClass: 72441K(78400K)->72441K(78400K) Class: 28685K(36608K)->28685K(36608K)
[134.081s][info][gc          ] GC(94) Pause Full (System.gc()) 804M->804M(6144M) 514.640ms
[134.620s][info][gc,metaspace] GC(95) Metaspace: 101127K(115008K)->101127K(115008K) NonClass: 72441K(78400K)->72441K(78400K) Class: 28685K(36608K)->28685K(36608K)
[134.620s][info][gc          ] GC(95) Pause Full (System.gc()) 804M->804M(6144M) 538.498ms
[135.128s][info][gc,metaspace] GC(96) Metaspace: 101127K(115008K)->101127K(115008K) NonClass: 72441K(78400K)->72441K(78400K) Class: 28685K(36608K)->28685K(36608K)
[135.128s][info][gc          ] GC(96) Pause Full (System.gc()) 804M->804M(6144M) 503.514ms
[135.661s][info][gc,metaspace] GC(97) Metaspace: 101127K(115008K)->101127K(115008K) NonClass: 72441K(78400K)->72441K(78400K) Class: 28685K(36608K)->28685K(36608K)
[135.661s][info][gc          ] GC(97) Pause Full (System.gc()) 804M->804M(6144M) 533.327ms
[136.169s][info][gc,metaspace] GC(98) Metaspace: 101127K(115008K)->101127K(115008K) NonClass: 72441K(78400K)->72441K(78400K) Class: 28685K(36608K)->28685K(36608K)
[136.169s][info][gc          ] GC(98) Pause Full (System.gc()) 804M->804M(6144M) 508.240ms
[136.678s][info][gc,metaspace] GC(99) Metaspace: 101127K(115008K)->101127K(115008K) NonClass: 72441K(78400K)->72441K(78400K) Class: 28685K(36608K)->28685K(36608K)
[136.678s][info][gc          ] GC(99) Pause Full (System.gc()) 804M->804M(6144M) 508.251ms
[137.205s][info][gc,metaspace] GC(100) Metaspace: 101127K(115008K)->101127K(115008K) NonClass: 72441K(78400K)->72441K(78400K) Class: 28685K(36608K)->28685K(36608K)
[137.205s][info][gc          ] GC(100) Pause Full (System.gc()) 804M->804M(6144M) 527.270ms
[137.733s][info][gc,metaspace] GC(101) Metaspace: 101127K(115008K)->101127K(115008K) NonClass: 72441K(78400K)->72441K(78400K) Class: 28685K(36608K)->28685K(36608K)
[137.733s][info][gc          ] GC(101) Pause Full (System.gc()) 804M->804M(6144M) 527.644ms
[138.231s][info][gc,metaspace] GC(102) Metaspace: 101127K(115008K)->101127K(115008K) NonClass: 72441K(78400K)->72441K(78400K) Class: 28685K(36608K)->28685K(36608K)
[138.231s][info][gc          ] GC(102) Pause Full (System.gc()) 804M->804M(6144M) 497.814ms
[138.749s][info][gc,metaspace] GC(103) Metaspace: 101127K(115008K)->101127K(115008K) NonClass: 72441K(78400K)->72441K(78400K) Class: 28685K(36608K)->28685K(36608K)
[138.749s][info][gc          ] GC(103) Pause Full (System.gc()) 804M->804M(6144M) 517.606ms
[139.275s][info][gc,metaspace] GC(104) Metaspace: 101127K(115008K)->101127K(115008K) NonClass: 72441K(78400K)->72441K(78400K) Class: 28685K(36608K)->28685K(36608K)
[139.275s][info][gc          ] GC(104) Pause Full (System.gc()) 804M->804M(6144M) 526.608ms
[139.803s][info][gc,metaspace] GC(105) Metaspace: 101127K(115008K)->101127K(115008K) NonClass: 72441K(78400K)->72441K(78400K) Class: 28685K(36608K)->28685K(36608K)
[139.804s][info][gc          ] GC(105) Pause Full (System.gc()) 804M->804M(6144M) 528.109ms
[140.306s][info][gc,metaspace] GC(106) Metaspace: 101127K(115008K)->101127K(115008K) NonClass: 72441K(78400K)->72441K(78400K) Class: 28685K(36608K)->28685K(36608K)
[140.306s][info][gc          ] GC(106) Pause Full (System.gc()) 804M->804M(6144M) 497.718ms
[140.819s][info][gc,metaspace] GC(107) Metaspace: 101127K(115008K)->101127K(115008K) NonClass: 72441K(78400K)->72441K(78400K) Class: 28685K(36608K)->28685K(36608K)
[140.819s][info][gc          ] GC(107) Pause Full (System.gc()) 804M->804M(6144M) 513.493ms
[141.340s][info][gc,metaspace] GC(108) Metaspace: 101127K(115008K)->101127K(115008K) NonClass: 72441K(78400K)->72441K(78400K) Class: 28685K(36608K)->28685K(36608K)
[141.340s][info][gc          ] GC(108) Pause Full (System.gc()) 804M->804M(6144M) 520.280ms
[141.857s][info][gc,metaspace] GC(109) Metaspace: 101127K(115008K)->101127K(115008K) NonClass: 72441K(78400K)->72441K(78400K) Class: 28685K(36608K)->28685K(36608K)
[141.857s][info][gc          ] GC(109) Pause Full (System.gc()) 804M->804M(6144M) 517.262ms
[142.413s][info][gc,metaspace] GC(110) Metaspace: 101127K(115008K)->101127K(115008K) NonClass: 72441K(78400K)->72441K(78400K) Class: 28685K(36608K)->28685K(36608K)
[142.413s][info][gc          ] GC(110) Pause Full (System.gc()) 804M->804M(6144M) 555.882ms
[142.918s][info][gc,metaspace] GC(111) Metaspace: 101127K(115008K)->101127K(115008K) NonClass: 72441K(78400K)->72441K(78400K) Class: 28685K(36608K)->28685K(36608K)
[142.918s][info][gc          ] GC(111) Pause Full (System.gc()) 804M->804M(6144M) 504.907ms
[143.428s][info][gc,metaspace] GC(112) Metaspace: 101127K(115008K)->101127K(115008K) NonClass: 72441K(78400K)->72441K(78400K) Class: 28685K(36608K)->28685K(36608K)
[143.428s][info][gc          ] GC(112) Pause Full (System.gc()) 804M->804M(6144M) 510.229ms
[143.965s][info][gc,metaspace] GC(113) Metaspace: 101127K(115008K)->101127K(115008K) NonClass: 72441K(78400K)->72441K(78400K) Class: 28685K(36608K)->28685K(36608K)
[143.966s][info][gc          ] GC(113) Pause Full (System.gc()) 804M->804M(6144M) 537.147ms
[144.501s][info][gc,metaspace] GC(114) Metaspace: 101127K(115008K)->101127K(115008K) NonClass: 72441K(78400K)->72441K(78400K) Class: 28685K(36608K)->28685K(36608K)
[144.501s][info][gc          ] GC(114) Pause Full (System.gc()) 804M->804M(6144M) 535.059ms
[145.032s][info][gc,metaspace] GC(115) Metaspace: 101127K(115008K)->101127K(115008K) NonClass: 72441K(78400K)->72441K(78400K) Class: 28685K(36608K)->28685K(36608K)
[145.032s][info][gc          ] GC(115) Pause Full (System.gc()) 804M->804M(6144M) 531.169ms
[145.532s][info][gc,metaspace] GC(116) Metaspace: 101127K(115008K)->101127K(115008K) NonClass: 72441K(78400K)->72441K(78400K) Class: 28685K(36608K)->28685K(36608K)
[145.532s][info][gc          ] GC(116) Pause Full (System.gc()) 804M->804M(6144M) 495.522ms
[146.039s][info][gc,metaspace] GC(117) Metaspace: 101127K(115008K)->101127K(115008K) NonClass: 72441K(78400K)->72441K(78400K) Class: 28685K(36608K)->28685K(36608K)
[146.039s][info][gc          ] GC(117) Pause Full (System.gc()) 804M->804M(6144M) 506.681ms
[146.538s][info][gc,metaspace] GC(118) Metaspace: 101127K(115008K)->101127K(115008K) NonClass: 72441K(78400K)->72441K(78400K) Class: 28685K(36608K)->28685K(36608K)
[146.538s][info][gc          ] GC(118) Pause Full (System.gc()) 804M->804M(6144M) 499.243ms
[147.046s][info][gc,metaspace] GC(119) Metaspace: 101127K(115008K)->101127K(115008K) NonClass: 72441K(78400K)->72441K(78400K) Class: 28685K(36608K)->28685K(36608K)
[147.046s][info][gc          ] GC(119) Pause Full (System.gc()) 804M->804M(6144M) 507.452ms
[147.594s][info][gc,metaspace] GC(120) Metaspace: 101127K(115008K)->101127K(115008K) NonClass: 72441K(78400K)->72441K(78400K) Class: 28685K(36608K)->28685K(36608K)
[147.594s][info][gc          ] GC(120) Pause Full (System.gc()) 804M->804M(6144M) 548.671ms
[148.128s][info][gc,metaspace] GC(121) Metaspace: 101127K(115008K)->101127K(115008K) NonClass: 72441K(78400K)->72441K(78400K) Class: 28685K(36608K)->28685K(36608K)
[148.128s][info][gc          ] GC(121) Pause Full (System.gc()) 804M->804M(6144M) 533.398ms
[148.657s][info][gc,metaspace] GC(122) Metaspace: 101127K(115008K)->101127K(115008K) NonClass: 72441K(78400K)->72441K(78400K) Class: 28685K(36608K)->28685K(36608K)
[148.657s][info][gc          ] GC(122) Pause Full (System.gc()) 804M->804M(6144M) 528.945ms
[149.172s][info][gc,metaspace] GC(123) Metaspace: 101127K(115008K)->101127K(115008K) NonClass: 72441K(78400K)->72441K(78400K) Class: 28685K(36608K)->28685K(36608K)
[149.172s][info][gc          ] GC(123) Pause Full (System.gc()) 804M->804M(6144M) 515.300ms
[149.695s][info][gc,metaspace] GC(124) Metaspace: 101127K(115008K)->101127K(115008K) NonClass: 72441K(78400K)->72441K(78400K) Class: 28685K(36608K)->28685K(36608K)
[149.695s][info][gc          ] GC(124) Pause Full (System.gc()) 804M->804M(6144M) 522.407ms
[150.223s][info][gc,metaspace] GC(125) Metaspace: 101127K(115008K)->101127K(115008K) NonClass: 72441K(78400K)->72441K(78400K) Class: 28685K(36608K)->28685K(36608K)
[150.223s][info][gc          ] GC(125) Pause Full (System.gc()) 804M->804M(6144M) 527.872ms
[150.725s][info][gc,metaspace] GC(126) Metaspace: 101127K(115008K)->101127K(115008K) NonClass: 72441K(78400K)->72441K(78400K) Class: 28685K(36608K)->28685K(36608K)
[150.725s][info][gc          ] GC(126) Pause Full (System.gc()) 804M->804M(6144M) 497.321ms
[151.219s][info][gc,metaspace] GC(127) Metaspace: 101127K(115008K)->101127K(115008K) NonClass: 72441K(78400K)->72441K(78400K) Class: 28685K(36608K)->28685K(36608K)
[151.219s][info][gc          ] GC(127) Pause Full (System.gc()) 804M->804M(6144M) 494.063ms
[151.747s][info][gc,metaspace] GC(128) Metaspace: 101127K(115008K)->101127K(115008K) NonClass: 72441K(78400K)->72441K(78400K) Class: 28685K(36608K)->28685K(36608K)
[151.747s][info][gc          ] GC(128) Pause Full (System.gc()) 804M->804M(6144M) 527.825ms
[152.271s][info][gc,metaspace] GC(129) Metaspace: 101127K(115008K)->101127K(115008K) NonClass: 72441K(78400K)->72441K(78400K) Class: 28685K(36608K)->28685K(36608K)
[152.271s][info][gc          ] GC(129) Pause Full (System.gc()) 804M->804M(6144M) 523.944ms
[152.810s][info][gc,metaspace] GC(130) Metaspace: 101127K(115008K)->101127K(115008K) NonClass: 72441K(78400K)->72441K(78400K) Class: 28685K(36608K)->28685K(36608K)
[152.810s][info][gc          ] GC(130) Pause Full (System.gc()) 804M->804M(6144M) 538.862ms
[153.335s][info][gc,metaspace] GC(131) Metaspace: 101127K(115008K)->101127K(115008K) NonClass: 72441K(78400K)->72441K(78400K) Class: 28685K(36608K)->28685K(36608K)
[153.335s][info][gc          ] GC(131) Pause Full (System.gc()) 804M->804M(6144M) 525.416ms
[153.863s][info][gc,metaspace] GC(132) Metaspace: 101127K(115008K)->101127K(115008K) NonClass: 72441K(78400K)->72441K(78400K) Class: 28685K(36608K)->28685K(36608K)
[153.864s][info][gc          ] GC(132) Pause Full (System.gc()) 804M->804M(6144M) 528.219ms
[154.404s][info][gc,metaspace] GC(133) Metaspace: 101127K(115008K)->101127K(115008K) NonClass: 72441K(78400K)->72441K(78400K) Class: 28685K(36608K)->28685K(36608K)
[154.404s][info][gc          ] GC(133) Pause Full (System.gc()) 804M->804M(6144M) 540.077ms
[154.954s][info][gc,metaspace] GC(134) Metaspace: 101127K(115008K)->101127K(115008K) NonClass: 72441K(78400K)->72441K(78400K) Class: 28685K(36608K)->28685K(36608K)
[154.954s][info][gc          ] GC(134) Pause Full (System.gc()) 804M->804M(6144M) 550.390ms
[155.514s][info][gc,metaspace] GC(135) Metaspace: 101127K(115008K)->101127K(115008K) NonClass: 72441K(78400K)->72441K(78400K) Class: 28685K(36608K)->28685K(36608K)
[155.514s][info][gc          ] GC(135) Pause Full (System.gc()) 804M->804M(6144M) 559.600ms
After GCs... 
