Done; will start GCs... 
[103.616s][info][gc,metaspace] GC(36) Metaspace: 101127K(115008K)->101127K(115008K) NonClass: 72441K(78400K)->72441K(78400K) Class: 28685K(36608K)->28685K(36608K)
[103.616s][info][gc          ] GC(36) Pause Full (System.gc()) 815M->804M(6144M) 703.892ms
[104.151s][info][gc,metaspace] GC(37) Metaspace: 101127K(115008K)->101127K(115008K) NonClass: 72441K(78400K)->72441K(78400K) Class: 28685K(36608K)->28685K(36608K)
[104.151s][info][gc          ] GC(37) Pause Full (System.gc()) 804M->804M(6144M) 534.072ms
[104.682s][info][gc,metaspace] GC(38) Metaspace: 101127K(115008K)->101127K(115008K) NonClass: 72441K(78400K)->72441K(78400K) Class: 28685K(36608K)->28685K(36608K)
[104.682s][info][gc          ] GC(38) Pause Full (System.gc()) 804M->804M(6144M) 531.416ms
[105.209s][info][gc,metaspace] GC(39) Metaspace: 101127K(115008K)->101127K(115008K) NonClass: 72441K(78400K)->72441K(78400K) Class: 28685K(36608K)->28685K(36608K)
[105.209s][info][gc          ] GC(39) Pause Full (System.gc()) 804M->804M(6144M) 526.547ms
[105.727s][info][gc,metaspace] GC(40) Metaspace: 101127K(115008K)->101127K(115008K) NonClass: 72441K(78400K)->72441K(78400K) Class: 28685K(36608K)->28685K(36608K)
[105.727s][info][gc          ] GC(40) Pause Full (System.gc()) 804M->804M(6144M) 518.027ms
[106.255s][info][gc,metaspace] GC(41) Metaspace: 101127K(115008K)->101127K(115008K) NonClass: 72441K(78400K)->72441K(78400K) Class: 28685K(36608K)->28685K(36608K)
[106.255s][info][gc          ] GC(41) Pause Full (System.gc()) 804M->804M(6144M) 527.902ms
[106.780s][info][gc,metaspace] GC(42) Metaspace: 101127K(115008K)->101127K(115008K) NonClass: 72441K(78400K)->72441K(78400K) Class: 28685K(36608K)->28685K(36608K)
[106.780s][info][gc          ] GC(42) Pause Full (System.gc()) 804M->804M(6144M) 525.035ms
[107.344s][info][gc,metaspace] GC(43) Metaspace: 101127K(115008K)->101127K(115008K) NonClass: 72441K(78400K)->72441K(78400K) Class: 28685K(36608K)->28685K(36608K)
[107.344s][info][gc          ] GC(43) Pause Full (System.gc()) 804M->804M(6144M) 564.060ms
[107.864s][info][gc,metaspace] GC(44) Metaspace: 101127K(115008K)->101127K(115008K) NonClass: 72441K(78400K)->72441K(78400K) Class: 28685K(36608K)->28685K(36608K)
[107.864s][info][gc          ] GC(44) Pause Full (System.gc()) 804M->804M(6144M) 519.210ms
[108.413s][info][gc,metaspace] GC(45) Metaspace: 101127K(115008K)->101127K(115008K) NonClass: 72441K(78400K)->72441K(78400K) Class: 28685K(36608K)->28685K(36608K)
[108.413s][info][gc          ] GC(45) Pause Full (System.gc()) 804M->804M(6144M) 549.714ms
[108.917s][info][gc,metaspace] GC(46) Metaspace: 101127K(115008K)->101127K(115008K) NonClass: 72441K(78400K)->72441K(78400K) Class: 28685K(36608K)->28685K(36608K)
[108.917s][info][gc          ] GC(46) Pause Full (System.gc()) 804M->804M(6144M) 503.492ms
[109.440s][info][gc,metaspace] GC(47) Metaspace: 101127K(115008K)->101127K(115008K) NonClass: 72441K(78400K)->72441K(78400K) Class: 28685K(36608K)->28685K(36608K)
[109.440s][info][gc          ] GC(47) Pause Full (System.gc()) 804M->804M(6144M) 522.598ms
[109.974s][info][gc,metaspace] GC(48) Metaspace: 101127K(115008K)->101127K(115008K) NonClass: 72441K(78400K)->72441K(78400K) Class: 28685K(36608K)->28685K(36608K)
[109.974s][info][gc          ] GC(48) Pause Full (System.gc()) 804M->804M(6144M) 534.548ms
[110.492s][info][gc,metaspace] GC(49) Metaspace: 101127K(115008K)->101127K(115008K) NonClass: 72441K(78400K)->72441K(78400K) Class: 28685K(36608K)->28685K(36608K)
[110.492s][info][gc          ] GC(49) Pause Full (System.gc()) 804M->804M(6144M) 517.528ms
[111.036s][info][gc,metaspace] GC(50) Metaspace: 101127K(115008K)->101127K(115008K) NonClass: 72441K(78400K)->72441K(78400K) Class: 28685K(36608K)->28685K(36608K)
[111.036s][info][gc          ] GC(50) Pause Full (System.gc()) 804M->804M(6144M) 543.720ms
[111.562s][info][gc,metaspace] GC(51) Metaspace: 101127K(115008K)->101127K(115008K) NonClass: 72441K(78400K)->72441K(78400K) Class: 28685K(36608K)->28685K(36608K)
[111.562s][info][gc          ] GC(51) Pause Full (System.gc()) 804M->804M(6144M) 526.420ms
[112.091s][info][gc,metaspace] GC(52) Metaspace: 101127K(115008K)->101127K(115008K) NonClass: 72441K(78400K)->72441K(78400K) Class: 28685K(36608K)->28685K(36608K)
[112.091s][info][gc          ] GC(52) Pause Full (System.gc()) 804M->804M(6144M) 528.341ms
[112.620s][info][gc,metaspace] GC(53) Metaspace: 101127K(115008K)->101127K(115008K) NonClass: 72441K(78400K)->72441K(78400K) Class: 28685K(36608K)->28685K(36608K)
[112.620s][info][gc          ] GC(53) Pause Full (System.gc()) 804M->804M(6144M) 529.491ms
[113.171s][info][gc,metaspace] GC(54) Metaspace: 101127K(115008K)->101127K(115008K) NonClass: 72441K(78400K)->72441K(78400K) Class: 28685K(36608K)->28685K(36608K)
[113.171s][info][gc          ] GC(54) Pause Full (System.gc()) 804M->804M(6144M) 550.584ms
[113.668s][info][gc,metaspace] GC(55) Metaspace: 101127K(115008K)->101127K(115008K) NonClass: 72441K(78400K)->72441K(78400K) Class: 28685K(36608K)->28685K(36608K)
[113.668s][info][gc          ] GC(55) Pause Full (System.gc()) 804M->804M(6144M) 497.271ms
[114.176s][info][gc,metaspace] GC(56) Metaspace: 101127K(115008K)->101127K(115008K) NonClass: 72441K(78400K)->72441K(78400K) Class: 28685K(36608K)->28685K(36608K)
[114.176s][info][gc          ] GC(56) Pause Full (System.gc()) 804M->804M(6144M) 503.383ms
[114.693s][info][gc,metaspace] GC(57) Metaspace: 101127K(115008K)->101127K(115008K) NonClass: 72441K(78400K)->72441K(78400K) Class: 28685K(36608K)->28685K(36608K)
[114.693s][info][gc          ] GC(57) Pause Full (System.gc()) 804M->804M(6144M) 517.083ms
[115.215s][info][gc,metaspace] GC(58) Metaspace: 101127K(115008K)->101127K(115008K) NonClass: 72441K(78400K)->72441K(78400K) Class: 28685K(36608K)->28685K(36608K)
[115.215s][info][gc          ] GC(58) Pause Full (System.gc()) 804M->804M(6144M) 521.921ms
[115.714s][info][gc,metaspace] GC(59) Metaspace: 101127K(115008K)->101127K(115008K) NonClass: 72441K(78400K)->72441K(78400K) Class: 28685K(36608K)->28685K(36608K)
[115.714s][info][gc          ] GC(59) Pause Full (System.gc()) 804M->804M(6144M) 498.238ms
[116.251s][info][gc,metaspace] GC(60) Metaspace: 101127K(115008K)->101127K(115008K) NonClass: 72441K(78400K)->72441K(78400K) Class: 28685K(36608K)->28685K(36608K)
[116.251s][info][gc          ] GC(60) Pause Full (System.gc()) 804M->804M(6144M) 537.284ms
[116.778s][info][gc,metaspace] GC(61) Metaspace: 101127K(115008K)->101127K(115008K) NonClass: 72441K(78400K)->72441K(78400K) Class: 28685K(36608K)->28685K(36608K)
[116.778s][info][gc          ] GC(61) Pause Full (System.gc()) 804M->804M(6144M) 526.961ms
[117.304s][info][gc,metaspace] GC(62) Metaspace: 101127K(115008K)->101127K(115008K) NonClass: 72441K(78400K)->72441K(78400K) Class: 28685K(36608K)->28685K(36608K)
[117.304s][info][gc          ] GC(62) Pause Full (System.gc()) 804M->804M(6144M) 525.883ms
[117.830s][info][gc,metaspace] GC(63) Metaspace: 101127K(115008K)->101127K(115008K) NonClass: 72441K(78400K)->72441K(78400K) Class: 28685K(36608K)->28685K(36608K)
[117.830s][info][gc          ] GC(63) Pause Full (System.gc()) 804M->804M(6144M) 525.567ms
[118.336s][info][gc,metaspace] GC(64) Metaspace: 101127K(115008K)->101127K(115008K) NonClass: 72441K(78400K)->72441K(78400K) Class: 28685K(36608K)->28685K(36608K)
[118.336s][info][gc          ] GC(64) Pause Full (System.gc()) 804M->804M(6144M) 506.474ms
[118.850s][info][gc,metaspace] GC(65) Metaspace: 101127K(115008K)->101127K(115008K) NonClass: 72441K(78400K)->72441K(78400K) Class: 28685K(36608K)->28685K(36608K)
[118.850s][info][gc          ] GC(65) Pause Full (System.gc()) 804M->804M(6144M) 513.614ms
[119.382s][info][gc,metaspace] GC(66) Metaspace: 101127K(115008K)->101127K(115008K) NonClass: 72441K(78400K)->72441K(78400K) Class: 28685K(36608K)->28685K(36608K)
[119.382s][info][gc          ] GC(66) Pause Full (System.gc()) 804M->804M(6144M) 527.254ms
[119.886s][info][gc,metaspace] GC(67) Metaspace: 101127K(115008K)->101127K(115008K) NonClass: 72441K(78400K)->72441K(78400K) Class: 28685K(36608K)->28685K(36608K)
[119.886s][info][gc          ] GC(67) Pause Full (System.gc()) 804M->804M(6144M) 503.991ms
[120.438s][info][gc,metaspace] GC(68) Metaspace: 101127K(115008K)->101127K(115008K) NonClass: 72441K(78400K)->72441K(78400K) Class: 28685K(36608K)->28685K(36608K)
[120.438s][info][gc          ] GC(68) Pause Full (System.gc()) 804M->804M(6144M) 552.281ms
[121.027s][info][gc,metaspace] GC(69) Metaspace: 101127K(115008K)->101127K(115008K) NonClass: 72441K(78400K)->72441K(78400K) Class: 28685K(36608K)->28685K(36608K)
[121.027s][info][gc          ] GC(69) Pause Full (System.gc()) 804M->804M(6144M) 588.500ms
[121.597s][info][gc,metaspace] GC(70) Metaspace: 101127K(115008K)->101127K(115008K) NonClass: 72441K(78400K)->72441K(78400K) Class: 28685K(36608K)->28685K(36608K)
[121.597s][info][gc          ] GC(70) Pause Full (System.gc()) 804M->804M(6144M) 570.311ms
[122.103s][info][gc,metaspace] GC(71) Metaspace: 101127K(115008K)->101127K(115008K) NonClass: 72441K(78400K)->72441K(78400K) Class: 28685K(36608K)->28685K(36608K)
[122.103s][info][gc          ] GC(71) Pause Full (System.gc()) 804M->804M(6144M) 505.523ms
[122.606s][info][gc,metaspace] GC(72) Metaspace: 101127K(115008K)->101127K(115008K) NonClass: 72441K(78400K)->72441K(78400K) Class: 28685K(36608K)->28685K(36608K)
[122.606s][info][gc          ] GC(72) Pause Full (System.gc()) 805M->804M(6144M) 503.058ms
[123.121s][info][gc,metaspace] GC(73) Metaspace: 101127K(115008K)->101127K(115008K) NonClass: 72441K(78400K)->72441K(78400K) Class: 28685K(36608K)->28685K(36608K)
[123.121s][info][gc          ] GC(73) Pause Full (System.gc()) 804M->804M(6144M) 515.082ms
[123.638s][info][gc,metaspace] GC(74) Metaspace: 101127K(115008K)->101127K(115008K) NonClass: 72441K(78400K)->72441K(78400K) Class: 28685K(36608K)->28685K(36608K)
[123.638s][info][gc          ] GC(74) Pause Full (System.gc()) 804M->804M(6144M) 516.286ms
[124.176s][info][gc,metaspace] GC(75) Metaspace: 101127K(115008K)->101127K(115008K) NonClass: 72441K(78400K)->72441K(78400K) Class: 28685K(36608K)->28685K(36608K)
[124.176s][info][gc          ] GC(75) Pause Full (System.gc()) 804M->804M(6144M) 537.816ms
[124.686s][info][gc,metaspace] GC(76) Metaspace: 101127K(115008K)->101127K(115008K) NonClass: 72441K(78400K)->72441K(78400K) Class: 28685K(36608K)->28685K(36608K)
[124.686s][info][gc          ] GC(76) Pause Full (System.gc()) 804M->804M(6144M) 505.716ms
[125.217s][info][gc,metaspace] GC(77) Metaspace: 101127K(115008K)->101127K(115008K) NonClass: 72441K(78400K)->72441K(78400K) Class: 28685K(36608K)->28685K(36608K)
[125.217s][info][gc          ] GC(77) Pause Full (System.gc()) 804M->804M(6144M) 531.243ms
[125.731s][info][gc,metaspace] GC(78) Metaspace: 101127K(115008K)->101127K(115008K) NonClass: 72441K(78400K)->72441K(78400K) Class: 28685K(36608K)->28685K(36608K)
[125.731s][info][gc          ] GC(78) Pause Full (System.gc()) 804M->804M(6144M) 513.582ms
[126.256s][info][gc,metaspace] GC(79) Metaspace: 101127K(115008K)->101127K(115008K) NonClass: 72441K(78400K)->72441K(78400K) Class: 28685K(36608K)->28685K(36608K)
[126.257s][info][gc          ] GC(79) Pause Full (System.gc()) 804M->804M(6144M) 525.602ms
[126.755s][info][gc,metaspace] GC(80) Metaspace: 101127K(115008K)->101127K(115008K) NonClass: 72441K(78400K)->72441K(78400K) Class: 28685K(36608K)->28685K(36608K)
[126.755s][info][gc          ] GC(80) Pause Full (System.gc()) 804M->804M(6144M) 498.663ms
[127.285s][info][gc,metaspace] GC(81) Metaspace: 101127K(115008K)->101127K(115008K) NonClass: 72441K(78400K)->72441K(78400K) Class: 28685K(36608K)->28685K(36608K)
[127.285s][info][gc          ] GC(81) Pause Full (System.gc()) 804M->804M(6144M) 529.609ms
[127.789s][info][gc,metaspace] GC(82) Metaspace: 101127K(115008K)->101127K(115008K) NonClass: 72441K(78400K)->72441K(78400K) Class: 28685K(36608K)->28685K(36608K)
[127.789s][info][gc          ] GC(82) Pause Full (System.gc()) 804M->804M(6144M) 504.297ms
[128.306s][info][gc,metaspace] GC(83) Metaspace: 101127K(115008K)->101127K(115008K) NonClass: 72441K(78400K)->72441K(78400K) Class: 28685K(36608K)->28685K(36608K)
[128.306s][info][gc          ] GC(83) Pause Full (System.gc()) 804M->804M(6144M) 516.881ms
[128.806s][info][gc,metaspace] GC(84) Metaspace: 101127K(115008K)->101127K(115008K) NonClass: 72441K(78400K)->72441K(78400K) Class: 28685K(36608K)->28685K(36608K)
[128.806s][info][gc          ] GC(84) Pause Full (System.gc()) 804M->804M(6144M) 499.839ms
[129.331s][info][gc,metaspace] GC(85) Metaspace: 101127K(115008K)->101127K(115008K) NonClass: 72441K(78400K)->72441K(78400K) Class: 28685K(36608K)->28685K(36608K)
[129.331s][info][gc          ] GC(85) Pause Full (System.gc()) 804M->804M(6144M) 524.583ms
[129.878s][info][gc,metaspace] GC(86) Metaspace: 101127K(115008K)->101127K(115008K) NonClass: 72441K(78400K)->72441K(78400K) Class: 28685K(36608K)->28685K(36608K)
[129.878s][info][gc          ] GC(86) Pause Full (System.gc()) 804M->804M(6144M) 542.432ms
[130.372s][info][gc,metaspace] GC(87) Metaspace: 101127K(115008K)->101127K(115008K) NonClass: 72441K(78400K)->72441K(78400K) Class: 28685K(36608K)->28685K(36608K)
[130.372s][info][gc          ] GC(87) Pause Full (System.gc()) 804M->804M(6144M) 494.403ms
[130.878s][info][gc,metaspace] GC(88) Metaspace: 101127K(115008K)->101127K(115008K) NonClass: 72441K(78400K)->72441K(78400K) Class: 28685K(36608K)->28685K(36608K)
[130.878s][info][gc          ] GC(88) Pause Full (System.gc()) 804M->804M(6144M) 505.658ms
[131.420s][info][gc,metaspace] GC(89) Metaspace: 101127K(115008K)->101127K(115008K) NonClass: 72441K(78400K)->72441K(78400K) Class: 28685K(36608K)->28685K(36608K)
[131.420s][info][gc          ] GC(89) Pause Full (System.gc()) 804M->804M(6144M) 541.797ms
[131.962s][info][gc,metaspace] GC(90) Metaspace: 101127K(115008K)->101127K(115008K) NonClass: 72441K(78400K)->72441K(78400K) Class: 28685K(36608K)->28685K(36608K)
[131.962s][info][gc          ] GC(90) Pause Full (System.gc()) 804M->804M(6144M) 541.951ms
[132.497s][info][gc,metaspace] GC(91) Metaspace: 101127K(115008K)->101127K(115008K) NonClass: 72441K(78400K)->72441K(78400K) Class: 28685K(36608K)->28685K(36608K)
[132.497s][info][gc          ] GC(91) Pause Full (System.gc()) 804M->804M(6144M) 535.037ms
[133.034s][info][gc,metaspace] GC(92) Metaspace: 101127K(115008K)->101127K(115008K) NonClass: 72441K(78400K)->72441K(78400K) Class: 28685K(36608K)->28685K(36608K)
[133.034s][info][gc          ] GC(92) Pause Full (System.gc()) 804M->804M(6144M) 536.501ms
[133.566s][info][gc,metaspace] GC(93) Metaspace: 101127K(115008K)->101127K(115008K) NonClass: 72441K(78400K)->72441K(78400K) Class: 28685K(36608K)->28685K(36608K)
[133.566s][info][gc          ] GC(93) Pause Full (System.gc()) 804M->804M(6144M) 532.565ms
[134.081s][info][gc,metaspace] GC(94) Metaspace: 101127K(115008K)->101127K(115008K) NonClass: 72441K(78400K)->72441K(78400K) Class: 28685K(36608K)->28685K(36608K)
[134.081s][info][gc          ] GC(94) Pause Full (System.gc()) 804M->804M(6144M) 514.640ms
[134.620s][info][gc,metaspace] GC(95) Metaspace: 101127K(115008K)->101127K(115008K) NonClass: 72441K(78400K)->72441K(78400K) Class: 28685K(36608K)->28685K(36608K)
[134.620s][info][gc          ] GC(95) Pause Full (System.gc()) 804M->804M(6144M) 538.498ms
[135.128s][info][gc,metaspace] GC(96) Metaspace: 101127K(115008K)->101127K(115008K) NonClass: 72441K(78400K)->72441K(78400K) Class: 28685K(36608K)->28685K(36608K)
[135.128s][info][gc          ] GC(96) Pause Full (System.gc()) 804M->804M(6144M) 503.514ms
[135.661s][info][gc,metaspace] GC(97) Metaspace: 101127K(115008K)->101127K(115008K) NonClass: 72441K(78400K)->72441K(78400K) Class: 28685K(36608K)->28685K(36608K)
[135.661s][info][gc          ] GC(97) Pause Full (System.gc()) 804M->804M(6144M) 533.327ms
[136.169s][info][gc,metaspace] GC(98) Metaspace: 101127K(115008K)->101127K(115008K) NonClass: 72441K(78400K)->72441K(78400K) Class: 28685K(36608K)->28685K(36608K)
[136.169s][info][gc          ] GC(98) Pause Full (System.gc()) 804M->804M(6144M) 508.240ms
[136.678s][info][gc,metaspace] GC(99) Metaspace: 101127K(115008K)->101127K(115008K) NonClass: 72441K(78400K)->72441K(78400K) Class: 28685K(36608K)->28685K(36608K)
[136.678s][info][gc          ] GC(99) Pause Full (System.gc()) 804M->804M(6144M) 508.251ms
[137.205s][info][gc,metaspace] GC(100) Metaspace: 101127K(115008K)->101127K(115008K) NonClass: 72441K(78400K)->72441K(78400K) Class: 28685K(36608K)->28685K(36608K)
[137.205s][info][gc          ] GC(100) Pause Full (System.gc()) 804M->804M(6144M) 527.270ms
[137.733s][info][gc,metaspace] GC(101) Metaspace: 101127K(115008K)->101127K(115008K) NonClass: 72441K(78400K)->72441K(78400K) Class: 28685K(36608K)->28685K(36608K)
[137.733s][info][gc          ] GC(101) Pause Full (System.gc()) 804M->804M(6144M) 527.644ms
[138.231s][info][gc,metaspace] GC(102) Metaspace: 101127K(115008K)->101127K(115008K) NonClass: 72441K(78400K)->72441K(78400K) Class: 28685K(36608K)->28685K(36608K)
[138.231s][info][gc          ] GC(102) Pause Full (System.gc()) 804M->804M(6144M) 497.814ms
[138.749s][info][gc,metaspace] GC(103) Metaspace: 101127K(115008K)->101127K(115008K) NonClass: 72441K(78400K)->72441K(78400K) Class: 28685K(36608K)->28685K(36608K)
[138.749s][info][gc          ] GC(103) Pause Full (System.gc()) 804M->804M(6144M) 517.606ms
[139.275s][info][gc,metaspace] GC(104) Metaspace: 101127K(115008K)->101127K(115008K) NonClass: 72441K(78400K)->72441K(78400K) Class: 28685K(36608K)->28685K(36608K)
[139.275s][info][gc          ] GC(104) Pause Full (System.gc()) 804M->804M(6144M) 526.608ms
[139.803s][info][gc,metaspace] GC(105) Metaspace: 101127K(115008K)->101127K(115008K) NonClass: 72441K(78400K)->72441K(78400K) Class: 28685K(36608K)->28685K(36608K)
[139.804s][info][gc          ] GC(105) Pause Full (System.gc()) 804M->804M(6144M) 528.109ms
[140.306s][info][gc,metaspace] GC(106) Metaspace: 101127K(115008K)->101127K(115008K) NonClass: 72441K(78400K)->72441K(78400K) Class: 28685K(36608K)->28685K(36608K)
[140.306s][info][gc          ] GC(106) Pause Full (System.gc()) 804M->804M(6144M) 497.718ms
[140.819s][info][gc,metaspace] GC(107) Metaspace: 101127K(115008K)->101127K(115008K) NonClass: 72441K(78400K)->72441K(78400K) Class: 28685K(36608K)->28685K(36608K)
[140.819s][info][gc          ] GC(107) Pause Full (System.gc()) 804M->804M(6144M) 513.493ms
[141.340s][info][gc,metaspace] GC(108) Metaspace: 101127K(115008K)->101127K(115008K) NonClass: 72441K(78400K)->72441K(78400K) Class: 28685K(36608K)->28685K(36608K)
[141.340s][info][gc          ] GC(108) Pause Full (System.gc()) 804M->804M(6144M) 520.280ms
[141.857s][info][gc,metaspace] GC(109) Metaspace: 101127K(115008K)->101127K(115008K) NonClass: 72441K(78400K)->72441K(78400K) Class: 28685K(36608K)->28685K(36608K)
[141.857s][info][gc          ] GC(109) Pause Full (System.gc()) 804M->804M(6144M) 517.262ms
[142.413s][info][gc,metaspace] GC(110) Metaspace: 101127K(115008K)->101127K(115008K) NonClass: 72441K(78400K)->72441K(78400K) Class: 28685K(36608K)->28685K(36608K)
[142.413s][info][gc          ] GC(110) Pause Full (System.gc()) 804M->804M(6144M) 555.882ms
[142.918s][info][gc,metaspace] GC(111) Metaspace: 101127K(115008K)->101127K(115008K) NonClass: 72441K(78400K)->72441K(78400K) Class: 28685K(36608K)->28685K(36608K)
[142.918s][info][gc          ] GC(111) Pause Full (System.gc()) 804M->804M(6144M) 504.907ms
[143.428s][info][gc,metaspace] GC(112) Metaspace: 101127K(115008K)->101127K(115008K) NonClass: 72441K(78400K)->72441K(78400K) Class: 28685K(36608K)->28685K(36608K)
[143.428s][info][gc          ] GC(112) Pause Full (System.gc()) 804M->804M(6144M) 510.229ms
[143.965s][info][gc,metaspace] GC(113) Metaspace: 101127K(115008K)->101127K(115008K) NonClass: 72441K(78400K)->72441K(78400K) Class: 28685K(36608K)->28685K(36608K)
[143.966s][info][gc          ] GC(113) Pause Full (System.gc()) 804M->804M(6144M) 537.147ms
[144.501s][info][gc,metaspace] GC(114) Metaspace: 101127K(115008K)->101127K(115008K) NonClass: 72441K(78400K)->72441K(78400K) Class: 28685K(36608K)->28685K(36608K)
[144.501s][info][gc          ] GC(114) Pause Full (System.gc()) 804M->804M(6144M) 535.059ms
[145.032s][info][gc,metaspace] GC(115) Metaspace: 101127K(115008K)->101127K(115008K) NonClass: 72441K(78400K)->72441K(78400K) Class: 28685K(36608K)->28685K(36608K)
[145.032s][info][gc          ] GC(115) Pause Full (System.gc()) 804M->804M(6144M) 531.169ms
[145.532s][info][gc,metaspace] GC(116) Metaspace: 101127K(115008K)->101127K(115008K) NonClass: 72441K(78400K)->72441K(78400K) Class: 28685K(36608K)->28685K(36608K)
[145.532s][info][gc          ] GC(116) Pause Full (System.gc()) 804M->804M(6144M) 495.522ms
[146.039s][info][gc,metaspace] GC(117) Metaspace: 101127K(115008K)->101127K(115008K) NonClass: 72441K(78400K)->72441K(78400K) Class: 28685K(36608K)->28685K(36608K)
[146.039s][info][gc          ] GC(117) Pause Full (System.gc()) 804M->804M(6144M) 506.681ms
[146.538s][info][gc,metaspace] GC(118) Metaspace: 101127K(115008K)->101127K(115008K) NonClass: 72441K(78400K)->72441K(78400K) Class: 28685K(36608K)->28685K(36608K)
[146.538s][info][gc          ] GC(118) Pause Full (System.gc()) 804M->804M(6144M) 499.243ms
[147.046s][info][gc,metaspace] GC(119) Metaspace: 101127K(115008K)->101127K(115008K) NonClass: 72441K(78400K)->72441K(78400K) Class: 28685K(36608K)->28685K(36608K)
[147.046s][info][gc          ] GC(119) Pause Full (System.gc()) 804M->804M(6144M) 507.452ms
[147.594s][info][gc,metaspace] GC(120) Metaspace: 101127K(115008K)->101127K(115008K) NonClass: 72441K(78400K)->72441K(78400K) Class: 28685K(36608K)->28685K(36608K)
[147.594s][info][gc          ] GC(120) Pause Full (System.gc()) 804M->804M(6144M) 548.671ms
[148.128s][info][gc,metaspace] GC(121) Metaspace: 101127K(115008K)->101127K(115008K) NonClass: 72441K(78400K)->72441K(78400K) Class: 28685K(36608K)->28685K(36608K)
[148.128s][info][gc          ] GC(121) Pause Full (System.gc()) 804M->804M(6144M) 533.398ms
[148.657s][info][gc,metaspace] GC(122) Metaspace: 101127K(115008K)->101127K(115008K) NonClass: 72441K(78400K)->72441K(78400K) Class: 28685K(36608K)->28685K(36608K)
[148.657s][info][gc          ] GC(122) Pause Full (System.gc()) 804M->804M(6144M) 528.945ms
[149.172s][info][gc,metaspace] GC(123) Metaspace: 101127K(115008K)->101127K(115008K) NonClass: 72441K(78400K)->72441K(78400K) Class: 28685K(36608K)->28685K(36608K)
[149.172s][info][gc          ] GC(123) Pause Full (System.gc()) 804M->804M(6144M) 515.300ms
[149.695s][info][gc,metaspace] GC(124) Metaspace: 101127K(115008K)->101127K(115008K) NonClass: 72441K(78400K)->72441K(78400K) Class: 28685K(36608K)->28685K(36608K)
[149.695s][info][gc          ] GC(124) Pause Full (System.gc()) 804M->804M(6144M) 522.407ms
[150.223s][info][gc,metaspace] GC(125) Metaspace: 101127K(115008K)->101127K(115008K) NonClass: 72441K(78400K)->72441K(78400K) Class: 28685K(36608K)->28685K(36608K)
[150.223s][info][gc          ] GC(125) Pause Full (System.gc()) 804M->804M(6144M) 527.872ms
[150.725s][info][gc,metaspace] GC(126) Metaspace: 101127K(115008K)->101127K(115008K) NonClass: 72441K(78400K)->72441K(78400K) Class: 28685K(36608K)->28685K(36608K)
[150.725s][info][gc          ] GC(126) Pause Full (System.gc()) 804M->804M(6144M) 497.321ms
[151.219s][info][gc,metaspace] GC(127) Metaspace: 101127K(115008K)->101127K(115008K) NonClass: 72441K(78400K)->72441K(78400K) Class: 28685K(36608K)->28685K(36608K)
[151.219s][info][gc          ] GC(127) Pause Full (System.gc()) 804M->804M(6144M) 494.063ms
[151.747s][info][gc,metaspace] GC(128) Metaspace: 101127K(115008K)->101127K(115008K) NonClass: 72441K(78400K)->72441K(78400K) Class: 28685K(36608K)->28685K(36608K)
[151.747s][info][gc          ] GC(128) Pause Full (System.gc()) 804M->804M(6144M) 527.825ms
[152.271s][info][gc,metaspace] GC(129) Metaspace: 101127K(115008K)->101127K(115008K) NonClass: 72441K(78400K)->72441K(78400K) Class: 28685K(36608K)->28685K(36608K)
[152.271s][info][gc          ] GC(129) Pause Full (System.gc()) 804M->804M(6144M) 523.944ms
[152.810s][info][gc,metaspace] GC(130) Metaspace: 101127K(115008K)->101127K(115008K) NonClass: 72441K(78400K)->72441K(78400K) Class: 28685K(36608K)->28685K(36608K)
[152.810s][info][gc          ] GC(130) Pause Full (System.gc()) 804M->804M(6144M) 538.862ms
[153.335s][info][gc,metaspace] GC(131) Metaspace: 101127K(115008K)->101127K(115008K) NonClass: 72441K(78400K)->72441K(78400K) Class: 28685K(36608K)->28685K(36608K)
[153.335s][info][gc          ] GC(131) Pause Full (System.gc()) 804M->804M(6144M) 525.416ms
[153.863s][info][gc,metaspace] GC(132) Metaspace: 101127K(115008K)->101127K(115008K) NonClass: 72441K(78400K)->72441K(78400K) Class: 28685K(36608K)->28685K(36608K)
[153.864s][info][gc          ] GC(132) Pause Full (System.gc()) 804M->804M(6144M) 528.219ms
[154.404s][info][gc,metaspace] GC(133) Metaspace: 101127K(115008K)->101127K(115008K) NonClass: 72441K(78400K)->72441K(78400K) Class: 28685K(36608K)->28685K(36608K)
[154.404s][info][gc          ] GC(133) Pause Full (System.gc()) 804M->804M(6144M) 540.077ms
[154.954s][info][gc,metaspace] GC(134) Metaspace: 101127K(115008K)->101127K(115008K) NonClass: 72441K(78400K)->72441K(78400K) Class: 28685K(36608K)->28685K(36608K)
[154.954s][info][gc          ] GC(134) Pause Full (System.gc()) 804M->804M(6144M) 550.390ms
[155.514s][info][gc,metaspace] GC(135) Metaspace: 101127K(115008K)->101127K(115008K) NonClass: 72441K(78400K)->72441K(78400K) Class: 28685K(36608K)->28685K(36608K)
[155.514s][info][gc          ] GC(135) Pause Full (System.gc()) 804M->804M(6144M) 559.600ms
After GCs... 
