Done; will start GCs... 
[12.358s][info   ][gc,metaspace] GC(26) Metaspace: 11538K(11904K)->11538K(11904K) NonClass: 9660K(9856K)->9660K(9856K) Class: 1877K(2048K)->1877K(2048K)
[12.358s][info   ][gc          ] GC(26) Pause Full (System.gc()) 1578M->1576M(6144M) 648.233ms
[13.017s][info   ][gc,metaspace] GC(27) Metaspace: 11538K(11904K)->11538K(11904K) NonClass: 9660K(9856K)->9660K(9856K) Class: 1877K(2048K)->1877K(2048K)
[13.017s][info   ][gc          ] GC(27) Pause Full (System.gc()) 1576M->1576M(6144M) 659.094ms
[13.665s][info   ][gc,metaspace] GC(28) Metaspace: 11538K(11904K)->11538K(11904K) NonClass: 9660K(9856K)->9660K(9856K) Class: 1877K(2048K)->1877K(2048K)
[13.665s][info   ][gc          ] GC(28) Pause Full (System.gc()) 1576M->1576M(6144M) 647.756ms
[14.316s][info   ][gc,metaspace] GC(29) Metaspace: 11538K(11904K)->11538K(11904K) NonClass: 9660K(9856K)->9660K(9856K) Class: 1877K(2048K)->1877K(2048K)
[14.316s][info   ][gc          ] GC(29) Pause Full (System.gc()) 1576M->1576M(6144M) 651.197ms
[14.951s][info   ][gc,metaspace] GC(30) Metaspace: 11538K(11904K)->11538K(11904K) NonClass: 9660K(9856K)->9660K(9856K) Class: 1877K(2048K)->1877K(2048K)
[14.951s][info   ][gc          ] GC(30) Pause Full (System.gc()) 1576M->1576M(6144M) 634.482ms
[15.537s][info   ][gc,metaspace] GC(31) Metaspace: 11538K(11904K)->11538K(11904K) NonClass: 9660K(9856K)->9660K(9856K) Class: 1877K(2048K)->1877K(2048K)
[15.537s][info   ][gc          ] GC(31) Pause Full (System.gc()) 1576M->1576M(6144M) 586.401ms
[16.129s][info   ][gc,metaspace] GC(32) Metaspace: 11538K(11904K)->11538K(11904K) NonClass: 9660K(9856K)->9660K(9856K) Class: 1877K(2048K)->1877K(2048K)
[16.129s][info   ][gc          ] GC(32) Pause Full (System.gc()) 1576M->1576M(6144M) 591.992ms
[16.720s][info   ][gc,metaspace] GC(33) Metaspace: 11538K(11904K)->11538K(11904K) NonClass: 9660K(9856K)->9660K(9856K) Class: 1877K(2048K)->1877K(2048K)
[16.720s][info   ][gc          ] GC(33) Pause Full (System.gc()) 1576M->1576M(6144M) 590.513ms
[17.307s][info   ][gc,metaspace] GC(34) Metaspace: 11538K(11904K)->11538K(11904K) NonClass: 9660K(9856K)->9660K(9856K) Class: 1877K(2048K)->1877K(2048K)
[17.307s][info   ][gc          ] GC(34) Pause Full (System.gc()) 1576M->1576M(6144M) 586.860ms
[17.899s][info   ][gc,metaspace] GC(35) Metaspace: 11538K(11904K)->11538K(11904K) NonClass: 9660K(9856K)->9660K(9856K) Class: 1877K(2048K)->1877K(2048K)
[17.899s][info   ][gc          ] GC(35) Pause Full (System.gc()) 1576M->1576M(6144M) 591.936ms
[18.483s][info   ][gc,metaspace] GC(36) Metaspace: 11538K(11904K)->11538K(11904K) NonClass: 9660K(9856K)->9660K(9856K) Class: 1877K(2048K)->1877K(2048K)
[18.483s][info   ][gc          ] GC(36) Pause Full (System.gc()) 1576M->1576M(6144M) 584.394ms
[19.065s][info   ][gc,metaspace] GC(37) Metaspace: 11538K(11904K)->11538K(11904K) NonClass: 9660K(9856K)->9660K(9856K) Class: 1877K(2048K)->1877K(2048K)
[19.065s][info   ][gc          ] GC(37) Pause Full (System.gc()) 1576M->1576M(6144M) 582.279ms
[19.650s][info   ][gc,metaspace] GC(38) Metaspace: 11538K(11904K)->11538K(11904K) NonClass: 9660K(9856K)->9660K(9856K) Class: 1877K(2048K)->1877K(2048K)
[19.650s][info   ][gc          ] GC(38) Pause Full (System.gc()) 1576M->1576M(6144M) 584.023ms
[20.231s][info   ][gc,metaspace] GC(39) Metaspace: 11538K(11904K)->11538K(11904K) NonClass: 9660K(9856K)->9660K(9856K) Class: 1877K(2048K)->1877K(2048K)
[20.231s][info   ][gc          ] GC(39) Pause Full (System.gc()) 1576M->1576M(6144M) 581.434ms
[20.819s][info   ][gc,metaspace] GC(40) Metaspace: 11538K(11904K)->11538K(11904K) NonClass: 9660K(9856K)->9660K(9856K) Class: 1877K(2048K)->1877K(2048K)
[20.819s][info   ][gc          ] GC(40) Pause Full (System.gc()) 1576M->1576M(6144M) 587.777ms
[21.403s][info   ][gc,metaspace] GC(41) Metaspace: 11538K(11904K)->11538K(11904K) NonClass: 9660K(9856K)->9660K(9856K) Class: 1877K(2048K)->1877K(2048K)
[21.403s][info   ][gc          ] GC(41) Pause Full (System.gc()) 1576M->1576M(6144M) 583.891ms
[21.987s][info   ][gc,metaspace] GC(42) Metaspace: 11538K(11904K)->11538K(11904K) NonClass: 9660K(9856K)->9660K(9856K) Class: 1877K(2048K)->1877K(2048K)
[21.987s][info   ][gc          ] GC(42) Pause Full (System.gc()) 1576M->1576M(6144M) 584.307ms
[22.570s][info   ][gc,metaspace] GC(43) Metaspace: 11538K(11904K)->11538K(11904K) NonClass: 9660K(9856K)->9660K(9856K) Class: 1877K(2048K)->1877K(2048K)
[22.570s][info   ][gc          ] GC(43) Pause Full (System.gc()) 1576M->1576M(6144M) 582.670ms
[23.150s][info   ][gc,metaspace] GC(44) Metaspace: 11538K(11904K)->11538K(11904K) NonClass: 9660K(9856K)->9660K(9856K) Class: 1877K(2048K)->1877K(2048K)
[23.150s][info   ][gc          ] GC(44) Pause Full (System.gc()) 1576M->1576M(6144M) 580.243ms
[23.731s][info   ][gc,metaspace] GC(45) Metaspace: 11538K(11904K)->11538K(11904K) NonClass: 9660K(9856K)->9660K(9856K) Class: 1877K(2048K)->1877K(2048K)
[23.731s][info   ][gc          ] GC(45) Pause Full (System.gc()) 1576M->1576M(6144M) 580.497ms
[24.320s][info   ][gc,metaspace] GC(46) Metaspace: 11538K(11904K)->11538K(11904K) NonClass: 9660K(9856K)->9660K(9856K) Class: 1877K(2048K)->1877K(2048K)
[24.321s][info   ][gc          ] GC(46) Pause Full (System.gc()) 1576M->1576M(6144M) 589.556ms
[24.900s][info   ][gc,metaspace] GC(47) Metaspace: 11538K(11904K)->11538K(11904K) NonClass: 9660K(9856K)->9660K(9856K) Class: 1877K(2048K)->1877K(2048K)
[24.900s][info   ][gc          ] GC(47) Pause Full (System.gc()) 1576M->1576M(6144M) 579.662ms
[25.483s][info   ][gc,metaspace] GC(48) Metaspace: 11538K(11904K)->11538K(11904K) NonClass: 9660K(9856K)->9660K(9856K) Class: 1877K(2048K)->1877K(2048K)
[25.484s][info   ][gc          ] GC(48) Pause Full (System.gc()) 1576M->1576M(6144M) 583.200ms
[26.074s][info   ][gc,metaspace] GC(49) Metaspace: 11538K(11904K)->11538K(11904K) NonClass: 9660K(9856K)->9660K(9856K) Class: 1877K(2048K)->1877K(2048K)
[26.074s][info   ][gc          ] GC(49) Pause Full (System.gc()) 1576M->1576M(6144M) 589.987ms
[26.656s][info   ][gc,metaspace] GC(50) Metaspace: 11538K(11904K)->11538K(11904K) NonClass: 9660K(9856K)->9660K(9856K) Class: 1877K(2048K)->1877K(2048K)
[26.656s][info   ][gc          ] GC(50) Pause Full (System.gc()) 1576M->1576M(6144M) 582.785ms
[27.241s][info   ][gc,metaspace] GC(51) Metaspace: 11538K(11904K)->11538K(11904K) NonClass: 9660K(9856K)->9660K(9856K) Class: 1877K(2048K)->1877K(2048K)
[27.241s][info   ][gc          ] GC(51) Pause Full (System.gc()) 1576M->1576M(6144M) 584.334ms
[27.831s][info   ][gc,metaspace] GC(52) Metaspace: 11538K(11904K)->11538K(11904K) NonClass: 9660K(9856K)->9660K(9856K) Class: 1877K(2048K)->1877K(2048K)
[27.831s][info   ][gc          ] GC(52) Pause Full (System.gc()) 1576M->1576M(6144M) 590.284ms
[28.418s][info   ][gc,metaspace] GC(53) Metaspace: 11538K(11904K)->11538K(11904K) NonClass: 9660K(9856K)->9660K(9856K) Class: 1877K(2048K)->1877K(2048K)
[28.419s][info   ][gc          ] GC(53) Pause Full (System.gc()) 1576M->1576M(6144M) 587.248ms
[28.996s][info   ][gc,metaspace] GC(54) Metaspace: 11538K(11904K)->11538K(11904K) NonClass: 9660K(9856K)->9660K(9856K) Class: 1877K(2048K)->1877K(2048K)
[28.996s][info   ][gc          ] GC(54) Pause Full (System.gc()) 1576M->1576M(6144M) 577.714ms
[29.577s][info   ][gc,metaspace] GC(55) Metaspace: 11538K(11904K)->11538K(11904K) NonClass: 9660K(9856K)->9660K(9856K) Class: 1877K(2048K)->1877K(2048K)
[29.577s][info   ][gc          ] GC(55) Pause Full (System.gc()) 1576M->1576M(6144M) 580.626ms
[30.156s][info   ][gc,metaspace] GC(56) Metaspace: 11538K(11904K)->11538K(11904K) NonClass: 9660K(9856K)->9660K(9856K) Class: 1877K(2048K)->1877K(2048K)
[30.156s][info   ][gc          ] GC(56) Pause Full (System.gc()) 1576M->1576M(6144M) 579.207ms
[30.736s][info   ][gc,metaspace] GC(57) Metaspace: 11538K(11904K)->11538K(11904K) NonClass: 9660K(9856K)->9660K(9856K) Class: 1877K(2048K)->1877K(2048K)
[30.737s][info   ][gc          ] GC(57) Pause Full (System.gc()) 1576M->1576M(6144M) 580.206ms
[31.319s][info   ][gc,metaspace] GC(58) Metaspace: 11538K(11904K)->11538K(11904K) NonClass: 9660K(9856K)->9660K(9856K) Class: 1877K(2048K)->1877K(2048K)
[31.319s][info   ][gc          ] GC(58) Pause Full (System.gc()) 1576M->1576M(6144M) 582.108ms
[31.904s][info   ][gc,metaspace] GC(59) Metaspace: 11538K(11904K)->11538K(11904K) NonClass: 9660K(9856K)->9660K(9856K) Class: 1877K(2048K)->1877K(2048K)
[31.904s][info   ][gc          ] GC(59) Pause Full (System.gc()) 1576M->1576M(6144M) 585.586ms
[32.489s][info   ][gc,metaspace] GC(60) Metaspace: 11538K(11904K)->11538K(11904K) NonClass: 9660K(9856K)->9660K(9856K) Class: 1877K(2048K)->1877K(2048K)
[32.490s][info   ][gc          ] GC(60) Pause Full (System.gc()) 1576M->1576M(6144M) 585.079ms
[33.073s][info   ][gc,metaspace] GC(61) Metaspace: 11538K(11904K)->11538K(11904K) NonClass: 9660K(9856K)->9660K(9856K) Class: 1877K(2048K)->1877K(2048K)
[33.073s][info   ][gc          ] GC(61) Pause Full (System.gc()) 1576M->1576M(6144M) 583.838ms
[33.652s][info   ][gc,metaspace] GC(62) Metaspace: 11538K(11904K)->11538K(11904K) NonClass: 9660K(9856K)->9660K(9856K) Class: 1877K(2048K)->1877K(2048K)
[33.652s][info   ][gc          ] GC(62) Pause Full (System.gc()) 1576M->1576M(6144M) 578.782ms
[34.238s][info   ][gc,metaspace] GC(63) Metaspace: 11538K(11904K)->11538K(11904K) NonClass: 9660K(9856K)->9660K(9856K) Class: 1877K(2048K)->1877K(2048K)
[34.238s][info   ][gc          ] GC(63) Pause Full (System.gc()) 1576M->1576M(6144M) 585.538ms
[34.819s][info   ][gc,metaspace] GC(64) Metaspace: 11538K(11904K)->11538K(11904K) NonClass: 9660K(9856K)->9660K(9856K) Class: 1877K(2048K)->1877K(2048K)
[34.819s][info   ][gc          ] GC(64) Pause Full (System.gc()) 1576M->1576M(6144M) 581.283ms
[35.402s][info   ][gc,metaspace] GC(65) Metaspace: 11538K(11904K)->11538K(11904K) NonClass: 9660K(9856K)->9660K(9856K) Class: 1877K(2048K)->1877K(2048K)
[35.403s][info   ][gc          ] GC(65) Pause Full (System.gc()) 1576M->1576M(6144M) 583.212ms
[35.974s][info   ][gc,metaspace] GC(66) Metaspace: 11538K(11904K)->11538K(11904K) NonClass: 9660K(9856K)->9660K(9856K) Class: 1877K(2048K)->1877K(2048K)
[35.974s][info   ][gc          ] GC(66) Pause Full (System.gc()) 1576M->1576M(6144M) 571.786ms
[36.552s][info   ][gc,metaspace] GC(67) Metaspace: 11538K(11904K)->11538K(11904K) NonClass: 9660K(9856K)->9660K(9856K) Class: 1877K(2048K)->1877K(2048K)
[36.552s][info   ][gc          ] GC(67) Pause Full (System.gc()) 1576M->1576M(6144M) 577.341ms
[37.146s][info   ][gc,metaspace] GC(68) Metaspace: 11538K(11904K)->11538K(11904K) NonClass: 9660K(9856K)->9660K(9856K) Class: 1877K(2048K)->1877K(2048K)
[37.146s][info   ][gc          ] GC(68) Pause Full (System.gc()) 1576M->1576M(6144M) 593.856ms
[37.734s][info   ][gc,metaspace] GC(69) Metaspace: 11538K(11904K)->11538K(11904K) NonClass: 9660K(9856K)->9660K(9856K) Class: 1877K(2048K)->1877K(2048K)
[37.734s][info   ][gc          ] GC(69) Pause Full (System.gc()) 1576M->1576M(6144M) 588.596ms
[38.324s][info   ][gc,metaspace] GC(70) Metaspace: 11538K(11904K)->11538K(11904K) NonClass: 9660K(9856K)->9660K(9856K) Class: 1877K(2048K)->1877K(2048K)
[38.324s][info   ][gc          ] GC(70) Pause Full (System.gc()) 1576M->1576M(6144M) 589.445ms
[38.905s][info   ][gc,metaspace] GC(71) Metaspace: 11538K(11904K)->11538K(11904K) NonClass: 9660K(9856K)->9660K(9856K) Class: 1877K(2048K)->1877K(2048K)
[38.905s][info   ][gc          ] GC(71) Pause Full (System.gc()) 1576M->1576M(6144M) 580.736ms
[39.485s][info   ][gc,metaspace] GC(72) Metaspace: 11538K(11904K)->11538K(11904K) NonClass: 9660K(9856K)->9660K(9856K) Class: 1877K(2048K)->1877K(2048K)
[39.486s][info   ][gc          ] GC(72) Pause Full (System.gc()) 1576M->1576M(6144M) 580.734ms
[40.073s][info   ][gc,metaspace] GC(73) Metaspace: 11538K(11904K)->11538K(11904K) NonClass: 9660K(9856K)->9660K(9856K) Class: 1877K(2048K)->1877K(2048K)
[40.073s][info   ][gc          ] GC(73) Pause Full (System.gc()) 1576M->1576M(6144M) 587.697ms
[40.657s][info   ][gc,metaspace] GC(74) Metaspace: 11538K(11904K)->11538K(11904K) NonClass: 9660K(9856K)->9660K(9856K) Class: 1877K(2048K)->1877K(2048K)
[40.657s][info   ][gc          ] GC(74) Pause Full (System.gc()) 1576M->1576M(6144M) 583.356ms
[41.240s][info   ][gc,metaspace] GC(75) Metaspace: 11538K(11904K)->11538K(11904K) NonClass: 9660K(9856K)->9660K(9856K) Class: 1877K(2048K)->1877K(2048K)
[41.240s][info   ][gc          ] GC(75) Pause Full (System.gc()) 1576M->1576M(6144M) 583.355ms
After GCs... 
