Done; will start GCs... 
[11.518s][info   ][gc,metaspace] GC(27) Metaspace: 11520K(11840K)->11520K(11840K) NonClass: 10379K(10560K)->10379K(10560K) Class: 1141K(1280K)->1141K(1280K)
[11.518s][info   ][gc          ] GC(27) Pause Full (System.gc()) 1801M->1799M(6144M) 582.396ms
[12.100s][info   ][gc,metaspace] GC(28) Metaspace: 11520K(11840K)->11520K(11840K) NonClass: 10379K(10560K)->10379K(10560K) Class: 1141K(1280K)->1141K(1280K)
[12.100s][info   ][gc          ] GC(28) Pause Full (System.gc()) 1799M->1799M(6144M) 582.111ms
[12.678s][info   ][gc,metaspace] GC(29) Metaspace: 11520K(11840K)->11520K(11840K) NonClass: 10379K(10560K)->10379K(10560K) Class: 1141K(1280K)->1141K(1280K)
[12.678s][info   ][gc          ] GC(29) Pause Full (System.gc()) 1799M->1799M(6144M) 577.883ms
[13.262s][info   ][gc,metaspace] GC(30) Metaspace: 11520K(11840K)->11520K(11840K) NonClass: 10379K(10560K)->10379K(10560K) Class: 1141K(1280K)->1141K(1280K)
[13.262s][info   ][gc          ] GC(30) Pause Full (System.gc()) 1799M->1799M(6144M) 583.179ms
[13.842s][info   ][gc,metaspace] GC(31) Metaspace: 11520K(11840K)->11520K(11840K) NonClass: 10379K(10560K)->10379K(10560K) Class: 1141K(1280K)->1141K(1280K)
[13.842s][info   ][gc          ] GC(31) Pause Full (System.gc()) 1799M->1799M(6144M) 579.920ms
[14.414s][info   ][gc,metaspace] GC(32) Metaspace: 11520K(11840K)->11520K(11840K) NonClass: 10379K(10560K)->10379K(10560K) Class: 1141K(1280K)->1141K(1280K)
[14.415s][info   ][gc          ] GC(32) Pause Full (System.gc()) 1799M->1799M(6144M) 572.810ms
[14.993s][info   ][gc,metaspace] GC(33) Metaspace: 11520K(11840K)->11520K(11840K) NonClass: 10379K(10560K)->10379K(10560K) Class: 1141K(1280K)->1141K(1280K)
[14.993s][info   ][gc          ] GC(33) Pause Full (System.gc()) 1799M->1799M(6144M) 578.012ms
[15.563s][info   ][gc,metaspace] GC(34) Metaspace: 11520K(11840K)->11520K(11840K) NonClass: 10379K(10560K)->10379K(10560K) Class: 1141K(1280K)->1141K(1280K)
[15.563s][info   ][gc          ] GC(34) Pause Full (System.gc()) 1799M->1799M(6144M) 570.723ms
[16.140s][info   ][gc,metaspace] GC(35) Metaspace: 11520K(11840K)->11520K(11840K) NonClass: 10379K(10560K)->10379K(10560K) Class: 1141K(1280K)->1141K(1280K)
[16.140s][info   ][gc          ] GC(35) Pause Full (System.gc()) 1799M->1799M(6144M) 576.711ms
[16.716s][info   ][gc,metaspace] GC(36) Metaspace: 11520K(11840K)->11520K(11840K) NonClass: 10379K(10560K)->10379K(10560K) Class: 1141K(1280K)->1141K(1280K)
[16.716s][info   ][gc          ] GC(36) Pause Full (System.gc()) 1799M->1799M(6144M) 576.135ms
[17.296s][info   ][gc,metaspace] GC(37) Metaspace: 11520K(11840K)->11520K(11840K) NonClass: 10379K(10560K)->10379K(10560K) Class: 1141K(1280K)->1141K(1280K)
[17.296s][info   ][gc          ] GC(37) Pause Full (System.gc()) 1799M->1799M(6144M) 579.396ms
[17.870s][info   ][gc,metaspace] GC(38) Metaspace: 11520K(11840K)->11520K(11840K) NonClass: 10379K(10560K)->10379K(10560K) Class: 1141K(1280K)->1141K(1280K)
[17.870s][info   ][gc          ] GC(38) Pause Full (System.gc()) 1799M->1799M(6144M) 574.499ms
[18.448s][info   ][gc,metaspace] GC(39) Metaspace: 11520K(11840K)->11520K(11840K) NonClass: 10379K(10560K)->10379K(10560K) Class: 1141K(1280K)->1141K(1280K)
[18.449s][info   ][gc          ] GC(39) Pause Full (System.gc()) 1799M->1799M(6144M) 578.053ms
[19.029s][info   ][gc,metaspace] GC(40) Metaspace: 11520K(11840K)->11520K(11840K) NonClass: 10379K(10560K)->10379K(10560K) Class: 1141K(1280K)->1141K(1280K)
[19.029s][info   ][gc          ] GC(40) Pause Full (System.gc()) 1799M->1799M(6144M) 580.030ms
[19.604s][info   ][gc,metaspace] GC(41) Metaspace: 11520K(11840K)->11520K(11840K) NonClass: 10379K(10560K)->10379K(10560K) Class: 1141K(1280K)->1141K(1280K)
[19.604s][info   ][gc          ] GC(41) Pause Full (System.gc()) 1799M->1799M(6144M) 574.888ms
[20.181s][info   ][gc,metaspace] GC(42) Metaspace: 11520K(11840K)->11520K(11840K) NonClass: 10379K(10560K)->10379K(10560K) Class: 1141K(1280K)->1141K(1280K)
[20.181s][info   ][gc          ] GC(42) Pause Full (System.gc()) 1799M->1799M(6144M) 577.159ms
[20.759s][info   ][gc,metaspace] GC(43) Metaspace: 11520K(11840K)->11520K(11840K) NonClass: 10379K(10560K)->10379K(10560K) Class: 1141K(1280K)->1141K(1280K)
[20.759s][info   ][gc          ] GC(43) Pause Full (System.gc()) 1799M->1799M(6144M) 577.710ms
[21.337s][info   ][gc,metaspace] GC(44) Metaspace: 11520K(11840K)->11520K(11840K) NonClass: 10379K(10560K)->10379K(10560K) Class: 1141K(1280K)->1141K(1280K)
[21.337s][info   ][gc          ] GC(44) Pause Full (System.gc()) 1799M->1799M(6144M) 578.401ms
[21.920s][info   ][gc,metaspace] GC(45) Metaspace: 11520K(11840K)->11520K(11840K) NonClass: 10379K(10560K)->10379K(10560K) Class: 1141K(1280K)->1141K(1280K)
[21.920s][info   ][gc          ] GC(45) Pause Full (System.gc()) 1799M->1799M(6144M) 583.363ms
[22.499s][info   ][gc,metaspace] GC(46) Metaspace: 11520K(11840K)->11520K(11840K) NonClass: 10379K(10560K)->10379K(10560K) Class: 1141K(1280K)->1141K(1280K)
[22.499s][info   ][gc          ] GC(46) Pause Full (System.gc()) 1799M->1799M(6144M) 578.211ms
[23.074s][info   ][gc,metaspace] GC(47) Metaspace: 11520K(11840K)->11520K(11840K) NonClass: 10379K(10560K)->10379K(10560K) Class: 1141K(1280K)->1141K(1280K)
[23.074s][info   ][gc          ] GC(47) Pause Full (System.gc()) 1799M->1799M(6144M) 575.537ms
[23.650s][info   ][gc,metaspace] GC(48) Metaspace: 11520K(11840K)->11520K(11840K) NonClass: 10379K(10560K)->10379K(10560K) Class: 1141K(1280K)->1141K(1280K)
[23.650s][info   ][gc          ] GC(48) Pause Full (System.gc()) 1799M->1799M(6144M) 575.308ms
[24.225s][info   ][gc,metaspace] GC(49) Metaspace: 11520K(11840K)->11520K(11840K) NonClass: 10379K(10560K)->10379K(10560K) Class: 1141K(1280K)->1141K(1280K)
[24.225s][info   ][gc          ] GC(49) Pause Full (System.gc()) 1799M->1799M(6144M) 574.985ms
[24.807s][info   ][gc,metaspace] GC(50) Metaspace: 11520K(11840K)->11520K(11840K) NonClass: 10379K(10560K)->10379K(10560K) Class: 1141K(1280K)->1141K(1280K)
[24.807s][info   ][gc          ] GC(50) Pause Full (System.gc()) 1799M->1799M(6144M) 582.538ms
[25.381s][info   ][gc,metaspace] GC(51) Metaspace: 11520K(11840K)->11520K(11840K) NonClass: 10379K(10560K)->10379K(10560K) Class: 1141K(1280K)->1141K(1280K)
[25.381s][info   ][gc          ] GC(51) Pause Full (System.gc()) 1799M->1799M(6144M) 573.606ms
[25.954s][info   ][gc,metaspace] GC(52) Metaspace: 11520K(11840K)->11520K(11840K) NonClass: 10379K(10560K)->10379K(10560K) Class: 1141K(1280K)->1141K(1280K)
[25.954s][info   ][gc          ] GC(52) Pause Full (System.gc()) 1799M->1799M(6144M) 572.547ms
[26.531s][info   ][gc,metaspace] GC(53) Metaspace: 11520K(11840K)->11520K(11840K) NonClass: 10379K(10560K)->10379K(10560K) Class: 1141K(1280K)->1141K(1280K)
[26.531s][info   ][gc          ] GC(53) Pause Full (System.gc()) 1799M->1799M(6144M) 577.267ms
[27.111s][info   ][gc,metaspace] GC(54) Metaspace: 11520K(11840K)->11520K(11840K) NonClass: 10379K(10560K)->10379K(10560K) Class: 1141K(1280K)->1141K(1280K)
[27.111s][info   ][gc          ] GC(54) Pause Full (System.gc()) 1799M->1799M(6144M) 580.348ms
[27.689s][info   ][gc,metaspace] GC(55) Metaspace: 11520K(11840K)->11520K(11840K) NonClass: 10379K(10560K)->10379K(10560K) Class: 1141K(1280K)->1141K(1280K)
[27.689s][info   ][gc          ] GC(55) Pause Full (System.gc()) 1799M->1799M(6144M) 577.731ms
[28.263s][info   ][gc,metaspace] GC(56) Metaspace: 11520K(11840K)->11520K(11840K) NonClass: 10379K(10560K)->10379K(10560K) Class: 1141K(1280K)->1141K(1280K)
[28.263s][info   ][gc          ] GC(56) Pause Full (System.gc()) 1799M->1799M(6144M) 573.736ms
[28.842s][info   ][gc,metaspace] GC(57) Metaspace: 11520K(11840K)->11520K(11840K) NonClass: 10379K(10560K)->10379K(10560K) Class: 1141K(1280K)->1141K(1280K)
[28.842s][info   ][gc          ] GC(57) Pause Full (System.gc()) 1799M->1799M(6144M) 579.074ms
[29.422s][info   ][gc,metaspace] GC(58) Metaspace: 11520K(11840K)->11520K(11840K) NonClass: 10379K(10560K)->10379K(10560K) Class: 1141K(1280K)->1141K(1280K)
[29.422s][info   ][gc          ] GC(58) Pause Full (System.gc()) 1799M->1799M(6144M) 579.475ms
[29.999s][info   ][gc,metaspace] GC(59) Metaspace: 11520K(11840K)->11520K(11840K) NonClass: 10379K(10560K)->10379K(10560K) Class: 1141K(1280K)->1141K(1280K)
[29.999s][info   ][gc          ] GC(59) Pause Full (System.gc()) 1799M->1799M(6144M) 576.923ms
[30.571s][info   ][gc,metaspace] GC(60) Metaspace: 11520K(11840K)->11520K(11840K) NonClass: 10379K(10560K)->10379K(10560K) Class: 1141K(1280K)->1141K(1280K)
[30.571s][info   ][gc          ] GC(60) Pause Full (System.gc()) 1799M->1799M(6144M) 572.504ms
[31.147s][info   ][gc,metaspace] GC(61) Metaspace: 11520K(11840K)->11520K(11840K) NonClass: 10379K(10560K)->10379K(10560K) Class: 1141K(1280K)->1141K(1280K)
[31.148s][info   ][gc          ] GC(61) Pause Full (System.gc()) 1799M->1799M(6144M) 576.246ms
[31.725s][info   ][gc,metaspace] GC(62) Metaspace: 11520K(11840K)->11520K(11840K) NonClass: 10379K(10560K)->10379K(10560K) Class: 1141K(1280K)->1141K(1280K)
[31.725s][info   ][gc          ] GC(62) Pause Full (System.gc()) 1799M->1799M(6144M) 577.354ms
[32.299s][info   ][gc,metaspace] GC(63) Metaspace: 11520K(11840K)->11520K(11840K) NonClass: 10379K(10560K)->10379K(10560K) Class: 1141K(1280K)->1141K(1280K)
[32.299s][info   ][gc          ] GC(63) Pause Full (System.gc()) 1799M->1799M(6144M) 574.489ms
[32.873s][info   ][gc,metaspace] GC(64) Metaspace: 11520K(11840K)->11520K(11840K) NonClass: 10379K(10560K)->10379K(10560K) Class: 1141K(1280K)->1141K(1280K)
[32.873s][info   ][gc          ] GC(64) Pause Full (System.gc()) 1799M->1799M(6144M) 573.536ms
[33.451s][info   ][gc,metaspace] GC(65) Metaspace: 11520K(11840K)->11520K(11840K) NonClass: 10379K(10560K)->10379K(10560K) Class: 1141K(1280K)->1141K(1280K)
[33.451s][info   ][gc          ] GC(65) Pause Full (System.gc()) 1799M->1799M(6144M) 577.551ms
[34.025s][info   ][gc,metaspace] GC(66) Metaspace: 11520K(11840K)->11520K(11840K) NonClass: 10379K(10560K)->10379K(10560K) Class: 1141K(1280K)->1141K(1280K)
[34.025s][info   ][gc          ] GC(66) Pause Full (System.gc()) 1799M->1799M(6144M) 574.247ms
[34.603s][info   ][gc,metaspace] GC(67) Metaspace: 11520K(11840K)->11520K(11840K) NonClass: 10379K(10560K)->10379K(10560K) Class: 1141K(1280K)->1141K(1280K)
[34.603s][info   ][gc          ] GC(67) Pause Full (System.gc()) 1799M->1799M(6144M) 577.627ms
[35.177s][info   ][gc,metaspace] GC(68) Metaspace: 11520K(11840K)->11520K(11840K) NonClass: 10379K(10560K)->10379K(10560K) Class: 1141K(1280K)->1141K(1280K)
[35.177s][info   ][gc          ] GC(68) Pause Full (System.gc()) 1799M->1799M(6144M) 574.172ms
[35.754s][info   ][gc,metaspace] GC(69) Metaspace: 11520K(11840K)->11520K(11840K) NonClass: 10379K(10560K)->10379K(10560K) Class: 1141K(1280K)->1141K(1280K)
[35.754s][info   ][gc          ] GC(69) Pause Full (System.gc()) 1799M->1799M(6144M) 577.326ms
[36.327s][info   ][gc,metaspace] GC(70) Metaspace: 11520K(11840K)->11520K(11840K) NonClass: 10379K(10560K)->10379K(10560K) Class: 1141K(1280K)->1141K(1280K)
[36.327s][info   ][gc          ] GC(70) Pause Full (System.gc()) 1799M->1799M(6144M) 572.204ms
[36.903s][info   ][gc,metaspace] GC(71) Metaspace: 11520K(11840K)->11520K(11840K) NonClass: 10379K(10560K)->10379K(10560K) Class: 1141K(1280K)->1141K(1280K)
[36.903s][info   ][gc          ] GC(71) Pause Full (System.gc()) 1799M->1799M(6144M) 576.443ms
[37.484s][info   ][gc,metaspace] GC(72) Metaspace: 11520K(11840K)->11520K(11840K) NonClass: 10379K(10560K)->10379K(10560K) Class: 1141K(1280K)->1141K(1280K)
[37.484s][info   ][gc          ] GC(72) Pause Full (System.gc()) 1799M->1799M(6144M) 580.713ms
[38.057s][info   ][gc,metaspace] GC(73) Metaspace: 11520K(11840K)->11520K(11840K) NonClass: 10379K(10560K)->10379K(10560K) Class: 1141K(1280K)->1141K(1280K)
[38.057s][info   ][gc          ] GC(73) Pause Full (System.gc()) 1799M->1799M(6144M) 573.364ms
[38.634s][info   ][gc,metaspace] GC(74) Metaspace: 11520K(11840K)->11520K(11840K) NonClass: 10379K(10560K)->10379K(10560K) Class: 1141K(1280K)->1141K(1280K)
[38.634s][info   ][gc          ] GC(74) Pause Full (System.gc()) 1799M->1799M(6144M) 576.995ms
[39.209s][info   ][gc,metaspace] GC(75) Metaspace: 11520K(11840K)->11520K(11840K) NonClass: 10379K(10560K)->10379K(10560K) Class: 1141K(1280K)->1141K(1280K)
[39.209s][info   ][gc          ] GC(75) Pause Full (System.gc()) 1799M->1799M(6144M) 574.199ms
[39.782s][info   ][gc,metaspace] GC(76) Metaspace: 11520K(11840K)->11520K(11840K) NonClass: 10379K(10560K)->10379K(10560K) Class: 1141K(1280K)->1141K(1280K)
[39.782s][info   ][gc          ] GC(76) Pause Full (System.gc()) 1799M->1799M(6144M) 573.642ms
After GCs... 
