[0.002s][warning][pagesize] UseLargePages disabled, no large pages configured and available on the system.
[0.002s][info   ][metaspace]  - commit_granule_bytes: 65536.
[0.002s][info   ][metaspace]  - commit_granule_words: 8192.
[0.002s][info   ][metaspace]  - virtual_space_node_default_size: 8388608.
[0.002s][info   ][metaspace]  - enlarge_chunks_in_place: 1.
[0.002s][info   ][metaspace]  - use_allocation_guard: 0.
[0.009s][info   ][gc       ] Using G1
[0.564s][info   ][metaspace] Reserving compressed class space anywhere
[0.564s][info   ][gc,metaspace] CDS archive(s) not mapped
[0.564s][info   ][gc,metaspace] Compressed class space mapped at: 0x000000001c000000-0x00000000dc000000, reserved size: 3221225472
[0.564s][info   ][gc,metaspace] UseCompressedClassPointers 1, UseCompactObjectHeaders 1, narrow klass pointer bits 22, max shift 10
[0.564s][info   ][gc,metaspace] Narrow klass base: 0x000000001c000000, Narrow klass shift: 10, Narrow klass range: 0xc0000000
Random Seed: 12345678
Num Classes: 64
Num Objects: 67108864
Percent IK Objects: 83.0%)
Percent OAK Objects: 5.0%)
Percent TAK Objects: 12.0%)
Cycles: 50
Loading 64 pre-generated classes ...
Materialize pre-generated constructors ...
Creating objects...
[0.796s][info   ][gc,metaspace] GC(0) Metaspace: 11283K(11648K)->11283K(11648K) NonClass: 9441K(9664K)->9441K(9664K) Class: 1842K(1984K)->1842K(1984K)
[0.796s][info   ][gc          ] GC(0) Pause Full (System.gc()) 19M->2M(6144M) 8.641ms
[1.228s][info   ][gc,metaspace] GC(1) Metaspace: 11538K(11904K)->11538K(11904K) NonClass: 9660K(9856K)->9660K(9856K) Class: 1877K(2048K)->1877K(2048K)
[1.228s][info   ][gc          ] GC(1) Pause Young (Normal) (G1 Evacuation Pause) 566M->297M(6144M) 19.949ms
[1.513s][info   ][gc,metaspace] GC(2) Metaspace: 11538K(11904K)->11538K(11904K) NonClass: 9660K(9856K)->9660K(9856K) Class: 1877K(2048K)->1877K(2048K)
[1.513s][info   ][gc          ] GC(2) Pause Young (Normal) (G1 Evacuation Pause) 565M->332M(6144M) 26.838ms
[1.710s][info   ][gc,metaspace] GC(3) Metaspace: 11538K(11904K)->11538K(11904K) NonClass: 9660K(9856K)->9660K(9856K) Class: 1877K(2048K)->1877K(2048K)
[1.710s][info   ][gc          ] GC(3) Pause Young (Normal) (G1 Evacuation Pause) 600M->367M(6144M) 26.911ms
[1.907s][info   ][gc,metaspace] GC(4) Metaspace: 11538K(11904K)->11538K(11904K) NonClass: 9660K(9856K)->9660K(9856K) Class: 1877K(2048K)->1877K(2048K)
[1.907s][info   ][gc          ] GC(4) Pause Young (Normal) (G1 Evacuation Pause) 635M->401M(6144M) 26.858ms
[2.102s][info   ][gc,metaspace] GC(5) Metaspace: 11538K(11904K)->11538K(11904K) NonClass: 9660K(9856K)->9660K(9856K) Class: 1877K(2048K)->1877K(2048K)
[2.102s][info   ][gc          ] GC(5) Pause Young (Normal) (G1 Evacuation Pause) 669M->436M(6144M) 25.175ms
[2.297s][info   ][gc,metaspace] GC(6) Metaspace: 11538K(11904K)->11538K(11904K) NonClass: 9660K(9856K)->9660K(9856K) Class: 1877K(2048K)->1877K(2048K)
[2.297s][info   ][gc          ] GC(6) Pause Young (Normal) (G1 Evacuation Pause) 704M->470M(6144M) 25.009ms
[2.471s][info   ][gc,metaspace] GC(7) Metaspace: 11538K(11904K)->11538K(11904K) NonClass: 9660K(9856K)->9660K(9856K) Class: 1877K(2048K)->1877K(2048K)
[2.471s][info   ][gc          ] GC(7) Pause Young (Normal) (G1 Evacuation Pause) 738M->499M(6144M) 22.372ms
[2.643s][info   ][gc,metaspace] GC(8) Metaspace: 11538K(11904K)->11538K(11904K) NonClass: 9660K(9856K)->9660K(9856K) Class: 1877K(2048K)->1877K(2048K)
[2.643s][info   ][gc          ] GC(8) Pause Young (Normal) (G1 Evacuation Pause) 771M->525M(6144M) 21.378ms
[2.905s][info   ][gc,metaspace] GC(9) Metaspace: 11538K(11904K)->11538K(11904K) NonClass: 9660K(9856K)->9660K(9856K) Class: 1877K(2048K)->1877K(2048K)
[2.905s][info   ][gc          ] GC(9) Pause Young (Normal) (G1 Evacuation Pause) 945M->560M(6144M) 30.142ms
[3.115s][info   ][gc,metaspace] GC(10) Metaspace: 11538K(11904K)->11538K(11904K) NonClass: 9660K(9856K)->9660K(9856K) Class: 1877K(2048K)->1877K(2048K)
[3.115s][info   ][gc          ] GC(10) Pause Young (Normal) (G1 Evacuation Pause) 888M->596M(6144M) 32.144ms
[3.405s][info   ][gc,metaspace] GC(11) Metaspace: 11538K(11904K)->11538K(11904K) NonClass: 9660K(9856K)->9660K(9856K) Class: 1877K(2048K)->1877K(2048K)
[3.405s][info   ][gc          ] GC(11) Pause Young (Normal) (G1 Evacuation Pause) 1072M->637M(6144M) 31.017ms
[3.691s][info   ][gc,metaspace] GC(12) Metaspace: 11538K(11904K)->11538K(11904K) NonClass: 9660K(9856K)->9660K(9856K) Class: 1877K(2048K)->1877K(2048K)
[3.691s][info   ][gc          ] GC(12) Pause Young (Normal) (G1 Evacuation Pause) 1093M->685M(6144M) 43.678ms
[4.069s][info   ][gc,metaspace] GC(13) Metaspace: 11538K(11904K)->11538K(11904K) NonClass: 9660K(9856K)->9660K(9856K) Class: 1877K(2048K)->1877K(2048K)
[4.069s][info   ][gc          ] GC(13) Pause Young (Normal) (G1 Evacuation Pause) 1305M->738M(6144M) 43.035ms
[4.429s][info   ][gc,metaspace] GC(14) Metaspace: 11538K(11904K)->11538K(11904K) NonClass: 9660K(9856K)->9660K(9856K) Class: 1877K(2048K)->1877K(2048K)
[4.429s][info   ][gc          ] GC(14) Pause Young (Normal) (G1 Evacuation Pause) 1298M->796M(6144M) 60.646ms
[4.891s][info   ][gc,metaspace] GC(15) Metaspace: 11538K(11904K)->11538K(11904K) NonClass: 9660K(9856K)->9660K(9856K) Class: 1877K(2048K)->1877K(2048K)
[4.891s][info   ][gc          ] GC(15) Pause Young (Normal) (G1 Evacuation Pause) 1560M->861M(6144M) 54.185ms
[5.328s][info   ][gc,metaspace] GC(16) Metaspace: 11538K(11904K)->11538K(11904K) NonClass: 9660K(9856K)->9660K(9856K) Class: 1877K(2048K)->1877K(2048K)
[5.328s][info   ][gc          ] GC(16) Pause Young (Normal) (G1 Evacuation Pause) 1557M->933M(6144M) 64.144ms
[5.901s][info   ][gc,metaspace] GC(17) Metaspace: 11538K(11904K)->11538K(11904K) NonClass: 9660K(9856K)->9660K(9856K) Class: 1877K(2048K)->1877K(2048K)
[5.901s][info   ][gc          ] GC(17) Pause Young (Normal) (G1 Evacuation Pause) 1881M->1014M(6144M) 68.043ms
[6.481s][info   ][gc,metaspace] GC(18) Metaspace: 11538K(11904K)->11538K(11904K) NonClass: 9660K(9856K)->9660K(9856K) Class: 1877K(2048K)->1877K(2048K)
[6.481s][info   ][gc          ] GC(18) Pause Young (Normal) (G1 Evacuation Pause) 1854M->1104M(6144M) 87.317ms
[7.149s][info   ][gc,metaspace] GC(19) Metaspace: 11538K(11904K)->11538K(11904K) NonClass: 9660K(9856K)->9660K(9856K) Class: 1877K(2048K)->1877K(2048K)
[7.150s][info   ][gc          ] GC(19) Pause Young (Normal) (G1 Evacuation Pause) 2204M->1196M(6144M) 85.466ms
[7.776s][info   ][gc,metaspace] GC(20) Metaspace: 11538K(11904K)->11538K(11904K) NonClass: 9660K(9856K)->9660K(9856K) Class: 1877K(2048K)->1877K(2048K)
[7.776s][info   ][gc          ] GC(20) Pause Young (Normal) (G1 Evacuation Pause) 2192M->1293M(6144M) 99.404ms
[8.554s][info   ][gc,metaspace] GC(21) Metaspace: 11538K(11904K)->11538K(11904K) NonClass: 9660K(9856K)->9660K(9856K) Class: 1877K(2048K)->1877K(2048K)
[8.554s][info   ][gc          ] GC(21) Pause Young (Normal) (G1 Evacuation Pause) 2573M->1406M(6144M) 102.041ms
[9.306s][info   ][gc,metaspace] GC(22) Metaspace: 11538K(11904K)->11538K(11904K) NonClass: 9660K(9856K)->9660K(9856K) Class: 1877K(2048K)->1877K(2048K)
[9.306s][info   ][gc          ] GC(22) Pause Young (Normal) (G1 Evacuation Pause) 2522M->1520M(6144M) 108.543ms
[10.171s][info   ][gc,metaspace] GC(23) Metaspace: 11538K(11904K)->11538K(11904K) NonClass: 9660K(9856K)->9660K(9856K) Class: 1877K(2048K)->1877K(2048K)
[10.171s][info   ][gc          ] GC(23) Pause Young (Normal) (G1 Evacuation Pause) 2944M->1648M(6144M) 110.721ms
67108864 Objects created
 - IK: 55699211 (82.99829%)
 - OAK: 3355627 (5.0002737%)
 - TAK: 8054026 (12.001434%)
Preparatory GC...
[11.055s][info   ][gc,metaspace] GC(24) Metaspace: 11538K(11904K)->11538K(11904K) NonClass: 9660K(9856K)->9660K(9856K) Class: 1877K(2048K)->1877K(2048K)
[11.055s][info   ][gc          ] GC(24) Pause Full (System.gc()) 2096M->1576M(6144M) 648.596ms
[11.709s][info   ][gc,metaspace] GC(25) Metaspace: 11538K(11904K)->11538K(11904K) NonClass: 9660K(9856K)->9660K(9856K) Class: 1877K(2048K)->1877K(2048K)
[11.709s][info   ][gc          ] GC(25) Pause Full (System.gc()) 1576M->1576M(6144M) 654.408ms
Done; will start GCs... 
[12.358s][info   ][gc,metaspace] GC(26) Metaspace: 11538K(11904K)->11538K(11904K) NonClass: 9660K(9856K)->9660K(9856K) Class: 1877K(2048K)->1877K(2048K)
[12.358s][info   ][gc          ] GC(26) Pause Full (System.gc()) 1578M->1576M(6144M) 648.233ms
[13.017s][info   ][gc,metaspace] GC(27) Metaspace: 11538K(11904K)->11538K(11904K) NonClass: 9660K(9856K)->9660K(9856K) Class: 1877K(2048K)->1877K(2048K)
[13.017s][info   ][gc          ] GC(27) Pause Full (System.gc()) 1576M->1576M(6144M) 659.094ms
[13.665s][info   ][gc,metaspace] GC(28) Metaspace: 11538K(11904K)->11538K(11904K) NonClass: 9660K(9856K)->9660K(9856K) Class: 1877K(2048K)->1877K(2048K)
[13.665s][info   ][gc          ] GC(28) Pause Full (System.gc()) 1576M->1576M(6144M) 647.756ms
[14.316s][info   ][gc,metaspace] GC(29) Metaspace: 11538K(11904K)->11538K(11904K) NonClass: 9660K(9856K)->9660K(9856K) Class: 1877K(2048K)->1877K(2048K)
[14.316s][info   ][gc          ] GC(29) Pause Full (System.gc()) 1576M->1576M(6144M) 651.197ms
[14.951s][info   ][gc,metaspace] GC(30) Metaspace: 11538K(11904K)->11538K(11904K) NonClass: 9660K(9856K)->9660K(9856K) Class: 1877K(2048K)->1877K(2048K)
[14.951s][info   ][gc          ] GC(30) Pause Full (System.gc()) 1576M->1576M(6144M) 634.482ms
[15.537s][info   ][gc,metaspace] GC(31) Metaspace: 11538K(11904K)->11538K(11904K) NonClass: 9660K(9856K)->9660K(9856K) Class: 1877K(2048K)->1877K(2048K)
[15.537s][info   ][gc          ] GC(31) Pause Full (System.gc()) 1576M->1576M(6144M) 586.401ms
[16.129s][info   ][gc,metaspace] GC(32) Metaspace: 11538K(11904K)->11538K(11904K) NonClass: 9660K(9856K)->9660K(9856K) Class: 1877K(2048K)->1877K(2048K)
[16.129s][info   ][gc          ] GC(32) Pause Full (System.gc()) 1576M->1576M(6144M) 591.992ms
[16.720s][info   ][gc,metaspace] GC(33) Metaspace: 11538K(11904K)->11538K(11904K) NonClass: 9660K(9856K)->9660K(9856K) Class: 1877K(2048K)->1877K(2048K)
[16.720s][info   ][gc          ] GC(33) Pause Full (System.gc()) 1576M->1576M(6144M) 590.513ms
[17.307s][info   ][gc,metaspace] GC(34) Metaspace: 11538K(11904K)->11538K(11904K) NonClass: 9660K(9856K)->9660K(9856K) Class: 1877K(2048K)->1877K(2048K)
[17.307s][info   ][gc          ] GC(34) Pause Full (System.gc()) 1576M->1576M(6144M) 586.860ms
[17.899s][info   ][gc,metaspace] GC(35) Metaspace: 11538K(11904K)->11538K(11904K) NonClass: 9660K(9856K)->9660K(9856K) Class: 1877K(2048K)->1877K(2048K)
[17.899s][info   ][gc          ] GC(35) Pause Full (System.gc()) 1576M->1576M(6144M) 591.936ms
[18.483s][info   ][gc,metaspace] GC(36) Metaspace: 11538K(11904K)->11538K(11904K) NonClass: 9660K(9856K)->9660K(9856K) Class: 1877K(2048K)->1877K(2048K)
[18.483s][info   ][gc          ] GC(36) Pause Full (System.gc()) 1576M->1576M(6144M) 584.394ms
[19.065s][info   ][gc,metaspace] GC(37) Metaspace: 11538K(11904K)->11538K(11904K) NonClass: 9660K(9856K)->9660K(9856K) Class: 1877K(2048K)->1877K(2048K)
[19.065s][info   ][gc          ] GC(37) Pause Full (System.gc()) 1576M->1576M(6144M) 582.279ms
[19.650s][info   ][gc,metaspace] GC(38) Metaspace: 11538K(11904K)->11538K(11904K) NonClass: 9660K(9856K)->9660K(9856K) Class: 1877K(2048K)->1877K(2048K)
[19.650s][info   ][gc          ] GC(38) Pause Full (System.gc()) 1576M->1576M(6144M) 584.023ms
[20.231s][info   ][gc,metaspace] GC(39) Metaspace: 11538K(11904K)->11538K(11904K) NonClass: 9660K(9856K)->9660K(9856K) Class: 1877K(2048K)->1877K(2048K)
[20.231s][info   ][gc          ] GC(39) Pause Full (System.gc()) 1576M->1576M(6144M) 581.434ms
[20.819s][info   ][gc,metaspace] GC(40) Metaspace: 11538K(11904K)->11538K(11904K) NonClass: 9660K(9856K)->9660K(9856K) Class: 1877K(2048K)->1877K(2048K)
[20.819s][info   ][gc          ] GC(40) Pause Full (System.gc()) 1576M->1576M(6144M) 587.777ms
[21.403s][info   ][gc,metaspace] GC(41) Metaspace: 11538K(11904K)->11538K(11904K) NonClass: 9660K(9856K)->9660K(9856K) Class: 1877K(2048K)->1877K(2048K)
[21.403s][info   ][gc          ] GC(41) Pause Full (System.gc()) 1576M->1576M(6144M) 583.891ms
[21.987s][info   ][gc,metaspace] GC(42) Metaspace: 11538K(11904K)->11538K(11904K) NonClass: 9660K(9856K)->9660K(9856K) Class: 1877K(2048K)->1877K(2048K)
[21.987s][info   ][gc          ] GC(42) Pause Full (System.gc()) 1576M->1576M(6144M) 584.307ms
[22.570s][info   ][gc,metaspace] GC(43) Metaspace: 11538K(11904K)->11538K(11904K) NonClass: 9660K(9856K)->9660K(9856K) Class: 1877K(2048K)->1877K(2048K)
[22.570s][info   ][gc          ] GC(43) Pause Full (System.gc()) 1576M->1576M(6144M) 582.670ms
[23.150s][info   ][gc,metaspace] GC(44) Metaspace: 11538K(11904K)->11538K(11904K) NonClass: 9660K(9856K)->9660K(9856K) Class: 1877K(2048K)->1877K(2048K)
[23.150s][info   ][gc          ] GC(44) Pause Full (System.gc()) 1576M->1576M(6144M) 580.243ms
[23.731s][info   ][gc,metaspace] GC(45) Metaspace: 11538K(11904K)->11538K(11904K) NonClass: 9660K(9856K)->9660K(9856K) Class: 1877K(2048K)->1877K(2048K)
[23.731s][info   ][gc          ] GC(45) Pause Full (System.gc()) 1576M->1576M(6144M) 580.497ms
[24.320s][info   ][gc,metaspace] GC(46) Metaspace: 11538K(11904K)->11538K(11904K) NonClass: 9660K(9856K)->9660K(9856K) Class: 1877K(2048K)->1877K(2048K)
[24.321s][info   ][gc          ] GC(46) Pause Full (System.gc()) 1576M->1576M(6144M) 589.556ms
[24.900s][info   ][gc,metaspace] GC(47) Metaspace: 11538K(11904K)->11538K(11904K) NonClass: 9660K(9856K)->9660K(9856K) Class: 1877K(2048K)->1877K(2048K)
[24.900s][info   ][gc          ] GC(47) Pause Full (System.gc()) 1576M->1576M(6144M) 579.662ms
[25.483s][info   ][gc,metaspace] GC(48) Metaspace: 11538K(11904K)->11538K(11904K) NonClass: 9660K(9856K)->9660K(9856K) Class: 1877K(2048K)->1877K(2048K)
[25.484s][info   ][gc          ] GC(48) Pause Full (System.gc()) 1576M->1576M(6144M) 583.200ms
[26.074s][info   ][gc,metaspace] GC(49) Metaspace: 11538K(11904K)->11538K(11904K) NonClass: 9660K(9856K)->9660K(9856K) Class: 1877K(2048K)->1877K(2048K)
[26.074s][info   ][gc          ] GC(49) Pause Full (System.gc()) 1576M->1576M(6144M) 589.987ms
[26.656s][info   ][gc,metaspace] GC(50) Metaspace: 11538K(11904K)->11538K(11904K) NonClass: 9660K(9856K)->9660K(9856K) Class: 1877K(2048K)->1877K(2048K)
[26.656s][info   ][gc          ] GC(50) Pause Full (System.gc()) 1576M->1576M(6144M) 582.785ms
[27.241s][info   ][gc,metaspace] GC(51) Metaspace: 11538K(11904K)->11538K(11904K) NonClass: 9660K(9856K)->9660K(9856K) Class: 1877K(2048K)->1877K(2048K)
[27.241s][info   ][gc          ] GC(51) Pause Full (System.gc()) 1576M->1576M(6144M) 584.334ms
[27.831s][info   ][gc,metaspace] GC(52) Metaspace: 11538K(11904K)->11538K(11904K) NonClass: 9660K(9856K)->9660K(9856K) Class: 1877K(2048K)->1877K(2048K)
[27.831s][info   ][gc          ] GC(52) Pause Full (System.gc()) 1576M->1576M(6144M) 590.284ms
[28.418s][info   ][gc,metaspace] GC(53) Metaspace: 11538K(11904K)->11538K(11904K) NonClass: 9660K(9856K)->9660K(9856K) Class: 1877K(2048K)->1877K(2048K)
[28.419s][info   ][gc          ] GC(53) Pause Full (System.gc()) 1576M->1576M(6144M) 587.248ms
[28.996s][info   ][gc,metaspace] GC(54) Metaspace: 11538K(11904K)->11538K(11904K) NonClass: 9660K(9856K)->9660K(9856K) Class: 1877K(2048K)->1877K(2048K)
[28.996s][info   ][gc          ] GC(54) Pause Full (System.gc()) 1576M->1576M(6144M) 577.714ms
[29.577s][info   ][gc,metaspace] GC(55) Metaspace: 11538K(11904K)->11538K(11904K) NonClass: 9660K(9856K)->9660K(9856K) Class: 1877K(2048K)->1877K(2048K)
[29.577s][info   ][gc          ] GC(55) Pause Full (System.gc()) 1576M->1576M(6144M) 580.626ms
[30.156s][info   ][gc,metaspace] GC(56) Metaspace: 11538K(11904K)->11538K(11904K) NonClass: 9660K(9856K)->9660K(9856K) Class: 1877K(2048K)->1877K(2048K)
[30.156s][info   ][gc          ] GC(56) Pause Full (System.gc()) 1576M->1576M(6144M) 579.207ms
[30.736s][info   ][gc,metaspace] GC(57) Metaspace: 11538K(11904K)->11538K(11904K) NonClass: 9660K(9856K)->9660K(9856K) Class: 1877K(2048K)->1877K(2048K)
[30.737s][info   ][gc          ] GC(57) Pause Full (System.gc()) 1576M->1576M(6144M) 580.206ms
[31.319s][info   ][gc,metaspace] GC(58) Metaspace: 11538K(11904K)->11538K(11904K) NonClass: 9660K(9856K)->9660K(9856K) Class: 1877K(2048K)->1877K(2048K)
[31.319s][info   ][gc          ] GC(58) Pause Full (System.gc()) 1576M->1576M(6144M) 582.108ms
[31.904s][info   ][gc,metaspace] GC(59) Metaspace: 11538K(11904K)->11538K(11904K) NonClass: 9660K(9856K)->9660K(9856K) Class: 1877K(2048K)->1877K(2048K)
[31.904s][info   ][gc          ] GC(59) Pause Full (System.gc()) 1576M->1576M(6144M) 585.586ms
[32.489s][info   ][gc,metaspace] GC(60) Metaspace: 11538K(11904K)->11538K(11904K) NonClass: 9660K(9856K)->9660K(9856K) Class: 1877K(2048K)->1877K(2048K)
[32.490s][info   ][gc          ] GC(60) Pause Full (System.gc()) 1576M->1576M(6144M) 585.079ms
[33.073s][info   ][gc,metaspace] GC(61) Metaspace: 11538K(11904K)->11538K(11904K) NonClass: 9660K(9856K)->9660K(9856K) Class: 1877K(2048K)->1877K(2048K)
[33.073s][info   ][gc          ] GC(61) Pause Full (System.gc()) 1576M->1576M(6144M) 583.838ms
[33.652s][info   ][gc,metaspace] GC(62) Metaspace: 11538K(11904K)->11538K(11904K) NonClass: 9660K(9856K)->9660K(9856K) Class: 1877K(2048K)->1877K(2048K)
[33.652s][info   ][gc          ] GC(62) Pause Full (System.gc()) 1576M->1576M(6144M) 578.782ms
[34.238s][info   ][gc,metaspace] GC(63) Metaspace: 11538K(11904K)->11538K(11904K) NonClass: 9660K(9856K)->9660K(9856K) Class: 1877K(2048K)->1877K(2048K)
[34.238s][info   ][gc          ] GC(63) Pause Full (System.gc()) 1576M->1576M(6144M) 585.538ms
[34.819s][info   ][gc,metaspace] GC(64) Metaspace: 11538K(11904K)->11538K(11904K) NonClass: 9660K(9856K)->9660K(9856K) Class: 1877K(2048K)->1877K(2048K)
[34.819s][info   ][gc          ] GC(64) Pause Full (System.gc()) 1576M->1576M(6144M) 581.283ms
[35.402s][info   ][gc,metaspace] GC(65) Metaspace: 11538K(11904K)->11538K(11904K) NonClass: 9660K(9856K)->9660K(9856K) Class: 1877K(2048K)->1877K(2048K)
[35.403s][info   ][gc          ] GC(65) Pause Full (System.gc()) 1576M->1576M(6144M) 583.212ms
[35.974s][info   ][gc,metaspace] GC(66) Metaspace: 11538K(11904K)->11538K(11904K) NonClass: 9660K(9856K)->9660K(9856K) Class: 1877K(2048K)->1877K(2048K)
[35.974s][info   ][gc          ] GC(66) Pause Full (System.gc()) 1576M->1576M(6144M) 571.786ms
[36.552s][info   ][gc,metaspace] GC(67) Metaspace: 11538K(11904K)->11538K(11904K) NonClass: 9660K(9856K)->9660K(9856K) Class: 1877K(2048K)->1877K(2048K)
[36.552s][info   ][gc          ] GC(67) Pause Full (System.gc()) 1576M->1576M(6144M) 577.341ms
[37.146s][info   ][gc,metaspace] GC(68) Metaspace: 11538K(11904K)->11538K(11904K) NonClass: 9660K(9856K)->9660K(9856K) Class: 1877K(2048K)->1877K(2048K)
[37.146s][info   ][gc          ] GC(68) Pause Full (System.gc()) 1576M->1576M(6144M) 593.856ms
[37.734s][info   ][gc,metaspace] GC(69) Metaspace: 11538K(11904K)->11538K(11904K) NonClass: 9660K(9856K)->9660K(9856K) Class: 1877K(2048K)->1877K(2048K)
[37.734s][info   ][gc          ] GC(69) Pause Full (System.gc()) 1576M->1576M(6144M) 588.596ms
[38.324s][info   ][gc,metaspace] GC(70) Metaspace: 11538K(11904K)->11538K(11904K) NonClass: 9660K(9856K)->9660K(9856K) Class: 1877K(2048K)->1877K(2048K)
[38.324s][info   ][gc          ] GC(70) Pause Full (System.gc()) 1576M->1576M(6144M) 589.445ms
[38.905s][info   ][gc,metaspace] GC(71) Metaspace: 11538K(11904K)->11538K(11904K) NonClass: 9660K(9856K)->9660K(9856K) Class: 1877K(2048K)->1877K(2048K)
[38.905s][info   ][gc          ] GC(71) Pause Full (System.gc()) 1576M->1576M(6144M) 580.736ms
[39.485s][info   ][gc,metaspace] GC(72) Metaspace: 11538K(11904K)->11538K(11904K) NonClass: 9660K(9856K)->9660K(9856K) Class: 1877K(2048K)->1877K(2048K)
[39.486s][info   ][gc          ] GC(72) Pause Full (System.gc()) 1576M->1576M(6144M) 580.734ms
[40.073s][info   ][gc,metaspace] GC(73) Metaspace: 11538K(11904K)->11538K(11904K) NonClass: 9660K(9856K)->9660K(9856K) Class: 1877K(2048K)->1877K(2048K)
[40.073s][info   ][gc          ] GC(73) Pause Full (System.gc()) 1576M->1576M(6144M) 587.697ms
[40.657s][info   ][gc,metaspace] GC(74) Metaspace: 11538K(11904K)->11538K(11904K) NonClass: 9660K(9856K)->9660K(9856K) Class: 1877K(2048K)->1877K(2048K)
[40.657s][info   ][gc          ] GC(74) Pause Full (System.gc()) 1576M->1576M(6144M) 583.356ms
[41.240s][info   ][gc,metaspace] GC(75) Metaspace: 11538K(11904K)->11538K(11904K) NonClass: 9660K(9856K)->9660K(9856K) Class: 1877K(2048K)->1877K(2048K)
[41.240s][info   ][gc          ] GC(75) Pause Full (System.gc()) 1576M->1576M(6144M) 583.355ms
After GCs... 
