[0.001s][warning][pagesize] UseLargePages disabled, no large pages configured and available on the system.
[0.001s][info   ][metaspace]  - commit_granule_bytes: 65536.
[0.001s][info   ][metaspace]  - commit_granule_words: 8192.
[0.001s][info   ][metaspace]  - virtual_space_node_default_size: 8388608.
[0.001s][info   ][metaspace]  - enlarge_chunks_in_place: 1.
[0.001s][info   ][metaspace]  - use_allocation_guard: 0.
[0.005s][info   ][gc       ] Using G1
[0.602s][info   ][metaspace] Reserving compressed class space anywhere
[0.602s][info   ][gc,metaspace] CDS archive(s) not mapped
[0.602s][info   ][gc,metaspace] Compressed class space mapped at: 0x0000000009000000-0x00000000c9000000, reserved size: 3221225472
[0.602s][info   ][gc,metaspace] UseCompressedClassPointers 1, UseCompactObjectHeaders 1, narrow klass pointer bits 22, max shift 10
[0.602s][info   ][gc,metaspace] Narrow klass base: 0x0000000009000000, Narrow klass shift: 10, Narrow klass range: 0xc0000000
Random Seed: 12345678
Num Classes: 64
Num Objects: 67108864
Percent IK Objects: 83.0%)
Percent OAK Objects: 5.0%)
Percent TAK Objects: 12.0%)
Cycles: 50
Loading 64 pre-generated classes ...
Materialize pre-generated constructors ...
Creating objects...
[0.838s][info   ][gc,metaspace] GC(0) Metaspace: 11267K(11584K)->11267K(11584K) NonClass: 9425K(9600K)->9425K(9600K) Class: 1841K(1984K)->1841K(1984K)
[0.838s][info   ][gc          ] GC(0) Pause Full (System.gc()) 19M->2M(6144M) 8.615ms
[1.220s][info   ][gc,metaspace] GC(1) Metaspace: 11519K(11904K)->11519K(11904K) NonClass: 9642K(9856K)->9642K(9856K) Class: 1876K(2048K)->1876K(2048K)
[1.220s][info   ][gc          ] GC(1) Pause Young (Normal) (G1 Evacuation Pause) 566M->298M(6144M) 20.090ms
[1.404s][info   ][gc,metaspace] GC(2) Metaspace: 11519K(11904K)->11519K(11904K) NonClass: 9642K(9856K)->9642K(9856K) Class: 1876K(2048K)->1876K(2048K)
[1.404s][info   ][gc          ] GC(2) Pause Young (Normal) (G1 Evacuation Pause) 566M->333M(6144M) 25.682ms
[1.588s][info   ][gc,metaspace] GC(3) Metaspace: 11519K(11904K)->11519K(11904K) NonClass: 9642K(9856K)->9642K(9856K) Class: 1876K(2048K)->1876K(2048K)
[1.588s][info   ][gc          ] GC(3) Pause Young (Normal) (G1 Evacuation Pause) 601M->367M(6144M) 25.216ms
[1.772s][info   ][gc,metaspace] GC(4) Metaspace: 11519K(11904K)->11519K(11904K) NonClass: 9642K(9856K)->9642K(9856K) Class: 1876K(2048K)->1876K(2048K)
[1.772s][info   ][gc          ] GC(4) Pause Young (Normal) (G1 Evacuation Pause) 635M->404M(6144M) 26.495ms
[1.957s][info   ][gc,metaspace] GC(5) Metaspace: 11519K(11904K)->11519K(11904K) NonClass: 9642K(9856K)->9642K(9856K) Class: 1876K(2048K)->1876K(2048K)
[1.957s][info   ][gc          ] GC(5) Pause Young (Normal) (G1 Evacuation Pause) 672M->440M(6144M) 26.696ms
[2.219s][info   ][gc,metaspace] GC(6) Metaspace: 11519K(11904K)->11519K(11904K) NonClass: 9642K(9856K)->9642K(9856K) Class: 1876K(2048K)->1876K(2048K)
[2.219s][info   ][gc          ] GC(6) Pause Young (Normal) (G1 Evacuation Pause) 708M->475M(6144M) 25.493ms
[2.379s][info   ][gc,metaspace] GC(7) Metaspace: 11519K(11904K)->11519K(11904K) NonClass: 9642K(9856K)->9642K(9856K) Class: 1876K(2048K)->1876K(2048K)
[2.379s][info   ][gc          ] GC(7) Pause Young (Normal) (G1 Evacuation Pause) 743M->504M(6144M) 23.216ms
[2.546s][info   ][gc,metaspace] GC(8) Metaspace: 11519K(11904K)->11519K(11904K) NonClass: 9642K(9856K)->9642K(9856K) Class: 1876K(2048K)->1876K(2048K)
[2.546s][info   ][gc          ] GC(8) Pause Young (Normal) (G1 Evacuation Pause) 792M->531M(6144M) 22.288ms
[2.784s][info   ][gc,metaspace] GC(9) Metaspace: 11519K(11904K)->11519K(11904K) NonClass: 9642K(9856K)->9642K(9856K) Class: 1876K(2048K)->1876K(2048K)
[2.784s][info   ][gc          ] GC(9) Pause Young (Normal) (G1 Evacuation Pause) 951M->566M(6144M) 31.558ms
[2.979s][info   ][gc,metaspace] GC(10) Metaspace: 11519K(11904K)->11519K(11904K) NonClass: 9642K(9856K)->9642K(9856K) Class: 1876K(2048K)->1876K(2048K)
[2.979s][info   ][gc          ] GC(10) Pause Young (Normal) (G1 Evacuation Pause) 890M->599M(6144M) 34.086ms
[3.237s][info   ][gc,metaspace] GC(11) Metaspace: 11519K(11904K)->11519K(11904K) NonClass: 9642K(9856K)->9642K(9856K) Class: 1876K(2048K)->1876K(2048K)
[3.238s][info   ][gc          ] GC(11) Pause Young (Normal) (G1 Evacuation Pause) 1067M->639M(6144M) 33.193ms
[3.502s][info   ][gc,metaspace] GC(12) Metaspace: 11519K(11904K)->11519K(11904K) NonClass: 9642K(9856K)->9642K(9856K) Class: 1876K(2048K)->1876K(2048K)
[3.502s][info   ][gc          ] GC(12) Pause Young (Normal) (G1 Evacuation Pause) 1091M->686M(6144M) 43.105ms
[3.884s][info   ][gc,metaspace] GC(13) Metaspace: 11519K(11904K)->11519K(11904K) NonClass: 9642K(9856K)->9642K(9856K) Class: 1876K(2048K)->1876K(2048K)
[3.884s][info   ][gc          ] GC(13) Pause Young (Normal) (G1 Evacuation Pause) 1302M->743M(6144M) 43.478ms
[4.201s][info   ][gc,metaspace] GC(14) Metaspace: 11519K(11904K)->11519K(11904K) NonClass: 9642K(9856K)->9642K(9856K) Class: 1876K(2048K)->1876K(2048K)
[4.201s][info   ][gc          ] GC(14) Pause Young (Normal) (G1 Evacuation Pause) 1295M->806M(6144M) 55.513ms
[4.628s][info   ][gc,metaspace] GC(15) Metaspace: 11519K(11904K)->11519K(11904K) NonClass: 9642K(9856K)->9642K(9856K) Class: 1876K(2048K)->1876K(2048K)
[4.628s][info   ][gc          ] GC(15) Pause Young (Normal) (G1 Evacuation Pause) 1562M->870M(6144M) 63.637ms
[5.016s][info   ][gc,metaspace] GC(16) Metaspace: 11519K(11904K)->11519K(11904K) NonClass: 9642K(9856K)->9642K(9856K) Class: 1876K(2048K)->1876K(2048K)
[5.016s][info   ][gc          ] GC(16) Pause Young (Normal) (G1 Evacuation Pause) 1550M->947M(6144M) 63.945ms
[5.518s][info   ][gc,metaspace] GC(17) Metaspace: 11519K(11904K)->11519K(11904K) NonClass: 9642K(9856K)->9642K(9856K) Class: 1876K(2048K)->1876K(2048K)
[5.518s][info   ][gc          ] GC(17) Pause Young (Normal) (G1 Evacuation Pause) 1863M->1022M(6144M) 64.797ms
[6.054s][info   ][gc,metaspace] GC(18) Metaspace: 11519K(11904K)->11519K(11904K) NonClass: 9642K(9856K)->9642K(9856K) Class: 1876K(2048K)->1876K(2048K)
[6.054s][info   ][gc          ] GC(18) Pause Young (Normal) (G1 Evacuation Pause) 1858M->1113M(6144M) 89.208ms
[6.652s][info   ][gc,metaspace] GC(19) Metaspace: 11519K(11904K)->11519K(11904K) NonClass: 9642K(9856K)->9642K(9856K) Class: 1876K(2048K)->1876K(2048K)
[6.652s][info   ][gc          ] GC(19) Pause Young (Normal) (G1 Evacuation Pause) 2189M->1206M(6144M) 84.646ms
[7.198s][info   ][gc,metaspace] GC(20) Metaspace: 11519K(11904K)->11519K(11904K) NonClass: 9642K(9856K)->9642K(9856K) Class: 1876K(2048K)->1876K(2048K)
[7.198s][info   ][gc          ] GC(20) Pause Young (Normal) (G1 Evacuation Pause) 2170M->1302M(6144M) 97.048ms
[7.883s][info   ][gc,metaspace] GC(21) Metaspace: 11519K(11904K)->11519K(11904K) NonClass: 9642K(9856K)->9642K(9856K) Class: 1876K(2048K)->1876K(2048K)
[7.883s][info   ][gc          ] GC(21) Pause Young (Normal) (G1 Evacuation Pause) 2554M->1408M(6144M) 89.862ms
[8.544s][info   ][gc,metaspace] GC(22) Metaspace: 11519K(11904K)->11519K(11904K) NonClass: 9642K(9856K)->9642K(9856K) Class: 1876K(2048K)->1876K(2048K)
[8.544s][info   ][gc          ] GC(22) Pause Young (Normal) (G1 Evacuation Pause) 2524M->1520M(6144M) 130.117ms
[9.348s][info   ][gc,metaspace] GC(23) Metaspace: 11519K(11904K)->11519K(11904K) NonClass: 9642K(9856K)->9642K(9856K) Class: 1876K(2048K)->1876K(2048K)
[9.348s][info   ][gc          ] GC(23) Pause Young (Normal) (G1 Evacuation Pause) 2896M->1642M(6144M) 108.917ms
67108864 Objects created
 - IK: 55699211 (82.99829%)
 - OAK: 3355627 (5.0002737%)
 - TAK: 8054026 (12.001434%)
Preparatory GC...
[10.320s][info   ][gc,metaspace] GC(24) Metaspace: 11519K(11904K)->11519K(11904K) NonClass: 9642K(9856K)->9642K(9856K) Class: 1876K(2048K)->1876K(2048K)
[10.320s][info   ][gc          ] GC(24) Pause Full (System.gc()) 2294M->1576M(6144M) 668.471ms
[10.976s][info   ][gc,metaspace] GC(25) Metaspace: 11519K(11904K)->11519K(11904K) NonClass: 9642K(9856K)->9642K(9856K) Class: 1876K(2048K)->1876K(2048K)
[10.976s][info   ][gc          ] GC(25) Pause Full (System.gc()) 1576M->1576M(6144M) 656.284ms
Done; will start GCs... 
[11.561s][info   ][gc,metaspace] GC(26) Metaspace: 11519K(11904K)->11519K(11904K) NonClass: 9642K(9856K)->9642K(9856K) Class: 1876K(2048K)->1876K(2048K)
[11.562s][info   ][gc          ] GC(26) Pause Full (System.gc()) 1578M->1576M(6144M) 585.036ms
[12.141s][info   ][gc,metaspace] GC(27) Metaspace: 11519K(11904K)->11519K(11904K) NonClass: 9642K(9856K)->9642K(9856K) Class: 1876K(2048K)->1876K(2048K)
[12.141s][info   ][gc          ] GC(27) Pause Full (System.gc()) 1576M->1576M(6144M) 579.747ms
[12.742s][info   ][gc,metaspace] GC(28) Metaspace: 11519K(11904K)->11519K(11904K) NonClass: 9642K(9856K)->9642K(9856K) Class: 1876K(2048K)->1876K(2048K)
[12.742s][info   ][gc          ] GC(28) Pause Full (System.gc()) 1576M->1576M(6144M) 600.120ms
[13.327s][info   ][gc,metaspace] GC(29) Metaspace: 11519K(11904K)->11519K(11904K) NonClass: 9642K(9856K)->9642K(9856K) Class: 1876K(2048K)->1876K(2048K)
[13.327s][info   ][gc          ] GC(29) Pause Full (System.gc()) 1576M->1576M(6144M) 585.815ms
[13.907s][info   ][gc,metaspace] GC(30) Metaspace: 11519K(11904K)->11519K(11904K) NonClass: 9642K(9856K)->9642K(9856K) Class: 1876K(2048K)->1876K(2048K)
[13.907s][info   ][gc          ] GC(30) Pause Full (System.gc()) 1576M->1576M(6144M) 579.381ms
[14.485s][info   ][gc,metaspace] GC(31) Metaspace: 11519K(11904K)->11519K(11904K) NonClass: 9642K(9856K)->9642K(9856K) Class: 1876K(2048K)->1876K(2048K)
[14.485s][info   ][gc          ] GC(31) Pause Full (System.gc()) 1576M->1576M(6144M) 578.539ms
[15.062s][info   ][gc,metaspace] GC(32) Metaspace: 11519K(11904K)->11519K(11904K) NonClass: 9642K(9856K)->9642K(9856K) Class: 1876K(2048K)->1876K(2048K)
[15.062s][info   ][gc          ] GC(32) Pause Full (System.gc()) 1576M->1576M(6144M) 576.321ms
[15.640s][info   ][gc,metaspace] GC(33) Metaspace: 11519K(11904K)->11519K(11904K) NonClass: 9642K(9856K)->9642K(9856K) Class: 1876K(2048K)->1876K(2048K)
[15.640s][info   ][gc          ] GC(33) Pause Full (System.gc()) 1576M->1576M(6144M) 577.822ms
[16.218s][info   ][gc,metaspace] GC(34) Metaspace: 11519K(11904K)->11519K(11904K) NonClass: 9642K(9856K)->9642K(9856K) Class: 1876K(2048K)->1876K(2048K)
[16.218s][info   ][gc          ] GC(34) Pause Full (System.gc()) 1576M->1576M(6144M) 578.281ms
[16.805s][info   ][gc,metaspace] GC(35) Metaspace: 11519K(11904K)->11519K(11904K) NonClass: 9642K(9856K)->9642K(9856K) Class: 1876K(2048K)->1876K(2048K)
[16.805s][info   ][gc          ] GC(35) Pause Full (System.gc()) 1576M->1576M(6144M) 587.082ms
[17.390s][info   ][gc,metaspace] GC(36) Metaspace: 11519K(11904K)->11519K(11904K) NonClass: 9642K(9856K)->9642K(9856K) Class: 1876K(2048K)->1876K(2048K)
[17.390s][info   ][gc          ] GC(36) Pause Full (System.gc()) 1576M->1576M(6144M) 584.991ms
[17.967s][info   ][gc,metaspace] GC(37) Metaspace: 11519K(11904K)->11519K(11904K) NonClass: 9642K(9856K)->9642K(9856K) Class: 1876K(2048K)->1876K(2048K)
[17.967s][info   ][gc          ] GC(37) Pause Full (System.gc()) 1576M->1576M(6144M) 576.614ms
[18.542s][info   ][gc,metaspace] GC(38) Metaspace: 11519K(11904K)->11519K(11904K) NonClass: 9642K(9856K)->9642K(9856K) Class: 1876K(2048K)->1876K(2048K)
[18.542s][info   ][gc          ] GC(38) Pause Full (System.gc()) 1576M->1576M(6144M) 574.671ms
[19.125s][info   ][gc,metaspace] GC(39) Metaspace: 11519K(11904K)->11519K(11904K) NonClass: 9642K(9856K)->9642K(9856K) Class: 1876K(2048K)->1876K(2048K)
[19.125s][info   ][gc          ] GC(39) Pause Full (System.gc()) 1576M->1576M(6144M) 583.622ms
[19.704s][info   ][gc,metaspace] GC(40) Metaspace: 11519K(11904K)->11519K(11904K) NonClass: 9642K(9856K)->9642K(9856K) Class: 1876K(2048K)->1876K(2048K)
[19.704s][info   ][gc          ] GC(40) Pause Full (System.gc()) 1576M->1576M(6144M) 578.398ms
[20.283s][info   ][gc,metaspace] GC(41) Metaspace: 11519K(11904K)->11519K(11904K) NonClass: 9642K(9856K)->9642K(9856K) Class: 1876K(2048K)->1876K(2048K)
[20.283s][info   ][gc          ] GC(41) Pause Full (System.gc()) 1576M->1576M(6144M) 578.939ms
[20.860s][info   ][gc,metaspace] GC(42) Metaspace: 11519K(11904K)->11519K(11904K) NonClass: 9642K(9856K)->9642K(9856K) Class: 1876K(2048K)->1876K(2048K)
[20.860s][info   ][gc          ] GC(42) Pause Full (System.gc()) 1576M->1576M(6144M) 577.524ms
[21.432s][info   ][gc,metaspace] GC(43) Metaspace: 11519K(11904K)->11519K(11904K) NonClass: 9642K(9856K)->9642K(9856K) Class: 1876K(2048K)->1876K(2048K)
[21.433s][info   ][gc          ] GC(43) Pause Full (System.gc()) 1576M->1576M(6144M) 571.949ms
[22.016s][info   ][gc,metaspace] GC(44) Metaspace: 11519K(11904K)->11519K(11904K) NonClass: 9642K(9856K)->9642K(9856K) Class: 1876K(2048K)->1876K(2048K)
[22.016s][info   ][gc          ] GC(44) Pause Full (System.gc()) 1576M->1576M(6144M) 583.331ms
[22.599s][info   ][gc,metaspace] GC(45) Metaspace: 11519K(11904K)->11519K(11904K) NonClass: 9642K(9856K)->9642K(9856K) Class: 1876K(2048K)->1876K(2048K)
[22.599s][info   ][gc          ] GC(45) Pause Full (System.gc()) 1576M->1576M(6144M) 582.768ms
[23.240s][info   ][gc,metaspace] GC(46) Metaspace: 11519K(11904K)->11519K(11904K) NonClass: 9642K(9856K)->9642K(9856K) Class: 1876K(2048K)->1876K(2048K)
[23.240s][info   ][gc          ] GC(46) Pause Full (System.gc()) 1576M->1576M(6144M) 641.309ms
[23.819s][info   ][gc,metaspace] GC(47) Metaspace: 11519K(11904K)->11519K(11904K) NonClass: 9642K(9856K)->9642K(9856K) Class: 1876K(2048K)->1876K(2048K)
[23.819s][info   ][gc          ] GC(47) Pause Full (System.gc()) 1576M->1576M(6144M) 578.866ms
[24.402s][info   ][gc,metaspace] GC(48) Metaspace: 11519K(11904K)->11519K(11904K) NonClass: 9642K(9856K)->9642K(9856K) Class: 1876K(2048K)->1876K(2048K)
[24.402s][info   ][gc          ] GC(48) Pause Full (System.gc()) 1576M->1576M(6144M) 582.531ms
[24.982s][info   ][gc,metaspace] GC(49) Metaspace: 11519K(11904K)->11519K(11904K) NonClass: 9642K(9856K)->9642K(9856K) Class: 1876K(2048K)->1876K(2048K)
[24.982s][info   ][gc          ] GC(49) Pause Full (System.gc()) 1576M->1576M(6144M) 580.717ms
[25.562s][info   ][gc,metaspace] GC(50) Metaspace: 11519K(11904K)->11519K(11904K) NonClass: 9642K(9856K)->9642K(9856K) Class: 1876K(2048K)->1876K(2048K)
[25.562s][info   ][gc          ] GC(50) Pause Full (System.gc()) 1576M->1576M(6144M) 579.489ms
[26.142s][info   ][gc,metaspace] GC(51) Metaspace: 11519K(11904K)->11519K(11904K) NonClass: 9642K(9856K)->9642K(9856K) Class: 1876K(2048K)->1876K(2048K)
[26.142s][info   ][gc          ] GC(51) Pause Full (System.gc()) 1576M->1576M(6144M) 579.940ms
[26.725s][info   ][gc,metaspace] GC(52) Metaspace: 11519K(11904K)->11519K(11904K) NonClass: 9642K(9856K)->9642K(9856K) Class: 1876K(2048K)->1876K(2048K)
[26.725s][info   ][gc          ] GC(52) Pause Full (System.gc()) 1576M->1576M(6144M) 582.673ms
[27.303s][info   ][gc,metaspace] GC(53) Metaspace: 11519K(11904K)->11519K(11904K) NonClass: 9642K(9856K)->9642K(9856K) Class: 1876K(2048K)->1876K(2048K)
[27.303s][info   ][gc          ] GC(53) Pause Full (System.gc()) 1576M->1576M(6144M) 578.553ms
[27.882s][info   ][gc,metaspace] GC(54) Metaspace: 11519K(11904K)->11519K(11904K) NonClass: 9642K(9856K)->9642K(9856K) Class: 1876K(2048K)->1876K(2048K)
[27.883s][info   ][gc          ] GC(54) Pause Full (System.gc()) 1576M->1576M(6144M) 579.133ms
[28.466s][info   ][gc,metaspace] GC(55) Metaspace: 11519K(11904K)->11519K(11904K) NonClass: 9642K(9856K)->9642K(9856K) Class: 1876K(2048K)->1876K(2048K)
[28.466s][info   ][gc          ] GC(55) Pause Full (System.gc()) 1576M->1576M(6144M) 583.330ms
[29.044s][info   ][gc,metaspace] GC(56) Metaspace: 11519K(11904K)->11519K(11904K) NonClass: 9642K(9856K)->9642K(9856K) Class: 1876K(2048K)->1876K(2048K)
[29.044s][info   ][gc          ] GC(56) Pause Full (System.gc()) 1576M->1576M(6144M) 577.649ms
[29.628s][info   ][gc,metaspace] GC(57) Metaspace: 11519K(11904K)->11519K(11904K) NonClass: 9642K(9856K)->9642K(9856K) Class: 1876K(2048K)->1876K(2048K)
[29.628s][info   ][gc          ] GC(57) Pause Full (System.gc()) 1576M->1576M(6144M) 584.431ms
[30.209s][info   ][gc,metaspace] GC(58) Metaspace: 11519K(11904K)->11519K(11904K) NonClass: 9642K(9856K)->9642K(9856K) Class: 1876K(2048K)->1876K(2048K)
[30.209s][info   ][gc          ] GC(58) Pause Full (System.gc()) 1576M->1576M(6144M) 580.793ms
[30.791s][info   ][gc,metaspace] GC(59) Metaspace: 11519K(11904K)->11519K(11904K) NonClass: 9642K(9856K)->9642K(9856K) Class: 1876K(2048K)->1876K(2048K)
[30.791s][info   ][gc          ] GC(59) Pause Full (System.gc()) 1576M->1576M(6144M) 581.518ms
[31.366s][info   ][gc,metaspace] GC(60) Metaspace: 11519K(11904K)->11519K(11904K) NonClass: 9642K(9856K)->9642K(9856K) Class: 1876K(2048K)->1876K(2048K)
[31.367s][info   ][gc          ] GC(60) Pause Full (System.gc()) 1576M->1576M(6144M) 575.858ms
[31.947s][info   ][gc,metaspace] GC(61) Metaspace: 11519K(11904K)->11519K(11904K) NonClass: 9642K(9856K)->9642K(9856K) Class: 1876K(2048K)->1876K(2048K)
[31.947s][info   ][gc          ] GC(61) Pause Full (System.gc()) 1576M->1576M(6144M) 580.839ms
[32.523s][info   ][gc,metaspace] GC(62) Metaspace: 11519K(11904K)->11519K(11904K) NonClass: 9642K(9856K)->9642K(9856K) Class: 1876K(2048K)->1876K(2048K)
[32.523s][info   ][gc          ] GC(62) Pause Full (System.gc()) 1576M->1576M(6144M) 575.489ms
[33.103s][info   ][gc,metaspace] GC(63) Metaspace: 11519K(11904K)->11519K(11904K) NonClass: 9642K(9856K)->9642K(9856K) Class: 1876K(2048K)->1876K(2048K)
[33.103s][info   ][gc          ] GC(63) Pause Full (System.gc()) 1576M->1576M(6144M) 579.969ms
[33.683s][info   ][gc,metaspace] GC(64) Metaspace: 11519K(11904K)->11519K(11904K) NonClass: 9642K(9856K)->9642K(9856K) Class: 1876K(2048K)->1876K(2048K)
[33.683s][info   ][gc          ] GC(64) Pause Full (System.gc()) 1576M->1576M(6144M) 579.796ms
[34.257s][info   ][gc,metaspace] GC(65) Metaspace: 11519K(11904K)->11519K(11904K) NonClass: 9642K(9856K)->9642K(9856K) Class: 1876K(2048K)->1876K(2048K)
[34.257s][info   ][gc          ] GC(65) Pause Full (System.gc()) 1576M->1576M(6144M) 574.367ms
[34.842s][info   ][gc,metaspace] GC(66) Metaspace: 11519K(11904K)->11519K(11904K) NonClass: 9642K(9856K)->9642K(9856K) Class: 1876K(2048K)->1876K(2048K)
[34.842s][info   ][gc          ] GC(66) Pause Full (System.gc()) 1576M->1576M(6144M) 584.214ms
[35.421s][info   ][gc,metaspace] GC(67) Metaspace: 11519K(11904K)->11519K(11904K) NonClass: 9642K(9856K)->9642K(9856K) Class: 1876K(2048K)->1876K(2048K)
[35.421s][info   ][gc          ] GC(67) Pause Full (System.gc()) 1576M->1576M(6144M) 579.699ms
[36.000s][info   ][gc,metaspace] GC(68) Metaspace: 11519K(11904K)->11519K(11904K) NonClass: 9642K(9856K)->9642K(9856K) Class: 1876K(2048K)->1876K(2048K)
[36.000s][info   ][gc          ] GC(68) Pause Full (System.gc()) 1576M->1576M(6144M) 578.421ms
[36.579s][info   ][gc,metaspace] GC(69) Metaspace: 11519K(11904K)->11519K(11904K) NonClass: 9642K(9856K)->9642K(9856K) Class: 1876K(2048K)->1876K(2048K)
[36.579s][info   ][gc          ] GC(69) Pause Full (System.gc()) 1576M->1576M(6144M) 579.604ms
[37.164s][info   ][gc,metaspace] GC(70) Metaspace: 11519K(11904K)->11519K(11904K) NonClass: 9642K(9856K)->9642K(9856K) Class: 1876K(2048K)->1876K(2048K)
[37.164s][info   ][gc          ] GC(70) Pause Full (System.gc()) 1576M->1576M(6144M) 580.561ms
[37.746s][info   ][gc,metaspace] GC(71) Metaspace: 11519K(11904K)->11519K(11904K) NonClass: 9642K(9856K)->9642K(9856K) Class: 1876K(2048K)->1876K(2048K)
[37.746s][info   ][gc          ] GC(71) Pause Full (System.gc()) 1576M->1576M(6144M) 581.617ms
[38.323s][info   ][gc,metaspace] GC(72) Metaspace: 11519K(11904K)->11519K(11904K) NonClass: 9642K(9856K)->9642K(9856K) Class: 1876K(2048K)->1876K(2048K)
[38.323s][info   ][gc          ] GC(72) Pause Full (System.gc()) 1576M->1576M(6144M) 577.195ms
[38.909s][info   ][gc,metaspace] GC(73) Metaspace: 11519K(11904K)->11519K(11904K) NonClass: 9642K(9856K)->9642K(9856K) Class: 1876K(2048K)->1876K(2048K)
[38.909s][info   ][gc          ] GC(73) Pause Full (System.gc()) 1576M->1576M(6144M) 585.565ms
[39.487s][info   ][gc,metaspace] GC(74) Metaspace: 11519K(11904K)->11519K(11904K) NonClass: 9642K(9856K)->9642K(9856K) Class: 1876K(2048K)->1876K(2048K)
[39.487s][info   ][gc          ] GC(74) Pause Full (System.gc()) 1576M->1576M(6144M) 577.682ms
[40.065s][info   ][gc,metaspace] GC(75) Metaspace: 11519K(11904K)->11519K(11904K) NonClass: 9642K(9856K)->9642K(9856K) Class: 1876K(2048K)->1876K(2048K)
[40.065s][info   ][gc          ] GC(75) Pause Full (System.gc()) 1576M->1576M(6144M) 577.801ms
After GCs... 
