Done; will start GCs... 
[11.561s][info   ][gc,metaspace] GC(26) Metaspace: 11519K(11904K)->11519K(11904K) NonClass: 9642K(9856K)->9642K(9856K) Class: 1876K(2048K)->1876K(2048K)
[11.562s][info   ][gc          ] GC(26) Pause Full (System.gc()) 1578M->1576M(6144M) 585.036ms
[12.141s][info   ][gc,metaspace] GC(27) Metaspace: 11519K(11904K)->11519K(11904K) NonClass: 9642K(9856K)->9642K(9856K) Class: 1876K(2048K)->1876K(2048K)
[12.141s][info   ][gc          ] GC(27) Pause Full (System.gc()) 1576M->1576M(6144M) 579.747ms
[12.742s][info   ][gc,metaspace] GC(28) Metaspace: 11519K(11904K)->11519K(11904K) NonClass: 9642K(9856K)->9642K(9856K) Class: 1876K(2048K)->1876K(2048K)
[12.742s][info   ][gc          ] GC(28) Pause Full (System.gc()) 1576M->1576M(6144M) 600.120ms
[13.327s][info   ][gc,metaspace] GC(29) Metaspace: 11519K(11904K)->11519K(11904K) NonClass: 9642K(9856K)->9642K(9856K) Class: 1876K(2048K)->1876K(2048K)
[13.327s][info   ][gc          ] GC(29) Pause Full (System.gc()) 1576M->1576M(6144M) 585.815ms
[13.907s][info   ][gc,metaspace] GC(30) Metaspace: 11519K(11904K)->11519K(11904K) NonClass: 9642K(9856K)->9642K(9856K) Class: 1876K(2048K)->1876K(2048K)
[13.907s][info   ][gc          ] GC(30) Pause Full (System.gc()) 1576M->1576M(6144M) 579.381ms
[14.485s][info   ][gc,metaspace] GC(31) Metaspace: 11519K(11904K)->11519K(11904K) NonClass: 9642K(9856K)->9642K(9856K) Class: 1876K(2048K)->1876K(2048K)
[14.485s][info   ][gc          ] GC(31) Pause Full (System.gc()) 1576M->1576M(6144M) 578.539ms
[15.062s][info   ][gc,metaspace] GC(32) Metaspace: 11519K(11904K)->11519K(11904K) NonClass: 9642K(9856K)->9642K(9856K) Class: 1876K(2048K)->1876K(2048K)
[15.062s][info   ][gc          ] GC(32) Pause Full (System.gc()) 1576M->1576M(6144M) 576.321ms
[15.640s][info   ][gc,metaspace] GC(33) Metaspace: 11519K(11904K)->11519K(11904K) NonClass: 9642K(9856K)->9642K(9856K) Class: 1876K(2048K)->1876K(2048K)
[15.640s][info   ][gc          ] GC(33) Pause Full (System.gc()) 1576M->1576M(6144M) 577.822ms
[16.218s][info   ][gc,metaspace] GC(34) Metaspace: 11519K(11904K)->11519K(11904K) NonClass: 9642K(9856K)->9642K(9856K) Class: 1876K(2048K)->1876K(2048K)
[16.218s][info   ][gc          ] GC(34) Pause Full (System.gc()) 1576M->1576M(6144M) 578.281ms
[16.805s][info   ][gc,metaspace] GC(35) Metaspace: 11519K(11904K)->11519K(11904K) NonClass: 9642K(9856K)->9642K(9856K) Class: 1876K(2048K)->1876K(2048K)
[16.805s][info   ][gc          ] GC(35) Pause Full (System.gc()) 1576M->1576M(6144M) 587.082ms
[17.390s][info   ][gc,metaspace] GC(36) Metaspace: 11519K(11904K)->11519K(11904K) NonClass: 9642K(9856K)->9642K(9856K) Class: 1876K(2048K)->1876K(2048K)
[17.390s][info   ][gc          ] GC(36) Pause Full (System.gc()) 1576M->1576M(6144M) 584.991ms
[17.967s][info   ][gc,metaspace] GC(37) Metaspace: 11519K(11904K)->11519K(11904K) NonClass: 9642K(9856K)->9642K(9856K) Class: 1876K(2048K)->1876K(2048K)
[17.967s][info   ][gc          ] GC(37) Pause Full (System.gc()) 1576M->1576M(6144M) 576.614ms
[18.542s][info   ][gc,metaspace] GC(38) Metaspace: 11519K(11904K)->11519K(11904K) NonClass: 9642K(9856K)->9642K(9856K) Class: 1876K(2048K)->1876K(2048K)
[18.542s][info   ][gc          ] GC(38) Pause Full (System.gc()) 1576M->1576M(6144M) 574.671ms
[19.125s][info   ][gc,metaspace] GC(39) Metaspace: 11519K(11904K)->11519K(11904K) NonClass: 9642K(9856K)->9642K(9856K) Class: 1876K(2048K)->1876K(2048K)
[19.125s][info   ][gc          ] GC(39) Pause Full (System.gc()) 1576M->1576M(6144M) 583.622ms
[19.704s][info   ][gc,metaspace] GC(40) Metaspace: 11519K(11904K)->11519K(11904K) NonClass: 9642K(9856K)->9642K(9856K) Class: 1876K(2048K)->1876K(2048K)
[19.704s][info   ][gc          ] GC(40) Pause Full (System.gc()) 1576M->1576M(6144M) 578.398ms
[20.283s][info   ][gc,metaspace] GC(41) Metaspace: 11519K(11904K)->11519K(11904K) NonClass: 9642K(9856K)->9642K(9856K) Class: 1876K(2048K)->1876K(2048K)
[20.283s][info   ][gc          ] GC(41) Pause Full (System.gc()) 1576M->1576M(6144M) 578.939ms
[20.860s][info   ][gc,metaspace] GC(42) Metaspace: 11519K(11904K)->11519K(11904K) NonClass: 9642K(9856K)->9642K(9856K) Class: 1876K(2048K)->1876K(2048K)
[20.860s][info   ][gc          ] GC(42) Pause Full (System.gc()) 1576M->1576M(6144M) 577.524ms
[21.432s][info   ][gc,metaspace] GC(43) Metaspace: 11519K(11904K)->11519K(11904K) NonClass: 9642K(9856K)->9642K(9856K) Class: 1876K(2048K)->1876K(2048K)
[21.433s][info   ][gc          ] GC(43) Pause Full (System.gc()) 1576M->1576M(6144M) 571.949ms
[22.016s][info   ][gc,metaspace] GC(44) Metaspace: 11519K(11904K)->11519K(11904K) NonClass: 9642K(9856K)->9642K(9856K) Class: 1876K(2048K)->1876K(2048K)
[22.016s][info   ][gc          ] GC(44) Pause Full (System.gc()) 1576M->1576M(6144M) 583.331ms
[22.599s][info   ][gc,metaspace] GC(45) Metaspace: 11519K(11904K)->11519K(11904K) NonClass: 9642K(9856K)->9642K(9856K) Class: 1876K(2048K)->1876K(2048K)
[22.599s][info   ][gc          ] GC(45) Pause Full (System.gc()) 1576M->1576M(6144M) 582.768ms
[23.240s][info   ][gc,metaspace] GC(46) Metaspace: 11519K(11904K)->11519K(11904K) NonClass: 9642K(9856K)->9642K(9856K) Class: 1876K(2048K)->1876K(2048K)
[23.240s][info   ][gc          ] GC(46) Pause Full (System.gc()) 1576M->1576M(6144M) 641.309ms
[23.819s][info   ][gc,metaspace] GC(47) Metaspace: 11519K(11904K)->11519K(11904K) NonClass: 9642K(9856K)->9642K(9856K) Class: 1876K(2048K)->1876K(2048K)
[23.819s][info   ][gc          ] GC(47) Pause Full (System.gc()) 1576M->1576M(6144M) 578.866ms
[24.402s][info   ][gc,metaspace] GC(48) Metaspace: 11519K(11904K)->11519K(11904K) NonClass: 9642K(9856K)->9642K(9856K) Class: 1876K(2048K)->1876K(2048K)
[24.402s][info   ][gc          ] GC(48) Pause Full (System.gc()) 1576M->1576M(6144M) 582.531ms
[24.982s][info   ][gc,metaspace] GC(49) Metaspace: 11519K(11904K)->11519K(11904K) NonClass: 9642K(9856K)->9642K(9856K) Class: 1876K(2048K)->1876K(2048K)
[24.982s][info   ][gc          ] GC(49) Pause Full (System.gc()) 1576M->1576M(6144M) 580.717ms
[25.562s][info   ][gc,metaspace] GC(50) Metaspace: 11519K(11904K)->11519K(11904K) NonClass: 9642K(9856K)->9642K(9856K) Class: 1876K(2048K)->1876K(2048K)
[25.562s][info   ][gc          ] GC(50) Pause Full (System.gc()) 1576M->1576M(6144M) 579.489ms
[26.142s][info   ][gc,metaspace] GC(51) Metaspace: 11519K(11904K)->11519K(11904K) NonClass: 9642K(9856K)->9642K(9856K) Class: 1876K(2048K)->1876K(2048K)
[26.142s][info   ][gc          ] GC(51) Pause Full (System.gc()) 1576M->1576M(6144M) 579.940ms
[26.725s][info   ][gc,metaspace] GC(52) Metaspace: 11519K(11904K)->11519K(11904K) NonClass: 9642K(9856K)->9642K(9856K) Class: 1876K(2048K)->1876K(2048K)
[26.725s][info   ][gc          ] GC(52) Pause Full (System.gc()) 1576M->1576M(6144M) 582.673ms
[27.303s][info   ][gc,metaspace] GC(53) Metaspace: 11519K(11904K)->11519K(11904K) NonClass: 9642K(9856K)->9642K(9856K) Class: 1876K(2048K)->1876K(2048K)
[27.303s][info   ][gc          ] GC(53) Pause Full (System.gc()) 1576M->1576M(6144M) 578.553ms
[27.882s][info   ][gc,metaspace] GC(54) Metaspace: 11519K(11904K)->11519K(11904K) NonClass: 9642K(9856K)->9642K(9856K) Class: 1876K(2048K)->1876K(2048K)
[27.883s][info   ][gc          ] GC(54) Pause Full (System.gc()) 1576M->1576M(6144M) 579.133ms
[28.466s][info   ][gc,metaspace] GC(55) Metaspace: 11519K(11904K)->11519K(11904K) NonClass: 9642K(9856K)->9642K(9856K) Class: 1876K(2048K)->1876K(2048K)
[28.466s][info   ][gc          ] GC(55) Pause Full (System.gc()) 1576M->1576M(6144M) 583.330ms
[29.044s][info   ][gc,metaspace] GC(56) Metaspace: 11519K(11904K)->11519K(11904K) NonClass: 9642K(9856K)->9642K(9856K) Class: 1876K(2048K)->1876K(2048K)
[29.044s][info   ][gc          ] GC(56) Pause Full (System.gc()) 1576M->1576M(6144M) 577.649ms
[29.628s][info   ][gc,metaspace] GC(57) Metaspace: 11519K(11904K)->11519K(11904K) NonClass: 9642K(9856K)->9642K(9856K) Class: 1876K(2048K)->1876K(2048K)
[29.628s][info   ][gc          ] GC(57) Pause Full (System.gc()) 1576M->1576M(6144M) 584.431ms
[30.209s][info   ][gc,metaspace] GC(58) Metaspace: 11519K(11904K)->11519K(11904K) NonClass: 9642K(9856K)->9642K(9856K) Class: 1876K(2048K)->1876K(2048K)
[30.209s][info   ][gc          ] GC(58) Pause Full (System.gc()) 1576M->1576M(6144M) 580.793ms
[30.791s][info   ][gc,metaspace] GC(59) Metaspace: 11519K(11904K)->11519K(11904K) NonClass: 9642K(9856K)->9642K(9856K) Class: 1876K(2048K)->1876K(2048K)
[30.791s][info   ][gc          ] GC(59) Pause Full (System.gc()) 1576M->1576M(6144M) 581.518ms
[31.366s][info   ][gc,metaspace] GC(60) Metaspace: 11519K(11904K)->11519K(11904K) NonClass: 9642K(9856K)->9642K(9856K) Class: 1876K(2048K)->1876K(2048K)
[31.367s][info   ][gc          ] GC(60) Pause Full (System.gc()) 1576M->1576M(6144M) 575.858ms
[31.947s][info   ][gc,metaspace] GC(61) Metaspace: 11519K(11904K)->11519K(11904K) NonClass: 9642K(9856K)->9642K(9856K) Class: 1876K(2048K)->1876K(2048K)
[31.947s][info   ][gc          ] GC(61) Pause Full (System.gc()) 1576M->1576M(6144M) 580.839ms
[32.523s][info   ][gc,metaspace] GC(62) Metaspace: 11519K(11904K)->11519K(11904K) NonClass: 9642K(9856K)->9642K(9856K) Class: 1876K(2048K)->1876K(2048K)
[32.523s][info   ][gc          ] GC(62) Pause Full (System.gc()) 1576M->1576M(6144M) 575.489ms
[33.103s][info   ][gc,metaspace] GC(63) Metaspace: 11519K(11904K)->11519K(11904K) NonClass: 9642K(9856K)->9642K(9856K) Class: 1876K(2048K)->1876K(2048K)
[33.103s][info   ][gc          ] GC(63) Pause Full (System.gc()) 1576M->1576M(6144M) 579.969ms
[33.683s][info   ][gc,metaspace] GC(64) Metaspace: 11519K(11904K)->11519K(11904K) NonClass: 9642K(9856K)->9642K(9856K) Class: 1876K(2048K)->1876K(2048K)
[33.683s][info   ][gc          ] GC(64) Pause Full (System.gc()) 1576M->1576M(6144M) 579.796ms
[34.257s][info   ][gc,metaspace] GC(65) Metaspace: 11519K(11904K)->11519K(11904K) NonClass: 9642K(9856K)->9642K(9856K) Class: 1876K(2048K)->1876K(2048K)
[34.257s][info   ][gc          ] GC(65) Pause Full (System.gc()) 1576M->1576M(6144M) 574.367ms
[34.842s][info   ][gc,metaspace] GC(66) Metaspace: 11519K(11904K)->11519K(11904K) NonClass: 9642K(9856K)->9642K(9856K) Class: 1876K(2048K)->1876K(2048K)
[34.842s][info   ][gc          ] GC(66) Pause Full (System.gc()) 1576M->1576M(6144M) 584.214ms
[35.421s][info   ][gc,metaspace] GC(67) Metaspace: 11519K(11904K)->11519K(11904K) NonClass: 9642K(9856K)->9642K(9856K) Class: 1876K(2048K)->1876K(2048K)
[35.421s][info   ][gc          ] GC(67) Pause Full (System.gc()) 1576M->1576M(6144M) 579.699ms
[36.000s][info   ][gc,metaspace] GC(68) Metaspace: 11519K(11904K)->11519K(11904K) NonClass: 9642K(9856K)->9642K(9856K) Class: 1876K(2048K)->1876K(2048K)
[36.000s][info   ][gc          ] GC(68) Pause Full (System.gc()) 1576M->1576M(6144M) 578.421ms
[36.579s][info   ][gc,metaspace] GC(69) Metaspace: 11519K(11904K)->11519K(11904K) NonClass: 9642K(9856K)->9642K(9856K) Class: 1876K(2048K)->1876K(2048K)
[36.579s][info   ][gc          ] GC(69) Pause Full (System.gc()) 1576M->1576M(6144M) 579.604ms
[37.164s][info   ][gc,metaspace] GC(70) Metaspace: 11519K(11904K)->11519K(11904K) NonClass: 9642K(9856K)->9642K(9856K) Class: 1876K(2048K)->1876K(2048K)
[37.164s][info   ][gc          ] GC(70) Pause Full (System.gc()) 1576M->1576M(6144M) 580.561ms
[37.746s][info   ][gc,metaspace] GC(71) Metaspace: 11519K(11904K)->11519K(11904K) NonClass: 9642K(9856K)->9642K(9856K) Class: 1876K(2048K)->1876K(2048K)
[37.746s][info   ][gc          ] GC(71) Pause Full (System.gc()) 1576M->1576M(6144M) 581.617ms
[38.323s][info   ][gc,metaspace] GC(72) Metaspace: 11519K(11904K)->11519K(11904K) NonClass: 9642K(9856K)->9642K(9856K) Class: 1876K(2048K)->1876K(2048K)
[38.323s][info   ][gc          ] GC(72) Pause Full (System.gc()) 1576M->1576M(6144M) 577.195ms
[38.909s][info   ][gc,metaspace] GC(73) Metaspace: 11519K(11904K)->11519K(11904K) NonClass: 9642K(9856K)->9642K(9856K) Class: 1876K(2048K)->1876K(2048K)
[38.909s][info   ][gc          ] GC(73) Pause Full (System.gc()) 1576M->1576M(6144M) 585.565ms
[39.487s][info   ][gc,metaspace] GC(74) Metaspace: 11519K(11904K)->11519K(11904K) NonClass: 9642K(9856K)->9642K(9856K) Class: 1876K(2048K)->1876K(2048K)
[39.487s][info   ][gc          ] GC(74) Pause Full (System.gc()) 1576M->1576M(6144M) 577.682ms
[40.065s][info   ][gc,metaspace] GC(75) Metaspace: 11519K(11904K)->11519K(11904K) NonClass: 9642K(9856K)->9642K(9856K) Class: 1876K(2048K)->1876K(2048K)
[40.065s][info   ][gc          ] GC(75) Pause Full (System.gc()) 1576M->1576M(6144M) 577.801ms
After GCs... 
