[0.001s][warning][pagesize] UseLargePages disabled, no large pages configured and available on the system.
[0.001s][info   ][metaspace]  - commit_granule_bytes: 65536.
[0.001s][info   ][metaspace]  - commit_granule_words: 8192.
[0.001s][info   ][metaspace]  - virtual_space_node_default_size: 8388608.
[0.001s][info   ][metaspace]  - enlarge_chunks_in_place: 1.
[0.001s][info   ][metaspace]  - use_allocation_guard: 0.
[0.010s][info   ][gc       ] Using G1
[0.583s][info   ][metaspace] Reserving compressed class space anywhere
[0.583s][info   ][gc,metaspace] CDS archive(s) not mapped
[0.583s][info   ][gc,metaspace] Compressed class space mapped at: 0x0000000004000000-0x00000000c4000000, reserved size: 3221225472
[0.583s][info   ][gc,metaspace] UseCompressedClassPointers 1, UseCompactObjectHeaders 0, narrow klass pointer bits 32, max shift 3
[0.583s][info   ][gc,metaspace] Narrow klass base: 0x0000000000000000, Narrow klass shift: 0, Narrow klass range: 0xc4000000
Random Seed: 12345678
Num Classes: 64
Num Objects: 67108864
Percent IK Objects: 83.0%)
Percent OAK Objects: 5.0%)
Percent TAK Objects: 12.0%)
Cycles: 50
Loading 64 pre-generated classes ...
Materialize pre-generated constructors ...
Creating objects...
[0.816s][info   ][gc,metaspace] GC(0) Metaspace: 11242K(11520K)->11242K(11520K) NonClass: 10135K(10304K)->10135K(10304K) Class: 1107K(1216K)->1107K(1216K)
[0.816s][info   ][gc          ] GC(0) Pause Full (System.gc()) 20M->2M(6144M) 8.580ms
[1.161s][info   ][gc,metaspace] GC(1) Metaspace: 11520K(11840K)->11520K(11840K) NonClass: 10379K(10560K)->10379K(10560K) Class: 1141K(1280K)->1141K(1280K)
[1.161s][info   ][gc          ] GC(1) Pause Young (Normal) (G1 Evacuation Pause) 566M->300M(6144M) 18.331ms
[1.364s][info   ][gc,metaspace] GC(2) Metaspace: 11520K(11840K)->11520K(11840K) NonClass: 10379K(10560K)->10379K(10560K) Class: 1141K(1280K)->1141K(1280K)
[1.364s][info   ][gc          ] GC(2) Pause Young (Normal) (G1 Evacuation Pause) 564M->335M(6144M) 22.853ms
[1.528s][info   ][gc,metaspace] GC(3) Metaspace: 11520K(11840K)->11520K(11840K) NonClass: 10379K(10560K)->10379K(10560K) Class: 1141K(1280K)->1141K(1280K)
[1.528s][info   ][gc          ] GC(3) Pause Young (Normal) (G1 Evacuation Pause) 603M->372M(6144M) 23.711ms
[1.693s][info   ][gc,metaspace] GC(4) Metaspace: 11520K(11840K)->11520K(11840K) NonClass: 10379K(10560K)->10379K(10560K) Class: 1141K(1280K)->1141K(1280K)
[1.693s][info   ][gc          ] GC(4) Pause Young (Normal) (G1 Evacuation Pause) 636M->406M(6144M) 23.696ms
[1.858s][info   ][gc,metaspace] GC(5) Metaspace: 11520K(11840K)->11520K(11840K) NonClass: 10379K(10560K)->10379K(10560K) Class: 1141K(1280K)->1141K(1280K)
[1.858s][info   ][gc          ] GC(5) Pause Young (Normal) (G1 Evacuation Pause) 674M->441M(6144M) 22.457ms
[2.024s][info   ][gc,metaspace] GC(6) Metaspace: 11520K(11840K)->11520K(11840K) NonClass: 10379K(10560K)->10379K(10560K) Class: 1141K(1280K)->1141K(1280K)
[2.024s][info   ][gc          ] GC(6) Pause Young (Normal) (G1 Evacuation Pause) 709M->480M(6144M) 23.114ms
[2.184s][info   ][gc,metaspace] GC(7) Metaspace: 11520K(11840K)->11520K(11840K) NonClass: 10379K(10560K)->10379K(10560K) Class: 1141K(1280K)->1141K(1280K)
[2.184s][info   ][gc          ] GC(7) Pause Young (Normal) (G1 Evacuation Pause) 744M->515M(6144M) 21.755ms
[2.332s][info   ][gc,metaspace] GC(8) Metaspace: 11520K(11840K)->11520K(11840K) NonClass: 10379K(10560K)->10379K(10560K) Class: 1141K(1280K)->1141K(1280K)
[2.332s][info   ][gc          ] GC(8) Pause Young (Normal) (G1 Evacuation Pause) 783M->543M(6144M) 20.260ms
[2.556s][info   ][gc,metaspace] GC(9) Metaspace: 11520K(11840K)->11520K(11840K) NonClass: 10379K(10560K)->10379K(10560K) Class: 1141K(1280K)->1141K(1280K)
[2.556s][info   ][gc          ] GC(9) Pause Young (Normal) (G1 Evacuation Pause) 967M->583M(6144M) 26.946ms
[2.738s][info   ][gc,metaspace] GC(10) Metaspace: 11520K(11840K)->11520K(11840K) NonClass: 10379K(10560K)->10379K(10560K) Class: 1141K(1280K)->1141K(1280K)
[2.739s][info   ][gc          ] GC(10) Pause Young (Normal) (G1 Evacuation Pause) 907M->623M(6144M) 32.750ms
[2.981s][info   ][gc,metaspace] GC(11) Metaspace: 11520K(11840K)->11520K(11840K) NonClass: 10379K(10560K)->10379K(10560K) Class: 1141K(1280K)->1141K(1280K)
[2.981s][info   ][gc          ] GC(11) Pause Young (Normal) (G1 Evacuation Pause) 1083M->662M(6144M) 29.854ms
[3.231s][info   ][gc,metaspace] GC(12) Metaspace: 11520K(11840K)->11520K(11840K) NonClass: 10379K(10560K)->10379K(10560K) Class: 1141K(1280K)->1141K(1280K)
[3.231s][info   ][gc          ] GC(12) Pause Young (Normal) (G1 Evacuation Pause) 1126M->709M(6144M) 37.590ms
[3.519s][info   ][gc,metaspace] GC(13) Metaspace: 11520K(11840K)->11520K(11840K) NonClass: 10379K(10560K)->10379K(10560K) Class: 1141K(1280K)->1141K(1280K)
[3.519s][info   ][gc          ] GC(13) Pause Young (Normal) (G1 Evacuation Pause) 1241M->763M(6144M) 42.688ms
[3.838s][info   ][gc,metaspace] GC(14) Metaspace: 11520K(11840K)->11520K(11840K) NonClass: 10379K(10560K)->10379K(10560K) Class: 1141K(1280K)->1141K(1280K)
[3.838s][info   ][gc          ] GC(14) Pause Young (Normal) (G1 Evacuation Pause) 1351M->824M(6144M) 50.818ms
[4.188s][info   ][gc,metaspace] GC(15) Metaspace: 11520K(11840K)->11520K(11840K) NonClass: 10379K(10560K)->10379K(10560K) Class: 1141K(1280K)->1141K(1280K)
[4.188s][info   ][gc          ] GC(15) Pause Young (Normal) (G1 Evacuation Pause) 1476M->891M(6144M) 50.754ms
[4.580s][info   ][gc,metaspace] GC(16) Metaspace: 11520K(11840K)->11520K(11840K) NonClass: 10379K(10560K)->10379K(10560K) Class: 1141K(1280K)->1141K(1280K)
[4.581s][info   ][gc          ] GC(16) Pause Young (Normal) (G1 Evacuation Pause) 1627M->966M(6144M) 57.756ms
[5.026s][info   ][gc,metaspace] GC(17) Metaspace: 11520K(11840K)->11520K(11840K) NonClass: 10379K(10560K)->10379K(10560K) Class: 1141K(1280K)->1141K(1280K)
[5.026s][info   ][gc          ] GC(17) Pause Young (Normal) (G1 Evacuation Pause) 1774M->1050M(6144M) 76.075ms
[5.541s][info   ][gc,metaspace] GC(18) Metaspace: 11520K(11840K)->11520K(11840K) NonClass: 10379K(10560K)->10379K(10560K) Class: 1141K(1280K)->1141K(1280K)
[5.541s][info   ][gc          ] GC(18) Pause Young (Normal) (G1 Evacuation Pause) 1922M->1140M(6144M) 68.264ms
[6.059s][info   ][gc,metaspace] GC(19) Metaspace: 11520K(11840K)->11520K(11840K) NonClass: 10379K(10560K)->10379K(10560K) Class: 1141K(1280K)->1141K(1280K)
[6.059s][info   ][gc          ] GC(19) Pause Young (Normal) (G1 Evacuation Pause) 2108M->1236M(6144M) 81.781ms
[6.603s][info   ][gc,metaspace] GC(20) Metaspace: 11520K(11840K)->11520K(11840K) NonClass: 10379K(10560K)->10379K(10560K) Class: 1141K(1280K)->1141K(1280K)
[6.603s][info   ][gc          ] GC(20) Pause Young (Normal) (G1 Evacuation Pause) 2268M->1348M(6144M) 81.999ms
[7.239s][info   ][gc,metaspace] GC(21) Metaspace: 11520K(11840K)->11520K(11840K) NonClass: 10379K(10560K)->10379K(10560K) Class: 1141K(1280K)->1141K(1280K)
[7.239s][info   ][gc          ] GC(21) Pause Young (Normal) (G1 Evacuation Pause) 2560M->1472M(6144M) 88.146ms
[7.887s][info   ][gc,metaspace] GC(22) Metaspace: 11520K(11840K)->11520K(11840K) NonClass: 10379K(10560K)->10379K(10560K) Class: 1141K(1280K)->1141K(1280K)
[7.887s][info   ][gc          ] GC(22) Pause Young (Normal) (G1 Evacuation Pause) 2720M->1594M(6144M) 86.332ms
[8.647s][info   ][gc,metaspace] GC(23) Metaspace: 11520K(11840K)->11520K(11840K) NonClass: 10379K(10560K)->10379K(10560K) Class: 1141K(1280K)->1141K(1280K)
[8.647s][info   ][gc          ] GC(23) Pause Young (Normal) (G1 Evacuation Pause) 2966M->1726M(6144M) 91.850ms
[9.414s][info   ][gc,metaspace] GC(24) Metaspace: 11520K(11840K)->11520K(11840K) NonClass: 10379K(10560K)->10379K(10560K) Class: 1141K(1280K)->1141K(1280K)
[9.414s][info   ][gc          ] GC(24) Pause Young (Normal) (G1 Evacuation Pause) 3178M->1872M(6144M) 115.479ms
67108864 Objects created
 - IK: 55699211 (82.99829%)
 - OAK: 3355627 (5.0002737%)
 - TAK: 8054026 (12.001434%)
Preparatory GC...
[10.289s][info   ][gc,metaspace] GC(25) Metaspace: 11520K(11840K)->11520K(11840K) NonClass: 10379K(10560K)->10379K(10560K) Class: 1141K(1280K)->1141K(1280K)
[10.289s][info   ][gc          ] GC(25) Pause Full (System.gc()) 2382M->1799M(6144M) 649.068ms
[10.936s][info   ][gc,metaspace] GC(26) Metaspace: 11520K(11840K)->11520K(11840K) NonClass: 10379K(10560K)->10379K(10560K) Class: 1141K(1280K)->1141K(1280K)
[10.936s][info   ][gc          ] GC(26) Pause Full (System.gc()) 1799M->1799M(6144M) 646.252ms
Done; will start GCs... 
[11.518s][info   ][gc,metaspace] GC(27) Metaspace: 11520K(11840K)->11520K(11840K) NonClass: 10379K(10560K)->10379K(10560K) Class: 1141K(1280K)->1141K(1280K)
[11.518s][info   ][gc          ] GC(27) Pause Full (System.gc()) 1801M->1799M(6144M) 582.396ms
[12.100s][info   ][gc,metaspace] GC(28) Metaspace: 11520K(11840K)->11520K(11840K) NonClass: 10379K(10560K)->10379K(10560K) Class: 1141K(1280K)->1141K(1280K)
[12.100s][info   ][gc          ] GC(28) Pause Full (System.gc()) 1799M->1799M(6144M) 582.111ms
[12.678s][info   ][gc,metaspace] GC(29) Metaspace: 11520K(11840K)->11520K(11840K) NonClass: 10379K(10560K)->10379K(10560K) Class: 1141K(1280K)->1141K(1280K)
[12.678s][info   ][gc          ] GC(29) Pause Full (System.gc()) 1799M->1799M(6144M) 577.883ms
[13.262s][info   ][gc,metaspace] GC(30) Metaspace: 11520K(11840K)->11520K(11840K) NonClass: 10379K(10560K)->10379K(10560K) Class: 1141K(1280K)->1141K(1280K)
[13.262s][info   ][gc          ] GC(30) Pause Full (System.gc()) 1799M->1799M(6144M) 583.179ms
[13.842s][info   ][gc,metaspace] GC(31) Metaspace: 11520K(11840K)->11520K(11840K) NonClass: 10379K(10560K)->10379K(10560K) Class: 1141K(1280K)->1141K(1280K)
[13.842s][info   ][gc          ] GC(31) Pause Full (System.gc()) 1799M->1799M(6144M) 579.920ms
[14.414s][info   ][gc,metaspace] GC(32) Metaspace: 11520K(11840K)->11520K(11840K) NonClass: 10379K(10560K)->10379K(10560K) Class: 1141K(1280K)->1141K(1280K)
[14.415s][info   ][gc          ] GC(32) Pause Full (System.gc()) 1799M->1799M(6144M) 572.810ms
[14.993s][info   ][gc,metaspace] GC(33) Metaspace: 11520K(11840K)->11520K(11840K) NonClass: 10379K(10560K)->10379K(10560K) Class: 1141K(1280K)->1141K(1280K)
[14.993s][info   ][gc          ] GC(33) Pause Full (System.gc()) 1799M->1799M(6144M) 578.012ms
[15.563s][info   ][gc,metaspace] GC(34) Metaspace: 11520K(11840K)->11520K(11840K) NonClass: 10379K(10560K)->10379K(10560K) Class: 1141K(1280K)->1141K(1280K)
[15.563s][info   ][gc          ] GC(34) Pause Full (System.gc()) 1799M->1799M(6144M) 570.723ms
[16.140s][info   ][gc,metaspace] GC(35) Metaspace: 11520K(11840K)->11520K(11840K) NonClass: 10379K(10560K)->10379K(10560K) Class: 1141K(1280K)->1141K(1280K)
[16.140s][info   ][gc          ] GC(35) Pause Full (System.gc()) 1799M->1799M(6144M) 576.711ms
[16.716s][info   ][gc,metaspace] GC(36) Metaspace: 11520K(11840K)->11520K(11840K) NonClass: 10379K(10560K)->10379K(10560K) Class: 1141K(1280K)->1141K(1280K)
[16.716s][info   ][gc          ] GC(36) Pause Full (System.gc()) 1799M->1799M(6144M) 576.135ms
[17.296s][info   ][gc,metaspace] GC(37) Metaspace: 11520K(11840K)->11520K(11840K) NonClass: 10379K(10560K)->10379K(10560K) Class: 1141K(1280K)->1141K(1280K)
[17.296s][info   ][gc          ] GC(37) Pause Full (System.gc()) 1799M->1799M(6144M) 579.396ms
[17.870s][info   ][gc,metaspace] GC(38) Metaspace: 11520K(11840K)->11520K(11840K) NonClass: 10379K(10560K)->10379K(10560K) Class: 1141K(1280K)->1141K(1280K)
[17.870s][info   ][gc          ] GC(38) Pause Full (System.gc()) 1799M->1799M(6144M) 574.499ms
[18.448s][info   ][gc,metaspace] GC(39) Metaspace: 11520K(11840K)->11520K(11840K) NonClass: 10379K(10560K)->10379K(10560K) Class: 1141K(1280K)->1141K(1280K)
[18.449s][info   ][gc          ] GC(39) Pause Full (System.gc()) 1799M->1799M(6144M) 578.053ms
[19.029s][info   ][gc,metaspace] GC(40) Metaspace: 11520K(11840K)->11520K(11840K) NonClass: 10379K(10560K)->10379K(10560K) Class: 1141K(1280K)->1141K(1280K)
[19.029s][info   ][gc          ] GC(40) Pause Full (System.gc()) 1799M->1799M(6144M) 580.030ms
[19.604s][info   ][gc,metaspace] GC(41) Metaspace: 11520K(11840K)->11520K(11840K) NonClass: 10379K(10560K)->10379K(10560K) Class: 1141K(1280K)->1141K(1280K)
[19.604s][info   ][gc          ] GC(41) Pause Full (System.gc()) 1799M->1799M(6144M) 574.888ms
[20.181s][info   ][gc,metaspace] GC(42) Metaspace: 11520K(11840K)->11520K(11840K) NonClass: 10379K(10560K)->10379K(10560K) Class: 1141K(1280K)->1141K(1280K)
[20.181s][info   ][gc          ] GC(42) Pause Full (System.gc()) 1799M->1799M(6144M) 577.159ms
[20.759s][info   ][gc,metaspace] GC(43) Metaspace: 11520K(11840K)->11520K(11840K) NonClass: 10379K(10560K)->10379K(10560K) Class: 1141K(1280K)->1141K(1280K)
[20.759s][info   ][gc          ] GC(43) Pause Full (System.gc()) 1799M->1799M(6144M) 577.710ms
[21.337s][info   ][gc,metaspace] GC(44) Metaspace: 11520K(11840K)->11520K(11840K) NonClass: 10379K(10560K)->10379K(10560K) Class: 1141K(1280K)->1141K(1280K)
[21.337s][info   ][gc          ] GC(44) Pause Full (System.gc()) 1799M->1799M(6144M) 578.401ms
[21.920s][info   ][gc,metaspace] GC(45) Metaspace: 11520K(11840K)->11520K(11840K) NonClass: 10379K(10560K)->10379K(10560K) Class: 1141K(1280K)->1141K(1280K)
[21.920s][info   ][gc          ] GC(45) Pause Full (System.gc()) 1799M->1799M(6144M) 583.363ms
[22.499s][info   ][gc,metaspace] GC(46) Metaspace: 11520K(11840K)->11520K(11840K) NonClass: 10379K(10560K)->10379K(10560K) Class: 1141K(1280K)->1141K(1280K)
[22.499s][info   ][gc          ] GC(46) Pause Full (System.gc()) 1799M->1799M(6144M) 578.211ms
[23.074s][info   ][gc,metaspace] GC(47) Metaspace: 11520K(11840K)->11520K(11840K) NonClass: 10379K(10560K)->10379K(10560K) Class: 1141K(1280K)->1141K(1280K)
[23.074s][info   ][gc          ] GC(47) Pause Full (System.gc()) 1799M->1799M(6144M) 575.537ms
[23.650s][info   ][gc,metaspace] GC(48) Metaspace: 11520K(11840K)->11520K(11840K) NonClass: 10379K(10560K)->10379K(10560K) Class: 1141K(1280K)->1141K(1280K)
[23.650s][info   ][gc          ] GC(48) Pause Full (System.gc()) 1799M->1799M(6144M) 575.308ms
[24.225s][info   ][gc,metaspace] GC(49) Metaspace: 11520K(11840K)->11520K(11840K) NonClass: 10379K(10560K)->10379K(10560K) Class: 1141K(1280K)->1141K(1280K)
[24.225s][info   ][gc          ] GC(49) Pause Full (System.gc()) 1799M->1799M(6144M) 574.985ms
[24.807s][info   ][gc,metaspace] GC(50) Metaspace: 11520K(11840K)->11520K(11840K) NonClass: 10379K(10560K)->10379K(10560K) Class: 1141K(1280K)->1141K(1280K)
[24.807s][info   ][gc          ] GC(50) Pause Full (System.gc()) 1799M->1799M(6144M) 582.538ms
[25.381s][info   ][gc,metaspace] GC(51) Metaspace: 11520K(11840K)->11520K(11840K) NonClass: 10379K(10560K)->10379K(10560K) Class: 1141K(1280K)->1141K(1280K)
[25.381s][info   ][gc          ] GC(51) Pause Full (System.gc()) 1799M->1799M(6144M) 573.606ms
[25.954s][info   ][gc,metaspace] GC(52) Metaspace: 11520K(11840K)->11520K(11840K) NonClass: 10379K(10560K)->10379K(10560K) Class: 1141K(1280K)->1141K(1280K)
[25.954s][info   ][gc          ] GC(52) Pause Full (System.gc()) 1799M->1799M(6144M) 572.547ms
[26.531s][info   ][gc,metaspace] GC(53) Metaspace: 11520K(11840K)->11520K(11840K) NonClass: 10379K(10560K)->10379K(10560K) Class: 1141K(1280K)->1141K(1280K)
[26.531s][info   ][gc          ] GC(53) Pause Full (System.gc()) 1799M->1799M(6144M) 577.267ms
[27.111s][info   ][gc,metaspace] GC(54) Metaspace: 11520K(11840K)->11520K(11840K) NonClass: 10379K(10560K)->10379K(10560K) Class: 1141K(1280K)->1141K(1280K)
[27.111s][info   ][gc          ] GC(54) Pause Full (System.gc()) 1799M->1799M(6144M) 580.348ms
[27.689s][info   ][gc,metaspace] GC(55) Metaspace: 11520K(11840K)->11520K(11840K) NonClass: 10379K(10560K)->10379K(10560K) Class: 1141K(1280K)->1141K(1280K)
[27.689s][info   ][gc          ] GC(55) Pause Full (System.gc()) 1799M->1799M(6144M) 577.731ms
[28.263s][info   ][gc,metaspace] GC(56) Metaspace: 11520K(11840K)->11520K(11840K) NonClass: 10379K(10560K)->10379K(10560K) Class: 1141K(1280K)->1141K(1280K)
[28.263s][info   ][gc          ] GC(56) Pause Full (System.gc()) 1799M->1799M(6144M) 573.736ms
[28.842s][info   ][gc,metaspace] GC(57) Metaspace: 11520K(11840K)->11520K(11840K) NonClass: 10379K(10560K)->10379K(10560K) Class: 1141K(1280K)->1141K(1280K)
[28.842s][info   ][gc          ] GC(57) Pause Full (System.gc()) 1799M->1799M(6144M) 579.074ms
[29.422s][info   ][gc,metaspace] GC(58) Metaspace: 11520K(11840K)->11520K(11840K) NonClass: 10379K(10560K)->10379K(10560K) Class: 1141K(1280K)->1141K(1280K)
[29.422s][info   ][gc          ] GC(58) Pause Full (System.gc()) 1799M->1799M(6144M) 579.475ms
[29.999s][info   ][gc,metaspace] GC(59) Metaspace: 11520K(11840K)->11520K(11840K) NonClass: 10379K(10560K)->10379K(10560K) Class: 1141K(1280K)->1141K(1280K)
[29.999s][info   ][gc          ] GC(59) Pause Full (System.gc()) 1799M->1799M(6144M) 576.923ms
[30.571s][info   ][gc,metaspace] GC(60) Metaspace: 11520K(11840K)->11520K(11840K) NonClass: 10379K(10560K)->10379K(10560K) Class: 1141K(1280K)->1141K(1280K)
[30.571s][info   ][gc          ] GC(60) Pause Full (System.gc()) 1799M->1799M(6144M) 572.504ms
[31.147s][info   ][gc,metaspace] GC(61) Metaspace: 11520K(11840K)->11520K(11840K) NonClass: 10379K(10560K)->10379K(10560K) Class: 1141K(1280K)->1141K(1280K)
[31.148s][info   ][gc          ] GC(61) Pause Full (System.gc()) 1799M->1799M(6144M) 576.246ms
[31.725s][info   ][gc,metaspace] GC(62) Metaspace: 11520K(11840K)->11520K(11840K) NonClass: 10379K(10560K)->10379K(10560K) Class: 1141K(1280K)->1141K(1280K)
[31.725s][info   ][gc          ] GC(62) Pause Full (System.gc()) 1799M->1799M(6144M) 577.354ms
[32.299s][info   ][gc,metaspace] GC(63) Metaspace: 11520K(11840K)->11520K(11840K) NonClass: 10379K(10560K)->10379K(10560K) Class: 1141K(1280K)->1141K(1280K)
[32.299s][info   ][gc          ] GC(63) Pause Full (System.gc()) 1799M->1799M(6144M) 574.489ms
[32.873s][info   ][gc,metaspace] GC(64) Metaspace: 11520K(11840K)->11520K(11840K) NonClass: 10379K(10560K)->10379K(10560K) Class: 1141K(1280K)->1141K(1280K)
[32.873s][info   ][gc          ] GC(64) Pause Full (System.gc()) 1799M->1799M(6144M) 573.536ms
[33.451s][info   ][gc,metaspace] GC(65) Metaspace: 11520K(11840K)->11520K(11840K) NonClass: 10379K(10560K)->10379K(10560K) Class: 1141K(1280K)->1141K(1280K)
[33.451s][info   ][gc          ] GC(65) Pause Full (System.gc()) 1799M->1799M(6144M) 577.551ms
[34.025s][info   ][gc,metaspace] GC(66) Metaspace: 11520K(11840K)->11520K(11840K) NonClass: 10379K(10560K)->10379K(10560K) Class: 1141K(1280K)->1141K(1280K)
[34.025s][info   ][gc          ] GC(66) Pause Full (System.gc()) 1799M->1799M(6144M) 574.247ms
[34.603s][info   ][gc,metaspace] GC(67) Metaspace: 11520K(11840K)->11520K(11840K) NonClass: 10379K(10560K)->10379K(10560K) Class: 1141K(1280K)->1141K(1280K)
[34.603s][info   ][gc          ] GC(67) Pause Full (System.gc()) 1799M->1799M(6144M) 577.627ms
[35.177s][info   ][gc,metaspace] GC(68) Metaspace: 11520K(11840K)->11520K(11840K) NonClass: 10379K(10560K)->10379K(10560K) Class: 1141K(1280K)->1141K(1280K)
[35.177s][info   ][gc          ] GC(68) Pause Full (System.gc()) 1799M->1799M(6144M) 574.172ms
[35.754s][info   ][gc,metaspace] GC(69) Metaspace: 11520K(11840K)->11520K(11840K) NonClass: 10379K(10560K)->10379K(10560K) Class: 1141K(1280K)->1141K(1280K)
[35.754s][info   ][gc          ] GC(69) Pause Full (System.gc()) 1799M->1799M(6144M) 577.326ms
[36.327s][info   ][gc,metaspace] GC(70) Metaspace: 11520K(11840K)->11520K(11840K) NonClass: 10379K(10560K)->10379K(10560K) Class: 1141K(1280K)->1141K(1280K)
[36.327s][info   ][gc          ] GC(70) Pause Full (System.gc()) 1799M->1799M(6144M) 572.204ms
[36.903s][info   ][gc,metaspace] GC(71) Metaspace: 11520K(11840K)->11520K(11840K) NonClass: 10379K(10560K)->10379K(10560K) Class: 1141K(1280K)->1141K(1280K)
[36.903s][info   ][gc          ] GC(71) Pause Full (System.gc()) 1799M->1799M(6144M) 576.443ms
[37.484s][info   ][gc,metaspace] GC(72) Metaspace: 11520K(11840K)->11520K(11840K) NonClass: 10379K(10560K)->10379K(10560K) Class: 1141K(1280K)->1141K(1280K)
[37.484s][info   ][gc          ] GC(72) Pause Full (System.gc()) 1799M->1799M(6144M) 580.713ms
[38.057s][info   ][gc,metaspace] GC(73) Metaspace: 11520K(11840K)->11520K(11840K) NonClass: 10379K(10560K)->10379K(10560K) Class: 1141K(1280K)->1141K(1280K)
[38.057s][info   ][gc          ] GC(73) Pause Full (System.gc()) 1799M->1799M(6144M) 573.364ms
[38.634s][info   ][gc,metaspace] GC(74) Metaspace: 11520K(11840K)->11520K(11840K) NonClass: 10379K(10560K)->10379K(10560K) Class: 1141K(1280K)->1141K(1280K)
[38.634s][info   ][gc          ] GC(74) Pause Full (System.gc()) 1799M->1799M(6144M) 576.995ms
[39.209s][info   ][gc,metaspace] GC(75) Metaspace: 11520K(11840K)->11520K(11840K) NonClass: 10379K(10560K)->10379K(10560K) Class: 1141K(1280K)->1141K(1280K)
[39.209s][info   ][gc          ] GC(75) Pause Full (System.gc()) 1799M->1799M(6144M) 574.199ms
[39.782s][info   ][gc,metaspace] GC(76) Metaspace: 11520K(11840K)->11520K(11840K) NonClass: 10379K(10560K)->10379K(10560K) Class: 1141K(1280K)->1141K(1280K)
[39.782s][info   ][gc          ] GC(76) Pause Full (System.gc()) 1799M->1799M(6144M) 573.642ms
After GCs... 
