Done; will start GCs... 
[8.191s][info][gc,metaspace] GC(1) Metaspace: 22395K(22848K)->22395K(22848K) NonClass: 19866K(20096K)->19866K(20096K) Class: 2529K(2752K)->2529K(2752K)
[8.191s][info][gc          ] GC(1) Pause Full (System.gc()) 881M->770M(5939M) 2720.548ms
[10.400s][info][gc,metaspace] GC(2) Metaspace: 22395K(22848K)->22395K(22848K) NonClass: 19866K(20096K)->19866K(20096K) Class: 2529K(2752K)->2529K(2752K)
[10.400s][info][gc          ] GC(2) Pause Full (System.gc()) 770M->770M(5939M) 2208.534ms
[12.702s][info][gc,metaspace] GC(3) Metaspace: 22395K(22848K)->22395K(22848K) NonClass: 19866K(20096K)->19866K(20096K) Class: 2529K(2752K)->2529K(2752K)
[12.702s][info][gc          ] GC(3) Pause Full (System.gc()) 770M->770M(5939M) 2301.703ms
[14.320s][info][gc,metaspace] GC(4) Metaspace: 22395K(22848K)->22395K(22848K) NonClass: 19866K(20096K)->19866K(20096K) Class: 2529K(2752K)->2529K(2752K)
[14.320s][info][gc          ] GC(4) Pause Full (System.gc()) 770M->770M(5939M) 1618.257ms
[15.984s][info][gc,metaspace] GC(5) Metaspace: 22395K(22848K)->22395K(22848K) NonClass: 19866K(20096K)->19866K(20096K) Class: 2529K(2752K)->2529K(2752K)
[15.985s][info][gc          ] GC(5) Pause Full (System.gc()) 770M->770M(5939M) 1664.106ms
[17.602s][info][gc,metaspace] GC(6) Metaspace: 22395K(22848K)->22395K(22848K) NonClass: 19866K(20096K)->19866K(20096K) Class: 2529K(2752K)->2529K(2752K)
[17.602s][info][gc          ] GC(6) Pause Full (System.gc()) 770M->770M(5939M) 1617.367ms
[19.264s][info][gc,metaspace] GC(7) Metaspace: 22395K(22848K)->22395K(22848K) NonClass: 19866K(20096K)->19866K(20096K) Class: 2529K(2752K)->2529K(2752K)
[19.264s][info][gc          ] GC(7) Pause Full (System.gc()) 770M->770M(5939M) 1662.071ms
[20.932s][info][gc,metaspace] GC(8) Metaspace: 22395K(22848K)->22395K(22848K) NonClass: 19866K(20096K)->19866K(20096K) Class: 2529K(2752K)->2529K(2752K)
[20.932s][info][gc          ] GC(8) Pause Full (System.gc()) 770M->770M(5939M) 1667.610ms
[22.549s][info][gc,metaspace] GC(9) Metaspace: 22395K(22848K)->22395K(22848K) NonClass: 19866K(20096K)->19866K(20096K) Class: 2529K(2752K)->2529K(2752K)
[22.549s][info][gc          ] GC(9) Pause Full (System.gc()) 770M->770M(5939M) 1616.766ms
[24.213s][info][gc,metaspace] GC(10) Metaspace: 22395K(22848K)->22395K(22848K) NonClass: 19866K(20096K)->19866K(20096K) Class: 2529K(2752K)->2529K(2752K)
[24.213s][info][gc          ] GC(10) Pause Full (System.gc()) 770M->770M(5939M) 1663.972ms
[25.877s][info][gc,metaspace] GC(11) Metaspace: 22395K(22848K)->22395K(22848K) NonClass: 19866K(20096K)->19866K(20096K) Class: 2529K(2752K)->2529K(2752K)
[25.877s][info][gc          ] GC(11) Pause Full (System.gc()) 770M->770M(5939M) 1664.105ms
[27.502s][info][gc,metaspace] GC(12) Metaspace: 22395K(22848K)->22395K(22848K) NonClass: 19866K(20096K)->19866K(20096K) Class: 2529K(2752K)->2529K(2752K)
[27.502s][info][gc          ] GC(12) Pause Full (System.gc()) 770M->770M(5939M) 1624.431ms
[29.165s][info][gc,metaspace] GC(13) Metaspace: 22395K(22848K)->22395K(22848K) NonClass: 19866K(20096K)->19866K(20096K) Class: 2529K(2752K)->2529K(2752K)
[29.166s][info][gc          ] GC(13) Pause Full (System.gc()) 770M->770M(5939M) 1663.756ms
[30.833s][info][gc,metaspace] GC(14) Metaspace: 22395K(22848K)->22395K(22848K) NonClass: 19866K(20096K)->19866K(20096K) Class: 2529K(2752K)->2529K(2752K)
[30.833s][info][gc          ] GC(14) Pause Full (System.gc()) 770M->770M(5939M) 1667.454ms
[32.450s][info][gc,metaspace] GC(15) Metaspace: 22395K(22848K)->22395K(22848K) NonClass: 19866K(20096K)->19866K(20096K) Class: 2529K(2752K)->2529K(2752K)
[32.450s][info][gc          ] GC(15) Pause Full (System.gc()) 770M->770M(5939M) 1616.847ms
[34.113s][info][gc,metaspace] GC(16) Metaspace: 22395K(22848K)->22395K(22848K) NonClass: 19866K(20096K)->19866K(20096K) Class: 2529K(2752K)->2529K(2752K)
[34.113s][info][gc          ] GC(16) Pause Full (System.gc()) 770M->770M(5939M) 1663.359ms
[35.777s][info][gc,metaspace] GC(17) Metaspace: 22395K(22848K)->22395K(22848K) NonClass: 19866K(20096K)->19866K(20096K) Class: 2529K(2752K)->2529K(2752K)
[35.777s][info][gc          ] GC(17) Pause Full (System.gc()) 770M->770M(5939M) 1663.755ms
[37.394s][info][gc,metaspace] GC(18) Metaspace: 22395K(22848K)->22395K(22848K) NonClass: 19866K(20096K)->19866K(20096K) Class: 2529K(2752K)->2529K(2752K)
[37.394s][info][gc          ] GC(18) Pause Full (System.gc()) 770M->770M(5939M) 1616.955ms
[39.071s][info][gc,metaspace] GC(19) Metaspace: 22395K(22848K)->22395K(22848K) NonClass: 19866K(20096K)->19866K(20096K) Class: 2529K(2752K)->2529K(2752K)
[39.071s][info][gc          ] GC(19) Pause Full (System.gc()) 770M->770M(5939M) 1676.375ms
[40.734s][info][gc,metaspace] GC(20) Metaspace: 22395K(22848K)->22395K(22848K) NonClass: 19866K(20096K)->19866K(20096K) Class: 2529K(2752K)->2529K(2752K)
[40.734s][info][gc          ] GC(20) Pause Full (System.gc()) 770M->770M(5939M) 1663.486ms
[42.349s][info][gc,metaspace] GC(21) Metaspace: 22395K(22848K)->22395K(22848K) NonClass: 19866K(20096K)->19866K(20096K) Class: 2529K(2752K)->2529K(2752K)
[42.349s][info][gc          ] GC(21) Pause Full (System.gc()) 770M->770M(5939M) 1614.546ms
[44.013s][info][gc,metaspace] GC(22) Metaspace: 22395K(22848K)->22395K(22848K) NonClass: 19866K(20096K)->19866K(20096K) Class: 2529K(2752K)->2529K(2752K)
[44.013s][info][gc          ] GC(22) Pause Full (System.gc()) 770M->770M(5939M) 1663.926ms
[45.681s][info][gc,metaspace] GC(23) Metaspace: 22395K(22848K)->22395K(22848K) NonClass: 19866K(20096K)->19866K(20096K) Class: 2529K(2752K)->2529K(2752K)
[45.681s][info][gc          ] GC(23) Pause Full (System.gc()) 770M->770M(5939M) 1668.126ms
[47.299s][info][gc,metaspace] GC(24) Metaspace: 22395K(22848K)->22395K(22848K) NonClass: 19866K(20096K)->19866K(20096K) Class: 2529K(2752K)->2529K(2752K)
[47.299s][info][gc          ] GC(24) Pause Full (System.gc()) 770M->770M(5939M) 1617.851ms
[48.968s][info][gc,metaspace] GC(25) Metaspace: 22395K(22848K)->22395K(22848K) NonClass: 19866K(20096K)->19866K(20096K) Class: 2529K(2752K)->2529K(2752K)
[48.968s][info][gc          ] GC(25) Pause Full (System.gc()) 770M->770M(5939M) 1668.376ms
[50.581s][info][gc,metaspace] GC(26) Metaspace: 22395K(22848K)->22395K(22848K) NonClass: 19866K(20096K)->19866K(20096K) Class: 2529K(2752K)->2529K(2752K)
[50.581s][info][gc          ] GC(26) Pause Full (System.gc()) 770M->770M(5939M) 1612.565ms
[52.249s][info][gc,metaspace] GC(27) Metaspace: 22395K(22848K)->22395K(22848K) NonClass: 19866K(20096K)->19866K(20096K) Class: 2529K(2752K)->2529K(2752K)
[52.249s][info][gc          ] GC(27) Pause Full (System.gc()) 770M->770M(5939M) 1668.132ms
[53.910s][info][gc,metaspace] GC(28) Metaspace: 22395K(22848K)->22395K(22848K) NonClass: 19866K(20096K)->19866K(20096K) Class: 2529K(2752K)->2529K(2752K)
[53.910s][info][gc          ] GC(28) Pause Full (System.gc()) 770M->770M(5939M) 1661.364ms
[55.528s][info][gc,metaspace] GC(29) Metaspace: 22395K(22848K)->22395K(22848K) NonClass: 19866K(20096K)->19866K(20096K) Class: 2529K(2752K)->2529K(2752K)
[55.528s][info][gc          ] GC(29) Pause Full (System.gc()) 770M->770M(5939M) 1617.208ms
[57.189s][info][gc,metaspace] GC(30) Metaspace: 22395K(22848K)->22395K(22848K) NonClass: 19866K(20096K)->19866K(20096K) Class: 2529K(2752K)->2529K(2752K)
[57.189s][info][gc          ] GC(30) Pause Full (System.gc()) 770M->770M(5939M) 1661.539ms
[58.857s][info][gc,metaspace] GC(31) Metaspace: 22395K(22848K)->22395K(22848K) NonClass: 19866K(20096K)->19866K(20096K) Class: 2529K(2752K)->2529K(2752K)
[58.857s][info][gc          ] GC(31) Pause Full (System.gc()) 770M->770M(5939M) 1667.525ms
[60.470s][info][gc,metaspace] GC(32) Metaspace: 22395K(22848K)->22395K(22848K) NonClass: 19866K(20096K)->19866K(20096K) Class: 2529K(2752K)->2529K(2752K)
[60.470s][info][gc          ] GC(32) Pause Full (System.gc()) 770M->770M(5939M) 1612.844ms
[62.138s][info][gc,metaspace] GC(33) Metaspace: 22395K(22848K)->22395K(22848K) NonClass: 19866K(20096K)->19866K(20096K) Class: 2529K(2752K)->2529K(2752K)
[62.138s][info][gc          ] GC(33) Pause Full (System.gc()) 770M->770M(5939M) 1667.849ms
[63.802s][info][gc,metaspace] GC(34) Metaspace: 22395K(22848K)->22395K(22848K) NonClass: 19866K(20096K)->19866K(20096K) Class: 2529K(2752K)->2529K(2752K)
[63.802s][info][gc          ] GC(34) Pause Full (System.gc()) 770M->770M(5939M) 1663.917ms
[65.416s][info][gc,metaspace] GC(35) Metaspace: 22395K(22848K)->22395K(22848K) NonClass: 19866K(20096K)->19866K(20096K) Class: 2529K(2752K)->2529K(2752K)
[65.416s][info][gc          ] GC(35) Pause Full (System.gc()) 770M->770M(5939M) 1614.083ms
[67.082s][info][gc,metaspace] GC(36) Metaspace: 22395K(22848K)->22395K(22848K) NonClass: 19866K(20096K)->19866K(20096K) Class: 2529K(2752K)->2529K(2752K)
[67.082s][info][gc          ] GC(36) Pause Full (System.gc()) 770M->770M(5939M) 1665.504ms
[68.749s][info][gc,metaspace] GC(37) Metaspace: 22395K(22848K)->22395K(22848K) NonClass: 19866K(20096K)->19866K(20096K) Class: 2529K(2752K)->2529K(2752K)
[68.749s][info][gc          ] GC(37) Pause Full (System.gc()) 787M->770M(5939M) 1667.562ms
[70.364s][info][gc,metaspace] GC(38) Metaspace: 22395K(22848K)->22395K(22848K) NonClass: 19866K(20096K)->19866K(20096K) Class: 2529K(2752K)->2529K(2752K)
[70.364s][info][gc          ] GC(38) Pause Full (System.gc()) 770M->770M(5939M) 1614.514ms
[72.578s][info][gc,metaspace] GC(39) Metaspace: 22395K(22848K)->22395K(22848K) NonClass: 19866K(20096K)->19866K(20096K) Class: 2529K(2752K)->2529K(2752K)
[72.578s][info][gc          ] GC(39) Pause Full (System.gc()) 770M->770M(5939M) 2214.190ms
[74.246s][info][gc,metaspace] GC(40) Metaspace: 22395K(22848K)->22395K(22848K) NonClass: 19866K(20096K)->19866K(20096K) Class: 2529K(2752K)->2529K(2752K)
[74.246s][info][gc          ] GC(40) Pause Full (System.gc()) 770M->770M(5939M) 1667.472ms
[75.913s][info][gc,metaspace] GC(41) Metaspace: 22395K(22848K)->22395K(22848K) NonClass: 19866K(20096K)->19866K(20096K) Class: 2529K(2752K)->2529K(2752K)
[75.913s][info][gc          ] GC(41) Pause Full (System.gc()) 770M->770M(5939M) 1667.290ms
[77.526s][info][gc,metaspace] GC(42) Metaspace: 22395K(22848K)->22395K(22848K) NonClass: 19866K(20096K)->19866K(20096K) Class: 2529K(2752K)->2529K(2752K)
[77.526s][info][gc          ] GC(42) Pause Full (System.gc()) 770M->770M(5939M) 1612.073ms
[79.193s][info][gc,metaspace] GC(43) Metaspace: 22395K(22848K)->22395K(22848K) NonClass: 19866K(20096K)->19866K(20096K) Class: 2529K(2752K)->2529K(2752K)
[79.193s][info][gc          ] GC(43) Pause Full (System.gc()) 770M->770M(5939M) 1667.158ms
[80.856s][info][gc,metaspace] GC(44) Metaspace: 22395K(22848K)->22395K(22848K) NonClass: 19866K(20096K)->19866K(20096K) Class: 2529K(2752K)->2529K(2752K)
[80.856s][info][gc          ] GC(44) Pause Full (System.gc()) 770M->770M(5939M) 1663.169ms
[82.472s][info][gc,metaspace] GC(45) Metaspace: 22395K(22848K)->22395K(22848K) NonClass: 19866K(20096K)->19866K(20096K) Class: 2529K(2752K)->2529K(2752K)
[82.472s][info][gc          ] GC(45) Pause Full (System.gc()) 770M->770M(5939M) 1616.004ms
[84.135s][info][gc,metaspace] GC(46) Metaspace: 22395K(22848K)->22395K(22848K) NonClass: 19866K(20096K)->19866K(20096K) Class: 2529K(2752K)->2529K(2752K)
[84.135s][info][gc          ] GC(46) Pause Full (System.gc()) 770M->770M(5939M) 1662.833ms
[85.802s][info][gc,metaspace] GC(47) Metaspace: 22395K(22848K)->22395K(22848K) NonClass: 19866K(20096K)->19866K(20096K) Class: 2529K(2752K)->2529K(2752K)
[85.802s][info][gc          ] GC(47) Pause Full (System.gc()) 770M->770M(5939M) 1667.089ms
[87.418s][info][gc,metaspace] GC(48) Metaspace: 22395K(22848K)->22395K(22848K) NonClass: 19866K(20096K)->19866K(20096K) Class: 2529K(2752K)->2529K(2752K)
[87.418s][info][gc          ] GC(48) Pause Full (System.gc()) 770M->770M(5939M) 1615.846ms
[89.081s][info][gc,metaspace] GC(49) Metaspace: 22395K(22848K)->22395K(22848K) NonClass: 19866K(20096K)->19866K(20096K) Class: 2529K(2752K)->2529K(2752K)
[89.081s][info][gc          ] GC(49) Pause Full (System.gc()) 770M->770M(5939M) 1662.868ms
[90.745s][info][gc,metaspace] GC(50) Metaspace: 22395K(22848K)->22395K(22848K) NonClass: 19866K(20096K)->19866K(20096K) Class: 2529K(2752K)->2529K(2752K)
[90.745s][info][gc          ] GC(50) Pause Full (System.gc()) 770M->770M(5939M) 1663.776ms
[92.361s][info][gc,metaspace] GC(51) Metaspace: 22395K(22848K)->22395K(22848K) NonClass: 19866K(20096K)->19866K(20096K) Class: 2529K(2752K)->2529K(2752K)
[92.361s][info][gc          ] GC(51) Pause Full (System.gc()) 770M->770M(5939M) 1616.039ms
[94.029s][info][gc,metaspace] GC(52) Metaspace: 22395K(22848K)->22395K(22848K) NonClass: 19866K(20096K)->19866K(20096K) Class: 2529K(2752K)->2529K(2752K)
[94.029s][info][gc          ] GC(52) Pause Full (System.gc()) 770M->770M(5939M) 1667.428ms
[95.693s][info][gc,metaspace] GC(53) Metaspace: 22395K(22848K)->22395K(22848K) NonClass: 19866K(20096K)->19866K(20096K) Class: 2529K(2752K)->2529K(2752K)
[95.693s][info][gc          ] GC(53) Pause Full (System.gc()) 770M->770M(5939M) 1663.664ms
[97.547s][info][gc,metaspace] GC(54) Metaspace: 22395K(22848K)->22395K(22848K) NonClass: 19866K(20096K)->19866K(20096K) Class: 2529K(2752K)->2529K(2752K)
[97.547s][info][gc          ] GC(54) Pause Full (System.gc()) 770M->770M(5939M) 1854.750ms
[99.210s][info][gc,metaspace] GC(55) Metaspace: 22395K(22848K)->22395K(22848K) NonClass: 19866K(20096K)->19866K(20096K) Class: 2529K(2752K)->2529K(2752K)
[99.211s][info][gc          ] GC(55) Pause Full (System.gc()) 770M->770M(5939M) 1662.885ms
[100.878s][info][gc,metaspace] GC(56) Metaspace: 22395K(22848K)->22395K(22848K) NonClass: 19866K(20096K)->19866K(20096K) Class: 2529K(2752K)->2529K(2752K)
[100.879s][info][gc          ] GC(56) Pause Full (System.gc()) 770M->770M(5939M) 1667.869ms
[102.491s][info][gc,metaspace] GC(57) Metaspace: 22395K(22848K)->22395K(22848K) NonClass: 19866K(20096K)->19866K(20096K) Class: 2529K(2752K)->2529K(2752K)
[102.491s][info][gc          ] GC(57) Pause Full (System.gc()) 770M->770M(5939M) 1612.199ms
[104.158s][info][gc,metaspace] GC(58) Metaspace: 22395K(22848K)->22395K(22848K) NonClass: 19866K(20096K)->19866K(20096K) Class: 2529K(2752K)->2529K(2752K)
[104.158s][info][gc          ] GC(58) Pause Full (System.gc()) 770M->770M(5939M) 1666.747ms
[105.822s][info][gc,metaspace] GC(59) Metaspace: 22395K(22848K)->22395K(22848K) NonClass: 19866K(20096K)->19866K(20096K) Class: 2529K(2752K)->2529K(2752K)
[105.822s][info][gc          ] GC(59) Pause Full (System.gc()) 770M->770M(5939M) 1663.790ms
[107.438s][info][gc,metaspace] GC(60) Metaspace: 22395K(22848K)->22395K(22848K) NonClass: 19866K(20096K)->19866K(20096K) Class: 2529K(2752K)->2529K(2752K)
[107.438s][info][gc          ] GC(60) Pause Full (System.gc()) 770M->770M(5939M) 1616.216ms
[109.101s][info][gc,metaspace] GC(61) Metaspace: 22395K(22848K)->22395K(22848K) NonClass: 19866K(20096K)->19866K(20096K) Class: 2529K(2752K)->2529K(2752K)
[109.101s][info][gc          ] GC(61) Pause Full (System.gc()) 770M->770M(5939M) 1663.243ms
[110.769s][info][gc,metaspace] GC(62) Metaspace: 22395K(22848K)->22395K(22848K) NonClass: 19866K(20096K)->19866K(20096K) Class: 2529K(2752K)->2529K(2752K)
[110.769s][info][gc          ] GC(62) Pause Full (System.gc()) 770M->770M(5939M) 1667.210ms
[112.381s][info][gc,metaspace] GC(63) Metaspace: 22395K(22848K)->22395K(22848K) NonClass: 19866K(20096K)->19866K(20096K) Class: 2529K(2752K)->2529K(2752K)
[112.381s][info][gc          ] GC(63) Pause Full (System.gc()) 770M->770M(5939M) 1612.467ms
[114.048s][info][gc,metaspace] GC(64) Metaspace: 22395K(22848K)->22395K(22848K) NonClass: 19866K(20096K)->19866K(20096K) Class: 2529K(2752K)->2529K(2752K)
[114.048s][info][gc          ] GC(64) Pause Full (System.gc()) 770M->770M(5939M) 1667.158ms
[115.711s][info][gc,metaspace] GC(65) Metaspace: 22395K(22848K)->22395K(22848K) NonClass: 19866K(20096K)->19866K(20096K) Class: 2529K(2752K)->2529K(2752K)
[115.711s][info][gc          ] GC(65) Pause Full (System.gc()) 770M->770M(5939M) 1662.437ms
[117.327s][info][gc,metaspace] GC(66) Metaspace: 22395K(22848K)->22395K(22848K) NonClass: 19866K(20096K)->19866K(20096K) Class: 2529K(2752K)->2529K(2752K)
[117.327s][info][gc          ] GC(66) Pause Full (System.gc()) 770M->770M(5939M) 1615.938ms
[118.989s][info][gc,metaspace] GC(67) Metaspace: 22395K(22848K)->22395K(22848K) NonClass: 19866K(20096K)->19866K(20096K) Class: 2529K(2752K)->2529K(2752K)
[118.989s][info][gc          ] GC(67) Pause Full (System.gc()) 770M->770M(5939M) 1662.199ms
[120.605s][info][gc,metaspace] GC(68) Metaspace: 22395K(22848K)->22395K(22848K) NonClass: 19866K(20096K)->19866K(20096K) Class: 2529K(2752K)->2529K(2752K)
[120.606s][info][gc          ] GC(68) Pause Full (System.gc()) 770M->770M(5939M) 1616.022ms
[122.720s][info][gc,metaspace] GC(69) Metaspace: 22395K(22848K)->22395K(22848K) NonClass: 19866K(20096K)->19866K(20096K) Class: 2529K(2752K)->2529K(2752K)
[122.720s][info][gc          ] GC(69) Pause Full (System.gc()) 770M->770M(5939M) 2062.765ms
[124.336s][info][gc,metaspace] GC(70) Metaspace: 22395K(22848K)->22395K(22848K) NonClass: 19866K(20096K)->19866K(20096K) Class: 2529K(2752K)->2529K(2752K)
[124.336s][info][gc          ] GC(70) Pause Full (System.gc()) 770M->770M(5939M) 1615.812ms
[125.999s][info][gc,metaspace] GC(71) Metaspace: 22395K(22848K)->22395K(22848K) NonClass: 19866K(20096K)->19866K(20096K) Class: 2529K(2752K)->2529K(2752K)
[125.999s][info][gc          ] GC(71) Pause Full (System.gc()) 770M->770M(5939M) 1663.180ms
[127.667s][info][gc,metaspace] GC(72) Metaspace: 22395K(22848K)->22395K(22848K) NonClass: 19866K(20096K)->19866K(20096K) Class: 2529K(2752K)->2529K(2752K)
[127.667s][info][gc          ] GC(72) Pause Full (System.gc()) 770M->770M(5939M) 1667.393ms
[129.882s][info][gc,metaspace] GC(73) Metaspace: 22395K(22848K)->22395K(22848K) NonClass: 19866K(20096K)->19866K(20096K) Class: 2529K(2752K)->2529K(2752K)
[129.882s][info][gc          ] GC(73) Pause Full (System.gc()) 770M->770M(5939M) 2215.343ms
[131.498s][info][gc,metaspace] GC(74) Metaspace: 22395K(22848K)->22395K(22848K) NonClass: 19866K(20096K)->19866K(20096K) Class: 2529K(2752K)->2529K(2752K)
[131.498s][info][gc          ] GC(74) Pause Full (System.gc()) 787M->770M(5939M) 1615.896ms
[133.161s][info][gc,metaspace] GC(75) Metaspace: 22395K(22848K)->22395K(22848K) NonClass: 19866K(20096K)->19866K(20096K) Class: 2529K(2752K)->2529K(2752K)
[133.161s][info][gc          ] GC(75) Pause Full (System.gc()) 770M->770M(5939M) 1662.956ms
[134.829s][info][gc,metaspace] GC(76) Metaspace: 22395K(22848K)->22395K(22848K) NonClass: 19866K(20096K)->19866K(20096K) Class: 2529K(2752K)->2529K(2752K)
[134.829s][info][gc          ] GC(76) Pause Full (System.gc()) 770M->770M(5939M) 1667.354ms
[136.441s][info][gc,metaspace] GC(77) Metaspace: 22395K(22848K)->22395K(22848K) NonClass: 19866K(20096K)->19866K(20096K) Class: 2529K(2752K)->2529K(2752K)
[136.441s][info][gc          ] GC(77) Pause Full (System.gc()) 770M->770M(5939M) 1611.894ms
[138.134s][info][gc,metaspace] GC(78) Metaspace: 22395K(22848K)->22395K(22848K) NonClass: 19866K(20096K)->19866K(20096K) Class: 2529K(2752K)->2529K(2752K)
[138.134s][info][gc          ] GC(78) Pause Full (System.gc()) 770M->770M(5939M) 1692.622ms
[139.797s][info][gc,metaspace] GC(79) Metaspace: 22395K(22848K)->22395K(22848K) NonClass: 19866K(20096K)->19866K(20096K) Class: 2529K(2752K)->2529K(2752K)
[139.797s][info][gc          ] GC(79) Pause Full (System.gc()) 770M->770M(5939M) 1663.047ms
[141.413s][info][gc,metaspace] GC(80) Metaspace: 22395K(22848K)->22395K(22848K) NonClass: 19866K(20096K)->19866K(20096K) Class: 2529K(2752K)->2529K(2752K)
[141.413s][info][gc          ] GC(80) Pause Full (System.gc()) 770M->770M(5939M) 1615.938ms
[143.077s][info][gc,metaspace] GC(81) Metaspace: 22395K(22848K)->22395K(22848K) NonClass: 19866K(20096K)->19866K(20096K) Class: 2529K(2752K)->2529K(2752K)
[143.077s][info][gc          ] GC(81) Pause Full (System.gc()) 770M->770M(5939M) 1663.997ms
[144.744s][info][gc,metaspace] GC(82) Metaspace: 22395K(22848K)->22395K(22848K) NonClass: 19866K(20096K)->19866K(20096K) Class: 2529K(2752K)->2529K(2752K)
[144.744s][info][gc          ] GC(82) Pause Full (System.gc()) 770M->770M(5939M) 1667.450ms
[146.357s][info][gc,metaspace] GC(83) Metaspace: 22395K(22848K)->22395K(22848K) NonClass: 19866K(20096K)->19866K(20096K) Class: 2529K(2752K)->2529K(2752K)
[146.357s][info][gc          ] GC(83) Pause Full (System.gc()) 770M->770M(5939M) 1612.300ms
[148.024s][info][gc,metaspace] GC(84) Metaspace: 22395K(22848K)->22395K(22848K) NonClass: 19866K(20096K)->19866K(20096K) Class: 2529K(2752K)->2529K(2752K)
[148.024s][info][gc          ] GC(84) Pause Full (System.gc()) 770M->770M(5939M) 1667.457ms
[149.687s][info][gc,metaspace] GC(85) Metaspace: 22395K(22848K)->22395K(22848K) NonClass: 19866K(20096K)->19866K(20096K) Class: 2529K(2752K)->2529K(2752K)
[149.687s][info][gc          ] GC(85) Pause Full (System.gc()) 770M->770M(5939M) 1662.322ms
[151.303s][info][gc,metaspace] GC(86) Metaspace: 22395K(22848K)->22395K(22848K) NonClass: 19866K(20096K)->19866K(20096K) Class: 2529K(2752K)->2529K(2752K)
[151.303s][info][gc          ] GC(86) Pause Full (System.gc()) 770M->770M(5939M) 1615.918ms
[152.966s][info][gc,metaspace] GC(87) Metaspace: 22395K(22848K)->22395K(22848K) NonClass: 19866K(20096K)->19866K(20096K) Class: 2529K(2752K)->2529K(2752K)
[152.966s][info][gc          ] GC(87) Pause Full (System.gc()) 770M->770M(5939M) 1663.228ms
[154.582s][info][gc,metaspace] GC(88) Metaspace: 22395K(22848K)->22395K(22848K) NonClass: 19866K(20096K)->19866K(20096K) Class: 2529K(2752K)->2529K(2752K)
[154.582s][info][gc          ] GC(88) Pause Full (System.gc()) 770M->770M(5939M) 1615.783ms
[156.249s][info][gc,metaspace] GC(89) Metaspace: 22395K(22848K)->22395K(22848K) NonClass: 19866K(20096K)->19866K(20096K) Class: 2529K(2752K)->2529K(2752K)
[156.249s][info][gc          ] GC(89) Pause Full (System.gc()) 770M->770M(5939M) 1667.124ms
[157.917s][info][gc,metaspace] GC(90) Metaspace: 22395K(22848K)->22395K(22848K) NonClass: 19866K(20096K)->19866K(20096K) Class: 2529K(2752K)->2529K(2752K)
[157.917s][info][gc          ] GC(90) Pause Full (System.gc()) 770M->770M(5939M) 1667.234ms
[159.533s][info][gc,metaspace] GC(91) Metaspace: 22395K(22848K)->22395K(22848K) NonClass: 19866K(20096K)->19866K(20096K) Class: 2529K(2752K)->2529K(2752K)
[159.533s][info][gc          ] GC(91) Pause Full (System.gc()) 770M->770M(5939M) 1615.830ms
[161.196s][info][gc,metaspace] GC(92) Metaspace: 22395K(22848K)->22395K(22848K) NonClass: 19866K(20096K)->19866K(20096K) Class: 2529K(2752K)->2529K(2752K)
[161.196s][info][gc          ] GC(92) Pause Full (System.gc()) 770M->770M(5939M) 1663.374ms
[162.859s][info][gc,metaspace] GC(93) Metaspace: 22395K(22848K)->22395K(22848K) NonClass: 19866K(20096K)->19866K(20096K) Class: 2529K(2752K)->2529K(2752K)
[162.859s][info][gc          ] GC(93) Pause Full (System.gc()) 770M->770M(5939M) 1662.345ms
[164.475s][info][gc,metaspace] GC(94) Metaspace: 22395K(22848K)->22395K(22848K) NonClass: 19866K(20096K)->19866K(20096K) Class: 2529K(2752K)->2529K(2752K)
[164.475s][info][gc          ] GC(94) Pause Full (System.gc()) 770M->770M(5939M) 1615.793ms
[166.138s][info][gc,metaspace] GC(95) Metaspace: 22395K(22848K)->22395K(22848K) NonClass: 19866K(20096K)->19866K(20096K) Class: 2529K(2752K)->2529K(2752K)
[166.138s][info][gc          ] GC(95) Pause Full (System.gc()) 770M->770M(5939M) 1663.035ms
[167.805s][info][gc,metaspace] GC(96) Metaspace: 22395K(22848K)->22395K(22848K) NonClass: 19866K(20096K)->19866K(20096K) Class: 2529K(2752K)->2529K(2752K)
[167.805s][info][gc          ] GC(96) Pause Full (System.gc()) 770M->770M(5939M) 1667.411ms
[169.421s][info][gc,metaspace] GC(97) Metaspace: 22395K(22848K)->22395K(22848K) NonClass: 19866K(20096K)->19866K(20096K) Class: 2529K(2752K)->2529K(2752K)
[169.421s][info][gc          ] GC(97) Pause Full (System.gc()) 770M->770M(5939M) 1615.364ms
[171.088s][info][gc,metaspace] GC(98) Metaspace: 22395K(22848K)->22395K(22848K) NonClass: 19866K(20096K)->19866K(20096K) Class: 2529K(2752K)->2529K(2752K)
[171.088s][info][gc          ] GC(98) Pause Full (System.gc()) 770M->770M(5939M) 1667.468ms
[172.751s][info][gc,metaspace] GC(99) Metaspace: 22395K(22848K)->22395K(22848K) NonClass: 19866K(20096K)->19866K(20096K) Class: 2529K(2752K)->2529K(2752K)
[172.751s][info][gc          ] GC(99) Pause Full (System.gc()) 770M->770M(5939M) 1662.985ms
[174.367s][info][gc,metaspace] GC(100) Metaspace: 22395K(22848K)->22395K(22848K) NonClass: 19866K(20096K)->19866K(20096K) Class: 2529K(2752K)->2529K(2752K)
[174.367s][info][gc          ] GC(100) Pause Full (System.gc()) 770M->770M(5939M) 1615.811ms
After GCs... 
