Done; will start GCs... 
[8.388s][info][gc,metaspace] GC(1) Metaspace: 22043K(22400K)->22043K(22400K) NonClass: 18228K(18432K)->18228K(18432K) Class: 3814K(3968K)->3814K(3968K)
[8.388s][info][gc          ] GC(1) Pause Full (System.gc()) 881M->770M(5939M) 3132.749ms
[10.381s][info][gc,metaspace] GC(2) Metaspace: 22043K(22400K)->22043K(22400K) NonClass: 18228K(18432K)->18228K(18432K) Class: 3814K(3968K)->3814K(3968K)
[10.381s][info][gc          ] GC(2) Pause Full (System.gc()) 770M->770M(5939M) 1992.655ms
[13.061s][info][gc,metaspace] GC(3) Metaspace: 22043K(22400K)->22043K(22400K) NonClass: 18228K(18432K)->18228K(18432K) Class: 3814K(3968K)->3814K(3968K)
[13.061s][info][gc          ] GC(3) Pause Full (System.gc()) 770M->770M(5939M) 2679.820ms
[15.057s][info][gc,metaspace] GC(4) Metaspace: 22043K(22400K)->22043K(22400K) NonClass: 18228K(18432K)->18228K(18432K) Class: 3814K(3968K)->3814K(3968K)
[15.057s][info][gc          ] GC(4) Pause Full (System.gc()) 770M->770M(5939M) 1996.119ms
[17.048s][info][gc,metaspace] GC(5) Metaspace: 22043K(22400K)->22043K(22400K) NonClass: 18228K(18432K)->18228K(18432K) Class: 3814K(3968K)->3814K(3968K)
[17.048s][info][gc          ] GC(5) Pause Full (System.gc()) 770M->770M(5939M) 1991.059ms
[19.041s][info][gc,metaspace] GC(6) Metaspace: 22043K(22400K)->22043K(22400K) NonClass: 18228K(18432K)->18228K(18432K) Class: 3814K(3968K)->3814K(3968K)
[19.041s][info][gc          ] GC(6) Pause Full (System.gc()) 770M->770M(5939M) 1992.867ms
[21.038s][info][gc,metaspace] GC(7) Metaspace: 22043K(22400K)->22043K(22400K) NonClass: 18228K(18432K)->18228K(18432K) Class: 3814K(3968K)->3814K(3968K)
[21.038s][info][gc          ] GC(7) Pause Full (System.gc()) 770M->770M(5939M) 1997.047ms
[23.030s][info][gc,metaspace] GC(8) Metaspace: 22043K(22400K)->22043K(22400K) NonClass: 18228K(18432K)->18228K(18432K) Class: 3814K(3968K)->3814K(3968K)
[23.030s][info][gc          ] GC(8) Pause Full (System.gc()) 770M->770M(5939M) 1991.837ms
[25.026s][info][gc,metaspace] GC(9) Metaspace: 22043K(22400K)->22043K(22400K) NonClass: 18228K(18432K)->18228K(18432K) Class: 3814K(3968K)->3814K(3968K)
[25.026s][info][gc          ] GC(9) Pause Full (System.gc()) 770M->770M(5939M) 1995.536ms
[27.042s][info][gc,metaspace] GC(10) Metaspace: 22043K(22400K)->22043K(22400K) NonClass: 18228K(18432K)->18228K(18432K) Class: 3814K(3968K)->3814K(3968K)
[27.043s][info][gc          ] GC(10) Pause Full (System.gc()) 770M->770M(5939M) 2016.346ms
[29.039s][info][gc,metaspace] GC(11) Metaspace: 22043K(22400K)->22043K(22400K) NonClass: 18228K(18432K)->18228K(18432K) Class: 3814K(3968K)->3814K(3968K)
[29.039s][info][gc          ] GC(11) Pause Full (System.gc()) 770M->770M(5939M) 1996.300ms
[31.032s][info][gc,metaspace] GC(12) Metaspace: 22043K(22400K)->22043K(22400K) NonClass: 18228K(18432K)->18228K(18432K) Class: 3814K(3968K)->3814K(3968K)
[31.032s][info][gc          ] GC(12) Pause Full (System.gc()) 770M->770M(5939M) 1992.705ms
[33.028s][info][gc,metaspace] GC(13) Metaspace: 22043K(22400K)->22043K(22400K) NonClass: 18228K(18432K)->18228K(18432K) Class: 3814K(3968K)->3814K(3968K)
[33.028s][info][gc          ] GC(13) Pause Full (System.gc()) 770M->770M(5939M) 1995.788ms
[35.020s][info][gc,metaspace] GC(14) Metaspace: 22043K(22400K)->22043K(22400K) NonClass: 18228K(18432K)->18228K(18432K) Class: 3814K(3968K)->3814K(3968K)
[35.020s][info][gc          ] GC(14) Pause Full (System.gc()) 770M->770M(5939M) 1992.090ms
[37.012s][info][gc,metaspace] GC(15) Metaspace: 22043K(22400K)->22043K(22400K) NonClass: 18228K(18432K)->18228K(18432K) Class: 3814K(3968K)->3814K(3968K)
[37.012s][info][gc          ] GC(15) Pause Full (System.gc()) 770M->770M(5939M) 1991.757ms
[39.008s][info][gc,metaspace] GC(16) Metaspace: 22043K(22400K)->22043K(22400K) NonClass: 18228K(18432K)->18228K(18432K) Class: 3814K(3968K)->3814K(3968K)
[39.008s][info][gc          ] GC(16) Pause Full (System.gc()) 770M->770M(5939M) 1996.363ms
[41.000s][info][gc,metaspace] GC(17) Metaspace: 22043K(22400K)->22043K(22400K) NonClass: 18228K(18432K)->18228K(18432K) Class: 3814K(3968K)->3814K(3968K)
[41.000s][info][gc          ] GC(17) Pause Full (System.gc()) 770M->770M(5939M) 1991.902ms
[42.997s][info][gc,metaspace] GC(18) Metaspace: 22043K(22400K)->22043K(22400K) NonClass: 18228K(18432K)->18228K(18432K) Class: 3814K(3968K)->3814K(3968K)
[42.997s][info][gc          ] GC(18) Pause Full (System.gc()) 770M->770M(5939M) 1996.284ms
[44.989s][info][gc,metaspace] GC(19) Metaspace: 22043K(22400K)->22043K(22400K) NonClass: 18228K(18432K)->18228K(18432K) Class: 3814K(3968K)->3814K(3968K)
[44.989s][info][gc          ] GC(19) Pause Full (System.gc()) 770M->770M(5939M) 1992.567ms
[46.981s][info][gc,metaspace] GC(20) Metaspace: 22043K(22400K)->22043K(22400K) NonClass: 18228K(18432K)->18228K(18432K) Class: 3814K(3968K)->3814K(3968K)
[46.982s][info][gc          ] GC(20) Pause Full (System.gc()) 770M->770M(5939M) 1992.126ms
[48.978s][info][gc,metaspace] GC(21) Metaspace: 22043K(22400K)->22043K(22400K) NonClass: 18228K(18432K)->18228K(18432K) Class: 3814K(3968K)->3814K(3968K)
[48.978s][info][gc          ] GC(21) Pause Full (System.gc()) 770M->770M(5939M) 1996.535ms
[50.970s][info][gc,metaspace] GC(22) Metaspace: 22043K(22400K)->22043K(22400K) NonClass: 18228K(18432K)->18228K(18432K) Class: 3814K(3968K)->3814K(3968K)
[50.970s][info][gc          ] GC(22) Pause Full (System.gc()) 770M->770M(5939M) 1992.197ms
[52.966s][info][gc,metaspace] GC(23) Metaspace: 22043K(22400K)->22043K(22400K) NonClass: 18228K(18432K)->18228K(18432K) Class: 3814K(3968K)->3814K(3968K)
[52.967s][info][gc          ] GC(23) Pause Full (System.gc()) 770M->770M(5939M) 1995.923ms
[54.959s][info][gc,metaspace] GC(24) Metaspace: 22043K(22400K)->22043K(22400K) NonClass: 18228K(18432K)->18228K(18432K) Class: 3814K(3968K)->3814K(3968K)
[54.959s][info][gc          ] GC(24) Pause Full (System.gc()) 770M->770M(5939M) 1992.058ms
[56.955s][info][gc,metaspace] GC(25) Metaspace: 22043K(22400K)->22043K(22400K) NonClass: 18228K(18432K)->18228K(18432K) Class: 3814K(3968K)->3814K(3968K)
[56.955s][info][gc          ] GC(25) Pause Full (System.gc()) 770M->770M(5939M) 1996.152ms
[58.947s][info][gc,metaspace] GC(26) Metaspace: 22043K(22400K)->22043K(22400K) NonClass: 18228K(18432K)->18228K(18432K) Class: 3814K(3968K)->3814K(3968K)
[58.947s][info][gc          ] GC(26) Pause Full (System.gc()) 770M->770M(5939M) 1992.206ms
[60.940s][info][gc,metaspace] GC(27) Metaspace: 22043K(22400K)->22043K(22400K) NonClass: 18228K(18432K)->18228K(18432K) Class: 3814K(3968K)->3814K(3968K)
[60.940s][info][gc          ] GC(27) Pause Full (System.gc()) 770M->770M(5939M) 1993.086ms
[62.937s][info][gc,metaspace] GC(28) Metaspace: 22043K(22400K)->22043K(22400K) NonClass: 18228K(18432K)->18228K(18432K) Class: 3814K(3968K)->3814K(3968K)
[62.937s][info][gc          ] GC(28) Pause Full (System.gc()) 770M->770M(5939M) 1996.718ms
[64.930s][info][gc,metaspace] GC(29) Metaspace: 22043K(22400K)->22043K(22400K) NonClass: 18228K(18432K)->18228K(18432K) Class: 3814K(3968K)->3814K(3968K)
[64.930s][info][gc          ] GC(29) Pause Full (System.gc()) 770M->770M(5939M) 1992.447ms
[66.927s][info][gc,metaspace] GC(30) Metaspace: 22043K(22400K)->22043K(22400K) NonClass: 18228K(18432K)->18228K(18432K) Class: 3814K(3968K)->3814K(3968K)
[66.927s][info][gc          ] GC(30) Pause Full (System.gc()) 770M->770M(5939M) 1996.631ms
[69.565s][info][gc,metaspace] GC(31) Metaspace: 22043K(22400K)->22043K(22400K) NonClass: 18228K(18432K)->18228K(18432K) Class: 3814K(3968K)->3814K(3968K)
[69.565s][info][gc          ] GC(31) Pause Full (System.gc()) 770M->770M(5939M) 2638.187ms
[71.555s][info][gc,metaspace] GC(32) Metaspace: 22043K(22400K)->22043K(22400K) NonClass: 18228K(18432K)->18228K(18432K) Class: 3814K(3968K)->3814K(3968K)
[71.555s][info][gc          ] GC(32) Pause Full (System.gc()) 787M->770M(5939M) 1989.895ms
[73.550s][info][gc,metaspace] GC(33) Metaspace: 22043K(22400K)->22043K(22400K) NonClass: 18228K(18432K)->18228K(18432K) Class: 3814K(3968K)->3814K(3968K)
[73.550s][info][gc          ] GC(33) Pause Full (System.gc()) 770M->770M(5939M) 1994.897ms
[75.542s][info][gc,metaspace] GC(34) Metaspace: 22043K(22400K)->22043K(22400K) NonClass: 18228K(18432K)->18228K(18432K) Class: 3814K(3968K)->3814K(3968K)
[75.542s][info][gc          ] GC(34) Pause Full (System.gc()) 770M->770M(5939M) 1991.827ms
[77.538s][info][gc,metaspace] GC(35) Metaspace: 22043K(22400K)->22043K(22400K) NonClass: 18228K(18432K)->18228K(18432K) Class: 3814K(3968K)->3814K(3968K)
[77.538s][info][gc          ] GC(35) Pause Full (System.gc()) 770M->770M(5939M) 1995.772ms
[79.530s][info][gc,metaspace] GC(36) Metaspace: 22043K(22400K)->22043K(22400K) NonClass: 18228K(18432K)->18228K(18432K) Class: 3814K(3968K)->3814K(3968K)
[79.530s][info][gc          ] GC(36) Pause Full (System.gc()) 770M->770M(5939M) 1991.916ms
[81.521s][info][gc,metaspace] GC(37) Metaspace: 22043K(22400K)->22043K(22400K) NonClass: 18228K(18432K)->18228K(18432K) Class: 3814K(3968K)->3814K(3968K)
[81.521s][info][gc          ] GC(37) Pause Full (System.gc()) 770M->770M(5939M) 1991.148ms
[83.517s][info][gc,metaspace] GC(38) Metaspace: 22043K(22400K)->22043K(22400K) NonClass: 18228K(18432K)->18228K(18432K) Class: 3814K(3968K)->3814K(3968K)
[83.517s][info][gc          ] GC(38) Pause Full (System.gc()) 770M->770M(5939M) 1991.355ms
[85.509s][info][gc,metaspace] GC(39) Metaspace: 22043K(22400K)->22043K(22400K) NonClass: 18228K(18432K)->18228K(18432K) Class: 3814K(3968K)->3814K(3968K)
[85.509s][info][gc          ] GC(39) Pause Full (System.gc()) 770M->770M(5939M) 1991.908ms
[87.505s][info][gc,metaspace] GC(40) Metaspace: 22043K(22400K)->22043K(22400K) NonClass: 18228K(18432K)->18228K(18432K) Class: 3814K(3968K)->3814K(3968K)
[87.505s][info][gc          ] GC(40) Pause Full (System.gc()) 770M->770M(5939M) 1995.687ms
[89.735s][info][gc,metaspace] GC(41) Metaspace: 22043K(22400K)->22043K(22400K) NonClass: 18228K(18432K)->18228K(18432K) Class: 3814K(3968K)->3814K(3968K)
[89.735s][info][gc          ] GC(41) Pause Full (System.gc()) 770M->770M(5939M) 2230.009ms
[91.726s][info][gc,metaspace] GC(42) Metaspace: 22043K(22400K)->22043K(22400K) NonClass: 18228K(18432K)->18228K(18432K) Class: 3814K(3968K)->3814K(3968K)
[91.726s][info][gc          ] GC(42) Pause Full (System.gc()) 770M->770M(5939M) 1991.101ms
[93.724s][info][gc,metaspace] GC(43) Metaspace: 22043K(22400K)->22043K(22400K) NonClass: 18228K(18432K)->18228K(18432K) Class: 3814K(3968K)->3814K(3968K)
[93.724s][info][gc          ] GC(43) Pause Full (System.gc()) 770M->770M(5939M) 1997.622ms
[95.716s][info][gc,metaspace] GC(44) Metaspace: 22043K(22400K)->22043K(22400K) NonClass: 18228K(18432K)->18228K(18432K) Class: 3814K(3968K)->3814K(3968K)
[95.716s][info][gc          ] GC(44) Pause Full (System.gc()) 770M->770M(5939M) 1991.998ms
[97.712s][info][gc,metaspace] GC(45) Metaspace: 22043K(22400K)->22043K(22400K) NonClass: 18228K(18432K)->18228K(18432K) Class: 3814K(3968K)->3814K(3968K)
[97.712s][info][gc          ] GC(45) Pause Full (System.gc()) 770M->770M(5939M) 1995.540ms
[99.703s][info][gc,metaspace] GC(46) Metaspace: 22043K(22400K)->22043K(22400K) NonClass: 18228K(18432K)->18228K(18432K) Class: 3814K(3968K)->3814K(3968K)
[99.704s][info][gc          ] GC(46) Pause Full (System.gc()) 770M->770M(5939M) 1991.883ms
[101.698s][info][gc,metaspace] GC(47) Metaspace: 22043K(22400K)->22043K(22400K) NonClass: 18228K(18432K)->18228K(18432K) Class: 3814K(3968K)->3814K(3968K)
[101.699s][info][gc          ] GC(47) Pause Full (System.gc()) 770M->770M(5939M) 1994.792ms
[103.690s][info][gc,metaspace] GC(48) Metaspace: 22043K(22400K)->22043K(22400K) NonClass: 18228K(18432K)->18228K(18432K) Class: 3814K(3968K)->3814K(3968K)
[103.690s][info][gc          ] GC(48) Pause Full (System.gc()) 770M->770M(5939M) 1991.735ms
[105.683s][info][gc,metaspace] GC(49) Metaspace: 22043K(22400K)->22043K(22400K) NonClass: 18228K(18432K)->18228K(18432K) Class: 3814K(3968K)->3814K(3968K)
[105.683s][info][gc          ] GC(49) Pause Full (System.gc()) 770M->770M(5939M) 1992.379ms
[107.678s][info][gc,metaspace] GC(50) Metaspace: 22043K(22400K)->22043K(22400K) NonClass: 18228K(18432K)->18228K(18432K) Class: 3814K(3968K)->3814K(3968K)
[107.678s][info][gc          ] GC(50) Pause Full (System.gc()) 770M->770M(5939M) 1995.097ms
[109.670s][info][gc,metaspace] GC(51) Metaspace: 22043K(22400K)->22043K(22400K) NonClass: 18228K(18432K)->18228K(18432K) Class: 3814K(3968K)->3814K(3968K)
[109.670s][info][gc          ] GC(51) Pause Full (System.gc()) 770M->770M(5939M) 1992.018ms
[111.664s][info][gc,metaspace] GC(52) Metaspace: 22043K(22400K)->22043K(22400K) NonClass: 18228K(18432K)->18228K(18432K) Class: 3814K(3968K)->3814K(3968K)
[111.665s][info][gc          ] GC(52) Pause Full (System.gc()) 770M->770M(5939M) 1994.245ms
[113.656s][info][gc,metaspace] GC(53) Metaspace: 22043K(22400K)->22043K(22400K) NonClass: 18228K(18432K)->18228K(18432K) Class: 3814K(3968K)->3814K(3968K)
[113.656s][info][gc          ] GC(53) Pause Full (System.gc()) 770M->770M(5939M) 1991.730ms
[115.652s][info][gc,metaspace] GC(54) Metaspace: 22043K(22400K)->22043K(22400K) NonClass: 18228K(18432K)->18228K(18432K) Class: 3814K(3968K)->3814K(3968K)
[115.652s][info][gc          ] GC(54) Pause Full (System.gc()) 770M->770M(5939M) 1995.943ms
[117.644s][info][gc,metaspace] GC(55) Metaspace: 22043K(22400K)->22043K(22400K) NonClass: 18228K(18432K)->18228K(18432K) Class: 3814K(3968K)->3814K(3968K)
[117.646s][info][gc          ] GC(55) Pause Full (System.gc()) 770M->770M(5939M) 1993.249ms
[119.637s][info][gc,metaspace] GC(56) Metaspace: 22043K(22400K)->22043K(22400K) NonClass: 18228K(18432K)->18228K(18432K) Class: 3814K(3968K)->3814K(3968K)
[119.637s][info][gc          ] GC(56) Pause Full (System.gc()) 770M->770M(5939M) 1991.472ms
[121.631s][info][gc,metaspace] GC(57) Metaspace: 22043K(22400K)->22043K(22400K) NonClass: 18228K(18432K)->18228K(18432K) Class: 3814K(3968K)->3814K(3968K)
[121.631s][info][gc          ] GC(57) Pause Full (System.gc()) 770M->770M(5939M) 1993.507ms
[123.626s][info][gc,metaspace] GC(58) Metaspace: 22043K(22400K)->22043K(22400K) NonClass: 18228K(18432K)->18228K(18432K) Class: 3814K(3968K)->3814K(3968K)
[123.626s][info][gc          ] GC(58) Pause Full (System.gc()) 770M->770M(5939M) 1995.287ms
[125.617s][info][gc,metaspace] GC(59) Metaspace: 22043K(22400K)->22043K(22400K) NonClass: 18228K(18432K)->18228K(18432K) Class: 3814K(3968K)->3814K(3968K)
[125.617s][info][gc          ] GC(59) Pause Full (System.gc()) 770M->770M(5939M) 1990.800ms
[127.613s][info][gc,metaspace] GC(60) Metaspace: 22043K(22400K)->22043K(22400K) NonClass: 18228K(18432K)->18228K(18432K) Class: 3814K(3968K)->3814K(3968K)
[127.613s][info][gc          ] GC(60) Pause Full (System.gc()) 770M->770M(5939M) 1995.537ms
[129.604s][info][gc,metaspace] GC(61) Metaspace: 22043K(22400K)->22043K(22400K) NonClass: 18228K(18432K)->18228K(18432K) Class: 3814K(3968K)->3814K(3968K)
[129.604s][info][gc          ] GC(61) Pause Full (System.gc()) 770M->770M(5939M) 1991.061ms
[131.599s][info][gc,metaspace] GC(62) Metaspace: 22043K(22400K)->22043K(22400K) NonClass: 18228K(18432K)->18228K(18432K) Class: 3814K(3968K)->3814K(3968K)
[131.599s][info][gc          ] GC(62) Pause Full (System.gc()) 770M->770M(5939M) 1994.628ms
[133.591s][info][gc,metaspace] GC(63) Metaspace: 22043K(22400K)->22043K(22400K) NonClass: 18228K(18432K)->18228K(18432K) Class: 3814K(3968K)->3814K(3968K)
[133.591s][info][gc          ] GC(63) Pause Full (System.gc()) 770M->770M(5939M) 1991.941ms
[135.582s][info][gc,metaspace] GC(64) Metaspace: 22043K(22400K)->22043K(22400K) NonClass: 18228K(18432K)->18228K(18432K) Class: 3814K(3968K)->3814K(3968K)
[135.582s][info][gc          ] GC(64) Pause Full (System.gc()) 770M->770M(5939M) 1991.351ms
[137.578s][info][gc,metaspace] GC(65) Metaspace: 22043K(22400K)->22043K(22400K) NonClass: 18228K(18432K)->18228K(18432K) Class: 3814K(3968K)->3814K(3968K)
[137.578s][info][gc          ] GC(65) Pause Full (System.gc()) 787M->770M(5939M) 1995.411ms
[139.570s][info][gc,metaspace] GC(66) Metaspace: 22043K(22400K)->22043K(22400K) NonClass: 18228K(18432K)->18228K(18432K) Class: 3814K(3968K)->3814K(3968K)
[139.570s][info][gc          ] GC(66) Pause Full (System.gc()) 770M->770M(5939M) 1991.504ms
[141.566s][info][gc,metaspace] GC(67) Metaspace: 22043K(22400K)->22043K(22400K) NonClass: 18228K(18432K)->18228K(18432K) Class: 3814K(3968K)->3814K(3968K)
[141.566s][info][gc          ] GC(67) Pause Full (System.gc()) 770M->770M(5939M) 1995.867ms
[143.557s][info][gc,metaspace] GC(68) Metaspace: 22043K(22400K)->22043K(22400K) NonClass: 18228K(18432K)->18228K(18432K) Class: 3814K(3968K)->3814K(3968K)
[143.557s][info][gc          ] GC(68) Pause Full (System.gc()) 770M->770M(5939M) 1991.366ms
[145.553s][info][gc,metaspace] GC(69) Metaspace: 22043K(22400K)->22043K(22400K) NonClass: 18228K(18432K)->18228K(18432K) Class: 3814K(3968K)->3814K(3968K)
[145.553s][info][gc          ] GC(69) Pause Full (System.gc()) 770M->770M(5939M) 1995.480ms
[147.544s][info][gc,metaspace] GC(70) Metaspace: 22043K(22400K)->22043K(22400K) NonClass: 18228K(18432K)->18228K(18432K) Class: 3814K(3968K)->3814K(3968K)
[147.544s][info][gc          ] GC(70) Pause Full (System.gc()) 770M->770M(5939M) 1991.225ms
[149.536s][info][gc,metaspace] GC(71) Metaspace: 22043K(22400K)->22043K(22400K) NonClass: 18228K(18432K)->18228K(18432K) Class: 3814K(3968K)->3814K(3968K)
[149.536s][info][gc          ] GC(71) Pause Full (System.gc()) 770M->770M(5939M) 1987.910ms
[151.532s][info][gc,metaspace] GC(72) Metaspace: 22043K(22400K)->22043K(22400K) NonClass: 18228K(18432K)->18228K(18432K) Class: 3814K(3968K)->3814K(3968K)
[151.532s][info][gc          ] GC(72) Pause Full (System.gc()) 770M->770M(5939M) 1995.500ms
[153.524s][info][gc,metaspace] GC(73) Metaspace: 22043K(22400K)->22043K(22400K) NonClass: 18228K(18432K)->18228K(18432K) Class: 3814K(3968K)->3814K(3968K)
[153.524s][info][gc          ] GC(73) Pause Full (System.gc()) 770M->770M(5939M) 1992.144ms
[155.519s][info][gc,metaspace] GC(74) Metaspace: 22043K(22400K)->22043K(22400K) NonClass: 18228K(18432K)->18228K(18432K) Class: 3814K(3968K)->3814K(3968K)
[155.519s][info][gc          ] GC(74) Pause Full (System.gc()) 770M->770M(5939M) 1995.024ms
[157.511s][info][gc,metaspace] GC(75) Metaspace: 22043K(22400K)->22043K(22400K) NonClass: 18228K(18432K)->18228K(18432K) Class: 3814K(3968K)->3814K(3968K)
[157.511s][info][gc          ] GC(75) Pause Full (System.gc()) 770M->770M(5939M) 1991.168ms
[159.503s][info][gc,metaspace] GC(76) Metaspace: 22043K(22400K)->22043K(22400K) NonClass: 18228K(18432K)->18228K(18432K) Class: 3814K(3968K)->3814K(3968K)
[159.503s][info][gc          ] GC(76) Pause Full (System.gc()) 770M->770M(5939M) 1992.026ms
[161.737s][info][gc,metaspace] GC(77) Metaspace: 22043K(22400K)->22043K(22400K) NonClass: 18228K(18432K)->18228K(18432K) Class: 3814K(3968K)->3814K(3968K)
[161.737s][info][gc          ] GC(77) Pause Full (System.gc()) 770M->770M(5939M) 2233.991ms
[163.728s][info][gc,metaspace] GC(78) Metaspace: 22043K(22400K)->22043K(22400K) NonClass: 18228K(18432K)->18228K(18432K) Class: 3814K(3968K)->3814K(3968K)
[163.728s][info][gc          ] GC(78) Pause Full (System.gc()) 770M->770M(5939M) 1990.855ms
[165.723s][info][gc,metaspace] GC(79) Metaspace: 22043K(22400K)->22043K(22400K) NonClass: 18228K(18432K)->18228K(18432K) Class: 3814K(3968K)->3814K(3968K)
[165.723s][info][gc          ] GC(79) Pause Full (System.gc()) 770M->770M(5939M) 1995.469ms
[167.715s][info][gc,metaspace] GC(80) Metaspace: 22043K(22400K)->22043K(22400K) NonClass: 18228K(18432K)->18228K(18432K) Class: 3814K(3968K)->3814K(3968K)
[167.715s][info][gc          ] GC(80) Pause Full (System.gc()) 770M->770M(5939M) 1991.905ms
[169.712s][info][gc,metaspace] GC(81) Metaspace: 22043K(22400K)->22043K(22400K) NonClass: 18228K(18432K)->18228K(18432K) Class: 3814K(3968K)->3814K(3968K)
[169.712s][info][gc          ] GC(81) Pause Full (System.gc()) 770M->770M(5939M) 1996.051ms
[171.702s][info][gc,metaspace] GC(82) Metaspace: 22043K(22400K)->22043K(22400K) NonClass: 18228K(18432K)->18228K(18432K) Class: 3814K(3968K)->3814K(3968K)
[171.702s][info][gc          ] GC(82) Pause Full (System.gc()) 770M->770M(5939M) 1990.155ms
[173.692s][info][gc,metaspace] GC(83) Metaspace: 22043K(22400K)->22043K(22400K) NonClass: 18228K(18432K)->18228K(18432K) Class: 3814K(3968K)->3814K(3968K)
[173.692s][info][gc          ] GC(83) Pause Full (System.gc()) 770M->770M(5939M) 1990.339ms
[175.689s][info][gc,metaspace] GC(84) Metaspace: 22043K(22400K)->22043K(22400K) NonClass: 18228K(18432K)->18228K(18432K) Class: 3814K(3968K)->3814K(3968K)
[175.689s][info][gc          ] GC(84) Pause Full (System.gc()) 770M->770M(5939M) 1996.769ms
[177.680s][info][gc,metaspace] GC(85) Metaspace: 22043K(22400K)->22043K(22400K) NonClass: 18228K(18432K)->18228K(18432K) Class: 3814K(3968K)->3814K(3968K)
[177.680s][info][gc          ] GC(85) Pause Full (System.gc()) 770M->770M(5939M) 1990.711ms
[179.678s][info][gc,metaspace] GC(86) Metaspace: 22043K(22400K)->22043K(22400K) NonClass: 18228K(18432K)->18228K(18432K) Class: 3814K(3968K)->3814K(3968K)
[179.678s][info][gc          ] GC(86) Pause Full (System.gc()) 770M->770M(5939M) 1997.515ms
[181.672s][info][gc,metaspace] GC(87) Metaspace: 22043K(22400K)->22043K(22400K) NonClass: 18228K(18432K)->18228K(18432K) Class: 3814K(3968K)->3814K(3968K)
[181.672s][info][gc          ] GC(87) Pause Full (System.gc()) 770M->770M(5939M) 1993.992ms
[183.664s][info][gc,metaspace] GC(88) Metaspace: 22043K(22400K)->22043K(22400K) NonClass: 18228K(18432K)->18228K(18432K) Class: 3814K(3968K)->3814K(3968K)
[183.664s][info][gc          ] GC(88) Pause Full (System.gc()) 770M->770M(5939M) 1992.217ms
[185.660s][info][gc,metaspace] GC(89) Metaspace: 22043K(22400K)->22043K(22400K) NonClass: 18228K(18432K)->18228K(18432K) Class: 3814K(3968K)->3814K(3968K)
[185.660s][info][gc          ] GC(89) Pause Full (System.gc()) 770M->770M(5939M) 1995.476ms
[187.651s][info][gc,metaspace] GC(90) Metaspace: 22043K(22400K)->22043K(22400K) NonClass: 18228K(18432K)->18228K(18432K) Class: 3814K(3968K)->3814K(3968K)
[187.651s][info][gc          ] GC(90) Pause Full (System.gc()) 770M->770M(5939M) 1991.410ms
[189.647s][info][gc,metaspace] GC(91) Metaspace: 22043K(22400K)->22043K(22400K) NonClass: 18228K(18432K)->18228K(18432K) Class: 3814K(3968K)->3814K(3968K)
[189.647s][info][gc          ] GC(91) Pause Full (System.gc()) 770M->770M(5939M) 1995.726ms
[191.639s][info][gc,metaspace] GC(92) Metaspace: 22043K(22400K)->22043K(22400K) NonClass: 18228K(18432K)->18228K(18432K) Class: 3814K(3968K)->3814K(3968K)
[191.639s][info][gc          ] GC(92) Pause Full (System.gc()) 770M->770M(5939M) 1991.500ms
[193.635s][info][gc,metaspace] GC(93) Metaspace: 22043K(22400K)->22043K(22400K) NonClass: 18228K(18432K)->18228K(18432K) Class: 3814K(3968K)->3814K(3968K)
[193.635s][info][gc          ] GC(93) Pause Full (System.gc()) 770M->770M(5939M) 1996.158ms
[195.627s][info][gc,metaspace] GC(94) Metaspace: 22043K(22400K)->22043K(22400K) NonClass: 18228K(18432K)->18228K(18432K) Class: 3814K(3968K)->3814K(3968K)
[195.627s][info][gc          ] GC(94) Pause Full (System.gc()) 770M->770M(5939M) 1991.997ms
[197.618s][info][gc,metaspace] GC(95) Metaspace: 22043K(22400K)->22043K(22400K) NonClass: 18228K(18432K)->18228K(18432K) Class: 3814K(3968K)->3814K(3968K)
[197.618s][info][gc          ] GC(95) Pause Full (System.gc()) 770M->770M(5939M) 1991.135ms
[199.614s][info][gc,metaspace] GC(96) Metaspace: 22043K(22400K)->22043K(22400K) NonClass: 18228K(18432K)->18228K(18432K) Class: 3814K(3968K)->3814K(3968K)
[199.614s][info][gc          ] GC(96) Pause Full (System.gc()) 770M->770M(5939M) 1995.635ms
[201.605s][info][gc,metaspace] GC(97) Metaspace: 22043K(22400K)->22043K(22400K) NonClass: 18228K(18432K)->18228K(18432K) Class: 3814K(3968K)->3814K(3968K)
[201.605s][info][gc          ] GC(97) Pause Full (System.gc()) 770M->770M(5939M) 1990.923ms
[203.599s][info][gc,metaspace] GC(98) Metaspace: 22043K(22400K)->22043K(22400K) NonClass: 18228K(18432K)->18228K(18432K) Class: 3814K(3968K)->3814K(3968K)
[203.599s][info][gc          ] GC(98) Pause Full (System.gc()) 770M->770M(5939M) 1991.635ms
[205.595s][info][gc,metaspace] GC(99) Metaspace: 22043K(22400K)->22043K(22400K) NonClass: 18228K(18432K)->18228K(18432K) Class: 3814K(3968K)->3814K(3968K)
[205.595s][info][gc          ] GC(99) Pause Full (System.gc()) 770M->770M(5939M) 1995.571ms
[207.587s][info][gc,metaspace] GC(100) Metaspace: 22043K(22400K)->22043K(22400K) NonClass: 18228K(18432K)->18228K(18432K) Class: 3814K(3968K)->3814K(3968K)
[207.587s][info][gc          ] GC(100) Pause Full (System.gc()) 787M->770M(5939M) 1991.910ms
After GCs... 
