[0.001s][info][metaspace]  - commit_granule_bytes: 65536.
[0.001s][info][metaspace]  - commit_granule_words: 8192.
[0.001s][info][metaspace]  - virtual_space_node_default_size: 8388608.
[0.001s][info][metaspace]  - enlarge_chunks_in_place: 1.
[0.001s][info][metaspace]  - use_allocation_guard: 0.
[0.004s][info][gc       ] Using Serial
[1.515s][info][metaspace] Reserving compressed class space anywhere
[1.515s][info][gc,metaspace] CDS archive(s) not mapped
[1.515s][info][gc,metaspace] Compressed class space mapped at: 0x0000000029000000-0x00000000e9000000, reserved size: 3221225472
[1.515s][info][gc,metaspace] UseCompressedClassPointers 1, UseCompactObjectHeaders 1, narrow klass pointer bits 22, max shift 10
[1.515s][info][gc,metaspace] Narrow klass base: 0x0000000029000000, Narrow klass shift: 10, Narrow klass range: 0xc0000000
Num Classes: 64
Num Objects per Class: 1048576
Cycles: 100
Class association: random
Generate 64 classes...
Loading 64...[2.476s][info][gc,metaspace] GC(0) Metaspace: 21835K(22144K)->21835K(22144K) NonClass: 18054K(18240K)->18054K(18240K) Class: 3781K(3904K)->3781K(3904K)
[2.476s][info][gc          ] GC(0) Pause Full (System.gc()) 426M->2M(5939M) 51.570ms
Creating 1048576 objects per class...
Done; will start GCs... 
[7.964s][info][gc,metaspace] GC(1) Metaspace: 22045K(22400K)->22045K(22400K) NonClass: 18230K(18432K)->18230K(18432K) Class: 3814K(3968K)->3814K(3968K)
[7.964s][info][gc          ] GC(1) Pause Full (System.gc()) 881M->770M(5939M) 3029.616ms
[9.848s][info][gc,metaspace] GC(2) Metaspace: 22045K(22400K)->22045K(22400K) NonClass: 18230K(18432K)->18230K(18432K) Class: 3814K(3968K)->3814K(3968K)
[9.848s][info][gc          ] GC(2) Pause Full (System.gc()) 770M->770M(5939M) 1883.131ms
[12.402s][info][gc,metaspace] GC(3) Metaspace: 22045K(22400K)->22045K(22400K) NonClass: 18230K(18432K)->18230K(18432K) Class: 3814K(3968K)->3814K(3968K)
[12.403s][info][gc          ] GC(3) Pause Full (System.gc()) 770M->770M(5939M) 2554.637ms
[14.285s][info][gc,metaspace] GC(4) Metaspace: 22045K(22400K)->22045K(22400K) NonClass: 18230K(18432K)->18230K(18432K) Class: 3814K(3968K)->3814K(3968K)
[14.285s][info][gc          ] GC(4) Pause Full (System.gc()) 770M->770M(5939M) 1882.439ms
[16.112s][info][gc,metaspace] GC(5) Metaspace: 22045K(22400K)->22045K(22400K) NonClass: 18230K(18432K)->18230K(18432K) Class: 3814K(3968K)->3814K(3968K)
[16.112s][info][gc          ] GC(5) Pause Full (System.gc()) 770M->770M(5939M) 1826.757ms
[17.994s][info][gc,metaspace] GC(6) Metaspace: 22045K(22400K)->22045K(22400K) NonClass: 18230K(18432K)->18230K(18432K) Class: 3814K(3968K)->3814K(3968K)
[17.994s][info][gc          ] GC(6) Pause Full (System.gc()) 770M->770M(5939M) 1881.866ms
[19.871s][info][gc,metaspace] GC(7) Metaspace: 22045K(22400K)->22045K(22400K) NonClass: 18230K(18432K)->18230K(18432K) Class: 3814K(3968K)->3814K(3968K)
[19.871s][info][gc          ] GC(7) Pause Full (System.gc()) 770M->770M(5939M) 1873.118ms
[21.754s][info][gc,metaspace] GC(8) Metaspace: 22045K(22400K)->22045K(22400K) NonClass: 18230K(18432K)->18230K(18432K) Class: 3814K(3968K)->3814K(3968K)
[21.754s][info][gc          ] GC(8) Pause Full (System.gc()) 770M->770M(5939M) 1882.434ms
[23.638s][info][gc,metaspace] GC(9) Metaspace: 22045K(22400K)->22045K(22400K) NonClass: 18230K(18432K)->18230K(18432K) Class: 3814K(3968K)->3814K(3968K)
[23.638s][info][gc          ] GC(9) Pause Full (System.gc()) 770M->770M(5939M) 1883.537ms
[25.515s][info][gc,metaspace] GC(10) Metaspace: 22045K(22400K)->22045K(22400K) NonClass: 18230K(18432K)->18230K(18432K) Class: 3814K(3968K)->3814K(3968K)
[25.515s][info][gc          ] GC(10) Pause Full (System.gc()) 770M->770M(5939M) 1877.110ms
[27.396s][info][gc,metaspace] GC(11) Metaspace: 22045K(22400K)->22045K(22400K) NonClass: 18230K(18432K)->18230K(18432K) Class: 3814K(3968K)->3814K(3968K)
[27.396s][info][gc          ] GC(11) Pause Full (System.gc()) 770M->770M(5939M) 1880.682ms
[29.274s][info][gc,metaspace] GC(12) Metaspace: 22045K(22400K)->22045K(22400K) NonClass: 18230K(18432K)->18230K(18432K) Class: 3814K(3968K)->3814K(3968K)
[29.274s][info][gc          ] GC(12) Pause Full (System.gc()) 770M->770M(5939M) 1878.283ms
[31.104s][info][gc,metaspace] GC(13) Metaspace: 22045K(22400K)->22045K(22400K) NonClass: 18230K(18432K)->18230K(18432K) Class: 3814K(3968K)->3814K(3968K)
[31.104s][info][gc          ] GC(13) Pause Full (System.gc()) 770M->770M(5939M) 1829.763ms
[32.982s][info][gc,metaspace] GC(14) Metaspace: 22045K(22400K)->22045K(22400K) NonClass: 18230K(18432K)->18230K(18432K) Class: 3814K(3968K)->3814K(3968K)
[32.982s][info][gc          ] GC(14) Pause Full (System.gc()) 770M->770M(5939M) 1878.136ms
[34.864s][info][gc,metaspace] GC(15) Metaspace: 22045K(22400K)->22045K(22400K) NonClass: 18230K(18432K)->18230K(18432K) Class: 3814K(3968K)->3814K(3968K)
[34.864s][info][gc          ] GC(15) Pause Full (System.gc()) 770M->770M(5939M) 1882.070ms
[36.742s][info][gc,metaspace] GC(16) Metaspace: 22045K(22400K)->22045K(22400K) NonClass: 18230K(18432K)->18230K(18432K) Class: 3814K(3968K)->3814K(3968K)
[36.742s][info][gc          ] GC(16) Pause Full (System.gc()) 770M->770M(5939M) 1877.913ms
[38.625s][info][gc,metaspace] GC(17) Metaspace: 22045K(22400K)->22045K(22400K) NonClass: 18230K(18432K)->18230K(18432K) Class: 3814K(3968K)->3814K(3968K)
[38.625s][info][gc          ] GC(17) Pause Full (System.gc()) 770M->770M(5939M) 1882.100ms
[40.503s][info][gc,metaspace] GC(18) Metaspace: 22045K(22400K)->22045K(22400K) NonClass: 18230K(18432K)->18230K(18432K) Class: 3814K(3968K)->3814K(3968K)
[40.503s][info][gc          ] GC(18) Pause Full (System.gc()) 770M->770M(5939M) 1877.809ms
[42.384s][info][gc,metaspace] GC(19) Metaspace: 22045K(22400K)->22045K(22400K) NonClass: 18230K(18432K)->18230K(18432K) Class: 3814K(3968K)->3814K(3968K)
[42.384s][info][gc          ] GC(19) Pause Full (System.gc()) 770M->770M(5939M) 1880.939ms
[44.261s][info][gc,metaspace] GC(20) Metaspace: 22045K(22400K)->22045K(22400K) NonClass: 18230K(18432K)->18230K(18432K) Class: 3814K(3968K)->3814K(3968K)
[44.261s][info][gc          ] GC(20) Pause Full (System.gc()) 770M->770M(5939M) 1877.388ms
[46.377s][info][gc,metaspace] GC(21) Metaspace: 22045K(22400K)->22045K(22400K) NonClass: 18230K(18432K)->18230K(18432K) Class: 3814K(3968K)->3814K(3968K)
[46.378s][info][gc          ] GC(21) Pause Full (System.gc()) 770M->770M(5939M) 2116.261ms
[48.260s][info][gc,metaspace] GC(22) Metaspace: 22045K(22400K)->22045K(22400K) NonClass: 18230K(18432K)->18230K(18432K) Class: 3814K(3968K)->3814K(3968K)
[48.260s][info][gc          ] GC(22) Pause Full (System.gc()) 770M->770M(5939M) 1882.817ms
[50.380s][info][gc,metaspace] GC(23) Metaspace: 22045K(22400K)->22045K(22400K) NonClass: 18230K(18432K)->18230K(18432K) Class: 3814K(3968K)->3814K(3968K)
[50.380s][info][gc          ] GC(23) Pause Full (System.gc()) 770M->770M(5939M) 2119.494ms
[52.261s][info][gc,metaspace] GC(24) Metaspace: 22045K(22400K)->22045K(22400K) NonClass: 18230K(18432K)->18230K(18432K) Class: 3814K(3968K)->3814K(3968K)
[52.261s][info][gc          ] GC(24) Pause Full (System.gc()) 770M->770M(5939M) 1881.084ms
[54.768s][info][gc,metaspace] GC(25) Metaspace: 22045K(22400K)->22045K(22400K) NonClass: 18230K(18432K)->18230K(18432K) Class: 3814K(3968K)->3814K(3968K)
[54.769s][info][gc          ] GC(25) Pause Full (System.gc()) 770M->770M(5939M) 2507.214ms
[56.753s][info][gc,metaspace] GC(26) Metaspace: 22045K(22400K)->22045K(22400K) NonClass: 18230K(18432K)->18230K(18432K) Class: 3814K(3968K)->3814K(3968K)
[56.753s][info][gc          ] GC(26) Pause Full (System.gc()) 770M->770M(5939M) 1983.929ms
[58.636s][info][gc,metaspace] GC(27) Metaspace: 22045K(22400K)->22045K(22400K) NonClass: 18230K(18432K)->18230K(18432K) Class: 3814K(3968K)->3814K(3968K)
[58.636s][info][gc          ] GC(27) Pause Full (System.gc()) 770M->770M(5939M) 1882.856ms
[60.512s][info][gc,metaspace] GC(28) Metaspace: 22045K(22400K)->22045K(22400K) NonClass: 18230K(18432K)->18230K(18432K) Class: 3814K(3968K)->3814K(3968K)
[60.513s][info][gc          ] GC(28) Pause Full (System.gc()) 770M->770M(5939M) 1876.864ms
[62.395s][info][gc,metaspace] GC(29) Metaspace: 22045K(22400K)->22045K(22400K) NonClass: 18230K(18432K)->18230K(18432K) Class: 3814K(3968K)->3814K(3968K)
[62.395s][info][gc          ] GC(29) Pause Full (System.gc()) 770M->770M(5939M) 1882.107ms
[64.273s][info][gc,metaspace] GC(30) Metaspace: 22045K(22400K)->22045K(22400K) NonClass: 18230K(18432K)->18230K(18432K) Class: 3814K(3968K)->3814K(3968K)
[64.274s][info][gc          ] GC(30) Pause Full (System.gc()) 770M->770M(5939M) 1879.074ms
[66.734s][info][gc,metaspace] GC(31) Metaspace: 22045K(22400K)->22045K(22400K) NonClass: 18230K(18432K)->18230K(18432K) Class: 3814K(3968K)->3814K(3968K)
[66.734s][info][gc          ] GC(31) Pause Full (System.gc()) 787M->770M(5939M) 2460.024ms
[68.613s][info][gc,metaspace] GC(32) Metaspace: 22045K(22400K)->22045K(22400K) NonClass: 18230K(18432K)->18230K(18432K) Class: 3814K(3968K)->3814K(3968K)
[68.613s][info][gc          ] GC(32) Pause Full (System.gc()) 770M->770M(5939M) 1878.785ms
[70.488s][info][gc,metaspace] GC(33) Metaspace: 22045K(22400K)->22045K(22400K) NonClass: 18230K(18432K)->18230K(18432K) Class: 3814K(3968K)->3814K(3968K)
[70.488s][info][gc          ] GC(33) Pause Full (System.gc()) 770M->770M(5939M) 1874.765ms
[72.367s][info][gc,metaspace] GC(34) Metaspace: 22045K(22400K)->22045K(22400K) NonClass: 18230K(18432K)->18230K(18432K) Class: 3814K(3968K)->3814K(3968K)
[72.367s][info][gc          ] GC(34) Pause Full (System.gc()) 770M->770M(5939M) 1879.377ms
[74.243s][info][gc,metaspace] GC(35) Metaspace: 22045K(22400K)->22045K(22400K) NonClass: 18230K(18432K)->18230K(18432K) Class: 3814K(3968K)->3814K(3968K)
[74.243s][info][gc          ] GC(35) Pause Full (System.gc()) 770M->770M(5939M) 1875.088ms
[76.366s][info][gc,metaspace] GC(36) Metaspace: 22045K(22400K)->22045K(22400K) NonClass: 18230K(18432K)->18230K(18432K) Class: 3814K(3968K)->3814K(3968K)
[76.366s][info][gc          ] GC(36) Pause Full (System.gc()) 770M->770M(5939M) 2123.519ms
[78.243s][info][gc,metaspace] GC(37) Metaspace: 22045K(22400K)->22045K(22400K) NonClass: 18230K(18432K)->18230K(18432K) Class: 3814K(3968K)->3814K(3968K)
[78.243s][info][gc          ] GC(37) Pause Full (System.gc()) 770M->770M(5939M) 1876.223ms
[80.747s][info][gc,metaspace] GC(38) Metaspace: 22045K(22400K)->22045K(22400K) NonClass: 18230K(18432K)->18230K(18432K) Class: 3814K(3968K)->3814K(3968K)
[80.747s][info][gc          ] GC(38) Pause Full (System.gc()) 770M->770M(5939M) 2504.111ms
[83.286s][info][gc,metaspace] GC(39) Metaspace: 22045K(22400K)->22045K(22400K) NonClass: 18230K(18432K)->18230K(18432K) Class: 3814K(3968K)->3814K(3968K)
[83.286s][info][gc          ] GC(39) Pause Full (System.gc()) 770M->770M(5939M) 2538.948ms
[85.110s][info][gc,metaspace] GC(40) Metaspace: 22045K(22400K)->22045K(22400K) NonClass: 18230K(18432K)->18230K(18432K) Class: 3814K(3968K)->3814K(3968K)
[85.110s][info][gc          ] GC(40) Pause Full (System.gc()) 770M->770M(5939M) 1823.705ms
[86.989s][info][gc,metaspace] GC(41) Metaspace: 22045K(22400K)->22045K(22400K) NonClass: 18230K(18432K)->18230K(18432K) Class: 3814K(3968K)->3814K(3968K)
[86.989s][info][gc          ] GC(41) Pause Full (System.gc()) 770M->770M(5939M) 1878.737ms
[88.864s][info][gc,metaspace] GC(42) Metaspace: 22045K(22400K)->22045K(22400K) NonClass: 18230K(18432K)->18230K(18432K) Class: 3814K(3968K)->3814K(3968K)
[88.864s][info][gc          ] GC(42) Pause Full (System.gc()) 770M->770M(5939M) 1875.172ms
[90.739s][info][gc,metaspace] GC(43) Metaspace: 22045K(22400K)->22045K(22400K) NonClass: 18230K(18432K)->18230K(18432K) Class: 3814K(3968K)->3814K(3968K)
[90.739s][info][gc          ] GC(43) Pause Full (System.gc()) 770M->770M(5939M) 1874.882ms
[92.617s][info][gc,metaspace] GC(44) Metaspace: 22045K(22400K)->22045K(22400K) NonClass: 18230K(18432K)->18230K(18432K) Class: 3814K(3968K)->3814K(3968K)
[92.617s][info][gc          ] GC(44) Pause Full (System.gc()) 770M->770M(5939M) 1878.297ms
[94.492s][info][gc,metaspace] GC(45) Metaspace: 22045K(22400K)->22045K(22400K) NonClass: 18230K(18432K)->18230K(18432K) Class: 3814K(3968K)->3814K(3968K)
[94.492s][info][gc          ] GC(45) Pause Full (System.gc()) 770M->770M(5939M) 1875.038ms
[96.372s][info][gc,metaspace] GC(46) Metaspace: 22045K(22400K)->22045K(22400K) NonClass: 18230K(18432K)->18230K(18432K) Class: 3814K(3968K)->3814K(3968K)
[96.372s][info][gc          ] GC(46) Pause Full (System.gc()) 770M->770M(5939M) 1879.765ms
[98.247s][info][gc,metaspace] GC(47) Metaspace: 22045K(22400K)->22045K(22400K) NonClass: 18230K(18432K)->18230K(18432K) Class: 3814K(3968K)->3814K(3968K)
[98.247s][info][gc          ] GC(47) Pause Full (System.gc()) 770M->770M(5939M) 1874.908ms
[100.075s][info][gc,metaspace] GC(48) Metaspace: 22045K(22400K)->22045K(22400K) NonClass: 18230K(18432K)->18230K(18432K) Class: 3814K(3968K)->3814K(3968K)
[100.076s][info][gc          ] GC(48) Pause Full (System.gc()) 770M->770M(5939M) 1828.118ms
[101.951s][info][gc,metaspace] GC(49) Metaspace: 22045K(22400K)->22045K(22400K) NonClass: 18230K(18432K)->18230K(18432K) Class: 3814K(3968K)->3814K(3968K)
[101.951s][info][gc          ] GC(49) Pause Full (System.gc()) 770M->770M(5939M) 1870.586ms
[103.830s][info][gc,metaspace] GC(50) Metaspace: 22045K(22400K)->22045K(22400K) NonClass: 18230K(18432K)->18230K(18432K) Class: 3814K(3968K)->3814K(3968K)
[103.830s][info][gc          ] GC(50) Pause Full (System.gc()) 770M->770M(5939M) 1879.101ms
[105.706s][info][gc,metaspace] GC(51) Metaspace: 22045K(22400K)->22045K(22400K) NonClass: 18230K(18432K)->18230K(18432K) Class: 3814K(3968K)->3814K(3968K)
[105.706s][info][gc          ] GC(51) Pause Full (System.gc()) 770M->770M(5939M) 1876.155ms
[107.581s][info][gc,metaspace] GC(52) Metaspace: 22045K(22400K)->22045K(22400K) NonClass: 18230K(18432K)->18230K(18432K) Class: 3814K(3968K)->3814K(3968K)
[107.581s][info][gc          ] GC(52) Pause Full (System.gc()) 770M->770M(5939M) 1874.522ms
[109.460s][info][gc,metaspace] GC(53) Metaspace: 22045K(22400K)->22045K(22400K) NonClass: 18230K(18432K)->18230K(18432K) Class: 3814K(3968K)->3814K(3968K)
[109.460s][info][gc          ] GC(53) Pause Full (System.gc()) 770M->770M(5939M) 1879.238ms
[111.335s][info][gc,metaspace] GC(54) Metaspace: 22045K(22400K)->22045K(22400K) NonClass: 18230K(18432K)->18230K(18432K) Class: 3814K(3968K)->3814K(3968K)
[111.335s][info][gc          ] GC(54) Pause Full (System.gc()) 770M->770M(5939M) 1875.132ms
[113.163s][info][gc,metaspace] GC(55) Metaspace: 22045K(22400K)->22045K(22400K) NonClass: 18230K(18432K)->18230K(18432K) Class: 3814K(3968K)->3814K(3968K)
[113.163s][info][gc          ] GC(55) Pause Full (System.gc()) 770M->770M(5939M) 1827.914ms
[115.039s][info][gc,metaspace] GC(56) Metaspace: 22045K(22400K)->22045K(22400K) NonClass: 18230K(18432K)->18230K(18432K) Class: 3814K(3968K)->3814K(3968K)
[115.039s][info][gc          ] GC(56) Pause Full (System.gc()) 770M->770M(5939M) 1875.310ms
[116.918s][info][gc,metaspace] GC(57) Metaspace: 22045K(22400K)->22045K(22400K) NonClass: 18230K(18432K)->18230K(18432K) Class: 3814K(3968K)->3814K(3968K)
[116.918s][info][gc          ] GC(57) Pause Full (System.gc()) 770M->770M(5939M) 1879.611ms
[118.794s][info][gc,metaspace] GC(58) Metaspace: 22045K(22400K)->22045K(22400K) NonClass: 18230K(18432K)->18230K(18432K) Class: 3814K(3968K)->3814K(3968K)
[118.794s][info][gc          ] GC(58) Pause Full (System.gc()) 770M->770M(5939M) 1875.337ms
[120.679s][info][gc,metaspace] GC(59) Metaspace: 22045K(22400K)->22045K(22400K) NonClass: 18230K(18432K)->18230K(18432K) Class: 3814K(3968K)->3814K(3968K)
[120.679s][info][gc          ] GC(59) Pause Full (System.gc()) 770M->770M(5939M) 1884.996ms
[122.553s][info][gc,metaspace] GC(60) Metaspace: 22045K(22400K)->22045K(22400K) NonClass: 18230K(18432K)->18230K(18432K) Class: 3814K(3968K)->3814K(3968K)
[122.553s][info][gc          ] GC(60) Pause Full (System.gc()) 770M->770M(5939M) 1874.375ms
[124.432s][info][gc,metaspace] GC(61) Metaspace: 22045K(22400K)->22045K(22400K) NonClass: 18230K(18432K)->18230K(18432K) Class: 3814K(3968K)->3814K(3968K)
[124.433s][info][gc          ] GC(61) Pause Full (System.gc()) 770M->770M(5939M) 1878.845ms
[126.307s][info][gc,metaspace] GC(62) Metaspace: 22045K(22400K)->22045K(22400K) NonClass: 18230K(18432K)->18230K(18432K) Class: 3814K(3968K)->3814K(3968K)
[126.307s][info][gc          ] GC(62) Pause Full (System.gc()) 770M->770M(5939M) 1874.582ms
[128.140s][info][gc,metaspace] GC(63) Metaspace: 22045K(22400K)->22045K(22400K) NonClass: 18230K(18432K)->18230K(18432K) Class: 3814K(3968K)->3814K(3968K)
[128.140s][info][gc          ] GC(63) Pause Full (System.gc()) 787M->770M(5939M) 1832.955ms
[130.018s][info][gc,metaspace] GC(64) Metaspace: 22045K(22400K)->22045K(22400K) NonClass: 18230K(18432K)->18230K(18432K) Class: 3814K(3968K)->3814K(3968K)
[130.019s][info][gc          ] GC(64) Pause Full (System.gc()) 770M->770M(5939M) 1878.115ms
[131.898s][info][gc,metaspace] GC(65) Metaspace: 22045K(22400K)->22045K(22400K) NonClass: 18230K(18432K)->18230K(18432K) Class: 3814K(3968K)->3814K(3968K)
[131.898s][info][gc          ] GC(65) Pause Full (System.gc()) 770M->770M(5939M) 1879.686ms
[133.773s][info][gc,metaspace] GC(66) Metaspace: 22045K(22400K)->22045K(22400K) NonClass: 18230K(18432K)->18230K(18432K) Class: 3814K(3968K)->3814K(3968K)
[133.773s][info][gc          ] GC(66) Pause Full (System.gc()) 770M->770M(5939M) 1874.794ms
[135.649s][info][gc,metaspace] GC(67) Metaspace: 22045K(22400K)->22045K(22400K) NonClass: 18230K(18432K)->18230K(18432K) Class: 3814K(3968K)->3814K(3968K)
[135.649s][info][gc          ] GC(67) Pause Full (System.gc()) 770M->770M(5939M) 1875.798ms
[137.533s][info][gc,metaspace] GC(68) Metaspace: 22045K(22400K)->22045K(22400K) NonClass: 18230K(18432K)->18230K(18432K) Class: 3814K(3968K)->3814K(3968K)
[137.533s][info][gc          ] GC(68) Pause Full (System.gc()) 770M->770M(5939M) 1883.675ms
[139.408s][info][gc,metaspace] GC(69) Metaspace: 22045K(22400K)->22045K(22400K) NonClass: 18230K(18432K)->18230K(18432K) Class: 3814K(3968K)->3814K(3968K)
[139.408s][info][gc          ] GC(69) Pause Full (System.gc()) 770M->770M(5939M) 1874.706ms
[141.290s][info][gc,metaspace] GC(70) Metaspace: 22045K(22400K)->22045K(22400K) NonClass: 18230K(18432K)->18230K(18432K) Class: 3814K(3968K)->3814K(3968K)
[141.290s][info][gc          ] GC(70) Pause Full (System.gc()) 770M->770M(5939M) 1881.824ms
[143.114s][info][gc,metaspace] GC(71) Metaspace: 22045K(22400K)->22045K(22400K) NonClass: 18230K(18432K)->18230K(18432K) Class: 3814K(3968K)->3814K(3968K)
[143.114s][info][gc          ] GC(71) Pause Full (System.gc()) 770M->770M(5939M) 1824.184ms
[144.993s][info][gc,metaspace] GC(72) Metaspace: 22045K(22400K)->22045K(22400K) NonClass: 18230K(18432K)->18230K(18432K) Class: 3814K(3968K)->3814K(3968K)
[144.993s][info][gc          ] GC(72) Pause Full (System.gc()) 770M->770M(5939M) 1879.001ms
[146.869s][info][gc,metaspace] GC(73) Metaspace: 22045K(22400K)->22045K(22400K) NonClass: 18230K(18432K)->18230K(18432K) Class: 3814K(3968K)->3814K(3968K)
[146.869s][info][gc          ] GC(73) Pause Full (System.gc()) 770M->770M(5939M) 1871.782ms
[148.749s][info][gc,metaspace] GC(74) Metaspace: 22045K(22400K)->22045K(22400K) NonClass: 18230K(18432K)->18230K(18432K) Class: 3814K(3968K)->3814K(3968K)
[148.749s][info][gc          ] GC(74) Pause Full (System.gc()) 770M->770M(5939M) 1879.743ms
[150.626s][info][gc,metaspace] GC(75) Metaspace: 22045K(22400K)->22045K(22400K) NonClass: 18230K(18432K)->18230K(18432K) Class: 3814K(3968K)->3814K(3968K)
[150.626s][info][gc          ] GC(75) Pause Full (System.gc()) 770M->770M(5939M) 1876.529ms
[152.501s][info][gc,metaspace] GC(76) Metaspace: 22045K(22400K)->22045K(22400K) NonClass: 18230K(18432K)->18230K(18432K) Class: 3814K(3968K)->3814K(3968K)
[152.501s][info][gc          ] GC(76) Pause Full (System.gc()) 770M->770M(5939M) 1874.860ms
[154.380s][info][gc,metaspace] GC(77) Metaspace: 22045K(22400K)->22045K(22400K) NonClass: 18230K(18432K)->18230K(18432K) Class: 3814K(3968K)->3814K(3968K)
[154.380s][info][gc          ] GC(77) Pause Full (System.gc()) 770M->770M(5939M) 1879.202ms
[156.255s][info][gc,metaspace] GC(78) Metaspace: 22045K(22400K)->22045K(22400K) NonClass: 18230K(18432K)->18230K(18432K) Class: 3814K(3968K)->3814K(3968K)
[156.255s][info][gc          ] GC(78) Pause Full (System.gc()) 770M->770M(5939M) 1874.975ms
[158.084s][info][gc,metaspace] GC(79) Metaspace: 22045K(22400K)->22045K(22400K) NonClass: 18230K(18432K)->18230K(18432K) Class: 3814K(3968K)->3814K(3968K)
[158.084s][info][gc          ] GC(79) Pause Full (System.gc()) 770M->770M(5939M) 1824.036ms
[159.959s][info][gc,metaspace] GC(80) Metaspace: 22045K(22400K)->22045K(22400K) NonClass: 18230K(18432K)->18230K(18432K) Class: 3814K(3968K)->3814K(3968K)
[159.959s][info][gc          ] GC(80) Pause Full (System.gc()) 770M->770M(5939M) 1874.927ms
[161.838s][info][gc,metaspace] GC(81) Metaspace: 22045K(22400K)->22045K(22400K) NonClass: 18230K(18432K)->18230K(18432K) Class: 3814K(3968K)->3814K(3968K)
[161.838s][info][gc          ] GC(81) Pause Full (System.gc()) 770M->770M(5939M) 1879.073ms
[163.714s][info][gc,metaspace] GC(82) Metaspace: 22045K(22400K)->22045K(22400K) NonClass: 18230K(18432K)->18230K(18432K) Class: 3814K(3968K)->3814K(3968K)
[163.714s][info][gc          ] GC(82) Pause Full (System.gc()) 770M->770M(5939M) 1871.374ms
[165.596s][info][gc,metaspace] GC(83) Metaspace: 22045K(22400K)->22045K(22400K) NonClass: 18230K(18432K)->18230K(18432K) Class: 3814K(3968K)->3814K(3968K)
[165.596s][info][gc          ] GC(83) Pause Full (System.gc()) 770M->770M(5939M) 1882.497ms
[167.471s][info][gc,metaspace] GC(84) Metaspace: 22045K(22400K)->22045K(22400K) NonClass: 18230K(18432K)->18230K(18432K) Class: 3814K(3968K)->3814K(3968K)
[167.471s][info][gc          ] GC(84) Pause Full (System.gc()) 770M->770M(5939M) 1875.110ms
[169.347s][info][gc,metaspace] GC(85) Metaspace: 22045K(22400K)->22045K(22400K) NonClass: 18230K(18432K)->18230K(18432K) Class: 3814K(3968K)->3814K(3968K)
[169.347s][info][gc          ] GC(85) Pause Full (System.gc()) 770M->770M(5939M) 1875.623ms
[171.176s][info][gc,metaspace] GC(86) Metaspace: 22045K(22400K)->22045K(22400K) NonClass: 18230K(18432K)->18230K(18432K) Class: 3814K(3968K)->3814K(3968K)
[171.176s][info][gc          ] GC(86) Pause Full (System.gc()) 770M->770M(5939M) 1828.532ms
[173.055s][info][gc,metaspace] GC(87) Metaspace: 22045K(22400K)->22045K(22400K) NonClass: 18230K(18432K)->18230K(18432K) Class: 3814K(3968K)->3814K(3968K)
[173.055s][info][gc          ] GC(87) Pause Full (System.gc()) 770M->770M(5939M) 1879.045ms
[174.931s][info][gc,metaspace] GC(88) Metaspace: 22045K(22400K)->22045K(22400K) NonClass: 18230K(18432K)->18230K(18432K) Class: 3814K(3968K)->3814K(3968K)
[174.931s][info][gc          ] GC(88) Pause Full (System.gc()) 770M->770M(5939M) 1875.754ms
[176.806s][info][gc,metaspace] GC(89) Metaspace: 22045K(22400K)->22045K(22400K) NonClass: 18230K(18432K)->18230K(18432K) Class: 3814K(3968K)->3814K(3968K)
[176.806s][info][gc          ] GC(89) Pause Full (System.gc()) 770M->770M(5939M) 1875.028ms
[178.684s][info][gc,metaspace] GC(90) Metaspace: 22045K(22400K)->22045K(22400K) NonClass: 18230K(18432K)->18230K(18432K) Class: 3814K(3968K)->3814K(3968K)
[178.684s][info][gc          ] GC(90) Pause Full (System.gc()) 770M->770M(5939M) 1878.472ms
[180.560s][info][gc,metaspace] GC(91) Metaspace: 22045K(22400K)->22045K(22400K) NonClass: 18230K(18432K)->18230K(18432K) Class: 3814K(3968K)->3814K(3968K)
[180.560s][info][gc          ] GC(91) Pause Full (System.gc()) 770M->770M(5939M) 1875.117ms
[182.439s][info][gc,metaspace] GC(92) Metaspace: 22045K(22400K)->22045K(22400K) NonClass: 18230K(18432K)->18230K(18432K) Class: 3814K(3968K)->3814K(3968K)
[182.439s][info][gc          ] GC(92) Pause Full (System.gc()) 770M->770M(5939M) 1878.841ms
[184.314s][info][gc,metaspace] GC(93) Metaspace: 22045K(22400K)->22045K(22400K) NonClass: 18230K(18432K)->18230K(18432K) Class: 3814K(3968K)->3814K(3968K)
[184.314s][info][gc          ] GC(93) Pause Full (System.gc()) 770M->770M(5939M) 1874.951ms
[186.142s][info][gc,metaspace] GC(94) Metaspace: 22045K(22400K)->22045K(22400K) NonClass: 18230K(18432K)->18230K(18432K) Class: 3814K(3968K)->3814K(3968K)
[186.142s][info][gc          ] GC(94) Pause Full (System.gc()) 770M->770M(5939M) 1827.988ms
[188.017s][info][gc,metaspace] GC(95) Metaspace: 22045K(22400K)->22045K(22400K) NonClass: 18230K(18432K)->18230K(18432K) Class: 3814K(3968K)->3814K(3968K)
[188.017s][info][gc          ] GC(95) Pause Full (System.gc()) 770M->770M(5939M) 1874.858ms
[189.901s][info][gc,metaspace] GC(96) Metaspace: 22045K(22400K)->22045K(22400K) NonClass: 18230K(18432K)->18230K(18432K) Class: 3814K(3968K)->3814K(3968K)
[189.901s][info][gc          ] GC(96) Pause Full (System.gc()) 770M->770M(5939M) 1884.337ms
[191.777s][info][gc,metaspace] GC(97) Metaspace: 22045K(22400K)->22045K(22400K) NonClass: 18230K(18432K)->18230K(18432K) Class: 3814K(3968K)->3814K(3968K)
[191.777s][info][gc          ] GC(97) Pause Full (System.gc()) 787M->770M(5939M) 1870.956ms
[193.652s][info][gc,metaspace] GC(98) Metaspace: 22045K(22400K)->22045K(22400K) NonClass: 18230K(18432K)->18230K(18432K) Class: 3814K(3968K)->3814K(3968K)
[193.652s][info][gc          ] GC(98) Pause Full (System.gc()) 770M->770M(5939M) 1875.315ms
[195.531s][info][gc,metaspace] GC(99) Metaspace: 22045K(22400K)->22045K(22400K) NonClass: 18230K(18432K)->18230K(18432K) Class: 3814K(3968K)->3814K(3968K)
[195.531s][info][gc          ] GC(99) Pause Full (System.gc()) 770M->770M(5939M) 1878.800ms
[197.406s][info][gc,metaspace] GC(100) Metaspace: 22045K(22400K)->22045K(22400K) NonClass: 18230K(18432K)->18230K(18432K) Class: 3814K(3968K)->3814K(3968K)
[197.406s][info][gc          ] GC(100) Pause Full (System.gc()) 770M->770M(5939M) 1874.990ms
After GCs... 
