Done; will start GCs... 
[23.761s][info][gc,metaspace] GC(12) Metaspace: 11526K(11904K)->11526K(11904K) NonClass: 9648K(9856K)->9648K(9856K) Class: 1877K(2048K)->1877K(2048K)
[23.761s][info][gc          ] GC(12) Pause Full (System.gc()) 1604M->1571M(5939M) 4336.780ms
[26.983s][info][gc,metaspace] GC(13) Metaspace: 11526K(11904K)->11526K(11904K) NonClass: 9648K(9856K)->9648K(9856K) Class: 1877K(2048K)->1877K(2048K)
[26.983s][info][gc          ] GC(13) Pause Full (System.gc()) 1571M->1571M(5939M) 3222.190ms
[30.201s][info][gc,metaspace] GC(14) Metaspace: 11526K(11904K)->11526K(11904K) NonClass: 9648K(9856K)->9648K(9856K) Class: 1877K(2048K)->1877K(2048K)
[30.201s][info][gc          ] GC(14) Pause Full (System.gc()) 1571M->1571M(5939M) 3217.905ms
[33.428s][info][gc,metaspace] GC(15) Metaspace: 11526K(11904K)->11526K(11904K) NonClass: 9648K(9856K)->9648K(9856K) Class: 1877K(2048K)->1877K(2048K)
[33.428s][info][gc          ] GC(15) Pause Full (System.gc()) 1571M->1571M(5939M) 3226.382ms
[36.694s][info][gc,metaspace] GC(16) Metaspace: 11526K(11904K)->11526K(11904K) NonClass: 9648K(9856K)->9648K(9856K) Class: 1877K(2048K)->1877K(2048K)
[36.694s][info][gc          ] GC(16) Pause Full (System.gc()) 1571M->1571M(5939M) 3266.462ms
[39.921s][info][gc,metaspace] GC(17) Metaspace: 11526K(11904K)->11526K(11904K) NonClass: 9648K(9856K)->9648K(9856K) Class: 1877K(2048K)->1877K(2048K)
[39.921s][info][gc          ] GC(17) Pause Full (System.gc()) 1571M->1571M(5939M) 3226.747ms
[43.140s][info][gc,metaspace] GC(18) Metaspace: 11526K(11904K)->11526K(11904K) NonClass: 9648K(9856K)->9648K(9856K) Class: 1877K(2048K)->1877K(2048K)
[43.140s][info][gc          ] GC(18) Pause Full (System.gc()) 1571M->1571M(5939M) 3219.084ms
[46.358s][info][gc,metaspace] GC(19) Metaspace: 11526K(11904K)->11526K(11904K) NonClass: 9648K(9856K)->9648K(9856K) Class: 1877K(2048K)->1877K(2048K)
[46.358s][info][gc          ] GC(19) Pause Full (System.gc()) 1571M->1571M(5939M) 3217.468ms
[49.632s][info][gc,metaspace] GC(20) Metaspace: 11526K(11904K)->11526K(11904K) NonClass: 9648K(9856K)->9648K(9856K) Class: 1877K(2048K)->1877K(2048K)
[49.632s][info][gc          ] GC(20) Pause Full (System.gc()) 1571M->1571M(5939M) 3274.013ms
[52.852s][info][gc,metaspace] GC(21) Metaspace: 11526K(11904K)->11526K(11904K) NonClass: 9648K(9856K)->9648K(9856K) Class: 1877K(2048K)->1877K(2048K)
[52.852s][info][gc          ] GC(21) Pause Full (System.gc()) 1571M->1571M(5939M) 3219.334ms
[56.073s][info][gc,metaspace] GC(22) Metaspace: 11526K(11904K)->11526K(11904K) NonClass: 9648K(9856K)->9648K(9856K) Class: 1877K(2048K)->1877K(2048K)
[56.073s][info][gc          ] GC(22) Pause Full (System.gc()) 1571M->1571M(5939M) 3220.990ms
[59.291s][info][gc,metaspace] GC(23) Metaspace: 11526K(11904K)->11526K(11904K) NonClass: 9648K(9856K)->9648K(9856K) Class: 1877K(2048K)->1877K(2048K)
[59.291s][info][gc          ] GC(23) Pause Full (System.gc()) 1571M->1571M(5939M) 3218.179ms
[62.565s][info][gc,metaspace] GC(24) Metaspace: 11526K(11904K)->11526K(11904K) NonClass: 9648K(9856K)->9648K(9856K) Class: 1877K(2048K)->1877K(2048K)
[62.565s][info][gc          ] GC(24) Pause Full (System.gc()) 1571M->1571M(5939M) 3274.232ms
[66.017s][info][gc,metaspace] GC(25) Metaspace: 11526K(11904K)->11526K(11904K) NonClass: 9648K(9856K)->9648K(9856K) Class: 1877K(2048K)->1877K(2048K)
[66.017s][info][gc          ] GC(25) Pause Full (System.gc()) 1588M->1571M(5939M) 3451.326ms
[69.235s][info][gc,metaspace] GC(26) Metaspace: 11526K(11904K)->11526K(11904K) NonClass: 9648K(9856K)->9648K(9856K) Class: 1877K(2048K)->1877K(2048K)
[69.235s][info][gc          ] GC(26) Pause Full (System.gc()) 1571M->1571M(5939M) 3217.860ms
[72.453s][info][gc,metaspace] GC(27) Metaspace: 11526K(11904K)->11526K(11904K) NonClass: 9648K(9856K)->9648K(9856K) Class: 1877K(2048K)->1877K(2048K)
[72.453s][info][gc          ] GC(27) Pause Full (System.gc()) 1571M->1571M(5939M) 3218.283ms
[76.776s][info][gc,metaspace] GC(28) Metaspace: 11526K(11904K)->11526K(11904K) NonClass: 9648K(9856K)->9648K(9856K) Class: 1877K(2048K)->1877K(2048K)
[76.776s][info][gc          ] GC(28) Pause Full (System.gc()) 1571M->1571M(5939M) 4322.759ms
[79.997s][info][gc,metaspace] GC(29) Metaspace: 11526K(11904K)->11526K(11904K) NonClass: 9648K(9856K)->9648K(9856K) Class: 1877K(2048K)->1877K(2048K)
[79.997s][info][gc          ] GC(29) Pause Full (System.gc()) 1571M->1571M(5939M) 3221.012ms
[83.217s][info][gc,metaspace] GC(30) Metaspace: 11526K(11904K)->11526K(11904K) NonClass: 9648K(9856K)->9648K(9856K) Class: 1877K(2048K)->1877K(2048K)
[83.217s][info][gc          ] GC(30) Pause Full (System.gc()) 1571M->1571M(5939M) 3219.389ms
[86.436s][info][gc,metaspace] GC(31) Metaspace: 11526K(11904K)->11526K(11904K) NonClass: 9648K(9856K)->9648K(9856K) Class: 1877K(2048K)->1877K(2048K)
[86.436s][info][gc          ] GC(31) Pause Full (System.gc()) 1571M->1571M(5939M) 3218.779ms
[89.705s][info][gc,metaspace] GC(32) Metaspace: 11526K(11904K)->11526K(11904K) NonClass: 9648K(9856K)->9648K(9856K) Class: 1877K(2048K)->1877K(2048K)
[89.705s][info][gc          ] GC(32) Pause Full (System.gc()) 1571M->1571M(5939M) 3269.066ms
[92.924s][info][gc,metaspace] GC(33) Metaspace: 11526K(11904K)->11526K(11904K) NonClass: 9648K(9856K)->9648K(9856K) Class: 1877K(2048K)->1877K(2048K)
[92.924s][info][gc          ] GC(33) Pause Full (System.gc()) 1571M->1571M(5939M) 3218.427ms
[96.147s][info][gc,metaspace] GC(34) Metaspace: 11526K(11904K)->11526K(11904K) NonClass: 9648K(9856K)->9648K(9856K) Class: 1877K(2048K)->1877K(2048K)
[96.147s][info][gc          ] GC(34) Pause Full (System.gc()) 1571M->1571M(5939M) 3222.925ms
[99.365s][info][gc,metaspace] GC(35) Metaspace: 11526K(11904K)->11526K(11904K) NonClass: 9648K(9856K)->9648K(9856K) Class: 1877K(2048K)->1877K(2048K)
[99.365s][info][gc          ] GC(35) Pause Full (System.gc()) 1571M->1571M(5939M) 3218.356ms
[102.637s][info][gc,metaspace] GC(36) Metaspace: 11526K(11904K)->11526K(11904K) NonClass: 9648K(9856K)->9648K(9856K) Class: 1877K(2048K)->1877K(2048K)
[102.637s][info][gc          ] GC(36) Pause Full (System.gc()) 1571M->1571M(5939M) 3271.212ms
[105.854s][info][gc,metaspace] GC(37) Metaspace: 11526K(11904K)->11526K(11904K) NonClass: 9648K(9856K)->9648K(9856K) Class: 1877K(2048K)->1877K(2048K)
[105.854s][info][gc          ] GC(37) Pause Full (System.gc()) 1571M->1571M(5939M) 3217.047ms
[109.071s][info][gc,metaspace] GC(38) Metaspace: 11526K(11904K)->11526K(11904K) NonClass: 9648K(9856K)->9648K(9856K) Class: 1877K(2048K)->1877K(2048K)
[109.071s][info][gc          ] GC(38) Pause Full (System.gc()) 1571M->1571M(5939M) 3216.923ms
[112.292s][info][gc,metaspace] GC(39) Metaspace: 11526K(11904K)->11526K(11904K) NonClass: 9648K(9856K)->9648K(9856K) Class: 1877K(2048K)->1877K(2048K)
[112.292s][info][gc          ] GC(39) Pause Full (System.gc()) 1571M->1571M(5939M) 3220.604ms
[115.557s][info][gc,metaspace] GC(40) Metaspace: 11526K(11904K)->11526K(11904K) NonClass: 9648K(9856K)->9648K(9856K) Class: 1877K(2048K)->1877K(2048K)
[115.557s][info][gc          ] GC(40) Pause Full (System.gc()) 1571M->1571M(5939M) 3264.913ms
[119.896s][info][gc,metaspace] GC(41) Metaspace: 11526K(11904K)->11526K(11904K) NonClass: 9648K(9856K)->9648K(9856K) Class: 1877K(2048K)->1877K(2048K)
[119.896s][info][gc          ] GC(41) Pause Full (System.gc()) 1571M->1571M(5939M) 4339.034ms
[123.562s][info][gc,metaspace] GC(42) Metaspace: 11526K(11904K)->11526K(11904K) NonClass: 9648K(9856K)->9648K(9856K) Class: 1877K(2048K)->1877K(2048K)
[123.562s][info][gc          ] GC(42) Pause Full (System.gc()) 1571M->1571M(5939M) 3665.938ms
[126.779s][info][gc,metaspace] GC(43) Metaspace: 11526K(11904K)->11526K(11904K) NonClass: 9648K(9856K)->9648K(9856K) Class: 1877K(2048K)->1877K(2048K)
[126.779s][info][gc          ] GC(43) Pause Full (System.gc()) 1588M->1571M(5939M) 3216.503ms
[129.995s][info][gc,metaspace] GC(44) Metaspace: 11526K(11904K)->11526K(11904K) NonClass: 9648K(9856K)->9648K(9856K) Class: 1877K(2048K)->1877K(2048K)
[129.995s][info][gc          ] GC(44) Pause Full (System.gc()) 1571M->1571M(5939M) 3216.557ms
[133.235s][info][gc,metaspace] GC(45) Metaspace: 11526K(11904K)->11526K(11904K) NonClass: 9648K(9856K)->9648K(9856K) Class: 1877K(2048K)->1877K(2048K)
[133.235s][info][gc          ] GC(45) Pause Full (System.gc()) 1571M->1571M(5939M) 3239.346ms
[136.452s][info][gc,metaspace] GC(46) Metaspace: 11526K(11904K)->11526K(11904K) NonClass: 9648K(9856K)->9648K(9856K) Class: 1877K(2048K)->1877K(2048K)
[136.453s][info][gc          ] GC(46) Pause Full (System.gc()) 1571M->1571M(5939M) 3217.431ms
[139.729s][info][gc,metaspace] GC(47) Metaspace: 11526K(11904K)->11526K(11904K) NonClass: 9648K(9856K)->9648K(9856K) Class: 1877K(2048K)->1877K(2048K)
[139.729s][info][gc          ] GC(47) Pause Full (System.gc()) 1571M->1571M(5939M) 3276.139ms
[142.946s][info][gc,metaspace] GC(48) Metaspace: 11526K(11904K)->11526K(11904K) NonClass: 9648K(9856K)->9648K(9856K) Class: 1877K(2048K)->1877K(2048K)
[142.946s][info][gc          ] GC(48) Pause Full (System.gc()) 1571M->1571M(5939M) 3217.489ms
[146.167s][info][gc,metaspace] GC(49) Metaspace: 11526K(11904K)->11526K(11904K) NonClass: 9648K(9856K)->9648K(9856K) Class: 1877K(2048K)->1877K(2048K)
[146.167s][info][gc          ] GC(49) Pause Full (System.gc()) 1571M->1571M(5939M) 3220.767ms
[149.384s][info][gc,metaspace] GC(50) Metaspace: 11526K(11904K)->11526K(11904K) NonClass: 9648K(9856K)->9648K(9856K) Class: 1877K(2048K)->1877K(2048K)
[149.384s][info][gc          ] GC(50) Pause Full (System.gc()) 1571M->1571M(5939M) 3216.927ms
[152.656s][info][gc,metaspace] GC(51) Metaspace: 11526K(11904K)->11526K(11904K) NonClass: 9648K(9856K)->9648K(9856K) Class: 1877K(2048K)->1877K(2048K)
[152.656s][info][gc          ] GC(51) Pause Full (System.gc()) 1571M->1571M(5939M) 3271.789ms
After GCs... 
