Done; will start GCs... 
[22.400s][info][gc,metaspace] GC(12) Metaspace: 11510K(11776K)->11510K(11776K) NonClass: 10369K(10496K)->10369K(10496K) Class: 1141K(1280K)->1141K(1280K)
[22.400s][info][gc          ] GC(12) Pause Full (System.gc()) 1827M->1794M(5939M) 3924.217ms
[25.465s][info][gc,metaspace] GC(13) Metaspace: 11510K(11776K)->11510K(11776K) NonClass: 10369K(10496K)->10369K(10496K) Class: 1141K(1280K)->1141K(1280K)
[25.465s][info][gc          ] GC(13) Pause Full (System.gc()) 1794M->1794M(5939M) 3064.357ms
[28.520s][info][gc,metaspace] GC(14) Metaspace: 11510K(11776K)->11510K(11776K) NonClass: 10369K(10496K)->10369K(10496K) Class: 1141K(1280K)->1141K(1280K)
[28.520s][info][gc          ] GC(14) Pause Full (System.gc()) 1794M->1794M(5939M) 3055.094ms
[31.579s][info][gc,metaspace] GC(15) Metaspace: 11510K(11776K)->11510K(11776K) NonClass: 10369K(10496K)->10369K(10496K) Class: 1141K(1280K)->1141K(1280K)
[31.579s][info][gc          ] GC(15) Pause Full (System.gc()) 1794M->1794M(5939M) 3059.116ms
[34.632s][info][gc,metaspace] GC(16) Metaspace: 11510K(11776K)->11510K(11776K) NonClass: 10369K(10496K)->10369K(10496K) Class: 1141K(1280K)->1141K(1280K)
[34.632s][info][gc          ] GC(16) Pause Full (System.gc()) 1794M->1794M(5939M) 3052.391ms
[37.688s][info][gc,metaspace] GC(17) Metaspace: 11510K(11776K)->11510K(11776K) NonClass: 10369K(10496K)->10369K(10496K) Class: 1141K(1280K)->1141K(1280K)
[37.688s][info][gc          ] GC(17) Pause Full (System.gc()) 1794M->1794M(5939M) 3055.539ms
[40.748s][info][gc,metaspace] GC(18) Metaspace: 11510K(11776K)->11510K(11776K) NonClass: 10369K(10496K)->10369K(10496K) Class: 1141K(1280K)->1141K(1280K)
[40.748s][info][gc          ] GC(18) Pause Full (System.gc()) 1794M->1794M(5939M) 3060.566ms
[43.801s][info][gc,metaspace] GC(19) Metaspace: 11510K(11776K)->11510K(11776K) NonClass: 10369K(10496K)->10369K(10496K) Class: 1141K(1280K)->1141K(1280K)
[43.801s][info][gc          ] GC(19) Pause Full (System.gc()) 1794M->1794M(5939M) 3052.408ms
[46.906s][info][gc,metaspace] GC(20) Metaspace: 11510K(11776K)->11510K(11776K) NonClass: 10369K(10496K)->10369K(10496K) Class: 1141K(1280K)->1141K(1280K)
[46.907s][info][gc          ] GC(20) Pause Full (System.gc()) 1794M->1794M(5939M) 3105.490ms
[50.205s][info][gc,metaspace] GC(21) Metaspace: 11510K(11776K)->11510K(11776K) NonClass: 10369K(10496K)->10369K(10496K) Class: 1141K(1280K)->1141K(1280K)
[50.205s][info][gc          ] GC(21) Pause Full (System.gc()) 1794M->1794M(5939M) 3298.852ms
[53.260s][info][gc,metaspace] GC(22) Metaspace: 11510K(11776K)->11510K(11776K) NonClass: 10369K(10496K)->10369K(10496K) Class: 1141K(1280K)->1141K(1280K)
[53.260s][info][gc          ] GC(22) Pause Full (System.gc()) 1794M->1794M(5939M) 3054.086ms
[56.319s][info][gc,metaspace] GC(23) Metaspace: 11510K(11776K)->11510K(11776K) NonClass: 10369K(10496K)->10369K(10496K) Class: 1141K(1280K)->1141K(1280K)
[56.319s][info][gc          ] GC(23) Pause Full (System.gc()) 1794M->1794M(5939M) 3059.141ms
[59.375s][info][gc,metaspace] GC(24) Metaspace: 11510K(11776K)->11510K(11776K) NonClass: 10369K(10496K)->10369K(10496K) Class: 1141K(1280K)->1141K(1280K)
[59.375s][info][gc          ] GC(24) Pause Full (System.gc()) 1794M->1794M(5939M) 3055.531ms
[62.428s][info][gc,metaspace] GC(25) Metaspace: 11510K(11776K)->11510K(11776K) NonClass: 10369K(10496K)->10369K(10496K) Class: 1141K(1280K)->1141K(1280K)
[62.428s][info][gc          ] GC(25) Pause Full (System.gc()) 1794M->1794M(5939M) 3053.714ms
[65.483s][info][gc,metaspace] GC(26) Metaspace: 11510K(11776K)->11510K(11776K) NonClass: 10369K(10496K)->10369K(10496K) Class: 1141K(1280K)->1141K(1280K)
[65.483s][info][gc          ] GC(26) Pause Full (System.gc()) 1811M->1794M(5939M) 3054.093ms
[68.541s][info][gc,metaspace] GC(27) Metaspace: 11510K(11776K)->11510K(11776K) NonClass: 10369K(10496K)->10369K(10496K) Class: 1141K(1280K)->1141K(1280K)
[68.541s][info][gc          ] GC(27) Pause Full (System.gc()) 1794M->1794M(5939M) 3058.148ms
[72.898s][info][gc,metaspace] GC(28) Metaspace: 11510K(11776K)->11510K(11776K) NonClass: 10369K(10496K)->10369K(10496K) Class: 1141K(1280K)->1141K(1280K)
[72.898s][info][gc          ] GC(28) Pause Full (System.gc()) 1794M->1794M(5939M) 4356.751ms
[76.347s][info][gc,metaspace] GC(29) Metaspace: 11510K(11776K)->11510K(11776K) NonClass: 10369K(10496K)->10369K(10496K) Class: 1141K(1280K)->1141K(1280K)
[76.347s][info][gc          ] GC(29) Pause Full (System.gc()) 1794M->1794M(5939M) 3448.877ms
[79.779s][info][gc,metaspace] GC(30) Metaspace: 11510K(11776K)->11510K(11776K) NonClass: 10369K(10496K)->10369K(10496K) Class: 1141K(1280K)->1141K(1280K)
[79.779s][info][gc          ] GC(30) Pause Full (System.gc()) 1794M->1794M(5939M) 3432.331ms
[83.282s][info][gc,metaspace] GC(31) Metaspace: 11510K(11776K)->11510K(11776K) NonClass: 10369K(10496K)->10369K(10496K) Class: 1141K(1280K)->1141K(1280K)
[83.282s][info][gc          ] GC(31) Pause Full (System.gc()) 1794M->1794M(5939M) 3502.083ms
[86.668s][info][gc,metaspace] GC(32) Metaspace: 11510K(11776K)->11510K(11776K) NonClass: 10369K(10496K)->10369K(10496K) Class: 1141K(1280K)->1141K(1280K)
[86.668s][info][gc          ] GC(32) Pause Full (System.gc()) 1794M->1794M(5939M) 3385.855ms
[90.167s][info][gc,metaspace] GC(33) Metaspace: 11510K(11776K)->11510K(11776K) NonClass: 10369K(10496K)->10369K(10496K) Class: 1141K(1280K)->1141K(1280K)
[90.167s][info][gc          ] GC(33) Pause Full (System.gc()) 1794M->1794M(5939M) 3499.637ms
[93.225s][info][gc,metaspace] GC(34) Metaspace: 11510K(11776K)->11510K(11776K) NonClass: 10369K(10496K)->10369K(10496K) Class: 1141K(1280K)->1141K(1280K)
[93.225s][info][gc          ] GC(34) Pause Full (System.gc()) 1794M->1794M(5939M) 3057.872ms
[96.281s][info][gc,metaspace] GC(35) Metaspace: 11510K(11776K)->11510K(11776K) NonClass: 10369K(10496K)->10369K(10496K) Class: 1141K(1280K)->1141K(1280K)
[96.281s][info][gc          ] GC(35) Pause Full (System.gc()) 1794M->1794M(5939M) 3055.221ms
[99.336s][info][gc,metaspace] GC(36) Metaspace: 11510K(11776K)->11510K(11776K) NonClass: 10369K(10496K)->10369K(10496K) Class: 1141K(1280K)->1141K(1280K)
[99.336s][info][gc          ] GC(36) Pause Full (System.gc()) 1794M->1794M(5939M) 3054.969ms
[102.390s][info][gc,metaspace] GC(37) Metaspace: 11510K(11776K)->11510K(11776K) NonClass: 10369K(10496K)->10369K(10496K) Class: 1141K(1280K)->1141K(1280K)
[102.390s][info][gc          ] GC(37) Pause Full (System.gc()) 1794M->1794M(5939M) 3053.955ms
[105.449s][info][gc,metaspace] GC(38) Metaspace: 11510K(11776K)->11510K(11776K) NonClass: 10369K(10496K)->10369K(10496K) Class: 1141K(1280K)->1141K(1280K)
[105.449s][info][gc          ] GC(38) Pause Full (System.gc()) 1794M->1794M(5939M) 3058.569ms
[108.503s][info][gc,metaspace] GC(39) Metaspace: 11510K(11776K)->11510K(11776K) NonClass: 10369K(10496K)->10369K(10496K) Class: 1141K(1280K)->1141K(1280K)
[108.504s][info][gc          ] GC(39) Pause Full (System.gc()) 1794M->1794M(5939M) 3054.696ms
[111.559s][info][gc,metaspace] GC(40) Metaspace: 11510K(11776K)->11510K(11776K) NonClass: 10369K(10496K)->10369K(10496K) Class: 1141K(1280K)->1141K(1280K)
[111.559s][info][gc          ] GC(40) Pause Full (System.gc()) 1794M->1794M(5939M) 3054.899ms
[114.615s][info][gc,metaspace] GC(41) Metaspace: 11510K(11776K)->11510K(11776K) NonClass: 10369K(10496K)->10369K(10496K) Class: 1141K(1280K)->1141K(1280K)
[114.615s][info][gc          ] GC(41) Pause Full (System.gc()) 1794M->1794M(5939M) 3056.621ms
[117.689s][info][gc,metaspace] GC(42) Metaspace: 11510K(11776K)->11510K(11776K) NonClass: 10369K(10496K)->10369K(10496K) Class: 1141K(1280K)->1141K(1280K)
[117.689s][info][gc          ] GC(42) Pause Full (System.gc()) 1794M->1794M(5939M) 3072.974ms
[120.741s][info][gc,metaspace] GC(43) Metaspace: 11510K(11776K)->11510K(11776K) NonClass: 10369K(10496K)->10369K(10496K) Class: 1141K(1280K)->1141K(1280K)
[120.742s][info][gc          ] GC(43) Pause Full (System.gc()) 1794M->1794M(5939M) 3052.904ms
[123.809s][info][gc,metaspace] GC(44) Metaspace: 11510K(11776K)->11510K(11776K) NonClass: 10369K(10496K)->10369K(10496K) Class: 1141K(1280K)->1141K(1280K)
[123.809s][info][gc          ] GC(44) Pause Full (System.gc()) 1794M->1794M(5939M) 3067.388ms
[126.916s][info][gc,metaspace] GC(45) Metaspace: 11510K(11776K)->11510K(11776K) NonClass: 10369K(10496K)->10369K(10496K) Class: 1141K(1280K)->1141K(1280K)
[126.917s][info][gc          ] GC(45) Pause Full (System.gc()) 1811M->1794M(5939M) 3107.165ms
[130.211s][info][gc,metaspace] GC(46) Metaspace: 11510K(11776K)->11510K(11776K) NonClass: 10369K(10496K)->10369K(10496K) Class: 1141K(1280K)->1141K(1280K)
[130.211s][info][gc          ] GC(46) Pause Full (System.gc()) 1794M->1794M(5939M) 3294.166ms
[133.267s][info][gc,metaspace] GC(47) Metaspace: 11510K(11776K)->11510K(11776K) NonClass: 10369K(10496K)->10369K(10496K) Class: 1141K(1280K)->1141K(1280K)
[133.267s][info][gc          ] GC(47) Pause Full (System.gc()) 1794M->1794M(5939M) 3055.916ms
[136.323s][info][gc,metaspace] GC(48) Metaspace: 11510K(11776K)->11510K(11776K) NonClass: 10369K(10496K)->10369K(10496K) Class: 1141K(1280K)->1141K(1280K)
[136.323s][info][gc          ] GC(48) Pause Full (System.gc()) 1794M->1794M(5939M) 3055.793ms
[139.378s][info][gc,metaspace] GC(49) Metaspace: 11510K(11776K)->11510K(11776K) NonClass: 10369K(10496K)->10369K(10496K) Class: 1141K(1280K)->1141K(1280K)
[139.378s][info][gc          ] GC(49) Pause Full (System.gc()) 1794M->1794M(5939M) 3055.004ms
[142.439s][info][gc,metaspace] GC(50) Metaspace: 11510K(11776K)->11510K(11776K) NonClass: 10369K(10496K)->10369K(10496K) Class: 1141K(1280K)->1141K(1280K)
[142.439s][info][gc          ] GC(50) Pause Full (System.gc()) 1794M->1794M(5939M) 3061.287ms
[145.494s][info][gc,metaspace] GC(51) Metaspace: 11510K(11776K)->11510K(11776K) NonClass: 10369K(10496K)->10369K(10496K) Class: 1141K(1280K)->1141K(1280K)
[145.494s][info][gc          ] GC(51) Pause Full (System.gc()) 1794M->1794M(5939M) 3054.654ms
After GCs... 
