[0.002s][info][gc] Min heap equals to max heap, disabling ShenandoahUncommit
[0.002s][info][metaspace]  - commit_granule_bytes: 65536.
[0.002s][info][metaspace]  - commit_granule_words: 8192.
[0.002s][info][metaspace]  - virtual_space_node_default_size: 8388608.
[0.002s][info][metaspace]  - enlarge_chunks_in_place: 1.
[0.002s][info][metaspace]  - use_allocation_guard: 0.
[0.005s][info][gc       ] Heuristics ergonomically sets -XX:+ExplicitGCInvokesConcurrent
[0.005s][info][gc       ] Heuristics ergonomically sets -XX:+ShenandoahImplicitGCInvokesConcurrent
[0.006s][info][gc       ] Using Shenandoah
[0.319s][info][metaspace] Reserving compressed class space anywhere
[0.319s][info][gc,metaspace] CDS archive(s) not mapped
[0.324s][info][gc,metaspace] Compressed class space mapped at: 0x0000000024000000-0x00000000e4000000, reserved size: 3221225472
[0.324s][info][gc,metaspace] UseCompressedClassPointers 1, UseCompactObjectHeaders 1, narrow klass pointer bits 22, max shift 10
[0.324s][info][gc,metaspace] Narrow klass base: 0x0000000024000000, Narrow klass shift: 10, Narrow klass range: 0xc0000000
Random Seed: 12345678
Num Classes: 16
Num Objects: 67108864
Percent IK Objects: 83.0%)
Percent OAK Objects: 5.0%)
Percent TAK Objects: 12.0%)
Cycles: 50
Loading 16 pre-generated classes ...
Materialize pre-generated constructors ...
Creating objects...
[0.548s][info][gc          ] Trigger: GC request (System.gc())
[0.548s][info][gc          ] GC(0) Concurrent reset 0.074ms
[0.548s][info][gc          ] GC(0) Pause Init Mark (unload classes) 0.040ms
[0.549s][info][gc          ] GC(0) Concurrent marking roots 0.281ms
[0.550s][info][gc          ] GC(0) Concurrent marking (unload classes) 1.133ms
[0.550s][info][gc          ] GC(0) Pause Final Mark (unload classes) 0.123ms
[0.550s][info][gc          ] GC(0) Concurrent thread roots 0.070ms
[0.550s][info][gc          ] GC(0) Concurrent weak references 0.070ms
[0.550s][info][gc          ] GC(0) Concurrent weak roots 0.423ms
[0.551s][info][gc          ] GC(0) Concurrent cleanup 28M->28M(6144M) 0.050ms
[0.552s][info][metaspace   ] ChkMgr @0x00007ffff010fac0 (non-class-space): : reclaiming memory...
[0.552s][info][metaspace   ] ChkMgr @0x00007ffff010fac0 (non-class-space): nothing reclaimed.
[0.552s][info][metaspace   ] ChkMgr @0x00007ffff010f8d0 (class-space): : reclaiming memory...
[0.552s][info][metaspace   ] ChkMgr @0x00007ffff010f8d0 (class-space): nothing reclaimed.
[0.552s][info][gc          ] GC(0) Concurrent class unloading 1.359ms
[0.552s][info][gc          ] GC(0) Concurrent strong roots 0.260ms
[0.553s][info][gc          ] GC(0) Concurrent evacuation 0.707ms
[0.553s][info][gc          ] GC(0) Pause Init Update Refs 0.004ms
[0.553s][info][gc          ] GC(0) At start of update refs, moving 24576K to Mutator free partition from Collector Reserve
[0.554s][info][gc          ] GC(0) Concurrent update references 1.431ms
[0.554s][info][gc          ] GC(0) Concurrent update thread roots 0.048ms
[0.554s][info][gc          ] GC(0) Pause Final Update Refs 0.036ms
[0.555s][info][gc          ] GC(0) Concurrent cleanup 31M->7M(6144M) 0.051ms
[0.555s][info][gc,metaspace] Metaspace: 11169K(11456K)->11146K(11456K) NonClass: 9378K(9536K)->9362K(9536K) Class: 1791K(1920K)->1783K(1920K)
[1.391s][info][gc          ] Trigger: Learning 2 of 5. Free (4300M) is below initial threshold (4300M)
[1.391s][info][gc          ] GC(1) Concurrent reset 0.140ms
[1.391s][info][gc          ] GC(1) Pause Init Mark (unload classes) 0.051ms
[1.391s][info][gc          ] GC(1) Concurrent marking roots 0.268ms
[1.831s][info][gc          ] GC(1) Concurrent marking (unload classes) 439.466ms
[1.831s][info][gc          ] GC(1) Pause Final Mark (unload classes) 0.220ms
[1.831s][info][gc          ] GC(1) Concurrent thread roots 0.080ms
[1.831s][info][gc          ] GC(1) Concurrent weak references 0.056ms
[1.832s][info][gc          ] GC(1) Concurrent weak roots 0.359ms
[1.832s][info][gc          ] GC(1) Concurrent cleanup 2234M->2234M(6144M) 0.050ms
[1.833s][info][gc          ] GC(1) Concurrent class unloading 0.709ms
[1.833s][info][gc          ] GC(1) Concurrent strong roots 0.158ms
[1.968s][info][gc          ] GC(1) Concurrent evacuation 135.404ms
[1.968s][info][gc          ] GC(1) Pause Init Update Refs 0.011ms
[1.968s][info][gc          ] GC(1) At start of update refs, moving 168M to Mutator free partition from Collector Reserve
[2.248s][info][gc          ] GC(1) Concurrent update references 279.693ms
[2.248s][info][gc          ] GC(1) Concurrent update thread roots 0.208ms
[2.249s][info][gc          ] GC(1) Pause Final Update Refs 0.063ms
[2.249s][info][gc          ] GC(1) Concurrent cleanup 3125M->1850M(6144M) 0.072ms
[2.249s][info][gc,metaspace] Metaspace: 11209K(11584K)->11209K(11584K) NonClass: 9415K(9600K)->9415K(9600K) Class: 1793K(1984K)->1793K(1984K)
[2.250s][info][gc          ] Trigger: Learning 3 of 5. Free (3981M) is below initial threshold (4300M)
[2.252s][info][gc          ] GC(2) Concurrent reset 1.839ms
[2.252s][info][gc          ] GC(2) Pause Init Mark (unload classes) 0.037ms
[2.252s][info][gc          ] GC(2) Concurrent marking roots 0.084ms
[2.642s][info][gc          ] GC(2) Concurrent marking (unload classes) 390.491ms
[2.643s][info][gc          ] GC(2) Pause Final Mark (unload classes) 0.187ms
[2.643s][info][gc          ] GC(2) Concurrent thread roots 0.058ms
[2.643s][info][gc          ] GC(2) Concurrent weak references 0.053ms
[2.643s][info][gc          ] GC(2) Concurrent weak roots 0.302ms
[2.643s][info][gc          ] GC(2) Concurrent cleanup 2596M->2596M(6144M) 0.051ms
[2.644s][info][gc          ] GC(2) Concurrent class unloading 0.579ms
[2.644s][info][gc          ] GC(2) Concurrent strong roots 0.058ms
[2.793s][info][gc          ] GC(2) Concurrent evacuation 149.500ms
[2.830s][info][gc          ] GC(2) Pause Init Update Refs 0.010ms
[2.830s][info][gc          ] GC(2) At start of update refs, moving 160M to Mutator free partition from Collector Reserve
[3.167s][info][gc          ] GC(2) Concurrent update references 337.128ms
[3.167s][info][gc          ] GC(2) Concurrent update thread roots 0.183ms
[3.167s][info][gc          ] GC(2) Pause Final Update Refs 0.073ms
[3.167s][info][gc          ] GC(2) Concurrent cleanup 3598M->2132M(6144M) 0.069ms
[3.168s][info][gc,metaspace] Metaspace: 11209K(11584K)->11209K(11584K) NonClass: 9415K(9600K)->9415K(9600K) Class: 1793K(1984K)->1793K(1984K)
[3.169s][info][gc          ] Trigger: Learning 4 of 5. Free (3697M) is below initial threshold (4300M)
[3.171s][info][gc          ] GC(3) Concurrent reset 2.370ms
[3.171s][info][gc          ] GC(3) Pause Init Mark (unload classes) 0.044ms
[3.171s][info][gc          ] GC(3) Concurrent marking roots 0.091ms
[3.830s][info][gc          ] GC(3) Concurrent marking (unload classes) 658.925ms
[3.830s][info][gc          ] GC(3) Pause Final Mark (unload classes) 0.221ms
[3.831s][info][gc          ] GC(3) Concurrent thread roots 0.059ms
[3.831s][info][gc          ] GC(3) Concurrent weak references 0.039ms
[3.831s][info][gc          ] GC(3) Concurrent weak roots 0.310ms
[3.831s][info][gc          ] GC(3) Concurrent cleanup 3292M->3292M(6144M) 0.050ms
[3.832s][info][gc          ] GC(3) Concurrent class unloading 0.599ms
[3.832s][info][gc          ] GC(3) Concurrent strong roots 0.055ms
[3.985s][info][gc          ] GC(3) Concurrent evacuation 153.036ms
[3.985s][info][gc          ] GC(3) Pause Init Update Refs 0.011ms
[3.985s][info][gc          ] GC(3) At start of update refs, moving 156M to Mutator free partition from Collector Reserve
[4.482s][info][gc          ] GC(3) Concurrent update references 496.523ms
[4.482s][info][gc          ] GC(3) Concurrent update thread roots 0.230ms
[4.482s][info][gc          ] GC(3) Pause Final Update Refs 0.067ms
[4.482s][info][gc          ] GC(3) Concurrent cleanup 4615M->3009M(6144M) 0.080ms
[4.482s][info][gc,metaspace] Metaspace: 11209K(11584K)->11209K(11584K) NonClass: 9415K(9600K)->9415K(9600K) Class: 1793K(1984K)->1793K(1984K)
[4.483s][info][gc          ] Trigger: Learning 5 of 5. Free (2821M) is below initial threshold (4300M)
[4.486s][info][gc          ] GC(4) Concurrent reset 2.853ms
[4.486s][info][gc          ] GC(4) Pause Init Mark (unload classes) 0.046ms
[4.486s][info][gc          ] GC(4) Concurrent marking roots 0.090ms
[5.237s][info][gc          ] GC(4) Concurrent marking (unload classes) 750.897ms
[5.238s][info][gc          ] GC(4) Pause Final Mark (unload classes) 0.266ms
[5.238s][info][gc          ] GC(4) Concurrent thread roots 0.070ms
[5.238s][info][gc          ] GC(4) Concurrent weak references 0.036ms
[5.238s][info][gc          ] GC(4) Concurrent weak roots 0.357ms
[5.238s][info][gc          ] GC(4) Concurrent cleanup 4352M->4352M(6144M) 0.051ms
[5.239s][info][gc          ] GC(4) Concurrent class unloading 0.578ms
[5.239s][info][gc          ] GC(4) Concurrent strong roots 0.084ms
[5.426s][info][gc          ] GC(4) Concurrent evacuation 187.043ms
[5.426s][info][gc          ] GC(4) Pause Init Update Refs 0.011ms
[5.430s][info][gc          ] GC(4) At start of update refs, moving 90112K to Mutator free partition from Collector Reserve
[6.389s][info][gc          ] GC(4) Concurrent update references 958.694ms
[6.389s][info][gc          ] GC(4) Concurrent update thread roots 0.240ms
[6.390s][info][gc          ] GC(4) Pause Final Update Refs 0.092ms
[6.390s][info][gc          ] GC(4) Concurrent cleanup 5891M->3552M(6144M) 0.091ms
[6.390s][info][gc,metaspace] Metaspace: 11209K(11584K)->11209K(11584K) NonClass: 9415K(9600K)->9415K(9600K) Class: 1793K(1984K)->1793K(1984K)
[6.391s][info][gc          ] Trigger: Average GC time (2430.36 ms) is above the time for average allocation rate (1646 MB/s) to deplete free headroom (1972M) (margin of error = 1.80)
[6.395s][info][gc          ] GC(5) Concurrent reset 4.126ms
[6.395s][info][gc          ] GC(5) Pause Init Mark (unload classes) 0.050ms
[6.395s][info][gc          ] GC(5) Concurrent marking roots 0.091ms
[7.640s][info][gc          ] GC(5) Concurrent marking (unload classes) 1244.583ms
[7.640s][info][gc          ] GC(5) Pause Final Mark (unload classes) 0.261ms
[7.640s][info][gc          ] GC(5) Concurrent thread roots 0.074ms
[7.640s][info][gc          ] GC(5) Concurrent weak references 0.036ms
[7.641s][info][gc          ] GC(5) Concurrent weak roots 0.323ms
[7.641s][info][gc          ] GC(5) Concurrent cleanup 4921M->4921M(6144M) 0.051ms
[7.641s][info][gc          ] GC(5) Concurrent class unloading 0.592ms
[7.641s][info][gc          ] GC(5) Concurrent strong roots 0.088ms
[7.904s][info][gc          ] GC(5) Concurrent evacuation 262.117ms
[7.904s][info][gc          ] GC(5) Pause Init Update Refs 0.009ms
[7.904s][info][gc          ] GC(5) At start of update refs, moving 57344K to Mutator free partition from Collector Reserve
[8.772s][info][gc          ] GC(5) Concurrent update references 867.891ms
[8.772s][info][gc          ] GC(5) Concurrent update thread roots 0.217ms
[8.772s][info][gc          ] GC(5) Pause Final Update Refs 0.072ms
[8.772s][info][gc          ] GC(5) Concurrent cleanup 6009M->3345M(6144M) 0.097ms
[8.772s][info][gc,metaspace] Metaspace: 11209K(11584K)->11209K(11584K) NonClass: 9415K(9600K)->9415K(9600K) Class: 1793K(1984K)->1793K(1984K)
[8.773s][info][gc          ] Trigger: Average GC time (3008.47 ms) is above the time for average allocation rate (1308 MB/s) to deplete free headroom (2179M) (margin of error = 1.81)
[8.778s][info][gc          ] GC(6) Concurrent reset 5.121ms
[8.779s][info][gc          ] GC(6) Pause Init Mark (unload classes) 0.048ms
[8.779s][info][gc          ] GC(6) Concurrent marking roots 0.116ms
67108864 Objects created
 - IK: 55699211 (82.99829%)
 - OAK: 3355627 (5.0002737%)
 - TAK: 8054026 (12.001434%)
Preparatory GC...
[10.118s][info][gc          ] GC(6) Concurrent marking (unload classes) 1339.087ms
[10.118s][info][gc          ] GC(6) Pause Final Mark (unload classes) 0.239ms
[10.118s][info][gc          ] GC(6) Concurrent thread roots 0.136ms
[10.118s][info][gc          ] GC(6) Concurrent weak references 0.038ms
[10.119s][info][gc          ] GC(6) Concurrent weak roots 0.322ms
[10.119s][info][gc          ] GC(6) Concurrent cleanup 4496M->4496M(6144M) 0.051ms
[10.119s][info][gc          ] GC(6) Concurrent class unloading 0.604ms
[10.120s][info][gc          ] GC(6) Concurrent strong roots 0.055ms
[10.335s][info][gc          ] GC(6) Concurrent evacuation 214.930ms
[10.335s][info][gc          ] GC(6) Pause Init Update Refs 0.009ms
[10.335s][info][gc          ] GC(6) At start of update refs, moving 98304K to Mutator free partition from Collector Reserve
[11.448s][info][gc          ] GC(6) Concurrent update references 1113.233ms
[11.448s][info][gc          ] GC(6) Concurrent update thread roots 0.301ms
[11.448s][info][gc          ] GC(6) Pause Final Update Refs 0.069ms
[11.449s][info][gc          ] GC(6) Concurrent cleanup 4708M->2491M(6144M) 0.089ms
[11.449s][info][gc,metaspace] Metaspace: 11209K(11584K)->11209K(11584K) NonClass: 9415K(9600K)->9415K(9600K) Class: 1793K(1984K)->1793K(1984K)
[11.450s][info][gc          ] Trigger: GC request (System.gc())
[11.454s][info][gc          ] GC(7) Concurrent reset 4.559ms
[11.454s][info][gc          ] GC(7) Pause Init Mark (unload classes) 0.047ms
[11.455s][info][gc          ] GC(7) Concurrent marking roots 0.120ms
[12.937s][info][gc          ] GC(7) Concurrent marking (unload classes) 1482.560ms
[12.937s][info][gc          ] GC(7) Pause Final Mark (unload classes) 0.245ms
[12.938s][info][gc          ] GC(7) Concurrent thread roots 0.086ms
[12.938s][info][gc          ] GC(7) Concurrent weak references 0.043ms
[12.938s][info][gc          ] GC(7) Concurrent weak roots 0.367ms
[12.938s][info][gc          ] GC(7) Concurrent cleanup 2491M->2491M(6144M) 0.051ms
[12.940s][info][metaspace   ] ChkMgr @0x00007ffff010fac0 (non-class-space): : reclaiming memory...
[12.940s][info][metaspace   ] ChkMgr @0x00007ffff010fac0 (non-class-space): finished reclaiming memory: 
[12.940s][info][metaspace   ] reserved: 64.00 MB (no change)
[12.940s][info][metaspace   ] committed: 9.38 MB->9.31 MB (-64.00 KB)
[12.940s][info][metaspace   ] ChkMgr @0x00007ffff010f8d0 (class-space): : reclaiming memory...
[12.940s][info][metaspace   ] ChkMgr @0x00007ffff010f8d0 (class-space): finished reclaiming memory: 
[12.940s][info][metaspace   ] reserved: 3.00 GB (no change)
[12.940s][info][metaspace   ] committed: 1.94 MB->1.88 MB (-64.00 KB)
[12.940s][info][gc          ] GC(7) Concurrent class unloading 1.596ms
[12.940s][info][gc          ] GC(7) Concurrent strong roots 0.066ms
[13.047s][info][gc          ] GC(7) Concurrent evacuation 107.141ms
[13.047s][info][gc          ] GC(7) Pause Init Update Refs 0.011ms
[13.047s][info][gc          ] GC(7) At start of update refs, moving 196M to Mutator free partition from Collector Reserve
[14.202s][info][gc          ] GC(7) Concurrent update references 1154.680ms
[14.202s][info][gc          ] GC(7) Concurrent update thread roots 0.308ms
[14.202s][info][gc          ] GC(7) Pause Final Update Refs 0.086ms
[14.203s][info][gc          ] GC(7) Concurrent cleanup 2603M->1452M(6144M) 0.075ms
[14.203s][info][gc,metaspace] Metaspace: 11209K(11584K)->11156K(11456K) NonClass: 9415K(9600K)->9371K(9536K) Class: 1793K(1984K)->1785K(1920K)
[14.204s][info][gc          ] Trigger: GC request (System.gc())
[14.207s][info][gc          ] GC(8) Concurrent reset 3.489ms
[14.207s][info][gc          ] GC(8) Pause Init Mark (unload classes) 0.047ms
[14.208s][info][gc          ] GC(8) Concurrent marking roots 0.216ms
[16.010s][info][gc          ] GC(8) Concurrent marking (unload classes) 1802.651ms
[16.010s][info][gc          ] GC(8) Pause Final Mark (unload classes) 0.165ms
[16.011s][info][gc          ] GC(8) Concurrent thread roots 0.093ms
[16.011s][info][gc          ] GC(8) Concurrent weak references 0.037ms
[16.011s][info][gc          ] GC(8) Concurrent weak roots 0.332ms
[16.011s][info][gc          ] GC(8) Concurrent cleanup 1452M->1452M(6144M) 0.051ms
[16.012s][info][gc          ] GC(8) Concurrent class unloading 0.546ms
[16.012s][info][gc          ] GC(8) Concurrent strong roots 0.064ms
[16.016s][info][gc          ] GC(8) Concurrent evacuation 4.458ms
[16.016s][info][gc          ] GC(8) Pause Init Update Refs 0.006ms
[16.017s][info][gc          ] GC(8) At start of update refs, moving 8192K to Mutator free partition from Collector Reserve
[17.135s][info][gc          ] GC(8) Concurrent update references 1118.431ms
[17.135s][info][gc          ] GC(8) Concurrent update thread roots 0.307ms
[17.135s][info][gc          ] GC(8) Pause Final Update Refs 0.070ms
[17.135s][info][gc          ] GC(8) Concurrent cleanup 1462M->1454M(6144M) 0.051ms
[17.135s][info][gc,metaspace] Metaspace: 11156K(11456K)->11156K(11456K) NonClass: 9371K(9536K)->9371K(9536K) Class: 1785K(1920K)->1785K(1920K)
Done; will start GCs... 
[17.137s][info][gc          ] Trigger: GC request (System.gc())
[17.138s][info][gc          ] GC(9) Concurrent reset 1.648ms
[17.138s][info][gc          ] GC(9) Pause Init Mark (unload classes) 0.047ms
[17.139s][info][gc          ] GC(9) Concurrent marking roots 0.123ms
[19.002s][info][gc          ] GC(9) Concurrent marking (unload classes) 1863.022ms
[19.002s][info][gc          ] GC(9) Pause Final Mark (unload classes) 0.163ms
[19.002s][info][gc          ] GC(9) Concurrent thread roots 0.072ms
[19.002s][info][gc          ] GC(9) Concurrent weak references 0.039ms
[19.002s][info][gc          ] GC(9) Concurrent weak roots 0.331ms
[19.002s][info][gc          ] GC(9) Concurrent cleanup 1457M->1454M(6144M) 0.051ms
[19.003s][info][gc          ] GC(9) Concurrent class unloading 0.603ms
[19.003s][info][gc          ] GC(9) Concurrent strong roots 0.070ms
[19.004s][info][gc          ] GC(9) Concurrent evacuation 1.300ms
[19.005s][info][gc          ] GC(9) Pause Init Update Refs 0.005ms
[19.005s][info][gc          ] GC(9) At start of update refs, moving 8192K to Mutator free partition from Collector Reserve
[19.880s][info][gc          ] GC(9) Concurrent update references 875.013ms
[19.880s][info][gc          ] GC(9) Concurrent update thread roots 0.301ms
[19.880s][info][gc          ] GC(9) Pause Final Update Refs 0.062ms
[19.880s][info][gc          ] GC(9) Concurrent cleanup 1455M->1449M(6144M) 0.051ms
[19.880s][info][gc,metaspace] Metaspace: 11156K(11456K)->11156K(11456K) NonClass: 9371K(9536K)->9371K(9536K) Class: 1785K(1920K)->1785K(1920K)
[19.881s][info][gc          ] Trigger: GC request (System.gc())
[19.883s][info][gc          ] GC(10) Concurrent reset 1.659ms
[19.883s][info][gc          ] GC(10) Pause Init Mark (unload classes) 0.047ms
[19.883s][info][gc          ] GC(10) Concurrent marking roots 0.086ms
[21.304s][info][gc          ] GC(10) Concurrent marking (unload classes) 1421.162ms
[21.305s][info][gc          ] GC(10) Pause Final Mark (unload classes) 0.176ms
[21.305s][info][gc          ] GC(10) Concurrent weak references 0.044ms
[21.305s][info][gc          ] GC(10) Concurrent weak roots 0.327ms
[21.305s][info][gc          ] GC(10) Concurrent cleanup 1449M->1449M(6144M) 0.051ms
[21.306s][info][gc          ] GC(10) Concurrent class unloading 0.617ms
[21.306s][info][gc          ] GC(10) Pause Final Roots 0.003ms
[21.306s][info][gc,metaspace] Metaspace: 11156K(11456K)->11156K(11456K) NonClass: 9371K(9536K)->9371K(9536K) Class: 1785K(1920K)->1785K(1920K)
[21.308s][info][gc          ] Trigger: GC request (System.gc())
[21.310s][info][gc          ] GC(11) Concurrent reset 1.744ms
[21.310s][info][gc          ] GC(11) Pause Init Mark (unload classes) 0.041ms
[21.310s][info][gc          ] GC(11) Concurrent marking roots 0.101ms
[22.727s][info][gc          ] GC(11) Concurrent marking (unload classes) 1416.579ms
[22.727s][info][gc          ] GC(11) Pause Final Mark (unload classes) 0.167ms
[22.731s][info][gc          ] GC(11) Concurrent weak references 0.044ms
[22.731s][info][gc          ] GC(11) Concurrent weak roots 0.312ms
[22.731s][info][gc          ] GC(11) Concurrent cleanup 1449M->1449M(6144M) 0.051ms
[22.732s][info][gc          ] GC(11) Concurrent class unloading 0.559ms
[22.732s][info][gc          ] GC(11) Pause Final Roots 0.003ms
[22.732s][info][gc,metaspace] Metaspace: 11156K(11456K)->11156K(11456K) NonClass: 9371K(9536K)->9371K(9536K) Class: 1785K(1920K)->1785K(1920K)
[22.736s][info][gc          ] Trigger: GC request (System.gc())
[22.738s][info][gc          ] GC(12) Concurrent reset 2.118ms
[22.738s][info][gc          ] GC(12) Pause Init Mark (unload classes) 0.044ms
[22.739s][info][gc          ] GC(12) Concurrent marking roots 0.074ms
[24.322s][info][gc          ] GC(12) Concurrent marking (unload classes) 1582.884ms
[24.322s][info][gc          ] GC(12) Pause Final Mark (unload classes) 0.186ms
[24.322s][info][gc          ] GC(12) Concurrent weak references 0.043ms
[24.322s][info][gc          ] GC(12) Concurrent weak roots 0.287ms
[24.322s][info][gc          ] GC(12) Concurrent cleanup 1449M->1449M(6144M) 0.050ms
[24.323s][info][gc          ] GC(12) Concurrent class unloading 0.596ms
[24.323s][info][gc          ] GC(12) Pause Final Roots 0.003ms
[24.323s][info][gc,metaspace] Metaspace: 11156K(11456K)->11156K(11456K) NonClass: 9371K(9536K)->9371K(9536K) Class: 1785K(1920K)->1785K(1920K)
[24.331s][info][gc          ] Trigger: GC request (System.gc())
[24.333s][info][gc          ] GC(13) Concurrent reset 1.751ms
[24.333s][info][gc          ] GC(13) Pause Init Mark (unload classes) 0.040ms
[24.333s][info][gc          ] GC(13) Concurrent marking roots 0.094ms
[25.899s][info][gc          ] GC(13) Concurrent marking (unload classes) 1566.048ms
[25.899s][info][gc          ] GC(13) Pause Final Mark (unload classes) 0.190ms
[25.899s][info][gc          ] GC(13) Concurrent weak references 0.040ms
[25.900s][info][gc          ] GC(13) Concurrent weak roots 0.321ms
[25.900s][info][gc          ] GC(13) Concurrent cleanup 1449M->1449M(6144M) 0.051ms
[25.900s][info][gc          ] GC(13) Concurrent class unloading 0.587ms
[25.900s][info][gc          ] GC(13) Pause Final Roots 0.003ms
[25.901s][info][gc,metaspace] Metaspace: 11156K(11456K)->11156K(11456K) NonClass: 9371K(9536K)->9371K(9536K) Class: 1785K(1920K)->1785K(1920K)
[25.911s][info][gc          ] Trigger: GC request (System.gc())
[25.912s][info][gc          ] GC(14) Concurrent reset 1.696ms
[25.912s][info][gc          ] GC(14) Pause Init Mark (unload classes) 0.044ms
[25.913s][info][gc          ] GC(14) Concurrent marking roots 0.116ms
[27.563s][info][gc          ] GC(14) Concurrent marking (unload classes) 1649.870ms
[27.563s][info][gc          ] GC(14) Pause Final Mark (unload classes) 0.189ms
[27.563s][info][gc          ] GC(14) Concurrent weak references 0.045ms
[27.563s][info][gc          ] GC(14) Concurrent weak roots 0.321ms
[27.563s][info][gc          ] GC(14) Concurrent cleanup 1449M->1449M(6144M) 0.050ms
[27.564s][info][gc          ] GC(14) Concurrent class unloading 0.584ms
[27.564s][info][gc          ] GC(14) Pause Final Roots 0.003ms
[27.564s][info][gc,metaspace] Metaspace: 11156K(11456K)->11156K(11456K) NonClass: 9371K(9536K)->9371K(9536K) Class: 1785K(1920K)->1785K(1920K)
[27.574s][info][gc          ] Trigger: GC request (System.gc())
[27.576s][info][gc          ] GC(15) Concurrent reset 1.782ms
[27.576s][info][gc          ] GC(15) Pause Init Mark (unload classes) 0.040ms
[27.576s][info][gc          ] GC(15) Concurrent marking roots 0.117ms
[29.038s][info][gc          ] GC(15) Concurrent marking (unload classes) 1461.395ms
[29.038s][info][gc          ] GC(15) Pause Final Mark (unload classes) 0.189ms
[29.038s][info][gc          ] GC(15) Concurrent weak references 0.039ms
[29.038s][info][gc          ] GC(15) Concurrent weak roots 0.320ms
[29.038s][info][gc          ] GC(15) Concurrent cleanup 1449M->1449M(6144M) 0.051ms
[29.039s][info][gc          ] GC(15) Concurrent class unloading 0.600ms
[29.039s][info][gc          ] GC(15) Pause Final Roots 0.003ms
[29.039s][info][gc,metaspace] Metaspace: 11156K(11456K)->11156K(11456K) NonClass: 9371K(9536K)->9371K(9536K) Class: 1785K(1920K)->1785K(1920K)
[29.049s][info][gc          ] Trigger: GC request (System.gc())
[29.051s][info][gc          ] GC(16) Concurrent reset 2.058ms
[29.051s][info][gc          ] GC(16) Pause Init Mark (unload classes) 0.047ms
[29.051s][info][gc          ] GC(16) Concurrent marking roots 0.088ms
[30.663s][info][gc          ] GC(16) Concurrent marking (unload classes) 1611.414ms
[30.663s][info][gc          ] GC(16) Pause Final Mark (unload classes) 0.183ms
[30.663s][info][gc          ] GC(16) Concurrent weak references 0.070ms
[30.664s][info][gc          ] GC(16) Concurrent weak roots 0.311ms
[30.664s][info][gc          ] GC(16) Concurrent cleanup 1449M->1449M(6144M) 0.050ms
[30.664s][info][gc          ] GC(16) Concurrent class unloading 0.758ms
[30.664s][info][gc          ] GC(16) Pause Final Roots 0.003ms
[30.665s][info][gc,metaspace] Metaspace: 11156K(11456K)->11156K(11456K) NonClass: 9371K(9536K)->9371K(9536K) Class: 1785K(1920K)->1785K(1920K)
[30.675s][info][gc          ] Trigger: GC request (System.gc())
[30.677s][info][gc          ] GC(17) Concurrent reset 2.214ms
[30.677s][info][gc          ] GC(17) Pause Init Mark (unload classes) 0.047ms
[30.677s][info][gc          ] GC(17) Concurrent marking roots 0.088ms
[32.283s][info][gc          ] GC(17) Concurrent marking (unload classes) 1605.946ms
[32.283s][info][gc          ] GC(17) Pause Final Mark (unload classes) 0.176ms
[32.283s][info][gc          ] GC(17) Concurrent weak references 0.043ms
[32.284s][info][gc          ] GC(17) Concurrent weak roots 0.328ms
[32.284s][info][gc          ] GC(17) Concurrent cleanup 1449M->1449M(6144M) 0.051ms
[32.284s][info][gc          ] GC(17) Concurrent class unloading 0.610ms
[32.284s][info][gc          ] GC(17) Pause Final Roots 0.003ms
[32.285s][info][gc,metaspace] Metaspace: 11156K(11456K)->11156K(11456K) NonClass: 9371K(9536K)->9371K(9536K) Class: 1785K(1920K)->1785K(1920K)
[32.295s][info][gc          ] Trigger: GC request (System.gc())
[32.296s][info][gc          ] GC(18) Concurrent reset 1.692ms
[32.296s][info][gc          ] GC(18) Pause Init Mark (unload classes) 0.044ms
[32.297s][info][gc          ] GC(18) Concurrent marking roots 0.117ms
[33.882s][info][gc          ] GC(18) Concurrent marking (unload classes) 1585.749ms
[33.883s][info][gc          ] GC(18) Pause Final Mark (unload classes) 0.190ms
[33.883s][info][gc          ] GC(18) Concurrent weak references 0.040ms
[33.883s][info][gc          ] GC(18) Concurrent weak roots 0.257ms
[33.883s][info][gc          ] GC(18) Concurrent cleanup 1449M->1449M(6144M) 0.050ms
[33.884s][info][gc          ] GC(18) Concurrent class unloading 0.593ms
[33.884s][info][gc          ] GC(18) Pause Final Roots 0.003ms
[33.884s][info][gc,metaspace] Metaspace: 11156K(11456K)->11156K(11456K) NonClass: 9371K(9536K)->9371K(9536K) Class: 1785K(1920K)->1785K(1920K)
[33.894s][info][gc          ] Trigger: GC request (System.gc())
[33.896s][info][gc          ] GC(19) Concurrent reset 1.783ms
[33.896s][info][gc          ] GC(19) Pause Init Mark (unload classes) 0.043ms
[33.896s][info][gc          ] GC(19) Concurrent marking roots 0.095ms
[35.556s][info][gc          ] GC(19) Concurrent marking (unload classes) 1659.574ms
[35.556s][info][gc          ] GC(19) Pause Final Mark (unload classes) 0.153ms
[35.556s][info][gc          ] GC(19) Concurrent weak references 0.073ms
[35.556s][info][gc          ] GC(19) Concurrent weak roots 0.313ms
[35.556s][info][gc          ] GC(19) Concurrent cleanup 1449M->1449M(6144M) 0.051ms
[35.557s][info][gc          ] GC(19) Concurrent class unloading 0.666ms
[35.557s][info][gc          ] GC(19) Pause Final Roots 0.003ms
[35.557s][info][gc,metaspace] Metaspace: 11156K(11456K)->11156K(11456K) NonClass: 9371K(9536K)->9371K(9536K) Class: 1785K(1920K)->1785K(1920K)
[35.567s][info][gc          ] Trigger: GC request (System.gc())
[35.569s][info][gc          ] GC(20) Concurrent reset 1.820ms
[35.569s][info][gc          ] GC(20) Pause Init Mark (unload classes) 0.044ms
[35.569s][info][gc          ] GC(20) Concurrent marking roots 0.084ms
[37.218s][info][gc          ] GC(20) Concurrent marking (unload classes) 1648.597ms
[37.218s][info][gc          ] GC(20) Pause Final Mark (unload classes) 0.183ms
[37.218s][info][gc          ] GC(20) Concurrent weak references 0.044ms
[37.219s][info][gc          ] GC(20) Concurrent weak roots 0.323ms
[37.219s][info][gc          ] GC(20) Concurrent cleanup 1449M->1449M(6144M) 0.050ms
[37.219s][info][gc          ] GC(20) Concurrent class unloading 0.548ms
[37.219s][info][gc          ] GC(20) Pause Final Roots 0.003ms
[37.219s][info][gc,metaspace] Metaspace: 11156K(11456K)->11156K(11456K) NonClass: 9371K(9536K)->9371K(9536K) Class: 1785K(1920K)->1785K(1920K)
[37.229s][info][gc          ] Trigger: GC request (System.gc())
[37.231s][info][gc          ] GC(21) Concurrent reset 1.802ms
[37.231s][info][gc          ] GC(21) Pause Init Mark (unload classes) 0.048ms
[37.232s][info][gc          ] GC(21) Concurrent marking roots 0.078ms
[39.034s][info][gc          ] GC(21) Concurrent marking (unload classes) 1802.463ms
[39.034s][info][gc          ] GC(21) Pause Final Mark (unload classes) 0.179ms
[39.034s][info][gc          ] GC(21) Concurrent weak references 0.043ms
[39.035s][info][gc          ] GC(21) Concurrent weak roots 0.333ms
[39.035s][info][gc          ] GC(21) Concurrent cleanup 1449M->1449M(6144M) 0.051ms
[39.035s][info][gc          ] GC(21) Concurrent class unloading 0.626ms
[39.036s][info][gc          ] GC(21) Pause Final Roots 0.003ms
[39.036s][info][gc,metaspace] Metaspace: 11156K(11456K)->11156K(11456K) NonClass: 9371K(9536K)->9371K(9536K) Class: 1785K(1920K)->1785K(1920K)
[39.046s][info][gc          ] Trigger: GC request (System.gc())
[39.047s][info][gc          ] GC(22) Concurrent reset 1.687ms
[39.048s][info][gc          ] GC(22) Pause Init Mark (unload classes) 0.043ms
[39.048s][info][gc          ] GC(22) Concurrent marking roots 0.106ms
[40.656s][info][gc          ] GC(22) Concurrent marking (unload classes) 1608.208ms
[40.656s][info][gc          ] GC(22) Pause Final Mark (unload classes) 0.189ms
[40.661s][info][gc          ] GC(22) Concurrent weak references 0.046ms
[40.661s][info][gc          ] GC(22) Concurrent weak roots 0.328ms
[40.661s][info][gc          ] GC(22) Concurrent cleanup 1449M->1449M(6144M) 0.051ms
[40.662s][info][gc          ] GC(22) Concurrent class unloading 0.590ms
[40.662s][info][gc          ] GC(22) Pause Final Roots 0.003ms
[40.662s][info][gc,metaspace] Metaspace: 11156K(11456K)->11156K(11456K) NonClass: 9371K(9536K)->9371K(9536K) Class: 1785K(1920K)->1785K(1920K)
[40.672s][info][gc          ] Trigger: GC request (System.gc())
[40.674s][info][gc          ] GC(23) Concurrent reset 2.054ms
[40.674s][info][gc          ] GC(23) Pause Init Mark (unload classes) 0.047ms
[40.674s][info][gc          ] GC(23) Concurrent marking roots 0.100ms
[42.091s][info][gc          ] GC(23) Concurrent marking (unload classes) 1417.253ms
[42.092s][info][gc          ] GC(23) Pause Final Mark (unload classes) 0.157ms
[42.092s][info][gc          ] GC(23) Concurrent weak references 0.038ms
[42.092s][info][gc          ] GC(23) Concurrent weak roots 0.323ms
[42.092s][info][gc          ] GC(23) Concurrent cleanup 1449M->1449M(6144M) 0.050ms
[42.093s][info][gc          ] GC(23) Concurrent class unloading 0.565ms
[42.093s][info][gc          ] GC(23) Pause Final Roots 0.003ms
[42.093s][info][gc,metaspace] Metaspace: 11156K(11456K)->11156K(11456K) NonClass: 9371K(9536K)->9371K(9536K) Class: 1785K(1920K)->1785K(1920K)
[42.103s][info][gc          ] Trigger: GC request (System.gc())
[42.105s][info][gc          ] GC(24) Concurrent reset 1.741ms
[42.105s][info][gc          ] GC(24) Pause Init Mark (unload classes) 0.046ms
[42.105s][info][gc          ] GC(24) Concurrent marking roots 0.093ms
[43.705s][info][gc          ] GC(24) Concurrent marking (unload classes) 1600.503ms
[43.706s][info][gc          ] GC(24) Pause Final Mark (unload classes) 0.190ms
[43.706s][info][gc          ] GC(24) Concurrent weak references 0.043ms
[43.706s][info][gc          ] GC(24) Concurrent weak roots 0.267ms
[43.706s][info][gc          ] GC(24) Concurrent cleanup 1449M->1449M(6144M) 0.050ms
[43.707s][info][gc          ] GC(24) Concurrent class unloading 0.593ms
[43.707s][info][gc          ] GC(24) Pause Final Roots 0.003ms
[43.707s][info][gc,metaspace] Metaspace: 11156K(11456K)->11156K(11456K) NonClass: 9371K(9536K)->9371K(9536K) Class: 1785K(1920K)->1785K(1920K)
[43.717s][info][gc          ] Trigger: GC request (System.gc())
[43.719s][info][gc          ] GC(25) Concurrent reset 1.753ms
[43.719s][info][gc          ] GC(25) Pause Init Mark (unload classes) 0.046ms
[43.719s][info][gc          ] GC(25) Concurrent marking roots 0.101ms
[45.124s][info][gc          ] GC(25) Concurrent marking (unload classes) 1405.028ms
[45.124s][info][gc          ] GC(25) Pause Final Mark (unload classes) 0.171ms
[45.124s][info][gc          ] GC(25) Concurrent weak references 0.045ms
[45.125s][info][gc          ] GC(25) Concurrent weak roots 0.229ms
[45.125s][info][gc          ] GC(25) Concurrent cleanup 1449M->1449M(6144M) 0.050ms
[45.125s][info][gc          ] GC(25) Concurrent class unloading 0.615ms
[45.125s][info][gc          ] GC(25) Pause Final Roots 0.003ms
[45.125s][info][gc,metaspace] Metaspace: 11156K(11456K)->11156K(11456K) NonClass: 9371K(9536K)->9371K(9536K) Class: 1785K(1920K)->1785K(1920K)
[45.135s][info][gc          ] Trigger: GC request (System.gc())
[45.137s][info][gc          ] GC(26) Concurrent reset 1.799ms
[45.137s][info][gc          ] GC(26) Pause Init Mark (unload classes) 0.046ms
[45.138s][info][gc          ] GC(26) Concurrent marking roots 0.104ms
[46.735s][info][gc          ] GC(26) Concurrent marking (unload classes) 1597.022ms
[46.735s][info][gc          ] GC(26) Pause Final Mark (unload classes) 0.198ms
[46.735s][info][gc          ] GC(26) Concurrent weak references 0.069ms
[46.735s][info][gc          ] GC(26) Concurrent weak roots 0.308ms
[46.735s][info][gc          ] GC(26) Concurrent cleanup 1449M->1449M(6144M) 0.051ms
[46.736s][info][gc          ] GC(26) Concurrent class unloading 0.694ms
[46.736s][info][gc          ] GC(26) Pause Final Roots 0.003ms
[46.736s][info][gc,metaspace] Metaspace: 11156K(11456K)->11156K(11456K) NonClass: 9371K(9536K)->9371K(9536K) Class: 1785K(1920K)->1785K(1920K)
[46.746s][info][gc          ] Trigger: GC request (System.gc())
[46.748s][info][gc          ] GC(27) Concurrent reset 1.818ms
[46.748s][info][gc          ] GC(27) Pause Init Mark (unload classes) 0.046ms
[46.748s][info][gc          ] GC(27) Concurrent marking roots 0.106ms
[48.138s][info][gc          ] GC(27) Concurrent marking (unload classes) 1389.876ms
[48.139s][info][gc          ] GC(27) Pause Final Mark (unload classes) 0.186ms
[48.139s][info][gc          ] GC(27) Concurrent weak references 0.041ms
[48.139s][info][gc          ] GC(27) Concurrent weak roots 0.273ms
[48.139s][info][gc          ] GC(27) Concurrent cleanup 1449M->1449M(6144M) 0.051ms
[48.140s][info][gc          ] GC(27) Concurrent class unloading 0.595ms
[48.140s][info][gc          ] GC(27) Pause Final Roots 0.003ms
[48.140s][info][gc,metaspace] Metaspace: 11156K(11456K)->11156K(11456K) NonClass: 9371K(9536K)->9371K(9536K) Class: 1785K(1920K)->1785K(1920K)
[48.150s][info][gc          ] Trigger: GC request (System.gc())
[48.151s][info][gc          ] GC(28) Concurrent reset 1.686ms
[48.152s][info][gc          ] GC(28) Pause Init Mark (unload classes) 0.041ms
[48.152s][info][gc          ] GC(28) Concurrent marking roots 0.087ms
[49.734s][info][gc          ] GC(28) Concurrent marking (unload classes) 1582.020ms
[49.734s][info][gc          ] GC(28) Pause Final Mark (unload classes) 0.172ms
[49.734s][info][gc          ] GC(28) Concurrent weak references 0.045ms
[49.734s][info][gc          ] GC(28) Concurrent weak roots 0.258ms
[49.734s][info][gc          ] GC(28) Concurrent cleanup 1449M->1449M(6144M) 0.051ms
[49.735s][info][gc          ] GC(28) Concurrent class unloading 0.615ms
[49.735s][info][gc          ] GC(28) Pause Final Roots 0.003ms
[49.735s][info][gc,metaspace] Metaspace: 11156K(11456K)->11156K(11456K) NonClass: 9371K(9536K)->9371K(9536K) Class: 1785K(1920K)->1785K(1920K)
[49.745s][info][gc          ] Trigger: GC request (System.gc())
[49.747s][info][gc          ] GC(29) Concurrent reset 1.985ms
[49.747s][info][gc          ] GC(29) Pause Init Mark (unload classes) 0.049ms
[49.748s][info][gc          ] GC(29) Concurrent marking roots 0.114ms
[51.140s][info][gc          ] GC(29) Concurrent marking (unload classes) 1392.233ms
[51.140s][info][gc          ] GC(29) Pause Final Mark (unload classes) 0.185ms
[51.140s][info][gc          ] GC(29) Concurrent weak references 0.043ms
[51.141s][info][gc          ] GC(29) Concurrent weak roots 0.367ms
[51.141s][info][gc          ] GC(29) Concurrent cleanup 1449M->1449M(6144M) 0.050ms
[51.141s][info][gc          ] GC(29) Concurrent class unloading 0.501ms
[51.141s][info][gc          ] GC(29) Pause Final Roots 0.003ms
[51.141s][info][gc,metaspace] Metaspace: 11156K(11456K)->11156K(11456K) NonClass: 9371K(9536K)->9371K(9536K) Class: 1785K(1920K)->1785K(1920K)
[51.151s][info][gc          ] Trigger: GC request (System.gc())
[51.153s][info][gc          ] GC(30) Concurrent reset 1.927ms
[51.153s][info][gc          ] GC(30) Pause Init Mark (unload classes) 0.047ms
[51.154s][info][gc          ] GC(30) Concurrent marking roots 0.097ms
[52.981s][info][gc          ] GC(30) Concurrent marking (unload classes) 1827.006ms
[52.981s][info][gc          ] GC(30) Pause Final Mark (unload classes) 0.186ms
[52.981s][info][gc          ] GC(30) Concurrent weak references 0.038ms
[52.981s][info][gc          ] GC(30) Concurrent weak roots 0.365ms
[52.981s][info][gc          ] GC(30) Concurrent cleanup 1449M->1449M(6144M) 0.051ms
[52.982s][info][gc          ] GC(30) Concurrent class unloading 0.615ms
[52.982s][info][gc          ] GC(30) Pause Final Roots 0.003ms
[52.982s][info][gc,metaspace] Metaspace: 11156K(11456K)->11156K(11456K) NonClass: 9371K(9536K)->9371K(9536K) Class: 1785K(1920K)->1785K(1920K)
[52.992s][info][gc          ] Trigger: GC request (System.gc())
[52.994s][info][gc          ] GC(31) Concurrent reset 2.104ms
[52.994s][info][gc          ] GC(31) Pause Init Mark (unload classes) 0.044ms
[52.995s][info][gc          ] GC(31) Concurrent marking roots 0.088ms
[54.900s][info][gc          ] GC(31) Concurrent marking (unload classes) 1905.050ms
[54.900s][info][gc          ] GC(31) Pause Final Mark (unload classes) 0.191ms
[54.900s][info][gc          ] GC(31) Concurrent weak references 0.045ms
[54.900s][info][gc          ] GC(31) Concurrent weak roots 0.248ms
[54.900s][info][gc          ] GC(31) Concurrent cleanup 1449M->1449M(6144M) 0.050ms
[54.901s][info][gc          ] GC(31) Concurrent class unloading 0.601ms
[54.901s][info][gc          ] GC(31) Pause Final Roots 0.003ms
[54.901s][info][gc,metaspace] Metaspace: 11156K(11456K)->11156K(11456K) NonClass: 9371K(9536K)->9371K(9536K) Class: 1785K(1920K)->1785K(1920K)
[54.911s][info][gc          ] Trigger: GC request (System.gc())
[54.913s][info][gc          ] GC(32) Concurrent reset 1.744ms
[54.913s][info][gc          ] GC(32) Pause Init Mark (unload classes) 0.043ms
[54.913s][info][gc          ] GC(32) Concurrent marking roots 0.088ms
[56.562s][info][gc          ] GC(32) Concurrent marking (unload classes) 1648.971ms
[56.562s][info][gc          ] GC(32) Pause Final Mark (unload classes) 0.174ms
[56.563s][info][gc          ] GC(32) Concurrent weak references 0.053ms
[56.563s][info][gc          ] GC(32) Concurrent weak roots 0.261ms
[56.563s][info][gc          ] GC(32) Concurrent cleanup 1449M->1449M(6144M) 0.050ms
[56.564s][info][gc          ] GC(32) Concurrent class unloading 0.640ms
[56.564s][info][gc          ] GC(32) Pause Final Roots 0.003ms
[56.564s][info][gc,metaspace] Metaspace: 11156K(11456K)->11156K(11456K) NonClass: 9371K(9536K)->9371K(9536K) Class: 1785K(1920K)->1785K(1920K)
[56.574s][info][gc          ] Trigger: GC request (System.gc())
[56.575s][info][gc          ] GC(33) Concurrent reset 1.724ms
[56.576s][info][gc          ] GC(33) Pause Init Mark (unload classes) 0.046ms
[56.576s][info][gc          ] GC(33) Concurrent marking roots 0.100ms
[58.035s][info][gc          ] GC(33) Concurrent marking (unload classes) 1458.803ms
[58.035s][info][gc          ] GC(33) Pause Final Mark (unload classes) 0.188ms
[58.035s][info][gc          ] GC(33) Concurrent weak references 0.045ms
[58.035s][info][gc          ] GC(33) Concurrent weak roots 0.321ms
[58.035s][info][gc          ] GC(33) Concurrent cleanup 1449M->1449M(6144M) 0.051ms
[58.036s][info][gc          ] GC(33) Concurrent class unloading 0.537ms
[58.036s][info][gc          ] GC(33) Pause Final Roots 0.003ms
[58.036s][info][gc,metaspace] Metaspace: 11156K(11456K)->11156K(11456K) NonClass: 9371K(9536K)->9371K(9536K) Class: 1785K(1920K)->1785K(1920K)
[58.046s][info][gc          ] Trigger: GC request (System.gc())
[58.048s][info][gc          ] GC(34) Concurrent reset 1.659ms
[58.048s][info][gc          ] GC(34) Pause Init Mark (unload classes) 0.046ms
[58.048s][info][gc          ] GC(34) Concurrent marking roots 0.119ms
[59.925s][info][gc          ] GC(34) Concurrent marking (unload classes) 1876.529ms
[59.925s][info][gc          ] GC(34) Pause Final Mark (unload classes) 0.188ms
[59.925s][info][gc          ] GC(34) Concurrent weak references 0.044ms
[59.925s][info][gc          ] GC(34) Concurrent weak roots 0.322ms
[59.925s][info][gc          ] GC(34) Concurrent cleanup 1449M->1449M(6144M) 0.050ms
[59.926s][info][gc          ] GC(34) Concurrent class unloading 0.614ms
[59.926s][info][gc          ] GC(34) Pause Final Roots 0.003ms
[59.926s][info][gc,metaspace] Metaspace: 11156K(11456K)->11156K(11456K) NonClass: 9371K(9536K)->9371K(9536K) Class: 1785K(1920K)->1785K(1920K)
[59.936s][info][gc          ] Trigger: GC request (System.gc())
[59.938s][info][gc          ] GC(35) Concurrent reset 1.718ms
[59.938s][info][gc          ] GC(35) Pause Init Mark (unload classes) 0.049ms
[59.938s][info][gc          ] GC(35) Concurrent marking roots 0.093ms
[61.578s][info][gc          ] GC(35) Concurrent marking (unload classes) 1640.006ms
[61.578s][info][gc          ] GC(35) Pause Final Mark (unload classes) 0.175ms
[61.579s][info][gc          ] GC(35) Concurrent weak references 0.052ms
[61.579s][info][gc          ] GC(35) Concurrent weak roots 0.236ms
[61.579s][info][gc          ] GC(35) Concurrent cleanup 1452M->1452M(6144M) 0.050ms
[61.580s][info][gc          ] GC(35) Concurrent class unloading 0.654ms
[61.580s][info][gc          ] GC(35) Pause Final Roots 0.003ms
[61.580s][info][gc,metaspace] Metaspace: 11156K(11456K)->11156K(11456K) NonClass: 9371K(9536K)->9371K(9536K) Class: 1785K(1920K)->1785K(1920K)
[61.581s][info][gc          ] Trigger: GC request (System.gc())
[61.582s][info][gc          ] GC(36) Concurrent reset 1.738ms
[61.583s][info][gc          ] GC(36) Pause Init Mark (unload classes) 0.044ms
[61.583s][info][gc          ] GC(36) Concurrent marking roots 0.098ms
[63.007s][info][gc          ] GC(36) Concurrent marking (unload classes) 1424.197ms
[63.007s][info][gc          ] GC(36) Pause Final Mark (unload classes) 0.165ms
[63.007s][info][gc          ] GC(36) Concurrent thread roots 0.066ms
[63.007s][info][gc          ] GC(36) Concurrent weak references 0.039ms
[63.008s][info][gc          ] GC(36) Concurrent weak roots 0.253ms
[63.008s][info][gc          ] GC(36) Concurrent cleanup 1452M->1452M(6144M) 0.053ms
[63.008s][info][gc          ] GC(36) Concurrent class unloading 0.573ms
[63.008s][info][gc          ] GC(36) Concurrent strong roots 0.056ms
[63.008s][info][gc          ] GC(36) Concurrent evacuation 0.033ms
[63.008s][info][gc          ] GC(36) Pause Init Update Refs 0.006ms
[63.008s][info][gc          ] GC(36) At start of update refs, moving 4096K to Mutator free partition from Collector Reserve
[64.145s][info][gc          ] GC(36) Concurrent update references 1136.157ms
[64.146s][info][gc          ] GC(36) Concurrent update thread roots 0.208ms
[64.146s][info][gc          ] GC(36) Pause Final Update Refs 0.061ms
[64.146s][info][gc          ] GC(36) Concurrent cleanup 1452M->1449M(6144M) 0.052ms
[64.146s][info][gc,metaspace] Metaspace: 11156K(11456K)->11156K(11456K) NonClass: 9371K(9536K)->9371K(9536K) Class: 1785K(1920K)->1785K(1920K)
[64.147s][info][gc          ] Trigger: GC request (System.gc())
[64.149s][info][gc          ] GC(37) Concurrent reset 1.958ms
[64.150s][info][gc          ] GC(37) Pause Init Mark (unload classes) 0.056ms
[64.150s][info][gc          ] GC(37) Concurrent marking roots 0.091ms
[66.010s][info][gc          ] GC(37) Concurrent marking (unload classes) 1860.819ms
[66.011s][info][gc          ] GC(37) Pause Final Mark (unload classes) 0.156ms
[66.011s][info][gc          ] GC(37) Concurrent weak references 0.045ms
[66.011s][info][gc          ] GC(37) Concurrent weak roots 0.310ms
[66.011s][info][gc          ] GC(37) Concurrent cleanup 1449M->1449M(6144M) 0.050ms
[66.012s][info][gc          ] GC(37) Concurrent class unloading 0.694ms
[66.012s][info][gc          ] GC(37) Pause Final Roots 0.003ms
[66.012s][info][gc,metaspace] Metaspace: 11156K(11456K)->11156K(11456K) NonClass: 9371K(9536K)->9371K(9536K) Class: 1785K(1920K)->1785K(1920K)
[66.014s][info][gc          ] Trigger: GC request (System.gc())
[66.016s][info][gc          ] GC(38) Concurrent reset 1.828ms
[66.016s][info][gc          ] GC(38) Pause Init Mark (unload classes) 0.044ms
[66.016s][info][gc          ] GC(38) Concurrent marking roots 0.080ms
[67.932s][info][gc          ] GC(38) Concurrent marking (unload classes) 1915.705ms
[67.932s][info][gc          ] GC(38) Pause Final Mark (unload classes) 0.168ms
[67.932s][info][gc          ] GC(38) Concurrent weak references 0.042ms
[67.933s][info][gc          ] GC(38) Concurrent weak roots 0.312ms
[67.933s][info][gc          ] GC(38) Concurrent cleanup 1449M->1449M(6144M) 0.051ms
[67.933s][info][gc          ] GC(38) Concurrent class unloading 0.611ms
[67.933s][info][gc          ] GC(38) Pause Final Roots 0.003ms
[67.933s][info][gc,metaspace] Metaspace: 11156K(11456K)->11156K(11456K) NonClass: 9371K(9536K)->9371K(9536K) Class: 1785K(1920K)->1785K(1920K)
[67.937s][info][gc          ] Trigger: GC request (System.gc())
[67.939s][info][gc          ] GC(39) Concurrent reset 1.796ms
[67.939s][info][gc          ] GC(39) Pause Init Mark (unload classes) 0.045ms
[67.940s][info][gc          ] GC(39) Concurrent marking roots 0.087ms
[69.940s][info][gc          ] GC(39) Concurrent marking (unload classes) 2000.004ms
[69.940s][info][gc          ] GC(39) Pause Final Mark (unload classes) 0.179ms
[69.944s][info][gc          ] GC(39) Concurrent weak references 0.068ms
[69.945s][info][gc          ] GC(39) Concurrent weak roots 0.315ms
[69.945s][info][gc          ] GC(39) Concurrent cleanup 1449M->1449M(6144M) 0.050ms
[69.945s][info][gc          ] GC(39) Concurrent class unloading 0.670ms
[69.945s][info][gc          ] GC(39) Pause Final Roots 0.003ms
[69.945s][info][gc,metaspace] Metaspace: 11156K(11456K)->11156K(11456K) NonClass: 9371K(9536K)->9371K(9536K) Class: 1785K(1920K)->1785K(1920K)
[69.954s][info][gc          ] Trigger: GC request (System.gc())
[69.956s][info][gc          ] GC(40) Concurrent reset 1.840ms
[69.956s][info][gc          ] GC(40) Pause Init Mark (unload classes) 0.047ms
[69.956s][info][gc          ] GC(40) Concurrent marking roots 0.076ms
[71.875s][info][gc          ] GC(40) Concurrent marking (unload classes) 1919.336ms
[71.875s][info][gc          ] GC(40) Pause Final Mark (unload classes) 0.185ms
[71.876s][info][gc          ] GC(40) Concurrent weak references 0.043ms
[71.876s][info][gc          ] GC(40) Concurrent weak roots 0.373ms
[71.876s][info][gc          ] GC(40) Concurrent cleanup 1449M->1449M(6144M) 0.051ms
[71.876s][info][gc          ] GC(40) Concurrent class unloading 0.506ms
[71.877s][info][gc          ] GC(40) Pause Final Roots 0.003ms
[71.877s][info][gc,metaspace] Metaspace: 11156K(11456K)->11156K(11456K) NonClass: 9371K(9536K)->9371K(9536K) Class: 1785K(1920K)->1785K(1920K)
[71.887s][info][gc          ] Trigger: GC request (System.gc())
[71.888s][info][gc          ] GC(41) Concurrent reset 1.826ms
[71.889s][info][gc          ] GC(41) Pause Init Mark (unload classes) 0.046ms
[71.889s][info][gc          ] GC(41) Concurrent marking roots 0.085ms
[73.834s][info][gc          ] GC(41) Concurrent marking (unload classes) 1945.106ms
[73.834s][info][gc          ] GC(41) Pause Final Mark (unload classes) 0.186ms
[73.834s][info][gc          ] GC(41) Concurrent weak references 0.045ms
[73.835s][info][gc          ] GC(41) Concurrent weak roots 0.289ms
[73.835s][info][gc          ] GC(41) Concurrent cleanup 1449M->1449M(6144M) 0.050ms
[73.835s][info][gc          ] GC(41) Concurrent class unloading 0.602ms
[73.835s][info][gc          ] GC(41) Pause Final Roots 0.003ms
[73.835s][info][gc,metaspace] Metaspace: 11156K(11456K)->11156K(11456K) NonClass: 9371K(9536K)->9371K(9536K) Class: 1785K(1920K)->1785K(1920K)
[73.845s][info][gc          ] Trigger: GC request (System.gc())
[73.847s][info][gc          ] GC(42) Concurrent reset 1.777ms
[73.847s][info][gc          ] GC(42) Pause Init Mark (unload classes) 0.039ms
[73.847s][info][gc          ] GC(42) Concurrent marking roots 0.091ms
[75.373s][info][gc          ] GC(42) Concurrent marking (unload classes) 1525.059ms
[75.373s][info][gc          ] GC(42) Pause Final Mark (unload classes) 0.190ms
[75.373s][info][gc          ] GC(42) Concurrent weak references 0.038ms
[75.373s][info][gc          ] GC(42) Concurrent weak roots 0.326ms
[75.373s][info][gc          ] GC(42) Concurrent cleanup 1449M->1449M(6144M) 0.051ms
[75.374s][info][gc          ] GC(42) Concurrent class unloading 0.626ms
[75.374s][info][gc          ] GC(42) Pause Final Roots 0.003ms
[75.374s][info][gc,metaspace] Metaspace: 11156K(11456K)->11156K(11456K) NonClass: 9371K(9536K)->9371K(9536K) Class: 1785K(1920K)->1785K(1920K)
[75.384s][info][gc          ] Trigger: GC request (System.gc())
[75.386s][info][gc          ] GC(43) Concurrent reset 1.717ms
[75.386s][info][gc          ] GC(43) Pause Init Mark (unload classes) 0.046ms
[75.386s][info][gc          ] GC(43) Concurrent marking roots 0.085ms
[76.929s][info][gc          ] GC(43) Concurrent marking (unload classes) 1542.683ms
[76.929s][info][gc          ] GC(43) Pause Final Mark (unload classes) 0.187ms
[76.929s][info][gc          ] GC(43) Concurrent weak references 0.038ms
[76.929s][info][gc          ] GC(43) Concurrent weak roots 0.290ms
[76.930s][info][gc          ] GC(43) Concurrent cleanup 1449M->1449M(6144M) 0.050ms
[76.930s][info][gc          ] GC(43) Concurrent class unloading 0.627ms
[76.930s][info][gc          ] GC(43) Pause Final Roots 0.003ms
[76.930s][info][gc,metaspace] Metaspace: 11156K(11456K)->11156K(11456K) NonClass: 9371K(9536K)->9371K(9536K) Class: 1785K(1920K)->1785K(1920K)
[76.940s][info][gc          ] Trigger: GC request (System.gc())
[76.942s][info][gc          ] GC(44) Concurrent reset 1.809ms
[76.942s][info][gc          ] GC(44) Pause Init Mark (unload classes) 0.053ms
[76.943s][info][gc          ] GC(44) Concurrent marking roots 0.108ms
[78.585s][info][gc          ] GC(44) Concurrent marking (unload classes) 1642.237ms
[78.585s][info][gc          ] GC(44) Pause Final Mark (unload classes) 0.184ms
[78.585s][info][gc          ] GC(44) Concurrent weak references 0.054ms
[78.586s][info][gc          ] GC(44) Concurrent weak roots 0.335ms
[78.586s][info][gc          ] GC(44) Concurrent cleanup 1449M->1449M(6144M) 0.050ms
[78.586s][info][gc          ] GC(44) Concurrent class unloading 0.546ms
[78.586s][info][gc          ] GC(44) Pause Final Roots 0.003ms
[78.586s][info][gc,metaspace] Metaspace: 11156K(11456K)->11156K(11456K) NonClass: 9371K(9536K)->9371K(9536K) Class: 1785K(1920K)->1785K(1920K)
[78.596s][info][gc          ] Trigger: GC request (System.gc())
[78.598s][info][gc          ] GC(45) Concurrent reset 1.797ms
[78.598s][info][gc          ] GC(45) Pause Init Mark (unload classes) 0.053ms
[78.598s][info][gc          ] GC(45) Concurrent marking roots 0.116ms
[80.055s][info][gc          ] GC(45) Concurrent marking (unload classes) 1456.219ms
[80.055s][info][gc          ] GC(45) Pause Final Mark (unload classes) 0.185ms
[80.055s][info][gc          ] GC(45) Concurrent weak references 0.043ms
[80.055s][info][gc          ] GC(45) Concurrent weak roots 0.262ms
[80.055s][info][gc          ] GC(45) Concurrent cleanup 1449M->1449M(6144M) 0.050ms
[80.056s][info][gc          ] GC(45) Concurrent class unloading 0.593ms
[80.056s][info][gc          ] GC(45) Pause Final Roots 0.003ms
[80.056s][info][gc,metaspace] Metaspace: 11156K(11456K)->11156K(11456K) NonClass: 9371K(9536K)->9371K(9536K) Class: 1785K(1920K)->1785K(1920K)
[80.066s][info][gc          ] Trigger: GC request (System.gc())
[80.068s][info][gc          ] GC(46) Concurrent reset 1.673ms
[80.068s][info][gc          ] GC(46) Pause Init Mark (unload classes) 0.041ms
[80.068s][info][gc          ] GC(46) Concurrent marking roots 0.098ms
[81.672s][info][gc          ] GC(46) Concurrent marking (unload classes) 1604.345ms
[81.673s][info][gc          ] GC(46) Pause Final Mark (unload classes) 0.178ms
[81.673s][info][gc          ] GC(46) Concurrent weak references 0.041ms
[81.673s][info][gc          ] GC(46) Concurrent weak roots 0.291ms
[81.673s][info][gc          ] GC(46) Concurrent cleanup 1449M->1449M(6144M) 0.051ms
[81.674s][info][gc          ] GC(46) Concurrent class unloading 0.639ms
[81.674s][info][gc          ] GC(46) Pause Final Roots 0.003ms
[81.674s][info][gc,metaspace] Metaspace: 11156K(11456K)->11156K(11456K) NonClass: 9371K(9536K)->9371K(9536K) Class: 1785K(1920K)->1785K(1920K)
[81.684s][info][gc          ] Trigger: GC request (System.gc())
[81.686s][info][gc          ] GC(47) Concurrent reset 1.753ms
[81.686s][info][gc          ] GC(47) Pause Init Mark (unload classes) 0.046ms
[81.686s][info][gc          ] GC(47) Concurrent marking roots 0.086ms
[83.097s][info][gc          ] GC(47) Concurrent marking (unload classes) 1411.196ms
[83.098s][info][gc          ] GC(47) Pause Final Mark (unload classes) 0.193ms
[83.098s][info][gc          ] GC(47) Concurrent weak references 0.064ms
[83.098s][info][gc          ] GC(47) Concurrent weak roots 0.306ms
[83.098s][info][gc          ] GC(47) Concurrent cleanup 1449M->1449M(6144M) 0.050ms
[83.099s][info][gc          ] GC(47) Concurrent class unloading 0.697ms
[83.099s][info][gc          ] GC(47) Pause Final Roots 0.003ms
[83.099s][info][gc,metaspace] Metaspace: 11156K(11456K)->11156K(11456K) NonClass: 9371K(9536K)->9371K(9536K) Class: 1785K(1920K)->1785K(1920K)
[83.109s][info][gc          ] Trigger: GC request (System.gc())
[83.111s][info][gc          ] GC(48) Concurrent reset 1.690ms
[83.111s][info][gc          ] GC(48) Pause Init Mark (unload classes) 0.048ms
[83.111s][info][gc          ] GC(48) Concurrent marking roots 0.080ms
[84.957s][info][gc          ] GC(48) Concurrent marking (unload classes) 1846.048ms
[84.957s][info][gc          ] GC(48) Pause Final Mark (unload classes) 0.190ms
[84.957s][info][gc          ] GC(48) Concurrent weak references 0.043ms
[84.958s][info][gc          ] GC(48) Concurrent weak roots 0.310ms
[84.958s][info][gc          ] GC(48) Concurrent cleanup 1449M->1449M(6144M) 0.050ms
[84.958s][info][gc          ] GC(48) Concurrent class unloading 0.537ms
[84.958s][info][gc          ] GC(48) Pause Final Roots 0.003ms
[84.958s][info][gc,metaspace] Metaspace: 11156K(11456K)->11156K(11456K) NonClass: 9371K(9536K)->9371K(9536K) Class: 1785K(1920K)->1785K(1920K)
[84.969s][info][gc          ] Trigger: GC request (System.gc())
[84.970s][info][gc          ] GC(49) Concurrent reset 1.726ms
[84.970s][info][gc          ] GC(49) Pause Init Mark (unload classes) 0.044ms
[84.971s][info][gc          ] GC(49) Concurrent marking roots 0.113ms
[86.600s][info][gc          ] GC(49) Concurrent marking (unload classes) 1629.416ms
[86.600s][info][gc          ] GC(49) Pause Final Mark (unload classes) 0.195ms
[86.600s][info][gc          ] GC(49) Concurrent weak references 0.057ms
[86.601s][info][gc          ] GC(49) Concurrent weak roots 0.322ms
[86.601s][info][gc          ] GC(49) Concurrent cleanup 1449M->1449M(6144M) 0.050ms
[86.601s][info][gc          ] GC(49) Concurrent class unloading 0.612ms
[86.601s][info][gc          ] GC(49) Pause Final Roots 0.003ms
[86.602s][info][gc,metaspace] Metaspace: 11156K(11456K)->11156K(11456K) NonClass: 9371K(9536K)->9371K(9536K) Class: 1785K(1920K)->1785K(1920K)
[86.612s][info][gc          ] Trigger: GC request (System.gc())
[86.613s][info][gc          ] GC(50) Concurrent reset 1.816ms
[86.614s][info][gc          ] GC(50) Pause Init Mark (unload classes) 0.046ms
[86.614s][info][gc          ] GC(50) Concurrent marking roots 0.095ms
[88.065s][info][gc          ] GC(50) Concurrent marking (unload classes) 1450.952ms
[88.065s][info][gc          ] GC(50) Pause Final Mark (unload classes) 0.188ms
[88.065s][info][gc          ] GC(50) Concurrent weak references 0.041ms
[88.066s][info][gc          ] GC(50) Concurrent weak roots 0.231ms
[88.066s][info][gc          ] GC(50) Concurrent cleanup 1449M->1449M(6144M) 0.051ms
[88.066s][info][gc          ] GC(50) Concurrent class unloading 0.589ms
[88.066s][info][gc          ] GC(50) Pause Final Roots 0.003ms
[88.066s][info][gc,metaspace] Metaspace: 11156K(11456K)->11156K(11456K) NonClass: 9371K(9536K)->9371K(9536K) Class: 1785K(1920K)->1785K(1920K)
[88.076s][info][gc          ] Trigger: GC request (System.gc())
[88.078s][info][gc          ] GC(51) Concurrent reset 1.748ms
[88.078s][info][gc          ] GC(51) Pause Init Mark (unload classes) 0.041ms
[88.078s][info][gc          ] GC(51) Concurrent marking roots 0.102ms
[89.678s][info][gc          ] GC(51) Concurrent marking (unload classes) 1599.095ms
[89.678s][info][gc          ] GC(51) Pause Final Mark (unload classes) 0.172ms
[89.678s][info][gc          ] GC(51) Concurrent weak references 0.041ms
[89.678s][info][gc          ] GC(51) Concurrent weak roots 0.240ms
[89.678s][info][gc          ] GC(51) Concurrent cleanup 1449M->1449M(6144M) 0.050ms
[89.679s][info][gc          ] GC(51) Concurrent class unloading 0.618ms
[89.679s][info][gc          ] GC(51) Pause Final Roots 0.003ms
[89.679s][info][gc,metaspace] Metaspace: 11156K(11456K)->11156K(11456K) NonClass: 9371K(9536K)->9371K(9536K) Class: 1785K(1920K)->1785K(1920K)
[89.689s][info][gc          ] Trigger: GC request (System.gc())
[89.691s][info][gc          ] GC(52) Concurrent reset 1.764ms
[89.691s][info][gc          ] GC(52) Pause Init Mark (unload classes) 0.048ms
[89.691s][info][gc          ] GC(52) Concurrent marking roots 0.093ms
[91.106s][info][gc          ] GC(52) Concurrent marking (unload classes) 1415.094ms
[91.106s][info][gc          ] GC(52) Pause Final Mark (unload classes) 0.186ms
[91.107s][info][gc          ] GC(52) Concurrent weak references 0.044ms
[91.107s][info][gc          ] GC(52) Concurrent weak roots 0.244ms
[91.107s][info][gc          ] GC(52) Concurrent cleanup 1449M->1449M(6144M) 0.050ms
[91.107s][info][gc          ] GC(52) Concurrent class unloading 0.598ms
[91.108s][info][gc          ] GC(52) Pause Final Roots 0.003ms
[91.108s][info][gc,metaspace] Metaspace: 11156K(11456K)->11156K(11456K) NonClass: 9371K(9536K)->9371K(9536K) Class: 1785K(1920K)->1785K(1920K)
[91.118s][info][gc          ] Trigger: GC request (System.gc())
[91.120s][info][gc          ] GC(53) Concurrent reset 1.782ms
[91.120s][info][gc          ] GC(53) Pause Init Mark (unload classes) 0.040ms
[91.120s][info][gc          ] GC(53) Concurrent marking roots 0.099ms
[92.715s][info][gc          ] GC(53) Concurrent marking (unload classes) 1594.499ms
[92.715s][info][gc          ] GC(53) Pause Final Mark (unload classes) 0.192ms
[92.715s][info][gc          ] GC(53) Concurrent weak references 0.045ms
[92.715s][info][gc          ] GC(53) Concurrent weak roots 0.322ms
[92.715s][info][gc          ] GC(53) Concurrent cleanup 1449M->1449M(6144M) 0.051ms
[92.716s][info][gc          ] GC(53) Concurrent class unloading 0.529ms
[92.716s][info][gc          ] GC(53) Pause Final Roots 0.003ms
[92.716s][info][gc,metaspace] Metaspace: 11156K(11456K)->11156K(11456K) NonClass: 9371K(9536K)->9371K(9536K) Class: 1785K(1920K)->1785K(1920K)
[92.726s][info][gc          ] Trigger: GC request (System.gc())
[92.728s][info][gc          ] GC(54) Concurrent reset 1.761ms
[92.728s][info][gc          ] GC(54) Pause Init Mark (unload classes) 0.048ms
[92.728s][info][gc          ] GC(54) Concurrent marking roots 0.108ms
[94.127s][info][gc          ] GC(54) Concurrent marking (unload classes) 1399.283ms
[94.128s][info][gc          ] GC(54) Pause Final Mark (unload classes) 0.188ms
[94.128s][info][gc          ] GC(54) Concurrent weak references 0.042ms
[94.128s][info][gc          ] GC(54) Concurrent weak roots 0.323ms
[94.128s][info][gc          ] GC(54) Concurrent cleanup 1449M->1449M(6144M) 0.051ms
[94.129s][info][gc          ] GC(54) Concurrent class unloading 0.592ms
[94.129s][info][gc          ] GC(54) Pause Final Roots 0.003ms
[94.129s][info][gc,metaspace] Metaspace: 11156K(11456K)->11156K(11456K) NonClass: 9371K(9536K)->9371K(9536K) Class: 1785K(1920K)->1785K(1920K)
[94.139s][info][gc          ] Trigger: GC request (System.gc())
[94.141s][info][gc          ] GC(55) Concurrent reset 1.759ms
[94.141s][info][gc          ] GC(55) Pause Init Mark (unload classes) 0.044ms
[94.141s][info][gc          ] GC(55) Concurrent marking roots 0.096ms
[95.739s][info][gc          ] GC(55) Concurrent marking (unload classes) 1597.580ms
[95.739s][info][gc          ] GC(55) Pause Final Mark (unload classes) 0.171ms
[95.739s][info][gc          ] GC(55) Concurrent weak references 0.043ms
[95.739s][info][gc          ] GC(55) Concurrent weak roots 0.262ms
[95.739s][info][gc          ] GC(55) Concurrent cleanup 1449M->1449M(6144M) 0.051ms
[95.740s][info][gc          ] GC(55) Concurrent class unloading 0.626ms
[95.740s][info][gc          ] GC(55) Pause Final Roots 0.003ms
[95.740s][info][gc,metaspace] Metaspace: 11156K(11456K)->11156K(11456K) NonClass: 9371K(9536K)->9371K(9536K) Class: 1785K(1920K)->1785K(1920K)
[95.750s][info][gc          ] Trigger: GC request (System.gc())
[95.752s][info][gc          ] GC(56) Concurrent reset 1.810ms
[95.752s][info][gc          ] GC(56) Pause Init Mark (unload classes) 0.046ms
[95.752s][info][gc          ] GC(56) Concurrent marking roots 0.091ms
[97.137s][info][gc          ] GC(56) Concurrent marking (unload classes) 1384.654ms
[97.137s][info][gc          ] GC(56) Pause Final Mark (unload classes) 0.183ms
[97.137s][info][gc          ] GC(56) Concurrent weak references 0.043ms
[97.138s][info][gc          ] GC(56) Concurrent weak roots 0.394ms
[97.138s][info][gc          ] GC(56) Concurrent cleanup 1449M->1449M(6144M) 0.051ms
[97.138s][info][gc          ] GC(56) Concurrent class unloading 0.594ms
[97.138s][info][gc          ] GC(56) Pause Final Roots 0.003ms
[97.138s][info][gc,metaspace] Metaspace: 11156K(11456K)->11156K(11456K) NonClass: 9371K(9536K)->9371K(9536K) Class: 1785K(1920K)->1785K(1920K)
[97.149s][info][gc          ] Trigger: GC request (System.gc())
[97.151s][info][gc          ] GC(57) Concurrent reset 2.137ms
[97.151s][info][gc          ] GC(57) Pause Init Mark (unload classes) 0.044ms
[97.151s][info][gc          ] GC(57) Concurrent marking roots 0.083ms
[98.989s][info][gc          ] GC(57) Concurrent marking (unload classes) 1838.134ms
[98.989s][info][gc          ] GC(57) Pause Final Mark (unload classes) 0.186ms
[98.989s][info][gc          ] GC(57) Concurrent weak references 0.039ms
[98.990s][info][gc          ] GC(57) Concurrent weak roots 0.268ms
[98.990s][info][gc          ] GC(57) Concurrent cleanup 1449M->1449M(6144M) 0.050ms
[98.990s][info][gc          ] GC(57) Concurrent class unloading 0.601ms
[98.990s][info][gc          ] GC(57) Pause Final Roots 0.003ms
[98.990s][info][gc,metaspace] Metaspace: 11156K(11456K)->11156K(11456K) NonClass: 9371K(9536K)->9371K(9536K) Class: 1785K(1920K)->1785K(1920K)
[99.001s][info][gc          ] Trigger: GC request (System.gc())
[99.002s][info][gc          ] GC(58) Concurrent reset 1.726ms
[99.002s][info][gc          ] GC(58) Pause Init Mark (unload classes) 0.039ms
[99.003s][info][gc          ] GC(58) Concurrent marking roots 0.092ms
[100.623s][info][gc          ] GC(58) Concurrent marking (unload classes) 1620.925ms
[100.624s][info][gc          ] GC(58) Pause Final Mark (unload classes) 0.189ms
[100.624s][info][gc          ] GC(58) Concurrent weak references 0.041ms
[100.624s][info][gc          ] GC(58) Concurrent weak roots 0.314ms
[100.624s][info][gc          ] GC(58) Concurrent cleanup 1449M->1449M(6144M) 0.051ms
[100.625s][info][gc          ] GC(58) Concurrent class unloading 0.528ms
[100.625s][info][gc          ] GC(58) Pause Final Roots 0.003ms
[100.625s][info][gc,metaspace] Metaspace: 11156K(11456K)->11156K(11456K) NonClass: 9371K(9536K)->9371K(9536K) Class: 1785K(1920K)->1785K(1920K)
After GCs... 
[100.634s][info][gc          ] Cancelling GC: Stopping VM
