[0.006s][info][metaspace]  - commit_granule_bytes: 65536.
[0.006s][info][metaspace]  - commit_granule_words: 8192.
[0.006s][info][metaspace]  - virtual_space_node_default_size: 8388608.
[0.006s][info][metaspace]  - enlarge_chunks_in_place: 1.
[0.006s][info][metaspace]  - use_allocation_guard: 0.
[0.367s][info][gc       ] Using The Z Garbage Collector
[0.367s][info][metaspace] Reserving compressed class space anywhere
[0.367s][info][gc,metaspace] CDS archive(s) not mapped
[0.367s][info][gc,metaspace] Compressed class space mapped at: 0x000000002d000000-0x00000000ed000000, reserved size: 3221225472
[0.367s][info][gc,metaspace] UseCompressedClassPointers 1, UseCompactObjectHeaders 0, narrow klass pointer bits 32, max shift 3
[0.367s][info][gc,metaspace] Narrow klass base: 0x0000000000000000, Narrow klass shift: 0, Narrow klass range: 0xed000000
Random Seed: 12345678
Num Classes: 16
Num Objects: 67108864
Percent IK Objects: 83.0%)
Percent OAK Objects: 5.0%)
Percent TAK Objects: 12.0%)
Cycles: 50
Loading 16 pre-generated classes ...
Materialize pre-generated constructors ...
Creating objects...
[0.586s][info][gc          ] GC(0) Major Collection (System.gc())
[0.598s][info][gc,metaspace] GC(0) Y: Metaspace: 10M used, 11M committed, 3136M reserved
[0.602s][info][gc,metaspace] GC(0) Y: Metaspace: 10M used, 11M committed, 3136M reserved
[0.616s][info][gc,metaspace] GC(0) O: Metaspace: 10M used, 11M committed, 3136M reserved
[0.616s][info][gc          ] GC(0) Major Collection (System.gc()) 50M(1%)->42M(1%) 0.030s
[0.783s][info][gc          ] GC(1) Major Collection (Warmup)
[0.902s][info][gc,metaspace] GC(1) Y: Metaspace: 10M used, 11M committed, 3136M reserved
[0.915s][info][gc,metaspace] GC(1) O: Metaspace: 10M used, 11M committed, 3136M reserved
[0.915s][info][gc          ] GC(1) Major Collection (Warmup) 616M(10%)->730M(12%) 0.133s
[1.131s][info][gc          ] GC(2) Major Collection (Warmup)
[2.484s][info][gc,metaspace] GC(2) Y: Metaspace: 10M used, 11M committed, 3136M reserved
[2.487s][info][gc          ] GC(3) Minor Collection (Allocation Rate)
[3.869s][info][gc          ] Allocation Stall (main) 329.638ms
[4.239s][info][gc,metaspace] GC(3) y: Metaspace: 10M used, 11M committed, 3136M reserved
[4.239s][info][gc          ] GC(3) Minor Collection (Allocation Rate) 3700M(60%)->3956M(64%) 1.752s
[5.014s][info][gc          ] GC(4) Minor Collection (Allocation Rate)
[7.185s][info][gc          ] Allocation Stall (main) 2048.639ms
[7.794s][info][gc,metaspace] GC(4) y: Metaspace: 10M used, 11M committed, 3136M reserved
[7.794s][info][gc          ] GC(4) Minor Collection (Allocation Rate) 5850M(95%)->2702M(44%) 2.780s
[7.794s][info][gc,metaspace] GC(2) O: Metaspace: 10M used, 11M committed, 3136M reserved
[7.794s][info][gc          ] GC(2) Major Collection (Warmup) 1242M(20%)->2702M(44%) 6.663s
[7.801s][info][gc          ] GC(5) Major Collection (Warmup)
[10.331s][info][gc          ] Allocation Stall (main) 1050.339ms
[10.918s][info][gc,metaspace] GC(5) Y: Metaspace: 10M used, 11M committed, 3136M reserved
[10.918s][info][gc          ] GC(6) Minor Collection (Allocation Stall)
[13.880s][info][gc          ] Allocation Stall (main) 2865.605ms
67108864 Objects created
 - IK: 55699211 (82.99829%)
 - OAK: 3355627 (5.0002737%)
 - TAK: 8054026 (12.001434%)
Preparatory GC...
[14.373s][info][gc,metaspace] GC(6) y: Metaspace: 10M used, 11M committed, 3136M reserved
[14.373s][info][gc          ] GC(6) Minor Collection (Allocation Stall) 5914M(96%)->2978M(48%) 3.455s
[15.198s][info][gc          ] GC(7) Minor Collection (Allocation Rate)
[17.996s][info][gc,metaspace] GC(7) y: Metaspace: 10M used, 11M committed, 3136M reserved
[17.996s][info][gc          ] GC(7) Minor Collection (Allocation Rate) 2982M(49%)->2296M(37%) 2.798s
[17.997s][info][gc,metaspace] GC(5) O: Metaspace: 10M used, 11M committed, 3136M reserved
[17.997s][info][gc          ] GC(5) Major Collection (Warmup) 2714M(44%)->2296M(37%) 10.196s
[17.997s][info][gc          ] GC(8) Major Collection (System.gc())
[19.001s][info][gc,metaspace] GC(8) Y: Metaspace: 10M used, 11M committed, 3136M reserved
[19.051s][info][gc,metaspace] GC(8) Y: Metaspace: 10M used, 11M committed, 3136M reserved
[21.878s][info][gc,metaspace] GC(8) O: Metaspace: 10M used, 11M committed, 3136M reserved
[21.878s][info][gc          ] GC(8) Major Collection (System.gc()) 2296M(37%)->2286M(37%) 3.881s
[21.878s][info][gc          ] GC(9) Major Collection (System.gc())
[21.884s][info][gc,metaspace] GC(9) Y: Metaspace: 10M used, 11M committed, 3136M reserved
[21.890s][info][gc,metaspace] GC(9) Y: Metaspace: 10M used, 11M committed, 3136M reserved
[24.369s][info][gc,metaspace] GC(9) O: Metaspace: 10M used, 11M committed, 3136M reserved
[24.369s][info][gc          ] GC(9) Major Collection (System.gc()) 2286M(37%)->2286M(37%) 2.491s
Done; will start GCs... 
[24.374s][info][gc          ] GC(10) Major Collection (System.gc())
[24.380s][info][gc,metaspace] GC(10) Y: Metaspace: 10M used, 11M committed, 3136M reserved
[24.386s][info][gc,metaspace] GC(10) Y: Metaspace: 10M used, 11M committed, 3136M reserved
[26.680s][info][gc,metaspace] GC(10) O: Metaspace: 10M used, 11M committed, 3136M reserved
[26.680s][info][gc          ] GC(10) Major Collection (System.gc()) 2288M(37%)->2286M(37%) 2.306s
[26.680s][info][gc          ] GC(11) Major Collection (System.gc())
[26.686s][info][gc,metaspace] GC(11) Y: Metaspace: 10M used, 11M committed, 3136M reserved
[26.691s][info][gc,metaspace] GC(11) Y: Metaspace: 10M used, 11M committed, 3136M reserved
[29.205s][info][gc,metaspace] GC(11) O: Metaspace: 10M used, 11M committed, 3136M reserved
[29.205s][info][gc          ] GC(11) Major Collection (System.gc()) 2286M(37%)->2286M(37%) 2.525s
[29.205s][info][gc          ] GC(12) Major Collection (System.gc())
[29.211s][info][gc,metaspace] GC(12) Y: Metaspace: 10M used, 11M committed, 3136M reserved
[29.216s][info][gc,metaspace] GC(12) Y: Metaspace: 10M used, 11M committed, 3136M reserved
[31.827s][info][gc,metaspace] GC(12) O: Metaspace: 10M used, 11M committed, 3136M reserved
[31.827s][info][gc          ] GC(12) Major Collection (System.gc()) 2286M(37%)->2286M(37%) 2.622s
[31.827s][info][gc          ] GC(13) Major Collection (System.gc())
[31.833s][info][gc,metaspace] GC(13) Y: Metaspace: 10M used, 11M committed, 3136M reserved
[31.838s][info][gc,metaspace] GC(13) Y: Metaspace: 10M used, 11M committed, 3136M reserved
[34.239s][info][gc,metaspace] GC(13) O: Metaspace: 10M used, 11M committed, 3136M reserved
[34.239s][info][gc          ] GC(13) Major Collection (System.gc()) 2286M(37%)->2286M(37%) 2.412s
[34.240s][info][gc          ] GC(14) Major Collection (System.gc())
[34.244s][info][gc,metaspace] GC(14) Y: Metaspace: 10M used, 11M committed, 3136M reserved
[34.250s][info][gc,metaspace] GC(14) Y: Metaspace: 10M used, 11M committed, 3136M reserved
[36.605s][info][gc,metaspace] GC(14) O: Metaspace: 10M used, 11M committed, 3136M reserved
[36.605s][info][gc          ] GC(14) Major Collection (System.gc()) 2286M(37%)->2286M(37%) 2.366s
[36.606s][info][gc          ] GC(15) Major Collection (System.gc())
[36.611s][info][gc,metaspace] GC(15) Y: Metaspace: 10M used, 11M committed, 3136M reserved
[36.616s][info][gc,metaspace] GC(15) Y: Metaspace: 10M used, 11M committed, 3136M reserved
[39.054s][info][gc,metaspace] GC(15) O: Metaspace: 10M used, 11M committed, 3136M reserved
[39.054s][info][gc          ] GC(15) Major Collection (System.gc()) 2286M(37%)->2286M(37%) 2.448s
[39.054s][info][gc          ] GC(16) Major Collection (System.gc())
[39.059s][info][gc,metaspace] GC(16) Y: Metaspace: 10M used, 11M committed, 3136M reserved
[39.064s][info][gc,metaspace] GC(16) Y: Metaspace: 10M used, 11M committed, 3136M reserved
[41.401s][info][gc,metaspace] GC(16) O: Metaspace: 10M used, 11M committed, 3136M reserved
[41.401s][info][gc          ] GC(16) Major Collection (System.gc()) 2286M(37%)->2286M(37%) 2.347s
[41.401s][info][gc          ] GC(17) Major Collection (System.gc())
[41.406s][info][gc,metaspace] GC(17) Y: Metaspace: 10M used, 11M committed, 3136M reserved
[41.412s][info][gc,metaspace] GC(17) Y: Metaspace: 10M used, 11M committed, 3136M reserved
[44.064s][info][gc,metaspace] GC(17) O: Metaspace: 10M used, 11M committed, 3136M reserved
[44.064s][info][gc          ] GC(17) Major Collection (System.gc()) 2286M(37%)->2286M(37%) 2.663s
[44.064s][info][gc          ] GC(18) Major Collection (System.gc())
[44.074s][info][gc,metaspace] GC(18) Y: Metaspace: 10M used, 11M committed, 3136M reserved
[44.080s][info][gc,metaspace] GC(18) Y: Metaspace: 10M used, 11M committed, 3136M reserved
[46.706s][info][gc,metaspace] GC(18) O: Metaspace: 10M used, 11M committed, 3136M reserved
[46.706s][info][gc          ] GC(18) Major Collection (System.gc()) 2286M(37%)->2286M(37%) 2.641s
[46.706s][info][gc          ] GC(19) Major Collection (System.gc())
[46.712s][info][gc,metaspace] GC(19) Y: Metaspace: 10M used, 11M committed, 3136M reserved
[46.717s][info][gc,metaspace] GC(19) Y: Metaspace: 10M used, 11M committed, 3136M reserved
[49.217s][info][gc,metaspace] GC(19) O: Metaspace: 10M used, 11M committed, 3136M reserved
[49.217s][info][gc          ] GC(19) Major Collection (System.gc()) 2286M(37%)->2286M(37%) 2.511s
[49.217s][info][gc          ] GC(20) Major Collection (System.gc())
[49.228s][info][gc,metaspace] GC(20) Y: Metaspace: 10M used, 11M committed, 3136M reserved
[49.234s][info][gc,metaspace] GC(20) Y: Metaspace: 10M used, 11M committed, 3136M reserved
[51.803s][info][gc,metaspace] GC(20) O: Metaspace: 10M used, 11M committed, 3136M reserved
[51.803s][info][gc          ] GC(20) Major Collection (System.gc()) 2286M(37%)->2286M(37%) 2.586s
[51.804s][info][gc          ] GC(21) Major Collection (System.gc())
[51.809s][info][gc,metaspace] GC(21) Y: Metaspace: 10M used, 11M committed, 3136M reserved
[51.814s][info][gc,metaspace] GC(21) Y: Metaspace: 10M used, 11M committed, 3136M reserved
[54.206s][info][gc,metaspace] GC(21) O: Metaspace: 10M used, 11M committed, 3136M reserved
[54.206s][info][gc          ] GC(21) Major Collection (System.gc()) 2286M(37%)->2286M(37%) 2.403s
[54.206s][info][gc          ] GC(22) Major Collection (System.gc())
[54.212s][info][gc,metaspace] GC(22) Y: Metaspace: 10M used, 11M committed, 3136M reserved
[54.217s][info][gc,metaspace] GC(22) Y: Metaspace: 10M used, 11M committed, 3136M reserved
[56.859s][info][gc,metaspace] GC(22) O: Metaspace: 10M used, 11M committed, 3136M reserved
[56.859s][info][gc          ] GC(22) Major Collection (System.gc()) 2286M(37%)->2286M(37%) 2.652s
[56.859s][info][gc          ] GC(23) Major Collection (System.gc())
[56.864s][info][gc,metaspace] GC(23) Y: Metaspace: 10M used, 11M committed, 3136M reserved
[56.870s][info][gc,metaspace] GC(23) Y: Metaspace: 10M used, 11M committed, 3136M reserved
[59.331s][info][gc,metaspace] GC(23) O: Metaspace: 10M used, 11M committed, 3136M reserved
[59.331s][info][gc          ] GC(23) Major Collection (System.gc()) 2286M(37%)->2286M(37%) 2.472s
[59.331s][info][gc          ] GC(24) Major Collection (System.gc())
[59.336s][info][gc,metaspace] GC(24) Y: Metaspace: 10M used, 11M committed, 3136M reserved
[59.342s][info][gc,metaspace] GC(24) Y: Metaspace: 10M used, 11M committed, 3136M reserved
[61.688s][info][gc,metaspace] GC(24) O: Metaspace: 10M used, 11M committed, 3136M reserved
[61.688s][info][gc          ] GC(24) Major Collection (System.gc()) 2286M(37%)->2288M(37%) 2.358s
[61.688s][info][gc          ] GC(25) Major Collection (System.gc())
[61.694s][info][gc,metaspace] GC(25) Y: Metaspace: 10M used, 11M committed, 3136M reserved
[61.699s][info][gc,metaspace] GC(25) Y: Metaspace: 10M used, 11M committed, 3136M reserved
[64.982s][info][gc,metaspace] GC(25) O: Metaspace: 10M used, 11M committed, 3136M reserved
[64.982s][info][gc          ] GC(25) Major Collection (System.gc()) 2288M(37%)->2286M(37%) 3.294s
[64.982s][info][gc          ] GC(26) Major Collection (System.gc())
[64.988s][info][gc,metaspace] GC(26) Y: Metaspace: 10M used, 11M committed, 3136M reserved
[64.994s][info][gc,metaspace] GC(26) Y: Metaspace: 10M used, 11M committed, 3136M reserved
[67.405s][info][gc,metaspace] GC(26) O: Metaspace: 10M used, 11M committed, 3136M reserved
[67.405s][info][gc          ] GC(26) Major Collection (System.gc()) 2286M(37%)->2286M(37%) 2.423s
[67.405s][info][gc          ] GC(27) Major Collection (System.gc())
[67.411s][info][gc,metaspace] GC(27) Y: Metaspace: 10M used, 11M committed, 3136M reserved
[67.416s][info][gc,metaspace] GC(27) Y: Metaspace: 10M used, 11M committed, 3136M reserved
[69.731s][info][gc,metaspace] GC(27) O: Metaspace: 10M used, 11M committed, 3136M reserved
[69.731s][info][gc          ] GC(27) Major Collection (System.gc()) 2286M(37%)->2286M(37%) 2.326s
[69.731s][info][gc          ] GC(28) Major Collection (System.gc())
[69.736s][info][gc,metaspace] GC(28) Y: Metaspace: 10M used, 11M committed, 3136M reserved
[69.742s][info][gc,metaspace] GC(28) Y: Metaspace: 10M used, 11M committed, 3136M reserved
[72.525s][info][gc,metaspace] GC(28) O: Metaspace: 10M used, 11M committed, 3136M reserved
[72.525s][info][gc          ] GC(28) Major Collection (System.gc()) 2286M(37%)->2286M(37%) 2.794s
[72.525s][info][gc          ] GC(29) Major Collection (System.gc())
[72.530s][info][gc,metaspace] GC(29) Y: Metaspace: 10M used, 11M committed, 3136M reserved
[72.536s][info][gc,metaspace] GC(29) Y: Metaspace: 10M used, 11M committed, 3136M reserved
[75.248s][info][gc,metaspace] GC(29) O: Metaspace: 10M used, 11M committed, 3136M reserved
[75.248s][info][gc          ] GC(29) Major Collection (System.gc()) 2286M(37%)->2286M(37%) 2.722s
[75.248s][info][gc          ] GC(30) Major Collection (System.gc())
[75.253s][info][gc,metaspace] GC(30) Y: Metaspace: 10M used, 11M committed, 3136M reserved
[75.258s][info][gc,metaspace] GC(30) Y: Metaspace: 10M used, 11M committed, 3136M reserved
[77.625s][info][gc,metaspace] GC(30) O: Metaspace: 10M used, 11M committed, 3136M reserved
[77.625s][info][gc          ] GC(30) Major Collection (System.gc()) 2286M(37%)->2286M(37%) 2.377s
[77.625s][info][gc          ] GC(31) Major Collection (System.gc())
[77.635s][info][gc,metaspace] GC(31) Y: Metaspace: 10M used, 11M committed, 3136M reserved
[77.641s][info][gc,metaspace] GC(31) Y: Metaspace: 10M used, 11M committed, 3136M reserved
[80.133s][info][gc,metaspace] GC(31) O: Metaspace: 10M used, 11M committed, 3136M reserved
[80.133s][info][gc          ] GC(31) Major Collection (System.gc()) 2286M(37%)->2286M(37%) 2.508s
[80.133s][info][gc          ] GC(32) Major Collection (System.gc())
[80.139s][info][gc,metaspace] GC(32) Y: Metaspace: 10M used, 11M committed, 3136M reserved
[80.145s][info][gc,metaspace] GC(32) Y: Metaspace: 10M used, 11M committed, 3136M reserved
[82.670s][info][gc,metaspace] GC(32) O: Metaspace: 10M used, 11M committed, 3136M reserved
[82.670s][info][gc          ] GC(32) Major Collection (System.gc()) 2286M(37%)->2286M(37%) 2.537s
[82.671s][info][gc          ] GC(33) Major Collection (System.gc())
[82.681s][info][gc,metaspace] GC(33) Y: Metaspace: 10M used, 11M committed, 3136M reserved
[82.687s][info][gc,metaspace] GC(33) Y: Metaspace: 10M used, 11M committed, 3136M reserved
[84.975s][info][gc,metaspace] GC(33) O: Metaspace: 10M used, 11M committed, 3136M reserved
[84.975s][info][gc          ] GC(33) Major Collection (System.gc()) 2286M(37%)->2286M(37%) 2.304s
[84.975s][info][gc          ] GC(34) Major Collection (System.gc())
[84.981s][info][gc,metaspace] GC(34) Y: Metaspace: 10M used, 11M committed, 3136M reserved
[84.986s][info][gc,metaspace] GC(34) Y: Metaspace: 10M used, 11M committed, 3136M reserved
[87.656s][info][gc,metaspace] GC(34) O: Metaspace: 10M used, 11M committed, 3136M reserved
[87.656s][info][gc          ] GC(34) Major Collection (System.gc()) 2286M(37%)->2286M(37%) 2.681s
[87.656s][info][gc          ] GC(35) Major Collection (System.gc())
[87.661s][info][gc,metaspace] GC(35) Y: Metaspace: 10M used, 11M committed, 3136M reserved
[87.667s][info][gc,metaspace] GC(35) Y: Metaspace: 10M used, 11M committed, 3136M reserved
[90.091s][info][gc,metaspace] GC(35) O: Metaspace: 10M used, 11M committed, 3136M reserved
[90.091s][info][gc          ] GC(35) Major Collection (System.gc()) 2286M(37%)->2286M(37%) 2.434s
[90.091s][info][gc          ] GC(36) Major Collection (System.gc())
[90.096s][info][gc,metaspace] GC(36) Y: Metaspace: 10M used, 11M committed, 3136M reserved
[90.102s][info][gc,metaspace] GC(36) Y: Metaspace: 10M used, 11M committed, 3136M reserved
[92.747s][info][gc,metaspace] GC(36) O: Metaspace: 10M used, 11M committed, 3136M reserved
[92.747s][info][gc          ] GC(36) Major Collection (System.gc()) 2286M(37%)->2286M(37%) 2.656s
[92.748s][info][gc          ] GC(37) Major Collection (System.gc())
[92.753s][info][gc,metaspace] GC(37) Y: Metaspace: 10M used, 11M committed, 3136M reserved
[92.759s][info][gc,metaspace] GC(37) Y: Metaspace: 10M used, 11M committed, 3136M reserved
[95.515s][info][gc,metaspace] GC(37) O: Metaspace: 10M used, 11M committed, 3136M reserved
[95.515s][info][gc          ] GC(37) Major Collection (System.gc()) 2286M(37%)->2286M(37%) 2.767s
[95.515s][info][gc          ] GC(38) Major Collection (System.gc())
[95.521s][info][gc,metaspace] GC(38) Y: Metaspace: 10M used, 11M committed, 3136M reserved
[95.526s][info][gc,metaspace] GC(38) Y: Metaspace: 10M used, 11M committed, 3136M reserved
[98.313s][info][gc,metaspace] GC(38) O: Metaspace: 10M used, 11M committed, 3136M reserved
[98.313s][info][gc          ] GC(38) Major Collection (System.gc()) 2286M(37%)->2286M(37%) 2.798s
[98.313s][info][gc          ] GC(39) Major Collection (System.gc())
[98.319s][info][gc,metaspace] GC(39) Y: Metaspace: 10M used, 11M committed, 3136M reserved
[98.324s][info][gc,metaspace] GC(39) Y: Metaspace: 10M used, 11M committed, 3136M reserved
[100.678s][info][gc,metaspace] GC(39) O: Metaspace: 10M used, 11M committed, 3136M reserved
[100.678s][info][gc          ] GC(39) Major Collection (System.gc()) 2286M(37%)->2286M(37%) 2.365s
[100.678s][info][gc          ] GC(40) Major Collection (System.gc())
[100.684s][info][gc,metaspace] GC(40) Y: Metaspace: 10M used, 11M committed, 3136M reserved
[100.689s][info][gc,metaspace] GC(40) Y: Metaspace: 10M used, 11M committed, 3136M reserved
[103.092s][info][gc,metaspace] GC(40) O: Metaspace: 10M used, 11M committed, 3136M reserved
[103.092s][info][gc          ] GC(40) Major Collection (System.gc()) 2286M(37%)->2286M(37%) 2.414s
[103.093s][info][gc          ] GC(41) Major Collection (System.gc())
[103.098s][info][gc,metaspace] GC(41) Y: Metaspace: 10M used, 11M committed, 3136M reserved
[103.104s][info][gc,metaspace] GC(41) Y: Metaspace: 10M used, 11M committed, 3136M reserved
[105.489s][info][gc,metaspace] GC(41) O: Metaspace: 10M used, 11M committed, 3136M reserved
[105.489s][info][gc          ] GC(41) Major Collection (System.gc()) 2286M(37%)->2286M(37%) 2.396s
[105.489s][info][gc          ] GC(42) Major Collection (System.gc())
[105.495s][info][gc,metaspace] GC(42) Y: Metaspace: 10M used, 11M committed, 3136M reserved
[105.500s][info][gc,metaspace] GC(42) Y: Metaspace: 10M used, 11M committed, 3136M reserved
[107.942s][info][gc,metaspace] GC(42) O: Metaspace: 10M used, 11M committed, 3136M reserved
[107.942s][info][gc          ] GC(42) Major Collection (System.gc()) 2286M(37%)->2286M(37%) 2.453s
[107.942s][info][gc          ] GC(43) Major Collection (System.gc())
[107.948s][info][gc,metaspace] GC(43) Y: Metaspace: 10M used, 11M committed, 3136M reserved
[107.953s][info][gc,metaspace] GC(43) Y: Metaspace: 10M used, 11M committed, 3136M reserved
[110.655s][info][gc,metaspace] GC(43) O: Metaspace: 10M used, 11M committed, 3136M reserved
[110.655s][info][gc          ] GC(43) Major Collection (System.gc()) 2286M(37%)->2286M(37%) 2.713s
[110.655s][info][gc          ] GC(44) Major Collection (System.gc())
[110.661s][info][gc,metaspace] GC(44) Y: Metaspace: 10M used, 11M committed, 3136M reserved
[110.667s][info][gc,metaspace] GC(44) Y: Metaspace: 10M used, 11M committed, 3136M reserved
[113.099s][info][gc,metaspace] GC(44) O: Metaspace: 10M used, 11M committed, 3136M reserved
[113.099s][info][gc          ] GC(44) Major Collection (System.gc()) 2286M(37%)->2286M(37%) 2.443s
[113.099s][info][gc          ] GC(45) Major Collection (System.gc())
[113.110s][info][gc,metaspace] GC(45) Y: Metaspace: 10M used, 11M committed, 3136M reserved
[113.116s][info][gc,metaspace] GC(45) Y: Metaspace: 10M used, 11M committed, 3136M reserved
[115.364s][info][gc,metaspace] GC(45) O: Metaspace: 10M used, 11M committed, 3136M reserved
[115.364s][info][gc          ] GC(45) Major Collection (System.gc()) 2286M(37%)->2286M(37%) 2.265s
[115.364s][info][gc          ] GC(46) Major Collection (System.gc())
[115.370s][info][gc,metaspace] GC(46) Y: Metaspace: 10M used, 11M committed, 3136M reserved
[115.376s][info][gc,metaspace] GC(46) Y: Metaspace: 10M used, 11M committed, 3136M reserved
[118.029s][info][gc,metaspace] GC(46) O: Metaspace: 10M used, 11M committed, 3136M reserved
[118.029s][info][gc          ] GC(46) Major Collection (System.gc()) 2286M(37%)->2286M(37%) 2.665s
[118.029s][info][gc          ] GC(47) Major Collection (System.gc())
[118.034s][info][gc,metaspace] GC(47) Y: Metaspace: 10M used, 11M committed, 3136M reserved
[118.040s][info][gc,metaspace] GC(47) Y: Metaspace: 10M used, 11M committed, 3136M reserved
[120.728s][info][gc,metaspace] GC(47) O: Metaspace: 10M used, 11M committed, 3136M reserved
[120.728s][info][gc          ] GC(47) Major Collection (System.gc()) 2286M(37%)->2288M(37%) 2.699s
[120.728s][info][gc          ] GC(48) Major Collection (System.gc())
[120.734s][info][gc,metaspace] GC(48) Y: Metaspace: 10M used, 11M committed, 3136M reserved
[120.739s][info][gc,metaspace] GC(48) Y: Metaspace: 10M used, 11M committed, 3136M reserved
[123.514s][info][gc,metaspace] GC(48) O: Metaspace: 10M used, 11M committed, 3136M reserved
[123.514s][info][gc          ] GC(48) Major Collection (System.gc()) 2288M(37%)->2286M(37%) 2.786s
[123.514s][info][gc          ] GC(49) Major Collection (System.gc())
[123.520s][info][gc,metaspace] GC(49) Y: Metaspace: 10M used, 11M committed, 3136M reserved
[123.525s][info][gc,metaspace] GC(49) Y: Metaspace: 10M used, 11M committed, 3136M reserved
[126.098s][info][gc,metaspace] GC(49) O: Metaspace: 10M used, 11M committed, 3136M reserved
[126.098s][info][gc          ] GC(49) Major Collection (System.gc()) 2286M(37%)->2286M(37%) 2.583s
[126.098s][info][gc          ] GC(50) Major Collection (System.gc())
[126.108s][info][gc,metaspace] GC(50) Y: Metaspace: 10M used, 11M committed, 3136M reserved
[126.114s][info][gc,metaspace] GC(50) Y: Metaspace: 10M used, 11M committed, 3136M reserved
[128.351s][info][gc,metaspace] GC(50) O: Metaspace: 10M used, 11M committed, 3136M reserved
[128.351s][info][gc          ] GC(50) Major Collection (System.gc()) 2286M(37%)->2286M(37%) 2.253s
[128.351s][info][gc          ] GC(51) Major Collection (System.gc())
[128.357s][info][gc,metaspace] GC(51) Y: Metaspace: 10M used, 11M committed, 3136M reserved
[128.363s][info][gc,metaspace] GC(51) Y: Metaspace: 10M used, 11M committed, 3136M reserved
[131.062s][info][gc,metaspace] GC(51) O: Metaspace: 10M used, 11M committed, 3136M reserved
[131.062s][info][gc          ] GC(51) Major Collection (System.gc()) 2286M(37%)->2286M(37%) 2.710s
[131.062s][info][gc          ] GC(52) Major Collection (System.gc())
[131.067s][info][gc,metaspace] GC(52) Y: Metaspace: 10M used, 11M committed, 3136M reserved
[131.073s][info][gc,metaspace] GC(52) Y: Metaspace: 10M used, 11M committed, 3136M reserved
[133.417s][info][gc,metaspace] GC(52) O: Metaspace: 10M used, 11M committed, 3136M reserved
[133.417s][info][gc          ] GC(52) Major Collection (System.gc()) 2286M(37%)->2286M(37%) 2.355s
[133.417s][info][gc          ] GC(53) Major Collection (System.gc())
[133.422s][info][gc,metaspace] GC(53) Y: Metaspace: 10M used, 11M committed, 3136M reserved
[133.470s][info][gc,metaspace] GC(53) Y: Metaspace: 10M used, 11M committed, 3136M reserved
[135.994s][info][gc,metaspace] GC(53) O: Metaspace: 10M used, 11M committed, 3136M reserved
[135.994s][info][gc          ] GC(53) Major Collection (System.gc()) 2286M(37%)->2286M(37%) 2.577s
[135.995s][info][gc          ] GC(54) Major Collection (System.gc())
[136.003s][info][gc,metaspace] GC(54) Y: Metaspace: 10M used, 11M committed, 3136M reserved
[136.009s][info][gc,metaspace] GC(54) Y: Metaspace: 10M used, 11M committed, 3136M reserved
[138.758s][info][gc,metaspace] GC(54) O: Metaspace: 10M used, 11M committed, 3136M reserved
[138.758s][info][gc          ] GC(54) Major Collection (System.gc()) 2286M(37%)->2286M(37%) 2.763s
[138.758s][info][gc          ] GC(55) Major Collection (System.gc())
[138.768s][info][gc,metaspace] GC(55) Y: Metaspace: 10M used, 11M committed, 3136M reserved
[138.774s][info][gc,metaspace] GC(55) Y: Metaspace: 10M used, 11M committed, 3136M reserved
[141.351s][info][gc,metaspace] GC(55) O: Metaspace: 10M used, 11M committed, 3136M reserved
[141.351s][info][gc          ] GC(55) Major Collection (System.gc()) 2286M(37%)->2286M(37%) 2.593s
[141.351s][info][gc          ] GC(56) Major Collection (System.gc())
[141.356s][info][gc,metaspace] GC(56) Y: Metaspace: 10M used, 11M committed, 3136M reserved
[141.362s][info][gc,metaspace] GC(56) Y: Metaspace: 10M used, 11M committed, 3136M reserved
[143.681s][info][gc,metaspace] GC(56) O: Metaspace: 10M used, 11M committed, 3136M reserved
[143.681s][info][gc          ] GC(56) Major Collection (System.gc()) 2286M(37%)->2286M(37%) 2.330s
[143.681s][info][gc          ] GC(57) Major Collection (System.gc())
[143.686s][info][gc,metaspace] GC(57) Y: Metaspace: 10M used, 11M committed, 3136M reserved
[143.692s][info][gc,metaspace] GC(57) Y: Metaspace: 10M used, 11M committed, 3136M reserved
[146.114s][info][gc,metaspace] GC(57) O: Metaspace: 10M used, 11M committed, 3136M reserved
[146.114s][info][gc          ] GC(57) Major Collection (System.gc()) 2286M(37%)->2286M(37%) 2.434s
[146.115s][info][gc          ] GC(58) Major Collection (System.gc())
[146.120s][info][gc,metaspace] GC(58) Y: Metaspace: 10M used, 11M committed, 3136M reserved
[146.125s][info][gc,metaspace] GC(58) Y: Metaspace: 10M used, 11M committed, 3136M reserved
[148.768s][info][gc,metaspace] GC(58) O: Metaspace: 10M used, 11M committed, 3136M reserved
[148.768s][info][gc          ] GC(58) Major Collection (System.gc()) 2286M(37%)->2286M(37%) 2.654s
[148.768s][info][gc          ] GC(59) Major Collection (System.gc())
[148.773s][info][gc,metaspace] GC(59) Y: Metaspace: 10M used, 11M committed, 3136M reserved
[148.779s][info][gc,metaspace] GC(59) Y: Metaspace: 10M used, 11M committed, 3136M reserved
[151.509s][info][gc,metaspace] GC(59) O: Metaspace: 10M used, 11M committed, 3136M reserved
[151.509s][info][gc          ] GC(59) Major Collection (System.gc()) 2286M(37%)->2286M(37%) 2.741s
After GCs... 
