[0.001s][warning][pagesize] UseLargePages disabled, no large pages configured and available on the system.
[0.001s][info   ][metaspace]  - commit_granule_bytes: 65536.
[0.001s][info   ][metaspace]  - commit_granule_words: 8192.
[0.001s][info   ][metaspace]  - virtual_space_node_default_size: 8388608.
[0.001s][info   ][metaspace]  - enlarge_chunks_in_place: 1.
[0.001s][info   ][metaspace]  - use_allocation_guard: 0.
[0.005s][info   ][gc       ] Using Parallel
[0.468s][info   ][metaspace] Reserving compressed class space anywhere
[0.468s][info   ][gc,metaspace] CDS archive(s) not mapped
[0.468s][info   ][gc,metaspace] Compressed class space mapped at: 0x0000000022000000-0x00000000e2000000, reserved size: 3221225472
[0.468s][info   ][gc,metaspace] UseCompressedClassPointers 1, UseCompactObjectHeaders 1, narrow klass pointer bits 22, max shift 10
[0.468s][info   ][gc,metaspace] Narrow klass base: 0x0000000022000000, Narrow klass shift: 10, Narrow klass range: 0xc0000000
Random Seed: 12345678
Num Classes: 1024
Num Objects: 67108864
Percent IK Objects: 83.0%)
Percent OAK Objects: 5.0%)
Percent TAK Objects: 12.0%)
Cycles: 50
Loading 1024 pre-generated classes ...
Materialize pre-generated constructors ...
Creating objects...
[0.754s][info   ][gc,metaspace] GC(0) Metaspace: 12917K(13248K)->12917K(13248K) NonClass: 10114K(10304K)->10114K(10304K) Class: 2803K(2944K)->2803K(2944K)
[0.754s][info   ][gc          ] GC(0) Pause Full (System.gc()) 153M->3M(5888M) 6.624ms
[2.861s][info   ][gc,metaspace] GC(1) Metaspace: 16497K(17664K)->16497K(17664K) NonClass: 13154K(13696K)->13154K(13696K) Class: 3343K(3968K)->3343K(3968K)
[2.861s][info   ][gc          ] GC(1) Pause Young (Allocation Failure) 1539M->359M(5888M) 432.781ms
[4.308s][info   ][gc,metaspace] GC(2) Metaspace: 16500K(17664K)->16500K(17664K) NonClass: 13156K(13696K)->13156K(13696K) Class: 3343K(3968K)->3343K(3968K)
[4.308s][info   ][gc          ] GC(2) Pause Young (Allocation Failure) 1895M->489M(5888M) 162.768ms
[5.565s][info   ][gc,metaspace] GC(3) Metaspace: 16500K(17664K)->16500K(17664K) NonClass: 13156K(13696K)->13156K(13696K) Class: 3343K(3968K)->3343K(3968K)
[5.565s][info   ][gc          ] GC(3) Pause Young (Allocation Failure) 2025M->616M(5888M) 230.194ms
[6.893s][info   ][gc,metaspace] GC(4) Metaspace: 16500K(17664K)->16500K(17664K) NonClass: 13156K(13696K)->13156K(13696K) Class: 3343K(3968K)->3343K(3968K)
[6.893s][info   ][gc          ] GC(4) Pause Young (Allocation Failure) 2152M->743M(5888M) 303.983ms
[8.141s][info   ][gc,metaspace] GC(5) Metaspace: 16500K(17664K)->16500K(17664K) NonClass: 13156K(13696K)->13156K(13696K) Class: 3343K(3968K)->3343K(3968K)
[8.141s][info   ][gc          ] GC(5) Pause Young (Allocation Failure) 2279M->870M(5888M) 276.053ms
[9.474s][info   ][gc,metaspace] GC(6) Metaspace: 16500K(17664K)->16500K(17664K) NonClass: 13156K(13696K)->13156K(13696K) Class: 3343K(3968K)->3343K(3968K)
[9.474s][info   ][gc          ] GC(6) Pause Young (Allocation Failure) 2406M->997M(5311M) 262.081ms
[10.245s][info   ][gc,metaspace] GC(7) Metaspace: 16500K(17664K)->16500K(17664K) NonClass: 13156K(13696K)->13156K(13696K) Class: 3343K(3968K)->3343K(3968K)
[10.245s][info   ][gc          ] GC(7) Pause Young (Allocation Failure) 1956M->1076M(5185M) 160.394ms
[10.970s][info   ][gc,metaspace] GC(8) Metaspace: 16500K(17664K)->16500K(17664K) NonClass: 13156K(13696K)->13156K(13696K) Class: 3343K(3968K)->3343K(3968K)
[10.970s][info   ][gc          ] GC(8) Pause Young (Allocation Failure) 2035M->1156M(5607M) 107.823ms
[11.893s][info   ][gc,metaspace] GC(9) Metaspace: 16500K(17664K)->16500K(17664K) NonClass: 13156K(13696K)->13156K(13696K) Class: 3343K(3968K)->3343K(3968K)
[11.893s][info   ][gc          ] GC(9) Pause Young (Allocation Failure) 2117M->1235M(5594M) 259.262ms
[12.772s][info   ][gc,metaspace] GC(10) Metaspace: 16500K(17664K)->16500K(17664K) NonClass: 13156K(13696K)->13156K(13696K) Class: 3343K(3968K)->3343K(3968K)
[12.772s][info   ][gc          ] GC(10) Pause Young (Allocation Failure) 2196M->1315M(5637M) 211.093ms
[13.643s][info   ][gc,metaspace] GC(11) Metaspace: 16500K(17664K)->16500K(17664K) NonClass: 13156K(13696K)->13156K(13696K) Class: 3343K(3968K)->3343K(3968K)
[13.643s][info   ][gc          ] GC(11) Pause Young (Allocation Failure) 2343M->1400M(5631M) 162.080ms
[14.477s][info   ][gc,metaspace] GC(12) Metaspace: 16500K(17664K)->16500K(17664K) NonClass: 13156K(13696K)->13156K(13696K) Class: 3343K(3968K)->3343K(3968K)
[14.477s][info   ][gc          ] GC(12) Pause Young (Allocation Failure) 2428M->1485M(5635M) 122.055ms
[15.321s][info   ][gc,metaspace] GC(13) Metaspace: 16500K(17664K)->16500K(17664K) NonClass: 13156K(13696K)->13156K(13696K) Class: 3343K(3968K)->3343K(3968K)
[15.321s][info   ][gc          ] GC(13) Pause Young (Allocation Failure) 2514M->1570M(5634M) 181.689ms
67108864 Objects created
 - IK: 55699211 (82.99829%)
 - OAK: 3355627 (5.0002737%)
 - TAK: 8054026 (12.001434%)
Preparatory GC...
[16.338s][info   ][gc,metaspace] GC(14) Metaspace: 16500K(17664K)->16500K(17664K) NonClass: 13156K(13696K)->13156K(13696K) Class: 3343K(3968K)->3343K(3968K)
[16.338s][info   ][gc          ] GC(14) Pause Full (System.gc()) 1652M->1573M(5634M) 970.355ms
[16.979s][info   ][gc,metaspace] GC(15) Metaspace: 16500K(17664K)->16500K(17664K) NonClass: 13156K(13696K)->13156K(13696K) Class: 3343K(3968K)->3343K(3968K)
[16.979s][info   ][gc          ] GC(15) Pause Full (System.gc()) 1573M->1573M(5634M) 640.804ms
Done; will start GCs... 
[17.639s][info   ][gc,metaspace] GC(16) Metaspace: 16500K(17664K)->16500K(17664K) NonClass: 13156K(13696K)->13156K(13696K) Class: 3343K(3968K)->3343K(3968K)
[17.639s][info   ][gc          ] GC(16) Pause Full (System.gc()) 1593M->1573M(5634M) 659.539ms
[18.349s][info   ][gc,metaspace] GC(17) Metaspace: 16500K(17664K)->16500K(17664K) NonClass: 13156K(13696K)->13156K(13696K) Class: 3343K(3968K)->3343K(3968K)
[18.349s][info   ][gc          ] GC(17) Pause Full (System.gc()) 1573M->1573M(5634M) 710.007ms
[18.977s][info   ][gc,metaspace] GC(18) Metaspace: 16500K(17664K)->16500K(17664K) NonClass: 13156K(13696K)->13156K(13696K) Class: 3343K(3968K)->3343K(3968K)
[18.977s][info   ][gc          ] GC(18) Pause Full (System.gc()) 1573M->1573M(5634M) 627.820ms
[19.627s][info   ][gc,metaspace] GC(19) Metaspace: 16500K(17664K)->16500K(17664K) NonClass: 13156K(13696K)->13156K(13696K) Class: 3343K(3968K)->3343K(3968K)
[19.627s][info   ][gc          ] GC(19) Pause Full (System.gc()) 1573M->1573M(5634M) 645.825ms
[20.318s][info   ][gc,metaspace] GC(20) Metaspace: 16500K(17664K)->16500K(17664K) NonClass: 13156K(13696K)->13156K(13696K) Class: 3343K(3968K)->3343K(3968K)
[20.318s][info   ][gc          ] GC(20) Pause Full (System.gc()) 1573M->1573M(5634M) 690.700ms
[20.945s][info   ][gc,metaspace] GC(21) Metaspace: 16500K(17664K)->16500K(17664K) NonClass: 13156K(13696K)->13156K(13696K) Class: 3343K(3968K)->3343K(3968K)
[20.945s][info   ][gc          ] GC(21) Pause Full (System.gc()) 1573M->1573M(5634M) 627.169ms
[21.592s][info   ][gc,metaspace] GC(22) Metaspace: 16500K(17664K)->16500K(17664K) NonClass: 13156K(13696K)->13156K(13696K) Class: 3343K(3968K)->3343K(3968K)
[21.592s][info   ][gc          ] GC(22) Pause Full (System.gc()) 1573M->1573M(5634M) 646.747ms
[22.287s][info   ][gc,metaspace] GC(23) Metaspace: 16500K(17664K)->16500K(17664K) NonClass: 13156K(13696K)->13156K(13696K) Class: 3343K(3968K)->3343K(3968K)
[22.287s][info   ][gc          ] GC(23) Pause Full (System.gc()) 1573M->1573M(5634M) 695.056ms
[22.995s][info   ][gc,metaspace] GC(24) Metaspace: 16500K(17664K)->16500K(17664K) NonClass: 13156K(13696K)->13156K(13696K) Class: 3343K(3968K)->3343K(3968K)
[22.995s][info   ][gc          ] GC(24) Pause Full (System.gc()) 1573M->1573M(5634M) 707.250ms
[23.631s][info   ][gc,metaspace] GC(25) Metaspace: 16500K(17664K)->16500K(17664K) NonClass: 13156K(13696K)->13156K(13696K) Class: 3343K(3968K)->3343K(3968K)
[23.632s][info   ][gc          ] GC(25) Pause Full (System.gc()) 1573M->1573M(5634M) 636.711ms
[24.317s][info   ][gc,metaspace] GC(26) Metaspace: 16500K(17664K)->16500K(17664K) NonClass: 13156K(13696K)->13156K(13696K) Class: 3343K(3968K)->3343K(3968K)
[24.317s][info   ][gc          ] GC(26) Pause Full (System.gc()) 1573M->1573M(5634M) 685.319ms
[24.964s][info   ][gc,metaspace] GC(27) Metaspace: 16500K(17664K)->16500K(17664K) NonClass: 13156K(13696K)->13156K(13696K) Class: 3343K(3968K)->3343K(3968K)
[24.964s][info   ][gc          ] GC(27) Pause Full (System.gc()) 1573M->1573M(5634M) 647.213ms
[25.625s][info   ][gc,metaspace] GC(28) Metaspace: 16500K(17664K)->16500K(17664K) NonClass: 13156K(13696K)->13156K(13696K) Class: 3343K(3968K)->3343K(3968K)
[25.625s][info   ][gc          ] GC(28) Pause Full (System.gc()) 1573M->1573M(5634M) 660.487ms
[26.299s][info   ][gc,metaspace] GC(29) Metaspace: 16500K(17664K)->16500K(17664K) NonClass: 13156K(13696K)->13156K(13696K) Class: 3343K(3968K)->3343K(3968K)
[26.299s][info   ][gc          ] GC(29) Pause Full (System.gc()) 1573M->1573M(5634M) 674.377ms
[26.926s][info   ][gc,metaspace] GC(30) Metaspace: 16500K(17664K)->16500K(17664K) NonClass: 13156K(13696K)->13156K(13696K) Class: 3343K(3968K)->3343K(3968K)
[26.926s][info   ][gc          ] GC(30) Pause Full (System.gc()) 1573M->1573M(5634M) 626.495ms
[27.583s][info   ][gc,metaspace] GC(31) Metaspace: 16500K(17664K)->16500K(17664K) NonClass: 13156K(13696K)->13156K(13696K) Class: 3343K(3968K)->3343K(3968K)
[27.583s][info   ][gc          ] GC(31) Pause Full (System.gc()) 1573M->1573M(5634M) 657.413ms
[28.260s][info   ][gc,metaspace] GC(32) Metaspace: 16500K(17664K)->16500K(17664K) NonClass: 13156K(13696K)->13156K(13696K) Class: 3343K(3968K)->3343K(3968K)
[28.260s][info   ][gc          ] GC(32) Pause Full (System.gc()) 1573M->1573M(5634M) 676.919ms
[28.890s][info   ][gc,metaspace] GC(33) Metaspace: 16500K(17664K)->16500K(17664K) NonClass: 13156K(13696K)->13156K(13696K) Class: 3343K(3968K)->3343K(3968K)
[28.890s][info   ][gc          ] GC(33) Pause Full (System.gc()) 1573M->1573M(5634M) 630.023ms
[29.603s][info   ][gc,metaspace] GC(34) Metaspace: 16500K(17664K)->16500K(17664K) NonClass: 13156K(13696K)->13156K(13696K) Class: 3343K(3968K)->3343K(3968K)
[29.603s][info   ][gc          ] GC(34) Pause Full (System.gc()) 1573M->1573M(5634M) 712.451ms
[30.376s][info   ][gc,metaspace] GC(35) Metaspace: 16500K(17664K)->16500K(17664K) NonClass: 13156K(13696K)->13156K(13696K) Class: 3343K(3968K)->3343K(3968K)
[30.376s][info   ][gc          ] GC(35) Pause Full (System.gc()) 1573M->1573M(5634M) 773.221ms
[31.012s][info   ][gc,metaspace] GC(36) Metaspace: 16500K(17664K)->16500K(17664K) NonClass: 13156K(13696K)->13156K(13696K) Class: 3343K(3968K)->3343K(3968K)
[31.012s][info   ][gc          ] GC(36) Pause Full (System.gc()) 1573M->1573M(5634M) 635.384ms
[31.646s][info   ][gc,metaspace] GC(37) Metaspace: 16500K(17664K)->16500K(17664K) NonClass: 13156K(13696K)->13156K(13696K) Class: 3343K(3968K)->3343K(3968K)
[31.646s][info   ][gc          ] GC(37) Pause Full (System.gc()) 1573M->1573M(5634M) 634.461ms
[32.390s][info   ][gc,metaspace] GC(38) Metaspace: 16500K(17664K)->16500K(17664K) NonClass: 13156K(13696K)->13156K(13696K) Class: 3343K(3968K)->3343K(3968K)
[32.390s][info   ][gc          ] GC(38) Pause Full (System.gc()) 1573M->1573M(5634M) 743.893ms
[33.017s][info   ][gc,metaspace] GC(39) Metaspace: 16500K(17664K)->16500K(17664K) NonClass: 13156K(13696K)->13156K(13696K) Class: 3343K(3968K)->3343K(3968K)
[33.017s][info   ][gc          ] GC(39) Pause Full (System.gc()) 1573M->1573M(5634M) 626.131ms
[33.657s][info   ][gc,metaspace] GC(40) Metaspace: 16500K(17664K)->16500K(17664K) NonClass: 13156K(13696K)->13156K(13696K) Class: 3343K(3968K)->3343K(3968K)
[33.657s][info   ][gc          ] GC(40) Pause Full (System.gc()) 1573M->1573M(5634M) 639.997ms
[34.339s][info   ][gc,metaspace] GC(41) Metaspace: 16500K(17664K)->16500K(17664K) NonClass: 13156K(13696K)->13156K(13696K) Class: 3343K(3968K)->3343K(3968K)
[34.339s][info   ][gc          ] GC(41) Pause Full (System.gc()) 1573M->1573M(5634M) 682.211ms
[34.969s][info   ][gc,metaspace] GC(42) Metaspace: 16500K(17664K)->16500K(17664K) NonClass: 13156K(13696K)->13156K(13696K) Class: 3343K(3968K)->3343K(3968K)
[34.969s][info   ][gc          ] GC(42) Pause Full (System.gc()) 1573M->1573M(5634M) 629.803ms
[35.609s][info   ][gc,metaspace] GC(43) Metaspace: 16500K(17664K)->16500K(17664K) NonClass: 13156K(13696K)->13156K(13696K) Class: 3343K(3968K)->3343K(3968K)
[35.609s][info   ][gc          ] GC(43) Pause Full (System.gc()) 1573M->1573M(5634M) 639.804ms
[36.278s][info   ][gc,metaspace] GC(44) Metaspace: 16500K(17664K)->16500K(17664K) NonClass: 13156K(13696K)->13156K(13696K) Class: 3343K(3968K)->3343K(3968K)
[36.278s][info   ][gc          ] GC(44) Pause Full (System.gc()) 1573M->1573M(5634M) 669.309ms
[36.901s][info   ][gc,metaspace] GC(45) Metaspace: 16500K(17664K)->16500K(17664K) NonClass: 13156K(13696K)->13156K(13696K) Class: 3343K(3968K)->3343K(3968K)
[36.901s][info   ][gc          ] GC(45) Pause Full (System.gc()) 1573M->1573M(5634M) 623.063ms
[37.555s][info   ][gc,metaspace] GC(46) Metaspace: 16500K(17664K)->16500K(17664K) NonClass: 13156K(13696K)->13156K(13696K) Class: 3343K(3968K)->3343K(3968K)
[37.555s][info   ][gc          ] GC(46) Pause Full (System.gc()) 1573M->1573M(5634M) 653.907ms
[38.245s][info   ][gc,metaspace] GC(47) Metaspace: 16500K(17664K)->16500K(17664K) NonClass: 13156K(13696K)->13156K(13696K) Class: 3343K(3968K)->3343K(3968K)
[38.245s][info   ][gc          ] GC(47) Pause Full (System.gc()) 1573M->1573M(5634M) 689.512ms
[38.875s][info   ][gc,metaspace] GC(48) Metaspace: 16500K(17664K)->16500K(17664K) NonClass: 13156K(13696K)->13156K(13696K) Class: 3343K(3968K)->3343K(3968K)
[38.875s][info   ][gc          ] GC(48) Pause Full (System.gc()) 1573M->1573M(5634M) 629.953ms
[39.563s][info   ][gc,metaspace] GC(49) Metaspace: 16500K(17664K)->16500K(17664K) NonClass: 13156K(13696K)->13156K(13696K) Class: 3343K(3968K)->3343K(3968K)
[39.563s][info   ][gc          ] GC(49) Pause Full (System.gc()) 1573M->1573M(5634M) 688.197ms
[40.236s][info   ][gc,metaspace] GC(50) Metaspace: 16500K(17664K)->16500K(17664K) NonClass: 13156K(13696K)->13156K(13696K) Class: 3343K(3968K)->3343K(3968K)
[40.236s][info   ][gc          ] GC(50) Pause Full (System.gc()) 1573M->1573M(5634M) 672.793ms
[40.873s][info   ][gc,metaspace] GC(51) Metaspace: 16500K(17664K)->16500K(17664K) NonClass: 13156K(13696K)->13156K(13696K) Class: 3343K(3968K)->3343K(3968K)
[40.873s][info   ][gc          ] GC(51) Pause Full (System.gc()) 1573M->1573M(5634M) 632.474ms
[41.504s][info   ][gc,metaspace] GC(52) Metaspace: 16500K(17664K)->16500K(17664K) NonClass: 13156K(13696K)->13156K(13696K) Class: 3343K(3968K)->3343K(3968K)
[41.505s][info   ][gc          ] GC(52) Pause Full (System.gc()) 1573M->1573M(5634M) 631.348ms
[42.204s][info   ][gc,metaspace] GC(53) Metaspace: 16500K(17664K)->16500K(17664K) NonClass: 13156K(13696K)->13156K(13696K) Class: 3343K(3968K)->3343K(3968K)
[42.204s][info   ][gc          ] GC(53) Pause Full (System.gc()) 1573M->1573M(5634M) 699.152ms
[42.842s][info   ][gc,metaspace] GC(54) Metaspace: 16500K(17664K)->16500K(17664K) NonClass: 13156K(13696K)->13156K(13696K) Class: 3343K(3968K)->3343K(3968K)
[42.842s][info   ][gc          ] GC(54) Pause Full (System.gc()) 1573M->1573M(5634M) 638.147ms
[43.503s][info   ][gc,metaspace] GC(55) Metaspace: 16500K(17664K)->16500K(17664K) NonClass: 13156K(13696K)->13156K(13696K) Class: 3343K(3968K)->3343K(3968K)
[43.503s][info   ][gc          ] GC(55) Pause Full (System.gc()) 1573M->1573M(5634M) 660.772ms
[44.137s][info   ][gc,metaspace] GC(56) Metaspace: 16500K(17664K)->16500K(17664K) NonClass: 13156K(13696K)->13156K(13696K) Class: 3343K(3968K)->3343K(3968K)
[44.137s][info   ][gc          ] GC(56) Pause Full (System.gc()) 1573M->1573M(5634M) 634.247ms
[44.794s][info   ][gc,metaspace] GC(57) Metaspace: 16500K(17664K)->16500K(17664K) NonClass: 13156K(13696K)->13156K(13696K) Class: 3343K(3968K)->3343K(3968K)
[44.794s][info   ][gc          ] GC(57) Pause Full (System.gc()) 1573M->1573M(5634M) 656.388ms
[45.519s][info   ][gc,metaspace] GC(58) Metaspace: 16500K(17664K)->16500K(17664K) NonClass: 13156K(13696K)->13156K(13696K) Class: 3343K(3968K)->3343K(3968K)
[45.519s][info   ][gc          ] GC(58) Pause Full (System.gc()) 1573M->1573M(5634M) 724.897ms
[46.207s][info   ][gc,metaspace] GC(59) Metaspace: 16500K(17664K)->16500K(17664K) NonClass: 13156K(13696K)->13156K(13696K) Class: 3343K(3968K)->3343K(3968K)
[46.207s][info   ][gc          ] GC(59) Pause Full (System.gc()) 1573M->1573M(5634M) 687.895ms
[46.835s][info   ][gc,metaspace] GC(60) Metaspace: 16500K(17664K)->16500K(17664K) NonClass: 13156K(13696K)->13156K(13696K) Class: 3343K(3968K)->3343K(3968K)
[46.836s][info   ][gc          ] GC(60) Pause Full (System.gc()) 1573M->1573M(5634M) 628.740ms
[47.482s][info   ][gc,metaspace] GC(61) Metaspace: 16500K(17664K)->16500K(17664K) NonClass: 13156K(13696K)->13156K(13696K) Class: 3343K(3968K)->3343K(3968K)
[47.482s][info   ][gc          ] GC(61) Pause Full (System.gc()) 1573M->1573M(5634M) 646.617ms
[48.104s][info   ][gc,metaspace] GC(62) Metaspace: 16500K(17664K)->16500K(17664K) NonClass: 13156K(13696K)->13156K(13696K) Class: 3343K(3968K)->3343K(3968K)
[48.104s][info   ][gc          ] GC(62) Pause Full (System.gc()) 1573M->1573M(5634M) 622.176ms
[48.779s][info   ][gc,metaspace] GC(63) Metaspace: 16500K(17664K)->16500K(17664K) NonClass: 13156K(13696K)->13156K(13696K) Class: 3343K(3968K)->3343K(3968K)
[48.779s][info   ][gc          ] GC(63) Pause Full (System.gc()) 1573M->1573M(5634M) 674.732ms
[49.437s][info   ][gc,metaspace] GC(64) Metaspace: 16500K(17664K)->16500K(17664K) NonClass: 13156K(13696K)->13156K(13696K) Class: 3343K(3968K)->3343K(3968K)
[49.437s][info   ][gc          ] GC(64) Pause Full (System.gc()) 1573M->1573M(5634M) 657.662ms
[50.066s][info   ][gc,metaspace] GC(65) Metaspace: 16500K(17664K)->16500K(17664K) NonClass: 13156K(13696K)->13156K(13696K) Class: 3343K(3968K)->3343K(3968K)
[50.066s][info   ][gc          ] GC(65) Pause Full (System.gc()) 1573M->1573M(5634M) 628.771ms
After GCs... 
