Done; will start GCs... 
[17.760s][info   ][gc,metaspace] GC(16) Metaspace: 16493K(17664K)->16493K(17664K) NonClass: 13149K(13696K)->13149K(13696K) Class: 3343K(3968K)->3343K(3968K)
[17.760s][info   ][gc          ] GC(16) Pause Full (System.gc()) 1593M->1573M(5632M) 712.848ms
[18.447s][info   ][gc,metaspace] GC(17) Metaspace: 16493K(17664K)->16493K(17664K) NonClass: 13149K(13696K)->13149K(13696K) Class: 3343K(3968K)->3343K(3968K)
[18.448s][info   ][gc          ] GC(17) Pause Full (System.gc()) 1573M->1573M(5632M) 687.074ms
[19.163s][info   ][gc,metaspace] GC(18) Metaspace: 16493K(17664K)->16493K(17664K) NonClass: 13149K(13696K)->13149K(13696K) Class: 3343K(3968K)->3343K(3968K)
[19.163s][info   ][gc          ] GC(18) Pause Full (System.gc()) 1573M->1573M(5632M) 715.629ms
[19.902s][info   ][gc,metaspace] GC(19) Metaspace: 16493K(17664K)->16493K(17664K) NonClass: 13149K(13696K)->13149K(13696K) Class: 3343K(3968K)->3343K(3968K)
[19.902s][info   ][gc          ] GC(19) Pause Full (System.gc()) 1573M->1573M(5632M) 738.364ms
[20.638s][info   ][gc,metaspace] GC(20) Metaspace: 16493K(17664K)->16493K(17664K) NonClass: 13149K(13696K)->13149K(13696K) Class: 3343K(3968K)->3343K(3968K)
[20.638s][info   ][gc          ] GC(20) Pause Full (System.gc()) 1573M->1573M(5632M) 735.816ms
[21.330s][info   ][gc,metaspace] GC(21) Metaspace: 16493K(17664K)->16493K(17664K) NonClass: 13149K(13696K)->13149K(13696K) Class: 3343K(3968K)->3343K(3968K)
[21.330s][info   ][gc          ] GC(21) Pause Full (System.gc()) 1573M->1573M(5632M) 692.235ms
[22.061s][info   ][gc,metaspace] GC(22) Metaspace: 16493K(17664K)->16493K(17664K) NonClass: 13149K(13696K)->13149K(13696K) Class: 3343K(3968K)->3343K(3968K)
[22.061s][info   ][gc          ] GC(22) Pause Full (System.gc()) 1573M->1573M(5632M) 730.951ms
[22.780s][info   ][gc,metaspace] GC(23) Metaspace: 16493K(17664K)->16493K(17664K) NonClass: 13149K(13696K)->13149K(13696K) Class: 3343K(3968K)->3343K(3968K)
[22.780s][info   ][gc          ] GC(23) Pause Full (System.gc()) 1573M->1573M(5632M) 718.833ms
[23.523s][info   ][gc,metaspace] GC(24) Metaspace: 16493K(17664K)->16493K(17664K) NonClass: 13149K(13696K)->13149K(13696K) Class: 3343K(3968K)->3343K(3968K)
[23.523s][info   ][gc          ] GC(24) Pause Full (System.gc()) 1573M->1573M(5632M) 742.706ms
[24.216s][info   ][gc,metaspace] GC(25) Metaspace: 16493K(17664K)->16493K(17664K) NonClass: 13149K(13696K)->13149K(13696K) Class: 3343K(3968K)->3343K(3968K)
[24.216s][info   ][gc          ] GC(25) Pause Full (System.gc()) 1573M->1573M(5632M) 692.971ms
[24.945s][info   ][gc,metaspace] GC(26) Metaspace: 16493K(17664K)->16493K(17664K) NonClass: 13149K(13696K)->13149K(13696K) Class: 3343K(3968K)->3343K(3968K)
[24.945s][info   ][gc          ] GC(26) Pause Full (System.gc()) 1573M->1573M(5632M) 729.293ms
[25.723s][info   ][gc,metaspace] GC(27) Metaspace: 16493K(17664K)->16493K(17664K) NonClass: 13149K(13696K)->13149K(13696K) Class: 3343K(3968K)->3343K(3968K)
[25.723s][info   ][gc          ] GC(27) Pause Full (System.gc()) 1573M->1573M(5632M) 777.823ms
[26.415s][info   ][gc,metaspace] GC(28) Metaspace: 16493K(17664K)->16493K(17664K) NonClass: 13149K(13696K)->13149K(13696K) Class: 3343K(3968K)->3343K(3968K)
[26.415s][info   ][gc          ] GC(28) Pause Full (System.gc()) 1573M->1573M(5632M) 691.721ms
[27.117s][info   ][gc,metaspace] GC(29) Metaspace: 16493K(17664K)->16493K(17664K) NonClass: 13149K(13696K)->13149K(13696K) Class: 3343K(3968K)->3343K(3968K)
[27.117s][info   ][gc          ] GC(29) Pause Full (System.gc()) 1573M->1573M(5632M) 702.409ms
[27.843s][info   ][gc,metaspace] GC(30) Metaspace: 16493K(17664K)->16493K(17664K) NonClass: 13149K(13696K)->13149K(13696K) Class: 3343K(3968K)->3343K(3968K)
[27.843s][info   ][gc          ] GC(30) Pause Full (System.gc()) 1573M->1573M(5632M) 725.418ms
[28.576s][info   ][gc,metaspace] GC(31) Metaspace: 16493K(17664K)->16493K(17664K) NonClass: 13149K(13696K)->13149K(13696K) Class: 3343K(3968K)->3343K(3968K)
[28.576s][info   ][gc          ] GC(31) Pause Full (System.gc()) 1573M->1573M(5632M) 733.247ms
[29.276s][info   ][gc,metaspace] GC(32) Metaspace: 16493K(17664K)->16493K(17664K) NonClass: 13149K(13696K)->13149K(13696K) Class: 3343K(3968K)->3343K(3968K)
[29.276s][info   ][gc          ] GC(32) Pause Full (System.gc()) 1573M->1573M(5632M) 700.068ms
[29.992s][info   ][gc,metaspace] GC(33) Metaspace: 16493K(17664K)->16493K(17664K) NonClass: 13149K(13696K)->13149K(13696K) Class: 3343K(3968K)->3343K(3968K)
[29.992s][info   ][gc          ] GC(33) Pause Full (System.gc()) 1573M->1573M(5632M) 715.169ms
[30.714s][info   ][gc,metaspace] GC(34) Metaspace: 16493K(17664K)->16493K(17664K) NonClass: 13149K(13696K)->13149K(13696K) Class: 3343K(3968K)->3343K(3968K)
[30.714s][info   ][gc          ] GC(34) Pause Full (System.gc()) 1573M->1573M(5632M) 722.042ms
[31.402s][info   ][gc,metaspace] GC(35) Metaspace: 16493K(17664K)->16493K(17664K) NonClass: 13149K(13696K)->13149K(13696K) Class: 3343K(3968K)->3343K(3968K)
[31.402s][info   ][gc          ] GC(35) Pause Full (System.gc()) 1573M->1573M(5632M) 687.687ms
[32.124s][info   ][gc,metaspace] GC(36) Metaspace: 16493K(17664K)->16493K(17664K) NonClass: 13149K(13696K)->13149K(13696K) Class: 3343K(3968K)->3343K(3968K)
[32.124s][info   ][gc          ] GC(36) Pause Full (System.gc()) 1573M->1573M(5632M) 722.239ms
[32.909s][info   ][gc,metaspace] GC(37) Metaspace: 16493K(17664K)->16493K(17664K) NonClass: 13149K(13696K)->13149K(13696K) Class: 3343K(3968K)->3343K(3968K)
[32.909s][info   ][gc          ] GC(37) Pause Full (System.gc()) 1573M->1573M(5632M) 785.356ms
[33.762s][info   ][gc,metaspace] GC(38) Metaspace: 16493K(17664K)->16493K(17664K) NonClass: 13149K(13696K)->13149K(13696K) Class: 3343K(3968K)->3343K(3968K)
[33.762s][info   ][gc          ] GC(38) Pause Full (System.gc()) 1573M->1573M(5632M) 852.591ms
[34.466s][info   ][gc,metaspace] GC(39) Metaspace: 16493K(17664K)->16493K(17664K) NonClass: 13149K(13696K)->13149K(13696K) Class: 3343K(3968K)->3343K(3968K)
[34.466s][info   ][gc          ] GC(39) Pause Full (System.gc()) 1573M->1573M(5632M) 703.619ms
[35.174s][info   ][gc,metaspace] GC(40) Metaspace: 16493K(17664K)->16493K(17664K) NonClass: 13149K(13696K)->13149K(13696K) Class: 3343K(3968K)->3343K(3968K)
[35.174s][info   ][gc          ] GC(40) Pause Full (System.gc()) 1573M->1573M(5632M) 707.676ms
[35.926s][info   ][gc,metaspace] GC(41) Metaspace: 16493K(17664K)->16493K(17664K) NonClass: 13149K(13696K)->13149K(13696K) Class: 3343K(3968K)->3343K(3968K)
[35.926s][info   ][gc          ] GC(41) Pause Full (System.gc()) 1573M->1573M(5632M) 752.509ms
[36.739s][info   ][gc,metaspace] GC(42) Metaspace: 16493K(17664K)->16493K(17664K) NonClass: 13149K(13696K)->13149K(13696K) Class: 3343K(3968K)->3343K(3968K)
[36.739s][info   ][gc          ] GC(42) Pause Full (System.gc()) 1573M->1573M(5632M) 812.244ms
[37.423s][info   ][gc,metaspace] GC(43) Metaspace: 16493K(17664K)->16493K(17664K) NonClass: 13149K(13696K)->13149K(13696K) Class: 3343K(3968K)->3343K(3968K)
[37.423s][info   ][gc          ] GC(43) Pause Full (System.gc()) 1573M->1573M(5632M) 684.033ms
[38.132s][info   ][gc,metaspace] GC(44) Metaspace: 16493K(17664K)->16493K(17664K) NonClass: 13149K(13696K)->13149K(13696K) Class: 3343K(3968K)->3343K(3968K)
[38.132s][info   ][gc          ] GC(44) Pause Full (System.gc()) 1573M->1573M(5632M) 709.367ms
[38.869s][info   ][gc,metaspace] GC(45) Metaspace: 16493K(17664K)->16493K(17664K) NonClass: 13149K(13696K)->13149K(13696K) Class: 3343K(3968K)->3343K(3968K)
[38.869s][info   ][gc          ] GC(45) Pause Full (System.gc()) 1573M->1573M(5632M) 737.094ms
[39.620s][info   ][gc,metaspace] GC(46) Metaspace: 16493K(17664K)->16493K(17664K) NonClass: 13149K(13696K)->13149K(13696K) Class: 3343K(3968K)->3343K(3968K)
[39.620s][info   ][gc          ] GC(46) Pause Full (System.gc()) 1573M->1573M(5632M) 750.447ms
[40.353s][info   ][gc,metaspace] GC(47) Metaspace: 16493K(17664K)->16493K(17664K) NonClass: 13149K(13696K)->13149K(13696K) Class: 3343K(3968K)->3343K(3968K)
[40.353s][info   ][gc          ] GC(47) Pause Full (System.gc()) 1573M->1573M(5632M) 732.936ms
[41.075s][info   ][gc,metaspace] GC(48) Metaspace: 16493K(17664K)->16493K(17664K) NonClass: 13149K(13696K)->13149K(13696K) Class: 3343K(3968K)->3343K(3968K)
[41.075s][info   ][gc          ] GC(48) Pause Full (System.gc()) 1573M->1573M(5632M) 721.606ms
[41.919s][info   ][gc,metaspace] GC(49) Metaspace: 16493K(17664K)->16493K(17664K) NonClass: 13149K(13696K)->13149K(13696K) Class: 3343K(3968K)->3343K(3968K)
[41.919s][info   ][gc          ] GC(49) Pause Full (System.gc()) 1573M->1573M(5632M) 844.510ms
[42.650s][info   ][gc,metaspace] GC(50) Metaspace: 16493K(17664K)->16493K(17664K) NonClass: 13149K(13696K)->13149K(13696K) Class: 3343K(3968K)->3343K(3968K)
[42.650s][info   ][gc          ] GC(50) Pause Full (System.gc()) 1573M->1573M(5632M) 731.024ms
[43.340s][info   ][gc,metaspace] GC(51) Metaspace: 16493K(17664K)->16493K(17664K) NonClass: 13149K(13696K)->13149K(13696K) Class: 3343K(3968K)->3343K(3968K)
[43.340s][info   ][gc          ] GC(51) Pause Full (System.gc()) 1573M->1573M(5632M) 690.020ms
[44.056s][info   ][gc,metaspace] GC(52) Metaspace: 16493K(17664K)->16493K(17664K) NonClass: 13149K(13696K)->13149K(13696K) Class: 3343K(3968K)->3343K(3968K)
[44.056s][info   ][gc          ] GC(52) Pause Full (System.gc()) 1573M->1573M(5632M) 715.138ms
[44.847s][info   ][gc,metaspace] GC(53) Metaspace: 16493K(17664K)->16493K(17664K) NonClass: 13149K(13696K)->13149K(13696K) Class: 3343K(3968K)->3343K(3968K)
[44.847s][info   ][gc          ] GC(53) Pause Full (System.gc()) 1573M->1573M(5632M) 790.744ms
[45.590s][info   ][gc,metaspace] GC(54) Metaspace: 16493K(17664K)->16493K(17664K) NonClass: 13149K(13696K)->13149K(13696K) Class: 3343K(3968K)->3343K(3968K)
[45.590s][info   ][gc          ] GC(54) Pause Full (System.gc()) 1573M->1573M(5632M) 743.003ms
[46.361s][info   ][gc,metaspace] GC(55) Metaspace: 16493K(17664K)->16493K(17664K) NonClass: 13149K(13696K)->13149K(13696K) Class: 3343K(3968K)->3343K(3968K)
[46.361s][info   ][gc          ] GC(55) Pause Full (System.gc()) 1573M->1573M(5632M) 771.582ms
[47.055s][info   ][gc,metaspace] GC(56) Metaspace: 16493K(17664K)->16493K(17664K) NonClass: 13149K(13696K)->13149K(13696K) Class: 3343K(3968K)->3343K(3968K)
[47.055s][info   ][gc          ] GC(56) Pause Full (System.gc()) 1573M->1573M(5632M) 693.760ms
[47.776s][info   ][gc,metaspace] GC(57) Metaspace: 16493K(17664K)->16493K(17664K) NonClass: 13149K(13696K)->13149K(13696K) Class: 3343K(3968K)->3343K(3968K)
[47.776s][info   ][gc          ] GC(57) Pause Full (System.gc()) 1573M->1573M(5632M) 720.468ms
[48.519s][info   ][gc,metaspace] GC(58) Metaspace: 16493K(17664K)->16493K(17664K) NonClass: 13149K(13696K)->13149K(13696K) Class: 3343K(3968K)->3343K(3968K)
[48.519s][info   ][gc          ] GC(58) Pause Full (System.gc()) 1573M->1573M(5632M) 738.407ms
[49.214s][info   ][gc,metaspace] GC(59) Metaspace: 16493K(17664K)->16493K(17664K) NonClass: 13149K(13696K)->13149K(13696K) Class: 3343K(3968K)->3343K(3968K)
[49.214s][info   ][gc          ] GC(59) Pause Full (System.gc()) 1573M->1573M(5632M) 694.978ms
[49.935s][info   ][gc,metaspace] GC(60) Metaspace: 16493K(17664K)->16493K(17664K) NonClass: 13149K(13696K)->13149K(13696K) Class: 3343K(3968K)->3343K(3968K)
[49.935s][info   ][gc          ] GC(60) Pause Full (System.gc()) 1573M->1573M(5632M) 721.445ms
[50.658s][info   ][gc,metaspace] GC(61) Metaspace: 16493K(17664K)->16493K(17664K) NonClass: 13149K(13696K)->13149K(13696K) Class: 3343K(3968K)->3343K(3968K)
[50.658s][info   ][gc          ] GC(61) Pause Full (System.gc()) 1573M->1573M(5632M) 722.561ms
[51.355s][info   ][gc,metaspace] GC(62) Metaspace: 16493K(17664K)->16493K(17664K) NonClass: 13149K(13696K)->13149K(13696K) Class: 3343K(3968K)->3343K(3968K)
[51.355s][info   ][gc          ] GC(62) Pause Full (System.gc()) 1573M->1573M(5632M) 697.212ms
[52.081s][info   ][gc,metaspace] GC(63) Metaspace: 16493K(17664K)->16493K(17664K) NonClass: 13149K(13696K)->13149K(13696K) Class: 3343K(3968K)->3343K(3968K)
[52.081s][info   ][gc          ] GC(63) Pause Full (System.gc()) 1573M->1573M(5632M) 725.414ms
[52.801s][info   ][gc,metaspace] GC(64) Metaspace: 16493K(17664K)->16493K(17664K) NonClass: 13149K(13696K)->13149K(13696K) Class: 3343K(3968K)->3343K(3968K)
[52.801s][info   ][gc          ] GC(64) Pause Full (System.gc()) 1573M->1573M(5632M) 720.740ms
[53.533s][info   ][gc,metaspace] GC(65) Metaspace: 16493K(17664K)->16493K(17664K) NonClass: 13149K(13696K)->13149K(13696K) Class: 3343K(3968K)->3343K(3968K)
[53.533s][info   ][gc          ] GC(65) Pause Full (System.gc()) 1573M->1573M(5632M) 727.315ms
After GCs... 
