Done; will start GCs... 
[17.158s][info   ][gc,metaspace] GC(17) Metaspace: 16386K(17536K)->16386K(17536K) NonClass: 14227K(14784K)->14227K(14784K) Class: 2158K(2752K)->2158K(2752K)
[17.158s][info   ][gc          ] GC(17) Pause Full (System.gc()) 1813M->1793M(5626M) 667.481ms
[17.769s][info   ][gc,metaspace] GC(18) Metaspace: 16386K(17536K)->16386K(17536K) NonClass: 14227K(14784K)->14227K(14784K) Class: 2158K(2752K)->2158K(2752K)
[17.769s][info   ][gc          ] GC(18) Pause Full (System.gc()) 1793M->1793M(5626M) 610.181ms
[18.408s][info   ][gc,metaspace] GC(19) Metaspace: 16386K(17536K)->16386K(17536K) NonClass: 14227K(14784K)->14227K(14784K) Class: 2158K(2752K)->2158K(2752K)
[18.408s][info   ][gc          ] GC(19) Pause Full (System.gc()) 1793M->1793M(5626M) 639.459ms
[19.128s][info   ][gc,metaspace] GC(20) Metaspace: 16386K(17536K)->16386K(17536K) NonClass: 14227K(14784K)->14227K(14784K) Class: 2158K(2752K)->2158K(2752K)
[19.128s][info   ][gc          ] GC(20) Pause Full (System.gc()) 1793M->1793M(5626M) 719.896ms
[19.743s][info   ][gc,metaspace] GC(21) Metaspace: 16386K(17536K)->16386K(17536K) NonClass: 14227K(14784K)->14227K(14784K) Class: 2158K(2752K)->2158K(2752K)
[19.743s][info   ][gc          ] GC(21) Pause Full (System.gc()) 1793M->1793M(5626M) 615.028ms
[20.377s][info   ][gc,metaspace] GC(22) Metaspace: 16386K(17536K)->16386K(17536K) NonClass: 14227K(14784K)->14227K(14784K) Class: 2158K(2752K)->2158K(2752K)
[20.377s][info   ][gc          ] GC(22) Pause Full (System.gc()) 1793M->1793M(5626M) 633.165ms
[21.027s][info   ][gc,metaspace] GC(23) Metaspace: 16386K(17536K)->16386K(17536K) NonClass: 14227K(14784K)->14227K(14784K) Class: 2158K(2752K)->2158K(2752K)
[21.027s][info   ][gc          ] GC(23) Pause Full (System.gc()) 1793M->1793M(5626M) 649.952ms
[21.628s][info   ][gc,metaspace] GC(24) Metaspace: 16386K(17536K)->16386K(17536K) NonClass: 14227K(14784K)->14227K(14784K) Class: 2158K(2752K)->2158K(2752K)
[21.628s][info   ][gc          ] GC(24) Pause Full (System.gc()) 1793M->1793M(5626M) 601.014ms
[22.279s][info   ][gc,metaspace] GC(25) Metaspace: 16386K(17536K)->16386K(17536K) NonClass: 14227K(14784K)->14227K(14784K) Class: 2158K(2752K)->2158K(2752K)
[22.279s][info   ][gc          ] GC(25) Pause Full (System.gc()) 1793M->1793M(5626M) 651.007ms
[22.978s][info   ][gc,metaspace] GC(26) Metaspace: 16386K(17536K)->16386K(17536K) NonClass: 14227K(14784K)->14227K(14784K) Class: 2158K(2752K)->2158K(2752K)
[22.979s][info   ][gc          ] GC(26) Pause Full (System.gc()) 1793M->1793M(5626M) 699.647ms
[23.589s][info   ][gc,metaspace] GC(27) Metaspace: 16386K(17536K)->16386K(17536K) NonClass: 14227K(14784K)->14227K(14784K) Class: 2158K(2752K)->2158K(2752K)
[23.589s][info   ][gc          ] GC(27) Pause Full (System.gc()) 1793M->1793M(5626M) 610.697ms
[24.247s][info   ][gc,metaspace] GC(28) Metaspace: 16386K(17536K)->16386K(17536K) NonClass: 14227K(14784K)->14227K(14784K) Class: 2158K(2752K)->2158K(2752K)
[24.247s][info   ][gc          ] GC(28) Pause Full (System.gc()) 1793M->1793M(5626M) 657.579ms
[24.919s][info   ][gc,metaspace] GC(29) Metaspace: 16386K(17536K)->16386K(17536K) NonClass: 14227K(14784K)->14227K(14784K) Class: 2158K(2752K)->2158K(2752K)
[24.919s][info   ][gc          ] GC(29) Pause Full (System.gc()) 1793M->1793M(5626M) 671.568ms
[25.535s][info   ][gc,metaspace] GC(30) Metaspace: 16386K(17536K)->16386K(17536K) NonClass: 14227K(14784K)->14227K(14784K) Class: 2158K(2752K)->2158K(2752K)
[25.535s][info   ][gc          ] GC(30) Pause Full (System.gc()) 1793M->1793M(5626M) 615.897ms
[26.176s][info   ][gc,metaspace] GC(31) Metaspace: 16386K(17536K)->16386K(17536K) NonClass: 14227K(14784K)->14227K(14784K) Class: 2158K(2752K)->2158K(2752K)
[26.176s][info   ][gc          ] GC(31) Pause Full (System.gc()) 1793M->1793M(5626M) 641.132ms
[26.859s][info   ][gc,metaspace] GC(32) Metaspace: 16386K(17536K)->16386K(17536K) NonClass: 14227K(14784K)->14227K(14784K) Class: 2158K(2752K)->2158K(2752K)
[26.859s][info   ][gc          ] GC(32) Pause Full (System.gc()) 1793M->1793M(5626M) 683.103ms
[27.555s][info   ][gc,metaspace] GC(33) Metaspace: 16386K(17536K)->16386K(17536K) NonClass: 14227K(14784K)->14227K(14784K) Class: 2158K(2752K)->2158K(2752K)
[27.555s][info   ][gc          ] GC(33) Pause Full (System.gc()) 1793M->1793M(5626M) 695.535ms
[28.166s][info   ][gc,metaspace] GC(34) Metaspace: 16386K(17536K)->16386K(17536K) NonClass: 14227K(14784K)->14227K(14784K) Class: 2158K(2752K)->2158K(2752K)
[28.167s][info   ][gc          ] GC(34) Pause Full (System.gc()) 1793M->1793M(5626M) 611.805ms
[28.819s][info   ][gc,metaspace] GC(35) Metaspace: 16386K(17536K)->16386K(17536K) NonClass: 14227K(14784K)->14227K(14784K) Class: 2158K(2752K)->2158K(2752K)
[28.819s][info   ][gc          ] GC(35) Pause Full (System.gc()) 1793M->1793M(5626M) 652.258ms
[29.418s][info   ][gc,metaspace] GC(36) Metaspace: 16386K(17536K)->16386K(17536K) NonClass: 14227K(14784K)->14227K(14784K) Class: 2158K(2752K)->2158K(2752K)
[29.418s][info   ][gc          ] GC(36) Pause Full (System.gc()) 1793M->1793M(5626M) 599.308ms
[30.063s][info   ][gc,metaspace] GC(37) Metaspace: 16386K(17536K)->16386K(17536K) NonClass: 14227K(14784K)->14227K(14784K) Class: 2158K(2752K)->2158K(2752K)
[30.063s][info   ][gc          ] GC(37) Pause Full (System.gc()) 1793M->1793M(5626M) 644.400ms
[30.672s][info   ][gc,metaspace] GC(38) Metaspace: 16386K(17536K)->16386K(17536K) NonClass: 14227K(14784K)->14227K(14784K) Class: 2158K(2752K)->2158K(2752K)
[30.672s][info   ][gc          ] GC(38) Pause Full (System.gc()) 1793M->1793M(5626M) 609.231ms
[31.314s][info   ][gc,metaspace] GC(39) Metaspace: 16386K(17536K)->16386K(17536K) NonClass: 14227K(14784K)->14227K(14784K) Class: 2158K(2752K)->2158K(2752K)
[31.314s][info   ][gc          ] GC(39) Pause Full (System.gc()) 1793M->1793M(5626M) 642.087ms
[32.038s][info   ][gc,metaspace] GC(40) Metaspace: 16386K(17536K)->16386K(17536K) NonClass: 14227K(14784K)->14227K(14784K) Class: 2158K(2752K)->2158K(2752K)
[32.039s][info   ][gc          ] GC(40) Pause Full (System.gc()) 1793M->1793M(5626M) 724.209ms
[32.665s][info   ][gc,metaspace] GC(41) Metaspace: 16386K(17536K)->16386K(17536K) NonClass: 14227K(14784K)->14227K(14784K) Class: 2158K(2752K)->2158K(2752K)
[32.665s][info   ][gc          ] GC(41) Pause Full (System.gc()) 1793M->1793M(5626M) 626.858ms
[33.285s][info   ][gc,metaspace] GC(42) Metaspace: 16386K(17536K)->16386K(17536K) NonClass: 14227K(14784K)->14227K(14784K) Class: 2158K(2752K)->2158K(2752K)
[33.285s][info   ][gc          ] GC(42) Pause Full (System.gc()) 1793M->1793M(5626M) 619.515ms
[33.963s][info   ][gc,metaspace] GC(43) Metaspace: 16386K(17536K)->16386K(17536K) NonClass: 14227K(14784K)->14227K(14784K) Class: 2158K(2752K)->2158K(2752K)
[33.963s][info   ][gc          ] GC(43) Pause Full (System.gc()) 1793M->1793M(5626M) 678.190ms
[34.585s][info   ][gc,metaspace] GC(44) Metaspace: 16386K(17536K)->16386K(17536K) NonClass: 14227K(14784K)->14227K(14784K) Class: 2158K(2752K)->2158K(2752K)
[34.585s][info   ][gc          ] GC(44) Pause Full (System.gc()) 1793M->1793M(5626M) 621.188ms
[35.216s][info   ][gc,metaspace] GC(45) Metaspace: 16386K(17536K)->16386K(17536K) NonClass: 14227K(14784K)->14227K(14784K) Class: 2158K(2752K)->2158K(2752K)
[35.216s][info   ][gc          ] GC(45) Pause Full (System.gc()) 1793M->1793M(5626M) 631.186ms
[35.867s][info   ][gc,metaspace] GC(46) Metaspace: 16386K(17536K)->16386K(17536K) NonClass: 14227K(14784K)->14227K(14784K) Class: 2158K(2752K)->2158K(2752K)
[35.867s][info   ][gc          ] GC(46) Pause Full (System.gc()) 1793M->1793M(5626M) 650.873ms
[36.468s][info   ][gc,metaspace] GC(47) Metaspace: 16386K(17536K)->16386K(17536K) NonClass: 14227K(14784K)->14227K(14784K) Class: 2158K(2752K)->2158K(2752K)
[36.469s][info   ][gc          ] GC(47) Pause Full (System.gc()) 1793M->1793M(5626M) 601.565ms
[37.098s][info   ][gc,metaspace] GC(48) Metaspace: 16386K(17536K)->16386K(17536K) NonClass: 14227K(14784K)->14227K(14784K) Class: 2158K(2752K)->2158K(2752K)
[37.098s][info   ][gc          ] GC(48) Pause Full (System.gc()) 1793M->1793M(5626M) 629.111ms
[37.700s][info   ][gc,metaspace] GC(49) Metaspace: 16386K(17536K)->16386K(17536K) NonClass: 14227K(14784K)->14227K(14784K) Class: 2158K(2752K)->2158K(2752K)
[37.700s][info   ][gc          ] GC(49) Pause Full (System.gc()) 1793M->1793M(5626M) 601.925ms
[38.350s][info   ][gc,metaspace] GC(50) Metaspace: 16386K(17536K)->16386K(17536K) NonClass: 14227K(14784K)->14227K(14784K) Class: 2158K(2752K)->2158K(2752K)
[38.350s][info   ][gc          ] GC(50) Pause Full (System.gc()) 1793M->1793M(5626M) 650.287ms
[38.992s][info   ][gc,metaspace] GC(51) Metaspace: 16386K(17536K)->16386K(17536K) NonClass: 14227K(14784K)->14227K(14784K) Class: 2158K(2752K)->2158K(2752K)
[38.992s][info   ][gc          ] GC(51) Pause Full (System.gc()) 1793M->1793M(5626M) 641.538ms
[39.589s][info   ][gc,metaspace] GC(52) Metaspace: 16386K(17536K)->16386K(17536K) NonClass: 14227K(14784K)->14227K(14784K) Class: 2158K(2752K)->2158K(2752K)
[39.589s][info   ][gc          ] GC(52) Pause Full (System.gc()) 1793M->1793M(5626M) 597.119ms
[40.228s][info   ][gc,metaspace] GC(53) Metaspace: 16386K(17536K)->16386K(17536K) NonClass: 14227K(14784K)->14227K(14784K) Class: 2158K(2752K)->2158K(2752K)
[40.228s][info   ][gc          ] GC(53) Pause Full (System.gc()) 1793M->1793M(5626M) 638.736ms
[40.956s][info   ][gc,metaspace] GC(54) Metaspace: 16386K(17536K)->16386K(17536K) NonClass: 14227K(14784K)->14227K(14784K) Class: 2158K(2752K)->2158K(2752K)
[40.957s][info   ][gc          ] GC(54) Pause Full (System.gc()) 1793M->1793M(5626M) 728.711ms
[41.636s][info   ][gc,metaspace] GC(55) Metaspace: 16386K(17536K)->16386K(17536K) NonClass: 14227K(14784K)->14227K(14784K) Class: 2158K(2752K)->2158K(2752K)
[41.636s][info   ][gc          ] GC(55) Pause Full (System.gc()) 1793M->1793M(5626M) 679.447ms
[42.247s][info   ][gc,metaspace] GC(56) Metaspace: 16386K(17536K)->16386K(17536K) NonClass: 14227K(14784K)->14227K(14784K) Class: 2158K(2752K)->2158K(2752K)
[42.247s][info   ][gc          ] GC(56) Pause Full (System.gc()) 1793M->1793M(5626M) 610.965ms
[42.901s][info   ][gc,metaspace] GC(57) Metaspace: 16386K(17536K)->16386K(17536K) NonClass: 14227K(14784K)->14227K(14784K) Class: 2158K(2752K)->2158K(2752K)
[42.901s][info   ][gc          ] GC(57) Pause Full (System.gc()) 1793M->1793M(5626M) 649.271ms
[43.511s][info   ][gc,metaspace] GC(58) Metaspace: 16386K(17536K)->16386K(17536K) NonClass: 14227K(14784K)->14227K(14784K) Class: 2158K(2752K)->2158K(2752K)
[43.511s][info   ][gc          ] GC(58) Pause Full (System.gc()) 1793M->1793M(5626M) 609.971ms
[44.158s][info   ][gc,metaspace] GC(59) Metaspace: 16386K(17536K)->16386K(17536K) NonClass: 14227K(14784K)->14227K(14784K) Class: 2158K(2752K)->2158K(2752K)
[44.158s][info   ][gc          ] GC(59) Pause Full (System.gc()) 1793M->1793M(5626M) 646.625ms
[44.759s][info   ][gc,metaspace] GC(60) Metaspace: 16386K(17536K)->16386K(17536K) NonClass: 14227K(14784K)->14227K(14784K) Class: 2158K(2752K)->2158K(2752K)
[44.759s][info   ][gc          ] GC(60) Pause Full (System.gc()) 1793M->1793M(5626M) 600.995ms
[45.403s][info   ][gc,metaspace] GC(61) Metaspace: 16386K(17536K)->16386K(17536K) NonClass: 14227K(14784K)->14227K(14784K) Class: 2158K(2752K)->2158K(2752K)
[45.403s][info   ][gc          ] GC(61) Pause Full (System.gc()) 1793M->1793M(5626M) 644.732ms
[46.044s][info   ][gc,metaspace] GC(62) Metaspace: 16386K(17536K)->16386K(17536K) NonClass: 14227K(14784K)->14227K(14784K) Class: 2158K(2752K)->2158K(2752K)
[46.044s][info   ][gc          ] GC(62) Pause Full (System.gc()) 1793M->1793M(5626M) 640.540ms
[46.651s][info   ][gc,metaspace] GC(63) Metaspace: 16386K(17536K)->16386K(17536K) NonClass: 14227K(14784K)->14227K(14784K) Class: 2158K(2752K)->2158K(2752K)
[46.651s][info   ][gc          ] GC(63) Pause Full (System.gc()) 1793M->1793M(5626M) 606.672ms
[47.292s][info   ][gc,metaspace] GC(64) Metaspace: 16386K(17536K)->16386K(17536K) NonClass: 14227K(14784K)->14227K(14784K) Class: 2158K(2752K)->2158K(2752K)
[47.292s][info   ][gc          ] GC(64) Pause Full (System.gc()) 1793M->1793M(5626M) 641.009ms
[47.979s][info   ][gc,metaspace] GC(65) Metaspace: 16386K(17536K)->16386K(17536K) NonClass: 14227K(14784K)->14227K(14784K) Class: 2158K(2752K)->2158K(2752K)
[47.979s][info   ][gc          ] GC(65) Pause Full (System.gc()) 1793M->1793M(5626M) 686.581ms
[48.608s][info   ][gc,metaspace] GC(66) Metaspace: 16386K(17536K)->16386K(17536K) NonClass: 14227K(14784K)->14227K(14784K) Class: 2158K(2752K)->2158K(2752K)
[48.608s][info   ][gc          ] GC(66) Pause Full (System.gc()) 1793M->1793M(5626M) 629.094ms
After GCs... 
