Done; will start GCs... 
[12.743s][info][gc,metaspace] GC(4) Metaspace: 28577K(29888K)->28577K(29888K) NonClass: 25002K(25600K)->25002K(25600K) Class: 3575K(4288K)->3575K(4288K)
[12.743s][info][gc          ] GC(4) Pause Young (System.gc()) 827M->773M(5888M) 2362.355ms
[14.924s][info][gc,metaspace] GC(5) Metaspace: 28577K(29888K)->28577K(29888K) NonClass: 25002K(25600K)->25002K(25600K) Class: 3575K(4288K)->3575K(4288K)
[14.924s][info][gc          ] GC(5) Pause Full (System.gc()) 773M->772M(5888M) 2180.751ms
[14.925s][info][gc,metaspace] GC(6) Metaspace: 28577K(29888K)->28577K(29888K) NonClass: 25002K(25600K)->25002K(25600K) Class: 3575K(4288K)->3575K(4288K)
[14.925s][info][gc          ] GC(6) Pause Young (System.gc()) 772M->772M(5888M) 0.633ms
[15.614s][info][gc,metaspace] GC(7) Metaspace: 28577K(29888K)->28577K(29888K) NonClass: 25002K(25600K)->25002K(25600K) Class: 3575K(4288K)->3575K(4288K)
[15.614s][info][gc          ] GC(7) Pause Full (System.gc()) 772M->772M(5888M) 689.255ms
[15.619s][info][gc,metaspace] GC(8) Metaspace: 28577K(29888K)->28577K(29888K) NonClass: 25002K(25600K)->25002K(25600K) Class: 3575K(4288K)->3575K(4288K)
[15.619s][info][gc          ] GC(8) Pause Young (System.gc()) 772M->772M(5888M) 0.537ms
[16.273s][info][gc,metaspace] GC(9) Metaspace: 28577K(29888K)->28577K(29888K) NonClass: 25002K(25600K)->25002K(25600K) Class: 3575K(4288K)->3575K(4288K)
[16.273s][info][gc          ] GC(9) Pause Full (System.gc()) 772M->772M(5888M) 653.975ms
[16.274s][info][gc,metaspace] GC(10) Metaspace: 28577K(29888K)->28577K(29888K) NonClass: 25002K(25600K)->25002K(25600K) Class: 3575K(4288K)->3575K(4288K)
[16.274s][info][gc          ] GC(10) Pause Young (System.gc()) 772M->772M(5888M) 0.551ms
[16.919s][info][gc,metaspace] GC(11) Metaspace: 28577K(29888K)->28577K(29888K) NonClass: 25002K(25600K)->25002K(25600K) Class: 3575K(4288K)->3575K(4288K)
[16.919s][info][gc          ] GC(11) Pause Full (System.gc()) 772M->772M(5888M) 644.503ms
[16.919s][info][gc,metaspace] GC(12) Metaspace: 28578K(29888K)->28578K(29888K) NonClass: 25002K(25600K)->25002K(25600K) Class: 3575K(4288K)->3575K(4288K)
[16.919s][info][gc          ] GC(12) Pause Young (System.gc()) 772M->772M(5888M) 0.522ms
[17.768s][info][gc,metaspace] GC(13) Metaspace: 28578K(29888K)->28578K(29888K) NonClass: 25002K(25600K)->25002K(25600K) Class: 3575K(4288K)->3575K(4288K)
[17.769s][info][gc          ] GC(13) Pause Full (System.gc()) 772M->772M(5888M) 849.117ms
[17.769s][info][gc,metaspace] GC(14) Metaspace: 28578K(29888K)->28578K(29888K) NonClass: 25002K(25600K)->25002K(25600K) Class: 3575K(4288K)->3575K(4288K)
[17.769s][info][gc          ] GC(14) Pause Young (System.gc()) 772M->772M(5888M) 0.765ms
[18.397s][info][gc,metaspace] GC(15) Metaspace: 28578K(29888K)->28578K(29888K) NonClass: 25002K(25600K)->25002K(25600K) Class: 3575K(4288K)->3575K(4288K)
[18.397s][info][gc          ] GC(15) Pause Full (System.gc()) 772M->772M(5888M) 627.129ms
[18.397s][info][gc,metaspace] GC(16) Metaspace: 28578K(29888K)->28578K(29888K) NonClass: 25002K(25600K)->25002K(25600K) Class: 3575K(4288K)->3575K(4288K)
[18.397s][info][gc          ] GC(16) Pause Young (System.gc()) 772M->772M(5888M) 0.559ms
[19.232s][info][gc,metaspace] GC(17) Metaspace: 28578K(29888K)->28578K(29888K) NonClass: 25002K(25600K)->25002K(25600K) Class: 3575K(4288K)->3575K(4288K)
[19.232s][info][gc          ] GC(17) Pause Full (System.gc()) 772M->772M(5888M) 834.671ms
[19.233s][info][gc,metaspace] GC(18) Metaspace: 28578K(29888K)->28578K(29888K) NonClass: 25002K(25600K)->25002K(25600K) Class: 3575K(4288K)->3575K(4288K)
[19.233s][info][gc          ] GC(18) Pause Young (System.gc()) 772M->772M(5888M) 0.467ms
[19.951s][info][gc,metaspace] GC(19) Metaspace: 28578K(29888K)->28578K(29888K) NonClass: 25002K(25600K)->25002K(25600K) Class: 3575K(4288K)->3575K(4288K)
[19.951s][info][gc          ] GC(19) Pause Full (System.gc()) 772M->772M(5888M) 718.647ms
[19.952s][info][gc,metaspace] GC(20) Metaspace: 28578K(29888K)->28578K(29888K) NonClass: 25002K(25600K)->25002K(25600K) Class: 3575K(4288K)->3575K(4288K)
[19.952s][info][gc          ] GC(20) Pause Young (System.gc()) 772M->772M(5888M) 0.658ms
[20.596s][info][gc,metaspace] GC(21) Metaspace: 28578K(29888K)->28578K(29888K) NonClass: 25002K(25600K)->25002K(25600K) Class: 3575K(4288K)->3575K(4288K)
[20.596s][info][gc          ] GC(21) Pause Full (System.gc()) 772M->772M(5888M) 643.842ms
[20.597s][info][gc,metaspace] GC(22) Metaspace: 28578K(29888K)->28578K(29888K) NonClass: 25002K(25600K)->25002K(25600K) Class: 3575K(4288K)->3575K(4288K)
[20.597s][info][gc          ] GC(22) Pause Young (System.gc()) 772M->772M(5888M) 0.478ms
[21.250s][info][gc,metaspace] GC(23) Metaspace: 28578K(29888K)->28578K(29888K) NonClass: 25002K(25600K)->25002K(25600K) Class: 3575K(4288K)->3575K(4288K)
[21.250s][info][gc          ] GC(23) Pause Full (System.gc()) 772M->772M(5888M) 653.140ms
[21.255s][info][gc,metaspace] GC(24) Metaspace: 28578K(29888K)->28578K(29888K) NonClass: 25002K(25600K)->25002K(25600K) Class: 3575K(4288K)->3575K(4288K)
[21.255s][info][gc          ] GC(24) Pause Young (System.gc()) 772M->772M(5888M) 0.528ms
[21.899s][info][gc,metaspace] GC(25) Metaspace: 28578K(29888K)->28578K(29888K) NonClass: 25002K(25600K)->25002K(25600K) Class: 3575K(4288K)->3575K(4288K)
[21.899s][info][gc          ] GC(25) Pause Full (System.gc()) 772M->772M(5888M) 643.613ms
[21.899s][info][gc,metaspace] GC(26) Metaspace: 28578K(29888K)->28578K(29888K) NonClass: 25002K(25600K)->25002K(25600K) Class: 3575K(4288K)->3575K(4288K)
[21.899s][info][gc          ] GC(26) Pause Young (System.gc()) 772M->772M(5888M) 0.528ms
[22.576s][info][gc,metaspace] GC(27) Metaspace: 28578K(29888K)->28578K(29888K) NonClass: 25002K(25600K)->25002K(25600K) Class: 3575K(4288K)->3575K(4288K)
[22.576s][info][gc          ] GC(27) Pause Full (System.gc()) 772M->772M(5888M) 676.289ms
[22.576s][info][gc,metaspace] GC(28) Metaspace: 28578K(29888K)->28578K(29888K) NonClass: 25002K(25600K)->25002K(25600K) Class: 3575K(4288K)->3575K(4288K)
[22.576s][info][gc          ] GC(28) Pause Young (System.gc()) 772M->772M(5888M) 0.468ms
[23.201s][info][gc,metaspace] GC(29) Metaspace: 28578K(29888K)->28578K(29888K) NonClass: 25002K(25600K)->25002K(25600K) Class: 3575K(4288K)->3575K(4288K)
[23.201s][info][gc          ] GC(29) Pause Full (System.gc()) 772M->772M(5888M) 624.968ms
[23.202s][info][gc,metaspace] GC(30) Metaspace: 28578K(29888K)->28578K(29888K) NonClass: 25002K(25600K)->25002K(25600K) Class: 3575K(4288K)->3575K(4288K)
[23.202s][info][gc          ] GC(30) Pause Young (System.gc()) 772M->772M(5888M) 0.745ms
[23.851s][info][gc,metaspace] GC(31) Metaspace: 28578K(29888K)->28578K(29888K) NonClass: 25002K(25600K)->25002K(25600K) Class: 3575K(4288K)->3575K(4288K)
[23.851s][info][gc          ] GC(31) Pause Full (System.gc()) 772M->772M(5888M) 649.131ms
[23.852s][info][gc,metaspace] GC(32) Metaspace: 28578K(29888K)->28578K(29888K) NonClass: 25002K(25600K)->25002K(25600K) Class: 3575K(4288K)->3575K(4288K)
[23.852s][info][gc          ] GC(32) Pause Young (System.gc()) 772M->772M(5888M) 0.573ms
[24.491s][info][gc,metaspace] GC(33) Metaspace: 28578K(29888K)->28578K(29888K) NonClass: 25002K(25600K)->25002K(25600K) Class: 3575K(4288K)->3575K(4288K)
[24.492s][info][gc          ] GC(33) Pause Full (System.gc()) 772M->772M(5888M) 639.568ms
[24.492s][info][gc,metaspace] GC(34) Metaspace: 28578K(29888K)->28578K(29888K) NonClass: 25002K(25600K)->25002K(25600K) Class: 3575K(4288K)->3575K(4288K)
[24.492s][info][gc          ] GC(34) Pause Young (System.gc()) 772M->772M(5888M) 0.447ms
[25.134s][info][gc,metaspace] GC(35) Metaspace: 28578K(29888K)->28578K(29888K) NonClass: 25002K(25600K)->25002K(25600K) Class: 3575K(4288K)->3575K(4288K)
[25.134s][info][gc          ] GC(35) Pause Full (System.gc()) 772M->772M(5888M) 642.090ms
[25.135s][info][gc,metaspace] GC(36) Metaspace: 28578K(29888K)->28578K(29888K) NonClass: 25002K(25600K)->25002K(25600K) Class: 3575K(4288K)->3575K(4288K)
[25.135s][info][gc          ] GC(36) Pause Young (System.gc()) 772M->772M(5888M) 0.563ms
[25.883s][info][gc,metaspace] GC(37) Metaspace: 28578K(29888K)->28578K(29888K) NonClass: 25002K(25600K)->25002K(25600K) Class: 3575K(4288K)->3575K(4288K)
[25.883s][info][gc          ] GC(37) Pause Full (System.gc()) 772M->772M(5888M) 747.748ms
[25.884s][info][gc,metaspace] GC(38) Metaspace: 28578K(29888K)->28578K(29888K) NonClass: 25002K(25600K)->25002K(25600K) Class: 3575K(4288K)->3575K(4288K)
[25.884s][info][gc          ] GC(38) Pause Young (System.gc()) 772M->772M(5888M) 0.783ms
[26.521s][info][gc,metaspace] GC(39) Metaspace: 28578K(29888K)->28578K(29888K) NonClass: 25002K(25600K)->25002K(25600K) Class: 3575K(4288K)->3575K(4288K)
[26.521s][info][gc          ] GC(39) Pause Full (System.gc()) 772M->772M(5888M) 637.122ms
[26.526s][info][gc,metaspace] GC(40) Metaspace: 28578K(29888K)->28578K(29888K) NonClass: 25002K(25600K)->25002K(25600K) Class: 3575K(4288K)->3575K(4288K)
[26.526s][info][gc          ] GC(40) Pause Young (System.gc()) 772M->772M(5888M) 0.533ms
[27.149s][info][gc,metaspace] GC(41) Metaspace: 28578K(29888K)->28578K(29888K) NonClass: 25002K(25600K)->25002K(25600K) Class: 3575K(4288K)->3575K(4288K)
[27.149s][info][gc          ] GC(41) Pause Full (System.gc()) 772M->772M(5888M) 622.812ms
[27.149s][info][gc,metaspace] GC(42) Metaspace: 28578K(29888K)->28578K(29888K) NonClass: 25002K(25600K)->25002K(25600K) Class: 3575K(4288K)->3575K(4288K)
[27.149s][info][gc          ] GC(42) Pause Young (System.gc()) 772M->772M(5888M) 0.498ms
[27.795s][info][gc,metaspace] GC(43) Metaspace: 28578K(29888K)->28578K(29888K) NonClass: 25002K(25600K)->25002K(25600K) Class: 3575K(4288K)->3575K(4288K)
[27.795s][info][gc          ] GC(43) Pause Full (System.gc()) 772M->772M(5888M) 645.155ms
[27.795s][info][gc,metaspace] GC(44) Metaspace: 28578K(29888K)->28578K(29888K) NonClass: 25002K(25600K)->25002K(25600K) Class: 3575K(4288K)->3575K(4288K)
[27.795s][info][gc          ] GC(44) Pause Young (System.gc()) 772M->772M(5888M) 0.542ms
[28.465s][info][gc,metaspace] GC(45) Metaspace: 28578K(29888K)->28578K(29888K) NonClass: 25002K(25600K)->25002K(25600K) Class: 3575K(4288K)->3575K(4288K)
[28.465s][info][gc          ] GC(45) Pause Full (System.gc()) 772M->772M(5888M) 670.023ms
[28.466s][info][gc,metaspace] GC(46) Metaspace: 28578K(29888K)->28578K(29888K) NonClass: 25002K(25600K)->25002K(25600K) Class: 3575K(4288K)->3575K(4288K)
[28.466s][info][gc          ] GC(46) Pause Young (System.gc()) 772M->772M(5888M) 0.492ms
[29.094s][info][gc,metaspace] GC(47) Metaspace: 28578K(29888K)->28578K(29888K) NonClass: 25002K(25600K)->25002K(25600K) Class: 3575K(4288K)->3575K(4288K)
[29.094s][info][gc          ] GC(47) Pause Full (System.gc()) 772M->772M(5888M) 628.296ms
[29.095s][info][gc,metaspace] GC(48) Metaspace: 28578K(29888K)->28578K(29888K) NonClass: 25002K(25600K)->25002K(25600K) Class: 3575K(4288K)->3575K(4288K)
[29.095s][info][gc          ] GC(48) Pause Young (System.gc()) 772M->772M(5888M) 0.445ms
[29.738s][info][gc,metaspace] GC(49) Metaspace: 28578K(29888K)->28578K(29888K) NonClass: 25002K(25600K)->25002K(25600K) Class: 3575K(4288K)->3575K(4288K)
[29.738s][info][gc          ] GC(49) Pause Full (System.gc()) 772M->772M(5888M) 643.276ms
[29.739s][info][gc,metaspace] GC(50) Metaspace: 28578K(29888K)->28578K(29888K) NonClass: 25002K(25600K)->25002K(25600K) Class: 3575K(4288K)->3575K(4288K)
[29.739s][info][gc          ] GC(50) Pause Young (System.gc()) 772M->772M(5888M) 0.494ms
[30.409s][info][gc,metaspace] GC(51) Metaspace: 28578K(29888K)->28578K(29888K) NonClass: 25002K(25600K)->25002K(25600K) Class: 3575K(4288K)->3575K(4288K)
[30.409s][info][gc          ] GC(51) Pause Full (System.gc()) 772M->772M(5888M) 670.251ms
[30.410s][info][gc,metaspace] GC(52) Metaspace: 28578K(29888K)->28578K(29888K) NonClass: 25002K(25600K)->25002K(25600K) Class: 3575K(4288K)->3575K(4288K)
[30.410s][info][gc          ] GC(52) Pause Young (System.gc()) 772M->772M(5888M) 0.798ms
[31.060s][info][gc,metaspace] GC(53) Metaspace: 28578K(29888K)->28578K(29888K) NonClass: 25002K(25600K)->25002K(25600K) Class: 3575K(4288K)->3575K(4288K)
[31.060s][info][gc          ] GC(53) Pause Full (System.gc()) 772M->772M(5888M) 649.769ms
[31.060s][info][gc,metaspace] GC(54) Metaspace: 28578K(29888K)->28578K(29888K) NonClass: 25002K(25600K)->25002K(25600K) Class: 3575K(4288K)->3575K(4288K)
[31.061s][info][gc          ] GC(54) Pause Young (System.gc()) 772M->772M(5888M) 0.574ms
[31.708s][info][gc,metaspace] GC(55) Metaspace: 28578K(29888K)->28578K(29888K) NonClass: 25002K(25600K)->25002K(25600K) Class: 3575K(4288K)->3575K(4288K)
[31.708s][info][gc          ] GC(55) Pause Full (System.gc()) 772M->772M(5888M) 647.414ms
[31.713s][info][gc,metaspace] GC(56) Metaspace: 28578K(29888K)->28578K(29888K) NonClass: 25002K(25600K)->25002K(25600K) Class: 3575K(4288K)->3575K(4288K)
[31.713s][info][gc          ] GC(56) Pause Young (System.gc()) 772M->772M(5888M) 0.470ms
[32.371s][info][gc,metaspace] GC(57) Metaspace: 28578K(29888K)->28578K(29888K) NonClass: 25002K(25600K)->25002K(25600K) Class: 3575K(4288K)->3575K(4288K)
[32.371s][info][gc          ] GC(57) Pause Full (System.gc()) 772M->772M(5888M) 658.374ms
[32.372s][info][gc,metaspace] GC(58) Metaspace: 28578K(29888K)->28578K(29888K) NonClass: 25002K(25600K)->25002K(25600K) Class: 3575K(4288K)->3575K(4288K)
[32.372s][info][gc          ] GC(58) Pause Young (System.gc()) 772M->772M(5888M) 0.544ms
[33.001s][info][gc,metaspace] GC(59) Metaspace: 28578K(29888K)->28578K(29888K) NonClass: 25002K(25600K)->25002K(25600K) Class: 3575K(4288K)->3575K(4288K)
[33.001s][info][gc          ] GC(59) Pause Full (System.gc()) 772M->772M(5888M) 629.086ms
[33.002s][info][gc,metaspace] GC(60) Metaspace: 28578K(29888K)->28578K(29888K) NonClass: 25002K(25600K)->25002K(25600K) Class: 3575K(4288K)->3575K(4288K)
[33.002s][info][gc          ] GC(60) Pause Young (System.gc()) 772M->772M(5888M) 0.749ms
[33.660s][info][gc,metaspace] GC(61) Metaspace: 28578K(29888K)->28578K(29888K) NonClass: 25002K(25600K)->25002K(25600K) Class: 3575K(4288K)->3575K(4288K)
[33.660s][info][gc          ] GC(61) Pause Full (System.gc()) 772M->772M(5888M) 657.810ms
[33.660s][info][gc,metaspace] GC(62) Metaspace: 28578K(29888K)->28578K(29888K) NonClass: 25002K(25600K)->25002K(25600K) Class: 3575K(4288K)->3575K(4288K)
[33.660s][info][gc          ] GC(62) Pause Young (System.gc()) 772M->772M(5888M) 0.495ms
[34.291s][info][gc,metaspace] GC(63) Metaspace: 28578K(29888K)->28578K(29888K) NonClass: 25002K(25600K)->25002K(25600K) Class: 3575K(4288K)->3575K(4288K)
[34.291s][info][gc          ] GC(63) Pause Full (System.gc()) 772M->772M(5888M) 630.403ms
[34.291s][info][gc,metaspace] GC(64) Metaspace: 28578K(29888K)->28578K(29888K) NonClass: 25002K(25600K)->25002K(25600K) Class: 3575K(4288K)->3575K(4288K)
[34.291s][info][gc          ] GC(64) Pause Young (System.gc()) 772M->772M(5888M) 0.565ms
[34.934s][info][gc,metaspace] GC(65) Metaspace: 28578K(29888K)->28578K(29888K) NonClass: 25002K(25600K)->25002K(25600K) Class: 3575K(4288K)->3575K(4288K)
[34.934s][info][gc          ] GC(65) Pause Full (System.gc()) 772M->772M(5888M) 642.720ms
[34.935s][info][gc,metaspace] GC(66) Metaspace: 28578K(29888K)->28578K(29888K) NonClass: 25002K(25600K)->25002K(25600K) Class: 3575K(4288K)->3575K(4288K)
[34.935s][info][gc          ] GC(66) Pause Young (System.gc()) 772M->772M(5888M) 0.793ms
[35.588s][info][gc,metaspace] GC(67) Metaspace: 28578K(29888K)->28578K(29888K) NonClass: 25002K(25600K)->25002K(25600K) Class: 3575K(4288K)->3575K(4288K)
[35.588s][info][gc          ] GC(67) Pause Full (System.gc()) 772M->772M(5888M) 652.838ms
[35.589s][info][gc,metaspace] GC(68) Metaspace: 28578K(29888K)->28578K(29888K) NonClass: 25002K(25600K)->25002K(25600K) Class: 3575K(4288K)->3575K(4288K)
[35.589s][info][gc          ] GC(68) Pause Young (System.gc()) 772M->772M(5888M) 0.505ms
[36.234s][info][gc,metaspace] GC(69) Metaspace: 28578K(29888K)->28578K(29888K) NonClass: 25002K(25600K)->25002K(25600K) Class: 3575K(4288K)->3575K(4288K)
[36.234s][info][gc          ] GC(69) Pause Full (System.gc()) 772M->772M(5888M) 645.357ms
[36.235s][info][gc,metaspace] GC(70) Metaspace: 28578K(29888K)->28578K(29888K) NonClass: 25002K(25600K)->25002K(25600K) Class: 3575K(4288K)->3575K(4288K)
[36.235s][info][gc          ] GC(70) Pause Young (System.gc()) 772M->772M(5888M) 0.491ms
[36.887s][info][gc,metaspace] GC(71) Metaspace: 28578K(29888K)->28578K(29888K) NonClass: 25002K(25600K)->25002K(25600K) Class: 3575K(4288K)->3575K(4288K)
[36.887s][info][gc          ] GC(71) Pause Full (System.gc()) 772M->772M(5888M) 651.985ms
[36.892s][info][gc,metaspace] GC(72) Metaspace: 28578K(29888K)->28578K(29888K) NonClass: 25002K(25600K)->25002K(25600K) Class: 3575K(4288K)->3575K(4288K)
[36.892s][info][gc          ] GC(72) Pause Young (System.gc()) 772M->772M(5888M) 0.563ms
[37.527s][info][gc,metaspace] GC(73) Metaspace: 28578K(29888K)->28578K(29888K) NonClass: 25002K(25600K)->25002K(25600K) Class: 3575K(4288K)->3575K(4288K)
[37.528s][info][gc          ] GC(73) Pause Full (System.gc()) 772M->772M(5888M) 635.912ms
[37.528s][info][gc,metaspace] GC(74) Metaspace: 28578K(29888K)->28578K(29888K) NonClass: 25002K(25600K)->25002K(25600K) Class: 3575K(4288K)->3575K(4288K)
[37.528s][info][gc          ] GC(74) Pause Young (System.gc()) 772M->772M(5888M) 0.572ms
[38.166s][info][gc,metaspace] GC(75) Metaspace: 28578K(29888K)->28578K(29888K) NonClass: 25002K(25600K)->25002K(25600K) Class: 3575K(4288K)->3575K(4288K)
[38.166s][info][gc          ] GC(75) Pause Full (System.gc()) 772M->772M(5888M) 637.583ms
[38.167s][info][gc,metaspace] GC(76) Metaspace: 28578K(29888K)->28578K(29888K) NonClass: 25002K(25600K)->25002K(25600K) Class: 3575K(4288K)->3575K(4288K)
[38.167s][info][gc          ] GC(76) Pause Young (System.gc()) 772M->772M(5888M) 0.578ms
[38.818s][info][gc,metaspace] GC(77) Metaspace: 28578K(29888K)->28578K(29888K) NonClass: 25002K(25600K)->25002K(25600K) Class: 3575K(4288K)->3575K(4288K)
[38.818s][info][gc          ] GC(77) Pause Full (System.gc()) 772M->772M(5888M) 651.891ms
[38.819s][info][gc,metaspace] GC(78) Metaspace: 28578K(29888K)->28578K(29888K) NonClass: 25002K(25600K)->25002K(25600K) Class: 3575K(4288K)->3575K(4288K)
[38.819s][info][gc          ] GC(78) Pause Young (System.gc()) 772M->772M(5888M) 0.609ms
[39.439s][info][gc,metaspace] GC(79) Metaspace: 28578K(29888K)->28578K(29888K) NonClass: 25002K(25600K)->25002K(25600K) Class: 3575K(4288K)->3575K(4288K)
[39.439s][info][gc          ] GC(79) Pause Full (System.gc()) 772M->772M(5888M) 619.732ms
[39.440s][info][gc,metaspace] GC(80) Metaspace: 28578K(29888K)->28578K(29888K) NonClass: 25002K(25600K)->25002K(25600K) Class: 3575K(4288K)->3575K(4288K)
[39.440s][info][gc          ] GC(80) Pause Young (System.gc()) 772M->772M(5888M) 0.495ms
[40.067s][info][gc,metaspace] GC(81) Metaspace: 28578K(29888K)->28578K(29888K) NonClass: 25002K(25600K)->25002K(25600K) Class: 3575K(4288K)->3575K(4288K)
[40.067s][info][gc          ] GC(81) Pause Full (System.gc()) 772M->772M(5888M) 627.198ms
[40.068s][info][gc,metaspace] GC(82) Metaspace: 28578K(29888K)->28578K(29888K) NonClass: 25002K(25600K)->25002K(25600K) Class: 3575K(4288K)->3575K(4288K)
[40.068s][info][gc          ] GC(82) Pause Young (System.gc()) 772M->772M(5888M) 0.746ms
[40.731s][info][gc,metaspace] GC(83) Metaspace: 28578K(29888K)->28578K(29888K) NonClass: 25002K(25600K)->25002K(25600K) Class: 3575K(4288K)->3575K(4288K)
[40.731s][info][gc          ] GC(83) Pause Full (System.gc()) 772M->772M(5888M) 663.266ms
[40.732s][info][gc,metaspace] GC(84) Metaspace: 28578K(29888K)->28578K(29888K) NonClass: 25002K(25600K)->25002K(25600K) Class: 3575K(4288K)->3575K(4288K)
[40.732s][info][gc          ] GC(84) Pause Young (System.gc()) 772M->772M(5888M) 0.501ms
[41.369s][info][gc,metaspace] GC(85) Metaspace: 28578K(29888K)->28578K(29888K) NonClass: 25002K(25600K)->25002K(25600K) Class: 3575K(4288K)->3575K(4288K)
[41.369s][info][gc          ] GC(85) Pause Full (System.gc()) 772M->772M(5888M) 637.381ms
[41.370s][info][gc,metaspace] GC(86) Metaspace: 28578K(29888K)->28578K(29888K) NonClass: 25002K(25600K)->25002K(25600K) Class: 3575K(4288K)->3575K(4288K)
[41.370s][info][gc          ] GC(86) Pause Young (System.gc()) 772M->772M(5888M) 0.543ms
[42.002s][info][gc,metaspace] GC(87) Metaspace: 28578K(29888K)->28578K(29888K) NonClass: 25002K(25600K)->25002K(25600K) Class: 3575K(4288K)->3575K(4288K)
[42.002s][info][gc          ] GC(87) Pause Full (System.gc()) 772M->772M(5888M) 632.823ms
[42.007s][info][gc,metaspace] GC(88) Metaspace: 28578K(29888K)->28578K(29888K) NonClass: 25002K(25600K)->25002K(25600K) Class: 3575K(4288K)->3575K(4288K)
[42.008s][info][gc          ] GC(88) Pause Young (System.gc()) 772M->772M(5888M) 0.621ms
[42.643s][info][gc,metaspace] GC(89) Metaspace: 28578K(29888K)->28578K(29888K) NonClass: 25002K(25600K)->25002K(25600K) Class: 3575K(4288K)->3575K(4288K)
[42.643s][info][gc          ] GC(89) Pause Full (System.gc()) 772M->772M(5888M) 635.389ms
[42.644s][info][gc,metaspace] GC(90) Metaspace: 28578K(29888K)->28578K(29888K) NonClass: 25002K(25600K)->25002K(25600K) Class: 3575K(4288K)->3575K(4288K)
[42.644s][info][gc          ] GC(90) Pause Young (System.gc()) 772M->772M(5888M) 0.554ms
[43.279s][info][gc,metaspace] GC(91) Metaspace: 28578K(29888K)->28578K(29888K) NonClass: 25002K(25600K)->25002K(25600K) Class: 3575K(4288K)->3575K(4288K)
[43.279s][info][gc          ] GC(91) Pause Full (System.gc()) 772M->772M(5888M) 635.736ms
[43.280s][info][gc,metaspace] GC(92) Metaspace: 28578K(29888K)->28578K(29888K) NonClass: 25002K(25600K)->25002K(25600K) Class: 3575K(4288K)->3575K(4288K)
[43.280s][info][gc          ] GC(92) Pause Young (System.gc()) 772M->772M(5888M) 0.565ms
[43.948s][info][gc,metaspace] GC(93) Metaspace: 28578K(29888K)->28578K(29888K) NonClass: 25002K(25600K)->25002K(25600K) Class: 3575K(4288K)->3575K(4288K)
[43.949s][info][gc          ] GC(93) Pause Full (System.gc()) 772M->772M(5888M) 668.466ms
[43.949s][info][gc,metaspace] GC(94) Metaspace: 28578K(29888K)->28578K(29888K) NonClass: 25002K(25600K)->25002K(25600K) Class: 3575K(4288K)->3575K(4288K)
[43.949s][info][gc          ] GC(94) Pause Young (System.gc()) 772M->772M(5888M) 0.590ms
[44.594s][info][gc,metaspace] GC(95) Metaspace: 28578K(29888K)->28578K(29888K) NonClass: 25002K(25600K)->25002K(25600K) Class: 3575K(4288K)->3575K(4288K)
[44.594s][info][gc          ] GC(95) Pause Full (System.gc()) 772M->772M(5888M) 644.252ms
[44.594s][info][gc,metaspace] GC(96) Metaspace: 28578K(29888K)->28578K(29888K) NonClass: 25002K(25600K)->25002K(25600K) Class: 3575K(4288K)->3575K(4288K)
[44.594s][info][gc          ] GC(96) Pause Young (System.gc()) 772M->772M(5888M) 0.509ms
[45.216s][info][gc,metaspace] GC(97) Metaspace: 28578K(29888K)->28578K(29888K) NonClass: 25002K(25600K)->25002K(25600K) Class: 3575K(4288K)->3575K(4288K)
[45.216s][info][gc          ] GC(97) Pause Full (System.gc()) 772M->772M(5888M) 621.375ms
[45.216s][info][gc,metaspace] GC(98) Metaspace: 28578K(29888K)->28578K(29888K) NonClass: 25002K(25600K)->25002K(25600K) Class: 3575K(4288K)->3575K(4288K)
[45.216s][info][gc          ] GC(98) Pause Young (System.gc()) 772M->772M(5888M) 0.469ms
[45.860s][info][gc,metaspace] GC(99) Metaspace: 28578K(29888K)->28578K(29888K) NonClass: 25002K(25600K)->25002K(25600K) Class: 3575K(4288K)->3575K(4288K)
[45.860s][info][gc          ] GC(99) Pause Full (System.gc()) 772M->772M(5888M) 644.176ms
[45.861s][info][gc,metaspace] GC(100) Metaspace: 28578K(29888K)->28578K(29888K) NonClass: 25002K(25600K)->25002K(25600K) Class: 3575K(4288K)->3575K(4288K)
[45.861s][info][gc          ] GC(100) Pause Young (System.gc()) 772M->772M(5888M) 0.462ms
[46.506s][info][gc,metaspace] GC(101) Metaspace: 28578K(29888K)->28578K(29888K) NonClass: 25002K(25600K)->25002K(25600K) Class: 3575K(4288K)->3575K(4288K)
[46.506s][info][gc          ] GC(101) Pause Full (System.gc()) 772M->772M(5888M) 644.746ms
[46.506s][info][gc,metaspace] GC(102) Metaspace: 28578K(29888K)->28578K(29888K) NonClass: 25002K(25600K)->25002K(25600K) Class: 3575K(4288K)->3575K(4288K)
[46.506s][info][gc          ] GC(102) Pause Young (System.gc()) 772M->772M(5888M) 0.591ms
[47.154s][info][gc,metaspace] GC(103) Metaspace: 28578K(29888K)->28578K(29888K) NonClass: 25002K(25600K)->25002K(25600K) Class: 3575K(4288K)->3575K(4288K)
[47.154s][info][gc          ] GC(103) Pause Full (System.gc()) 772M->772M(5888M) 647.838ms
[47.159s][info][gc,metaspace] GC(104) Metaspace: 28578K(29888K)->28578K(29888K) NonClass: 25002K(25600K)->25002K(25600K) Class: 3575K(4288K)->3575K(4288K)
[47.159s][info][gc          ] GC(104) Pause Young (System.gc()) 772M->772M(5888M) 0.782ms
[47.802s][info][gc,metaspace] GC(105) Metaspace: 28578K(29888K)->28578K(29888K) NonClass: 25002K(25600K)->25002K(25600K) Class: 3575K(4288K)->3575K(4288K)
[47.802s][info][gc          ] GC(105) Pause Full (System.gc()) 772M->772M(5888M) 642.185ms
[47.802s][info][gc,metaspace] GC(106) Metaspace: 28578K(29888K)->28578K(29888K) NonClass: 25002K(25600K)->25002K(25600K) Class: 3575K(4288K)->3575K(4288K)
[47.802s][info][gc          ] GC(106) Pause Young (System.gc()) 772M->772M(5888M) 0.573ms
[48.447s][info][gc,metaspace] GC(107) Metaspace: 28578K(29888K)->28578K(29888K) NonClass: 25002K(25600K)->25002K(25600K) Class: 3575K(4288K)->3575K(4288K)
[48.447s][info][gc          ] GC(107) Pause Full (System.gc()) 772M->772M(5888M) 644.633ms
[48.448s][info][gc,metaspace] GC(108) Metaspace: 28578K(29888K)->28578K(29888K) NonClass: 25002K(25600K)->25002K(25600K) Class: 3575K(4288K)->3575K(4288K)
[48.448s][info][gc          ] GC(108) Pause Young (System.gc()) 772M->772M(5888M) 0.687ms
[49.096s][info][gc,metaspace] GC(109) Metaspace: 28578K(29888K)->28578K(29888K) NonClass: 25002K(25600K)->25002K(25600K) Class: 3575K(4288K)->3575K(4288K)
[49.096s][info][gc          ] GC(109) Pause Full (System.gc()) 772M->772M(5888M) 648.255ms
[49.097s][info][gc,metaspace] GC(110) Metaspace: 28578K(29888K)->28578K(29888K) NonClass: 25002K(25600K)->25002K(25600K) Class: 3575K(4288K)->3575K(4288K)
[49.097s][info][gc          ] GC(110) Pause Young (System.gc()) 772M->772M(5888M) 0.496ms
[49.761s][info][gc,metaspace] GC(111) Metaspace: 28578K(29888K)->28578K(29888K) NonClass: 25002K(25600K)->25002K(25600K) Class: 3575K(4288K)->3575K(4288K)
[49.761s][info][gc          ] GC(111) Pause Full (System.gc()) 772M->772M(5888M) 664.183ms
[49.762s][info][gc,metaspace] GC(112) Metaspace: 28578K(29888K)->28578K(29888K) NonClass: 25002K(25600K)->25002K(25600K) Class: 3575K(4288K)->3575K(4288K)
[49.762s][info][gc          ] GC(112) Pause Young (System.gc()) 772M->772M(5888M) 0.618ms
[50.386s][info][gc,metaspace] GC(113) Metaspace: 28578K(29888K)->28578K(29888K) NonClass: 25002K(25600K)->25002K(25600K) Class: 3575K(4288K)->3575K(4288K)
[50.386s][info][gc          ] GC(113) Pause Full (System.gc()) 772M->772M(5888M) 624.487ms
[50.387s][info][gc,metaspace] GC(114) Metaspace: 28578K(29888K)->28578K(29888K) NonClass: 25002K(25600K)->25002K(25600K) Class: 3575K(4288K)->3575K(4288K)
[50.387s][info][gc          ] GC(114) Pause Young (System.gc()) 772M->772M(5888M) 0.584ms
[51.019s][info][gc,metaspace] GC(115) Metaspace: 28578K(29888K)->28578K(29888K) NonClass: 25002K(25600K)->25002K(25600K) Class: 3575K(4288K)->3575K(4288K)
[51.019s][info][gc          ] GC(115) Pause Full (System.gc()) 772M->772M(5888M) 632.261ms
[51.020s][info][gc,metaspace] GC(116) Metaspace: 28578K(29888K)->28578K(29888K) NonClass: 25002K(25600K)->25002K(25600K) Class: 3575K(4288K)->3575K(4288K)
[51.020s][info][gc          ] GC(116) Pause Young (System.gc()) 772M->772M(5888M) 0.473ms
[51.637s][info][gc,metaspace] GC(117) Metaspace: 28578K(29888K)->28578K(29888K) NonClass: 25002K(25600K)->25002K(25600K) Class: 3575K(4288K)->3575K(4288K)
[51.637s][info][gc          ] GC(117) Pause Full (System.gc()) 772M->772M(5888M) 617.153ms
[51.638s][info][gc,metaspace] GC(118) Metaspace: 28578K(29888K)->28578K(29888K) NonClass: 25002K(25600K)->25002K(25600K) Class: 3575K(4288K)->3575K(4288K)
[51.638s][info][gc          ] GC(118) Pause Young (System.gc()) 772M->772M(5888M) 0.590ms
[52.273s][info][gc,metaspace] GC(119) Metaspace: 28578K(29888K)->28578K(29888K) NonClass: 25002K(25600K)->25002K(25600K) Class: 3575K(4288K)->3575K(4288K)
[52.273s][info][gc          ] GC(119) Pause Full (System.gc()) 772M->772M(5888M) 635.595ms
[52.278s][info][gc,metaspace] GC(120) Metaspace: 28578K(29888K)->28578K(29888K) NonClass: 25002K(25600K)->25002K(25600K) Class: 3575K(4288K)->3575K(4288K)
[52.278s][info][gc          ] GC(120) Pause Young (System.gc()) 772M->772M(5888M) 0.496ms
[52.925s][info][gc,metaspace] GC(121) Metaspace: 28578K(29888K)->28578K(29888K) NonClass: 25002K(25600K)->25002K(25600K) Class: 3575K(4288K)->3575K(4288K)
[52.925s][info][gc          ] GC(121) Pause Full (System.gc()) 772M->772M(5888M) 646.719ms
[52.926s][info][gc,metaspace] GC(122) Metaspace: 28578K(29888K)->28578K(29888K) NonClass: 25002K(25600K)->25002K(25600K) Class: 3575K(4288K)->3575K(4288K)
[52.926s][info][gc          ] GC(122) Pause Young (System.gc()) 772M->772M(5888M) 0.871ms
[53.750s][info][gc,metaspace] GC(123) Metaspace: 28578K(29888K)->28578K(29888K) NonClass: 25002K(25600K)->25002K(25600K) Class: 3575K(4288K)->3575K(4288K)
[53.750s][info][gc          ] GC(123) Pause Full (System.gc()) 772M->772M(5888M) 823.850ms
[53.750s][info][gc,metaspace] GC(124) Metaspace: 28578K(29888K)->28578K(29888K) NonClass: 25002K(25600K)->25002K(25600K) Class: 3575K(4288K)->3575K(4288K)
[53.750s][info][gc          ] GC(124) Pause Young (System.gc()) 772M->772M(5888M) 0.519ms
[54.396s][info][gc,metaspace] GC(125) Metaspace: 28578K(29888K)->28578K(29888K) NonClass: 25002K(25600K)->25002K(25600K) Class: 3575K(4288K)->3575K(4288K)
[54.396s][info][gc          ] GC(125) Pause Full (System.gc()) 772M->772M(5888M) 645.765ms
[54.397s][info][gc,metaspace] GC(126) Metaspace: 28578K(29888K)->28578K(29888K) NonClass: 25002K(25600K)->25002K(25600K) Class: 3575K(4288K)->3575K(4288K)
[54.397s][info][gc          ] GC(126) Pause Young (System.gc()) 772M->772M(5888M) 0.547ms
[55.042s][info][gc,metaspace] GC(127) Metaspace: 28578K(29888K)->28578K(29888K) NonClass: 25002K(25600K)->25002K(25600K) Class: 3575K(4288K)->3575K(4288K)
[55.042s][info][gc          ] GC(127) Pause Full (System.gc()) 772M->772M(5888M) 644.992ms
[55.043s][info][gc,metaspace] GC(128) Metaspace: 28578K(29888K)->28578K(29888K) NonClass: 25002K(25600K)->25002K(25600K) Class: 3575K(4288K)->3575K(4288K)
[55.043s][info][gc          ] GC(128) Pause Young (System.gc()) 772M->772M(5888M) 0.501ms
[55.706s][info][gc,metaspace] GC(129) Metaspace: 28578K(29888K)->28578K(29888K) NonClass: 25002K(25600K)->25002K(25600K) Class: 3575K(4288K)->3575K(4288K)
[55.706s][info][gc          ] GC(129) Pause Full (System.gc()) 772M->772M(5888M) 663.426ms
[55.707s][info][gc,metaspace] GC(130) Metaspace: 28578K(29888K)->28578K(29888K) NonClass: 25002K(25600K)->25002K(25600K) Class: 3575K(4288K)->3575K(4288K)
[55.707s][info][gc          ] GC(130) Pause Young (System.gc()) 772M->772M(5888M) 0.836ms
[56.357s][info][gc,metaspace] GC(131) Metaspace: 28578K(29888K)->28578K(29888K) NonClass: 25002K(25600K)->25002K(25600K) Class: 3575K(4288K)->3575K(4288K)
[56.357s][info][gc          ] GC(131) Pause Full (System.gc()) 772M->772M(5888M) 650.024ms
[56.358s][info][gc,metaspace] GC(132) Metaspace: 28578K(29888K)->28578K(29888K) NonClass: 25002K(25600K)->25002K(25600K) Class: 3575K(4288K)->3575K(4288K)
[56.358s][info][gc          ] GC(132) Pause Young (System.gc()) 772M->772M(5888M) 0.530ms
[57.189s][info][gc,metaspace] GC(133) Metaspace: 28578K(29888K)->28578K(29888K) NonClass: 25002K(25600K)->25002K(25600K) Class: 3575K(4288K)->3575K(4288K)
[57.189s][info][gc          ] GC(133) Pause Full (System.gc()) 772M->772M(5888M) 831.174ms
[57.190s][info][gc,metaspace] GC(134) Metaspace: 28578K(29888K)->28578K(29888K) NonClass: 25002K(25600K)->25002K(25600K) Class: 3575K(4288K)->3575K(4288K)
[57.190s][info][gc          ] GC(134) Pause Young (System.gc()) 772M->772M(5888M) 0.728ms
[57.816s][info][gc,metaspace] GC(135) Metaspace: 28578K(29888K)->28578K(29888K) NonClass: 25002K(25600K)->25002K(25600K) Class: 3575K(4288K)->3575K(4288K)
[57.816s][info][gc          ] GC(135) Pause Full (System.gc()) 772M->772M(5888M) 626.705ms
[57.817s][info][gc,metaspace] GC(136) Metaspace: 28578K(29888K)->28578K(29888K) NonClass: 25002K(25600K)->25002K(25600K) Class: 3575K(4288K)->3575K(4288K)
[57.817s][info][gc          ] GC(136) Pause Young (System.gc()) 772M->772M(5888M) 0.621ms
[58.445s][info][gc,metaspace] GC(137) Metaspace: 28578K(29888K)->28578K(29888K) NonClass: 25002K(25600K)->25002K(25600K) Class: 3575K(4288K)->3575K(4288K)
[58.445s][info][gc          ] GC(137) Pause Full (System.gc()) 772M->772M(5888M) 627.540ms
[58.445s][info][gc,metaspace] GC(138) Metaspace: 28578K(29888K)->28578K(29888K) NonClass: 25002K(25600K)->25002K(25600K) Class: 3575K(4288K)->3575K(4288K)
[58.445s][info][gc          ] GC(138) Pause Young (System.gc()) 772M->772M(5888M) 0.448ms
[59.070s][info][gc,metaspace] GC(139) Metaspace: 28578K(29888K)->28578K(29888K) NonClass: 25002K(25600K)->25002K(25600K) Class: 3575K(4288K)->3575K(4288K)
[59.071s][info][gc          ] GC(139) Pause Full (System.gc()) 772M->772M(5888M) 625.202ms
[59.071s][info][gc,metaspace] GC(140) Metaspace: 28578K(29888K)->28578K(29888K) NonClass: 25002K(25600K)->25002K(25600K) Class: 3575K(4288K)->3575K(4288K)
[59.071s][info][gc          ] GC(140) Pause Young (System.gc()) 772M->772M(5888M) 0.575ms
[59.741s][info][gc,metaspace] GC(141) Metaspace: 28578K(29888K)->28578K(29888K) NonClass: 25002K(25600K)->25002K(25600K) Class: 3575K(4288K)->3575K(4288K)
[59.741s][info][gc          ] GC(141) Pause Full (System.gc()) 772M->772M(5888M) 669.422ms
[59.742s][info][gc,metaspace] GC(142) Metaspace: 28578K(29888K)->28578K(29888K) NonClass: 25002K(25600K)->25002K(25600K) Class: 3575K(4288K)->3575K(4288K)
[59.742s][info][gc          ] GC(142) Pause Young (System.gc()) 772M->772M(5888M) 0.805ms
[60.552s][info][gc,metaspace] GC(143) Metaspace: 28578K(29888K)->28578K(29888K) NonClass: 25002K(25600K)->25002K(25600K) Class: 3575K(4288K)->3575K(4288K)
[60.553s][info][gc          ] GC(143) Pause Full (System.gc()) 772M->772M(5888M) 810.908ms
[60.553s][info][gc,metaspace] GC(144) Metaspace: 28578K(29888K)->28578K(29888K) NonClass: 25002K(25600K)->25002K(25600K) Class: 3575K(4288K)->3575K(4288K)
[60.553s][info][gc          ] GC(144) Pause Young (System.gc()) 772M->772M(5888M) 0.447ms
[61.195s][info][gc,metaspace] GC(145) Metaspace: 28578K(29888K)->28578K(29888K) NonClass: 25002K(25600K)->25002K(25600K) Class: 3575K(4288K)->3575K(4288K)
[61.195s][info][gc          ] GC(145) Pause Full (System.gc()) 772M->772M(5888M) 641.875ms
[61.196s][info][gc,metaspace] GC(146) Metaspace: 28578K(29888K)->28578K(29888K) NonClass: 25002K(25600K)->25002K(25600K) Class: 3575K(4288K)->3575K(4288K)
[61.196s][info][gc          ] GC(146) Pause Young (System.gc()) 772M->772M(5888M) 0.573ms
[61.861s][info][gc,metaspace] GC(147) Metaspace: 28578K(29888K)->28578K(29888K) NonClass: 25002K(25600K)->25002K(25600K) Class: 3575K(4288K)->3575K(4288K)
[61.861s][info][gc          ] GC(147) Pause Full (System.gc()) 772M->772M(5888M) 665.098ms
[61.862s][info][gc,metaspace] GC(148) Metaspace: 28578K(29888K)->28578K(29888K) NonClass: 25002K(25600K)->25002K(25600K) Class: 3575K(4288K)->3575K(4288K)
[61.862s][info][gc          ] GC(148) Pause Young (System.gc()) 772M->772M(5888M) 0.584ms
[62.489s][info][gc,metaspace] GC(149) Metaspace: 28578K(29888K)->28578K(29888K) NonClass: 25002K(25600K)->25002K(25600K) Class: 3575K(4288K)->3575K(4288K)
[62.489s][info][gc          ] GC(149) Pause Full (System.gc()) 772M->772M(5888M) 627.046ms
[62.489s][info][gc,metaspace] GC(150) Metaspace: 28578K(29888K)->28578K(29888K) NonClass: 25002K(25600K)->25002K(25600K) Class: 3575K(4288K)->3575K(4288K)
[62.490s][info][gc          ] GC(150) Pause Young (System.gc()) 772M->772M(5888M) 0.755ms
[63.131s][info][gc,metaspace] GC(151) Metaspace: 28578K(29888K)->28578K(29888K) NonClass: 25002K(25600K)->25002K(25600K) Class: 3575K(4288K)->3575K(4288K)
[63.131s][info][gc          ] GC(151) Pause Full (System.gc()) 772M->772M(5888M) 641.577ms
[63.136s][info][gc,metaspace] GC(152) Metaspace: 28578K(29888K)->28578K(29888K) NonClass: 25002K(25600K)->25002K(25600K) Class: 3575K(4288K)->3575K(4288K)
[63.136s][info][gc          ] GC(152) Pause Young (System.gc()) 772M->772M(5888M) 0.491ms
[63.938s][info][gc,metaspace] GC(153) Metaspace: 28578K(29888K)->28578K(29888K) NonClass: 25002K(25600K)->25002K(25600K) Class: 3575K(4288K)->3575K(4288K)
[63.938s][info][gc          ] GC(153) Pause Full (System.gc()) 772M->772M(5888M) 802.437ms
[63.939s][info][gc,metaspace] GC(154) Metaspace: 28578K(29888K)->28578K(29888K) NonClass: 25002K(25600K)->25002K(25600K) Class: 3575K(4288K)->3575K(4288K)
[63.939s][info][gc          ] GC(154) Pause Young (System.gc()) 782M->772M(5888M) 0.575ms
[64.678s][info][gc,metaspace] GC(155) Metaspace: 28578K(29888K)->28578K(29888K) NonClass: 25002K(25600K)->25002K(25600K) Class: 3575K(4288K)->3575K(4288K)
[64.678s][info][gc          ] GC(155) Pause Full (System.gc()) 772M->772M(5888M) 738.474ms
[64.679s][info][gc,metaspace] GC(156) Metaspace: 28578K(29888K)->28578K(29888K) NonClass: 25002K(25600K)->25002K(25600K) Class: 3575K(4288K)->3575K(4288K)
[64.679s][info][gc          ] GC(156) Pause Young (System.gc()) 772M->772M(5888M) 0.797ms
[65.327s][info][gc,metaspace] GC(157) Metaspace: 28578K(29888K)->28578K(29888K) NonClass: 25002K(25600K)->25002K(25600K) Class: 3575K(4288K)->3575K(4288K)
[65.327s][info][gc          ] GC(157) Pause Full (System.gc()) 772M->772M(5888M) 648.526ms
[65.328s][info][gc,metaspace] GC(158) Metaspace: 28578K(29888K)->28578K(29888K) NonClass: 25002K(25600K)->25002K(25600K) Class: 3575K(4288K)->3575K(4288K)
[65.328s][info][gc          ] GC(158) Pause Young (System.gc()) 772M->772M(5888M) 0.822ms
[65.968s][info][gc,metaspace] GC(159) Metaspace: 28578K(29888K)->28578K(29888K) NonClass: 25002K(25600K)->25002K(25600K) Class: 3575K(4288K)->3575K(4288K)
[65.968s][info][gc          ] GC(159) Pause Full (System.gc()) 772M->772M(5888M) 639.456ms
[65.968s][info][gc,metaspace] GC(160) Metaspace: 28578K(29888K)->28578K(29888K) NonClass: 25002K(25600K)->25002K(25600K) Class: 3575K(4288K)->3575K(4288K)
[65.968s][info][gc          ] GC(160) Pause Young (System.gc()) 772M->772M(5888M) 0.545ms
[66.614s][info][gc,metaspace] GC(161) Metaspace: 28578K(29888K)->28578K(29888K) NonClass: 25002K(25600K)->25002K(25600K) Class: 3575K(4288K)->3575K(4288K)
[66.614s][info][gc          ] GC(161) Pause Full (System.gc()) 772M->772M(5888M) 646.093ms
[66.615s][info][gc,metaspace] GC(162) Metaspace: 28578K(29888K)->28578K(29888K) NonClass: 25002K(25600K)->25002K(25600K) Class: 3575K(4288K)->3575K(4288K)
[66.615s][info][gc          ] GC(162) Pause Young (System.gc()) 772M->772M(5888M) 0.461ms
[67.245s][info][gc,metaspace] GC(163) Metaspace: 28578K(29888K)->28578K(29888K) NonClass: 25002K(25600K)->25002K(25600K) Class: 3575K(4288K)->3575K(4288K)
[67.245s][info][gc          ] GC(163) Pause Full (System.gc()) 772M->772M(5888M) 630.038ms
[67.246s][info][gc,metaspace] GC(164) Metaspace: 28578K(29888K)->28578K(29888K) NonClass: 25002K(25600K)->25002K(25600K) Class: 3575K(4288K)->3575K(4288K)
[67.246s][info][gc          ] GC(164) Pause Young (System.gc()) 772M->772M(5888M) 0.560ms
[67.893s][info][gc,metaspace] GC(165) Metaspace: 28578K(29888K)->28578K(29888K) NonClass: 25002K(25600K)->25002K(25600K) Class: 3575K(4288K)->3575K(4288K)
[67.893s][info][gc          ] GC(165) Pause Full (System.gc()) 772M->772M(5888M) 647.751ms
[67.894s][info][gc,metaspace] GC(166) Metaspace: 28578K(29888K)->28578K(29888K) NonClass: 25002K(25600K)->25002K(25600K) Class: 3575K(4288K)->3575K(4288K)
[67.894s][info][gc          ] GC(166) Pause Young (System.gc()) 772M->772M(5888M) 0.477ms
[68.652s][info][gc,metaspace] GC(167) Metaspace: 28578K(29888K)->28578K(29888K) NonClass: 25002K(25600K)->25002K(25600K) Class: 3575K(4288K)->3575K(4288K)
[68.653s][info][gc          ] GC(167) Pause Full (System.gc()) 772M->772M(5888M) 758.453ms
[68.653s][info][gc,metaspace] GC(168) Metaspace: 28578K(29888K)->28578K(29888K) NonClass: 25002K(25600K)->25002K(25600K) Class: 3575K(4288K)->3575K(4288K)
[68.653s][info][gc          ] GC(168) Pause Young (System.gc()) 772M->772M(5888M) 0.526ms
[69.280s][info][gc,metaspace] GC(169) Metaspace: 28578K(29888K)->28578K(29888K) NonClass: 25002K(25600K)->25002K(25600K) Class: 3575K(4288K)->3575K(4288K)
[69.280s][info][gc          ] GC(169) Pause Full (System.gc()) 772M->772M(5888M) 626.948ms
[69.281s][info][gc,metaspace] GC(170) Metaspace: 28578K(29888K)->28578K(29888K) NonClass: 25002K(25600K)->25002K(25600K) Class: 3575K(4288K)->3575K(4288K)
[69.281s][info][gc          ] GC(170) Pause Young (System.gc()) 772M->772M(5888M) 0.505ms
[69.932s][info][gc,metaspace] GC(171) Metaspace: 28578K(29888K)->28578K(29888K) NonClass: 25002K(25600K)->25002K(25600K) Class: 3575K(4288K)->3575K(4288K)
[69.932s][info][gc          ] GC(171) Pause Full (System.gc()) 772M->772M(5888M) 650.820ms
[69.932s][info][gc,metaspace] GC(172) Metaspace: 28578K(29888K)->28578K(29888K) NonClass: 25002K(25600K)->25002K(25600K) Class: 3575K(4288K)->3575K(4288K)
[69.932s][info][gc          ] GC(172) Pause Young (System.gc()) 772M->772M(5888M) 0.617ms
[70.580s][info][gc,metaspace] GC(173) Metaspace: 28578K(29888K)->28578K(29888K) NonClass: 25002K(25600K)->25002K(25600K) Class: 3575K(4288K)->3575K(4288K)
[70.580s][info][gc          ] GC(173) Pause Full (System.gc()) 772M->772M(5888M) 648.040ms
[70.581s][info][gc,metaspace] GC(174) Metaspace: 28578K(29888K)->28578K(29888K) NonClass: 25002K(25600K)->25002K(25600K) Class: 3575K(4288K)->3575K(4288K)
[70.581s][info][gc          ] GC(174) Pause Young (System.gc()) 772M->772M(5888M) 0.626ms
[71.227s][info][gc,metaspace] GC(175) Metaspace: 28578K(29888K)->28578K(29888K) NonClass: 25002K(25600K)->25002K(25600K) Class: 3575K(4288K)->3575K(4288K)
[71.227s][info][gc          ] GC(175) Pause Full (System.gc()) 772M->772M(5888M) 646.219ms
[71.228s][info][gc,metaspace] GC(176) Metaspace: 28578K(29888K)->28578K(29888K) NonClass: 25002K(25600K)->25002K(25600K) Class: 3575K(4288K)->3575K(4288K)
[71.228s][info][gc          ] GC(176) Pause Young (System.gc()) 772M->772M(5888M) 0.510ms
[71.870s][info][gc,metaspace] GC(177) Metaspace: 28578K(29888K)->28578K(29888K) NonClass: 25002K(25600K)->25002K(25600K) Class: 3575K(4288K)->3575K(4288K)
[71.870s][info][gc          ] GC(177) Pause Full (System.gc()) 772M->772M(5888M) 641.724ms
[71.871s][info][gc,metaspace] GC(178) Metaspace: 28578K(29888K)->28578K(29888K) NonClass: 25002K(25600K)->25002K(25600K) Class: 3575K(4288K)->3575K(4288K)
[71.871s][info][gc          ] GC(178) Pause Young (System.gc()) 772M->772M(5888M) 0.598ms
[72.495s][info][gc,metaspace] GC(179) Metaspace: 28578K(29888K)->28578K(29888K) NonClass: 25002K(25600K)->25002K(25600K) Class: 3575K(4288K)->3575K(4288K)
[72.496s][info][gc          ] GC(179) Pause Full (System.gc()) 772M->772M(5888M) 624.925ms
[72.496s][info][gc,metaspace] GC(180) Metaspace: 28578K(29888K)->28578K(29888K) NonClass: 25002K(25600K)->25002K(25600K) Class: 3575K(4288K)->3575K(4288K)
[72.496s][info][gc          ] GC(180) Pause Young (System.gc()) 772M->772M(5888M) 0.627ms
[73.131s][info][gc,metaspace] GC(181) Metaspace: 28578K(29888K)->28578K(29888K) NonClass: 25002K(25600K)->25002K(25600K) Class: 3575K(4288K)->3575K(4288K)
[73.131s][info][gc          ] GC(181) Pause Full (System.gc()) 772M->772M(5888M) 634.837ms
[73.132s][info][gc,metaspace] GC(182) Metaspace: 28578K(29888K)->28578K(29888K) NonClass: 25002K(25600K)->25002K(25600K) Class: 3575K(4288K)->3575K(4288K)
[73.132s][info][gc          ] GC(182) Pause Young (System.gc()) 772M->772M(5888M) 0.785ms
[73.785s][info][gc,metaspace] GC(183) Metaspace: 28578K(29888K)->28578K(29888K) NonClass: 25002K(25600K)->25002K(25600K) Class: 3575K(4288K)->3575K(4288K)
[73.785s][info][gc          ] GC(183) Pause Full (System.gc()) 772M->772M(5888M) 652.762ms
[73.790s][info][gc,metaspace] GC(184) Metaspace: 28578K(29888K)->28578K(29888K) NonClass: 25002K(25600K)->25002K(25600K) Class: 3575K(4288K)->3575K(4288K)
[73.790s][info][gc          ] GC(184) Pause Young (System.gc()) 772M->772M(5888M) 0.502ms
[74.423s][info][gc,metaspace] GC(185) Metaspace: 28578K(29888K)->28578K(29888K) NonClass: 25002K(25600K)->25002K(25600K) Class: 3575K(4288K)->3575K(4288K)
[74.423s][info][gc          ] GC(185) Pause Full (System.gc()) 772M->772M(5888M) 633.067ms
[74.423s][info][gc,metaspace] GC(186) Metaspace: 28578K(29888K)->28578K(29888K) NonClass: 25002K(25600K)->25002K(25600K) Class: 3575K(4288K)->3575K(4288K)
[74.423s][info][gc          ] GC(186) Pause Young (System.gc()) 772M->772M(5888M) 0.466ms
[75.054s][info][gc,metaspace] GC(187) Metaspace: 28578K(29888K)->28578K(29888K) NonClass: 25002K(25600K)->25002K(25600K) Class: 3575K(4288K)->3575K(4288K)
[75.054s][info][gc          ] GC(187) Pause Full (System.gc()) 772M->772M(5888M) 631.044ms
[75.055s][info][gc,metaspace] GC(188) Metaspace: 28578K(29888K)->28578K(29888K) NonClass: 25002K(25600K)->25002K(25600K) Class: 3575K(4288K)->3575K(4288K)
[75.055s][info][gc          ] GC(188) Pause Young (System.gc()) 772M->772M(5888M) 0.519ms
[75.705s][info][gc,metaspace] GC(189) Metaspace: 28578K(29888K)->28578K(29888K) NonClass: 25002K(25600K)->25002K(25600K) Class: 3575K(4288K)->3575K(4288K)
[75.705s][info][gc          ] GC(189) Pause Full (System.gc()) 772M->772M(5888M) 649.544ms
[75.705s][info][gc,metaspace] GC(190) Metaspace: 28578K(29888K)->28578K(29888K) NonClass: 25002K(25600K)->25002K(25600K) Class: 3575K(4288K)->3575K(4288K)
[75.705s][info][gc          ] GC(190) Pause Young (System.gc()) 772M->772M(5888M) 0.566ms
[76.361s][info][gc,metaspace] GC(191) Metaspace: 28578K(29888K)->28578K(29888K) NonClass: 25002K(25600K)->25002K(25600K) Class: 3575K(4288K)->3575K(4288K)
[76.362s][info][gc          ] GC(191) Pause Full (System.gc()) 772M->772M(5888M) 656.066ms
[76.362s][info][gc,metaspace] GC(192) Metaspace: 28578K(29888K)->28578K(29888K) NonClass: 25002K(25600K)->25002K(25600K) Class: 3575K(4288K)->3575K(4288K)
[76.362s][info][gc          ] GC(192) Pause Young (System.gc()) 772M->772M(5888M) 0.579ms
[76.994s][info][gc,metaspace] GC(193) Metaspace: 28578K(29888K)->28578K(29888K) NonClass: 25002K(25600K)->25002K(25600K) Class: 3575K(4288K)->3575K(4288K)
[76.994s][info][gc          ] GC(193) Pause Full (System.gc()) 772M->772M(5888M) 632.195ms
[76.995s][info][gc,metaspace] GC(194) Metaspace: 28578K(29888K)->28578K(29888K) NonClass: 25002K(25600K)->25002K(25600K) Class: 3575K(4288K)->3575K(4288K)
[76.995s][info][gc          ] GC(194) Pause Young (System.gc()) 772M->772M(5888M) 0.618ms
[77.644s][info][gc,metaspace] GC(195) Metaspace: 28578K(29888K)->28578K(29888K) NonClass: 25002K(25600K)->25002K(25600K) Class: 3575K(4288K)->3575K(4288K)
[77.644s][info][gc          ] GC(195) Pause Full (System.gc()) 772M->772M(5888M) 648.963ms
[77.645s][info][gc,metaspace] GC(196) Metaspace: 28578K(29888K)->28578K(29888K) NonClass: 25002K(25600K)->25002K(25600K) Class: 3575K(4288K)->3575K(4288K)
[77.645s][info][gc          ] GC(196) Pause Young (System.gc()) 772M->772M(5888M) 0.598ms
[78.275s][info][gc,metaspace] GC(197) Metaspace: 28578K(29888K)->28578K(29888K) NonClass: 25002K(25600K)->25002K(25600K) Class: 3575K(4288K)->3575K(4288K)
[78.275s][info][gc          ] GC(197) Pause Full (System.gc()) 772M->772M(5888M) 629.669ms
[78.275s][info][gc,metaspace] GC(198) Metaspace: 28578K(29888K)->28578K(29888K) NonClass: 25002K(25600K)->25002K(25600K) Class: 3575K(4288K)->3575K(4288K)
[78.275s][info][gc          ] GC(198) Pause Young (System.gc()) 772M->772M(5888M) 0.556ms
[78.930s][info][gc,metaspace] GC(199) Metaspace: 28578K(29888K)->28578K(29888K) NonClass: 25002K(25600K)->25002K(25600K) Class: 3575K(4288K)->3575K(4288K)
[78.930s][info][gc          ] GC(199) Pause Full (System.gc()) 772M->772M(5888M) 654.783ms
[78.935s][info][gc,metaspace] GC(200) Metaspace: 28578K(29888K)->28578K(29888K) NonClass: 25002K(25600K)->25002K(25600K) Class: 3575K(4288K)->3575K(4288K)
[78.935s][info][gc          ] GC(200) Pause Young (System.gc()) 772M->772M(5888M) 0.569ms
[79.747s][info][gc,metaspace] GC(201) Metaspace: 28578K(29888K)->28578K(29888K) NonClass: 25002K(25600K)->25002K(25600K) Class: 3575K(4288K)->3575K(4288K)
[79.747s][info][gc          ] GC(201) Pause Full (System.gc()) 772M->772M(5888M) 811.667ms
[79.747s][info][gc,metaspace] GC(202) Metaspace: 28578K(29888K)->28578K(29888K) NonClass: 25002K(25600K)->25002K(25600K) Class: 3575K(4288K)->3575K(4288K)
[79.747s][info][gc          ] GC(202) Pause Young (System.gc()) 772M->772M(5888M) 0.464ms
[80.397s][info][gc,metaspace] GC(203) Metaspace: 28578K(29888K)->28578K(29888K) NonClass: 25002K(25600K)->25002K(25600K) Class: 3575K(4288K)->3575K(4288K)
[80.397s][info][gc          ] GC(203) Pause Full (System.gc()) 772M->772M(5888M) 649.480ms
After GCs... 
