Done; will start GCs... 
[11.117s][info][gc,metaspace] GC(3) Metaspace: 28404K(29568K)->28404K(29568K) NonClass: 23122K(23680K)->23122K(23680K) Class: 5282K(5888K)->5282K(5888K)
[11.117s][info][gc          ] GC(3) Pause Full (System.gc()) 827M->772M(5888M) 822.167ms
[11.682s][info][gc,metaspace] GC(4) Metaspace: 28404K(29568K)->28404K(29568K) NonClass: 23122K(23680K)->23122K(23680K) Class: 5282K(5888K)->5282K(5888K)
[11.682s][info][gc          ] GC(4) Pause Full (System.gc()) 772M->772M(5888M) 564.231ms
[12.229s][info][gc,metaspace] GC(5) Metaspace: 28405K(29568K)->28405K(29568K) NonClass: 23122K(23680K)->23122K(23680K) Class: 5282K(5888K)->5282K(5888K)
[12.229s][info][gc          ] GC(5) Pause Full (System.gc()) 772M->772M(5888M) 547.581ms
[12.825s][info][gc,metaspace] GC(6) Metaspace: 28405K(29568K)->28405K(29568K) NonClass: 23123K(23680K)->23123K(23680K) Class: 5282K(5888K)->5282K(5888K)
[12.825s][info][gc          ] GC(6) Pause Full (System.gc()) 772M->772M(5888M) 595.594ms
[13.396s][info][gc,metaspace] GC(7) Metaspace: 28405K(29568K)->28405K(29568K) NonClass: 23123K(23680K)->23123K(23680K) Class: 5282K(5888K)->5282K(5888K)
[13.396s][info][gc          ] GC(7) Pause Full (System.gc()) 772M->772M(5888M) 570.459ms
[13.954s][info][gc,metaspace] GC(8) Metaspace: 28405K(29568K)->28405K(29568K) NonClass: 23123K(23680K)->23123K(23680K) Class: 5282K(5888K)->5282K(5888K)
[13.954s][info][gc          ] GC(8) Pause Full (System.gc()) 772M->772M(5888M) 557.823ms
[14.497s][info][gc,metaspace] GC(9) Metaspace: 28405K(29568K)->28405K(29568K) NonClass: 23123K(23680K)->23123K(23680K) Class: 5282K(5888K)->5282K(5888K)
[14.497s][info][gc          ] GC(9) Pause Full (System.gc()) 772M->772M(5888M) 542.964ms
[15.064s][info][gc,metaspace] GC(10) Metaspace: 28405K(29568K)->28405K(29568K) NonClass: 23123K(23680K)->23123K(23680K) Class: 5282K(5888K)->5282K(5888K)
[15.064s][info][gc          ] GC(10) Pause Full (System.gc()) 772M->772M(5888M) 567.013ms
[15.617s][info][gc,metaspace] GC(11) Metaspace: 28405K(29568K)->28405K(29568K) NonClass: 23123K(23680K)->23123K(23680K) Class: 5282K(5888K)->5282K(5888K)
[15.617s][info][gc          ] GC(11) Pause Full (System.gc()) 772M->772M(5888M) 553.353ms
[16.194s][info][gc,metaspace] GC(12) Metaspace: 28405K(29568K)->28405K(29568K) NonClass: 23123K(23680K)->23123K(23680K) Class: 5282K(5888K)->5282K(5888K)
[16.194s][info][gc          ] GC(12) Pause Full (System.gc()) 772M->772M(5888M) 576.259ms
[16.775s][info][gc,metaspace] GC(13) Metaspace: 28405K(29568K)->28405K(29568K) NonClass: 23123K(23680K)->23123K(23680K) Class: 5282K(5888K)->5282K(5888K)
[16.775s][info][gc          ] GC(13) Pause Full (System.gc()) 772M->772M(5888M) 580.978ms
[17.326s][info][gc,metaspace] GC(14) Metaspace: 28405K(29568K)->28405K(29568K) NonClass: 23123K(23680K)->23123K(23680K) Class: 5282K(5888K)->5282K(5888K)
[17.326s][info][gc          ] GC(14) Pause Full (System.gc()) 772M->772M(5888M) 550.607ms
[17.884s][info][gc,metaspace] GC(15) Metaspace: 28405K(29568K)->28405K(29568K) NonClass: 23123K(23680K)->23123K(23680K) Class: 5282K(5888K)->5282K(5888K)
[17.884s][info][gc          ] GC(15) Pause Full (System.gc()) 772M->772M(5888M) 558.591ms
[18.443s][info][gc,metaspace] GC(16) Metaspace: 28405K(29568K)->28405K(29568K) NonClass: 23123K(23680K)->23123K(23680K) Class: 5282K(5888K)->5282K(5888K)
[18.443s][info][gc          ] GC(16) Pause Full (System.gc()) 772M->772M(5888M) 558.235ms
[19.002s][info][gc,metaspace] GC(17) Metaspace: 28405K(29568K)->28405K(29568K) NonClass: 23123K(23680K)->23123K(23680K) Class: 5282K(5888K)->5282K(5888K)
[19.002s][info][gc          ] GC(17) Pause Full (System.gc()) 772M->772M(5888M) 559.110ms
[19.542s][info][gc,metaspace] GC(18) Metaspace: 28405K(29568K)->28405K(29568K) NonClass: 23123K(23680K)->23123K(23680K) Class: 5282K(5888K)->5282K(5888K)
[19.542s][info][gc          ] GC(18) Pause Full (System.gc()) 772M->772M(5888M) 539.834ms
[20.108s][info][gc,metaspace] GC(19) Metaspace: 28405K(29568K)->28405K(29568K) NonClass: 23123K(23680K)->23123K(23680K) Class: 5282K(5888K)->5282K(5888K)
[20.108s][info][gc          ] GC(19) Pause Full (System.gc()) 772M->772M(5888M) 565.574ms
[20.657s][info][gc,metaspace] GC(20) Metaspace: 28405K(29568K)->28405K(29568K) NonClass: 23123K(23680K)->23123K(23680K) Class: 5282K(5888K)->5282K(5888K)
[20.657s][info][gc          ] GC(20) Pause Full (System.gc()) 772M->772M(5888M) 549.126ms
[21.279s][info][gc,metaspace] GC(21) Metaspace: 28405K(29568K)->28405K(29568K) NonClass: 23123K(23680K)->23123K(23680K) Class: 5282K(5888K)->5282K(5888K)
[21.279s][info][gc          ] GC(21) Pause Full (System.gc()) 772M->772M(5888M) 617.471ms
[21.876s][info][gc,metaspace] GC(22) Metaspace: 28405K(29568K)->28405K(29568K) NonClass: 23123K(23680K)->23123K(23680K) Class: 5282K(5888K)->5282K(5888K)
[21.876s][info][gc          ] GC(22) Pause Full (System.gc()) 772M->772M(5888M) 597.129ms
[22.481s][info][gc,metaspace] GC(23) Metaspace: 28405K(29568K)->28405K(29568K) NonClass: 23123K(23680K)->23123K(23680K) Class: 5282K(5888K)->5282K(5888K)
[22.481s][info][gc          ] GC(23) Pause Full (System.gc()) 772M->772M(5888M) 604.495ms
[23.115s][info][gc,metaspace] GC(24) Metaspace: 28405K(29568K)->28405K(29568K) NonClass: 23123K(23680K)->23123K(23680K) Class: 5282K(5888K)->5282K(5888K)
[23.115s][info][gc          ] GC(24) Pause Full (System.gc()) 772M->772M(5888M) 633.823ms
[23.713s][info][gc,metaspace] GC(25) Metaspace: 28405K(29568K)->28405K(29568K) NonClass: 23123K(23680K)->23123K(23680K) Class: 5282K(5888K)->5282K(5888K)
[23.713s][info][gc          ] GC(25) Pause Full (System.gc()) 772M->772M(5888M) 598.513ms
[24.264s][info][gc,metaspace] GC(26) Metaspace: 28405K(29568K)->28405K(29568K) NonClass: 23123K(23680K)->23123K(23680K) Class: 5282K(5888K)->5282K(5888K)
[24.265s][info][gc          ] GC(26) Pause Full (System.gc()) 772M->772M(5888M) 551.065ms
[24.851s][info][gc,metaspace] GC(27) Metaspace: 28405K(29568K)->28405K(29568K) NonClass: 23123K(23680K)->23123K(23680K) Class: 5282K(5888K)->5282K(5888K)
[24.851s][info][gc          ] GC(27) Pause Full (System.gc()) 772M->772M(5888M) 586.256ms
[25.427s][info][gc,metaspace] GC(28) Metaspace: 28405K(29568K)->28405K(29568K) NonClass: 23123K(23680K)->23123K(23680K) Class: 5282K(5888K)->5282K(5888K)
[25.427s][info][gc          ] GC(28) Pause Full (System.gc()) 772M->772M(5888M) 576.095ms
[25.980s][info][gc,metaspace] GC(29) Metaspace: 28405K(29568K)->28405K(29568K) NonClass: 23123K(23680K)->23123K(23680K) Class: 5282K(5888K)->5282K(5888K)
[25.980s][info][gc          ] GC(29) Pause Full (System.gc()) 772M->772M(5888M) 553.062ms
[26.538s][info][gc,metaspace] GC(30) Metaspace: 28405K(29568K)->28405K(29568K) NonClass: 23123K(23680K)->23123K(23680K) Class: 5282K(5888K)->5282K(5888K)
[26.538s][info][gc          ] GC(30) Pause Full (System.gc()) 772M->772M(5888M) 553.528ms
[27.104s][info][gc,metaspace] GC(31) Metaspace: 28405K(29568K)->28405K(29568K) NonClass: 23123K(23680K)->23123K(23680K) Class: 5282K(5888K)->5282K(5888K)
[27.104s][info][gc          ] GC(31) Pause Full (System.gc()) 772M->772M(5888M) 565.657ms
[27.652s][info][gc,metaspace] GC(32) Metaspace: 28405K(29568K)->28405K(29568K) NonClass: 23123K(23680K)->23123K(23680K) Class: 5282K(5888K)->5282K(5888K)
[27.652s][info][gc          ] GC(32) Pause Full (System.gc()) 772M->772M(5888M) 547.637ms
[28.224s][info][gc,metaspace] GC(33) Metaspace: 28405K(29568K)->28405K(29568K) NonClass: 23123K(23680K)->23123K(23680K) Class: 5282K(5888K)->5282K(5888K)
[28.224s][info][gc          ] GC(33) Pause Full (System.gc()) 772M->772M(5888M) 571.889ms
[28.809s][info][gc,metaspace] GC(34) Metaspace: 28405K(29568K)->28405K(29568K) NonClass: 23123K(23680K)->23123K(23680K) Class: 5282K(5888K)->5282K(5888K)
[28.809s][info][gc          ] GC(34) Pause Full (System.gc()) 772M->772M(5888M) 585.233ms
[29.372s][info][gc,metaspace] GC(35) Metaspace: 28405K(29568K)->28405K(29568K) NonClass: 23123K(23680K)->23123K(23680K) Class: 5282K(5888K)->5282K(5888K)
[29.372s][info][gc          ] GC(35) Pause Full (System.gc()) 772M->772M(5888M) 562.518ms
[29.924s][info][gc,metaspace] GC(36) Metaspace: 28405K(29568K)->28405K(29568K) NonClass: 23123K(23680K)->23123K(23680K) Class: 5282K(5888K)->5282K(5888K)
[29.924s][info][gc          ] GC(36) Pause Full (System.gc()) 772M->772M(5888M) 552.713ms
[30.474s][info][gc,metaspace] GC(37) Metaspace: 28405K(29568K)->28405K(29568K) NonClass: 23123K(23680K)->23123K(23680K) Class: 5282K(5888K)->5282K(5888K)
[30.474s][info][gc          ] GC(37) Pause Full (System.gc()) 772M->772M(5888M) 549.465ms
[31.083s][info][gc,metaspace] GC(38) Metaspace: 28405K(29568K)->28405K(29568K) NonClass: 23123K(23680K)->23123K(23680K) Class: 5282K(5888K)->5282K(5888K)
[31.083s][info][gc          ] GC(38) Pause Full (System.gc()) 772M->772M(5888M) 609.056ms
[31.646s][info][gc,metaspace] GC(39) Metaspace: 28405K(29568K)->28405K(29568K) NonClass: 23123K(23680K)->23123K(23680K) Class: 5282K(5888K)->5282K(5888K)
[31.646s][info][gc          ] GC(39) Pause Full (System.gc()) 772M->772M(5888M) 558.258ms
[32.212s][info][gc,metaspace] GC(40) Metaspace: 28405K(29568K)->28405K(29568K) NonClass: 23123K(23680K)->23123K(23680K) Class: 5282K(5888K)->5282K(5888K)
[32.212s][info][gc          ] GC(40) Pause Full (System.gc()) 772M->772M(5888M) 566.505ms
[32.799s][info][gc,metaspace] GC(41) Metaspace: 28405K(29568K)->28405K(29568K) NonClass: 23123K(23680K)->23123K(23680K) Class: 5282K(5888K)->5282K(5888K)
[32.799s][info][gc          ] GC(41) Pause Full (System.gc()) 772M->772M(5888M) 586.490ms
[33.352s][info][gc,metaspace] GC(42) Metaspace: 28405K(29568K)->28405K(29568K) NonClass: 23123K(23680K)->23123K(23680K) Class: 5282K(5888K)->5282K(5888K)
[33.352s][info][gc          ] GC(42) Pause Full (System.gc()) 772M->772M(5888M) 552.882ms
[33.905s][info][gc,metaspace] GC(43) Metaspace: 28405K(29568K)->28405K(29568K) NonClass: 23123K(23680K)->23123K(23680K) Class: 5282K(5888K)->5282K(5888K)
[33.905s][info][gc          ] GC(43) Pause Full (System.gc()) 772M->772M(5888M) 553.034ms
[34.482s][info][gc,metaspace] GC(44) Metaspace: 28405K(29568K)->28405K(29568K) NonClass: 23123K(23680K)->23123K(23680K) Class: 5282K(5888K)->5282K(5888K)
[34.482s][info][gc          ] GC(44) Pause Full (System.gc()) 772M->772M(5888M) 576.968ms
[35.080s][info][gc,metaspace] GC(45) Metaspace: 28405K(29568K)->28405K(29568K) NonClass: 23123K(23680K)->23123K(23680K) Class: 5282K(5888K)->5282K(5888K)
[35.080s][info][gc          ] GC(45) Pause Full (System.gc()) 772M->772M(5888M) 597.587ms
[35.638s][info][gc,metaspace] GC(46) Metaspace: 28405K(29568K)->28405K(29568K) NonClass: 23123K(23680K)->23123K(23680K) Class: 5282K(5888K)->5282K(5888K)
[35.638s][info][gc          ] GC(46) Pause Full (System.gc()) 772M->772M(5888M) 557.711ms
[36.209s][info][gc,metaspace] GC(47) Metaspace: 28405K(29568K)->28405K(29568K) NonClass: 23123K(23680K)->23123K(23680K) Class: 5282K(5888K)->5282K(5888K)
[36.209s][info][gc          ] GC(47) Pause Full (System.gc()) 772M->772M(5888M) 571.004ms
[36.793s][info][gc,metaspace] GC(48) Metaspace: 28405K(29568K)->28405K(29568K) NonClass: 23123K(23680K)->23123K(23680K) Class: 5282K(5888K)->5282K(5888K)
[36.793s][info][gc          ] GC(48) Pause Full (System.gc()) 772M->772M(5888M) 579.380ms
[37.341s][info][gc,metaspace] GC(49) Metaspace: 28405K(29568K)->28405K(29568K) NonClass: 23123K(23680K)->23123K(23680K) Class: 5282K(5888K)->5282K(5888K)
[37.341s][info][gc          ] GC(49) Pause Full (System.gc()) 772M->772M(5888M) 547.902ms
[37.900s][info][gc,metaspace] GC(50) Metaspace: 28405K(29568K)->28405K(29568K) NonClass: 23123K(23680K)->23123K(23680K) Class: 5282K(5888K)->5282K(5888K)
[37.900s][info][gc          ] GC(50) Pause Full (System.gc()) 772M->772M(5888M) 559.160ms
[38.448s][info][gc,metaspace] GC(51) Metaspace: 28405K(29568K)->28405K(29568K) NonClass: 23123K(23680K)->23123K(23680K) Class: 5282K(5888K)->5282K(5888K)
[38.448s][info][gc          ] GC(51) Pause Full (System.gc()) 772M->772M(5888M) 548.383ms
[39.039s][info][gc,metaspace] GC(52) Metaspace: 28405K(29568K)->28405K(29568K) NonClass: 23123K(23680K)->23123K(23680K) Class: 5282K(5888K)->5282K(5888K)
[39.039s][info][gc          ] GC(52) Pause Full (System.gc()) 772M->772M(5888M) 590.337ms
[39.595s][info][gc,metaspace] GC(53) Metaspace: 28405K(29568K)->28405K(29568K) NonClass: 23123K(23680K)->23123K(23680K) Class: 5282K(5888K)->5282K(5888K)
[39.595s][info][gc          ] GC(53) Pause Full (System.gc()) 772M->772M(5888M) 556.462ms
[40.180s][info][gc,metaspace] GC(54) Metaspace: 28405K(29568K)->28405K(29568K) NonClass: 23123K(23680K)->23123K(23680K) Class: 5282K(5888K)->5282K(5888K)
[40.180s][info][gc          ] GC(54) Pause Full (System.gc()) 772M->772M(5888M) 584.889ms
[40.783s][info][gc,metaspace] GC(55) Metaspace: 28405K(29568K)->28405K(29568K) NonClass: 23123K(23680K)->23123K(23680K) Class: 5282K(5888K)->5282K(5888K)
[40.783s][info][gc          ] GC(55) Pause Full (System.gc()) 772M->772M(5888M) 602.198ms
[41.342s][info][gc,metaspace] GC(56) Metaspace: 28405K(29568K)->28405K(29568K) NonClass: 23123K(23680K)->23123K(23680K) Class: 5282K(5888K)->5282K(5888K)
[41.342s][info][gc          ] GC(56) Pause Full (System.gc()) 772M->772M(5888M) 558.937ms
[41.898s][info][gc,metaspace] GC(57) Metaspace: 28405K(29568K)->28405K(29568K) NonClass: 23123K(23680K)->23123K(23680K) Class: 5282K(5888K)->5282K(5888K)
[41.898s][info][gc          ] GC(57) Pause Full (System.gc()) 772M->772M(5888M) 556.208ms
[42.445s][info][gc,metaspace] GC(58) Metaspace: 28405K(29568K)->28405K(29568K) NonClass: 23123K(23680K)->23123K(23680K) Class: 5282K(5888K)->5282K(5888K)
[42.445s][info][gc          ] GC(58) Pause Full (System.gc()) 772M->772M(5888M) 547.108ms
[43.115s][info][gc,metaspace] GC(59) Metaspace: 28405K(29568K)->28405K(29568K) NonClass: 23123K(23680K)->23123K(23680K) Class: 5282K(5888K)->5282K(5888K)
[43.115s][info][gc          ] GC(59) Pause Full (System.gc()) 772M->772M(5888M) 670.163ms
[43.697s][info][gc,metaspace] GC(60) Metaspace: 28405K(29568K)->28405K(29568K) NonClass: 23123K(23680K)->23123K(23680K) Class: 5282K(5888K)->5282K(5888K)
[43.698s][info][gc          ] GC(60) Pause Full (System.gc()) 772M->772M(5888M) 581.935ms
[44.239s][info][gc,metaspace] GC(61) Metaspace: 28405K(29568K)->28405K(29568K) NonClass: 23123K(23680K)->23123K(23680K) Class: 5282K(5888K)->5282K(5888K)
[44.239s][info][gc          ] GC(61) Pause Full (System.gc()) 772M->772M(5888M) 541.589ms
[44.829s][info][gc,metaspace] GC(62) Metaspace: 28405K(29568K)->28405K(29568K) NonClass: 23123K(23680K)->23123K(23680K) Class: 5282K(5888K)->5282K(5888K)
[44.829s][info][gc          ] GC(62) Pause Full (System.gc()) 772M->772M(5888M) 589.612ms
[45.375s][info][gc,metaspace] GC(63) Metaspace: 28405K(29568K)->28405K(29568K) NonClass: 23123K(23680K)->23123K(23680K) Class: 5282K(5888K)->5282K(5888K)
[45.375s][info][gc          ] GC(63) Pause Full (System.gc()) 772M->772M(5888M) 545.625ms
[45.938s][info][gc,metaspace] GC(64) Metaspace: 28405K(29568K)->28405K(29568K) NonClass: 23123K(23680K)->23123K(23680K) Class: 5282K(5888K)->5282K(5888K)
[45.938s][info][gc          ] GC(64) Pause Full (System.gc()) 772M->772M(5888M) 563.565ms
[46.514s][info][gc,metaspace] GC(65) Metaspace: 28405K(29568K)->28405K(29568K) NonClass: 23123K(23680K)->23123K(23680K) Class: 5282K(5888K)->5282K(5888K)
[46.514s][info][gc          ] GC(65) Pause Full (System.gc()) 772M->772M(5888M) 576.005ms
[47.088s][info][gc,metaspace] GC(66) Metaspace: 28405K(29568K)->28405K(29568K) NonClass: 23123K(23680K)->23123K(23680K) Class: 5282K(5888K)->5282K(5888K)
[47.088s][info][gc          ] GC(66) Pause Full (System.gc()) 772M->772M(5888M) 569.488ms
[47.638s][info][gc,metaspace] GC(67) Metaspace: 28405K(29568K)->28405K(29568K) NonClass: 23123K(23680K)->23123K(23680K) Class: 5282K(5888K)->5282K(5888K)
[47.639s][info][gc          ] GC(67) Pause Full (System.gc()) 772M->772M(5888M) 550.197ms
[48.215s][info][gc,metaspace] GC(68) Metaspace: 28405K(29568K)->28405K(29568K) NonClass: 23123K(23680K)->23123K(23680K) Class: 5282K(5888K)->5282K(5888K)
[48.215s][info][gc          ] GC(68) Pause Full (System.gc()) 772M->772M(5888M) 576.826ms
[48.809s][info][gc,metaspace] GC(69) Metaspace: 28405K(29568K)->28405K(29568K) NonClass: 23123K(23680K)->23123K(23680K) Class: 5282K(5888K)->5282K(5888K)
[48.809s][info][gc          ] GC(69) Pause Full (System.gc()) 772M->772M(5888M) 593.516ms
[49.393s][info][gc,metaspace] GC(70) Metaspace: 28405K(29568K)->28405K(29568K) NonClass: 23123K(23680K)->23123K(23680K) Class: 5282K(5888K)->5282K(5888K)
[49.393s][info][gc          ] GC(70) Pause Full (System.gc()) 772M->772M(5888M) 583.619ms
[49.976s][info][gc,metaspace] GC(71) Metaspace: 28405K(29568K)->28405K(29568K) NonClass: 23123K(23680K)->23123K(23680K) Class: 5282K(5888K)->5282K(5888K)
[49.976s][info][gc          ] GC(71) Pause Full (System.gc()) 772M->772M(5888M) 583.323ms
[50.545s][info][gc,metaspace] GC(72) Metaspace: 28405K(29568K)->28405K(29568K) NonClass: 23123K(23680K)->23123K(23680K) Class: 5282K(5888K)->5282K(5888K)
[50.545s][info][gc          ] GC(72) Pause Full (System.gc()) 772M->772M(5888M) 568.687ms
[51.117s][info][gc,metaspace] GC(73) Metaspace: 28405K(29568K)->28405K(29568K) NonClass: 23123K(23680K)->23123K(23680K) Class: 5282K(5888K)->5282K(5888K)
[51.117s][info][gc          ] GC(73) Pause Full (System.gc()) 772M->772M(5888M) 571.733ms
[51.665s][info][gc,metaspace] GC(74) Metaspace: 28405K(29568K)->28405K(29568K) NonClass: 23123K(23680K)->23123K(23680K) Class: 5282K(5888K)->5282K(5888K)
[51.665s][info][gc          ] GC(74) Pause Full (System.gc()) 772M->772M(5888M) 547.573ms
[52.225s][info][gc,metaspace] GC(75) Metaspace: 28405K(29568K)->28405K(29568K) NonClass: 23123K(23680K)->23123K(23680K) Class: 5282K(5888K)->5282K(5888K)
[52.225s][info][gc          ] GC(75) Pause Full (System.gc()) 772M->772M(5888M) 556.486ms
[52.807s][info][gc,metaspace] GC(76) Metaspace: 28405K(29568K)->28405K(29568K) NonClass: 23123K(23680K)->23123K(23680K) Class: 5282K(5888K)->5282K(5888K)
[52.807s][info][gc          ] GC(76) Pause Full (System.gc()) 772M->772M(5888M) 581.805ms
[53.386s][info][gc,metaspace] GC(77) Metaspace: 28405K(29568K)->28405K(29568K) NonClass: 23123K(23680K)->23123K(23680K) Class: 5282K(5888K)->5282K(5888K)
[53.386s][info][gc          ] GC(77) Pause Full (System.gc()) 772M->772M(5888M) 578.333ms
[53.946s][info][gc,metaspace] GC(78) Metaspace: 28405K(29568K)->28405K(29568K) NonClass: 23123K(23680K)->23123K(23680K) Class: 5282K(5888K)->5282K(5888K)
[53.946s][info][gc          ] GC(78) Pause Full (System.gc()) 772M->772M(5888M) 559.969ms
[54.503s][info][gc,metaspace] GC(79) Metaspace: 28405K(29568K)->28405K(29568K) NonClass: 23123K(23680K)->23123K(23680K) Class: 5282K(5888K)->5282K(5888K)
[54.503s][info][gc          ] GC(79) Pause Full (System.gc()) 772M->772M(5888M) 556.834ms
[55.063s][info][gc,metaspace] GC(80) Metaspace: 28405K(29568K)->28405K(29568K) NonClass: 23123K(23680K)->23123K(23680K) Class: 5282K(5888K)->5282K(5888K)
[55.063s][info][gc          ] GC(80) Pause Full (System.gc()) 772M->772M(5888M) 560.192ms
[55.629s][info][gc,metaspace] GC(81) Metaspace: 28405K(29568K)->28405K(29568K) NonClass: 23123K(23680K)->23123K(23680K) Class: 5282K(5888K)->5282K(5888K)
[55.629s][info][gc          ] GC(81) Pause Full (System.gc()) 772M->772M(5888M) 565.505ms
[56.190s][info][gc,metaspace] GC(82) Metaspace: 28405K(29568K)->28405K(29568K) NonClass: 23123K(23680K)->23123K(23680K) Class: 5282K(5888K)->5282K(5888K)
[56.190s][info][gc          ] GC(82) Pause Full (System.gc()) 772M->772M(5888M) 561.512ms
[56.768s][info][gc,metaspace] GC(83) Metaspace: 28405K(29568K)->28405K(29568K) NonClass: 23123K(23680K)->23123K(23680K) Class: 5282K(5888K)->5282K(5888K)
[56.768s][info][gc          ] GC(83) Pause Full (System.gc()) 772M->772M(5888M) 577.927ms
[57.330s][info][gc,metaspace] GC(84) Metaspace: 28405K(29568K)->28405K(29568K) NonClass: 23123K(23680K)->23123K(23680K) Class: 5282K(5888K)->5282K(5888K)
[57.330s][info][gc          ] GC(84) Pause Full (System.gc()) 772M->772M(5888M) 557.363ms
[57.887s][info][gc,metaspace] GC(85) Metaspace: 28405K(29568K)->28405K(29568K) NonClass: 23123K(23680K)->23123K(23680K) Class: 5282K(5888K)->5282K(5888K)
[57.887s][info][gc          ] GC(85) Pause Full (System.gc()) 772M->772M(5888M) 556.679ms
[58.448s][info][gc,metaspace] GC(86) Metaspace: 28405K(29568K)->28405K(29568K) NonClass: 23123K(23680K)->23123K(23680K) Class: 5282K(5888K)->5282K(5888K)
[58.449s][info][gc          ] GC(86) Pause Full (System.gc()) 772M->772M(5888M) 561.474ms
[59.004s][info][gc,metaspace] GC(87) Metaspace: 28405K(29568K)->28405K(29568K) NonClass: 23123K(23680K)->23123K(23680K) Class: 5282K(5888K)->5282K(5888K)
[59.004s][info][gc          ] GC(87) Pause Full (System.gc()) 772M->772M(5888M) 555.639ms
[59.567s][info][gc,metaspace] GC(88) Metaspace: 28405K(29568K)->28405K(29568K) NonClass: 23123K(23680K)->23123K(23680K) Class: 5282K(5888K)->5282K(5888K)
[59.567s][info][gc          ] GC(88) Pause Full (System.gc()) 772M->772M(5888M) 563.061ms
[60.233s][info][gc,metaspace] GC(89) Metaspace: 28405K(29568K)->28405K(29568K) NonClass: 23123K(23680K)->23123K(23680K) Class: 5282K(5888K)->5282K(5888K)
[60.233s][info][gc          ] GC(89) Pause Full (System.gc()) 772M->772M(5888M) 665.666ms
[60.830s][info][gc,metaspace] GC(90) Metaspace: 28405K(29568K)->28405K(29568K) NonClass: 23123K(23680K)->23123K(23680K) Class: 5282K(5888K)->5282K(5888K)
[60.830s][info][gc          ] GC(90) Pause Full (System.gc()) 772M->772M(5888M) 596.965ms
[61.382s][info][gc,metaspace] GC(91) Metaspace: 28405K(29568K)->28405K(29568K) NonClass: 23123K(23680K)->23123K(23680K) Class: 5282K(5888K)->5282K(5888K)
[61.382s][info][gc          ] GC(91) Pause Full (System.gc()) 772M->772M(5888M) 551.650ms
[61.956s][info][gc,metaspace] GC(92) Metaspace: 28405K(29568K)->28405K(29568K) NonClass: 23123K(23680K)->23123K(23680K) Class: 5282K(5888K)->5282K(5888K)
[61.956s][info][gc          ] GC(92) Pause Full (System.gc()) 772M->772M(5888M) 574.289ms
[62.522s][info][gc,metaspace] GC(93) Metaspace: 28405K(29568K)->28405K(29568K) NonClass: 23123K(23680K)->23123K(23680K) Class: 5282K(5888K)->5282K(5888K)
[62.522s][info][gc          ] GC(93) Pause Full (System.gc()) 772M->772M(5888M) 561.439ms
[63.099s][info][gc,metaspace] GC(94) Metaspace: 28405K(29568K)->28405K(29568K) NonClass: 23123K(23680K)->23123K(23680K) Class: 5282K(5888K)->5282K(5888K)
[63.099s][info][gc          ] GC(94) Pause Full (System.gc()) 772M->772M(5888M) 576.439ms
[63.938s][info][gc,metaspace] GC(95) Metaspace: 28405K(29568K)->28405K(29568K) NonClass: 23123K(23680K)->23123K(23680K) Class: 5282K(5888K)->5282K(5888K)
[63.939s][info][gc          ] GC(95) Pause Full (System.gc()) 772M->772M(5888M) 839.612ms
[64.471s][info][gc,metaspace] GC(96) Metaspace: 28405K(29568K)->28405K(29568K) NonClass: 23123K(23680K)->23123K(23680K) Class: 5282K(5888K)->5282K(5888K)
[64.471s][info][gc          ] GC(96) Pause Full (System.gc()) 782M->772M(5888M) 532.155ms
[65.058s][info][gc,metaspace] GC(97) Metaspace: 28405K(29568K)->28405K(29568K) NonClass: 23123K(23680K)->23123K(23680K) Class: 5282K(5888K)->5282K(5888K)
[65.058s][info][gc          ] GC(97) Pause Full (System.gc()) 772M->772M(5888M) 587.438ms
[65.614s][info][gc,metaspace] GC(98) Metaspace: 28405K(29568K)->28405K(29568K) NonClass: 23123K(23680K)->23123K(23680K) Class: 5282K(5888K)->5282K(5888K)
[65.614s][info][gc          ] GC(98) Pause Full (System.gc()) 772M->772M(5888M) 555.536ms
[66.185s][info][gc,metaspace] GC(99) Metaspace: 28405K(29568K)->28405K(29568K) NonClass: 23123K(23680K)->23123K(23680K) Class: 5282K(5888K)->5282K(5888K)
[66.185s][info][gc          ] GC(99) Pause Full (System.gc()) 772M->772M(5888M) 571.053ms
[66.804s][info][gc,metaspace] GC(100) Metaspace: 28405K(29568K)->28405K(29568K) NonClass: 23123K(23680K)->23123K(23680K) Class: 5282K(5888K)->5282K(5888K)
[66.804s][info][gc          ] GC(100) Pause Full (System.gc()) 772M->772M(5888M) 618.911ms
[67.351s][info][gc,metaspace] GC(101) Metaspace: 28405K(29568K)->28405K(29568K) NonClass: 23123K(23680K)->23123K(23680K) Class: 5282K(5888K)->5282K(5888K)
[67.351s][info][gc          ] GC(101) Pause Full (System.gc()) 772M->772M(5888M) 546.389ms
[67.923s][info][gc,metaspace] GC(102) Metaspace: 28405K(29568K)->28405K(29568K) NonClass: 23123K(23680K)->23123K(23680K) Class: 5282K(5888K)->5282K(5888K)
[67.923s][info][gc          ] GC(102) Pause Full (System.gc()) 772M->772M(5888M) 572.334ms
After GCs... 
