Done; will start GCs... 
[103.986s][info][gc,metaspace] GC(13) Metaspace: 89863K(103744K)->89863K(103744K) NonClass: 63114K(69056K)->63114K(69056K) Class: 26748K(34688K)->26748K(34688K)
[103.986s][info][gc          ] GC(13) Pause Full (System.gc()) 1634M->1602M(5939M) 7945.252ms
[111.927s][info][gc,metaspace] GC(14) Metaspace: 89863K(103744K)->89863K(103744K) NonClass: 63114K(69056K)->63114K(69056K) Class: 26748K(34688K)->26748K(34688K)
[111.927s][info][gc          ] GC(14) Pause Full (System.gc()) 1602M->1602M(5939M) 7939.996ms
[119.869s][info][gc,metaspace] GC(15) Metaspace: 89863K(103744K)->89863K(103744K) NonClass: 63114K(69056K)->63114K(69056K) Class: 26748K(34688K)->26748K(34688K)
[119.870s][info][gc          ] GC(15) Pause Full (System.gc()) 1602M->1602M(5939M) 7942.688ms
[127.806s][info][gc,metaspace] GC(16) Metaspace: 89863K(103744K)->89863K(103744K) NonClass: 63114K(69056K)->63114K(69056K) Class: 26748K(34688K)->26748K(34688K)
[127.806s][info][gc          ] GC(16) Pause Full (System.gc()) 1602M->1602M(5939M) 7936.666ms
[135.739s][info][gc,metaspace] GC(17) Metaspace: 89863K(103744K)->89863K(103744K) NonClass: 63114K(69056K)->63114K(69056K) Class: 26748K(34688K)->26748K(34688K)
[135.739s][info][gc          ] GC(17) Pause Full (System.gc()) 1613M->1602M(5939M) 7932.157ms
[143.673s][info][gc,metaspace] GC(18) Metaspace: 89863K(103744K)->89863K(103744K) NonClass: 63114K(69056K)->63114K(69056K) Class: 26748K(34688K)->26748K(34688K)
[143.673s][info][gc          ] GC(18) Pause Full (System.gc()) 1602M->1602M(5939M) 7933.643ms
[151.608s][info][gc,metaspace] GC(19) Metaspace: 89863K(103744K)->89863K(103744K) NonClass: 63114K(69056K)->63114K(69056K) Class: 26748K(34688K)->26748K(34688K)
[151.608s][info][gc          ] GC(19) Pause Full (System.gc()) 1602M->1602M(5939M) 7934.936ms
[160.235s][info][gc,metaspace] GC(20) Metaspace: 89863K(103744K)->89863K(103744K) NonClass: 63114K(69056K)->63114K(69056K) Class: 26748K(34688K)->26748K(34688K)
[160.235s][info][gc          ] GC(20) Pause Full (System.gc()) 1602M->1602M(5939M) 8627.251ms
[168.170s][info][gc,metaspace] GC(21) Metaspace: 89863K(103744K)->89863K(103744K) NonClass: 63114K(69056K)->63114K(69056K) Class: 26748K(34688K)->26748K(34688K)
[168.170s][info][gc          ] GC(21) Pause Full (System.gc()) 1602M->1602M(5939M) 7934.361ms
[176.115s][info][gc,metaspace] GC(22) Metaspace: 89863K(103744K)->89863K(103744K) NonClass: 63114K(69056K)->63114K(69056K) Class: 26748K(34688K)->26748K(34688K)
[176.115s][info][gc          ] GC(22) Pause Full (System.gc()) 1602M->1602M(5939M) 7944.555ms
After GCs... 
