Done; will start GCs... 
[95.730s][info][gc,metaspace] GC(13) Metaspace: 89888K(103744K)->89888K(103744K) NonClass: 63140K(69056K)->63140K(69056K) Class: 26748K(34688K)->26748K(34688K)
[95.730s][info][gc          ] GC(13) Pause Full (System.gc()) 1634M->1602M(5939M) 5514.075ms
[101.292s][info][gc,metaspace] GC(14) Metaspace: 89888K(103744K)->89888K(103744K) NonClass: 63140K(69056K)->63140K(69056K) Class: 26748K(34688K)->26748K(34688K)
[101.292s][info][gc          ] GC(14) Pause Full (System.gc()) 1602M->1602M(5939M) 5557.972ms
[106.854s][info][gc,metaspace] GC(15) Metaspace: 89888K(103744K)->89888K(103744K) NonClass: 63140K(69056K)->63140K(69056K) Class: 26748K(34688K)->26748K(34688K)
[106.854s][info][gc          ] GC(15) Pause Full (System.gc()) 1602M->1602M(5939M) 5561.624ms
[112.368s][info][gc,metaspace] GC(16) Metaspace: 89888K(103744K)->89888K(103744K) NonClass: 63140K(69056K)->63140K(69056K) Class: 26748K(34688K)->26748K(34688K)
[112.368s][info][gc          ] GC(16) Pause Full (System.gc()) 1602M->1602M(5939M) 5513.499ms
[117.933s][info][gc,metaspace] GC(17) Metaspace: 89888K(103744K)->89888K(103744K) NonClass: 63140K(69056K)->63140K(69056K) Class: 26748K(34688K)->26748K(34688K)
[117.933s][info][gc          ] GC(17) Pause Full (System.gc()) 1602M->1602M(5939M) 5565.047ms
[123.444s][info][gc,metaspace] GC(18) Metaspace: 89888K(103744K)->89888K(103744K) NonClass: 63140K(69056K)->63140K(69056K) Class: 26748K(34688K)->26748K(34688K)
[123.444s][info][gc          ] GC(18) Pause Full (System.gc()) 1602M->1602M(5939M) 5506.129ms
[129.010s][info][gc,metaspace] GC(19) Metaspace: 89888K(103744K)->89888K(103744K) NonClass: 63140K(69056K)->63140K(69056K) Class: 26748K(34688K)->26748K(34688K)
[129.010s][info][gc          ] GC(19) Pause Full (System.gc()) 1613M->1602M(5939M) 5565.797ms
[135.217s][info][gc,metaspace] GC(20) Metaspace: 89888K(103744K)->89888K(103744K) NonClass: 63140K(69056K)->63140K(69056K) Class: 26748K(34688K)->26748K(34688K)
[135.217s][info][gc          ] GC(20) Pause Full (System.gc()) 1602M->1602M(5939M) 6203.010ms
[140.726s][info][gc,metaspace] GC(21) Metaspace: 89888K(103744K)->89888K(103744K) NonClass: 63140K(69056K)->63140K(69056K) Class: 26748K(34688K)->26748K(34688K)
[140.726s][info][gc          ] GC(21) Pause Full (System.gc()) 1602M->1602M(5939M) 5508.803ms
[146.295s][info][gc,metaspace] GC(22) Metaspace: 89888K(103744K)->89888K(103744K) NonClass: 63140K(69056K)->63140K(69056K) Class: 26748K(34688K)->26748K(34688K)
[146.296s][info][gc          ] GC(22) Pause Full (System.gc()) 1602M->1602M(5939M) 5564.794ms
After GCs... 
