Done; will start GCs... 
[90.757s][info][gc,metaspace] GC(14) Metaspace: 88097K(101952K)->88097K(101952K) NonClass: 69704K(75648K)->69704K(75648K) Class: 18392K(26304K)->18392K(26304K)
[90.757s][info][gc          ] GC(14) Pause Full (System.gc()) 1850M->1817M(5939M) 4810.433ms
[95.568s][info][gc,metaspace] GC(15) Metaspace: 88097K(101952K)->88097K(101952K) NonClass: 69704K(75648K)->69704K(75648K) Class: 18392K(26304K)->18392K(26304K)
[95.568s][info][gc          ] GC(15) Pause Full (System.gc()) 1817M->1817M(5939M) 4810.848ms
[100.331s][info][gc,metaspace] GC(16) Metaspace: 88097K(101952K)->88097K(101952K) NonClass: 69704K(75648K)->69704K(75648K) Class: 18392K(26304K)->18392K(26304K)
[100.331s][info][gc          ] GC(16) Pause Full (System.gc()) 1817M->1817M(5939M) 4762.746ms
[105.143s][info][gc,metaspace] GC(17) Metaspace: 88097K(101952K)->88097K(101952K) NonClass: 69704K(75648K)->69704K(75648K) Class: 18392K(26304K)->18392K(26304K)
[105.143s][info][gc          ] GC(17) Pause Full (System.gc()) 1817M->1817M(5939M) 4811.769ms
[109.962s][info][gc,metaspace] GC(18) Metaspace: 88097K(101952K)->88097K(101952K) NonClass: 69704K(75648K)->69704K(75648K) Class: 18392K(26304K)->18392K(26304K)
[109.962s][info][gc          ] GC(18) Pause Full (System.gc()) 1817M->1817M(5939M) 4819.359ms
[114.780s][info][gc,metaspace] GC(19) Metaspace: 88097K(101952K)->88097K(101952K) NonClass: 69704K(75648K)->69704K(75648K) Class: 18392K(26304K)->18392K(26304K)
[114.780s][info][gc          ] GC(19) Pause Full (System.gc()) 1817M->1817M(5939M) 4817.765ms
[119.595s][info][gc,metaspace] GC(20) Metaspace: 88097K(101952K)->88097K(101952K) NonClass: 69704K(75648K)->69704K(75648K) Class: 18392K(26304K)->18392K(26304K)
[119.595s][info][gc          ] GC(20) Pause Full (System.gc()) 1817M->1817M(5939M) 4814.541ms
[124.796s][info][gc,metaspace] GC(21) Metaspace: 88097K(101952K)->88097K(101952K) NonClass: 69704K(75648K)->69704K(75648K) Class: 18392K(26304K)->18392K(26304K)
[124.796s][info][gc          ] GC(21) Pause Full (System.gc()) 1817M->1817M(5939M) 5201.041ms
[130.863s][info][gc,metaspace] GC(22) Metaspace: 88097K(101952K)->88097K(101952K) NonClass: 69704K(75648K)->69704K(75648K) Class: 18392K(26304K)->18392K(26304K)
[130.864s][info][gc          ] GC(22) Pause Full (System.gc()) 1817M->1817M(5939M) 6067.213ms
[136.509s][info][gc,metaspace] GC(23) Metaspace: 88097K(101952K)->88097K(101952K) NonClass: 69704K(75648K)->69704K(75648K) Class: 18392K(26304K)->18392K(26304K)
[136.509s][info][gc          ] GC(23) Pause Full (System.gc()) 1828M->1817M(5939M) 5645.365ms
After GCs... 
