Done; will start GCs... 
[25.346s][info][gc,metaspace] GC(28) Metaspace: 30747K(34432K)->30747K(34432K) NonClass: 25341K(26944K)->25341K(26944K) Class: 5405K(7488K)->5405K(7488K)
[25.346s][info][gc          ] GC(28) Pause Full (System.gc()) 1813M->1811M(6144M) 714.571ms
[26.071s][info][gc,metaspace] GC(29) Metaspace: 30747K(34432K)->30747K(34432K) NonClass: 25341K(26944K)->25341K(26944K) Class: 5405K(7488K)->5405K(7488K)
[26.071s][info][gc          ] GC(29) Pause Full (System.gc()) 1811M->1811M(6144M) 725.082ms
[26.790s][info][gc,metaspace] GC(30) Metaspace: 30747K(34432K)->30747K(34432K) NonClass: 25341K(26944K)->25341K(26944K) Class: 5405K(7488K)->5405K(7488K)
[26.790s][info][gc          ] GC(30) Pause Full (System.gc()) 1811M->1811M(6144M) 719.259ms
[27.531s][info][gc,metaspace] GC(31) Metaspace: 30747K(34432K)->30747K(34432K) NonClass: 25341K(26944K)->25341K(26944K) Class: 5405K(7488K)->5405K(7488K)
[27.531s][info][gc          ] GC(31) Pause Full (System.gc()) 1811M->1811M(6144M) 738.847ms
[28.248s][info][gc,metaspace] GC(32) Metaspace: 30747K(34432K)->30747K(34432K) NonClass: 25341K(26944K)->25341K(26944K) Class: 5405K(7488K)->5405K(7488K)
[28.248s][info][gc          ] GC(32) Pause Full (System.gc()) 1811M->1811M(6144M) 717.032ms
[28.966s][info][gc,metaspace] GC(33) Metaspace: 30747K(34432K)->30747K(34432K) NonClass: 25341K(26944K)->25341K(26944K) Class: 5405K(7488K)->5405K(7488K)
[28.966s][info][gc          ] GC(33) Pause Full (System.gc()) 1811M->1811M(6144M) 717.871ms
[29.669s][info][gc,metaspace] GC(34) Metaspace: 30747K(34432K)->30747K(34432K) NonClass: 25341K(26944K)->25341K(26944K) Class: 5405K(7488K)->5405K(7488K)
[29.670s][info][gc          ] GC(34) Pause Full (System.gc()) 1811M->1811M(6144M) 703.416ms
[30.388s][info][gc,metaspace] GC(35) Metaspace: 30747K(34432K)->30747K(34432K) NonClass: 25341K(26944K)->25341K(26944K) Class: 5405K(7488K)->5405K(7488K)
[30.388s][info][gc          ] GC(35) Pause Full (System.gc()) 1811M->1811M(6144M) 718.591ms
[31.100s][info][gc,metaspace] GC(36) Metaspace: 30747K(34432K)->30747K(34432K) NonClass: 25341K(26944K)->25341K(26944K) Class: 5405K(7488K)->5405K(7488K)
[31.100s][info][gc          ] GC(36) Pause Full (System.gc()) 1811M->1811M(6144M) 711.494ms
[31.824s][info][gc,metaspace] GC(37) Metaspace: 30747K(34432K)->30747K(34432K) NonClass: 25341K(26944K)->25341K(26944K) Class: 5405K(7488K)->5405K(7488K)
[31.824s][info][gc          ] GC(37) Pause Full (System.gc()) 1811M->1811M(6144M) 723.784ms
[32.530s][info][gc,metaspace] GC(38) Metaspace: 30747K(34432K)->30747K(34432K) NonClass: 25341K(26944K)->25341K(26944K) Class: 5405K(7488K)->5405K(7488K)
[32.530s][info][gc          ] GC(38) Pause Full (System.gc()) 1811M->1811M(6144M) 706.299ms
[33.254s][info][gc,metaspace] GC(39) Metaspace: 30747K(34432K)->30747K(34432K) NonClass: 25341K(26944K)->25341K(26944K) Class: 5405K(7488K)->5405K(7488K)
[33.254s][info][gc          ] GC(39) Pause Full (System.gc()) 1811M->1811M(6144M) 724.015ms
[33.967s][info][gc,metaspace] GC(40) Metaspace: 30747K(34432K)->30747K(34432K) NonClass: 25341K(26944K)->25341K(26944K) Class: 5405K(7488K)->5405K(7488K)
[33.967s][info][gc          ] GC(40) Pause Full (System.gc()) 1811M->1811M(6144M) 712.818ms
[34.687s][info][gc,metaspace] GC(41) Metaspace: 30747K(34432K)->30747K(34432K) NonClass: 25341K(26944K)->25341K(26944K) Class: 5405K(7488K)->5405K(7488K)
[34.687s][info][gc          ] GC(41) Pause Full (System.gc()) 1811M->1811M(6144M) 719.620ms
[35.403s][info][gc,metaspace] GC(42) Metaspace: 30747K(34432K)->30747K(34432K) NonClass: 25341K(26944K)->25341K(26944K) Class: 5405K(7488K)->5405K(7488K)
[35.403s][info][gc          ] GC(42) Pause Full (System.gc()) 1811M->1811M(6144M) 716.278ms
[36.115s][info][gc,metaspace] GC(43) Metaspace: 30747K(34432K)->30747K(34432K) NonClass: 25341K(26944K)->25341K(26944K) Class: 5405K(7488K)->5405K(7488K)
[36.115s][info][gc          ] GC(43) Pause Full (System.gc()) 1811M->1811M(6144M) 711.749ms
[36.825s][info][gc,metaspace] GC(44) Metaspace: 30747K(34432K)->30747K(34432K) NonClass: 25341K(26944K)->25341K(26944K) Class: 5405K(7488K)->5405K(7488K)
[36.825s][info][gc          ] GC(44) Pause Full (System.gc()) 1811M->1811M(6144M) 710.529ms
[37.550s][info][gc,metaspace] GC(45) Metaspace: 30747K(34432K)->30747K(34432K) NonClass: 25341K(26944K)->25341K(26944K) Class: 5405K(7488K)->5405K(7488K)
[37.550s][info][gc          ] GC(45) Pause Full (System.gc()) 1811M->1811M(6144M) 724.834ms
[38.267s][info][gc,metaspace] GC(46) Metaspace: 30747K(34432K)->30747K(34432K) NonClass: 25341K(26944K)->25341K(26944K) Class: 5405K(7488K)->5405K(7488K)
[38.267s][info][gc          ] GC(46) Pause Full (System.gc()) 1811M->1811M(6144M) 716.765ms
[38.984s][info][gc,metaspace] GC(47) Metaspace: 30747K(34432K)->30747K(34432K) NonClass: 25341K(26944K)->25341K(26944K) Class: 5405K(7488K)->5405K(7488K)
[38.984s][info][gc          ] GC(47) Pause Full (System.gc()) 1811M->1811M(6144M) 716.844ms
[39.695s][info][gc,metaspace] GC(48) Metaspace: 30747K(34432K)->30747K(34432K) NonClass: 25341K(26944K)->25341K(26944K) Class: 5405K(7488K)->5405K(7488K)
[39.695s][info][gc          ] GC(48) Pause Full (System.gc()) 1811M->1811M(6144M) 710.930ms
[40.417s][info][gc,metaspace] GC(49) Metaspace: 30747K(34432K)->30747K(34432K) NonClass: 25341K(26944K)->25341K(26944K) Class: 5405K(7488K)->5405K(7488K)
[40.417s][info][gc          ] GC(49) Pause Full (System.gc()) 1811M->1811M(6144M) 721.724ms
[41.149s][info][gc,metaspace] GC(50) Metaspace: 30747K(34432K)->30747K(34432K) NonClass: 25341K(26944K)->25341K(26944K) Class: 5405K(7488K)->5405K(7488K)
[41.149s][info][gc          ] GC(50) Pause Full (System.gc()) 1811M->1811M(6144M) 732.350ms
[41.867s][info][gc,metaspace] GC(51) Metaspace: 30747K(34432K)->30747K(34432K) NonClass: 25341K(26944K)->25341K(26944K) Class: 5405K(7488K)->5405K(7488K)
[41.867s][info][gc          ] GC(51) Pause Full (System.gc()) 1811M->1811M(6144M) 717.590ms
[42.657s][info][gc,metaspace] GC(52) Metaspace: 30747K(34432K)->30747K(34432K) NonClass: 25341K(26944K)->25341K(26944K) Class: 5405K(7488K)->5405K(7488K)
[42.657s][info][gc          ] GC(52) Pause Full (System.gc()) 1811M->1811M(6144M) 790.214ms
[43.472s][info][gc,metaspace] GC(53) Metaspace: 30747K(34432K)->30747K(34432K) NonClass: 25341K(26944K)->25341K(26944K) Class: 5405K(7488K)->5405K(7488K)
[43.473s][info][gc          ] GC(53) Pause Full (System.gc()) 1811M->1811M(6144M) 815.188ms
[44.199s][info][gc,metaspace] GC(54) Metaspace: 30747K(34432K)->30747K(34432K) NonClass: 25341K(26944K)->25341K(26944K) Class: 5405K(7488K)->5405K(7488K)
[44.199s][info][gc          ] GC(54) Pause Full (System.gc()) 1811M->1811M(6144M) 726.052ms
[44.929s][info][gc,metaspace] GC(55) Metaspace: 30747K(34432K)->30747K(34432K) NonClass: 25341K(26944K)->25341K(26944K) Class: 5405K(7488K)->5405K(7488K)
[44.929s][info][gc          ] GC(55) Pause Full (System.gc()) 1811M->1811M(6144M) 725.563ms
[45.658s][info][gc,metaspace] GC(56) Metaspace: 30747K(34432K)->30747K(34432K) NonClass: 25341K(26944K)->25341K(26944K) Class: 5405K(7488K)->5405K(7488K)
[45.658s][info][gc          ] GC(56) Pause Full (System.gc()) 1811M->1811M(6144M) 729.186ms
[46.386s][info][gc,metaspace] GC(57) Metaspace: 30747K(34432K)->30747K(34432K) NonClass: 25341K(26944K)->25341K(26944K) Class: 5405K(7488K)->5405K(7488K)
[46.386s][info][gc          ] GC(57) Pause Full (System.gc()) 1811M->1811M(6144M) 727.918ms
[47.106s][info][gc,metaspace] GC(58) Metaspace: 30747K(34432K)->30747K(34432K) NonClass: 25341K(26944K)->25341K(26944K) Class: 5405K(7488K)->5405K(7488K)
[47.106s][info][gc          ] GC(58) Pause Full (System.gc()) 1811M->1811M(6144M) 719.918ms
[47.814s][info][gc,metaspace] GC(59) Metaspace: 30747K(34432K)->30747K(34432K) NonClass: 25341K(26944K)->25341K(26944K) Class: 5405K(7488K)->5405K(7488K)
[47.814s][info][gc          ] GC(59) Pause Full (System.gc()) 1811M->1811M(6144M) 708.042ms
[48.525s][info][gc,metaspace] GC(60) Metaspace: 30747K(34432K)->30747K(34432K) NonClass: 25341K(26944K)->25341K(26944K) Class: 5405K(7488K)->5405K(7488K)
[48.525s][info][gc          ] GC(60) Pause Full (System.gc()) 1811M->1811M(6144M) 710.638ms
[49.239s][info][gc,metaspace] GC(61) Metaspace: 30747K(34432K)->30747K(34432K) NonClass: 25341K(26944K)->25341K(26944K) Class: 5405K(7488K)->5405K(7488K)
[49.239s][info][gc          ] GC(61) Pause Full (System.gc()) 1811M->1811M(6144M) 713.973ms
[49.962s][info][gc,metaspace] GC(62) Metaspace: 30747K(34432K)->30747K(34432K) NonClass: 25341K(26944K)->25341K(26944K) Class: 5405K(7488K)->5405K(7488K)
[49.963s][info][gc          ] GC(62) Pause Full (System.gc()) 1811M->1811M(6144M) 723.739ms
[50.678s][info][gc,metaspace] GC(63) Metaspace: 30747K(34432K)->30747K(34432K) NonClass: 25341K(26944K)->25341K(26944K) Class: 5405K(7488K)->5405K(7488K)
[50.678s][info][gc          ] GC(63) Pause Full (System.gc()) 1811M->1811M(6144M) 715.265ms
[51.390s][info][gc,metaspace] GC(64) Metaspace: 30747K(34432K)->30747K(34432K) NonClass: 25341K(26944K)->25341K(26944K) Class: 5405K(7488K)->5405K(7488K)
[51.390s][info][gc          ] GC(64) Pause Full (System.gc()) 1811M->1811M(6144M) 712.053ms
[52.108s][info][gc,metaspace] GC(65) Metaspace: 30747K(34432K)->30747K(34432K) NonClass: 25341K(26944K)->25341K(26944K) Class: 5405K(7488K)->5405K(7488K)
[52.108s][info][gc          ] GC(65) Pause Full (System.gc()) 1811M->1811M(6144M) 717.567ms
[52.823s][info][gc,metaspace] GC(66) Metaspace: 30747K(34432K)->30747K(34432K) NonClass: 25341K(26944K)->25341K(26944K) Class: 5405K(7488K)->5405K(7488K)
[52.823s][info][gc          ] GC(66) Pause Full (System.gc()) 1811M->1811M(6144M) 715.605ms
[53.539s][info][gc,metaspace] GC(67) Metaspace: 30747K(34432K)->30747K(34432K) NonClass: 25341K(26944K)->25341K(26944K) Class: 5405K(7488K)->5405K(7488K)
[53.539s][info][gc          ] GC(67) Pause Full (System.gc()) 1811M->1811M(6144M) 715.912ms
After GCs... 
