Done; will start GCs... 
[25.022s][info][gc,metaspace] GC(28) Metaspace: 31190K(34816K)->31190K(34816K) NonClass: 23165K(24704K)->23165K(24704K) Class: 8024K(10112K)->8024K(10112K)
[25.022s][info][gc          ] GC(28) Pause Full (System.gc()) 1600M->1598M(6144M) 754.226ms
[25.793s][info][gc,metaspace] GC(29) Metaspace: 31190K(34816K)->31190K(34816K) NonClass: 23165K(24704K)->23165K(24704K) Class: 8024K(10112K)->8024K(10112K)
[25.793s][info][gc          ] GC(29) Pause Full (System.gc()) 1598M->1598M(6144M) 770.251ms
[26.568s][info][gc,metaspace] GC(30) Metaspace: 31190K(34816K)->31190K(34816K) NonClass: 23165K(24704K)->23165K(24704K) Class: 8024K(10112K)->8024K(10112K)
[26.568s][info][gc          ] GC(30) Pause Full (System.gc()) 1598M->1598M(6144M) 775.216ms
[27.343s][info][gc,metaspace] GC(31) Metaspace: 31190K(34816K)->31190K(34816K) NonClass: 23165K(24704K)->23165K(24704K) Class: 8024K(10112K)->8024K(10112K)
[27.343s][info][gc          ] GC(31) Pause Full (System.gc()) 1598M->1598M(6144M) 775.405ms
[28.125s][info][gc,metaspace] GC(32) Metaspace: 31190K(34816K)->31190K(34816K) NonClass: 23165K(24704K)->23165K(24704K) Class: 8024K(10112K)->8024K(10112K)
[28.125s][info][gc          ] GC(32) Pause Full (System.gc()) 1598M->1598M(6144M) 781.719ms
[28.888s][info][gc,metaspace] GC(33) Metaspace: 31190K(34816K)->31190K(34816K) NonClass: 23165K(24704K)->23165K(24704K) Class: 8024K(10112K)->8024K(10112K)
[28.888s][info][gc          ] GC(33) Pause Full (System.gc()) 1598M->1598M(6144M) 762.277ms
[29.639s][info][gc,metaspace] GC(34) Metaspace: 31190K(34816K)->31190K(34816K) NonClass: 23165K(24704K)->23165K(24704K) Class: 8024K(10112K)->8024K(10112K)
[29.639s][info][gc          ] GC(34) Pause Full (System.gc()) 1598M->1598M(6144M) 751.787ms
[30.406s][info][gc,metaspace] GC(35) Metaspace: 31190K(34816K)->31190K(34816K) NonClass: 23165K(24704K)->23165K(24704K) Class: 8024K(10112K)->8024K(10112K)
[30.406s][info][gc          ] GC(35) Pause Full (System.gc()) 1598M->1598M(6144M) 766.544ms
[31.159s][info][gc,metaspace] GC(36) Metaspace: 31190K(34816K)->31190K(34816K) NonClass: 23165K(24704K)->23165K(24704K) Class: 8024K(10112K)->8024K(10112K)
[31.159s][info][gc          ] GC(36) Pause Full (System.gc()) 1598M->1598M(6144M) 752.611ms
[31.914s][info][gc,metaspace] GC(37) Metaspace: 31190K(34816K)->31190K(34816K) NonClass: 23165K(24704K)->23165K(24704K) Class: 8024K(10112K)->8024K(10112K)
[31.914s][info][gc          ] GC(37) Pause Full (System.gc()) 1598M->1598M(6144M) 755.024ms
[32.675s][info][gc,metaspace] GC(38) Metaspace: 31190K(34816K)->31190K(34816K) NonClass: 23165K(24704K)->23165K(24704K) Class: 8024K(10112K)->8024K(10112K)
[32.676s][info][gc          ] GC(38) Pause Full (System.gc()) 1598M->1598M(6144M) 761.611ms
[33.442s][info][gc,metaspace] GC(39) Metaspace: 31190K(34816K)->31190K(34816K) NonClass: 23165K(24704K)->23165K(24704K) Class: 8024K(10112K)->8024K(10112K)
[33.442s][info][gc          ] GC(39) Pause Full (System.gc()) 1598M->1598M(6144M) 766.814ms
[34.203s][info][gc,metaspace] GC(40) Metaspace: 31190K(34816K)->31190K(34816K) NonClass: 23165K(24704K)->23165K(24704K) Class: 8024K(10112K)->8024K(10112K)
[34.203s][info][gc          ] GC(40) Pause Full (System.gc()) 1598M->1598M(6144M) 760.179ms
[34.962s][info][gc,metaspace] GC(41) Metaspace: 31190K(34816K)->31190K(34816K) NonClass: 23165K(24704K)->23165K(24704K) Class: 8024K(10112K)->8024K(10112K)
[34.962s][info][gc          ] GC(41) Pause Full (System.gc()) 1598M->1598M(6144M) 759.511ms
[35.741s][info][gc,metaspace] GC(42) Metaspace: 31190K(34816K)->31190K(34816K) NonClass: 23165K(24704K)->23165K(24704K) Class: 8024K(10112K)->8024K(10112K)
[35.742s][info][gc          ] GC(42) Pause Full (System.gc()) 1598M->1598M(6144M) 779.199ms
[36.498s][info][gc,metaspace] GC(43) Metaspace: 31190K(34816K)->31190K(34816K) NonClass: 23165K(24704K)->23165K(24704K) Class: 8024K(10112K)->8024K(10112K)
[36.498s][info][gc          ] GC(43) Pause Full (System.gc()) 1598M->1598M(6144M) 756.551ms
[37.251s][info][gc,metaspace] GC(44) Metaspace: 31190K(34816K)->31190K(34816K) NonClass: 23165K(24704K)->23165K(24704K) Class: 8024K(10112K)->8024K(10112K)
[37.251s][info][gc          ] GC(44) Pause Full (System.gc()) 1598M->1598M(6144M) 752.713ms
[38.007s][info][gc,metaspace] GC(45) Metaspace: 31190K(34816K)->31190K(34816K) NonClass: 23165K(24704K)->23165K(24704K) Class: 8024K(10112K)->8024K(10112K)
[38.007s][info][gc          ] GC(45) Pause Full (System.gc()) 1598M->1598M(6144M) 755.761ms
[38.766s][info][gc,metaspace] GC(46) Metaspace: 31190K(34816K)->31190K(34816K) NonClass: 23165K(24704K)->23165K(24704K) Class: 8024K(10112K)->8024K(10112K)
[38.766s][info][gc          ] GC(46) Pause Full (System.gc()) 1598M->1598M(6144M) 754.938ms
[39.532s][info][gc,metaspace] GC(47) Metaspace: 31190K(34816K)->31190K(34816K) NonClass: 23165K(24704K)->23165K(24704K) Class: 8024K(10112K)->8024K(10112K)
[39.532s][info][gc          ] GC(47) Pause Full (System.gc()) 1598M->1598M(6144M) 766.183ms
[40.296s][info][gc,metaspace] GC(48) Metaspace: 31190K(34816K)->31190K(34816K) NonClass: 23165K(24704K)->23165K(24704K) Class: 8024K(10112K)->8024K(10112K)
[40.296s][info][gc          ] GC(48) Pause Full (System.gc()) 1598M->1598M(6144M) 763.847ms
[41.056s][info][gc,metaspace] GC(49) Metaspace: 31190K(34816K)->31190K(34816K) NonClass: 23165K(24704K)->23165K(24704K) Class: 8024K(10112K)->8024K(10112K)
[41.056s][info][gc          ] GC(49) Pause Full (System.gc()) 1598M->1598M(6144M) 760.170ms
[41.822s][info][gc,metaspace] GC(50) Metaspace: 31190K(34816K)->31190K(34816K) NonClass: 23165K(24704K)->23165K(24704K) Class: 8024K(10112K)->8024K(10112K)
[41.822s][info][gc          ] GC(50) Pause Full (System.gc()) 1598M->1598M(6144M) 765.898ms
[42.590s][info][gc,metaspace] GC(51) Metaspace: 31190K(34816K)->31190K(34816K) NonClass: 23165K(24704K)->23165K(24704K) Class: 8024K(10112K)->8024K(10112K)
[42.590s][info][gc          ] GC(51) Pause Full (System.gc()) 1598M->1598M(6144M) 767.922ms
[43.351s][info][gc,metaspace] GC(52) Metaspace: 31190K(34816K)->31190K(34816K) NonClass: 23165K(24704K)->23165K(24704K) Class: 8024K(10112K)->8024K(10112K)
[43.351s][info][gc          ] GC(52) Pause Full (System.gc()) 1598M->1598M(6144M) 760.128ms
[44.106s][info][gc,metaspace] GC(53) Metaspace: 31190K(34816K)->31190K(34816K) NonClass: 23165K(24704K)->23165K(24704K) Class: 8024K(10112K)->8024K(10112K)
[44.106s][info][gc          ] GC(53) Pause Full (System.gc()) 1598M->1598M(6144M) 755.492ms
[44.894s][info][gc,metaspace] GC(54) Metaspace: 31190K(34816K)->31190K(34816K) NonClass: 23165K(24704K)->23165K(24704K) Class: 8024K(10112K)->8024K(10112K)
[44.894s][info][gc          ] GC(54) Pause Full (System.gc()) 1598M->1598M(6144M) 787.806ms
[45.653s][info][gc,metaspace] GC(55) Metaspace: 31190K(34816K)->31190K(34816K) NonClass: 23165K(24704K)->23165K(24704K) Class: 8024K(10112K)->8024K(10112K)
[45.653s][info][gc          ] GC(55) Pause Full (System.gc()) 1598M->1598M(6144M) 758.902ms
[46.407s][info][gc,metaspace] GC(56) Metaspace: 31190K(34816K)->31190K(34816K) NonClass: 23165K(24704K)->23165K(24704K) Class: 8024K(10112K)->8024K(10112K)
[46.407s][info][gc          ] GC(56) Pause Full (System.gc()) 1598M->1598M(6144M) 753.962ms
[47.170s][info][gc,metaspace] GC(57) Metaspace: 31190K(34816K)->31190K(34816K) NonClass: 23165K(24704K)->23165K(24704K) Class: 8024K(10112K)->8024K(10112K)
[47.170s][info][gc          ] GC(57) Pause Full (System.gc()) 1598M->1598M(6144M) 762.442ms
[47.930s][info][gc,metaspace] GC(58) Metaspace: 31190K(34816K)->31190K(34816K) NonClass: 23165K(24704K)->23165K(24704K) Class: 8024K(10112K)->8024K(10112K)
[47.930s][info][gc          ] GC(58) Pause Full (System.gc()) 1598M->1598M(6144M) 760.342ms
[48.692s][info][gc,metaspace] GC(59) Metaspace: 31190K(34816K)->31190K(34816K) NonClass: 23165K(24704K)->23165K(24704K) Class: 8024K(10112K)->8024K(10112K)
[48.692s][info][gc          ] GC(59) Pause Full (System.gc()) 1598M->1598M(6144M) 761.932ms
[49.457s][info][gc,metaspace] GC(60) Metaspace: 31190K(34816K)->31190K(34816K) NonClass: 23165K(24704K)->23165K(24704K) Class: 8024K(10112K)->8024K(10112K)
[49.457s][info][gc          ] GC(60) Pause Full (System.gc()) 1598M->1598M(6144M) 764.895ms
[50.241s][info][gc,metaspace] GC(61) Metaspace: 31190K(34816K)->31190K(34816K) NonClass: 23165K(24704K)->23165K(24704K) Class: 8024K(10112K)->8024K(10112K)
[50.242s][info][gc          ] GC(61) Pause Full (System.gc()) 1598M->1598M(6144M) 784.459ms
[51.008s][info][gc,metaspace] GC(62) Metaspace: 31190K(34816K)->31190K(34816K) NonClass: 23165K(24704K)->23165K(24704K) Class: 8024K(10112K)->8024K(10112K)
[51.008s][info][gc          ] GC(62) Pause Full (System.gc()) 1598M->1598M(6144M) 766.086ms
[51.767s][info][gc,metaspace] GC(63) Metaspace: 31190K(34816K)->31190K(34816K) NonClass: 23165K(24704K)->23165K(24704K) Class: 8024K(10112K)->8024K(10112K)
[51.767s][info][gc          ] GC(63) Pause Full (System.gc()) 1598M->1598M(6144M) 759.201ms
[52.533s][info][gc,metaspace] GC(64) Metaspace: 31190K(34816K)->31190K(34816K) NonClass: 23165K(24704K)->23165K(24704K) Class: 8024K(10112K)->8024K(10112K)
[52.533s][info][gc          ] GC(64) Pause Full (System.gc()) 1598M->1598M(6144M) 766.338ms
[53.289s][info][gc,metaspace] GC(65) Metaspace: 31190K(34816K)->31190K(34816K) NonClass: 23165K(24704K)->23165K(24704K) Class: 8024K(10112K)->8024K(10112K)
[53.289s][info][gc          ] GC(65) Pause Full (System.gc()) 1598M->1598M(6144M) 755.700ms
[54.053s][info][gc,metaspace] GC(66) Metaspace: 31190K(34816K)->31190K(34816K) NonClass: 23165K(24704K)->23165K(24704K) Class: 8024K(10112K)->8024K(10112K)
[54.053s][info][gc          ] GC(66) Pause Full (System.gc()) 1598M->1598M(6144M) 763.960ms
[54.808s][info][gc,metaspace] GC(67) Metaspace: 31190K(34816K)->31190K(34816K) NonClass: 23165K(24704K)->23165K(24704K) Class: 8024K(10112K)->8024K(10112K)
[54.808s][info][gc          ] GC(67) Pause Full (System.gc()) 1598M->1598M(6144M) 755.111ms
After GCs... 
