Done; will start GCs... 
[24.712s][info][gc,metaspace] GC(28) Metaspace: 31187K(34880K)->31187K(34880K) NonClass: 23161K(24768K)->23161K(24768K) Class: 8025K(10112K)->8025K(10112K)
[24.712s][info][gc          ] GC(28) Pause Full (System.gc()) 1600M->1598M(6144M) 676.508ms
[25.368s][info][gc,metaspace] GC(29) Metaspace: 31187K(34880K)->31187K(34880K) NonClass: 23161K(24768K)->23161K(24768K) Class: 8025K(10112K)->8025K(10112K)
[25.368s][info][gc          ] GC(29) Pause Full (System.gc()) 1598M->1598M(6144M) 656.032ms
[26.034s][info][gc,metaspace] GC(30) Metaspace: 31187K(34880K)->31187K(34880K) NonClass: 23161K(24768K)->23161K(24768K) Class: 8025K(10112K)->8025K(10112K)
[26.034s][info][gc          ] GC(30) Pause Full (System.gc()) 1598M->1598M(6144M) 666.167ms
[26.698s][info][gc,metaspace] GC(31) Metaspace: 31187K(34880K)->31187K(34880K) NonClass: 23161K(24768K)->23161K(24768K) Class: 8025K(10112K)->8025K(10112K)
[26.698s][info][gc          ] GC(31) Pause Full (System.gc()) 1598M->1598M(6144M) 663.993ms
[27.350s][info][gc,metaspace] GC(32) Metaspace: 31187K(34880K)->31187K(34880K) NonClass: 23161K(24768K)->23161K(24768K) Class: 8025K(10112K)->8025K(10112K)
[27.350s][info][gc          ] GC(32) Pause Full (System.gc()) 1598M->1598M(6144M) 652.453ms
[28.005s][info][gc,metaspace] GC(33) Metaspace: 31187K(34880K)->31187K(34880K) NonClass: 23161K(24768K)->23161K(24768K) Class: 8025K(10112K)->8025K(10112K)
[28.005s][info][gc          ] GC(33) Pause Full (System.gc()) 1598M->1598M(6144M) 654.005ms
[28.660s][info][gc,metaspace] GC(34) Metaspace: 31187K(34880K)->31187K(34880K) NonClass: 23161K(24768K)->23161K(24768K) Class: 8025K(10112K)->8025K(10112K)
[28.660s][info][gc          ] GC(34) Pause Full (System.gc()) 1598M->1598M(6144M) 655.484ms
[29.316s][info][gc,metaspace] GC(35) Metaspace: 31187K(34880K)->31187K(34880K) NonClass: 23161K(24768K)->23161K(24768K) Class: 8025K(10112K)->8025K(10112K)
[29.316s][info][gc          ] GC(35) Pause Full (System.gc()) 1598M->1598M(6144M) 655.867ms
[29.968s][info][gc,metaspace] GC(36) Metaspace: 31187K(34880K)->31187K(34880K) NonClass: 23161K(24768K)->23161K(24768K) Class: 8025K(10112K)->8025K(10112K)
[29.968s][info][gc          ] GC(36) Pause Full (System.gc()) 1598M->1598M(6144M) 652.071ms
[30.626s][info][gc,metaspace] GC(37) Metaspace: 31187K(34880K)->31187K(34880K) NonClass: 23161K(24768K)->23161K(24768K) Class: 8025K(10112K)->8025K(10112K)
[30.626s][info][gc          ] GC(37) Pause Full (System.gc()) 1598M->1598M(6144M) 658.073ms
[31.283s][info][gc,metaspace] GC(38) Metaspace: 31187K(34880K)->31187K(34880K) NonClass: 23161K(24768K)->23161K(24768K) Class: 8025K(10112K)->8025K(10112K)
[31.284s][info][gc          ] GC(38) Pause Full (System.gc()) 1598M->1598M(6144M) 657.060ms
[31.939s][info][gc,metaspace] GC(39) Metaspace: 31187K(34880K)->31187K(34880K) NonClass: 23161K(24768K)->23161K(24768K) Class: 8025K(10112K)->8025K(10112K)
[31.939s][info][gc          ] GC(39) Pause Full (System.gc()) 1598M->1598M(6144M) 655.309ms
[32.610s][info][gc,metaspace] GC(40) Metaspace: 31187K(34880K)->31187K(34880K) NonClass: 23161K(24768K)->23161K(24768K) Class: 8025K(10112K)->8025K(10112K)
[32.610s][info][gc          ] GC(40) Pause Full (System.gc()) 1598M->1598M(6144M) 671.317ms
[33.273s][info][gc,metaspace] GC(41) Metaspace: 31187K(34880K)->31187K(34880K) NonClass: 23161K(24768K)->23161K(24768K) Class: 8025K(10112K)->8025K(10112K)
[33.273s][info][gc          ] GC(41) Pause Full (System.gc()) 1598M->1598M(6144M) 662.700ms
[33.932s][info][gc,metaspace] GC(42) Metaspace: 31187K(34880K)->31187K(34880K) NonClass: 23161K(24768K)->23161K(24768K) Class: 8025K(10112K)->8025K(10112K)
[33.932s][info][gc          ] GC(42) Pause Full (System.gc()) 1598M->1598M(6144M) 658.673ms
[34.591s][info][gc,metaspace] GC(43) Metaspace: 31187K(34880K)->31187K(34880K) NonClass: 23161K(24768K)->23161K(24768K) Class: 8025K(10112K)->8025K(10112K)
[34.591s][info][gc          ] GC(43) Pause Full (System.gc()) 1598M->1598M(6144M) 659.246ms
[35.247s][info][gc,metaspace] GC(44) Metaspace: 31187K(34880K)->31187K(34880K) NonClass: 23161K(24768K)->23161K(24768K) Class: 8025K(10112K)->8025K(10112K)
[35.247s][info][gc          ] GC(44) Pause Full (System.gc()) 1598M->1598M(6144M) 656.175ms
[35.908s][info][gc,metaspace] GC(45) Metaspace: 31187K(34880K)->31187K(34880K) NonClass: 23161K(24768K)->23161K(24768K) Class: 8025K(10112K)->8025K(10112K)
[35.908s][info][gc          ] GC(45) Pause Full (System.gc()) 1598M->1598M(6144M) 661.019ms
[36.568s][info][gc,metaspace] GC(46) Metaspace: 31187K(34880K)->31187K(34880K) NonClass: 23161K(24768K)->23161K(24768K) Class: 8025K(10112K)->8025K(10112K)
[36.568s][info][gc          ] GC(46) Pause Full (System.gc()) 1598M->1598M(6144M) 659.853ms
[37.233s][info][gc,metaspace] GC(47) Metaspace: 31187K(34880K)->31187K(34880K) NonClass: 23161K(24768K)->23161K(24768K) Class: 8025K(10112K)->8025K(10112K)
[37.233s][info][gc          ] GC(47) Pause Full (System.gc()) 1598M->1598M(6144M) 664.106ms
[37.890s][info][gc,metaspace] GC(48) Metaspace: 31187K(34880K)->31187K(34880K) NonClass: 23161K(24768K)->23161K(24768K) Class: 8025K(10112K)->8025K(10112K)
[37.890s][info][gc          ] GC(48) Pause Full (System.gc()) 1598M->1598M(6144M) 657.627ms
[38.544s][info][gc,metaspace] GC(49) Metaspace: 31187K(34880K)->31187K(34880K) NonClass: 23161K(24768K)->23161K(24768K) Class: 8025K(10112K)->8025K(10112K)
[38.544s][info][gc          ] GC(49) Pause Full (System.gc()) 1598M->1598M(6144M) 653.494ms
[39.207s][info][gc,metaspace] GC(50) Metaspace: 31187K(34880K)->31187K(34880K) NonClass: 23161K(24768K)->23161K(24768K) Class: 8025K(10112K)->8025K(10112K)
[39.207s][info][gc          ] GC(50) Pause Full (System.gc()) 1598M->1598M(6144M) 663.234ms
[39.858s][info][gc,metaspace] GC(51) Metaspace: 31187K(34880K)->31187K(34880K) NonClass: 23161K(24768K)->23161K(24768K) Class: 8025K(10112K)->8025K(10112K)
[39.858s][info][gc          ] GC(51) Pause Full (System.gc()) 1598M->1598M(6144M) 650.832ms
[40.518s][info][gc,metaspace] GC(52) Metaspace: 31187K(34880K)->31187K(34880K) NonClass: 23161K(24768K)->23161K(24768K) Class: 8025K(10112K)->8025K(10112K)
[40.518s][info][gc          ] GC(52) Pause Full (System.gc()) 1598M->1598M(6144M) 659.892ms
[41.169s][info][gc,metaspace] GC(53) Metaspace: 31187K(34880K)->31187K(34880K) NonClass: 23161K(24768K)->23161K(24768K) Class: 8025K(10112K)->8025K(10112K)
[41.169s][info][gc          ] GC(53) Pause Full (System.gc()) 1598M->1598M(6144M) 651.400ms
[41.838s][info][gc,metaspace] GC(54) Metaspace: 31187K(34880K)->31187K(34880K) NonClass: 23161K(24768K)->23161K(24768K) Class: 8025K(10112K)->8025K(10112K)
[41.839s][info][gc          ] GC(54) Pause Full (System.gc()) 1598M->1598M(6144M) 668.997ms
[42.501s][info][gc,metaspace] GC(55) Metaspace: 31187K(34880K)->31187K(34880K) NonClass: 23161K(24768K)->23161K(24768K) Class: 8025K(10112K)->8025K(10112K)
[42.501s][info][gc          ] GC(55) Pause Full (System.gc()) 1598M->1598M(6144M) 662.407ms
[43.153s][info][gc,metaspace] GC(56) Metaspace: 31187K(34880K)->31187K(34880K) NonClass: 23161K(24768K)->23161K(24768K) Class: 8025K(10112K)->8025K(10112K)
[43.153s][info][gc          ] GC(56) Pause Full (System.gc()) 1598M->1598M(6144M) 652.357ms
[43.814s][info][gc,metaspace] GC(57) Metaspace: 31187K(34880K)->31187K(34880K) NonClass: 23161K(24768K)->23161K(24768K) Class: 8025K(10112K)->8025K(10112K)
[43.814s][info][gc          ] GC(57) Pause Full (System.gc()) 1598M->1598M(6144M) 660.164ms
[44.471s][info][gc,metaspace] GC(58) Metaspace: 31187K(34880K)->31187K(34880K) NonClass: 23161K(24768K)->23161K(24768K) Class: 8025K(10112K)->8025K(10112K)
[44.471s][info][gc          ] GC(58) Pause Full (System.gc()) 1598M->1598M(6144M) 657.351ms
[45.131s][info][gc,metaspace] GC(59) Metaspace: 31187K(34880K)->31187K(34880K) NonClass: 23161K(24768K)->23161K(24768K) Class: 8025K(10112K)->8025K(10112K)
[45.131s][info][gc          ] GC(59) Pause Full (System.gc()) 1598M->1598M(6144M) 660.103ms
[45.798s][info][gc,metaspace] GC(60) Metaspace: 31187K(34880K)->31187K(34880K) NonClass: 23161K(24768K)->23161K(24768K) Class: 8025K(10112K)->8025K(10112K)
[45.798s][info][gc          ] GC(60) Pause Full (System.gc()) 1598M->1598M(6144M) 666.655ms
[46.457s][info][gc,metaspace] GC(61) Metaspace: 31187K(34880K)->31187K(34880K) NonClass: 23161K(24768K)->23161K(24768K) Class: 8025K(10112K)->8025K(10112K)
[46.457s][info][gc          ] GC(61) Pause Full (System.gc()) 1598M->1598M(6144M) 658.863ms
[47.111s][info][gc,metaspace] GC(62) Metaspace: 31187K(34880K)->31187K(34880K) NonClass: 23161K(24768K)->23161K(24768K) Class: 8025K(10112K)->8025K(10112K)
[47.111s][info][gc          ] GC(62) Pause Full (System.gc()) 1598M->1598M(6144M) 653.915ms
[47.773s][info][gc,metaspace] GC(63) Metaspace: 31187K(34880K)->31187K(34880K) NonClass: 23161K(24768K)->23161K(24768K) Class: 8025K(10112K)->8025K(10112K)
[47.773s][info][gc          ] GC(63) Pause Full (System.gc()) 1598M->1598M(6144M) 662.257ms
[48.427s][info][gc,metaspace] GC(64) Metaspace: 31187K(34880K)->31187K(34880K) NonClass: 23161K(24768K)->23161K(24768K) Class: 8025K(10112K)->8025K(10112K)
[48.427s][info][gc          ] GC(64) Pause Full (System.gc()) 1598M->1598M(6144M) 653.539ms
[49.087s][info][gc,metaspace] GC(65) Metaspace: 31187K(34880K)->31187K(34880K) NonClass: 23161K(24768K)->23161K(24768K) Class: 8025K(10112K)->8025K(10112K)
[49.087s][info][gc          ] GC(65) Pause Full (System.gc()) 1598M->1598M(6144M) 660.486ms
[49.755s][info][gc,metaspace] GC(66) Metaspace: 31187K(34880K)->31187K(34880K) NonClass: 23161K(24768K)->23161K(24768K) Class: 8025K(10112K)->8025K(10112K)
[49.755s][info][gc          ] GC(66) Pause Full (System.gc()) 1598M->1598M(6144M) 667.344ms
[50.421s][info][gc,metaspace] GC(67) Metaspace: 31187K(34880K)->31187K(34880K) NonClass: 23161K(24768K)->23161K(24768K) Class: 8025K(10112K)->8025K(10112K)
[50.421s][info][gc          ] GC(67) Pause Full (System.gc()) 1598M->1598M(6144M) 665.868ms
After GCs... 
