Done; will start GCs... 
[76.365s][info   ][gc          ] Trigger: GC request (System.gc())
[76.367s][info   ][gc          ] GC(13) Concurrent reset 2.490ms
[76.374s][info   ][gc          ] GC(13) Pause Init Mark (unload classes) 0.078ms
[76.374s][info   ][gc          ] GC(13) Concurrent marking roots 0.186ms
[78.678s][info   ][gc          ] GC(13) Concurrent marking (unload classes) 2304.412ms
[78.679s][info   ][gc          ] GC(13) Pause Final Mark (unload classes) 0.259ms
[78.679s][info   ][gc          ] GC(13) Concurrent thread roots 0.071ms
[78.679s][info   ][gc          ] GC(13) Concurrent weak references 0.045ms
[78.679s][info   ][gc          ] GC(13) Concurrent weak roots 0.384ms
[78.679s][info   ][gc          ] GC(13) Concurrent cleanup 1599M->1597M(6144M) 0.098ms
[78.679s][info   ][gc          ] GC(13) Concurrent class unloading 0.172ms
[78.680s][info   ][gc          ] GC(13) Concurrent strong roots 0.169ms
[78.681s][info   ][gc          ] GC(13) Concurrent evacuation 0.950ms
[78.681s][info   ][gc          ] GC(13) Pause Init Update Refs 0.006ms
[78.681s][info   ][gc          ] GC(13) At start of update refs, moving 2048K to Mutator free partition from Collector Reserve
[79.928s][info   ][gc          ] GC(13) Concurrent update references 1247.543ms
[79.929s][info   ][gc          ] GC(13) Concurrent update thread roots 0.301ms
[79.929s][info   ][gc          ] GC(13) Pause Final Update Refs 0.107ms
[79.929s][info   ][gc          ] GC(13) Concurrent cleanup 1599M->1597M(6144M) 0.100ms
[79.929s][info   ][gc,metaspace] Metaspace: 37909K(38208K)->37909K(38208K) NonClass: 19744K(19904K)->19744K(19904K) Class: 18164K(18304K)->18164K(18304K)
[79.930s][info   ][gc          ] Trigger: GC request (System.gc())
[79.932s][info   ][gc          ] GC(14) Concurrent reset 2.244ms
[79.932s][info   ][gc          ] GC(14) Pause Init Mark (unload classes) 0.055ms
[79.933s][info   ][gc          ] GC(14) Concurrent marking roots 0.086ms
[81.830s][info   ][gc          ] GC(14) Concurrent marking (unload classes) 1897.883ms
[81.831s][info   ][gc          ] GC(14) Pause Final Mark (unload classes) 0.248ms
[81.835s][info   ][gc          ] GC(14) Concurrent thread roots 0.081ms
[81.835s][info   ][gc          ] GC(14) Concurrent weak references 0.049ms
[81.836s][info   ][gc          ] GC(14) Concurrent weak roots 0.393ms
[81.836s][info   ][gc          ] GC(14) Concurrent cleanup 1597M->1597M(6144M) 0.098ms
[81.836s][info   ][gc          ] GC(14) Concurrent class unloading 0.180ms
[81.836s][info   ][gc          ] GC(14) Concurrent strong roots 0.159ms
[81.837s][info   ][gc          ] GC(14) Concurrent evacuation 0.944ms
[81.837s][info   ][gc          ] GC(14) Pause Init Update Refs 0.006ms
[81.837s][info   ][gc          ] GC(14) At start of update refs, moving 2048K to Mutator free partition from Collector Reserve
[83.065s][info   ][gc          ] GC(14) Concurrent update references 1227.645ms
[83.065s][info   ][gc          ] GC(14) Concurrent update thread roots 0.306ms
[83.065s][info   ][gc          ] GC(14) Pause Final Update Refs 0.110ms
[83.065s][info   ][gc          ] GC(14) Concurrent cleanup 1599M->1597M(6144M) 0.101ms
[83.065s][info   ][gc,metaspace] Metaspace: 37909K(38208K)->37909K(38208K) NonClass: 19744K(19904K)->19744K(19904K) Class: 18164K(18304K)->18164K(18304K)
[83.066s][info   ][gc          ] Trigger: GC request (System.gc())
[83.069s][info   ][gc          ] GC(15) Concurrent reset 2.274ms
[83.069s][info   ][gc          ] GC(15) Pause Init Mark (unload classes) 0.047ms
[83.069s][info   ][gc          ] GC(15) Concurrent marking roots 0.088ms
[84.943s][info   ][gc          ] GC(15) Concurrent marking (unload classes) 1873.808ms
[84.943s][info   ][gc          ] GC(15) Pause Final Mark (unload classes) 0.242ms
[84.943s][info   ][gc          ] GC(15) Concurrent thread roots 0.070ms
[84.943s][info   ][gc          ] GC(15) Concurrent weak references 0.045ms
[84.944s][info   ][gc          ] GC(15) Concurrent weak roots 0.392ms
[84.944s][info   ][gc          ] GC(15) Concurrent cleanup 1597M->1597M(6144M) 0.098ms
[84.944s][info   ][gc          ] GC(15) Concurrent class unloading 0.179ms
[84.944s][info   ][gc          ] GC(15) Concurrent strong roots 0.167ms
[84.946s][info   ][gc          ] GC(15) Concurrent evacuation 1.290ms
[84.946s][info   ][gc          ] GC(15) Pause Init Update Refs 0.006ms
[84.946s][info   ][gc          ] GC(15) At start of update refs, moving 2048K to Mutator free partition from Collector Reserve
[86.174s][info   ][gc          ] GC(15) Concurrent update references 1227.984ms
[86.174s][info   ][gc          ] GC(15) Concurrent update thread roots 0.287ms
[86.174s][info   ][gc          ] GC(15) Pause Final Update Refs 0.095ms
[86.174s][info   ][gc          ] GC(15) Concurrent cleanup 1599M->1597M(6144M) 0.100ms
[86.174s][info   ][gc,metaspace] Metaspace: 37909K(38208K)->37909K(38208K) NonClass: 19744K(19904K)->19744K(19904K) Class: 18164K(18304K)->18164K(18304K)
[86.175s][info   ][gc          ] Trigger: GC request (System.gc())
[86.178s][info   ][gc          ] GC(16) Concurrent reset 2.228ms
[86.178s][info   ][gc          ] GC(16) Pause Init Mark (unload classes) 0.041ms
[86.178s][info   ][gc          ] GC(16) Concurrent marking roots 0.075ms
[88.303s][info   ][gc          ] GC(16) Concurrent marking (unload classes) 2125.531ms
[88.304s][info   ][gc          ] GC(16) Pause Final Mark (unload classes) 0.259ms
[88.304s][info   ][gc          ] GC(16) Concurrent thread roots 0.072ms
[88.304s][info   ][gc          ] GC(16) Concurrent weak references 0.043ms
[88.304s][info   ][gc          ] GC(16) Concurrent weak roots 0.393ms
[88.304s][info   ][gc          ] GC(16) Concurrent cleanup 1597M->1597M(6144M) 0.098ms
[88.305s][info   ][gc          ] GC(16) Concurrent class unloading 0.141ms
[88.305s][info   ][gc          ] GC(16) Concurrent strong roots 0.184ms
[88.306s][info   ][gc          ] GC(16) Concurrent evacuation 0.963ms
[88.306s][info   ][gc          ] GC(16) Pause Init Update Refs 0.005ms
[88.306s][info   ][gc          ] GC(16) At start of update refs, moving 2048K to Mutator free partition from Collector Reserve
[89.713s][info   ][gc          ] GC(16) Concurrent update references 1407.033ms
[89.713s][info   ][gc          ] GC(16) Concurrent update thread roots 0.300ms
[89.713s][info   ][gc          ] GC(16) Pause Final Update Refs 0.104ms
[89.714s][info   ][gc          ] GC(16) Concurrent cleanup 1599M->1597M(6144M) 0.101ms
[89.714s][info   ][gc,metaspace] Metaspace: 37909K(38208K)->37909K(38208K) NonClass: 19744K(19904K)->19744K(19904K) Class: 18164K(18304K)->18164K(18304K)
[89.715s][info   ][gc          ] Trigger: GC request (System.gc())
[89.717s][info   ][gc          ] GC(17) Concurrent reset 2.304ms
[89.717s][info   ][gc          ] GC(17) Pause Init Mark (unload classes) 0.056ms
[89.717s][info   ][gc          ] GC(17) Concurrent marking roots 0.088ms
[91.641s][info   ][gc          ] GC(17) Concurrent marking (unload classes) 1924.099ms
[91.642s][info   ][gc          ] GC(17) Pause Final Mark (unload classes) 0.223ms
[91.642s][info   ][gc          ] GC(17) Concurrent thread roots 0.078ms
[91.642s][info   ][gc          ] GC(17) Concurrent weak references 0.047ms
[91.642s][info   ][gc          ] GC(17) Concurrent weak roots 0.396ms
[91.642s][info   ][gc          ] GC(17) Concurrent cleanup 1597M->1597M(6144M) 0.098ms
[91.643s][info   ][gc          ] GC(17) Concurrent class unloading 0.181ms
[91.643s][info   ][gc          ] GC(17) Concurrent strong roots 0.164ms
[91.644s][info   ][gc          ] GC(17) Concurrent evacuation 0.996ms
[91.644s][info   ][gc          ] GC(17) Pause Init Update Refs 0.006ms
[91.644s][info   ][gc          ] GC(17) At start of update refs, moving 2048K to Mutator free partition from Collector Reserve
[92.833s][info   ][gc          ] GC(17) Concurrent update references 1188.878ms
[92.833s][info   ][gc          ] GC(17) Concurrent update thread roots 0.299ms
[92.833s][info   ][gc          ] GC(17) Pause Final Update Refs 0.107ms
[92.833s][info   ][gc          ] GC(17) Concurrent cleanup 1599M->1597M(6144M) 0.100ms
[92.833s][info   ][gc,metaspace] Metaspace: 37909K(38208K)->37909K(38208K) NonClass: 19744K(19904K)->19744K(19904K) Class: 18164K(18304K)->18164K(18304K)
[92.835s][info   ][gc          ] Trigger: GC request (System.gc())
[92.837s][info   ][gc          ] GC(18) Concurrent reset 2.298ms
[92.837s][info   ][gc          ] GC(18) Pause Init Mark (unload classes) 0.056ms
[92.837s][info   ][gc          ] GC(18) Concurrent marking roots 0.080ms
[94.973s][info   ][gc          ] GC(18) Concurrent marking (unload classes) 2135.990ms
[94.973s][info   ][gc          ] GC(18) Pause Final Mark (unload classes) 0.214ms
[94.974s][info   ][gc          ] GC(18) Concurrent thread roots 0.070ms
[94.974s][info   ][gc          ] GC(18) Concurrent weak references 0.045ms
[94.974s][info   ][gc          ] GC(18) Concurrent weak roots 0.339ms
[94.974s][info   ][gc          ] GC(18) Concurrent cleanup 1597M->1597M(6144M) 0.098ms
[94.974s][info   ][gc          ] GC(18) Concurrent class unloading 0.173ms
[94.974s][info   ][gc          ] GC(18) Concurrent strong roots 0.166ms
[94.975s][info   ][gc          ] GC(18) Concurrent evacuation 0.988ms
[94.975s][info   ][gc          ] GC(18) Pause Init Update Refs 0.006ms
[94.976s][info   ][gc          ] GC(18) At start of update refs, moving 2048K to Mutator free partition from Collector Reserve
[95.945s][info   ][gc          ] GC(18) Concurrent update references 969.043ms
[95.945s][info   ][gc          ] GC(18) Concurrent update thread roots 0.258ms
[95.945s][info   ][gc          ] GC(18) Pause Final Update Refs 0.095ms
[95.945s][info   ][gc          ] GC(18) Concurrent cleanup 1599M->1597M(6144M) 0.101ms
[95.945s][info   ][gc,metaspace] Metaspace: 37909K(38208K)->37909K(38208K) NonClass: 19744K(19904K)->19744K(19904K) Class: 18164K(18304K)->18164K(18304K)
[95.946s][info   ][gc          ] Trigger: GC request (System.gc())
[95.949s][info   ][gc          ] GC(19) Concurrent reset 2.320ms
[95.949s][info   ][gc          ] GC(19) Pause Init Mark (unload classes) 0.061ms
[95.949s][info   ][gc          ] GC(19) Concurrent marking roots 0.086ms
[97.835s][info   ][gc          ] GC(19) Concurrent marking (unload classes) 1885.914ms
[97.835s][info   ][gc          ] GC(19) Pause Final Mark (unload classes) 0.237ms
[97.835s][info   ][gc          ] GC(19) Concurrent thread roots 0.072ms
[97.835s][info   ][gc          ] GC(19) Concurrent weak references 0.045ms
[97.836s][info   ][gc          ] GC(19) Concurrent weak roots 0.385ms
[97.836s][info   ][gc          ] GC(19) Concurrent cleanup 1597M->1597M(6144M) 0.098ms
[97.836s][info   ][gc          ] GC(19) Concurrent class unloading 0.173ms
[97.836s][info   ][gc          ] GC(19) Concurrent strong roots 0.161ms
[97.837s][info   ][gc          ] GC(19) Concurrent evacuation 0.954ms
[97.837s][info   ][gc          ] GC(19) Pause Init Update Refs 0.006ms
[97.837s][info   ][gc          ] GC(19) At start of update refs, moving 2048K to Mutator free partition from Collector Reserve
[99.071s][info   ][gc          ] GC(19) Concurrent update references 1233.462ms
[99.071s][info   ][gc          ] GC(19) Concurrent update thread roots 0.294ms
[99.071s][info   ][gc          ] GC(19) Pause Final Update Refs 0.085ms
[99.071s][info   ][gc          ] GC(19) Concurrent cleanup 1599M->1597M(6144M) 0.101ms
[99.071s][info   ][gc,metaspace] Metaspace: 37909K(38208K)->37909K(38208K) NonClass: 19744K(19904K)->19744K(19904K) Class: 18164K(18304K)->18164K(18304K)
[99.072s][info   ][gc          ] Trigger: GC request (System.gc())
[99.075s][info   ][gc          ] GC(20) Concurrent reset 2.438ms
[99.075s][info   ][gc          ] GC(20) Pause Init Mark (unload classes) 0.064ms
[99.075s][info   ][gc          ] GC(20) Concurrent marking roots 0.099ms
[100.920s][info   ][gc          ] GC(20) Concurrent marking (unload classes) 1844.368ms
[100.920s][info   ][gc          ] GC(20) Pause Final Mark (unload classes) 0.230ms
[100.920s][info   ][gc          ] GC(20) Concurrent thread roots 0.067ms
[100.920s][info   ][gc          ] GC(20) Concurrent weak references 0.045ms
[100.920s][info   ][gc          ] GC(20) Concurrent weak roots 0.376ms
[100.921s][info   ][gc          ] GC(20) Concurrent cleanup 1597M->1597M(6144M) 0.098ms
[100.921s][info   ][gc          ] GC(20) Concurrent class unloading 0.180ms
[100.921s][info   ][gc          ] GC(20) Concurrent strong roots 0.165ms
[100.922s][info   ][gc          ] GC(20) Concurrent evacuation 0.964ms
[100.922s][info   ][gc          ] GC(20) Pause Init Update Refs 0.006ms
[100.922s][info   ][gc          ] GC(20) At start of update refs, moving 2048K to Mutator free partition from Collector Reserve
[102.175s][info   ][gc          ] GC(20) Concurrent update references 1252.655ms
[102.175s][info   ][gc          ] GC(20) Concurrent update thread roots 0.301ms
[102.175s][info   ][gc          ] GC(20) Pause Final Update Refs 0.097ms
[102.175s][info   ][gc          ] GC(20) Concurrent cleanup 1599M->1597M(6144M) 0.101ms
[102.175s][info   ][gc,metaspace] Metaspace: 37909K(38208K)->37909K(38208K) NonClass: 19744K(19904K)->19744K(19904K) Class: 18164K(18304K)->18164K(18304K)
[102.176s][info   ][gc          ] Trigger: GC request (System.gc())
[102.179s][info   ][gc          ] GC(21) Concurrent reset 2.364ms
[102.179s][info   ][gc          ] GC(21) Pause Init Mark (unload classes) 0.048ms
[102.179s][info   ][gc          ] GC(21) Concurrent marking roots 0.096ms
[104.277s][info   ][gc          ] GC(21) Concurrent marking (unload classes) 2097.930ms
[104.277s][info   ][gc          ] GC(21) Pause Final Mark (unload classes) 0.251ms
[104.277s][info   ][gc          ] GC(21) Concurrent thread roots 0.070ms
[104.277s][info   ][gc          ] GC(21) Concurrent weak references 0.050ms
[104.278s][info   ][gc          ] GC(21) Concurrent weak roots 0.480ms
[104.278s][info   ][gc          ] GC(21) Concurrent cleanup 1597M->1597M(6144M) 0.098ms
[104.278s][info   ][gc          ] GC(21) Concurrent class unloading 0.198ms
[104.279s][info   ][gc          ] GC(21) Concurrent strong roots 0.239ms
[104.280s][info   ][gc          ] GC(21) Concurrent evacuation 1.268ms
[104.280s][info   ][gc          ] GC(21) Pause Init Update Refs 0.007ms
[104.280s][info   ][gc          ] GC(21) At start of update refs, moving 2048K to Mutator free partition from Collector Reserve
[105.934s][info   ][gc          ] GC(21) Concurrent update references 1653.954ms
[105.934s][info   ][gc          ] GC(21) Concurrent update thread roots 0.370ms
[105.939s][info   ][gc          ] GC(21) Pause Final Update Refs 0.098ms
[105.939s][info   ][gc          ] GC(21) Concurrent cleanup 1599M->1597M(6144M) 0.100ms
[105.939s][info   ][gc,metaspace] Metaspace: 37909K(38208K)->37909K(38208K) NonClass: 19744K(19904K)->19744K(19904K) Class: 18164K(18304K)->18164K(18304K)
[105.940s][info   ][gc          ] Trigger: GC request (System.gc())
[105.942s][info   ][gc          ] GC(22) Concurrent reset 2.284ms
[105.943s][info   ][gc          ] GC(22) Pause Init Mark (unload classes) 0.078ms
[105.943s][info   ][gc          ] GC(22) Concurrent marking roots 0.117ms
[107.767s][info   ][gc          ] GC(22) Concurrent marking (unload classes) 1824.285ms
[107.767s][info   ][gc          ] GC(22) Pause Final Mark (unload classes) 0.236ms
[107.768s][info   ][gc          ] GC(22) Concurrent thread roots 0.087ms
[107.768s][info   ][gc          ] GC(22) Concurrent weak references 0.043ms
[107.768s][info   ][gc          ] GC(22) Concurrent weak roots 0.387ms
[107.768s][info   ][gc          ] GC(22) Concurrent cleanup 1597M->1597M(6144M) 0.098ms
[107.768s][info   ][gc          ] GC(22) Concurrent class unloading 0.176ms
[107.768s][info   ][gc          ] GC(22) Concurrent strong roots 0.169ms
[107.769s][info   ][gc          ] GC(22) Concurrent evacuation 0.958ms
[107.770s][info   ][gc          ] GC(22) Pause Init Update Refs 0.006ms
[107.770s][info   ][gc          ] GC(22) At start of update refs, moving 2048K to Mutator free partition from Collector Reserve
[109.011s][info   ][gc          ] GC(22) Concurrent update references 1241.887ms
[109.012s][info   ][gc          ] GC(22) Concurrent update thread roots 0.190ms
[109.012s][info   ][gc          ] GC(22) Pause Final Update Refs 0.095ms
[109.012s][info   ][gc          ] GC(22) Concurrent cleanup 1599M->1597M(6144M) 0.100ms
[109.012s][info   ][gc,metaspace] Metaspace: 37909K(38208K)->37909K(38208K) NonClass: 19744K(19904K)->19744K(19904K) Class: 18164K(18304K)->18164K(18304K)
[109.013s][info   ][gc          ] Trigger: GC request (System.gc())
[109.015s][info   ][gc          ] GC(23) Concurrent reset 2.261ms
[109.015s][info   ][gc          ] GC(23) Pause Init Mark (unload classes) 0.052ms
[109.016s][info   ][gc          ] GC(23) Concurrent marking roots 0.099ms
[110.912s][info   ][gc          ] GC(23) Concurrent marking (unload classes) 1896.176ms
[110.912s][info   ][gc          ] GC(23) Pause Final Mark (unload classes) 0.246ms
[110.912s][info   ][gc          ] GC(23) Concurrent thread roots 0.073ms
[110.912s][info   ][gc          ] GC(23) Concurrent weak references 0.045ms
[110.913s][info   ][gc          ] GC(23) Concurrent weak roots 0.379ms
[110.913s][info   ][gc          ] GC(23) Concurrent cleanup 1597M->1597M(6144M) 0.098ms
[110.913s][info   ][gc          ] GC(23) Concurrent class unloading 0.176ms
[110.913s][info   ][gc          ] GC(23) Concurrent strong roots 0.165ms
[110.914s][info   ][gc          ] GC(23) Concurrent evacuation 0.982ms
[110.914s][info   ][gc          ] GC(23) Pause Init Update Refs 0.006ms
[110.914s][info   ][gc          ] GC(23) At start of update refs, moving 2048K to Mutator free partition from Collector Reserve
[112.148s][info   ][gc          ] GC(23) Concurrent update references 1233.589ms
[112.148s][info   ][gc          ] GC(23) Concurrent update thread roots 0.227ms
[112.148s][info   ][gc          ] GC(23) Pause Final Update Refs 0.089ms
[112.148s][info   ][gc          ] GC(23) Concurrent cleanup 1599M->1597M(6144M) 0.101ms
[112.149s][info   ][gc,metaspace] Metaspace: 37909K(38208K)->37909K(38208K) NonClass: 19744K(19904K)->19744K(19904K) Class: 18164K(18304K)->18164K(18304K)
[112.150s][info   ][gc          ] Trigger: GC request (System.gc())
[112.152s][info   ][gc          ] GC(24) Concurrent reset 2.259ms
[112.152s][info   ][gc          ] GC(24) Pause Init Mark (unload classes) 0.049ms
[112.152s][info   ][gc          ] GC(24) Concurrent marking roots 0.075ms
[114.168s][info   ][gc          ] GC(24) Concurrent marking (unload classes) 2015.469ms
[114.168s][info   ][gc          ] GC(24) Pause Final Mark (unload classes) 0.210ms
[114.168s][info   ][gc          ] GC(24) Concurrent thread roots 0.058ms
[114.168s][info   ][gc          ] GC(24) Concurrent weak references 0.043ms
[114.168s][info   ][gc          ] GC(24) Concurrent weak roots 0.344ms
[114.169s][info   ][gc          ] GC(24) Concurrent cleanup 1597M->1597M(6144M) 0.098ms
[114.169s][info   ][gc          ] GC(24) Concurrent class unloading 0.178ms
[114.169s][info   ][gc          ] GC(24) Concurrent strong roots 0.160ms
[114.170s][info   ][gc          ] GC(24) Concurrent evacuation 0.957ms
[114.170s][info   ][gc          ] GC(24) Pause Init Update Refs 0.006ms
[114.170s][info   ][gc          ] GC(24) At start of update refs, moving 2048K to Mutator free partition from Collector Reserve
[115.139s][info   ][gc          ] GC(24) Concurrent update references 968.557ms
[115.139s][info   ][gc          ] GC(24) Concurrent update thread roots 0.444ms
[115.139s][info   ][gc          ] GC(24) Pause Final Update Refs 0.092ms
[115.139s][info   ][gc          ] GC(24) Concurrent cleanup 1599M->1597M(6144M) 0.100ms
[115.139s][info   ][gc,metaspace] Metaspace: 37909K(38208K)->37909K(38208K) NonClass: 19744K(19904K)->19744K(19904K) Class: 18164K(18304K)->18164K(18304K)
[115.140s][info   ][gc          ] Trigger: GC request (System.gc())
[115.143s][info   ][gc          ] GC(25) Concurrent reset 2.248ms
[115.143s][info   ][gc          ] GC(25) Pause Init Mark (unload classes) 0.044ms
[115.143s][info   ][gc          ] GC(25) Concurrent marking roots 0.079ms
[116.997s][info   ][gc          ] GC(25) Concurrent marking (unload classes) 1853.789ms
[116.997s][info   ][gc          ] GC(25) Pause Final Mark (unload classes) 0.217ms
[116.997s][info   ][gc          ] GC(25) Concurrent thread roots 0.061ms
[116.997s][info   ][gc          ] GC(25) Concurrent weak references 0.043ms
[116.998s][info   ][gc          ] GC(25) Concurrent weak roots 0.398ms
[116.998s][info   ][gc          ] GC(25) Concurrent cleanup 1597M->1597M(6144M) 0.098ms
[116.998s][info   ][gc          ] GC(25) Concurrent class unloading 0.181ms
[116.998s][info   ][gc          ] GC(25) Concurrent strong roots 0.225ms
[116.999s][info   ][gc          ] GC(25) Concurrent evacuation 1.058ms
[116.999s][info   ][gc          ] GC(25) Pause Init Update Refs 0.007ms
[116.999s][info   ][gc          ] GC(25) At start of update refs, moving 2048K to Mutator free partition from Collector Reserve
[118.493s][info   ][gc          ] GC(25) Concurrent update references 1493.811ms
[118.493s][info   ][gc          ] GC(25) Concurrent update thread roots 0.291ms
[118.494s][info   ][gc          ] GC(25) Pause Final Update Refs 0.085ms
[118.494s][info   ][gc          ] GC(25) Concurrent cleanup 1599M->1597M(6144M) 0.100ms
[118.494s][info   ][gc,metaspace] Metaspace: 37909K(38208K)->37909K(38208K) NonClass: 19744K(19904K)->19744K(19904K) Class: 18164K(18304K)->18164K(18304K)
[118.495s][info   ][gc          ] Trigger: GC request (System.gc())
[118.497s][info   ][gc          ] GC(26) Concurrent reset 2.321ms
[118.497s][info   ][gc          ] GC(26) Pause Init Mark (unload classes) 0.047ms
[118.497s][info   ][gc          ] GC(26) Concurrent marking roots 0.089ms
[120.480s][info   ][gc          ] GC(26) Concurrent marking (unload classes) 1982.322ms
[120.480s][info   ][gc          ] GC(26) Pause Final Mark (unload classes) 0.258ms
[120.480s][info   ][gc          ] GC(26) Concurrent thread roots 0.073ms
[120.480s][info   ][gc          ] GC(26) Concurrent weak references 0.045ms
[120.481s][info   ][gc          ] GC(26) Concurrent weak roots 0.383ms
[120.481s][info   ][gc          ] GC(26) Concurrent cleanup 1597M->1597M(6144M) 0.098ms
[120.481s][info   ][gc          ] GC(26) Concurrent class unloading 0.174ms
[120.481s][info   ][gc          ] GC(26) Concurrent strong roots 0.164ms
[120.482s][info   ][gc          ] GC(26) Concurrent evacuation 0.951ms
[120.482s][info   ][gc          ] GC(26) Pause Init Update Refs 0.006ms
[120.482s][info   ][gc          ] GC(26) At start of update refs, moving 2048K to Mutator free partition from Collector Reserve
[121.717s][info   ][gc          ] GC(26) Concurrent update references 1234.563ms
[121.717s][info   ][gc          ] GC(26) Concurrent update thread roots 0.297ms
[121.717s][info   ][gc          ] GC(26) Pause Final Update Refs 0.088ms
[121.717s][info   ][gc          ] GC(26) Concurrent cleanup 1600M->1598M(6144M) 0.100ms
[121.717s][info   ][gc,metaspace] Metaspace: 37909K(38208K)->37909K(38208K) NonClass: 19744K(19904K)->19744K(19904K) Class: 18164K(18304K)->18164K(18304K)
[121.719s][info   ][gc          ] Trigger: GC request (System.gc())
[121.721s][info   ][gc          ] GC(27) Concurrent reset 2.255ms
[121.721s][info   ][gc          ] GC(27) Pause Init Mark (unload classes) 0.046ms
[121.721s][info   ][gc          ] GC(27) Concurrent marking roots 0.075ms
[123.908s][info   ][gc          ] GC(27) Concurrent marking (unload classes) 2187.076ms
[123.908s][info   ][gc          ] GC(27) Pause Final Mark (unload classes) 0.220ms
[123.913s][info   ][gc          ] GC(27) Concurrent thread roots 0.079ms
[123.913s][info   ][gc          ] GC(27) Concurrent weak references 0.047ms
[123.913s][info   ][gc          ] GC(27) Concurrent weak roots 0.462ms
[123.913s][info   ][gc          ] GC(27) Concurrent cleanup 1598M->1598M(6144M) 0.098ms
[123.914s][info   ][gc          ] GC(27) Concurrent class unloading 0.185ms
[123.914s][info   ][gc          ] GC(27) Concurrent strong roots 0.222ms
[123.915s][info   ][gc          ] GC(27) Concurrent evacuation 0.987ms
[123.915s][info   ][gc          ] GC(27) Pause Init Update Refs 0.006ms
[123.915s][info   ][gc          ] GC(27) At start of update refs, moving 2048K to Mutator free partition from Collector Reserve
[125.444s][info   ][gc          ] GC(27) Concurrent update references 1529.359ms
[125.444s][info   ][gc          ] GC(27) Concurrent update thread roots 0.228ms
[125.445s][info   ][gc          ] GC(27) Pause Final Update Refs 0.088ms
[125.445s][info   ][gc          ] GC(27) Concurrent cleanup 1600M->1598M(6144M) 0.101ms
[125.445s][info   ][gc,metaspace] Metaspace: 37909K(38208K)->37909K(38208K) NonClass: 19744K(19904K)->19744K(19904K) Class: 18164K(18304K)->18164K(18304K)
[125.446s][info   ][gc          ] Trigger: GC request (System.gc())
[125.448s][info   ][gc          ] GC(28) Concurrent reset 2.443ms
[125.449s][info   ][gc          ] GC(28) Pause Init Mark (unload classes) 0.066ms
[125.449s][info   ][gc          ] GC(28) Concurrent marking roots 0.093ms
[127.442s][info   ][gc          ] GC(28) Concurrent marking (unload classes) 1993.355ms
[127.442s][info   ][gc          ] GC(28) Pause Final Mark (unload classes) 0.259ms
[127.443s][info   ][gc          ] GC(28) Concurrent thread roots 0.089ms
[127.443s][info   ][gc          ] GC(28) Concurrent weak references 0.046ms
[127.443s][info   ][gc          ] GC(28) Concurrent weak roots 0.405ms
[127.443s][info   ][gc          ] GC(28) Concurrent cleanup 1598M->1598M(6144M) 0.098ms
[127.443s][info   ][gc          ] GC(28) Concurrent class unloading 0.177ms
[127.443s][info   ][gc          ] GC(28) Concurrent strong roots 0.165ms
[127.444s][info   ][gc          ] GC(28) Concurrent evacuation 0.949ms
[127.445s][info   ][gc          ] GC(28) Pause Init Update Refs 0.006ms
[127.445s][info   ][gc          ] GC(28) At start of update refs, moving 2048K to Mutator free partition from Collector Reserve
[128.708s][info   ][gc          ] GC(28) Concurrent update references 1263.666ms
[128.708s][info   ][gc          ] GC(28) Concurrent update thread roots 0.230ms
[128.709s][info   ][gc          ] GC(28) Pause Final Update Refs 0.096ms
[128.709s][info   ][gc          ] GC(28) Concurrent cleanup 1600M->1598M(6144M) 0.101ms
[128.709s][info   ][gc,metaspace] Metaspace: 37909K(38208K)->37909K(38208K) NonClass: 19744K(19904K)->19744K(19904K) Class: 18164K(18304K)->18164K(18304K)
[128.710s][info   ][gc          ] Trigger: GC request (System.gc())
[128.712s][info   ][gc          ] GC(29) Concurrent reset 2.268ms
[128.712s][info   ][gc          ] GC(29) Pause Init Mark (unload classes) 0.054ms
[128.712s][info   ][gc          ] GC(29) Concurrent marking roots 0.082ms
[130.930s][info   ][gc          ] GC(29) Concurrent marking (unload classes) 2217.147ms
[130.930s][info   ][gc          ] GC(29) Pause Final Mark (unload classes) 0.229ms
[130.930s][info   ][gc          ] GC(29) Concurrent thread roots 0.064ms
[130.930s][info   ][gc          ] GC(29) Concurrent weak references 0.045ms
[130.930s][info   ][gc          ] GC(29) Concurrent weak roots 0.351ms
[130.931s][info   ][gc          ] GC(29) Concurrent cleanup 1598M->1598M(6144M) 0.119ms
[130.931s][info   ][gc          ] GC(29) Concurrent class unloading 0.176ms
[130.931s][info   ][gc          ] GC(29) Concurrent strong roots 0.168ms
[130.932s][info   ][gc          ] GC(29) Concurrent evacuation 0.944ms
[130.932s][info   ][gc          ] GC(29) Pause Init Update Refs 0.006ms
[130.932s][info   ][gc          ] GC(29) At start of update refs, moving 2048K to Mutator free partition from Collector Reserve
[132.166s][info   ][gc          ] GC(29) Concurrent update references 1234.214ms
[132.167s][info   ][gc          ] GC(29) Concurrent update thread roots 0.311ms
[132.167s][info   ][gc          ] GC(29) Pause Final Update Refs 0.087ms
[132.167s][info   ][gc          ] GC(29) Concurrent cleanup 1600M->1598M(6144M) 0.100ms
[132.167s][info   ][gc,metaspace] Metaspace: 37909K(38208K)->37909K(38208K) NonClass: 19744K(19904K)->19744K(19904K) Class: 18164K(18304K)->18164K(18304K)
[132.168s][info   ][gc          ] Trigger: GC request (System.gc())
[132.171s][info   ][gc          ] GC(30) Concurrent reset 2.613ms
[132.171s][info   ][gc          ] GC(30) Pause Init Mark (unload classes) 0.055ms
[132.171s][info   ][gc          ] GC(30) Concurrent marking roots 0.106ms
[134.019s][info   ][gc          ] GC(30) Concurrent marking (unload classes) 1848.410ms
[134.020s][info   ][gc          ] GC(30) Pause Final Mark (unload classes) 0.228ms
[134.020s][info   ][gc          ] GC(30) Concurrent thread roots 0.070ms
[134.020s][info   ][gc          ] GC(30) Concurrent weak references 0.044ms
[134.020s][info   ][gc          ] GC(30) Concurrent weak roots 0.387ms
[134.020s][info   ][gc          ] GC(30) Concurrent cleanup 1598M->1598M(6144M) 0.098ms
[134.021s][info   ][gc          ] GC(30) Concurrent class unloading 0.180ms
[134.021s][info   ][gc          ] GC(30) Concurrent strong roots 0.163ms
[134.022s][info   ][gc          ] GC(30) Concurrent evacuation 0.958ms
[134.022s][info   ][gc          ] GC(30) Pause Init Update Refs 0.006ms
[134.022s][info   ][gc          ] GC(30) At start of update refs, moving 2048K to Mutator free partition from Collector Reserve
[135.286s][info   ][gc          ] GC(30) Concurrent update references 1263.821ms
[135.286s][info   ][gc          ] GC(30) Concurrent update thread roots 0.259ms
[135.286s][info   ][gc          ] GC(30) Pause Final Update Refs 0.088ms
[135.286s][info   ][gc          ] GC(30) Concurrent cleanup 1600M->1598M(6144M) 0.100ms
[135.286s][info   ][gc,metaspace] Metaspace: 37909K(38208K)->37909K(38208K) NonClass: 19744K(19904K)->19744K(19904K) Class: 18164K(18304K)->18164K(18304K)
[135.287s][info   ][gc          ] Trigger: GC request (System.gc())
[135.290s][info   ][gc          ] GC(31) Concurrent reset 2.253ms
[135.290s][info   ][gc          ] GC(31) Pause Init Mark (unload classes) 0.048ms
[135.290s][info   ][gc          ] GC(31) Concurrent marking roots 0.076ms
[137.270s][info   ][gc          ] GC(31) Concurrent marking (unload classes) 1980.392ms
[137.271s][info   ][gc          ] GC(31) Pause Final Mark (unload classes) 0.267ms
[137.271s][info   ][gc          ] GC(31) Concurrent thread roots 0.072ms
[137.271s][info   ][gc          ] GC(31) Concurrent weak references 0.045ms
[137.271s][info   ][gc          ] GC(31) Concurrent weak roots 0.392ms
[137.271s][info   ][gc          ] GC(31) Concurrent cleanup 1598M->1598M(6144M) 0.098ms
[137.271s][info   ][gc          ] GC(31) Concurrent class unloading 0.175ms
[137.272s][info   ][gc          ] GC(31) Concurrent strong roots 0.168ms
[137.273s][info   ][gc          ] GC(31) Concurrent evacuation 1.069ms
[137.273s][info   ][gc          ] GC(31) Pause Init Update Refs 0.006ms
[137.273s][info   ][gc          ] GC(31) At start of update refs, moving 2048K to Mutator free partition from Collector Reserve
[138.446s][info   ][gc          ] GC(31) Concurrent update references 1173.514ms
[138.447s][info   ][gc          ] GC(31) Concurrent update thread roots 0.308ms
[138.447s][info   ][gc          ] GC(31) Pause Final Update Refs 0.094ms
[138.447s][info   ][gc          ] GC(31) Concurrent cleanup 1600M->1598M(6144M) 0.100ms
[138.447s][info   ][gc,metaspace] Metaspace: 37909K(38208K)->37909K(38208K) NonClass: 19744K(19904K)->19744K(19904K) Class: 18164K(18304K)->18164K(18304K)
[138.448s][info   ][gc          ] Trigger: GC request (System.gc())
[138.450s][info   ][gc          ] GC(32) Concurrent reset 2.255ms
[138.451s][info   ][gc          ] GC(32) Pause Init Mark (unload classes) 0.082ms
[138.451s][info   ][gc          ] GC(32) Concurrent marking roots 0.093ms
[140.403s][info   ][gc          ] GC(32) Concurrent marking (unload classes) 1952.190ms
[140.403s][info   ][gc          ] GC(32) Pause Final Mark (unload classes) 0.231ms
[140.403s][info   ][gc          ] GC(32) Concurrent thread roots 0.066ms
[140.403s][info   ][gc          ] GC(32) Concurrent weak references 0.044ms
[140.404s][info   ][gc          ] GC(32) Concurrent weak roots 0.387ms
[140.404s][info   ][gc          ] GC(32) Concurrent cleanup 1598M->1598M(6144M) 0.098ms
[140.404s][info   ][gc          ] GC(32) Concurrent class unloading 0.144ms
[140.404s][info   ][gc          ] GC(32) Concurrent strong roots 0.168ms
[140.405s][info   ][gc          ] GC(32) Concurrent evacuation 0.960ms
[140.405s][info   ][gc          ] GC(32) Pause Init Update Refs 0.006ms
[140.405s][info   ][gc          ] GC(32) At start of update refs, moving 2048K to Mutator free partition from Collector Reserve
[141.638s][info   ][gc          ] GC(32) Concurrent update references 1232.207ms
[141.638s][info   ][gc          ] GC(32) Concurrent update thread roots 0.310ms
[141.638s][info   ][gc          ] GC(32) Pause Final Update Refs 0.104ms
[141.638s][info   ][gc          ] GC(32) Concurrent cleanup 1600M->1598M(6144M) 0.100ms
[141.638s][info   ][gc,metaspace] Metaspace: 37909K(38208K)->37909K(38208K) NonClass: 19744K(19904K)->19744K(19904K) Class: 18164K(18304K)->18164K(18304K)
[141.639s][info   ][gc          ] Trigger: GC request (System.gc())
[141.642s][info   ][gc          ] GC(33) Concurrent reset 2.233ms
[141.642s][info   ][gc          ] GC(33) Pause Init Mark (unload classes) 0.059ms
[141.642s][info   ][gc          ] GC(33) Concurrent marking roots 0.102ms
[143.578s][info   ][gc          ] GC(33) Concurrent marking (unload classes) 1936.048ms
[143.578s][info   ][gc          ] GC(33) Pause Final Mark (unload classes) 0.229ms
[143.578s][info   ][gc          ] GC(33) Concurrent thread roots 0.072ms
[143.578s][info   ][gc          ] GC(33) Concurrent weak references 0.043ms
[143.579s][info   ][gc          ] GC(33) Concurrent weak roots 0.410ms
[143.579s][info   ][gc          ] GC(33) Concurrent cleanup 1598M->1598M(6144M) 0.098ms
[143.579s][info   ][gc          ] GC(33) Concurrent class unloading 0.182ms
[143.579s][info   ][gc          ] GC(33) Concurrent strong roots 0.162ms
[143.580s][info   ][gc          ] GC(33) Concurrent evacuation 0.951ms
[143.580s][info   ][gc          ] GC(33) Pause Init Update Refs 0.006ms
[143.580s][info   ][gc          ] GC(33) At start of update refs, moving 2048K to Mutator free partition from Collector Reserve
[144.733s][info   ][gc          ] GC(33) Concurrent update references 1152.334ms
[144.733s][info   ][gc          ] GC(33) Concurrent update thread roots 0.251ms
[144.733s][info   ][gc          ] GC(33) Pause Final Update Refs 0.086ms
[144.733s][info   ][gc          ] GC(33) Concurrent cleanup 1600M->1598M(6144M) 0.100ms
[144.733s][info   ][gc,metaspace] Metaspace: 37909K(38208K)->37909K(38208K) NonClass: 19744K(19904K)->19744K(19904K) Class: 18164K(18304K)->18164K(18304K)
[144.734s][info   ][gc          ] Trigger: GC request (System.gc())
[144.737s][info   ][gc          ] GC(34) Concurrent reset 2.271ms
[144.737s][info   ][gc          ] GC(34) Pause Init Mark (unload classes) 0.062ms
[144.737s][info   ][gc          ] GC(34) Concurrent marking roots 0.093ms
[146.661s][info   ][gc          ] GC(34) Concurrent marking (unload classes) 1924.294ms
[146.661s][info   ][gc          ] GC(34) Pause Final Mark (unload classes) 0.227ms
[146.666s][info   ][gc          ] GC(34) Concurrent thread roots 0.082ms
[146.666s][info   ][gc          ] GC(34) Concurrent weak references 0.044ms
[146.666s][info   ][gc          ] GC(34) Concurrent weak roots 0.396ms
[146.666s][info   ][gc          ] GC(34) Concurrent cleanup 1598M->1598M(6144M) 0.098ms
[146.667s][info   ][gc          ] GC(34) Concurrent class unloading 0.177ms
[146.667s][info   ][gc          ] GC(34) Concurrent strong roots 0.163ms
[146.668s][info   ][gc          ] GC(34) Concurrent evacuation 0.952ms
[146.668s][info   ][gc          ] GC(34) Pause Init Update Refs 0.006ms
[146.668s][info   ][gc          ] GC(34) At start of update refs, moving 2048K to Mutator free partition from Collector Reserve
[147.919s][info   ][gc          ] GC(34) Concurrent update references 1250.813ms
[147.919s][info   ][gc          ] GC(34) Concurrent update thread roots 0.302ms
[147.919s][info   ][gc          ] GC(34) Pause Final Update Refs 0.107ms
[147.919s][info   ][gc          ] GC(34) Concurrent cleanup 1600M->1598M(6144M) 0.101ms
[147.919s][info   ][gc,metaspace] Metaspace: 37909K(38208K)->37909K(38208K) NonClass: 19744K(19904K)->19744K(19904K) Class: 18164K(18304K)->18164K(18304K)
[147.920s][info   ][gc          ] Trigger: GC request (System.gc())
[147.923s][info   ][gc          ] GC(35) Concurrent reset 2.240ms
[147.923s][info   ][gc          ] GC(35) Pause Init Mark (unload classes) 0.058ms
[147.923s][info   ][gc          ] GC(35) Concurrent marking roots 0.104ms
[149.803s][info   ][gc          ] GC(35) Concurrent marking (unload classes) 1880.169ms
[149.804s][info   ][gc          ] GC(35) Pause Final Mark (unload classes) 0.230ms
[149.804s][info   ][gc          ] GC(35) Concurrent thread roots 0.070ms
[149.804s][info   ][gc          ] GC(35) Concurrent weak references 0.044ms
[149.804s][info   ][gc          ] GC(35) Concurrent weak roots 0.367ms
[149.804s][info   ][gc          ] GC(35) Concurrent cleanup 1598M->1598M(6144M) 0.098ms
[149.804s][info   ][gc          ] GC(35) Concurrent class unloading 0.153ms
[149.805s][info   ][gc          ] GC(35) Concurrent strong roots 0.162ms
[149.806s][info   ][gc          ] GC(35) Concurrent evacuation 0.951ms
[149.806s][info   ][gc          ] GC(35) Pause Init Update Refs 0.005ms
[149.806s][info   ][gc          ] GC(35) At start of update refs, moving 2048K to Mutator free partition from Collector Reserve
[151.038s][info   ][gc          ] GC(35) Concurrent update references 1232.559ms
[151.038s][info   ][gc          ] GC(35) Concurrent update thread roots 0.249ms
[151.039s][info   ][gc          ] GC(35) Pause Final Update Refs 0.090ms
[151.039s][info   ][gc          ] GC(35) Concurrent cleanup 1600M->1598M(6144M) 0.101ms
[151.039s][info   ][gc,metaspace] Metaspace: 37909K(38208K)->37909K(38208K) NonClass: 19744K(19904K)->19744K(19904K) Class: 18164K(18304K)->18164K(18304K)
[151.040s][info   ][gc          ] Trigger: GC request (System.gc())
[151.042s][info   ][gc          ] GC(36) Concurrent reset 2.284ms
[151.042s][info   ][gc          ] GC(36) Pause Init Mark (unload classes) 0.046ms
[151.042s][info   ][gc          ] GC(36) Concurrent marking roots 0.104ms
[152.937s][info   ][gc          ] GC(36) Concurrent marking (unload classes) 1894.439ms
[152.937s][info   ][gc          ] GC(36) Pause Final Mark (unload classes) 0.255ms
[152.937s][info   ][gc          ] GC(36) Concurrent thread roots 0.073ms
[152.937s][info   ][gc          ] GC(36) Concurrent weak references 0.045ms
[152.938s][info   ][gc          ] GC(36) Concurrent weak roots 0.381ms
[152.938s][info   ][gc          ] GC(36) Concurrent cleanup 1598M->1598M(6144M) 0.098ms
[152.938s][info   ][gc          ] GC(36) Concurrent class unloading 0.174ms
[152.938s][info   ][gc          ] GC(36) Concurrent strong roots 0.162ms
[152.939s][info   ][gc          ] GC(36) Concurrent evacuation 0.964ms
[152.939s][info   ][gc          ] GC(36) Pause Init Update Refs 0.006ms
[152.939s][info   ][gc          ] GC(36) At start of update refs, moving 2048K to Mutator free partition from Collector Reserve
[154.173s][info   ][gc          ] GC(36) Concurrent update references 1234.026ms
[154.174s][info   ][gc          ] GC(36) Concurrent update thread roots 0.296ms
[154.174s][info   ][gc          ] GC(36) Pause Final Update Refs 0.086ms
[154.174s][info   ][gc          ] GC(36) Concurrent cleanup 1600M->1598M(6144M) 0.100ms
[154.174s][info   ][gc,metaspace] Metaspace: 37909K(38208K)->37909K(38208K) NonClass: 19744K(19904K)->19744K(19904K) Class: 18164K(18304K)->18164K(18304K)
[154.175s][info   ][gc          ] Trigger: GC request (System.gc())
[154.177s][info   ][gc          ] GC(37) Concurrent reset 2.203ms
[154.178s][info   ][gc          ] GC(37) Pause Init Mark (unload classes) 0.045ms
[154.178s][info   ][gc          ] GC(37) Concurrent marking roots 0.104ms
[156.144s][info   ][gc          ] GC(37) Concurrent marking (unload classes) 1965.871ms
[156.144s][info   ][gc          ] GC(37) Pause Final Mark (unload classes) 0.265ms
[156.144s][info   ][gc          ] GC(37) Concurrent thread roots 0.085ms
[156.144s][info   ][gc          ] GC(37) Concurrent weak references 0.044ms
[156.145s][info   ][gc          ] GC(37) Concurrent weak roots 0.454ms
[156.145s][info   ][gc          ] GC(37) Concurrent cleanup 1598M->1598M(6144M) 0.098ms
[156.145s][info   ][gc          ] GC(37) Concurrent class unloading 0.175ms
[156.145s][info   ][gc          ] GC(37) Concurrent strong roots 0.223ms
[156.146s][info   ][gc          ] GC(37) Concurrent evacuation 0.949ms
[156.146s][info   ][gc          ] GC(37) Pause Init Update Refs 0.006ms
[156.146s][info   ][gc          ] GC(37) At start of update refs, moving 2048K to Mutator free partition from Collector Reserve
[157.597s][info   ][gc          ] GC(37) Concurrent update references 1450.380ms
[157.597s][info   ][gc          ] GC(37) Concurrent update thread roots 0.291ms
[157.597s][info   ][gc          ] GC(37) Pause Final Update Refs 0.093ms
[157.597s][info   ][gc          ] GC(37) Concurrent cleanup 1600M->1598M(6144M) 0.100ms
[157.597s][info   ][gc,metaspace] Metaspace: 37909K(38208K)->37909K(38208K) NonClass: 19744K(19904K)->19744K(19904K) Class: 18164K(18304K)->18164K(18304K)
[157.598s][info   ][gc          ] Trigger: GC request (System.gc())
[157.601s][info   ][gc          ] GC(38) Concurrent reset 2.265ms
[157.601s][info   ][gc          ] GC(38) Pause Init Mark (unload classes) 0.056ms
[157.601s][info   ][gc          ] GC(38) Concurrent marking roots 0.087ms
[159.537s][info   ][gc          ] GC(38) Concurrent marking (unload classes) 1936.475ms
[159.538s][info   ][gc          ] GC(38) Pause Final Mark (unload classes) 0.211ms
[159.538s][info   ][gc          ] GC(38) Concurrent thread roots 0.057ms
[159.538s][info   ][gc          ] GC(38) Concurrent weak references 0.046ms
[159.538s][info   ][gc          ] GC(38) Concurrent weak roots 0.345ms
[159.538s][info   ][gc          ] GC(38) Concurrent cleanup 1598M->1598M(6144M) 0.098ms
[159.539s][info   ][gc          ] GC(38) Concurrent class unloading 0.210ms
[159.539s][info   ][gc          ] GC(38) Concurrent strong roots 0.144ms
[159.540s][info   ][gc          ] GC(38) Concurrent evacuation 0.949ms
[159.540s][info   ][gc          ] GC(38) Pause Init Update Refs 0.006ms
[159.540s][info   ][gc          ] GC(38) At start of update refs, moving 2048K to Mutator free partition from Collector Reserve
[160.769s][info   ][gc          ] GC(38) Concurrent update references 1229.084ms
[160.769s][info   ][gc          ] GC(38) Concurrent update thread roots 0.304ms
[160.769s][info   ][gc          ] GC(38) Pause Final Update Refs 0.104ms
[160.769s][info   ][gc          ] GC(38) Concurrent cleanup 1600M->1598M(6144M) 0.100ms
[160.770s][info   ][gc,metaspace] Metaspace: 37909K(38208K)->37909K(38208K) NonClass: 19744K(19904K)->19744K(19904K) Class: 18164K(18304K)->18164K(18304K)
[160.771s][info   ][gc          ] Trigger: GC request (System.gc())
[160.773s][info   ][gc          ] GC(39) Concurrent reset 2.217ms
[160.773s][info   ][gc          ] GC(39) Pause Init Mark (unload classes) 0.047ms
[160.773s][info   ][gc          ] GC(39) Concurrent marking roots 0.088ms
[162.663s][info   ][gc          ] GC(39) Concurrent marking (unload classes) 1889.564ms
[162.663s][info   ][gc          ] GC(39) Pause Final Mark (unload classes) 0.226ms
[162.663s][info   ][gc          ] GC(39) Concurrent thread roots 0.066ms
[162.663s][info   ][gc          ] GC(39) Concurrent weak references 0.044ms
[162.664s][info   ][gc          ] GC(39) Concurrent weak roots 0.384ms
[162.664s][info   ][gc          ] GC(39) Concurrent cleanup 1598M->1598M(6144M) 0.098ms
[162.664s][info   ][gc          ] GC(39) Concurrent class unloading 0.173ms
[162.664s][info   ][gc          ] GC(39) Concurrent strong roots 0.135ms
[162.665s][info   ][gc          ] GC(39) Concurrent evacuation 1.319ms
[162.665s][info   ][gc          ] GC(39) Pause Init Update Refs 0.007ms
[162.666s][info   ][gc          ] GC(39) At start of update refs, moving 2048K to Mutator free partition from Collector Reserve
[163.900s][info   ][gc          ] GC(39) Concurrent update references 1234.557ms
[163.900s][info   ][gc          ] GC(39) Concurrent update thread roots 0.297ms
[163.901s][info   ][gc          ] GC(39) Pause Final Update Refs 0.086ms
[163.901s][info   ][gc          ] GC(39) Concurrent cleanup 1600M->1598M(6144M) 0.098ms
[163.901s][info   ][gc,metaspace] Metaspace: 37909K(38208K)->37909K(38208K) NonClass: 19744K(19904K)->19744K(19904K) Class: 18164K(18304K)->18164K(18304K)
[163.902s][info   ][gc          ] Trigger: GC request (System.gc())
[163.904s][info   ][gc          ] GC(40) Concurrent reset 2.440ms
[163.904s][info   ][gc          ] GC(40) Pause Init Mark (unload classes) 0.059ms
[163.905s][info   ][gc          ] GC(40) Concurrent marking roots 0.099ms
[165.772s][info   ][gc          ] GC(40) Concurrent marking (unload classes) 1867.695ms
[165.773s][info   ][gc          ] GC(40) Pause Final Mark (unload classes) 0.234ms
[165.773s][info   ][gc          ] GC(40) Concurrent thread roots 0.067ms
[165.773s][info   ][gc          ] GC(40) Concurrent weak references 0.045ms
[165.773s][info   ][gc          ] GC(40) Concurrent weak roots 0.396ms
[165.773s][info   ][gc          ] GC(40) Concurrent cleanup 1598M->1598M(6144M) 0.098ms
[165.773s][info   ][gc          ] GC(40) Concurrent class unloading 0.178ms
[165.774s][info   ][gc          ] GC(40) Concurrent strong roots 0.164ms
[165.775s][info   ][gc          ] GC(40) Concurrent evacuation 0.970ms
[165.775s][info   ][gc          ] GC(40) Pause Init Update Refs 0.006ms
[165.775s][info   ][gc          ] GC(40) At start of update refs, moving 2048K to Mutator free partition from Collector Reserve
[166.958s][info   ][gc          ] GC(40) Concurrent update references 1183.368ms
[166.958s][info   ][gc          ] GC(40) Concurrent update thread roots 0.292ms
[166.959s][info   ][gc          ] GC(40) Pause Final Update Refs 0.099ms
[166.959s][info   ][gc          ] GC(40) Concurrent cleanup 1600M->1598M(6144M) 0.100ms
[166.959s][info   ][gc,metaspace] Metaspace: 37909K(38208K)->37909K(38208K) NonClass: 19744K(19904K)->19744K(19904K) Class: 18164K(18304K)->18164K(18304K)
[166.960s][info   ][gc          ] Trigger: GC request (System.gc())
[166.962s][info   ][gc          ] GC(41) Concurrent reset 2.309ms
[166.962s][info   ][gc          ] GC(41) Pause Init Mark (unload classes) 0.053ms
[166.963s][info   ][gc          ] GC(41) Concurrent marking roots 0.107ms
[169.052s][info   ][gc          ] GC(41) Concurrent marking (unload classes) 2089.484ms
[169.052s][info   ][gc          ] GC(41) Pause Final Mark (unload classes) 0.232ms
[169.052s][info   ][gc          ] GC(41) Concurrent thread roots 0.072ms
[169.053s][info   ][gc          ] GC(41) Concurrent weak references 0.044ms
[169.053s][info   ][gc          ] GC(41) Concurrent weak roots 0.386ms
[169.053s][info   ][gc          ] GC(41) Concurrent cleanup 1598M->1598M(6144M) 0.098ms
[169.053s][info   ][gc          ] GC(41) Concurrent class unloading 0.141ms
[169.053s][info   ][gc          ] GC(41) Concurrent strong roots 0.163ms
[169.054s][info   ][gc          ] GC(41) Concurrent evacuation 0.952ms
[169.054s][info   ][gc          ] GC(41) Pause Init Update Refs 0.006ms
[169.054s][info   ][gc          ] GC(41) At start of update refs, moving 2048K to Mutator free partition from Collector Reserve
[170.331s][info   ][gc          ] GC(41) Concurrent update references 1276.915ms
[170.332s][info   ][gc          ] GC(41) Concurrent update thread roots 0.299ms
[170.332s][info   ][gc          ] GC(41) Pause Final Update Refs 0.100ms
[170.332s][info   ][gc          ] GC(41) Concurrent cleanup 1600M->1598M(6144M) 0.100ms
[170.332s][info   ][gc,metaspace] Metaspace: 37909K(38208K)->37909K(38208K) NonClass: 19744K(19904K)->19744K(19904K) Class: 18164K(18304K)->18164K(18304K)
[170.333s][info   ][gc          ] Trigger: GC request (System.gc())
[170.335s][info   ][gc          ] GC(42) Concurrent reset 2.076ms
[170.335s][info   ][gc          ] GC(42) Pause Init Mark (unload classes) 0.057ms
[170.335s][info   ][gc          ] GC(42) Concurrent marking roots 0.079ms
[172.672s][info   ][gc          ] GC(42) Concurrent marking (unload classes) 2336.760ms
[172.673s][info   ][gc          ] GC(42) Pause Final Mark (unload classes) 0.246ms
[172.673s][info   ][gc          ] GC(42) Concurrent thread roots 0.073ms
[172.673s][info   ][gc          ] GC(42) Concurrent weak references 0.043ms
[172.673s][info   ][gc          ] GC(42) Concurrent weak roots 0.387ms
[172.673s][info   ][gc          ] GC(42) Concurrent cleanup 1598M->1598M(6144M) 0.098ms
[172.673s][info   ][gc          ] GC(42) Concurrent class unloading 0.140ms
[172.674s][info   ][gc          ] GC(42) Concurrent strong roots 0.163ms
[172.675s][info   ][gc          ] GC(42) Concurrent evacuation 0.959ms
[172.675s][info   ][gc          ] GC(42) Pause Init Update Refs 0.006ms
[172.675s][info   ][gc          ] GC(42) At start of update refs, moving 2048K to Mutator free partition from Collector Reserve
[173.932s][info   ][gc          ] GC(42) Concurrent update references 1257.260ms
[173.932s][info   ][gc          ] GC(42) Concurrent update thread roots 0.300ms
[173.932s][info   ][gc          ] GC(42) Pause Final Update Refs 0.107ms
[173.933s][info   ][gc          ] GC(42) Concurrent cleanup 1600M->1598M(6144M) 0.100ms
[173.933s][info   ][gc,metaspace] Metaspace: 37909K(38208K)->37909K(38208K) NonClass: 19744K(19904K)->19744K(19904K) Class: 18164K(18304K)->18164K(18304K)
[173.934s][info   ][gc          ] Trigger: GC request (System.gc())
[173.936s][info   ][gc          ] GC(43) Concurrent reset 2.124ms
[173.936s][info   ][gc          ] GC(43) Pause Init Mark (unload classes) 0.055ms
[173.936s][info   ][gc          ] GC(43) Concurrent marking roots 0.099ms
[175.806s][info   ][gc          ] GC(43) Concurrent marking (unload classes) 1870.270ms
[175.807s][info   ][gc          ] GC(43) Pause Final Mark (unload classes) 0.242ms
[175.807s][info   ][gc          ] GC(43) Concurrent thread roots 0.066ms
[175.807s][info   ][gc          ] GC(43) Concurrent weak references 0.043ms
[175.807s][info   ][gc          ] GC(43) Concurrent weak roots 0.384ms
[175.807s][info   ][gc          ] GC(43) Concurrent cleanup 1598M->1598M(6144M) 0.098ms
[175.808s][info   ][gc          ] GC(43) Concurrent class unloading 0.145ms
[175.808s][info   ][gc          ] GC(43) Concurrent strong roots 0.146ms
[175.809s][info   ][gc          ] GC(43) Concurrent evacuation 1.049ms
[175.809s][info   ][gc          ] GC(43) Pause Init Update Refs 0.006ms
[175.809s][info   ][gc          ] GC(43) At start of update refs, moving 2048K to Mutator free partition from Collector Reserve
[177.040s][info   ][gc          ] GC(43) Concurrent update references 1231.112ms
[177.043s][info   ][gc          ] GC(43) Concurrent update thread roots 0.255ms
[177.043s][info   ][gc          ] GC(43) Pause Final Update Refs 0.102ms
[177.044s][info   ][gc          ] GC(43) Concurrent cleanup 1600M->1598M(6144M) 0.100ms
[177.044s][info   ][gc,metaspace] Metaspace: 37909K(38208K)->37909K(38208K) NonClass: 19744K(19904K)->19744K(19904K) Class: 18164K(18304K)->18164K(18304K)
[177.045s][info   ][gc          ] Trigger: GC request (System.gc())
[177.047s][info   ][gc          ] GC(44) Concurrent reset 2.258ms
[177.047s][info   ][gc          ] GC(44) Pause Init Mark (unload classes) 0.058ms
[177.047s][info   ][gc          ] GC(44) Concurrent marking roots 0.077ms
[179.046s][info   ][gc          ] GC(44) Concurrent marking (unload classes) 1999.044ms
[179.047s][info   ][gc          ] GC(44) Pause Final Mark (unload classes) 0.256ms
[179.047s][info   ][gc          ] GC(44) Concurrent thread roots 0.070ms
[179.047s][info   ][gc          ] GC(44) Concurrent weak references 0.046ms
[179.047s][info   ][gc          ] GC(44) Concurrent weak roots 0.368ms
[179.047s][info   ][gc          ] GC(44) Concurrent cleanup 1598M->1598M(6144M) 0.098ms
[179.047s][info   ][gc          ] GC(44) Concurrent class unloading 0.175ms
[179.048s][info   ][gc          ] GC(44) Concurrent strong roots 0.142ms
[179.049s][info   ][gc          ] GC(44) Concurrent evacuation 0.924ms
[179.049s][info   ][gc          ] GC(44) Pause Init Update Refs 0.006ms
[179.049s][info   ][gc          ] GC(44) At start of update refs, moving 2048K to Mutator free partition from Collector Reserve
[180.258s][info   ][gc          ] GC(44) Concurrent update references 1209.715ms
[180.259s][info   ][gc          ] GC(44) Concurrent update thread roots 0.317ms
[180.259s][info   ][gc          ] GC(44) Pause Final Update Refs 0.085ms
[180.259s][info   ][gc          ] GC(44) Concurrent cleanup 1600M->1598M(6144M) 0.100ms
[180.259s][info   ][gc,metaspace] Metaspace: 37909K(38208K)->37909K(38208K) NonClass: 19744K(19904K)->19744K(19904K) Class: 18164K(18304K)->18164K(18304K)
[180.260s][info   ][gc          ] Trigger: GC request (System.gc())
[180.263s][info   ][gc          ] GC(45) Concurrent reset 2.678ms
[180.263s][info   ][gc          ] GC(45) Pause Init Mark (unload classes) 0.055ms
[180.263s][info   ][gc          ] GC(45) Concurrent marking roots 0.100ms
[182.052s][info   ][gc          ] GC(45) Concurrent marking (unload classes) 1788.680ms
[182.052s][info   ][gc          ] GC(45) Pause Final Mark (unload classes) 0.230ms
[182.052s][info   ][gc          ] GC(45) Concurrent thread roots 0.072ms
[182.052s][info   ][gc          ] GC(45) Concurrent weak references 0.045ms
[182.053s][info   ][gc          ] GC(45) Concurrent weak roots 0.371ms
[182.053s][info   ][gc          ] GC(45) Concurrent cleanup 1598M->1598M(6144M) 0.098ms
[182.053s][info   ][gc          ] GC(45) Concurrent class unloading 0.181ms
[182.053s][info   ][gc          ] GC(45) Concurrent strong roots 0.162ms
[182.054s][info   ][gc          ] GC(45) Concurrent evacuation 0.968ms
[182.054s][info   ][gc          ] GC(45) Pause Init Update Refs 0.006ms
[182.054s][info   ][gc          ] GC(45) At start of update refs, moving 2048K to Mutator free partition from Collector Reserve
[183.311s][info   ][gc          ] GC(45) Concurrent update references 1256.837ms
[183.311s][info   ][gc          ] GC(45) Concurrent update thread roots 0.260ms
[183.311s][info   ][gc          ] GC(45) Pause Final Update Refs 0.097ms
[183.312s][info   ][gc          ] GC(45) Concurrent cleanup 1600M->1598M(6144M) 0.100ms
[183.312s][info   ][gc,metaspace] Metaspace: 37909K(38208K)->37909K(38208K) NonClass: 19744K(19904K)->19744K(19904K) Class: 18164K(18304K)->18164K(18304K)
[183.313s][info   ][gc          ] Trigger: GC request (System.gc())
[183.315s][info   ][gc          ] GC(46) Concurrent reset 2.266ms
[183.315s][info   ][gc          ] GC(46) Pause Init Mark (unload classes) 0.050ms
[183.315s][info   ][gc          ] GC(46) Concurrent marking roots 0.082ms
[185.355s][info   ][gc          ] GC(46) Concurrent marking (unload classes) 2040.184ms
[185.356s][info   ][gc          ] GC(46) Pause Final Mark (unload classes) 0.259ms
[185.356s][info   ][gc          ] GC(46) Concurrent thread roots 0.074ms
[185.356s][info   ][gc          ] GC(46) Concurrent weak references 0.046ms
[185.356s][info   ][gc          ] GC(46) Concurrent weak roots 0.381ms
[185.357s][info   ][gc          ] GC(46) Concurrent cleanup 1598M->1598M(6144M) 0.098ms
[185.357s][info   ][gc          ] GC(46) Concurrent class unloading 0.172ms
[185.357s][info   ][gc          ] GC(46) Concurrent strong roots 0.164ms
[185.358s][info   ][gc          ] GC(46) Concurrent evacuation 1.132ms
[185.358s][info   ][gc          ] GC(46) Pause Init Update Refs 0.006ms
[185.358s][info   ][gc          ] GC(46) At start of update refs, moving 2048K to Mutator free partition from Collector Reserve
[186.571s][info   ][gc          ] GC(46) Concurrent update references 1212.580ms
[186.571s][info   ][gc          ] GC(46) Concurrent update thread roots 0.229ms
[186.571s][info   ][gc          ] GC(46) Pause Final Update Refs 0.086ms
[186.571s][info   ][gc          ] GC(46) Concurrent cleanup 1600M->1598M(6144M) 0.100ms
[186.571s][info   ][gc,metaspace] Metaspace: 37909K(38208K)->37909K(38208K) NonClass: 19744K(19904K)->19744K(19904K) Class: 18164K(18304K)->18164K(18304K)
[186.572s][info   ][gc          ] Trigger: GC request (System.gc())
[186.575s][info   ][gc          ] GC(47) Concurrent reset 2.451ms
[186.575s][info   ][gc          ] GC(47) Pause Init Mark (unload classes) 0.056ms
[186.575s][info   ][gc          ] GC(47) Concurrent marking roots 0.094ms
[188.537s][info   ][gc          ] GC(47) Concurrent marking (unload classes) 1962.059ms
[188.537s][info   ][gc          ] GC(47) Pause Final Mark (unload classes) 0.226ms
[188.538s][info   ][gc          ] GC(47) Concurrent thread roots 0.076ms
[188.538s][info   ][gc          ] GC(47) Concurrent weak references 0.046ms
[188.538s][info   ][gc          ] GC(47) Concurrent weak roots 0.387ms
[188.538s][info   ][gc          ] GC(47) Concurrent cleanup 1598M->1598M(6144M) 0.098ms
[188.538s][info   ][gc          ] GC(47) Concurrent class unloading 0.176ms
[188.539s][info   ][gc          ] GC(47) Concurrent strong roots 0.170ms
[188.540s][info   ][gc          ] GC(47) Concurrent evacuation 0.943ms
[188.540s][info   ][gc          ] GC(47) Pause Init Update Refs 0.006ms
[188.540s][info   ][gc          ] GC(47) At start of update refs, moving 2048K to Mutator free partition from Collector Reserve
[189.771s][info   ][gc          ] GC(47) Concurrent update references 1231.242ms
[189.771s][info   ][gc          ] GC(47) Concurrent update thread roots 0.290ms
[189.771s][info   ][gc          ] GC(47) Pause Final Update Refs 0.092ms
[189.772s][info   ][gc          ] GC(47) Concurrent cleanup 1600M->1598M(6144M) 0.100ms
[189.772s][info   ][gc,metaspace] Metaspace: 37909K(38208K)->37909K(38208K) NonClass: 19744K(19904K)->19744K(19904K) Class: 18164K(18304K)->18164K(18304K)
[189.773s][info   ][gc          ] Trigger: GC request (System.gc())
[189.775s][info   ][gc          ] GC(48) Concurrent reset 2.164ms
[189.775s][info   ][gc          ] GC(48) Pause Init Mark (unload classes) 0.056ms
[189.775s][info   ][gc          ] GC(48) Concurrent marking roots 0.099ms
[191.696s][info   ][gc          ] GC(48) Concurrent marking (unload classes) 1920.735ms
[191.696s][info   ][gc          ] GC(48) Pause Final Mark (unload classes) 0.234ms
[191.696s][info   ][gc          ] GC(48) Concurrent thread roots 0.070ms
[191.696s][info   ][gc          ] GC(48) Concurrent weak references 0.045ms
[191.697s][info   ][gc          ] GC(48) Concurrent weak roots 0.385ms
[191.697s][info   ][gc          ] GC(48) Concurrent cleanup 1598M->1598M(6144M) 0.098ms
[191.697s][info   ][gc          ] GC(48) Concurrent class unloading 0.176ms
[191.697s][info   ][gc          ] GC(48) Concurrent strong roots 0.168ms
[191.698s][info   ][gc          ] GC(48) Concurrent evacuation 0.959ms
[191.698s][info   ][gc          ] GC(48) Pause Init Update Refs 0.006ms
[191.698s][info   ][gc          ] GC(48) At start of update refs, moving 2048K to Mutator free partition from Collector Reserve
[192.928s][info   ][gc          ] GC(48) Concurrent update references 1230.125ms
[192.929s][info   ][gc          ] GC(48) Concurrent update thread roots 0.299ms
[192.929s][info   ][gc          ] GC(48) Pause Final Update Refs 0.096ms
[192.929s][info   ][gc          ] GC(48) Concurrent cleanup 1600M->1598M(6144M) 0.101ms
[192.929s][info   ][gc,metaspace] Metaspace: 37909K(38208K)->37909K(38208K) NonClass: 19744K(19904K)->19744K(19904K) Class: 18164K(18304K)->18164K(18304K)
[192.930s][info   ][gc          ] Trigger: GC request (System.gc())
[192.932s][info   ][gc          ] GC(49) Concurrent reset 2.318ms
[192.933s][info   ][gc          ] GC(49) Pause Init Mark (unload classes) 0.051ms
[192.933s][info   ][gc          ] GC(49) Concurrent marking roots 0.094ms
[194.837s][info   ][gc          ] GC(49) Concurrent marking (unload classes) 1904.246ms
[194.837s][info   ][gc          ] GC(49) Pause Final Mark (unload classes) 0.228ms
[194.837s][info   ][gc          ] GC(49) Concurrent thread roots 0.082ms
[194.838s][info   ][gc          ] GC(49) Concurrent weak references 0.043ms
[194.838s][info   ][gc          ] GC(49) Concurrent weak roots 0.387ms
[194.838s][info   ][gc          ] GC(49) Concurrent cleanup 1598M->1598M(6144M) 0.098ms
[194.838s][info   ][gc          ] GC(49) Concurrent class unloading 0.174ms
[194.838s][info   ][gc          ] GC(49) Concurrent strong roots 0.178ms
[194.839s][info   ][gc          ] GC(49) Concurrent evacuation 0.963ms
[194.839s][info   ][gc          ] GC(49) Pause Init Update Refs 0.006ms
[194.840s][info   ][gc          ] GC(49) At start of update refs, moving 2048K to Mutator free partition from Collector Reserve
[196.059s][info   ][gc          ] GC(49) Concurrent update references 1219.287ms
[196.059s][info   ][gc          ] GC(49) Concurrent update thread roots 0.303ms
[196.059s][info   ][gc          ] GC(49) Pause Final Update Refs 0.094ms
[196.059s][info   ][gc          ] GC(49) Concurrent cleanup 1600M->1598M(6144M) 0.100ms
[196.059s][info   ][gc,metaspace] Metaspace: 37909K(38208K)->37909K(38208K) NonClass: 19744K(19904K)->19744K(19904K) Class: 18164K(18304K)->18164K(18304K)
[196.061s][info   ][gc          ] Trigger: GC request (System.gc())
[196.063s][info   ][gc          ] GC(50) Concurrent reset 2.228ms
[196.063s][info   ][gc          ] GC(50) Pause Init Mark (unload classes) 0.054ms
[196.063s][info   ][gc          ] GC(50) Concurrent marking roots 0.096ms
[197.933s][info   ][gc          ] GC(50) Concurrent marking (unload classes) 1870.380ms
[197.934s][info   ][gc          ] GC(50) Pause Final Mark (unload classes) 0.230ms
[197.934s][info   ][gc          ] GC(50) Concurrent thread roots 0.077ms
[197.934s][info   ][gc          ] GC(50) Concurrent weak references 0.045ms
[197.934s][info   ][gc          ] GC(50) Concurrent weak roots 0.399ms
[197.934s][info   ][gc          ] GC(50) Concurrent cleanup 1598M->1598M(6144M) 0.098ms
[197.935s][info   ][gc          ] GC(50) Concurrent class unloading 0.197ms
[197.935s][info   ][gc          ] GC(50) Concurrent strong roots 0.161ms
[197.936s][info   ][gc          ] GC(50) Concurrent evacuation 0.953ms
[197.936s][info   ][gc          ] GC(50) Pause Init Update Refs 0.006ms
[197.936s][info   ][gc          ] GC(50) At start of update refs, moving 2048K to Mutator free partition from Collector Reserve
[199.120s][info   ][gc          ] GC(50) Concurrent update references 1183.818ms
[199.120s][info   ][gc          ] GC(50) Concurrent update thread roots 0.310ms
[199.120s][info   ][gc          ] GC(50) Pause Final Update Refs 0.103ms
[199.120s][info   ][gc          ] GC(50) Concurrent cleanup 1600M->1598M(6144M) 0.100ms
[199.120s][info   ][gc,metaspace] Metaspace: 37909K(38208K)->37909K(38208K) NonClass: 19744K(19904K)->19744K(19904K) Class: 18164K(18304K)->18164K(18304K)
[199.121s][info   ][gc          ] Trigger: GC request (System.gc())
[199.124s][info   ][gc          ] GC(51) Concurrent reset 2.240ms
[199.124s][info   ][gc          ] GC(51) Pause Init Mark (unload classes) 0.049ms
[199.124s][info   ][gc          ] GC(51) Concurrent marking roots 0.087ms
[200.987s][info   ][gc          ] GC(51) Concurrent marking (unload classes) 1862.580ms
[200.987s][info   ][gc          ] GC(51) Pause Final Mark (unload classes) 0.254ms
[200.987s][info   ][gc          ] GC(51) Concurrent thread roots 0.066ms
[200.987s][info   ][gc          ] GC(51) Concurrent weak references 0.044ms
[200.988s][info   ][gc          ] GC(51) Concurrent weak roots 0.380ms
[200.988s][info   ][gc          ] GC(51) Concurrent cleanup 1598M->1598M(6144M) 0.098ms
[200.988s][info   ][gc          ] GC(51) Concurrent class unloading 0.172ms
[200.988s][info   ][gc          ] GC(51) Concurrent strong roots 0.141ms
[200.989s][info   ][gc          ] GC(51) Concurrent evacuation 1.428ms
[200.989s][info   ][gc          ] GC(51) Pause Init Update Refs 0.006ms
[200.990s][info   ][gc          ] GC(51) At start of update refs, moving 2048K to Mutator free partition from Collector Reserve
[202.262s][info   ][gc          ] GC(51) Concurrent update references 1272.157ms
[202.262s][info   ][gc          ] GC(51) Concurrent update thread roots 0.297ms
[202.262s][info   ][gc          ] GC(51) Pause Final Update Refs 0.087ms
[202.262s][info   ][gc          ] GC(51) Concurrent cleanup 1600M->1598M(6144M) 0.100ms
[202.262s][info   ][gc,metaspace] Metaspace: 37909K(38208K)->37909K(38208K) NonClass: 19744K(19904K)->19744K(19904K) Class: 18164K(18304K)->18164K(18304K)
[202.263s][info   ][gc          ] Trigger: GC request (System.gc())
[202.266s][info   ][gc          ] GC(52) Concurrent reset 2.352ms
[202.266s][info   ][gc          ] GC(52) Pause Init Mark (unload classes) 0.049ms
[202.266s][info   ][gc          ] GC(52) Concurrent marking roots 0.081ms
[204.252s][info   ][gc          ] GC(52) Concurrent marking (unload classes) 1986.058ms
[204.252s][info   ][gc          ] GC(52) Pause Final Mark (unload classes) 0.250ms
[204.253s][info   ][gc          ] GC(52) Concurrent thread roots 0.073ms
[204.253s][info   ][gc          ] GC(52) Concurrent weak references 0.047ms
[204.253s][info   ][gc          ] GC(52) Concurrent weak roots 0.403ms
[204.253s][info   ][gc          ] GC(52) Concurrent cleanup 1598M->1598M(6144M) 0.098ms
[204.253s][info   ][gc          ] GC(52) Concurrent class unloading 0.179ms
[204.254s][info   ][gc          ] GC(52) Concurrent strong roots 0.169ms
[204.254s][info   ][gc          ] GC(52) Concurrent evacuation 0.952ms
[204.255s][info   ][gc          ] GC(52) Pause Init Update Refs 0.007ms
[204.255s][info   ][gc          ] GC(52) At start of update refs, moving 2048K to Mutator free partition from Collector Reserve
[205.446s][info   ][gc          ] GC(52) Concurrent update references 1191.785ms
[205.447s][info   ][gc          ] GC(52) Concurrent update thread roots 0.292ms
[205.447s][info   ][gc          ] GC(52) Pause Final Update Refs 0.094ms
[205.447s][info   ][gc          ] GC(52) Concurrent cleanup 1600M->1598M(6144M) 0.100ms
[205.447s][info   ][gc,metaspace] Metaspace: 37909K(38208K)->37909K(38208K) NonClass: 19744K(19904K)->19744K(19904K) Class: 18164K(18304K)->18164K(18304K)
[205.448s][info   ][gc          ] Trigger: GC request (System.gc())
[205.450s][info   ][gc          ] GC(53) Concurrent reset 2.316ms
[205.451s][info   ][gc          ] GC(53) Pause Init Mark (unload classes) 0.056ms
[205.451s][info   ][gc          ] GC(53) Concurrent marking roots 0.124ms
[207.092s][info   ][gc          ] GC(53) Concurrent marking (unload classes) 1640.963ms
[207.092s][info   ][gc          ] GC(53) Pause Final Mark (unload classes) 0.251ms
[207.092s][info   ][gc          ] GC(53) Concurrent thread roots 0.070ms
[207.092s][info   ][gc          ] GC(53) Concurrent weak references 0.043ms
[207.093s][info   ][gc          ] GC(53) Concurrent weak roots 0.383ms
[207.093s][info   ][gc          ] GC(53) Concurrent cleanup 1598M->1598M(6144M) 0.098ms
[207.093s][info   ][gc          ] GC(53) Concurrent class unloading 0.176ms
[207.093s][info   ][gc          ] GC(53) Concurrent strong roots 0.165ms
[207.094s][info   ][gc          ] GC(53) Concurrent evacuation 0.949ms
[207.094s][info   ][gc          ] GC(53) Pause Init Update Refs 0.006ms
[207.094s][info   ][gc          ] GC(53) At start of update refs, moving 2048K to Mutator free partition from Collector Reserve
[208.344s][info   ][gc          ] GC(53) Concurrent update references 1249.306ms
[208.344s][info   ][gc          ] GC(53) Concurrent update thread roots 0.269ms
[208.344s][info   ][gc          ] GC(53) Pause Final Update Refs 0.101ms
[208.344s][info   ][gc          ] GC(53) Concurrent cleanup 1600M->1598M(6144M) 0.101ms
[208.344s][info   ][gc,metaspace] Metaspace: 37909K(38208K)->37909K(38208K) NonClass: 19744K(19904K)->19744K(19904K) Class: 18164K(18304K)->18164K(18304K)
[208.345s][info   ][gc          ] Trigger: GC request (System.gc())
[208.347s][info   ][gc          ] GC(54) Concurrent reset 2.096ms
[208.347s][info   ][gc          ] GC(54) Pause Init Mark (unload classes) 0.049ms
[208.348s][info   ][gc          ] GC(54) Concurrent marking roots 0.099ms
[210.376s][info   ][gc          ] GC(54) Concurrent marking (unload classes) 2028.741ms
[210.377s][info   ][gc          ] GC(54) Pause Final Mark (unload classes) 0.230ms
[210.377s][info   ][gc          ] GC(54) Concurrent thread roots 0.072ms
[210.377s][info   ][gc          ] GC(54) Concurrent weak references 0.042ms
[210.377s][info   ][gc          ] GC(54) Concurrent weak roots 0.362ms
[210.377s][info   ][gc          ] GC(54) Concurrent cleanup 1598M->1598M(6144M) 0.098ms
[210.378s][info   ][gc          ] GC(54) Concurrent class unloading 0.170ms
[210.378s][info   ][gc          ] GC(54) Concurrent strong roots 0.169ms
[210.379s][info   ][gc          ] GC(54) Concurrent evacuation 0.977ms
[210.379s][info   ][gc          ] GC(54) Pause Init Update Refs 0.006ms
[210.379s][info   ][gc          ] GC(54) At start of update refs, moving 2048K to Mutator free partition from Collector Reserve
[211.612s][info   ][gc          ] GC(54) Concurrent update references 1232.906ms
[211.612s][info   ][gc          ] GC(54) Concurrent update thread roots 0.291ms
[211.612s][info   ][gc          ] GC(54) Pause Final Update Refs 0.103ms
[211.612s][info   ][gc          ] GC(54) Concurrent cleanup 1600M->1598M(6144M) 0.100ms
[211.612s][info   ][gc,metaspace] Metaspace: 37909K(38208K)->37909K(38208K) NonClass: 19744K(19904K)->19744K(19904K) Class: 18164K(18304K)->18164K(18304K)
[211.613s][info   ][gc          ] Trigger: GC request (System.gc())
[211.616s][info   ][gc          ] GC(55) Concurrent reset 2.180ms
[211.616s][info   ][gc          ] GC(55) Pause Init Mark (unload classes) 0.055ms
[211.616s][info   ][gc          ] GC(55) Concurrent marking roots 0.095ms
[213.567s][info   ][gc          ] GC(55) Concurrent marking (unload classes) 1951.250ms
[213.568s][info   ][gc          ] GC(55) Pause Final Mark (unload classes) 0.232ms
[213.568s][info   ][gc          ] GC(55) Concurrent thread roots 0.071ms
[213.568s][info   ][gc          ] GC(55) Concurrent weak references 0.045ms
[213.568s][info   ][gc          ] GC(55) Concurrent weak roots 0.390ms
[213.568s][info   ][gc          ] GC(55) Concurrent cleanup 1598M->1598M(6144M) 0.098ms
[213.568s][info   ][gc          ] GC(55) Concurrent class unloading 0.182ms
[213.569s][info   ][gc          ] GC(55) Concurrent strong roots 0.161ms
[213.570s][info   ][gc          ] GC(55) Concurrent evacuation 0.951ms
[213.570s][info   ][gc          ] GC(55) Pause Init Update Refs 0.007ms
[213.570s][info   ][gc          ] GC(55) At start of update refs, moving 2048K to Mutator free partition from Collector Reserve
[214.632s][info   ][gc          ] GC(55) Concurrent update references 1062.469ms
[214.632s][info   ][gc          ] GC(55) Concurrent update thread roots 0.220ms
[214.633s][info   ][gc          ] GC(55) Pause Final Update Refs 0.101ms
[214.633s][info   ][gc          ] GC(55) Concurrent cleanup 1600M->1598M(6144M) 0.100ms
[214.633s][info   ][gc,metaspace] Metaspace: 37909K(38208K)->37909K(38208K) NonClass: 19744K(19904K)->19744K(19904K) Class: 18164K(18304K)->18164K(18304K)
[214.634s][info   ][gc          ] Trigger: GC request (System.gc())
[214.636s][info   ][gc          ] GC(56) Concurrent reset 2.192ms
[214.636s][info   ][gc          ] GC(56) Pause Init Mark (unload classes) 0.054ms
[214.636s][info   ][gc          ] GC(56) Concurrent marking roots 0.102ms
[216.590s][info   ][gc          ] GC(56) Concurrent marking (unload classes) 1953.415ms
[216.590s][info   ][gc          ] GC(56) Pause Final Mark (unload classes) 0.234ms
[216.590s][info   ][gc          ] GC(56) Concurrent thread roots 0.083ms
[216.590s][info   ][gc          ] GC(56) Concurrent weak references 0.044ms
[216.591s][info   ][gc          ] GC(56) Concurrent weak roots 0.387ms
[216.591s][info   ][gc          ] GC(56) Concurrent cleanup 1598M->1598M(6144M) 0.098ms
[216.591s][info   ][gc          ] GC(56) Concurrent class unloading 0.177ms
[216.591s][info   ][gc          ] GC(56) Concurrent strong roots 0.141ms
[216.592s][info   ][gc          ] GC(56) Concurrent evacuation 0.928ms
[216.592s][info   ][gc          ] GC(56) Pause Init Update Refs 0.006ms
[216.592s][info   ][gc          ] GC(56) At start of update refs, moving 2048K to Mutator free partition from Collector Reserve
[217.822s][info   ][gc          ] GC(56) Concurrent update references 1229.850ms
[217.822s][info   ][gc          ] GC(56) Concurrent update thread roots 0.273ms
[217.822s][info   ][gc          ] GC(56) Pause Final Update Refs 0.105ms
[217.823s][info   ][gc          ] GC(56) Concurrent cleanup 1600M->1598M(6144M) 0.122ms
[217.823s][info   ][gc,metaspace] Metaspace: 37909K(38208K)->37909K(38208K) NonClass: 19744K(19904K)->19744K(19904K) Class: 18164K(18304K)->18164K(18304K)
[217.824s][info   ][gc          ] Trigger: GC request (System.gc())
[217.826s][info   ][gc          ] GC(57) Concurrent reset 2.299ms
[217.826s][info   ][gc          ] GC(57) Pause Init Mark (unload classes) 0.050ms
[217.826s][info   ][gc          ] GC(57) Concurrent marking roots 0.106ms
[219.687s][info   ][gc          ] GC(57) Concurrent marking (unload classes) 1860.605ms
[219.687s][info   ][gc          ] GC(57) Pause Final Mark (unload classes) 0.232ms
[219.687s][info   ][gc          ] GC(57) Concurrent thread roots 0.069ms
[219.687s][info   ][gc          ] GC(57) Concurrent weak references 0.045ms
[219.688s][info   ][gc          ] GC(57) Concurrent weak roots 0.381ms
[219.688s][info   ][gc          ] GC(57) Concurrent cleanup 1598M->1598M(6144M) 0.098ms
[219.688s][info   ][gc          ] GC(57) Concurrent class unloading 0.142ms
[219.688s][info   ][gc          ] GC(57) Concurrent strong roots 0.161ms
[219.689s][info   ][gc          ] GC(57) Concurrent evacuation 0.952ms
[219.689s][info   ][gc          ] GC(57) Pause Init Update Refs 0.006ms
[219.689s][info   ][gc          ] GC(57) At start of update refs, moving 2048K to Mutator free partition from Collector Reserve
[220.910s][info   ][gc          ] GC(57) Concurrent update references 1220.149ms
[220.910s][info   ][gc          ] GC(57) Concurrent update thread roots 0.300ms
[220.910s][info   ][gc          ] GC(57) Pause Final Update Refs 0.105ms
[220.910s][info   ][gc          ] GC(57) Concurrent cleanup 1600M->1598M(6144M) 0.100ms
[220.910s][info   ][gc,metaspace] Metaspace: 37909K(38208K)->37909K(38208K) NonClass: 19744K(19904K)->19744K(19904K) Class: 18164K(18304K)->18164K(18304K)
[220.911s][info   ][gc          ] Trigger: GC request (System.gc())
[220.914s][info   ][gc          ] GC(58) Concurrent reset 2.403ms
[220.914s][info   ][gc          ] GC(58) Pause Init Mark (unload classes) 0.056ms
[220.914s][info   ][gc          ] GC(58) Concurrent marking roots 0.095ms
[222.801s][info   ][gc          ] GC(58) Concurrent marking (unload classes) 1887.407ms
[222.802s][info   ][gc          ] GC(58) Pause Final Mark (unload classes) 0.226ms
[222.802s][info   ][gc          ] GC(58) Concurrent thread roots 0.075ms
[222.802s][info   ][gc          ] GC(58) Concurrent weak references 0.045ms
[222.802s][info   ][gc          ] GC(58) Concurrent weak roots 0.386ms
[222.802s][info   ][gc          ] GC(58) Concurrent cleanup 1598M->1598M(6144M) 0.098ms
[222.803s][info   ][gc          ] GC(58) Concurrent class unloading 0.186ms
[222.803s][info   ][gc          ] GC(58) Concurrent strong roots 0.167ms
[222.804s][info   ][gc          ] GC(58) Concurrent evacuation 0.958ms
[222.804s][info   ][gc          ] GC(58) Pause Init Update Refs 0.006ms
[222.804s][info   ][gc          ] GC(58) At start of update refs, moving 2048K to Mutator free partition from Collector Reserve
[224.036s][info   ][gc          ] GC(58) Concurrent update references 1231.662ms
[224.036s][info   ][gc          ] GC(58) Concurrent update thread roots 0.306ms
[224.036s][info   ][gc          ] GC(58) Pause Final Update Refs 0.106ms
[224.036s][info   ][gc          ] GC(58) Concurrent cleanup 1600M->1598M(6144M) 0.100ms
[224.036s][info   ][gc,metaspace] Metaspace: 37909K(38208K)->37909K(38208K) NonClass: 19744K(19904K)->19744K(19904K) Class: 18164K(18304K)->18164K(18304K)
[224.037s][info   ][gc          ] Trigger: GC request (System.gc())
[224.039s][info   ][gc          ] GC(59) Concurrent reset 2.116ms
[224.040s][info   ][gc          ] GC(59) Pause Init Mark (unload classes) 0.055ms
[224.040s][info   ][gc          ] GC(59) Concurrent marking roots 0.114ms
[225.888s][info   ][gc          ] GC(59) Concurrent marking (unload classes) 1847.760ms
[225.888s][info   ][gc          ] GC(59) Pause Final Mark (unload classes) 0.228ms
[225.888s][info   ][gc          ] GC(59) Concurrent thread roots 0.071ms
[225.888s][info   ][gc          ] GC(59) Concurrent weak references 0.044ms
[225.888s][info   ][gc          ] GC(59) Concurrent weak roots 0.386ms
[225.889s][info   ][gc          ] GC(59) Concurrent cleanup 1598M->1598M(6144M) 0.098ms
[225.889s][info   ][gc          ] GC(59) Concurrent class unloading 0.176ms
[225.889s][info   ][gc          ] GC(59) Concurrent strong roots 0.169ms
[225.890s][info   ][gc          ] GC(59) Concurrent evacuation 0.960ms
[225.890s][info   ][gc          ] GC(59) Pause Init Update Refs 0.006ms
[225.890s][info   ][gc          ] GC(59) At start of update refs, moving 2048K to Mutator free partition from Collector Reserve
[227.117s][info   ][gc          ] GC(59) Concurrent update references 1227.398ms
[227.118s][info   ][gc          ] GC(59) Concurrent update thread roots 0.336ms
[227.118s][info   ][gc          ] GC(59) Pause Final Update Refs 0.111ms
[227.118s][info   ][gc          ] GC(59) Concurrent cleanup 1600M->1598M(6144M) 0.100ms
[227.118s][info   ][gc,metaspace] Metaspace: 37909K(38208K)->37909K(38208K) NonClass: 19744K(19904K)->19744K(19904K) Class: 18164K(18304K)->18164K(18304K)
[227.119s][info   ][gc          ] Trigger: GC request (System.gc())
[227.121s][info   ][gc          ] GC(60) Concurrent reset 2.218ms
[227.122s][info   ][gc          ] GC(60) Pause Init Mark (unload classes) 0.056ms
[227.122s][info   ][gc          ] GC(60) Concurrent marking roots 0.078ms
[229.128s][info   ][gc          ] GC(60) Concurrent marking (unload classes) 2006.170ms
[229.128s][info   ][gc          ] GC(60) Pause Final Mark (unload classes) 0.231ms
[229.128s][info   ][gc          ] GC(60) Concurrent thread roots 0.065ms
[229.128s][info   ][gc          ] GC(60) Concurrent weak references 0.043ms
[229.129s][info   ][gc          ] GC(60) Concurrent weak roots 0.395ms
[229.129s][info   ][gc          ] GC(60) Concurrent cleanup 1598M->1598M(6144M) 0.098ms
[229.129s][info   ][gc          ] GC(60) Concurrent class unloading 0.175ms
[229.129s][info   ][gc          ] GC(60) Concurrent strong roots 0.168ms
[229.130s][info   ][gc          ] GC(60) Concurrent evacuation 0.952ms
[229.130s][info   ][gc          ] GC(60) Pause Init Update Refs 0.005ms
[229.130s][info   ][gc          ] GC(60) At start of update refs, moving 2048K to Mutator free partition from Collector Reserve
[230.372s][info   ][gc          ] GC(60) Concurrent update references 1241.756ms
[230.372s][info   ][gc          ] GC(60) Concurrent update thread roots 0.294ms
[230.372s][info   ][gc          ] GC(60) Pause Final Update Refs 0.094ms
[230.373s][info   ][gc          ] GC(60) Concurrent cleanup 1600M->1598M(6144M) 0.100ms
[230.373s][info   ][gc,metaspace] Metaspace: 37909K(38208K)->37909K(38208K) NonClass: 19744K(19904K)->19744K(19904K) Class: 18164K(18304K)->18164K(18304K)
[230.374s][info   ][gc          ] Trigger: GC request (System.gc())
[230.376s][info   ][gc          ] GC(61) Concurrent reset 2.065ms
[230.376s][info   ][gc          ] GC(61) Pause Init Mark (unload classes) 0.061ms
[230.376s][info   ][gc          ] GC(61) Concurrent marking roots 0.083ms
[232.683s][info   ][gc          ] GC(61) Concurrent marking (unload classes) 2307.164ms
[232.684s][info   ][gc          ] GC(61) Pause Final Mark (unload classes) 0.278ms
[232.684s][info   ][gc          ] GC(61) Concurrent thread roots 0.073ms
[232.684s][info   ][gc          ] GC(61) Concurrent weak references 0.043ms
[232.684s][info   ][gc          ] GC(61) Concurrent weak roots 0.388ms
[232.684s][info   ][gc          ] GC(61) Concurrent cleanup 1598M->1598M(6144M) 0.098ms
[232.684s][info   ][gc          ] GC(61) Concurrent class unloading 0.141ms
[232.685s][info   ][gc          ] GC(61) Concurrent strong roots 0.169ms
[232.686s][info   ][gc          ] GC(61) Concurrent evacuation 0.951ms
[232.686s][info   ][gc          ] GC(61) Pause Init Update Refs 0.006ms
[232.686s][info   ][gc          ] GC(61) At start of update refs, moving 2048K to Mutator free partition from Collector Reserve
[233.938s][info   ][gc          ] GC(61) Concurrent update references 1252.551ms
[233.939s][info   ][gc          ] GC(61) Concurrent update thread roots 0.245ms
[233.939s][info   ][gc          ] GC(61) Pause Final Update Refs 0.096ms
[233.939s][info   ][gc          ] GC(61) Concurrent cleanup 1600M->1598M(6144M) 0.100ms
[233.939s][info   ][gc,metaspace] Metaspace: 37909K(38208K)->37909K(38208K) NonClass: 19744K(19904K)->19744K(19904K) Class: 18164K(18304K)->18164K(18304K)
[233.940s][info   ][gc          ] Trigger: GC request (System.gc())
[233.942s][info   ][gc          ] GC(62) Concurrent reset 2.269ms
[233.942s][info   ][gc          ] GC(62) Pause Init Mark (unload classes) 0.054ms
[233.943s][info   ][gc          ] GC(62) Concurrent marking roots 0.123ms
[235.798s][info   ][gc          ] GC(62) Concurrent marking (unload classes) 1854.914ms
[235.798s][info   ][gc          ] GC(62) Pause Final Mark (unload classes) 0.218ms
[235.798s][info   ][gc          ] GC(62) Concurrent thread roots 0.068ms
[235.798s][info   ][gc          ] GC(62) Concurrent weak references 0.042ms
[235.798s][info   ][gc          ] GC(62) Concurrent weak roots 0.386ms
[235.798s][info   ][gc          ] GC(62) Concurrent cleanup 1598M->1598M(6144M) 0.098ms
[235.799s][info   ][gc          ] GC(62) Concurrent class unloading 0.173ms
[235.799s][info   ][gc          ] GC(62) Concurrent strong roots 0.165ms
[235.800s][info   ][gc          ] GC(62) Concurrent evacuation 1.014ms
[235.800s][info   ][gc          ] GC(62) Pause Init Update Refs 0.005ms
[235.800s][info   ][gc          ] GC(62) At start of update refs, moving 2048K to Mutator free partition from Collector Reserve
[237.030s][info   ][gc          ] GC(62) Concurrent update references 1230.198ms
[237.030s][info   ][gc          ] GC(62) Concurrent update thread roots 0.232ms
[237.031s][info   ][gc          ] GC(62) Pause Final Update Refs 0.098ms
[237.031s][info   ][gc          ] GC(62) Concurrent cleanup 1600M->1598M(6144M) 0.101ms
[237.031s][info   ][gc,metaspace] Metaspace: 37909K(38208K)->37909K(38208K) NonClass: 19744K(19904K)->19744K(19904K) Class: 18164K(18304K)->18164K(18304K)
After GCs... 
[237.032s][info   ][gc          ] Trigger: Learning 2 of 5. Free (4234M) is below initial threshold (4300M)
[237.034s][info   ][gc          ] GC(63) Concurrent reset 2.235ms
[237.040s][info   ][gc          ] GC(63) Pause Init Mark (unload classes) 0.060ms
[237.041s][info   ][gc          ] GC(63) Concurrent marking roots 0.381ms
[237.067s][info   ][gc          ] Cancelling GC: Stopping VM
[237.067s][info   ][gc          ] GC(63) Concurrent marking (unload classes) 26.495ms
[237.067s][info   ][gc,metaspace] Metaspace: 37909K(38208K)->38238K(38592K) NonClass: 19744K(19904K)->20001K(20160K) Class: 18164K(18304K)->18237K(18432K)
