Done; will start GCs... 
[25.092s][info][gc,metaspace] GC(12) Metaspace: 12511K(13056K)->12511K(13056K) NonClass: 10341K(10624K)->10341K(10624K) Class: 2169K(2432K)->2169K(2432K)
[25.093s][info][gc          ] GC(12) Pause Full (System.gc()) 1669M->1637M(5939M) 3856.631ms
[27.994s][info][gc,metaspace] GC(13) Metaspace: 12511K(13056K)->12511K(13056K) NonClass: 10341K(10624K)->10341K(10624K) Class: 2169K(2432K)->2169K(2432K)
[27.994s][info][gc          ] GC(13) Pause Full (System.gc()) 1637M->1637M(5939M) 2901.526ms
[30.896s][info][gc,metaspace] GC(14) Metaspace: 12511K(13056K)->12511K(13056K) NonClass: 10341K(10624K)->10341K(10624K) Class: 2169K(2432K)->2169K(2432K)
[30.896s][info][gc          ] GC(14) Pause Full (System.gc()) 1637M->1637M(5939M) 2901.831ms
[33.766s][info][gc,metaspace] GC(15) Metaspace: 12511K(13056K)->12511K(13056K) NonClass: 10341K(10624K)->10341K(10624K) Class: 2169K(2432K)->2169K(2432K)
[33.766s][info][gc          ] GC(15) Pause Full (System.gc()) 1637M->1637M(5939M) 2869.728ms
[36.668s][info][gc,metaspace] GC(16) Metaspace: 12511K(13056K)->12511K(13056K) NonClass: 10341K(10624K)->10341K(10624K) Class: 2169K(2432K)->2169K(2432K)
[36.668s][info][gc          ] GC(16) Pause Full (System.gc()) 1637M->1637M(5939M) 2902.173ms
[39.569s][info][gc,metaspace] GC(17) Metaspace: 12511K(13056K)->12511K(13056K) NonClass: 10341K(10624K)->10341K(10624K) Class: 2169K(2432K)->2169K(2432K)
[39.569s][info][gc          ] GC(17) Pause Full (System.gc()) 1637M->1637M(5939M) 2900.923ms
[42.470s][info][gc,metaspace] GC(18) Metaspace: 12511K(13056K)->12511K(13056K) NonClass: 10341K(10624K)->10341K(10624K) Class: 2169K(2432K)->2169K(2432K)
[42.470s][info][gc          ] GC(18) Pause Full (System.gc()) 1637M->1637M(5939M) 2900.087ms
[45.368s][info][gc,metaspace] GC(19) Metaspace: 12511K(13056K)->12511K(13056K) NonClass: 10341K(10624K)->10341K(10624K) Class: 2169K(2432K)->2169K(2432K)
[45.368s][info][gc          ] GC(19) Pause Full (System.gc()) 1637M->1637M(5939M) 2898.630ms
[48.270s][info][gc,metaspace] GC(20) Metaspace: 12511K(13056K)->12511K(13056K) NonClass: 10341K(10624K)->10341K(10624K) Class: 2169K(2432K)->2169K(2432K)
[48.270s][info][gc          ] GC(20) Pause Full (System.gc()) 1637M->1637M(5939M) 2901.778ms
[51.171s][info][gc,metaspace] GC(21) Metaspace: 12511K(13056K)->12511K(13056K) NonClass: 10341K(10624K)->10341K(10624K) Class: 2169K(2432K)->2169K(2432K)
[51.172s][info][gc          ] GC(21) Pause Full (System.gc()) 1637M->1637M(5939M) 2901.026ms
After GCs... 
