[0.002s][info][metaspace]  - commit_granule_bytes: 65536.
[0.002s][info][metaspace]  - commit_granule_words: 8192.
[0.002s][info][metaspace]  - virtual_space_node_default_size: 8388608.
[0.002s][info][metaspace]  - enlarge_chunks_in_place: 1.
[0.002s][info][metaspace]  - use_allocation_guard: 0.
[0.010s][info][gc       ] Using Serial
[3.427s][info][metaspace] Reserving compressed class space anywhere
[3.428s][info][gc,metaspace] CDS archive(s) not mapped
[3.428s][info][gc,metaspace] Compressed class space mapped at: 0x0000000022000000-0x00000000e2000000, reserved size: 3221225472
[3.428s][info][gc,metaspace] UseCompressedClassPointers 1, UseCompactObjectHeaders 1, narrow klass pointer bits 22, max shift 10
[3.428s][info][gc,metaspace] Narrow klass base: 0x0000000022000000, Narrow klass shift: 10, Narrow klass range: 0xc0000000
Random Seed: 12345678
Num Classes: 256
Num Objects: 67108864
Percent IK Objects: 83.0%)
Percent OAK Objects: 5.0%)
Percent TAK Objects: 12.0%)
Wired up: false
Cycles: 10
Loading 256 pre-generated classes ...
Materialize pre-generated constructors ...
Creating objects...
[3.621s][info][gc,metaspace] GC(0) Metaspace: 11544K(11840K)->11544K(11840K) NonClass: 9510K(9664K)->9510K(9664K) Class: 2033K(2176K)->2033K(2176K)
[3.622s][info][gc          ] GC(0) Pause Full (System.gc()) 131M->1M(5939M) 9.219ms
[4.980s][info][gc,metaspace] GC(1) Metaspace: 12510K(13056K)->12510K(13056K) NonClass: 10340K(10624K)->10340K(10624K) Class: 2169K(2432K)->2169K(2432K)
[4.980s][info][gc          ] GC(1) Pause Young (Allocation Failure) 1639M->385M(5939M) 386.326ms
[6.181s][info][gc,metaspace] GC(2) Metaspace: 12511K(13056K)->12511K(13056K) NonClass: 10341K(10624K)->10341K(10624K) Class: 2169K(2432K)->2169K(2432K)
[6.181s][info][gc          ] GC(2) Pause Young (Allocation Failure) 2023M->536M(5939M) 427.245ms
[7.369s][info][gc,metaspace] GC(3) Metaspace: 12511K(13056K)->12511K(13056K) NonClass: 10341K(10624K)->10341K(10624K) Class: 2169K(2432K)->2169K(2432K)
[7.369s][info][gc          ] GC(3) Pause Young (Allocation Failure) 2174M->679M(5939M) 448.802ms
[8.546s][info][gc,metaspace] GC(4) Metaspace: 12511K(13056K)->12511K(13056K) NonClass: 10341K(10624K)->10341K(10624K) Class: 2169K(2432K)->2169K(2432K)
[8.546s][info][gc          ] GC(4) Pause Young (Allocation Failure) 2317M->821M(5939M) 437.337ms
[9.723s][info][gc,metaspace] GC(5) Metaspace: 12511K(13056K)->12511K(13056K) NonClass: 10341K(10624K)->10341K(10624K) Class: 2169K(2432K)->2169K(2432K)
[9.723s][info][gc          ] GC(5) Pause Young (Allocation Failure) 2460M->964M(5939M) 437.429ms
[10.900s][info][gc,metaspace] GC(6) Metaspace: 12511K(13056K)->12511K(13056K) NonClass: 10341K(10624K)->10341K(10624K) Class: 2169K(2432K)->2169K(2432K)
[10.900s][info][gc          ] GC(6) Pause Young (Allocation Failure) 2603M->1107M(5939M) 437.070ms
[12.076s][info][gc,metaspace] GC(7) Metaspace: 12511K(13056K)->12511K(13056K) NonClass: 10341K(10624K)->10341K(10624K) Class: 2169K(2432K)->2169K(2432K)
[12.076s][info][gc          ] GC(7) Pause Young (Allocation Failure) 2745M->1249M(5939M) 437.090ms
[13.253s][info][gc,metaspace] GC(8) Metaspace: 12511K(13056K)->12511K(13056K) NonClass: 10341K(10624K)->10341K(10624K) Class: 2169K(2432K)->2169K(2432K)
[13.253s][info][gc          ] GC(8) Pause Young (Allocation Failure) 2888M->1392M(5939M) 437.442ms
[14.429s][info][gc,metaspace] GC(9) Metaspace: 12511K(13056K)->12511K(13056K) NonClass: 10341K(10624K)->10341K(10624K) Class: 2169K(2432K)->2169K(2432K)
[14.429s][info][gc          ] GC(9) Pause Young (Allocation Failure) 3031M->1535M(5939M) 437.364ms
67108864 Objects created
 - IK: 55699211 (82.99829%)
 - OAK: 3355627 (5.0002737%)
 - TAK: 8054026 (12.001434%)
Preparatory GC...
[18.334s][info][gc,metaspace] GC(10) Metaspace: 12511K(13056K)->12511K(13056K) NonClass: 10341K(10624K)->10341K(10624K) Class: 2169K(2432K)->2169K(2432K)
[18.334s][info][gc          ] GC(10) Pause Full (System.gc()) 2713M->1637M(5939M) 3358.759ms
[21.236s][info][gc,metaspace] GC(11) Metaspace: 12511K(13056K)->12511K(13056K) NonClass: 10341K(10624K)->10341K(10624K) Class: 2169K(2432K)->2169K(2432K)
[21.236s][info][gc          ] GC(11) Pause Full (System.gc()) 1637M->1637M(5939M) 2901.455ms
Done; will start GCs... 
[25.092s][info][gc,metaspace] GC(12) Metaspace: 12511K(13056K)->12511K(13056K) NonClass: 10341K(10624K)->10341K(10624K) Class: 2169K(2432K)->2169K(2432K)
[25.093s][info][gc          ] GC(12) Pause Full (System.gc()) 1669M->1637M(5939M) 3856.631ms
[27.994s][info][gc,metaspace] GC(13) Metaspace: 12511K(13056K)->12511K(13056K) NonClass: 10341K(10624K)->10341K(10624K) Class: 2169K(2432K)->2169K(2432K)
[27.994s][info][gc          ] GC(13) Pause Full (System.gc()) 1637M->1637M(5939M) 2901.526ms
[30.896s][info][gc,metaspace] GC(14) Metaspace: 12511K(13056K)->12511K(13056K) NonClass: 10341K(10624K)->10341K(10624K) Class: 2169K(2432K)->2169K(2432K)
[30.896s][info][gc          ] GC(14) Pause Full (System.gc()) 1637M->1637M(5939M) 2901.831ms
[33.766s][info][gc,metaspace] GC(15) Metaspace: 12511K(13056K)->12511K(13056K) NonClass: 10341K(10624K)->10341K(10624K) Class: 2169K(2432K)->2169K(2432K)
[33.766s][info][gc          ] GC(15) Pause Full (System.gc()) 1637M->1637M(5939M) 2869.728ms
[36.668s][info][gc,metaspace] GC(16) Metaspace: 12511K(13056K)->12511K(13056K) NonClass: 10341K(10624K)->10341K(10624K) Class: 2169K(2432K)->2169K(2432K)
[36.668s][info][gc          ] GC(16) Pause Full (System.gc()) 1637M->1637M(5939M) 2902.173ms
[39.569s][info][gc,metaspace] GC(17) Metaspace: 12511K(13056K)->12511K(13056K) NonClass: 10341K(10624K)->10341K(10624K) Class: 2169K(2432K)->2169K(2432K)
[39.569s][info][gc          ] GC(17) Pause Full (System.gc()) 1637M->1637M(5939M) 2900.923ms
[42.470s][info][gc,metaspace] GC(18) Metaspace: 12511K(13056K)->12511K(13056K) NonClass: 10341K(10624K)->10341K(10624K) Class: 2169K(2432K)->2169K(2432K)
[42.470s][info][gc          ] GC(18) Pause Full (System.gc()) 1637M->1637M(5939M) 2900.087ms
[45.368s][info][gc,metaspace] GC(19) Metaspace: 12511K(13056K)->12511K(13056K) NonClass: 10341K(10624K)->10341K(10624K) Class: 2169K(2432K)->2169K(2432K)
[45.368s][info][gc          ] GC(19) Pause Full (System.gc()) 1637M->1637M(5939M) 2898.630ms
[48.270s][info][gc,metaspace] GC(20) Metaspace: 12511K(13056K)->12511K(13056K) NonClass: 10341K(10624K)->10341K(10624K) Class: 2169K(2432K)->2169K(2432K)
[48.270s][info][gc          ] GC(20) Pause Full (System.gc()) 1637M->1637M(5939M) 2901.778ms
[51.171s][info][gc,metaspace] GC(21) Metaspace: 12511K(13056K)->12511K(13056K) NonClass: 10341K(10624K)->10341K(10624K) Class: 2169K(2432K)->2169K(2432K)
[51.172s][info][gc          ] GC(21) Pause Full (System.gc()) 1637M->1637M(5939M) 2901.026ms
After GCs... 
