[0.002s][info][metaspace]  - commit_granule_bytes: 65536.
[0.002s][info][metaspace]  - commit_granule_words: 8192.
[0.002s][info][metaspace]  - virtual_space_node_default_size: 8388608.
[0.002s][info][metaspace]  - enlarge_chunks_in_place: 1.
[0.002s][info][metaspace]  - use_allocation_guard: 0.
[0.010s][info][gc       ] Using Serial
[2.982s][info][metaspace] Reserving compressed class space anywhere
[2.982s][info][gc,metaspace] CDS archive(s) not mapped
[2.982s][info][gc,metaspace] Compressed class space mapped at: 0x000000002f000000-0x00000000ef000000, reserved size: 3221225472
[2.982s][info][gc,metaspace] UseCompressedClassPointers 1, UseCompactObjectHeaders 1, narrow klass pointer bits 22, max shift 10
[2.982s][info][gc,metaspace] Narrow klass base: 0x000000002f000000, Narrow klass shift: 10, Narrow klass range: 0xc0000000
Random Seed: 12345678
Num Classes: 256
Num Objects: 67108864
Percent IK Objects: 83.0%)
Percent OAK Objects: 5.0%)
Percent TAK Objects: 12.0%)
Wired up: false
Cycles: 10
Loading 256 pre-generated classes ...
Materialize pre-generated constructors ...
Creating objects...
[3.186s][info][gc,metaspace] GC(0) Metaspace: 11556K(11904K)->11556K(11904K) NonClass: 9522K(9728K)->9522K(9728K) Class: 2033K(2176K)->2033K(2176K)
[3.186s][info][gc          ] GC(0) Pause Full (System.gc()) 163M->1M(5939M) 9.134ms
[4.402s][info][gc,metaspace] GC(1) Metaspace: 12503K(12992K)->12503K(12992K) NonClass: 10334K(10560K)->10334K(10560K) Class: 2169K(2432K)->2169K(2432K)
[4.402s][info][gc          ] GC(1) Pause Young (Allocation Failure) 1639M->385M(5939M) 253.308ms
[5.602s][info][gc,metaspace] GC(2) Metaspace: 12504K(12992K)->12504K(12992K) NonClass: 10335K(10560K)->10335K(10560K) Class: 2169K(2432K)->2169K(2432K)
[5.602s][info][gc          ] GC(2) Pause Young (Allocation Failure) 2023M->536M(5939M) 431.712ms
[6.784s][info][gc,metaspace] GC(3) Metaspace: 12504K(12992K)->12504K(12992K) NonClass: 10335K(10560K)->10335K(10560K) Class: 2169K(2432K)->2169K(2432K)
[6.784s][info][gc          ] GC(3) Pause Young (Allocation Failure) 2174M->679M(5939M) 452.708ms
[7.953s][info][gc,metaspace] GC(4) Metaspace: 12504K(12992K)->12504K(12992K) NonClass: 10335K(10560K)->10335K(10560K) Class: 2169K(2432K)->2169K(2432K)
[7.954s][info][gc          ] GC(4) Pause Young (Allocation Failure) 2317M->821M(5939M) 440.805ms
[9.124s][info][gc,metaspace] GC(5) Metaspace: 12504K(12992K)->12504K(12992K) NonClass: 10335K(10560K)->10335K(10560K) Class: 2169K(2432K)->2169K(2432K)
[9.124s][info][gc          ] GC(5) Pause Young (Allocation Failure) 2460M->964M(5939M) 441.177ms
[10.752s][info][gc,metaspace] GC(6) Metaspace: 12504K(12992K)->12504K(12992K) NonClass: 10335K(10560K)->10335K(10560K) Class: 2169K(2432K)->2169K(2432K)
[10.752s][info][gc          ] GC(6) Pause Young (Allocation Failure) 2603M->1107M(5939M) 899.483ms
[11.921s][info][gc,metaspace] GC(7) Metaspace: 12504K(12992K)->12504K(12992K) NonClass: 10335K(10560K)->10335K(10560K) Class: 2169K(2432K)->2169K(2432K)
[11.921s][info][gc          ] GC(7) Pause Young (Allocation Failure) 2745M->1249M(5939M) 441.282ms
[13.090s][info][gc,metaspace] GC(8) Metaspace: 12504K(12992K)->12504K(12992K) NonClass: 10335K(10560K)->10335K(10560K) Class: 2169K(2432K)->2169K(2432K)
[13.090s][info][gc          ] GC(8) Pause Young (Allocation Failure) 2888M->1392M(5939M) 440.886ms
[14.719s][info][gc,metaspace] GC(9) Metaspace: 12504K(12992K)->12504K(12992K) NonClass: 10335K(10560K)->10335K(10560K) Class: 2169K(2432K)->2169K(2432K)
[14.719s][info][gc          ] GC(9) Pause Young (Allocation Failure) 3031M->1535M(5939M) 900.941ms
67108864 Objects created
 - IK: 55699211 (82.99829%)
 - OAK: 3355627 (5.0002737%)
 - TAK: 8054026 (12.001434%)
Preparatory GC...
[19.367s][info][gc,metaspace] GC(10) Metaspace: 12504K(12992K)->12504K(12992K) NonClass: 10335K(10560K)->10335K(10560K) Class: 2169K(2432K)->2169K(2432K)
[19.367s][info][gc          ] GC(10) Pause Full (System.gc()) 2713M->1637M(5939M) 4121.682ms
[22.242s][info][gc,metaspace] GC(11) Metaspace: 12504K(12992K)->12504K(12992K) NonClass: 10335K(10560K)->10335K(10560K) Class: 2169K(2432K)->2169K(2432K)
[22.242s][info][gc          ] GC(11) Pause Full (System.gc()) 1637M->1637M(5939M) 2874.816ms
Done; will start GCs... 
[26.074s][info][gc,metaspace] GC(12) Metaspace: 12504K(12992K)->12504K(12992K) NonClass: 10335K(10560K)->10335K(10560K) Class: 2169K(2432K)->2169K(2432K)
[26.074s][info][gc          ] GC(12) Pause Full (System.gc()) 1669M->1637M(5939M) 3831.382ms
[28.950s][info][gc,metaspace] GC(13) Metaspace: 12504K(12992K)->12504K(12992K) NonClass: 10335K(10560K)->10335K(10560K) Class: 2169K(2432K)->2169K(2432K)
[28.950s][info][gc          ] GC(13) Pause Full (System.gc()) 1637M->1637M(5939M) 2876.002ms
[31.822s][info][gc,metaspace] GC(14) Metaspace: 12505K(12992K)->12505K(12992K) NonClass: 10336K(10560K)->10336K(10560K) Class: 2169K(2432K)->2169K(2432K)
[31.822s][info][gc          ] GC(14) Pause Full (System.gc()) 1637M->1637M(5939M) 2872.184ms
[34.697s][info][gc,metaspace] GC(15) Metaspace: 12505K(12992K)->12505K(12992K) NonClass: 10336K(10560K)->10336K(10560K) Class: 2169K(2432K)->2169K(2432K)
[34.697s][info][gc          ] GC(15) Pause Full (System.gc()) 1637M->1637M(5939M) 2874.388ms
[37.525s][info][gc,metaspace] GC(16) Metaspace: 12505K(12992K)->12505K(12992K) NonClass: 10336K(10560K)->10336K(10560K) Class: 2169K(2432K)->2169K(2432K)
[37.525s][info][gc          ] GC(16) Pause Full (System.gc()) 1637M->1637M(5939M) 2828.107ms
[40.398s][info][gc,metaspace] GC(17) Metaspace: 12505K(12992K)->12505K(12992K) NonClass: 10336K(10560K)->10336K(10560K) Class: 2169K(2432K)->2169K(2432K)
[40.398s][info][gc          ] GC(17) Pause Full (System.gc()) 1637M->1637M(5939M) 2872.695ms
[43.273s][info][gc,metaspace] GC(18) Metaspace: 12505K(12992K)->12505K(12992K) NonClass: 10336K(10560K)->10336K(10560K) Class: 2169K(2432K)->2169K(2432K)
[43.273s][info][gc          ] GC(18) Pause Full (System.gc()) 1637M->1637M(5939M) 2874.864ms
[46.149s][info][gc,metaspace] GC(19) Metaspace: 12505K(12992K)->12505K(12992K) NonClass: 10336K(10560K)->10336K(10560K) Class: 2169K(2432K)->2169K(2432K)
[46.149s][info][gc          ] GC(19) Pause Full (System.gc()) 1637M->1637M(5939M) 2876.511ms
[49.023s][info][gc,metaspace] GC(20) Metaspace: 12505K(12992K)->12505K(12992K) NonClass: 10336K(10560K)->10336K(10560K) Class: 2169K(2432K)->2169K(2432K)
[49.024s][info][gc          ] GC(20) Pause Full (System.gc()) 1637M->1637M(5939M) 2869.815ms
[51.899s][info][gc,metaspace] GC(21) Metaspace: 12505K(12992K)->12505K(12992K) NonClass: 10336K(10560K)->10336K(10560K) Class: 2169K(2432K)->2169K(2432K)
[51.899s][info][gc          ] GC(21) Pause Full (System.gc()) 1637M->1637M(5939M) 2875.349ms
After GCs... 
