Done; will start GCs... 
[26.074s][info][gc,metaspace] GC(12) Metaspace: 12504K(12992K)->12504K(12992K) NonClass: 10335K(10560K)->10335K(10560K) Class: 2169K(2432K)->2169K(2432K)
[26.074s][info][gc          ] GC(12) Pause Full (System.gc()) 1669M->1637M(5939M) 3831.382ms
[28.950s][info][gc,metaspace] GC(13) Metaspace: 12504K(12992K)->12504K(12992K) NonClass: 10335K(10560K)->10335K(10560K) Class: 2169K(2432K)->2169K(2432K)
[28.950s][info][gc          ] GC(13) Pause Full (System.gc()) 1637M->1637M(5939M) 2876.002ms
[31.822s][info][gc,metaspace] GC(14) Metaspace: 12505K(12992K)->12505K(12992K) NonClass: 10336K(10560K)->10336K(10560K) Class: 2169K(2432K)->2169K(2432K)
[31.822s][info][gc          ] GC(14) Pause Full (System.gc()) 1637M->1637M(5939M) 2872.184ms
[34.697s][info][gc,metaspace] GC(15) Metaspace: 12505K(12992K)->12505K(12992K) NonClass: 10336K(10560K)->10336K(10560K) Class: 2169K(2432K)->2169K(2432K)
[34.697s][info][gc          ] GC(15) Pause Full (System.gc()) 1637M->1637M(5939M) 2874.388ms
[37.525s][info][gc,metaspace] GC(16) Metaspace: 12505K(12992K)->12505K(12992K) NonClass: 10336K(10560K)->10336K(10560K) Class: 2169K(2432K)->2169K(2432K)
[37.525s][info][gc          ] GC(16) Pause Full (System.gc()) 1637M->1637M(5939M) 2828.107ms
[40.398s][info][gc,metaspace] GC(17) Metaspace: 12505K(12992K)->12505K(12992K) NonClass: 10336K(10560K)->10336K(10560K) Class: 2169K(2432K)->2169K(2432K)
[40.398s][info][gc          ] GC(17) Pause Full (System.gc()) 1637M->1637M(5939M) 2872.695ms
[43.273s][info][gc,metaspace] GC(18) Metaspace: 12505K(12992K)->12505K(12992K) NonClass: 10336K(10560K)->10336K(10560K) Class: 2169K(2432K)->2169K(2432K)
[43.273s][info][gc          ] GC(18) Pause Full (System.gc()) 1637M->1637M(5939M) 2874.864ms
[46.149s][info][gc,metaspace] GC(19) Metaspace: 12505K(12992K)->12505K(12992K) NonClass: 10336K(10560K)->10336K(10560K) Class: 2169K(2432K)->2169K(2432K)
[46.149s][info][gc          ] GC(19) Pause Full (System.gc()) 1637M->1637M(5939M) 2876.511ms
[49.023s][info][gc,metaspace] GC(20) Metaspace: 12505K(12992K)->12505K(12992K) NonClass: 10336K(10560K)->10336K(10560K) Class: 2169K(2432K)->2169K(2432K)
[49.024s][info][gc          ] GC(20) Pause Full (System.gc()) 1637M->1637M(5939M) 2869.815ms
[51.899s][info][gc,metaspace] GC(21) Metaspace: 12505K(12992K)->12505K(12992K) NonClass: 10336K(10560K)->10336K(10560K) Class: 2169K(2432K)->2169K(2432K)
[51.899s][info][gc          ] GC(21) Pause Full (System.gc()) 1637M->1637M(5939M) 2875.349ms
After GCs... 
