Done; will start GCs... 
[23.602s][info][gc,metaspace] GC(13) Metaspace: 12491K(12992K)->12491K(12992K) NonClass: 11148K(11392K)->11148K(11392K) Class: 1343K(1600K)->1343K(1600K)
[23.603s][info][gc          ] GC(13) Pause Full (System.gc()) 1874M->1841M(5939M) 3468.260ms
[26.316s][info][gc,metaspace] GC(14) Metaspace: 12491K(12992K)->12491K(12992K) NonClass: 11148K(11392K)->11148K(11392K) Class: 1343K(1600K)->1343K(1600K)
[26.316s][info][gc          ] GC(14) Pause Full (System.gc()) 1841M->1841M(5939M) 2713.270ms
[29.023s][info][gc,metaspace] GC(15) Metaspace: 12491K(12992K)->12491K(12992K) NonClass: 11148K(11392K)->11148K(11392K) Class: 1343K(1600K)->1343K(1600K)
[29.024s][info][gc          ] GC(15) Pause Full (System.gc()) 1841M->1841M(5939M) 2707.379ms
[31.728s][info][gc,metaspace] GC(16) Metaspace: 12491K(12992K)->12491K(12992K) NonClass: 11148K(11392K)->11148K(11392K) Class: 1343K(1600K)->1343K(1600K)
[31.728s][info][gc          ] GC(16) Pause Full (System.gc()) 1841M->1841M(5939M) 2704.535ms
[34.384s][info][gc,metaspace] GC(17) Metaspace: 12491K(12992K)->12491K(12992K) NonClass: 11148K(11392K)->11148K(11392K) Class: 1343K(1600K)->1343K(1600K)
[34.384s][info][gc          ] GC(17) Pause Full (System.gc()) 1841M->1841M(5939M) 2655.957ms
[37.092s][info][gc,metaspace] GC(18) Metaspace: 12491K(12992K)->12491K(12992K) NonClass: 11148K(11392K)->11148K(11392K) Class: 1343K(1600K)->1343K(1600K)
[37.092s][info][gc          ] GC(18) Pause Full (System.gc()) 1841M->1841M(5939M) 2707.233ms
[39.797s][info][gc,metaspace] GC(19) Metaspace: 12491K(12992K)->12491K(12992K) NonClass: 11148K(11392K)->11148K(11392K) Class: 1343K(1600K)->1343K(1600K)
[39.797s][info][gc          ] GC(19) Pause Full (System.gc()) 1841M->1841M(5939M) 2704.886ms
[42.451s][info][gc,metaspace] GC(20) Metaspace: 12491K(12992K)->12491K(12992K) NonClass: 11148K(11392K)->11148K(11392K) Class: 1343K(1600K)->1343K(1600K)
[42.451s][info][gc          ] GC(20) Pause Full (System.gc()) 1841M->1841M(5939M) 2654.453ms
[45.158s][info][gc,metaspace] GC(21) Metaspace: 12491K(12992K)->12491K(12992K) NonClass: 11148K(11392K)->11148K(11392K) Class: 1343K(1600K)->1343K(1600K)
[45.158s][info][gc          ] GC(21) Pause Full (System.gc()) 1841M->1841M(5939M) 2706.754ms
[47.863s][info][gc,metaspace] GC(22) Metaspace: 12491K(12992K)->12491K(12992K) NonClass: 11148K(11392K)->11148K(11392K) Class: 1343K(1600K)->1343K(1600K)
[47.864s][info][gc          ] GC(22) Pause Full (System.gc()) 1841M->1841M(5939M) 2705.184ms
After GCs... 
