Done; will start GCs... 
[25.961s][info][gc,metaspace] GC(28) Metaspace: 31187K(34880K)->31187K(34880K) NonClass: 23161K(24768K)->23161K(24768K) Class: 8025K(10112K)->8025K(10112K)
[25.961s][info][gc          ] GC(28) Pause Full (System.gc()) 1599M->1597M(6144M) 791.170ms
[26.725s][info][gc,metaspace] GC(29) Metaspace: 31187K(34880K)->31187K(34880K) NonClass: 23161K(24768K)->23161K(24768K) Class: 8025K(10112K)->8025K(10112K)
[26.725s][info][gc          ] GC(29) Pause Full (System.gc()) 1597M->1597M(6144M) 763.313ms
[27.505s][info][gc,metaspace] GC(30) Metaspace: 31187K(34880K)->31187K(34880K) NonClass: 23161K(24768K)->23161K(24768K) Class: 8025K(10112K)->8025K(10112K)
[27.505s][info][gc          ] GC(30) Pause Full (System.gc()) 1597M->1597M(6144M) 780.560ms
[28.269s][info][gc,metaspace] GC(31) Metaspace: 31187K(34880K)->31187K(34880K) NonClass: 23161K(24768K)->23161K(24768K) Class: 8025K(10112K)->8025K(10112K)
[28.269s][info][gc          ] GC(31) Pause Full (System.gc()) 1597M->1597M(6144M) 763.218ms
[29.033s][info][gc,metaspace] GC(32) Metaspace: 31187K(34880K)->31187K(34880K) NonClass: 23161K(24768K)->23161K(24768K) Class: 8025K(10112K)->8025K(10112K)
[29.033s][info][gc          ] GC(32) Pause Full (System.gc()) 1597M->1597M(6144M) 763.781ms
[29.821s][info][gc,metaspace] GC(33) Metaspace: 31187K(34880K)->31187K(34880K) NonClass: 23161K(24768K)->23161K(24768K) Class: 8025K(10112K)->8025K(10112K)
[29.821s][info][gc          ] GC(33) Pause Full (System.gc()) 1597M->1597M(6144M) 788.298ms
[30.581s][info][gc,metaspace] GC(34) Metaspace: 31187K(34880K)->31187K(34880K) NonClass: 23161K(24768K)->23161K(24768K) Class: 8025K(10112K)->8025K(10112K)
[30.581s][info][gc          ] GC(34) Pause Full (System.gc()) 1597M->1597M(6144M) 760.378ms
[31.365s][info][gc,metaspace] GC(35) Metaspace: 31187K(34880K)->31187K(34880K) NonClass: 23161K(24768K)->23161K(24768K) Class: 8025K(10112K)->8025K(10112K)
[31.365s][info][gc          ] GC(35) Pause Full (System.gc()) 1597M->1597M(6144M) 783.243ms
[32.129s][info][gc,metaspace] GC(36) Metaspace: 31187K(34880K)->31187K(34880K) NonClass: 23161K(24768K)->23161K(24768K) Class: 8025K(10112K)->8025K(10112K)
[32.129s][info][gc          ] GC(36) Pause Full (System.gc()) 1597M->1597M(6144M) 763.908ms
[32.975s][info][gc,metaspace] GC(37) Metaspace: 31187K(34880K)->31187K(34880K) NonClass: 23161K(24768K)->23161K(24768K) Class: 8025K(10112K)->8025K(10112K)
[32.975s][info][gc          ] GC(37) Pause Full (System.gc()) 1597M->1597M(6144M) 845.804ms
After GCs... 
