Done; will start GCs... 
[25.733s][info][gc,metaspace] GC(28) Metaspace: 31198K(34816K)->31198K(34816K) NonClass: 23172K(24704K)->23172K(24704K) Class: 8025K(10112K)->8025K(10112K)
[25.733s][info][gc          ] GC(28) Pause Full (System.gc()) 1600M->1598M(6144M) 662.310ms
[26.388s][info][gc,metaspace] GC(29) Metaspace: 31198K(34816K)->31198K(34816K) NonClass: 23172K(24704K)->23172K(24704K) Class: 8025K(10112K)->8025K(10112K)
[26.388s][info][gc          ] GC(29) Pause Full (System.gc()) 1598M->1598M(6144M) 654.470ms
[27.056s][info][gc,metaspace] GC(30) Metaspace: 31198K(34816K)->31198K(34816K) NonClass: 23172K(24704K)->23172K(24704K) Class: 8025K(10112K)->8025K(10112K)
[27.056s][info][gc          ] GC(30) Pause Full (System.gc()) 1598M->1598M(6144M) 668.154ms
[27.713s][info][gc,metaspace] GC(31) Metaspace: 31198K(34816K)->31198K(34816K) NonClass: 23172K(24704K)->23172K(24704K) Class: 8025K(10112K)->8025K(10112K)
[27.713s][info][gc          ] GC(31) Pause Full (System.gc()) 1598M->1598M(6144M) 657.107ms
[28.386s][info][gc,metaspace] GC(32) Metaspace: 31198K(34816K)->31198K(34816K) NonClass: 23172K(24704K)->23172K(24704K) Class: 8025K(10112K)->8025K(10112K)
[28.386s][info][gc          ] GC(32) Pause Full (System.gc()) 1598M->1598M(6144M) 668.809ms
[29.040s][info][gc,metaspace] GC(33) Metaspace: 31198K(34816K)->31198K(34816K) NonClass: 23172K(24704K)->23172K(24704K) Class: 8025K(10112K)->8025K(10112K)
[29.040s][info][gc          ] GC(33) Pause Full (System.gc()) 1598M->1598M(6144M) 653.353ms
[29.689s][info][gc,metaspace] GC(34) Metaspace: 31198K(34816K)->31198K(34816K) NonClass: 23172K(24704K)->23172K(24704K) Class: 8025K(10112K)->8025K(10112K)
[29.690s][info][gc          ] GC(34) Pause Full (System.gc()) 1598M->1598M(6144M) 649.689ms
[30.349s][info][gc,metaspace] GC(35) Metaspace: 31198K(34816K)->31198K(34816K) NonClass: 23172K(24704K)->23172K(24704K) Class: 8025K(10112K)->8025K(10112K)
[30.349s][info][gc          ] GC(35) Pause Full (System.gc()) 1598M->1598M(6144M) 659.815ms
[31.005s][info][gc,metaspace] GC(36) Metaspace: 31198K(34816K)->31198K(34816K) NonClass: 23172K(24704K)->23172K(24704K) Class: 8025K(10112K)->8025K(10112K)
[31.005s][info][gc          ] GC(36) Pause Full (System.gc()) 1598M->1598M(6144M) 655.133ms
[31.675s][info][gc,metaspace] GC(37) Metaspace: 31198K(34816K)->31198K(34816K) NonClass: 23172K(24704K)->23172K(24704K) Class: 8025K(10112K)->8025K(10112K)
[31.675s][info][gc          ] GC(37) Pause Full (System.gc()) 1598M->1598M(6144M) 669.950ms
After GCs... 
