[0.002s][info][metaspace]  - commit_granule_bytes: 65536.
[0.002s][info][metaspace]  - commit_granule_words: 8192.
[0.002s][info][metaspace]  - virtual_space_node_default_size: 8388608.
[0.002s][info][metaspace]  - enlarge_chunks_in_place: 1.
[0.002s][info][metaspace]  - use_allocation_guard: 0.
[0.003s][info][gc       ] Using G1
[0.330s][info][metaspace] Reserving compressed class space anywhere
[0.330s][info][gc,metaspace] CDS archive(s) not mapped
[0.330s][info][gc,metaspace] Compressed class space mapped at: 0x0000000020000000-0x00000000e0000000, reserved size: 3221225472
[0.330s][info][gc,metaspace] UseCompressedClassPointers 1, UseCompactObjectHeaders 1, narrow klass pointer bits 22, max shift 10
[0.330s][info][gc,metaspace] Narrow klass base: 0x0000000020000000, Narrow klass shift: 10, Narrow klass range: 0xc0000000
Random Seed: 12345678
Num Classes: 4096
Num Objects: 67108864
Percent IK Objects: 83.0%)
Percent OAK Objects: 5.0%)
Percent TAK Objects: 12.0%)
Cycles: 10
Loading 4096 pre-generated classes ...
Materialize pre-generated constructors ...
Creating objects...
[0.722s][info][gc,metaspace] GC(0) Metaspace: 17705K(17984K)->17705K(17984K) NonClass: 11830K(11968K)->11830K(11968K) Class: 5875K(6016K)->5875K(6016K)
[0.722s][info][gc          ] GC(0) Pause Full (System.gc()) 32M->4M(6144M) 11.669ms
[1.417s][info][gc,metaspace] GC(1) Metaspace: 25667K(30016K)->25667K(30016K) NonClass: 17769K(20160K)->17769K(20160K) Class: 7897K(9856K)->7897K(9856K)
[1.417s][info][gc          ] GC(1) Pause Young (Normal) (G1 Evacuation Pause) 568M->282M(6144M) 14.287ms
[2.183s][info][gc,metaspace] GC(2) Metaspace: 27236K(31616K)->27236K(31616K) NonClass: 19210K(21504K)->19210K(21504K) Class: 8025K(10112K)->8025K(10112K)
[2.183s][info][gc          ] GC(2) Pause Young (Normal) (G1 Evacuation Pause) 566M->305M(6144M) 58.348ms
[2.891s][info][gc,metaspace] GC(3) Metaspace: 30278K(34112K)->30278K(34112K) NonClass: 22253K(24000K)->22253K(24000K) Class: 8025K(10112K)->8025K(10112K)
[2.891s][info][gc          ] GC(3) Pause Young (Normal) (G1 Evacuation Pause) 569M->331M(6144M) 37.526ms
[3.404s][info][gc,metaspace] GC(4) Metaspace: 31198K(34816K)->31198K(34816K) NonClass: 23172K(24704K)->23172K(24704K) Class: 8025K(10112K)->8025K(10112K)
[3.404s][info][gc          ] GC(4) Pause Young (Normal) (G1 Evacuation Pause) 607M->355M(6144M) 24.697ms
[3.895s][info][gc,metaspace] GC(5) Metaspace: 31198K(34816K)->31198K(34816K) NonClass: 23172K(24704K)->23172K(24704K) Class: 8025K(10112K)->8025K(10112K)
[3.895s][info][gc          ] GC(5) Pause Young (Normal) (G1 Evacuation Pause) 631M->382M(6144M) 26.946ms
[4.382s][info][gc,metaspace] GC(6) Metaspace: 31198K(34816K)->31198K(34816K) NonClass: 23172K(24704K)->23172K(24704K) Class: 8025K(10112K)->8025K(10112K)
[4.382s][info][gc          ] GC(6) Pause Young (Normal) (G1 Evacuation Pause) 658M->409M(6144M) 23.904ms
[4.871s][info][gc,metaspace] GC(7) Metaspace: 31198K(34816K)->31198K(34816K) NonClass: 23172K(24704K)->23172K(24704K) Class: 8025K(10112K)->8025K(10112K)
[4.871s][info][gc          ] GC(7) Pause Young (Normal) (G1 Evacuation Pause) 685M->433M(6144M) 24.683ms
[5.412s][info][gc,metaspace] GC(8) Metaspace: 31198K(34816K)->31198K(34816K) NonClass: 23172K(24704K)->23172K(24704K) Class: 8025K(10112K)->8025K(10112K)
[5.412s][info][gc          ] GC(8) Pause Young (Normal) (G1 Evacuation Pause) 741M->465M(6144M) 26.497ms
[5.991s][info][gc,metaspace] GC(9) Metaspace: 31198K(34816K)->31198K(34816K) NonClass: 23172K(24704K)->23172K(24704K) Class: 8025K(10112K)->8025K(10112K)
[5.991s][info][gc          ] GC(9) Pause Young (Normal) (G1 Evacuation Pause) 797M->496M(6144M) 32.222ms
[6.630s][info][gc,metaspace] GC(10) Metaspace: 31198K(34816K)->31198K(34816K) NonClass: 23172K(24704K)->23172K(24704K) Class: 8025K(10112K)->8025K(10112K)
[6.630s][info][gc          ] GC(10) Pause Young (Normal) (G1 Evacuation Pause) 868M->529M(6144M) 32.179ms
[7.390s][info][gc,metaspace] GC(11) Metaspace: 31198K(34816K)->31198K(34816K) NonClass: 23172K(24704K)->23172K(24704K) Class: 8025K(10112K)->8025K(10112K)
[7.390s][info][gc          ] GC(11) Pause Young (Normal) (G1 Evacuation Pause) 941M->566M(6144M) 34.542ms
[8.235s][info][gc,metaspace] GC(12) Metaspace: 31198K(34816K)->31198K(34816K) NonClass: 23172K(24704K)->23172K(24704K) Class: 8025K(10112K)->8025K(10112K)
[8.235s][info][gc          ] GC(12) Pause Young (Normal) (G1 Evacuation Pause) 1030M->606M(6144M) 38.395ms
[9.183s][info][gc,metaspace] GC(13) Metaspace: 31198K(34816K)->31198K(34816K) NonClass: 23172K(24704K)->23172K(24704K) Class: 8025K(10112K)->8025K(10112K)
[9.183s][info][gc          ] GC(13) Pause Young (Normal) (G1 Evacuation Pause) 1134M->656M(6144M) 84.893ms
[10.580s][info][gc,metaspace] GC(14) Metaspace: 31198K(34816K)->31198K(34816K) NonClass: 23172K(24704K)->23172K(24704K) Class: 8025K(10112K)->8025K(10112K)
[10.580s][info][gc          ] GC(14) Pause Young (Normal) (G1 Evacuation Pause) 1224M->708M(6144M) 54.222ms
[11.702s][info][gc,metaspace] GC(15) Metaspace: 31198K(34816K)->31198K(34816K) NonClass: 23172K(24704K)->23172K(24704K) Class: 8025K(10112K)->8025K(10112K)
[11.702s][info][gc          ] GC(15) Pause Young (Normal) (G1 Evacuation Pause) 1340M->765M(6144M) 50.041ms
[12.891s][info][gc,metaspace] GC(16) Metaspace: 31198K(34816K)->31198K(34816K) NonClass: 23172K(24704K)->23172K(24704K) Class: 8025K(10112K)->8025K(10112K)
[12.891s][info][gc          ] GC(16) Pause Young (Normal) (G1 Evacuation Pause) 1465M->829M(6144M) 62.187ms
[14.183s][info][gc,metaspace] GC(17) Metaspace: 31198K(34816K)->31198K(34816K) NonClass: 23172K(24704K)->23172K(24704K) Class: 8025K(10112K)->8025K(10112K)
[14.183s][info][gc          ] GC(17) Pause Young (Normal) (G1 Evacuation Pause) 1589M->898M(6144M) 105.480ms
[15.272s][info][gc,metaspace] GC(18) Metaspace: 31198K(34816K)->31198K(34816K) NonClass: 23172K(24704K)->23172K(24704K) Class: 8025K(10112K)->8025K(10112K)
[15.273s][info][gc          ] GC(18) Pause Young (Normal) (G1 Evacuation Pause) 1714M->968M(6144M) 71.308ms
[16.264s][info][gc,metaspace] GC(19) Metaspace: 31198K(34816K)->31198K(34816K) NonClass: 23172K(24704K)->23172K(24704K) Class: 8025K(10112K)->8025K(10112K)
[16.264s][info][gc          ] GC(19) Pause Young (Normal) (G1 Evacuation Pause) 1860M->1046M(6144M) 77.522ms
[17.183s][info][gc,metaspace] GC(20) Metaspace: 31198K(34816K)->31198K(34816K) NonClass: 23172K(24704K)->23172K(24704K) Class: 8025K(10112K)->8025K(10112K)
[17.183s][info][gc          ] GC(20) Pause Young (Normal) (G1 Evacuation Pause) 2002M->1132M(6144M) 118.424ms
[18.326s][info][gc,metaspace] GC(21) Metaspace: 31198K(34816K)->31198K(34816K) NonClass: 23172K(24704K)->23172K(24704K) Class: 8025K(10112K)->8025K(10112K)
[18.326s][info][gc          ] GC(21) Pause Young (Normal) (G1 Evacuation Pause) 2140M->1220M(6144M) 95.188ms
[19.219s][info][gc,metaspace] GC(22) Metaspace: 31198K(34816K)->31198K(34816K) NonClass: 23172K(24704K)->23172K(24704K) Class: 8025K(10112K)->8025K(10112K)
[19.219s][info][gc          ] GC(22) Pause Young (Normal) (G1 Evacuation Pause) 2288M->1312M(6144M) 97.408ms
[20.183s][info][gc,metaspace] GC(23) Metaspace: 31198K(34816K)->31198K(34816K) NonClass: 23172K(24704K)->23172K(24704K) Class: 8025K(10112K)->8025K(10112K)
[20.183s][info][gc          ] GC(23) Pause Young (Normal) (G1 Evacuation Pause) 2436M->1410M(6144M) 127.766ms
[21.514s][info][gc,metaspace] GC(24) Metaspace: 31198K(34816K)->31198K(34816K) NonClass: 23172K(24704K)->23172K(24704K) Class: 8025K(10112K)->8025K(10112K)
[21.514s][info][gc          ] GC(24) Pause Young (Normal) (G1 Evacuation Pause) 2586M->1514M(6144M) 104.628ms
[22.597s][info][gc,metaspace] GC(25) Metaspace: 31198K(34816K)->31198K(34816K) NonClass: 23172K(24704K)->23172K(24704K) Class: 8025K(10112K)->8025K(10112K)
[22.597s][info][gc          ] GC(25) Pause Young (Normal) (G1 Evacuation Pause) 2750M->1628M(6144M) 114.998ms
67108864 Objects created
 - IK: 55699211 (82.99829%)
 - OAK: 3355627 (5.0002737%)
 - TAK: 8054026 (12.001434%)
Preparatory GC...
[24.315s][info][gc,metaspace] GC(26) Metaspace: 31198K(34816K)->31198K(34816K) NonClass: 23172K(24704K)->23172K(24704K) Class: 8025K(10112K)->8025K(10112K)
[24.315s][info][gc          ] GC(26) Pause Full (System.gc()) 2680M->1598M(6144M) 891.359ms
[25.071s][info][gc,metaspace] GC(27) Metaspace: 31198K(34816K)->31198K(34816K) NonClass: 23172K(24704K)->23172K(24704K) Class: 8025K(10112K)->8025K(10112K)
[25.071s][info][gc          ] GC(27) Pause Full (System.gc()) 1598M->1598M(6144M) 755.215ms
Done; will start GCs... 
[25.733s][info][gc,metaspace] GC(28) Metaspace: 31198K(34816K)->31198K(34816K) NonClass: 23172K(24704K)->23172K(24704K) Class: 8025K(10112K)->8025K(10112K)
[25.733s][info][gc          ] GC(28) Pause Full (System.gc()) 1600M->1598M(6144M) 662.310ms
[26.388s][info][gc,metaspace] GC(29) Metaspace: 31198K(34816K)->31198K(34816K) NonClass: 23172K(24704K)->23172K(24704K) Class: 8025K(10112K)->8025K(10112K)
[26.388s][info][gc          ] GC(29) Pause Full (System.gc()) 1598M->1598M(6144M) 654.470ms
[27.056s][info][gc,metaspace] GC(30) Metaspace: 31198K(34816K)->31198K(34816K) NonClass: 23172K(24704K)->23172K(24704K) Class: 8025K(10112K)->8025K(10112K)
[27.056s][info][gc          ] GC(30) Pause Full (System.gc()) 1598M->1598M(6144M) 668.154ms
[27.713s][info][gc,metaspace] GC(31) Metaspace: 31198K(34816K)->31198K(34816K) NonClass: 23172K(24704K)->23172K(24704K) Class: 8025K(10112K)->8025K(10112K)
[27.713s][info][gc          ] GC(31) Pause Full (System.gc()) 1598M->1598M(6144M) 657.107ms
[28.386s][info][gc,metaspace] GC(32) Metaspace: 31198K(34816K)->31198K(34816K) NonClass: 23172K(24704K)->23172K(24704K) Class: 8025K(10112K)->8025K(10112K)
[28.386s][info][gc          ] GC(32) Pause Full (System.gc()) 1598M->1598M(6144M) 668.809ms
[29.040s][info][gc,metaspace] GC(33) Metaspace: 31198K(34816K)->31198K(34816K) NonClass: 23172K(24704K)->23172K(24704K) Class: 8025K(10112K)->8025K(10112K)
[29.040s][info][gc          ] GC(33) Pause Full (System.gc()) 1598M->1598M(6144M) 653.353ms
[29.689s][info][gc,metaspace] GC(34) Metaspace: 31198K(34816K)->31198K(34816K) NonClass: 23172K(24704K)->23172K(24704K) Class: 8025K(10112K)->8025K(10112K)
[29.690s][info][gc          ] GC(34) Pause Full (System.gc()) 1598M->1598M(6144M) 649.689ms
[30.349s][info][gc,metaspace] GC(35) Metaspace: 31198K(34816K)->31198K(34816K) NonClass: 23172K(24704K)->23172K(24704K) Class: 8025K(10112K)->8025K(10112K)
[30.349s][info][gc          ] GC(35) Pause Full (System.gc()) 1598M->1598M(6144M) 659.815ms
[31.005s][info][gc,metaspace] GC(36) Metaspace: 31198K(34816K)->31198K(34816K) NonClass: 23172K(24704K)->23172K(24704K) Class: 8025K(10112K)->8025K(10112K)
[31.005s][info][gc          ] GC(36) Pause Full (System.gc()) 1598M->1598M(6144M) 655.133ms
[31.675s][info][gc,metaspace] GC(37) Metaspace: 31198K(34816K)->31198K(34816K) NonClass: 23172K(24704K)->23172K(24704K) Class: 8025K(10112K)->8025K(10112K)
[31.675s][info][gc          ] GC(37) Pause Full (System.gc()) 1598M->1598M(6144M) 669.950ms
After GCs... 
