[0.002s][warning][pagesize] UseLargePages disabled, no large pages configured and available on the system.
[0.002s][info   ][metaspace]  - commit_granule_bytes: 65536.
[0.002s][info   ][metaspace]  - commit_granule_words: 8192.
[0.002s][info   ][metaspace]  - virtual_space_node_default_size: 8388608.
[0.002s][info   ][metaspace]  - enlarge_chunks_in_place: 1.
[0.002s][info   ][metaspace]  - use_allocation_guard: 0.
[4.429s][info   ][gc       ] Using The Z Garbage Collector
[4.429s][info   ][metaspace] Reserving compressed class space anywhere
[4.429s][info   ][gc,metaspace] CDS archive(s) not mapped
[4.429s][info   ][gc,metaspace] Compressed class space mapped at: 0x0000000037000000-0x00000000f7000000, reserved size: 3221225472
[4.429s][info   ][gc,metaspace] UseCompressedClassPointers 1, UseCompactObjectHeaders 0, narrow klass pointer bits 32, max shift 3
[4.429s][info   ][gc,metaspace] Narrow klass base: 0x0000000000000000, Narrow klass shift: 0, Narrow klass range: 0xf7000000
Random Seed: 12345678
Num Classes: 4096
Num Objects: 67108864
Percent IK Objects: 83.0%)
Percent OAK Objects: 5.0%)
Percent TAK Objects: 12.0%)
Cycles: 50
Loading 4096 pre-generated classes ...
Materialize pre-generated constructors ...
Creating objects...
[4.809s][info   ][gc          ] GC(0) Major Collection (System.gc())
[4.835s][info   ][gc,metaspace] GC(0) Y: Metaspace: 15M used, 15M committed, 3136M reserved
[4.839s][info   ][gc,metaspace] GC(0) Y: Metaspace: 15M used, 15M committed, 3136M reserved
[4.855s][info   ][gc,metaspace] GC(0) O: Metaspace: 15M used, 15M committed, 3136M reserved
[4.855s][info   ][gc          ] GC(0) Major Collection (System.gc()) 68M(1%)->42M(1%) 0.046s
[5.083s][info   ][gc          ] GC(1) Major Collection (Warmup)
[5.256s][info   ][gc,metaspace] GC(1) Y: Metaspace: 16M used, 16M committed, 3136M reserved
[5.279s][info   ][gc,metaspace] GC(1) O: Metaspace: 16M used, 17M committed, 3136M reserved
[5.279s][info   ][gc          ] GC(1) Major Collection (Warmup) 618M(10%)->680M(11%) 0.196s
[6.790s][info   ][gc          ] GC(2) Major Collection (Warmup)
[7.967s][info   ][gc,metaspace] GC(2) Y: Metaspace: 30M used, 33M committed, 3136M reserved
[7.967s][info   ][gc          ] GC(3) Minor Collection (Allocation Rate)
[8.218s][info   ][gc,metaspace] GC(3) y: Metaspace: 30M used, 33M committed, 3136M reserved
[8.218s][info   ][gc          ] GC(3) Minor Collection (Allocation Rate) 1096M(18%)->802M(13%) 0.250s
[8.335s][info   ][gc,metaspace] GC(2) O: Metaspace: 30M used, 33M committed, 3136M reserved
[8.335s][info   ][gc          ] GC(2) Major Collection (Warmup) 1230M(20%)->836M(14%) 1.545s
[10.357s][info   ][gc          ] GC(4) Major Collection (Warmup)
[11.049s][info   ][gc,metaspace] GC(4) Y: Metaspace: 30M used, 33M committed, 3136M reserved
[12.266s][info   ][gc,metaspace] GC(4) O: Metaspace: 30M used, 33M committed, 3136M reserved
[12.266s][info   ][gc          ] GC(4) Major Collection (Warmup) 1848M(30%)->1730M(28%) 1.909s
[17.887s][info   ][gc          ] GC(5) Minor Collection (Allocation Rate)
[19.533s][info   ][gc,metaspace] GC(5) y: Metaspace: 30M used, 33M committed, 3136M reserved
[19.533s][info   ][gc          ] GC(5) Minor Collection (Allocation Rate) 4568M(74%)->2000M(33%) 1.646s
[21.189s][info   ][gc          ] GC(6) Minor Collection (Allocation Rate)
[24.112s][info   ][gc,metaspace] GC(6) y: Metaspace: 30M used, 33M committed, 3136M reserved
[24.112s][info   ][gc          ] GC(6) Minor Collection (Allocation Rate) 2846M(46%)->3592M(58%) 2.923s
[24.112s][info   ][gc          ] GC(7) Major Collection (Allocation Rate)
[25.674s][info   ][gc,metaspace] GC(7) Y: Metaspace: 30M used, 33M committed, 3136M reserved
[25.680s][info   ][gc          ] GC(8) Minor Collection (Allocation Rate)
[27.972s][info   ][gc,metaspace] GC(8) y: Metaspace: 30M used, 33M committed, 3136M reserved
[27.972s][info   ][gc          ] GC(8) Minor Collection (Allocation Rate) 3176M(52%)->4192M(68%) 2.293s
[27.972s][info   ][gc          ] GC(9) Minor Collection (Allocation Rate)
[30.428s][info   ][gc,metaspace] GC(9) y: Metaspace: 30M used, 33M committed, 3136M reserved
[30.428s][info   ][gc          ] GC(9) Minor Collection (Allocation Rate) 4192M(68%)->4244M(69%) 2.456s
[30.935s][info   ][gc          ] GC(10) Minor Collection (Allocation Rate)
[32.575s][info   ][gc          ] Allocation Stall (main) 400.877ms
67108864 Objects created
 - IK: 55699211 (82.99829%)
 - OAK: 3355627 (5.0002737%)
 - TAK: 8054026 (12.001434%)
Preparatory GC...
[33.012s][info   ][gc,metaspace] GC(10) y: Metaspace: 30M used, 33M committed, 3136M reserved
[33.012s][info   ][gc          ] GC(10) Minor Collection (Allocation Rate) 4840M(79%)->3736M(61%) 2.077s
[33.012s][info   ][gc,metaspace] GC(7) O: Metaspace: 30M used, 33M committed, 3136M reserved
[33.012s][info   ][gc          ] GC(7) Major Collection (Allocation Rate) 3592M(58%)->3736M(61%) 8.900s
[33.012s][info   ][gc          ] GC(11) Major Collection (System.gc())
[35.010s][info   ][gc,metaspace] GC(11) Y: Metaspace: 30M used, 33M committed, 3136M reserved
[35.378s][info   ][gc,metaspace] GC(11) Y: Metaspace: 30M used, 33M committed, 3136M reserved
[38.144s][info   ][gc,metaspace] GC(11) O: Metaspace: 30M used, 33M committed, 3136M reserved
[38.144s][info   ][gc          ] GC(11) Major Collection (System.gc()) 3736M(61%)->2464M(40%) 5.131s
[38.144s][info   ][gc          ] GC(12) Major Collection (System.gc())
[38.155s][info   ][gc,metaspace] GC(12) Y: Metaspace: 30M used, 33M committed, 3136M reserved
[38.163s][info   ][gc,metaspace] GC(12) Y: Metaspace: 30M used, 33M committed, 3136M reserved
[40.613s][info   ][gc,metaspace] GC(12) O: Metaspace: 30M used, 33M committed, 3136M reserved
[40.613s][info   ][gc          ] GC(12) Major Collection (System.gc()) 2464M(40%)->2464M(40%) 2.468s
Done; will start GCs... 
[40.613s][info   ][gc          ] GC(13) Major Collection (System.gc())
[40.623s][info   ][gc,metaspace] GC(13) Y: Metaspace: 30M used, 33M committed, 3136M reserved
[40.632s][info   ][gc,metaspace] GC(13) Y: Metaspace: 30M used, 33M committed, 3136M reserved
[43.138s][info   ][gc,metaspace] GC(13) O: Metaspace: 30M used, 33M committed, 3136M reserved
[43.138s][info   ][gc          ] GC(13) Major Collection (System.gc()) 2466M(40%)->2464M(40%) 2.525s
[43.138s][info   ][gc          ] GC(14) Major Collection (System.gc())
[43.148s][info   ][gc,metaspace] GC(14) Y: Metaspace: 30M used, 33M committed, 3136M reserved
[43.157s][info   ][gc,metaspace] GC(14) Y: Metaspace: 30M used, 33M committed, 3136M reserved
[45.587s][info   ][gc,metaspace] GC(14) O: Metaspace: 30M used, 33M committed, 3136M reserved
[45.587s][info   ][gc          ] GC(14) Major Collection (System.gc()) 2464M(40%)->2464M(40%) 2.449s
[45.587s][info   ][gc          ] GC(15) Major Collection (System.gc())
[45.597s][info   ][gc,metaspace] GC(15) Y: Metaspace: 30M used, 33M committed, 3136M reserved
[45.606s][info   ][gc,metaspace] GC(15) Y: Metaspace: 30M used, 33M committed, 3136M reserved
[47.971s][info   ][gc,metaspace] GC(15) O: Metaspace: 30M used, 33M committed, 3136M reserved
[47.971s][info   ][gc          ] GC(15) Major Collection (System.gc()) 2464M(40%)->2464M(40%) 2.384s
[47.971s][info   ][gc          ] GC(16) Major Collection (System.gc())
[47.981s][info   ][gc,metaspace] GC(16) Y: Metaspace: 30M used, 33M committed, 3136M reserved
[47.990s][info   ][gc,metaspace] GC(16) Y: Metaspace: 30M used, 33M committed, 3136M reserved
[50.403s][info   ][gc,metaspace] GC(16) O: Metaspace: 30M used, 33M committed, 3136M reserved
[50.403s][info   ][gc          ] GC(16) Major Collection (System.gc()) 2464M(40%)->2464M(40%) 2.431s
[50.403s][info   ][gc          ] GC(17) Major Collection (System.gc())
[50.412s][info   ][gc,metaspace] GC(17) Y: Metaspace: 30M used, 33M committed, 3136M reserved
[50.422s][info   ][gc,metaspace] GC(17) Y: Metaspace: 30M used, 33M committed, 3136M reserved
[52.787s][info   ][gc,metaspace] GC(17) O: Metaspace: 30M used, 33M committed, 3136M reserved
[52.787s][info   ][gc          ] GC(17) Major Collection (System.gc()) 2464M(40%)->2464M(40%) 2.385s
[52.787s][info   ][gc          ] GC(18) Major Collection (System.gc())
[52.797s][info   ][gc,metaspace] GC(18) Y: Metaspace: 30M used, 33M committed, 3136M reserved
[52.806s][info   ][gc,metaspace] GC(18) Y: Metaspace: 30M used, 33M committed, 3136M reserved
[55.163s][info   ][gc,metaspace] GC(18) O: Metaspace: 30M used, 33M committed, 3136M reserved
[55.163s][info   ][gc          ] GC(18) Major Collection (System.gc()) 2464M(40%)->2464M(40%) 2.376s
[55.163s][info   ][gc          ] GC(19) Major Collection (System.gc())
[55.172s][info   ][gc,metaspace] GC(19) Y: Metaspace: 30M used, 33M committed, 3136M reserved
[55.181s][info   ][gc,metaspace] GC(19) Y: Metaspace: 30M used, 33M committed, 3136M reserved
[57.593s][info   ][gc,metaspace] GC(19) O: Metaspace: 30M used, 33M committed, 3136M reserved
[57.593s][info   ][gc          ] GC(19) Major Collection (System.gc()) 2464M(40%)->2464M(40%) 2.430s
[57.593s][info   ][gc          ] GC(20) Major Collection (System.gc())
[57.603s][info   ][gc,metaspace] GC(20) Y: Metaspace: 30M used, 33M committed, 3136M reserved
[57.612s][info   ][gc,metaspace] GC(20) Y: Metaspace: 30M used, 33M committed, 3136M reserved
[59.975s][info   ][gc,metaspace] GC(20) O: Metaspace: 30M used, 33M committed, 3136M reserved
[59.975s][info   ][gc          ] GC(20) Major Collection (System.gc()) 2464M(40%)->2464M(40%) 2.381s
[59.975s][info   ][gc          ] GC(21) Major Collection (System.gc())
[59.985s][info   ][gc,metaspace] GC(21) Y: Metaspace: 30M used, 33M committed, 3136M reserved
[59.994s][info   ][gc,metaspace] GC(21) Y: Metaspace: 30M used, 33M committed, 3136M reserved
[62.408s][info   ][gc,metaspace] GC(21) O: Metaspace: 30M used, 33M committed, 3136M reserved
[62.408s][info   ][gc          ] GC(21) Major Collection (System.gc()) 2464M(40%)->2464M(40%) 2.434s
[62.409s][info   ][gc          ] GC(22) Major Collection (System.gc())
[62.419s][info   ][gc,metaspace] GC(22) Y: Metaspace: 30M used, 33M committed, 3136M reserved
[62.428s][info   ][gc,metaspace] GC(22) Y: Metaspace: 30M used, 33M committed, 3136M reserved
[64.781s][info   ][gc,metaspace] GC(22) O: Metaspace: 30M used, 33M committed, 3136M reserved
[64.781s][info   ][gc          ] GC(22) Major Collection (System.gc()) 2464M(40%)->2464M(40%) 2.372s
[64.781s][info   ][gc          ] GC(23) Major Collection (System.gc())
[64.790s][info   ][gc,metaspace] GC(23) Y: Metaspace: 30M used, 33M committed, 3136M reserved
[64.799s][info   ][gc,metaspace] GC(23) Y: Metaspace: 30M used, 33M committed, 3136M reserved
[67.169s][info   ][gc,metaspace] GC(23) O: Metaspace: 30M used, 33M committed, 3136M reserved
[67.169s][info   ][gc          ] GC(23) Major Collection (System.gc()) 2464M(40%)->2466M(40%) 2.389s
[67.169s][info   ][gc          ] GC(24) Major Collection (System.gc())
[67.177s][info   ][gc,metaspace] GC(24) Y: Metaspace: 30M used, 33M committed, 3136M reserved
[67.184s][info   ][gc,metaspace] GC(24) Y: Metaspace: 30M used, 33M committed, 3136M reserved
[69.633s][info   ][gc,metaspace] GC(24) O: Metaspace: 30M used, 33M committed, 3136M reserved
[69.633s][info   ][gc          ] GC(24) Major Collection (System.gc()) 2466M(40%)->2464M(40%) 2.463s
[69.633s][info   ][gc          ] GC(25) Major Collection (System.gc())
[69.640s][info   ][gc,metaspace] GC(25) Y: Metaspace: 30M used, 33M committed, 3136M reserved
[69.648s][info   ][gc,metaspace] GC(25) Y: Metaspace: 30M used, 33M committed, 3136M reserved
[72.346s][info   ][gc,metaspace] GC(25) O: Metaspace: 30M used, 33M committed, 3136M reserved
[72.346s][info   ][gc          ] GC(25) Major Collection (System.gc()) 2464M(40%)->2464M(40%) 2.713s
[72.346s][info   ][gc          ] GC(26) Major Collection (System.gc())
[72.354s][info   ][gc,metaspace] GC(26) Y: Metaspace: 30M used, 33M committed, 3136M reserved
[72.361s][info   ][gc,metaspace] GC(26) Y: Metaspace: 30M used, 33M committed, 3136M reserved
[75.141s][info   ][gc,metaspace] GC(26) O: Metaspace: 30M used, 33M committed, 3136M reserved
[75.141s][info   ][gc          ] GC(26) Major Collection (System.gc()) 2464M(40%)->2464M(40%) 2.795s
[75.141s][info   ][gc          ] GC(27) Major Collection (System.gc())
[75.148s][info   ][gc,metaspace] GC(27) Y: Metaspace: 30M used, 33M committed, 3136M reserved
[75.155s][info   ][gc,metaspace] GC(27) Y: Metaspace: 30M used, 33M committed, 3136M reserved
[77.635s][info   ][gc,metaspace] GC(27) O: Metaspace: 30M used, 33M committed, 3136M reserved
[77.635s][info   ][gc          ] GC(27) Major Collection (System.gc()) 2464M(40%)->2464M(40%) 2.494s
[77.635s][info   ][gc          ] GC(28) Major Collection (System.gc())
[77.642s][info   ][gc,metaspace] GC(28) Y: Metaspace: 30M used, 33M committed, 3136M reserved
[77.650s][info   ][gc,metaspace] GC(28) Y: Metaspace: 30M used, 33M committed, 3136M reserved
[80.358s][info   ][gc,metaspace] GC(28) O: Metaspace: 30M used, 33M committed, 3136M reserved
[80.358s][info   ][gc          ] GC(28) Major Collection (System.gc()) 2464M(40%)->2464M(40%) 2.723s
[80.358s][info   ][gc          ] GC(29) Major Collection (System.gc())
[80.364s][info   ][gc,metaspace] GC(29) Y: Metaspace: 30M used, 33M committed, 3136M reserved
[80.372s][info   ][gc,metaspace] GC(29) Y: Metaspace: 30M used, 33M committed, 3136M reserved
[83.126s][info   ][gc,metaspace] GC(29) O: Metaspace: 30M used, 33M committed, 3136M reserved
[83.126s][info   ][gc          ] GC(29) Major Collection (System.gc()) 2464M(40%)->2464M(40%) 2.768s
[83.126s][info   ][gc          ] GC(30) Major Collection (System.gc())
[83.133s][info   ][gc,metaspace] GC(30) Y: Metaspace: 30M used, 33M committed, 3136M reserved
[83.140s][info   ][gc,metaspace] GC(30) Y: Metaspace: 30M used, 33M committed, 3136M reserved
[85.615s][info   ][gc,metaspace] GC(30) O: Metaspace: 30M used, 33M committed, 3136M reserved
[85.615s][info   ][gc          ] GC(30) Major Collection (System.gc()) 2464M(40%)->2464M(40%) 2.490s
[85.616s][info   ][gc          ] GC(31) Major Collection (System.gc())
[85.623s][info   ][gc,metaspace] GC(31) Y: Metaspace: 30M used, 33M committed, 3136M reserved
[85.629s][info   ][gc,metaspace] GC(31) Y: Metaspace: 30M used, 33M committed, 3136M reserved
[88.271s][info   ][gc,metaspace] GC(31) O: Metaspace: 30M used, 33M committed, 3136M reserved
[88.271s][info   ][gc          ] GC(31) Major Collection (System.gc()) 2464M(40%)->2464M(40%) 2.656s
[88.272s][info   ][gc          ] GC(32) Major Collection (System.gc())
[88.279s][info   ][gc,metaspace] GC(32) Y: Metaspace: 30M used, 33M committed, 3136M reserved
[88.286s][info   ][gc,metaspace] GC(32) Y: Metaspace: 30M used, 33M committed, 3136M reserved
[90.695s][info   ][gc,metaspace] GC(32) O: Metaspace: 30M used, 33M committed, 3136M reserved
[90.695s][info   ][gc          ] GC(32) Major Collection (System.gc()) 2464M(40%)->2464M(40%) 2.423s
[90.695s][info   ][gc          ] GC(33) Major Collection (System.gc())
[90.707s][info   ][gc,metaspace] GC(33) Y: Metaspace: 30M used, 33M committed, 3136M reserved
[90.713s][info   ][gc,metaspace] GC(33) Y: Metaspace: 30M used, 33M committed, 3136M reserved
[93.062s][info   ][gc,metaspace] GC(33) O: Metaspace: 30M used, 33M committed, 3136M reserved
[93.062s][info   ][gc          ] GC(33) Major Collection (System.gc()) 2464M(40%)->2464M(40%) 2.368s
[93.062s][info   ][gc          ] GC(34) Major Collection (System.gc())
[93.069s][info   ][gc,metaspace] GC(34) Y: Metaspace: 30M used, 33M committed, 3136M reserved
[93.076s][info   ][gc,metaspace] GC(34) Y: Metaspace: 30M used, 33M committed, 3136M reserved
[95.577s][info   ][gc,metaspace] GC(34) O: Metaspace: 30M used, 33M committed, 3136M reserved
[95.577s][info   ][gc          ] GC(34) Major Collection (System.gc()) 2464M(40%)->2464M(40%) 2.515s
[95.577s][info   ][gc          ] GC(35) Major Collection (System.gc())
[95.585s][info   ][gc,metaspace] GC(35) Y: Metaspace: 30M used, 33M committed, 3136M reserved
[95.592s][info   ][gc,metaspace] GC(35) Y: Metaspace: 30M used, 33M committed, 3136M reserved
[98.257s][info   ][gc,metaspace] GC(35) O: Metaspace: 30M used, 33M committed, 3136M reserved
[98.257s][info   ][gc          ] GC(35) Major Collection (System.gc()) 2464M(40%)->2464M(40%) 2.680s
[98.258s][info   ][gc          ] GC(36) Major Collection (System.gc())
[98.265s][info   ][gc,metaspace] GC(36) Y: Metaspace: 30M used, 33M committed, 3136M reserved
[98.273s][info   ][gc,metaspace] GC(36) Y: Metaspace: 30M used, 33M committed, 3136M reserved
[100.695s][info   ][gc,metaspace] GC(36) O: Metaspace: 30M used, 33M committed, 3136M reserved
[100.695s][info   ][gc          ] GC(36) Major Collection (System.gc()) 2464M(40%)->2464M(40%) 2.437s
[100.695s][info   ][gc          ] GC(37) Major Collection (System.gc())
[100.702s][info   ][gc,metaspace] GC(37) Y: Metaspace: 30M used, 33M committed, 3136M reserved
[100.709s][info   ][gc,metaspace] GC(37) Y: Metaspace: 30M used, 33M committed, 3136M reserved
[103.363s][info   ][gc,metaspace] GC(37) O: Metaspace: 30M used, 33M committed, 3136M reserved
[103.363s][info   ][gc          ] GC(37) Major Collection (System.gc()) 2464M(40%)->2464M(40%) 2.668s
[103.363s][info   ][gc          ] GC(38) Major Collection (System.gc())
[103.376s][info   ][gc,metaspace] GC(38) Y: Metaspace: 30M used, 33M committed, 3136M reserved
[103.383s][info   ][gc,metaspace] GC(38) Y: Metaspace: 30M used, 33M committed, 3136M reserved
[105.737s][info   ][gc,metaspace] GC(38) O: Metaspace: 30M used, 33M committed, 3136M reserved
[105.737s][info   ][gc          ] GC(38) Major Collection (System.gc()) 2464M(40%)->2464M(40%) 2.373s
[105.737s][info   ][gc          ] GC(39) Major Collection (System.gc())
[105.744s][info   ][gc,metaspace] GC(39) Y: Metaspace: 30M used, 33M committed, 3136M reserved
[105.751s][info   ][gc,metaspace] GC(39) Y: Metaspace: 30M used, 33M committed, 3136M reserved
[108.409s][info   ][gc,metaspace] GC(39) O: Metaspace: 30M used, 33M committed, 3136M reserved
[108.409s][info   ][gc          ] GC(39) Major Collection (System.gc()) 2464M(40%)->2464M(40%) 2.672s
[108.409s][info   ][gc          ] GC(40) Major Collection (System.gc())
[108.416s][info   ][gc,metaspace] GC(40) Y: Metaspace: 30M used, 33M committed, 3136M reserved
[108.423s][info   ][gc,metaspace] GC(40) Y: Metaspace: 30M used, 33M committed, 3136M reserved
[111.137s][info   ][gc,metaspace] GC(40) O: Metaspace: 30M used, 33M committed, 3136M reserved
[111.137s][info   ][gc          ] GC(40) Major Collection (System.gc()) 2464M(40%)->2464M(40%) 2.728s
[111.137s][info   ][gc          ] GC(41) Major Collection (System.gc())
[111.145s][info   ][gc,metaspace] GC(41) Y: Metaspace: 30M used, 33M committed, 3136M reserved
[111.152s][info   ][gc,metaspace] GC(41) Y: Metaspace: 30M used, 33M committed, 3136M reserved
[113.843s][info   ][gc,metaspace] GC(41) O: Metaspace: 30M used, 33M committed, 3136M reserved
[113.843s][info   ][gc          ] GC(41) Major Collection (System.gc()) 2464M(40%)->2464M(40%) 2.706s
[113.848s][info   ][gc          ] GC(42) Major Collection (System.gc())
[113.855s][info   ][gc,metaspace] GC(42) Y: Metaspace: 30M used, 33M committed, 3136M reserved
[113.861s][info   ][gc,metaspace] GC(42) Y: Metaspace: 30M used, 33M committed, 3136M reserved
[116.361s][info   ][gc,metaspace] GC(42) O: Metaspace: 30M used, 33M committed, 3136M reserved
[116.361s][info   ][gc          ] GC(42) Major Collection (System.gc()) 2464M(40%)->2464M(40%) 2.513s
[116.361s][info   ][gc          ] GC(43) Major Collection (System.gc())
[116.368s][info   ][gc,metaspace] GC(43) Y: Metaspace: 30M used, 33M committed, 3136M reserved
[116.375s][info   ][gc,metaspace] GC(43) Y: Metaspace: 30M used, 33M committed, 3136M reserved
[119.387s][info   ][gc,metaspace] GC(43) O: Metaspace: 30M used, 33M committed, 3136M reserved
[119.387s][info   ][gc          ] GC(43) Major Collection (System.gc()) 2464M(40%)->2464M(40%) 3.026s
[119.387s][info   ][gc          ] GC(44) Major Collection (System.gc())
[119.400s][info   ][gc,metaspace] GC(44) Y: Metaspace: 30M used, 33M committed, 3136M reserved
[119.407s][info   ][gc,metaspace] GC(44) Y: Metaspace: 30M used, 33M committed, 3136M reserved
[121.767s][info   ][gc,metaspace] GC(44) O: Metaspace: 30M used, 33M committed, 3136M reserved
[121.767s][info   ][gc          ] GC(44) Major Collection (System.gc()) 2464M(40%)->2464M(40%) 2.380s
[121.767s][info   ][gc          ] GC(45) Major Collection (System.gc())
[121.774s][info   ][gc,metaspace] GC(45) Y: Metaspace: 30M used, 33M committed, 3136M reserved
[121.781s][info   ][gc,metaspace] GC(45) Y: Metaspace: 30M used, 33M committed, 3136M reserved
[124.685s][info   ][gc,metaspace] GC(45) O: Metaspace: 30M used, 33M committed, 3136M reserved
[124.685s][info   ][gc          ] GC(45) Major Collection (System.gc()) 2464M(40%)->2464M(40%) 2.919s
[124.686s][info   ][gc          ] GC(46) Major Collection (System.gc())
[124.693s][info   ][gc,metaspace] GC(46) Y: Metaspace: 30M used, 33M committed, 3136M reserved
[124.700s][info   ][gc,metaspace] GC(46) Y: Metaspace: 30M used, 33M committed, 3136M reserved
[127.360s][info   ][gc,metaspace] GC(46) O: Metaspace: 30M used, 33M committed, 3136M reserved
[127.360s][info   ][gc          ] GC(46) Major Collection (System.gc()) 2464M(40%)->2466M(40%) 2.675s
[127.361s][info   ][gc          ] GC(47) Major Collection (System.gc())
[127.368s][info   ][gc,metaspace] GC(47) Y: Metaspace: 30M used, 33M committed, 3136M reserved
[127.376s][info   ][gc,metaspace] GC(47) Y: Metaspace: 30M used, 33M committed, 3136M reserved
[129.947s][info   ][gc,metaspace] GC(47) O: Metaspace: 30M used, 33M committed, 3136M reserved
[129.947s][info   ][gc          ] GC(47) Major Collection (System.gc()) 2466M(40%)->2464M(40%) 2.587s
[129.947s][info   ][gc          ] GC(48) Major Collection (System.gc())
[129.954s][info   ][gc,metaspace] GC(48) Y: Metaspace: 30M used, 33M committed, 3136M reserved
[129.962s][info   ][gc,metaspace] GC(48) Y: Metaspace: 30M used, 33M committed, 3136M reserved
[132.815s][info   ][gc,metaspace] GC(48) O: Metaspace: 30M used, 33M committed, 3136M reserved
[132.815s][info   ][gc          ] GC(48) Major Collection (System.gc()) 2464M(40%)->2464M(40%) 2.868s
[132.815s][info   ][gc          ] GC(49) Major Collection (System.gc())
[132.822s][info   ][gc,metaspace] GC(49) Y: Metaspace: 30M used, 33M committed, 3136M reserved
[132.829s][info   ][gc,metaspace] GC(49) Y: Metaspace: 30M used, 33M committed, 3136M reserved
[135.432s][info   ][gc,metaspace] GC(49) O: Metaspace: 30M used, 33M committed, 3136M reserved
[135.432s][info   ][gc          ] GC(49) Major Collection (System.gc()) 2464M(40%)->2464M(40%) 2.616s
[135.432s][info   ][gc          ] GC(50) Major Collection (System.gc())
[135.439s][info   ][gc,metaspace] GC(50) Y: Metaspace: 30M used, 33M committed, 3136M reserved
[135.446s][info   ][gc,metaspace] GC(50) Y: Metaspace: 30M used, 33M committed, 3136M reserved
[138.144s][info   ][gc,metaspace] GC(50) O: Metaspace: 30M used, 33M committed, 3136M reserved
[138.144s][info   ][gc          ] GC(50) Major Collection (System.gc()) 2464M(40%)->2464M(40%) 2.712s
[138.144s][info   ][gc          ] GC(51) Major Collection (System.gc())
[138.152s][info   ][gc,metaspace] GC(51) Y: Metaspace: 30M used, 33M committed, 3136M reserved
[138.159s][info   ][gc,metaspace] GC(51) Y: Metaspace: 30M used, 33M committed, 3136M reserved
[140.625s][info   ][gc,metaspace] GC(51) O: Metaspace: 30M used, 33M committed, 3136M reserved
[140.625s][info   ][gc          ] GC(51) Major Collection (System.gc()) 2464M(40%)->2464M(40%) 2.481s
[140.625s][info   ][gc          ] GC(52) Major Collection (System.gc())
[140.632s][info   ][gc,metaspace] GC(52) Y: Metaspace: 30M used, 33M committed, 3136M reserved
[140.639s][info   ][gc,metaspace] GC(52) Y: Metaspace: 30M used, 33M committed, 3136M reserved
[143.271s][info   ][gc,metaspace] GC(52) O: Metaspace: 30M used, 33M committed, 3136M reserved
[143.271s][info   ][gc          ] GC(52) Major Collection (System.gc()) 2464M(40%)->2464M(40%) 2.646s
[143.271s][info   ][gc          ] GC(53) Major Collection (System.gc())
[143.279s][info   ][gc,metaspace] GC(53) Y: Metaspace: 30M used, 33M committed, 3136M reserved
[143.286s][info   ][gc,metaspace] GC(53) Y: Metaspace: 30M used, 33M committed, 3136M reserved
[145.707s][info   ][gc,metaspace] GC(53) O: Metaspace: 30M used, 33M committed, 3136M reserved
[145.707s][info   ][gc          ] GC(53) Major Collection (System.gc()) 2464M(40%)->2464M(40%) 2.435s
[145.707s][info   ][gc          ] GC(54) Major Collection (System.gc())
[145.714s][info   ][gc,metaspace] GC(54) Y: Metaspace: 30M used, 33M committed, 3136M reserved
[145.720s][info   ][gc,metaspace] GC(54) Y: Metaspace: 30M used, 33M committed, 3136M reserved
[148.394s][info   ][gc,metaspace] GC(54) O: Metaspace: 30M used, 33M committed, 3136M reserved
[148.394s][info   ][gc          ] GC(54) Major Collection (System.gc()) 2464M(40%)->2464M(40%) 2.687s
[148.394s][info   ][gc          ] GC(55) Major Collection (System.gc())
[148.402s][info   ][gc,metaspace] GC(55) Y: Metaspace: 30M used, 33M committed, 3136M reserved
[148.409s][info   ][gc,metaspace] GC(55) Y: Metaspace: 30M used, 33M committed, 3136M reserved
[151.142s][info   ][gc,metaspace] GC(55) O: Metaspace: 30M used, 33M committed, 3136M reserved
[151.142s][info   ][gc          ] GC(55) Major Collection (System.gc()) 2464M(40%)->2464M(40%) 2.748s
[151.142s][info   ][gc          ] GC(56) Major Collection (System.gc())
[151.150s][info   ][gc,metaspace] GC(56) Y: Metaspace: 30M used, 33M committed, 3136M reserved
[151.158s][info   ][gc,metaspace] GC(56) Y: Metaspace: 30M used, 33M committed, 3136M reserved
[153.617s][info   ][gc,metaspace] GC(56) O: Metaspace: 30M used, 33M committed, 3136M reserved
[153.617s][info   ][gc          ] GC(56) Major Collection (System.gc()) 2464M(40%)->2464M(40%) 2.474s
[153.617s][info   ][gc          ] GC(57) Major Collection (System.gc())
[153.623s][info   ][gc,metaspace] GC(57) Y: Metaspace: 30M used, 33M committed, 3136M reserved
[153.630s][info   ][gc,metaspace] GC(57) Y: Metaspace: 30M used, 33M committed, 3136M reserved
[156.339s][info   ][gc,metaspace] GC(57) O: Metaspace: 30M used, 33M committed, 3136M reserved
[156.339s][info   ][gc          ] GC(57) Major Collection (System.gc()) 2464M(40%)->2464M(40%) 2.722s
[156.339s][info   ][gc          ] GC(58) Major Collection (System.gc())
[156.347s][info   ][gc,metaspace] GC(58) Y: Metaspace: 30M used, 33M committed, 3136M reserved
[156.354s][info   ][gc,metaspace] GC(58) Y: Metaspace: 30M used, 33M committed, 3136M reserved
[159.130s][info   ][gc,metaspace] GC(58) O: Metaspace: 30M used, 33M committed, 3136M reserved
[159.130s][info   ][gc          ] GC(58) Major Collection (System.gc()) 2464M(40%)->2464M(40%) 2.791s
[159.130s][info   ][gc          ] GC(59) Major Collection (System.gc())
[159.138s][info   ][gc,metaspace] GC(59) Y: Metaspace: 30M used, 33M committed, 3136M reserved
[159.145s][info   ][gc,metaspace] GC(59) Y: Metaspace: 30M used, 33M committed, 3136M reserved
[161.618s][info   ][gc,metaspace] GC(59) O: Metaspace: 30M used, 33M committed, 3136M reserved
[161.618s][info   ][gc          ] GC(59) Major Collection (System.gc()) 2464M(40%)->2464M(40%) 2.488s
[161.618s][info   ][gc          ] GC(60) Major Collection (System.gc())
[161.631s][info   ][gc,metaspace] GC(60) Y: Metaspace: 30M used, 33M committed, 3136M reserved
[161.638s][info   ][gc,metaspace] GC(60) Y: Metaspace: 30M used, 33M committed, 3136M reserved
[164.155s][info   ][gc,metaspace] GC(60) O: Metaspace: 30M used, 33M committed, 3136M reserved
[164.155s][info   ][gc          ] GC(60) Major Collection (System.gc()) 2464M(40%)->2464M(40%) 2.537s
[164.155s][info   ][gc          ] GC(61) Major Collection (System.gc())
[164.163s][info   ][gc,metaspace] GC(61) Y: Metaspace: 30M used, 33M committed, 3136M reserved
[164.171s][info   ][gc,metaspace] GC(61) Y: Metaspace: 30M used, 33M committed, 3136M reserved
[166.642s][info   ][gc,metaspace] GC(61) O: Metaspace: 30M used, 33M committed, 3136M reserved
[166.642s][info   ][gc          ] GC(61) Major Collection (System.gc()) 2464M(40%)->2464M(40%) 2.486s
[166.642s][info   ][gc          ] GC(62) Major Collection (System.gc())
[166.649s][info   ][gc,metaspace] GC(62) Y: Metaspace: 30M used, 33M committed, 3136M reserved
[166.657s][info   ][gc,metaspace] GC(62) Y: Metaspace: 30M used, 33M committed, 3136M reserved
[169.285s][info   ][gc,metaspace] GC(62) O: Metaspace: 30M used, 33M committed, 3136M reserved
[169.285s][info   ][gc          ] GC(62) Major Collection (System.gc()) 2464M(40%)->2464M(40%) 2.644s
After GCs... 
