[0.002s][warning][pagesize] UseLargePages disabled, no large pages configured and available on the system.
[0.002s][info   ][metaspace]  - commit_granule_bytes: 65536.
[0.002s][info   ][metaspace]  - commit_granule_words: 8192.
[0.002s][info   ][metaspace]  - virtual_space_node_default_size: 8388608.
[0.002s][info   ][metaspace]  - enlarge_chunks_in_place: 1.
[0.002s][info   ][metaspace]  - use_allocation_guard: 0.
[3.858s][info   ][gc       ] Using The Z Garbage Collector
[3.858s][info   ][metaspace] Reserving compressed class space anywhere
[3.858s][info   ][gc,metaspace] CDS archive(s) not mapped
[3.858s][info   ][gc,metaspace] Compressed class space mapped at: 0x000000000d000000-0x00000000cd000000, reserved size: 3221225472
[3.858s][info   ][gc,metaspace] UseCompressedClassPointers 1, UseCompactObjectHeaders 1, narrow klass pointer bits 22, max shift 10
[3.858s][info   ][gc,metaspace] Narrow klass base: 0x000000000d000000, Narrow klass shift: 10, Narrow klass range: 0xc0000000
Random Seed: 12345678
Num Classes: 4096
Num Objects: 67108864
Percent IK Objects: 83.0%)
Percent OAK Objects: 5.0%)
Percent TAK Objects: 12.0%)
Cycles: 50
Loading 4096 pre-generated classes ...
Materialize pre-generated constructors ...
Creating objects...
[4.258s][info   ][gc          ] GC(0) Major Collection (System.gc())
[4.283s][info   ][gc,metaspace] GC(0) Y: Metaspace: 17M used, 17M committed, 3136M reserved
[4.287s][info   ][gc,metaspace] GC(0) Y: Metaspace: 17M used, 17M committed, 3136M reserved
[4.307s][info   ][gc,metaspace] GC(0) O: Metaspace: 17M used, 17M committed, 3136M reserved
[4.307s][info   ][gc          ] GC(0) Major Collection (System.gc()) 68M(1%)->42M(1%) 0.049s
[4.547s][info   ][gc          ] GC(1) Major Collection (Warmup)
[4.692s][info   ][gc,metaspace] GC(1) Y: Metaspace: 18M used, 18M committed, 3136M reserved
[4.717s][info   ][gc,metaspace] GC(1) O: Metaspace: 18M used, 19M committed, 3136M reserved
[4.717s][info   ][gc          ] GC(1) Major Collection (Warmup) 626M(10%)->652M(11%) 0.170s
[6.335s][info   ][gc          ] GC(2) Major Collection (Warmup)
[7.511s][info   ][gc,metaspace] GC(2) Y: Metaspace: 30M used, 34M committed, 3136M reserved
[7.521s][info   ][gc          ] GC(3) Minor Collection (Allocation Rate)
[8.058s][info   ][gc,metaspace] GC(3) y: Metaspace: 30M used, 34M committed, 3136M reserved
[8.058s][info   ][gc          ] GC(3) Minor Collection (Allocation Rate) 1108M(18%)->908M(15%) 0.537s
[8.177s][info   ][gc,metaspace] GC(2) O: Metaspace: 30M used, 34M committed, 3136M reserved
[8.177s][info   ][gc          ] GC(2) Major Collection (Warmup) 1232M(20%)->962M(16%) 1.842s
[10.049s][info   ][gc          ] GC(4) Major Collection (Warmup)
[10.875s][info   ][gc,metaspace] GC(4) Y: Metaspace: 30M used, 34M committed, 3136M reserved
[11.806s][info   ][gc,metaspace] GC(4) O: Metaspace: 30M used, 34M committed, 3136M reserved
[11.806s][info   ][gc          ] GC(4) Major Collection (Warmup) 1846M(30%)->1620M(26%) 1.757s
[14.544s][info   ][gc          ] GC(5) Minor Collection (Allocation Rate)
[15.710s][info   ][gc,metaspace] GC(5) y: Metaspace: 30M used, 34M committed, 3136M reserved
[15.710s][info   ][gc          ] GC(5) Minor Collection (Allocation Rate) 2970M(48%)->1560M(25%) 1.166s
[20.714s][info   ][gc          ] GC(6) Minor Collection (Allocation Rate)
[23.075s][info   ][gc,metaspace] GC(6) y: Metaspace: 30M used, 34M committed, 3136M reserved
[23.075s][info   ][gc          ] GC(6) Minor Collection (Allocation Rate) 4112M(67%)->3006M(49%) 2.361s
[23.075s][info   ][gc          ] GC(7) Minor Collection (Allocation Rate)
[25.906s][info   ][gc,metaspace] GC(7) y: Metaspace: 30M used, 34M committed, 3136M reserved
[25.906s][info   ][gc          ] GC(7) Minor Collection (Allocation Rate) 3006M(49%)->4288M(70%) 2.832s
[25.907s][info   ][gc          ] GC(8) Major Collection (Allocation Rate)
[27.624s][info   ][gc,metaspace] GC(8) Y: Metaspace: 30M used, 34M committed, 3136M reserved
[27.634s][info   ][gc          ] GC(9) Minor Collection (Allocation Rate)
[30.899s][info   ][gc          ] Allocation Stall (main) 665.999ms
67108864 Objects created
 - IK: 55699211 (82.99829%)
 - OAK: 3355627 (5.0002737%)
 - TAK: 8054026 (12.001434%)
Preparatory GC...
[31.413s][info   ][gc,metaspace] GC(9) y: Metaspace: 30M used, 34M committed, 3136M reserved
[31.413s][info   ][gc          ] GC(9) Minor Collection (Allocation Rate) 3510M(57%)->4808M(78%) 3.779s
[31.994s][info   ][gc          ] GC(10) Minor Collection (Allocation Rate)
[33.612s][info   ][gc,metaspace] GC(10) y: Metaspace: 30M used, 34M committed, 3136M reserved
[33.612s][info   ][gc          ] GC(10) Minor Collection (Allocation Rate) 4808M(78%)->2228M(36%) 1.618s
[33.612s][info   ][gc,metaspace] GC(8) O: Metaspace: 30M used, 34M committed, 3136M reserved
[33.612s][info   ][gc          ] GC(8) Major Collection (Allocation Rate) 4288M(70%)->2228M(36%) 7.706s
[33.612s][info   ][gc          ] GC(11) Major Collection (System.gc())
[35.522s][info   ][gc,metaspace] GC(11) Y: Metaspace: 30M used, 34M committed, 3136M reserved
[35.755s][info   ][gc,metaspace] GC(11) Y: Metaspace: 30M used, 34M committed, 3136M reserved
[38.380s][info   ][gc,metaspace] GC(11) O: Metaspace: 30M used, 34M committed, 3136M reserved
[38.380s][info   ][gc          ] GC(11) Major Collection (System.gc()) 2228M(36%)->2212M(36%) 4.768s
[38.380s][info   ][gc          ] GC(12) Major Collection (System.gc())
[38.391s][info   ][gc,metaspace] GC(12) Y: Metaspace: 30M used, 34M committed, 3136M reserved
[38.400s][info   ][gc,metaspace] GC(12) Y: Metaspace: 30M used, 34M committed, 3136M reserved
[40.827s][info   ][gc,metaspace] GC(12) O: Metaspace: 30M used, 34M committed, 3136M reserved
[40.827s][info   ][gc          ] GC(12) Major Collection (System.gc()) 2212M(36%)->2212M(36%) 2.446s
Done; will start GCs... 
[40.827s][info   ][gc          ] GC(13) Major Collection (System.gc())
[40.837s][info   ][gc,metaspace] GC(13) Y: Metaspace: 30M used, 34M committed, 3136M reserved
[40.846s][info   ][gc,metaspace] GC(13) Y: Metaspace: 30M used, 34M committed, 3136M reserved
[43.193s][info   ][gc,metaspace] GC(13) O: Metaspace: 30M used, 34M committed, 3136M reserved
[43.193s][info   ][gc          ] GC(13) Major Collection (System.gc()) 2214M(36%)->2212M(36%) 2.366s
[43.193s][info   ][gc          ] GC(14) Major Collection (System.gc())
[43.201s][info   ][gc,metaspace] GC(14) Y: Metaspace: 30M used, 34M committed, 3136M reserved
[43.209s][info   ][gc,metaspace] GC(14) Y: Metaspace: 30M used, 34M committed, 3136M reserved
[45.804s][info   ][gc,metaspace] GC(14) O: Metaspace: 30M used, 34M committed, 3136M reserved
[45.804s][info   ][gc          ] GC(14) Major Collection (System.gc()) 2212M(36%)->2212M(36%) 2.611s
[45.804s][info   ][gc          ] GC(15) Major Collection (System.gc())
[45.813s][info   ][gc,metaspace] GC(15) Y: Metaspace: 30M used, 34M committed, 3136M reserved
[45.821s][info   ][gc,metaspace] GC(15) Y: Metaspace: 30M used, 34M committed, 3136M reserved
[48.568s][info   ][gc,metaspace] GC(15) O: Metaspace: 30M used, 34M committed, 3136M reserved
[48.568s][info   ][gc          ] GC(15) Major Collection (System.gc()) 2212M(36%)->2212M(36%) 2.764s
[48.568s][info   ][gc          ] GC(16) Major Collection (System.gc())
[48.576s][info   ][gc,metaspace] GC(16) Y: Metaspace: 30M used, 34M committed, 3136M reserved
[48.584s][info   ][gc,metaspace] GC(16) Y: Metaspace: 30M used, 34M committed, 3136M reserved
[51.015s][info   ][gc,metaspace] GC(16) O: Metaspace: 30M used, 34M committed, 3136M reserved
[51.015s][info   ][gc          ] GC(16) Major Collection (System.gc()) 2212M(36%)->2212M(36%) 2.447s
[51.015s][info   ][gc          ] GC(17) Major Collection (System.gc())
[51.024s][info   ][gc,metaspace] GC(17) Y: Metaspace: 30M used, 34M committed, 3136M reserved
[51.032s][info   ][gc,metaspace] GC(17) Y: Metaspace: 30M used, 34M committed, 3136M reserved
[53.419s][info   ][gc,metaspace] GC(17) O: Metaspace: 30M used, 34M committed, 3136M reserved
[53.419s][info   ][gc          ] GC(17) Major Collection (System.gc()) 2212M(36%)->2212M(36%) 2.404s
[53.419s][info   ][gc          ] GC(18) Major Collection (System.gc())
[53.427s][info   ][gc,metaspace] GC(18) Y: Metaspace: 30M used, 34M committed, 3136M reserved
[53.435s][info   ][gc,metaspace] GC(18) Y: Metaspace: 30M used, 34M committed, 3136M reserved
[55.932s][info   ][gc,metaspace] GC(18) O: Metaspace: 30M used, 34M committed, 3136M reserved
[55.932s][info   ][gc          ] GC(18) Major Collection (System.gc()) 2212M(36%)->2212M(36%) 2.513s
[55.932s][info   ][gc          ] GC(19) Major Collection (System.gc())
[55.941s][info   ][gc,metaspace] GC(19) Y: Metaspace: 30M used, 34M committed, 3136M reserved
[55.948s][info   ][gc,metaspace] GC(19) Y: Metaspace: 30M used, 34M committed, 3136M reserved
[58.540s][info   ][gc,metaspace] GC(19) O: Metaspace: 30M used, 34M committed, 3136M reserved
[58.540s][info   ][gc          ] GC(19) Major Collection (System.gc()) 2212M(36%)->2212M(36%) 2.608s
[58.540s][info   ][gc          ] GC(20) Major Collection (System.gc())
[58.548s][info   ][gc,metaspace] GC(20) Y: Metaspace: 30M used, 34M committed, 3136M reserved
[58.557s][info   ][gc,metaspace] GC(20) Y: Metaspace: 30M used, 34M committed, 3136M reserved
[60.982s][info   ][gc,metaspace] GC(20) O: Metaspace: 30M used, 34M committed, 3136M reserved
[60.982s][info   ][gc          ] GC(20) Major Collection (System.gc()) 2212M(36%)->2212M(36%) 2.443s
[60.982s][info   ][gc          ] GC(21) Major Collection (System.gc())
[60.991s][info   ][gc,metaspace] GC(21) Y: Metaspace: 30M used, 34M committed, 3136M reserved
[60.999s][info   ][gc,metaspace] GC(21) Y: Metaspace: 30M used, 34M committed, 3136M reserved
[63.400s][info   ][gc,metaspace] GC(21) O: Metaspace: 30M used, 34M committed, 3136M reserved
[63.400s][info   ][gc          ] GC(21) Major Collection (System.gc()) 2212M(36%)->2212M(36%) 2.417s
[63.400s][info   ][gc          ] GC(22) Major Collection (System.gc())
[63.408s][info   ][gc,metaspace] GC(22) Y: Metaspace: 30M used, 34M committed, 3136M reserved
[63.416s][info   ][gc,metaspace] GC(22) Y: Metaspace: 30M used, 34M committed, 3136M reserved
[65.854s][info   ][gc,metaspace] GC(22) O: Metaspace: 30M used, 34M committed, 3136M reserved
[65.854s][info   ][gc          ] GC(22) Major Collection (System.gc()) 2212M(36%)->2214M(36%) 2.455s
[65.854s][info   ][gc          ] GC(23) Major Collection (System.gc())
[65.863s][info   ][gc,metaspace] GC(23) Y: Metaspace: 30M used, 34M committed, 3136M reserved
[65.870s][info   ][gc,metaspace] GC(23) Y: Metaspace: 30M used, 34M committed, 3136M reserved
[68.257s][info   ][gc,metaspace] GC(23) O: Metaspace: 30M used, 34M committed, 3136M reserved
[68.257s][info   ][gc          ] GC(23) Major Collection (System.gc()) 2214M(36%)->2214M(36%) 2.403s
[68.257s][info   ][gc          ] GC(24) Major Collection (System.gc())
[68.264s][info   ][gc,metaspace] GC(24) Y: Metaspace: 30M used, 34M committed, 3136M reserved
[68.270s][info   ][gc,metaspace] GC(24) Y: Metaspace: 30M used, 34M committed, 3136M reserved
[71.133s][info   ][gc,metaspace] GC(24) O: Metaspace: 30M used, 34M committed, 3136M reserved
[71.133s][info   ][gc          ] GC(24) Major Collection (System.gc()) 2214M(36%)->2214M(36%) 2.875s
[71.133s][info   ][gc          ] GC(25) Major Collection (System.gc())
[71.139s][info   ][gc,metaspace] GC(25) Y: Metaspace: 30M used, 34M committed, 3136M reserved
[71.146s][info   ][gc,metaspace] GC(25) Y: Metaspace: 30M used, 34M committed, 3136M reserved
[73.868s][info   ][gc,metaspace] GC(25) O: Metaspace: 30M used, 34M committed, 3136M reserved
[73.868s][info   ][gc          ] GC(25) Major Collection (System.gc()) 2214M(36%)->2214M(36%) 2.735s
[73.868s][info   ][gc          ] GC(26) Major Collection (System.gc())
[73.874s][info   ][gc,metaspace] GC(26) Y: Metaspace: 30M used, 34M committed, 3136M reserved
[73.881s][info   ][gc,metaspace] GC(26) Y: Metaspace: 30M used, 34M committed, 3136M reserved
[76.553s][info   ][gc,metaspace] GC(26) O: Metaspace: 30M used, 34M committed, 3136M reserved
[76.553s][info   ][gc          ] GC(26) Major Collection (System.gc()) 2214M(36%)->2214M(36%) 2.685s
[76.553s][info   ][gc          ] GC(27) Major Collection (System.gc())
[76.559s][info   ][gc,metaspace] GC(27) Y: Metaspace: 30M used, 34M committed, 3136M reserved
[76.566s][info   ][gc,metaspace] GC(27) Y: Metaspace: 30M used, 34M committed, 3136M reserved
[78.933s][info   ][gc,metaspace] GC(27) O: Metaspace: 30M used, 34M committed, 3136M reserved
[78.933s][info   ][gc          ] GC(27) Major Collection (System.gc()) 2214M(36%)->2214M(36%) 2.380s
[78.933s][info   ][gc          ] GC(28) Major Collection (System.gc())
[78.939s][info   ][gc,metaspace] GC(28) Y: Metaspace: 30M used, 34M committed, 3136M reserved
[78.945s][info   ][gc,metaspace] GC(28) Y: Metaspace: 30M used, 34M committed, 3136M reserved
[81.495s][info   ][gc,metaspace] GC(28) O: Metaspace: 30M used, 34M committed, 3136M reserved
[81.495s][info   ][gc          ] GC(28) Major Collection (System.gc()) 2214M(36%)->2214M(36%) 2.561s
[81.495s][info   ][gc          ] GC(29) Major Collection (System.gc())
[81.501s][info   ][gc,metaspace] GC(29) Y: Metaspace: 30M used, 34M committed, 3136M reserved
[81.507s][info   ][gc,metaspace] GC(29) Y: Metaspace: 30M used, 34M committed, 3136M reserved
[83.889s][info   ][gc,metaspace] GC(29) O: Metaspace: 30M used, 34M committed, 3136M reserved
[83.889s][info   ][gc          ] GC(29) Major Collection (System.gc()) 2214M(36%)->2214M(36%) 2.394s
[83.889s][info   ][gc          ] GC(30) Major Collection (System.gc())
[83.895s][info   ][gc,metaspace] GC(30) Y: Metaspace: 30M used, 34M committed, 3136M reserved
[83.901s][info   ][gc,metaspace] GC(30) Y: Metaspace: 30M used, 34M committed, 3136M reserved
[86.444s][info   ][gc,metaspace] GC(30) O: Metaspace: 30M used, 34M committed, 3136M reserved
[86.444s][info   ][gc          ] GC(30) Major Collection (System.gc()) 2214M(36%)->2214M(36%) 2.555s
[86.444s][info   ][gc          ] GC(31) Major Collection (System.gc())
[86.450s][info   ][gc,metaspace] GC(31) Y: Metaspace: 30M used, 34M committed, 3136M reserved
[86.457s][info   ][gc,metaspace] GC(31) Y: Metaspace: 30M used, 34M committed, 3136M reserved
[88.893s][info   ][gc,metaspace] GC(31) O: Metaspace: 30M used, 34M committed, 3136M reserved
[88.893s][info   ][gc          ] GC(31) Major Collection (System.gc()) 2214M(36%)->2214M(36%) 2.449s
[88.893s][info   ][gc          ] GC(32) Major Collection (System.gc())
[88.899s][info   ][gc,metaspace] GC(32) Y: Metaspace: 30M used, 34M committed, 3136M reserved
[88.906s][info   ][gc,metaspace] GC(32) Y: Metaspace: 30M used, 34M committed, 3136M reserved
[91.510s][info   ][gc,metaspace] GC(32) O: Metaspace: 30M used, 34M committed, 3136M reserved
[91.510s][info   ][gc          ] GC(32) Major Collection (System.gc()) 2214M(36%)->2214M(36%) 2.617s
[91.510s][info   ][gc          ] GC(33) Major Collection (System.gc())
[91.517s][info   ][gc,metaspace] GC(33) Y: Metaspace: 30M used, 34M committed, 3136M reserved
[91.523s][info   ][gc,metaspace] GC(33) Y: Metaspace: 30M used, 34M committed, 3136M reserved
[93.896s][info   ][gc,metaspace] GC(33) O: Metaspace: 30M used, 34M committed, 3136M reserved
[93.896s][info   ][gc          ] GC(33) Major Collection (System.gc()) 2214M(36%)->2214M(36%) 2.385s
[93.896s][info   ][gc          ] GC(34) Major Collection (System.gc())
[93.908s][info   ][gc,metaspace] GC(34) Y: Metaspace: 30M used, 34M committed, 3136M reserved
[93.915s][info   ][gc,metaspace] GC(34) Y: Metaspace: 30M used, 34M committed, 3136M reserved
[96.150s][info   ][gc,metaspace] GC(34) O: Metaspace: 30M used, 34M committed, 3136M reserved
[96.150s][info   ][gc          ] GC(34) Major Collection (System.gc()) 2214M(36%)->2214M(36%) 2.254s
[96.150s][info   ][gc          ] GC(35) Major Collection (System.gc())
[96.156s][info   ][gc,metaspace] GC(35) Y: Metaspace: 30M used, 34M committed, 3136M reserved
[96.163s][info   ][gc,metaspace] GC(35) Y: Metaspace: 30M used, 34M committed, 3136M reserved
[98.639s][info   ][gc,metaspace] GC(35) O: Metaspace: 30M used, 34M committed, 3136M reserved
[98.639s][info   ][gc          ] GC(35) Major Collection (System.gc()) 2214M(36%)->2214M(36%) 2.489s
[98.639s][info   ][gc          ] GC(36) Major Collection (System.gc())
[98.646s][info   ][gc,metaspace] GC(36) Y: Metaspace: 30M used, 34M committed, 3136M reserved
[98.652s][info   ][gc,metaspace] GC(36) Y: Metaspace: 30M used, 34M committed, 3136M reserved
[101.008s][info   ][gc,metaspace] GC(36) O: Metaspace: 30M used, 34M committed, 3136M reserved
[101.008s][info   ][gc          ] GC(36) Major Collection (System.gc()) 2214M(36%)->2214M(36%) 2.368s
[101.008s][info   ][gc          ] GC(37) Major Collection (System.gc())
[101.014s][info   ][gc,metaspace] GC(37) Y: Metaspace: 30M used, 34M committed, 3136M reserved
[101.021s][info   ][gc,metaspace] GC(37) Y: Metaspace: 30M used, 34M committed, 3136M reserved
[103.578s][info   ][gc,metaspace] GC(37) O: Metaspace: 30M used, 34M committed, 3136M reserved
[103.578s][info   ][gc          ] GC(37) Major Collection (System.gc()) 2214M(36%)->2214M(36%) 2.570s
[103.578s][info   ][gc          ] GC(38) Major Collection (System.gc())
[103.584s][info   ][gc,metaspace] GC(38) Y: Metaspace: 30M used, 34M committed, 3136M reserved
[103.591s][info   ][gc,metaspace] GC(38) Y: Metaspace: 30M used, 34M committed, 3136M reserved
[105.922s][info   ][gc,metaspace] GC(38) O: Metaspace: 30M used, 34M committed, 3136M reserved
[105.922s][info   ][gc          ] GC(38) Major Collection (System.gc()) 2214M(36%)->2214M(36%) 2.344s
[105.922s][info   ][gc          ] GC(39) Major Collection (System.gc())
[105.929s][info   ][gc,metaspace] GC(39) Y: Metaspace: 30M used, 34M committed, 3136M reserved
[105.936s][info   ][gc,metaspace] GC(39) Y: Metaspace: 30M used, 34M committed, 3136M reserved
[108.495s][info   ][gc,metaspace] GC(39) O: Metaspace: 30M used, 34M committed, 3136M reserved
[108.495s][info   ][gc          ] GC(39) Major Collection (System.gc()) 2214M(36%)->2214M(36%) 2.573s
[108.495s][info   ][gc          ] GC(40) Major Collection (System.gc())
[108.501s][info   ][gc,metaspace] GC(40) Y: Metaspace: 30M used, 34M committed, 3136M reserved
[108.508s][info   ][gc,metaspace] GC(40) Y: Metaspace: 30M used, 34M committed, 3136M reserved
[110.870s][info   ][gc,metaspace] GC(40) O: Metaspace: 30M used, 34M committed, 3136M reserved
[110.871s][info   ][gc          ] GC(40) Major Collection (System.gc()) 2214M(36%)->2214M(36%) 2.376s
[110.871s][info   ][gc          ] GC(41) Major Collection (System.gc())
[110.877s][info   ][gc,metaspace] GC(41) Y: Metaspace: 30M used, 34M committed, 3136M reserved
[110.884s][info   ][gc,metaspace] GC(41) Y: Metaspace: 30M used, 34M committed, 3136M reserved
[113.450s][info   ][gc,metaspace] GC(41) O: Metaspace: 30M used, 34M committed, 3136M reserved
[113.450s][info   ][gc          ] GC(41) Major Collection (System.gc()) 2214M(36%)->2214M(36%) 2.579s
[113.450s][info   ][gc          ] GC(42) Major Collection (System.gc())
[113.456s][info   ][gc,metaspace] GC(42) Y: Metaspace: 30M used, 34M committed, 3136M reserved
[113.463s][info   ][gc,metaspace] GC(42) Y: Metaspace: 30M used, 34M committed, 3136M reserved
[115.869s][info   ][gc,metaspace] GC(42) O: Metaspace: 30M used, 34M committed, 3136M reserved
[115.869s][info   ][gc          ] GC(42) Major Collection (System.gc()) 2214M(36%)->2214M(36%) 2.419s
[115.869s][info   ][gc          ] GC(43) Major Collection (System.gc())
[115.875s][info   ][gc,metaspace] GC(43) Y: Metaspace: 30M used, 34M committed, 3136M reserved
[115.881s][info   ][gc,metaspace] GC(43) Y: Metaspace: 30M used, 34M committed, 3136M reserved
[118.410s][info   ][gc,metaspace] GC(43) O: Metaspace: 30M used, 34M committed, 3136M reserved
[118.410s][info   ][gc          ] GC(43) Major Collection (System.gc()) 2214M(36%)->2214M(36%) 2.542s
[118.411s][info   ][gc          ] GC(44) Major Collection (System.gc())
[118.417s][info   ][gc,metaspace] GC(44) Y: Metaspace: 30M used, 34M committed, 3136M reserved
[118.424s][info   ][gc,metaspace] GC(44) Y: Metaspace: 30M used, 34M committed, 3136M reserved
[120.851s][info   ][gc,metaspace] GC(44) O: Metaspace: 30M used, 34M committed, 3136M reserved
[120.851s][info   ][gc          ] GC(44) Major Collection (System.gc()) 2214M(36%)->2214M(36%) 2.440s
[120.851s][info   ][gc          ] GC(45) Major Collection (System.gc())
[120.857s][info   ][gc,metaspace] GC(45) Y: Metaspace: 30M used, 34M committed, 3136M reserved
[120.864s][info   ][gc,metaspace] GC(45) Y: Metaspace: 30M used, 34M committed, 3136M reserved
[123.459s][info   ][gc,metaspace] GC(45) O: Metaspace: 30M used, 34M committed, 3136M reserved
[123.459s][info   ][gc          ] GC(45) Major Collection (System.gc()) 2214M(36%)->2214M(36%) 2.608s
[123.459s][info   ][gc          ] GC(46) Major Collection (System.gc())
[123.465s][info   ][gc,metaspace] GC(46) Y: Metaspace: 30M used, 34M committed, 3136M reserved
[123.472s][info   ][gc,metaspace] GC(46) Y: Metaspace: 30M used, 34M committed, 3136M reserved
[125.884s][info   ][gc,metaspace] GC(46) O: Metaspace: 30M used, 34M committed, 3136M reserved
[125.884s][info   ][gc          ] GC(46) Major Collection (System.gc()) 2214M(36%)->2216M(36%) 2.425s
[125.884s][info   ][gc          ] GC(47) Major Collection (System.gc())
[125.890s][info   ][gc,metaspace] GC(47) Y: Metaspace: 30M used, 34M committed, 3136M reserved
[125.897s][info   ][gc,metaspace] GC(47) Y: Metaspace: 30M used, 34M committed, 3136M reserved
[128.506s][info   ][gc,metaspace] GC(47) O: Metaspace: 30M used, 34M committed, 3136M reserved
[128.506s][info   ][gc          ] GC(47) Major Collection (System.gc()) 2216M(36%)->2214M(36%) 2.623s
[128.506s][info   ][gc          ] GC(48) Major Collection (System.gc())
[128.513s][info   ][gc,metaspace] GC(48) Y: Metaspace: 30M used, 34M committed, 3136M reserved
[128.519s][info   ][gc,metaspace] GC(48) Y: Metaspace: 30M used, 34M committed, 3136M reserved
[130.887s][info   ][gc,metaspace] GC(48) O: Metaspace: 30M used, 34M committed, 3136M reserved
[130.887s][info   ][gc          ] GC(48) Major Collection (System.gc()) 2214M(36%)->2214M(36%) 2.380s
[130.887s][info   ][gc          ] GC(49) Major Collection (System.gc())
[130.893s][info   ][gc,metaspace] GC(49) Y: Metaspace: 30M used, 34M committed, 3136M reserved
[130.900s][info   ][gc,metaspace] GC(49) Y: Metaspace: 30M used, 34M committed, 3136M reserved
[133.487s][info   ][gc,metaspace] GC(49) O: Metaspace: 30M used, 34M committed, 3136M reserved
[133.487s][info   ][gc          ] GC(49) Major Collection (System.gc()) 2214M(36%)->2214M(36%) 2.600s
[133.487s][info   ][gc          ] GC(50) Major Collection (System.gc())
[133.494s][info   ][gc,metaspace] GC(50) Y: Metaspace: 30M used, 34M committed, 3136M reserved
[133.500s][info   ][gc,metaspace] GC(50) Y: Metaspace: 30M used, 34M committed, 3136M reserved
[135.876s][info   ][gc,metaspace] GC(50) O: Metaspace: 30M used, 34M committed, 3136M reserved
[135.876s][info   ][gc          ] GC(50) Major Collection (System.gc()) 2214M(36%)->2214M(36%) 2.389s
[135.877s][info   ][gc          ] GC(51) Major Collection (System.gc())
[135.883s][info   ][gc,metaspace] GC(51) Y: Metaspace: 30M used, 34M committed, 3136M reserved
[135.889s][info   ][gc,metaspace] GC(51) Y: Metaspace: 30M used, 34M committed, 3136M reserved
[138.483s][info   ][gc,metaspace] GC(51) O: Metaspace: 30M used, 34M committed, 3136M reserved
[138.483s][info   ][gc          ] GC(51) Major Collection (System.gc()) 2214M(36%)->2214M(36%) 2.606s
[138.483s][info   ][gc          ] GC(52) Major Collection (System.gc())
[138.489s][info   ][gc,metaspace] GC(52) Y: Metaspace: 30M used, 34M committed, 3136M reserved
[138.496s][info   ][gc,metaspace] GC(52) Y: Metaspace: 30M used, 34M committed, 3136M reserved
[140.890s][info   ][gc,metaspace] GC(52) O: Metaspace: 30M used, 34M committed, 3136M reserved
[140.890s][info   ][gc          ] GC(52) Major Collection (System.gc()) 2214M(36%)->2214M(36%) 2.407s
[140.890s][info   ][gc          ] GC(53) Major Collection (System.gc())
[140.901s][info   ][gc,metaspace] GC(53) Y: Metaspace: 30M used, 34M committed, 3136M reserved
[140.908s][info   ][gc,metaspace] GC(53) Y: Metaspace: 30M used, 34M committed, 3136M reserved
[143.126s][info   ][gc,metaspace] GC(53) O: Metaspace: 30M used, 34M committed, 3136M reserved
[143.126s][info   ][gc          ] GC(53) Major Collection (System.gc()) 2214M(36%)->2214M(36%) 2.236s
[143.126s][info   ][gc          ] GC(54) Major Collection (System.gc())
[143.132s][info   ][gc,metaspace] GC(54) Y: Metaspace: 30M used, 34M committed, 3136M reserved
[143.139s][info   ][gc,metaspace] GC(54) Y: Metaspace: 30M used, 34M committed, 3136M reserved
[145.665s][info   ][gc,metaspace] GC(54) O: Metaspace: 30M used, 34M committed, 3136M reserved
[145.665s][info   ][gc          ] GC(54) Major Collection (System.gc()) 2214M(36%)->2214M(36%) 2.540s
[145.666s][info   ][gc          ] GC(55) Major Collection (System.gc())
[145.672s][info   ][gc,metaspace] GC(55) Y: Metaspace: 30M used, 34M committed, 3136M reserved
[145.678s][info   ][gc,metaspace] GC(55) Y: Metaspace: 30M used, 34M committed, 3136M reserved
[148.008s][info   ][gc,metaspace] GC(55) O: Metaspace: 30M used, 34M committed, 3136M reserved
[148.008s][info   ][gc          ] GC(55) Major Collection (System.gc()) 2214M(36%)->2214M(36%) 2.342s
[148.008s][info   ][gc          ] GC(56) Major Collection (System.gc())
[148.014s][info   ][gc,metaspace] GC(56) Y: Metaspace: 30M used, 34M committed, 3136M reserved
[148.021s][info   ][gc,metaspace] GC(56) Y: Metaspace: 30M used, 34M committed, 3136M reserved
[150.564s][info   ][gc,metaspace] GC(56) O: Metaspace: 30M used, 34M committed, 3136M reserved
[150.564s][info   ][gc          ] GC(56) Major Collection (System.gc()) 2214M(36%)->2214M(36%) 2.556s
[150.564s][info   ][gc          ] GC(57) Major Collection (System.gc())
[150.571s][info   ][gc,metaspace] GC(57) Y: Metaspace: 30M used, 34M committed, 3136M reserved
[150.578s][info   ][gc,metaspace] GC(57) Y: Metaspace: 30M used, 34M committed, 3136M reserved
[152.930s][info   ][gc,metaspace] GC(57) O: Metaspace: 30M used, 34M committed, 3136M reserved
[152.930s][info   ][gc          ] GC(57) Major Collection (System.gc()) 2214M(36%)->2214M(36%) 2.365s
[152.930s][info   ][gc          ] GC(58) Major Collection (System.gc())
[152.936s][info   ][gc,metaspace] GC(58) Y: Metaspace: 30M used, 34M committed, 3136M reserved
[152.943s][info   ][gc,metaspace] GC(58) Y: Metaspace: 30M used, 34M committed, 3136M reserved
[155.505s][info   ][gc,metaspace] GC(58) O: Metaspace: 30M used, 34M committed, 3136M reserved
[155.505s][info   ][gc          ] GC(58) Major Collection (System.gc()) 2214M(36%)->2214M(36%) 2.575s
[155.505s][info   ][gc          ] GC(59) Major Collection (System.gc())
[155.511s][info   ][gc,metaspace] GC(59) Y: Metaspace: 30M used, 34M committed, 3136M reserved
[155.518s][info   ][gc,metaspace] GC(59) Y: Metaspace: 30M used, 34M committed, 3136M reserved
[157.905s][info   ][gc,metaspace] GC(59) O: Metaspace: 30M used, 34M committed, 3136M reserved
[157.905s][info   ][gc          ] GC(59) Major Collection (System.gc()) 2214M(36%)->2214M(36%) 2.400s
[157.905s][info   ][gc          ] GC(60) Major Collection (System.gc())
[157.912s][info   ][gc,metaspace] GC(60) Y: Metaspace: 30M used, 34M committed, 3136M reserved
[157.918s][info   ][gc,metaspace] GC(60) Y: Metaspace: 30M used, 34M committed, 3136M reserved
[160.468s][info   ][gc,metaspace] GC(60) O: Metaspace: 30M used, 34M committed, 3136M reserved
[160.468s][info   ][gc          ] GC(60) Major Collection (System.gc()) 2214M(36%)->2214M(36%) 2.562s
[160.468s][info   ][gc          ] GC(61) Major Collection (System.gc())
[160.474s][info   ][gc,metaspace] GC(61) Y: Metaspace: 30M used, 34M committed, 3136M reserved
[160.481s][info   ][gc,metaspace] GC(61) Y: Metaspace: 30M used, 34M committed, 3136M reserved
[162.856s][info   ][gc,metaspace] GC(61) O: Metaspace: 30M used, 34M committed, 3136M reserved
[162.856s][info   ][gc          ] GC(61) Major Collection (System.gc()) 2214M(36%)->2214M(36%) 2.388s
[162.856s][info   ][gc          ] GC(62) Major Collection (System.gc())
[162.863s][info   ][gc,metaspace] GC(62) Y: Metaspace: 30M used, 34M committed, 3136M reserved
[162.869s][info   ][gc,metaspace] GC(62) Y: Metaspace: 30M used, 34M committed, 3136M reserved
[165.457s][info   ][gc,metaspace] GC(62) O: Metaspace: 30M used, 34M committed, 3136M reserved
[165.457s][info   ][gc          ] GC(62) Major Collection (System.gc()) 2214M(36%)->2214M(36%) 2.601s
After GCs... 
