Done; will start GCs... 
[9.838s][info][gc,metaspace] GC(1) Metaspace: 23697K(24256K)->23697K(24256K) NonClass: 19588K(19904K)->19588K(19904K) Class: 4109K(4352K)->4109K(4352K)
[9.838s][info][gc          ] GC(1) Pause Full (System.gc()) 854M->771M(5939M) 3142.469ms
[11.848s][info][gc,metaspace] GC(2) Metaspace: 23697K(24256K)->23697K(24256K) NonClass: 19588K(19904K)->19588K(19904K) Class: 4109K(4352K)->4109K(4352K)
[11.848s][info][gc          ] GC(2) Pause Full (System.gc()) 771M->771M(5939M) 2009.751ms
[14.509s][info][gc,metaspace] GC(3) Metaspace: 23697K(24256K)->23697K(24256K) NonClass: 19588K(19904K)->19588K(19904K) Class: 4109K(4352K)->4109K(4352K)
[14.509s][info][gc          ] GC(3) Pause Full (System.gc()) 771M->771M(5939M) 2661.198ms
[16.512s][info][gc,metaspace] GC(4) Metaspace: 23697K(24256K)->23697K(24256K) NonClass: 19588K(19904K)->19588K(19904K) Class: 4109K(4352K)->4109K(4352K)
[16.512s][info][gc          ] GC(4) Pause Full (System.gc()) 771M->771M(5939M) 2003.018ms
[18.511s][info][gc,metaspace] GC(5) Metaspace: 23697K(24256K)->23697K(24256K) NonClass: 19588K(19904K)->19588K(19904K) Class: 4109K(4352K)->4109K(4352K)
[18.511s][info][gc          ] GC(5) Pause Full (System.gc()) 771M->771M(5939M) 1999.003ms
[20.514s][info][gc,metaspace] GC(6) Metaspace: 23697K(24256K)->23697K(24256K) NonClass: 19588K(19904K)->19588K(19904K) Class: 4109K(4352K)->4109K(4352K)
[20.514s][info][gc          ] GC(6) Pause Full (System.gc()) 771M->771M(5939M) 2002.523ms
[22.512s][info][gc,metaspace] GC(7) Metaspace: 23697K(24256K)->23697K(24256K) NonClass: 19588K(19904K)->19588K(19904K) Class: 4109K(4352K)->4109K(4352K)
[22.512s][info][gc          ] GC(7) Pause Full (System.gc()) 771M->771M(5939M) 1998.422ms
[24.511s][info][gc,metaspace] GC(8) Metaspace: 23697K(24256K)->23697K(24256K) NonClass: 19588K(19904K)->19588K(19904K) Class: 4109K(4352K)->4109K(4352K)
[24.511s][info][gc          ] GC(8) Pause Full (System.gc()) 771M->771M(5939M) 1998.430ms
[26.519s][info][gc,metaspace] GC(9) Metaspace: 23697K(24256K)->23697K(24256K) NonClass: 19588K(19904K)->19588K(19904K) Class: 4109K(4352K)->4109K(4352K)
[26.519s][info][gc          ] GC(9) Pause Full (System.gc()) 771M->771M(5939M) 2008.434ms
[28.518s][info][gc,metaspace] GC(10) Metaspace: 23697K(24256K)->23697K(24256K) NonClass: 19588K(19904K)->19588K(19904K) Class: 4109K(4352K)->4109K(4352K)
[28.518s][info][gc          ] GC(10) Pause Full (System.gc()) 771M->771M(5939M) 1998.464ms
[30.520s][info][gc,metaspace] GC(11) Metaspace: 23697K(24256K)->23697K(24256K) NonClass: 19588K(19904K)->19588K(19904K) Class: 4109K(4352K)->4109K(4352K)
[30.520s][info][gc          ] GC(11) Pause Full (System.gc()) 771M->771M(5939M) 2002.262ms
[32.519s][info][gc,metaspace] GC(12) Metaspace: 23697K(24256K)->23697K(24256K) NonClass: 19588K(19904K)->19588K(19904K) Class: 4109K(4352K)->4109K(4352K)
[32.519s][info][gc          ] GC(12) Pause Full (System.gc()) 771M->771M(5939M) 1998.825ms
[34.522s][info][gc,metaspace] GC(13) Metaspace: 23697K(24256K)->23697K(24256K) NonClass: 19588K(19904K)->19588K(19904K) Class: 4109K(4352K)->4109K(4352K)
[34.522s][info][gc          ] GC(13) Pause Full (System.gc()) 771M->771M(5939M) 2002.350ms
[36.521s][info][gc,metaspace] GC(14) Metaspace: 23697K(24256K)->23697K(24256K) NonClass: 19588K(19904K)->19588K(19904K) Class: 4109K(4352K)->4109K(4352K)
[36.521s][info][gc          ] GC(14) Pause Full (System.gc()) 771M->771M(5939M) 1998.620ms
[38.519s][info][gc,metaspace] GC(15) Metaspace: 23697K(24256K)->23697K(24256K) NonClass: 19588K(19904K)->19588K(19904K) Class: 4109K(4352K)->4109K(4352K)
[38.519s][info][gc          ] GC(15) Pause Full (System.gc()) 771M->771M(5939M) 1998.558ms
[40.522s][info][gc,metaspace] GC(16) Metaspace: 23697K(24256K)->23697K(24256K) NonClass: 19588K(19904K)->19588K(19904K) Class: 4109K(4352K)->4109K(4352K)
[40.522s][info][gc          ] GC(16) Pause Full (System.gc()) 771M->771M(5939M) 2002.424ms
[42.520s][info][gc,metaspace] GC(17) Metaspace: 23697K(24256K)->23697K(24256K) NonClass: 19588K(19904K)->19588K(19904K) Class: 4109K(4352K)->4109K(4352K)
[42.520s][info][gc          ] GC(17) Pause Full (System.gc()) 771M->771M(5939M) 1998.193ms
[44.523s][info][gc,metaspace] GC(18) Metaspace: 23697K(24256K)->23697K(24256K) NonClass: 19588K(19904K)->19588K(19904K) Class: 4109K(4352K)->4109K(4352K)
[44.523s][info][gc          ] GC(18) Pause Full (System.gc()) 771M->771M(5939M) 2002.588ms
[46.521s][info][gc,metaspace] GC(19) Metaspace: 23697K(24256K)->23697K(24256K) NonClass: 19588K(19904K)->19588K(19904K) Class: 4109K(4352K)->4109K(4352K)
[46.521s][info][gc          ] GC(19) Pause Full (System.gc()) 771M->771M(5939M) 1998.212ms
[48.520s][info][gc,metaspace] GC(20) Metaspace: 23697K(24256K)->23697K(24256K) NonClass: 19588K(19904K)->19588K(19904K) Class: 4109K(4352K)->4109K(4352K)
[48.520s][info][gc          ] GC(20) Pause Full (System.gc()) 771M->771M(5939M) 1998.370ms
[50.522s][info][gc,metaspace] GC(21) Metaspace: 23697K(24256K)->23697K(24256K) NonClass: 19588K(19904K)->19588K(19904K) Class: 4109K(4352K)->4109K(4352K)
[50.522s][info][gc          ] GC(21) Pause Full (System.gc()) 771M->771M(5939M) 2002.342ms
[52.520s][info][gc,metaspace] GC(22) Metaspace: 23697K(24256K)->23697K(24256K) NonClass: 19588K(19904K)->19588K(19904K) Class: 4109K(4352K)->4109K(4352K)
[52.520s][info][gc          ] GC(22) Pause Full (System.gc()) 771M->771M(5939M) 1998.288ms
[54.523s][info][gc,metaspace] GC(23) Metaspace: 23697K(24256K)->23697K(24256K) NonClass: 19588K(19904K)->19588K(19904K) Class: 4109K(4352K)->4109K(4352K)
[54.523s][info][gc          ] GC(23) Pause Full (System.gc()) 771M->771M(5939M) 2002.043ms
[56.524s][info][gc,metaspace] GC(24) Metaspace: 23697K(24256K)->23697K(24256K) NonClass: 19588K(19904K)->19588K(19904K) Class: 4109K(4352K)->4109K(4352K)
[56.524s][info][gc          ] GC(24) Pause Full (System.gc()) 771M->771M(5939M) 2001.551ms
[58.527s][info][gc,metaspace] GC(25) Metaspace: 23697K(24256K)->23697K(24256K) NonClass: 19588K(19904K)->19588K(19904K) Class: 4109K(4352K)->4109K(4352K)
[58.527s][info][gc          ] GC(25) Pause Full (System.gc()) 771M->771M(5939M) 2002.263ms
[60.525s][info][gc,metaspace] GC(26) Metaspace: 23697K(24256K)->23697K(24256K) NonClass: 19588K(19904K)->19588K(19904K) Class: 4109K(4352K)->4109K(4352K)
[60.525s][info][gc          ] GC(26) Pause Full (System.gc()) 771M->771M(5939M) 1998.217ms
[62.523s][info][gc,metaspace] GC(27) Metaspace: 23697K(24256K)->23697K(24256K) NonClass: 19588K(19904K)->19588K(19904K) Class: 4109K(4352K)->4109K(4352K)
[62.523s][info][gc          ] GC(27) Pause Full (System.gc()) 771M->771M(5939M) 1998.206ms
[64.525s][info][gc,metaspace] GC(28) Metaspace: 23697K(24256K)->23697K(24256K) NonClass: 19588K(19904K)->19588K(19904K) Class: 4109K(4352K)->4109K(4352K)
[64.525s][info][gc          ] GC(28) Pause Full (System.gc()) 771M->771M(5939M) 2002.073ms
[66.524s][info][gc,metaspace] GC(29) Metaspace: 23697K(24256K)->23697K(24256K) NonClass: 19588K(19904K)->19588K(19904K) Class: 4109K(4352K)->4109K(4352K)
[66.524s][info][gc          ] GC(29) Pause Full (System.gc()) 781M->771M(5939M) 1998.586ms
[68.537s][info][gc,metaspace] GC(30) Metaspace: 23697K(24256K)->23697K(24256K) NonClass: 19588K(19904K)->19588K(19904K) Class: 4109K(4352K)->4109K(4352K)
[68.537s][info][gc          ] GC(30) Pause Full (System.gc()) 771M->771M(5939M) 2012.969ms
[71.207s][info][gc,metaspace] GC(31) Metaspace: 23697K(24256K)->23697K(24256K) NonClass: 19588K(19904K)->19588K(19904K) Class: 4109K(4352K)->4109K(4352K)
[71.207s][info][gc          ] GC(31) Pause Full (System.gc()) 771M->771M(5939M) 2669.549ms
[73.206s][info][gc,metaspace] GC(32) Metaspace: 23697K(24256K)->23697K(24256K) NonClass: 19588K(19904K)->19588K(19904K) Class: 4109K(4352K)->4109K(4352K)
[73.206s][info][gc          ] GC(32) Pause Full (System.gc()) 771M->771M(5939M) 1998.864ms
[75.210s][info][gc,metaspace] GC(33) Metaspace: 23697K(24256K)->23697K(24256K) NonClass: 19588K(19904K)->19588K(19904K) Class: 4109K(4352K)->4109K(4352K)
[75.210s][info][gc          ] GC(33) Pause Full (System.gc()) 771M->771M(5939M) 2003.561ms
[77.218s][info][gc,metaspace] GC(34) Metaspace: 23697K(24256K)->23697K(24256K) NonClass: 19588K(19904K)->19588K(19904K) Class: 4109K(4352K)->4109K(4352K)
[77.218s][info][gc          ] GC(34) Pause Full (System.gc()) 771M->771M(5939M) 2007.911ms
[79.562s][info][gc,metaspace] GC(35) Metaspace: 23697K(24256K)->23697K(24256K) NonClass: 19588K(19904K)->19588K(19904K) Class: 4109K(4352K)->4109K(4352K)
[79.562s][info][gc          ] GC(35) Pause Full (System.gc()) 771M->771M(5939M) 2343.710ms
[81.566s][info][gc,metaspace] GC(36) Metaspace: 23697K(24256K)->23697K(24256K) NonClass: 19588K(19904K)->19588K(19904K) Class: 4109K(4352K)->4109K(4352K)
[81.566s][info][gc          ] GC(36) Pause Full (System.gc()) 771M->771M(5939M) 2004.118ms
[83.566s][info][gc,metaspace] GC(37) Metaspace: 23697K(24256K)->23697K(24256K) NonClass: 19588K(19904K)->19588K(19904K) Class: 4109K(4352K)->4109K(4352K)
[83.566s][info][gc          ] GC(37) Pause Full (System.gc()) 771M->771M(5939M) 1999.772ms
[85.569s][info][gc,metaspace] GC(38) Metaspace: 23697K(24256K)->23697K(24256K) NonClass: 19588K(19904K)->19588K(19904K) Class: 4109K(4352K)->4109K(4352K)
[85.569s][info][gc          ] GC(38) Pause Full (System.gc()) 771M->771M(5939M) 2003.580ms
[87.569s][info][gc,metaspace] GC(39) Metaspace: 23697K(24256K)->23697K(24256K) NonClass: 19588K(19904K)->19588K(19904K) Class: 4109K(4352K)->4109K(4352K)
[87.569s][info][gc          ] GC(39) Pause Full (System.gc()) 771M->771M(5939M) 1999.199ms
[89.572s][info][gc,metaspace] GC(40) Metaspace: 23697K(24256K)->23697K(24256K) NonClass: 19588K(19904K)->19588K(19904K) Class: 4109K(4352K)->4109K(4352K)
[89.572s][info][gc          ] GC(40) Pause Full (System.gc()) 771M->771M(5939M) 2003.596ms
[91.574s][info][gc,metaspace] GC(41) Metaspace: 23697K(24256K)->23697K(24256K) NonClass: 19588K(19904K)->19588K(19904K) Class: 4109K(4352K)->4109K(4352K)
[91.574s][info][gc          ] GC(41) Pause Full (System.gc()) 771M->771M(5939M) 2001.853ms
[93.573s][info][gc,metaspace] GC(42) Metaspace: 23697K(24256K)->23697K(24256K) NonClass: 19588K(19904K)->19588K(19904K) Class: 4109K(4352K)->4109K(4352K)
[93.573s][info][gc          ] GC(42) Pause Full (System.gc()) 771M->771M(5939M) 1998.957ms
[95.588s][info][gc,metaspace] GC(43) Metaspace: 23697K(24256K)->23697K(24256K) NonClass: 19588K(19904K)->19588K(19904K) Class: 4109K(4352K)->4109K(4352K)
[95.588s][info][gc          ] GC(43) Pause Full (System.gc()) 771M->771M(5939M) 2014.376ms
[97.598s][info][gc,metaspace] GC(44) Metaspace: 23697K(24256K)->23697K(24256K) NonClass: 19588K(19904K)->19588K(19904K) Class: 4109K(4352K)->4109K(4352K)
[97.598s][info][gc          ] GC(44) Pause Full (System.gc()) 771M->771M(5939M) 2010.147ms
[99.601s][info][gc,metaspace] GC(45) Metaspace: 23697K(24256K)->23697K(24256K) NonClass: 19588K(19904K)->19588K(19904K) Class: 4109K(4352K)->4109K(4352K)
[99.601s][info][gc          ] GC(45) Pause Full (System.gc()) 771M->771M(5939M) 2002.663ms
[101.600s][info][gc,metaspace] GC(46) Metaspace: 23697K(24256K)->23697K(24256K) NonClass: 19588K(19904K)->19588K(19904K) Class: 4109K(4352K)->4109K(4352K)
[101.601s][info][gc          ] GC(46) Pause Full (System.gc()) 771M->771M(5939M) 1999.514ms
[103.603s][info][gc,metaspace] GC(47) Metaspace: 23697K(24256K)->23697K(24256K) NonClass: 19588K(19904K)->19588K(19904K) Class: 4109K(4352K)->4109K(4352K)
[103.604s][info][gc          ] GC(47) Pause Full (System.gc()) 771M->771M(5939M) 2002.818ms
[105.603s][info][gc,metaspace] GC(48) Metaspace: 23697K(24256K)->23697K(24256K) NonClass: 19588K(19904K)->19588K(19904K) Class: 4109K(4352K)->4109K(4352K)
[105.603s][info][gc          ] GC(48) Pause Full (System.gc()) 771M->771M(5939M) 1999.352ms
[107.603s][info][gc,metaspace] GC(49) Metaspace: 23697K(24256K)->23697K(24256K) NonClass: 19588K(19904K)->19588K(19904K) Class: 4109K(4352K)->4109K(4352K)
[107.603s][info][gc          ] GC(49) Pause Full (System.gc()) 771M->771M(5939M) 1999.612ms
[109.606s][info][gc,metaspace] GC(50) Metaspace: 23697K(24256K)->23697K(24256K) NonClass: 19588K(19904K)->19588K(19904K) Class: 4109K(4352K)->4109K(4352K)
[109.606s][info][gc          ] GC(50) Pause Full (System.gc()) 771M->771M(5939M) 2002.776ms
[111.605s][info][gc,metaspace] GC(51) Metaspace: 23697K(24256K)->23697K(24256K) NonClass: 19588K(19904K)->19588K(19904K) Class: 4109K(4352K)->4109K(4352K)
[111.605s][info][gc          ] GC(51) Pause Full (System.gc()) 771M->771M(5939M) 1999.233ms
[113.608s][info][gc,metaspace] GC(52) Metaspace: 23697K(24256K)->23697K(24256K) NonClass: 19588K(19904K)->19588K(19904K) Class: 4109K(4352K)->4109K(4352K)
[113.608s][info][gc          ] GC(52) Pause Full (System.gc()) 771M->771M(5939M) 2003.203ms
[115.608s][info][gc,metaspace] GC(53) Metaspace: 23697K(24256K)->23697K(24256K) NonClass: 19588K(19904K)->19588K(19904K) Class: 4109K(4352K)->4109K(4352K)
[115.608s][info][gc          ] GC(53) Pause Full (System.gc()) 771M->771M(5939M) 1999.168ms
[117.611s][info][gc,metaspace] GC(54) Metaspace: 23697K(24256K)->23697K(24256K) NonClass: 19588K(19904K)->19588K(19904K) Class: 4109K(4352K)->4109K(4352K)
[117.611s][info][gc          ] GC(54) Pause Full (System.gc()) 771M->771M(5939M) 2003.329ms
[119.610s][info][gc,metaspace] GC(55) Metaspace: 23697K(24256K)->23697K(24256K) NonClass: 19588K(19904K)->19588K(19904K) Class: 4109K(4352K)->4109K(4352K)
[119.610s][info][gc          ] GC(55) Pause Full (System.gc()) 771M->771M(5939M) 1999.196ms
[121.610s][info][gc,metaspace] GC(56) Metaspace: 23697K(24256K)->23697K(24256K) NonClass: 19588K(19904K)->19588K(19904K) Class: 4109K(4352K)->4109K(4352K)
[121.610s][info][gc          ] GC(56) Pause Full (System.gc()) 771M->771M(5939M) 1999.238ms
[123.613s][info][gc,metaspace] GC(57) Metaspace: 23697K(24256K)->23697K(24256K) NonClass: 19588K(19904K)->19588K(19904K) Class: 4109K(4352K)->4109K(4352K)
[123.613s][info][gc          ] GC(57) Pause Full (System.gc()) 771M->771M(5939M) 2002.914ms
[125.612s][info][gc,metaspace] GC(58) Metaspace: 23697K(24256K)->23697K(24256K) NonClass: 19588K(19904K)->19588K(19904K) Class: 4109K(4352K)->4109K(4352K)
[125.612s][info][gc          ] GC(58) Pause Full (System.gc()) 771M->771M(5939M) 1999.505ms
[127.616s][info][gc,metaspace] GC(59) Metaspace: 23697K(24256K)->23697K(24256K) NonClass: 19588K(19904K)->19588K(19904K) Class: 4109K(4352K)->4109K(4352K)
[127.616s][info][gc          ] GC(59) Pause Full (System.gc()) 781M->771M(5939M) 2003.394ms
[129.615s][info][gc,metaspace] GC(60) Metaspace: 23697K(24256K)->23697K(24256K) NonClass: 19588K(19904K)->19588K(19904K) Class: 4109K(4352K)->4109K(4352K)
[129.615s][info][gc          ] GC(60) Pause Full (System.gc()) 771M->771M(5939M) 1999.335ms
[131.619s][info][gc,metaspace] GC(61) Metaspace: 23697K(24256K)->23697K(24256K) NonClass: 19588K(19904K)->19588K(19904K) Class: 4109K(4352K)->4109K(4352K)
[131.619s][info][gc          ] GC(61) Pause Full (System.gc()) 771M->771M(5939M) 2003.866ms
[133.618s][info][gc,metaspace] GC(62) Metaspace: 23697K(24256K)->23697K(24256K) NonClass: 19588K(19904K)->19588K(19904K) Class: 4109K(4352K)->4109K(4352K)
[133.618s][info][gc          ] GC(62) Pause Full (System.gc()) 771M->771M(5939M) 1999.016ms
[135.617s][info][gc,metaspace] GC(63) Metaspace: 23697K(24256K)->23697K(24256K) NonClass: 19588K(19904K)->19588K(19904K) Class: 4109K(4352K)->4109K(4352K)
[135.617s][info][gc          ] GC(63) Pause Full (System.gc()) 771M->771M(5939M) 1998.716ms
[137.621s][info][gc,metaspace] GC(64) Metaspace: 23697K(24256K)->23697K(24256K) NonClass: 19588K(19904K)->19588K(19904K) Class: 4109K(4352K)->4109K(4352K)
[137.621s][info][gc          ] GC(64) Pause Full (System.gc()) 771M->771M(5939M) 2003.646ms
[139.620s][info][gc,metaspace] GC(65) Metaspace: 23697K(24256K)->23697K(24256K) NonClass: 19588K(19904K)->19588K(19904K) Class: 4109K(4352K)->4109K(4352K)
[139.620s][info][gc          ] GC(65) Pause Full (System.gc()) 771M->771M(5939M) 1998.753ms
[141.623s][info][gc,metaspace] GC(66) Metaspace: 23697K(24256K)->23697K(24256K) NonClass: 19588K(19904K)->19588K(19904K) Class: 4109K(4352K)->4109K(4352K)
[141.623s][info][gc          ] GC(66) Pause Full (System.gc()) 771M->771M(5939M) 2002.677ms
[143.622s][info][gc,metaspace] GC(67) Metaspace: 23697K(24256K)->23697K(24256K) NonClass: 19588K(19904K)->19588K(19904K) Class: 4109K(4352K)->4109K(4352K)
[143.622s][info][gc          ] GC(67) Pause Full (System.gc()) 771M->771M(5939M) 1999.693ms
[145.622s][info][gc,metaspace] GC(68) Metaspace: 23697K(24256K)->23697K(24256K) NonClass: 19588K(19904K)->19588K(19904K) Class: 4109K(4352K)->4109K(4352K)
[145.622s][info][gc          ] GC(68) Pause Full (System.gc()) 771M->771M(5939M) 1999.050ms
[147.625s][info][gc,metaspace] GC(69) Metaspace: 23697K(24256K)->23697K(24256K) NonClass: 19588K(19904K)->19588K(19904K) Class: 4109K(4352K)->4109K(4352K)
[147.625s][info][gc          ] GC(69) Pause Full (System.gc()) 771M->771M(5939M) 2002.883ms
[149.625s][info][gc,metaspace] GC(70) Metaspace: 23697K(24256K)->23697K(24256K) NonClass: 19588K(19904K)->19588K(19904K) Class: 4109K(4352K)->4109K(4352K)
[149.625s][info][gc          ] GC(70) Pause Full (System.gc()) 771M->771M(5939M) 1999.929ms
[151.628s][info][gc,metaspace] GC(71) Metaspace: 23697K(24256K)->23697K(24256K) NonClass: 19588K(19904K)->19588K(19904K) Class: 4109K(4352K)->4109K(4352K)
[151.628s][info][gc          ] GC(71) Pause Full (System.gc()) 771M->771M(5939M) 2003.068ms
[153.627s][info][gc,metaspace] GC(72) Metaspace: 23697K(24256K)->23697K(24256K) NonClass: 19588K(19904K)->19588K(19904K) Class: 4109K(4352K)->4109K(4352K)
[153.627s][info][gc          ] GC(72) Pause Full (System.gc()) 771M->771M(5939M) 1999.144ms
[155.631s][info][gc,metaspace] GC(73) Metaspace: 23697K(24256K)->23697K(24256K) NonClass: 19588K(19904K)->19588K(19904K) Class: 4109K(4352K)->4109K(4352K)
[155.631s][info][gc          ] GC(73) Pause Full (System.gc()) 771M->771M(5939M) 2003.444ms
[157.630s][info][gc,metaspace] GC(74) Metaspace: 23697K(24256K)->23697K(24256K) NonClass: 19588K(19904K)->19588K(19904K) Class: 4109K(4352K)->4109K(4352K)
[157.630s][info][gc          ] GC(74) Pause Full (System.gc()) 771M->771M(5939M) 1999.193ms
[159.629s][info][gc,metaspace] GC(75) Metaspace: 23697K(24256K)->23697K(24256K) NonClass: 19588K(19904K)->19588K(19904K) Class: 4109K(4352K)->4109K(4352K)
[159.629s][info][gc          ] GC(75) Pause Full (System.gc()) 771M->771M(5939M) 1998.520ms
[161.632s][info][gc,metaspace] GC(76) Metaspace: 23697K(24256K)->23697K(24256K) NonClass: 19588K(19904K)->19588K(19904K) Class: 4109K(4352K)->4109K(4352K)
[161.632s][info][gc          ] GC(76) Pause Full (System.gc()) 771M->771M(5939M) 2003.124ms
[163.631s][info][gc,metaspace] GC(77) Metaspace: 23697K(24256K)->23697K(24256K) NonClass: 19588K(19904K)->19588K(19904K) Class: 4109K(4352K)->4109K(4352K)
[163.631s][info][gc          ] GC(77) Pause Full (System.gc()) 771M->771M(5939M) 1999.368ms
[165.635s][info][gc,metaspace] GC(78) Metaspace: 23697K(24256K)->23697K(24256K) NonClass: 19588K(19904K)->19588K(19904K) Class: 4109K(4352K)->4109K(4352K)
[165.635s][info][gc          ] GC(78) Pause Full (System.gc()) 771M->771M(5939M) 2003.200ms
[167.634s][info][gc,metaspace] GC(79) Metaspace: 23697K(24256K)->23697K(24256K) NonClass: 19588K(19904K)->19588K(19904K) Class: 4109K(4352K)->4109K(4352K)
[167.634s][info][gc          ] GC(79) Pause Full (System.gc()) 771M->771M(5939M) 1999.226ms
[169.638s][info][gc,metaspace] GC(80) Metaspace: 23697K(24256K)->23697K(24256K) NonClass: 19588K(19904K)->19588K(19904K) Class: 4109K(4352K)->4109K(4352K)
[169.638s][info][gc          ] GC(80) Pause Full (System.gc()) 771M->771M(5939M) 2003.417ms
[171.637s][info][gc,metaspace] GC(81) Metaspace: 23697K(24256K)->23697K(24256K) NonClass: 19588K(19904K)->19588K(19904K) Class: 4109K(4352K)->4109K(4352K)
[171.637s][info][gc          ] GC(81) Pause Full (System.gc()) 771M->771M(5939M) 1999.068ms
[173.636s][info][gc,metaspace] GC(82) Metaspace: 23697K(24256K)->23697K(24256K) NonClass: 19588K(19904K)->19588K(19904K) Class: 4109K(4352K)->4109K(4352K)
[173.636s][info][gc          ] GC(82) Pause Full (System.gc()) 771M->771M(5939M) 1999.560ms
[175.640s][info][gc,metaspace] GC(83) Metaspace: 23697K(24256K)->23697K(24256K) NonClass: 19588K(19904K)->19588K(19904K) Class: 4109K(4352K)->4109K(4352K)
[175.640s][info][gc          ] GC(83) Pause Full (System.gc()) 771M->771M(5939M) 2003.363ms
[177.640s][info][gc,metaspace] GC(84) Metaspace: 23697K(24256K)->23697K(24256K) NonClass: 19588K(19904K)->19588K(19904K) Class: 4109K(4352K)->4109K(4352K)
[177.640s][info][gc          ] GC(84) Pause Full (System.gc()) 771M->771M(5939M) 2000.128ms
[179.644s][info][gc,metaspace] GC(85) Metaspace: 23697K(24256K)->23697K(24256K) NonClass: 19588K(19904K)->19588K(19904K) Class: 4109K(4352K)->4109K(4352K)
[179.644s][info][gc          ] GC(85) Pause Full (System.gc()) 771M->771M(5939M) 2004.097ms
[181.644s][info][gc,metaspace] GC(86) Metaspace: 23697K(24256K)->23697K(24256K) NonClass: 19588K(19904K)->19588K(19904K) Class: 4109K(4352K)->4109K(4352K)
[181.644s][info][gc          ] GC(86) Pause Full (System.gc()) 771M->771M(5939M) 1999.357ms
[183.643s][info][gc,metaspace] GC(87) Metaspace: 23697K(24256K)->23697K(24256K) NonClass: 19588K(19904K)->19588K(19904K) Class: 4109K(4352K)->4109K(4352K)
[183.643s][info][gc          ] GC(87) Pause Full (System.gc()) 771M->771M(5939M) 1999.241ms
[185.647s][info][gc,metaspace] GC(88) Metaspace: 23697K(24256K)->23697K(24256K) NonClass: 19588K(19904K)->19588K(19904K) Class: 4109K(4352K)->4109K(4352K)
[185.647s][info][gc          ] GC(88) Pause Full (System.gc()) 771M->771M(5939M) 2003.475ms
[187.646s][info][gc,metaspace] GC(89) Metaspace: 23697K(24256K)->23697K(24256K) NonClass: 19588K(19904K)->19588K(19904K) Class: 4109K(4352K)->4109K(4352K)
[187.646s][info][gc          ] GC(89) Pause Full (System.gc()) 771M->771M(5939M) 1999.167ms
[189.649s][info][gc,metaspace] GC(90) Metaspace: 23697K(24256K)->23697K(24256K) NonClass: 19588K(19904K)->19588K(19904K) Class: 4109K(4352K)->4109K(4352K)
[189.649s][info][gc          ] GC(90) Pause Full (System.gc()) 781M->771M(5939M) 2002.961ms
[191.649s][info][gc,metaspace] GC(91) Metaspace: 23697K(24256K)->23697K(24256K) NonClass: 19588K(19904K)->19588K(19904K) Class: 4109K(4352K)->4109K(4352K)
[191.649s][info][gc          ] GC(91) Pause Full (System.gc()) 771M->771M(5939M) 1999.474ms
[193.652s][info][gc,metaspace] GC(92) Metaspace: 23697K(24256K)->23697K(24256K) NonClass: 19588K(19904K)->19588K(19904K) Class: 4109K(4352K)->4109K(4352K)
[193.652s][info][gc          ] GC(92) Pause Full (System.gc()) 771M->771M(5939M) 2002.858ms
[195.651s][info][gc,metaspace] GC(93) Metaspace: 23697K(24256K)->23697K(24256K) NonClass: 19588K(19904K)->19588K(19904K) Class: 4109K(4352K)->4109K(4352K)
[195.651s][info][gc          ] GC(93) Pause Full (System.gc()) 771M->771M(5939M) 1999.059ms
[197.652s][info][gc,metaspace] GC(94) Metaspace: 23697K(24256K)->23697K(24256K) NonClass: 19588K(19904K)->19588K(19904K) Class: 4109K(4352K)->4109K(4352K)
[197.652s][info][gc          ] GC(94) Pause Full (System.gc()) 771M->771M(5939M) 2001.357ms
[199.656s][info][gc,metaspace] GC(95) Metaspace: 23697K(24256K)->23697K(24256K) NonClass: 19588K(19904K)->19588K(19904K) Class: 4109K(4352K)->4109K(4352K)
[199.656s][info][gc          ] GC(95) Pause Full (System.gc()) 771M->771M(5939M) 2003.213ms
[201.654s][info][gc,metaspace] GC(96) Metaspace: 23697K(24256K)->23697K(24256K) NonClass: 19588K(19904K)->19588K(19904K) Class: 4109K(4352K)->4109K(4352K)
[201.655s][info][gc          ] GC(96) Pause Full (System.gc()) 771M->771M(5939M) 1998.737ms
[203.658s][info][gc,metaspace] GC(97) Metaspace: 23697K(24256K)->23697K(24256K) NonClass: 19588K(19904K)->19588K(19904K) Class: 4109K(4352K)->4109K(4352K)
[203.658s][info][gc          ] GC(97) Pause Full (System.gc()) 771M->771M(5939M) 2003.324ms
[205.658s][info][gc,metaspace] GC(98) Metaspace: 23697K(24256K)->23697K(24256K) NonClass: 19588K(19904K)->19588K(19904K) Class: 4109K(4352K)->4109K(4352K)
[205.658s][info][gc          ] GC(98) Pause Full (System.gc()) 771M->771M(5939M) 2000.006ms
[207.661s][info][gc,metaspace] GC(99) Metaspace: 23697K(24256K)->23697K(24256K) NonClass: 19588K(19904K)->19588K(19904K) Class: 4109K(4352K)->4109K(4352K)
[207.661s][info][gc          ] GC(99) Pause Full (System.gc()) 771M->771M(5939M) 2003.265ms
[209.661s][info][gc,metaspace] GC(100) Metaspace: 23697K(24256K)->23697K(24256K) NonClass: 19588K(19904K)->19588K(19904K) Class: 4109K(4352K)->4109K(4352K)
[209.661s][info][gc          ] GC(100) Pause Full (System.gc()) 771M->771M(5939M) 1999.974ms
After GCs... 
