Done; will start GCs... 
[9.693s][info][gc,metaspace] GC(1) Metaspace: 24008K(24640K)->24008K(24640K) NonClass: 21269K(21568K)->21269K(21568K) Class: 2738K(3072K)->2738K(3072K)
[9.693s][info][gc          ] GC(1) Pause Full (System.gc()) 847M->771M(5939M) 3127.383ms
[11.393s][info][gc,metaspace] GC(2) Metaspace: 24008K(24640K)->24008K(24640K) NonClass: 21269K(21568K)->21269K(21568K) Class: 2738K(3072K)->2738K(3072K)
[11.393s][info][gc          ] GC(2) Pause Full (System.gc()) 771M->771M(5939M) 1699.868ms
[13.796s][info][gc,metaspace] GC(3) Metaspace: 24008K(24640K)->24008K(24640K) NonClass: 21269K(21568K)->21269K(21568K) Class: 2738K(3072K)->2738K(3072K)
[13.796s][info][gc          ] GC(3) Pause Full (System.gc()) 771M->771M(5939M) 2402.141ms
[15.548s][info][gc,metaspace] GC(4) Metaspace: 24008K(24640K)->24008K(24640K) NonClass: 21269K(21568K)->21269K(21568K) Class: 2738K(3072K)->2738K(3072K)
[15.548s][info][gc          ] GC(4) Pause Full (System.gc()) 771M->771M(5939M) 1751.945ms
[17.253s][info][gc,metaspace] GC(5) Metaspace: 24008K(24640K)->24008K(24640K) NonClass: 21269K(21568K)->21269K(21568K) Class: 2738K(3072K)->2738K(3072K)
[17.253s][info][gc          ] GC(5) Pause Full (System.gc()) 771M->771M(5939M) 1704.906ms
[19.004s][info][gc,metaspace] GC(6) Metaspace: 24008K(24640K)->24008K(24640K) NonClass: 21269K(21568K)->21269K(21568K) Class: 2738K(3072K)->2738K(3072K)
[19.004s][info][gc          ] GC(6) Pause Full (System.gc()) 771M->771M(5939M) 1750.816ms
[20.760s][info][gc,metaspace] GC(7) Metaspace: 24008K(24640K)->24008K(24640K) NonClass: 21269K(21568K)->21269K(21568K) Class: 2738K(3072K)->2738K(3072K)
[20.760s][info][gc          ] GC(7) Pause Full (System.gc()) 771M->771M(5939M) 1756.571ms
[22.512s][info][gc,metaspace] GC(8) Metaspace: 24008K(24640K)->24008K(24640K) NonClass: 21269K(21568K)->21269K(21568K) Class: 2738K(3072K)->2738K(3072K)
[22.513s][info][gc          ] GC(8) Pause Full (System.gc()) 771M->771M(5939M) 1747.748ms
[24.217s][info][gc,metaspace] GC(9) Metaspace: 24008K(24640K)->24008K(24640K) NonClass: 21269K(21568K)->21269K(21568K) Class: 2738K(3072K)->2738K(3072K)
[24.217s][info][gc          ] GC(9) Pause Full (System.gc()) 771M->771M(5939M) 1704.034ms
[25.966s][info][gc,metaspace] GC(10) Metaspace: 24008K(24640K)->24008K(24640K) NonClass: 21269K(21568K)->21269K(21568K) Class: 2738K(3072K)->2738K(3072K)
[25.966s][info][gc          ] GC(10) Pause Full (System.gc()) 771M->771M(5939M) 1749.122ms
[27.718s][info][gc,metaspace] GC(11) Metaspace: 24008K(24640K)->24008K(24640K) NonClass: 21269K(21568K)->21269K(21568K) Class: 2738K(3072K)->2738K(3072K)
[27.718s][info][gc          ] GC(11) Pause Full (System.gc()) 771M->771M(5939M) 1751.860ms
[29.473s][info][gc,metaspace] GC(12) Metaspace: 24008K(24640K)->24008K(24640K) NonClass: 21269K(21568K)->21269K(21568K) Class: 2738K(3072K)->2738K(3072K)
[29.473s][info][gc          ] GC(12) Pause Full (System.gc()) 771M->771M(5939M) 1755.131ms
[31.178s][info][gc,metaspace] GC(13) Metaspace: 24008K(24640K)->24008K(24640K) NonClass: 21269K(21568K)->21269K(21568K) Class: 2738K(3072K)->2738K(3072K)
[31.178s][info][gc          ] GC(13) Pause Full (System.gc()) 771M->771M(5939M) 1704.400ms
[32.930s][info][gc,metaspace] GC(14) Metaspace: 24008K(24640K)->24008K(24640K) NonClass: 21269K(21568K)->21269K(21568K) Class: 2738K(3072K)->2738K(3072K)
[32.930s][info][gc          ] GC(14) Pause Full (System.gc()) 771M->771M(5939M) 1751.813ms
[34.681s][info][gc,metaspace] GC(15) Metaspace: 24008K(24640K)->24008K(24640K) NonClass: 21269K(21568K)->21269K(21568K) Class: 2738K(3072K)->2738K(3072K)
[34.681s][info][gc          ] GC(15) Pause Full (System.gc()) 771M->771M(5939M) 1751.530ms
[36.385s][info][gc,metaspace] GC(16) Metaspace: 24008K(24640K)->24008K(24640K) NonClass: 21269K(21568K)->21269K(21568K) Class: 2738K(3072K)->2738K(3072K)
[36.385s][info][gc          ] GC(16) Pause Full (System.gc()) 771M->771M(5939M) 1704.121ms
[38.137s][info][gc,metaspace] GC(17) Metaspace: 24008K(24640K)->24008K(24640K) NonClass: 21269K(21568K)->21269K(21568K) Class: 2738K(3072K)->2738K(3072K)
[38.137s][info][gc          ] GC(17) Pause Full (System.gc()) 771M->771M(5939M) 1751.755ms
[39.894s][info][gc,metaspace] GC(18) Metaspace: 24008K(24640K)->24008K(24640K) NonClass: 21269K(21568K)->21269K(21568K) Class: 2738K(3072K)->2738K(3072K)
[39.894s][info][gc          ] GC(18) Pause Full (System.gc()) 771M->771M(5939M) 1756.482ms
[41.646s][info][gc,metaspace] GC(19) Metaspace: 24008K(24640K)->24008K(24640K) NonClass: 21269K(21568K)->21269K(21568K) Class: 2738K(3072K)->2738K(3072K)
[41.646s][info][gc          ] GC(19) Pause Full (System.gc()) 771M->771M(5939M) 1751.923ms
[43.351s][info][gc,metaspace] GC(20) Metaspace: 24008K(24640K)->24008K(24640K) NonClass: 21269K(21568K)->21269K(21568K) Class: 2738K(3072K)->2738K(3072K)
[43.351s][info][gc          ] GC(20) Pause Full (System.gc()) 771M->771M(5939M) 1704.807ms
[45.103s][info][gc,metaspace] GC(21) Metaspace: 24008K(24640K)->24008K(24640K) NonClass: 21269K(21568K)->21269K(21568K) Class: 2738K(3072K)->2738K(3072K)
[45.103s][info][gc          ] GC(21) Pause Full (System.gc()) 771M->771M(5939M) 1752.397ms
[46.860s][info][gc,metaspace] GC(22) Metaspace: 24008K(24640K)->24008K(24640K) NonClass: 21269K(21568K)->21269K(21568K) Class: 2738K(3072K)->2738K(3072K)
[46.860s][info][gc          ] GC(22) Pause Full (System.gc()) 771M->771M(5939M) 1756.248ms
[48.612s][info][gc,metaspace] GC(23) Metaspace: 24008K(24640K)->24008K(24640K) NonClass: 21269K(21568K)->21269K(21568K) Class: 2738K(3072K)->2738K(3072K)
[48.612s][info][gc          ] GC(23) Pause Full (System.gc()) 771M->771M(5939M) 1747.973ms
[50.317s][info][gc,metaspace] GC(24) Metaspace: 24008K(24640K)->24008K(24640K) NonClass: 21269K(21568K)->21269K(21568K) Class: 2738K(3072K)->2738K(3072K)
[50.318s][info][gc          ] GC(24) Pause Full (System.gc()) 771M->771M(5939M) 1705.235ms
[52.069s][info][gc,metaspace] GC(25) Metaspace: 24008K(24640K)->24008K(24640K) NonClass: 21269K(21568K)->21269K(21568K) Class: 2738K(3072K)->2738K(3072K)
[52.069s][info][gc          ] GC(25) Pause Full (System.gc()) 771M->771M(5939M) 1751.717ms
[53.826s][info][gc,metaspace] GC(26) Metaspace: 24008K(24640K)->24008K(24640K) NonClass: 21269K(21568K)->21269K(21568K) Class: 2738K(3072K)->2738K(3072K)
[53.826s][info][gc          ] GC(26) Pause Full (System.gc()) 771M->771M(5939M) 1756.766ms
[55.578s][info][gc,metaspace] GC(27) Metaspace: 24008K(24640K)->24008K(24640K) NonClass: 21269K(21568K)->21269K(21568K) Class: 2738K(3072K)->2738K(3072K)
[55.578s][info][gc          ] GC(27) Pause Full (System.gc()) 771M->771M(5939M) 1752.024ms
[57.283s][info][gc,metaspace] GC(28) Metaspace: 24008K(24640K)->24008K(24640K) NonClass: 21269K(21568K)->21269K(21568K) Class: 2738K(3072K)->2738K(3072K)
[57.283s][info][gc          ] GC(28) Pause Full (System.gc()) 771M->771M(5939M) 1704.809ms
[59.036s][info][gc,metaspace] GC(29) Metaspace: 24008K(24640K)->24008K(24640K) NonClass: 21269K(21568K)->21269K(21568K) Class: 2738K(3072K)->2738K(3072K)
[59.036s][info][gc          ] GC(29) Pause Full (System.gc()) 771M->771M(5939M) 1752.354ms
[60.790s][info][gc,metaspace] GC(30) Metaspace: 24008K(24640K)->24008K(24640K) NonClass: 21269K(21568K)->21269K(21568K) Class: 2738K(3072K)->2738K(3072K)
[60.790s][info][gc          ] GC(30) Pause Full (System.gc()) 771M->771M(5939M) 1754.140ms
[62.542s][info][gc,metaspace] GC(31) Metaspace: 24008K(24640K)->24008K(24640K) NonClass: 21269K(21568K)->21269K(21568K) Class: 2738K(3072K)->2738K(3072K)
[62.542s][info][gc          ] GC(31) Pause Full (System.gc()) 771M->771M(5939M) 1752.403ms
[64.247s][info][gc,metaspace] GC(32) Metaspace: 24008K(24640K)->24008K(24640K) NonClass: 21269K(21568K)->21269K(21568K) Class: 2738K(3072K)->2738K(3072K)
[64.247s][info][gc          ] GC(32) Pause Full (System.gc()) 771M->771M(5939M) 1704.797ms
[65.997s][info][gc,metaspace] GC(33) Metaspace: 24008K(24640K)->24008K(24640K) NonClass: 21269K(21568K)->21269K(21568K) Class: 2738K(3072K)->2738K(3072K)
[65.997s][info][gc          ] GC(33) Pause Full (System.gc()) 771M->771M(5939M) 1749.278ms
[67.753s][info][gc,metaspace] GC(34) Metaspace: 24008K(24640K)->24008K(24640K) NonClass: 21269K(21568K)->21269K(21568K) Class: 2738K(3072K)->2738K(3072K)
[67.753s][info][gc          ] GC(34) Pause Full (System.gc()) 781M->771M(5939M) 1755.723ms
[70.062s][info][gc,metaspace] GC(35) Metaspace: 24008K(24640K)->24008K(24640K) NonClass: 21269K(21568K)->21269K(21568K) Class: 2738K(3072K)->2738K(3072K)
[70.062s][info][gc          ] GC(35) Pause Full (System.gc()) 771M->771M(5939M) 2309.059ms
[71.815s][info][gc,metaspace] GC(36) Metaspace: 24008K(24640K)->24008K(24640K) NonClass: 21269K(21568K)->21269K(21568K) Class: 2738K(3072K)->2738K(3072K)
[71.815s][info][gc          ] GC(36) Pause Full (System.gc()) 771M->771M(5939M) 1753.399ms
[73.566s][info][gc,metaspace] GC(37) Metaspace: 24008K(24640K)->24008K(24640K) NonClass: 21269K(21568K)->21269K(21568K) Class: 2738K(3072K)->2738K(3072K)
[73.566s][info][gc          ] GC(37) Pause Full (System.gc()) 771M->771M(5939M) 1750.419ms
[75.269s][info][gc,metaspace] GC(38) Metaspace: 24008K(24640K)->24008K(24640K) NonClass: 21269K(21568K)->21269K(21568K) Class: 2738K(3072K)->2738K(3072K)
[75.269s][info][gc          ] GC(38) Pause Full (System.gc()) 771M->771M(5939M) 1702.905ms
[77.020s][info][gc,metaspace] GC(39) Metaspace: 24008K(24640K)->24008K(24640K) NonClass: 21269K(21568K)->21269K(21568K) Class: 2738K(3072K)->2738K(3072K)
[77.020s][info][gc          ] GC(39) Pause Full (System.gc()) 771M->771M(5939M) 1750.930ms
[78.775s][info][gc,metaspace] GC(40) Metaspace: 24008K(24640K)->24008K(24640K) NonClass: 21269K(21568K)->21269K(21568K) Class: 2738K(3072K)->2738K(3072K)
[78.775s][info][gc          ] GC(40) Pause Full (System.gc()) 771M->771M(5939M) 1755.049ms
[80.526s][info][gc,metaspace] GC(41) Metaspace: 24008K(24640K)->24008K(24640K) NonClass: 21269K(21568K)->21269K(21568K) Class: 2738K(3072K)->2738K(3072K)
[80.526s][info][gc          ] GC(41) Pause Full (System.gc()) 771M->771M(5939M) 1746.271ms
[82.230s][info][gc,metaspace] GC(42) Metaspace: 24008K(24640K)->24008K(24640K) NonClass: 21269K(21568K)->21269K(21568K) Class: 2738K(3072K)->2738K(3072K)
[82.230s][info][gc          ] GC(42) Pause Full (System.gc()) 771M->771M(5939M) 1703.589ms
[83.980s][info][gc,metaspace] GC(43) Metaspace: 24008K(24640K)->24008K(24640K) NonClass: 21269K(21568K)->21269K(21568K) Class: 2738K(3072K)->2738K(3072K)
[83.980s][info][gc          ] GC(43) Pause Full (System.gc()) 771M->771M(5939M) 1750.213ms
[85.730s][info][gc,metaspace] GC(44) Metaspace: 24008K(24640K)->24008K(24640K) NonClass: 21269K(21568K)->21269K(21568K) Class: 2738K(3072K)->2738K(3072K)
[85.730s][info][gc          ] GC(44) Pause Full (System.gc()) 771M->771M(5939M) 1746.068ms
[87.485s][info][gc,metaspace] GC(45) Metaspace: 24008K(24640K)->24008K(24640K) NonClass: 21269K(21568K)->21269K(21568K) Class: 2738K(3072K)->2738K(3072K)
[87.485s][info][gc          ] GC(45) Pause Full (System.gc()) 771M->771M(5939M) 1754.604ms
[89.480s][info][gc,metaspace] GC(46) Metaspace: 24008K(24640K)->24008K(24640K) NonClass: 21269K(21568K)->21269K(21568K) Class: 2738K(3072K)->2738K(3072K)
[89.480s][info][gc          ] GC(46) Pause Full (System.gc()) 771M->771M(5939M) 1994.850ms
[91.480s][info][gc,metaspace] GC(47) Metaspace: 24008K(24640K)->24008K(24640K) NonClass: 21269K(21568K)->21269K(21568K) Class: 2738K(3072K)->2738K(3072K)
[91.480s][info][gc          ] GC(47) Pause Full (System.gc()) 771M->771M(5939M) 1995.162ms
[93.178s][info][gc,metaspace] GC(48) Metaspace: 24008K(24640K)->24008K(24640K) NonClass: 21269K(21568K)->21269K(21568K) Class: 2738K(3072K)->2738K(3072K)
[93.178s][info][gc          ] GC(48) Pause Full (System.gc()) 771M->771M(5939M) 1698.637ms
[94.933s][info][gc,metaspace] GC(49) Metaspace: 24008K(24640K)->24008K(24640K) NonClass: 21269K(21568K)->21269K(21568K) Class: 2738K(3072K)->2738K(3072K)
[94.933s][info][gc          ] GC(49) Pause Full (System.gc()) 771M->771M(5939M) 1754.053ms
[96.684s][info][gc,metaspace] GC(50) Metaspace: 24008K(24640K)->24008K(24640K) NonClass: 21269K(21568K)->21269K(21568K) Class: 2738K(3072K)->2738K(3072K)
[96.684s][info][gc          ] GC(50) Pause Full (System.gc()) 771M->771M(5939M) 1751.050ms
[98.387s][info][gc,metaspace] GC(51) Metaspace: 24008K(24640K)->24008K(24640K) NonClass: 21269K(21568K)->21269K(21568K) Class: 2738K(3072K)->2738K(3072K)
[98.387s][info][gc          ] GC(51) Pause Full (System.gc()) 771M->771M(5939M) 1702.724ms
[100.137s][info][gc,metaspace] GC(52) Metaspace: 24008K(24640K)->24008K(24640K) NonClass: 21269K(21568K)->21269K(21568K) Class: 2738K(3072K)->2738K(3072K)
[100.137s][info][gc          ] GC(52) Pause Full (System.gc()) 771M->771M(5939M) 1750.247ms
[101.892s][info][gc,metaspace] GC(53) Metaspace: 24008K(24640K)->24008K(24640K) NonClass: 21269K(21568K)->21269K(21568K) Class: 2738K(3072K)->2738K(3072K)
[101.892s][info][gc          ] GC(53) Pause Full (System.gc()) 771M->771M(5939M) 1754.614ms
[103.642s][info][gc,metaspace] GC(54) Metaspace: 24008K(24640K)->24008K(24640K) NonClass: 21269K(21568K)->21269K(21568K) Class: 2738K(3072K)->2738K(3072K)
[103.642s][info][gc          ] GC(54) Pause Full (System.gc()) 771M->771M(5939M) 1745.470ms
[105.345s][info][gc,metaspace] GC(55) Metaspace: 24008K(24640K)->24008K(24640K) NonClass: 21269K(21568K)->21269K(21568K) Class: 2738K(3072K)->2738K(3072K)
[105.345s][info][gc          ] GC(55) Pause Full (System.gc()) 771M->771M(5939M) 1702.839ms
[107.095s][info][gc,metaspace] GC(56) Metaspace: 24008K(24640K)->24008K(24640K) NonClass: 21269K(21568K)->21269K(21568K) Class: 2738K(3072K)->2738K(3072K)
[107.095s][info][gc          ] GC(56) Pause Full (System.gc()) 771M->771M(5939M) 1750.624ms
[108.846s][info][gc,metaspace] GC(57) Metaspace: 24008K(24640K)->24008K(24640K) NonClass: 21269K(21568K)->21269K(21568K) Class: 2738K(3072K)->2738K(3072K)
[108.846s][info][gc          ] GC(57) Pause Full (System.gc()) 771M->771M(5939M) 1746.400ms
[110.600s][info][gc,metaspace] GC(58) Metaspace: 24008K(24640K)->24008K(24640K) NonClass: 21269K(21568K)->21269K(21568K) Class: 2738K(3072K)->2738K(3072K)
[110.600s][info][gc          ] GC(58) Pause Full (System.gc()) 771M->771M(5939M) 1753.385ms
[112.303s][info][gc,metaspace] GC(59) Metaspace: 24008K(24640K)->24008K(24640K) NonClass: 21269K(21568K)->21269K(21568K) Class: 2738K(3072K)->2738K(3072K)
[112.303s][info][gc          ] GC(59) Pause Full (System.gc()) 771M->771M(5939M) 1703.443ms
[114.054s][info][gc,metaspace] GC(60) Metaspace: 24008K(24640K)->24008K(24640K) NonClass: 21269K(21568K)->21269K(21568K) Class: 2738K(3072K)->2738K(3072K)
[114.054s][info][gc          ] GC(60) Pause Full (System.gc()) 771M->771M(5939M) 1746.139ms
[115.804s][info][gc,metaspace] GC(61) Metaspace: 24008K(24640K)->24008K(24640K) NonClass: 21269K(21568K)->21269K(21568K) Class: 2738K(3072K)->2738K(3072K)
[115.804s][info][gc          ] GC(61) Pause Full (System.gc()) 771M->771M(5939M) 1750.309ms
[117.559s][info][gc,metaspace] GC(62) Metaspace: 24008K(24640K)->24008K(24640K) NonClass: 21269K(21568K)->21269K(21568K) Class: 2738K(3072K)->2738K(3072K)
[117.559s][info][gc          ] GC(62) Pause Full (System.gc()) 771M->771M(5939M) 1754.795ms
[119.258s][info][gc,metaspace] GC(63) Metaspace: 24008K(24640K)->24008K(24640K) NonClass: 21269K(21568K)->21269K(21568K) Class: 2738K(3072K)->2738K(3072K)
[119.258s][info][gc          ] GC(63) Pause Full (System.gc()) 771M->771M(5939M) 1699.030ms
[121.013s][info][gc,metaspace] GC(64) Metaspace: 24008K(24640K)->24008K(24640K) NonClass: 21269K(21568K)->21269K(21568K) Class: 2738K(3072K)->2738K(3072K)
[121.013s][info][gc          ] GC(64) Pause Full (System.gc()) 771M->771M(5939M) 1755.009ms
[122.764s][info][gc,metaspace] GC(65) Metaspace: 24008K(24640K)->24008K(24640K) NonClass: 21269K(21568K)->21269K(21568K) Class: 2738K(3072K)->2738K(3072K)
[122.764s][info][gc          ] GC(65) Pause Full (System.gc()) 771M->771M(5939M) 1750.334ms
[124.518s][info][gc,metaspace] GC(66) Metaspace: 24008K(24640K)->24008K(24640K) NonClass: 21269K(21568K)->21269K(21568K) Class: 2738K(3072K)->2738K(3072K)
[124.518s][info][gc          ] GC(66) Pause Full (System.gc()) 771M->771M(5939M) 1754.135ms
[126.216s][info][gc,metaspace] GC(67) Metaspace: 24008K(24640K)->24008K(24640K) NonClass: 21269K(21568K)->21269K(21568K) Class: 2738K(3072K)->2738K(3072K)
[126.216s][info][gc          ] GC(67) Pause Full (System.gc()) 771M->771M(5939M) 1698.035ms
[127.971s][info][gc,metaspace] GC(68) Metaspace: 24008K(24640K)->24008K(24640K) NonClass: 21269K(21568K)->21269K(21568K) Class: 2738K(3072K)->2738K(3072K)
[127.971s][info][gc          ] GC(68) Pause Full (System.gc()) 771M->771M(5939M) 1754.838ms
[129.721s][info][gc,metaspace] GC(69) Metaspace: 24008K(24640K)->24008K(24640K) NonClass: 21269K(21568K)->21269K(21568K) Class: 2738K(3072K)->2738K(3072K)
[129.721s][info][gc          ] GC(69) Pause Full (System.gc()) 781M->771M(5939M) 1749.482ms
[131.475s][info][gc,metaspace] GC(70) Metaspace: 24008K(24640K)->24008K(24640K) NonClass: 21269K(21568K)->21269K(21568K) Class: 2738K(3072K)->2738K(3072K)
[131.475s][info][gc          ] GC(70) Pause Full (System.gc()) 771M->771M(5939M) 1754.205ms
[133.174s][info][gc,metaspace] GC(71) Metaspace: 24008K(24640K)->24008K(24640K) NonClass: 21269K(21568K)->21269K(21568K) Class: 2738K(3072K)->2738K(3072K)
[133.174s][info][gc          ] GC(71) Pause Full (System.gc()) 771M->771M(5939M) 1698.995ms
[134.929s][info][gc,metaspace] GC(72) Metaspace: 24008K(24640K)->24008K(24640K) NonClass: 21269K(21568K)->21269K(21568K) Class: 2738K(3072K)->2738K(3072K)
[134.929s][info][gc          ] GC(72) Pause Full (System.gc()) 771M->771M(5939M) 1754.197ms
[136.679s][info][gc,metaspace] GC(73) Metaspace: 24008K(24640K)->24008K(24640K) NonClass: 21269K(21568K)->21269K(21568K) Class: 2738K(3072K)->2738K(3072K)
[136.679s][info][gc          ] GC(73) Pause Full (System.gc()) 771M->771M(5939M) 1745.570ms
[138.382s][info][gc,metaspace] GC(74) Metaspace: 24008K(24640K)->24008K(24640K) NonClass: 21269K(21568K)->21269K(21568K) Class: 2738K(3072K)->2738K(3072K)
[138.382s][info][gc          ] GC(74) Pause Full (System.gc()) 771M->771M(5939M) 1703.611ms
[140.133s][info][gc,metaspace] GC(75) Metaspace: 24008K(24640K)->24008K(24640K) NonClass: 21269K(21568K)->21269K(21568K) Class: 2738K(3072K)->2738K(3072K)
[140.133s][info][gc          ] GC(75) Pause Full (System.gc()) 771M->771M(5939M) 1750.141ms
[141.888s][info][gc,metaspace] GC(76) Metaspace: 24008K(24640K)->24008K(24640K) NonClass: 21269K(21568K)->21269K(21568K) Class: 2738K(3072K)->2738K(3072K)
[141.888s][info][gc          ] GC(76) Pause Full (System.gc()) 771M->771M(5939M) 1750.792ms
[143.638s][info][gc,metaspace] GC(77) Metaspace: 24008K(24640K)->24008K(24640K) NonClass: 21269K(21568K)->21269K(21568K) Class: 2738K(3072K)->2738K(3072K)
[143.638s][info][gc          ] GC(77) Pause Full (System.gc()) 771M->771M(5939M) 1750.141ms
[145.341s][info][gc,metaspace] GC(78) Metaspace: 24008K(24640K)->24008K(24640K) NonClass: 21269K(21568K)->21269K(21568K) Class: 2738K(3072K)->2738K(3072K)
[145.341s][info][gc          ] GC(78) Pause Full (System.gc()) 771M->771M(5939M) 1703.151ms
[147.092s][info][gc,metaspace] GC(79) Metaspace: 24008K(24640K)->24008K(24640K) NonClass: 21269K(21568K)->21269K(21568K) Class: 2738K(3072K)->2738K(3072K)
[147.092s][info][gc          ] GC(79) Pause Full (System.gc()) 771M->771M(5939M) 1746.457ms
[148.847s][info][gc,metaspace] GC(80) Metaspace: 24008K(24640K)->24008K(24640K) NonClass: 21269K(21568K)->21269K(21568K) Class: 2738K(3072K)->2738K(3072K)
[148.847s][info][gc          ] GC(80) Pause Full (System.gc()) 771M->771M(5939M) 1754.682ms
[150.598s][info][gc,metaspace] GC(81) Metaspace: 24008K(24640K)->24008K(24640K) NonClass: 21269K(21568K)->21269K(21568K) Class: 2738K(3072K)->2738K(3072K)
[150.598s][info][gc          ] GC(81) Pause Full (System.gc()) 771M->771M(5939M) 1750.982ms
[152.302s][info][gc,metaspace] GC(82) Metaspace: 24008K(24640K)->24008K(24640K) NonClass: 21269K(21568K)->21269K(21568K) Class: 2738K(3072K)->2738K(3072K)
[152.302s][info][gc          ] GC(82) Pause Full (System.gc()) 771M->771M(5939M) 1703.342ms
[154.052s][info][gc,metaspace] GC(83) Metaspace: 24008K(24640K)->24008K(24640K) NonClass: 21269K(21568K)->21269K(21568K) Class: 2738K(3072K)->2738K(3072K)
[154.052s][info][gc          ] GC(83) Pause Full (System.gc()) 771M->771M(5939M) 1750.195ms
[155.806s][info][gc,metaspace] GC(84) Metaspace: 24008K(24640K)->24008K(24640K) NonClass: 21269K(21568K)->21269K(21568K) Class: 2738K(3072K)->2738K(3072K)
[155.806s][info][gc          ] GC(84) Pause Full (System.gc()) 771M->771M(5939M) 1754.016ms
[157.557s][info][gc,metaspace] GC(85) Metaspace: 24008K(24640K)->24008K(24640K) NonClass: 21269K(21568K)->21269K(21568K) Class: 2738K(3072K)->2738K(3072K)
[157.557s][info][gc          ] GC(85) Pause Full (System.gc()) 771M->771M(5939M) 1746.516ms
[159.260s][info][gc,metaspace] GC(86) Metaspace: 24008K(24640K)->24008K(24640K) NonClass: 21269K(21568K)->21269K(21568K) Class: 2738K(3072K)->2738K(3072K)
[159.260s][info][gc          ] GC(86) Pause Full (System.gc()) 771M->771M(5939M) 1702.789ms
[161.010s][info][gc,metaspace] GC(87) Metaspace: 24008K(24640K)->24008K(24640K) NonClass: 21269K(21568K)->21269K(21568K) Class: 2738K(3072K)->2738K(3072K)
[161.010s][info][gc          ] GC(87) Pause Full (System.gc()) 771M->771M(5939M) 1749.653ms
[162.761s][info][gc,metaspace] GC(88) Metaspace: 24008K(24640K)->24008K(24640K) NonClass: 21269K(21568K)->21269K(21568K) Class: 2738K(3072K)->2738K(3072K)
[162.761s][info][gc          ] GC(88) Pause Full (System.gc()) 771M->771M(5939M) 1746.616ms
[164.516s][info][gc,metaspace] GC(89) Metaspace: 24008K(24640K)->24008K(24640K) NonClass: 21269K(21568K)->21269K(21568K) Class: 2738K(3072K)->2738K(3072K)
[164.516s][info][gc          ] GC(89) Pause Full (System.gc()) 771M->771M(5939M) 1755.259ms
[166.215s][info][gc,metaspace] GC(90) Metaspace: 24008K(24640K)->24008K(24640K) NonClass: 21269K(21568K)->21269K(21568K) Class: 2738K(3072K)->2738K(3072K)
[166.215s][info][gc          ] GC(90) Pause Full (System.gc()) 771M->771M(5939M) 1698.652ms
[167.971s][info][gc,metaspace] GC(91) Metaspace: 24008K(24640K)->24008K(24640K) NonClass: 21269K(21568K)->21269K(21568K) Class: 2738K(3072K)->2738K(3072K)
[167.971s][info][gc          ] GC(91) Pause Full (System.gc()) 771M->771M(5939M) 1751.419ms
[169.721s][info][gc,metaspace] GC(92) Metaspace: 24008K(24640K)->24008K(24640K) NonClass: 21269K(21568K)->21269K(21568K) Class: 2738K(3072K)->2738K(3072K)
[169.721s][info][gc          ] GC(92) Pause Full (System.gc()) 771M->771M(5939M) 1749.811ms
[171.476s][info][gc,metaspace] GC(93) Metaspace: 24008K(24640K)->24008K(24640K) NonClass: 21269K(21568K)->21269K(21568K) Class: 2738K(3072K)->2738K(3072K)
[171.476s][info][gc          ] GC(93) Pause Full (System.gc()) 771M->771M(5939M) 1755.220ms
[173.812s][info][gc,metaspace] GC(94) Metaspace: 24008K(24640K)->24008K(24640K) NonClass: 21269K(21568K)->21269K(21568K) Class: 2738K(3072K)->2738K(3072K)
[173.812s][info][gc          ] GC(94) Pause Full (System.gc()) 771M->771M(5939M) 2335.891ms
[175.998s][info][gc,metaspace] GC(95) Metaspace: 24008K(24640K)->24008K(24640K) NonClass: 21269K(21568K)->21269K(21568K) Class: 2738K(3072K)->2738K(3072K)
[175.998s][info][gc          ] GC(95) Pause Full (System.gc()) 771M->771M(5939M) 2185.439ms
[177.749s][info][gc,metaspace] GC(96) Metaspace: 24008K(24640K)->24008K(24640K) NonClass: 21269K(21568K)->21269K(21568K) Class: 2738K(3072K)->2738K(3072K)
[177.749s][info][gc          ] GC(96) Pause Full (System.gc()) 771M->771M(5939M) 1750.898ms
[179.498s][info][gc,metaspace] GC(97) Metaspace: 24008K(24640K)->24008K(24640K) NonClass: 21269K(21568K)->21269K(21568K) Class: 2738K(3072K)->2738K(3072K)
[179.498s][info][gc          ] GC(97) Pause Full (System.gc()) 771M->771M(5939M) 1749.363ms
[181.492s][info][gc,metaspace] GC(98) Metaspace: 24008K(24640K)->24008K(24640K) NonClass: 21269K(21568K)->21269K(21568K) Class: 2738K(3072K)->2738K(3072K)
[181.492s][info][gc          ] GC(98) Pause Full (System.gc()) 771M->771M(5939M) 1993.723ms
[183.827s][info][gc,metaspace] GC(99) Metaspace: 24008K(24640K)->24008K(24640K) NonClass: 21269K(21568K)->21269K(21568K) Class: 2738K(3072K)->2738K(3072K)
[183.827s][info][gc          ] GC(99) Pause Full (System.gc()) 771M->771M(5939M) 2334.742ms
[185.983s][info][gc,metaspace] GC(100) Metaspace: 24008K(24640K)->24008K(24640K) NonClass: 21269K(21568K)->21269K(21568K) Class: 2738K(3072K)->2738K(3072K)
[185.983s][info][gc          ] GC(100) Pause Full (System.gc()) 771M->771M(5939M) 2156.328ms
After GCs... 
