Done; will start GCs... 
[27.182s][info][gc,metaspace] GC(5) Metaspace: 28787K(30016K)->28787K(30016K) NonClass: 23494K(24064K)->23494K(24064K) Class: 5292K(5952K)->5292K(5952K)
[27.182s][info][gc          ] GC(5) Pause Full (System.gc()) 1440M->1408M(5939M) 5401.751ms
[31.449s][info][gc,metaspace] GC(6) Metaspace: 28787K(30016K)->28787K(30016K) NonClass: 23494K(24064K)->23494K(24064K) Class: 5292K(5952K)->5292K(5952K)
[31.449s][info][gc          ] GC(6) Pause Full (System.gc()) 1408M->1408M(5939M) 4266.850ms
[35.724s][info][gc,metaspace] GC(7) Metaspace: 28787K(30016K)->28787K(30016K) NonClass: 23494K(24064K)->23494K(24064K) Class: 5292K(5952K)->5292K(5952K)
[35.724s][info][gc          ] GC(7) Pause Full (System.gc()) 1408M->1408M(5939M) 4274.707ms
[39.980s][info][gc,metaspace] GC(8) Metaspace: 28787K(30016K)->28787K(30016K) NonClass: 23494K(24064K)->23494K(24064K) Class: 5292K(5952K)->5292K(5952K)
[39.980s][info][gc          ] GC(8) Pause Full (System.gc()) 1408M->1408M(5939M) 4256.151ms
[44.297s][info][gc,metaspace] GC(9) Metaspace: 28787K(30016K)->28787K(30016K) NonClass: 23494K(24064K)->23494K(24064K) Class: 5292K(5952K)->5292K(5952K)
[44.297s][info][gc          ] GC(9) Pause Full (System.gc()) 1408M->1408M(5939M) 4317.251ms
[48.552s][info][gc,metaspace] GC(10) Metaspace: 28787K(30016K)->28787K(30016K) NonClass: 23494K(24064K)->23494K(24064K) Class: 5292K(5952K)->5292K(5952K)
[48.552s][info][gc          ] GC(10) Pause Full (System.gc()) 1408M->1408M(5939M) 4253.860ms
[52.831s][info][gc,metaspace] GC(11) Metaspace: 28787K(30016K)->28787K(30016K) NonClass: 23495K(24064K)->23495K(24064K) Class: 5292K(5952K)->5292K(5952K)
[52.831s][info][gc          ] GC(11) Pause Full (System.gc()) 1408M->1408M(5939M) 4278.726ms
[57.149s][info][gc,metaspace] GC(12) Metaspace: 28787K(30016K)->28787K(30016K) NonClass: 23495K(24064K)->23495K(24064K) Class: 5292K(5952K)->5292K(5952K)
[57.150s][info][gc          ] GC(12) Pause Full (System.gc()) 1408M->1408M(5939M) 4318.455ms
[61.423s][info][gc,metaspace] GC(13) Metaspace: 28787K(30016K)->28787K(30016K) NonClass: 23495K(24064K)->23495K(24064K) Class: 5292K(5952K)->5292K(5952K)
[61.423s][info][gc          ] GC(13) Pause Full (System.gc()) 1408M->1408M(5939M) 4273.736ms
[66.585s][info][gc,metaspace] GC(14) Metaspace: 28787K(30016K)->28787K(30016K) NonClass: 23495K(24064K)->23495K(24064K) Class: 5292K(5952K)->5292K(5952K)
[66.585s][info][gc          ] GC(14) Pause Full (System.gc()) 1408M->1408M(5939M) 5160.986ms
After GCs... 
