[0.001s][info][metaspace]  - commit_granule_bytes: 65536.
[0.001s][info][metaspace]  - commit_granule_words: 8192.
[0.001s][info][metaspace]  - virtual_space_node_default_size: 8388608.
[0.001s][info][metaspace]  - enlarge_chunks_in_place: 1.
[0.001s][info][metaspace]  - use_allocation_guard: 0.
[0.005s][info][gc       ] Using Serial
[1.889s][info][metaspace] Reserving compressed class space anywhere
[1.889s][info][gc,metaspace] CDS archive(s) not mapped
[1.889s][info][gc,metaspace] Compressed class space mapped at: 0x0000000030000000-0x00000000f0000000, reserved size: 3221225472
[1.889s][info][gc,metaspace] UseCompressedClassPointers 1, UseCompactObjectHeaders 1, narrow klass pointer bits 22, max shift 10
[1.889s][info][gc,metaspace] Narrow klass base: 0x0000000030000000, Narrow klass shift: 10, Narrow klass range: 0xc0000000
Num Classes: 1024
Num Objects per Class: 65536
Cycles: 10
randomize: true (disable with --no-randomization)
ballOfYarn mode: false (switch to flat mode with --flat-mode)
Generate 1024 classes...[4.112s][info][gc,metaspace] GC(0) Metaspace: 23032K(23296K)->23032K(23296K) NonClass: 19303K(19456K)->19303K(19456K) Class: 3729K(3840K)->3729K(3840K)
[4.112s][info][gc          ] GC(0) Pause Young (Allocation Failure) 1638M->4M(5939M) 13.808ms
[5.442s][info][gc,metaspace] GC(1) Metaspace: 23768K(24128K)->23768K(24128K) NonClass: 20035K(20224K)->20035K(20224K) Class: 3732K(3904K)->3732K(3904K)
[5.442s][info][gc          ] GC(1) Pause Young (Allocation Failure) 1642M->4M(5939M) 13.708ms

Loading 1024...[6.238s][info][gc,metaspace] GC(2) Metaspace: 25387K(25728K)->25387K(25728K) NonClass: 20631K(20800K)->20631K(20800K) Class: 4756K(4928K)->4756K(4928K)
[6.238s][info][gc          ] GC(2) Pause Full (System.gc()) 736M->4M(5939M) 201.100ms
Creating 65536 objects per class...
Preparatory GC...
[17.235s][info][gc,metaspace] GC(3) Metaspace: 28817K(30016K)->28817K(30016K) NonClass: 23524K(24064K)->23524K(24064K) Class: 5293K(5952K)->5293K(5952K)
[17.236s][info][gc          ] GC(3) Pause Full (System.gc()) 1462M->1408M(5939M) 4950.891ms
[20.582s][info][gc,metaspace] GC(4) Metaspace: 28817K(30016K)->28817K(30016K) NonClass: 23524K(24064K)->23524K(24064K) Class: 5293K(5952K)->5293K(5952K)
[20.583s][info][gc          ] GC(4) Pause Full (System.gc()) 1408M->1408M(5939M) 3346.640ms
Done; will start GCs... 
[25.007s][info][gc,metaspace] GC(5) Metaspace: 28817K(30016K)->28817K(30016K) NonClass: 23524K(24064K)->23524K(24064K) Class: 5293K(5952K)->5293K(5952K)
[25.007s][info][gc          ] GC(5) Pause Full (System.gc()) 1439M->1408M(5939M) 4424.255ms
[28.352s][info][gc,metaspace] GC(6) Metaspace: 28817K(30016K)->28817K(30016K) NonClass: 23524K(24064K)->23524K(24064K) Class: 5293K(5952K)->5293K(5952K)
[28.352s][info][gc          ] GC(6) Pause Full (System.gc()) 1408M->1408M(5939M) 3344.407ms
[31.745s][info][gc,metaspace] GC(7) Metaspace: 28817K(30016K)->28817K(30016K) NonClass: 23524K(24064K)->23524K(24064K) Class: 5293K(5952K)->5293K(5952K)
[31.745s][info][gc          ] GC(7) Pause Full (System.gc()) 1408M->1408M(5939M) 3393.220ms
[35.090s][info][gc,metaspace] GC(8) Metaspace: 28817K(30016K)->28817K(30016K) NonClass: 23524K(24064K)->23524K(24064K) Class: 5293K(5952K)->5293K(5952K)
[35.090s][info][gc          ] GC(8) Pause Full (System.gc()) 1408M->1408M(5939M) 3344.158ms
[38.433s][info][gc,metaspace] GC(9) Metaspace: 28817K(30016K)->28817K(30016K) NonClass: 23524K(24064K)->23524K(24064K) Class: 5293K(5952K)->5293K(5952K)
[38.433s][info][gc          ] GC(9) Pause Full (System.gc()) 1408M->1408M(5939M) 3343.354ms
[41.826s][info][gc,metaspace] GC(10) Metaspace: 28817K(30016K)->28817K(30016K) NonClass: 23524K(24064K)->23524K(24064K) Class: 5293K(5952K)->5293K(5952K)
[41.826s][info][gc          ] GC(10) Pause Full (System.gc()) 1408M->1408M(5939M) 3392.541ms
[45.171s][info][gc,metaspace] GC(11) Metaspace: 28817K(30016K)->28817K(30016K) NonClass: 23524K(24064K)->23524K(24064K) Class: 5293K(5952K)->5293K(5952K)
[45.171s][info][gc          ] GC(11) Pause Full (System.gc()) 1408M->1408M(5939M) 3345.238ms
[48.517s][info][gc,metaspace] GC(12) Metaspace: 28817K(30016K)->28817K(30016K) NonClass: 23524K(24064K)->23524K(24064K) Class: 5293K(5952K)->5293K(5952K)
[48.517s][info][gc          ] GC(12) Pause Full (System.gc()) 1408M->1408M(5939M) 3345.087ms
[51.910s][info][gc,metaspace] GC(13) Metaspace: 28817K(30016K)->28817K(30016K) NonClass: 23524K(24064K)->23524K(24064K) Class: 5293K(5952K)->5293K(5952K)
[51.910s][info][gc          ] GC(13) Pause Full (System.gc()) 1408M->1408M(5939M) 3392.929ms
[55.254s][info][gc,metaspace] GC(14) Metaspace: 28817K(30016K)->28817K(30016K) NonClass: 23524K(24064K)->23524K(24064K) Class: 5293K(5952K)->5293K(5952K)
[55.254s][info][gc          ] GC(14) Pause Full (System.gc()) 1408M->1408M(5939M) 3344.513ms
After GCs... 
