Done; will start GCs... 
[24.491s][info][gc,metaspace] GC(5) Metaspace: 28672K(29824K)->28672K(29824K) NonClass: 25276K(25792K)->25276K(25792K) Class: 3396K(4032K)->3396K(4032K)
[24.491s][info][gc          ] GC(5) Pause Full (System.gc()) 1570M->1538M(5939M) 4069.985ms
[27.903s][info][gc,metaspace] GC(6) Metaspace: 28672K(29824K)->28672K(29824K) NonClass: 25276K(25792K)->25276K(25792K) Class: 3396K(4032K)->3396K(4032K)
[27.903s][info][gc          ] GC(6) Pause Full (System.gc()) 1538M->1538M(5939M) 3411.231ms
[31.272s][info][gc,metaspace] GC(7) Metaspace: 28672K(29824K)->28672K(29824K) NonClass: 25276K(25792K)->25276K(25792K) Class: 3396K(4032K)->3396K(4032K)
[31.272s][info][gc          ] GC(7) Pause Full (System.gc()) 1538M->1538M(5939M) 3369.561ms
[34.632s][info][gc,metaspace] GC(8) Metaspace: 28672K(29824K)->28672K(29824K) NonClass: 25276K(25792K)->25276K(25792K) Class: 3396K(4032K)->3396K(4032K)
[34.632s][info][gc          ] GC(8) Pause Full (System.gc()) 1538M->1538M(5939M) 3359.206ms
[38.047s][info][gc,metaspace] GC(9) Metaspace: 28672K(29824K)->28672K(29824K) NonClass: 25276K(25792K)->25276K(25792K) Class: 3396K(4032K)->3396K(4032K)
[38.047s][info][gc          ] GC(9) Pause Full (System.gc()) 1538M->1538M(5939M) 3414.653ms
[41.398s][info][gc,metaspace] GC(10) Metaspace: 28672K(29824K)->28672K(29824K) NonClass: 25276K(25792K)->25276K(25792K) Class: 3396K(4032K)->3396K(4032K)
[41.399s][info][gc          ] GC(10) Pause Full (System.gc()) 1538M->1538M(5939M) 3351.653ms
[44.750s][info][gc,metaspace] GC(11) Metaspace: 28672K(29824K)->28672K(29824K) NonClass: 25276K(25792K)->25276K(25792K) Class: 3396K(4032K)->3396K(4032K)
[44.750s][info][gc          ] GC(11) Pause Full (System.gc()) 1538M->1538M(5939M) 3351.723ms
[48.163s][info][gc,metaspace] GC(12) Metaspace: 28672K(29824K)->28672K(29824K) NonClass: 25276K(25792K)->25276K(25792K) Class: 3396K(4032K)->3396K(4032K)
[48.163s][info][gc          ] GC(12) Pause Full (System.gc()) 1538M->1538M(5939M) 3412.329ms
[51.532s][info][gc,metaspace] GC(13) Metaspace: 28672K(29824K)->28672K(29824K) NonClass: 25276K(25792K)->25276K(25792K) Class: 3396K(4032K)->3396K(4032K)
[51.532s][info][gc          ] GC(13) Pause Full (System.gc()) 1538M->1538M(5939M) 3369.283ms
[54.934s][info][gc,metaspace] GC(14) Metaspace: 28672K(29824K)->28672K(29824K) NonClass: 25276K(25792K)->25276K(25792K) Class: 3396K(4032K)->3396K(4032K)
[54.934s][info][gc          ] GC(14) Pause Full (System.gc()) 1538M->1538M(5939M) 3401.525ms
After GCs... 
