Done; will start GCs... 
[25.007s][info][gc,metaspace] GC(5) Metaspace: 28817K(30016K)->28817K(30016K) NonClass: 23524K(24064K)->23524K(24064K) Class: 5293K(5952K)->5293K(5952K)
[25.007s][info][gc          ] GC(5) Pause Full (System.gc()) 1439M->1408M(5939M) 4424.255ms
[28.352s][info][gc,metaspace] GC(6) Metaspace: 28817K(30016K)->28817K(30016K) NonClass: 23524K(24064K)->23524K(24064K) Class: 5293K(5952K)->5293K(5952K)
[28.352s][info][gc          ] GC(6) Pause Full (System.gc()) 1408M->1408M(5939M) 3344.407ms
[31.745s][info][gc,metaspace] GC(7) Metaspace: 28817K(30016K)->28817K(30016K) NonClass: 23524K(24064K)->23524K(24064K) Class: 5293K(5952K)->5293K(5952K)
[31.745s][info][gc          ] GC(7) Pause Full (System.gc()) 1408M->1408M(5939M) 3393.220ms
[35.090s][info][gc,metaspace] GC(8) Metaspace: 28817K(30016K)->28817K(30016K) NonClass: 23524K(24064K)->23524K(24064K) Class: 5293K(5952K)->5293K(5952K)
[35.090s][info][gc          ] GC(8) Pause Full (System.gc()) 1408M->1408M(5939M) 3344.158ms
[38.433s][info][gc,metaspace] GC(9) Metaspace: 28817K(30016K)->28817K(30016K) NonClass: 23524K(24064K)->23524K(24064K) Class: 5293K(5952K)->5293K(5952K)
[38.433s][info][gc          ] GC(9) Pause Full (System.gc()) 1408M->1408M(5939M) 3343.354ms
[41.826s][info][gc,metaspace] GC(10) Metaspace: 28817K(30016K)->28817K(30016K) NonClass: 23524K(24064K)->23524K(24064K) Class: 5293K(5952K)->5293K(5952K)
[41.826s][info][gc          ] GC(10) Pause Full (System.gc()) 1408M->1408M(5939M) 3392.541ms
[45.171s][info][gc,metaspace] GC(11) Metaspace: 28817K(30016K)->28817K(30016K) NonClass: 23524K(24064K)->23524K(24064K) Class: 5293K(5952K)->5293K(5952K)
[45.171s][info][gc          ] GC(11) Pause Full (System.gc()) 1408M->1408M(5939M) 3345.238ms
[48.517s][info][gc,metaspace] GC(12) Metaspace: 28817K(30016K)->28817K(30016K) NonClass: 23524K(24064K)->23524K(24064K) Class: 5293K(5952K)->5293K(5952K)
[48.517s][info][gc          ] GC(12) Pause Full (System.gc()) 1408M->1408M(5939M) 3345.087ms
[51.910s][info][gc,metaspace] GC(13) Metaspace: 28817K(30016K)->28817K(30016K) NonClass: 23524K(24064K)->23524K(24064K) Class: 5293K(5952K)->5293K(5952K)
[51.910s][info][gc          ] GC(13) Pause Full (System.gc()) 1408M->1408M(5939M) 3392.929ms
[55.254s][info][gc,metaspace] GC(14) Metaspace: 28817K(30016K)->28817K(30016K) NonClass: 23524K(24064K)->23524K(24064K) Class: 5293K(5952K)->5293K(5952K)
[55.254s][info][gc          ] GC(14) Pause Full (System.gc()) 1408M->1408M(5939M) 3344.513ms
After GCs... 
