Done; will start GCs... 
[43.922s][info   ][gc,metaspace] GC(31) Metaspace: 31159K(34752K)->31159K(34752K) NonClass: 23182K(24768K)->23182K(24768K) Class: 7977K(9984K)->7977K(9984K)
[43.922s][info   ][gc          ] GC(31) Pause Full (System.gc()) 1599M->1597M(6144M) 1385.367ms
[45.347s][info   ][gc,metaspace] GC(32) Metaspace: 31159K(34752K)->31159K(34752K) NonClass: 23182K(24768K)->23182K(24768K) Class: 7977K(9984K)->7977K(9984K)
[45.347s][info   ][gc          ] GC(32) Pause Full (System.gc()) 1597M->1597M(6144M) 1424.273ms
[46.739s][info   ][gc,metaspace] GC(33) Metaspace: 31159K(34752K)->31159K(34752K) NonClass: 23182K(24768K)->23182K(24768K) Class: 7977K(9984K)->7977K(9984K)
[46.739s][info   ][gc          ] GC(33) Pause Full (System.gc()) 1597M->1597M(6144M) 1392.039ms
[48.124s][info   ][gc,metaspace] GC(34) Metaspace: 31159K(34752K)->31159K(34752K) NonClass: 23182K(24768K)->23182K(24768K) Class: 7977K(9984K)->7977K(9984K)
[48.124s][info   ][gc          ] GC(34) Pause Full (System.gc()) 1597M->1597M(6144M) 1385.288ms
[49.553s][info   ][gc,metaspace] GC(35) Metaspace: 31159K(34752K)->31159K(34752K) NonClass: 23182K(24768K)->23182K(24768K) Class: 7977K(9984K)->7977K(9984K)
[49.553s][info   ][gc          ] GC(35) Pause Full (System.gc()) 1597M->1597M(6144M) 1428.805ms
[50.933s][info   ][gc,metaspace] GC(36) Metaspace: 31159K(34752K)->31159K(34752K) NonClass: 23182K(24768K)->23182K(24768K) Class: 7977K(9984K)->7977K(9984K)
[50.933s][info   ][gc          ] GC(36) Pause Full (System.gc()) 1597M->1597M(6144M) 1379.372ms
[52.357s][info   ][gc,metaspace] GC(37) Metaspace: 31159K(34752K)->31159K(34752K) NonClass: 23182K(24768K)->23182K(24768K) Class: 7977K(9984K)->7977K(9984K)
[52.357s][info   ][gc          ] GC(37) Pause Full (System.gc()) 1597M->1597M(6144M) 1424.070ms
[53.744s][info   ][gc,metaspace] GC(38) Metaspace: 31159K(34752K)->31159K(34752K) NonClass: 23182K(24768K)->23182K(24768K) Class: 7977K(9984K)->7977K(9984K)
[53.744s][info   ][gc          ] GC(38) Pause Full (System.gc()) 1597M->1597M(6144M) 1387.294ms
[55.129s][info   ][gc,metaspace] GC(39) Metaspace: 31159K(34752K)->31159K(34752K) NonClass: 23182K(24768K)->23182K(24768K) Class: 7977K(9984K)->7977K(9984K)
[55.129s][info   ][gc          ] GC(39) Pause Full (System.gc()) 1597M->1597M(6144M) 1385.160ms
[56.548s][info   ][gc,metaspace] GC(40) Metaspace: 31159K(34752K)->31159K(34752K) NonClass: 23182K(24768K)->23182K(24768K) Class: 7977K(9984K)->7977K(9984K)
[56.548s][info   ][gc          ] GC(40) Pause Full (System.gc()) 1597M->1597M(6144M) 1417.515ms
[57.930s][info   ][gc,metaspace] GC(41) Metaspace: 31159K(34752K)->31159K(34752K) NonClass: 23182K(24768K)->23182K(24768K) Class: 7977K(9984K)->7977K(9984K)
[57.930s][info   ][gc          ] GC(41) Pause Full (System.gc()) 1597M->1597M(6144M) 1382.137ms
[59.343s][info   ][gc,metaspace] GC(42) Metaspace: 31159K(34752K)->31159K(34752K) NonClass: 23182K(24768K)->23182K(24768K) Class: 7977K(9984K)->7977K(9984K)
[59.343s][info   ][gc          ] GC(42) Pause Full (System.gc()) 1597M->1597M(6144M) 1413.277ms
[60.738s][info   ][gc,metaspace] GC(43) Metaspace: 31159K(34752K)->31159K(34752K) NonClass: 23182K(24768K)->23182K(24768K) Class: 7977K(9984K)->7977K(9984K)
[60.739s][info   ][gc          ] GC(43) Pause Full (System.gc()) 1597M->1597M(6144M) 1395.092ms
[62.129s][info   ][gc,metaspace] GC(44) Metaspace: 31159K(34752K)->31159K(34752K) NonClass: 23182K(24768K)->23182K(24768K) Class: 7977K(9984K)->7977K(9984K)
[62.129s][info   ][gc          ] GC(44) Pause Full (System.gc()) 1597M->1597M(6144M) 1389.364ms
[63.555s][info   ][gc,metaspace] GC(45) Metaspace: 31159K(34752K)->31159K(34752K) NonClass: 23182K(24768K)->23182K(24768K) Class: 7977K(9984K)->7977K(9984K)
[63.555s][info   ][gc          ] GC(45) Pause Full (System.gc()) 1597M->1597M(6144M) 1426.083ms
[64.944s][info   ][gc,metaspace] GC(46) Metaspace: 31159K(34752K)->31159K(34752K) NonClass: 23182K(24768K)->23182K(24768K) Class: 7977K(9984K)->7977K(9984K)
[64.944s][info   ][gc          ] GC(46) Pause Full (System.gc()) 1597M->1597M(6144M) 1388.677ms
[66.356s][info   ][gc,metaspace] GC(47) Metaspace: 31159K(34752K)->31159K(34752K) NonClass: 23182K(24768K)->23182K(24768K) Class: 7977K(9984K)->7977K(9984K)
[66.356s][info   ][gc          ] GC(47) Pause Full (System.gc()) 1597M->1597M(6144M) 1412.252ms
[67.738s][info   ][gc,metaspace] GC(48) Metaspace: 31159K(34752K)->31159K(34752K) NonClass: 23182K(24768K)->23182K(24768K) Class: 7977K(9984K)->7977K(9984K)
[67.738s][info   ][gc          ] GC(48) Pause Full (System.gc()) 1599M->1597M(6144M) 1381.649ms
[69.125s][info   ][gc,metaspace] GC(49) Metaspace: 31159K(34752K)->31159K(34752K) NonClass: 23182K(24768K)->23182K(24768K) Class: 7977K(9984K)->7977K(9984K)
[69.125s][info   ][gc          ] GC(49) Pause Full (System.gc()) 1597M->1597M(6144M) 1386.922ms
[70.553s][info   ][gc,metaspace] GC(50) Metaspace: 31159K(34752K)->31159K(34752K) NonClass: 23182K(24768K)->23182K(24768K) Class: 7977K(9984K)->7977K(9984K)
[70.553s][info   ][gc          ] GC(50) Pause Full (System.gc()) 1597M->1597M(6144M) 1428.017ms
[71.938s][info   ][gc,metaspace] GC(51) Metaspace: 31159K(34752K)->31159K(34752K) NonClass: 23182K(24768K)->23182K(24768K) Class: 7977K(9984K)->7977K(9984K)
[71.938s][info   ][gc          ] GC(51) Pause Full (System.gc()) 1597M->1597M(6144M) 1385.158ms
[73.358s][info   ][gc,metaspace] GC(52) Metaspace: 31159K(34752K)->31159K(34752K) NonClass: 23182K(24768K)->23182K(24768K) Class: 7977K(9984K)->7977K(9984K)
[73.358s][info   ][gc          ] GC(52) Pause Full (System.gc()) 1597M->1597M(6144M) 1418.835ms
[74.743s][info   ][gc,metaspace] GC(53) Metaspace: 31159K(34752K)->31159K(34752K) NonClass: 23182K(24768K)->23182K(24768K) Class: 7977K(9984K)->7977K(9984K)
[74.743s][info   ][gc          ] GC(53) Pause Full (System.gc()) 1597M->1597M(6144M) 1385.055ms
[76.127s][info   ][gc,metaspace] GC(54) Metaspace: 31159K(34752K)->31159K(34752K) NonClass: 23182K(24768K)->23182K(24768K) Class: 7977K(9984K)->7977K(9984K)
[76.128s][info   ][gc          ] GC(54) Pause Full (System.gc()) 1597M->1597M(6144M) 1384.578ms
[77.545s][info   ][gc,metaspace] GC(55) Metaspace: 31159K(34752K)->31159K(34752K) NonClass: 23182K(24768K)->23182K(24768K) Class: 7977K(9984K)->7977K(9984K)
[77.545s][info   ][gc          ] GC(55) Pause Full (System.gc()) 1597M->1597M(6144M) 1417.141ms
[78.926s][info   ][gc,metaspace] GC(56) Metaspace: 31159K(34752K)->31159K(34752K) NonClass: 23182K(24768K)->23182K(24768K) Class: 7977K(9984K)->7977K(9984K)
[78.927s][info   ][gc          ] GC(56) Pause Full (System.gc()) 1597M->1597M(6144M) 1381.662ms
[80.336s][info   ][gc,metaspace] GC(57) Metaspace: 31159K(34752K)->31159K(34752K) NonClass: 23182K(24768K)->23182K(24768K) Class: 7977K(9984K)->7977K(9984K)
[80.336s][info   ][gc          ] GC(57) Pause Full (System.gc()) 1597M->1597M(6144M) 1409.769ms
[81.717s][info   ][gc,metaspace] GC(58) Metaspace: 31159K(34752K)->31159K(34752K) NonClass: 23182K(24768K)->23182K(24768K) Class: 7977K(9984K)->7977K(9984K)
[81.717s][info   ][gc          ] GC(58) Pause Full (System.gc()) 1597M->1597M(6144M) 1380.410ms
[83.102s][info   ][gc,metaspace] GC(59) Metaspace: 31159K(34752K)->31159K(34752K) NonClass: 23182K(24768K)->23182K(24768K) Class: 7977K(9984K)->7977K(9984K)
[83.102s][info   ][gc          ] GC(59) Pause Full (System.gc()) 1597M->1597M(6144M) 1384.890ms
[84.527s][info   ][gc,metaspace] GC(60) Metaspace: 31159K(34752K)->31159K(34752K) NonClass: 23182K(24768K)->23182K(24768K) Class: 7977K(9984K)->7977K(9984K)
[84.527s][info   ][gc          ] GC(60) Pause Full (System.gc()) 1597M->1597M(6144M) 1423.991ms
[85.916s][info   ][gc,metaspace] GC(61) Metaspace: 31159K(34752K)->31159K(34752K) NonClass: 23182K(24768K)->23182K(24768K) Class: 7977K(9984K)->7977K(9984K)
[85.917s][info   ][gc          ] GC(61) Pause Full (System.gc()) 1597M->1597M(6144M) 1389.771ms
[87.327s][info   ][gc,metaspace] GC(62) Metaspace: 31159K(34752K)->31159K(34752K) NonClass: 23182K(24768K)->23182K(24768K) Class: 7977K(9984K)->7977K(9984K)
[87.327s][info   ][gc          ] GC(62) Pause Full (System.gc()) 1597M->1597M(6144M) 1410.163ms
[88.717s][info   ][gc,metaspace] GC(63) Metaspace: 31159K(34752K)->31159K(34752K) NonClass: 23182K(24768K)->23182K(24768K) Class: 7977K(9984K)->7977K(9984K)
[88.717s][info   ][gc          ] GC(63) Pause Full (System.gc()) 1597M->1597M(6144M) 1390.026ms
[90.102s][info   ][gc,metaspace] GC(64) Metaspace: 31159K(34752K)->31159K(34752K) NonClass: 23182K(24768K)->23182K(24768K) Class: 7977K(9984K)->7977K(9984K)
[90.102s][info   ][gc          ] GC(64) Pause Full (System.gc()) 1597M->1597M(6144M) 1383.941ms
[91.514s][info   ][gc,metaspace] GC(65) Metaspace: 31159K(34752K)->31159K(34752K) NonClass: 23182K(24768K)->23182K(24768K) Class: 7977K(9984K)->7977K(9984K)
[91.514s][info   ][gc          ] GC(65) Pause Full (System.gc()) 1597M->1597M(6144M) 1412.362ms
[92.889s][info   ][gc,metaspace] GC(66) Metaspace: 31159K(34752K)->31159K(34752K) NonClass: 23182K(24768K)->23182K(24768K) Class: 7977K(9984K)->7977K(9984K)
[92.889s][info   ][gc          ] GC(66) Pause Full (System.gc()) 1597M->1597M(6144M) 1375.247ms
[94.310s][info   ][gc,metaspace] GC(67) Metaspace: 31159K(34752K)->31159K(34752K) NonClass: 23182K(24768K)->23182K(24768K) Class: 7977K(9984K)->7977K(9984K)
[94.310s][info   ][gc          ] GC(67) Pause Full (System.gc()) 1597M->1597M(6144M) 1420.857ms
[95.698s][info   ][gc,metaspace] GC(68) Metaspace: 31159K(34752K)->31159K(34752K) NonClass: 23182K(24768K)->23182K(24768K) Class: 7977K(9984K)->7977K(9984K)
[95.698s][info   ][gc          ] GC(68) Pause Full (System.gc()) 1597M->1597M(6144M) 1387.176ms
[97.090s][info   ][gc,metaspace] GC(69) Metaspace: 31159K(34752K)->31159K(34752K) NonClass: 23182K(24768K)->23182K(24768K) Class: 7977K(9984K)->7977K(9984K)
[97.090s][info   ][gc          ] GC(69) Pause Full (System.gc()) 1597M->1597M(6144M) 1392.622ms
[98.497s][info   ][gc,metaspace] GC(70) Metaspace: 31159K(34752K)->31159K(34752K) NonClass: 23182K(24768K)->23182K(24768K) Class: 7977K(9984K)->7977K(9984K)
[98.497s][info   ][gc          ] GC(70) Pause Full (System.gc()) 1597M->1597M(6144M) 1407.108ms
[99.894s][info   ][gc,metaspace] GC(71) Metaspace: 31159K(34752K)->31159K(34752K) NonClass: 23182K(24768K)->23182K(24768K) Class: 7977K(9984K)->7977K(9984K)
[99.894s][info   ][gc          ] GC(71) Pause Full (System.gc()) 1597M->1597M(6144M) 1396.685ms
[101.309s][info   ][gc,metaspace] GC(72) Metaspace: 31159K(34752K)->31159K(34752K) NonClass: 23182K(24768K)->23182K(24768K) Class: 7977K(9984K)->7977K(9984K)
[101.309s][info   ][gc          ] GC(72) Pause Full (System.gc()) 1597M->1597M(6144M) 1414.380ms
[102.687s][info   ][gc,metaspace] GC(73) Metaspace: 31159K(34752K)->31159K(34752K) NonClass: 23182K(24768K)->23182K(24768K) Class: 7977K(9984K)->7977K(9984K)
[102.688s][info   ][gc          ] GC(73) Pause Full (System.gc()) 1597M->1597M(6144M) 1377.970ms
[104.074s][info   ][gc,metaspace] GC(74) Metaspace: 31159K(34752K)->31159K(34752K) NonClass: 23182K(24768K)->23182K(24768K) Class: 7977K(9984K)->7977K(9984K)
[104.074s][info   ][gc          ] GC(74) Pause Full (System.gc()) 1597M->1597M(6144M) 1386.654ms
[105.493s][info   ][gc,metaspace] GC(75) Metaspace: 31159K(34752K)->31159K(34752K) NonClass: 23182K(24768K)->23182K(24768K) Class: 7977K(9984K)->7977K(9984K)
[105.493s][info   ][gc          ] GC(75) Pause Full (System.gc()) 1597M->1597M(6144M) 1419.099ms
[106.884s][info   ][gc,metaspace] GC(76) Metaspace: 31159K(34752K)->31159K(34752K) NonClass: 23182K(24768K)->23182K(24768K) Class: 7977K(9984K)->7977K(9984K)
[106.884s][info   ][gc          ] GC(76) Pause Full (System.gc()) 1597M->1597M(6144M) 1390.991ms
[108.302s][info   ][gc,metaspace] GC(77) Metaspace: 31159K(34752K)->31159K(34752K) NonClass: 23182K(24768K)->23182K(24768K) Class: 7977K(9984K)->7977K(9984K)
[108.302s][info   ][gc          ] GC(77) Pause Full (System.gc()) 1597M->1597M(6144M) 1417.134ms
[109.684s][info   ][gc,metaspace] GC(78) Metaspace: 31159K(34752K)->31159K(34752K) NonClass: 23182K(24768K)->23182K(24768K) Class: 7977K(9984K)->7977K(9984K)
[109.684s][info   ][gc          ] GC(78) Pause Full (System.gc()) 1597M->1597M(6144M) 1382.046ms
[111.071s][info   ][gc,metaspace] GC(79) Metaspace: 31159K(34752K)->31159K(34752K) NonClass: 23182K(24768K)->23182K(24768K) Class: 7977K(9984K)->7977K(9984K)
[111.071s][info   ][gc          ] GC(79) Pause Full (System.gc()) 1597M->1597M(6144M) 1387.169ms
[112.477s][info   ][gc,metaspace] GC(80) Metaspace: 31159K(34752K)->31159K(34752K) NonClass: 23182K(24768K)->23182K(24768K) Class: 7977K(9984K)->7977K(9984K)
[112.477s][info   ][gc          ] GC(80) Pause Full (System.gc()) 1597M->1597M(6144M) 1405.609ms
After GCs... 
