Done; will start GCs... 
[47.341s][info   ][gc,metaspace] GC(31) Metaspace: 30705K(34304K)->30705K(34304K) NonClass: 25344K(26880K)->25344K(26880K) Class: 5361K(7424K)->5361K(7424K)
[47.341s][info   ][gc          ] GC(31) Pause Full (System.gc()) 1813M->1811M(6144M) 1434.389ms
[48.806s][info   ][gc,metaspace] GC(32) Metaspace: 30705K(34304K)->30705K(34304K) NonClass: 25344K(26880K)->25344K(26880K) Class: 5361K(7424K)->5361K(7424K)
[48.806s][info   ][gc          ] GC(32) Pause Full (System.gc()) 1811M->1811M(6144M) 1464.885ms
[50.237s][info   ][gc,metaspace] GC(33) Metaspace: 30705K(34304K)->30705K(34304K) NonClass: 25344K(26880K)->25344K(26880K) Class: 5361K(7424K)->5361K(7424K)
[50.237s][info   ][gc          ] GC(33) Pause Full (System.gc()) 1811M->1811M(6144M) 1431.429ms
[51.696s][info   ][gc,metaspace] GC(34) Metaspace: 30705K(34304K)->30705K(34304K) NonClass: 25344K(26880K)->25344K(26880K) Class: 5361K(7424K)->5361K(7424K)
[51.696s][info   ][gc          ] GC(34) Pause Full (System.gc()) 1811M->1811M(6144M) 1458.580ms
[53.121s][info   ][gc,metaspace] GC(35) Metaspace: 30705K(34304K)->30705K(34304K) NonClass: 25344K(26880K)->25344K(26880K) Class: 5361K(7424K)->5361K(7424K)
[53.121s][info   ][gc          ] GC(35) Pause Full (System.gc()) 1811M->1811M(6144M) 1425.096ms
[54.587s][info   ][gc,metaspace] GC(36) Metaspace: 30705K(34304K)->30705K(34304K) NonClass: 25344K(26880K)->25344K(26880K) Class: 5361K(7424K)->5361K(7424K)
[54.587s][info   ][gc          ] GC(36) Pause Full (System.gc()) 1811M->1811M(6144M) 1464.646ms
[56.021s][info   ][gc,metaspace] GC(37) Metaspace: 30705K(34304K)->30705K(34304K) NonClass: 25344K(26880K)->25344K(26880K) Class: 5361K(7424K)->5361K(7424K)
[56.021s][info   ][gc          ] GC(37) Pause Full (System.gc()) 1811M->1811M(6144M) 1434.611ms
[57.467s][info   ][gc,metaspace] GC(38) Metaspace: 30705K(34304K)->30705K(34304K) NonClass: 25344K(26880K)->25344K(26880K) Class: 5361K(7424K)->5361K(7424K)
[57.467s][info   ][gc          ] GC(38) Pause Full (System.gc()) 1811M->1811M(6144M) 1446.001ms
[58.930s][info   ][gc,metaspace] GC(39) Metaspace: 30705K(34304K)->30705K(34304K) NonClass: 25344K(26880K)->25344K(26880K) Class: 5361K(7424K)->5361K(7424K)
[58.930s][info   ][gc          ] GC(39) Pause Full (System.gc()) 1811M->1811M(6144M) 1462.406ms
[60.358s][info   ][gc,metaspace] GC(40) Metaspace: 30705K(34304K)->30705K(34304K) NonClass: 25344K(26880K)->25344K(26880K) Class: 5361K(7424K)->5361K(7424K)
[60.358s][info   ][gc          ] GC(40) Pause Full (System.gc()) 1811M->1811M(6144M) 1428.253ms
[61.819s][info   ][gc,metaspace] GC(41) Metaspace: 30705K(34304K)->30705K(34304K) NonClass: 25344K(26880K)->25344K(26880K) Class: 5361K(7424K)->5361K(7424K)
[61.819s][info   ][gc          ] GC(41) Pause Full (System.gc()) 1811M->1811M(6144M) 1460.385ms
[63.251s][info   ][gc,metaspace] GC(42) Metaspace: 30705K(34304K)->30705K(34304K) NonClass: 25344K(26880K)->25344K(26880K) Class: 5361K(7424K)->5361K(7424K)
[63.251s][info   ][gc          ] GC(42) Pause Full (System.gc()) 1811M->1811M(6144M) 1432.029ms
[64.718s][info   ][gc,metaspace] GC(43) Metaspace: 30705K(34304K)->30705K(34304K) NonClass: 25344K(26880K)->25344K(26880K) Class: 5361K(7424K)->5361K(7424K)
[64.719s][info   ][gc          ] GC(43) Pause Full (System.gc()) 1811M->1811M(6144M) 1467.602ms
[66.147s][info   ][gc,metaspace] GC(44) Metaspace: 30705K(34304K)->30705K(34304K) NonClass: 25344K(26880K)->25344K(26880K) Class: 5361K(7424K)->5361K(7424K)
[66.147s][info   ][gc          ] GC(44) Pause Full (System.gc()) 1811M->1811M(6144M) 1428.263ms
[67.626s][info   ][gc,metaspace] GC(45) Metaspace: 30705K(34304K)->30705K(34304K) NonClass: 25344K(26880K)->25344K(26880K) Class: 5361K(7424K)->5361K(7424K)
[67.626s][info   ][gc          ] GC(45) Pause Full (System.gc()) 1811M->1811M(6144M) 1478.952ms
[69.056s][info   ][gc,metaspace] GC(46) Metaspace: 30705K(34304K)->30705K(34304K) NonClass: 25344K(26880K)->25344K(26880K) Class: 5361K(7424K)->5361K(7424K)
[69.056s][info   ][gc          ] GC(46) Pause Full (System.gc()) 1811M->1811M(6144M) 1430.091ms
[70.488s][info   ][gc,metaspace] GC(47) Metaspace: 30705K(34304K)->30705K(34304K) NonClass: 25344K(26880K)->25344K(26880K) Class: 5361K(7424K)->5361K(7424K)
[70.488s][info   ][gc          ] GC(47) Pause Full (System.gc()) 1811M->1811M(6144M) 1431.558ms
[71.944s][info   ][gc,metaspace] GC(48) Metaspace: 30705K(34304K)->30705K(34304K) NonClass: 25344K(26880K)->25344K(26880K) Class: 5361K(7424K)->5361K(7424K)
[71.944s][info   ][gc          ] GC(48) Pause Full (System.gc()) 1811M->1811M(6144M) 1456.652ms
[73.376s][info   ][gc,metaspace] GC(49) Metaspace: 30705K(34304K)->30705K(34304K) NonClass: 25344K(26880K)->25344K(26880K) Class: 5361K(7424K)->5361K(7424K)
[73.376s][info   ][gc          ] GC(49) Pause Full (System.gc()) 1813M->1811M(6144M) 1431.653ms
[74.838s][info   ][gc,metaspace] GC(50) Metaspace: 30705K(34304K)->30705K(34304K) NonClass: 25344K(26880K)->25344K(26880K) Class: 5361K(7424K)->5361K(7424K)
[74.838s][info   ][gc          ] GC(50) Pause Full (System.gc()) 1811M->1811M(6144M) 1461.756ms
[76.273s][info   ][gc,metaspace] GC(51) Metaspace: 30705K(34304K)->30705K(34304K) NonClass: 25344K(26880K)->25344K(26880K) Class: 5361K(7424K)->5361K(7424K)
[76.273s][info   ][gc          ] GC(51) Pause Full (System.gc()) 1811M->1811M(6144M) 1434.510ms
[77.732s][info   ][gc,metaspace] GC(52) Metaspace: 30705K(34304K)->30705K(34304K) NonClass: 25344K(26880K)->25344K(26880K) Class: 5361K(7424K)->5361K(7424K)
[77.732s][info   ][gc          ] GC(52) Pause Full (System.gc()) 1811M->1811M(6144M) 1459.334ms
[79.169s][info   ][gc,metaspace] GC(53) Metaspace: 30705K(34304K)->30705K(34304K) NonClass: 25344K(26880K)->25344K(26880K) Class: 5361K(7424K)->5361K(7424K)
[79.170s][info   ][gc          ] GC(53) Pause Full (System.gc()) 1811M->1811M(6144M) 1437.450ms
[80.637s][info   ][gc,metaspace] GC(54) Metaspace: 30705K(34304K)->30705K(34304K) NonClass: 25344K(26880K)->25344K(26880K) Class: 5361K(7424K)->5361K(7424K)
[80.637s][info   ][gc          ] GC(54) Pause Full (System.gc()) 1811M->1811M(6144M) 1467.212ms
[82.064s][info   ][gc,metaspace] GC(55) Metaspace: 30705K(34304K)->30705K(34304K) NonClass: 25344K(26880K)->25344K(26880K) Class: 5361K(7424K)->5361K(7424K)
[82.064s][info   ][gc          ] GC(55) Pause Full (System.gc()) 1811M->1811M(6144M) 1427.465ms
[83.506s][info   ][gc,metaspace] GC(56) Metaspace: 30705K(34304K)->30705K(34304K) NonClass: 25344K(26880K)->25344K(26880K) Class: 5361K(7424K)->5361K(7424K)
[83.506s][info   ][gc          ] GC(56) Pause Full (System.gc()) 1811M->1811M(6144M) 1440.836ms
[84.972s][info   ][gc,metaspace] GC(57) Metaspace: 30705K(34304K)->30705K(34304K) NonClass: 25344K(26880K)->25344K(26880K) Class: 5361K(7424K)->5361K(7424K)
[84.973s][info   ][gc          ] GC(57) Pause Full (System.gc()) 1811M->1811M(6144M) 1466.363ms
[86.406s][info   ][gc,metaspace] GC(58) Metaspace: 30705K(34304K)->30705K(34304K) NonClass: 25344K(26880K)->25344K(26880K) Class: 5361K(7424K)->5361K(7424K)
[86.406s][info   ][gc          ] GC(58) Pause Full (System.gc()) 1811M->1811M(6144M) 1433.626ms
[87.869s][info   ][gc,metaspace] GC(59) Metaspace: 30705K(34304K)->30705K(34304K) NonClass: 25344K(26880K)->25344K(26880K) Class: 5361K(7424K)->5361K(7424K)
[87.869s][info   ][gc          ] GC(59) Pause Full (System.gc()) 1811M->1811M(6144M) 1462.591ms
[89.302s][info   ][gc,metaspace] GC(60) Metaspace: 30705K(34304K)->30705K(34304K) NonClass: 25344K(26880K)->25344K(26880K) Class: 5361K(7424K)->5361K(7424K)
[89.302s][info   ][gc          ] GC(60) Pause Full (System.gc()) 1811M->1811M(6144M) 1432.931ms
[90.758s][info   ][gc,metaspace] GC(61) Metaspace: 30705K(34304K)->30705K(34304K) NonClass: 25344K(26880K)->25344K(26880K) Class: 5361K(7424K)->5361K(7424K)
[90.759s][info   ][gc          ] GC(61) Pause Full (System.gc()) 1811M->1811M(6144M) 1456.507ms
[92.192s][info   ][gc,metaspace] GC(62) Metaspace: 30705K(34304K)->30705K(34304K) NonClass: 25344K(26880K)->25344K(26880K) Class: 5361K(7424K)->5361K(7424K)
[92.192s][info   ][gc          ] GC(62) Pause Full (System.gc()) 1811M->1811M(6144M) 1433.731ms
[93.653s][info   ][gc,metaspace] GC(63) Metaspace: 30705K(34304K)->30705K(34304K) NonClass: 25344K(26880K)->25344K(26880K) Class: 5361K(7424K)->5361K(7424K)
[93.653s][info   ][gc          ] GC(63) Pause Full (System.gc()) 1811M->1811M(6144M) 1461.020ms
[95.076s][info   ][gc,metaspace] GC(64) Metaspace: 30705K(34304K)->30705K(34304K) NonClass: 25344K(26880K)->25344K(26880K) Class: 5361K(7424K)->5361K(7424K)
[95.076s][info   ][gc          ] GC(64) Pause Full (System.gc()) 1811M->1811M(6144M) 1422.229ms
[96.514s][info   ][gc,metaspace] GC(65) Metaspace: 30705K(34304K)->30705K(34304K) NonClass: 25344K(26880K)->25344K(26880K) Class: 5361K(7424K)->5361K(7424K)
[96.514s][info   ][gc          ] GC(65) Pause Full (System.gc()) 1811M->1811M(6144M) 1438.040ms
[97.974s][info   ][gc,metaspace] GC(66) Metaspace: 30705K(34304K)->30705K(34304K) NonClass: 25344K(26880K)->25344K(26880K) Class: 5361K(7424K)->5361K(7424K)
[97.974s][info   ][gc          ] GC(66) Pause Full (System.gc()) 1811M->1811M(6144M) 1460.318ms
[99.413s][info   ][gc,metaspace] GC(67) Metaspace: 30705K(34304K)->30705K(34304K) NonClass: 25344K(26880K)->25344K(26880K) Class: 5361K(7424K)->5361K(7424K)
[99.413s][info   ][gc          ] GC(67) Pause Full (System.gc()) 1811M->1811M(6144M) 1438.582ms
[100.884s][info   ][gc,metaspace] GC(68) Metaspace: 30705K(34304K)->30705K(34304K) NonClass: 25344K(26880K)->25344K(26880K) Class: 5361K(7424K)->5361K(7424K)
[100.884s][info   ][gc          ] GC(68) Pause Full (System.gc()) 1811M->1811M(6144M) 1470.616ms
[102.316s][info   ][gc,metaspace] GC(69) Metaspace: 30705K(34304K)->30705K(34304K) NonClass: 25344K(26880K)->25344K(26880K) Class: 5361K(7424K)->5361K(7424K)
[102.316s][info   ][gc          ] GC(69) Pause Full (System.gc()) 1811M->1811M(6144M) 1431.741ms
[103.784s][info   ][gc,metaspace] GC(70) Metaspace: 30705K(34304K)->30705K(34304K) NonClass: 25344K(26880K)->25344K(26880K) Class: 5361K(7424K)->5361K(7424K)
[103.784s][info   ][gc          ] GC(70) Pause Full (System.gc()) 1811M->1811M(6144M) 1467.825ms
[105.216s][info   ][gc,metaspace] GC(71) Metaspace: 30705K(34304K)->30705K(34304K) NonClass: 25344K(26880K)->25344K(26880K) Class: 5361K(7424K)->5361K(7424K)
[105.216s][info   ][gc          ] GC(71) Pause Full (System.gc()) 1811M->1811M(6144M) 1432.292ms
[106.682s][info   ][gc,metaspace] GC(72) Metaspace: 30705K(34304K)->30705K(34304K) NonClass: 25344K(26880K)->25344K(26880K) Class: 5361K(7424K)->5361K(7424K)
[106.682s][info   ][gc          ] GC(72) Pause Full (System.gc()) 1811M->1811M(6144M) 1465.005ms
[108.112s][info   ][gc,metaspace] GC(73) Metaspace: 30705K(34304K)->30705K(34304K) NonClass: 25344K(26880K)->25344K(26880K) Class: 5361K(7424K)->5361K(7424K)
[108.112s][info   ][gc          ] GC(73) Pause Full (System.gc()) 1811M->1811M(6144M) 1429.528ms
[109.578s][info   ][gc,metaspace] GC(74) Metaspace: 30705K(34304K)->30705K(34304K) NonClass: 25344K(26880K)->25344K(26880K) Class: 5361K(7424K)->5361K(7424K)
[109.578s][info   ][gc          ] GC(74) Pause Full (System.gc()) 1811M->1811M(6144M) 1466.055ms
[111.005s][info   ][gc,metaspace] GC(75) Metaspace: 30705K(34304K)->30705K(34304K) NonClass: 25344K(26880K)->25344K(26880K) Class: 5361K(7424K)->5361K(7424K)
[111.005s][info   ][gc          ] GC(75) Pause Full (System.gc()) 1811M->1811M(6144M) 1427.120ms
[112.440s][info   ][gc,metaspace] GC(76) Metaspace: 30705K(34304K)->30705K(34304K) NonClass: 25344K(26880K)->25344K(26880K) Class: 5361K(7424K)->5361K(7424K)
[112.440s][info   ][gc          ] GC(76) Pause Full (System.gc()) 1811M->1811M(6144M) 1434.825ms
[113.895s][info   ][gc,metaspace] GC(77) Metaspace: 30705K(34304K)->30705K(34304K) NonClass: 25344K(26880K)->25344K(26880K) Class: 5361K(7424K)->5361K(7424K)
[113.895s][info   ][gc          ] GC(77) Pause Full (System.gc()) 1811M->1811M(6144M) 1454.670ms
[115.341s][info   ][gc,metaspace] GC(78) Metaspace: 30705K(34304K)->30705K(34304K) NonClass: 25344K(26880K)->25344K(26880K) Class: 5361K(7424K)->5361K(7424K)
[115.341s][info   ][gc          ] GC(78) Pause Full (System.gc()) 1811M->1811M(6144M) 1446.237ms
[116.802s][info   ][gc,metaspace] GC(79) Metaspace: 30705K(34304K)->30705K(34304K) NonClass: 25344K(26880K)->25344K(26880K) Class: 5361K(7424K)->5361K(7424K)
[116.802s][info   ][gc          ] GC(79) Pause Full (System.gc()) 1811M->1811M(6144M) 1460.974ms
[118.226s][info   ][gc,metaspace] GC(80) Metaspace: 30705K(34304K)->30705K(34304K) NonClass: 25344K(26880K)->25344K(26880K) Class: 5361K(7424K)->5361K(7424K)
[118.226s][info   ][gc          ] GC(80) Pause Full (System.gc()) 1811M->1811M(6144M) 1424.020ms
After GCs... 
