Done; will start GCs... 
[41.928s][info   ][gc,metaspace] GC(31) Metaspace: 31163K(34752K)->31163K(34752K) NonClass: 23185K(24704K)->23185K(24704K) Class: 7978K(10048K)->7978K(10048K)
[41.928s][info   ][gc          ] GC(31) Pause Full (System.gc()) 1600M->1598M(6144M) 1196.034ms
[43.122s][info   ][gc,metaspace] GC(32) Metaspace: 31163K(34752K)->31163K(34752K) NonClass: 23185K(24704K)->23185K(24704K) Class: 7978K(10048K)->7978K(10048K)
[43.122s][info   ][gc          ] GC(32) Pause Full (System.gc()) 1598M->1598M(6144M) 1194.196ms
[44.362s][info   ][gc,metaspace] GC(33) Metaspace: 31163K(34752K)->31163K(34752K) NonClass: 23185K(24704K)->23185K(24704K) Class: 7978K(10048K)->7978K(10048K)
[44.362s][info   ][gc          ] GC(33) Pause Full (System.gc()) 1598M->1598M(6144M) 1239.546ms
[45.560s][info   ][gc,metaspace] GC(34) Metaspace: 31163K(34752K)->31163K(34752K) NonClass: 23185K(24704K)->23185K(24704K) Class: 7978K(10048K)->7978K(10048K)
[45.560s][info   ][gc          ] GC(34) Pause Full (System.gc()) 1598M->1598M(6144M) 1198.454ms
[46.753s][info   ][gc,metaspace] GC(35) Metaspace: 31163K(34752K)->31163K(34752K) NonClass: 23185K(24704K)->23185K(24704K) Class: 7978K(10048K)->7978K(10048K)
[46.753s][info   ][gc          ] GC(35) Pause Full (System.gc()) 1598M->1598M(6144M) 1192.741ms
[47.952s][info   ][gc,metaspace] GC(36) Metaspace: 31163K(34752K)->31163K(34752K) NonClass: 23185K(24704K)->23185K(24704K) Class: 7978K(10048K)->7978K(10048K)
[47.952s][info   ][gc          ] GC(36) Pause Full (System.gc()) 1598M->1598M(6144M) 1198.234ms
[49.166s][info   ][gc,metaspace] GC(37) Metaspace: 31163K(34752K)->31163K(34752K) NonClass: 23185K(24704K)->23185K(24704K) Class: 7978K(10048K)->7978K(10048K)
[49.166s][info   ][gc          ] GC(37) Pause Full (System.gc()) 1598M->1598M(6144M) 1214.546ms
[50.395s][info   ][gc,metaspace] GC(38) Metaspace: 31163K(34752K)->31163K(34752K) NonClass: 23185K(24704K)->23185K(24704K) Class: 7978K(10048K)->7978K(10048K)
[50.395s][info   ][gc          ] GC(38) Pause Full (System.gc()) 1598M->1598M(6144M) 1228.929ms
[51.593s][info   ][gc,metaspace] GC(39) Metaspace: 31163K(34752K)->31163K(34752K) NonClass: 23185K(24704K)->23185K(24704K) Class: 7978K(10048K)->7978K(10048K)
[51.593s][info   ][gc          ] GC(39) Pause Full (System.gc()) 1598M->1598M(6144M) 1197.316ms
[52.792s][info   ][gc,metaspace] GC(40) Metaspace: 31163K(34752K)->31163K(34752K) NonClass: 23185K(24704K)->23185K(24704K) Class: 7978K(10048K)->7978K(10048K)
[52.792s][info   ][gc          ] GC(40) Pause Full (System.gc()) 1598M->1598M(6144M) 1199.133ms
[53.991s][info   ][gc,metaspace] GC(41) Metaspace: 31163K(34752K)->31163K(34752K) NonClass: 23185K(24704K)->23185K(24704K) Class: 7978K(10048K)->7978K(10048K)
[53.991s][info   ][gc          ] GC(41) Pause Full (System.gc()) 1598M->1598M(6144M) 1199.050ms
[55.204s][info   ][gc,metaspace] GC(42) Metaspace: 31163K(34752K)->31163K(34752K) NonClass: 23185K(24704K)->23185K(24704K) Class: 7978K(10048K)->7978K(10048K)
[55.204s][info   ][gc          ] GC(42) Pause Full (System.gc()) 1598M->1598M(6144M) 1212.578ms
[56.424s][info   ][gc,metaspace] GC(43) Metaspace: 31163K(34752K)->31163K(34752K) NonClass: 23185K(24704K)->23185K(24704K) Class: 7978K(10048K)->7978K(10048K)
[56.424s][info   ][gc          ] GC(43) Pause Full (System.gc()) 1598M->1598M(6144M) 1220.249ms
[57.619s][info   ][gc,metaspace] GC(44) Metaspace: 31163K(34752K)->31163K(34752K) NonClass: 23185K(24704K)->23185K(24704K) Class: 7978K(10048K)->7978K(10048K)
[57.619s][info   ][gc          ] GC(44) Pause Full (System.gc()) 1598M->1598M(6144M) 1194.846ms
[58.815s][info   ][gc,metaspace] GC(45) Metaspace: 31163K(34752K)->31163K(34752K) NonClass: 23185K(24704K)->23185K(24704K) Class: 7978K(10048K)->7978K(10048K)
[58.815s][info   ][gc          ] GC(45) Pause Full (System.gc()) 1598M->1598M(6144M) 1195.628ms
[60.013s][info   ][gc,metaspace] GC(46) Metaspace: 31163K(34752K)->31163K(34752K) NonClass: 23185K(24704K)->23185K(24704K) Class: 7978K(10048K)->7978K(10048K)
[60.013s][info   ][gc          ] GC(46) Pause Full (System.gc()) 1598M->1598M(6144M) 1197.931ms
[61.210s][info   ][gc,metaspace] GC(47) Metaspace: 31163K(34752K)->31163K(34752K) NonClass: 23185K(24704K)->23185K(24704K) Class: 7978K(10048K)->7978K(10048K)
[61.210s][info   ][gc          ] GC(47) Pause Full (System.gc()) 1598M->1598M(6144M) 1197.195ms
[62.445s][info   ][gc,metaspace] GC(48) Metaspace: 31163K(34752K)->31163K(34752K) NonClass: 23185K(24704K)->23185K(24704K) Class: 7978K(10048K)->7978K(10048K)
[62.445s][info   ][gc          ] GC(48) Pause Full (System.gc()) 1598M->1598M(6144M) 1235.355ms
[63.646s][info   ][gc,metaspace] GC(49) Metaspace: 31163K(34752K)->31163K(34752K) NonClass: 23185K(24704K)->23185K(24704K) Class: 7978K(10048K)->7978K(10048K)
[63.646s][info   ][gc          ] GC(49) Pause Full (System.gc()) 1598M->1598M(6144M) 1200.603ms
[64.844s][info   ][gc,metaspace] GC(50) Metaspace: 31163K(34752K)->31163K(34752K) NonClass: 23185K(24704K)->23185K(24704K) Class: 7978K(10048K)->7978K(10048K)
[64.844s][info   ][gc          ] GC(50) Pause Full (System.gc()) 1600M->1598M(6144M) 1197.659ms
[66.051s][info   ][gc,metaspace] GC(51) Metaspace: 31163K(34752K)->31163K(34752K) NonClass: 23185K(24704K)->23185K(24704K) Class: 7978K(10048K)->7978K(10048K)
[66.051s][info   ][gc          ] GC(51) Pause Full (System.gc()) 1598M->1598M(6144M) 1207.165ms
[67.257s][info   ][gc,metaspace] GC(52) Metaspace: 31163K(34752K)->31163K(34752K) NonClass: 23185K(24704K)->23185K(24704K) Class: 7978K(10048K)->7978K(10048K)
[67.257s][info   ][gc          ] GC(52) Pause Full (System.gc()) 1598M->1598M(6144M) 1205.439ms
[68.477s][info   ][gc,metaspace] GC(53) Metaspace: 31163K(34752K)->31163K(34752K) NonClass: 23185K(24704K)->23185K(24704K) Class: 7978K(10048K)->7978K(10048K)
[68.477s][info   ][gc          ] GC(53) Pause Full (System.gc()) 1598M->1598M(6144M) 1219.960ms
[69.673s][info   ][gc,metaspace] GC(54) Metaspace: 31163K(34752K)->31163K(34752K) NonClass: 23185K(24704K)->23185K(24704K) Class: 7978K(10048K)->7978K(10048K)
[69.673s][info   ][gc          ] GC(54) Pause Full (System.gc()) 1598M->1598M(6144M) 1196.062ms
[70.873s][info   ][gc,metaspace] GC(55) Metaspace: 31163K(34752K)->31163K(34752K) NonClass: 23185K(24704K)->23185K(24704K) Class: 7978K(10048K)->7978K(10048K)
[70.873s][info   ][gc          ] GC(55) Pause Full (System.gc()) 1598M->1598M(6144M) 1199.820ms
[72.077s][info   ][gc,metaspace] GC(56) Metaspace: 31163K(34752K)->31163K(34752K) NonClass: 23185K(24704K)->23185K(24704K) Class: 7978K(10048K)->7978K(10048K)
[72.077s][info   ][gc          ] GC(56) Pause Full (System.gc()) 1598M->1598M(6144M) 1204.281ms
[73.305s][info   ][gc,metaspace] GC(57) Metaspace: 31163K(34752K)->31163K(34752K) NonClass: 23185K(24704K)->23185K(24704K) Class: 7978K(10048K)->7978K(10048K)
[73.305s][info   ][gc          ] GC(57) Pause Full (System.gc()) 1598M->1598M(6144M) 1227.573ms
[74.501s][info   ][gc,metaspace] GC(58) Metaspace: 31163K(34752K)->31163K(34752K) NonClass: 23185K(24704K)->23185K(24704K) Class: 7978K(10048K)->7978K(10048K)
[74.501s][info   ][gc          ] GC(58) Pause Full (System.gc()) 1598M->1598M(6144M) 1196.353ms
[75.696s][info   ][gc,metaspace] GC(59) Metaspace: 31163K(34752K)->31163K(34752K) NonClass: 23185K(24704K)->23185K(24704K) Class: 7978K(10048K)->7978K(10048K)
[75.696s][info   ][gc          ] GC(59) Pause Full (System.gc()) 1598M->1598M(6144M) 1194.297ms
[76.891s][info   ][gc,metaspace] GC(60) Metaspace: 31163K(34752K)->31163K(34752K) NonClass: 23185K(24704K)->23185K(24704K) Class: 7978K(10048K)->7978K(10048K)
[76.891s][info   ][gc          ] GC(60) Pause Full (System.gc()) 1598M->1598M(6144M) 1195.298ms
[78.093s][info   ][gc,metaspace] GC(61) Metaspace: 31163K(34752K)->31163K(34752K) NonClass: 23185K(24704K)->23185K(24704K) Class: 7978K(10048K)->7978K(10048K)
[78.093s][info   ][gc          ] GC(61) Pause Full (System.gc()) 1598M->1598M(6144M) 1202.416ms
[79.327s][info   ][gc,metaspace] GC(62) Metaspace: 31163K(34752K)->31163K(34752K) NonClass: 23185K(24704K)->23185K(24704K) Class: 7978K(10048K)->7978K(10048K)
[79.327s][info   ][gc          ] GC(62) Pause Full (System.gc()) 1598M->1598M(6144M) 1233.894ms
[80.524s][info   ][gc,metaspace] GC(63) Metaspace: 31163K(34752K)->31163K(34752K) NonClass: 23185K(24704K)->23185K(24704K) Class: 7978K(10048K)->7978K(10048K)
[80.524s][info   ][gc          ] GC(63) Pause Full (System.gc()) 1598M->1598M(6144M) 1196.650ms
[81.717s][info   ][gc,metaspace] GC(64) Metaspace: 31163K(34752K)->31163K(34752K) NonClass: 23185K(24704K)->23185K(24704K) Class: 7978K(10048K)->7978K(10048K)
[81.717s][info   ][gc          ] GC(64) Pause Full (System.gc()) 1598M->1598M(6144M) 1192.986ms
[82.909s][info   ][gc,metaspace] GC(65) Metaspace: 31163K(34752K)->31163K(34752K) NonClass: 23185K(24704K)->23185K(24704K) Class: 7978K(10048K)->7978K(10048K)
[82.910s][info   ][gc          ] GC(65) Pause Full (System.gc()) 1598M->1598M(6144M) 1192.186ms
[84.106s][info   ][gc,metaspace] GC(66) Metaspace: 31163K(34752K)->31163K(34752K) NonClass: 23185K(24704K)->23185K(24704K) Class: 7978K(10048K)->7978K(10048K)
[84.106s][info   ][gc          ] GC(66) Pause Full (System.gc()) 1598M->1598M(6144M) 1196.322ms
[85.333s][info   ][gc,metaspace] GC(67) Metaspace: 31163K(34752K)->31163K(34752K) NonClass: 23185K(24704K)->23185K(24704K) Class: 7978K(10048K)->7978K(10048K)
[85.333s][info   ][gc          ] GC(67) Pause Full (System.gc()) 1598M->1598M(6144M) 1227.488ms
[86.528s][info   ][gc,metaspace] GC(68) Metaspace: 31163K(34752K)->31163K(34752K) NonClass: 23185K(24704K)->23185K(24704K) Class: 7978K(10048K)->7978K(10048K)
[86.528s][info   ][gc          ] GC(68) Pause Full (System.gc()) 1598M->1598M(6144M) 1194.876ms
[87.719s][info   ][gc,metaspace] GC(69) Metaspace: 31163K(34752K)->31163K(34752K) NonClass: 23185K(24704K)->23185K(24704K) Class: 7978K(10048K)->7978K(10048K)
[87.719s][info   ][gc          ] GC(69) Pause Full (System.gc()) 1598M->1598M(6144M) 1190.279ms
[88.915s][info   ][gc,metaspace] GC(70) Metaspace: 31163K(34752K)->31163K(34752K) NonClass: 23185K(24704K)->23185K(24704K) Class: 7978K(10048K)->7978K(10048K)
[88.915s][info   ][gc          ] GC(70) Pause Full (System.gc()) 1598M->1598M(6144M) 1196.579ms
[90.108s][info   ][gc,metaspace] GC(71) Metaspace: 31163K(34752K)->31163K(34752K) NonClass: 23185K(24704K)->23185K(24704K) Class: 7978K(10048K)->7978K(10048K)
[90.108s][info   ][gc          ] GC(71) Pause Full (System.gc()) 1598M->1598M(6144M) 1192.329ms
[91.337s][info   ][gc,metaspace] GC(72) Metaspace: 31163K(34752K)->31163K(34752K) NonClass: 23185K(24704K)->23185K(24704K) Class: 7978K(10048K)->7978K(10048K)
[91.337s][info   ][gc          ] GC(72) Pause Full (System.gc()) 1598M->1598M(6144M) 1229.166ms
[92.538s][info   ][gc,metaspace] GC(73) Metaspace: 31163K(34752K)->31163K(34752K) NonClass: 23185K(24704K)->23185K(24704K) Class: 7978K(10048K)->7978K(10048K)
[92.538s][info   ][gc          ] GC(73) Pause Full (System.gc()) 1598M->1598M(6144M) 1200.875ms
[93.730s][info   ][gc,metaspace] GC(74) Metaspace: 31163K(34752K)->31163K(34752K) NonClass: 23185K(24704K)->23185K(24704K) Class: 7978K(10048K)->7978K(10048K)
[93.730s][info   ][gc          ] GC(74) Pause Full (System.gc()) 1598M->1598M(6144M) 1191.482ms
[94.922s][info   ][gc,metaspace] GC(75) Metaspace: 31163K(34752K)->31163K(34752K) NonClass: 23185K(24704K)->23185K(24704K) Class: 7978K(10048K)->7978K(10048K)
[94.922s][info   ][gc          ] GC(75) Pause Full (System.gc()) 1598M->1598M(6144M) 1192.581ms
[96.121s][info   ][gc,metaspace] GC(76) Metaspace: 31163K(34752K)->31163K(34752K) NonClass: 23185K(24704K)->23185K(24704K) Class: 7978K(10048K)->7978K(10048K)
[96.121s][info   ][gc          ] GC(76) Pause Full (System.gc()) 1598M->1598M(6144M) 1198.405ms
[97.361s][info   ][gc,metaspace] GC(77) Metaspace: 31163K(34752K)->31163K(34752K) NonClass: 23185K(24704K)->23185K(24704K) Class: 7978K(10048K)->7978K(10048K)
[97.361s][info   ][gc          ] GC(77) Pause Full (System.gc()) 1598M->1598M(6144M) 1240.255ms
[98.572s][info   ][gc,metaspace] GC(78) Metaspace: 31163K(34752K)->31163K(34752K) NonClass: 23185K(24704K)->23185K(24704K) Class: 7978K(10048K)->7978K(10048K)
[98.572s][info   ][gc          ] GC(78) Pause Full (System.gc()) 1598M->1598M(6144M) 1210.577ms
[99.768s][info   ][gc,metaspace] GC(79) Metaspace: 31163K(34752K)->31163K(34752K) NonClass: 23185K(24704K)->23185K(24704K) Class: 7978K(10048K)->7978K(10048K)
[99.768s][info   ][gc          ] GC(79) Pause Full (System.gc()) 1598M->1598M(6144M) 1196.306ms
[100.979s][info   ][gc,metaspace] GC(80) Metaspace: 31163K(34752K)->31163K(34752K) NonClass: 23185K(24704K)->23185K(24704K) Class: 7978K(10048K)->7978K(10048K)
[100.979s][info   ][gc          ] GC(80) Pause Full (System.gc()) 1598M->1598M(6144M) 1210.943ms
After GCs... 
