Done; will start GCs... 
[6.343s][info][gc,metaspace] GC(5) Metaspace: 23680K(24192K)->23680K(24192K) NonClass: 19575K(19840K)->19575K(19840K) Class: 4104K(4352K)->4104K(4352K)
[6.343s][info][gc          ] GC(5) Pause Full (System.gc()) 783M->775M(6144M) 440.330ms
[6.694s][info][gc,metaspace] GC(6) Metaspace: 23680K(24192K)->23680K(24192K) NonClass: 19575K(19840K)->19575K(19840K) Class: 4104K(4352K)->4104K(4352K)
[6.694s][info][gc          ] GC(6) Pause Full (System.gc()) 775M->775M(6144M) 351.328ms
[7.030s][info][gc,metaspace] GC(7) Metaspace: 23680K(24192K)->23680K(24192K) NonClass: 19575K(19840K)->19575K(19840K) Class: 4104K(4352K)->4104K(4352K)
[7.030s][info][gc          ] GC(7) Pause Full (System.gc()) 775M->775M(6144M) 335.791ms
[7.368s][info][gc,metaspace] GC(8) Metaspace: 23680K(24192K)->23680K(24192K) NonClass: 19575K(19840K)->19575K(19840K) Class: 4104K(4352K)->4104K(4352K)
[7.368s][info][gc          ] GC(8) Pause Full (System.gc()) 775M->775M(6144M) 337.820ms
[7.699s][info][gc,metaspace] GC(9) Metaspace: 23680K(24192K)->23680K(24192K) NonClass: 19575K(19840K)->19575K(19840K) Class: 4104K(4352K)->4104K(4352K)
[7.699s][info][gc          ] GC(9) Pause Full (System.gc()) 775M->775M(6144M) 330.846ms
[8.037s][info][gc,metaspace] GC(10) Metaspace: 23680K(24192K)->23680K(24192K) NonClass: 19575K(19840K)->19575K(19840K) Class: 4104K(4352K)->4104K(4352K)
[8.037s][info][gc          ] GC(10) Pause Full (System.gc()) 775M->775M(6144M) 337.813ms
[8.362s][info][gc,metaspace] GC(11) Metaspace: 23680K(24192K)->23680K(24192K) NonClass: 19576K(19840K)->19576K(19840K) Class: 4104K(4352K)->4104K(4352K)
[8.362s][info][gc          ] GC(11) Pause Full (System.gc()) 775M->775M(6144M) 324.758ms
[8.697s][info][gc,metaspace] GC(12) Metaspace: 23681K(24192K)->23681K(24192K) NonClass: 19577K(19840K)->19577K(19840K) Class: 4104K(4352K)->4104K(4352K)
[8.697s][info][gc          ] GC(12) Pause Full (System.gc()) 775M->775M(6144M) 335.397ms
[9.070s][info][gc,metaspace] GC(13) Metaspace: 23681K(24192K)->23681K(24192K) NonClass: 19577K(19840K)->19577K(19840K) Class: 4104K(4352K)->4104K(4352K)
[9.070s][info][gc          ] GC(13) Pause Full (System.gc()) 775M->775M(6144M) 372.573ms
[9.397s][info][gc,metaspace] GC(14) Metaspace: 23681K(24192K)->23681K(24192K) NonClass: 19577K(19840K)->19577K(19840K) Class: 4104K(4352K)->4104K(4352K)
[9.397s][info][gc          ] GC(14) Pause Full (System.gc()) 775M->775M(6144M) 327.170ms
[9.725s][info][gc,metaspace] GC(15) Metaspace: 23681K(24192K)->23681K(24192K) NonClass: 19577K(19840K)->19577K(19840K) Class: 4104K(4352K)->4104K(4352K)
[9.725s][info][gc          ] GC(15) Pause Full (System.gc()) 775M->775M(6144M) 327.503ms
[10.067s][info][gc,metaspace] GC(16) Metaspace: 23681K(24192K)->23681K(24192K) NonClass: 19577K(19840K)->19577K(19840K) Class: 4104K(4352K)->4104K(4352K)
[10.067s][info][gc          ] GC(16) Pause Full (System.gc()) 775M->775M(6144M) 342.167ms
[10.396s][info][gc,metaspace] GC(17) Metaspace: 23681K(24192K)->23681K(24192K) NonClass: 19577K(19840K)->19577K(19840K) Class: 4104K(4352K)->4104K(4352K)
[10.396s][info][gc          ] GC(17) Pause Full (System.gc()) 775M->775M(6144M) 329.127ms
[10.735s][info][gc,metaspace] GC(18) Metaspace: 23681K(24192K)->23681K(24192K) NonClass: 19577K(19840K)->19577K(19840K) Class: 4104K(4352K)->4104K(4352K)
[10.735s][info][gc          ] GC(18) Pause Full (System.gc()) 775M->775M(6144M) 338.389ms
[11.087s][info][gc,metaspace] GC(19) Metaspace: 23681K(24192K)->23681K(24192K) NonClass: 19577K(19840K)->19577K(19840K) Class: 4104K(4352K)->4104K(4352K)
[11.087s][info][gc          ] GC(19) Pause Full (System.gc()) 775M->775M(6144M) 352.030ms
[11.462s][info][gc,metaspace] GC(20) Metaspace: 23681K(24192K)->23681K(24192K) NonClass: 19577K(19840K)->19577K(19840K) Class: 4104K(4352K)->4104K(4352K)
[11.462s][info][gc          ] GC(20) Pause Full (System.gc()) 775M->775M(6144M) 371.143ms
[11.786s][info][gc,metaspace] GC(21) Metaspace: 23681K(24192K)->23681K(24192K) NonClass: 19577K(19840K)->19577K(19840K) Class: 4104K(4352K)->4104K(4352K)
[11.786s][info][gc          ] GC(21) Pause Full (System.gc()) 775M->775M(6144M) 323.674ms
[12.117s][info][gc,metaspace] GC(22) Metaspace: 23681K(24192K)->23681K(24192K) NonClass: 19577K(19840K)->19577K(19840K) Class: 4104K(4352K)->4104K(4352K)
[12.118s][info][gc          ] GC(22) Pause Full (System.gc()) 775M->775M(6144M) 331.361ms
[12.468s][info][gc,metaspace] GC(23) Metaspace: 23681K(24192K)->23681K(24192K) NonClass: 19577K(19840K)->19577K(19840K) Class: 4104K(4352K)->4104K(4352K)
[12.468s][info][gc          ] GC(23) Pause Full (System.gc()) 775M->775M(6144M) 350.378ms
[12.837s][info][gc,metaspace] GC(24) Metaspace: 23681K(24192K)->23681K(24192K) NonClass: 19577K(19840K)->19577K(19840K) Class: 4104K(4352K)->4104K(4352K)
[12.837s][info][gc          ] GC(24) Pause Full (System.gc()) 775M->775M(6144M) 368.836ms
[13.156s][info][gc,metaspace] GC(25) Metaspace: 23681K(24192K)->23681K(24192K) NonClass: 19577K(19840K)->19577K(19840K) Class: 4104K(4352K)->4104K(4352K)
[13.156s][info][gc          ] GC(25) Pause Full (System.gc()) 775M->775M(6144M) 318.944ms
[13.492s][info][gc,metaspace] GC(26) Metaspace: 23681K(24192K)->23681K(24192K) NonClass: 19577K(19840K)->19577K(19840K) Class: 4104K(4352K)->4104K(4352K)
[13.492s][info][gc          ] GC(26) Pause Full (System.gc()) 775M->775M(6144M) 335.828ms
[13.869s][info][gc,metaspace] GC(27) Metaspace: 23681K(24192K)->23681K(24192K) NonClass: 19577K(19840K)->19577K(19840K) Class: 4104K(4352K)->4104K(4352K)
[13.869s][info][gc          ] GC(27) Pause Full (System.gc()) 775M->775M(6144M) 377.078ms
[14.192s][info][gc,metaspace] GC(28) Metaspace: 23681K(24192K)->23681K(24192K) NonClass: 19577K(19840K)->19577K(19840K) Class: 4104K(4352K)->4104K(4352K)
[14.193s][info][gc          ] GC(28) Pause Full (System.gc()) 775M->775M(6144M) 323.417ms
[14.521s][info][gc,metaspace] GC(29) Metaspace: 23681K(24192K)->23681K(24192K) NonClass: 19577K(19840K)->19577K(19840K) Class: 4104K(4352K)->4104K(4352K)
[14.521s][info][gc          ] GC(29) Pause Full (System.gc()) 775M->775M(6144M) 328.833ms
[14.871s][info][gc,metaspace] GC(30) Metaspace: 23681K(24192K)->23681K(24192K) NonClass: 19577K(19840K)->19577K(19840K) Class: 4104K(4352K)->4104K(4352K)
[14.871s][info][gc          ] GC(30) Pause Full (System.gc()) 775M->775M(6144M) 349.960ms
[15.191s][info][gc,metaspace] GC(31) Metaspace: 23681K(24192K)->23681K(24192K) NonClass: 19577K(19840K)->19577K(19840K) Class: 4104K(4352K)->4104K(4352K)
[15.191s][info][gc          ] GC(31) Pause Full (System.gc()) 775M->775M(6144M) 319.335ms
[15.518s][info][gc,metaspace] GC(32) Metaspace: 23681K(24192K)->23681K(24192K) NonClass: 19577K(19840K)->19577K(19840K) Class: 4104K(4352K)->4104K(4352K)
[15.518s][info][gc          ] GC(32) Pause Full (System.gc()) 775M->775M(6144M) 327.196ms
[15.870s][info][gc,metaspace] GC(33) Metaspace: 23681K(24192K)->23681K(24192K) NonClass: 19577K(19840K)->19577K(19840K) Class: 4104K(4352K)->4104K(4352K)
[15.870s][info][gc          ] GC(33) Pause Full (System.gc()) 775M->775M(6144M) 352.044ms
[16.179s][info][gc,metaspace] GC(34) Metaspace: 23681K(24192K)->23681K(24192K) NonClass: 19577K(19840K)->19577K(19840K) Class: 4104K(4352K)->4104K(4352K)
[16.179s][info][gc          ] GC(34) Pause Full (System.gc()) 775M->775M(6144M) 308.607ms
[16.513s][info][gc,metaspace] GC(35) Metaspace: 23681K(24192K)->23681K(24192K) NonClass: 19577K(19840K)->19577K(19840K) Class: 4104K(4352K)->4104K(4352K)
[16.513s][info][gc          ] GC(35) Pause Full (System.gc()) 775M->775M(6144M) 334.409ms
[16.899s][info][gc,metaspace] GC(36) Metaspace: 23681K(24192K)->23681K(24192K) NonClass: 19577K(19840K)->19577K(19840K) Class: 4104K(4352K)->4104K(4352K)
[16.899s][info][gc          ] GC(36) Pause Full (System.gc()) 775M->775M(6144M) 386.159ms
[17.228s][info][gc,metaspace] GC(37) Metaspace: 23681K(24192K)->23681K(24192K) NonClass: 19577K(19840K)->19577K(19840K) Class: 4104K(4352K)->4104K(4352K)
[17.228s][info][gc          ] GC(37) Pause Full (System.gc()) 775M->775M(6144M) 328.206ms
[17.558s][info][gc,metaspace] GC(38) Metaspace: 23681K(24192K)->23681K(24192K) NonClass: 19577K(19840K)->19577K(19840K) Class: 4104K(4352K)->4104K(4352K)
[17.558s][info][gc          ] GC(38) Pause Full (System.gc()) 775M->775M(6144M) 330.418ms
[17.936s][info][gc,metaspace] GC(39) Metaspace: 23681K(24192K)->23681K(24192K) NonClass: 19577K(19840K)->19577K(19840K) Class: 4104K(4352K)->4104K(4352K)
[17.936s][info][gc          ] GC(39) Pause Full (System.gc()) 775M->775M(6144M) 377.438ms
[18.280s][info][gc,metaspace] GC(40) Metaspace: 23681K(24192K)->23681K(24192K) NonClass: 19577K(19840K)->19577K(19840K) Class: 4104K(4352K)->4104K(4352K)
[18.280s][info][gc          ] GC(40) Pause Full (System.gc()) 775M->775M(6144M) 343.802ms
[18.611s][info][gc,metaspace] GC(41) Metaspace: 23681K(24192K)->23681K(24192K) NonClass: 19577K(19840K)->19577K(19840K) Class: 4104K(4352K)->4104K(4352K)
[18.611s][info][gc          ] GC(41) Pause Full (System.gc()) 775M->775M(6144M) 331.621ms
[19.010s][info][gc,metaspace] GC(42) Metaspace: 23681K(24192K)->23681K(24192K) NonClass: 19577K(19840K)->19577K(19840K) Class: 4104K(4352K)->4104K(4352K)
[19.010s][info][gc          ] GC(42) Pause Full (System.gc()) 775M->775M(6144M) 399.088ms
[19.353s][info][gc,metaspace] GC(43) Metaspace: 23681K(24192K)->23681K(24192K) NonClass: 19577K(19840K)->19577K(19840K) Class: 4104K(4352K)->4104K(4352K)
[19.353s][info][gc          ] GC(43) Pause Full (System.gc()) 775M->775M(6144M) 343.011ms
[19.685s][info][gc,metaspace] GC(44) Metaspace: 23681K(24192K)->23681K(24192K) NonClass: 19577K(19840K)->19577K(19840K) Class: 4104K(4352K)->4104K(4352K)
[19.685s][info][gc          ] GC(44) Pause Full (System.gc()) 775M->775M(6144M) 331.526ms
[20.034s][info][gc,metaspace] GC(45) Metaspace: 23681K(24192K)->23681K(24192K) NonClass: 19577K(19840K)->19577K(19840K) Class: 4104K(4352K)->4104K(4352K)
[20.034s][info][gc          ] GC(45) Pause Full (System.gc()) 775M->775M(6144M) 348.887ms
[20.367s][info][gc,metaspace] GC(46) Metaspace: 23681K(24192K)->23681K(24192K) NonClass: 19577K(19840K)->19577K(19840K) Class: 4104K(4352K)->4104K(4352K)
[20.368s][info][gc          ] GC(46) Pause Full (System.gc()) 775M->775M(6144M) 333.500ms
[20.700s][info][gc,metaspace] GC(47) Metaspace: 23681K(24192K)->23681K(24192K) NonClass: 19577K(19840K)->19577K(19840K) Class: 4104K(4352K)->4104K(4352K)
[20.700s][info][gc          ] GC(47) Pause Full (System.gc()) 775M->775M(6144M) 332.749ms
[21.041s][info][gc,metaspace] GC(48) Metaspace: 23681K(24192K)->23681K(24192K) NonClass: 19577K(19840K)->19577K(19840K) Class: 4104K(4352K)->4104K(4352K)
[21.041s][info][gc          ] GC(48) Pause Full (System.gc()) 775M->775M(6144M) 340.194ms
[21.360s][info][gc,metaspace] GC(49) Metaspace: 23681K(24192K)->23681K(24192K) NonClass: 19577K(19840K)->19577K(19840K) Class: 4104K(4352K)->4104K(4352K)
[21.360s][info][gc          ] GC(49) Pause Full (System.gc()) 775M->775M(6144M) 319.146ms
[21.724s][info][gc,metaspace] GC(50) Metaspace: 23681K(24192K)->23681K(24192K) NonClass: 19577K(19840K)->19577K(19840K) Class: 4104K(4352K)->4104K(4352K)
[21.724s][info][gc          ] GC(50) Pause Full (System.gc()) 775M->775M(6144M) 359.479ms
[22.068s][info][gc,metaspace] GC(51) Metaspace: 23681K(24192K)->23681K(24192K) NonClass: 19577K(19840K)->19577K(19840K) Class: 4104K(4352K)->4104K(4352K)
[22.068s][info][gc          ] GC(51) Pause Full (System.gc()) 775M->775M(6144M) 344.130ms
[22.380s][info][gc,metaspace] GC(52) Metaspace: 23681K(24192K)->23681K(24192K) NonClass: 19577K(19840K)->19577K(19840K) Class: 4104K(4352K)->4104K(4352K)
[22.380s][info][gc          ] GC(52) Pause Full (System.gc()) 775M->775M(6144M) 312.259ms
[22.700s][info][gc,metaspace] GC(53) Metaspace: 23681K(24192K)->23681K(24192K) NonClass: 19577K(19840K)->19577K(19840K) Class: 4104K(4352K)->4104K(4352K)
[22.700s][info][gc          ] GC(53) Pause Full (System.gc()) 775M->775M(6144M) 320.132ms
[23.041s][info][gc,metaspace] GC(54) Metaspace: 23681K(24192K)->23681K(24192K) NonClass: 19577K(19840K)->19577K(19840K) Class: 4104K(4352K)->4104K(4352K)
[23.041s][info][gc          ] GC(54) Pause Full (System.gc()) 775M->775M(6144M) 340.991ms
[23.371s][info][gc,metaspace] GC(55) Metaspace: 23681K(24192K)->23681K(24192K) NonClass: 19577K(19840K)->19577K(19840K) Class: 4104K(4352K)->4104K(4352K)
[23.371s][info][gc          ] GC(55) Pause Full (System.gc()) 775M->775M(6144M) 329.408ms
[23.709s][info][gc,metaspace] GC(56) Metaspace: 23681K(24192K)->23681K(24192K) NonClass: 19577K(19840K)->19577K(19840K) Class: 4104K(4352K)->4104K(4352K)
[23.709s][info][gc          ] GC(56) Pause Full (System.gc()) 775M->775M(6144M) 338.520ms
[24.058s][info][gc,metaspace] GC(57) Metaspace: 23681K(24192K)->23681K(24192K) NonClass: 19577K(19840K)->19577K(19840K) Class: 4104K(4352K)->4104K(4352K)
[24.058s][info][gc          ] GC(57) Pause Full (System.gc()) 775M->775M(6144M) 348.944ms
[24.390s][info][gc,metaspace] GC(58) Metaspace: 23681K(24192K)->23681K(24192K) NonClass: 19577K(19840K)->19577K(19840K) Class: 4104K(4352K)->4104K(4352K)
[24.390s][info][gc          ] GC(58) Pause Full (System.gc()) 775M->775M(6144M) 331.324ms
[24.722s][info][gc,metaspace] GC(59) Metaspace: 23681K(24192K)->23681K(24192K) NonClass: 19577K(19840K)->19577K(19840K) Class: 4104K(4352K)->4104K(4352K)
[24.722s][info][gc          ] GC(59) Pause Full (System.gc()) 775M->775M(6144M) 332.679ms
[25.084s][info][gc,metaspace] GC(60) Metaspace: 23681K(24192K)->23681K(24192K) NonClass: 19577K(19840K)->19577K(19840K) Class: 4104K(4352K)->4104K(4352K)
[25.084s][info][gc          ] GC(60) Pause Full (System.gc()) 775M->775M(6144M) 361.280ms
[25.429s][info][gc,metaspace] GC(61) Metaspace: 23681K(24192K)->23681K(24192K) NonClass: 19577K(19840K)->19577K(19840K) Class: 4104K(4352K)->4104K(4352K)
[25.429s][info][gc          ] GC(61) Pause Full (System.gc()) 775M->775M(6144M) 345.455ms
[25.753s][info][gc,metaspace] GC(62) Metaspace: 23681K(24192K)->23681K(24192K) NonClass: 19577K(19840K)->19577K(19840K) Class: 4104K(4352K)->4104K(4352K)
[25.753s][info][gc          ] GC(62) Pause Full (System.gc()) 775M->775M(6144M) 323.638ms
[26.090s][info][gc,metaspace] GC(63) Metaspace: 23681K(24192K)->23681K(24192K) NonClass: 19577K(19840K)->19577K(19840K) Class: 4104K(4352K)->4104K(4352K)
[26.090s][info][gc          ] GC(63) Pause Full (System.gc()) 775M->775M(6144M) 337.120ms
[26.408s][info][gc,metaspace] GC(64) Metaspace: 23681K(24192K)->23681K(24192K) NonClass: 19577K(19840K)->19577K(19840K) Class: 4104K(4352K)->4104K(4352K)
[26.408s][info][gc          ] GC(64) Pause Full (System.gc()) 775M->775M(6144M) 317.480ms
[26.780s][info][gc,metaspace] GC(65) Metaspace: 23681K(24192K)->23681K(24192K) NonClass: 19577K(19840K)->19577K(19840K) Class: 4104K(4352K)->4104K(4352K)
[26.780s][info][gc          ] GC(65) Pause Full (System.gc()) 775M->775M(6144M) 368.074ms
[27.136s][info][gc,metaspace] GC(66) Metaspace: 23681K(24192K)->23681K(24192K) NonClass: 19577K(19840K)->19577K(19840K) Class: 4104K(4352K)->4104K(4352K)
[27.136s][info][gc          ] GC(66) Pause Full (System.gc()) 775M->775M(6144M) 355.835ms
[27.477s][info][gc,metaspace] GC(67) Metaspace: 23681K(24192K)->23681K(24192K) NonClass: 19577K(19840K)->19577K(19840K) Class: 4104K(4352K)->4104K(4352K)
[27.478s][info][gc          ] GC(67) Pause Full (System.gc()) 775M->775M(6144M) 341.484ms
[27.840s][info][gc,metaspace] GC(68) Metaspace: 23681K(24192K)->23681K(24192K) NonClass: 19577K(19840K)->19577K(19840K) Class: 4104K(4352K)->4104K(4352K)
[27.840s][info][gc          ] GC(68) Pause Full (System.gc()) 775M->775M(6144M) 362.100ms
[28.161s][info][gc,metaspace] GC(69) Metaspace: 23681K(24192K)->23681K(24192K) NonClass: 19577K(19840K)->19577K(19840K) Class: 4104K(4352K)->4104K(4352K)
[28.161s][info][gc          ] GC(69) Pause Full (System.gc()) 775M->775M(6144M) 321.307ms
[28.508s][info][gc,metaspace] GC(70) Metaspace: 23681K(24192K)->23681K(24192K) NonClass: 19577K(19840K)->19577K(19840K) Class: 4104K(4352K)->4104K(4352K)
[28.508s][info][gc          ] GC(70) Pause Full (System.gc()) 775M->775M(6144M) 346.917ms
[28.870s][info][gc,metaspace] GC(71) Metaspace: 23681K(24192K)->23681K(24192K) NonClass: 19577K(19840K)->19577K(19840K) Class: 4104K(4352K)->4104K(4352K)
[28.870s][info][gc          ] GC(71) Pause Full (System.gc()) 775M->775M(6144M) 361.737ms
[29.217s][info][gc,metaspace] GC(72) Metaspace: 23681K(24192K)->23681K(24192K) NonClass: 19577K(19840K)->19577K(19840K) Class: 4104K(4352K)->4104K(4352K)
[29.217s][info][gc          ] GC(72) Pause Full (System.gc()) 775M->775M(6144M) 347.004ms
[29.544s][info][gc,metaspace] GC(73) Metaspace: 23681K(24192K)->23681K(24192K) NonClass: 19577K(19840K)->19577K(19840K) Class: 4104K(4352K)->4104K(4352K)
[29.544s][info][gc          ] GC(73) Pause Full (System.gc()) 775M->775M(6144M) 327.149ms
[29.913s][info][gc,metaspace] GC(74) Metaspace: 23681K(24192K)->23681K(24192K) NonClass: 19577K(19840K)->19577K(19840K) Class: 4104K(4352K)->4104K(4352K)
[29.913s][info][gc          ] GC(74) Pause Full (System.gc()) 775M->775M(6144M) 368.499ms
[30.283s][info][gc,metaspace] GC(75) Metaspace: 23681K(24192K)->23681K(24192K) NonClass: 19577K(19840K)->19577K(19840K) Class: 4104K(4352K)->4104K(4352K)
[30.283s][info][gc          ] GC(75) Pause Full (System.gc()) 775M->775M(6144M) 370.277ms
[30.651s][info][gc,metaspace] GC(76) Metaspace: 23681K(24192K)->23681K(24192K) NonClass: 19577K(19840K)->19577K(19840K) Class: 4104K(4352K)->4104K(4352K)
[30.651s][info][gc          ] GC(76) Pause Full (System.gc()) 775M->775M(6144M) 367.988ms
[30.992s][info][gc,metaspace] GC(77) Metaspace: 23681K(24192K)->23681K(24192K) NonClass: 19577K(19840K)->19577K(19840K) Class: 4104K(4352K)->4104K(4352K)
[30.992s][info][gc          ] GC(77) Pause Full (System.gc()) 775M->775M(6144M) 340.819ms
[31.324s][info][gc,metaspace] GC(78) Metaspace: 23681K(24192K)->23681K(24192K) NonClass: 19577K(19840K)->19577K(19840K) Class: 4104K(4352K)->4104K(4352K)
[31.324s][info][gc          ] GC(78) Pause Full (System.gc()) 775M->775M(6144M) 332.455ms
[31.679s][info][gc,metaspace] GC(79) Metaspace: 23681K(24192K)->23681K(24192K) NonClass: 19577K(19840K)->19577K(19840K) Class: 4104K(4352K)->4104K(4352K)
[31.679s][info][gc          ] GC(79) Pause Full (System.gc()) 775M->775M(6144M) 354.406ms
[32.070s][info][gc,metaspace] GC(80) Metaspace: 23681K(24192K)->23681K(24192K) NonClass: 19577K(19840K)->19577K(19840K) Class: 4104K(4352K)->4104K(4352K)
[32.070s][info][gc          ] GC(80) Pause Full (System.gc()) 775M->775M(6144M) 386.439ms
[32.426s][info][gc,metaspace] GC(81) Metaspace: 23681K(24192K)->23681K(24192K) NonClass: 19577K(19840K)->19577K(19840K) Class: 4104K(4352K)->4104K(4352K)
[32.426s][info][gc          ] GC(81) Pause Full (System.gc()) 775M->775M(6144M) 356.688ms
[32.754s][info][gc,metaspace] GC(82) Metaspace: 23681K(24192K)->23681K(24192K) NonClass: 19577K(19840K)->19577K(19840K) Class: 4104K(4352K)->4104K(4352K)
[32.754s][info][gc          ] GC(82) Pause Full (System.gc()) 775M->775M(6144M) 328.003ms
[33.097s][info][gc,metaspace] GC(83) Metaspace: 23681K(24192K)->23681K(24192K) NonClass: 19577K(19840K)->19577K(19840K) Class: 4104K(4352K)->4104K(4352K)
[33.097s][info][gc          ] GC(83) Pause Full (System.gc()) 775M->775M(6144M) 342.505ms
[33.426s][info][gc,metaspace] GC(84) Metaspace: 23681K(24192K)->23681K(24192K) NonClass: 19577K(19840K)->19577K(19840K) Class: 4104K(4352K)->4104K(4352K)
[33.426s][info][gc          ] GC(84) Pause Full (System.gc()) 775M->775M(6144M) 328.622ms
[33.763s][info][gc,metaspace] GC(85) Metaspace: 23681K(24192K)->23681K(24192K) NonClass: 19577K(19840K)->19577K(19840K) Class: 4104K(4352K)->4104K(4352K)
[33.763s][info][gc          ] GC(85) Pause Full (System.gc()) 775M->775M(6144M) 337.535ms
[34.103s][info][gc,metaspace] GC(86) Metaspace: 23681K(24192K)->23681K(24192K) NonClass: 19577K(19840K)->19577K(19840K) Class: 4104K(4352K)->4104K(4352K)
[34.103s][info][gc          ] GC(86) Pause Full (System.gc()) 775M->775M(6144M) 339.507ms
[34.430s][info][gc,metaspace] GC(87) Metaspace: 23681K(24192K)->23681K(24192K) NonClass: 19577K(19840K)->19577K(19840K) Class: 4104K(4352K)->4104K(4352K)
[34.430s][info][gc          ] GC(87) Pause Full (System.gc()) 775M->775M(6144M) 327.447ms
[34.767s][info][gc,metaspace] GC(88) Metaspace: 23681K(24192K)->23681K(24192K) NonClass: 19577K(19840K)->19577K(19840K) Class: 4104K(4352K)->4104K(4352K)
[34.767s][info][gc          ] GC(88) Pause Full (System.gc()) 775M->775M(6144M) 336.334ms
[35.105s][info][gc,metaspace] GC(89) Metaspace: 23681K(24192K)->23681K(24192K) NonClass: 19577K(19840K)->19577K(19840K) Class: 4104K(4352K)->4104K(4352K)
[35.105s][info][gc          ] GC(89) Pause Full (System.gc()) 775M->775M(6144M) 338.501ms
[35.429s][info][gc,metaspace] GC(90) Metaspace: 23681K(24192K)->23681K(24192K) NonClass: 19577K(19840K)->19577K(19840K) Class: 4104K(4352K)->4104K(4352K)
[35.429s][info][gc          ] GC(90) Pause Full (System.gc()) 775M->775M(6144M) 324.031ms
[35.762s][info][gc,metaspace] GC(91) Metaspace: 23681K(24192K)->23681K(24192K) NonClass: 19577K(19840K)->19577K(19840K) Class: 4104K(4352K)->4104K(4352K)
[35.762s][info][gc          ] GC(91) Pause Full (System.gc()) 775M->775M(6144M) 332.583ms
[36.115s][info][gc,metaspace] GC(92) Metaspace: 23681K(24192K)->23681K(24192K) NonClass: 19577K(19840K)->19577K(19840K) Class: 4104K(4352K)->4104K(4352K)
[36.115s][info][gc          ] GC(92) Pause Full (System.gc()) 775M->775M(6144M) 352.841ms
[36.432s][info][gc,metaspace] GC(93) Metaspace: 23681K(24192K)->23681K(24192K) NonClass: 19577K(19840K)->19577K(19840K) Class: 4104K(4352K)->4104K(4352K)
[36.432s][info][gc          ] GC(93) Pause Full (System.gc()) 775M->775M(6144M) 316.693ms
[36.776s][info][gc,metaspace] GC(94) Metaspace: 23681K(24192K)->23681K(24192K) NonClass: 19577K(19840K)->19577K(19840K) Class: 4104K(4352K)->4104K(4352K)
[36.776s][info][gc          ] GC(94) Pause Full (System.gc()) 775M->775M(6144M) 344.076ms
[37.169s][info][gc,metaspace] GC(95) Metaspace: 23681K(24192K)->23681K(24192K) NonClass: 19577K(19840K)->19577K(19840K) Class: 4104K(4352K)->4104K(4352K)
[37.169s][info][gc          ] GC(95) Pause Full (System.gc()) 775M->775M(6144M) 388.806ms
[37.517s][info][gc,metaspace] GC(96) Metaspace: 23681K(24192K)->23681K(24192K) NonClass: 19577K(19840K)->19577K(19840K) Class: 4104K(4352K)->4104K(4352K)
[37.517s][info][gc          ] GC(96) Pause Full (System.gc()) 775M->775M(6144M) 348.025ms
[37.927s][info][gc,metaspace] GC(97) Metaspace: 23681K(24192K)->23681K(24192K) NonClass: 19577K(19840K)->19577K(19840K) Class: 4104K(4352K)->4104K(4352K)
[37.927s][info][gc          ] GC(97) Pause Full (System.gc()) 775M->775M(6144M) 410.021ms
[38.251s][info][gc,metaspace] GC(98) Metaspace: 23681K(24192K)->23681K(24192K) NonClass: 19577K(19840K)->19577K(19840K) Class: 4104K(4352K)->4104K(4352K)
[38.251s][info][gc          ] GC(98) Pause Full (System.gc()) 775M->775M(6144M) 323.743ms
[38.573s][info][gc,metaspace] GC(99) Metaspace: 23681K(24192K)->23681K(24192K) NonClass: 19577K(19840K)->19577K(19840K) Class: 4104K(4352K)->4104K(4352K)
[38.573s][info][gc          ] GC(99) Pause Full (System.gc()) 775M->775M(6144M) 321.763ms
[38.954s][info][gc,metaspace] GC(100) Metaspace: 23681K(24192K)->23681K(24192K) NonClass: 19577K(19840K)->19577K(19840K) Class: 4104K(4352K)->4104K(4352K)
[38.954s][info][gc          ] GC(100) Pause Full (System.gc()) 775M->775M(6144M) 380.996ms
[39.291s][info][gc,metaspace] GC(101) Metaspace: 23681K(24192K)->23681K(24192K) NonClass: 19577K(19840K)->19577K(19840K) Class: 4104K(4352K)->4104K(4352K)
[39.291s][info][gc          ] GC(101) Pause Full (System.gc()) 775M->775M(6144M) 337.090ms
[39.640s][info][gc,metaspace] GC(102) Metaspace: 23681K(24192K)->23681K(24192K) NonClass: 19577K(19840K)->19577K(19840K) Class: 4104K(4352K)->4104K(4352K)
[39.640s][info][gc          ] GC(102) Pause Full (System.gc()) 775M->775M(6144M) 349.127ms
[40.000s][info][gc,metaspace] GC(103) Metaspace: 23681K(24192K)->23681K(24192K) NonClass: 19577K(19840K)->19577K(19840K) Class: 4104K(4352K)->4104K(4352K)
[40.000s][info][gc          ] GC(103) Pause Full (System.gc()) 775M->775M(6144M) 359.686ms
[40.343s][info][gc,metaspace] GC(104) Metaspace: 23681K(24192K)->23681K(24192K) NonClass: 19577K(19840K)->19577K(19840K) Class: 4104K(4352K)->4104K(4352K)
[40.343s][info][gc          ] GC(104) Pause Full (System.gc()) 775M->775M(6144M) 343.111ms
After GCs... 
