Done; will start GCs... 
[31.773s][info][gc,metaspace] GC(20) Metaspace: 43169K(46912K)->43169K(46912K) NonClass: 33203K(34880K)->33203K(34880K) Class: 9965K(12032K)->9965K(12032K)
[31.773s][info][gc          ] GC(20) Pause Full (System.gc()) 923M->782M(6144M) 625.998ms
[32.378s][info][gc,metaspace] GC(21) Metaspace: 43169K(46912K)->43169K(46912K) NonClass: 33203K(34880K)->33203K(34880K) Class: 9965K(12032K)->9965K(12032K)
[32.378s][info][gc          ] GC(21) Pause Full (System.gc()) 782M->782M(6144M) 605.434ms
[32.972s][info][gc,metaspace] GC(22) Metaspace: 43169K(46912K)->43169K(46912K) NonClass: 33203K(34880K)->33203K(34880K) Class: 9965K(12032K)->9965K(12032K)
[32.972s][info][gc          ] GC(22) Pause Full (System.gc()) 782M->782M(6144M) 593.782ms
[33.561s][info][gc,metaspace] GC(23) Metaspace: 43169K(46912K)->43169K(46912K) NonClass: 33203K(34880K)->33203K(34880K) Class: 9965K(12032K)->9965K(12032K)
[33.561s][info][gc          ] GC(23) Pause Full (System.gc()) 782M->782M(6144M) 588.566ms
[34.138s][info][gc,metaspace] GC(24) Metaspace: 43169K(46912K)->43169K(46912K) NonClass: 33203K(34880K)->33203K(34880K) Class: 9965K(12032K)->9965K(12032K)
[34.138s][info][gc          ] GC(24) Pause Full (System.gc()) 782M->782M(6144M) 576.422ms
[34.714s][info][gc,metaspace] GC(25) Metaspace: 43169K(46912K)->43169K(46912K) NonClass: 33203K(34880K)->33203K(34880K) Class: 9965K(12032K)->9965K(12032K)
[34.714s][info][gc          ] GC(25) Pause Full (System.gc()) 782M->782M(6144M) 575.811ms
[35.318s][info][gc,metaspace] GC(26) Metaspace: 43169K(46912K)->43169K(46912K) NonClass: 33203K(34880K)->33203K(34880K) Class: 9965K(12032K)->9965K(12032K)
[35.318s][info][gc          ] GC(26) Pause Full (System.gc()) 782M->782M(6144M) 603.317ms
[35.922s][info][gc,metaspace] GC(27) Metaspace: 43169K(46912K)->43169K(46912K) NonClass: 33203K(34880K)->33203K(34880K) Class: 9965K(12032K)->9965K(12032K)
[35.922s][info][gc          ] GC(27) Pause Full (System.gc()) 782M->782M(6144M) 604.164ms
[36.543s][info][gc,metaspace] GC(28) Metaspace: 43169K(46912K)->43169K(46912K) NonClass: 33203K(34880K)->33203K(34880K) Class: 9965K(12032K)->9965K(12032K)
[36.543s][info][gc          ] GC(28) Pause Full (System.gc()) 782M->782M(6144M) 621.308ms
[37.125s][info][gc,metaspace] GC(29) Metaspace: 43169K(46912K)->43169K(46912K) NonClass: 33203K(34880K)->33203K(34880K) Class: 9965K(12032K)->9965K(12032K)
[37.125s][info][gc          ] GC(29) Pause Full (System.gc()) 782M->782M(6144M) 581.573ms
[37.761s][info][gc,metaspace] GC(30) Metaspace: 43169K(46912K)->43169K(46912K) NonClass: 33203K(34880K)->33203K(34880K) Class: 9965K(12032K)->9965K(12032K)
[37.761s][info][gc          ] GC(30) Pause Full (System.gc()) 782M->782M(6144M) 635.369ms
[38.345s][info][gc,metaspace] GC(31) Metaspace: 43169K(46912K)->43169K(46912K) NonClass: 33203K(34880K)->33203K(34880K) Class: 9965K(12032K)->9965K(12032K)
[38.345s][info][gc          ] GC(31) Pause Full (System.gc()) 782M->782M(6144M) 584.065ms
[38.932s][info][gc,metaspace] GC(32) Metaspace: 43169K(46912K)->43169K(46912K) NonClass: 33203K(34880K)->33203K(34880K) Class: 9965K(12032K)->9965K(12032K)
[38.932s][info][gc          ] GC(32) Pause Full (System.gc()) 782M->782M(6144M) 586.802ms
[39.526s][info][gc,metaspace] GC(33) Metaspace: 43169K(46912K)->43169K(46912K) NonClass: 33203K(34880K)->33203K(34880K) Class: 9965K(12032K)->9965K(12032K)
[39.526s][info][gc          ] GC(33) Pause Full (System.gc()) 782M->782M(6144M) 594.319ms
[40.106s][info][gc,metaspace] GC(34) Metaspace: 43169K(46912K)->43169K(46912K) NonClass: 33203K(34880K)->33203K(34880K) Class: 9965K(12032K)->9965K(12032K)
[40.106s][info][gc          ] GC(34) Pause Full (System.gc()) 782M->782M(6144M) 579.584ms
[40.690s][info][gc,metaspace] GC(35) Metaspace: 43169K(46912K)->43169K(46912K) NonClass: 33203K(34880K)->33203K(34880K) Class: 9965K(12032K)->9965K(12032K)
[40.690s][info][gc          ] GC(35) Pause Full (System.gc()) 782M->782M(6144M) 584.414ms
[41.267s][info][gc,metaspace] GC(36) Metaspace: 43169K(46912K)->43169K(46912K) NonClass: 33203K(34880K)->33203K(34880K) Class: 9965K(12032K)->9965K(12032K)
[41.267s][info][gc          ] GC(36) Pause Full (System.gc()) 782M->782M(6144M) 576.880ms
[41.857s][info][gc,metaspace] GC(37) Metaspace: 43169K(46912K)->43169K(46912K) NonClass: 33203K(34880K)->33203K(34880K) Class: 9965K(12032K)->9965K(12032K)
[41.857s][info][gc          ] GC(37) Pause Full (System.gc()) 782M->782M(6144M) 589.381ms
[42.456s][info][gc,metaspace] GC(38) Metaspace: 43169K(46912K)->43169K(46912K) NonClass: 33203K(34880K)->33203K(34880K) Class: 9965K(12032K)->9965K(12032K)
[42.456s][info][gc          ] GC(38) Pause Full (System.gc()) 782M->782M(6144M) 594.470ms
[43.060s][info][gc,metaspace] GC(39) Metaspace: 43169K(46912K)->43169K(46912K) NonClass: 33203K(34880K)->33203K(34880K) Class: 9965K(12032K)->9965K(12032K)
[43.060s][info][gc          ] GC(39) Pause Full (System.gc()) 782M->782M(6144M) 603.803ms
[43.655s][info][gc,metaspace] GC(40) Metaspace: 43169K(46912K)->43169K(46912K) NonClass: 33203K(34880K)->33203K(34880K) Class: 9965K(12032K)->9965K(12032K)
[43.655s][info][gc          ] GC(40) Pause Full (System.gc()) 782M->782M(6144M) 595.066ms
[44.231s][info][gc,metaspace] GC(41) Metaspace: 43169K(46912K)->43169K(46912K) NonClass: 33203K(34880K)->33203K(34880K) Class: 9965K(12032K)->9965K(12032K)
[44.231s][info][gc          ] GC(41) Pause Full (System.gc()) 782M->782M(6144M) 576.115ms
[44.815s][info][gc,metaspace] GC(42) Metaspace: 43169K(46912K)->43169K(46912K) NonClass: 33203K(34880K)->33203K(34880K) Class: 9965K(12032K)->9965K(12032K)
[44.815s][info][gc          ] GC(42) Pause Full (System.gc()) 782M->782M(6144M) 584.108ms
[45.422s][info][gc,metaspace] GC(43) Metaspace: 43169K(46912K)->43169K(46912K) NonClass: 33203K(34880K)->33203K(34880K) Class: 9965K(12032K)->9965K(12032K)
[45.422s][info][gc          ] GC(43) Pause Full (System.gc()) 782M->782M(6144M) 606.644ms
[46.034s][info][gc,metaspace] GC(44) Metaspace: 43169K(46912K)->43169K(46912K) NonClass: 33203K(34880K)->33203K(34880K) Class: 9965K(12032K)->9965K(12032K)
[46.034s][info][gc          ] GC(44) Pause Full (System.gc()) 782M->782M(6144M) 612.002ms
[46.618s][info][gc,metaspace] GC(45) Metaspace: 43169K(46912K)->43169K(46912K) NonClass: 33203K(34880K)->33203K(34880K) Class: 9965K(12032K)->9965K(12032K)
[46.618s][info][gc          ] GC(45) Pause Full (System.gc()) 782M->782M(6144M) 583.944ms
[47.184s][info][gc,metaspace] GC(46) Metaspace: 43169K(46912K)->43169K(46912K) NonClass: 33203K(34880K)->33203K(34880K) Class: 9965K(12032K)->9965K(12032K)
[47.184s][info][gc          ] GC(46) Pause Full (System.gc()) 782M->782M(6144M) 565.668ms
[47.777s][info][gc,metaspace] GC(47) Metaspace: 43169K(46912K)->43169K(46912K) NonClass: 33203K(34880K)->33203K(34880K) Class: 9965K(12032K)->9965K(12032K)
[47.777s][info][gc          ] GC(47) Pause Full (System.gc()) 782M->782M(6144M) 588.370ms
[48.366s][info][gc,metaspace] GC(48) Metaspace: 43169K(46912K)->43169K(46912K) NonClass: 33203K(34880K)->33203K(34880K) Class: 9965K(12032K)->9965K(12032K)
[48.366s][info][gc          ] GC(48) Pause Full (System.gc()) 782M->782M(6144M) 589.258ms
[48.953s][info][gc,metaspace] GC(49) Metaspace: 43169K(46912K)->43169K(46912K) NonClass: 33203K(34880K)->33203K(34880K) Class: 9965K(12032K)->9965K(12032K)
[48.953s][info][gc          ] GC(49) Pause Full (System.gc()) 782M->782M(6144M) 586.804ms
[49.564s][info][gc,metaspace] GC(50) Metaspace: 43169K(46912K)->43169K(46912K) NonClass: 33203K(34880K)->33203K(34880K) Class: 9965K(12032K)->9965K(12032K)
[49.564s][info][gc          ] GC(50) Pause Full (System.gc()) 782M->782M(6144M) 611.201ms
[50.146s][info][gc,metaspace] GC(51) Metaspace: 43169K(46912K)->43169K(46912K) NonClass: 33203K(34880K)->33203K(34880K) Class: 9965K(12032K)->9965K(12032K)
[50.146s][info][gc          ] GC(51) Pause Full (System.gc()) 782M->782M(6144M) 581.190ms
[50.731s][info][gc,metaspace] GC(52) Metaspace: 43169K(46912K)->43169K(46912K) NonClass: 33203K(34880K)->33203K(34880K) Class: 9965K(12032K)->9965K(12032K)
[50.731s][info][gc          ] GC(52) Pause Full (System.gc()) 782M->782M(6144M) 585.307ms
[51.310s][info][gc,metaspace] GC(53) Metaspace: 43169K(46912K)->43169K(46912K) NonClass: 33203K(34880K)->33203K(34880K) Class: 9965K(12032K)->9965K(12032K)
[51.310s][info][gc          ] GC(53) Pause Full (System.gc()) 782M->782M(6144M) 578.738ms
[51.879s][info][gc,metaspace] GC(54) Metaspace: 43169K(46912K)->43169K(46912K) NonClass: 33203K(34880K)->33203K(34880K) Class: 9965K(12032K)->9965K(12032K)
[51.879s][info][gc          ] GC(54) Pause Full (System.gc()) 782M->782M(6144M) 569.364ms
[52.472s][info][gc,metaspace] GC(55) Metaspace: 43169K(46912K)->43169K(46912K) NonClass: 33203K(34880K)->33203K(34880K) Class: 9965K(12032K)->9965K(12032K)
[52.472s][info][gc          ] GC(55) Pause Full (System.gc()) 782M->782M(6144M) 592.732ms
[53.042s][info][gc,metaspace] GC(56) Metaspace: 43169K(46912K)->43169K(46912K) NonClass: 33203K(34880K)->33203K(34880K) Class: 9965K(12032K)->9965K(12032K)
[53.042s][info][gc          ] GC(56) Pause Full (System.gc()) 782M->782M(6144M) 569.518ms
[53.633s][info][gc,metaspace] GC(57) Metaspace: 43169K(46912K)->43169K(46912K) NonClass: 33203K(34880K)->33203K(34880K) Class: 9965K(12032K)->9965K(12032K)
[53.633s][info][gc          ] GC(57) Pause Full (System.gc()) 782M->782M(6144M) 591.669ms
[54.256s][info][gc,metaspace] GC(58) Metaspace: 43169K(46912K)->43169K(46912K) NonClass: 33203K(34880K)->33203K(34880K) Class: 9965K(12032K)->9965K(12032K)
[54.257s][info][gc          ] GC(58) Pause Full (System.gc()) 782M->782M(6144M) 622.933ms
[54.836s][info][gc,metaspace] GC(59) Metaspace: 43169K(46912K)->43169K(46912K) NonClass: 33203K(34880K)->33203K(34880K) Class: 9965K(12032K)->9965K(12032K)
[54.836s][info][gc          ] GC(59) Pause Full (System.gc()) 782M->782M(6144M) 579.446ms
[55.422s][info][gc,metaspace] GC(60) Metaspace: 43169K(46912K)->43169K(46912K) NonClass: 33203K(34880K)->33203K(34880K) Class: 9965K(12032K)->9965K(12032K)
[55.423s][info][gc          ] GC(60) Pause Full (System.gc()) 782M->782M(6144M) 586.371ms
[56.004s][info][gc,metaspace] GC(61) Metaspace: 43169K(46912K)->43169K(46912K) NonClass: 33203K(34880K)->33203K(34880K) Class: 9965K(12032K)->9965K(12032K)
[56.004s][info][gc          ] GC(61) Pause Full (System.gc()) 782M->782M(6144M) 581.207ms
[56.598s][info][gc,metaspace] GC(62) Metaspace: 43169K(46912K)->43169K(46912K) NonClass: 33203K(34880K)->33203K(34880K) Class: 9965K(12032K)->9965K(12032K)
[56.598s][info][gc          ] GC(62) Pause Full (System.gc()) 782M->782M(6144M) 593.592ms
[57.218s][info][gc,metaspace] GC(63) Metaspace: 43169K(46912K)->43169K(46912K) NonClass: 33203K(34880K)->33203K(34880K) Class: 9965K(12032K)->9965K(12032K)
[57.218s][info][gc          ] GC(63) Pause Full (System.gc()) 782M->782M(6144M) 620.770ms
[57.787s][info][gc,metaspace] GC(64) Metaspace: 43169K(46912K)->43169K(46912K) NonClass: 33203K(34880K)->33203K(34880K) Class: 9965K(12032K)->9965K(12032K)
[57.787s][info][gc          ] GC(64) Pause Full (System.gc()) 782M->782M(6144M) 568.208ms
[58.335s][info][gc,metaspace] GC(65) Metaspace: 43169K(46912K)->43169K(46912K) NonClass: 33203K(34880K)->33203K(34880K) Class: 9965K(12032K)->9965K(12032K)
[58.335s][info][gc          ] GC(65) Pause Full (System.gc()) 782M->782M(6144M) 548.102ms
[58.896s][info][gc,metaspace] GC(66) Metaspace: 43169K(46912K)->43169K(46912K) NonClass: 33203K(34880K)->33203K(34880K) Class: 9965K(12032K)->9965K(12032K)
[58.896s][info][gc          ] GC(66) Pause Full (System.gc()) 782M->782M(6144M) 560.580ms
[59.475s][info][gc,metaspace] GC(67) Metaspace: 43169K(46912K)->43169K(46912K) NonClass: 33203K(34880K)->33203K(34880K) Class: 9965K(12032K)->9965K(12032K)
[59.475s][info][gc          ] GC(67) Pause Full (System.gc()) 782M->782M(6144M) 579.184ms
[60.054s][info][gc,metaspace] GC(68) Metaspace: 43169K(46912K)->43169K(46912K) NonClass: 33203K(34880K)->33203K(34880K) Class: 9965K(12032K)->9965K(12032K)
[60.054s][info][gc          ] GC(68) Pause Full (System.gc()) 782M->782M(6144M) 578.887ms
[60.640s][info][gc,metaspace] GC(69) Metaspace: 43169K(46912K)->43169K(46912K) NonClass: 33203K(34880K)->33203K(34880K) Class: 9965K(12032K)->9965K(12032K)
[60.640s][info][gc          ] GC(69) Pause Full (System.gc()) 782M->782M(6144M) 585.716ms
[61.229s][info][gc,metaspace] GC(70) Metaspace: 43169K(46912K)->43169K(46912K) NonClass: 33203K(34880K)->33203K(34880K) Class: 9965K(12032K)->9965K(12032K)
[61.229s][info][gc          ] GC(70) Pause Full (System.gc()) 782M->782M(6144M) 589.443ms
[61.796s][info][gc,metaspace] GC(71) Metaspace: 43169K(46912K)->43169K(46912K) NonClass: 33203K(34880K)->33203K(34880K) Class: 9965K(12032K)->9965K(12032K)
[61.796s][info][gc          ] GC(71) Pause Full (System.gc()) 782M->782M(6144M) 566.919ms
[62.397s][info][gc,metaspace] GC(72) Metaspace: 43169K(46912K)->43169K(46912K) NonClass: 33203K(34880K)->33203K(34880K) Class: 9965K(12032K)->9965K(12032K)
[62.397s][info][gc          ] GC(72) Pause Full (System.gc()) 782M->782M(6144M) 600.839ms
[62.981s][info][gc,metaspace] GC(73) Metaspace: 43169K(46912K)->43169K(46912K) NonClass: 33203K(34880K)->33203K(34880K) Class: 9965K(12032K)->9965K(12032K)
[62.981s][info][gc          ] GC(73) Pause Full (System.gc()) 782M->782M(6144M) 583.387ms
[63.584s][info][gc,metaspace] GC(74) Metaspace: 43169K(46912K)->43169K(46912K) NonClass: 33203K(34880K)->33203K(34880K) Class: 9965K(12032K)->9965K(12032K)
[63.584s][info][gc          ] GC(74) Pause Full (System.gc()) 784M->782M(6144M) 603.423ms
[64.168s][info][gc,metaspace] GC(75) Metaspace: 43169K(46912K)->43169K(46912K) NonClass: 33203K(34880K)->33203K(34880K) Class: 9965K(12032K)->9965K(12032K)
[64.168s][info][gc          ] GC(75) Pause Full (System.gc()) 782M->782M(6144M) 583.207ms
[64.758s][info][gc,metaspace] GC(76) Metaspace: 43169K(46912K)->43169K(46912K) NonClass: 33203K(34880K)->33203K(34880K) Class: 9965K(12032K)->9965K(12032K)
[64.758s][info][gc          ] GC(76) Pause Full (System.gc()) 782M->782M(6144M) 589.888ms
[65.353s][info][gc,metaspace] GC(77) Metaspace: 43169K(46912K)->43169K(46912K) NonClass: 33203K(34880K)->33203K(34880K) Class: 9965K(12032K)->9965K(12032K)
[65.354s][info][gc          ] GC(77) Pause Full (System.gc()) 782M->782M(6144M) 595.819ms
[65.930s][info][gc,metaspace] GC(78) Metaspace: 43169K(46912K)->43169K(46912K) NonClass: 33203K(34880K)->33203K(34880K) Class: 9965K(12032K)->9965K(12032K)
[65.930s][info][gc          ] GC(78) Pause Full (System.gc()) 782M->782M(6144M) 576.553ms
[66.498s][info][gc,metaspace] GC(79) Metaspace: 43169K(46912K)->43169K(46912K) NonClass: 33203K(34880K)->33203K(34880K) Class: 9965K(12032K)->9965K(12032K)
[66.498s][info][gc          ] GC(79) Pause Full (System.gc()) 782M->782M(6144M) 567.952ms
[67.091s][info][gc,metaspace] GC(80) Metaspace: 43169K(46912K)->43169K(46912K) NonClass: 33203K(34880K)->33203K(34880K) Class: 9965K(12032K)->9965K(12032K)
[67.092s][info][gc          ] GC(80) Pause Full (System.gc()) 782M->782M(6144M) 593.149ms
[67.687s][info][gc,metaspace] GC(81) Metaspace: 43169K(46912K)->43169K(46912K) NonClass: 33203K(34880K)->33203K(34880K) Class: 9965K(12032K)->9965K(12032K)
[67.687s][info][gc          ] GC(81) Pause Full (System.gc()) 782M->782M(6144M) 595.738ms
[68.266s][info][gc,metaspace] GC(82) Metaspace: 43169K(46912K)->43169K(46912K) NonClass: 33203K(34880K)->33203K(34880K) Class: 9965K(12032K)->9965K(12032K)
[68.266s][info][gc          ] GC(82) Pause Full (System.gc()) 782M->782M(6144M) 578.588ms
[68.840s][info][gc,metaspace] GC(83) Metaspace: 43169K(46912K)->43169K(46912K) NonClass: 33203K(34880K)->33203K(34880K) Class: 9965K(12032K)->9965K(12032K)
[68.840s][info][gc          ] GC(83) Pause Full (System.gc()) 782M->782M(6144M) 573.737ms
[69.425s][info][gc,metaspace] GC(84) Metaspace: 43169K(46912K)->43169K(46912K) NonClass: 33203K(34880K)->33203K(34880K) Class: 9965K(12032K)->9965K(12032K)
[69.425s][info][gc          ] GC(84) Pause Full (System.gc()) 782M->782M(6144M) 584.528ms
[69.999s][info][gc,metaspace] GC(85) Metaspace: 43169K(46912K)->43169K(46912K) NonClass: 33203K(34880K)->33203K(34880K) Class: 9965K(12032K)->9965K(12032K)
[69.999s][info][gc          ] GC(85) Pause Full (System.gc()) 782M->782M(6144M) 574.016ms
[70.593s][info][gc,metaspace] GC(86) Metaspace: 43169K(46912K)->43169K(46912K) NonClass: 33203K(34880K)->33203K(34880K) Class: 9965K(12032K)->9965K(12032K)
[70.593s][info][gc          ] GC(86) Pause Full (System.gc()) 782M->782M(6144M) 594.456ms
[71.168s][info][gc,metaspace] GC(87) Metaspace: 43169K(46912K)->43169K(46912K) NonClass: 33203K(34880K)->33203K(34880K) Class: 9965K(12032K)->9965K(12032K)
[71.168s][info][gc          ] GC(87) Pause Full (System.gc()) 782M->782M(6144M) 574.459ms
[71.746s][info][gc,metaspace] GC(88) Metaspace: 43169K(46912K)->43169K(46912K) NonClass: 33203K(34880K)->33203K(34880K) Class: 9965K(12032K)->9965K(12032K)
[71.746s][info][gc          ] GC(88) Pause Full (System.gc()) 782M->782M(6144M) 578.150ms
[72.323s][info][gc,metaspace] GC(89) Metaspace: 43169K(46912K)->43169K(46912K) NonClass: 33203K(34880K)->33203K(34880K) Class: 9965K(12032K)->9965K(12032K)
[72.323s][info][gc          ] GC(89) Pause Full (System.gc()) 782M->782M(6144M) 576.722ms
[72.880s][info][gc,metaspace] GC(90) Metaspace: 43169K(46912K)->43169K(46912K) NonClass: 33203K(34880K)->33203K(34880K) Class: 9965K(12032K)->9965K(12032K)
[72.880s][info][gc          ] GC(90) Pause Full (System.gc()) 782M->782M(6144M) 556.615ms
[73.463s][info][gc,metaspace] GC(91) Metaspace: 43169K(46912K)->43169K(46912K) NonClass: 33203K(34880K)->33203K(34880K) Class: 9965K(12032K)->9965K(12032K)
[73.463s][info][gc          ] GC(91) Pause Full (System.gc()) 782M->782M(6144M) 583.441ms
[74.029s][info][gc,metaspace] GC(92) Metaspace: 43169K(46912K)->43169K(46912K) NonClass: 33203K(34880K)->33203K(34880K) Class: 9965K(12032K)->9965K(12032K)
[74.029s][info][gc          ] GC(92) Pause Full (System.gc()) 782M->782M(6144M) 565.242ms
[74.611s][info][gc,metaspace] GC(93) Metaspace: 43169K(46912K)->43169K(46912K) NonClass: 33203K(34880K)->33203K(34880K) Class: 9965K(12032K)->9965K(12032K)
[74.611s][info][gc          ] GC(93) Pause Full (System.gc()) 782M->782M(6144M) 582.506ms
[75.192s][info][gc,metaspace] GC(94) Metaspace: 43169K(46912K)->43169K(46912K) NonClass: 33203K(34880K)->33203K(34880K) Class: 9965K(12032K)->9965K(12032K)
[75.192s][info][gc          ] GC(94) Pause Full (System.gc()) 782M->782M(6144M) 580.976ms
[75.758s][info][gc,metaspace] GC(95) Metaspace: 43169K(46912K)->43169K(46912K) NonClass: 33203K(34880K)->33203K(34880K) Class: 9965K(12032K)->9965K(12032K)
[75.758s][info][gc          ] GC(95) Pause Full (System.gc()) 782M->782M(6144M) 565.315ms
[76.338s][info][gc,metaspace] GC(96) Metaspace: 43169K(46912K)->43169K(46912K) NonClass: 33203K(34880K)->33203K(34880K) Class: 9965K(12032K)->9965K(12032K)
[76.338s][info][gc          ] GC(96) Pause Full (System.gc()) 782M->782M(6144M) 579.761ms
[76.920s][info][gc,metaspace] GC(97) Metaspace: 43169K(46912K)->43169K(46912K) NonClass: 33203K(34880K)->33203K(34880K) Class: 9965K(12032K)->9965K(12032K)
[76.920s][info][gc          ] GC(97) Pause Full (System.gc()) 782M->782M(6144M) 581.928ms
[77.513s][info][gc,metaspace] GC(98) Metaspace: 43169K(46912K)->43169K(46912K) NonClass: 33203K(34880K)->33203K(34880K) Class: 9965K(12032K)->9965K(12032K)
[77.513s][info][gc          ] GC(98) Pause Full (System.gc()) 782M->782M(6144M) 593.027ms
[78.097s][info][gc,metaspace] GC(99) Metaspace: 43169K(46912K)->43169K(46912K) NonClass: 33203K(34880K)->33203K(34880K) Class: 9965K(12032K)->9965K(12032K)
[78.097s][info][gc          ] GC(99) Pause Full (System.gc()) 782M->782M(6144M) 583.746ms
[78.714s][info][gc,metaspace] GC(100) Metaspace: 43169K(46912K)->43169K(46912K) NonClass: 33203K(34880K)->33203K(34880K) Class: 9965K(12032K)->9965K(12032K)
[78.714s][info][gc          ] GC(100) Pause Full (System.gc()) 782M->782M(6144M) 617.437ms
[79.333s][info][gc,metaspace] GC(101) Metaspace: 43169K(46912K)->43169K(46912K) NonClass: 33203K(34880K)->33203K(34880K) Class: 9965K(12032K)->9965K(12032K)
[79.333s][info][gc          ] GC(101) Pause Full (System.gc()) 782M->782M(6144M) 614.085ms
[79.906s][info][gc,metaspace] GC(102) Metaspace: 43169K(46912K)->43169K(46912K) NonClass: 33203K(34880K)->33203K(34880K) Class: 9965K(12032K)->9965K(12032K)
[79.906s][info][gc          ] GC(102) Pause Full (System.gc()) 782M->782M(6144M) 573.489ms
[80.527s][info][gc,metaspace] GC(103) Metaspace: 43169K(46912K)->43169K(46912K) NonClass: 33203K(34880K)->33203K(34880K) Class: 9965K(12032K)->9965K(12032K)
[80.527s][info][gc          ] GC(103) Pause Full (System.gc()) 782M->782M(6144M) 620.498ms
[81.101s][info][gc,metaspace] GC(104) Metaspace: 43169K(46912K)->43169K(46912K) NonClass: 33203K(34880K)->33203K(34880K) Class: 9965K(12032K)->9965K(12032K)
[81.101s][info][gc          ] GC(104) Pause Full (System.gc()) 782M->782M(6144M) 574.370ms
[81.720s][info][gc,metaspace] GC(105) Metaspace: 43169K(46912K)->43169K(46912K) NonClass: 33203K(34880K)->33203K(34880K) Class: 9965K(12032K)->9965K(12032K)
[81.720s][info][gc          ] GC(105) Pause Full (System.gc()) 782M->782M(6144M) 618.960ms
[82.288s][info][gc,metaspace] GC(106) Metaspace: 43169K(46912K)->43169K(46912K) NonClass: 33203K(34880K)->33203K(34880K) Class: 9965K(12032K)->9965K(12032K)
[82.288s][info][gc          ] GC(106) Pause Full (System.gc()) 782M->782M(6144M) 567.699ms
[82.867s][info][gc,metaspace] GC(107) Metaspace: 43169K(46912K)->43169K(46912K) NonClass: 33203K(34880K)->33203K(34880K) Class: 9965K(12032K)->9965K(12032K)
[82.868s][info][gc          ] GC(107) Pause Full (System.gc()) 782M->782M(6144M) 579.288ms
[83.461s][info][gc,metaspace] GC(108) Metaspace: 43169K(46912K)->43169K(46912K) NonClass: 33203K(34880K)->33203K(34880K) Class: 9965K(12032K)->9965K(12032K)
[83.461s][info][gc          ] GC(108) Pause Full (System.gc()) 782M->782M(6144M) 593.082ms
[84.026s][info][gc,metaspace] GC(109) Metaspace: 43169K(46912K)->43169K(46912K) NonClass: 33203K(34880K)->33203K(34880K) Class: 9965K(12032K)->9965K(12032K)
[84.026s][info][gc          ] GC(109) Pause Full (System.gc()) 782M->782M(6144M) 565.657ms
[84.672s][info][gc,metaspace] GC(110) Metaspace: 43169K(46912K)->43169K(46912K) NonClass: 33203K(34880K)->33203K(34880K) Class: 9965K(12032K)->9965K(12032K)
[84.672s][info][gc          ] GC(110) Pause Full (System.gc()) 782M->782M(6144M) 641.259ms
[85.324s][info][gc,metaspace] GC(111) Metaspace: 43169K(46912K)->43169K(46912K) NonClass: 33203K(34880K)->33203K(34880K) Class: 9965K(12032K)->9965K(12032K)
[85.324s][info][gc          ] GC(111) Pause Full (System.gc()) 782M->782M(6144M) 652.067ms
[85.906s][info][gc,metaspace] GC(112) Metaspace: 43169K(46912K)->43169K(46912K) NonClass: 33203K(34880K)->33203K(34880K) Class: 9965K(12032K)->9965K(12032K)
[85.906s][info][gc          ] GC(112) Pause Full (System.gc()) 782M->782M(6144M) 581.885ms
[86.496s][info][gc,metaspace] GC(113) Metaspace: 43169K(46912K)->43169K(46912K) NonClass: 33203K(34880K)->33203K(34880K) Class: 9965K(12032K)->9965K(12032K)
[86.496s][info][gc          ] GC(113) Pause Full (System.gc()) 782M->782M(6144M) 589.629ms
[87.056s][info][gc,metaspace] GC(114) Metaspace: 43169K(46912K)->43169K(46912K) NonClass: 33203K(34880K)->33203K(34880K) Class: 9965K(12032K)->9965K(12032K)
[87.056s][info][gc          ] GC(114) Pause Full (System.gc()) 782M->782M(6144M) 559.817ms
[87.677s][info][gc,metaspace] GC(115) Metaspace: 43169K(46912K)->43169K(46912K) NonClass: 33203K(34880K)->33203K(34880K) Class: 9965K(12032K)->9965K(12032K)
[87.677s][info][gc          ] GC(115) Pause Full (System.gc()) 782M->782M(6144M) 620.704ms
[88.255s][info][gc,metaspace] GC(116) Metaspace: 43169K(46912K)->43169K(46912K) NonClass: 33203K(34880K)->33203K(34880K) Class: 9965K(12032K)->9965K(12032K)
[88.255s][info][gc          ] GC(116) Pause Full (System.gc()) 782M->782M(6144M) 578.582ms
[88.848s][info][gc,metaspace] GC(117) Metaspace: 43169K(46912K)->43169K(46912K) NonClass: 33203K(34880K)->33203K(34880K) Class: 9965K(12032K)->9965K(12032K)
[88.848s][info][gc          ] GC(117) Pause Full (System.gc()) 782M->782M(6144M) 592.551ms
[89.443s][info][gc,metaspace] GC(118) Metaspace: 43169K(46912K)->43169K(46912K) NonClass: 33203K(34880K)->33203K(34880K) Class: 9965K(12032K)->9965K(12032K)
[89.443s][info][gc          ] GC(118) Pause Full (System.gc()) 782M->782M(6144M) 595.128ms
[90.073s][info][gc,metaspace] GC(119) Metaspace: 43169K(46912K)->43169K(46912K) NonClass: 33203K(34880K)->33203K(34880K) Class: 9965K(12032K)->9965K(12032K)
[90.073s][info][gc          ] GC(119) Pause Full (System.gc()) 782M->782M(6144M) 625.269ms
After GCs... 
