Done; will start GCs... 
[30.641s][info][gc,metaspace] GC(20) Metaspace: 43158K(46912K)->43158K(46912K) NonClass: 33197K(34880K)->33197K(34880K) Class: 9960K(12032K)->9960K(12032K)
[30.641s][info][gc          ] GC(20) Pause Full (System.gc()) 925M->782M(6144M) 520.537ms
[31.094s][info][gc,metaspace] GC(21) Metaspace: 43158K(46912K)->43158K(46912K) NonClass: 33197K(34880K)->33197K(34880K) Class: 9960K(12032K)->9960K(12032K)
[31.094s][info][gc          ] GC(21) Pause Full (System.gc()) 782M->782M(6144M) 453.137ms
[31.539s][info][gc,metaspace] GC(22) Metaspace: 43158K(46912K)->43158K(46912K) NonClass: 33197K(34880K)->33197K(34880K) Class: 9960K(12032K)->9960K(12032K)
[31.539s][info][gc          ] GC(22) Pause Full (System.gc()) 782M->782M(6144M) 444.762ms
[32.024s][info][gc,metaspace] GC(23) Metaspace: 43158K(46912K)->43158K(46912K) NonClass: 33197K(34880K)->33197K(34880K) Class: 9960K(12032K)->9960K(12032K)
[32.024s][info][gc          ] GC(23) Pause Full (System.gc()) 782M->782M(6144M) 484.388ms
[32.472s][info][gc,metaspace] GC(24) Metaspace: 43158K(46912K)->43158K(46912K) NonClass: 33197K(34880K)->33197K(34880K) Class: 9960K(12032K)->9960K(12032K)
[32.472s][info][gc          ] GC(24) Pause Full (System.gc()) 782M->782M(6144M) 447.777ms
[32.916s][info][gc,metaspace] GC(25) Metaspace: 43158K(46912K)->43158K(46912K) NonClass: 33197K(34880K)->33197K(34880K) Class: 9960K(12032K)->9960K(12032K)
[32.916s][info][gc          ] GC(25) Pause Full (System.gc()) 782M->782M(6144M) 443.920ms
[33.335s][info][gc,metaspace] GC(26) Metaspace: 43158K(46912K)->43158K(46912K) NonClass: 33197K(34880K)->33197K(34880K) Class: 9960K(12032K)->9960K(12032K)
[33.335s][info][gc          ] GC(26) Pause Full (System.gc()) 782M->782M(6144M) 418.860ms
[33.780s][info][gc,metaspace] GC(27) Metaspace: 43158K(46912K)->43158K(46912K) NonClass: 33197K(34880K)->33197K(34880K) Class: 9960K(12032K)->9960K(12032K)
[33.780s][info][gc          ] GC(27) Pause Full (System.gc()) 782M->782M(6144M) 445.489ms
[34.246s][info][gc,metaspace] GC(28) Metaspace: 43158K(46912K)->43158K(46912K) NonClass: 33197K(34880K)->33197K(34880K) Class: 9960K(12032K)->9960K(12032K)
[34.246s][info][gc          ] GC(28) Pause Full (System.gc()) 782M->782M(6144M) 465.694ms
[34.685s][info][gc,metaspace] GC(29) Metaspace: 43158K(46912K)->43158K(46912K) NonClass: 33197K(34880K)->33197K(34880K) Class: 9960K(12032K)->9960K(12032K)
[34.685s][info][gc          ] GC(29) Pause Full (System.gc()) 782M->782M(6144M) 438.692ms
[35.157s][info][gc,metaspace] GC(30) Metaspace: 43158K(46912K)->43158K(46912K) NonClass: 33197K(34880K)->33197K(34880K) Class: 9960K(12032K)->9960K(12032K)
[35.157s][info][gc          ] GC(30) Pause Full (System.gc()) 782M->782M(6144M) 472.236ms
[35.630s][info][gc,metaspace] GC(31) Metaspace: 43158K(46912K)->43158K(46912K) NonClass: 33197K(34880K)->33197K(34880K) Class: 9960K(12032K)->9960K(12032K)
[35.630s][info][gc          ] GC(31) Pause Full (System.gc()) 782M->782M(6144M) 467.494ms
[36.101s][info][gc,metaspace] GC(32) Metaspace: 43158K(46912K)->43158K(46912K) NonClass: 33197K(34880K)->33197K(34880K) Class: 9960K(12032K)->9960K(12032K)
[36.101s][info][gc          ] GC(32) Pause Full (System.gc()) 782M->782M(6144M) 470.923ms
[36.561s][info][gc,metaspace] GC(33) Metaspace: 43158K(46912K)->43158K(46912K) NonClass: 33197K(34880K)->33197K(34880K) Class: 9960K(12032K)->9960K(12032K)
[36.561s][info][gc          ] GC(33) Pause Full (System.gc()) 782M->782M(6144M) 459.715ms
[37.050s][info][gc,metaspace] GC(34) Metaspace: 43158K(46912K)->43158K(46912K) NonClass: 33197K(34880K)->33197K(34880K) Class: 9960K(12032K)->9960K(12032K)
[37.050s][info][gc          ] GC(34) Pause Full (System.gc()) 782M->782M(6144M) 489.711ms
[37.495s][info][gc,metaspace] GC(35) Metaspace: 43158K(46912K)->43158K(46912K) NonClass: 33197K(34880K)->33197K(34880K) Class: 9960K(12032K)->9960K(12032K)
[37.495s][info][gc          ] GC(35) Pause Full (System.gc()) 782M->782M(6144M) 444.820ms
[37.972s][info][gc,metaspace] GC(36) Metaspace: 43158K(46912K)->43158K(46912K) NonClass: 33197K(34880K)->33197K(34880K) Class: 9960K(12032K)->9960K(12032K)
[37.972s][info][gc          ] GC(36) Pause Full (System.gc()) 782M->782M(6144M) 477.053ms
[38.423s][info][gc,metaspace] GC(37) Metaspace: 43158K(46912K)->43158K(46912K) NonClass: 33197K(34880K)->33197K(34880K) Class: 9960K(12032K)->9960K(12032K)
[38.423s][info][gc          ] GC(37) Pause Full (System.gc()) 782M->782M(6144M) 450.711ms
[38.880s][info][gc,metaspace] GC(38) Metaspace: 43158K(46912K)->43158K(46912K) NonClass: 33197K(34880K)->33197K(34880K) Class: 9960K(12032K)->9960K(12032K)
[38.880s][info][gc          ] GC(38) Pause Full (System.gc()) 782M->782M(6144M) 456.424ms
[39.308s][info][gc,metaspace] GC(39) Metaspace: 43158K(46912K)->43158K(46912K) NonClass: 33197K(34880K)->33197K(34880K) Class: 9960K(12032K)->9960K(12032K)
[39.308s][info][gc          ] GC(39) Pause Full (System.gc()) 782M->782M(6144M) 427.791ms
[39.757s][info][gc,metaspace] GC(40) Metaspace: 43158K(46912K)->43158K(46912K) NonClass: 33197K(34880K)->33197K(34880K) Class: 9960K(12032K)->9960K(12032K)
[39.757s][info][gc          ] GC(40) Pause Full (System.gc()) 782M->782M(6144M) 449.231ms
[40.198s][info][gc,metaspace] GC(41) Metaspace: 43158K(46912K)->43158K(46912K) NonClass: 33197K(34880K)->33197K(34880K) Class: 9960K(12032K)->9960K(12032K)
[40.198s][info][gc          ] GC(41) Pause Full (System.gc()) 782M->782M(6144M) 440.565ms
[40.650s][info][gc,metaspace] GC(42) Metaspace: 43158K(46912K)->43158K(46912K) NonClass: 33197K(34880K)->33197K(34880K) Class: 9960K(12032K)->9960K(12032K)
[40.650s][info][gc          ] GC(42) Pause Full (System.gc()) 782M->782M(6144M) 452.699ms
[41.124s][info][gc,metaspace] GC(43) Metaspace: 43158K(46912K)->43158K(46912K) NonClass: 33197K(34880K)->33197K(34880K) Class: 9960K(12032K)->9960K(12032K)
[41.124s][info][gc          ] GC(43) Pause Full (System.gc()) 782M->782M(6144M) 473.864ms
[41.559s][info][gc,metaspace] GC(44) Metaspace: 43158K(46912K)->43158K(46912K) NonClass: 33197K(34880K)->33197K(34880K) Class: 9960K(12032K)->9960K(12032K)
[41.559s][info][gc          ] GC(44) Pause Full (System.gc()) 782M->782M(6144M) 434.881ms
[42.010s][info][gc,metaspace] GC(45) Metaspace: 43158K(46912K)->43158K(46912K) NonClass: 33197K(34880K)->33197K(34880K) Class: 9960K(12032K)->9960K(12032K)
[42.010s][info][gc          ] GC(45) Pause Full (System.gc()) 782M->782M(6144M) 450.132ms
[42.458s][info][gc,metaspace] GC(46) Metaspace: 43158K(46912K)->43158K(46912K) NonClass: 33197K(34880K)->33197K(34880K) Class: 9960K(12032K)->9960K(12032K)
[42.458s][info][gc          ] GC(46) Pause Full (System.gc()) 782M->782M(6144M) 448.146ms
[42.912s][info][gc,metaspace] GC(47) Metaspace: 43158K(46912K)->43158K(46912K) NonClass: 33197K(34880K)->33197K(34880K) Class: 9960K(12032K)->9960K(12032K)
[42.912s][info][gc          ] GC(47) Pause Full (System.gc()) 782M->782M(6144M) 454.135ms
[43.335s][info][gc,metaspace] GC(48) Metaspace: 43158K(46912K)->43158K(46912K) NonClass: 33197K(34880K)->33197K(34880K) Class: 9960K(12032K)->9960K(12032K)
[43.335s][info][gc          ] GC(48) Pause Full (System.gc()) 782M->782M(6144M) 423.119ms
[43.776s][info][gc,metaspace] GC(49) Metaspace: 43158K(46912K)->43158K(46912K) NonClass: 33197K(34880K)->33197K(34880K) Class: 9960K(12032K)->9960K(12032K)
[43.776s][info][gc          ] GC(49) Pause Full (System.gc()) 782M->782M(6144M) 441.016ms
[44.223s][info][gc,metaspace] GC(50) Metaspace: 43158K(46912K)->43158K(46912K) NonClass: 33197K(34880K)->33197K(34880K) Class: 9960K(12032K)->9960K(12032K)
[44.223s][info][gc          ] GC(50) Pause Full (System.gc()) 782M->782M(6144M) 446.020ms
[44.666s][info][gc,metaspace] GC(51) Metaspace: 43158K(46912K)->43158K(46912K) NonClass: 33197K(34880K)->33197K(34880K) Class: 9960K(12032K)->9960K(12032K)
[44.666s][info][gc          ] GC(51) Pause Full (System.gc()) 782M->782M(6144M) 443.413ms
[45.164s][info][gc,metaspace] GC(52) Metaspace: 43158K(46912K)->43158K(46912K) NonClass: 33197K(34880K)->33197K(34880K) Class: 9960K(12032K)->9960K(12032K)
[45.164s][info][gc          ] GC(52) Pause Full (System.gc()) 782M->782M(6144M) 497.682ms
[45.603s][info][gc,metaspace] GC(53) Metaspace: 43158K(46912K)->43158K(46912K) NonClass: 33197K(34880K)->33197K(34880K) Class: 9960K(12032K)->9960K(12032K)
[45.603s][info][gc          ] GC(53) Pause Full (System.gc()) 782M->782M(6144M) 438.659ms
[46.089s][info][gc,metaspace] GC(54) Metaspace: 43158K(46912K)->43158K(46912K) NonClass: 33197K(34880K)->33197K(34880K) Class: 9960K(12032K)->9960K(12032K)
[46.089s][info][gc          ] GC(54) Pause Full (System.gc()) 782M->782M(6144M) 482.293ms
[46.534s][info][gc,metaspace] GC(55) Metaspace: 43158K(46912K)->43158K(46912K) NonClass: 33197K(34880K)->33197K(34880K) Class: 9960K(12032K)->9960K(12032K)
[46.534s][info][gc          ] GC(55) Pause Full (System.gc()) 782M->782M(6144M) 444.112ms
[46.987s][info][gc,metaspace] GC(56) Metaspace: 43158K(46912K)->43158K(46912K) NonClass: 33197K(34880K)->33197K(34880K) Class: 9960K(12032K)->9960K(12032K)
[46.987s][info][gc          ] GC(56) Pause Full (System.gc()) 782M->782M(6144M) 453.313ms
[47.418s][info][gc,metaspace] GC(57) Metaspace: 43158K(46912K)->43158K(46912K) NonClass: 33197K(34880K)->33197K(34880K) Class: 9960K(12032K)->9960K(12032K)
[47.418s][info][gc          ] GC(57) Pause Full (System.gc()) 782M->782M(6144M) 430.980ms
[47.880s][info][gc,metaspace] GC(58) Metaspace: 43158K(46912K)->43158K(46912K) NonClass: 33197K(34880K)->33197K(34880K) Class: 9960K(12032K)->9960K(12032K)
[47.880s][info][gc          ] GC(58) Pause Full (System.gc()) 782M->782M(6144M) 461.783ms
[48.335s][info][gc,metaspace] GC(59) Metaspace: 43158K(46912K)->43158K(46912K) NonClass: 33197K(34880K)->33197K(34880K) Class: 9960K(12032K)->9960K(12032K)
[48.335s][info][gc          ] GC(59) Pause Full (System.gc()) 782M->782M(6144M) 454.770ms
[48.784s][info][gc,metaspace] GC(60) Metaspace: 43158K(46912K)->43158K(46912K) NonClass: 33197K(34880K)->33197K(34880K) Class: 9960K(12032K)->9960K(12032K)
[48.785s][info][gc          ] GC(60) Pause Full (System.gc()) 782M->782M(6144M) 449.517ms
[49.233s][info][gc,metaspace] GC(61) Metaspace: 43158K(46912K)->43158K(46912K) NonClass: 33197K(34880K)->33197K(34880K) Class: 9960K(12032K)->9960K(12032K)
[49.233s][info][gc          ] GC(61) Pause Full (System.gc()) 782M->782M(6144M) 448.736ms
[49.677s][info][gc,metaspace] GC(62) Metaspace: 43158K(46912K)->43158K(46912K) NonClass: 33197K(34880K)->33197K(34880K) Class: 9960K(12032K)->9960K(12032K)
[49.677s][info][gc          ] GC(62) Pause Full (System.gc()) 782M->782M(6144M) 443.265ms
[50.160s][info][gc,metaspace] GC(63) Metaspace: 43158K(46912K)->43158K(46912K) NonClass: 33197K(34880K)->33197K(34880K) Class: 9960K(12032K)->9960K(12032K)
[50.160s][info][gc          ] GC(63) Pause Full (System.gc()) 782M->782M(6144M) 482.996ms
[50.599s][info][gc,metaspace] GC(64) Metaspace: 43158K(46912K)->43158K(46912K) NonClass: 33197K(34880K)->33197K(34880K) Class: 9960K(12032K)->9960K(12032K)
[50.599s][info][gc          ] GC(64) Pause Full (System.gc()) 782M->782M(6144M) 439.276ms
[51.073s][info][gc,metaspace] GC(65) Metaspace: 43158K(46912K)->43158K(46912K) NonClass: 33197K(34880K)->33197K(34880K) Class: 9960K(12032K)->9960K(12032K)
[51.073s][info][gc          ] GC(65) Pause Full (System.gc()) 782M->782M(6144M) 473.802ms
[51.516s][info][gc,metaspace] GC(66) Metaspace: 43158K(46912K)->43158K(46912K) NonClass: 33197K(34880K)->33197K(34880K) Class: 9960K(12032K)->9960K(12032K)
[51.516s][info][gc          ] GC(66) Pause Full (System.gc()) 782M->782M(6144M) 442.403ms
[52.002s][info][gc,metaspace] GC(67) Metaspace: 43158K(46912K)->43158K(46912K) NonClass: 33197K(34880K)->33197K(34880K) Class: 9960K(12032K)->9960K(12032K)
[52.002s][info][gc          ] GC(67) Pause Full (System.gc()) 782M->782M(6144M) 486.275ms
[52.375s][info][gc,metaspace] GC(68) Metaspace: 43158K(46912K)->43158K(46912K) NonClass: 33197K(34880K)->33197K(34880K) Class: 9960K(12032K)->9960K(12032K)
[52.375s][info][gc          ] GC(68) Pause Full (System.gc()) 782M->782M(6144M) 372.902ms
[52.758s][info][gc,metaspace] GC(69) Metaspace: 43158K(46912K)->43158K(46912K) NonClass: 33197K(34880K)->33197K(34880K) Class: 9960K(12032K)->9960K(12032K)
[52.758s][info][gc          ] GC(69) Pause Full (System.gc()) 782M->782M(6144M) 383.044ms
[53.165s][info][gc,metaspace] GC(70) Metaspace: 43158K(46912K)->43158K(46912K) NonClass: 33197K(34880K)->33197K(34880K) Class: 9960K(12032K)->9960K(12032K)
[53.165s][info][gc          ] GC(70) Pause Full (System.gc()) 782M->782M(6144M) 406.869ms
[53.549s][info][gc,metaspace] GC(71) Metaspace: 43158K(46912K)->43158K(46912K) NonClass: 33197K(34880K)->33197K(34880K) Class: 9960K(12032K)->9960K(12032K)
[53.549s][info][gc          ] GC(71) Pause Full (System.gc()) 782M->782M(6144M) 383.806ms
[53.972s][info][gc,metaspace] GC(72) Metaspace: 43158K(46912K)->43158K(46912K) NonClass: 33197K(34880K)->33197K(34880K) Class: 9960K(12032K)->9960K(12032K)
[53.972s][info][gc          ] GC(72) Pause Full (System.gc()) 782M->782M(6144M) 422.518ms
[54.347s][info][gc,metaspace] GC(73) Metaspace: 43158K(46912K)->43158K(46912K) NonClass: 33197K(34880K)->33197K(34880K) Class: 9960K(12032K)->9960K(12032K)
[54.347s][info][gc          ] GC(73) Pause Full (System.gc()) 782M->782M(6144M) 373.150ms
[54.727s][info][gc,metaspace] GC(74) Metaspace: 43158K(46912K)->43158K(46912K) NonClass: 33197K(34880K)->33197K(34880K) Class: 9960K(12032K)->9960K(12032K)
[54.727s][info][gc          ] GC(74) Pause Full (System.gc()) 782M->782M(6144M) 379.770ms
[55.136s][info][gc,metaspace] GC(75) Metaspace: 43158K(46912K)->43158K(46912K) NonClass: 33197K(34880K)->33197K(34880K) Class: 9960K(12032K)->9960K(12032K)
[55.136s][info][gc          ] GC(75) Pause Full (System.gc()) 782M->782M(6144M) 409.078ms
[55.530s][info][gc,metaspace] GC(76) Metaspace: 43158K(46912K)->43158K(46912K) NonClass: 33197K(34880K)->33197K(34880K) Class: 9960K(12032K)->9960K(12032K)
[55.530s][info][gc          ] GC(76) Pause Full (System.gc()) 782M->782M(6144M) 393.529ms
[55.909s][info][gc,metaspace] GC(77) Metaspace: 43158K(46912K)->43158K(46912K) NonClass: 33197K(34880K)->33197K(34880K) Class: 9960K(12032K)->9960K(12032K)
[55.909s][info][gc          ] GC(77) Pause Full (System.gc()) 782M->782M(6144M) 379.040ms
[56.322s][info][gc,metaspace] GC(78) Metaspace: 43158K(46912K)->43158K(46912K) NonClass: 33197K(34880K)->33197K(34880K) Class: 9960K(12032K)->9960K(12032K)
[56.326s][info][gc          ] GC(78) Pause Full (System.gc()) 782M->782M(6144M) 416.926ms
[56.766s][info][gc,metaspace] GC(79) Metaspace: 43158K(46912K)->43158K(46912K) NonClass: 33197K(34880K)->33197K(34880K) Class: 9960K(12032K)->9960K(12032K)
[56.767s][info][gc          ] GC(79) Pause Full (System.gc()) 782M->782M(6144M) 440.433ms
[57.171s][info][gc,metaspace] GC(80) Metaspace: 43158K(46912K)->43158K(46912K) NonClass: 33197K(34880K)->33197K(34880K) Class: 9960K(12032K)->9960K(12032K)
[57.171s][info][gc          ] GC(80) Pause Full (System.gc()) 782M->782M(6144M) 404.571ms
[57.561s][info][gc,metaspace] GC(81) Metaspace: 43158K(46912K)->43158K(46912K) NonClass: 33197K(34880K)->33197K(34880K) Class: 9960K(12032K)->9960K(12032K)
[57.561s][info][gc          ] GC(81) Pause Full (System.gc()) 782M->782M(6144M) 389.289ms
[57.970s][info][gc,metaspace] GC(82) Metaspace: 43158K(46912K)->43158K(46912K) NonClass: 33197K(34880K)->33197K(34880K) Class: 9960K(12032K)->9960K(12032K)
[57.970s][info][gc          ] GC(82) Pause Full (System.gc()) 782M->782M(6144M) 409.720ms
[58.352s][info][gc,metaspace] GC(83) Metaspace: 43158K(46912K)->43158K(46912K) NonClass: 33197K(34880K)->33197K(34880K) Class: 9960K(12032K)->9960K(12032K)
[58.352s][info][gc          ] GC(83) Pause Full (System.gc()) 782M->782M(6144M) 381.590ms
[58.732s][info][gc,metaspace] GC(84) Metaspace: 43158K(46912K)->43158K(46912K) NonClass: 33197K(34880K)->33197K(34880K) Class: 9960K(12032K)->9960K(12032K)
[58.732s][info][gc          ] GC(84) Pause Full (System.gc()) 782M->782M(6144M) 379.694ms
[59.140s][info][gc,metaspace] GC(85) Metaspace: 43158K(46912K)->43158K(46912K) NonClass: 33197K(34880K)->33197K(34880K) Class: 9960K(12032K)->9960K(12032K)
[59.140s][info][gc          ] GC(85) Pause Full (System.gc()) 782M->782M(6144M) 408.124ms
[59.518s][info][gc,metaspace] GC(86) Metaspace: 43158K(46912K)->43158K(46912K) NonClass: 33197K(34880K)->33197K(34880K) Class: 9960K(12032K)->9960K(12032K)
[59.518s][info][gc          ] GC(86) Pause Full (System.gc()) 782M->782M(6144M) 377.296ms
[59.902s][info][gc,metaspace] GC(87) Metaspace: 43158K(46912K)->43158K(46912K) NonClass: 33197K(34880K)->33197K(34880K) Class: 9960K(12032K)->9960K(12032K)
[59.902s][info][gc          ] GC(87) Pause Full (System.gc()) 782M->782M(6144M) 384.692ms
[60.305s][info][gc,metaspace] GC(88) Metaspace: 43158K(46912K)->43158K(46912K) NonClass: 33197K(34880K)->33197K(34880K) Class: 9960K(12032K)->9960K(12032K)
[60.305s][info][gc          ] GC(88) Pause Full (System.gc()) 782M->782M(6144M) 403.064ms
[60.698s][info][gc,metaspace] GC(89) Metaspace: 43158K(46912K)->43158K(46912K) NonClass: 33197K(34880K)->33197K(34880K) Class: 9960K(12032K)->9960K(12032K)
[60.698s][info][gc          ] GC(89) Pause Full (System.gc()) 782M->782M(6144M) 392.696ms
[61.120s][info][gc,metaspace] GC(90) Metaspace: 43158K(46912K)->43158K(46912K) NonClass: 33197K(34880K)->33197K(34880K) Class: 9960K(12032K)->9960K(12032K)
[61.120s][info][gc          ] GC(90) Pause Full (System.gc()) 782M->782M(6144M) 421.474ms
[61.495s][info][gc,metaspace] GC(91) Metaspace: 43158K(46912K)->43158K(46912K) NonClass: 33197K(34880K)->33197K(34880K) Class: 9960K(12032K)->9960K(12032K)
[61.495s][info][gc          ] GC(91) Pause Full (System.gc()) 782M->782M(6144M) 375.017ms
[61.936s][info][gc,metaspace] GC(92) Metaspace: 43158K(46912K)->43158K(46912K) NonClass: 33197K(34880K)->33197K(34880K) Class: 9960K(12032K)->9960K(12032K)
[61.936s][info][gc          ] GC(92) Pause Full (System.gc()) 782M->782M(6144M) 436.560ms
[62.341s][info][gc,metaspace] GC(93) Metaspace: 43158K(46912K)->43158K(46912K) NonClass: 33197K(34880K)->33197K(34880K) Class: 9960K(12032K)->9960K(12032K)
[62.341s][info][gc          ] GC(93) Pause Full (System.gc()) 782M->782M(6144M) 404.598ms
[62.732s][info][gc,metaspace] GC(94) Metaspace: 43158K(46912K)->43158K(46912K) NonClass: 33197K(34880K)->33197K(34880K) Class: 9960K(12032K)->9960K(12032K)
[62.732s][info][gc          ] GC(94) Pause Full (System.gc()) 782M->782M(6144M) 391.065ms
[63.139s][info][gc,metaspace] GC(95) Metaspace: 43158K(46912K)->43158K(46912K) NonClass: 33197K(34880K)->33197K(34880K) Class: 9960K(12032K)->9960K(12032K)
[63.139s][info][gc          ] GC(95) Pause Full (System.gc()) 782M->782M(6144M) 406.939ms
[63.518s][info][gc,metaspace] GC(96) Metaspace: 43158K(46912K)->43158K(46912K) NonClass: 33197K(34880K)->33197K(34880K) Class: 9960K(12032K)->9960K(12032K)
[63.518s][info][gc          ] GC(96) Pause Full (System.gc()) 782M->782M(6144M) 378.855ms
[63.925s][info][gc,metaspace] GC(97) Metaspace: 43158K(46912K)->43158K(46912K) NonClass: 33197K(34880K)->33197K(34880K) Class: 9960K(12032K)->9960K(12032K)
[63.925s][info][gc          ] GC(97) Pause Full (System.gc()) 784M->782M(6144M) 407.561ms
[64.331s][info][gc,metaspace] GC(98) Metaspace: 43158K(46912K)->43158K(46912K) NonClass: 33197K(34880K)->33197K(34880K) Class: 9960K(12032K)->9960K(12032K)
[64.331s][info][gc          ] GC(98) Pause Full (System.gc()) 782M->782M(6144M) 405.467ms
[64.708s][info][gc,metaspace] GC(99) Metaspace: 43158K(46912K)->43158K(46912K) NonClass: 33197K(34880K)->33197K(34880K) Class: 9960K(12032K)->9960K(12032K)
[64.708s][info][gc          ] GC(99) Pause Full (System.gc()) 782M->782M(6144M) 376.750ms
[65.129s][info][gc,metaspace] GC(100) Metaspace: 43158K(46912K)->43158K(46912K) NonClass: 33197K(34880K)->33197K(34880K) Class: 9960K(12032K)->9960K(12032K)
[65.129s][info][gc          ] GC(100) Pause Full (System.gc()) 782M->782M(6144M) 421.493ms
[65.513s][info][gc,metaspace] GC(101) Metaspace: 43158K(46912K)->43158K(46912K) NonClass: 33197K(34880K)->33197K(34880K) Class: 9960K(12032K)->9960K(12032K)
[65.513s][info][gc          ] GC(101) Pause Full (System.gc()) 782M->782M(6144M) 383.260ms
[65.898s][info][gc,metaspace] GC(102) Metaspace: 43158K(46912K)->43158K(46912K) NonClass: 33197K(34880K)->33197K(34880K) Class: 9960K(12032K)->9960K(12032K)
[65.898s][info][gc          ] GC(102) Pause Full (System.gc()) 782M->782M(6144M) 384.814ms
[66.297s][info][gc,metaspace] GC(103) Metaspace: 43158K(46912K)->43158K(46912K) NonClass: 33197K(34880K)->33197K(34880K) Class: 9960K(12032K)->9960K(12032K)
[66.297s][info][gc          ] GC(103) Pause Full (System.gc()) 782M->782M(6144M) 399.409ms
[66.677s][info][gc,metaspace] GC(104) Metaspace: 43158K(46912K)->43158K(46912K) NonClass: 33197K(34880K)->33197K(34880K) Class: 9960K(12032K)->9960K(12032K)
[66.677s][info][gc          ] GC(104) Pause Full (System.gc()) 782M->782M(6144M) 380.048ms
[67.144s][info][gc,metaspace] GC(105) Metaspace: 43158K(46912K)->43158K(46912K) NonClass: 33197K(34880K)->33197K(34880K) Class: 9960K(12032K)->9960K(12032K)
[67.144s][info][gc          ] GC(105) Pause Full (System.gc()) 782M->782M(6144M) 462.646ms
[67.523s][info][gc,metaspace] GC(106) Metaspace: 43158K(46912K)->43158K(46912K) NonClass: 33197K(34880K)->33197K(34880K) Class: 9960K(12032K)->9960K(12032K)
[67.523s][info][gc          ] GC(106) Pause Full (System.gc()) 782M->782M(6144M) 379.027ms
[67.904s][info][gc,metaspace] GC(107) Metaspace: 43158K(46912K)->43158K(46912K) NonClass: 33197K(34880K)->33197K(34880K) Class: 9960K(12032K)->9960K(12032K)
[67.904s][info][gc          ] GC(107) Pause Full (System.gc()) 782M->782M(6144M) 380.732ms
[68.310s][info][gc,metaspace] GC(108) Metaspace: 43158K(46912K)->43158K(46912K) NonClass: 33197K(34880K)->33197K(34880K) Class: 9960K(12032K)->9960K(12032K)
[68.310s][info][gc          ] GC(108) Pause Full (System.gc()) 782M->782M(6144M) 405.707ms
[68.692s][info][gc,metaspace] GC(109) Metaspace: 43158K(46912K)->43158K(46912K) NonClass: 33197K(34880K)->33197K(34880K) Class: 9960K(12032K)->9960K(12032K)
[68.692s][info][gc          ] GC(109) Pause Full (System.gc()) 782M->782M(6144M) 381.813ms
[69.117s][info][gc,metaspace] GC(110) Metaspace: 43158K(46912K)->43158K(46912K) NonClass: 33197K(34880K)->33197K(34880K) Class: 9960K(12032K)->9960K(12032K)
[69.117s][info][gc          ] GC(110) Pause Full (System.gc()) 782M->782M(6144M) 424.816ms
[69.509s][info][gc,metaspace] GC(111) Metaspace: 43158K(46912K)->43158K(46912K) NonClass: 33197K(34880K)->33197K(34880K) Class: 9960K(12032K)->9960K(12032K)
[69.509s][info][gc          ] GC(111) Pause Full (System.gc()) 782M->782M(6144M) 391.759ms
[69.885s][info][gc,metaspace] GC(112) Metaspace: 43158K(46912K)->43158K(46912K) NonClass: 33197K(34880K)->33197K(34880K) Class: 9960K(12032K)->9960K(12032K)
[69.885s][info][gc          ] GC(112) Pause Full (System.gc()) 782M->782M(6144M) 376.033ms
[70.284s][info][gc,metaspace] GC(113) Metaspace: 43158K(46912K)->43158K(46912K) NonClass: 33197K(34880K)->33197K(34880K) Class: 9960K(12032K)->9960K(12032K)
[70.284s][info][gc          ] GC(113) Pause Full (System.gc()) 782M->782M(6144M) 399.236ms
[70.669s][info][gc,metaspace] GC(114) Metaspace: 43158K(46912K)->43158K(46912K) NonClass: 33197K(34880K)->33197K(34880K) Class: 9960K(12032K)->9960K(12032K)
[70.669s][info][gc          ] GC(114) Pause Full (System.gc()) 782M->782M(6144M) 384.739ms
[71.091s][info][gc,metaspace] GC(115) Metaspace: 43158K(46912K)->43158K(46912K) NonClass: 33197K(34880K)->33197K(34880K) Class: 9960K(12032K)->9960K(12032K)
[71.091s][info][gc          ] GC(115) Pause Full (System.gc()) 782M->782M(6144M) 422.363ms
[71.484s][info][gc,metaspace] GC(116) Metaspace: 43158K(46912K)->43158K(46912K) NonClass: 33197K(34880K)->33197K(34880K) Class: 9960K(12032K)->9960K(12032K)
[71.484s][info][gc          ] GC(116) Pause Full (System.gc()) 782M->782M(6144M) 392.354ms
[71.861s][info][gc,metaspace] GC(117) Metaspace: 43158K(46912K)->43158K(46912K) NonClass: 33197K(34880K)->33197K(34880K) Class: 9960K(12032K)->9960K(12032K)
[71.861s][info][gc          ] GC(117) Pause Full (System.gc()) 782M->782M(6144M) 376.792ms
[72.301s][info][gc,metaspace] GC(118) Metaspace: 43158K(46912K)->43158K(46912K) NonClass: 33197K(34880K)->33197K(34880K) Class: 9960K(12032K)->9960K(12032K)
[72.301s][info][gc          ] GC(118) Pause Full (System.gc()) 782M->782M(6144M) 435.802ms
[72.682s][info][gc,metaspace] GC(119) Metaspace: 43158K(46912K)->43158K(46912K) NonClass: 33197K(34880K)->33197K(34880K) Class: 9960K(12032K)->9960K(12032K)
[72.682s][info][gc          ] GC(119) Pause Full (System.gc()) 782M->782M(6144M) 380.829ms
After GCs... 
