[0.001s][warning][pagesize] UseLargePages disabled, no large pages configured and available on the system.
[0.001s][info   ][metaspace]  - commit_granule_bytes: 65536.
[0.001s][info   ][metaspace]  - commit_granule_words: 8192.
[0.001s][info   ][metaspace]  - virtual_space_node_default_size: 8388608.
[0.001s][info   ][metaspace]  - enlarge_chunks_in_place: 1.
[0.001s][info   ][metaspace]  - use_allocation_guard: 0.
[0.005s][info   ][gc       ] Using Serial
[2.328s][info   ][metaspace] Reserving compressed class space anywhere
[2.328s][info   ][gc,metaspace] CDS archive(s) not mapped
[2.328s][info   ][gc,metaspace] Compressed class space mapped at: 0x000000000e000000-0x00000000ce000000, reserved size: 3221225472
[2.328s][info   ][gc,metaspace] UseCompressedClassPointers 1, UseCompactObjectHeaders 1, narrow klass pointer bits 22, max shift 10
[2.328s][info   ][gc,metaspace] Narrow klass base: 0x000000000e000000, Narrow klass shift: 10, Narrow klass range: 0xc0000000
Random Seed: 12345678
Num Classes: 4096
Num Objects: 67108864
Percent IK Objects: 83.0%)
Percent OAK Objects: 5.0%)
Percent TAK Objects: 12.0%)
Cycles: 50
Loading 4096 pre-generated classes ...
Materialize pre-generated constructors ...
Creating objects...
[2.763s][info   ][gc,metaspace] GC(0) Metaspace: 17699K(18048K)->17699K(18048K) NonClass: 11822K(12032K)->11822K(12032K) Class: 5876K(6016K)->5876K(6016K)
[2.763s][info   ][gc          ] GC(0) Pause Full (System.gc()) 131M->4M(5939M) 17.922ms
[6.532s][info   ][gc,metaspace] GC(1) Metaspace: 31184K(34880K)->31184K(34880K) NonClass: 23158K(24768K)->23158K(24768K) Class: 8026K(10112K)->8026K(10112K)
[6.532s][info   ][gc          ] GC(1) Pause Young (Allocation Failure) 1643M->356M(5939M) 471.586ms
[10.466s][info   ][gc,metaspace] GC(2) Metaspace: 31186K(34880K)->31186K(34880K) NonClass: 23160K(24768K)->23160K(24768K) Class: 8026K(10112K)->8026K(10112K)
[10.466s][info   ][gc          ] GC(2) Pause Young (Allocation Failure) 1995M->493M(5939M) 929.551ms
[14.720s][info   ][gc,metaspace] GC(3) Metaspace: 31186K(34880K)->31186K(34880K) NonClass: 23160K(24768K)->23160K(24768K) Class: 8026K(10112K)->8026K(10112K)
[14.720s][info   ][gc          ] GC(3) Pause Young (Allocation Failure) 2132M->627M(5939M) 1262.746ms
[18.770s][info   ][gc,metaspace] GC(4) Metaspace: 31186K(34880K)->31186K(34880K) NonClass: 23160K(24768K)->23160K(24768K) Class: 8026K(10112K)->8026K(10112K)
[18.770s][info   ][gc          ] GC(4) Pause Young (Allocation Failure) 2265M->761M(5939M) 1057.417ms
[22.535s][info   ][gc,metaspace] GC(5) Metaspace: 31186K(34880K)->31186K(34880K) NonClass: 23160K(24768K)->23160K(24768K) Class: 8026K(10112K)->8026K(10112K)
[22.536s][info   ][gc          ] GC(5) Pause Young (Allocation Failure) 2399M->895M(5939M) 1069.685ms
[25.376s][info   ][gc,metaspace] GC(6) Metaspace: 31186K(34880K)->31186K(34880K) NonClass: 23160K(24768K)->23160K(24768K) Class: 8026K(10112K)->8026K(10112K)
[25.376s][info   ][gc          ] GC(6) Pause Young (Allocation Failure) 2533M->1028M(5939M) 1045.019ms
[27.890s][info   ][gc,metaspace] GC(7) Metaspace: 31186K(34880K)->31186K(34880K) NonClass: 23160K(24768K)->23160K(24768K) Class: 8026K(10112K)->8026K(10112K)
[27.890s][info   ][gc          ] GC(7) Pause Young (Allocation Failure) 2667M->1162M(5939M) 1028.795ms
[29.924s][info   ][gc,metaspace] GC(8) Metaspace: 31186K(34880K)->31186K(34880K) NonClass: 23160K(24768K)->23160K(24768K) Class: 8026K(10112K)->8026K(10112K)
[29.924s][info   ][gc          ] GC(8) Pause Young (Allocation Failure) 2801M->1296M(5939M) 604.828ms
[32.393s][info   ][gc,metaspace] GC(9) Metaspace: 31186K(34880K)->31186K(34880K) NonClass: 23160K(24768K)->23160K(24768K) Class: 8026K(10112K)->8026K(10112K)
[32.393s][info   ][gc          ] GC(9) Pause Young (Allocation Failure) 2935M->1430M(5939M) 1038.771ms
[34.478s][info   ][gc,metaspace] GC(10) Metaspace: 31186K(34880K)->31186K(34880K) NonClass: 23160K(24768K)->23160K(24768K) Class: 8026K(10112K)->8026K(10112K)
[34.478s][info   ][gc          ] GC(10) Pause Young (Allocation Failure) 3069M->1564M(5939M) 604.121ms
67108864 Objects created
 - IK: 55699211 (82.99829%)
 - OAK: 3355627 (5.0002737%)
 - TAK: 8054026 (12.001434%)
Preparatory GC...
[39.475s][info   ][gc,metaspace] GC(11) Metaspace: 31187K(34880K)->31187K(34880K) NonClass: 23160K(24768K)->23160K(24768K) Class: 8026K(10112K)->8026K(10112K)
[39.475s][info   ][gc          ] GC(11) Pause Full (System.gc()) 1924M->1593M(5939M) 4683.309ms
[43.976s][info   ][gc,metaspace] GC(12) Metaspace: 31187K(34880K)->31187K(34880K) NonClass: 23160K(24768K)->23160K(24768K) Class: 8026K(10112K)->8026K(10112K)
[43.977s][info   ][gc          ] GC(12) Pause Full (System.gc()) 1593M->1593M(5939M) 4501.484ms
Done; will start GCs... 
[49.960s][info   ][gc,metaspace] GC(13) Metaspace: 31187K(34880K)->31187K(34880K) NonClass: 23160K(24768K)->23160K(24768K) Class: 8026K(10112K)->8026K(10112K)
[49.960s][info   ][gc          ] GC(13) Pause Full (System.gc()) 1626M->1593M(5939M) 5982.906ms
[54.405s][info   ][gc,metaspace] GC(14) Metaspace: 31187K(34880K)->31187K(34880K) NonClass: 23160K(24768K)->23160K(24768K) Class: 8026K(10112K)->8026K(10112K)
[54.405s][info   ][gc          ] GC(14) Pause Full (System.gc()) 1593M->1593M(5939M) 4445.404ms
[58.902s][info   ][gc,metaspace] GC(15) Metaspace: 31187K(34880K)->31187K(34880K) NonClass: 23160K(24768K)->23160K(24768K) Class: 8026K(10112K)->8026K(10112K)
[58.902s][info   ][gc          ] GC(15) Pause Full (System.gc()) 1593M->1593M(5939M) 4496.717ms
[63.349s][info   ][gc,metaspace] GC(16) Metaspace: 31187K(34880K)->31187K(34880K) NonClass: 23160K(24768K)->23160K(24768K) Class: 8026K(10112K)->8026K(10112K)
[63.349s][info   ][gc          ] GC(16) Pause Full (System.gc()) 1593M->1593M(5939M) 4447.132ms
[67.843s][info   ][gc,metaspace] GC(17) Metaspace: 31187K(34880K)->31187K(34880K) NonClass: 23160K(24768K)->23160K(24768K) Class: 8026K(10112K)->8026K(10112K)
[67.843s][info   ][gc          ] GC(17) Pause Full (System.gc()) 1593M->1593M(5939M) 4493.333ms
[72.282s][info   ][gc,metaspace] GC(18) Metaspace: 31187K(34880K)->31187K(34880K) NonClass: 23160K(24768K)->23160K(24768K) Class: 8026K(10112K)->8026K(10112K)
[72.282s][info   ][gc          ] GC(18) Pause Full (System.gc()) 1609M->1593M(5939M) 4438.811ms
[76.776s][info   ][gc,metaspace] GC(19) Metaspace: 31187K(34880K)->31187K(34880K) NonClass: 23160K(24768K)->23160K(24768K) Class: 8026K(10112K)->8026K(10112K)
[76.776s][info   ][gc          ] GC(19) Pause Full (System.gc()) 1593M->1593M(5939M) 4493.779ms
[81.220s][info   ][gc,metaspace] GC(20) Metaspace: 31187K(34880K)->31187K(34880K) NonClass: 23160K(24768K)->23160K(24768K) Class: 8026K(10112K)->8026K(10112K)
[81.220s][info   ][gc          ] GC(20) Pause Full (System.gc()) 1593M->1593M(5939M) 4443.463ms
[87.159s][info   ][gc,metaspace] GC(21) Metaspace: 31187K(34880K)->31187K(34880K) NonClass: 23160K(24768K)->23160K(24768K) Class: 8026K(10112K)->8026K(10112K)
[87.159s][info   ][gc          ] GC(21) Pause Full (System.gc()) 1593M->1593M(5939M) 5939.156ms
[91.658s][info   ][gc,metaspace] GC(22) Metaspace: 31187K(34880K)->31187K(34880K) NonClass: 23160K(24768K)->23160K(24768K) Class: 8026K(10112K)->8026K(10112K)
[91.658s][info   ][gc          ] GC(22) Pause Full (System.gc()) 1593M->1593M(5939M) 4498.632ms
[96.338s][info   ][gc,metaspace] GC(23) Metaspace: 31187K(34880K)->31187K(34880K) NonClass: 23160K(24768K)->23160K(24768K) Class: 8026K(10112K)->8026K(10112K)
[96.338s][info   ][gc          ] GC(23) Pause Full (System.gc()) 1593M->1593M(5939M) 4679.908ms
[100.831s][info   ][gc,metaspace] GC(24) Metaspace: 31187K(34880K)->31187K(34880K) NonClass: 23160K(24768K)->23160K(24768K) Class: 8026K(10112K)->8026K(10112K)
[100.831s][info   ][gc          ] GC(24) Pause Full (System.gc()) 1593M->1593M(5939M) 4493.238ms
[105.282s][info   ][gc,metaspace] GC(25) Metaspace: 31187K(34880K)->31187K(34880K) NonClass: 23160K(24768K)->23160K(24768K) Class: 8026K(10112K)->8026K(10112K)
[105.282s][info   ][gc          ] GC(25) Pause Full (System.gc()) 1593M->1593M(5939M) 4450.435ms
[109.778s][info   ][gc,metaspace] GC(26) Metaspace: 31187K(34880K)->31187K(34880K) NonClass: 23160K(24768K)->23160K(24768K) Class: 8026K(10112K)->8026K(10112K)
[109.778s][info   ][gc          ] GC(26) Pause Full (System.gc()) 1593M->1593M(5939M) 4496.529ms
[114.219s][info   ][gc,metaspace] GC(27) Metaspace: 31187K(34880K)->31187K(34880K) NonClass: 23160K(24768K)->23160K(24768K) Class: 8026K(10112K)->8026K(10112K)
[114.219s][info   ][gc          ] GC(27) Pause Full (System.gc()) 1593M->1593M(5939M) 4440.695ms
[118.716s][info   ][gc,metaspace] GC(28) Metaspace: 31187K(34880K)->31187K(34880K) NonClass: 23160K(24768K)->23160K(24768K) Class: 8026K(10112K)->8026K(10112K)
[118.716s][info   ][gc          ] GC(28) Pause Full (System.gc()) 1593M->1593M(5939M) 4496.336ms
[123.156s][info   ][gc,metaspace] GC(29) Metaspace: 31187K(34880K)->31187K(34880K) NonClass: 23160K(24768K)->23160K(24768K) Class: 8026K(10112K)->8026K(10112K)
[123.156s][info   ][gc          ] GC(29) Pause Full (System.gc()) 1593M->1593M(5939M) 4440.390ms
[127.654s][info   ][gc,metaspace] GC(30) Metaspace: 31187K(34880K)->31187K(34880K) NonClass: 23160K(24768K)->23160K(24768K) Class: 8026K(10112K)->8026K(10112K)
[127.654s][info   ][gc          ] GC(30) Pause Full (System.gc()) 1593M->1593M(5939M) 4497.956ms
[132.334s][info   ][gc,metaspace] GC(31) Metaspace: 31187K(34880K)->31187K(34880K) NonClass: 23160K(24768K)->23160K(24768K) Class: 8026K(10112K)->8026K(10112K)
[132.334s][info   ][gc          ] GC(31) Pause Full (System.gc()) 1593M->1593M(5939M) 4679.373ms
[136.832s][info   ][gc,metaspace] GC(32) Metaspace: 31187K(34880K)->31187K(34880K) NonClass: 23160K(24768K)->23160K(24768K) Class: 8026K(10112K)->8026K(10112K)
[136.833s][info   ][gc          ] GC(32) Pause Full (System.gc()) 1609M->1593M(5939M) 4498.359ms
[141.280s][info   ][gc,metaspace] GC(33) Metaspace: 31187K(34880K)->31187K(34880K) NonClass: 23160K(24768K)->23160K(24768K) Class: 8026K(10112K)->8026K(10112K)
[141.280s][info   ][gc          ] GC(33) Pause Full (System.gc()) 1593M->1593M(5939M) 4447.346ms
[145.774s][info   ][gc,metaspace] GC(34) Metaspace: 31187K(34880K)->31187K(34880K) NonClass: 23160K(24768K)->23160K(24768K) Class: 8026K(10112K)->8026K(10112K)
[145.774s][info   ][gc          ] GC(34) Pause Full (System.gc()) 1593M->1593M(5939M) 4493.458ms
[150.218s][info   ][gc,metaspace] GC(35) Metaspace: 31187K(34880K)->31187K(34880K) NonClass: 23160K(24768K)->23160K(24768K) Class: 8026K(10112K)->8026K(10112K)
[150.218s][info   ][gc          ] GC(35) Pause Full (System.gc()) 1593M->1593M(5939M) 4443.814ms
[154.713s][info   ][gc,metaspace] GC(36) Metaspace: 31187K(34880K)->31187K(34880K) NonClass: 23160K(24768K)->23160K(24768K) Class: 8026K(10112K)->8026K(10112K)
[154.713s][info   ][gc          ] GC(36) Pause Full (System.gc()) 1593M->1593M(5939M) 4495.527ms
[159.379s][info   ][gc,metaspace] GC(37) Metaspace: 31187K(34880K)->31187K(34880K) NonClass: 23160K(24768K)->23160K(24768K) Class: 8026K(10112K)->8026K(10112K)
[159.379s][info   ][gc          ] GC(37) Pause Full (System.gc()) 1593M->1593M(5939M) 4666.001ms
[163.874s][info   ][gc,metaspace] GC(38) Metaspace: 31187K(34880K)->31187K(34880K) NonClass: 23160K(24768K)->23160K(24768K) Class: 8026K(10112K)->8026K(10112K)
[163.874s][info   ][gc          ] GC(38) Pause Full (System.gc()) 1593M->1593M(5939M) 4494.853ms
[168.320s][info   ][gc,metaspace] GC(39) Metaspace: 31187K(34880K)->31187K(34880K) NonClass: 23160K(24768K)->23160K(24768K) Class: 8026K(10112K)->8026K(10112K)
[168.321s][info   ][gc          ] GC(39) Pause Full (System.gc()) 1593M->1593M(5939M) 4445.980ms
[172.809s][info   ][gc,metaspace] GC(40) Metaspace: 31187K(34880K)->31187K(34880K) NonClass: 23160K(24768K)->23160K(24768K) Class: 8026K(10112K)->8026K(10112K)
[172.809s][info   ][gc          ] GC(40) Pause Full (System.gc()) 1593M->1593M(5939M) 4488.178ms
[177.258s][info   ][gc,metaspace] GC(41) Metaspace: 31187K(34880K)->31187K(34880K) NonClass: 23160K(24768K)->23160K(24768K) Class: 8026K(10112K)->8026K(10112K)
[177.258s][info   ][gc          ] GC(41) Pause Full (System.gc()) 1593M->1593M(5939M) 4448.849ms
[181.751s][info   ][gc,metaspace] GC(42) Metaspace: 31187K(34880K)->31187K(34880K) NonClass: 23160K(24768K)->23160K(24768K) Class: 8026K(10112K)->8026K(10112K)
[181.751s][info   ][gc          ] GC(42) Pause Full (System.gc()) 1593M->1593M(5939M) 4492.771ms
[186.192s][info   ][gc,metaspace] GC(43) Metaspace: 31187K(34880K)->31187K(34880K) NonClass: 23160K(24768K)->23160K(24768K) Class: 8026K(10112K)->8026K(10112K)
[186.192s][info   ][gc          ] GC(43) Pause Full (System.gc()) 1593M->1593M(5939M) 4441.392ms
[190.688s][info   ][gc,metaspace] GC(44) Metaspace: 31187K(34880K)->31187K(34880K) NonClass: 23160K(24768K)->23160K(24768K) Class: 8026K(10112K)->8026K(10112K)
[190.688s][info   ][gc          ] GC(44) Pause Full (System.gc()) 1593M->1593M(5939M) 4495.420ms
[195.358s][info   ][gc,metaspace] GC(45) Metaspace: 31187K(34880K)->31187K(34880K) NonClass: 23160K(24768K)->23160K(24768K) Class: 8026K(10112K)->8026K(10112K)
[195.358s][info   ][gc          ] GC(45) Pause Full (System.gc()) 1593M->1593M(5939M) 4670.068ms
[199.850s][info   ][gc,metaspace] GC(46) Metaspace: 31187K(34880K)->31187K(34880K) NonClass: 23160K(24768K)->23160K(24768K) Class: 8026K(10112K)->8026K(10112K)
[199.850s][info   ][gc          ] GC(46) Pause Full (System.gc()) 1593M->1593M(5939M) 4491.758ms
[204.303s][info   ][gc,metaspace] GC(47) Metaspace: 31187K(34880K)->31187K(34880K) NonClass: 23160K(24768K)->23160K(24768K) Class: 8026K(10112K)->8026K(10112K)
[204.303s][info   ][gc          ] GC(47) Pause Full (System.gc()) 1593M->1593M(5939M) 4452.478ms
[208.792s][info   ][gc,metaspace] GC(48) Metaspace: 31187K(34880K)->31187K(34880K) NonClass: 23160K(24768K)->23160K(24768K) Class: 8026K(10112K)->8026K(10112K)
[208.792s][info   ][gc          ] GC(48) Pause Full (System.gc()) 1609M->1593M(5939M) 4489.031ms
[213.240s][info   ][gc,metaspace] GC(49) Metaspace: 31187K(34880K)->31187K(34880K) NonClass: 23160K(24768K)->23160K(24768K) Class: 8026K(10112K)->8026K(10112K)
[213.240s][info   ][gc          ] GC(49) Pause Full (System.gc()) 1593M->1593M(5939M) 4447.525ms
[217.739s][info   ][gc,metaspace] GC(50) Metaspace: 31187K(34880K)->31187K(34880K) NonClass: 23160K(24768K)->23160K(24768K) Class: 8026K(10112K)->8026K(10112K)
[217.739s][info   ][gc          ] GC(50) Pause Full (System.gc()) 1593M->1593M(5939M) 4499.320ms
[222.183s][info   ][gc,metaspace] GC(51) Metaspace: 31187K(34880K)->31187K(34880K) NonClass: 23160K(24768K)->23160K(24768K) Class: 8026K(10112K)->8026K(10112K)
[222.183s][info   ][gc          ] GC(51) Pause Full (System.gc()) 1593M->1593M(5939M) 4443.550ms
[226.678s][info   ][gc,metaspace] GC(52) Metaspace: 31187K(34880K)->31187K(34880K) NonClass: 23160K(24768K)->23160K(24768K) Class: 8026K(10112K)->8026K(10112K)
[226.678s][info   ][gc          ] GC(52) Pause Full (System.gc()) 1593M->1593M(5939M) 4495.425ms
[231.120s][info   ][gc,metaspace] GC(53) Metaspace: 31187K(34880K)->31187K(34880K) NonClass: 23160K(24768K)->23160K(24768K) Class: 8026K(10112K)->8026K(10112K)
[231.120s][info   ][gc          ] GC(53) Pause Full (System.gc()) 1593M->1593M(5939M) 4441.079ms
[235.615s][info   ][gc,metaspace] GC(54) Metaspace: 31187K(34880K)->31187K(34880K) NonClass: 23160K(24768K)->23160K(24768K) Class: 8026K(10112K)->8026K(10112K)
[235.615s][info   ][gc          ] GC(54) Pause Full (System.gc()) 1593M->1593M(5939M) 4494.800ms
[240.452s][info   ][gc,metaspace] GC(55) Metaspace: 31187K(34880K)->31187K(34880K) NonClass: 23160K(24768K)->23160K(24768K) Class: 8026K(10112K)->8026K(10112K)
[240.452s][info   ][gc          ] GC(55) Pause Full (System.gc()) 1593M->1593M(5939M) 4837.728ms
[244.945s][info   ][gc,metaspace] GC(56) Metaspace: 31187K(34880K)->31187K(34880K) NonClass: 23160K(24768K)->23160K(24768K) Class: 8026K(10112K)->8026K(10112K)
[244.946s][info   ][gc          ] GC(56) Pause Full (System.gc()) 1593M->1593M(5939M) 4492.880ms
[249.394s][info   ][gc,metaspace] GC(57) Metaspace: 31187K(34880K)->31187K(34880K) NonClass: 23160K(24768K)->23160K(24768K) Class: 8026K(10112K)->8026K(10112K)
[249.394s][info   ][gc          ] GC(57) Pause Full (System.gc()) 1593M->1593M(5939M) 4448.144ms
[253.886s][info   ][gc,metaspace] GC(58) Metaspace: 31187K(34880K)->31187K(34880K) NonClass: 23160K(24768K)->23160K(24768K) Class: 8026K(10112K)->8026K(10112K)
[253.886s][info   ][gc          ] GC(58) Pause Full (System.gc()) 1593M->1593M(5939M) 4491.894ms
[258.334s][info   ][gc,metaspace] GC(59) Metaspace: 31187K(34880K)->31187K(34880K) NonClass: 23160K(24768K)->23160K(24768K) Class: 8026K(10112K)->8026K(10112K)
[258.334s][info   ][gc          ] GC(59) Pause Full (System.gc()) 1593M->1593M(5939M) 4448.214ms
[262.826s][info   ][gc,metaspace] GC(60) Metaspace: 31187K(34880K)->31187K(34880K) NonClass: 23160K(24768K)->23160K(24768K) Class: 8026K(10112K)->8026K(10112K)
[262.826s][info   ][gc          ] GC(60) Pause Full (System.gc()) 1593M->1593M(5939M) 4491.853ms
[267.275s][info   ][gc,metaspace] GC(61) Metaspace: 31187K(34880K)->31187K(34880K) NonClass: 23160K(24768K)->23160K(24768K) Class: 8026K(10112K)->8026K(10112K)
[267.275s][info   ][gc          ] GC(61) Pause Full (System.gc()) 1593M->1593M(5939M) 4448.801ms
[271.770s][info   ][gc,metaspace] GC(62) Metaspace: 31187K(34880K)->31187K(34880K) NonClass: 23160K(24768K)->23160K(24768K) Class: 8026K(10112K)->8026K(10112K)
[271.770s][info   ][gc          ] GC(62) Pause Full (System.gc()) 1593M->1593M(5939M) 4494.471ms
After GCs... 
