Done; will start GCs... 
[48.204s][info   ][gc,metaspace] GC(13) Metaspace: 31191K(34880K)->31191K(34880K) NonClass: 23165K(24768K)->23165K(24768K) Class: 8026K(10112K)->8026K(10112K)
[48.204s][info   ][gc          ] GC(13) Pause Full (System.gc()) 1626M->1593M(5939M) 5321.561ms
[52.052s][info   ][gc,metaspace] GC(14) Metaspace: 31191K(34880K)->31191K(34880K) NonClass: 23165K(24768K)->23165K(24768K) Class: 8026K(10112K)->8026K(10112K)
[52.052s][info   ][gc          ] GC(14) Pause Full (System.gc()) 1593M->1593M(5939M) 3842.741ms
[55.902s][info   ][gc,metaspace] GC(15) Metaspace: 31191K(34880K)->31191K(34880K) NonClass: 23165K(24768K)->23165K(24768K) Class: 8026K(10112K)->8026K(10112K)
[55.902s][info   ][gc          ] GC(15) Pause Full (System.gc()) 1593M->1593M(5939M) 3850.226ms
[59.750s][info   ][gc,metaspace] GC(16) Metaspace: 31191K(34880K)->31191K(34880K) NonClass: 23165K(24768K)->23165K(24768K) Class: 8026K(10112K)->8026K(10112K)
[59.750s][info   ][gc          ] GC(16) Pause Full (System.gc()) 1593M->1593M(5939M) 3847.741ms
[63.595s][info   ][gc,metaspace] GC(17) Metaspace: 31191K(34880K)->31191K(34880K) NonClass: 23165K(24768K)->23165K(24768K) Class: 8026K(10112K)->8026K(10112K)
[63.595s][info   ][gc          ] GC(17) Pause Full (System.gc()) 1593M->1593M(5939M) 3845.224ms
[67.449s][info   ][gc,metaspace] GC(18) Metaspace: 31191K(34880K)->31191K(34880K) NonClass: 23165K(24768K)->23165K(24768K) Class: 8026K(10112K)->8026K(10112K)
[67.449s][info   ][gc          ] GC(18) Pause Full (System.gc()) 1593M->1593M(5939M) 3853.394ms
[71.295s][info   ][gc,metaspace] GC(19) Metaspace: 31191K(34880K)->31191K(34880K) NonClass: 23165K(24768K)->23165K(24768K) Class: 8026K(10112K)->8026K(10112K)
[71.295s][info   ][gc          ] GC(19) Pause Full (System.gc()) 1593M->1593M(5939M) 3846.411ms
[75.097s][info   ][gc,metaspace] GC(20) Metaspace: 31191K(34880K)->31191K(34880K) NonClass: 23165K(24768K)->23165K(24768K) Class: 8026K(10112K)->8026K(10112K)
[75.097s][info   ][gc          ] GC(20) Pause Full (System.gc()) 1609M->1593M(5939M) 3801.417ms
[80.419s][info   ][gc,metaspace] GC(21) Metaspace: 31191K(34880K)->31191K(34880K) NonClass: 23165K(24768K)->23165K(24768K) Class: 8026K(10112K)->8026K(10112K)
[80.419s][info   ][gc          ] GC(21) Pause Full (System.gc()) 1593M->1593M(5939M) 5321.835ms
[84.270s][info   ][gc,metaspace] GC(22) Metaspace: 31191K(34880K)->31191K(34880K) NonClass: 23165K(24768K)->23165K(24768K) Class: 8026K(10112K)->8026K(10112K)
[84.270s][info   ][gc          ] GC(22) Pause Full (System.gc()) 1593M->1593M(5939M) 3851.298ms
[88.070s][info   ][gc,metaspace] GC(23) Metaspace: 31191K(34880K)->31191K(34880K) NonClass: 23165K(24768K)->23165K(24768K) Class: 8026K(10112K)->8026K(10112K)
[88.070s][info   ][gc          ] GC(23) Pause Full (System.gc()) 1593M->1593M(5939M) 3799.675ms
[91.922s][info   ][gc,metaspace] GC(24) Metaspace: 31191K(34880K)->31191K(34880K) NonClass: 23165K(24768K)->23165K(24768K) Class: 8026K(10112K)->8026K(10112K)
[91.922s][info   ][gc          ] GC(24) Pause Full (System.gc()) 1593M->1593M(5939M) 3851.369ms
[95.774s][info   ][gc,metaspace] GC(25) Metaspace: 31191K(34880K)->31191K(34880K) NonClass: 23165K(24768K)->23165K(24768K) Class: 8026K(10112K)->8026K(10112K)
[95.774s][info   ][gc          ] GC(25) Pause Full (System.gc()) 1593M->1593M(5939M) 3852.581ms
[99.617s][info   ][gc,metaspace] GC(26) Metaspace: 31191K(34880K)->31191K(34880K) NonClass: 23165K(24768K)->23165K(24768K) Class: 8026K(10112K)->8026K(10112K)
[99.617s][info   ][gc          ] GC(26) Pause Full (System.gc()) 1593M->1593M(5939M) 3842.722ms
[103.468s][info   ][gc,metaspace] GC(27) Metaspace: 31191K(34880K)->31191K(34880K) NonClass: 23165K(24768K)->23165K(24768K) Class: 8026K(10112K)->8026K(10112K)
[103.468s][info   ][gc          ] GC(27) Pause Full (System.gc()) 1593M->1593M(5939M) 3850.268ms
[107.318s][info   ][gc,metaspace] GC(28) Metaspace: 31191K(34880K)->31191K(34880K) NonClass: 23165K(24768K)->23165K(24768K) Class: 8026K(10112K)->8026K(10112K)
[107.318s][info   ][gc          ] GC(28) Pause Full (System.gc()) 1593M->1593M(5939M) 3850.470ms
[111.119s][info   ][gc,metaspace] GC(29) Metaspace: 31191K(34880K)->31191K(34880K) NonClass: 23165K(24768K)->23165K(24768K) Class: 8026K(10112K)->8026K(10112K)
[111.119s][info   ][gc          ] GC(29) Pause Full (System.gc()) 1593M->1593M(5939M) 3800.073ms
[114.966s][info   ][gc,metaspace] GC(30) Metaspace: 31191K(34880K)->31191K(34880K) NonClass: 23165K(24768K)->23165K(24768K) Class: 8026K(10112K)->8026K(10112K)
[114.966s][info   ][gc          ] GC(30) Pause Full (System.gc()) 1593M->1593M(5939M) 3847.098ms
[118.812s][info   ][gc,metaspace] GC(31) Metaspace: 31191K(34880K)->31191K(34880K) NonClass: 23165K(24768K)->23165K(24768K) Class: 8026K(10112K)->8026K(10112K)
[118.812s][info   ][gc          ] GC(31) Pause Full (System.gc()) 1593M->1593M(5939M) 3845.771ms
[122.660s][info   ][gc,metaspace] GC(32) Metaspace: 31191K(34880K)->31191K(34880K) NonClass: 23165K(24768K)->23165K(24768K) Class: 8026K(10112K)->8026K(10112K)
[122.660s][info   ][gc          ] GC(32) Pause Full (System.gc()) 1593M->1593M(5939M) 3848.390ms
[126.515s][info   ][gc,metaspace] GC(33) Metaspace: 31191K(34880K)->31191K(34880K) NonClass: 23165K(24768K)->23165K(24768K) Class: 8026K(10112K)->8026K(10112K)
[126.515s][info   ][gc          ] GC(33) Pause Full (System.gc()) 1593M->1593M(5939M) 3854.358ms
[130.361s][info   ][gc,metaspace] GC(34) Metaspace: 31191K(34880K)->31191K(34880K) NonClass: 23165K(24768K)->23165K(24768K) Class: 8026K(10112K)->8026K(10112K)
[130.361s][info   ][gc          ] GC(34) Pause Full (System.gc()) 1593M->1593M(5939M) 3845.684ms
[134.432s][info   ][gc,metaspace] GC(35) Metaspace: 31191K(34880K)->31191K(34880K) NonClass: 23165K(24768K)->23165K(24768K) Class: 8026K(10112K)->8026K(10112K)
[134.432s][info   ][gc          ] GC(35) Pause Full (System.gc()) 1593M->1593M(5939M) 4070.762ms
[138.282s][info   ][gc,metaspace] GC(36) Metaspace: 31191K(34880K)->31191K(34880K) NonClass: 23165K(24768K)->23165K(24768K) Class: 8026K(10112K)->8026K(10112K)
[138.282s][info   ][gc          ] GC(36) Pause Full (System.gc()) 1609M->1593M(5939M) 3850.119ms
[142.368s][info   ][gc,metaspace] GC(37) Metaspace: 31191K(34880K)->31191K(34880K) NonClass: 23165K(24768K)->23165K(24768K) Class: 8026K(10112K)->8026K(10112K)
[142.368s][info   ][gc          ] GC(37) Pause Full (System.gc()) 1593M->1593M(5939M) 4086.042ms
[146.431s][info   ][gc,metaspace] GC(38) Metaspace: 31191K(34880K)->31191K(34880K) NonClass: 23165K(24768K)->23165K(24768K) Class: 8026K(10112K)->8026K(10112K)
[146.431s][info   ][gc          ] GC(38) Pause Full (System.gc()) 1593M->1593M(5939M) 4062.274ms
[150.281s][info   ][gc,metaspace] GC(39) Metaspace: 31191K(34880K)->31191K(34880K) NonClass: 23165K(24768K)->23165K(24768K) Class: 8026K(10112K)->8026K(10112K)
[150.281s][info   ][gc          ] GC(39) Pause Full (System.gc()) 1593M->1593M(5939M) 3850.018ms
[154.076s][info   ][gc,metaspace] GC(40) Metaspace: 31191K(34880K)->31191K(34880K) NonClass: 23165K(24768K)->23165K(24768K) Class: 8026K(10112K)->8026K(10112K)
[154.076s][info   ][gc          ] GC(40) Pause Full (System.gc()) 1593M->1593M(5939M) 3794.989ms
[157.926s][info   ][gc,metaspace] GC(41) Metaspace: 31191K(34880K)->31191K(34880K) NonClass: 23165K(24768K)->23165K(24768K) Class: 8026K(10112K)->8026K(10112K)
[157.926s][info   ][gc          ] GC(41) Pause Full (System.gc()) 1593M->1593M(5939M) 3850.014ms
[161.770s][info   ][gc,metaspace] GC(42) Metaspace: 31191K(34880K)->31191K(34880K) NonClass: 23165K(24768K)->23165K(24768K) Class: 8026K(10112K)->8026K(10112K)
[161.770s][info   ][gc          ] GC(42) Pause Full (System.gc()) 1593M->1593M(5939M) 3843.546ms
[165.618s][info   ][gc,metaspace] GC(43) Metaspace: 31191K(34880K)->31191K(34880K) NonClass: 23165K(24768K)->23165K(24768K) Class: 8026K(10112K)->8026K(10112K)
[165.618s][info   ][gc          ] GC(43) Pause Full (System.gc()) 1593M->1593M(5939M) 3848.402ms
[169.470s][info   ][gc,metaspace] GC(44) Metaspace: 31191K(34880K)->31191K(34880K) NonClass: 23165K(24768K)->23165K(24768K) Class: 8026K(10112K)->8026K(10112K)
[169.470s][info   ][gc          ] GC(44) Pause Full (System.gc()) 1593M->1593M(5939M) 3851.081ms
[173.322s][info   ][gc,metaspace] GC(45) Metaspace: 31191K(34880K)->31191K(34880K) NonClass: 23165K(24768K)->23165K(24768K) Class: 8026K(10112K)->8026K(10112K)
[173.322s][info   ][gc          ] GC(45) Pause Full (System.gc()) 1593M->1593M(5939M) 3851.802ms
[177.403s][info   ][gc,metaspace] GC(46) Metaspace: 31191K(34880K)->31191K(34880K) NonClass: 23165K(24768K)->23165K(24768K) Class: 8026K(10112K)->8026K(10112K)
[177.403s][info   ][gc          ] GC(46) Pause Full (System.gc()) 1593M->1593M(5939M) 4081.279ms
[181.202s][info   ][gc,metaspace] GC(47) Metaspace: 31191K(34880K)->31191K(34880K) NonClass: 23165K(24768K)->23165K(24768K) Class: 8026K(10112K)->8026K(10112K)
[181.202s][info   ][gc          ] GC(47) Pause Full (System.gc()) 1593M->1593M(5939M) 3798.877ms
[185.049s][info   ][gc,metaspace] GC(48) Metaspace: 31191K(34880K)->31191K(34880K) NonClass: 23165K(24768K)->23165K(24768K) Class: 8026K(10112K)->8026K(10112K)
[185.050s][info   ][gc          ] GC(48) Pause Full (System.gc()) 1593M->1593M(5939M) 3847.211ms
[189.308s][info   ][gc,metaspace] GC(49) Metaspace: 31191K(34880K)->31191K(34880K) NonClass: 23165K(24768K)->23165K(24768K) Class: 8026K(10112K)->8026K(10112K)
[189.308s][info   ][gc          ] GC(49) Pause Full (System.gc()) 1593M->1593M(5939M) 4258.491ms
[193.555s][info   ][gc,metaspace] GC(50) Metaspace: 31191K(34880K)->31191K(34880K) NonClass: 23165K(24768K)->23165K(24768K) Class: 8026K(10112K)->8026K(10112K)
[193.555s][info   ][gc          ] GC(50) Pause Full (System.gc()) 1593M->1593M(5939M) 4246.980ms
[197.800s][info   ][gc,metaspace] GC(51) Metaspace: 31191K(34880K)->31191K(34880K) NonClass: 23165K(24768K)->23165K(24768K) Class: 8026K(10112K)->8026K(10112K)
[197.800s][info   ][gc          ] GC(51) Pause Full (System.gc()) 1593M->1593M(5939M) 4244.666ms
[202.671s][info   ][gc,metaspace] GC(52) Metaspace: 31191K(34880K)->31191K(34880K) NonClass: 23165K(24768K)->23165K(24768K) Class: 8026K(10112K)->8026K(10112K)
[202.671s][info   ][gc          ] GC(52) Pause Full (System.gc()) 1593M->1593M(5939M) 4871.174ms
[207.365s][info   ][gc,metaspace] GC(53) Metaspace: 31191K(34880K)->31191K(34880K) NonClass: 23165K(24768K)->23165K(24768K) Class: 8026K(10112K)->8026K(10112K)
[207.365s][info   ][gc          ] GC(53) Pause Full (System.gc()) 1593M->1593M(5939M) 4693.364ms
[211.611s][info   ][gc,metaspace] GC(54) Metaspace: 31191K(34880K)->31191K(34880K) NonClass: 23165K(24768K)->23165K(24768K) Class: 8026K(10112K)->8026K(10112K)
[211.611s][info   ][gc          ] GC(54) Pause Full (System.gc()) 1609M->1593M(5939M) 4246.223ms
[215.838s][info   ][gc,metaspace] GC(55) Metaspace: 31191K(34880K)->31191K(34880K) NonClass: 23165K(24768K)->23165K(24768K) Class: 8026K(10112K)->8026K(10112K)
[215.838s][info   ][gc          ] GC(55) Pause Full (System.gc()) 1593M->1593M(5939M) 4226.642ms
[220.064s][info   ][gc,metaspace] GC(56) Metaspace: 31191K(34880K)->31191K(34880K) NonClass: 23165K(24768K)->23165K(24768K) Class: 8026K(10112K)->8026K(10112K)
[220.064s][info   ][gc          ] GC(56) Pause Full (System.gc()) 1593M->1593M(5939M) 4225.295ms
[223.911s][info   ][gc,metaspace] GC(57) Metaspace: 31191K(34880K)->31191K(34880K) NonClass: 23165K(24768K)->23165K(24768K) Class: 8026K(10112K)->8026K(10112K)
[223.911s][info   ][gc          ] GC(57) Pause Full (System.gc()) 1593M->1593M(5939M) 3847.047ms
[227.756s][info   ][gc,metaspace] GC(58) Metaspace: 31191K(34880K)->31191K(34880K) NonClass: 23165K(24768K)->23165K(24768K) Class: 8026K(10112K)->8026K(10112K)
[227.756s][info   ][gc          ] GC(58) Pause Full (System.gc()) 1593M->1593M(5939M) 3845.176ms
[231.604s][info   ][gc,metaspace] GC(59) Metaspace: 31191K(34880K)->31191K(34880K) NonClass: 23165K(24768K)->23165K(24768K) Class: 8026K(10112K)->8026K(10112K)
[231.604s][info   ][gc          ] GC(59) Pause Full (System.gc()) 1593M->1593M(5939M) 3847.986ms
[235.453s][info   ][gc,metaspace] GC(60) Metaspace: 31191K(34880K)->31191K(34880K) NonClass: 23165K(24768K)->23165K(24768K) Class: 8026K(10112K)->8026K(10112K)
[235.453s][info   ][gc          ] GC(60) Pause Full (System.gc()) 1593M->1593M(5939M) 3848.410ms
[239.295s][info   ][gc,metaspace] GC(61) Metaspace: 31191K(34880K)->31191K(34880K) NonClass: 23165K(24768K)->23165K(24768K) Class: 8026K(10112K)->8026K(10112K)
[239.295s][info   ][gc          ] GC(61) Pause Full (System.gc()) 1593M->1593M(5939M) 3841.800ms
[243.090s][info   ][gc,metaspace] GC(62) Metaspace: 31191K(34880K)->31191K(34880K) NonClass: 23165K(24768K)->23165K(24768K) Class: 8026K(10112K)->8026K(10112K)
[243.090s][info   ][gc          ] GC(62) Pause Full (System.gc()) 1593M->1593M(5939M) 3794.534ms
After GCs... 
