[0.002s][warning][pagesize] UseLargePages disabled, no large pages configured and available on the system.
[0.002s][info   ][metaspace]  - commit_granule_bytes: 65536.
[0.002s][info   ][metaspace]  - commit_granule_words: 8192.
[0.002s][info   ][metaspace]  - virtual_space_node_default_size: 8388608.
[0.002s][info   ][metaspace]  - enlarge_chunks_in_place: 1.
[0.002s][info   ][metaspace]  - use_allocation_guard: 0.
[0.009s][info   ][gc       ] Using Serial
[2.917s][info   ][metaspace] Reserving compressed class space anywhere
[2.917s][info   ][gc,metaspace] CDS archive(s) not mapped
[2.917s][info   ][gc,metaspace] Compressed class space mapped at: 0x000000002b000000-0x00000000eb000000, reserved size: 3221225472
[2.917s][info   ][gc,metaspace] UseCompressedClassPointers 1, UseCompactObjectHeaders 1, narrow klass pointer bits 22, max shift 10
[2.917s][info   ][gc,metaspace] Narrow klass base: 0x000000002b000000, Narrow klass shift: 10, Narrow klass range: 0xc0000000
Random Seed: 12345678
Num Classes: 4096
Num Objects: 67108864
Percent IK Objects: 83.0%)
Percent OAK Objects: 5.0%)
Percent TAK Objects: 12.0%)
Cycles: 50
Loading 4096 pre-generated classes ...
Materialize pre-generated constructors ...
Creating objects...
[3.357s][info   ][gc,metaspace] GC(0) Metaspace: 17703K(18048K)->17703K(18048K) NonClass: 11826K(12032K)->11826K(12032K) Class: 5876K(6016K)->5876K(6016K)
[3.357s][info   ][gc          ] GC(0) Pause Full (System.gc()) 131M->4M(5939M) 16.332ms
[7.168s][info   ][gc,metaspace] GC(1) Metaspace: 31189K(34880K)->31189K(34880K) NonClass: 23163K(24768K)->23163K(24768K) Class: 8026K(10112K)->8026K(10112K)
[7.168s][info   ][gc          ] GC(1) Pause Young (Allocation Failure) 1643M->357M(5939M) 439.514ms
[10.781s][info   ][gc,metaspace] GC(2) Metaspace: 31191K(34880K)->31191K(34880K) NonClass: 23165K(24768K)->23165K(24768K) Class: 8026K(10112K)->8026K(10112K)
[10.781s][info   ][gc          ] GC(2) Pause Young (Allocation Failure) 1995M->494M(5939M) 471.355ms
[15.354s][info   ][gc,metaspace] GC(3) Metaspace: 31191K(34880K)->31191K(34880K) NonClass: 23165K(24768K)->23165K(24768K) Class: 8026K(10112K)->8026K(10112K)
[15.354s][info   ][gc          ] GC(3) Pause Young (Allocation Failure) 2132M->628M(5939M) 1096.103ms
[19.385s][info   ][gc,metaspace] GC(4) Metaspace: 31191K(34880K)->31191K(34880K) NonClass: 23165K(24768K)->23165K(24768K) Class: 8026K(10112K)->8026K(10112K)
[19.386s][info   ][gc          ] GC(4) Pause Young (Allocation Failure) 2266M->762M(5939M) 929.284ms
[22.854s][info   ][gc,metaspace] GC(5) Metaspace: 31191K(34880K)->31191K(34880K) NonClass: 23165K(24768K)->23165K(24768K) Class: 8026K(10112K)->8026K(10112K)
[22.854s][info   ][gc          ] GC(5) Pause Young (Allocation Failure) 2400M->895M(5939M) 927.415ms
[25.707s][info   ][gc,metaspace] GC(6) Metaspace: 31191K(34880K)->31191K(34880K) NonClass: 23165K(24768K)->23165K(24768K) Class: 8026K(10112K)->8026K(10112K)
[25.707s][info   ][gc          ] GC(6) Pause Young (Allocation Failure) 2534M->1029M(5939M) 929.634ms
[28.095s][info   ][gc,metaspace] GC(7) Metaspace: 31191K(34880K)->31191K(34880K) NonClass: 23165K(24768K)->23165K(24768K) Class: 8026K(10112K)->8026K(10112K)
[28.095s][info   ][gc          ] GC(7) Pause Young (Allocation Failure) 2668M->1163M(5939M) 926.940ms
[30.125s][info   ][gc,metaspace] GC(8) Metaspace: 31191K(34880K)->31191K(34880K) NonClass: 23165K(24768K)->23165K(24768K) Class: 8026K(10112K)->8026K(10112K)
[30.125s][info   ][gc          ] GC(8) Pause Young (Allocation Failure) 2802M->1297M(5939M) 520.481ms
[32.160s][info   ][gc,metaspace] GC(9) Metaspace: 31191K(34880K)->31191K(34880K) NonClass: 23165K(24768K)->23165K(24768K) Class: 8026K(10112K)->8026K(10112K)
[32.160s][info   ][gc          ] GC(9) Pause Young (Allocation Failure) 2935M->1431M(5939M) 521.172ms
[34.620s][info   ][gc,metaspace] GC(10) Metaspace: 31191K(34880K)->31191K(34880K) NonClass: 23165K(24768K)->23165K(24768K) Class: 8026K(10112K)->8026K(10112K)
[34.620s][info   ][gc          ] GC(10) Pause Young (Allocation Failure) 3069M->1565M(5939M) 519.807ms
67108864 Objects created
 - IK: 55699211 (82.99829%)
 - OAK: 3355627 (5.0002737%)
 - TAK: 8054026 (12.001434%)
Preparatory GC...
[39.029s][info   ][gc,metaspace] GC(11) Metaspace: 31191K(34880K)->31191K(34880K) NonClass: 23165K(24768K)->23165K(24768K) Class: 8026K(10112K)->8026K(10112K)
[39.029s][info   ][gc          ] GC(11) Pause Full (System.gc()) 1925M->1593M(5939M) 4091.911ms
[42.882s][info   ][gc,metaspace] GC(12) Metaspace: 31191K(34880K)->31191K(34880K) NonClass: 23165K(24768K)->23165K(24768K) Class: 8026K(10112K)->8026K(10112K)
[42.883s][info   ][gc          ] GC(12) Pause Full (System.gc()) 1593M->1593M(5939M) 3852.999ms
Done; will start GCs... 
[48.204s][info   ][gc,metaspace] GC(13) Metaspace: 31191K(34880K)->31191K(34880K) NonClass: 23165K(24768K)->23165K(24768K) Class: 8026K(10112K)->8026K(10112K)
[48.204s][info   ][gc          ] GC(13) Pause Full (System.gc()) 1626M->1593M(5939M) 5321.561ms
[52.052s][info   ][gc,metaspace] GC(14) Metaspace: 31191K(34880K)->31191K(34880K) NonClass: 23165K(24768K)->23165K(24768K) Class: 8026K(10112K)->8026K(10112K)
[52.052s][info   ][gc          ] GC(14) Pause Full (System.gc()) 1593M->1593M(5939M) 3842.741ms
[55.902s][info   ][gc,metaspace] GC(15) Metaspace: 31191K(34880K)->31191K(34880K) NonClass: 23165K(24768K)->23165K(24768K) Class: 8026K(10112K)->8026K(10112K)
[55.902s][info   ][gc          ] GC(15) Pause Full (System.gc()) 1593M->1593M(5939M) 3850.226ms
[59.750s][info   ][gc,metaspace] GC(16) Metaspace: 31191K(34880K)->31191K(34880K) NonClass: 23165K(24768K)->23165K(24768K) Class: 8026K(10112K)->8026K(10112K)
[59.750s][info   ][gc          ] GC(16) Pause Full (System.gc()) 1593M->1593M(5939M) 3847.741ms
[63.595s][info   ][gc,metaspace] GC(17) Metaspace: 31191K(34880K)->31191K(34880K) NonClass: 23165K(24768K)->23165K(24768K) Class: 8026K(10112K)->8026K(10112K)
[63.595s][info   ][gc          ] GC(17) Pause Full (System.gc()) 1593M->1593M(5939M) 3845.224ms
[67.449s][info   ][gc,metaspace] GC(18) Metaspace: 31191K(34880K)->31191K(34880K) NonClass: 23165K(24768K)->23165K(24768K) Class: 8026K(10112K)->8026K(10112K)
[67.449s][info   ][gc          ] GC(18) Pause Full (System.gc()) 1593M->1593M(5939M) 3853.394ms
[71.295s][info   ][gc,metaspace] GC(19) Metaspace: 31191K(34880K)->31191K(34880K) NonClass: 23165K(24768K)->23165K(24768K) Class: 8026K(10112K)->8026K(10112K)
[71.295s][info   ][gc          ] GC(19) Pause Full (System.gc()) 1593M->1593M(5939M) 3846.411ms
[75.097s][info   ][gc,metaspace] GC(20) Metaspace: 31191K(34880K)->31191K(34880K) NonClass: 23165K(24768K)->23165K(24768K) Class: 8026K(10112K)->8026K(10112K)
[75.097s][info   ][gc          ] GC(20) Pause Full (System.gc()) 1609M->1593M(5939M) 3801.417ms
[80.419s][info   ][gc,metaspace] GC(21) Metaspace: 31191K(34880K)->31191K(34880K) NonClass: 23165K(24768K)->23165K(24768K) Class: 8026K(10112K)->8026K(10112K)
[80.419s][info   ][gc          ] GC(21) Pause Full (System.gc()) 1593M->1593M(5939M) 5321.835ms
[84.270s][info   ][gc,metaspace] GC(22) Metaspace: 31191K(34880K)->31191K(34880K) NonClass: 23165K(24768K)->23165K(24768K) Class: 8026K(10112K)->8026K(10112K)
[84.270s][info   ][gc          ] GC(22) Pause Full (System.gc()) 1593M->1593M(5939M) 3851.298ms
[88.070s][info   ][gc,metaspace] GC(23) Metaspace: 31191K(34880K)->31191K(34880K) NonClass: 23165K(24768K)->23165K(24768K) Class: 8026K(10112K)->8026K(10112K)
[88.070s][info   ][gc          ] GC(23) Pause Full (System.gc()) 1593M->1593M(5939M) 3799.675ms
[91.922s][info   ][gc,metaspace] GC(24) Metaspace: 31191K(34880K)->31191K(34880K) NonClass: 23165K(24768K)->23165K(24768K) Class: 8026K(10112K)->8026K(10112K)
[91.922s][info   ][gc          ] GC(24) Pause Full (System.gc()) 1593M->1593M(5939M) 3851.369ms
[95.774s][info   ][gc,metaspace] GC(25) Metaspace: 31191K(34880K)->31191K(34880K) NonClass: 23165K(24768K)->23165K(24768K) Class: 8026K(10112K)->8026K(10112K)
[95.774s][info   ][gc          ] GC(25) Pause Full (System.gc()) 1593M->1593M(5939M) 3852.581ms
[99.617s][info   ][gc,metaspace] GC(26) Metaspace: 31191K(34880K)->31191K(34880K) NonClass: 23165K(24768K)->23165K(24768K) Class: 8026K(10112K)->8026K(10112K)
[99.617s][info   ][gc          ] GC(26) Pause Full (System.gc()) 1593M->1593M(5939M) 3842.722ms
[103.468s][info   ][gc,metaspace] GC(27) Metaspace: 31191K(34880K)->31191K(34880K) NonClass: 23165K(24768K)->23165K(24768K) Class: 8026K(10112K)->8026K(10112K)
[103.468s][info   ][gc          ] GC(27) Pause Full (System.gc()) 1593M->1593M(5939M) 3850.268ms
[107.318s][info   ][gc,metaspace] GC(28) Metaspace: 31191K(34880K)->31191K(34880K) NonClass: 23165K(24768K)->23165K(24768K) Class: 8026K(10112K)->8026K(10112K)
[107.318s][info   ][gc          ] GC(28) Pause Full (System.gc()) 1593M->1593M(5939M) 3850.470ms
[111.119s][info   ][gc,metaspace] GC(29) Metaspace: 31191K(34880K)->31191K(34880K) NonClass: 23165K(24768K)->23165K(24768K) Class: 8026K(10112K)->8026K(10112K)
[111.119s][info   ][gc          ] GC(29) Pause Full (System.gc()) 1593M->1593M(5939M) 3800.073ms
[114.966s][info   ][gc,metaspace] GC(30) Metaspace: 31191K(34880K)->31191K(34880K) NonClass: 23165K(24768K)->23165K(24768K) Class: 8026K(10112K)->8026K(10112K)
[114.966s][info   ][gc          ] GC(30) Pause Full (System.gc()) 1593M->1593M(5939M) 3847.098ms
[118.812s][info   ][gc,metaspace] GC(31) Metaspace: 31191K(34880K)->31191K(34880K) NonClass: 23165K(24768K)->23165K(24768K) Class: 8026K(10112K)->8026K(10112K)
[118.812s][info   ][gc          ] GC(31) Pause Full (System.gc()) 1593M->1593M(5939M) 3845.771ms
[122.660s][info   ][gc,metaspace] GC(32) Metaspace: 31191K(34880K)->31191K(34880K) NonClass: 23165K(24768K)->23165K(24768K) Class: 8026K(10112K)->8026K(10112K)
[122.660s][info   ][gc          ] GC(32) Pause Full (System.gc()) 1593M->1593M(5939M) 3848.390ms
[126.515s][info   ][gc,metaspace] GC(33) Metaspace: 31191K(34880K)->31191K(34880K) NonClass: 23165K(24768K)->23165K(24768K) Class: 8026K(10112K)->8026K(10112K)
[126.515s][info   ][gc          ] GC(33) Pause Full (System.gc()) 1593M->1593M(5939M) 3854.358ms
[130.361s][info   ][gc,metaspace] GC(34) Metaspace: 31191K(34880K)->31191K(34880K) NonClass: 23165K(24768K)->23165K(24768K) Class: 8026K(10112K)->8026K(10112K)
[130.361s][info   ][gc          ] GC(34) Pause Full (System.gc()) 1593M->1593M(5939M) 3845.684ms
[134.432s][info   ][gc,metaspace] GC(35) Metaspace: 31191K(34880K)->31191K(34880K) NonClass: 23165K(24768K)->23165K(24768K) Class: 8026K(10112K)->8026K(10112K)
[134.432s][info   ][gc          ] GC(35) Pause Full (System.gc()) 1593M->1593M(5939M) 4070.762ms
[138.282s][info   ][gc,metaspace] GC(36) Metaspace: 31191K(34880K)->31191K(34880K) NonClass: 23165K(24768K)->23165K(24768K) Class: 8026K(10112K)->8026K(10112K)
[138.282s][info   ][gc          ] GC(36) Pause Full (System.gc()) 1609M->1593M(5939M) 3850.119ms
[142.368s][info   ][gc,metaspace] GC(37) Metaspace: 31191K(34880K)->31191K(34880K) NonClass: 23165K(24768K)->23165K(24768K) Class: 8026K(10112K)->8026K(10112K)
[142.368s][info   ][gc          ] GC(37) Pause Full (System.gc()) 1593M->1593M(5939M) 4086.042ms
[146.431s][info   ][gc,metaspace] GC(38) Metaspace: 31191K(34880K)->31191K(34880K) NonClass: 23165K(24768K)->23165K(24768K) Class: 8026K(10112K)->8026K(10112K)
[146.431s][info   ][gc          ] GC(38) Pause Full (System.gc()) 1593M->1593M(5939M) 4062.274ms
[150.281s][info   ][gc,metaspace] GC(39) Metaspace: 31191K(34880K)->31191K(34880K) NonClass: 23165K(24768K)->23165K(24768K) Class: 8026K(10112K)->8026K(10112K)
[150.281s][info   ][gc          ] GC(39) Pause Full (System.gc()) 1593M->1593M(5939M) 3850.018ms
[154.076s][info   ][gc,metaspace] GC(40) Metaspace: 31191K(34880K)->31191K(34880K) NonClass: 23165K(24768K)->23165K(24768K) Class: 8026K(10112K)->8026K(10112K)
[154.076s][info   ][gc          ] GC(40) Pause Full (System.gc()) 1593M->1593M(5939M) 3794.989ms
[157.926s][info   ][gc,metaspace] GC(41) Metaspace: 31191K(34880K)->31191K(34880K) NonClass: 23165K(24768K)->23165K(24768K) Class: 8026K(10112K)->8026K(10112K)
[157.926s][info   ][gc          ] GC(41) Pause Full (System.gc()) 1593M->1593M(5939M) 3850.014ms
[161.770s][info   ][gc,metaspace] GC(42) Metaspace: 31191K(34880K)->31191K(34880K) NonClass: 23165K(24768K)->23165K(24768K) Class: 8026K(10112K)->8026K(10112K)
[161.770s][info   ][gc          ] GC(42) Pause Full (System.gc()) 1593M->1593M(5939M) 3843.546ms
[165.618s][info   ][gc,metaspace] GC(43) Metaspace: 31191K(34880K)->31191K(34880K) NonClass: 23165K(24768K)->23165K(24768K) Class: 8026K(10112K)->8026K(10112K)
[165.618s][info   ][gc          ] GC(43) Pause Full (System.gc()) 1593M->1593M(5939M) 3848.402ms
[169.470s][info   ][gc,metaspace] GC(44) Metaspace: 31191K(34880K)->31191K(34880K) NonClass: 23165K(24768K)->23165K(24768K) Class: 8026K(10112K)->8026K(10112K)
[169.470s][info   ][gc          ] GC(44) Pause Full (System.gc()) 1593M->1593M(5939M) 3851.081ms
[173.322s][info   ][gc,metaspace] GC(45) Metaspace: 31191K(34880K)->31191K(34880K) NonClass: 23165K(24768K)->23165K(24768K) Class: 8026K(10112K)->8026K(10112K)
[173.322s][info   ][gc          ] GC(45) Pause Full (System.gc()) 1593M->1593M(5939M) 3851.802ms
[177.403s][info   ][gc,metaspace] GC(46) Metaspace: 31191K(34880K)->31191K(34880K) NonClass: 23165K(24768K)->23165K(24768K) Class: 8026K(10112K)->8026K(10112K)
[177.403s][info   ][gc          ] GC(46) Pause Full (System.gc()) 1593M->1593M(5939M) 4081.279ms
[181.202s][info   ][gc,metaspace] GC(47) Metaspace: 31191K(34880K)->31191K(34880K) NonClass: 23165K(24768K)->23165K(24768K) Class: 8026K(10112K)->8026K(10112K)
[181.202s][info   ][gc          ] GC(47) Pause Full (System.gc()) 1593M->1593M(5939M) 3798.877ms
[185.049s][info   ][gc,metaspace] GC(48) Metaspace: 31191K(34880K)->31191K(34880K) NonClass: 23165K(24768K)->23165K(24768K) Class: 8026K(10112K)->8026K(10112K)
[185.050s][info   ][gc          ] GC(48) Pause Full (System.gc()) 1593M->1593M(5939M) 3847.211ms
[189.308s][info   ][gc,metaspace] GC(49) Metaspace: 31191K(34880K)->31191K(34880K) NonClass: 23165K(24768K)->23165K(24768K) Class: 8026K(10112K)->8026K(10112K)
[189.308s][info   ][gc          ] GC(49) Pause Full (System.gc()) 1593M->1593M(5939M) 4258.491ms
[193.555s][info   ][gc,metaspace] GC(50) Metaspace: 31191K(34880K)->31191K(34880K) NonClass: 23165K(24768K)->23165K(24768K) Class: 8026K(10112K)->8026K(10112K)
[193.555s][info   ][gc          ] GC(50) Pause Full (System.gc()) 1593M->1593M(5939M) 4246.980ms
[197.800s][info   ][gc,metaspace] GC(51) Metaspace: 31191K(34880K)->31191K(34880K) NonClass: 23165K(24768K)->23165K(24768K) Class: 8026K(10112K)->8026K(10112K)
[197.800s][info   ][gc          ] GC(51) Pause Full (System.gc()) 1593M->1593M(5939M) 4244.666ms
[202.671s][info   ][gc,metaspace] GC(52) Metaspace: 31191K(34880K)->31191K(34880K) NonClass: 23165K(24768K)->23165K(24768K) Class: 8026K(10112K)->8026K(10112K)
[202.671s][info   ][gc          ] GC(52) Pause Full (System.gc()) 1593M->1593M(5939M) 4871.174ms
[207.365s][info   ][gc,metaspace] GC(53) Metaspace: 31191K(34880K)->31191K(34880K) NonClass: 23165K(24768K)->23165K(24768K) Class: 8026K(10112K)->8026K(10112K)
[207.365s][info   ][gc          ] GC(53) Pause Full (System.gc()) 1593M->1593M(5939M) 4693.364ms
[211.611s][info   ][gc,metaspace] GC(54) Metaspace: 31191K(34880K)->31191K(34880K) NonClass: 23165K(24768K)->23165K(24768K) Class: 8026K(10112K)->8026K(10112K)
[211.611s][info   ][gc          ] GC(54) Pause Full (System.gc()) 1609M->1593M(5939M) 4246.223ms
[215.838s][info   ][gc,metaspace] GC(55) Metaspace: 31191K(34880K)->31191K(34880K) NonClass: 23165K(24768K)->23165K(24768K) Class: 8026K(10112K)->8026K(10112K)
[215.838s][info   ][gc          ] GC(55) Pause Full (System.gc()) 1593M->1593M(5939M) 4226.642ms
[220.064s][info   ][gc,metaspace] GC(56) Metaspace: 31191K(34880K)->31191K(34880K) NonClass: 23165K(24768K)->23165K(24768K) Class: 8026K(10112K)->8026K(10112K)
[220.064s][info   ][gc          ] GC(56) Pause Full (System.gc()) 1593M->1593M(5939M) 4225.295ms
[223.911s][info   ][gc,metaspace] GC(57) Metaspace: 31191K(34880K)->31191K(34880K) NonClass: 23165K(24768K)->23165K(24768K) Class: 8026K(10112K)->8026K(10112K)
[223.911s][info   ][gc          ] GC(57) Pause Full (System.gc()) 1593M->1593M(5939M) 3847.047ms
[227.756s][info   ][gc,metaspace] GC(58) Metaspace: 31191K(34880K)->31191K(34880K) NonClass: 23165K(24768K)->23165K(24768K) Class: 8026K(10112K)->8026K(10112K)
[227.756s][info   ][gc          ] GC(58) Pause Full (System.gc()) 1593M->1593M(5939M) 3845.176ms
[231.604s][info   ][gc,metaspace] GC(59) Metaspace: 31191K(34880K)->31191K(34880K) NonClass: 23165K(24768K)->23165K(24768K) Class: 8026K(10112K)->8026K(10112K)
[231.604s][info   ][gc          ] GC(59) Pause Full (System.gc()) 1593M->1593M(5939M) 3847.986ms
[235.453s][info   ][gc,metaspace] GC(60) Metaspace: 31191K(34880K)->31191K(34880K) NonClass: 23165K(24768K)->23165K(24768K) Class: 8026K(10112K)->8026K(10112K)
[235.453s][info   ][gc          ] GC(60) Pause Full (System.gc()) 1593M->1593M(5939M) 3848.410ms
[239.295s][info   ][gc,metaspace] GC(61) Metaspace: 31191K(34880K)->31191K(34880K) NonClass: 23165K(24768K)->23165K(24768K) Class: 8026K(10112K)->8026K(10112K)
[239.295s][info   ][gc          ] GC(61) Pause Full (System.gc()) 1593M->1593M(5939M) 3841.800ms
[243.090s][info   ][gc,metaspace] GC(62) Metaspace: 31191K(34880K)->31191K(34880K) NonClass: 23165K(24768K)->23165K(24768K) Class: 8026K(10112K)->8026K(10112K)
[243.090s][info   ][gc          ] GC(62) Pause Full (System.gc()) 1593M->1593M(5939M) 3794.534ms
After GCs... 
