Done; will start GCs... 
[49.798s][info   ][gc,metaspace] GC(13) Metaspace: 30741K(34432K)->30741K(34432K) NonClass: 25334K(26944K)->25334K(26944K) Class: 5406K(7488K)->5406K(7488K)
[49.798s][info   ][gc          ] GC(13) Pause Full (System.gc()) 1839M->1806M(5939M) 5379.920ms
[53.922s][info   ][gc,metaspace] GC(14) Metaspace: 30741K(34432K)->30741K(34432K) NonClass: 25334K(26944K)->25334K(26944K) Class: 5406K(7488K)->5406K(7488K)
[53.922s][info   ][gc          ] GC(14) Pause Full (System.gc()) 1806M->1806M(5939M) 4123.809ms
[58.052s][info   ][gc,metaspace] GC(15) Metaspace: 30741K(34432K)->30741K(34432K) NonClass: 25334K(26944K)->25334K(26944K) Class: 5406K(7488K)->5406K(7488K)
[58.052s][info   ][gc          ] GC(15) Pause Full (System.gc()) 1806M->1806M(5939M) 4130.019ms
[62.179s][info   ][gc,metaspace] GC(16) Metaspace: 30741K(34432K)->30741K(34432K) NonClass: 25334K(26944K)->25334K(26944K) Class: 5406K(7488K)->5406K(7488K)
[62.180s][info   ][gc          ] GC(16) Pause Full (System.gc()) 1806M->1806M(5939M) 4127.495ms
[66.305s][info   ][gc,metaspace] GC(17) Metaspace: 30741K(34432K)->30741K(34432K) NonClass: 25334K(26944K)->25334K(26944K) Class: 5406K(7488K)->5406K(7488K)
[66.305s][info   ][gc          ] GC(17) Pause Full (System.gc()) 1806M->1806M(5939M) 4125.640ms
[70.434s][info   ][gc,metaspace] GC(18) Metaspace: 30741K(34432K)->30741K(34432K) NonClass: 25334K(26944K)->25334K(26944K) Class: 5406K(7488K)->5406K(7488K)
[70.434s][info   ][gc          ] GC(18) Pause Full (System.gc()) 1806M->1806M(5939M) 4128.974ms
[74.610s][info   ][gc,metaspace] GC(19) Metaspace: 30741K(34432K)->30741K(34432K) NonClass: 25334K(26944K)->25334K(26944K) Class: 5406K(7488K)->5406K(7488K)
[74.610s][info   ][gc          ] GC(19) Pause Full (System.gc()) 1806M->1806M(5939M) 4175.543ms
[78.966s][info   ][gc,metaspace] GC(20) Metaspace: 30741K(34432K)->30741K(34432K) NonClass: 25334K(26944K)->25334K(26944K) Class: 5406K(7488K)->5406K(7488K)
[78.966s][info   ][gc          ] GC(20) Pause Full (System.gc()) 1823M->1806M(5939M) 4355.888ms
[84.214s][info   ][gc,metaspace] GC(21) Metaspace: 30741K(34432K)->30741K(34432K) NonClass: 25334K(26944K)->25334K(26944K) Class: 5406K(7488K)->5406K(7488K)
[84.214s][info   ][gc          ] GC(21) Pause Full (System.gc()) 1806M->1806M(5939M) 5247.835ms
[88.343s][info   ][gc,metaspace] GC(22) Metaspace: 30741K(34432K)->30741K(34432K) NonClass: 25334K(26944K)->25334K(26944K) Class: 5406K(7488K)->5406K(7488K)
[88.343s][info   ][gc          ] GC(22) Pause Full (System.gc()) 1806M->1806M(5939M) 4128.255ms
[92.467s][info   ][gc,metaspace] GC(23) Metaspace: 30741K(34432K)->30741K(34432K) NonClass: 25334K(26944K)->25334K(26944K) Class: 5406K(7488K)->5406K(7488K)
[92.467s][info   ][gc          ] GC(23) Pause Full (System.gc()) 1806M->1806M(5939M) 4124.466ms
[96.643s][info   ][gc,metaspace] GC(24) Metaspace: 30741K(34432K)->30741K(34432K) NonClass: 25334K(26944K)->25334K(26944K) Class: 5406K(7488K)->5406K(7488K)
[96.643s][info   ][gc          ] GC(24) Pause Full (System.gc()) 1806M->1806M(5939M) 4175.531ms
[100.777s][info   ][gc,metaspace] GC(25) Metaspace: 30741K(34432K)->30741K(34432K) NonClass: 25334K(26944K)->25334K(26944K) Class: 5406K(7488K)->5406K(7488K)
[100.777s][info   ][gc          ] GC(25) Pause Full (System.gc()) 1806M->1806M(5939M) 4134.239ms
[104.903s][info   ][gc,metaspace] GC(26) Metaspace: 30741K(34432K)->30741K(34432K) NonClass: 25334K(26944K)->25334K(26944K) Class: 5406K(7488K)->5406K(7488K)
[104.903s][info   ][gc          ] GC(26) Pause Full (System.gc()) 1806M->1806M(5939M) 4125.739ms
[109.026s][info   ][gc,metaspace] GC(27) Metaspace: 30741K(34432K)->30741K(34432K) NonClass: 25334K(26944K)->25334K(26944K) Class: 5406K(7488K)->5406K(7488K)
[109.026s][info   ][gc          ] GC(27) Pause Full (System.gc()) 1806M->1806M(5939M) 4122.369ms
[113.149s][info   ][gc,metaspace] GC(28) Metaspace: 30741K(34432K)->30741K(34432K) NonClass: 25334K(26944K)->25334K(26944K) Class: 5406K(7488K)->5406K(7488K)
[113.149s][info   ][gc          ] GC(28) Pause Full (System.gc()) 1806M->1806M(5939M) 4123.172ms
[117.277s][info   ][gc,metaspace] GC(29) Metaspace: 30741K(34432K)->30741K(34432K) NonClass: 25334K(26944K)->25334K(26944K) Class: 5406K(7488K)->5406K(7488K)
[117.277s][info   ][gc          ] GC(29) Pause Full (System.gc()) 1806M->1806M(5939M) 4127.712ms
[121.399s][info   ][gc,metaspace] GC(30) Metaspace: 30741K(34432K)->30741K(34432K) NonClass: 25334K(26944K)->25334K(26944K) Class: 5406K(7488K)->5406K(7488K)
[121.399s][info   ][gc          ] GC(30) Pause Full (System.gc()) 1806M->1806M(5939M) 4121.963ms
[125.575s][info   ][gc,metaspace] GC(31) Metaspace: 30741K(34432K)->30741K(34432K) NonClass: 25334K(26944K)->25334K(26944K) Class: 5406K(7488K)->5406K(7488K)
[125.575s][info   ][gc          ] GC(31) Pause Full (System.gc()) 1806M->1806M(5939M) 4175.789ms
[129.942s][info   ][gc,metaspace] GC(32) Metaspace: 30741K(34432K)->30741K(34432K) NonClass: 25334K(26944K)->25334K(26944K) Class: 5406K(7488K)->5406K(7488K)
[129.942s][info   ][gc          ] GC(32) Pause Full (System.gc()) 1806M->1806M(5939M) 4366.754ms
[134.065s][info   ][gc,metaspace] GC(33) Metaspace: 30741K(34432K)->30741K(34432K) NonClass: 25334K(26944K)->25334K(26944K) Class: 5406K(7488K)->5406K(7488K)
[134.065s][info   ][gc          ] GC(33) Pause Full (System.gc()) 1806M->1806M(5939M) 4123.058ms
[138.188s][info   ][gc,metaspace] GC(34) Metaspace: 30741K(34432K)->30741K(34432K) NonClass: 25334K(26944K)->25334K(26944K) Class: 5406K(7488K)->5406K(7488K)
[138.188s][info   ][gc          ] GC(34) Pause Full (System.gc()) 1806M->1806M(5939M) 4122.429ms
[142.318s][info   ][gc,metaspace] GC(35) Metaspace: 30741K(34432K)->30741K(34432K) NonClass: 25334K(26944K)->25334K(26944K) Class: 5406K(7488K)->5406K(7488K)
[142.318s][info   ][gc          ] GC(35) Pause Full (System.gc()) 1806M->1806M(5939M) 4130.192ms
[146.439s][info   ][gc,metaspace] GC(36) Metaspace: 30741K(34432K)->30741K(34432K) NonClass: 25334K(26944K)->25334K(26944K) Class: 5406K(7488K)->5406K(7488K)
[146.439s][info   ][gc          ] GC(36) Pause Full (System.gc()) 1823M->1806M(5939M) 4120.726ms
[150.613s][info   ][gc,metaspace] GC(37) Metaspace: 30741K(34432K)->30741K(34432K) NonClass: 25334K(26944K)->25334K(26944K) Class: 5406K(7488K)->5406K(7488K)
[150.613s][info   ][gc          ] GC(37) Pause Full (System.gc()) 1806M->1806M(5939M) 4173.947ms
[154.739s][info   ][gc,metaspace] GC(38) Metaspace: 30741K(34432K)->30741K(34432K) NonClass: 25334K(26944K)->25334K(26944K) Class: 5406K(7488K)->5406K(7488K)
[154.739s][info   ][gc          ] GC(38) Pause Full (System.gc()) 1806M->1806M(5939M) 4126.398ms
[158.867s][info   ][gc,metaspace] GC(39) Metaspace: 30741K(34432K)->30741K(34432K) NonClass: 25334K(26944K)->25334K(26944K) Class: 5406K(7488K)->5406K(7488K)
[158.867s][info   ][gc          ] GC(39) Pause Full (System.gc()) 1806M->1806M(5939M) 4127.442ms
[162.989s][info   ][gc,metaspace] GC(40) Metaspace: 30741K(34432K)->30741K(34432K) NonClass: 25334K(26944K)->25334K(26944K) Class: 5406K(7488K)->5406K(7488K)
[162.989s][info   ][gc          ] GC(40) Pause Full (System.gc()) 1806M->1806M(5939M) 4122.067ms
[167.112s][info   ][gc,metaspace] GC(41) Metaspace: 30741K(34432K)->30741K(34432K) NonClass: 25334K(26944K)->25334K(26944K) Class: 5406K(7488K)->5406K(7488K)
[167.112s][info   ][gc          ] GC(41) Pause Full (System.gc()) 1806M->1806M(5939M) 4122.434ms
[171.239s][info   ][gc,metaspace] GC(42) Metaspace: 30741K(34432K)->30741K(34432K) NonClass: 25334K(26944K)->25334K(26944K) Class: 5406K(7488K)->5406K(7488K)
[171.240s][info   ][gc          ] GC(42) Pause Full (System.gc()) 1806M->1806M(5939M) 4127.660ms
[175.362s][info   ][gc,metaspace] GC(43) Metaspace: 30741K(34432K)->30741K(34432K) NonClass: 25334K(26944K)->25334K(26944K) Class: 5406K(7488K)->5406K(7488K)
[175.362s][info   ][gc          ] GC(43) Pause Full (System.gc()) 1806M->1806M(5939M) 4122.344ms
[179.484s][info   ][gc,metaspace] GC(44) Metaspace: 30741K(34432K)->30741K(34432K) NonClass: 25334K(26944K)->25334K(26944K) Class: 5406K(7488K)->5406K(7488K)
[179.484s][info   ][gc          ] GC(44) Pause Full (System.gc()) 1806M->1806M(5939M) 4122.011ms
[183.666s][info   ][gc,metaspace] GC(45) Metaspace: 30741K(34432K)->30741K(34432K) NonClass: 25334K(26944K)->25334K(26944K) Class: 5406K(7488K)->5406K(7488K)
[183.666s][info   ][gc          ] GC(45) Pause Full (System.gc()) 1806M->1806M(5939M) 4181.291ms
[187.787s][info   ][gc,metaspace] GC(46) Metaspace: 30741K(34432K)->30741K(34432K) NonClass: 25334K(26944K)->25334K(26944K) Class: 5406K(7488K)->5406K(7488K)
[187.787s][info   ][gc          ] GC(46) Pause Full (System.gc()) 1806M->1806M(5939M) 4121.618ms
[191.914s][info   ][gc,metaspace] GC(47) Metaspace: 30741K(34432K)->30741K(34432K) NonClass: 25334K(26944K)->25334K(26944K) Class: 5406K(7488K)->5406K(7488K)
[191.914s][info   ][gc          ] GC(47) Pause Full (System.gc()) 1806M->1806M(5939M) 4126.839ms
[196.041s][info   ][gc,metaspace] GC(48) Metaspace: 30741K(34432K)->30741K(34432K) NonClass: 25334K(26944K)->25334K(26944K) Class: 5406K(7488K)->5406K(7488K)
[196.041s][info   ][gc          ] GC(48) Pause Full (System.gc()) 1806M->1806M(5939M) 4126.413ms
[200.164s][info   ][gc,metaspace] GC(49) Metaspace: 30741K(34432K)->30741K(34432K) NonClass: 25334K(26944K)->25334K(26944K) Class: 5406K(7488K)->5406K(7488K)
[200.164s][info   ][gc          ] GC(49) Pause Full (System.gc()) 1806M->1806M(5939M) 4123.353ms
[204.288s][info   ][gc,metaspace] GC(50) Metaspace: 30741K(34432K)->30741K(34432K) NonClass: 25334K(26944K)->25334K(26944K) Class: 5406K(7488K)->5406K(7488K)
[204.288s][info   ][gc          ] GC(50) Pause Full (System.gc()) 1806M->1806M(5939M) 4123.749ms
[208.414s][info   ][gc,metaspace] GC(51) Metaspace: 30741K(34432K)->30741K(34432K) NonClass: 25334K(26944K)->25334K(26944K) Class: 5406K(7488K)->5406K(7488K)
[208.414s][info   ][gc          ] GC(51) Pause Full (System.gc()) 1806M->1806M(5939M) 4126.051ms
[212.593s][info   ][gc,metaspace] GC(52) Metaspace: 30741K(34432K)->30741K(34432K) NonClass: 25334K(26944K)->25334K(26944K) Class: 5406K(7488K)->5406K(7488K)
[212.593s][info   ][gc          ] GC(52) Pause Full (System.gc()) 1823M->1806M(5939M) 4178.282ms
[216.721s][info   ][gc,metaspace] GC(53) Metaspace: 30741K(34432K)->30741K(34432K) NonClass: 25334K(26944K)->25334K(26944K) Class: 5406K(7488K)->5406K(7488K)
[216.721s][info   ][gc          ] GC(53) Pause Full (System.gc()) 1806M->1806M(5939M) 4128.112ms
[220.850s][info   ][gc,metaspace] GC(54) Metaspace: 30741K(34432K)->30741K(34432K) NonClass: 25334K(26944K)->25334K(26944K) Class: 5406K(7488K)->5406K(7488K)
[220.850s][info   ][gc          ] GC(54) Pause Full (System.gc()) 1806M->1806M(5939M) 4128.478ms
[224.984s][info   ][gc,metaspace] GC(55) Metaspace: 30741K(34432K)->30741K(34432K) NonClass: 25334K(26944K)->25334K(26944K) Class: 5406K(7488K)->5406K(7488K)
[224.984s][info   ][gc          ] GC(55) Pause Full (System.gc()) 1806M->1806M(5939M) 4133.922ms
[229.117s][info   ][gc,metaspace] GC(56) Metaspace: 30741K(34432K)->30741K(34432K) NonClass: 25334K(26944K)->25334K(26944K) Class: 5406K(7488K)->5406K(7488K)
[229.117s][info   ][gc          ] GC(56) Pause Full (System.gc()) 1806M->1806M(5939M) 4132.499ms
[233.251s][info   ][gc,metaspace] GC(57) Metaspace: 30741K(34432K)->30741K(34432K) NonClass: 25334K(26944K)->25334K(26944K) Class: 5406K(7488K)->5406K(7488K)
[233.251s][info   ][gc          ] GC(57) Pause Full (System.gc()) 1806M->1806M(5939M) 4134.526ms
[237.386s][info   ][gc,metaspace] GC(58) Metaspace: 30741K(34432K)->30741K(34432K) NonClass: 25334K(26944K)->25334K(26944K) Class: 5406K(7488K)->5406K(7488K)
[237.386s][info   ][gc          ] GC(58) Pause Full (System.gc()) 1806M->1806M(5939M) 4135.103ms
[241.569s][info   ][gc,metaspace] GC(59) Metaspace: 30741K(34432K)->30741K(34432K) NonClass: 25334K(26944K)->25334K(26944K) Class: 5406K(7488K)->5406K(7488K)
[241.569s][info   ][gc          ] GC(59) Pause Full (System.gc()) 1806M->1806M(5939M) 4182.537ms
[245.941s][info   ][gc,metaspace] GC(60) Metaspace: 30741K(34432K)->30741K(34432K) NonClass: 25334K(26944K)->25334K(26944K) Class: 5406K(7488K)->5406K(7488K)
[245.941s][info   ][gc          ] GC(60) Pause Full (System.gc()) 1806M->1806M(5939M) 4371.478ms
[250.076s][info   ][gc,metaspace] GC(61) Metaspace: 30741K(34432K)->30741K(34432K) NonClass: 25334K(26944K)->25334K(26944K) Class: 5406K(7488K)->5406K(7488K)
[250.076s][info   ][gc          ] GC(61) Pause Full (System.gc()) 1806M->1806M(5939M) 4135.367ms
[254.205s][info   ][gc,metaspace] GC(62) Metaspace: 30741K(34432K)->30741K(34432K) NonClass: 25334K(26944K)->25334K(26944K) Class: 5406K(7488K)->5406K(7488K)
[254.205s][info   ][gc          ] GC(62) Pause Full (System.gc()) 1806M->1806M(5939M) 4128.876ms
After GCs... 
