Done; will start GCs... 
[14.134s][info   ][gc,metaspace] GC(17) Metaspace: 12557K(13056K)->12557K(13056K) NonClass: 11212K(11456K)->11212K(11456K) Class: 1345K(1600K)->1345K(1600K)
[14.134s][info   ][gc          ] GC(17) Pause Full (System.gc()) 1862M->1843M(5616M) 613.092ms
[14.757s][info   ][gc,metaspace] GC(18) Metaspace: 12557K(13056K)->12557K(13056K) NonClass: 11212K(11456K)->11212K(11456K) Class: 1345K(1600K)->1345K(1600K)
[14.757s][info   ][gc          ] GC(18) Pause Full (System.gc()) 1843M->1843M(5616M) 623.017ms
[15.335s][info   ][gc,metaspace] GC(19) Metaspace: 12557K(13056K)->12557K(13056K) NonClass: 11212K(11456K)->11212K(11456K) Class: 1345K(1600K)->1345K(1600K)
[15.335s][info   ][gc          ] GC(19) Pause Full (System.gc()) 1843M->1843M(5616M) 578.066ms
[15.991s][info   ][gc,metaspace] GC(20) Metaspace: 12557K(13056K)->12557K(13056K) NonClass: 11212K(11456K)->11212K(11456K) Class: 1345K(1600K)->1345K(1600K)
[15.991s][info   ][gc          ] GC(20) Pause Full (System.gc()) 1843M->1843M(5616M) 655.137ms
[16.567s][info   ][gc,metaspace] GC(21) Metaspace: 12557K(13056K)->12557K(13056K) NonClass: 11212K(11456K)->11212K(11456K) Class: 1345K(1600K)->1345K(1600K)
[16.567s][info   ][gc          ] GC(21) Pause Full (System.gc()) 1843M->1843M(5616M) 576.595ms
[17.163s][info   ][gc,metaspace] GC(22) Metaspace: 12557K(13056K)->12557K(13056K) NonClass: 11212K(11456K)->11212K(11456K) Class: 1345K(1600K)->1345K(1600K)
[17.163s][info   ][gc          ] GC(22) Pause Full (System.gc()) 1843M->1843M(5616M) 595.680ms
[17.785s][info   ][gc,metaspace] GC(23) Metaspace: 12557K(13056K)->12557K(13056K) NonClass: 11212K(11456K)->11212K(11456K) Class: 1345K(1600K)->1345K(1600K)
[17.785s][info   ][gc          ] GC(23) Pause Full (System.gc()) 1843M->1843M(5616M) 622.302ms
[18.360s][info   ][gc,metaspace] GC(24) Metaspace: 12557K(13056K)->12557K(13056K) NonClass: 11212K(11456K)->11212K(11456K) Class: 1345K(1600K)->1345K(1600K)
[18.360s][info   ][gc          ] GC(24) Pause Full (System.gc()) 1843M->1843M(5616M) 574.984ms
[18.964s][info   ][gc,metaspace] GC(25) Metaspace: 12557K(13056K)->12557K(13056K) NonClass: 11212K(11456K)->11212K(11456K) Class: 1345K(1600K)->1345K(1600K)
[18.964s][info   ][gc          ] GC(25) Pause Full (System.gc()) 1843M->1843M(5616M) 603.767ms
[19.541s][info   ][gc,metaspace] GC(26) Metaspace: 12557K(13056K)->12557K(13056K) NonClass: 11212K(11456K)->11212K(11456K) Class: 1345K(1600K)->1345K(1600K)
[19.541s][info   ][gc          ] GC(26) Pause Full (System.gc()) 1843M->1843M(5616M) 576.911ms
[20.163s][info   ][gc,metaspace] GC(27) Metaspace: 12557K(13056K)->12557K(13056K) NonClass: 11212K(11456K)->11212K(11456K) Class: 1345K(1600K)->1345K(1600K)
[20.163s][info   ][gc          ] GC(27) Pause Full (System.gc()) 1843M->1843M(5616M) 621.236ms
[20.781s][info   ][gc,metaspace] GC(28) Metaspace: 12557K(13056K)->12557K(13056K) NonClass: 11212K(11456K)->11212K(11456K) Class: 1345K(1600K)->1345K(1600K)
[20.781s][info   ][gc          ] GC(28) Pause Full (System.gc()) 1843M->1843M(5616M) 618.265ms
[21.357s][info   ][gc,metaspace] GC(29) Metaspace: 12557K(13056K)->12557K(13056K) NonClass: 11212K(11456K)->11212K(11456K) Class: 1345K(1600K)->1345K(1600K)
[21.357s][info   ][gc          ] GC(29) Pause Full (System.gc()) 1843M->1843M(5616M) 576.356ms
[22.029s][info   ][gc,metaspace] GC(30) Metaspace: 12557K(13056K)->12557K(13056K) NonClass: 11212K(11456K)->11212K(11456K) Class: 1345K(1600K)->1345K(1600K)
[22.029s][info   ][gc          ] GC(30) Pause Full (System.gc()) 1843M->1843M(5616M) 671.556ms
[22.616s][info   ][gc,metaspace] GC(31) Metaspace: 12557K(13056K)->12557K(13056K) NonClass: 11212K(11456K)->11212K(11456K) Class: 1345K(1600K)->1345K(1600K)
[22.616s][info   ][gc          ] GC(31) Pause Full (System.gc()) 1843M->1843M(5616M) 587.236ms
[23.201s][info   ][gc,metaspace] GC(32) Metaspace: 12557K(13056K)->12557K(13056K) NonClass: 11212K(11456K)->11212K(11456K) Class: 1345K(1600K)->1345K(1600K)
[23.201s][info   ][gc          ] GC(32) Pause Full (System.gc()) 1843M->1843M(5616M) 584.366ms
[23.819s][info   ][gc,metaspace] GC(33) Metaspace: 12557K(13056K)->12557K(13056K) NonClass: 11212K(11456K)->11212K(11456K) Class: 1345K(1600K)->1345K(1600K)
[23.819s][info   ][gc          ] GC(33) Pause Full (System.gc()) 1843M->1843M(5616M) 618.446ms
[24.399s][info   ][gc,metaspace] GC(34) Metaspace: 12557K(13056K)->12557K(13056K) NonClass: 11212K(11456K)->11212K(11456K) Class: 1345K(1600K)->1345K(1600K)
[24.399s][info   ][gc          ] GC(34) Pause Full (System.gc()) 1843M->1843M(5616M) 575.557ms
[25.015s][info   ][gc,metaspace] GC(35) Metaspace: 12557K(13056K)->12557K(13056K) NonClass: 11212K(11456K)->11212K(11456K) Class: 1345K(1600K)->1345K(1600K)
[25.015s][info   ][gc          ] GC(35) Pause Full (System.gc()) 1843M->1843M(5616M) 615.287ms
[25.592s][info   ][gc,metaspace] GC(36) Metaspace: 12557K(13056K)->12557K(13056K) NonClass: 11212K(11456K)->11212K(11456K) Class: 1345K(1600K)->1345K(1600K)
[25.592s][info   ][gc          ] GC(36) Pause Full (System.gc()) 1843M->1843M(5616M) 577.135ms
[26.207s][info   ][gc,metaspace] GC(37) Metaspace: 12557K(13056K)->12557K(13056K) NonClass: 11212K(11456K)->11212K(11456K) Class: 1345K(1600K)->1345K(1600K)
[26.207s][info   ][gc          ] GC(37) Pause Full (System.gc()) 1843M->1843M(5616M) 614.559ms
[26.898s][info   ][gc,metaspace] GC(38) Metaspace: 12557K(13056K)->12557K(13056K) NonClass: 11212K(11456K)->11212K(11456K) Class: 1345K(1600K)->1345K(1600K)
[26.898s][info   ][gc          ] GC(38) Pause Full (System.gc()) 1843M->1843M(5616M) 691.627ms
[27.482s][info   ][gc,metaspace] GC(39) Metaspace: 12557K(13056K)->12557K(13056K) NonClass: 11212K(11456K)->11212K(11456K) Class: 1345K(1600K)->1345K(1600K)
[27.482s][info   ][gc          ] GC(39) Pause Full (System.gc()) 1843M->1843M(5616M) 584.056ms
[28.065s][info   ][gc,metaspace] GC(40) Metaspace: 12557K(13056K)->12557K(13056K) NonClass: 11212K(11456K)->11212K(11456K) Class: 1345K(1600K)->1345K(1600K)
[28.065s][info   ][gc          ] GC(40) Pause Full (System.gc()) 1843M->1843M(5616M) 582.129ms
[28.663s][info   ][gc,metaspace] GC(41) Metaspace: 12557K(13056K)->12557K(13056K) NonClass: 11212K(11456K)->11212K(11456K) Class: 1345K(1600K)->1345K(1600K)
[28.663s][info   ][gc          ] GC(41) Pause Full (System.gc()) 1843M->1843M(5616M) 598.114ms
[29.272s][info   ][gc,metaspace] GC(42) Metaspace: 12557K(13056K)->12557K(13056K) NonClass: 11212K(11456K)->11212K(11456K) Class: 1345K(1600K)->1345K(1600K)
[29.272s][info   ][gc          ] GC(42) Pause Full (System.gc()) 1843M->1843M(5616M) 609.369ms
[29.960s][info   ][gc,metaspace] GC(43) Metaspace: 12557K(13056K)->12557K(13056K) NonClass: 11212K(11456K)->11212K(11456K) Class: 1345K(1600K)->1345K(1600K)
[29.960s][info   ][gc          ] GC(43) Pause Full (System.gc()) 1843M->1843M(5616M) 683.393ms
[30.534s][info   ][gc,metaspace] GC(44) Metaspace: 12557K(13056K)->12557K(13056K) NonClass: 11212K(11456K)->11212K(11456K) Class: 1345K(1600K)->1345K(1600K)
[30.534s][info   ][gc          ] GC(44) Pause Full (System.gc()) 1843M->1843M(5616M) 573.569ms
[31.118s][info   ][gc,metaspace] GC(45) Metaspace: 12557K(13056K)->12557K(13056K) NonClass: 11212K(11456K)->11212K(11456K) Class: 1345K(1600K)->1345K(1600K)
[31.118s][info   ][gc          ] GC(45) Pause Full (System.gc()) 1843M->1843M(5616M) 584.683ms
[31.739s][info   ][gc,metaspace] GC(46) Metaspace: 12557K(13056K)->12557K(13056K) NonClass: 11212K(11456K)->11212K(11456K) Class: 1345K(1600K)->1345K(1600K)
[31.739s][info   ][gc          ] GC(46) Pause Full (System.gc()) 1843M->1843M(5616M) 620.772ms
[32.309s][info   ][gc,metaspace] GC(47) Metaspace: 12557K(13056K)->12557K(13056K) NonClass: 11212K(11456K)->11212K(11456K) Class: 1345K(1600K)->1345K(1600K)
[32.309s][info   ][gc          ] GC(47) Pause Full (System.gc()) 1843M->1843M(5616M) 570.031ms
[32.920s][info   ][gc,metaspace] GC(48) Metaspace: 12557K(13056K)->12557K(13056K) NonClass: 11212K(11456K)->11212K(11456K) Class: 1345K(1600K)->1345K(1600K)
[32.920s][info   ][gc          ] GC(48) Pause Full (System.gc()) 1843M->1843M(5616M) 610.270ms
[33.497s][info   ][gc,metaspace] GC(49) Metaspace: 12557K(13056K)->12557K(13056K) NonClass: 11212K(11456K)->11212K(11456K) Class: 1345K(1600K)->1345K(1600K)
[33.497s][info   ][gc          ] GC(49) Pause Full (System.gc()) 1843M->1843M(5616M) 576.862ms
[34.118s][info   ][gc,metaspace] GC(50) Metaspace: 12557K(13056K)->12557K(13056K) NonClass: 11212K(11456K)->11212K(11456K) Class: 1345K(1600K)->1345K(1600K)
[34.118s][info   ][gc          ] GC(50) Pause Full (System.gc()) 1843M->1843M(5616M) 621.412ms
[34.737s][info   ][gc,metaspace] GC(51) Metaspace: 12557K(13056K)->12557K(13056K) NonClass: 11212K(11456K)->11212K(11456K) Class: 1345K(1600K)->1345K(1600K)
[34.737s][info   ][gc          ] GC(51) Pause Full (System.gc()) 1843M->1843M(5616M) 618.384ms
[35.335s][info   ][gc,metaspace] GC(52) Metaspace: 12557K(13056K)->12557K(13056K) NonClass: 11212K(11456K)->11212K(11456K) Class: 1345K(1600K)->1345K(1600K)
[35.335s][info   ][gc          ] GC(52) Pause Full (System.gc()) 1843M->1843M(5616M) 594.065ms
[35.939s][info   ][gc,metaspace] GC(53) Metaspace: 12557K(13056K)->12557K(13056K) NonClass: 11212K(11456K)->11212K(11456K) Class: 1345K(1600K)->1345K(1600K)
[35.939s][info   ][gc          ] GC(53) Pause Full (System.gc()) 1843M->1843M(5616M) 603.629ms
[36.508s][info   ][gc,metaspace] GC(54) Metaspace: 12557K(13056K)->12557K(13056K) NonClass: 11212K(11456K)->11212K(11456K) Class: 1345K(1600K)->1345K(1600K)
[36.508s][info   ][gc          ] GC(54) Pause Full (System.gc()) 1843M->1843M(5616M) 569.575ms
[37.119s][info   ][gc,metaspace] GC(55) Metaspace: 12557K(13056K)->12557K(13056K) NonClass: 11212K(11456K)->11212K(11456K) Class: 1345K(1600K)->1345K(1600K)
[37.119s][info   ][gc          ] GC(55) Pause Full (System.gc()) 1843M->1843M(5616M) 610.623ms
[37.735s][info   ][gc,metaspace] GC(56) Metaspace: 12557K(13056K)->12557K(13056K) NonClass: 11212K(11456K)->11212K(11456K) Class: 1345K(1600K)->1345K(1600K)
[37.735s][info   ][gc          ] GC(56) Pause Full (System.gc()) 1843M->1843M(5616M) 616.067ms
[38.319s][info   ][gc,metaspace] GC(57) Metaspace: 12557K(13056K)->12557K(13056K) NonClass: 11212K(11456K)->11212K(11456K) Class: 1345K(1600K)->1345K(1600K)
[38.320s][info   ][gc          ] GC(57) Pause Full (System.gc()) 1843M->1843M(5616M) 584.131ms
[38.925s][info   ][gc,metaspace] GC(58) Metaspace: 12557K(13056K)->12557K(13056K) NonClass: 11212K(11456K)->11212K(11456K) Class: 1345K(1600K)->1345K(1600K)
[38.925s][info   ][gc          ] GC(58) Pause Full (System.gc()) 1843M->1843M(5616M) 605.622ms
[39.494s][info   ][gc,metaspace] GC(59) Metaspace: 12557K(13056K)->12557K(13056K) NonClass: 11212K(11456K)->11212K(11456K) Class: 1345K(1600K)->1345K(1600K)
[39.494s][info   ][gc          ] GC(59) Pause Full (System.gc()) 1843M->1843M(5616M) 568.422ms
[40.102s][info   ][gc,metaspace] GC(60) Metaspace: 12557K(13056K)->12557K(13056K) NonClass: 11212K(11456K)->11212K(11456K) Class: 1345K(1600K)->1345K(1600K)
[40.102s][info   ][gc          ] GC(60) Pause Full (System.gc()) 1843M->1843M(5616M) 608.187ms
[40.723s][info   ][gc,metaspace] GC(61) Metaspace: 12557K(13056K)->12557K(13056K) NonClass: 11212K(11456K)->11212K(11456K) Class: 1345K(1600K)->1345K(1600K)
[40.723s][info   ][gc          ] GC(61) Pause Full (System.gc()) 1843M->1843M(5616M) 620.569ms
[41.302s][info   ][gc,metaspace] GC(62) Metaspace: 12557K(13056K)->12557K(13056K) NonClass: 11212K(11456K)->11212K(11456K) Class: 1345K(1600K)->1345K(1600K)
[41.302s][info   ][gc          ] GC(62) Pause Full (System.gc()) 1843M->1843M(5616M) 579.027ms
[41.913s][info   ][gc,metaspace] GC(63) Metaspace: 12557K(13056K)->12557K(13056K) NonClass: 11212K(11456K)->11212K(11456K) Class: 1345K(1600K)->1345K(1600K)
[41.913s][info   ][gc          ] GC(63) Pause Full (System.gc()) 1843M->1843M(5616M) 610.800ms
[42.540s][info   ][gc,metaspace] GC(64) Metaspace: 12557K(13056K)->12557K(13056K) NonClass: 11212K(11456K)->11212K(11456K) Class: 1345K(1600K)->1345K(1600K)
[42.540s][info   ][gc          ] GC(64) Pause Full (System.gc()) 1843M->1843M(5616M) 627.547ms
[43.142s][info   ][gc,metaspace] GC(65) Metaspace: 12557K(13056K)->12557K(13056K) NonClass: 11212K(11456K)->11212K(11456K) Class: 1345K(1600K)->1345K(1600K)
[43.142s][info   ][gc          ] GC(65) Pause Full (System.gc()) 1843M->1843M(5616M) 601.915ms
[43.814s][info   ][gc,metaspace] GC(66) Metaspace: 12557K(13056K)->12557K(13056K) NonClass: 11212K(11456K)->11212K(11456K) Class: 1345K(1600K)->1345K(1600K)
[43.814s][info   ][gc          ] GC(66) Pause Full (System.gc()) 1843M->1843M(5616M) 672.005ms
After GCs... 
