Done; will start GCs... 
[14.911s][info   ][gc,metaspace] GC(15) Metaspace: 12590K(13056K)->12590K(13056K) NonClass: 10419K(10624K)->10419K(10624K) Class: 2170K(2432K)->2170K(2432K)
[14.911s][info   ][gc          ] GC(15) Pause Full (System.gc()) 1658M->1638M(5617M) 648.960ms
[15.496s][info   ][gc,metaspace] GC(16) Metaspace: 12590K(13056K)->12590K(13056K) NonClass: 10419K(10624K)->10419K(10624K) Class: 2170K(2432K)->2170K(2432K)
[15.496s][info   ][gc          ] GC(16) Pause Full (System.gc()) 1638M->1638M(5617M) 584.316ms
[16.171s][info   ][gc,metaspace] GC(17) Metaspace: 12590K(13056K)->12590K(13056K) NonClass: 10419K(10624K)->10419K(10624K) Class: 2170K(2432K)->2170K(2432K)
[16.171s][info   ][gc          ] GC(17) Pause Full (System.gc()) 1638M->1638M(5617M) 675.146ms
[16.751s][info   ][gc,metaspace] GC(18) Metaspace: 12590K(13056K)->12590K(13056K) NonClass: 10419K(10624K)->10419K(10624K) Class: 2170K(2432K)->2170K(2432K)
[16.751s][info   ][gc          ] GC(18) Pause Full (System.gc()) 1638M->1638M(5617M) 580.278ms
[17.380s][info   ][gc,metaspace] GC(19) Metaspace: 12590K(13056K)->12590K(13056K) NonClass: 10419K(10624K)->10419K(10624K) Class: 2170K(2432K)->2170K(2432K)
[17.380s][info   ][gc          ] GC(19) Pause Full (System.gc()) 1638M->1638M(5617M) 628.851ms
[18.002s][info   ][gc,metaspace] GC(20) Metaspace: 12590K(13056K)->12590K(13056K) NonClass: 10419K(10624K)->10419K(10624K) Class: 2170K(2432K)->2170K(2432K)
[18.002s][info   ][gc          ] GC(20) Pause Full (System.gc()) 1638M->1638M(5617M) 621.956ms
[18.582s][info   ][gc,metaspace] GC(21) Metaspace: 12590K(13056K)->12590K(13056K) NonClass: 10419K(10624K)->10419K(10624K) Class: 2170K(2432K)->2170K(2432K)
[18.582s][info   ][gc          ] GC(21) Pause Full (System.gc()) 1638M->1638M(5617M) 579.768ms
[19.218s][info   ][gc,metaspace] GC(22) Metaspace: 12590K(13056K)->12590K(13056K) NonClass: 10419K(10624K)->10419K(10624K) Class: 2170K(2432K)->2170K(2432K)
[19.219s][info   ][gc          ] GC(22) Pause Full (System.gc()) 1638M->1638M(5617M) 636.293ms
[19.802s][info   ][gc,metaspace] GC(23) Metaspace: 12590K(13056K)->12590K(13056K) NonClass: 10419K(10624K)->10419K(10624K) Class: 2170K(2432K)->2170K(2432K)
[19.802s][info   ][gc          ] GC(23) Pause Full (System.gc()) 1638M->1638M(5617M) 583.644ms
[20.438s][info   ][gc,metaspace] GC(24) Metaspace: 12590K(13056K)->12590K(13056K) NonClass: 10419K(10624K)->10419K(10624K) Class: 2170K(2432K)->2170K(2432K)
[20.438s][info   ][gc          ] GC(24) Pause Full (System.gc()) 1638M->1638M(5617M) 635.396ms
[21.065s][info   ][gc,metaspace] GC(25) Metaspace: 12590K(13056K)->12590K(13056K) NonClass: 10419K(10624K)->10419K(10624K) Class: 2170K(2432K)->2170K(2432K)
[21.065s][info   ][gc          ] GC(25) Pause Full (System.gc()) 1638M->1638M(5617M) 627.607ms
[21.658s][info   ][gc,metaspace] GC(26) Metaspace: 12590K(13056K)->12590K(13056K) NonClass: 10419K(10624K)->10419K(10624K) Class: 2170K(2432K)->2170K(2432K)
[21.658s][info   ][gc          ] GC(26) Pause Full (System.gc()) 1638M->1638M(5617M) 592.797ms
[22.286s][info   ][gc,metaspace] GC(27) Metaspace: 12590K(13056K)->12590K(13056K) NonClass: 10419K(10624K)->10419K(10624K) Class: 2170K(2432K)->2170K(2432K)
[22.286s][info   ][gc          ] GC(27) Pause Full (System.gc()) 1638M->1638M(5617M) 627.555ms
[22.917s][info   ][gc,metaspace] GC(28) Metaspace: 12590K(13056K)->12590K(13056K) NonClass: 10419K(10624K)->10419K(10624K) Class: 2170K(2432K)->2170K(2432K)
[22.918s][info   ][gc          ] GC(28) Pause Full (System.gc()) 1638M->1638M(5617M) 631.451ms
[23.516s][info   ][gc,metaspace] GC(29) Metaspace: 12590K(13056K)->12590K(13056K) NonClass: 10419K(10624K)->10419K(10624K) Class: 2170K(2432K)->2170K(2432K)
[23.516s][info   ][gc          ] GC(29) Pause Full (System.gc()) 1638M->1638M(5617M) 598.223ms
[24.175s][info   ][gc,metaspace] GC(30) Metaspace: 12590K(13056K)->12590K(13056K) NonClass: 10419K(10624K)->10419K(10624K) Class: 2170K(2432K)->2170K(2432K)
[24.176s][info   ][gc          ] GC(30) Pause Full (System.gc()) 1638M->1638M(5617M) 659.583ms
[24.775s][info   ][gc,metaspace] GC(31) Metaspace: 12590K(13056K)->12590K(13056K) NonClass: 10419K(10624K)->10419K(10624K) Class: 2170K(2432K)->2170K(2432K)
[24.775s][info   ][gc          ] GC(31) Pause Full (System.gc()) 1638M->1638M(5617M) 599.808ms
[25.374s][info   ][gc,metaspace] GC(32) Metaspace: 12590K(13056K)->12590K(13056K) NonClass: 10419K(10624K)->10419K(10624K) Class: 2170K(2432K)->2170K(2432K)
[25.374s][info   ][gc          ] GC(32) Pause Full (System.gc()) 1638M->1638M(5617M) 593.851ms
[26.000s][info   ][gc,metaspace] GC(33) Metaspace: 12590K(13056K)->12590K(13056K) NonClass: 10419K(10624K)->10419K(10624K) Class: 2170K(2432K)->2170K(2432K)
[26.000s][info   ][gc          ] GC(33) Pause Full (System.gc()) 1638M->1638M(5617M) 626.037ms
[26.590s][info   ][gc,metaspace] GC(34) Metaspace: 12590K(13056K)->12590K(13056K) NonClass: 10419K(10624K)->10419K(10624K) Class: 2170K(2432K)->2170K(2432K)
[26.590s][info   ][gc          ] GC(34) Pause Full (System.gc()) 1638M->1638M(5617M) 590.378ms
[27.220s][info   ][gc,metaspace] GC(35) Metaspace: 12590K(13056K)->12590K(13056K) NonClass: 10419K(10624K)->10419K(10624K) Class: 2170K(2432K)->2170K(2432K)
[27.220s][info   ][gc          ] GC(35) Pause Full (System.gc()) 1638M->1638M(5617M) 629.237ms
[27.873s][info   ][gc,metaspace] GC(36) Metaspace: 12590K(13056K)->12590K(13056K) NonClass: 10419K(10624K)->10419K(10624K) Class: 2170K(2432K)->2170K(2432K)
[27.873s][info   ][gc          ] GC(36) Pause Full (System.gc()) 1638M->1638M(5617M) 653.183ms
[28.463s][info   ][gc,metaspace] GC(37) Metaspace: 12590K(13056K)->12590K(13056K) NonClass: 10419K(10624K)->10419K(10624K) Class: 2170K(2432K)->2170K(2432K)
[28.463s][info   ][gc          ] GC(37) Pause Full (System.gc()) 1638M->1638M(5617M) 590.174ms
[29.078s][info   ][gc,metaspace] GC(38) Metaspace: 12590K(13056K)->12590K(13056K) NonClass: 10419K(10624K)->10419K(10624K) Class: 2170K(2432K)->2170K(2432K)
[29.078s][info   ][gc          ] GC(38) Pause Full (System.gc()) 1638M->1638M(5617M) 615.016ms
[29.660s][info   ][gc,metaspace] GC(39) Metaspace: 12590K(13056K)->12590K(13056K) NonClass: 10419K(10624K)->10419K(10624K) Class: 2170K(2432K)->2170K(2432K)
[29.660s][info   ][gc          ] GC(39) Pause Full (System.gc()) 1638M->1638M(5617M) 581.311ms
[30.277s][info   ][gc,metaspace] GC(40) Metaspace: 12590K(13056K)->12590K(13056K) NonClass: 10419K(10624K)->10419K(10624K) Class: 2170K(2432K)->2170K(2432K)
[30.277s][info   ][gc          ] GC(40) Pause Full (System.gc()) 1638M->1638M(5617M) 617.128ms
[30.938s][info   ][gc,metaspace] GC(41) Metaspace: 12590K(13056K)->12590K(13056K) NonClass: 10419K(10624K)->10419K(10624K) Class: 2170K(2432K)->2170K(2432K)
[30.938s][info   ][gc          ] GC(41) Pause Full (System.gc()) 1638M->1638M(5617M) 660.756ms
[31.526s][info   ][gc,metaspace] GC(42) Metaspace: 12590K(13056K)->12590K(13056K) NonClass: 10419K(10624K)->10419K(10624K) Class: 2170K(2432K)->2170K(2432K)
[31.526s][info   ][gc          ] GC(42) Pause Full (System.gc()) 1638M->1638M(5617M) 588.184ms
[32.112s][info   ][gc,metaspace] GC(43) Metaspace: 12590K(13056K)->12590K(13056K) NonClass: 10419K(10624K)->10419K(10624K) Class: 2170K(2432K)->2170K(2432K)
[32.112s][info   ][gc          ] GC(43) Pause Full (System.gc()) 1638M->1638M(5617M) 586.042ms
[32.695s][info   ][gc,metaspace] GC(44) Metaspace: 12590K(13056K)->12590K(13056K) NonClass: 10419K(10624K)->10419K(10624K) Class: 2170K(2432K)->2170K(2432K)
[32.696s][info   ][gc          ] GC(44) Pause Full (System.gc()) 1638M->1638M(5617M) 583.459ms
[33.319s][info   ][gc,metaspace] GC(45) Metaspace: 12590K(13056K)->12590K(13056K) NonClass: 10419K(10624K)->10419K(10624K) Class: 2170K(2432K)->2170K(2432K)
[33.319s][info   ][gc          ] GC(45) Pause Full (System.gc()) 1638M->1638M(5617M) 623.734ms
[34.003s][info   ][gc,metaspace] GC(46) Metaspace: 12590K(13056K)->12590K(13056K) NonClass: 10419K(10624K)->10419K(10624K) Class: 2170K(2432K)->2170K(2432K)
[34.003s][info   ][gc          ] GC(46) Pause Full (System.gc()) 1638M->1638M(5617M) 683.665ms
[34.598s][info   ][gc,metaspace] GC(47) Metaspace: 12590K(13056K)->12590K(13056K) NonClass: 10419K(10624K)->10419K(10624K) Class: 2170K(2432K)->2170K(2432K)
[34.599s][info   ][gc          ] GC(47) Pause Full (System.gc()) 1638M->1638M(5617M) 595.293ms
[35.194s][info   ][gc,metaspace] GC(48) Metaspace: 12590K(13056K)->12590K(13056K) NonClass: 10419K(10624K)->10419K(10624K) Class: 2170K(2432K)->2170K(2432K)
[35.194s][info   ][gc          ] GC(48) Pause Full (System.gc()) 1638M->1638M(5617M) 595.801ms
[35.784s][info   ][gc,metaspace] GC(49) Metaspace: 12590K(13056K)->12590K(13056K) NonClass: 10419K(10624K)->10419K(10624K) Class: 2170K(2432K)->2170K(2432K)
[35.784s][info   ][gc          ] GC(49) Pause Full (System.gc()) 1638M->1638M(5617M) 589.163ms
[36.408s][info   ][gc,metaspace] GC(50) Metaspace: 12590K(13056K)->12590K(13056K) NonClass: 10419K(10624K)->10419K(10624K) Class: 2170K(2432K)->2170K(2432K)
[36.408s][info   ][gc          ] GC(50) Pause Full (System.gc()) 1638M->1638M(5617M) 619.653ms
[37.082s][info   ][gc,metaspace] GC(51) Metaspace: 12590K(13056K)->12590K(13056K) NonClass: 10419K(10624K)->10419K(10624K) Class: 2170K(2432K)->2170K(2432K)
[37.082s][info   ][gc          ] GC(51) Pause Full (System.gc()) 1638M->1638M(5617M) 674.022ms
[37.677s][info   ][gc,metaspace] GC(52) Metaspace: 12590K(13056K)->12590K(13056K) NonClass: 10419K(10624K)->10419K(10624K) Class: 2170K(2432K)->2170K(2432K)
[37.677s][info   ][gc          ] GC(52) Pause Full (System.gc()) 1638M->1638M(5617M) 594.979ms
[38.259s][info   ][gc,metaspace] GC(53) Metaspace: 12590K(13056K)->12590K(13056K) NonClass: 10419K(10624K)->10419K(10624K) Class: 2170K(2432K)->2170K(2432K)
[38.259s][info   ][gc          ] GC(53) Pause Full (System.gc()) 1638M->1638M(5617M) 582.172ms
[38.908s][info   ][gc,metaspace] GC(54) Metaspace: 12590K(13056K)->12590K(13056K) NonClass: 10419K(10624K)->10419K(10624K) Class: 2170K(2432K)->2170K(2432K)
[38.908s][info   ][gc          ] GC(54) Pause Full (System.gc()) 1638M->1638M(5617M) 649.245ms
[39.495s][info   ][gc,metaspace] GC(55) Metaspace: 12590K(13056K)->12590K(13056K) NonClass: 10419K(10624K)->10419K(10624K) Class: 2170K(2432K)->2170K(2432K)
[39.495s][info   ][gc          ] GC(55) Pause Full (System.gc()) 1638M->1638M(5617M) 586.404ms
[40.098s][info   ][gc,metaspace] GC(56) Metaspace: 12590K(13056K)->12590K(13056K) NonClass: 10419K(10624K)->10419K(10624K) Class: 2170K(2432K)->2170K(2432K)
[40.098s][info   ][gc          ] GC(56) Pause Full (System.gc()) 1638M->1638M(5617M) 602.516ms
[40.697s][info   ][gc,metaspace] GC(57) Metaspace: 12590K(13056K)->12590K(13056K) NonClass: 10419K(10624K)->10419K(10624K) Class: 2170K(2432K)->2170K(2432K)
[40.697s][info   ][gc          ] GC(57) Pause Full (System.gc()) 1638M->1638M(5617M) 599.619ms
[41.329s][info   ][gc,metaspace] GC(58) Metaspace: 12590K(13056K)->12590K(13056K) NonClass: 10419K(10624K)->10419K(10624K) Class: 2170K(2432K)->2170K(2432K)
[41.329s][info   ][gc          ] GC(58) Pause Full (System.gc()) 1638M->1638M(5617M) 631.282ms
[42.014s][info   ][gc,metaspace] GC(59) Metaspace: 12590K(13056K)->12590K(13056K) NonClass: 10419K(10624K)->10419K(10624K) Class: 2170K(2432K)->2170K(2432K)
[42.014s][info   ][gc          ] GC(59) Pause Full (System.gc()) 1638M->1638M(5617M) 685.679ms
[42.615s][info   ][gc,metaspace] GC(60) Metaspace: 12590K(13056K)->12590K(13056K) NonClass: 10419K(10624K)->10419K(10624K) Class: 2170K(2432K)->2170K(2432K)
[42.615s][info   ][gc          ] GC(60) Pause Full (System.gc()) 1638M->1638M(5617M) 600.756ms
[43.204s][info   ][gc,metaspace] GC(61) Metaspace: 12590K(13056K)->12590K(13056K) NonClass: 10419K(10624K)->10419K(10624K) Class: 2170K(2432K)->2170K(2432K)
[43.204s][info   ][gc          ] GC(61) Pause Full (System.gc()) 1638M->1638M(5617M) 589.128ms
[43.792s][info   ][gc,metaspace] GC(62) Metaspace: 12590K(13056K)->12590K(13056K) NonClass: 10419K(10624K)->10419K(10624K) Class: 2170K(2432K)->2170K(2432K)
[43.792s][info   ][gc          ] GC(62) Pause Full (System.gc()) 1638M->1638M(5617M) 587.894ms
[44.421s][info   ][gc,metaspace] GC(63) Metaspace: 12590K(13056K)->12590K(13056K) NonClass: 10419K(10624K)->10419K(10624K) Class: 2170K(2432K)->2170K(2432K)
[44.421s][info   ][gc          ] GC(63) Pause Full (System.gc()) 1638M->1638M(5617M) 628.535ms
[45.042s][info   ][gc,metaspace] GC(64) Metaspace: 12590K(13056K)->12590K(13056K) NonClass: 10419K(10624K)->10419K(10624K) Class: 2170K(2432K)->2170K(2432K)
[45.042s][info   ][gc          ] GC(64) Pause Full (System.gc()) 1638M->1638M(5617M) 620.996ms
After GCs... 
