Done; will start GCs... 
[14.966s][info   ][gc,metaspace] GC(15) Metaspace: 12596K(13056K)->12596K(13056K) NonClass: 10425K(10624K)->10425K(10624K) Class: 2170K(2432K)->2170K(2432K)
[14.966s][info   ][gc          ] GC(15) Pause Full (System.gc()) 1658M->1638M(5617M) 607.538ms
[15.551s][info   ][gc,metaspace] GC(16) Metaspace: 12596K(13056K)->12596K(13056K) NonClass: 10425K(10624K)->10425K(10624K) Class: 2170K(2432K)->2170K(2432K)
[15.551s][info   ][gc          ] GC(16) Pause Full (System.gc()) 1638M->1638M(5617M) 585.020ms
[16.146s][info   ][gc,metaspace] GC(17) Metaspace: 12596K(13056K)->12596K(13056K) NonClass: 10425K(10624K)->10425K(10624K) Class: 2170K(2432K)->2170K(2432K)
[16.146s][info   ][gc          ] GC(17) Pause Full (System.gc()) 1638M->1638M(5617M) 594.601ms
[16.713s][info   ][gc,metaspace] GC(18) Metaspace: 12596K(13056K)->12596K(13056K) NonClass: 10425K(10624K)->10425K(10624K) Class: 2170K(2432K)->2170K(2432K)
[16.713s][info   ][gc          ] GC(18) Pause Full (System.gc()) 1638M->1638M(5617M) 563.243ms
[17.316s][info   ][gc,metaspace] GC(19) Metaspace: 12596K(13056K)->12596K(13056K) NonClass: 10425K(10624K)->10425K(10624K) Class: 2170K(2432K)->2170K(2432K)
[17.316s][info   ][gc          ] GC(19) Pause Full (System.gc()) 1638M->1638M(5617M) 602.434ms
[17.887s][info   ][gc,metaspace] GC(20) Metaspace: 12596K(13056K)->12596K(13056K) NonClass: 10425K(10624K)->10425K(10624K) Class: 2170K(2432K)->2170K(2432K)
[17.887s][info   ][gc          ] GC(20) Pause Full (System.gc()) 1638M->1638M(5617M) 571.494ms
[18.497s][info   ][gc,metaspace] GC(21) Metaspace: 12596K(13056K)->12596K(13056K) NonClass: 10425K(10624K)->10425K(10624K) Class: 2170K(2432K)->2170K(2432K)
[18.497s][info   ][gc          ] GC(21) Pause Full (System.gc()) 1638M->1638M(5617M) 609.894ms
[19.100s][info   ][gc,metaspace] GC(22) Metaspace: 12596K(13056K)->12596K(13056K) NonClass: 10425K(10624K)->10425K(10624K) Class: 2170K(2432K)->2170K(2432K)
[19.100s][info   ][gc          ] GC(22) Pause Full (System.gc()) 1638M->1638M(5617M) 602.709ms
[19.664s][info   ][gc,metaspace] GC(23) Metaspace: 12596K(13056K)->12596K(13056K) NonClass: 10425K(10624K)->10425K(10624K) Class: 2170K(2432K)->2170K(2432K)
[19.664s][info   ][gc          ] GC(23) Pause Full (System.gc()) 1638M->1638M(5617M) 563.676ms
[20.264s][info   ][gc,metaspace] GC(24) Metaspace: 12596K(13056K)->12596K(13056K) NonClass: 10425K(10624K)->10425K(10624K) Class: 2170K(2432K)->2170K(2432K)
[20.264s][info   ][gc          ] GC(24) Pause Full (System.gc()) 1638M->1638M(5617M) 600.192ms
[20.832s][info   ][gc,metaspace] GC(25) Metaspace: 12596K(13056K)->12596K(13056K) NonClass: 10425K(10624K)->10425K(10624K) Class: 2170K(2432K)->2170K(2432K)
[20.832s][info   ][gc          ] GC(25) Pause Full (System.gc()) 1638M->1638M(5617M) 567.929ms
[21.437s][info   ][gc,metaspace] GC(26) Metaspace: 12596K(13056K)->12596K(13056K) NonClass: 10425K(10624K)->10425K(10624K) Class: 2170K(2432K)->2170K(2432K)
[21.437s][info   ][gc          ] GC(26) Pause Full (System.gc()) 1638M->1638M(5617M) 604.739ms
[22.047s][info   ][gc,metaspace] GC(27) Metaspace: 12596K(13056K)->12596K(13056K) NonClass: 10425K(10624K)->10425K(10624K) Class: 2170K(2432K)->2170K(2432K)
[22.047s][info   ][gc          ] GC(27) Pause Full (System.gc()) 1638M->1638M(5617M) 609.975ms
[22.609s][info   ][gc,metaspace] GC(28) Metaspace: 12596K(13056K)->12596K(13056K) NonClass: 10425K(10624K)->10425K(10624K) Class: 2170K(2432K)->2170K(2432K)
[22.609s][info   ][gc          ] GC(28) Pause Full (System.gc()) 1638M->1638M(5617M) 561.684ms
[23.218s][info   ][gc,metaspace] GC(29) Metaspace: 12596K(13056K)->12596K(13056K) NonClass: 10425K(10624K)->10425K(10624K) Class: 2170K(2432K)->2170K(2432K)
[23.219s][info   ][gc          ] GC(29) Pause Full (System.gc()) 1638M->1638M(5617M) 609.640ms
[23.787s][info   ][gc,metaspace] GC(30) Metaspace: 12596K(13056K)->12596K(13056K) NonClass: 10425K(10624K)->10425K(10624K) Class: 2170K(2432K)->2170K(2432K)
[23.787s][info   ][gc          ] GC(30) Pause Full (System.gc()) 1638M->1638M(5617M) 568.802ms
[24.402s][info   ][gc,metaspace] GC(31) Metaspace: 12596K(13056K)->12596K(13056K) NonClass: 10425K(10624K)->10425K(10624K) Class: 2170K(2432K)->2170K(2432K)
[24.402s][info   ][gc          ] GC(31) Pause Full (System.gc()) 1638M->1638M(5617M) 614.259ms
[25.011s][info   ][gc,metaspace] GC(32) Metaspace: 12596K(13056K)->12596K(13056K) NonClass: 10425K(10624K)->10425K(10624K) Class: 2170K(2432K)->2170K(2432K)
[25.011s][info   ][gc          ] GC(32) Pause Full (System.gc()) 1638M->1638M(5617M) 608.741ms
[25.575s][info   ][gc,metaspace] GC(33) Metaspace: 12596K(13056K)->12596K(13056K) NonClass: 10425K(10624K)->10425K(10624K) Class: 2170K(2432K)->2170K(2432K)
[25.575s][info   ][gc          ] GC(33) Pause Full (System.gc()) 1638M->1638M(5617M) 564.493ms
[26.172s][info   ][gc,metaspace] GC(34) Metaspace: 12596K(13056K)->12596K(13056K) NonClass: 10425K(10624K)->10425K(10624K) Class: 2170K(2432K)->2170K(2432K)
[26.172s][info   ][gc          ] GC(34) Pause Full (System.gc()) 1638M->1638M(5617M) 596.952ms
[26.735s][info   ][gc,metaspace] GC(35) Metaspace: 12596K(13056K)->12596K(13056K) NonClass: 10425K(10624K)->10425K(10624K) Class: 2170K(2432K)->2170K(2432K)
[26.735s][info   ][gc          ] GC(35) Pause Full (System.gc()) 1638M->1638M(5617M) 562.980ms
[27.338s][info   ][gc,metaspace] GC(36) Metaspace: 12596K(13056K)->12596K(13056K) NonClass: 10425K(10624K)->10425K(10624K) Class: 2170K(2432K)->2170K(2432K)
[27.338s][info   ][gc          ] GC(36) Pause Full (System.gc()) 1638M->1638M(5617M) 602.544ms
[27.964s][info   ][gc,metaspace] GC(37) Metaspace: 12596K(13056K)->12596K(13056K) NonClass: 10425K(10624K)->10425K(10624K) Class: 2170K(2432K)->2170K(2432K)
[27.964s][info   ][gc          ] GC(37) Pause Full (System.gc()) 1638M->1638M(5617M) 625.822ms
[28.528s][info   ][gc,metaspace] GC(38) Metaspace: 12596K(13056K)->12596K(13056K) NonClass: 10425K(10624K)->10425K(10624K) Class: 2170K(2432K)->2170K(2432K)
[28.528s][info   ][gc          ] GC(38) Pause Full (System.gc()) 1638M->1638M(5617M) 564.345ms
[29.125s][info   ][gc,metaspace] GC(39) Metaspace: 12596K(13056K)->12596K(13056K) NonClass: 10425K(10624K)->10425K(10624K) Class: 2170K(2432K)->2170K(2432K)
[29.125s][info   ][gc          ] GC(39) Pause Full (System.gc()) 1638M->1638M(5617M) 596.673ms
[29.688s][info   ][gc,metaspace] GC(40) Metaspace: 12596K(13056K)->12596K(13056K) NonClass: 10425K(10624K)->10425K(10624K) Class: 2170K(2432K)->2170K(2432K)
[29.688s][info   ][gc          ] GC(40) Pause Full (System.gc()) 1638M->1638M(5617M) 562.609ms
[30.296s][info   ][gc,metaspace] GC(41) Metaspace: 12596K(13056K)->12596K(13056K) NonClass: 10425K(10624K)->10425K(10624K) Class: 2170K(2432K)->2170K(2432K)
[30.296s][info   ][gc          ] GC(41) Pause Full (System.gc()) 1638M->1638M(5617M) 608.628ms
[30.858s][info   ][gc,metaspace] GC(42) Metaspace: 12596K(13056K)->12596K(13056K) NonClass: 10425K(10624K)->10425K(10624K) Class: 2170K(2432K)->2170K(2432K)
[30.858s][info   ][gc          ] GC(42) Pause Full (System.gc()) 1638M->1638M(5617M) 561.450ms
[31.468s][info   ][gc,metaspace] GC(43) Metaspace: 12596K(13056K)->12596K(13056K) NonClass: 10425K(10624K)->10425K(10624K) Class: 2170K(2432K)->2170K(2432K)
[31.468s][info   ][gc          ] GC(43) Pause Full (System.gc()) 1638M->1638M(5617M) 610.022ms
[32.072s][info   ][gc,metaspace] GC(44) Metaspace: 12596K(13056K)->12596K(13056K) NonClass: 10425K(10624K)->10425K(10624K) Class: 2170K(2432K)->2170K(2432K)
[32.072s][info   ][gc          ] GC(44) Pause Full (System.gc()) 1638M->1638M(5617M) 603.872ms
[32.651s][info   ][gc,metaspace] GC(45) Metaspace: 12596K(13056K)->12596K(13056K) NonClass: 10425K(10624K)->10425K(10624K) Class: 2170K(2432K)->2170K(2432K)
[32.651s][info   ][gc          ] GC(45) Pause Full (System.gc()) 1638M->1638M(5617M) 579.068ms
[33.269s][info   ][gc,metaspace] GC(46) Metaspace: 12596K(13056K)->12596K(13056K) NonClass: 10425K(10624K)->10425K(10624K) Class: 2170K(2432K)->2170K(2432K)
[33.269s][info   ][gc          ] GC(46) Pause Full (System.gc()) 1638M->1638M(5617M) 617.582ms
[33.835s][info   ][gc,metaspace] GC(47) Metaspace: 12596K(13056K)->12596K(13056K) NonClass: 10425K(10624K)->10425K(10624K) Class: 2170K(2432K)->2170K(2432K)
[33.835s][info   ][gc          ] GC(47) Pause Full (System.gc()) 1638M->1638M(5617M) 566.310ms
[34.455s][info   ][gc,metaspace] GC(48) Metaspace: 12596K(13056K)->12596K(13056K) NonClass: 10425K(10624K)->10425K(10624K) Class: 2170K(2432K)->2170K(2432K)
[34.455s][info   ][gc          ] GC(48) Pause Full (System.gc()) 1638M->1638M(5617M) 619.669ms
[35.092s][info   ][gc,metaspace] GC(49) Metaspace: 12596K(13056K)->12596K(13056K) NonClass: 10425K(10624K)->10425K(10624K) Class: 2170K(2432K)->2170K(2432K)
[35.092s][info   ][gc          ] GC(49) Pause Full (System.gc()) 1638M->1638M(5617M) 636.850ms
[35.682s][info   ][gc,metaspace] GC(50) Metaspace: 12596K(13056K)->12596K(13056K) NonClass: 10425K(10624K)->10425K(10624K) Class: 2170K(2432K)->2170K(2432K)
[35.682s][info   ][gc          ] GC(50) Pause Full (System.gc()) 1638M->1638M(5617M) 589.884ms
[36.322s][info   ][gc,metaspace] GC(51) Metaspace: 12596K(13056K)->12596K(13056K) NonClass: 10425K(10624K)->10425K(10624K) Class: 2170K(2432K)->2170K(2432K)
[36.322s][info   ][gc          ] GC(51) Pause Full (System.gc()) 1638M->1638M(5617M) 640.523ms
[36.896s][info   ][gc,metaspace] GC(52) Metaspace: 12596K(13056K)->12596K(13056K) NonClass: 10425K(10624K)->10425K(10624K) Class: 2170K(2432K)->2170K(2432K)
[36.896s][info   ][gc          ] GC(52) Pause Full (System.gc()) 1638M->1638M(5617M) 573.119ms
[37.476s][info   ][gc,metaspace] GC(53) Metaspace: 12596K(13056K)->12596K(13056K) NonClass: 10425K(10624K)->10425K(10624K) Class: 2170K(2432K)->2170K(2432K)
[37.476s][info   ][gc          ] GC(53) Pause Full (System.gc()) 1638M->1638M(5617M) 580.308ms
[38.159s][info   ][gc,metaspace] GC(54) Metaspace: 12596K(13056K)->12596K(13056K) NonClass: 10425K(10624K)->10425K(10624K) Class: 2170K(2432K)->2170K(2432K)
[38.159s][info   ][gc          ] GC(54) Pause Full (System.gc()) 1638M->1638M(5617M) 683.223ms
[38.734s][info   ][gc,metaspace] GC(55) Metaspace: 12596K(13056K)->12596K(13056K) NonClass: 10425K(10624K)->10425K(10624K) Class: 2170K(2432K)->2170K(2432K)
[38.734s][info   ][gc          ] GC(55) Pause Full (System.gc()) 1638M->1638M(5617M) 575.019ms
[39.306s][info   ][gc,metaspace] GC(56) Metaspace: 12596K(13056K)->12596K(13056K) NonClass: 10425K(10624K)->10425K(10624K) Class: 2170K(2432K)->2170K(2432K)
[39.306s][info   ][gc          ] GC(56) Pause Full (System.gc()) 1638M->1638M(5617M) 571.643ms
[39.881s][info   ][gc,metaspace] GC(57) Metaspace: 12596K(13056K)->12596K(13056K) NonClass: 10425K(10624K)->10425K(10624K) Class: 2170K(2432K)->2170K(2432K)
[39.881s][info   ][gc          ] GC(57) Pause Full (System.gc()) 1638M->1638M(5617M) 574.533ms
[40.486s][info   ][gc,metaspace] GC(58) Metaspace: 12596K(13056K)->12596K(13056K) NonClass: 10425K(10624K)->10425K(10624K) Class: 2170K(2432K)->2170K(2432K)
[40.486s][info   ][gc          ] GC(58) Pause Full (System.gc()) 1638M->1638M(5617M) 604.943ms
[41.170s][info   ][gc,metaspace] GC(59) Metaspace: 12596K(13056K)->12596K(13056K) NonClass: 10425K(10624K)->10425K(10624K) Class: 2170K(2432K)->2170K(2432K)
[41.170s][info   ][gc          ] GC(59) Pause Full (System.gc()) 1638M->1638M(5617M) 684.141ms
[41.741s][info   ][gc,metaspace] GC(60) Metaspace: 12596K(13056K)->12596K(13056K) NonClass: 10425K(10624K)->10425K(10624K) Class: 2170K(2432K)->2170K(2432K)
[41.741s][info   ][gc          ] GC(60) Pause Full (System.gc()) 1638M->1638M(5617M) 570.530ms
[42.319s][info   ][gc,metaspace] GC(61) Metaspace: 12596K(13056K)->12596K(13056K) NonClass: 10425K(10624K)->10425K(10624K) Class: 2170K(2432K)->2170K(2432K)
[42.319s][info   ][gc          ] GC(61) Pause Full (System.gc()) 1638M->1638M(5617M) 577.954ms
[42.896s][info   ][gc,metaspace] GC(62) Metaspace: 12596K(13056K)->12596K(13056K) NonClass: 10425K(10624K)->10425K(10624K) Class: 2170K(2432K)->2170K(2432K)
[42.896s][info   ][gc          ] GC(62) Pause Full (System.gc()) 1638M->1638M(5617M) 577.010ms
[43.497s][info   ][gc,metaspace] GC(63) Metaspace: 12596K(13056K)->12596K(13056K) NonClass: 10425K(10624K)->10425K(10624K) Class: 2170K(2432K)->2170K(2432K)
[43.497s][info   ][gc          ] GC(63) Pause Full (System.gc()) 1638M->1638M(5617M) 601.415ms
[44.141s][info   ][gc,metaspace] GC(64) Metaspace: 12596K(13056K)->12596K(13056K) NonClass: 10425K(10624K)->10425K(10624K) Class: 2170K(2432K)->2170K(2432K)
[44.141s][info   ][gc          ] GC(64) Pause Full (System.gc()) 1638M->1638M(5617M) 644.088ms
After GCs... 
