Done; will start GCs... 
[12.799s][info][gc,metaspace] GC(16) Metaspace: 28685K(29888K)->28685K(29888K) NonClass: 25289K(25856K)->25289K(25856K) Class: 3396K(4032K)->3396K(4032K)
[12.799s][info][gc          ] GC(16) Pause Full (System.gc()) 1544M->1542M(6144M) 537.032ms
[13.366s][info][gc,metaspace] GC(17) Metaspace: 28685K(29888K)->28685K(29888K) NonClass: 25289K(25856K)->25289K(25856K) Class: 3396K(4032K)->3396K(4032K)
[13.366s][info][gc          ] GC(17) Pause Full (System.gc()) 1542M->1542M(6144M) 566.799ms
[13.917s][info][gc,metaspace] GC(18) Metaspace: 28685K(29888K)->28685K(29888K) NonClass: 25289K(25856K)->25289K(25856K) Class: 3396K(4032K)->3396K(4032K)
[13.917s][info][gc          ] GC(18) Pause Full (System.gc()) 1542M->1542M(6144M) 551.292ms
[14.505s][info][gc,metaspace] GC(19) Metaspace: 28685K(29888K)->28685K(29888K) NonClass: 25289K(25856K)->25289K(25856K) Class: 3396K(4032K)->3396K(4032K)
[14.505s][info][gc          ] GC(19) Pause Full (System.gc()) 1542M->1542M(6144M) 584.054ms
[15.053s][info][gc,metaspace] GC(20) Metaspace: 28685K(29888K)->28685K(29888K) NonClass: 25289K(25856K)->25289K(25856K) Class: 3396K(4032K)->3396K(4032K)
[15.053s][info][gc          ] GC(20) Pause Full (System.gc()) 1542M->1542M(6144M) 547.758ms
[15.570s][info][gc,metaspace] GC(21) Metaspace: 28685K(29888K)->28685K(29888K) NonClass: 25289K(25856K)->25289K(25856K) Class: 3396K(4032K)->3396K(4032K)
[15.570s][info][gc          ] GC(21) Pause Full (System.gc()) 1542M->1542M(6144M) 516.288ms
[16.129s][info][gc,metaspace] GC(22) Metaspace: 28685K(29888K)->28685K(29888K) NonClass: 25289K(25856K)->25289K(25856K) Class: 3396K(4032K)->3396K(4032K)
[16.129s][info][gc          ] GC(22) Pause Full (System.gc()) 1542M->1542M(6144M) 559.152ms
[16.652s][info][gc,metaspace] GC(23) Metaspace: 28685K(29888K)->28685K(29888K) NonClass: 25289K(25856K)->25289K(25856K) Class: 3396K(4032K)->3396K(4032K)
[16.652s][info][gc          ] GC(23) Pause Full (System.gc()) 1542M->1542M(6144M) 522.764ms
[17.181s][info][gc,metaspace] GC(24) Metaspace: 28685K(29888K)->28685K(29888K) NonClass: 25289K(25856K)->25289K(25856K) Class: 3396K(4032K)->3396K(4032K)
[17.181s][info][gc          ] GC(24) Pause Full (System.gc()) 1542M->1542M(6144M) 529.503ms
[17.673s][info][gc,metaspace] GC(25) Metaspace: 28685K(29888K)->28685K(29888K) NonClass: 25289K(25856K)->25289K(25856K) Class: 3396K(4032K)->3396K(4032K)
[17.673s][info][gc          ] GC(25) Pause Full (System.gc()) 1542M->1542M(6144M) 491.861ms
After GCs... 
