[0.001s][warning][pagesize] UseLargePages disabled, no large pages configured and available on the system.
[0.001s][info   ][metaspace]  - commit_granule_bytes: 65536.
[0.001s][info   ][metaspace]  - commit_granule_words: 8192.
[0.001s][info   ][metaspace]  - virtual_space_node_default_size: 8388608.
[0.001s][info   ][metaspace]  - enlarge_chunks_in_place: 1.
[0.001s][info   ][metaspace]  - use_allocation_guard: 0.
[0.002s][info   ][gc       ] Using Parallel
[0.375s][info   ][metaspace] Reserving compressed class space anywhere
[0.375s][info   ][gc,metaspace] CDS archive(s) not mapped
[0.375s][info   ][gc,metaspace] Compressed class space mapped at: 0x0000000021000000-0x00000000e1000000, reserved size: 3221225472
[0.375s][info   ][gc,metaspace] UseCompressedClassPointers 1, UseCompactObjectHeaders 1, narrow klass pointer bits 22, max shift 10
[0.375s][info   ][gc,metaspace] Narrow klass base: 0x0000000021000000, Narrow klass shift: 10, Narrow klass range: 0xc0000000
Random Seed: 12345678
Num Classes: 1024
Num Objects: 67108864
Percent IK Objects: 83.0%)
Percent OAK Objects: 5.0%)
Percent TAK Objects: 12.0%)
Cycles: 50
Loading 1024 pre-generated classes ...
Materialize pre-generated constructors ...
Creating objects...
[0.680s][info   ][gc,metaspace] GC(0) Metaspace: 12827K(12992K)->12827K(12992K) NonClass: 10072K(10176K)->10072K(10176K) Class: 2754K(2816K)->2754K(2816K)
[0.680s][info   ][gc          ] GC(0) Pause Full (System.gc()) 122M->2M(5888M) 6.091ms
[2.754s][info   ][gc,metaspace] GC(1) Metaspace: 16460K(17472K)->16460K(17472K) NonClass: 13165K(13632K)->13165K(13632K) Class: 3294K(3840K)->3294K(3840K)
[2.754s][info   ][gc          ] GC(1) Pause Young (Allocation Failure) 1538M->362M(5888M) 208.679ms
[4.547s][info   ][gc,metaspace] GC(2) Metaspace: 16462K(17472K)->16462K(17472K) NonClass: 13167K(13632K)->13167K(13632K) Class: 3294K(3840K)->3294K(3840K)
[4.547s][info   ][gc          ] GC(2) Pause Young (Allocation Failure) 1898M->491M(5888M) 221.207ms
[6.060s][info   ][gc,metaspace] GC(3) Metaspace: 16462K(17472K)->16462K(17472K) NonClass: 13167K(13632K)->13167K(13632K) Class: 3294K(3840K)->3294K(3840K)
[6.060s][info   ][gc          ] GC(3) Pause Young (Allocation Failure) 2027M->618M(5888M) 296.570ms
[7.632s][info   ][gc,metaspace] GC(4) Metaspace: 16462K(17472K)->16462K(17472K) NonClass: 13167K(13632K)->13167K(13632K) Class: 3294K(3840K)->3294K(3840K)
[7.632s][info   ][gc          ] GC(4) Pause Young (Allocation Failure) 2154M->745M(5888M) 312.524ms
[9.166s][info   ][gc,metaspace] GC(5) Metaspace: 16462K(17472K)->16462K(17472K) NonClass: 13167K(13632K)->13167K(13632K) Class: 3294K(3840K)->3294K(3840K)
[9.166s][info   ][gc          ] GC(5) Pause Young (Allocation Failure) 2281M->872M(5888M) 314.505ms
[10.700s][info   ][gc,metaspace] GC(6) Metaspace: 16462K(17472K)->16462K(17472K) NonClass: 13167K(13632K)->13167K(13632K) Class: 3294K(3840K)->3294K(3840K)
[10.700s][info   ][gc          ] GC(6) Pause Young (Allocation Failure) 2408M->999M(5313M) 309.906ms
[11.715s][info   ][gc,metaspace] GC(7) Metaspace: 16462K(17472K)->16462K(17472K) NonClass: 13167K(13632K)->13167K(13632K) Class: 3294K(3840K)->3294K(3840K)
[11.716s][info   ][gc          ] GC(7) Pause Young (Allocation Failure) 1960M->1079M(5174M) 276.029ms
[12.634s][info   ][gc,metaspace] GC(8) Metaspace: 16462K(17472K)->16462K(17472K) NonClass: 13167K(13632K)->13167K(13632K) Class: 3294K(3840K)->3294K(3840K)
[12.635s][info   ][gc          ] GC(8) Pause Young (Allocation Failure) 2040M->1158M(5604M) 180.238ms
[13.570s][info   ][gc,metaspace] GC(9) Metaspace: 16462K(17472K)->16462K(17472K) NonClass: 13167K(13632K)->13167K(13632K) Class: 3294K(3840K)->3294K(3840K)
[13.570s][info   ][gc          ] GC(9) Pause Young (Allocation Failure) 2114M->1237M(5591M) 199.320ms
[14.539s][info   ][gc,metaspace] GC(10) Metaspace: 16462K(17472K)->16462K(17472K) NonClass: 13167K(13632K)->13167K(13632K) Class: 3294K(3840K)->3294K(3840K)
[14.539s][info   ][gc          ] GC(10) Pause Young (Allocation Failure) 2193M->1316M(5635M) 234.083ms
[15.567s][info   ][gc,metaspace] GC(11) Metaspace: 16462K(17472K)->16462K(17472K) NonClass: 13167K(13632K)->13167K(13632K) Class: 3294K(3840K)->3294K(3840K)
[15.567s][info   ][gc          ] GC(11) Pause Young (Allocation Failure) 2340M->1401M(5628M) 196.354ms
[16.553s][info   ][gc,metaspace] GC(12) Metaspace: 16462K(17472K)->16462K(17472K) NonClass: 13167K(13632K)->13167K(13632K) Class: 3294K(3840K)->3294K(3840K)
[16.554s][info   ][gc          ] GC(12) Pause Young (Allocation Failure) 2425M->1486M(5634M) 154.768ms
[17.540s][info   ][gc,metaspace] GC(13) Metaspace: 16462K(17472K)->16462K(17472K) NonClass: 13167K(13632K)->13167K(13632K) Class: 3294K(3840K)->3294K(3840K)
[17.541s][info   ][gc          ] GC(13) Pause Young (Allocation Failure) 2512M->1571M(5632M) 153.836ms
67108864 Objects created
 - IK: 55699211 (82.99829%)
 - OAK: 3355627 (5.0002737%)
 - TAK: 8054026 (12.001434%)
Preparatory GC...
[19.859s][info   ][gc,metaspace] GC(14) Metaspace: 16462K(17472K)->16462K(17472K) NonClass: 13167K(13632K)->13167K(13632K) Class: 3294K(3840K)->3294K(3840K)
[19.859s][info   ][gc          ] GC(14) Pause Full (System.gc()) 1632M->1573M(5632M) 2270.691ms
[21.513s][info   ][gc,metaspace] GC(15) Metaspace: 16462K(17472K)->16462K(17472K) NonClass: 13167K(13632K)->13167K(13632K) Class: 3294K(3840K)->3294K(3840K)
[21.513s][info   ][gc          ] GC(15) Pause Full (System.gc()) 1573M->1573M(5632M) 1654.031ms
Done; will start GCs... 
[23.112s][info   ][gc,metaspace] GC(16) Metaspace: 16462K(17472K)->16462K(17472K) NonClass: 13167K(13632K)->13167K(13632K) Class: 3294K(3840K)->3294K(3840K)
[23.112s][info   ][gc          ] GC(16) Pause Full (System.gc()) 1593M->1573M(5632M) 1598.649ms
[24.773s][info   ][gc,metaspace] GC(17) Metaspace: 16462K(17472K)->16462K(17472K) NonClass: 13167K(13632K)->13167K(13632K) Class: 3294K(3840K)->3294K(3840K)
[24.773s][info   ][gc          ] GC(17) Pause Full (System.gc()) 1573M->1573M(5632M) 1619.754ms
[26.416s][info   ][gc,metaspace] GC(18) Metaspace: 16462K(17472K)->16462K(17472K) NonClass: 13167K(13632K)->13167K(13632K) Class: 3294K(3840K)->3294K(3840K)
[26.417s][info   ][gc          ] GC(18) Pause Full (System.gc()) 1573M->1573M(5632M) 1643.454ms
[28.027s][info   ][gc,metaspace] GC(19) Metaspace: 16462K(17472K)->16462K(17472K) NonClass: 13167K(13632K)->13167K(13632K) Class: 3294K(3840K)->3294K(3840K)
[28.027s][info   ][gc          ] GC(19) Pause Full (System.gc()) 1573M->1573M(5632M) 1610.673ms
[29.662s][info   ][gc,metaspace] GC(20) Metaspace: 16462K(17472K)->16462K(17472K) NonClass: 13167K(13632K)->13167K(13632K) Class: 3294K(3840K)->3294K(3840K)
[29.662s][info   ][gc          ] GC(20) Pause Full (System.gc()) 1573M->1573M(5632M) 1634.928ms
[31.298s][info   ][gc,metaspace] GC(21) Metaspace: 16462K(17472K)->16462K(17472K) NonClass: 13167K(13632K)->13167K(13632K) Class: 3294K(3840K)->3294K(3840K)
[31.298s][info   ][gc          ] GC(21) Pause Full (System.gc()) 1573M->1573M(5632M) 1635.471ms
[32.885s][info   ][gc,metaspace] GC(22) Metaspace: 16462K(17472K)->16462K(17472K) NonClass: 13167K(13632K)->13167K(13632K) Class: 3294K(3840K)->3294K(3840K)
[32.885s][info   ][gc          ] GC(22) Pause Full (System.gc()) 1573M->1573M(5632M) 1586.728ms
[34.550s][info   ][gc,metaspace] GC(23) Metaspace: 16462K(17472K)->16462K(17472K) NonClass: 13167K(13632K)->13167K(13632K) Class: 3294K(3840K)->3294K(3840K)
[34.550s][info   ][gc          ] GC(23) Pause Full (System.gc()) 1573M->1573M(5632M) 1664.943ms
[36.186s][info   ][gc,metaspace] GC(24) Metaspace: 16462K(17472K)->16462K(17472K) NonClass: 13167K(13632K)->13167K(13632K) Class: 3294K(3840K)->3294K(3840K)
[36.186s][info   ][gc          ] GC(24) Pause Full (System.gc()) 1573M->1573M(5632M) 1636.164ms
[37.789s][info   ][gc,metaspace] GC(25) Metaspace: 16462K(17472K)->16462K(17472K) NonClass: 13167K(13632K)->13167K(13632K) Class: 3294K(3840K)->3294K(3840K)
[37.789s][info   ][gc          ] GC(25) Pause Full (System.gc()) 1573M->1573M(5632M) 1602.653ms
[39.424s][info   ][gc,metaspace] GC(26) Metaspace: 16462K(17472K)->16462K(17472K) NonClass: 13167K(13632K)->13167K(13632K) Class: 3294K(3840K)->3294K(3840K)
[39.424s][info   ][gc          ] GC(26) Pause Full (System.gc()) 1573M->1573M(5632M) 1635.328ms
[41.035s][info   ][gc,metaspace] GC(27) Metaspace: 16462K(17472K)->16462K(17472K) NonClass: 13167K(13632K)->13167K(13632K) Class: 3294K(3840K)->3294K(3840K)
[41.035s][info   ][gc          ] GC(27) Pause Full (System.gc()) 1573M->1573M(5632M) 1610.414ms
[42.681s][info   ][gc,metaspace] GC(28) Metaspace: 16462K(17472K)->16462K(17472K) NonClass: 13167K(13632K)->13167K(13632K) Class: 3294K(3840K)->3294K(3840K)
[42.681s][info   ][gc          ] GC(28) Pause Full (System.gc()) 1573M->1573M(5632M) 1645.839ms
[44.319s][info   ][gc,metaspace] GC(29) Metaspace: 16462K(17472K)->16462K(17472K) NonClass: 13167K(13632K)->13167K(13632K) Class: 3294K(3840K)->3294K(3840K)
[44.319s][info   ][gc          ] GC(29) Pause Full (System.gc()) 1573M->1573M(5632M) 1638.634ms
[45.919s][info   ][gc,metaspace] GC(30) Metaspace: 16462K(17472K)->16462K(17472K) NonClass: 13167K(13632K)->13167K(13632K) Class: 3294K(3840K)->3294K(3840K)
[45.919s][info   ][gc          ] GC(30) Pause Full (System.gc()) 1573M->1573M(5632M) 1599.648ms
[47.569s][info   ][gc,metaspace] GC(31) Metaspace: 16462K(17472K)->16462K(17472K) NonClass: 13167K(13632K)->13167K(13632K) Class: 3294K(3840K)->3294K(3840K)
[47.569s][info   ][gc          ] GC(31) Pause Full (System.gc()) 1573M->1573M(5632M) 1649.970ms
[49.216s][info   ][gc,metaspace] GC(32) Metaspace: 16462K(17472K)->16462K(17472K) NonClass: 13167K(13632K)->13167K(13632K) Class: 3294K(3840K)->3294K(3840K)
[49.216s][info   ][gc          ] GC(32) Pause Full (System.gc()) 1573M->1573M(5632M) 1646.924ms
[50.815s][info   ][gc,metaspace] GC(33) Metaspace: 16462K(17472K)->16462K(17472K) NonClass: 13167K(13632K)->13167K(13632K) Class: 3294K(3840K)->3294K(3840K)
[50.815s][info   ][gc          ] GC(33) Pause Full (System.gc()) 1573M->1573M(5632M) 1598.846ms
[52.454s][info   ][gc,metaspace] GC(34) Metaspace: 16462K(17472K)->16462K(17472K) NonClass: 13167K(13632K)->13167K(13632K) Class: 3294K(3840K)->3294K(3840K)
[52.454s][info   ][gc          ] GC(34) Pause Full (System.gc()) 1573M->1573M(5632M) 1639.169ms
[54.062s][info   ][gc,metaspace] GC(35) Metaspace: 16462K(17472K)->16462K(17472K) NonClass: 13167K(13632K)->13167K(13632K) Class: 3294K(3840K)->3294K(3840K)
[54.062s][info   ][gc          ] GC(35) Pause Full (System.gc()) 1573M->1573M(5632M) 1607.166ms
[55.698s][info   ][gc,metaspace] GC(36) Metaspace: 16462K(17472K)->16462K(17472K) NonClass: 13167K(13632K)->13167K(13632K) Class: 3294K(3840K)->3294K(3840K)
[55.698s][info   ][gc          ] GC(36) Pause Full (System.gc()) 1573M->1573M(5632M) 1636.289ms
[57.340s][info   ][gc,metaspace] GC(37) Metaspace: 16462K(17472K)->16462K(17472K) NonClass: 13167K(13632K)->13167K(13632K) Class: 3294K(3840K)->3294K(3840K)
[57.340s][info   ][gc          ] GC(37) Pause Full (System.gc()) 1573M->1573M(5632M) 1641.544ms
[58.956s][info   ][gc,metaspace] GC(38) Metaspace: 16462K(17472K)->16462K(17472K) NonClass: 13167K(13632K)->13167K(13632K) Class: 3294K(3840K)->3294K(3840K)
[58.956s][info   ][gc          ] GC(38) Pause Full (System.gc()) 1573M->1573M(5632M) 1616.415ms
[60.594s][info   ][gc,metaspace] GC(39) Metaspace: 16462K(17472K)->16462K(17472K) NonClass: 13167K(13632K)->13167K(13632K) Class: 3294K(3840K)->3294K(3840K)
[60.594s][info   ][gc          ] GC(39) Pause Full (System.gc()) 1573M->1573M(5632M) 1638.095ms
[62.254s][info   ][gc,metaspace] GC(40) Metaspace: 16462K(17472K)->16462K(17472K) NonClass: 13167K(13632K)->13167K(13632K) Class: 3294K(3840K)->3294K(3840K)
[62.254s][info   ][gc          ] GC(40) Pause Full (System.gc()) 1573M->1573M(5632M) 1659.082ms
[63.844s][info   ][gc,metaspace] GC(41) Metaspace: 16462K(17472K)->16462K(17472K) NonClass: 13167K(13632K)->13167K(13632K) Class: 3294K(3840K)->3294K(3840K)
[63.844s][info   ][gc          ] GC(41) Pause Full (System.gc()) 1573M->1573M(5632M) 1589.972ms
[65.889s][info   ][gc,metaspace] GC(42) Metaspace: 16462K(17472K)->16462K(17472K) NonClass: 13167K(13632K)->13167K(13632K) Class: 3294K(3840K)->3294K(3840K)
[65.889s][info   ][gc          ] GC(42) Pause Full (System.gc()) 1573M->1573M(5632M) 2045.556ms
[67.550s][info   ][gc,metaspace] GC(43) Metaspace: 16462K(17472K)->16462K(17472K) NonClass: 13167K(13632K)->13167K(13632K) Class: 3294K(3840K)->3294K(3840K)
[67.550s][info   ][gc          ] GC(43) Pause Full (System.gc()) 1583M->1573M(5632M) 1660.676ms
[69.189s][info   ][gc,metaspace] GC(44) Metaspace: 16462K(17472K)->16462K(17472K) NonClass: 13167K(13632K)->13167K(13632K) Class: 3294K(3840K)->3294K(3840K)
[69.189s][info   ][gc          ] GC(44) Pause Full (System.gc()) 1573M->1573M(5632M) 1638.608ms
[70.793s][info   ][gc,metaspace] GC(45) Metaspace: 16462K(17472K)->16462K(17472K) NonClass: 13167K(13632K)->13167K(13632K) Class: 3294K(3840K)->3294K(3840K)
[70.793s][info   ][gc          ] GC(45) Pause Full (System.gc()) 1573M->1573M(5632M) 1604.490ms
[72.448s][info   ][gc,metaspace] GC(46) Metaspace: 16462K(17472K)->16462K(17472K) NonClass: 13167K(13632K)->13167K(13632K) Class: 3294K(3840K)->3294K(3840K)
[72.448s][info   ][gc          ] GC(46) Pause Full (System.gc()) 1573M->1573M(5632M) 1654.216ms
[74.051s][info   ][gc,metaspace] GC(47) Metaspace: 16462K(17472K)->16462K(17472K) NonClass: 13167K(13632K)->13167K(13632K) Class: 3294K(3840K)->3294K(3840K)
[74.051s][info   ][gc          ] GC(47) Pause Full (System.gc()) 1573M->1573M(5632M) 1603.014ms
[75.687s][info   ][gc,metaspace] GC(48) Metaspace: 16462K(17472K)->16462K(17472K) NonClass: 13167K(13632K)->13167K(13632K) Class: 3294K(3840K)->3294K(3840K)
[75.687s][info   ][gc          ] GC(48) Pause Full (System.gc()) 1573M->1573M(5632M) 1636.068ms
[77.325s][info   ][gc,metaspace] GC(49) Metaspace: 16462K(17472K)->16462K(17472K) NonClass: 13167K(13632K)->13167K(13632K) Class: 3294K(3840K)->3294K(3840K)
[77.325s][info   ][gc          ] GC(49) Pause Full (System.gc()) 1573M->1573M(5632M) 1638.283ms
[78.913s][info   ][gc,metaspace] GC(50) Metaspace: 16462K(17472K)->16462K(17472K) NonClass: 13167K(13632K)->13167K(13632K) Class: 3294K(3840K)->3294K(3840K)
[78.913s][info   ][gc          ] GC(50) Pause Full (System.gc()) 1573M->1573M(5632M) 1587.691ms
[80.554s][info   ][gc,metaspace] GC(51) Metaspace: 16462K(17472K)->16462K(17472K) NonClass: 13167K(13632K)->13167K(13632K) Class: 3294K(3840K)->3294K(3840K)
[80.554s][info   ][gc          ] GC(51) Pause Full (System.gc()) 1573M->1573M(5632M) 1640.711ms
[82.204s][info   ][gc,metaspace] GC(52) Metaspace: 16462K(17472K)->16462K(17472K) NonClass: 13167K(13632K)->13167K(13632K) Class: 3294K(3840K)->3294K(3840K)
[82.204s][info   ][gc          ] GC(52) Pause Full (System.gc()) 1573M->1573M(5632M) 1649.723ms
[83.809s][info   ][gc,metaspace] GC(53) Metaspace: 16462K(17472K)->16462K(17472K) NonClass: 13167K(13632K)->13167K(13632K) Class: 3294K(3840K)->3294K(3840K)
[83.809s][info   ][gc          ] GC(53) Pause Full (System.gc()) 1573M->1573M(5632M) 1605.241ms
[85.453s][info   ][gc,metaspace] GC(54) Metaspace: 16462K(17472K)->16462K(17472K) NonClass: 13167K(13632K)->13167K(13632K) Class: 3294K(3840K)->3294K(3840K)
[85.453s][info   ][gc          ] GC(54) Pause Full (System.gc()) 1573M->1573M(5632M) 1643.753ms
[87.050s][info   ][gc,metaspace] GC(55) Metaspace: 16462K(17472K)->16462K(17472K) NonClass: 13167K(13632K)->13167K(13632K) Class: 3294K(3840K)->3294K(3840K)
[87.050s][info   ][gc          ] GC(55) Pause Full (System.gc()) 1573M->1573M(5632M) 1596.668ms
[88.687s][info   ][gc,metaspace] GC(56) Metaspace: 16462K(17472K)->16462K(17472K) NonClass: 13167K(13632K)->13167K(13632K) Class: 3294K(3840K)->3294K(3840K)
[88.688s][info   ][gc          ] GC(56) Pause Full (System.gc()) 1573M->1573M(5632M) 1637.663ms
[90.327s][info   ][gc,metaspace] GC(57) Metaspace: 16462K(17472K)->16462K(17472K) NonClass: 13167K(13632K)->13167K(13632K) Class: 3294K(3840K)->3294K(3840K)
[90.327s][info   ][gc          ] GC(57) Pause Full (System.gc()) 1573M->1573M(5632M) 1639.233ms
[91.924s][info   ][gc,metaspace] GC(58) Metaspace: 16462K(17472K)->16462K(17472K) NonClass: 13167K(13632K)->13167K(13632K) Class: 3294K(3840K)->3294K(3840K)
[91.924s][info   ][gc          ] GC(58) Pause Full (System.gc()) 1573M->1573M(5632M) 1596.578ms
[93.562s][info   ][gc,metaspace] GC(59) Metaspace: 16462K(17472K)->16462K(17472K) NonClass: 13167K(13632K)->13167K(13632K) Class: 3294K(3840K)->3294K(3840K)
[93.562s][info   ][gc          ] GC(59) Pause Full (System.gc()) 1573M->1573M(5632M) 1638.518ms
[95.216s][info   ][gc,metaspace] GC(60) Metaspace: 16462K(17472K)->16462K(17472K) NonClass: 13167K(13632K)->13167K(13632K) Class: 3294K(3840K)->3294K(3840K)
[95.216s][info   ][gc          ] GC(60) Pause Full (System.gc()) 1573M->1573M(5632M) 1653.479ms
[96.814s][info   ][gc,metaspace] GC(61) Metaspace: 16462K(17472K)->16462K(17472K) NonClass: 13167K(13632K)->13167K(13632K) Class: 3294K(3840K)->3294K(3840K)
[96.814s][info   ][gc          ] GC(61) Pause Full (System.gc()) 1573M->1573M(5632M) 1598.274ms
[98.454s][info   ][gc,metaspace] GC(62) Metaspace: 16462K(17472K)->16462K(17472K) NonClass: 13167K(13632K)->13167K(13632K) Class: 3294K(3840K)->3294K(3840K)
[98.454s][info   ][gc          ] GC(62) Pause Full (System.gc()) 1573M->1573M(5632M) 1639.917ms
[100.060s][info   ][gc,metaspace] GC(63) Metaspace: 16462K(17472K)->16462K(17472K) NonClass: 13167K(13632K)->13167K(13632K) Class: 3294K(3840K)->3294K(3840K)
[100.060s][info   ][gc          ] GC(63) Pause Full (System.gc()) 1573M->1573M(5632M) 1605.791ms
[101.712s][info   ][gc,metaspace] GC(64) Metaspace: 16462K(17472K)->16462K(17472K) NonClass: 13167K(13632K)->13167K(13632K) Class: 3294K(3840K)->3294K(3840K)
[101.712s][info   ][gc          ] GC(64) Pause Full (System.gc()) 1573M->1573M(5632M) 1651.446ms
[103.349s][info   ][gc,metaspace] GC(65) Metaspace: 16462K(17472K)->16462K(17472K) NonClass: 13167K(13632K)->13167K(13632K) Class: 3294K(3840K)->3294K(3840K)
[103.349s][info   ][gc          ] GC(65) Pause Full (System.gc()) 1573M->1573M(5632M) 1637.203ms
After GCs... 
