Done; will start GCs... 
[22.433s][info   ][gc,metaspace] GC(16) Metaspace: 16463K(17536K)->16463K(17536K) NonClass: 13168K(13632K)->13168K(13632K) Class: 3295K(3904K)->3295K(3904K)
[22.433s][info   ][gc          ] GC(16) Pause Full (System.gc()) 1593M->1573M(5633M) 1371.436ms
[23.874s][info   ][gc,metaspace] GC(17) Metaspace: 16463K(17536K)->16463K(17536K) NonClass: 13168K(13632K)->13168K(13632K) Class: 3295K(3904K)->3295K(3904K)
[23.874s][info   ][gc          ] GC(17) Pause Full (System.gc()) 1573M->1573M(5633M) 1440.468ms
[25.259s][info   ][gc,metaspace] GC(18) Metaspace: 16463K(17536K)->16463K(17536K) NonClass: 13168K(13632K)->13168K(13632K) Class: 3295K(3904K)->3295K(3904K)
[25.259s][info   ][gc          ] GC(18) Pause Full (System.gc()) 1573M->1573M(5633M) 1384.807ms
[26.648s][info   ][gc,metaspace] GC(19) Metaspace: 16463K(17536K)->16463K(17536K) NonClass: 13168K(13632K)->13168K(13632K) Class: 3295K(3904K)->3295K(3904K)
[26.648s][info   ][gc          ] GC(19) Pause Full (System.gc()) 1573M->1573M(5633M) 1388.905ms
[28.065s][info   ][gc,metaspace] GC(20) Metaspace: 16463K(17536K)->16463K(17536K) NonClass: 13168K(13632K)->13168K(13632K) Class: 3295K(3904K)->3295K(3904K)
[28.065s][info   ][gc          ] GC(20) Pause Full (System.gc()) 1573M->1573M(5633M) 1416.490ms
[29.432s][info   ][gc,metaspace] GC(21) Metaspace: 16463K(17536K)->16463K(17536K) NonClass: 13168K(13632K)->13168K(13632K) Class: 3295K(3904K)->3295K(3904K)
[29.432s][info   ][gc          ] GC(21) Pause Full (System.gc()) 1573M->1573M(5633M) 1366.922ms
[30.855s][info   ][gc,metaspace] GC(22) Metaspace: 16463K(17536K)->16463K(17536K) NonClass: 13168K(13632K)->13168K(13632K) Class: 3295K(3904K)->3295K(3904K)
[30.855s][info   ][gc          ] GC(22) Pause Full (System.gc()) 1573M->1573M(5633M) 1423.026ms
[32.261s][info   ][gc,metaspace] GC(23) Metaspace: 16463K(17536K)->16463K(17536K) NonClass: 13168K(13632K)->13168K(13632K) Class: 3295K(3904K)->3295K(3904K)
[32.261s][info   ][gc          ] GC(23) Pause Full (System.gc()) 1573M->1573M(5633M) 1405.777ms
[33.681s][info   ][gc,metaspace] GC(24) Metaspace: 16463K(17536K)->16463K(17536K) NonClass: 13168K(13632K)->13168K(13632K) Class: 3295K(3904K)->3295K(3904K)
[33.681s][info   ][gc          ] GC(24) Pause Full (System.gc()) 1573M->1573M(5633M) 1420.219ms
[35.096s][info   ][gc,metaspace] GC(25) Metaspace: 16463K(17536K)->16463K(17536K) NonClass: 13168K(13632K)->13168K(13632K) Class: 3295K(3904K)->3295K(3904K)
[35.096s][info   ][gc          ] GC(25) Pause Full (System.gc()) 1573M->1573M(5633M) 1414.752ms
[36.492s][info   ][gc,metaspace] GC(26) Metaspace: 16463K(17536K)->16463K(17536K) NonClass: 13168K(13632K)->13168K(13632K) Class: 3295K(3904K)->3295K(3904K)
[36.493s][info   ][gc          ] GC(26) Pause Full (System.gc()) 1573M->1573M(5633M) 1396.232ms
[37.922s][info   ][gc,metaspace] GC(27) Metaspace: 16463K(17536K)->16463K(17536K) NonClass: 13168K(13632K)->13168K(13632K) Class: 3295K(3904K)->3295K(3904K)
[37.922s][info   ][gc          ] GC(27) Pause Full (System.gc()) 1573M->1573M(5633M) 1428.204ms
[39.316s][info   ][gc,metaspace] GC(28) Metaspace: 16463K(17536K)->16463K(17536K) NonClass: 13168K(13632K)->13168K(13632K) Class: 3295K(3904K)->3295K(3904K)
[39.316s][info   ][gc          ] GC(28) Pause Full (System.gc()) 1573M->1573M(5633M) 1394.001ms
[40.700s][info   ][gc,metaspace] GC(29) Metaspace: 16463K(17536K)->16463K(17536K) NonClass: 13168K(13632K)->13168K(13632K) Class: 3295K(3904K)->3295K(3904K)
[40.700s][info   ][gc          ] GC(29) Pause Full (System.gc()) 1573M->1573M(5633M) 1384.250ms
[42.133s][info   ][gc,metaspace] GC(30) Metaspace: 16463K(17536K)->16463K(17536K) NonClass: 13168K(13632K)->13168K(13632K) Class: 3295K(3904K)->3295K(3904K)
[42.133s][info   ][gc          ] GC(30) Pause Full (System.gc()) 1573M->1573M(5633M) 1432.594ms
[43.528s][info   ][gc,metaspace] GC(31) Metaspace: 16463K(17536K)->16463K(17536K) NonClass: 13168K(13632K)->13168K(13632K) Class: 3295K(3904K)->3295K(3904K)
[43.528s][info   ][gc          ] GC(31) Pause Full (System.gc()) 1573M->1573M(5633M) 1394.806ms
[44.948s][info   ][gc,metaspace] GC(32) Metaspace: 16463K(17536K)->16463K(17536K) NonClass: 13168K(13632K)->13168K(13632K) Class: 3295K(3904K)->3295K(3904K)
[44.948s][info   ][gc          ] GC(32) Pause Full (System.gc()) 1573M->1573M(5633M) 1419.922ms
[46.331s][info   ][gc,metaspace] GC(33) Metaspace: 16463K(17536K)->16463K(17536K) NonClass: 13168K(13632K)->13168K(13632K) Class: 3295K(3904K)->3295K(3904K)
[46.331s][info   ][gc          ] GC(33) Pause Full (System.gc()) 1573M->1573M(5633M) 1383.144ms
[47.722s][info   ][gc,metaspace] GC(34) Metaspace: 16463K(17536K)->16463K(17536K) NonClass: 13168K(13632K)->13168K(13632K) Class: 3295K(3904K)->3295K(3904K)
[47.722s][info   ][gc          ] GC(34) Pause Full (System.gc()) 1573M->1573M(5633M) 1390.801ms
[49.142s][info   ][gc,metaspace] GC(35) Metaspace: 16463K(17536K)->16463K(17536K) NonClass: 13168K(13632K)->13168K(13632K) Class: 3295K(3904K)->3295K(3904K)
[49.142s][info   ][gc          ] GC(35) Pause Full (System.gc()) 1573M->1573M(5633M) 1420.601ms
[50.521s][info   ][gc,metaspace] GC(36) Metaspace: 16463K(17536K)->16463K(17536K) NonClass: 13168K(13632K)->13168K(13632K) Class: 3295K(3904K)->3295K(3904K)
[50.521s][info   ][gc          ] GC(36) Pause Full (System.gc()) 1573M->1573M(5633M) 1378.772ms
[51.951s][info   ][gc,metaspace] GC(37) Metaspace: 16463K(17536K)->16463K(17536K) NonClass: 13168K(13632K)->13168K(13632K) Class: 3295K(3904K)->3295K(3904K)
[51.951s][info   ][gc          ] GC(37) Pause Full (System.gc()) 1573M->1573M(5633M) 1429.367ms
[53.343s][info   ][gc,metaspace] GC(38) Metaspace: 16463K(17536K)->16463K(17536K) NonClass: 13168K(13632K)->13168K(13632K) Class: 3295K(3904K)->3295K(3904K)
[53.343s][info   ][gc          ] GC(38) Pause Full (System.gc()) 1573M->1573M(5633M) 1391.879ms
[54.755s][info   ][gc,metaspace] GC(39) Metaspace: 16463K(17536K)->16463K(17536K) NonClass: 13168K(13632K)->13168K(13632K) Class: 3295K(3904K)->3295K(3904K)
[54.755s][info   ][gc          ] GC(39) Pause Full (System.gc()) 1573M->1573M(5633M) 1411.352ms
[56.171s][info   ][gc,metaspace] GC(40) Metaspace: 16463K(17536K)->16463K(17536K) NonClass: 13168K(13632K)->13168K(13632K) Class: 3295K(3904K)->3295K(3904K)
[56.171s][info   ][gc          ] GC(40) Pause Full (System.gc()) 1573M->1573M(5633M) 1416.205ms
[57.564s][info   ][gc,metaspace] GC(41) Metaspace: 16463K(17536K)->16463K(17536K) NonClass: 13168K(13632K)->13168K(13632K) Class: 3295K(3904K)->3295K(3904K)
[57.564s][info   ][gc          ] GC(41) Pause Full (System.gc()) 1573M->1573M(5633M) 1392.681ms
[58.991s][info   ][gc,metaspace] GC(42) Metaspace: 16463K(17536K)->16463K(17536K) NonClass: 13168K(13632K)->13168K(13632K) Class: 3295K(3904K)->3295K(3904K)
[58.991s][info   ][gc          ] GC(42) Pause Full (System.gc()) 1573M->1573M(5633M) 1427.256ms
[60.378s][info   ][gc,metaspace] GC(43) Metaspace: 16463K(17536K)->16463K(17536K) NonClass: 13168K(13632K)->13168K(13632K) Class: 3295K(3904K)->3295K(3904K)
[60.378s][info   ][gc          ] GC(43) Pause Full (System.gc()) 1573M->1573M(5633M) 1386.991ms
[61.768s][info   ][gc,metaspace] GC(44) Metaspace: 16463K(17536K)->16463K(17536K) NonClass: 13168K(13632K)->13168K(13632K) Class: 3295K(3904K)->3295K(3904K)
[61.768s][info   ][gc          ] GC(44) Pause Full (System.gc()) 1573M->1573M(5633M) 1389.471ms
[63.197s][info   ][gc,metaspace] GC(45) Metaspace: 16463K(17536K)->16463K(17536K) NonClass: 13168K(13632K)->13168K(13632K) Class: 3295K(3904K)->3295K(3904K)
[63.197s][info   ][gc          ] GC(45) Pause Full (System.gc()) 1573M->1573M(5633M) 1429.274ms
[64.580s][info   ][gc,metaspace] GC(46) Metaspace: 16463K(17536K)->16463K(17536K) NonClass: 13168K(13632K)->13168K(13632K) Class: 3295K(3904K)->3295K(3904K)
[64.580s][info   ][gc          ] GC(46) Pause Full (System.gc()) 1573M->1573M(5633M) 1382.370ms
[66.389s][info   ][gc,metaspace] GC(47) Metaspace: 16463K(17536K)->16463K(17536K) NonClass: 13168K(13632K)->13168K(13632K) Class: 3295K(3904K)->3295K(3904K)
[66.389s][info   ][gc          ] GC(47) Pause Full (System.gc()) 1573M->1573M(5633M) 1808.975ms
[67.830s][info   ][gc,metaspace] GC(48) Metaspace: 16463K(17536K)->16463K(17536K) NonClass: 13168K(13632K)->13168K(13632K) Class: 3295K(3904K)->3295K(3904K)
[67.830s][info   ][gc          ] GC(48) Pause Full (System.gc()) 1583M->1573M(5633M) 1440.965ms
[69.228s][info   ][gc,metaspace] GC(49) Metaspace: 16463K(17536K)->16463K(17536K) NonClass: 13168K(13632K)->13168K(13632K) Class: 3295K(3904K)->3295K(3904K)
[69.228s][info   ][gc          ] GC(49) Pause Full (System.gc()) 1573M->1573M(5633M) 1398.198ms
[70.611s][info   ][gc,metaspace] GC(50) Metaspace: 16463K(17536K)->16463K(17536K) NonClass: 13168K(13632K)->13168K(13632K) Class: 3295K(3904K)->3295K(3904K)
[70.611s][info   ][gc          ] GC(50) Pause Full (System.gc()) 1573M->1573M(5633M) 1382.889ms
[72.041s][info   ][gc,metaspace] GC(51) Metaspace: 16463K(17536K)->16463K(17536K) NonClass: 13168K(13632K)->13168K(13632K) Class: 3295K(3904K)->3295K(3904K)
[72.041s][info   ][gc          ] GC(51) Pause Full (System.gc()) 1573M->1573M(5633M) 1429.236ms
[73.422s][info   ][gc,metaspace] GC(52) Metaspace: 16463K(17536K)->16463K(17536K) NonClass: 13168K(13632K)->13168K(13632K) Class: 3295K(3904K)->3295K(3904K)
[73.422s][info   ][gc          ] GC(52) Pause Full (System.gc()) 1573M->1573M(5633M) 1380.775ms
[74.852s][info   ][gc,metaspace] GC(53) Metaspace: 16463K(17536K)->16463K(17536K) NonClass: 13168K(13632K)->13168K(13632K) Class: 3295K(3904K)->3295K(3904K)
[74.852s][info   ][gc          ] GC(53) Pause Full (System.gc()) 1573M->1573M(5633M) 1429.778ms
[76.239s][info   ][gc,metaspace] GC(54) Metaspace: 16463K(17536K)->16463K(17536K) NonClass: 13168K(13632K)->13168K(13632K) Class: 3295K(3904K)->3295K(3904K)
[76.239s][info   ][gc          ] GC(54) Pause Full (System.gc()) 1573M->1573M(5633M) 1386.351ms
[77.619s][info   ][gc,metaspace] GC(55) Metaspace: 16463K(17536K)->16463K(17536K) NonClass: 13168K(13632K)->13168K(13632K) Class: 3295K(3904K)->3295K(3904K)
[77.620s][info   ][gc          ] GC(55) Pause Full (System.gc()) 1573M->1573M(5633M) 1380.874ms
[79.038s][info   ][gc,metaspace] GC(56) Metaspace: 16463K(17536K)->16463K(17536K) NonClass: 13168K(13632K)->13168K(13632K) Class: 3295K(3904K)->3295K(3904K)
[79.038s][info   ][gc          ] GC(56) Pause Full (System.gc()) 1573M->1573M(5633M) 1418.821ms
[80.411s][info   ][gc,metaspace] GC(57) Metaspace: 16463K(17536K)->16463K(17536K) NonClass: 13168K(13632K)->13168K(13632K) Class: 3295K(3904K)->3295K(3904K)
[80.411s][info   ][gc          ] GC(57) Pause Full (System.gc()) 1573M->1573M(5633M) 1372.650ms
[81.834s][info   ][gc,metaspace] GC(58) Metaspace: 16463K(17536K)->16463K(17536K) NonClass: 13168K(13632K)->13168K(13632K) Class: 3295K(3904K)->3295K(3904K)
[81.834s][info   ][gc          ] GC(58) Pause Full (System.gc()) 1573M->1573M(5633M) 1422.438ms
[83.231s][info   ][gc,metaspace] GC(59) Metaspace: 16463K(17536K)->16463K(17536K) NonClass: 13168K(13632K)->13168K(13632K) Class: 3295K(3904K)->3295K(3904K)
[83.231s][info   ][gc          ] GC(59) Pause Full (System.gc()) 1573M->1573M(5633M) 1396.191ms
[84.616s][info   ][gc,metaspace] GC(60) Metaspace: 16463K(17536K)->16463K(17536K) NonClass: 13168K(13632K)->13168K(13632K) Class: 3295K(3904K)->3295K(3904K)
[84.616s][info   ][gc          ] GC(60) Pause Full (System.gc()) 1573M->1573M(5633M) 1385.460ms
[86.038s][info   ][gc,metaspace] GC(61) Metaspace: 16463K(17536K)->16463K(17536K) NonClass: 13168K(13632K)->13168K(13632K) Class: 3295K(3904K)->3295K(3904K)
[86.038s][info   ][gc          ] GC(61) Pause Full (System.gc()) 1573M->1573M(5633M) 1421.677ms
[87.415s][info   ][gc,metaspace] GC(62) Metaspace: 16463K(17536K)->16463K(17536K) NonClass: 13168K(13632K)->13168K(13632K) Class: 3295K(3904K)->3295K(3904K)
[87.415s][info   ][gc          ] GC(62) Pause Full (System.gc()) 1573M->1573M(5633M) 1376.683ms
[88.847s][info   ][gc,metaspace] GC(63) Metaspace: 16463K(17536K)->16463K(17536K) NonClass: 13168K(13632K)->13168K(13632K) Class: 3295K(3904K)->3295K(3904K)
[88.847s][info   ][gc          ] GC(63) Pause Full (System.gc()) 1573M->1573M(5633M) 1431.210ms
[90.234s][info   ][gc,metaspace] GC(64) Metaspace: 16463K(17536K)->16463K(17536K) NonClass: 13168K(13632K)->13168K(13632K) Class: 3295K(3904K)->3295K(3904K)
[90.234s][info   ][gc          ] GC(64) Pause Full (System.gc()) 1573M->1573M(5633M) 1386.835ms
[91.624s][info   ][gc,metaspace] GC(65) Metaspace: 16463K(17536K)->16463K(17536K) NonClass: 13168K(13632K)->13168K(13632K) Class: 3295K(3904K)->3295K(3904K)
[91.624s][info   ][gc          ] GC(65) Pause Full (System.gc()) 1573M->1573M(5633M) 1389.717ms
After GCs... 
