[0.001s][warning][pagesize] UseLargePages disabled, no large pages configured and available on the system.
[0.001s][info   ][metaspace]  - commit_granule_bytes: 65536.
[0.001s][info   ][metaspace]  - commit_granule_words: 8192.
[0.001s][info   ][metaspace]  - virtual_space_node_default_size: 8388608.
[0.001s][info   ][metaspace]  - enlarge_chunks_in_place: 1.
[0.001s][info   ][metaspace]  - use_allocation_guard: 0.
[0.002s][info   ][gc       ] Using Parallel
[0.369s][info   ][metaspace] Reserving compressed class space anywhere
[0.369s][info   ][gc,metaspace] CDS archive(s) not mapped
[0.369s][info   ][gc,metaspace] Compressed class space mapped at: 0x000000001b000000-0x00000000db000000, reserved size: 3221225472
[0.369s][info   ][gc,metaspace] UseCompressedClassPointers 1, UseCompactObjectHeaders 1, narrow klass pointer bits 22, max shift 10
[0.369s][info   ][gc,metaspace] Narrow klass base: 0x000000001b000000, Narrow klass shift: 10, Narrow klass range: 0xc0000000
Random Seed: 12345678
Num Classes: 1024
Num Objects: 67108864
Percent IK Objects: 83.0%)
Percent OAK Objects: 5.0%)
Percent TAK Objects: 12.0%)
Cycles: 50
Loading 1024 pre-generated classes ...
Materialize pre-generated constructors ...
Creating objects...
[0.680s][info   ][gc,metaspace] GC(0) Metaspace: 12815K(12992K)->12815K(12992K) NonClass: 10060K(10176K)->10060K(10176K) Class: 2755K(2816K)->2755K(2816K)
[0.680s][info   ][gc          ] GC(0) Pause Full (System.gc()) 122M->2M(5888M) 6.398ms
[2.684s][info   ][gc,metaspace] GC(1) Metaspace: 16460K(17536K)->16460K(17536K) NonClass: 13165K(13632K)->13165K(13632K) Class: 3295K(3904K)->3295K(3904K)
[2.684s][info   ][gc          ] GC(1) Pause Young (Allocation Failure) 1538M->359M(5888M) 202.772ms
[4.455s][info   ][gc,metaspace] GC(2) Metaspace: 16463K(17536K)->16463K(17536K) NonClass: 13168K(13632K)->13168K(13632K) Class: 3295K(3904K)->3295K(3904K)
[4.455s][info   ][gc          ] GC(2) Pause Young (Allocation Failure) 1895M->489M(5888M) 215.464ms
[5.923s][info   ][gc,metaspace] GC(3) Metaspace: 16463K(17536K)->16463K(17536K) NonClass: 13168K(13632K)->13168K(13632K) Class: 3295K(3904K)->3295K(3904K)
[5.923s][info   ][gc          ] GC(3) Pause Young (Allocation Failure) 2025M->616M(5888M) 290.106ms
[7.439s][info   ][gc,metaspace] GC(4) Metaspace: 16463K(17536K)->16463K(17536K) NonClass: 13168K(13632K)->13168K(13632K) Class: 3295K(3904K)->3295K(3904K)
[7.439s][info   ][gc          ] GC(4) Pause Young (Allocation Failure) 2152M->743M(5888M) 297.420ms
[8.971s][info   ][gc,metaspace] GC(5) Metaspace: 16463K(17536K)->16463K(17536K) NonClass: 13168K(13632K)->13168K(13632K) Class: 3295K(3904K)->3295K(3904K)
[8.971s][info   ][gc          ] GC(5) Pause Young (Allocation Failure) 2279M->870M(5888M) 310.070ms
[10.509s][info   ][gc,metaspace] GC(6) Metaspace: 16463K(17536K)->16463K(17536K) NonClass: 13168K(13632K)->13168K(13632K) Class: 3295K(3904K)->3295K(3904K)
[10.509s][info   ][gc          ] GC(6) Pause Young (Allocation Failure) 2406M->997M(5311M) 315.084ms
[11.526s][info   ][gc,metaspace] GC(7) Metaspace: 16463K(17536K)->16463K(17536K) NonClass: 13168K(13632K)->13168K(13632K) Class: 3295K(3904K)->3295K(3904K)
[11.526s][info   ][gc          ] GC(7) Pause Young (Allocation Failure) 1956M->1076M(5166M) 233.147ms
[12.476s][info   ][gc,metaspace] GC(8) Metaspace: 16463K(17536K)->16463K(17536K) NonClass: 13168K(13632K)->13168K(13632K) Class: 3295K(3904K)->3295K(3904K)
[12.476s][info   ][gc          ] GC(8) Pause Young (Allocation Failure) 2035M->1155M(5604M) 164.395ms
[13.466s][info   ][gc,metaspace] GC(9) Metaspace: 16463K(17536K)->16463K(17536K) NonClass: 13168K(13632K)->13168K(13632K) Class: 3295K(3904K)->3295K(3904K)
[13.466s][info   ][gc          ] GC(9) Pause Young (Allocation Failure) 2109M->1234M(5590M) 207.001ms
[14.483s][info   ][gc,metaspace] GC(10) Metaspace: 16463K(17536K)->16463K(17536K) NonClass: 13168K(13632K)->13168K(13632K) Class: 3295K(3904K)->3295K(3904K)
[14.483s][info   ][gc          ] GC(10) Pause Young (Allocation Failure) 2188M->1313M(5636M) 233.599ms
[15.511s][info   ][gc,metaspace] GC(11) Metaspace: 16463K(17536K)->16463K(17536K) NonClass: 13168K(13632K)->13168K(13632K) Class: 3295K(3904K)->3295K(3904K)
[15.511s][info   ][gc          ] GC(11) Pause Young (Allocation Failure) 2338M->1398M(5628M) 191.456ms
[16.503s][info   ][gc,metaspace] GC(12) Metaspace: 16463K(17536K)->16463K(17536K) NonClass: 13168K(13632K)->13168K(13632K) Class: 3295K(3904K)->3295K(3904K)
[16.503s][info   ][gc          ] GC(12) Pause Young (Allocation Failure) 2423M->1483M(5634M) 153.426ms
[17.501s][info   ][gc,metaspace] GC(13) Metaspace: 16463K(17536K)->16463K(17536K) NonClass: 13168K(13632K)->13168K(13632K) Class: 3295K(3904K)->3295K(3904K)
[17.501s][info   ][gc          ] GC(13) Pause Young (Allocation Failure) 2510M->1568M(5633M) 155.292ms
67108864 Objects created
 - IK: 55699211 (82.99829%)
 - OAK: 3355627 (5.0002737%)
 - TAK: 8054026 (12.001434%)
Preparatory GC...
[19.626s][info   ][gc,metaspace] GC(14) Metaspace: 16463K(17536K)->16463K(17536K) NonClass: 13168K(13632K)->13168K(13632K) Class: 3295K(3904K)->3295K(3904K)
[19.626s][info   ][gc          ] GC(14) Pause Full (System.gc()) 1670M->1573M(5633M) 2048.731ms
[21.062s][info   ][gc,metaspace] GC(15) Metaspace: 16463K(17536K)->16463K(17536K) NonClass: 13168K(13632K)->13168K(13632K) Class: 3295K(3904K)->3295K(3904K)
[21.062s][info   ][gc          ] GC(15) Pause Full (System.gc()) 1573M->1573M(5633M) 1435.163ms
Done; will start GCs... 
[22.433s][info   ][gc,metaspace] GC(16) Metaspace: 16463K(17536K)->16463K(17536K) NonClass: 13168K(13632K)->13168K(13632K) Class: 3295K(3904K)->3295K(3904K)
[22.433s][info   ][gc          ] GC(16) Pause Full (System.gc()) 1593M->1573M(5633M) 1371.436ms
[23.874s][info   ][gc,metaspace] GC(17) Metaspace: 16463K(17536K)->16463K(17536K) NonClass: 13168K(13632K)->13168K(13632K) Class: 3295K(3904K)->3295K(3904K)
[23.874s][info   ][gc          ] GC(17) Pause Full (System.gc()) 1573M->1573M(5633M) 1440.468ms
[25.259s][info   ][gc,metaspace] GC(18) Metaspace: 16463K(17536K)->16463K(17536K) NonClass: 13168K(13632K)->13168K(13632K) Class: 3295K(3904K)->3295K(3904K)
[25.259s][info   ][gc          ] GC(18) Pause Full (System.gc()) 1573M->1573M(5633M) 1384.807ms
[26.648s][info   ][gc,metaspace] GC(19) Metaspace: 16463K(17536K)->16463K(17536K) NonClass: 13168K(13632K)->13168K(13632K) Class: 3295K(3904K)->3295K(3904K)
[26.648s][info   ][gc          ] GC(19) Pause Full (System.gc()) 1573M->1573M(5633M) 1388.905ms
[28.065s][info   ][gc,metaspace] GC(20) Metaspace: 16463K(17536K)->16463K(17536K) NonClass: 13168K(13632K)->13168K(13632K) Class: 3295K(3904K)->3295K(3904K)
[28.065s][info   ][gc          ] GC(20) Pause Full (System.gc()) 1573M->1573M(5633M) 1416.490ms
[29.432s][info   ][gc,metaspace] GC(21) Metaspace: 16463K(17536K)->16463K(17536K) NonClass: 13168K(13632K)->13168K(13632K) Class: 3295K(3904K)->3295K(3904K)
[29.432s][info   ][gc          ] GC(21) Pause Full (System.gc()) 1573M->1573M(5633M) 1366.922ms
[30.855s][info   ][gc,metaspace] GC(22) Metaspace: 16463K(17536K)->16463K(17536K) NonClass: 13168K(13632K)->13168K(13632K) Class: 3295K(3904K)->3295K(3904K)
[30.855s][info   ][gc          ] GC(22) Pause Full (System.gc()) 1573M->1573M(5633M) 1423.026ms
[32.261s][info   ][gc,metaspace] GC(23) Metaspace: 16463K(17536K)->16463K(17536K) NonClass: 13168K(13632K)->13168K(13632K) Class: 3295K(3904K)->3295K(3904K)
[32.261s][info   ][gc          ] GC(23) Pause Full (System.gc()) 1573M->1573M(5633M) 1405.777ms
[33.681s][info   ][gc,metaspace] GC(24) Metaspace: 16463K(17536K)->16463K(17536K) NonClass: 13168K(13632K)->13168K(13632K) Class: 3295K(3904K)->3295K(3904K)
[33.681s][info   ][gc          ] GC(24) Pause Full (System.gc()) 1573M->1573M(5633M) 1420.219ms
[35.096s][info   ][gc,metaspace] GC(25) Metaspace: 16463K(17536K)->16463K(17536K) NonClass: 13168K(13632K)->13168K(13632K) Class: 3295K(3904K)->3295K(3904K)
[35.096s][info   ][gc          ] GC(25) Pause Full (System.gc()) 1573M->1573M(5633M) 1414.752ms
[36.492s][info   ][gc,metaspace] GC(26) Metaspace: 16463K(17536K)->16463K(17536K) NonClass: 13168K(13632K)->13168K(13632K) Class: 3295K(3904K)->3295K(3904K)
[36.493s][info   ][gc          ] GC(26) Pause Full (System.gc()) 1573M->1573M(5633M) 1396.232ms
[37.922s][info   ][gc,metaspace] GC(27) Metaspace: 16463K(17536K)->16463K(17536K) NonClass: 13168K(13632K)->13168K(13632K) Class: 3295K(3904K)->3295K(3904K)
[37.922s][info   ][gc          ] GC(27) Pause Full (System.gc()) 1573M->1573M(5633M) 1428.204ms
[39.316s][info   ][gc,metaspace] GC(28) Metaspace: 16463K(17536K)->16463K(17536K) NonClass: 13168K(13632K)->13168K(13632K) Class: 3295K(3904K)->3295K(3904K)
[39.316s][info   ][gc          ] GC(28) Pause Full (System.gc()) 1573M->1573M(5633M) 1394.001ms
[40.700s][info   ][gc,metaspace] GC(29) Metaspace: 16463K(17536K)->16463K(17536K) NonClass: 13168K(13632K)->13168K(13632K) Class: 3295K(3904K)->3295K(3904K)
[40.700s][info   ][gc          ] GC(29) Pause Full (System.gc()) 1573M->1573M(5633M) 1384.250ms
[42.133s][info   ][gc,metaspace] GC(30) Metaspace: 16463K(17536K)->16463K(17536K) NonClass: 13168K(13632K)->13168K(13632K) Class: 3295K(3904K)->3295K(3904K)
[42.133s][info   ][gc          ] GC(30) Pause Full (System.gc()) 1573M->1573M(5633M) 1432.594ms
[43.528s][info   ][gc,metaspace] GC(31) Metaspace: 16463K(17536K)->16463K(17536K) NonClass: 13168K(13632K)->13168K(13632K) Class: 3295K(3904K)->3295K(3904K)
[43.528s][info   ][gc          ] GC(31) Pause Full (System.gc()) 1573M->1573M(5633M) 1394.806ms
[44.948s][info   ][gc,metaspace] GC(32) Metaspace: 16463K(17536K)->16463K(17536K) NonClass: 13168K(13632K)->13168K(13632K) Class: 3295K(3904K)->3295K(3904K)
[44.948s][info   ][gc          ] GC(32) Pause Full (System.gc()) 1573M->1573M(5633M) 1419.922ms
[46.331s][info   ][gc,metaspace] GC(33) Metaspace: 16463K(17536K)->16463K(17536K) NonClass: 13168K(13632K)->13168K(13632K) Class: 3295K(3904K)->3295K(3904K)
[46.331s][info   ][gc          ] GC(33) Pause Full (System.gc()) 1573M->1573M(5633M) 1383.144ms
[47.722s][info   ][gc,metaspace] GC(34) Metaspace: 16463K(17536K)->16463K(17536K) NonClass: 13168K(13632K)->13168K(13632K) Class: 3295K(3904K)->3295K(3904K)
[47.722s][info   ][gc          ] GC(34) Pause Full (System.gc()) 1573M->1573M(5633M) 1390.801ms
[49.142s][info   ][gc,metaspace] GC(35) Metaspace: 16463K(17536K)->16463K(17536K) NonClass: 13168K(13632K)->13168K(13632K) Class: 3295K(3904K)->3295K(3904K)
[49.142s][info   ][gc          ] GC(35) Pause Full (System.gc()) 1573M->1573M(5633M) 1420.601ms
[50.521s][info   ][gc,metaspace] GC(36) Metaspace: 16463K(17536K)->16463K(17536K) NonClass: 13168K(13632K)->13168K(13632K) Class: 3295K(3904K)->3295K(3904K)
[50.521s][info   ][gc          ] GC(36) Pause Full (System.gc()) 1573M->1573M(5633M) 1378.772ms
[51.951s][info   ][gc,metaspace] GC(37) Metaspace: 16463K(17536K)->16463K(17536K) NonClass: 13168K(13632K)->13168K(13632K) Class: 3295K(3904K)->3295K(3904K)
[51.951s][info   ][gc          ] GC(37) Pause Full (System.gc()) 1573M->1573M(5633M) 1429.367ms
[53.343s][info   ][gc,metaspace] GC(38) Metaspace: 16463K(17536K)->16463K(17536K) NonClass: 13168K(13632K)->13168K(13632K) Class: 3295K(3904K)->3295K(3904K)
[53.343s][info   ][gc          ] GC(38) Pause Full (System.gc()) 1573M->1573M(5633M) 1391.879ms
[54.755s][info   ][gc,metaspace] GC(39) Metaspace: 16463K(17536K)->16463K(17536K) NonClass: 13168K(13632K)->13168K(13632K) Class: 3295K(3904K)->3295K(3904K)
[54.755s][info   ][gc          ] GC(39) Pause Full (System.gc()) 1573M->1573M(5633M) 1411.352ms
[56.171s][info   ][gc,metaspace] GC(40) Metaspace: 16463K(17536K)->16463K(17536K) NonClass: 13168K(13632K)->13168K(13632K) Class: 3295K(3904K)->3295K(3904K)
[56.171s][info   ][gc          ] GC(40) Pause Full (System.gc()) 1573M->1573M(5633M) 1416.205ms
[57.564s][info   ][gc,metaspace] GC(41) Metaspace: 16463K(17536K)->16463K(17536K) NonClass: 13168K(13632K)->13168K(13632K) Class: 3295K(3904K)->3295K(3904K)
[57.564s][info   ][gc          ] GC(41) Pause Full (System.gc()) 1573M->1573M(5633M) 1392.681ms
[58.991s][info   ][gc,metaspace] GC(42) Metaspace: 16463K(17536K)->16463K(17536K) NonClass: 13168K(13632K)->13168K(13632K) Class: 3295K(3904K)->3295K(3904K)
[58.991s][info   ][gc          ] GC(42) Pause Full (System.gc()) 1573M->1573M(5633M) 1427.256ms
[60.378s][info   ][gc,metaspace] GC(43) Metaspace: 16463K(17536K)->16463K(17536K) NonClass: 13168K(13632K)->13168K(13632K) Class: 3295K(3904K)->3295K(3904K)
[60.378s][info   ][gc          ] GC(43) Pause Full (System.gc()) 1573M->1573M(5633M) 1386.991ms
[61.768s][info   ][gc,metaspace] GC(44) Metaspace: 16463K(17536K)->16463K(17536K) NonClass: 13168K(13632K)->13168K(13632K) Class: 3295K(3904K)->3295K(3904K)
[61.768s][info   ][gc          ] GC(44) Pause Full (System.gc()) 1573M->1573M(5633M) 1389.471ms
[63.197s][info   ][gc,metaspace] GC(45) Metaspace: 16463K(17536K)->16463K(17536K) NonClass: 13168K(13632K)->13168K(13632K) Class: 3295K(3904K)->3295K(3904K)
[63.197s][info   ][gc          ] GC(45) Pause Full (System.gc()) 1573M->1573M(5633M) 1429.274ms
[64.580s][info   ][gc,metaspace] GC(46) Metaspace: 16463K(17536K)->16463K(17536K) NonClass: 13168K(13632K)->13168K(13632K) Class: 3295K(3904K)->3295K(3904K)
[64.580s][info   ][gc          ] GC(46) Pause Full (System.gc()) 1573M->1573M(5633M) 1382.370ms
[66.389s][info   ][gc,metaspace] GC(47) Metaspace: 16463K(17536K)->16463K(17536K) NonClass: 13168K(13632K)->13168K(13632K) Class: 3295K(3904K)->3295K(3904K)
[66.389s][info   ][gc          ] GC(47) Pause Full (System.gc()) 1573M->1573M(5633M) 1808.975ms
[67.830s][info   ][gc,metaspace] GC(48) Metaspace: 16463K(17536K)->16463K(17536K) NonClass: 13168K(13632K)->13168K(13632K) Class: 3295K(3904K)->3295K(3904K)
[67.830s][info   ][gc          ] GC(48) Pause Full (System.gc()) 1583M->1573M(5633M) 1440.965ms
[69.228s][info   ][gc,metaspace] GC(49) Metaspace: 16463K(17536K)->16463K(17536K) NonClass: 13168K(13632K)->13168K(13632K) Class: 3295K(3904K)->3295K(3904K)
[69.228s][info   ][gc          ] GC(49) Pause Full (System.gc()) 1573M->1573M(5633M) 1398.198ms
[70.611s][info   ][gc,metaspace] GC(50) Metaspace: 16463K(17536K)->16463K(17536K) NonClass: 13168K(13632K)->13168K(13632K) Class: 3295K(3904K)->3295K(3904K)
[70.611s][info   ][gc          ] GC(50) Pause Full (System.gc()) 1573M->1573M(5633M) 1382.889ms
[72.041s][info   ][gc,metaspace] GC(51) Metaspace: 16463K(17536K)->16463K(17536K) NonClass: 13168K(13632K)->13168K(13632K) Class: 3295K(3904K)->3295K(3904K)
[72.041s][info   ][gc          ] GC(51) Pause Full (System.gc()) 1573M->1573M(5633M) 1429.236ms
[73.422s][info   ][gc,metaspace] GC(52) Metaspace: 16463K(17536K)->16463K(17536K) NonClass: 13168K(13632K)->13168K(13632K) Class: 3295K(3904K)->3295K(3904K)
[73.422s][info   ][gc          ] GC(52) Pause Full (System.gc()) 1573M->1573M(5633M) 1380.775ms
[74.852s][info   ][gc,metaspace] GC(53) Metaspace: 16463K(17536K)->16463K(17536K) NonClass: 13168K(13632K)->13168K(13632K) Class: 3295K(3904K)->3295K(3904K)
[74.852s][info   ][gc          ] GC(53) Pause Full (System.gc()) 1573M->1573M(5633M) 1429.778ms
[76.239s][info   ][gc,metaspace] GC(54) Metaspace: 16463K(17536K)->16463K(17536K) NonClass: 13168K(13632K)->13168K(13632K) Class: 3295K(3904K)->3295K(3904K)
[76.239s][info   ][gc          ] GC(54) Pause Full (System.gc()) 1573M->1573M(5633M) 1386.351ms
[77.619s][info   ][gc,metaspace] GC(55) Metaspace: 16463K(17536K)->16463K(17536K) NonClass: 13168K(13632K)->13168K(13632K) Class: 3295K(3904K)->3295K(3904K)
[77.620s][info   ][gc          ] GC(55) Pause Full (System.gc()) 1573M->1573M(5633M) 1380.874ms
[79.038s][info   ][gc,metaspace] GC(56) Metaspace: 16463K(17536K)->16463K(17536K) NonClass: 13168K(13632K)->13168K(13632K) Class: 3295K(3904K)->3295K(3904K)
[79.038s][info   ][gc          ] GC(56) Pause Full (System.gc()) 1573M->1573M(5633M) 1418.821ms
[80.411s][info   ][gc,metaspace] GC(57) Metaspace: 16463K(17536K)->16463K(17536K) NonClass: 13168K(13632K)->13168K(13632K) Class: 3295K(3904K)->3295K(3904K)
[80.411s][info   ][gc          ] GC(57) Pause Full (System.gc()) 1573M->1573M(5633M) 1372.650ms
[81.834s][info   ][gc,metaspace] GC(58) Metaspace: 16463K(17536K)->16463K(17536K) NonClass: 13168K(13632K)->13168K(13632K) Class: 3295K(3904K)->3295K(3904K)
[81.834s][info   ][gc          ] GC(58) Pause Full (System.gc()) 1573M->1573M(5633M) 1422.438ms
[83.231s][info   ][gc,metaspace] GC(59) Metaspace: 16463K(17536K)->16463K(17536K) NonClass: 13168K(13632K)->13168K(13632K) Class: 3295K(3904K)->3295K(3904K)
[83.231s][info   ][gc          ] GC(59) Pause Full (System.gc()) 1573M->1573M(5633M) 1396.191ms
[84.616s][info   ][gc,metaspace] GC(60) Metaspace: 16463K(17536K)->16463K(17536K) NonClass: 13168K(13632K)->13168K(13632K) Class: 3295K(3904K)->3295K(3904K)
[84.616s][info   ][gc          ] GC(60) Pause Full (System.gc()) 1573M->1573M(5633M) 1385.460ms
[86.038s][info   ][gc,metaspace] GC(61) Metaspace: 16463K(17536K)->16463K(17536K) NonClass: 13168K(13632K)->13168K(13632K) Class: 3295K(3904K)->3295K(3904K)
[86.038s][info   ][gc          ] GC(61) Pause Full (System.gc()) 1573M->1573M(5633M) 1421.677ms
[87.415s][info   ][gc,metaspace] GC(62) Metaspace: 16463K(17536K)->16463K(17536K) NonClass: 13168K(13632K)->13168K(13632K) Class: 3295K(3904K)->3295K(3904K)
[87.415s][info   ][gc          ] GC(62) Pause Full (System.gc()) 1573M->1573M(5633M) 1376.683ms
[88.847s][info   ][gc,metaspace] GC(63) Metaspace: 16463K(17536K)->16463K(17536K) NonClass: 13168K(13632K)->13168K(13632K) Class: 3295K(3904K)->3295K(3904K)
[88.847s][info   ][gc          ] GC(63) Pause Full (System.gc()) 1573M->1573M(5633M) 1431.210ms
[90.234s][info   ][gc,metaspace] GC(64) Metaspace: 16463K(17536K)->16463K(17536K) NonClass: 13168K(13632K)->13168K(13632K) Class: 3295K(3904K)->3295K(3904K)
[90.234s][info   ][gc          ] GC(64) Pause Full (System.gc()) 1573M->1573M(5633M) 1386.835ms
[91.624s][info   ][gc,metaspace] GC(65) Metaspace: 16463K(17536K)->16463K(17536K) NonClass: 13168K(13632K)->13168K(13632K) Class: 3295K(3904K)->3295K(3904K)
[91.624s][info   ][gc          ] GC(65) Pause Full (System.gc()) 1573M->1573M(5633M) 1389.717ms
After GCs... 
