Done; will start GCs... 
[23.112s][info   ][gc,metaspace] GC(16) Metaspace: 16462K(17472K)->16462K(17472K) NonClass: 13167K(13632K)->13167K(13632K) Class: 3294K(3840K)->3294K(3840K)
[23.112s][info   ][gc          ] GC(16) Pause Full (System.gc()) 1593M->1573M(5632M) 1598.649ms
[24.773s][info   ][gc,metaspace] GC(17) Metaspace: 16462K(17472K)->16462K(17472K) NonClass: 13167K(13632K)->13167K(13632K) Class: 3294K(3840K)->3294K(3840K)
[24.773s][info   ][gc          ] GC(17) Pause Full (System.gc()) 1573M->1573M(5632M) 1619.754ms
[26.416s][info   ][gc,metaspace] GC(18) Metaspace: 16462K(17472K)->16462K(17472K) NonClass: 13167K(13632K)->13167K(13632K) Class: 3294K(3840K)->3294K(3840K)
[26.417s][info   ][gc          ] GC(18) Pause Full (System.gc()) 1573M->1573M(5632M) 1643.454ms
[28.027s][info   ][gc,metaspace] GC(19) Metaspace: 16462K(17472K)->16462K(17472K) NonClass: 13167K(13632K)->13167K(13632K) Class: 3294K(3840K)->3294K(3840K)
[28.027s][info   ][gc          ] GC(19) Pause Full (System.gc()) 1573M->1573M(5632M) 1610.673ms
[29.662s][info   ][gc,metaspace] GC(20) Metaspace: 16462K(17472K)->16462K(17472K) NonClass: 13167K(13632K)->13167K(13632K) Class: 3294K(3840K)->3294K(3840K)
[29.662s][info   ][gc          ] GC(20) Pause Full (System.gc()) 1573M->1573M(5632M) 1634.928ms
[31.298s][info   ][gc,metaspace] GC(21) Metaspace: 16462K(17472K)->16462K(17472K) NonClass: 13167K(13632K)->13167K(13632K) Class: 3294K(3840K)->3294K(3840K)
[31.298s][info   ][gc          ] GC(21) Pause Full (System.gc()) 1573M->1573M(5632M) 1635.471ms
[32.885s][info   ][gc,metaspace] GC(22) Metaspace: 16462K(17472K)->16462K(17472K) NonClass: 13167K(13632K)->13167K(13632K) Class: 3294K(3840K)->3294K(3840K)
[32.885s][info   ][gc          ] GC(22) Pause Full (System.gc()) 1573M->1573M(5632M) 1586.728ms
[34.550s][info   ][gc,metaspace] GC(23) Metaspace: 16462K(17472K)->16462K(17472K) NonClass: 13167K(13632K)->13167K(13632K) Class: 3294K(3840K)->3294K(3840K)
[34.550s][info   ][gc          ] GC(23) Pause Full (System.gc()) 1573M->1573M(5632M) 1664.943ms
[36.186s][info   ][gc,metaspace] GC(24) Metaspace: 16462K(17472K)->16462K(17472K) NonClass: 13167K(13632K)->13167K(13632K) Class: 3294K(3840K)->3294K(3840K)
[36.186s][info   ][gc          ] GC(24) Pause Full (System.gc()) 1573M->1573M(5632M) 1636.164ms
[37.789s][info   ][gc,metaspace] GC(25) Metaspace: 16462K(17472K)->16462K(17472K) NonClass: 13167K(13632K)->13167K(13632K) Class: 3294K(3840K)->3294K(3840K)
[37.789s][info   ][gc          ] GC(25) Pause Full (System.gc()) 1573M->1573M(5632M) 1602.653ms
[39.424s][info   ][gc,metaspace] GC(26) Metaspace: 16462K(17472K)->16462K(17472K) NonClass: 13167K(13632K)->13167K(13632K) Class: 3294K(3840K)->3294K(3840K)
[39.424s][info   ][gc          ] GC(26) Pause Full (System.gc()) 1573M->1573M(5632M) 1635.328ms
[41.035s][info   ][gc,metaspace] GC(27) Metaspace: 16462K(17472K)->16462K(17472K) NonClass: 13167K(13632K)->13167K(13632K) Class: 3294K(3840K)->3294K(3840K)
[41.035s][info   ][gc          ] GC(27) Pause Full (System.gc()) 1573M->1573M(5632M) 1610.414ms
[42.681s][info   ][gc,metaspace] GC(28) Metaspace: 16462K(17472K)->16462K(17472K) NonClass: 13167K(13632K)->13167K(13632K) Class: 3294K(3840K)->3294K(3840K)
[42.681s][info   ][gc          ] GC(28) Pause Full (System.gc()) 1573M->1573M(5632M) 1645.839ms
[44.319s][info   ][gc,metaspace] GC(29) Metaspace: 16462K(17472K)->16462K(17472K) NonClass: 13167K(13632K)->13167K(13632K) Class: 3294K(3840K)->3294K(3840K)
[44.319s][info   ][gc          ] GC(29) Pause Full (System.gc()) 1573M->1573M(5632M) 1638.634ms
[45.919s][info   ][gc,metaspace] GC(30) Metaspace: 16462K(17472K)->16462K(17472K) NonClass: 13167K(13632K)->13167K(13632K) Class: 3294K(3840K)->3294K(3840K)
[45.919s][info   ][gc          ] GC(30) Pause Full (System.gc()) 1573M->1573M(5632M) 1599.648ms
[47.569s][info   ][gc,metaspace] GC(31) Metaspace: 16462K(17472K)->16462K(17472K) NonClass: 13167K(13632K)->13167K(13632K) Class: 3294K(3840K)->3294K(3840K)
[47.569s][info   ][gc          ] GC(31) Pause Full (System.gc()) 1573M->1573M(5632M) 1649.970ms
[49.216s][info   ][gc,metaspace] GC(32) Metaspace: 16462K(17472K)->16462K(17472K) NonClass: 13167K(13632K)->13167K(13632K) Class: 3294K(3840K)->3294K(3840K)
[49.216s][info   ][gc          ] GC(32) Pause Full (System.gc()) 1573M->1573M(5632M) 1646.924ms
[50.815s][info   ][gc,metaspace] GC(33) Metaspace: 16462K(17472K)->16462K(17472K) NonClass: 13167K(13632K)->13167K(13632K) Class: 3294K(3840K)->3294K(3840K)
[50.815s][info   ][gc          ] GC(33) Pause Full (System.gc()) 1573M->1573M(5632M) 1598.846ms
[52.454s][info   ][gc,metaspace] GC(34) Metaspace: 16462K(17472K)->16462K(17472K) NonClass: 13167K(13632K)->13167K(13632K) Class: 3294K(3840K)->3294K(3840K)
[52.454s][info   ][gc          ] GC(34) Pause Full (System.gc()) 1573M->1573M(5632M) 1639.169ms
[54.062s][info   ][gc,metaspace] GC(35) Metaspace: 16462K(17472K)->16462K(17472K) NonClass: 13167K(13632K)->13167K(13632K) Class: 3294K(3840K)->3294K(3840K)
[54.062s][info   ][gc          ] GC(35) Pause Full (System.gc()) 1573M->1573M(5632M) 1607.166ms
[55.698s][info   ][gc,metaspace] GC(36) Metaspace: 16462K(17472K)->16462K(17472K) NonClass: 13167K(13632K)->13167K(13632K) Class: 3294K(3840K)->3294K(3840K)
[55.698s][info   ][gc          ] GC(36) Pause Full (System.gc()) 1573M->1573M(5632M) 1636.289ms
[57.340s][info   ][gc,metaspace] GC(37) Metaspace: 16462K(17472K)->16462K(17472K) NonClass: 13167K(13632K)->13167K(13632K) Class: 3294K(3840K)->3294K(3840K)
[57.340s][info   ][gc          ] GC(37) Pause Full (System.gc()) 1573M->1573M(5632M) 1641.544ms
[58.956s][info   ][gc,metaspace] GC(38) Metaspace: 16462K(17472K)->16462K(17472K) NonClass: 13167K(13632K)->13167K(13632K) Class: 3294K(3840K)->3294K(3840K)
[58.956s][info   ][gc          ] GC(38) Pause Full (System.gc()) 1573M->1573M(5632M) 1616.415ms
[60.594s][info   ][gc,metaspace] GC(39) Metaspace: 16462K(17472K)->16462K(17472K) NonClass: 13167K(13632K)->13167K(13632K) Class: 3294K(3840K)->3294K(3840K)
[60.594s][info   ][gc          ] GC(39) Pause Full (System.gc()) 1573M->1573M(5632M) 1638.095ms
[62.254s][info   ][gc,metaspace] GC(40) Metaspace: 16462K(17472K)->16462K(17472K) NonClass: 13167K(13632K)->13167K(13632K) Class: 3294K(3840K)->3294K(3840K)
[62.254s][info   ][gc          ] GC(40) Pause Full (System.gc()) 1573M->1573M(5632M) 1659.082ms
[63.844s][info   ][gc,metaspace] GC(41) Metaspace: 16462K(17472K)->16462K(17472K) NonClass: 13167K(13632K)->13167K(13632K) Class: 3294K(3840K)->3294K(3840K)
[63.844s][info   ][gc          ] GC(41) Pause Full (System.gc()) 1573M->1573M(5632M) 1589.972ms
[65.889s][info   ][gc,metaspace] GC(42) Metaspace: 16462K(17472K)->16462K(17472K) NonClass: 13167K(13632K)->13167K(13632K) Class: 3294K(3840K)->3294K(3840K)
[65.889s][info   ][gc          ] GC(42) Pause Full (System.gc()) 1573M->1573M(5632M) 2045.556ms
[67.550s][info   ][gc,metaspace] GC(43) Metaspace: 16462K(17472K)->16462K(17472K) NonClass: 13167K(13632K)->13167K(13632K) Class: 3294K(3840K)->3294K(3840K)
[67.550s][info   ][gc          ] GC(43) Pause Full (System.gc()) 1583M->1573M(5632M) 1660.676ms
[69.189s][info   ][gc,metaspace] GC(44) Metaspace: 16462K(17472K)->16462K(17472K) NonClass: 13167K(13632K)->13167K(13632K) Class: 3294K(3840K)->3294K(3840K)
[69.189s][info   ][gc          ] GC(44) Pause Full (System.gc()) 1573M->1573M(5632M) 1638.608ms
[70.793s][info   ][gc,metaspace] GC(45) Metaspace: 16462K(17472K)->16462K(17472K) NonClass: 13167K(13632K)->13167K(13632K) Class: 3294K(3840K)->3294K(3840K)
[70.793s][info   ][gc          ] GC(45) Pause Full (System.gc()) 1573M->1573M(5632M) 1604.490ms
[72.448s][info   ][gc,metaspace] GC(46) Metaspace: 16462K(17472K)->16462K(17472K) NonClass: 13167K(13632K)->13167K(13632K) Class: 3294K(3840K)->3294K(3840K)
[72.448s][info   ][gc          ] GC(46) Pause Full (System.gc()) 1573M->1573M(5632M) 1654.216ms
[74.051s][info   ][gc,metaspace] GC(47) Metaspace: 16462K(17472K)->16462K(17472K) NonClass: 13167K(13632K)->13167K(13632K) Class: 3294K(3840K)->3294K(3840K)
[74.051s][info   ][gc          ] GC(47) Pause Full (System.gc()) 1573M->1573M(5632M) 1603.014ms
[75.687s][info   ][gc,metaspace] GC(48) Metaspace: 16462K(17472K)->16462K(17472K) NonClass: 13167K(13632K)->13167K(13632K) Class: 3294K(3840K)->3294K(3840K)
[75.687s][info   ][gc          ] GC(48) Pause Full (System.gc()) 1573M->1573M(5632M) 1636.068ms
[77.325s][info   ][gc,metaspace] GC(49) Metaspace: 16462K(17472K)->16462K(17472K) NonClass: 13167K(13632K)->13167K(13632K) Class: 3294K(3840K)->3294K(3840K)
[77.325s][info   ][gc          ] GC(49) Pause Full (System.gc()) 1573M->1573M(5632M) 1638.283ms
[78.913s][info   ][gc,metaspace] GC(50) Metaspace: 16462K(17472K)->16462K(17472K) NonClass: 13167K(13632K)->13167K(13632K) Class: 3294K(3840K)->3294K(3840K)
[78.913s][info   ][gc          ] GC(50) Pause Full (System.gc()) 1573M->1573M(5632M) 1587.691ms
[80.554s][info   ][gc,metaspace] GC(51) Metaspace: 16462K(17472K)->16462K(17472K) NonClass: 13167K(13632K)->13167K(13632K) Class: 3294K(3840K)->3294K(3840K)
[80.554s][info   ][gc          ] GC(51) Pause Full (System.gc()) 1573M->1573M(5632M) 1640.711ms
[82.204s][info   ][gc,metaspace] GC(52) Metaspace: 16462K(17472K)->16462K(17472K) NonClass: 13167K(13632K)->13167K(13632K) Class: 3294K(3840K)->3294K(3840K)
[82.204s][info   ][gc          ] GC(52) Pause Full (System.gc()) 1573M->1573M(5632M) 1649.723ms
[83.809s][info   ][gc,metaspace] GC(53) Metaspace: 16462K(17472K)->16462K(17472K) NonClass: 13167K(13632K)->13167K(13632K) Class: 3294K(3840K)->3294K(3840K)
[83.809s][info   ][gc          ] GC(53) Pause Full (System.gc()) 1573M->1573M(5632M) 1605.241ms
[85.453s][info   ][gc,metaspace] GC(54) Metaspace: 16462K(17472K)->16462K(17472K) NonClass: 13167K(13632K)->13167K(13632K) Class: 3294K(3840K)->3294K(3840K)
[85.453s][info   ][gc          ] GC(54) Pause Full (System.gc()) 1573M->1573M(5632M) 1643.753ms
[87.050s][info   ][gc,metaspace] GC(55) Metaspace: 16462K(17472K)->16462K(17472K) NonClass: 13167K(13632K)->13167K(13632K) Class: 3294K(3840K)->3294K(3840K)
[87.050s][info   ][gc          ] GC(55) Pause Full (System.gc()) 1573M->1573M(5632M) 1596.668ms
[88.687s][info   ][gc,metaspace] GC(56) Metaspace: 16462K(17472K)->16462K(17472K) NonClass: 13167K(13632K)->13167K(13632K) Class: 3294K(3840K)->3294K(3840K)
[88.688s][info   ][gc          ] GC(56) Pause Full (System.gc()) 1573M->1573M(5632M) 1637.663ms
[90.327s][info   ][gc,metaspace] GC(57) Metaspace: 16462K(17472K)->16462K(17472K) NonClass: 13167K(13632K)->13167K(13632K) Class: 3294K(3840K)->3294K(3840K)
[90.327s][info   ][gc          ] GC(57) Pause Full (System.gc()) 1573M->1573M(5632M) 1639.233ms
[91.924s][info   ][gc,metaspace] GC(58) Metaspace: 16462K(17472K)->16462K(17472K) NonClass: 13167K(13632K)->13167K(13632K) Class: 3294K(3840K)->3294K(3840K)
[91.924s][info   ][gc          ] GC(58) Pause Full (System.gc()) 1573M->1573M(5632M) 1596.578ms
[93.562s][info   ][gc,metaspace] GC(59) Metaspace: 16462K(17472K)->16462K(17472K) NonClass: 13167K(13632K)->13167K(13632K) Class: 3294K(3840K)->3294K(3840K)
[93.562s][info   ][gc          ] GC(59) Pause Full (System.gc()) 1573M->1573M(5632M) 1638.518ms
[95.216s][info   ][gc,metaspace] GC(60) Metaspace: 16462K(17472K)->16462K(17472K) NonClass: 13167K(13632K)->13167K(13632K) Class: 3294K(3840K)->3294K(3840K)
[95.216s][info   ][gc          ] GC(60) Pause Full (System.gc()) 1573M->1573M(5632M) 1653.479ms
[96.814s][info   ][gc,metaspace] GC(61) Metaspace: 16462K(17472K)->16462K(17472K) NonClass: 13167K(13632K)->13167K(13632K) Class: 3294K(3840K)->3294K(3840K)
[96.814s][info   ][gc          ] GC(61) Pause Full (System.gc()) 1573M->1573M(5632M) 1598.274ms
[98.454s][info   ][gc,metaspace] GC(62) Metaspace: 16462K(17472K)->16462K(17472K) NonClass: 13167K(13632K)->13167K(13632K) Class: 3294K(3840K)->3294K(3840K)
[98.454s][info   ][gc          ] GC(62) Pause Full (System.gc()) 1573M->1573M(5632M) 1639.917ms
[100.060s][info   ][gc,metaspace] GC(63) Metaspace: 16462K(17472K)->16462K(17472K) NonClass: 13167K(13632K)->13167K(13632K) Class: 3294K(3840K)->3294K(3840K)
[100.060s][info   ][gc          ] GC(63) Pause Full (System.gc()) 1573M->1573M(5632M) 1605.791ms
[101.712s][info   ][gc,metaspace] GC(64) Metaspace: 16462K(17472K)->16462K(17472K) NonClass: 13167K(13632K)->13167K(13632K) Class: 3294K(3840K)->3294K(3840K)
[101.712s][info   ][gc          ] GC(64) Pause Full (System.gc()) 1573M->1573M(5632M) 1651.446ms
[103.349s][info   ][gc,metaspace] GC(65) Metaspace: 16462K(17472K)->16462K(17472K) NonClass: 13167K(13632K)->13167K(13632K) Class: 3294K(3840K)->3294K(3840K)
[103.349s][info   ][gc          ] GC(65) Pause Full (System.gc()) 1573M->1573M(5632M) 1637.203ms
After GCs... 
