Done; will start GCs... 
[12.014s][info][gc,metaspace] GC(26) Metaspace: 11525K(11904K)->11525K(11904K) NonClass: 9647K(9856K)->9647K(9856K) Class: 1877K(2048K)->1877K(2048K)
[12.014s][info][gc          ] GC(26) Pause Full (System.gc()) 1578M->1576M(6144M) 634.067ms
[12.655s][info][gc,metaspace] GC(27) Metaspace: 11525K(11904K)->11525K(11904K) NonClass: 9647K(9856K)->9647K(9856K) Class: 1877K(2048K)->1877K(2048K)
[12.655s][info][gc          ] GC(27) Pause Full (System.gc()) 1576M->1576M(6144M) 640.420ms
[13.310s][info][gc,metaspace] GC(28) Metaspace: 11525K(11904K)->11525K(11904K) NonClass: 9647K(9856K)->9647K(9856K) Class: 1877K(2048K)->1877K(2048K)
[13.310s][info][gc          ] GC(28) Pause Full (System.gc()) 1576M->1576M(6144M) 655.277ms
[13.970s][info][gc,metaspace] GC(29) Metaspace: 11525K(11904K)->11525K(11904K) NonClass: 9647K(9856K)->9647K(9856K) Class: 1877K(2048K)->1877K(2048K)
[13.970s][info][gc          ] GC(29) Pause Full (System.gc()) 1576M->1576M(6144M) 659.841ms
[14.634s][info][gc,metaspace] GC(30) Metaspace: 11525K(11904K)->11525K(11904K) NonClass: 9647K(9856K)->9647K(9856K) Class: 1877K(2048K)->1877K(2048K)
[14.634s][info][gc          ] GC(30) Pause Full (System.gc()) 1576M->1576M(6144M) 663.886ms
[15.294s][info][gc,metaspace] GC(31) Metaspace: 11525K(11904K)->11525K(11904K) NonClass: 9647K(9856K)->9647K(9856K) Class: 1877K(2048K)->1877K(2048K)
[15.294s][info][gc          ] GC(31) Pause Full (System.gc()) 1576M->1576M(6144M) 660.004ms
[15.948s][info][gc,metaspace] GC(32) Metaspace: 11525K(11904K)->11525K(11904K) NonClass: 9647K(9856K)->9647K(9856K) Class: 1877K(2048K)->1877K(2048K)
[15.948s][info][gc          ] GC(32) Pause Full (System.gc()) 1576M->1576M(6144M) 654.281ms
[16.602s][info][gc,metaspace] GC(33) Metaspace: 11525K(11904K)->11525K(11904K) NonClass: 9647K(9856K)->9647K(9856K) Class: 1877K(2048K)->1877K(2048K)
[16.602s][info][gc          ] GC(33) Pause Full (System.gc()) 1576M->1576M(6144M) 653.883ms
[17.264s][info][gc,metaspace] GC(34) Metaspace: 11525K(11904K)->11525K(11904K) NonClass: 9647K(9856K)->9647K(9856K) Class: 1877K(2048K)->1877K(2048K)
[17.264s][info][gc          ] GC(34) Pause Full (System.gc()) 1576M->1576M(6144M) 662.170ms
[17.902s][info][gc,metaspace] GC(35) Metaspace: 11525K(11904K)->11525K(11904K) NonClass: 9647K(9856K)->9647K(9856K) Class: 1877K(2048K)->1877K(2048K)
[17.902s][info][gc          ] GC(35) Pause Full (System.gc()) 1576M->1576M(6144M) 637.189ms
[18.539s][info][gc,metaspace] GC(36) Metaspace: 11525K(11904K)->11525K(11904K) NonClass: 9647K(9856K)->9647K(9856K) Class: 1877K(2048K)->1877K(2048K)
[18.539s][info][gc          ] GC(36) Pause Full (System.gc()) 1576M->1576M(6144M) 637.308ms
[19.176s][info][gc,metaspace] GC(37) Metaspace: 11525K(11904K)->11525K(11904K) NonClass: 9647K(9856K)->9647K(9856K) Class: 1877K(2048K)->1877K(2048K)
[19.176s][info][gc          ] GC(37) Pause Full (System.gc()) 1576M->1576M(6144M) 636.496ms
[19.758s][info][gc,metaspace] GC(38) Metaspace: 11525K(11904K)->11525K(11904K) NonClass: 9647K(9856K)->9647K(9856K) Class: 1877K(2048K)->1877K(2048K)
[19.758s][info][gc          ] GC(38) Pause Full (System.gc()) 1576M->1576M(6144M) 582.057ms
[20.336s][info][gc,metaspace] GC(39) Metaspace: 11525K(11904K)->11525K(11904K) NonClass: 9647K(9856K)->9647K(9856K) Class: 1877K(2048K)->1877K(2048K)
[20.336s][info][gc          ] GC(39) Pause Full (System.gc()) 1576M->1576M(6144M) 578.513ms
[20.933s][info][gc,metaspace] GC(40) Metaspace: 11525K(11904K)->11525K(11904K) NonClass: 9647K(9856K)->9647K(9856K) Class: 1877K(2048K)->1877K(2048K)
[20.934s][info][gc          ] GC(40) Pause Full (System.gc()) 1576M->1576M(6144M) 597.109ms
[21.515s][info][gc,metaspace] GC(41) Metaspace: 11525K(11904K)->11525K(11904K) NonClass: 9647K(9856K)->9647K(9856K) Class: 1877K(2048K)->1877K(2048K)
[21.515s][info][gc          ] GC(41) Pause Full (System.gc()) 1576M->1576M(6144M) 581.761ms
[22.096s][info][gc,metaspace] GC(42) Metaspace: 11525K(11904K)->11525K(11904K) NonClass: 9647K(9856K)->9647K(9856K) Class: 1877K(2048K)->1877K(2048K)
[22.096s][info][gc          ] GC(42) Pause Full (System.gc()) 1576M->1576M(6144M) 580.803ms
[22.677s][info][gc,metaspace] GC(43) Metaspace: 11525K(11904K)->11525K(11904K) NonClass: 9647K(9856K)->9647K(9856K) Class: 1877K(2048K)->1877K(2048K)
[22.677s][info][gc          ] GC(43) Pause Full (System.gc()) 1576M->1576M(6144M) 580.844ms
[23.261s][info][gc,metaspace] GC(44) Metaspace: 11525K(11904K)->11525K(11904K) NonClass: 9647K(9856K)->9647K(9856K) Class: 1877K(2048K)->1877K(2048K)
[23.261s][info][gc          ] GC(44) Pause Full (System.gc()) 1576M->1576M(6144M) 583.767ms
[23.842s][info][gc,metaspace] GC(45) Metaspace: 11525K(11904K)->11525K(11904K) NonClass: 9647K(9856K)->9647K(9856K) Class: 1877K(2048K)->1877K(2048K)
[23.842s][info][gc          ] GC(45) Pause Full (System.gc()) 1576M->1576M(6144M) 581.210ms
[24.420s][info][gc,metaspace] GC(46) Metaspace: 11525K(11904K)->11525K(11904K) NonClass: 9647K(9856K)->9647K(9856K) Class: 1877K(2048K)->1877K(2048K)
[24.420s][info][gc          ] GC(46) Pause Full (System.gc()) 1576M->1576M(6144M) 578.011ms
[25.001s][info][gc,metaspace] GC(47) Metaspace: 11525K(11904K)->11525K(11904K) NonClass: 9647K(9856K)->9647K(9856K) Class: 1877K(2048K)->1877K(2048K)
[25.001s][info][gc          ] GC(47) Pause Full (System.gc()) 1576M->1576M(6144M) 580.302ms
[25.588s][info][gc,metaspace] GC(48) Metaspace: 11525K(11904K)->11525K(11904K) NonClass: 9647K(9856K)->9647K(9856K) Class: 1877K(2048K)->1877K(2048K)
[25.588s][info][gc          ] GC(48) Pause Full (System.gc()) 1576M->1576M(6144M) 587.019ms
[26.172s][info][gc,metaspace] GC(49) Metaspace: 11525K(11904K)->11525K(11904K) NonClass: 9647K(9856K)->9647K(9856K) Class: 1877K(2048K)->1877K(2048K)
[26.172s][info][gc          ] GC(49) Pause Full (System.gc()) 1576M->1576M(6144M) 584.039ms
[26.765s][info][gc,metaspace] GC(50) Metaspace: 11525K(11904K)->11525K(11904K) NonClass: 9647K(9856K)->9647K(9856K) Class: 1877K(2048K)->1877K(2048K)
[26.765s][info][gc          ] GC(50) Pause Full (System.gc()) 1576M->1576M(6144M) 592.960ms
[27.344s][info][gc,metaspace] GC(51) Metaspace: 11525K(11904K)->11525K(11904K) NonClass: 9647K(9856K)->9647K(9856K) Class: 1877K(2048K)->1877K(2048K)
[27.344s][info][gc          ] GC(51) Pause Full (System.gc()) 1576M->1576M(6144M) 578.965ms
[27.924s][info][gc,metaspace] GC(52) Metaspace: 11525K(11904K)->11525K(11904K) NonClass: 9647K(9856K)->9647K(9856K) Class: 1877K(2048K)->1877K(2048K)
[27.924s][info][gc          ] GC(52) Pause Full (System.gc()) 1576M->1576M(6144M) 580.412ms
[28.504s][info][gc,metaspace] GC(53) Metaspace: 11525K(11904K)->11525K(11904K) NonClass: 9647K(9856K)->9647K(9856K) Class: 1877K(2048K)->1877K(2048K)
[28.504s][info][gc          ] GC(53) Pause Full (System.gc()) 1576M->1576M(6144M) 579.747ms
[29.087s][info][gc,metaspace] GC(54) Metaspace: 11525K(11904K)->11525K(11904K) NonClass: 9647K(9856K)->9647K(9856K) Class: 1877K(2048K)->1877K(2048K)
[29.087s][info][gc          ] GC(54) Pause Full (System.gc()) 1576M->1576M(6144M) 582.422ms
[29.672s][info][gc,metaspace] GC(55) Metaspace: 11525K(11904K)->11525K(11904K) NonClass: 9647K(9856K)->9647K(9856K) Class: 1877K(2048K)->1877K(2048K)
[29.672s][info][gc          ] GC(55) Pause Full (System.gc()) 1576M->1576M(6144M) 584.838ms
[30.252s][info][gc,metaspace] GC(56) Metaspace: 11525K(11904K)->11525K(11904K) NonClass: 9647K(9856K)->9647K(9856K) Class: 1877K(2048K)->1877K(2048K)
[30.252s][info][gc          ] GC(56) Pause Full (System.gc()) 1576M->1576M(6144M) 579.981ms
[30.836s][info][gc,metaspace] GC(57) Metaspace: 11525K(11904K)->11525K(11904K) NonClass: 9647K(9856K)->9647K(9856K) Class: 1877K(2048K)->1877K(2048K)
[30.836s][info][gc          ] GC(57) Pause Full (System.gc()) 1576M->1576M(6144M) 584.574ms
[31.420s][info][gc,metaspace] GC(58) Metaspace: 11525K(11904K)->11525K(11904K) NonClass: 9647K(9856K)->9647K(9856K) Class: 1877K(2048K)->1877K(2048K)
[31.420s][info][gc          ] GC(58) Pause Full (System.gc()) 1576M->1576M(6144M) 583.661ms
[31.996s][info][gc,metaspace] GC(59) Metaspace: 11525K(11904K)->11525K(11904K) NonClass: 9647K(9856K)->9647K(9856K) Class: 1877K(2048K)->1877K(2048K)
[31.996s][info][gc          ] GC(59) Pause Full (System.gc()) 1576M->1576M(6144M) 576.197ms
[32.574s][info][gc,metaspace] GC(60) Metaspace: 11525K(11904K)->11525K(11904K) NonClass: 9647K(9856K)->9647K(9856K) Class: 1877K(2048K)->1877K(2048K)
[32.574s][info][gc          ] GC(60) Pause Full (System.gc()) 1576M->1576M(6144M) 577.148ms
[33.157s][info][gc,metaspace] GC(61) Metaspace: 11525K(11904K)->11525K(11904K) NonClass: 9647K(9856K)->9647K(9856K) Class: 1877K(2048K)->1877K(2048K)
[33.157s][info][gc          ] GC(61) Pause Full (System.gc()) 1576M->1576M(6144M) 582.925ms
[33.737s][info][gc,metaspace] GC(62) Metaspace: 11525K(11904K)->11525K(11904K) NonClass: 9647K(9856K)->9647K(9856K) Class: 1877K(2048K)->1877K(2048K)
[33.737s][info][gc          ] GC(62) Pause Full (System.gc()) 1576M->1576M(6144M) 580.343ms
[34.320s][info][gc,metaspace] GC(63) Metaspace: 11525K(11904K)->11525K(11904K) NonClass: 9647K(9856K)->9647K(9856K) Class: 1877K(2048K)->1877K(2048K)
[34.320s][info][gc          ] GC(63) Pause Full (System.gc()) 1576M->1576M(6144M) 582.540ms
[34.904s][info][gc,metaspace] GC(64) Metaspace: 11525K(11904K)->11525K(11904K) NonClass: 9647K(9856K)->9647K(9856K) Class: 1877K(2048K)->1877K(2048K)
[34.905s][info][gc          ] GC(64) Pause Full (System.gc()) 1576M->1576M(6144M) 584.838ms
[35.487s][info][gc,metaspace] GC(65) Metaspace: 11525K(11904K)->11525K(11904K) NonClass: 9647K(9856K)->9647K(9856K) Class: 1877K(2048K)->1877K(2048K)
[35.487s][info][gc          ] GC(65) Pause Full (System.gc()) 1576M->1576M(6144M) 582.141ms
After GCs... 
