Done; will start GCs... 
[11.312s][info][gc,metaspace] GC(27) Metaspace: 11514K(11776K)->11514K(11776K) NonClass: 10372K(10496K)->10372K(10496K) Class: 1141K(1280K)->1141K(1280K)
[11.312s][info][gc          ] GC(27) Pause Full (System.gc()) 1801M->1799M(6144M) 632.456ms
[11.946s][info][gc,metaspace] GC(28) Metaspace: 11514K(11776K)->11514K(11776K) NonClass: 10372K(10496K)->10372K(10496K) Class: 1141K(1280K)->1141K(1280K)
[11.946s][info][gc          ] GC(28) Pause Full (System.gc()) 1799M->1799M(6144M) 633.915ms
[12.578s][info][gc,metaspace] GC(29) Metaspace: 11514K(11776K)->11514K(11776K) NonClass: 10372K(10496K)->10372K(10496K) Class: 1141K(1280K)->1141K(1280K)
[12.578s][info][gc          ] GC(29) Pause Full (System.gc()) 1799M->1799M(6144M) 631.570ms
[13.212s][info][gc,metaspace] GC(30) Metaspace: 11514K(11776K)->11514K(11776K) NonClass: 10372K(10496K)->10372K(10496K) Class: 1141K(1280K)->1141K(1280K)
[13.212s][info][gc          ] GC(30) Pause Full (System.gc()) 1799M->1799M(6144M) 634.571ms
[13.865s][info][gc,metaspace] GC(31) Metaspace: 11514K(11776K)->11514K(11776K) NonClass: 10372K(10496K)->10372K(10496K) Class: 1141K(1280K)->1141K(1280K)
[13.865s][info][gc          ] GC(31) Pause Full (System.gc()) 1799M->1799M(6144M) 652.617ms
[14.501s][info][gc,metaspace] GC(32) Metaspace: 11514K(11776K)->11514K(11776K) NonClass: 10372K(10496K)->10372K(10496K) Class: 1141K(1280K)->1141K(1280K)
[14.501s][info][gc          ] GC(32) Pause Full (System.gc()) 1799M->1799M(6144M) 636.079ms
[15.131s][info][gc,metaspace] GC(33) Metaspace: 11514K(11776K)->11514K(11776K) NonClass: 10372K(10496K)->10372K(10496K) Class: 1141K(1280K)->1141K(1280K)
[15.131s][info][gc          ] GC(33) Pause Full (System.gc()) 1799M->1799M(6144M) 630.000ms
[15.761s][info][gc,metaspace] GC(34) Metaspace: 11514K(11776K)->11514K(11776K) NonClass: 10372K(10496K)->10372K(10496K) Class: 1141K(1280K)->1141K(1280K)
[15.761s][info][gc          ] GC(34) Pause Full (System.gc()) 1799M->1799M(6144M) 629.992ms
[16.396s][info][gc,metaspace] GC(35) Metaspace: 11514K(11776K)->11514K(11776K) NonClass: 10372K(10496K)->10372K(10496K) Class: 1141K(1280K)->1141K(1280K)
[16.400s][info][gc          ] GC(35) Pause Full (System.gc()) 1799M->1799M(6144M) 638.909ms
[17.035s][info][gc,metaspace] GC(36) Metaspace: 11514K(11776K)->11514K(11776K) NonClass: 10372K(10496K)->10372K(10496K) Class: 1141K(1280K)->1141K(1280K)
[17.035s][info][gc          ] GC(36) Pause Full (System.gc()) 1799M->1799M(6144M) 634.494ms
[17.669s][info][gc,metaspace] GC(37) Metaspace: 11514K(11776K)->11514K(11776K) NonClass: 10372K(10496K)->10372K(10496K) Class: 1141K(1280K)->1141K(1280K)
[17.669s][info][gc          ] GC(37) Pause Full (System.gc()) 1799M->1799M(6144M) 634.265ms
[18.296s][info][gc,metaspace] GC(38) Metaspace: 11514K(11776K)->11514K(11776K) NonClass: 10372K(10496K)->10372K(10496K) Class: 1141K(1280K)->1141K(1280K)
[18.296s][info][gc          ] GC(38) Pause Full (System.gc()) 1799M->1799M(6144M) 626.993ms
[18.934s][info][gc,metaspace] GC(39) Metaspace: 11514K(11776K)->11514K(11776K) NonClass: 10372K(10496K)->10372K(10496K) Class: 1141K(1280K)->1141K(1280K)
[18.934s][info][gc          ] GC(39) Pause Full (System.gc()) 1799M->1799M(6144M) 637.916ms
[19.569s][info][gc,metaspace] GC(40) Metaspace: 11514K(11776K)->11514K(11776K) NonClass: 10372K(10496K)->10372K(10496K) Class: 1141K(1280K)->1141K(1280K)
[19.569s][info][gc          ] GC(40) Pause Full (System.gc()) 1799M->1799M(6144M) 635.348ms
[20.143s][info][gc,metaspace] GC(41) Metaspace: 11514K(11776K)->11514K(11776K) NonClass: 10372K(10496K)->10372K(10496K) Class: 1141K(1280K)->1141K(1280K)
[20.143s][info][gc          ] GC(41) Pause Full (System.gc()) 1799M->1799M(6144M) 573.087ms
[20.717s][info][gc,metaspace] GC(42) Metaspace: 11514K(11776K)->11514K(11776K) NonClass: 10372K(10496K)->10372K(10496K) Class: 1141K(1280K)->1141K(1280K)
[20.717s][info][gc          ] GC(42) Pause Full (System.gc()) 1799M->1799M(6144M) 574.094ms
[21.287s][info][gc,metaspace] GC(43) Metaspace: 11514K(11776K)->11514K(11776K) NonClass: 10372K(10496K)->10372K(10496K) Class: 1141K(1280K)->1141K(1280K)
[21.287s][info][gc          ] GC(43) Pause Full (System.gc()) 1799M->1799M(6144M) 570.270ms
[21.858s][info][gc,metaspace] GC(44) Metaspace: 11514K(11776K)->11514K(11776K) NonClass: 10372K(10496K)->10372K(10496K) Class: 1141K(1280K)->1141K(1280K)
[21.858s][info][gc          ] GC(44) Pause Full (System.gc()) 1799M->1799M(6144M) 571.136ms
[22.436s][info][gc,metaspace] GC(45) Metaspace: 11514K(11776K)->11514K(11776K) NonClass: 10372K(10496K)->10372K(10496K) Class: 1141K(1280K)->1141K(1280K)
[22.437s][info][gc          ] GC(45) Pause Full (System.gc()) 1799M->1799M(6144M) 573.819ms
[23.015s][info][gc,metaspace] GC(46) Metaspace: 11514K(11776K)->11514K(11776K) NonClass: 10372K(10496K)->10372K(10496K) Class: 1141K(1280K)->1141K(1280K)
[23.015s][info][gc          ] GC(46) Pause Full (System.gc()) 1799M->1799M(6144M) 578.661ms
[23.593s][info][gc,metaspace] GC(47) Metaspace: 11514K(11776K)->11514K(11776K) NonClass: 10372K(10496K)->10372K(10496K) Class: 1141K(1280K)->1141K(1280K)
[23.593s][info][gc          ] GC(47) Pause Full (System.gc()) 1799M->1799M(6144M) 577.657ms
[24.165s][info][gc,metaspace] GC(48) Metaspace: 11514K(11776K)->11514K(11776K) NonClass: 10372K(10496K)->10372K(10496K) Class: 1141K(1280K)->1141K(1280K)
[24.165s][info][gc          ] GC(48) Pause Full (System.gc()) 1799M->1799M(6144M) 572.337ms
[24.740s][info][gc,metaspace] GC(49) Metaspace: 11514K(11776K)->11514K(11776K) NonClass: 10372K(10496K)->10372K(10496K) Class: 1141K(1280K)->1141K(1280K)
[24.740s][info][gc          ] GC(49) Pause Full (System.gc()) 1799M->1799M(6144M) 574.405ms
[25.316s][info][gc,metaspace] GC(50) Metaspace: 11514K(11776K)->11514K(11776K) NonClass: 10372K(10496K)->10372K(10496K) Class: 1141K(1280K)->1141K(1280K)
[25.316s][info][gc          ] GC(50) Pause Full (System.gc()) 1799M->1799M(6144M) 576.024ms
[25.884s][info][gc,metaspace] GC(51) Metaspace: 11514K(11776K)->11514K(11776K) NonClass: 10372K(10496K)->10372K(10496K) Class: 1141K(1280K)->1141K(1280K)
[25.884s][info][gc          ] GC(51) Pause Full (System.gc()) 1799M->1799M(6144M) 568.398ms
[26.456s][info][gc,metaspace] GC(52) Metaspace: 11514K(11776K)->11514K(11776K) NonClass: 10372K(10496K)->10372K(10496K) Class: 1141K(1280K)->1141K(1280K)
[26.456s][info][gc          ] GC(52) Pause Full (System.gc()) 1799M->1799M(6144M) 571.343ms
[27.034s][info][gc,metaspace] GC(53) Metaspace: 11514K(11776K)->11514K(11776K) NonClass: 10372K(10496K)->10372K(10496K) Class: 1141K(1280K)->1141K(1280K)
[27.034s][info][gc          ] GC(53) Pause Full (System.gc()) 1799M->1799M(6144M) 578.291ms
[27.609s][info][gc,metaspace] GC(54) Metaspace: 11514K(11776K)->11514K(11776K) NonClass: 10372K(10496K)->10372K(10496K) Class: 1141K(1280K)->1141K(1280K)
[27.609s][info][gc          ] GC(54) Pause Full (System.gc()) 1799M->1799M(6144M) 574.588ms
[28.185s][info][gc,metaspace] GC(55) Metaspace: 11514K(11776K)->11514K(11776K) NonClass: 10372K(10496K)->10372K(10496K) Class: 1141K(1280K)->1141K(1280K)
[28.185s][info][gc          ] GC(55) Pause Full (System.gc()) 1799M->1799M(6144M) 576.218ms
[28.758s][info][gc,metaspace] GC(56) Metaspace: 11514K(11776K)->11514K(11776K) NonClass: 10372K(10496K)->10372K(10496K) Class: 1141K(1280K)->1141K(1280K)
[28.758s][info][gc          ] GC(56) Pause Full (System.gc()) 1799M->1799M(6144M) 573.068ms
[29.330s][info][gc,metaspace] GC(57) Metaspace: 11514K(11776K)->11514K(11776K) NonClass: 10372K(10496K)->10372K(10496K) Class: 1141K(1280K)->1141K(1280K)
[29.330s][info][gc          ] GC(57) Pause Full (System.gc()) 1799M->1799M(6144M) 571.777ms
[29.896s][info][gc,metaspace] GC(58) Metaspace: 11514K(11776K)->11514K(11776K) NonClass: 10372K(10496K)->10372K(10496K) Class: 1141K(1280K)->1141K(1280K)
[29.896s][info][gc          ] GC(58) Pause Full (System.gc()) 1799M->1799M(6144M) 565.572ms
[30.471s][info][gc,metaspace] GC(59) Metaspace: 11514K(11776K)->11514K(11776K) NonClass: 10372K(10496K)->10372K(10496K) Class: 1141K(1280K)->1141K(1280K)
[30.471s][info][gc          ] GC(59) Pause Full (System.gc()) 1799M->1799M(6144M) 574.930ms
[31.046s][info][gc,metaspace] GC(60) Metaspace: 11514K(11776K)->11514K(11776K) NonClass: 10372K(10496K)->10372K(10496K) Class: 1141K(1280K)->1141K(1280K)
[31.046s][info][gc          ] GC(60) Pause Full (System.gc()) 1799M->1799M(6144M) 575.388ms
[31.618s][info][gc,metaspace] GC(61) Metaspace: 11514K(11776K)->11514K(11776K) NonClass: 10372K(10496K)->10372K(10496K) Class: 1141K(1280K)->1141K(1280K)
[31.618s][info][gc          ] GC(61) Pause Full (System.gc()) 1799M->1799M(6144M) 571.913ms
[32.193s][info][gc,metaspace] GC(62) Metaspace: 11514K(11776K)->11514K(11776K) NonClass: 10372K(10496K)->10372K(10496K) Class: 1141K(1280K)->1141K(1280K)
[32.193s][info][gc          ] GC(62) Pause Full (System.gc()) 1799M->1799M(6144M) 574.548ms
[32.770s][info][gc,metaspace] GC(63) Metaspace: 11514K(11776K)->11514K(11776K) NonClass: 10372K(10496K)->10372K(10496K) Class: 1141K(1280K)->1141K(1280K)
[32.770s][info][gc          ] GC(63) Pause Full (System.gc()) 1799M->1799M(6144M) 577.282ms
[33.342s][info][gc,metaspace] GC(64) Metaspace: 11514K(11776K)->11514K(11776K) NonClass: 10372K(10496K)->10372K(10496K) Class: 1141K(1280K)->1141K(1280K)
[33.342s][info][gc          ] GC(64) Pause Full (System.gc()) 1799M->1799M(6144M) 571.942ms
[33.912s][info][gc,metaspace] GC(65) Metaspace: 11514K(11776K)->11514K(11776K) NonClass: 10372K(10496K)->10372K(10496K) Class: 1141K(1280K)->1141K(1280K)
[33.912s][info][gc          ] GC(65) Pause Full (System.gc()) 1799M->1799M(6144M) 569.966ms
[34.484s][info][gc,metaspace] GC(66) Metaspace: 11514K(11776K)->11514K(11776K) NonClass: 10372K(10496K)->10372K(10496K) Class: 1141K(1280K)->1141K(1280K)
[34.484s][info][gc          ] GC(66) Pause Full (System.gc()) 1799M->1799M(6144M) 571.936ms
After GCs... 
