Done; will start GCs... 
[11.631s][info][gc,metaspace] GC(26) Metaspace: 11515K(11840K)->11515K(11840K) NonClass: 9640K(9792K)->9640K(9792K) Class: 1875K(2048K)->1875K(2048K)
[11.631s][info][gc          ] GC(26) Pause Full (System.gc()) 1578M->1576M(6144M) 645.186ms
[12.206s][info][gc,metaspace] GC(27) Metaspace: 11515K(11840K)->11515K(11840K) NonClass: 9640K(9792K)->9640K(9792K) Class: 1875K(2048K)->1875K(2048K)
[12.206s][info][gc          ] GC(27) Pause Full (System.gc()) 1576M->1576M(6144M) 575.271ms
[12.841s][info][gc,metaspace] GC(28) Metaspace: 11515K(11840K)->11515K(11840K) NonClass: 9640K(9792K)->9640K(9792K) Class: 1875K(2048K)->1875K(2048K)
[12.841s][info][gc          ] GC(28) Pause Full (System.gc()) 1576M->1576M(6144M) 635.150ms
[13.470s][info][gc,metaspace] GC(29) Metaspace: 11515K(11840K)->11515K(11840K) NonClass: 9640K(9792K)->9640K(9792K) Class: 1875K(2048K)->1875K(2048K)
[13.471s][info][gc          ] GC(29) Pause Full (System.gc()) 1576M->1576M(6144M) 629.031ms
[14.099s][info][gc,metaspace] GC(30) Metaspace: 11515K(11840K)->11515K(11840K) NonClass: 9640K(9792K)->9640K(9792K) Class: 1875K(2048K)->1875K(2048K)
[14.099s][info][gc          ] GC(30) Pause Full (System.gc()) 1576M->1576M(6144M) 628.751ms
[14.743s][info][gc,metaspace] GC(31) Metaspace: 11515K(11840K)->11515K(11840K) NonClass: 9640K(9792K)->9640K(9792K) Class: 1875K(2048K)->1875K(2048K)
[14.743s][info][gc          ] GC(31) Pause Full (System.gc()) 1576M->1576M(6144M) 643.327ms
[15.393s][info][gc,metaspace] GC(32) Metaspace: 11515K(11840K)->11515K(11840K) NonClass: 9640K(9792K)->9640K(9792K) Class: 1875K(2048K)->1875K(2048K)
[15.393s][info][gc          ] GC(32) Pause Full (System.gc()) 1576M->1576M(6144M) 650.685ms
[16.039s][info][gc,metaspace] GC(33) Metaspace: 11515K(11840K)->11515K(11840K) NonClass: 9640K(9792K)->9640K(9792K) Class: 1875K(2048K)->1875K(2048K)
[16.039s][info][gc          ] GC(33) Pause Full (System.gc()) 1576M->1576M(6144M) 645.854ms
[16.687s][info][gc,metaspace] GC(34) Metaspace: 11515K(11840K)->11515K(11840K) NonClass: 9640K(9792K)->9640K(9792K) Class: 1875K(2048K)->1875K(2048K)
[16.687s][info][gc          ] GC(34) Pause Full (System.gc()) 1576M->1576M(6144M) 647.480ms
[17.342s][info][gc,metaspace] GC(35) Metaspace: 11515K(11840K)->11515K(11840K) NonClass: 9640K(9792K)->9640K(9792K) Class: 1875K(2048K)->1875K(2048K)
[17.342s][info][gc          ] GC(35) Pause Full (System.gc()) 1576M->1576M(6144M) 654.692ms
[17.997s][info][gc,metaspace] GC(36) Metaspace: 11515K(11840K)->11515K(11840K) NonClass: 9640K(9792K)->9640K(9792K) Class: 1875K(2048K)->1875K(2048K)
[17.997s][info][gc          ] GC(36) Pause Full (System.gc()) 1576M->1576M(6144M) 655.169ms
[18.653s][info][gc,metaspace] GC(37) Metaspace: 11515K(11840K)->11515K(11840K) NonClass: 9640K(9792K)->9640K(9792K) Class: 1875K(2048K)->1875K(2048K)
[18.653s][info][gc          ] GC(37) Pause Full (System.gc()) 1576M->1576M(6144M) 656.123ms
[19.300s][info][gc,metaspace] GC(38) Metaspace: 11515K(11840K)->11515K(11840K) NonClass: 9640K(9792K)->9640K(9792K) Class: 1875K(2048K)->1875K(2048K)
[19.300s][info][gc          ] GC(38) Pause Full (System.gc()) 1576M->1576M(6144M) 647.005ms
[19.950s][info][gc,metaspace] GC(39) Metaspace: 11515K(11840K)->11515K(11840K) NonClass: 9640K(9792K)->9640K(9792K) Class: 1875K(2048K)->1875K(2048K)
[19.950s][info][gc          ] GC(39) Pause Full (System.gc()) 1576M->1576M(6144M) 649.559ms
[20.610s][info][gc,metaspace] GC(40) Metaspace: 11515K(11840K)->11515K(11840K) NonClass: 9640K(9792K)->9640K(9792K) Class: 1875K(2048K)->1875K(2048K)
[20.610s][info][gc          ] GC(40) Pause Full (System.gc()) 1576M->1576M(6144M) 659.804ms
[21.263s][info][gc,metaspace] GC(41) Metaspace: 11515K(11840K)->11515K(11840K) NonClass: 9640K(9792K)->9640K(9792K) Class: 1875K(2048K)->1875K(2048K)
[21.263s][info][gc          ] GC(41) Pause Full (System.gc()) 1576M->1576M(6144M) 653.393ms
[21.901s][info][gc,metaspace] GC(42) Metaspace: 11515K(11840K)->11515K(11840K) NonClass: 9640K(9792K)->9640K(9792K) Class: 1875K(2048K)->1875K(2048K)
[21.901s][info][gc          ] GC(42) Pause Full (System.gc()) 1576M->1576M(6144M) 637.951ms
[22.539s][info][gc,metaspace] GC(43) Metaspace: 11515K(11840K)->11515K(11840K) NonClass: 9640K(9792K)->9640K(9792K) Class: 1875K(2048K)->1875K(2048K)
[22.539s][info][gc          ] GC(43) Pause Full (System.gc()) 1576M->1576M(6144M) 637.798ms
[23.167s][info][gc,metaspace] GC(44) Metaspace: 11515K(11840K)->11515K(11840K) NonClass: 9640K(9792K)->9640K(9792K) Class: 1875K(2048K)->1875K(2048K)
[23.167s][info][gc          ] GC(44) Pause Full (System.gc()) 1576M->1576M(6144M) 628.232ms
[23.800s][info][gc,metaspace] GC(45) Metaspace: 11515K(11840K)->11515K(11840K) NonClass: 9640K(9792K)->9640K(9792K) Class: 1875K(2048K)->1875K(2048K)
[23.800s][info][gc          ] GC(45) Pause Full (System.gc()) 1576M->1576M(6144M) 633.071ms
[24.434s][info][gc,metaspace] GC(46) Metaspace: 11515K(11840K)->11515K(11840K) NonClass: 9640K(9792K)->9640K(9792K) Class: 1875K(2048K)->1875K(2048K)
[24.434s][info][gc          ] GC(46) Pause Full (System.gc()) 1576M->1576M(6144M) 633.227ms
[25.060s][info][gc,metaspace] GC(47) Metaspace: 11515K(11840K)->11515K(11840K) NonClass: 9640K(9792K)->9640K(9792K) Class: 1875K(2048K)->1875K(2048K)
[25.061s][info][gc          ] GC(47) Pause Full (System.gc()) 1576M->1576M(6144M) 626.682ms
[25.692s][info][gc,metaspace] GC(48) Metaspace: 11515K(11840K)->11515K(11840K) NonClass: 9640K(9792K)->9640K(9792K) Class: 1875K(2048K)->1875K(2048K)
[25.692s][info][gc          ] GC(48) Pause Full (System.gc()) 1576M->1576M(6144M) 631.909ms
[26.322s][info][gc,metaspace] GC(49) Metaspace: 11515K(11840K)->11515K(11840K) NonClass: 9640K(9792K)->9640K(9792K) Class: 1875K(2048K)->1875K(2048K)
[26.322s][info][gc          ] GC(49) Pause Full (System.gc()) 1576M->1576M(6144M) 629.858ms
[26.952s][info][gc,metaspace] GC(50) Metaspace: 11515K(11840K)->11515K(11840K) NonClass: 9640K(9792K)->9640K(9792K) Class: 1875K(2048K)->1875K(2048K)
[26.952s][info][gc          ] GC(50) Pause Full (System.gc()) 1576M->1576M(6144M) 629.961ms
[27.585s][info][gc,metaspace] GC(51) Metaspace: 11515K(11840K)->11515K(11840K) NonClass: 9640K(9792K)->9640K(9792K) Class: 1875K(2048K)->1875K(2048K)
[27.585s][info][gc          ] GC(51) Pause Full (System.gc()) 1576M->1576M(6144M) 632.198ms
[28.162s][info][gc,metaspace] GC(52) Metaspace: 11515K(11840K)->11515K(11840K) NonClass: 9640K(9792K)->9640K(9792K) Class: 1875K(2048K)->1875K(2048K)
[28.162s][info][gc          ] GC(52) Pause Full (System.gc()) 1576M->1576M(6144M) 576.895ms
[28.739s][info][gc,metaspace] GC(53) Metaspace: 11515K(11840K)->11515K(11840K) NonClass: 9640K(9792K)->9640K(9792K) Class: 1875K(2048K)->1875K(2048K)
[28.739s][info][gc          ] GC(53) Pause Full (System.gc()) 1576M->1576M(6144M) 577.053ms
[29.320s][info][gc,metaspace] GC(54) Metaspace: 11515K(11840K)->11515K(11840K) NonClass: 9640K(9792K)->9640K(9792K) Class: 1875K(2048K)->1875K(2048K)
[29.320s][info][gc          ] GC(54) Pause Full (System.gc()) 1576M->1576M(6144M) 581.607ms
[29.902s][info][gc,metaspace] GC(55) Metaspace: 11515K(11840K)->11515K(11840K) NonClass: 9640K(9792K)->9640K(9792K) Class: 1875K(2048K)->1875K(2048K)
[29.902s][info][gc          ] GC(55) Pause Full (System.gc()) 1576M->1576M(6144M) 581.095ms
[30.480s][info][gc,metaspace] GC(56) Metaspace: 11515K(11840K)->11515K(11840K) NonClass: 9640K(9792K)->9640K(9792K) Class: 1875K(2048K)->1875K(2048K)
[30.480s][info][gc          ] GC(56) Pause Full (System.gc()) 1576M->1576M(6144M) 578.588ms
[31.061s][info][gc,metaspace] GC(57) Metaspace: 11515K(11840K)->11515K(11840K) NonClass: 9640K(9792K)->9640K(9792K) Class: 1875K(2048K)->1875K(2048K)
[31.061s][info][gc          ] GC(57) Pause Full (System.gc()) 1576M->1576M(6144M) 580.974ms
[31.636s][info][gc,metaspace] GC(58) Metaspace: 11515K(11840K)->11515K(11840K) NonClass: 9640K(9792K)->9640K(9792K) Class: 1875K(2048K)->1875K(2048K)
[31.636s][info][gc          ] GC(58) Pause Full (System.gc()) 1576M->1576M(6144M) 575.124ms
[32.210s][info][gc,metaspace] GC(59) Metaspace: 11515K(11840K)->11515K(11840K) NonClass: 9640K(9792K)->9640K(9792K) Class: 1875K(2048K)->1875K(2048K)
[32.210s][info][gc          ] GC(59) Pause Full (System.gc()) 1576M->1576M(6144M) 573.673ms
[32.785s][info][gc,metaspace] GC(60) Metaspace: 11515K(11840K)->11515K(11840K) NonClass: 9640K(9792K)->9640K(9792K) Class: 1875K(2048K)->1875K(2048K)
[32.785s][info][gc          ] GC(60) Pause Full (System.gc()) 1576M->1576M(6144M) 574.713ms
[33.364s][info][gc,metaspace] GC(61) Metaspace: 11515K(11840K)->11515K(11840K) NonClass: 9640K(9792K)->9640K(9792K) Class: 1875K(2048K)->1875K(2048K)
[33.364s][info][gc          ] GC(61) Pause Full (System.gc()) 1576M->1576M(6144M) 578.864ms
[33.943s][info][gc,metaspace] GC(62) Metaspace: 11515K(11840K)->11515K(11840K) NonClass: 9640K(9792K)->9640K(9792K) Class: 1875K(2048K)->1875K(2048K)
[33.943s][info][gc          ] GC(62) Pause Full (System.gc()) 1576M->1576M(6144M) 578.696ms
[34.519s][info][gc,metaspace] GC(63) Metaspace: 11515K(11840K)->11515K(11840K) NonClass: 9640K(9792K)->9640K(9792K) Class: 1875K(2048K)->1875K(2048K)
[34.519s][info][gc          ] GC(63) Pause Full (System.gc()) 1576M->1576M(6144M) 576.355ms
[35.098s][info][gc,metaspace] GC(64) Metaspace: 11515K(11840K)->11515K(11840K) NonClass: 9640K(9792K)->9640K(9792K) Class: 1875K(2048K)->1875K(2048K)
[35.098s][info][gc          ] GC(64) Pause Full (System.gc()) 1576M->1576M(6144M) 579.249ms
[35.676s][info][gc,metaspace] GC(65) Metaspace: 11515K(11840K)->11515K(11840K) NonClass: 9640K(9792K)->9640K(9792K) Class: 1875K(2048K)->1875K(2048K)
[35.676s][info][gc          ] GC(65) Pause Full (System.gc()) 1576M->1576M(6144M) 577.722ms
After GCs... 
