Done; will start GCs... 
[97.294s][info][gc,metaspace] GC(14) Metaspace: 89701K(103552K)->89701K(103552K) NonClass: 62956K(68928K)->62956K(68928K) Class: 26744K(34624K)->26744K(34624K)
[97.294s][info][gc          ] GC(14) Pause Full (System.gc()) 1633M->1601M(5939M) 4686.908ms
[101.934s][info][gc,metaspace] GC(15) Metaspace: 89701K(103552K)->89701K(103552K) NonClass: 62956K(68928K)->62956K(68928K) Class: 26744K(34624K)->26744K(34624K)
[101.934s][info][gc          ] GC(15) Pause Full (System.gc()) 1601M->1601M(5939M) 4639.520ms
[106.618s][info][gc,metaspace] GC(16) Metaspace: 89701K(103552K)->89701K(103552K) NonClass: 62956K(68928K)->62956K(68928K) Class: 26744K(34624K)->26744K(34624K)
[106.618s][info][gc          ] GC(16) Pause Full (System.gc()) 1601M->1601M(5939M) 4684.230ms
[111.304s][info][gc,metaspace] GC(17) Metaspace: 89701K(103552K)->89701K(103552K) NonClass: 62956K(68928K)->62956K(68928K) Class: 26744K(34624K)->26744K(34624K)
[111.304s][info][gc          ] GC(17) Pause Full (System.gc()) 1601M->1601M(5939M) 4685.677ms
[115.944s][info][gc,metaspace] GC(18) Metaspace: 89701K(103552K)->89701K(103552K) NonClass: 62956K(68928K)->62956K(68928K) Class: 26744K(34624K)->26744K(34624K)
[115.944s][info][gc          ] GC(18) Pause Full (System.gc()) 1601M->1601M(5939M) 4639.594ms
[120.630s][info][gc,metaspace] GC(19) Metaspace: 89701K(103552K)->89701K(103552K) NonClass: 62956K(68928K)->62956K(68928K) Class: 26744K(34624K)->26744K(34624K)
[120.630s][info][gc          ] GC(19) Pause Full (System.gc()) 1601M->1601M(5939M) 4685.915ms
[125.313s][info][gc,metaspace] GC(20) Metaspace: 89701K(103552K)->89701K(103552K) NonClass: 62956K(68928K)->62956K(68928K) Class: 26744K(34624K)->26744K(34624K)
[125.313s][info][gc          ] GC(20) Pause Full (System.gc()) 1601M->1601M(5939M) 4682.535ms
[130.879s][info][gc,metaspace] GC(21) Metaspace: 89701K(103552K)->89701K(103552K) NonClass: 62956K(68928K)->62956K(68928K) Class: 26744K(34624K)->26744K(34624K)
[130.879s][info][gc          ] GC(21) Pause Full (System.gc()) 1601M->1601M(5939M) 5566.692ms
[135.564s][info][gc,metaspace] GC(22) Metaspace: 89701K(103552K)->89701K(103552K) NonClass: 62956K(68928K)->62956K(68928K) Class: 26744K(34624K)->26744K(34624K)
[135.564s][info][gc          ] GC(22) Pause Full (System.gc()) 1611M->1601M(5939M) 4684.319ms
[140.252s][info][gc,metaspace] GC(23) Metaspace: 89701K(103552K)->89701K(103552K) NonClass: 62956K(68928K)->62956K(68928K) Class: 26744K(34624K)->26744K(34624K)
[140.252s][info][gc          ] GC(23) Pause Full (System.gc()) 1601M->1601M(5939M) 4687.662ms
After GCs... 
