Done; will start GCs... 
[102.705s][info][gc,metaspace] GC(14) Metaspace: 89719K(103488K)->89719K(103488K) NonClass: 62974K(68864K)->62974K(68864K) Class: 26744K(34624K)->26744K(34624K)
[102.706s][info][gc          ] GC(14) Pause Full (System.gc()) 1633M->1601M(5939M) 5936.848ms
[108.660s][info][gc,metaspace] GC(15) Metaspace: 89719K(103488K)->89719K(103488K) NonClass: 62974K(68864K)->62974K(68864K) Class: 26744K(34624K)->26744K(34624K)
[108.661s][info][gc          ] GC(15) Pause Full (System.gc()) 1601M->1601M(5939M) 5954.811ms
[115.062s][info][gc,metaspace] GC(16) Metaspace: 89719K(103488K)->89719K(103488K) NonClass: 62974K(68864K)->62974K(68864K) Class: 26744K(34624K)->26744K(34624K)
[115.062s][info][gc          ] GC(16) Pause Full (System.gc()) 1601M->1601M(5939M) 6401.547ms
[121.008s][info][gc,metaspace] GC(17) Metaspace: 89719K(103488K)->89719K(103488K) NonClass: 62974K(68864K)->62974K(68864K) Class: 26744K(34624K)->26744K(34624K)
[121.008s][info][gc          ] GC(17) Pause Full (System.gc()) 1601M->1601M(5939M) 5945.265ms
[126.944s][info][gc,metaspace] GC(18) Metaspace: 89719K(103488K)->89719K(103488K) NonClass: 62974K(68864K)->62974K(68864K) Class: 26744K(34624K)->26744K(34624K)
[126.945s][info][gc          ] GC(18) Pause Full (System.gc()) 1601M->1601M(5939M) 5936.594ms
[132.882s][info][gc,metaspace] GC(19) Metaspace: 89719K(103488K)->89719K(103488K) NonClass: 62974K(68864K)->62974K(68864K) Class: 26744K(34624K)->26744K(34624K)
[132.882s][info][gc          ] GC(19) Pause Full (System.gc()) 1611M->1601M(5939M) 5937.607ms
[139.079s][info][gc,metaspace] GC(20) Metaspace: 89719K(103488K)->89719K(103488K) NonClass: 62974K(68864K)->62974K(68864K) Class: 26744K(34624K)->26744K(34624K)
[139.079s][info][gc          ] GC(20) Pause Full (System.gc()) 1601M->1601M(5939M) 6196.808ms
[145.586s][info][gc,metaspace] GC(21) Metaspace: 89719K(103488K)->89719K(103488K) NonClass: 62974K(68864K)->62974K(68864K) Class: 26744K(34624K)->26744K(34624K)
[145.586s][info][gc          ] GC(21) Pause Full (System.gc()) 1601M->1601M(5939M) 6506.853ms
[151.524s][info][gc,metaspace] GC(22) Metaspace: 89719K(103488K)->89719K(103488K) NonClass: 62974K(68864K)->62974K(68864K) Class: 26744K(34624K)->26744K(34624K)
[151.524s][info][gc          ] GC(22) Pause Full (System.gc()) 1601M->1601M(5939M) 5937.877ms
[157.463s][info][gc,metaspace] GC(23) Metaspace: 89719K(103488K)->89719K(103488K) NonClass: 62974K(68864K)->62974K(68864K) Class: 26744K(34624K)->26744K(34624K)
[157.463s][info][gc          ] GC(23) Pause Full (System.gc()) 1601M->1601M(5939M) 5938.784ms
After GCs... 
