Done; will start GCs... 
[92.039s][info][gc,metaspace] GC(14) Metaspace: 87924K(101760K)->87924K(101760K) NonClass: 69595K(75520K)->69595K(75520K) Class: 18329K(26240K)->18329K(26240K)
[92.039s][info][gc          ] GC(14) Pause Full (System.gc()) 1848M->1816M(5939M) 4405.390ms
[96.146s][info][gc,metaspace] GC(15) Metaspace: 87924K(101760K)->87924K(101760K) NonClass: 69595K(75520K)->69595K(75520K) Class: 18329K(26240K)->18329K(26240K)
[96.146s][info][gc          ] GC(15) Pause Full (System.gc()) 1816M->1816M(5939M) 4107.013ms
[100.244s][info][gc,metaspace] GC(16) Metaspace: 87924K(101760K)->87924K(101760K) NonClass: 69595K(75520K)->69595K(75520K) Class: 18329K(26240K)->18329K(26240K)
[100.244s][info][gc          ] GC(16) Pause Full (System.gc()) 1816M->1816M(5939M) 4097.780ms
[104.347s][info][gc,metaspace] GC(17) Metaspace: 87924K(101760K)->87924K(101760K) NonClass: 69595K(75520K)->69595K(75520K) Class: 18329K(26240K)->18329K(26240K)
[104.347s][info][gc          ] GC(17) Pause Full (System.gc()) 1816M->1816M(5939M) 4103.124ms
[108.448s][info][gc,metaspace] GC(18) Metaspace: 87924K(101760K)->87924K(101760K) NonClass: 69595K(75520K)->69595K(75520K) Class: 18329K(26240K)->18329K(26240K)
[108.448s][info][gc          ] GC(18) Pause Full (System.gc()) 1816M->1816M(5939M) 4100.959ms
[112.602s][info][gc,metaspace] GC(19) Metaspace: 87924K(101760K)->87924K(101760K) NonClass: 69595K(75520K)->69595K(75520K) Class: 18329K(26240K)->18329K(26240K)
[112.602s][info][gc          ] GC(19) Pause Full (System.gc()) 1816M->1816M(5939M) 4154.186ms
[117.022s][info][gc,metaspace] GC(20) Metaspace: 87924K(101760K)->87924K(101760K) NonClass: 69595K(75520K)->69595K(75520K) Class: 18329K(26240K)->18329K(26240K)
[117.022s][info][gc          ] GC(20) Pause Full (System.gc()) 1816M->1816M(5939M) 4419.404ms
[121.124s][info][gc,metaspace] GC(21) Metaspace: 87924K(101760K)->87924K(101760K) NonClass: 69595K(75520K)->69595K(75520K) Class: 18329K(26240K)->18329K(26240K)
[121.124s][info][gc          ] GC(21) Pause Full (System.gc()) 1816M->1816M(5939M) 4101.578ms
[125.226s][info][gc,metaspace] GC(22) Metaspace: 87924K(101760K)->87924K(101760K) NonClass: 69595K(75520K)->69595K(75520K) Class: 18329K(26240K)->18329K(26240K)
[125.226s][info][gc          ] GC(22) Pause Full (System.gc()) 1816M->1816M(5939M) 4101.784ms
[129.330s][info][gc,metaspace] GC(23) Metaspace: 87924K(101760K)->87924K(101760K) NonClass: 69595K(75520K)->69595K(75520K) Class: 18329K(26240K)->18329K(26240K)
[129.330s][info][gc          ] GC(23) Pause Full (System.gc()) 1816M->1816M(5939M) 4104.039ms
After GCs... 
