Done; will start GCs... 
[26.504s][info][gc,metaspace] GC(12) Metaspace: 11514K(11840K)->11514K(11840K) NonClass: 9638K(9792K)->9638K(9792K) Class: 1875K(2048K)->1875K(2048K)
[26.504s][info][gc          ] GC(12) Pause Full (System.gc()) 1603M->1570M(5939M) 3562.210ms
[29.235s][info][gc,metaspace] GC(13) Metaspace: 11514K(11840K)->11514K(11840K) NonClass: 9638K(9792K)->9638K(9792K) Class: 1875K(2048K)->1875K(2048K)
[29.235s][info][gc          ] GC(13) Pause Full (System.gc()) 1570M->1570M(5939M) 2730.358ms
[31.965s][info][gc,metaspace] GC(14) Metaspace: 11514K(11840K)->11514K(11840K) NonClass: 9638K(9792K)->9638K(9792K) Class: 1875K(2048K)->1875K(2048K)
[31.965s][info][gc          ] GC(14) Pause Full (System.gc()) 1570M->1570M(5939M) 2730.391ms
[34.645s][info][gc,metaspace] GC(15) Metaspace: 11514K(11840K)->11514K(11840K) NonClass: 9638K(9792K)->9638K(9792K) Class: 1875K(2048K)->1875K(2048K)
[34.645s][info][gc          ] GC(15) Pause Full (System.gc()) 1570M->1570M(5939M) 2679.706ms
[37.375s][info][gc,metaspace] GC(16) Metaspace: 11514K(11840K)->11514K(11840K) NonClass: 9638K(9792K)->9638K(9792K) Class: 1875K(2048K)->1875K(2048K)
[37.375s][info][gc          ] GC(16) Pause Full (System.gc()) 1570M->1570M(5939M) 2730.299ms
[40.107s][info][gc,metaspace] GC(17) Metaspace: 11514K(11840K)->11514K(11840K) NonClass: 9638K(9792K)->9638K(9792K) Class: 1875K(2048K)->1875K(2048K)
[40.107s][info][gc          ] GC(17) Pause Full (System.gc()) 1570M->1570M(5939M) 2731.319ms
[42.838s][info][gc,metaspace] GC(18) Metaspace: 11514K(11840K)->11514K(11840K) NonClass: 9638K(9792K)->9638K(9792K) Class: 1875K(2048K)->1875K(2048K)
[42.838s][info][gc          ] GC(18) Pause Full (System.gc()) 1570M->1570M(5939M) 2730.540ms
[45.516s][info][gc,metaspace] GC(19) Metaspace: 11514K(11840K)->11514K(11840K) NonClass: 9638K(9792K)->9638K(9792K) Class: 1875K(2048K)->1875K(2048K)
[45.516s][info][gc          ] GC(19) Pause Full (System.gc()) 1570M->1570M(5939M) 2673.634ms
[48.246s][info][gc,metaspace] GC(20) Metaspace: 11514K(11840K)->11514K(11840K) NonClass: 9638K(9792K)->9638K(9792K) Class: 1875K(2048K)->1875K(2048K)
[48.246s][info][gc          ] GC(20) Pause Full (System.gc()) 1570M->1570M(5939M) 2730.481ms
[50.981s][info][gc,metaspace] GC(21) Metaspace: 11514K(11840K)->11514K(11840K) NonClass: 9638K(9792K)->9638K(9792K) Class: 1875K(2048K)->1875K(2048K)
[50.981s][info][gc          ] GC(21) Pause Full (System.gc()) 1570M->1570M(5939M) 2729.940ms
After GCs... 
