Done; will start GCs... 
[21.592s][info][gc,metaspace] GC(12) Metaspace: 11483K(11776K)->11483K(11776K) NonClass: 10342K(10496K)->10342K(10496K) Class: 1140K(1280K)->1140K(1280K)
[21.592s][info][gc          ] GC(12) Pause Full (System.gc()) 1826M->1793M(5939M) 3345.238ms
[24.255s][info][gc,metaspace] GC(13) Metaspace: 11483K(11776K)->11483K(11776K) NonClass: 10342K(10496K)->10342K(10496K) Class: 1140K(1280K)->1140K(1280K)
[24.255s][info][gc          ] GC(13) Pause Full (System.gc()) 1793M->1793M(5939M) 2662.889ms
[26.872s][info][gc,metaspace] GC(14) Metaspace: 11483K(11776K)->11483K(11776K) NonClass: 10342K(10496K)->10342K(10496K) Class: 1140K(1280K)->1140K(1280K)
[26.872s][info][gc          ] GC(14) Pause Full (System.gc()) 1793M->1793M(5939M) 2617.392ms
[29.533s][info][gc,metaspace] GC(15) Metaspace: 11483K(11776K)->11483K(11776K) NonClass: 10342K(10496K)->10342K(10496K) Class: 1140K(1280K)->1140K(1280K)
[29.533s][info][gc          ] GC(15) Pause Full (System.gc()) 1793M->1793M(5939M) 2656.079ms
[32.195s][info][gc,metaspace] GC(16) Metaspace: 11483K(11776K)->11483K(11776K) NonClass: 10342K(10496K)->10342K(10496K) Class: 1140K(1280K)->1140K(1280K)
[32.195s][info][gc          ] GC(16) Pause Full (System.gc()) 1793M->1793M(5939M) 2662.163ms
[34.814s][info][gc,metaspace] GC(17) Metaspace: 11483K(11776K)->11483K(11776K) NonClass: 10342K(10496K)->10342K(10496K) Class: 1140K(1280K)->1140K(1280K)
[34.814s][info][gc          ] GC(17) Pause Full (System.gc()) 1793M->1793M(5939M) 2614.075ms
[37.478s][info][gc,metaspace] GC(18) Metaspace: 11483K(11776K)->11483K(11776K) NonClass: 10342K(10496K)->10342K(10496K) Class: 1140K(1280K)->1140K(1280K)
[37.478s][info][gc          ] GC(18) Pause Full (System.gc()) 1793M->1793M(5939M) 2664.564ms
[40.137s][info][gc,metaspace] GC(19) Metaspace: 11483K(11776K)->11483K(11776K) NonClass: 10342K(10496K)->10342K(10496K) Class: 1140K(1280K)->1140K(1280K)
[40.137s][info][gc          ] GC(19) Pause Full (System.gc()) 1793M->1793M(5939M) 2658.757ms
[42.753s][info][gc,metaspace] GC(20) Metaspace: 11483K(11776K)->11483K(11776K) NonClass: 10342K(10496K)->10342K(10496K) Class: 1140K(1280K)->1140K(1280K)
[42.753s][info][gc          ] GC(20) Pause Full (System.gc()) 1793M->1793M(5939M) 2615.348ms
[45.417s][info][gc,metaspace] GC(21) Metaspace: 11483K(11776K)->11483K(11776K) NonClass: 10342K(10496K)->10342K(10496K) Class: 1140K(1280K)->1140K(1280K)
[45.418s][info][gc          ] GC(21) Pause Full (System.gc()) 1793M->1793M(5939M) 2660.207ms
After GCs... 
