Done; will start GCs... 
[22.941s][info][gc,metaspace] GC(12) Metaspace: 11505K(11840K)->11505K(11840K) NonClass: 9629K(9792K)->9629K(9792K) Class: 1876K(2048K)->1876K(2048K)
[22.941s][info][gc          ] GC(12) Pause Full (System.gc()) 1603M->1570M(5939M) 3756.901ms
[25.716s][info][gc,metaspace] GC(13) Metaspace: 11505K(11840K)->11505K(11840K) NonClass: 9629K(9792K)->9629K(9792K) Class: 1876K(2048K)->1876K(2048K)
[25.716s][info][gc          ] GC(13) Pause Full (System.gc()) 1570M->1570M(5939M) 2774.990ms
[28.541s][info][gc,metaspace] GC(14) Metaspace: 11505K(11840K)->11505K(11840K) NonClass: 9629K(9792K)->9629K(9792K) Class: 1876K(2048K)->1876K(2048K)
[28.541s][info][gc          ] GC(14) Pause Full (System.gc()) 1570M->1570M(5939M) 2825.022ms
[31.370s][info][gc,metaspace] GC(15) Metaspace: 11505K(11840K)->11505K(11840K) NonClass: 9629K(9792K)->9629K(9792K) Class: 1876K(2048K)->1876K(2048K)
[31.370s][info][gc          ] GC(15) Pause Full (System.gc()) 1570M->1570M(5939M) 2828.785ms
[34.195s][info][gc,metaspace] GC(16) Metaspace: 11505K(11840K)->11505K(11840K) NonClass: 9629K(9792K)->9629K(9792K) Class: 1876K(2048K)->1876K(2048K)
[34.195s][info][gc          ] GC(16) Pause Full (System.gc()) 1570M->1570M(5939M) 2824.466ms
[37.021s][info][gc,metaspace] GC(17) Metaspace: 11505K(11840K)->11505K(11840K) NonClass: 9629K(9792K)->9629K(9792K) Class: 1876K(2048K)->1876K(2048K)
[37.021s][info][gc          ] GC(17) Pause Full (System.gc()) 1570M->1570M(5939M) 2825.832ms
[39.846s][info][gc,metaspace] GC(18) Metaspace: 11505K(11840K)->11505K(11840K) NonClass: 9629K(9792K)->9629K(9792K) Class: 1876K(2048K)->1876K(2048K)
[39.846s][info][gc          ] GC(18) Pause Full (System.gc()) 1570M->1570M(5939M) 2825.280ms
[42.620s][info][gc,metaspace] GC(19) Metaspace: 11505K(11840K)->11505K(11840K) NonClass: 9629K(9792K)->9629K(9792K) Class: 1876K(2048K)->1876K(2048K)
[42.620s][info][gc          ] GC(19) Pause Full (System.gc()) 1570M->1570M(5939M) 2773.794ms
[45.446s][info][gc,metaspace] GC(20) Metaspace: 11505K(11840K)->11505K(11840K) NonClass: 9629K(9792K)->9629K(9792K) Class: 1876K(2048K)->1876K(2048K)
[45.446s][info][gc          ] GC(20) Pause Full (System.gc()) 1570M->1570M(5939M) 2825.620ms
[48.274s][info][gc,metaspace] GC(21) Metaspace: 11505K(11840K)->11505K(11840K) NonClass: 9629K(9792K)->9629K(9792K) Class: 1876K(2048K)->1876K(2048K)
[48.274s][info][gc          ] GC(21) Pause Full (System.gc()) 1570M->1570M(5939M) 2827.930ms
After GCs... 
