[0.002s][info][metaspace]  - commit_granule_bytes: 65536.
[0.002s][info][metaspace]  - commit_granule_words: 8192.
[0.002s][info][metaspace]  - virtual_space_node_default_size: 8388608.
[0.002s][info][metaspace]  - enlarge_chunks_in_place: 1.
[0.002s][info][metaspace]  - use_allocation_guard: 0.
[0.010s][info][gc       ] Using Serial
[3.060s][info][metaspace] Reserving compressed class space anywhere
[3.060s][info][gc,metaspace] CDS archive(s) not mapped
[3.060s][info][gc,metaspace] Compressed class space mapped at: 0x000000002d000000-0x00000000ed000000, reserved size: 3221225472
[3.060s][info][gc,metaspace] UseCompressedClassPointers 1, UseCompactObjectHeaders 0, narrow klass pointer bits 32, max shift 3
[3.060s][info][gc,metaspace] Narrow klass base: 0x0000000000000000, Narrow klass shift: 0, Narrow klass range: 0xed000000
Random Seed: 12345678
Num Classes: 64
Num Objects: 67108864
Percent IK Objects: 83.0%)
Percent OAK Objects: 5.0%)
Percent TAK Objects: 12.0%)
Wired up: false
Cycles: 10
Loading 64 pre-generated classes ...
Materialize pre-generated constructors ...
Creating objects...
[3.244s][info][gc,metaspace] GC(0) Metaspace: 11213K(11456K)->11213K(11456K) NonClass: 10107K(10240K)->10107K(10240K) Class: 1106K(1216K)->1106K(1216K)
[3.244s][info][gc          ] GC(0) Pause Full (System.gc()) 131M->1M(5939M) 8.967ms
[4.205s][info][gc,metaspace] GC(1) Metaspace: 11483K(11776K)->11483K(11776K) NonClass: 10342K(10496K)->10342K(10496K) Class: 1140K(1280K)->1140K(1280K)
[4.205s][info][gc          ] GC(1) Pause Young (Allocation Failure) 1639M->414M(5939M) 256.487ms
[5.217s][info][gc,metaspace] GC(2) Metaspace: 11483K(11776K)->11483K(11776K) NonClass: 10342K(10496K)->10342K(10496K) Class: 1140K(1280K)->1140K(1280K)
[5.217s][info][gc          ] GC(2) Pause Young (Allocation Failure) 2053M->585M(5939M) 434.047ms
[6.196s][info][gc,metaspace] GC(3) Metaspace: 11483K(11776K)->11483K(11776K) NonClass: 10342K(10496K)->10342K(10496K) Class: 1140K(1280K)->1140K(1280K)
[6.197s][info][gc          ] GC(3) Pause Young (Allocation Failure) 2224M->739M(5939M) 432.655ms
[7.154s][info][gc,metaspace] GC(4) Metaspace: 11483K(11776K)->11483K(11776K) NonClass: 10342K(10496K)->10342K(10496K) Class: 1140K(1280K)->1140K(1280K)
[7.154s][info][gc          ] GC(4) Pause Young (Allocation Failure) 2377M->892M(5939M) 411.249ms
[8.113s][info][gc,metaspace] GC(5) Metaspace: 11483K(11776K)->11483K(11776K) NonClass: 10342K(10496K)->10342K(10496K) Class: 1140K(1280K)->1140K(1280K)
[8.113s][info][gc          ] GC(5) Pause Young (Allocation Failure) 2531M->1046M(5939M) 411.177ms
[9.070s][info][gc,metaspace] GC(6) Metaspace: 11483K(11776K)->11483K(11776K) NonClass: 10342K(10496K)->10342K(10496K) Class: 1140K(1280K)->1140K(1280K)
[9.070s][info][gc          ] GC(6) Pause Young (Allocation Failure) 2684M->1199M(5939M) 410.916ms
[10.028s][info][gc,metaspace] GC(7) Metaspace: 11483K(11776K)->11483K(11776K) NonClass: 10342K(10496K)->10342K(10496K) Class: 1140K(1280K)->1140K(1280K)
[10.028s][info][gc          ] GC(7) Pause Young (Allocation Failure) 2838M->1353M(5939M) 411.521ms
[10.986s][info][gc,metaspace] GC(8) Metaspace: 11483K(11776K)->11483K(11776K) NonClass: 10342K(10496K)->10342K(10496K) Class: 1140K(1280K)->1140K(1280K)
[10.986s][info][gc          ] GC(8) Pause Young (Allocation Failure) 2991M->1506M(5939M) 411.735ms
[11.944s][info][gc,metaspace] GC(9) Metaspace: 11483K(11776K)->11483K(11776K) NonClass: 10342K(10496K)->10342K(10496K) Class: 1140K(1280K)->1140K(1280K)
[11.944s][info][gc          ] GC(9) Pause Young (Allocation Failure) 3145M->1660M(5939M) 411.523ms
67108864 Objects created
 - IK: 55699211 (82.99829%)
 - OAK: 3355627 (5.0002737%)
 - TAK: 8054026 (12.001434%)
Preparatory GC...
[15.583s][info][gc,metaspace] GC(10) Metaspace: 11483K(11776K)->11483K(11776K) NonClass: 10342K(10496K)->10342K(10496K) Class: 1140K(1280K)->1140K(1280K)
[15.583s][info][gc          ] GC(10) Pause Full (System.gc()) 3101M->1793M(5939M) 3165.458ms
[18.246s][info][gc,metaspace] GC(11) Metaspace: 11483K(11776K)->11483K(11776K) NonClass: 10342K(10496K)->10342K(10496K) Class: 1140K(1280K)->1140K(1280K)
[18.246s][info][gc          ] GC(11) Pause Full (System.gc()) 1793M->1793M(5939M) 2663.250ms
Done; will start GCs... 
[21.592s][info][gc,metaspace] GC(12) Metaspace: 11483K(11776K)->11483K(11776K) NonClass: 10342K(10496K)->10342K(10496K) Class: 1140K(1280K)->1140K(1280K)
[21.592s][info][gc          ] GC(12) Pause Full (System.gc()) 1826M->1793M(5939M) 3345.238ms
[24.255s][info][gc,metaspace] GC(13) Metaspace: 11483K(11776K)->11483K(11776K) NonClass: 10342K(10496K)->10342K(10496K) Class: 1140K(1280K)->1140K(1280K)
[24.255s][info][gc          ] GC(13) Pause Full (System.gc()) 1793M->1793M(5939M) 2662.889ms
[26.872s][info][gc,metaspace] GC(14) Metaspace: 11483K(11776K)->11483K(11776K) NonClass: 10342K(10496K)->10342K(10496K) Class: 1140K(1280K)->1140K(1280K)
[26.872s][info][gc          ] GC(14) Pause Full (System.gc()) 1793M->1793M(5939M) 2617.392ms
[29.533s][info][gc,metaspace] GC(15) Metaspace: 11483K(11776K)->11483K(11776K) NonClass: 10342K(10496K)->10342K(10496K) Class: 1140K(1280K)->1140K(1280K)
[29.533s][info][gc          ] GC(15) Pause Full (System.gc()) 1793M->1793M(5939M) 2656.079ms
[32.195s][info][gc,metaspace] GC(16) Metaspace: 11483K(11776K)->11483K(11776K) NonClass: 10342K(10496K)->10342K(10496K) Class: 1140K(1280K)->1140K(1280K)
[32.195s][info][gc          ] GC(16) Pause Full (System.gc()) 1793M->1793M(5939M) 2662.163ms
[34.814s][info][gc,metaspace] GC(17) Metaspace: 11483K(11776K)->11483K(11776K) NonClass: 10342K(10496K)->10342K(10496K) Class: 1140K(1280K)->1140K(1280K)
[34.814s][info][gc          ] GC(17) Pause Full (System.gc()) 1793M->1793M(5939M) 2614.075ms
[37.478s][info][gc,metaspace] GC(18) Metaspace: 11483K(11776K)->11483K(11776K) NonClass: 10342K(10496K)->10342K(10496K) Class: 1140K(1280K)->1140K(1280K)
[37.478s][info][gc          ] GC(18) Pause Full (System.gc()) 1793M->1793M(5939M) 2664.564ms
[40.137s][info][gc,metaspace] GC(19) Metaspace: 11483K(11776K)->11483K(11776K) NonClass: 10342K(10496K)->10342K(10496K) Class: 1140K(1280K)->1140K(1280K)
[40.137s][info][gc          ] GC(19) Pause Full (System.gc()) 1793M->1793M(5939M) 2658.757ms
[42.753s][info][gc,metaspace] GC(20) Metaspace: 11483K(11776K)->11483K(11776K) NonClass: 10342K(10496K)->10342K(10496K) Class: 1140K(1280K)->1140K(1280K)
[42.753s][info][gc          ] GC(20) Pause Full (System.gc()) 1793M->1793M(5939M) 2615.348ms
[45.417s][info][gc,metaspace] GC(21) Metaspace: 11483K(11776K)->11483K(11776K) NonClass: 10342K(10496K)->10342K(10496K) Class: 1140K(1280K)->1140K(1280K)
[45.418s][info][gc          ] GC(21) Pause Full (System.gc()) 1793M->1793M(5939M) 2660.207ms
After GCs... 
