Done; will start GCs... 
[30.866s][info][gc,metaspace] GC(20) Metaspace: 43162K(46912K)->43162K(46912K) NonClass: 33201K(34880K)->33201K(34880K) Class: 9960K(12032K)->9960K(12032K)
[30.866s][info][gc          ] GC(20) Pause Full (System.gc()) 925M->782M(6144M) 529.024ms
[31.347s][info][gc,metaspace] GC(21) Metaspace: 43162K(46912K)->43162K(46912K) NonClass: 33201K(34880K)->33201K(34880K) Class: 9960K(12032K)->9960K(12032K)
[31.347s][info][gc          ] GC(21) Pause Full (System.gc()) 782M->782M(6144M) 481.052ms
[31.794s][info][gc,metaspace] GC(22) Metaspace: 43162K(46912K)->43162K(46912K) NonClass: 33201K(34880K)->33201K(34880K) Class: 9960K(12032K)->9960K(12032K)
[31.794s][info][gc          ] GC(22) Pause Full (System.gc()) 782M->782M(6144M) 446.889ms
[32.233s][info][gc,metaspace] GC(23) Metaspace: 43162K(46912K)->43162K(46912K) NonClass: 33201K(34880K)->33201K(34880K) Class: 9960K(12032K)->9960K(12032K)
[32.234s][info][gc          ] GC(23) Pause Full (System.gc()) 782M->782M(6144M) 438.943ms
[32.690s][info][gc,metaspace] GC(24) Metaspace: 43162K(46912K)->43162K(46912K) NonClass: 33201K(34880K)->33201K(34880K) Class: 9960K(12032K)->9960K(12032K)
[32.690s][info][gc          ] GC(24) Pause Full (System.gc()) 782M->782M(6144M) 455.962ms
[33.133s][info][gc,metaspace] GC(25) Metaspace: 43162K(46912K)->43162K(46912K) NonClass: 33201K(34880K)->33201K(34880K) Class: 9960K(12032K)->9960K(12032K)
[33.133s][info][gc          ] GC(25) Pause Full (System.gc()) 782M->782M(6144M) 443.650ms
[33.614s][info][gc,metaspace] GC(26) Metaspace: 43162K(46912K)->43162K(46912K) NonClass: 33201K(34880K)->33201K(34880K) Class: 9960K(12032K)->9960K(12032K)
[33.614s][info][gc          ] GC(26) Pause Full (System.gc()) 782M->782M(6144M) 480.068ms
[34.072s][info][gc,metaspace] GC(27) Metaspace: 43162K(46912K)->43162K(46912K) NonClass: 33201K(34880K)->33201K(34880K) Class: 9960K(12032K)->9960K(12032K)
[34.072s][info][gc          ] GC(27) Pause Full (System.gc()) 782M->782M(6144M) 458.177ms
[34.539s][info][gc,metaspace] GC(28) Metaspace: 43162K(46912K)->43162K(46912K) NonClass: 33201K(34880K)->33201K(34880K) Class: 9960K(12032K)->9960K(12032K)
[34.539s][info][gc          ] GC(28) Pause Full (System.gc()) 782M->782M(6144M) 467.106ms
[34.996s][info][gc,metaspace] GC(29) Metaspace: 43162K(46912K)->43162K(46912K) NonClass: 33201K(34880K)->33201K(34880K) Class: 9960K(12032K)->9960K(12032K)
[34.996s][info][gc          ] GC(29) Pause Full (System.gc()) 782M->782M(6144M) 456.826ms
[35.469s][info][gc,metaspace] GC(30) Metaspace: 43162K(46912K)->43162K(46912K) NonClass: 33201K(34880K)->33201K(34880K) Class: 9960K(12032K)->9960K(12032K)
[35.470s][info][gc          ] GC(30) Pause Full (System.gc()) 782M->782M(6144M) 473.342ms
[35.923s][info][gc,metaspace] GC(31) Metaspace: 43162K(46912K)->43162K(46912K) NonClass: 33201K(34880K)->33201K(34880K) Class: 9960K(12032K)->9960K(12032K)
[35.923s][info][gc          ] GC(31) Pause Full (System.gc()) 782M->782M(6144M) 452.980ms
[36.351s][info][gc,metaspace] GC(32) Metaspace: 43162K(46912K)->43162K(46912K) NonClass: 33201K(34880K)->33201K(34880K) Class: 9960K(12032K)->9960K(12032K)
[36.351s][info][gc          ] GC(32) Pause Full (System.gc()) 782M->782M(6144M) 427.854ms
[36.804s][info][gc,metaspace] GC(33) Metaspace: 43162K(46912K)->43162K(46912K) NonClass: 33201K(34880K)->33201K(34880K) Class: 9960K(12032K)->9960K(12032K)
[36.804s][info][gc          ] GC(33) Pause Full (System.gc()) 782M->782M(6144M) 452.920ms
[37.233s][info][gc,metaspace] GC(34) Metaspace: 43162K(46912K)->43162K(46912K) NonClass: 33201K(34880K)->33201K(34880K) Class: 9960K(12032K)->9960K(12032K)
[37.233s][info][gc          ] GC(34) Pause Full (System.gc()) 782M->782M(6144M) 428.393ms
[37.681s][info][gc,metaspace] GC(35) Metaspace: 43162K(46912K)->43162K(46912K) NonClass: 33201K(34880K)->33201K(34880K) Class: 9960K(12032K)->9960K(12032K)
[37.681s][info][gc          ] GC(35) Pause Full (System.gc()) 782M->782M(6144M) 448.554ms
[38.129s][info][gc,metaspace] GC(36) Metaspace: 43162K(46912K)->43162K(46912K) NonClass: 33201K(34880K)->33201K(34880K) Class: 9960K(12032K)->9960K(12032K)
[38.129s][info][gc          ] GC(36) Pause Full (System.gc()) 782M->782M(6144M) 448.026ms
[38.602s][info][gc,metaspace] GC(37) Metaspace: 43162K(46912K)->43162K(46912K) NonClass: 33201K(34880K)->33201K(34880K) Class: 9960K(12032K)->9960K(12032K)
[38.602s][info][gc          ] GC(37) Pause Full (System.gc()) 782M->782M(6144M) 472.806ms
[39.060s][info][gc,metaspace] GC(38) Metaspace: 43162K(46912K)->43162K(46912K) NonClass: 33201K(34880K)->33201K(34880K) Class: 9960K(12032K)->9960K(12032K)
[39.060s][info][gc          ] GC(38) Pause Full (System.gc()) 782M->782M(6144M) 457.567ms
[39.530s][info][gc,metaspace] GC(39) Metaspace: 43162K(46912K)->43162K(46912K) NonClass: 33201K(34880K)->33201K(34880K) Class: 9960K(12032K)->9960K(12032K)
[39.530s][info][gc          ] GC(39) Pause Full (System.gc()) 782M->782M(6144M) 470.087ms
[39.971s][info][gc,metaspace] GC(40) Metaspace: 43162K(46912K)->43162K(46912K) NonClass: 33201K(34880K)->33201K(34880K) Class: 9960K(12032K)->9960K(12032K)
[39.971s][info][gc          ] GC(40) Pause Full (System.gc()) 782M->782M(6144M) 440.293ms
[40.411s][info][gc,metaspace] GC(41) Metaspace: 43162K(46912K)->43162K(46912K) NonClass: 33201K(34880K)->33201K(34880K) Class: 9960K(12032K)->9960K(12032K)
[40.411s][info][gc          ] GC(41) Pause Full (System.gc()) 782M->782M(6144M) 440.681ms
[40.829s][info][gc,metaspace] GC(42) Metaspace: 43162K(46912K)->43162K(46912K) NonClass: 33201K(34880K)->33201K(34880K) Class: 9960K(12032K)->9960K(12032K)
[40.829s][info][gc          ] GC(42) Pause Full (System.gc()) 782M->782M(6144M) 417.953ms
[41.272s][info][gc,metaspace] GC(43) Metaspace: 43162K(46912K)->43162K(46912K) NonClass: 33201K(34880K)->33201K(34880K) Class: 9960K(12032K)->9960K(12032K)
[41.272s][info][gc          ] GC(43) Pause Full (System.gc()) 782M->782M(6144M) 437.768ms
[41.718s][info][gc,metaspace] GC(44) Metaspace: 43162K(46912K)->43162K(46912K) NonClass: 33201K(34880K)->33201K(34880K) Class: 9960K(12032K)->9960K(12032K)
[41.718s][info][gc          ] GC(44) Pause Full (System.gc()) 782M->782M(6144M) 445.992ms
[42.161s][info][gc,metaspace] GC(45) Metaspace: 43162K(46912K)->43162K(46912K) NonClass: 33201K(34880K)->33201K(34880K) Class: 9960K(12032K)->9960K(12032K)
[42.161s][info][gc          ] GC(45) Pause Full (System.gc()) 782M->782M(6144M) 443.556ms
[42.634s][info][gc,metaspace] GC(46) Metaspace: 43162K(46912K)->43162K(46912K) NonClass: 33201K(34880K)->33201K(34880K) Class: 9960K(12032K)->9960K(12032K)
[42.634s][info][gc          ] GC(46) Pause Full (System.gc()) 782M->782M(6144M) 472.703ms
[43.076s][info][gc,metaspace] GC(47) Metaspace: 43162K(46912K)->43162K(46912K) NonClass: 33201K(34880K)->33201K(34880K) Class: 9960K(12032K)->9960K(12032K)
[43.076s][info][gc          ] GC(47) Pause Full (System.gc()) 782M->782M(6144M) 442.007ms
[43.527s][info][gc,metaspace] GC(48) Metaspace: 43162K(46912K)->43162K(46912K) NonClass: 33201K(34880K)->33201K(34880K) Class: 9960K(12032K)->9960K(12032K)
[43.527s][info][gc          ] GC(48) Pause Full (System.gc()) 782M->782M(6144M) 450.905ms
[43.953s][info][gc,metaspace] GC(49) Metaspace: 43162K(46912K)->43162K(46912K) NonClass: 33201K(34880K)->33201K(34880K) Class: 9960K(12032K)->9960K(12032K)
[43.953s][info][gc          ] GC(49) Pause Full (System.gc()) 782M->782M(6144M) 426.036ms
[44.403s][info][gc,metaspace] GC(50) Metaspace: 43162K(46912K)->43162K(46912K) NonClass: 33201K(34880K)->33201K(34880K) Class: 9960K(12032K)->9960K(12032K)
[44.403s][info][gc          ] GC(50) Pause Full (System.gc()) 782M->782M(6144M) 449.187ms
[44.860s][info][gc,metaspace] GC(51) Metaspace: 43162K(46912K)->43162K(46912K) NonClass: 33201K(34880K)->33201K(34880K) Class: 9960K(12032K)->9960K(12032K)
[44.860s][info][gc          ] GC(51) Pause Full (System.gc()) 782M->782M(6144M) 457.637ms
[45.316s][info][gc,metaspace] GC(52) Metaspace: 43162K(46912K)->43162K(46912K) NonClass: 33201K(34880K)->33201K(34880K) Class: 9960K(12032K)->9960K(12032K)
[45.316s][info][gc          ] GC(52) Pause Full (System.gc()) 782M->782M(6144M) 455.461ms
[45.773s][info][gc,metaspace] GC(53) Metaspace: 43162K(46912K)->43162K(46912K) NonClass: 33201K(34880K)->33201K(34880K) Class: 9960K(12032K)->9960K(12032K)
[45.773s][info][gc          ] GC(53) Pause Full (System.gc()) 782M->782M(6144M) 456.624ms
[46.214s][info][gc,metaspace] GC(54) Metaspace: 43162K(46912K)->43162K(46912K) NonClass: 33201K(34880K)->33201K(34880K) Class: 9960K(12032K)->9960K(12032K)
[46.214s][info][gc          ] GC(54) Pause Full (System.gc()) 782M->782M(6144M) 440.914ms
[46.695s][info][gc,metaspace] GC(55) Metaspace: 43162K(46912K)->43162K(46912K) NonClass: 33201K(34880K)->33201K(34880K) Class: 9960K(12032K)->9960K(12032K)
[46.695s][info][gc          ] GC(55) Pause Full (System.gc()) 782M->782M(6144M) 476.657ms
[47.148s][info][gc,metaspace] GC(56) Metaspace: 43162K(46912K)->43162K(46912K) NonClass: 33201K(34880K)->33201K(34880K) Class: 9960K(12032K)->9960K(12032K)
[47.148s][info][gc          ] GC(56) Pause Full (System.gc()) 782M->782M(6144M) 453.120ms
[47.635s][info][gc,metaspace] GC(57) Metaspace: 43162K(46912K)->43162K(46912K) NonClass: 33201K(34880K)->33201K(34880K) Class: 9960K(12032K)->9960K(12032K)
[47.635s][info][gc          ] GC(57) Pause Full (System.gc()) 782M->782M(6144M) 486.744ms
[48.094s][info][gc,metaspace] GC(58) Metaspace: 43162K(46912K)->43162K(46912K) NonClass: 33201K(34880K)->33201K(34880K) Class: 9960K(12032K)->9960K(12032K)
[48.094s][info][gc          ] GC(58) Pause Full (System.gc()) 782M->782M(6144M) 459.223ms
[48.571s][info][gc,metaspace] GC(59) Metaspace: 43162K(46912K)->43162K(46912K) NonClass: 33201K(34880K)->33201K(34880K) Class: 9960K(12032K)->9960K(12032K)
[48.571s][info][gc          ] GC(59) Pause Full (System.gc()) 782M->782M(6144M) 476.493ms
[49.010s][info][gc,metaspace] GC(60) Metaspace: 43162K(46912K)->43162K(46912K) NonClass: 33201K(34880K)->33201K(34880K) Class: 9960K(12032K)->9960K(12032K)
[49.010s][info][gc          ] GC(60) Pause Full (System.gc()) 782M->782M(6144M) 439.460ms
[49.487s][info][gc,metaspace] GC(61) Metaspace: 43162K(46912K)->43162K(46912K) NonClass: 33201K(34880K)->33201K(34880K) Class: 9960K(12032K)->9960K(12032K)
[49.487s][info][gc          ] GC(61) Pause Full (System.gc()) 782M->782M(6144M) 476.827ms
[49.947s][info][gc,metaspace] GC(62) Metaspace: 43162K(46912K)->43162K(46912K) NonClass: 33201K(34880K)->33201K(34880K) Class: 9960K(12032K)->9960K(12032K)
[49.947s][info][gc          ] GC(62) Pause Full (System.gc()) 782M->782M(6144M) 459.657ms
[50.392s][info][gc,metaspace] GC(63) Metaspace: 43162K(46912K)->43162K(46912K) NonClass: 33201K(34880K)->33201K(34880K) Class: 9960K(12032K)->9960K(12032K)
[50.392s][info][gc          ] GC(63) Pause Full (System.gc()) 782M->782M(6144M) 444.644ms
[50.837s][info][gc,metaspace] GC(64) Metaspace: 43162K(46912K)->43162K(46912K) NonClass: 33201K(34880K)->33201K(34880K) Class: 9960K(12032K)->9960K(12032K)
[50.837s][info][gc          ] GC(64) Pause Full (System.gc()) 782M->782M(6144M) 445.407ms
[51.288s][info][gc,metaspace] GC(65) Metaspace: 43162K(46912K)->43162K(46912K) NonClass: 33201K(34880K)->33201K(34880K) Class: 9960K(12032K)->9960K(12032K)
[51.288s][info][gc          ] GC(65) Pause Full (System.gc()) 782M->782M(6144M) 451.017ms
[51.757s][info][gc,metaspace] GC(66) Metaspace: 43162K(46912K)->43162K(46912K) NonClass: 33201K(34880K)->33201K(34880K) Class: 9960K(12032K)->9960K(12032K)
[51.757s][info][gc          ] GC(66) Pause Full (System.gc()) 782M->782M(6144M) 464.060ms
[52.209s][info][gc,metaspace] GC(67) Metaspace: 43162K(46912K)->43162K(46912K) NonClass: 33201K(34880K)->33201K(34880K) Class: 9960K(12032K)->9960K(12032K)
[52.209s][info][gc          ] GC(67) Pause Full (System.gc()) 782M->782M(6144M) 452.052ms
[52.659s][info][gc,metaspace] GC(68) Metaspace: 43162K(46912K)->43162K(46912K) NonClass: 33201K(34880K)->33201K(34880K) Class: 9960K(12032K)->9960K(12032K)
[52.659s][info][gc          ] GC(68) Pause Full (System.gc()) 782M->782M(6144M) 449.879ms
[53.112s][info][gc,metaspace] GC(69) Metaspace: 43162K(46912K)->43162K(46912K) NonClass: 33201K(34880K)->33201K(34880K) Class: 9960K(12032K)->9960K(12032K)
[53.112s][info][gc          ] GC(69) Pause Full (System.gc()) 782M->782M(6144M) 452.631ms
[53.585s][info][gc,metaspace] GC(70) Metaspace: 43162K(46912K)->43162K(46912K) NonClass: 33201K(34880K)->33201K(34880K) Class: 9960K(12032K)->9960K(12032K)
[53.585s][info][gc          ] GC(70) Pause Full (System.gc()) 782M->782M(6144M) 473.221ms
[54.037s][info][gc,metaspace] GC(71) Metaspace: 43162K(46912K)->43162K(46912K) NonClass: 33201K(34880K)->33201K(34880K) Class: 9960K(12032K)->9960K(12032K)
[54.037s][info][gc          ] GC(71) Pause Full (System.gc()) 782M->782M(6144M) 451.757ms
[54.506s][info][gc,metaspace] GC(72) Metaspace: 43162K(46912K)->43162K(46912K) NonClass: 33201K(34880K)->33201K(34880K) Class: 9960K(12032K)->9960K(12032K)
[54.506s][info][gc          ] GC(72) Pause Full (System.gc()) 782M->782M(6144M) 468.481ms
[54.971s][info][gc,metaspace] GC(73) Metaspace: 43162K(46912K)->43162K(46912K) NonClass: 33201K(34880K)->33201K(34880K) Class: 9960K(12032K)->9960K(12032K)
[54.971s][info][gc          ] GC(73) Pause Full (System.gc()) 782M->782M(6144M) 465.490ms
[55.426s][info][gc,metaspace] GC(74) Metaspace: 43162K(46912K)->43162K(46912K) NonClass: 33201K(34880K)->33201K(34880K) Class: 9960K(12032K)->9960K(12032K)
[55.426s][info][gc          ] GC(74) Pause Full (System.gc()) 782M->782M(6144M) 455.001ms
[55.847s][info][gc,metaspace] GC(75) Metaspace: 43162K(46912K)->43162K(46912K) NonClass: 33201K(34880K)->33201K(34880K) Class: 9960K(12032K)->9960K(12032K)
[55.848s][info][gc          ] GC(75) Pause Full (System.gc()) 782M->782M(6144M) 421.007ms
[56.288s][info][gc,metaspace] GC(76) Metaspace: 43162K(46912K)->43162K(46912K) NonClass: 33201K(34880K)->33201K(34880K) Class: 9960K(12032K)->9960K(12032K)
[56.288s][info][gc          ] GC(76) Pause Full (System.gc()) 782M->782M(6144M) 440.375ms
[56.760s][info][gc,metaspace] GC(77) Metaspace: 43162K(46912K)->43162K(46912K) NonClass: 33201K(34880K)->33201K(34880K) Class: 9960K(12032K)->9960K(12032K)
[56.760s][info][gc          ] GC(77) Pause Full (System.gc()) 782M->782M(6144M) 467.772ms
[57.204s][info][gc,metaspace] GC(78) Metaspace: 43162K(46912K)->43162K(46912K) NonClass: 33201K(34880K)->33201K(34880K) Class: 9960K(12032K)->9960K(12032K)
[57.204s][info][gc          ] GC(78) Pause Full (System.gc()) 782M->782M(6144M) 443.839ms
[57.664s][info][gc,metaspace] GC(79) Metaspace: 43162K(46912K)->43162K(46912K) NonClass: 33201K(34880K)->33201K(34880K) Class: 9960K(12032K)->9960K(12032K)
[57.664s][info][gc          ] GC(79) Pause Full (System.gc()) 782M->782M(6144M) 459.496ms
[58.105s][info][gc,metaspace] GC(80) Metaspace: 43162K(46912K)->43162K(46912K) NonClass: 33201K(34880K)->33201K(34880K) Class: 9960K(12032K)->9960K(12032K)
[58.105s][info][gc          ] GC(80) Pause Full (System.gc()) 782M->782M(6144M) 440.830ms
[58.567s][info][gc,metaspace] GC(81) Metaspace: 43162K(46912K)->43162K(46912K) NonClass: 33201K(34880K)->33201K(34880K) Class: 9960K(12032K)->9960K(12032K)
[58.567s][info][gc          ] GC(81) Pause Full (System.gc()) 782M->782M(6144M) 462.559ms
[59.003s][info][gc,metaspace] GC(82) Metaspace: 43162K(46912K)->43162K(46912K) NonClass: 33201K(34880K)->33201K(34880K) Class: 9960K(12032K)->9960K(12032K)
[59.003s][info][gc          ] GC(82) Pause Full (System.gc()) 782M->782M(6144M) 435.759ms
[59.470s][info][gc,metaspace] GC(83) Metaspace: 43162K(46912K)->43162K(46912K) NonClass: 33201K(34880K)->33201K(34880K) Class: 9960K(12032K)->9960K(12032K)
[59.470s][info][gc          ] GC(83) Pause Full (System.gc()) 782M->782M(6144M) 466.671ms
[59.924s][info][gc,metaspace] GC(84) Metaspace: 43162K(46912K)->43162K(46912K) NonClass: 33201K(34880K)->33201K(34880K) Class: 9960K(12032K)->9960K(12032K)
[59.924s][info][gc          ] GC(84) Pause Full (System.gc()) 782M->782M(6144M) 453.993ms
[60.380s][info][gc,metaspace] GC(85) Metaspace: 43162K(46912K)->43162K(46912K) NonClass: 33201K(34880K)->33201K(34880K) Class: 9960K(12032K)->9960K(12032K)
[60.380s][info][gc          ] GC(85) Pause Full (System.gc()) 782M->782M(6144M) 456.257ms
[60.815s][info][gc,metaspace] GC(86) Metaspace: 43162K(46912K)->43162K(46912K) NonClass: 33201K(34880K)->33201K(34880K) Class: 9960K(12032K)->9960K(12032K)
[60.815s][info][gc          ] GC(86) Pause Full (System.gc()) 782M->782M(6144M) 434.735ms
[61.242s][info][gc,metaspace] GC(87) Metaspace: 43162K(46912K)->43162K(46912K) NonClass: 33201K(34880K)->33201K(34880K) Class: 9960K(12032K)->9960K(12032K)
[61.242s][info][gc          ] GC(87) Pause Full (System.gc()) 782M->782M(6144M) 427.137ms
[61.702s][info][gc,metaspace] GC(88) Metaspace: 43162K(46912K)->43162K(46912K) NonClass: 33201K(34880K)->33201K(34880K) Class: 9960K(12032K)->9960K(12032K)
[61.702s][info][gc          ] GC(88) Pause Full (System.gc()) 782M->782M(6144M) 459.925ms
[62.153s][info][gc,metaspace] GC(89) Metaspace: 43162K(46912K)->43162K(46912K) NonClass: 33201K(34880K)->33201K(34880K) Class: 9960K(12032K)->9960K(12032K)
[62.153s][info][gc          ] GC(89) Pause Full (System.gc()) 782M->782M(6144M) 450.438ms
[62.654s][info][gc,metaspace] GC(90) Metaspace: 43162K(46912K)->43162K(46912K) NonClass: 33201K(34880K)->33201K(34880K) Class: 9960K(12032K)->9960K(12032K)
[62.654s][info][gc          ] GC(90) Pause Full (System.gc()) 782M->782M(6144M) 501.415ms
[63.105s][info][gc,metaspace] GC(91) Metaspace: 43162K(46912K)->43162K(46912K) NonClass: 33201K(34880K)->33201K(34880K) Class: 9960K(12032K)->9960K(12032K)
[63.105s][info][gc          ] GC(91) Pause Full (System.gc()) 782M->782M(6144M) 450.429ms
[63.551s][info][gc,metaspace] GC(92) Metaspace: 43162K(46912K)->43162K(46912K) NonClass: 33201K(34880K)->33201K(34880K) Class: 9960K(12032K)->9960K(12032K)
[63.552s][info][gc          ] GC(92) Pause Full (System.gc()) 782M->782M(6144M) 446.453ms
[64.020s][info][gc,metaspace] GC(93) Metaspace: 43162K(46912K)->43162K(46912K) NonClass: 33201K(34880K)->33201K(34880K) Class: 9960K(12032K)->9960K(12032K)
[64.021s][info][gc          ] GC(93) Pause Full (System.gc()) 784M->782M(6144M) 468.898ms
[64.477s][info][gc,metaspace] GC(94) Metaspace: 43162K(46912K)->43162K(46912K) NonClass: 33201K(34880K)->33201K(34880K) Class: 9960K(12032K)->9960K(12032K)
[64.477s][info][gc          ] GC(94) Pause Full (System.gc()) 782M->782M(6144M) 455.946ms
[64.933s][info][gc,metaspace] GC(95) Metaspace: 43162K(46912K)->43162K(46912K) NonClass: 33201K(34880K)->33201K(34880K) Class: 9960K(12032K)->9960K(12032K)
[64.933s][info][gc          ] GC(95) Pause Full (System.gc()) 782M->782M(6144M) 456.540ms
[65.384s][info][gc,metaspace] GC(96) Metaspace: 43162K(46912K)->43162K(46912K) NonClass: 33201K(34880K)->33201K(34880K) Class: 9960K(12032K)->9960K(12032K)
[65.384s][info][gc          ] GC(96) Pause Full (System.gc()) 782M->782M(6144M) 450.859ms
[65.798s][info][gc,metaspace] GC(97) Metaspace: 43162K(46912K)->43162K(46912K) NonClass: 33201K(34880K)->33201K(34880K) Class: 9960K(12032K)->9960K(12032K)
[65.798s][info][gc          ] GC(97) Pause Full (System.gc()) 782M->782M(6144M) 414.242ms
[66.211s][info][gc,metaspace] GC(98) Metaspace: 43162K(46912K)->43162K(46912K) NonClass: 33201K(34880K)->33201K(34880K) Class: 9960K(12032K)->9960K(12032K)
[66.211s][info][gc          ] GC(98) Pause Full (System.gc()) 782M->782M(6144M) 411.997ms
[66.670s][info][gc,metaspace] GC(99) Metaspace: 43162K(46912K)->43162K(46912K) NonClass: 33201K(34880K)->33201K(34880K) Class: 9960K(12032K)->9960K(12032K)
[66.670s][info][gc          ] GC(99) Pause Full (System.gc()) 782M->782M(6144M) 459.606ms
[67.111s][info][gc,metaspace] GC(100) Metaspace: 43162K(46912K)->43162K(46912K) NonClass: 33201K(34880K)->33201K(34880K) Class: 9960K(12032K)->9960K(12032K)
[67.111s][info][gc          ] GC(100) Pause Full (System.gc()) 782M->782M(6144M) 440.725ms
[67.596s][info][gc,metaspace] GC(101) Metaspace: 43162K(46912K)->43162K(46912K) NonClass: 33201K(34880K)->33201K(34880K) Class: 9960K(12032K)->9960K(12032K)
[67.596s][info][gc          ] GC(101) Pause Full (System.gc()) 782M->782M(6144M) 480.997ms
[68.054s][info][gc,metaspace] GC(102) Metaspace: 43162K(46912K)->43162K(46912K) NonClass: 33201K(34880K)->33201K(34880K) Class: 9960K(12032K)->9960K(12032K)
[68.054s][info][gc          ] GC(102) Pause Full (System.gc()) 782M->782M(6144M) 457.119ms
[68.536s][info][gc,metaspace] GC(103) Metaspace: 43162K(46912K)->43162K(46912K) NonClass: 33201K(34880K)->33201K(34880K) Class: 9960K(12032K)->9960K(12032K)
[68.536s][info][gc          ] GC(103) Pause Full (System.gc()) 782M->782M(6144M) 482.591ms
[68.982s][info][gc,metaspace] GC(104) Metaspace: 43162K(46912K)->43162K(46912K) NonClass: 33201K(34880K)->33201K(34880K) Class: 9960K(12032K)->9960K(12032K)
[68.982s][info][gc          ] GC(104) Pause Full (System.gc()) 782M->782M(6144M) 445.201ms
[69.413s][info][gc,metaspace] GC(105) Metaspace: 43162K(46912K)->43162K(46912K) NonClass: 33201K(34880K)->33201K(34880K) Class: 9960K(12032K)->9960K(12032K)
[69.413s][info][gc          ] GC(105) Pause Full (System.gc()) 782M->782M(6144M) 431.621ms
[69.847s][info][gc,metaspace] GC(106) Metaspace: 43162K(46912K)->43162K(46912K) NonClass: 33201K(34880K)->33201K(34880K) Class: 9960K(12032K)->9960K(12032K)
[69.847s][info][gc          ] GC(106) Pause Full (System.gc()) 782M->782M(6144M) 433.534ms
[70.279s][info][gc,metaspace] GC(107) Metaspace: 43162K(46912K)->43162K(46912K) NonClass: 33201K(34880K)->33201K(34880K) Class: 9960K(12032K)->9960K(12032K)
[70.279s][info][gc          ] GC(107) Pause Full (System.gc()) 782M->782M(6144M) 431.973ms
[70.732s][info][gc,metaspace] GC(108) Metaspace: 43162K(46912K)->43162K(46912K) NonClass: 33201K(34880K)->33201K(34880K) Class: 9960K(12032K)->9960K(12032K)
[70.733s][info][gc          ] GC(108) Pause Full (System.gc()) 782M->782M(6144M) 453.517ms
[71.160s][info][gc,metaspace] GC(109) Metaspace: 43162K(46912K)->43162K(46912K) NonClass: 33201K(34880K)->33201K(34880K) Class: 9960K(12032K)->9960K(12032K)
[71.160s][info][gc          ] GC(109) Pause Full (System.gc()) 782M->782M(6144M) 427.012ms
[71.652s][info][gc,metaspace] GC(110) Metaspace: 43162K(46912K)->43162K(46912K) NonClass: 33201K(34880K)->33201K(34880K) Class: 9960K(12032K)->9960K(12032K)
[71.652s][info][gc          ] GC(110) Pause Full (System.gc()) 782M->782M(6144M) 492.467ms
[72.078s][info][gc,metaspace] GC(111) Metaspace: 43162K(46912K)->43162K(46912K) NonClass: 33201K(34880K)->33201K(34880K) Class: 9960K(12032K)->9960K(12032K)
[72.078s][info][gc          ] GC(111) Pause Full (System.gc()) 782M->782M(6144M) 425.988ms
[72.522s][info][gc,metaspace] GC(112) Metaspace: 43162K(46912K)->43162K(46912K) NonClass: 33201K(34880K)->33201K(34880K) Class: 9960K(12032K)->9960K(12032K)
[72.522s][info][gc          ] GC(112) Pause Full (System.gc()) 782M->782M(6144M) 443.641ms
[72.967s][info][gc,metaspace] GC(113) Metaspace: 43162K(46912K)->43162K(46912K) NonClass: 33201K(34880K)->33201K(34880K) Class: 9960K(12032K)->9960K(12032K)
[72.967s][info][gc          ] GC(113) Pause Full (System.gc()) 782M->782M(6144M) 444.919ms
[73.416s][info][gc,metaspace] GC(114) Metaspace: 43162K(46912K)->43162K(46912K) NonClass: 33201K(34880K)->33201K(34880K) Class: 9960K(12032K)->9960K(12032K)
[73.416s][info][gc          ] GC(114) Pause Full (System.gc()) 782M->782M(6144M) 449.171ms
[73.825s][info][gc,metaspace] GC(115) Metaspace: 43162K(46912K)->43162K(46912K) NonClass: 33201K(34880K)->33201K(34880K) Class: 9960K(12032K)->9960K(12032K)
[73.825s][info][gc          ] GC(115) Pause Full (System.gc()) 782M->782M(6144M) 408.864ms
[74.246s][info][gc,metaspace] GC(116) Metaspace: 43162K(46912K)->43162K(46912K) NonClass: 33201K(34880K)->33201K(34880K) Class: 9960K(12032K)->9960K(12032K)
[74.246s][info][gc          ] GC(116) Pause Full (System.gc()) 782M->782M(6144M) 420.993ms
[74.710s][info][gc,metaspace] GC(117) Metaspace: 43162K(46912K)->43162K(46912K) NonClass: 33201K(34880K)->33201K(34880K) Class: 9960K(12032K)->9960K(12032K)
[74.710s][info][gc          ] GC(117) Pause Full (System.gc()) 782M->782M(6144M) 464.183ms
[75.171s][info][gc,metaspace] GC(118) Metaspace: 43162K(46912K)->43162K(46912K) NonClass: 33201K(34880K)->33201K(34880K) Class: 9960K(12032K)->9960K(12032K)
[75.171s][info][gc          ] GC(118) Pause Full (System.gc()) 782M->782M(6144M) 460.252ms
[75.654s][info][gc,metaspace] GC(119) Metaspace: 43162K(46912K)->43162K(46912K) NonClass: 33201K(34880K)->33201K(34880K) Class: 9960K(12032K)->9960K(12032K)
[75.654s][info][gc          ] GC(119) Pause Full (System.gc()) 782M->782M(6144M) 483.593ms
After GCs... 
