[0.001s][info][metaspace]  - commit_granule_bytes: 65536.
[0.001s][info][metaspace]  - commit_granule_words: 8192.
[0.001s][info][metaspace]  - virtual_space_node_default_size: 8388608.
[0.001s][info][metaspace]  - enlarge_chunks_in_place: 1.
[0.001s][info][metaspace]  - use_allocation_guard: 0.
[0.003s][info][gc       ] Using Serial
[1.221s][info][metaspace] Reserving compressed class space anywhere
[1.226s][info][gc,metaspace] CDS archive(s) not mapped
[1.226s][info][gc,metaspace] Compressed class space mapped at: 0x0000000009000000-0x00000000c9000000, reserved size: 3221225472
[1.226s][info][gc,metaspace] UseCompressedClassPointers 1, UseCompactObjectHeaders 1, narrow klass pointer bits 22, max shift 10
[1.226s][info][gc,metaspace] Narrow klass base: 0x0000000009000000, Narrow klass shift: 10, Narrow klass range: 0xc0000000
Num Classes: 256
Num Objects per Class: 262144
Cycles: 100
Class association: random
Generate 256 classes...
Loading 256...[3.315s][info][gc,metaspace] GC(0) Metaspace: 22809K(23168K)->22809K(23168K) NonClass: 18834K(19072K)->18834K(19072K) Class: 3974K(4096K)->3974K(4096K)
[3.315s][info][gc          ] GC(0) Pause Full (System.gc()) 1147M->3M(5939M) 299.108ms
Creating 262144 objects per class...
Done; will start GCs... 
[9.966s][info][gc,metaspace] GC(1) Metaspace: 23708K(24256K)->23708K(24256K) NonClass: 19599K(19904K)->19599K(19904K) Class: 4109K(4352K)->4109K(4352K)
[9.966s][info][gc          ] GC(1) Pause Full (System.gc()) 855M->771M(5939M) 3231.144ms
[11.901s][info][gc,metaspace] GC(2) Metaspace: 23708K(24256K)->23708K(24256K) NonClass: 19599K(19904K)->19599K(19904K) Class: 4109K(4352K)->4109K(4352K)
[11.901s][info][gc          ] GC(2) Pause Full (System.gc()) 771M->771M(5939M) 1934.587ms
[14.548s][info][gc,metaspace] GC(3) Metaspace: 23708K(24256K)->23708K(24256K) NonClass: 19599K(19904K)->19599K(19904K) Class: 4109K(4352K)->4109K(4352K)
[14.548s][info][gc          ] GC(3) Pause Full (System.gc()) 771M->771M(5939M) 2643.365ms
[16.481s][info][gc,metaspace] GC(4) Metaspace: 23708K(24256K)->23708K(24256K) NonClass: 19599K(19904K)->19599K(19904K) Class: 4109K(4352K)->4109K(4352K)
[16.481s][info][gc          ] GC(4) Pause Full (System.gc()) 771M->771M(5939M) 1932.196ms
[18.416s][info][gc,metaspace] GC(5) Metaspace: 23708K(24256K)->23708K(24256K) NonClass: 19599K(19904K)->19599K(19904K) Class: 4109K(4352K)->4109K(4352K)
[18.416s][info][gc          ] GC(5) Pause Full (System.gc()) 771M->771M(5939M) 1935.527ms
[20.349s][info][gc,metaspace] GC(6) Metaspace: 23708K(24256K)->23708K(24256K) NonClass: 19599K(19904K)->19599K(19904K) Class: 4109K(4352K)->4109K(4352K)
[20.349s][info][gc          ] GC(6) Pause Full (System.gc()) 771M->771M(5939M) 1932.410ms
[22.285s][info][gc,metaspace] GC(7) Metaspace: 23708K(24256K)->23708K(24256K) NonClass: 19599K(19904K)->19599K(19904K) Class: 4109K(4352K)->4109K(4352K)
[22.285s][info][gc          ] GC(7) Pause Full (System.gc()) 771M->771M(5939M) 1936.261ms
[24.167s][info][gc,metaspace] GC(8) Metaspace: 23708K(24256K)->23708K(24256K) NonClass: 19599K(19904K)->19599K(19904K) Class: 4109K(4352K)->4109K(4352K)
[24.167s][info][gc          ] GC(8) Pause Full (System.gc()) 771M->771M(5939M) 1881.901ms
[26.103s][info][gc,metaspace] GC(9) Metaspace: 23708K(24256K)->23708K(24256K) NonClass: 19599K(19904K)->19599K(19904K) Class: 4109K(4352K)->4109K(4352K)
[26.103s][info][gc          ] GC(9) Pause Full (System.gc()) 771M->771M(5939M) 1931.878ms
[28.037s][info][gc,metaspace] GC(10) Metaspace: 23708K(24256K)->23708K(24256K) NonClass: 19599K(19904K)->19599K(19904K) Class: 4109K(4352K)->4109K(4352K)
[28.037s][info][gc          ] GC(10) Pause Full (System.gc()) 771M->771M(5939M) 1933.037ms
[29.969s][info][gc,metaspace] GC(11) Metaspace: 23708K(24256K)->23708K(24256K) NonClass: 19599K(19904K)->19599K(19904K) Class: 4109K(4352K)->4109K(4352K)
[29.969s][info][gc          ] GC(11) Pause Full (System.gc()) 771M->771M(5939M) 1932.568ms
[31.906s][info][gc,metaspace] GC(12) Metaspace: 23708K(24256K)->23708K(24256K) NonClass: 19599K(19904K)->19599K(19904K) Class: 4109K(4352K)->4109K(4352K)
[31.906s][info][gc          ] GC(12) Pause Full (System.gc()) 771M->771M(5939M) 1936.285ms
[33.838s][info][gc,metaspace] GC(13) Metaspace: 23708K(24256K)->23708K(24256K) NonClass: 19599K(19904K)->19599K(19904K) Class: 4109K(4352K)->4109K(4352K)
[33.838s][info][gc          ] GC(13) Pause Full (System.gc()) 771M->771M(5939M) 1932.308ms
[35.776s][info][gc,metaspace] GC(14) Metaspace: 23708K(24256K)->23708K(24256K) NonClass: 19599K(19904K)->19599K(19904K) Class: 4109K(4352K)->4109K(4352K)
[35.776s][info][gc          ] GC(14) Pause Full (System.gc()) 771M->771M(5939M) 1937.339ms
[37.708s][info][gc,metaspace] GC(15) Metaspace: 23708K(24256K)->23708K(24256K) NonClass: 19599K(19904K)->19599K(19904K) Class: 4109K(4352K)->4109K(4352K)
[37.708s][info][gc          ] GC(15) Pause Full (System.gc()) 771M->771M(5939M) 1932.337ms
[39.640s][info][gc,metaspace] GC(16) Metaspace: 23708K(24256K)->23708K(24256K) NonClass: 19599K(19904K)->19599K(19904K) Class: 4109K(4352K)->4109K(4352K)
[39.640s][info][gc          ] GC(16) Pause Full (System.gc()) 771M->771M(5939M) 1931.982ms
[41.577s][info][gc,metaspace] GC(17) Metaspace: 23708K(24256K)->23708K(24256K) NonClass: 19599K(19904K)->19599K(19904K) Class: 4109K(4352K)->4109K(4352K)
[41.577s][info][gc          ] GC(17) Pause Full (System.gc()) 771M->771M(5939M) 1936.893ms
[43.510s][info][gc,metaspace] GC(18) Metaspace: 23708K(24256K)->23708K(24256K) NonClass: 19599K(19904K)->19599K(19904K) Class: 4109K(4352K)->4109K(4352K)
[43.511s][info][gc          ] GC(18) Pause Full (System.gc()) 771M->771M(5939M) 1933.273ms
[45.447s][info][gc,metaspace] GC(19) Metaspace: 23708K(24256K)->23708K(24256K) NonClass: 19599K(19904K)->19599K(19904K) Class: 4109K(4352K)->4109K(4352K)
[45.447s][info][gc          ] GC(19) Pause Full (System.gc()) 771M->771M(5939M) 1936.643ms
[47.379s][info][gc,metaspace] GC(20) Metaspace: 23708K(24256K)->23708K(24256K) NonClass: 19599K(19904K)->19599K(19904K) Class: 4109K(4352K)->4109K(4352K)
[47.379s][info][gc          ] GC(20) Pause Full (System.gc()) 771M->771M(5939M) 1932.001ms
[49.315s][info][gc,metaspace] GC(21) Metaspace: 23708K(24256K)->23708K(24256K) NonClass: 19599K(19904K)->19599K(19904K) Class: 4109K(4352K)->4109K(4352K)
[49.315s][info][gc          ] GC(21) Pause Full (System.gc()) 771M->771M(5939M) 1935.123ms
[51.898s][info][gc,metaspace] GC(22) Metaspace: 23708K(24256K)->23708K(24256K) NonClass: 19599K(19904K)->19599K(19904K) Class: 4109K(4352K)->4109K(4352K)
[51.898s][info][gc          ] GC(22) Pause Full (System.gc()) 771M->771M(5939M) 2583.346ms
[53.829s][info][gc,metaspace] GC(23) Metaspace: 23708K(24256K)->23708K(24256K) NonClass: 19599K(19904K)->19599K(19904K) Class: 4109K(4352K)->4109K(4352K)
[53.829s][info][gc          ] GC(23) Pause Full (System.gc()) 771M->771M(5939M) 1931.131ms
[55.766s][info][gc,metaspace] GC(24) Metaspace: 23708K(24256K)->23708K(24256K) NonClass: 19599K(19904K)->19599K(19904K) Class: 4109K(4352K)->4109K(4352K)
[55.766s][info][gc          ] GC(24) Pause Full (System.gc()) 771M->771M(5939M) 1937.036ms
[57.697s][info][gc,metaspace] GC(25) Metaspace: 23708K(24256K)->23708K(24256K) NonClass: 19599K(19904K)->19599K(19904K) Class: 4109K(4352K)->4109K(4352K)
[57.698s][info][gc          ] GC(25) Pause Full (System.gc()) 771M->771M(5939M) 1931.015ms
[59.881s][info][gc,metaspace] GC(26) Metaspace: 23708K(24256K)->23708K(24256K) NonClass: 19599K(19904K)->19599K(19904K) Class: 4109K(4352K)->4109K(4352K)
[59.881s][info][gc          ] GC(26) Pause Full (System.gc()) 771M->771M(5939M) 2182.868ms
[61.818s][info][gc,metaspace] GC(27) Metaspace: 23708K(24256K)->23708K(24256K) NonClass: 19599K(19904K)->19599K(19904K) Class: 4109K(4352K)->4109K(4352K)
[61.818s][info][gc          ] GC(27) Pause Full (System.gc()) 771M->771M(5939M) 1937.239ms
[63.751s][info][gc,metaspace] GC(28) Metaspace: 23708K(24256K)->23708K(24256K) NonClass: 19599K(19904K)->19599K(19904K) Class: 4109K(4352K)->4109K(4352K)
[63.751s][info][gc          ] GC(28) Pause Full (System.gc()) 771M->771M(5939M) 1933.096ms
[65.688s][info][gc,metaspace] GC(29) Metaspace: 23708K(24256K)->23708K(24256K) NonClass: 19599K(19904K)->19599K(19904K) Class: 4109K(4352K)->4109K(4352K)
[65.688s][info][gc          ] GC(29) Pause Full (System.gc()) 771M->771M(5939M) 1936.968ms
[67.621s][info][gc,metaspace] GC(30) Metaspace: 23708K(24256K)->23708K(24256K) NonClass: 19599K(19904K)->19599K(19904K) Class: 4109K(4352K)->4109K(4352K)
[67.621s][info][gc          ] GC(30) Pause Full (System.gc()) 771M->771M(5939M) 1932.287ms
[70.190s][info][gc,metaspace] GC(31) Metaspace: 23708K(24256K)->23708K(24256K) NonClass: 19599K(19904K)->19599K(19904K) Class: 4109K(4352K)->4109K(4352K)
[70.190s][info][gc          ] GC(31) Pause Full (System.gc()) 771M->771M(5939M) 2569.551ms
[72.127s][info][gc,metaspace] GC(32) Metaspace: 23708K(24256K)->23708K(24256K) NonClass: 19599K(19904K)->19599K(19904K) Class: 4109K(4352K)->4109K(4352K)
[72.127s][info][gc          ] GC(32) Pause Full (System.gc()) 781M->771M(5939M) 1936.775ms
[74.060s][info][gc,metaspace] GC(33) Metaspace: 23708K(24256K)->23708K(24256K) NonClass: 19599K(19904K)->19599K(19904K) Class: 4109K(4352K)->4109K(4352K)
[74.060s][info][gc          ] GC(33) Pause Full (System.gc()) 771M->771M(5939M) 1932.826ms
[75.996s][info][gc,metaspace] GC(34) Metaspace: 23708K(24256K)->23708K(24256K) NonClass: 19599K(19904K)->19599K(19904K) Class: 4109K(4352K)->4109K(4352K)
[75.996s][info][gc          ] GC(34) Pause Full (System.gc()) 771M->771M(5939M) 1936.158ms
[77.929s][info][gc,metaspace] GC(35) Metaspace: 23708K(24256K)->23708K(24256K) NonClass: 19599K(19904K)->19599K(19904K) Class: 4109K(4352K)->4109K(4352K)
[77.929s][info][gc          ] GC(35) Pause Full (System.gc()) 771M->771M(5939M) 1932.517ms
[79.863s][info][gc,metaspace] GC(36) Metaspace: 23708K(24256K)->23708K(24256K) NonClass: 19599K(19904K)->19599K(19904K) Class: 4109K(4352K)->4109K(4352K)
[79.863s][info][gc          ] GC(36) Pause Full (System.gc()) 771M->771M(5939M) 1934.227ms
[81.801s][info][gc,metaspace] GC(37) Metaspace: 23708K(24256K)->23708K(24256K) NonClass: 19599K(19904K)->19599K(19904K) Class: 4109K(4352K)->4109K(4352K)
[81.801s][info][gc          ] GC(37) Pause Full (System.gc()) 771M->771M(5939M) 1937.443ms
[83.734s][info][gc,metaspace] GC(38) Metaspace: 23708K(24256K)->23708K(24256K) NonClass: 19599K(19904K)->19599K(19904K) Class: 4109K(4352K)->4109K(4352K)
[83.734s][info][gc          ] GC(38) Pause Full (System.gc()) 771M->771M(5939M) 1932.539ms
[85.670s][info][gc,metaspace] GC(39) Metaspace: 23708K(24256K)->23708K(24256K) NonClass: 19599K(19904K)->19599K(19904K) Class: 4109K(4352K)->4109K(4352K)
[85.671s][info][gc          ] GC(39) Pause Full (System.gc()) 771M->771M(5939M) 1936.751ms
[87.603s][info][gc,metaspace] GC(40) Metaspace: 23708K(24256K)->23708K(24256K) NonClass: 19599K(19904K)->19599K(19904K) Class: 4109K(4352K)->4109K(4352K)
[87.603s][info][gc          ] GC(40) Pause Full (System.gc()) 771M->771M(5939M) 1932.593ms
[89.537s][info][gc,metaspace] GC(41) Metaspace: 23708K(24256K)->23708K(24256K) NonClass: 19599K(19904K)->19599K(19904K) Class: 4109K(4352K)->4109K(4352K)
[89.537s][info][gc          ] GC(41) Pause Full (System.gc()) 771M->771M(5939M) 1933.627ms
[91.475s][info][gc,metaspace] GC(42) Metaspace: 23708K(24256K)->23708K(24256K) NonClass: 19599K(19904K)->19599K(19904K) Class: 4109K(4352K)->4109K(4352K)
[91.475s][info][gc          ] GC(42) Pause Full (System.gc()) 771M->771M(5939M) 1937.655ms
[93.407s][info][gc,metaspace] GC(43) Metaspace: 23708K(24256K)->23708K(24256K) NonClass: 19599K(19904K)->19599K(19904K) Class: 4109K(4352K)->4109K(4352K)
[93.407s][info][gc          ] GC(43) Pause Full (System.gc()) 771M->771M(5939M) 1932.301ms
[95.340s][info][gc,metaspace] GC(44) Metaspace: 23708K(24256K)->23708K(24256K) NonClass: 19599K(19904K)->19599K(19904K) Class: 4109K(4352K)->4109K(4352K)
[95.340s][info][gc          ] GC(44) Pause Full (System.gc()) 771M->771M(5939M) 1932.708ms
[97.226s][info][gc,metaspace] GC(45) Metaspace: 23708K(24256K)->23708K(24256K) NonClass: 19599K(19904K)->19599K(19904K) Class: 4109K(4352K)->4109K(4352K)
[97.226s][info][gc          ] GC(45) Pause Full (System.gc()) 771M->771M(5939M) 1882.087ms
[99.163s][info][gc,metaspace] GC(46) Metaspace: 23708K(24256K)->23708K(24256K) NonClass: 19599K(19904K)->19599K(19904K) Class: 4109K(4352K)->4109K(4352K)
[99.163s][info][gc          ] GC(46) Pause Full (System.gc()) 771M->771M(5939M) 1936.780ms
[101.096s][info][gc,metaspace] GC(47) Metaspace: 23708K(24256K)->23708K(24256K) NonClass: 19599K(19904K)->19599K(19904K) Class: 4109K(4352K)->4109K(4352K)
[101.100s][info][gc          ] GC(47) Pause Full (System.gc()) 771M->771M(5939M) 1936.915ms
[103.029s][info][gc,metaspace] GC(48) Metaspace: 23708K(24256K)->23708K(24256K) NonClass: 19599K(19904K)->19599K(19904K) Class: 4109K(4352K)->4109K(4352K)
[103.029s][info][gc          ] GC(48) Pause Full (System.gc()) 771M->771M(5939M) 1928.859ms
[104.966s][info][gc,metaspace] GC(49) Metaspace: 23708K(24256K)->23708K(24256K) NonClass: 19599K(19904K)->19599K(19904K) Class: 4109K(4352K)->4109K(4352K)
[104.966s][info][gc          ] GC(49) Pause Full (System.gc()) 771M->771M(5939M) 1936.256ms
[106.898s][info][gc,metaspace] GC(50) Metaspace: 23708K(24256K)->23708K(24256K) NonClass: 19599K(19904K)->19599K(19904K) Class: 4109K(4352K)->4109K(4352K)
[106.898s][info][gc          ] GC(50) Pause Full (System.gc()) 771M->771M(5939M) 1931.846ms
[108.832s][info][gc,metaspace] GC(51) Metaspace: 23708K(24256K)->23708K(24256K) NonClass: 19599K(19904K)->19599K(19904K) Class: 4109K(4352K)->4109K(4352K)
[108.832s][info][gc          ] GC(51) Pause Full (System.gc()) 771M->771M(5939M) 1933.752ms
[110.767s][info][gc,metaspace] GC(52) Metaspace: 23708K(24256K)->23708K(24256K) NonClass: 19599K(19904K)->19599K(19904K) Class: 4109K(4352K)->4109K(4352K)
[110.767s][info][gc          ] GC(52) Pause Full (System.gc()) 771M->771M(5939M) 1935.797ms
[113.003s][info][gc,metaspace] GC(53) Metaspace: 23708K(24256K)->23708K(24256K) NonClass: 19599K(19904K)->19599K(19904K) Class: 4109K(4352K)->4109K(4352K)
[113.003s][info][gc          ] GC(53) Pause Full (System.gc()) 771M->771M(5939M) 2235.225ms
[114.939s][info][gc,metaspace] GC(54) Metaspace: 23708K(24256K)->23708K(24256K) NonClass: 19599K(19904K)->19599K(19904K) Class: 4109K(4352K)->4109K(4352K)
[114.939s][info][gc          ] GC(54) Pause Full (System.gc()) 771M->771M(5939M) 1936.197ms
[116.873s][info][gc,metaspace] GC(55) Metaspace: 23708K(24256K)->23708K(24256K) NonClass: 19599K(19904K)->19599K(19904K) Class: 4109K(4352K)->4109K(4352K)
[116.873s][info][gc          ] GC(55) Pause Full (System.gc()) 771M->771M(5939M) 1933.727ms
[118.806s][info][gc,metaspace] GC(56) Metaspace: 23708K(24256K)->23708K(24256K) NonClass: 19599K(19904K)->19599K(19904K) Class: 4109K(4352K)->4109K(4352K)
[118.806s][info][gc          ] GC(56) Pause Full (System.gc()) 771M->771M(5939M) 1932.829ms
[120.743s][info][gc,metaspace] GC(57) Metaspace: 23708K(24256K)->23708K(24256K) NonClass: 19599K(19904K)->19599K(19904K) Class: 4109K(4352K)->4109K(4352K)
[120.743s][info][gc          ] GC(57) Pause Full (System.gc()) 771M->771M(5939M) 1936.865ms
[122.676s][info][gc,metaspace] GC(58) Metaspace: 23708K(24256K)->23708K(24256K) NonClass: 19599K(19904K)->19599K(19904K) Class: 4109K(4352K)->4109K(4352K)
[122.676s][info][gc          ] GC(58) Pause Full (System.gc()) 771M->771M(5939M) 1933.163ms
[124.613s][info][gc,metaspace] GC(59) Metaspace: 23708K(24256K)->23708K(24256K) NonClass: 19599K(19904K)->19599K(19904K) Class: 4109K(4352K)->4109K(4352K)
[124.613s][info][gc          ] GC(59) Pause Full (System.gc()) 771M->771M(5939M) 1936.928ms
[126.546s][info][gc,metaspace] GC(60) Metaspace: 23708K(24256K)->23708K(24256K) NonClass: 19599K(19904K)->19599K(19904K) Class: 4109K(4352K)->4109K(4352K)
[126.546s][info][gc          ] GC(60) Pause Full (System.gc()) 771M->771M(5939M) 1932.813ms
[128.480s][info][gc,metaspace] GC(61) Metaspace: 23708K(24256K)->23708K(24256K) NonClass: 19599K(19904K)->19599K(19904K) Class: 4109K(4352K)->4109K(4352K)
[128.480s][info][gc          ] GC(61) Pause Full (System.gc()) 771M->771M(5939M) 1933.891ms
[130.417s][info][gc,metaspace] GC(62) Metaspace: 23708K(24256K)->23708K(24256K) NonClass: 19599K(19904K)->19599K(19904K) Class: 4109K(4352K)->4109K(4352K)
[130.417s][info][gc          ] GC(62) Pause Full (System.gc()) 771M->771M(5939M) 1936.242ms
[132.350s][info][gc,metaspace] GC(63) Metaspace: 23708K(24256K)->23708K(24256K) NonClass: 19599K(19904K)->19599K(19904K) Class: 4109K(4352K)->4109K(4352K)
[132.350s][info][gc          ] GC(63) Pause Full (System.gc()) 781M->771M(5939M) 1928.877ms
[134.284s][info][gc,metaspace] GC(64) Metaspace: 23708K(24256K)->23708K(24256K) NonClass: 19599K(19904K)->19599K(19904K) Class: 4109K(4352K)->4109K(4352K)
[134.284s][info][gc          ] GC(64) Pause Full (System.gc()) 771M->771M(5939M) 1933.978ms
[137.015s][info][gc,metaspace] GC(65) Metaspace: 23708K(24256K)->23708K(24256K) NonClass: 19599K(19904K)->19599K(19904K) Class: 4109K(4352K)->4109K(4352K)
[137.015s][info][gc          ] GC(65) Pause Full (System.gc()) 771M->771M(5939M) 2730.445ms
[138.948s][info][gc,metaspace] GC(66) Metaspace: 23708K(24256K)->23708K(24256K) NonClass: 19599K(19904K)->19599K(19904K) Class: 4109K(4352K)->4109K(4352K)
[138.948s][info][gc          ] GC(66) Pause Full (System.gc()) 771M->771M(5939M) 1933.261ms
[140.884s][info][gc,metaspace] GC(67) Metaspace: 23708K(24256K)->23708K(24256K) NonClass: 19599K(19904K)->19599K(19904K) Class: 4109K(4352K)->4109K(4352K)
[140.884s][info][gc          ] GC(67) Pause Full (System.gc()) 771M->771M(5939M) 1936.474ms
[142.818s][info][gc,metaspace] GC(68) Metaspace: 23708K(24256K)->23708K(24256K) NonClass: 19599K(19904K)->19599K(19904K) Class: 4109K(4352K)->4109K(4352K)
[142.818s][info][gc          ] GC(68) Pause Full (System.gc()) 771M->771M(5939M) 1928.661ms
[144.752s][info][gc,metaspace] GC(69) Metaspace: 23708K(24256K)->23708K(24256K) NonClass: 19599K(19904K)->19599K(19904K) Class: 4109K(4352K)->4109K(4352K)
[144.752s][info][gc          ] GC(69) Pause Full (System.gc()) 771M->771M(5939M) 1934.076ms
[146.688s][info][gc,metaspace] GC(70) Metaspace: 23708K(24256K)->23708K(24256K) NonClass: 19599K(19904K)->19599K(19904K) Class: 4109K(4352K)->4109K(4352K)
[146.688s][info][gc          ] GC(70) Pause Full (System.gc()) 771M->771M(5939M) 1936.563ms
[148.622s][info][gc,metaspace] GC(71) Metaspace: 23708K(24256K)->23708K(24256K) NonClass: 19599K(19904K)->19599K(19904K) Class: 4109K(4352K)->4109K(4352K)
[148.622s][info][gc          ] GC(71) Pause Full (System.gc()) 771M->771M(5939M) 1933.065ms
[150.558s][info][gc,metaspace] GC(72) Metaspace: 23708K(24256K)->23708K(24256K) NonClass: 19599K(19904K)->19599K(19904K) Class: 4109K(4352K)->4109K(4352K)
[150.558s][info][gc          ] GC(72) Pause Full (System.gc()) 771M->771M(5939M) 1936.246ms
[152.491s][info][gc,metaspace] GC(73) Metaspace: 23708K(24256K)->23708K(24256K) NonClass: 19599K(19904K)->19599K(19904K) Class: 4109K(4352K)->4109K(4352K)
[152.491s][info][gc          ] GC(73) Pause Full (System.gc()) 771M->771M(5939M) 1932.721ms
[154.424s][info][gc,metaspace] GC(74) Metaspace: 23708K(24256K)->23708K(24256K) NonClass: 19599K(19904K)->19599K(19904K) Class: 4109K(4352K)->4109K(4352K)
[154.424s][info][gc          ] GC(74) Pause Full (System.gc()) 771M->771M(5939M) 1932.883ms
[156.361s][info][gc,metaspace] GC(75) Metaspace: 23708K(24256K)->23708K(24256K) NonClass: 19599K(19904K)->19599K(19904K) Class: 4109K(4352K)->4109K(4352K)
[156.361s][info][gc          ] GC(75) Pause Full (System.gc()) 771M->771M(5939M) 1937.271ms
[158.293s][info][gc,metaspace] GC(76) Metaspace: 23708K(24256K)->23708K(24256K) NonClass: 19599K(19904K)->19599K(19904K) Class: 4109K(4352K)->4109K(4352K)
[158.293s][info][gc          ] GC(76) Pause Full (System.gc()) 771M->771M(5939M) 1932.020ms
[160.180s][info][gc,metaspace] GC(77) Metaspace: 23708K(24256K)->23708K(24256K) NonClass: 19599K(19904K)->19599K(19904K) Class: 4109K(4352K)->4109K(4352K)
[160.180s][info][gc          ] GC(77) Pause Full (System.gc()) 771M->771M(5939M) 1882.189ms
[162.112s][info][gc,metaspace] GC(78) Metaspace: 23708K(24256K)->23708K(24256K) NonClass: 19599K(19904K)->19599K(19904K) Class: 4109K(4352K)->4109K(4352K)
[162.112s][info][gc          ] GC(78) Pause Full (System.gc()) 771M->771M(5939M) 1932.364ms
[164.049s][info][gc,metaspace] GC(79) Metaspace: 23708K(24256K)->23708K(24256K) NonClass: 19599K(19904K)->19599K(19904K) Class: 4109K(4352K)->4109K(4352K)
[164.054s][info][gc          ] GC(79) Pause Full (System.gc()) 771M->771M(5939M) 1941.157ms
[165.984s][info][gc,metaspace] GC(80) Metaspace: 23708K(24256K)->23708K(24256K) NonClass: 19599K(19904K)->19599K(19904K) Class: 4109K(4352K)->4109K(4352K)
[165.984s][info][gc          ] GC(80) Pause Full (System.gc()) 771M->771M(5939M) 1930.218ms
[167.917s][info][gc,metaspace] GC(81) Metaspace: 23708K(24256K)->23708K(24256K) NonClass: 19599K(19904K)->19599K(19904K) Class: 4109K(4352K)->4109K(4352K)
[167.917s][info][gc          ] GC(81) Pause Full (System.gc()) 771M->771M(5939M) 1932.601ms
[169.853s][info][gc,metaspace] GC(82) Metaspace: 23708K(24256K)->23708K(24256K) NonClass: 19599K(19904K)->19599K(19904K) Class: 4109K(4352K)->4109K(4352K)
[169.853s][info][gc          ] GC(82) Pause Full (System.gc()) 771M->771M(5939M) 1936.107ms
[171.785s][info][gc,metaspace] GC(83) Metaspace: 23708K(24256K)->23708K(24256K) NonClass: 19599K(19904K)->19599K(19904K) Class: 4109K(4352K)->4109K(4352K)
[171.785s][info][gc          ] GC(83) Pause Full (System.gc()) 771M->771M(5939M) 1932.367ms
[173.719s][info][gc,metaspace] GC(84) Metaspace: 23708K(24256K)->23708K(24256K) NonClass: 19599K(19904K)->19599K(19904K) Class: 4109K(4352K)->4109K(4352K)
[173.719s][info][gc          ] GC(84) Pause Full (System.gc()) 771M->771M(5939M) 1933.574ms
[175.657s][info][gc,metaspace] GC(85) Metaspace: 23708K(24256K)->23708K(24256K) NonClass: 19599K(19904K)->19599K(19904K) Class: 4109K(4352K)->4109K(4352K)
[175.657s][info][gc          ] GC(85) Pause Full (System.gc()) 771M->771M(5939M) 1937.786ms
[177.590s][info][gc,metaspace] GC(86) Metaspace: 23708K(24256K)->23708K(24256K) NonClass: 19599K(19904K)->19599K(19904K) Class: 4109K(4352K)->4109K(4352K)
[177.590s][info][gc          ] GC(86) Pause Full (System.gc()) 771M->771M(5939M) 1932.935ms
[179.526s][info][gc,metaspace] GC(87) Metaspace: 23708K(24256K)->23708K(24256K) NonClass: 19599K(19904K)->19599K(19904K) Class: 4109K(4352K)->4109K(4352K)
[179.526s][info][gc          ] GC(87) Pause Full (System.gc()) 771M->771M(5939M) 1936.259ms
[181.459s][info][gc,metaspace] GC(88) Metaspace: 23708K(24256K)->23708K(24256K) NonClass: 19599K(19904K)->19599K(19904K) Class: 4109K(4352K)->4109K(4352K)
[181.459s][info][gc          ] GC(88) Pause Full (System.gc()) 771M->771M(5939M) 1932.346ms
[183.392s][info][gc,metaspace] GC(89) Metaspace: 23708K(24256K)->23708K(24256K) NonClass: 19599K(19904K)->19599K(19904K) Class: 4109K(4352K)->4109K(4352K)
[183.392s][info][gc          ] GC(89) Pause Full (System.gc()) 771M->771M(5939M) 1932.962ms
[185.331s][info][gc,metaspace] GC(90) Metaspace: 23708K(24256K)->23708K(24256K) NonClass: 19599K(19904K)->19599K(19904K) Class: 4109K(4352K)->4109K(4352K)
[185.331s][info][gc          ] GC(90) Pause Full (System.gc()) 771M->771M(5939M) 1939.063ms
[187.217s][info][gc,metaspace] GC(91) Metaspace: 23708K(24256K)->23708K(24256K) NonClass: 19599K(19904K)->19599K(19904K) Class: 4109K(4352K)->4109K(4352K)
[187.217s][info][gc          ] GC(91) Pause Full (System.gc()) 771M->771M(5939M) 1886.096ms
[189.151s][info][gc,metaspace] GC(92) Metaspace: 23708K(24256K)->23708K(24256K) NonClass: 19599K(19904K)->19599K(19904K) Class: 4109K(4352K)->4109K(4352K)
[189.151s][info][gc          ] GC(92) Pause Full (System.gc()) 771M->771M(5939M) 1929.635ms
[191.085s][info][gc,metaspace] GC(93) Metaspace: 23708K(24256K)->23708K(24256K) NonClass: 19599K(19904K)->19599K(19904K) Class: 4109K(4352K)->4109K(4352K)
[191.085s][info][gc          ] GC(93) Pause Full (System.gc()) 771M->771M(5939M) 1933.328ms
[193.022s][info][gc,metaspace] GC(94) Metaspace: 23708K(24256K)->23708K(24256K) NonClass: 19599K(19904K)->19599K(19904K) Class: 4109K(4352K)->4109K(4352K)
[193.022s][info][gc          ] GC(94) Pause Full (System.gc()) 771M->771M(5939M) 1936.965ms
[194.955s][info][gc,metaspace] GC(95) Metaspace: 23708K(24256K)->23708K(24256K) NonClass: 19599K(19904K)->19599K(19904K) Class: 4109K(4352K)->4109K(4352K)
[194.955s][info][gc          ] GC(95) Pause Full (System.gc()) 771M->771M(5939M) 1928.919ms
[196.887s][info][gc,metaspace] GC(96) Metaspace: 23708K(24256K)->23708K(24256K) NonClass: 19599K(19904K)->19599K(19904K) Class: 4109K(4352K)->4109K(4352K)
[196.887s][info][gc          ] GC(96) Pause Full (System.gc()) 771M->771M(5939M) 1932.134ms
[199.216s][info][gc,metaspace] GC(97) Metaspace: 23708K(24256K)->23708K(24256K) NonClass: 19599K(19904K)->19599K(19904K) Class: 4109K(4352K)->4109K(4352K)
[199.216s][info][gc          ] GC(97) Pause Full (System.gc()) 781M->771M(5939M) 2328.913ms
[201.149s][info][gc,metaspace] GC(98) Metaspace: 23708K(24256K)->23708K(24256K) NonClass: 19599K(19904K)->19599K(19904K) Class: 4109K(4352K)->4109K(4352K)
[201.149s][info][gc          ] GC(98) Pause Full (System.gc()) 771M->771M(5939M) 1932.421ms
[203.086s][info][gc,metaspace] GC(99) Metaspace: 23708K(24256K)->23708K(24256K) NonClass: 19599K(19904K)->19599K(19904K) Class: 4109K(4352K)->4109K(4352K)
[203.086s][info][gc          ] GC(99) Pause Full (System.gc()) 771M->771M(5939M) 1936.944ms
[205.019s][info][gc,metaspace] GC(100) Metaspace: 23708K(24256K)->23708K(24256K) NonClass: 19599K(19904K)->19599K(19904K) Class: 4109K(4352K)->4109K(4352K)
[205.019s][info][gc          ] GC(100) Pause Full (System.gc()) 771M->771M(5939M) 1932.703ms
After GCs... 
