[0.002s][info][metaspace]  - commit_granule_bytes: 65536.
[0.002s][info][metaspace]  - commit_granule_words: 8192.
[0.002s][info][metaspace]  - virtual_space_node_default_size: 8388608.
[0.002s][info][metaspace]  - enlarge_chunks_in_place: 1.
[0.002s][info][metaspace]  - use_allocation_guard: 0.
[0.006s][info][gc       ] Using Serial
[1.937s][info][metaspace] Reserving compressed class space anywhere
[1.942s][info][gc,metaspace] CDS archive(s) not mapped
[1.942s][info][gc,metaspace] Compressed class space mapped at: 0x0000000015000000-0x00000000d5000000, reserved size: 3221225472
[1.942s][info][gc,metaspace] UseCompressedClassPointers 1, UseCompactObjectHeaders 1, narrow klass pointer bits 22, max shift 10
[1.942s][info][gc,metaspace] Narrow klass base: 0x0000000015000000, Narrow klass shift: 10, Narrow klass range: 0xc0000000
Num Classes: 256
Num Objects per Class: 262144
Cycles: 100
Class association: random
Generate 256 classes...
Loading 256...[3.936s][info][gc,metaspace] GC(0) Metaspace: 22794K(23104K)->22794K(23104K) NonClass: 18820K(19008K)->18820K(19008K) Class: 3974K(4096K)->3974K(4096K)
[3.936s][info][gc          ] GC(0) Pause Full (System.gc()) 1115M->3M(5939M) 263.566ms
Creating 262144 objects per class...
Done; will start GCs... 
[10.604s][info][gc,metaspace] GC(1) Metaspace: 23674K(24192K)->23674K(24192K) NonClass: 19564K(19840K)->19564K(19840K) Class: 4109K(4352K)->4109K(4352K)
[10.604s][info][gc          ] GC(1) Pause Full (System.gc()) 854M->771M(5939M) 3261.503ms
[13.103s][info][gc,metaspace] GC(2) Metaspace: 23674K(24192K)->23674K(24192K) NonClass: 19564K(19840K)->19564K(19840K) Class: 4109K(4352K)->4109K(4352K)
[13.103s][info][gc          ] GC(2) Pause Full (System.gc()) 771M->771M(5939M) 2498.865ms
[15.815s][info][gc,metaspace] GC(3) Metaspace: 23674K(24192K)->23674K(24192K) NonClass: 19564K(19840K)->19564K(19840K) Class: 4109K(4352K)->4109K(4352K)
[15.815s][info][gc          ] GC(3) Pause Full (System.gc()) 771M->771M(5939M) 2712.065ms
[17.805s][info][gc,metaspace] GC(4) Metaspace: 23674K(24192K)->23674K(24192K) NonClass: 19564K(19840K)->19564K(19840K) Class: 4109K(4352K)->4109K(4352K)
[17.805s][info][gc          ] GC(4) Pause Full (System.gc()) 771M->771M(5939M) 1989.219ms
[21.035s][info][gc,metaspace] GC(5) Metaspace: 23674K(24192K)->23674K(24192K) NonClass: 19564K(19840K)->19564K(19840K) Class: 4109K(4352K)->4109K(4352K)
[21.036s][info][gc          ] GC(5) Pause Full (System.gc()) 771M->771M(5939M) 3230.665ms
[23.027s][info][gc,metaspace] GC(6) Metaspace: 23674K(24192K)->23674K(24192K) NonClass: 19564K(19840K)->19564K(19840K) Class: 4109K(4352K)->4109K(4352K)
[23.027s][info][gc          ] GC(6) Pause Full (System.gc()) 771M->771M(5939M) 1991.222ms
[25.015s][info][gc,metaspace] GC(7) Metaspace: 23674K(24192K)->23674K(24192K) NonClass: 19564K(19840K)->19564K(19840K) Class: 4109K(4352K)->4109K(4352K)
[25.015s][info][gc          ] GC(7) Pause Full (System.gc()) 771M->771M(5939M) 1988.283ms
[27.003s][info][gc,metaspace] GC(8) Metaspace: 23674K(24192K)->23674K(24192K) NonClass: 19564K(19840K)->19564K(19840K) Class: 4109K(4352K)->4109K(4352K)
[27.003s][info][gc          ] GC(8) Pause Full (System.gc()) 771M->771M(5939M) 1987.189ms
[28.992s][info][gc,metaspace] GC(9) Metaspace: 23674K(24192K)->23674K(24192K) NonClass: 19564K(19840K)->19564K(19840K) Class: 4109K(4352K)->4109K(4352K)
[28.992s][info][gc          ] GC(9) Pause Full (System.gc()) 771M->771M(5939M) 1989.505ms
[30.981s][info][gc,metaspace] GC(10) Metaspace: 23674K(24192K)->23674K(24192K) NonClass: 19564K(19840K)->19564K(19840K) Class: 4109K(4352K)->4109K(4352K)
[30.981s][info][gc          ] GC(10) Pause Full (System.gc()) 771M->771M(5939M) 1988.629ms
[32.980s][info][gc,metaspace] GC(11) Metaspace: 23674K(24192K)->23674K(24192K) NonClass: 19564K(19840K)->19564K(19840K) Class: 4109K(4352K)->4109K(4352K)
[32.980s][info][gc          ] GC(11) Pause Full (System.gc()) 771M->771M(5939M) 1998.715ms
[34.984s][info][gc,metaspace] GC(12) Metaspace: 23674K(24192K)->23674K(24192K) NonClass: 19564K(19840K)->19564K(19840K) Class: 4109K(4352K)->4109K(4352K)
[34.985s][info][gc          ] GC(12) Pause Full (System.gc()) 771M->771M(5939M) 2004.668ms
[36.975s][info][gc,metaspace] GC(13) Metaspace: 23674K(24192K)->23674K(24192K) NonClass: 19564K(19840K)->19564K(19840K) Class: 4109K(4352K)->4109K(4352K)
[36.975s][info][gc          ] GC(13) Pause Full (System.gc()) 771M->771M(5939M) 1990.226ms
[38.964s][info][gc,metaspace] GC(14) Metaspace: 23674K(24192K)->23674K(24192K) NonClass: 19564K(19840K)->19564K(19840K) Class: 4109K(4352K)->4109K(4352K)
[38.965s][info][gc          ] GC(14) Pause Full (System.gc()) 771M->771M(5939M) 1989.562ms
[40.952s][info][gc,metaspace] GC(15) Metaspace: 23674K(24192K)->23674K(24192K) NonClass: 19564K(19840K)->19564K(19840K) Class: 4109K(4352K)->4109K(4352K)
[40.952s][info][gc          ] GC(15) Pause Full (System.gc()) 771M->771M(5939M) 1986.968ms
[42.944s][info][gc,metaspace] GC(16) Metaspace: 23674K(24192K)->23674K(24192K) NonClass: 19564K(19840K)->19564K(19840K) Class: 4109K(4352K)->4109K(4352K)
[42.944s][info][gc          ] GC(16) Pause Full (System.gc()) 771M->771M(5939M) 1992.435ms
[44.932s][info][gc,metaspace] GC(17) Metaspace: 23674K(24192K)->23674K(24192K) NonClass: 19564K(19840K)->19564K(19840K) Class: 4109K(4352K)->4109K(4352K)
[44.932s][info][gc          ] GC(17) Pause Full (System.gc()) 771M->771M(5939M) 1988.123ms
[46.925s][info][gc,metaspace] GC(18) Metaspace: 23674K(24192K)->23674K(24192K) NonClass: 19564K(19840K)->19564K(19840K) Class: 4109K(4352K)->4109K(4352K)
[46.926s][info][gc          ] GC(18) Pause Full (System.gc()) 771M->771M(5939M) 1988.612ms
[48.915s][info][gc,metaspace] GC(19) Metaspace: 23674K(24192K)->23674K(24192K) NonClass: 19564K(19840K)->19564K(19840K) Class: 4109K(4352K)->4109K(4352K)
[48.915s][info][gc          ] GC(19) Pause Full (System.gc()) 771M->771M(5939M) 1989.738ms
[50.900s][info][gc,metaspace] GC(20) Metaspace: 23674K(24192K)->23674K(24192K) NonClass: 19564K(19840K)->19564K(19840K) Class: 4109K(4352K)->4109K(4352K)
[50.900s][info][gc          ] GC(20) Pause Full (System.gc()) 771M->771M(5939M) 1984.527ms
[52.891s][info][gc,metaspace] GC(21) Metaspace: 23674K(24192K)->23674K(24192K) NonClass: 19564K(19840K)->19564K(19840K) Class: 4109K(4352K)->4109K(4352K)
[52.891s][info][gc          ] GC(21) Pause Full (System.gc()) 771M->771M(5939M) 1991.253ms
[54.877s][info][gc,metaspace] GC(22) Metaspace: 23674K(24192K)->23674K(24192K) NonClass: 19564K(19840K)->19564K(19840K) Class: 4109K(4352K)->4109K(4352K)
[54.877s][info][gc          ] GC(22) Pause Full (System.gc()) 771M->771M(5939M) 1985.568ms
[56.862s][info][gc,metaspace] GC(23) Metaspace: 23674K(24192K)->23674K(24192K) NonClass: 19564K(19840K)->19564K(19840K) Class: 4109K(4352K)->4109K(4352K)
[56.862s][info][gc          ] GC(23) Pause Full (System.gc()) 771M->771M(5939M) 1984.650ms
[58.881s][info][gc,metaspace] GC(24) Metaspace: 23674K(24192K)->23674K(24192K) NonClass: 19564K(19840K)->19564K(19840K) Class: 4109K(4352K)->4109K(4352K)
[58.881s][info][gc          ] GC(24) Pause Full (System.gc()) 771M->771M(5939M) 2018.992ms
[60.866s][info][gc,metaspace] GC(25) Metaspace: 23674K(24192K)->23674K(24192K) NonClass: 19564K(19840K)->19564K(19840K) Class: 4109K(4352K)->4109K(4352K)
[60.866s][info][gc          ] GC(25) Pause Full (System.gc()) 771M->771M(5939M) 1985.070ms
[62.903s][info][gc,metaspace] GC(26) Metaspace: 23674K(24192K)->23674K(24192K) NonClass: 19564K(19840K)->19564K(19840K) Class: 4109K(4352K)->4109K(4352K)
[62.903s][info][gc          ] GC(26) Pause Full (System.gc()) 771M->771M(5939M) 2037.207ms
[64.894s][info][gc,metaspace] GC(27) Metaspace: 23674K(24192K)->23674K(24192K) NonClass: 19564K(19840K)->19564K(19840K) Class: 4109K(4352K)->4109K(4352K)
[64.894s][info][gc          ] GC(27) Pause Full (System.gc()) 771M->771M(5939M) 1990.856ms
[66.883s][info][gc,metaspace] GC(28) Metaspace: 23674K(24192K)->23674K(24192K) NonClass: 19564K(19840K)->19564K(19840K) Class: 4109K(4352K)->4109K(4352K)
[66.883s][info][gc          ] GC(28) Pause Full (System.gc()) 771M->771M(5939M) 1988.582ms
[68.874s][info][gc,metaspace] GC(29) Metaspace: 23674K(24192K)->23674K(24192K) NonClass: 19564K(19840K)->19564K(19840K) Class: 4109K(4352K)->4109K(4352K)
[68.874s][info][gc          ] GC(29) Pause Full (System.gc()) 781M->771M(5939M) 1990.707ms
[70.859s][info][gc,metaspace] GC(30) Metaspace: 23674K(24192K)->23674K(24192K) NonClass: 19564K(19840K)->19564K(19840K) Class: 4109K(4352K)->4109K(4352K)
[70.859s][info][gc          ] GC(30) Pause Full (System.gc()) 771M->771M(5939M) 1984.983ms
[73.484s][info][gc,metaspace] GC(31) Metaspace: 23674K(24192K)->23674K(24192K) NonClass: 19564K(19840K)->19564K(19840K) Class: 4109K(4352K)->4109K(4352K)
[73.484s][info][gc          ] GC(31) Pause Full (System.gc()) 771M->771M(5939M) 2624.592ms
[75.474s][info][gc,metaspace] GC(32) Metaspace: 23674K(24192K)->23674K(24192K) NonClass: 19564K(19840K)->19564K(19840K) Class: 4109K(4352K)->4109K(4352K)
[75.474s][info][gc          ] GC(32) Pause Full (System.gc()) 771M->771M(5939M) 1989.704ms
[77.457s][info][gc,metaspace] GC(33) Metaspace: 23674K(24192K)->23674K(24192K) NonClass: 19564K(19840K)->19564K(19840K) Class: 4109K(4352K)->4109K(4352K)
[77.457s][info][gc          ] GC(33) Pause Full (System.gc()) 771M->771M(5939M) 1983.261ms
[79.446s][info][gc,metaspace] GC(34) Metaspace: 23674K(24192K)->23674K(24192K) NonClass: 19564K(19840K)->19564K(19840K) Class: 4109K(4352K)->4109K(4352K)
[79.446s][info][gc          ] GC(34) Pause Full (System.gc()) 771M->771M(5939M) 1989.021ms
[81.430s][info][gc,metaspace] GC(35) Metaspace: 23674K(24192K)->23674K(24192K) NonClass: 19564K(19840K)->19564K(19840K) Class: 4109K(4352K)->4109K(4352K)
[81.431s][info][gc          ] GC(35) Pause Full (System.gc()) 771M->771M(5939M) 1984.251ms
[83.415s][info][gc,metaspace] GC(36) Metaspace: 23674K(24192K)->23674K(24192K) NonClass: 19564K(19840K)->19564K(19840K) Class: 4109K(4352K)->4109K(4352K)
[83.415s][info][gc          ] GC(36) Pause Full (System.gc()) 771M->771M(5939M) 1984.753ms
[85.405s][info][gc,metaspace] GC(37) Metaspace: 23674K(24192K)->23674K(24192K) NonClass: 19564K(19840K)->19564K(19840K) Class: 4109K(4352K)->4109K(4352K)
[85.405s][info][gc          ] GC(37) Pause Full (System.gc()) 771M->771M(5939M) 1989.812ms
[87.390s][info][gc,metaspace] GC(38) Metaspace: 23674K(24192K)->23674K(24192K) NonClass: 19564K(19840K)->19564K(19840K) Class: 4109K(4352K)->4109K(4352K)
[87.390s][info][gc          ] GC(38) Pause Full (System.gc()) 771M->771M(5939M) 1984.401ms
[89.380s][info][gc,metaspace] GC(39) Metaspace: 23674K(24192K)->23674K(24192K) NonClass: 19564K(19840K)->19564K(19840K) Class: 4109K(4352K)->4109K(4352K)
[89.380s][info][gc          ] GC(39) Pause Full (System.gc()) 771M->771M(5939M) 1989.770ms
[91.365s][info][gc,metaspace] GC(40) Metaspace: 23674K(24192K)->23674K(24192K) NonClass: 19564K(19840K)->19564K(19840K) Class: 4109K(4352K)->4109K(4352K)
[91.365s][info][gc          ] GC(40) Pause Full (System.gc()) 771M->771M(5939M) 1984.728ms
[93.364s][info][gc,metaspace] GC(41) Metaspace: 23674K(24192K)->23674K(24192K) NonClass: 19564K(19840K)->19564K(19840K) Class: 4109K(4352K)->4109K(4352K)
[93.364s][info][gc          ] GC(41) Pause Full (System.gc()) 771M->771M(5939M) 1999.013ms
[95.352s][info][gc,metaspace] GC(42) Metaspace: 23674K(24192K)->23674K(24192K) NonClass: 19564K(19840K)->19564K(19840K) Class: 4109K(4352K)->4109K(4352K)
[95.352s][info][gc          ] GC(42) Pause Full (System.gc()) 771M->771M(5939M) 1987.964ms
[97.337s][info][gc,metaspace] GC(43) Metaspace: 23674K(24192K)->23674K(24192K) NonClass: 19564K(19840K)->19564K(19840K) Class: 4109K(4352K)->4109K(4352K)
[97.337s][info][gc          ] GC(43) Pause Full (System.gc()) 771M->771M(5939M) 1984.927ms
[99.327s][info][gc,metaspace] GC(44) Metaspace: 23674K(24192K)->23674K(24192K) NonClass: 19564K(19840K)->19564K(19840K) Class: 4109K(4352K)->4109K(4352K)
[99.327s][info][gc          ] GC(44) Pause Full (System.gc()) 771M->771M(5939M) 1989.632ms
[101.312s][info][gc,metaspace] GC(45) Metaspace: 23674K(24192K)->23674K(24192K) NonClass: 19564K(19840K)->19564K(19840K) Class: 4109K(4352K)->4109K(4352K)
[101.312s][info][gc          ] GC(45) Pause Full (System.gc()) 771M->771M(5939M) 1985.061ms
[103.298s][info][gc,metaspace] GC(46) Metaspace: 23674K(24192K)->23674K(24192K) NonClass: 19564K(19840K)->19564K(19840K) Class: 4109K(4352K)->4109K(4352K)
[103.298s][info][gc          ] GC(46) Pause Full (System.gc()) 771M->771M(5939M) 1986.409ms
[105.286s][info][gc,metaspace] GC(47) Metaspace: 23674K(24192K)->23674K(24192K) NonClass: 19564K(19840K)->19564K(19840K) Class: 4109K(4352K)->4109K(4352K)
[105.286s][info][gc          ] GC(47) Pause Full (System.gc()) 771M->771M(5939M) 1987.375ms
[107.278s][info][gc,metaspace] GC(48) Metaspace: 23674K(24192K)->23674K(24192K) NonClass: 19564K(19840K)->19564K(19840K) Class: 4109K(4352K)->4109K(4352K)
[107.278s][info][gc          ] GC(48) Pause Full (System.gc()) 771M->771M(5939M) 1992.292ms
[109.272s][info][gc,metaspace] GC(49) Metaspace: 23674K(24192K)->23674K(24192K) NonClass: 19564K(19840K)->19564K(19840K) Class: 4109K(4352K)->4109K(4352K)
[109.272s][info][gc          ] GC(49) Pause Full (System.gc()) 771M->771M(5939M) 1993.520ms
[111.257s][info][gc,metaspace] GC(50) Metaspace: 23674K(24192K)->23674K(24192K) NonClass: 19564K(19840K)->19564K(19840K) Class: 4109K(4352K)->4109K(4352K)
[111.257s][info][gc          ] GC(50) Pause Full (System.gc()) 771M->771M(5939M) 1984.934ms
[113.241s][info][gc,metaspace] GC(51) Metaspace: 23674K(24192K)->23674K(24192K) NonClass: 19564K(19840K)->19564K(19840K) Class: 4109K(4352K)->4109K(4352K)
[113.241s][info][gc          ] GC(51) Pause Full (System.gc()) 771M->771M(5939M) 1984.346ms
[115.234s][info][gc,metaspace] GC(52) Metaspace: 23674K(24192K)->23674K(24192K) NonClass: 19564K(19840K)->19564K(19840K) Class: 4109K(4352K)->4109K(4352K)
[115.234s][info][gc          ] GC(52) Pause Full (System.gc()) 771M->771M(5939M) 1992.321ms
[117.219s][info][gc,metaspace] GC(53) Metaspace: 23674K(24192K)->23674K(24192K) NonClass: 19564K(19840K)->19564K(19840K) Class: 4109K(4352K)->4109K(4352K)
[117.219s][info][gc          ] GC(53) Pause Full (System.gc()) 771M->771M(5939M) 1984.715ms
[119.203s][info][gc,metaspace] GC(54) Metaspace: 23674K(24192K)->23674K(24192K) NonClass: 19564K(19840K)->19564K(19840K) Class: 4109K(4352K)->4109K(4352K)
[119.203s][info][gc          ] GC(54) Pause Full (System.gc()) 771M->771M(5939M) 1984.027ms
[121.192s][info][gc,metaspace] GC(55) Metaspace: 23674K(24192K)->23674K(24192K) NonClass: 19564K(19840K)->19564K(19840K) Class: 4109K(4352K)->4109K(4352K)
[121.192s][info][gc          ] GC(55) Pause Full (System.gc()) 771M->771M(5939M) 1988.790ms
[123.178s][info][gc,metaspace] GC(56) Metaspace: 23674K(24192K)->23674K(24192K) NonClass: 19564K(19840K)->19564K(19840K) Class: 4109K(4352K)->4109K(4352K)
[123.178s][info][gc          ] GC(56) Pause Full (System.gc()) 771M->771M(5939M) 1985.995ms
[125.168s][info][gc,metaspace] GC(57) Metaspace: 23674K(24192K)->23674K(24192K) NonClass: 19564K(19840K)->19564K(19840K) Class: 4109K(4352K)->4109K(4352K)
[125.168s][info][gc          ] GC(57) Pause Full (System.gc()) 771M->771M(5939M) 1989.434ms
[127.152s][info][gc,metaspace] GC(58) Metaspace: 23674K(24192K)->23674K(24192K) NonClass: 19564K(19840K)->19564K(19840K) Class: 4109K(4352K)->4109K(4352K)
[127.152s][info][gc          ] GC(58) Pause Full (System.gc()) 771M->771M(5939M) 1984.658ms
[129.138s][info][gc,metaspace] GC(59) Metaspace: 23674K(24192K)->23674K(24192K) NonClass: 19564K(19840K)->19564K(19840K) Class: 4109K(4352K)->4109K(4352K)
[129.138s][info][gc          ] GC(59) Pause Full (System.gc()) 781M->771M(5939M) 1985.508ms
[131.127s][info][gc,metaspace] GC(60) Metaspace: 23674K(24192K)->23674K(24192K) NonClass: 19564K(19840K)->19564K(19840K) Class: 4109K(4352K)->4109K(4352K)
[131.127s][info][gc          ] GC(60) Pause Full (System.gc()) 771M->771M(5939M) 1988.859ms
[133.113s][info][gc,metaspace] GC(61) Metaspace: 23674K(24192K)->23674K(24192K) NonClass: 19564K(19840K)->19564K(19840K) Class: 4109K(4352K)->4109K(4352K)
[133.113s][info][gc          ] GC(61) Pause Full (System.gc()) 771M->771M(5939M) 1985.705ms
[135.104s][info][gc,metaspace] GC(62) Metaspace: 23674K(24192K)->23674K(24192K) NonClass: 19564K(19840K)->19564K(19840K) Class: 4109K(4352K)->4109K(4352K)
[135.104s][info][gc          ] GC(62) Pause Full (System.gc()) 771M->771M(5939M) 1990.984ms
[137.102s][info][gc,metaspace] GC(63) Metaspace: 23674K(24192K)->23674K(24192K) NonClass: 19564K(19840K)->19564K(19840K) Class: 4109K(4352K)->4109K(4352K)
[137.102s][info][gc          ] GC(63) Pause Full (System.gc()) 771M->771M(5939M) 1997.742ms
[139.086s][info][gc,metaspace] GC(64) Metaspace: 23674K(24192K)->23674K(24192K) NonClass: 19564K(19840K)->19564K(19840K) Class: 4109K(4352K)->4109K(4352K)
[139.086s][info][gc          ] GC(64) Pause Full (System.gc()) 771M->771M(5939M) 1983.849ms
[141.074s][info][gc,metaspace] GC(65) Metaspace: 23674K(24192K)->23674K(24192K) NonClass: 19564K(19840K)->19564K(19840K) Class: 4109K(4352K)->4109K(4352K)
[141.074s][info][gc          ] GC(65) Pause Full (System.gc()) 771M->771M(5939M) 1988.413ms
[143.058s][info][gc,metaspace] GC(66) Metaspace: 23674K(24192K)->23674K(24192K) NonClass: 19564K(19840K)->19564K(19840K) Class: 4109K(4352K)->4109K(4352K)
[143.058s][info][gc          ] GC(66) Pause Full (System.gc()) 771M->771M(5939M) 1983.190ms
[145.046s][info][gc,metaspace] GC(67) Metaspace: 23674K(24192K)->23674K(24192K) NonClass: 19564K(19840K)->19564K(19840K) Class: 4109K(4352K)->4109K(4352K)
[145.046s][info][gc          ] GC(67) Pause Full (System.gc()) 771M->771M(5939M) 1988.571ms
[147.031s][info][gc,metaspace] GC(68) Metaspace: 23674K(24192K)->23674K(24192K) NonClass: 19564K(19840K)->19564K(19840K) Class: 4109K(4352K)->4109K(4352K)
[147.031s][info][gc          ] GC(68) Pause Full (System.gc()) 771M->771M(5939M) 1984.775ms
[149.016s][info][gc,metaspace] GC(69) Metaspace: 23674K(24192K)->23674K(24192K) NonClass: 19564K(19840K)->19564K(19840K) Class: 4109K(4352K)->4109K(4352K)
[149.016s][info][gc          ] GC(69) Pause Full (System.gc()) 771M->771M(5939M) 1984.875ms
[151.006s][info][gc,metaspace] GC(70) Metaspace: 23674K(24192K)->23674K(24192K) NonClass: 19564K(19840K)->19564K(19840K) Class: 4109K(4352K)->4109K(4352K)
[151.006s][info][gc          ] GC(70) Pause Full (System.gc()) 771M->771M(5939M) 1989.231ms
[152.990s][info][gc,metaspace] GC(71) Metaspace: 23674K(24192K)->23674K(24192K) NonClass: 19564K(19840K)->19564K(19840K) Class: 4109K(4352K)->4109K(4352K)
[152.991s][info][gc          ] GC(71) Pause Full (System.gc()) 771M->771M(5939M) 1985.039ms
[154.975s][info][gc,metaspace] GC(72) Metaspace: 23674K(24192K)->23674K(24192K) NonClass: 19564K(19840K)->19564K(19840K) Class: 4109K(4352K)->4109K(4352K)
[154.975s][info][gc          ] GC(72) Pause Full (System.gc()) 771M->771M(5939M) 1984.491ms
[156.965s][info][gc,metaspace] GC(73) Metaspace: 23674K(24192K)->23674K(24192K) NonClass: 19564K(19840K)->19564K(19840K) Class: 4109K(4352K)->4109K(4352K)
[156.965s][info][gc          ] GC(73) Pause Full (System.gc()) 771M->771M(5939M) 1989.585ms
[158.950s][info][gc,metaspace] GC(74) Metaspace: 23674K(24192K)->23674K(24192K) NonClass: 19564K(19840K)->19564K(19840K) Class: 4109K(4352K)->4109K(4352K)
[158.950s][info][gc          ] GC(74) Pause Full (System.gc()) 771M->771M(5939M) 1984.642ms
[160.937s][info][gc,metaspace] GC(75) Metaspace: 23674K(24192K)->23674K(24192K) NonClass: 19564K(19840K)->19564K(19840K) Class: 4109K(4352K)->4109K(4352K)
[160.937s][info][gc          ] GC(75) Pause Full (System.gc()) 771M->771M(5939M) 1986.902ms
[162.928s][info][gc,metaspace] GC(76) Metaspace: 23674K(24192K)->23674K(24192K) NonClass: 19564K(19840K)->19564K(19840K) Class: 4109K(4352K)->4109K(4352K)
[162.928s][info][gc          ] GC(76) Pause Full (System.gc()) 771M->771M(5939M) 1991.129ms
[164.912s][info][gc,metaspace] GC(77) Metaspace: 23674K(24192K)->23674K(24192K) NonClass: 19564K(19840K)->19564K(19840K) Class: 4109K(4352K)->4109K(4352K)
[164.912s][info][gc          ] GC(77) Pause Full (System.gc()) 771M->771M(5939M) 1983.994ms
[166.901s][info][gc,metaspace] GC(78) Metaspace: 23674K(24192K)->23674K(24192K) NonClass: 19564K(19840K)->19564K(19840K) Class: 4109K(4352K)->4109K(4352K)
[166.901s][info][gc          ] GC(78) Pause Full (System.gc()) 771M->771M(5939M) 1988.729ms
[168.888s][info][gc,metaspace] GC(79) Metaspace: 23674K(24192K)->23674K(24192K) NonClass: 19564K(19840K)->19564K(19840K) Class: 4109K(4352K)->4109K(4352K)
[168.888s][info][gc          ] GC(79) Pause Full (System.gc()) 771M->771M(5939M) 1987.074ms
[170.924s][info][gc,metaspace] GC(80) Metaspace: 23674K(24192K)->23674K(24192K) NonClass: 19564K(19840K)->19564K(19840K) Class: 4109K(4352K)->4109K(4352K)
[170.924s][info][gc          ] GC(80) Pause Full (System.gc()) 771M->771M(5939M) 2035.929ms
[172.917s][info][gc,metaspace] GC(81) Metaspace: 23674K(24192K)->23674K(24192K) NonClass: 19564K(19840K)->19564K(19840K) Class: 4109K(4352K)->4109K(4352K)
[172.917s][info][gc          ] GC(81) Pause Full (System.gc()) 771M->771M(5939M) 1992.432ms
[174.904s][info][gc,metaspace] GC(82) Metaspace: 23674K(24192K)->23674K(24192K) NonClass: 19564K(19840K)->19564K(19840K) Class: 4109K(4352K)->4109K(4352K)
[174.905s][info][gc          ] GC(82) Pause Full (System.gc()) 771M->771M(5939M) 1987.481ms
[176.944s][info][gc,metaspace] GC(83) Metaspace: 23674K(24192K)->23674K(24192K) NonClass: 19564K(19840K)->19564K(19840K) Class: 4109K(4352K)->4109K(4352K)
[176.944s][info][gc          ] GC(83) Pause Full (System.gc()) 771M->771M(5939M) 2039.499ms
[178.929s][info][gc,metaspace] GC(84) Metaspace: 23674K(24192K)->23674K(24192K) NonClass: 19564K(19840K)->19564K(19840K) Class: 4109K(4352K)->4109K(4352K)
[178.929s][info][gc          ] GC(84) Pause Full (System.gc()) 771M->771M(5939M) 1984.337ms
[180.915s][info][gc,metaspace] GC(85) Metaspace: 23674K(24192K)->23674K(24192K) NonClass: 19564K(19840K)->19564K(19840K) Class: 4109K(4352K)->4109K(4352K)
[180.915s][info][gc          ] GC(85) Pause Full (System.gc()) 771M->771M(5939M) 1986.088ms
[182.902s][info][gc,metaspace] GC(86) Metaspace: 23674K(24192K)->23674K(24192K) NonClass: 19564K(19840K)->19564K(19840K) Class: 4109K(4352K)->4109K(4352K)
[182.902s][info][gc          ] GC(86) Pause Full (System.gc()) 771M->771M(5939M) 1987.319ms
[184.890s][info][gc,metaspace] GC(87) Metaspace: 23674K(24192K)->23674K(24192K) NonClass: 19564K(19840K)->19564K(19840K) Class: 4109K(4352K)->4109K(4352K)
[184.890s][info][gc          ] GC(87) Pause Full (System.gc()) 771M->771M(5939M) 1987.763ms
[186.880s][info][gc,metaspace] GC(88) Metaspace: 23674K(24192K)->23674K(24192K) NonClass: 19564K(19840K)->19564K(19840K) Class: 4109K(4352K)->4109K(4352K)
[186.880s][info][gc          ] GC(88) Pause Full (System.gc()) 771M->771M(5939M) 1990.146ms
[188.867s][info][gc,metaspace] GC(89) Metaspace: 23674K(24192K)->23674K(24192K) NonClass: 19564K(19840K)->19564K(19840K) Class: 4109K(4352K)->4109K(4352K)
[188.867s][info][gc          ] GC(89) Pause Full (System.gc()) 771M->771M(5939M) 1986.906ms
[190.852s][info][gc,metaspace] GC(90) Metaspace: 23674K(24192K)->23674K(24192K) NonClass: 19564K(19840K)->19564K(19840K) Class: 4109K(4352K)->4109K(4352K)
[190.853s][info][gc          ] GC(90) Pause Full (System.gc()) 781M->771M(5939M) 1984.883ms
[192.841s][info][gc,metaspace] GC(91) Metaspace: 23674K(24192K)->23674K(24192K) NonClass: 19564K(19840K)->19564K(19840K) Class: 4109K(4352K)->4109K(4352K)
[192.841s][info][gc          ] GC(91) Pause Full (System.gc()) 771M->771M(5939M) 1988.867ms
[194.826s][info][gc,metaspace] GC(92) Metaspace: 23674K(24192K)->23674K(24192K) NonClass: 19564K(19840K)->19564K(19840K) Class: 4109K(4352K)->4109K(4352K)
[194.826s][info][gc          ] GC(92) Pause Full (System.gc()) 771M->771M(5939M) 1984.912ms
[196.811s][info][gc,metaspace] GC(93) Metaspace: 23674K(24192K)->23674K(24192K) NonClass: 19564K(19840K)->19564K(19840K) Class: 4109K(4352K)->4109K(4352K)
[196.811s][info][gc          ] GC(93) Pause Full (System.gc()) 771M->771M(5939M) 1980.513ms
[198.750s][info][gc,metaspace] GC(94) Metaspace: 23674K(24192K)->23674K(24192K) NonClass: 19564K(19840K)->19564K(19840K) Class: 4109K(4352K)->4109K(4352K)
[198.750s][info][gc          ] GC(94) Pause Full (System.gc()) 771M->771M(5939M) 1938.529ms
[202.205s][info][gc,metaspace] GC(95) Metaspace: 23674K(24192K)->23674K(24192K) NonClass: 19564K(19840K)->19564K(19840K) Class: 4109K(4352K)->4109K(4352K)
[202.205s][info][gc          ] GC(95) Pause Full (System.gc()) 771M->771M(5939M) 3402.984ms
[204.190s][info][gc,metaspace] GC(96) Metaspace: 23674K(24192K)->23674K(24192K) NonClass: 19564K(19840K)->19564K(19840K) Class: 4109K(4352K)->4109K(4352K)
[204.190s][info][gc          ] GC(96) Pause Full (System.gc()) 771M->771M(5939M) 1984.957ms
[206.179s][info][gc,metaspace] GC(97) Metaspace: 23674K(24192K)->23674K(24192K) NonClass: 19564K(19840K)->19564K(19840K) Class: 4109K(4352K)->4109K(4352K)
[206.179s][info][gc          ] GC(97) Pause Full (System.gc()) 771M->771M(5939M) 1989.272ms
[208.164s][info][gc,metaspace] GC(98) Metaspace: 23674K(24192K)->23674K(24192K) NonClass: 19564K(19840K)->19564K(19840K) Class: 4109K(4352K)->4109K(4352K)
[208.164s][info][gc          ] GC(98) Pause Full (System.gc()) 771M->771M(5939M) 1985.145ms
[210.149s][info][gc,metaspace] GC(99) Metaspace: 23674K(24192K)->23674K(24192K) NonClass: 19564K(19840K)->19564K(19840K) Class: 4109K(4352K)->4109K(4352K)
[210.149s][info][gc          ] GC(99) Pause Full (System.gc()) 771M->771M(5939M) 1984.730ms
[212.137s][info][gc,metaspace] GC(100) Metaspace: 23674K(24192K)->23674K(24192K) NonClass: 19564K(19840K)->19564K(19840K) Class: 4109K(4352K)->4109K(4352K)
[212.138s][info][gc          ] GC(100) Pause Full (System.gc()) 771M->771M(5939M) 1988.102ms
After GCs... 
