[0.001s][info][metaspace]  - commit_granule_bytes: 65536.
[0.001s][info][metaspace]  - commit_granule_words: 8192.
[0.001s][info][metaspace]  - virtual_space_node_default_size: 8388608.
[0.001s][info][metaspace]  - enlarge_chunks_in_place: 1.
[0.001s][info][metaspace]  - use_allocation_guard: 0.
[0.003s][info][gc       ] Using Serial
[1.250s][info][metaspace] Reserving compressed class space anywhere
[1.250s][info][gc,metaspace] CDS archive(s) not mapped
[1.250s][info][gc,metaspace] Compressed class space mapped at: 0x0000000017000000-0x00000000d7000000, reserved size: 3221225472
[1.250s][info][gc,metaspace] UseCompressedClassPointers 1, UseCompactObjectHeaders 1, UseKlassTable 0, narrow klass pointer bits 26, max shift 6
[1.250s][info][gc,metaspace] Narrow klass base: 0x0000000017000000, Narrow klass shift: 6, Narrow klass range: 0xc0000000
Num Classes: 256
Num Objects per Class: 262144
Cycles: 100
Class association: random
Generate 256 classes...
Loading 256...[3.215s][info][gc,metaspace] GC(0) Metaspace: 23089K(23488K)->23089K(23488K) NonClass: 20483K(20672K)->20483K(20672K) Class: 2606K(2816K)->2606K(2816K)
[3.215s][info][gc          ] GC(0) Pause Full (System.gc()) 1147M->3M(5939M) 246.914ms
Creating 262144 objects per class...
Done; will start GCs... 
[9.486s][info][gc,metaspace] GC(1) Metaspace: 24031K(24704K)->24031K(24704K) NonClass: 21293K(21632K)->21293K(21632K) Class: 2738K(3072K)->2738K(3072K)
[9.487s][info][gc          ] GC(1) Pause Full (System.gc()) 847M->771M(5939M) 2876.820ms
[11.237s][info][gc,metaspace] GC(2) Metaspace: 24031K(24704K)->24031K(24704K) NonClass: 21293K(21632K)->21293K(21632K) Class: 2738K(3072K)->2738K(3072K)
[11.237s][info][gc          ] GC(2) Pause Full (System.gc()) 771M->771M(5939M) 1750.289ms
[13.585s][info][gc,metaspace] GC(3) Metaspace: 24031K(24704K)->24031K(24704K) NonClass: 21293K(21632K)->21293K(21632K) Class: 2738K(3072K)->2738K(3072K)
[13.585s][info][gc          ] GC(3) Pause Full (System.gc()) 771M->771M(5939M) 2347.451ms
[15.338s][info][gc,metaspace] GC(4) Metaspace: 24031K(24704K)->24031K(24704K) NonClass: 21293K(21632K)->21293K(21632K) Class: 2738K(3072K)->2738K(3072K)
[15.338s][info][gc          ] GC(4) Pause Full (System.gc()) 771M->771M(5939M) 1752.948ms
[17.087s][info][gc,metaspace] GC(5) Metaspace: 24031K(24704K)->24031K(24704K) NonClass: 21293K(21632K)->21293K(21632K) Class: 2738K(3072K)->2738K(3072K)
[17.087s][info][gc          ] GC(5) Pause Full (System.gc()) 771M->771M(5939M) 1749.123ms
[18.788s][info][gc,metaspace] GC(6) Metaspace: 24031K(24704K)->24031K(24704K) NonClass: 21293K(21632K)->21293K(21632K) Class: 2738K(3072K)->2738K(3072K)
[18.789s][info][gc          ] GC(6) Pause Full (System.gc()) 771M->771M(5939M) 1701.338ms
[20.538s][info][gc,metaspace] GC(7) Metaspace: 24031K(24704K)->24031K(24704K) NonClass: 21293K(21632K)->21293K(21632K) Class: 2738K(3072K)->2738K(3072K)
[20.538s][info][gc          ] GC(7) Pause Full (System.gc()) 771M->771M(5939M) 1749.705ms
[22.291s][info][gc,metaspace] GC(8) Metaspace: 24031K(24704K)->24031K(24704K) NonClass: 21293K(21632K)->21293K(21632K) Class: 2738K(3072K)->2738K(3072K)
[22.291s][info][gc          ] GC(8) Pause Full (System.gc()) 771M->771M(5939M) 1752.910ms
[24.040s][info][gc,metaspace] GC(9) Metaspace: 24031K(24704K)->24031K(24704K) NonClass: 21293K(21632K)->21293K(21632K) Class: 2738K(3072K)->2738K(3072K)
[24.040s][info][gc          ] GC(9) Pause Full (System.gc()) 771M->771M(5939M) 1748.706ms
[25.742s][info][gc,metaspace] GC(10) Metaspace: 24031K(24704K)->24031K(24704K) NonClass: 21293K(21632K)->21293K(21632K) Class: 2738K(3072K)->2738K(3072K)
[25.742s][info][gc          ] GC(10) Pause Full (System.gc()) 771M->771M(5939M) 1701.981ms
[27.491s][info][gc,metaspace] GC(11) Metaspace: 24031K(24704K)->24031K(24704K) NonClass: 21293K(21632K)->21293K(21632K) Class: 2738K(3072K)->2738K(3072K)
[27.491s][info][gc          ] GC(11) Pause Full (System.gc()) 771M->771M(5939M) 1748.677ms
[29.244s][info][gc,metaspace] GC(12) Metaspace: 24031K(24704K)->24031K(24704K) NonClass: 21293K(21632K)->21293K(21632K) Class: 2738K(3072K)->2738K(3072K)
[29.244s][info][gc          ] GC(12) Pause Full (System.gc()) 771M->771M(5939M) 1752.431ms
[30.993s][info][gc,metaspace] GC(13) Metaspace: 24031K(24704K)->24031K(24704K) NonClass: 21293K(21632K)->21293K(21632K) Class: 2738K(3072K)->2738K(3072K)
[30.993s][info][gc          ] GC(13) Pause Full (System.gc()) 771M->771M(5939M) 1745.005ms
[32.691s][info][gc,metaspace] GC(14) Metaspace: 24031K(24704K)->24031K(24704K) NonClass: 21293K(21632K)->21293K(21632K) Class: 2738K(3072K)->2738K(3072K)
[32.691s][info][gc          ] GC(14) Pause Full (System.gc()) 771M->771M(5939M) 1698.195ms
[34.440s][info][gc,metaspace] GC(15) Metaspace: 24031K(24704K)->24031K(24704K) NonClass: 21293K(21632K)->21293K(21632K) Class: 2738K(3072K)->2738K(3072K)
[34.440s][info][gc          ] GC(15) Pause Full (System.gc()) 771M->771M(5939M) 1748.117ms
[36.190s][info][gc,metaspace] GC(16) Metaspace: 24031K(24704K)->24031K(24704K) NonClass: 21293K(21632K)->21293K(21632K) Class: 2738K(3072K)->2738K(3072K)
[36.190s][info][gc          ] GC(16) Pause Full (System.gc()) 771M->771M(5939M) 1750.587ms
[37.943s][info][gc,metaspace] GC(17) Metaspace: 24031K(24704K)->24031K(24704K) NonClass: 21293K(21632K)->21293K(21632K) Class: 2738K(3072K)->2738K(3072K)
[37.943s][info][gc          ] GC(17) Pause Full (System.gc()) 771M->771M(5939M) 1753.002ms
[39.641s][info][gc,metaspace] GC(18) Metaspace: 24031K(24704K)->24031K(24704K) NonClass: 21293K(21632K)->21293K(21632K) Class: 2738K(3072K)->2738K(3072K)
[39.641s][info][gc          ] GC(18) Pause Full (System.gc()) 771M->771M(5939M) 1697.297ms
[41.394s][info][gc,metaspace] GC(19) Metaspace: 24031K(24704K)->24031K(24704K) NonClass: 21293K(21632K)->21293K(21632K) Class: 2738K(3072K)->2738K(3072K)
[41.394s][info][gc          ] GC(19) Pause Full (System.gc()) 771M->771M(5939M) 1753.385ms
[43.144s][info][gc,metaspace] GC(20) Metaspace: 24031K(24704K)->24031K(24704K) NonClass: 21293K(21632K)->21293K(21632K) Class: 2738K(3072K)->2738K(3072K)
[43.144s][info][gc          ] GC(20) Pause Full (System.gc()) 771M->771M(5939M) 1749.998ms
[44.898s][info][gc,metaspace] GC(21) Metaspace: 24031K(24704K)->24031K(24704K) NonClass: 21293K(21632K)->21293K(21632K) Class: 2738K(3072K)->2738K(3072K)
[44.898s][info][gc          ] GC(21) Pause Full (System.gc()) 771M->771M(5939M) 1753.281ms
[46.596s][info][gc,metaspace] GC(22) Metaspace: 24031K(24704K)->24031K(24704K) NonClass: 21293K(21632K)->21293K(21632K) Class: 2738K(3072K)->2738K(3072K)
[46.596s][info][gc          ] GC(22) Pause Full (System.gc()) 771M->771M(5939M) 1698.090ms
[48.348s][info][gc,metaspace] GC(23) Metaspace: 24031K(24704K)->24031K(24704K) NonClass: 21293K(21632K)->21293K(21632K) Class: 2738K(3072K)->2738K(3072K)
[48.348s][info][gc          ] GC(23) Pause Full (System.gc()) 771M->771M(5939M) 1752.309ms
[50.098s][info][gc,metaspace] GC(24) Metaspace: 24031K(24704K)->24031K(24704K) NonClass: 21293K(21632K)->21293K(21632K) Class: 2738K(3072K)->2738K(3072K)
[50.098s][info][gc          ] GC(24) Pause Full (System.gc()) 771M->771M(5939M) 1749.218ms
[51.802s][info][gc,metaspace] GC(25) Metaspace: 24031K(24704K)->24031K(24704K) NonClass: 21293K(21632K)->21293K(21632K) Class: 2738K(3072K)->2738K(3072K)
[51.802s][info][gc          ] GC(25) Pause Full (System.gc()) 771M->771M(5939M) 1699.909ms
[53.551s][info][gc,metaspace] GC(26) Metaspace: 24031K(24704K)->24031K(24704K) NonClass: 21293K(21632K)->21293K(21632K) Class: 2738K(3072K)->2738K(3072K)
[53.551s][info][gc          ] GC(26) Pause Full (System.gc()) 771M->771M(5939M) 1748.963ms
[55.301s][info][gc,metaspace] GC(27) Metaspace: 24031K(24704K)->24031K(24704K) NonClass: 21293K(21632K)->21293K(21632K) Class: 2738K(3072K)->2738K(3072K)
[55.301s][info][gc          ] GC(27) Pause Full (System.gc()) 771M->771M(5939M) 1749.774ms
[57.051s][info][gc,metaspace] GC(28) Metaspace: 24031K(24704K)->24031K(24704K) NonClass: 21293K(21632K)->21293K(21632K) Class: 2738K(3072K)->2738K(3072K)
[57.051s][info][gc          ] GC(28) Pause Full (System.gc()) 771M->771M(5939M) 1749.881ms
[58.753s][info][gc,metaspace] GC(29) Metaspace: 24031K(24704K)->24031K(24704K) NonClass: 21293K(21632K)->21293K(21632K) Class: 2738K(3072K)->2738K(3072K)
[58.753s][info][gc          ] GC(29) Pause Full (System.gc()) 771M->771M(5939M) 1701.705ms
[60.503s][info][gc,metaspace] GC(30) Metaspace: 24031K(24704K)->24031K(24704K) NonClass: 21293K(21632K)->21293K(21632K) Class: 2738K(3072K)->2738K(3072K)
[60.503s][info][gc          ] GC(30) Pause Full (System.gc()) 771M->771M(5939M) 1749.620ms
[62.253s][info][gc,metaspace] GC(31) Metaspace: 24031K(24704K)->24031K(24704K) NonClass: 21293K(21632K)->21293K(21632K) Class: 2738K(3072K)->2738K(3072K)
[62.253s][info][gc          ] GC(31) Pause Full (System.gc()) 771M->771M(5939M) 1749.768ms
[64.006s][info][gc,metaspace] GC(32) Metaspace: 24031K(24704K)->24031K(24704K) NonClass: 21293K(21632K)->21293K(21632K) Class: 2738K(3072K)->2738K(3072K)
[64.006s][info][gc          ] GC(32) Pause Full (System.gc()) 771M->771M(5939M) 1753.144ms
[65.701s][info][gc,metaspace] GC(33) Metaspace: 24031K(24704K)->24031K(24704K) NonClass: 21293K(21632K)->21293K(21632K) Class: 2738K(3072K)->2738K(3072K)
[65.701s][info][gc          ] GC(33) Pause Full (System.gc()) 771M->771M(5939M) 1695.387ms
[67.454s][info][gc,metaspace] GC(34) Metaspace: 24031K(24704K)->24031K(24704K) NonClass: 21293K(21632K)->21293K(21632K) Class: 2738K(3072K)->2738K(3072K)
[67.454s][info][gc          ] GC(34) Pause Full (System.gc()) 781M->771M(5939M) 1752.893ms
[69.764s][info][gc,metaspace] GC(35) Metaspace: 24031K(24704K)->24031K(24704K) NonClass: 21293K(21632K)->21293K(21632K) Class: 2738K(3072K)->2738K(3072K)
[69.764s][info][gc          ] GC(35) Pause Full (System.gc()) 771M->771M(5939M) 2309.211ms
[71.517s][info][gc,metaspace] GC(36) Metaspace: 24031K(24704K)->24031K(24704K) NonClass: 21293K(21632K)->21293K(21632K) Class: 2738K(3072K)->2738K(3072K)
[71.517s][info][gc          ] GC(36) Pause Full (System.gc()) 771M->771M(5939M) 1752.829ms
[73.266s][info][gc,metaspace] GC(37) Metaspace: 24031K(24704K)->24031K(24704K) NonClass: 21293K(21632K)->21293K(21632K) Class: 2738K(3072K)->2738K(3072K)
[73.266s][info][gc          ] GC(37) Pause Full (System.gc()) 771M->771M(5939M) 1748.924ms
[75.015s][info][gc,metaspace] GC(38) Metaspace: 24031K(24704K)->24031K(24704K) NonClass: 21293K(21632K)->21293K(21632K) Class: 2738K(3072K)->2738K(3072K)
[75.015s][info][gc          ] GC(38) Pause Full (System.gc()) 771M->771M(5939M) 1749.238ms
[76.717s][info][gc,metaspace] GC(39) Metaspace: 24031K(24704K)->24031K(24704K) NonClass: 21293K(21632K)->21293K(21632K) Class: 2738K(3072K)->2738K(3072K)
[76.717s][info][gc          ] GC(39) Pause Full (System.gc()) 771M->771M(5939M) 1701.724ms
[78.471s][info][gc,metaspace] GC(40) Metaspace: 24031K(24704K)->24031K(24704K) NonClass: 21293K(21632K)->21293K(21632K) Class: 2738K(3072K)->2738K(3072K)
[78.471s][info][gc          ] GC(40) Pause Full (System.gc()) 771M->771M(5939M) 1753.513ms
[80.220s][info][gc,metaspace] GC(41) Metaspace: 24031K(24704K)->24031K(24704K) NonClass: 21293K(21632K)->21293K(21632K) Class: 2738K(3072K)->2738K(3072K)
[80.220s][info][gc          ] GC(41) Pause Full (System.gc()) 771M->771M(5939M) 1748.869ms
[81.969s][info][gc,metaspace] GC(42) Metaspace: 24031K(24704K)->24031K(24704K) NonClass: 21293K(21632K)->21293K(21632K) Class: 2738K(3072K)->2738K(3072K)
[81.969s][info][gc          ] GC(42) Pause Full (System.gc()) 771M->771M(5939M) 1749.253ms
[83.671s][info][gc,metaspace] GC(43) Metaspace: 24031K(24704K)->24031K(24704K) NonClass: 21293K(21632K)->21293K(21632K) Class: 2738K(3072K)->2738K(3072K)
[83.671s][info][gc          ] GC(43) Pause Full (System.gc()) 771M->771M(5939M) 1702.238ms
[85.421s][info][gc,metaspace] GC(44) Metaspace: 24031K(24704K)->24031K(24704K) NonClass: 21293K(21632K)->21293K(21632K) Class: 2738K(3072K)->2738K(3072K)
[85.421s][info][gc          ] GC(44) Pause Full (System.gc()) 771M->771M(5939M) 1749.105ms
[87.173s][info][gc,metaspace] GC(45) Metaspace: 24031K(24704K)->24031K(24704K) NonClass: 21293K(21632K)->21293K(21632K) Class: 2738K(3072K)->2738K(3072K)
[87.173s][info][gc          ] GC(45) Pause Full (System.gc()) 771M->771M(5939M) 1752.652ms
[88.923s][info][gc,metaspace] GC(46) Metaspace: 24031K(24704K)->24031K(24704K) NonClass: 21293K(21632K)->21293K(21632K) Class: 2738K(3072K)->2738K(3072K)
[88.923s][info][gc          ] GC(46) Pause Full (System.gc()) 771M->771M(5939M) 1749.213ms
[90.626s][info][gc,metaspace] GC(47) Metaspace: 24031K(24704K)->24031K(24704K) NonClass: 21293K(21632K)->21293K(21632K) Class: 2738K(3072K)->2738K(3072K)
[90.626s][info][gc          ] GC(47) Pause Full (System.gc()) 771M->771M(5939M) 1702.844ms
[92.375s][info][gc,metaspace] GC(48) Metaspace: 24031K(24704K)->24031K(24704K) NonClass: 21293K(21632K)->21293K(21632K) Class: 2738K(3072K)->2738K(3072K)
[92.375s][info][gc          ] GC(48) Pause Full (System.gc()) 771M->771M(5939M) 1749.036ms
[94.128s][info][gc,metaspace] GC(49) Metaspace: 24031K(24704K)->24031K(24704K) NonClass: 21293K(21632K)->21293K(21632K) Class: 2738K(3072K)->2738K(3072K)
[94.128s][info][gc          ] GC(49) Pause Full (System.gc()) 771M->771M(5939M) 1752.835ms
[95.825s][info][gc,metaspace] GC(50) Metaspace: 24031K(24704K)->24031K(24704K) NonClass: 21293K(21632K)->21293K(21632K) Class: 2738K(3072K)->2738K(3072K)
[95.825s][info][gc          ] GC(50) Pause Full (System.gc()) 771M->771M(5939M) 1697.404ms
[97.578s][info][gc,metaspace] GC(51) Metaspace: 24031K(24704K)->24031K(24704K) NonClass: 21293K(21632K)->21293K(21632K) Class: 2738K(3072K)->2738K(3072K)
[97.578s][info][gc          ] GC(51) Pause Full (System.gc()) 771M->771M(5939M) 1752.578ms
[99.332s][info][gc,metaspace] GC(52) Metaspace: 24031K(24704K)->24031K(24704K) NonClass: 21293K(21632K)->21293K(21632K) Class: 2738K(3072K)->2738K(3072K)
[99.332s][info][gc          ] GC(52) Pause Full (System.gc()) 771M->771M(5939M) 1749.769ms
[101.081s][info][gc,metaspace] GC(53) Metaspace: 24031K(24704K)->24031K(24704K) NonClass: 21293K(21632K)->21293K(21632K) Class: 2738K(3072K)->2738K(3072K)
[101.081s][info][gc          ] GC(53) Pause Full (System.gc()) 771M->771M(5939M) 1748.560ms
[102.783s][info][gc,metaspace] GC(54) Metaspace: 24031K(24704K)->24031K(24704K) NonClass: 21293K(21632K)->21293K(21632K) Class: 2738K(3072K)->2738K(3072K)
[102.783s][info][gc          ] GC(54) Pause Full (System.gc()) 771M->771M(5939M) 1702.012ms
[104.537s][info][gc,metaspace] GC(55) Metaspace: 24031K(24704K)->24031K(24704K) NonClass: 21293K(21632K)->21293K(21632K) Class: 2738K(3072K)->2738K(3072K)
[104.537s][info][gc          ] GC(55) Pause Full (System.gc()) 771M->771M(5939M) 1754.051ms
[106.286s][info][gc,metaspace] GC(56) Metaspace: 24031K(24704K)->24031K(24704K) NonClass: 21293K(21632K)->21293K(21632K) Class: 2738K(3072K)->2738K(3072K)
[106.286s][info][gc          ] GC(56) Pause Full (System.gc()) 771M->771M(5939M) 1748.578ms
[108.035s][info][gc,metaspace] GC(57) Metaspace: 24031K(24704K)->24031K(24704K) NonClass: 21293K(21632K)->21293K(21632K) Class: 2738K(3072K)->2738K(3072K)
[108.035s][info][gc          ] GC(57) Pause Full (System.gc()) 771M->771M(5939M) 1749.203ms
[109.736s][info][gc,metaspace] GC(58) Metaspace: 24031K(24704K)->24031K(24704K) NonClass: 21293K(21632K)->21293K(21632K) Class: 2738K(3072K)->2738K(3072K)
[109.736s][info][gc          ] GC(58) Pause Full (System.gc()) 771M->771M(5939M) 1700.895ms
[111.485s][info][gc,metaspace] GC(59) Metaspace: 24031K(24704K)->24031K(24704K) NonClass: 21293K(21632K)->21293K(21632K) Class: 2738K(3072K)->2738K(3072K)
[111.485s][info][gc          ] GC(59) Pause Full (System.gc()) 771M->771M(5939M) 1748.646ms
[113.238s][info][gc,metaspace] GC(60) Metaspace: 24031K(24704K)->24031K(24704K) NonClass: 21293K(21632K)->21293K(21632K) Class: 2738K(3072K)->2738K(3072K)
[113.238s][info][gc          ] GC(60) Pause Full (System.gc()) 771M->771M(5939M) 1753.276ms
[114.984s][info][gc,metaspace] GC(61) Metaspace: 24031K(24704K)->24031K(24704K) NonClass: 21293K(21632K)->21293K(21632K) Class: 2738K(3072K)->2738K(3072K)
[114.984s][info][gc          ] GC(61) Pause Full (System.gc()) 771M->771M(5939M) 1745.845ms
[116.686s][info][gc,metaspace] GC(62) Metaspace: 24031K(24704K)->24031K(24704K) NonClass: 21293K(21632K)->21293K(21632K) Class: 2738K(3072K)->2738K(3072K)
[116.686s][info][gc          ] GC(62) Pause Full (System.gc()) 771M->771M(5939M) 1701.981ms
[118.435s][info][gc,metaspace] GC(63) Metaspace: 24031K(24704K)->24031K(24704K) NonClass: 21293K(21632K)->21293K(21632K) Class: 2738K(3072K)->2738K(3072K)
[118.435s][info][gc          ] GC(63) Pause Full (System.gc()) 771M->771M(5939M) 1748.537ms
[120.188s][info][gc,metaspace] GC(64) Metaspace: 24031K(24704K)->24031K(24704K) NonClass: 21293K(21632K)->21293K(21632K) Class: 2738K(3072K)->2738K(3072K)
[120.188s][info][gc          ] GC(64) Pause Full (System.gc()) 771M->771M(5939M) 1753.361ms
[121.938s][info][gc,metaspace] GC(65) Metaspace: 24031K(24704K)->24031K(24704K) NonClass: 21293K(21632K)->21293K(21632K) Class: 2738K(3072K)->2738K(3072K)
[121.938s][info][gc          ] GC(65) Pause Full (System.gc()) 771M->771M(5939M) 1749.181ms
[123.926s][info][gc,metaspace] GC(66) Metaspace: 24031K(24704K)->24031K(24704K) NonClass: 21293K(21632K)->21293K(21632K) Class: 2738K(3072K)->2738K(3072K)
[123.926s][info][gc          ] GC(66) Pause Full (System.gc()) 771M->771M(5939M) 1987.697ms
[126.264s][info][gc,metaspace] GC(67) Metaspace: 24031K(24704K)->24031K(24704K) NonClass: 21293K(21632K)->21293K(21632K) Class: 2738K(3072K)->2738K(3072K)
[126.264s][info][gc          ] GC(67) Pause Full (System.gc()) 771M->771M(5939M) 2338.692ms
[128.013s][info][gc,metaspace] GC(68) Metaspace: 24031K(24704K)->24031K(24704K) NonClass: 21293K(21632K)->21293K(21632K) Class: 2738K(3072K)->2738K(3072K)
[128.013s][info][gc          ] GC(68) Pause Full (System.gc()) 771M->771M(5939M) 1748.366ms
[129.715s][info][gc,metaspace] GC(69) Metaspace: 24031K(24704K)->24031K(24704K) NonClass: 21293K(21632K)->21293K(21632K) Class: 2738K(3072K)->2738K(3072K)
[129.715s][info][gc          ] GC(69) Pause Full (System.gc()) 781M->771M(5939M) 1701.825ms
[131.464s][info][gc,metaspace] GC(70) Metaspace: 24031K(24704K)->24031K(24704K) NonClass: 21293K(21632K)->21293K(21632K) Class: 2738K(3072K)->2738K(3072K)
[131.464s][info][gc          ] GC(70) Pause Full (System.gc()) 771M->771M(5939M) 1749.223ms
[133.217s][info][gc,metaspace] GC(71) Metaspace: 24031K(24704K)->24031K(24704K) NonClass: 21293K(21632K)->21293K(21632K) Class: 2738K(3072K)->2738K(3072K)
[133.217s][info][gc          ] GC(71) Pause Full (System.gc()) 771M->771M(5939M) 1752.905ms
[134.966s][info][gc,metaspace] GC(72) Metaspace: 24031K(24704K)->24031K(24704K) NonClass: 21293K(21632K)->21293K(21632K) Class: 2738K(3072K)->2738K(3072K)
[134.966s][info][gc          ] GC(72) Pause Full (System.gc()) 771M->771M(5939M) 1749.009ms
[136.668s][info][gc,metaspace] GC(73) Metaspace: 24031K(24704K)->24031K(24704K) NonClass: 21293K(21632K)->21293K(21632K) Class: 2738K(3072K)->2738K(3072K)
[136.668s][info][gc          ] GC(73) Pause Full (System.gc()) 771M->771M(5939M) 1701.618ms
[138.418s][info][gc,metaspace] GC(74) Metaspace: 24031K(24704K)->24031K(24704K) NonClass: 21293K(21632K)->21293K(21632K) Class: 2738K(3072K)->2738K(3072K)
[138.418s][info][gc          ] GC(74) Pause Full (System.gc()) 771M->771M(5939M) 1749.428ms
[140.171s][info][gc,metaspace] GC(75) Metaspace: 24031K(24704K)->24031K(24704K) NonClass: 21293K(21632K)->21293K(21632K) Class: 2738K(3072K)->2738K(3072K)
[140.171s][info][gc          ] GC(75) Pause Full (System.gc()) 771M->771M(5939M) 1753.023ms
[141.920s][info][gc,metaspace] GC(76) Metaspace: 24031K(24704K)->24031K(24704K) NonClass: 21293K(21632K)->21293K(21632K) Class: 2738K(3072K)->2738K(3072K)
[141.920s][info][gc          ] GC(76) Pause Full (System.gc()) 771M->771M(5939M) 1749.205ms
[143.913s][info][gc,metaspace] GC(77) Metaspace: 24031K(24704K)->24031K(24704K) NonClass: 21293K(21632K)->21293K(21632K) Class: 2738K(3072K)->2738K(3072K)
[143.913s][info][gc          ] GC(77) Pause Full (System.gc()) 771M->771M(5939M) 1992.588ms
[146.251s][info][gc,metaspace] GC(78) Metaspace: 24031K(24704K)->24031K(24704K) NonClass: 21293K(21632K)->21293K(21632K) Class: 2738K(3072K)->2738K(3072K)
[146.251s][info][gc          ] GC(78) Pause Full (System.gc()) 771M->771M(5939M) 2338.367ms
[148.000s][info][gc,metaspace] GC(79) Metaspace: 24031K(24704K)->24031K(24704K) NonClass: 21293K(21632K)->21293K(21632K) Class: 2738K(3072K)->2738K(3072K)
[148.000s][info][gc          ] GC(79) Pause Full (System.gc()) 771M->771M(5939M) 1748.677ms
[149.702s][info][gc,metaspace] GC(80) Metaspace: 24031K(24704K)->24031K(24704K) NonClass: 21293K(21632K)->21293K(21632K) Class: 2738K(3072K)->2738K(3072K)
[149.702s][info][gc          ] GC(80) Pause Full (System.gc()) 771M->771M(5939M) 1701.429ms
[151.451s][info][gc,metaspace] GC(81) Metaspace: 24031K(24704K)->24031K(24704K) NonClass: 21293K(21632K)->21293K(21632K) Class: 2738K(3072K)->2738K(3072K)
[151.451s][info][gc          ] GC(81) Pause Full (System.gc()) 771M->771M(5939M) 1749.192ms
[153.204s][info][gc,metaspace] GC(82) Metaspace: 24031K(24704K)->24031K(24704K) NonClass: 21293K(21632K)->21293K(21632K) Class: 2738K(3072K)->2738K(3072K)
[153.204s][info][gc          ] GC(82) Pause Full (System.gc()) 771M->771M(5939M) 1752.708ms
[154.953s][info][gc,metaspace] GC(83) Metaspace: 24031K(24704K)->24031K(24704K) NonClass: 21293K(21632K)->21293K(21632K) Class: 2738K(3072K)->2738K(3072K)
[154.953s][info][gc          ] GC(83) Pause Full (System.gc()) 771M->771M(5939M) 1749.234ms
[156.655s][info][gc,metaspace] GC(84) Metaspace: 24031K(24704K)->24031K(24704K) NonClass: 21293K(21632K)->21293K(21632K) Class: 2738K(3072K)->2738K(3072K)
[156.655s][info][gc          ] GC(84) Pause Full (System.gc()) 771M->771M(5939M) 1701.837ms
[158.405s][info][gc,metaspace] GC(85) Metaspace: 24031K(24704K)->24031K(24704K) NonClass: 21293K(21632K)->21293K(21632K) Class: 2738K(3072K)->2738K(3072K)
[158.405s][info][gc          ] GC(85) Pause Full (System.gc()) 771M->771M(5939M) 1745.284ms
[160.154s][info][gc,metaspace] GC(86) Metaspace: 24031K(24704K)->24031K(24704K) NonClass: 21293K(21632K)->21293K(21632K) Class: 2738K(3072K)->2738K(3072K)
[160.154s][info][gc          ] GC(86) Pause Full (System.gc()) 771M->771M(5939M) 1749.026ms
[161.907s][info][gc,metaspace] GC(87) Metaspace: 24031K(24704K)->24031K(24704K) NonClass: 21293K(21632K)->21293K(21632K) Class: 2738K(3072K)->2738K(3072K)
[161.907s][info][gc          ] GC(87) Pause Full (System.gc()) 771M->771M(5939M) 1753.264ms
[163.902s][info][gc,metaspace] GC(88) Metaspace: 24031K(24704K)->24031K(24704K) NonClass: 21293K(21632K)->21293K(21632K) Class: 2738K(3072K)->2738K(3072K)
[163.902s][info][gc          ] GC(88) Pause Full (System.gc()) 771M->771M(5939M) 1995.168ms
[166.847s][info][gc,metaspace] GC(89) Metaspace: 24031K(24704K)->24031K(24704K) NonClass: 21293K(21632K)->21293K(21632K) Class: 2738K(3072K)->2738K(3072K)
[166.847s][info][gc          ] GC(89) Pause Full (System.gc()) 771M->771M(5939M) 2944.024ms
[168.595s][info][gc,metaspace] GC(90) Metaspace: 24031K(24704K)->24031K(24704K) NonClass: 21293K(21632K)->21293K(21632K) Class: 2738K(3072K)->2738K(3072K)
[168.595s][info][gc          ] GC(90) Pause Full (System.gc()) 771M->771M(5939M) 1698.248ms
[170.348s][info][gc,metaspace] GC(91) Metaspace: 24031K(24704K)->24031K(24704K) NonClass: 21293K(21632K)->21293K(21632K) Class: 2738K(3072K)->2738K(3072K)
[170.348s][info][gc          ] GC(91) Pause Full (System.gc()) 771M->771M(5939M) 1753.202ms
[172.097s][info][gc,metaspace] GC(92) Metaspace: 24031K(24704K)->24031K(24704K) NonClass: 21293K(21632K)->21293K(21632K) Class: 2738K(3072K)->2738K(3072K)
[172.097s][info][gc          ] GC(92) Pause Full (System.gc()) 771M->771M(5939M) 1748.719ms
[173.797s][info][gc,metaspace] GC(93) Metaspace: 24031K(24704K)->24031K(24704K) NonClass: 21293K(21632K)->21293K(21632K) Class: 2738K(3072K)->2738K(3072K)
[173.797s][info][gc          ] GC(93) Pause Full (System.gc()) 771M->771M(5939M) 1699.276ms
[175.546s][info][gc,metaspace] GC(94) Metaspace: 24031K(24704K)->24031K(24704K) NonClass: 21293K(21632K)->21293K(21632K) Class: 2738K(3072K)->2738K(3072K)
[175.546s][info][gc          ] GC(94) Pause Full (System.gc()) 771M->771M(5939M) 1749.272ms
[177.299s][info][gc,metaspace] GC(95) Metaspace: 24031K(24704K)->24031K(24704K) NonClass: 21293K(21632K)->21293K(21632K) Class: 2738K(3072K)->2738K(3072K)
[177.299s][info][gc          ] GC(95) Pause Full (System.gc()) 771M->771M(5939M) 1752.916ms
[179.048s][info][gc,metaspace] GC(96) Metaspace: 24031K(24704K)->24031K(24704K) NonClass: 21293K(21632K)->21293K(21632K) Class: 2738K(3072K)->2738K(3072K)
[179.048s][info][gc          ] GC(96) Pause Full (System.gc()) 771M->771M(5939M) 1748.751ms
[180.749s][info][gc,metaspace] GC(97) Metaspace: 24031K(24704K)->24031K(24704K) NonClass: 21293K(21632K)->21293K(21632K) Class: 2738K(3072K)->2738K(3072K)
[180.749s][info][gc          ] GC(97) Pause Full (System.gc()) 771M->771M(5939M) 1700.469ms
[182.498s][info][gc,metaspace] GC(98) Metaspace: 24031K(24704K)->24031K(24704K) NonClass: 21293K(21632K)->21293K(21632K) Class: 2738K(3072K)->2738K(3072K)
[182.498s][info][gc          ] GC(98) Pause Full (System.gc()) 771M->771M(5939M) 1748.787ms
[184.247s][info][gc,metaspace] GC(99) Metaspace: 24031K(24704K)->24031K(24704K) NonClass: 21293K(21632K)->21293K(21632K) Class: 2738K(3072K)->2738K(3072K)
[184.247s][info][gc          ] GC(99) Pause Full (System.gc()) 771M->771M(5939M) 1749.156ms
[186.000s][info][gc,metaspace] GC(100) Metaspace: 24031K(24704K)->24031K(24704K) NonClass: 21293K(21632K)->21293K(21632K) Class: 2738K(3072K)->2738K(3072K)
[186.000s][info][gc          ] GC(100) Pause Full (System.gc()) 771M->771M(5939M) 1753.227ms
After GCs... 
