[0.001s][info][metaspace]  - commit_granule_bytes: 65536.
[0.001s][info][metaspace]  - commit_granule_words: 8192.
[0.001s][info][metaspace]  - virtual_space_node_default_size: 8388608.
[0.001s][info][metaspace]  - enlarge_chunks_in_place: 1.
[0.001s][info][metaspace]  - use_allocation_guard: 0.
[0.005s][info][gc       ] Using Parallel
[0.365s][info][metaspace] Reserving compressed class space anywhere
[0.365s][info][gc,metaspace] CDS archive(s) not mapped
[0.365s][info][gc,metaspace] Compressed class space mapped at: 0x000000000c000000-0x00000000cc000000, reserved size: 3221225472
[0.365s][info][gc,metaspace] UseCompressedClassPointers 1, UseCompactObjectHeaders 1, narrow klass pointer bits 22, max shift 10
[0.365s][info][gc,metaspace] Narrow klass base: 0x000000000c000000, Narrow klass shift: 10, Narrow klass range: 0xc0000000
Num Classes: 64
Num Objects per Class: 1048576
Cycles: 10
randomize: true (disable with --no-randomization)
ballOfYarn mode: false (switch to flat mode with --flat-mode)
Generate 64 classes...
Loading 64...[1.309s][info][gc,metaspace] GC(0) Metaspace: 21965K(22272K)->21965K(22272K) NonClass: 18174K(18368K)->18174K(18368K) Class: 3791K(3904K)->3791K(3904K)
[1.309s][info][gc          ] GC(0) Pause Full (System.gc()) 399M->2M(5888M) 17.355ms
Creating 1048576 objects per class...
Preparatory GC...
[4.611s][info][gc,metaspace] GC(1) Metaspace: 22173K(22528K)->22173K(22528K) NonClass: 18348K(18560K)->18348K(18560K) Class: 3824K(3968K)->3824K(3968K)
[4.612s][info][gc          ] GC(1) Pause Full (System.gc()) 1487M->1386M(5888M) 713.665ms
[5.115s][info][gc,metaspace] GC(2) Metaspace: 22173K(22528K)->22173K(22528K) NonClass: 18348K(18560K)->18348K(18560K) Class: 3824K(3968K)->3824K(3968K)
[5.115s][info][gc          ] GC(2) Pause Full (System.gc()) 1386M->1386M(5888M) 503.375ms
Done; will start GCs... 
[5.639s][info][gc,metaspace] GC(3) Metaspace: 22173K(22528K)->22173K(22528K) NonClass: 18348K(18560K)->18348K(18560K) Class: 3824K(3968K)->3824K(3968K)
[5.639s][info][gc          ] GC(3) Pause Full (System.gc()) 1416M->1386M(5888M) 524.165ms
[6.148s][info][gc,metaspace] GC(4) Metaspace: 22173K(22528K)->22173K(22528K) NonClass: 18348K(18560K)->18348K(18560K) Class: 3824K(3968K)->3824K(3968K)
[6.148s][info][gc          ] GC(4) Pause Full (System.gc()) 1386M->1386M(5888M) 508.586ms
[6.679s][info][gc,metaspace] GC(5) Metaspace: 22173K(22528K)->22173K(22528K) NonClass: 18348K(18560K)->18348K(18560K) Class: 3824K(3968K)->3824K(3968K)
[6.679s][info][gc          ] GC(5) Pause Full (System.gc()) 1386M->1386M(5888M) 530.789ms
[7.193s][info][gc,metaspace] GC(6) Metaspace: 22173K(22528K)->22173K(22528K) NonClass: 18348K(18560K)->18348K(18560K) Class: 3824K(3968K)->3824K(3968K)
[7.193s][info][gc          ] GC(6) Pause Full (System.gc()) 1386M->1386M(5888M) 513.619ms
[7.714s][info][gc,metaspace] GC(7) Metaspace: 22173K(22528K)->22173K(22528K) NonClass: 18348K(18560K)->18348K(18560K) Class: 3824K(3968K)->3824K(3968K)
[7.714s][info][gc          ] GC(7) Pause Full (System.gc()) 1386M->1386M(5888M) 521.474ms
[8.213s][info][gc,metaspace] GC(8) Metaspace: 22173K(22528K)->22173K(22528K) NonClass: 18348K(18560K)->18348K(18560K) Class: 3824K(3968K)->3824K(3968K)
[8.213s][info][gc          ] GC(8) Pause Full (System.gc()) 1386M->1386M(5888M) 498.324ms
[8.751s][info][gc,metaspace] GC(9) Metaspace: 22173K(22528K)->22173K(22528K) NonClass: 18348K(18560K)->18348K(18560K) Class: 3824K(3968K)->3824K(3968K)
[8.751s][info][gc          ] GC(9) Pause Full (System.gc()) 1386M->1386M(5888M) 538.087ms
[9.290s][info][gc,metaspace] GC(10) Metaspace: 22173K(22528K)->22173K(22528K) NonClass: 18348K(18560K)->18348K(18560K) Class: 3824K(3968K)->3824K(3968K)
[9.290s][info][gc          ] GC(10) Pause Full (System.gc()) 1386M->1386M(5888M) 538.786ms
[9.814s][info][gc,metaspace] GC(11) Metaspace: 22173K(22528K)->22173K(22528K) NonClass: 18348K(18560K)->18348K(18560K) Class: 3824K(3968K)->3824K(3968K)
[9.814s][info][gc          ] GC(11) Pause Full (System.gc()) 1386M->1386M(5888M) 524.180ms
[10.367s][info][gc,metaspace] GC(12) Metaspace: 22173K(22528K)->22173K(22528K) NonClass: 18348K(18560K)->18348K(18560K) Class: 3824K(3968K)->3824K(3968K)
[10.367s][info][gc          ] GC(12) Pause Full (System.gc()) 1386M->1386M(5888M) 553.164ms
After GCs... 
