Done; will start GCs... 
[58.232s][info][gc,metaspace] GC(18) Metaspace: 87901K(101696K)->87901K(101696K) NonClass: 69571K(75456K)->69571K(75456K) Class: 18329K(26240K)->18329K(26240K)
[58.232s][info][gc          ] GC(18) Pause Full (System.gc()) 1839M->1816M(5693M) 751.625ms
[59.096s][info][gc,metaspace] GC(19) Metaspace: 87901K(101696K)->87901K(101696K) NonClass: 69571K(75456K)->69571K(75456K) Class: 18329K(26240K)->18329K(26240K)
[59.096s][info][gc          ] GC(19) Pause Full (System.gc()) 1816M->1816M(5693M) 863.729ms
[59.858s][info][gc,metaspace] GC(20) Metaspace: 87901K(101696K)->87901K(101696K) NonClass: 69571K(75456K)->69571K(75456K) Class: 18329K(26240K)->18329K(26240K)
[59.858s][info][gc          ] GC(20) Pause Full (System.gc()) 1816M->1816M(5693M) 762.538ms
[60.601s][info][gc,metaspace] GC(21) Metaspace: 87901K(101696K)->87901K(101696K) NonClass: 69571K(75456K)->69571K(75456K) Class: 18329K(26240K)->18329K(26240K)
[60.601s][info][gc          ] GC(21) Pause Full (System.gc()) 1816M->1816M(5693M) 742.473ms
[61.339s][info][gc,metaspace] GC(22) Metaspace: 87901K(101696K)->87901K(101696K) NonClass: 69571K(75456K)->69571K(75456K) Class: 18329K(26240K)->18329K(26240K)
[61.339s][info][gc          ] GC(22) Pause Full (System.gc()) 1816M->1816M(5693M) 738.246ms
[62.087s][info][gc,metaspace] GC(23) Metaspace: 87901K(101696K)->87901K(101696K) NonClass: 69571K(75456K)->69571K(75456K) Class: 18329K(26240K)->18329K(26240K)
[62.087s][info][gc          ] GC(23) Pause Full (System.gc()) 1816M->1816M(5693M) 748.183ms
[62.862s][info][gc,metaspace] GC(24) Metaspace: 87901K(101696K)->87901K(101696K) NonClass: 69571K(75456K)->69571K(75456K) Class: 18329K(26240K)->18329K(26240K)
[62.862s][info][gc          ] GC(24) Pause Full (System.gc()) 1816M->1816M(5693M) 770.565ms
[63.870s][info][gc,metaspace] GC(25) Metaspace: 87901K(101696K)->87901K(101696K) NonClass: 69571K(75456K)->69571K(75456K) Class: 18329K(26240K)->18329K(26240K)
[63.870s][info][gc          ] GC(25) Pause Full (System.gc()) 1816M->1816M(5693M) 1007.769ms
[64.564s][info][gc,metaspace] GC(26) Metaspace: 87901K(101696K)->87901K(101696K) NonClass: 69571K(75456K)->69571K(75456K) Class: 18329K(26240K)->18329K(26240K)
[64.564s][info][gc          ] GC(26) Pause Full (System.gc()) 1816M->1816M(5693M) 694.075ms
[65.325s][info][gc,metaspace] GC(27) Metaspace: 87901K(101696K)->87901K(101696K) NonClass: 69571K(75456K)->69571K(75456K) Class: 18329K(26240K)->18329K(26240K)
[65.325s][info][gc          ] GC(27) Pause Full (System.gc()) 1827M->1816M(5693M) 760.197ms
After GCs... 
