Done; will start GCs... 
[64.359s][info][gc,metaspace] GC(16) Metaspace: 89721K(103552K)->89721K(103552K) NonClass: 62976K(68928K)->62976K(68928K) Class: 26744K(34624K)->26744K(34624K)
[64.359s][info][gc          ] GC(16) Pause Full (System.gc()) 1623M->1601M(5680M) 882.673ms
[65.156s][info][gc,metaspace] GC(17) Metaspace: 89721K(103552K)->89721K(103552K) NonClass: 62976K(68928K)->62976K(68928K) Class: 26744K(34624K)->26744K(34624K)
[65.156s][info][gc          ] GC(17) Pause Full (System.gc()) 1601M->1601M(5680M) 796.079ms
[65.942s][info][gc,metaspace] GC(18) Metaspace: 89721K(103552K)->89721K(103552K) NonClass: 62976K(68928K)->62976K(68928K) Class: 26744K(34624K)->26744K(34624K)
[65.942s][info][gc          ] GC(18) Pause Full (System.gc()) 1601M->1601M(5680M) 786.394ms
[66.882s][info][gc,metaspace] GC(19) Metaspace: 89721K(103552K)->89721K(103552K) NonClass: 62976K(68928K)->62976K(68928K) Class: 26744K(34624K)->26744K(34624K)
[66.882s][info][gc          ] GC(19) Pause Full (System.gc()) 1601M->1601M(5680M) 940.197ms
[67.844s][info][gc,metaspace] GC(20) Metaspace: 89721K(103552K)->89721K(103552K) NonClass: 62976K(68928K)->62976K(68928K) Class: 26744K(34624K)->26744K(34624K)
[67.844s][info][gc          ] GC(20) Pause Full (System.gc()) 1601M->1601M(5680M) 961.172ms
[68.803s][info][gc,metaspace] GC(21) Metaspace: 89721K(103552K)->89721K(103552K) NonClass: 62976K(68928K)->62976K(68928K) Class: 26744K(34624K)->26744K(34624K)
[68.803s][info][gc          ] GC(21) Pause Full (System.gc()) 1601M->1601M(5680M) 958.971ms
[69.739s][info][gc,metaspace] GC(22) Metaspace: 89721K(103552K)->89721K(103552K) NonClass: 62976K(68928K)->62976K(68928K) Class: 26744K(34624K)->26744K(34624K)
[69.739s][info][gc          ] GC(22) Pause Full (System.gc()) 1601M->1601M(5680M) 936.382ms
[70.672s][info][gc,metaspace] GC(23) Metaspace: 89721K(103552K)->89721K(103552K) NonClass: 62976K(68928K)->62976K(68928K) Class: 26744K(34624K)->26744K(34624K)
[70.672s][info][gc          ] GC(23) Pause Full (System.gc()) 1601M->1601M(5680M) 933.100ms
[71.516s][info][gc,metaspace] GC(24) Metaspace: 89721K(103552K)->89721K(103552K) NonClass: 62976K(68928K)->62976K(68928K) Class: 26744K(34624K)->26744K(34624K)
[71.516s][info][gc          ] GC(24) Pause Full (System.gc()) 1601M->1601M(5680M) 843.317ms
[72.394s][info][gc,metaspace] GC(25) Metaspace: 89721K(103552K)->89721K(103552K) NonClass: 62976K(68928K)->62976K(68928K) Class: 26744K(34624K)->26744K(34624K)
[72.395s][info][gc          ] GC(25) Pause Full (System.gc()) 1601M->1601M(5680M) 878.691ms
After GCs... 
