Done; will start GCs... 
[63.057s][info][gc,metaspace] GC(16) Metaspace: 89721K(103488K)->89721K(103488K) NonClass: 62976K(68864K)->62976K(68864K) Class: 26744K(34624K)->26744K(34624K)
[63.057s][info][gc          ] GC(16) Pause Full (System.gc()) 1634M->1601M(5680M) 1288.441ms
[64.257s][info][gc,metaspace] GC(17) Metaspace: 89721K(103488K)->89721K(103488K) NonClass: 62976K(68864K)->62976K(68864K) Class: 26744K(34624K)->26744K(34624K)
[64.257s][info][gc          ] GC(17) Pause Full (System.gc()) 1601M->1601M(5680M) 1195.929ms
[65.245s][info][gc,metaspace] GC(18) Metaspace: 89721K(103488K)->89721K(103488K) NonClass: 62976K(68864K)->62976K(68864K) Class: 26744K(34624K)->26744K(34624K)
[65.245s][info][gc          ] GC(18) Pause Full (System.gc()) 1601M->1601M(5680M) 987.647ms
[66.224s][info][gc,metaspace] GC(19) Metaspace: 89721K(103488K)->89721K(103488K) NonClass: 62976K(68864K)->62976K(68864K) Class: 26744K(34624K)->26744K(34624K)
[66.224s][info][gc          ] GC(19) Pause Full (System.gc()) 1601M->1601M(5680M) 978.819ms
[67.198s][info][gc,metaspace] GC(20) Metaspace: 89721K(103488K)->89721K(103488K) NonClass: 62976K(68864K)->62976K(68864K) Class: 26744K(34624K)->26744K(34624K)
[67.198s][info][gc          ] GC(20) Pause Full (System.gc()) 1601M->1601M(5680M) 974.245ms
[68.279s][info][gc,metaspace] GC(21) Metaspace: 89721K(103488K)->89721K(103488K) NonClass: 62976K(68864K)->62976K(68864K) Class: 26744K(34624K)->26744K(34624K)
[68.279s][info][gc          ] GC(21) Pause Full (System.gc()) 1601M->1601M(5680M) 1081.178ms
[69.266s][info][gc,metaspace] GC(22) Metaspace: 89721K(103488K)->89721K(103488K) NonClass: 62976K(68864K)->62976K(68864K) Class: 26744K(34624K)->26744K(34624K)
[69.266s][info][gc          ] GC(22) Pause Full (System.gc()) 1601M->1601M(5680M) 981.956ms
[70.259s][info][gc,metaspace] GC(23) Metaspace: 89721K(103488K)->89721K(103488K) NonClass: 62976K(68864K)->62976K(68864K) Class: 26744K(34624K)->26744K(34624K)
[70.259s][info][gc          ] GC(23) Pause Full (System.gc()) 1601M->1601M(5680M) 993.405ms
[71.231s][info][gc,metaspace] GC(24) Metaspace: 89721K(103488K)->89721K(103488K) NonClass: 62976K(68864K)->62976K(68864K) Class: 26744K(34624K)->26744K(34624K)
[71.231s][info][gc          ] GC(24) Pause Full (System.gc()) 1601M->1601M(5680M) 971.325ms
[72.238s][info][gc,metaspace] GC(25) Metaspace: 89721K(103488K)->89721K(103488K) NonClass: 62976K(68864K)->62976K(68864K) Class: 26744K(34624K)->26744K(34624K)
[72.238s][info][gc          ] GC(25) Pause Full (System.gc()) 1601M->1601M(5680M) 1007.403ms
After GCs... 
