[0.001s][info][metaspace]  - commit_granule_bytes: 65536.
[0.001s][info][metaspace]  - commit_granule_words: 8192.
[0.001s][info][metaspace]  - virtual_space_node_default_size: 8388608.
[0.001s][info][metaspace]  - enlarge_chunks_in_place: 1.
[0.001s][info][metaspace]  - use_allocation_guard: 0.
[0.006s][info][gc       ] Using Parallel
[0.370s][info][metaspace] Reserving compressed class space anywhere
[0.374s][info][gc,metaspace] CDS archive(s) not mapped
[0.374s][info][gc,metaspace] Compressed class space mapped at: 0x0000000020000000-0x00000000e0000000, reserved size: 3221225472
[0.375s][info][gc,metaspace] UseCompressedClassPointers 1, UseCompactObjectHeaders 1, narrow klass pointer bits 22, max shift 10
[0.375s][info][gc,metaspace] Narrow klass base: 0x0000000020000000, Narrow klass shift: 10, Narrow klass range: 0xc0000000
Num Classes: 64
Num Objects per Class: 1048576
Cycles: 100
Class association: random
Generate 64 classes...
Loading 64...[1.271s][info][gc,metaspace] GC(0) Metaspace: 21838K(22144K)->21838K(22144K) NonClass: 18056K(18240K)->18056K(18240K) Class: 3781K(3904K)->3781K(3904K)
[1.271s][info][gc          ] GC(0) Pause Full (System.gc()) 399M->2M(5888M) 17.001ms
Creating 1048576 objects per class...
Done; will start GCs... 
[4.456s][info][gc,metaspace] GC(1) Metaspace: 22049K(22400K)->22049K(22400K) NonClass: 18234K(18432K)->18234K(18432K) Class: 3814K(3968K)->3814K(3968K)
[4.456s][info][gc          ] GC(1) Pause Full (System.gc()) 873M->770M(5888M) 591.010ms
[4.840s][info][gc,metaspace] GC(2) Metaspace: 22049K(22400K)->22049K(22400K) NonClass: 18234K(18432K)->18234K(18432K) Class: 3814K(3968K)->3814K(3968K)
[4.840s][info][gc          ] GC(2) Pause Full (System.gc()) 770M->770M(5888M) 384.438ms
[5.223s][info][gc,metaspace] GC(3) Metaspace: 22049K(22400K)->22049K(22400K) NonClass: 18234K(18432K)->18234K(18432K) Class: 3814K(3968K)->3814K(3968K)
[5.223s][info][gc          ] GC(3) Pause Full (System.gc()) 770M->770M(5888M) 382.546ms
[5.651s][info][gc,metaspace] GC(4) Metaspace: 22049K(22400K)->22049K(22400K) NonClass: 18234K(18432K)->18234K(18432K) Class: 3814K(3968K)->3814K(3968K)
[5.651s][info][gc          ] GC(4) Pause Full (System.gc()) 770M->770M(5888M) 428.147ms
[6.035s][info][gc,metaspace] GC(5) Metaspace: 22049K(22400K)->22049K(22400K) NonClass: 18234K(18432K)->18234K(18432K) Class: 3814K(3968K)->3814K(3968K)
[6.035s][info][gc          ] GC(5) Pause Full (System.gc()) 770M->770M(5888M) 383.659ms
[6.465s][info][gc,metaspace] GC(6) Metaspace: 22049K(22400K)->22049K(22400K) NonClass: 18234K(18432K)->18234K(18432K) Class: 3814K(3968K)->3814K(3968K)
[6.465s][info][gc          ] GC(6) Pause Full (System.gc()) 770M->770M(5888M) 429.547ms
[6.857s][info][gc,metaspace] GC(7) Metaspace: 22049K(22400K)->22049K(22400K) NonClass: 18234K(18432K)->18234K(18432K) Class: 3814K(3968K)->3814K(3968K)
[6.857s][info][gc          ] GC(7) Pause Full (System.gc()) 770M->770M(5888M) 392.094ms
[7.241s][info][gc,metaspace] GC(8) Metaspace: 22049K(22400K)->22049K(22400K) NonClass: 18234K(18432K)->18234K(18432K) Class: 3814K(3968K)->3814K(3968K)
[7.241s][info][gc          ] GC(8) Pause Full (System.gc()) 770M->770M(5888M) 383.809ms
[7.674s][info][gc,metaspace] GC(9) Metaspace: 22049K(22400K)->22049K(22400K) NonClass: 18234K(18432K)->18234K(18432K) Class: 3814K(3968K)->3814K(3968K)
[7.674s][info][gc          ] GC(9) Pause Full (System.gc()) 770M->770M(5888M) 433.082ms
[8.061s][info][gc,metaspace] GC(10) Metaspace: 22049K(22400K)->22049K(22400K) NonClass: 18234K(18432K)->18234K(18432K) Class: 3814K(3968K)->3814K(3968K)
[8.061s][info][gc          ] GC(10) Pause Full (System.gc()) 770M->770M(5888M) 387.157ms
[8.489s][info][gc,metaspace] GC(11) Metaspace: 22050K(22400K)->22050K(22400K) NonClass: 18235K(18432K)->18235K(18432K) Class: 3814K(3968K)->3814K(3968K)
[8.489s][info][gc          ] GC(11) Pause Full (System.gc()) 770M->770M(5888M) 427.211ms
[8.897s][info][gc,metaspace] GC(12) Metaspace: 22050K(22400K)->22050K(22400K) NonClass: 18235K(18432K)->18235K(18432K) Class: 3814K(3968K)->3814K(3968K)
[8.897s][info][gc          ] GC(12) Pause Full (System.gc()) 770M->770M(5888M) 407.897ms
[9.284s][info][gc,metaspace] GC(13) Metaspace: 22050K(22400K)->22050K(22400K) NonClass: 18235K(18432K)->18235K(18432K) Class: 3814K(3968K)->3814K(3968K)
[9.284s][info][gc          ] GC(13) Pause Full (System.gc()) 770M->770M(5888M) 386.831ms
[9.687s][info][gc,metaspace] GC(14) Metaspace: 22050K(22400K)->22050K(22400K) NonClass: 18235K(18432K)->18235K(18432K) Class: 3814K(3968K)->3814K(3968K)
[9.687s][info][gc          ] GC(14) Pause Full (System.gc()) 770M->770M(5888M) 403.442ms
[10.077s][info][gc,metaspace] GC(15) Metaspace: 22050K(22400K)->22050K(22400K) NonClass: 18235K(18432K)->18235K(18432K) Class: 3814K(3968K)->3814K(3968K)
[10.077s][info][gc          ] GC(15) Pause Full (System.gc()) 770M->770M(5888M) 390.118ms
[10.505s][info][gc,metaspace] GC(16) Metaspace: 22050K(22400K)->22050K(22400K) NonClass: 18235K(18432K)->18235K(18432K) Class: 3814K(3968K)->3814K(3968K)
[10.506s][info][gc          ] GC(16) Pause Full (System.gc()) 770M->770M(5888M) 427.856ms
[10.895s][info][gc,metaspace] GC(17) Metaspace: 22050K(22400K)->22050K(22400K) NonClass: 18235K(18432K)->18235K(18432K) Class: 3814K(3968K)->3814K(3968K)
[10.895s][info][gc          ] GC(17) Pause Full (System.gc()) 770M->770M(5888M) 389.759ms
[11.287s][info][gc,metaspace] GC(18) Metaspace: 22050K(22400K)->22050K(22400K) NonClass: 18235K(18432K)->18235K(18432K) Class: 3814K(3968K)->3814K(3968K)
[11.287s][info][gc          ] GC(18) Pause Full (System.gc()) 770M->770M(5888M) 391.945ms
[11.674s][info][gc,metaspace] GC(19) Metaspace: 22050K(22400K)->22050K(22400K) NonClass: 18235K(18432K)->18235K(18432K) Class: 3814K(3968K)->3814K(3968K)
[11.674s][info][gc          ] GC(19) Pause Full (System.gc()) 770M->770M(5888M) 386.394ms
[12.059s][info][gc,metaspace] GC(20) Metaspace: 22050K(22400K)->22050K(22400K) NonClass: 18235K(18432K)->18235K(18432K) Class: 3814K(3968K)->3814K(3968K)
[12.060s][info][gc          ] GC(20) Pause Full (System.gc()) 770M->770M(5888M) 385.525ms
[12.488s][info][gc,metaspace] GC(21) Metaspace: 22050K(22400K)->22050K(22400K) NonClass: 18235K(18432K)->18235K(18432K) Class: 3814K(3968K)->3814K(3968K)
[12.488s][info][gc          ] GC(21) Pause Full (System.gc()) 770M->770M(5888M) 428.189ms
[12.872s][info][gc,metaspace] GC(22) Metaspace: 22050K(22400K)->22050K(22400K) NonClass: 18235K(18432K)->18235K(18432K) Class: 3814K(3968K)->3814K(3968K)
[12.872s][info][gc          ] GC(22) Pause Full (System.gc()) 770M->770M(5888M) 383.825ms
[13.253s][info][gc,metaspace] GC(23) Metaspace: 22050K(22400K)->22050K(22400K) NonClass: 18235K(18432K)->18235K(18432K) Class: 3814K(3968K)->3814K(3968K)
[13.253s][info][gc          ] GC(23) Pause Full (System.gc()) 770M->770M(5888M) 381.357ms
[13.648s][info][gc,metaspace] GC(24) Metaspace: 22050K(22400K)->22050K(22400K) NonClass: 18235K(18432K)->18235K(18432K) Class: 3814K(3968K)->3814K(3968K)
[13.648s][info][gc          ] GC(24) Pause Full (System.gc()) 770M->770M(5888M) 394.594ms
[14.030s][info][gc,metaspace] GC(25) Metaspace: 22050K(22400K)->22050K(22400K) NonClass: 18235K(18432K)->18235K(18432K) Class: 3814K(3968K)->3814K(3968K)
[14.030s][info][gc          ] GC(25) Pause Full (System.gc()) 770M->770M(5888M) 381.734ms
[14.453s][info][gc,metaspace] GC(26) Metaspace: 22050K(22400K)->22050K(22400K) NonClass: 18235K(18432K)->18235K(18432K) Class: 3814K(3968K)->3814K(3968K)
[14.453s][info][gc          ] GC(26) Pause Full (System.gc()) 770M->770M(5888M) 423.306ms
[14.915s][info][gc,metaspace] GC(27) Metaspace: 22050K(22400K)->22050K(22400K) NonClass: 18235K(18432K)->18235K(18432K) Class: 3814K(3968K)->3814K(3968K)
[14.915s][info][gc          ] GC(27) Pause Full (System.gc()) 770M->770M(5888M) 461.681ms
[15.312s][info][gc,metaspace] GC(28) Metaspace: 22050K(22400K)->22050K(22400K) NonClass: 18235K(18432K)->18235K(18432K) Class: 3814K(3968K)->3814K(3968K)
[15.312s][info][gc          ] GC(28) Pause Full (System.gc()) 770M->770M(5888M) 396.650ms
[15.700s][info][gc,metaspace] GC(29) Metaspace: 22050K(22400K)->22050K(22400K) NonClass: 18235K(18432K)->18235K(18432K) Class: 3814K(3968K)->3814K(3968K)
[15.700s][info][gc          ] GC(29) Pause Full (System.gc()) 770M->770M(5888M) 388.140ms
[16.093s][info][gc,metaspace] GC(30) Metaspace: 22050K(22400K)->22050K(22400K) NonClass: 18235K(18432K)->18235K(18432K) Class: 3814K(3968K)->3814K(3968K)
[16.093s][info][gc          ] GC(30) Pause Full (System.gc()) 770M->770M(5888M) 393.014ms
[16.515s][info][gc,metaspace] GC(31) Metaspace: 22050K(22400K)->22050K(22400K) NonClass: 18235K(18432K)->18235K(18432K) Class: 3814K(3968K)->3814K(3968K)
[16.515s][info][gc          ] GC(31) Pause Full (System.gc()) 770M->770M(5888M) 421.949ms
[16.912s][info][gc,metaspace] GC(32) Metaspace: 22050K(22400K)->22050K(22400K) NonClass: 18235K(18432K)->18235K(18432K) Class: 3814K(3968K)->3814K(3968K)
[16.912s][info][gc          ] GC(32) Pause Full (System.gc()) 770M->770M(5888M) 396.876ms
[17.292s][info][gc,metaspace] GC(33) Metaspace: 22050K(22400K)->22050K(22400K) NonClass: 18235K(18432K)->18235K(18432K) Class: 3814K(3968K)->3814K(3968K)
[17.292s][info][gc          ] GC(33) Pause Full (System.gc()) 770M->770M(5888M) 380.441ms
[17.685s][info][gc,metaspace] GC(34) Metaspace: 22050K(22400K)->22050K(22400K) NonClass: 18235K(18432K)->18235K(18432K) Class: 3814K(3968K)->3814K(3968K)
[17.685s][info][gc          ] GC(34) Pause Full (System.gc()) 770M->770M(5888M) 392.598ms
[18.075s][info][gc,metaspace] GC(35) Metaspace: 22050K(22400K)->22050K(22400K) NonClass: 18235K(18432K)->18235K(18432K) Class: 3814K(3968K)->3814K(3968K)
[18.075s][info][gc          ] GC(35) Pause Full (System.gc()) 770M->770M(5888M) 389.548ms
[18.535s][info][gc,metaspace] GC(36) Metaspace: 22050K(22400K)->22050K(22400K) NonClass: 18235K(18432K)->18235K(18432K) Class: 3814K(3968K)->3814K(3968K)
[18.535s][info][gc          ] GC(36) Pause Full (System.gc()) 770M->770M(5888M) 460.611ms
[18.924s][info][gc,metaspace] GC(37) Metaspace: 22050K(22400K)->22050K(22400K) NonClass: 18235K(18432K)->18235K(18432K) Class: 3814K(3968K)->3814K(3968K)
[18.924s][info][gc          ] GC(37) Pause Full (System.gc()) 770M->770M(5888M) 388.963ms
[19.312s][info][gc,metaspace] GC(38) Metaspace: 22050K(22400K)->22050K(22400K) NonClass: 18235K(18432K)->18235K(18432K) Class: 3814K(3968K)->3814K(3968K)
[19.312s][info][gc          ] GC(38) Pause Full (System.gc()) 770M->770M(5888M) 387.085ms
[19.716s][info][gc,metaspace] GC(39) Metaspace: 22050K(22400K)->22050K(22400K) NonClass: 18235K(18432K)->18235K(18432K) Class: 3814K(3968K)->3814K(3968K)
[19.716s][info][gc          ] GC(39) Pause Full (System.gc()) 770M->770M(5888M) 404.349ms
[20.105s][info][gc,metaspace] GC(40) Metaspace: 22050K(22400K)->22050K(22400K) NonClass: 18235K(18432K)->18235K(18432K) Class: 3814K(3968K)->3814K(3968K)
[20.105s][info][gc          ] GC(40) Pause Full (System.gc()) 770M->770M(5888M) 388.822ms
[20.526s][info][gc,metaspace] GC(41) Metaspace: 22050K(22400K)->22050K(22400K) NonClass: 18235K(18432K)->18235K(18432K) Class: 3814K(3968K)->3814K(3968K)
[20.526s][info][gc          ] GC(41) Pause Full (System.gc()) 770M->770M(5888M) 420.873ms
[20.918s][info][gc,metaspace] GC(42) Metaspace: 22050K(22400K)->22050K(22400K) NonClass: 18235K(18432K)->18235K(18432K) Class: 3814K(3968K)->3814K(3968K)
[20.918s][info][gc          ] GC(42) Pause Full (System.gc()) 770M->770M(5888M) 392.205ms
[21.302s][info][gc,metaspace] GC(43) Metaspace: 22050K(22400K)->22050K(22400K) NonClass: 18235K(18432K)->18235K(18432K) Class: 3814K(3968K)->3814K(3968K)
[21.302s][info][gc          ] GC(43) Pause Full (System.gc()) 770M->770M(5888M) 384.022ms
[21.690s][info][gc,metaspace] GC(44) Metaspace: 22050K(22400K)->22050K(22400K) NonClass: 18235K(18432K)->18235K(18432K) Class: 3814K(3968K)->3814K(3968K)
[21.690s][info][gc          ] GC(44) Pause Full (System.gc()) 770M->770M(5888M) 387.771ms
[22.081s][info][gc,metaspace] GC(45) Metaspace: 22050K(22400K)->22050K(22400K) NonClass: 18235K(18432K)->18235K(18432K) Class: 3814K(3968K)->3814K(3968K)
[22.081s][info][gc          ] GC(45) Pause Full (System.gc()) 770M->770M(5888M) 390.584ms
[22.514s][info][gc,metaspace] GC(46) Metaspace: 22050K(22400K)->22050K(22400K) NonClass: 18235K(18432K)->18235K(18432K) Class: 3814K(3968K)->3814K(3968K)
[22.514s][info][gc          ] GC(46) Pause Full (System.gc()) 770M->770M(5888M) 433.416ms
[22.916s][info][gc,metaspace] GC(47) Metaspace: 22050K(22400K)->22050K(22400K) NonClass: 18235K(18432K)->18235K(18432K) Class: 3814K(3968K)->3814K(3968K)
[22.916s][info][gc          ] GC(47) Pause Full (System.gc()) 770M->770M(5888M) 402.092ms
[23.296s][info][gc,metaspace] GC(48) Metaspace: 22050K(22400K)->22050K(22400K) NonClass: 18235K(18432K)->18235K(18432K) Class: 3814K(3968K)->3814K(3968K)
[23.297s][info][gc          ] GC(48) Pause Full (System.gc()) 770M->770M(5888M) 379.991ms
[23.695s][info][gc,metaspace] GC(49) Metaspace: 22050K(22400K)->22050K(22400K) NonClass: 18235K(18432K)->18235K(18432K) Class: 3814K(3968K)->3814K(3968K)
[23.695s][info][gc          ] GC(49) Pause Full (System.gc()) 770M->770M(5888M) 393.847ms
[24.080s][info][gc,metaspace] GC(50) Metaspace: 22050K(22400K)->22050K(22400K) NonClass: 18235K(18432K)->18235K(18432K) Class: 3814K(3968K)->3814K(3968K)
[24.080s][info][gc          ] GC(50) Pause Full (System.gc()) 770M->770M(5888M) 385.657ms
[24.502s][info][gc,metaspace] GC(51) Metaspace: 22050K(22400K)->22050K(22400K) NonClass: 18235K(18432K)->18235K(18432K) Class: 3814K(3968K)->3814K(3968K)
[24.502s][info][gc          ] GC(51) Pause Full (System.gc()) 770M->770M(5888M) 421.251ms
[24.905s][info][gc,metaspace] GC(52) Metaspace: 22050K(22400K)->22050K(22400K) NonClass: 18235K(18432K)->18235K(18432K) Class: 3814K(3968K)->3814K(3968K)
[24.905s][info][gc          ] GC(52) Pause Full (System.gc()) 770M->770M(5888M) 403.331ms
[25.298s][info][gc,metaspace] GC(53) Metaspace: 22050K(22400K)->22050K(22400K) NonClass: 18235K(18432K)->18235K(18432K) Class: 3814K(3968K)->3814K(3968K)
[25.298s][info][gc          ] GC(53) Pause Full (System.gc()) 770M->770M(5888M) 393.094ms
[25.693s][info][gc,metaspace] GC(54) Metaspace: 22050K(22400K)->22050K(22400K) NonClass: 18235K(18432K)->18235K(18432K) Class: 3814K(3968K)->3814K(3968K)
[25.693s][info][gc          ] GC(54) Pause Full (System.gc()) 770M->770M(5888M) 394.178ms
[26.079s][info][gc,metaspace] GC(55) Metaspace: 22050K(22400K)->22050K(22400K) NonClass: 18235K(18432K)->18235K(18432K) Class: 3814K(3968K)->3814K(3968K)
[26.079s][info][gc          ] GC(55) Pause Full (System.gc()) 770M->770M(5888M) 385.957ms
[26.512s][info][gc,metaspace] GC(56) Metaspace: 22050K(22400K)->22050K(22400K) NonClass: 18235K(18432K)->18235K(18432K) Class: 3814K(3968K)->3814K(3968K)
[26.512s][info][gc          ] GC(56) Pause Full (System.gc()) 770M->770M(5888M) 433.307ms
[26.914s][info][gc,metaspace] GC(57) Metaspace: 22050K(22400K)->22050K(22400K) NonClass: 18235K(18432K)->18235K(18432K) Class: 3814K(3968K)->3814K(3968K)
[26.914s][info][gc          ] GC(57) Pause Full (System.gc()) 770M->770M(5888M) 401.709ms
[27.308s][info][gc,metaspace] GC(58) Metaspace: 22050K(22400K)->22050K(22400K) NonClass: 18235K(18432K)->18235K(18432K) Class: 3814K(3968K)->3814K(3968K)
[27.308s][info][gc          ] GC(58) Pause Full (System.gc()) 770M->770M(5888M) 393.754ms
[27.698s][info][gc,metaspace] GC(59) Metaspace: 22050K(22400K)->22050K(22400K) NonClass: 18235K(18432K)->18235K(18432K) Class: 3814K(3968K)->3814K(3968K)
[27.698s][info][gc          ] GC(59) Pause Full (System.gc()) 770M->770M(5888M) 389.876ms
[28.082s][info][gc,metaspace] GC(60) Metaspace: 22050K(22400K)->22050K(22400K) NonClass: 18235K(18432K)->18235K(18432K) Class: 3814K(3968K)->3814K(3968K)
[28.082s][info][gc          ] GC(60) Pause Full (System.gc()) 770M->770M(5888M) 383.956ms
[28.553s][info][gc,metaspace] GC(61) Metaspace: 22050K(22400K)->22050K(22400K) NonClass: 18235K(18432K)->18235K(18432K) Class: 3814K(3968K)->3814K(3968K)
[28.554s][info][gc          ] GC(61) Pause Full (System.gc()) 770M->770M(5888M) 471.850ms
[28.942s][info][gc,metaspace] GC(62) Metaspace: 22050K(22400K)->22050K(22400K) NonClass: 18235K(18432K)->18235K(18432K) Class: 3814K(3968K)->3814K(3968K)
[28.942s][info][gc          ] GC(62) Pause Full (System.gc()) 770M->770M(5888M) 388.591ms
[29.323s][info][gc,metaspace] GC(63) Metaspace: 22050K(22400K)->22050K(22400K) NonClass: 18235K(18432K)->18235K(18432K) Class: 3814K(3968K)->3814K(3968K)
[29.323s][info][gc          ] GC(63) Pause Full (System.gc()) 770M->770M(5888M) 381.122ms
[29.716s][info][gc,metaspace] GC(64) Metaspace: 22050K(22400K)->22050K(22400K) NonClass: 18235K(18432K)->18235K(18432K) Class: 3814K(3968K)->3814K(3968K)
[29.716s][info][gc          ] GC(64) Pause Full (System.gc()) 770M->770M(5888M) 392.899ms
[30.108s][info][gc,metaspace] GC(65) Metaspace: 22050K(22400K)->22050K(22400K) NonClass: 18235K(18432K)->18235K(18432K) Class: 3814K(3968K)->3814K(3968K)
[30.108s][info][gc          ] GC(65) Pause Full (System.gc()) 770M->770M(5888M) 391.178ms
[30.526s][info][gc,metaspace] GC(66) Metaspace: 22050K(22400K)->22050K(22400K) NonClass: 18235K(18432K)->18235K(18432K) Class: 3814K(3968K)->3814K(3968K)
[30.526s][info][gc          ] GC(66) Pause Full (System.gc()) 770M->770M(5888M) 418.256ms
[30.915s][info][gc,metaspace] GC(67) Metaspace: 22050K(22400K)->22050K(22400K) NonClass: 18235K(18432K)->18235K(18432K) Class: 3814K(3968K)->3814K(3968K)
[30.915s][info][gc          ] GC(67) Pause Full (System.gc()) 770M->770M(5888M) 389.076ms
[31.314s][info][gc,metaspace] GC(68) Metaspace: 22050K(22400K)->22050K(22400K) NonClass: 18235K(18432K)->18235K(18432K) Class: 3814K(3968K)->3814K(3968K)
[31.314s][info][gc          ] GC(68) Pause Full (System.gc()) 770M->770M(5888M) 398.825ms
[31.707s][info][gc,metaspace] GC(69) Metaspace: 22050K(22400K)->22050K(22400K) NonClass: 18235K(18432K)->18235K(18432K) Class: 3814K(3968K)->3814K(3968K)
[31.707s][info][gc          ] GC(69) Pause Full (System.gc()) 770M->770M(5888M) 392.864ms
[32.090s][info][gc,metaspace] GC(70) Metaspace: 22050K(22400K)->22050K(22400K) NonClass: 18235K(18432K)->18235K(18432K) Class: 3814K(3968K)->3814K(3968K)
[32.090s][info][gc          ] GC(70) Pause Full (System.gc()) 770M->770M(5888M) 382.762ms
[32.564s][info][gc,metaspace] GC(71) Metaspace: 22050K(22400K)->22050K(22400K) NonClass: 18235K(18432K)->18235K(18432K) Class: 3814K(3968K)->3814K(3968K)
[32.564s][info][gc          ] GC(71) Pause Full (System.gc()) 770M->770M(5888M) 473.990ms
[32.970s][info][gc,metaspace] GC(72) Metaspace: 22050K(22400K)->22050K(22400K) NonClass: 18235K(18432K)->18235K(18432K) Class: 3814K(3968K)->3814K(3968K)
[32.970s][info][gc          ] GC(72) Pause Full (System.gc()) 770M->770M(5888M) 405.766ms
[33.353s][info][gc,metaspace] GC(73) Metaspace: 22050K(22400K)->22050K(22400K) NonClass: 18235K(18432K)->18235K(18432K) Class: 3814K(3968K)->3814K(3968K)
[33.353s][info][gc          ] GC(73) Pause Full (System.gc()) 770M->770M(5888M) 383.471ms
[33.740s][info][gc,metaspace] GC(74) Metaspace: 22050K(22400K)->22050K(22400K) NonClass: 18235K(18432K)->18235K(18432K) Class: 3814K(3968K)->3814K(3968K)
[33.740s][info][gc          ] GC(74) Pause Full (System.gc()) 770M->770M(5888M) 387.100ms
[34.132s][info][gc,metaspace] GC(75) Metaspace: 22050K(22400K)->22050K(22400K) NonClass: 18235K(18432K)->18235K(18432K) Class: 3814K(3968K)->3814K(3968K)
[34.132s][info][gc          ] GC(75) Pause Full (System.gc()) 770M->770M(5888M) 391.048ms
[34.605s][info][gc,metaspace] GC(76) Metaspace: 22050K(22400K)->22050K(22400K) NonClass: 18235K(18432K)->18235K(18432K) Class: 3814K(3968K)->3814K(3968K)
[34.605s][info][gc          ] GC(76) Pause Full (System.gc()) 770M->770M(5888M) 473.600ms
[34.991s][info][gc,metaspace] GC(77) Metaspace: 22050K(22400K)->22050K(22400K) NonClass: 18235K(18432K)->18235K(18432K) Class: 3814K(3968K)->3814K(3968K)
[34.991s][info][gc          ] GC(77) Pause Full (System.gc()) 770M->770M(5888M) 385.327ms
[35.389s][info][gc,metaspace] GC(78) Metaspace: 22050K(22400K)->22050K(22400K) NonClass: 18235K(18432K)->18235K(18432K) Class: 3814K(3968K)->3814K(3968K)
[35.389s][info][gc          ] GC(78) Pause Full (System.gc()) 770M->770M(5888M) 398.146ms
[35.773s][info][gc,metaspace] GC(79) Metaspace: 22050K(22400K)->22050K(22400K) NonClass: 18235K(18432K)->18235K(18432K) Class: 3814K(3968K)->3814K(3968K)
[35.773s][info][gc          ] GC(79) Pause Full (System.gc()) 770M->770M(5888M) 383.959ms
[36.165s][info][gc,metaspace] GC(80) Metaspace: 22050K(22400K)->22050K(22400K) NonClass: 18235K(18432K)->18235K(18432K) Class: 3814K(3968K)->3814K(3968K)
[36.165s][info][gc          ] GC(80) Pause Full (System.gc()) 770M->770M(5888M) 391.550ms
[36.650s][info][gc,metaspace] GC(81) Metaspace: 22050K(22400K)->22050K(22400K) NonClass: 18235K(18432K)->18235K(18432K) Class: 3814K(3968K)->3814K(3968K)
[36.650s][info][gc          ] GC(81) Pause Full (System.gc()) 770M->770M(5888M) 485.109ms
[37.037s][info][gc,metaspace] GC(82) Metaspace: 22050K(22400K)->22050K(22400K) NonClass: 18235K(18432K)->18235K(18432K) Class: 3814K(3968K)->3814K(3968K)
[37.038s][info][gc          ] GC(82) Pause Full (System.gc()) 770M->770M(5888M) 387.718ms
[37.468s][info][gc,metaspace] GC(83) Metaspace: 22050K(22400K)->22050K(22400K) NonClass: 18235K(18432K)->18235K(18432K) Class: 3814K(3968K)->3814K(3968K)
[37.468s][info][gc          ] GC(83) Pause Full (System.gc()) 770M->770M(5888M) 430.049ms
[37.861s][info][gc,metaspace] GC(84) Metaspace: 22050K(22400K)->22050K(22400K) NonClass: 18235K(18432K)->18235K(18432K) Class: 3814K(3968K)->3814K(3968K)
[37.861s][info][gc          ] GC(84) Pause Full (System.gc()) 770M->770M(5888M) 393.617ms
[38.243s][info][gc,metaspace] GC(85) Metaspace: 22050K(22400K)->22050K(22400K) NonClass: 18235K(18432K)->18235K(18432K) Class: 3814K(3968K)->3814K(3968K)
[38.243s][info][gc          ] GC(85) Pause Full (System.gc()) 770M->770M(5888M) 381.342ms
[38.628s][info][gc,metaspace] GC(86) Metaspace: 22050K(22400K)->22050K(22400K) NonClass: 18235K(18432K)->18235K(18432K) Class: 3814K(3968K)->3814K(3968K)
[38.628s][info][gc          ] GC(86) Pause Full (System.gc()) 770M->770M(5888M) 385.329ms
[39.018s][info][gc,metaspace] GC(87) Metaspace: 22050K(22400K)->22050K(22400K) NonClass: 18235K(18432K)->18235K(18432K) Class: 3814K(3968K)->3814K(3968K)
[39.018s][info][gc          ] GC(87) Pause Full (System.gc()) 770M->770M(5888M) 385.221ms
[39.437s][info][gc,metaspace] GC(88) Metaspace: 22050K(22400K)->22050K(22400K) NonClass: 18235K(18432K)->18235K(18432K) Class: 3814K(3968K)->3814K(3968K)
[39.437s][info][gc          ] GC(88) Pause Full (System.gc()) 770M->770M(5888M) 419.651ms
[39.837s][info][gc,metaspace] GC(89) Metaspace: 22050K(22400K)->22050K(22400K) NonClass: 18235K(18432K)->18235K(18432K) Class: 3814K(3968K)->3814K(3968K)
[39.837s][info][gc          ] GC(89) Pause Full (System.gc()) 770M->770M(5888M) 399.849ms
[40.221s][info][gc,metaspace] GC(90) Metaspace: 22050K(22400K)->22050K(22400K) NonClass: 18235K(18432K)->18235K(18432K) Class: 3814K(3968K)->3814K(3968K)
[40.221s][info][gc          ] GC(90) Pause Full (System.gc()) 770M->770M(5888M) 383.575ms
[40.643s][info][gc,metaspace] GC(91) Metaspace: 22050K(22400K)->22050K(22400K) NonClass: 18235K(18432K)->18235K(18432K) Class: 3814K(3968K)->3814K(3968K)
[40.643s][info][gc          ] GC(91) Pause Full (System.gc()) 770M->770M(5888M) 421.758ms
[41.037s][info][gc,metaspace] GC(92) Metaspace: 22050K(22400K)->22050K(22400K) NonClass: 18235K(18432K)->18235K(18432K) Class: 3814K(3968K)->3814K(3968K)
[41.037s][info][gc          ] GC(92) Pause Full (System.gc()) 770M->770M(5888M) 394.407ms
[41.458s][info][gc,metaspace] GC(93) Metaspace: 22050K(22400K)->22050K(22400K) NonClass: 18235K(18432K)->18235K(18432K) Class: 3814K(3968K)->3814K(3968K)
[41.458s][info][gc          ] GC(93) Pause Full (System.gc()) 770M->770M(5888M) 420.713ms
[41.848s][info][gc,metaspace] GC(94) Metaspace: 22050K(22400K)->22050K(22400K) NonClass: 18235K(18432K)->18235K(18432K) Class: 3814K(3968K)->3814K(3968K)
[41.848s][info][gc          ] GC(94) Pause Full (System.gc()) 770M->770M(5888M) 389.674ms
[42.233s][info][gc,metaspace] GC(95) Metaspace: 22050K(22400K)->22050K(22400K) NonClass: 18235K(18432K)->18235K(18432K) Class: 3814K(3968K)->3814K(3968K)
[42.233s][info][gc          ] GC(95) Pause Full (System.gc()) 770M->770M(5888M) 385.459ms
[42.670s][info][gc,metaspace] GC(96) Metaspace: 22050K(22400K)->22050K(22400K) NonClass: 18235K(18432K)->18235K(18432K) Class: 3814K(3968K)->3814K(3968K)
[42.670s][info][gc          ] GC(96) Pause Full (System.gc()) 770M->770M(5888M) 436.365ms
[43.074s][info][gc,metaspace] GC(97) Metaspace: 22050K(22400K)->22050K(22400K) NonClass: 18235K(18432K)->18235K(18432K) Class: 3814K(3968K)->3814K(3968K)
[43.074s][info][gc          ] GC(97) Pause Full (System.gc()) 770M->770M(5888M) 403.791ms
[43.491s][info][gc,metaspace] GC(98) Metaspace: 22050K(22400K)->22050K(22400K) NonClass: 18235K(18432K)->18235K(18432K) Class: 3814K(3968K)->3814K(3968K)
[43.491s][info][gc          ] GC(98) Pause Full (System.gc()) 770M->770M(5888M) 417.585ms
[43.881s][info][gc,metaspace] GC(99) Metaspace: 22050K(22400K)->22050K(22400K) NonClass: 18235K(18432K)->18235K(18432K) Class: 3814K(3968K)->3814K(3968K)
[43.881s][info][gc          ] GC(99) Pause Full (System.gc()) 770M->770M(5888M) 389.439ms
[44.270s][info][gc,metaspace] GC(100) Metaspace: 22050K(22400K)->22050K(22400K) NonClass: 18235K(18432K)->18235K(18432K) Class: 3814K(3968K)->3814K(3968K)
[44.270s][info][gc          ] GC(100) Pause Full (System.gc()) 770M->770M(5888M) 389.356ms
After GCs... 
