Done; will start GCs... 
[4.435s][info][gc,metaspace] GC(1) Metaspace: 22046K(22400K)->22046K(22400K) NonClass: 18231K(18432K)->18231K(18432K) Class: 3814K(3968K)->3814K(3968K)
[4.435s][info][gc          ] GC(1) Pause Full (System.gc()) 873M->770M(5888M) 641.038ms
[4.861s][info][gc,metaspace] GC(2) Metaspace: 22046K(22400K)->22046K(22400K) NonClass: 18231K(18432K)->18231K(18432K) Class: 3814K(3968K)->3814K(3968K)
[4.861s][info][gc          ] GC(2) Pause Full (System.gc()) 770M->770M(5888M) 422.674ms
[5.259s][info][gc,metaspace] GC(3) Metaspace: 22046K(22400K)->22046K(22400K) NonClass: 18231K(18432K)->18231K(18432K) Class: 3814K(3968K)->3814K(3968K)
[5.259s][info][gc          ] GC(3) Pause Full (System.gc()) 770M->770M(5888M) 397.701ms
[5.647s][info][gc,metaspace] GC(4) Metaspace: 22046K(22400K)->22046K(22400K) NonClass: 18231K(18432K)->18231K(18432K) Class: 3814K(3968K)->3814K(3968K)
[5.647s][info][gc          ] GC(4) Pause Full (System.gc()) 770M->770M(5888M) 388.017ms
[6.053s][info][gc,metaspace] GC(5) Metaspace: 22046K(22400K)->22046K(22400K) NonClass: 18231K(18432K)->18231K(18432K) Class: 3814K(3968K)->3814K(3968K)
[6.053s][info][gc          ] GC(5) Pause Full (System.gc()) 770M->770M(5888M) 405.787ms
[6.435s][info][gc,metaspace] GC(6) Metaspace: 22046K(22400K)->22046K(22400K) NonClass: 18231K(18432K)->18231K(18432K) Class: 3814K(3968K)->3814K(3968K)
[6.435s][info][gc          ] GC(6) Pause Full (System.gc()) 770M->770M(5888M) 381.892ms
[6.861s][info][gc,metaspace] GC(7) Metaspace: 22046K(22400K)->22046K(22400K) NonClass: 18231K(18432K)->18231K(18432K) Class: 3814K(3968K)->3814K(3968K)
[6.861s][info][gc          ] GC(7) Pause Full (System.gc()) 770M->770M(5888M) 426.719ms
[7.267s][info][gc,metaspace] GC(8) Metaspace: 22046K(22400K)->22046K(22400K) NonClass: 18231K(18432K)->18231K(18432K) Class: 3814K(3968K)->3814K(3968K)
[7.267s][info][gc          ] GC(8) Pause Full (System.gc()) 770M->770M(5888M) 405.220ms
[7.649s][info][gc,metaspace] GC(9) Metaspace: 22046K(22400K)->22046K(22400K) NonClass: 18231K(18432K)->18231K(18432K) Class: 3814K(3968K)->3814K(3968K)
[7.649s][info][gc          ] GC(9) Pause Full (System.gc()) 770M->770M(5888M) 382.430ms
[8.040s][info][gc,metaspace] GC(10) Metaspace: 22046K(22400K)->22046K(22400K) NonClass: 18231K(18432K)->18231K(18432K) Class: 3814K(3968K)->3814K(3968K)
[8.040s][info][gc          ] GC(10) Pause Full (System.gc()) 770M->770M(5888M) 390.439ms
[8.427s][info][gc,metaspace] GC(11) Metaspace: 22046K(22400K)->22046K(22400K) NonClass: 18231K(18432K)->18231K(18432K) Class: 3814K(3968K)->3814K(3968K)
[8.427s][info][gc          ] GC(11) Pause Full (System.gc()) 770M->770M(5888M) 387.487ms
[8.842s][info][gc,metaspace] GC(12) Metaspace: 22046K(22400K)->22046K(22400K) NonClass: 18231K(18432K)->18231K(18432K) Class: 3814K(3968K)->3814K(3968K)
[8.842s][info][gc          ] GC(12) Pause Full (System.gc()) 770M->770M(5888M) 414.369ms
[9.241s][info][gc,metaspace] GC(13) Metaspace: 22047K(22400K)->22047K(22400K) NonClass: 18232K(18432K)->18232K(18432K) Class: 3814K(3968K)->3814K(3968K)
[9.241s][info][gc          ] GC(13) Pause Full (System.gc()) 770M->770M(5888M) 398.607ms
[9.622s][info][gc,metaspace] GC(14) Metaspace: 22047K(22400K)->22047K(22400K) NonClass: 18232K(18432K)->18232K(18432K) Class: 3814K(3968K)->3814K(3968K)
[9.622s][info][gc          ] GC(14) Pause Full (System.gc()) 770M->770M(5888M) 381.034ms
[10.013s][info][gc,metaspace] GC(15) Metaspace: 22047K(22400K)->22047K(22400K) NonClass: 18232K(18432K)->18232K(18432K) Class: 3814K(3968K)->3814K(3968K)
[10.013s][info][gc          ] GC(15) Pause Full (System.gc()) 770M->770M(5888M) 390.944ms
[10.395s][info][gc,metaspace] GC(16) Metaspace: 22047K(22400K)->22047K(22400K) NonClass: 18232K(18432K)->18232K(18432K) Class: 3814K(3968K)->3814K(3968K)
[10.395s][info][gc          ] GC(16) Pause Full (System.gc()) 770M->770M(5888M) 381.841ms
[10.817s][info][gc,metaspace] GC(17) Metaspace: 22047K(22400K)->22047K(22400K) NonClass: 18232K(18432K)->18232K(18432K) Class: 3814K(3968K)->3814K(3968K)
[10.817s][info][gc          ] GC(17) Pause Full (System.gc()) 770M->770M(5888M) 421.834ms
[11.206s][info][gc,metaspace] GC(18) Metaspace: 22047K(22400K)->22047K(22400K) NonClass: 18232K(18432K)->18232K(18432K) Class: 3814K(3968K)->3814K(3968K)
[11.206s][info][gc          ] GC(18) Pause Full (System.gc()) 770M->770M(5888M) 389.174ms
[11.587s][info][gc,metaspace] GC(19) Metaspace: 22047K(22400K)->22047K(22400K) NonClass: 18232K(18432K)->18232K(18432K) Class: 3814K(3968K)->3814K(3968K)
[11.587s][info][gc          ] GC(19) Pause Full (System.gc()) 770M->770M(5888M) 381.211ms
[11.990s][info][gc,metaspace] GC(20) Metaspace: 22047K(22400K)->22047K(22400K) NonClass: 18232K(18432K)->18232K(18432K) Class: 3814K(3968K)->3814K(3968K)
[11.990s][info][gc          ] GC(20) Pause Full (System.gc()) 770M->770M(5888M) 402.702ms
[12.384s][info][gc,metaspace] GC(21) Metaspace: 22047K(22400K)->22047K(22400K) NonClass: 18232K(18432K)->18232K(18432K) Class: 3814K(3968K)->3814K(3968K)
[12.384s][info][gc          ] GC(21) Pause Full (System.gc()) 770M->770M(5888M) 394.242ms
[12.820s][info][gc,metaspace] GC(22) Metaspace: 22047K(22400K)->22047K(22400K) NonClass: 18232K(18432K)->18232K(18432K) Class: 3814K(3968K)->3814K(3968K)
[12.820s][info][gc          ] GC(22) Pause Full (System.gc()) 770M->770M(5888M) 435.224ms
[13.213s][info][gc,metaspace] GC(23) Metaspace: 22047K(22400K)->22047K(22400K) NonClass: 18232K(18432K)->18232K(18432K) Class: 3814K(3968K)->3814K(3968K)
[13.213s][info][gc          ] GC(23) Pause Full (System.gc()) 770M->770M(5888M) 393.291ms
[13.601s][info][gc,metaspace] GC(24) Metaspace: 22047K(22400K)->22047K(22400K) NonClass: 18232K(18432K)->18232K(18432K) Class: 3814K(3968K)->3814K(3968K)
[13.602s][info][gc          ] GC(24) Pause Full (System.gc()) 770M->770M(5888M) 388.338ms
[13.989s][info][gc,metaspace] GC(25) Metaspace: 22047K(22400K)->22047K(22400K) NonClass: 18232K(18432K)->18232K(18432K) Class: 3814K(3968K)->3814K(3968K)
[13.989s][info][gc          ] GC(25) Pause Full (System.gc()) 770M->770M(5888M) 387.360ms
[14.387s][info][gc,metaspace] GC(26) Metaspace: 22047K(22400K)->22047K(22400K) NonClass: 18232K(18432K)->18232K(18432K) Class: 3814K(3968K)->3814K(3968K)
[14.387s][info][gc          ] GC(26) Pause Full (System.gc()) 770M->770M(5888M) 397.645ms
[14.807s][info][gc,metaspace] GC(27) Metaspace: 22047K(22400K)->22047K(22400K) NonClass: 18232K(18432K)->18232K(18432K) Class: 3814K(3968K)->3814K(3968K)
[14.807s][info][gc          ] GC(27) Pause Full (System.gc()) 770M->770M(5888M) 420.096ms
[15.201s][info][gc,metaspace] GC(28) Metaspace: 22047K(22400K)->22047K(22400K) NonClass: 18232K(18432K)->18232K(18432K) Class: 3814K(3968K)->3814K(3968K)
[15.202s][info][gc          ] GC(28) Pause Full (System.gc()) 770M->770M(5888M) 394.552ms
[15.595s][info][gc,metaspace] GC(29) Metaspace: 22047K(22400K)->22047K(22400K) NonClass: 18232K(18432K)->18232K(18432K) Class: 3814K(3968K)->3814K(3968K)
[15.595s][info][gc          ] GC(29) Pause Full (System.gc()) 770M->770M(5888M) 393.523ms
[16.005s][info][gc,metaspace] GC(30) Metaspace: 22047K(22400K)->22047K(22400K) NonClass: 18232K(18432K)->18232K(18432K) Class: 3814K(3968K)->3814K(3968K)
[16.005s][info][gc          ] GC(30) Pause Full (System.gc()) 770M->770M(5888M) 409.509ms
[16.388s][info][gc,metaspace] GC(31) Metaspace: 22047K(22400K)->22047K(22400K) NonClass: 18232K(18432K)->18232K(18432K) Class: 3814K(3968K)->3814K(3968K)
[16.388s][info][gc          ] GC(31) Pause Full (System.gc()) 770M->770M(5888M) 383.536ms
[16.822s][info][gc,metaspace] GC(32) Metaspace: 22047K(22400K)->22047K(22400K) NonClass: 18232K(18432K)->18232K(18432K) Class: 3814K(3968K)->3814K(3968K)
[16.822s][info][gc          ] GC(32) Pause Full (System.gc()) 770M->770M(5888M) 434.029ms
[17.218s][info][gc,metaspace] GC(33) Metaspace: 22047K(22400K)->22047K(22400K) NonClass: 18232K(18432K)->18232K(18432K) Class: 3814K(3968K)->3814K(3968K)
[17.218s][info][gc          ] GC(33) Pause Full (System.gc()) 770M->770M(5888M) 395.596ms
[17.601s][info][gc,metaspace] GC(34) Metaspace: 22047K(22400K)->22047K(22400K) NonClass: 18232K(18432K)->18232K(18432K) Class: 3814K(3968K)->3814K(3968K)
[17.601s][info][gc          ] GC(34) Pause Full (System.gc()) 770M->770M(5888M) 382.398ms
[17.989s][info][gc,metaspace] GC(35) Metaspace: 22047K(22400K)->22047K(22400K) NonClass: 18232K(18432K)->18232K(18432K) Class: 3814K(3968K)->3814K(3968K)
[17.989s][info][gc          ] GC(35) Pause Full (System.gc()) 770M->770M(5888M) 388.765ms
[18.369s][info][gc,metaspace] GC(36) Metaspace: 22047K(22400K)->22047K(22400K) NonClass: 18232K(18432K)->18232K(18432K) Class: 3814K(3968K)->3814K(3968K)
[18.369s][info][gc          ] GC(36) Pause Full (System.gc()) 770M->770M(5888M) 379.633ms
[18.797s][info][gc,metaspace] GC(37) Metaspace: 22047K(22400K)->22047K(22400K) NonClass: 18232K(18432K)->18232K(18432K) Class: 3814K(3968K)->3814K(3968K)
[18.797s][info][gc          ] GC(37) Pause Full (System.gc()) 770M->770M(5888M) 428.072ms
[19.186s][info][gc,metaspace] GC(38) Metaspace: 22047K(22400K)->22047K(22400K) NonClass: 18232K(18432K)->18232K(18432K) Class: 3814K(3968K)->3814K(3968K)
[19.186s][info][gc          ] GC(38) Pause Full (System.gc()) 770M->770M(5888M) 388.568ms
[19.567s][info][gc,metaspace] GC(39) Metaspace: 22047K(22400K)->22047K(22400K) NonClass: 18232K(18432K)->18232K(18432K) Class: 3814K(3968K)->3814K(3968K)
[19.567s][info][gc          ] GC(39) Pause Full (System.gc()) 770M->770M(5888M) 381.316ms
[19.988s][info][gc,metaspace] GC(40) Metaspace: 22047K(22400K)->22047K(22400K) NonClass: 18232K(18432K)->18232K(18432K) Class: 3814K(3968K)->3814K(3968K)
[19.988s][info][gc          ] GC(40) Pause Full (System.gc()) 770M->770M(5888M) 421.012ms
[20.388s][info][gc,metaspace] GC(41) Metaspace: 22047K(22400K)->22047K(22400K) NonClass: 18232K(18432K)->18232K(18432K) Class: 3814K(3968K)->3814K(3968K)
[20.388s][info][gc          ] GC(41) Pause Full (System.gc()) 770M->770M(5888M) 399.878ms
[20.803s][info][gc,metaspace] GC(42) Metaspace: 22047K(22400K)->22047K(22400K) NonClass: 18232K(18432K)->18232K(18432K) Class: 3814K(3968K)->3814K(3968K)
[20.803s][info][gc          ] GC(42) Pause Full (System.gc()) 770M->770M(5888M) 414.491ms
[21.191s][info][gc,metaspace] GC(43) Metaspace: 22047K(22400K)->22047K(22400K) NonClass: 18232K(18432K)->18232K(18432K) Class: 3814K(3968K)->3814K(3968K)
[21.191s][info][gc          ] GC(43) Pause Full (System.gc()) 770M->770M(5888M) 387.633ms
[21.587s][info][gc,metaspace] GC(44) Metaspace: 22047K(22400K)->22047K(22400K) NonClass: 18232K(18432K)->18232K(18432K) Class: 3814K(3968K)->3814K(3968K)
[21.587s][info][gc          ] GC(44) Pause Full (System.gc()) 770M->770M(5888M) 396.757ms
[21.981s][info][gc,metaspace] GC(45) Metaspace: 22047K(22400K)->22047K(22400K) NonClass: 18232K(18432K)->18232K(18432K) Class: 3814K(3968K)->3814K(3968K)
[21.981s][info][gc          ] GC(45) Pause Full (System.gc()) 770M->770M(5888M) 393.821ms
[22.367s][info][gc,metaspace] GC(46) Metaspace: 22047K(22400K)->22047K(22400K) NonClass: 18232K(18432K)->18232K(18432K) Class: 3814K(3968K)->3814K(3968K)
[22.367s][info][gc          ] GC(46) Pause Full (System.gc()) 770M->770M(5888M) 385.807ms
[22.790s][info][gc,metaspace] GC(47) Metaspace: 22047K(22400K)->22047K(22400K) NonClass: 18232K(18432K)->18232K(18432K) Class: 3814K(3968K)->3814K(3968K)
[22.790s][info][gc          ] GC(47) Pause Full (System.gc()) 770M->770M(5888M) 422.732ms
[23.180s][info][gc,metaspace] GC(48) Metaspace: 22047K(22400K)->22047K(22400K) NonClass: 18232K(18432K)->18232K(18432K) Class: 3814K(3968K)->3814K(3968K)
[23.180s][info][gc          ] GC(48) Pause Full (System.gc()) 770M->770M(5888M) 390.008ms
[23.568s][info][gc,metaspace] GC(49) Metaspace: 22047K(22400K)->22047K(22400K) NonClass: 18232K(18432K)->18232K(18432K) Class: 3814K(3968K)->3814K(3968K)
[23.568s][info][gc          ] GC(49) Pause Full (System.gc()) 770M->770M(5888M) 387.681ms
[23.958s][info][gc,metaspace] GC(50) Metaspace: 22047K(22400K)->22047K(22400K) NonClass: 18232K(18432K)->18232K(18432K) Class: 3814K(3968K)->3814K(3968K)
[23.958s][info][gc          ] GC(50) Pause Full (System.gc()) 770M->770M(5888M) 389.936ms
[24.350s][info][gc,metaspace] GC(51) Metaspace: 22047K(22400K)->22047K(22400K) NonClass: 18232K(18432K)->18232K(18432K) Class: 3814K(3968K)->3814K(3968K)
[24.351s][info][gc          ] GC(51) Pause Full (System.gc()) 770M->770M(5888M) 392.554ms
[24.777s][info][gc,metaspace] GC(52) Metaspace: 22047K(22400K)->22047K(22400K) NonClass: 18232K(18432K)->18232K(18432K) Class: 3814K(3968K)->3814K(3968K)
[24.777s][info][gc          ] GC(52) Pause Full (System.gc()) 770M->770M(5888M) 426.007ms
[25.239s][info][gc,metaspace] GC(53) Metaspace: 22047K(22400K)->22047K(22400K) NonClass: 18232K(18432K)->18232K(18432K) Class: 3814K(3968K)->3814K(3968K)
[25.239s][info][gc          ] GC(53) Pause Full (System.gc()) 770M->770M(5888M) 462.480ms
[25.630s][info][gc,metaspace] GC(54) Metaspace: 22047K(22400K)->22047K(22400K) NonClass: 18232K(18432K)->18232K(18432K) Class: 3814K(3968K)->3814K(3968K)
[25.630s][info][gc          ] GC(54) Pause Full (System.gc()) 770M->770M(5888M) 390.341ms
[26.025s][info][gc,metaspace] GC(55) Metaspace: 22047K(22400K)->22047K(22400K) NonClass: 18232K(18432K)->18232K(18432K) Class: 3814K(3968K)->3814K(3968K)
[26.025s][info][gc          ] GC(55) Pause Full (System.gc()) 770M->770M(5888M) 395.655ms
[26.416s][info][gc,metaspace] GC(56) Metaspace: 22047K(22400K)->22047K(22400K) NonClass: 18232K(18432K)->18232K(18432K) Class: 3814K(3968K)->3814K(3968K)
[26.416s][info][gc          ] GC(56) Pause Full (System.gc()) 770M->770M(5888M) 390.406ms
[26.892s][info][gc,metaspace] GC(57) Metaspace: 22047K(22400K)->22047K(22400K) NonClass: 18232K(18432K)->18232K(18432K) Class: 3814K(3968K)->3814K(3968K)
[26.892s][info][gc          ] GC(57) Pause Full (System.gc()) 770M->770M(5888M) 476.350ms
[27.297s][info][gc,metaspace] GC(58) Metaspace: 22047K(22400K)->22047K(22400K) NonClass: 18232K(18432K)->18232K(18432K) Class: 3814K(3968K)->3814K(3968K)
[27.297s][info][gc          ] GC(58) Pause Full (System.gc()) 770M->770M(5888M) 405.121ms
[27.693s][info][gc,metaspace] GC(59) Metaspace: 22047K(22400K)->22047K(22400K) NonClass: 18232K(18432K)->18232K(18432K) Class: 3814K(3968K)->3814K(3968K)
[27.693s][info][gc          ] GC(59) Pause Full (System.gc()) 770M->770M(5888M) 395.120ms
[28.084s][info][gc,metaspace] GC(60) Metaspace: 22047K(22400K)->22047K(22400K) NonClass: 18232K(18432K)->18232K(18432K) Class: 3814K(3968K)->3814K(3968K)
[28.084s][info][gc          ] GC(60) Pause Full (System.gc()) 770M->770M(5888M) 391.580ms
[28.476s][info][gc,metaspace] GC(61) Metaspace: 22047K(22400K)->22047K(22400K) NonClass: 18232K(18432K)->18232K(18432K) Class: 3814K(3968K)->3814K(3968K)
[28.476s][info][gc          ] GC(61) Pause Full (System.gc()) 770M->770M(5888M) 391.582ms
[28.877s][info][gc,metaspace] GC(62) Metaspace: 22047K(22400K)->22047K(22400K) NonClass: 18232K(18432K)->18232K(18432K) Class: 3814K(3968K)->3814K(3968K)
[28.878s][info][gc          ] GC(62) Pause Full (System.gc()) 770M->770M(5888M) 401.470ms
[29.259s][info][gc,metaspace] GC(63) Metaspace: 22047K(22400K)->22047K(22400K) NonClass: 18232K(18432K)->18232K(18432K) Class: 3814K(3968K)->3814K(3968K)
[29.259s][info][gc          ] GC(63) Pause Full (System.gc()) 770M->770M(5888M) 381.103ms
[29.644s][info][gc,metaspace] GC(64) Metaspace: 22047K(22400K)->22047K(22400K) NonClass: 18232K(18432K)->18232K(18432K) Class: 3814K(3968K)->3814K(3968K)
[29.644s][info][gc          ] GC(64) Pause Full (System.gc()) 770M->770M(5888M) 384.796ms
[30.045s][info][gc,metaspace] GC(65) Metaspace: 22047K(22400K)->22047K(22400K) NonClass: 18232K(18432K)->18232K(18432K) Class: 3814K(3968K)->3814K(3968K)
[30.045s][info][gc          ] GC(65) Pause Full (System.gc()) 770M->770M(5888M) 401.379ms
[30.442s][info][gc,metaspace] GC(66) Metaspace: 22047K(22400K)->22047K(22400K) NonClass: 18232K(18432K)->18232K(18432K) Class: 3814K(3968K)->3814K(3968K)
[30.442s][info][gc          ] GC(66) Pause Full (System.gc()) 770M->770M(5888M) 392.624ms
[30.853s][info][gc,metaspace] GC(67) Metaspace: 22047K(22400K)->22047K(22400K) NonClass: 18232K(18432K)->18232K(18432K) Class: 3814K(3968K)->3814K(3968K)
[30.853s][info][gc          ] GC(67) Pause Full (System.gc()) 770M->770M(5888M) 411.138ms
[31.253s][info][gc,metaspace] GC(68) Metaspace: 22047K(22400K)->22047K(22400K) NonClass: 18232K(18432K)->18232K(18432K) Class: 3814K(3968K)->3814K(3968K)
[31.253s][info][gc          ] GC(68) Pause Full (System.gc()) 770M->770M(5888M) 399.963ms
[31.639s][info][gc,metaspace] GC(69) Metaspace: 22047K(22400K)->22047K(22400K) NonClass: 18232K(18432K)->18232K(18432K) Class: 3814K(3968K)->3814K(3968K)
[31.639s][info][gc          ] GC(69) Pause Full (System.gc()) 770M->770M(5888M) 385.241ms
[32.036s][info][gc,metaspace] GC(70) Metaspace: 22047K(22400K)->22047K(22400K) NonClass: 18232K(18432K)->18232K(18432K) Class: 3814K(3968K)->3814K(3968K)
[32.036s][info][gc          ] GC(70) Pause Full (System.gc()) 770M->770M(5888M) 397.312ms
[32.420s][info][gc,metaspace] GC(71) Metaspace: 22047K(22400K)->22047K(22400K) NonClass: 18232K(18432K)->18232K(18432K) Class: 3814K(3968K)->3814K(3968K)
[32.420s][info][gc          ] GC(71) Pause Full (System.gc()) 770M->770M(5888M) 383.821ms
[32.844s][info][gc,metaspace] GC(72) Metaspace: 22047K(22400K)->22047K(22400K) NonClass: 18232K(18432K)->18232K(18432K) Class: 3814K(3968K)->3814K(3968K)
[32.845s][info][gc          ] GC(72) Pause Full (System.gc()) 770M->770M(5888M) 424.641ms
[33.311s][info][gc,metaspace] GC(73) Metaspace: 22047K(22400K)->22047K(22400K) NonClass: 18232K(18432K)->18232K(18432K) Class: 3814K(3968K)->3814K(3968K)
[33.311s][info][gc          ] GC(73) Pause Full (System.gc()) 770M->770M(5888M) 466.430ms
[33.702s][info][gc,metaspace] GC(74) Metaspace: 22047K(22400K)->22047K(22400K) NonClass: 18232K(18432K)->18232K(18432K) Class: 3814K(3968K)->3814K(3968K)
[33.702s][info][gc          ] GC(74) Pause Full (System.gc()) 770M->770M(5888M) 390.468ms
[34.095s][info][gc,metaspace] GC(75) Metaspace: 22047K(22400K)->22047K(22400K) NonClass: 18232K(18432K)->18232K(18432K) Class: 3814K(3968K)->3814K(3968K)
[34.095s][info][gc          ] GC(75) Pause Full (System.gc()) 770M->770M(5888M) 393.187ms
[34.485s][info][gc,metaspace] GC(76) Metaspace: 22047K(22400K)->22047K(22400K) NonClass: 18232K(18432K)->18232K(18432K) Class: 3814K(3968K)->3814K(3968K)
[34.485s][info][gc          ] GC(76) Pause Full (System.gc()) 770M->770M(5888M) 390.372ms
[34.892s][info][gc,metaspace] GC(77) Metaspace: 22047K(22400K)->22047K(22400K) NonClass: 18232K(18432K)->18232K(18432K) Class: 3814K(3968K)->3814K(3968K)
[34.892s][info][gc          ] GC(77) Pause Full (System.gc()) 770M->770M(5888M) 406.546ms
[35.279s][info][gc,metaspace] GC(78) Metaspace: 22047K(22400K)->22047K(22400K) NonClass: 18232K(18432K)->18232K(18432K) Class: 3814K(3968K)->3814K(3968K)
[35.279s][info][gc          ] GC(78) Pause Full (System.gc()) 770M->770M(5888M) 387.075ms
[35.661s][info][gc,metaspace] GC(79) Metaspace: 22047K(22400K)->22047K(22400K) NonClass: 18232K(18432K)->18232K(18432K) Class: 3814K(3968K)->3814K(3968K)
[35.661s][info][gc          ] GC(79) Pause Full (System.gc()) 770M->770M(5888M) 381.535ms
[36.060s][info][gc,metaspace] GC(80) Metaspace: 22047K(22400K)->22047K(22400K) NonClass: 18232K(18432K)->18232K(18432K) Class: 3814K(3968K)->3814K(3968K)
[36.060s][info][gc          ] GC(80) Pause Full (System.gc()) 770M->770M(5888M) 399.181ms
[36.441s][info][gc,metaspace] GC(81) Metaspace: 22047K(22400K)->22047K(22400K) NonClass: 18232K(18432K)->18232K(18432K) Class: 3814K(3968K)->3814K(3968K)
[36.441s][info][gc          ] GC(81) Pause Full (System.gc()) 770M->770M(5888M) 380.591ms
[36.910s][info][gc,metaspace] GC(82) Metaspace: 22047K(22400K)->22047K(22400K) NonClass: 18232K(18432K)->18232K(18432K) Class: 3814K(3968K)->3814K(3968K)
[36.910s][info][gc          ] GC(82) Pause Full (System.gc()) 770M->770M(5888M) 469.359ms
[37.306s][info][gc,metaspace] GC(83) Metaspace: 22047K(22400K)->22047K(22400K) NonClass: 18232K(18432K)->18232K(18432K) Class: 3814K(3968K)->3814K(3968K)
[37.306s][info][gc          ] GC(83) Pause Full (System.gc()) 770M->770M(5888M) 395.994ms
[37.696s][info][gc,metaspace] GC(84) Metaspace: 22047K(22400K)->22047K(22400K) NonClass: 18232K(18432K)->18232K(18432K) Class: 3814K(3968K)->3814K(3968K)
[37.696s][info][gc          ] GC(84) Pause Full (System.gc()) 770M->770M(5888M) 389.550ms
[38.080s][info][gc,metaspace] GC(85) Metaspace: 22047K(22400K)->22047K(22400K) NonClass: 18232K(18432K)->18232K(18432K) Class: 3814K(3968K)->3814K(3968K)
[38.080s][info][gc          ] GC(85) Pause Full (System.gc()) 770M->770M(5888M) 384.358ms
[38.475s][info][gc,metaspace] GC(86) Metaspace: 22047K(22400K)->22047K(22400K) NonClass: 18232K(18432K)->18232K(18432K) Class: 3814K(3968K)->3814K(3968K)
[38.475s][info][gc          ] GC(86) Pause Full (System.gc()) 770M->770M(5888M) 394.435ms
[38.874s][info][gc,metaspace] GC(87) Metaspace: 22047K(22400K)->22047K(22400K) NonClass: 18232K(18432K)->18232K(18432K) Class: 3814K(3968K)->3814K(3968K)
[38.874s][info][gc          ] GC(87) Pause Full (System.gc()) 770M->770M(5888M) 399.114ms
[39.257s][info][gc,metaspace] GC(88) Metaspace: 22047K(22400K)->22047K(22400K) NonClass: 18232K(18432K)->18232K(18432K) Class: 3814K(3968K)->3814K(3968K)
[39.257s][info][gc          ] GC(88) Pause Full (System.gc()) 770M->770M(5888M) 383.029ms
[39.645s][info][gc,metaspace] GC(89) Metaspace: 22047K(22400K)->22047K(22400K) NonClass: 18232K(18432K)->18232K(18432K) Class: 3814K(3968K)->3814K(3968K)
[39.645s][info][gc          ] GC(89) Pause Full (System.gc()) 770M->770M(5888M) 387.944ms
[40.056s][info][gc,metaspace] GC(90) Metaspace: 22047K(22400K)->22047K(22400K) NonClass: 18232K(18432K)->18232K(18432K) Class: 3814K(3968K)->3814K(3968K)
[40.056s][info][gc          ] GC(90) Pause Full (System.gc()) 770M->770M(5888M) 410.686ms
[40.443s][info][gc,metaspace] GC(91) Metaspace: 22047K(22400K)->22047K(22400K) NonClass: 18232K(18432K)->18232K(18432K) Class: 3814K(3968K)->3814K(3968K)
[40.443s][info][gc          ] GC(91) Pause Full (System.gc()) 770M->770M(5888M) 387.184ms
[40.940s][info][gc,metaspace] GC(92) Metaspace: 22047K(22400K)->22047K(22400K) NonClass: 18232K(18432K)->18232K(18432K) Class: 3814K(3968K)->3814K(3968K)
[40.940s][info][gc          ] GC(92) Pause Full (System.gc()) 770M->770M(5888M) 496.885ms
[41.336s][info][gc,metaspace] GC(93) Metaspace: 22047K(22400K)->22047K(22400K) NonClass: 18232K(18432K)->18232K(18432K) Class: 3814K(3968K)->3814K(3968K)
[41.336s][info][gc          ] GC(93) Pause Full (System.gc()) 770M->770M(5888M) 395.397ms
[41.717s][info][gc,metaspace] GC(94) Metaspace: 22047K(22400K)->22047K(22400K) NonClass: 18232K(18432K)->18232K(18432K) Class: 3814K(3968K)->3814K(3968K)
[41.717s][info][gc          ] GC(94) Pause Full (System.gc()) 770M->770M(5888M) 380.959ms
[42.101s][info][gc,metaspace] GC(95) Metaspace: 22047K(22400K)->22047K(22400K) NonClass: 18232K(18432K)->18232K(18432K) Class: 3814K(3968K)->3814K(3968K)
[42.101s][info][gc          ] GC(95) Pause Full (System.gc()) 770M->770M(5888M) 383.904ms
[42.493s][info][gc,metaspace] GC(96) Metaspace: 22047K(22400K)->22047K(22400K) NonClass: 18232K(18432K)->18232K(18432K) Class: 3814K(3968K)->3814K(3968K)
[42.493s][info][gc          ] GC(96) Pause Full (System.gc()) 770M->770M(5888M) 392.837ms
[42.965s][info][gc,metaspace] GC(97) Metaspace: 22047K(22400K)->22047K(22400K) NonClass: 18232K(18432K)->18232K(18432K) Class: 3814K(3968K)->3814K(3968K)
[42.965s][info][gc          ] GC(97) Pause Full (System.gc()) 770M->770M(5888M) 471.720ms
[43.393s][info][gc,metaspace] GC(98) Metaspace: 22047K(22400K)->22047K(22400K) NonClass: 18232K(18432K)->18232K(18432K) Class: 3814K(3968K)->3814K(3968K)
[43.393s][info][gc          ] GC(98) Pause Full (System.gc()) 770M->770M(5888M) 427.394ms
[43.791s][info][gc,metaspace] GC(99) Metaspace: 22047K(22400K)->22047K(22400K) NonClass: 18232K(18432K)->18232K(18432K) Class: 3814K(3968K)->3814K(3968K)
[43.791s][info][gc          ] GC(99) Pause Full (System.gc()) 770M->770M(5888M) 398.001ms
[44.192s][info][gc,metaspace] GC(100) Metaspace: 22047K(22400K)->22047K(22400K) NonClass: 18232K(18432K)->18232K(18432K) Class: 3814K(3968K)->3814K(3968K)
[44.192s][info][gc          ] GC(100) Pause Full (System.gc()) 770M->770M(5888M) 400.975ms
After GCs... 
