Done; will start GCs... 
[64.017s][info][gc,metaspace] GC(33) Metaspace: 89898K(103744K)->89898K(103744K) NonClass: 63150K(69056K)->63150K(69056K) Class: 26747K(34688K)->26747K(34688K)
[64.017s][info][gc          ] GC(33) Pause Full (System.gc()) 1611M->1607M(6144M) 1389.451ms
[65.181s][info][gc,metaspace] GC(34) Metaspace: 89898K(103744K)->89898K(103744K) NonClass: 63150K(69056K)->63150K(69056K) Class: 26747K(34688K)->26747K(34688K)
[65.181s][info][gc          ] GC(34) Pause Full (System.gc()) 1607M->1607M(6144M) 1164.832ms
[66.346s][info][gc,metaspace] GC(35) Metaspace: 89898K(103744K)->89898K(103744K) NonClass: 63150K(69056K)->63150K(69056K) Class: 26747K(34688K)->26747K(34688K)
[66.346s][info][gc          ] GC(35) Pause Full (System.gc()) 1607M->1607M(6144M) 1164.736ms
[67.488s][info][gc,metaspace] GC(36) Metaspace: 89898K(103744K)->89898K(103744K) NonClass: 63150K(69056K)->63150K(69056K) Class: 26747K(34688K)->26747K(34688K)
[67.488s][info][gc          ] GC(36) Pause Full (System.gc()) 1607M->1607M(6144M) 1142.056ms
[68.658s][info][gc,metaspace] GC(37) Metaspace: 89898K(103744K)->89898K(103744K) NonClass: 63150K(69056K)->63150K(69056K) Class: 26747K(34688K)->26747K(34688K)
[68.658s][info][gc          ] GC(37) Pause Full (System.gc()) 1607M->1607M(6144M) 1169.667ms
[69.817s][info][gc,metaspace] GC(38) Metaspace: 89898K(103744K)->89898K(103744K) NonClass: 63150K(69056K)->63150K(69056K) Class: 26747K(34688K)->26747K(34688K)
[69.818s][info][gc          ] GC(38) Pause Full (System.gc()) 1607M->1607M(6144M) 1159.287ms
[70.988s][info][gc,metaspace] GC(39) Metaspace: 89898K(103744K)->89898K(103744K) NonClass: 63150K(69056K)->63150K(69056K) Class: 26747K(34688K)->26747K(34688K)
[70.988s][info][gc          ] GC(39) Pause Full (System.gc()) 1607M->1607M(6144M) 1170.876ms
[72.162s][info][gc,metaspace] GC(40) Metaspace: 89898K(103744K)->89898K(103744K) NonClass: 63150K(69056K)->63150K(69056K) Class: 26747K(34688K)->26747K(34688K)
[72.162s][info][gc          ] GC(40) Pause Full (System.gc()) 1607M->1607M(6144M) 1173.368ms
[73.373s][info][gc,metaspace] GC(41) Metaspace: 89898K(103744K)->89898K(103744K) NonClass: 63150K(69056K)->63150K(69056K) Class: 26747K(34688K)->26747K(34688K)
[73.373s][info][gc          ] GC(41) Pause Full (System.gc()) 1607M->1607M(6144M) 1211.026ms
[74.558s][info][gc,metaspace] GC(42) Metaspace: 89898K(103744K)->89898K(103744K) NonClass: 63150K(69056K)->63150K(69056K) Class: 26747K(34688K)->26747K(34688K)
[74.558s][info][gc          ] GC(42) Pause Full (System.gc()) 1607M->1607M(6144M) 1184.674ms
After GCs... 
