Done; will start GCs... 
[63.310s][info][gc,metaspace] GC(32) Metaspace: 89892K(103744K)->89892K(103744K) NonClass: 63145K(69056K)->63145K(69056K) Class: 26747K(34688K)->26747K(34688K)
[63.310s][info][gc          ] GC(32) Pause Full (System.gc()) 1611M->1607M(6144M) 882.010ms
[64.179s][info][gc,metaspace] GC(33) Metaspace: 89892K(103744K)->89892K(103744K) NonClass: 63145K(69056K)->63145K(69056K) Class: 26747K(34688K)->26747K(34688K)
[64.179s][info][gc          ] GC(33) Pause Full (System.gc()) 1607M->1607M(6144M) 868.914ms
[65.063s][info][gc,metaspace] GC(34) Metaspace: 89892K(103744K)->89892K(103744K) NonClass: 63145K(69056K)->63145K(69056K) Class: 26747K(34688K)->26747K(34688K)
[65.063s][info][gc          ] GC(34) Pause Full (System.gc()) 1607M->1607M(6144M) 884.029ms
[65.920s][info][gc,metaspace] GC(35) Metaspace: 89892K(103744K)->89892K(103744K) NonClass: 63145K(69056K)->63145K(69056K) Class: 26747K(34688K)->26747K(34688K)
[65.920s][info][gc          ] GC(35) Pause Full (System.gc()) 1607M->1607M(6144M) 857.343ms
[66.796s][info][gc,metaspace] GC(36) Metaspace: 89892K(103744K)->89892K(103744K) NonClass: 63145K(69056K)->63145K(69056K) Class: 26747K(34688K)->26747K(34688K)
[66.796s][info][gc          ] GC(36) Pause Full (System.gc()) 1607M->1607M(6144M) 875.940ms
[67.665s][info][gc,metaspace] GC(37) Metaspace: 89892K(103744K)->89892K(103744K) NonClass: 63145K(69056K)->63145K(69056K) Class: 26747K(34688K)->26747K(34688K)
[67.665s][info][gc          ] GC(37) Pause Full (System.gc()) 1607M->1607M(6144M) 868.360ms
[68.549s][info][gc,metaspace] GC(38) Metaspace: 89892K(103744K)->89892K(103744K) NonClass: 63145K(69056K)->63145K(69056K) Class: 26747K(34688K)->26747K(34688K)
[68.549s][info][gc          ] GC(38) Pause Full (System.gc()) 1607M->1607M(6144M) 883.892ms
[69.428s][info][gc,metaspace] GC(39) Metaspace: 89892K(103744K)->89892K(103744K) NonClass: 63145K(69056K)->63145K(69056K) Class: 26747K(34688K)->26747K(34688K)
[69.428s][info][gc          ] GC(39) Pause Full (System.gc()) 1607M->1607M(6144M) 879.214ms
[70.288s][info][gc,metaspace] GC(40) Metaspace: 89892K(103744K)->89892K(103744K) NonClass: 63145K(69056K)->63145K(69056K) Class: 26747K(34688K)->26747K(34688K)
[70.288s][info][gc          ] GC(40) Pause Full (System.gc()) 1607M->1607M(6144M) 859.797ms
[71.150s][info][gc,metaspace] GC(41) Metaspace: 89892K(103744K)->89892K(103744K) NonClass: 63145K(69056K)->63145K(69056K) Class: 26747K(34688K)->26747K(34688K)
[71.150s][info][gc          ] GC(41) Pause Full (System.gc()) 1607M->1607M(6144M) 861.850ms
After GCs... 
