[0.002s][info][metaspace]  - commit_granule_bytes: 65536.
[0.002s][info][metaspace]  - commit_granule_words: 8192.
[0.002s][info][metaspace]  - virtual_space_node_default_size: 8388608.
[0.002s][info][metaspace]  - enlarge_chunks_in_place: 1.
[0.002s][info][metaspace]  - use_allocation_guard: 0.
[0.004s][info][gc       ] Using G1
[0.331s][info][metaspace] Reserving compressed class space anywhere
[0.331s][info][gc,metaspace] CDS archive(s) not mapped
[0.331s][info][gc,metaspace] Compressed class space mapped at: 0x0000000033000000-0x00000000f3000000, reserved size: 3221225472
[0.331s][info][gc,metaspace] UseCompressedClassPointers 1, UseCompactObjectHeaders 1, narrow klass pointer bits 22, max shift 10
[0.331s][info][gc,metaspace] Narrow klass base: 0x0000000033000000, Narrow klass shift: 10, Narrow klass range: 0xc0000000
Random Seed: 12345678
Num Classes: 16384
Num Objects: 67108864
Percent IK Objects: 83.0%)
Percent OAK Objects: 5.0%)
Percent TAK Objects: 12.0%)
Cycles: 10
Loading 16384 pre-generated classes ...
Materialize pre-generated constructors ...
Creating objects...
[1.082s][info][gc,metaspace] GC(0) Metaspace: 36845K(37184K)->36845K(37184K) NonClass: 18679K(18880K)->18679K(18880K) Class: 18165K(18304K)->18165K(18304K)
[1.082s][info][gc          ] GC(0) Pause Full (System.gc()) 70M->11M(6144M) 23.118ms
[1.774s][info][gc,metaspace] GC(1) Metaspace: 37679K(38016K)->37679K(38016K) NonClass: 19514K(19712K)->19514K(19712K) Class: 18165K(18304K)->18165K(18304K)
[1.774s][info][gc          ] GC(1) Pause Young (Normal) (G1 Evacuation Pause) 575M->300M(6144M) 24.930ms
[2.317s][info][gc,metaspace] GC(2) Metaspace: 40005K(41472K)->40005K(41472K) NonClass: 21268K(22080K)->21268K(22080K) Class: 18736K(19392K)->18736K(19392K)
[2.317s][info][gc          ] GC(2) Pause Young (Normal) (G1 Evacuation Pause) 572M->324M(6144M) 31.998ms
[2.868s][info][gc,metaspace] GC(3) Metaspace: 52262K(60416K)->52262K(60416K) NonClass: 30217K(34688K)->30217K(34688K) Class: 22044K(25728K)->22044K(25728K)
[2.868s][info][gc          ] GC(3) Pause Young (Normal) (G1 Evacuation Pause) 604M->329M(6144M) 21.989ms
[3.376s][info][gc,metaspace] GC(4) Metaspace: 64952K(80064K)->64952K(80064K) NonClass: 39479K(47808K)->39479K(47808K) Class: 25473K(32256K)->25473K(32256K)
[3.376s][info][gc          ] GC(4) Pause Young (Normal) (G1 Evacuation Pause) 601M->340M(6144M) 21.633ms
[4.404s][info][gc,metaspace] GC(5) Metaspace: 69668K(87360K)->69668K(87360K) NonClass: 42921K(52672K)->42921K(52672K) Class: 26747K(34688K)->26747K(34688K)
[4.404s][info][gc          ] GC(5) Pause Young (Normal) (G1 Evacuation Pause) 624M->358M(6144M) 25.612ms
[5.734s][info][gc,metaspace] GC(6) Metaspace: 69668K(87360K)->69668K(87360K) NonClass: 42921K(52672K)->42921K(52672K) Class: 26747K(34688K)->26747K(34688K)
[5.734s][info][gc          ] GC(6) Pause Young (Normal) (G1 Evacuation Pause) 626M->379M(6144M) 38.016ms
[7.105s][info][gc,metaspace] GC(7) Metaspace: 69668K(87360K)->69668K(87360K) NonClass: 42921K(52672K)->42921K(52672K) Class: 26747K(34688K)->26747K(34688K)
[7.105s][info][gc          ] GC(7) Pause Young (Normal) (G1 Evacuation Pause) 643M->404M(6144M) 46.232ms
[8.672s][info][gc,metaspace] GC(8) Metaspace: 72566K(89664K)->72566K(89664K) NonClass: 45819K(54976K)->45819K(54976K) Class: 26747K(34688K)->26747K(34688K)
[8.673s][info][gc          ] GC(8) Pause Young (Normal) (G1 Evacuation Pause) 724M->431M(6144M) 36.581ms
[9.863s][info][gc,metaspace] GC(9) Metaspace: 82072K(97408K)->82072K(97408K) NonClass: 55325K(62720K)->55325K(62720K) Class: 26747K(34688K)->26747K(34688K)
[9.863s][info][gc          ] GC(9) Pause Young (Concurrent Start) (CodeCache GC Threshold) 689M->461M(6144M) 43.941ms
[9.863s][info][gc          ] GC(10) Concurrent Mark Cycle
[10.111s][info][gc          ] GC(10) Pause Remark 513M->513M(6144M) 12.662ms
[10.362s][info][gc          ] GC(10) Pause Cleanup 569M->569M(6144M) 0.031ms
[10.368s][info][gc          ] GC(10) Concurrent Mark Cycle 505.040ms
[11.593s][info][gc,metaspace] GC(11) Metaspace: 84589K(99456K)->84589K(99456K) NonClass: 57842K(64768K)->57842K(64768K) Class: 26747K(34688K)->26747K(34688K)
[11.593s][info][gc          ] GC(11) Pause Young (Prepare Mixed) (G1 Evacuation Pause) 849M->491M(6144M) 83.988ms
[12.954s][info][gc,metaspace] GC(12) Metaspace: 89583K(103488K)->89583K(103488K) NonClass: 62836K(68800K)->62836K(68800K) Class: 26747K(34688K)->26747K(34688K)
[12.954s][info][gc          ] GC(12) Pause Young (Mixed) (G1 Evacuation Pause) 839M->525M(6144M) 65.208ms
[14.349s][info][gc,metaspace] GC(13) Metaspace: 89834K(103680K)->89834K(103680K) NonClass: 63087K(68992K)->63087K(68992K) Class: 26747K(34688K)->26747K(34688K)
[14.349s][info][gc          ] GC(13) Pause Young (Normal) (G1 Evacuation Pause) 921M->560M(6144M) 46.928ms
[15.876s][info][gc,metaspace] GC(14) Metaspace: 89892K(103744K)->89892K(103744K) NonClass: 63145K(69056K)->63145K(69056K) Class: 26747K(34688K)->26747K(34688K)
[15.876s][info][gc          ] GC(14) Pause Young (Normal) (G1 Evacuation Pause) 1008M->602M(6144M) 46.793ms
[17.495s][info][gc,metaspace] GC(15) Metaspace: 89892K(103744K)->89892K(103744K) NonClass: 63145K(69056K)->63145K(69056K) Class: 26747K(34688K)->26747K(34688K)
[17.495s][info][gc          ] GC(15) Pause Young (Normal) (G1 Evacuation Pause) 1086M->645M(6144M) 57.189ms
[19.395s][info][gc,metaspace] GC(16) Metaspace: 89892K(103744K)->89892K(103744K) NonClass: 63145K(69056K)->63145K(69056K) Class: 26747K(34688K)->26747K(34688K)
[19.395s][info][gc          ] GC(16) Pause Young (Normal) (G1 Evacuation Pause) 1181M->696M(6144M) 62.275ms
[21.345s][info][gc,metaspace] GC(17) Metaspace: 89892K(103744K)->89892K(103744K) NonClass: 63145K(69056K)->63145K(69056K) Class: 26747K(34688K)->26747K(34688K)
[21.345s][info][gc          ] GC(17) Pause Young (Normal) (G1 Evacuation Pause) 1272M->752M(6144M) 64.614ms
[23.523s][info][gc,metaspace] GC(18) Metaspace: 89892K(103744K)->89892K(103744K) NonClass: 63145K(69056K)->63145K(69056K) Class: 26747K(34688K)->26747K(34688K)
[23.523s][info][gc          ] GC(18) Pause Young (Normal) (G1 Evacuation Pause) 1380M->806M(6144M) 73.779ms
[25.908s][info][gc,metaspace] GC(19) Metaspace: 89892K(103744K)->89892K(103744K) NonClass: 63145K(69056K)->63145K(69056K) Class: 26747K(34688K)->26747K(34688K)
[25.908s][info][gc          ] GC(19) Pause Young (Normal) (G1 Evacuation Pause) 1482M->869M(6144M) 76.185ms
[28.431s][info][gc,metaspace] GC(20) Metaspace: 89892K(103744K)->89892K(103744K) NonClass: 63145K(69056K)->63145K(69056K) Class: 26747K(34688K)->26747K(34688K)
[28.431s][info][gc          ] GC(20) Pause Young (Normal) (G1 Evacuation Pause) 1597M->929M(6144M) 85.110ms
[31.145s][info][gc,metaspace] GC(21) Metaspace: 89892K(103744K)->89892K(103744K) NonClass: 63145K(69056K)->63145K(69056K) Class: 26747K(34688K)->26747K(34688K)
[31.145s][info][gc          ] GC(21) Pause Young (Normal) (G1 Evacuation Pause) 1709M->1001M(6144M) 91.208ms
[33.960s][info][gc,metaspace] GC(22) Metaspace: 89892K(103744K)->89892K(103744K) NonClass: 63145K(69056K)->63145K(69056K) Class: 26747K(34688K)->26747K(34688K)
[33.960s][info][gc          ] GC(22) Pause Young (Normal) (G1 Evacuation Pause) 1821M->1073M(6144M) 90.897ms
[37.034s][info][gc,metaspace] GC(23) Metaspace: 89892K(103744K)->89892K(103744K) NonClass: 63145K(69056K)->63145K(69056K) Class: 26747K(34688K)->26747K(34688K)
[37.034s][info][gc          ] GC(23) Pause Young (Normal) (G1 Evacuation Pause) 1953M->1152M(6144M) 101.846ms
[40.228s][info][gc,metaspace] GC(24) Metaspace: 89892K(103744K)->89892K(103744K) NonClass: 63145K(69056K)->63145K(69056K) Class: 26747K(34688K)->26747K(34688K)
[40.228s][info][gc          ] GC(24) Pause Young (Normal) (G1 Evacuation Pause) 2068M->1235M(6144M) 108.900ms
[43.537s][info][gc,metaspace] GC(25) Metaspace: 89892K(103744K)->89892K(103744K) NonClass: 63145K(69056K)->63145K(69056K) Class: 26747K(34688K)->26747K(34688K)
[43.538s][info][gc          ] GC(25) Pause Young (Normal) (G1 Evacuation Pause) 2191M->1319M(6144M) 112.791ms
[47.123s][info][gc,metaspace] GC(26) Metaspace: 89892K(103744K)->89892K(103744K) NonClass: 63145K(69056K)->63145K(69056K) Class: 26747K(34688K)->26747K(34688K)
[47.123s][info][gc          ] GC(26) Pause Young (Normal) (G1 Evacuation Pause) 2323M->1412M(6144M) 119.425ms
[50.781s][info][gc,metaspace] GC(27) Metaspace: 89892K(103744K)->89892K(103744K) NonClass: 63145K(69056K)->63145K(69056K) Class: 26747K(34688K)->26747K(34688K)
[50.781s][info][gc          ] GC(27) Pause Young (Normal) (G1 Evacuation Pause) 2436M->1494M(6144M) 126.848ms
[54.593s][info][gc,metaspace] GC(28) Metaspace: 89892K(103744K)->89892K(103744K) NonClass: 63145K(69056K)->63145K(69056K) Class: 26747K(34688K)->26747K(34688K)
[54.593s][info][gc          ] GC(28) Pause Young (Normal) (G1 Evacuation Pause) 2570M->1592M(6144M) 175.815ms
[58.428s][info][gc,metaspace] GC(29) Metaspace: 89892K(103744K)->89892K(103744K) NonClass: 63145K(69056K)->63145K(69056K) Class: 26747K(34688K)->26747K(34688K)
[58.428s][info][gc          ] GC(29) Pause Young (Normal) (G1 Evacuation Pause) 2680M->1694M(6144M) 131.968ms
67108864 Objects created
 - IK: 55699211 (82.99829%)
 - OAK: 3355627 (5.0002737%)
 - TAK: 8054026 (12.001434%)
Preparatory GC...
[61.513s][info][gc,metaspace] GC(30) Metaspace: 89892K(103744K)->89892K(103744K) NonClass: 63145K(69056K)->63145K(69056K) Class: 26747K(34688K)->26747K(34688K)
[61.513s][info][gc          ] GC(30) Pause Full (System.gc()) 2296M->1607M(6144M) 1041.526ms
[62.428s][info][gc,metaspace] GC(31) Metaspace: 89892K(103744K)->89892K(103744K) NonClass: 63145K(69056K)->63145K(69056K) Class: 26747K(34688K)->26747K(34688K)
[62.428s][info][gc          ] GC(31) Pause Full (System.gc()) 1607M->1607M(6144M) 914.625ms
Done; will start GCs... 
[63.310s][info][gc,metaspace] GC(32) Metaspace: 89892K(103744K)->89892K(103744K) NonClass: 63145K(69056K)->63145K(69056K) Class: 26747K(34688K)->26747K(34688K)
[63.310s][info][gc          ] GC(32) Pause Full (System.gc()) 1611M->1607M(6144M) 882.010ms
[64.179s][info][gc,metaspace] GC(33) Metaspace: 89892K(103744K)->89892K(103744K) NonClass: 63145K(69056K)->63145K(69056K) Class: 26747K(34688K)->26747K(34688K)
[64.179s][info][gc          ] GC(33) Pause Full (System.gc()) 1607M->1607M(6144M) 868.914ms
[65.063s][info][gc,metaspace] GC(34) Metaspace: 89892K(103744K)->89892K(103744K) NonClass: 63145K(69056K)->63145K(69056K) Class: 26747K(34688K)->26747K(34688K)
[65.063s][info][gc          ] GC(34) Pause Full (System.gc()) 1607M->1607M(6144M) 884.029ms
[65.920s][info][gc,metaspace] GC(35) Metaspace: 89892K(103744K)->89892K(103744K) NonClass: 63145K(69056K)->63145K(69056K) Class: 26747K(34688K)->26747K(34688K)
[65.920s][info][gc          ] GC(35) Pause Full (System.gc()) 1607M->1607M(6144M) 857.343ms
[66.796s][info][gc,metaspace] GC(36) Metaspace: 89892K(103744K)->89892K(103744K) NonClass: 63145K(69056K)->63145K(69056K) Class: 26747K(34688K)->26747K(34688K)
[66.796s][info][gc          ] GC(36) Pause Full (System.gc()) 1607M->1607M(6144M) 875.940ms
[67.665s][info][gc,metaspace] GC(37) Metaspace: 89892K(103744K)->89892K(103744K) NonClass: 63145K(69056K)->63145K(69056K) Class: 26747K(34688K)->26747K(34688K)
[67.665s][info][gc          ] GC(37) Pause Full (System.gc()) 1607M->1607M(6144M) 868.360ms
[68.549s][info][gc,metaspace] GC(38) Metaspace: 89892K(103744K)->89892K(103744K) NonClass: 63145K(69056K)->63145K(69056K) Class: 26747K(34688K)->26747K(34688K)
[68.549s][info][gc          ] GC(38) Pause Full (System.gc()) 1607M->1607M(6144M) 883.892ms
[69.428s][info][gc,metaspace] GC(39) Metaspace: 89892K(103744K)->89892K(103744K) NonClass: 63145K(69056K)->63145K(69056K) Class: 26747K(34688K)->26747K(34688K)
[69.428s][info][gc          ] GC(39) Pause Full (System.gc()) 1607M->1607M(6144M) 879.214ms
[70.288s][info][gc,metaspace] GC(40) Metaspace: 89892K(103744K)->89892K(103744K) NonClass: 63145K(69056K)->63145K(69056K) Class: 26747K(34688K)->26747K(34688K)
[70.288s][info][gc          ] GC(40) Pause Full (System.gc()) 1607M->1607M(6144M) 859.797ms
[71.150s][info][gc,metaspace] GC(41) Metaspace: 89892K(103744K)->89892K(103744K) NonClass: 63145K(69056K)->63145K(69056K) Class: 26747K(34688K)->26747K(34688K)
[71.150s][info][gc          ] GC(41) Pause Full (System.gc()) 1607M->1607M(6144M) 861.850ms
After GCs... 
