Done; will start GCs... 
[62.243s][info][gc,metaspace] GC(31) Metaspace: 88100K(101952K)->88100K(101952K) NonClass: 69707K(75648K)->69707K(75648K) Class: 18392K(26304K)->18392K(26304K)
[62.243s][info][gc          ] GC(31) Pause Full (System.gc()) 1826M->1822M(6144M) 842.081ms
[63.087s][info][gc,metaspace] GC(32) Metaspace: 88100K(101952K)->88100K(101952K) NonClass: 69707K(75648K)->69707K(75648K) Class: 18392K(26304K)->18392K(26304K)
[63.087s][info][gc          ] GC(32) Pause Full (System.gc()) 1822M->1822M(6144M) 843.328ms
[63.901s][info][gc,metaspace] GC(33) Metaspace: 88100K(101952K)->88100K(101952K) NonClass: 69707K(75648K)->69707K(75648K) Class: 18392K(26304K)->18392K(26304K)
[63.901s][info][gc          ] GC(33) Pause Full (System.gc()) 1822M->1822M(6144M) 814.038ms
[64.743s][info][gc,metaspace] GC(34) Metaspace: 88100K(101952K)->88100K(101952K) NonClass: 69707K(75648K)->69707K(75648K) Class: 18392K(26304K)->18392K(26304K)
[64.743s][info][gc          ] GC(34) Pause Full (System.gc()) 1822M->1822M(6144M) 842.162ms
[65.564s][info][gc,metaspace] GC(35) Metaspace: 88100K(101952K)->88100K(101952K) NonClass: 69707K(75648K)->69707K(75648K) Class: 18392K(26304K)->18392K(26304K)
[65.564s][info][gc          ] GC(35) Pause Full (System.gc()) 1822M->1822M(6144M) 820.780ms
[66.376s][info][gc,metaspace] GC(36) Metaspace: 88100K(101952K)->88100K(101952K) NonClass: 69707K(75648K)->69707K(75648K) Class: 18392K(26304K)->18392K(26304K)
[66.376s][info][gc          ] GC(36) Pause Full (System.gc()) 1822M->1822M(6144M) 812.631ms
[67.184s][info][gc,metaspace] GC(37) Metaspace: 88100K(101952K)->88100K(101952K) NonClass: 69707K(75648K)->69707K(75648K) Class: 18392K(26304K)->18392K(26304K)
[67.184s][info][gc          ] GC(37) Pause Full (System.gc()) 1822M->1822M(6144M) 807.738ms
[67.992s][info][gc,metaspace] GC(38) Metaspace: 88100K(101952K)->88100K(101952K) NonClass: 69707K(75648K)->69707K(75648K) Class: 18392K(26304K)->18392K(26304K)
[67.993s][info][gc          ] GC(38) Pause Full (System.gc()) 1822M->1822M(6144M) 808.129ms
[68.855s][info][gc,metaspace] GC(39) Metaspace: 88100K(101952K)->88100K(101952K) NonClass: 69707K(75648K)->69707K(75648K) Class: 18392K(26304K)->18392K(26304K)
[68.855s][info][gc          ] GC(39) Pause Full (System.gc()) 1822M->1822M(6144M) 862.785ms
[69.665s][info][gc,metaspace] GC(40) Metaspace: 88100K(101952K)->88100K(101952K) NonClass: 69707K(75648K)->69707K(75648K) Class: 18392K(26304K)->18392K(26304K)
[69.665s][info][gc          ] GC(40) Pause Full (System.gc()) 1822M->1822M(6144M) 809.649ms
After GCs... 
