Done; will start GCs... 
[28.486s][info][gc,metaspace] GC(13) Metaspace: 16244K(17344K)->16244K(17344K) NonClass: 14091K(14592K)->14091K(14592K) Class: 2153K(2752K)->2153K(2752K)
[28.486s][info][gc          ] GC(13) Pause Full (System.gc()) 1824M->1791M(5939M) 3556.556ms
[31.324s][info][gc,metaspace] GC(14) Metaspace: 16244K(17344K)->16244K(17344K) NonClass: 14091K(14592K)->14091K(14592K) Class: 2153K(2752K)->2153K(2752K)
[31.324s][info][gc          ] GC(14) Pause Full (System.gc()) 1791M->1791M(5939M) 2837.295ms
[34.159s][info][gc,metaspace] GC(15) Metaspace: 16244K(17344K)->16244K(17344K) NonClass: 14091K(14592K)->14091K(14592K) Class: 2153K(2752K)->2153K(2752K)
[34.159s][info][gc          ] GC(15) Pause Full (System.gc()) 1791M->1791M(5939M) 2835.065ms
[36.998s][info][gc,metaspace] GC(16) Metaspace: 16244K(17344K)->16244K(17344K) NonClass: 14091K(14592K)->14091K(14592K) Class: 2153K(2752K)->2153K(2752K)
[36.998s][info][gc          ] GC(16) Pause Full (System.gc()) 1791M->1791M(5939M) 2834.122ms
[39.836s][info][gc,metaspace] GC(17) Metaspace: 16244K(17344K)->16244K(17344K) NonClass: 14091K(14592K)->14091K(14592K) Class: 2153K(2752K)->2153K(2752K)
[39.836s][info][gc          ] GC(17) Pause Full (System.gc()) 1791M->1791M(5939M) 2838.040ms
[42.624s][info][gc,metaspace] GC(18) Metaspace: 16244K(17344K)->16244K(17344K) NonClass: 14091K(14592K)->14091K(14592K) Class: 2153K(2752K)->2153K(2752K)
[42.624s][info][gc          ] GC(18) Pause Full (System.gc()) 1791M->1791M(5939M) 2783.877ms
[45.463s][info][gc,metaspace] GC(19) Metaspace: 16244K(17344K)->16244K(17344K) NonClass: 14091K(14592K)->14091K(14592K) Class: 2153K(2752K)->2153K(2752K)
[45.463s][info][gc          ] GC(19) Pause Full (System.gc()) 1791M->1791M(5939M) 2838.973ms
[48.299s][info][gc,metaspace] GC(20) Metaspace: 16244K(17344K)->16244K(17344K) NonClass: 14091K(14592K)->14091K(14592K) Class: 2153K(2752K)->2153K(2752K)
[48.299s][info][gc          ] GC(20) Pause Full (System.gc()) 1791M->1791M(5939M) 2835.834ms
[51.139s][info][gc,metaspace] GC(21) Metaspace: 16244K(17344K)->16244K(17344K) NonClass: 14091K(14592K)->14091K(14592K) Class: 2153K(2752K)->2153K(2752K)
[51.139s][info][gc          ] GC(21) Pause Full (System.gc()) 1791M->1791M(5939M) 2839.671ms
[54.435s][info][gc,metaspace] GC(22) Metaspace: 16244K(17344K)->16244K(17344K) NonClass: 14091K(14592K)->14091K(14592K) Class: 2153K(2752K)->2153K(2752K)
[54.435s][info][gc          ] GC(22) Pause Full (System.gc()) 1791M->1791M(5939M) 3295.382ms
After GCs... 
