[0.001s][info][metaspace]  - commit_granule_bytes: 65536.
[0.001s][info][metaspace]  - commit_granule_words: 8192.
[0.001s][info][metaspace]  - virtual_space_node_default_size: 8388608.
[0.001s][info][metaspace]  - enlarge_chunks_in_place: 1.
[0.001s][info][metaspace]  - use_allocation_guard: 0.
[0.008s][info][gc       ] Using Serial
[2.839s][info][metaspace] Reserving compressed class space anywhere
[2.840s][info][gc,metaspace] CDS archive(s) not mapped
[2.840s][info][gc,metaspace] Compressed class space mapped at: 0x0000000021000000-0x00000000e1000000, reserved size: 3221225472
[2.840s][info][gc,metaspace] UseCompressedClassPointers 1, UseCompactObjectHeaders 1, narrow klass pointer bits 22, max shift 10
[2.840s][info][gc,metaspace] Narrow klass base: 0x0000000021000000, Narrow klass shift: 10, Narrow klass range: 0xc0000000
Random Seed: 12345678
Num Classes: 1024
Num Objects: 67108864
Percent IK Objects: 83.0%)
Percent OAK Objects: 5.0%)
Percent TAK Objects: 12.0%)
Wired up: false
Cycles: 10
Loading 1024 pre-generated classes ...
Materialize pre-generated constructors ...
Creating objects...
[3.043s][info][gc,metaspace] GC(0) Metaspace: 12756K(13056K)->12756K(13056K) NonClass: 9954K(10112K)->9954K(10112K) Class: 2801K(2944K)->2801K(2944K)
[3.043s][info][gc          ] GC(0) Pause Full (System.gc()) 131M->1M(5939M) 10.318ms
[5.159s][info][gc,metaspace] GC(1) Metaspace: 16331K(17472K)->16331K(17472K) NonClass: 12989K(13504K)->12989K(13504K) Class: 3341K(3968K)->3341K(3968K)
[5.159s][info][gc          ] GC(1) Pause Young (Allocation Failure) 1640M->369M(5939M) 512.658ms
[7.040s][info][gc,metaspace] GC(2) Metaspace: 16334K(17472K)->16334K(17472K) NonClass: 12992K(13504K)->12992K(13504K) Class: 3341K(3968K)->3341K(3968K)
[7.040s][info][gc          ] GC(2) Pause Young (Allocation Failure) 2007M->506M(5939M) 482.235ms
[8.550s][info][gc,metaspace] GC(3) Metaspace: 16334K(17472K)->16334K(17472K) NonClass: 12992K(13504K)->12992K(13504K) Class: 3341K(3968K)->3341K(3968K)
[8.550s][info][gc          ] GC(3) Pause Young (Allocation Failure) 2145M->641M(5939M) 523.841ms
[10.054s][info][gc,metaspace] GC(4) Metaspace: 16334K(17472K)->16334K(17472K) NonClass: 12992K(13504K)->12992K(13504K) Class: 3341K(3968K)->3341K(3968K)
[10.054s][info][gc          ] GC(4) Pause Young (Allocation Failure) 2280M->777M(5939M) 518.864ms
[11.558s][info][gc,metaspace] GC(5) Metaspace: 16334K(17472K)->16334K(17472K) NonClass: 12992K(13504K)->12992K(13504K) Class: 3341K(3968K)->3341K(3968K)
[11.558s][info][gc          ] GC(5) Pause Young (Allocation Failure) 2415M->912M(5939M) 518.890ms
[13.063s][info][gc,metaspace] GC(6) Metaspace: 16334K(17472K)->16334K(17472K) NonClass: 12992K(13504K)->12992K(13504K) Class: 3341K(3968K)->3341K(3968K)
[13.063s][info][gc          ] GC(6) Pause Young (Allocation Failure) 2550M->1047M(5939M) 519.310ms
[14.567s][info][gc,metaspace] GC(7) Metaspace: 16334K(17472K)->16334K(17472K) NonClass: 12992K(13504K)->12992K(13504K) Class: 3341K(3968K)->3341K(3968K)
[14.567s][info][gc          ] GC(7) Pause Young (Allocation Failure) 2685M->1182M(5939M) 519.160ms
[16.072s][info][gc,metaspace] GC(8) Metaspace: 16334K(17472K)->16334K(17472K) NonClass: 12992K(13504K)->12992K(13504K) Class: 3341K(3968K)->3341K(3968K)
[16.072s][info][gc          ] GC(8) Pause Young (Allocation Failure) 2821M->1317M(5939M) 518.915ms
[17.576s][info][gc,metaspace] GC(9) Metaspace: 16334K(17472K)->16334K(17472K) NonClass: 12992K(13504K)->12992K(13504K) Class: 3341K(3968K)->3341K(3968K)
[17.576s][info][gc          ] GC(9) Pause Young (Allocation Failure) 2956M->1452M(5939M) 518.814ms
67108864 Objects created
 - IK: 55699211 (82.99829%)
 - OAK: 3355627 (5.0002737%)
 - TAK: 8054026 (12.001434%)
Preparatory GC...
[22.746s][info][gc,metaspace] GC(10) Metaspace: 16334K(17472K)->16334K(17472K) NonClass: 12992K(13504K)->12992K(13504K) Class: 3341K(3968K)->3341K(3968K)
[22.746s][info][gc          ] GC(10) Pause Full (System.gc()) 2926M->1572M(5939M) 4301.376ms
[26.450s][info][gc,metaspace] GC(11) Metaspace: 16334K(17472K)->16334K(17472K) NonClass: 12992K(13504K)->12992K(13504K) Class: 3341K(3968K)->3341K(3968K)
[26.450s][info][gc          ] GC(11) Pause Full (System.gc()) 1572M->1572M(5939M) 3703.552ms
Done; will start GCs... 
[31.394s][info][gc,metaspace] GC(12) Metaspace: 16334K(17472K)->16334K(17472K) NonClass: 12992K(13504K)->12992K(13504K) Class: 3341K(3968K)->3341K(3968K)
[31.394s][info][gc          ] GC(12) Pause Full (System.gc()) 1604M->1571M(5939M) 4944.041ms
[35.062s][info][gc,metaspace] GC(13) Metaspace: 16334K(17472K)->16334K(17472K) NonClass: 12992K(13504K)->12992K(13504K) Class: 3341K(3968K)->3341K(3968K)
[35.062s][info][gc          ] GC(13) Pause Full (System.gc()) 1571M->1571M(5939M) 3667.041ms
[38.763s][info][gc,metaspace] GC(14) Metaspace: 16334K(17472K)->16334K(17472K) NonClass: 12992K(13504K)->12992K(13504K) Class: 3341K(3968K)->3341K(3968K)
[38.763s][info][gc          ] GC(14) Pause Full (System.gc()) 1571M->1571M(5939M) 3701.650ms
[42.466s][info][gc,metaspace] GC(15) Metaspace: 16334K(17472K)->16334K(17472K) NonClass: 12992K(13504K)->12992K(13504K) Class: 3341K(3968K)->3341K(3968K)
[42.466s][info][gc          ] GC(15) Pause Full (System.gc()) 1571M->1571M(5939M) 3702.446ms
[46.171s][info][gc,metaspace] GC(16) Metaspace: 16334K(17472K)->16334K(17472K) NonClass: 12992K(13504K)->12992K(13504K) Class: 3341K(3968K)->3341K(3968K)
[46.171s][info][gc          ] GC(16) Pause Full (System.gc()) 1571M->1571M(5939M) 3704.704ms
[49.817s][info][gc,metaspace] GC(17) Metaspace: 16334K(17472K)->16334K(17472K) NonClass: 12992K(13504K)->12992K(13504K) Class: 3341K(3968K)->3341K(3968K)
[49.817s][info][gc          ] GC(17) Pause Full (System.gc()) 1571M->1571M(5939M) 3646.358ms
[53.519s][info][gc,metaspace] GC(18) Metaspace: 16334K(17472K)->16334K(17472K) NonClass: 12992K(13504K)->12992K(13504K) Class: 3341K(3968K)->3341K(3968K)
[53.519s][info][gc          ] GC(18) Pause Full (System.gc()) 1571M->1571M(5939M) 3701.495ms
[57.217s][info][gc,metaspace] GC(19) Metaspace: 16334K(17472K)->16334K(17472K) NonClass: 12992K(13504K)->12992K(13504K) Class: 3341K(3968K)->3341K(3968K)
[57.218s][info][gc          ] GC(19) Pause Full (System.gc()) 1571M->1571M(5939M) 3698.452ms
[61.230s][info][gc,metaspace] GC(20) Metaspace: 16334K(17472K)->16334K(17472K) NonClass: 12992K(13504K)->12992K(13504K) Class: 3341K(3968K)->3341K(3968K)
[61.231s][info][gc          ] GC(20) Pause Full (System.gc()) 1571M->1571M(5939M) 4012.895ms
[65.239s][info][gc,metaspace] GC(21) Metaspace: 16334K(17472K)->16334K(17472K) NonClass: 12992K(13504K)->12992K(13504K) Class: 3341K(3968K)->3341K(3968K)
[65.239s][info][gc          ] GC(21) Pause Full (System.gc()) 1571M->1571M(5939M) 4008.247ms
After GCs... 
