Done; will start GCs... 
[31.394s][info][gc,metaspace] GC(12) Metaspace: 16334K(17472K)->16334K(17472K) NonClass: 12992K(13504K)->12992K(13504K) Class: 3341K(3968K)->3341K(3968K)
[31.394s][info][gc          ] GC(12) Pause Full (System.gc()) 1604M->1571M(5939M) 4944.041ms
[35.062s][info][gc,metaspace] GC(13) Metaspace: 16334K(17472K)->16334K(17472K) NonClass: 12992K(13504K)->12992K(13504K) Class: 3341K(3968K)->3341K(3968K)
[35.062s][info][gc          ] GC(13) Pause Full (System.gc()) 1571M->1571M(5939M) 3667.041ms
[38.763s][info][gc,metaspace] GC(14) Metaspace: 16334K(17472K)->16334K(17472K) NonClass: 12992K(13504K)->12992K(13504K) Class: 3341K(3968K)->3341K(3968K)
[38.763s][info][gc          ] GC(14) Pause Full (System.gc()) 1571M->1571M(5939M) 3701.650ms
[42.466s][info][gc,metaspace] GC(15) Metaspace: 16334K(17472K)->16334K(17472K) NonClass: 12992K(13504K)->12992K(13504K) Class: 3341K(3968K)->3341K(3968K)
[42.466s][info][gc          ] GC(15) Pause Full (System.gc()) 1571M->1571M(5939M) 3702.446ms
[46.171s][info][gc,metaspace] GC(16) Metaspace: 16334K(17472K)->16334K(17472K) NonClass: 12992K(13504K)->12992K(13504K) Class: 3341K(3968K)->3341K(3968K)
[46.171s][info][gc          ] GC(16) Pause Full (System.gc()) 1571M->1571M(5939M) 3704.704ms
[49.817s][info][gc,metaspace] GC(17) Metaspace: 16334K(17472K)->16334K(17472K) NonClass: 12992K(13504K)->12992K(13504K) Class: 3341K(3968K)->3341K(3968K)
[49.817s][info][gc          ] GC(17) Pause Full (System.gc()) 1571M->1571M(5939M) 3646.358ms
[53.519s][info][gc,metaspace] GC(18) Metaspace: 16334K(17472K)->16334K(17472K) NonClass: 12992K(13504K)->12992K(13504K) Class: 3341K(3968K)->3341K(3968K)
[53.519s][info][gc          ] GC(18) Pause Full (System.gc()) 1571M->1571M(5939M) 3701.495ms
[57.217s][info][gc,metaspace] GC(19) Metaspace: 16334K(17472K)->16334K(17472K) NonClass: 12992K(13504K)->12992K(13504K) Class: 3341K(3968K)->3341K(3968K)
[57.218s][info][gc          ] GC(19) Pause Full (System.gc()) 1571M->1571M(5939M) 3698.452ms
[61.230s][info][gc,metaspace] GC(20) Metaspace: 16334K(17472K)->16334K(17472K) NonClass: 12992K(13504K)->12992K(13504K) Class: 3341K(3968K)->3341K(3968K)
[61.231s][info][gc          ] GC(20) Pause Full (System.gc()) 1571M->1571M(5939M) 4012.895ms
[65.239s][info][gc,metaspace] GC(21) Metaspace: 16334K(17472K)->16334K(17472K) NonClass: 12992K(13504K)->12992K(13504K) Class: 3341K(3968K)->3341K(3968K)
[65.239s][info][gc          ] GC(21) Pause Full (System.gc()) 1571M->1571M(5939M) 4008.247ms
After GCs... 
