Done; will start GCs... 
[10.074s][info][gc,metaspace] GC(1) Metaspace: 23673K(24192K)->23673K(24192K) NonClass: 19563K(19840K)->19563K(19840K) Class: 4109K(4352K)->4109K(4352K)
[10.074s][info][gc          ] GC(1) Pause Full (System.gc()) 855M->771M(5939M) 3065.926ms
[12.012s][info][gc,metaspace] GC(2) Metaspace: 23673K(24192K)->23673K(24192K) NonClass: 19563K(19840K)->19563K(19840K) Class: 4109K(4352K)->4109K(4352K)
[12.012s][info][gc          ] GC(2) Pause Full (System.gc()) 771M->771M(5939M) 1937.458ms
[14.657s][info][gc,metaspace] GC(3) Metaspace: 23673K(24192K)->23673K(24192K) NonClass: 19563K(19840K)->19563K(19840K) Class: 4109K(4352K)->4109K(4352K)
[14.657s][info][gc          ] GC(3) Pause Full (System.gc()) 771M->771M(5939M) 2644.727ms
[16.595s][info][gc,metaspace] GC(4) Metaspace: 23673K(24192K)->23673K(24192K) NonClass: 19563K(19840K)->19563K(19840K) Class: 4109K(4352K)->4109K(4352K)
[16.595s][info][gc          ] GC(4) Pause Full (System.gc()) 771M->771M(5939M) 1937.901ms
[18.529s][info][gc,metaspace] GC(5) Metaspace: 23673K(24192K)->23673K(24192K) NonClass: 19563K(19840K)->19563K(19840K) Class: 4109K(4352K)->4109K(4352K)
[18.529s][info][gc          ] GC(5) Pause Full (System.gc()) 771M->771M(5939M) 1933.775ms
[20.461s][info][gc,metaspace] GC(6) Metaspace: 23673K(24192K)->23673K(24192K) NonClass: 19563K(19840K)->19563K(19840K) Class: 4109K(4352K)->4109K(4352K)
[20.461s][info][gc          ] GC(6) Pause Full (System.gc()) 771M->771M(5939M) 1931.936ms
[22.399s][info][gc,metaspace] GC(7) Metaspace: 23673K(24192K)->23673K(24192K) NonClass: 19563K(19840K)->19563K(19840K) Class: 4109K(4352K)->4109K(4352K)
[22.399s][info][gc          ] GC(7) Pause Full (System.gc()) 771M->771M(5939M) 1938.633ms
[24.335s][info][gc,metaspace] GC(8) Metaspace: 23673K(24192K)->23673K(24192K) NonClass: 19563K(19840K)->19563K(19840K) Class: 4109K(4352K)->4109K(4352K)
[24.335s][info][gc          ] GC(8) Pause Full (System.gc()) 771M->771M(5939M) 1935.325ms
[26.274s][info][gc,metaspace] GC(9) Metaspace: 23673K(24192K)->23673K(24192K) NonClass: 19563K(19840K)->19563K(19840K) Class: 4109K(4352K)->4109K(4352K)
[26.274s][info][gc          ] GC(9) Pause Full (System.gc()) 771M->771M(5939M) 1939.210ms
[28.210s][info][gc,metaspace] GC(10) Metaspace: 23673K(24192K)->23673K(24192K) NonClass: 19563K(19840K)->19563K(19840K) Class: 4109K(4352K)->4109K(4352K)
[28.211s][info][gc          ] GC(10) Pause Full (System.gc()) 771M->771M(5939M) 1936.384ms
[30.097s][info][gc,metaspace] GC(11) Metaspace: 23673K(24192K)->23673K(24192K) NonClass: 19563K(19840K)->19563K(19840K) Class: 4109K(4352K)->4109K(4352K)
[30.097s][info][gc          ] GC(11) Pause Full (System.gc()) 771M->771M(5939M) 1886.224ms
[32.032s][info][gc,metaspace] GC(12) Metaspace: 23673K(24192K)->23673K(24192K) NonClass: 19563K(19840K)->19563K(19840K) Class: 4109K(4352K)->4109K(4352K)
[32.032s][info][gc          ] GC(12) Pause Full (System.gc()) 771M->771M(5939M) 1934.749ms
[33.967s][info][gc,metaspace] GC(13) Metaspace: 23673K(24192K)->23673K(24192K) NonClass: 19563K(19840K)->19563K(19840K) Class: 4109K(4352K)->4109K(4352K)
[33.967s][info][gc          ] GC(13) Pause Full (System.gc()) 771M->771M(5939M) 1935.510ms
[35.907s][info][gc,metaspace] GC(14) Metaspace: 23673K(24192K)->23673K(24192K) NonClass: 19563K(19840K)->19563K(19840K) Class: 4109K(4352K)->4109K(4352K)
[35.907s][info][gc          ] GC(14) Pause Full (System.gc()) 771M->771M(5939M) 1939.978ms
[37.841s][info][gc,metaspace] GC(15) Metaspace: 23673K(24192K)->23673K(24192K) NonClass: 19563K(19840K)->19563K(19840K) Class: 4109K(4352K)->4109K(4352K)
[37.841s][info][gc          ] GC(15) Pause Full (System.gc()) 771M->771M(5939M) 1933.308ms
[39.780s][info][gc,metaspace] GC(16) Metaspace: 23673K(24192K)->23673K(24192K) NonClass: 19563K(19840K)->19563K(19840K) Class: 4109K(4352K)->4109K(4352K)
[39.780s][info][gc          ] GC(16) Pause Full (System.gc()) 771M->771M(5939M) 1939.511ms
[41.715s][info][gc,metaspace] GC(17) Metaspace: 23673K(24192K)->23673K(24192K) NonClass: 19563K(19840K)->19563K(19840K) Class: 4109K(4352K)->4109K(4352K)
[41.715s][info][gc          ] GC(17) Pause Full (System.gc()) 771M->771M(5939M) 1934.288ms
[43.649s][info][gc,metaspace] GC(18) Metaspace: 23673K(24192K)->23673K(24192K) NonClass: 19563K(19840K)->19563K(19840K) Class: 4109K(4352K)->4109K(4352K)
[43.649s][info][gc          ] GC(18) Pause Full (System.gc()) 771M->771M(5939M) 1934.078ms
[45.588s][info][gc,metaspace] GC(19) Metaspace: 23673K(24192K)->23673K(24192K) NonClass: 19563K(19840K)->19563K(19840K) Class: 4109K(4352K)->4109K(4352K)
[45.588s][info][gc          ] GC(19) Pause Full (System.gc()) 771M->771M(5939M) 1938.645ms
[47.522s][info][gc,metaspace] GC(20) Metaspace: 23673K(24192K)->23673K(24192K) NonClass: 19563K(19840K)->19563K(19840K) Class: 4109K(4352K)->4109K(4352K)
[47.522s][info][gc          ] GC(20) Pause Full (System.gc()) 771M->771M(5939M) 1933.916ms
[49.460s][info][gc,metaspace] GC(21) Metaspace: 23673K(24192K)->23673K(24192K) NonClass: 19563K(19840K)->19563K(19840K) Class: 4109K(4352K)->4109K(4352K)
[49.460s][info][gc          ] GC(21) Pause Full (System.gc()) 771M->771M(5939M) 1937.854ms
[51.396s][info][gc,metaspace] GC(22) Metaspace: 23673K(24192K)->23673K(24192K) NonClass: 19563K(19840K)->19563K(19840K) Class: 4109K(4352K)->4109K(4352K)
[51.396s][info][gc          ] GC(22) Pause Full (System.gc()) 771M->771M(5939M) 1936.627ms
[53.330s][info][gc,metaspace] GC(23) Metaspace: 23673K(24192K)->23673K(24192K) NonClass: 19563K(19840K)->19563K(19840K) Class: 4109K(4352K)->4109K(4352K)
[53.330s][info][gc          ] GC(23) Pause Full (System.gc()) 771M->771M(5939M) 1933.189ms
[55.269s][info][gc,metaspace] GC(24) Metaspace: 23673K(24192K)->23673K(24192K) NonClass: 19563K(19840K)->19563K(19840K) Class: 4109K(4352K)->4109K(4352K)
[55.269s][info][gc          ] GC(24) Pause Full (System.gc()) 771M->771M(5939M) 1939.567ms
[57.203s][info][gc,metaspace] GC(25) Metaspace: 23673K(24192K)->23673K(24192K) NonClass: 19563K(19840K)->19563K(19840K) Class: 4109K(4352K)->4109K(4352K)
[57.203s][info][gc          ] GC(25) Pause Full (System.gc()) 771M->771M(5939M) 1933.274ms
[59.384s][info][gc,metaspace] GC(26) Metaspace: 23673K(24192K)->23673K(24192K) NonClass: 19563K(19840K)->19563K(19840K) Class: 4109K(4352K)->4109K(4352K)
[59.384s][info][gc          ] GC(26) Pause Full (System.gc()) 771M->771M(5939M) 2181.496ms
[61.318s][info][gc,metaspace] GC(27) Metaspace: 23673K(24192K)->23673K(24192K) NonClass: 19563K(19840K)->19563K(19840K) Class: 4109K(4352K)->4109K(4352K)
[61.319s][info][gc          ] GC(27) Pause Full (System.gc()) 771M->771M(5939M) 1933.951ms
[63.254s][info][gc,metaspace] GC(28) Metaspace: 23673K(24192K)->23673K(24192K) NonClass: 19563K(19840K)->19563K(19840K) Class: 4109K(4352K)->4109K(4352K)
[63.254s][info][gc          ] GC(28) Pause Full (System.gc()) 771M->771M(5939M) 1934.977ms
[65.191s][info][gc,metaspace] GC(29) Metaspace: 23673K(24192K)->23673K(24192K) NonClass: 19563K(19840K)->19563K(19840K) Class: 4109K(4352K)->4109K(4352K)
[65.191s][info][gc          ] GC(29) Pause Full (System.gc()) 771M->771M(5939M) 1937.565ms
[67.523s][info][gc,metaspace] GC(30) Metaspace: 23673K(24192K)->23673K(24192K) NonClass: 19563K(19840K)->19563K(19840K) Class: 4109K(4352K)->4109K(4352K)
[67.523s][info][gc          ] GC(30) Pause Full (System.gc()) 781M->771M(5939M) 2327.711ms
[70.081s][info][gc,metaspace] GC(31) Metaspace: 23673K(24192K)->23673K(24192K) NonClass: 19563K(19840K)->19563K(19840K) Class: 4109K(4352K)->4109K(4352K)
[70.081s][info][gc          ] GC(31) Pause Full (System.gc()) 771M->771M(5939M) 2557.540ms
[72.021s][info][gc,metaspace] GC(32) Metaspace: 23673K(24192K)->23673K(24192K) NonClass: 19563K(19840K)->19563K(19840K) Class: 4109K(4352K)->4109K(4352K)
[72.021s][info][gc          ] GC(32) Pause Full (System.gc()) 771M->771M(5939M) 1940.252ms
[73.959s][info][gc,metaspace] GC(33) Metaspace: 23673K(24192K)->23673K(24192K) NonClass: 19563K(19840K)->19563K(19840K) Class: 4109K(4352K)->4109K(4352K)
[73.959s][info][gc          ] GC(33) Pause Full (System.gc()) 771M->771M(5939M) 1937.696ms
[75.899s][info][gc,metaspace] GC(34) Metaspace: 23673K(24192K)->23673K(24192K) NonClass: 19563K(19840K)->19563K(19840K) Class: 4109K(4352K)->4109K(4352K)
[75.899s][info][gc          ] GC(34) Pause Full (System.gc()) 771M->771M(5939M) 1939.432ms
[77.834s][info][gc,metaspace] GC(35) Metaspace: 23673K(24192K)->23673K(24192K) NonClass: 19563K(19840K)->19563K(19840K) Class: 4109K(4352K)->4109K(4352K)
[77.834s][info][gc          ] GC(35) Pause Full (System.gc()) 771M->771M(5939M) 1935.404ms
[79.772s][info][gc,metaspace] GC(36) Metaspace: 23673K(24192K)->23673K(24192K) NonClass: 19563K(19840K)->19563K(19840K) Class: 4109K(4352K)->4109K(4352K)
[79.772s][info][gc          ] GC(36) Pause Full (System.gc()) 771M->771M(5939M) 1937.272ms
[81.711s][info][gc,metaspace] GC(37) Metaspace: 23673K(24192K)->23673K(24192K) NonClass: 19563K(19840K)->19563K(19840K) Class: 4109K(4352K)->4109K(4352K)
[81.711s][info][gc          ] GC(37) Pause Full (System.gc()) 771M->771M(5939M) 1939.084ms
[83.648s][info][gc,metaspace] GC(38) Metaspace: 23673K(24192K)->23673K(24192K) NonClass: 19563K(19840K)->19563K(19840K) Class: 4109K(4352K)->4109K(4352K)
[83.648s][info][gc          ] GC(38) Pause Full (System.gc()) 771M->771M(5939M) 1937.183ms
[85.587s][info][gc,metaspace] GC(39) Metaspace: 23673K(24192K)->23673K(24192K) NonClass: 19563K(19840K)->19563K(19840K) Class: 4109K(4352K)->4109K(4352K)
[85.587s][info][gc          ] GC(39) Pause Full (System.gc()) 771M->771M(5939M) 1939.230ms
[87.525s][info][gc,metaspace] GC(40) Metaspace: 23673K(24192K)->23673K(24192K) NonClass: 19563K(19840K)->19563K(19840K) Class: 4109K(4352K)->4109K(4352K)
[87.525s][info][gc          ] GC(40) Pause Full (System.gc()) 771M->771M(5939M) 1937.580ms
[89.461s][info][gc,metaspace] GC(41) Metaspace: 23673K(24192K)->23673K(24192K) NonClass: 19563K(19840K)->19563K(19840K) Class: 4109K(4352K)->4109K(4352K)
[89.461s][info][gc          ] GC(41) Pause Full (System.gc()) 771M->771M(5939M) 1935.714ms
[91.400s][info][gc,metaspace] GC(42) Metaspace: 23673K(24192K)->23673K(24192K) NonClass: 19563K(19840K)->19563K(19840K) Class: 4109K(4352K)->4109K(4352K)
[91.400s][info][gc          ] GC(42) Pause Full (System.gc()) 771M->771M(5939M) 1938.997ms
[93.336s][info][gc,metaspace] GC(43) Metaspace: 23673K(24192K)->23673K(24192K) NonClass: 19563K(19840K)->19563K(19840K) Class: 4109K(4352K)->4109K(4352K)
[93.337s][info][gc          ] GC(43) Pause Full (System.gc()) 771M->771M(5939M) 1936.460ms
[95.422s][info][gc,metaspace] GC(44) Metaspace: 23673K(24192K)->23673K(24192K) NonClass: 19563K(19840K)->19563K(19840K) Class: 4109K(4352K)->4109K(4352K)
[95.422s][info][gc          ] GC(44) Pause Full (System.gc()) 771M->771M(5939M) 2085.777ms
[97.358s][info][gc,metaspace] GC(45) Metaspace: 23673K(24192K)->23673K(24192K) NonClass: 19563K(19840K)->19563K(19840K) Class: 4109K(4352K)->4109K(4352K)
[97.358s][info][gc          ] GC(45) Pause Full (System.gc()) 771M->771M(5939M) 1935.568ms
[99.295s][info][gc,metaspace] GC(46) Metaspace: 23673K(24192K)->23673K(24192K) NonClass: 19563K(19840K)->19563K(19840K) Class: 4109K(4352K)->4109K(4352K)
[99.295s][info][gc          ] GC(46) Pause Full (System.gc()) 771M->771M(5939M) 1937.295ms
[101.235s][info][gc,metaspace] GC(47) Metaspace: 23673K(24192K)->23673K(24192K) NonClass: 19563K(19840K)->19563K(19840K) Class: 4109K(4352K)->4109K(4352K)
[101.235s][info][gc          ] GC(47) Pause Full (System.gc()) 771M->771M(5939M) 1939.266ms
[103.123s][info][gc,metaspace] GC(48) Metaspace: 23673K(24192K)->23673K(24192K) NonClass: 19563K(19840K)->19563K(19840K) Class: 4109K(4352K)->4109K(4352K)
[103.123s][info][gc          ] GC(48) Pause Full (System.gc()) 771M->771M(5939M) 1888.070ms
[105.060s][info][gc,metaspace] GC(49) Metaspace: 23673K(24192K)->23673K(24192K) NonClass: 19563K(19840K)->19563K(19840K) Class: 4109K(4352K)->4109K(4352K)
[105.060s][info][gc          ] GC(49) Pause Full (System.gc()) 771M->771M(5939M) 1937.175ms
[106.995s][info][gc,metaspace] GC(50) Metaspace: 23673K(24192K)->23673K(24192K) NonClass: 19563K(19840K)->19563K(19840K) Class: 4109K(4352K)->4109K(4352K)
[106.995s][info][gc          ] GC(50) Pause Full (System.gc()) 771M->771M(5939M) 1934.432ms
[108.936s][info][gc,metaspace] GC(51) Metaspace: 23673K(24192K)->23673K(24192K) NonClass: 19563K(19840K)->19563K(19840K) Class: 4109K(4352K)->4109K(4352K)
[108.937s][info][gc          ] GC(51) Pause Full (System.gc()) 771M->771M(5939M) 1941.587ms
[110.872s][info][gc,metaspace] GC(52) Metaspace: 23673K(24192K)->23673K(24192K) NonClass: 19563K(19840K)->19563K(19840K) Class: 4109K(4352K)->4109K(4352K)
[110.872s][info][gc          ] GC(52) Pause Full (System.gc()) 771M->771M(5939M) 1935.537ms
[112.813s][info][gc,metaspace] GC(53) Metaspace: 23673K(24192K)->23673K(24192K) NonClass: 19563K(19840K)->19563K(19840K) Class: 4109K(4352K)->4109K(4352K)
[112.813s][info][gc          ] GC(53) Pause Full (System.gc()) 771M->771M(5939M) 1940.715ms
[114.750s][info][gc,metaspace] GC(54) Metaspace: 23673K(24192K)->23673K(24192K) NonClass: 19563K(19840K)->19563K(19840K) Class: 4109K(4352K)->4109K(4352K)
[114.750s][info][gc          ] GC(54) Pause Full (System.gc()) 771M->771M(5939M) 1937.216ms
[116.685s][info][gc,metaspace] GC(55) Metaspace: 23673K(24192K)->23673K(24192K) NonClass: 19563K(19840K)->19563K(19840K) Class: 4109K(4352K)->4109K(4352K)
[116.685s][info][gc          ] GC(55) Pause Full (System.gc()) 771M->771M(5939M) 1935.039ms
[118.625s][info][gc,metaspace] GC(56) Metaspace: 23673K(24192K)->23673K(24192K) NonClass: 19563K(19840K)->19563K(19840K) Class: 4109K(4352K)->4109K(4352K)
[118.625s][info][gc          ] GC(56) Pause Full (System.gc()) 771M->771M(5939M) 1939.950ms
[120.563s][info][gc,metaspace] GC(57) Metaspace: 23673K(24192K)->23673K(24192K) NonClass: 19563K(19840K)->19563K(19840K) Class: 4109K(4352K)->4109K(4352K)
[120.563s][info][gc          ] GC(57) Pause Full (System.gc()) 771M->771M(5939M) 1937.198ms
[122.502s][info][gc,metaspace] GC(58) Metaspace: 23673K(24192K)->23673K(24192K) NonClass: 19563K(19840K)->19563K(19840K) Class: 4109K(4352K)->4109K(4352K)
[122.502s][info][gc          ] GC(58) Pause Full (System.gc()) 771M->771M(5939M) 1939.317ms
[124.440s][info][gc,metaspace] GC(59) Metaspace: 23673K(24192K)->23673K(24192K) NonClass: 19563K(19840K)->19563K(19840K) Class: 4109K(4352K)->4109K(4352K)
[124.440s][info][gc          ] GC(59) Pause Full (System.gc()) 771M->771M(5939M) 1937.445ms
[126.375s][info][gc,metaspace] GC(60) Metaspace: 23673K(24192K)->23673K(24192K) NonClass: 19563K(19840K)->19563K(19840K) Class: 4109K(4352K)->4109K(4352K)
[126.376s][info][gc          ] GC(60) Pause Full (System.gc()) 771M->771M(5939M) 1935.699ms
[128.314s][info][gc,metaspace] GC(61) Metaspace: 23673K(24192K)->23673K(24192K) NonClass: 19563K(19840K)->19563K(19840K) Class: 4109K(4352K)->4109K(4352K)
[128.314s][info][gc          ] GC(61) Pause Full (System.gc()) 771M->771M(5939M) 1938.796ms
[130.251s][info][gc,metaspace] GC(62) Metaspace: 23673K(24192K)->23673K(24192K) NonClass: 19563K(19840K)->19563K(19840K) Class: 4109K(4352K)->4109K(4352K)
[130.251s][info][gc          ] GC(62) Pause Full (System.gc()) 771M->771M(5939M) 1936.685ms
[132.139s][info][gc,metaspace] GC(63) Metaspace: 23673K(24192K)->23673K(24192K) NonClass: 19563K(19840K)->19563K(19840K) Class: 4109K(4352K)->4109K(4352K)
[132.140s][info][gc          ] GC(63) Pause Full (System.gc()) 771M->771M(5939M) 1888.157ms
[134.076s][info][gc,metaspace] GC(64) Metaspace: 23673K(24192K)->23673K(24192K) NonClass: 19563K(19840K)->19563K(19840K) Class: 4109K(4352K)->4109K(4352K)
[134.076s][info][gc          ] GC(64) Pause Full (System.gc()) 781M->771M(5939M) 1888.405ms
[136.013s][info][gc,metaspace] GC(65) Metaspace: 23673K(24192K)->23673K(24192K) NonClass: 19563K(19840K)->19563K(19840K) Class: 4109K(4352K)->4109K(4352K)
[136.013s][info][gc          ] GC(65) Pause Full (System.gc()) 771M->771M(5939M) 1936.822ms
[137.952s][info][gc,metaspace] GC(66) Metaspace: 23673K(24192K)->23673K(24192K) NonClass: 19563K(19840K)->19563K(19840K) Class: 4109K(4352K)->4109K(4352K)
[137.952s][info][gc          ] GC(66) Pause Full (System.gc()) 771M->771M(5939M) 1939.310ms
[139.889s][info][gc,metaspace] GC(67) Metaspace: 23673K(24192K)->23673K(24192K) NonClass: 19563K(19840K)->19563K(19840K) Class: 4109K(4352K)->4109K(4352K)
[139.889s][info][gc          ] GC(67) Pause Full (System.gc()) 771M->771M(5939M) 1937.162ms
[141.830s][info][gc,metaspace] GC(68) Metaspace: 23673K(24192K)->23673K(24192K) NonClass: 19563K(19840K)->19563K(19840K) Class: 4109K(4352K)->4109K(4352K)
[141.830s][info][gc          ] GC(68) Pause Full (System.gc()) 771M->771M(5939M) 1940.819ms
[143.765s][info][gc,metaspace] GC(69) Metaspace: 23673K(24192K)->23673K(24192K) NonClass: 19563K(19840K)->19563K(19840K) Class: 4109K(4352K)->4109K(4352K)
[143.765s][info][gc          ] GC(69) Pause Full (System.gc()) 771M->771M(5939M) 1934.963ms
[145.700s][info][gc,metaspace] GC(70) Metaspace: 23673K(24192K)->23673K(24192K) NonClass: 19563K(19840K)->19563K(19840K) Class: 4109K(4352K)->4109K(4352K)
[145.700s][info][gc          ] GC(70) Pause Full (System.gc()) 771M->771M(5939M) 1934.961ms
[147.642s][info][gc,metaspace] GC(71) Metaspace: 23673K(24192K)->23673K(24192K) NonClass: 19563K(19840K)->19563K(19840K) Class: 4109K(4352K)->4109K(4352K)
[147.642s][info][gc          ] GC(71) Pause Full (System.gc()) 771M->771M(5939M) 1941.144ms
[149.578s][info][gc,metaspace] GC(72) Metaspace: 23673K(24192K)->23673K(24192K) NonClass: 19563K(19840K)->19563K(19840K) Class: 4109K(4352K)->4109K(4352K)
[149.578s][info][gc          ] GC(72) Pause Full (System.gc()) 771M->771M(5939M) 1936.174ms
[151.518s][info][gc,metaspace] GC(73) Metaspace: 23673K(24192K)->23673K(24192K) NonClass: 19563K(19840K)->19563K(19840K) Class: 4109K(4352K)->4109K(4352K)
[151.518s][info][gc          ] GC(73) Pause Full (System.gc()) 771M->771M(5939M) 1939.663ms
[153.454s][info][gc,metaspace] GC(74) Metaspace: 23673K(24192K)->23673K(24192K) NonClass: 19563K(19840K)->19563K(19840K) Class: 4109K(4352K)->4109K(4352K)
[153.454s][info][gc          ] GC(74) Pause Full (System.gc()) 771M->771M(5939M) 1936.533ms
[155.390s][info][gc,metaspace] GC(75) Metaspace: 23673K(24192K)->23673K(24192K) NonClass: 19563K(19840K)->19563K(19840K) Class: 4109K(4352K)->4109K(4352K)
[155.390s][info][gc          ] GC(75) Pause Full (System.gc()) 771M->771M(5939M) 1935.390ms
[157.329s][info][gc,metaspace] GC(76) Metaspace: 23673K(24192K)->23673K(24192K) NonClass: 19563K(19840K)->19563K(19840K) Class: 4109K(4352K)->4109K(4352K)
[157.329s][info][gc          ] GC(76) Pause Full (System.gc()) 771M->771M(5939M) 1939.068ms
[159.266s][info][gc,metaspace] GC(77) Metaspace: 23673K(24192K)->23673K(24192K) NonClass: 19563K(19840K)->19563K(19840K) Class: 4109K(4352K)->4109K(4352K)
[159.266s][info][gc          ] GC(77) Pause Full (System.gc()) 771M->771M(5939M) 1937.031ms
[161.205s][info][gc,metaspace] GC(78) Metaspace: 23673K(24192K)->23673K(24192K) NonClass: 19563K(19840K)->19563K(19840K) Class: 4109K(4352K)->4109K(4352K)
[161.205s][info][gc          ] GC(78) Pause Full (System.gc()) 771M->771M(5939M) 1938.931ms
[163.383s][info][gc,metaspace] GC(79) Metaspace: 23673K(24192K)->23673K(24192K) NonClass: 19563K(19840K)->19563K(19840K) Class: 4109K(4352K)->4109K(4352K)
[163.383s][info][gc          ] GC(79) Pause Full (System.gc()) 771M->771M(5939M) 2177.723ms
[165.321s][info][gc,metaspace] GC(80) Metaspace: 23673K(24192K)->23673K(24192K) NonClass: 19563K(19840K)->19563K(19840K) Class: 4109K(4352K)->4109K(4352K)
[165.321s][info][gc          ] GC(80) Pause Full (System.gc()) 771M->771M(5939M) 1937.546ms
[167.259s][info][gc,metaspace] GC(81) Metaspace: 23673K(24192K)->23673K(24192K) NonClass: 19563K(19840K)->19563K(19840K) Class: 4109K(4352K)->4109K(4352K)
[167.259s][info][gc          ] GC(81) Pause Full (System.gc()) 771M->771M(5939M) 1938.690ms
[169.197s][info][gc,metaspace] GC(82) Metaspace: 23673K(24192K)->23673K(24192K) NonClass: 19563K(19840K)->19563K(19840K) Class: 4109K(4352K)->4109K(4352K)
[169.197s][info][gc          ] GC(82) Pause Full (System.gc()) 771M->771M(5939M) 1937.393ms
[171.381s][info][gc,metaspace] GC(83) Metaspace: 23673K(24192K)->23673K(24192K) NonClass: 19563K(19840K)->19563K(19840K) Class: 4109K(4352K)->4109K(4352K)
[171.381s][info][gc          ] GC(83) Pause Full (System.gc()) 771M->771M(5939M) 2183.872ms
[173.316s][info][gc,metaspace] GC(84) Metaspace: 23673K(24192K)->23673K(24192K) NonClass: 19563K(19840K)->19563K(19840K) Class: 4109K(4352K)->4109K(4352K)
[173.316s][info][gc          ] GC(84) Pause Full (System.gc()) 771M->771M(5939M) 1934.938ms
[175.253s][info][gc,metaspace] GC(85) Metaspace: 23673K(24192K)->23673K(24192K) NonClass: 19563K(19840K)->19563K(19840K) Class: 4109K(4352K)->4109K(4352K)
[175.253s][info][gc          ] GC(85) Pause Full (System.gc()) 771M->771M(5939M) 1936.595ms
[177.192s][info][gc,metaspace] GC(86) Metaspace: 23673K(24192K)->23673K(24192K) NonClass: 19563K(19840K)->19563K(19840K) Class: 4109K(4352K)->4109K(4352K)
[177.192s][info][gc          ] GC(86) Pause Full (System.gc()) 771M->771M(5939M) 1939.560ms
[179.524s][info][gc,metaspace] GC(87) Metaspace: 23673K(24192K)->23673K(24192K) NonClass: 19563K(19840K)->19563K(19840K) Class: 4109K(4352K)->4109K(4352K)
[179.524s][info][gc          ] GC(87) Pause Full (System.gc()) 771M->771M(5939M) 2332.135ms
[181.464s][info][gc,metaspace] GC(88) Metaspace: 23673K(24192K)->23673K(24192K) NonClass: 19563K(19840K)->19563K(19840K) Class: 4109K(4352K)->4109K(4352K)
[181.464s][info][gc          ] GC(88) Pause Full (System.gc()) 771M->771M(5939M) 1939.806ms
[183.400s][info][gc,metaspace] GC(89) Metaspace: 23673K(24192K)->23673K(24192K) NonClass: 19563K(19840K)->19563K(19840K) Class: 4109K(4352K)->4109K(4352K)
[183.400s][info][gc          ] GC(89) Pause Full (System.gc()) 771M->771M(5939M) 1935.319ms
[185.335s][info][gc,metaspace] GC(90) Metaspace: 23673K(24192K)->23673K(24192K) NonClass: 19563K(19840K)->19563K(19840K) Class: 4109K(4352K)->4109K(4352K)
[185.335s][info][gc          ] GC(90) Pause Full (System.gc()) 771M->771M(5939M) 1935.089ms
[187.276s][info][gc,metaspace] GC(91) Metaspace: 23673K(24192K)->23673K(24192K) NonClass: 19563K(19840K)->19563K(19840K) Class: 4109K(4352K)->4109K(4352K)
[187.276s][info][gc          ] GC(91) Pause Full (System.gc()) 771M->771M(5939M) 1940.722ms
[189.211s][info][gc,metaspace] GC(92) Metaspace: 23673K(24192K)->23673K(24192K) NonClass: 19563K(19840K)->19563K(19840K) Class: 4109K(4352K)->4109K(4352K)
[189.211s][info][gc          ] GC(92) Pause Full (System.gc()) 771M->771M(5939M) 1934.926ms
[191.391s][info][gc,metaspace] GC(93) Metaspace: 23673K(24192K)->23673K(24192K) NonClass: 19563K(19840K)->19563K(19840K) Class: 4109K(4352K)->4109K(4352K)
[191.391s][info][gc          ] GC(93) Pause Full (System.gc()) 771M->771M(5939M) 2179.821ms
[193.327s][info][gc,metaspace] GC(94) Metaspace: 23673K(24192K)->23673K(24192K) NonClass: 19563K(19840K)->19563K(19840K) Class: 4109K(4352K)->4109K(4352K)
[193.328s][info][gc          ] GC(94) Pause Full (System.gc()) 771M->771M(5939M) 1936.707ms
[195.263s][info][gc,metaspace] GC(95) Metaspace: 23673K(24192K)->23673K(24192K) NonClass: 19563K(19840K)->19563K(19840K) Class: 4109K(4352K)->4109K(4352K)
[195.263s][info][gc          ] GC(95) Pause Full (System.gc()) 781M->771M(5939M) 1934.860ms
[197.202s][info][gc,metaspace] GC(96) Metaspace: 23673K(24192K)->23673K(24192K) NonClass: 19563K(19840K)->19563K(19840K) Class: 4109K(4352K)->4109K(4352K)
[197.202s][info][gc          ] GC(96) Pause Full (System.gc()) 771M->771M(5939M) 1938.946ms
[199.381s][info][gc,metaspace] GC(97) Metaspace: 23673K(24192K)->23673K(24192K) NonClass: 19563K(19840K)->19563K(19840K) Class: 4109K(4352K)->4109K(4352K)
[199.381s][info][gc          ] GC(97) Pause Full (System.gc()) 771M->771M(5939M) 2178.879ms
[201.320s][info][gc,metaspace] GC(98) Metaspace: 23673K(24192K)->23673K(24192K) NonClass: 19563K(19840K)->19563K(19840K) Class: 4109K(4352K)->4109K(4352K)
[201.320s][info][gc          ] GC(98) Pause Full (System.gc()) 771M->771M(5939M) 1939.077ms
[203.257s][info][gc,metaspace] GC(99) Metaspace: 23673K(24192K)->23673K(24192K) NonClass: 19563K(19840K)->19563K(19840K) Class: 4109K(4352K)->4109K(4352K)
[203.257s][info][gc          ] GC(99) Pause Full (System.gc()) 771M->771M(5939M) 1936.693ms
[205.192s][info][gc,metaspace] GC(100) Metaspace: 23673K(24192K)->23673K(24192K) NonClass: 19563K(19840K)->19563K(19840K) Class: 4109K(4352K)->4109K(4352K)
[205.192s][info][gc          ] GC(100) Pause Full (System.gc()) 771M->771M(5939M) 1935.424ms
After GCs... 
