Done; will start GCs... 
[10.607s][info][gc,metaspace] GC(1) Metaspace: 23699K(24256K)->23699K(24256K) NonClass: 19590K(19904K)->19590K(19904K) Class: 4109K(4352K)->4109K(4352K)
[10.607s][info][gc          ] GC(1) Pause Full (System.gc()) 847M->771M(5939M) 3316.410ms
[12.598s][info][gc,metaspace] GC(2) Metaspace: 23699K(24256K)->23699K(24256K) NonClass: 19590K(19904K)->19590K(19904K) Class: 4109K(4352K)->4109K(4352K)
[12.598s][info][gc          ] GC(2) Pause Full (System.gc()) 771M->771M(5939M) 1990.806ms
[15.302s][info][gc,metaspace] GC(3) Metaspace: 23699K(24256K)->23699K(24256K) NonClass: 19590K(19904K)->19590K(19904K) Class: 4109K(4352K)->4109K(4352K)
[15.302s][info][gc          ] GC(3) Pause Full (System.gc()) 771M->771M(5939M) 2704.324ms
[17.294s][info][gc,metaspace] GC(4) Metaspace: 23699K(24256K)->23699K(24256K) NonClass: 19590K(19904K)->19590K(19904K) Class: 4109K(4352K)->4109K(4352K)
[17.295s][info][gc          ] GC(4) Pause Full (System.gc()) 771M->771M(5939M) 1992.301ms
[19.283s][info][gc,metaspace] GC(5) Metaspace: 23699K(24256K)->23699K(24256K) NonClass: 19590K(19904K)->19590K(19904K) Class: 4109K(4352K)->4109K(4352K)
[19.283s][info][gc          ] GC(5) Pause Full (System.gc()) 771M->771M(5939M) 1988.284ms
[21.269s][info][gc,metaspace] GC(6) Metaspace: 23699K(24256K)->23699K(24256K) NonClass: 19590K(19904K)->19590K(19904K) Class: 4109K(4352K)->4109K(4352K)
[21.270s][info][gc          ] GC(6) Pause Full (System.gc()) 771M->771M(5939M) 1986.321ms
[23.261s][info][gc,metaspace] GC(7) Metaspace: 23699K(24256K)->23699K(24256K) NonClass: 19590K(19904K)->19590K(19904K) Class: 4109K(4352K)->4109K(4352K)
[23.261s][info][gc          ] GC(7) Pause Full (System.gc()) 771M->771M(5939M) 1991.533ms
[25.261s][info][gc,metaspace] GC(8) Metaspace: 23699K(24256K)->23699K(24256K) NonClass: 19590K(19904K)->19590K(19904K) Class: 4109K(4352K)->4109K(4352K)
[25.261s][info][gc          ] GC(8) Pause Full (System.gc()) 771M->771M(5939M) 1999.424ms
[27.252s][info][gc,metaspace] GC(9) Metaspace: 23699K(24256K)->23699K(24256K) NonClass: 19590K(19904K)->19590K(19904K) Class: 4109K(4352K)->4109K(4352K)
[27.252s][info][gc          ] GC(9) Pause Full (System.gc()) 771M->771M(5939M) 1991.468ms
[29.242s][info][gc,metaspace] GC(10) Metaspace: 23699K(24256K)->23699K(24256K) NonClass: 19590K(19904K)->19590K(19904K) Class: 4109K(4352K)->4109K(4352K)
[29.242s][info][gc          ] GC(10) Pause Full (System.gc()) 771M->771M(5939M) 1989.867ms
[31.230s][info][gc,metaspace] GC(11) Metaspace: 23699K(24256K)->23699K(24256K) NonClass: 19590K(19904K)->19590K(19904K) Class: 4109K(4352K)->4109K(4352K)
[31.230s][info][gc          ] GC(11) Pause Full (System.gc()) 771M->771M(5939M) 1987.848ms
[33.222s][info][gc,metaspace] GC(12) Metaspace: 23699K(24256K)->23699K(24256K) NonClass: 19590K(19904K)->19590K(19904K) Class: 4109K(4352K)->4109K(4352K)
[33.222s][info][gc          ] GC(12) Pause Full (System.gc()) 771M->771M(5939M) 1991.822ms
[35.210s][info][gc,metaspace] GC(13) Metaspace: 23699K(24256K)->23699K(24256K) NonClass: 19590K(19904K)->19590K(19904K) Class: 4109K(4352K)->4109K(4352K)
[35.210s][info][gc          ] GC(13) Pause Full (System.gc()) 771M->771M(5939M) 1987.349ms
[37.197s][info][gc,metaspace] GC(14) Metaspace: 23699K(24256K)->23699K(24256K) NonClass: 19590K(19904K)->19590K(19904K) Class: 4109K(4352K)->4109K(4352K)
[37.197s][info][gc          ] GC(14) Pause Full (System.gc()) 771M->771M(5939M) 1987.266ms
[39.189s][info][gc,metaspace] GC(15) Metaspace: 23699K(24256K)->23699K(24256K) NonClass: 19590K(19904K)->19590K(19904K) Class: 4109K(4352K)->4109K(4352K)
[39.189s][info][gc          ] GC(15) Pause Full (System.gc()) 771M->771M(5939M) 1991.708ms
[41.189s][info][gc,metaspace] GC(16) Metaspace: 23699K(24256K)->23699K(24256K) NonClass: 19590K(19904K)->19590K(19904K) Class: 4109K(4352K)->4109K(4352K)
[41.189s][info][gc          ] GC(16) Pause Full (System.gc()) 771M->771M(5939M) 2000.395ms
[43.182s][info][gc,metaspace] GC(17) Metaspace: 23699K(24256K)->23699K(24256K) NonClass: 19590K(19904K)->19590K(19904K) Class: 4109K(4352K)->4109K(4352K)
[43.182s][info][gc          ] GC(17) Pause Full (System.gc()) 771M->771M(5939M) 1992.507ms
[45.169s][info][gc,metaspace] GC(18) Metaspace: 23699K(24256K)->23699K(24256K) NonClass: 19590K(19904K)->19590K(19904K) Class: 4109K(4352K)->4109K(4352K)
[45.169s][info][gc          ] GC(18) Pause Full (System.gc()) 771M->771M(5939M) 1987.226ms
[47.157s][info][gc,metaspace] GC(19) Metaspace: 23699K(24256K)->23699K(24256K) NonClass: 19590K(19904K)->19590K(19904K) Class: 4109K(4352K)->4109K(4352K)
[47.157s][info][gc          ] GC(19) Pause Full (System.gc()) 771M->771M(5939M) 1987.689ms
[49.152s][info][gc,metaspace] GC(20) Metaspace: 23699K(24256K)->23699K(24256K) NonClass: 19590K(19904K)->19590K(19904K) Class: 4109K(4352K)->4109K(4352K)
[49.152s][info][gc          ] GC(20) Pause Full (System.gc()) 771M->771M(5939M) 1994.956ms
[51.142s][info][gc,metaspace] GC(21) Metaspace: 23699K(24256K)->23699K(24256K) NonClass: 19590K(19904K)->19590K(19904K) Class: 4109K(4352K)->4109K(4352K)
[51.142s][info][gc          ] GC(21) Pause Full (System.gc()) 771M->771M(5939M) 1989.826ms
[53.134s][info][gc,metaspace] GC(22) Metaspace: 23699K(24256K)->23699K(24256K) NonClass: 19590K(19904K)->19590K(19904K) Class: 4109K(4352K)->4109K(4352K)
[53.134s][info][gc          ] GC(22) Pause Full (System.gc()) 771M->771M(5939M) 1991.462ms
[55.122s][info][gc,metaspace] GC(23) Metaspace: 23699K(24256K)->23699K(24256K) NonClass: 19590K(19904K)->19590K(19904K) Class: 4109K(4352K)->4109K(4352K)
[55.122s][info][gc          ] GC(23) Pause Full (System.gc()) 771M->771M(5939M) 1987.835ms
[57.116s][info][gc,metaspace] GC(24) Metaspace: 23699K(24256K)->23699K(24256K) NonClass: 19590K(19904K)->19590K(19904K) Class: 4109K(4352K)->4109K(4352K)
[57.116s][info][gc          ] GC(24) Pause Full (System.gc()) 771M->771M(5939M) 1994.745ms
[59.108s][info][gc,metaspace] GC(25) Metaspace: 23699K(24256K)->23699K(24256K) NonClass: 19590K(19904K)->19590K(19904K) Class: 4109K(4352K)->4109K(4352K)
[59.108s][info][gc          ] GC(25) Pause Full (System.gc()) 771M->771M(5939M) 1991.755ms
[61.095s][info][gc,metaspace] GC(26) Metaspace: 23699K(24256K)->23699K(24256K) NonClass: 19590K(19904K)->19590K(19904K) Class: 4109K(4352K)->4109K(4352K)
[61.095s][info][gc          ] GC(26) Pause Full (System.gc()) 771M->771M(5939M) 1986.478ms
[63.088s][info][gc,metaspace] GC(27) Metaspace: 23699K(24256K)->23699K(24256K) NonClass: 19590K(19904K)->19590K(19904K) Class: 4109K(4352K)->4109K(4352K)
[63.088s][info][gc          ] GC(27) Pause Full (System.gc()) 771M->771M(5939M) 1993.081ms
[65.076s][info][gc,metaspace] GC(28) Metaspace: 23699K(24256K)->23699K(24256K) NonClass: 19590K(19904K)->19590K(19904K) Class: 4109K(4352K)->4109K(4352K)
[65.076s][info][gc          ] GC(28) Pause Full (System.gc()) 771M->771M(5939M) 1988.230ms
[67.063s][info][gc,metaspace] GC(29) Metaspace: 23699K(24256K)->23699K(24256K) NonClass: 19590K(19904K)->19590K(19904K) Class: 4109K(4352K)->4109K(4352K)
[67.063s][info][gc          ] GC(29) Pause Full (System.gc()) 781M->771M(5939M) 1986.812ms
[69.082s][info][gc,metaspace] GC(30) Metaspace: 23699K(24256K)->23699K(24256K) NonClass: 19590K(19904K)->19590K(19904K) Class: 4109K(4352K)->4109K(4352K)
[69.082s][info][gc          ] GC(30) Pause Full (System.gc()) 771M->771M(5939M) 2019.022ms
[71.699s][info][gc,metaspace] GC(31) Metaspace: 23699K(24256K)->23699K(24256K) NonClass: 19590K(19904K)->19590K(19904K) Class: 4109K(4352K)->4109K(4352K)
[71.699s][info][gc          ] GC(31) Pause Full (System.gc()) 771M->771M(5939M) 2616.494ms
[73.693s][info][gc,metaspace] GC(32) Metaspace: 23699K(24256K)->23699K(24256K) NonClass: 19590K(19904K)->19590K(19904K) Class: 4109K(4352K)->4109K(4352K)
[73.693s][info][gc          ] GC(32) Pause Full (System.gc()) 771M->771M(5939M) 1993.353ms
[75.685s][info][gc,metaspace] GC(33) Metaspace: 23699K(24256K)->23699K(24256K) NonClass: 19590K(19904K)->19590K(19904K) Class: 4109K(4352K)->4109K(4352K)
[75.685s][info][gc          ] GC(33) Pause Full (System.gc()) 771M->771M(5939M) 1992.577ms
[77.676s][info][gc,metaspace] GC(34) Metaspace: 23699K(24256K)->23699K(24256K) NonClass: 19590K(19904K)->19590K(19904K) Class: 4109K(4352K)->4109K(4352K)
[77.676s][info][gc          ] GC(34) Pause Full (System.gc()) 771M->771M(5939M) 1991.029ms
[79.670s][info][gc,metaspace] GC(35) Metaspace: 23699K(24256K)->23699K(24256K) NonClass: 19590K(19904K)->19590K(19904K) Class: 4109K(4352K)->4109K(4352K)
[79.670s][info][gc          ] GC(35) Pause Full (System.gc()) 771M->771M(5939M) 1993.398ms
[81.662s][info][gc,metaspace] GC(36) Metaspace: 23699K(24256K)->23699K(24256K) NonClass: 19590K(19904K)->19590K(19904K) Class: 4109K(4352K)->4109K(4352K)
[81.662s][info][gc          ] GC(36) Pause Full (System.gc()) 771M->771M(5939M) 1991.792ms
[83.656s][info][gc,metaspace] GC(37) Metaspace: 23699K(24256K)->23699K(24256K) NonClass: 19590K(19904K)->19590K(19904K) Class: 4109K(4352K)->4109K(4352K)
[83.656s][info][gc          ] GC(37) Pause Full (System.gc()) 771M->771M(5939M) 1994.323ms
[85.646s][info][gc,metaspace] GC(38) Metaspace: 23699K(24256K)->23699K(24256K) NonClass: 19590K(19904K)->19590K(19904K) Class: 4109K(4352K)->4109K(4352K)
[85.646s][info][gc          ] GC(38) Pause Full (System.gc()) 771M->771M(5939M) 1989.835ms
[87.636s][info][gc,metaspace] GC(39) Metaspace: 23699K(24256K)->23699K(24256K) NonClass: 19590K(19904K)->19590K(19904K) Class: 4109K(4352K)->4109K(4352K)
[87.636s][info][gc          ] GC(39) Pause Full (System.gc()) 771M->771M(5939M) 1989.976ms
[89.634s][info][gc,metaspace] GC(40) Metaspace: 23699K(24256K)->23699K(24256K) NonClass: 19590K(19904K)->19590K(19904K) Class: 4109K(4352K)->4109K(4352K)
[89.634s][info][gc          ] GC(40) Pause Full (System.gc()) 771M->771M(5939M) 1997.244ms
[91.624s][info][gc,metaspace] GC(41) Metaspace: 23699K(24256K)->23699K(24256K) NonClass: 19590K(19904K)->19590K(19904K) Class: 4109K(4352K)->4109K(4352K)
[91.624s][info][gc          ] GC(41) Pause Full (System.gc()) 771M->771M(5939M) 1990.143ms
[93.618s][info][gc,metaspace] GC(42) Metaspace: 23699K(24256K)->23699K(24256K) NonClass: 19590K(19904K)->19590K(19904K) Class: 4109K(4352K)->4109K(4352K)
[93.618s][info][gc          ] GC(42) Pause Full (System.gc()) 771M->771M(5939M) 1993.911ms
[95.610s][info][gc,metaspace] GC(43) Metaspace: 23699K(24256K)->23699K(24256K) NonClass: 19590K(19904K)->19590K(19904K) Class: 4109K(4352K)->4109K(4352K)
[95.610s][info][gc          ] GC(43) Pause Full (System.gc()) 771M->771M(5939M) 1991.885ms
[97.600s][info][gc,metaspace] GC(44) Metaspace: 23699K(24256K)->23699K(24256K) NonClass: 19590K(19904K)->19590K(19904K) Class: 4109K(4352K)->4109K(4352K)
[97.600s][info][gc          ] GC(44) Pause Full (System.gc()) 771M->771M(5939M) 1990.409ms
[99.595s][info][gc,metaspace] GC(45) Metaspace: 23699K(24256K)->23699K(24256K) NonClass: 19590K(19904K)->19590K(19904K) Class: 4109K(4352K)->4109K(4352K)
[99.595s][info][gc          ] GC(45) Pause Full (System.gc()) 771M->771M(5939M) 1994.256ms
[101.583s][info][gc,metaspace] GC(46) Metaspace: 23699K(24256K)->23699K(24256K) NonClass: 19590K(19904K)->19590K(19904K) Class: 4109K(4352K)->4109K(4352K)
[101.584s][info][gc          ] GC(46) Pause Full (System.gc()) 771M->771M(5939M) 1988.745ms
[103.579s][info][gc,metaspace] GC(47) Metaspace: 23699K(24256K)->23699K(24256K) NonClass: 19590K(19904K)->19590K(19904K) Class: 4109K(4352K)->4109K(4352K)
[103.579s][info][gc          ] GC(47) Pause Full (System.gc()) 771M->771M(5939M) 1994.915ms
[105.569s][info][gc,metaspace] GC(48) Metaspace: 23699K(24256K)->23699K(24256K) NonClass: 19590K(19904K)->19590K(19904K) Class: 4109K(4352K)->4109K(4352K)
[105.569s][info][gc          ] GC(48) Pause Full (System.gc()) 771M->771M(5939M) 1989.888ms
[107.558s][info][gc,metaspace] GC(49) Metaspace: 23699K(24256K)->23699K(24256K) NonClass: 19590K(19904K)->19590K(19904K) Class: 4109K(4352K)->4109K(4352K)
[107.558s][info][gc          ] GC(49) Pause Full (System.gc()) 771M->771M(5939M) 1989.411ms
[109.553s][info][gc,metaspace] GC(50) Metaspace: 23699K(24256K)->23699K(24256K) NonClass: 19590K(19904K)->19590K(19904K) Class: 4109K(4352K)->4109K(4352K)
[109.553s][info][gc          ] GC(50) Pause Full (System.gc()) 771M->771M(5939M) 1994.860ms
[111.545s][info][gc,metaspace] GC(51) Metaspace: 23699K(24256K)->23699K(24256K) NonClass: 19590K(19904K)->19590K(19904K) Class: 4109K(4352K)->4109K(4352K)
[111.545s][info][gc          ] GC(51) Pause Full (System.gc()) 771M->771M(5939M) 1991.875ms
[113.539s][info][gc,metaspace] GC(52) Metaspace: 23699K(24256K)->23699K(24256K) NonClass: 19590K(19904K)->19590K(19904K) Class: 4109K(4352K)->4109K(4352K)
[113.539s][info][gc          ] GC(52) Pause Full (System.gc()) 771M->771M(5939M) 1993.786ms
[115.529s][info][gc,metaspace] GC(53) Metaspace: 23699K(24256K)->23699K(24256K) NonClass: 19590K(19904K)->19590K(19904K) Class: 4109K(4352K)->4109K(4352K)
[115.529s][info][gc          ] GC(53) Pause Full (System.gc()) 771M->771M(5939M) 1990.175ms
[117.519s][info][gc,metaspace] GC(54) Metaspace: 23699K(24256K)->23699K(24256K) NonClass: 19590K(19904K)->19590K(19904K) Class: 4109K(4352K)->4109K(4352K)
[117.519s][info][gc          ] GC(54) Pause Full (System.gc()) 771M->771M(5939M) 1989.348ms
[119.513s][info][gc,metaspace] GC(55) Metaspace: 23699K(24256K)->23699K(24256K) NonClass: 19590K(19904K)->19590K(19904K) Class: 4109K(4352K)->4109K(4352K)
[119.513s][info][gc          ] GC(55) Pause Full (System.gc()) 771M->771M(5939M) 1994.398ms
[121.503s][info][gc,metaspace] GC(56) Metaspace: 23699K(24256K)->23699K(24256K) NonClass: 19590K(19904K)->19590K(19904K) Class: 4109K(4352K)->4109K(4352K)
[121.503s][info][gc          ] GC(56) Pause Full (System.gc()) 771M->771M(5939M) 1989.462ms
[123.492s][info][gc,metaspace] GC(57) Metaspace: 23699K(24256K)->23699K(24256K) NonClass: 19590K(19904K)->19590K(19904K) Class: 4109K(4352K)->4109K(4352K)
[123.492s][info][gc          ] GC(57) Pause Full (System.gc()) 771M->771M(5939M) 1988.779ms
[125.485s][info][gc,metaspace] GC(58) Metaspace: 23699K(24256K)->23699K(24256K) NonClass: 19590K(19904K)->19590K(19904K) Class: 4109K(4352K)->4109K(4352K)
[125.485s][info][gc          ] GC(58) Pause Full (System.gc()) 771M->771M(5939M) 1993.379ms
[127.476s][info][gc,metaspace] GC(59) Metaspace: 23699K(24256K)->23699K(24256K) NonClass: 19590K(19904K)->19590K(19904K) Class: 4109K(4352K)->4109K(4352K)
[127.476s][info][gc          ] GC(59) Pause Full (System.gc()) 771M->771M(5939M) 1990.330ms
[129.469s][info][gc,metaspace] GC(60) Metaspace: 23699K(24256K)->23699K(24256K) NonClass: 19590K(19904K)->19590K(19904K) Class: 4109K(4352K)->4109K(4352K)
[129.469s][info][gc          ] GC(60) Pause Full (System.gc()) 771M->771M(5939M) 1993.117ms
[131.462s][info][gc,metaspace] GC(61) Metaspace: 23699K(24256K)->23699K(24256K) NonClass: 19590K(19904K)->19590K(19904K) Class: 4109K(4352K)->4109K(4352K)
[131.462s][info][gc          ] GC(61) Pause Full (System.gc()) 781M->771M(5939M) 1992.676ms
[133.452s][info][gc,metaspace] GC(62) Metaspace: 23699K(24256K)->23699K(24256K) NonClass: 19590K(19904K)->19590K(19904K) Class: 4109K(4352K)->4109K(4352K)
[133.452s][info][gc          ] GC(62) Pause Full (System.gc()) 771M->771M(5939M) 1989.965ms
[135.445s][info][gc,metaspace] GC(63) Metaspace: 23699K(24256K)->23699K(24256K) NonClass: 19590K(19904K)->19590K(19904K) Class: 4109K(4352K)->4109K(4352K)
[135.445s][info][gc          ] GC(63) Pause Full (System.gc()) 771M->771M(5939M) 1992.755ms
[137.437s][info][gc,metaspace] GC(64) Metaspace: 23699K(24256K)->23699K(24256K) NonClass: 19590K(19904K)->19590K(19904K) Class: 4109K(4352K)->4109K(4352K)
[137.437s][info][gc          ] GC(64) Pause Full (System.gc()) 771M->771M(5939M) 1991.966ms
[139.430s][info][gc,metaspace] GC(65) Metaspace: 23699K(24256K)->23699K(24256K) NonClass: 19590K(19904K)->19590K(19904K) Class: 4109K(4352K)->4109K(4352K)
[139.430s][info][gc          ] GC(65) Pause Full (System.gc()) 771M->771M(5939M) 1993.505ms
[141.423s][info][gc,metaspace] GC(66) Metaspace: 23699K(24256K)->23699K(24256K) NonClass: 19590K(19904K)->19590K(19904K) Class: 4109K(4352K)->4109K(4352K)
[141.423s][info][gc          ] GC(66) Pause Full (System.gc()) 771M->771M(5939M) 1992.727ms
[143.414s][info][gc,metaspace] GC(67) Metaspace: 23699K(24256K)->23699K(24256K) NonClass: 19590K(19904K)->19590K(19904K) Class: 4109K(4352K)->4109K(4352K)
[143.414s][info][gc          ] GC(67) Pause Full (System.gc()) 771M->771M(5939M) 1990.879ms
[145.854s][info][gc,metaspace] GC(68) Metaspace: 23699K(24256K)->23699K(24256K) NonClass: 19590K(19904K)->19590K(19904K) Class: 4109K(4352K)->4109K(4352K)
[145.854s][info][gc          ] GC(68) Pause Full (System.gc()) 771M->771M(5939M) 2439.507ms
[147.845s][info][gc,metaspace] GC(69) Metaspace: 23699K(24256K)->23699K(24256K) NonClass: 19590K(19904K)->19590K(19904K) Class: 4109K(4352K)->4109K(4352K)
[147.845s][info][gc          ] GC(69) Pause Full (System.gc()) 771M->771M(5939M) 1991.476ms
[149.835s][info][gc,metaspace] GC(70) Metaspace: 23699K(24256K)->23699K(24256K) NonClass: 19590K(19904K)->19590K(19904K) Class: 4109K(4352K)->4109K(4352K)
[149.835s][info][gc          ] GC(70) Pause Full (System.gc()) 771M->771M(5939M) 1989.724ms
[151.830s][info][gc,metaspace] GC(71) Metaspace: 23699K(24256K)->23699K(24256K) NonClass: 19590K(19904K)->19590K(19904K) Class: 4109K(4352K)->4109K(4352K)
[151.830s][info][gc          ] GC(71) Pause Full (System.gc()) 771M->771M(5939M) 1994.532ms
[153.820s][info][gc,metaspace] GC(72) Metaspace: 23699K(24256K)->23699K(24256K) NonClass: 19590K(19904K)->19590K(19904K) Class: 4109K(4352K)->4109K(4352K)
[153.820s][info][gc          ] GC(72) Pause Full (System.gc()) 771M->771M(5939M) 1990.582ms
[156.480s][info][gc,metaspace] GC(73) Metaspace: 23699K(24256K)->23699K(24256K) NonClass: 19590K(19904K)->19590K(19904K) Class: 4109K(4352K)->4109K(4352K)
[156.481s][info][gc          ] GC(73) Pause Full (System.gc()) 771M->771M(5939M) 2659.999ms
[158.471s][info][gc,metaspace] GC(74) Metaspace: 23699K(24256K)->23699K(24256K) NonClass: 19590K(19904K)->19590K(19904K) Class: 4109K(4352K)->4109K(4352K)
[158.471s][info][gc          ] GC(74) Pause Full (System.gc()) 771M->771M(5939M) 1990.067ms
[160.460s][info][gc,metaspace] GC(75) Metaspace: 23699K(24256K)->23699K(24256K) NonClass: 19590K(19904K)->19590K(19904K) Class: 4109K(4352K)->4109K(4352K)
[160.460s][info][gc          ] GC(75) Pause Full (System.gc()) 771M->771M(5939M) 1988.878ms
[162.454s][info][gc,metaspace] GC(76) Metaspace: 23699K(24256K)->23699K(24256K) NonClass: 19590K(19904K)->19590K(19904K) Class: 4109K(4352K)->4109K(4352K)
[162.454s][info][gc          ] GC(76) Pause Full (System.gc()) 771M->771M(5939M) 1993.775ms
[164.443s][info][gc,metaspace] GC(77) Metaspace: 23699K(24256K)->23699K(24256K) NonClass: 19590K(19904K)->19590K(19904K) Class: 4109K(4352K)->4109K(4352K)
[164.443s][info][gc          ] GC(77) Pause Full (System.gc()) 771M->771M(5939M) 1989.442ms
[166.436s][info][gc,metaspace] GC(78) Metaspace: 23699K(24256K)->23699K(24256K) NonClass: 19590K(19904K)->19590K(19904K) Class: 4109K(4352K)->4109K(4352K)
[166.436s][info][gc          ] GC(78) Pause Full (System.gc()) 771M->771M(5939M) 1992.341ms
[168.425s][info][gc,metaspace] GC(79) Metaspace: 23699K(24256K)->23699K(24256K) NonClass: 19590K(19904K)->19590K(19904K) Class: 4109K(4352K)->4109K(4352K)
[168.425s][info][gc          ] GC(79) Pause Full (System.gc()) 771M->771M(5939M) 1989.655ms
[170.415s][info][gc,metaspace] GC(80) Metaspace: 23699K(24256K)->23699K(24256K) NonClass: 19590K(19904K)->19590K(19904K) Class: 4109K(4352K)->4109K(4352K)
[170.415s][info][gc          ] GC(80) Pause Full (System.gc()) 771M->771M(5939M) 1989.692ms
[172.405s][info][gc,metaspace] GC(81) Metaspace: 23699K(24256K)->23699K(24256K) NonClass: 19590K(19904K)->19590K(19904K) Class: 4109K(4352K)->4109K(4352K)
[172.406s][info][gc          ] GC(81) Pause Full (System.gc()) 771M->771M(5939M) 1990.224ms
[174.395s][info][gc,metaspace] GC(82) Metaspace: 23699K(24256K)->23699K(24256K) NonClass: 19590K(19904K)->19590K(19904K) Class: 4109K(4352K)->4109K(4352K)
[174.396s][info][gc          ] GC(82) Pause Full (System.gc()) 771M->771M(5939M) 1989.921ms
[176.384s][info][gc,metaspace] GC(83) Metaspace: 23699K(24256K)->23699K(24256K) NonClass: 19590K(19904K)->19590K(19904K) Class: 4109K(4352K)->4109K(4352K)
[176.385s][info][gc          ] GC(83) Pause Full (System.gc()) 771M->771M(5939M) 1988.845ms
[178.377s][info][gc,metaspace] GC(84) Metaspace: 23699K(24256K)->23699K(24256K) NonClass: 19590K(19904K)->19590K(19904K) Class: 4109K(4352K)->4109K(4352K)
[178.377s][info][gc          ] GC(84) Pause Full (System.gc()) 771M->771M(5939M) 1992.654ms
[180.367s][info][gc,metaspace] GC(85) Metaspace: 23699K(24256K)->23699K(24256K) NonClass: 19590K(19904K)->19590K(19904K) Class: 4109K(4352K)->4109K(4352K)
[180.367s][info][gc          ] GC(85) Pause Full (System.gc()) 771M->771M(5939M) 1989.797ms
[182.360s][info][gc,metaspace] GC(86) Metaspace: 23699K(24256K)->23699K(24256K) NonClass: 19590K(19904K)->19590K(19904K) Class: 4109K(4352K)->4109K(4352K)
[182.360s][info][gc          ] GC(86) Pause Full (System.gc()) 771M->771M(5939M) 1992.841ms
[184.351s][info][gc,metaspace] GC(87) Metaspace: 23699K(24256K)->23699K(24256K) NonClass: 19590K(19904K)->19590K(19904K) Class: 4109K(4352K)->4109K(4352K)
[184.351s][info][gc          ] GC(87) Pause Full (System.gc()) 771M->771M(5939M) 1990.674ms
[186.339s][info][gc,metaspace] GC(88) Metaspace: 23699K(24256K)->23699K(24256K) NonClass: 19590K(19904K)->19590K(19904K) Class: 4109K(4352K)->4109K(4352K)
[186.339s][info][gc          ] GC(88) Pause Full (System.gc()) 771M->771M(5939M) 1988.279ms
[188.333s][info][gc,metaspace] GC(89) Metaspace: 23699K(24256K)->23699K(24256K) NonClass: 19590K(19904K)->19590K(19904K) Class: 4109K(4352K)->4109K(4352K)
[188.334s][info][gc          ] GC(89) Pause Full (System.gc()) 771M->771M(5939M) 1994.231ms
[190.325s][info][gc,metaspace] GC(90) Metaspace: 23699K(24256K)->23699K(24256K) NonClass: 19590K(19904K)->19590K(19904K) Class: 4109K(4352K)->4109K(4352K)
[190.325s][info][gc          ] GC(90) Pause Full (System.gc()) 771M->771M(5939M) 1991.312ms
[192.319s][info][gc,metaspace] GC(91) Metaspace: 23699K(24256K)->23699K(24256K) NonClass: 19590K(19904K)->19590K(19904K) Class: 4109K(4352K)->4109K(4352K)
[192.319s][info][gc          ] GC(91) Pause Full (System.gc()) 771M->771M(5939M) 1993.583ms
[194.311s][info][gc,metaspace] GC(92) Metaspace: 23699K(24256K)->23699K(24256K) NonClass: 19590K(19904K)->19590K(19904K) Class: 4109K(4352K)->4109K(4352K)
[194.311s][info][gc          ] GC(92) Pause Full (System.gc()) 771M->771M(5939M) 1992.690ms
[196.301s][info][gc,metaspace] GC(93) Metaspace: 23699K(24256K)->23699K(24256K) NonClass: 19590K(19904K)->19590K(19904K) Class: 4109K(4352K)->4109K(4352K)
[196.301s][info][gc          ] GC(93) Pause Full (System.gc()) 781M->771M(5939M) 1989.214ms
[198.297s][info][gc,metaspace] GC(94) Metaspace: 23699K(24256K)->23699K(24256K) NonClass: 19590K(19904K)->19590K(19904K) Class: 4109K(4352K)->4109K(4352K)
[198.297s][info][gc          ] GC(94) Pause Full (System.gc()) 771M->771M(5939M) 1995.918ms
[200.288s][info][gc,metaspace] GC(95) Metaspace: 23699K(24256K)->23699K(24256K) NonClass: 19590K(19904K)->19590K(19904K) Class: 4109K(4352K)->4109K(4352K)
[200.288s][info][gc          ] GC(95) Pause Full (System.gc()) 771M->771M(5939M) 1991.224ms
[202.285s][info][gc,metaspace] GC(96) Metaspace: 23699K(24256K)->23699K(24256K) NonClass: 19590K(19904K)->19590K(19904K) Class: 4109K(4352K)->4109K(4352K)
[202.285s][info][gc          ] GC(96) Pause Full (System.gc()) 771M->771M(5939M) 1996.329ms
[204.275s][info][gc,metaspace] GC(97) Metaspace: 23699K(24256K)->23699K(24256K) NonClass: 19590K(19904K)->19590K(19904K) Class: 4109K(4352K)->4109K(4352K)
[204.275s][info][gc          ] GC(97) Pause Full (System.gc()) 771M->771M(5939M) 1990.315ms
[206.264s][info][gc,metaspace] GC(98) Metaspace: 23699K(24256K)->23699K(24256K) NonClass: 19590K(19904K)->19590K(19904K) Class: 4109K(4352K)->4109K(4352K)
[206.264s][info][gc          ] GC(98) Pause Full (System.gc()) 771M->771M(5939M) 1988.655ms
[208.258s][info][gc,metaspace] GC(99) Metaspace: 23699K(24256K)->23699K(24256K) NonClass: 19590K(19904K)->19590K(19904K) Class: 4109K(4352K)->4109K(4352K)
[208.258s][info][gc          ] GC(99) Pause Full (System.gc()) 771M->771M(5939M) 1994.364ms
[210.249s][info][gc,metaspace] GC(100) Metaspace: 23699K(24256K)->23699K(24256K) NonClass: 19590K(19904K)->19590K(19904K) Class: 4109K(4352K)->4109K(4352K)
[210.249s][info][gc          ] GC(100) Pause Full (System.gc()) 771M->771M(5939M) 1990.775ms
After GCs... 
