[0.001s][info][metaspace]  - commit_granule_bytes: 65536.
[0.001s][info][metaspace]  - commit_granule_words: 8192.
[0.001s][info][metaspace]  - virtual_space_node_default_size: 8388608.
[0.001s][info][metaspace]  - enlarge_chunks_in_place: 1.
[0.001s][info][metaspace]  - use_allocation_guard: 0.
[0.003s][info][gc       ] Using Parallel
[0.367s][info][metaspace] Reserving compressed class space anywhere
[0.367s][info][gc,metaspace] CDS archive(s) not mapped
[0.367s][info][gc,metaspace] Compressed class space mapped at: 0x000000001b000000-0x00000000db000000, reserved size: 3221225472
[0.367s][info][gc,metaspace] UseCompressedClassPointers 1, UseCompactObjectHeaders 1, narrow klass pointer bits 22, max shift 10
[0.367s][info][gc,metaspace] Narrow klass base: 0x000000001b000000, Narrow klass shift: 10, Narrow klass range: 0xc0000000
Num Classes: 256
Num Objects per Class: 262144
Cycles: 10
randomize: true (disable with --no-randomization)
ballOfYarn mode: false (switch to flat mode with --flat-mode)
Generate 256 classes...
Loading 256...[2.289s][info][gc,metaspace] GC(0) Metaspace: 23153K(23424K)->23153K(23424K) NonClass: 19169K(19328K)->19169K(19328K) Class: 3983K(4096K)->3983K(4096K)
[2.289s][info][gc          ] GC(0) Pause Full (System.gc()) 1136M->3M(5888M) 26.741ms
Creating 262144 objects per class...
Preparatory GC...
[6.484s][info][gc,metaspace] GC(1) Metaspace: 24047K(24576K)->24047K(24576K) NonClass: 19928K(20224K)->19928K(20224K) Class: 4118K(4352K)->4118K(4352K)
[6.485s][info][gc          ] GC(1) Pause Full (System.gc()) 1450M->1389M(5888M) 721.536ms
[7.001s][info][gc,metaspace] GC(2) Metaspace: 24047K(24576K)->24047K(24576K) NonClass: 19928K(20224K)->19928K(20224K) Class: 4118K(4352K)->4118K(4352K)
[7.001s][info][gc          ] GC(2) Pause Full (System.gc()) 1389M->1389M(5888M) 516.145ms
Done; will start GCs... 
[7.526s][info][gc,metaspace] GC(3) Metaspace: 24048K(24576K)->24048K(24576K) NonClass: 19929K(20224K)->19929K(20224K) Class: 4118K(4352K)->4118K(4352K)
[7.526s][info][gc          ] GC(3) Pause Full (System.gc()) 1418M->1389M(5888M) 525.056ms
[8.020s][info][gc,metaspace] GC(4) Metaspace: 24048K(24576K)->24048K(24576K) NonClass: 19929K(20224K)->19929K(20224K) Class: 4118K(4352K)->4118K(4352K)
[8.020s][info][gc          ] GC(4) Pause Full (System.gc()) 1389M->1389M(5888M) 493.836ms
[8.565s][info][gc,metaspace] GC(5) Metaspace: 24048K(24576K)->24048K(24576K) NonClass: 19929K(20224K)->19929K(20224K) Class: 4118K(4352K)->4118K(4352K)
[8.565s][info][gc          ] GC(5) Pause Full (System.gc()) 1389M->1389M(5888M) 545.455ms
[9.071s][info][gc,metaspace] GC(6) Metaspace: 24048K(24576K)->24048K(24576K) NonClass: 19929K(20224K)->19929K(20224K) Class: 4118K(4352K)->4118K(4352K)
[9.071s][info][gc          ] GC(6) Pause Full (System.gc()) 1389M->1389M(5888M) 505.269ms
[9.584s][info][gc,metaspace] GC(7) Metaspace: 24048K(24576K)->24048K(24576K) NonClass: 19929K(20224K)->19929K(20224K) Class: 4118K(4352K)->4118K(4352K)
[9.584s][info][gc          ] GC(7) Pause Full (System.gc()) 1389M->1389M(5888M) 513.280ms
[10.139s][info][gc,metaspace] GC(8) Metaspace: 24048K(24576K)->24048K(24576K) NonClass: 19929K(20224K)->19929K(20224K) Class: 4118K(4352K)->4118K(4352K)
[10.139s][info][gc          ] GC(8) Pause Full (System.gc()) 1389M->1389M(5888M) 554.461ms
[10.676s][info][gc,metaspace] GC(9) Metaspace: 24048K(24576K)->24048K(24576K) NonClass: 19929K(20224K)->19929K(20224K) Class: 4118K(4352K)->4118K(4352K)
[10.676s][info][gc          ] GC(9) Pause Full (System.gc()) 1389M->1389M(5888M) 537.375ms
[11.222s][info][gc,metaspace] GC(10) Metaspace: 24048K(24576K)->24048K(24576K) NonClass: 19929K(20224K)->19929K(20224K) Class: 4118K(4352K)->4118K(4352K)
[11.222s][info][gc          ] GC(10) Pause Full (System.gc()) 1389M->1389M(5888M) 545.444ms
[11.730s][info][gc,metaspace] GC(11) Metaspace: 24048K(24576K)->24048K(24576K) NonClass: 19929K(20224K)->19929K(20224K) Class: 4118K(4352K)->4118K(4352K)
[11.730s][info][gc          ] GC(11) Pause Full (System.gc()) 1389M->1389M(5888M) 507.607ms
[12.257s][info][gc,metaspace] GC(12) Metaspace: 24048K(24576K)->24048K(24576K) NonClass: 19929K(20224K)->19929K(20224K) Class: 4118K(4352K)->4118K(4352K)
[12.257s][info][gc          ] GC(12) Pause Full (System.gc()) 1389M->1389M(5888M) 527.547ms
After GCs... 
