[0.001s][info][metaspace]  - commit_granule_bytes: 65536.
[0.001s][info][metaspace]  - commit_granule_words: 8192.
[0.001s][info][metaspace]  - virtual_space_node_default_size: 8388608.
[0.001s][info][metaspace]  - enlarge_chunks_in_place: 1.
[0.001s][info][metaspace]  - use_allocation_guard: 0.
[0.003s][info][gc       ] Using Parallel
[0.375s][info][metaspace] Reserving compressed class space anywhere
[0.375s][info][gc,metaspace] CDS archive(s) not mapped
[0.375s][info][gc,metaspace] Compressed class space mapped at: 0x0000000025000000-0x00000000e5000000, reserved size: 3221225472
[0.375s][info][gc,metaspace] UseCompressedClassPointers 1, UseCompactObjectHeaders 0, narrow klass pointer bits 32, max shift 3
[0.375s][info][gc,metaspace] Narrow klass base: 0x0000000000000000, Narrow klass shift: 0, Narrow klass range: 0xe5000000
Num Classes: 256
Num Objects per Class: 262144
Cycles: 10
randomize: true (disable with --no-randomization)
ballOfYarn mode: false (switch to flat mode with --flat-mode)
Generate 256 classes...
Loading 256...[2.023s][info][gc,metaspace] GC(0) Metaspace: 23004K(23360K)->23004K(23360K) NonClass: 20556K(20736K)->20556K(20736K) Class: 2448K(2624K)->2448K(2624K)
[2.023s][info][gc          ] GC(0) Pause Full (System.gc()) 1198M->3M(5888M) 26.538ms
Creating 262144 objects per class...[7.359s][info][gc,metaspace] GC(1) Metaspace: 23984K(24576K)->23984K(24576K) NonClass: 21402K(21696K)->21402K(21696K) Class: 2582K(2880K)->2582K(2880K)
[7.359s][info][gc          ] GC(1) Pause Young (Allocation Failure) 1539M->1741M(5888M) 1893.872ms

Preparatory GC...
[8.275s][info][gc,metaspace] GC(2) Metaspace: 23985K(24576K)->23985K(24576K) NonClass: 21402K(21696K)->21402K(21696K) Class: 2582K(2880K)->2582K(2880K)
[8.275s][info][gc          ] GC(2) Pause Full (System.gc()) 1799M->1525M(5888M) 815.957ms
[8.838s][info][gc,metaspace] GC(3) Metaspace: 23985K(24576K)->23985K(24576K) NonClass: 21402K(21696K)->21402K(21696K) Class: 2582K(2880K)->2582K(2880K)
[8.838s][info][gc          ] GC(3) Pause Full (System.gc()) 1525M->1525M(5888M) 562.447ms
Done; will start GCs... 
[9.439s][info][gc,metaspace] GC(4) Metaspace: 23985K(24576K)->23985K(24576K) NonClass: 21402K(21696K)->21402K(21696K) Class: 2582K(2880K)->2582K(2880K)
[9.439s][info][gc          ] GC(4) Pause Full (System.gc()) 1554M->1525M(5888M) 600.730ms
[10.010s][info][gc,metaspace] GC(5) Metaspace: 23985K(24576K)->23985K(24576K) NonClass: 21402K(21696K)->21402K(21696K) Class: 2582K(2880K)->2582K(2880K)
[10.010s][info][gc          ] GC(5) Pause Full (System.gc()) 1525M->1525M(5888M) 571.204ms
[10.623s][info][gc,metaspace] GC(6) Metaspace: 23985K(24576K)->23985K(24576K) NonClass: 21402K(21696K)->21402K(21696K) Class: 2582K(2880K)->2582K(2880K)
[10.623s][info][gc          ] GC(6) Pause Full (System.gc()) 1525M->1525M(5888M) 613.170ms
[11.212s][info][gc,metaspace] GC(7) Metaspace: 23985K(24576K)->23985K(24576K) NonClass: 21402K(21696K)->21402K(21696K) Class: 2582K(2880K)->2582K(2880K)
[11.212s][info][gc          ] GC(7) Pause Full (System.gc()) 1525M->1525M(5888M) 588.810ms
[11.772s][info][gc,metaspace] GC(8) Metaspace: 23985K(24576K)->23985K(24576K) NonClass: 21402K(21696K)->21402K(21696K) Class: 2582K(2880K)->2582K(2880K)
[11.772s][info][gc          ] GC(8) Pause Full (System.gc()) 1525M->1525M(5888M) 559.941ms
[12.386s][info][gc,metaspace] GC(9) Metaspace: 23985K(24576K)->23985K(24576K) NonClass: 21402K(21696K)->21402K(21696K) Class: 2582K(2880K)->2582K(2880K)
[12.386s][info][gc          ] GC(9) Pause Full (System.gc()) 1525M->1525M(5888M) 613.344ms
[12.953s][info][gc,metaspace] GC(10) Metaspace: 23985K(24576K)->23985K(24576K) NonClass: 21402K(21696K)->21402K(21696K) Class: 2582K(2880K)->2582K(2880K)
[12.954s][info][gc          ] GC(10) Pause Full (System.gc()) 1525M->1525M(5888M) 563.474ms
[13.546s][info][gc,metaspace] GC(11) Metaspace: 23985K(24576K)->23985K(24576K) NonClass: 21402K(21696K)->21402K(21696K) Class: 2582K(2880K)->2582K(2880K)
[13.546s][info][gc          ] GC(11) Pause Full (System.gc()) 1525M->1525M(5888M) 592.450ms
[14.184s][info][gc,metaspace] GC(12) Metaspace: 23985K(24576K)->23985K(24576K) NonClass: 21402K(21696K)->21402K(21696K) Class: 2582K(2880K)->2582K(2880K)
[14.184s][info][gc          ] GC(12) Pause Full (System.gc()) 1525M->1525M(5888M) 637.930ms
[14.747s][info][gc,metaspace] GC(13) Metaspace: 23985K(24576K)->23985K(24576K) NonClass: 21402K(21696K)->21402K(21696K) Class: 2582K(2880K)->2582K(2880K)
[14.747s][info][gc          ] GC(13) Pause Full (System.gc()) 1525M->1525M(5888M) 562.981ms
After GCs... 
