Done; will start GCs... 
[13.141s][info   ][gc,metaspace] GC(27) Metaspace: 11145K(11264K)->11145K(11264K) NonClass: 9392K(9472K)->9392K(9472K) Class: 1753K(1792K)->1753K(1792K)
[13.141s][info   ][gc          ] GC(27) Pause Full (System.gc()) 1451M->1449M(6144M) 1052.145ms
[14.182s][info   ][gc,metaspace] GC(28) Metaspace: 11145K(11264K)->11145K(11264K) NonClass: 9392K(9472K)->9392K(9472K) Class: 1753K(1792K)->1753K(1792K)
[14.182s][info   ][gc          ] GC(28) Pause Full (System.gc()) 1449M->1449M(6144M) 1040.830ms
[15.222s][info   ][gc,metaspace] GC(29) Metaspace: 11145K(11264K)->11145K(11264K) NonClass: 9392K(9472K)->9392K(9472K) Class: 1753K(1792K)->1753K(1792K)
[15.222s][info   ][gc          ] GC(29) Pause Full (System.gc()) 1449M->1449M(6144M) 1040.443ms
[16.238s][info   ][gc,metaspace] GC(30) Metaspace: 11145K(11264K)->11145K(11264K) NonClass: 9392K(9472K)->9392K(9472K) Class: 1753K(1792K)->1753K(1792K)
[16.238s][info   ][gc          ] GC(30) Pause Full (System.gc()) 1449M->1449M(6144M) 1014.979ms
[17.287s][info   ][gc,metaspace] GC(31) Metaspace: 11145K(11264K)->11145K(11264K) NonClass: 9392K(9472K)->9392K(9472K) Class: 1753K(1792K)->1753K(1792K)
[17.287s][info   ][gc          ] GC(31) Pause Full (System.gc()) 1449M->1449M(6144M) 1049.216ms
[18.320s][info   ][gc,metaspace] GC(32) Metaspace: 11145K(11264K)->11145K(11264K) NonClass: 9392K(9472K)->9392K(9472K) Class: 1753K(1792K)->1753K(1792K)
[18.320s][info   ][gc          ] GC(32) Pause Full (System.gc()) 1449M->1449M(6144M) 1032.680ms
[19.355s][info   ][gc,metaspace] GC(33) Metaspace: 11145K(11264K)->11145K(11264K) NonClass: 9392K(9472K)->9392K(9472K) Class: 1753K(1792K)->1753K(1792K)
[19.355s][info   ][gc          ] GC(33) Pause Full (System.gc()) 1449M->1449M(6144M) 1034.535ms
[20.380s][info   ][gc,metaspace] GC(34) Metaspace: 11145K(11264K)->11145K(11264K) NonClass: 9392K(9472K)->9392K(9472K) Class: 1753K(1792K)->1753K(1792K)
[20.380s][info   ][gc          ] GC(34) Pause Full (System.gc()) 1449M->1449M(6144M) 1024.794ms
[21.398s][info   ][gc,metaspace] GC(35) Metaspace: 11145K(11264K)->11145K(11264K) NonClass: 9392K(9472K)->9392K(9472K) Class: 1753K(1792K)->1753K(1792K)
[21.398s][info   ][gc          ] GC(35) Pause Full (System.gc()) 1449M->1449M(6144M) 1018.224ms
[22.410s][info   ][gc,metaspace] GC(36) Metaspace: 11145K(11264K)->11145K(11264K) NonClass: 9392K(9472K)->9392K(9472K) Class: 1753K(1792K)->1753K(1792K)
[22.410s][info   ][gc          ] GC(36) Pause Full (System.gc()) 1449M->1449M(6144M) 1011.978ms
[23.411s][info   ][gc,metaspace] GC(37) Metaspace: 11145K(11264K)->11145K(11264K) NonClass: 9392K(9472K)->9392K(9472K) Class: 1753K(1792K)->1753K(1792K)
[23.411s][info   ][gc          ] GC(37) Pause Full (System.gc()) 1449M->1449M(6144M) 1000.961ms
[24.416s][info   ][gc,metaspace] GC(38) Metaspace: 11145K(11264K)->11145K(11264K) NonClass: 9392K(9472K)->9392K(9472K) Class: 1753K(1792K)->1753K(1792K)
[24.416s][info   ][gc          ] GC(38) Pause Full (System.gc()) 1449M->1449M(6144M) 1004.804ms
[25.416s][info   ][gc,metaspace] GC(39) Metaspace: 11145K(11264K)->11145K(11264K) NonClass: 9392K(9472K)->9392K(9472K) Class: 1753K(1792K)->1753K(1792K)
[25.416s][info   ][gc          ] GC(39) Pause Full (System.gc()) 1449M->1449M(6144M) 1000.413ms
[26.422s][info   ][gc,metaspace] GC(40) Metaspace: 11145K(11264K)->11145K(11264K) NonClass: 9392K(9472K)->9392K(9472K) Class: 1753K(1792K)->1753K(1792K)
[26.422s][info   ][gc          ] GC(40) Pause Full (System.gc()) 1449M->1449M(6144M) 1005.004ms
[27.424s][info   ][gc,metaspace] GC(41) Metaspace: 11145K(11264K)->11145K(11264K) NonClass: 9392K(9472K)->9392K(9472K) Class: 1753K(1792K)->1753K(1792K)
[27.424s][info   ][gc          ] GC(41) Pause Full (System.gc()) 1449M->1449M(6144M) 1001.869ms
[28.427s][info   ][gc,metaspace] GC(42) Metaspace: 11145K(11264K)->11145K(11264K) NonClass: 9392K(9472K)->9392K(9472K) Class: 1753K(1792K)->1753K(1792K)
[28.427s][info   ][gc          ] GC(42) Pause Full (System.gc()) 1449M->1449M(6144M) 1002.315ms
[29.427s][info   ][gc,metaspace] GC(43) Metaspace: 11145K(11264K)->11145K(11264K) NonClass: 9392K(9472K)->9392K(9472K) Class: 1753K(1792K)->1753K(1792K)
[29.427s][info   ][gc          ] GC(43) Pause Full (System.gc()) 1449M->1449M(6144M) 999.969ms
[30.425s][info   ][gc,metaspace] GC(44) Metaspace: 11145K(11264K)->11145K(11264K) NonClass: 9392K(9472K)->9392K(9472K) Class: 1753K(1792K)->1753K(1792K)
[30.425s][info   ][gc          ] GC(44) Pause Full (System.gc()) 1449M->1449M(6144M) 998.746ms
[31.425s][info   ][gc,metaspace] GC(45) Metaspace: 11145K(11264K)->11145K(11264K) NonClass: 9392K(9472K)->9392K(9472K) Class: 1753K(1792K)->1753K(1792K)
[31.425s][info   ][gc          ] GC(45) Pause Full (System.gc()) 1449M->1449M(6144M) 999.145ms
[32.427s][info   ][gc,metaspace] GC(46) Metaspace: 11145K(11264K)->11145K(11264K) NonClass: 9392K(9472K)->9392K(9472K) Class: 1753K(1792K)->1753K(1792K)
[32.427s][info   ][gc          ] GC(46) Pause Full (System.gc()) 1449M->1449M(6144M) 1001.155ms
[33.425s][info   ][gc,metaspace] GC(47) Metaspace: 11145K(11264K)->11145K(11264K) NonClass: 9392K(9472K)->9392K(9472K) Class: 1753K(1792K)->1753K(1792K)
[33.425s][info   ][gc          ] GC(47) Pause Full (System.gc()) 1449M->1449M(6144M) 998.764ms
[34.425s][info   ][gc,metaspace] GC(48) Metaspace: 11145K(11264K)->11145K(11264K) NonClass: 9392K(9472K)->9392K(9472K) Class: 1753K(1792K)->1753K(1792K)
[34.425s][info   ][gc          ] GC(48) Pause Full (System.gc()) 1449M->1449M(6144M) 999.347ms
[35.428s][info   ][gc,metaspace] GC(49) Metaspace: 11145K(11264K)->11145K(11264K) NonClass: 9392K(9472K)->9392K(9472K) Class: 1753K(1792K)->1753K(1792K)
[35.428s][info   ][gc          ] GC(49) Pause Full (System.gc()) 1449M->1449M(6144M) 1003.232ms
[36.428s][info   ][gc,metaspace] GC(50) Metaspace: 11145K(11264K)->11145K(11264K) NonClass: 9392K(9472K)->9392K(9472K) Class: 1753K(1792K)->1753K(1792K)
[36.428s][info   ][gc          ] GC(50) Pause Full (System.gc()) 1449M->1449M(6144M) 998.867ms
[37.428s][info   ][gc,metaspace] GC(51) Metaspace: 11145K(11264K)->11145K(11264K) NonClass: 9392K(9472K)->9392K(9472K) Class: 1753K(1792K)->1753K(1792K)
[37.428s][info   ][gc          ] GC(51) Pause Full (System.gc()) 1449M->1449M(6144M) 999.992ms
[38.432s][info   ][gc,metaspace] GC(52) Metaspace: 11145K(11264K)->11145K(11264K) NonClass: 9392K(9472K)->9392K(9472K) Class: 1753K(1792K)->1753K(1792K)
[38.433s][info   ][gc          ] GC(52) Pause Full (System.gc()) 1449M->1449M(6144M) 1004.475ms
[39.430s][info   ][gc,metaspace] GC(53) Metaspace: 11145K(11264K)->11145K(11264K) NonClass: 9392K(9472K)->9392K(9472K) Class: 1753K(1792K)->1753K(1792K)
[39.430s][info   ][gc          ] GC(53) Pause Full (System.gc()) 1449M->1449M(6144M) 997.911ms
[40.430s][info   ][gc,metaspace] GC(54) Metaspace: 11145K(11264K)->11145K(11264K) NonClass: 9392K(9472K)->9392K(9472K) Class: 1753K(1792K)->1753K(1792K)
[40.430s][info   ][gc          ] GC(54) Pause Full (System.gc()) 1449M->1449M(6144M) 999.891ms
[41.434s][info   ][gc,metaspace] GC(55) Metaspace: 11145K(11264K)->11145K(11264K) NonClass: 9392K(9472K)->9392K(9472K) Class: 1753K(1792K)->1753K(1792K)
[41.434s][info   ][gc          ] GC(55) Pause Full (System.gc()) 1449M->1449M(6144M) 1002.490ms
[42.434s][info   ][gc,metaspace] GC(56) Metaspace: 11145K(11264K)->11145K(11264K) NonClass: 9392K(9472K)->9392K(9472K) Class: 1753K(1792K)->1753K(1792K)
[42.434s][info   ][gc          ] GC(56) Pause Full (System.gc()) 1449M->1449M(6144M) 1000.150ms
[43.437s][info   ][gc,metaspace] GC(57) Metaspace: 11145K(11264K)->11145K(11264K) NonClass: 9392K(9472K)->9392K(9472K) Class: 1753K(1792K)->1753K(1792K)
[43.437s][info   ][gc          ] GC(57) Pause Full (System.gc()) 1449M->1449M(6144M) 1002.764ms
[44.440s][info   ][gc,metaspace] GC(58) Metaspace: 11145K(11264K)->11145K(11264K) NonClass: 9392K(9472K)->9392K(9472K) Class: 1753K(1792K)->1753K(1792K)
[44.440s][info   ][gc          ] GC(58) Pause Full (System.gc()) 1449M->1449M(6144M) 1003.301ms
[45.442s][info   ][gc,metaspace] GC(59) Metaspace: 11145K(11264K)->11145K(11264K) NonClass: 9392K(9472K)->9392K(9472K) Class: 1753K(1792K)->1753K(1792K)
[45.443s][info   ][gc          ] GC(59) Pause Full (System.gc()) 1449M->1449M(6144M) 1002.202ms
[46.441s][info   ][gc,metaspace] GC(60) Metaspace: 11145K(11264K)->11145K(11264K) NonClass: 9392K(9472K)->9392K(9472K) Class: 1753K(1792K)->1753K(1792K)
[46.441s][info   ][gc          ] GC(60) Pause Full (System.gc()) 1449M->1449M(6144M) 997.311ms
[47.443s][info   ][gc,metaspace] GC(61) Metaspace: 11145K(11264K)->11145K(11264K) NonClass: 9392K(9472K)->9392K(9472K) Class: 1753K(1792K)->1753K(1792K)
[47.443s][info   ][gc          ] GC(61) Pause Full (System.gc()) 1449M->1449M(6144M) 1001.954ms
[48.444s][info   ][gc,metaspace] GC(62) Metaspace: 11145K(11264K)->11145K(11264K) NonClass: 9392K(9472K)->9392K(9472K) Class: 1753K(1792K)->1753K(1792K)
[48.444s][info   ][gc          ] GC(62) Pause Full (System.gc()) 1449M->1449M(6144M) 1001.307ms
[49.442s][info   ][gc,metaspace] GC(63) Metaspace: 11145K(11264K)->11145K(11264K) NonClass: 9392K(9472K)->9392K(9472K) Class: 1753K(1792K)->1753K(1792K)
[49.443s][info   ][gc          ] GC(63) Pause Full (System.gc()) 1449M->1449M(6144M) 998.418ms
[50.440s][info   ][gc,metaspace] GC(64) Metaspace: 11145K(11264K)->11145K(11264K) NonClass: 9392K(9472K)->9392K(9472K) Class: 1753K(1792K)->1753K(1792K)
[50.440s][info   ][gc          ] GC(64) Pause Full (System.gc()) 1449M->1449M(6144M) 997.483ms
[51.440s][info   ][gc,metaspace] GC(65) Metaspace: 11145K(11264K)->11145K(11264K) NonClass: 9392K(9472K)->9392K(9472K) Class: 1753K(1792K)->1753K(1792K)
[51.441s][info   ][gc          ] GC(65) Pause Full (System.gc()) 1449M->1449M(6144M) 1000.425ms
[52.441s][info   ][gc,metaspace] GC(66) Metaspace: 11145K(11264K)->11145K(11264K) NonClass: 9392K(9472K)->9392K(9472K) Class: 1753K(1792K)->1753K(1792K)
[52.441s][info   ][gc          ] GC(66) Pause Full (System.gc()) 1449M->1449M(6144M) 1000.404ms
[53.438s][info   ][gc,metaspace] GC(67) Metaspace: 11145K(11264K)->11145K(11264K) NonClass: 9392K(9472K)->9392K(9472K) Class: 1753K(1792K)->1753K(1792K)
[53.438s][info   ][gc          ] GC(67) Pause Full (System.gc()) 1449M->1449M(6144M) 997.038ms
[54.441s][info   ][gc,metaspace] GC(68) Metaspace: 11145K(11264K)->11145K(11264K) NonClass: 9392K(9472K)->9392K(9472K) Class: 1753K(1792K)->1753K(1792K)
[54.441s][info   ][gc          ] GC(68) Pause Full (System.gc()) 1449M->1449M(6144M) 1002.540ms
[55.438s][info   ][gc,metaspace] GC(69) Metaspace: 11145K(11264K)->11145K(11264K) NonClass: 9392K(9472K)->9392K(9472K) Class: 1753K(1792K)->1753K(1792K)
[55.438s][info   ][gc          ] GC(69) Pause Full (System.gc()) 1449M->1449M(6144M) 997.315ms
[56.435s][info   ][gc,metaspace] GC(70) Metaspace: 11145K(11264K)->11145K(11264K) NonClass: 9392K(9472K)->9392K(9472K) Class: 1753K(1792K)->1753K(1792K)
[56.435s][info   ][gc          ] GC(70) Pause Full (System.gc()) 1449M->1449M(6144M) 996.620ms
[57.434s][info   ][gc,metaspace] GC(71) Metaspace: 11145K(11264K)->11145K(11264K) NonClass: 9392K(9472K)->9392K(9472K) Class: 1753K(1792K)->1753K(1792K)
[57.434s][info   ][gc          ] GC(71) Pause Full (System.gc()) 1449M->1449M(6144M) 998.951ms
[58.433s][info   ][gc,metaspace] GC(72) Metaspace: 11145K(11264K)->11145K(11264K) NonClass: 9392K(9472K)->9392K(9472K) Class: 1753K(1792K)->1753K(1792K)
[58.433s][info   ][gc          ] GC(72) Pause Full (System.gc()) 1449M->1449M(6144M) 998.701ms
[59.432s][info   ][gc,metaspace] GC(73) Metaspace: 11145K(11264K)->11145K(11264K) NonClass: 9392K(9472K)->9392K(9472K) Class: 1753K(1792K)->1753K(1792K)
[59.432s][info   ][gc          ] GC(73) Pause Full (System.gc()) 1449M->1449M(6144M) 998.550ms
[60.436s][info   ][gc,metaspace] GC(74) Metaspace: 11145K(11264K)->11145K(11264K) NonClass: 9392K(9472K)->9392K(9472K) Class: 1753K(1792K)->1753K(1792K)
[60.436s][info   ][gc          ] GC(74) Pause Full (System.gc()) 1449M->1449M(6144M) 1003.634ms
[61.437s][info   ][gc,metaspace] GC(75) Metaspace: 11145K(11264K)->11145K(11264K) NonClass: 9392K(9472K)->9392K(9472K) Class: 1753K(1792K)->1753K(1792K)
[61.437s][info   ][gc          ] GC(75) Pause Full (System.gc()) 1449M->1449M(6144M) 1001.667ms
[62.440s][info   ][gc,metaspace] GC(76) Metaspace: 11145K(11264K)->11145K(11264K) NonClass: 9392K(9472K)->9392K(9472K) Class: 1753K(1792K)->1753K(1792K)
[62.440s][info   ][gc          ] GC(76) Pause Full (System.gc()) 1449M->1449M(6144M) 1002.334ms
After GCs... 
