[0.001s][warning][pagesize] UseLargePages disabled, no large pages configured and available on the system.
[0.001s][info   ][metaspace]  - commit_granule_bytes: 65536.
[0.001s][info   ][metaspace]  - commit_granule_words: 8192.
[0.001s][info   ][metaspace]  - virtual_space_node_default_size: 8388608.
[0.001s][info   ][metaspace]  - enlarge_chunks_in_place: 1.
[0.001s][info   ][metaspace]  - use_allocation_guard: 0.
[0.003s][info   ][gc       ] Using G1
[0.388s][info   ][metaspace] Reserving compressed class space anywhere
[0.389s][info   ][gc,metaspace] CDS archive(s) not mapped
[0.389s][info   ][gc,metaspace] Compressed class space mapped at: 0x0000000040000000-0x0000000100000000, reserved size: 3221225472
[0.389s][info   ][gc,metaspace] UseCompressedClassPointers 1, UseCompactObjectHeaders 1, narrow klass pointer bits 22, max shift 10
[0.389s][info   ][gc,metaspace] Narrow klass base: 0x0000000040000000, Narrow klass shift: 10, Narrow klass range: 0xc0000000
Random Seed: 12345678
Num Classes: 16
Num Objects: 67108864
Percent IK Objects: 83.0%)
Percent OAK Objects: 5.0%)
Percent TAK Objects: 12.0%)
Cycles: 50
Loading 16 pre-generated classes ...
Materialize pre-generated constructors ...
Creating objects...
[0.636s][info   ][gc,metaspace] GC(0) Metaspace: 11090K(11200K)->11090K(11200K) NonClass: 9349K(9408K)->9349K(9408K) Class: 1741K(1792K)->1741K(1792K)
[0.636s][info   ][gc          ] GC(0) Pause Full (System.gc()) 14M->2M(6144M) 10.348ms
[0.982s][info   ][gc,metaspace] GC(1) Metaspace: 11152K(11264K)->11152K(11264K) NonClass: 9400K(9472K)->9400K(9472K) Class: 1751K(1792K)->1751K(1792K)
[0.982s][info   ][gc          ] GC(1) Pause Young (Normal) (G1 Evacuation Pause) 566M->294M(6144M) 30.576ms
[1.192s][info   ][gc,metaspace] GC(2) Metaspace: 11152K(11264K)->11152K(11264K) NonClass: 9400K(9472K)->9400K(9472K) Class: 1751K(1792K)->1751K(1792K)
[1.192s][info   ][gc          ] GC(2) Pause Young (Normal) (G1 Evacuation Pause) 562M->326M(6144M) 44.459ms
[1.403s][info   ][gc,metaspace] GC(3) Metaspace: 11152K(11264K)->11152K(11264K) NonClass: 9400K(9472K)->9400K(9472K) Class: 1751K(1792K)->1751K(1792K)
[1.403s][info   ][gc          ] GC(3) Pause Young (Normal) (G1 Evacuation Pause) 598M->359M(6144M) 44.011ms
[1.619s][info   ][gc,metaspace] GC(4) Metaspace: 11152K(11264K)->11152K(11264K) NonClass: 9400K(9472K)->9400K(9472K) Class: 1751K(1792K)->1751K(1792K)
[1.620s][info   ][gc          ] GC(4) Pause Young (Normal) (G1 Evacuation Pause) 631M->390M(6144M) 48.853ms
[1.830s][info   ][gc,metaspace] GC(5) Metaspace: 11152K(11264K)->11152K(11264K) NonClass: 9400K(9472K)->9400K(9472K) Class: 1751K(1792K)->1751K(1792K)
[1.830s][info   ][gc          ] GC(5) Pause Young (Normal) (G1 Evacuation Pause) 662M->422M(6144M) 43.160ms
[2.041s][info   ][gc,metaspace] GC(6) Metaspace: 11152K(11264K)->11152K(11264K) NonClass: 9400K(9472K)->9400K(9472K) Class: 1751K(1792K)->1751K(1792K)
[2.041s][info   ][gc          ] GC(6) Pause Young (Normal) (G1 Evacuation Pause) 694M->455M(6144M) 43.380ms
[2.234s][info   ][gc,metaspace] GC(7) Metaspace: 11152K(11264K)->11152K(11264K) NonClass: 9400K(9472K)->9400K(9472K) Class: 1751K(1792K)->1751K(1792K)
[2.234s][info   ][gc          ] GC(7) Pause Young (Normal) (G1 Evacuation Pause) 723M->483M(6144M) 41.049ms
[2.427s][info   ][gc,metaspace] GC(8) Metaspace: 11152K(11264K)->11152K(11264K) NonClass: 9400K(9472K)->9400K(9472K) Class: 1751K(1792K)->1751K(1792K)
[2.427s][info   ][gc          ] GC(8) Pause Young (Normal) (G1 Evacuation Pause) 755M->510M(6144M) 38.423ms
[2.691s][info   ][gc,metaspace] GC(9) Metaspace: 11152K(11264K)->11152K(11264K) NonClass: 9400K(9472K)->9400K(9472K) Class: 1751K(1792K)->1751K(1792K)
[2.691s][info   ][gc          ] GC(9) Pause Young (Normal) (G1 Evacuation Pause) 826M->541M(6144M) 42.862ms
[2.925s][info   ][gc,metaspace] GC(10) Metaspace: 11152K(11264K)->11152K(11264K) NonClass: 9400K(9472K)->9400K(9472K) Class: 1751K(1792K)->1751K(1792K)
[2.925s][info   ][gc          ] GC(10) Pause Young (Normal) (G1 Evacuation Pause) 873M->575M(6144M) 46.154ms
[3.181s][info   ][gc,metaspace] GC(11) Metaspace: 11152K(11264K)->11152K(11264K) NonClass: 9400K(9472K)->9400K(9472K) Class: 1751K(1792K)->1751K(1792K)
[3.181s][info   ][gc          ] GC(11) Pause Young (Normal) (G1 Evacuation Pause) 939M->611M(6144M) 50.036ms
[3.462s][info   ][gc,metaspace] GC(12) Metaspace: 11152K(11264K)->11152K(11264K) NonClass: 9400K(9472K)->9400K(9472K) Class: 1751K(1792K)->1751K(1792K)
[3.462s][info   ][gc          ] GC(12) Pause Young (Normal) (G1 Evacuation Pause) 1011M->653M(6144M) 54.068ms
[3.812s][info   ][gc,metaspace] GC(13) Metaspace: 11152K(11264K)->11152K(11264K) NonClass: 9400K(9472K)->9400K(9472K) Class: 1751K(1792K)->1751K(1792K)
[3.812s][info   ][gc          ] GC(13) Pause Young (Normal) (G1 Evacuation Pause) 1093M->699M(6144M) 58.813ms
[4.150s][info   ][gc,metaspace] GC(14) Metaspace: 11152K(11264K)->11152K(11264K) NonClass: 9400K(9472K)->9400K(9472K) Class: 1751K(1792K)->1751K(1792K)
[4.150s][info   ][gc          ] GC(14) Pause Young (Normal) (G1 Evacuation Pause) 1183M->749M(6144M) 64.424ms
[4.515s][info   ][gc,metaspace] GC(15) Metaspace: 11152K(11264K)->11152K(11264K) NonClass: 9400K(9472K)->9400K(9472K) Class: 1751K(1792K)->1751K(1792K)
[4.515s][info   ][gc          ] GC(15) Pause Young (Normal) (G1 Evacuation Pause) 1269M->799M(6144M) 70.034ms
[4.962s][info   ][gc,metaspace] GC(16) Metaspace: 11152K(11264K)->11152K(11264K) NonClass: 9400K(9472K)->9400K(9472K) Class: 1751K(1792K)->1751K(1792K)
[4.962s][info   ][gc          ] GC(16) Pause Young (Normal) (G1 Evacuation Pause) 1375M->856M(6144M) 78.767ms
[5.394s][info   ][gc,metaspace] GC(17) Metaspace: 11152K(11264K)->11152K(11264K) NonClass: 9400K(9472K)->9400K(9472K) Class: 1751K(1792K)->1751K(1792K)
[5.394s][info   ][gc          ] GC(17) Pause Young (Normal) (G1 Evacuation Pause) 1472M->921M(6144M) 82.540ms
[5.901s][info   ][gc,metaspace] GC(18) Metaspace: 11152K(11264K)->11152K(11264K) NonClass: 9400K(9472K)->9400K(9472K) Class: 1751K(1792K)->1751K(1792K)
[5.901s][info   ][gc          ] GC(18) Pause Young (Normal) (G1 Evacuation Pause) 1585M->986M(6144M) 88.890ms
[6.400s][info   ][gc,metaspace] GC(19) Metaspace: 11152K(11264K)->11152K(11264K) NonClass: 9400K(9472K)->9400K(9472K) Class: 1751K(1792K)->1751K(1792K)
[6.400s][info   ][gc          ] GC(19) Pause Young (Normal) (G1 Evacuation Pause) 1698M->1054M(6144M) 95.667ms
[6.974s][info   ][gc,metaspace] GC(20) Metaspace: 11152K(11264K)->11152K(11264K) NonClass: 9400K(9472K)->9400K(9472K) Class: 1751K(1792K)->1751K(1792K)
[6.974s][info   ][gc          ] GC(20) Pause Young (Normal) (G1 Evacuation Pause) 1810M->1132M(6144M) 102.599ms
[7.532s][info   ][gc,metaspace] GC(21) Metaspace: 11152K(11264K)->11152K(11264K) NonClass: 9400K(9472K)->9400K(9472K) Class: 1751K(1792K)->1751K(1792K)
[7.532s][info   ][gc          ] GC(21) Pause Young (Normal) (G1 Evacuation Pause) 1928M->1206M(6144M) 107.211ms
[8.126s][info   ][gc,metaspace] GC(22) Metaspace: 11152K(11264K)->11152K(11264K) NonClass: 9400K(9472K)->9400K(9472K) Class: 1751K(1792K)->1751K(1792K)
[8.126s][info   ][gc          ] GC(22) Pause Young (Normal) (G1 Evacuation Pause) 2050M->1292M(6144M) 114.607ms
[8.749s][info   ][gc,metaspace] GC(23) Metaspace: 11152K(11264K)->11152K(11264K) NonClass: 9400K(9472K)->9400K(9472K) Class: 1751K(1792K)->1751K(1792K)
[8.749s][info   ][gc          ] GC(23) Pause Young (Normal) (G1 Evacuation Pause) 2176M->1382M(6144M) 120.967ms
[9.396s][info   ][gc,metaspace] GC(24) Metaspace: 11152K(11264K)->11152K(11264K) NonClass: 9400K(9472K)->9400K(9472K) Class: 1751K(1792K)->1751K(1792K)
[9.396s][info   ][gc          ] GC(24) Pause Young (Normal) (G1 Evacuation Pause) 2298M->1466M(6144M) 124.593ms
67108864 Objects created
 - IK: 55699211 (82.99829%)
 - OAK: 3355627 (5.0002737%)
 - TAK: 8054026 (12.001434%)
Preparatory GC...
[11.182s][info   ][gc,metaspace] GC(25) Metaspace: 11152K(11264K)->11152K(11264K) NonClass: 9400K(9472K)->9400K(9472K) Class: 1751K(1792K)->1751K(1792K)
[11.183s][info   ][gc          ] GC(25) Pause Full (System.gc()) 2310M->1450M(6144M) 1265.490ms
[12.175s][info   ][gc,metaspace] GC(26) Metaspace: 11152K(11264K)->11152K(11264K) NonClass: 9400K(9472K)->9400K(9472K) Class: 1751K(1792K)->1751K(1792K)
[12.175s][info   ][gc          ] GC(26) Pause Full (System.gc()) 1450M->1450M(6144M) 992.176ms
Done; will start GCs... 
[13.208s][info   ][gc,metaspace] GC(27) Metaspace: 11152K(11264K)->11152K(11264K) NonClass: 9400K(9472K)->9400K(9472K) Class: 1751K(1792K)->1751K(1792K)
[13.208s][info   ][gc          ] GC(27) Pause Full (System.gc()) 1452M->1450M(6144M) 1032.693ms
[14.219s][info   ][gc,metaspace] GC(28) Metaspace: 11152K(11264K)->11152K(11264K) NonClass: 9400K(9472K)->9400K(9472K) Class: 1751K(1792K)->1751K(1792K)
[14.219s][info   ][gc          ] GC(28) Pause Full (System.gc()) 1450M->1450M(6144M) 1011.224ms
[15.247s][info   ][gc,metaspace] GC(29) Metaspace: 11152K(11264K)->11152K(11264K) NonClass: 9400K(9472K)->9400K(9472K) Class: 1751K(1792K)->1751K(1792K)
[15.247s][info   ][gc          ] GC(29) Pause Full (System.gc()) 1450M->1450M(6144M) 1027.990ms
[16.259s][info   ][gc,metaspace] GC(30) Metaspace: 11152K(11264K)->11152K(11264K) NonClass: 9400K(9472K)->9400K(9472K) Class: 1751K(1792K)->1751K(1792K)
[16.259s][info   ][gc          ] GC(30) Pause Full (System.gc()) 1450M->1450M(6144M) 1012.003ms
[17.270s][info   ][gc,metaspace] GC(31) Metaspace: 11152K(11264K)->11152K(11264K) NonClass: 9400K(9472K)->9400K(9472K) Class: 1751K(1792K)->1751K(1792K)
[17.270s][info   ][gc          ] GC(31) Pause Full (System.gc()) 1450M->1450M(6144M) 1010.168ms
[18.274s][info   ][gc,metaspace] GC(32) Metaspace: 11152K(11264K)->11152K(11264K) NonClass: 9400K(9472K)->9400K(9472K) Class: 1751K(1792K)->1751K(1792K)
[18.274s][info   ][gc          ] GC(32) Pause Full (System.gc()) 1450M->1450M(6144M) 1003.893ms
[19.286s][info   ][gc,metaspace] GC(33) Metaspace: 11152K(11264K)->11152K(11264K) NonClass: 9400K(9472K)->9400K(9472K) Class: 1751K(1792K)->1751K(1792K)
[19.286s][info   ][gc          ] GC(33) Pause Full (System.gc()) 1450M->1450M(6144M) 1011.631ms
[20.294s][info   ][gc,metaspace] GC(34) Metaspace: 11152K(11264K)->11152K(11264K) NonClass: 9400K(9472K)->9400K(9472K) Class: 1751K(1792K)->1751K(1792K)
[20.294s][info   ][gc          ] GC(34) Pause Full (System.gc()) 1450M->1450M(6144M) 1008.284ms
[21.287s][info   ][gc,metaspace] GC(35) Metaspace: 11152K(11264K)->11152K(11264K) NonClass: 9400K(9472K)->9400K(9472K) Class: 1751K(1792K)->1751K(1792K)
[21.287s][info   ][gc          ] GC(35) Pause Full (System.gc()) 1450M->1450M(6144M) 993.271ms
[22.296s][info   ][gc,metaspace] GC(36) Metaspace: 11152K(11264K)->11152K(11264K) NonClass: 9400K(9472K)->9400K(9472K) Class: 1751K(1792K)->1751K(1792K)
[22.297s][info   ][gc          ] GC(36) Pause Full (System.gc()) 1450M->1450M(6144M) 1008.253ms
[23.305s][info   ][gc,metaspace] GC(37) Metaspace: 11152K(11264K)->11152K(11264K) NonClass: 9400K(9472K)->9400K(9472K) Class: 1751K(1792K)->1751K(1792K)
[23.305s][info   ][gc          ] GC(37) Pause Full (System.gc()) 1450M->1450M(6144M) 1008.570ms
[24.318s][info   ][gc,metaspace] GC(38) Metaspace: 11152K(11264K)->11152K(11264K) NonClass: 9400K(9472K)->9400K(9472K) Class: 1751K(1792K)->1751K(1792K)
[24.318s][info   ][gc          ] GC(38) Pause Full (System.gc()) 1450M->1450M(6144M) 1013.020ms
[25.328s][info   ][gc,metaspace] GC(39) Metaspace: 11152K(11264K)->11152K(11264K) NonClass: 9400K(9472K)->9400K(9472K) Class: 1751K(1792K)->1751K(1792K)
[25.328s][info   ][gc          ] GC(39) Pause Full (System.gc()) 1450M->1450M(6144M) 1009.253ms
[26.329s][info   ][gc,metaspace] GC(40) Metaspace: 11152K(11264K)->11152K(11264K) NonClass: 9400K(9472K)->9400K(9472K) Class: 1751K(1792K)->1751K(1792K)
[26.329s][info   ][gc          ] GC(40) Pause Full (System.gc()) 1450M->1450M(6144M) 1001.493ms
[27.336s][info   ][gc,metaspace] GC(41) Metaspace: 11152K(11264K)->11152K(11264K) NonClass: 9400K(9472K)->9400K(9472K) Class: 1751K(1792K)->1751K(1792K)
[27.336s][info   ][gc          ] GC(41) Pause Full (System.gc()) 1450M->1450M(6144M) 1007.038ms
[28.346s][info   ][gc,metaspace] GC(42) Metaspace: 11152K(11264K)->11152K(11264K) NonClass: 9400K(9472K)->9400K(9472K) Class: 1751K(1792K)->1751K(1792K)
[28.346s][info   ][gc          ] GC(42) Pause Full (System.gc()) 1450M->1450M(6144M) 1009.667ms
[29.352s][info   ][gc,metaspace] GC(43) Metaspace: 11152K(11264K)->11152K(11264K) NonClass: 9400K(9472K)->9400K(9472K) Class: 1751K(1792K)->1751K(1792K)
[29.352s][info   ][gc          ] GC(43) Pause Full (System.gc()) 1450M->1450M(6144M) 1005.701ms
[30.360s][info   ][gc,metaspace] GC(44) Metaspace: 11152K(11264K)->11152K(11264K) NonClass: 9400K(9472K)->9400K(9472K) Class: 1751K(1792K)->1751K(1792K)
[30.361s][info   ][gc          ] GC(44) Pause Full (System.gc()) 1450M->1450M(6144M) 1008.625ms
[31.341s][info   ][gc,metaspace] GC(45) Metaspace: 11152K(11264K)->11152K(11264K) NonClass: 9400K(9472K)->9400K(9472K) Class: 1751K(1792K)->1751K(1792K)
[31.341s][info   ][gc          ] GC(45) Pause Full (System.gc()) 1450M->1450M(6144M) 980.672ms
[32.324s][info   ][gc,metaspace] GC(46) Metaspace: 11152K(11264K)->11152K(11264K) NonClass: 9400K(9472K)->9400K(9472K) Class: 1751K(1792K)->1751K(1792K)
[32.324s][info   ][gc          ] GC(46) Pause Full (System.gc()) 1450M->1450M(6144M) 981.509ms
[33.305s][info   ][gc,metaspace] GC(47) Metaspace: 11152K(11264K)->11152K(11264K) NonClass: 9400K(9472K)->9400K(9472K) Class: 1751K(1792K)->1751K(1792K)
[33.305s][info   ][gc          ] GC(47) Pause Full (System.gc()) 1450M->1450M(6144M) 981.459ms
[34.291s][info   ][gc,metaspace] GC(48) Metaspace: 11152K(11264K)->11152K(11264K) NonClass: 9400K(9472K)->9400K(9472K) Class: 1751K(1792K)->1751K(1792K)
[34.292s][info   ][gc          ] GC(48) Pause Full (System.gc()) 1450M->1450M(6144M) 986.374ms
[35.273s][info   ][gc,metaspace] GC(49) Metaspace: 11152K(11264K)->11152K(11264K) NonClass: 9400K(9472K)->9400K(9472K) Class: 1751K(1792K)->1751K(1792K)
[35.273s][info   ][gc          ] GC(49) Pause Full (System.gc()) 1450M->1450M(6144M) 981.197ms
[36.254s][info   ][gc,metaspace] GC(50) Metaspace: 11152K(11264K)->11152K(11264K) NonClass: 9400K(9472K)->9400K(9472K) Class: 1751K(1792K)->1751K(1792K)
[36.254s][info   ][gc          ] GC(50) Pause Full (System.gc()) 1450M->1450M(6144M) 981.176ms
[37.235s][info   ][gc,metaspace] GC(51) Metaspace: 11152K(11264K)->11152K(11264K) NonClass: 9400K(9472K)->9400K(9472K) Class: 1751K(1792K)->1751K(1792K)
[37.235s][info   ][gc          ] GC(51) Pause Full (System.gc()) 1450M->1450M(6144M) 980.656ms
[38.215s][info   ][gc,metaspace] GC(52) Metaspace: 11152K(11264K)->11152K(11264K) NonClass: 9400K(9472K)->9400K(9472K) Class: 1751K(1792K)->1751K(1792K)
[38.215s][info   ][gc          ] GC(52) Pause Full (System.gc()) 1450M->1450M(6144M) 979.476ms
[39.194s][info   ][gc,metaspace] GC(53) Metaspace: 11152K(11264K)->11152K(11264K) NonClass: 9400K(9472K)->9400K(9472K) Class: 1751K(1792K)->1751K(1792K)
[39.195s][info   ][gc          ] GC(53) Pause Full (System.gc()) 1450M->1450M(6144M) 979.310ms
[40.176s][info   ][gc,metaspace] GC(54) Metaspace: 11152K(11264K)->11152K(11264K) NonClass: 9400K(9472K)->9400K(9472K) Class: 1751K(1792K)->1751K(1792K)
[40.176s][info   ][gc          ] GC(54) Pause Full (System.gc()) 1450M->1450M(6144M) 981.200ms
[41.159s][info   ][gc,metaspace] GC(55) Metaspace: 11152K(11264K)->11152K(11264K) NonClass: 9400K(9472K)->9400K(9472K) Class: 1751K(1792K)->1751K(1792K)
[41.159s][info   ][gc          ] GC(55) Pause Full (System.gc()) 1450M->1450M(6144M) 983.268ms
[42.140s][info   ][gc,metaspace] GC(56) Metaspace: 11152K(11264K)->11152K(11264K) NonClass: 9400K(9472K)->9400K(9472K) Class: 1751K(1792K)->1751K(1792K)
[42.140s][info   ][gc          ] GC(56) Pause Full (System.gc()) 1450M->1450M(6144M) 980.921ms
[43.121s][info   ][gc,metaspace] GC(57) Metaspace: 11152K(11264K)->11152K(11264K) NonClass: 9400K(9472K)->9400K(9472K) Class: 1751K(1792K)->1751K(1792K)
[43.121s][info   ][gc          ] GC(57) Pause Full (System.gc()) 1450M->1450M(6144M) 980.489ms
[44.100s][info   ][gc,metaspace] GC(58) Metaspace: 11152K(11264K)->11152K(11264K) NonClass: 9400K(9472K)->9400K(9472K) Class: 1751K(1792K)->1751K(1792K)
[44.100s][info   ][gc          ] GC(58) Pause Full (System.gc()) 1450M->1450M(6144M) 978.831ms
[45.082s][info   ][gc,metaspace] GC(59) Metaspace: 11152K(11264K)->11152K(11264K) NonClass: 9400K(9472K)->9400K(9472K) Class: 1751K(1792K)->1751K(1792K)
[45.082s][info   ][gc          ] GC(59) Pause Full (System.gc()) 1450M->1450M(6144M) 981.980ms
[46.071s][info   ][gc,metaspace] GC(60) Metaspace: 11152K(11264K)->11152K(11264K) NonClass: 9400K(9472K)->9400K(9472K) Class: 1751K(1792K)->1751K(1792K)
[46.071s][info   ][gc          ] GC(60) Pause Full (System.gc()) 1450M->1450M(6144M) 989.319ms
[47.053s][info   ][gc,metaspace] GC(61) Metaspace: 11152K(11264K)->11152K(11264K) NonClass: 9400K(9472K)->9400K(9472K) Class: 1751K(1792K)->1751K(1792K)
[47.053s][info   ][gc          ] GC(61) Pause Full (System.gc()) 1450M->1450M(6144M) 981.865ms
[48.034s][info   ][gc,metaspace] GC(62) Metaspace: 11152K(11264K)->11152K(11264K) NonClass: 9400K(9472K)->9400K(9472K) Class: 1751K(1792K)->1751K(1792K)
[48.034s][info   ][gc          ] GC(62) Pause Full (System.gc()) 1450M->1450M(6144M) 981.183ms
[49.016s][info   ][gc,metaspace] GC(63) Metaspace: 11152K(11264K)->11152K(11264K) NonClass: 9400K(9472K)->9400K(9472K) Class: 1751K(1792K)->1751K(1792K)
[49.016s][info   ][gc          ] GC(63) Pause Full (System.gc()) 1450M->1450M(6144M) 981.329ms
[49.999s][info   ][gc,metaspace] GC(64) Metaspace: 11152K(11264K)->11152K(11264K) NonClass: 9400K(9472K)->9400K(9472K) Class: 1751K(1792K)->1751K(1792K)
[49.999s][info   ][gc          ] GC(64) Pause Full (System.gc()) 1450M->1450M(6144M) 983.382ms
[50.980s][info   ][gc,metaspace] GC(65) Metaspace: 11152K(11264K)->11152K(11264K) NonClass: 9400K(9472K)->9400K(9472K) Class: 1751K(1792K)->1751K(1792K)
[50.980s][info   ][gc          ] GC(65) Pause Full (System.gc()) 1450M->1450M(6144M) 980.985ms
[51.960s][info   ][gc,metaspace] GC(66) Metaspace: 11152K(11264K)->11152K(11264K) NonClass: 9400K(9472K)->9400K(9472K) Class: 1751K(1792K)->1751K(1792K)
[51.960s][info   ][gc          ] GC(66) Pause Full (System.gc()) 1450M->1450M(6144M) 979.824ms
[52.940s][info   ][gc,metaspace] GC(67) Metaspace: 11152K(11264K)->11152K(11264K) NonClass: 9400K(9472K)->9400K(9472K) Class: 1751K(1792K)->1751K(1792K)
[52.940s][info   ][gc          ] GC(67) Pause Full (System.gc()) 1450M->1450M(6144M) 979.841ms
[53.922s][info   ][gc,metaspace] GC(68) Metaspace: 11152K(11264K)->11152K(11264K) NonClass: 9400K(9472K)->9400K(9472K) Class: 1751K(1792K)->1751K(1792K)
[53.922s][info   ][gc          ] GC(68) Pause Full (System.gc()) 1450M->1450M(6144M) 981.639ms
[54.908s][info   ][gc,metaspace] GC(69) Metaspace: 11152K(11264K)->11152K(11264K) NonClass: 9400K(9472K)->9400K(9472K) Class: 1751K(1792K)->1751K(1792K)
[54.908s][info   ][gc          ] GC(69) Pause Full (System.gc()) 1450M->1450M(6144M) 985.853ms
[55.886s][info   ][gc,metaspace] GC(70) Metaspace: 11152K(11264K)->11152K(11264K) NonClass: 9400K(9472K)->9400K(9472K) Class: 1751K(1792K)->1751K(1792K)
[55.886s][info   ][gc          ] GC(70) Pause Full (System.gc()) 1450M->1450M(6144M) 978.737ms
[56.871s][info   ][gc,metaspace] GC(71) Metaspace: 11152K(11264K)->11152K(11264K) NonClass: 9400K(9472K)->9400K(9472K) Class: 1751K(1792K)->1751K(1792K)
[56.871s][info   ][gc          ] GC(71) Pause Full (System.gc()) 1450M->1450M(6144M) 984.034ms
[57.851s][info   ][gc,metaspace] GC(72) Metaspace: 11152K(11264K)->11152K(11264K) NonClass: 9400K(9472K)->9400K(9472K) Class: 1751K(1792K)->1751K(1792K)
[57.851s][info   ][gc          ] GC(72) Pause Full (System.gc()) 1450M->1450M(6144M) 980.186ms
[58.837s][info   ][gc,metaspace] GC(73) Metaspace: 11152K(11264K)->11152K(11264K) NonClass: 9400K(9472K)->9400K(9472K) Class: 1751K(1792K)->1751K(1792K)
[58.837s][info   ][gc          ] GC(73) Pause Full (System.gc()) 1450M->1450M(6144M) 986.182ms
[59.819s][info   ][gc,metaspace] GC(74) Metaspace: 11152K(11264K)->11152K(11264K) NonClass: 9400K(9472K)->9400K(9472K) Class: 1751K(1792K)->1751K(1792K)
[59.819s][info   ][gc          ] GC(74) Pause Full (System.gc()) 1450M->1450M(6144M) 981.556ms
[60.802s][info   ][gc,metaspace] GC(75) Metaspace: 11152K(11264K)->11152K(11264K) NonClass: 9400K(9472K)->9400K(9472K) Class: 1751K(1792K)->1751K(1792K)
[60.802s][info   ][gc          ] GC(75) Pause Full (System.gc()) 1450M->1450M(6144M) 983.606ms
[61.789s][info   ][gc,metaspace] GC(76) Metaspace: 11152K(11264K)->11152K(11264K) NonClass: 9400K(9472K)->9400K(9472K) Class: 1751K(1792K)->1751K(1792K)
[61.789s][info   ][gc          ] GC(76) Pause Full (System.gc()) 1450M->1450M(6144M) 986.377ms
After GCs... 
