Done; will start GCs... 
[12.816s][info   ][gc,metaspace] GC(28) Metaspace: 11131K(11328K)->11131K(11328K) NonClass: 10086K(10176K)->10086K(10176K) Class: 1044K(1152K)->1044K(1152K)
[12.816s][info   ][gc          ] GC(28) Pause Full (System.gc()) 1708M->1706M(6144M) 1068.020ms
[13.892s][info   ][gc,metaspace] GC(29) Metaspace: 11131K(11328K)->11131K(11328K) NonClass: 10086K(10176K)->10086K(10176K) Class: 1044K(1152K)->1044K(1152K)
[13.892s][info   ][gc          ] GC(29) Pause Full (System.gc()) 1706M->1706M(6144M) 1075.474ms
[14.937s][info   ][gc,metaspace] GC(30) Metaspace: 11131K(11328K)->11131K(11328K) NonClass: 10086K(10176K)->10086K(10176K) Class: 1044K(1152K)->1044K(1152K)
[14.937s][info   ][gc          ] GC(30) Pause Full (System.gc()) 1706M->1706M(6144M) 1045.608ms
[16.014s][info   ][gc,metaspace] GC(31) Metaspace: 11131K(11328K)->11131K(11328K) NonClass: 10086K(10176K)->10086K(10176K) Class: 1044K(1152K)->1044K(1152K)
[16.014s][info   ][gc          ] GC(31) Pause Full (System.gc()) 1706M->1706M(6144M) 1076.496ms
[17.074s][info   ][gc,metaspace] GC(32) Metaspace: 11131K(11328K)->11131K(11328K) NonClass: 10086K(10176K)->10086K(10176K) Class: 1044K(1152K)->1044K(1152K)
[17.074s][info   ][gc          ] GC(32) Pause Full (System.gc()) 1706M->1706M(6144M) 1060.284ms
[18.142s][info   ][gc,metaspace] GC(33) Metaspace: 11131K(11328K)->11131K(11328K) NonClass: 10086K(10176K)->10086K(10176K) Class: 1044K(1152K)->1044K(1152K)
[18.142s][info   ][gc          ] GC(33) Pause Full (System.gc()) 1706M->1706M(6144M) 1066.962ms
[19.182s][info   ][gc,metaspace] GC(34) Metaspace: 11131K(11328K)->11131K(11328K) NonClass: 10086K(10176K)->10086K(10176K) Class: 1044K(1152K)->1044K(1152K)
[19.182s][info   ][gc          ] GC(34) Pause Full (System.gc()) 1706M->1706M(6144M) 1039.787ms
[20.231s][info   ][gc,metaspace] GC(35) Metaspace: 11131K(11328K)->11131K(11328K) NonClass: 10086K(10176K)->10086K(10176K) Class: 1044K(1152K)->1044K(1152K)
[20.231s][info   ][gc          ] GC(35) Pause Full (System.gc()) 1706M->1706M(6144M) 1049.096ms
[21.281s][info   ][gc,metaspace] GC(36) Metaspace: 11131K(11328K)->11131K(11328K) NonClass: 10086K(10176K)->10086K(10176K) Class: 1044K(1152K)->1044K(1152K)
[21.281s][info   ][gc          ] GC(36) Pause Full (System.gc()) 1706M->1706M(6144M) 1050.334ms
[22.329s][info   ][gc,metaspace] GC(37) Metaspace: 11131K(11328K)->11131K(11328K) NonClass: 10086K(10176K)->10086K(10176K) Class: 1044K(1152K)->1044K(1152K)
[22.329s][info   ][gc          ] GC(37) Pause Full (System.gc()) 1706M->1706M(6144M) 1047.649ms
[23.373s][info   ][gc,metaspace] GC(38) Metaspace: 11131K(11328K)->11131K(11328K) NonClass: 10086K(10176K)->10086K(10176K) Class: 1044K(1152K)->1044K(1152K)
[23.373s][info   ][gc          ] GC(38) Pause Full (System.gc()) 1706M->1706M(6144M) 1042.820ms
[24.422s][info   ][gc,metaspace] GC(39) Metaspace: 11131K(11328K)->11131K(11328K) NonClass: 10086K(10176K)->10086K(10176K) Class: 1044K(1152K)->1044K(1152K)
[24.422s][info   ][gc          ] GC(39) Pause Full (System.gc()) 1706M->1706M(6144M) 1048.950ms
[25.466s][info   ][gc,metaspace] GC(40) Metaspace: 11131K(11328K)->11131K(11328K) NonClass: 10086K(10176K)->10086K(10176K) Class: 1044K(1152K)->1044K(1152K)
[25.466s][info   ][gc          ] GC(40) Pause Full (System.gc()) 1706M->1706M(6144M) 1044.446ms
[26.511s][info   ][gc,metaspace] GC(41) Metaspace: 11131K(11328K)->11131K(11328K) NonClass: 10086K(10176K)->10086K(10176K) Class: 1044K(1152K)->1044K(1152K)
[26.511s][info   ][gc          ] GC(41) Pause Full (System.gc()) 1706M->1706M(6144M) 1044.710ms
[27.561s][info   ][gc,metaspace] GC(42) Metaspace: 11131K(11328K)->11131K(11328K) NonClass: 10086K(10176K)->10086K(10176K) Class: 1044K(1152K)->1044K(1152K)
[27.561s][info   ][gc          ] GC(42) Pause Full (System.gc()) 1706M->1706M(6144M) 1049.539ms
[28.602s][info   ][gc,metaspace] GC(43) Metaspace: 11131K(11328K)->11131K(11328K) NonClass: 10086K(10176K)->10086K(10176K) Class: 1044K(1152K)->1044K(1152K)
[28.602s][info   ][gc          ] GC(43) Pause Full (System.gc()) 1706M->1706M(6144M) 1041.544ms
[29.648s][info   ][gc,metaspace] GC(44) Metaspace: 11131K(11328K)->11131K(11328K) NonClass: 10086K(10176K)->10086K(10176K) Class: 1044K(1152K)->1044K(1152K)
[29.648s][info   ][gc          ] GC(44) Pause Full (System.gc()) 1706M->1706M(6144M) 1045.610ms
[30.693s][info   ][gc,metaspace] GC(45) Metaspace: 11131K(11328K)->11131K(11328K) NonClass: 10086K(10176K)->10086K(10176K) Class: 1044K(1152K)->1044K(1152K)
[30.693s][info   ][gc          ] GC(45) Pause Full (System.gc()) 1706M->1706M(6144M) 1044.679ms
[31.737s][info   ][gc,metaspace] GC(46) Metaspace: 11131K(11328K)->11131K(11328K) NonClass: 10086K(10176K)->10086K(10176K) Class: 1044K(1152K)->1044K(1152K)
[31.737s][info   ][gc          ] GC(46) Pause Full (System.gc()) 1706M->1706M(6144M) 1044.195ms
[32.786s][info   ][gc,metaspace] GC(47) Metaspace: 11131K(11328K)->11131K(11328K) NonClass: 10086K(10176K)->10086K(10176K) Class: 1044K(1152K)->1044K(1152K)
[32.786s][info   ][gc          ] GC(47) Pause Full (System.gc()) 1706M->1706M(6144M) 1048.473ms
[33.832s][info   ][gc,metaspace] GC(48) Metaspace: 11131K(11328K)->11131K(11328K) NonClass: 10086K(10176K)->10086K(10176K) Class: 1044K(1152K)->1044K(1152K)
[33.832s][info   ][gc          ] GC(48) Pause Full (System.gc()) 1706M->1706M(6144M) 1046.091ms
[34.902s][info   ][gc,metaspace] GC(49) Metaspace: 11131K(11328K)->11131K(11328K) NonClass: 10086K(10176K)->10086K(10176K) Class: 1044K(1152K)->1044K(1152K)
[34.902s][info   ][gc          ] GC(49) Pause Full (System.gc()) 1706M->1706M(6144M) 1070.030ms
[35.945s][info   ][gc,metaspace] GC(50) Metaspace: 11131K(11328K)->11131K(11328K) NonClass: 10086K(10176K)->10086K(10176K) Class: 1044K(1152K)->1044K(1152K)
[35.946s][info   ][gc          ] GC(50) Pause Full (System.gc()) 1706M->1706M(6144M) 1043.484ms
[36.995s][info   ][gc,metaspace] GC(51) Metaspace: 11131K(11328K)->11131K(11328K) NonClass: 10086K(10176K)->10086K(10176K) Class: 1044K(1152K)->1044K(1152K)
[36.995s][info   ][gc          ] GC(51) Pause Full (System.gc()) 1706M->1706M(6144M) 1049.032ms
[38.041s][info   ][gc,metaspace] GC(52) Metaspace: 11131K(11328K)->11131K(11328K) NonClass: 10086K(10176K)->10086K(10176K) Class: 1044K(1152K)->1044K(1152K)
[38.041s][info   ][gc          ] GC(52) Pause Full (System.gc()) 1706M->1706M(6144M) 1046.703ms
[39.091s][info   ][gc,metaspace] GC(53) Metaspace: 11131K(11328K)->11131K(11328K) NonClass: 10086K(10176K)->10086K(10176K) Class: 1044K(1152K)->1044K(1152K)
[39.091s][info   ][gc          ] GC(53) Pause Full (System.gc()) 1706M->1706M(6144M) 1048.801ms
[40.138s][info   ][gc,metaspace] GC(54) Metaspace: 11131K(11328K)->11131K(11328K) NonClass: 10086K(10176K)->10086K(10176K) Class: 1044K(1152K)->1044K(1152K)
[40.138s][info   ][gc          ] GC(54) Pause Full (System.gc()) 1706M->1706M(6144M) 1046.928ms
[41.184s][info   ][gc,metaspace] GC(55) Metaspace: 11131K(11328K)->11131K(11328K) NonClass: 10086K(10176K)->10086K(10176K) Class: 1044K(1152K)->1044K(1152K)
[41.184s][info   ][gc          ] GC(55) Pause Full (System.gc()) 1706M->1706M(6144M) 1045.884ms
[42.229s][info   ][gc,metaspace] GC(56) Metaspace: 11131K(11328K)->11131K(11328K) NonClass: 10086K(10176K)->10086K(10176K) Class: 1044K(1152K)->1044K(1152K)
[42.229s][info   ][gc          ] GC(56) Pause Full (System.gc()) 1706M->1706M(6144M) 1045.228ms
[43.279s][info   ][gc,metaspace] GC(57) Metaspace: 11131K(11328K)->11131K(11328K) NonClass: 10086K(10176K)->10086K(10176K) Class: 1044K(1152K)->1044K(1152K)
[43.279s][info   ][gc          ] GC(57) Pause Full (System.gc()) 1706M->1706M(6144M) 1049.974ms
[44.330s][info   ][gc,metaspace] GC(58) Metaspace: 11131K(11328K)->11131K(11328K) NonClass: 10086K(10176K)->10086K(10176K) Class: 1044K(1152K)->1044K(1152K)
[44.330s][info   ][gc          ] GC(58) Pause Full (System.gc()) 1706M->1706M(6144M) 1049.827ms
[45.377s][info   ][gc,metaspace] GC(59) Metaspace: 11131K(11328K)->11131K(11328K) NonClass: 10086K(10176K)->10086K(10176K) Class: 1044K(1152K)->1044K(1152K)
[45.377s][info   ][gc          ] GC(59) Pause Full (System.gc()) 1706M->1706M(6144M) 1047.124ms
[46.426s][info   ][gc,metaspace] GC(60) Metaspace: 11131K(11328K)->11131K(11328K) NonClass: 10086K(10176K)->10086K(10176K) Class: 1044K(1152K)->1044K(1152K)
[46.426s][info   ][gc          ] GC(60) Pause Full (System.gc()) 1706M->1706M(6144M) 1048.758ms
[47.469s][info   ][gc,metaspace] GC(61) Metaspace: 11131K(11328K)->11131K(11328K) NonClass: 10086K(10176K)->10086K(10176K) Class: 1044K(1152K)->1044K(1152K)
[47.469s][info   ][gc          ] GC(61) Pause Full (System.gc()) 1706M->1706M(6144M) 1042.772ms
[48.514s][info   ][gc,metaspace] GC(62) Metaspace: 11131K(11328K)->11131K(11328K) NonClass: 10086K(10176K)->10086K(10176K) Class: 1044K(1152K)->1044K(1152K)
[48.514s][info   ][gc          ] GC(62) Pause Full (System.gc()) 1706M->1706M(6144M) 1045.346ms
[49.559s][info   ][gc,metaspace] GC(63) Metaspace: 11131K(11328K)->11131K(11328K) NonClass: 10086K(10176K)->10086K(10176K) Class: 1044K(1152K)->1044K(1152K)
[49.559s][info   ][gc          ] GC(63) Pause Full (System.gc()) 1706M->1706M(6144M) 1043.660ms
[50.603s][info   ][gc,metaspace] GC(64) Metaspace: 11131K(11328K)->11131K(11328K) NonClass: 10086K(10176K)->10086K(10176K) Class: 1044K(1152K)->1044K(1152K)
[50.603s][info   ][gc          ] GC(64) Pause Full (System.gc()) 1706M->1706M(6144M) 1043.795ms
[51.647s][info   ][gc,metaspace] GC(65) Metaspace: 11131K(11328K)->11131K(11328K) NonClass: 10086K(10176K)->10086K(10176K) Class: 1044K(1152K)->1044K(1152K)
[51.647s][info   ][gc          ] GC(65) Pause Full (System.gc()) 1706M->1706M(6144M) 1044.478ms
[52.696s][info   ][gc,metaspace] GC(66) Metaspace: 11131K(11328K)->11131K(11328K) NonClass: 10086K(10176K)->10086K(10176K) Class: 1044K(1152K)->1044K(1152K)
[52.696s][info   ][gc          ] GC(66) Pause Full (System.gc()) 1706M->1706M(6144M) 1049.006ms
[53.745s][info   ][gc,metaspace] GC(67) Metaspace: 11131K(11328K)->11131K(11328K) NonClass: 10086K(10176K)->10086K(10176K) Class: 1044K(1152K)->1044K(1152K)
[53.745s][info   ][gc          ] GC(67) Pause Full (System.gc()) 1706M->1706M(6144M) 1048.814ms
[54.795s][info   ][gc,metaspace] GC(68) Metaspace: 11131K(11328K)->11131K(11328K) NonClass: 10086K(10176K)->10086K(10176K) Class: 1044K(1152K)->1044K(1152K)
[54.795s][info   ][gc          ] GC(68) Pause Full (System.gc()) 1706M->1706M(6144M) 1049.471ms
[55.845s][info   ][gc,metaspace] GC(69) Metaspace: 11131K(11328K)->11131K(11328K) NonClass: 10086K(10176K)->10086K(10176K) Class: 1044K(1152K)->1044K(1152K)
[55.845s][info   ][gc          ] GC(69) Pause Full (System.gc()) 1706M->1706M(6144M) 1050.067ms
[56.914s][info   ][gc,metaspace] GC(70) Metaspace: 11131K(11328K)->11131K(11328K) NonClass: 10086K(10176K)->10086K(10176K) Class: 1044K(1152K)->1044K(1152K)
[56.914s][info   ][gc          ] GC(70) Pause Full (System.gc()) 1706M->1706M(6144M) 1069.495ms
[57.960s][info   ][gc,metaspace] GC(71) Metaspace: 11131K(11328K)->11131K(11328K) NonClass: 10086K(10176K)->10086K(10176K) Class: 1044K(1152K)->1044K(1152K)
[57.960s][info   ][gc          ] GC(71) Pause Full (System.gc()) 1706M->1706M(6144M) 1045.301ms
[59.007s][info   ][gc,metaspace] GC(72) Metaspace: 11131K(11328K)->11131K(11328K) NonClass: 10086K(10176K)->10086K(10176K) Class: 1044K(1152K)->1044K(1152K)
[59.007s][info   ][gc          ] GC(72) Pause Full (System.gc()) 1706M->1706M(6144M) 1047.075ms
[60.056s][info   ][gc,metaspace] GC(73) Metaspace: 11131K(11328K)->11131K(11328K) NonClass: 10086K(10176K)->10086K(10176K) Class: 1044K(1152K)->1044K(1152K)
[60.056s][info   ][gc          ] GC(73) Pause Full (System.gc()) 1706M->1706M(6144M) 1048.241ms
[61.098s][info   ][gc,metaspace] GC(74) Metaspace: 11131K(11328K)->11131K(11328K) NonClass: 10086K(10176K)->10086K(10176K) Class: 1044K(1152K)->1044K(1152K)
[61.098s][info   ][gc          ] GC(74) Pause Full (System.gc()) 1706M->1706M(6144M) 1041.474ms
[62.145s][info   ][gc,metaspace] GC(75) Metaspace: 11131K(11328K)->11131K(11328K) NonClass: 10086K(10176K)->10086K(10176K) Class: 1044K(1152K)->1044K(1152K)
[62.145s][info   ][gc          ] GC(75) Pause Full (System.gc()) 1706M->1706M(6144M) 1047.207ms
[63.190s][info   ][gc,metaspace] GC(76) Metaspace: 11131K(11328K)->11131K(11328K) NonClass: 10086K(10176K)->10086K(10176K) Class: 1044K(1152K)->1044K(1152K)
[63.190s][info   ][gc          ] GC(76) Pause Full (System.gc()) 1706M->1706M(6144M) 1045.327ms
[64.237s][info   ][gc,metaspace] GC(77) Metaspace: 11131K(11328K)->11131K(11328K) NonClass: 10086K(10176K)->10086K(10176K) Class: 1044K(1152K)->1044K(1152K)
[64.238s][info   ][gc          ] GC(77) Pause Full (System.gc()) 1706M->1706M(6144M) 1047.010ms
After GCs... 
