Done; will start GCs... 
[28.189s][info   ][gc,metaspace] GC(12) Metaspace: 12606K(13056K)->12606K(13056K) NonClass: 10434K(10624K)->10434K(10624K) Class: 2171K(2432K)->2171K(2432K)
[28.189s][info   ][gc          ] GC(12) Pause Full (System.gc()) 1670M->1638M(5939M) 4464.122ms
[31.595s][info   ][gc,metaspace] GC(13) Metaspace: 12606K(13056K)->12606K(13056K) NonClass: 10434K(10624K)->10434K(10624K) Class: 2171K(2432K)->2171K(2432K)
[31.595s][info   ][gc          ] GC(13) Pause Full (System.gc()) 1638M->1638M(5939M) 3405.416ms
[34.945s][info   ][gc,metaspace] GC(14) Metaspace: 12606K(13056K)->12606K(13056K) NonClass: 10434K(10624K)->10434K(10624K) Class: 2171K(2432K)->2171K(2432K)
[34.945s][info   ][gc          ] GC(14) Pause Full (System.gc()) 1638M->1638M(5939M) 3349.693ms
[38.298s][info   ][gc,metaspace] GC(15) Metaspace: 12606K(13056K)->12606K(13056K) NonClass: 10434K(10624K)->10434K(10624K) Class: 2171K(2432K)->2171K(2432K)
[38.298s][info   ][gc          ] GC(15) Pause Full (System.gc()) 1638M->1638M(5939M) 3352.918ms
[41.702s][info   ][gc,metaspace] GC(16) Metaspace: 12606K(13056K)->12606K(13056K) NonClass: 10434K(10624K)->10434K(10624K) Class: 2171K(2432K)->2171K(2432K)
[41.703s][info   ][gc          ] GC(16) Pause Full (System.gc()) 1638M->1638M(5939M) 3404.465ms
[45.058s][info   ][gc,metaspace] GC(17) Metaspace: 12606K(13056K)->12606K(13056K) NonClass: 10434K(10624K)->10434K(10624K) Class: 2171K(2432K)->2171K(2432K)
[45.058s][info   ][gc          ] GC(17) Pause Full (System.gc()) 1638M->1638M(5939M) 3355.617ms
[48.421s][info   ][gc,metaspace] GC(18) Metaspace: 12606K(13056K)->12606K(13056K) NonClass: 10434K(10624K)->10434K(10624K) Class: 2171K(2432K)->2171K(2432K)
[48.421s][info   ][gc          ] GC(18) Pause Full (System.gc()) 1638M->1638M(5939M) 3362.610ms
[51.825s][info   ][gc,metaspace] GC(19) Metaspace: 12606K(13056K)->12606K(13056K) NonClass: 10434K(10624K)->10434K(10624K) Class: 2171K(2432K)->2171K(2432K)
[51.825s][info   ][gc          ] GC(19) Pause Full (System.gc()) 1638M->1638M(5939M) 3404.032ms
[55.183s][info   ][gc,metaspace] GC(20) Metaspace: 12606K(13056K)->12606K(13056K) NonClass: 10434K(10624K)->10434K(10624K) Class: 2171K(2432K)->2171K(2432K)
[55.183s][info   ][gc          ] GC(20) Pause Full (System.gc()) 1638M->1638M(5939M) 3358.068ms
[58.588s][info   ][gc,metaspace] GC(21) Metaspace: 12606K(13056K)->12606K(13056K) NonClass: 10434K(10624K)->10434K(10624K) Class: 2171K(2432K)->2171K(2432K)
[58.588s][info   ][gc          ] GC(21) Pause Full (System.gc()) 1638M->1638M(5939M) 3404.210ms
[62.165s][info   ][gc,metaspace] GC(22) Metaspace: 12606K(13056K)->12606K(13056K) NonClass: 10434K(10624K)->10434K(10624K) Class: 2171K(2432K)->2171K(2432K)
[62.165s][info   ][gc          ] GC(22) Pause Full (System.gc()) 1638M->1638M(5939M) 3576.909ms
[65.572s][info   ][gc,metaspace] GC(23) Metaspace: 12606K(13056K)->12606K(13056K) NonClass: 10434K(10624K)->10434K(10624K) Class: 2171K(2432K)->2171K(2432K)
[65.572s][info   ][gc          ] GC(23) Pause Full (System.gc()) 1638M->1638M(5939M) 3406.659ms
[68.927s][info   ][gc,metaspace] GC(24) Metaspace: 12606K(13056K)->12606K(13056K) NonClass: 10434K(10624K)->10434K(10624K) Class: 2171K(2432K)->2171K(2432K)
[68.927s][info   ][gc          ] GC(24) Pause Full (System.gc()) 1638M->1638M(5939M) 3354.954ms
[72.287s][info   ][gc,metaspace] GC(25) Metaspace: 12606K(13056K)->12606K(13056K) NonClass: 10434K(10624K)->10434K(10624K) Class: 2171K(2432K)->2171K(2432K)
[72.287s][info   ][gc          ] GC(25) Pause Full (System.gc()) 1654M->1638M(5939M) 3359.936ms
[75.698s][info   ][gc,metaspace] GC(26) Metaspace: 12606K(13056K)->12606K(13056K) NonClass: 10434K(10624K)->10434K(10624K) Class: 2171K(2432K)->2171K(2432K)
[75.698s][info   ][gc          ] GC(26) Pause Full (System.gc()) 1638M->1638M(5939M) 3410.624ms
[79.058s][info   ][gc,metaspace] GC(27) Metaspace: 12606K(13056K)->12606K(13056K) NonClass: 10434K(10624K)->10434K(10624K) Class: 2171K(2432K)->2171K(2432K)
[79.058s][info   ][gc          ] GC(27) Pause Full (System.gc()) 1638M->1638M(5939M) 3360.178ms
[83.549s][info   ][gc,metaspace] GC(28) Metaspace: 12606K(13056K)->12606K(13056K) NonClass: 10434K(10624K)->10434K(10624K) Class: 2171K(2432K)->2171K(2432K)
[83.549s][info   ][gc          ] GC(28) Pause Full (System.gc()) 1638M->1638M(5939M) 4491.390ms
[86.909s][info   ][gc,metaspace] GC(29) Metaspace: 12606K(13056K)->12606K(13056K) NonClass: 10434K(10624K)->10434K(10624K) Class: 2171K(2432K)->2171K(2432K)
[86.909s][info   ][gc          ] GC(29) Pause Full (System.gc()) 1638M->1638M(5939M) 3359.244ms
[90.270s][info   ][gc,metaspace] GC(30) Metaspace: 12606K(13056K)->12606K(13056K) NonClass: 10434K(10624K)->10434K(10624K) Class: 2171K(2432K)->2171K(2432K)
[90.270s][info   ][gc          ] GC(30) Pause Full (System.gc()) 1638M->1638M(5939M) 3361.130ms
[93.686s][info   ][gc,metaspace] GC(31) Metaspace: 12606K(13056K)->12606K(13056K) NonClass: 10434K(10624K)->10434K(10624K) Class: 2171K(2432K)->2171K(2432K)
[93.686s][info   ][gc          ] GC(31) Pause Full (System.gc()) 1638M->1638M(5939M) 3415.840ms
[97.044s][info   ][gc,metaspace] GC(32) Metaspace: 12606K(13056K)->12606K(13056K) NonClass: 10434K(10624K)->10434K(10624K) Class: 2171K(2432K)->2171K(2432K)
[97.044s][info   ][gc          ] GC(32) Pause Full (System.gc()) 1638M->1638M(5939M) 3357.453ms
[100.397s][info   ][gc,metaspace] GC(33) Metaspace: 12606K(13056K)->12606K(13056K) NonClass: 10434K(10624K)->10434K(10624K) Class: 2171K(2432K)->2171K(2432K)
[100.397s][info   ][gc          ] GC(33) Pause Full (System.gc()) 1638M->1638M(5939M) 3353.493ms
[103.806s][info   ][gc,metaspace] GC(34) Metaspace: 12606K(13056K)->12606K(13056K) NonClass: 10434K(10624K)->10434K(10624K) Class: 2171K(2432K)->2171K(2432K)
[103.807s][info   ][gc          ] GC(34) Pause Full (System.gc()) 1638M->1638M(5939M) 3409.048ms
[107.178s][info   ][gc,metaspace] GC(35) Metaspace: 12606K(13056K)->12606K(13056K) NonClass: 10434K(10624K)->10434K(10624K) Class: 2171K(2432K)->2171K(2432K)
[107.178s][info   ][gc          ] GC(35) Pause Full (System.gc()) 1638M->1638M(5939M) 3371.145ms
[110.586s][info   ][gc,metaspace] GC(36) Metaspace: 12606K(13056K)->12606K(13056K) NonClass: 10434K(10624K)->10434K(10624K) Class: 2171K(2432K)->2171K(2432K)
[110.586s][info   ][gc          ] GC(36) Pause Full (System.gc()) 1638M->1638M(5939M) 3408.354ms
[114.168s][info   ][gc,metaspace] GC(37) Metaspace: 12606K(13056K)->12606K(13056K) NonClass: 10434K(10624K)->10434K(10624K) Class: 2171K(2432K)->2171K(2432K)
[114.168s][info   ][gc          ] GC(37) Pause Full (System.gc()) 1638M->1638M(5939M) 3581.319ms
[117.588s][info   ][gc,metaspace] GC(38) Metaspace: 12606K(13056K)->12606K(13056K) NonClass: 10434K(10624K)->10434K(10624K) Class: 2171K(2432K)->2171K(2432K)
[117.588s][info   ][gc          ] GC(38) Pause Full (System.gc()) 1638M->1638M(5939M) 3419.673ms
[121.043s][info   ][gc,metaspace] GC(39) Metaspace: 12606K(13056K)->12606K(13056K) NonClass: 10434K(10624K)->10434K(10624K) Class: 2171K(2432K)->2171K(2432K)
[121.043s][info   ][gc          ] GC(39) Pause Full (System.gc()) 1638M->1638M(5939M) 3455.278ms
[124.695s][info   ][gc,metaspace] GC(40) Metaspace: 12606K(13056K)->12606K(13056K) NonClass: 10434K(10624K)->10434K(10624K) Class: 2171K(2432K)->2171K(2432K)
[124.695s][info   ][gc          ] GC(40) Pause Full (System.gc()) 1638M->1638M(5939M) 3651.932ms
[128.057s][info   ][gc,metaspace] GC(41) Metaspace: 12606K(13056K)->12606K(13056K) NonClass: 10434K(10624K)->10434K(10624K) Class: 2171K(2432K)->2171K(2432K)
[128.057s][info   ][gc          ] GC(41) Pause Full (System.gc()) 1638M->1638M(5939M) 3361.576ms
[131.412s][info   ][gc,metaspace] GC(42) Metaspace: 12606K(13056K)->12606K(13056K) NonClass: 10434K(10624K)->10434K(10624K) Class: 2171K(2432K)->2171K(2432K)
[131.412s][info   ][gc          ] GC(42) Pause Full (System.gc()) 1638M->1638M(5939M) 3354.994ms
[134.827s][info   ][gc,metaspace] GC(43) Metaspace: 12606K(13056K)->12606K(13056K) NonClass: 10434K(10624K)->10434K(10624K) Class: 2171K(2432K)->2171K(2432K)
[134.827s][info   ][gc          ] GC(43) Pause Full (System.gc()) 1654M->1638M(5939M) 3415.183ms
[138.185s][info   ][gc,metaspace] GC(44) Metaspace: 12606K(13056K)->12606K(13056K) NonClass: 10434K(10624K)->10434K(10624K) Class: 2171K(2432K)->2171K(2432K)
[138.185s][info   ][gc          ] GC(44) Pause Full (System.gc()) 1638M->1638M(5939M) 3357.893ms
[141.592s][info   ][gc,metaspace] GC(45) Metaspace: 12606K(13056K)->12606K(13056K) NonClass: 10434K(10624K)->10434K(10624K) Class: 2171K(2432K)->2171K(2432K)
[141.592s][info   ][gc          ] GC(45) Pause Full (System.gc()) 1638M->1638M(5939M) 3406.826ms
[145.175s][info   ][gc,metaspace] GC(46) Metaspace: 12606K(13056K)->12606K(13056K) NonClass: 10434K(10624K)->10434K(10624K) Class: 2171K(2432K)->2171K(2432K)
[145.175s][info   ][gc          ] GC(46) Pause Full (System.gc()) 1638M->1638M(5939M) 3582.240ms
[148.585s][info   ][gc,metaspace] GC(47) Metaspace: 12606K(13056K)->12606K(13056K) NonClass: 10434K(10624K)->10434K(10624K) Class: 2171K(2432K)->2171K(2432K)
[148.585s][info   ][gc          ] GC(47) Pause Full (System.gc()) 1638M->1638M(5939M) 3410.331ms
[151.944s][info   ][gc,metaspace] GC(48) Metaspace: 12606K(13056K)->12606K(13056K) NonClass: 10434K(10624K)->10434K(10624K) Class: 2171K(2432K)->2171K(2432K)
[151.944s][info   ][gc          ] GC(48) Pause Full (System.gc()) 1638M->1638M(5939M) 3359.130ms
[155.298s][info   ][gc,metaspace] GC(49) Metaspace: 12606K(13056K)->12606K(13056K) NonClass: 10434K(10624K)->10434K(10624K) Class: 2171K(2432K)->2171K(2432K)
[155.298s][info   ][gc          ] GC(49) Pause Full (System.gc()) 1638M->1638M(5939M) 3353.917ms
[158.703s][info   ][gc,metaspace] GC(50) Metaspace: 12606K(13056K)->12606K(13056K) NonClass: 10434K(10624K)->10434K(10624K) Class: 2171K(2432K)->2171K(2432K)
[158.703s][info   ][gc          ] GC(50) Pause Full (System.gc()) 1638M->1638M(5939M) 3404.544ms
[162.063s][info   ][gc,metaspace] GC(51) Metaspace: 12606K(13056K)->12606K(13056K) NonClass: 10434K(10624K)->10434K(10624K) Class: 2171K(2432K)->2171K(2432K)
[162.063s][info   ][gc          ] GC(51) Pause Full (System.gc()) 1638M->1638M(5939M) 3359.353ms
[165.418s][info   ][gc,metaspace] GC(52) Metaspace: 12606K(13056K)->12606K(13056K) NonClass: 10434K(10624K)->10434K(10624K) Class: 2171K(2432K)->2171K(2432K)
[165.418s][info   ][gc          ] GC(52) Pause Full (System.gc()) 1638M->1638M(5939M) 3355.046ms
[168.825s][info   ][gc,metaspace] GC(53) Metaspace: 12606K(13056K)->12606K(13056K) NonClass: 10434K(10624K)->10434K(10624K) Class: 2171K(2432K)->2171K(2432K)
[168.825s][info   ][gc          ] GC(53) Pause Full (System.gc()) 1638M->1638M(5939M) 3407.059ms
[172.180s][info   ][gc,metaspace] GC(54) Metaspace: 12606K(13056K)->12606K(13056K) NonClass: 10434K(10624K)->10434K(10624K) Class: 2171K(2432K)->2171K(2432K)
[172.180s][info   ][gc          ] GC(54) Pause Full (System.gc()) 1638M->1638M(5939M) 3354.522ms
[175.589s][info   ][gc,metaspace] GC(55) Metaspace: 12606K(13056K)->12606K(13056K) NonClass: 10434K(10624K)->10434K(10624K) Class: 2171K(2432K)->2171K(2432K)
[175.589s][info   ][gc          ] GC(55) Pause Full (System.gc()) 1638M->1638M(5939M) 3409.401ms
[179.167s][info   ][gc,metaspace] GC(56) Metaspace: 12606K(13056K)->12606K(13056K) NonClass: 10434K(10624K)->10434K(10624K) Class: 2171K(2432K)->2171K(2432K)
[179.167s][info   ][gc          ] GC(56) Pause Full (System.gc()) 1638M->1638M(5939M) 3577.683ms
[182.572s][info   ][gc,metaspace] GC(57) Metaspace: 12606K(13056K)->12606K(13056K) NonClass: 10434K(10624K)->10434K(10624K) Class: 2171K(2432K)->2171K(2432K)
[182.572s][info   ][gc          ] GC(57) Pause Full (System.gc()) 1638M->1638M(5939M) 3404.607ms
[185.930s][info   ][gc,metaspace] GC(58) Metaspace: 12606K(13056K)->12606K(13056K) NonClass: 10434K(10624K)->10434K(10624K) Class: 2171K(2432K)->2171K(2432K)
[185.930s][info   ][gc          ] GC(58) Pause Full (System.gc()) 1638M->1638M(5939M) 3358.206ms
[189.288s][info   ][gc,metaspace] GC(59) Metaspace: 12606K(13056K)->12606K(13056K) NonClass: 10434K(10624K)->10434K(10624K) Class: 2171K(2432K)->2171K(2432K)
[189.288s][info   ][gc          ] GC(59) Pause Full (System.gc()) 1638M->1638M(5939M) 3357.869ms
[192.696s][info   ][gc,metaspace] GC(60) Metaspace: 12606K(13056K)->12606K(13056K) NonClass: 10434K(10624K)->10434K(10624K) Class: 2171K(2432K)->2171K(2432K)
[192.696s][info   ][gc          ] GC(60) Pause Full (System.gc()) 1638M->1638M(5939M) 3407.798ms
[196.052s][info   ][gc,metaspace] GC(61) Metaspace: 12606K(13056K)->12606K(13056K) NonClass: 10434K(10624K)->10434K(10624K) Class: 2171K(2432K)->2171K(2432K)
[196.052s][info   ][gc          ] GC(61) Pause Full (System.gc()) 1638M->1638M(5939M) 3355.719ms
After GCs... 
