[0.001s][info][metaspace]  - commit_granule_bytes: 65536.
[0.001s][info][metaspace]  - commit_granule_words: 8192.
[0.001s][info][metaspace]  - virtual_space_node_default_size: 8388608.
[0.001s][info][metaspace]  - enlarge_chunks_in_place: 1.
[0.001s][info][metaspace]  - use_allocation_guard: 0.
[0.003s][info][gc       ] Using Parallel
[0.368s][info][metaspace] Reserving compressed class space anywhere
[0.373s][info][gc,metaspace] CDS archive(s) not mapped
[0.373s][info][gc,metaspace] Compressed class space mapped at: 0x0000000021000000-0x00000000e1000000, reserved size: 3221225472
[0.373s][info][gc,metaspace] UseCompressedClassPointers 1, UseCompactObjectHeaders 1, narrow klass pointer bits 22, max shift 10
[0.373s][info][gc,metaspace] Narrow klass base: 0x0000000021000000, Narrow klass shift: 10, Narrow klass range: 0xc0000000
Num Classes: 256
Num Objects per Class: 262144
Cycles: 100
Class association: random
Generate 256 classes...
Loading 256...[2.001s][info][gc,metaspace] GC(0) Metaspace: 22807K(23168K)->22807K(23168K) NonClass: 18833K(19072K)->18833K(19072K) Class: 3974K(4096K)->3974K(4096K)
[2.001s][info][gc          ] GC(0) Pause Full (System.gc()) 1136M->3M(5888M) 25.606ms
Creating 262144 objects per class...
Done; will start GCs... 
[6.073s][info][gc,metaspace] GC(1) Metaspace: 23708K(24256K)->23708K(24256K) NonClass: 19598K(19904K)->19598K(19904K) Class: 4109K(4352K)->4109K(4352K)
[6.073s][info][gc          ] GC(1) Pause Full (System.gc()) 849M->771M(5888M) 600.563ms
[6.467s][info][gc,metaspace] GC(2) Metaspace: 23708K(24256K)->23708K(24256K) NonClass: 19598K(19904K)->19598K(19904K) Class: 4109K(4352K)->4109K(4352K)
[6.467s][info][gc          ] GC(2) Pause Full (System.gc()) 771M->771M(5888M) 393.899ms
[6.857s][info][gc,metaspace] GC(3) Metaspace: 23708K(24256K)->23708K(24256K) NonClass: 19598K(19904K)->19598K(19904K) Class: 4109K(4352K)->4109K(4352K)
[6.857s][info][gc          ] GC(3) Pause Full (System.gc()) 771M->771M(5888M) 390.222ms
[7.276s][info][gc,metaspace] GC(4) Metaspace: 23708K(24256K)->23708K(24256K) NonClass: 19598K(19904K)->19598K(19904K) Class: 4109K(4352K)->4109K(4352K)
[7.277s][info][gc          ] GC(4) Pause Full (System.gc()) 771M->771M(5888M) 418.989ms
[7.664s][info][gc,metaspace] GC(5) Metaspace: 23708K(24256K)->23708K(24256K) NonClass: 19598K(19904K)->19598K(19904K) Class: 4109K(4352K)->4109K(4352K)
[7.664s][info][gc          ] GC(5) Pause Full (System.gc()) 771M->771M(5888M) 387.576ms
[8.054s][info][gc,metaspace] GC(6) Metaspace: 23708K(24256K)->23708K(24256K) NonClass: 19598K(19904K)->19598K(19904K) Class: 4109K(4352K)->4109K(4352K)
[8.054s][info][gc          ] GC(6) Pause Full (System.gc()) 771M->771M(5888M) 389.387ms
[8.448s][info][gc,metaspace] GC(7) Metaspace: 23708K(24256K)->23708K(24256K) NonClass: 19598K(19904K)->19598K(19904K) Class: 4109K(4352K)->4109K(4352K)
[8.448s][info][gc          ] GC(7) Pause Full (System.gc()) 771M->771M(5888M) 394.476ms
[8.856s][info][gc,metaspace] GC(8) Metaspace: 23708K(24256K)->23708K(24256K) NonClass: 19598K(19904K)->19598K(19904K) Class: 4109K(4352K)->4109K(4352K)
[8.856s][info][gc          ] GC(8) Pause Full (System.gc()) 771M->771M(5888M) 407.511ms
[9.270s][info][gc,metaspace] GC(9) Metaspace: 23708K(24256K)->23708K(24256K) NonClass: 19599K(19904K)->19599K(19904K) Class: 4109K(4352K)->4109K(4352K)
[9.270s][info][gc          ] GC(9) Pause Full (System.gc()) 771M->771M(5888M) 414.222ms
[9.662s][info][gc,metaspace] GC(10) Metaspace: 23708K(24256K)->23708K(24256K) NonClass: 19599K(19904K)->19599K(19904K) Class: 4109K(4352K)->4109K(4352K)
[9.662s][info][gc          ] GC(10) Pause Full (System.gc()) 771M->771M(5888M) 391.638ms
[10.058s][info][gc,metaspace] GC(11) Metaspace: 23708K(24256K)->23708K(24256K) NonClass: 19599K(19904K)->19599K(19904K) Class: 4109K(4352K)->4109K(4352K)
[10.058s][info][gc          ] GC(11) Pause Full (System.gc()) 771M->771M(5888M) 395.997ms
[10.457s][info][gc,metaspace] GC(12) Metaspace: 23708K(24256K)->23708K(24256K) NonClass: 19599K(19904K)->19599K(19904K) Class: 4109K(4352K)->4109K(4352K)
[10.457s][info][gc          ] GC(12) Pause Full (System.gc()) 771M->771M(5888M) 399.197ms
[10.854s][info][gc,metaspace] GC(13) Metaspace: 23708K(24256K)->23708K(24256K) NonClass: 19599K(19904K)->19599K(19904K) Class: 4109K(4352K)->4109K(4352K)
[10.854s][info][gc          ] GC(13) Pause Full (System.gc()) 771M->771M(5888M) 396.878ms
[11.283s][info][gc,metaspace] GC(14) Metaspace: 23708K(24256K)->23708K(24256K) NonClass: 19599K(19904K)->19599K(19904K) Class: 4109K(4352K)->4109K(4352K)
[11.283s][info][gc          ] GC(14) Pause Full (System.gc()) 771M->771M(5888M) 423.907ms
[11.684s][info][gc,metaspace] GC(15) Metaspace: 23708K(24256K)->23708K(24256K) NonClass: 19599K(19904K)->19599K(19904K) Class: 4109K(4352K)->4109K(4352K)
[11.684s][info][gc          ] GC(15) Pause Full (System.gc()) 771M->771M(5888M) 401.556ms
[12.071s][info][gc,metaspace] GC(16) Metaspace: 23708K(24256K)->23708K(24256K) NonClass: 19599K(19904K)->19599K(19904K) Class: 4109K(4352K)->4109K(4352K)
[12.071s][info][gc          ] GC(16) Pause Full (System.gc()) 771M->771M(5888M) 386.783ms
[12.465s][info][gc,metaspace] GC(17) Metaspace: 23708K(24256K)->23708K(24256K) NonClass: 19599K(19904K)->19599K(19904K) Class: 4109K(4352K)->4109K(4352K)
[12.465s][info][gc          ] GC(17) Pause Full (System.gc()) 771M->771M(5888M) 393.770ms
[12.855s][info][gc,metaspace] GC(18) Metaspace: 23708K(24256K)->23708K(24256K) NonClass: 19599K(19904K)->19599K(19904K) Class: 4109K(4352K)->4109K(4352K)
[12.855s][info][gc          ] GC(18) Pause Full (System.gc()) 771M->771M(5888M) 389.400ms
[13.268s][info][gc,metaspace] GC(19) Metaspace: 23708K(24256K)->23708K(24256K) NonClass: 19599K(19904K)->19599K(19904K) Class: 4109K(4352K)->4109K(4352K)
[13.268s][info][gc          ] GC(19) Pause Full (System.gc()) 771M->771M(5888M) 413.548ms
[13.680s][info][gc,metaspace] GC(20) Metaspace: 23708K(24256K)->23708K(24256K) NonClass: 19599K(19904K)->19599K(19904K) Class: 4109K(4352K)->4109K(4352K)
[13.680s][info][gc          ] GC(20) Pause Full (System.gc()) 771M->771M(5888M) 411.342ms
[14.076s][info][gc,metaspace] GC(21) Metaspace: 23708K(24256K)->23708K(24256K) NonClass: 19599K(19904K)->19599K(19904K) Class: 4109K(4352K)->4109K(4352K)
[14.076s][info][gc          ] GC(21) Pause Full (System.gc()) 771M->771M(5888M) 396.543ms
[14.471s][info][gc,metaspace] GC(22) Metaspace: 23708K(24256K)->23708K(24256K) NonClass: 19599K(19904K)->19599K(19904K) Class: 4109K(4352K)->4109K(4352K)
[14.471s][info][gc          ] GC(22) Pause Full (System.gc()) 771M->771M(5888M) 394.303ms
[14.871s][info][gc,metaspace] GC(23) Metaspace: 23708K(24256K)->23708K(24256K) NonClass: 19599K(19904K)->19599K(19904K) Class: 4109K(4352K)->4109K(4352K)
[14.871s][info][gc          ] GC(23) Pause Full (System.gc()) 771M->771M(5888M) 400.441ms
[15.301s][info][gc,metaspace] GC(24) Metaspace: 23708K(24256K)->23708K(24256K) NonClass: 19599K(19904K)->19599K(19904K) Class: 4109K(4352K)->4109K(4352K)
[15.301s][info][gc          ] GC(24) Pause Full (System.gc()) 771M->771M(5888M) 429.708ms
[15.723s][info][gc,metaspace] GC(25) Metaspace: 23708K(24256K)->23708K(24256K) NonClass: 19599K(19904K)->19599K(19904K) Class: 4109K(4352K)->4109K(4352K)
[15.723s][info][gc          ] GC(25) Pause Full (System.gc()) 771M->771M(5888M) 421.928ms
[16.113s][info][gc,metaspace] GC(26) Metaspace: 23708K(24256K)->23708K(24256K) NonClass: 19599K(19904K)->19599K(19904K) Class: 4109K(4352K)->4109K(4352K)
[16.113s][info][gc          ] GC(26) Pause Full (System.gc()) 771M->771M(5888M) 389.966ms
[16.525s][info][gc,metaspace] GC(27) Metaspace: 23708K(24256K)->23708K(24256K) NonClass: 19599K(19904K)->19599K(19904K) Class: 4109K(4352K)->4109K(4352K)
[16.525s][info][gc          ] GC(27) Pause Full (System.gc()) 771M->771M(5888M) 406.969ms
[16.910s][info][gc,metaspace] GC(28) Metaspace: 23708K(24256K)->23708K(24256K) NonClass: 19599K(19904K)->19599K(19904K) Class: 4109K(4352K)->4109K(4352K)
[16.910s][info][gc          ] GC(28) Pause Full (System.gc()) 771M->771M(5888M) 384.940ms
[17.404s][info][gc,metaspace] GC(29) Metaspace: 23708K(24256K)->23708K(24256K) NonClass: 19599K(19904K)->19599K(19904K) Class: 4109K(4352K)->4109K(4352K)
[17.404s][info][gc          ] GC(29) Pause Full (System.gc()) 771M->771M(5888M) 494.472ms
[17.795s][info][gc,metaspace] GC(30) Metaspace: 23708K(24256K)->23708K(24256K) NonClass: 19599K(19904K)->19599K(19904K) Class: 4109K(4352K)->4109K(4352K)
[17.795s][info][gc          ] GC(30) Pause Full (System.gc()) 771M->771M(5888M) 390.804ms
[18.185s][info][gc,metaspace] GC(31) Metaspace: 23708K(24256K)->23708K(24256K) NonClass: 19599K(19904K)->19599K(19904K) Class: 4109K(4352K)->4109K(4352K)
[18.185s][info][gc          ] GC(31) Pause Full (System.gc()) 771M->771M(5888M) 389.865ms
[18.572s][info][gc,metaspace] GC(32) Metaspace: 23708K(24256K)->23708K(24256K) NonClass: 19599K(19904K)->19599K(19904K) Class: 4109K(4352K)->4109K(4352K)
[18.572s][info][gc          ] GC(32) Pause Full (System.gc()) 771M->771M(5888M) 386.561ms
[18.966s][info][gc,metaspace] GC(33) Metaspace: 23708K(24256K)->23708K(24256K) NonClass: 19599K(19904K)->19599K(19904K) Class: 4109K(4352K)->4109K(4352K)
[18.966s][info][gc          ] GC(33) Pause Full (System.gc()) 771M->771M(5888M) 394.709ms
[19.419s][info][gc,metaspace] GC(34) Metaspace: 23708K(24256K)->23708K(24256K) NonClass: 19599K(19904K)->19599K(19904K) Class: 4109K(4352K)->4109K(4352K)
[19.419s][info][gc          ] GC(34) Pause Full (System.gc()) 771M->771M(5888M) 452.829ms
[19.811s][info][gc,metaspace] GC(35) Metaspace: 23708K(24256K)->23708K(24256K) NonClass: 19599K(19904K)->19599K(19904K) Class: 4109K(4352K)->4109K(4352K)
[19.811s][info][gc          ] GC(35) Pause Full (System.gc()) 771M->771M(5888M) 391.645ms
[20.206s][info][gc,metaspace] GC(36) Metaspace: 23708K(24256K)->23708K(24256K) NonClass: 19599K(19904K)->19599K(19904K) Class: 4109K(4352K)->4109K(4352K)
[20.206s][info][gc          ] GC(36) Pause Full (System.gc()) 771M->771M(5888M) 394.494ms
[20.591s][info][gc,metaspace] GC(37) Metaspace: 23708K(24256K)->23708K(24256K) NonClass: 19599K(19904K)->19599K(19904K) Class: 4109K(4352K)->4109K(4352K)
[20.592s][info][gc          ] GC(37) Pause Full (System.gc()) 771M->771M(5888M) 385.866ms
[20.991s][info][gc,metaspace] GC(38) Metaspace: 23708K(24256K)->23708K(24256K) NonClass: 19599K(19904K)->19599K(19904K) Class: 4109K(4352K)->4109K(4352K)
[20.991s][info][gc          ] GC(38) Pause Full (System.gc()) 771M->771M(5888M) 399.175ms
[21.396s][info][gc,metaspace] GC(39) Metaspace: 23708K(24256K)->23708K(24256K) NonClass: 19599K(19904K)->19599K(19904K) Class: 4109K(4352K)->4109K(4352K)
[21.396s][info][gc          ] GC(39) Pause Full (System.gc()) 771M->771M(5888M) 404.802ms
[21.778s][info][gc,metaspace] GC(40) Metaspace: 23708K(24256K)->23708K(24256K) NonClass: 19599K(19904K)->19599K(19904K) Class: 4109K(4352K)->4109K(4352K)
[21.778s][info][gc          ] GC(40) Pause Full (System.gc()) 771M->771M(5888M) 382.586ms
[22.172s][info][gc,metaspace] GC(41) Metaspace: 23708K(24256K)->23708K(24256K) NonClass: 19599K(19904K)->19599K(19904K) Class: 4109K(4352K)->4109K(4352K)
[22.172s][info][gc          ] GC(41) Pause Full (System.gc()) 771M->771M(5888M) 393.186ms
[22.574s][info][gc,metaspace] GC(42) Metaspace: 23708K(24256K)->23708K(24256K) NonClass: 19599K(19904K)->19599K(19904K) Class: 4109K(4352K)->4109K(4352K)
[22.574s][info][gc          ] GC(42) Pause Full (System.gc()) 771M->771M(5888M) 402.298ms
[22.965s][info][gc,metaspace] GC(43) Metaspace: 23708K(24256K)->23708K(24256K) NonClass: 19599K(19904K)->19599K(19904K) Class: 4109K(4352K)->4109K(4352K)
[22.965s][info][gc          ] GC(43) Pause Full (System.gc()) 771M->771M(5888M) 390.904ms
[23.371s][info][gc,metaspace] GC(44) Metaspace: 23708K(24256K)->23708K(24256K) NonClass: 19599K(19904K)->19599K(19904K) Class: 4109K(4352K)->4109K(4352K)
[23.371s][info][gc          ] GC(44) Pause Full (System.gc()) 771M->771M(5888M) 406.241ms
[23.761s][info][gc,metaspace] GC(45) Metaspace: 23708K(24256K)->23708K(24256K) NonClass: 19599K(19904K)->19599K(19904K) Class: 4109K(4352K)->4109K(4352K)
[23.761s][info][gc          ] GC(45) Pause Full (System.gc()) 771M->771M(5888M) 389.452ms
[24.144s][info][gc,metaspace] GC(46) Metaspace: 23708K(24256K)->23708K(24256K) NonClass: 19599K(19904K)->19599K(19904K) Class: 4109K(4352K)->4109K(4352K)
[24.144s][info][gc          ] GC(46) Pause Full (System.gc()) 771M->771M(5888M) 383.448ms
[24.551s][info][gc,metaspace] GC(47) Metaspace: 23708K(24256K)->23708K(24256K) NonClass: 19599K(19904K)->19599K(19904K) Class: 4109K(4352K)->4109K(4352K)
[24.551s][info][gc          ] GC(47) Pause Full (System.gc()) 771M->771M(5888M) 406.850ms
[24.945s][info][gc,metaspace] GC(48) Metaspace: 23708K(24256K)->23708K(24256K) NonClass: 19599K(19904K)->19599K(19904K) Class: 4109K(4352K)->4109K(4352K)
[24.945s][info][gc          ] GC(48) Pause Full (System.gc()) 771M->771M(5888M) 394.186ms
[25.347s][info][gc,metaspace] GC(49) Metaspace: 23708K(24256K)->23708K(24256K) NonClass: 19599K(19904K)->19599K(19904K) Class: 4109K(4352K)->4109K(4352K)
[25.348s][info][gc          ] GC(49) Pause Full (System.gc()) 771M->771M(5888M) 401.992ms
[25.738s][info][gc,metaspace] GC(50) Metaspace: 23708K(24256K)->23708K(24256K) NonClass: 19599K(19904K)->19599K(19904K) Class: 4109K(4352K)->4109K(4352K)
[25.738s][info][gc          ] GC(50) Pause Full (System.gc()) 771M->771M(5888M) 390.665ms
[26.133s][info][gc,metaspace] GC(51) Metaspace: 23708K(24256K)->23708K(24256K) NonClass: 19599K(19904K)->19599K(19904K) Class: 4109K(4352K)->4109K(4352K)
[26.133s][info][gc          ] GC(51) Pause Full (System.gc()) 771M->771M(5888M) 395.045ms
[26.529s][info][gc,metaspace] GC(52) Metaspace: 23708K(24256K)->23708K(24256K) NonClass: 19599K(19904K)->19599K(19904K) Class: 4109K(4352K)->4109K(4352K)
[26.529s][info][gc          ] GC(52) Pause Full (System.gc()) 771M->771M(5888M) 395.588ms
[26.924s][info][gc,metaspace] GC(53) Metaspace: 23708K(24256K)->23708K(24256K) NonClass: 19599K(19904K)->19599K(19904K) Class: 4109K(4352K)->4109K(4352K)
[26.924s][info][gc          ] GC(53) Pause Full (System.gc()) 771M->771M(5888M) 390.309ms
[27.406s][info][gc,metaspace] GC(54) Metaspace: 23708K(24256K)->23708K(24256K) NonClass: 19599K(19904K)->19599K(19904K) Class: 4109K(4352K)->4109K(4352K)
[27.406s][info][gc          ] GC(54) Pause Full (System.gc()) 771M->771M(5888M) 482.428ms
[27.803s][info][gc,metaspace] GC(55) Metaspace: 23708K(24256K)->23708K(24256K) NonClass: 19599K(19904K)->19599K(19904K) Class: 4109K(4352K)->4109K(4352K)
[27.803s][info][gc          ] GC(55) Pause Full (System.gc()) 771M->771M(5888M) 396.771ms
[28.195s][info][gc,metaspace] GC(56) Metaspace: 23708K(24256K)->23708K(24256K) NonClass: 19599K(19904K)->19599K(19904K) Class: 4109K(4352K)->4109K(4352K)
[28.195s][info][gc          ] GC(56) Pause Full (System.gc()) 771M->771M(5888M) 391.851ms
[28.600s][info][gc,metaspace] GC(57) Metaspace: 23708K(24256K)->23708K(24256K) NonClass: 19599K(19904K)->19599K(19904K) Class: 4109K(4352K)->4109K(4352K)
[28.600s][info][gc          ] GC(57) Pause Full (System.gc()) 771M->771M(5888M) 405.267ms
[28.987s][info][gc,metaspace] GC(58) Metaspace: 23708K(24256K)->23708K(24256K) NonClass: 19599K(19904K)->19599K(19904K) Class: 4109K(4352K)->4109K(4352K)
[28.987s][info][gc          ] GC(58) Pause Full (System.gc()) 771M->771M(5888M) 386.684ms
[29.394s][info][gc,metaspace] GC(59) Metaspace: 23708K(24256K)->23708K(24256K) NonClass: 19599K(19904K)->19599K(19904K) Class: 4109K(4352K)->4109K(4352K)
[29.394s][info][gc          ] GC(59) Pause Full (System.gc()) 771M->771M(5888M) 406.771ms
[29.782s][info][gc,metaspace] GC(60) Metaspace: 23708K(24256K)->23708K(24256K) NonClass: 19599K(19904K)->19599K(19904K) Class: 4109K(4352K)->4109K(4352K)
[29.782s][info][gc          ] GC(60) Pause Full (System.gc()) 771M->771M(5888M) 388.480ms
[30.168s][info][gc,metaspace] GC(61) Metaspace: 23708K(24256K)->23708K(24256K) NonClass: 19599K(19904K)->19599K(19904K) Class: 4109K(4352K)->4109K(4352K)
[30.168s][info][gc          ] GC(61) Pause Full (System.gc()) 771M->771M(5888M) 385.543ms
[30.580s][info][gc,metaspace] GC(62) Metaspace: 23708K(24256K)->23708K(24256K) NonClass: 19599K(19904K)->19599K(19904K) Class: 4109K(4352K)->4109K(4352K)
[30.580s][info][gc          ] GC(62) Pause Full (System.gc()) 771M->771M(5888M) 412.201ms
[30.974s][info][gc,metaspace] GC(63) Metaspace: 23708K(24256K)->23708K(24256K) NonClass: 19599K(19904K)->19599K(19904K) Class: 4109K(4352K)->4109K(4352K)
[30.974s][info][gc          ] GC(63) Pause Full (System.gc()) 771M->771M(5888M) 393.206ms
[31.383s][info][gc,metaspace] GC(64) Metaspace: 23708K(24256K)->23708K(24256K) NonClass: 19599K(19904K)->19599K(19904K) Class: 4109K(4352K)->4109K(4352K)
[31.383s][info][gc          ] GC(64) Pause Full (System.gc()) 771M->771M(5888M) 408.853ms
[31.790s][info][gc,metaspace] GC(65) Metaspace: 23708K(24256K)->23708K(24256K) NonClass: 19599K(19904K)->19599K(19904K) Class: 4109K(4352K)->4109K(4352K)
[31.790s][info][gc          ] GC(65) Pause Full (System.gc()) 771M->771M(5888M) 407.819ms
[32.193s][info][gc,metaspace] GC(66) Metaspace: 23708K(24256K)->23708K(24256K) NonClass: 19599K(19904K)->19599K(19904K) Class: 4109K(4352K)->4109K(4352K)
[32.193s][info][gc          ] GC(66) Pause Full (System.gc()) 771M->771M(5888M) 398.088ms
[32.611s][info][gc,metaspace] GC(67) Metaspace: 23708K(24256K)->23708K(24256K) NonClass: 19599K(19904K)->19599K(19904K) Class: 4109K(4352K)->4109K(4352K)
[32.611s][info][gc          ] GC(67) Pause Full (System.gc()) 771M->771M(5888M) 418.424ms
[33.007s][info][gc,metaspace] GC(68) Metaspace: 23708K(24256K)->23708K(24256K) NonClass: 19599K(19904K)->19599K(19904K) Class: 4109K(4352K)->4109K(4352K)
[33.007s][info][gc          ] GC(68) Pause Full (System.gc()) 771M->771M(5888M) 395.270ms
[33.411s][info][gc,metaspace] GC(69) Metaspace: 23708K(24256K)->23708K(24256K) NonClass: 19599K(19904K)->19599K(19904K) Class: 4109K(4352K)->4109K(4352K)
[33.411s][info][gc          ] GC(69) Pause Full (System.gc()) 771M->771M(5888M) 403.811ms
[33.796s][info][gc,metaspace] GC(70) Metaspace: 23708K(24256K)->23708K(24256K) NonClass: 19599K(19904K)->19599K(19904K) Class: 4109K(4352K)->4109K(4352K)
[33.797s][info][gc          ] GC(70) Pause Full (System.gc()) 771M->771M(5888M) 385.796ms
[34.183s][info][gc,metaspace] GC(71) Metaspace: 23708K(24256K)->23708K(24256K) NonClass: 19599K(19904K)->19599K(19904K) Class: 4109K(4352K)->4109K(4352K)
[34.183s][info][gc          ] GC(71) Pause Full (System.gc()) 771M->771M(5888M) 386.873ms
[34.591s][info][gc,metaspace] GC(72) Metaspace: 23708K(24256K)->23708K(24256K) NonClass: 19599K(19904K)->19599K(19904K) Class: 4109K(4352K)->4109K(4352K)
[34.591s][info][gc          ] GC(72) Pause Full (System.gc()) 771M->771M(5888M) 407.723ms
[34.990s][info][gc,metaspace] GC(73) Metaspace: 23708K(24256K)->23708K(24256K) NonClass: 19599K(19904K)->19599K(19904K) Class: 4109K(4352K)->4109K(4352K)
[34.990s][info][gc          ] GC(73) Pause Full (System.gc()) 771M->771M(5888M) 399.076ms
[35.399s][info][gc,metaspace] GC(74) Metaspace: 23708K(24256K)->23708K(24256K) NonClass: 19599K(19904K)->19599K(19904K) Class: 4109K(4352K)->4109K(4352K)
[35.399s][info][gc          ] GC(74) Pause Full (System.gc()) 771M->771M(5888M) 408.275ms
[35.798s][info][gc,metaspace] GC(75) Metaspace: 23708K(24256K)->23708K(24256K) NonClass: 19599K(19904K)->19599K(19904K) Class: 4109K(4352K)->4109K(4352K)
[35.798s][info][gc          ] GC(75) Pause Full (System.gc()) 771M->771M(5888M) 398.871ms
[36.242s][info][gc,metaspace] GC(76) Metaspace: 23708K(24256K)->23708K(24256K) NonClass: 19599K(19904K)->19599K(19904K) Class: 4109K(4352K)->4109K(4352K)
[36.242s][info][gc          ] GC(76) Pause Full (System.gc()) 771M->771M(5888M) 443.782ms
[36.645s][info][gc,metaspace] GC(77) Metaspace: 23708K(24256K)->23708K(24256K) NonClass: 19599K(19904K)->19599K(19904K) Class: 4109K(4352K)->4109K(4352K)
[36.646s][info][gc          ] GC(77) Pause Full (System.gc()) 771M->771M(5888M) 403.903ms
[37.052s][info][gc,metaspace] GC(78) Metaspace: 23708K(24256K)->23708K(24256K) NonClass: 19599K(19904K)->19599K(19904K) Class: 4109K(4352K)->4109K(4352K)
[37.052s][info][gc          ] GC(78) Pause Full (System.gc()) 771M->771M(5888M) 406.494ms
[37.455s][info][gc,metaspace] GC(79) Metaspace: 23708K(24256K)->23708K(24256K) NonClass: 19599K(19904K)->19599K(19904K) Class: 4109K(4352K)->4109K(4352K)
[37.455s][info][gc          ] GC(79) Pause Full (System.gc()) 771M->771M(5888M) 398.203ms
[37.850s][info][gc,metaspace] GC(80) Metaspace: 23708K(24256K)->23708K(24256K) NonClass: 19599K(19904K)->19599K(19904K) Class: 4109K(4352K)->4109K(4352K)
[37.850s][info][gc          ] GC(80) Pause Full (System.gc()) 771M->771M(5888M) 395.549ms
[38.262s][info][gc,metaspace] GC(81) Metaspace: 23708K(24256K)->23708K(24256K) NonClass: 19599K(19904K)->19599K(19904K) Class: 4109K(4352K)->4109K(4352K)
[38.262s][info][gc          ] GC(81) Pause Full (System.gc()) 771M->771M(5888M) 411.618ms
[38.668s][info][gc,metaspace] GC(82) Metaspace: 23708K(24256K)->23708K(24256K) NonClass: 19599K(19904K)->19599K(19904K) Class: 4109K(4352K)->4109K(4352K)
[38.668s][info][gc          ] GC(82) Pause Full (System.gc()) 771M->771M(5888M) 406.265ms
[39.063s][info][gc,metaspace] GC(83) Metaspace: 23708K(24256K)->23708K(24256K) NonClass: 19599K(19904K)->19599K(19904K) Class: 4109K(4352K)->4109K(4352K)
[39.063s][info][gc          ] GC(83) Pause Full (System.gc()) 771M->771M(5888M) 394.538ms
[39.467s][info][gc,metaspace] GC(84) Metaspace: 23708K(24256K)->23708K(24256K) NonClass: 19599K(19904K)->19599K(19904K) Class: 4109K(4352K)->4109K(4352K)
[39.467s][info][gc          ] GC(84) Pause Full (System.gc()) 771M->771M(5888M) 403.552ms
[39.858s][info][gc,metaspace] GC(85) Metaspace: 23708K(24256K)->23708K(24256K) NonClass: 19599K(19904K)->19599K(19904K) Class: 4109K(4352K)->4109K(4352K)
[39.858s][info][gc          ] GC(85) Pause Full (System.gc()) 771M->771M(5888M) 391.719ms
[40.286s][info][gc,metaspace] GC(86) Metaspace: 23708K(24256K)->23708K(24256K) NonClass: 19599K(19904K)->19599K(19904K) Class: 4109K(4352K)->4109K(4352K)
[40.286s][info][gc          ] GC(86) Pause Full (System.gc()) 771M->771M(5888M) 427.994ms
[40.685s][info][gc,metaspace] GC(87) Metaspace: 23708K(24256K)->23708K(24256K) NonClass: 19599K(19904K)->19599K(19904K) Class: 4109K(4352K)->4109K(4352K)
[40.685s][info][gc          ] GC(87) Pause Full (System.gc()) 771M->771M(5888M) 398.155ms
[41.085s][info][gc,metaspace] GC(88) Metaspace: 23708K(24256K)->23708K(24256K) NonClass: 19599K(19904K)->19599K(19904K) Class: 4109K(4352K)->4109K(4352K)
[41.085s][info][gc          ] GC(88) Pause Full (System.gc()) 771M->771M(5888M) 399.920ms
[41.479s][info][gc,metaspace] GC(89) Metaspace: 23708K(24256K)->23708K(24256K) NonClass: 19599K(19904K)->19599K(19904K) Class: 4109K(4352K)->4109K(4352K)
[41.479s][info][gc          ] GC(89) Pause Full (System.gc()) 771M->771M(5888M) 394.069ms
[41.873s][info][gc,metaspace] GC(90) Metaspace: 23708K(24256K)->23708K(24256K) NonClass: 19599K(19904K)->19599K(19904K) Class: 4109K(4352K)->4109K(4352K)
[41.873s][info][gc          ] GC(90) Pause Full (System.gc()) 771M->771M(5888M) 394.436ms
[42.290s][info][gc,metaspace] GC(91) Metaspace: 23708K(24256K)->23708K(24256K) NonClass: 19599K(19904K)->19599K(19904K) Class: 4109K(4352K)->4109K(4352K)
[42.290s][info][gc          ] GC(91) Pause Full (System.gc()) 771M->771M(5888M) 416.795ms
[42.693s][info][gc,metaspace] GC(92) Metaspace: 23708K(24256K)->23708K(24256K) NonClass: 19599K(19904K)->19599K(19904K) Class: 4109K(4352K)->4109K(4352K)
[42.693s][info][gc          ] GC(92) Pause Full (System.gc()) 771M->771M(5888M) 398.546ms
[43.082s][info][gc,metaspace] GC(93) Metaspace: 23708K(24256K)->23708K(24256K) NonClass: 19599K(19904K)->19599K(19904K) Class: 4109K(4352K)->4109K(4352K)
[43.083s][info][gc          ] GC(93) Pause Full (System.gc()) 771M->771M(5888M) 389.342ms
[43.523s][info][gc,metaspace] GC(94) Metaspace: 23708K(24256K)->23708K(24256K) NonClass: 19599K(19904K)->19599K(19904K) Class: 4109K(4352K)->4109K(4352K)
[43.523s][info][gc          ] GC(94) Pause Full (System.gc()) 771M->771M(5888M) 440.316ms
[43.920s][info][gc,metaspace] GC(95) Metaspace: 23708K(24256K)->23708K(24256K) NonClass: 19599K(19904K)->19599K(19904K) Class: 4109K(4352K)->4109K(4352K)
[43.920s][info][gc          ] GC(95) Pause Full (System.gc()) 771M->771M(5888M) 396.937ms
[44.405s][info][gc,metaspace] GC(96) Metaspace: 23708K(24256K)->23708K(24256K) NonClass: 19599K(19904K)->19599K(19904K) Class: 4109K(4352K)->4109K(4352K)
[44.405s][info][gc          ] GC(96) Pause Full (System.gc()) 771M->771M(5888M) 485.317ms
[44.801s][info][gc,metaspace] GC(97) Metaspace: 23708K(24256K)->23708K(24256K) NonClass: 19599K(19904K)->19599K(19904K) Class: 4109K(4352K)->4109K(4352K)
[44.801s][info][gc          ] GC(97) Pause Full (System.gc()) 771M->771M(5888M) 395.166ms
[45.201s][info][gc,metaspace] GC(98) Metaspace: 23708K(24256K)->23708K(24256K) NonClass: 19599K(19904K)->19599K(19904K) Class: 4109K(4352K)->4109K(4352K)
[45.201s][info][gc          ] GC(98) Pause Full (System.gc()) 771M->771M(5888M) 399.895ms
[45.630s][info][gc,metaspace] GC(99) Metaspace: 23708K(24256K)->23708K(24256K) NonClass: 19599K(19904K)->19599K(19904K) Class: 4109K(4352K)->4109K(4352K)
[45.630s][info][gc          ] GC(99) Pause Full (System.gc()) 771M->771M(5888M) 390.039ms
[46.020s][info][gc,metaspace] GC(100) Metaspace: 23708K(24256K)->23708K(24256K) NonClass: 19599K(19904K)->19599K(19904K) Class: 4109K(4352K)->4109K(4352K)
[46.020s][info][gc          ] GC(100) Pause Full (System.gc()) 771M->771M(5888M) 389.245ms
After GCs... 
