Done; will start GCs... 
[16.923s][info][gc,metaspace] GC(16) Metaspace: 16496K(17664K)->16496K(17664K) NonClass: 13153K(13696K)->13153K(13696K) Class: 3343K(3968K)->3343K(3968K)
[16.923s][info][gc          ] GC(16) Pause Full (System.gc()) 1593M->1573M(5632M) 653.562ms
[17.653s][info][gc,metaspace] GC(17) Metaspace: 16496K(17664K)->16496K(17664K) NonClass: 13153K(13696K)->13153K(13696K) Class: 3343K(3968K)->3343K(3968K)
[17.654s][info][gc          ] GC(17) Pause Full (System.gc()) 1573M->1573M(5632M) 730.277ms
[18.381s][info][gc,metaspace] GC(18) Metaspace: 16496K(17664K)->16496K(17664K) NonClass: 13153K(13696K)->13153K(13696K) Class: 3343K(3968K)->3343K(3968K)
[18.381s][info][gc          ] GC(18) Pause Full (System.gc()) 1573M->1573M(5632M) 727.589ms
[19.020s][info][gc,metaspace] GC(19) Metaspace: 16496K(17664K)->16496K(17664K) NonClass: 13153K(13696K)->13153K(13696K) Class: 3343K(3968K)->3343K(3968K)
[19.020s][info][gc          ] GC(19) Pause Full (System.gc()) 1573M->1573M(5632M) 634.491ms
[19.650s][info][gc,metaspace] GC(20) Metaspace: 16496K(17664K)->16496K(17664K) NonClass: 13153K(13696K)->13153K(13696K) Class: 3343K(3968K)->3343K(3968K)
[19.650s][info][gc          ] GC(20) Pause Full (System.gc()) 1573M->1573M(5632M) 630.062ms
[20.311s][info][gc,metaspace] GC(21) Metaspace: 16496K(17664K)->16496K(17664K) NonClass: 13153K(13696K)->13153K(13696K) Class: 3343K(3968K)->3343K(3968K)
[20.311s][info][gc          ] GC(21) Pause Full (System.gc()) 1573M->1573M(5632M) 660.391ms
[20.954s][info][gc,metaspace] GC(22) Metaspace: 16496K(17664K)->16496K(17664K) NonClass: 13153K(13696K)->13153K(13696K) Class: 3343K(3968K)->3343K(3968K)
[20.954s][info][gc          ] GC(22) Pause Full (System.gc()) 1573M->1573M(5632M) 643.407ms
[21.736s][info][gc,metaspace] GC(23) Metaspace: 16496K(17664K)->16496K(17664K) NonClass: 13153K(13696K)->13153K(13696K) Class: 3343K(3968K)->3343K(3968K)
[21.736s][info][gc          ] GC(23) Pause Full (System.gc()) 1573M->1573M(5632M) 781.357ms
[22.421s][info][gc,metaspace] GC(24) Metaspace: 16496K(17664K)->16496K(17664K) NonClass: 13153K(13696K)->13153K(13696K) Class: 3343K(3968K)->3343K(3968K)
[22.421s][info][gc          ] GC(24) Pause Full (System.gc()) 1573M->1573M(5632M) 685.120ms
[23.072s][info][gc,metaspace] GC(25) Metaspace: 16496K(17664K)->16496K(17664K) NonClass: 13153K(13696K)->13153K(13696K) Class: 3343K(3968K)->3343K(3968K)
[23.072s][info][gc          ] GC(25) Pause Full (System.gc()) 1573M->1573M(5632M) 651.035ms
[23.701s][info][gc,metaspace] GC(26) Metaspace: 16496K(17664K)->16496K(17664K) NonClass: 13153K(13696K)->13153K(13696K) Class: 3343K(3968K)->3343K(3968K)
[23.701s][info][gc          ] GC(26) Pause Full (System.gc()) 1573M->1573M(5632M) 628.864ms
[24.372s][info][gc,metaspace] GC(27) Metaspace: 16496K(17664K)->16496K(17664K) NonClass: 13153K(13696K)->13153K(13696K) Class: 3343K(3968K)->3343K(3968K)
[24.372s][info][gc          ] GC(27) Pause Full (System.gc()) 1573M->1573M(5632M) 671.324ms
[25.037s][info][gc,metaspace] GC(28) Metaspace: 16496K(17664K)->16496K(17664K) NonClass: 13153K(13696K)->13153K(13696K) Class: 3343K(3968K)->3343K(3968K)
[25.037s][info][gc          ] GC(28) Pause Full (System.gc()) 1573M->1573M(5632M) 664.112ms
[25.774s][info][gc,metaspace] GC(29) Metaspace: 16496K(17664K)->16496K(17664K) NonClass: 13153K(13696K)->13153K(13696K) Class: 3343K(3968K)->3343K(3968K)
[25.774s][info][gc          ] GC(29) Pause Full (System.gc()) 1573M->1573M(5632M) 736.768ms
[26.435s][info][gc,metaspace] GC(30) Metaspace: 16496K(17664K)->16496K(17664K) NonClass: 13153K(13696K)->13153K(13696K) Class: 3343K(3968K)->3343K(3968K)
[26.435s][info][gc          ] GC(30) Pause Full (System.gc()) 1573M->1573M(5632M) 661.263ms
[27.072s][info][gc,metaspace] GC(31) Metaspace: 16496K(17664K)->16496K(17664K) NonClass: 13153K(13696K)->13153K(13696K) Class: 3343K(3968K)->3343K(3968K)
[27.073s][info][gc          ] GC(31) Pause Full (System.gc()) 1573M->1573M(5632M) 637.536ms
[27.718s][info][gc,metaspace] GC(32) Metaspace: 16496K(17664K)->16496K(17664K) NonClass: 13153K(13696K)->13153K(13696K) Class: 3343K(3968K)->3343K(3968K)
[27.718s][info][gc          ] GC(32) Pause Full (System.gc()) 1573M->1573M(5632M) 645.369ms
[28.396s][info][gc,metaspace] GC(33) Metaspace: 16496K(17664K)->16496K(17664K) NonClass: 13153K(13696K)->13153K(13696K) Class: 3343K(3968K)->3343K(3968K)
[28.396s][info][gc          ] GC(33) Pause Full (System.gc()) 1573M->1573M(5632M) 677.642ms
[29.020s][info][gc,metaspace] GC(34) Metaspace: 16496K(17664K)->16496K(17664K) NonClass: 13153K(13696K)->13153K(13696K) Class: 3343K(3968K)->3343K(3968K)
[29.020s][info][gc          ] GC(34) Pause Full (System.gc()) 1573M->1573M(5632M) 624.212ms
[29.666s][info][gc,metaspace] GC(35) Metaspace: 16496K(17664K)->16496K(17664K) NonClass: 13153K(13696K)->13153K(13696K) Class: 3343K(3968K)->3343K(3968K)
[29.666s][info][gc          ] GC(35) Pause Full (System.gc()) 1573M->1573M(5632M) 645.922ms
[30.283s][info][gc,metaspace] GC(36) Metaspace: 16496K(17664K)->16496K(17664K) NonClass: 13153K(13696K)->13153K(13696K) Class: 3343K(3968K)->3343K(3968K)
[30.283s][info][gc          ] GC(36) Pause Full (System.gc()) 1573M->1573M(5632M) 616.890ms
[30.937s][info][gc,metaspace] GC(37) Metaspace: 16496K(17664K)->16496K(17664K) NonClass: 13153K(13696K)->13153K(13696K) Class: 3343K(3968K)->3343K(3968K)
[30.937s][info][gc          ] GC(37) Pause Full (System.gc()) 1573M->1573M(5632M) 653.860ms
[31.586s][info][gc,metaspace] GC(38) Metaspace: 16496K(17664K)->16496K(17664K) NonClass: 13153K(13696K)->13153K(13696K) Class: 3343K(3968K)->3343K(3968K)
[31.586s][info][gc          ] GC(38) Pause Full (System.gc()) 1573M->1573M(5632M) 649.374ms
[32.245s][info][gc,metaspace] GC(39) Metaspace: 16496K(17664K)->16496K(17664K) NonClass: 13153K(13696K)->13153K(13696K) Class: 3343K(3968K)->3343K(3968K)
[32.245s][info][gc          ] GC(39) Pause Full (System.gc()) 1573M->1573M(5632M) 658.361ms
[32.924s][info][gc,metaspace] GC(40) Metaspace: 16496K(17664K)->16496K(17664K) NonClass: 13153K(13696K)->13153K(13696K) Class: 3343K(3968K)->3343K(3968K)
[32.924s][info][gc          ] GC(40) Pause Full (System.gc()) 1573M->1573M(5632M) 679.502ms
[33.638s][info][gc,metaspace] GC(41) Metaspace: 16496K(17664K)->16496K(17664K) NonClass: 13153K(13696K)->13153K(13696K) Class: 3343K(3968K)->3343K(3968K)
[33.638s][info][gc          ] GC(41) Pause Full (System.gc()) 1573M->1573M(5632M) 713.762ms
[34.266s][info][gc,metaspace] GC(42) Metaspace: 16496K(17664K)->16496K(17664K) NonClass: 13153K(13696K)->13153K(13696K) Class: 3343K(3968K)->3343K(3968K)
[34.266s][info][gc          ] GC(42) Pause Full (System.gc()) 1573M->1573M(5632M) 627.963ms
[34.916s][info][gc,metaspace] GC(43) Metaspace: 16496K(17664K)->16496K(17664K) NonClass: 13153K(13696K)->13153K(13696K) Class: 3343K(3968K)->3343K(3968K)
[34.916s][info][gc          ] GC(43) Pause Full (System.gc()) 1573M->1573M(5632M) 644.850ms
[35.637s][info][gc,metaspace] GC(44) Metaspace: 16496K(17664K)->16496K(17664K) NonClass: 13153K(13696K)->13153K(13696K) Class: 3343K(3968K)->3343K(3968K)
[35.637s][info][gc          ] GC(44) Pause Full (System.gc()) 1573M->1573M(5632M) 721.278ms
[36.259s][info][gc,metaspace] GC(45) Metaspace: 16496K(17664K)->16496K(17664K) NonClass: 13153K(13696K)->13153K(13696K) Class: 3343K(3968K)->3343K(3968K)
[36.259s][info][gc          ] GC(45) Pause Full (System.gc()) 1573M->1573M(5632M) 621.899ms
[36.924s][info][gc,metaspace] GC(46) Metaspace: 16496K(17664K)->16496K(17664K) NonClass: 13153K(13696K)->13153K(13696K) Class: 3343K(3968K)->3343K(3968K)
[36.924s][info][gc          ] GC(46) Pause Full (System.gc()) 1573M->1573M(5632M) 665.424ms
[37.649s][info][gc,metaspace] GC(47) Metaspace: 16496K(17664K)->16496K(17664K) NonClass: 13153K(13696K)->13153K(13696K) Class: 3343K(3968K)->3343K(3968K)
[37.649s][info][gc          ] GC(47) Pause Full (System.gc()) 1573M->1573M(5632M) 724.462ms
[38.287s][info][gc,metaspace] GC(48) Metaspace: 16496K(17664K)->16496K(17664K) NonClass: 13153K(13696K)->13153K(13696K) Class: 3343K(3968K)->3343K(3968K)
[38.287s][info][gc          ] GC(48) Pause Full (System.gc()) 1573M->1573M(5632M) 638.303ms
[38.918s][info][gc,metaspace] GC(49) Metaspace: 16496K(17664K)->16496K(17664K) NonClass: 13153K(13696K)->13153K(13696K) Class: 3343K(3968K)->3343K(3968K)
[38.918s][info][gc          ] GC(49) Pause Full (System.gc()) 1573M->1573M(5632M) 630.587ms
[39.565s][info][gc,metaspace] GC(50) Metaspace: 16496K(17664K)->16496K(17664K) NonClass: 13153K(13696K)->13153K(13696K) Class: 3343K(3968K)->3343K(3968K)
[39.565s][info][gc          ] GC(50) Pause Full (System.gc()) 1573M->1573M(5632M) 647.157ms
[40.186s][info][gc,metaspace] GC(51) Metaspace: 16496K(17664K)->16496K(17664K) NonClass: 13153K(13696K)->13153K(13696K) Class: 3343K(3968K)->3343K(3968K)
[40.186s][info][gc          ] GC(51) Pause Full (System.gc()) 1573M->1573M(5632M) 620.772ms
[40.829s][info][gc,metaspace] GC(52) Metaspace: 16496K(17664K)->16496K(17664K) NonClass: 13153K(13696K)->13153K(13696K) Class: 3343K(3968K)->3343K(3968K)
[40.829s][info][gc          ] GC(52) Pause Full (System.gc()) 1573M->1573M(5632M) 643.176ms
[41.586s][info][gc,metaspace] GC(53) Metaspace: 16496K(17664K)->16496K(17664K) NonClass: 13153K(13696K)->13153K(13696K) Class: 3343K(3968K)->3343K(3968K)
[41.586s][info][gc          ] GC(53) Pause Full (System.gc()) 1573M->1573M(5632M) 756.142ms
[42.217s][info][gc,metaspace] GC(54) Metaspace: 16496K(17664K)->16496K(17664K) NonClass: 13153K(13696K)->13153K(13696K) Class: 3343K(3968K)->3343K(3968K)
[42.217s][info][gc          ] GC(54) Pause Full (System.gc()) 1573M->1573M(5632M) 631.494ms
[42.853s][info][gc,metaspace] GC(55) Metaspace: 16496K(17664K)->16496K(17664K) NonClass: 13153K(13696K)->13153K(13696K) Class: 3343K(3968K)->3343K(3968K)
[42.853s][info][gc          ] GC(55) Pause Full (System.gc()) 1573M->1573M(5632M) 635.565ms
[43.565s][info][gc,metaspace] GC(56) Metaspace: 16496K(17664K)->16496K(17664K) NonClass: 13153K(13696K)->13153K(13696K) Class: 3343K(3968K)->3343K(3968K)
[43.565s][info][gc          ] GC(56) Pause Full (System.gc()) 1573M->1573M(5632M) 712.026ms
[44.290s][info][gc,metaspace] GC(57) Metaspace: 16496K(17664K)->16496K(17664K) NonClass: 13153K(13696K)->13153K(13696K) Class: 3343K(3968K)->3343K(3968K)
[44.290s][info][gc          ] GC(57) Pause Full (System.gc()) 1573M->1573M(5632M) 724.483ms
[44.932s][info][gc,metaspace] GC(58) Metaspace: 16496K(17664K)->16496K(17664K) NonClass: 13153K(13696K)->13153K(13696K) Class: 3343K(3968K)->3343K(3968K)
[44.932s][info][gc          ] GC(58) Pause Full (System.gc()) 1573M->1573M(5632M) 641.925ms
[45.590s][info][gc,metaspace] GC(59) Metaspace: 16496K(17664K)->16496K(17664K) NonClass: 13153K(13696K)->13153K(13696K) Class: 3343K(3968K)->3343K(3968K)
[45.590s][info][gc          ] GC(59) Pause Full (System.gc()) 1573M->1573M(5632M) 657.959ms
[46.223s][info][gc,metaspace] GC(60) Metaspace: 16496K(17664K)->16496K(17664K) NonClass: 13153K(13696K)->13153K(13696K) Class: 3343K(3968K)->3343K(3968K)
[46.223s][info][gc          ] GC(60) Pause Full (System.gc()) 1573M->1573M(5632M) 632.772ms
[46.911s][info][gc,metaspace] GC(61) Metaspace: 16496K(17664K)->16496K(17664K) NonClass: 13153K(13696K)->13153K(13696K) Class: 3343K(3968K)->3343K(3968K)
[46.911s][info][gc          ] GC(61) Pause Full (System.gc()) 1573M->1573M(5632M) 688.550ms
[47.647s][info][gc,metaspace] GC(62) Metaspace: 16496K(17664K)->16496K(17664K) NonClass: 13153K(13696K)->13153K(13696K) Class: 3343K(3968K)->3343K(3968K)
[47.647s][info][gc          ] GC(62) Pause Full (System.gc()) 1573M->1573M(5632M) 735.455ms
[48.289s][info][gc,metaspace] GC(63) Metaspace: 16496K(17664K)->16496K(17664K) NonClass: 13153K(13696K)->13153K(13696K) Class: 3343K(3968K)->3343K(3968K)
[48.289s][info][gc          ] GC(63) Pause Full (System.gc()) 1573M->1573M(5632M) 642.046ms
[48.940s][info][gc,metaspace] GC(64) Metaspace: 16496K(17664K)->16496K(17664K) NonClass: 13153K(13696K)->13153K(13696K) Class: 3343K(3968K)->3343K(3968K)
[48.940s][info][gc          ] GC(64) Pause Full (System.gc()) 1573M->1573M(5632M) 651.243ms
[49.654s][info][gc,metaspace] GC(65) Metaspace: 16496K(17664K)->16496K(17664K) NonClass: 13153K(13696K)->13153K(13696K) Class: 3343K(3968K)->3343K(3968K)
[49.654s][info][gc          ] GC(65) Pause Full (System.gc()) 1573M->1573M(5632M) 713.783ms
After GCs... 
