Done; will start GCs... 
[17.658s][info][gc,metaspace] GC(16) Metaspace: 16472K(17664K)->16472K(17664K) NonClass: 13128K(13696K)->13128K(13696K) Class: 3343K(3968K)->3343K(3968K)
[17.658s][info][gc          ] GC(16) Pause Full (System.gc()) 1593M->1573M(5634M) 759.863ms
[18.368s][info][gc,metaspace] GC(17) Metaspace: 16472K(17664K)->16472K(17664K) NonClass: 13128K(13696K)->13128K(13696K) Class: 3343K(3968K)->3343K(3968K)
[18.368s][info][gc          ] GC(17) Pause Full (System.gc()) 1573M->1573M(5634M) 710.573ms
[19.105s][info][gc,metaspace] GC(18) Metaspace: 16472K(17664K)->16472K(17664K) NonClass: 13128K(13696K)->13128K(13696K) Class: 3343K(3968K)->3343K(3968K)
[19.105s][info][gc          ] GC(18) Pause Full (System.gc()) 1573M->1573M(5634M) 736.126ms
[19.841s][info][gc,metaspace] GC(19) Metaspace: 16472K(17664K)->16472K(17664K) NonClass: 13128K(13696K)->13128K(13696K) Class: 3343K(3968K)->3343K(3968K)
[19.842s][info][gc          ] GC(19) Pause Full (System.gc()) 1573M->1573M(5634M) 736.794ms
[20.543s][info][gc,metaspace] GC(20) Metaspace: 16472K(17664K)->16472K(17664K) NonClass: 13128K(13696K)->13128K(13696K) Class: 3343K(3968K)->3343K(3968K)
[20.543s][info][gc          ] GC(20) Pause Full (System.gc()) 1573M->1573M(5634M) 701.608ms
[21.283s][info][gc,metaspace] GC(21) Metaspace: 16472K(17664K)->16472K(17664K) NonClass: 13128K(13696K)->13128K(13696K) Class: 3343K(3968K)->3343K(3968K)
[21.283s][info][gc          ] GC(21) Pause Full (System.gc()) 1573M->1573M(5634M) 739.619ms
[22.004s][info][gc,metaspace] GC(22) Metaspace: 16472K(17664K)->16472K(17664K) NonClass: 13128K(13696K)->13128K(13696K) Class: 3343K(3968K)->3343K(3968K)
[22.004s][info][gc          ] GC(22) Pause Full (System.gc()) 1573M->1573M(5634M) 720.759ms
[22.749s][info][gc,metaspace] GC(23) Metaspace: 16472K(17664K)->16472K(17664K) NonClass: 13128K(13696K)->13128K(13696K) Class: 3343K(3968K)->3343K(3968K)
[22.749s][info][gc          ] GC(23) Pause Full (System.gc()) 1573M->1573M(5634M) 740.525ms
[23.458s][info][gc,metaspace] GC(24) Metaspace: 16472K(17664K)->16472K(17664K) NonClass: 13128K(13696K)->13128K(13696K) Class: 3343K(3968K)->3343K(3968K)
[23.458s][info][gc          ] GC(24) Pause Full (System.gc()) 1573M->1573M(5634M) 708.985ms
[24.173s][info][gc,metaspace] GC(25) Metaspace: 16472K(17664K)->16472K(17664K) NonClass: 13128K(13696K)->13128K(13696K) Class: 3343K(3968K)->3343K(3968K)
[24.173s][info][gc          ] GC(25) Pause Full (System.gc()) 1573M->1573M(5634M) 715.245ms
[24.983s][info][gc,metaspace] GC(26) Metaspace: 16472K(17664K)->16472K(17664K) NonClass: 13128K(13696K)->13128K(13696K) Class: 3343K(3968K)->3343K(3968K)
[24.983s][info][gc          ] GC(26) Pause Full (System.gc()) 1573M->1573M(5634M) 810.077ms
[25.729s][info][gc,metaspace] GC(27) Metaspace: 16472K(17664K)->16472K(17664K) NonClass: 13128K(13696K)->13128K(13696K) Class: 3343K(3968K)->3343K(3968K)
[25.729s][info][gc          ] GC(27) Pause Full (System.gc()) 1573M->1573M(5634M) 745.990ms
[26.430s][info][gc,metaspace] GC(28) Metaspace: 16472K(17664K)->16472K(17664K) NonClass: 13128K(13696K)->13128K(13696K) Class: 3343K(3968K)->3343K(3968K)
[26.430s][info][gc          ] GC(28) Pause Full (System.gc()) 1573M->1573M(5634M) 700.565ms
[27.253s][info][gc,metaspace] GC(29) Metaspace: 16472K(17664K)->16472K(17664K) NonClass: 13128K(13696K)->13128K(13696K) Class: 3343K(3968K)->3343K(3968K)
[27.253s][info][gc          ] GC(29) Pause Full (System.gc()) 1573M->1573M(5634M) 822.855ms
[27.956s][info][gc,metaspace] GC(30) Metaspace: 16472K(17664K)->16472K(17664K) NonClass: 13128K(13696K)->13128K(13696K) Class: 3343K(3968K)->3343K(3968K)
[27.957s][info][gc          ] GC(30) Pause Full (System.gc()) 1573M->1573M(5634M) 699.012ms
[28.697s][info][gc,metaspace] GC(31) Metaspace: 16472K(17664K)->16472K(17664K) NonClass: 13128K(13696K)->13128K(13696K) Class: 3343K(3968K)->3343K(3968K)
[28.697s][info][gc          ] GC(31) Pause Full (System.gc()) 1573M->1573M(5634M) 740.052ms
[29.486s][info][gc,metaspace] GC(32) Metaspace: 16472K(17664K)->16472K(17664K) NonClass: 13128K(13696K)->13128K(13696K) Class: 3343K(3968K)->3343K(3968K)
[29.486s][info][gc          ] GC(32) Pause Full (System.gc()) 1573M->1573M(5634M) 789.511ms
[30.189s][info][gc,metaspace] GC(33) Metaspace: 16472K(17664K)->16472K(17664K) NonClass: 13128K(13696K)->13128K(13696K) Class: 3343K(3968K)->3343K(3968K)
[30.189s][info][gc          ] GC(33) Pause Full (System.gc()) 1573M->1573M(5634M) 702.592ms
[30.937s][info][gc,metaspace] GC(34) Metaspace: 16472K(17664K)->16472K(17664K) NonClass: 13128K(13696K)->13128K(13696K) Class: 3343K(3968K)->3343K(3968K)
[30.937s][info][gc          ] GC(34) Pause Full (System.gc()) 1573M->1573M(5634M) 747.999ms
[31.665s][info][gc,metaspace] GC(35) Metaspace: 16472K(17664K)->16472K(17664K) NonClass: 13128K(13696K)->13128K(13696K) Class: 3343K(3968K)->3343K(3968K)
[31.665s][info][gc          ] GC(35) Pause Full (System.gc()) 1573M->1573M(5634M) 728.296ms
[32.381s][info][gc,metaspace] GC(36) Metaspace: 16472K(17664K)->16472K(17664K) NonClass: 13128K(13696K)->13128K(13696K) Class: 3343K(3968K)->3343K(3968K)
[32.381s][info][gc          ] GC(36) Pause Full (System.gc()) 1573M->1573M(5634M) 715.901ms
[33.102s][info][gc,metaspace] GC(37) Metaspace: 16472K(17664K)->16472K(17664K) NonClass: 13128K(13696K)->13128K(13696K) Class: 3343K(3968K)->3343K(3968K)
[33.102s][info][gc          ] GC(37) Pause Full (System.gc()) 1573M->1573M(5634M) 720.330ms
[33.943s][info][gc,metaspace] GC(38) Metaspace: 16472K(17664K)->16472K(17664K) NonClass: 13128K(13696K)->13128K(13696K) Class: 3343K(3968K)->3343K(3968K)
[33.943s][info][gc          ] GC(38) Pause Full (System.gc()) 1573M->1573M(5634M) 841.189ms
[34.677s][info][gc,metaspace] GC(39) Metaspace: 16472K(17664K)->16472K(17664K) NonClass: 13128K(13696K)->13128K(13696K) Class: 3343K(3968K)->3343K(3968K)
[34.677s][info][gc          ] GC(39) Pause Full (System.gc()) 1573M->1573M(5634M) 733.674ms
[35.405s][info][gc,metaspace] GC(40) Metaspace: 16472K(17664K)->16472K(17664K) NonClass: 13128K(13696K)->13128K(13696K) Class: 3343K(3968K)->3343K(3968K)
[35.405s][info][gc          ] GC(40) Pause Full (System.gc()) 1573M->1573M(5634M) 727.766ms
[36.130s][info][gc,metaspace] GC(41) Metaspace: 16472K(17664K)->16472K(17664K) NonClass: 13128K(13696K)->13128K(13696K) Class: 3343K(3968K)->3343K(3968K)
[36.130s][info][gc          ] GC(41) Pause Full (System.gc()) 1573M->1573M(5634M) 725.232ms
[36.924s][info][gc,metaspace] GC(42) Metaspace: 16472K(17664K)->16472K(17664K) NonClass: 13128K(13696K)->13128K(13696K) Class: 3343K(3968K)->3343K(3968K)
[36.924s][info][gc          ] GC(42) Pause Full (System.gc()) 1573M->1573M(5634M) 794.250ms
[37.632s][info][gc,metaspace] GC(43) Metaspace: 16472K(17664K)->16472K(17664K) NonClass: 13128K(13696K)->13128K(13696K) Class: 3343K(3968K)->3343K(3968K)
[37.632s][info][gc          ] GC(43) Pause Full (System.gc()) 1573M->1573M(5634M) 707.745ms
[38.356s][info][gc,metaspace] GC(44) Metaspace: 16472K(17664K)->16472K(17664K) NonClass: 13128K(13696K)->13128K(13696K) Class: 3343K(3968K)->3343K(3968K)
[38.356s][info][gc          ] GC(44) Pause Full (System.gc()) 1573M->1573M(5634M) 719.816ms
[39.084s][info][gc,metaspace] GC(45) Metaspace: 16472K(17664K)->16472K(17664K) NonClass: 13128K(13696K)->13128K(13696K) Class: 3343K(3968K)->3343K(3968K)
[39.084s][info][gc          ] GC(45) Pause Full (System.gc()) 1573M->1573M(5634M) 728.048ms
[39.882s][info][gc,metaspace] GC(46) Metaspace: 16472K(17664K)->16472K(17664K) NonClass: 13128K(13696K)->13128K(13696K) Class: 3343K(3968K)->3343K(3968K)
[39.882s][info][gc          ] GC(46) Pause Full (System.gc()) 1573M->1573M(5634M) 797.058ms
[40.594s][info][gc,metaspace] GC(47) Metaspace: 16472K(17664K)->16472K(17664K) NonClass: 13128K(13696K)->13128K(13696K) Class: 3343K(3968K)->3343K(3968K)
[40.594s][info][gc          ] GC(47) Pause Full (System.gc()) 1573M->1573M(5634M) 712.501ms
[41.307s][info][gc,metaspace] GC(48) Metaspace: 16472K(17664K)->16472K(17664K) NonClass: 13128K(13696K)->13128K(13696K) Class: 3343K(3968K)->3343K(3968K)
[41.307s][info][gc          ] GC(48) Pause Full (System.gc()) 1573M->1573M(5634M) 712.747ms
[42.050s][info][gc,metaspace] GC(49) Metaspace: 16472K(17664K)->16472K(17664K) NonClass: 13128K(13696K)->13128K(13696K) Class: 3343K(3968K)->3343K(3968K)
[42.050s][info][gc          ] GC(49) Pause Full (System.gc()) 1573M->1573M(5634M) 742.835ms
[42.793s][info][gc,metaspace] GC(50) Metaspace: 16472K(17664K)->16472K(17664K) NonClass: 13128K(13696K)->13128K(13696K) Class: 3343K(3968K)->3343K(3968K)
[42.793s][info][gc          ] GC(50) Pause Full (System.gc()) 1573M->1573M(5634M) 743.329ms
[43.499s][info][gc,metaspace] GC(51) Metaspace: 16472K(17664K)->16472K(17664K) NonClass: 13128K(13696K)->13128K(13696K) Class: 3343K(3968K)->3343K(3968K)
[43.499s][info][gc          ] GC(51) Pause Full (System.gc()) 1573M->1573M(5634M) 701.112ms
[44.215s][info][gc,metaspace] GC(52) Metaspace: 16472K(17664K)->16472K(17664K) NonClass: 13128K(13696K)->13128K(13696K) Class: 3343K(3968K)->3343K(3968K)
[44.215s][info][gc          ] GC(52) Pause Full (System.gc()) 1573M->1573M(5634M) 716.050ms
[45.058s][info][gc,metaspace] GC(53) Metaspace: 16472K(17664K)->16472K(17664K) NonClass: 13128K(13696K)->13128K(13696K) Class: 3343K(3968K)->3343K(3968K)
[45.058s][info][gc          ] GC(53) Pause Full (System.gc()) 1573M->1573M(5634M) 842.942ms
[45.803s][info][gc,metaspace] GC(54) Metaspace: 16472K(17664K)->16472K(17664K) NonClass: 13128K(13696K)->13128K(13696K) Class: 3343K(3968K)->3343K(3968K)
[45.803s][info][gc          ] GC(54) Pause Full (System.gc()) 1573M->1573M(5634M) 745.274ms
[46.505s][info][gc,metaspace] GC(55) Metaspace: 16472K(17664K)->16472K(17664K) NonClass: 13128K(13696K)->13128K(13696K) Class: 3343K(3968K)->3343K(3968K)
[46.505s][info][gc          ] GC(55) Pause Full (System.gc()) 1573M->1573M(5634M) 701.881ms
[47.221s][info][gc,metaspace] GC(56) Metaspace: 16472K(17664K)->16472K(17664K) NonClass: 13128K(13696K)->13128K(13696K) Class: 3343K(3968K)->3343K(3968K)
[47.221s][info][gc          ] GC(56) Pause Full (System.gc()) 1573M->1573M(5634M) 715.272ms
[48.001s][info][gc,metaspace] GC(57) Metaspace: 16472K(17664K)->16472K(17664K) NonClass: 13128K(13696K)->13128K(13696K) Class: 3343K(3968K)->3343K(3968K)
[48.001s][info][gc          ] GC(57) Pause Full (System.gc()) 1573M->1573M(5634M) 779.904ms
[48.740s][info][gc,metaspace] GC(58) Metaspace: 16472K(17664K)->16472K(17664K) NonClass: 13128K(13696K)->13128K(13696K) Class: 3343K(3968K)->3343K(3968K)
[48.740s][info][gc          ] GC(58) Pause Full (System.gc()) 1573M->1573M(5634M) 738.975ms
[49.477s][info][gc,metaspace] GC(59) Metaspace: 16472K(17664K)->16472K(17664K) NonClass: 13128K(13696K)->13128K(13696K) Class: 3343K(3968K)->3343K(3968K)
[49.477s][info][gc          ] GC(59) Pause Full (System.gc()) 1573M->1573M(5634M) 737.009ms
[50.188s][info][gc,metaspace] GC(60) Metaspace: 16472K(17664K)->16472K(17664K) NonClass: 13128K(13696K)->13128K(13696K) Class: 3343K(3968K)->3343K(3968K)
[50.188s][info][gc          ] GC(60) Pause Full (System.gc()) 1573M->1573M(5634M) 711.000ms
[50.919s][info][gc,metaspace] GC(61) Metaspace: 16472K(17664K)->16472K(17664K) NonClass: 13128K(13696K)->13128K(13696K) Class: 3343K(3968K)->3343K(3968K)
[50.919s][info][gc          ] GC(61) Pause Full (System.gc()) 1573M->1573M(5634M) 731.132ms
[51.686s][info][gc,metaspace] GC(62) Metaspace: 16472K(17664K)->16472K(17664K) NonClass: 13128K(13696K)->13128K(13696K) Class: 3343K(3968K)->3343K(3968K)
[51.687s][info][gc          ] GC(62) Pause Full (System.gc()) 1573M->1573M(5634M) 767.110ms
[52.378s][info][gc,metaspace] GC(63) Metaspace: 16472K(17664K)->16472K(17664K) NonClass: 13128K(13696K)->13128K(13696K) Class: 3343K(3968K)->3343K(3968K)
[52.378s][info][gc          ] GC(63) Pause Full (System.gc()) 1573M->1573M(5634M) 691.833ms
[53.105s][info][gc,metaspace] GC(64) Metaspace: 16472K(17664K)->16472K(17664K) NonClass: 13128K(13696K)->13128K(13696K) Class: 3343K(3968K)->3343K(3968K)
[53.105s][info][gc          ] GC(64) Pause Full (System.gc()) 1573M->1573M(5634M) 726.109ms
[53.948s][info][gc,metaspace] GC(65) Metaspace: 16472K(17664K)->16472K(17664K) NonClass: 13128K(13696K)->13128K(13696K) Class: 3343K(3968K)->3343K(3968K)
[53.948s][info][gc          ] GC(65) Pause Full (System.gc()) 1573M->1573M(5634M) 843.300ms
After GCs... 
