Done; will start GCs... 
[15.271s][info   ][gc,metaspace] GC(14) Metaspace: 11470K(11648K)->11470K(11648K) NonClass: 9643K(9728K)->9643K(9728K) Class: 1827K(1920K)->1827K(1920K)
[15.271s][info   ][gc          ] GC(14) Pause Full (System.gc()) 1592M->1571M(5194M) 1078.995ms
[16.353s][info   ][gc,metaspace] GC(15) Metaspace: 11470K(11648K)->11470K(11648K) NonClass: 9643K(9728K)->9643K(9728K) Class: 1827K(1920K)->1827K(1920K)
[16.353s][info   ][gc          ] GC(15) Pause Full (System.gc()) 1571M->1571M(5194M) 1081.822ms
[17.472s][info   ][gc,metaspace] GC(16) Metaspace: 11470K(11648K)->11470K(11648K) NonClass: 9643K(9728K)->9643K(9728K) Class: 1827K(1920K)->1827K(1920K)
[17.472s][info   ][gc          ] GC(16) Pause Full (System.gc()) 1571M->1571M(5194M) 1118.010ms
[18.568s][info   ][gc,metaspace] GC(17) Metaspace: 11470K(11648K)->11470K(11648K) NonClass: 9643K(9728K)->9643K(9728K) Class: 1827K(1920K)->1827K(1920K)
[18.568s][info   ][gc          ] GC(17) Pause Full (System.gc()) 1571M->1571M(5194M) 1096.678ms
[19.642s][info   ][gc,metaspace] GC(18) Metaspace: 11470K(11648K)->11470K(11648K) NonClass: 9643K(9728K)->9643K(9728K) Class: 1827K(1920K)->1827K(1920K)
[19.642s][info   ][gc          ] GC(18) Pause Full (System.gc()) 1571M->1571M(5194M) 1073.097ms
[20.723s][info   ][gc,metaspace] GC(19) Metaspace: 11470K(11648K)->11470K(11648K) NonClass: 9643K(9728K)->9643K(9728K) Class: 1827K(1920K)->1827K(1920K)
[20.723s][info   ][gc          ] GC(19) Pause Full (System.gc()) 1571M->1571M(5194M) 1081.237ms
[21.805s][info   ][gc,metaspace] GC(20) Metaspace: 11470K(11648K)->11470K(11648K) NonClass: 9643K(9728K)->9643K(9728K) Class: 1827K(1920K)->1827K(1920K)
[21.805s][info   ][gc          ] GC(20) Pause Full (System.gc()) 1571M->1571M(5194M) 1081.589ms
[22.874s][info   ][gc,metaspace] GC(21) Metaspace: 11470K(11648K)->11470K(11648K) NonClass: 9643K(9728K)->9643K(9728K) Class: 1827K(1920K)->1827K(1920K)
[22.874s][info   ][gc          ] GC(21) Pause Full (System.gc()) 1571M->1571M(5194M) 1068.753ms
[23.978s][info   ][gc,metaspace] GC(22) Metaspace: 11470K(11648K)->11470K(11648K) NonClass: 9643K(9728K)->9643K(9728K) Class: 1827K(1920K)->1827K(1920K)
[23.978s][info   ][gc          ] GC(22) Pause Full (System.gc()) 1571M->1571M(5194M) 1103.836ms
[25.055s][info   ][gc,metaspace] GC(23) Metaspace: 11470K(11648K)->11470K(11648K) NonClass: 9643K(9728K)->9643K(9728K) Class: 1827K(1920K)->1827K(1920K)
[25.055s][info   ][gc          ] GC(23) Pause Full (System.gc()) 1571M->1571M(5194M) 1076.601ms
[26.137s][info   ][gc,metaspace] GC(24) Metaspace: 11470K(11648K)->11470K(11648K) NonClass: 9643K(9728K)->9643K(9728K) Class: 1827K(1920K)->1827K(1920K)
[26.137s][info   ][gc          ] GC(24) Pause Full (System.gc()) 1571M->1571M(5194M) 1082.077ms
[27.225s][info   ][gc,metaspace] GC(25) Metaspace: 11470K(11648K)->11470K(11648K) NonClass: 9643K(9728K)->9643K(9728K) Class: 1827K(1920K)->1827K(1920K)
[27.226s][info   ][gc          ] GC(25) Pause Full (System.gc()) 1571M->1571M(5194M) 1087.608ms
[28.308s][info   ][gc,metaspace] GC(26) Metaspace: 11470K(11648K)->11470K(11648K) NonClass: 9643K(9728K)->9643K(9728K) Class: 1827K(1920K)->1827K(1920K)
[28.308s][info   ][gc          ] GC(26) Pause Full (System.gc()) 1571M->1571M(5194M) 1082.147ms
[29.388s][info   ][gc,metaspace] GC(27) Metaspace: 11470K(11648K)->11470K(11648K) NonClass: 9643K(9728K)->9643K(9728K) Class: 1827K(1920K)->1827K(1920K)
[29.388s][info   ][gc          ] GC(27) Pause Full (System.gc()) 1571M->1571M(5194M) 1080.174ms
[30.505s][info   ][gc,metaspace] GC(28) Metaspace: 11470K(11648K)->11470K(11648K) NonClass: 9643K(9728K)->9643K(9728K) Class: 1827K(1920K)->1827K(1920K)
[30.506s][info   ][gc          ] GC(28) Pause Full (System.gc()) 1571M->1571M(5194M) 1117.429ms
[31.607s][info   ][gc,metaspace] GC(29) Metaspace: 11470K(11648K)->11470K(11648K) NonClass: 9643K(9728K)->9643K(9728K) Class: 1827K(1920K)->1827K(1920K)
[31.607s][info   ][gc          ] GC(29) Pause Full (System.gc()) 1571M->1571M(5194M) 1101.126ms
[32.686s][info   ][gc,metaspace] GC(30) Metaspace: 11470K(11648K)->11470K(11648K) NonClass: 9643K(9728K)->9643K(9728K) Class: 1827K(1920K)->1827K(1920K)
[32.686s][info   ][gc          ] GC(30) Pause Full (System.gc()) 1571M->1571M(5194M) 1079.487ms
[33.764s][info   ][gc,metaspace] GC(31) Metaspace: 11470K(11648K)->11470K(11648K) NonClass: 9643K(9728K)->9643K(9728K) Class: 1827K(1920K)->1827K(1920K)
[33.765s][info   ][gc          ] GC(31) Pause Full (System.gc()) 1571M->1571M(5194M) 1078.060ms
[34.846s][info   ][gc,metaspace] GC(32) Metaspace: 11470K(11648K)->11470K(11648K) NonClass: 9643K(9728K)->9643K(9728K) Class: 1827K(1920K)->1827K(1920K)
[34.847s][info   ][gc          ] GC(32) Pause Full (System.gc()) 1571M->1571M(5194M) 1081.899ms
[35.919s][info   ][gc,metaspace] GC(33) Metaspace: 11470K(11648K)->11470K(11648K) NonClass: 9643K(9728K)->9643K(9728K) Class: 1827K(1920K)->1827K(1920K)
[35.919s][info   ][gc          ] GC(33) Pause Full (System.gc()) 1571M->1571M(5194M) 1072.859ms
[37.017s][info   ][gc,metaspace] GC(34) Metaspace: 11470K(11648K)->11470K(11648K) NonClass: 9643K(9728K)->9643K(9728K) Class: 1827K(1920K)->1827K(1920K)
[37.017s][info   ][gc          ] GC(34) Pause Full (System.gc()) 1571M->1571M(5194M) 1097.715ms
[38.097s][info   ][gc,metaspace] GC(35) Metaspace: 11470K(11648K)->11470K(11648K) NonClass: 9643K(9728K)->9643K(9728K) Class: 1827K(1920K)->1827K(1920K)
[38.097s][info   ][gc          ] GC(35) Pause Full (System.gc()) 1571M->1571M(5194M) 1078.429ms
[39.179s][info   ][gc,metaspace] GC(36) Metaspace: 11470K(11648K)->11470K(11648K) NonClass: 9643K(9728K)->9643K(9728K) Class: 1827K(1920K)->1827K(1920K)
[39.179s][info   ][gc          ] GC(36) Pause Full (System.gc()) 1571M->1571M(5194M) 1082.339ms
[40.264s][info   ][gc,metaspace] GC(37) Metaspace: 11470K(11648K)->11470K(11648K) NonClass: 9643K(9728K)->9643K(9728K) Class: 1827K(1920K)->1827K(1920K)
[40.264s][info   ][gc          ] GC(37) Pause Full (System.gc()) 1571M->1571M(5194M) 1084.535ms
[41.341s][info   ][gc,metaspace] GC(38) Metaspace: 11470K(11648K)->11470K(11648K) NonClass: 9643K(9728K)->9643K(9728K) Class: 1827K(1920K)->1827K(1920K)
[41.341s][info   ][gc          ] GC(38) Pause Full (System.gc()) 1571M->1571M(5194M) 1077.258ms
[42.471s][info   ][gc,metaspace] GC(39) Metaspace: 11470K(11648K)->11470K(11648K) NonClass: 9643K(9728K)->9643K(9728K) Class: 1827K(1920K)->1827K(1920K)
[42.471s][info   ][gc          ] GC(39) Pause Full (System.gc()) 1571M->1571M(5194M) 1129.597ms
[43.571s][info   ][gc,metaspace] GC(40) Metaspace: 11470K(11648K)->11470K(11648K) NonClass: 9643K(9728K)->9643K(9728K) Class: 1827K(1920K)->1827K(1920K)
[43.571s][info   ][gc          ] GC(40) Pause Full (System.gc()) 1571M->1571M(5194M) 1100.241ms
[44.652s][info   ][gc,metaspace] GC(41) Metaspace: 11470K(11648K)->11470K(11648K) NonClass: 9643K(9728K)->9643K(9728K) Class: 1827K(1920K)->1827K(1920K)
[44.652s][info   ][gc          ] GC(41) Pause Full (System.gc()) 1571M->1571M(5194M) 1080.662ms
[45.736s][info   ][gc,metaspace] GC(42) Metaspace: 11470K(11648K)->11470K(11648K) NonClass: 9643K(9728K)->9643K(9728K) Class: 1827K(1920K)->1827K(1920K)
[45.736s][info   ][gc          ] GC(42) Pause Full (System.gc()) 1571M->1571M(5194M) 1083.943ms
[46.815s][info   ][gc,metaspace] GC(43) Metaspace: 11470K(11648K)->11470K(11648K) NonClass: 9643K(9728K)->9643K(9728K) Class: 1827K(1920K)->1827K(1920K)
[46.815s][info   ][gc          ] GC(43) Pause Full (System.gc()) 1571M->1571M(5194M) 1079.612ms
[47.896s][info   ][gc,metaspace] GC(44) Metaspace: 11470K(11648K)->11470K(11648K) NonClass: 9643K(9728K)->9643K(9728K) Class: 1827K(1920K)->1827K(1920K)
[47.896s][info   ][gc          ] GC(44) Pause Full (System.gc()) 1571M->1571M(5194M) 1080.408ms
[48.980s][info   ][gc,metaspace] GC(45) Metaspace: 11470K(11648K)->11470K(11648K) NonClass: 9643K(9728K)->9643K(9728K) Class: 1827K(1920K)->1827K(1920K)
[48.980s][info   ][gc          ] GC(45) Pause Full (System.gc()) 1571M->1571M(5194M) 1084.302ms
[50.069s][info   ][gc,metaspace] GC(46) Metaspace: 11470K(11648K)->11470K(11648K) NonClass: 9643K(9728K)->9643K(9728K) Class: 1827K(1920K)->1827K(1920K)
[50.069s][info   ][gc          ] GC(46) Pause Full (System.gc()) 1571M->1571M(5194M) 1088.706ms
[51.152s][info   ][gc,metaspace] GC(47) Metaspace: 11470K(11648K)->11470K(11648K) NonClass: 9643K(9728K)->9643K(9728K) Class: 1827K(1920K)->1827K(1920K)
[51.152s][info   ][gc          ] GC(47) Pause Full (System.gc()) 1571M->1571M(5194M) 1082.304ms
[52.230s][info   ][gc,metaspace] GC(48) Metaspace: 11470K(11648K)->11470K(11648K) NonClass: 9643K(9728K)->9643K(9728K) Class: 1827K(1920K)->1827K(1920K)
[52.230s][info   ][gc          ] GC(48) Pause Full (System.gc()) 1571M->1571M(5194M) 1078.294ms
[53.311s][info   ][gc,metaspace] GC(49) Metaspace: 11470K(11648K)->11470K(11648K) NonClass: 9643K(9728K)->9643K(9728K) Class: 1827K(1920K)->1827K(1920K)
[53.311s][info   ][gc          ] GC(49) Pause Full (System.gc()) 1571M->1571M(5194M) 1080.964ms
[54.390s][info   ][gc,metaspace] GC(50) Metaspace: 11470K(11648K)->11470K(11648K) NonClass: 9643K(9728K)->9643K(9728K) Class: 1827K(1920K)->1827K(1920K)
[54.390s][info   ][gc          ] GC(50) Pause Full (System.gc()) 1571M->1571M(5194M) 1078.875ms
[55.515s][info   ][gc,metaspace] GC(51) Metaspace: 11470K(11648K)->11470K(11648K) NonClass: 9643K(9728K)->9643K(9728K) Class: 1827K(1920K)->1827K(1920K)
[55.515s][info   ][gc          ] GC(51) Pause Full (System.gc()) 1571M->1571M(5194M) 1125.092ms
[56.608s][info   ][gc,metaspace] GC(52) Metaspace: 11470K(11648K)->11470K(11648K) NonClass: 9643K(9728K)->9643K(9728K) Class: 1827K(1920K)->1827K(1920K)
[56.609s][info   ][gc          ] GC(52) Pause Full (System.gc()) 1571M->1571M(5194M) 1093.253ms
[57.682s][info   ][gc,metaspace] GC(53) Metaspace: 11470K(11648K)->11470K(11648K) NonClass: 9643K(9728K)->9643K(9728K) Class: 1827K(1920K)->1827K(1920K)
[57.682s][info   ][gc          ] GC(53) Pause Full (System.gc()) 1571M->1571M(5194M) 1073.656ms
[58.762s][info   ][gc,metaspace] GC(54) Metaspace: 11470K(11648K)->11470K(11648K) NonClass: 9643K(9728K)->9643K(9728K) Class: 1827K(1920K)->1827K(1920K)
[58.762s][info   ][gc          ] GC(54) Pause Full (System.gc()) 1571M->1571M(5194M) 1079.210ms
[59.842s][info   ][gc,metaspace] GC(55) Metaspace: 11470K(11648K)->11470K(11648K) NonClass: 9643K(9728K)->9643K(9728K) Class: 1827K(1920K)->1827K(1920K)
[59.842s][info   ][gc          ] GC(55) Pause Full (System.gc()) 1571M->1571M(5194M) 1080.676ms
[60.912s][info   ][gc,metaspace] GC(56) Metaspace: 11470K(11648K)->11470K(11648K) NonClass: 9643K(9728K)->9643K(9728K) Class: 1827K(1920K)->1827K(1920K)
[60.912s][info   ][gc          ] GC(56) Pause Full (System.gc()) 1571M->1571M(5194M) 1069.577ms
[61.992s][info   ][gc,metaspace] GC(57) Metaspace: 11470K(11648K)->11470K(11648K) NonClass: 9643K(9728K)->9643K(9728K) Class: 1827K(1920K)->1827K(1920K)
[61.992s][info   ][gc          ] GC(57) Pause Full (System.gc()) 1571M->1571M(5194M) 1080.225ms
[63.074s][info   ][gc,metaspace] GC(58) Metaspace: 11470K(11648K)->11470K(11648K) NonClass: 9643K(9728K)->9643K(9728K) Class: 1827K(1920K)->1827K(1920K)
[63.074s][info   ][gc          ] GC(58) Pause Full (System.gc()) 1571M->1571M(5194M) 1081.242ms
[64.525s][info   ][gc,metaspace] GC(59) Metaspace: 11470K(11648K)->11470K(11648K) NonClass: 9643K(9728K)->9643K(9728K) Class: 1827K(1920K)->1827K(1920K)
[64.525s][info   ][gc          ] GC(59) Pause Full (System.gc()) 1571M->1571M(5194M) 1450.856ms
[65.624s][info   ][gc,metaspace] GC(60) Metaspace: 11470K(11648K)->11470K(11648K) NonClass: 9643K(9728K)->9643K(9728K) Class: 1827K(1920K)->1827K(1920K)
[65.624s][info   ][gc          ] GC(60) Pause Full (System.gc()) 1582M->1571M(5194M) 1099.182ms
[66.715s][info   ][gc,metaspace] GC(61) Metaspace: 11470K(11648K)->11470K(11648K) NonClass: 9643K(9728K)->9643K(9728K) Class: 1827K(1920K)->1827K(1920K)
[66.715s][info   ][gc          ] GC(61) Pause Full (System.gc()) 1571M->1571M(5194M) 1091.242ms
[67.800s][info   ][gc,metaspace] GC(62) Metaspace: 11470K(11648K)->11470K(11648K) NonClass: 9643K(9728K)->9643K(9728K) Class: 1827K(1920K)->1827K(1920K)
[67.800s][info   ][gc          ] GC(62) Pause Full (System.gc()) 1571M->1571M(5194M) 1084.186ms
[68.876s][info   ][gc,metaspace] GC(63) Metaspace: 11470K(11648K)->11470K(11648K) NonClass: 9643K(9728K)->9643K(9728K) Class: 1827K(1920K)->1827K(1920K)
[68.876s][info   ][gc          ] GC(63) Pause Full (System.gc()) 1571M->1571M(5194M) 1076.492ms
After GCs... 
