Done; will start GCs... 
[15.327s][info   ][gc,metaspace] GC(14) Metaspace: 11426K(11648K)->11426K(11648K) NonClass: 9598K(9728K)->9598K(9728K) Class: 1828K(1920K)->1828K(1920K)
[15.327s][info   ][gc          ] GC(14) Pause Full (System.gc()) 1592M->1571M(5195M) 1106.357ms
[16.437s][info   ][gc,metaspace] GC(15) Metaspace: 11426K(11648K)->11426K(11648K) NonClass: 9598K(9728K)->9598K(9728K) Class: 1828K(1920K)->1828K(1920K)
[16.437s][info   ][gc          ] GC(15) Pause Full (System.gc()) 1571M->1571M(5195M) 1109.973ms
[17.599s][info   ][gc,metaspace] GC(16) Metaspace: 11426K(11648K)->11426K(11648K) NonClass: 9598K(9728K)->9598K(9728K) Class: 1828K(1920K)->1828K(1920K)
[17.599s][info   ][gc          ] GC(16) Pause Full (System.gc()) 1571M->1571M(5195M) 1161.351ms
[18.712s][info   ][gc,metaspace] GC(17) Metaspace: 11426K(11648K)->11426K(11648K) NonClass: 9598K(9728K)->9598K(9728K) Class: 1828K(1920K)->1828K(1920K)
[18.712s][info   ][gc          ] GC(17) Pause Full (System.gc()) 1571M->1571M(5195M) 1112.378ms
[19.820s][info   ][gc,metaspace] GC(18) Metaspace: 11426K(11648K)->11426K(11648K) NonClass: 9598K(9728K)->9598K(9728K) Class: 1828K(1920K)->1828K(1920K)
[19.820s][info   ][gc          ] GC(18) Pause Full (System.gc()) 1571M->1571M(5195M) 1108.353ms
[20.930s][info   ][gc,metaspace] GC(19) Metaspace: 11426K(11648K)->11426K(11648K) NonClass: 9598K(9728K)->9598K(9728K) Class: 1828K(1920K)->1828K(1920K)
[20.930s][info   ][gc          ] GC(19) Pause Full (System.gc()) 1571M->1571M(5195M) 1109.508ms
[22.026s][info   ][gc,metaspace] GC(20) Metaspace: 11426K(11648K)->11426K(11648K) NonClass: 9598K(9728K)->9598K(9728K) Class: 1828K(1920K)->1828K(1920K)
[22.026s][info   ][gc          ] GC(20) Pause Full (System.gc()) 1571M->1571M(5195M) 1095.755ms
[23.135s][info   ][gc,metaspace] GC(21) Metaspace: 11426K(11648K)->11426K(11648K) NonClass: 9598K(9728K)->9598K(9728K) Class: 1828K(1920K)->1828K(1920K)
[23.135s][info   ][gc          ] GC(21) Pause Full (System.gc()) 1571M->1571M(5195M) 1108.072ms
[24.247s][info   ][gc,metaspace] GC(22) Metaspace: 11426K(11648K)->11426K(11648K) NonClass: 9598K(9728K)->9598K(9728K) Class: 1828K(1920K)->1828K(1920K)
[24.247s][info   ][gc          ] GC(22) Pause Full (System.gc()) 1571M->1571M(5195M) 1112.529ms
[25.357s][info   ][gc,metaspace] GC(23) Metaspace: 11426K(11648K)->11426K(11648K) NonClass: 9598K(9728K)->9598K(9728K) Class: 1828K(1920K)->1828K(1920K)
[25.357s][info   ][gc          ] GC(23) Pause Full (System.gc()) 1571M->1571M(5195M) 1109.170ms
[26.466s][info   ][gc,metaspace] GC(24) Metaspace: 11426K(11648K)->11426K(11648K) NonClass: 9598K(9728K)->9598K(9728K) Class: 1828K(1920K)->1828K(1920K)
[26.466s][info   ][gc          ] GC(24) Pause Full (System.gc()) 1571M->1571M(5195M) 1109.312ms
[27.614s][info   ][gc,metaspace] GC(25) Metaspace: 11426K(11648K)->11426K(11648K) NonClass: 9598K(9728K)->9598K(9728K) Class: 1828K(1920K)->1828K(1920K)
[27.614s][info   ][gc          ] GC(25) Pause Full (System.gc()) 1571M->1571M(5195M) 1148.183ms
[28.725s][info   ][gc,metaspace] GC(26) Metaspace: 11426K(11648K)->11426K(11648K) NonClass: 9598K(9728K)->9598K(9728K) Class: 1828K(1920K)->1828K(1920K)
[28.725s][info   ][gc          ] GC(26) Pause Full (System.gc()) 1571M->1571M(5195M) 1111.054ms
[29.845s][info   ][gc,metaspace] GC(27) Metaspace: 11426K(11648K)->11426K(11648K) NonClass: 9598K(9728K)->9598K(9728K) Class: 1828K(1920K)->1828K(1920K)
[29.845s][info   ][gc          ] GC(27) Pause Full (System.gc()) 1571M->1571M(5195M) 1119.322ms
[30.955s][info   ][gc,metaspace] GC(28) Metaspace: 11426K(11648K)->11426K(11648K) NonClass: 9598K(9728K)->9598K(9728K) Class: 1828K(1920K)->1828K(1920K)
[30.955s][info   ][gc          ] GC(28) Pause Full (System.gc()) 1571M->1571M(5195M) 1110.057ms
[32.078s][info   ][gc,metaspace] GC(29) Metaspace: 11426K(11648K)->11426K(11648K) NonClass: 9598K(9728K)->9598K(9728K) Class: 1828K(1920K)->1828K(1920K)
[32.078s][info   ][gc          ] GC(29) Pause Full (System.gc()) 1571M->1571M(5195M) 1122.517ms
[33.188s][info   ][gc,metaspace] GC(30) Metaspace: 11426K(11648K)->11426K(11648K) NonClass: 9598K(9728K)->9598K(9728K) Class: 1828K(1920K)->1828K(1920K)
[33.188s][info   ][gc          ] GC(30) Pause Full (System.gc()) 1571M->1571M(5195M) 1110.014ms
[34.296s][info   ][gc,metaspace] GC(31) Metaspace: 11426K(11648K)->11426K(11648K) NonClass: 9598K(9728K)->9598K(9728K) Class: 1828K(1920K)->1828K(1920K)
[34.296s][info   ][gc          ] GC(31) Pause Full (System.gc()) 1571M->1571M(5195M) 1106.987ms
[35.404s][info   ][gc,metaspace] GC(32) Metaspace: 11426K(11648K)->11426K(11648K) NonClass: 9598K(9728K)->9598K(9728K) Class: 1828K(1920K)->1828K(1920K)
[35.404s][info   ][gc          ] GC(32) Pause Full (System.gc()) 1571M->1571M(5195M) 1108.710ms
[36.567s][info   ][gc,metaspace] GC(33) Metaspace: 11426K(11648K)->11426K(11648K) NonClass: 9598K(9728K)->9598K(9728K) Class: 1828K(1920K)->1828K(1920K)
[36.567s][info   ][gc          ] GC(33) Pause Full (System.gc()) 1571M->1571M(5195M) 1162.377ms
[37.695s][info   ][gc,metaspace] GC(34) Metaspace: 11426K(11648K)->11426K(11648K) NonClass: 9598K(9728K)->9598K(9728K) Class: 1828K(1920K)->1828K(1920K)
[37.695s][info   ][gc          ] GC(34) Pause Full (System.gc()) 1571M->1571M(5195M) 1127.673ms
[38.811s][info   ][gc,metaspace] GC(35) Metaspace: 11426K(11648K)->11426K(11648K) NonClass: 9598K(9728K)->9598K(9728K) Class: 1828K(1920K)->1828K(1920K)
[38.811s][info   ][gc          ] GC(35) Pause Full (System.gc()) 1571M->1571M(5195M) 1116.488ms
[39.931s][info   ][gc,metaspace] GC(36) Metaspace: 11426K(11648K)->11426K(11648K) NonClass: 9598K(9728K)->9598K(9728K) Class: 1828K(1920K)->1828K(1920K)
[39.931s][info   ][gc          ] GC(36) Pause Full (System.gc()) 1571M->1571M(5195M) 1119.402ms
[41.029s][info   ][gc,metaspace] GC(37) Metaspace: 11426K(11648K)->11426K(11648K) NonClass: 9598K(9728K)->9598K(9728K) Class: 1828K(1920K)->1828K(1920K)
[41.029s][info   ][gc          ] GC(37) Pause Full (System.gc()) 1571M->1571M(5195M) 1098.167ms
[42.141s][info   ][gc,metaspace] GC(38) Metaspace: 11426K(11648K)->11426K(11648K) NonClass: 9598K(9728K)->9598K(9728K) Class: 1828K(1920K)->1828K(1920K)
[42.141s][info   ][gc          ] GC(38) Pause Full (System.gc()) 1571M->1571M(5195M) 1111.612ms
[43.250s][info   ][gc,metaspace] GC(39) Metaspace: 11426K(11648K)->11426K(11648K) NonClass: 9598K(9728K)->9598K(9728K) Class: 1828K(1920K)->1828K(1920K)
[43.250s][info   ][gc          ] GC(39) Pause Full (System.gc()) 1571M->1571M(5195M) 1109.388ms
[44.357s][info   ][gc,metaspace] GC(40) Metaspace: 11426K(11648K)->11426K(11648K) NonClass: 9598K(9728K)->9598K(9728K) Class: 1828K(1920K)->1828K(1920K)
[44.357s][info   ][gc          ] GC(40) Pause Full (System.gc()) 1571M->1571M(5195M) 1106.678ms
[45.465s][info   ][gc,metaspace] GC(41) Metaspace: 11426K(11648K)->11426K(11648K) NonClass: 9598K(9728K)->9598K(9728K) Class: 1828K(1920K)->1828K(1920K)
[45.465s][info   ][gc          ] GC(41) Pause Full (System.gc()) 1571M->1571M(5195M) 1107.259ms
[46.616s][info   ][gc,metaspace] GC(42) Metaspace: 11426K(11648K)->11426K(11648K) NonClass: 9598K(9728K)->9598K(9728K) Class: 1828K(1920K)->1828K(1920K)
[46.616s][info   ][gc          ] GC(42) Pause Full (System.gc()) 1571M->1571M(5195M) 1151.033ms
[47.737s][info   ][gc,metaspace] GC(43) Metaspace: 11426K(11648K)->11426K(11648K) NonClass: 9598K(9728K)->9598K(9728K) Class: 1828K(1920K)->1828K(1920K)
[47.737s][info   ][gc          ] GC(43) Pause Full (System.gc()) 1571M->1571M(5195M) 1120.515ms
[48.845s][info   ][gc,metaspace] GC(44) Metaspace: 11426K(11648K)->11426K(11648K) NonClass: 9598K(9728K)->9598K(9728K) Class: 1828K(1920K)->1828K(1920K)
[48.845s][info   ][gc          ] GC(44) Pause Full (System.gc()) 1571M->1571M(5195M) 1107.991ms
[49.954s][info   ][gc,metaspace] GC(45) Metaspace: 11426K(11648K)->11426K(11648K) NonClass: 9598K(9728K)->9598K(9728K) Class: 1828K(1920K)->1828K(1920K)
[49.954s][info   ][gc          ] GC(45) Pause Full (System.gc()) 1571M->1571M(5195M) 1109.320ms
[51.078s][info   ][gc,metaspace] GC(46) Metaspace: 11426K(11648K)->11426K(11648K) NonClass: 9598K(9728K)->9598K(9728K) Class: 1828K(1920K)->1828K(1920K)
[51.078s][info   ][gc          ] GC(46) Pause Full (System.gc()) 1571M->1571M(5195M) 1123.301ms
[52.186s][info   ][gc,metaspace] GC(47) Metaspace: 11426K(11648K)->11426K(11648K) NonClass: 9598K(9728K)->9598K(9728K) Class: 1828K(1920K)->1828K(1920K)
[52.186s][info   ][gc          ] GC(47) Pause Full (System.gc()) 1571M->1571M(5195M) 1108.122ms
[53.304s][info   ][gc,metaspace] GC(48) Metaspace: 11426K(11648K)->11426K(11648K) NonClass: 9598K(9728K)->9598K(9728K) Class: 1828K(1920K)->1828K(1920K)
[53.304s][info   ][gc          ] GC(48) Pause Full (System.gc()) 1571M->1571M(5195M) 1118.435ms
[54.416s][info   ][gc,metaspace] GC(49) Metaspace: 11426K(11648K)->11426K(11648K) NonClass: 9598K(9728K)->9598K(9728K) Class: 1828K(1920K)->1828K(1920K)
[54.416s][info   ][gc          ] GC(49) Pause Full (System.gc()) 1571M->1571M(5195M) 1111.867ms
[55.566s][info   ][gc,metaspace] GC(50) Metaspace: 11426K(11648K)->11426K(11648K) NonClass: 9598K(9728K)->9598K(9728K) Class: 1828K(1920K)->1828K(1920K)
[55.566s][info   ][gc          ] GC(50) Pause Full (System.gc()) 1571M->1571M(5195M) 1149.131ms
[56.670s][info   ][gc,metaspace] GC(51) Metaspace: 11426K(11648K)->11426K(11648K) NonClass: 9598K(9728K)->9598K(9728K) Class: 1828K(1920K)->1828K(1920K)
[56.670s][info   ][gc          ] GC(51) Pause Full (System.gc()) 1571M->1571M(5195M) 1103.977ms
[57.788s][info   ][gc,metaspace] GC(52) Metaspace: 11426K(11648K)->11426K(11648K) NonClass: 9598K(9728K)->9598K(9728K) Class: 1828K(1920K)->1828K(1920K)
[57.788s][info   ][gc          ] GC(52) Pause Full (System.gc()) 1571M->1571M(5195M) 1118.223ms
[58.898s][info   ][gc,metaspace] GC(53) Metaspace: 11426K(11648K)->11426K(11648K) NonClass: 9598K(9728K)->9598K(9728K) Class: 1828K(1920K)->1828K(1920K)
[58.898s][info   ][gc          ] GC(53) Pause Full (System.gc()) 1571M->1571M(5195M) 1109.570ms
[59.999s][info   ][gc,metaspace] GC(54) Metaspace: 11426K(11648K)->11426K(11648K) NonClass: 9598K(9728K)->9598K(9728K) Class: 1828K(1920K)->1828K(1920K)
[59.999s][info   ][gc          ] GC(54) Pause Full (System.gc()) 1571M->1571M(5195M) 1101.419ms
[61.109s][info   ][gc,metaspace] GC(55) Metaspace: 11426K(11648K)->11426K(11648K) NonClass: 9598K(9728K)->9598K(9728K) Class: 1828K(1920K)->1828K(1920K)
[61.109s][info   ][gc          ] GC(55) Pause Full (System.gc()) 1571M->1571M(5195M) 1109.905ms
[62.581s][info   ][gc,metaspace] GC(56) Metaspace: 11426K(11648K)->11426K(11648K) NonClass: 9598K(9728K)->9598K(9728K) Class: 1828K(1920K)->1828K(1920K)
[62.581s][info   ][gc          ] GC(56) Pause Full (System.gc()) 1571M->1571M(5195M) 1471.067ms
[63.711s][info   ][gc,metaspace] GC(57) Metaspace: 11426K(11648K)->11426K(11648K) NonClass: 9598K(9728K)->9598K(9728K) Class: 1828K(1920K)->1828K(1920K)
[63.711s][info   ][gc          ] GC(57) Pause Full (System.gc()) 1582M->1571M(5195M) 1129.432ms
[64.821s][info   ][gc,metaspace] GC(58) Metaspace: 11426K(11648K)->11426K(11648K) NonClass: 9598K(9728K)->9598K(9728K) Class: 1828K(1920K)->1828K(1920K)
[64.821s][info   ][gc          ] GC(58) Pause Full (System.gc()) 1571M->1571M(5195M) 1109.881ms
[65.932s][info   ][gc,metaspace] GC(59) Metaspace: 11426K(11648K)->11426K(11648K) NonClass: 9598K(9728K)->9598K(9728K) Class: 1828K(1920K)->1828K(1920K)
[65.932s][info   ][gc          ] GC(59) Pause Full (System.gc()) 1571M->1571M(5195M) 1111.687ms
[67.033s][info   ][gc,metaspace] GC(60) Metaspace: 11426K(11648K)->11426K(11648K) NonClass: 9598K(9728K)->9598K(9728K) Class: 1828K(1920K)->1828K(1920K)
[67.033s][info   ][gc          ] GC(60) Pause Full (System.gc()) 1571M->1571M(5195M) 1100.627ms
[68.143s][info   ][gc,metaspace] GC(61) Metaspace: 11426K(11648K)->11426K(11648K) NonClass: 9598K(9728K)->9598K(9728K) Class: 1828K(1920K)->1828K(1920K)
[68.143s][info   ][gc          ] GC(61) Pause Full (System.gc()) 1571M->1571M(5195M) 1109.421ms
[69.257s][info   ][gc,metaspace] GC(62) Metaspace: 11426K(11648K)->11426K(11648K) NonClass: 9598K(9728K)->9598K(9728K) Class: 1828K(1920K)->1828K(1920K)
[69.257s][info   ][gc          ] GC(62) Pause Full (System.gc()) 1571M->1571M(5195M) 1113.920ms
[70.367s][info   ][gc,metaspace] GC(63) Metaspace: 11426K(11648K)->11426K(11648K) NonClass: 9598K(9728K)->9598K(9728K) Class: 1828K(1920K)->1828K(1920K)
[70.367s][info   ][gc          ] GC(63) Pause Full (System.gc()) 1571M->1571M(5195M) 1109.971ms
After GCs... 
