Done; will start GCs... 
[15.179s][info   ][gc,metaspace] GC(16) Metaspace: 11429K(11648K)->11429K(11648K) NonClass: 10332K(10432K)->10332K(10432K) Class: 1097K(1216K)->1097K(1216K)
[15.179s][info   ][gc          ] GC(16) Pause Full (System.gc()) 1814M->1794M(5603M) 1123.612ms
[16.301s][info   ][gc,metaspace] GC(17) Metaspace: 11429K(11648K)->11429K(11648K) NonClass: 10332K(10432K)->10332K(10432K) Class: 1097K(1216K)->1097K(1216K)
[16.301s][info   ][gc          ] GC(17) Pause Full (System.gc()) 1794M->1794M(5603M) 1121.623ms
[17.402s][info   ][gc,metaspace] GC(18) Metaspace: 11429K(11648K)->11429K(11648K) NonClass: 10332K(10432K)->10332K(10432K) Class: 1097K(1216K)->1097K(1216K)
[17.402s][info   ][gc          ] GC(18) Pause Full (System.gc()) 1794M->1794M(5603M) 1100.335ms
[18.525s][info   ][gc,metaspace] GC(19) Metaspace: 11429K(11648K)->11429K(11648K) NonClass: 10332K(10432K)->10332K(10432K) Class: 1097K(1216K)->1097K(1216K)
[18.526s][info   ][gc          ] GC(19) Pause Full (System.gc()) 1794M->1794M(5603M) 1123.833ms
[19.637s][info   ][gc,metaspace] GC(20) Metaspace: 11429K(11648K)->11429K(11648K) NonClass: 10332K(10432K)->10332K(10432K) Class: 1097K(1216K)->1097K(1216K)
[19.637s][info   ][gc          ] GC(20) Pause Full (System.gc()) 1794M->1794M(5603M) 1111.007ms
[20.760s][info   ][gc,metaspace] GC(21) Metaspace: 11429K(11648K)->11429K(11648K) NonClass: 10332K(10432K)->10332K(10432K) Class: 1097K(1216K)->1097K(1216K)
[20.760s][info   ][gc          ] GC(21) Pause Full (System.gc()) 1794M->1794M(5603M) 1122.298ms
[21.871s][info   ][gc,metaspace] GC(22) Metaspace: 11429K(11648K)->11429K(11648K) NonClass: 10332K(10432K)->10332K(10432K) Class: 1097K(1216K)->1097K(1216K)
[21.871s][info   ][gc          ] GC(22) Pause Full (System.gc()) 1794M->1794M(5603M) 1111.596ms
[23.035s][info   ][gc,metaspace] GC(23) Metaspace: 11429K(11648K)->11429K(11648K) NonClass: 10332K(10432K)->10332K(10432K) Class: 1097K(1216K)->1097K(1216K)
[23.035s][info   ][gc          ] GC(23) Pause Full (System.gc()) 1794M->1794M(5603M) 1163.468ms
[24.152s][info   ][gc,metaspace] GC(24) Metaspace: 11429K(11648K)->11429K(11648K) NonClass: 10332K(10432K)->10332K(10432K) Class: 1097K(1216K)->1097K(1216K)
[24.152s][info   ][gc          ] GC(24) Pause Full (System.gc()) 1794M->1794M(5603M) 1117.312ms
[25.266s][info   ][gc,metaspace] GC(25) Metaspace: 11429K(11648K)->11429K(11648K) NonClass: 10332K(10432K)->10332K(10432K) Class: 1097K(1216K)->1097K(1216K)
[25.266s][info   ][gc          ] GC(25) Pause Full (System.gc()) 1794M->1794M(5603M) 1113.797ms
[26.372s][info   ][gc,metaspace] GC(26) Metaspace: 11429K(11648K)->11429K(11648K) NonClass: 10332K(10432K)->10332K(10432K) Class: 1097K(1216K)->1097K(1216K)
[26.372s][info   ][gc          ] GC(26) Pause Full (System.gc()) 1794M->1794M(5603M) 1104.660ms
[27.497s][info   ][gc,metaspace] GC(27) Metaspace: 11429K(11648K)->11429K(11648K) NonClass: 10332K(10432K)->10332K(10432K) Class: 1097K(1216K)->1097K(1216K)
[27.497s][info   ][gc          ] GC(27) Pause Full (System.gc()) 1794M->1794M(5603M) 1125.154ms
[28.610s][info   ][gc,metaspace] GC(28) Metaspace: 11429K(11648K)->11429K(11648K) NonClass: 10332K(10432K)->10332K(10432K) Class: 1097K(1216K)->1097K(1216K)
[28.610s][info   ][gc          ] GC(28) Pause Full (System.gc()) 1794M->1794M(5603M) 1112.452ms
[29.721s][info   ][gc,metaspace] GC(29) Metaspace: 11429K(11648K)->11429K(11648K) NonClass: 10332K(10432K)->10332K(10432K) Class: 1097K(1216K)->1097K(1216K)
[29.721s][info   ][gc          ] GC(29) Pause Full (System.gc()) 1794M->1794M(5603M) 1111.006ms
[30.835s][info   ][gc,metaspace] GC(30) Metaspace: 11429K(11648K)->11429K(11648K) NonClass: 10332K(10432K)->10332K(10432K) Class: 1097K(1216K)->1097K(1216K)
[30.835s][info   ][gc          ] GC(30) Pause Full (System.gc()) 1794M->1794M(5603M) 1114.074ms
[31.989s][info   ][gc,metaspace] GC(31) Metaspace: 11429K(11648K)->11429K(11648K) NonClass: 10332K(10432K)->10332K(10432K) Class: 1097K(1216K)->1097K(1216K)
[31.989s][info   ][gc          ] GC(31) Pause Full (System.gc()) 1794M->1794M(5603M) 1153.754ms
[33.104s][info   ][gc,metaspace] GC(32) Metaspace: 11429K(11648K)->11429K(11648K) NonClass: 10332K(10432K)->10332K(10432K) Class: 1097K(1216K)->1097K(1216K)
[33.104s][info   ][gc          ] GC(32) Pause Full (System.gc()) 1794M->1794M(5603M) 1115.341ms
[34.220s][info   ][gc,metaspace] GC(33) Metaspace: 11429K(11648K)->11429K(11648K) NonClass: 10332K(10432K)->10332K(10432K) Class: 1097K(1216K)->1097K(1216K)
[34.220s][info   ][gc          ] GC(33) Pause Full (System.gc()) 1794M->1794M(5603M) 1115.819ms
[35.334s][info   ][gc,metaspace] GC(34) Metaspace: 11429K(11648K)->11429K(11648K) NonClass: 10332K(10432K)->10332K(10432K) Class: 1097K(1216K)->1097K(1216K)
[35.334s][info   ][gc          ] GC(34) Pause Full (System.gc()) 1794M->1794M(5603M) 1113.863ms
[36.470s][info   ][gc,metaspace] GC(35) Metaspace: 11429K(11648K)->11429K(11648K) NonClass: 10332K(10432K)->10332K(10432K) Class: 1097K(1216K)->1097K(1216K)
[36.470s][info   ][gc          ] GC(35) Pause Full (System.gc()) 1794M->1794M(5603M) 1135.633ms
[37.580s][info   ][gc,metaspace] GC(36) Metaspace: 11429K(11648K)->11429K(11648K) NonClass: 10332K(10432K)->10332K(10432K) Class: 1097K(1216K)->1097K(1216K)
[37.580s][info   ][gc          ] GC(36) Pause Full (System.gc()) 1794M->1794M(5603M) 1109.885ms
[38.693s][info   ][gc,metaspace] GC(37) Metaspace: 11429K(11648K)->11429K(11648K) NonClass: 10332K(10432K)->10332K(10432K) Class: 1097K(1216K)->1097K(1216K)
[38.693s][info   ][gc          ] GC(37) Pause Full (System.gc()) 1794M->1794M(5603M) 1112.740ms
[39.807s][info   ][gc,metaspace] GC(38) Metaspace: 11429K(11648K)->11429K(11648K) NonClass: 10332K(10432K)->10332K(10432K) Class: 1097K(1216K)->1097K(1216K)
[39.807s][info   ][gc          ] GC(38) Pause Full (System.gc()) 1794M->1794M(5603M) 1113.218ms
[40.971s][info   ][gc,metaspace] GC(39) Metaspace: 11429K(11648K)->11429K(11648K) NonClass: 10332K(10432K)->10332K(10432K) Class: 1097K(1216K)->1097K(1216K)
[40.972s][info   ][gc          ] GC(39) Pause Full (System.gc()) 1794M->1794M(5603M) 1164.804ms
[42.093s][info   ][gc,metaspace] GC(40) Metaspace: 11429K(11648K)->11429K(11648K) NonClass: 10332K(10432K)->10332K(10432K) Class: 1097K(1216K)->1097K(1216K)
[42.093s][info   ][gc          ] GC(40) Pause Full (System.gc()) 1794M->1794M(5603M) 1121.268ms
[43.209s][info   ][gc,metaspace] GC(41) Metaspace: 11429K(11648K)->11429K(11648K) NonClass: 10332K(10432K)->10332K(10432K) Class: 1097K(1216K)->1097K(1216K)
[43.209s][info   ][gc          ] GC(41) Pause Full (System.gc()) 1794M->1794M(5603M) 1115.907ms
[44.323s][info   ][gc,metaspace] GC(42) Metaspace: 11429K(11648K)->11429K(11648K) NonClass: 10332K(10432K)->10332K(10432K) Class: 1097K(1216K)->1097K(1216K)
[44.323s][info   ][gc          ] GC(42) Pause Full (System.gc()) 1794M->1794M(5603M) 1113.932ms
[45.427s][info   ][gc,metaspace] GC(43) Metaspace: 11429K(11648K)->11429K(11648K) NonClass: 10332K(10432K)->10332K(10432K) Class: 1097K(1216K)->1097K(1216K)
[45.427s][info   ][gc          ] GC(43) Pause Full (System.gc()) 1794M->1794M(5603M) 1103.616ms
[46.543s][info   ][gc,metaspace] GC(44) Metaspace: 11429K(11648K)->11429K(11648K) NonClass: 10332K(10432K)->10332K(10432K) Class: 1097K(1216K)->1097K(1216K)
[46.543s][info   ][gc          ] GC(44) Pause Full (System.gc()) 1794M->1794M(5603M) 1116.496ms
[47.666s][info   ][gc,metaspace] GC(45) Metaspace: 11429K(11648K)->11429K(11648K) NonClass: 10332K(10432K)->10332K(10432K) Class: 1097K(1216K)->1097K(1216K)
[47.666s][info   ][gc          ] GC(45) Pause Full (System.gc()) 1794M->1794M(5603M) 1123.016ms
[48.779s][info   ][gc,metaspace] GC(46) Metaspace: 11429K(11648K)->11429K(11648K) NonClass: 10332K(10432K)->10332K(10432K) Class: 1097K(1216K)->1097K(1216K)
[48.779s][info   ][gc          ] GC(46) Pause Full (System.gc()) 1794M->1794M(5603M) 1112.268ms
[49.941s][info   ][gc,metaspace] GC(47) Metaspace: 11429K(11648K)->11429K(11648K) NonClass: 10332K(10432K)->10332K(10432K) Class: 1097K(1216K)->1097K(1216K)
[49.941s][info   ][gc          ] GC(47) Pause Full (System.gc()) 1794M->1794M(5603M) 1162.381ms
[51.073s][info   ][gc,metaspace] GC(48) Metaspace: 11429K(11648K)->11429K(11648K) NonClass: 10332K(10432K)->10332K(10432K) Class: 1097K(1216K)->1097K(1216K)
[51.073s][info   ][gc          ] GC(48) Pause Full (System.gc()) 1794M->1794M(5603M) 1131.922ms
[52.188s][info   ][gc,metaspace] GC(49) Metaspace: 11429K(11648K)->11429K(11648K) NonClass: 10332K(10432K)->10332K(10432K) Class: 1097K(1216K)->1097K(1216K)
[52.188s][info   ][gc          ] GC(49) Pause Full (System.gc()) 1794M->1794M(5603M) 1114.845ms
[53.303s][info   ][gc,metaspace] GC(50) Metaspace: 11429K(11648K)->11429K(11648K) NonClass: 10332K(10432K)->10332K(10432K) Class: 1097K(1216K)->1097K(1216K)
[53.303s][info   ][gc          ] GC(50) Pause Full (System.gc()) 1794M->1794M(5603M) 1114.710ms
[54.415s][info   ][gc,metaspace] GC(51) Metaspace: 11429K(11648K)->11429K(11648K) NonClass: 10332K(10432K)->10332K(10432K) Class: 1097K(1216K)->1097K(1216K)
[54.415s][info   ][gc          ] GC(51) Pause Full (System.gc()) 1794M->1794M(5603M) 1111.516ms
[55.530s][info   ][gc,metaspace] GC(52) Metaspace: 11429K(11648K)->11429K(11648K) NonClass: 10332K(10432K)->10332K(10432K) Class: 1097K(1216K)->1097K(1216K)
[55.530s][info   ][gc          ] GC(52) Pause Full (System.gc()) 1794M->1794M(5603M) 1115.062ms
[56.642s][info   ][gc,metaspace] GC(53) Metaspace: 11429K(11648K)->11429K(11648K) NonClass: 10332K(10432K)->10332K(10432K) Class: 1097K(1216K)->1097K(1216K)
[56.642s][info   ][gc          ] GC(53) Pause Full (System.gc()) 1794M->1794M(5603M) 1112.114ms
[57.755s][info   ][gc,metaspace] GC(54) Metaspace: 11429K(11648K)->11429K(11648K) NonClass: 10332K(10432K)->10332K(10432K) Class: 1097K(1216K)->1097K(1216K)
[57.755s][info   ][gc          ] GC(54) Pause Full (System.gc()) 1794M->1794M(5603M) 1113.171ms
[58.867s][info   ][gc,metaspace] GC(55) Metaspace: 11429K(11648K)->11429K(11648K) NonClass: 10332K(10432K)->10332K(10432K) Class: 1097K(1216K)->1097K(1216K)
[58.867s][info   ][gc          ] GC(55) Pause Full (System.gc()) 1794M->1794M(5603M) 1111.200ms
[60.029s][info   ][gc,metaspace] GC(56) Metaspace: 11429K(11648K)->11429K(11648K) NonClass: 10332K(10432K)->10332K(10432K) Class: 1097K(1216K)->1097K(1216K)
[60.029s][info   ][gc          ] GC(56) Pause Full (System.gc()) 1794M->1794M(5603M) 1161.228ms
[61.145s][info   ][gc,metaspace] GC(57) Metaspace: 11429K(11648K)->11429K(11648K) NonClass: 10332K(10432K)->10332K(10432K) Class: 1097K(1216K)->1097K(1216K)
[61.145s][info   ][gc          ] GC(57) Pause Full (System.gc()) 1794M->1794M(5603M) 1115.903ms
[62.262s][info   ][gc,metaspace] GC(58) Metaspace: 11429K(11648K)->11429K(11648K) NonClass: 10332K(10432K)->10332K(10432K) Class: 1097K(1216K)->1097K(1216K)
[62.262s][info   ][gc          ] GC(58) Pause Full (System.gc()) 1794M->1794M(5603M) 1117.698ms
[63.694s][info   ][gc,metaspace] GC(59) Metaspace: 11429K(11648K)->11429K(11648K) NonClass: 10332K(10432K)->10332K(10432K) Class: 1097K(1216K)->1097K(1216K)
[63.694s][info   ][gc          ] GC(59) Pause Full (System.gc()) 1794M->1794M(5603M) 1431.673ms
[64.805s][info   ][gc,metaspace] GC(60) Metaspace: 11429K(11648K)->11429K(11648K) NonClass: 10332K(10432K)->10332K(10432K) Class: 1097K(1216K)->1097K(1216K)
[64.805s][info   ][gc          ] GC(60) Pause Full (System.gc()) 1804M->1794M(5603M) 1110.492ms
[65.961s][info   ][gc,metaspace] GC(61) Metaspace: 11429K(11648K)->11429K(11648K) NonClass: 10332K(10432K)->10332K(10432K) Class: 1097K(1216K)->1097K(1216K)
[65.961s][info   ][gc          ] GC(61) Pause Full (System.gc()) 1794M->1794M(5603M) 1156.485ms
[67.092s][info   ][gc,metaspace] GC(62) Metaspace: 11429K(11648K)->11429K(11648K) NonClass: 10332K(10432K)->10332K(10432K) Class: 1097K(1216K)->1097K(1216K)
[67.092s][info   ][gc          ] GC(62) Pause Full (System.gc()) 1794M->1794M(5603M) 1130.779ms
[68.208s][info   ][gc,metaspace] GC(63) Metaspace: 11429K(11648K)->11429K(11648K) NonClass: 10332K(10432K)->10332K(10432K) Class: 1097K(1216K)->1097K(1216K)
[68.208s][info   ][gc          ] GC(63) Pause Full (System.gc()) 1794M->1794M(5603M) 1115.493ms
[69.321s][info   ][gc,metaspace] GC(64) Metaspace: 11429K(11648K)->11429K(11648K) NonClass: 10332K(10432K)->10332K(10432K) Class: 1097K(1216K)->1097K(1216K)
[69.321s][info   ][gc          ] GC(64) Pause Full (System.gc()) 1794M->1794M(5603M) 1112.908ms
[70.433s][info   ][gc,metaspace] GC(65) Metaspace: 11429K(11648K)->11429K(11648K) NonClass: 10332K(10432K)->10332K(10432K) Class: 1097K(1216K)->1097K(1216K)
[70.433s][info   ][gc          ] GC(65) Pause Full (System.gc()) 1794M->1794M(5603M) 1111.798ms
After GCs... 
