Done; will start GCs... 
[4.888s][info][gc,metaspace] GC(2) Metaspace: 22049K(22400K)->22049K(22400K) NonClass: 18239K(18432K)->18239K(18432K) Class: 3809K(3968K)->3809K(3968K)
[4.888s][info][gc          ] GC(2) Pause Full (System.gc()) 780M->775M(6144M) 388.499ms
[5.226s][info][gc,metaspace] GC(3) Metaspace: 22049K(22400K)->22049K(22400K) NonClass: 18239K(18432K)->18239K(18432K) Class: 3809K(3968K)->3809K(3968K)
[5.226s][info][gc          ] GC(3) Pause Full (System.gc()) 775M->775M(6144M) 337.736ms
[5.574s][info][gc,metaspace] GC(4) Metaspace: 22049K(22400K)->22049K(22400K) NonClass: 18239K(18432K)->18239K(18432K) Class: 3809K(3968K)->3809K(3968K)
[5.574s][info][gc          ] GC(4) Pause Full (System.gc()) 775M->775M(6144M) 347.924ms
[5.949s][info][gc,metaspace] GC(5) Metaspace: 22049K(22400K)->22049K(22400K) NonClass: 18239K(18432K)->18239K(18432K) Class: 3809K(3968K)->3809K(3968K)
[5.949s][info][gc          ] GC(5) Pause Full (System.gc()) 775M->775M(6144M) 374.841ms
[6.286s][info][gc,metaspace] GC(6) Metaspace: 22049K(22400K)->22049K(22400K) NonClass: 18239K(18432K)->18239K(18432K) Class: 3809K(3968K)->3809K(3968K)
[6.286s][info][gc          ] GC(6) Pause Full (System.gc()) 775M->775M(6144M) 336.440ms
[6.640s][info][gc,metaspace] GC(7) Metaspace: 22049K(22400K)->22049K(22400K) NonClass: 18239K(18432K)->18239K(18432K) Class: 3809K(3968K)->3809K(3968K)
[6.640s][info][gc          ] GC(7) Pause Full (System.gc()) 775M->775M(6144M) 354.380ms
[6.982s][info][gc,metaspace] GC(8) Metaspace: 22049K(22400K)->22049K(22400K) NonClass: 18239K(18432K)->18239K(18432K) Class: 3809K(3968K)->3809K(3968K)
[6.982s][info][gc          ] GC(8) Pause Full (System.gc()) 775M->775M(6144M) 341.923ms
[7.319s][info][gc,metaspace] GC(9) Metaspace: 22049K(22400K)->22049K(22400K) NonClass: 18239K(18432K)->18239K(18432K) Class: 3809K(3968K)->3809K(3968K)
[7.319s][info][gc          ] GC(9) Pause Full (System.gc()) 775M->775M(6144M) 336.514ms
[7.659s][info][gc,metaspace] GC(10) Metaspace: 22049K(22400K)->22049K(22400K) NonClass: 18239K(18432K)->18239K(18432K) Class: 3809K(3968K)->3809K(3968K)
[7.659s][info][gc          ] GC(10) Pause Full (System.gc()) 775M->775M(6144M) 340.025ms
[7.997s][info][gc,metaspace] GC(11) Metaspace: 22049K(22400K)->22049K(22400K) NonClass: 18239K(18432K)->18239K(18432K) Class: 3809K(3968K)->3809K(3968K)
[7.997s][info][gc          ] GC(11) Pause Full (System.gc()) 775M->775M(6144M) 338.361ms
[8.348s][info][gc,metaspace] GC(12) Metaspace: 22049K(22400K)->22049K(22400K) NonClass: 18239K(18432K)->18239K(18432K) Class: 3809K(3968K)->3809K(3968K)
[8.348s][info][gc          ] GC(12) Pause Full (System.gc()) 775M->775M(6144M) 351.035ms
[8.683s][info][gc,metaspace] GC(13) Metaspace: 22049K(22400K)->22049K(22400K) NonClass: 18239K(18432K)->18239K(18432K) Class: 3809K(3968K)->3809K(3968K)
[8.683s][info][gc          ] GC(13) Pause Full (System.gc()) 775M->775M(6144M) 335.091ms
[9.031s][info][gc,metaspace] GC(14) Metaspace: 22049K(22400K)->22049K(22400K) NonClass: 18239K(18432K)->18239K(18432K) Class: 3809K(3968K)->3809K(3968K)
[9.032s][info][gc          ] GC(14) Pause Full (System.gc()) 775M->775M(6144M) 348.007ms
[9.373s][info][gc,metaspace] GC(15) Metaspace: 22049K(22400K)->22049K(22400K) NonClass: 18239K(18432K)->18239K(18432K) Class: 3809K(3968K)->3809K(3968K)
[9.373s][info][gc          ] GC(15) Pause Full (System.gc()) 775M->775M(6144M) 341.630ms
[9.714s][info][gc,metaspace] GC(16) Metaspace: 22049K(22400K)->22049K(22400K) NonClass: 18239K(18432K)->18239K(18432K) Class: 3809K(3968K)->3809K(3968K)
[9.714s][info][gc          ] GC(16) Pause Full (System.gc()) 775M->775M(6144M) 341.049ms
[10.096s][info][gc,metaspace] GC(17) Metaspace: 22049K(22400K)->22049K(22400K) NonClass: 18239K(18432K)->18239K(18432K) Class: 3809K(3968K)->3809K(3968K)
[10.096s][info][gc          ] GC(17) Pause Full (System.gc()) 775M->775M(6144M) 381.856ms
[10.418s][info][gc,metaspace] GC(18) Metaspace: 22049K(22400K)->22049K(22400K) NonClass: 18239K(18432K)->18239K(18432K) Class: 3809K(3968K)->3809K(3968K)
[10.418s][info][gc          ] GC(18) Pause Full (System.gc()) 775M->775M(6144M) 321.718ms
[10.747s][info][gc,metaspace] GC(19) Metaspace: 22049K(22400K)->22049K(22400K) NonClass: 18239K(18432K)->18239K(18432K) Class: 3809K(3968K)->3809K(3968K)
[10.747s][info][gc          ] GC(19) Pause Full (System.gc()) 775M->775M(6144M) 328.724ms
[11.098s][info][gc,metaspace] GC(20) Metaspace: 22049K(22400K)->22049K(22400K) NonClass: 18239K(18432K)->18239K(18432K) Class: 3809K(3968K)->3809K(3968K)
[11.098s][info][gc          ] GC(20) Pause Full (System.gc()) 775M->775M(6144M) 350.831ms
[11.435s][info][gc,metaspace] GC(21) Metaspace: 22049K(22400K)->22049K(22400K) NonClass: 18239K(18432K)->18239K(18432K) Class: 3809K(3968K)->3809K(3968K)
[11.435s][info][gc          ] GC(21) Pause Full (System.gc()) 775M->775M(6144M) 337.512ms
[11.757s][info][gc,metaspace] GC(22) Metaspace: 22049K(22400K)->22049K(22400K) NonClass: 18239K(18432K)->18239K(18432K) Class: 3809K(3968K)->3809K(3968K)
[11.757s][info][gc          ] GC(22) Pause Full (System.gc()) 775M->775M(6144M) 321.331ms
[12.109s][info][gc,metaspace] GC(23) Metaspace: 22049K(22400K)->22049K(22400K) NonClass: 18239K(18432K)->18239K(18432K) Class: 3809K(3968K)->3809K(3968K)
[12.109s][info][gc          ] GC(23) Pause Full (System.gc()) 775M->775M(6144M) 352.576ms
[12.440s][info][gc,metaspace] GC(24) Metaspace: 22049K(22400K)->22049K(22400K) NonClass: 18239K(18432K)->18239K(18432K) Class: 3809K(3968K)->3809K(3968K)
[12.440s][info][gc          ] GC(24) Pause Full (System.gc()) 775M->775M(6144M) 330.874ms
[12.779s][info][gc,metaspace] GC(25) Metaspace: 22049K(22400K)->22049K(22400K) NonClass: 18239K(18432K)->18239K(18432K) Class: 3809K(3968K)->3809K(3968K)
[12.779s][info][gc          ] GC(25) Pause Full (System.gc()) 775M->775M(6144M) 338.396ms
[13.134s][info][gc,metaspace] GC(26) Metaspace: 22049K(22400K)->22049K(22400K) NonClass: 18239K(18432K)->18239K(18432K) Class: 3809K(3968K)->3809K(3968K)
[13.135s][info][gc          ] GC(26) Pause Full (System.gc()) 775M->775M(6144M) 355.712ms
[13.465s][info][gc,metaspace] GC(27) Metaspace: 22049K(22400K)->22049K(22400K) NonClass: 18239K(18432K)->18239K(18432K) Class: 3809K(3968K)->3809K(3968K)
[13.465s][info][gc          ] GC(27) Pause Full (System.gc()) 775M->775M(6144M) 330.200ms
[13.824s][info][gc,metaspace] GC(28) Metaspace: 22049K(22400K)->22049K(22400K) NonClass: 18239K(18432K)->18239K(18432K) Class: 3809K(3968K)->3809K(3968K)
[13.824s][info][gc          ] GC(28) Pause Full (System.gc()) 775M->775M(6144M) 359.342ms
[14.156s][info][gc,metaspace] GC(29) Metaspace: 22049K(22400K)->22049K(22400K) NonClass: 18239K(18432K)->18239K(18432K) Class: 3809K(3968K)->3809K(3968K)
[14.156s][info][gc          ] GC(29) Pause Full (System.gc()) 775M->775M(6144M) 331.315ms
[14.493s][info][gc,metaspace] GC(30) Metaspace: 22049K(22400K)->22049K(22400K) NonClass: 18239K(18432K)->18239K(18432K) Class: 3809K(3968K)->3809K(3968K)
[14.493s][info][gc          ] GC(30) Pause Full (System.gc()) 775M->775M(6144M) 337.409ms
[14.858s][info][gc,metaspace] GC(31) Metaspace: 22049K(22400K)->22049K(22400K) NonClass: 18239K(18432K)->18239K(18432K) Class: 3809K(3968K)->3809K(3968K)
[14.858s][info][gc          ] GC(31) Pause Full (System.gc()) 775M->775M(6144M) 365.154ms
[15.187s][info][gc,metaspace] GC(32) Metaspace: 22049K(22400K)->22049K(22400K) NonClass: 18239K(18432K)->18239K(18432K) Class: 3809K(3968K)->3809K(3968K)
[15.187s][info][gc          ] GC(32) Pause Full (System.gc()) 775M->775M(6144M) 328.537ms
[15.516s][info][gc,metaspace] GC(33) Metaspace: 22049K(22400K)->22049K(22400K) NonClass: 18239K(18432K)->18239K(18432K) Class: 3809K(3968K)->3809K(3968K)
[15.516s][info][gc          ] GC(33) Pause Full (System.gc()) 775M->775M(6144M) 328.595ms
[15.868s][info][gc,metaspace] GC(34) Metaspace: 22049K(22400K)->22049K(22400K) NonClass: 18239K(18432K)->18239K(18432K) Class: 3809K(3968K)->3809K(3968K)
[15.868s][info][gc          ] GC(34) Pause Full (System.gc()) 775M->775M(6144M) 352.356ms
[16.210s][info][gc,metaspace] GC(35) Metaspace: 22049K(22400K)->22049K(22400K) NonClass: 18239K(18432K)->18239K(18432K) Class: 3809K(3968K)->3809K(3968K)
[16.210s][info][gc          ] GC(35) Pause Full (System.gc()) 775M->775M(6144M) 341.931ms
[16.539s][info][gc,metaspace] GC(36) Metaspace: 22049K(22400K)->22049K(22400K) NonClass: 18239K(18432K)->18239K(18432K) Class: 3809K(3968K)->3809K(3968K)
[16.539s][info][gc          ] GC(36) Pause Full (System.gc()) 775M->775M(6144M) 328.816ms
[16.891s][info][gc,metaspace] GC(37) Metaspace: 22049K(22400K)->22049K(22400K) NonClass: 18239K(18432K)->18239K(18432K) Class: 3809K(3968K)->3809K(3968K)
[16.891s][info][gc          ] GC(37) Pause Full (System.gc()) 775M->775M(6144M) 351.856ms
[17.236s][info][gc,metaspace] GC(38) Metaspace: 22049K(22400K)->22049K(22400K) NonClass: 18239K(18432K)->18239K(18432K) Class: 3809K(3968K)->3809K(3968K)
[17.236s][info][gc          ] GC(38) Pause Full (System.gc()) 775M->775M(6144M) 345.437ms
[17.563s][info][gc,metaspace] GC(39) Metaspace: 22049K(22400K)->22049K(22400K) NonClass: 18239K(18432K)->18239K(18432K) Class: 3809K(3968K)->3809K(3968K)
[17.563s][info][gc          ] GC(39) Pause Full (System.gc()) 775M->775M(6144M) 326.719ms
[17.931s][info][gc,metaspace] GC(40) Metaspace: 22049K(22400K)->22049K(22400K) NonClass: 18239K(18432K)->18239K(18432K) Class: 3809K(3968K)->3809K(3968K)
[17.931s][info][gc          ] GC(40) Pause Full (System.gc()) 775M->775M(6144M) 368.275ms
[18.281s][info][gc,metaspace] GC(41) Metaspace: 22049K(22400K)->22049K(22400K) NonClass: 18239K(18432K)->18239K(18432K) Class: 3809K(3968K)->3809K(3968K)
[18.281s][info][gc          ] GC(41) Pause Full (System.gc()) 775M->775M(6144M) 349.949ms
[18.631s][info][gc,metaspace] GC(42) Metaspace: 22049K(22400K)->22049K(22400K) NonClass: 18239K(18432K)->18239K(18432K) Class: 3809K(3968K)->3809K(3968K)
[18.631s][info][gc          ] GC(42) Pause Full (System.gc()) 775M->775M(6144M) 349.905ms
[18.979s][info][gc,metaspace] GC(43) Metaspace: 22049K(22400K)->22049K(22400K) NonClass: 18239K(18432K)->18239K(18432K) Class: 3809K(3968K)->3809K(3968K)
[18.979s][info][gc          ] GC(43) Pause Full (System.gc()) 775M->775M(6144M) 347.205ms
[19.324s][info][gc,metaspace] GC(44) Metaspace: 22049K(22400K)->22049K(22400K) NonClass: 18239K(18432K)->18239K(18432K) Class: 3809K(3968K)->3809K(3968K)
[19.324s][info][gc          ] GC(44) Pause Full (System.gc()) 775M->775M(6144M) 345.196ms
[19.676s][info][gc,metaspace] GC(45) Metaspace: 22049K(22400K)->22049K(22400K) NonClass: 18239K(18432K)->18239K(18432K) Class: 3809K(3968K)->3809K(3968K)
[19.676s][info][gc          ] GC(45) Pause Full (System.gc()) 775M->775M(6144M) 351.868ms
[20.016s][info][gc,metaspace] GC(46) Metaspace: 22049K(22400K)->22049K(22400K) NonClass: 18239K(18432K)->18239K(18432K) Class: 3809K(3968K)->3809K(3968K)
[20.016s][info][gc          ] GC(46) Pause Full (System.gc()) 775M->775M(6144M) 340.108ms
[20.365s][info][gc,metaspace] GC(47) Metaspace: 22049K(22400K)->22049K(22400K) NonClass: 18239K(18432K)->18239K(18432K) Class: 3809K(3968K)->3809K(3968K)
[20.365s][info][gc          ] GC(47) Pause Full (System.gc()) 775M->775M(6144M) 348.982ms
[20.722s][info][gc,metaspace] GC(48) Metaspace: 22049K(22400K)->22049K(22400K) NonClass: 18239K(18432K)->18239K(18432K) Class: 3809K(3968K)->3809K(3968K)
[20.722s][info][gc          ] GC(48) Pause Full (System.gc()) 775M->775M(6144M) 356.443ms
[21.085s][info][gc,metaspace] GC(49) Metaspace: 22049K(22400K)->22049K(22400K) NonClass: 18239K(18432K)->18239K(18432K) Class: 3809K(3968K)->3809K(3968K)
[21.085s][info][gc          ] GC(49) Pause Full (System.gc()) 775M->775M(6144M) 359.476ms
[21.417s][info][gc,metaspace] GC(50) Metaspace: 22049K(22400K)->22049K(22400K) NonClass: 18239K(18432K)->18239K(18432K) Class: 3809K(3968K)->3809K(3968K)
[21.417s][info][gc          ] GC(50) Pause Full (System.gc()) 775M->775M(6144M) 331.938ms
[21.781s][info][gc,metaspace] GC(51) Metaspace: 22049K(22400K)->22049K(22400K) NonClass: 18239K(18432K)->18239K(18432K) Class: 3809K(3968K)->3809K(3968K)
[21.781s][info][gc          ] GC(51) Pause Full (System.gc()) 775M->775M(6144M) 363.188ms
[22.142s][info][gc,metaspace] GC(52) Metaspace: 22049K(22400K)->22049K(22400K) NonClass: 18239K(18432K)->18239K(18432K) Class: 3809K(3968K)->3809K(3968K)
[22.142s][info][gc          ] GC(52) Pause Full (System.gc()) 775M->775M(6144M) 360.858ms
[22.471s][info][gc,metaspace] GC(53) Metaspace: 22049K(22400K)->22049K(22400K) NonClass: 18239K(18432K)->18239K(18432K) Class: 3809K(3968K)->3809K(3968K)
[22.471s][info][gc          ] GC(53) Pause Full (System.gc()) 775M->775M(6144M) 329.593ms
[22.823s][info][gc,metaspace] GC(54) Metaspace: 22049K(22400K)->22049K(22400K) NonClass: 18239K(18432K)->18239K(18432K) Class: 3809K(3968K)->3809K(3968K)
[22.823s][info][gc          ] GC(54) Pause Full (System.gc()) 775M->775M(6144M) 351.363ms
[23.154s][info][gc,metaspace] GC(55) Metaspace: 22049K(22400K)->22049K(22400K) NonClass: 18239K(18432K)->18239K(18432K) Class: 3809K(3968K)->3809K(3968K)
[23.154s][info][gc          ] GC(55) Pause Full (System.gc()) 775M->775M(6144M) 330.814ms
[23.489s][info][gc,metaspace] GC(56) Metaspace: 22049K(22400K)->22049K(22400K) NonClass: 18239K(18432K)->18239K(18432K) Class: 3809K(3968K)->3809K(3968K)
[23.489s][info][gc          ] GC(56) Pause Full (System.gc()) 775M->775M(6144M) 334.966ms
[23.854s][info][gc,metaspace] GC(57) Metaspace: 22049K(22400K)->22049K(22400K) NonClass: 18239K(18432K)->18239K(18432K) Class: 3809K(3968K)->3809K(3968K)
[23.854s][info][gc          ] GC(57) Pause Full (System.gc()) 775M->775M(6144M) 365.377ms
[24.175s][info][gc,metaspace] GC(58) Metaspace: 22049K(22400K)->22049K(22400K) NonClass: 18239K(18432K)->18239K(18432K) Class: 3809K(3968K)->3809K(3968K)
[24.175s][info][gc          ] GC(58) Pause Full (System.gc()) 775M->775M(6144M) 321.321ms
[24.513s][info][gc,metaspace] GC(59) Metaspace: 22049K(22400K)->22049K(22400K) NonClass: 18239K(18432K)->18239K(18432K) Class: 3809K(3968K)->3809K(3968K)
[24.513s][info][gc          ] GC(59) Pause Full (System.gc()) 775M->775M(6144M) 337.733ms
[24.888s][info][gc,metaspace] GC(60) Metaspace: 22049K(22400K)->22049K(22400K) NonClass: 18239K(18432K)->18239K(18432K) Class: 3809K(3968K)->3809K(3968K)
[24.888s][info][gc          ] GC(60) Pause Full (System.gc()) 775M->775M(6144M) 375.194ms
[25.219s][info][gc,metaspace] GC(61) Metaspace: 22049K(22400K)->22049K(22400K) NonClass: 18239K(18432K)->18239K(18432K) Class: 3809K(3968K)->3809K(3968K)
[25.219s][info][gc          ] GC(61) Pause Full (System.gc()) 775M->775M(6144M) 330.569ms
[25.552s][info][gc,metaspace] GC(62) Metaspace: 22049K(22400K)->22049K(22400K) NonClass: 18239K(18432K)->18239K(18432K) Class: 3809K(3968K)->3809K(3968K)
[25.552s][info][gc          ] GC(62) Pause Full (System.gc()) 775M->775M(6144M) 332.778ms
[25.910s][info][gc,metaspace] GC(63) Metaspace: 22049K(22400K)->22049K(22400K) NonClass: 18239K(18432K)->18239K(18432K) Class: 3809K(3968K)->3809K(3968K)
[25.910s][info][gc          ] GC(63) Pause Full (System.gc()) 775M->775M(6144M) 358.346ms
[26.252s][info][gc,metaspace] GC(64) Metaspace: 22049K(22400K)->22049K(22400K) NonClass: 18239K(18432K)->18239K(18432K) Class: 3809K(3968K)->3809K(3968K)
[26.252s][info][gc          ] GC(64) Pause Full (System.gc()) 775M->775M(6144M) 341.744ms
[26.623s][info][gc,metaspace] GC(65) Metaspace: 22049K(22400K)->22049K(22400K) NonClass: 18239K(18432K)->18239K(18432K) Class: 3809K(3968K)->3809K(3968K)
[26.623s][info][gc          ] GC(65) Pause Full (System.gc()) 775M->775M(6144M) 371.013ms
[27.001s][info][gc,metaspace] GC(66) Metaspace: 22049K(22400K)->22049K(22400K) NonClass: 18239K(18432K)->18239K(18432K) Class: 3809K(3968K)->3809K(3968K)
[27.001s][info][gc          ] GC(66) Pause Full (System.gc()) 775M->775M(6144M) 377.264ms
[27.331s][info][gc,metaspace] GC(67) Metaspace: 22049K(22400K)->22049K(22400K) NonClass: 18239K(18432K)->18239K(18432K) Class: 3809K(3968K)->3809K(3968K)
[27.331s][info][gc          ] GC(67) Pause Full (System.gc()) 775M->775M(6144M) 329.873ms
[27.666s][info][gc,metaspace] GC(68) Metaspace: 22049K(22400K)->22049K(22400K) NonClass: 18239K(18432K)->18239K(18432K) Class: 3809K(3968K)->3809K(3968K)
[27.666s][info][gc          ] GC(68) Pause Full (System.gc()) 775M->775M(6144M) 335.872ms
[28.014s][info][gc,metaspace] GC(69) Metaspace: 22049K(22400K)->22049K(22400K) NonClass: 18239K(18432K)->18239K(18432K) Class: 3809K(3968K)->3809K(3968K)
[28.014s][info][gc          ] GC(69) Pause Full (System.gc()) 775M->775M(6144M) 347.176ms
[28.353s][info][gc,metaspace] GC(70) Metaspace: 22049K(22400K)->22049K(22400K) NonClass: 18239K(18432K)->18239K(18432K) Class: 3809K(3968K)->3809K(3968K)
[28.353s][info][gc          ] GC(70) Pause Full (System.gc()) 775M->775M(6144M) 338.783ms
[28.685s][info][gc,metaspace] GC(71) Metaspace: 22049K(22400K)->22049K(22400K) NonClass: 18239K(18432K)->18239K(18432K) Class: 3809K(3968K)->3809K(3968K)
[28.685s][info][gc          ] GC(71) Pause Full (System.gc()) 775M->775M(6144M) 331.971ms
[29.035s][info][gc,metaspace] GC(72) Metaspace: 22049K(22400K)->22049K(22400K) NonClass: 18239K(18432K)->18239K(18432K) Class: 3809K(3968K)->3809K(3968K)
[29.035s][info][gc          ] GC(72) Pause Full (System.gc()) 775M->775M(6144M) 350.186ms
[29.365s][info][gc,metaspace] GC(73) Metaspace: 22049K(22400K)->22049K(22400K) NonClass: 18239K(18432K)->18239K(18432K) Class: 3809K(3968K)->3809K(3968K)
[29.365s][info][gc          ] GC(73) Pause Full (System.gc()) 775M->775M(6144M) 329.952ms
[29.695s][info][gc,metaspace] GC(74) Metaspace: 22049K(22400K)->22049K(22400K) NonClass: 18239K(18432K)->18239K(18432K) Class: 3809K(3968K)->3809K(3968K)
[29.695s][info][gc          ] GC(74) Pause Full (System.gc()) 775M->775M(6144M) 330.440ms
[30.045s][info][gc,metaspace] GC(75) Metaspace: 22049K(22400K)->22049K(22400K) NonClass: 18239K(18432K)->18239K(18432K) Class: 3809K(3968K)->3809K(3968K)
[30.045s][info][gc          ] GC(75) Pause Full (System.gc()) 775M->775M(6144M) 349.813ms
[30.404s][info][gc,metaspace] GC(76) Metaspace: 22049K(22400K)->22049K(22400K) NonClass: 18239K(18432K)->18239K(18432K) Class: 3809K(3968K)->3809K(3968K)
[30.404s][info][gc          ] GC(76) Pause Full (System.gc()) 775M->775M(6144M) 358.814ms
[30.739s][info][gc,metaspace] GC(77) Metaspace: 22049K(22400K)->22049K(22400K) NonClass: 18239K(18432K)->18239K(18432K) Class: 3809K(3968K)->3809K(3968K)
[30.739s][info][gc          ] GC(77) Pause Full (System.gc()) 775M->775M(6144M) 334.498ms
[31.079s][info][gc,metaspace] GC(78) Metaspace: 22049K(22400K)->22049K(22400K) NonClass: 18239K(18432K)->18239K(18432K) Class: 3809K(3968K)->3809K(3968K)
[31.079s][info][gc          ] GC(78) Pause Full (System.gc()) 775M->775M(6144M) 340.222ms
[31.457s][info][gc,metaspace] GC(79) Metaspace: 22049K(22400K)->22049K(22400K) NonClass: 18239K(18432K)->18239K(18432K) Class: 3809K(3968K)->3809K(3968K)
[31.457s][info][gc          ] GC(79) Pause Full (System.gc()) 775M->775M(6144M) 373.380ms
[31.822s][info][gc,metaspace] GC(80) Metaspace: 22049K(22400K)->22049K(22400K) NonClass: 18239K(18432K)->18239K(18432K) Class: 3809K(3968K)->3809K(3968K)
[31.822s][info][gc          ] GC(80) Pause Full (System.gc()) 775M->775M(6144M) 365.578ms
[32.144s][info][gc,metaspace] GC(81) Metaspace: 22049K(22400K)->22049K(22400K) NonClass: 18239K(18432K)->18239K(18432K) Class: 3809K(3968K)->3809K(3968K)
[32.144s][info][gc          ] GC(81) Pause Full (System.gc()) 775M->775M(6144M) 321.165ms
[32.485s][info][gc,metaspace] GC(82) Metaspace: 22049K(22400K)->22049K(22400K) NonClass: 18239K(18432K)->18239K(18432K) Class: 3809K(3968K)->3809K(3968K)
[32.485s][info][gc          ] GC(82) Pause Full (System.gc()) 775M->775M(6144M) 341.493ms
[32.836s][info][gc,metaspace] GC(83) Metaspace: 22049K(22400K)->22049K(22400K) NonClass: 18239K(18432K)->18239K(18432K) Class: 3809K(3968K)->3809K(3968K)
[32.836s][info][gc          ] GC(83) Pause Full (System.gc()) 775M->775M(6144M) 351.159ms
[33.196s][info][gc,metaspace] GC(84) Metaspace: 22049K(22400K)->22049K(22400K) NonClass: 18239K(18432K)->18239K(18432K) Class: 3809K(3968K)->3809K(3968K)
[33.196s][info][gc          ] GC(84) Pause Full (System.gc()) 775M->775M(6144M) 359.635ms
[33.518s][info][gc,metaspace] GC(85) Metaspace: 22049K(22400K)->22049K(22400K) NonClass: 18239K(18432K)->18239K(18432K) Class: 3809K(3968K)->3809K(3968K)
[33.518s][info][gc          ] GC(85) Pause Full (System.gc()) 775M->775M(6144M) 322.118ms
[33.886s][info][gc,metaspace] GC(86) Metaspace: 22049K(22400K)->22049K(22400K) NonClass: 18239K(18432K)->18239K(18432K) Class: 3809K(3968K)->3809K(3968K)
[33.886s][info][gc          ] GC(86) Pause Full (System.gc()) 775M->775M(6144M) 367.623ms
[34.227s][info][gc,metaspace] GC(87) Metaspace: 22049K(22400K)->22049K(22400K) NonClass: 18239K(18432K)->18239K(18432K) Class: 3809K(3968K)->3809K(3968K)
[34.227s][info][gc          ] GC(87) Pause Full (System.gc()) 775M->775M(6144M) 340.894ms
[34.559s][info][gc,metaspace] GC(88) Metaspace: 22049K(22400K)->22049K(22400K) NonClass: 18239K(18432K)->18239K(18432K) Class: 3809K(3968K)->3809K(3968K)
[34.559s][info][gc          ] GC(88) Pause Full (System.gc()) 775M->775M(6144M) 332.226ms
[34.917s][info][gc,metaspace] GC(89) Metaspace: 22049K(22400K)->22049K(22400K) NonClass: 18239K(18432K)->18239K(18432K) Class: 3809K(3968K)->3809K(3968K)
[34.917s][info][gc          ] GC(89) Pause Full (System.gc()) 775M->775M(6144M) 357.876ms
[35.270s][info][gc,metaspace] GC(90) Metaspace: 22049K(22400K)->22049K(22400K) NonClass: 18239K(18432K)->18239K(18432K) Class: 3809K(3968K)->3809K(3968K)
[35.270s][info][gc          ] GC(90) Pause Full (System.gc()) 775M->775M(6144M) 352.548ms
[35.605s][info][gc,metaspace] GC(91) Metaspace: 22049K(22400K)->22049K(22400K) NonClass: 18239K(18432K)->18239K(18432K) Class: 3809K(3968K)->3809K(3968K)
[35.605s][info][gc          ] GC(91) Pause Full (System.gc()) 775M->775M(6144M) 335.228ms
[35.972s][info][gc,metaspace] GC(92) Metaspace: 22049K(22400K)->22049K(22400K) NonClass: 18239K(18432K)->18239K(18432K) Class: 3809K(3968K)->3809K(3968K)
[35.972s][info][gc          ] GC(92) Pause Full (System.gc()) 775M->775M(6144M) 367.069ms
[36.322s][info][gc,metaspace] GC(93) Metaspace: 22049K(22400K)->22049K(22400K) NonClass: 18239K(18432K)->18239K(18432K) Class: 3809K(3968K)->3809K(3968K)
[36.322s][info][gc          ] GC(93) Pause Full (System.gc()) 775M->775M(6144M) 349.366ms
[36.690s][info][gc,metaspace] GC(94) Metaspace: 22049K(22400K)->22049K(22400K) NonClass: 18239K(18432K)->18239K(18432K) Class: 3809K(3968K)->3809K(3968K)
[36.690s][info][gc          ] GC(94) Pause Full (System.gc()) 775M->775M(6144M) 364.199ms
[37.033s][info][gc,metaspace] GC(95) Metaspace: 22049K(22400K)->22049K(22400K) NonClass: 18239K(18432K)->18239K(18432K) Class: 3809K(3968K)->3809K(3968K)
[37.033s][info][gc          ] GC(95) Pause Full (System.gc()) 775M->775M(6144M) 343.228ms
[37.406s][info][gc,metaspace] GC(96) Metaspace: 22049K(22400K)->22049K(22400K) NonClass: 18239K(18432K)->18239K(18432K) Class: 3809K(3968K)->3809K(3968K)
[37.406s][info][gc          ] GC(96) Pause Full (System.gc()) 775M->775M(6144M) 372.018ms
[37.762s][info][gc,metaspace] GC(97) Metaspace: 22049K(22400K)->22049K(22400K) NonClass: 18239K(18432K)->18239K(18432K) Class: 3809K(3968K)->3809K(3968K)
[37.762s][info][gc          ] GC(97) Pause Full (System.gc()) 775M->775M(6144M) 356.508ms
[38.122s][info][gc,metaspace] GC(98) Metaspace: 22049K(22400K)->22049K(22400K) NonClass: 18239K(18432K)->18239K(18432K) Class: 3809K(3968K)->3809K(3968K)
[38.122s][info][gc          ] GC(98) Pause Full (System.gc()) 775M->775M(6144M) 359.753ms
[38.451s][info][gc,metaspace] GC(99) Metaspace: 22049K(22400K)->22049K(22400K) NonClass: 18239K(18432K)->18239K(18432K) Class: 3809K(3968K)->3809K(3968K)
[38.451s][info][gc          ] GC(99) Pause Full (System.gc()) 775M->775M(6144M) 329.138ms
[38.780s][info][gc,metaspace] GC(100) Metaspace: 22049K(22400K)->22049K(22400K) NonClass: 18239K(18432K)->18239K(18432K) Class: 3809K(3968K)->3809K(3968K)
[38.780s][info][gc          ] GC(100) Pause Full (System.gc()) 775M->775M(6144M) 329.171ms
[39.128s][info][gc,metaspace] GC(101) Metaspace: 22049K(22400K)->22049K(22400K) NonClass: 18239K(18432K)->18239K(18432K) Class: 3809K(3968K)->3809K(3968K)
[39.128s][info][gc          ] GC(101) Pause Full (System.gc()) 775M->775M(6144M) 347.187ms
After GCs... 
