Done; will start GCs... 
[4.501s][info][gc,metaspace] GC(2) Metaspace: 22057K(22400K)->22057K(22400K) NonClass: 18247K(18432K)->18247K(18432K) Class: 3809K(3968K)->3809K(3968K)
[4.501s][info][gc          ] GC(2) Pause Full (System.gc()) 782M->774M(6144M) 387.739ms
[4.813s][info][gc,metaspace] GC(3) Metaspace: 22057K(22400K)->22057K(22400K) NonClass: 18247K(18432K)->18247K(18432K) Class: 3809K(3968K)->3809K(3968K)
[4.813s][info][gc          ] GC(3) Pause Full (System.gc()) 774M->774M(6144M) 311.965ms
[5.138s][info][gc,metaspace] GC(4) Metaspace: 22057K(22400K)->22057K(22400K) NonClass: 18247K(18432K)->18247K(18432K) Class: 3809K(3968K)->3809K(3968K)
[5.138s][info][gc          ] GC(4) Pause Full (System.gc()) 774M->774M(6144M) 324.521ms
[5.473s][info][gc,metaspace] GC(5) Metaspace: 22058K(22400K)->22058K(22400K) NonClass: 18248K(18432K)->18248K(18432K) Class: 3809K(3968K)->3809K(3968K)
[5.473s][info][gc          ] GC(5) Pause Full (System.gc()) 774M->774M(6144M) 335.020ms
[5.779s][info][gc,metaspace] GC(6) Metaspace: 22058K(22400K)->22058K(22400K) NonClass: 18248K(18432K)->18248K(18432K) Class: 3809K(3968K)->3809K(3968K)
[5.779s][info][gc          ] GC(6) Pause Full (System.gc()) 774M->774M(6144M) 305.758ms
[6.145s][info][gc,metaspace] GC(7) Metaspace: 22058K(22400K)->22058K(22400K) NonClass: 18248K(18432K)->18248K(18432K) Class: 3809K(3968K)->3809K(3968K)
[6.145s][info][gc          ] GC(7) Pause Full (System.gc()) 774M->774M(6144M) 361.563ms
[6.450s][info][gc,metaspace] GC(8) Metaspace: 22058K(22400K)->22058K(22400K) NonClass: 18248K(18432K)->18248K(18432K) Class: 3809K(3968K)->3809K(3968K)
[6.450s][info][gc          ] GC(8) Pause Full (System.gc()) 774M->774M(6144M) 304.889ms
[6.744s][info][gc,metaspace] GC(9) Metaspace: 22058K(22400K)->22058K(22400K) NonClass: 18248K(18432K)->18248K(18432K) Class: 3809K(3968K)->3809K(3968K)
[6.744s][info][gc          ] GC(9) Pause Full (System.gc()) 774M->774M(6144M) 293.866ms
[7.064s][info][gc,metaspace] GC(10) Metaspace: 22058K(22400K)->22058K(22400K) NonClass: 18248K(18432K)->18248K(18432K) Class: 3809K(3968K)->3809K(3968K)
[7.064s][info][gc          ] GC(10) Pause Full (System.gc()) 774M->774M(6144M) 319.842ms
[7.386s][info][gc,metaspace] GC(11) Metaspace: 22058K(22400K)->22058K(22400K) NonClass: 18248K(18432K)->18248K(18432K) Class: 3809K(3968K)->3809K(3968K)
[7.386s][info][gc          ] GC(11) Pause Full (System.gc()) 774M->774M(6144M) 321.845ms
[7.691s][info][gc,metaspace] GC(12) Metaspace: 22058K(22400K)->22058K(22400K) NonClass: 18248K(18432K)->18248K(18432K) Class: 3809K(3968K)->3809K(3968K)
[7.691s][info][gc          ] GC(12) Pause Full (System.gc()) 774M->774M(6144M) 305.072ms
[7.996s][info][gc,metaspace] GC(13) Metaspace: 22058K(22400K)->22058K(22400K) NonClass: 18248K(18432K)->18248K(18432K) Class: 3809K(3968K)->3809K(3968K)
[7.996s][info][gc          ] GC(13) Pause Full (System.gc()) 774M->774M(6144M) 305.216ms
[8.312s][info][gc,metaspace] GC(14) Metaspace: 22058K(22400K)->22058K(22400K) NonClass: 18248K(18432K)->18248K(18432K) Class: 3809K(3968K)->3809K(3968K)
[8.312s][info][gc          ] GC(14) Pause Full (System.gc()) 774M->774M(6144M) 315.596ms
[8.615s][info][gc,metaspace] GC(15) Metaspace: 22058K(22400K)->22058K(22400K) NonClass: 18248K(18432K)->18248K(18432K) Class: 3809K(3968K)->3809K(3968K)
[8.615s][info][gc          ] GC(15) Pause Full (System.gc()) 774M->774M(6144M) 303.242ms
[8.939s][info][gc,metaspace] GC(16) Metaspace: 22058K(22400K)->22058K(22400K) NonClass: 18248K(18432K)->18248K(18432K) Class: 3809K(3968K)->3809K(3968K)
[8.939s][info][gc          ] GC(16) Pause Full (System.gc()) 774M->774M(6144M) 323.332ms
[9.274s][info][gc,metaspace] GC(17) Metaspace: 22058K(22400K)->22058K(22400K) NonClass: 18248K(18432K)->18248K(18432K) Class: 3809K(3968K)->3809K(3968K)
[9.274s][info][gc          ] GC(17) Pause Full (System.gc()) 774M->774M(6144M) 335.308ms
[9.583s][info][gc,metaspace] GC(18) Metaspace: 22058K(22400K)->22058K(22400K) NonClass: 18248K(18432K)->18248K(18432K) Class: 3809K(3968K)->3809K(3968K)
[9.583s][info][gc          ] GC(18) Pause Full (System.gc()) 774M->774M(6144M) 308.500ms
[9.896s][info][gc,metaspace] GC(19) Metaspace: 22058K(22400K)->22058K(22400K) NonClass: 18248K(18432K)->18248K(18432K) Class: 3809K(3968K)->3809K(3968K)
[9.896s][info][gc          ] GC(19) Pause Full (System.gc()) 774M->774M(6144M) 313.615ms
[10.224s][info][gc,metaspace] GC(20) Metaspace: 22058K(22400K)->22058K(22400K) NonClass: 18248K(18432K)->18248K(18432K) Class: 3809K(3968K)->3809K(3968K)
[10.224s][info][gc          ] GC(20) Pause Full (System.gc()) 774M->774M(6144M) 327.588ms
[10.542s][info][gc,metaspace] GC(21) Metaspace: 22058K(22400K)->22058K(22400K) NonClass: 18248K(18432K)->18248K(18432K) Class: 3809K(3968K)->3809K(3968K)
[10.542s][info][gc          ] GC(21) Pause Full (System.gc()) 774M->774M(6144M) 317.604ms
[10.848s][info][gc,metaspace] GC(22) Metaspace: 22058K(22400K)->22058K(22400K) NonClass: 18248K(18432K)->18248K(18432K) Class: 3809K(3968K)->3809K(3968K)
[10.848s][info][gc          ] GC(22) Pause Full (System.gc()) 774M->774M(6144M) 306.454ms
[11.182s][info][gc,metaspace] GC(23) Metaspace: 22058K(22400K)->22058K(22400K) NonClass: 18248K(18432K)->18248K(18432K) Class: 3809K(3968K)->3809K(3968K)
[11.182s][info][gc          ] GC(23) Pause Full (System.gc()) 774M->774M(6144M) 333.707ms
[11.475s][info][gc,metaspace] GC(24) Metaspace: 22058K(22400K)->22058K(22400K) NonClass: 18248K(18432K)->18248K(18432K) Class: 3809K(3968K)->3809K(3968K)
[11.476s][info][gc          ] GC(24) Pause Full (System.gc()) 774M->774M(6144M) 293.418ms
[11.785s][info][gc,metaspace] GC(25) Metaspace: 22058K(22400K)->22058K(22400K) NonClass: 18248K(18432K)->18248K(18432K) Class: 3809K(3968K)->3809K(3968K)
[11.785s][info][gc          ] GC(25) Pause Full (System.gc()) 774M->774M(6144M) 309.524ms
[12.119s][info][gc,metaspace] GC(26) Metaspace: 22058K(22400K)->22058K(22400K) NonClass: 18248K(18432K)->18248K(18432K) Class: 3809K(3968K)->3809K(3968K)
[12.119s][info][gc          ] GC(26) Pause Full (System.gc()) 774M->774M(6144M) 334.225ms
[12.425s][info][gc,metaspace] GC(27) Metaspace: 22058K(22400K)->22058K(22400K) NonClass: 18248K(18432K)->18248K(18432K) Class: 3809K(3968K)->3809K(3968K)
[12.425s][info][gc          ] GC(27) Pause Full (System.gc()) 774M->774M(6144M) 305.890ms
[12.731s][info][gc,metaspace] GC(28) Metaspace: 22058K(22400K)->22058K(22400K) NonClass: 18248K(18432K)->18248K(18432K) Class: 3809K(3968K)->3809K(3968K)
[12.731s][info][gc          ] GC(28) Pause Full (System.gc()) 774M->774M(6144M) 305.429ms
[13.050s][info][gc,metaspace] GC(29) Metaspace: 22058K(22400K)->22058K(22400K) NonClass: 18248K(18432K)->18248K(18432K) Class: 3809K(3968K)->3809K(3968K)
[13.050s][info][gc          ] GC(29) Pause Full (System.gc()) 774M->774M(6144M) 319.515ms
[13.362s][info][gc,metaspace] GC(30) Metaspace: 22058K(22400K)->22058K(22400K) NonClass: 18248K(18432K)->18248K(18432K) Class: 3809K(3968K)->3809K(3968K)
[13.362s][info][gc          ] GC(30) Pause Full (System.gc()) 774M->774M(6144M) 311.440ms
[13.675s][info][gc,metaspace] GC(31) Metaspace: 22058K(22400K)->22058K(22400K) NonClass: 18248K(18432K)->18248K(18432K) Class: 3809K(3968K)->3809K(3968K)
[13.675s][info][gc          ] GC(31) Pause Full (System.gc()) 774M->774M(6144M) 312.960ms
[13.980s][info][gc,metaspace] GC(32) Metaspace: 22058K(22400K)->22058K(22400K) NonClass: 18248K(18432K)->18248K(18432K) Class: 3809K(3968K)->3809K(3968K)
[13.980s][info][gc          ] GC(32) Pause Full (System.gc()) 774M->774M(6144M) 305.235ms
[14.301s][info][gc,metaspace] GC(33) Metaspace: 22058K(22400K)->22058K(22400K) NonClass: 18248K(18432K)->18248K(18432K) Class: 3809K(3968K)->3809K(3968K)
[14.301s][info][gc          ] GC(33) Pause Full (System.gc()) 774M->774M(6144M) 320.993ms
[14.611s][info][gc,metaspace] GC(34) Metaspace: 22058K(22400K)->22058K(22400K) NonClass: 18248K(18432K)->18248K(18432K) Class: 3809K(3968K)->3809K(3968K)
[14.611s][info][gc          ] GC(34) Pause Full (System.gc()) 774M->774M(6144M) 309.763ms
[14.913s][info][gc,metaspace] GC(35) Metaspace: 22058K(22400K)->22058K(22400K) NonClass: 18248K(18432K)->18248K(18432K) Class: 3809K(3968K)->3809K(3968K)
[14.913s][info][gc          ] GC(35) Pause Full (System.gc()) 774M->774M(6144M) 302.020ms
[15.237s][info][gc,metaspace] GC(36) Metaspace: 22058K(22400K)->22058K(22400K) NonClass: 18248K(18432K)->18248K(18432K) Class: 3809K(3968K)->3809K(3968K)
[15.237s][info][gc          ] GC(36) Pause Full (System.gc()) 774M->774M(6144M) 323.710ms
[15.554s][info][gc,metaspace] GC(37) Metaspace: 22058K(22400K)->22058K(22400K) NonClass: 18248K(18432K)->18248K(18432K) Class: 3809K(3968K)->3809K(3968K)
[15.554s][info][gc          ] GC(37) Pause Full (System.gc()) 774M->774M(6144M) 316.513ms
[15.854s][info][gc,metaspace] GC(38) Metaspace: 22058K(22400K)->22058K(22400K) NonClass: 18248K(18432K)->18248K(18432K) Class: 3809K(3968K)->3809K(3968K)
[15.854s][info][gc          ] GC(38) Pause Full (System.gc()) 774M->774M(6144M) 300.140ms
[16.222s][info][gc,metaspace] GC(39) Metaspace: 22058K(22400K)->22058K(22400K) NonClass: 18248K(18432K)->18248K(18432K) Class: 3809K(3968K)->3809K(3968K)
[16.222s][info][gc          ] GC(39) Pause Full (System.gc()) 774M->774M(6144M) 363.473ms
[16.522s][info][gc,metaspace] GC(40) Metaspace: 22058K(22400K)->22058K(22400K) NonClass: 18248K(18432K)->18248K(18432K) Class: 3809K(3968K)->3809K(3968K)
[16.522s][info][gc          ] GC(40) Pause Full (System.gc()) 774M->774M(6144M) 300.275ms
[16.833s][info][gc,metaspace] GC(41) Metaspace: 22058K(22400K)->22058K(22400K) NonClass: 18248K(18432K)->18248K(18432K) Class: 3809K(3968K)->3809K(3968K)
[16.833s][info][gc          ] GC(41) Pause Full (System.gc()) 774M->774M(6144M) 311.439ms
[17.164s][info][gc,metaspace] GC(42) Metaspace: 22058K(22400K)->22058K(22400K) NonClass: 18248K(18432K)->18248K(18432K) Class: 3809K(3968K)->3809K(3968K)
[17.164s][info][gc          ] GC(42) Pause Full (System.gc()) 774M->774M(6144M) 330.804ms
[17.473s][info][gc,metaspace] GC(43) Metaspace: 22058K(22400K)->22058K(22400K) NonClass: 18248K(18432K)->18248K(18432K) Class: 3809K(3968K)->3809K(3968K)
[17.473s][info][gc          ] GC(43) Pause Full (System.gc()) 774M->774M(6144M) 308.275ms
[17.784s][info][gc,metaspace] GC(44) Metaspace: 22058K(22400K)->22058K(22400K) NonClass: 18248K(18432K)->18248K(18432K) Class: 3809K(3968K)->3809K(3968K)
[17.784s][info][gc          ] GC(44) Pause Full (System.gc()) 774M->774M(6144M) 311.633ms
[18.119s][info][gc,metaspace] GC(45) Metaspace: 22058K(22400K)->22058K(22400K) NonClass: 18248K(18432K)->18248K(18432K) Class: 3809K(3968K)->3809K(3968K)
[18.119s][info][gc          ] GC(45) Pause Full (System.gc()) 774M->774M(6144M) 334.457ms
[18.428s][info][gc,metaspace] GC(46) Metaspace: 22058K(22400K)->22058K(22400K) NonClass: 18248K(18432K)->18248K(18432K) Class: 3809K(3968K)->3809K(3968K)
[18.428s][info][gc          ] GC(46) Pause Full (System.gc()) 774M->774M(6144M) 309.079ms
[18.723s][info][gc,metaspace] GC(47) Metaspace: 22058K(22400K)->22058K(22400K) NonClass: 18248K(18432K)->18248K(18432K) Class: 3809K(3968K)->3809K(3968K)
[18.723s][info][gc          ] GC(47) Pause Full (System.gc()) 774M->774M(6144M) 294.845ms
[19.046s][info][gc,metaspace] GC(48) Metaspace: 22058K(22400K)->22058K(22400K) NonClass: 18248K(18432K)->18248K(18432K) Class: 3809K(3968K)->3809K(3968K)
[19.046s][info][gc          ] GC(48) Pause Full (System.gc()) 774M->774M(6144M) 322.959ms
[19.351s][info][gc,metaspace] GC(49) Metaspace: 22058K(22400K)->22058K(22400K) NonClass: 18248K(18432K)->18248K(18432K) Class: 3809K(3968K)->3809K(3968K)
[19.351s][info][gc          ] GC(49) Pause Full (System.gc()) 774M->774M(6144M) 304.569ms
[19.655s][info][gc,metaspace] GC(50) Metaspace: 22058K(22400K)->22058K(22400K) NonClass: 18248K(18432K)->18248K(18432K) Class: 3809K(3968K)->3809K(3968K)
[19.656s][info][gc          ] GC(50) Pause Full (System.gc()) 774M->774M(6144M) 304.866ms
[19.983s][info][gc,metaspace] GC(51) Metaspace: 22058K(22400K)->22058K(22400K) NonClass: 18248K(18432K)->18248K(18432K) Class: 3809K(3968K)->3809K(3968K)
[19.983s][info][gc          ] GC(51) Pause Full (System.gc()) 774M->774M(6144M) 327.233ms
[20.304s][info][gc,metaspace] GC(52) Metaspace: 22058K(22400K)->22058K(22400K) NonClass: 18248K(18432K)->18248K(18432K) Class: 3809K(3968K)->3809K(3968K)
[20.304s][info][gc          ] GC(52) Pause Full (System.gc()) 774M->774M(6144M) 320.911ms
[20.609s][info][gc,metaspace] GC(53) Metaspace: 22058K(22400K)->22058K(22400K) NonClass: 18248K(18432K)->18248K(18432K) Class: 3809K(3968K)->3809K(3968K)
[20.609s][info][gc          ] GC(53) Pause Full (System.gc()) 774M->774M(6144M) 305.577ms
[20.912s][info][gc,metaspace] GC(54) Metaspace: 22058K(22400K)->22058K(22400K) NonClass: 18248K(18432K)->18248K(18432K) Class: 3809K(3968K)->3809K(3968K)
[20.912s][info][gc          ] GC(54) Pause Full (System.gc()) 774M->774M(6144M) 302.771ms
[21.238s][info][gc,metaspace] GC(55) Metaspace: 22058K(22400K)->22058K(22400K) NonClass: 18248K(18432K)->18248K(18432K) Class: 3809K(3968K)->3809K(3968K)
[21.238s][info][gc          ] GC(55) Pause Full (System.gc()) 774M->774M(6144M) 325.974ms
[21.539s][info][gc,metaspace] GC(56) Metaspace: 22058K(22400K)->22058K(22400K) NonClass: 18248K(18432K)->18248K(18432K) Class: 3809K(3968K)->3809K(3968K)
[21.539s][info][gc          ] GC(56) Pause Full (System.gc()) 774M->774M(6144M) 300.973ms
[21.849s][info][gc,metaspace] GC(57) Metaspace: 22058K(22400K)->22058K(22400K) NonClass: 18248K(18432K)->18248K(18432K) Class: 3809K(3968K)->3809K(3968K)
[21.849s][info][gc          ] GC(57) Pause Full (System.gc()) 774M->774M(6144M) 309.369ms
[22.176s][info][gc,metaspace] GC(58) Metaspace: 22058K(22400K)->22058K(22400K) NonClass: 18248K(18432K)->18248K(18432K) Class: 3809K(3968K)->3809K(3968K)
[22.176s][info][gc          ] GC(58) Pause Full (System.gc()) 774M->774M(6144M) 327.213ms
[22.478s][info][gc,metaspace] GC(59) Metaspace: 22058K(22400K)->22058K(22400K) NonClass: 18248K(18432K)->18248K(18432K) Class: 3809K(3968K)->3809K(3968K)
[22.478s][info][gc          ] GC(59) Pause Full (System.gc()) 774M->774M(6144M) 302.300ms
[22.796s][info][gc,metaspace] GC(60) Metaspace: 22058K(22400K)->22058K(22400K) NonClass: 18248K(18432K)->18248K(18432K) Class: 3809K(3968K)->3809K(3968K)
[22.796s][info][gc          ] GC(60) Pause Full (System.gc()) 774M->774M(6144M) 317.920ms
[23.126s][info][gc,metaspace] GC(61) Metaspace: 22058K(22400K)->22058K(22400K) NonClass: 18248K(18432K)->18248K(18432K) Class: 3809K(3968K)->3809K(3968K)
[23.127s][info][gc          ] GC(61) Pause Full (System.gc()) 774M->774M(6144M) 330.054ms
[23.445s][info][gc,metaspace] GC(62) Metaspace: 22058K(22400K)->22058K(22400K) NonClass: 18248K(18432K)->18248K(18432K) Class: 3809K(3968K)->3809K(3968K)
[23.445s][info][gc          ] GC(62) Pause Full (System.gc()) 774M->774M(6144M) 318.677ms
[23.766s][info][gc,metaspace] GC(63) Metaspace: 22058K(22400K)->22058K(22400K) NonClass: 18248K(18432K)->18248K(18432K) Class: 3809K(3968K)->3809K(3968K)
[23.766s][info][gc          ] GC(63) Pause Full (System.gc()) 774M->774M(6144M) 321.103ms
[24.105s][info][gc,metaspace] GC(64) Metaspace: 22058K(22400K)->22058K(22400K) NonClass: 18248K(18432K)->18248K(18432K) Class: 3809K(3968K)->3809K(3968K)
[24.105s][info][gc          ] GC(64) Pause Full (System.gc()) 774M->774M(6144M) 338.930ms
[24.411s][info][gc,metaspace] GC(65) Metaspace: 22058K(22400K)->22058K(22400K) NonClass: 18248K(18432K)->18248K(18432K) Class: 3809K(3968K)->3809K(3968K)
[24.411s][info][gc          ] GC(65) Pause Full (System.gc()) 774M->774M(6144M) 305.638ms
[24.733s][info][gc,metaspace] GC(66) Metaspace: 22058K(22400K)->22058K(22400K) NonClass: 18248K(18432K)->18248K(18432K) Class: 3809K(3968K)->3809K(3968K)
[24.733s][info][gc          ] GC(66) Pause Full (System.gc()) 774M->774M(6144M) 322.239ms
[25.059s][info][gc,metaspace] GC(67) Metaspace: 22058K(22400K)->22058K(22400K) NonClass: 18248K(18432K)->18248K(18432K) Class: 3809K(3968K)->3809K(3968K)
[25.059s][info][gc          ] GC(67) Pause Full (System.gc()) 774M->774M(6144M) 325.800ms
[25.362s][info][gc,metaspace] GC(68) Metaspace: 22058K(22400K)->22058K(22400K) NonClass: 18248K(18432K)->18248K(18432K) Class: 3809K(3968K)->3809K(3968K)
[25.362s][info][gc          ] GC(68) Pause Full (System.gc()) 774M->774M(6144M) 302.813ms
[25.666s][info][gc,metaspace] GC(69) Metaspace: 22058K(22400K)->22058K(22400K) NonClass: 18248K(18432K)->18248K(18432K) Class: 3809K(3968K)->3809K(3968K)
[25.666s][info][gc          ] GC(69) Pause Full (System.gc()) 774M->774M(6144M) 303.412ms
[25.976s][info][gc,metaspace] GC(70) Metaspace: 22058K(22400K)->22058K(22400K) NonClass: 18248K(18432K)->18248K(18432K) Class: 3809K(3968K)->3809K(3968K)
[25.976s][info][gc          ] GC(70) Pause Full (System.gc()) 774M->774M(6144M) 310.212ms
[26.332s][info][gc,metaspace] GC(71) Metaspace: 22058K(22400K)->22058K(22400K) NonClass: 18248K(18432K)->18248K(18432K) Class: 3809K(3968K)->3809K(3968K)
[26.332s][info][gc          ] GC(71) Pause Full (System.gc()) 774M->774M(6144M) 351.290ms
[26.631s][info][gc,metaspace] GC(72) Metaspace: 22058K(22400K)->22058K(22400K) NonClass: 18248K(18432K)->18248K(18432K) Class: 3809K(3968K)->3809K(3968K)
[26.631s][info][gc          ] GC(72) Pause Full (System.gc()) 774M->774M(6144M) 299.003ms
[26.934s][info][gc,metaspace] GC(73) Metaspace: 22058K(22400K)->22058K(22400K) NonClass: 18248K(18432K)->18248K(18432K) Class: 3809K(3968K)->3809K(3968K)
[26.935s][info][gc          ] GC(73) Pause Full (System.gc()) 774M->774M(6144M) 303.797ms
[27.280s][info][gc,metaspace] GC(74) Metaspace: 22058K(22400K)->22058K(22400K) NonClass: 18248K(18432K)->18248K(18432K) Class: 3809K(3968K)->3809K(3968K)
[27.280s][info][gc          ] GC(74) Pause Full (System.gc()) 774M->774M(6144M) 345.109ms
[27.590s][info][gc,metaspace] GC(75) Metaspace: 22058K(22400K)->22058K(22400K) NonClass: 18248K(18432K)->18248K(18432K) Class: 3809K(3968K)->3809K(3968K)
[27.590s][info][gc          ] GC(75) Pause Full (System.gc()) 774M->774M(6144M) 310.083ms
[27.902s][info][gc,metaspace] GC(76) Metaspace: 22058K(22400K)->22058K(22400K) NonClass: 18248K(18432K)->18248K(18432K) Class: 3809K(3968K)->3809K(3968K)
[27.902s][info][gc          ] GC(76) Pause Full (System.gc()) 774M->774M(6144M) 311.899ms
[28.239s][info][gc,metaspace] GC(77) Metaspace: 22058K(22400K)->22058K(22400K) NonClass: 18248K(18432K)->18248K(18432K) Class: 3809K(3968K)->3809K(3968K)
[28.240s][info][gc          ] GC(77) Pause Full (System.gc()) 774M->774M(6144M) 337.684ms
[28.549s][info][gc,metaspace] GC(78) Metaspace: 22058K(22400K)->22058K(22400K) NonClass: 18248K(18432K)->18248K(18432K) Class: 3809K(3968K)->3809K(3968K)
[28.549s][info][gc          ] GC(78) Pause Full (System.gc()) 774M->774M(6144M) 309.229ms
[28.882s][info][gc,metaspace] GC(79) Metaspace: 22058K(22400K)->22058K(22400K) NonClass: 18248K(18432K)->18248K(18432K) Class: 3809K(3968K)->3809K(3968K)
[28.882s][info][gc          ] GC(79) Pause Full (System.gc()) 774M->774M(6144M) 332.863ms
[29.206s][info][gc,metaspace] GC(80) Metaspace: 22058K(22400K)->22058K(22400K) NonClass: 18248K(18432K)->18248K(18432K) Class: 3809K(3968K)->3809K(3968K)
[29.206s][info][gc          ] GC(80) Pause Full (System.gc()) 774M->774M(6144M) 324.626ms
[29.518s][info][gc,metaspace] GC(81) Metaspace: 22058K(22400K)->22058K(22400K) NonClass: 18248K(18432K)->18248K(18432K) Class: 3809K(3968K)->3809K(3968K)
[29.518s][info][gc          ] GC(81) Pause Full (System.gc()) 774M->774M(6144M) 311.645ms
[29.840s][info][gc,metaspace] GC(82) Metaspace: 22058K(22400K)->22058K(22400K) NonClass: 18248K(18432K)->18248K(18432K) Class: 3809K(3968K)->3809K(3968K)
[29.840s][info][gc          ] GC(82) Pause Full (System.gc()) 774M->774M(6144M) 321.301ms
[30.176s][info][gc,metaspace] GC(83) Metaspace: 22058K(22400K)->22058K(22400K) NonClass: 18248K(18432K)->18248K(18432K) Class: 3809K(3968K)->3809K(3968K)
[30.176s][info][gc          ] GC(83) Pause Full (System.gc()) 774M->774M(6144M) 336.040ms
[30.498s][info][gc,metaspace] GC(84) Metaspace: 22058K(22400K)->22058K(22400K) NonClass: 18248K(18432K)->18248K(18432K) Class: 3809K(3968K)->3809K(3968K)
[30.498s][info][gc          ] GC(84) Pause Full (System.gc()) 774M->774M(6144M) 321.942ms
[30.806s][info][gc,metaspace] GC(85) Metaspace: 22058K(22400K)->22058K(22400K) NonClass: 18248K(18432K)->18248K(18432K) Class: 3809K(3968K)->3809K(3968K)
[30.806s][info][gc          ] GC(85) Pause Full (System.gc()) 774M->774M(6144M) 308.248ms
[31.146s][info][gc,metaspace] GC(86) Metaspace: 22058K(22400K)->22058K(22400K) NonClass: 18248K(18432K)->18248K(18432K) Class: 3809K(3968K)->3809K(3968K)
[31.146s][info][gc          ] GC(86) Pause Full (System.gc()) 774M->774M(6144M) 339.836ms
[31.495s][info][gc,metaspace] GC(87) Metaspace: 22058K(22400K)->22058K(22400K) NonClass: 18248K(18432K)->18248K(18432K) Class: 3809K(3968K)->3809K(3968K)
[31.495s][info][gc          ] GC(87) Pause Full (System.gc()) 774M->774M(6144M) 344.711ms
[31.798s][info][gc,metaspace] GC(88) Metaspace: 22058K(22400K)->22058K(22400K) NonClass: 18248K(18432K)->18248K(18432K) Class: 3809K(3968K)->3809K(3968K)
[31.798s][info][gc          ] GC(88) Pause Full (System.gc()) 774M->774M(6144M) 303.173ms
[32.126s][info][gc,metaspace] GC(89) Metaspace: 22058K(22400K)->22058K(22400K) NonClass: 18248K(18432K)->18248K(18432K) Class: 3809K(3968K)->3809K(3968K)
[32.126s][info][gc          ] GC(89) Pause Full (System.gc()) 774M->774M(6144M) 327.530ms
[32.429s][info][gc,metaspace] GC(90) Metaspace: 22058K(22400K)->22058K(22400K) NonClass: 18248K(18432K)->18248K(18432K) Class: 3809K(3968K)->3809K(3968K)
[32.429s][info][gc          ] GC(90) Pause Full (System.gc()) 774M->774M(6144M) 302.937ms
[32.740s][info][gc,metaspace] GC(91) Metaspace: 22058K(22400K)->22058K(22400K) NonClass: 18248K(18432K)->18248K(18432K) Class: 3809K(3968K)->3809K(3968K)
[32.740s][info][gc          ] GC(91) Pause Full (System.gc()) 774M->774M(6144M) 311.359ms
[33.082s][info][gc,metaspace] GC(92) Metaspace: 22058K(22400K)->22058K(22400K) NonClass: 18248K(18432K)->18248K(18432K) Class: 3809K(3968K)->3809K(3968K)
[33.082s][info][gc          ] GC(92) Pause Full (System.gc()) 774M->774M(6144M) 342.088ms
[33.387s][info][gc,metaspace] GC(93) Metaspace: 22058K(22400K)->22058K(22400K) NonClass: 18248K(18432K)->18248K(18432K) Class: 3809K(3968K)->3809K(3968K)
[33.387s][info][gc          ] GC(93) Pause Full (System.gc()) 774M->774M(6144M) 305.076ms
[33.704s][info][gc,metaspace] GC(94) Metaspace: 22058K(22400K)->22058K(22400K) NonClass: 18248K(18432K)->18248K(18432K) Class: 3809K(3968K)->3809K(3968K)
[33.704s][info][gc          ] GC(94) Pause Full (System.gc()) 774M->774M(6144M) 316.078ms
[34.035s][info][gc,metaspace] GC(95) Metaspace: 22058K(22400K)->22058K(22400K) NonClass: 18248K(18432K)->18248K(18432K) Class: 3809K(3968K)->3809K(3968K)
[34.035s][info][gc          ] GC(95) Pause Full (System.gc()) 774M->774M(6144M) 331.711ms
[34.340s][info][gc,metaspace] GC(96) Metaspace: 22058K(22400K)->22058K(22400K) NonClass: 18248K(18432K)->18248K(18432K) Class: 3809K(3968K)->3809K(3968K)
[34.340s][info][gc          ] GC(96) Pause Full (System.gc()) 774M->774M(6144M) 304.971ms
[34.664s][info][gc,metaspace] GC(97) Metaspace: 22058K(22400K)->22058K(22400K) NonClass: 18248K(18432K)->18248K(18432K) Class: 3809K(3968K)->3809K(3968K)
[34.664s][info][gc          ] GC(97) Pause Full (System.gc()) 774M->774M(6144M) 323.821ms
[34.976s][info][gc,metaspace] GC(98) Metaspace: 22058K(22400K)->22058K(22400K) NonClass: 18248K(18432K)->18248K(18432K) Class: 3809K(3968K)->3809K(3968K)
[34.976s][info][gc          ] GC(98) Pause Full (System.gc()) 774M->774M(6144M) 311.240ms
[35.338s][info][gc,metaspace] GC(99) Metaspace: 22058K(22400K)->22058K(22400K) NonClass: 18248K(18432K)->18248K(18432K) Class: 3809K(3968K)->3809K(3968K)
[35.338s][info][gc          ] GC(99) Pause Full (System.gc()) 774M->774M(6144M) 362.505ms
[35.643s][info][gc,metaspace] GC(100) Metaspace: 22058K(22400K)->22058K(22400K) NonClass: 18248K(18432K)->18248K(18432K) Class: 3809K(3968K)->3809K(3968K)
[35.643s][info][gc          ] GC(100) Pause Full (System.gc()) 774M->774M(6144M) 304.743ms
[35.956s][info][gc,metaspace] GC(101) Metaspace: 22058K(22400K)->22058K(22400K) NonClass: 18248K(18432K)->18248K(18432K) Class: 3809K(3968K)->3809K(3968K)
[35.956s][info][gc          ] GC(101) Pause Full (System.gc()) 774M->774M(6144M) 312.956ms
After GCs... 
