[0.002s][info][metaspace]  - commit_granule_bytes: 65536.
[0.002s][info][metaspace]  - commit_granule_words: 8192.
[0.002s][info][metaspace]  - virtual_space_node_default_size: 8388608.
[0.002s][info][metaspace]  - enlarge_chunks_in_place: 1.
[0.002s][info][metaspace]  - use_allocation_guard: 0.
[0.004s][info][gc       ] Using Parallel
[0.325s][info][metaspace] Reserving compressed class space anywhere
[0.325s][info][gc,metaspace] CDS archive(s) not mapped
[0.325s][info][gc,metaspace] Compressed class space mapped at: 0x0000000018000000-0x00000000d8000000, reserved size: 3221225472
[0.325s][info][gc,metaspace] UseCompressedClassPointers 1, UseCompactObjectHeaders 0, narrow klass pointer bits 32, max shift 3
[0.325s][info][gc,metaspace] Narrow klass base: 0x0000000000000000, Narrow klass shift: 0, Narrow klass range: 0xd8000000
Random Seed: 12345678
Num Classes: 4096
Num Objects: 67108864
Percent IK Objects: 83.0%)
Percent OAK Objects: 5.0%)
Percent TAK Objects: 12.0%)
Cycles: 40
Loading 4096 pre-generated classes ...
Materialize pre-generated constructors ...
Creating objects...
[0.694s][info][gc,metaspace] GC(0) Metaspace: 15783K(16064K)->15783K(16064K) NonClass: 12524K(12672K)->12524K(12672K) Class: 3259K(3392K)->3259K(3392K)
[0.694s][info][gc          ] GC(0) Pause Full (System.gc()) 153M->5M(5888M) 8.066ms
[3.735s][info][gc,metaspace] GC(1) Metaspace: 30749K(34432K)->30749K(34432K) NonClass: 25343K(26944K)->25343K(26944K) Class: 5405K(7488K)->5405K(7488K)
[3.735s][info][gc          ] GC(1) Pause Young (Allocation Failure) 1541M->356M(5888M) 456.915ms
[6.225s][info][gc,metaspace] GC(2) Metaspace: 30751K(34432K)->30751K(34432K) NonClass: 25345K(26944K)->25345K(26944K) Class: 5405K(7488K)->5405K(7488K)
[6.225s][info][gc          ] GC(2) Pause Young (Allocation Failure) 1892M->496M(5888M) 143.130ms
[8.766s][info][gc,metaspace] GC(3) Metaspace: 30751K(34432K)->30751K(34432K) NonClass: 25345K(26944K)->25345K(26944K) Class: 5405K(7488K)->5405K(7488K)
[8.766s][info][gc          ] GC(3) Pause Young (Allocation Failure) 2032M->634M(5888M) 204.867ms
[11.355s][info][gc,metaspace] GC(4) Metaspace: 30751K(34432K)->30751K(34432K) NonClass: 25345K(26944K)->25345K(26944K) Class: 5405K(7488K)->5405K(7488K)
[11.355s][info][gc          ] GC(4) Pause Young (Allocation Failure) 2170M->773M(5888M) 197.355ms
[13.926s][info][gc,metaspace] GC(5) Metaspace: 30751K(34432K)->30751K(34432K) NonClass: 25345K(26944K)->25345K(26944K) Class: 5405K(7488K)->5405K(7488K)
[13.926s][info][gc          ] GC(5) Pause Young (Allocation Failure) 2309M->912M(5888M) 265.284ms
[15.767s][info][gc,metaspace] GC(6) Metaspace: 30751K(34432K)->30751K(34432K) NonClass: 25345K(26944K)->25345K(26944K) Class: 5405K(7488K)->5405K(7488K)
[15.767s][info][gc          ] GC(6) Pause Young (Allocation Failure) 2448M->1051M(5264M) 227.627ms
[16.779s][info][gc,metaspace] GC(7) Metaspace: 30751K(34432K)->30751K(34432K) NonClass: 25345K(26944K)->25345K(26944K) Class: 5405K(7488K)->5405K(7488K)
[16.779s][info][gc          ] GC(7) Pause Young (Allocation Failure) 1963M->1134M(5138M) 216.475ms
[17.586s][info][gc,metaspace] GC(8) Metaspace: 30751K(34432K)->30751K(34432K) NonClass: 25345K(26944K)->25345K(26944K) Class: 5405K(7488K)->5405K(7488K)
[17.586s][info][gc          ] GC(8) Pause Young (Allocation Failure) 2046M->1217M(5586M) 141.923ms
[18.411s][info][gc,metaspace] GC(9) Metaspace: 30751K(34432K)->30751K(34432K) NonClass: 25345K(26944K)->25345K(26944K) Class: 5405K(7488K)->5405K(7488K)
[18.411s][info][gc          ] GC(9) Pause Young (Allocation Failure) 2133M->1299M(5570M) 172.465ms
[19.236s][info][gc,metaspace] GC(10) Metaspace: 30751K(34432K)->30751K(34432K) NonClass: 25345K(26944K)->25345K(26944K) Class: 5405K(7488K)->5405K(7488K)
[19.236s][info][gc          ] GC(10) Pause Young (Allocation Failure) 2215M->1382M(5620M) 179.450ms
[20.073s][info][gc,metaspace] GC(11) Metaspace: 30751K(34432K)->30751K(34432K) NonClass: 25345K(26944K)->25345K(26944K) Class: 5405K(7488K)->5405K(7488K)
[20.073s][info][gc          ] GC(11) Pause Young (Allocation Failure) 2374M->1472M(5612M) 143.079ms
[20.828s][info][gc,metaspace] GC(12) Metaspace: 30751K(34432K)->30751K(34432K) NonClass: 25345K(26944K)->25345K(26944K) Class: 5405K(7488K)->5405K(7488K)
[20.828s][info][gc          ] GC(12) Pause Young (Allocation Failure) 2464M->1562M(5618M) 108.877ms
[21.630s][info][gc,metaspace] GC(13) Metaspace: 30751K(34432K)->30751K(34432K) NonClass: 25345K(26944K)->25345K(26944K) Class: 5405K(7488K)->5405K(7488K)
[21.630s][info][gc          ] GC(13) Pause Young (Allocation Failure) 2556M->1652M(5616M) 105.154ms
[22.435s][info][gc,metaspace] GC(14) Metaspace: 30751K(34432K)->30751K(34432K) NonClass: 25345K(26944K)->25345K(26944K) Class: 5405K(7488K)->5405K(7488K)
[22.435s][info][gc          ] GC(14) Pause Young (Allocation Failure) 2646M->1742M(5632M) 109.580ms
67108864 Objects created
 - IK: 55699211 (82.99829%)
 - OAK: 3355627 (5.0002737%)
 - TAK: 8054026 (12.001434%)
Preparatory GC...
[24.159s][info][gc,metaspace] GC(15) Metaspace: 30751K(34432K)->30751K(34432K) NonClass: 25345K(26944K)->25345K(26944K) Class: 5405K(7488K)->5405K(7488K)
[24.159s][info][gc          ] GC(15) Pause Full (System.gc()) 2534M->1806M(5632M) 1172.226ms
[25.007s][info][gc,metaspace] GC(16) Metaspace: 30751K(34432K)->30751K(34432K) NonClass: 25345K(26944K)->25345K(26944K) Class: 5405K(7488K)->5405K(7488K)
[25.007s][info][gc          ] GC(16) Pause Full (System.gc()) 1806M->1806M(5632M) 847.878ms
Done; will start GCs... 
[25.705s][info][gc,metaspace] GC(17) Metaspace: 30751K(34432K)->30751K(34432K) NonClass: 25345K(26944K)->25345K(26944K) Class: 5405K(7488K)->5405K(7488K)
[25.705s][info][gc          ] GC(17) Pause Full (System.gc()) 1827M->1806M(5632M) 698.274ms
[26.454s][info][gc,metaspace] GC(18) Metaspace: 30751K(34432K)->30751K(34432K) NonClass: 25345K(26944K)->25345K(26944K) Class: 5405K(7488K)->5405K(7488K)
[26.454s][info][gc          ] GC(18) Pause Full (System.gc()) 1806M->1806M(5632M) 749.152ms
[27.171s][info][gc,metaspace] GC(19) Metaspace: 30751K(34432K)->30751K(34432K) NonClass: 25345K(26944K)->25345K(26944K) Class: 5405K(7488K)->5405K(7488K)
[27.171s][info][gc          ] GC(19) Pause Full (System.gc()) 1806M->1806M(5632M) 716.753ms
[27.922s][info][gc,metaspace] GC(20) Metaspace: 30751K(34432K)->30751K(34432K) NonClass: 25345K(26944K)->25345K(26944K) Class: 5405K(7488K)->5405K(7488K)
[27.922s][info][gc          ] GC(20) Pause Full (System.gc()) 1806M->1806M(5632M) 750.204ms
[28.642s][info][gc,metaspace] GC(21) Metaspace: 30751K(34432K)->30751K(34432K) NonClass: 25345K(26944K)->25345K(26944K) Class: 5405K(7488K)->5405K(7488K)
[28.642s][info][gc          ] GC(21) Pause Full (System.gc()) 1806M->1806M(5632M) 719.909ms
[29.386s][info][gc,metaspace] GC(22) Metaspace: 30751K(34432K)->30751K(34432K) NonClass: 25345K(26944K)->25345K(26944K) Class: 5405K(7488K)->5405K(7488K)
[29.386s][info][gc          ] GC(22) Pause Full (System.gc()) 1806M->1806M(5632M) 744.680ms
[30.111s][info][gc,metaspace] GC(23) Metaspace: 30751K(34432K)->30751K(34432K) NonClass: 25345K(26944K)->25345K(26944K) Class: 5405K(7488K)->5405K(7488K)
[30.111s][info][gc          ] GC(23) Pause Full (System.gc()) 1806M->1806M(5632M) 724.176ms
[30.836s][info][gc,metaspace] GC(24) Metaspace: 30751K(34432K)->30751K(34432K) NonClass: 25345K(26944K)->25345K(26944K) Class: 5405K(7488K)->5405K(7488K)
[30.836s][info][gc          ] GC(24) Pause Full (System.gc()) 1806M->1806M(5632M) 725.195ms
[31.552s][info][gc,metaspace] GC(25) Metaspace: 30751K(34432K)->30751K(34432K) NonClass: 25345K(26944K)->25345K(26944K) Class: 5405K(7488K)->5405K(7488K)
[31.552s][info][gc          ] GC(25) Pause Full (System.gc()) 1806M->1806M(5632M) 716.063ms
[32.294s][info][gc,metaspace] GC(26) Metaspace: 30751K(34432K)->30751K(34432K) NonClass: 25345K(26944K)->25345K(26944K) Class: 5405K(7488K)->5405K(7488K)
[32.294s][info][gc          ] GC(26) Pause Full (System.gc()) 1806M->1806M(5632M) 741.764ms
[33.076s][info][gc,metaspace] GC(27) Metaspace: 30751K(34432K)->30751K(34432K) NonClass: 25345K(26944K)->25345K(26944K) Class: 5405K(7488K)->5405K(7488K)
[33.077s][info][gc          ] GC(27) Pause Full (System.gc()) 1806M->1806M(5632M) 782.611ms
[33.787s][info][gc,metaspace] GC(28) Metaspace: 30751K(34432K)->30751K(34432K) NonClass: 25345K(26944K)->25345K(26944K) Class: 5405K(7488K)->5405K(7488K)
[33.787s][info][gc          ] GC(28) Pause Full (System.gc()) 1806M->1806M(5632M) 706.435ms
[34.542s][info][gc,metaspace] GC(29) Metaspace: 30751K(34432K)->30751K(34432K) NonClass: 25345K(26944K)->25345K(26944K) Class: 5405K(7488K)->5405K(7488K)
[34.542s][info][gc          ] GC(29) Pause Full (System.gc()) 1806M->1806M(5632M) 754.961ms
[35.300s][info][gc,metaspace] GC(30) Metaspace: 30751K(34432K)->30751K(34432K) NonClass: 25345K(26944K)->25345K(26944K) Class: 5405K(7488K)->5405K(7488K)
[35.301s][info][gc          ] GC(30) Pause Full (System.gc()) 1806M->1806M(5632M) 758.017ms
[36.073s][info][gc,metaspace] GC(31) Metaspace: 30751K(34432K)->30751K(34432K) NonClass: 25345K(26944K)->25345K(26944K) Class: 5405K(7488K)->5405K(7488K)
[36.073s][info][gc          ] GC(31) Pause Full (System.gc()) 1806M->1806M(5632M) 772.371ms
[36.819s][info][gc,metaspace] GC(32) Metaspace: 30751K(34432K)->30751K(34432K) NonClass: 25345K(26944K)->25345K(26944K) Class: 5405K(7488K)->5405K(7488K)
[36.819s][info][gc          ] GC(32) Pause Full (System.gc()) 1806M->1806M(5632M) 746.091ms
[37.518s][info][gc,metaspace] GC(33) Metaspace: 30751K(34432K)->30751K(34432K) NonClass: 25345K(26944K)->25345K(26944K) Class: 5405K(7488K)->5405K(7488K)
[37.518s][info][gc          ] GC(33) Pause Full (System.gc()) 1806M->1806M(5632M) 698.903ms
[38.338s][info][gc,metaspace] GC(34) Metaspace: 30751K(34432K)->30751K(34432K) NonClass: 25345K(26944K)->25345K(26944K) Class: 5405K(7488K)->5405K(7488K)
[38.338s][info][gc          ] GC(34) Pause Full (System.gc()) 1806M->1806M(5632M) 820.234ms
[39.068s][info][gc,metaspace] GC(35) Metaspace: 30751K(34432K)->30751K(34432K) NonClass: 25345K(26944K)->25345K(26944K) Class: 5405K(7488K)->5405K(7488K)
[39.068s][info][gc          ] GC(35) Pause Full (System.gc()) 1806M->1806M(5632M) 728.491ms
[39.787s][info][gc,metaspace] GC(36) Metaspace: 30751K(34432K)->30751K(34432K) NonClass: 25345K(26944K)->25345K(26944K) Class: 5405K(7488K)->5405K(7488K)
[39.787s][info][gc          ] GC(36) Pause Full (System.gc()) 1806M->1806M(5632M) 718.556ms
[40.536s][info][gc,metaspace] GC(37) Metaspace: 30751K(34432K)->30751K(34432K) NonClass: 25345K(26944K)->25345K(26944K) Class: 5405K(7488K)->5405K(7488K)
[40.536s][info][gc          ] GC(37) Pause Full (System.gc()) 1806M->1806M(5632M) 749.279ms
[41.319s][info][gc,metaspace] GC(38) Metaspace: 30751K(34432K)->30751K(34432K) NonClass: 25345K(26944K)->25345K(26944K) Class: 5405K(7488K)->5405K(7488K)
[41.319s][info][gc          ] GC(38) Pause Full (System.gc()) 1806M->1806M(5632M) 782.809ms
[42.061s][info][gc,metaspace] GC(39) Metaspace: 30751K(34432K)->30751K(34432K) NonClass: 25345K(26944K)->25345K(26944K) Class: 5405K(7488K)->5405K(7488K)
[42.061s][info][gc          ] GC(39) Pause Full (System.gc()) 1806M->1806M(5632M) 742.156ms
[42.798s][info][gc,metaspace] GC(40) Metaspace: 30751K(34432K)->30751K(34432K) NonClass: 25345K(26944K)->25345K(26944K) Class: 5405K(7488K)->5405K(7488K)
[42.798s][info][gc          ] GC(40) Pause Full (System.gc()) 1806M->1806M(5632M) 736.972ms
[43.547s][info][gc,metaspace] GC(41) Metaspace: 30751K(34432K)->30751K(34432K) NonClass: 25345K(26944K)->25345K(26944K) Class: 5405K(7488K)->5405K(7488K)
[43.547s][info][gc          ] GC(41) Pause Full (System.gc()) 1806M->1806M(5632M) 748.522ms
[44.284s][info][gc,metaspace] GC(42) Metaspace: 30751K(34432K)->30751K(34432K) NonClass: 25345K(26944K)->25345K(26944K) Class: 5405K(7488K)->5405K(7488K)
[44.284s][info][gc          ] GC(42) Pause Full (System.gc()) 1806M->1806M(5632M) 732.409ms
[45.013s][info][gc,metaspace] GC(43) Metaspace: 30751K(34432K)->30751K(34432K) NonClass: 25345K(26944K)->25345K(26944K) Class: 5405K(7488K)->5405K(7488K)
[45.013s][info][gc          ] GC(43) Pause Full (System.gc()) 1806M->1806M(5632M) 729.427ms
[45.701s][info][gc,metaspace] GC(44) Metaspace: 30751K(34432K)->30751K(34432K) NonClass: 25345K(26944K)->25345K(26944K) Class: 5405K(7488K)->5405K(7488K)
[45.702s][info][gc          ] GC(44) Pause Full (System.gc()) 1806M->1806M(5632M) 688.233ms
[46.439s][info][gc,metaspace] GC(45) Metaspace: 30751K(34432K)->30751K(34432K) NonClass: 25345K(26944K)->25345K(26944K) Class: 5405K(7488K)->5405K(7488K)
[46.439s][info][gc          ] GC(45) Pause Full (System.gc()) 1806M->1806M(5632M) 737.105ms
[47.155s][info][gc,metaspace] GC(46) Metaspace: 30751K(34432K)->30751K(34432K) NonClass: 25345K(26944K)->25345K(26944K) Class: 5405K(7488K)->5405K(7488K)
[47.155s][info][gc          ] GC(46) Pause Full (System.gc()) 1806M->1806M(5632M) 716.468ms
[47.887s][info][gc,metaspace] GC(47) Metaspace: 30751K(34432K)->30751K(34432K) NonClass: 25345K(26944K)->25345K(26944K) Class: 5405K(7488K)->5405K(7488K)
[47.887s][info][gc          ] GC(47) Pause Full (System.gc()) 1806M->1806M(5632M) 731.809ms
[48.606s][info][gc,metaspace] GC(48) Metaspace: 30751K(34432K)->30751K(34432K) NonClass: 25345K(26944K)->25345K(26944K) Class: 5405K(7488K)->5405K(7488K)
[48.606s][info][gc          ] GC(48) Pause Full (System.gc()) 1806M->1806M(5632M) 719.031ms
[49.324s][info][gc,metaspace] GC(49) Metaspace: 30751K(34432K)->30751K(34432K) NonClass: 25345K(26944K)->25345K(26944K) Class: 5405K(7488K)->5405K(7488K)
[49.325s][info][gc          ] GC(49) Pause Full (System.gc()) 1806M->1806M(5632M) 718.201ms
[50.063s][info][gc,metaspace] GC(50) Metaspace: 30751K(34432K)->30751K(34432K) NonClass: 25345K(26944K)->25345K(26944K) Class: 5405K(7488K)->5405K(7488K)
[50.063s][info][gc          ] GC(50) Pause Full (System.gc()) 1806M->1806M(5632M) 738.561ms
[50.772s][info][gc,metaspace] GC(51) Metaspace: 30751K(34432K)->30751K(34432K) NonClass: 25345K(26944K)->25345K(26944K) Class: 5405K(7488K)->5405K(7488K)
[50.772s][info][gc          ] GC(51) Pause Full (System.gc()) 1806M->1806M(5632M) 708.923ms
[51.504s][info][gc,metaspace] GC(52) Metaspace: 30751K(34432K)->30751K(34432K) NonClass: 25345K(26944K)->25345K(26944K) Class: 5405K(7488K)->5405K(7488K)
[51.504s][info][gc          ] GC(52) Pause Full (System.gc()) 1806M->1806M(5632M) 731.686ms
[52.220s][info][gc,metaspace] GC(53) Metaspace: 30751K(34432K)->30751K(34432K) NonClass: 25345K(26944K)->25345K(26944K) Class: 5405K(7488K)->5405K(7488K)
[52.220s][info][gc          ] GC(53) Pause Full (System.gc()) 1806M->1806M(5632M) 715.953ms
[52.978s][info][gc,metaspace] GC(54) Metaspace: 30751K(34432K)->30751K(34432K) NonClass: 25345K(26944K)->25345K(26944K) Class: 5405K(7488K)->5405K(7488K)
[52.978s][info][gc          ] GC(54) Pause Full (System.gc()) 1806M->1806M(5632M) 757.770ms
[53.699s][info][gc,metaspace] GC(55) Metaspace: 30751K(34432K)->30751K(34432K) NonClass: 25345K(26944K)->25345K(26944K) Class: 5405K(7488K)->5405K(7488K)
[53.699s][info][gc          ] GC(55) Pause Full (System.gc()) 1806M->1806M(5632M) 721.047ms
[54.464s][info][gc,metaspace] GC(56) Metaspace: 30751K(34432K)->30751K(34432K) NonClass: 25345K(26944K)->25345K(26944K) Class: 5405K(7488K)->5405K(7488K)
[54.464s][info][gc          ] GC(56) Pause Full (System.gc()) 1806M->1806M(5632M) 764.810ms
After GCs... 
