Done; will start GCs... 
[25.705s][info][gc,metaspace] GC(17) Metaspace: 30751K(34432K)->30751K(34432K) NonClass: 25345K(26944K)->25345K(26944K) Class: 5405K(7488K)->5405K(7488K)
[25.705s][info][gc          ] GC(17) Pause Full (System.gc()) 1827M->1806M(5632M) 698.274ms
[26.454s][info][gc,metaspace] GC(18) Metaspace: 30751K(34432K)->30751K(34432K) NonClass: 25345K(26944K)->25345K(26944K) Class: 5405K(7488K)->5405K(7488K)
[26.454s][info][gc          ] GC(18) Pause Full (System.gc()) 1806M->1806M(5632M) 749.152ms
[27.171s][info][gc,metaspace] GC(19) Metaspace: 30751K(34432K)->30751K(34432K) NonClass: 25345K(26944K)->25345K(26944K) Class: 5405K(7488K)->5405K(7488K)
[27.171s][info][gc          ] GC(19) Pause Full (System.gc()) 1806M->1806M(5632M) 716.753ms
[27.922s][info][gc,metaspace] GC(20) Metaspace: 30751K(34432K)->30751K(34432K) NonClass: 25345K(26944K)->25345K(26944K) Class: 5405K(7488K)->5405K(7488K)
[27.922s][info][gc          ] GC(20) Pause Full (System.gc()) 1806M->1806M(5632M) 750.204ms
[28.642s][info][gc,metaspace] GC(21) Metaspace: 30751K(34432K)->30751K(34432K) NonClass: 25345K(26944K)->25345K(26944K) Class: 5405K(7488K)->5405K(7488K)
[28.642s][info][gc          ] GC(21) Pause Full (System.gc()) 1806M->1806M(5632M) 719.909ms
[29.386s][info][gc,metaspace] GC(22) Metaspace: 30751K(34432K)->30751K(34432K) NonClass: 25345K(26944K)->25345K(26944K) Class: 5405K(7488K)->5405K(7488K)
[29.386s][info][gc          ] GC(22) Pause Full (System.gc()) 1806M->1806M(5632M) 744.680ms
[30.111s][info][gc,metaspace] GC(23) Metaspace: 30751K(34432K)->30751K(34432K) NonClass: 25345K(26944K)->25345K(26944K) Class: 5405K(7488K)->5405K(7488K)
[30.111s][info][gc          ] GC(23) Pause Full (System.gc()) 1806M->1806M(5632M) 724.176ms
[30.836s][info][gc,metaspace] GC(24) Metaspace: 30751K(34432K)->30751K(34432K) NonClass: 25345K(26944K)->25345K(26944K) Class: 5405K(7488K)->5405K(7488K)
[30.836s][info][gc          ] GC(24) Pause Full (System.gc()) 1806M->1806M(5632M) 725.195ms
[31.552s][info][gc,metaspace] GC(25) Metaspace: 30751K(34432K)->30751K(34432K) NonClass: 25345K(26944K)->25345K(26944K) Class: 5405K(7488K)->5405K(7488K)
[31.552s][info][gc          ] GC(25) Pause Full (System.gc()) 1806M->1806M(5632M) 716.063ms
[32.294s][info][gc,metaspace] GC(26) Metaspace: 30751K(34432K)->30751K(34432K) NonClass: 25345K(26944K)->25345K(26944K) Class: 5405K(7488K)->5405K(7488K)
[32.294s][info][gc          ] GC(26) Pause Full (System.gc()) 1806M->1806M(5632M) 741.764ms
[33.076s][info][gc,metaspace] GC(27) Metaspace: 30751K(34432K)->30751K(34432K) NonClass: 25345K(26944K)->25345K(26944K) Class: 5405K(7488K)->5405K(7488K)
[33.077s][info][gc          ] GC(27) Pause Full (System.gc()) 1806M->1806M(5632M) 782.611ms
[33.787s][info][gc,metaspace] GC(28) Metaspace: 30751K(34432K)->30751K(34432K) NonClass: 25345K(26944K)->25345K(26944K) Class: 5405K(7488K)->5405K(7488K)
[33.787s][info][gc          ] GC(28) Pause Full (System.gc()) 1806M->1806M(5632M) 706.435ms
[34.542s][info][gc,metaspace] GC(29) Metaspace: 30751K(34432K)->30751K(34432K) NonClass: 25345K(26944K)->25345K(26944K) Class: 5405K(7488K)->5405K(7488K)
[34.542s][info][gc          ] GC(29) Pause Full (System.gc()) 1806M->1806M(5632M) 754.961ms
[35.300s][info][gc,metaspace] GC(30) Metaspace: 30751K(34432K)->30751K(34432K) NonClass: 25345K(26944K)->25345K(26944K) Class: 5405K(7488K)->5405K(7488K)
[35.301s][info][gc          ] GC(30) Pause Full (System.gc()) 1806M->1806M(5632M) 758.017ms
[36.073s][info][gc,metaspace] GC(31) Metaspace: 30751K(34432K)->30751K(34432K) NonClass: 25345K(26944K)->25345K(26944K) Class: 5405K(7488K)->5405K(7488K)
[36.073s][info][gc          ] GC(31) Pause Full (System.gc()) 1806M->1806M(5632M) 772.371ms
[36.819s][info][gc,metaspace] GC(32) Metaspace: 30751K(34432K)->30751K(34432K) NonClass: 25345K(26944K)->25345K(26944K) Class: 5405K(7488K)->5405K(7488K)
[36.819s][info][gc          ] GC(32) Pause Full (System.gc()) 1806M->1806M(5632M) 746.091ms
[37.518s][info][gc,metaspace] GC(33) Metaspace: 30751K(34432K)->30751K(34432K) NonClass: 25345K(26944K)->25345K(26944K) Class: 5405K(7488K)->5405K(7488K)
[37.518s][info][gc          ] GC(33) Pause Full (System.gc()) 1806M->1806M(5632M) 698.903ms
[38.338s][info][gc,metaspace] GC(34) Metaspace: 30751K(34432K)->30751K(34432K) NonClass: 25345K(26944K)->25345K(26944K) Class: 5405K(7488K)->5405K(7488K)
[38.338s][info][gc          ] GC(34) Pause Full (System.gc()) 1806M->1806M(5632M) 820.234ms
[39.068s][info][gc,metaspace] GC(35) Metaspace: 30751K(34432K)->30751K(34432K) NonClass: 25345K(26944K)->25345K(26944K) Class: 5405K(7488K)->5405K(7488K)
[39.068s][info][gc          ] GC(35) Pause Full (System.gc()) 1806M->1806M(5632M) 728.491ms
[39.787s][info][gc,metaspace] GC(36) Metaspace: 30751K(34432K)->30751K(34432K) NonClass: 25345K(26944K)->25345K(26944K) Class: 5405K(7488K)->5405K(7488K)
[39.787s][info][gc          ] GC(36) Pause Full (System.gc()) 1806M->1806M(5632M) 718.556ms
[40.536s][info][gc,metaspace] GC(37) Metaspace: 30751K(34432K)->30751K(34432K) NonClass: 25345K(26944K)->25345K(26944K) Class: 5405K(7488K)->5405K(7488K)
[40.536s][info][gc          ] GC(37) Pause Full (System.gc()) 1806M->1806M(5632M) 749.279ms
[41.319s][info][gc,metaspace] GC(38) Metaspace: 30751K(34432K)->30751K(34432K) NonClass: 25345K(26944K)->25345K(26944K) Class: 5405K(7488K)->5405K(7488K)
[41.319s][info][gc          ] GC(38) Pause Full (System.gc()) 1806M->1806M(5632M) 782.809ms
[42.061s][info][gc,metaspace] GC(39) Metaspace: 30751K(34432K)->30751K(34432K) NonClass: 25345K(26944K)->25345K(26944K) Class: 5405K(7488K)->5405K(7488K)
[42.061s][info][gc          ] GC(39) Pause Full (System.gc()) 1806M->1806M(5632M) 742.156ms
[42.798s][info][gc,metaspace] GC(40) Metaspace: 30751K(34432K)->30751K(34432K) NonClass: 25345K(26944K)->25345K(26944K) Class: 5405K(7488K)->5405K(7488K)
[42.798s][info][gc          ] GC(40) Pause Full (System.gc()) 1806M->1806M(5632M) 736.972ms
[43.547s][info][gc,metaspace] GC(41) Metaspace: 30751K(34432K)->30751K(34432K) NonClass: 25345K(26944K)->25345K(26944K) Class: 5405K(7488K)->5405K(7488K)
[43.547s][info][gc          ] GC(41) Pause Full (System.gc()) 1806M->1806M(5632M) 748.522ms
[44.284s][info][gc,metaspace] GC(42) Metaspace: 30751K(34432K)->30751K(34432K) NonClass: 25345K(26944K)->25345K(26944K) Class: 5405K(7488K)->5405K(7488K)
[44.284s][info][gc          ] GC(42) Pause Full (System.gc()) 1806M->1806M(5632M) 732.409ms
[45.013s][info][gc,metaspace] GC(43) Metaspace: 30751K(34432K)->30751K(34432K) NonClass: 25345K(26944K)->25345K(26944K) Class: 5405K(7488K)->5405K(7488K)
[45.013s][info][gc          ] GC(43) Pause Full (System.gc()) 1806M->1806M(5632M) 729.427ms
[45.701s][info][gc,metaspace] GC(44) Metaspace: 30751K(34432K)->30751K(34432K) NonClass: 25345K(26944K)->25345K(26944K) Class: 5405K(7488K)->5405K(7488K)
[45.702s][info][gc          ] GC(44) Pause Full (System.gc()) 1806M->1806M(5632M) 688.233ms
[46.439s][info][gc,metaspace] GC(45) Metaspace: 30751K(34432K)->30751K(34432K) NonClass: 25345K(26944K)->25345K(26944K) Class: 5405K(7488K)->5405K(7488K)
[46.439s][info][gc          ] GC(45) Pause Full (System.gc()) 1806M->1806M(5632M) 737.105ms
[47.155s][info][gc,metaspace] GC(46) Metaspace: 30751K(34432K)->30751K(34432K) NonClass: 25345K(26944K)->25345K(26944K) Class: 5405K(7488K)->5405K(7488K)
[47.155s][info][gc          ] GC(46) Pause Full (System.gc()) 1806M->1806M(5632M) 716.468ms
[47.887s][info][gc,metaspace] GC(47) Metaspace: 30751K(34432K)->30751K(34432K) NonClass: 25345K(26944K)->25345K(26944K) Class: 5405K(7488K)->5405K(7488K)
[47.887s][info][gc          ] GC(47) Pause Full (System.gc()) 1806M->1806M(5632M) 731.809ms
[48.606s][info][gc,metaspace] GC(48) Metaspace: 30751K(34432K)->30751K(34432K) NonClass: 25345K(26944K)->25345K(26944K) Class: 5405K(7488K)->5405K(7488K)
[48.606s][info][gc          ] GC(48) Pause Full (System.gc()) 1806M->1806M(5632M) 719.031ms
[49.324s][info][gc,metaspace] GC(49) Metaspace: 30751K(34432K)->30751K(34432K) NonClass: 25345K(26944K)->25345K(26944K) Class: 5405K(7488K)->5405K(7488K)
[49.325s][info][gc          ] GC(49) Pause Full (System.gc()) 1806M->1806M(5632M) 718.201ms
[50.063s][info][gc,metaspace] GC(50) Metaspace: 30751K(34432K)->30751K(34432K) NonClass: 25345K(26944K)->25345K(26944K) Class: 5405K(7488K)->5405K(7488K)
[50.063s][info][gc          ] GC(50) Pause Full (System.gc()) 1806M->1806M(5632M) 738.561ms
[50.772s][info][gc,metaspace] GC(51) Metaspace: 30751K(34432K)->30751K(34432K) NonClass: 25345K(26944K)->25345K(26944K) Class: 5405K(7488K)->5405K(7488K)
[50.772s][info][gc          ] GC(51) Pause Full (System.gc()) 1806M->1806M(5632M) 708.923ms
[51.504s][info][gc,metaspace] GC(52) Metaspace: 30751K(34432K)->30751K(34432K) NonClass: 25345K(26944K)->25345K(26944K) Class: 5405K(7488K)->5405K(7488K)
[51.504s][info][gc          ] GC(52) Pause Full (System.gc()) 1806M->1806M(5632M) 731.686ms
[52.220s][info][gc,metaspace] GC(53) Metaspace: 30751K(34432K)->30751K(34432K) NonClass: 25345K(26944K)->25345K(26944K) Class: 5405K(7488K)->5405K(7488K)
[52.220s][info][gc          ] GC(53) Pause Full (System.gc()) 1806M->1806M(5632M) 715.953ms
[52.978s][info][gc,metaspace] GC(54) Metaspace: 30751K(34432K)->30751K(34432K) NonClass: 25345K(26944K)->25345K(26944K) Class: 5405K(7488K)->5405K(7488K)
[52.978s][info][gc          ] GC(54) Pause Full (System.gc()) 1806M->1806M(5632M) 757.770ms
[53.699s][info][gc,metaspace] GC(55) Metaspace: 30751K(34432K)->30751K(34432K) NonClass: 25345K(26944K)->25345K(26944K) Class: 5405K(7488K)->5405K(7488K)
[53.699s][info][gc          ] GC(55) Pause Full (System.gc()) 1806M->1806M(5632M) 721.047ms
[54.464s][info][gc,metaspace] GC(56) Metaspace: 30751K(34432K)->30751K(34432K) NonClass: 25345K(26944K)->25345K(26944K) Class: 5405K(7488K)->5405K(7488K)
[54.464s][info][gc          ] GC(56) Pause Full (System.gc()) 1806M->1806M(5632M) 764.810ms
After GCs... 
