Done; will start GCs... 
[26.445s][info][gc,metaspace] GC(16) Metaspace: 31166K(34880K)->31166K(34880K) NonClass: 23141K(24768K)->23141K(24768K) Class: 8025K(10112K)->8025K(10112K)
[26.445s][info][gc          ] GC(16) Pause Full (System.gc()) 1613M->1593M(5636M) 710.946ms
[27.111s][info][gc,metaspace] GC(17) Metaspace: 31166K(34880K)->31166K(34880K) NonClass: 23141K(24768K)->23141K(24768K) Class: 8025K(10112K)->8025K(10112K)
[27.111s][info][gc          ] GC(17) Pause Full (System.gc()) 1593M->1593M(5636M) 666.318ms
[27.834s][info][gc,metaspace] GC(18) Metaspace: 31166K(34880K)->31166K(34880K) NonClass: 23141K(24768K)->23141K(24768K) Class: 8025K(10112K)->8025K(10112K)
[27.834s][info][gc          ] GC(18) Pause Full (System.gc()) 1593M->1593M(5636M) 722.762ms
[28.638s][info][gc,metaspace] GC(19) Metaspace: 31166K(34880K)->31166K(34880K) NonClass: 23141K(24768K)->23141K(24768K) Class: 8025K(10112K)->8025K(10112K)
[28.638s][info][gc          ] GC(19) Pause Full (System.gc()) 1593M->1593M(5636M) 803.960ms
[29.334s][info][gc,metaspace] GC(20) Metaspace: 31166K(34880K)->31166K(34880K) NonClass: 23141K(24768K)->23141K(24768K) Class: 8025K(10112K)->8025K(10112K)
[29.334s][info][gc          ] GC(20) Pause Full (System.gc()) 1593M->1593M(5636M) 695.711ms
[30.015s][info][gc,metaspace] GC(21) Metaspace: 31166K(34880K)->31166K(34880K) NonClass: 23141K(24768K)->23141K(24768K) Class: 8025K(10112K)->8025K(10112K)
[30.015s][info][gc          ] GC(21) Pause Full (System.gc()) 1593M->1593M(5636M) 680.550ms
[30.709s][info][gc,metaspace] GC(22) Metaspace: 31166K(34880K)->31166K(34880K) NonClass: 23141K(24768K)->23141K(24768K) Class: 8025K(10112K)->8025K(10112K)
[30.709s][info][gc          ] GC(22) Pause Full (System.gc()) 1593M->1593M(5636M) 694.369ms
[31.440s][info][gc,metaspace] GC(23) Metaspace: 31166K(34880K)->31166K(34880K) NonClass: 23141K(24768K)->23141K(24768K) Class: 8025K(10112K)->8025K(10112K)
[31.440s][info][gc          ] GC(23) Pause Full (System.gc()) 1593M->1593M(5636M) 730.378ms
[32.124s][info][gc,metaspace] GC(24) Metaspace: 31166K(34880K)->31166K(34880K) NonClass: 23141K(24768K)->23141K(24768K) Class: 8025K(10112K)->8025K(10112K)
[32.124s][info][gc          ] GC(24) Pause Full (System.gc()) 1593M->1593M(5636M) 684.579ms
[32.838s][info][gc,metaspace] GC(25) Metaspace: 31166K(34880K)->31166K(34880K) NonClass: 23141K(24768K)->23141K(24768K) Class: 8025K(10112K)->8025K(10112K)
[32.838s][info][gc          ] GC(25) Pause Full (System.gc()) 1593M->1593M(5636M) 713.714ms
[33.614s][info][gc,metaspace] GC(26) Metaspace: 31166K(34880K)->31166K(34880K) NonClass: 23141K(24768K)->23141K(24768K) Class: 8025K(10112K)->8025K(10112K)
[33.614s][info][gc          ] GC(26) Pause Full (System.gc()) 1593M->1593M(5636M) 771.446ms
[34.294s][info][gc,metaspace] GC(27) Metaspace: 31166K(34880K)->31166K(34880K) NonClass: 23141K(24768K)->23141K(24768K) Class: 8025K(10112K)->8025K(10112K)
[34.294s][info][gc          ] GC(27) Pause Full (System.gc()) 1593M->1593M(5636M) 679.867ms
[34.970s][info][gc,metaspace] GC(28) Metaspace: 31166K(34880K)->31166K(34880K) NonClass: 23141K(24768K)->23141K(24768K) Class: 8025K(10112K)->8025K(10112K)
[34.970s][info][gc          ] GC(28) Pause Full (System.gc()) 1593M->1593M(5636M) 675.666ms
[35.674s][info][gc,metaspace] GC(29) Metaspace: 31166K(34880K)->31166K(34880K) NonClass: 23141K(24768K)->23141K(24768K) Class: 8025K(10112K)->8025K(10112K)
[35.674s][info][gc          ] GC(29) Pause Full (System.gc()) 1593M->1593M(5636M) 704.246ms
[36.418s][info][gc,metaspace] GC(30) Metaspace: 31166K(34880K)->31166K(34880K) NonClass: 23141K(24768K)->23141K(24768K) Class: 8025K(10112K)->8025K(10112K)
[36.418s][info][gc          ] GC(30) Pause Full (System.gc()) 1593M->1593M(5636M) 743.627ms
[37.114s][info][gc,metaspace] GC(31) Metaspace: 31166K(34880K)->31166K(34880K) NonClass: 23141K(24768K)->23141K(24768K) Class: 8025K(10112K)->8025K(10112K)
[37.114s][info][gc          ] GC(31) Pause Full (System.gc()) 1593M->1593M(5636M) 696.292ms
[37.808s][info][gc,metaspace] GC(32) Metaspace: 31166K(34880K)->31166K(34880K) NonClass: 23141K(24768K)->23141K(24768K) Class: 8025K(10112K)->8025K(10112K)
[37.808s][info][gc          ] GC(32) Pause Full (System.gc()) 1593M->1593M(5636M) 693.531ms
[38.535s][info][gc,metaspace] GC(33) Metaspace: 31166K(34880K)->31166K(34880K) NonClass: 23141K(24768K)->23141K(24768K) Class: 8025K(10112K)->8025K(10112K)
[38.535s][info][gc          ] GC(33) Pause Full (System.gc()) 1593M->1593M(5636M) 726.714ms
[39.219s][info][gc,metaspace] GC(34) Metaspace: 31166K(34880K)->31166K(34880K) NonClass: 23141K(24768K)->23141K(24768K) Class: 8025K(10112K)->8025K(10112K)
[39.219s][info][gc          ] GC(34) Pause Full (System.gc()) 1593M->1593M(5636M) 679.603ms
[39.903s][info][gc,metaspace] GC(35) Metaspace: 31166K(34880K)->31166K(34880K) NonClass: 23141K(24768K)->23141K(24768K) Class: 8025K(10112K)->8025K(10112K)
[39.903s][info][gc          ] GC(35) Pause Full (System.gc()) 1593M->1593M(5636M) 684.368ms
[40.603s][info][gc,metaspace] GC(36) Metaspace: 31166K(34880K)->31166K(34880K) NonClass: 23141K(24768K)->23141K(24768K) Class: 8025K(10112K)->8025K(10112K)
[40.603s][info][gc          ] GC(36) Pause Full (System.gc()) 1593M->1593M(5636M) 700.210ms
[41.296s][info][gc,metaspace] GC(37) Metaspace: 31166K(34880K)->31166K(34880K) NonClass: 23141K(24768K)->23141K(24768K) Class: 8025K(10112K)->8025K(10112K)
[41.296s][info][gc          ] GC(37) Pause Full (System.gc()) 1593M->1593M(5636M) 692.157ms
[42.019s][info][gc,metaspace] GC(38) Metaspace: 31166K(34880K)->31166K(34880K) NonClass: 23141K(24768K)->23141K(24768K) Class: 8025K(10112K)->8025K(10112K)
[42.019s][info][gc          ] GC(38) Pause Full (System.gc()) 1593M->1593M(5636M) 723.600ms
[42.765s][info][gc,metaspace] GC(39) Metaspace: 31166K(34880K)->31166K(34880K) NonClass: 23141K(24768K)->23141K(24768K) Class: 8025K(10112K)->8025K(10112K)
[42.765s][info][gc          ] GC(39) Pause Full (System.gc()) 1593M->1593M(5636M) 746.016ms
[43.478s][info][gc,metaspace] GC(40) Metaspace: 31166K(34880K)->31166K(34880K) NonClass: 23141K(24768K)->23141K(24768K) Class: 8025K(10112K)->8025K(10112K)
[43.478s][info][gc          ] GC(40) Pause Full (System.gc()) 1593M->1593M(5636M) 712.325ms
[44.196s][info][gc,metaspace] GC(41) Metaspace: 31166K(34880K)->31166K(34880K) NonClass: 23141K(24768K)->23141K(24768K) Class: 8025K(10112K)->8025K(10112K)
[44.196s][info][gc          ] GC(41) Pause Full (System.gc()) 1593M->1593M(5636M) 717.991ms
[44.916s][info][gc,metaspace] GC(42) Metaspace: 31166K(34880K)->31166K(34880K) NonClass: 23141K(24768K)->23141K(24768K) Class: 8025K(10112K)->8025K(10112K)
[44.916s][info][gc          ] GC(42) Pause Full (System.gc()) 1593M->1593M(5636M) 715.670ms
[45.623s][info][gc,metaspace] GC(43) Metaspace: 31166K(34880K)->31166K(34880K) NonClass: 23141K(24768K)->23141K(24768K) Class: 8025K(10112K)->8025K(10112K)
[45.623s][info][gc          ] GC(43) Pause Full (System.gc()) 1593M->1593M(5636M) 706.470ms
[46.316s][info][gc,metaspace] GC(44) Metaspace: 31166K(34880K)->31166K(34880K) NonClass: 23141K(24768K)->23141K(24768K) Class: 8025K(10112K)->8025K(10112K)
[46.316s][info][gc          ] GC(44) Pause Full (System.gc()) 1593M->1593M(5636M) 693.223ms
[47.015s][info][gc,metaspace] GC(45) Metaspace: 31166K(34880K)->31166K(34880K) NonClass: 23141K(24768K)->23141K(24768K) Class: 8025K(10112K)->8025K(10112K)
[47.015s][info][gc          ] GC(45) Pause Full (System.gc()) 1593M->1593M(5636M) 698.996ms
[47.707s][info][gc,metaspace] GC(46) Metaspace: 31166K(34880K)->31166K(34880K) NonClass: 23141K(24768K)->23141K(24768K) Class: 8025K(10112K)->8025K(10112K)
[47.707s][info][gc          ] GC(46) Pause Full (System.gc()) 1593M->1593M(5636M) 691.580ms
[48.449s][info][gc,metaspace] GC(47) Metaspace: 31166K(34880K)->31166K(34880K) NonClass: 23141K(24768K)->23141K(24768K) Class: 8025K(10112K)->8025K(10112K)
[48.449s][info][gc          ] GC(47) Pause Full (System.gc()) 1593M->1593M(5636M) 742.028ms
[49.147s][info][gc,metaspace] GC(48) Metaspace: 31166K(34880K)->31166K(34880K) NonClass: 23141K(24768K)->23141K(24768K) Class: 8025K(10112K)->8025K(10112K)
[49.147s][info][gc          ] GC(48) Pause Full (System.gc()) 1593M->1593M(5636M) 698.392ms
[49.844s][info][gc,metaspace] GC(49) Metaspace: 31166K(34880K)->31166K(34880K) NonClass: 23141K(24768K)->23141K(24768K) Class: 8025K(10112K)->8025K(10112K)
[49.844s][info][gc          ] GC(49) Pause Full (System.gc()) 1593M->1593M(5636M) 696.919ms
[50.549s][info][gc,metaspace] GC(50) Metaspace: 31166K(34880K)->31166K(34880K) NonClass: 23141K(24768K)->23141K(24768K) Class: 8025K(10112K)->8025K(10112K)
[50.549s][info][gc          ] GC(50) Pause Full (System.gc()) 1593M->1593M(5636M) 704.929ms
[51.236s][info][gc,metaspace] GC(51) Metaspace: 31166K(34880K)->31166K(34880K) NonClass: 23141K(24768K)->23141K(24768K) Class: 8025K(10112K)->8025K(10112K)
[51.236s][info][gc          ] GC(51) Pause Full (System.gc()) 1593M->1593M(5636M) 686.729ms
[51.937s][info][gc,metaspace] GC(52) Metaspace: 31166K(34880K)->31166K(34880K) NonClass: 23141K(24768K)->23141K(24768K) Class: 8025K(10112K)->8025K(10112K)
[51.937s][info][gc          ] GC(52) Pause Full (System.gc()) 1593M->1593M(5636M) 700.786ms
[52.635s][info][gc,metaspace] GC(53) Metaspace: 31166K(34880K)->31166K(34880K) NonClass: 23141K(24768K)->23141K(24768K) Class: 8025K(10112K)->8025K(10112K)
[52.635s][info][gc          ] GC(53) Pause Full (System.gc()) 1593M->1593M(5636M) 698.129ms
[53.377s][info][gc,metaspace] GC(54) Metaspace: 31166K(34880K)->31166K(34880K) NonClass: 23141K(24768K)->23141K(24768K) Class: 8025K(10112K)->8025K(10112K)
[53.378s][info][gc          ] GC(54) Pause Full (System.gc()) 1593M->1593M(5636M) 742.139ms
[54.059s][info][gc,metaspace] GC(55) Metaspace: 31166K(34880K)->31166K(34880K) NonClass: 23141K(24768K)->23141K(24768K) Class: 8025K(10112K)->8025K(10112K)
[54.059s][info][gc          ] GC(55) Pause Full (System.gc()) 1593M->1593M(5636M) 681.487ms
After GCs... 
