[0.001s][info][metaspace]  - commit_granule_bytes: 65536.
[0.001s][info][metaspace]  - commit_granule_words: 8192.
[0.001s][info][metaspace]  - virtual_space_node_default_size: 8388608.
[0.001s][info][metaspace]  - enlarge_chunks_in_place: 1.
[0.001s][info][metaspace]  - use_allocation_guard: 0.
[0.005s][info][gc       ] Using Parallel
[0.457s][info][metaspace] Reserving compressed class space anywhere
[0.457s][info][gc,metaspace] CDS archive(s) not mapped
[0.457s][info][gc,metaspace] Compressed class space mapped at: 0x000000001b000000-0x00000000db000000, reserved size: 3221225472
[0.457s][info][gc,metaspace] UseCompressedClassPointers 1, UseCompactObjectHeaders 1, narrow klass pointer bits 22, max shift 10
[0.457s][info][gc,metaspace] Narrow klass base: 0x000000001b000000, Narrow klass shift: 10, Narrow klass range: 0xc0000000
Random Seed: 12345678
Num Classes: 256
Num Objects: 67108864
Percent IK Objects: 83.0%)
Percent OAK Objects: 5.0%)
Percent TAK Objects: 12.0%)
Wired up: false
Cycles: 10
Loading 256 pre-generated classes ...
Materialize pre-generated constructors ...
Creating objects...
[0.655s][info][gc,metaspace] GC(0) Metaspace: 11540K(11840K)->11540K(11840K) NonClass: 9507K(9664K)->9507K(9664K) Class: 2033K(2176K)->2033K(2176K)
[0.655s][info][gc          ] GC(0) Pause Full (System.gc()) 122M->1M(5888M) 7.320ms
[2.126s][info][gc,metaspace] GC(1) Metaspace: 12498K(12992K)->12498K(12992K) NonClass: 10329K(10560K)->10329K(10560K) Class: 2169K(2432K)->2169K(2432K)
[2.126s][info][gc          ] GC(1) Pause Young (Allocation Failure) 1537M->378M(5888M) 558.450ms
[3.041s][info][gc,metaspace] GC(2) Metaspace: 12499K(12992K)->12499K(12992K) NonClass: 10330K(10560K)->10330K(10560K) Class: 2169K(2432K)->2169K(2432K)
[3.041s][info][gc          ] GC(2) Pause Young (Allocation Failure) 1914M->521M(5888M) 163.827ms
[3.984s][info][gc,metaspace] GC(3) Metaspace: 12499K(12992K)->12499K(12992K) NonClass: 10330K(10560K)->10330K(10560K) Class: 2169K(2432K)->2169K(2432K)
[3.984s][info][gc          ] GC(3) Pause Young (Allocation Failure) 2057M->655M(5888M) 243.646ms
[4.978s][info][gc,metaspace] GC(4) Metaspace: 12499K(12992K)->12499K(12992K) NonClass: 10330K(10560K)->10330K(10560K) Class: 2169K(2432K)->2169K(2432K)
[4.978s][info][gc          ] GC(4) Pause Young (Allocation Failure) 2191M->789M(5888M) 281.829ms
[5.918s][info][gc,metaspace] GC(5) Metaspace: 12499K(12992K)->12499K(12992K) NonClass: 10330K(10560K)->10330K(10560K) Class: 2169K(2432K)->2169K(2432K)
[5.918s][info][gc          ] GC(5) Pause Young (Allocation Failure) 2325M->923M(5888M) 224.945ms
[6.937s][info][gc,metaspace] GC(6) Metaspace: 12499K(12992K)->12499K(12992K) NonClass: 10330K(10560K)->10330K(10560K) Class: 2169K(2432K)->2169K(2432K)
[6.937s][info][gc          ] GC(6) Pause Young (Allocation Failure) 2459M->1057M(5304M) 307.845ms
[7.519s][info][gc,metaspace] GC(7) Metaspace: 12499K(12992K)->12499K(12992K) NonClass: 10330K(10560K)->10330K(10560K) Class: 2169K(2432K)->2169K(2432K)
[7.519s][info][gc          ] GC(7) Pause Young (Allocation Failure) 2009M->1140M(5194M) 140.970ms
[8.251s][info][gc,metaspace] GC(8) Metaspace: 12499K(12992K)->12499K(12992K) NonClass: 10330K(10560K)->10330K(10560K) Class: 2169K(2432K)->2169K(2432K)
[8.251s][info][gc          ] GC(8) Pause Young (Allocation Failure) 2092M->1223M(5599M) 235.414ms
[8.976s][info][gc,metaspace] GC(9) Metaspace: 12499K(12992K)->12499K(12992K) NonClass: 10330K(10560K)->10330K(10560K) Class: 2169K(2432K)->2169K(2432K)
[8.976s][info][gc          ] GC(9) Pause Young (Allocation Failure) 2171M->1306M(5588M) 276.179ms
[9.644s][info][gc,metaspace] GC(10) Metaspace: 12499K(12992K)->12499K(12992K) NonClass: 10330K(10560K)->10330K(10560K) Class: 2169K(2432K)->2169K(2432K)
[9.644s][info][gc          ] GC(10) Pause Young (Allocation Failure) 2254M->1389M(5625M) 217.901ms
[10.315s][info][gc,metaspace] GC(11) Metaspace: 12499K(12992K)->12499K(12992K) NonClass: 10330K(10560K)->10330K(10560K) Class: 2169K(2432K)->2169K(2432K)
[10.315s][info][gc          ] GC(11) Pause Young (Allocation Failure) 2394M->1477M(5189M) 153.938ms
[10.942s][info][gc,metaspace] GC(12) Metaspace: 12499K(12992K)->12499K(12992K) NonClass: 10330K(10560K)->10330K(10560K) Class: 2169K(2432K)->2169K(2432K)
[10.942s][info][gc          ] GC(12) Pause Young (Allocation Failure) 2482M->1564M(5617M) 104.185ms
67108864 Objects created
 - IK: 55699211 (82.99829%)
 - OAK: 3355627 (5.0002737%)
 - TAK: 8054026 (12.001434%)
Preparatory GC...
[12.213s][info][gc,metaspace] GC(13) Metaspace: 12499K(12992K)->12499K(12992K) NonClass: 10330K(10560K)->10330K(10560K) Class: 2169K(2432K)->2169K(2432K)
[12.214s][info][gc          ] GC(13) Pause Full (System.gc()) 2441M->1637M(5617M) 866.292ms
[12.749s][info][gc,metaspace] GC(14) Metaspace: 12499K(12992K)->12499K(12992K) NonClass: 10330K(10560K)->10330K(10560K) Class: 2169K(2432K)->2169K(2432K)
[12.749s][info][gc          ] GC(14) Pause Full (System.gc()) 1637M->1637M(5617M) 534.917ms
Done; will start GCs... 
[13.302s][info][gc,metaspace] GC(15) Metaspace: 12499K(12992K)->12499K(12992K) NonClass: 10330K(10560K)->10330K(10560K) Class: 2169K(2432K)->2169K(2432K)
[13.302s][info][gc          ] GC(15) Pause Full (System.gc()) 1656M->1637M(5617M) 553.675ms
[13.871s][info][gc,metaspace] GC(16) Metaspace: 12499K(12992K)->12499K(12992K) NonClass: 10330K(10560K)->10330K(10560K) Class: 2169K(2432K)->2169K(2432K)
[13.871s][info][gc          ] GC(16) Pause Full (System.gc()) 1637M->1637M(5617M) 568.159ms
[14.396s][info][gc,metaspace] GC(17) Metaspace: 12499K(12992K)->12499K(12992K) NonClass: 10330K(10560K)->10330K(10560K) Class: 2169K(2432K)->2169K(2432K)
[14.396s][info][gc          ] GC(17) Pause Full (System.gc()) 1637M->1637M(5617M) 525.710ms
[14.945s][info][gc,metaspace] GC(18) Metaspace: 12499K(12992K)->12499K(12992K) NonClass: 10330K(10560K)->10330K(10560K) Class: 2169K(2432K)->2169K(2432K)
[14.945s][info][gc          ] GC(18) Pause Full (System.gc()) 1637M->1637M(5617M) 548.201ms
[15.479s][info][gc,metaspace] GC(19) Metaspace: 12499K(12992K)->12499K(12992K) NonClass: 10330K(10560K)->10330K(10560K) Class: 2169K(2432K)->2169K(2432K)
[15.479s][info][gc          ] GC(19) Pause Full (System.gc()) 1637M->1637M(5617M) 529.711ms
[16.107s][info][gc,metaspace] GC(20) Metaspace: 12499K(12992K)->12499K(12992K) NonClass: 10330K(10560K)->10330K(10560K) Class: 2169K(2432K)->2169K(2432K)
[16.107s][info][gc          ] GC(20) Pause Full (System.gc()) 1637M->1637M(5617M) 627.746ms
[16.630s][info][gc,metaspace] GC(21) Metaspace: 12499K(12992K)->12499K(12992K) NonClass: 10330K(10560K)->10330K(10560K) Class: 2169K(2432K)->2169K(2432K)
[16.630s][info][gc          ] GC(21) Pause Full (System.gc()) 1637M->1637M(5617M) 523.142ms
[17.163s][info][gc,metaspace] GC(22) Metaspace: 12499K(12992K)->12499K(12992K) NonClass: 10330K(10560K)->10330K(10560K) Class: 2169K(2432K)->2169K(2432K)
[17.163s][info][gc          ] GC(22) Pause Full (System.gc()) 1637M->1637M(5617M) 533.029ms
[17.688s][info][gc,metaspace] GC(23) Metaspace: 12499K(12992K)->12499K(12992K) NonClass: 10330K(10560K)->10330K(10560K) Class: 2169K(2432K)->2169K(2432K)
[17.689s][info][gc          ] GC(23) Pause Full (System.gc()) 1637M->1637M(5617M) 525.414ms
[18.250s][info][gc,metaspace] GC(24) Metaspace: 12499K(12992K)->12499K(12992K) NonClass: 10330K(10560K)->10330K(10560K) Class: 2169K(2432K)->2169K(2432K)
[18.250s][info][gc          ] GC(24) Pause Full (System.gc()) 1637M->1637M(5617M) 561.738ms
After GCs... 
