Done; will start GCs... 
[11.234s][info][gc,metaspace] GC(3) Metaspace: 28397K(29568K)->28397K(29568K) NonClass: 23115K(23680K)->23115K(23680K) Class: 5282K(5888K)->5282K(5888K)
[11.234s][info][gc          ] GC(3) Pause Full (System.gc()) 857M->772M(5888M) 961.413ms
[11.776s][info][gc,metaspace] GC(4) Metaspace: 28397K(29568K)->28397K(29568K) NonClass: 23115K(23680K)->23115K(23680K) Class: 5282K(5888K)->5282K(5888K)
[11.776s][info][gc          ] GC(4) Pause Full (System.gc()) 772M->772M(5888M) 541.805ms
[12.349s][info][gc,metaspace] GC(5) Metaspace: 28397K(29568K)->28397K(29568K) NonClass: 23115K(23680K)->23115K(23680K) Class: 5282K(5888K)->5282K(5888K)
[12.349s][info][gc          ] GC(5) Pause Full (System.gc()) 772M->772M(5888M) 573.442ms
[12.905s][info][gc,metaspace] GC(6) Metaspace: 28398K(29568K)->28398K(29568K) NonClass: 23116K(23680K)->23116K(23680K) Class: 5282K(5888K)->5282K(5888K)
[12.905s][info][gc          ] GC(6) Pause Full (System.gc()) 772M->772M(5888M) 555.237ms
[13.484s][info][gc,metaspace] GC(7) Metaspace: 28398K(29568K)->28398K(29568K) NonClass: 23116K(23680K)->23116K(23680K) Class: 5282K(5888K)->5282K(5888K)
[13.484s][info][gc          ] GC(7) Pause Full (System.gc()) 772M->772M(5888M) 579.360ms
[14.040s][info][gc,metaspace] GC(8) Metaspace: 28398K(29568K)->28398K(29568K) NonClass: 23116K(23680K)->23116K(23680K) Class: 5282K(5888K)->5282K(5888K)
[14.040s][info][gc          ] GC(8) Pause Full (System.gc()) 772M->772M(5888M) 555.672ms
[14.636s][info][gc,metaspace] GC(9) Metaspace: 28398K(29568K)->28398K(29568K) NonClass: 23116K(23680K)->23116K(23680K) Class: 5282K(5888K)->5282K(5888K)
[14.636s][info][gc          ] GC(9) Pause Full (System.gc()) 772M->772M(5888M) 595.791ms
[15.211s][info][gc,metaspace] GC(10) Metaspace: 28398K(29568K)->28398K(29568K) NonClass: 23116K(23680K)->23116K(23680K) Class: 5282K(5888K)->5282K(5888K)
[15.211s][info][gc          ] GC(10) Pause Full (System.gc()) 772M->772M(5888M) 575.286ms
[15.772s][info][gc,metaspace] GC(11) Metaspace: 28398K(29568K)->28398K(29568K) NonClass: 23116K(23680K)->23116K(23680K) Class: 5282K(5888K)->5282K(5888K)
[15.772s][info][gc          ] GC(11) Pause Full (System.gc()) 772M->772M(5888M) 560.701ms
[16.326s][info][gc,metaspace] GC(12) Metaspace: 28398K(29568K)->28398K(29568K) NonClass: 23116K(23680K)->23116K(23680K) Class: 5282K(5888K)->5282K(5888K)
[16.326s][info][gc          ] GC(12) Pause Full (System.gc()) 772M->772M(5888M) 549.131ms
[16.893s][info][gc,metaspace] GC(13) Metaspace: 28398K(29568K)->28398K(29568K) NonClass: 23116K(23680K)->23116K(23680K) Class: 5282K(5888K)->5282K(5888K)
[16.893s][info][gc          ] GC(13) Pause Full (System.gc()) 772M->772M(5888M) 566.694ms
[17.461s][info][gc,metaspace] GC(14) Metaspace: 28398K(29568K)->28398K(29568K) NonClass: 23116K(23680K)->23116K(23680K) Class: 5282K(5888K)->5282K(5888K)
[17.461s][info][gc          ] GC(14) Pause Full (System.gc()) 772M->772M(5888M) 568.593ms
[18.108s][info][gc,metaspace] GC(15) Metaspace: 28398K(29568K)->28398K(29568K) NonClass: 23116K(23680K)->23116K(23680K) Class: 5282K(5888K)->5282K(5888K)
[18.108s][info][gc          ] GC(15) Pause Full (System.gc()) 772M->772M(5888M) 646.910ms
[18.686s][info][gc,metaspace] GC(16) Metaspace: 28398K(29568K)->28398K(29568K) NonClass: 23116K(23680K)->23116K(23680K) Class: 5282K(5888K)->5282K(5888K)
[18.686s][info][gc          ] GC(16) Pause Full (System.gc()) 772M->772M(5888M) 577.624ms
[19.281s][info][gc,metaspace] GC(17) Metaspace: 28398K(29568K)->28398K(29568K) NonClass: 23116K(23680K)->23116K(23680K) Class: 5282K(5888K)->5282K(5888K)
[19.281s][info][gc          ] GC(17) Pause Full (System.gc()) 772M->772M(5888M) 594.402ms
[19.847s][info][gc,metaspace] GC(18) Metaspace: 28398K(29568K)->28398K(29568K) NonClass: 23116K(23680K)->23116K(23680K) Class: 5282K(5888K)->5282K(5888K)
[19.847s][info][gc          ] GC(18) Pause Full (System.gc()) 772M->772M(5888M) 566.217ms
[20.425s][info][gc,metaspace] GC(19) Metaspace: 28398K(29568K)->28398K(29568K) NonClass: 23116K(23680K)->23116K(23680K) Class: 5282K(5888K)->5282K(5888K)
[20.425s][info][gc          ] GC(19) Pause Full (System.gc()) 772M->772M(5888M) 577.677ms
[21.001s][info][gc,metaspace] GC(20) Metaspace: 28398K(29568K)->28398K(29568K) NonClass: 23116K(23680K)->23116K(23680K) Class: 5282K(5888K)->5282K(5888K)
[21.001s][info][gc          ] GC(20) Pause Full (System.gc()) 772M->772M(5888M) 576.304ms
[21.554s][info][gc,metaspace] GC(21) Metaspace: 28398K(29568K)->28398K(29568K) NonClass: 23116K(23680K)->23116K(23680K) Class: 5282K(5888K)->5282K(5888K)
[21.554s][info][gc          ] GC(21) Pause Full (System.gc()) 772M->772M(5888M) 548.626ms
[22.144s][info][gc,metaspace] GC(22) Metaspace: 28398K(29568K)->28398K(29568K) NonClass: 23116K(23680K)->23116K(23680K) Class: 5282K(5888K)->5282K(5888K)
[22.144s][info][gc          ] GC(22) Pause Full (System.gc()) 772M->772M(5888M) 590.078ms
[22.717s][info][gc,metaspace] GC(23) Metaspace: 28398K(29568K)->28398K(29568K) NonClass: 23116K(23680K)->23116K(23680K) Class: 5282K(5888K)->5282K(5888K)
[22.717s][info][gc          ] GC(23) Pause Full (System.gc()) 772M->772M(5888M) 572.710ms
[23.307s][info][gc,metaspace] GC(24) Metaspace: 28398K(29568K)->28398K(29568K) NonClass: 23116K(23680K)->23116K(23680K) Class: 5282K(5888K)->5282K(5888K)
[23.307s][info][gc          ] GC(24) Pause Full (System.gc()) 772M->772M(5888M) 589.221ms
[23.862s][info][gc,metaspace] GC(25) Metaspace: 28398K(29568K)->28398K(29568K) NonClass: 23116K(23680K)->23116K(23680K) Class: 5282K(5888K)->5282K(5888K)
[23.862s][info][gc          ] GC(25) Pause Full (System.gc()) 772M->772M(5888M) 555.251ms
[24.413s][info][gc,metaspace] GC(26) Metaspace: 28398K(29568K)->28398K(29568K) NonClass: 23116K(23680K)->23116K(23680K) Class: 5282K(5888K)->5282K(5888K)
[24.413s][info][gc          ] GC(26) Pause Full (System.gc()) 772M->772M(5888M) 550.643ms
[24.960s][info][gc,metaspace] GC(27) Metaspace: 28398K(29568K)->28398K(29568K) NonClass: 23116K(23680K)->23116K(23680K) Class: 5282K(5888K)->5282K(5888K)
[24.960s][info][gc          ] GC(27) Pause Full (System.gc()) 772M->772M(5888M) 547.552ms
[25.548s][info][gc,metaspace] GC(28) Metaspace: 28398K(29568K)->28398K(29568K) NonClass: 23116K(23680K)->23116K(23680K) Class: 5282K(5888K)->5282K(5888K)
[25.548s][info][gc          ] GC(28) Pause Full (System.gc()) 772M->772M(5888M) 587.719ms
[26.165s][info][gc,metaspace] GC(29) Metaspace: 28398K(29568K)->28398K(29568K) NonClass: 23116K(23680K)->23116K(23680K) Class: 5282K(5888K)->5282K(5888K)
[26.165s][info][gc          ] GC(29) Pause Full (System.gc()) 772M->772M(5888M) 616.500ms
[26.727s][info][gc,metaspace] GC(30) Metaspace: 28398K(29568K)->28398K(29568K) NonClass: 23116K(23680K)->23116K(23680K) Class: 5282K(5888K)->5282K(5888K)
[26.727s][info][gc          ] GC(30) Pause Full (System.gc()) 772M->772M(5888M) 562.528ms
[27.319s][info][gc,metaspace] GC(31) Metaspace: 28398K(29568K)->28398K(29568K) NonClass: 23116K(23680K)->23116K(23680K) Class: 5282K(5888K)->5282K(5888K)
[27.319s][info][gc          ] GC(31) Pause Full (System.gc()) 772M->772M(5888M) 591.651ms
[27.873s][info][gc,metaspace] GC(32) Metaspace: 28398K(29568K)->28398K(29568K) NonClass: 23116K(23680K)->23116K(23680K) Class: 5282K(5888K)->5282K(5888K)
[27.873s][info][gc          ] GC(32) Pause Full (System.gc()) 772M->772M(5888M) 554.020ms
[28.441s][info][gc,metaspace] GC(33) Metaspace: 28398K(29568K)->28398K(29568K) NonClass: 23116K(23680K)->23116K(23680K) Class: 5282K(5888K)->5282K(5888K)
[28.441s][info][gc          ] GC(33) Pause Full (System.gc()) 772M->772M(5888M) 567.435ms
[28.986s][info][gc,metaspace] GC(34) Metaspace: 28398K(29568K)->28398K(29568K) NonClass: 23116K(23680K)->23116K(23680K) Class: 5282K(5888K)->5282K(5888K)
[28.986s][info][gc          ] GC(34) Pause Full (System.gc()) 772M->772M(5888M) 545.278ms
[29.557s][info][gc,metaspace] GC(35) Metaspace: 28398K(29568K)->28398K(29568K) NonClass: 23116K(23680K)->23116K(23680K) Class: 5282K(5888K)->5282K(5888K)
[29.557s][info][gc          ] GC(35) Pause Full (System.gc()) 772M->772M(5888M) 570.370ms
[30.159s][info][gc,metaspace] GC(36) Metaspace: 28398K(29568K)->28398K(29568K) NonClass: 23116K(23680K)->23116K(23680K) Class: 5282K(5888K)->5282K(5888K)
[30.159s][info][gc          ] GC(36) Pause Full (System.gc()) 772M->772M(5888M) 602.128ms
[30.735s][info][gc,metaspace] GC(37) Metaspace: 28398K(29568K)->28398K(29568K) NonClass: 23116K(23680K)->23116K(23680K) Class: 5282K(5888K)->5282K(5888K)
[30.735s][info][gc          ] GC(37) Pause Full (System.gc()) 772M->772M(5888M) 576.004ms
[31.312s][info][gc,metaspace] GC(38) Metaspace: 28398K(29568K)->28398K(29568K) NonClass: 23116K(23680K)->23116K(23680K) Class: 5282K(5888K)->5282K(5888K)
[31.312s][info][gc          ] GC(38) Pause Full (System.gc()) 772M->772M(5888M) 576.646ms
[31.863s][info][gc,metaspace] GC(39) Metaspace: 28398K(29568K)->28398K(29568K) NonClass: 23116K(23680K)->23116K(23680K) Class: 5282K(5888K)->5282K(5888K)
[31.863s][info][gc          ] GC(39) Pause Full (System.gc()) 772M->772M(5888M) 547.086ms
[32.428s][info][gc,metaspace] GC(40) Metaspace: 28398K(29568K)->28398K(29568K) NonClass: 23116K(23680K)->23116K(23680K) Class: 5282K(5888K)->5282K(5888K)
[32.428s][info][gc          ] GC(40) Pause Full (System.gc()) 772M->772M(5888M) 564.656ms
[32.977s][info][gc,metaspace] GC(41) Metaspace: 28398K(29568K)->28398K(29568K) NonClass: 23116K(23680K)->23116K(23680K) Class: 5282K(5888K)->5282K(5888K)
[32.977s][info][gc          ] GC(41) Pause Full (System.gc()) 772M->772M(5888M) 549.435ms
[33.568s][info][gc,metaspace] GC(42) Metaspace: 28398K(29568K)->28398K(29568K) NonClass: 23116K(23680K)->23116K(23680K) Class: 5282K(5888K)->5282K(5888K)
[33.568s][info][gc          ] GC(42) Pause Full (System.gc()) 772M->772M(5888M) 590.952ms
[34.164s][info][gc,metaspace] GC(43) Metaspace: 28398K(29568K)->28398K(29568K) NonClass: 23116K(23680K)->23116K(23680K) Class: 5282K(5888K)->5282K(5888K)
[34.164s][info][gc          ] GC(43) Pause Full (System.gc()) 772M->772M(5888M) 595.300ms
[34.720s][info][gc,metaspace] GC(44) Metaspace: 28398K(29568K)->28398K(29568K) NonClass: 23116K(23680K)->23116K(23680K) Class: 5282K(5888K)->5282K(5888K)
[34.720s][info][gc          ] GC(44) Pause Full (System.gc()) 772M->772M(5888M) 556.089ms
[35.392s][info][gc,metaspace] GC(45) Metaspace: 28398K(29568K)->28398K(29568K) NonClass: 23116K(23680K)->23116K(23680K) Class: 5282K(5888K)->5282K(5888K)
[35.392s][info][gc          ] GC(45) Pause Full (System.gc()) 772M->772M(5888M) 671.695ms
[35.949s][info][gc,metaspace] GC(46) Metaspace: 28398K(29568K)->28398K(29568K) NonClass: 23116K(23680K)->23116K(23680K) Class: 5282K(5888K)->5282K(5888K)
[35.949s][info][gc          ] GC(46) Pause Full (System.gc()) 772M->772M(5888M) 557.075ms
[36.518s][info][gc,metaspace] GC(47) Metaspace: 28398K(29568K)->28398K(29568K) NonClass: 23116K(23680K)->23116K(23680K) Class: 5282K(5888K)->5282K(5888K)
[36.518s][info][gc          ] GC(47) Pause Full (System.gc()) 772M->772M(5888M) 569.183ms
[37.099s][info][gc,metaspace] GC(48) Metaspace: 28398K(29568K)->28398K(29568K) NonClass: 23116K(23680K)->23116K(23680K) Class: 5282K(5888K)->5282K(5888K)
[37.099s][info][gc          ] GC(48) Pause Full (System.gc()) 772M->772M(5888M) 576.362ms
[37.650s][info][gc,metaspace] GC(49) Metaspace: 28398K(29568K)->28398K(29568K) NonClass: 23116K(23680K)->23116K(23680K) Class: 5282K(5888K)->5282K(5888K)
[37.650s][info][gc          ] GC(49) Pause Full (System.gc()) 772M->772M(5888M) 550.561ms
[38.244s][info][gc,metaspace] GC(50) Metaspace: 28398K(29568K)->28398K(29568K) NonClass: 23116K(23680K)->23116K(23680K) Class: 5282K(5888K)->5282K(5888K)
[38.244s][info][gc          ] GC(50) Pause Full (System.gc()) 772M->772M(5888M) 594.365ms
[38.828s][info][gc,metaspace] GC(51) Metaspace: 28398K(29568K)->28398K(29568K) NonClass: 23116K(23680K)->23116K(23680K) Class: 5282K(5888K)->5282K(5888K)
[38.828s][info][gc          ] GC(51) Pause Full (System.gc()) 772M->772M(5888M) 583.984ms
[39.387s][info][gc,metaspace] GC(52) Metaspace: 28398K(29568K)->28398K(29568K) NonClass: 23116K(23680K)->23116K(23680K) Class: 5282K(5888K)->5282K(5888K)
[39.387s][info][gc          ] GC(52) Pause Full (System.gc()) 772M->772M(5888M) 558.879ms
[39.939s][info][gc,metaspace] GC(53) Metaspace: 28398K(29568K)->28398K(29568K) NonClass: 23116K(23680K)->23116K(23680K) Class: 5282K(5888K)->5282K(5888K)
[39.939s][info][gc          ] GC(53) Pause Full (System.gc()) 772M->772M(5888M) 551.983ms
[40.501s][info][gc,metaspace] GC(54) Metaspace: 28398K(29568K)->28398K(29568K) NonClass: 23116K(23680K)->23116K(23680K) Class: 5282K(5888K)->5282K(5888K)
[40.501s][info][gc          ] GC(54) Pause Full (System.gc()) 772M->772M(5888M) 561.681ms
[41.043s][info][gc,metaspace] GC(55) Metaspace: 28398K(29568K)->28398K(29568K) NonClass: 23116K(23680K)->23116K(23680K) Class: 5282K(5888K)->5282K(5888K)
[41.043s][info][gc          ] GC(55) Pause Full (System.gc()) 772M->772M(5888M) 542.185ms
[41.612s][info][gc,metaspace] GC(56) Metaspace: 28398K(29568K)->28398K(29568K) NonClass: 23116K(23680K)->23116K(23680K) Class: 5282K(5888K)->5282K(5888K)
[41.612s][info][gc          ] GC(56) Pause Full (System.gc()) 772M->772M(5888M) 568.651ms
[42.209s][info][gc,metaspace] GC(57) Metaspace: 28398K(29568K)->28398K(29568K) NonClass: 23116K(23680K)->23116K(23680K) Class: 5282K(5888K)->5282K(5888K)
[42.209s][info][gc          ] GC(57) Pause Full (System.gc()) 772M->772M(5888M) 592.872ms
[42.772s][info][gc,metaspace] GC(58) Metaspace: 28398K(29568K)->28398K(29568K) NonClass: 23116K(23680K)->23116K(23680K) Class: 5282K(5888K)->5282K(5888K)
[42.772s][info][gc          ] GC(58) Pause Full (System.gc()) 772M->772M(5888M) 562.792ms
[43.346s][info][gc,metaspace] GC(59) Metaspace: 28398K(29568K)->28398K(29568K) NonClass: 23116K(23680K)->23116K(23680K) Class: 5282K(5888K)->5282K(5888K)
[43.346s][info][gc          ] GC(59) Pause Full (System.gc()) 772M->772M(5888M) 573.242ms
[43.934s][info][gc,metaspace] GC(60) Metaspace: 28398K(29568K)->28398K(29568K) NonClass: 23116K(23680K)->23116K(23680K) Class: 5282K(5888K)->5282K(5888K)
[43.934s][info][gc          ] GC(60) Pause Full (System.gc()) 772M->772M(5888M) 587.948ms
[44.511s][info][gc,metaspace] GC(61) Metaspace: 28398K(29568K)->28398K(29568K) NonClass: 23116K(23680K)->23116K(23680K) Class: 5282K(5888K)->5282K(5888K)
[44.511s][info][gc          ] GC(61) Pause Full (System.gc()) 772M->772M(5888M) 577.136ms
[45.060s][info][gc,metaspace] GC(62) Metaspace: 28398K(29568K)->28398K(29568K) NonClass: 23116K(23680K)->23116K(23680K) Class: 5282K(5888K)->5282K(5888K)
[45.060s][info][gc          ] GC(62) Pause Full (System.gc()) 772M->772M(5888M) 549.372ms
[45.628s][info][gc,metaspace] GC(63) Metaspace: 28398K(29568K)->28398K(29568K) NonClass: 23116K(23680K)->23116K(23680K) Class: 5282K(5888K)->5282K(5888K)
[45.628s][info][gc          ] GC(63) Pause Full (System.gc()) 772M->772M(5888M) 567.384ms
[46.212s][info][gc,metaspace] GC(64) Metaspace: 28398K(29568K)->28398K(29568K) NonClass: 23116K(23680K)->23116K(23680K) Class: 5282K(5888K)->5282K(5888K)
[46.212s][info][gc          ] GC(64) Pause Full (System.gc()) 772M->772M(5888M) 584.119ms
[46.770s][info][gc,metaspace] GC(65) Metaspace: 28398K(29568K)->28398K(29568K) NonClass: 23116K(23680K)->23116K(23680K) Class: 5282K(5888K)->5282K(5888K)
[46.770s][info][gc          ] GC(65) Pause Full (System.gc()) 772M->772M(5888M) 557.817ms
[47.351s][info][gc,metaspace] GC(66) Metaspace: 28398K(29568K)->28398K(29568K) NonClass: 23116K(23680K)->23116K(23680K) Class: 5282K(5888K)->5282K(5888K)
[47.351s][info][gc          ] GC(66) Pause Full (System.gc()) 772M->772M(5888M) 576.562ms
[47.935s][info][gc,metaspace] GC(67) Metaspace: 28398K(29568K)->28398K(29568K) NonClass: 23116K(23680K)->23116K(23680K) Class: 5282K(5888K)->5282K(5888K)
[47.935s][info][gc          ] GC(67) Pause Full (System.gc()) 772M->772M(5888M) 583.752ms
[48.503s][info][gc,metaspace] GC(68) Metaspace: 28398K(29568K)->28398K(29568K) NonClass: 23116K(23680K)->23116K(23680K) Class: 5282K(5888K)->5282K(5888K)
[48.503s][info][gc          ] GC(68) Pause Full (System.gc()) 772M->772M(5888M) 567.985ms
[49.060s][info][gc,metaspace] GC(69) Metaspace: 28398K(29568K)->28398K(29568K) NonClass: 23116K(23680K)->23116K(23680K) Class: 5282K(5888K)->5282K(5888K)
[49.060s][info][gc          ] GC(69) Pause Full (System.gc()) 772M->772M(5888M) 557.120ms
[49.622s][info][gc,metaspace] GC(70) Metaspace: 28398K(29568K)->28398K(29568K) NonClass: 23116K(23680K)->23116K(23680K) Class: 5282K(5888K)->5282K(5888K)
[49.622s][info][gc          ] GC(70) Pause Full (System.gc()) 772M->772M(5888M) 562.288ms
[50.218s][info][gc,metaspace] GC(71) Metaspace: 28398K(29568K)->28398K(29568K) NonClass: 23116K(23680K)->23116K(23680K) Class: 5282K(5888K)->5282K(5888K)
[50.218s][info][gc          ] GC(71) Pause Full (System.gc()) 772M->772M(5888M) 595.601ms
[50.777s][info][gc,metaspace] GC(72) Metaspace: 28398K(29568K)->28398K(29568K) NonClass: 23116K(23680K)->23116K(23680K) Class: 5282K(5888K)->5282K(5888K)
[50.777s][info][gc          ] GC(72) Pause Full (System.gc()) 772M->772M(5888M) 558.649ms
[51.343s][info][gc,metaspace] GC(73) Metaspace: 28398K(29568K)->28398K(29568K) NonClass: 23116K(23680K)->23116K(23680K) Class: 5282K(5888K)->5282K(5888K)
[51.343s][info][gc          ] GC(73) Pause Full (System.gc()) 772M->772M(5888M) 566.350ms
[51.912s][info][gc,metaspace] GC(74) Metaspace: 28398K(29568K)->28398K(29568K) NonClass: 23116K(23680K)->23116K(23680K) Class: 5282K(5888K)->5282K(5888K)
[51.912s][info][gc          ] GC(74) Pause Full (System.gc()) 772M->772M(5888M) 568.704ms
[52.515s][info][gc,metaspace] GC(75) Metaspace: 28398K(29568K)->28398K(29568K) NonClass: 23116K(23680K)->23116K(23680K) Class: 5282K(5888K)->5282K(5888K)
[52.515s][info][gc          ] GC(75) Pause Full (System.gc()) 772M->772M(5888M) 598.581ms
[53.064s][info][gc,metaspace] GC(76) Metaspace: 28398K(29568K)->28398K(29568K) NonClass: 23116K(23680K)->23116K(23680K) Class: 5282K(5888K)->5282K(5888K)
[53.064s][info][gc          ] GC(76) Pause Full (System.gc()) 772M->772M(5888M) 549.370ms
[53.644s][info][gc,metaspace] GC(77) Metaspace: 28398K(29568K)->28398K(29568K) NonClass: 23116K(23680K)->23116K(23680K) Class: 5282K(5888K)->5282K(5888K)
[53.644s][info][gc          ] GC(77) Pause Full (System.gc()) 772M->772M(5888M) 579.918ms
[54.220s][info][gc,metaspace] GC(78) Metaspace: 28398K(29568K)->28398K(29568K) NonClass: 23116K(23680K)->23116K(23680K) Class: 5282K(5888K)->5282K(5888K)
[54.220s][info][gc          ] GC(78) Pause Full (System.gc()) 772M->772M(5888M) 575.593ms
[54.780s][info][gc,metaspace] GC(79) Metaspace: 28398K(29568K)->28398K(29568K) NonClass: 23116K(23680K)->23116K(23680K) Class: 5282K(5888K)->5282K(5888K)
[54.780s][info][gc          ] GC(79) Pause Full (System.gc()) 772M->772M(5888M) 559.699ms
[55.358s][info][gc,metaspace] GC(80) Metaspace: 28398K(29568K)->28398K(29568K) NonClass: 23116K(23680K)->23116K(23680K) Class: 5282K(5888K)->5282K(5888K)
[55.358s][info][gc          ] GC(80) Pause Full (System.gc()) 772M->772M(5888M) 578.037ms
[55.912s][info][gc,metaspace] GC(81) Metaspace: 28398K(29568K)->28398K(29568K) NonClass: 23116K(23680K)->23116K(23680K) Class: 5282K(5888K)->5282K(5888K)
[55.912s][info][gc          ] GC(81) Pause Full (System.gc()) 772M->772M(5888M) 553.468ms
[56.524s][info][gc,metaspace] GC(82) Metaspace: 28398K(29568K)->28398K(29568K) NonClass: 23116K(23680K)->23116K(23680K) Class: 5282K(5888K)->5282K(5888K)
[56.524s][info][gc          ] GC(82) Pause Full (System.gc()) 772M->772M(5888M) 612.694ms
[57.140s][info][gc,metaspace] GC(83) Metaspace: 28398K(29568K)->28398K(29568K) NonClass: 23116K(23680K)->23116K(23680K) Class: 5282K(5888K)->5282K(5888K)
[57.140s][info][gc          ] GC(83) Pause Full (System.gc()) 772M->772M(5888M) 615.903ms
[57.701s][info][gc,metaspace] GC(84) Metaspace: 28398K(29568K)->28398K(29568K) NonClass: 23116K(23680K)->23116K(23680K) Class: 5282K(5888K)->5282K(5888K)
[57.701s][info][gc          ] GC(84) Pause Full (System.gc()) 772M->772M(5888M) 556.372ms
[58.300s][info][gc,metaspace] GC(85) Metaspace: 28398K(29568K)->28398K(29568K) NonClass: 23116K(23680K)->23116K(23680K) Class: 5282K(5888K)->5282K(5888K)
[58.300s][info][gc          ] GC(85) Pause Full (System.gc()) 772M->772M(5888M) 598.640ms
[58.859s][info][gc,metaspace] GC(86) Metaspace: 28398K(29568K)->28398K(29568K) NonClass: 23116K(23680K)->23116K(23680K) Class: 5282K(5888K)->5282K(5888K)
[58.859s][info][gc          ] GC(86) Pause Full (System.gc()) 772M->772M(5888M) 559.306ms
[59.428s][info][gc,metaspace] GC(87) Metaspace: 28398K(29568K)->28398K(29568K) NonClass: 23116K(23680K)->23116K(23680K) Class: 5282K(5888K)->5282K(5888K)
[59.428s][info][gc          ] GC(87) Pause Full (System.gc()) 772M->772M(5888M) 568.347ms
[59.990s][info][gc,metaspace] GC(88) Metaspace: 28398K(29568K)->28398K(29568K) NonClass: 23116K(23680K)->23116K(23680K) Class: 5282K(5888K)->5282K(5888K)
[59.990s][info][gc          ] GC(88) Pause Full (System.gc()) 772M->772M(5888M) 562.405ms
[60.557s][info][gc,metaspace] GC(89) Metaspace: 28398K(29568K)->28398K(29568K) NonClass: 23116K(23680K)->23116K(23680K) Class: 5282K(5888K)->5282K(5888K)
[60.557s][info][gc          ] GC(89) Pause Full (System.gc()) 772M->772M(5888M) 567.149ms
[61.166s][info][gc,metaspace] GC(90) Metaspace: 28398K(29568K)->28398K(29568K) NonClass: 23116K(23680K)->23116K(23680K) Class: 5282K(5888K)->5282K(5888K)
[61.166s][info][gc          ] GC(90) Pause Full (System.gc()) 772M->772M(5888M) 608.370ms
[61.719s][info][gc,metaspace] GC(91) Metaspace: 28398K(29568K)->28398K(29568K) NonClass: 23116K(23680K)->23116K(23680K) Class: 5282K(5888K)->5282K(5888K)
[61.719s][info][gc          ] GC(91) Pause Full (System.gc()) 772M->772M(5888M) 552.509ms
[62.320s][info][gc,metaspace] GC(92) Metaspace: 28398K(29568K)->28398K(29568K) NonClass: 23116K(23680K)->23116K(23680K) Class: 5282K(5888K)->5282K(5888K)
[62.320s][info][gc          ] GC(92) Pause Full (System.gc()) 772M->772M(5888M) 601.590ms
[62.907s][info][gc,metaspace] GC(93) Metaspace: 28398K(29568K)->28398K(29568K) NonClass: 23116K(23680K)->23116K(23680K) Class: 5282K(5888K)->5282K(5888K)
[62.907s][info][gc          ] GC(93) Pause Full (System.gc()) 772M->772M(5888M) 586.374ms
[63.485s][info][gc,metaspace] GC(94) Metaspace: 28398K(29568K)->28398K(29568K) NonClass: 23116K(23680K)->23116K(23680K) Class: 5282K(5888K)->5282K(5888K)
[63.485s][info][gc          ] GC(94) Pause Full (System.gc()) 772M->772M(5888M) 578.523ms
[64.352s][info][gc,metaspace] GC(95) Metaspace: 28398K(29568K)->28398K(29568K) NonClass: 23116K(23680K)->23116K(23680K) Class: 5282K(5888K)->5282K(5888K)
[64.352s][info][gc          ] GC(95) Pause Full (System.gc()) 772M->772M(5888M) 866.182ms
[64.900s][info][gc,metaspace] GC(96) Metaspace: 28398K(29568K)->28398K(29568K) NonClass: 23116K(23680K)->23116K(23680K) Class: 5282K(5888K)->5282K(5888K)
[64.900s][info][gc          ] GC(96) Pause Full (System.gc()) 782M->772M(5888M) 548.467ms
[65.560s][info][gc,metaspace] GC(97) Metaspace: 28398K(29568K)->28398K(29568K) NonClass: 23116K(23680K)->23116K(23680K) Class: 5282K(5888K)->5282K(5888K)
[65.560s][info][gc          ] GC(97) Pause Full (System.gc()) 772M->772M(5888M) 660.032ms
[66.142s][info][gc,metaspace] GC(98) Metaspace: 28398K(29568K)->28398K(29568K) NonClass: 23116K(23680K)->23116K(23680K) Class: 5282K(5888K)->5282K(5888K)
[66.142s][info][gc          ] GC(98) Pause Full (System.gc()) 772M->772M(5888M) 581.729ms
[66.710s][info][gc,metaspace] GC(99) Metaspace: 28398K(29568K)->28398K(29568K) NonClass: 23116K(23680K)->23116K(23680K) Class: 5282K(5888K)->5282K(5888K)
[66.710s][info][gc          ] GC(99) Pause Full (System.gc()) 772M->772M(5888M) 567.610ms
[67.447s][info][gc,metaspace] GC(100) Metaspace: 28398K(29568K)->28398K(29568K) NonClass: 23116K(23680K)->23116K(23680K) Class: 5282K(5888K)->5282K(5888K)
[67.447s][info][gc          ] GC(100) Pause Full (System.gc()) 772M->772M(5888M) 737.505ms
[68.033s][info][gc,metaspace] GC(101) Metaspace: 28398K(29568K)->28398K(29568K) NonClass: 23116K(23680K)->23116K(23680K) Class: 5282K(5888K)->5282K(5888K)
[68.033s][info][gc          ] GC(101) Pause Full (System.gc()) 772M->772M(5888M) 584.955ms
[68.594s][info][gc,metaspace] GC(102) Metaspace: 28398K(29568K)->28398K(29568K) NonClass: 23116K(23680K)->23116K(23680K) Class: 5282K(5888K)->5282K(5888K)
[68.594s][info][gc          ] GC(102) Pause Full (System.gc()) 772M->772M(5888M) 561.778ms
After GCs... 
