Done; will start GCs... 
[10.817s][info][gc,metaspace] GC(3) Metaspace: 28400K(29568K)->28400K(29568K) NonClass: 23118K(23680K)->23118K(23680K) Class: 5282K(5888K)->5282K(5888K)
[10.817s][info][gc          ] GC(3) Pause Full (System.gc()) 827M->772M(5888M) 655.370ms
[11.245s][info][gc,metaspace] GC(4) Metaspace: 28400K(29568K)->28400K(29568K) NonClass: 23118K(23680K)->23118K(23680K) Class: 5282K(5888K)->5282K(5888K)
[11.245s][info][gc          ] GC(4) Pause Full (System.gc()) 772M->772M(5888M) 428.107ms
[11.669s][info][gc,metaspace] GC(5) Metaspace: 28400K(29568K)->28400K(29568K) NonClass: 23118K(23680K)->23118K(23680K) Class: 5282K(5888K)->5282K(5888K)
[11.669s][info][gc          ] GC(5) Pause Full (System.gc()) 772M->772M(5888M) 423.577ms
[12.102s][info][gc,metaspace] GC(6) Metaspace: 28400K(29568K)->28400K(29568K) NonClass: 23118K(23680K)->23118K(23680K) Class: 5282K(5888K)->5282K(5888K)
[12.102s][info][gc          ] GC(6) Pause Full (System.gc()) 772M->772M(5888M) 432.854ms
[12.564s][info][gc,metaspace] GC(7) Metaspace: 28401K(29568K)->28401K(29568K) NonClass: 23118K(23680K)->23118K(23680K) Class: 5282K(5888K)->5282K(5888K)
[12.564s][info][gc          ] GC(7) Pause Full (System.gc()) 772M->772M(5888M) 462.200ms
[13.000s][info][gc,metaspace] GC(8) Metaspace: 28401K(29568K)->28401K(29568K) NonClass: 23119K(23680K)->23119K(23680K) Class: 5282K(5888K)->5282K(5888K)
[13.000s][info][gc          ] GC(8) Pause Full (System.gc()) 772M->772M(5888M) 435.281ms
[13.435s][info][gc,metaspace] GC(9) Metaspace: 28401K(29568K)->28401K(29568K) NonClass: 23119K(23680K)->23119K(23680K) Class: 5282K(5888K)->5282K(5888K)
[13.435s][info][gc          ] GC(9) Pause Full (System.gc()) 772M->772M(5888M) 435.419ms
[13.870s][info][gc,metaspace] GC(10) Metaspace: 28401K(29568K)->28401K(29568K) NonClass: 23119K(23680K)->23119K(23680K) Class: 5282K(5888K)->5282K(5888K)
[13.870s][info][gc          ] GC(10) Pause Full (System.gc()) 772M->772M(5888M) 434.638ms
[14.334s][info][gc,metaspace] GC(11) Metaspace: 28401K(29568K)->28401K(29568K) NonClass: 23119K(23680K)->23119K(23680K) Class: 5282K(5888K)->5282K(5888K)
[14.334s][info][gc          ] GC(11) Pause Full (System.gc()) 772M->772M(5888M) 463.979ms
[14.778s][info][gc,metaspace] GC(12) Metaspace: 28401K(29568K)->28401K(29568K) NonClass: 23119K(23680K)->23119K(23680K) Class: 5282K(5888K)->5282K(5888K)
[14.778s][info][gc          ] GC(12) Pause Full (System.gc()) 772M->772M(5888M) 443.399ms
[15.207s][info][gc,metaspace] GC(13) Metaspace: 28401K(29568K)->28401K(29568K) NonClass: 23119K(23680K)->23119K(23680K) Class: 5282K(5888K)->5282K(5888K)
[15.207s][info][gc          ] GC(13) Pause Full (System.gc()) 772M->772M(5888M) 428.922ms
[15.642s][info][gc,metaspace] GC(14) Metaspace: 28401K(29568K)->28401K(29568K) NonClass: 23119K(23680K)->23119K(23680K) Class: 5282K(5888K)->5282K(5888K)
[15.642s][info][gc          ] GC(14) Pause Full (System.gc()) 772M->772M(5888M) 430.898ms
[16.087s][info][gc,metaspace] GC(15) Metaspace: 28401K(29568K)->28401K(29568K) NonClass: 23119K(23680K)->23119K(23680K) Class: 5282K(5888K)->5282K(5888K)
[16.087s][info][gc          ] GC(15) Pause Full (System.gc()) 772M->772M(5888M) 444.648ms
[16.600s][info][gc,metaspace] GC(16) Metaspace: 28401K(29568K)->28401K(29568K) NonClass: 23119K(23680K)->23119K(23680K) Class: 5282K(5888K)->5282K(5888K)
[16.600s][info][gc          ] GC(16) Pause Full (System.gc()) 772M->772M(5888M) 512.675ms
[17.023s][info][gc,metaspace] GC(17) Metaspace: 28401K(29568K)->28401K(29568K) NonClass: 23119K(23680K)->23119K(23680K) Class: 5282K(5888K)->5282K(5888K)
[17.023s][info][gc          ] GC(17) Pause Full (System.gc()) 772M->772M(5888M) 423.673ms
[17.474s][info][gc,metaspace] GC(18) Metaspace: 28401K(29568K)->28401K(29568K) NonClass: 23119K(23680K)->23119K(23680K) Class: 5282K(5888K)->5282K(5888K)
[17.475s][info][gc          ] GC(18) Pause Full (System.gc()) 772M->772M(5888M) 450.932ms
[17.905s][info][gc,metaspace] GC(19) Metaspace: 28401K(29568K)->28401K(29568K) NonClass: 23119K(23680K)->23119K(23680K) Class: 5282K(5888K)->5282K(5888K)
[17.905s][info][gc          ] GC(19) Pause Full (System.gc()) 772M->772M(5888M) 429.983ms
[18.374s][info][gc,metaspace] GC(20) Metaspace: 28401K(29568K)->28401K(29568K) NonClass: 23119K(23680K)->23119K(23680K) Class: 5282K(5888K)->5282K(5888K)
[18.374s][info][gc          ] GC(20) Pause Full (System.gc()) 772M->772M(5888M) 469.737ms
[18.796s][info][gc,metaspace] GC(21) Metaspace: 28401K(29568K)->28401K(29568K) NonClass: 23119K(23680K)->23119K(23680K) Class: 5282K(5888K)->5282K(5888K)
[18.796s][info][gc          ] GC(21) Pause Full (System.gc()) 772M->772M(5888M) 421.172ms
[19.213s][info][gc,metaspace] GC(22) Metaspace: 28401K(29568K)->28401K(29568K) NonClass: 23119K(23680K)->23119K(23680K) Class: 5282K(5888K)->5282K(5888K)
[19.213s][info][gc          ] GC(22) Pause Full (System.gc()) 772M->772M(5888M) 417.260ms
[19.659s][info][gc,metaspace] GC(23) Metaspace: 28401K(29568K)->28401K(29568K) NonClass: 23119K(23680K)->23119K(23680K) Class: 5282K(5888K)->5282K(5888K)
[19.659s][info][gc          ] GC(23) Pause Full (System.gc()) 772M->772M(5888M) 446.055ms
[20.091s][info][gc,metaspace] GC(24) Metaspace: 28401K(29568K)->28401K(29568K) NonClass: 23119K(23680K)->23119K(23680K) Class: 5282K(5888K)->5282K(5888K)
[20.091s][info][gc          ] GC(24) Pause Full (System.gc()) 772M->772M(5888M) 431.435ms
[20.563s][info][gc,metaspace] GC(25) Metaspace: 28401K(29568K)->28401K(29568K) NonClass: 23119K(23680K)->23119K(23680K) Class: 5282K(5888K)->5282K(5888K)
[20.563s][info][gc          ] GC(25) Pause Full (System.gc()) 772M->772M(5888M) 472.539ms
[20.983s][info][gc,metaspace] GC(26) Metaspace: 28401K(29568K)->28401K(29568K) NonClass: 23119K(23680K)->23119K(23680K) Class: 5282K(5888K)->5282K(5888K)
[20.983s][info][gc          ] GC(26) Pause Full (System.gc()) 772M->772M(5888M) 419.238ms
[21.419s][info][gc,metaspace] GC(27) Metaspace: 28401K(29568K)->28401K(29568K) NonClass: 23119K(23680K)->23119K(23680K) Class: 5282K(5888K)->5282K(5888K)
[21.419s][info][gc          ] GC(27) Pause Full (System.gc()) 772M->772M(5888M) 436.080ms
[21.859s][info][gc,metaspace] GC(28) Metaspace: 28401K(29568K)->28401K(29568K) NonClass: 23119K(23680K)->23119K(23680K) Class: 5282K(5888K)->5282K(5888K)
[21.859s][info][gc          ] GC(28) Pause Full (System.gc()) 772M->772M(5888M) 440.139ms
[22.287s][info][gc,metaspace] GC(29) Metaspace: 28401K(29568K)->28401K(29568K) NonClass: 23119K(23680K)->23119K(23680K) Class: 5282K(5888K)->5282K(5888K)
[22.287s][info][gc          ] GC(29) Pause Full (System.gc()) 772M->772M(5888M) 427.764ms
[22.718s][info][gc,metaspace] GC(30) Metaspace: 28401K(29568K)->28401K(29568K) NonClass: 23119K(23680K)->23119K(23680K) Class: 5282K(5888K)->5282K(5888K)
[22.718s][info][gc          ] GC(30) Pause Full (System.gc()) 772M->772M(5888M) 430.750ms
[23.148s][info][gc,metaspace] GC(31) Metaspace: 28401K(29568K)->28401K(29568K) NonClass: 23119K(23680K)->23119K(23680K) Class: 5282K(5888K)->5282K(5888K)
[23.148s][info][gc          ] GC(31) Pause Full (System.gc()) 772M->772M(5888M) 429.713ms
[23.613s][info][gc,metaspace] GC(32) Metaspace: 28401K(29568K)->28401K(29568K) NonClass: 23119K(23680K)->23119K(23680K) Class: 5282K(5888K)->5282K(5888K)
[23.613s][info][gc          ] GC(32) Pause Full (System.gc()) 772M->772M(5888M) 465.526ms
[24.065s][info][gc,metaspace] GC(33) Metaspace: 28401K(29568K)->28401K(29568K) NonClass: 23119K(23680K)->23119K(23680K) Class: 5282K(5888K)->5282K(5888K)
[24.065s][info][gc          ] GC(33) Pause Full (System.gc()) 772M->772M(5888M) 451.374ms
[24.502s][info][gc,metaspace] GC(34) Metaspace: 28401K(29568K)->28401K(29568K) NonClass: 23119K(23680K)->23119K(23680K) Class: 5282K(5888K)->5282K(5888K)
[24.502s][info][gc          ] GC(34) Pause Full (System.gc()) 772M->772M(5888M) 437.476ms
[24.943s][info][gc,metaspace] GC(35) Metaspace: 28401K(29568K)->28401K(29568K) NonClass: 23119K(23680K)->23119K(23680K) Class: 5282K(5888K)->5282K(5888K)
[24.943s][info][gc          ] GC(35) Pause Full (System.gc()) 772M->772M(5888M) 441.053ms
[25.423s][info][gc,metaspace] GC(36) Metaspace: 28401K(29568K)->28401K(29568K) NonClass: 23119K(23680K)->23119K(23680K) Class: 5282K(5888K)->5282K(5888K)
[25.423s][info][gc          ] GC(36) Pause Full (System.gc()) 772M->772M(5888M) 479.806ms
[25.852s][info][gc,metaspace] GC(37) Metaspace: 28401K(29568K)->28401K(29568K) NonClass: 23119K(23680K)->23119K(23680K) Class: 5282K(5888K)->5282K(5888K)
[25.852s][info][gc          ] GC(37) Pause Full (System.gc()) 772M->772M(5888M) 429.050ms
[26.279s][info][gc,metaspace] GC(38) Metaspace: 28401K(29568K)->28401K(29568K) NonClass: 23119K(23680K)->23119K(23680K) Class: 5282K(5888K)->5282K(5888K)
[26.279s][info][gc          ] GC(38) Pause Full (System.gc()) 772M->772M(5888M) 422.450ms
[26.753s][info][gc,metaspace] GC(39) Metaspace: 28401K(29568K)->28401K(29568K) NonClass: 23119K(23680K)->23119K(23680K) Class: 5282K(5888K)->5282K(5888K)
[26.753s][info][gc          ] GC(39) Pause Full (System.gc()) 772M->772M(5888M) 473.855ms
[27.189s][info][gc,metaspace] GC(40) Metaspace: 28401K(29568K)->28401K(29568K) NonClass: 23119K(23680K)->23119K(23680K) Class: 5282K(5888K)->5282K(5888K)
[27.189s][info][gc          ] GC(40) Pause Full (System.gc()) 772M->772M(5888M) 436.173ms
[27.633s][info][gc,metaspace] GC(41) Metaspace: 28401K(29568K)->28401K(29568K) NonClass: 23119K(23680K)->23119K(23680K) Class: 5282K(5888K)->5282K(5888K)
[27.633s][info][gc          ] GC(41) Pause Full (System.gc()) 772M->772M(5888M) 443.819ms
[28.061s][info][gc,metaspace] GC(42) Metaspace: 28401K(29568K)->28401K(29568K) NonClass: 23119K(23680K)->23119K(23680K) Class: 5282K(5888K)->5282K(5888K)
[28.061s][info][gc          ] GC(42) Pause Full (System.gc()) 772M->772M(5888M) 427.706ms
[28.503s][info][gc,metaspace] GC(43) Metaspace: 28401K(29568K)->28401K(29568K) NonClass: 23119K(23680K)->23119K(23680K) Class: 5282K(5888K)->5282K(5888K)
[28.503s][info][gc          ] GC(43) Pause Full (System.gc()) 772M->772M(5888M) 441.929ms
[28.920s][info][gc,metaspace] GC(44) Metaspace: 28401K(29568K)->28401K(29568K) NonClass: 23119K(23680K)->23119K(23680K) Class: 5282K(5888K)->5282K(5888K)
[28.921s][info][gc          ] GC(44) Pause Full (System.gc()) 772M->772M(5888M) 417.305ms
[29.394s][info][gc,metaspace] GC(45) Metaspace: 28401K(29568K)->28401K(29568K) NonClass: 23119K(23680K)->23119K(23680K) Class: 5282K(5888K)->5282K(5888K)
[29.394s][info][gc          ] GC(45) Pause Full (System.gc()) 772M->772M(5888M) 473.306ms
[29.852s][info][gc,metaspace] GC(46) Metaspace: 28401K(29568K)->28401K(29568K) NonClass: 23119K(23680K)->23119K(23680K) Class: 5282K(5888K)->5282K(5888K)
[29.852s][info][gc          ] GC(46) Pause Full (System.gc()) 772M->772M(5888M) 458.100ms
[30.326s][info][gc,metaspace] GC(47) Metaspace: 28401K(29568K)->28401K(29568K) NonClass: 23119K(23680K)->23119K(23680K) Class: 5282K(5888K)->5282K(5888K)
[30.326s][info][gc          ] GC(47) Pause Full (System.gc()) 772M->772M(5888M) 474.152ms
[30.778s][info][gc,metaspace] GC(48) Metaspace: 28401K(29568K)->28401K(29568K) NonClass: 23119K(23680K)->23119K(23680K) Class: 5282K(5888K)->5282K(5888K)
[30.778s][info][gc          ] GC(48) Pause Full (System.gc()) 772M->772M(5888M) 451.250ms
[31.207s][info][gc,metaspace] GC(49) Metaspace: 28401K(29568K)->28401K(29568K) NonClass: 23119K(23680K)->23119K(23680K) Class: 5282K(5888K)->5282K(5888K)
[31.207s][info][gc          ] GC(49) Pause Full (System.gc()) 772M->772M(5888M) 429.506ms
[31.645s][info][gc,metaspace] GC(50) Metaspace: 28401K(29568K)->28401K(29568K) NonClass: 23119K(23680K)->23119K(23680K) Class: 5282K(5888K)->5282K(5888K)
[31.645s][info][gc          ] GC(50) Pause Full (System.gc()) 772M->772M(5888M) 432.937ms
[32.062s][info][gc,metaspace] GC(51) Metaspace: 28401K(29568K)->28401K(29568K) NonClass: 23119K(23680K)->23119K(23680K) Class: 5282K(5888K)->5282K(5888K)
[32.062s][info][gc          ] GC(51) Pause Full (System.gc()) 772M->772M(5888M) 417.772ms
[32.504s][info][gc,metaspace] GC(52) Metaspace: 28401K(29568K)->28401K(29568K) NonClass: 23119K(23680K)->23119K(23680K) Class: 5282K(5888K)->5282K(5888K)
[32.504s][info][gc          ] GC(52) Pause Full (System.gc()) 772M->772M(5888M) 441.784ms
[32.933s][info][gc,metaspace] GC(53) Metaspace: 28401K(29568K)->28401K(29568K) NonClass: 23119K(23680K)->23119K(23680K) Class: 5282K(5888K)->5282K(5888K)
[32.933s][info][gc          ] GC(53) Pause Full (System.gc()) 772M->772M(5888M) 428.952ms
[33.387s][info][gc,metaspace] GC(54) Metaspace: 28401K(29568K)->28401K(29568K) NonClass: 23119K(23680K)->23119K(23680K) Class: 5282K(5888K)->5282K(5888K)
[33.387s][info][gc          ] GC(54) Pause Full (System.gc()) 772M->772M(5888M) 453.795ms
[33.816s][info][gc,metaspace] GC(55) Metaspace: 28401K(29568K)->28401K(29568K) NonClass: 23119K(23680K)->23119K(23680K) Class: 5282K(5888K)->5282K(5888K)
[33.817s][info][gc          ] GC(55) Pause Full (System.gc()) 772M->772M(5888M) 429.205ms
[34.258s][info][gc,metaspace] GC(56) Metaspace: 28401K(29568K)->28401K(29568K) NonClass: 23119K(23680K)->23119K(23680K) Class: 5282K(5888K)->5282K(5888K)
[34.258s][info][gc          ] GC(56) Pause Full (System.gc()) 772M->772M(5888M) 441.532ms
[34.711s][info][gc,metaspace] GC(57) Metaspace: 28401K(29568K)->28401K(29568K) NonClass: 23119K(23680K)->23119K(23680K) Class: 5282K(5888K)->5282K(5888K)
[34.711s][info][gc          ] GC(57) Pause Full (System.gc()) 772M->772M(5888M) 452.675ms
[35.148s][info][gc,metaspace] GC(58) Metaspace: 28401K(29568K)->28401K(29568K) NonClass: 23119K(23680K)->23119K(23680K) Class: 5282K(5888K)->5282K(5888K)
[35.148s][info][gc          ] GC(58) Pause Full (System.gc()) 772M->772M(5888M) 436.832ms
[35.591s][info][gc,metaspace] GC(59) Metaspace: 28401K(29568K)->28401K(29568K) NonClass: 23119K(23680K)->23119K(23680K) Class: 5282K(5888K)->5282K(5888K)
[35.591s][info][gc          ] GC(59) Pause Full (System.gc()) 772M->772M(5888M) 443.393ms
[36.017s][info][gc,metaspace] GC(60) Metaspace: 28401K(29568K)->28401K(29568K) NonClass: 23119K(23680K)->23119K(23680K) Class: 5282K(5888K)->5282K(5888K)
[36.017s][info][gc          ] GC(60) Pause Full (System.gc()) 772M->772M(5888M) 425.774ms
[36.456s][info][gc,metaspace] GC(61) Metaspace: 28401K(29568K)->28401K(29568K) NonClass: 23119K(23680K)->23119K(23680K) Class: 5282K(5888K)->5282K(5888K)
[36.456s][info][gc          ] GC(61) Pause Full (System.gc()) 772M->772M(5888M) 438.882ms
[36.890s][info][gc,metaspace] GC(62) Metaspace: 28401K(29568K)->28401K(29568K) NonClass: 23119K(23680K)->23119K(23680K) Class: 5282K(5888K)->5282K(5888K)
[36.890s][info][gc          ] GC(62) Pause Full (System.gc()) 772M->772M(5888M) 430.019ms
[37.355s][info][gc,metaspace] GC(63) Metaspace: 28401K(29568K)->28401K(29568K) NonClass: 23119K(23680K)->23119K(23680K) Class: 5282K(5888K)->5282K(5888K)
[37.355s][info][gc          ] GC(63) Pause Full (System.gc()) 772M->772M(5888M) 464.592ms
[37.806s][info][gc,metaspace] GC(64) Metaspace: 28401K(29568K)->28401K(29568K) NonClass: 23119K(23680K)->23119K(23680K) Class: 5282K(5888K)->5282K(5888K)
[37.806s][info][gc          ] GC(64) Pause Full (System.gc()) 772M->772M(5888M) 450.523ms
[38.238s][info][gc,metaspace] GC(65) Metaspace: 28401K(29568K)->28401K(29568K) NonClass: 23119K(23680K)->23119K(23680K) Class: 5282K(5888K)->5282K(5888K)
[38.238s][info][gc          ] GC(65) Pause Full (System.gc()) 772M->772M(5888M) 432.207ms
[38.675s][info][gc,metaspace] GC(66) Metaspace: 28401K(29568K)->28401K(29568K) NonClass: 23119K(23680K)->23119K(23680K) Class: 5282K(5888K)->5282K(5888K)
[38.675s][info][gc          ] GC(66) Pause Full (System.gc()) 772M->772M(5888M) 437.098ms
[39.102s][info][gc,metaspace] GC(67) Metaspace: 28401K(29568K)->28401K(29568K) NonClass: 23119K(23680K)->23119K(23680K) Class: 5282K(5888K)->5282K(5888K)
[39.102s][info][gc          ] GC(67) Pause Full (System.gc()) 772M->772M(5888M) 427.100ms
[39.565s][info][gc,metaspace] GC(68) Metaspace: 28401K(29568K)->28401K(29568K) NonClass: 23119K(23680K)->23119K(23680K) Class: 5282K(5888K)->5282K(5888K)
[39.565s][info][gc          ] GC(68) Pause Full (System.gc()) 772M->772M(5888M) 462.119ms
[40.001s][info][gc,metaspace] GC(69) Metaspace: 28401K(29568K)->28401K(29568K) NonClass: 23119K(23680K)->23119K(23680K) Class: 5282K(5888K)->5282K(5888K)
[40.001s][info][gc          ] GC(69) Pause Full (System.gc()) 772M->772M(5888M) 435.963ms
[40.432s][info][gc,metaspace] GC(70) Metaspace: 28401K(29568K)->28401K(29568K) NonClass: 23119K(23680K)->23119K(23680K) Class: 5282K(5888K)->5282K(5888K)
[40.432s][info][gc          ] GC(70) Pause Full (System.gc()) 772M->772M(5888M) 431.522ms
[40.861s][info][gc,metaspace] GC(71) Metaspace: 28401K(29568K)->28401K(29568K) NonClass: 23119K(23680K)->23119K(23680K) Class: 5282K(5888K)->5282K(5888K)
[40.861s][info][gc          ] GC(71) Pause Full (System.gc()) 772M->772M(5888M) 429.027ms
[41.331s][info][gc,metaspace] GC(72) Metaspace: 28401K(29568K)->28401K(29568K) NonClass: 23119K(23680K)->23119K(23680K) Class: 5282K(5888K)->5282K(5888K)
[41.331s][info][gc          ] GC(72) Pause Full (System.gc()) 772M->772M(5888M) 469.172ms
[41.765s][info][gc,metaspace] GC(73) Metaspace: 28401K(29568K)->28401K(29568K) NonClass: 23119K(23680K)->23119K(23680K) Class: 5282K(5888K)->5282K(5888K)
[41.765s][info][gc          ] GC(73) Pause Full (System.gc()) 772M->772M(5888M) 434.778ms
[42.194s][info][gc,metaspace] GC(74) Metaspace: 28401K(29568K)->28401K(29568K) NonClass: 23119K(23680K)->23119K(23680K) Class: 5282K(5888K)->5282K(5888K)
[42.194s][info][gc          ] GC(74) Pause Full (System.gc()) 772M->772M(5888M) 424.487ms
[42.661s][info][gc,metaspace] GC(75) Metaspace: 28401K(29568K)->28401K(29568K) NonClass: 23119K(23680K)->23119K(23680K) Class: 5282K(5888K)->5282K(5888K)
[42.661s][info][gc          ] GC(75) Pause Full (System.gc()) 772M->772M(5888M) 466.696ms
[43.099s][info][gc,metaspace] GC(76) Metaspace: 28401K(29568K)->28401K(29568K) NonClass: 23119K(23680K)->23119K(23680K) Class: 5282K(5888K)->5282K(5888K)
[43.099s][info][gc          ] GC(76) Pause Full (System.gc()) 772M->772M(5888M) 437.905ms
[43.565s][info][gc,metaspace] GC(77) Metaspace: 28401K(29568K)->28401K(29568K) NonClass: 23119K(23680K)->23119K(23680K) Class: 5282K(5888K)->5282K(5888K)
[43.565s][info][gc          ] GC(77) Pause Full (System.gc()) 772M->772M(5888M) 466.354ms
[43.992s][info][gc,metaspace] GC(78) Metaspace: 28401K(29568K)->28401K(29568K) NonClass: 23119K(23680K)->23119K(23680K) Class: 5282K(5888K)->5282K(5888K)
[43.992s][info][gc          ] GC(78) Pause Full (System.gc()) 772M->772M(5888M) 426.508ms
[44.438s][info][gc,metaspace] GC(79) Metaspace: 28401K(29568K)->28401K(29568K) NonClass: 23119K(23680K)->23119K(23680K) Class: 5282K(5888K)->5282K(5888K)
[44.438s][info][gc          ] GC(79) Pause Full (System.gc()) 772M->772M(5888M) 445.386ms
[44.863s][info][gc,metaspace] GC(80) Metaspace: 28401K(29568K)->28401K(29568K) NonClass: 23119K(23680K)->23119K(23680K) Class: 5282K(5888K)->5282K(5888K)
[44.863s][info][gc          ] GC(80) Pause Full (System.gc()) 772M->772M(5888M) 425.144ms
[45.331s][info][gc,metaspace] GC(81) Metaspace: 28401K(29568K)->28401K(29568K) NonClass: 23119K(23680K)->23119K(23680K) Class: 5282K(5888K)->5282K(5888K)
[45.332s][info][gc          ] GC(81) Pause Full (System.gc()) 772M->772M(5888M) 468.630ms
[45.768s][info][gc,metaspace] GC(82) Metaspace: 28401K(29568K)->28401K(29568K) NonClass: 23119K(23680K)->23119K(23680K) Class: 5282K(5888K)->5282K(5888K)
[45.768s][info][gc          ] GC(82) Pause Full (System.gc()) 772M->772M(5888M) 436.809ms
[46.202s][info][gc,metaspace] GC(83) Metaspace: 28401K(29568K)->28401K(29568K) NonClass: 23119K(23680K)->23119K(23680K) Class: 5282K(5888K)->5282K(5888K)
[46.202s][info][gc          ] GC(83) Pause Full (System.gc()) 772M->772M(5888M) 433.512ms
[46.656s][info][gc,metaspace] GC(84) Metaspace: 28401K(29568K)->28401K(29568K) NonClass: 23119K(23680K)->23119K(23680K) Class: 5282K(5888K)->5282K(5888K)
[46.656s][info][gc          ] GC(84) Pause Full (System.gc()) 772M->772M(5888M) 453.575ms
[47.084s][info][gc,metaspace] GC(85) Metaspace: 28401K(29568K)->28401K(29568K) NonClass: 23119K(23680K)->23119K(23680K) Class: 5282K(5888K)->5282K(5888K)
[47.084s][info][gc          ] GC(85) Pause Full (System.gc()) 772M->772M(5888M) 427.925ms
[47.571s][info][gc,metaspace] GC(86) Metaspace: 28401K(29568K)->28401K(29568K) NonClass: 23119K(23680K)->23119K(23680K) Class: 5282K(5888K)->5282K(5888K)
[47.571s][info][gc          ] GC(86) Pause Full (System.gc()) 772M->772M(5888M) 482.774ms
[48.004s][info][gc,metaspace] GC(87) Metaspace: 28401K(29568K)->28401K(29568K) NonClass: 23119K(23680K)->23119K(23680K) Class: 5282K(5888K)->5282K(5888K)
[48.004s][info][gc          ] GC(87) Pause Full (System.gc()) 772M->772M(5888M) 433.306ms
[48.435s][info][gc,metaspace] GC(88) Metaspace: 28401K(29568K)->28401K(29568K) NonClass: 23119K(23680K)->23119K(23680K) Class: 5282K(5888K)->5282K(5888K)
[48.435s][info][gc          ] GC(88) Pause Full (System.gc()) 772M->772M(5888M) 430.626ms
[48.856s][info][gc,metaspace] GC(89) Metaspace: 28401K(29568K)->28401K(29568K) NonClass: 23119K(23680K)->23119K(23680K) Class: 5282K(5888K)->5282K(5888K)
[48.856s][info][gc          ] GC(89) Pause Full (System.gc()) 772M->772M(5888M) 420.597ms
[49.332s][info][gc,metaspace] GC(90) Metaspace: 28401K(29568K)->28401K(29568K) NonClass: 23119K(23680K)->23119K(23680K) Class: 5282K(5888K)->5282K(5888K)
[49.332s][info][gc          ] GC(90) Pause Full (System.gc()) 772M->772M(5888M) 476.391ms
[49.782s][info][gc,metaspace] GC(91) Metaspace: 28401K(29568K)->28401K(29568K) NonClass: 23119K(23680K)->23119K(23680K) Class: 5282K(5888K)->5282K(5888K)
[49.782s][info][gc          ] GC(91) Pause Full (System.gc()) 772M->772M(5888M) 450.113ms
[50.213s][info][gc,metaspace] GC(92) Metaspace: 28401K(29568K)->28401K(29568K) NonClass: 23119K(23680K)->23119K(23680K) Class: 5282K(5888K)->5282K(5888K)
[50.213s][info][gc          ] GC(92) Pause Full (System.gc()) 772M->772M(5888M) 430.977ms
[50.654s][info][gc,metaspace] GC(93) Metaspace: 28401K(29568K)->28401K(29568K) NonClass: 23119K(23680K)->23119K(23680K) Class: 5282K(5888K)->5282K(5888K)
[50.654s][info][gc          ] GC(93) Pause Full (System.gc()) 772M->772M(5888M) 440.399ms
[51.080s][info][gc,metaspace] GC(94) Metaspace: 28401K(29568K)->28401K(29568K) NonClass: 23119K(23680K)->23119K(23680K) Class: 5282K(5888K)->5282K(5888K)
[51.080s][info][gc          ] GC(94) Pause Full (System.gc()) 772M->772M(5888M) 425.941ms
[51.585s][info][gc,metaspace] GC(95) Metaspace: 28401K(29568K)->28401K(29568K) NonClass: 23119K(23680K)->23119K(23680K) Class: 5282K(5888K)->5282K(5888K)
[51.585s][info][gc          ] GC(95) Pause Full (System.gc()) 772M->772M(5888M) 504.705ms
[52.013s][info][gc,metaspace] GC(96) Metaspace: 28401K(29568K)->28401K(29568K) NonClass: 23119K(23680K)->23119K(23680K) Class: 5282K(5888K)->5282K(5888K)
[52.013s][info][gc          ] GC(96) Pause Full (System.gc()) 772M->772M(5888M) 428.767ms
[52.451s][info][gc,metaspace] GC(97) Metaspace: 28401K(29568K)->28401K(29568K) NonClass: 23119K(23680K)->23119K(23680K) Class: 5282K(5888K)->5282K(5888K)
[52.452s][info][gc          ] GC(97) Pause Full (System.gc()) 772M->772M(5888M) 438.076ms
[52.898s][info][gc,metaspace] GC(98) Metaspace: 28401K(29568K)->28401K(29568K) NonClass: 23119K(23680K)->23119K(23680K) Class: 5282K(5888K)->5282K(5888K)
[52.898s][info][gc          ] GC(98) Pause Full (System.gc()) 772M->772M(5888M) 445.936ms
[53.364s][info][gc,metaspace] GC(99) Metaspace: 28401K(29568K)->28401K(29568K) NonClass: 23119K(23680K)->23119K(23680K) Class: 5282K(5888K)->5282K(5888K)
[53.364s][info][gc          ] GC(99) Pause Full (System.gc()) 772M->772M(5888M) 466.227ms
[53.802s][info][gc,metaspace] GC(100) Metaspace: 28401K(29568K)->28401K(29568K) NonClass: 23119K(23680K)->23119K(23680K) Class: 5282K(5888K)->5282K(5888K)
[53.802s][info][gc          ] GC(100) Pause Full (System.gc()) 772M->772M(5888M) 438.274ms
[54.230s][info][gc,metaspace] GC(101) Metaspace: 28401K(29568K)->28401K(29568K) NonClass: 23119K(23680K)->23119K(23680K) Class: 5282K(5888K)->5282K(5888K)
[54.230s][info][gc          ] GC(101) Pause Full (System.gc()) 772M->772M(5888M) 427.739ms
[54.668s][info][gc,metaspace] GC(102) Metaspace: 28401K(29568K)->28401K(29568K) NonClass: 23119K(23680K)->23119K(23680K) Class: 5282K(5888K)->5282K(5888K)
[54.668s][info][gc          ] GC(102) Pause Full (System.gc()) 772M->772M(5888M) 438.155ms
After GCs... 
