Done; will start GCs... 
[12.758s][info][gc,metaspace] GC(14) Metaspace: 11540K(11904K)->11540K(11904K) NonClass: 9663K(9856K)->9663K(9856K) Class: 1877K(2048K)->1877K(2048K)
[12.758s][info][gc          ] GC(14) Pause Full (System.gc()) 1592M->1571M(5198M) 557.522ms
[13.355s][info][gc,metaspace] GC(15) Metaspace: 11540K(11904K)->11540K(11904K) NonClass: 9663K(9856K)->9663K(9856K) Class: 1877K(2048K)->1877K(2048K)
[13.355s][info][gc          ] GC(15) Pause Full (System.gc()) 1571M->1571M(5198M) 596.535ms
[13.903s][info][gc,metaspace] GC(16) Metaspace: 11540K(11904K)->11540K(11904K) NonClass: 9663K(9856K)->9663K(9856K) Class: 1877K(2048K)->1877K(2048K)
[13.903s][info][gc          ] GC(16) Pause Full (System.gc()) 1571M->1571M(5198M) 547.846ms
[14.507s][info][gc,metaspace] GC(17) Metaspace: 11540K(11904K)->11540K(11904K) NonClass: 9663K(9856K)->9663K(9856K) Class: 1877K(2048K)->1877K(2048K)
[14.507s][info][gc          ] GC(17) Pause Full (System.gc()) 1571M->1571M(5198M) 604.158ms
[15.131s][info][gc,metaspace] GC(18) Metaspace: 11540K(11904K)->11540K(11904K) NonClass: 9663K(9856K)->9663K(9856K) Class: 1877K(2048K)->1877K(2048K)
[15.131s][info][gc          ] GC(18) Pause Full (System.gc()) 1571M->1571M(5198M) 624.019ms
[15.732s][info][gc,metaspace] GC(19) Metaspace: 11540K(11904K)->11540K(11904K) NonClass: 9663K(9856K)->9663K(9856K) Class: 1877K(2048K)->1877K(2048K)
[15.732s][info][gc          ] GC(19) Pause Full (System.gc()) 1571M->1571M(5198M) 600.619ms
[16.322s][info][gc,metaspace] GC(20) Metaspace: 11540K(11904K)->11540K(11904K) NonClass: 9663K(9856K)->9663K(9856K) Class: 1877K(2048K)->1877K(2048K)
[16.322s][info][gc          ] GC(20) Pause Full (System.gc()) 1571M->1571M(5198M) 590.007ms
[16.876s][info][gc,metaspace] GC(21) Metaspace: 11540K(11904K)->11540K(11904K) NonClass: 9663K(9856K)->9663K(9856K) Class: 1877K(2048K)->1877K(2048K)
[16.876s][info][gc          ] GC(21) Pause Full (System.gc()) 1571M->1571M(5198M) 553.749ms
[17.459s][info][gc,metaspace] GC(22) Metaspace: 11540K(11904K)->11540K(11904K) NonClass: 9663K(9856K)->9663K(9856K) Class: 1877K(2048K)->1877K(2048K)
[17.459s][info][gc          ] GC(22) Pause Full (System.gc()) 1571M->1571M(5198M) 582.994ms
[18.008s][info][gc,metaspace] GC(23) Metaspace: 11540K(11904K)->11540K(11904K) NonClass: 9663K(9856K)->9663K(9856K) Class: 1877K(2048K)->1877K(2048K)
[18.008s][info][gc          ] GC(23) Pause Full (System.gc()) 1571M->1571M(5198M) 549.349ms
[18.600s][info][gc,metaspace] GC(24) Metaspace: 11540K(11904K)->11540K(11904K) NonClass: 9663K(9856K)->9663K(9856K) Class: 1877K(2048K)->1877K(2048K)
[18.600s][info][gc          ] GC(24) Pause Full (System.gc()) 1571M->1571M(5198M) 591.604ms
[19.202s][info][gc,metaspace] GC(25) Metaspace: 11540K(11904K)->11540K(11904K) NonClass: 9663K(9856K)->9663K(9856K) Class: 1877K(2048K)->1877K(2048K)
[19.202s][info][gc          ] GC(25) Pause Full (System.gc()) 1571M->1571M(5198M) 602.334ms
[19.753s][info][gc,metaspace] GC(26) Metaspace: 11540K(11904K)->11540K(11904K) NonClass: 9663K(9856K)->9663K(9856K) Class: 1877K(2048K)->1877K(2048K)
[19.753s][info][gc          ] GC(26) Pause Full (System.gc()) 1571M->1571M(5198M) 551.081ms
[20.389s][info][gc,metaspace] GC(27) Metaspace: 11540K(11904K)->11540K(11904K) NonClass: 9663K(9856K)->9663K(9856K) Class: 1877K(2048K)->1877K(2048K)
[20.389s][info][gc          ] GC(27) Pause Full (System.gc()) 1571M->1571M(5198M) 635.844ms
[20.954s][info][gc,metaspace] GC(28) Metaspace: 11540K(11904K)->11540K(11904K) NonClass: 9663K(9856K)->9663K(9856K) Class: 1877K(2048K)->1877K(2048K)
[20.954s][info][gc          ] GC(28) Pause Full (System.gc()) 1571M->1571M(5198M) 564.710ms
[21.519s][info][gc,metaspace] GC(29) Metaspace: 11540K(11904K)->11540K(11904K) NonClass: 9663K(9856K)->9663K(9856K) Class: 1877K(2048K)->1877K(2048K)
[21.519s][info][gc          ] GC(29) Pause Full (System.gc()) 1571M->1571M(5198M) 564.797ms
[22.088s][info][gc,metaspace] GC(30) Metaspace: 11540K(11904K)->11540K(11904K) NonClass: 9663K(9856K)->9663K(9856K) Class: 1877K(2048K)->1877K(2048K)
[22.088s][info][gc          ] GC(30) Pause Full (System.gc()) 1571M->1571M(5198M) 568.802ms
[22.684s][info][gc,metaspace] GC(31) Metaspace: 11540K(11904K)->11540K(11904K) NonClass: 9663K(9856K)->9663K(9856K) Class: 1877K(2048K)->1877K(2048K)
[22.684s][info][gc          ] GC(31) Pause Full (System.gc()) 1571M->1571M(5198M) 596.080ms
[23.281s][info][gc,metaspace] GC(32) Metaspace: 11540K(11904K)->11540K(11904K) NonClass: 9663K(9856K)->9663K(9856K) Class: 1877K(2048K)->1877K(2048K)
[23.281s][info][gc          ] GC(32) Pause Full (System.gc()) 1571M->1571M(5198M) 596.719ms
[23.876s][info][gc,metaspace] GC(33) Metaspace: 11540K(11904K)->11540K(11904K) NonClass: 9663K(9856K)->9663K(9856K) Class: 1877K(2048K)->1877K(2048K)
[23.876s][info][gc          ] GC(33) Pause Full (System.gc()) 1571M->1571M(5198M) 595.479ms
[24.442s][info][gc,metaspace] GC(34) Metaspace: 11540K(11904K)->11540K(11904K) NonClass: 9663K(9856K)->9663K(9856K) Class: 1877K(2048K)->1877K(2048K)
[24.442s][info][gc          ] GC(34) Pause Full (System.gc()) 1571M->1571M(5198M) 565.725ms
[24.999s][info][gc,metaspace] GC(35) Metaspace: 11540K(11904K)->11540K(11904K) NonClass: 9663K(9856K)->9663K(9856K) Class: 1877K(2048K)->1877K(2048K)
[24.999s][info][gc          ] GC(35) Pause Full (System.gc()) 1571M->1571M(5198M) 556.434ms
[25.589s][info][gc,metaspace] GC(36) Metaspace: 11540K(11904K)->11540K(11904K) NonClass: 9663K(9856K)->9663K(9856K) Class: 1877K(2048K)->1877K(2048K)
[25.589s][info][gc          ] GC(36) Pause Full (System.gc()) 1571M->1571M(5198M) 590.456ms
[26.145s][info][gc,metaspace] GC(37) Metaspace: 11540K(11904K)->11540K(11904K) NonClass: 9663K(9856K)->9663K(9856K) Class: 1877K(2048K)->1877K(2048K)
[26.145s][info][gc          ] GC(37) Pause Full (System.gc()) 1571M->1571M(5198M) 555.978ms
[26.735s][info][gc,metaspace] GC(38) Metaspace: 11540K(11904K)->11540K(11904K) NonClass: 9663K(9856K)->9663K(9856K) Class: 1877K(2048K)->1877K(2048K)
[26.735s][info][gc          ] GC(38) Pause Full (System.gc()) 1571M->1571M(5198M) 590.011ms
[27.376s][info][gc,metaspace] GC(39) Metaspace: 11540K(11904K)->11540K(11904K) NonClass: 9663K(9856K)->9663K(9856K) Class: 1877K(2048K)->1877K(2048K)
[27.376s][info][gc          ] GC(39) Pause Full (System.gc()) 1571M->1571M(5198M) 640.078ms
[27.939s][info][gc,metaspace] GC(40) Metaspace: 11540K(11904K)->11540K(11904K) NonClass: 9663K(9856K)->9663K(9856K) Class: 1877K(2048K)->1877K(2048K)
[27.939s][info][gc          ] GC(40) Pause Full (System.gc()) 1571M->1571M(5198M) 563.064ms
[28.518s][info][gc,metaspace] GC(41) Metaspace: 11540K(11904K)->11540K(11904K) NonClass: 9663K(9856K)->9663K(9856K) Class: 1877K(2048K)->1877K(2048K)
[28.518s][info][gc          ] GC(41) Pause Full (System.gc()) 1571M->1571M(5198M) 579.052ms
[29.067s][info][gc,metaspace] GC(42) Metaspace: 11540K(11904K)->11540K(11904K) NonClass: 9663K(9856K)->9663K(9856K) Class: 1877K(2048K)->1877K(2048K)
[29.067s][info][gc          ] GC(42) Pause Full (System.gc()) 1571M->1571M(5198M) 549.206ms
[29.665s][info][gc,metaspace] GC(43) Metaspace: 11540K(11904K)->11540K(11904K) NonClass: 9663K(9856K)->9663K(9856K) Class: 1877K(2048K)->1877K(2048K)
[29.665s][info][gc          ] GC(43) Pause Full (System.gc()) 1571M->1571M(5198M) 597.952ms
[30.261s][info][gc,metaspace] GC(44) Metaspace: 11540K(11904K)->11540K(11904K) NonClass: 9663K(9856K)->9663K(9856K) Class: 1877K(2048K)->1877K(2048K)
[30.261s][info][gc          ] GC(44) Pause Full (System.gc()) 1571M->1571M(5198M) 595.690ms
[30.823s][info][gc,metaspace] GC(45) Metaspace: 11540K(11904K)->11540K(11904K) NonClass: 9663K(9856K)->9663K(9856K) Class: 1877K(2048K)->1877K(2048K)
[30.823s][info][gc          ] GC(45) Pause Full (System.gc()) 1571M->1571M(5198M) 557.711ms
[31.476s][info][gc,metaspace] GC(46) Metaspace: 11540K(11904K)->11540K(11904K) NonClass: 9663K(9856K)->9663K(9856K) Class: 1877K(2048K)->1877K(2048K)
[31.476s][info][gc          ] GC(46) Pause Full (System.gc()) 1571M->1571M(5198M) 652.879ms
[32.039s][info][gc,metaspace] GC(47) Metaspace: 11540K(11904K)->11540K(11904K) NonClass: 9663K(9856K)->9663K(9856K) Class: 1877K(2048K)->1877K(2048K)
[32.039s][info][gc          ] GC(47) Pause Full (System.gc()) 1571M->1571M(5198M) 562.594ms
[32.602s][info][gc,metaspace] GC(48) Metaspace: 11540K(11904K)->11540K(11904K) NonClass: 9663K(9856K)->9663K(9856K) Class: 1877K(2048K)->1877K(2048K)
[32.602s][info][gc          ] GC(48) Pause Full (System.gc()) 1571M->1571M(5198M) 563.196ms
[33.205s][info][gc,metaspace] GC(49) Metaspace: 11540K(11904K)->11540K(11904K) NonClass: 9663K(9856K)->9663K(9856K) Class: 1877K(2048K)->1877K(2048K)
[33.205s][info][gc          ] GC(49) Pause Full (System.gc()) 1571M->1571M(5198M) 603.017ms
[33.755s][info][gc,metaspace] GC(50) Metaspace: 11540K(11904K)->11540K(11904K) NonClass: 9663K(9856K)->9663K(9856K) Class: 1877K(2048K)->1877K(2048K)
[33.755s][info][gc          ] GC(50) Pause Full (System.gc()) 1571M->1571M(5198M) 549.864ms
[34.345s][info][gc,metaspace] GC(51) Metaspace: 11540K(11904K)->11540K(11904K) NonClass: 9663K(9856K)->9663K(9856K) Class: 1877K(2048K)->1877K(2048K)
[34.345s][info][gc          ] GC(51) Pause Full (System.gc()) 1571M->1571M(5198M) 589.481ms
[34.895s][info][gc,metaspace] GC(52) Metaspace: 11540K(11904K)->11540K(11904K) NonClass: 9663K(9856K)->9663K(9856K) Class: 1877K(2048K)->1877K(2048K)
[34.895s][info][gc          ] GC(52) Pause Full (System.gc()) 1571M->1571M(5198M) 550.570ms
[35.506s][info][gc,metaspace] GC(53) Metaspace: 11540K(11904K)->11540K(11904K) NonClass: 9663K(9856K)->9663K(9856K) Class: 1877K(2048K)->1877K(2048K)
[35.506s][info][gc          ] GC(53) Pause Full (System.gc()) 1571M->1571M(5198M) 610.636ms
[36.061s][info][gc,metaspace] GC(54) Metaspace: 11540K(11904K)->11540K(11904K) NonClass: 9663K(9856K)->9663K(9856K) Class: 1877K(2048K)->1877K(2048K)
[36.061s][info][gc          ] GC(54) Pause Full (System.gc()) 1571M->1571M(5198M) 554.802ms
[36.653s][info][gc,metaspace] GC(55) Metaspace: 11540K(11904K)->11540K(11904K) NonClass: 9663K(9856K)->9663K(9856K) Class: 1877K(2048K)->1877K(2048K)
[36.653s][info][gc          ] GC(55) Pause Full (System.gc()) 1571M->1571M(5198M) 592.200ms
[37.254s][info][gc,metaspace] GC(56) Metaspace: 11540K(11904K)->11540K(11904K) NonClass: 9663K(9856K)->9663K(9856K) Class: 1877K(2048K)->1877K(2048K)
[37.254s][info][gc          ] GC(56) Pause Full (System.gc()) 1571M->1571M(5198M) 600.370ms
[37.819s][info][gc,metaspace] GC(57) Metaspace: 11540K(11904K)->11540K(11904K) NonClass: 9663K(9856K)->9663K(9856K) Class: 1877K(2048K)->1877K(2048K)
[37.819s][info][gc          ] GC(57) Pause Full (System.gc()) 1571M->1571M(5198M) 565.134ms
[38.479s][info][gc,metaspace] GC(58) Metaspace: 11540K(11904K)->11540K(11904K) NonClass: 9663K(9856K)->9663K(9856K) Class: 1877K(2048K)->1877K(2048K)
[38.479s][info][gc          ] GC(58) Pause Full (System.gc()) 1571M->1571M(5198M) 660.434ms
[39.041s][info][gc,metaspace] GC(59) Metaspace: 11540K(11904K)->11540K(11904K) NonClass: 9663K(9856K)->9663K(9856K) Class: 1877K(2048K)->1877K(2048K)
[39.041s][info][gc          ] GC(59) Pause Full (System.gc()) 1571M->1571M(5198M) 561.693ms
[39.651s][info][gc,metaspace] GC(60) Metaspace: 11540K(11904K)->11540K(11904K) NonClass: 9663K(9856K)->9663K(9856K) Class: 1877K(2048K)->1877K(2048K)
[39.651s][info][gc          ] GC(60) Pause Full (System.gc()) 1571M->1571M(5198M) 609.547ms
[40.258s][info][gc,metaspace] GC(61) Metaspace: 11540K(11904K)->11540K(11904K) NonClass: 9663K(9856K)->9663K(9856K) Class: 1877K(2048K)->1877K(2048K)
[40.258s][info][gc          ] GC(61) Pause Full (System.gc()) 1571M->1571M(5198M) 606.788ms
[40.816s][info][gc,metaspace] GC(62) Metaspace: 11540K(11904K)->11540K(11904K) NonClass: 9663K(9856K)->9663K(9856K) Class: 1877K(2048K)->1877K(2048K)
[40.816s][info][gc          ] GC(62) Pause Full (System.gc()) 1571M->1571M(5198M) 558.236ms
[41.397s][info][gc,metaspace] GC(63) Metaspace: 11540K(11904K)->11540K(11904K) NonClass: 9663K(9856K)->9663K(9856K) Class: 1877K(2048K)->1877K(2048K)
[41.397s][info][gc          ] GC(63) Pause Full (System.gc()) 1571M->1571M(5198M) 581.197ms
After GCs... 
