[0.002s][info][metaspace]  - commit_granule_bytes: 65536.
[0.002s][info][metaspace]  - commit_granule_words: 8192.
[0.002s][info][metaspace]  - virtual_space_node_default_size: 8388608.
[0.002s][info][metaspace]  - enlarge_chunks_in_place: 1.
[0.002s][info][metaspace]  - use_allocation_guard: 0.
[0.004s][info][gc       ] Using Parallel
[0.324s][info][metaspace] Reserving compressed class space anywhere
[0.324s][info][gc,metaspace] CDS archive(s) not mapped
[0.324s][info][gc,metaspace] Compressed class space mapped at: 0x000000002b000000-0x00000000eb000000, reserved size: 3221225472
[0.324s][info][gc,metaspace] UseCompressedClassPointers 1, UseCompactObjectHeaders 0, narrow klass pointer bits 32, max shift 3
[0.324s][info][gc,metaspace] Narrow klass base: 0x0000000000000000, Narrow klass shift: 0, Narrow klass range: 0xeb000000
Random Seed: 12345678
Num Classes: 64
Num Objects: 67108864
Percent IK Objects: 83.0%)
Percent OAK Objects: 5.0%)
Percent TAK Objects: 12.0%)
Cycles: 50
Loading 64 pre-generated classes ...
Materialize pre-generated constructors ...
Creating objects...
[0.543s][info][gc,metaspace] GC(0) Metaspace: 11245K(11520K)->11245K(11520K) NonClass: 10137K(10304K)->10137K(10304K) Class: 1107K(1216K)->1107K(1216K)
[0.544s][info][gc          ] GC(0) Pause Full (System.gc()) 153M->2M(5888M) 5.912ms
[1.802s][info][gc,metaspace] GC(1) Metaspace: 11514K(11776K)->11514K(11776K) NonClass: 10372K(10496K)->10372K(10496K) Class: 1141K(1280K)->1141K(1280K)
[1.802s][info][gc          ] GC(1) Pause Young (Allocation Failure) 1538M->408M(5888M) 534.906ms
[2.636s][info][gc,metaspace] GC(2) Metaspace: 11514K(11776K)->11514K(11776K) NonClass: 10372K(10496K)->10372K(10496K) Class: 1141K(1280K)->1141K(1280K)
[2.636s][info][gc          ] GC(2) Pause Young (Allocation Failure) 1944M->571M(5888M) 151.533ms
[3.537s][info][gc,metaspace] GC(3) Metaspace: 11514K(11776K)->11514K(11776K) NonClass: 10372K(10496K)->10372K(10496K) Class: 1141K(1280K)->1141K(1280K)
[3.537s][info][gc          ] GC(3) Pause Young (Allocation Failure) 2107M->716M(5888M) 194.821ms
[4.479s][info][gc,metaspace] GC(4) Metaspace: 11514K(11776K)->11514K(11776K) NonClass: 10372K(10496K)->10372K(10496K) Class: 1141K(1280K)->1141K(1280K)
[4.479s][info][gc          ] GC(4) Pause Young (Allocation Failure) 2252M->860M(5888M) 234.995ms
[5.431s][info][gc,metaspace] GC(5) Metaspace: 11514K(11776K)->11514K(11776K) NonClass: 10372K(10496K)->10372K(10496K) Class: 1141K(1280K)->1141K(1280K)
[5.431s][info][gc          ] GC(5) Pause Young (Allocation Failure) 2396M->1004M(5888M) 243.860ms
[6.358s][info][gc,metaspace] GC(6) Metaspace: 11514K(11776K)->11514K(11776K) NonClass: 10372K(10496K)->10372K(10496K) Class: 1141K(1280K)->1141K(1280K)
[6.358s][info][gc          ] GC(6) Pause Young (Allocation Failure) 2540M->1149M(5308M) 221.031ms
[7.003s][info][gc,metaspace] GC(7) Metaspace: 11514K(11776K)->11514K(11776K) NonClass: 10372K(10496K)->10372K(10496K) Class: 1141K(1280K)->1141K(1280K)
[7.003s][info][gc          ] GC(7) Pause Young (Allocation Failure) 2105M->1239M(5188M) 241.855ms
[7.518s][info][gc,metaspace] GC(8) Metaspace: 11514K(11776K)->11514K(11776K) NonClass: 10372K(10496K)->10372K(10496K) Class: 1141K(1280K)->1141K(1280K)
[7.518s][info][gc          ] GC(8) Pause Young (Allocation Failure) 2195M->1329M(5588M) 101.615ms
[8.113s][info][gc,metaspace] GC(9) Metaspace: 11514K(11776K)->11514K(11776K) NonClass: 10372K(10496K)->10372K(10496K) Class: 1141K(1280K)->1141K(1280K)
[8.113s][info][gc          ] GC(9) Pause Young (Allocation Failure) 2257M->1416M(5580M) 148.153ms
[8.698s][info][gc,metaspace] GC(10) Metaspace: 11514K(11776K)->11514K(11776K) NonClass: 10372K(10496K)->10372K(10496K) Class: 1141K(1280K)->1141K(1280K)
[8.698s][info][gc          ] GC(10) Pause Young (Allocation Failure) 2344M->1504M(5612M) 180.918ms
[9.306s][info][gc,metaspace] GC(11) Metaspace: 11514K(11776K)->11514K(11776K) NonClass: 10372K(10496K)->10372K(10496K) Class: 1141K(1280K)->1141K(1280K)
[9.306s][info][gc          ] GC(11) Pause Young (Allocation Failure) 2486M->1596M(5172M) 136.242ms
[9.848s][info][gc,metaspace] GC(12) Metaspace: 11514K(11776K)->11514K(11776K) NonClass: 10372K(10496K)->10372K(10496K) Class: 1141K(1280K)->1141K(1280K)
[9.848s][info][gc          ] GC(12) Pause Young (Allocation Failure) 2578M->1688M(5600M) 117.858ms
[10.355s][info][gc,metaspace] GC(13) Metaspace: 11514K(11776K)->11514K(11776K) NonClass: 10372K(10496K)->10372K(10496K) Class: 1141K(1280K)->1141K(1280K)
[10.355s][info][gc          ] GC(13) Pause Young (Allocation Failure) 2652M->1779M(5602M) 90.430ms
67108864 Objects created
 - IK: 55699211 (82.99829%)
 - OAK: 3355627 (5.0002737%)
 - TAK: 8054026 (12.001434%)
Preparatory GC...
[11.282s][info][gc,metaspace] GC(14) Metaspace: 11514K(11776K)->11514K(11776K) NonClass: 10372K(10496K)->10372K(10496K) Class: 1141K(1280K)->1141K(1280K)
[11.282s][info][gc          ] GC(14) Pause Full (System.gc()) 2010M->1794M(5602M) 830.481ms
[11.881s][info][gc,metaspace] GC(15) Metaspace: 11514K(11776K)->11514K(11776K) NonClass: 10372K(10496K)->10372K(10496K) Class: 1141K(1280K)->1141K(1280K)
[11.881s][info][gc          ] GC(15) Pause Full (System.gc()) 1794M->1794M(5602M) 598.998ms
Done; will start GCs... 
[12.442s][info][gc,metaspace] GC(16) Metaspace: 11514K(11776K)->11514K(11776K) NonClass: 10372K(10496K)->10372K(10496K) Class: 1141K(1280K)->1141K(1280K)
[12.442s][info][gc          ] GC(16) Pause Full (System.gc()) 1814M->1794M(5602M) 560.925ms
[13.023s][info][gc,metaspace] GC(17) Metaspace: 11514K(11776K)->11514K(11776K) NonClass: 10372K(10496K)->10372K(10496K) Class: 1141K(1280K)->1141K(1280K)
[13.023s][info][gc          ] GC(17) Pause Full (System.gc()) 1794M->1794M(5602M) 580.539ms
[13.578s][info][gc,metaspace] GC(18) Metaspace: 11514K(11776K)->11514K(11776K) NonClass: 10372K(10496K)->10372K(10496K) Class: 1141K(1280K)->1141K(1280K)
[13.578s][info][gc          ] GC(18) Pause Full (System.gc()) 1794M->1794M(5602M) 554.822ms
[14.172s][info][gc,metaspace] GC(19) Metaspace: 11514K(11776K)->11514K(11776K) NonClass: 10372K(10496K)->10372K(10496K) Class: 1141K(1280K)->1141K(1280K)
[14.172s][info][gc          ] GC(19) Pause Full (System.gc()) 1794M->1794M(5602M) 594.798ms
[14.736s][info][gc,metaspace] GC(20) Metaspace: 11514K(11776K)->11514K(11776K) NonClass: 10372K(10496K)->10372K(10496K) Class: 1141K(1280K)->1141K(1280K)
[14.736s][info][gc          ] GC(20) Pause Full (System.gc()) 1794M->1794M(5602M) 563.880ms
[15.328s][info][gc,metaspace] GC(21) Metaspace: 11514K(11776K)->11514K(11776K) NonClass: 10372K(10496K)->10372K(10496K) Class: 1141K(1280K)->1141K(1280K)
[15.328s][info][gc          ] GC(21) Pause Full (System.gc()) 1794M->1794M(5602M) 591.499ms
[15.924s][info][gc,metaspace] GC(22) Metaspace: 11514K(11776K)->11514K(11776K) NonClass: 10372K(10496K)->10372K(10496K) Class: 1141K(1280K)->1141K(1280K)
[15.924s][info][gc          ] GC(22) Pause Full (System.gc()) 1794M->1794M(5602M) 596.143ms
[16.476s][info][gc,metaspace] GC(23) Metaspace: 11514K(11776K)->11514K(11776K) NonClass: 10372K(10496K)->10372K(10496K) Class: 1141K(1280K)->1141K(1280K)
[16.476s][info][gc          ] GC(23) Pause Full (System.gc()) 1794M->1794M(5602M) 547.396ms
[17.060s][info][gc,metaspace] GC(24) Metaspace: 11514K(11776K)->11514K(11776K) NonClass: 10372K(10496K)->10372K(10496K) Class: 1141K(1280K)->1141K(1280K)
[17.060s][info][gc          ] GC(24) Pause Full (System.gc()) 1794M->1794M(5602M) 583.511ms
[17.605s][info][gc,metaspace] GC(25) Metaspace: 11514K(11776K)->11514K(11776K) NonClass: 10372K(10496K)->10372K(10496K) Class: 1141K(1280K)->1141K(1280K)
[17.605s][info][gc          ] GC(25) Pause Full (System.gc()) 1794M->1794M(5602M) 545.703ms
[18.197s][info][gc,metaspace] GC(26) Metaspace: 11514K(11776K)->11514K(11776K) NonClass: 10372K(10496K)->10372K(10496K) Class: 1141K(1280K)->1141K(1280K)
[18.197s][info][gc          ] GC(26) Pause Full (System.gc()) 1794M->1794M(5602M) 591.966ms
[18.754s][info][gc,metaspace] GC(27) Metaspace: 11514K(11776K)->11514K(11776K) NonClass: 10372K(10496K)->10372K(10496K) Class: 1141K(1280K)->1141K(1280K)
[18.754s][info][gc          ] GC(27) Pause Full (System.gc()) 1794M->1794M(5602M) 556.544ms
[19.352s][info][gc,metaspace] GC(28) Metaspace: 11514K(11776K)->11514K(11776K) NonClass: 10372K(10496K)->10372K(10496K) Class: 1141K(1280K)->1141K(1280K)
[19.352s][info][gc          ] GC(28) Pause Full (System.gc()) 1794M->1794M(5602M) 598.126ms
[19.951s][info][gc,metaspace] GC(29) Metaspace: 11514K(11776K)->11514K(11776K) NonClass: 10372K(10496K)->10372K(10496K) Class: 1141K(1280K)->1141K(1280K)
[19.951s][info][gc          ] GC(29) Pause Full (System.gc()) 1794M->1794M(5602M) 599.082ms
[20.499s][info][gc,metaspace] GC(30) Metaspace: 11514K(11776K)->11514K(11776K) NonClass: 10372K(10496K)->10372K(10496K) Class: 1141K(1280K)->1141K(1280K)
[20.499s][info][gc          ] GC(30) Pause Full (System.gc()) 1794M->1794M(5602M) 547.863ms
[21.082s][info][gc,metaspace] GC(31) Metaspace: 11514K(11776K)->11514K(11776K) NonClass: 10372K(10496K)->10372K(10496K) Class: 1141K(1280K)->1141K(1280K)
[21.082s][info][gc          ] GC(31) Pause Full (System.gc()) 1794M->1794M(5602M) 582.834ms
[21.639s][info][gc,metaspace] GC(32) Metaspace: 11514K(11776K)->11514K(11776K) NonClass: 10372K(10496K)->10372K(10496K) Class: 1141K(1280K)->1141K(1280K)
[21.639s][info][gc          ] GC(32) Pause Full (System.gc()) 1794M->1794M(5602M) 552.184ms
[22.229s][info][gc,metaspace] GC(33) Metaspace: 11514K(11776K)->11514K(11776K) NonClass: 10372K(10496K)->10372K(10496K) Class: 1141K(1280K)->1141K(1280K)
[22.229s][info][gc          ] GC(33) Pause Full (System.gc()) 1794M->1794M(5602M) 589.939ms
[22.797s][info][gc,metaspace] GC(34) Metaspace: 11514K(11776K)->11514K(11776K) NonClass: 10372K(10496K)->10372K(10496K) Class: 1141K(1280K)->1141K(1280K)
[22.797s][info][gc          ] GC(34) Pause Full (System.gc()) 1794M->1794M(5602M) 567.773ms
[23.382s][info][gc,metaspace] GC(35) Metaspace: 11514K(11776K)->11514K(11776K) NonClass: 10372K(10496K)->10372K(10496K) Class: 1141K(1280K)->1141K(1280K)
[23.382s][info][gc          ] GC(35) Pause Full (System.gc()) 1794M->1794M(5602M) 585.106ms
[23.975s][info][gc,metaspace] GC(36) Metaspace: 11514K(11776K)->11514K(11776K) NonClass: 10372K(10496K)->10372K(10496K) Class: 1141K(1280K)->1141K(1280K)
[23.975s][info][gc          ] GC(36) Pause Full (System.gc()) 1794M->1794M(5602M) 592.869ms
[24.522s][info][gc,metaspace] GC(37) Metaspace: 11514K(11776K)->11514K(11776K) NonClass: 10372K(10496K)->10372K(10496K) Class: 1141K(1280K)->1141K(1280K)
[24.522s][info][gc          ] GC(37) Pause Full (System.gc()) 1794M->1794M(5602M) 547.642ms
[25.128s][info][gc,metaspace] GC(38) Metaspace: 11514K(11776K)->11514K(11776K) NonClass: 10372K(10496K)->10372K(10496K) Class: 1141K(1280K)->1141K(1280K)
[25.128s][info][gc          ] GC(38) Pause Full (System.gc()) 1794M->1794M(5602M) 605.839ms
[25.679s][info][gc,metaspace] GC(39) Metaspace: 11514K(11776K)->11514K(11776K) NonClass: 10372K(10496K)->10372K(10496K) Class: 1141K(1280K)->1141K(1280K)
[25.679s][info][gc          ] GC(39) Pause Full (System.gc()) 1794M->1794M(5602M) 550.893ms
[26.276s][info][gc,metaspace] GC(40) Metaspace: 11514K(11776K)->11514K(11776K) NonClass: 10372K(10496K)->10372K(10496K) Class: 1141K(1280K)->1141K(1280K)
[26.276s][info][gc          ] GC(40) Pause Full (System.gc()) 1794M->1794M(5602M) 597.047ms
[26.876s][info][gc,metaspace] GC(41) Metaspace: 11514K(11776K)->11514K(11776K) NonClass: 10372K(10496K)->10372K(10496K) Class: 1141K(1280K)->1141K(1280K)
[26.876s][info][gc          ] GC(41) Pause Full (System.gc()) 1794M->1794M(5602M) 599.367ms
[27.429s][info][gc,metaspace] GC(42) Metaspace: 11514K(11776K)->11514K(11776K) NonClass: 10372K(10496K)->10372K(10496K) Class: 1141K(1280K)->1141K(1280K)
[27.429s][info][gc          ] GC(42) Pause Full (System.gc()) 1794M->1794M(5602M) 552.747ms
[28.014s][info][gc,metaspace] GC(43) Metaspace: 11514K(11776K)->11514K(11776K) NonClass: 10372K(10496K)->10372K(10496K) Class: 1141K(1280K)->1141K(1280K)
[28.014s][info][gc          ] GC(43) Pause Full (System.gc()) 1794M->1794M(5602M) 585.125ms
[28.562s][info][gc,metaspace] GC(44) Metaspace: 11514K(11776K)->11514K(11776K) NonClass: 10372K(10496K)->10372K(10496K) Class: 1141K(1280K)->1141K(1280K)
[28.562s][info][gc          ] GC(44) Pause Full (System.gc()) 1794M->1794M(5602M) 548.385ms
[29.161s][info][gc,metaspace] GC(45) Metaspace: 11514K(11776K)->11514K(11776K) NonClass: 10372K(10496K)->10372K(10496K) Class: 1141K(1280K)->1141K(1280K)
[29.161s][info][gc          ] GC(45) Pause Full (System.gc()) 1794M->1794M(5602M) 598.382ms
[29.710s][info][gc,metaspace] GC(46) Metaspace: 11514K(11776K)->11514K(11776K) NonClass: 10372K(10496K)->10372K(10496K) Class: 1141K(1280K)->1141K(1280K)
[29.710s][info][gc          ] GC(46) Pause Full (System.gc()) 1794M->1794M(5602M) 548.800ms
[30.297s][info][gc,metaspace] GC(47) Metaspace: 11514K(11776K)->11514K(11776K) NonClass: 10372K(10496K)->10372K(10496K) Class: 1141K(1280K)->1141K(1280K)
[30.297s][info][gc          ] GC(47) Pause Full (System.gc()) 1794M->1794M(5602M) 587.077ms
[30.898s][info][gc,metaspace] GC(48) Metaspace: 11514K(11776K)->11514K(11776K) NonClass: 10372K(10496K)->10372K(10496K) Class: 1141K(1280K)->1141K(1280K)
[30.898s][info][gc          ] GC(48) Pause Full (System.gc()) 1794M->1794M(5602M) 600.490ms
[31.450s][info][gc,metaspace] GC(49) Metaspace: 11514K(11776K)->11514K(11776K) NonClass: 10372K(10496K)->10372K(10496K) Class: 1141K(1280K)->1141K(1280K)
[31.450s][info][gc          ] GC(49) Pause Full (System.gc()) 1794M->1794M(5602M) 552.427ms
[32.035s][info][gc,metaspace] GC(50) Metaspace: 11514K(11776K)->11514K(11776K) NonClass: 10372K(10496K)->10372K(10496K) Class: 1141K(1280K)->1141K(1280K)
[32.035s][info][gc          ] GC(50) Pause Full (System.gc()) 1794M->1794M(5602M) 584.899ms
[32.587s][info][gc,metaspace] GC(51) Metaspace: 11514K(11776K)->11514K(11776K) NonClass: 10372K(10496K)->10372K(10496K) Class: 1141K(1280K)->1141K(1280K)
[32.587s][info][gc          ] GC(51) Pause Full (System.gc()) 1794M->1794M(5602M) 551.741ms
[33.180s][info][gc,metaspace] GC(52) Metaspace: 11514K(11776K)->11514K(11776K) NonClass: 10372K(10496K)->10372K(10496K) Class: 1141K(1280K)->1141K(1280K)
[33.180s][info][gc          ] GC(52) Pause Full (System.gc()) 1794M->1794M(5602M) 592.793ms
[33.756s][info][gc,metaspace] GC(53) Metaspace: 11514K(11776K)->11514K(11776K) NonClass: 10372K(10496K)->10372K(10496K) Class: 1141K(1280K)->1141K(1280K)
[33.756s][info][gc          ] GC(53) Pause Full (System.gc()) 1794M->1794M(5602M) 576.396ms
[34.331s][info][gc,metaspace] GC(54) Metaspace: 11514K(11776K)->11514K(11776K) NonClass: 10372K(10496K)->10372K(10496K) Class: 1141K(1280K)->1141K(1280K)
[34.331s][info][gc          ] GC(54) Pause Full (System.gc()) 1794M->1794M(5602M) 574.439ms
[34.928s][info][gc,metaspace] GC(55) Metaspace: 11514K(11776K)->11514K(11776K) NonClass: 10372K(10496K)->10372K(10496K) Class: 1141K(1280K)->1141K(1280K)
[34.929s][info][gc          ] GC(55) Pause Full (System.gc()) 1794M->1794M(5602M) 597.670ms
[35.475s][info][gc,metaspace] GC(56) Metaspace: 11514K(11776K)->11514K(11776K) NonClass: 10372K(10496K)->10372K(10496K) Class: 1141K(1280K)->1141K(1280K)
[35.475s][info][gc          ] GC(56) Pause Full (System.gc()) 1794M->1794M(5602M) 546.551ms
[36.056s][info][gc,metaspace] GC(57) Metaspace: 11514K(11776K)->11514K(11776K) NonClass: 10372K(10496K)->10372K(10496K) Class: 1141K(1280K)->1141K(1280K)
[36.056s][info][gc          ] GC(57) Pause Full (System.gc()) 1794M->1794M(5602M) 580.475ms
[36.608s][info][gc,metaspace] GC(58) Metaspace: 11514K(11776K)->11514K(11776K) NonClass: 10372K(10496K)->10372K(10496K) Class: 1141K(1280K)->1141K(1280K)
[36.608s][info][gc          ] GC(58) Pause Full (System.gc()) 1794M->1794M(5602M) 552.447ms
[37.216s][info][gc,metaspace] GC(59) Metaspace: 11514K(11776K)->11514K(11776K) NonClass: 10372K(10496K)->10372K(10496K) Class: 1141K(1280K)->1141K(1280K)
[37.216s][info][gc          ] GC(59) Pause Full (System.gc()) 1794M->1794M(5602M) 607.304ms
[37.762s][info][gc,metaspace] GC(60) Metaspace: 11514K(11776K)->11514K(11776K) NonClass: 10372K(10496K)->10372K(10496K) Class: 1141K(1280K)->1141K(1280K)
[37.763s][info][gc          ] GC(60) Pause Full (System.gc()) 1794M->1794M(5602M) 546.765ms
[38.349s][info][gc,metaspace] GC(61) Metaspace: 11514K(11776K)->11514K(11776K) NonClass: 10372K(10496K)->10372K(10496K) Class: 1141K(1280K)->1141K(1280K)
[38.349s][info][gc          ] GC(61) Pause Full (System.gc()) 1794M->1794M(5602M) 586.656ms
[38.978s][info][gc,metaspace] GC(62) Metaspace: 11514K(11776K)->11514K(11776K) NonClass: 10372K(10496K)->10372K(10496K) Class: 1141K(1280K)->1141K(1280K)
[38.978s][info][gc          ] GC(62) Pause Full (System.gc()) 1794M->1794M(5602M) 628.862ms
[39.534s][info][gc,metaspace] GC(63) Metaspace: 11514K(11776K)->11514K(11776K) NonClass: 10372K(10496K)->10372K(10496K) Class: 1141K(1280K)->1141K(1280K)
[39.534s][info][gc          ] GC(63) Pause Full (System.gc()) 1794M->1794M(5602M) 556.168ms
[40.174s][info][gc,metaspace] GC(64) Metaspace: 11514K(11776K)->11514K(11776K) NonClass: 10372K(10496K)->10372K(10496K) Class: 1141K(1280K)->1141K(1280K)
[40.174s][info][gc          ] GC(64) Pause Full (System.gc()) 1794M->1794M(5602M) 639.651ms
[40.718s][info][gc,metaspace] GC(65) Metaspace: 11514K(11776K)->11514K(11776K) NonClass: 10372K(10496K)->10372K(10496K) Class: 1141K(1280K)->1141K(1280K)
[40.718s][info][gc          ] GC(65) Pause Full (System.gc()) 1794M->1794M(5602M) 543.521ms
After GCs... 
