[0.002s][info][metaspace]  - commit_granule_bytes: 65536.
[0.002s][info][metaspace]  - commit_granule_words: 8192.
[0.002s][info][metaspace]  - virtual_space_node_default_size: 8388608.
[0.002s][info][metaspace]  - enlarge_chunks_in_place: 1.
[0.002s][info][metaspace]  - use_allocation_guard: 0.
[0.004s][info][gc       ] Using Parallel
[0.327s][info][metaspace] Reserving compressed class space anywhere
[0.327s][info][gc,metaspace] CDS archive(s) not mapped
[0.327s][info][gc,metaspace] Compressed class space mapped at: 0x0000000026000000-0x00000000e6000000, reserved size: 3221225472
[0.327s][info][gc,metaspace] UseCompressedClassPointers 1, UseCompactObjectHeaders 1, narrow klass pointer bits 22, max shift 10
[0.327s][info][gc,metaspace] Narrow klass base: 0x0000000026000000, Narrow klass shift: 10, Narrow klass range: 0xc0000000
Random Seed: 12345678
Num Classes: 64
Num Objects: 67108864
Percent IK Objects: 83.0%)
Percent OAK Objects: 5.0%)
Percent TAK Objects: 12.0%)
Cycles: 50
Loading 64 pre-generated classes ...
Materialize pre-generated constructors ...
Creating objects...
[0.551s][info][gc,metaspace] GC(0) Metaspace: 11250K(11584K)->11250K(11584K) NonClass: 9409K(9600K)->9409K(9600K) Class: 1841K(1984K)->1841K(1984K)
[0.551s][info][gc          ] GC(0) Pause Full (System.gc()) 153M->2M(5888M) 4.950ms
[1.917s][info][gc,metaspace] GC(1) Metaspace: 11505K(11904K)->11505K(11904K) NonClass: 9628K(9856K)->9628K(9856K) Class: 1876K(2048K)->1876K(2048K)
[1.917s][info][gc          ] GC(1) Pause Young (Allocation Failure) 1538M->399M(5888M) 533.625ms
[2.814s][info][gc,metaspace] GC(2) Metaspace: 11505K(11904K)->11505K(11904K) NonClass: 9628K(9856K)->9628K(9856K) Class: 1876K(2048K)->1876K(2048K)
[2.814s][info][gc          ] GC(2) Pause Young (Allocation Failure) 1935M->546M(5888M) 185.144ms
[3.789s][info][gc,metaspace] GC(3) Metaspace: 11505K(11904K)->11505K(11904K) NonClass: 9628K(9856K)->9628K(9856K) Class: 1876K(2048K)->1876K(2048K)
[3.789s][info][gc          ] GC(3) Pause Young (Allocation Failure) 2082M->679M(5888M) 249.730ms
[4.801s][info][gc,metaspace] GC(4) Metaspace: 11505K(11904K)->11505K(11904K) NonClass: 9628K(9856K)->9628K(9856K) Class: 1876K(2048K)->1876K(2048K)
[4.801s][info][gc          ] GC(4) Pause Young (Allocation Failure) 2215M->812M(5888M) 281.376ms
[5.763s][info][gc,metaspace] GC(5) Metaspace: 11505K(11904K)->11505K(11904K) NonClass: 9628K(9856K)->9628K(9856K) Class: 1876K(2048K)->1876K(2048K)
[5.763s][info][gc          ] GC(5) Pause Young (Allocation Failure) 2348M->945M(5888M) 235.165ms
[6.783s][info][gc,metaspace] GC(6) Metaspace: 11505K(11904K)->11505K(11904K) NonClass: 9628K(9856K)->9628K(9856K) Class: 1876K(2048K)->1876K(2048K)
[6.783s][info][gc          ] GC(6) Pause Young (Allocation Failure) 2481M->1077M(5332M) 293.924ms
[7.408s][info][gc,metaspace] GC(7) Metaspace: 11505K(11904K)->11505K(11904K) NonClass: 9628K(9856K)->9628K(9856K) Class: 1876K(2048K)->1876K(2048K)
[7.408s][info][gc          ] GC(7) Pause Young (Allocation Failure) 2057M->1162M(5202M) 148.144ms
[7.952s][info][gc,metaspace] GC(8) Metaspace: 11505K(11904K)->11505K(11904K) NonClass: 9628K(9856K)->9628K(9856K) Class: 1876K(2048K)->1876K(2048K)
[7.952s][info][gc          ] GC(8) Pause Young (Allocation Failure) 2142M->1247M(5604M) 104.906ms
[8.574s][info][gc,metaspace] GC(9) Metaspace: 11505K(11904K)->11505K(11904K) NonClass: 9628K(9856K)->9628K(9856K) Class: 1876K(2048K)->1876K(2048K)
[8.574s][info][gc          ] GC(9) Pause Young (Allocation Failure) 2205M->1330M(5594M) 148.223ms
[9.186s][info][gc,metaspace] GC(10) Metaspace: 11505K(11904K)->11505K(11904K) NonClass: 9628K(9856K)->9628K(9856K) Class: 1876K(2048K)->1876K(2048K)
[9.186s][info][gc          ] GC(10) Pause Young (Allocation Failure) 2288M->1413M(5626M) 183.862ms
[9.800s][info][gc,metaspace] GC(11) Metaspace: 11505K(11904K)->11505K(11904K) NonClass: 9628K(9856K)->9628K(9856K) Class: 1876K(2048K)->1876K(2048K)
[9.800s][info][gc          ] GC(11) Pause Young (Allocation Failure) 2423M->1500M(5194M) 164.223ms
67108864 Objects created
 - IK: 55699211 (82.99829%)
 - OAK: 3355627 (5.0002737%)
 - TAK: 8054026 (12.001434%)
Preparatory GC...
[11.139s][info][gc,metaspace] GC(12) Metaspace: 11505K(11904K)->11505K(11904K) NonClass: 9628K(9856K)->9628K(9856K) Class: 1876K(2048K)->1876K(2048K)
[11.139s][info][gc          ] GC(12) Pause Full (System.gc()) 2369M->1571M(5194M) 913.462ms
[11.702s][info][gc,metaspace] GC(13) Metaspace: 11505K(11904K)->11505K(11904K) NonClass: 9628K(9856K)->9628K(9856K) Class: 1876K(2048K)->1876K(2048K)
[11.702s][info][gc          ] GC(13) Pause Full (System.gc()) 1571M->1571M(5194M) 562.016ms
Done; will start GCs... 
[12.298s][info][gc,metaspace] GC(14) Metaspace: 11505K(11904K)->11505K(11904K) NonClass: 9628K(9856K)->9628K(9856K) Class: 1876K(2048K)->1876K(2048K)
[12.298s][info][gc          ] GC(14) Pause Full (System.gc()) 1592M->1571M(5194M) 596.352ms
[12.924s][info][gc,metaspace] GC(15) Metaspace: 11505K(11904K)->11505K(11904K) NonClass: 9628K(9856K)->9628K(9856K) Class: 1876K(2048K)->1876K(2048K)
[12.924s][info][gc          ] GC(15) Pause Full (System.gc()) 1571M->1571M(5194M) 625.462ms
[13.498s][info][gc,metaspace] GC(16) Metaspace: 11505K(11904K)->11505K(11904K) NonClass: 9628K(9856K)->9628K(9856K) Class: 1876K(2048K)->1876K(2048K)
[13.498s][info][gc          ] GC(16) Pause Full (System.gc()) 1571M->1571M(5194M) 574.071ms
[14.099s][info][gc,metaspace] GC(17) Metaspace: 11505K(11904K)->11505K(11904K) NonClass: 9628K(9856K)->9628K(9856K) Class: 1876K(2048K)->1876K(2048K)
[14.099s][info][gc          ] GC(17) Pause Full (System.gc()) 1571M->1571M(5194M) 600.594ms
[14.649s][info][gc,metaspace] GC(18) Metaspace: 11505K(11904K)->11505K(11904K) NonClass: 9628K(9856K)->9628K(9856K) Class: 1876K(2048K)->1876K(2048K)
[14.649s][info][gc          ] GC(18) Pause Full (System.gc()) 1571M->1571M(5194M) 550.829ms
[15.230s][info][gc,metaspace] GC(19) Metaspace: 11505K(11904K)->11505K(11904K) NonClass: 9628K(9856K)->9628K(9856K) Class: 1876K(2048K)->1876K(2048K)
[15.230s][info][gc          ] GC(19) Pause Full (System.gc()) 1571M->1571M(5194M) 580.395ms
[15.818s][info][gc,metaspace] GC(20) Metaspace: 11505K(11904K)->11505K(11904K) NonClass: 9628K(9856K)->9628K(9856K) Class: 1876K(2048K)->1876K(2048K)
[15.818s][info][gc          ] GC(20) Pause Full (System.gc()) 1571M->1571M(5194M) 587.542ms
[16.405s][info][gc,metaspace] GC(21) Metaspace: 11505K(11904K)->11505K(11904K) NonClass: 9628K(9856K)->9628K(9856K) Class: 1876K(2048K)->1876K(2048K)
[16.405s][info][gc          ] GC(21) Pause Full (System.gc()) 1571M->1571M(5194M) 587.378ms
[17.021s][info][gc,metaspace] GC(22) Metaspace: 11505K(11904K)->11505K(11904K) NonClass: 9628K(9856K)->9628K(9856K) Class: 1876K(2048K)->1876K(2048K)
[17.021s][info][gc          ] GC(22) Pause Full (System.gc()) 1571M->1571M(5194M) 616.195ms
[17.587s][info][gc,metaspace] GC(23) Metaspace: 11505K(11904K)->11505K(11904K) NonClass: 9628K(9856K)->9628K(9856K) Class: 1876K(2048K)->1876K(2048K)
[17.587s][info][gc          ] GC(23) Pause Full (System.gc()) 1571M->1571M(5194M) 565.284ms
[18.249s][info][gc,metaspace] GC(24) Metaspace: 11505K(11904K)->11505K(11904K) NonClass: 9628K(9856K)->9628K(9856K) Class: 1876K(2048K)->1876K(2048K)
[18.249s][info][gc          ] GC(24) Pause Full (System.gc()) 1571M->1571M(5194M) 662.355ms
[18.811s][info][gc,metaspace] GC(25) Metaspace: 11505K(11904K)->11505K(11904K) NonClass: 9628K(9856K)->9628K(9856K) Class: 1876K(2048K)->1876K(2048K)
[18.811s][info][gc          ] GC(25) Pause Full (System.gc()) 1571M->1571M(5194M) 561.954ms
[19.473s][info][gc,metaspace] GC(26) Metaspace: 11505K(11904K)->11505K(11904K) NonClass: 9628K(9856K)->9628K(9856K) Class: 1876K(2048K)->1876K(2048K)
[19.473s][info][gc          ] GC(26) Pause Full (System.gc()) 1571M->1571M(5194M) 661.382ms
[20.021s][info][gc,metaspace] GC(27) Metaspace: 11505K(11904K)->11505K(11904K) NonClass: 9628K(9856K)->9628K(9856K) Class: 1876K(2048K)->1876K(2048K)
[20.021s][info][gc          ] GC(27) Pause Full (System.gc()) 1571M->1571M(5194M) 548.283ms
[20.670s][info][gc,metaspace] GC(28) Metaspace: 11505K(11904K)->11505K(11904K) NonClass: 9628K(9856K)->9628K(9856K) Class: 1876K(2048K)->1876K(2048K)
[20.670s][info][gc          ] GC(28) Pause Full (System.gc()) 1571M->1571M(5194M) 649.375ms
[21.240s][info][gc,metaspace] GC(29) Metaspace: 11505K(11904K)->11505K(11904K) NonClass: 9628K(9856K)->9628K(9856K) Class: 1876K(2048K)->1876K(2048K)
[21.240s][info][gc          ] GC(29) Pause Full (System.gc()) 1571M->1571M(5194M) 569.194ms
[21.791s][info][gc,metaspace] GC(30) Metaspace: 11505K(11904K)->11505K(11904K) NonClass: 9628K(9856K)->9628K(9856K) Class: 1876K(2048K)->1876K(2048K)
[21.791s][info][gc          ] GC(30) Pause Full (System.gc()) 1571M->1571M(5194M) 551.209ms
[22.393s][info][gc,metaspace] GC(31) Metaspace: 11505K(11904K)->11505K(11904K) NonClass: 9628K(9856K)->9628K(9856K) Class: 1876K(2048K)->1876K(2048K)
[22.393s][info][gc          ] GC(31) Pause Full (System.gc()) 1571M->1571M(5194M) 601.955ms
[22.941s][info][gc,metaspace] GC(32) Metaspace: 11505K(11904K)->11505K(11904K) NonClass: 9628K(9856K)->9628K(9856K) Class: 1876K(2048K)->1876K(2048K)
[22.941s][info][gc          ] GC(32) Pause Full (System.gc()) 1571M->1571M(5194M) 548.345ms
[23.538s][info][gc,metaspace] GC(33) Metaspace: 11505K(11904K)->11505K(11904K) NonClass: 9628K(9856K)->9628K(9856K) Class: 1876K(2048K)->1876K(2048K)
[23.538s][info][gc          ] GC(33) Pause Full (System.gc()) 1571M->1571M(5194M) 596.497ms
[24.142s][info][gc,metaspace] GC(34) Metaspace: 11505K(11904K)->11505K(11904K) NonClass: 9628K(9856K)->9628K(9856K) Class: 1876K(2048K)->1876K(2048K)
[24.142s][info][gc          ] GC(34) Pause Full (System.gc()) 1571M->1571M(5194M) 599.628ms
[24.690s][info][gc,metaspace] GC(35) Metaspace: 11505K(11904K)->11505K(11904K) NonClass: 9628K(9856K)->9628K(9856K) Class: 1876K(2048K)->1876K(2048K)
[24.690s][info][gc          ] GC(35) Pause Full (System.gc()) 1571M->1571M(5194M) 548.138ms
[25.278s][info][gc,metaspace] GC(36) Metaspace: 11505K(11904K)->11505K(11904K) NonClass: 9628K(9856K)->9628K(9856K) Class: 1876K(2048K)->1876K(2048K)
[25.278s][info][gc          ] GC(36) Pause Full (System.gc()) 1571M->1571M(5194M) 587.141ms
[25.823s][info][gc,metaspace] GC(37) Metaspace: 11505K(11904K)->11505K(11904K) NonClass: 9628K(9856K)->9628K(9856K) Class: 1876K(2048K)->1876K(2048K)
[25.823s][info][gc          ] GC(37) Pause Full (System.gc()) 1571M->1571M(5194M) 545.539ms
[26.417s][info][gc,metaspace] GC(38) Metaspace: 11505K(11904K)->11505K(11904K) NonClass: 9628K(9856K)->9628K(9856K) Class: 1876K(2048K)->1876K(2048K)
[26.417s][info][gc          ] GC(38) Pause Full (System.gc()) 1571M->1571M(5194M) 593.393ms
[26.964s][info][gc,metaspace] GC(39) Metaspace: 11505K(11904K)->11505K(11904K) NonClass: 9628K(9856K)->9628K(9856K) Class: 1876K(2048K)->1876K(2048K)
[26.964s][info][gc          ] GC(39) Pause Full (System.gc()) 1571M->1571M(5194M) 547.270ms
[27.549s][info][gc,metaspace] GC(40) Metaspace: 11505K(11904K)->11505K(11904K) NonClass: 9628K(9856K)->9628K(9856K) Class: 1876K(2048K)->1876K(2048K)
[27.549s][info][gc          ] GC(40) Pause Full (System.gc()) 1571M->1571M(5194M) 585.228ms
[28.197s][info][gc,metaspace] GC(41) Metaspace: 11505K(11904K)->11505K(11904K) NonClass: 9628K(9856K)->9628K(9856K) Class: 1876K(2048K)->1876K(2048K)
[28.197s][info][gc          ] GC(41) Pause Full (System.gc()) 1571M->1571M(5194M) 647.272ms
[28.751s][info][gc,metaspace] GC(42) Metaspace: 11505K(11904K)->11505K(11904K) NonClass: 9628K(9856K)->9628K(9856K) Class: 1876K(2048K)->1876K(2048K)
[28.751s][info][gc          ] GC(42) Pause Full (System.gc()) 1571M->1571M(5194M) 554.220ms
[29.307s][info][gc,metaspace] GC(43) Metaspace: 11505K(11904K)->11505K(11904K) NonClass: 9628K(9856K)->9628K(9856K) Class: 1876K(2048K)->1876K(2048K)
[29.307s][info][gc          ] GC(43) Pause Full (System.gc()) 1571M->1571M(5194M) 555.775ms
[29.861s][info][gc,metaspace] GC(44) Metaspace: 11505K(11904K)->11505K(11904K) NonClass: 9628K(9856K)->9628K(9856K) Class: 1876K(2048K)->1876K(2048K)
[29.861s][info][gc          ] GC(44) Pause Full (System.gc()) 1571M->1571M(5194M) 554.345ms
[30.447s][info][gc,metaspace] GC(45) Metaspace: 11505K(11904K)->11505K(11904K) NonClass: 9628K(9856K)->9628K(9856K) Class: 1876K(2048K)->1876K(2048K)
[30.447s][info][gc          ] GC(45) Pause Full (System.gc()) 1571M->1571M(5194M) 585.672ms
[31.002s][info][gc,metaspace] GC(46) Metaspace: 11505K(11904K)->11505K(11904K) NonClass: 9628K(9856K)->9628K(9856K) Class: 1876K(2048K)->1876K(2048K)
[31.002s][info][gc          ] GC(46) Pause Full (System.gc()) 1571M->1571M(5194M) 554.809ms
[31.590s][info][gc,metaspace] GC(47) Metaspace: 11505K(11904K)->11505K(11904K) NonClass: 9628K(9856K)->9628K(9856K) Class: 1876K(2048K)->1876K(2048K)
[31.590s][info][gc          ] GC(47) Pause Full (System.gc()) 1571M->1571M(5194M) 587.937ms
[32.183s][info][gc,metaspace] GC(48) Metaspace: 11505K(11904K)->11505K(11904K) NonClass: 9628K(9856K)->9628K(9856K) Class: 1876K(2048K)->1876K(2048K)
[32.183s][info][gc          ] GC(48) Pause Full (System.gc()) 1571M->1571M(5194M) 592.917ms
[32.730s][info][gc,metaspace] GC(49) Metaspace: 11505K(11904K)->11505K(11904K) NonClass: 9628K(9856K)->9628K(9856K) Class: 1876K(2048K)->1876K(2048K)
[32.730s][info][gc          ] GC(49) Pause Full (System.gc()) 1571M->1571M(5194M) 546.757ms
[33.311s][info][gc,metaspace] GC(50) Metaspace: 11505K(11904K)->11505K(11904K) NonClass: 9628K(9856K)->9628K(9856K) Class: 1876K(2048K)->1876K(2048K)
[33.311s][info][gc          ] GC(50) Pause Full (System.gc()) 1571M->1571M(5194M) 580.822ms
[33.863s][info][gc,metaspace] GC(51) Metaspace: 11505K(11904K)->11505K(11904K) NonClass: 9628K(9856K)->9628K(9856K) Class: 1876K(2048K)->1876K(2048K)
[33.863s][info][gc          ] GC(51) Pause Full (System.gc()) 1571M->1571M(5194M) 552.028ms
[34.466s][info][gc,metaspace] GC(52) Metaspace: 11505K(11904K)->11505K(11904K) NonClass: 9628K(9856K)->9628K(9856K) Class: 1876K(2048K)->1876K(2048K)
[34.466s][info][gc          ] GC(52) Pause Full (System.gc()) 1571M->1571M(5194M) 598.599ms
[35.019s][info][gc,metaspace] GC(53) Metaspace: 11505K(11904K)->11505K(11904K) NonClass: 9628K(9856K)->9628K(9856K) Class: 1876K(2048K)->1876K(2048K)
[35.019s][info][gc          ] GC(53) Pause Full (System.gc()) 1571M->1571M(5194M) 552.801ms
[35.611s][info][gc,metaspace] GC(54) Metaspace: 11505K(11904K)->11505K(11904K) NonClass: 9628K(9856K)->9628K(9856K) Class: 1876K(2048K)->1876K(2048K)
[35.612s][info][gc          ] GC(54) Pause Full (System.gc()) 1571M->1571M(5194M) 592.891ms
[36.244s][info][gc,metaspace] GC(55) Metaspace: 11505K(11904K)->11505K(11904K) NonClass: 9628K(9856K)->9628K(9856K) Class: 1876K(2048K)->1876K(2048K)
[36.244s][info][gc          ] GC(55) Pause Full (System.gc()) 1571M->1571M(5194M) 632.841ms
[36.809s][info][gc,metaspace] GC(56) Metaspace: 11505K(11904K)->11505K(11904K) NonClass: 9628K(9856K)->9628K(9856K) Class: 1876K(2048K)->1876K(2048K)
[36.809s][info][gc          ] GC(56) Pause Full (System.gc()) 1571M->1571M(5194M) 564.874ms
[37.425s][info][gc,metaspace] GC(57) Metaspace: 11505K(11904K)->11505K(11904K) NonClass: 9628K(9856K)->9628K(9856K) Class: 1876K(2048K)->1876K(2048K)
[37.425s][info][gc          ] GC(57) Pause Full (System.gc()) 1571M->1571M(5194M) 615.241ms
[37.977s][info][gc,metaspace] GC(58) Metaspace: 11505K(11904K)->11505K(11904K) NonClass: 9628K(9856K)->9628K(9856K) Class: 1876K(2048K)->1876K(2048K)
[37.977s][info][gc          ] GC(58) Pause Full (System.gc()) 1571M->1571M(5194M) 552.209ms
[38.564s][info][gc,metaspace] GC(59) Metaspace: 11505K(11904K)->11505K(11904K) NonClass: 9628K(9856K)->9628K(9856K) Class: 1876K(2048K)->1876K(2048K)
[38.564s][info][gc          ] GC(59) Pause Full (System.gc()) 1571M->1571M(5194M) 586.973ms
[39.168s][info][gc,metaspace] GC(60) Metaspace: 11505K(11904K)->11505K(11904K) NonClass: 9628K(9856K)->9628K(9856K) Class: 1876K(2048K)->1876K(2048K)
[39.168s][info][gc          ] GC(60) Pause Full (System.gc()) 1571M->1571M(5194M) 603.741ms
[39.717s][info][gc,metaspace] GC(61) Metaspace: 11505K(11904K)->11505K(11904K) NonClass: 9628K(9856K)->9628K(9856K) Class: 1876K(2048K)->1876K(2048K)
[39.717s][info][gc          ] GC(61) Pause Full (System.gc()) 1571M->1571M(5194M) 548.576ms
[40.297s][info][gc,metaspace] GC(62) Metaspace: 11505K(11904K)->11505K(11904K) NonClass: 9628K(9856K)->9628K(9856K) Class: 1876K(2048K)->1876K(2048K)
[40.297s][info][gc          ] GC(62) Pause Full (System.gc()) 1571M->1571M(5194M) 579.870ms
[40.845s][info][gc,metaspace] GC(63) Metaspace: 11505K(11904K)->11505K(11904K) NonClass: 9628K(9856K)->9628K(9856K) Class: 1876K(2048K)->1876K(2048K)
[40.845s][info][gc          ] GC(63) Pause Full (System.gc()) 1571M->1571M(5194M) 548.571ms
After GCs... 
