Done; will start GCs... 
[16.488s][info][gc,metaspace] GC(3) Metaspace: 28395K(29568K)->28395K(29568K) NonClass: 23113K(23680K)->23113K(23680K) Class: 5282K(5888K)->5282K(5888K)
[16.489s][info][gc          ] GC(3) Pause Full (System.gc()) 838M->772M(5939M) 4584.347ms
[19.378s][info][gc,metaspace] GC(4) Metaspace: 28395K(29568K)->28395K(29568K) NonClass: 23113K(23680K)->23113K(23680K) Class: 5282K(5888K)->5282K(5888K)
[19.378s][info][gc          ] GC(4) Pause Full (System.gc()) 772M->772M(5939M) 2888.667ms
[23.279s][info][gc,metaspace] GC(5) Metaspace: 28395K(29568K)->28395K(29568K) NonClass: 23113K(23680K)->23113K(23680K) Class: 5282K(5888K)->5282K(5888K)
[23.279s][info][gc          ] GC(5) Pause Full (System.gc()) 772M->772M(5939M) 3901.259ms
[26.165s][info][gc,metaspace] GC(6) Metaspace: 28395K(29568K)->28395K(29568K) NonClass: 23113K(23680K)->23113K(23680K) Class: 5282K(5888K)->5282K(5888K)
[26.165s][info][gc          ] GC(6) Pause Full (System.gc()) 772M->772M(5939M) 2885.435ms
[29.050s][info][gc,metaspace] GC(7) Metaspace: 28395K(29568K)->28395K(29568K) NonClass: 23113K(23680K)->23113K(23680K) Class: 5282K(5888K)->5282K(5888K)
[29.050s][info][gc          ] GC(7) Pause Full (System.gc()) 772M->772M(5939M) 2885.201ms
[31.936s][info][gc,metaspace] GC(8) Metaspace: 28395K(29568K)->28395K(29568K) NonClass: 23113K(23680K)->23113K(23680K) Class: 5282K(5888K)->5282K(5888K)
[31.936s][info][gc          ] GC(8) Pause Full (System.gc()) 772M->772M(5939M) 2885.315ms
[34.821s][info][gc,metaspace] GC(9) Metaspace: 28395K(29568K)->28395K(29568K) NonClass: 23113K(23680K)->23113K(23680K) Class: 5282K(5888K)->5282K(5888K)
[34.821s][info][gc          ] GC(9) Pause Full (System.gc()) 772M->772M(5939M) 2885.333ms
[37.711s][info][gc,metaspace] GC(10) Metaspace: 28395K(29568K)->28395K(29568K) NonClass: 23113K(23680K)->23113K(23680K) Class: 5282K(5888K)->5282K(5888K)
[37.711s][info][gc          ] GC(10) Pause Full (System.gc()) 772M->772M(5939M) 2889.197ms
[40.839s][info][gc,metaspace] GC(11) Metaspace: 28395K(29568K)->28395K(29568K) NonClass: 23113K(23680K)->23113K(23680K) Class: 5282K(5888K)->5282K(5888K)
[40.839s][info][gc          ] GC(11) Pause Full (System.gc()) 772M->772M(5939M) 3128.626ms
[43.725s][info][gc,metaspace] GC(12) Metaspace: 28395K(29568K)->28395K(29568K) NonClass: 23113K(23680K)->23113K(23680K) Class: 5282K(5888K)->5282K(5888K)
[43.725s][info][gc          ] GC(12) Pause Full (System.gc()) 772M->772M(5939M) 2885.179ms
[46.559s][info][gc,metaspace] GC(13) Metaspace: 28395K(29568K)->28395K(29568K) NonClass: 23113K(23680K)->23113K(23680K) Class: 5282K(5888K)->5282K(5888K)
[46.559s][info][gc          ] GC(13) Pause Full (System.gc()) 772M->772M(5939M) 2833.805ms
[49.444s][info][gc,metaspace] GC(14) Metaspace: 28395K(29568K)->28395K(29568K) NonClass: 23113K(23680K)->23113K(23680K) Class: 5282K(5888K)->5282K(5888K)
[49.444s][info][gc          ] GC(14) Pause Full (System.gc()) 772M->772M(5939M) 2885.092ms
[52.329s][info][gc,metaspace] GC(15) Metaspace: 28395K(29568K)->28395K(29568K) NonClass: 23113K(23680K)->23113K(23680K) Class: 5282K(5888K)->5282K(5888K)
[52.329s][info][gc          ] GC(15) Pause Full (System.gc()) 772M->772M(5939M) 2885.053ms
[55.214s][info][gc,metaspace] GC(16) Metaspace: 28395K(29568K)->28395K(29568K) NonClass: 23113K(23680K)->23113K(23680K) Class: 5282K(5888K)->5282K(5888K)
[55.214s][info][gc          ] GC(16) Pause Full (System.gc()) 772M->772M(5939M) 2884.938ms
[58.099s][info][gc,metaspace] GC(17) Metaspace: 28395K(29568K)->28395K(29568K) NonClass: 23113K(23680K)->23113K(23680K) Class: 5282K(5888K)->5282K(5888K)
[58.099s][info][gc          ] GC(17) Pause Full (System.gc()) 772M->772M(5939M) 2884.772ms
[60.988s][info][gc,metaspace] GC(18) Metaspace: 28395K(29568K)->28395K(29568K) NonClass: 23113K(23680K)->23113K(23680K) Class: 5282K(5888K)->5282K(5888K)
[60.988s][info][gc          ] GC(18) Pause Full (System.gc()) 772M->772M(5939M) 2888.899ms
[63.873s][info][gc,metaspace] GC(19) Metaspace: 28395K(29568K)->28395K(29568K) NonClass: 23113K(23680K)->23113K(23680K) Class: 5282K(5888K)->5282K(5888K)
[63.873s][info][gc          ] GC(19) Pause Full (System.gc()) 772M->772M(5939M) 2884.664ms
[66.758s][info][gc,metaspace] GC(20) Metaspace: 28395K(29568K)->28395K(29568K) NonClass: 23113K(23680K)->23113K(23680K) Class: 5282K(5888K)->5282K(5888K)
[66.758s][info][gc          ] GC(20) Pause Full (System.gc()) 772M->772M(5939M) 2884.868ms
[69.592s][info][gc,metaspace] GC(21) Metaspace: 28395K(29568K)->28395K(29568K) NonClass: 23113K(23680K)->23113K(23680K) Class: 5282K(5888K)->5282K(5888K)
[69.592s][info][gc          ] GC(21) Pause Full (System.gc()) 772M->772M(5939M) 2833.616ms
[72.476s][info][gc,metaspace] GC(22) Metaspace: 28395K(29568K)->28395K(29568K) NonClass: 23113K(23680K)->23113K(23680K) Class: 5282K(5888K)->5282K(5888K)
[72.476s][info][gc          ] GC(22) Pause Full (System.gc()) 783M->772M(5939M) 2884.604ms
[75.363s][info][gc,metaspace] GC(23) Metaspace: 28395K(29568K)->28395K(29568K) NonClass: 23113K(23680K)->23113K(23680K) Class: 5282K(5888K)->5282K(5888K)
[75.364s][info][gc          ] GC(23) Pause Full (System.gc()) 772M->772M(5939M) 2886.870ms
[78.249s][info][gc,metaspace] GC(24) Metaspace: 28395K(29568K)->28395K(29568K) NonClass: 23113K(23680K)->23113K(23680K) Class: 5282K(5888K)->5282K(5888K)
[78.249s][info][gc          ] GC(24) Pause Full (System.gc()) 772M->772M(5939M) 2884.865ms
[82.149s][info][gc,metaspace] GC(25) Metaspace: 28395K(29568K)->28395K(29568K) NonClass: 23113K(23680K)->23113K(23680K) Class: 5282K(5888K)->5282K(5888K)
[82.149s][info][gc          ] GC(25) Pause Full (System.gc()) 772M->772M(5939M) 3900.310ms
[85.036s][info][gc,metaspace] GC(26) Metaspace: 28395K(29568K)->28395K(29568K) NonClass: 23113K(23680K)->23113K(23680K) Class: 5282K(5888K)->5282K(5888K)
[85.036s][info][gc          ] GC(26) Pause Full (System.gc()) 772M->772M(5939M) 2886.878ms
[87.923s][info][gc,metaspace] GC(27) Metaspace: 28395K(29568K)->28395K(29568K) NonClass: 23113K(23680K)->23113K(23680K) Class: 5282K(5888K)->5282K(5888K)
[87.923s][info][gc          ] GC(27) Pause Full (System.gc()) 772M->772M(5939M) 2886.698ms
[90.810s][info][gc,metaspace] GC(28) Metaspace: 28395K(29568K)->28395K(29568K) NonClass: 23113K(23680K)->23113K(23680K) Class: 5282K(5888K)->5282K(5888K)
[90.810s][info][gc          ] GC(28) Pause Full (System.gc()) 772M->772M(5939M) 2887.098ms
[93.697s][info][gc,metaspace] GC(29) Metaspace: 28395K(29568K)->28395K(29568K) NonClass: 23113K(23680K)->23113K(23680K) Class: 5282K(5888K)->5282K(5888K)
[93.697s][info][gc          ] GC(29) Pause Full (System.gc()) 772M->772M(5939M) 2886.798ms
[96.979s][info][gc,metaspace] GC(30) Metaspace: 28395K(29568K)->28395K(29568K) NonClass: 23113K(23680K)->23113K(23680K) Class: 5282K(5888K)->5282K(5888K)
[96.979s][info][gc          ] GC(30) Pause Full (System.gc()) 772M->772M(5939M) 3277.874ms
[99.871s][info][gc,metaspace] GC(31) Metaspace: 28395K(29568K)->28395K(29568K) NonClass: 23113K(23680K)->23113K(23680K) Class: 5282K(5888K)->5282K(5888K)
[99.871s][info][gc          ] GC(31) Pause Full (System.gc()) 772M->772M(5939M) 2891.689ms
[102.758s][info][gc,metaspace] GC(32) Metaspace: 28395K(29568K)->28395K(29568K) NonClass: 23113K(23680K)->23113K(23680K) Class: 5282K(5888K)->5282K(5888K)
[102.758s][info][gc          ] GC(32) Pause Full (System.gc()) 772M->772M(5939M) 2887.205ms
[105.594s][info][gc,metaspace] GC(33) Metaspace: 28395K(29568K)->28395K(29568K) NonClass: 23113K(23680K)->23113K(23680K) Class: 5282K(5888K)->5282K(5888K)
[105.594s][info][gc          ] GC(33) Pause Full (System.gc()) 772M->772M(5939M) 2835.629ms
[108.481s][info][gc,metaspace] GC(34) Metaspace: 28395K(29568K)->28395K(29568K) NonClass: 23113K(23680K)->23113K(23680K) Class: 5282K(5888K)->5282K(5888K)
[108.481s][info][gc          ] GC(34) Pause Full (System.gc()) 772M->772M(5939M) 2886.674ms
[111.368s][info][gc,metaspace] GC(35) Metaspace: 28395K(29568K)->28395K(29568K) NonClass: 23113K(23680K)->23113K(23680K) Class: 5282K(5888K)->5282K(5888K)
[111.368s][info][gc          ] GC(35) Pause Full (System.gc()) 772M->772M(5939M) 2886.723ms
[114.256s][info][gc,metaspace] GC(36) Metaspace: 28395K(29568K)->28395K(29568K) NonClass: 23113K(23680K)->23113K(23680K) Class: 5282K(5888K)->5282K(5888K)
[114.256s][info][gc          ] GC(36) Pause Full (System.gc()) 772M->772M(5939M) 2883.743ms
[117.143s][info][gc,metaspace] GC(37) Metaspace: 28395K(29568K)->28395K(29568K) NonClass: 23113K(23680K)->23113K(23680K) Class: 5282K(5888K)->5282K(5888K)
[117.143s][info][gc          ] GC(37) Pause Full (System.gc()) 772M->772M(5939M) 2887.154ms
[120.030s][info][gc,metaspace] GC(38) Metaspace: 28395K(29568K)->28395K(29568K) NonClass: 23113K(23680K)->23113K(23680K) Class: 5282K(5888K)->5282K(5888K)
[120.030s][info][gc          ] GC(38) Pause Full (System.gc()) 772M->772M(5939M) 2886.967ms
[122.921s][info][gc,metaspace] GC(39) Metaspace: 28395K(29568K)->28395K(29568K) NonClass: 23113K(23680K)->23113K(23680K) Class: 5282K(5888K)->5282K(5888K)
[122.921s][info][gc          ] GC(39) Pause Full (System.gc()) 772M->772M(5939M) 2890.557ms
[125.808s][info][gc,metaspace] GC(40) Metaspace: 28395K(29568K)->28395K(29568K) NonClass: 23113K(23680K)->23113K(23680K) Class: 5282K(5888K)->5282K(5888K)
[125.808s][info][gc          ] GC(40) Pause Full (System.gc()) 772M->772M(5939M) 2886.634ms
[128.695s][info][gc,metaspace] GC(41) Metaspace: 28395K(29568K)->28395K(29568K) NonClass: 23113K(23680K)->23113K(23680K) Class: 5282K(5888K)->5282K(5888K)
[128.695s][info][gc          ] GC(41) Pause Full (System.gc()) 772M->772M(5939M) 2886.762ms
[131.978s][info][gc,metaspace] GC(42) Metaspace: 28395K(29568K)->28395K(29568K) NonClass: 23113K(23680K)->23113K(23680K) Class: 5282K(5888K)->5282K(5888K)
[131.978s][info][gc          ] GC(42) Pause Full (System.gc()) 772M->772M(5939M) 3283.543ms
[134.865s][info][gc,metaspace] GC(43) Metaspace: 28395K(29568K)->28395K(29568K) NonClass: 23113K(23680K)->23113K(23680K) Class: 5282K(5888K)->5282K(5888K)
[134.865s][info][gc          ] GC(43) Pause Full (System.gc()) 772M->772M(5939M) 2886.756ms
[137.752s][info][gc,metaspace] GC(44) Metaspace: 28395K(29568K)->28395K(29568K) NonClass: 23113K(23680K)->23113K(23680K) Class: 5282K(5888K)->5282K(5888K)
[137.753s][info][gc          ] GC(44) Pause Full (System.gc()) 783M->772M(5939M) 2887.018ms
[140.588s][info][gc,metaspace] GC(45) Metaspace: 28395K(29568K)->28395K(29568K) NonClass: 23113K(23680K)->23113K(23680K) Class: 5282K(5888K)->5282K(5888K)
[140.588s][info][gc          ] GC(45) Pause Full (System.gc()) 772M->772M(5939M) 2835.549ms
[143.475s][info][gc,metaspace] GC(46) Metaspace: 28395K(29568K)->28395K(29568K) NonClass: 23113K(23680K)->23113K(23680K) Class: 5282K(5888K)->5282K(5888K)
[143.475s][info][gc          ] GC(46) Pause Full (System.gc()) 772M->772M(5939M) 2882.728ms
[146.362s][info][gc,metaspace] GC(47) Metaspace: 28395K(29568K)->28395K(29568K) NonClass: 23113K(23680K)->23113K(23680K) Class: 5282K(5888K)->5282K(5888K)
[146.362s][info][gc          ] GC(47) Pause Full (System.gc()) 772M->772M(5939M) 2886.366ms
[149.252s][info][gc,metaspace] GC(48) Metaspace: 28395K(29568K)->28395K(29568K) NonClass: 23113K(23680K)->23113K(23680K) Class: 5282K(5888K)->5282K(5888K)
[149.253s][info][gc          ] GC(48) Pause Full (System.gc()) 772M->772M(5939M) 2890.560ms
[152.139s][info][gc,metaspace] GC(49) Metaspace: 28395K(29568K)->28395K(29568K) NonClass: 23113K(23680K)->23113K(23680K) Class: 5282K(5888K)->5282K(5888K)
[152.139s][info][gc          ] GC(49) Pause Full (System.gc()) 772M->772M(5939M) 2886.718ms
[155.026s][info][gc,metaspace] GC(50) Metaspace: 28395K(29568K)->28395K(29568K) NonClass: 23113K(23680K)->23113K(23680K) Class: 5282K(5888K)->5282K(5888K)
[155.026s][info][gc          ] GC(50) Pause Full (System.gc()) 772M->772M(5939M) 2886.625ms
[157.913s][info][gc,metaspace] GC(51) Metaspace: 28395K(29568K)->28395K(29568K) NonClass: 23113K(23680K)->23113K(23680K) Class: 5282K(5888K)->5282K(5888K)
[157.913s][info][gc          ] GC(51) Pause Full (System.gc()) 772M->772M(5939M) 2886.630ms
[160.800s][info][gc,metaspace] GC(52) Metaspace: 28395K(29568K)->28395K(29568K) NonClass: 23113K(23680K)->23113K(23680K) Class: 5282K(5888K)->5282K(5888K)
[160.800s][info][gc          ] GC(52) Pause Full (System.gc()) 772M->772M(5939M) 2886.969ms
[163.636s][info][gc,metaspace] GC(53) Metaspace: 28395K(29568K)->28395K(29568K) NonClass: 23113K(23680K)->23113K(23680K) Class: 5282K(5888K)->5282K(5888K)
[163.636s][info][gc          ] GC(53) Pause Full (System.gc()) 772M->772M(5939M) 2835.978ms
[166.524s][info][gc,metaspace] GC(54) Metaspace: 28395K(29568K)->28395K(29568K) NonClass: 23113K(23680K)->23113K(23680K) Class: 5282K(5888K)->5282K(5888K)
[166.524s][info][gc          ] GC(54) Pause Full (System.gc()) 772M->772M(5939M) 2887.841ms
[169.410s][info][gc,metaspace] GC(55) Metaspace: 28395K(29568K)->28395K(29568K) NonClass: 23113K(23680K)->23113K(23680K) Class: 5282K(5888K)->5282K(5888K)
[169.410s][info][gc          ] GC(55) Pause Full (System.gc()) 772M->772M(5939M) 2886.293ms
[172.303s][info][gc,metaspace] GC(56) Metaspace: 28395K(29568K)->28395K(29568K) NonClass: 23113K(23680K)->23113K(23680K) Class: 5282K(5888K)->5282K(5888K)
[172.303s][info][gc          ] GC(56) Pause Full (System.gc()) 772M->772M(5939M) 2892.026ms
[175.190s][info][gc,metaspace] GC(57) Metaspace: 28395K(29568K)->28395K(29568K) NonClass: 23113K(23680K)->23113K(23680K) Class: 5282K(5888K)->5282K(5888K)
[175.190s][info][gc          ] GC(57) Pause Full (System.gc()) 772M->772M(5939M) 2887.142ms
[178.077s][info][gc,metaspace] GC(58) Metaspace: 28395K(29568K)->28395K(29568K) NonClass: 23113K(23680K)->23113K(23680K) Class: 5282K(5888K)->5282K(5888K)
[178.077s][info][gc          ] GC(58) Pause Full (System.gc()) 772M->772M(5939M) 2887.054ms
[180.964s][info][gc,metaspace] GC(59) Metaspace: 28395K(29568K)->28395K(29568K) NonClass: 23113K(23680K)->23113K(23680K) Class: 5282K(5888K)->5282K(5888K)
[180.964s][info][gc          ] GC(59) Pause Full (System.gc()) 772M->772M(5939M) 2887.221ms
[183.851s][info][gc,metaspace] GC(60) Metaspace: 28395K(29568K)->28395K(29568K) NonClass: 23113K(23680K)->23113K(23680K) Class: 5282K(5888K)->5282K(5888K)
[183.851s][info][gc          ] GC(60) Pause Full (System.gc()) 772M->772M(5939M) 2886.301ms
[186.738s][info][gc,metaspace] GC(61) Metaspace: 28395K(29568K)->28395K(29568K) NonClass: 23113K(23680K)->23113K(23680K) Class: 5282K(5888K)->5282K(5888K)
[186.738s][info][gc          ] GC(61) Pause Full (System.gc()) 772M->772M(5939M) 2887.306ms
[189.574s][info][gc,metaspace] GC(62) Metaspace: 28395K(29568K)->28395K(29568K) NonClass: 23113K(23680K)->23113K(23680K) Class: 5282K(5888K)->5282K(5888K)
[189.575s][info][gc          ] GC(62) Pause Full (System.gc()) 772M->772M(5939M) 2836.000ms
[192.462s][info][gc,metaspace] GC(63) Metaspace: 28395K(29568K)->28395K(29568K) NonClass: 23113K(23680K)->23113K(23680K) Class: 5282K(5888K)->5282K(5888K)
[192.462s][info][gc          ] GC(63) Pause Full (System.gc()) 772M->772M(5939M) 2883.414ms
[195.349s][info][gc,metaspace] GC(64) Metaspace: 28395K(29568K)->28395K(29568K) NonClass: 23113K(23680K)->23113K(23680K) Class: 5282K(5888K)->5282K(5888K)
[195.349s][info][gc          ] GC(64) Pause Full (System.gc()) 772M->772M(5939M) 2886.870ms
[198.241s][info][gc,metaspace] GC(65) Metaspace: 28395K(29568K)->28395K(29568K) NonClass: 23113K(23680K)->23113K(23680K) Class: 5282K(5888K)->5282K(5888K)
[198.241s][info][gc          ] GC(65) Pause Full (System.gc()) 772M->772M(5939M) 2891.745ms
[201.129s][info][gc,metaspace] GC(66) Metaspace: 28395K(29568K)->28395K(29568K) NonClass: 23113K(23680K)->23113K(23680K) Class: 5282K(5888K)->5282K(5888K)
[201.129s][info][gc          ] GC(66) Pause Full (System.gc()) 772M->772M(5939M) 2887.566ms
[204.017s][info][gc,metaspace] GC(67) Metaspace: 28395K(29568K)->28395K(29568K) NonClass: 23113K(23680K)->23113K(23680K) Class: 5282K(5888K)->5282K(5888K)
[204.017s][info][gc          ] GC(67) Pause Full (System.gc()) 772M->772M(5939M) 2887.730ms
[206.905s][info][gc,metaspace] GC(68) Metaspace: 28395K(29568K)->28395K(29568K) NonClass: 23113K(23680K)->23113K(23680K) Class: 5282K(5888K)->5282K(5888K)
[206.905s][info][gc          ] GC(68) Pause Full (System.gc()) 783M->772M(5939M) 2887.979ms
[209.792s][info][gc,metaspace] GC(69) Metaspace: 28395K(29568K)->28395K(29568K) NonClass: 23113K(23680K)->23113K(23680K) Class: 5282K(5888K)->5282K(5888K)
[209.792s][info][gc          ] GC(69) Pause Full (System.gc()) 772M->772M(5939M) 2887.079ms
[212.628s][info][gc,metaspace] GC(70) Metaspace: 28395K(29568K)->28395K(29568K) NonClass: 23113K(23680K)->23113K(23680K) Class: 5282K(5888K)->5282K(5888K)
[212.628s][info][gc          ] GC(70) Pause Full (System.gc()) 772M->772M(5939M) 2836.004ms
[215.515s][info][gc,metaspace] GC(71) Metaspace: 28395K(29568K)->28395K(29568K) NonClass: 23113K(23680K)->23113K(23680K) Class: 5282K(5888K)->5282K(5888K)
[215.515s][info][gc          ] GC(71) Pause Full (System.gc()) 772M->772M(5939M) 2887.028ms
[218.401s][info][gc,metaspace] GC(72) Metaspace: 28395K(29568K)->28395K(29568K) NonClass: 23113K(23680K)->23113K(23680K) Class: 5282K(5888K)->5282K(5888K)
[218.402s][info][gc          ] GC(72) Pause Full (System.gc()) 772M->772M(5939M) 2886.030ms
[221.288s][info][gc,metaspace] GC(73) Metaspace: 28395K(29568K)->28395K(29568K) NonClass: 23113K(23680K)->23113K(23680K) Class: 5282K(5888K)->5282K(5888K)
[221.288s][info][gc          ] GC(73) Pause Full (System.gc()) 772M->772M(5939M) 2882.489ms
[224.179s][info][gc,metaspace] GC(74) Metaspace: 28395K(29568K)->28395K(29568K) NonClass: 23113K(23680K)->23113K(23680K) Class: 5282K(5888K)->5282K(5888K)
[224.179s][info][gc          ] GC(74) Pause Full (System.gc()) 772M->772M(5939M) 2890.727ms
[227.067s][info][gc,metaspace] GC(75) Metaspace: 28395K(29568K)->28395K(29568K) NonClass: 23113K(23680K)->23113K(23680K) Class: 5282K(5888K)->5282K(5888K)
[227.067s][info][gc          ] GC(75) Pause Full (System.gc()) 772M->772M(5939M) 2887.283ms
[229.954s][info][gc,metaspace] GC(76) Metaspace: 28395K(29568K)->28395K(29568K) NonClass: 23113K(23680K)->23113K(23680K) Class: 5282K(5888K)->5282K(5888K)
[229.954s][info][gc          ] GC(76) Pause Full (System.gc()) 772M->772M(5939M) 2887.607ms
[232.841s][info][gc,metaspace] GC(77) Metaspace: 28395K(29568K)->28395K(29568K) NonClass: 23113K(23680K)->23113K(23680K) Class: 5282K(5888K)->5282K(5888K)
[232.841s][info][gc          ] GC(77) Pause Full (System.gc()) 772M->772M(5939M) 2886.924ms
[235.729s][info][gc,metaspace] GC(78) Metaspace: 28395K(29568K)->28395K(29568K) NonClass: 23113K(23680K)->23113K(23680K) Class: 5282K(5888K)->5282K(5888K)
[235.729s][info][gc          ] GC(78) Pause Full (System.gc()) 772M->772M(5939M) 2887.559ms
[238.565s][info][gc,metaspace] GC(79) Metaspace: 28395K(29568K)->28395K(29568K) NonClass: 23113K(23680K)->23113K(23680K) Class: 5282K(5888K)->5282K(5888K)
[238.565s][info][gc          ] GC(79) Pause Full (System.gc()) 772M->772M(5939M) 2835.638ms
[241.452s][info][gc,metaspace] GC(80) Metaspace: 28395K(29568K)->28395K(29568K) NonClass: 23113K(23680K)->23113K(23680K) Class: 5282K(5888K)->5282K(5888K)
[241.452s][info][gc          ] GC(80) Pause Full (System.gc()) 772M->772M(5939M) 2887.390ms
[244.340s][info][gc,metaspace] GC(81) Metaspace: 28395K(29568K)->28395K(29568K) NonClass: 23113K(23680K)->23113K(23680K) Class: 5282K(5888K)->5282K(5888K)
[244.340s][info][gc          ] GC(81) Pause Full (System.gc()) 772M->772M(5939M) 2887.037ms
[247.230s][info][gc,metaspace] GC(82) Metaspace: 28395K(29568K)->28395K(29568K) NonClass: 23113K(23680K)->23113K(23680K) Class: 5282K(5888K)->5282K(5888K)
[247.230s][info][gc          ] GC(82) Pause Full (System.gc()) 772M->772M(5939M) 2890.534ms
[250.117s][info][gc,metaspace] GC(83) Metaspace: 28395K(29568K)->28395K(29568K) NonClass: 23113K(23680K)->23113K(23680K) Class: 5282K(5888K)->5282K(5888K)
[250.117s][info][gc          ] GC(83) Pause Full (System.gc()) 772M->772M(5939M) 2886.628ms
[253.005s][info][gc,metaspace] GC(84) Metaspace: 28395K(29568K)->28395K(29568K) NonClass: 23113K(23680K)->23113K(23680K) Class: 5282K(5888K)->5282K(5888K)
[253.005s][info][gc          ] GC(84) Pause Full (System.gc()) 772M->772M(5939M) 2887.374ms
[255.892s][info][gc,metaspace] GC(85) Metaspace: 28395K(29568K)->28395K(29568K) NonClass: 23113K(23680K)->23113K(23680K) Class: 5282K(5888K)->5282K(5888K)
[255.892s][info][gc          ] GC(85) Pause Full (System.gc()) 772M->772M(5939M) 2887.510ms
[258.779s][info][gc,metaspace] GC(86) Metaspace: 28395K(29568K)->28395K(29568K) NonClass: 23113K(23680K)->23113K(23680K) Class: 5282K(5888K)->5282K(5888K)
[258.779s][info][gc          ] GC(86) Pause Full (System.gc()) 772M->772M(5939M) 2886.881ms
[261.615s][info][gc,metaspace] GC(87) Metaspace: 28395K(29568K)->28395K(29568K) NonClass: 23113K(23680K)->23113K(23680K) Class: 5282K(5888K)->5282K(5888K)
[261.615s][info][gc          ] GC(87) Pause Full (System.gc()) 772M->772M(5939M) 2835.576ms
[264.503s][info][gc,metaspace] GC(88) Metaspace: 28395K(29568K)->28395K(29568K) NonClass: 23113K(23680K)->23113K(23680K) Class: 5282K(5888K)->5282K(5888K)
[264.503s][info][gc          ] GC(88) Pause Full (System.gc()) 772M->772M(5939M) 2887.533ms
[267.390s][info][gc,metaspace] GC(89) Metaspace: 28395K(29568K)->28395K(29568K) NonClass: 23113K(23680K)->23113K(23680K) Class: 5282K(5888K)->5282K(5888K)
[267.390s][info][gc          ] GC(89) Pause Full (System.gc()) 772M->772M(5939M) 2887.208ms
[270.281s][info][gc,metaspace] GC(90) Metaspace: 28395K(29568K)->28395K(29568K) NonClass: 23113K(23680K)->23113K(23680K) Class: 5282K(5888K)->5282K(5888K)
[270.281s][info][gc          ] GC(90) Pause Full (System.gc()) 783M->772M(5939M) 2890.932ms
[273.168s][info][gc,metaspace] GC(91) Metaspace: 28395K(29568K)->28395K(29568K) NonClass: 23113K(23680K)->23113K(23680K) Class: 5282K(5888K)->5282K(5888K)
[273.168s][info][gc          ] GC(91) Pause Full (System.gc()) 772M->772M(5939M) 2887.373ms
[276.056s][info][gc,metaspace] GC(92) Metaspace: 28395K(29568K)->28395K(29568K) NonClass: 23113K(23680K)->23113K(23680K) Class: 5282K(5888K)->5282K(5888K)
[276.056s][info][gc          ] GC(92) Pause Full (System.gc()) 772M->772M(5939M) 2887.254ms
[278.943s][info][gc,metaspace] GC(93) Metaspace: 28395K(29568K)->28395K(29568K) NonClass: 23113K(23680K)->23113K(23680K) Class: 5282K(5888K)->5282K(5888K)
[278.943s][info][gc          ] GC(93) Pause Full (System.gc()) 772M->772M(5939M) 2887.378ms
[281.831s][info][gc,metaspace] GC(94) Metaspace: 28395K(29568K)->28395K(29568K) NonClass: 23113K(23680K)->23113K(23680K) Class: 5282K(5888K)->5282K(5888K)
[281.831s][info][gc          ] GC(94) Pause Full (System.gc()) 772M->772M(5939M) 2887.007ms
[284.718s][info][gc,metaspace] GC(95) Metaspace: 28395K(29568K)->28395K(29568K) NonClass: 23113K(23680K)->23113K(23680K) Class: 5282K(5888K)->5282K(5888K)
[284.718s][info][gc          ] GC(95) Pause Full (System.gc()) 772M->772M(5939M) 2887.141ms
[287.554s][info][gc,metaspace] GC(96) Metaspace: 28395K(29568K)->28395K(29568K) NonClass: 23113K(23680K)->23113K(23680K) Class: 5282K(5888K)->5282K(5888K)
[287.554s][info][gc          ] GC(96) Pause Full (System.gc()) 772M->772M(5939M) 2835.671ms
[290.441s][info][gc,metaspace] GC(97) Metaspace: 28395K(29568K)->28395K(29568K) NonClass: 23113K(23680K)->23113K(23680K) Class: 5282K(5888K)->5282K(5888K)
[290.441s][info][gc          ] GC(97) Pause Full (System.gc()) 772M->772M(5939M) 2887.309ms
[293.332s][info][gc,metaspace] GC(98) Metaspace: 28395K(29568K)->28395K(29568K) NonClass: 23113K(23680K)->23113K(23680K) Class: 5282K(5888K)->5282K(5888K)
[293.332s][info][gc          ] GC(98) Pause Full (System.gc()) 772M->772M(5939M) 2890.741ms
[296.219s][info][gc,metaspace] GC(99) Metaspace: 28395K(29568K)->28395K(29568K) NonClass: 23113K(23680K)->23113K(23680K) Class: 5282K(5888K)->5282K(5888K)
[296.219s][info][gc          ] GC(99) Pause Full (System.gc()) 772M->772M(5939M) 2887.094ms
[299.106s][info][gc,metaspace] GC(100) Metaspace: 28395K(29568K)->28395K(29568K) NonClass: 23113K(23680K)->23113K(23680K) Class: 5282K(5888K)->5282K(5888K)
[299.106s][info][gc          ] GC(100) Pause Full (System.gc()) 772M->772M(5939M) 2886.926ms
[301.993s][info][gc,metaspace] GC(101) Metaspace: 28395K(29568K)->28395K(29568K) NonClass: 23113K(23680K)->23113K(23680K) Class: 5282K(5888K)->5282K(5888K)
[301.993s][info][gc          ] GC(101) Pause Full (System.gc()) 772M->772M(5939M) 2886.879ms
[304.880s][info][gc,metaspace] GC(102) Metaspace: 28395K(29568K)->28395K(29568K) NonClass: 23113K(23680K)->23113K(23680K) Class: 5282K(5888K)->5282K(5888K)
[304.880s][info][gc          ] GC(102) Pause Full (System.gc()) 772M->772M(5939M) 2886.895ms
After GCs... 
