[0.001s][info][metaspace]  - commit_granule_bytes: 65536.
[0.001s][info][metaspace]  - commit_granule_words: 8192.
[0.001s][info][metaspace]  - virtual_space_node_default_size: 8388608.
[0.001s][info][metaspace]  - enlarge_chunks_in_place: 1.
[0.001s][info][metaspace]  - use_allocation_guard: 0.
[0.004s][info][gc       ] Using G1
[0.420s][info][metaspace] Reserving compressed class space anywhere
[0.420s][info][gc,metaspace] CDS archive(s) not mapped
[0.420s][info][gc,metaspace] Compressed class space mapped at: 0x0000000015000000-0x00000000d5000000, reserved size: 3221225472
[0.420s][info][gc,metaspace] UseCompressedClassPointers 1, UseCompactObjectHeaders 1, UseKlassTable 0, narrow klass pointer bits 26, max shift 6
[0.420s][info][gc,metaspace] Narrow klass base: 0x0000000015000000, Narrow klass shift: 6, Narrow klass range: 0xc0000000
Num Classes: 16
Num Objects per Class: 4194304
Cycles: 100
Class association: random
Generate 16 classes...
Loading 16...[1.052s][info][gc,metaspace] GC(0) Metaspace: 21708K(22144K)->21708K(22144K) NonClass: 19238K(19456K)->19238K(19456K) Class: 2469K(2688K)->2469K(2688K)
[1.052s][info][gc          ] GC(0) Pause Full (System.gc()) 88M->2M(6144M) 13.066ms
Creating 4194304 objects per class...[2.491s][info][gc,metaspace] GC(1) Metaspace: 21767K(22208K)->21767K(22208K) NonClass: 19289K(19520K)->19289K(19520K) Class: 2477K(2688K)->2477K(2688K)
[2.491s][info][gc          ] GC(1) Pause Young (Normal) (G1 Evacuation Pause) 566M->564M(6144M) 147.141ms

Done; will start GCs... 
[3.716s][info][gc,metaspace] GC(2) Metaspace: 21767K(22208K)->21767K(22208K) NonClass: 19289K(19520K)->19289K(19520K) Class: 2477K(2688K)->2477K(2688K)
[3.716s][info][gc          ] GC(2) Pause Full (System.gc()) 782M->774M(6144M) 316.649ms
[3.983s][info][gc,metaspace] GC(3) Metaspace: 21767K(22208K)->21767K(22208K) NonClass: 19289K(19520K)->19289K(19520K) Class: 2477K(2688K)->2477K(2688K)
[3.983s][info][gc          ] GC(3) Pause Full (System.gc()) 774M->774M(6144M) 266.800ms
[4.246s][info][gc,metaspace] GC(4) Metaspace: 21767K(22208K)->21767K(22208K) NonClass: 19289K(19520K)->19289K(19520K) Class: 2477K(2688K)->2477K(2688K)
[4.246s][info][gc          ] GC(4) Pause Full (System.gc()) 774M->774M(6144M) 262.839ms
[4.518s][info][gc,metaspace] GC(5) Metaspace: 21767K(22208K)->21767K(22208K) NonClass: 19289K(19520K)->19289K(19520K) Class: 2477K(2688K)->2477K(2688K)
[4.518s][info][gc          ] GC(5) Pause Full (System.gc()) 774M->774M(6144M) 271.740ms
[4.775s][info][gc,metaspace] GC(6) Metaspace: 21767K(22208K)->21767K(22208K) NonClass: 19289K(19520K)->19289K(19520K) Class: 2477K(2688K)->2477K(2688K)
[4.775s][info][gc          ] GC(6) Pause Full (System.gc()) 774M->774M(6144M) 257.571ms
[5.031s][info][gc,metaspace] GC(7) Metaspace: 21767K(22208K)->21767K(22208K) NonClass: 19289K(19520K)->19289K(19520K) Class: 2477K(2688K)->2477K(2688K)
[5.031s][info][gc          ] GC(7) Pause Full (System.gc()) 774M->774M(6144M) 255.263ms
[5.286s][info][gc,metaspace] GC(8) Metaspace: 21767K(22208K)->21767K(22208K) NonClass: 19289K(19520K)->19289K(19520K) Class: 2477K(2688K)->2477K(2688K)
[5.286s][info][gc          ] GC(8) Pause Full (System.gc()) 774M->774M(6144M) 255.613ms
[5.562s][info][gc,metaspace] GC(9) Metaspace: 21767K(22208K)->21767K(22208K) NonClass: 19289K(19520K)->19289K(19520K) Class: 2477K(2688K)->2477K(2688K)
[5.562s][info][gc          ] GC(9) Pause Full (System.gc()) 774M->774M(6144M) 275.883ms
[5.815s][info][gc,metaspace] GC(10) Metaspace: 21767K(22208K)->21767K(22208K) NonClass: 19289K(19520K)->19289K(19520K) Class: 2477K(2688K)->2477K(2688K)
[5.815s][info][gc          ] GC(10) Pause Full (System.gc()) 774M->774M(6144M) 252.392ms
[6.079s][info][gc,metaspace] GC(11) Metaspace: 21767K(22208K)->21767K(22208K) NonClass: 19289K(19520K)->19289K(19520K) Class: 2477K(2688K)->2477K(2688K)
[6.079s][info][gc          ] GC(11) Pause Full (System.gc()) 774M->774M(6144M) 263.835ms
[6.352s][info][gc,metaspace] GC(12) Metaspace: 21767K(22208K)->21767K(22208K) NonClass: 19289K(19520K)->19289K(19520K) Class: 2477K(2688K)->2477K(2688K)
[6.352s][info][gc          ] GC(12) Pause Full (System.gc()) 774M->774M(6144M) 273.608ms
[6.610s][info][gc,metaspace] GC(13) Metaspace: 21767K(22208K)->21767K(22208K) NonClass: 19289K(19520K)->19289K(19520K) Class: 2477K(2688K)->2477K(2688K)
[6.610s][info][gc          ] GC(13) Pause Full (System.gc()) 774M->774M(6144M) 257.220ms
[6.867s][info][gc,metaspace] GC(14) Metaspace: 21767K(22208K)->21767K(22208K) NonClass: 19289K(19520K)->19289K(19520K) Class: 2477K(2688K)->2477K(2688K)
[6.867s][info][gc          ] GC(14) Pause Full (System.gc()) 774M->774M(6144M) 257.323ms
[7.123s][info][gc,metaspace] GC(15) Metaspace: 21767K(22208K)->21767K(22208K) NonClass: 19289K(19520K)->19289K(19520K) Class: 2477K(2688K)->2477K(2688K)
[7.123s][info][gc          ] GC(15) Pause Full (System.gc()) 774M->774M(6144M) 255.559ms
[7.402s][info][gc,metaspace] GC(16) Metaspace: 21767K(22208K)->21767K(22208K) NonClass: 19289K(19520K)->19289K(19520K) Class: 2477K(2688K)->2477K(2688K)
[7.402s][info][gc          ] GC(16) Pause Full (System.gc()) 774M->774M(6144M) 279.012ms
[7.657s][info][gc,metaspace] GC(17) Metaspace: 21767K(22208K)->21767K(22208K) NonClass: 19289K(19520K)->19289K(19520K) Class: 2477K(2688K)->2477K(2688K)
[7.657s][info][gc          ] GC(17) Pause Full (System.gc()) 774M->774M(6144M) 255.332ms
[7.912s][info][gc,metaspace] GC(18) Metaspace: 21767K(22208K)->21767K(22208K) NonClass: 19289K(19520K)->19289K(19520K) Class: 2477K(2688K)->2477K(2688K)
[7.912s][info][gc          ] GC(18) Pause Full (System.gc()) 774M->774M(6144M) 255.112ms
[8.170s][info][gc,metaspace] GC(19) Metaspace: 21767K(22208K)->21767K(22208K) NonClass: 19289K(19520K)->19289K(19520K) Class: 2477K(2688K)->2477K(2688K)
[8.170s][info][gc          ] GC(19) Pause Full (System.gc()) 774M->774M(6144M) 257.559ms
[8.453s][info][gc,metaspace] GC(20) Metaspace: 21767K(22208K)->21767K(22208K) NonClass: 19289K(19520K)->19289K(19520K) Class: 2477K(2688K)->2477K(2688K)
[8.454s][info][gc          ] GC(20) Pause Full (System.gc()) 774M->774M(6144M) 283.518ms
[8.764s][info][gc,metaspace] GC(21) Metaspace: 21767K(22208K)->21767K(22208K) NonClass: 19289K(19520K)->19289K(19520K) Class: 2477K(2688K)->2477K(2688K)
[8.764s][info][gc          ] GC(21) Pause Full (System.gc()) 774M->774M(6144M) 306.412ms
[9.028s][info][gc,metaspace] GC(22) Metaspace: 21767K(22208K)->21767K(22208K) NonClass: 19289K(19520K)->19289K(19520K) Class: 2477K(2688K)->2477K(2688K)
[9.028s][info][gc          ] GC(22) Pause Full (System.gc()) 774M->774M(6144M) 263.338ms
[9.294s][info][gc,metaspace] GC(23) Metaspace: 21767K(22208K)->21767K(22208K) NonClass: 19289K(19520K)->19289K(19520K) Class: 2477K(2688K)->2477K(2688K)
[9.294s][info][gc          ] GC(23) Pause Full (System.gc()) 774M->774M(6144M) 266.052ms
[9.558s][info][gc,metaspace] GC(24) Metaspace: 21767K(22208K)->21767K(22208K) NonClass: 19289K(19520K)->19289K(19520K) Class: 2477K(2688K)->2477K(2688K)
[9.558s][info][gc          ] GC(24) Pause Full (System.gc()) 774M->774M(6144M) 264.049ms
[9.814s][info][gc,metaspace] GC(25) Metaspace: 21767K(22208K)->21767K(22208K) NonClass: 19289K(19520K)->19289K(19520K) Class: 2477K(2688K)->2477K(2688K)
[9.814s][info][gc          ] GC(25) Pause Full (System.gc()) 774M->774M(6144M) 256.116ms
[10.080s][info][gc,metaspace] GC(26) Metaspace: 21767K(22208K)->21767K(22208K) NonClass: 19289K(19520K)->19289K(19520K) Class: 2477K(2688K)->2477K(2688K)
[10.080s][info][gc          ] GC(26) Pause Full (System.gc()) 774M->774M(6144M) 265.905ms
[10.359s][info][gc,metaspace] GC(27) Metaspace: 21767K(22208K)->21767K(22208K) NonClass: 19289K(19520K)->19289K(19520K) Class: 2477K(2688K)->2477K(2688K)
[10.359s][info][gc          ] GC(27) Pause Full (System.gc()) 774M->774M(6144M) 279.134ms
[10.615s][info][gc,metaspace] GC(28) Metaspace: 21767K(22208K)->21767K(22208K) NonClass: 19289K(19520K)->19289K(19520K) Class: 2477K(2688K)->2477K(2688K)
[10.615s][info][gc          ] GC(28) Pause Full (System.gc()) 774M->774M(6144M) 256.043ms
[10.884s][info][gc,metaspace] GC(29) Metaspace: 21767K(22208K)->21767K(22208K) NonClass: 19289K(19520K)->19289K(19520K) Class: 2477K(2688K)->2477K(2688K)
[10.884s][info][gc          ] GC(29) Pause Full (System.gc()) 774M->774M(6144M) 268.464ms
[11.144s][info][gc,metaspace] GC(30) Metaspace: 21767K(22208K)->21767K(22208K) NonClass: 19289K(19520K)->19289K(19520K) Class: 2477K(2688K)->2477K(2688K)
[11.144s][info][gc          ] GC(30) Pause Full (System.gc()) 774M->774M(6144M) 259.728ms
[11.415s][info][gc,metaspace] GC(31) Metaspace: 21767K(22208K)->21767K(22208K) NonClass: 19289K(19520K)->19289K(19520K) Class: 2477K(2688K)->2477K(2688K)
[11.415s][info][gc          ] GC(31) Pause Full (System.gc()) 774M->774M(6144M) 270.995ms
[11.667s][info][gc,metaspace] GC(32) Metaspace: 21767K(22208K)->21767K(22208K) NonClass: 19289K(19520K)->19289K(19520K) Class: 2477K(2688K)->2477K(2688K)
[11.668s][info][gc          ] GC(32) Pause Full (System.gc()) 774M->774M(6144M) 252.779ms
[11.924s][info][gc,metaspace] GC(33) Metaspace: 21767K(22208K)->21767K(22208K) NonClass: 19289K(19520K)->19289K(19520K) Class: 2477K(2688K)->2477K(2688K)
[11.924s][info][gc          ] GC(33) Pause Full (System.gc()) 774M->774M(6144M) 256.179ms
[12.182s][info][gc,metaspace] GC(34) Metaspace: 21767K(22208K)->21767K(22208K) NonClass: 19289K(19520K)->19289K(19520K) Class: 2477K(2688K)->2477K(2688K)
[12.182s][info][gc          ] GC(34) Pause Full (System.gc()) 774M->774M(6144M) 257.769ms
[12.458s][info][gc,metaspace] GC(35) Metaspace: 21767K(22208K)->21767K(22208K) NonClass: 19289K(19520K)->19289K(19520K) Class: 2477K(2688K)->2477K(2688K)
[12.458s][info][gc          ] GC(35) Pause Full (System.gc()) 774M->774M(6144M) 275.947ms
[12.718s][info][gc,metaspace] GC(36) Metaspace: 21767K(22208K)->21767K(22208K) NonClass: 19289K(19520K)->19289K(19520K) Class: 2477K(2688K)->2477K(2688K)
[12.718s][info][gc          ] GC(36) Pause Full (System.gc()) 774M->774M(6144M) 260.380ms
[12.981s][info][gc,metaspace] GC(37) Metaspace: 21767K(22208K)->21767K(22208K) NonClass: 19289K(19520K)->19289K(19520K) Class: 2477K(2688K)->2477K(2688K)
[12.982s][info][gc          ] GC(37) Pause Full (System.gc()) 774M->774M(6144M) 263.383ms
[13.239s][info][gc,metaspace] GC(38) Metaspace: 21767K(22208K)->21767K(22208K) NonClass: 19289K(19520K)->19289K(19520K) Class: 2477K(2688K)->2477K(2688K)
[13.239s][info][gc          ] GC(38) Pause Full (System.gc()) 774M->774M(6144M) 257.499ms
[13.517s][info][gc,metaspace] GC(39) Metaspace: 21767K(22208K)->21767K(22208K) NonClass: 19289K(19520K)->19289K(19520K) Class: 2477K(2688K)->2477K(2688K)
[13.517s][info][gc          ] GC(39) Pause Full (System.gc()) 774M->774M(6144M) 277.398ms
[13.824s][info][gc,metaspace] GC(40) Metaspace: 21767K(22208K)->21767K(22208K) NonClass: 19289K(19520K)->19289K(19520K) Class: 2477K(2688K)->2477K(2688K)
[13.824s][info][gc          ] GC(40) Pause Full (System.gc()) 774M->774M(6144M) 303.554ms
[14.095s][info][gc,metaspace] GC(41) Metaspace: 21767K(22208K)->21767K(22208K) NonClass: 19289K(19520K)->19289K(19520K) Class: 2477K(2688K)->2477K(2688K)
[14.095s][info][gc          ] GC(41) Pause Full (System.gc()) 774M->774M(6144M) 270.331ms
[14.375s][info][gc,metaspace] GC(42) Metaspace: 21767K(22208K)->21767K(22208K) NonClass: 19289K(19520K)->19289K(19520K) Class: 2477K(2688K)->2477K(2688K)
[14.375s][info][gc          ] GC(42) Pause Full (System.gc()) 774M->774M(6144M) 280.065ms
[14.628s][info][gc,metaspace] GC(43) Metaspace: 21767K(22208K)->21767K(22208K) NonClass: 19289K(19520K)->19289K(19520K) Class: 2477K(2688K)->2477K(2688K)
[14.628s][info][gc          ] GC(43) Pause Full (System.gc()) 774M->774M(6144M) 252.929ms
[14.884s][info][gc,metaspace] GC(44) Metaspace: 21767K(22208K)->21767K(22208K) NonClass: 19289K(19520K)->19289K(19520K) Class: 2477K(2688K)->2477K(2688K)
[14.884s][info][gc          ] GC(44) Pause Full (System.gc()) 774M->774M(6144M) 256.293ms
[15.153s][info][gc,metaspace] GC(45) Metaspace: 21767K(22208K)->21767K(22208K) NonClass: 19289K(19520K)->19289K(19520K) Class: 2477K(2688K)->2477K(2688K)
[15.153s][info][gc          ] GC(45) Pause Full (System.gc()) 774M->774M(6144M) 268.468ms
[15.430s][info][gc,metaspace] GC(46) Metaspace: 21767K(22208K)->21767K(22208K) NonClass: 19289K(19520K)->19289K(19520K) Class: 2477K(2688K)->2477K(2688K)
[15.430s][info][gc          ] GC(46) Pause Full (System.gc()) 774M->774M(6144M) 277.541ms
[15.692s][info][gc,metaspace] GC(47) Metaspace: 21767K(22208K)->21767K(22208K) NonClass: 19289K(19520K)->19289K(19520K) Class: 2477K(2688K)->2477K(2688K)
[15.692s][info][gc          ] GC(47) Pause Full (System.gc()) 774M->774M(6144M) 261.537ms
[15.948s][info][gc,metaspace] GC(48) Metaspace: 21767K(22208K)->21767K(22208K) NonClass: 19289K(19520K)->19289K(19520K) Class: 2477K(2688K)->2477K(2688K)
[15.948s][info][gc          ] GC(48) Pause Full (System.gc()) 774M->774M(6144M) 256.120ms
[16.220s][info][gc,metaspace] GC(49) Metaspace: 21767K(22208K)->21767K(22208K) NonClass: 19289K(19520K)->19289K(19520K) Class: 2477K(2688K)->2477K(2688K)
[16.220s][info][gc          ] GC(49) Pause Full (System.gc()) 774M->774M(6144M) 271.553ms
[16.508s][info][gc,metaspace] GC(50) Metaspace: 21767K(22208K)->21767K(22208K) NonClass: 19289K(19520K)->19289K(19520K) Class: 2477K(2688K)->2477K(2688K)
[16.508s][info][gc          ] GC(50) Pause Full (System.gc()) 774M->774M(6144M) 287.786ms
[16.764s][info][gc,metaspace] GC(51) Metaspace: 21767K(22208K)->21767K(22208K) NonClass: 19289K(19520K)->19289K(19520K) Class: 2477K(2688K)->2477K(2688K)
[16.764s][info][gc          ] GC(51) Pause Full (System.gc()) 774M->774M(6144M) 255.939ms
[17.023s][info][gc,metaspace] GC(52) Metaspace: 21767K(22208K)->21767K(22208K) NonClass: 19289K(19520K)->19289K(19520K) Class: 2477K(2688K)->2477K(2688K)
[17.023s][info][gc          ] GC(52) Pause Full (System.gc()) 774M->774M(6144M) 259.673ms
[17.283s][info][gc,metaspace] GC(53) Metaspace: 21767K(22208K)->21767K(22208K) NonClass: 19289K(19520K)->19289K(19520K) Class: 2477K(2688K)->2477K(2688K)
[17.283s][info][gc          ] GC(53) Pause Full (System.gc()) 774M->774M(6144M) 259.766ms
[17.571s][info][gc,metaspace] GC(54) Metaspace: 21767K(22208K)->21767K(22208K) NonClass: 19289K(19520K)->19289K(19520K) Class: 2477K(2688K)->2477K(2688K)
[17.571s][info][gc          ] GC(54) Pause Full (System.gc()) 774M->774M(6144M) 287.999ms
[17.824s][info][gc,metaspace] GC(55) Metaspace: 21767K(22208K)->21767K(22208K) NonClass: 19289K(19520K)->19289K(19520K) Class: 2477K(2688K)->2477K(2688K)
[17.825s][info][gc          ] GC(55) Pause Full (System.gc()) 774M->774M(6144M) 253.158ms
[18.080s][info][gc,metaspace] GC(56) Metaspace: 21767K(22208K)->21767K(22208K) NonClass: 19289K(19520K)->19289K(19520K) Class: 2477K(2688K)->2477K(2688K)
[18.080s][info][gc          ] GC(56) Pause Full (System.gc()) 774M->774M(6144M) 255.067ms
[18.359s][info][gc,metaspace] GC(57) Metaspace: 21767K(22208K)->21767K(22208K) NonClass: 19289K(19520K)->19289K(19520K) Class: 2477K(2688K)->2477K(2688K)
[18.359s][info][gc          ] GC(57) Pause Full (System.gc()) 774M->774M(6144M) 279.453ms
[18.612s][info][gc,metaspace] GC(58) Metaspace: 21767K(22208K)->21767K(22208K) NonClass: 19289K(19520K)->19289K(19520K) Class: 2477K(2688K)->2477K(2688K)
[18.612s][info][gc          ] GC(58) Pause Full (System.gc()) 774M->774M(6144M) 252.753ms
[18.917s][info][gc,metaspace] GC(59) Metaspace: 21767K(22208K)->21767K(22208K) NonClass: 19289K(19520K)->19289K(19520K) Class: 2477K(2688K)->2477K(2688K)
[18.917s][info][gc          ] GC(59) Pause Full (System.gc()) 774M->774M(6144M) 300.426ms
[19.172s][info][gc,metaspace] GC(60) Metaspace: 21767K(22208K)->21767K(22208K) NonClass: 19289K(19520K)->19289K(19520K) Class: 2477K(2688K)->2477K(2688K)
[19.172s][info][gc          ] GC(60) Pause Full (System.gc()) 774M->774M(6144M) 255.137ms
[19.446s][info][gc,metaspace] GC(61) Metaspace: 21767K(22208K)->21767K(22208K) NonClass: 19289K(19520K)->19289K(19520K) Class: 2477K(2688K)->2477K(2688K)
[19.446s][info][gc          ] GC(61) Pause Full (System.gc()) 774M->774M(6144M) 273.813ms
[19.704s][info][gc,metaspace] GC(62) Metaspace: 21767K(22208K)->21767K(22208K) NonClass: 19289K(19520K)->19289K(19520K) Class: 2477K(2688K)->2477K(2688K)
[19.704s][info][gc          ] GC(62) Pause Full (System.gc()) 774M->774M(6144M) 257.847ms
[19.970s][info][gc,metaspace] GC(63) Metaspace: 21767K(22208K)->21767K(22208K) NonClass: 19289K(19520K)->19289K(19520K) Class: 2477K(2688K)->2477K(2688K)
[19.970s][info][gc          ] GC(63) Pause Full (System.gc()) 774M->774M(6144M) 265.870ms
[20.229s][info][gc,metaspace] GC(64) Metaspace: 21767K(22208K)->21767K(22208K) NonClass: 19289K(19520K)->19289K(19520K) Class: 2477K(2688K)->2477K(2688K)
[20.229s][info][gc          ] GC(64) Pause Full (System.gc()) 774M->774M(6144M) 259.221ms
[20.502s][info][gc,metaspace] GC(65) Metaspace: 21767K(22208K)->21767K(22208K) NonClass: 19289K(19520K)->19289K(19520K) Class: 2477K(2688K)->2477K(2688K)
[20.502s][info][gc          ] GC(65) Pause Full (System.gc()) 774M->774M(6144M) 272.872ms
[20.764s][info][gc,metaspace] GC(66) Metaspace: 21767K(22208K)->21767K(22208K) NonClass: 19289K(19520K)->19289K(19520K) Class: 2477K(2688K)->2477K(2688K)
[20.764s][info][gc          ] GC(66) Pause Full (System.gc()) 774M->774M(6144M) 262.498ms
[21.020s][info][gc,metaspace] GC(67) Metaspace: 21767K(22208K)->21767K(22208K) NonClass: 19289K(19520K)->19289K(19520K) Class: 2477K(2688K)->2477K(2688K)
[21.020s][info][gc          ] GC(67) Pause Full (System.gc()) 774M->774M(6144M) 255.348ms
[21.284s][info][gc,metaspace] GC(68) Metaspace: 21767K(22208K)->21767K(22208K) NonClass: 19289K(19520K)->19289K(19520K) Class: 2477K(2688K)->2477K(2688K)
[21.284s][info][gc          ] GC(68) Pause Full (System.gc()) 774M->774M(6144M) 264.304ms
[21.558s][info][gc,metaspace] GC(69) Metaspace: 21767K(22208K)->21767K(22208K) NonClass: 19289K(19520K)->19289K(19520K) Class: 2477K(2688K)->2477K(2688K)
[21.558s][info][gc          ] GC(69) Pause Full (System.gc()) 774M->774M(6144M) 274.025ms
[21.811s][info][gc,metaspace] GC(70) Metaspace: 21767K(22208K)->21767K(22208K) NonClass: 19289K(19520K)->19289K(19520K) Class: 2477K(2688K)->2477K(2688K)
[21.811s][info][gc          ] GC(70) Pause Full (System.gc()) 774M->774M(6144M) 252.784ms
[22.069s][info][gc,metaspace] GC(71) Metaspace: 21767K(22208K)->21767K(22208K) NonClass: 19289K(19520K)->19289K(19520K) Class: 2477K(2688K)->2477K(2688K)
[22.069s][info][gc          ] GC(71) Pause Full (System.gc()) 774M->774M(6144M) 257.614ms
[22.349s][info][gc,metaspace] GC(72) Metaspace: 21767K(22208K)->21767K(22208K) NonClass: 19289K(19520K)->19289K(19520K) Class: 2477K(2688K)->2477K(2688K)
[22.349s][info][gc          ] GC(72) Pause Full (System.gc()) 774M->774M(6144M) 279.831ms
[22.602s][info][gc,metaspace] GC(73) Metaspace: 21767K(22208K)->21767K(22208K) NonClass: 19289K(19520K)->19289K(19520K) Class: 2477K(2688K)->2477K(2688K)
[22.602s][info][gc          ] GC(73) Pause Full (System.gc()) 774M->774M(6144M) 253.201ms
[22.859s][info][gc,metaspace] GC(74) Metaspace: 21767K(22208K)->21767K(22208K) NonClass: 19289K(19520K)->19289K(19520K) Class: 2477K(2688K)->2477K(2688K)
[22.859s][info][gc          ] GC(74) Pause Full (System.gc()) 774M->774M(6144M) 256.998ms
[23.121s][info][gc,metaspace] GC(75) Metaspace: 21767K(22208K)->21767K(22208K) NonClass: 19289K(19520K)->19289K(19520K) Class: 2477K(2688K)->2477K(2688K)
[23.121s][info][gc          ] GC(75) Pause Full (System.gc()) 774M->774M(6144M) 262.067ms
[23.403s][info][gc,metaspace] GC(76) Metaspace: 21767K(22208K)->21767K(22208K) NonClass: 19289K(19520K)->19289K(19520K) Class: 2477K(2688K)->2477K(2688K)
[23.403s][info][gc          ] GC(76) Pause Full (System.gc()) 774M->774M(6144M) 281.464ms
[23.672s][info][gc,metaspace] GC(77) Metaspace: 21767K(22208K)->21767K(22208K) NonClass: 19289K(19520K)->19289K(19520K) Class: 2477K(2688K)->2477K(2688K)
[23.673s][info][gc          ] GC(77) Pause Full (System.gc()) 774M->774M(6144M) 269.831ms
[23.983s][info][gc,metaspace] GC(78) Metaspace: 21767K(22208K)->21767K(22208K) NonClass: 19289K(19520K)->19289K(19520K) Class: 2477K(2688K)->2477K(2688K)
[23.983s][info][gc          ] GC(78) Pause Full (System.gc()) 774M->774M(6144M) 305.769ms
[24.254s][info][gc,metaspace] GC(79) Metaspace: 21767K(22208K)->21767K(22208K) NonClass: 19289K(19520K)->19289K(19520K) Class: 2477K(2688K)->2477K(2688K)
[24.254s][info][gc          ] GC(79) Pause Full (System.gc()) 774M->774M(6144M) 270.936ms
[24.543s][info][gc,metaspace] GC(80) Metaspace: 21767K(22208K)->21767K(22208K) NonClass: 19289K(19520K)->19289K(19520K) Class: 2477K(2688K)->2477K(2688K)
[24.544s][info][gc          ] GC(80) Pause Full (System.gc()) 774M->774M(6144M) 289.871ms
[24.805s][info][gc,metaspace] GC(81) Metaspace: 21767K(22208K)->21767K(22208K) NonClass: 19289K(19520K)->19289K(19520K) Class: 2477K(2688K)->2477K(2688K)
[24.805s][info][gc          ] GC(81) Pause Full (System.gc()) 774M->774M(6144M) 260.974ms
[25.069s][info][gc,metaspace] GC(82) Metaspace: 21767K(22208K)->21767K(22208K) NonClass: 19289K(19520K)->19289K(19520K) Class: 2477K(2688K)->2477K(2688K)
[25.069s][info][gc          ] GC(82) Pause Full (System.gc()) 774M->774M(6144M) 264.180ms
[25.351s][info][gc,metaspace] GC(83) Metaspace: 21767K(22208K)->21767K(22208K) NonClass: 19289K(19520K)->19289K(19520K) Class: 2477K(2688K)->2477K(2688K)
[25.351s][info][gc          ] GC(83) Pause Full (System.gc()) 774M->774M(6144M) 282.302ms
[25.611s][info][gc,metaspace] GC(84) Metaspace: 21767K(22208K)->21767K(22208K) NonClass: 19289K(19520K)->19289K(19520K) Class: 2477K(2688K)->2477K(2688K)
[25.611s][info][gc          ] GC(84) Pause Full (System.gc()) 774M->774M(6144M) 259.649ms
[25.864s][info][gc,metaspace] GC(85) Metaspace: 21767K(22208K)->21767K(22208K) NonClass: 19289K(19520K)->19289K(19520K) Class: 2477K(2688K)->2477K(2688K)
[25.864s][info][gc          ] GC(85) Pause Full (System.gc()) 774M->774M(6144M) 252.749ms
[26.120s][info][gc,metaspace] GC(86) Metaspace: 21767K(22208K)->21767K(22208K) NonClass: 19289K(19520K)->19289K(19520K) Class: 2477K(2688K)->2477K(2688K)
[26.121s][info][gc          ] GC(86) Pause Full (System.gc()) 774M->774M(6144M) 256.780ms
[26.402s][info][gc,metaspace] GC(87) Metaspace: 21767K(22208K)->21767K(22208K) NonClass: 19289K(19520K)->19289K(19520K) Class: 2477K(2688K)->2477K(2688K)
[26.402s][info][gc          ] GC(87) Pause Full (System.gc()) 774M->774M(6144M) 281.658ms
[26.664s][info][gc,metaspace] GC(88) Metaspace: 21767K(22208K)->21767K(22208K) NonClass: 19289K(19520K)->19289K(19520K) Class: 2477K(2688K)->2477K(2688K)
[26.664s][info][gc          ] GC(88) Pause Full (System.gc()) 774M->774M(6144M) 261.513ms
[26.932s][info][gc,metaspace] GC(89) Metaspace: 21767K(22208K)->21767K(22208K) NonClass: 19289K(19520K)->19289K(19520K) Class: 2477K(2688K)->2477K(2688K)
[26.932s][info][gc          ] GC(89) Pause Full (System.gc()) 774M->774M(6144M) 267.954ms
[27.187s][info][gc,metaspace] GC(90) Metaspace: 21767K(22208K)->21767K(22208K) NonClass: 19289K(19520K)->19289K(19520K) Class: 2477K(2688K)->2477K(2688K)
[27.187s][info][gc          ] GC(90) Pause Full (System.gc()) 774M->774M(6144M) 255.076ms
[27.461s][info][gc,metaspace] GC(91) Metaspace: 21767K(22208K)->21767K(22208K) NonClass: 19289K(19520K)->19289K(19520K) Class: 2477K(2688K)->2477K(2688K)
[27.461s][info][gc          ] GC(91) Pause Full (System.gc()) 774M->774M(6144M) 273.935ms
[27.716s][info][gc,metaspace] GC(92) Metaspace: 21767K(22208K)->21767K(22208K) NonClass: 19289K(19520K)->19289K(19520K) Class: 2477K(2688K)->2477K(2688K)
[27.716s][info][gc          ] GC(92) Pause Full (System.gc()) 774M->774M(6144M) 255.390ms
[27.972s][info][gc,metaspace] GC(93) Metaspace: 21767K(22208K)->21767K(22208K) NonClass: 19289K(19520K)->19289K(19520K) Class: 2477K(2688K)->2477K(2688K)
[27.972s][info][gc          ] GC(93) Pause Full (System.gc()) 774M->774M(6144M) 255.419ms
[28.234s][info][gc,metaspace] GC(94) Metaspace: 21767K(22208K)->21767K(22208K) NonClass: 19289K(19520K)->19289K(19520K) Class: 2477K(2688K)->2477K(2688K)
[28.234s][info][gc          ] GC(94) Pause Full (System.gc()) 774M->774M(6144M) 262.294ms
[28.511s][info][gc,metaspace] GC(95) Metaspace: 21767K(22208K)->21767K(22208K) NonClass: 19289K(19520K)->19289K(19520K) Class: 2477K(2688K)->2477K(2688K)
[28.511s][info][gc          ] GC(95) Pause Full (System.gc()) 774M->774M(6144M) 277.020ms
[28.775s][info][gc,metaspace] GC(96) Metaspace: 21767K(22208K)->21767K(22208K) NonClass: 19289K(19520K)->19289K(19520K) Class: 2477K(2688K)->2477K(2688K)
[28.775s][info][gc          ] GC(96) Pause Full (System.gc()) 774M->774M(6144M) 263.247ms
[29.069s][info][gc,metaspace] GC(97) Metaspace: 21767K(22208K)->21767K(22208K) NonClass: 19289K(19520K)->19289K(19520K) Class: 2477K(2688K)->2477K(2688K)
[29.069s][info][gc          ] GC(97) Pause Full (System.gc()) 774M->774M(6144M) 290.109ms
[29.340s][info][gc,metaspace] GC(98) Metaspace: 21767K(22208K)->21767K(22208K) NonClass: 19289K(19520K)->19289K(19520K) Class: 2477K(2688K)->2477K(2688K)
[29.340s][info][gc          ] GC(98) Pause Full (System.gc()) 774M->774M(6144M) 270.694ms
[29.622s][info][gc,metaspace] GC(99) Metaspace: 21767K(22208K)->21767K(22208K) NonClass: 19289K(19520K)->19289K(19520K) Class: 2477K(2688K)->2477K(2688K)
[29.622s][info][gc          ] GC(99) Pause Full (System.gc()) 774M->774M(6144M) 282.002ms
[29.877s][info][gc,metaspace] GC(100) Metaspace: 21767K(22208K)->21767K(22208K) NonClass: 19289K(19520K)->19289K(19520K) Class: 2477K(2688K)->2477K(2688K)
[29.877s][info][gc          ] GC(100) Pause Full (System.gc()) 774M->774M(6144M) 255.201ms
[30.140s][info][gc,metaspace] GC(101) Metaspace: 21767K(22208K)->21767K(22208K) NonClass: 19289K(19520K)->19289K(19520K) Class: 2477K(2688K)->2477K(2688K)
[30.140s][info][gc          ] GC(101) Pause Full (System.gc()) 774M->774M(6144M) 262.867ms
After GCs... 
