Done; will start GCs... 
[3.847s][info][gc,metaspace] GC(2) Metaspace: 21376K(21760K)->21376K(21760K) NonClass: 17634K(17856K)->17634K(17856K) Class: 3741K(3904K)->3741K(3904K)
[3.847s][info][gc          ] GC(2) Pause Full (System.gc()) 780M->774M(6144M) 394.726ms
[4.177s][info][gc,metaspace] GC(3) Metaspace: 21376K(21760K)->21376K(21760K) NonClass: 17634K(17856K)->17634K(17856K) Class: 3741K(3904K)->3741K(3904K)
[4.177s][info][gc          ] GC(3) Pause Full (System.gc()) 774M->774M(6144M) 329.817ms
[4.500s][info][gc,metaspace] GC(4) Metaspace: 21376K(21760K)->21376K(21760K) NonClass: 17634K(17856K)->17634K(17856K) Class: 3741K(3904K)->3741K(3904K)
[4.500s][info][gc          ] GC(4) Pause Full (System.gc()) 774M->774M(6144M) 322.534ms
[4.829s][info][gc,metaspace] GC(5) Metaspace: 21376K(21760K)->21376K(21760K) NonClass: 17634K(17856K)->17634K(17856K) Class: 3741K(3904K)->3741K(3904K)
[4.829s][info][gc          ] GC(5) Pause Full (System.gc()) 774M->774M(6144M) 329.352ms
[5.172s][info][gc,metaspace] GC(6) Metaspace: 21376K(21760K)->21376K(21760K) NonClass: 17634K(17856K)->17634K(17856K) Class: 3741K(3904K)->3741K(3904K)
[5.172s][info][gc          ] GC(6) Pause Full (System.gc()) 774M->774M(6144M) 343.185ms
[5.516s][info][gc,metaspace] GC(7) Metaspace: 21376K(21760K)->21376K(21760K) NonClass: 17634K(17856K)->17634K(17856K) Class: 3741K(3904K)->3741K(3904K)
[5.516s][info][gc          ] GC(7) Pause Full (System.gc()) 774M->774M(6144M) 343.232ms
[5.846s][info][gc,metaspace] GC(8) Metaspace: 21376K(21760K)->21376K(21760K) NonClass: 17634K(17856K)->17634K(17856K) Class: 3741K(3904K)->3741K(3904K)
[5.846s][info][gc          ] GC(8) Pause Full (System.gc()) 774M->774M(6144M) 330.162ms
[6.182s][info][gc,metaspace] GC(9) Metaspace: 21376K(21760K)->21376K(21760K) NonClass: 17634K(17856K)->17634K(17856K) Class: 3741K(3904K)->3741K(3904K)
[6.182s][info][gc          ] GC(9) Pause Full (System.gc()) 774M->774M(6144M) 336.514ms
[6.522s][info][gc,metaspace] GC(10) Metaspace: 21376K(21760K)->21376K(21760K) NonClass: 17634K(17856K)->17634K(17856K) Class: 3741K(3904K)->3741K(3904K)
[6.522s][info][gc          ] GC(10) Pause Full (System.gc()) 774M->774M(6144M) 339.327ms
[6.851s][info][gc,metaspace] GC(11) Metaspace: 21376K(21760K)->21376K(21760K) NonClass: 17634K(17856K)->17634K(17856K) Class: 3741K(3904K)->3741K(3904K)
[6.851s][info][gc          ] GC(11) Pause Full (System.gc()) 774M->774M(6144M) 329.201ms
[7.192s][info][gc,metaspace] GC(12) Metaspace: 21376K(21760K)->21376K(21760K) NonClass: 17634K(17856K)->17634K(17856K) Class: 3741K(3904K)->3741K(3904K)
[7.192s][info][gc          ] GC(12) Pause Full (System.gc()) 774M->774M(6144M) 340.846ms
[7.522s][info][gc,metaspace] GC(13) Metaspace: 21376K(21760K)->21376K(21760K) NonClass: 17634K(17856K)->17634K(17856K) Class: 3741K(3904K)->3741K(3904K)
[7.522s][info][gc          ] GC(13) Pause Full (System.gc()) 774M->774M(6144M) 329.600ms
[7.847s][info][gc,metaspace] GC(14) Metaspace: 21376K(21760K)->21376K(21760K) NonClass: 17634K(17856K)->17634K(17856K) Class: 3741K(3904K)->3741K(3904K)
[7.847s][info][gc          ] GC(14) Pause Full (System.gc()) 774M->774M(6144M) 325.650ms
[8.207s][info][gc,metaspace] GC(15) Metaspace: 21376K(21760K)->21376K(21760K) NonClass: 17634K(17856K)->17634K(17856K) Class: 3741K(3904K)->3741K(3904K)
[8.207s][info][gc          ] GC(15) Pause Full (System.gc()) 774M->774M(6144M) 359.369ms
[8.525s][info][gc,metaspace] GC(16) Metaspace: 21376K(21760K)->21376K(21760K) NonClass: 17634K(17856K)->17634K(17856K) Class: 3741K(3904K)->3741K(3904K)
[8.525s][info][gc          ] GC(16) Pause Full (System.gc()) 774M->774M(6144M) 317.793ms
[8.853s][info][gc,metaspace] GC(17) Metaspace: 21376K(21760K)->21376K(21760K) NonClass: 17634K(17856K)->17634K(17856K) Class: 3741K(3904K)->3741K(3904K)
[8.853s][info][gc          ] GC(17) Pause Full (System.gc()) 774M->774M(6144M) 327.882ms
[9.190s][info][gc,metaspace] GC(18) Metaspace: 21376K(21760K)->21376K(21760K) NonClass: 17634K(17856K)->17634K(17856K) Class: 3741K(3904K)->3741K(3904K)
[9.190s][info][gc          ] GC(18) Pause Full (System.gc()) 774M->774M(6144M) 337.573ms
[9.519s][info][gc,metaspace] GC(19) Metaspace: 21376K(21760K)->21376K(21760K) NonClass: 17634K(17856K)->17634K(17856K) Class: 3741K(3904K)->3741K(3904K)
[9.519s][info][gc          ] GC(19) Pause Full (System.gc()) 774M->774M(6144M) 328.452ms
[9.858s][info][gc,metaspace] GC(20) Metaspace: 21376K(21760K)->21376K(21760K) NonClass: 17634K(17856K)->17634K(17856K) Class: 3741K(3904K)->3741K(3904K)
[9.858s][info][gc          ] GC(20) Pause Full (System.gc()) 774M->774M(6144M) 338.836ms
[10.197s][info][gc,metaspace] GC(21) Metaspace: 21376K(21760K)->21376K(21760K) NonClass: 17634K(17856K)->17634K(17856K) Class: 3741K(3904K)->3741K(3904K)
[10.198s][info][gc          ] GC(21) Pause Full (System.gc()) 774M->774M(6144M) 339.658ms
[10.543s][info][gc,metaspace] GC(22) Metaspace: 21376K(21760K)->21376K(21760K) NonClass: 17634K(17856K)->17634K(17856K) Class: 3741K(3904K)->3741K(3904K)
[10.543s][info][gc          ] GC(22) Pause Full (System.gc()) 774M->774M(6144M) 341.611ms
[10.867s][info][gc,metaspace] GC(23) Metaspace: 21376K(21760K)->21376K(21760K) NonClass: 17634K(17856K)->17634K(17856K) Class: 3741K(3904K)->3741K(3904K)
[10.867s][info][gc          ] GC(23) Pause Full (System.gc()) 774M->774M(6144M) 323.152ms
[11.202s][info][gc,metaspace] GC(24) Metaspace: 21376K(21760K)->21376K(21760K) NonClass: 17634K(17856K)->17634K(17856K) Class: 3741K(3904K)->3741K(3904K)
[11.202s][info][gc          ] GC(24) Pause Full (System.gc()) 774M->774M(6144M) 335.456ms
[11.543s][info][gc,metaspace] GC(25) Metaspace: 21376K(21760K)->21376K(21760K) NonClass: 17634K(17856K)->17634K(17856K) Class: 3741K(3904K)->3741K(3904K)
[11.543s][info][gc          ] GC(25) Pause Full (System.gc()) 774M->774M(6144M) 340.738ms
[11.874s][info][gc,metaspace] GC(26) Metaspace: 21376K(21760K)->21376K(21760K) NonClass: 17634K(17856K)->17634K(17856K) Class: 3741K(3904K)->3741K(3904K)
[11.874s][info][gc          ] GC(26) Pause Full (System.gc()) 774M->774M(6144M) 330.613ms
[12.212s][info][gc,metaspace] GC(27) Metaspace: 21376K(21760K)->21376K(21760K) NonClass: 17634K(17856K)->17634K(17856K) Class: 3741K(3904K)->3741K(3904K)
[12.212s][info][gc          ] GC(27) Pause Full (System.gc()) 774M->774M(6144M) 338.459ms
[12.543s][info][gc,metaspace] GC(28) Metaspace: 21376K(21760K)->21376K(21760K) NonClass: 17634K(17856K)->17634K(17856K) Class: 3741K(3904K)->3741K(3904K)
[12.543s][info][gc          ] GC(28) Pause Full (System.gc()) 774M->774M(6144M) 330.512ms
[12.895s][info][gc,metaspace] GC(29) Metaspace: 21376K(21760K)->21376K(21760K) NonClass: 17634K(17856K)->17634K(17856K) Class: 3741K(3904K)->3741K(3904K)
[12.895s][info][gc          ] GC(29) Pause Full (System.gc()) 774M->774M(6144M) 351.737ms
[13.236s][info][gc,metaspace] GC(30) Metaspace: 21376K(21760K)->21376K(21760K) NonClass: 17634K(17856K)->17634K(17856K) Class: 3741K(3904K)->3741K(3904K)
[13.236s][info][gc          ] GC(30) Pause Full (System.gc()) 774M->774M(6144M) 341.328ms
[13.565s][info][gc,metaspace] GC(31) Metaspace: 21376K(21760K)->21376K(21760K) NonClass: 17634K(17856K)->17634K(17856K) Class: 3741K(3904K)->3741K(3904K)
[13.565s][info][gc          ] GC(31) Pause Full (System.gc()) 774M->774M(6144M) 328.733ms
[13.910s][info][gc,metaspace] GC(32) Metaspace: 21376K(21760K)->21376K(21760K) NonClass: 17634K(17856K)->17634K(17856K) Class: 3741K(3904K)->3741K(3904K)
[13.910s][info][gc          ] GC(32) Pause Full (System.gc()) 774M->774M(6144M) 344.744ms
[14.251s][info][gc,metaspace] GC(33) Metaspace: 21376K(21760K)->21376K(21760K) NonClass: 17634K(17856K)->17634K(17856K) Class: 3741K(3904K)->3741K(3904K)
[14.251s][info][gc          ] GC(33) Pause Full (System.gc()) 774M->774M(6144M) 341.319ms
[14.567s][info][gc,metaspace] GC(34) Metaspace: 21376K(21760K)->21376K(21760K) NonClass: 17634K(17856K)->17634K(17856K) Class: 3741K(3904K)->3741K(3904K)
[14.567s][info][gc          ] GC(34) Pause Full (System.gc()) 774M->774M(6144M) 315.881ms
[14.891s][info][gc,metaspace] GC(35) Metaspace: 21376K(21760K)->21376K(21760K) NonClass: 17634K(17856K)->17634K(17856K) Class: 3741K(3904K)->3741K(3904K)
[14.891s][info][gc          ] GC(35) Pause Full (System.gc()) 774M->774M(6144M) 324.274ms
[15.238s][info][gc,metaspace] GC(36) Metaspace: 21376K(21760K)->21376K(21760K) NonClass: 17634K(17856K)->17634K(17856K) Class: 3741K(3904K)->3741K(3904K)
[15.238s][info][gc          ] GC(36) Pause Full (System.gc()) 774M->774M(6144M) 346.610ms
[15.615s][info][gc,metaspace] GC(37) Metaspace: 21376K(21760K)->21376K(21760K) NonClass: 17634K(17856K)->17634K(17856K) Class: 3741K(3904K)->3741K(3904K)
[15.615s][info][gc          ] GC(37) Pause Full (System.gc()) 774M->774M(6144M) 373.141ms
[15.954s][info][gc,metaspace] GC(38) Metaspace: 21376K(21760K)->21376K(21760K) NonClass: 17634K(17856K)->17634K(17856K) Class: 3741K(3904K)->3741K(3904K)
[15.954s][info][gc          ] GC(38) Pause Full (System.gc()) 774M->774M(6144M) 338.394ms
[16.276s][info][gc,metaspace] GC(39) Metaspace: 21376K(21760K)->21376K(21760K) NonClass: 17634K(17856K)->17634K(17856K) Class: 3741K(3904K)->3741K(3904K)
[16.276s][info][gc          ] GC(39) Pause Full (System.gc()) 774M->774M(6144M) 321.665ms
[16.607s][info][gc,metaspace] GC(40) Metaspace: 21376K(21760K)->21376K(21760K) NonClass: 17634K(17856K)->17634K(17856K) Class: 3741K(3904K)->3741K(3904K)
[16.607s][info][gc          ] GC(40) Pause Full (System.gc()) 774M->774M(6144M) 331.773ms
[16.949s][info][gc,metaspace] GC(41) Metaspace: 21376K(21760K)->21376K(21760K) NonClass: 17634K(17856K)->17634K(17856K) Class: 3741K(3904K)->3741K(3904K)
[16.949s][info][gc          ] GC(41) Pause Full (System.gc()) 774M->774M(6144M) 341.347ms
[17.270s][info][gc,metaspace] GC(42) Metaspace: 21376K(21760K)->21376K(21760K) NonClass: 17634K(17856K)->17634K(17856K) Class: 3741K(3904K)->3741K(3904K)
[17.271s][info][gc          ] GC(42) Pause Full (System.gc()) 774M->774M(6144M) 321.592ms
[17.604s][info][gc,metaspace] GC(43) Metaspace: 21376K(21760K)->21376K(21760K) NonClass: 17634K(17856K)->17634K(17856K) Class: 3741K(3904K)->3741K(3904K)
[17.604s][info][gc          ] GC(43) Pause Full (System.gc()) 774M->774M(6144M) 333.109ms
[17.967s][info][gc,metaspace] GC(44) Metaspace: 21376K(21760K)->21376K(21760K) NonClass: 17634K(17856K)->17634K(17856K) Class: 3741K(3904K)->3741K(3904K)
[17.967s][info][gc          ] GC(44) Pause Full (System.gc()) 774M->774M(6144M) 362.969ms
[18.287s][info][gc,metaspace] GC(45) Metaspace: 21376K(21760K)->21376K(21760K) NonClass: 17634K(17856K)->17634K(17856K) Class: 3741K(3904K)->3741K(3904K)
[18.287s][info][gc          ] GC(45) Pause Full (System.gc()) 774M->774M(6144M) 320.335ms
[18.605s][info][gc,metaspace] GC(46) Metaspace: 21376K(21760K)->21376K(21760K) NonClass: 17634K(17856K)->17634K(17856K) Class: 3741K(3904K)->3741K(3904K)
[18.605s][info][gc          ] GC(46) Pause Full (System.gc()) 774M->774M(6144M) 317.570ms
[18.970s][info][gc,metaspace] GC(47) Metaspace: 21376K(21760K)->21376K(21760K) NonClass: 17634K(17856K)->17634K(17856K) Class: 3741K(3904K)->3741K(3904K)
[18.970s][info][gc          ] GC(47) Pause Full (System.gc()) 774M->774M(6144M) 365.330ms
[19.332s][info][gc,metaspace] GC(48) Metaspace: 21376K(21760K)->21376K(21760K) NonClass: 17634K(17856K)->17634K(17856K) Class: 3741K(3904K)->3741K(3904K)
[19.332s][info][gc          ] GC(48) Pause Full (System.gc()) 774M->774M(6144M) 361.314ms
[19.658s][info][gc,metaspace] GC(49) Metaspace: 21376K(21760K)->21376K(21760K) NonClass: 17634K(17856K)->17634K(17856K) Class: 3741K(3904K)->3741K(3904K)
[19.658s][info][gc          ] GC(49) Pause Full (System.gc()) 774M->774M(6144M) 326.332ms
[20.026s][info][gc,metaspace] GC(50) Metaspace: 21376K(21760K)->21376K(21760K) NonClass: 17634K(17856K)->17634K(17856K) Class: 3741K(3904K)->3741K(3904K)
[20.026s][info][gc          ] GC(50) Pause Full (System.gc()) 774M->774M(6144M) 367.859ms
[20.345s][info][gc,metaspace] GC(51) Metaspace: 21376K(21760K)->21376K(21760K) NonClass: 17634K(17856K)->17634K(17856K) Class: 3741K(3904K)->3741K(3904K)
[20.345s][info][gc          ] GC(51) Pause Full (System.gc()) 774M->774M(6144M) 319.302ms
[20.733s][info][gc,metaspace] GC(52) Metaspace: 21376K(21760K)->21376K(21760K) NonClass: 17634K(17856K)->17634K(17856K) Class: 3741K(3904K)->3741K(3904K)
[20.733s][info][gc          ] GC(52) Pause Full (System.gc()) 774M->774M(6144M) 383.024ms
[21.080s][info][gc,metaspace] GC(53) Metaspace: 21376K(21760K)->21376K(21760K) NonClass: 17634K(17856K)->17634K(17856K) Class: 3741K(3904K)->3741K(3904K)
[21.080s][info][gc          ] GC(53) Pause Full (System.gc()) 774M->774M(6144M) 347.789ms
[21.419s][info][gc,metaspace] GC(54) Metaspace: 21376K(21760K)->21376K(21760K) NonClass: 17634K(17856K)->17634K(17856K) Class: 3741K(3904K)->3741K(3904K)
[21.419s][info][gc          ] GC(54) Pause Full (System.gc()) 774M->774M(6144M) 338.703ms
[21.738s][info][gc,metaspace] GC(55) Metaspace: 21376K(21760K)->21376K(21760K) NonClass: 17634K(17856K)->17634K(17856K) Class: 3741K(3904K)->3741K(3904K)
[21.738s][info][gc          ] GC(55) Pause Full (System.gc()) 774M->774M(6144M) 318.402ms
[22.103s][info][gc,metaspace] GC(56) Metaspace: 21376K(21760K)->21376K(21760K) NonClass: 17634K(17856K)->17634K(17856K) Class: 3741K(3904K)->3741K(3904K)
[22.103s][info][gc          ] GC(56) Pause Full (System.gc()) 774M->774M(6144M) 365.250ms
[22.428s][info][gc,metaspace] GC(57) Metaspace: 21376K(21760K)->21376K(21760K) NonClass: 17634K(17856K)->17634K(17856K) Class: 3741K(3904K)->3741K(3904K)
[22.428s][info][gc          ] GC(57) Pause Full (System.gc()) 774M->774M(6144M) 324.596ms
[22.755s][info][gc,metaspace] GC(58) Metaspace: 21376K(21760K)->21376K(21760K) NonClass: 17634K(17856K)->17634K(17856K) Class: 3741K(3904K)->3741K(3904K)
[22.755s][info][gc          ] GC(58) Pause Full (System.gc()) 774M->774M(6144M) 327.393ms
[23.102s][info][gc,metaspace] GC(59) Metaspace: 21376K(21760K)->21376K(21760K) NonClass: 17634K(17856K)->17634K(17856K) Class: 3741K(3904K)->3741K(3904K)
[23.102s][info][gc          ] GC(59) Pause Full (System.gc()) 774M->774M(6144M) 346.867ms
[23.433s][info][gc,metaspace] GC(60) Metaspace: 21376K(21760K)->21376K(21760K) NonClass: 17634K(17856K)->17634K(17856K) Class: 3741K(3904K)->3741K(3904K)
[23.433s][info][gc          ] GC(60) Pause Full (System.gc()) 774M->774M(6144M) 331.382ms
[23.759s][info][gc,metaspace] GC(61) Metaspace: 21376K(21760K)->21376K(21760K) NonClass: 17634K(17856K)->17634K(17856K) Class: 3741K(3904K)->3741K(3904K)
[23.759s][info][gc          ] GC(61) Pause Full (System.gc()) 774M->774M(6144M) 325.185ms
[24.109s][info][gc,metaspace] GC(62) Metaspace: 21376K(21760K)->21376K(21760K) NonClass: 17634K(17856K)->17634K(17856K) Class: 3741K(3904K)->3741K(3904K)
[24.109s][info][gc          ] GC(62) Pause Full (System.gc()) 774M->774M(6144M) 349.907ms
[24.429s][info][gc,metaspace] GC(63) Metaspace: 21376K(21760K)->21376K(21760K) NonClass: 17634K(17856K)->17634K(17856K) Class: 3741K(3904K)->3741K(3904K)
[24.429s][info][gc          ] GC(63) Pause Full (System.gc()) 774M->774M(6144M) 319.980ms
[24.773s][info][gc,metaspace] GC(64) Metaspace: 21376K(21760K)->21376K(21760K) NonClass: 17634K(17856K)->17634K(17856K) Class: 3741K(3904K)->3741K(3904K)
[24.773s][info][gc          ] GC(64) Pause Full (System.gc()) 774M->774M(6144M) 343.897ms
[25.111s][info][gc,metaspace] GC(65) Metaspace: 21376K(21760K)->21376K(21760K) NonClass: 17634K(17856K)->17634K(17856K) Class: 3741K(3904K)->3741K(3904K)
[25.111s][info][gc          ] GC(65) Pause Full (System.gc()) 774M->774M(6144M) 338.216ms
[25.438s][info][gc,metaspace] GC(66) Metaspace: 21376K(21760K)->21376K(21760K) NonClass: 17634K(17856K)->17634K(17856K) Class: 3741K(3904K)->3741K(3904K)
[25.438s][info][gc          ] GC(66) Pause Full (System.gc()) 774M->774M(6144M) 326.851ms
[25.794s][info][gc,metaspace] GC(67) Metaspace: 21376K(21760K)->21376K(21760K) NonClass: 17634K(17856K)->17634K(17856K) Class: 3741K(3904K)->3741K(3904K)
[25.794s][info][gc          ] GC(67) Pause Full (System.gc()) 774M->774M(6144M) 351.441ms
[26.121s][info][gc,metaspace] GC(68) Metaspace: 21376K(21760K)->21376K(21760K) NonClass: 17634K(17856K)->17634K(17856K) Class: 3741K(3904K)->3741K(3904K)
[26.121s][info][gc          ] GC(68) Pause Full (System.gc()) 774M->774M(6144M) 327.316ms
[26.447s][info][gc,metaspace] GC(69) Metaspace: 21376K(21760K)->21376K(21760K) NonClass: 17634K(17856K)->17634K(17856K) Class: 3741K(3904K)->3741K(3904K)
[26.447s][info][gc          ] GC(69) Pause Full (System.gc()) 774M->774M(6144M) 325.791ms
[26.802s][info][gc,metaspace] GC(70) Metaspace: 21376K(21760K)->21376K(21760K) NonClass: 17634K(17856K)->17634K(17856K) Class: 3741K(3904K)->3741K(3904K)
[26.802s][info][gc          ] GC(70) Pause Full (System.gc()) 774M->774M(6144M) 354.927ms
[27.146s][info][gc,metaspace] GC(71) Metaspace: 21376K(21760K)->21376K(21760K) NonClass: 17634K(17856K)->17634K(17856K) Class: 3741K(3904K)->3741K(3904K)
[27.146s][info][gc          ] GC(71) Pause Full (System.gc()) 774M->774M(6144M) 343.816ms
[27.472s][info][gc,metaspace] GC(72) Metaspace: 21376K(21760K)->21376K(21760K) NonClass: 17634K(17856K)->17634K(17856K) Class: 3741K(3904K)->3741K(3904K)
[27.472s][info][gc          ] GC(72) Pause Full (System.gc()) 774M->774M(6144M) 325.959ms
[27.823s][info][gc,metaspace] GC(73) Metaspace: 21376K(21760K)->21376K(21760K) NonClass: 17634K(17856K)->17634K(17856K) Class: 3741K(3904K)->3741K(3904K)
[27.823s][info][gc          ] GC(73) Pause Full (System.gc()) 774M->774M(6144M) 351.170ms
[28.163s][info][gc,metaspace] GC(74) Metaspace: 21376K(21760K)->21376K(21760K) NonClass: 17634K(17856K)->17634K(17856K) Class: 3741K(3904K)->3741K(3904K)
[28.163s][info][gc          ] GC(74) Pause Full (System.gc()) 774M->774M(6144M) 340.024ms
[28.493s][info][gc,metaspace] GC(75) Metaspace: 21376K(21760K)->21376K(21760K) NonClass: 17634K(17856K)->17634K(17856K) Class: 3741K(3904K)->3741K(3904K)
[28.493s][info][gc          ] GC(75) Pause Full (System.gc()) 774M->774M(6144M) 329.552ms
[28.827s][info][gc,metaspace] GC(76) Metaspace: 21376K(21760K)->21376K(21760K) NonClass: 17634K(17856K)->17634K(17856K) Class: 3741K(3904K)->3741K(3904K)
[28.827s][info][gc          ] GC(76) Pause Full (System.gc()) 774M->774M(6144M) 334.620ms
[29.179s][info][gc,metaspace] GC(77) Metaspace: 21376K(21760K)->21376K(21760K) NonClass: 17634K(17856K)->17634K(17856K) Class: 3741K(3904K)->3741K(3904K)
[29.179s][info][gc          ] GC(77) Pause Full (System.gc()) 774M->774M(6144M) 351.480ms
[29.498s][info][gc,metaspace] GC(78) Metaspace: 21376K(21760K)->21376K(21760K) NonClass: 17634K(17856K)->17634K(17856K) Class: 3741K(3904K)->3741K(3904K)
[29.498s][info][gc          ] GC(78) Pause Full (System.gc()) 774M->774M(6144M) 319.399ms
[29.822s][info][gc,metaspace] GC(79) Metaspace: 21376K(21760K)->21376K(21760K) NonClass: 17634K(17856K)->17634K(17856K) Class: 3741K(3904K)->3741K(3904K)
[29.822s][info][gc          ] GC(79) Pause Full (System.gc()) 774M->774M(6144M) 323.338ms
[30.160s][info][gc,metaspace] GC(80) Metaspace: 21376K(21760K)->21376K(21760K) NonClass: 17634K(17856K)->17634K(17856K) Class: 3741K(3904K)->3741K(3904K)
[30.160s][info][gc          ] GC(80) Pause Full (System.gc()) 774M->774M(6144M) 338.039ms
[30.484s][info][gc,metaspace] GC(81) Metaspace: 21376K(21760K)->21376K(21760K) NonClass: 17634K(17856K)->17634K(17856K) Class: 3741K(3904K)->3741K(3904K)
[30.484s][info][gc          ] GC(81) Pause Full (System.gc()) 774M->774M(6144M) 323.740ms
[30.868s][info][gc,metaspace] GC(82) Metaspace: 21376K(21760K)->21376K(21760K) NonClass: 17634K(17856K)->17634K(17856K) Class: 3741K(3904K)->3741K(3904K)
[30.868s][info][gc          ] GC(82) Pause Full (System.gc()) 774M->774M(6144M) 379.862ms
[31.219s][info][gc,metaspace] GC(83) Metaspace: 21376K(21760K)->21376K(21760K) NonClass: 17634K(17856K)->17634K(17856K) Class: 3741K(3904K)->3741K(3904K)
[31.219s][info][gc          ] GC(83) Pause Full (System.gc()) 774M->774M(6144M) 350.969ms
[31.550s][info][gc,metaspace] GC(84) Metaspace: 21376K(21760K)->21376K(21760K) NonClass: 17634K(17856K)->17634K(17856K) Class: 3741K(3904K)->3741K(3904K)
[31.550s][info][gc          ] GC(84) Pause Full (System.gc()) 774M->774M(6144M) 330.842ms
[31.884s][info][gc,metaspace] GC(85) Metaspace: 21376K(21760K)->21376K(21760K) NonClass: 17634K(17856K)->17634K(17856K) Class: 3741K(3904K)->3741K(3904K)
[31.884s][info][gc          ] GC(85) Pause Full (System.gc()) 774M->774M(6144M) 333.681ms
[32.229s][info][gc,metaspace] GC(86) Metaspace: 21376K(21760K)->21376K(21760K) NonClass: 17634K(17856K)->17634K(17856K) Class: 3741K(3904K)->3741K(3904K)
[32.229s][info][gc          ] GC(86) Pause Full (System.gc()) 774M->774M(6144M) 345.678ms
[32.564s][info][gc,metaspace] GC(87) Metaspace: 21376K(21760K)->21376K(21760K) NonClass: 17634K(17856K)->17634K(17856K) Class: 3741K(3904K)->3741K(3904K)
[32.564s][info][gc          ] GC(87) Pause Full (System.gc()) 774M->774M(6144M) 334.938ms
[32.880s][info][gc,metaspace] GC(88) Metaspace: 21376K(21760K)->21376K(21760K) NonClass: 17634K(17856K)->17634K(17856K) Class: 3741K(3904K)->3741K(3904K)
[32.880s][info][gc          ] GC(88) Pause Full (System.gc()) 774M->774M(6144M) 315.832ms
[33.226s][info][gc,metaspace] GC(89) Metaspace: 21376K(21760K)->21376K(21760K) NonClass: 17634K(17856K)->17634K(17856K) Class: 3741K(3904K)->3741K(3904K)
[33.226s][info][gc          ] GC(89) Pause Full (System.gc()) 774M->774M(6144M) 345.934ms
[33.555s][info][gc,metaspace] GC(90) Metaspace: 21376K(21760K)->21376K(21760K) NonClass: 17634K(17856K)->17634K(17856K) Class: 3741K(3904K)->3741K(3904K)
[33.555s][info][gc          ] GC(90) Pause Full (System.gc()) 774M->774M(6144M) 328.441ms
[33.892s][info][gc,metaspace] GC(91) Metaspace: 21376K(21760K)->21376K(21760K) NonClass: 17634K(17856K)->17634K(17856K) Class: 3741K(3904K)->3741K(3904K)
[33.892s][info][gc          ] GC(91) Pause Full (System.gc()) 774M->774M(6144M) 337.497ms
[34.236s][info][gc,metaspace] GC(92) Metaspace: 21376K(21760K)->21376K(21760K) NonClass: 17634K(17856K)->17634K(17856K) Class: 3741K(3904K)->3741K(3904K)
[34.236s][info][gc          ] GC(92) Pause Full (System.gc()) 774M->774M(6144M) 343.831ms
[34.582s][info][gc,metaspace] GC(93) Metaspace: 21376K(21760K)->21376K(21760K) NonClass: 17634K(17856K)->17634K(17856K) Class: 3741K(3904K)->3741K(3904K)
[34.582s][info][gc          ] GC(93) Pause Full (System.gc()) 774M->774M(6144M) 345.378ms
[34.910s][info][gc,metaspace] GC(94) Metaspace: 21376K(21760K)->21376K(21760K) NonClass: 17634K(17856K)->17634K(17856K) Class: 3741K(3904K)->3741K(3904K)
[34.910s][info][gc          ] GC(94) Pause Full (System.gc()) 774M->774M(6144M) 328.605ms
[35.260s][info][gc,metaspace] GC(95) Metaspace: 21376K(21760K)->21376K(21760K) NonClass: 17634K(17856K)->17634K(17856K) Class: 3741K(3904K)->3741K(3904K)
[35.260s][info][gc          ] GC(95) Pause Full (System.gc()) 774M->774M(6144M) 349.118ms
[35.593s][info][gc,metaspace] GC(96) Metaspace: 21376K(21760K)->21376K(21760K) NonClass: 17634K(17856K)->17634K(17856K) Class: 3741K(3904K)->3741K(3904K)
[35.594s][info][gc          ] GC(96) Pause Full (System.gc()) 774M->774M(6144M) 333.871ms
[35.973s][info][gc,metaspace] GC(97) Metaspace: 21376K(21760K)->21376K(21760K) NonClass: 17634K(17856K)->17634K(17856K) Class: 3741K(3904K)->3741K(3904K)
[35.973s][info][gc          ] GC(97) Pause Full (System.gc()) 774M->774M(6144M) 374.887ms
[36.340s][info][gc,metaspace] GC(98) Metaspace: 21376K(21760K)->21376K(21760K) NonClass: 17634K(17856K)->17634K(17856K) Class: 3741K(3904K)->3741K(3904K)
[36.340s][info][gc          ] GC(98) Pause Full (System.gc()) 774M->774M(6144M) 367.019ms
[36.692s][info][gc,metaspace] GC(99) Metaspace: 21376K(21760K)->21376K(21760K) NonClass: 17634K(17856K)->17634K(17856K) Class: 3741K(3904K)->3741K(3904K)
[36.692s][info][gc          ] GC(99) Pause Full (System.gc()) 774M->774M(6144M) 351.996ms
[37.043s][info][gc,metaspace] GC(100) Metaspace: 21376K(21760K)->21376K(21760K) NonClass: 17634K(17856K)->17634K(17856K) Class: 3741K(3904K)->3741K(3904K)
[37.043s][info][gc          ] GC(100) Pause Full (System.gc()) 774M->774M(6144M) 351.430ms
[37.390s][info][gc,metaspace] GC(101) Metaspace: 21376K(21760K)->21376K(21760K) NonClass: 17634K(17856K)->17634K(17856K) Class: 3741K(3904K)->3741K(3904K)
[37.390s][info][gc          ] GC(101) Pause Full (System.gc()) 774M->774M(6144M) 346.390ms
After GCs... 
