Done; will start GCs... 
[34.538s][info][gc,metaspace] GC(22) Metaspace: 43575K(47360K)->43575K(47360K) NonClass: 33600K(35264K)->33600K(35264K) Class: 9974K(12096K)->9974K(12096K)
[34.538s][info][gc          ] GC(22) Pause Full (System.gc()) 1422M->1420M(6144M) 849.123ms
[35.320s][info][gc,metaspace] GC(23) Metaspace: 43575K(47360K)->43575K(47360K) NonClass: 33600K(35264K)->33600K(35264K) Class: 9974K(12096K)->9974K(12096K)
[35.320s][info][gc          ] GC(23) Pause Full (System.gc()) 1420M->1420M(6144M) 781.867ms
[36.117s][info][gc,metaspace] GC(24) Metaspace: 43575K(47360K)->43575K(47360K) NonClass: 33600K(35264K)->33600K(35264K) Class: 9974K(12096K)->9974K(12096K)
[36.117s][info][gc          ] GC(24) Pause Full (System.gc()) 1420M->1420M(6144M) 797.082ms
[36.858s][info][gc,metaspace] GC(25) Metaspace: 43575K(47360K)->43575K(47360K) NonClass: 33600K(35264K)->33600K(35264K) Class: 9974K(12096K)->9974K(12096K)
[36.858s][info][gc          ] GC(25) Pause Full (System.gc()) 1420M->1420M(6144M) 738.913ms
[37.593s][info][gc,metaspace] GC(26) Metaspace: 43575K(47360K)->43575K(47360K) NonClass: 33600K(35264K)->33600K(35264K) Class: 9974K(12096K)->9974K(12096K)
[37.593s][info][gc          ] GC(26) Pause Full (System.gc()) 1420M->1420M(6144M) 735.078ms
[38.370s][info][gc,metaspace] GC(27) Metaspace: 43575K(47360K)->43575K(47360K) NonClass: 33600K(35264K)->33600K(35264K) Class: 9974K(12096K)->9974K(12096K)
[38.370s][info][gc          ] GC(27) Pause Full (System.gc()) 1420M->1420M(6144M) 772.757ms
[39.176s][info][gc,metaspace] GC(28) Metaspace: 43575K(47360K)->43575K(47360K) NonClass: 33600K(35264K)->33600K(35264K) Class: 9974K(12096K)->9974K(12096K)
[39.176s][info][gc          ] GC(28) Pause Full (System.gc()) 1420M->1420M(6144M) 805.696ms
[39.924s][info][gc,metaspace] GC(29) Metaspace: 43575K(47360K)->43575K(47360K) NonClass: 33600K(35264K)->33600K(35264K) Class: 9974K(12096K)->9974K(12096K)
[39.924s][info][gc          ] GC(29) Pause Full (System.gc()) 1420M->1420M(6144M) 747.574ms
[40.668s][info][gc,metaspace] GC(30) Metaspace: 43575K(47360K)->43575K(47360K) NonClass: 33600K(35264K)->33600K(35264K) Class: 9974K(12096K)->9974K(12096K)
[40.668s][info][gc          ] GC(30) Pause Full (System.gc()) 1420M->1420M(6144M) 744.336ms
[41.474s][info][gc,metaspace] GC(31) Metaspace: 43575K(47360K)->43575K(47360K) NonClass: 33600K(35264K)->33600K(35264K) Class: 9974K(12096K)->9974K(12096K)
[41.474s][info][gc          ] GC(31) Pause Full (System.gc()) 1420M->1420M(6144M) 805.944ms
After GCs... 
