Done; will start GCs... 
[33.240s][info][gc,metaspace] GC(22) Metaspace: 43577K(47360K)->43577K(47360K) NonClass: 33602K(35264K)->33602K(35264K) Class: 9974K(12096K)->9974K(12096K)
[33.240s][info][gc          ] GC(22) Pause Full (System.gc()) 1422M->1420M(6144M) 630.777ms
[33.829s][info][gc,metaspace] GC(23) Metaspace: 43577K(47360K)->43577K(47360K) NonClass: 33602K(35264K)->33602K(35264K) Class: 9974K(12096K)->9974K(12096K)
[33.829s][info][gc          ] GC(23) Pause Full (System.gc()) 1420M->1420M(6144M) 589.685ms
[34.453s][info][gc,metaspace] GC(24) Metaspace: 43577K(47360K)->43577K(47360K) NonClass: 33602K(35264K)->33602K(35264K) Class: 9974K(12096K)->9974K(12096K)
[34.453s][info][gc          ] GC(24) Pause Full (System.gc()) 1420M->1420M(6144M) 623.558ms
[35.088s][info][gc,metaspace] GC(25) Metaspace: 43577K(47360K)->43577K(47360K) NonClass: 33602K(35264K)->33602K(35264K) Class: 9974K(12096K)->9974K(12096K)
[35.088s][info][gc          ] GC(25) Pause Full (System.gc()) 1420M->1420M(6144M) 634.409ms
[35.690s][info][gc,metaspace] GC(26) Metaspace: 43577K(47360K)->43577K(47360K) NonClass: 33602K(35264K)->33602K(35264K) Class: 9974K(12096K)->9974K(12096K)
[35.690s][info][gc          ] GC(26) Pause Full (System.gc()) 1420M->1420M(6144M) 601.366ms
[36.305s][info][gc,metaspace] GC(27) Metaspace: 43577K(47360K)->43577K(47360K) NonClass: 33602K(35264K)->33602K(35264K) Class: 9974K(12096K)->9974K(12096K)
[36.305s][info][gc          ] GC(27) Pause Full (System.gc()) 1420M->1420M(6144M) 614.891ms
[36.871s][info][gc,metaspace] GC(28) Metaspace: 43577K(47360K)->43577K(47360K) NonClass: 33602K(35264K)->33602K(35264K) Class: 9974K(12096K)->9974K(12096K)
[36.871s][info][gc          ] GC(28) Pause Full (System.gc()) 1420M->1420M(6144M) 566.410ms
[37.496s][info][gc,metaspace] GC(29) Metaspace: 43577K(47360K)->43577K(47360K) NonClass: 33602K(35264K)->33602K(35264K) Class: 9974K(12096K)->9974K(12096K)
[37.496s][info][gc          ] GC(29) Pause Full (System.gc()) 1420M->1420M(6144M) 624.343ms
[38.114s][info][gc,metaspace] GC(30) Metaspace: 43577K(47360K)->43577K(47360K) NonClass: 33602K(35264K)->33602K(35264K) Class: 9974K(12096K)->9974K(12096K)
[38.114s][info][gc          ] GC(30) Pause Full (System.gc()) 1420M->1420M(6144M) 618.042ms
[38.708s][info][gc,metaspace] GC(31) Metaspace: 43577K(47360K)->43577K(47360K) NonClass: 33602K(35264K)->33602K(35264K) Class: 9974K(12096K)->9974K(12096K)
[38.708s][info][gc          ] GC(31) Pause Full (System.gc()) 1420M->1420M(6144M) 593.572ms
After GCs... 
