[0.002s][info][metaspace]  - commit_granule_bytes: 65536.
[0.002s][info][metaspace]  - commit_granule_words: 8192.
[0.002s][info][metaspace]  - virtual_space_node_default_size: 8388608.
[0.002s][info][metaspace]  - enlarge_chunks_in_place: 1.
[0.002s][info][metaspace]  - use_allocation_guard: 0.
[0.004s][info][gc       ] Using G1
[0.331s][info][metaspace] Reserving compressed class space anywhere
[0.331s][info][gc,metaspace] CDS archive(s) not mapped
[0.331s][info][gc,metaspace] Compressed class space mapped at: 0x000000001a000000-0x00000000da000000, reserved size: 3221225472
[0.331s][info][gc,metaspace] UseCompressedClassPointers 1, UseCompactObjectHeaders 1, narrow klass pointer bits 22, max shift 10
[0.331s][info][gc,metaspace] Narrow klass base: 0x000000001a000000, Narrow klass shift: 10, Narrow klass range: 0xc0000000
Random Seed: 12345678
Num Classes: 16
Num Objects: 67108864
Percent IK Objects: 83.0%)
Percent OAK Objects: 5.0%)
Percent TAK Objects: 12.0%)
Cycles: 50
Loading 16 pre-generated classes ...
Materialize pre-generated constructors ...
Creating objects...
[0.557s][info][gc,metaspace] GC(0) Metaspace: 11168K(11456K)->11168K(11456K) NonClass: 9377K(9536K)->9377K(9536K) Class: 1790K(1920K)->1790K(1920K)
[0.557s][info][gc          ] GC(0) Pause Full (System.gc()) 19M->2M(6144M) 9.015ms
[0.866s][info][gc,metaspace] GC(1) Metaspace: 11230K(11584K)->11230K(11584K) NonClass: 9429K(9600K)->9429K(9600K) Class: 1800K(1984K)->1800K(1984K)
[0.866s][info][gc          ] GC(1) Pause Young (Normal) (G1 Evacuation Pause) 566M->295M(6144M) 19.373ms
[1.041s][info][gc,metaspace] GC(2) Metaspace: 11230K(11584K)->11230K(11584K) NonClass: 9429K(9600K)->9429K(9600K) Class: 1800K(1984K)->1800K(1984K)
[1.041s][info][gc          ] GC(2) Pause Young (Normal) (G1 Evacuation Pause) 563M->328M(6144M) 32.806ms
[1.211s][info][gc,metaspace] GC(3) Metaspace: 11230K(11584K)->11230K(11584K) NonClass: 9429K(9600K)->9429K(9600K) Class: 1800K(1984K)->1800K(1984K)
[1.211s][info][gc          ] GC(3) Pause Young (Normal) (G1 Evacuation Pause) 596M->357M(6144M) 25.149ms
[1.384s][info][gc,metaspace] GC(4) Metaspace: 11230K(11584K)->11230K(11584K) NonClass: 9429K(9600K)->9429K(9600K) Class: 1800K(1984K)->1800K(1984K)
[1.384s][info][gc          ] GC(4) Pause Young (Normal) (G1 Evacuation Pause) 629M->389M(6144M) 26.529ms
[1.562s][info][gc,metaspace] GC(5) Metaspace: 11230K(11584K)->11230K(11584K) NonClass: 9429K(9600K)->9429K(9600K) Class: 1800K(1984K)->1800K(1984K)
[1.562s][info][gc          ] GC(5) Pause Young (Normal) (G1 Evacuation Pause) 661M->421M(6144M) 25.098ms
[1.733s][info][gc,metaspace] GC(6) Metaspace: 11230K(11584K)->11230K(11584K) NonClass: 9429K(9600K)->9429K(9600K) Class: 1800K(1984K)->1800K(1984K)
[1.733s][info][gc          ] GC(6) Pause Young (Normal) (G1 Evacuation Pause) 693M->455M(6144M) 25.838ms
[1.894s][info][gc,metaspace] GC(7) Metaspace: 11230K(11584K)->11230K(11584K) NonClass: 9429K(9600K)->9429K(9600K) Class: 1800K(1984K)->1800K(1984K)
[1.894s][info][gc          ] GC(7) Pause Young (Normal) (G1 Evacuation Pause) 727M->483M(6144M) 24.312ms
[2.048s][info][gc,metaspace] GC(8) Metaspace: 11230K(11584K)->11230K(11584K) NonClass: 9429K(9600K)->9429K(9600K) Class: 1800K(1984K)->1800K(1984K)
[2.048s][info][gc          ] GC(8) Pause Young (Normal) (G1 Evacuation Pause) 755M->509M(6144M) 23.861ms
[2.284s][info][gc,metaspace] GC(9) Metaspace: 11230K(11584K)->11230K(11584K) NonClass: 9429K(9600K)->9429K(9600K) Class: 1800K(1984K)->1800K(1984K)
[2.284s][info][gc          ] GC(9) Pause Young (Normal) (G1 Evacuation Pause) 925M->549M(6144M) 31.488ms
[2.476s][info][gc,metaspace] GC(10) Metaspace: 11230K(11584K)->11230K(11584K) NonClass: 9429K(9600K)->9429K(9600K) Class: 1800K(1984K)->1800K(1984K)
[2.476s][info][gc          ] GC(10) Pause Young (Normal) (G1 Evacuation Pause) 869M->588M(6144M) 40.394ms
[2.730s][info][gc,metaspace] GC(11) Metaspace: 11230K(11584K)->11230K(11584K) NonClass: 9429K(9600K)->9429K(9600K) Class: 1800K(1984K)->1800K(1984K)
[2.730s][info][gc          ] GC(11) Pause Young (Normal) (G1 Evacuation Pause) 1032M->627M(6144M) 35.725ms
[2.987s][info][gc,metaspace] GC(12) Metaspace: 11230K(11584K)->11230K(11584K) NonClass: 9429K(9600K)->9429K(9600K) Class: 1800K(1984K)->1800K(1984K)
[2.987s][info][gc          ] GC(12) Pause Young (Normal) (G1 Evacuation Pause) 1071M->671M(6144M) 45.502ms
[3.291s][info][gc,metaspace] GC(13) Metaspace: 11230K(11584K)->11230K(11584K) NonClass: 9429K(9600K)->9429K(9600K) Class: 1800K(1984K)->1800K(1984K)
[3.291s][info][gc          ] GC(13) Pause Young (Normal) (G1 Evacuation Pause) 1199M->723M(6144M) 54.951ms
[3.607s][info][gc,metaspace] GC(14) Metaspace: 11230K(11584K)->11230K(11584K) NonClass: 9429K(9600K)->9429K(9600K) Class: 1800K(1984K)->1800K(1984K)
[3.607s][info][gc          ] GC(14) Pause Young (Normal) (G1 Evacuation Pause) 1259M->778M(6144M) 60.242ms
[3.954s][info][gc,metaspace] GC(15) Metaspace: 11230K(11584K)->11230K(11584K) NonClass: 9429K(9600K)->9429K(9600K) Class: 1800K(1984K)->1800K(1984K)
[3.954s][info][gc          ] GC(15) Pause Young (Normal) (G1 Evacuation Pause) 1378M->838M(6144M) 58.353ms
[4.343s][info][gc,metaspace] GC(16) Metaspace: 11230K(11584K)->11230K(11584K) NonClass: 9429K(9600K)->9429K(9600K) Class: 1800K(1984K)->1800K(1984K)
[4.343s][info][gc          ] GC(16) Pause Young (Normal) (G1 Evacuation Pause) 1498M->902M(6144M) 75.655ms
[4.811s][info][gc,metaspace] GC(17) Metaspace: 11230K(11584K)->11230K(11584K) NonClass: 9429K(9600K)->9429K(9600K) Class: 1800K(1984K)->1800K(1984K)
[4.811s][info][gc          ] GC(17) Pause Young (Normal) (G1 Evacuation Pause) 1614M->975M(6144M) 82.304ms
[5.248s][info][gc,metaspace] GC(18) Metaspace: 11230K(11584K)->11230K(11584K) NonClass: 9429K(9600K)->9429K(9600K) Class: 1800K(1984K)->1800K(1984K)
[5.248s][info][gc          ] GC(18) Pause Young (Normal) (G1 Evacuation Pause) 1743M->1058M(6144M) 85.281ms
[5.789s][info][gc,metaspace] GC(19) Metaspace: 11230K(11584K)->11230K(11584K) NonClass: 9429K(9600K)->9429K(9600K) Class: 1800K(1984K)->1800K(1984K)
[5.789s][info][gc          ] GC(19) Pause Young (Normal) (G1 Evacuation Pause) 1954M->1146M(6144M) 76.551ms
[6.325s][info][gc,metaspace] GC(20) Metaspace: 11230K(11584K)->11230K(11584K) NonClass: 9429K(9600K)->9429K(9600K) Class: 1800K(1984K)->1800K(1984K)
[6.325s][info][gc          ] GC(20) Pause Young (Normal) (G1 Evacuation Pause) 2094M->1240M(6144M) 88.930ms
[6.902s][info][gc,metaspace] GC(21) Metaspace: 11230K(11584K)->11230K(11584K) NonClass: 9429K(9600K)->9429K(9600K) Class: 1800K(1984K)->1800K(1984K)
[6.902s][info][gc          ] GC(21) Pause Young (Normal) (G1 Evacuation Pause) 2264M->1340M(6144M) 94.832ms
[7.510s][info][gc,metaspace] GC(22) Metaspace: 11230K(11584K)->11230K(11584K) NonClass: 9429K(9600K)->9429K(9600K) Class: 1800K(1984K)->1800K(1984K)
[7.510s][info][gc          ] GC(22) Pause Young (Normal) (G1 Evacuation Pause) 2428M->1454M(6144M) 96.627ms
67108864 Objects created
 - IK: 55699211 (82.99829%)
 - OAK: 3355627 (5.0002737%)
 - TAK: 8054026 (12.001434%)
Preparatory GC...
[8.812s][info][gc,metaspace] GC(23) Metaspace: 11230K(11584K)->11230K(11584K) NonClass: 9429K(9600K)->9429K(9600K) Class: 1800K(1984K)->1800K(1984K)
[8.812s][info][gc          ] GC(23) Pause Full (System.gc()) 2532M->1450M(6144M) 751.175ms
[9.427s][info][gc,metaspace] GC(24) Metaspace: 11230K(11584K)->11230K(11584K) NonClass: 9429K(9600K)->9429K(9600K) Class: 1800K(1984K)->1800K(1984K)
[9.427s][info][gc          ] GC(24) Pause Full (System.gc()) 1450M->1450M(6144M) 614.798ms
Done; will start GCs... 
[10.025s][info][gc,metaspace] GC(25) Metaspace: 11230K(11584K)->11230K(11584K) NonClass: 9429K(9600K)->9429K(9600K) Class: 1800K(1984K)->1800K(1984K)
[10.025s][info][gc          ] GC(25) Pause Full (System.gc()) 1452M->1450M(6144M) 597.463ms
[10.642s][info][gc,metaspace] GC(26) Metaspace: 11230K(11584K)->11230K(11584K) NonClass: 9429K(9600K)->9429K(9600K) Class: 1800K(1984K)->1800K(1984K)
[10.642s][info][gc          ] GC(26) Pause Full (System.gc()) 1450M->1450M(6144M) 617.316ms
[11.251s][info][gc,metaspace] GC(27) Metaspace: 11230K(11584K)->11230K(11584K) NonClass: 9429K(9600K)->9429K(9600K) Class: 1800K(1984K)->1800K(1984K)
[11.251s][info][gc          ] GC(27) Pause Full (System.gc()) 1450M->1450M(6144M) 608.653ms
[11.803s][info][gc,metaspace] GC(28) Metaspace: 11230K(11584K)->11230K(11584K) NonClass: 9429K(9600K)->9429K(9600K) Class: 1800K(1984K)->1800K(1984K)
[11.803s][info][gc          ] GC(28) Pause Full (System.gc()) 1450M->1450M(6144M) 552.451ms
[12.360s][info][gc,metaspace] GC(29) Metaspace: 11230K(11584K)->11230K(11584K) NonClass: 9429K(9600K)->9429K(9600K) Class: 1800K(1984K)->1800K(1984K)
[12.360s][info][gc          ] GC(29) Pause Full (System.gc()) 1450M->1450M(6144M) 556.366ms
[12.920s][info][gc,metaspace] GC(30) Metaspace: 11230K(11584K)->11230K(11584K) NonClass: 9429K(9600K)->9429K(9600K) Class: 1800K(1984K)->1800K(1984K)
[12.920s][info][gc          ] GC(30) Pause Full (System.gc()) 1450M->1450M(6144M) 559.724ms
[13.481s][info][gc,metaspace] GC(31) Metaspace: 11230K(11584K)->11230K(11584K) NonClass: 9429K(9600K)->9429K(9600K) Class: 1800K(1984K)->1800K(1984K)
[13.481s][info][gc          ] GC(31) Pause Full (System.gc()) 1450M->1450M(6144M) 561.491ms
[14.041s][info][gc,metaspace] GC(32) Metaspace: 11230K(11584K)->11230K(11584K) NonClass: 9429K(9600K)->9429K(9600K) Class: 1800K(1984K)->1800K(1984K)
[14.041s][info][gc          ] GC(32) Pause Full (System.gc()) 1450M->1450M(6144M) 560.231ms
[14.600s][info][gc,metaspace] GC(33) Metaspace: 11230K(11584K)->11230K(11584K) NonClass: 9429K(9600K)->9429K(9600K) Class: 1800K(1984K)->1800K(1984K)
[14.600s][info][gc          ] GC(33) Pause Full (System.gc()) 1450M->1450M(6144M) 558.659ms
[15.158s][info][gc,metaspace] GC(34) Metaspace: 11230K(11584K)->11230K(11584K) NonClass: 9429K(9600K)->9429K(9600K) Class: 1800K(1984K)->1800K(1984K)
[15.158s][info][gc          ] GC(34) Pause Full (System.gc()) 1450M->1450M(6144M) 557.864ms
[15.716s][info][gc,metaspace] GC(35) Metaspace: 11230K(11584K)->11230K(11584K) NonClass: 9429K(9600K)->9429K(9600K) Class: 1800K(1984K)->1800K(1984K)
[15.716s][info][gc          ] GC(35) Pause Full (System.gc()) 1450M->1450M(6144M) 557.437ms
[16.271s][info][gc,metaspace] GC(36) Metaspace: 11230K(11584K)->11230K(11584K) NonClass: 9429K(9600K)->9429K(9600K) Class: 1800K(1984K)->1800K(1984K)
[16.271s][info][gc          ] GC(36) Pause Full (System.gc()) 1450M->1450M(6144M) 554.991ms
[16.829s][info][gc,metaspace] GC(37) Metaspace: 11230K(11584K)->11230K(11584K) NonClass: 9429K(9600K)->9429K(9600K) Class: 1800K(1984K)->1800K(1984K)
[16.829s][info][gc          ] GC(37) Pause Full (System.gc()) 1450M->1450M(6144M) 558.015ms
[17.386s][info][gc,metaspace] GC(38) Metaspace: 11230K(11584K)->11230K(11584K) NonClass: 9429K(9600K)->9429K(9600K) Class: 1800K(1984K)->1800K(1984K)
[17.386s][info][gc          ] GC(38) Pause Full (System.gc()) 1450M->1450M(6144M) 557.510ms
[17.946s][info][gc,metaspace] GC(39) Metaspace: 11230K(11584K)->11230K(11584K) NonClass: 9429K(9600K)->9429K(9600K) Class: 1800K(1984K)->1800K(1984K)
[17.946s][info][gc          ] GC(39) Pause Full (System.gc()) 1450M->1450M(6144M) 559.212ms
[18.500s][info][gc,metaspace] GC(40) Metaspace: 11230K(11584K)->11230K(11584K) NonClass: 9429K(9600K)->9429K(9600K) Class: 1800K(1984K)->1800K(1984K)
[18.500s][info][gc          ] GC(40) Pause Full (System.gc()) 1450M->1450M(6144M) 554.719ms
[19.060s][info][gc,metaspace] GC(41) Metaspace: 11230K(11584K)->11230K(11584K) NonClass: 9429K(9600K)->9429K(9600K) Class: 1800K(1984K)->1800K(1984K)
[19.060s][info][gc          ] GC(41) Pause Full (System.gc()) 1450M->1450M(6144M) 559.582ms
[19.617s][info][gc,metaspace] GC(42) Metaspace: 11230K(11584K)->11230K(11584K) NonClass: 9429K(9600K)->9429K(9600K) Class: 1800K(1984K)->1800K(1984K)
[19.617s][info][gc          ] GC(42) Pause Full (System.gc()) 1450M->1450M(6144M) 557.326ms
[20.173s][info][gc,metaspace] GC(43) Metaspace: 11230K(11584K)->11230K(11584K) NonClass: 9429K(9600K)->9429K(9600K) Class: 1800K(1984K)->1800K(1984K)
[20.173s][info][gc          ] GC(43) Pause Full (System.gc()) 1450M->1450M(6144M) 555.386ms
[20.729s][info][gc,metaspace] GC(44) Metaspace: 11230K(11584K)->11230K(11584K) NonClass: 9429K(9600K)->9429K(9600K) Class: 1800K(1984K)->1800K(1984K)
[20.729s][info][gc          ] GC(44) Pause Full (System.gc()) 1450M->1450M(6144M) 556.410ms
[21.287s][info][gc,metaspace] GC(45) Metaspace: 11230K(11584K)->11230K(11584K) NonClass: 9429K(9600K)->9429K(9600K) Class: 1800K(1984K)->1800K(1984K)
[21.287s][info][gc          ] GC(45) Pause Full (System.gc()) 1450M->1450M(6144M) 557.907ms
[21.843s][info][gc,metaspace] GC(46) Metaspace: 11230K(11584K)->11230K(11584K) NonClass: 9429K(9600K)->9429K(9600K) Class: 1800K(1984K)->1800K(1984K)
[21.843s][info][gc          ] GC(46) Pause Full (System.gc()) 1450M->1450M(6144M) 555.960ms
[22.399s][info][gc,metaspace] GC(47) Metaspace: 11230K(11584K)->11230K(11584K) NonClass: 9429K(9600K)->9429K(9600K) Class: 1800K(1984K)->1800K(1984K)
[22.399s][info][gc          ] GC(47) Pause Full (System.gc()) 1450M->1450M(6144M) 555.337ms
[22.962s][info][gc,metaspace] GC(48) Metaspace: 11230K(11584K)->11230K(11584K) NonClass: 9429K(9600K)->9429K(9600K) Class: 1800K(1984K)->1800K(1984K)
[22.962s][info][gc          ] GC(48) Pause Full (System.gc()) 1450M->1450M(6144M) 562.802ms
[23.519s][info][gc,metaspace] GC(49) Metaspace: 11230K(11584K)->11230K(11584K) NonClass: 9429K(9600K)->9429K(9600K) Class: 1800K(1984K)->1800K(1984K)
[23.519s][info][gc          ] GC(49) Pause Full (System.gc()) 1450M->1450M(6144M) 557.563ms
[24.080s][info][gc,metaspace] GC(50) Metaspace: 11230K(11584K)->11230K(11584K) NonClass: 9429K(9600K)->9429K(9600K) Class: 1800K(1984K)->1800K(1984K)
[24.081s][info][gc          ] GC(50) Pause Full (System.gc()) 1450M->1450M(6144M) 561.187ms
[24.642s][info][gc,metaspace] GC(51) Metaspace: 11230K(11584K)->11230K(11584K) NonClass: 9429K(9600K)->9429K(9600K) Class: 1800K(1984K)->1800K(1984K)
[24.642s][info][gc          ] GC(51) Pause Full (System.gc()) 1450M->1450M(6144M) 561.464ms
[25.200s][info][gc,metaspace] GC(52) Metaspace: 11230K(11584K)->11230K(11584K) NonClass: 9429K(9600K)->9429K(9600K) Class: 1800K(1984K)->1800K(1984K)
[25.200s][info][gc          ] GC(52) Pause Full (System.gc()) 1450M->1450M(6144M) 557.843ms
[25.757s][info][gc,metaspace] GC(53) Metaspace: 11230K(11584K)->11230K(11584K) NonClass: 9429K(9600K)->9429K(9600K) Class: 1800K(1984K)->1800K(1984K)
[25.757s][info][gc          ] GC(53) Pause Full (System.gc()) 1450M->1450M(6144M) 557.399ms
[26.314s][info][gc,metaspace] GC(54) Metaspace: 11230K(11584K)->11230K(11584K) NonClass: 9429K(9600K)->9429K(9600K) Class: 1800K(1984K)->1800K(1984K)
[26.314s][info][gc          ] GC(54) Pause Full (System.gc()) 1450M->1450M(6144M) 556.053ms
[26.870s][info][gc,metaspace] GC(55) Metaspace: 11230K(11584K)->11230K(11584K) NonClass: 9429K(9600K)->9429K(9600K) Class: 1800K(1984K)->1800K(1984K)
[26.870s][info][gc          ] GC(55) Pause Full (System.gc()) 1450M->1450M(6144M) 556.709ms
[27.430s][info][gc,metaspace] GC(56) Metaspace: 11230K(11584K)->11230K(11584K) NonClass: 9429K(9600K)->9429K(9600K) Class: 1800K(1984K)->1800K(1984K)
[27.430s][info][gc          ] GC(56) Pause Full (System.gc()) 1450M->1450M(6144M) 559.440ms
[27.987s][info][gc,metaspace] GC(57) Metaspace: 11230K(11584K)->11230K(11584K) NonClass: 9429K(9600K)->9429K(9600K) Class: 1800K(1984K)->1800K(1984K)
[27.987s][info][gc          ] GC(57) Pause Full (System.gc()) 1450M->1450M(6144M) 557.199ms
[28.546s][info][gc,metaspace] GC(58) Metaspace: 11230K(11584K)->11230K(11584K) NonClass: 9429K(9600K)->9429K(9600K) Class: 1800K(1984K)->1800K(1984K)
[28.546s][info][gc          ] GC(58) Pause Full (System.gc()) 1450M->1450M(6144M) 559.212ms
[29.103s][info][gc,metaspace] GC(59) Metaspace: 11230K(11584K)->11230K(11584K) NonClass: 9429K(9600K)->9429K(9600K) Class: 1800K(1984K)->1800K(1984K)
[29.103s][info][gc          ] GC(59) Pause Full (System.gc()) 1450M->1450M(6144M) 556.524ms
[29.664s][info][gc,metaspace] GC(60) Metaspace: 11230K(11584K)->11230K(11584K) NonClass: 9429K(9600K)->9429K(9600K) Class: 1800K(1984K)->1800K(1984K)
[29.664s][info][gc          ] GC(60) Pause Full (System.gc()) 1450M->1450M(6144M) 560.854ms
[30.220s][info][gc,metaspace] GC(61) Metaspace: 11230K(11584K)->11230K(11584K) NonClass: 9429K(9600K)->9429K(9600K) Class: 1800K(1984K)->1800K(1984K)
[30.220s][info][gc          ] GC(61) Pause Full (System.gc()) 1450M->1450M(6144M) 555.843ms
[30.780s][info][gc,metaspace] GC(62) Metaspace: 11230K(11584K)->11230K(11584K) NonClass: 9429K(9600K)->9429K(9600K) Class: 1800K(1984K)->1800K(1984K)
[30.780s][info][gc          ] GC(62) Pause Full (System.gc()) 1450M->1450M(6144M) 559.979ms
[31.336s][info][gc,metaspace] GC(63) Metaspace: 11230K(11584K)->11230K(11584K) NonClass: 9429K(9600K)->9429K(9600K) Class: 1800K(1984K)->1800K(1984K)
[31.336s][info][gc          ] GC(63) Pause Full (System.gc()) 1450M->1450M(6144M) 555.616ms
[31.889s][info][gc,metaspace] GC(64) Metaspace: 11230K(11584K)->11230K(11584K) NonClass: 9429K(9600K)->9429K(9600K) Class: 1800K(1984K)->1800K(1984K)
[31.889s][info][gc          ] GC(64) Pause Full (System.gc()) 1450M->1450M(6144M) 553.100ms
[32.443s][info][gc,metaspace] GC(65) Metaspace: 11230K(11584K)->11230K(11584K) NonClass: 9429K(9600K)->9429K(9600K) Class: 1800K(1984K)->1800K(1984K)
[32.443s][info][gc          ] GC(65) Pause Full (System.gc()) 1450M->1450M(6144M) 554.512ms
[33.004s][info][gc,metaspace] GC(66) Metaspace: 11230K(11584K)->11230K(11584K) NonClass: 9429K(9600K)->9429K(9600K) Class: 1800K(1984K)->1800K(1984K)
[33.004s][info][gc          ] GC(66) Pause Full (System.gc()) 1450M->1450M(6144M) 560.583ms
[33.568s][info][gc,metaspace] GC(67) Metaspace: 11230K(11584K)->11230K(11584K) NonClass: 9429K(9600K)->9429K(9600K) Class: 1800K(1984K)->1800K(1984K)
[33.568s][info][gc          ] GC(67) Pause Full (System.gc()) 1450M->1450M(6144M) 563.910ms
[34.129s][info][gc,metaspace] GC(68) Metaspace: 11230K(11584K)->11230K(11584K) NonClass: 9429K(9600K)->9429K(9600K) Class: 1800K(1984K)->1800K(1984K)
[34.129s][info][gc          ] GC(68) Pause Full (System.gc()) 1450M->1450M(6144M) 560.650ms
[34.689s][info][gc,metaspace] GC(69) Metaspace: 11230K(11584K)->11230K(11584K) NonClass: 9429K(9600K)->9429K(9600K) Class: 1800K(1984K)->1800K(1984K)
[34.689s][info][gc          ] GC(69) Pause Full (System.gc()) 1450M->1450M(6144M) 560.065ms
[35.249s][info][gc,metaspace] GC(70) Metaspace: 11230K(11584K)->11230K(11584K) NonClass: 9429K(9600K)->9429K(9600K) Class: 1800K(1984K)->1800K(1984K)
[35.250s][info][gc          ] GC(70) Pause Full (System.gc()) 1450M->1450M(6144M) 560.663ms
[35.810s][info][gc,metaspace] GC(71) Metaspace: 11230K(11584K)->11230K(11584K) NonClass: 9429K(9600K)->9429K(9600K) Class: 1800K(1984K)->1800K(1984K)
[35.810s][info][gc          ] GC(71) Pause Full (System.gc()) 1450M->1450M(6144M) 560.183ms
[36.371s][info][gc,metaspace] GC(72) Metaspace: 11230K(11584K)->11230K(11584K) NonClass: 9429K(9600K)->9429K(9600K) Class: 1800K(1984K)->1800K(1984K)
[36.371s][info][gc          ] GC(72) Pause Full (System.gc()) 1450M->1450M(6144M) 560.840ms
[36.927s][info][gc,metaspace] GC(73) Metaspace: 11230K(11584K)->11230K(11584K) NonClass: 9429K(9600K)->9429K(9600K) Class: 1800K(1984K)->1800K(1984K)
[36.927s][info][gc          ] GC(73) Pause Full (System.gc()) 1450M->1450M(6144M) 556.400ms
[37.486s][info][gc,metaspace] GC(74) Metaspace: 11230K(11584K)->11230K(11584K) NonClass: 9429K(9600K)->9429K(9600K) Class: 1800K(1984K)->1800K(1984K)
[37.486s][info][gc          ] GC(74) Pause Full (System.gc()) 1450M->1450M(6144M) 559.056ms
After GCs... 
