Done; will start GCs... 
[10.504s][info][gc,metaspace] GC(25) Metaspace: 11251K(11584K)->11251K(11584K) NonClass: 9451K(9600K)->9451K(9600K) Class: 1800K(1984K)->1800K(1984K)
[10.504s][info][gc          ] GC(25) Pause Full (System.gc()) 1452M->1450M(6144M) 602.618ms
[11.091s][info][gc,metaspace] GC(26) Metaspace: 11251K(11584K)->11251K(11584K) NonClass: 9451K(9600K)->9451K(9600K) Class: 1800K(1984K)->1800K(1984K)
[11.091s][info][gc          ] GC(26) Pause Full (System.gc()) 1450M->1450M(6144M) 586.542ms
[11.691s][info][gc,metaspace] GC(27) Metaspace: 11251K(11584K)->11251K(11584K) NonClass: 9451K(9600K)->9451K(9600K) Class: 1800K(1984K)->1800K(1984K)
[11.691s][info][gc          ] GC(27) Pause Full (System.gc()) 1450M->1450M(6144M) 599.861ms
[12.288s][info][gc,metaspace] GC(28) Metaspace: 11251K(11584K)->11251K(11584K) NonClass: 9451K(9600K)->9451K(9600K) Class: 1800K(1984K)->1800K(1984K)
[12.288s][info][gc          ] GC(28) Pause Full (System.gc()) 1450M->1450M(6144M) 597.065ms
[12.832s][info][gc,metaspace] GC(29) Metaspace: 11251K(11584K)->11251K(11584K) NonClass: 9451K(9600K)->9451K(9600K) Class: 1800K(1984K)->1800K(1984K)
[12.832s][info][gc          ] GC(29) Pause Full (System.gc()) 1450M->1450M(6144M) 543.732ms
[13.382s][info][gc,metaspace] GC(30) Metaspace: 11251K(11584K)->11251K(11584K) NonClass: 9451K(9600K)->9451K(9600K) Class: 1800K(1984K)->1800K(1984K)
[13.382s][info][gc          ] GC(30) Pause Full (System.gc()) 1450M->1450M(6144M) 549.713ms
[13.928s][info][gc,metaspace] GC(31) Metaspace: 11251K(11584K)->11251K(11584K) NonClass: 9451K(9600K)->9451K(9600K) Class: 1800K(1984K)->1800K(1984K)
[13.928s][info][gc          ] GC(31) Pause Full (System.gc()) 1450M->1450M(6144M) 546.143ms
[14.476s][info][gc,metaspace] GC(32) Metaspace: 11251K(11584K)->11251K(11584K) NonClass: 9451K(9600K)->9451K(9600K) Class: 1800K(1984K)->1800K(1984K)
[14.476s][info][gc          ] GC(32) Pause Full (System.gc()) 1450M->1450M(6144M) 544.153ms
[15.022s][info][gc,metaspace] GC(33) Metaspace: 11251K(11584K)->11251K(11584K) NonClass: 9451K(9600K)->9451K(9600K) Class: 1800K(1984K)->1800K(1984K)
[15.022s][info][gc          ] GC(33) Pause Full (System.gc()) 1450M->1450M(6144M) 545.860ms
[15.569s][info][gc,metaspace] GC(34) Metaspace: 11251K(11584K)->11251K(11584K) NonClass: 9451K(9600K)->9451K(9600K) Class: 1800K(1984K)->1800K(1984K)
[15.569s][info][gc          ] GC(34) Pause Full (System.gc()) 1450M->1450M(6144M) 546.687ms
[16.117s][info][gc,metaspace] GC(35) Metaspace: 11251K(11584K)->11251K(11584K) NonClass: 9451K(9600K)->9451K(9600K) Class: 1800K(1984K)->1800K(1984K)
[16.117s][info][gc          ] GC(35) Pause Full (System.gc()) 1450M->1450M(6144M) 548.007ms
[16.668s][info][gc,metaspace] GC(36) Metaspace: 11251K(11584K)->11251K(11584K) NonClass: 9451K(9600K)->9451K(9600K) Class: 1800K(1984K)->1800K(1984K)
[16.668s][info][gc          ] GC(36) Pause Full (System.gc()) 1450M->1450M(6144M) 550.621ms
[17.213s][info][gc,metaspace] GC(37) Metaspace: 11251K(11584K)->11251K(11584K) NonClass: 9451K(9600K)->9451K(9600K) Class: 1800K(1984K)->1800K(1984K)
[17.213s][info][gc          ] GC(37) Pause Full (System.gc()) 1450M->1450M(6144M) 545.249ms
[17.765s][info][gc,metaspace] GC(38) Metaspace: 11251K(11584K)->11251K(11584K) NonClass: 9451K(9600K)->9451K(9600K) Class: 1800K(1984K)->1800K(1984K)
[17.765s][info][gc          ] GC(38) Pause Full (System.gc()) 1450M->1450M(6144M) 551.666ms
[18.312s][info][gc,metaspace] GC(39) Metaspace: 11251K(11584K)->11251K(11584K) NonClass: 9451K(9600K)->9451K(9600K) Class: 1800K(1984K)->1800K(1984K)
[18.312s][info][gc          ] GC(39) Pause Full (System.gc()) 1450M->1450M(6144M) 546.938ms
[18.855s][info][gc,metaspace] GC(40) Metaspace: 11251K(11584K)->11251K(11584K) NonClass: 9451K(9600K)->9451K(9600K) Class: 1800K(1984K)->1800K(1984K)
[18.855s][info][gc          ] GC(40) Pause Full (System.gc()) 1450M->1450M(6144M) 543.399ms
[19.402s][info][gc,metaspace] GC(41) Metaspace: 11251K(11584K)->11251K(11584K) NonClass: 9451K(9600K)->9451K(9600K) Class: 1800K(1984K)->1800K(1984K)
[19.402s][info][gc          ] GC(41) Pause Full (System.gc()) 1450M->1450M(6144M) 546.521ms
[19.955s][info][gc,metaspace] GC(42) Metaspace: 11251K(11584K)->11251K(11584K) NonClass: 9451K(9600K)->9451K(9600K) Class: 1800K(1984K)->1800K(1984K)
[19.955s][info][gc          ] GC(42) Pause Full (System.gc()) 1450M->1450M(6144M) 548.520ms
[20.497s][info][gc,metaspace] GC(43) Metaspace: 11251K(11584K)->11251K(11584K) NonClass: 9451K(9600K)->9451K(9600K) Class: 1800K(1984K)->1800K(1984K)
[20.497s][info][gc          ] GC(43) Pause Full (System.gc()) 1450M->1450M(6144M) 541.992ms
[21.044s][info][gc,metaspace] GC(44) Metaspace: 11251K(11584K)->11251K(11584K) NonClass: 9451K(9600K)->9451K(9600K) Class: 1800K(1984K)->1800K(1984K)
[21.044s][info][gc          ] GC(44) Pause Full (System.gc()) 1450M->1450M(6144M) 547.212ms
[21.591s][info][gc,metaspace] GC(45) Metaspace: 11251K(11584K)->11251K(11584K) NonClass: 9451K(9600K)->9451K(9600K) Class: 1800K(1984K)->1800K(1984K)
[21.591s][info][gc          ] GC(45) Pause Full (System.gc()) 1450M->1450M(6144M) 546.525ms
[22.139s][info][gc,metaspace] GC(46) Metaspace: 11251K(11584K)->11251K(11584K) NonClass: 9451K(9600K)->9451K(9600K) Class: 1800K(1984K)->1800K(1984K)
[22.139s][info][gc          ] GC(46) Pause Full (System.gc()) 1450M->1450M(6144M) 547.839ms
[22.684s][info][gc,metaspace] GC(47) Metaspace: 11251K(11584K)->11251K(11584K) NonClass: 9451K(9600K)->9451K(9600K) Class: 1800K(1984K)->1800K(1984K)
[22.684s][info][gc          ] GC(47) Pause Full (System.gc()) 1450M->1450M(6144M) 545.672ms
[23.233s][info][gc,metaspace] GC(48) Metaspace: 11251K(11584K)->11251K(11584K) NonClass: 9451K(9600K)->9451K(9600K) Class: 1800K(1984K)->1800K(1984K)
[23.233s][info][gc          ] GC(48) Pause Full (System.gc()) 1450M->1450M(6144M) 548.748ms
[23.782s][info][gc,metaspace] GC(49) Metaspace: 11251K(11584K)->11251K(11584K) NonClass: 9451K(9600K)->9451K(9600K) Class: 1800K(1984K)->1800K(1984K)
[23.782s][info][gc          ] GC(49) Pause Full (System.gc()) 1450M->1450M(6144M) 548.659ms
[24.330s][info][gc,metaspace] GC(50) Metaspace: 11251K(11584K)->11251K(11584K) NonClass: 9451K(9600K)->9451K(9600K) Class: 1800K(1984K)->1800K(1984K)
[24.330s][info][gc          ] GC(50) Pause Full (System.gc()) 1450M->1450M(6144M) 548.066ms
[24.877s][info][gc,metaspace] GC(51) Metaspace: 11251K(11584K)->11251K(11584K) NonClass: 9451K(9600K)->9451K(9600K) Class: 1800K(1984K)->1800K(1984K)
[24.877s][info][gc          ] GC(51) Pause Full (System.gc()) 1450M->1450M(6144M) 547.131ms
[25.424s][info][gc,metaspace] GC(52) Metaspace: 11251K(11584K)->11251K(11584K) NonClass: 9451K(9600K)->9451K(9600K) Class: 1800K(1984K)->1800K(1984K)
[25.424s][info][gc          ] GC(52) Pause Full (System.gc()) 1450M->1450M(6144M) 546.877ms
[25.969s][info][gc,metaspace] GC(53) Metaspace: 11251K(11584K)->11251K(11584K) NonClass: 9451K(9600K)->9451K(9600K) Class: 1800K(1984K)->1800K(1984K)
[25.969s][info][gc          ] GC(53) Pause Full (System.gc()) 1450M->1450M(6144M) 544.822ms
[26.518s][info][gc,metaspace] GC(54) Metaspace: 11251K(11584K)->11251K(11584K) NonClass: 9451K(9600K)->9451K(9600K) Class: 1800K(1984K)->1800K(1984K)
[26.518s][info][gc          ] GC(54) Pause Full (System.gc()) 1450M->1450M(6144M) 549.225ms
[27.058s][info][gc,metaspace] GC(55) Metaspace: 11251K(11584K)->11251K(11584K) NonClass: 9451K(9600K)->9451K(9600K) Class: 1800K(1984K)->1800K(1984K)
[27.059s][info][gc          ] GC(55) Pause Full (System.gc()) 1450M->1450M(6144M) 540.130ms
[27.606s][info][gc,metaspace] GC(56) Metaspace: 11251K(11584K)->11251K(11584K) NonClass: 9451K(9600K)->9451K(9600K) Class: 1800K(1984K)->1800K(1984K)
[27.606s][info][gc          ] GC(56) Pause Full (System.gc()) 1450M->1450M(6144M) 547.852ms
[28.154s][info][gc,metaspace] GC(57) Metaspace: 11251K(11584K)->11251K(11584K) NonClass: 9451K(9600K)->9451K(9600K) Class: 1800K(1984K)->1800K(1984K)
[28.154s][info][gc          ] GC(57) Pause Full (System.gc()) 1450M->1450M(6144M) 547.365ms
[28.700s][info][gc,metaspace] GC(58) Metaspace: 11251K(11584K)->11251K(11584K) NonClass: 9451K(9600K)->9451K(9600K) Class: 1800K(1984K)->1800K(1984K)
[28.700s][info][gc          ] GC(58) Pause Full (System.gc()) 1450M->1450M(6144M) 546.149ms
[29.246s][info][gc,metaspace] GC(59) Metaspace: 11251K(11584K)->11251K(11584K) NonClass: 9451K(9600K)->9451K(9600K) Class: 1800K(1984K)->1800K(1984K)
[29.246s][info][gc          ] GC(59) Pause Full (System.gc()) 1450M->1450M(6144M) 545.777ms
[29.791s][info][gc,metaspace] GC(60) Metaspace: 11251K(11584K)->11251K(11584K) NonClass: 9451K(9600K)->9451K(9600K) Class: 1800K(1984K)->1800K(1984K)
[29.792s][info][gc          ] GC(60) Pause Full (System.gc()) 1450M->1450M(6144M) 545.547ms
[30.335s][info][gc,metaspace] GC(61) Metaspace: 11251K(11584K)->11251K(11584K) NonClass: 9451K(9600K)->9451K(9600K) Class: 1800K(1984K)->1800K(1984K)
[30.335s][info][gc          ] GC(61) Pause Full (System.gc()) 1450M->1450M(6144M) 543.114ms
[30.884s][info][gc,metaspace] GC(62) Metaspace: 11251K(11584K)->11251K(11584K) NonClass: 9451K(9600K)->9451K(9600K) Class: 1800K(1984K)->1800K(1984K)
[30.884s][info][gc          ] GC(62) Pause Full (System.gc()) 1450M->1450M(6144M) 548.967ms
[31.437s][info][gc,metaspace] GC(63) Metaspace: 11251K(11584K)->11251K(11584K) NonClass: 9451K(9600K)->9451K(9600K) Class: 1800K(1984K)->1800K(1984K)
[31.437s][info][gc          ] GC(63) Pause Full (System.gc()) 1450M->1450M(6144M) 552.988ms
[31.986s][info][gc,metaspace] GC(64) Metaspace: 11251K(11584K)->11251K(11584K) NonClass: 9451K(9600K)->9451K(9600K) Class: 1800K(1984K)->1800K(1984K)
[31.986s][info][gc          ] GC(64) Pause Full (System.gc()) 1450M->1450M(6144M) 548.932ms
[32.537s][info][gc,metaspace] GC(65) Metaspace: 11251K(11584K)->11251K(11584K) NonClass: 9451K(9600K)->9451K(9600K) Class: 1800K(1984K)->1800K(1984K)
[32.537s][info][gc          ] GC(65) Pause Full (System.gc()) 1450M->1450M(6144M) 550.713ms
[33.087s][info][gc,metaspace] GC(66) Metaspace: 11251K(11584K)->11251K(11584K) NonClass: 9451K(9600K)->9451K(9600K) Class: 1800K(1984K)->1800K(1984K)
[33.087s][info][gc          ] GC(66) Pause Full (System.gc()) 1450M->1450M(6144M) 550.409ms
[33.632s][info][gc,metaspace] GC(67) Metaspace: 11251K(11584K)->11251K(11584K) NonClass: 9451K(9600K)->9451K(9600K) Class: 1800K(1984K)->1800K(1984K)
[33.633s][info][gc          ] GC(67) Pause Full (System.gc()) 1450M->1450M(6144M) 545.351ms
[34.183s][info][gc,metaspace] GC(68) Metaspace: 11251K(11584K)->11251K(11584K) NonClass: 9451K(9600K)->9451K(9600K) Class: 1800K(1984K)->1800K(1984K)
[34.183s][info][gc          ] GC(68) Pause Full (System.gc()) 1450M->1450M(6144M) 550.202ms
[34.727s][info][gc,metaspace] GC(69) Metaspace: 11251K(11584K)->11251K(11584K) NonClass: 9451K(9600K)->9451K(9600K) Class: 1800K(1984K)->1800K(1984K)
[34.727s][info][gc          ] GC(69) Pause Full (System.gc()) 1450M->1450M(6144M) 543.983ms
[35.274s][info][gc,metaspace] GC(70) Metaspace: 11251K(11584K)->11251K(11584K) NonClass: 9451K(9600K)->9451K(9600K) Class: 1800K(1984K)->1800K(1984K)
[35.274s][info][gc          ] GC(70) Pause Full (System.gc()) 1450M->1450M(6144M) 546.832ms
[35.820s][info][gc,metaspace] GC(71) Metaspace: 11251K(11584K)->11251K(11584K) NonClass: 9451K(9600K)->9451K(9600K) Class: 1800K(1984K)->1800K(1984K)
[35.820s][info][gc          ] GC(71) Pause Full (System.gc()) 1450M->1450M(6144M) 546.652ms
[36.372s][info][gc,metaspace] GC(72) Metaspace: 11251K(11584K)->11251K(11584K) NonClass: 9451K(9600K)->9451K(9600K) Class: 1800K(1984K)->1800K(1984K)
[36.372s][info][gc          ] GC(72) Pause Full (System.gc()) 1450M->1450M(6144M) 551.234ms
[36.917s][info][gc,metaspace] GC(73) Metaspace: 11251K(11584K)->11251K(11584K) NonClass: 9451K(9600K)->9451K(9600K) Class: 1800K(1984K)->1800K(1984K)
[36.917s][info][gc          ] GC(73) Pause Full (System.gc()) 1450M->1450M(6144M) 544.927ms
[37.462s][info][gc,metaspace] GC(74) Metaspace: 11251K(11584K)->11251K(11584K) NonClass: 9451K(9600K)->9451K(9600K) Class: 1800K(1984K)->1800K(1984K)
[37.462s][info][gc          ] GC(74) Pause Full (System.gc()) 1450M->1450M(6144M) 545.045ms
After GCs... 
