[0.002s][info][metaspace]  - commit_granule_bytes: 65536.
[0.002s][info][metaspace]  - commit_granule_words: 8192.
[0.002s][info][metaspace]  - virtual_space_node_default_size: 8388608.
[0.002s][info][metaspace]  - enlarge_chunks_in_place: 1.
[0.002s][info][metaspace]  - use_allocation_guard: 0.
[0.004s][info][gc       ] Using G1
[0.330s][info][metaspace] Reserving compressed class space anywhere
[0.330s][info][gc,metaspace] CDS archive(s) not mapped
[0.330s][info][gc,metaspace] Compressed class space mapped at: 0x0000000007000000-0x00000000c7000000, reserved size: 3221225472
[0.330s][info][gc,metaspace] UseCompressedClassPointers 1, UseCompactObjectHeaders 0, narrow klass pointer bits 32, max shift 3
[0.330s][info][gc,metaspace] Narrow klass base: 0x0000000000000000, Narrow klass shift: 0, Narrow klass range: 0xc7000000
Random Seed: 12345678
Num Classes: 16
Num Objects: 67108864
Percent IK Objects: 83.0%)
Percent OAK Objects: 5.0%)
Percent TAK Objects: 12.0%)
Cycles: 50
Loading 16 pre-generated classes ...
Materialize pre-generated constructors ...
Creating objects...
[0.550s][info][gc,metaspace] GC(0) Metaspace: 11164K(11456K)->11164K(11456K) NonClass: 10084K(10240K)->10084K(10240K) Class: 1079K(1216K)->1079K(1216K)
[0.550s][info][gc          ] GC(0) Pause Full (System.gc()) 19M->2M(6144M) 8.797ms
[0.844s][info][gc,metaspace] GC(1) Metaspace: 11233K(11520K)->11233K(11520K) NonClass: 10144K(10304K)->10144K(10304K) Class: 1088K(1216K)->1088K(1216K)
[0.844s][info][gc          ] GC(1) Pause Young (Normal) (G1 Evacuation Pause) 566M->298M(6144M) 18.430ms
[0.997s][info][gc,metaspace] GC(2) Metaspace: 11233K(11520K)->11233K(11520K) NonClass: 10144K(10304K)->10144K(10304K) Class: 1088K(1216K)->1088K(1216K)
[0.997s][info][gc          ] GC(2) Pause Young (Normal) (G1 Evacuation Pause) 566M->334M(6144M) 22.764ms
[1.190s][info][gc,metaspace] GC(3) Metaspace: 11233K(11520K)->11233K(11520K) NonClass: 10144K(10304K)->10144K(10304K) Class: 1088K(1216K)->1088K(1216K)
[1.190s][info][gc          ] GC(3) Pause Young (Normal) (G1 Evacuation Pause) 602M->369M(6144M) 22.943ms
[1.343s][info][gc,metaspace] GC(4) Metaspace: 11233K(11520K)->11233K(11520K) NonClass: 10144K(10304K)->10144K(10304K) Class: 1088K(1216K)->1088K(1216K)
[1.343s][info][gc          ] GC(4) Pause Young (Normal) (G1 Evacuation Pause) 637M->403M(6144M) 22.881ms
[1.499s][info][gc,metaspace] GC(5) Metaspace: 11233K(11520K)->11233K(11520K) NonClass: 10144K(10304K)->10144K(10304K) Class: 1088K(1216K)->1088K(1216K)
[1.499s][info][gc          ] GC(5) Pause Young (Normal) (G1 Evacuation Pause) 671M->436M(6144M) 25.678ms
[1.655s][info][gc,metaspace] GC(6) Metaspace: 11233K(11520K)->11233K(11520K) NonClass: 10144K(10304K)->10144K(10304K) Class: 1088K(1216K)->1088K(1216K)
[1.655s][info][gc          ] GC(6) Pause Young (Normal) (G1 Evacuation Pause) 704M->472M(6144M) 25.325ms
[1.806s][info][gc,metaspace] GC(7) Metaspace: 11233K(11520K)->11233K(11520K) NonClass: 10144K(10304K)->10144K(10304K) Class: 1088K(1216K)->1088K(1216K)
[1.806s][info][gc          ] GC(7) Pause Young (Normal) (G1 Evacuation Pause) 740M->507M(6144M) 21.927ms
[1.955s][info][gc,metaspace] GC(8) Metaspace: 11233K(11520K)->11233K(11520K) NonClass: 10144K(10304K)->10144K(10304K) Class: 1088K(1216K)->1088K(1216K)
[1.955s][info][gc          ] GC(8) Pause Young (Normal) (G1 Evacuation Pause) 775M->540M(6144M) 21.628ms
[2.206s][info][gc,metaspace] GC(9) Metaspace: 11233K(11520K)->11233K(11520K) NonClass: 10144K(10304K)->10144K(10304K) Class: 1088K(1216K)->1088K(1216K)
[2.207s][info][gc          ] GC(9) Pause Young (Normal) (G1 Evacuation Pause) 928M->580M(6144M) 26.641ms
[2.393s][info][gc,metaspace] GC(10) Metaspace: 11233K(11520K)->11233K(11520K) NonClass: 10144K(10304K)->10144K(10304K) Class: 1088K(1216K)->1088K(1216K)
[2.393s][info][gc          ] GC(10) Pause Young (Normal) (G1 Evacuation Pause) 908M->621M(6144M) 33.686ms
[2.629s][info][gc,metaspace] GC(11) Metaspace: 11233K(11520K)->11233K(11520K) NonClass: 10144K(10304K)->10144K(10304K) Class: 1088K(1216K)->1088K(1216K)
[2.630s][info][gc          ] GC(11) Pause Young (Normal) (G1 Evacuation Pause) 1073M->674M(6144M) 32.880ms
[2.886s][info][gc,metaspace] GC(12) Metaspace: 11233K(11520K)->11233K(11520K) NonClass: 10144K(10304K)->10144K(10304K) Class: 1088K(1216K)->1088K(1216K)
[2.886s][info][gc          ] GC(12) Pause Young (Normal) (G1 Evacuation Pause) 1134M->725M(6144M) 44.903ms
[3.169s][info][gc,metaspace] GC(13) Metaspace: 11233K(11520K)->11233K(11520K) NonClass: 10144K(10304K)->10144K(10304K) Class: 1088K(1216K)->1088K(1216K)
[3.169s][info][gc          ] GC(13) Pause Young (Normal) (G1 Evacuation Pause) 1261M->787M(6144M) 39.088ms
[3.487s][info][gc,metaspace] GC(14) Metaspace: 11233K(11520K)->11233K(11520K) NonClass: 10144K(10304K)->10144K(10304K) Class: 1088K(1216K)->1088K(1216K)
[3.487s][info][gc          ] GC(14) Pause Young (Normal) (G1 Evacuation Pause) 1383M->854M(6144M) 46.235ms
[3.842s][info][gc,metaspace] GC(15) Metaspace: 11233K(11520K)->11233K(11520K) NonClass: 10144K(10304K)->10144K(10304K) Class: 1088K(1216K)->1088K(1216K)
[3.842s][info][gc          ] GC(15) Pause Young (Normal) (G1 Evacuation Pause) 1518M->930M(6144M) 52.690ms
[4.229s][info][gc,metaspace] GC(16) Metaspace: 11233K(11520K)->11233K(11520K) NonClass: 10144K(10304K)->10144K(10304K) Class: 1088K(1216K)->1088K(1216K)
[4.229s][info][gc          ] GC(16) Pause Young (Normal) (G1 Evacuation Pause) 1670M->1008M(6144M) 54.606ms
[4.662s][info][gc,metaspace] GC(17) Metaspace: 11233K(11520K)->11233K(11520K) NonClass: 10144K(10304K)->10144K(10304K) Class: 1088K(1216K)->1088K(1216K)
[4.662s][info][gc          ] GC(17) Pause Young (Normal) (G1 Evacuation Pause) 1836M->1093M(6144M) 61.731ms
[5.188s][info][gc,metaspace] GC(18) Metaspace: 11233K(11520K)->11233K(11520K) NonClass: 10144K(10304K)->10144K(10304K) Class: 1088K(1216K)->1088K(1216K)
[5.188s][info][gc          ] GC(18) Pause Young (Normal) (G1 Evacuation Pause) 2005M->1194M(6144M) 68.826ms
[5.714s][info][gc,metaspace] GC(19) Metaspace: 11233K(11520K)->11233K(11520K) NonClass: 10144K(10304K)->10144K(10304K) Class: 1088K(1216K)->1088K(1216K)
[5.715s][info][gc          ] GC(19) Pause Young (Normal) (G1 Evacuation Pause) 2186M->1308M(6144M) 82.942ms
[6.266s][info][gc,metaspace] GC(20) Metaspace: 11233K(11520K)->11233K(11520K) NonClass: 10144K(10304K)->10144K(10304K) Class: 1088K(1216K)->1088K(1216K)
[6.266s][info][gc          ] GC(20) Pause Young (Normal) (G1 Evacuation Pause) 2372M->1426M(6144M) 78.417ms
[6.882s][info][gc,metaspace] GC(21) Metaspace: 11233K(11520K)->11233K(11520K) NonClass: 10144K(10304K)->10144K(10304K) Class: 1088K(1216K)->1088K(1216K)
[6.883s][info][gc          ] GC(21) Pause Young (Normal) (G1 Evacuation Pause) 2586M->1552M(6144M) 100.963ms
[7.568s][info][gc,metaspace] GC(22) Metaspace: 11233K(11520K)->11233K(11520K) NonClass: 10144K(10304K)->10144K(10304K) Class: 1088K(1216K)->1088K(1216K)
[7.568s][info][gc          ] GC(22) Pause Young (Normal) (G1 Evacuation Pause) 2768M->1684M(6144M) 97.057ms
[8.285s][info][gc,metaspace] GC(23) Metaspace: 11233K(11520K)->11233K(11520K) NonClass: 10144K(10304K)->10144K(10304K) Class: 1088K(1216K)->1088K(1216K)
[8.285s][info][gc          ] GC(23) Pause Young (Normal) (G1 Evacuation Pause) 2984M->1826M(6144M) 95.964ms
67108864 Objects created
 - IK: 55699211 (82.99829%)
 - OAK: 3355627 (5.0002737%)
 - TAK: 8054026 (12.001434%)
Preparatory GC...
[8.934s][info][gc,metaspace] GC(24) Metaspace: 11233K(11520K)->11233K(11520K) NonClass: 10144K(10304K)->10144K(10304K) Class: 1088K(1216K)->1088K(1216K)
[8.934s][info][gc          ] GC(24) Pause Full (System.gc()) 1872M->1706M(6144M) 629.761ms
[9.581s][info][gc,metaspace] GC(25) Metaspace: 11233K(11520K)->11233K(11520K) NonClass: 10144K(10304K)->10144K(10304K) Class: 1088K(1216K)->1088K(1216K)
[9.581s][info][gc          ] GC(25) Pause Full (System.gc()) 1706M->1706M(6144M) 646.924ms
Done; will start GCs... 
[10.223s][info][gc,metaspace] GC(26) Metaspace: 11233K(11520K)->11233K(11520K) NonClass: 10144K(10304K)->10144K(10304K) Class: 1088K(1216K)->1088K(1216K)
[10.223s][info][gc          ] GC(26) Pause Full (System.gc()) 1708M->1706M(6144M) 641.318ms
[10.861s][info][gc,metaspace] GC(27) Metaspace: 11233K(11520K)->11233K(11520K) NonClass: 10144K(10304K)->10144K(10304K) Class: 1088K(1216K)->1088K(1216K)
[10.861s][info][gc          ] GC(27) Pause Full (System.gc()) 1706M->1706M(6144M) 638.594ms
[11.499s][info][gc,metaspace] GC(28) Metaspace: 11233K(11520K)->11233K(11520K) NonClass: 10144K(10304K)->10144K(10304K) Class: 1088K(1216K)->1088K(1216K)
[11.499s][info][gc          ] GC(28) Pause Full (System.gc()) 1706M->1706M(6144M) 637.083ms
[12.130s][info][gc,metaspace] GC(29) Metaspace: 11233K(11520K)->11233K(11520K) NonClass: 10144K(10304K)->10144K(10304K) Class: 1088K(1216K)->1088K(1216K)
[12.130s][info][gc          ] GC(29) Pause Full (System.gc()) 1706M->1706M(6144M) 631.528ms
[12.770s][info][gc,metaspace] GC(30) Metaspace: 11233K(11520K)->11233K(11520K) NonClass: 10144K(10304K)->10144K(10304K) Class: 1088K(1216K)->1088K(1216K)
[12.770s][info][gc          ] GC(30) Pause Full (System.gc()) 1706M->1706M(6144M) 640.041ms
[13.403s][info][gc,metaspace] GC(31) Metaspace: 11233K(11520K)->11233K(11520K) NonClass: 10144K(10304K)->10144K(10304K) Class: 1088K(1216K)->1088K(1216K)
[13.403s][info][gc          ] GC(31) Pause Full (System.gc()) 1706M->1706M(6144M) 632.655ms
[14.003s][info][gc,metaspace] GC(32) Metaspace: 11233K(11520K)->11233K(11520K) NonClass: 10144K(10304K)->10144K(10304K) Class: 1088K(1216K)->1088K(1216K)
[14.003s][info][gc          ] GC(32) Pause Full (System.gc()) 1706M->1706M(6144M) 599.687ms
[14.623s][info][gc,metaspace] GC(33) Metaspace: 11233K(11520K)->11233K(11520K) NonClass: 10144K(10304K)->10144K(10304K) Class: 1088K(1216K)->1088K(1216K)
[14.624s][info][gc          ] GC(33) Pause Full (System.gc()) 1706M->1706M(6144M) 620.719ms
[15.242s][info][gc,metaspace] GC(34) Metaspace: 11233K(11520K)->11233K(11520K) NonClass: 10144K(10304K)->10144K(10304K) Class: 1088K(1216K)->1088K(1216K)
[15.243s][info][gc          ] GC(34) Pause Full (System.gc()) 1706M->1706M(6144M) 618.923ms
[15.864s][info][gc,metaspace] GC(35) Metaspace: 11233K(11520K)->11233K(11520K) NonClass: 10144K(10304K)->10144K(10304K) Class: 1088K(1216K)->1088K(1216K)
[15.865s][info][gc          ] GC(35) Pause Full (System.gc()) 1706M->1706M(6144M) 621.934ms
[16.488s][info][gc,metaspace] GC(36) Metaspace: 11233K(11520K)->11233K(11520K) NonClass: 10144K(10304K)->10144K(10304K) Class: 1088K(1216K)->1088K(1216K)
[16.488s][info][gc          ] GC(36) Pause Full (System.gc()) 1706M->1706M(6144M) 623.112ms
[17.048s][info][gc,metaspace] GC(37) Metaspace: 11233K(11520K)->11233K(11520K) NonClass: 10144K(10304K)->10144K(10304K) Class: 1088K(1216K)->1088K(1216K)
[17.048s][info][gc          ] GC(37) Pause Full (System.gc()) 1706M->1706M(6144M) 560.563ms
[17.609s][info][gc,metaspace] GC(38) Metaspace: 11233K(11520K)->11233K(11520K) NonClass: 10144K(10304K)->10144K(10304K) Class: 1088K(1216K)->1088K(1216K)
[17.609s][info][gc          ] GC(38) Pause Full (System.gc()) 1706M->1706M(6144M) 561.069ms
[18.170s][info][gc,metaspace] GC(39) Metaspace: 11233K(11520K)->11233K(11520K) NonClass: 10144K(10304K)->10144K(10304K) Class: 1088K(1216K)->1088K(1216K)
[18.170s][info][gc          ] GC(39) Pause Full (System.gc()) 1706M->1706M(6144M) 560.924ms
[18.732s][info][gc,metaspace] GC(40) Metaspace: 11233K(11520K)->11233K(11520K) NonClass: 10144K(10304K)->10144K(10304K) Class: 1088K(1216K)->1088K(1216K)
[18.732s][info][gc          ] GC(40) Pause Full (System.gc()) 1706M->1706M(6144M) 561.871ms
[19.297s][info][gc,metaspace] GC(41) Metaspace: 11233K(11520K)->11233K(11520K) NonClass: 10144K(10304K)->10144K(10304K) Class: 1088K(1216K)->1088K(1216K)
[19.297s][info][gc          ] GC(41) Pause Full (System.gc()) 1706M->1706M(6144M) 564.424ms
[19.859s][info][gc,metaspace] GC(42) Metaspace: 11233K(11520K)->11233K(11520K) NonClass: 10144K(10304K)->10144K(10304K) Class: 1088K(1216K)->1088K(1216K)
[19.859s][info][gc          ] GC(42) Pause Full (System.gc()) 1706M->1706M(6144M) 562.380ms
[20.422s][info][gc,metaspace] GC(43) Metaspace: 11233K(11520K)->11233K(11520K) NonClass: 10144K(10304K)->10144K(10304K) Class: 1088K(1216K)->1088K(1216K)
[20.422s][info][gc          ] GC(43) Pause Full (System.gc()) 1706M->1706M(6144M) 562.477ms
[20.984s][info][gc,metaspace] GC(44) Metaspace: 11233K(11520K)->11233K(11520K) NonClass: 10144K(10304K)->10144K(10304K) Class: 1088K(1216K)->1088K(1216K)
[20.985s][info][gc          ] GC(44) Pause Full (System.gc()) 1706M->1706M(6144M) 562.569ms
[21.549s][info][gc,metaspace] GC(45) Metaspace: 11233K(11520K)->11233K(11520K) NonClass: 10144K(10304K)->10144K(10304K) Class: 1088K(1216K)->1088K(1216K)
[21.549s][info][gc          ] GC(45) Pause Full (System.gc()) 1706M->1706M(6144M) 564.025ms
[22.114s][info][gc,metaspace] GC(46) Metaspace: 11233K(11520K)->11233K(11520K) NonClass: 10144K(10304K)->10144K(10304K) Class: 1088K(1216K)->1088K(1216K)
[22.114s][info][gc          ] GC(46) Pause Full (System.gc()) 1706M->1706M(6144M) 565.057ms
[22.676s][info][gc,metaspace] GC(47) Metaspace: 11233K(11520K)->11233K(11520K) NonClass: 10144K(10304K)->10144K(10304K) Class: 1088K(1216K)->1088K(1216K)
[22.676s][info][gc          ] GC(47) Pause Full (System.gc()) 1706M->1706M(6144M) 562.057ms
[23.238s][info][gc,metaspace] GC(48) Metaspace: 11233K(11520K)->11233K(11520K) NonClass: 10144K(10304K)->10144K(10304K) Class: 1088K(1216K)->1088K(1216K)
[23.238s][info][gc          ] GC(48) Pause Full (System.gc()) 1706M->1706M(6144M) 562.552ms
[23.809s][info][gc,metaspace] GC(49) Metaspace: 11233K(11520K)->11233K(11520K) NonClass: 10144K(10304K)->10144K(10304K) Class: 1088K(1216K)->1088K(1216K)
[23.809s][info][gc          ] GC(49) Pause Full (System.gc()) 1706M->1706M(6144M) 570.201ms
[24.371s][info][gc,metaspace] GC(50) Metaspace: 11233K(11520K)->11233K(11520K) NonClass: 10144K(10304K)->10144K(10304K) Class: 1088K(1216K)->1088K(1216K)
[24.371s][info][gc          ] GC(50) Pause Full (System.gc()) 1706M->1706M(6144M) 561.936ms
[24.937s][info][gc,metaspace] GC(51) Metaspace: 11233K(11520K)->11233K(11520K) NonClass: 10144K(10304K)->10144K(10304K) Class: 1088K(1216K)->1088K(1216K)
[24.937s][info][gc          ] GC(51) Pause Full (System.gc()) 1706M->1706M(6144M) 565.794ms
[25.497s][info][gc,metaspace] GC(52) Metaspace: 11233K(11520K)->11233K(11520K) NonClass: 10144K(10304K)->10144K(10304K) Class: 1088K(1216K)->1088K(1216K)
[25.497s][info][gc          ] GC(52) Pause Full (System.gc()) 1706M->1706M(6144M) 560.130ms
[26.062s][info][gc,metaspace] GC(53) Metaspace: 11233K(11520K)->11233K(11520K) NonClass: 10144K(10304K)->10144K(10304K) Class: 1088K(1216K)->1088K(1216K)
[26.062s][info][gc          ] GC(53) Pause Full (System.gc()) 1706M->1706M(6144M) 565.614ms
[26.625s][info][gc,metaspace] GC(54) Metaspace: 11233K(11520K)->11233K(11520K) NonClass: 10144K(10304K)->10144K(10304K) Class: 1088K(1216K)->1088K(1216K)
[26.625s][info][gc          ] GC(54) Pause Full (System.gc()) 1706M->1706M(6144M) 562.499ms
[27.197s][info][gc,metaspace] GC(55) Metaspace: 11233K(11520K)->11233K(11520K) NonClass: 10144K(10304K)->10144K(10304K) Class: 1088K(1216K)->1088K(1216K)
[27.197s][info][gc          ] GC(55) Pause Full (System.gc()) 1706M->1706M(6144M) 571.518ms
[27.758s][info][gc,metaspace] GC(56) Metaspace: 11233K(11520K)->11233K(11520K) NonClass: 10144K(10304K)->10144K(10304K) Class: 1088K(1216K)->1088K(1216K)
[27.758s][info][gc          ] GC(56) Pause Full (System.gc()) 1706M->1706M(6144M) 561.398ms
[28.320s][info][gc,metaspace] GC(57) Metaspace: 11233K(11520K)->11233K(11520K) NonClass: 10144K(10304K)->10144K(10304K) Class: 1088K(1216K)->1088K(1216K)
[28.320s][info][gc          ] GC(57) Pause Full (System.gc()) 1706M->1706M(6144M) 561.406ms
[28.881s][info][gc,metaspace] GC(58) Metaspace: 11233K(11520K)->11233K(11520K) NonClass: 10144K(10304K)->10144K(10304K) Class: 1088K(1216K)->1088K(1216K)
[28.881s][info][gc          ] GC(58) Pause Full (System.gc()) 1706M->1706M(6144M) 561.716ms
[29.440s][info][gc,metaspace] GC(59) Metaspace: 11233K(11520K)->11233K(11520K) NonClass: 10144K(10304K)->10144K(10304K) Class: 1088K(1216K)->1088K(1216K)
[29.440s][info][gc          ] GC(59) Pause Full (System.gc()) 1706M->1706M(6144M) 558.852ms
[29.999s][info][gc,metaspace] GC(60) Metaspace: 11233K(11520K)->11233K(11520K) NonClass: 10144K(10304K)->10144K(10304K) Class: 1088K(1216K)->1088K(1216K)
[29.999s][info][gc          ] GC(60) Pause Full (System.gc()) 1706M->1706M(6144M) 558.544ms
[30.561s][info][gc,metaspace] GC(61) Metaspace: 11233K(11520K)->11233K(11520K) NonClass: 10144K(10304K)->10144K(10304K) Class: 1088K(1216K)->1088K(1216K)
[30.561s][info][gc          ] GC(61) Pause Full (System.gc()) 1706M->1706M(6144M) 562.410ms
[31.121s][info][gc,metaspace] GC(62) Metaspace: 11233K(11520K)->11233K(11520K) NonClass: 10144K(10304K)->10144K(10304K) Class: 1088K(1216K)->1088K(1216K)
[31.121s][info][gc          ] GC(62) Pause Full (System.gc()) 1706M->1706M(6144M) 560.047ms
[31.685s][info][gc,metaspace] GC(63) Metaspace: 11233K(11520K)->11233K(11520K) NonClass: 10144K(10304K)->10144K(10304K) Class: 1088K(1216K)->1088K(1216K)
[31.685s][info][gc          ] GC(63) Pause Full (System.gc()) 1706M->1706M(6144M) 563.475ms
[32.246s][info][gc,metaspace] GC(64) Metaspace: 11233K(11520K)->11233K(11520K) NonClass: 10144K(10304K)->10144K(10304K) Class: 1088K(1216K)->1088K(1216K)
[32.246s][info][gc          ] GC(64) Pause Full (System.gc()) 1706M->1706M(6144M) 560.671ms
[32.806s][info][gc,metaspace] GC(65) Metaspace: 11233K(11520K)->11233K(11520K) NonClass: 10144K(10304K)->10144K(10304K) Class: 1088K(1216K)->1088K(1216K)
[32.806s][info][gc          ] GC(65) Pause Full (System.gc()) 1706M->1706M(6144M) 560.373ms
[33.361s][info][gc,metaspace] GC(66) Metaspace: 11233K(11520K)->11233K(11520K) NonClass: 10144K(10304K)->10144K(10304K) Class: 1088K(1216K)->1088K(1216K)
[33.361s][info][gc          ] GC(66) Pause Full (System.gc()) 1706M->1706M(6144M) 555.039ms
[33.921s][info][gc,metaspace] GC(67) Metaspace: 11233K(11520K)->11233K(11520K) NonClass: 10144K(10304K)->10144K(10304K) Class: 1088K(1216K)->1088K(1216K)
[33.921s][info][gc          ] GC(67) Pause Full (System.gc()) 1706M->1706M(6144M) 559.761ms
[34.481s][info][gc,metaspace] GC(68) Metaspace: 11233K(11520K)->11233K(11520K) NonClass: 10144K(10304K)->10144K(10304K) Class: 1088K(1216K)->1088K(1216K)
[34.481s][info][gc          ] GC(68) Pause Full (System.gc()) 1706M->1706M(6144M) 559.488ms
[35.043s][info][gc,metaspace] GC(69) Metaspace: 11233K(11520K)->11233K(11520K) NonClass: 10144K(10304K)->10144K(10304K) Class: 1088K(1216K)->1088K(1216K)
[35.043s][info][gc          ] GC(69) Pause Full (System.gc()) 1706M->1706M(6144M) 562.337ms
[35.602s][info][gc,metaspace] GC(70) Metaspace: 11233K(11520K)->11233K(11520K) NonClass: 10144K(10304K)->10144K(10304K) Class: 1088K(1216K)->1088K(1216K)
[35.602s][info][gc          ] GC(70) Pause Full (System.gc()) 1706M->1706M(6144M) 558.441ms
[36.162s][info][gc,metaspace] GC(71) Metaspace: 11233K(11520K)->11233K(11520K) NonClass: 10144K(10304K)->10144K(10304K) Class: 1088K(1216K)->1088K(1216K)
[36.162s][info][gc          ] GC(71) Pause Full (System.gc()) 1706M->1706M(6144M) 560.641ms
[36.721s][info][gc,metaspace] GC(72) Metaspace: 11233K(11520K)->11233K(11520K) NonClass: 10144K(10304K)->10144K(10304K) Class: 1088K(1216K)->1088K(1216K)
[36.721s][info][gc          ] GC(72) Pause Full (System.gc()) 1706M->1706M(6144M) 558.559ms
[37.286s][info][gc,metaspace] GC(73) Metaspace: 11233K(11520K)->11233K(11520K) NonClass: 10144K(10304K)->10144K(10304K) Class: 1088K(1216K)->1088K(1216K)
[37.287s][info][gc          ] GC(73) Pause Full (System.gc()) 1706M->1706M(6144M) 565.542ms
[37.844s][info][gc,metaspace] GC(74) Metaspace: 11233K(11520K)->11233K(11520K) NonClass: 10144K(10304K)->10144K(10304K) Class: 1088K(1216K)->1088K(1216K)
[37.844s][info][gc          ] GC(74) Pause Full (System.gc()) 1706M->1706M(6144M) 557.457ms
[38.407s][info][gc,metaspace] GC(75) Metaspace: 11233K(11520K)->11233K(11520K) NonClass: 10144K(10304K)->10144K(10304K) Class: 1088K(1216K)->1088K(1216K)
[38.407s][info][gc          ] GC(75) Pause Full (System.gc()) 1706M->1706M(6144M) 562.421ms
After GCs... 
