Done; will start GCs... 
[10.025s][info][gc,metaspace] GC(25) Metaspace: 11230K(11584K)->11230K(11584K) NonClass: 9429K(9600K)->9429K(9600K) Class: 1800K(1984K)->1800K(1984K)
[10.025s][info][gc          ] GC(25) Pause Full (System.gc()) 1452M->1450M(6144M) 597.463ms
[10.642s][info][gc,metaspace] GC(26) Metaspace: 11230K(11584K)->11230K(11584K) NonClass: 9429K(9600K)->9429K(9600K) Class: 1800K(1984K)->1800K(1984K)
[10.642s][info][gc          ] GC(26) Pause Full (System.gc()) 1450M->1450M(6144M) 617.316ms
[11.251s][info][gc,metaspace] GC(27) Metaspace: 11230K(11584K)->11230K(11584K) NonClass: 9429K(9600K)->9429K(9600K) Class: 1800K(1984K)->1800K(1984K)
[11.251s][info][gc          ] GC(27) Pause Full (System.gc()) 1450M->1450M(6144M) 608.653ms
[11.803s][info][gc,metaspace] GC(28) Metaspace: 11230K(11584K)->11230K(11584K) NonClass: 9429K(9600K)->9429K(9600K) Class: 1800K(1984K)->1800K(1984K)
[11.803s][info][gc          ] GC(28) Pause Full (System.gc()) 1450M->1450M(6144M) 552.451ms
[12.360s][info][gc,metaspace] GC(29) Metaspace: 11230K(11584K)->11230K(11584K) NonClass: 9429K(9600K)->9429K(9600K) Class: 1800K(1984K)->1800K(1984K)
[12.360s][info][gc          ] GC(29) Pause Full (System.gc()) 1450M->1450M(6144M) 556.366ms
[12.920s][info][gc,metaspace] GC(30) Metaspace: 11230K(11584K)->11230K(11584K) NonClass: 9429K(9600K)->9429K(9600K) Class: 1800K(1984K)->1800K(1984K)
[12.920s][info][gc          ] GC(30) Pause Full (System.gc()) 1450M->1450M(6144M) 559.724ms
[13.481s][info][gc,metaspace] GC(31) Metaspace: 11230K(11584K)->11230K(11584K) NonClass: 9429K(9600K)->9429K(9600K) Class: 1800K(1984K)->1800K(1984K)
[13.481s][info][gc          ] GC(31) Pause Full (System.gc()) 1450M->1450M(6144M) 561.491ms
[14.041s][info][gc,metaspace] GC(32) Metaspace: 11230K(11584K)->11230K(11584K) NonClass: 9429K(9600K)->9429K(9600K) Class: 1800K(1984K)->1800K(1984K)
[14.041s][info][gc          ] GC(32) Pause Full (System.gc()) 1450M->1450M(6144M) 560.231ms
[14.600s][info][gc,metaspace] GC(33) Metaspace: 11230K(11584K)->11230K(11584K) NonClass: 9429K(9600K)->9429K(9600K) Class: 1800K(1984K)->1800K(1984K)
[14.600s][info][gc          ] GC(33) Pause Full (System.gc()) 1450M->1450M(6144M) 558.659ms
[15.158s][info][gc,metaspace] GC(34) Metaspace: 11230K(11584K)->11230K(11584K) NonClass: 9429K(9600K)->9429K(9600K) Class: 1800K(1984K)->1800K(1984K)
[15.158s][info][gc          ] GC(34) Pause Full (System.gc()) 1450M->1450M(6144M) 557.864ms
[15.716s][info][gc,metaspace] GC(35) Metaspace: 11230K(11584K)->11230K(11584K) NonClass: 9429K(9600K)->9429K(9600K) Class: 1800K(1984K)->1800K(1984K)
[15.716s][info][gc          ] GC(35) Pause Full (System.gc()) 1450M->1450M(6144M) 557.437ms
[16.271s][info][gc,metaspace] GC(36) Metaspace: 11230K(11584K)->11230K(11584K) NonClass: 9429K(9600K)->9429K(9600K) Class: 1800K(1984K)->1800K(1984K)
[16.271s][info][gc          ] GC(36) Pause Full (System.gc()) 1450M->1450M(6144M) 554.991ms
[16.829s][info][gc,metaspace] GC(37) Metaspace: 11230K(11584K)->11230K(11584K) NonClass: 9429K(9600K)->9429K(9600K) Class: 1800K(1984K)->1800K(1984K)
[16.829s][info][gc          ] GC(37) Pause Full (System.gc()) 1450M->1450M(6144M) 558.015ms
[17.386s][info][gc,metaspace] GC(38) Metaspace: 11230K(11584K)->11230K(11584K) NonClass: 9429K(9600K)->9429K(9600K) Class: 1800K(1984K)->1800K(1984K)
[17.386s][info][gc          ] GC(38) Pause Full (System.gc()) 1450M->1450M(6144M) 557.510ms
[17.946s][info][gc,metaspace] GC(39) Metaspace: 11230K(11584K)->11230K(11584K) NonClass: 9429K(9600K)->9429K(9600K) Class: 1800K(1984K)->1800K(1984K)
[17.946s][info][gc          ] GC(39) Pause Full (System.gc()) 1450M->1450M(6144M) 559.212ms
[18.500s][info][gc,metaspace] GC(40) Metaspace: 11230K(11584K)->11230K(11584K) NonClass: 9429K(9600K)->9429K(9600K) Class: 1800K(1984K)->1800K(1984K)
[18.500s][info][gc          ] GC(40) Pause Full (System.gc()) 1450M->1450M(6144M) 554.719ms
[19.060s][info][gc,metaspace] GC(41) Metaspace: 11230K(11584K)->11230K(11584K) NonClass: 9429K(9600K)->9429K(9600K) Class: 1800K(1984K)->1800K(1984K)
[19.060s][info][gc          ] GC(41) Pause Full (System.gc()) 1450M->1450M(6144M) 559.582ms
[19.617s][info][gc,metaspace] GC(42) Metaspace: 11230K(11584K)->11230K(11584K) NonClass: 9429K(9600K)->9429K(9600K) Class: 1800K(1984K)->1800K(1984K)
[19.617s][info][gc          ] GC(42) Pause Full (System.gc()) 1450M->1450M(6144M) 557.326ms
[20.173s][info][gc,metaspace] GC(43) Metaspace: 11230K(11584K)->11230K(11584K) NonClass: 9429K(9600K)->9429K(9600K) Class: 1800K(1984K)->1800K(1984K)
[20.173s][info][gc          ] GC(43) Pause Full (System.gc()) 1450M->1450M(6144M) 555.386ms
[20.729s][info][gc,metaspace] GC(44) Metaspace: 11230K(11584K)->11230K(11584K) NonClass: 9429K(9600K)->9429K(9600K) Class: 1800K(1984K)->1800K(1984K)
[20.729s][info][gc          ] GC(44) Pause Full (System.gc()) 1450M->1450M(6144M) 556.410ms
[21.287s][info][gc,metaspace] GC(45) Metaspace: 11230K(11584K)->11230K(11584K) NonClass: 9429K(9600K)->9429K(9600K) Class: 1800K(1984K)->1800K(1984K)
[21.287s][info][gc          ] GC(45) Pause Full (System.gc()) 1450M->1450M(6144M) 557.907ms
[21.843s][info][gc,metaspace] GC(46) Metaspace: 11230K(11584K)->11230K(11584K) NonClass: 9429K(9600K)->9429K(9600K) Class: 1800K(1984K)->1800K(1984K)
[21.843s][info][gc          ] GC(46) Pause Full (System.gc()) 1450M->1450M(6144M) 555.960ms
[22.399s][info][gc,metaspace] GC(47) Metaspace: 11230K(11584K)->11230K(11584K) NonClass: 9429K(9600K)->9429K(9600K) Class: 1800K(1984K)->1800K(1984K)
[22.399s][info][gc          ] GC(47) Pause Full (System.gc()) 1450M->1450M(6144M) 555.337ms
[22.962s][info][gc,metaspace] GC(48) Metaspace: 11230K(11584K)->11230K(11584K) NonClass: 9429K(9600K)->9429K(9600K) Class: 1800K(1984K)->1800K(1984K)
[22.962s][info][gc          ] GC(48) Pause Full (System.gc()) 1450M->1450M(6144M) 562.802ms
[23.519s][info][gc,metaspace] GC(49) Metaspace: 11230K(11584K)->11230K(11584K) NonClass: 9429K(9600K)->9429K(9600K) Class: 1800K(1984K)->1800K(1984K)
[23.519s][info][gc          ] GC(49) Pause Full (System.gc()) 1450M->1450M(6144M) 557.563ms
[24.080s][info][gc,metaspace] GC(50) Metaspace: 11230K(11584K)->11230K(11584K) NonClass: 9429K(9600K)->9429K(9600K) Class: 1800K(1984K)->1800K(1984K)
[24.081s][info][gc          ] GC(50) Pause Full (System.gc()) 1450M->1450M(6144M) 561.187ms
[24.642s][info][gc,metaspace] GC(51) Metaspace: 11230K(11584K)->11230K(11584K) NonClass: 9429K(9600K)->9429K(9600K) Class: 1800K(1984K)->1800K(1984K)
[24.642s][info][gc          ] GC(51) Pause Full (System.gc()) 1450M->1450M(6144M) 561.464ms
[25.200s][info][gc,metaspace] GC(52) Metaspace: 11230K(11584K)->11230K(11584K) NonClass: 9429K(9600K)->9429K(9600K) Class: 1800K(1984K)->1800K(1984K)
[25.200s][info][gc          ] GC(52) Pause Full (System.gc()) 1450M->1450M(6144M) 557.843ms
[25.757s][info][gc,metaspace] GC(53) Metaspace: 11230K(11584K)->11230K(11584K) NonClass: 9429K(9600K)->9429K(9600K) Class: 1800K(1984K)->1800K(1984K)
[25.757s][info][gc          ] GC(53) Pause Full (System.gc()) 1450M->1450M(6144M) 557.399ms
[26.314s][info][gc,metaspace] GC(54) Metaspace: 11230K(11584K)->11230K(11584K) NonClass: 9429K(9600K)->9429K(9600K) Class: 1800K(1984K)->1800K(1984K)
[26.314s][info][gc          ] GC(54) Pause Full (System.gc()) 1450M->1450M(6144M) 556.053ms
[26.870s][info][gc,metaspace] GC(55) Metaspace: 11230K(11584K)->11230K(11584K) NonClass: 9429K(9600K)->9429K(9600K) Class: 1800K(1984K)->1800K(1984K)
[26.870s][info][gc          ] GC(55) Pause Full (System.gc()) 1450M->1450M(6144M) 556.709ms
[27.430s][info][gc,metaspace] GC(56) Metaspace: 11230K(11584K)->11230K(11584K) NonClass: 9429K(9600K)->9429K(9600K) Class: 1800K(1984K)->1800K(1984K)
[27.430s][info][gc          ] GC(56) Pause Full (System.gc()) 1450M->1450M(6144M) 559.440ms
[27.987s][info][gc,metaspace] GC(57) Metaspace: 11230K(11584K)->11230K(11584K) NonClass: 9429K(9600K)->9429K(9600K) Class: 1800K(1984K)->1800K(1984K)
[27.987s][info][gc          ] GC(57) Pause Full (System.gc()) 1450M->1450M(6144M) 557.199ms
[28.546s][info][gc,metaspace] GC(58) Metaspace: 11230K(11584K)->11230K(11584K) NonClass: 9429K(9600K)->9429K(9600K) Class: 1800K(1984K)->1800K(1984K)
[28.546s][info][gc          ] GC(58) Pause Full (System.gc()) 1450M->1450M(6144M) 559.212ms
[29.103s][info][gc,metaspace] GC(59) Metaspace: 11230K(11584K)->11230K(11584K) NonClass: 9429K(9600K)->9429K(9600K) Class: 1800K(1984K)->1800K(1984K)
[29.103s][info][gc          ] GC(59) Pause Full (System.gc()) 1450M->1450M(6144M) 556.524ms
[29.664s][info][gc,metaspace] GC(60) Metaspace: 11230K(11584K)->11230K(11584K) NonClass: 9429K(9600K)->9429K(9600K) Class: 1800K(1984K)->1800K(1984K)
[29.664s][info][gc          ] GC(60) Pause Full (System.gc()) 1450M->1450M(6144M) 560.854ms
[30.220s][info][gc,metaspace] GC(61) Metaspace: 11230K(11584K)->11230K(11584K) NonClass: 9429K(9600K)->9429K(9600K) Class: 1800K(1984K)->1800K(1984K)
[30.220s][info][gc          ] GC(61) Pause Full (System.gc()) 1450M->1450M(6144M) 555.843ms
[30.780s][info][gc,metaspace] GC(62) Metaspace: 11230K(11584K)->11230K(11584K) NonClass: 9429K(9600K)->9429K(9600K) Class: 1800K(1984K)->1800K(1984K)
[30.780s][info][gc          ] GC(62) Pause Full (System.gc()) 1450M->1450M(6144M) 559.979ms
[31.336s][info][gc,metaspace] GC(63) Metaspace: 11230K(11584K)->11230K(11584K) NonClass: 9429K(9600K)->9429K(9600K) Class: 1800K(1984K)->1800K(1984K)
[31.336s][info][gc          ] GC(63) Pause Full (System.gc()) 1450M->1450M(6144M) 555.616ms
[31.889s][info][gc,metaspace] GC(64) Metaspace: 11230K(11584K)->11230K(11584K) NonClass: 9429K(9600K)->9429K(9600K) Class: 1800K(1984K)->1800K(1984K)
[31.889s][info][gc          ] GC(64) Pause Full (System.gc()) 1450M->1450M(6144M) 553.100ms
[32.443s][info][gc,metaspace] GC(65) Metaspace: 11230K(11584K)->11230K(11584K) NonClass: 9429K(9600K)->9429K(9600K) Class: 1800K(1984K)->1800K(1984K)
[32.443s][info][gc          ] GC(65) Pause Full (System.gc()) 1450M->1450M(6144M) 554.512ms
[33.004s][info][gc,metaspace] GC(66) Metaspace: 11230K(11584K)->11230K(11584K) NonClass: 9429K(9600K)->9429K(9600K) Class: 1800K(1984K)->1800K(1984K)
[33.004s][info][gc          ] GC(66) Pause Full (System.gc()) 1450M->1450M(6144M) 560.583ms
[33.568s][info][gc,metaspace] GC(67) Metaspace: 11230K(11584K)->11230K(11584K) NonClass: 9429K(9600K)->9429K(9600K) Class: 1800K(1984K)->1800K(1984K)
[33.568s][info][gc          ] GC(67) Pause Full (System.gc()) 1450M->1450M(6144M) 563.910ms
[34.129s][info][gc,metaspace] GC(68) Metaspace: 11230K(11584K)->11230K(11584K) NonClass: 9429K(9600K)->9429K(9600K) Class: 1800K(1984K)->1800K(1984K)
[34.129s][info][gc          ] GC(68) Pause Full (System.gc()) 1450M->1450M(6144M) 560.650ms
[34.689s][info][gc,metaspace] GC(69) Metaspace: 11230K(11584K)->11230K(11584K) NonClass: 9429K(9600K)->9429K(9600K) Class: 1800K(1984K)->1800K(1984K)
[34.689s][info][gc          ] GC(69) Pause Full (System.gc()) 1450M->1450M(6144M) 560.065ms
[35.249s][info][gc,metaspace] GC(70) Metaspace: 11230K(11584K)->11230K(11584K) NonClass: 9429K(9600K)->9429K(9600K) Class: 1800K(1984K)->1800K(1984K)
[35.250s][info][gc          ] GC(70) Pause Full (System.gc()) 1450M->1450M(6144M) 560.663ms
[35.810s][info][gc,metaspace] GC(71) Metaspace: 11230K(11584K)->11230K(11584K) NonClass: 9429K(9600K)->9429K(9600K) Class: 1800K(1984K)->1800K(1984K)
[35.810s][info][gc          ] GC(71) Pause Full (System.gc()) 1450M->1450M(6144M) 560.183ms
[36.371s][info][gc,metaspace] GC(72) Metaspace: 11230K(11584K)->11230K(11584K) NonClass: 9429K(9600K)->9429K(9600K) Class: 1800K(1984K)->1800K(1984K)
[36.371s][info][gc          ] GC(72) Pause Full (System.gc()) 1450M->1450M(6144M) 560.840ms
[36.927s][info][gc,metaspace] GC(73) Metaspace: 11230K(11584K)->11230K(11584K) NonClass: 9429K(9600K)->9429K(9600K) Class: 1800K(1984K)->1800K(1984K)
[36.927s][info][gc          ] GC(73) Pause Full (System.gc()) 1450M->1450M(6144M) 556.400ms
[37.486s][info][gc,metaspace] GC(74) Metaspace: 11230K(11584K)->11230K(11584K) NonClass: 9429K(9600K)->9429K(9600K) Class: 1800K(1984K)->1800K(1984K)
[37.486s][info][gc          ] GC(74) Pause Full (System.gc()) 1450M->1450M(6144M) 559.056ms
After GCs... 
