Done; will start GCs... 
[10.223s][info][gc,metaspace] GC(26) Metaspace: 11233K(11520K)->11233K(11520K) NonClass: 10144K(10304K)->10144K(10304K) Class: 1088K(1216K)->1088K(1216K)
[10.223s][info][gc          ] GC(26) Pause Full (System.gc()) 1708M->1706M(6144M) 641.318ms
[10.861s][info][gc,metaspace] GC(27) Metaspace: 11233K(11520K)->11233K(11520K) NonClass: 10144K(10304K)->10144K(10304K) Class: 1088K(1216K)->1088K(1216K)
[10.861s][info][gc          ] GC(27) Pause Full (System.gc()) 1706M->1706M(6144M) 638.594ms
[11.499s][info][gc,metaspace] GC(28) Metaspace: 11233K(11520K)->11233K(11520K) NonClass: 10144K(10304K)->10144K(10304K) Class: 1088K(1216K)->1088K(1216K)
[11.499s][info][gc          ] GC(28) Pause Full (System.gc()) 1706M->1706M(6144M) 637.083ms
[12.130s][info][gc,metaspace] GC(29) Metaspace: 11233K(11520K)->11233K(11520K) NonClass: 10144K(10304K)->10144K(10304K) Class: 1088K(1216K)->1088K(1216K)
[12.130s][info][gc          ] GC(29) Pause Full (System.gc()) 1706M->1706M(6144M) 631.528ms
[12.770s][info][gc,metaspace] GC(30) Metaspace: 11233K(11520K)->11233K(11520K) NonClass: 10144K(10304K)->10144K(10304K) Class: 1088K(1216K)->1088K(1216K)
[12.770s][info][gc          ] GC(30) Pause Full (System.gc()) 1706M->1706M(6144M) 640.041ms
[13.403s][info][gc,metaspace] GC(31) Metaspace: 11233K(11520K)->11233K(11520K) NonClass: 10144K(10304K)->10144K(10304K) Class: 1088K(1216K)->1088K(1216K)
[13.403s][info][gc          ] GC(31) Pause Full (System.gc()) 1706M->1706M(6144M) 632.655ms
[14.003s][info][gc,metaspace] GC(32) Metaspace: 11233K(11520K)->11233K(11520K) NonClass: 10144K(10304K)->10144K(10304K) Class: 1088K(1216K)->1088K(1216K)
[14.003s][info][gc          ] GC(32) Pause Full (System.gc()) 1706M->1706M(6144M) 599.687ms
[14.623s][info][gc,metaspace] GC(33) Metaspace: 11233K(11520K)->11233K(11520K) NonClass: 10144K(10304K)->10144K(10304K) Class: 1088K(1216K)->1088K(1216K)
[14.624s][info][gc          ] GC(33) Pause Full (System.gc()) 1706M->1706M(6144M) 620.719ms
[15.242s][info][gc,metaspace] GC(34) Metaspace: 11233K(11520K)->11233K(11520K) NonClass: 10144K(10304K)->10144K(10304K) Class: 1088K(1216K)->1088K(1216K)
[15.243s][info][gc          ] GC(34) Pause Full (System.gc()) 1706M->1706M(6144M) 618.923ms
[15.864s][info][gc,metaspace] GC(35) Metaspace: 11233K(11520K)->11233K(11520K) NonClass: 10144K(10304K)->10144K(10304K) Class: 1088K(1216K)->1088K(1216K)
[15.865s][info][gc          ] GC(35) Pause Full (System.gc()) 1706M->1706M(6144M) 621.934ms
[16.488s][info][gc,metaspace] GC(36) Metaspace: 11233K(11520K)->11233K(11520K) NonClass: 10144K(10304K)->10144K(10304K) Class: 1088K(1216K)->1088K(1216K)
[16.488s][info][gc          ] GC(36) Pause Full (System.gc()) 1706M->1706M(6144M) 623.112ms
[17.048s][info][gc,metaspace] GC(37) Metaspace: 11233K(11520K)->11233K(11520K) NonClass: 10144K(10304K)->10144K(10304K) Class: 1088K(1216K)->1088K(1216K)
[17.048s][info][gc          ] GC(37) Pause Full (System.gc()) 1706M->1706M(6144M) 560.563ms
[17.609s][info][gc,metaspace] GC(38) Metaspace: 11233K(11520K)->11233K(11520K) NonClass: 10144K(10304K)->10144K(10304K) Class: 1088K(1216K)->1088K(1216K)
[17.609s][info][gc          ] GC(38) Pause Full (System.gc()) 1706M->1706M(6144M) 561.069ms
[18.170s][info][gc,metaspace] GC(39) Metaspace: 11233K(11520K)->11233K(11520K) NonClass: 10144K(10304K)->10144K(10304K) Class: 1088K(1216K)->1088K(1216K)
[18.170s][info][gc          ] GC(39) Pause Full (System.gc()) 1706M->1706M(6144M) 560.924ms
[18.732s][info][gc,metaspace] GC(40) Metaspace: 11233K(11520K)->11233K(11520K) NonClass: 10144K(10304K)->10144K(10304K) Class: 1088K(1216K)->1088K(1216K)
[18.732s][info][gc          ] GC(40) Pause Full (System.gc()) 1706M->1706M(6144M) 561.871ms
[19.297s][info][gc,metaspace] GC(41) Metaspace: 11233K(11520K)->11233K(11520K) NonClass: 10144K(10304K)->10144K(10304K) Class: 1088K(1216K)->1088K(1216K)
[19.297s][info][gc          ] GC(41) Pause Full (System.gc()) 1706M->1706M(6144M) 564.424ms
[19.859s][info][gc,metaspace] GC(42) Metaspace: 11233K(11520K)->11233K(11520K) NonClass: 10144K(10304K)->10144K(10304K) Class: 1088K(1216K)->1088K(1216K)
[19.859s][info][gc          ] GC(42) Pause Full (System.gc()) 1706M->1706M(6144M) 562.380ms
[20.422s][info][gc,metaspace] GC(43) Metaspace: 11233K(11520K)->11233K(11520K) NonClass: 10144K(10304K)->10144K(10304K) Class: 1088K(1216K)->1088K(1216K)
[20.422s][info][gc          ] GC(43) Pause Full (System.gc()) 1706M->1706M(6144M) 562.477ms
[20.984s][info][gc,metaspace] GC(44) Metaspace: 11233K(11520K)->11233K(11520K) NonClass: 10144K(10304K)->10144K(10304K) Class: 1088K(1216K)->1088K(1216K)
[20.985s][info][gc          ] GC(44) Pause Full (System.gc()) 1706M->1706M(6144M) 562.569ms
[21.549s][info][gc,metaspace] GC(45) Metaspace: 11233K(11520K)->11233K(11520K) NonClass: 10144K(10304K)->10144K(10304K) Class: 1088K(1216K)->1088K(1216K)
[21.549s][info][gc          ] GC(45) Pause Full (System.gc()) 1706M->1706M(6144M) 564.025ms
[22.114s][info][gc,metaspace] GC(46) Metaspace: 11233K(11520K)->11233K(11520K) NonClass: 10144K(10304K)->10144K(10304K) Class: 1088K(1216K)->1088K(1216K)
[22.114s][info][gc          ] GC(46) Pause Full (System.gc()) 1706M->1706M(6144M) 565.057ms
[22.676s][info][gc,metaspace] GC(47) Metaspace: 11233K(11520K)->11233K(11520K) NonClass: 10144K(10304K)->10144K(10304K) Class: 1088K(1216K)->1088K(1216K)
[22.676s][info][gc          ] GC(47) Pause Full (System.gc()) 1706M->1706M(6144M) 562.057ms
[23.238s][info][gc,metaspace] GC(48) Metaspace: 11233K(11520K)->11233K(11520K) NonClass: 10144K(10304K)->10144K(10304K) Class: 1088K(1216K)->1088K(1216K)
[23.238s][info][gc          ] GC(48) Pause Full (System.gc()) 1706M->1706M(6144M) 562.552ms
[23.809s][info][gc,metaspace] GC(49) Metaspace: 11233K(11520K)->11233K(11520K) NonClass: 10144K(10304K)->10144K(10304K) Class: 1088K(1216K)->1088K(1216K)
[23.809s][info][gc          ] GC(49) Pause Full (System.gc()) 1706M->1706M(6144M) 570.201ms
[24.371s][info][gc,metaspace] GC(50) Metaspace: 11233K(11520K)->11233K(11520K) NonClass: 10144K(10304K)->10144K(10304K) Class: 1088K(1216K)->1088K(1216K)
[24.371s][info][gc          ] GC(50) Pause Full (System.gc()) 1706M->1706M(6144M) 561.936ms
[24.937s][info][gc,metaspace] GC(51) Metaspace: 11233K(11520K)->11233K(11520K) NonClass: 10144K(10304K)->10144K(10304K) Class: 1088K(1216K)->1088K(1216K)
[24.937s][info][gc          ] GC(51) Pause Full (System.gc()) 1706M->1706M(6144M) 565.794ms
[25.497s][info][gc,metaspace] GC(52) Metaspace: 11233K(11520K)->11233K(11520K) NonClass: 10144K(10304K)->10144K(10304K) Class: 1088K(1216K)->1088K(1216K)
[25.497s][info][gc          ] GC(52) Pause Full (System.gc()) 1706M->1706M(6144M) 560.130ms
[26.062s][info][gc,metaspace] GC(53) Metaspace: 11233K(11520K)->11233K(11520K) NonClass: 10144K(10304K)->10144K(10304K) Class: 1088K(1216K)->1088K(1216K)
[26.062s][info][gc          ] GC(53) Pause Full (System.gc()) 1706M->1706M(6144M) 565.614ms
[26.625s][info][gc,metaspace] GC(54) Metaspace: 11233K(11520K)->11233K(11520K) NonClass: 10144K(10304K)->10144K(10304K) Class: 1088K(1216K)->1088K(1216K)
[26.625s][info][gc          ] GC(54) Pause Full (System.gc()) 1706M->1706M(6144M) 562.499ms
[27.197s][info][gc,metaspace] GC(55) Metaspace: 11233K(11520K)->11233K(11520K) NonClass: 10144K(10304K)->10144K(10304K) Class: 1088K(1216K)->1088K(1216K)
[27.197s][info][gc          ] GC(55) Pause Full (System.gc()) 1706M->1706M(6144M) 571.518ms
[27.758s][info][gc,metaspace] GC(56) Metaspace: 11233K(11520K)->11233K(11520K) NonClass: 10144K(10304K)->10144K(10304K) Class: 1088K(1216K)->1088K(1216K)
[27.758s][info][gc          ] GC(56) Pause Full (System.gc()) 1706M->1706M(6144M) 561.398ms
[28.320s][info][gc,metaspace] GC(57) Metaspace: 11233K(11520K)->11233K(11520K) NonClass: 10144K(10304K)->10144K(10304K) Class: 1088K(1216K)->1088K(1216K)
[28.320s][info][gc          ] GC(57) Pause Full (System.gc()) 1706M->1706M(6144M) 561.406ms
[28.881s][info][gc,metaspace] GC(58) Metaspace: 11233K(11520K)->11233K(11520K) NonClass: 10144K(10304K)->10144K(10304K) Class: 1088K(1216K)->1088K(1216K)
[28.881s][info][gc          ] GC(58) Pause Full (System.gc()) 1706M->1706M(6144M) 561.716ms
[29.440s][info][gc,metaspace] GC(59) Metaspace: 11233K(11520K)->11233K(11520K) NonClass: 10144K(10304K)->10144K(10304K) Class: 1088K(1216K)->1088K(1216K)
[29.440s][info][gc          ] GC(59) Pause Full (System.gc()) 1706M->1706M(6144M) 558.852ms
[29.999s][info][gc,metaspace] GC(60) Metaspace: 11233K(11520K)->11233K(11520K) NonClass: 10144K(10304K)->10144K(10304K) Class: 1088K(1216K)->1088K(1216K)
[29.999s][info][gc          ] GC(60) Pause Full (System.gc()) 1706M->1706M(6144M) 558.544ms
[30.561s][info][gc,metaspace] GC(61) Metaspace: 11233K(11520K)->11233K(11520K) NonClass: 10144K(10304K)->10144K(10304K) Class: 1088K(1216K)->1088K(1216K)
[30.561s][info][gc          ] GC(61) Pause Full (System.gc()) 1706M->1706M(6144M) 562.410ms
[31.121s][info][gc,metaspace] GC(62) Metaspace: 11233K(11520K)->11233K(11520K) NonClass: 10144K(10304K)->10144K(10304K) Class: 1088K(1216K)->1088K(1216K)
[31.121s][info][gc          ] GC(62) Pause Full (System.gc()) 1706M->1706M(6144M) 560.047ms
[31.685s][info][gc,metaspace] GC(63) Metaspace: 11233K(11520K)->11233K(11520K) NonClass: 10144K(10304K)->10144K(10304K) Class: 1088K(1216K)->1088K(1216K)
[31.685s][info][gc          ] GC(63) Pause Full (System.gc()) 1706M->1706M(6144M) 563.475ms
[32.246s][info][gc,metaspace] GC(64) Metaspace: 11233K(11520K)->11233K(11520K) NonClass: 10144K(10304K)->10144K(10304K) Class: 1088K(1216K)->1088K(1216K)
[32.246s][info][gc          ] GC(64) Pause Full (System.gc()) 1706M->1706M(6144M) 560.671ms
[32.806s][info][gc,metaspace] GC(65) Metaspace: 11233K(11520K)->11233K(11520K) NonClass: 10144K(10304K)->10144K(10304K) Class: 1088K(1216K)->1088K(1216K)
[32.806s][info][gc          ] GC(65) Pause Full (System.gc()) 1706M->1706M(6144M) 560.373ms
[33.361s][info][gc,metaspace] GC(66) Metaspace: 11233K(11520K)->11233K(11520K) NonClass: 10144K(10304K)->10144K(10304K) Class: 1088K(1216K)->1088K(1216K)
[33.361s][info][gc          ] GC(66) Pause Full (System.gc()) 1706M->1706M(6144M) 555.039ms
[33.921s][info][gc,metaspace] GC(67) Metaspace: 11233K(11520K)->11233K(11520K) NonClass: 10144K(10304K)->10144K(10304K) Class: 1088K(1216K)->1088K(1216K)
[33.921s][info][gc          ] GC(67) Pause Full (System.gc()) 1706M->1706M(6144M) 559.761ms
[34.481s][info][gc,metaspace] GC(68) Metaspace: 11233K(11520K)->11233K(11520K) NonClass: 10144K(10304K)->10144K(10304K) Class: 1088K(1216K)->1088K(1216K)
[34.481s][info][gc          ] GC(68) Pause Full (System.gc()) 1706M->1706M(6144M) 559.488ms
[35.043s][info][gc,metaspace] GC(69) Metaspace: 11233K(11520K)->11233K(11520K) NonClass: 10144K(10304K)->10144K(10304K) Class: 1088K(1216K)->1088K(1216K)
[35.043s][info][gc          ] GC(69) Pause Full (System.gc()) 1706M->1706M(6144M) 562.337ms
[35.602s][info][gc,metaspace] GC(70) Metaspace: 11233K(11520K)->11233K(11520K) NonClass: 10144K(10304K)->10144K(10304K) Class: 1088K(1216K)->1088K(1216K)
[35.602s][info][gc          ] GC(70) Pause Full (System.gc()) 1706M->1706M(6144M) 558.441ms
[36.162s][info][gc,metaspace] GC(71) Metaspace: 11233K(11520K)->11233K(11520K) NonClass: 10144K(10304K)->10144K(10304K) Class: 1088K(1216K)->1088K(1216K)
[36.162s][info][gc          ] GC(71) Pause Full (System.gc()) 1706M->1706M(6144M) 560.641ms
[36.721s][info][gc,metaspace] GC(72) Metaspace: 11233K(11520K)->11233K(11520K) NonClass: 10144K(10304K)->10144K(10304K) Class: 1088K(1216K)->1088K(1216K)
[36.721s][info][gc          ] GC(72) Pause Full (System.gc()) 1706M->1706M(6144M) 558.559ms
[37.286s][info][gc,metaspace] GC(73) Metaspace: 11233K(11520K)->11233K(11520K) NonClass: 10144K(10304K)->10144K(10304K) Class: 1088K(1216K)->1088K(1216K)
[37.287s][info][gc          ] GC(73) Pause Full (System.gc()) 1706M->1706M(6144M) 565.542ms
[37.844s][info][gc,metaspace] GC(74) Metaspace: 11233K(11520K)->11233K(11520K) NonClass: 10144K(10304K)->10144K(10304K) Class: 1088K(1216K)->1088K(1216K)
[37.844s][info][gc          ] GC(74) Pause Full (System.gc()) 1706M->1706M(6144M) 557.457ms
[38.407s][info][gc,metaspace] GC(75) Metaspace: 11233K(11520K)->11233K(11520K) NonClass: 10144K(10304K)->10144K(10304K) Class: 1088K(1216K)->1088K(1216K)
[38.407s][info][gc          ] GC(75) Pause Full (System.gc()) 1706M->1706M(6144M) 562.421ms
After GCs... 
