[0.001s][info][metaspace]  - commit_granule_bytes: 65536.
[0.001s][info][metaspace]  - commit_granule_words: 8192.
[0.001s][info][metaspace]  - virtual_space_node_default_size: 8388608.
[0.001s][info][metaspace]  - enlarge_chunks_in_place: 1.
[0.001s][info][metaspace]  - use_allocation_guard: 0.
[0.005s][info][gc       ] Using Serial
[1.896s][info][metaspace] Reserving compressed class space anywhere
[1.896s][info][gc,metaspace] CDS archive(s) not mapped
[1.896s][info][gc,metaspace] Compressed class space mapped at: 0x000000001d000000-0x00000000dd000000, reserved size: 3221225472
[1.896s][info][gc,metaspace] UseCompressedClassPointers 1, UseCompactObjectHeaders 1, narrow klass pointer bits 22, max shift 10
[1.896s][info][gc,metaspace] Narrow klass base: 0x000000001d000000, Narrow klass shift: 10, Narrow klass range: 0xc0000000
Num Classes: 16384
Num Objects per Class: 4096
Cycles: 10
randomize: true (disable with --no-randomization)
ballOfYarn mode: false (switch to flat mode with --flat-mode)
Generate 16384 classes...[4.022s][info][gc,metaspace] GC(0) Metaspace: 23055K(23424K)->23055K(23424K) NonClass: 19324K(19520K)->19324K(19520K) Class: 3730K(3904K)->3730K(3904K)
[4.022s][info][gc          ] GC(0) Pause Young (Allocation Failure) 1638M->4M(5939M) 15.591ms
[5.313s][info][gc,metaspace] GC(1) Metaspace: 23759K(24128K)->23759K(24128K) NonClass: 20027K(20224K)->20027K(20224K) Class: 3732K(3904K)->3732K(3904K)
[5.313s][info][gc          ] GC(1) Pause Young (Allocation Failure) 1642M->4M(5939M) 15.161ms
[6.528s][info][gc,metaspace] GC(2) Metaspace: 23812K(24128K)->23812K(24128K) NonClass: 20079K(20224K)->20079K(20224K) Class: 3732K(3904K)->3732K(3904K)
[6.528s][info][gc          ] GC(2) Pause Young (Allocation Failure) 1643M->5M(5939M) 13.135ms
[7.767s][info][gc,metaspace] GC(3) Metaspace: 23853K(24256K)->23853K(24256K) NonClass: 20121K(20352K)->20121K(20352K) Class: 3732K(3904K)->3732K(3904K)
[7.767s][info][gc          ] GC(3) Pause Young (Allocation Failure) 1643M->5M(5939M) 17.159ms
[8.898s][info][gc,metaspace] GC(4) Metaspace: 23941K(24320K)->23941K(24320K) NonClass: 20209K(20416K)->20209K(20416K) Class: 3732K(3904K)->3732K(3904K)
[8.898s][info][gc          ] GC(4) Pause Young (Allocation Failure) 1644M->6M(5939M) 18.204ms
[9.989s][info][gc,metaspace] GC(5) Metaspace: 23976K(24384K)->23976K(24384K) NonClass: 20243K(20480K)->20243K(20480K) Class: 3733K(3904K)->3733K(3904K)
[9.989s][info][gc          ] GC(5) Pause Young (Allocation Failure) 1644M->6M(5939M) 15.196ms
[11.078s][info][gc,metaspace] GC(6) Metaspace: 23976K(24384K)->23976K(24384K) NonClass: 20243K(20480K)->20243K(20480K) Class: 3733K(3904K)->3733K(3904K)
[11.078s][info][gc          ] GC(6) Pause Young (Allocation Failure) 1645M->7M(5939M) 19.390ms
[12.157s][info][gc,metaspace] GC(7) Metaspace: 23976K(24384K)->23976K(24384K) NonClass: 20243K(20480K)->20243K(20480K) Class: 3733K(3904K)->3733K(3904K)
[12.157s][info][gc          ] GC(7) Pause Young (Allocation Failure) 1645M->7M(5939M) 19.954ms
[13.227s][info][gc,metaspace] GC(8) Metaspace: 23976K(24384K)->23976K(24384K) NonClass: 20243K(20480K)->20243K(20480K) Class: 3733K(3904K)->3733K(3904K)
[13.227s][info][gc          ] GC(8) Pause Young (Allocation Failure) 1646M->8M(5939M) 20.608ms
[14.295s][info][gc,metaspace] GC(9) Metaspace: 23976K(24384K)->23976K(24384K) NonClass: 20243K(20480K)->20243K(20480K) Class: 3733K(3904K)->3733K(3904K)
[14.295s][info][gc          ] GC(9) Pause Young (Allocation Failure) 1646M->7M(5939M) 18.462ms
[15.398s][info][gc,metaspace] GC(10) Metaspace: 23982K(24384K)->23982K(24384K) NonClass: 20249K(20480K)->20249K(20480K) Class: 3733K(3904K)->3733K(3904K)
[15.398s][info][gc          ] GC(10) Pause Young (Allocation Failure) 1646M->8M(5939M) 19.335ms
[16.478s][info][gc,metaspace] GC(11) Metaspace: 23982K(24384K)->23982K(24384K) NonClass: 20249K(20480K)->20249K(20480K) Class: 3733K(3904K)->3733K(3904K)
[16.479s][info][gc          ] GC(11) Pause Young (Allocation Failure) 1646M->9M(5939M) 21.303ms
[17.545s][info][gc,metaspace] GC(12) Metaspace: 23982K(24384K)->23982K(24384K) NonClass: 20249K(20480K)->20249K(20480K) Class: 3733K(3904K)->3733K(3904K)
[17.545s][info][gc          ] GC(12) Pause Young (Allocation Failure) 1647M->9M(5939M) 14.080ms
[18.604s][info][gc,metaspace] GC(13) Metaspace: 23982K(24384K)->23982K(24384K) NonClass: 20249K(20480K)->20249K(20480K) Class: 3733K(3904K)->3733K(3904K)
[18.604s][info][gc          ] GC(13) Pause Young (Allocation Failure) 1648M->9M(5939M) 21.962ms
[19.643s][info][gc,metaspace] GC(14) Metaspace: 23982K(24384K)->23982K(24384K) NonClass: 20249K(20480K)->20249K(20480K) Class: 3733K(3904K)->3733K(3904K)
[19.643s][info][gc          ] GC(14) Pause Young (Allocation Failure) 1648M->10M(5939M) 14.757ms
[21.055s][info][gc,metaspace] GC(15) Metaspace: 23982K(24384K)->23982K(24384K) NonClass: 20249K(20480K)->20249K(20480K) Class: 3733K(3904K)->3733K(3904K)
[21.056s][info][gc          ] GC(15) Pause Young (Allocation Failure) 1649M->10M(5939M) 23.147ms
[22.098s][info][gc,metaspace] GC(16) Metaspace: 23982K(24384K)->23982K(24384K) NonClass: 20249K(20480K)->20249K(20480K) Class: 3733K(3904K)->3733K(3904K)
[22.098s][info][gc          ] GC(16) Pause Young (Allocation Failure) 1649M->11M(5939M) 10.602ms
[23.133s][info][gc,metaspace] GC(17) Metaspace: 23982K(24384K)->23982K(24384K) NonClass: 20249K(20480K)->20249K(20480K) Class: 3733K(3904K)->3733K(3904K)
[23.133s][info][gc          ] GC(17) Pause Young (Allocation Failure) 1650M->11M(5939M) 8.035ms
[24.170s][info][gc,metaspace] GC(18) Metaspace: 23982K(24384K)->23982K(24384K) NonClass: 20249K(20480K)->20249K(20480K) Class: 3733K(3904K)->3733K(3904K)
[24.170s][info][gc          ] GC(18) Pause Young (Allocation Failure) 1650M->11M(5939M) 4.255ms
[25.210s][info][gc,metaspace] GC(19) Metaspace: 23982K(24384K)->23982K(24384K) NonClass: 20249K(20480K)->20249K(20480K) Class: 3733K(3904K)->3733K(3904K)
[25.210s][info][gc          ] GC(19) Pause Young (Allocation Failure) 1649M->12M(5939M) 8.698ms
[26.243s][info][gc,metaspace] GC(20) Metaspace: 23982K(24384K)->23982K(24384K) NonClass: 20249K(20480K)->20249K(20480K) Class: 3733K(3904K)->3733K(3904K)
[26.243s][info][gc          ] GC(20) Pause Young (Allocation Failure) 1651M->12M(5939M) 7.653ms
[27.272s][info][gc,metaspace] GC(21) Metaspace: 23982K(24384K)->23982K(24384K) NonClass: 20249K(20480K)->20249K(20480K) Class: 3733K(3904K)->3733K(3904K)
[27.272s][info][gc          ] GC(21) Pause Young (Allocation Failure) 1651M->14M(5939M) 5.951ms
[28.311s][info][gc,metaspace] GC(22) Metaspace: 23982K(24384K)->23982K(24384K) NonClass: 20249K(20480K)->20249K(20480K) Class: 3733K(3904K)->3733K(3904K)
[28.311s][info][gc          ] GC(22) Pause Young (Allocation Failure) 1652M->14M(5939M) 8.507ms
[29.338s][info][gc,metaspace] GC(23) Metaspace: 23982K(24384K)->23982K(24384K) NonClass: 20249K(20480K)->20249K(20480K) Class: 3733K(3904K)->3733K(3904K)
[29.338s][info][gc          ] GC(23) Pause Young (Allocation Failure) 1652M->14M(5939M) 6.995ms
[30.371s][info][gc,metaspace] GC(24) Metaspace: 23982K(24384K)->23982K(24384K) NonClass: 20249K(20480K)->20249K(20480K) Class: 3733K(3904K)->3733K(3904K)
[30.372s][info][gc          ] GC(24) Pause Young (Allocation Failure) 1652M->15M(5939M) 9.173ms
[31.399s][info][gc,metaspace] GC(25) Metaspace: 23982K(24384K)->23982K(24384K) NonClass: 20249K(20480K)->20249K(20480K) Class: 3733K(3904K)->3733K(3904K)
[31.399s][info][gc          ] GC(25) Pause Young (Allocation Failure) 1653M->15M(5939M) 8.494ms
[32.427s][info][gc,metaspace] GC(26) Metaspace: 23982K(24384K)->23982K(24384K) NonClass: 20249K(20480K)->20249K(20480K) Class: 3733K(3904K)->3733K(3904K)
[32.427s][info][gc          ] GC(26) Pause Young (Allocation Failure) 1654M->15M(5939M) 7.317ms
[33.453s][info][gc,metaspace] GC(27) Metaspace: 23982K(24384K)->23982K(24384K) NonClass: 20249K(20480K)->20249K(20480K) Class: 3733K(3904K)->3733K(3904K)
[33.453s][info][gc          ] GC(27) Pause Young (Allocation Failure) 1654M->16M(5939M) 9.574ms
[34.478s][info][gc,metaspace] GC(28) Metaspace: 23982K(24384K)->23982K(24384K) NonClass: 20249K(20480K)->20249K(20480K) Class: 3733K(3904K)->3733K(3904K)
[34.478s][info][gc          ] GC(28) Pause Young (Allocation Failure) 1655M->17M(5939M) 5.535ms
[35.503s][info][gc,metaspace] GC(29) Metaspace: 23982K(24384K)->23982K(24384K) NonClass: 20249K(20480K)->20249K(20480K) Class: 3733K(3904K)->3733K(3904K)
[35.503s][info][gc          ] GC(29) Pause Young (Allocation Failure) 1655M->17M(5939M) 8.204ms
[36.521s][info][gc,metaspace] GC(30) Metaspace: 23982K(24384K)->23982K(24384K) NonClass: 20249K(20480K)->20249K(20480K) Class: 3733K(3904K)->3733K(3904K)
[36.521s][info][gc          ] GC(30) Pause Young (Allocation Failure) 1655M->16M(5939M) 4.188ms
[37.552s][info][gc,metaspace] GC(31) Metaspace: 23982K(24384K)->23982K(24384K) NonClass: 20249K(20480K)->20249K(20480K) Class: 3733K(3904K)->3733K(3904K)
[37.552s][info][gc          ] GC(31) Pause Young (Allocation Failure) 1655M->18M(5939M) 9.211ms
[38.573s][info][gc,metaspace] GC(32) Metaspace: 23982K(24384K)->23982K(24384K) NonClass: 20249K(20480K)->20249K(20480K) Class: 3733K(3904K)->3733K(3904K)
[38.573s][info][gc          ] GC(32) Pause Young (Allocation Failure) 1656M->18M(5939M) 8.217ms
[39.598s][info][gc,metaspace] GC(33) Metaspace: 23982K(24384K)->23982K(24384K) NonClass: 20249K(20480K)->20249K(20480K) Class: 3733K(3904K)->3733K(3904K)
[39.598s][info][gc          ] GC(33) Pause Young (Allocation Failure) 1657M->18M(5939M) 8.196ms
[40.619s][info][gc,metaspace] GC(34) Metaspace: 23982K(24384K)->23982K(24384K) NonClass: 20249K(20480K)->20249K(20480K) Class: 3733K(3904K)->3733K(3904K)
[40.619s][info][gc          ] GC(34) Pause Young (Allocation Failure) 1657M->19M(5939M) 10.588ms
[41.634s][info][gc,metaspace] GC(35) Metaspace: 23982K(24384K)->23982K(24384K) NonClass: 20249K(20480K)->20249K(20480K) Class: 3733K(3904K)->3733K(3904K)
[41.634s][info][gc          ] GC(35) Pause Young (Allocation Failure) 1658M->20M(5939M) 5.731ms

Loading 16384...[42.724s][info][gc,metaspace] GC(36) Metaspace: 49084K(49472K)->49084K(49472K) NonClass: 28967K(29184K)->28967K(29184K) Class: 20116K(20288K)->20116K(20288K)
[42.724s][info][gc          ] GC(36) Pause Full (System.gc()) 938M->21M(5939M) 291.247ms
Creating 4096 objects per class...[52.715s][info][gc,metaspace] GC(37) Metaspace: 93237K(108864K)->93237K(108864K) NonClass: 64542K(72192K)->64542K(72192K) Class: 28694K(36672K)->28694K(36672K)
[52.715s][info][gc          ] GC(37) Pause Full (CodeCache GC Threshold) 960M->404M(5939M) 1794.846ms

Preparatory GC...
[115.247s][info][gc,metaspace] GC(38) Metaspace: 101948K(115904K)->101948K(115904K) NonClass: 73254K(79232K)->73254K(79232K) Class: 28694K(36672K)->28694K(36672K)
[115.247s][info][gc          ] GC(38) Pause Full (System.gc()) 1476M->1443M(5939M) 10175.848ms
[124.893s][info][gc,metaspace] GC(39) Metaspace: 101948K(115904K)->101948K(115904K) NonClass: 73254K(79232K)->73254K(79232K) Class: 28694K(36672K)->28694K(36672K)
[124.893s][info][gc          ] GC(39) Pause Full (System.gc()) 1443M->1441M(5939M) 9645.988ms
Done; will start GCs... 
[132.750s][info][gc,metaspace] GC(40) Metaspace: 101948K(115904K)->101948K(115904K) NonClass: 73254K(79232K)->73254K(79232K) Class: 28694K(36672K)->28694K(36672K)
[132.750s][info][gc          ] GC(40) Pause Full (System.gc()) 1480M->1441M(5939M) 7855.630ms
[140.943s][info][gc,metaspace] GC(41) Metaspace: 101948K(115904K)->101948K(115904K) NonClass: 73254K(79232K)->73254K(79232K) Class: 28694K(36672K)->28694K(36672K)
[140.943s][info][gc          ] GC(41) Pause Full (System.gc()) 1441M->1441M(5939M) 8193.543ms
[148.849s][info][gc,metaspace] GC(42) Metaspace: 101948K(115904K)->101948K(115904K) NonClass: 73254K(79232K)->73254K(79232K) Class: 28694K(36672K)->28694K(36672K)
[148.849s][info][gc          ] GC(42) Pause Full (System.gc()) 1441M->1441M(5939M) 7905.395ms
[158.031s][info][gc,metaspace] GC(43) Metaspace: 101948K(115904K)->101948K(115904K) NonClass: 73254K(79232K)->73254K(79232K) Class: 28694K(36672K)->28694K(36672K)
[158.031s][info][gc          ] GC(43) Pause Full (System.gc()) 1441M->1441M(5939M) 9181.614ms
[165.862s][info][gc,metaspace] GC(44) Metaspace: 101948K(115904K)->101948K(115904K) NonClass: 73254K(79232K)->73254K(79232K) Class: 28694K(36672K)->28694K(36672K)
[165.862s][info][gc          ] GC(44) Pause Full (System.gc()) 1441M->1441M(5939M) 7830.150ms
[173.709s][info][gc,metaspace] GC(45) Metaspace: 101948K(115904K)->101948K(115904K) NonClass: 73254K(79232K)->73254K(79232K) Class: 28694K(36672K)->28694K(36672K)
[173.709s][info][gc          ] GC(45) Pause Full (System.gc()) 1441M->1441M(5939M) 7847.383ms
[181.171s][info][gc,metaspace] GC(46) Metaspace: 101948K(115904K)->101948K(115904K) NonClass: 73254K(79232K)->73254K(79232K) Class: 28694K(36672K)->28694K(36672K)
[181.171s][info][gc          ] GC(46) Pause Full (System.gc()) 1441M->1441M(5939M) 7460.934ms
[189.012s][info][gc,metaspace] GC(47) Metaspace: 101948K(115904K)->101948K(115904K) NonClass: 73254K(79232K)->73254K(79232K) Class: 28694K(36672K)->28694K(36672K)
[189.012s][info][gc          ] GC(47) Pause Full (System.gc()) 1441M->1441M(5939M) 7840.988ms
[196.475s][info][gc,metaspace] GC(48) Metaspace: 101948K(115904K)->101948K(115904K) NonClass: 73254K(79232K)->73254K(79232K) Class: 28694K(36672K)->28694K(36672K)
[196.475s][info][gc          ] GC(48) Pause Full (System.gc()) 1448M->1441M(5939M) 7462.304ms
[203.978s][info][gc,metaspace] GC(49) Metaspace: 101948K(115904K)->101948K(115904K) NonClass: 73254K(79232K)->73254K(79232K) Class: 28694K(36672K)->28694K(36672K)
[203.978s][info][gc          ] GC(49) Pause Full (System.gc()) 1441M->1441M(5939M) 7502.915ms
After GCs... 
