Done; will start GCs... 
[126.056s][info][gc,metaspace] GC(40) Metaspace: 101954K(115904K)->101954K(115904K) NonClass: 73259K(79232K)->73259K(79232K) Class: 28694K(36672K)->28694K(36672K)
[126.056s][info][gc          ] GC(40) Pause Full (System.gc()) 1473M->1441M(5939M) 5309.266ms
[131.369s][info][gc,metaspace] GC(41) Metaspace: 101954K(115904K)->101954K(115904K) NonClass: 73259K(79232K)->73259K(79232K) Class: 28694K(36672K)->28694K(36672K)
[131.369s][info][gc          ] GC(41) Pause Full (System.gc()) 1441M->1441M(5939M) 5307.826ms
[136.732s][info][gc,metaspace] GC(42) Metaspace: 101954K(115904K)->101954K(115904K) NonClass: 73259K(79232K)->73259K(79232K) Class: 28694K(36672K)->28694K(36672K)
[136.732s][info][gc          ] GC(42) Pause Full (System.gc()) 1448M->1441M(5939M) 5359.177ms
[143.443s][info][gc,metaspace] GC(43) Metaspace: 101954K(115904K)->101954K(115904K) NonClass: 73259K(79232K)->73259K(79232K) Class: 28694K(36672K)->28694K(36672K)
[143.443s][info][gc          ] GC(43) Pause Full (System.gc()) 1441M->1441M(5939M) 6706.165ms
[148.813s][info][gc,metaspace] GC(44) Metaspace: 101954K(115904K)->101954K(115904K) NonClass: 73259K(79232K)->73259K(79232K) Class: 28694K(36672K)->28694K(36672K)
[148.813s][info][gc          ] GC(44) Pause Full (System.gc()) 1441M->1441M(5939M) 5369.204ms
[154.122s][info][gc,metaspace] GC(45) Metaspace: 101954K(115904K)->101954K(115904K) NonClass: 73259K(79232K)->73259K(79232K) Class: 28694K(36672K)->28694K(36672K)
[154.122s][info][gc          ] GC(45) Pause Full (System.gc()) 1441M->1441M(5939M) 5309.055ms
[159.433s][info][gc,metaspace] GC(46) Metaspace: 101954K(115904K)->101954K(115904K) NonClass: 73259K(79232K)->73259K(79232K) Class: 28694K(36672K)->28694K(36672K)
[159.433s][info][gc          ] GC(46) Pause Full (System.gc()) 1441M->1441M(5939M) 5306.806ms
[164.789s][info][gc,metaspace] GC(47) Metaspace: 101954K(115904K)->101954K(115904K) NonClass: 73259K(79232K)->73259K(79232K) Class: 28694K(36672K)->28694K(36672K)
[164.789s][info][gc          ] GC(47) Pause Full (System.gc()) 1441M->1441M(5939M) 5351.303ms
[170.102s][info][gc,metaspace] GC(48) Metaspace: 101954K(115904K)->101954K(115904K) NonClass: 73259K(79232K)->73259K(79232K) Class: 28694K(36672K)->28694K(36672K)
[170.102s][info][gc          ] GC(48) Pause Full (System.gc()) 1441M->1441M(5939M) 5308.592ms
[175.413s][info][gc,metaspace] GC(49) Metaspace: 101954K(115904K)->101954K(115904K) NonClass: 73259K(79232K)->73259K(79232K) Class: 28694K(36672K)->28694K(36672K)
[175.413s][info][gc          ] GC(49) Pause Full (System.gc()) 1441M->1441M(5939M) 5306.456ms
After GCs... 
