Done; will start GCs... 
[124.053s][info][gc,metaspace] GC(44) Metaspace: 100170K(114112K)->100170K(114112K) NonClass: 80540K(86528K)->80540K(86528K) Class: 19630K(27584K)->19630K(27584K)
[124.053s][info][gc          ] GC(44) Pause Full (System.gc()) 1605M->1573M(5939M) 4897.592ms
[128.958s][info][gc,metaspace] GC(45) Metaspace: 100170K(114112K)->100170K(114112K) NonClass: 80540K(86528K)->80540K(86528K) Class: 19630K(27584K)->19630K(27584K)
[128.958s][info][gc          ] GC(45) Pause Full (System.gc()) 1573M->1573M(5939M) 4905.341ms
[133.868s][info][gc,metaspace] GC(46) Metaspace: 100170K(114112K)->100170K(114112K) NonClass: 80540K(86528K)->80540K(86528K) Class: 19630K(27584K)->19630K(27584K)
[133.868s][info][gc          ] GC(46) Pause Full (System.gc()) 1580M->1573M(5939M) 4909.021ms
[139.558s][info][gc,metaspace] GC(47) Metaspace: 100170K(114112K)->100170K(114112K) NonClass: 80540K(86528K)->80540K(86528K) Class: 19630K(27584K)->19630K(27584K)
[139.558s][info][gc          ] GC(47) Pause Full (System.gc()) 1573M->1573M(5939M) 5690.401ms
[144.453s][info][gc,metaspace] GC(48) Metaspace: 100170K(114112K)->100170K(114112K) NonClass: 80540K(86528K)->80540K(86528K) Class: 19630K(27584K)->19630K(27584K)
[144.453s][info][gc          ] GC(48) Pause Full (System.gc()) 1573M->1573M(5939M) 4894.173ms
[149.352s][info][gc,metaspace] GC(49) Metaspace: 100170K(114112K)->100170K(114112K) NonClass: 80540K(86528K)->80540K(86528K) Class: 19630K(27584K)->19630K(27584K)
[149.352s][info][gc          ] GC(49) Pause Full (System.gc()) 1573M->1573M(5939M) 4898.634ms
[154.256s][info][gc,metaspace] GC(50) Metaspace: 100170K(114112K)->100170K(114112K) NonClass: 80540K(86528K)->80540K(86528K) Class: 19630K(27584K)->19630K(27584K)
[154.256s][info][gc          ] GC(50) Pause Full (System.gc()) 1573M->1573M(5939M) 4904.239ms
[159.160s][info][gc,metaspace] GC(51) Metaspace: 100170K(114112K)->100170K(114112K) NonClass: 80540K(86528K)->80540K(86528K) Class: 19630K(27584K)->19630K(27584K)
[159.160s][info][gc          ] GC(51) Pause Full (System.gc()) 1573M->1573M(5939M) 4904.235ms
[164.062s][info][gc,metaspace] GC(52) Metaspace: 100170K(114112K)->100170K(114112K) NonClass: 80540K(86528K)->80540K(86528K) Class: 19630K(27584K)->19630K(27584K)
[164.062s][info][gc          ] GC(52) Pause Full (System.gc()) 1573M->1573M(5939M) 4901.112ms
[168.967s][info][gc,metaspace] GC(53) Metaspace: 100170K(114112K)->100170K(114112K) NonClass: 80540K(86528K)->80540K(86528K) Class: 19630K(27584K)->19630K(27584K)
[168.967s][info][gc          ] GC(53) Pause Full (System.gc()) 1573M->1573M(5939M) 4904.767ms
After GCs... 
