[0.001s][info][metaspace]  - commit_granule_bytes: 65536.
[0.001s][info][metaspace]  - commit_granule_words: 8192.
[0.001s][info][metaspace]  - virtual_space_node_default_size: 8388608.
[0.001s][info][metaspace]  - enlarge_chunks_in_place: 1.
[0.001s][info][metaspace]  - use_allocation_guard: 0.
[0.006s][info][gc       ] Using Parallel
[0.372s][info][metaspace] Reserving compressed class space anywhere
[0.372s][info][gc,metaspace] CDS archive(s) not mapped
[0.372s][info][gc,metaspace] Compressed class space mapped at: 0x0000000017000000-0x00000000d7000000, reserved size: 3221225472
[0.372s][info][gc,metaspace] UseCompressedClassPointers 1, UseCompactObjectHeaders 1, UseKlassTable 0, narrow klass pointer bits 26, max shift 6
[0.372s][info][gc,metaspace] Narrow klass base: 0x0000000017000000, Narrow klass shift: 6, Narrow klass range: 0xc0000000
Num Classes: 1024
Num Objects per Class: 65536
Cycles: 100
Class association: random
Generate 1024 classes...[2.332s][info][gc,metaspace] GC(0) Metaspace: 22910K(23296K)->22910K(23296K) NonClass: 20449K(20672K)->20449K(20672K) Class: 2460K(2624K)->2460K(2624K)
[2.332s][info][gc          ] GC(0) Pause Young (Allocation Failure) 1536M->4M(5888M) 5.479ms
[3.641s][info][gc,metaspace] GC(1) Metaspace: 23747K(24128K)->23747K(24128K) NonClass: 21285K(21504K)->21285K(21504K) Class: 2461K(2624K)->2461K(2624K)
[3.641s][info][gc          ] GC(1) Pause Young (Allocation Failure) 1540M->5M(5888M) 6.386ms

Loading 1024...[4.286s][info][gc,metaspace] GC(2) Metaspace: 24849K(25280K)->24849K(25280K) NonClass: 21802K(22016K)->21802K(22016K) Class: 3046K(3264K)->3046K(3264K)
[4.286s][info][gc          ] GC(2) Pause Young (System.gc()) 873M->4M(5888M) 5.251ms
[4.305s][info][gc,metaspace] GC(3) Metaspace: 24849K(25280K)->24849K(25280K) NonClass: 21802K(22016K)->21802K(22016K) Class: 3046K(3264K)->3046K(3264K)
[4.305s][info][gc          ] GC(3) Pause Full (System.gc()) 4M->4M(5888M) 19.642ms
Creating 65536 objects per class...
Done; will start GCs... 
[12.289s][info][gc,metaspace] GC(4) Metaspace: 28579K(29888K)->28579K(29888K) NonClass: 25004K(25600K)->25004K(25600K) Class: 3574K(4288K)->3574K(4288K)
[12.289s][info][gc          ] GC(4) Pause Young (System.gc()) 828M->773M(5888M) 2174.988ms
[14.551s][info][gc,metaspace] GC(5) Metaspace: 28579K(29888K)->28579K(29888K) NonClass: 25004K(25600K)->25004K(25600K) Class: 3574K(4288K)->3574K(4288K)
[14.551s][info][gc          ] GC(5) Pause Full (System.gc()) 773M->772M(5888M) 2262.325ms
[14.552s][info][gc,metaspace] GC(6) Metaspace: 28579K(29888K)->28579K(29888K) NonClass: 25004K(25600K)->25004K(25600K) Class: 3574K(4288K)->3574K(4288K)
[14.552s][info][gc          ] GC(6) Pause Young (System.gc()) 772M->772M(5888M) 0.593ms
[15.194s][info][gc,metaspace] GC(7) Metaspace: 28579K(29888K)->28579K(29888K) NonClass: 25004K(25600K)->25004K(25600K) Class: 3574K(4288K)->3574K(4288K)
[15.194s][info][gc          ] GC(7) Pause Full (System.gc()) 772M->772M(5888M) 642.000ms
[15.199s][info][gc,metaspace] GC(8) Metaspace: 28579K(29888K)->28579K(29888K) NonClass: 25005K(25600K)->25005K(25600K) Class: 3574K(4288K)->3574K(4288K)
[15.199s][info][gc          ] GC(8) Pause Young (System.gc()) 772M->772M(5888M) 0.542ms
[15.851s][info][gc,metaspace] GC(9) Metaspace: 28579K(29888K)->28579K(29888K) NonClass: 25005K(25600K)->25005K(25600K) Class: 3574K(4288K)->3574K(4288K)
[15.851s][info][gc          ] GC(9) Pause Full (System.gc()) 772M->772M(5888M) 651.480ms
[15.851s][info][gc,metaspace] GC(10) Metaspace: 28580K(29888K)->28580K(29888K) NonClass: 25005K(25600K)->25005K(25600K) Class: 3574K(4288K)->3574K(4288K)
[15.851s][info][gc          ] GC(10) Pause Young (System.gc()) 772M->772M(5888M) 0.521ms
[16.627s][info][gc,metaspace] GC(11) Metaspace: 28580K(29888K)->28580K(29888K) NonClass: 25005K(25600K)->25005K(25600K) Class: 3574K(4288K)->3574K(4288K)
[16.627s][info][gc          ] GC(11) Pause Full (System.gc()) 772M->772M(5888M) 775.481ms
[16.628s][info][gc,metaspace] GC(12) Metaspace: 28580K(29888K)->28580K(29888K) NonClass: 25005K(25600K)->25005K(25600K) Class: 3574K(4288K)->3574K(4288K)
[16.628s][info][gc          ] GC(12) Pause Young (System.gc()) 772M->772M(5888M) 0.562ms
[17.312s][info][gc,metaspace] GC(13) Metaspace: 28580K(29888K)->28580K(29888K) NonClass: 25005K(25600K)->25005K(25600K) Class: 3574K(4288K)->3574K(4288K)
[17.312s][info][gc          ] GC(13) Pause Full (System.gc()) 772M->772M(5888M) 684.022ms
[17.312s][info][gc,metaspace] GC(14) Metaspace: 28580K(29888K)->28580K(29888K) NonClass: 25005K(25600K)->25005K(25600K) Class: 3574K(4288K)->3574K(4288K)
[17.312s][info][gc          ] GC(14) Pause Young (System.gc()) 772M->772M(5888M) 0.540ms
[17.957s][info][gc,metaspace] GC(15) Metaspace: 28580K(29888K)->28580K(29888K) NonClass: 25005K(25600K)->25005K(25600K) Class: 3574K(4288K)->3574K(4288K)
[17.957s][info][gc          ] GC(15) Pause Full (System.gc()) 772M->772M(5888M) 644.813ms
[17.958s][info][gc,metaspace] GC(16) Metaspace: 28580K(29888K)->28580K(29888K) NonClass: 25005K(25600K)->25005K(25600K) Class: 3574K(4288K)->3574K(4288K)
[17.958s][info][gc          ] GC(16) Pause Young (System.gc()) 772M->772M(5888M) 0.473ms
[18.714s][info][gc,metaspace] GC(17) Metaspace: 28580K(29888K)->28580K(29888K) NonClass: 25005K(25600K)->25005K(25600K) Class: 3574K(4288K)->3574K(4288K)
[18.714s][info][gc          ] GC(17) Pause Full (System.gc()) 772M->772M(5888M) 756.173ms
[18.715s][info][gc,metaspace] GC(18) Metaspace: 28580K(29888K)->28580K(29888K) NonClass: 25005K(25600K)->25005K(25600K) Class: 3574K(4288K)->3574K(4288K)
[18.715s][info][gc          ] GC(18) Pause Young (System.gc()) 772M->772M(5888M) 0.572ms
[19.344s][info][gc,metaspace] GC(19) Metaspace: 28580K(29888K)->28580K(29888K) NonClass: 25005K(25600K)->25005K(25600K) Class: 3574K(4288K)->3574K(4288K)
[19.344s][info][gc          ] GC(19) Pause Full (System.gc()) 772M->772M(5888M) 628.970ms
[19.345s][info][gc,metaspace] GC(20) Metaspace: 28580K(29888K)->28580K(29888K) NonClass: 25005K(25600K)->25005K(25600K) Class: 3574K(4288K)->3574K(4288K)
[19.345s][info][gc          ] GC(20) Pause Young (System.gc()) 772M->772M(5888M) 0.803ms
[20.008s][info][gc,metaspace] GC(21) Metaspace: 28580K(29888K)->28580K(29888K) NonClass: 25005K(25600K)->25005K(25600K) Class: 3574K(4288K)->3574K(4288K)
[20.008s][info][gc          ] GC(21) Pause Full (System.gc()) 772M->772M(5888M) 662.849ms
[20.009s][info][gc,metaspace] GC(22) Metaspace: 28580K(29888K)->28580K(29888K) NonClass: 25005K(25600K)->25005K(25600K) Class: 3574K(4288K)->3574K(4288K)
[20.009s][info][gc          ] GC(22) Pause Young (System.gc()) 772M->772M(5888M) 0.677ms
[20.687s][info][gc,metaspace] GC(23) Metaspace: 28580K(29888K)->28580K(29888K) NonClass: 25005K(25600K)->25005K(25600K) Class: 3574K(4288K)->3574K(4288K)
[20.687s][info][gc          ] GC(23) Pause Full (System.gc()) 772M->772M(5888M) 678.751ms
[20.688s][info][gc,metaspace] GC(24) Metaspace: 28580K(29888K)->28580K(29888K) NonClass: 25005K(25600K)->25005K(25600K) Class: 3574K(4288K)->3574K(4288K)
[20.688s][info][gc          ] GC(24) Pause Young (System.gc()) 772M->772M(5888M) 0.608ms
[21.370s][info][gc,metaspace] GC(25) Metaspace: 28580K(29888K)->28580K(29888K) NonClass: 25005K(25600K)->25005K(25600K) Class: 3574K(4288K)->3574K(4288K)
[21.370s][info][gc          ] GC(25) Pause Full (System.gc()) 772M->772M(5888M) 681.494ms
[21.370s][info][gc,metaspace] GC(26) Metaspace: 28580K(29888K)->28580K(29888K) NonClass: 25005K(25600K)->25005K(25600K) Class: 3574K(4288K)->3574K(4288K)
[21.370s][info][gc          ] GC(26) Pause Young (System.gc()) 772M->772M(5888M) 0.552ms
[22.010s][info][gc,metaspace] GC(27) Metaspace: 28580K(29888K)->28580K(29888K) NonClass: 25005K(25600K)->25005K(25600K) Class: 3574K(4288K)->3574K(4288K)
[22.010s][info][gc          ] GC(27) Pause Full (System.gc()) 772M->772M(5888M) 639.245ms
[22.010s][info][gc,metaspace] GC(28) Metaspace: 28580K(29888K)->28580K(29888K) NonClass: 25005K(25600K)->25005K(25600K) Class: 3574K(4288K)->3574K(4288K)
[22.010s][info][gc          ] GC(28) Pause Young (System.gc()) 772M->772M(5888M) 0.488ms
[22.864s][info][gc,metaspace] GC(29) Metaspace: 28580K(29888K)->28580K(29888K) NonClass: 25005K(25600K)->25005K(25600K) Class: 3574K(4288K)->3574K(4288K)
[22.864s][info][gc          ] GC(29) Pause Full (System.gc()) 772M->772M(5888M) 853.382ms
[22.864s][info][gc,metaspace] GC(30) Metaspace: 28580K(29888K)->28580K(29888K) NonClass: 25005K(25600K)->25005K(25600K) Class: 3574K(4288K)->3574K(4288K)
[22.864s][info][gc          ] GC(30) Pause Young (System.gc()) 772M->772M(5888M) 0.571ms
[23.500s][info][gc,metaspace] GC(31) Metaspace: 28580K(29888K)->28580K(29888K) NonClass: 25005K(25600K)->25005K(25600K) Class: 3574K(4288K)->3574K(4288K)
[23.500s][info][gc          ] GC(31) Pause Full (System.gc()) 772M->772M(5888M) 635.640ms
[23.501s][info][gc,metaspace] GC(32) Metaspace: 28580K(29888K)->28580K(29888K) NonClass: 25005K(25600K)->25005K(25600K) Class: 3574K(4288K)->3574K(4288K)
[23.501s][info][gc          ] GC(32) Pause Young (System.gc()) 772M->772M(5888M) 0.477ms
[24.130s][info][gc,metaspace] GC(33) Metaspace: 28580K(29888K)->28580K(29888K) NonClass: 25005K(25600K)->25005K(25600K) Class: 3574K(4288K)->3574K(4288K)
[24.130s][info][gc          ] GC(33) Pause Full (System.gc()) 772M->772M(5888M) 629.729ms
[24.131s][info][gc,metaspace] GC(34) Metaspace: 28580K(29888K)->28580K(29888K) NonClass: 25005K(25600K)->25005K(25600K) Class: 3574K(4288K)->3574K(4288K)
[24.131s][info][gc          ] GC(34) Pause Young (System.gc()) 772M->772M(5888M) 0.528ms
[24.781s][info][gc,metaspace] GC(35) Metaspace: 28580K(29888K)->28580K(29888K) NonClass: 25005K(25600K)->25005K(25600K) Class: 3574K(4288K)->3574K(4288K)
[24.781s][info][gc          ] GC(35) Pause Full (System.gc()) 772M->772M(5888M) 650.142ms
[24.782s][info][gc,metaspace] GC(36) Metaspace: 28580K(29888K)->28580K(29888K) NonClass: 25005K(25600K)->25005K(25600K) Class: 3574K(4288K)->3574K(4288K)
[24.782s][info][gc          ] GC(36) Pause Young (System.gc()) 772M->772M(5888M) 0.504ms
[25.463s][info][gc,metaspace] GC(37) Metaspace: 28580K(29888K)->28580K(29888K) NonClass: 25005K(25600K)->25005K(25600K) Class: 3574K(4288K)->3574K(4288K)
[25.463s][info][gc          ] GC(37) Pause Full (System.gc()) 772M->772M(5888M) 680.876ms
[25.463s][info][gc,metaspace] GC(38) Metaspace: 28580K(29888K)->28580K(29888K) NonClass: 25005K(25600K)->25005K(25600K) Class: 3574K(4288K)->3574K(4288K)
[25.463s][info][gc          ] GC(38) Pause Young (System.gc()) 772M->772M(5888M) 0.458ms
[26.114s][info][gc,metaspace] GC(39) Metaspace: 28580K(29888K)->28580K(29888K) NonClass: 25005K(25600K)->25005K(25600K) Class: 3574K(4288K)->3574K(4288K)
[26.114s][info][gc          ] GC(39) Pause Full (System.gc()) 772M->772M(5888M) 650.356ms
[26.119s][info][gc,metaspace] GC(40) Metaspace: 28580K(29888K)->28580K(29888K) NonClass: 25005K(25600K)->25005K(25600K) Class: 3574K(4288K)->3574K(4288K)
[26.119s][info][gc          ] GC(40) Pause Young (System.gc()) 772M->772M(5888M) 0.554ms
[26.761s][info][gc,metaspace] GC(41) Metaspace: 28580K(29888K)->28580K(29888K) NonClass: 25005K(25600K)->25005K(25600K) Class: 3574K(4288K)->3574K(4288K)
[26.761s][info][gc          ] GC(41) Pause Full (System.gc()) 772M->772M(5888M) 642.282ms
[26.762s][info][gc,metaspace] GC(42) Metaspace: 28580K(29888K)->28580K(29888K) NonClass: 25005K(25600K)->25005K(25600K) Class: 3574K(4288K)->3574K(4288K)
[26.762s][info][gc          ] GC(42) Pause Young (System.gc()) 772M->772M(5888M) 0.759ms
[27.419s][info][gc,metaspace] GC(43) Metaspace: 28580K(29888K)->28580K(29888K) NonClass: 25005K(25600K)->25005K(25600K) Class: 3574K(4288K)->3574K(4288K)
[27.419s][info][gc          ] GC(43) Pause Full (System.gc()) 772M->772M(5888M) 657.172ms
[27.420s][info][gc,metaspace] GC(44) Metaspace: 28580K(29888K)->28580K(29888K) NonClass: 25005K(25600K)->25005K(25600K) Class: 3574K(4288K)->3574K(4288K)
[27.420s][info][gc          ] GC(44) Pause Young (System.gc()) 772M->772M(5888M) 0.461ms
[28.042s][info][gc,metaspace] GC(45) Metaspace: 28580K(29888K)->28580K(29888K) NonClass: 25005K(25600K)->25005K(25600K) Class: 3574K(4288K)->3574K(4288K)
[28.042s][info][gc          ] GC(45) Pause Full (System.gc()) 772M->772M(5888M) 622.537ms
[28.043s][info][gc,metaspace] GC(46) Metaspace: 28580K(29888K)->28580K(29888K) NonClass: 25005K(25600K)->25005K(25600K) Class: 3574K(4288K)->3574K(4288K)
[28.043s][info][gc          ] GC(46) Pause Young (System.gc()) 772M->772M(5888M) 0.807ms
[28.713s][info][gc,metaspace] GC(47) Metaspace: 28580K(29888K)->28580K(29888K) NonClass: 25005K(25600K)->25005K(25600K) Class: 3574K(4288K)->3574K(4288K)
[28.713s][info][gc          ] GC(47) Pause Full (System.gc()) 772M->772M(5888M) 669.692ms
[28.714s][info][gc,metaspace] GC(48) Metaspace: 28580K(29888K)->28580K(29888K) NonClass: 25005K(25600K)->25005K(25600K) Class: 3574K(4288K)->3574K(4288K)
[28.714s][info][gc          ] GC(48) Pause Young (System.gc()) 772M->772M(5888M) 0.629ms
[29.442s][info][gc,metaspace] GC(49) Metaspace: 28580K(29888K)->28580K(29888K) NonClass: 25005K(25600K)->25005K(25600K) Class: 3574K(4288K)->3574K(4288K)
[29.442s][info][gc          ] GC(49) Pause Full (System.gc()) 772M->772M(5888M) 727.969ms
[29.442s][info][gc,metaspace] GC(50) Metaspace: 28580K(29888K)->28580K(29888K) NonClass: 25005K(25600K)->25005K(25600K) Class: 3574K(4288K)->3574K(4288K)
[29.443s][info][gc          ] GC(50) Pause Young (System.gc()) 772M->772M(5888M) 0.594ms
[30.134s][info][gc,metaspace] GC(51) Metaspace: 28580K(29888K)->28580K(29888K) NonClass: 25005K(25600K)->25005K(25600K) Class: 3574K(4288K)->3574K(4288K)
[30.134s][info][gc          ] GC(51) Pause Full (System.gc()) 772M->772M(5888M) 691.598ms
[30.135s][info][gc,metaspace] GC(52) Metaspace: 28580K(29888K)->28580K(29888K) NonClass: 25005K(25600K)->25005K(25600K) Class: 3574K(4288K)->3574K(4288K)
[30.135s][info][gc          ] GC(52) Pause Young (System.gc()) 772M->772M(5888M) 0.431ms
[30.784s][info][gc,metaspace] GC(53) Metaspace: 28580K(29888K)->28580K(29888K) NonClass: 25005K(25600K)->25005K(25600K) Class: 3574K(4288K)->3574K(4288K)
[30.784s][info][gc          ] GC(53) Pause Full (System.gc()) 772M->772M(5888M) 649.482ms
[30.785s][info][gc,metaspace] GC(54) Metaspace: 28580K(29888K)->28580K(29888K) NonClass: 25005K(25600K)->25005K(25600K) Class: 3574K(4288K)->3574K(4288K)
[30.785s][info][gc          ] GC(54) Pause Young (System.gc()) 772M->772M(5888M) 0.570ms
[31.470s][info][gc,metaspace] GC(55) Metaspace: 28580K(29888K)->28580K(29888K) NonClass: 25005K(25600K)->25005K(25600K) Class: 3574K(4288K)->3574K(4288K)
[31.470s][info][gc          ] GC(55) Pause Full (System.gc()) 772M->772M(5888M) 684.947ms
[31.475s][info][gc,metaspace] GC(56) Metaspace: 28580K(29888K)->28580K(29888K) NonClass: 25005K(25600K)->25005K(25600K) Class: 3574K(4288K)->3574K(4288K)
[31.475s][info][gc          ] GC(56) Pause Young (System.gc()) 772M->772M(5888M) 0.540ms
[32.133s][info][gc,metaspace] GC(57) Metaspace: 28580K(29888K)->28580K(29888K) NonClass: 25005K(25600K)->25005K(25600K) Class: 3574K(4288K)->3574K(4288K)
[32.133s][info][gc          ] GC(57) Pause Full (System.gc()) 772M->772M(5888M) 658.004ms
[32.134s][info][gc,metaspace] GC(58) Metaspace: 28580K(29888K)->28580K(29888K) NonClass: 25005K(25600K)->25005K(25600K) Class: 3574K(4288K)->3574K(4288K)
[32.134s][info][gc          ] GC(58) Pause Young (System.gc()) 772M->772M(5888M) 0.804ms
[32.793s][info][gc,metaspace] GC(59) Metaspace: 28580K(29888K)->28580K(29888K) NonClass: 25005K(25600K)->25005K(25600K) Class: 3574K(4288K)->3574K(4288K)
[32.793s][info][gc          ] GC(59) Pause Full (System.gc()) 772M->772M(5888M) 659.132ms
[32.794s][info][gc,metaspace] GC(60) Metaspace: 28580K(29888K)->28580K(29888K) NonClass: 25005K(25600K)->25005K(25600K) Class: 3574K(4288K)->3574K(4288K)
[32.794s][info][gc          ] GC(60) Pause Young (System.gc()) 772M->772M(5888M) 0.429ms
[33.435s][info][gc,metaspace] GC(61) Metaspace: 28580K(29888K)->28580K(29888K) NonClass: 25005K(25600K)->25005K(25600K) Class: 3574K(4288K)->3574K(4288K)
[33.435s][info][gc          ] GC(61) Pause Full (System.gc()) 772M->772M(5888M) 641.885ms
[33.436s][info][gc,metaspace] GC(62) Metaspace: 28580K(29888K)->28580K(29888K) NonClass: 25005K(25600K)->25005K(25600K) Class: 3574K(4288K)->3574K(4288K)
[33.436s][info][gc          ] GC(62) Pause Young (System.gc()) 772M->772M(5888M) 0.538ms
[34.095s][info][gc,metaspace] GC(63) Metaspace: 28580K(29888K)->28580K(29888K) NonClass: 25005K(25600K)->25005K(25600K) Class: 3574K(4288K)->3574K(4288K)
[34.095s][info][gc          ] GC(63) Pause Full (System.gc()) 772M->772M(5888M) 658.688ms
[34.095s][info][gc,metaspace] GC(64) Metaspace: 28580K(29888K)->28580K(29888K) NonClass: 25005K(25600K)->25005K(25600K) Class: 3574K(4288K)->3574K(4288K)
[34.095s][info][gc          ] GC(64) Pause Young (System.gc()) 772M->772M(5888M) 0.570ms
[34.739s][info][gc,metaspace] GC(65) Metaspace: 28580K(29888K)->28580K(29888K) NonClass: 25005K(25600K)->25005K(25600K) Class: 3574K(4288K)->3574K(4288K)
[34.739s][info][gc          ] GC(65) Pause Full (System.gc()) 772M->772M(5888M) 643.953ms
[34.740s][info][gc,metaspace] GC(66) Metaspace: 28580K(29888K)->28580K(29888K) NonClass: 25005K(25600K)->25005K(25600K) Class: 3574K(4288K)->3574K(4288K)
[34.740s][info][gc          ] GC(66) Pause Young (System.gc()) 772M->772M(5888M) 0.464ms
[35.367s][info][gc,metaspace] GC(67) Metaspace: 28580K(29888K)->28580K(29888K) NonClass: 25005K(25600K)->25005K(25600K) Class: 3574K(4288K)->3574K(4288K)
[35.367s][info][gc          ] GC(67) Pause Full (System.gc()) 772M->772M(5888M) 626.715ms
[35.367s][info][gc,metaspace] GC(68) Metaspace: 28580K(29888K)->28580K(29888K) NonClass: 25005K(25600K)->25005K(25600K) Class: 3574K(4288K)->3574K(4288K)
[35.367s][info][gc          ] GC(68) Pause Young (System.gc()) 772M->772M(5888M) 0.587ms
[36.005s][info][gc,metaspace] GC(69) Metaspace: 28580K(29888K)->28580K(29888K) NonClass: 25005K(25600K)->25005K(25600K) Class: 3574K(4288K)->3574K(4288K)
[36.005s][info][gc          ] GC(69) Pause Full (System.gc()) 772M->772M(5888M) 637.589ms
[36.006s][info][gc,metaspace] GC(70) Metaspace: 28580K(29888K)->28580K(29888K) NonClass: 25005K(25600K)->25005K(25600K) Class: 3574K(4288K)->3574K(4288K)
[36.006s][info][gc          ] GC(70) Pause Young (System.gc()) 772M->772M(5888M) 0.586ms
[36.673s][info][gc,metaspace] GC(71) Metaspace: 28580K(29888K)->28580K(29888K) NonClass: 25005K(25600K)->25005K(25600K) Class: 3574K(4288K)->3574K(4288K)
[36.673s][info][gc          ] GC(71) Pause Full (System.gc()) 772M->772M(5888M) 666.935ms
[36.678s][info][gc,metaspace] GC(72) Metaspace: 28580K(29888K)->28580K(29888K) NonClass: 25005K(25600K)->25005K(25600K) Class: 3574K(4288K)->3574K(4288K)
[36.678s][info][gc          ] GC(72) Pause Young (System.gc()) 772M->772M(5888M) 0.587ms
[37.306s][info][gc,metaspace] GC(73) Metaspace: 28580K(29888K)->28580K(29888K) NonClass: 25005K(25600K)->25005K(25600K) Class: 3574K(4288K)->3574K(4288K)
[37.306s][info][gc          ] GC(73) Pause Full (System.gc()) 772M->772M(5888M) 627.919ms
[37.306s][info][gc,metaspace] GC(74) Metaspace: 28580K(29888K)->28580K(29888K) NonClass: 25005K(25600K)->25005K(25600K) Class: 3574K(4288K)->3574K(4288K)
[37.306s][info][gc          ] GC(74) Pause Young (System.gc()) 772M->772M(5888M) 0.563ms
[37.949s][info][gc,metaspace] GC(75) Metaspace: 28580K(29888K)->28580K(29888K) NonClass: 25005K(25600K)->25005K(25600K) Class: 3574K(4288K)->3574K(4288K)
[37.950s][info][gc          ] GC(75) Pause Full (System.gc()) 772M->772M(5888M) 643.160ms
[37.950s][info][gc,metaspace] GC(76) Metaspace: 28580K(29888K)->28580K(29888K) NonClass: 25005K(25600K)->25005K(25600K) Class: 3574K(4288K)->3574K(4288K)
[37.950s][info][gc          ] GC(76) Pause Young (System.gc()) 772M->772M(5888M) 0.554ms
[38.568s][info][gc,metaspace] GC(77) Metaspace: 28580K(29888K)->28580K(29888K) NonClass: 25005K(25600K)->25005K(25600K) Class: 3574K(4288K)->3574K(4288K)
[38.568s][info][gc          ] GC(77) Pause Full (System.gc()) 772M->772M(5888M) 617.912ms
[38.569s][info][gc,metaspace] GC(78) Metaspace: 28580K(29888K)->28580K(29888K) NonClass: 25005K(25600K)->25005K(25600K) Class: 3574K(4288K)->3574K(4288K)
[38.569s][info][gc          ] GC(78) Pause Young (System.gc()) 772M->772M(5888M) 0.580ms
[39.236s][info][gc,metaspace] GC(79) Metaspace: 28580K(29888K)->28580K(29888K) NonClass: 25005K(25600K)->25005K(25600K) Class: 3574K(4288K)->3574K(4288K)
[39.236s][info][gc          ] GC(79) Pause Full (System.gc()) 772M->772M(5888M) 667.379ms
[39.237s][info][gc,metaspace] GC(80) Metaspace: 28580K(29888K)->28580K(29888K) NonClass: 25005K(25600K)->25005K(25600K) Class: 3574K(4288K)->3574K(4288K)
[39.237s][info][gc          ] GC(80) Pause Young (System.gc()) 772M->772M(5888M) 0.763ms
[39.879s][info][gc,metaspace] GC(81) Metaspace: 28580K(29888K)->28580K(29888K) NonClass: 25005K(25600K)->25005K(25600K) Class: 3574K(4288K)->3574K(4288K)
[39.879s][info][gc          ] GC(81) Pause Full (System.gc()) 772M->772M(5888M) 642.028ms
[39.880s][info][gc,metaspace] GC(82) Metaspace: 28580K(29888K)->28580K(29888K) NonClass: 25005K(25600K)->25005K(25600K) Class: 3574K(4288K)->3574K(4288K)
[39.880s][info][gc          ] GC(82) Pause Young (System.gc()) 772M->772M(5888M) 0.532ms
[40.550s][info][gc,metaspace] GC(83) Metaspace: 28580K(29888K)->28580K(29888K) NonClass: 25005K(25600K)->25005K(25600K) Class: 3574K(4288K)->3574K(4288K)
[40.550s][info][gc          ] GC(83) Pause Full (System.gc()) 772M->772M(5888M) 670.544ms
[40.551s][info][gc,metaspace] GC(84) Metaspace: 28580K(29888K)->28580K(29888K) NonClass: 25005K(25600K)->25005K(25600K) Class: 3574K(4288K)->3574K(4288K)
[40.551s][info][gc          ] GC(84) Pause Young (System.gc()) 772M->772M(5888M) 0.550ms
[41.194s][info][gc,metaspace] GC(85) Metaspace: 28580K(29888K)->28580K(29888K) NonClass: 25005K(25600K)->25005K(25600K) Class: 3574K(4288K)->3574K(4288K)
[41.194s][info][gc          ] GC(85) Pause Full (System.gc()) 772M->772M(5888M) 642.732ms
[41.195s][info][gc,metaspace] GC(86) Metaspace: 28580K(29888K)->28580K(29888K) NonClass: 25005K(25600K)->25005K(25600K) Class: 3574K(4288K)->3574K(4288K)
[41.195s][info][gc          ] GC(86) Pause Young (System.gc()) 772M->772M(5888M) 0.722ms
[41.849s][info][gc,metaspace] GC(87) Metaspace: 28580K(29888K)->28580K(29888K) NonClass: 25005K(25600K)->25005K(25600K) Class: 3574K(4288K)->3574K(4288K)
[41.849s][info][gc          ] GC(87) Pause Full (System.gc()) 772M->772M(5888M) 654.109ms
[41.854s][info][gc,metaspace] GC(88) Metaspace: 28580K(29888K)->28580K(29888K) NonClass: 25005K(25600K)->25005K(25600K) Class: 3574K(4288K)->3574K(4288K)
[41.854s][info][gc          ] GC(88) Pause Young (System.gc()) 772M->772M(5888M) 0.551ms
[42.507s][info][gc,metaspace] GC(89) Metaspace: 28580K(29888K)->28580K(29888K) NonClass: 25005K(25600K)->25005K(25600K) Class: 3574K(4288K)->3574K(4288K)
[42.507s][info][gc          ] GC(89) Pause Full (System.gc()) 772M->772M(5888M) 653.007ms
[42.507s][info][gc,metaspace] GC(90) Metaspace: 28580K(29888K)->28580K(29888K) NonClass: 25005K(25600K)->25005K(25600K) Class: 3574K(4288K)->3574K(4288K)
[42.507s][info][gc          ] GC(90) Pause Young (System.gc()) 772M->772M(5888M) 0.446ms
[43.154s][info][gc,metaspace] GC(91) Metaspace: 28580K(29888K)->28580K(29888K) NonClass: 25005K(25600K)->25005K(25600K) Class: 3574K(4288K)->3574K(4288K)
[43.154s][info][gc          ] GC(91) Pause Full (System.gc()) 772M->772M(5888M) 646.692ms
[43.155s][info][gc,metaspace] GC(92) Metaspace: 28580K(29888K)->28580K(29888K) NonClass: 25005K(25600K)->25005K(25600K) Class: 3574K(4288K)->3574K(4288K)
[43.155s][info][gc          ] GC(92) Pause Young (System.gc()) 772M->772M(5888M) 0.465ms
[43.780s][info][gc,metaspace] GC(93) Metaspace: 28580K(29888K)->28580K(29888K) NonClass: 25005K(25600K)->25005K(25600K) Class: 3574K(4288K)->3574K(4288K)
[43.780s][info][gc          ] GC(93) Pause Full (System.gc()) 772M->772M(5888M) 625.437ms
[43.781s][info][gc,metaspace] GC(94) Metaspace: 28580K(29888K)->28580K(29888K) NonClass: 25005K(25600K)->25005K(25600K) Class: 3574K(4288K)->3574K(4288K)
[43.781s][info][gc          ] GC(94) Pause Young (System.gc()) 772M->772M(5888M) 0.627ms
[44.409s][info][gc,metaspace] GC(95) Metaspace: 28580K(29888K)->28580K(29888K) NonClass: 25005K(25600K)->25005K(25600K) Class: 3574K(4288K)->3574K(4288K)
[44.409s][info][gc          ] GC(95) Pause Full (System.gc()) 772M->772M(5888M) 627.753ms
[44.410s][info][gc,metaspace] GC(96) Metaspace: 28580K(29888K)->28580K(29888K) NonClass: 25005K(25600K)->25005K(25600K) Class: 3574K(4288K)->3574K(4288K)
[44.410s][info][gc          ] GC(96) Pause Young (System.gc()) 772M->772M(5888M) 0.795ms
[45.061s][info][gc,metaspace] GC(97) Metaspace: 28580K(29888K)->28580K(29888K) NonClass: 25005K(25600K)->25005K(25600K) Class: 3574K(4288K)->3574K(4288K)
[45.061s][info][gc          ] GC(97) Pause Full (System.gc()) 772M->772M(5888M) 651.218ms
[45.061s][info][gc,metaspace] GC(98) Metaspace: 28580K(29888K)->28580K(29888K) NonClass: 25005K(25600K)->25005K(25600K) Class: 3574K(4288K)->3574K(4288K)
[45.061s][info][gc          ] GC(98) Pause Young (System.gc()) 772M->772M(5888M) 0.498ms
[45.712s][info][gc,metaspace] GC(99) Metaspace: 28580K(29888K)->28580K(29888K) NonClass: 25005K(25600K)->25005K(25600K) Class: 3574K(4288K)->3574K(4288K)
[45.712s][info][gc          ] GC(99) Pause Full (System.gc()) 772M->772M(5888M) 650.884ms
[45.713s][info][gc,metaspace] GC(100) Metaspace: 28580K(29888K)->28580K(29888K) NonClass: 25005K(25600K)->25005K(25600K) Class: 3574K(4288K)->3574K(4288K)
[45.713s][info][gc          ] GC(100) Pause Young (System.gc()) 772M->772M(5888M) 0.537ms
[46.341s][info][gc,metaspace] GC(101) Metaspace: 28580K(29888K)->28580K(29888K) NonClass: 25005K(25600K)->25005K(25600K) Class: 3574K(4288K)->3574K(4288K)
[46.341s][info][gc          ] GC(101) Pause Full (System.gc()) 772M->772M(5888M) 627.534ms
[46.341s][info][gc,metaspace] GC(102) Metaspace: 28580K(29888K)->28580K(29888K) NonClass: 25005K(25600K)->25005K(25600K) Class: 3574K(4288K)->3574K(4288K)
[46.341s][info][gc          ] GC(102) Pause Young (System.gc()) 772M->772M(5888M) 0.502ms
[46.974s][info][gc,metaspace] GC(103) Metaspace: 28580K(29888K)->28580K(29888K) NonClass: 25005K(25600K)->25005K(25600K) Class: 3574K(4288K)->3574K(4288K)
[46.974s][info][gc          ] GC(103) Pause Full (System.gc()) 772M->772M(5888M) 632.775ms
[46.979s][info][gc,metaspace] GC(104) Metaspace: 28580K(29888K)->28580K(29888K) NonClass: 25005K(25600K)->25005K(25600K) Class: 3574K(4288K)->3574K(4288K)
[46.979s][info][gc          ] GC(104) Pause Young (System.gc()) 772M->772M(5888M) 0.519ms
[47.847s][info][gc,metaspace] GC(105) Metaspace: 28580K(29888K)->28580K(29888K) NonClass: 25005K(25600K)->25005K(25600K) Class: 3574K(4288K)->3574K(4288K)
[47.847s][info][gc          ] GC(105) Pause Full (System.gc()) 772M->772M(5888M) 867.771ms
[47.847s][info][gc,metaspace] GC(106) Metaspace: 28580K(29888K)->28580K(29888K) NonClass: 25005K(25600K)->25005K(25600K) Class: 3574K(4288K)->3574K(4288K)
[47.847s][info][gc          ] GC(106) Pause Young (System.gc()) 772M->772M(5888M) 0.514ms
[48.492s][info][gc,metaspace] GC(107) Metaspace: 28580K(29888K)->28580K(29888K) NonClass: 25005K(25600K)->25005K(25600K) Class: 3574K(4288K)->3574K(4288K)
[48.492s][info][gc          ] GC(107) Pause Full (System.gc()) 772M->772M(5888M) 644.420ms
[48.492s][info][gc,metaspace] GC(108) Metaspace: 28580K(29888K)->28580K(29888K) NonClass: 25005K(25600K)->25005K(25600K) Class: 3574K(4288K)->3574K(4288K)
[48.492s][info][gc          ] GC(108) Pause Young (System.gc()) 772M->772M(5888M) 0.561ms
[49.137s][info][gc,metaspace] GC(109) Metaspace: 28580K(29888K)->28580K(29888K) NonClass: 25005K(25600K)->25005K(25600K) Class: 3574K(4288K)->3574K(4288K)
[49.137s][info][gc          ] GC(109) Pause Full (System.gc()) 772M->772M(5888M) 644.871ms
[49.138s][info][gc,metaspace] GC(110) Metaspace: 28580K(29888K)->28580K(29888K) NonClass: 25005K(25600K)->25005K(25600K) Class: 3574K(4288K)->3574K(4288K)
[49.138s][info][gc          ] GC(110) Pause Young (System.gc()) 772M->772M(5888M) 0.528ms
[49.795s][info][gc,metaspace] GC(111) Metaspace: 28580K(29888K)->28580K(29888K) NonClass: 25005K(25600K)->25005K(25600K) Class: 3574K(4288K)->3574K(4288K)
[49.795s][info][gc          ] GC(111) Pause Full (System.gc()) 772M->772M(5888M) 657.144ms
[49.796s][info][gc,metaspace] GC(112) Metaspace: 28580K(29888K)->28580K(29888K) NonClass: 25005K(25600K)->25005K(25600K) Class: 3574K(4288K)->3574K(4288K)
[49.796s][info][gc          ] GC(112) Pause Young (System.gc()) 772M->772M(5888M) 0.812ms
[50.458s][info][gc,metaspace] GC(113) Metaspace: 28580K(29888K)->28580K(29888K) NonClass: 25005K(25600K)->25005K(25600K) Class: 3574K(4288K)->3574K(4288K)
[50.458s][info][gc          ] GC(113) Pause Full (System.gc()) 772M->772M(5888M) 661.843ms
[50.459s][info][gc,metaspace] GC(114) Metaspace: 28580K(29888K)->28580K(29888K) NonClass: 25005K(25600K)->25005K(25600K) Class: 3574K(4288K)->3574K(4288K)
[50.459s][info][gc          ] GC(114) Pause Young (System.gc()) 772M->772M(5888M) 0.530ms
[51.111s][info][gc,metaspace] GC(115) Metaspace: 28580K(29888K)->28580K(29888K) NonClass: 25005K(25600K)->25005K(25600K) Class: 3574K(4288K)->3574K(4288K)
[51.111s][info][gc          ] GC(115) Pause Full (System.gc()) 772M->772M(5888M) 652.401ms
[51.112s][info][gc,metaspace] GC(116) Metaspace: 28580K(29888K)->28580K(29888K) NonClass: 25005K(25600K)->25005K(25600K) Class: 3574K(4288K)->3574K(4288K)
[51.112s][info][gc          ] GC(116) Pause Young (System.gc()) 772M->772M(5888M) 0.619ms
[51.781s][info][gc,metaspace] GC(117) Metaspace: 28580K(29888K)->28580K(29888K) NonClass: 25005K(25600K)->25005K(25600K) Class: 3574K(4288K)->3574K(4288K)
[51.781s][info][gc          ] GC(117) Pause Full (System.gc()) 772M->772M(5888M) 668.830ms
[51.781s][info][gc,metaspace] GC(118) Metaspace: 28580K(29888K)->28580K(29888K) NonClass: 25005K(25600K)->25005K(25600K) Class: 3574K(4288K)->3574K(4288K)
[51.781s][info][gc          ] GC(118) Pause Young (System.gc()) 772M->772M(5888M) 0.494ms
[52.422s][info][gc,metaspace] GC(119) Metaspace: 28580K(29888K)->28580K(29888K) NonClass: 25005K(25600K)->25005K(25600K) Class: 3574K(4288K)->3574K(4288K)
[52.422s][info][gc          ] GC(119) Pause Full (System.gc()) 772M->772M(5888M) 640.286ms
[52.426s][info][gc,metaspace] GC(120) Metaspace: 28580K(29888K)->28580K(29888K) NonClass: 25005K(25600K)->25005K(25600K) Class: 3574K(4288K)->3574K(4288K)
[52.427s][info][gc          ] GC(120) Pause Young (System.gc()) 772M->772M(5888M) 0.533ms
[53.092s][info][gc,metaspace] GC(121) Metaspace: 28580K(29888K)->28580K(29888K) NonClass: 25005K(25600K)->25005K(25600K) Class: 3574K(4288K)->3574K(4288K)
[53.092s][info][gc          ] GC(121) Pause Full (System.gc()) 772M->772M(5888M) 665.500ms
[53.093s][info][gc,metaspace] GC(122) Metaspace: 28580K(29888K)->28580K(29888K) NonClass: 25005K(25600K)->25005K(25600K) Class: 3574K(4288K)->3574K(4288K)
[53.093s][info][gc          ] GC(122) Pause Young (System.gc()) 772M->772M(5888M) 0.551ms
[53.733s][info][gc,metaspace] GC(123) Metaspace: 28580K(29888K)->28580K(29888K) NonClass: 25005K(25600K)->25005K(25600K) Class: 3574K(4288K)->3574K(4288K)
[53.733s][info][gc          ] GC(123) Pause Full (System.gc()) 772M->772M(5888M) 640.180ms
[53.734s][info][gc,metaspace] GC(124) Metaspace: 28580K(29888K)->28580K(29888K) NonClass: 25005K(25600K)->25005K(25600K) Class: 3574K(4288K)->3574K(4288K)
[53.734s][info][gc          ] GC(124) Pause Young (System.gc()) 772M->772M(5888M) 0.575ms
[54.397s][info][gc,metaspace] GC(125) Metaspace: 28580K(29888K)->28580K(29888K) NonClass: 25005K(25600K)->25005K(25600K) Class: 3574K(4288K)->3574K(4288K)
[54.397s][info][gc          ] GC(125) Pause Full (System.gc()) 772M->772M(5888M) 662.909ms
[54.397s][info][gc,metaspace] GC(126) Metaspace: 28580K(29888K)->28580K(29888K) NonClass: 25005K(25600K)->25005K(25600K) Class: 3574K(4288K)->3574K(4288K)
[54.397s][info][gc          ] GC(126) Pause Young (System.gc()) 772M->772M(5888M) 0.521ms
[55.051s][info][gc,metaspace] GC(127) Metaspace: 28580K(29888K)->28580K(29888K) NonClass: 25005K(25600K)->25005K(25600K) Class: 3574K(4288K)->3574K(4288K)
[55.051s][info][gc          ] GC(127) Pause Full (System.gc()) 772M->772M(5888M) 654.132ms
[55.052s][info][gc,metaspace] GC(128) Metaspace: 28580K(29888K)->28580K(29888K) NonClass: 25005K(25600K)->25005K(25600K) Class: 3574K(4288K)->3574K(4288K)
[55.052s][info][gc          ] GC(128) Pause Young (System.gc()) 772M->772M(5888M) 0.593ms
[55.709s][info][gc,metaspace] GC(129) Metaspace: 28580K(29888K)->28580K(29888K) NonClass: 25005K(25600K)->25005K(25600K) Class: 3574K(4288K)->3574K(4288K)
[55.709s][info][gc          ] GC(129) Pause Full (System.gc()) 772M->772M(5888M) 657.095ms
[55.710s][info][gc,metaspace] GC(130) Metaspace: 28580K(29888K)->28580K(29888K) NonClass: 25005K(25600K)->25005K(25600K) Class: 3574K(4288K)->3574K(4288K)
[55.710s][info][gc          ] GC(130) Pause Young (System.gc()) 772M->772M(5888M) 0.582ms
[56.382s][info][gc,metaspace] GC(131) Metaspace: 28580K(29888K)->28580K(29888K) NonClass: 25005K(25600K)->25005K(25600K) Class: 3574K(4288K)->3574K(4288K)
[56.382s][info][gc          ] GC(131) Pause Full (System.gc()) 772M->772M(5888M) 672.223ms
[56.383s][info][gc,metaspace] GC(132) Metaspace: 28580K(29888K)->28580K(29888K) NonClass: 25005K(25600K)->25005K(25600K) Class: 3574K(4288K)->3574K(4288K)
[56.383s][info][gc          ] GC(132) Pause Young (System.gc()) 772M->772M(5888M) 0.526ms
[57.007s][info][gc,metaspace] GC(133) Metaspace: 28580K(29888K)->28580K(29888K) NonClass: 25005K(25600K)->25005K(25600K) Class: 3574K(4288K)->3574K(4288K)
[57.007s][info][gc          ] GC(133) Pause Full (System.gc()) 772M->772M(5888M) 624.096ms
[57.008s][info][gc,metaspace] GC(134) Metaspace: 28580K(29888K)->28580K(29888K) NonClass: 25005K(25600K)->25005K(25600K) Class: 3574K(4288K)->3574K(4288K)
[57.008s][info][gc          ] GC(134) Pause Young (System.gc()) 772M->772M(5888M) 0.615ms
[57.672s][info][gc,metaspace] GC(135) Metaspace: 28580K(29888K)->28580K(29888K) NonClass: 25005K(25600K)->25005K(25600K) Class: 3574K(4288K)->3574K(4288K)
[57.672s][info][gc          ] GC(135) Pause Full (System.gc()) 772M->772M(5888M) 664.655ms
[57.677s][info][gc,metaspace] GC(136) Metaspace: 28580K(29888K)->28580K(29888K) NonClass: 25005K(25600K)->25005K(25600K) Class: 3574K(4288K)->3574K(4288K)
[57.677s][info][gc          ] GC(136) Pause Young (System.gc()) 772M->772M(5888M) 0.567ms
[58.326s][info][gc,metaspace] GC(137) Metaspace: 28580K(29888K)->28580K(29888K) NonClass: 25005K(25600K)->25005K(25600K) Class: 3574K(4288K)->3574K(4288K)
[58.326s][info][gc          ] GC(137) Pause Full (System.gc()) 772M->772M(5888M) 648.564ms
[58.327s][info][gc,metaspace] GC(138) Metaspace: 28580K(29888K)->28580K(29888K) NonClass: 25005K(25600K)->25005K(25600K) Class: 3574K(4288K)->3574K(4288K)
[58.327s][info][gc          ] GC(138) Pause Young (System.gc()) 772M->772M(5888M) 0.803ms
[58.967s][info][gc,metaspace] GC(139) Metaspace: 28580K(29888K)->28580K(29888K) NonClass: 25005K(25600K)->25005K(25600K) Class: 3574K(4288K)->3574K(4288K)
[58.967s][info][gc          ] GC(139) Pause Full (System.gc()) 772M->772M(5888M) 640.301ms
[58.968s][info][gc,metaspace] GC(140) Metaspace: 28580K(29888K)->28580K(29888K) NonClass: 25005K(25600K)->25005K(25600K) Class: 3574K(4288K)->3574K(4288K)
[58.968s][info][gc          ] GC(140) Pause Young (System.gc()) 772M->772M(5888M) 0.702ms
[59.620s][info][gc,metaspace] GC(141) Metaspace: 28580K(29888K)->28580K(29888K) NonClass: 25005K(25600K)->25005K(25600K) Class: 3574K(4288K)->3574K(4288K)
[59.620s][info][gc          ] GC(141) Pause Full (System.gc()) 772M->772M(5888M) 652.330ms
[59.621s][info][gc,metaspace] GC(142) Metaspace: 28580K(29888K)->28580K(29888K) NonClass: 25005K(25600K)->25005K(25600K) Class: 3574K(4288K)->3574K(4288K)
[59.621s][info][gc          ] GC(142) Pause Young (System.gc()) 772M->772M(5888M) 0.564ms
[60.297s][info][gc,metaspace] GC(143) Metaspace: 28580K(29888K)->28580K(29888K) NonClass: 25005K(25600K)->25005K(25600K) Class: 3574K(4288K)->3574K(4288K)
[60.297s][info][gc          ] GC(143) Pause Full (System.gc()) 772M->772M(5888M) 676.104ms
[60.298s][info][gc,metaspace] GC(144) Metaspace: 28580K(29888K)->28580K(29888K) NonClass: 25005K(25600K)->25005K(25600K) Class: 3574K(4288K)->3574K(4288K)
[60.298s][info][gc          ] GC(144) Pause Young (System.gc()) 772M->772M(5888M) 0.458ms
[60.945s][info][gc,metaspace] GC(145) Metaspace: 28580K(29888K)->28580K(29888K) NonClass: 25005K(25600K)->25005K(25600K) Class: 3574K(4288K)->3574K(4288K)
[60.945s][info][gc          ] GC(145) Pause Full (System.gc()) 772M->772M(5888M) 647.715ms
[60.946s][info][gc,metaspace] GC(146) Metaspace: 28580K(29888K)->28580K(29888K) NonClass: 25005K(25600K)->25005K(25600K) Class: 3574K(4288K)->3574K(4288K)
[60.946s][info][gc          ] GC(146) Pause Young (System.gc()) 772M->772M(5888M) 0.574ms
[61.592s][info][gc,metaspace] GC(147) Metaspace: 28580K(29888K)->28580K(29888K) NonClass: 25005K(25600K)->25005K(25600K) Class: 3574K(4288K)->3574K(4288K)
[61.592s][info][gc          ] GC(147) Pause Full (System.gc()) 772M->772M(5888M) 646.012ms
[61.593s][info][gc,metaspace] GC(148) Metaspace: 28580K(29888K)->28580K(29888K) NonClass: 25005K(25600K)->25005K(25600K) Class: 3574K(4288K)->3574K(4288K)
[61.593s][info][gc          ] GC(148) Pause Young (System.gc()) 772M->772M(5888M) 0.471ms
[62.265s][info][gc,metaspace] GC(149) Metaspace: 28580K(29888K)->28580K(29888K) NonClass: 25005K(25600K)->25005K(25600K) Class: 3574K(4288K)->3574K(4288K)
[62.265s][info][gc          ] GC(149) Pause Full (System.gc()) 772M->772M(5888M) 672.010ms
[62.265s][info][gc,metaspace] GC(150) Metaspace: 28580K(29888K)->28580K(29888K) NonClass: 25005K(25600K)->25005K(25600K) Class: 3574K(4288K)->3574K(4288K)
[62.265s][info][gc          ] GC(150) Pause Young (System.gc()) 772M->772M(5888M) 0.511ms
[62.890s][info][gc,metaspace] GC(151) Metaspace: 28580K(29888K)->28580K(29888K) NonClass: 25005K(25600K)->25005K(25600K) Class: 3574K(4288K)->3574K(4288K)
[62.890s][info][gc          ] GC(151) Pause Full (System.gc()) 772M->772M(5888M) 624.372ms
[62.895s][info][gc,metaspace] GC(152) Metaspace: 28580K(29888K)->28580K(29888K) NonClass: 25005K(25600K)->25005K(25600K) Class: 3574K(4288K)->3574K(4288K)
[62.895s][info][gc          ] GC(152) Pause Young (System.gc()) 772M->772M(5888M) 0.500ms
[63.707s][info][gc,metaspace] GC(153) Metaspace: 28580K(29888K)->28580K(29888K) NonClass: 25005K(25600K)->25005K(25600K) Class: 3574K(4288K)->3574K(4288K)
[63.707s][info][gc          ] GC(153) Pause Full (System.gc()) 772M->772M(5888M) 811.881ms
[63.707s][info][gc,metaspace] GC(154) Metaspace: 28580K(29888K)->28580K(29888K) NonClass: 25005K(25600K)->25005K(25600K) Class: 3574K(4288K)->3574K(4288K)
[63.707s][info][gc          ] GC(154) Pause Young (System.gc()) 782M->772M(5888M) 0.561ms
[64.433s][info][gc,metaspace] GC(155) Metaspace: 28580K(29888K)->28580K(29888K) NonClass: 25005K(25600K)->25005K(25600K) Class: 3574K(4288K)->3574K(4288K)
[64.433s][info][gc          ] GC(155) Pause Full (System.gc()) 772M->772M(5888M) 725.773ms
[64.434s][info][gc,metaspace] GC(156) Metaspace: 28580K(29888K)->28580K(29888K) NonClass: 25005K(25600K)->25005K(25600K) Class: 3574K(4288K)->3574K(4288K)
[64.434s][info][gc          ] GC(156) Pause Young (System.gc()) 772M->772M(5888M) 0.636ms
[65.091s][info][gc,metaspace] GC(157) Metaspace: 28580K(29888K)->28580K(29888K) NonClass: 25005K(25600K)->25005K(25600K) Class: 3574K(4288K)->3574K(4288K)
[65.091s][info][gc          ] GC(157) Pause Full (System.gc()) 772M->772M(5888M) 657.151ms
[65.092s][info][gc,metaspace] GC(158) Metaspace: 28580K(29888K)->28580K(29888K) NonClass: 25005K(25600K)->25005K(25600K) Class: 3574K(4288K)->3574K(4288K)
[65.092s][info][gc          ] GC(158) Pause Young (System.gc()) 772M->772M(5888M) 0.575ms
[65.754s][info][gc,metaspace] GC(159) Metaspace: 28580K(29888K)->28580K(29888K) NonClass: 25005K(25600K)->25005K(25600K) Class: 3574K(4288K)->3574K(4288K)
[65.754s][info][gc          ] GC(159) Pause Full (System.gc()) 772M->772M(5888M) 662.039ms
[65.755s][info][gc,metaspace] GC(160) Metaspace: 28580K(29888K)->28580K(29888K) NonClass: 25005K(25600K)->25005K(25600K) Class: 3574K(4288K)->3574K(4288K)
[65.755s][info][gc          ] GC(160) Pause Young (System.gc()) 772M->772M(5888M) 0.531ms
[66.393s][info][gc,metaspace] GC(161) Metaspace: 28580K(29888K)->28580K(29888K) NonClass: 25005K(25600K)->25005K(25600K) Class: 3574K(4288K)->3574K(4288K)
[66.393s][info][gc          ] GC(161) Pause Full (System.gc()) 772M->772M(5888M) 638.502ms
[66.394s][info][gc,metaspace] GC(162) Metaspace: 28580K(29888K)->28580K(29888K) NonClass: 25005K(25600K)->25005K(25600K) Class: 3574K(4288K)->3574K(4288K)
[66.394s][info][gc          ] GC(162) Pause Young (System.gc()) 772M->772M(5888M) 0.549ms
[67.028s][info][gc,metaspace] GC(163) Metaspace: 28580K(29888K)->28580K(29888K) NonClass: 25005K(25600K)->25005K(25600K) Class: 3574K(4288K)->3574K(4288K)
[67.028s][info][gc          ] GC(163) Pause Full (System.gc()) 772M->772M(5888M) 634.607ms
[67.029s][info][gc,metaspace] GC(164) Metaspace: 28580K(29888K)->28580K(29888K) NonClass: 25005K(25600K)->25005K(25600K) Class: 3574K(4288K)->3574K(4288K)
[67.029s][info][gc          ] GC(164) Pause Young (System.gc()) 772M->772M(5888M) 0.586ms
[67.873s][info][gc,metaspace] GC(165) Metaspace: 28580K(29888K)->28580K(29888K) NonClass: 25005K(25600K)->25005K(25600K) Class: 3574K(4288K)->3574K(4288K)
[67.873s][info][gc          ] GC(165) Pause Full (System.gc()) 772M->772M(5888M) 843.430ms
[67.873s][info][gc,metaspace] GC(166) Metaspace: 28580K(29888K)->28580K(29888K) NonClass: 25005K(25600K)->25005K(25600K) Class: 3574K(4288K)->3574K(4288K)
[67.873s][info][gc          ] GC(166) Pause Young (System.gc()) 772M->772M(5888M) 0.491ms
[68.537s][info][gc,metaspace] GC(167) Metaspace: 28580K(29888K)->28580K(29888K) NonClass: 25005K(25600K)->25005K(25600K) Class: 3574K(4288K)->3574K(4288K)
[68.537s][info][gc          ] GC(167) Pause Full (System.gc()) 772M->772M(5888M) 663.607ms
[68.537s][info][gc,metaspace] GC(168) Metaspace: 28580K(29888K)->28580K(29888K) NonClass: 25005K(25600K)->25005K(25600K) Class: 3574K(4288K)->3574K(4288K)
[68.537s][info][gc          ] GC(168) Pause Young (System.gc()) 772M->772M(5888M) 0.563ms
[69.179s][info][gc,metaspace] GC(169) Metaspace: 28580K(29888K)->28580K(29888K) NonClass: 25005K(25600K)->25005K(25600K) Class: 3574K(4288K)->3574K(4288K)
[69.179s][info][gc          ] GC(169) Pause Full (System.gc()) 772M->772M(5888M) 641.118ms
[69.179s][info][gc,metaspace] GC(170) Metaspace: 28580K(29888K)->28580K(29888K) NonClass: 25005K(25600K)->25005K(25600K) Class: 3574K(4288K)->3574K(4288K)
[69.179s][info][gc          ] GC(170) Pause Young (System.gc()) 772M->772M(5888M) 0.566ms
[69.817s][info][gc,metaspace] GC(171) Metaspace: 28580K(29888K)->28580K(29888K) NonClass: 25005K(25600K)->25005K(25600K) Class: 3574K(4288K)->3574K(4288K)
[69.817s][info][gc          ] GC(171) Pause Full (System.gc()) 772M->772M(5888M) 638.081ms
[69.818s][info][gc,metaspace] GC(172) Metaspace: 28580K(29888K)->28580K(29888K) NonClass: 25005K(25600K)->25005K(25600K) Class: 3574K(4288K)->3574K(4288K)
[69.818s][info][gc          ] GC(172) Pause Young (System.gc()) 772M->772M(5888M) 0.489ms
[70.446s][info][gc,metaspace] GC(173) Metaspace: 28580K(29888K)->28580K(29888K) NonClass: 25005K(25600K)->25005K(25600K) Class: 3574K(4288K)->3574K(4288K)
[70.446s][info][gc          ] GC(173) Pause Full (System.gc()) 772M->772M(5888M) 628.213ms
[70.447s][info][gc,metaspace] GC(174) Metaspace: 28580K(29888K)->28580K(29888K) NonClass: 25005K(25600K)->25005K(25600K) Class: 3574K(4288K)->3574K(4288K)
[70.447s][info][gc          ] GC(174) Pause Young (System.gc()) 772M->772M(5888M) 0.548ms
[71.107s][info][gc,metaspace] GC(175) Metaspace: 28580K(29888K)->28580K(29888K) NonClass: 25005K(25600K)->25005K(25600K) Class: 3574K(4288K)->3574K(4288K)
[71.107s][info][gc          ] GC(175) Pause Full (System.gc()) 772M->772M(5888M) 659.719ms
[71.107s][info][gc,metaspace] GC(176) Metaspace: 28580K(29888K)->28580K(29888K) NonClass: 25005K(25600K)->25005K(25600K) Class: 3574K(4288K)->3574K(4288K)
[71.107s][info][gc          ] GC(176) Pause Young (System.gc()) 772M->772M(5888M) 0.460ms
[71.741s][info][gc,metaspace] GC(177) Metaspace: 28580K(29888K)->28580K(29888K) NonClass: 25005K(25600K)->25005K(25600K) Class: 3574K(4288K)->3574K(4288K)
[71.741s][info][gc          ] GC(177) Pause Full (System.gc()) 772M->772M(5888M) 633.477ms
[71.741s][info][gc,metaspace] GC(178) Metaspace: 28580K(29888K)->28580K(29888K) NonClass: 25005K(25600K)->25005K(25600K) Class: 3574K(4288K)->3574K(4288K)
[71.741s][info][gc          ] GC(178) Pause Young (System.gc()) 772M->772M(5888M) 0.560ms
[72.368s][info][gc,metaspace] GC(179) Metaspace: 28580K(29888K)->28580K(29888K) NonClass: 25005K(25600K)->25005K(25600K) Class: 3574K(4288K)->3574K(4288K)
[72.368s][info][gc          ] GC(179) Pause Full (System.gc()) 772M->772M(5888M) 627.021ms
[72.369s][info][gc,metaspace] GC(180) Metaspace: 28580K(29888K)->28580K(29888K) NonClass: 25005K(25600K)->25005K(25600K) Class: 3574K(4288K)->3574K(4288K)
[72.369s][info][gc          ] GC(180) Pause Young (System.gc()) 772M->772M(5888M) 0.702ms
[73.018s][info][gc,metaspace] GC(181) Metaspace: 28580K(29888K)->28580K(29888K) NonClass: 25005K(25600K)->25005K(25600K) Class: 3574K(4288K)->3574K(4288K)
[73.018s][info][gc          ] GC(181) Pause Full (System.gc()) 772M->772M(5888M) 648.963ms
[73.019s][info][gc,metaspace] GC(182) Metaspace: 28580K(29888K)->28580K(29888K) NonClass: 25005K(25600K)->25005K(25600K) Class: 3574K(4288K)->3574K(4288K)
[73.019s][info][gc          ] GC(182) Pause Young (System.gc()) 772M->772M(5888M) 0.580ms
[73.692s][info][gc,metaspace] GC(183) Metaspace: 28580K(29888K)->28580K(29888K) NonClass: 25005K(25600K)->25005K(25600K) Class: 3574K(4288K)->3574K(4288K)
[73.692s][info][gc          ] GC(183) Pause Full (System.gc()) 772M->772M(5888M) 672.803ms
[73.697s][info][gc,metaspace] GC(184) Metaspace: 28580K(29888K)->28580K(29888K) NonClass: 25005K(25600K)->25005K(25600K) Class: 3574K(4288K)->3574K(4288K)
[73.697s][info][gc          ] GC(184) Pause Young (System.gc()) 772M->772M(5888M) 0.764ms
[74.348s][info][gc,metaspace] GC(185) Metaspace: 28580K(29888K)->28580K(29888K) NonClass: 25005K(25600K)->25005K(25600K) Class: 3574K(4288K)->3574K(4288K)
[74.348s][info][gc          ] GC(185) Pause Full (System.gc()) 772M->772M(5888M) 651.135ms
[74.349s][info][gc,metaspace] GC(186) Metaspace: 28580K(29888K)->28580K(29888K) NonClass: 25005K(25600K)->25005K(25600K) Class: 3574K(4288K)->3574K(4288K)
[74.349s][info][gc          ] GC(186) Pause Young (System.gc()) 772M->772M(5888M) 0.567ms
[74.982s][info][gc,metaspace] GC(187) Metaspace: 28580K(29888K)->28580K(29888K) NonClass: 25005K(25600K)->25005K(25600K) Class: 3574K(4288K)->3574K(4288K)
[74.982s][info][gc          ] GC(187) Pause Full (System.gc()) 772M->772M(5888M) 632.915ms
[74.982s][info][gc,metaspace] GC(188) Metaspace: 28580K(29888K)->28580K(29888K) NonClass: 25005K(25600K)->25005K(25600K) Class: 3574K(4288K)->3574K(4288K)
[74.983s][info][gc          ] GC(188) Pause Young (System.gc()) 772M->772M(5888M) 0.579ms
[75.879s][info][gc,metaspace] GC(189) Metaspace: 28580K(29888K)->28580K(29888K) NonClass: 25005K(25600K)->25005K(25600K) Class: 3574K(4288K)->3574K(4288K)
[75.879s][info][gc          ] GC(189) Pause Full (System.gc()) 772M->772M(5888M) 896.078ms
[75.879s][info][gc,metaspace] GC(190) Metaspace: 28580K(29888K)->28580K(29888K) NonClass: 25005K(25600K)->25005K(25600K) Class: 3574K(4288K)->3574K(4288K)
[75.879s][info][gc          ] GC(190) Pause Young (System.gc()) 772M->772M(5888M) 0.486ms
[76.505s][info][gc,metaspace] GC(191) Metaspace: 28580K(29888K)->28580K(29888K) NonClass: 25005K(25600K)->25005K(25600K) Class: 3574K(4288K)->3574K(4288K)
[76.505s][info][gc          ] GC(191) Pause Full (System.gc()) 772M->772M(5888M) 626.051ms
[76.506s][info][gc,metaspace] GC(192) Metaspace: 28580K(29888K)->28580K(29888K) NonClass: 25005K(25600K)->25005K(25600K) Class: 3574K(4288K)->3574K(4288K)
[76.506s][info][gc          ] GC(192) Pause Young (System.gc()) 772M->772M(5888M) 0.636ms
[77.164s][info][gc,metaspace] GC(193) Metaspace: 28580K(29888K)->28580K(29888K) NonClass: 25005K(25600K)->25005K(25600K) Class: 3574K(4288K)->3574K(4288K)
[77.164s][info][gc          ] GC(193) Pause Full (System.gc()) 772M->772M(5888M) 658.388ms
[77.165s][info][gc,metaspace] GC(194) Metaspace: 28580K(29888K)->28580K(29888K) NonClass: 25005K(25600K)->25005K(25600K) Class: 3574K(4288K)->3574K(4288K)
[77.165s][info][gc          ] GC(194) Pause Young (System.gc()) 772M->772M(5888M) 0.630ms
[77.813s][info][gc,metaspace] GC(195) Metaspace: 28580K(29888K)->28580K(29888K) NonClass: 25005K(25600K)->25005K(25600K) Class: 3574K(4288K)->3574K(4288K)
[77.813s][info][gc          ] GC(195) Pause Full (System.gc()) 772M->772M(5888M) 647.585ms
[77.813s][info][gc,metaspace] GC(196) Metaspace: 28580K(29888K)->28580K(29888K) NonClass: 25005K(25600K)->25005K(25600K) Class: 3574K(4288K)->3574K(4288K)
[77.814s][info][gc          ] GC(196) Pause Young (System.gc()) 772M->772M(5888M) 0.530ms
[78.465s][info][gc,metaspace] GC(197) Metaspace: 28580K(29888K)->28580K(29888K) NonClass: 25005K(25600K)->25005K(25600K) Class: 3574K(4288K)->3574K(4288K)
[78.465s][info][gc          ] GC(197) Pause Full (System.gc()) 772M->772M(5888M) 651.511ms
[78.466s][info][gc,metaspace] GC(198) Metaspace: 28580K(29888K)->28580K(29888K) NonClass: 25005K(25600K)->25005K(25600K) Class: 3574K(4288K)->3574K(4288K)
[78.466s][info][gc          ] GC(198) Pause Young (System.gc()) 772M->772M(5888M) 0.501ms
[79.106s][info][gc,metaspace] GC(199) Metaspace: 28580K(29888K)->28580K(29888K) NonClass: 25005K(25600K)->25005K(25600K) Class: 3574K(4288K)->3574K(4288K)
[79.106s][info][gc          ] GC(199) Pause Full (System.gc()) 772M->772M(5888M) 640.598ms
[79.111s][info][gc,metaspace] GC(200) Metaspace: 28580K(29888K)->28580K(29888K) NonClass: 25005K(25600K)->25005K(25600K) Class: 3574K(4288K)->3574K(4288K)
[79.111s][info][gc          ] GC(200) Pause Young (System.gc()) 772M->772M(5888M) 0.488ms
[79.740s][info][gc,metaspace] GC(201) Metaspace: 28580K(29888K)->28580K(29888K) NonClass: 25005K(25600K)->25005K(25600K) Class: 3574K(4288K)->3574K(4288K)
[79.740s][info][gc          ] GC(201) Pause Full (System.gc()) 772M->772M(5888M) 628.646ms
[79.740s][info][gc,metaspace] GC(202) Metaspace: 28580K(29888K)->28580K(29888K) NonClass: 25005K(25600K)->25005K(25600K) Class: 3574K(4288K)->3574K(4288K)
[79.740s][info][gc          ] GC(202) Pause Young (System.gc()) 772M->772M(5888M) 0.508ms
[80.380s][info][gc,metaspace] GC(203) Metaspace: 28580K(29888K)->28580K(29888K) NonClass: 25005K(25600K)->25005K(25600K) Class: 3574K(4288K)->3574K(4288K)
[80.381s][info][gc          ] GC(203) Pause Full (System.gc()) 772M->772M(5888M) 640.061ms
After GCs... 
