Done; will start GCs... 
[91.138s][info][gc,metaspace] GC(13) Metaspace: 89877K(103744K)->89877K(103744K) NonClass: 63129K(69056K)->63129K(69056K) Class: 26748K(34688K)->26748K(34688K)
[91.138s][info][gc          ] GC(13) Pause Full (System.gc()) 1634M->1602M(5939M) 5614.779ms
[96.807s][info][gc,metaspace] GC(14) Metaspace: 89877K(103744K)->89877K(103744K) NonClass: 63129K(69056K)->63129K(69056K) Class: 26748K(34688K)->26748K(34688K)
[96.807s][info][gc          ] GC(14) Pause Full (System.gc()) 1602M->1602M(5939M) 5668.831ms
[102.474s][info][gc,metaspace] GC(15) Metaspace: 89877K(103744K)->89877K(103744K) NonClass: 63129K(69056K)->63129K(69056K) Class: 26748K(34688K)->26748K(34688K)
[102.474s][info][gc          ] GC(15) Pause Full (System.gc()) 1602M->1602M(5939M) 5666.922ms
[108.100s][info][gc,metaspace] GC(16) Metaspace: 89877K(103744K)->89877K(103744K) NonClass: 63129K(69056K)->63129K(69056K) Class: 26748K(34688K)->26748K(34688K)
[108.100s][info][gc          ] GC(16) Pause Full (System.gc()) 1602M->1602M(5939M) 5625.799ms
[113.799s][info][gc,metaspace] GC(17) Metaspace: 89877K(103744K)->89877K(103744K) NonClass: 63129K(69056K)->63129K(69056K) Class: 26748K(34688K)->26748K(34688K)
[113.799s][info][gc          ] GC(17) Pause Full (System.gc()) 1602M->1602M(5939M) 5698.690ms
[119.467s][info][gc,metaspace] GC(18) Metaspace: 89877K(103744K)->89877K(103744K) NonClass: 63129K(69056K)->63129K(69056K) Class: 26748K(34688K)->26748K(34688K)
[119.467s][info][gc          ] GC(18) Pause Full (System.gc()) 1602M->1602M(5939M) 5667.756ms
[125.083s][info][gc,metaspace] GC(19) Metaspace: 89877K(103744K)->89877K(103744K) NonClass: 63129K(69056K)->63129K(69056K) Class: 26748K(34688K)->26748K(34688K)
[125.083s][info][gc          ] GC(19) Pause Full (System.gc()) 1602M->1602M(5939M) 5616.132ms
[131.482s][info][gc,metaspace] GC(20) Metaspace: 89877K(103744K)->89877K(103744K) NonClass: 63129K(69056K)->63129K(69056K) Class: 26748K(34688K)->26748K(34688K)
[131.483s][info][gc          ] GC(20) Pause Full (System.gc()) 1613M->1602M(5939M) 6399.172ms
[137.248s][info][gc,metaspace] GC(21) Metaspace: 89877K(103744K)->89877K(103744K) NonClass: 63129K(69056K)->63129K(69056K) Class: 26748K(34688K)->26748K(34688K)
[137.248s][info][gc          ] GC(21) Pause Full (System.gc()) 1602M->1602M(5939M) 5764.961ms
[142.958s][info][gc,metaspace] GC(22) Metaspace: 89877K(103744K)->89877K(103744K) NonClass: 63129K(69056K)->63129K(69056K) Class: 26748K(34688K)->26748K(34688K)
[142.958s][info][gc          ] GC(22) Pause Full (System.gc()) 1602M->1602M(5939M) 5709.906ms
[148.718s][info][gc,metaspace] GC(23) Metaspace: 89877K(103744K)->89877K(103744K) NonClass: 63129K(69056K)->63129K(69056K) Class: 26748K(34688K)->26748K(34688K)
[148.718s][info][gc          ] GC(23) Pause Full (System.gc()) 1602M->1602M(5939M) 5760.078ms
[154.476s][info][gc,metaspace] GC(24) Metaspace: 89877K(103744K)->89877K(103744K) NonClass: 63129K(69056K)->63129K(69056K) Class: 26748K(34688K)->26748K(34688K)
[154.476s][info][gc          ] GC(24) Pause Full (System.gc()) 1602M->1602M(5939M) 5757.822ms
[160.238s][info][gc,metaspace] GC(25) Metaspace: 89877K(103744K)->89877K(103744K) NonClass: 63129K(69056K)->63129K(69056K) Class: 26748K(34688K)->26748K(34688K)
[160.238s][info][gc          ] GC(25) Pause Full (System.gc()) 1602M->1602M(5939M) 5757.949ms
[167.013s][info][gc,metaspace] GC(26) Metaspace: 89877K(103744K)->89877K(103744K) NonClass: 63129K(69056K)->63129K(69056K) Class: 26748K(34688K)->26748K(34688K)
[167.013s][info][gc          ] GC(26) Pause Full (System.gc()) 1602M->1602M(5939M) 6769.763ms
[172.778s][info][gc,metaspace] GC(27) Metaspace: 89877K(103744K)->89877K(103744K) NonClass: 63129K(69056K)->63129K(69056K) Class: 26748K(34688K)->26748K(34688K)
[172.778s][info][gc          ] GC(27) Pause Full (System.gc()) 1602M->1602M(5939M) 5765.386ms
[178.538s][info][gc,metaspace] GC(28) Metaspace: 89877K(103744K)->89877K(103744K) NonClass: 63129K(69056K)->63129K(69056K) Class: 26748K(34688K)->26748K(34688K)
[178.538s][info][gc          ] GC(28) Pause Full (System.gc()) 1602M->1602M(5939M) 5759.170ms
[184.301s][info][gc,metaspace] GC(29) Metaspace: 89877K(103744K)->89877K(103744K) NonClass: 63129K(69056K)->63129K(69056K) Class: 26748K(34688K)->26748K(34688K)
[184.301s][info][gc          ] GC(29) Pause Full (System.gc()) 1602M->1602M(5939M) 5762.849ms
[190.010s][info][gc,metaspace] GC(30) Metaspace: 89877K(103744K)->89877K(103744K) NonClass: 63129K(69056K)->63129K(69056K) Class: 26748K(34688K)->26748K(34688K)
[190.010s][info][gc          ] GC(30) Pause Full (System.gc()) 1602M->1602M(5939M) 5704.609ms
[195.772s][info][gc,metaspace] GC(31) Metaspace: 89877K(103744K)->89877K(103744K) NonClass: 63129K(69056K)->63129K(69056K) Class: 26748K(34688K)->26748K(34688K)
[195.772s][info][gc          ] GC(31) Pause Full (System.gc()) 1613M->1602M(5939M) 5761.824ms
[201.536s][info][gc,metaspace] GC(32) Metaspace: 89877K(103744K)->89877K(103744K) NonClass: 63129K(69056K)->63129K(69056K) Class: 26748K(34688K)->26748K(34688K)
[201.536s][info][gc          ] GC(32) Pause Full (System.gc()) 1602M->1602M(5939M) 5763.750ms
[207.303s][info][gc,metaspace] GC(33) Metaspace: 89877K(103744K)->89877K(103744K) NonClass: 63129K(69056K)->63129K(69056K) Class: 26748K(34688K)->26748K(34688K)
[207.303s][info][gc          ] GC(33) Pause Full (System.gc()) 1602M->1602M(5939M) 5766.520ms
[214.024s][info][gc,metaspace] GC(34) Metaspace: 89877K(103744K)->89877K(103744K) NonClass: 63129K(69056K)->63129K(69056K) Class: 26748K(34688K)->26748K(34688K)
[214.024s][info][gc          ] GC(34) Pause Full (System.gc()) 1602M->1602M(5939M) 6717.341ms
[219.787s][info][gc,metaspace] GC(35) Metaspace: 89877K(103744K)->89877K(103744K) NonClass: 63129K(69056K)->63129K(69056K) Class: 26748K(34688K)->26748K(34688K)
[219.787s][info][gc          ] GC(35) Pause Full (System.gc()) 1602M->1602M(5939M) 5762.231ms
[225.551s][info][gc,metaspace] GC(36) Metaspace: 89877K(103744K)->89877K(103744K) NonClass: 63129K(69056K)->63129K(69056K) Class: 26748K(34688K)->26748K(34688K)
[225.551s][info][gc          ] GC(36) Pause Full (System.gc()) 1602M->1602M(5939M) 5763.723ms
[231.310s][info][gc,metaspace] GC(37) Metaspace: 89877K(103744K)->89877K(103744K) NonClass: 63129K(69056K)->63129K(69056K) Class: 26748K(34688K)->26748K(34688K)
[231.310s][info][gc          ] GC(37) Pause Full (System.gc()) 1602M->1602M(5939M) 5754.507ms
[237.259s][info][gc,metaspace] GC(38) Metaspace: 89877K(103744K)->89877K(103744K) NonClass: 63129K(69056K)->63129K(69056K) Class: 26748K(34688K)->26748K(34688K)
[237.259s][info][gc          ] GC(38) Pause Full (System.gc()) 1602M->1602M(5939M) 5944.341ms
[243.164s][info][gc,metaspace] GC(39) Metaspace: 89877K(103744K)->89877K(103744K) NonClass: 63129K(69056K)->63129K(69056K) Class: 26748K(34688K)->26748K(34688K)
[243.164s][info][gc          ] GC(39) Pause Full (System.gc()) 1602M->1602M(5939M) 5905.225ms
[248.926s][info][gc,metaspace] GC(40) Metaspace: 89877K(103744K)->89877K(103744K) NonClass: 63129K(69056K)->63129K(69056K) Class: 26748K(34688K)->26748K(34688K)
[248.926s][info][gc          ] GC(40) Pause Full (System.gc()) 1602M->1602M(5939M) 5762.111ms
[254.679s][info][gc,metaspace] GC(41) Metaspace: 89877K(103744K)->89877K(103744K) NonClass: 63129K(69056K)->63129K(69056K) Class: 26748K(34688K)->26748K(34688K)
[254.679s][info][gc          ] GC(41) Pause Full (System.gc()) 1602M->1602M(5939M) 5752.260ms
[260.440s][info][gc,metaspace] GC(42) Metaspace: 89877K(103744K)->89877K(103744K) NonClass: 63129K(69056K)->63129K(69056K) Class: 26748K(34688K)->26748K(34688K)
[260.440s][info][gc          ] GC(42) Pause Full (System.gc()) 1613M->1602M(5939M) 5761.438ms
[266.152s][info][gc,metaspace] GC(43) Metaspace: 89877K(103744K)->89877K(103744K) NonClass: 63129K(69056K)->63129K(69056K) Class: 26748K(34688K)->26748K(34688K)
[266.152s][info][gc          ] GC(43) Pause Full (System.gc()) 1602M->1602M(5939M) 5707.300ms
[271.908s][info][gc,metaspace] GC(44) Metaspace: 89877K(103744K)->89877K(103744K) NonClass: 63129K(69056K)->63129K(69056K) Class: 26748K(34688K)->26748K(34688K)
[271.908s][info][gc          ] GC(44) Pause Full (System.gc()) 1602M->1602M(5939M) 5755.576ms
[277.670s][info][gc,metaspace] GC(45) Metaspace: 89877K(103744K)->89877K(103744K) NonClass: 63129K(69056K)->63129K(69056K) Class: 26748K(34688K)->26748K(34688K)
[277.670s][info][gc          ] GC(45) Pause Full (System.gc()) 1602M->1602M(5939M) 5762.211ms
[283.433s][info][gc,metaspace] GC(46) Metaspace: 89877K(103744K)->89877K(103744K) NonClass: 63129K(69056K)->63129K(69056K) Class: 26748K(34688K)->26748K(34688K)
[283.433s][info][gc          ] GC(46) Pause Full (System.gc()) 1602M->1602M(5939M) 5762.059ms
[289.145s][info][gc,metaspace] GC(47) Metaspace: 89877K(103744K)->89877K(103744K) NonClass: 63129K(69056K)->63129K(69056K) Class: 26748K(34688K)->26748K(34688K)
[289.145s][info][gc          ] GC(47) Pause Full (System.gc()) 1602M->1602M(5939M) 5712.456ms
[294.904s][info][gc,metaspace] GC(48) Metaspace: 89877K(103744K)->89877K(103744K) NonClass: 63129K(69056K)->63129K(69056K) Class: 26748K(34688K)->26748K(34688K)
[294.904s][info][gc          ] GC(48) Pause Full (System.gc()) 1602M->1602M(5939M) 5753.966ms
[300.665s][info][gc,metaspace] GC(49) Metaspace: 89877K(103744K)->89877K(103744K) NonClass: 63129K(69056K)->63129K(69056K) Class: 26748K(34688K)->26748K(34688K)
[300.665s][info][gc          ] GC(49) Pause Full (System.gc()) 1602M->1602M(5939M) 5761.368ms
[306.428s][info][gc,metaspace] GC(50) Metaspace: 89877K(103744K)->89877K(103744K) NonClass: 63129K(69056K)->63129K(69056K) Class: 26748K(34688K)->26748K(34688K)
[306.428s][info][gc          ] GC(50) Pause Full (System.gc()) 1602M->1602M(5939M) 5762.195ms
[312.139s][info][gc,metaspace] GC(51) Metaspace: 89877K(103744K)->89877K(103744K) NonClass: 63129K(69056K)->63129K(69056K) Class: 26748K(34688K)->26748K(34688K)
[312.139s][info][gc          ] GC(51) Pause Full (System.gc()) 1602M->1602M(5939M) 5711.294ms
[317.897s][info][gc,metaspace] GC(52) Metaspace: 89877K(103744K)->89877K(103744K) NonClass: 63129K(69056K)->63129K(69056K) Class: 26748K(34688K)->26748K(34688K)
[317.897s][info][gc          ] GC(52) Pause Full (System.gc()) 1602M->1602M(5939M) 5752.933ms
After GCs... 
