Done; will start GCs... 
[92.186s][info][gc,metaspace] GC(14) Metaspace: 88096K(101952K)->88096K(101952K) NonClass: 69703K(75648K)->69703K(75648K) Class: 18392K(26304K)->18392K(26304K)
[92.186s][info][gc          ] GC(14) Pause Full (System.gc()) 1850M->1817M(5939M) 4716.172ms
[97.088s][info][gc,metaspace] GC(15) Metaspace: 88096K(101952K)->88096K(101952K) NonClass: 69703K(75648K)->69703K(75648K) Class: 18392K(26304K)->18392K(26304K)
[97.088s][info][gc          ] GC(15) Pause Full (System.gc()) 1817M->1817M(5939M) 4901.963ms
[101.800s][info][gc,metaspace] GC(16) Metaspace: 88096K(101952K)->88096K(101952K) NonClass: 69703K(75648K)->69703K(75648K) Class: 18392K(26304K)->18392K(26304K)
[101.801s][info][gc          ] GC(16) Pause Full (System.gc()) 1817M->1817M(5939M) 4712.092ms
[106.519s][info][gc,metaspace] GC(17) Metaspace: 88096K(101952K)->88096K(101952K) NonClass: 69703K(75648K)->69703K(75648K) Class: 18392K(26304K)->18392K(26304K)
[106.519s][info][gc          ] GC(17) Pause Full (System.gc()) 1817M->1817M(5939M) 4718.536ms
[111.239s][info][gc,metaspace] GC(18) Metaspace: 88096K(101952K)->88096K(101952K) NonClass: 69703K(75648K)->69703K(75648K) Class: 18392K(26304K)->18392K(26304K)
[111.239s][info][gc          ] GC(18) Pause Full (System.gc()) 1817M->1817M(5939M) 4719.591ms
[116.076s][info][gc,metaspace] GC(19) Metaspace: 88096K(101952K)->88096K(101952K) NonClass: 69703K(75648K)->69703K(75648K) Class: 18392K(26304K)->18392K(26304K)
[116.076s][info][gc          ] GC(19) Pause Full (System.gc()) 1817M->1817M(5939M) 4837.338ms
[120.736s][info][gc,metaspace] GC(20) Metaspace: 88096K(101952K)->88096K(101952K) NonClass: 69703K(75648K)->69703K(75648K) Class: 18392K(26304K)->18392K(26304K)
[120.736s][info][gc          ] GC(20) Pause Full (System.gc()) 1817M->1817M(5939M) 4659.351ms
[125.406s][info][gc,metaspace] GC(21) Metaspace: 88096K(101952K)->88096K(101952K) NonClass: 69703K(75648K)->69703K(75648K) Class: 18392K(26304K)->18392K(26304K)
[125.406s][info][gc          ] GC(21) Pause Full (System.gc()) 1817M->1817M(5939M) 4670.210ms
[130.020s][info][gc,metaspace] GC(22) Metaspace: 88096K(101952K)->88096K(101952K) NonClass: 69703K(75648K)->69703K(75648K) Class: 18392K(26304K)->18392K(26304K)
[130.020s][info][gc          ] GC(22) Pause Full (System.gc()) 1817M->1817M(5939M) 4613.116ms
[134.679s][info][gc,metaspace] GC(23) Metaspace: 88096K(101952K)->88096K(101952K) NonClass: 69703K(75648K)->69703K(75648K) Class: 18392K(26304K)->18392K(26304K)
[134.679s][info][gc          ] GC(23) Pause Full (System.gc()) 1828M->1817M(5939M) 4659.578ms
[139.350s][info][gc,metaspace] GC(24) Metaspace: 88096K(101952K)->88096K(101952K) NonClass: 69703K(75648K)->69703K(75648K) Class: 18392K(26304K)->18392K(26304K)
[139.350s][info][gc          ] GC(24) Pause Full (System.gc()) 1817M->1817M(5939M) 4670.676ms
[144.276s][info][gc,metaspace] GC(25) Metaspace: 88096K(101952K)->88096K(101952K) NonClass: 69703K(75648K)->69703K(75648K) Class: 18392K(26304K)->18392K(26304K)
[144.276s][info][gc          ] GC(25) Pause Full (System.gc()) 1817M->1817M(5939M) 4925.871ms
[148.893s][info][gc,metaspace] GC(26) Metaspace: 88096K(101952K)->88096K(101952K) NonClass: 69703K(75648K)->69703K(75648K) Class: 18392K(26304K)->18392K(26304K)
[148.893s][info][gc          ] GC(26) Pause Full (System.gc()) 1817M->1817M(5939M) 4616.358ms
[153.568s][info][gc,metaspace] GC(27) Metaspace: 88096K(101952K)->88096K(101952K) NonClass: 69703K(75648K)->69703K(75648K) Class: 18392K(26304K)->18392K(26304K)
[153.568s][info][gc          ] GC(27) Pause Full (System.gc()) 1817M->1817M(5939M) 4674.965ms
[158.239s][info][gc,metaspace] GC(28) Metaspace: 88096K(101952K)->88096K(101952K) NonClass: 69703K(75648K)->69703K(75648K) Class: 18392K(26304K)->18392K(26304K)
[158.239s][info][gc          ] GC(28) Pause Full (System.gc()) 1817M->1817M(5939M) 4671.316ms
[163.076s][info][gc,metaspace] GC(29) Metaspace: 88096K(101952K)->88096K(101952K) NonClass: 69703K(75648K)->69703K(75648K) Class: 18392K(26304K)->18392K(26304K)
[163.076s][info][gc          ] GC(29) Pause Full (System.gc()) 1817M->1817M(5939M) 4836.620ms
[167.743s][info][gc,metaspace] GC(30) Metaspace: 88096K(101952K)->88096K(101952K) NonClass: 69703K(75648K)->69703K(75648K) Class: 18392K(26304K)->18392K(26304K)
[167.743s][info][gc          ] GC(30) Pause Full (System.gc()) 1817M->1817M(5939M) 4666.599ms
[172.407s][info][gc,metaspace] GC(31) Metaspace: 88096K(101952K)->88096K(101952K) NonClass: 69703K(75648K)->69703K(75648K) Class: 18392K(26304K)->18392K(26304K)
[172.407s][info][gc          ] GC(31) Pause Full (System.gc()) 1817M->1817M(5939M) 4663.750ms
[177.019s][info][gc,metaspace] GC(32) Metaspace: 88096K(101952K)->88096K(101952K) NonClass: 69703K(75648K)->69703K(75648K) Class: 18392K(26304K)->18392K(26304K)
[177.020s][info][gc          ] GC(32) Pause Full (System.gc()) 1817M->1817M(5939M) 4612.567ms
[181.681s][info][gc,metaspace] GC(33) Metaspace: 88096K(101952K)->88096K(101952K) NonClass: 69703K(75648K)->69703K(75648K) Class: 18392K(26304K)->18392K(26304K)
[181.681s][info][gc          ] GC(33) Pause Full (System.gc()) 1817M->1817M(5939M) 4661.256ms
[186.342s][info][gc,metaspace] GC(34) Metaspace: 88096K(101952K)->88096K(101952K) NonClass: 69703K(75648K)->69703K(75648K) Class: 18392K(26304K)->18392K(26304K)
[186.342s][info][gc          ] GC(34) Pause Full (System.gc()) 1817M->1817M(5939M) 4661.115ms
[190.951s][info][gc,metaspace] GC(35) Metaspace: 88096K(101952K)->88096K(101952K) NonClass: 69703K(75648K)->69703K(75648K) Class: 18392K(26304K)->18392K(26304K)
[190.951s][info][gc          ] GC(35) Pause Full (System.gc()) 1817M->1817M(5939M) 4604.443ms
[195.628s][info][gc,metaspace] GC(36) Metaspace: 88096K(101952K)->88096K(101952K) NonClass: 69703K(75648K)->69703K(75648K) Class: 18392K(26304K)->18392K(26304K)
[195.628s][info][gc          ] GC(36) Pause Full (System.gc()) 1817M->1817M(5939M) 4676.193ms
[200.288s][info][gc,metaspace] GC(37) Metaspace: 88096K(101952K)->88096K(101952K) NonClass: 69703K(75648K)->69703K(75648K) Class: 18392K(26304K)->18392K(26304K)
[200.288s][info][gc          ] GC(37) Pause Full (System.gc()) 1828M->1817M(5939M) 4660.459ms
[204.902s][info][gc,metaspace] GC(38) Metaspace: 88096K(101952K)->88096K(101952K) NonClass: 69703K(75648K)->69703K(75648K) Class: 18392K(26304K)->18392K(26304K)
[204.902s][info][gc          ] GC(38) Pause Full (System.gc()) 1817M->1817M(5939M) 4613.160ms
[209.564s][info][gc,metaspace] GC(39) Metaspace: 88096K(101952K)->88096K(101952K) NonClass: 69703K(75648K)->69703K(75648K) Class: 18392K(26304K)->18392K(26304K)
[209.564s][info][gc          ] GC(39) Pause Full (System.gc()) 1817M->1817M(5939M) 4662.343ms
[214.224s][info][gc,metaspace] GC(40) Metaspace: 88096K(101952K)->88096K(101952K) NonClass: 69703K(75648K)->69703K(75648K) Class: 18392K(26304K)->18392K(26304K)
[214.224s][info][gc          ] GC(40) Pause Full (System.gc()) 1817M->1817M(5939M) 4660.196ms
[219.061s][info][gc,metaspace] GC(41) Metaspace: 88096K(101952K)->88096K(101952K) NonClass: 69703K(75648K)->69703K(75648K) Class: 18392K(26304K)->18392K(26304K)
[219.061s][info][gc          ] GC(41) Pause Full (System.gc()) 1817M->1817M(5939M) 4836.161ms
[223.722s][info][gc,metaspace] GC(42) Metaspace: 88096K(101952K)->88096K(101952K) NonClass: 69703K(75648K)->69703K(75648K) Class: 18392K(26304K)->18392K(26304K)
[223.722s][info][gc          ] GC(42) Pause Full (System.gc()) 1817M->1817M(5939M) 4660.760ms
[228.393s][info][gc,metaspace] GC(43) Metaspace: 88096K(101952K)->88096K(101952K) NonClass: 69703K(75648K)->69703K(75648K) Class: 18392K(26304K)->18392K(26304K)
[228.393s][info][gc          ] GC(43) Pause Full (System.gc()) 1817M->1817M(5939M) 4670.931ms
[233.006s][info][gc,metaspace] GC(44) Metaspace: 88096K(101952K)->88096K(101952K) NonClass: 69703K(75648K)->69703K(75648K) Class: 18392K(26304K)->18392K(26304K)
[233.006s][info][gc          ] GC(44) Pause Full (System.gc()) 1817M->1817M(5939M) 4613.571ms
[237.666s][info][gc,metaspace] GC(45) Metaspace: 88096K(101952K)->88096K(101952K) NonClass: 69703K(75648K)->69703K(75648K) Class: 18392K(26304K)->18392K(26304K)
[237.666s][info][gc          ] GC(45) Pause Full (System.gc()) 1817M->1817M(5939M) 4659.474ms
[242.328s][info][gc,metaspace] GC(46) Metaspace: 88096K(101952K)->88096K(101952K) NonClass: 69703K(75648K)->69703K(75648K) Class: 18392K(26304K)->18392K(26304K)
[242.328s][info][gc          ] GC(46) Pause Full (System.gc()) 1817M->1817M(5939M) 4662.177ms
[246.946s][info][gc,metaspace] GC(47) Metaspace: 88096K(101952K)->88096K(101952K) NonClass: 69703K(75648K)->69703K(75648K) Class: 18392K(26304K)->18392K(26304K)
[246.946s][info][gc          ] GC(47) Pause Full (System.gc()) 1817M->1817M(5939M) 4617.693ms
[251.611s][info][gc,metaspace] GC(48) Metaspace: 88096K(101952K)->88096K(101952K) NonClass: 69703K(75648K)->69703K(75648K) Class: 18392K(26304K)->18392K(26304K)
[251.611s][info][gc          ] GC(48) Pause Full (System.gc()) 1817M->1817M(5939M) 4664.604ms
[256.273s][info][gc,metaspace] GC(49) Metaspace: 88096K(101952K)->88096K(101952K) NonClass: 69703K(75648K)->69703K(75648K) Class: 18392K(26304K)->18392K(26304K)
[256.273s][info][gc          ] GC(49) Pause Full (System.gc()) 1817M->1817M(5939M) 4661.597ms
[260.887s][info][gc,metaspace] GC(50) Metaspace: 88096K(101952K)->88096K(101952K) NonClass: 69703K(75648K)->69703K(75648K) Class: 18392K(26304K)->18392K(26304K)
[260.887s][info][gc          ] GC(50) Pause Full (System.gc()) 1817M->1817M(5939M) 4613.818ms
[265.548s][info][gc,metaspace] GC(51) Metaspace: 88096K(101952K)->88096K(101952K) NonClass: 69703K(75648K)->69703K(75648K) Class: 18392K(26304K)->18392K(26304K)
[265.548s][info][gc          ] GC(51) Pause Full (System.gc()) 1828M->1817M(5939M) 4661.266ms
[270.209s][info][gc,metaspace] GC(52) Metaspace: 88096K(101952K)->88096K(101952K) NonClass: 69703K(75648K)->69703K(75648K) Class: 18392K(26304K)->18392K(26304K)
[270.209s][info][gc          ] GC(52) Pause Full (System.gc()) 1817M->1817M(5939M) 4660.557ms
[274.821s][info][gc,metaspace] GC(53) Metaspace: 88096K(101952K)->88096K(101952K) NonClass: 69703K(75648K)->69703K(75648K) Class: 18392K(26304K)->18392K(26304K)
[274.821s][info][gc          ] GC(53) Pause Full (System.gc()) 1817M->1817M(5939M) 4612.007ms
After GCs... 
