Done; will start GCs... 
[48.128s][info][gc,metaspace] GC(13) Metaspace: 31189K(34880K)->31189K(34880K) NonClass: 23163K(24768K)->23163K(24768K) Class: 8025K(10112K)->8025K(10112K)
[48.128s][info][gc          ] GC(13) Pause Full (System.gc()) 1626M->1593M(5939M) 6429.552ms
[52.892s][info][gc,metaspace] GC(14) Metaspace: 31189K(34880K)->31189K(34880K) NonClass: 23163K(24768K)->23163K(24768K) Class: 8025K(10112K)->8025K(10112K)
[52.892s][info][gc          ] GC(14) Pause Full (System.gc()) 1593M->1593M(5939M) 4763.239ms
[57.601s][info][gc,metaspace] GC(15) Metaspace: 31189K(34880K)->31189K(34880K) NonClass: 23163K(24768K)->23163K(24768K) Class: 8025K(10112K)->8025K(10112K)
[57.601s][info][gc          ] GC(15) Pause Full (System.gc()) 1593M->1593M(5939M) 4709.096ms
[62.359s][info][gc,metaspace] GC(16) Metaspace: 31189K(34880K)->31189K(34880K) NonClass: 23163K(24768K)->23163K(24768K) Class: 8025K(10112K)->8025K(10112K)
[62.359s][info][gc          ] GC(16) Pause Full (System.gc()) 1593M->1593M(5939M) 4757.878ms
[69.097s][info][gc,metaspace] GC(17) Metaspace: 31189K(34880K)->31189K(34880K) NonClass: 23163K(24768K)->23163K(24768K) Class: 8025K(10112K)->8025K(10112K)
[69.097s][info][gc          ] GC(17) Pause Full (System.gc()) 1609M->1593M(5939M) 6737.482ms
[73.667s][info][gc,metaspace] GC(18) Metaspace: 31189K(34880K)->31189K(34880K) NonClass: 23163K(24768K)->23163K(24768K) Class: 8025K(10112K)->8025K(10112K)
[73.667s][info][gc          ] GC(18) Pause Full (System.gc()) 1593M->1593M(5939M) 4570.335ms
[78.291s][info][gc,metaspace] GC(19) Metaspace: 31189K(34880K)->31189K(34880K) NonClass: 23163K(24768K)->23163K(24768K) Class: 8025K(10112K)->8025K(10112K)
[78.291s][info][gc          ] GC(19) Pause Full (System.gc()) 1593M->1593M(5939M) 4623.578ms
[82.907s][info][gc,metaspace] GC(20) Metaspace: 31189K(34880K)->31189K(34880K) NonClass: 23163K(24768K)->23163K(24768K) Class: 8025K(10112K)->8025K(10112K)
[82.907s][info][gc          ] GC(20) Pause Full (System.gc()) 1593M->1593M(5939M) 4616.157ms
[87.480s][info][gc,metaspace] GC(21) Metaspace: 31189K(34880K)->31189K(34880K) NonClass: 23163K(24768K)->23163K(24768K) Class: 8025K(10112K)->8025K(10112K)
[87.480s][info][gc          ] GC(21) Pause Full (System.gc()) 1593M->1593M(5939M) 4572.417ms
[92.101s][info][gc,metaspace] GC(22) Metaspace: 31189K(34880K)->31189K(34880K) NonClass: 23163K(24768K)->23163K(24768K) Class: 8025K(10112K)->8025K(10112K)
[92.101s][info][gc          ] GC(22) Pause Full (System.gc()) 1593M->1593M(5939M) 4621.306ms
[96.677s][info][gc,metaspace] GC(23) Metaspace: 31189K(34880K)->31189K(34880K) NonClass: 23163K(24768K)->23163K(24768K) Class: 8025K(10112K)->8025K(10112K)
[96.677s][info][gc          ] GC(23) Pause Full (System.gc()) 1593M->1593M(5939M) 4575.786ms
[101.298s][info][gc,metaspace] GC(24) Metaspace: 31189K(34880K)->31189K(34880K) NonClass: 23163K(24768K)->23163K(24768K) Class: 8025K(10112K)->8025K(10112K)
[101.298s][info][gc          ] GC(24) Pause Full (System.gc()) 1593M->1593M(5939M) 4620.182ms
[105.922s][info][gc,metaspace] GC(25) Metaspace: 31189K(34880K)->31189K(34880K) NonClass: 23163K(24768K)->23163K(24768K) Class: 8025K(10112K)->8025K(10112K)
[105.922s][info][gc          ] GC(25) Pause Full (System.gc()) 1593M->1593M(5939M) 4624.140ms
[110.497s][info][gc,metaspace] GC(26) Metaspace: 31189K(34880K)->31189K(34880K) NonClass: 23163K(24768K)->23163K(24768K) Class: 8025K(10112K)->8025K(10112K)
[110.497s][info][gc          ] GC(26) Pause Full (System.gc()) 1593M->1593M(5939M) 4574.855ms
[115.120s][info][gc,metaspace] GC(27) Metaspace: 31189K(34880K)->31189K(34880K) NonClass: 23163K(24768K)->23163K(24768K) Class: 8025K(10112K)->8025K(10112K)
[115.120s][info][gc          ] GC(27) Pause Full (System.gc()) 1593M->1593M(5939M) 4622.735ms
[119.701s][info][gc,metaspace] GC(28) Metaspace: 31189K(34880K)->31189K(34880K) NonClass: 23163K(24768K)->23163K(24768K) Class: 8025K(10112K)->8025K(10112K)
[119.701s][info][gc          ] GC(28) Pause Full (System.gc()) 1593M->1593M(5939M) 4580.620ms
[124.319s][info][gc,metaspace] GC(29) Metaspace: 31189K(34880K)->31189K(34880K) NonClass: 23163K(24768K)->23163K(24768K) Class: 8025K(10112K)->8025K(10112K)
[124.319s][info][gc          ] GC(29) Pause Full (System.gc()) 1593M->1593M(5939M) 4618.117ms
[128.936s][info][gc,metaspace] GC(30) Metaspace: 31189K(34880K)->31189K(34880K) NonClass: 23163K(24768K)->23163K(24768K) Class: 8025K(10112K)->8025K(10112K)
[128.936s][info][gc          ] GC(30) Pause Full (System.gc()) 1609M->1593M(5939M) 4616.904ms
[133.744s][info][gc,metaspace] GC(31) Metaspace: 31189K(34880K)->31189K(34880K) NonClass: 23163K(24768K)->23163K(24768K) Class: 8025K(10112K)->8025K(10112K)
[133.744s][info][gc          ] GC(31) Pause Full (System.gc()) 1593M->1593M(5939M) 4807.677ms
[138.365s][info][gc,metaspace] GC(32) Metaspace: 31189K(34880K)->31189K(34880K) NonClass: 23163K(24768K)->23163K(24768K) Class: 8025K(10112K)->8025K(10112K)
[138.365s][info][gc          ] GC(32) Pause Full (System.gc()) 1593M->1593M(5939M) 4621.069ms
[143.039s][info][gc,metaspace] GC(33) Metaspace: 31189K(34880K)->31189K(34880K) NonClass: 23163K(24768K)->23163K(24768K) Class: 8025K(10112K)->8025K(10112K)
[143.039s][info][gc          ] GC(33) Pause Full (System.gc()) 1593M->1593M(5939M) 4674.135ms
[147.614s][info][gc,metaspace] GC(34) Metaspace: 31189K(34880K)->31189K(34880K) NonClass: 23163K(24768K)->23163K(24768K) Class: 8025K(10112K)->8025K(10112K)
[147.614s][info][gc          ] GC(34) Pause Full (System.gc()) 1593M->1593M(5939M) 4574.642ms
[152.236s][info][gc,metaspace] GC(35) Metaspace: 31189K(34880K)->31189K(34880K) NonClass: 23163K(24768K)->23163K(24768K) Class: 8025K(10112K)->8025K(10112K)
[152.236s][info][gc          ] GC(35) Pause Full (System.gc()) 1593M->1593M(5939M) 4622.061ms
[156.813s][info][gc,metaspace] GC(36) Metaspace: 31189K(34880K)->31189K(34880K) NonClass: 23163K(24768K)->23163K(24768K) Class: 8025K(10112K)->8025K(10112K)
[156.813s][info][gc          ] GC(36) Pause Full (System.gc()) 1593M->1593M(5939M) 4576.002ms
[161.436s][info][gc,metaspace] GC(37) Metaspace: 31189K(34880K)->31189K(34880K) NonClass: 23163K(24768K)->23163K(24768K) Class: 8025K(10112K)->8025K(10112K)
[161.436s][info][gc          ] GC(37) Pause Full (System.gc()) 1593M->1593M(5939M) 4623.025ms
[166.057s][info][gc,metaspace] GC(38) Metaspace: 31189K(34880K)->31189K(34880K) NonClass: 23163K(24768K)->23163K(24768K) Class: 8025K(10112K)->8025K(10112K)
[166.057s][info][gc          ] GC(38) Pause Full (System.gc()) 1593M->1593M(5939M) 4621.261ms
[170.632s][info][gc,metaspace] GC(39) Metaspace: 31189K(34880K)->31189K(34880K) NonClass: 23163K(24768K)->23163K(24768K) Class: 8025K(10112K)->8025K(10112K)
[170.632s][info][gc          ] GC(39) Pause Full (System.gc()) 1593M->1593M(5939M) 4575.021ms
[175.249s][info][gc,metaspace] GC(40) Metaspace: 31189K(34880K)->31189K(34880K) NonClass: 23163K(24768K)->23163K(24768K) Class: 8025K(10112K)->8025K(10112K)
[175.249s][info][gc          ] GC(40) Pause Full (System.gc()) 1593M->1593M(5939M) 4616.469ms
[179.825s][info][gc,metaspace] GC(41) Metaspace: 31189K(34880K)->31189K(34880K) NonClass: 23163K(24768K)->23163K(24768K) Class: 8025K(10112K)->8025K(10112K)
[179.825s][info][gc          ] GC(41) Pause Full (System.gc()) 1593M->1593M(5939M) 4575.768ms
[184.443s][info][gc,metaspace] GC(42) Metaspace: 31189K(34880K)->31189K(34880K) NonClass: 23163K(24768K)->23163K(24768K) Class: 8025K(10112K)->8025K(10112K)
[184.443s][info][gc          ] GC(42) Pause Full (System.gc()) 1593M->1593M(5939M) 4569.242ms
[189.068s][info][gc,metaspace] GC(43) Metaspace: 31189K(34880K)->31189K(34880K) NonClass: 23163K(24768K)->23163K(24768K) Class: 8025K(10112K)->8025K(10112K)
[189.068s][info][gc          ] GC(43) Pause Full (System.gc()) 1593M->1593M(5939M) 4625.281ms
[193.642s][info][gc,metaspace] GC(44) Metaspace: 31189K(34880K)->31189K(34880K) NonClass: 23163K(24768K)->23163K(24768K) Class: 8025K(10112K)->8025K(10112K)
[193.642s][info][gc          ] GC(44) Pause Full (System.gc()) 1609M->1593M(5939M) 4573.106ms
[198.268s][info][gc,metaspace] GC(45) Metaspace: 31189K(34880K)->31189K(34880K) NonClass: 23163K(24768K)->23163K(24768K) Class: 8025K(10112K)->8025K(10112K)
[198.268s][info][gc          ] GC(45) Pause Full (System.gc()) 1593M->1593M(5939M) 4626.463ms
[202.893s][info][gc,metaspace] GC(46) Metaspace: 31189K(34880K)->31189K(34880K) NonClass: 23163K(24768K)->23163K(24768K) Class: 8025K(10112K)->8025K(10112K)
[202.893s][info][gc          ] GC(46) Pause Full (System.gc()) 1593M->1593M(5939M) 4624.905ms
[207.470s][info][gc,metaspace] GC(47) Metaspace: 31189K(34880K)->31189K(34880K) NonClass: 23163K(24768K)->23163K(24768K) Class: 8025K(10112K)->8025K(10112K)
[207.470s][info][gc          ] GC(47) Pause Full (System.gc()) 1593M->1593M(5939M) 4577.010ms
[212.094s][info][gc,metaspace] GC(48) Metaspace: 31189K(34880K)->31189K(34880K) NonClass: 23163K(24768K)->23163K(24768K) Class: 8025K(10112K)->8025K(10112K)
[212.094s][info][gc          ] GC(48) Pause Full (System.gc()) 1593M->1593M(5939M) 4623.753ms
[216.670s][info][gc,metaspace] GC(49) Metaspace: 31189K(34880K)->31189K(34880K) NonClass: 23163K(24768K)->23163K(24768K) Class: 8025K(10112K)->8025K(10112K)
[216.670s][info][gc          ] GC(49) Pause Full (System.gc()) 1593M->1593M(5939M) 4575.603ms
[221.296s][info][gc,metaspace] GC(50) Metaspace: 31189K(34880K)->31189K(34880K) NonClass: 23163K(24768K)->23163K(24768K) Class: 8025K(10112K)->8025K(10112K)
[221.296s][info][gc          ] GC(50) Pause Full (System.gc()) 1593M->1593M(5939M) 4626.003ms
[225.921s][info][gc,metaspace] GC(51) Metaspace: 31189K(34880K)->31189K(34880K) NonClass: 23163K(24768K)->23163K(24768K) Class: 8025K(10112K)->8025K(10112K)
[225.921s][info][gc          ] GC(51) Pause Full (System.gc()) 1593M->1593M(5939M) 4624.599ms
[230.497s][info][gc,metaspace] GC(52) Metaspace: 31189K(34880K)->31189K(34880K) NonClass: 23163K(24768K)->23163K(24768K) Class: 8025K(10112K)->8025K(10112K)
[230.497s][info][gc          ] GC(52) Pause Full (System.gc()) 1593M->1593M(5939M) 4576.183ms
[235.123s][info][gc,metaspace] GC(53) Metaspace: 31189K(34880K)->31189K(34880K) NonClass: 23163K(24768K)->23163K(24768K) Class: 8025K(10112K)->8025K(10112K)
[235.124s][info][gc          ] GC(53) Pause Full (System.gc()) 1593M->1593M(5939M) 4626.061ms
[239.697s][info][gc,metaspace] GC(54) Metaspace: 31189K(34880K)->31189K(34880K) NonClass: 23163K(24768K)->23163K(24768K) Class: 8025K(10112K)->8025K(10112K)
[239.697s][info][gc          ] GC(54) Pause Full (System.gc()) 1593M->1593M(5939M) 4573.452ms
[244.325s][info][gc,metaspace] GC(55) Metaspace: 31189K(34880K)->31189K(34880K) NonClass: 23163K(24768K)->23163K(24768K) Class: 8025K(10112K)->8025K(10112K)
[244.325s][info][gc          ] GC(55) Pause Full (System.gc()) 1593M->1593M(5939M) 4627.578ms
[248.946s][info][gc,metaspace] GC(56) Metaspace: 31189K(34880K)->31189K(34880K) NonClass: 23163K(24768K)->23163K(24768K) Class: 8025K(10112K)->8025K(10112K)
[248.946s][info][gc          ] GC(56) Pause Full (System.gc()) 1593M->1593M(5939M) 4620.933ms
[253.519s][info][gc,metaspace] GC(57) Metaspace: 31189K(34880K)->31189K(34880K) NonClass: 23163K(24768K)->23163K(24768K) Class: 8025K(10112K)->8025K(10112K)
[253.519s][info][gc          ] GC(57) Pause Full (System.gc()) 1593M->1593M(5939M) 4573.139ms
[258.142s][info][gc,metaspace] GC(58) Metaspace: 31189K(34880K)->31189K(34880K) NonClass: 23163K(24768K)->23163K(24768K) Class: 8025K(10112K)->8025K(10112K)
[258.142s][info][gc          ] GC(58) Pause Full (System.gc()) 1593M->1593M(5939M) 4622.230ms
[262.715s][info][gc,metaspace] GC(59) Metaspace: 31189K(34880K)->31189K(34880K) NonClass: 23163K(24768K)->23163K(24768K) Class: 8025K(10112K)->8025K(10112K)
[262.715s][info][gc          ] GC(59) Pause Full (System.gc()) 1609M->1593M(5939M) 4573.219ms
[267.343s][info][gc,metaspace] GC(60) Metaspace: 31189K(34880K)->31189K(34880K) NonClass: 23163K(24768K)->23163K(24768K) Class: 8025K(10112K)->8025K(10112K)
[267.343s][info][gc          ] GC(60) Pause Full (System.gc()) 1593M->1593M(5939M) 4627.637ms
[271.965s][info][gc,metaspace] GC(61) Metaspace: 31189K(34880K)->31189K(34880K) NonClass: 23163K(24768K)->23163K(24768K) Class: 8025K(10112K)->8025K(10112K)
[271.966s][info][gc          ] GC(61) Pause Full (System.gc()) 1593M->1593M(5939M) 4622.536ms
[276.760s][info][gc,metaspace] GC(62) Metaspace: 31189K(34880K)->31189K(34880K) NonClass: 23163K(24768K)->23163K(24768K) Class: 8025K(10112K)->8025K(10112K)
[276.760s][info][gc          ] GC(62) Pause Full (System.gc()) 1593M->1593M(5939M) 4794.748ms
After GCs... 
