[0.001s][info][metaspace]  - commit_granule_bytes: 65536.
[0.001s][info][metaspace]  - commit_granule_words: 8192.
[0.001s][info][metaspace]  - virtual_space_node_default_size: 8388608.
[0.001s][info][metaspace]  - enlarge_chunks_in_place: 1.
[0.001s][info][metaspace]  - use_allocation_guard: 0.
[0.003s][info][gc       ] Using Serial
[0.010s][info][metaspace] Reserving compressed class space anywhere
[0.010s][info][gc,metaspace] CDS archive(s) not mapped
[0.010s][info][gc,metaspace] Compressed class space mapped at: 0x0000000011000000-0x00000000d1000000, reserved size: 3221225472
[0.010s][info][gc,metaspace] UseCompressedClassPointers 1, UseCompactObjectHeaders 1, narrow klass pointer bits 22, max shift 10
[0.010s][info][gc,metaspace] Narrow klass base: 0x0000000011000000, Narrow klass shift: 10, Narrow klass range: 0xc0000000
Random Seed: 12345678
Num Classes: 4096
Num Objects: 67108864
Percent IK Objects: 83.0%)
Percent OAK Objects: 5.0%)
Percent TAK Objects: 12.0%)
Cycles: 50
Loading 4096 pre-generated classes ...
Materialize pre-generated constructors ...
Creating objects...
[0.395s][info][gc,metaspace] GC(0) Metaspace: 17702K(18048K)->17702K(18048K) NonClass: 11825K(12032K)->11825K(12032K) Class: 5876K(6016K)->5876K(6016K)
[0.395s][info][gc          ] GC(0) Pause Full (System.gc()) 163M->4M(5939M) 15.171ms
[4.193s][info][gc,metaspace] GC(1) Metaspace: 31186K(34880K)->31186K(34880K) NonClass: 23161K(24768K)->23161K(24768K) Class: 8025K(10112K)->8025K(10112K)
[4.193s][info][gc          ] GC(1) Pause Young (Allocation Failure) 1643M->360M(5939M) 529.217ms
[7.999s][info][gc,metaspace] GC(2) Metaspace: 31189K(34880K)->31189K(34880K) NonClass: 23163K(24768K)->23163K(24768K) Class: 8025K(10112K)->8025K(10112K)
[7.999s][info][gc          ] GC(2) Pause Young (Allocation Failure) 1998M->497M(5939M) 1000.278ms
[12.033s][info][gc,metaspace] GC(3) Metaspace: 31189K(34880K)->31189K(34880K) NonClass: 23163K(24768K)->23163K(24768K) Class: 8025K(10112K)->8025K(10112K)
[12.033s][info][gc          ] GC(3) Pause Young (Allocation Failure) 2135M->631M(5939M) 1311.503ms
[16.536s][info][gc,metaspace] GC(4) Metaspace: 31189K(34880K)->31189K(34880K) NonClass: 23163K(24768K)->23163K(24768K) Class: 8025K(10112K)->8025K(10112K)
[16.537s][info][gc          ] GC(4) Pause Young (Allocation Failure) 2269M->764M(5939M) 1090.783ms
[19.965s][info][gc,metaspace] GC(5) Metaspace: 31189K(34880K)->31189K(34880K) NonClass: 23163K(24768K)->23163K(24768K) Class: 8025K(10112K)->8025K(10112K)
[19.965s][info][gc          ] GC(5) Pause Young (Allocation Failure) 2403M->898M(5939M) 1059.591ms
[22.773s][info][gc,metaspace] GC(6) Metaspace: 31189K(34880K)->31189K(34880K) NonClass: 23163K(24768K)->23163K(24768K) Class: 8025K(10112K)->8025K(10112K)
[22.773s][info][gc          ] GC(6) Pause Young (Allocation Failure) 2537M->1032M(5939M) 1090.058ms
[25.232s][info][gc,metaspace] GC(7) Metaspace: 31189K(34880K)->31189K(34880K) NonClass: 23163K(24768K)->23163K(24768K) Class: 8025K(10112K)->8025K(10112K)
[25.232s][info][gc          ] GC(7) Pause Young (Allocation Failure) 2671M->1166M(5939M) 1092.931ms
[27.175s][info][gc,metaspace] GC(8) Metaspace: 31189K(34880K)->31189K(34880K) NonClass: 23163K(24768K)->23163K(24768K) Class: 8025K(10112K)->8025K(10112K)
[27.175s][info][gc          ] GC(8) Pause Young (Allocation Failure) 2804M->1300M(5939M) 640.485ms
[29.574s][info][gc,metaspace] GC(9) Metaspace: 31189K(34880K)->31189K(34880K) NonClass: 23163K(24768K)->23163K(24768K) Class: 8025K(10112K)->8025K(10112K)
[29.574s][info][gc          ] GC(9) Pause Young (Allocation Failure) 2938M->1434M(5939M) 1092.680ms
[31.567s][info][gc,metaspace] GC(10) Metaspace: 31189K(34880K)->31189K(34880K) NonClass: 23163K(24768K)->23163K(24768K) Class: 8025K(10112K)->8025K(10112K)
[31.567s][info][gc          ] GC(10) Pause Young (Allocation Failure) 3072M->1568M(5939M) 640.957ms
67108864 Objects created
 - IK: 55699211 (82.99829%)
 - OAK: 3355627 (5.0002737%)
 - TAK: 8054026 (12.001434%)
Preparatory GC...
[36.987s][info][gc,metaspace] GC(11) Metaspace: 31189K(34880K)->31189K(34880K) NonClass: 23163K(24768K)->23163K(24768K) Class: 8025K(10112K)->8025K(10112K)
[36.987s][info][gc          ] GC(11) Pause Full (System.gc()) 1895M->1593M(5939M) 4992.537ms
[41.699s][info][gc,metaspace] GC(12) Metaspace: 31189K(34880K)->31189K(34880K) NonClass: 23163K(24768K)->23163K(24768K) Class: 8025K(10112K)->8025K(10112K)
[41.699s][info][gc          ] GC(12) Pause Full (System.gc()) 1593M->1593M(5939M) 4711.583ms
Done; will start GCs... 
[48.128s][info][gc,metaspace] GC(13) Metaspace: 31189K(34880K)->31189K(34880K) NonClass: 23163K(24768K)->23163K(24768K) Class: 8025K(10112K)->8025K(10112K)
[48.128s][info][gc          ] GC(13) Pause Full (System.gc()) 1626M->1593M(5939M) 6429.552ms
[52.892s][info][gc,metaspace] GC(14) Metaspace: 31189K(34880K)->31189K(34880K) NonClass: 23163K(24768K)->23163K(24768K) Class: 8025K(10112K)->8025K(10112K)
[52.892s][info][gc          ] GC(14) Pause Full (System.gc()) 1593M->1593M(5939M) 4763.239ms
[57.601s][info][gc,metaspace] GC(15) Metaspace: 31189K(34880K)->31189K(34880K) NonClass: 23163K(24768K)->23163K(24768K) Class: 8025K(10112K)->8025K(10112K)
[57.601s][info][gc          ] GC(15) Pause Full (System.gc()) 1593M->1593M(5939M) 4709.096ms
[62.359s][info][gc,metaspace] GC(16) Metaspace: 31189K(34880K)->31189K(34880K) NonClass: 23163K(24768K)->23163K(24768K) Class: 8025K(10112K)->8025K(10112K)
[62.359s][info][gc          ] GC(16) Pause Full (System.gc()) 1593M->1593M(5939M) 4757.878ms
[69.097s][info][gc,metaspace] GC(17) Metaspace: 31189K(34880K)->31189K(34880K) NonClass: 23163K(24768K)->23163K(24768K) Class: 8025K(10112K)->8025K(10112K)
[69.097s][info][gc          ] GC(17) Pause Full (System.gc()) 1609M->1593M(5939M) 6737.482ms
[73.667s][info][gc,metaspace] GC(18) Metaspace: 31189K(34880K)->31189K(34880K) NonClass: 23163K(24768K)->23163K(24768K) Class: 8025K(10112K)->8025K(10112K)
[73.667s][info][gc          ] GC(18) Pause Full (System.gc()) 1593M->1593M(5939M) 4570.335ms
[78.291s][info][gc,metaspace] GC(19) Metaspace: 31189K(34880K)->31189K(34880K) NonClass: 23163K(24768K)->23163K(24768K) Class: 8025K(10112K)->8025K(10112K)
[78.291s][info][gc          ] GC(19) Pause Full (System.gc()) 1593M->1593M(5939M) 4623.578ms
[82.907s][info][gc,metaspace] GC(20) Metaspace: 31189K(34880K)->31189K(34880K) NonClass: 23163K(24768K)->23163K(24768K) Class: 8025K(10112K)->8025K(10112K)
[82.907s][info][gc          ] GC(20) Pause Full (System.gc()) 1593M->1593M(5939M) 4616.157ms
[87.480s][info][gc,metaspace] GC(21) Metaspace: 31189K(34880K)->31189K(34880K) NonClass: 23163K(24768K)->23163K(24768K) Class: 8025K(10112K)->8025K(10112K)
[87.480s][info][gc          ] GC(21) Pause Full (System.gc()) 1593M->1593M(5939M) 4572.417ms
[92.101s][info][gc,metaspace] GC(22) Metaspace: 31189K(34880K)->31189K(34880K) NonClass: 23163K(24768K)->23163K(24768K) Class: 8025K(10112K)->8025K(10112K)
[92.101s][info][gc          ] GC(22) Pause Full (System.gc()) 1593M->1593M(5939M) 4621.306ms
[96.677s][info][gc,metaspace] GC(23) Metaspace: 31189K(34880K)->31189K(34880K) NonClass: 23163K(24768K)->23163K(24768K) Class: 8025K(10112K)->8025K(10112K)
[96.677s][info][gc          ] GC(23) Pause Full (System.gc()) 1593M->1593M(5939M) 4575.786ms
[101.298s][info][gc,metaspace] GC(24) Metaspace: 31189K(34880K)->31189K(34880K) NonClass: 23163K(24768K)->23163K(24768K) Class: 8025K(10112K)->8025K(10112K)
[101.298s][info][gc          ] GC(24) Pause Full (System.gc()) 1593M->1593M(5939M) 4620.182ms
[105.922s][info][gc,metaspace] GC(25) Metaspace: 31189K(34880K)->31189K(34880K) NonClass: 23163K(24768K)->23163K(24768K) Class: 8025K(10112K)->8025K(10112K)
[105.922s][info][gc          ] GC(25) Pause Full (System.gc()) 1593M->1593M(5939M) 4624.140ms
[110.497s][info][gc,metaspace] GC(26) Metaspace: 31189K(34880K)->31189K(34880K) NonClass: 23163K(24768K)->23163K(24768K) Class: 8025K(10112K)->8025K(10112K)
[110.497s][info][gc          ] GC(26) Pause Full (System.gc()) 1593M->1593M(5939M) 4574.855ms
[115.120s][info][gc,metaspace] GC(27) Metaspace: 31189K(34880K)->31189K(34880K) NonClass: 23163K(24768K)->23163K(24768K) Class: 8025K(10112K)->8025K(10112K)
[115.120s][info][gc          ] GC(27) Pause Full (System.gc()) 1593M->1593M(5939M) 4622.735ms
[119.701s][info][gc,metaspace] GC(28) Metaspace: 31189K(34880K)->31189K(34880K) NonClass: 23163K(24768K)->23163K(24768K) Class: 8025K(10112K)->8025K(10112K)
[119.701s][info][gc          ] GC(28) Pause Full (System.gc()) 1593M->1593M(5939M) 4580.620ms
[124.319s][info][gc,metaspace] GC(29) Metaspace: 31189K(34880K)->31189K(34880K) NonClass: 23163K(24768K)->23163K(24768K) Class: 8025K(10112K)->8025K(10112K)
[124.319s][info][gc          ] GC(29) Pause Full (System.gc()) 1593M->1593M(5939M) 4618.117ms
[128.936s][info][gc,metaspace] GC(30) Metaspace: 31189K(34880K)->31189K(34880K) NonClass: 23163K(24768K)->23163K(24768K) Class: 8025K(10112K)->8025K(10112K)
[128.936s][info][gc          ] GC(30) Pause Full (System.gc()) 1609M->1593M(5939M) 4616.904ms
[133.744s][info][gc,metaspace] GC(31) Metaspace: 31189K(34880K)->31189K(34880K) NonClass: 23163K(24768K)->23163K(24768K) Class: 8025K(10112K)->8025K(10112K)
[133.744s][info][gc          ] GC(31) Pause Full (System.gc()) 1593M->1593M(5939M) 4807.677ms
[138.365s][info][gc,metaspace] GC(32) Metaspace: 31189K(34880K)->31189K(34880K) NonClass: 23163K(24768K)->23163K(24768K) Class: 8025K(10112K)->8025K(10112K)
[138.365s][info][gc          ] GC(32) Pause Full (System.gc()) 1593M->1593M(5939M) 4621.069ms
[143.039s][info][gc,metaspace] GC(33) Metaspace: 31189K(34880K)->31189K(34880K) NonClass: 23163K(24768K)->23163K(24768K) Class: 8025K(10112K)->8025K(10112K)
[143.039s][info][gc          ] GC(33) Pause Full (System.gc()) 1593M->1593M(5939M) 4674.135ms
[147.614s][info][gc,metaspace] GC(34) Metaspace: 31189K(34880K)->31189K(34880K) NonClass: 23163K(24768K)->23163K(24768K) Class: 8025K(10112K)->8025K(10112K)
[147.614s][info][gc          ] GC(34) Pause Full (System.gc()) 1593M->1593M(5939M) 4574.642ms
[152.236s][info][gc,metaspace] GC(35) Metaspace: 31189K(34880K)->31189K(34880K) NonClass: 23163K(24768K)->23163K(24768K) Class: 8025K(10112K)->8025K(10112K)
[152.236s][info][gc          ] GC(35) Pause Full (System.gc()) 1593M->1593M(5939M) 4622.061ms
[156.813s][info][gc,metaspace] GC(36) Metaspace: 31189K(34880K)->31189K(34880K) NonClass: 23163K(24768K)->23163K(24768K) Class: 8025K(10112K)->8025K(10112K)
[156.813s][info][gc          ] GC(36) Pause Full (System.gc()) 1593M->1593M(5939M) 4576.002ms
[161.436s][info][gc,metaspace] GC(37) Metaspace: 31189K(34880K)->31189K(34880K) NonClass: 23163K(24768K)->23163K(24768K) Class: 8025K(10112K)->8025K(10112K)
[161.436s][info][gc          ] GC(37) Pause Full (System.gc()) 1593M->1593M(5939M) 4623.025ms
[166.057s][info][gc,metaspace] GC(38) Metaspace: 31189K(34880K)->31189K(34880K) NonClass: 23163K(24768K)->23163K(24768K) Class: 8025K(10112K)->8025K(10112K)
[166.057s][info][gc          ] GC(38) Pause Full (System.gc()) 1593M->1593M(5939M) 4621.261ms
[170.632s][info][gc,metaspace] GC(39) Metaspace: 31189K(34880K)->31189K(34880K) NonClass: 23163K(24768K)->23163K(24768K) Class: 8025K(10112K)->8025K(10112K)
[170.632s][info][gc          ] GC(39) Pause Full (System.gc()) 1593M->1593M(5939M) 4575.021ms
[175.249s][info][gc,metaspace] GC(40) Metaspace: 31189K(34880K)->31189K(34880K) NonClass: 23163K(24768K)->23163K(24768K) Class: 8025K(10112K)->8025K(10112K)
[175.249s][info][gc          ] GC(40) Pause Full (System.gc()) 1593M->1593M(5939M) 4616.469ms
[179.825s][info][gc,metaspace] GC(41) Metaspace: 31189K(34880K)->31189K(34880K) NonClass: 23163K(24768K)->23163K(24768K) Class: 8025K(10112K)->8025K(10112K)
[179.825s][info][gc          ] GC(41) Pause Full (System.gc()) 1593M->1593M(5939M) 4575.768ms
[184.443s][info][gc,metaspace] GC(42) Metaspace: 31189K(34880K)->31189K(34880K) NonClass: 23163K(24768K)->23163K(24768K) Class: 8025K(10112K)->8025K(10112K)
[184.443s][info][gc          ] GC(42) Pause Full (System.gc()) 1593M->1593M(5939M) 4569.242ms
[189.068s][info][gc,metaspace] GC(43) Metaspace: 31189K(34880K)->31189K(34880K) NonClass: 23163K(24768K)->23163K(24768K) Class: 8025K(10112K)->8025K(10112K)
[189.068s][info][gc          ] GC(43) Pause Full (System.gc()) 1593M->1593M(5939M) 4625.281ms
[193.642s][info][gc,metaspace] GC(44) Metaspace: 31189K(34880K)->31189K(34880K) NonClass: 23163K(24768K)->23163K(24768K) Class: 8025K(10112K)->8025K(10112K)
[193.642s][info][gc          ] GC(44) Pause Full (System.gc()) 1609M->1593M(5939M) 4573.106ms
[198.268s][info][gc,metaspace] GC(45) Metaspace: 31189K(34880K)->31189K(34880K) NonClass: 23163K(24768K)->23163K(24768K) Class: 8025K(10112K)->8025K(10112K)
[198.268s][info][gc          ] GC(45) Pause Full (System.gc()) 1593M->1593M(5939M) 4626.463ms
[202.893s][info][gc,metaspace] GC(46) Metaspace: 31189K(34880K)->31189K(34880K) NonClass: 23163K(24768K)->23163K(24768K) Class: 8025K(10112K)->8025K(10112K)
[202.893s][info][gc          ] GC(46) Pause Full (System.gc()) 1593M->1593M(5939M) 4624.905ms
[207.470s][info][gc,metaspace] GC(47) Metaspace: 31189K(34880K)->31189K(34880K) NonClass: 23163K(24768K)->23163K(24768K) Class: 8025K(10112K)->8025K(10112K)
[207.470s][info][gc          ] GC(47) Pause Full (System.gc()) 1593M->1593M(5939M) 4577.010ms
[212.094s][info][gc,metaspace] GC(48) Metaspace: 31189K(34880K)->31189K(34880K) NonClass: 23163K(24768K)->23163K(24768K) Class: 8025K(10112K)->8025K(10112K)
[212.094s][info][gc          ] GC(48) Pause Full (System.gc()) 1593M->1593M(5939M) 4623.753ms
[216.670s][info][gc,metaspace] GC(49) Metaspace: 31189K(34880K)->31189K(34880K) NonClass: 23163K(24768K)->23163K(24768K) Class: 8025K(10112K)->8025K(10112K)
[216.670s][info][gc          ] GC(49) Pause Full (System.gc()) 1593M->1593M(5939M) 4575.603ms
[221.296s][info][gc,metaspace] GC(50) Metaspace: 31189K(34880K)->31189K(34880K) NonClass: 23163K(24768K)->23163K(24768K) Class: 8025K(10112K)->8025K(10112K)
[221.296s][info][gc          ] GC(50) Pause Full (System.gc()) 1593M->1593M(5939M) 4626.003ms
[225.921s][info][gc,metaspace] GC(51) Metaspace: 31189K(34880K)->31189K(34880K) NonClass: 23163K(24768K)->23163K(24768K) Class: 8025K(10112K)->8025K(10112K)
[225.921s][info][gc          ] GC(51) Pause Full (System.gc()) 1593M->1593M(5939M) 4624.599ms
[230.497s][info][gc,metaspace] GC(52) Metaspace: 31189K(34880K)->31189K(34880K) NonClass: 23163K(24768K)->23163K(24768K) Class: 8025K(10112K)->8025K(10112K)
[230.497s][info][gc          ] GC(52) Pause Full (System.gc()) 1593M->1593M(5939M) 4576.183ms
[235.123s][info][gc,metaspace] GC(53) Metaspace: 31189K(34880K)->31189K(34880K) NonClass: 23163K(24768K)->23163K(24768K) Class: 8025K(10112K)->8025K(10112K)
[235.124s][info][gc          ] GC(53) Pause Full (System.gc()) 1593M->1593M(5939M) 4626.061ms
[239.697s][info][gc,metaspace] GC(54) Metaspace: 31189K(34880K)->31189K(34880K) NonClass: 23163K(24768K)->23163K(24768K) Class: 8025K(10112K)->8025K(10112K)
[239.697s][info][gc          ] GC(54) Pause Full (System.gc()) 1593M->1593M(5939M) 4573.452ms
[244.325s][info][gc,metaspace] GC(55) Metaspace: 31189K(34880K)->31189K(34880K) NonClass: 23163K(24768K)->23163K(24768K) Class: 8025K(10112K)->8025K(10112K)
[244.325s][info][gc          ] GC(55) Pause Full (System.gc()) 1593M->1593M(5939M) 4627.578ms
[248.946s][info][gc,metaspace] GC(56) Metaspace: 31189K(34880K)->31189K(34880K) NonClass: 23163K(24768K)->23163K(24768K) Class: 8025K(10112K)->8025K(10112K)
[248.946s][info][gc          ] GC(56) Pause Full (System.gc()) 1593M->1593M(5939M) 4620.933ms
[253.519s][info][gc,metaspace] GC(57) Metaspace: 31189K(34880K)->31189K(34880K) NonClass: 23163K(24768K)->23163K(24768K) Class: 8025K(10112K)->8025K(10112K)
[253.519s][info][gc          ] GC(57) Pause Full (System.gc()) 1593M->1593M(5939M) 4573.139ms
[258.142s][info][gc,metaspace] GC(58) Metaspace: 31189K(34880K)->31189K(34880K) NonClass: 23163K(24768K)->23163K(24768K) Class: 8025K(10112K)->8025K(10112K)
[258.142s][info][gc          ] GC(58) Pause Full (System.gc()) 1593M->1593M(5939M) 4622.230ms
[262.715s][info][gc,metaspace] GC(59) Metaspace: 31189K(34880K)->31189K(34880K) NonClass: 23163K(24768K)->23163K(24768K) Class: 8025K(10112K)->8025K(10112K)
[262.715s][info][gc          ] GC(59) Pause Full (System.gc()) 1609M->1593M(5939M) 4573.219ms
[267.343s][info][gc,metaspace] GC(60) Metaspace: 31189K(34880K)->31189K(34880K) NonClass: 23163K(24768K)->23163K(24768K) Class: 8025K(10112K)->8025K(10112K)
[267.343s][info][gc          ] GC(60) Pause Full (System.gc()) 1593M->1593M(5939M) 4627.637ms
[271.965s][info][gc,metaspace] GC(61) Metaspace: 31189K(34880K)->31189K(34880K) NonClass: 23163K(24768K)->23163K(24768K) Class: 8025K(10112K)->8025K(10112K)
[271.966s][info][gc          ] GC(61) Pause Full (System.gc()) 1593M->1593M(5939M) 4622.536ms
[276.760s][info][gc,metaspace] GC(62) Metaspace: 31189K(34880K)->31189K(34880K) NonClass: 23163K(24768K)->23163K(24768K) Class: 8025K(10112K)->8025K(10112K)
[276.760s][info][gc          ] GC(62) Pause Full (System.gc()) 1593M->1593M(5939M) 4794.748ms
After GCs... 
