Done; will start GCs... 
[6.394s][info][gc,metaspace] GC(3) Metaspace: 24006K(24704K)->24006K(24704K) NonClass: 21268K(21632K)->21268K(21632K) Class: 2738K(3072K)->2738K(3072K)
[6.394s][info][gc          ] GC(3) Pause Full (System.gc()) 783M->775M(6144M) 375.910ms
[6.691s][info][gc,metaspace] GC(4) Metaspace: 24006K(24704K)->24006K(24704K) NonClass: 21268K(21632K)->21268K(21632K) Class: 2738K(3072K)->2738K(3072K)
[6.691s][info][gc          ] GC(4) Pause Full (System.gc()) 775M->775M(6144M) 296.735ms
[6.994s][info][gc,metaspace] GC(5) Metaspace: 24006K(24704K)->24006K(24704K) NonClass: 21268K(21632K)->21268K(21632K) Class: 2738K(3072K)->2738K(3072K)
[6.994s][info][gc          ] GC(5) Pause Full (System.gc()) 775M->775M(6144M) 302.657ms
[7.270s][info][gc,metaspace] GC(6) Metaspace: 24006K(24704K)->24006K(24704K) NonClass: 21268K(21632K)->21268K(21632K) Class: 2738K(3072K)->2738K(3072K)
[7.270s][info][gc          ] GC(6) Pause Full (System.gc()) 775M->775M(6144M) 276.355ms
[7.536s][info][gc,metaspace] GC(7) Metaspace: 24006K(24704K)->24006K(24704K) NonClass: 21268K(21632K)->21268K(21632K) Class: 2738K(3072K)->2738K(3072K)
[7.536s][info][gc          ] GC(7) Pause Full (System.gc()) 775M->775M(6144M) 265.851ms
[7.806s][info][gc,metaspace] GC(8) Metaspace: 24006K(24704K)->24006K(24704K) NonClass: 21268K(21632K)->21268K(21632K) Class: 2738K(3072K)->2738K(3072K)
[7.806s][info][gc          ] GC(8) Pause Full (System.gc()) 775M->775M(6144M) 269.681ms
[8.087s][info][gc,metaspace] GC(9) Metaspace: 24006K(24704K)->24006K(24704K) NonClass: 21268K(21632K)->21268K(21632K) Class: 2738K(3072K)->2738K(3072K)
[8.087s][info][gc          ] GC(9) Pause Full (System.gc()) 775M->775M(6144M) 281.123ms
[8.362s][info][gc,metaspace] GC(10) Metaspace: 24006K(24704K)->24006K(24704K) NonClass: 21268K(21632K)->21268K(21632K) Class: 2738K(3072K)->2738K(3072K)
[8.362s][info][gc          ] GC(10) Pause Full (System.gc()) 775M->775M(6144M) 275.047ms
[8.632s][info][gc,metaspace] GC(11) Metaspace: 24006K(24704K)->24006K(24704K) NonClass: 21268K(21632K)->21268K(21632K) Class: 2738K(3072K)->2738K(3072K)
[8.632s][info][gc          ] GC(11) Pause Full (System.gc()) 775M->775M(6144M) 269.510ms
[8.920s][info][gc,metaspace] GC(12) Metaspace: 24006K(24704K)->24006K(24704K) NonClass: 21268K(21632K)->21268K(21632K) Class: 2738K(3072K)->2738K(3072K)
[8.920s][info][gc          ] GC(12) Pause Full (System.gc()) 775M->775M(6144M) 288.382ms
[9.191s][info][gc,metaspace] GC(13) Metaspace: 24006K(24704K)->24006K(24704K) NonClass: 21268K(21632K)->21268K(21632K) Class: 2738K(3072K)->2738K(3072K)
[9.191s][info][gc          ] GC(13) Pause Full (System.gc()) 775M->775M(6144M) 270.845ms
[9.461s][info][gc,metaspace] GC(14) Metaspace: 24006K(24704K)->24006K(24704K) NonClass: 21268K(21632K)->21268K(21632K) Class: 2738K(3072K)->2738K(3072K)
[9.461s][info][gc          ] GC(14) Pause Full (System.gc()) 775M->775M(6144M) 269.524ms
[9.746s][info][gc,metaspace] GC(15) Metaspace: 24006K(24704K)->24006K(24704K) NonClass: 21268K(21632K)->21268K(21632K) Class: 2738K(3072K)->2738K(3072K)
[9.746s][info][gc          ] GC(15) Pause Full (System.gc()) 775M->775M(6144M) 284.759ms
[10.042s][info][gc,metaspace] GC(16) Metaspace: 24006K(24704K)->24006K(24704K) NonClass: 21268K(21632K)->21268K(21632K) Class: 2738K(3072K)->2738K(3072K)
[10.042s][info][gc          ] GC(16) Pause Full (System.gc()) 775M->775M(6144M) 295.963ms
[10.316s][info][gc,metaspace] GC(17) Metaspace: 24006K(24704K)->24006K(24704K) NonClass: 21268K(21632K)->21268K(21632K) Class: 2738K(3072K)->2738K(3072K)
[10.316s][info][gc          ] GC(17) Pause Full (System.gc()) 775M->775M(6144M) 274.316ms
[10.584s][info][gc,metaspace] GC(18) Metaspace: 24006K(24704K)->24006K(24704K) NonClass: 21268K(21632K)->21268K(21632K) Class: 2738K(3072K)->2738K(3072K)
[10.584s][info][gc          ] GC(18) Pause Full (System.gc()) 775M->775M(6144M) 267.789ms
[10.875s][info][gc,metaspace] GC(19) Metaspace: 24006K(24704K)->24006K(24704K) NonClass: 21268K(21632K)->21268K(21632K) Class: 2738K(3072K)->2738K(3072K)
[10.875s][info][gc          ] GC(19) Pause Full (System.gc()) 775M->775M(6144M) 291.004ms
[11.142s][info][gc,metaspace] GC(20) Metaspace: 24006K(24704K)->24006K(24704K) NonClass: 21268K(21632K)->21268K(21632K) Class: 2738K(3072K)->2738K(3072K)
[11.142s][info][gc          ] GC(20) Pause Full (System.gc()) 775M->775M(6144M) 266.815ms
[11.422s][info][gc,metaspace] GC(21) Metaspace: 24006K(24704K)->24006K(24704K) NonClass: 21268K(21632K)->21268K(21632K) Class: 2738K(3072K)->2738K(3072K)
[11.422s][info][gc          ] GC(21) Pause Full (System.gc()) 775M->775M(6144M) 279.497ms
[11.693s][info][gc,metaspace] GC(22) Metaspace: 24006K(24704K)->24006K(24704K) NonClass: 21268K(21632K)->21268K(21632K) Class: 2738K(3072K)->2738K(3072K)
[11.693s][info][gc          ] GC(22) Pause Full (System.gc()) 775M->775M(6144M) 271.456ms
[11.974s][info][gc,metaspace] GC(23) Metaspace: 24006K(24704K)->24006K(24704K) NonClass: 21268K(21632K)->21268K(21632K) Class: 2738K(3072K)->2738K(3072K)
[11.974s][info][gc          ] GC(23) Pause Full (System.gc()) 775M->775M(6144M) 280.448ms
[12.241s][info][gc,metaspace] GC(24) Metaspace: 24006K(24704K)->24006K(24704K) NonClass: 21268K(21632K)->21268K(21632K) Class: 2738K(3072K)->2738K(3072K)
[12.241s][info][gc          ] GC(24) Pause Full (System.gc()) 775M->775M(6144M) 267.772ms
[12.521s][info][gc,metaspace] GC(25) Metaspace: 24006K(24704K)->24006K(24704K) NonClass: 21268K(21632K)->21268K(21632K) Class: 2738K(3072K)->2738K(3072K)
[12.521s][info][gc          ] GC(25) Pause Full (System.gc()) 775M->775M(6144M) 279.132ms
[12.798s][info][gc,metaspace] GC(26) Metaspace: 24006K(24704K)->24006K(24704K) NonClass: 21268K(21632K)->21268K(21632K) Class: 2738K(3072K)->2738K(3072K)
[12.798s][info][gc          ] GC(26) Pause Full (System.gc()) 775M->775M(6144M) 277.052ms
[13.085s][info][gc,metaspace] GC(27) Metaspace: 24006K(24704K)->24006K(24704K) NonClass: 21268K(21632K)->21268K(21632K) Class: 2738K(3072K)->2738K(3072K)
[13.085s][info][gc          ] GC(27) Pause Full (System.gc()) 775M->775M(6144M) 287.037ms
[13.352s][info][gc,metaspace] GC(28) Metaspace: 24006K(24704K)->24006K(24704K) NonClass: 21268K(21632K)->21268K(21632K) Class: 2738K(3072K)->2738K(3072K)
[13.352s][info][gc          ] GC(28) Pause Full (System.gc()) 775M->775M(6144M) 266.825ms
[13.629s][info][gc,metaspace] GC(29) Metaspace: 24006K(24704K)->24006K(24704K) NonClass: 21268K(21632K)->21268K(21632K) Class: 2738K(3072K)->2738K(3072K)
[13.630s][info][gc          ] GC(29) Pause Full (System.gc()) 775M->775M(6144M) 277.824ms
[13.932s][info][gc,metaspace] GC(30) Metaspace: 24006K(24704K)->24006K(24704K) NonClass: 21268K(21632K)->21268K(21632K) Class: 2738K(3072K)->2738K(3072K)
[13.932s][info][gc          ] GC(30) Pause Full (System.gc()) 775M->775M(6144M) 302.680ms
[14.199s][info][gc,metaspace] GC(31) Metaspace: 24006K(24704K)->24006K(24704K) NonClass: 21268K(21632K)->21268K(21632K) Class: 2738K(3072K)->2738K(3072K)
[14.199s][info][gc          ] GC(31) Pause Full (System.gc()) 775M->775M(6144M) 266.839ms
[14.474s][info][gc,metaspace] GC(32) Metaspace: 24006K(24704K)->24006K(24704K) NonClass: 21268K(21632K)->21268K(21632K) Class: 2738K(3072K)->2738K(3072K)
[14.474s][info][gc          ] GC(32) Pause Full (System.gc()) 775M->775M(6144M) 275.082ms
[14.748s][info][gc,metaspace] GC(33) Metaspace: 24006K(24704K)->24006K(24704K) NonClass: 21268K(21632K)->21268K(21632K) Class: 2738K(3072K)->2738K(3072K)
[14.748s][info][gc          ] GC(33) Pause Full (System.gc()) 775M->775M(6144M) 273.710ms
[15.031s][info][gc,metaspace] GC(34) Metaspace: 24006K(24704K)->24006K(24704K) NonClass: 21268K(21632K)->21268K(21632K) Class: 2738K(3072K)->2738K(3072K)
[15.031s][info][gc          ] GC(34) Pause Full (System.gc()) 775M->775M(6144M) 282.831ms
[15.301s][info][gc,metaspace] GC(35) Metaspace: 24006K(24704K)->24006K(24704K) NonClass: 21268K(21632K)->21268K(21632K) Class: 2738K(3072K)->2738K(3072K)
[15.301s][info][gc          ] GC(35) Pause Full (System.gc()) 775M->775M(6144M) 270.439ms
[15.572s][info][gc,metaspace] GC(36) Metaspace: 24006K(24704K)->24006K(24704K) NonClass: 21268K(21632K)->21268K(21632K) Class: 2738K(3072K)->2738K(3072K)
[15.572s][info][gc          ] GC(36) Pause Full (System.gc()) 775M->775M(6144M) 270.136ms
[15.845s][info][gc,metaspace] GC(37) Metaspace: 24006K(24704K)->24006K(24704K) NonClass: 21268K(21632K)->21268K(21632K) Class: 2738K(3072K)->2738K(3072K)
[15.845s][info][gc          ] GC(37) Pause Full (System.gc()) 775M->775M(6144M) 272.845ms
[16.137s][info][gc,metaspace] GC(38) Metaspace: 24006K(24704K)->24006K(24704K) NonClass: 21268K(21632K)->21268K(21632K) Class: 2738K(3072K)->2738K(3072K)
[16.137s][info][gc          ] GC(38) Pause Full (System.gc()) 775M->775M(6144M) 292.251ms
[16.443s][info][gc,metaspace] GC(39) Metaspace: 24006K(24704K)->24006K(24704K) NonClass: 21268K(21632K)->21268K(21632K) Class: 2738K(3072K)->2738K(3072K)
[16.443s][info][gc          ] GC(39) Pause Full (System.gc()) 775M->775M(6144M) 301.525ms
[16.709s][info][gc,metaspace] GC(40) Metaspace: 24006K(24704K)->24006K(24704K) NonClass: 21268K(21632K)->21268K(21632K) Class: 2738K(3072K)->2738K(3072K)
[16.709s][info][gc          ] GC(40) Pause Full (System.gc()) 775M->775M(6144M) 266.542ms
[17.012s][info][gc,metaspace] GC(41) Metaspace: 24006K(24704K)->24006K(24704K) NonClass: 21268K(21632K)->21268K(21632K) Class: 2738K(3072K)->2738K(3072K)
[17.012s][info][gc          ] GC(41) Pause Full (System.gc()) 775M->775M(6144M) 302.445ms
[17.282s][info][gc,metaspace] GC(42) Metaspace: 24006K(24704K)->24006K(24704K) NonClass: 21268K(21632K)->21268K(21632K) Class: 2738K(3072K)->2738K(3072K)
[17.283s][info][gc          ] GC(42) Pause Full (System.gc()) 775M->775M(6144M) 270.644ms
[17.550s][info][gc,metaspace] GC(43) Metaspace: 24006K(24704K)->24006K(24704K) NonClass: 21268K(21632K)->21268K(21632K) Class: 2738K(3072K)->2738K(3072K)
[17.550s][info][gc          ] GC(43) Pause Full (System.gc()) 775M->775M(6144M) 267.042ms
[17.830s][info][gc,metaspace] GC(44) Metaspace: 24006K(24704K)->24006K(24704K) NonClass: 21268K(21632K)->21268K(21632K) Class: 2738K(3072K)->2738K(3072K)
[17.830s][info][gc          ] GC(44) Pause Full (System.gc()) 775M->775M(6144M) 280.707ms
[18.104s][info][gc,metaspace] GC(45) Metaspace: 24006K(24704K)->24006K(24704K) NonClass: 21268K(21632K)->21268K(21632K) Class: 2738K(3072K)->2738K(3072K)
[18.104s][info][gc          ] GC(45) Pause Full (System.gc()) 775M->775M(6144M) 273.979ms
[18.373s][info][gc,metaspace] GC(46) Metaspace: 24006K(24704K)->24006K(24704K) NonClass: 21268K(21632K)->21268K(21632K) Class: 2738K(3072K)->2738K(3072K)
[18.373s][info][gc          ] GC(46) Pause Full (System.gc()) 775M->775M(6144M) 268.634ms
[18.658s][info][gc,metaspace] GC(47) Metaspace: 24006K(24704K)->24006K(24704K) NonClass: 21268K(21632K)->21268K(21632K) Class: 2738K(3072K)->2738K(3072K)
[18.658s][info][gc          ] GC(47) Pause Full (System.gc()) 775M->775M(6144M) 284.428ms
[18.942s][info][gc,metaspace] GC(48) Metaspace: 24006K(24704K)->24006K(24704K) NonClass: 21268K(21632K)->21268K(21632K) Class: 2738K(3072K)->2738K(3072K)
[18.942s][info][gc          ] GC(48) Pause Full (System.gc()) 775M->775M(6144M) 284.428ms
[19.215s][info][gc,metaspace] GC(49) Metaspace: 24006K(24704K)->24006K(24704K) NonClass: 21268K(21632K)->21268K(21632K) Class: 2738K(3072K)->2738K(3072K)
[19.215s][info][gc          ] GC(49) Pause Full (System.gc()) 775M->775M(6144M) 272.637ms
[19.485s][info][gc,metaspace] GC(50) Metaspace: 24006K(24704K)->24006K(24704K) NonClass: 21268K(21632K)->21268K(21632K) Class: 2738K(3072K)->2738K(3072K)
[19.485s][info][gc          ] GC(50) Pause Full (System.gc()) 775M->775M(6144M) 270.535ms
[19.751s][info][gc,metaspace] GC(51) Metaspace: 24006K(24704K)->24006K(24704K) NonClass: 21268K(21632K)->21268K(21632K) Class: 2738K(3072K)->2738K(3072K)
[19.751s][info][gc          ] GC(51) Pause Full (System.gc()) 775M->775M(6144M) 266.061ms
[20.051s][info][gc,metaspace] GC(52) Metaspace: 24006K(24704K)->24006K(24704K) NonClass: 21268K(21632K)->21268K(21632K) Class: 2738K(3072K)->2738K(3072K)
[20.051s][info][gc          ] GC(52) Pause Full (System.gc()) 775M->775M(6144M) 299.580ms
[20.317s][info][gc,metaspace] GC(53) Metaspace: 24006K(24704K)->24006K(24704K) NonClass: 21268K(21632K)->21268K(21632K) Class: 2738K(3072K)->2738K(3072K)
[20.317s][info][gc          ] GC(53) Pause Full (System.gc()) 775M->775M(6144M) 266.163ms
[20.582s][info][gc,metaspace] GC(54) Metaspace: 24006K(24704K)->24006K(24704K) NonClass: 21268K(21632K)->21268K(21632K) Class: 2738K(3072K)->2738K(3072K)
[20.582s][info][gc          ] GC(54) Pause Full (System.gc()) 775M->775M(6144M) 264.812ms
[20.880s][info][gc,metaspace] GC(55) Metaspace: 24006K(24704K)->24006K(24704K) NonClass: 21268K(21632K)->21268K(21632K) Class: 2738K(3072K)->2738K(3072K)
[20.880s][info][gc          ] GC(55) Pause Full (System.gc()) 775M->775M(6144M) 297.685ms
[21.149s][info][gc,metaspace] GC(56) Metaspace: 24006K(24704K)->24006K(24704K) NonClass: 21268K(21632K)->21268K(21632K) Class: 2738K(3072K)->2738K(3072K)
[21.149s][info][gc          ] GC(56) Pause Full (System.gc()) 775M->775M(6144M) 269.020ms
[21.459s][info][gc,metaspace] GC(57) Metaspace: 24006K(24704K)->24006K(24704K) NonClass: 21268K(21632K)->21268K(21632K) Class: 2738K(3072K)->2738K(3072K)
[21.459s][info][gc          ] GC(57) Pause Full (System.gc()) 775M->775M(6144M) 305.995ms
[21.734s][info][gc,metaspace] GC(58) Metaspace: 24006K(24704K)->24006K(24704K) NonClass: 21268K(21632K)->21268K(21632K) Class: 2738K(3072K)->2738K(3072K)
[21.734s][info][gc          ] GC(58) Pause Full (System.gc()) 775M->775M(6144M) 274.861ms
[22.014s][info][gc,metaspace] GC(59) Metaspace: 24006K(24704K)->24006K(24704K) NonClass: 21268K(21632K)->21268K(21632K) Class: 2738K(3072K)->2738K(3072K)
[22.014s][info][gc          ] GC(59) Pause Full (System.gc()) 775M->775M(6144M) 279.359ms
[22.280s][info][gc,metaspace] GC(60) Metaspace: 24006K(24704K)->24006K(24704K) NonClass: 21268K(21632K)->21268K(21632K) Class: 2738K(3072K)->2738K(3072K)
[22.280s][info][gc          ] GC(60) Pause Full (System.gc()) 775M->775M(6144M) 266.548ms
[22.552s][info][gc,metaspace] GC(61) Metaspace: 24006K(24704K)->24006K(24704K) NonClass: 21268K(21632K)->21268K(21632K) Class: 2738K(3072K)->2738K(3072K)
[22.552s][info][gc          ] GC(61) Pause Full (System.gc()) 775M->775M(6144M) 271.235ms
[22.815s][info][gc,metaspace] GC(62) Metaspace: 24006K(24704K)->24006K(24704K) NonClass: 21268K(21632K)->21268K(21632K) Class: 2738K(3072K)->2738K(3072K)
[22.815s][info][gc          ] GC(62) Pause Full (System.gc()) 775M->775M(6144M) 263.849ms
[23.109s][info][gc,metaspace] GC(63) Metaspace: 24006K(24704K)->24006K(24704K) NonClass: 21268K(21632K)->21268K(21632K) Class: 2738K(3072K)->2738K(3072K)
[23.109s][info][gc          ] GC(63) Pause Full (System.gc()) 775M->775M(6144M) 293.056ms
[23.379s][info][gc,metaspace] GC(64) Metaspace: 24006K(24704K)->24006K(24704K) NonClass: 21268K(21632K)->21268K(21632K) Class: 2738K(3072K)->2738K(3072K)
[23.379s][info][gc          ] GC(64) Pause Full (System.gc()) 775M->775M(6144M) 270.802ms
[23.658s][info][gc,metaspace] GC(65) Metaspace: 24006K(24704K)->24006K(24704K) NonClass: 21268K(21632K)->21268K(21632K) Class: 2738K(3072K)->2738K(3072K)
[23.658s][info][gc          ] GC(65) Pause Full (System.gc()) 775M->775M(6144M) 278.899ms
[23.948s][info][gc,metaspace] GC(66) Metaspace: 24006K(24704K)->24006K(24704K) NonClass: 21268K(21632K)->21268K(21632K) Class: 2738K(3072K)->2738K(3072K)
[23.948s][info][gc          ] GC(66) Pause Full (System.gc()) 775M->775M(6144M) 289.449ms
[24.233s][info][gc,metaspace] GC(67) Metaspace: 24006K(24704K)->24006K(24704K) NonClass: 21268K(21632K)->21268K(21632K) Class: 2738K(3072K)->2738K(3072K)
[24.233s][info][gc          ] GC(67) Pause Full (System.gc()) 775M->775M(6144M) 285.108ms
[24.500s][info][gc,metaspace] GC(68) Metaspace: 24006K(24704K)->24006K(24704K) NonClass: 21268K(21632K)->21268K(21632K) Class: 2738K(3072K)->2738K(3072K)
[24.501s][info][gc          ] GC(68) Pause Full (System.gc()) 775M->775M(6144M) 267.411ms
[24.771s][info][gc,metaspace] GC(69) Metaspace: 24006K(24704K)->24006K(24704K) NonClass: 21268K(21632K)->21268K(21632K) Class: 2738K(3072K)->2738K(3072K)
[24.771s][info][gc          ] GC(69) Pause Full (System.gc()) 775M->775M(6144M) 270.042ms
[25.051s][info][gc,metaspace] GC(70) Metaspace: 24006K(24704K)->24006K(24704K) NonClass: 21268K(21632K)->21268K(21632K) Class: 2738K(3072K)->2738K(3072K)
[25.051s][info][gc          ] GC(70) Pause Full (System.gc()) 775M->775M(6144M) 280.069ms
[25.330s][info][gc,metaspace] GC(71) Metaspace: 24006K(24704K)->24006K(24704K) NonClass: 21268K(21632K)->21268K(21632K) Class: 2738K(3072K)->2738K(3072K)
[25.330s][info][gc          ] GC(71) Pause Full (System.gc()) 775M->775M(6144M) 279.591ms
[25.613s][info][gc,metaspace] GC(72) Metaspace: 24006K(24704K)->24006K(24704K) NonClass: 21268K(21632K)->21268K(21632K) Class: 2738K(3072K)->2738K(3072K)
[25.613s][info][gc          ] GC(72) Pause Full (System.gc()) 775M->775M(6144M) 282.643ms
[25.913s][info][gc,metaspace] GC(73) Metaspace: 24006K(24704K)->24006K(24704K) NonClass: 21268K(21632K)->21268K(21632K) Class: 2738K(3072K)->2738K(3072K)
[25.913s][info][gc          ] GC(73) Pause Full (System.gc()) 775M->775M(6144M) 300.160ms
[26.186s][info][gc,metaspace] GC(74) Metaspace: 24006K(24704K)->24006K(24704K) NonClass: 21268K(21632K)->21268K(21632K) Class: 2738K(3072K)->2738K(3072K)
[26.186s][info][gc          ] GC(74) Pause Full (System.gc()) 775M->775M(6144M) 272.624ms
[26.497s][info][gc,metaspace] GC(75) Metaspace: 24006K(24704K)->24006K(24704K) NonClass: 21268K(21632K)->21268K(21632K) Class: 2738K(3072K)->2738K(3072K)
[26.497s][info][gc          ] GC(75) Pause Full (System.gc()) 775M->775M(6144M) 306.234ms
[26.766s][info][gc,metaspace] GC(76) Metaspace: 24006K(24704K)->24006K(24704K) NonClass: 21268K(21632K)->21268K(21632K) Class: 2738K(3072K)->2738K(3072K)
[26.766s][info][gc          ] GC(76) Pause Full (System.gc()) 775M->775M(6144M) 269.354ms
[27.052s][info][gc,metaspace] GC(77) Metaspace: 24006K(24704K)->24006K(24704K) NonClass: 21268K(21632K)->21268K(21632K) Class: 2738K(3072K)->2738K(3072K)
[27.052s][info][gc          ] GC(77) Pause Full (System.gc()) 775M->775M(6144M) 285.840ms
[27.326s][info][gc,metaspace] GC(78) Metaspace: 24006K(24704K)->24006K(24704K) NonClass: 21268K(21632K)->21268K(21632K) Class: 2738K(3072K)->2738K(3072K)
[27.326s][info][gc          ] GC(78) Pause Full (System.gc()) 775M->775M(6144M) 274.011ms
[27.590s][info][gc,metaspace] GC(79) Metaspace: 24006K(24704K)->24006K(24704K) NonClass: 21268K(21632K)->21268K(21632K) Class: 2738K(3072K)->2738K(3072K)
[27.590s][info][gc          ] GC(79) Pause Full (System.gc()) 775M->775M(6144M) 263.729ms
[27.879s][info][gc,metaspace] GC(80) Metaspace: 24006K(24704K)->24006K(24704K) NonClass: 21268K(21632K)->21268K(21632K) Class: 2738K(3072K)->2738K(3072K)
[27.879s][info][gc          ] GC(80) Pause Full (System.gc()) 775M->775M(6144M) 288.844ms
[28.147s][info][gc,metaspace] GC(81) Metaspace: 24006K(24704K)->24006K(24704K) NonClass: 21268K(21632K)->21268K(21632K) Class: 2738K(3072K)->2738K(3072K)
[28.147s][info][gc          ] GC(81) Pause Full (System.gc()) 775M->775M(6144M) 268.479ms
[28.411s][info][gc,metaspace] GC(82) Metaspace: 24006K(24704K)->24006K(24704K) NonClass: 21268K(21632K)->21268K(21632K) Class: 2738K(3072K)->2738K(3072K)
[28.411s][info][gc          ] GC(82) Pause Full (System.gc()) 775M->775M(6144M) 264.136ms
[28.675s][info][gc,metaspace] GC(83) Metaspace: 24006K(24704K)->24006K(24704K) NonClass: 21268K(21632K)->21268K(21632K) Class: 2738K(3072K)->2738K(3072K)
[28.675s][info][gc          ] GC(83) Pause Full (System.gc()) 775M->775M(6144M) 264.078ms
[28.958s][info][gc,metaspace] GC(84) Metaspace: 24006K(24704K)->24006K(24704K) NonClass: 21268K(21632K)->21268K(21632K) Class: 2738K(3072K)->2738K(3072K)
[28.959s][info][gc          ] GC(84) Pause Full (System.gc()) 775M->775M(6144M) 283.015ms
[29.224s][info][gc,metaspace] GC(85) Metaspace: 24006K(24704K)->24006K(24704K) NonClass: 21268K(21632K)->21268K(21632K) Class: 2738K(3072K)->2738K(3072K)
[29.225s][info][gc          ] GC(85) Pause Full (System.gc()) 775M->775M(6144M) 265.924ms
[29.499s][info][gc,metaspace] GC(86) Metaspace: 24006K(24704K)->24006K(24704K) NonClass: 21268K(21632K)->21268K(21632K) Class: 2738K(3072K)->2738K(3072K)
[29.499s][info][gc          ] GC(86) Pause Full (System.gc()) 775M->775M(6144M) 274.776ms
[29.770s][info][gc,metaspace] GC(87) Metaspace: 24006K(24704K)->24006K(24704K) NonClass: 21268K(21632K)->21268K(21632K) Class: 2738K(3072K)->2738K(3072K)
[29.770s][info][gc          ] GC(87) Pause Full (System.gc()) 775M->775M(6144M) 270.265ms
[30.068s][info][gc,metaspace] GC(88) Metaspace: 24006K(24704K)->24006K(24704K) NonClass: 21268K(21632K)->21268K(21632K) Class: 2738K(3072K)->2738K(3072K)
[30.068s][info][gc          ] GC(88) Pause Full (System.gc()) 775M->775M(6144M) 298.099ms
[30.352s][info][gc,metaspace] GC(89) Metaspace: 24006K(24704K)->24006K(24704K) NonClass: 21268K(21632K)->21268K(21632K) Class: 2738K(3072K)->2738K(3072K)
[30.352s][info][gc          ] GC(89) Pause Full (System.gc()) 775M->775M(6144M) 284.105ms
[30.642s][info][gc,metaspace] GC(90) Metaspace: 24006K(24704K)->24006K(24704K) NonClass: 21268K(21632K)->21268K(21632K) Class: 2738K(3072K)->2738K(3072K)
[30.642s][info][gc          ] GC(90) Pause Full (System.gc()) 775M->775M(6144M) 290.035ms
[30.935s][info][gc,metaspace] GC(91) Metaspace: 24006K(24704K)->24006K(24704K) NonClass: 21268K(21632K)->21268K(21632K) Class: 2738K(3072K)->2738K(3072K)
[30.935s][info][gc          ] GC(91) Pause Full (System.gc()) 775M->775M(6144M) 292.735ms
[31.201s][info][gc,metaspace] GC(92) Metaspace: 24006K(24704K)->24006K(24704K) NonClass: 21268K(21632K)->21268K(21632K) Class: 2738K(3072K)->2738K(3072K)
[31.201s][info][gc          ] GC(92) Pause Full (System.gc()) 775M->775M(6144M) 265.997ms
[31.515s][info][gc,metaspace] GC(93) Metaspace: 24006K(24704K)->24006K(24704K) NonClass: 21268K(21632K)->21268K(21632K) Class: 2738K(3072K)->2738K(3072K)
[31.516s][info][gc          ] GC(93) Pause Full (System.gc()) 775M->775M(6144M) 310.263ms
[31.796s][info][gc,metaspace] GC(94) Metaspace: 24006K(24704K)->24006K(24704K) NonClass: 21268K(21632K)->21268K(21632K) Class: 2738K(3072K)->2738K(3072K)
[31.796s][info][gc          ] GC(94) Pause Full (System.gc()) 775M->775M(6144M) 280.133ms
[32.084s][info][gc,metaspace] GC(95) Metaspace: 24006K(24704K)->24006K(24704K) NonClass: 21268K(21632K)->21268K(21632K) Class: 2738K(3072K)->2738K(3072K)
[32.084s][info][gc          ] GC(95) Pause Full (System.gc()) 775M->775M(6144M) 287.939ms
[32.355s][info][gc,metaspace] GC(96) Metaspace: 24006K(24704K)->24006K(24704K) NonClass: 21268K(21632K)->21268K(21632K) Class: 2738K(3072K)->2738K(3072K)
[32.355s][info][gc          ] GC(96) Pause Full (System.gc()) 775M->775M(6144M) 271.686ms
[32.643s][info][gc,metaspace] GC(97) Metaspace: 24006K(24704K)->24006K(24704K) NonClass: 21268K(21632K)->21268K(21632K) Class: 2738K(3072K)->2738K(3072K)
[32.644s][info][gc          ] GC(97) Pause Full (System.gc()) 775M->775M(6144M) 288.017ms
[32.935s][info][gc,metaspace] GC(98) Metaspace: 24006K(24704K)->24006K(24704K) NonClass: 21268K(21632K)->21268K(21632K) Class: 2738K(3072K)->2738K(3072K)
[32.935s][info][gc          ] GC(98) Pause Full (System.gc()) 775M->775M(6144M) 291.612ms
[33.208s][info][gc,metaspace] GC(99) Metaspace: 24006K(24704K)->24006K(24704K) NonClass: 21268K(21632K)->21268K(21632K) Class: 2738K(3072K)->2738K(3072K)
[33.208s][info][gc          ] GC(99) Pause Full (System.gc()) 775M->775M(6144M) 272.643ms
[33.479s][info][gc,metaspace] GC(100) Metaspace: 24006K(24704K)->24006K(24704K) NonClass: 21268K(21632K)->21268K(21632K) Class: 2738K(3072K)->2738K(3072K)
[33.479s][info][gc          ] GC(100) Pause Full (System.gc()) 775M->775M(6144M) 271.471ms
[33.755s][info][gc,metaspace] GC(101) Metaspace: 24006K(24704K)->24006K(24704K) NonClass: 21268K(21632K)->21268K(21632K) Class: 2738K(3072K)->2738K(3072K)
[33.755s][info][gc          ] GC(101) Pause Full (System.gc()) 775M->775M(6144M) 275.815ms
[34.035s][info][gc,metaspace] GC(102) Metaspace: 24006K(24704K)->24006K(24704K) NonClass: 21268K(21632K)->21268K(21632K) Class: 2738K(3072K)->2738K(3072K)
[34.035s][info][gc          ] GC(102) Pause Full (System.gc()) 775M->775M(6144M) 279.352ms
After GCs... 
