Done; will start GCs... 
[11.798s][info][gc,metaspace] GC(13) Metaspace: 11228K(11584K)->11228K(11584K) NonClass: 9427K(9600K)->9427K(9600K) Class: 1801K(1984K)->1801K(1984K)
[11.798s][info][gc          ] GC(13) Pause Full (System.gc()) 1465M->1445M(5610M) 518.380ms
[12.339s][info][gc,metaspace] GC(14) Metaspace: 11228K(11584K)->11228K(11584K) NonClass: 9427K(9600K)->9427K(9600K) Class: 1801K(1984K)->1801K(1984K)
[12.339s][info][gc          ] GC(14) Pause Full (System.gc()) 1445M->1445M(5610M) 540.312ms
[12.896s][info][gc,metaspace] GC(15) Metaspace: 11228K(11584K)->11228K(11584K) NonClass: 9427K(9600K)->9427K(9600K) Class: 1801K(1984K)->1801K(1984K)
[12.896s][info][gc          ] GC(15) Pause Full (System.gc()) 1445M->1445M(5610M) 557.326ms
[13.406s][info][gc,metaspace] GC(16) Metaspace: 11228K(11584K)->11228K(11584K) NonClass: 9427K(9600K)->9427K(9600K) Class: 1801K(1984K)->1801K(1984K)
[13.407s][info][gc          ] GC(16) Pause Full (System.gc()) 1445M->1445M(5610M) 510.281ms
[13.985s][info][gc,metaspace] GC(17) Metaspace: 11228K(11584K)->11228K(11584K) NonClass: 9427K(9600K)->9427K(9600K) Class: 1801K(1984K)->1801K(1984K)
[13.985s][info][gc          ] GC(17) Pause Full (System.gc()) 1445M->1445M(5610M) 578.269ms
[14.510s][info][gc,metaspace] GC(18) Metaspace: 11228K(11584K)->11228K(11584K) NonClass: 9427K(9600K)->9427K(9600K) Class: 1801K(1984K)->1801K(1984K)
[14.510s][info][gc          ] GC(18) Pause Full (System.gc()) 1445M->1445M(5610M) 524.922ms
[15.053s][info][gc,metaspace] GC(19) Metaspace: 11228K(11584K)->11228K(11584K) NonClass: 9427K(9600K)->9427K(9600K) Class: 1801K(1984K)->1801K(1984K)
[15.053s][info][gc          ] GC(19) Pause Full (System.gc()) 1445M->1445M(5610M) 543.525ms
[15.559s][info][gc,metaspace] GC(20) Metaspace: 11228K(11584K)->11228K(11584K) NonClass: 9427K(9600K)->9427K(9600K) Class: 1801K(1984K)->1801K(1984K)
[15.559s][info][gc          ] GC(20) Pause Full (System.gc()) 1445M->1445M(5610M) 505.533ms
[16.107s][info][gc,metaspace] GC(21) Metaspace: 11228K(11584K)->11228K(11584K) NonClass: 9427K(9600K)->9427K(9600K) Class: 1801K(1984K)->1801K(1984K)
[16.107s][info][gc          ] GC(21) Pause Full (System.gc()) 1445M->1445M(5610M) 548.260ms
[16.613s][info][gc,metaspace] GC(22) Metaspace: 11228K(11584K)->11228K(11584K) NonClass: 9427K(9600K)->9427K(9600K) Class: 1801K(1984K)->1801K(1984K)
[16.613s][info][gc          ] GC(22) Pause Full (System.gc()) 1445M->1445M(5610M) 505.302ms
[17.174s][info][gc,metaspace] GC(23) Metaspace: 11228K(11584K)->11228K(11584K) NonClass: 9427K(9600K)->9427K(9600K) Class: 1801K(1984K)->1801K(1984K)
[17.174s][info][gc          ] GC(23) Pause Full (System.gc()) 1445M->1445M(5610M) 561.016ms
[17.684s][info][gc,metaspace] GC(24) Metaspace: 11228K(11584K)->11228K(11584K) NonClass: 9427K(9600K)->9427K(9600K) Class: 1801K(1984K)->1801K(1984K)
[17.684s][info][gc          ] GC(24) Pause Full (System.gc()) 1445M->1445M(5610M) 509.975ms
[18.226s][info][gc,metaspace] GC(25) Metaspace: 11228K(11584K)->11228K(11584K) NonClass: 9427K(9600K)->9427K(9600K) Class: 1801K(1984K)->1801K(1984K)
[18.226s][info][gc          ] GC(25) Pause Full (System.gc()) 1445M->1445M(5610M) 537.691ms
[18.742s][info][gc,metaspace] GC(26) Metaspace: 11228K(11584K)->11228K(11584K) NonClass: 9427K(9600K)->9427K(9600K) Class: 1801K(1984K)->1801K(1984K)
[18.742s][info][gc          ] GC(26) Pause Full (System.gc()) 1445M->1445M(5610M) 515.513ms
[19.322s][info][gc,metaspace] GC(27) Metaspace: 11228K(11584K)->11228K(11584K) NonClass: 9427K(9600K)->9427K(9600K) Class: 1801K(1984K)->1801K(1984K)
[19.322s][info][gc          ] GC(27) Pause Full (System.gc()) 1445M->1445M(5610M) 580.445ms
[19.842s][info][gc,metaspace] GC(28) Metaspace: 11228K(11584K)->11228K(11584K) NonClass: 9427K(9600K)->9427K(9600K) Class: 1801K(1984K)->1801K(1984K)
[19.842s][info][gc          ] GC(28) Pause Full (System.gc()) 1445M->1445M(5610M) 520.127ms
[20.372s][info][gc,metaspace] GC(29) Metaspace: 11228K(11584K)->11228K(11584K) NonClass: 9427K(9600K)->9427K(9600K) Class: 1801K(1984K)->1801K(1984K)
[20.372s][info][gc          ] GC(29) Pause Full (System.gc()) 1445M->1445M(5610M) 529.597ms
[20.929s][info][gc,metaspace] GC(30) Metaspace: 11228K(11584K)->11228K(11584K) NonClass: 9427K(9600K)->9427K(9600K) Class: 1801K(1984K)->1801K(1984K)
[20.929s][info][gc          ] GC(30) Pause Full (System.gc()) 1445M->1445M(5610M) 557.212ms
[21.441s][info][gc,metaspace] GC(31) Metaspace: 11228K(11584K)->11228K(11584K) NonClass: 9427K(9600K)->9427K(9600K) Class: 1801K(1984K)->1801K(1984K)
[21.441s][info][gc          ] GC(31) Pause Full (System.gc()) 1445M->1445M(5610M) 511.864ms
[21.980s][info][gc,metaspace] GC(32) Metaspace: 11228K(11584K)->11228K(11584K) NonClass: 9427K(9600K)->9427K(9600K) Class: 1801K(1984K)->1801K(1984K)
[21.980s][info][gc          ] GC(32) Pause Full (System.gc()) 1445M->1445M(5610M) 538.971ms
[22.489s][info][gc,metaspace] GC(33) Metaspace: 11228K(11584K)->11228K(11584K) NonClass: 9427K(9600K)->9427K(9600K) Class: 1801K(1984K)->1801K(1984K)
[22.489s][info][gc          ] GC(33) Pause Full (System.gc()) 1445M->1445M(5610M) 508.236ms
[23.027s][info][gc,metaspace] GC(34) Metaspace: 11228K(11584K)->11228K(11584K) NonClass: 9427K(9600K)->9427K(9600K) Class: 1801K(1984K)->1801K(1984K)
[23.027s][info][gc          ] GC(34) Pause Full (System.gc()) 1445M->1445M(5610M) 538.697ms
[23.547s][info][gc,metaspace] GC(35) Metaspace: 11228K(11584K)->11228K(11584K) NonClass: 9427K(9600K)->9427K(9600K) Class: 1801K(1984K)->1801K(1984K)
[23.547s][info][gc          ] GC(35) Pause Full (System.gc()) 1445M->1445M(5610M) 515.274ms
[24.084s][info][gc,metaspace] GC(36) Metaspace: 11228K(11584K)->11228K(11584K) NonClass: 9427K(9600K)->9427K(9600K) Class: 1801K(1984K)->1801K(1984K)
[24.084s][info][gc          ] GC(36) Pause Full (System.gc()) 1445M->1445M(5610M) 536.690ms
[24.591s][info][gc,metaspace] GC(37) Metaspace: 11228K(11584K)->11228K(11584K) NonClass: 9427K(9600K)->9427K(9600K) Class: 1801K(1984K)->1801K(1984K)
[24.591s][info][gc          ] GC(37) Pause Full (System.gc()) 1445M->1445M(5610M) 507.083ms
[25.127s][info][gc,metaspace] GC(38) Metaspace: 11228K(11584K)->11228K(11584K) NonClass: 9427K(9600K)->9427K(9600K) Class: 1801K(1984K)->1801K(1984K)
[25.127s][info][gc          ] GC(38) Pause Full (System.gc()) 1445M->1445M(5610M) 536.105ms
[25.669s][info][gc,metaspace] GC(39) Metaspace: 11228K(11584K)->11228K(11584K) NonClass: 9427K(9600K)->9427K(9600K) Class: 1801K(1984K)->1801K(1984K)
[25.669s][info][gc          ] GC(39) Pause Full (System.gc()) 1445M->1445M(5610M) 542.202ms
[26.198s][info][gc,metaspace] GC(40) Metaspace: 11228K(11584K)->11228K(11584K) NonClass: 9427K(9600K)->9427K(9600K) Class: 1801K(1984K)->1801K(1984K)
[26.199s][info][gc          ] GC(40) Pause Full (System.gc()) 1445M->1445M(5610M) 528.980ms
[26.710s][info][gc,metaspace] GC(41) Metaspace: 11228K(11584K)->11228K(11584K) NonClass: 9427K(9600K)->9427K(9600K) Class: 1801K(1984K)->1801K(1984K)
[26.710s][info][gc          ] GC(41) Pause Full (System.gc()) 1445M->1445M(5610M) 511.168ms
[27.257s][info][gc,metaspace] GC(42) Metaspace: 11228K(11584K)->11228K(11584K) NonClass: 9427K(9600K)->9427K(9600K) Class: 1801K(1984K)->1801K(1984K)
[27.257s][info][gc          ] GC(42) Pause Full (System.gc()) 1445M->1445M(5610M) 546.818ms
[27.765s][info][gc,metaspace] GC(43) Metaspace: 11228K(11584K)->11228K(11584K) NonClass: 9427K(9600K)->9427K(9600K) Class: 1801K(1984K)->1801K(1984K)
[27.765s][info][gc          ] GC(43) Pause Full (System.gc()) 1445M->1445M(5610M) 508.680ms
[28.322s][info][gc,metaspace] GC(44) Metaspace: 11228K(11584K)->11228K(11584K) NonClass: 9427K(9600K)->9427K(9600K) Class: 1801K(1984K)->1801K(1984K)
[28.322s][info][gc          ] GC(44) Pause Full (System.gc()) 1445M->1445M(5610M) 556.371ms
[28.835s][info][gc,metaspace] GC(45) Metaspace: 11228K(11584K)->11228K(11584K) NonClass: 9427K(9600K)->9427K(9600K) Class: 1801K(1984K)->1801K(1984K)
[28.835s][info][gc          ] GC(45) Pause Full (System.gc()) 1445M->1445M(5610M) 513.180ms
[29.379s][info][gc,metaspace] GC(46) Metaspace: 11228K(11584K)->11228K(11584K) NonClass: 9427K(9600K)->9427K(9600K) Class: 1801K(1984K)->1801K(1984K)
[29.379s][info][gc          ] GC(46) Pause Full (System.gc()) 1445M->1445M(5610M) 543.808ms
[29.946s][info][gc,metaspace] GC(47) Metaspace: 11228K(11584K)->11228K(11584K) NonClass: 9427K(9600K)->9427K(9600K) Class: 1801K(1984K)->1801K(1984K)
[29.946s][info][gc          ] GC(47) Pause Full (System.gc()) 1445M->1445M(5610M) 566.868ms
[30.473s][info][gc,metaspace] GC(48) Metaspace: 11228K(11584K)->11228K(11584K) NonClass: 9427K(9600K)->9427K(9600K) Class: 1801K(1984K)->1801K(1984K)
[30.473s][info][gc          ] GC(48) Pause Full (System.gc()) 1445M->1445M(5610M) 526.822ms
[31.010s][info][gc,metaspace] GC(49) Metaspace: 11228K(11584K)->11228K(11584K) NonClass: 9427K(9600K)->9427K(9600K) Class: 1801K(1984K)->1801K(1984K)
[31.010s][info][gc          ] GC(49) Pause Full (System.gc()) 1445M->1445M(5610M) 537.453ms
[31.517s][info][gc,metaspace] GC(50) Metaspace: 11228K(11584K)->11228K(11584K) NonClass: 9427K(9600K)->9427K(9600K) Class: 1801K(1984K)->1801K(1984K)
[31.517s][info][gc          ] GC(50) Pause Full (System.gc()) 1445M->1445M(5610M) 506.480ms
[32.060s][info][gc,metaspace] GC(51) Metaspace: 11228K(11584K)->11228K(11584K) NonClass: 9427K(9600K)->9427K(9600K) Class: 1801K(1984K)->1801K(1984K)
[32.060s][info][gc          ] GC(51) Pause Full (System.gc()) 1445M->1445M(5610M) 543.030ms
[32.575s][info][gc,metaspace] GC(52) Metaspace: 11228K(11584K)->11228K(11584K) NonClass: 9427K(9600K)->9427K(9600K) Class: 1801K(1984K)->1801K(1984K)
[32.575s][info][gc          ] GC(52) Pause Full (System.gc()) 1445M->1445M(5610M) 514.950ms
[33.120s][info][gc,metaspace] GC(53) Metaspace: 11228K(11584K)->11228K(11584K) NonClass: 9427K(9600K)->9427K(9600K) Class: 1801K(1984K)->1801K(1984K)
[33.120s][info][gc          ] GC(53) Pause Full (System.gc()) 1445M->1445M(5610M) 544.576ms
[33.628s][info][gc,metaspace] GC(54) Metaspace: 11228K(11584K)->11228K(11584K) NonClass: 9427K(9600K)->9427K(9600K) Class: 1801K(1984K)->1801K(1984K)
[33.628s][info][gc          ] GC(54) Pause Full (System.gc()) 1445M->1445M(5610M) 508.201ms
[34.185s][info][gc,metaspace] GC(55) Metaspace: 11228K(11584K)->11228K(11584K) NonClass: 9427K(9600K)->9427K(9600K) Class: 1801K(1984K)->1801K(1984K)
[34.185s][info][gc          ] GC(55) Pause Full (System.gc()) 1445M->1445M(5610M) 556.625ms
[34.695s][info][gc,metaspace] GC(56) Metaspace: 11228K(11584K)->11228K(11584K) NonClass: 9427K(9600K)->9427K(9600K) Class: 1801K(1984K)->1801K(1984K)
[34.695s][info][gc          ] GC(56) Pause Full (System.gc()) 1445M->1445M(5610M) 510.064ms
[35.275s][info][gc,metaspace] GC(57) Metaspace: 11228K(11584K)->11228K(11584K) NonClass: 9427K(9600K)->9427K(9600K) Class: 1801K(1984K)->1801K(1984K)
[35.275s][info][gc          ] GC(57) Pause Full (System.gc()) 1445M->1445M(5610M) 580.286ms
[35.790s][info][gc,metaspace] GC(58) Metaspace: 11228K(11584K)->11228K(11584K) NonClass: 9427K(9600K)->9427K(9600K) Class: 1801K(1984K)->1801K(1984K)
[35.790s][info][gc          ] GC(58) Pause Full (System.gc()) 1445M->1445M(5610M) 515.032ms
[36.310s][info][gc,metaspace] GC(59) Metaspace: 11228K(11584K)->11228K(11584K) NonClass: 9427K(9600K)->9427K(9600K) Class: 1801K(1984K)->1801K(1984K)
[36.310s][info][gc          ] GC(59) Pause Full (System.gc()) 1445M->1445M(5610M) 519.070ms
[36.821s][info][gc,metaspace] GC(60) Metaspace: 11228K(11584K)->11228K(11584K) NonClass: 9427K(9600K)->9427K(9600K) Class: 1801K(1984K)->1801K(1984K)
[36.821s][info][gc          ] GC(60) Pause Full (System.gc()) 1445M->1445M(5610M) 511.351ms
[37.361s][info][gc,metaspace] GC(61) Metaspace: 11228K(11584K)->11228K(11584K) NonClass: 9427K(9600K)->9427K(9600K) Class: 1801K(1984K)->1801K(1984K)
[37.361s][info][gc          ] GC(61) Pause Full (System.gc()) 1445M->1445M(5610M) 540.238ms
[37.918s][info][gc,metaspace] GC(62) Metaspace: 11228K(11584K)->11228K(11584K) NonClass: 9427K(9600K)->9427K(9600K) Class: 1801K(1984K)->1801K(1984K)
[37.919s][info][gc          ] GC(62) Pause Full (System.gc()) 1445M->1445M(5610M) 557.023ms
After GCs... 
