Done; will start GCs... 
[10.798s][info][gc,metaspace] GC(14) Metaspace: 11223K(11456K)->11223K(11456K) NonClass: 10134K(10240K)->10134K(10240K) Class: 1088K(1216K)->1088K(1216K)
[10.798s][info][gc          ] GC(14) Pause Full (System.gc()) 1720M->1701M(5138M) 580.003ms
[11.336s][info][gc,metaspace] GC(15) Metaspace: 11223K(11456K)->11223K(11456K) NonClass: 10134K(10240K)->10134K(10240K) Class: 1088K(1216K)->1088K(1216K)
[11.336s][info][gc          ] GC(15) Pause Full (System.gc()) 1701M->1701M(5138M) 538.020ms
[11.923s][info][gc,metaspace] GC(16) Metaspace: 11223K(11456K)->11223K(11456K) NonClass: 10134K(10240K)->10134K(10240K) Class: 1088K(1216K)->1088K(1216K)
[11.923s][info][gc          ] GC(16) Pause Full (System.gc()) 1701M->1701M(5138M) 586.992ms
[12.459s][info][gc,metaspace] GC(17) Metaspace: 11223K(11456K)->11223K(11456K) NonClass: 10134K(10240K)->10134K(10240K) Class: 1088K(1216K)->1088K(1216K)
[12.459s][info][gc          ] GC(17) Pause Full (System.gc()) 1701M->1701M(5138M) 535.949ms
[13.039s][info][gc,metaspace] GC(18) Metaspace: 11223K(11456K)->11223K(11456K) NonClass: 10134K(10240K)->10134K(10240K) Class: 1088K(1216K)->1088K(1216K)
[13.039s][info][gc          ] GC(18) Pause Full (System.gc()) 1701M->1701M(5138M) 580.058ms
[13.575s][info][gc,metaspace] GC(19) Metaspace: 11223K(11456K)->11223K(11456K) NonClass: 10134K(10240K)->10134K(10240K) Class: 1088K(1216K)->1088K(1216K)
[13.576s][info][gc          ] GC(19) Pause Full (System.gc()) 1701M->1701M(5138M) 535.971ms
[14.143s][info][gc,metaspace] GC(20) Metaspace: 11223K(11456K)->11223K(11456K) NonClass: 10134K(10240K)->10134K(10240K) Class: 1088K(1216K)->1088K(1216K)
[14.143s][info][gc          ] GC(20) Pause Full (System.gc()) 1701M->1701M(5138M) 567.000ms
[14.746s][info][gc,metaspace] GC(21) Metaspace: 11223K(11456K)->11223K(11456K) NonClass: 10134K(10240K)->10134K(10240K) Class: 1088K(1216K)->1088K(1216K)
[14.746s][info][gc          ] GC(21) Pause Full (System.gc()) 1701M->1701M(5138M) 602.903ms
[15.288s][info][gc,metaspace] GC(22) Metaspace: 11223K(11456K)->11223K(11456K) NonClass: 10134K(10240K)->10134K(10240K) Class: 1088K(1216K)->1088K(1216K)
[15.288s][info][gc          ] GC(22) Pause Full (System.gc()) 1701M->1701M(5138M) 537.676ms
[15.854s][info][gc,metaspace] GC(23) Metaspace: 11223K(11456K)->11223K(11456K) NonClass: 10134K(10240K)->10134K(10240K) Class: 1088K(1216K)->1088K(1216K)
[15.854s][info][gc          ] GC(23) Pause Full (System.gc()) 1701M->1701M(5138M) 566.504ms
[16.388s][info][gc,metaspace] GC(24) Metaspace: 11223K(11456K)->11223K(11456K) NonClass: 10134K(10240K)->10134K(10240K) Class: 1088K(1216K)->1088K(1216K)
[16.388s][info][gc          ] GC(24) Pause Full (System.gc()) 1701M->1701M(5138M) 534.030ms
[16.961s][info][gc,metaspace] GC(25) Metaspace: 11223K(11456K)->11223K(11456K) NonClass: 10134K(10240K)->10134K(10240K) Class: 1088K(1216K)->1088K(1216K)
[16.961s][info][gc          ] GC(25) Pause Full (System.gc()) 1701M->1701M(5138M) 572.394ms
[17.554s][info][gc,metaspace] GC(26) Metaspace: 11223K(11456K)->11223K(11456K) NonClass: 10134K(10240K)->10134K(10240K) Class: 1088K(1216K)->1088K(1216K)
[17.554s][info][gc          ] GC(26) Pause Full (System.gc()) 1701M->1701M(5138M) 593.094ms
[18.108s][info][gc,metaspace] GC(27) Metaspace: 11223K(11456K)->11223K(11456K) NonClass: 10134K(10240K)->10134K(10240K) Class: 1088K(1216K)->1088K(1216K)
[18.108s][info][gc          ] GC(27) Pause Full (System.gc()) 1701M->1701M(5138M) 554.346ms
[18.689s][info][gc,metaspace] GC(28) Metaspace: 11223K(11456K)->11223K(11456K) NonClass: 10134K(10240K)->10134K(10240K) Class: 1088K(1216K)->1088K(1216K)
[18.689s][info][gc          ] GC(28) Pause Full (System.gc()) 1701M->1701M(5138M) 580.242ms
[19.223s][info][gc,metaspace] GC(29) Metaspace: 11223K(11456K)->11223K(11456K) NonClass: 10134K(10240K)->10134K(10240K) Class: 1088K(1216K)->1088K(1216K)
[19.223s][info][gc          ] GC(29) Pause Full (System.gc()) 1701M->1701M(5138M) 534.595ms
[19.793s][info][gc,metaspace] GC(30) Metaspace: 11223K(11456K)->11223K(11456K) NonClass: 10134K(10240K)->10134K(10240K) Class: 1088K(1216K)->1088K(1216K)
[19.794s][info][gc          ] GC(30) Pause Full (System.gc()) 1701M->1701M(5138M) 570.066ms
[20.325s][info][gc,metaspace] GC(31) Metaspace: 11223K(11456K)->11223K(11456K) NonClass: 10134K(10240K)->10134K(10240K) Class: 1088K(1216K)->1088K(1216K)
[20.325s][info][gc          ] GC(31) Pause Full (System.gc()) 1701M->1701M(5138M) 531.277ms
[20.896s][info][gc,metaspace] GC(32) Metaspace: 11223K(11456K)->11223K(11456K) NonClass: 10134K(10240K)->10134K(10240K) Class: 1088K(1216K)->1088K(1216K)
[20.896s][info][gc          ] GC(32) Pause Full (System.gc()) 1701M->1701M(5138M) 571.293ms
[21.437s][info][gc,metaspace] GC(33) Metaspace: 11223K(11456K)->11223K(11456K) NonClass: 10134K(10240K)->10134K(10240K) Class: 1088K(1216K)->1088K(1216K)
[21.437s][info][gc          ] GC(33) Pause Full (System.gc()) 1701M->1701M(5138M) 540.771ms
[22.049s][info][gc,metaspace] GC(34) Metaspace: 11223K(11456K)->11223K(11456K) NonClass: 10134K(10240K)->10134K(10240K) Class: 1088K(1216K)->1088K(1216K)
[22.049s][info][gc          ] GC(34) Pause Full (System.gc()) 1701M->1701M(5138M) 611.790ms
[22.585s][info][gc,metaspace] GC(35) Metaspace: 11223K(11456K)->11223K(11456K) NonClass: 10134K(10240K)->10134K(10240K) Class: 1088K(1216K)->1088K(1216K)
[22.585s][info][gc          ] GC(35) Pause Full (System.gc()) 1701M->1701M(5138M) 536.055ms
[23.133s][info][gc,metaspace] GC(36) Metaspace: 11223K(11456K)->11223K(11456K) NonClass: 10134K(10240K)->10134K(10240K) Class: 1088K(1216K)->1088K(1216K)
[23.133s][info][gc          ] GC(36) Pause Full (System.gc()) 1701M->1701M(5138M) 547.972ms
[23.709s][info][gc,metaspace] GC(37) Metaspace: 11223K(11456K)->11223K(11456K) NonClass: 10134K(10240K)->10134K(10240K) Class: 1088K(1216K)->1088K(1216K)
[23.709s][info][gc          ] GC(37) Pause Full (System.gc()) 1701M->1701M(5138M) 575.453ms
[24.252s][info][gc,metaspace] GC(38) Metaspace: 11223K(11456K)->11223K(11456K) NonClass: 10134K(10240K)->10134K(10240K) Class: 1088K(1216K)->1088K(1216K)
[24.252s][info][gc          ] GC(38) Pause Full (System.gc()) 1701M->1701M(5138M) 542.933ms
[24.868s][info][gc,metaspace] GC(39) Metaspace: 11223K(11456K)->11223K(11456K) NonClass: 10134K(10240K)->10134K(10240K) Class: 1088K(1216K)->1088K(1216K)
[24.868s][info][gc          ] GC(39) Pause Full (System.gc()) 1701M->1701M(5138M) 616.116ms
[25.412s][info][gc,metaspace] GC(40) Metaspace: 11223K(11456K)->11223K(11456K) NonClass: 10134K(10240K)->10134K(10240K) Class: 1088K(1216K)->1088K(1216K)
[25.412s][info][gc          ] GC(40) Pause Full (System.gc()) 1701M->1701M(5138M) 539.762ms
[25.954s][info][gc,metaspace] GC(41) Metaspace: 11223K(11456K)->11223K(11456K) NonClass: 10134K(10240K)->10134K(10240K) Class: 1088K(1216K)->1088K(1216K)
[25.954s][info][gc          ] GC(41) Pause Full (System.gc()) 1701M->1701M(5138M) 541.867ms
[26.487s][info][gc,metaspace] GC(42) Metaspace: 11223K(11456K)->11223K(11456K) NonClass: 10134K(10240K)->10134K(10240K) Class: 1088K(1216K)->1088K(1216K)
[26.488s][info][gc          ] GC(42) Pause Full (System.gc()) 1701M->1701M(5138M) 533.519ms
[27.058s][info][gc,metaspace] GC(43) Metaspace: 11223K(11456K)->11223K(11456K) NonClass: 10134K(10240K)->10134K(10240K) Class: 1088K(1216K)->1088K(1216K)
[27.058s][info][gc          ] GC(43) Pause Full (System.gc()) 1701M->1701M(5138M) 570.230ms
[27.596s][info][gc,metaspace] GC(44) Metaspace: 11223K(11456K)->11223K(11456K) NonClass: 10134K(10240K)->10134K(10240K) Class: 1088K(1216K)->1088K(1216K)
[27.596s][info][gc          ] GC(44) Pause Full (System.gc()) 1701M->1701M(5138M) 538.195ms
[28.175s][info][gc,metaspace] GC(45) Metaspace: 11223K(11456K)->11223K(11456K) NonClass: 10134K(10240K)->10134K(10240K) Class: 1088K(1216K)->1088K(1216K)
[28.175s][info][gc          ] GC(45) Pause Full (System.gc()) 1701M->1701M(5138M) 578.502ms
[28.750s][info][gc,metaspace] GC(46) Metaspace: 11223K(11456K)->11223K(11456K) NonClass: 10134K(10240K)->10134K(10240K) Class: 1088K(1216K)->1088K(1216K)
[28.750s][info][gc          ] GC(46) Pause Full (System.gc()) 1701M->1701M(5138M) 574.820ms
[29.283s][info][gc,metaspace] GC(47) Metaspace: 11223K(11456K)->11223K(11456K) NonClass: 10134K(10240K)->10134K(10240K) Class: 1088K(1216K)->1088K(1216K)
[29.283s][info][gc          ] GC(47) Pause Full (System.gc()) 1701M->1701M(5138M) 533.269ms
[29.865s][info][gc,metaspace] GC(48) Metaspace: 11223K(11456K)->11223K(11456K) NonClass: 10134K(10240K)->10134K(10240K) Class: 1088K(1216K)->1088K(1216K)
[29.865s][info][gc          ] GC(48) Pause Full (System.gc()) 1701M->1701M(5138M) 581.723ms
[30.395s][info][gc,metaspace] GC(49) Metaspace: 11223K(11456K)->11223K(11456K) NonClass: 10134K(10240K)->10134K(10240K) Class: 1088K(1216K)->1088K(1216K)
[30.395s][info][gc          ] GC(49) Pause Full (System.gc()) 1701M->1701M(5138M) 530.256ms
[30.982s][info][gc,metaspace] GC(50) Metaspace: 11223K(11456K)->11223K(11456K) NonClass: 10134K(10240K)->10134K(10240K) Class: 1088K(1216K)->1088K(1216K)
[30.982s][info][gc          ] GC(50) Pause Full (System.gc()) 1701M->1701M(5138M) 582.262ms
[31.516s][info][gc,metaspace] GC(51) Metaspace: 11223K(11456K)->11223K(11456K) NonClass: 10134K(10240K)->10134K(10240K) Class: 1088K(1216K)->1088K(1216K)
[31.516s][info][gc          ] GC(51) Pause Full (System.gc()) 1701M->1701M(5138M) 534.090ms
[32.088s][info][gc,metaspace] GC(52) Metaspace: 11223K(11456K)->11223K(11456K) NonClass: 10134K(10240K)->10134K(10240K) Class: 1088K(1216K)->1088K(1216K)
[32.088s][info][gc          ] GC(52) Pause Full (System.gc()) 1701M->1701M(5138M) 571.553ms
[32.687s][info][gc,metaspace] GC(53) Metaspace: 11223K(11456K)->11223K(11456K) NonClass: 10134K(10240K)->10134K(10240K) Class: 1088K(1216K)->1088K(1216K)
[32.687s][info][gc          ] GC(53) Pause Full (System.gc()) 1701M->1701M(5138M) 599.163ms
[33.217s][info][gc,metaspace] GC(54) Metaspace: 11223K(11456K)->11223K(11456K) NonClass: 10134K(10240K)->10134K(10240K) Class: 1088K(1216K)->1088K(1216K)
[33.217s][info][gc          ] GC(54) Pause Full (System.gc()) 1701M->1701M(5138M) 529.731ms
[33.790s][info][gc,metaspace] GC(55) Metaspace: 11223K(11456K)->11223K(11456K) NonClass: 10134K(10240K)->10134K(10240K) Class: 1088K(1216K)->1088K(1216K)
[33.790s][info][gc          ] GC(55) Pause Full (System.gc()) 1701M->1701M(5138M) 572.905ms
[34.328s][info][gc,metaspace] GC(56) Metaspace: 11223K(11456K)->11223K(11456K) NonClass: 10134K(10240K)->10134K(10240K) Class: 1088K(1216K)->1088K(1216K)
[34.328s][info][gc          ] GC(56) Pause Full (System.gc()) 1701M->1701M(5138M) 538.525ms
[34.922s][info][gc,metaspace] GC(57) Metaspace: 11223K(11456K)->11223K(11456K) NonClass: 10134K(10240K)->10134K(10240K) Class: 1088K(1216K)->1088K(1216K)
[34.922s][info][gc          ] GC(57) Pause Full (System.gc()) 1701M->1701M(5138M) 594.180ms
[35.451s][info][gc,metaspace] GC(58) Metaspace: 11223K(11456K)->11223K(11456K) NonClass: 10134K(10240K)->10134K(10240K) Class: 1088K(1216K)->1088K(1216K)
[35.451s][info][gc          ] GC(58) Pause Full (System.gc()) 1701M->1701M(5138M) 528.731ms
[36.029s][info][gc,metaspace] GC(59) Metaspace: 11223K(11456K)->11223K(11456K) NonClass: 10134K(10240K)->10134K(10240K) Class: 1088K(1216K)->1088K(1216K)
[36.029s][info][gc          ] GC(59) Pause Full (System.gc()) 1701M->1701M(5138M) 577.617ms
[36.571s][info][gc,metaspace] GC(60) Metaspace: 11223K(11456K)->11223K(11456K) NonClass: 10134K(10240K)->10134K(10240K) Class: 1088K(1216K)->1088K(1216K)
[36.571s][info][gc          ] GC(60) Pause Full (System.gc()) 1701M->1701M(5138M) 541.834ms
[37.144s][info][gc,metaspace] GC(61) Metaspace: 11223K(11456K)->11223K(11456K) NonClass: 10134K(10240K)->10134K(10240K) Class: 1088K(1216K)->1088K(1216K)
[37.144s][info][gc          ] GC(61) Pause Full (System.gc()) 1701M->1701M(5138M) 573.210ms
[37.785s][info][gc,metaspace] GC(62) Metaspace: 11223K(11456K)->11223K(11456K) NonClass: 10134K(10240K)->10134K(10240K) Class: 1088K(1216K)->1088K(1216K)
[37.785s][info][gc          ] GC(62) Pause Full (System.gc()) 1701M->1701M(5138M) 641.209ms
[38.323s][info][gc,metaspace] GC(63) Metaspace: 11223K(11456K)->11223K(11456K) NonClass: 10134K(10240K)->10134K(10240K) Class: 1088K(1216K)->1088K(1216K)
[38.324s][info][gc          ] GC(63) Pause Full (System.gc()) 1701M->1701M(5138M) 537.947ms
After GCs... 
