Done; will start GCs... 
[11.279s][info][gc,metaspace] GC(13) Metaspace: 11220K(11584K)->11220K(11584K) NonClass: 9419K(9600K)->9419K(9600K) Class: 1800K(1984K)->1800K(1984K)
[11.279s][info][gc          ] GC(13) Pause Full (System.gc()) 1465M->1445M(5614M) 570.770ms
[11.816s][info][gc,metaspace] GC(14) Metaspace: 11220K(11584K)->11220K(11584K) NonClass: 9419K(9600K)->9419K(9600K) Class: 1800K(1984K)->1800K(1984K)
[11.816s][info][gc          ] GC(14) Pause Full (System.gc()) 1445M->1445M(5614M) 537.533ms
[12.378s][info][gc,metaspace] GC(15) Metaspace: 11220K(11584K)->11220K(11584K) NonClass: 9419K(9600K)->9419K(9600K) Class: 1800K(1984K)->1800K(1984K)
[12.378s][info][gc          ] GC(15) Pause Full (System.gc()) 1445M->1445M(5614M) 561.368ms
[12.904s][info][gc,metaspace] GC(16) Metaspace: 11220K(11584K)->11220K(11584K) NonClass: 9419K(9600K)->9419K(9600K) Class: 1800K(1984K)->1800K(1984K)
[12.904s][info][gc          ] GC(16) Pause Full (System.gc()) 1445M->1445M(5614M) 525.776ms
[13.470s][info][gc,metaspace] GC(17) Metaspace: 11220K(11584K)->11220K(11584K) NonClass: 9419K(9600K)->9419K(9600K) Class: 1800K(1984K)->1800K(1984K)
[13.470s][info][gc          ] GC(17) Pause Full (System.gc()) 1445M->1445M(5614M) 566.419ms
[14.004s][info][gc,metaspace] GC(18) Metaspace: 11220K(11584K)->11220K(11584K) NonClass: 9419K(9600K)->9419K(9600K) Class: 1800K(1984K)->1800K(1984K)
[14.004s][info][gc          ] GC(18) Pause Full (System.gc()) 1445M->1445M(5614M) 529.161ms
[14.568s][info][gc,metaspace] GC(19) Metaspace: 11220K(11584K)->11220K(11584K) NonClass: 9419K(9600K)->9419K(9600K) Class: 1800K(1984K)->1800K(1984K)
[14.568s][info][gc          ] GC(19) Pause Full (System.gc()) 1445M->1445M(5614M) 564.528ms
[15.098s][info][gc,metaspace] GC(20) Metaspace: 11220K(11584K)->11220K(11584K) NonClass: 9419K(9600K)->9419K(9600K) Class: 1800K(1984K)->1800K(1984K)
[15.098s][info][gc          ] GC(20) Pause Full (System.gc()) 1445M->1445M(5614M) 529.359ms
[15.729s][info][gc,metaspace] GC(21) Metaspace: 11220K(11584K)->11220K(11584K) NonClass: 9419K(9600K)->9419K(9600K) Class: 1800K(1984K)->1800K(1984K)
[15.729s][info][gc          ] GC(21) Pause Full (System.gc()) 1445M->1445M(5614M) 631.361ms
[16.310s][info][gc,metaspace] GC(22) Metaspace: 11220K(11584K)->11220K(11584K) NonClass: 9419K(9600K)->9419K(9600K) Class: 1800K(1984K)->1800K(1984K)
[16.310s][info][gc          ] GC(22) Pause Full (System.gc()) 1445M->1445M(5614M) 580.574ms
[16.847s][info][gc,metaspace] GC(23) Metaspace: 11220K(11584K)->11220K(11584K) NonClass: 9419K(9600K)->9419K(9600K) Class: 1800K(1984K)->1800K(1984K)
[16.848s][info][gc          ] GC(23) Pause Full (System.gc()) 1445M->1445M(5614M) 537.487ms
[17.428s][info][gc,metaspace] GC(24) Metaspace: 11220K(11584K)->11220K(11584K) NonClass: 9419K(9600K)->9419K(9600K) Class: 1800K(1984K)->1800K(1984K)
[17.428s][info][gc          ] GC(24) Pause Full (System.gc()) 1445M->1445M(5614M) 580.399ms
[17.963s][info][gc,metaspace] GC(25) Metaspace: 11220K(11584K)->11220K(11584K) NonClass: 9419K(9600K)->9419K(9600K) Class: 1800K(1984K)->1800K(1984K)
[17.963s][info][gc          ] GC(25) Pause Full (System.gc()) 1445M->1445M(5614M) 534.756ms
[18.501s][info][gc,metaspace] GC(26) Metaspace: 11220K(11584K)->11220K(11584K) NonClass: 9419K(9600K)->9419K(9600K) Class: 1800K(1984K)->1800K(1984K)
[18.501s][info][gc          ] GC(26) Pause Full (System.gc()) 1445M->1445M(5614M) 537.781ms
[19.031s][info][gc,metaspace] GC(27) Metaspace: 11220K(11584K)->11220K(11584K) NonClass: 9419K(9600K)->9419K(9600K) Class: 1800K(1984K)->1800K(1984K)
[19.031s][info][gc          ] GC(27) Pause Full (System.gc()) 1445M->1445M(5614M) 525.558ms
[19.589s][info][gc,metaspace] GC(28) Metaspace: 11220K(11584K)->11220K(11584K) NonClass: 9419K(9600K)->9419K(9600K) Class: 1800K(1984K)->1800K(1984K)
[19.589s][info][gc          ] GC(28) Pause Full (System.gc()) 1445M->1445M(5614M) 558.335ms
[20.123s][info][gc,metaspace] GC(29) Metaspace: 11220K(11584K)->11220K(11584K) NonClass: 9419K(9600K)->9419K(9600K) Class: 1800K(1984K)->1800K(1984K)
[20.123s][info][gc          ] GC(29) Pause Full (System.gc()) 1445M->1445M(5614M) 534.227ms
[20.688s][info][gc,metaspace] GC(30) Metaspace: 11220K(11584K)->11220K(11584K) NonClass: 9419K(9600K)->9419K(9600K) Class: 1800K(1984K)->1800K(1984K)
[20.688s][info][gc          ] GC(30) Pause Full (System.gc()) 1445M->1445M(5614M) 564.798ms
[21.218s][info][gc,metaspace] GC(31) Metaspace: 11220K(11584K)->11220K(11584K) NonClass: 9419K(9600K)->9419K(9600K) Class: 1800K(1984K)->1800K(1984K)
[21.218s][info][gc          ] GC(31) Pause Full (System.gc()) 1445M->1445M(5614M) 529.644ms
[21.788s][info][gc,metaspace] GC(32) Metaspace: 11220K(11584K)->11220K(11584K) NonClass: 9419K(9600K)->9419K(9600K) Class: 1800K(1984K)->1800K(1984K)
[21.788s][info][gc          ] GC(32) Pause Full (System.gc()) 1445M->1445M(5614M) 569.806ms
[22.422s][info][gc,metaspace] GC(33) Metaspace: 11220K(11584K)->11220K(11584K) NonClass: 9419K(9600K)->9419K(9600K) Class: 1800K(1984K)->1800K(1984K)
[22.422s][info][gc          ] GC(33) Pause Full (System.gc()) 1445M->1445M(5614M) 634.382ms
[22.959s][info][gc,metaspace] GC(34) Metaspace: 11220K(11584K)->11220K(11584K) NonClass: 9419K(9600K)->9419K(9600K) Class: 1800K(1984K)->1800K(1984K)
[22.959s][info][gc          ] GC(34) Pause Full (System.gc()) 1445M->1445M(5614M) 536.592ms
[23.498s][info][gc,metaspace] GC(35) Metaspace: 11220K(11584K)->11220K(11584K) NonClass: 9419K(9600K)->9419K(9600K) Class: 1800K(1984K)->1800K(1984K)
[23.498s][info][gc          ] GC(35) Pause Full (System.gc()) 1445M->1445M(5614M) 538.462ms
[24.025s][info][gc,metaspace] GC(36) Metaspace: 11220K(11584K)->11220K(11584K) NonClass: 9419K(9600K)->9419K(9600K) Class: 1800K(1984K)->1800K(1984K)
[24.025s][info][gc          ] GC(36) Pause Full (System.gc()) 1445M->1445M(5614M) 527.135ms
[24.591s][info][gc,metaspace] GC(37) Metaspace: 11220K(11584K)->11220K(11584K) NonClass: 9419K(9600K)->9419K(9600K) Class: 1800K(1984K)->1800K(1984K)
[24.592s][info][gc          ] GC(37) Pause Full (System.gc()) 1445M->1445M(5614M) 562.317ms
[25.125s][info][gc,metaspace] GC(38) Metaspace: 11220K(11584K)->11220K(11584K) NonClass: 9419K(9600K)->9419K(9600K) Class: 1800K(1984K)->1800K(1984K)
[25.125s][info][gc          ] GC(38) Pause Full (System.gc()) 1445M->1445M(5614M) 533.824ms
[25.683s][info][gc,metaspace] GC(39) Metaspace: 11220K(11584K)->11220K(11584K) NonClass: 9419K(9600K)->9419K(9600K) Class: 1800K(1984K)->1800K(1984K)
[25.683s][info][gc          ] GC(39) Pause Full (System.gc()) 1445M->1445M(5614M) 557.993ms
[26.213s][info][gc,metaspace] GC(40) Metaspace: 11220K(11584K)->11220K(11584K) NonClass: 9419K(9600K)->9419K(9600K) Class: 1800K(1984K)->1800K(1984K)
[26.213s][info][gc          ] GC(40) Pause Full (System.gc()) 1445M->1445M(5614M) 529.835ms
[26.774s][info][gc,metaspace] GC(41) Metaspace: 11220K(11584K)->11220K(11584K) NonClass: 9419K(9600K)->9419K(9600K) Class: 1800K(1984K)->1800K(1984K)
[26.774s][info][gc          ] GC(41) Pause Full (System.gc()) 1445M->1445M(5614M) 560.192ms
[27.347s][info][gc,metaspace] GC(42) Metaspace: 11220K(11584K)->11220K(11584K) NonClass: 9419K(9600K)->9419K(9600K) Class: 1800K(1984K)->1800K(1984K)
[27.347s][info][gc          ] GC(42) Pause Full (System.gc()) 1445M->1445M(5614M) 573.653ms
[27.877s][info][gc,metaspace] GC(43) Metaspace: 11220K(11584K)->11220K(11584K) NonClass: 9419K(9600K)->9419K(9600K) Class: 1800K(1984K)->1800K(1984K)
[27.877s][info][gc          ] GC(43) Pause Full (System.gc()) 1445M->1445M(5614M) 529.571ms
[28.434s][info][gc,metaspace] GC(44) Metaspace: 11220K(11584K)->11220K(11584K) NonClass: 9419K(9600K)->9419K(9600K) Class: 1800K(1984K)->1800K(1984K)
[28.434s][info][gc          ] GC(44) Pause Full (System.gc()) 1445M->1445M(5614M) 557.111ms
[28.965s][info][gc,metaspace] GC(45) Metaspace: 11220K(11584K)->11220K(11584K) NonClass: 9419K(9600K)->9419K(9600K) Class: 1800K(1984K)->1800K(1984K)
[28.965s][info][gc          ] GC(45) Pause Full (System.gc()) 1445M->1445M(5614M) 530.358ms
[29.520s][info][gc,metaspace] GC(46) Metaspace: 11220K(11584K)->11220K(11584K) NonClass: 9419K(9600K)->9419K(9600K) Class: 1800K(1984K)->1800K(1984K)
[29.521s][info][gc          ] GC(46) Pause Full (System.gc()) 1445M->1445M(5614M) 555.715ms
[30.052s][info][gc,metaspace] GC(47) Metaspace: 11220K(11584K)->11220K(11584K) NonClass: 9419K(9600K)->9419K(9600K) Class: 1800K(1984K)->1800K(1984K)
[30.052s][info][gc          ] GC(47) Pause Full (System.gc()) 1445M->1445M(5614M) 527.069ms
[30.627s][info][gc,metaspace] GC(48) Metaspace: 11220K(11584K)->11220K(11584K) NonClass: 9419K(9600K)->9419K(9600K) Class: 1800K(1984K)->1800K(1984K)
[30.627s][info][gc          ] GC(48) Pause Full (System.gc()) 1445M->1445M(5614M) 575.221ms
[31.157s][info][gc,metaspace] GC(49) Metaspace: 11220K(11584K)->11220K(11584K) NonClass: 9419K(9600K)->9419K(9600K) Class: 1800K(1984K)->1800K(1984K)
[31.157s][info][gc          ] GC(49) Pause Full (System.gc()) 1445M->1445M(5614M) 529.296ms
[31.716s][info][gc,metaspace] GC(50) Metaspace: 11220K(11584K)->11220K(11584K) NonClass: 9419K(9600K)->9419K(9600K) Class: 1800K(1984K)->1800K(1984K)
[31.716s][info][gc          ] GC(50) Pause Full (System.gc()) 1445M->1445M(5614M) 559.531ms
[32.293s][info][gc,metaspace] GC(51) Metaspace: 11220K(11584K)->11220K(11584K) NonClass: 9419K(9600K)->9419K(9600K) Class: 1800K(1984K)->1800K(1984K)
[32.293s][info][gc          ] GC(51) Pause Full (System.gc()) 1445M->1445M(5614M) 576.766ms
[32.827s][info][gc,metaspace] GC(52) Metaspace: 11220K(11584K)->11220K(11584K) NonClass: 9419K(9600K)->9419K(9600K) Class: 1800K(1984K)->1800K(1984K)
[32.827s][info][gc          ] GC(52) Pause Full (System.gc()) 1445M->1445M(5614M) 533.708ms
[33.381s][info][gc,metaspace] GC(53) Metaspace: 11220K(11584K)->11220K(11584K) NonClass: 9419K(9600K)->9419K(9600K) Class: 1800K(1984K)->1800K(1984K)
[33.381s][info][gc          ] GC(53) Pause Full (System.gc()) 1445M->1445M(5614M) 554.264ms
[33.911s][info][gc,metaspace] GC(54) Metaspace: 11220K(11584K)->11220K(11584K) NonClass: 9419K(9600K)->9419K(9600K) Class: 1800K(1984K)->1800K(1984K)
[33.911s][info][gc          ] GC(54) Pause Full (System.gc()) 1445M->1445M(5614M) 530.026ms
[34.475s][info][gc,metaspace] GC(55) Metaspace: 11220K(11584K)->11220K(11584K) NonClass: 9419K(9600K)->9419K(9600K) Class: 1800K(1984K)->1800K(1984K)
[34.475s][info][gc          ] GC(55) Pause Full (System.gc()) 1445M->1445M(5614M) 563.667ms
[34.998s][info][gc,metaspace] GC(56) Metaspace: 11220K(11584K)->11220K(11584K) NonClass: 9419K(9600K)->9419K(9600K) Class: 1800K(1984K)->1800K(1984K)
[34.998s][info][gc          ] GC(56) Pause Full (System.gc()) 1445M->1445M(5614M) 522.877ms
[35.569s][info][gc,metaspace] GC(57) Metaspace: 11220K(11584K)->11220K(11584K) NonClass: 9419K(9600K)->9419K(9600K) Class: 1800K(1984K)->1800K(1984K)
[35.569s][info][gc          ] GC(57) Pause Full (System.gc()) 1445M->1445M(5614M) 566.906ms
[36.094s][info][gc,metaspace] GC(58) Metaspace: 11220K(11584K)->11220K(11584K) NonClass: 9419K(9600K)->9419K(9600K) Class: 1800K(1984K)->1800K(1984K)
[36.094s][info][gc          ] GC(58) Pause Full (System.gc()) 1445M->1445M(5614M) 525.076ms
[36.658s][info][gc,metaspace] GC(59) Metaspace: 11220K(11584K)->11220K(11584K) NonClass: 9419K(9600K)->9419K(9600K) Class: 1800K(1984K)->1800K(1984K)
[36.658s][info][gc          ] GC(59) Pause Full (System.gc()) 1445M->1445M(5614M) 563.214ms
[37.186s][info][gc,metaspace] GC(60) Metaspace: 11220K(11584K)->11220K(11584K) NonClass: 9419K(9600K)->9419K(9600K) Class: 1800K(1984K)->1800K(1984K)
[37.186s][info][gc          ] GC(60) Pause Full (System.gc()) 1445M->1445M(5614M) 528.264ms
[37.752s][info][gc,metaspace] GC(61) Metaspace: 11220K(11584K)->11220K(11584K) NonClass: 9419K(9600K)->9419K(9600K) Class: 1800K(1984K)->1800K(1984K)
[37.752s][info][gc          ] GC(61) Pause Full (System.gc()) 1445M->1445M(5614M) 566.165ms
[38.331s][info][gc,metaspace] GC(62) Metaspace: 11220K(11584K)->11220K(11584K) NonClass: 9419K(9600K)->9419K(9600K) Class: 1800K(1984K)->1800K(1984K)
[38.331s][info][gc          ] GC(62) Pause Full (System.gc()) 1445M->1445M(5614M) 578.959ms
After GCs... 
