[0.001s][info][metaspace]  - commit_granule_bytes: 65536.
[0.001s][info][metaspace]  - commit_granule_words: 8192.
[0.001s][info][metaspace]  - virtual_space_node_default_size: 8388608.
[0.001s][info][metaspace]  - enlarge_chunks_in_place: 1.
[0.001s][info][metaspace]  - use_allocation_guard: 0.
[0.003s][info][gc       ] Using Parallel
[0.374s][info][metaspace] Reserving compressed class space anywhere
[0.374s][info][gc,metaspace] CDS archive(s) not mapped
[0.374s][info][gc,metaspace] Compressed class space mapped at: 0x0000000012000000-0x00000000d2000000, reserved size: 3221225472
[0.374s][info][gc,metaspace] UseCompressedClassPointers 1, UseCompactObjectHeaders 1, UseKlassTable 0, narrow klass pointer bits 26, max shift 6
[0.374s][info][gc,metaspace] Narrow klass base: 0x0000000012000000, Narrow klass shift: 6, Narrow klass range: 0xc0000000
Num Classes: 256
Num Objects per Class: 262144
Cycles: 100
Class association: random
Generate 256 classes...
Loading 256...[1.964s][info][gc,metaspace] GC(0) Metaspace: 23041K(23488K)->23041K(23488K) NonClass: 20434K(20672K)->20434K(20672K) Class: 2606K(2816K)->2606K(2816K)
[1.964s][info][gc          ] GC(0) Pause Young (System.gc()) 1136M->3M(5888M) 6.592ms
[1.977s][info][gc,metaspace] GC(1) Metaspace: 23041K(23488K)->23041K(23488K) NonClass: 20434K(20672K)->20434K(20672K) Class: 2606K(2816K)->2606K(2816K)
[1.977s][info][gc          ] GC(1) Pause Full (System.gc()) 3M->3M(5888M) 12.579ms
Creating 262144 objects per class...
Done; will start GCs... 
[7.618s][info][gc,metaspace] GC(2) Metaspace: 23985K(24640K)->23985K(24640K) NonClass: 21247K(21568K)->21247K(21568K) Class: 2738K(3072K)->2738K(3072K)
[7.618s][info][gc          ] GC(2) Pause Young (System.gc()) 841M->771M(5888M) 2184.920ms
[9.898s][info][gc,metaspace] GC(3) Metaspace: 23985K(24640K)->23985K(24640K) NonClass: 21247K(21568K)->21247K(21568K) Class: 2738K(3072K)->2738K(3072K)
[9.898s][info][gc          ] GC(3) Pause Full (System.gc()) 771M->771M(5888M) 2279.290ms
[9.898s][info][gc,metaspace] GC(4) Metaspace: 23985K(24640K)->23985K(24640K) NonClass: 21247K(21568K)->21247K(21568K) Class: 2738K(3072K)->2738K(3072K)
[9.898s][info][gc          ] GC(4) Pause Young (System.gc()) 771M->771M(5888M) 0.518ms
[10.515s][info][gc,metaspace] GC(5) Metaspace: 23985K(24640K)->23985K(24640K) NonClass: 21247K(21568K)->21247K(21568K) Class: 2738K(3072K)->2738K(3072K)
[10.515s][info][gc          ] GC(5) Pause Full (System.gc()) 771M->771M(5888M) 616.210ms
[10.520s][info][gc,metaspace] GC(6) Metaspace: 23985K(24640K)->23985K(24640K) NonClass: 21247K(21568K)->21247K(21568K) Class: 2738K(3072K)->2738K(3072K)
[10.520s][info][gc          ] GC(6) Pause Young (System.gc()) 771M->771M(5888M) 0.495ms
[11.168s][info][gc,metaspace] GC(7) Metaspace: 23985K(24640K)->23985K(24640K) NonClass: 21247K(21568K)->21247K(21568K) Class: 2738K(3072K)->2738K(3072K)
[11.168s][info][gc          ] GC(7) Pause Full (System.gc()) 771M->771M(5888M) 648.830ms
[11.169s][info][gc,metaspace] GC(8) Metaspace: 23985K(24640K)->23985K(24640K) NonClass: 21247K(21568K)->21247K(21568K) Class: 2738K(3072K)->2738K(3072K)
[11.169s][info][gc          ] GC(8) Pause Young (System.gc()) 771M->771M(5888M) 0.824ms
[11.797s][info][gc,metaspace] GC(9) Metaspace: 23985K(24640K)->23985K(24640K) NonClass: 21247K(21568K)->21247K(21568K) Class: 2738K(3072K)->2738K(3072K)
[11.797s][info][gc          ] GC(9) Pause Full (System.gc()) 771M->771M(5888M) 627.827ms
[11.798s][info][gc,metaspace] GC(10) Metaspace: 23985K(24640K)->23985K(24640K) NonClass: 21247K(21568K)->21247K(21568K) Class: 2738K(3072K)->2738K(3072K)
[11.798s][info][gc          ] GC(10) Pause Young (System.gc()) 771M->771M(5888M) 0.488ms
[12.437s][info][gc,metaspace] GC(11) Metaspace: 23985K(24640K)->23985K(24640K) NonClass: 21247K(21568K)->21247K(21568K) Class: 2738K(3072K)->2738K(3072K)
[12.437s][info][gc          ] GC(11) Pause Full (System.gc()) 771M->771M(5888M) 639.455ms
[12.438s][info][gc,metaspace] GC(12) Metaspace: 23985K(24640K)->23985K(24640K) NonClass: 21247K(21568K)->21247K(21568K) Class: 2738K(3072K)->2738K(3072K)
[12.438s][info][gc          ] GC(12) Pause Young (System.gc()) 771M->771M(5888M) 0.501ms
[13.054s][info][gc,metaspace] GC(13) Metaspace: 23985K(24640K)->23985K(24640K) NonClass: 21247K(21568K)->21247K(21568K) Class: 2738K(3072K)->2738K(3072K)
[13.054s][info][gc          ] GC(13) Pause Full (System.gc()) 771M->771M(5888M) 616.374ms
[13.055s][info][gc,metaspace] GC(14) Metaspace: 23985K(24640K)->23985K(24640K) NonClass: 21247K(21568K)->21247K(21568K) Class: 2738K(3072K)->2738K(3072K)
[13.055s][info][gc          ] GC(14) Pause Young (System.gc()) 771M->771M(5888M) 0.852ms
[13.679s][info][gc,metaspace] GC(15) Metaspace: 23985K(24640K)->23985K(24640K) NonClass: 21247K(21568K)->21247K(21568K) Class: 2738K(3072K)->2738K(3072K)
[13.679s][info][gc          ] GC(15) Pause Full (System.gc()) 771M->771M(5888M) 623.909ms
[13.680s][info][gc,metaspace] GC(16) Metaspace: 23985K(24640K)->23985K(24640K) NonClass: 21247K(21568K)->21247K(21568K) Class: 2738K(3072K)->2738K(3072K)
[13.680s][info][gc          ] GC(16) Pause Young (System.gc()) 771M->771M(5888M) 0.503ms
[14.308s][info][gc,metaspace] GC(17) Metaspace: 23985K(24640K)->23985K(24640K) NonClass: 21247K(21568K)->21247K(21568K) Class: 2738K(3072K)->2738K(3072K)
[14.308s][info][gc          ] GC(17) Pause Full (System.gc()) 771M->771M(5888M) 628.389ms
[14.309s][info][gc,metaspace] GC(18) Metaspace: 23986K(24640K)->23986K(24640K) NonClass: 21248K(21568K)->21248K(21568K) Class: 2738K(3072K)->2738K(3072K)
[14.309s][info][gc          ] GC(18) Pause Young (System.gc()) 771M->771M(5888M) 0.752ms
[14.941s][info][gc,metaspace] GC(19) Metaspace: 23986K(24640K)->23986K(24640K) NonClass: 21248K(21568K)->21248K(21568K) Class: 2738K(3072K)->2738K(3072K)
[14.941s][info][gc          ] GC(19) Pause Full (System.gc()) 771M->771M(5888M) 632.026ms
[14.942s][info][gc,metaspace] GC(20) Metaspace: 23986K(24640K)->23986K(24640K) NonClass: 21248K(21568K)->21248K(21568K) Class: 2738K(3072K)->2738K(3072K)
[14.942s][info][gc          ] GC(20) Pause Young (System.gc()) 771M->771M(5888M) 0.466ms
[15.568s][info][gc,metaspace] GC(21) Metaspace: 23986K(24640K)->23986K(24640K) NonClass: 21248K(21568K)->21248K(21568K) Class: 2738K(3072K)->2738K(3072K)
[15.568s][info][gc          ] GC(21) Pause Full (System.gc()) 771M->771M(5888M) 626.186ms
[15.573s][info][gc,metaspace] GC(22) Metaspace: 23986K(24640K)->23986K(24640K) NonClass: 21248K(21568K)->21248K(21568K) Class: 2738K(3072K)->2738K(3072K)
[15.573s][info][gc          ] GC(22) Pause Young (System.gc()) 771M->771M(5888M) 0.457ms
[16.196s][info][gc,metaspace] GC(23) Metaspace: 23986K(24640K)->23986K(24640K) NonClass: 21248K(21568K)->21248K(21568K) Class: 2738K(3072K)->2738K(3072K)
[16.196s][info][gc          ] GC(23) Pause Full (System.gc()) 771M->771M(5888M) 622.730ms
[16.196s][info][gc,metaspace] GC(24) Metaspace: 23986K(24640K)->23986K(24640K) NonClass: 21248K(21568K)->21248K(21568K) Class: 2738K(3072K)->2738K(3072K)
[16.196s][info][gc          ] GC(24) Pause Young (System.gc()) 771M->771M(5888M) 0.514ms
[16.798s][info][gc,metaspace] GC(25) Metaspace: 23986K(24640K)->23986K(24640K) NonClass: 21248K(21568K)->21248K(21568K) Class: 2738K(3072K)->2738K(3072K)
[16.798s][info][gc          ] GC(25) Pause Full (System.gc()) 771M->771M(5888M) 602.091ms
[16.799s][info][gc,metaspace] GC(26) Metaspace: 23986K(24640K)->23986K(24640K) NonClass: 21248K(21568K)->21248K(21568K) Class: 2738K(3072K)->2738K(3072K)
[16.799s][info][gc          ] GC(26) Pause Young (System.gc()) 771M->771M(5888M) 0.477ms
[17.411s][info][gc,metaspace] GC(27) Metaspace: 23986K(24640K)->23986K(24640K) NonClass: 21248K(21568K)->21248K(21568K) Class: 2738K(3072K)->2738K(3072K)
[17.411s][info][gc          ] GC(27) Pause Full (System.gc()) 771M->771M(5888M) 611.910ms
[17.412s][info][gc,metaspace] GC(28) Metaspace: 23986K(24640K)->23986K(24640K) NonClass: 21248K(21568K)->21248K(21568K) Class: 2738K(3072K)->2738K(3072K)
[17.412s][info][gc          ] GC(28) Pause Young (System.gc()) 771M->771M(5888M) 0.834ms
[18.049s][info][gc,metaspace] GC(29) Metaspace: 23986K(24640K)->23986K(24640K) NonClass: 21248K(21568K)->21248K(21568K) Class: 2738K(3072K)->2738K(3072K)
[18.049s][info][gc          ] GC(29) Pause Full (System.gc()) 771M->771M(5888M) 636.776ms
[18.049s][info][gc,metaspace] GC(30) Metaspace: 23986K(24640K)->23986K(24640K) NonClass: 21248K(21568K)->21248K(21568K) Class: 2738K(3072K)->2738K(3072K)
[18.050s][info][gc          ] GC(30) Pause Young (System.gc()) 771M->771M(5888M) 0.493ms
[18.664s][info][gc,metaspace] GC(31) Metaspace: 23986K(24640K)->23986K(24640K) NonClass: 21248K(21568K)->21248K(21568K) Class: 2738K(3072K)->2738K(3072K)
[18.664s][info][gc          ] GC(31) Pause Full (System.gc()) 771M->771M(5888M) 614.379ms
[18.664s][info][gc,metaspace] GC(32) Metaspace: 23986K(24640K)->23986K(24640K) NonClass: 21248K(21568K)->21248K(21568K) Class: 2738K(3072K)->2738K(3072K)
[18.665s][info][gc          ] GC(32) Pause Young (System.gc()) 771M->771M(5888M) 0.471ms
[19.286s][info][gc,metaspace] GC(33) Metaspace: 23986K(24640K)->23986K(24640K) NonClass: 21248K(21568K)->21248K(21568K) Class: 2738K(3072K)->2738K(3072K)
[19.286s][info][gc          ] GC(33) Pause Full (System.gc()) 771M->771M(5888M) 621.447ms
[19.287s][info][gc,metaspace] GC(34) Metaspace: 23986K(24640K)->23986K(24640K) NonClass: 21248K(21568K)->21248K(21568K) Class: 2738K(3072K)->2738K(3072K)
[19.287s][info][gc          ] GC(34) Pause Young (System.gc()) 771M->771M(5888M) 0.463ms
[19.898s][info][gc,metaspace] GC(35) Metaspace: 23986K(24640K)->23986K(24640K) NonClass: 21248K(21568K)->21248K(21568K) Class: 2738K(3072K)->2738K(3072K)
[19.898s][info][gc          ] GC(35) Pause Full (System.gc()) 771M->771M(5888M) 611.771ms
[19.899s][info][gc,metaspace] GC(36) Metaspace: 23986K(24640K)->23986K(24640K) NonClass: 21248K(21568K)->21248K(21568K) Class: 2738K(3072K)->2738K(3072K)
[19.899s][info][gc          ] GC(36) Pause Young (System.gc()) 771M->771M(5888M) 0.733ms
[20.531s][info][gc,metaspace] GC(37) Metaspace: 23986K(24640K)->23986K(24640K) NonClass: 21248K(21568K)->21248K(21568K) Class: 2738K(3072K)->2738K(3072K)
[20.531s][info][gc          ] GC(37) Pause Full (System.gc()) 771M->771M(5888M) 631.588ms
[20.531s][info][gc,metaspace] GC(38) Metaspace: 23986K(24640K)->23986K(24640K) NonClass: 21248K(21568K)->21248K(21568K) Class: 2738K(3072K)->2738K(3072K)
[20.532s][info][gc          ] GC(38) Pause Young (System.gc()) 771M->771M(5888M) 0.596ms
[21.152s][info][gc,metaspace] GC(39) Metaspace: 23986K(24640K)->23986K(24640K) NonClass: 21248K(21568K)->21248K(21568K) Class: 2738K(3072K)->2738K(3072K)
[21.152s][info][gc          ] GC(39) Pause Full (System.gc()) 771M->771M(5888M) 620.001ms
[21.156s][info][gc,metaspace] GC(40) Metaspace: 23986K(24640K)->23986K(24640K) NonClass: 21248K(21568K)->21248K(21568K) Class: 2738K(3072K)->2738K(3072K)
[21.156s][info][gc          ] GC(40) Pause Young (System.gc()) 771M->771M(5888M) 0.437ms
[21.779s][info][gc,metaspace] GC(41) Metaspace: 23986K(24640K)->23986K(24640K) NonClass: 21248K(21568K)->21248K(21568K) Class: 2738K(3072K)->2738K(3072K)
[21.779s][info][gc          ] GC(41) Pause Full (System.gc()) 771M->771M(5888M) 622.696ms
[21.780s][info][gc,metaspace] GC(42) Metaspace: 23986K(24640K)->23986K(24640K) NonClass: 21248K(21568K)->21248K(21568K) Class: 2738K(3072K)->2738K(3072K)
[21.780s][info][gc          ] GC(42) Pause Young (System.gc()) 771M->771M(5888M) 0.449ms
[22.397s][info][gc,metaspace] GC(43) Metaspace: 23986K(24640K)->23986K(24640K) NonClass: 21248K(21568K)->21248K(21568K) Class: 2738K(3072K)->2738K(3072K)
[22.397s][info][gc          ] GC(43) Pause Full (System.gc()) 771M->771M(5888M) 616.992ms
[22.397s][info][gc,metaspace] GC(44) Metaspace: 23986K(24640K)->23986K(24640K) NonClass: 21248K(21568K)->21248K(21568K) Class: 2738K(3072K)->2738K(3072K)
[22.397s][info][gc          ] GC(44) Pause Young (System.gc()) 771M->771M(5888M) 0.448ms
[23.018s][info][gc,metaspace] GC(45) Metaspace: 23986K(24640K)->23986K(24640K) NonClass: 21248K(21568K)->21248K(21568K) Class: 2738K(3072K)->2738K(3072K)
[23.018s][info][gc          ] GC(45) Pause Full (System.gc()) 771M->771M(5888M) 620.323ms
[23.018s][info][gc,metaspace] GC(46) Metaspace: 23986K(24640K)->23986K(24640K) NonClass: 21248K(21568K)->21248K(21568K) Class: 2738K(3072K)->2738K(3072K)
[23.018s][info][gc          ] GC(46) Pause Young (System.gc()) 771M->771M(5888M) 0.503ms
[23.726s][info][gc,metaspace] GC(47) Metaspace: 23986K(24640K)->23986K(24640K) NonClass: 21248K(21568K)->21248K(21568K) Class: 2738K(3072K)->2738K(3072K)
[23.727s][info][gc          ] GC(47) Pause Full (System.gc()) 771M->771M(5888M) 708.298ms
[23.727s][info][gc,metaspace] GC(48) Metaspace: 23986K(24640K)->23986K(24640K) NonClass: 21248K(21568K)->21248K(21568K) Class: 2738K(3072K)->2738K(3072K)
[23.727s][info][gc          ] GC(48) Pause Young (System.gc()) 771M->771M(5888M) 0.522ms
[24.344s][info][gc,metaspace] GC(49) Metaspace: 23986K(24640K)->23986K(24640K) NonClass: 21248K(21568K)->21248K(21568K) Class: 2738K(3072K)->2738K(3072K)
[24.344s][info][gc          ] GC(49) Pause Full (System.gc()) 771M->771M(5888M) 617.178ms
[24.345s][info][gc,metaspace] GC(50) Metaspace: 23986K(24640K)->23986K(24640K) NonClass: 21248K(21568K)->21248K(21568K) Class: 2738K(3072K)->2738K(3072K)
[24.345s][info][gc          ] GC(50) Pause Young (System.gc()) 771M->771M(5888M) 0.460ms
[24.970s][info][gc,metaspace] GC(51) Metaspace: 23986K(24640K)->23986K(24640K) NonClass: 21248K(21568K)->21248K(21568K) Class: 2738K(3072K)->2738K(3072K)
[24.970s][info][gc          ] GC(51) Pause Full (System.gc()) 771M->771M(5888M) 625.205ms
[24.971s][info][gc,metaspace] GC(52) Metaspace: 23986K(24640K)->23986K(24640K) NonClass: 21248K(21568K)->21248K(21568K) Class: 2738K(3072K)->2738K(3072K)
[24.971s][info][gc          ] GC(52) Pause Young (System.gc()) 771M->771M(5888M) 0.443ms
[25.580s][info][gc,metaspace] GC(53) Metaspace: 23986K(24640K)->23986K(24640K) NonClass: 21248K(21568K)->21248K(21568K) Class: 2738K(3072K)->2738K(3072K)
[25.580s][info][gc          ] GC(53) Pause Full (System.gc()) 771M->771M(5888M) 609.202ms
[25.581s][info][gc,metaspace] GC(54) Metaspace: 23986K(24640K)->23986K(24640K) NonClass: 21248K(21568K)->21248K(21568K) Class: 2738K(3072K)->2738K(3072K)
[25.581s][info][gc          ] GC(54) Pause Young (System.gc()) 771M->771M(5888M) 0.791ms
[26.191s][info][gc,metaspace] GC(55) Metaspace: 23986K(24640K)->23986K(24640K) NonClass: 21248K(21568K)->21248K(21568K) Class: 2738K(3072K)->2738K(3072K)
[26.191s][info][gc          ] GC(55) Pause Full (System.gc()) 771M->771M(5888M) 609.612ms
[26.195s][info][gc,metaspace] GC(56) Metaspace: 23986K(24640K)->23986K(24640K) NonClass: 21248K(21568K)->21248K(21568K) Class: 2738K(3072K)->2738K(3072K)
[26.195s][info][gc          ] GC(56) Pause Young (System.gc()) 771M->771M(5888M) 0.470ms
[27.027s][info][gc,metaspace] GC(57) Metaspace: 23986K(24640K)->23986K(24640K) NonClass: 21248K(21568K)->21248K(21568K) Class: 2738K(3072K)->2738K(3072K)
[27.027s][info][gc          ] GC(57) Pause Full (System.gc()) 771M->771M(5888M) 831.452ms
[27.027s][info][gc,metaspace] GC(58) Metaspace: 23986K(24640K)->23986K(24640K) NonClass: 21248K(21568K)->21248K(21568K) Class: 2738K(3072K)->2738K(3072K)
[27.028s][info][gc          ] GC(58) Pause Young (System.gc()) 771M->771M(5888M) 0.444ms
[27.637s][info][gc,metaspace] GC(59) Metaspace: 23986K(24640K)->23986K(24640K) NonClass: 21248K(21568K)->21248K(21568K) Class: 2738K(3072K)->2738K(3072K)
[27.637s][info][gc          ] GC(59) Pause Full (System.gc()) 771M->771M(5888M) 609.631ms
[27.638s][info][gc,metaspace] GC(60) Metaspace: 23986K(24640K)->23986K(24640K) NonClass: 21248K(21568K)->21248K(21568K) Class: 2738K(3072K)->2738K(3072K)
[27.638s][info][gc          ] GC(60) Pause Young (System.gc()) 771M->771M(5888M) 0.520ms
[28.251s][info][gc,metaspace] GC(61) Metaspace: 23986K(24640K)->23986K(24640K) NonClass: 21248K(21568K)->21248K(21568K) Class: 2738K(3072K)->2738K(3072K)
[28.251s][info][gc          ] GC(61) Pause Full (System.gc()) 771M->771M(5888M) 613.435ms
[28.252s][info][gc,metaspace] GC(62) Metaspace: 23986K(24640K)->23986K(24640K) NonClass: 21248K(21568K)->21248K(21568K) Class: 2738K(3072K)->2738K(3072K)
[28.252s][info][gc          ] GC(62) Pause Young (System.gc()) 771M->771M(5888M) 0.483ms
[28.895s][info][gc,metaspace] GC(63) Metaspace: 23986K(24640K)->23986K(24640K) NonClass: 21248K(21568K)->21248K(21568K) Class: 2738K(3072K)->2738K(3072K)
[28.895s][info][gc          ] GC(63) Pause Full (System.gc()) 771M->771M(5888M) 643.575ms
[28.896s][info][gc,metaspace] GC(64) Metaspace: 23986K(24640K)->23986K(24640K) NonClass: 21248K(21568K)->21248K(21568K) Class: 2738K(3072K)->2738K(3072K)
[28.896s][info][gc          ] GC(64) Pause Young (System.gc()) 771M->771M(5888M) 0.722ms
[29.511s][info][gc,metaspace] GC(65) Metaspace: 23986K(24640K)->23986K(24640K) NonClass: 21248K(21568K)->21248K(21568K) Class: 2738K(3072K)->2738K(3072K)
[29.511s][info][gc          ] GC(65) Pause Full (System.gc()) 771M->771M(5888M) 615.054ms
[29.512s][info][gc,metaspace] GC(66) Metaspace: 23986K(24640K)->23986K(24640K) NonClass: 21248K(21568K)->21248K(21568K) Class: 2738K(3072K)->2738K(3072K)
[29.512s][info][gc          ] GC(66) Pause Young (System.gc()) 771M->771M(5888M) 0.586ms
[30.134s][info][gc,metaspace] GC(67) Metaspace: 23986K(24640K)->23986K(24640K) NonClass: 21248K(21568K)->21248K(21568K) Class: 2738K(3072K)->2738K(3072K)
[30.134s][info][gc          ] GC(67) Pause Full (System.gc()) 771M->771M(5888M) 621.496ms
[30.134s][info][gc,metaspace] GC(68) Metaspace: 23986K(24640K)->23986K(24640K) NonClass: 21248K(21568K)->21248K(21568K) Class: 2738K(3072K)->2738K(3072K)
[30.134s][info][gc          ] GC(68) Pause Young (System.gc()) 771M->771M(5888M) 0.487ms
[30.742s][info][gc,metaspace] GC(69) Metaspace: 23986K(24640K)->23986K(24640K) NonClass: 21248K(21568K)->21248K(21568K) Class: 2738K(3072K)->2738K(3072K)
[30.742s][info][gc          ] GC(69) Pause Full (System.gc()) 771M->771M(5888M) 607.899ms
[30.743s][info][gc,metaspace] GC(70) Metaspace: 23986K(24640K)->23986K(24640K) NonClass: 21248K(21568K)->21248K(21568K) Class: 2738K(3072K)->2738K(3072K)
[30.743s][info][gc          ] GC(70) Pause Young (System.gc()) 771M->771M(5888M) 0.498ms
[31.342s][info][gc,metaspace] GC(71) Metaspace: 23986K(24640K)->23986K(24640K) NonClass: 21248K(21568K)->21248K(21568K) Class: 2738K(3072K)->2738K(3072K)
[31.342s][info][gc          ] GC(71) Pause Full (System.gc()) 771M->771M(5888M) 599.002ms
[31.347s][info][gc,metaspace] GC(72) Metaspace: 23986K(24640K)->23986K(24640K) NonClass: 21248K(21568K)->21248K(21568K) Class: 2738K(3072K)->2738K(3072K)
[31.347s][info][gc          ] GC(72) Pause Young (System.gc()) 771M->771M(5888M) 0.462ms
[31.967s][info][gc,metaspace] GC(73) Metaspace: 23986K(24640K)->23986K(24640K) NonClass: 21248K(21568K)->21248K(21568K) Class: 2738K(3072K)->2738K(3072K)
[31.967s][info][gc          ] GC(73) Pause Full (System.gc()) 771M->771M(5888M) 620.759ms
[31.968s][info][gc,metaspace] GC(74) Metaspace: 23986K(24640K)->23986K(24640K) NonClass: 21248K(21568K)->21248K(21568K) Class: 2738K(3072K)->2738K(3072K)
[31.968s][info][gc          ] GC(74) Pause Young (System.gc()) 771M->771M(5888M) 0.497ms
[32.578s][info][gc,metaspace] GC(75) Metaspace: 23986K(24640K)->23986K(24640K) NonClass: 21248K(21568K)->21248K(21568K) Class: 2738K(3072K)->2738K(3072K)
[32.578s][info][gc          ] GC(75) Pause Full (System.gc()) 771M->771M(5888M) 610.468ms
[32.579s][info][gc,metaspace] GC(76) Metaspace: 23986K(24640K)->23986K(24640K) NonClass: 21248K(21568K)->21248K(21568K) Class: 2738K(3072K)->2738K(3072K)
[32.579s][info][gc          ] GC(76) Pause Young (System.gc()) 771M->771M(5888M) 0.469ms
[33.214s][info][gc,metaspace] GC(77) Metaspace: 23986K(24640K)->23986K(24640K) NonClass: 21248K(21568K)->21248K(21568K) Class: 2738K(3072K)->2738K(3072K)
[33.214s][info][gc          ] GC(77) Pause Full (System.gc()) 771M->771M(5888M) 634.673ms
[33.214s][info][gc,metaspace] GC(78) Metaspace: 23986K(24640K)->23986K(24640K) NonClass: 21248K(21568K)->21248K(21568K) Class: 2738K(3072K)->2738K(3072K)
[33.214s][info][gc          ] GC(78) Pause Young (System.gc()) 771M->771M(5888M) 0.514ms
[33.878s][info][gc,metaspace] GC(79) Metaspace: 23986K(24640K)->23986K(24640K) NonClass: 21248K(21568K)->21248K(21568K) Class: 2738K(3072K)->2738K(3072K)
[33.878s][info][gc          ] GC(79) Pause Full (System.gc()) 771M->771M(5888M) 663.943ms
[33.879s][info][gc,metaspace] GC(80) Metaspace: 23986K(24640K)->23986K(24640K) NonClass: 21248K(21568K)->21248K(21568K) Class: 2738K(3072K)->2738K(3072K)
[33.879s][info][gc          ] GC(80) Pause Young (System.gc()) 771M->771M(5888M) 0.588ms
[34.494s][info][gc,metaspace] GC(81) Metaspace: 23986K(24640K)->23986K(24640K) NonClass: 21248K(21568K)->21248K(21568K) Class: 2738K(3072K)->2738K(3072K)
[34.494s][info][gc          ] GC(81) Pause Full (System.gc()) 771M->771M(5888M) 614.742ms
[34.494s][info][gc,metaspace] GC(82) Metaspace: 23986K(24640K)->23986K(24640K) NonClass: 21248K(21568K)->21248K(21568K) Class: 2738K(3072K)->2738K(3072K)
[34.494s][info][gc          ] GC(82) Pause Young (System.gc()) 771M->771M(5888M) 0.602ms
[35.117s][info][gc,metaspace] GC(83) Metaspace: 23986K(24640K)->23986K(24640K) NonClass: 21248K(21568K)->21248K(21568K) Class: 2738K(3072K)->2738K(3072K)
[35.117s][info][gc          ] GC(83) Pause Full (System.gc()) 771M->771M(5888M) 622.825ms
[35.118s][info][gc,metaspace] GC(84) Metaspace: 23986K(24640K)->23986K(24640K) NonClass: 21248K(21568K)->21248K(21568K) Class: 2738K(3072K)->2738K(3072K)
[35.118s][info][gc          ] GC(84) Pause Young (System.gc()) 771M->771M(5888M) 0.482ms
[35.724s][info][gc,metaspace] GC(85) Metaspace: 23986K(24640K)->23986K(24640K) NonClass: 21248K(21568K)->21248K(21568K) Class: 2738K(3072K)->2738K(3072K)
[35.724s][info][gc          ] GC(85) Pause Full (System.gc()) 771M->771M(5888M) 606.013ms
[35.725s][info][gc,metaspace] GC(86) Metaspace: 23986K(24640K)->23986K(24640K) NonClass: 21248K(21568K)->21248K(21568K) Class: 2738K(3072K)->2738K(3072K)
[35.725s][info][gc          ] GC(86) Pause Young (System.gc()) 771M->771M(5888M) 0.457ms
[36.365s][info][gc,metaspace] GC(87) Metaspace: 23986K(24640K)->23986K(24640K) NonClass: 21248K(21568K)->21248K(21568K) Class: 2738K(3072K)->2738K(3072K)
[36.365s][info][gc          ] GC(87) Pause Full (System.gc()) 771M->771M(5888M) 640.532ms
[36.370s][info][gc,metaspace] GC(88) Metaspace: 23986K(24640K)->23986K(24640K) NonClass: 21248K(21568K)->21248K(21568K) Class: 2738K(3072K)->2738K(3072K)
[36.370s][info][gc          ] GC(88) Pause Young (System.gc()) 771M->771M(5888M) 0.500ms
[37.026s][info][gc,metaspace] GC(89) Metaspace: 23986K(24640K)->23986K(24640K) NonClass: 21248K(21568K)->21248K(21568K) Class: 2738K(3072K)->2738K(3072K)
[37.026s][info][gc          ] GC(89) Pause Full (System.gc()) 771M->771M(5888M) 655.758ms
[37.026s][info][gc,metaspace] GC(90) Metaspace: 23986K(24640K)->23986K(24640K) NonClass: 21248K(21568K)->21248K(21568K) Class: 2738K(3072K)->2738K(3072K)
[37.026s][info][gc          ] GC(90) Pause Young (System.gc()) 771M->771M(5888M) 0.459ms
[37.636s][info][gc,metaspace] GC(91) Metaspace: 23986K(24640K)->23986K(24640K) NonClass: 21248K(21568K)->21248K(21568K) Class: 2738K(3072K)->2738K(3072K)
[37.636s][info][gc          ] GC(91) Pause Full (System.gc()) 771M->771M(5888M) 609.411ms
[37.636s][info][gc,metaspace] GC(92) Metaspace: 23986K(24640K)->23986K(24640K) NonClass: 21248K(21568K)->21248K(21568K) Class: 2738K(3072K)->2738K(3072K)
[37.636s][info][gc          ] GC(92) Pause Young (System.gc()) 771M->771M(5888M) 0.598ms
[38.381s][info][gc,metaspace] GC(93) Metaspace: 23986K(24640K)->23986K(24640K) NonClass: 21248K(21568K)->21248K(21568K) Class: 2738K(3072K)->2738K(3072K)
[38.381s][info][gc          ] GC(93) Pause Full (System.gc()) 771M->771M(5888M) 744.636ms
[38.382s][info][gc,metaspace] GC(94) Metaspace: 23986K(24640K)->23986K(24640K) NonClass: 21248K(21568K)->21248K(21568K) Class: 2738K(3072K)->2738K(3072K)
[38.382s][info][gc          ] GC(94) Pause Young (System.gc()) 771M->771M(5888M) 0.845ms
[39.002s][info][gc,metaspace] GC(95) Metaspace: 23986K(24640K)->23986K(24640K) NonClass: 21248K(21568K)->21248K(21568K) Class: 2738K(3072K)->2738K(3072K)
[39.002s][info][gc          ] GC(95) Pause Full (System.gc()) 771M->771M(5888M) 619.433ms
[39.002s][info][gc,metaspace] GC(96) Metaspace: 23986K(24640K)->23986K(24640K) NonClass: 21248K(21568K)->21248K(21568K) Class: 2738K(3072K)->2738K(3072K)
[39.002s][info][gc          ] GC(96) Pause Young (System.gc()) 771M->771M(5888M) 0.447ms
[39.614s][info][gc,metaspace] GC(97) Metaspace: 23986K(24640K)->23986K(24640K) NonClass: 21248K(21568K)->21248K(21568K) Class: 2738K(3072K)->2738K(3072K)
[39.614s][info][gc          ] GC(97) Pause Full (System.gc()) 771M->771M(5888M) 611.587ms
[39.614s][info][gc,metaspace] GC(98) Metaspace: 23986K(24640K)->23986K(24640K) NonClass: 21248K(21568K)->21248K(21568K) Class: 2738K(3072K)->2738K(3072K)
[39.614s][info][gc          ] GC(98) Pause Young (System.gc()) 771M->771M(5888M) 0.457ms
[40.224s][info][gc,metaspace] GC(99) Metaspace: 23986K(24640K)->23986K(24640K) NonClass: 21248K(21568K)->21248K(21568K) Class: 2738K(3072K)->2738K(3072K)
[40.224s][info][gc          ] GC(99) Pause Full (System.gc()) 771M->771M(5888M) 609.832ms
[40.225s][info][gc,metaspace] GC(100) Metaspace: 23986K(24640K)->23986K(24640K) NonClass: 21248K(21568K)->21248K(21568K) Class: 2738K(3072K)->2738K(3072K)
[40.225s][info][gc          ] GC(100) Pause Young (System.gc()) 771M->771M(5888M) 0.762ms
[40.862s][info][gc,metaspace] GC(101) Metaspace: 23986K(24640K)->23986K(24640K) NonClass: 21248K(21568K)->21248K(21568K) Class: 2738K(3072K)->2738K(3072K)
[40.862s][info][gc          ] GC(101) Pause Full (System.gc()) 771M->771M(5888M) 637.394ms
[40.863s][info][gc,metaspace] GC(102) Metaspace: 23986K(24640K)->23986K(24640K) NonClass: 21248K(21568K)->21248K(21568K) Class: 2738K(3072K)->2738K(3072K)
[40.863s][info][gc          ] GC(102) Pause Young (System.gc()) 771M->771M(5888M) 0.466ms
[41.486s][info][gc,metaspace] GC(103) Metaspace: 23986K(24640K)->23986K(24640K) NonClass: 21248K(21568K)->21248K(21568K) Class: 2738K(3072K)->2738K(3072K)
[41.486s][info][gc          ] GC(103) Pause Full (System.gc()) 771M->771M(5888M) 623.109ms
[41.491s][info][gc,metaspace] GC(104) Metaspace: 23986K(24640K)->23986K(24640K) NonClass: 21248K(21568K)->21248K(21568K) Class: 2738K(3072K)->2738K(3072K)
[41.491s][info][gc          ] GC(104) Pause Young (System.gc()) 771M->771M(5888M) 0.481ms
[42.124s][info][gc,metaspace] GC(105) Metaspace: 23986K(24640K)->23986K(24640K) NonClass: 21248K(21568K)->21248K(21568K) Class: 2738K(3072K)->2738K(3072K)
[42.124s][info][gc          ] GC(105) Pause Full (System.gc()) 771M->771M(5888M) 632.786ms
[42.124s][info][gc,metaspace] GC(106) Metaspace: 23986K(24640K)->23986K(24640K) NonClass: 21248K(21568K)->21248K(21568K) Class: 2738K(3072K)->2738K(3072K)
[42.124s][info][gc          ] GC(106) Pause Young (System.gc()) 771M->771M(5888M) 0.457ms
[42.735s][info][gc,metaspace] GC(107) Metaspace: 23986K(24640K)->23986K(24640K) NonClass: 21248K(21568K)->21248K(21568K) Class: 2738K(3072K)->2738K(3072K)
[42.735s][info][gc          ] GC(107) Pause Full (System.gc()) 771M->771M(5888M) 611.005ms
[42.736s][info][gc,metaspace] GC(108) Metaspace: 23986K(24640K)->23986K(24640K) NonClass: 21248K(21568K)->21248K(21568K) Class: 2738K(3072K)->2738K(3072K)
[42.736s][info][gc          ] GC(108) Pause Young (System.gc()) 771M->771M(5888M) 0.457ms
[43.372s][info][gc,metaspace] GC(109) Metaspace: 23986K(24640K)->23986K(24640K) NonClass: 21248K(21568K)->21248K(21568K) Class: 2738K(3072K)->2738K(3072K)
[43.372s][info][gc          ] GC(109) Pause Full (System.gc()) 771M->771M(5888M) 636.360ms
[43.373s][info][gc,metaspace] GC(110) Metaspace: 23986K(24640K)->23986K(24640K) NonClass: 21248K(21568K)->21248K(21568K) Class: 2738K(3072K)->2738K(3072K)
[43.373s][info][gc          ] GC(110) Pause Young (System.gc()) 771M->771M(5888M) 0.495ms
[44.035s][info][gc,metaspace] GC(111) Metaspace: 23986K(24640K)->23986K(24640K) NonClass: 21248K(21568K)->21248K(21568K) Class: 2738K(3072K)->2738K(3072K)
[44.035s][info][gc          ] GC(111) Pause Full (System.gc()) 771M->771M(5888M) 662.031ms
[44.036s][info][gc,metaspace] GC(112) Metaspace: 23986K(24640K)->23986K(24640K) NonClass: 21248K(21568K)->21248K(21568K) Class: 2738K(3072K)->2738K(3072K)
[44.036s][info][gc          ] GC(112) Pause Young (System.gc()) 771M->771M(5888M) 0.457ms
[44.639s][info][gc,metaspace] GC(113) Metaspace: 23986K(24640K)->23986K(24640K) NonClass: 21248K(21568K)->21248K(21568K) Class: 2738K(3072K)->2738K(3072K)
[44.639s][info][gc          ] GC(113) Pause Full (System.gc()) 771M->771M(5888M) 603.504ms
[44.640s][info][gc,metaspace] GC(114) Metaspace: 23986K(24640K)->23986K(24640K) NonClass: 21248K(21568K)->21248K(21568K) Class: 2738K(3072K)->2738K(3072K)
[44.640s][info][gc          ] GC(114) Pause Young (System.gc()) 771M->771M(5888M) 0.455ms
[45.252s][info][gc,metaspace] GC(115) Metaspace: 23986K(24640K)->23986K(24640K) NonClass: 21248K(21568K)->21248K(21568K) Class: 2738K(3072K)->2738K(3072K)
[45.252s][info][gc          ] GC(115) Pause Full (System.gc()) 771M->771M(5888M) 612.405ms
[45.253s][info][gc,metaspace] GC(116) Metaspace: 23986K(24640K)->23986K(24640K) NonClass: 21248K(21568K)->21248K(21568K) Class: 2738K(3072K)->2738K(3072K)
[45.253s][info][gc          ] GC(116) Pause Young (System.gc()) 771M->771M(5888M) 0.455ms
[45.873s][info][gc,metaspace] GC(117) Metaspace: 23986K(24640K)->23986K(24640K) NonClass: 21248K(21568K)->21248K(21568K) Class: 2738K(3072K)->2738K(3072K)
[45.873s][info][gc          ] GC(117) Pause Full (System.gc()) 771M->771M(5888M) 620.644ms
[45.874s][info][gc,metaspace] GC(118) Metaspace: 23986K(24640K)->23986K(24640K) NonClass: 21248K(21568K)->21248K(21568K) Class: 2738K(3072K)->2738K(3072K)
[45.874s][info][gc          ] GC(118) Pause Young (System.gc()) 771M->771M(5888M) 0.530ms
[46.502s][info][gc,metaspace] GC(119) Metaspace: 23986K(24640K)->23986K(24640K) NonClass: 21248K(21568K)->21248K(21568K) Class: 2738K(3072K)->2738K(3072K)
[46.502s][info][gc          ] GC(119) Pause Full (System.gc()) 771M->771M(5888M) 628.453ms
[46.507s][info][gc,metaspace] GC(120) Metaspace: 23986K(24640K)->23986K(24640K) NonClass: 21248K(21568K)->21248K(21568K) Class: 2738K(3072K)->2738K(3072K)
[46.507s][info][gc          ] GC(120) Pause Young (System.gc()) 771M->771M(5888M) 0.458ms
[47.116s][info][gc,metaspace] GC(121) Metaspace: 23986K(24640K)->23986K(24640K) NonClass: 21248K(21568K)->21248K(21568K) Class: 2738K(3072K)->2738K(3072K)
[47.116s][info][gc          ] GC(121) Pause Full (System.gc()) 771M->771M(5888M) 608.420ms
[47.116s][info][gc,metaspace] GC(122) Metaspace: 23986K(24640K)->23986K(24640K) NonClass: 21248K(21568K)->21248K(21568K) Class: 2738K(3072K)->2738K(3072K)
[47.116s][info][gc          ] GC(122) Pause Young (System.gc()) 771M->771M(5888M) 0.458ms
[47.754s][info][gc,metaspace] GC(123) Metaspace: 23986K(24640K)->23986K(24640K) NonClass: 21248K(21568K)->21248K(21568K) Class: 2738K(3072K)->2738K(3072K)
[47.754s][info][gc          ] GC(123) Pause Full (System.gc()) 771M->771M(5888M) 637.732ms
[47.755s][info][gc,metaspace] GC(124) Metaspace: 23986K(24640K)->23986K(24640K) NonClass: 21248K(21568K)->21248K(21568K) Class: 2738K(3072K)->2738K(3072K)
[47.755s][info][gc          ] GC(124) Pause Young (System.gc()) 771M->771M(5888M) 0.797ms
[48.373s][info][gc,metaspace] GC(125) Metaspace: 23986K(24640K)->23986K(24640K) NonClass: 21248K(21568K)->21248K(21568K) Class: 2738K(3072K)->2738K(3072K)
[48.373s][info][gc          ] GC(125) Pause Full (System.gc()) 771M->771M(5888M) 617.811ms
[48.374s][info][gc,metaspace] GC(126) Metaspace: 23986K(24640K)->23986K(24640K) NonClass: 21248K(21568K)->21248K(21568K) Class: 2738K(3072K)->2738K(3072K)
[48.374s][info][gc          ] GC(126) Pause Young (System.gc()) 771M->771M(5888M) 0.793ms
[48.986s][info][gc,metaspace] GC(127) Metaspace: 23986K(24640K)->23986K(24640K) NonClass: 21248K(21568K)->21248K(21568K) Class: 2738K(3072K)->2738K(3072K)
[48.986s][info][gc          ] GC(127) Pause Full (System.gc()) 771M->771M(5888M) 611.975ms
[48.986s][info][gc,metaspace] GC(128) Metaspace: 23986K(24640K)->23986K(24640K) NonClass: 21248K(21568K)->21248K(21568K) Class: 2738K(3072K)->2738K(3072K)
[48.986s][info][gc          ] GC(128) Pause Young (System.gc()) 771M->771M(5888M) 0.482ms
[49.650s][info][gc,metaspace] GC(129) Metaspace: 23986K(24640K)->23986K(24640K) NonClass: 21248K(21568K)->21248K(21568K) Class: 2738K(3072K)->2738K(3072K)
[49.650s][info][gc          ] GC(129) Pause Full (System.gc()) 771M->771M(5888M) 663.493ms
[49.650s][info][gc,metaspace] GC(130) Metaspace: 23986K(24640K)->23986K(24640K) NonClass: 21248K(21568K)->21248K(21568K) Class: 2738K(3072K)->2738K(3072K)
[49.650s][info][gc          ] GC(130) Pause Young (System.gc()) 771M->771M(5888M) 0.476ms
[50.277s][info][gc,metaspace] GC(131) Metaspace: 23986K(24640K)->23986K(24640K) NonClass: 21248K(21568K)->21248K(21568K) Class: 2738K(3072K)->2738K(3072K)
[50.277s][info][gc          ] GC(131) Pause Full (System.gc()) 771M->771M(5888M) 626.910ms
[50.278s][info][gc,metaspace] GC(132) Metaspace: 23986K(24640K)->23986K(24640K) NonClass: 21248K(21568K)->21248K(21568K) Class: 2738K(3072K)->2738K(3072K)
[50.278s][info][gc          ] GC(132) Pause Young (System.gc()) 771M->771M(5888M) 0.747ms
[50.941s][info][gc,metaspace] GC(133) Metaspace: 23986K(24640K)->23986K(24640K) NonClass: 21248K(21568K)->21248K(21568K) Class: 2738K(3072K)->2738K(3072K)
[50.941s][info][gc          ] GC(133) Pause Full (System.gc()) 771M->771M(5888M) 662.517ms
[50.941s][info][gc,metaspace] GC(134) Metaspace: 23986K(24640K)->23986K(24640K) NonClass: 21248K(21568K)->21248K(21568K) Class: 2738K(3072K)->2738K(3072K)
[50.941s][info][gc          ] GC(134) Pause Young (System.gc()) 771M->771M(5888M) 0.464ms
[51.570s][info][gc,metaspace] GC(135) Metaspace: 23986K(24640K)->23986K(24640K) NonClass: 21248K(21568K)->21248K(21568K) Class: 2738K(3072K)->2738K(3072K)
[51.570s][info][gc          ] GC(135) Pause Full (System.gc()) 771M->771M(5888M) 628.705ms
[51.575s][info][gc,metaspace] GC(136) Metaspace: 23986K(24640K)->23986K(24640K) NonClass: 21248K(21568K)->21248K(21568K) Class: 2738K(3072K)->2738K(3072K)
[51.575s][info][gc          ] GC(136) Pause Young (System.gc()) 771M->771M(5888M) 0.563ms
[52.181s][info][gc,metaspace] GC(137) Metaspace: 23986K(24640K)->23986K(24640K) NonClass: 21248K(21568K)->21248K(21568K) Class: 2738K(3072K)->2738K(3072K)
[52.181s][info][gc          ] GC(137) Pause Full (System.gc()) 771M->771M(5888M) 605.769ms
[52.182s][info][gc,metaspace] GC(138) Metaspace: 23986K(24640K)->23986K(24640K) NonClass: 21248K(21568K)->21248K(21568K) Class: 2738K(3072K)->2738K(3072K)
[52.182s][info][gc          ] GC(138) Pause Young (System.gc()) 771M->771M(5888M) 0.756ms
[52.797s][info][gc,metaspace] GC(139) Metaspace: 23986K(24640K)->23986K(24640K) NonClass: 21248K(21568K)->21248K(21568K) Class: 2738K(3072K)->2738K(3072K)
[52.797s][info][gc          ] GC(139) Pause Full (System.gc()) 771M->771M(5888M) 615.261ms
[52.798s][info][gc,metaspace] GC(140) Metaspace: 23986K(24640K)->23986K(24640K) NonClass: 21248K(21568K)->21248K(21568K) Class: 2738K(3072K)->2738K(3072K)
[52.798s][info][gc          ] GC(140) Pause Young (System.gc()) 771M->771M(5888M) 0.813ms
[53.429s][info][gc,metaspace] GC(141) Metaspace: 23986K(24640K)->23986K(24640K) NonClass: 21248K(21568K)->21248K(21568K) Class: 2738K(3072K)->2738K(3072K)
[53.429s][info][gc          ] GC(141) Pause Full (System.gc()) 771M->771M(5888M) 631.374ms
[53.430s][info][gc,metaspace] GC(142) Metaspace: 23986K(24640K)->23986K(24640K) NonClass: 21248K(21568K)->21248K(21568K) Class: 2738K(3072K)->2738K(3072K)
[53.430s][info][gc          ] GC(142) Pause Young (System.gc()) 771M->771M(5888M) 0.453ms
[54.035s][info][gc,metaspace] GC(143) Metaspace: 23986K(24640K)->23986K(24640K) NonClass: 21248K(21568K)->21248K(21568K) Class: 2738K(3072K)->2738K(3072K)
[54.035s][info][gc          ] GC(143) Pause Full (System.gc()) 771M->771M(5888M) 605.022ms
[54.035s][info][gc,metaspace] GC(144) Metaspace: 23986K(24640K)->23986K(24640K) NonClass: 21248K(21568K)->21248K(21568K) Class: 2738K(3072K)->2738K(3072K)
[54.035s][info][gc          ] GC(144) Pause Young (System.gc()) 771M->771M(5888M) 0.531ms
[54.662s][info][gc,metaspace] GC(145) Metaspace: 23986K(24640K)->23986K(24640K) NonClass: 21248K(21568K)->21248K(21568K) Class: 2738K(3072K)->2738K(3072K)
[54.662s][info][gc          ] GC(145) Pause Full (System.gc()) 771M->771M(5888M) 626.308ms
[54.662s][info][gc,metaspace] GC(146) Metaspace: 23986K(24640K)->23986K(24640K) NonClass: 21248K(21568K)->21248K(21568K) Class: 2738K(3072K)->2738K(3072K)
[54.662s][info][gc          ] GC(146) Pause Young (System.gc()) 771M->771M(5888M) 0.482ms
[55.265s][info][gc,metaspace] GC(147) Metaspace: 23986K(24640K)->23986K(24640K) NonClass: 21248K(21568K)->21248K(21568K) Class: 2738K(3072K)->2738K(3072K)
[55.265s][info][gc          ] GC(147) Pause Full (System.gc()) 771M->771M(5888M) 602.327ms
[55.265s][info][gc,metaspace] GC(148) Metaspace: 23986K(24640K)->23986K(24640K) NonClass: 21248K(21568K)->21248K(21568K) Class: 2738K(3072K)->2738K(3072K)
[55.265s][info][gc          ] GC(148) Pause Young (System.gc()) 771M->771M(5888M) 0.473ms
[55.893s][info][gc,metaspace] GC(149) Metaspace: 23986K(24640K)->23986K(24640K) NonClass: 21248K(21568K)->21248K(21568K) Class: 2738K(3072K)->2738K(3072K)
[55.893s][info][gc          ] GC(149) Pause Full (System.gc()) 771M->771M(5888M) 627.601ms
[55.893s][info][gc,metaspace] GC(150) Metaspace: 23986K(24640K)->23986K(24640K) NonClass: 21248K(21568K)->21248K(21568K) Class: 2738K(3072K)->2738K(3072K)
[55.894s][info][gc          ] GC(150) Pause Young (System.gc()) 771M->771M(5888M) 0.490ms
[56.521s][info][gc,metaspace] GC(151) Metaspace: 23986K(24640K)->23986K(24640K) NonClass: 21248K(21568K)->21248K(21568K) Class: 2738K(3072K)->2738K(3072K)
[56.521s][info][gc          ] GC(151) Pause Full (System.gc()) 771M->771M(5888M) 627.274ms
[56.522s][info][gc,metaspace] GC(152) Metaspace: 23986K(24640K)->23986K(24640K) NonClass: 21248K(21568K)->21248K(21568K) Class: 2738K(3072K)->2738K(3072K)
[56.522s][info][gc          ] GC(152) Pause Young (System.gc()) 771M->771M(5888M) 0.783ms
[57.148s][info][gc,metaspace] GC(153) Metaspace: 23986K(24640K)->23986K(24640K) NonClass: 21248K(21568K)->21248K(21568K) Class: 2738K(3072K)->2738K(3072K)
[57.148s][info][gc          ] GC(153) Pause Full (System.gc()) 771M->771M(5888M) 626.263ms
[57.153s][info][gc,metaspace] GC(154) Metaspace: 23986K(24640K)->23986K(24640K) NonClass: 21248K(21568K)->21248K(21568K) Class: 2738K(3072K)->2738K(3072K)
[57.153s][info][gc          ] GC(154) Pause Young (System.gc()) 771M->771M(5888M) 0.786ms
[57.777s][info][gc,metaspace] GC(155) Metaspace: 23986K(24640K)->23986K(24640K) NonClass: 21248K(21568K)->21248K(21568K) Class: 2738K(3072K)->2738K(3072K)
[57.777s][info][gc          ] GC(155) Pause Full (System.gc()) 771M->771M(5888M) 624.044ms
[57.778s][info][gc,metaspace] GC(156) Metaspace: 23986K(24640K)->23986K(24640K) NonClass: 21248K(21568K)->21248K(21568K) Class: 2738K(3072K)->2738K(3072K)
[57.778s][info][gc          ] GC(156) Pause Young (System.gc()) 771M->771M(5888M) 0.506ms
[58.416s][info][gc,metaspace] GC(157) Metaspace: 23986K(24640K)->23986K(24640K) NonClass: 21248K(21568K)->21248K(21568K) Class: 2738K(3072K)->2738K(3072K)
[58.416s][info][gc          ] GC(157) Pause Full (System.gc()) 771M->771M(5888M) 638.174ms
[58.417s][info][gc,metaspace] GC(158) Metaspace: 23986K(24640K)->23986K(24640K) NonClass: 21248K(21568K)->21248K(21568K) Class: 2738K(3072K)->2738K(3072K)
[58.417s][info][gc          ] GC(158) Pause Young (System.gc()) 771M->771M(5888M) 0.448ms
[59.033s][info][gc,metaspace] GC(159) Metaspace: 23986K(24640K)->23986K(24640K) NonClass: 21248K(21568K)->21248K(21568K) Class: 2738K(3072K)->2738K(3072K)
[59.033s][info][gc          ] GC(159) Pause Full (System.gc()) 771M->771M(5888M) 616.777ms
[59.034s][info][gc,metaspace] GC(160) Metaspace: 23986K(24640K)->23986K(24640K) NonClass: 21248K(21568K)->21248K(21568K) Class: 2738K(3072K)->2738K(3072K)
[59.034s][info][gc          ] GC(160) Pause Young (System.gc()) 771M->771M(5888M) 0.442ms
[59.638s][info][gc,metaspace] GC(161) Metaspace: 23986K(24640K)->23986K(24640K) NonClass: 21248K(21568K)->21248K(21568K) Class: 2738K(3072K)->2738K(3072K)
[59.638s][info][gc          ] GC(161) Pause Full (System.gc()) 771M->771M(5888M) 604.004ms
[59.638s][info][gc,metaspace] GC(162) Metaspace: 23986K(24640K)->23986K(24640K) NonClass: 21248K(21568K)->21248K(21568K) Class: 2738K(3072K)->2738K(3072K)
[59.639s][info][gc          ] GC(162) Pause Young (System.gc()) 771M->771M(5888M) 0.456ms
[60.262s][info][gc,metaspace] GC(163) Metaspace: 23986K(24640K)->23986K(24640K) NonClass: 21248K(21568K)->21248K(21568K) Class: 2738K(3072K)->2738K(3072K)
[60.262s][info][gc          ] GC(163) Pause Full (System.gc()) 771M->771M(5888M) 623.464ms
[60.263s][info][gc,metaspace] GC(164) Metaspace: 23986K(24640K)->23986K(24640K) NonClass: 21248K(21568K)->21248K(21568K) Class: 2738K(3072K)->2738K(3072K)
[60.263s][info][gc          ] GC(164) Pause Young (System.gc()) 771M->771M(5888M) 0.511ms
[60.925s][info][gc,metaspace] GC(165) Metaspace: 23986K(24640K)->23986K(24640K) NonClass: 21248K(21568K)->21248K(21568K) Class: 2738K(3072K)->2738K(3072K)
[60.925s][info][gc          ] GC(165) Pause Full (System.gc()) 771M->771M(5888M) 662.756ms
[60.926s][info][gc,metaspace] GC(166) Metaspace: 23986K(24640K)->23986K(24640K) NonClass: 21248K(21568K)->21248K(21568K) Class: 2738K(3072K)->2738K(3072K)
[60.926s][info][gc          ] GC(166) Pause Young (System.gc()) 771M->771M(5888M) 0.492ms
[61.546s][info][gc,metaspace] GC(167) Metaspace: 23986K(24640K)->23986K(24640K) NonClass: 21248K(21568K)->21248K(21568K) Class: 2738K(3072K)->2738K(3072K)
[61.546s][info][gc          ] GC(167) Pause Full (System.gc()) 771M->771M(5888M) 619.674ms
[61.546s][info][gc,metaspace] GC(168) Metaspace: 23986K(24640K)->23986K(24640K) NonClass: 21248K(21568K)->21248K(21568K) Class: 2738K(3072K)->2738K(3072K)
[61.546s][info][gc          ] GC(168) Pause Young (System.gc()) 771M->771M(5888M) 0.635ms
[62.157s][info][gc,metaspace] GC(169) Metaspace: 23986K(24640K)->23986K(24640K) NonClass: 21248K(21568K)->21248K(21568K) Class: 2738K(3072K)->2738K(3072K)
[62.157s][info][gc          ] GC(169) Pause Full (System.gc()) 771M->771M(5888M) 610.542ms
[62.162s][info][gc,metaspace] GC(170) Metaspace: 23986K(24640K)->23986K(24640K) NonClass: 21248K(21568K)->21248K(21568K) Class: 2738K(3072K)->2738K(3072K)
[62.162s][info][gc          ] GC(170) Pause Young (System.gc()) 771M->771M(5888M) 0.580ms
[62.784s][info][gc,metaspace] GC(171) Metaspace: 23986K(24640K)->23986K(24640K) NonClass: 21248K(21568K)->21248K(21568K) Class: 2738K(3072K)->2738K(3072K)
[62.784s][info][gc          ] GC(171) Pause Full (System.gc()) 771M->771M(5888M) 622.381ms
[62.785s][info][gc,metaspace] GC(172) Metaspace: 23986K(24640K)->23986K(24640K) NonClass: 21248K(21568K)->21248K(21568K) Class: 2738K(3072K)->2738K(3072K)
[62.785s][info][gc          ] GC(172) Pause Young (System.gc()) 771M->771M(5888M) 0.577ms
[63.403s][info][gc,metaspace] GC(173) Metaspace: 23986K(24640K)->23986K(24640K) NonClass: 21248K(21568K)->21248K(21568K) Class: 2738K(3072K)->2738K(3072K)
[63.403s][info][gc          ] GC(173) Pause Full (System.gc()) 771M->771M(5888M) 617.487ms
[63.403s][info][gc,metaspace] GC(174) Metaspace: 23986K(24640K)->23986K(24640K) NonClass: 21248K(21568K)->21248K(21568K) Class: 2738K(3072K)->2738K(3072K)
[63.403s][info][gc          ] GC(174) Pause Young (System.gc()) 771M->771M(5888M) 0.559ms
[64.025s][info][gc,metaspace] GC(175) Metaspace: 23986K(24640K)->23986K(24640K) NonClass: 21248K(21568K)->21248K(21568K) Class: 2738K(3072K)->2738K(3072K)
[64.025s][info][gc          ] GC(175) Pause Full (System.gc()) 771M->771M(5888M) 621.617ms
[64.026s][info][gc,metaspace] GC(176) Metaspace: 23986K(24640K)->23986K(24640K) NonClass: 21248K(21568K)->21248K(21568K) Class: 2738K(3072K)->2738K(3072K)
[64.026s][info][gc          ] GC(176) Pause Young (System.gc()) 781M->771M(5888M) 0.517ms
[64.679s][info][gc,metaspace] GC(177) Metaspace: 23986K(24640K)->23986K(24640K) NonClass: 21248K(21568K)->21248K(21568K) Class: 2738K(3072K)->2738K(3072K)
[64.679s][info][gc          ] GC(177) Pause Full (System.gc()) 771M->771M(5888M) 653.132ms
[64.679s][info][gc,metaspace] GC(178) Metaspace: 23986K(24640K)->23986K(24640K) NonClass: 21248K(21568K)->21248K(21568K) Class: 2738K(3072K)->2738K(3072K)
[64.679s][info][gc          ] GC(178) Pause Young (System.gc()) 771M->771M(5888M) 0.466ms
[65.294s][info][gc,metaspace] GC(179) Metaspace: 23986K(24640K)->23986K(24640K) NonClass: 21248K(21568K)->21248K(21568K) Class: 2738K(3072K)->2738K(3072K)
[65.294s][info][gc          ] GC(179) Pause Full (System.gc()) 771M->771M(5888M) 614.856ms
[65.295s][info][gc,metaspace] GC(180) Metaspace: 23986K(24640K)->23986K(24640K) NonClass: 21248K(21568K)->21248K(21568K) Class: 2738K(3072K)->2738K(3072K)
[65.295s][info][gc          ] GC(180) Pause Young (System.gc()) 771M->771M(5888M) 0.496ms
[65.930s][info][gc,metaspace] GC(181) Metaspace: 23986K(24640K)->23986K(24640K) NonClass: 21248K(21568K)->21248K(21568K) Class: 2738K(3072K)->2738K(3072K)
[65.930s][info][gc          ] GC(181) Pause Full (System.gc()) 771M->771M(5888M) 634.833ms
[65.930s][info][gc,metaspace] GC(182) Metaspace: 23986K(24640K)->23986K(24640K) NonClass: 21248K(21568K)->21248K(21568K) Class: 2738K(3072K)->2738K(3072K)
[65.930s][info][gc          ] GC(182) Pause Young (System.gc()) 771M->771M(5888M) 0.496ms
[66.551s][info][gc,metaspace] GC(183) Metaspace: 23986K(24640K)->23986K(24640K) NonClass: 21248K(21568K)->21248K(21568K) Class: 2738K(3072K)->2738K(3072K)
[66.551s][info][gc          ] GC(183) Pause Full (System.gc()) 771M->771M(5888M) 620.937ms
[66.552s][info][gc,metaspace] GC(184) Metaspace: 23986K(24640K)->23986K(24640K) NonClass: 21248K(21568K)->21248K(21568K) Class: 2738K(3072K)->2738K(3072K)
[66.552s][info][gc          ] GC(184) Pause Young (System.gc()) 771M->771M(5888M) 0.481ms
[67.208s][info][gc,metaspace] GC(185) Metaspace: 23986K(24640K)->23986K(24640K) NonClass: 21248K(21568K)->21248K(21568K) Class: 2738K(3072K)->2738K(3072K)
[67.208s][info][gc          ] GC(185) Pause Full (System.gc()) 771M->771M(5888M) 655.851ms
[67.213s][info][gc,metaspace] GC(186) Metaspace: 23986K(24640K)->23986K(24640K) NonClass: 21248K(21568K)->21248K(21568K) Class: 2738K(3072K)->2738K(3072K)
[67.213s][info][gc          ] GC(186) Pause Young (System.gc()) 771M->771M(5888M) 0.577ms
[68.026s][info][gc,metaspace] GC(187) Metaspace: 23986K(24640K)->23986K(24640K) NonClass: 21248K(21568K)->21248K(21568K) Class: 2738K(3072K)->2738K(3072K)
[68.026s][info][gc          ] GC(187) Pause Full (System.gc()) 771M->771M(5888M) 812.993ms
[68.026s][info][gc,metaspace] GC(188) Metaspace: 23986K(24640K)->23986K(24640K) NonClass: 21248K(21568K)->21248K(21568K) Class: 2738K(3072K)->2738K(3072K)
[68.026s][info][gc          ] GC(188) Pause Young (System.gc()) 771M->771M(5888M) 0.495ms
[68.636s][info][gc,metaspace] GC(189) Metaspace: 23986K(24640K)->23986K(24640K) NonClass: 21248K(21568K)->21248K(21568K) Class: 2738K(3072K)->2738K(3072K)
[68.636s][info][gc          ] GC(189) Pause Full (System.gc()) 771M->771M(5888M) 609.899ms
[68.637s][info][gc,metaspace] GC(190) Metaspace: 23986K(24640K)->23986K(24640K) NonClass: 21248K(21568K)->21248K(21568K) Class: 2738K(3072K)->2738K(3072K)
[68.637s][info][gc          ] GC(190) Pause Young (System.gc()) 771M->771M(5888M) 0.451ms
[69.252s][info][gc,metaspace] GC(191) Metaspace: 23986K(24640K)->23986K(24640K) NonClass: 21248K(21568K)->21248K(21568K) Class: 2738K(3072K)->2738K(3072K)
[69.252s][info][gc          ] GC(191) Pause Full (System.gc()) 771M->771M(5888M) 615.676ms
[69.253s][info][gc,metaspace] GC(192) Metaspace: 23986K(24640K)->23986K(24640K) NonClass: 21248K(21568K)->21248K(21568K) Class: 2738K(3072K)->2738K(3072K)
[69.253s][info][gc          ] GC(192) Pause Young (System.gc()) 771M->771M(5888M) 0.585ms
[69.894s][info][gc,metaspace] GC(193) Metaspace: 23986K(24640K)->23986K(24640K) NonClass: 21248K(21568K)->21248K(21568K) Class: 2738K(3072K)->2738K(3072K)
[69.895s][info][gc          ] GC(193) Pause Full (System.gc()) 771M->771M(5888M) 641.305ms
[69.895s][info][gc,metaspace] GC(194) Metaspace: 23986K(24640K)->23986K(24640K) NonClass: 21248K(21568K)->21248K(21568K) Class: 2738K(3072K)->2738K(3072K)
[69.895s][info][gc          ] GC(194) Pause Young (System.gc()) 771M->771M(5888M) 0.464ms
[70.523s][info][gc,metaspace] GC(195) Metaspace: 23986K(24640K)->23986K(24640K) NonClass: 21248K(21568K)->21248K(21568K) Class: 2738K(3072K)->2738K(3072K)
[70.523s][info][gc          ] GC(195) Pause Full (System.gc()) 771M->771M(5888M) 627.851ms
[70.523s][info][gc,metaspace] GC(196) Metaspace: 23986K(24640K)->23986K(24640K) NonClass: 21248K(21568K)->21248K(21568K) Class: 2738K(3072K)->2738K(3072K)
[70.524s][info][gc          ] GC(196) Pause Young (System.gc()) 771M->771M(5888M) 0.461ms
[71.139s][info][gc,metaspace] GC(197) Metaspace: 23986K(24640K)->23986K(24640K) NonClass: 21248K(21568K)->21248K(21568K) Class: 2738K(3072K)->2738K(3072K)
[71.139s][info][gc          ] GC(197) Pause Full (System.gc()) 771M->771M(5888M) 615.622ms
[71.140s][info][gc,metaspace] GC(198) Metaspace: 23986K(24640K)->23986K(24640K) NonClass: 21248K(21568K)->21248K(21568K) Class: 2738K(3072K)->2738K(3072K)
[71.140s][info][gc          ] GC(198) Pause Young (System.gc()) 771M->771M(5888M) 0.539ms
[71.753s][info][gc,metaspace] GC(199) Metaspace: 23986K(24640K)->23986K(24640K) NonClass: 21248K(21568K)->21248K(21568K) Class: 2738K(3072K)->2738K(3072K)
[71.753s][info][gc          ] GC(199) Pause Full (System.gc()) 771M->771M(5888M) 613.598ms
[71.754s][info][gc,metaspace] GC(200) Metaspace: 23986K(24640K)->23986K(24640K) NonClass: 21248K(21568K)->21248K(21568K) Class: 2738K(3072K)->2738K(3072K)
[71.754s][info][gc          ] GC(200) Pause Young (System.gc()) 771M->771M(5888M) 0.500ms
[72.371s][info][gc,metaspace] GC(201) Metaspace: 23986K(24640K)->23986K(24640K) NonClass: 21248K(21568K)->21248K(21568K) Class: 2738K(3072K)->2738K(3072K)
[72.371s][info][gc          ] GC(201) Pause Full (System.gc()) 771M->771M(5888M) 616.750ms
After GCs... 
