Done; will start GCs... 
[7.205s][info][gc,metaspace] GC(1) Metaspace: 23694K(24192K)->23694K(24192K) NonClass: 19585K(19840K)->19585K(19840K) Class: 4109K(4352K)->4109K(4352K)
[7.206s][info][gc          ] GC(1) Pause Full (System.gc()) 841M->771M(5888M) 606.875ms
[7.616s][info][gc,metaspace] GC(2) Metaspace: 23694K(24192K)->23694K(24192K) NonClass: 19585K(19840K)->19585K(19840K) Class: 4109K(4352K)->4109K(4352K)
[7.616s][info][gc          ] GC(2) Pause Full (System.gc()) 771M->771M(5888M) 410.017ms
[8.011s][info][gc,metaspace] GC(3) Metaspace: 23694K(24192K)->23694K(24192K) NonClass: 19585K(19840K)->19585K(19840K) Class: 4109K(4352K)->4109K(4352K)
[8.011s][info][gc          ] GC(3) Pause Full (System.gc()) 771M->771M(5888M) 395.136ms
[8.428s][info][gc,metaspace] GC(4) Metaspace: 23694K(24192K)->23694K(24192K) NonClass: 19585K(19840K)->19585K(19840K) Class: 4109K(4352K)->4109K(4352K)
[8.428s][info][gc          ] GC(4) Pause Full (System.gc()) 771M->771M(5888M) 417.237ms
[8.845s][info][gc,metaspace] GC(5) Metaspace: 23694K(24192K)->23694K(24192K) NonClass: 19585K(19840K)->19585K(19840K) Class: 4109K(4352K)->4109K(4352K)
[8.845s][info][gc          ] GC(5) Pause Full (System.gc()) 771M->771M(5888M) 416.244ms
[9.270s][info][gc,metaspace] GC(6) Metaspace: 23694K(24192K)->23694K(24192K) NonClass: 19585K(19840K)->19585K(19840K) Class: 4109K(4352K)->4109K(4352K)
[9.270s][info][gc          ] GC(6) Pause Full (System.gc()) 771M->771M(5888M) 425.176ms
[9.670s][info][gc,metaspace] GC(7) Metaspace: 23694K(24192K)->23694K(24192K) NonClass: 19585K(19840K)->19585K(19840K) Class: 4109K(4352K)->4109K(4352K)
[9.670s][info][gc          ] GC(7) Pause Full (System.gc()) 771M->771M(5888M) 400.245ms
[10.069s][info][gc,metaspace] GC(8) Metaspace: 23695K(24192K)->23695K(24192K) NonClass: 19586K(19840K)->19586K(19840K) Class: 4109K(4352K)->4109K(4352K)
[10.069s][info][gc          ] GC(8) Pause Full (System.gc()) 771M->771M(5888M) 398.658ms
[10.500s][info][gc,metaspace] GC(9) Metaspace: 23695K(24192K)->23695K(24192K) NonClass: 19586K(19840K)->19586K(19840K) Class: 4109K(4352K)->4109K(4352K)
[10.500s][info][gc          ] GC(9) Pause Full (System.gc()) 771M->771M(5888M) 430.886ms
[10.900s][info][gc,metaspace] GC(10) Metaspace: 23695K(24192K)->23695K(24192K) NonClass: 19586K(19840K)->19586K(19840K) Class: 4109K(4352K)->4109K(4352K)
[10.900s][info][gc          ] GC(10) Pause Full (System.gc()) 771M->771M(5888M) 399.919ms
[11.322s][info][gc,metaspace] GC(11) Metaspace: 23695K(24192K)->23695K(24192K) NonClass: 19586K(19840K)->19586K(19840K) Class: 4109K(4352K)->4109K(4352K)
[11.322s][info][gc          ] GC(11) Pause Full (System.gc()) 771M->771M(5888M) 421.984ms
[11.720s][info][gc,metaspace] GC(12) Metaspace: 23695K(24192K)->23695K(24192K) NonClass: 19586K(19840K)->19586K(19840K) Class: 4109K(4352K)->4109K(4352K)
[11.720s][info][gc          ] GC(12) Pause Full (System.gc()) 771M->771M(5888M) 397.672ms
[12.183s][info][gc,metaspace] GC(13) Metaspace: 23695K(24192K)->23695K(24192K) NonClass: 19586K(19840K)->19586K(19840K) Class: 4109K(4352K)->4109K(4352K)
[12.183s][info][gc          ] GC(13) Pause Full (System.gc()) 771M->771M(5888M) 462.596ms
[12.592s][info][gc,metaspace] GC(14) Metaspace: 23695K(24192K)->23695K(24192K) NonClass: 19586K(19840K)->19586K(19840K) Class: 4109K(4352K)->4109K(4352K)
[12.592s][info][gc          ] GC(14) Pause Full (System.gc()) 771M->771M(5888M) 409.288ms
[13.008s][info][gc,metaspace] GC(15) Metaspace: 23695K(24192K)->23695K(24192K) NonClass: 19586K(19840K)->19586K(19840K) Class: 4109K(4352K)->4109K(4352K)
[13.008s][info][gc          ] GC(15) Pause Full (System.gc()) 771M->771M(5888M) 415.965ms
[13.418s][info][gc,metaspace] GC(16) Metaspace: 23695K(24192K)->23695K(24192K) NonClass: 19586K(19840K)->19586K(19840K) Class: 4109K(4352K)->4109K(4352K)
[13.418s][info][gc          ] GC(16) Pause Full (System.gc()) 771M->771M(5888M) 409.958ms
[13.819s][info][gc,metaspace] GC(17) Metaspace: 23695K(24192K)->23695K(24192K) NonClass: 19586K(19840K)->19586K(19840K) Class: 4109K(4352K)->4109K(4352K)
[13.819s][info][gc          ] GC(17) Pause Full (System.gc()) 771M->771M(5888M) 400.250ms
[14.237s][info][gc,metaspace] GC(18) Metaspace: 23695K(24192K)->23695K(24192K) NonClass: 19586K(19840K)->19586K(19840K) Class: 4109K(4352K)->4109K(4352K)
[14.237s][info][gc          ] GC(18) Pause Full (System.gc()) 771M->771M(5888M) 418.300ms
[14.643s][info][gc,metaspace] GC(19) Metaspace: 23695K(24192K)->23695K(24192K) NonClass: 19586K(19840K)->19586K(19840K) Class: 4109K(4352K)->4109K(4352K)
[14.643s][info][gc          ] GC(19) Pause Full (System.gc()) 771M->771M(5888M) 406.295ms
[15.057s][info][gc,metaspace] GC(20) Metaspace: 23695K(24192K)->23695K(24192K) NonClass: 19586K(19840K)->19586K(19840K) Class: 4109K(4352K)->4109K(4352K)
[15.057s][info][gc          ] GC(20) Pause Full (System.gc()) 771M->771M(5888M) 413.068ms
[15.463s][info][gc,metaspace] GC(21) Metaspace: 23695K(24192K)->23695K(24192K) NonClass: 19586K(19840K)->19586K(19840K) Class: 4109K(4352K)->4109K(4352K)
[15.463s][info][gc          ] GC(21) Pause Full (System.gc()) 771M->771M(5888M) 405.968ms
[15.856s][info][gc,metaspace] GC(22) Metaspace: 23695K(24192K)->23695K(24192K) NonClass: 19586K(19840K)->19586K(19840K) Class: 4109K(4352K)->4109K(4352K)
[15.856s][info][gc          ] GC(22) Pause Full (System.gc()) 771M->771M(5888M) 393.319ms
[16.265s][info][gc,metaspace] GC(23) Metaspace: 23695K(24192K)->23695K(24192K) NonClass: 19586K(19840K)->19586K(19840K) Class: 4109K(4352K)->4109K(4352K)
[16.265s][info][gc          ] GC(23) Pause Full (System.gc()) 771M->771M(5888M) 408.484ms
[16.666s][info][gc,metaspace] GC(24) Metaspace: 23695K(24192K)->23695K(24192K) NonClass: 19586K(19840K)->19586K(19840K) Class: 4109K(4352K)->4109K(4352K)
[16.666s][info][gc          ] GC(24) Pause Full (System.gc()) 771M->771M(5888M) 401.549ms
[17.074s][info][gc,metaspace] GC(25) Metaspace: 23695K(24192K)->23695K(24192K) NonClass: 19586K(19840K)->19586K(19840K) Class: 4109K(4352K)->4109K(4352K)
[17.074s][info][gc          ] GC(25) Pause Full (System.gc()) 771M->771M(5888M) 407.450ms
[17.501s][info][gc,metaspace] GC(26) Metaspace: 23695K(24192K)->23695K(24192K) NonClass: 19586K(19840K)->19586K(19840K) Class: 4109K(4352K)->4109K(4352K)
[17.501s][info][gc          ] GC(26) Pause Full (System.gc()) 771M->771M(5888M) 427.182ms
[17.894s][info][gc,metaspace] GC(27) Metaspace: 23695K(24192K)->23695K(24192K) NonClass: 19586K(19840K)->19586K(19840K) Class: 4109K(4352K)->4109K(4352K)
[17.894s][info][gc          ] GC(27) Pause Full (System.gc()) 771M->771M(5888M) 393.145ms
[18.380s][info][gc,metaspace] GC(28) Metaspace: 23695K(24192K)->23695K(24192K) NonClass: 19586K(19840K)->19586K(19840K) Class: 4109K(4352K)->4109K(4352K)
[18.380s][info][gc          ] GC(28) Pause Full (System.gc()) 771M->771M(5888M) 485.818ms
[18.798s][info][gc,metaspace] GC(29) Metaspace: 23695K(24192K)->23695K(24192K) NonClass: 19586K(19840K)->19586K(19840K) Class: 4109K(4352K)->4109K(4352K)
[18.798s][info][gc          ] GC(29) Pause Full (System.gc()) 771M->771M(5888M) 417.403ms
[19.234s][info][gc,metaspace] GC(30) Metaspace: 23695K(24192K)->23695K(24192K) NonClass: 19586K(19840K)->19586K(19840K) Class: 4109K(4352K)->4109K(4352K)
[19.234s][info][gc          ] GC(30) Pause Full (System.gc()) 771M->771M(5888M) 436.671ms
[19.647s][info][gc,metaspace] GC(31) Metaspace: 23695K(24192K)->23695K(24192K) NonClass: 19586K(19840K)->19586K(19840K) Class: 4109K(4352K)->4109K(4352K)
[19.647s][info][gc          ] GC(31) Pause Full (System.gc()) 771M->771M(5888M) 413.033ms
[20.046s][info][gc,metaspace] GC(32) Metaspace: 23695K(24192K)->23695K(24192K) NonClass: 19586K(19840K)->19586K(19840K) Class: 4109K(4352K)->4109K(4352K)
[20.046s][info][gc          ] GC(32) Pause Full (System.gc()) 771M->771M(5888M) 398.938ms
[20.483s][info][gc,metaspace] GC(33) Metaspace: 23695K(24192K)->23695K(24192K) NonClass: 19586K(19840K)->19586K(19840K) Class: 4109K(4352K)->4109K(4352K)
[20.483s][info][gc          ] GC(33) Pause Full (System.gc()) 771M->771M(5888M) 436.571ms
[20.884s][info][gc,metaspace] GC(34) Metaspace: 23695K(24192K)->23695K(24192K) NonClass: 19586K(19840K)->19586K(19840K) Class: 4109K(4352K)->4109K(4352K)
[20.884s][info][gc          ] GC(34) Pause Full (System.gc()) 771M->771M(5888M) 400.738ms
[21.296s][info][gc,metaspace] GC(35) Metaspace: 23695K(24192K)->23695K(24192K) NonClass: 19586K(19840K)->19586K(19840K) Class: 4109K(4352K)->4109K(4352K)
[21.296s][info][gc          ] GC(35) Pause Full (System.gc()) 771M->771M(5888M) 412.328ms
[21.695s][info][gc,metaspace] GC(36) Metaspace: 23695K(24192K)->23695K(24192K) NonClass: 19586K(19840K)->19586K(19840K) Class: 4109K(4352K)->4109K(4352K)
[21.695s][info][gc          ] GC(36) Pause Full (System.gc()) 771M->771M(5888M) 398.443ms
[22.143s][info][gc,metaspace] GC(37) Metaspace: 23695K(24192K)->23695K(24192K) NonClass: 19586K(19840K)->19586K(19840K) Class: 4109K(4352K)->4109K(4352K)
[22.143s][info][gc          ] GC(37) Pause Full (System.gc()) 771M->771M(5888M) 448.220ms
[22.563s][info][gc,metaspace] GC(38) Metaspace: 23695K(24192K)->23695K(24192K) NonClass: 19586K(19840K)->19586K(19840K) Class: 4109K(4352K)->4109K(4352K)
[22.563s][info][gc          ] GC(38) Pause Full (System.gc()) 771M->771M(5888M) 419.694ms
[22.962s][info][gc,metaspace] GC(39) Metaspace: 23695K(24192K)->23695K(24192K) NonClass: 19586K(19840K)->19586K(19840K) Class: 4109K(4352K)->4109K(4352K)
[22.962s][info][gc          ] GC(39) Pause Full (System.gc()) 771M->771M(5888M) 399.165ms
[23.368s][info][gc,metaspace] GC(40) Metaspace: 23695K(24192K)->23695K(24192K) NonClass: 19586K(19840K)->19586K(19840K) Class: 4109K(4352K)->4109K(4352K)
[23.368s][info][gc          ] GC(40) Pause Full (System.gc()) 771M->771M(5888M) 405.459ms
[23.766s][info][gc,metaspace] GC(41) Metaspace: 23695K(24192K)->23695K(24192K) NonClass: 19586K(19840K)->19586K(19840K) Class: 4109K(4352K)->4109K(4352K)
[23.766s][info][gc          ] GC(41) Pause Full (System.gc()) 771M->771M(5888M) 398.445ms
[24.203s][info][gc,metaspace] GC(42) Metaspace: 23695K(24192K)->23695K(24192K) NonClass: 19586K(19840K)->19586K(19840K) Class: 4109K(4352K)->4109K(4352K)
[24.203s][info][gc          ] GC(42) Pause Full (System.gc()) 771M->771M(5888M) 437.102ms
[24.618s][info][gc,metaspace] GC(43) Metaspace: 23695K(24192K)->23695K(24192K) NonClass: 19586K(19840K)->19586K(19840K) Class: 4109K(4352K)->4109K(4352K)
[24.618s][info][gc          ] GC(43) Pause Full (System.gc()) 771M->771M(5888M) 414.659ms
[25.029s][info][gc,metaspace] GC(44) Metaspace: 23695K(24192K)->23695K(24192K) NonClass: 19586K(19840K)->19586K(19840K) Class: 4109K(4352K)->4109K(4352K)
[25.029s][info][gc          ] GC(44) Pause Full (System.gc()) 771M->771M(5888M) 411.257ms
[25.435s][info][gc,metaspace] GC(45) Metaspace: 23695K(24192K)->23695K(24192K) NonClass: 19586K(19840K)->19586K(19840K) Class: 4109K(4352K)->4109K(4352K)
[25.435s][info][gc          ] GC(45) Pause Full (System.gc()) 771M->771M(5888M) 405.685ms
[25.841s][info][gc,metaspace] GC(46) Metaspace: 23695K(24192K)->23695K(24192K) NonClass: 19586K(19840K)->19586K(19840K) Class: 4109K(4352K)->4109K(4352K)
[25.841s][info][gc          ] GC(46) Pause Full (System.gc()) 771M->771M(5888M) 405.619ms
[26.264s][info][gc,metaspace] GC(47) Metaspace: 23695K(24192K)->23695K(24192K) NonClass: 19586K(19840K)->19586K(19840K) Class: 4109K(4352K)->4109K(4352K)
[26.264s][info][gc          ] GC(47) Pause Full (System.gc()) 771M->771M(5888M) 422.692ms
[26.664s][info][gc,metaspace] GC(48) Metaspace: 23695K(24192K)->23695K(24192K) NonClass: 19586K(19840K)->19586K(19840K) Class: 4109K(4352K)->4109K(4352K)
[26.664s][info][gc          ] GC(48) Pause Full (System.gc()) 771M->771M(5888M) 400.063ms
[27.068s][info][gc,metaspace] GC(49) Metaspace: 23695K(24192K)->23695K(24192K) NonClass: 19586K(19840K)->19586K(19840K) Class: 4109K(4352K)->4109K(4352K)
[27.068s][info][gc          ] GC(49) Pause Full (System.gc()) 771M->771M(5888M) 403.721ms
[27.476s][info][gc,metaspace] GC(50) Metaspace: 23695K(24192K)->23695K(24192K) NonClass: 19586K(19840K)->19586K(19840K) Class: 4109K(4352K)->4109K(4352K)
[27.476s][info][gc          ] GC(50) Pause Full (System.gc()) 771M->771M(5888M) 408.045ms
[27.877s][info][gc,metaspace] GC(51) Metaspace: 23695K(24192K)->23695K(24192K) NonClass: 19586K(19840K)->19586K(19840K) Class: 4109K(4352K)->4109K(4352K)
[27.877s][info][gc          ] GC(51) Pause Full (System.gc()) 771M->771M(5888M) 400.773ms
[28.382s][info][gc,metaspace] GC(52) Metaspace: 23695K(24192K)->23695K(24192K) NonClass: 19586K(19840K)->19586K(19840K) Class: 4109K(4352K)->4109K(4352K)
[28.382s][info][gc          ] GC(52) Pause Full (System.gc()) 771M->771M(5888M) 505.638ms
[28.787s][info][gc,metaspace] GC(53) Metaspace: 23695K(24192K)->23695K(24192K) NonClass: 19586K(19840K)->19586K(19840K) Class: 4109K(4352K)->4109K(4352K)
[28.787s][info][gc          ] GC(53) Pause Full (System.gc()) 771M->771M(5888M) 404.610ms
[29.192s][info][gc,metaspace] GC(54) Metaspace: 23695K(24192K)->23695K(24192K) NonClass: 19586K(19840K)->19586K(19840K) Class: 4109K(4352K)->4109K(4352K)
[29.192s][info][gc          ] GC(54) Pause Full (System.gc()) 771M->771M(5888M) 404.576ms
[29.596s][info][gc,metaspace] GC(55) Metaspace: 23695K(24192K)->23695K(24192K) NonClass: 19586K(19840K)->19586K(19840K) Class: 4109K(4352K)->4109K(4352K)
[29.596s][info][gc          ] GC(55) Pause Full (System.gc()) 771M->771M(5888M) 403.857ms
[30.008s][info][gc,metaspace] GC(56) Metaspace: 23695K(24192K)->23695K(24192K) NonClass: 19586K(19840K)->19586K(19840K) Class: 4109K(4352K)->4109K(4352K)
[30.008s][info][gc          ] GC(56) Pause Full (System.gc()) 771M->771M(5888M) 412.063ms
[30.421s][info][gc,metaspace] GC(57) Metaspace: 23695K(24192K)->23695K(24192K) NonClass: 19586K(19840K)->19586K(19840K) Class: 4109K(4352K)->4109K(4352K)
[30.421s][info][gc          ] GC(57) Pause Full (System.gc()) 771M->771M(5888M) 413.465ms
[30.828s][info][gc,metaspace] GC(58) Metaspace: 23695K(24192K)->23695K(24192K) NonClass: 19586K(19840K)->19586K(19840K) Class: 4109K(4352K)->4109K(4352K)
[30.828s][info][gc          ] GC(58) Pause Full (System.gc()) 771M->771M(5888M) 406.532ms
[31.320s][info][gc,metaspace] GC(59) Metaspace: 23695K(24192K)->23695K(24192K) NonClass: 19586K(19840K)->19586K(19840K) Class: 4109K(4352K)->4109K(4352K)
[31.320s][info][gc          ] GC(59) Pause Full (System.gc()) 771M->771M(5888M) 491.897ms
[31.738s][info][gc,metaspace] GC(60) Metaspace: 23695K(24192K)->23695K(24192K) NonClass: 19586K(19840K)->19586K(19840K) Class: 4109K(4352K)->4109K(4352K)
[31.738s][info][gc          ] GC(60) Pause Full (System.gc()) 771M->771M(5888M) 418.576ms
[32.138s][info][gc,metaspace] GC(61) Metaspace: 23695K(24192K)->23695K(24192K) NonClass: 19586K(19840K)->19586K(19840K) Class: 4109K(4352K)->4109K(4352K)
[32.138s][info][gc          ] GC(61) Pause Full (System.gc()) 771M->771M(5888M) 399.087ms
[32.536s][info][gc,metaspace] GC(62) Metaspace: 23695K(24192K)->23695K(24192K) NonClass: 19586K(19840K)->19586K(19840K) Class: 4109K(4352K)->4109K(4352K)
[32.536s][info][gc          ] GC(62) Pause Full (System.gc()) 771M->771M(5888M) 398.358ms
[32.953s][info][gc,metaspace] GC(63) Metaspace: 23695K(24192K)->23695K(24192K) NonClass: 19586K(19840K)->19586K(19840K) Class: 4109K(4352K)->4109K(4352K)
[32.953s][info][gc          ] GC(63) Pause Full (System.gc()) 771M->771M(5888M) 416.399ms
[33.369s][info][gc,metaspace] GC(64) Metaspace: 23695K(24192K)->23695K(24192K) NonClass: 19586K(19840K)->19586K(19840K) Class: 4109K(4352K)->4109K(4352K)
[33.369s][info][gc          ] GC(64) Pause Full (System.gc()) 771M->771M(5888M) 416.016ms
[33.771s][info][gc,metaspace] GC(65) Metaspace: 23695K(24192K)->23695K(24192K) NonClass: 19586K(19840K)->19586K(19840K) Class: 4109K(4352K)->4109K(4352K)
[33.771s][info][gc          ] GC(65) Pause Full (System.gc()) 771M->771M(5888M) 402.185ms
[34.218s][info][gc,metaspace] GC(66) Metaspace: 23695K(24192K)->23695K(24192K) NonClass: 19586K(19840K)->19586K(19840K) Class: 4109K(4352K)->4109K(4352K)
[34.218s][info][gc          ] GC(66) Pause Full (System.gc()) 771M->771M(5888M) 447.474ms
[34.627s][info][gc,metaspace] GC(67) Metaspace: 23695K(24192K)->23695K(24192K) NonClass: 19586K(19840K)->19586K(19840K) Class: 4109K(4352K)->4109K(4352K)
[34.627s][info][gc          ] GC(67) Pause Full (System.gc()) 771M->771M(5888M) 408.095ms
[35.026s][info][gc,metaspace] GC(68) Metaspace: 23695K(24192K)->23695K(24192K) NonClass: 19586K(19840K)->19586K(19840K) Class: 4109K(4352K)->4109K(4352K)
[35.026s][info][gc          ] GC(68) Pause Full (System.gc()) 771M->771M(5888M) 399.179ms
[35.441s][info][gc,metaspace] GC(69) Metaspace: 23695K(24192K)->23695K(24192K) NonClass: 19586K(19840K)->19586K(19840K) Class: 4109K(4352K)->4109K(4352K)
[35.441s][info][gc          ] GC(69) Pause Full (System.gc()) 771M->771M(5888M) 414.570ms
[35.854s][info][gc,metaspace] GC(70) Metaspace: 23695K(24192K)->23695K(24192K) NonClass: 19586K(19840K)->19586K(19840K) Class: 4109K(4352K)->4109K(4352K)
[35.854s][info][gc          ] GC(70) Pause Full (System.gc()) 771M->771M(5888M) 413.824ms
[36.285s][info][gc,metaspace] GC(71) Metaspace: 23695K(24192K)->23695K(24192K) NonClass: 19586K(19840K)->19586K(19840K) Class: 4109K(4352K)->4109K(4352K)
[36.285s][info][gc          ] GC(71) Pause Full (System.gc()) 771M->771M(5888M) 430.898ms
[36.682s][info][gc,metaspace] GC(72) Metaspace: 23695K(24192K)->23695K(24192K) NonClass: 19586K(19840K)->19586K(19840K) Class: 4109K(4352K)->4109K(4352K)
[36.682s][info][gc          ] GC(72) Pause Full (System.gc()) 771M->771M(5888M) 396.291ms
[37.082s][info][gc,metaspace] GC(73) Metaspace: 23695K(24192K)->23695K(24192K) NonClass: 19586K(19840K)->19586K(19840K) Class: 4109K(4352K)->4109K(4352K)
[37.082s][info][gc          ] GC(73) Pause Full (System.gc()) 771M->771M(5888M) 399.955ms
[37.510s][info][gc,metaspace] GC(74) Metaspace: 23695K(24192K)->23695K(24192K) NonClass: 19586K(19840K)->19586K(19840K) Class: 4109K(4352K)->4109K(4352K)
[37.510s][info][gc          ] GC(74) Pause Full (System.gc()) 771M->771M(5888M) 428.161ms
[37.910s][info][gc,metaspace] GC(75) Metaspace: 23695K(24192K)->23695K(24192K) NonClass: 19586K(19840K)->19586K(19840K) Class: 4109K(4352K)->4109K(4352K)
[37.910s][info][gc          ] GC(75) Pause Full (System.gc()) 771M->771M(5888M) 399.984ms
[38.367s][info][gc,metaspace] GC(76) Metaspace: 23695K(24192K)->23695K(24192K) NonClass: 19586K(19840K)->19586K(19840K) Class: 4109K(4352K)->4109K(4352K)
[38.367s][info][gc          ] GC(76) Pause Full (System.gc()) 771M->771M(5888M) 456.547ms
[38.773s][info][gc,metaspace] GC(77) Metaspace: 23695K(24192K)->23695K(24192K) NonClass: 19586K(19840K)->19586K(19840K) Class: 4109K(4352K)->4109K(4352K)
[38.773s][info][gc          ] GC(77) Pause Full (System.gc()) 771M->771M(5888M) 406.429ms
[39.207s][info][gc,metaspace] GC(78) Metaspace: 23695K(24192K)->23695K(24192K) NonClass: 19586K(19840K)->19586K(19840K) Class: 4109K(4352K)->4109K(4352K)
[39.207s][info][gc          ] GC(78) Pause Full (System.gc()) 771M->771M(5888M) 433.574ms
[39.621s][info][gc,metaspace] GC(79) Metaspace: 23695K(24192K)->23695K(24192K) NonClass: 19586K(19840K)->19586K(19840K) Class: 4109K(4352K)->4109K(4352K)
[39.621s][info][gc          ] GC(79) Pause Full (System.gc()) 771M->771M(5888M) 414.408ms
[40.020s][info][gc,metaspace] GC(80) Metaspace: 23695K(24192K)->23695K(24192K) NonClass: 19586K(19840K)->19586K(19840K) Class: 4109K(4352K)->4109K(4352K)
[40.021s][info][gc          ] GC(80) Pause Full (System.gc()) 771M->771M(5888M) 399.055ms
[40.426s][info][gc,metaspace] GC(81) Metaspace: 23695K(24192K)->23695K(24192K) NonClass: 19586K(19840K)->19586K(19840K) Class: 4109K(4352K)->4109K(4352K)
[40.427s][info][gc          ] GC(81) Pause Full (System.gc()) 771M->771M(5888M) 405.946ms
[40.823s][info][gc,metaspace] GC(82) Metaspace: 23695K(24192K)->23695K(24192K) NonClass: 19586K(19840K)->19586K(19840K) Class: 4109K(4352K)->4109K(4352K)
[40.823s][info][gc          ] GC(82) Pause Full (System.gc()) 771M->771M(5888M) 396.798ms
[41.234s][info][gc,metaspace] GC(83) Metaspace: 23695K(24192K)->23695K(24192K) NonClass: 19586K(19840K)->19586K(19840K) Class: 4109K(4352K)->4109K(4352K)
[41.234s][info][gc          ] GC(83) Pause Full (System.gc()) 771M->771M(5888M) 410.804ms
[41.635s][info][gc,metaspace] GC(84) Metaspace: 23695K(24192K)->23695K(24192K) NonClass: 19586K(19840K)->19586K(19840K) Class: 4109K(4352K)->4109K(4352K)
[41.635s][info][gc          ] GC(84) Pause Full (System.gc()) 771M->771M(5888M) 400.401ms
[42.030s][info][gc,metaspace] GC(85) Metaspace: 23695K(24192K)->23695K(24192K) NonClass: 19586K(19840K)->19586K(19840K) Class: 4109K(4352K)->4109K(4352K)
[42.030s][info][gc          ] GC(85) Pause Full (System.gc()) 771M->771M(5888M) 395.619ms
[42.446s][info][gc,metaspace] GC(86) Metaspace: 23695K(24192K)->23695K(24192K) NonClass: 19586K(19840K)->19586K(19840K) Class: 4109K(4352K)->4109K(4352K)
[42.446s][info][gc          ] GC(86) Pause Full (System.gc()) 771M->771M(5888M) 415.374ms
[42.859s][info][gc,metaspace] GC(87) Metaspace: 23695K(24192K)->23695K(24192K) NonClass: 19586K(19840K)->19586K(19840K) Class: 4109K(4352K)->4109K(4352K)
[42.859s][info][gc          ] GC(87) Pause Full (System.gc()) 771M->771M(5888M) 412.975ms
[43.320s][info][gc,metaspace] GC(88) Metaspace: 23695K(24192K)->23695K(24192K) NonClass: 19586K(19840K)->19586K(19840K) Class: 4109K(4352K)->4109K(4352K)
[43.320s][info][gc          ] GC(88) Pause Full (System.gc()) 771M->771M(5888M) 461.176ms
[43.733s][info][gc,metaspace] GC(89) Metaspace: 23695K(24192K)->23695K(24192K) NonClass: 19586K(19840K)->19586K(19840K) Class: 4109K(4352K)->4109K(4352K)
[43.733s][info][gc          ] GC(89) Pause Full (System.gc()) 771M->771M(5888M) 412.342ms
[44.145s][info][gc,metaspace] GC(90) Metaspace: 23695K(24192K)->23695K(24192K) NonClass: 19586K(19840K)->19586K(19840K) Class: 4109K(4352K)->4109K(4352K)
[44.145s][info][gc          ] GC(90) Pause Full (System.gc()) 771M->771M(5888M) 412.000ms
[44.546s][info][gc,metaspace] GC(91) Metaspace: 23695K(24192K)->23695K(24192K) NonClass: 19586K(19840K)->19586K(19840K) Class: 4109K(4352K)->4109K(4352K)
[44.547s][info][gc          ] GC(91) Pause Full (System.gc()) 771M->771M(5888M) 401.788ms
[44.955s][info][gc,metaspace] GC(92) Metaspace: 23695K(24192K)->23695K(24192K) NonClass: 19586K(19840K)->19586K(19840K) Class: 4109K(4352K)->4109K(4352K)
[44.955s][info][gc          ] GC(92) Pause Full (System.gc()) 771M->771M(5888M) 408.441ms
[45.396s][info][gc,metaspace] GC(93) Metaspace: 23695K(24192K)->23695K(24192K) NonClass: 19586K(19840K)->19586K(19840K) Class: 4109K(4352K)->4109K(4352K)
[45.396s][info][gc          ] GC(93) Pause Full (System.gc()) 771M->771M(5888M) 441.044ms
[45.804s][info][gc,metaspace] GC(94) Metaspace: 23695K(24192K)->23695K(24192K) NonClass: 19586K(19840K)->19586K(19840K) Class: 4109K(4352K)->4109K(4352K)
[45.804s][info][gc          ] GC(94) Pause Full (System.gc()) 771M->771M(5888M) 407.769ms
[46.284s][info][gc,metaspace] GC(95) Metaspace: 23695K(24192K)->23695K(24192K) NonClass: 19586K(19840K)->19586K(19840K) Class: 4109K(4352K)->4109K(4352K)
[46.284s][info][gc          ] GC(95) Pause Full (System.gc()) 771M->771M(5888M) 479.789ms
[46.691s][info][gc,metaspace] GC(96) Metaspace: 23695K(24192K)->23695K(24192K) NonClass: 19586K(19840K)->19586K(19840K) Class: 4109K(4352K)->4109K(4352K)
[46.691s][info][gc          ] GC(96) Pause Full (System.gc()) 771M->771M(5888M) 406.647ms
[47.097s][info][gc,metaspace] GC(97) Metaspace: 23695K(24192K)->23695K(24192K) NonClass: 19586K(19840K)->19586K(19840K) Class: 4109K(4352K)->4109K(4352K)
[47.097s][info][gc          ] GC(97) Pause Full (System.gc()) 771M->771M(5888M) 405.907ms
[47.499s][info][gc,metaspace] GC(98) Metaspace: 23695K(24192K)->23695K(24192K) NonClass: 19586K(19840K)->19586K(19840K) Class: 4109K(4352K)->4109K(4352K)
[47.499s][info][gc          ] GC(98) Pause Full (System.gc()) 771M->771M(5888M) 402.435ms
[47.895s][info][gc,metaspace] GC(99) Metaspace: 23695K(24192K)->23695K(24192K) NonClass: 19586K(19840K)->19586K(19840K) Class: 4109K(4352K)->4109K(4352K)
[47.896s][info][gc          ] GC(99) Pause Full (System.gc()) 771M->771M(5888M) 396.313ms
[48.311s][info][gc,metaspace] GC(100) Metaspace: 23695K(24192K)->23695K(24192K) NonClass: 19586K(19840K)->19586K(19840K) Class: 4109K(4352K)->4109K(4352K)
[48.311s][info][gc          ] GC(100) Pause Full (System.gc()) 771M->771M(5888M) 415.154ms
After GCs... 
