Done; will start GCs... 
[24.560s][info][gc          ] GC(10) Major Collection (System.gc())
[24.566s][info][gc,metaspace] GC(10) Y: Metaspace: 12M used, 12M committed, 3136M reserved
[24.572s][info][gc,metaspace] GC(10) Y: Metaspace: 12M used, 12M committed, 3136M reserved
[27.153s][info][gc,metaspace] GC(10) O: Metaspace: 12M used, 12M committed, 3136M reserved
[27.153s][info][gc          ] GC(10) Major Collection (System.gc()) 2274M(37%)->2272M(37%) 2.594s
[27.154s][info][gc          ] GC(11) Major Collection (System.gc())
[27.159s][info][gc,metaspace] GC(11) Y: Metaspace: 12M used, 12M committed, 3136M reserved
[27.165s][info][gc,metaspace] GC(11) Y: Metaspace: 12M used, 12M committed, 3136M reserved
[29.665s][info][gc,metaspace] GC(11) O: Metaspace: 12M used, 12M committed, 3136M reserved
[29.665s][info][gc          ] GC(11) Major Collection (System.gc()) 2272M(37%)->2272M(37%) 2.512s
[29.666s][info][gc          ] GC(12) Major Collection (System.gc())
[29.675s][info][gc,metaspace] GC(12) Y: Metaspace: 12M used, 12M committed, 3136M reserved
[29.681s][info][gc,metaspace] GC(12) Y: Metaspace: 12M used, 12M committed, 3136M reserved
[32.173s][info][gc,metaspace] GC(12) O: Metaspace: 12M used, 12M committed, 3136M reserved
[32.173s][info][gc          ] GC(12) Major Collection (System.gc()) 2272M(37%)->2272M(37%) 2.507s
[32.173s][info][gc          ] GC(13) Major Collection (System.gc())
[32.179s][info][gc,metaspace] GC(13) Y: Metaspace: 12M used, 12M committed, 3136M reserved
[32.185s][info][gc,metaspace] GC(13) Y: Metaspace: 12M used, 12M committed, 3136M reserved
[34.915s][info][gc,metaspace] GC(13) O: Metaspace: 12M used, 12M committed, 3136M reserved
[34.915s][info][gc          ] GC(13) Major Collection (System.gc()) 2272M(37%)->2272M(37%) 2.742s
[34.916s][info][gc          ] GC(14) Major Collection (System.gc())
[34.926s][info][gc,metaspace] GC(14) Y: Metaspace: 12M used, 12M committed, 3136M reserved
[34.932s][info][gc,metaspace] GC(14) Y: Metaspace: 12M used, 12M committed, 3136M reserved
[37.463s][info][gc,metaspace] GC(14) O: Metaspace: 12M used, 12M committed, 3136M reserved
[37.463s][info][gc          ] GC(14) Major Collection (System.gc()) 2272M(37%)->2272M(37%) 2.547s
[37.463s][info][gc          ] GC(15) Major Collection (System.gc())
[37.468s][info][gc,metaspace] GC(15) Y: Metaspace: 12M used, 12M committed, 3136M reserved
[37.474s][info][gc,metaspace] GC(15) Y: Metaspace: 12M used, 12M committed, 3136M reserved
[40.254s][info][gc,metaspace] GC(15) O: Metaspace: 12M used, 12M committed, 3136M reserved
[40.254s][info][gc          ] GC(15) Major Collection (System.gc()) 2272M(37%)->2272M(37%) 2.791s
[40.254s][info][gc          ] GC(16) Major Collection (System.gc())
[40.265s][info][gc,metaspace] GC(16) Y: Metaspace: 12M used, 12M committed, 3136M reserved
[40.271s][info][gc,metaspace] GC(16) Y: Metaspace: 12M used, 12M committed, 3136M reserved
[42.628s][info][gc,metaspace] GC(16) O: Metaspace: 12M used, 12M committed, 3136M reserved
[42.628s][info][gc          ] GC(16) Major Collection (System.gc()) 2272M(37%)->2272M(37%) 2.374s
[42.628s][info][gc          ] GC(17) Major Collection (System.gc())
[42.633s][info][gc,metaspace] GC(17) Y: Metaspace: 12M used, 12M committed, 3136M reserved
[42.639s][info][gc,metaspace] GC(17) Y: Metaspace: 12M used, 12M committed, 3136M reserved
[45.169s][info][gc,metaspace] GC(17) O: Metaspace: 12M used, 12M committed, 3136M reserved
[45.169s][info][gc          ] GC(17) Major Collection (System.gc()) 2272M(37%)->2272M(37%) 2.541s
[45.169s][info][gc          ] GC(18) Major Collection (System.gc())
[45.175s][info][gc,metaspace] GC(18) Y: Metaspace: 12M used, 12M committed, 3136M reserved
[45.181s][info][gc,metaspace] GC(18) Y: Metaspace: 12M used, 12M committed, 3136M reserved
[47.710s][info][gc,metaspace] GC(18) O: Metaspace: 12M used, 12M committed, 3136M reserved
[47.710s][info][gc          ] GC(18) Major Collection (System.gc()) 2272M(37%)->2272M(37%) 2.541s
[47.710s][info][gc          ] GC(19) Major Collection (System.gc())
[47.715s][info][gc,metaspace] GC(19) Y: Metaspace: 12M used, 12M committed, 3136M reserved
[47.721s][info][gc,metaspace] GC(19) Y: Metaspace: 12M used, 12M committed, 3136M reserved
[50.059s][info][gc,metaspace] GC(19) O: Metaspace: 12M used, 12M committed, 3136M reserved
[50.059s][info][gc          ] GC(19) Major Collection (System.gc()) 2272M(37%)->2272M(37%) 2.349s
[50.060s][info][gc          ] GC(20) Major Collection (System.gc())
[50.066s][info][gc,metaspace] GC(20) Y: Metaspace: 12M used, 12M committed, 3136M reserved
[50.071s][info][gc,metaspace] GC(20) Y: Metaspace: 12M used, 12M committed, 3136M reserved
[52.629s][info][gc,metaspace] GC(20) O: Metaspace: 12M used, 12M committed, 3136M reserved
[52.629s][info][gc          ] GC(20) Major Collection (System.gc()) 2272M(37%)->2272M(37%) 2.569s
[52.629s][info][gc          ] GC(21) Major Collection (System.gc())
[52.635s][info][gc,metaspace] GC(21) Y: Metaspace: 12M used, 12M committed, 3136M reserved
[52.641s][info][gc,metaspace] GC(21) Y: Metaspace: 12M used, 12M committed, 3136M reserved
[54.994s][info][gc,metaspace] GC(21) O: Metaspace: 12M used, 12M committed, 3136M reserved
[54.994s][info][gc          ] GC(21) Major Collection (System.gc()) 2272M(37%)->2272M(37%) 2.365s
[54.994s][info][gc          ] GC(22) Major Collection (System.gc())
[55.000s][info][gc,metaspace] GC(22) Y: Metaspace: 12M used, 12M committed, 3136M reserved
[55.048s][info][gc,metaspace] GC(22) Y: Metaspace: 12M used, 12M committed, 3136M reserved
[57.417s][info][gc,metaspace] GC(22) O: Metaspace: 12M used, 12M committed, 3136M reserved
[57.417s][info][gc          ] GC(22) Major Collection (System.gc()) 2272M(37%)->2272M(37%) 2.423s
[57.417s][info][gc          ] GC(23) Major Collection (System.gc())
[57.423s][info][gc,metaspace] GC(23) Y: Metaspace: 12M used, 12M committed, 3136M reserved
[57.429s][info][gc,metaspace] GC(23) Y: Metaspace: 12M used, 12M committed, 3136M reserved
[59.892s][info][gc,metaspace] GC(23) O: Metaspace: 12M used, 12M committed, 3136M reserved
[59.892s][info][gc          ] GC(23) Major Collection (System.gc()) 2272M(37%)->2272M(37%) 2.475s
[59.892s][info][gc          ] GC(24) Major Collection (System.gc())
[59.898s][info][gc,metaspace] GC(24) Y: Metaspace: 12M used, 12M committed, 3136M reserved
[59.904s][info][gc,metaspace] GC(24) Y: Metaspace: 12M used, 12M committed, 3136M reserved
[62.347s][info][gc,metaspace] GC(24) O: Metaspace: 12M used, 12M committed, 3136M reserved
[62.347s][info][gc          ] GC(24) Major Collection (System.gc()) 2272M(37%)->2274M(37%) 2.455s
[62.347s][info][gc          ] GC(25) Major Collection (System.gc())
[62.352s][info][gc,metaspace] GC(25) Y: Metaspace: 12M used, 12M committed, 3136M reserved
[62.358s][info][gc,metaspace] GC(25) Y: Metaspace: 12M used, 12M committed, 3136M reserved
[64.809s][info][gc,metaspace] GC(25) O: Metaspace: 12M used, 12M committed, 3136M reserved
[64.809s][info][gc          ] GC(25) Major Collection (System.gc()) 2274M(37%)->2272M(37%) 2.462s
[64.809s][info][gc          ] GC(26) Major Collection (System.gc())
[64.816s][info][gc,metaspace] GC(26) Y: Metaspace: 12M used, 12M committed, 3136M reserved
[64.822s][info][gc,metaspace] GC(26) Y: Metaspace: 12M used, 12M committed, 3136M reserved
[67.285s][info][gc,metaspace] GC(26) O: Metaspace: 12M used, 12M committed, 3136M reserved
[67.285s][info][gc          ] GC(26) Major Collection (System.gc()) 2272M(37%)->2272M(37%) 2.475s
[67.285s][info][gc          ] GC(27) Major Collection (System.gc())
[67.291s][info][gc,metaspace] GC(27) Y: Metaspace: 12M used, 12M committed, 3136M reserved
[67.297s][info][gc,metaspace] GC(27) Y: Metaspace: 12M used, 12M committed, 3136M reserved
[69.874s][info][gc,metaspace] GC(27) O: Metaspace: 12M used, 12M committed, 3136M reserved
[69.874s][info][gc          ] GC(27) Major Collection (System.gc()) 2272M(37%)->2272M(37%) 2.589s
[69.874s][info][gc          ] GC(28) Major Collection (System.gc())
[69.880s][info][gc,metaspace] GC(28) Y: Metaspace: 12M used, 12M committed, 3136M reserved
[69.885s][info][gc,metaspace] GC(28) Y: Metaspace: 12M used, 12M committed, 3136M reserved
[72.333s][info][gc,metaspace] GC(28) O: Metaspace: 12M used, 12M committed, 3136M reserved
[72.333s][info][gc          ] GC(28) Major Collection (System.gc()) 2272M(37%)->2272M(37%) 2.459s
[72.333s][info][gc          ] GC(29) Major Collection (System.gc())
[72.339s][info][gc,metaspace] GC(29) Y: Metaspace: 12M used, 12M committed, 3136M reserved
[72.344s][info][gc,metaspace] GC(29) Y: Metaspace: 12M used, 12M committed, 3136M reserved
[74.751s][info][gc,metaspace] GC(29) O: Metaspace: 12M used, 12M committed, 3136M reserved
[74.751s][info][gc          ] GC(29) Major Collection (System.gc()) 2272M(37%)->2272M(37%) 2.418s
[74.751s][info][gc          ] GC(30) Major Collection (System.gc())
[74.756s][info][gc,metaspace] GC(30) Y: Metaspace: 12M used, 12M committed, 3136M reserved
[74.762s][info][gc,metaspace] GC(30) Y: Metaspace: 12M used, 12M committed, 3136M reserved
[77.434s][info][gc,metaspace] GC(30) O: Metaspace: 12M used, 12M committed, 3136M reserved
[77.434s][info][gc          ] GC(30) Major Collection (System.gc()) 2272M(37%)->2272M(37%) 2.684s
[77.435s][info][gc          ] GC(31) Major Collection (System.gc())
[77.441s][info][gc,metaspace] GC(31) Y: Metaspace: 12M used, 12M committed, 3136M reserved
[77.446s][info][gc,metaspace] GC(31) Y: Metaspace: 12M used, 12M committed, 3136M reserved
[79.993s][info][gc,metaspace] GC(31) O: Metaspace: 12M used, 12M committed, 3136M reserved
[79.993s][info][gc          ] GC(31) Major Collection (System.gc()) 2272M(37%)->2272M(37%) 2.559s
[79.994s][info][gc          ] GC(32) Major Collection (System.gc())
[80.000s][info][gc,metaspace] GC(32) Y: Metaspace: 12M used, 12M committed, 3136M reserved
[80.048s][info][gc,metaspace] GC(32) Y: Metaspace: 12M used, 12M committed, 3136M reserved
[82.592s][info][gc,metaspace] GC(32) O: Metaspace: 12M used, 12M committed, 3136M reserved
[82.592s][info][gc          ] GC(32) Major Collection (System.gc()) 2272M(37%)->2272M(37%) 2.598s
[82.592s][info][gc          ] GC(33) Major Collection (System.gc())
[82.603s][info][gc,metaspace] GC(33) Y: Metaspace: 12M used, 12M committed, 3136M reserved
[82.609s][info][gc,metaspace] GC(33) Y: Metaspace: 12M used, 12M committed, 3136M reserved
[84.946s][info][gc,metaspace] GC(33) O: Metaspace: 12M used, 12M committed, 3136M reserved
[84.946s][info][gc          ] GC(33) Major Collection (System.gc()) 2272M(37%)->2272M(37%) 2.354s
[84.947s][info][gc          ] GC(34) Major Collection (System.gc())
[84.952s][info][gc,metaspace] GC(34) Y: Metaspace: 12M used, 12M committed, 3136M reserved
[84.958s][info][gc,metaspace] GC(34) Y: Metaspace: 12M used, 12M committed, 3136M reserved
[87.985s][info][gc,metaspace] GC(34) O: Metaspace: 12M used, 12M committed, 3136M reserved
[87.985s][info][gc          ] GC(34) Major Collection (System.gc()) 2272M(37%)->2272M(37%) 3.039s
[87.986s][info][gc          ] GC(35) Major Collection (System.gc())
[87.996s][info][gc,metaspace] GC(35) Y: Metaspace: 12M used, 12M committed, 3136M reserved
[88.002s][info][gc,metaspace] GC(35) Y: Metaspace: 12M used, 12M committed, 3136M reserved
[91.064s][info][gc,metaspace] GC(35) O: Metaspace: 12M used, 12M committed, 3136M reserved
[91.064s][info][gc          ] GC(35) Major Collection (System.gc()) 2272M(37%)->2272M(37%) 3.078s
[91.064s][info][gc          ] GC(36) Major Collection (System.gc())
[91.070s][info][gc,metaspace] GC(36) Y: Metaspace: 12M used, 12M committed, 3136M reserved
[91.076s][info][gc,metaspace] GC(36) Y: Metaspace: 12M used, 12M committed, 3136M reserved
[94.091s][info][gc,metaspace] GC(36) O: Metaspace: 12M used, 12M committed, 3136M reserved
[94.091s][info][gc          ] GC(36) Major Collection (System.gc()) 2272M(37%)->2272M(37%) 3.027s
[94.091s][info][gc          ] GC(37) Major Collection (System.gc())
[94.096s][info][gc,metaspace] GC(37) Y: Metaspace: 12M used, 12M committed, 3136M reserved
[94.102s][info][gc,metaspace] GC(37) Y: Metaspace: 12M used, 12M committed, 3136M reserved
[97.166s][info][gc,metaspace] GC(37) O: Metaspace: 12M used, 12M committed, 3136M reserved
[97.166s][info][gc          ] GC(37) Major Collection (System.gc()) 2272M(37%)->2272M(37%) 3.076s
[97.167s][info][gc          ] GC(38) Major Collection (System.gc())
[97.172s][info][gc,metaspace] GC(38) Y: Metaspace: 12M used, 12M committed, 3136M reserved
[97.177s][info][gc,metaspace] GC(38) Y: Metaspace: 12M used, 12M committed, 3136M reserved
[100.175s][info][gc,metaspace] GC(38) O: Metaspace: 12M used, 12M committed, 3136M reserved
[100.175s][info][gc          ] GC(38) Major Collection (System.gc()) 2272M(37%)->2272M(37%) 3.008s
[100.175s][info][gc          ] GC(39) Major Collection (System.gc())
[100.180s][info][gc,metaspace] GC(39) Y: Metaspace: 12M used, 12M committed, 3136M reserved
[100.186s][info][gc,metaspace] GC(39) Y: Metaspace: 12M used, 12M committed, 3136M reserved
[103.258s][info][gc,metaspace] GC(39) O: Metaspace: 12M used, 12M committed, 3136M reserved
[103.258s][info][gc          ] GC(39) Major Collection (System.gc()) 2272M(37%)->2272M(37%) 3.083s
[103.258s][info][gc          ] GC(40) Major Collection (System.gc())
[103.263s][info][gc,metaspace] GC(40) Y: Metaspace: 12M used, 12M committed, 3136M reserved
[103.269s][info][gc,metaspace] GC(40) Y: Metaspace: 12M used, 12M committed, 3136M reserved
[106.298s][info][gc,metaspace] GC(40) O: Metaspace: 12M used, 12M committed, 3136M reserved
[106.298s][info][gc          ] GC(40) Major Collection (System.gc()) 2272M(37%)->2272M(37%) 3.040s
[106.298s][info][gc          ] GC(41) Major Collection (System.gc())
[106.304s][info][gc,metaspace] GC(41) Y: Metaspace: 12M used, 12M committed, 3136M reserved
[106.310s][info][gc,metaspace] GC(41) Y: Metaspace: 12M used, 12M committed, 3136M reserved
[109.374s][info][gc,metaspace] GC(41) O: Metaspace: 12M used, 12M committed, 3136M reserved
[109.374s][info][gc          ] GC(41) Major Collection (System.gc()) 2272M(37%)->2272M(37%) 3.076s
[109.374s][info][gc          ] GC(42) Major Collection (System.gc())
[109.380s][info][gc,metaspace] GC(42) Y: Metaspace: 12M used, 12M committed, 3136M reserved
[109.386s][info][gc,metaspace] GC(42) Y: Metaspace: 12M used, 12M committed, 3136M reserved
[112.112s][info][gc,metaspace] GC(42) O: Metaspace: 12M used, 12M committed, 3136M reserved
[112.112s][info][gc          ] GC(42) Major Collection (System.gc()) 2272M(37%)->2272M(37%) 2.738s
[112.112s][info][gc          ] GC(43) Major Collection (System.gc())
[112.123s][info][gc,metaspace] GC(43) Y: Metaspace: 12M used, 12M committed, 3136M reserved
[112.129s][info][gc,metaspace] GC(43) Y: Metaspace: 12M used, 12M committed, 3136M reserved
[114.743s][info][gc,metaspace] GC(43) O: Metaspace: 12M used, 12M committed, 3136M reserved
[114.743s][info][gc          ] GC(43) Major Collection (System.gc()) 2272M(37%)->2272M(37%) 2.631s
[114.743s][info][gc          ] GC(44) Major Collection (System.gc())
[114.749s][info][gc,metaspace] GC(44) Y: Metaspace: 12M used, 12M committed, 3136M reserved
[114.754s][info][gc,metaspace] GC(44) Y: Metaspace: 12M used, 12M committed, 3136M reserved
[117.787s][info][gc,metaspace] GC(44) O: Metaspace: 12M used, 12M committed, 3136M reserved
[117.787s][info][gc          ] GC(44) Major Collection (System.gc()) 2272M(37%)->2272M(37%) 3.044s
[117.788s][info][gc          ] GC(45) Major Collection (System.gc())
[117.793s][info][gc,metaspace] GC(45) Y: Metaspace: 12M used, 12M committed, 3136M reserved
[117.799s][info][gc,metaspace] GC(45) Y: Metaspace: 12M used, 12M committed, 3136M reserved
[120.630s][info][gc,metaspace] GC(45) O: Metaspace: 12M used, 12M committed, 3136M reserved
[120.630s][info][gc          ] GC(45) Major Collection (System.gc()) 2272M(37%)->2274M(37%) 2.843s
[120.630s][info][gc          ] GC(46) Major Collection (System.gc())
[120.636s][info][gc,metaspace] GC(46) Y: Metaspace: 12M used, 12M committed, 3136M reserved
[120.641s][info][gc,metaspace] GC(46) Y: Metaspace: 12M used, 12M committed, 3136M reserved
[123.560s][info][gc,metaspace] GC(46) O: Metaspace: 12M used, 12M committed, 3136M reserved
[123.560s][info][gc          ] GC(46) Major Collection (System.gc()) 2274M(37%)->2272M(37%) 2.929s
[123.560s][info][gc          ] GC(47) Major Collection (System.gc())
[123.565s][info][gc,metaspace] GC(47) Y: Metaspace: 12M used, 12M committed, 3136M reserved
[123.570s][info][gc,metaspace] GC(47) Y: Metaspace: 12M used, 12M committed, 3136M reserved
[126.157s][info][gc,metaspace] GC(47) O: Metaspace: 12M used, 12M committed, 3136M reserved
[126.157s][info][gc          ] GC(47) Major Collection (System.gc()) 2272M(37%)->2272M(37%) 2.597s
[126.157s][info][gc          ] GC(48) Major Collection (System.gc())
[126.163s][info][gc,metaspace] GC(48) Y: Metaspace: 12M used, 12M committed, 3136M reserved
[126.168s][info][gc,metaspace] GC(48) Y: Metaspace: 12M used, 12M committed, 3136M reserved
[128.707s][info][gc,metaspace] GC(48) O: Metaspace: 12M used, 12M committed, 3136M reserved
[128.707s][info][gc          ] GC(48) Major Collection (System.gc()) 2272M(37%)->2272M(37%) 2.550s
[128.708s][info][gc          ] GC(49) Major Collection (System.gc())
[128.718s][info][gc,metaspace] GC(49) Y: Metaspace: 12M used, 12M committed, 3136M reserved
[128.724s][info][gc,metaspace] GC(49) Y: Metaspace: 12M used, 12M committed, 3136M reserved
[131.572s][info][gc,metaspace] GC(49) O: Metaspace: 12M used, 12M committed, 3136M reserved
[131.572s][info][gc          ] GC(49) Major Collection (System.gc()) 2272M(37%)->2272M(37%) 2.864s
[131.572s][info][gc          ] GC(50) Major Collection (System.gc())
[131.577s][info][gc,metaspace] GC(50) Y: Metaspace: 12M used, 12M committed, 3136M reserved
[131.583s][info][gc,metaspace] GC(50) Y: Metaspace: 12M used, 12M committed, 3136M reserved
[133.997s][info][gc,metaspace] GC(50) O: Metaspace: 12M used, 12M committed, 3136M reserved
[133.997s][info][gc          ] GC(50) Major Collection (System.gc()) 2272M(37%)->2272M(37%) 2.425s
[133.998s][info][gc          ] GC(51) Major Collection (System.gc())
[134.051s][info][gc,metaspace] GC(51) Y: Metaspace: 12M used, 12M committed, 3136M reserved
[134.056s][info][gc,metaspace] GC(51) Y: Metaspace: 12M used, 12M committed, 3136M reserved
[136.550s][info][gc,metaspace] GC(51) O: Metaspace: 12M used, 12M committed, 3136M reserved
[136.550s][info][gc          ] GC(51) Major Collection (System.gc()) 2272M(37%)->2272M(37%) 2.552s
[136.550s][info][gc          ] GC(52) Major Collection (System.gc())
[136.555s][info][gc,metaspace] GC(52) Y: Metaspace: 12M used, 12M committed, 3136M reserved
[136.560s][info][gc,metaspace] GC(52) Y: Metaspace: 12M used, 12M committed, 3136M reserved
[139.524s][info][gc,metaspace] GC(52) O: Metaspace: 12M used, 12M committed, 3136M reserved
[139.524s][info][gc          ] GC(52) Major Collection (System.gc()) 2272M(37%)->2272M(37%) 2.974s
[139.524s][info][gc          ] GC(53) Major Collection (System.gc())
[139.530s][info][gc,metaspace] GC(53) Y: Metaspace: 12M used, 12M committed, 3136M reserved
[139.536s][info][gc,metaspace] GC(53) Y: Metaspace: 12M used, 12M committed, 3136M reserved
[141.974s][info][gc,metaspace] GC(53) O: Metaspace: 12M used, 12M committed, 3136M reserved
[141.974s][info][gc          ] GC(53) Major Collection (System.gc()) 2272M(37%)->2272M(37%) 2.450s
[141.975s][info][gc          ] GC(54) Major Collection (System.gc())
[141.980s][info][gc,metaspace] GC(54) Y: Metaspace: 12M used, 12M committed, 3136M reserved
[141.986s][info][gc,metaspace] GC(54) Y: Metaspace: 12M used, 12M committed, 3136M reserved
[144.768s][info][gc,metaspace] GC(54) O: Metaspace: 12M used, 12M committed, 3136M reserved
[144.768s][info][gc          ] GC(54) Major Collection (System.gc()) 2272M(37%)->2272M(37%) 2.794s
[144.768s][info][gc          ] GC(55) Major Collection (System.gc())
[144.779s][info][gc,metaspace] GC(55) Y: Metaspace: 12M used, 12M committed, 3136M reserved
[144.784s][info][gc,metaspace] GC(55) Y: Metaspace: 12M used, 12M committed, 3136M reserved
[147.716s][info][gc,metaspace] GC(55) O: Metaspace: 12M used, 12M committed, 3136M reserved
[147.716s][info][gc          ] GC(55) Major Collection (System.gc()) 2272M(37%)->2272M(37%) 2.948s
[147.716s][info][gc          ] GC(56) Major Collection (System.gc())
[147.721s][info][gc,metaspace] GC(56) Y: Metaspace: 12M used, 12M committed, 3136M reserved
[147.727s][info][gc,metaspace] GC(56) Y: Metaspace: 12M used, 12M committed, 3136M reserved
[150.171s][info][gc,metaspace] GC(56) O: Metaspace: 12M used, 12M committed, 3136M reserved
[150.171s][info][gc          ] GC(56) Major Collection (System.gc()) 2272M(37%)->2272M(37%) 2.455s
[150.171s][info][gc          ] GC(57) Major Collection (System.gc())
[150.181s][info][gc,metaspace] GC(57) Y: Metaspace: 12M used, 12M committed, 3136M reserved
[150.188s][info][gc,metaspace] GC(57) Y: Metaspace: 12M used, 12M committed, 3136M reserved
[152.889s][info][gc,metaspace] GC(57) O: Metaspace: 12M used, 12M committed, 3136M reserved
[152.889s][info][gc          ] GC(57) Major Collection (System.gc()) 2272M(37%)->2272M(37%) 2.717s
[152.889s][info][gc          ] GC(58) Major Collection (System.gc())
[152.894s][info][gc,metaspace] GC(58) Y: Metaspace: 12M used, 12M committed, 3136M reserved
[152.899s][info][gc,metaspace] GC(58) Y: Metaspace: 12M used, 12M committed, 3136M reserved
[155.171s][info][gc,metaspace] GC(58) O: Metaspace: 12M used, 12M committed, 3136M reserved
[155.171s][info][gc          ] GC(58) Major Collection (System.gc()) 2272M(37%)->2272M(37%) 2.282s
[155.171s][info][gc          ] GC(59) Major Collection (System.gc())
[155.182s][info][gc,metaspace] GC(59) Y: Metaspace: 12M used, 12M committed, 3136M reserved
[155.188s][info][gc,metaspace] GC(59) Y: Metaspace: 12M used, 12M committed, 3136M reserved
[157.443s][info][gc,metaspace] GC(59) O: Metaspace: 12M used, 12M committed, 3136M reserved
[157.443s][info][gc          ] GC(59) Major Collection (System.gc()) 2272M(37%)->2272M(37%) 2.272s
After GCs... 
