Done; will start GCs... 
[24.799s][info][gc          ] GC(11) Major Collection (System.gc())
[24.805s][info][gc,metaspace] GC(11) Y: Metaspace: 12M used, 12M committed, 3136M reserved
[24.812s][info][gc,metaspace] GC(11) Y: Metaspace: 12M used, 12M committed, 3136M reserved
[27.586s][info][gc,metaspace] GC(11) O: Metaspace: 12M used, 12M committed, 3136M reserved
[27.586s][info][gc          ] GC(11) Major Collection (System.gc()) 2274M(37%)->2272M(37%) 2.787s
[27.586s][info][gc          ] GC(12) Major Collection (System.gc())
[27.592s][info][gc,metaspace] GC(12) Y: Metaspace: 12M used, 12M committed, 3136M reserved
[27.598s][info][gc,metaspace] GC(12) Y: Metaspace: 12M used, 12M committed, 3136M reserved
[30.109s][info][gc,metaspace] GC(12) O: Metaspace: 12M used, 12M committed, 3136M reserved
[30.109s][info][gc          ] GC(12) Major Collection (System.gc()) 2272M(37%)->2272M(37%) 2.523s
[30.109s][info][gc          ] GC(13) Major Collection (System.gc())
[30.116s][info][gc,metaspace] GC(13) Y: Metaspace: 12M used, 12M committed, 3136M reserved
[30.122s][info][gc,metaspace] GC(13) Y: Metaspace: 12M used, 12M committed, 3136M reserved
[32.831s][info][gc,metaspace] GC(13) O: Metaspace: 12M used, 12M committed, 3136M reserved
[32.831s][info][gc          ] GC(13) Major Collection (System.gc()) 2272M(37%)->2272M(37%) 2.722s
[32.831s][info][gc          ] GC(14) Major Collection (System.gc())
[32.837s][info][gc,metaspace] GC(14) Y: Metaspace: 12M used, 12M committed, 3136M reserved
[32.843s][info][gc,metaspace] GC(14) Y: Metaspace: 12M used, 12M committed, 3136M reserved
[35.593s][info][gc,metaspace] GC(14) O: Metaspace: 12M used, 12M committed, 3136M reserved
[35.593s][info][gc          ] GC(14) Major Collection (System.gc()) 2272M(37%)->2272M(37%) 2.761s
[35.593s][info][gc          ] GC(15) Major Collection (System.gc())
[35.599s][info][gc,metaspace] GC(15) Y: Metaspace: 12M used, 12M committed, 3136M reserved
[35.606s][info][gc,metaspace] GC(15) Y: Metaspace: 12M used, 12M committed, 3136M reserved
[38.107s][info][gc,metaspace] GC(15) O: Metaspace: 12M used, 12M committed, 3136M reserved
[38.107s][info][gc          ] GC(15) Major Collection (System.gc()) 2272M(37%)->2272M(37%) 2.514s
[38.107s][info][gc          ] GC(16) Major Collection (System.gc())
[38.114s][info][gc,metaspace] GC(16) Y: Metaspace: 12M used, 12M committed, 3136M reserved
[38.120s][info][gc,metaspace] GC(16) Y: Metaspace: 12M used, 12M committed, 3136M reserved
[40.831s][info][gc,metaspace] GC(16) O: Metaspace: 12M used, 12M committed, 3136M reserved
[40.831s][info][gc          ] GC(16) Major Collection (System.gc()) 2272M(37%)->2272M(37%) 2.724s
[40.831s][info][gc          ] GC(17) Major Collection (System.gc())
[40.840s][info][gc,metaspace] GC(17) Y: Metaspace: 12M used, 12M committed, 3136M reserved
[40.846s][info][gc,metaspace] GC(17) Y: Metaspace: 12M used, 12M committed, 3136M reserved
[43.585s][info][gc,metaspace] GC(17) O: Metaspace: 12M used, 12M committed, 3136M reserved
[43.585s][info][gc          ] GC(17) Major Collection (System.gc()) 2272M(37%)->2272M(37%) 2.754s
[43.585s][info][gc          ] GC(18) Major Collection (System.gc())
[43.591s][info][gc,metaspace] GC(18) Y: Metaspace: 12M used, 12M committed, 3136M reserved
[43.598s][info][gc,metaspace] GC(18) Y: Metaspace: 12M used, 12M committed, 3136M reserved
[46.101s][info][gc,metaspace] GC(18) O: Metaspace: 12M used, 12M committed, 3136M reserved
[46.101s][info][gc          ] GC(18) Major Collection (System.gc()) 2272M(37%)->2272M(37%) 2.516s
[46.101s][info][gc          ] GC(19) Major Collection (System.gc())
[46.108s][info][gc,metaspace] GC(19) Y: Metaspace: 12M used, 12M committed, 3136M reserved
[46.114s][info][gc,metaspace] GC(19) Y: Metaspace: 12M used, 12M committed, 3136M reserved
[48.806s][info][gc,metaspace] GC(19) O: Metaspace: 12M used, 12M committed, 3136M reserved
[48.806s][info][gc          ] GC(19) Major Collection (System.gc()) 2272M(37%)->2272M(37%) 2.705s
[48.806s][info][gc          ] GC(20) Major Collection (System.gc())
[48.812s][info][gc,metaspace] GC(20) Y: Metaspace: 12M used, 12M committed, 3136M reserved
[48.818s][info][gc,metaspace] GC(20) Y: Metaspace: 12M used, 12M committed, 3136M reserved
[51.572s][info][gc,metaspace] GC(20) O: Metaspace: 12M used, 12M committed, 3136M reserved
[51.572s][info][gc          ] GC(20) Major Collection (System.gc()) 2272M(37%)->2272M(37%) 2.766s
[51.572s][info][gc          ] GC(21) Major Collection (System.gc())
[51.579s][info][gc,metaspace] GC(21) Y: Metaspace: 12M used, 12M committed, 3136M reserved
[51.585s][info][gc,metaspace] GC(21) Y: Metaspace: 12M used, 12M committed, 3136M reserved
[54.088s][info][gc,metaspace] GC(21) O: Metaspace: 12M used, 12M committed, 3136M reserved
[54.088s][info][gc          ] GC(21) Major Collection (System.gc()) 2272M(37%)->2272M(37%) 2.516s
[54.088s][info][gc          ] GC(22) Major Collection (System.gc())
[54.095s][info][gc,metaspace] GC(22) Y: Metaspace: 12M used, 12M committed, 3136M reserved
[54.101s][info][gc,metaspace] GC(22) Y: Metaspace: 12M used, 12M committed, 3136M reserved
[56.814s][info][gc,metaspace] GC(22) O: Metaspace: 12M used, 12M committed, 3136M reserved
[56.814s][info][gc          ] GC(22) Major Collection (System.gc()) 2272M(37%)->2272M(37%) 2.726s
[56.814s][info][gc          ] GC(23) Major Collection (System.gc())
[56.820s][info][gc,metaspace] GC(23) Y: Metaspace: 12M used, 12M committed, 3136M reserved
[56.826s][info][gc,metaspace] GC(23) Y: Metaspace: 12M used, 12M committed, 3136M reserved
[59.597s][info][gc,metaspace] GC(23) O: Metaspace: 12M used, 12M committed, 3136M reserved
[59.597s][info][gc          ] GC(23) Major Collection (System.gc()) 2272M(37%)->2272M(37%) 2.783s
[59.597s][info][gc          ] GC(24) Major Collection (System.gc())
[59.603s][info][gc,metaspace] GC(24) Y: Metaspace: 12M used, 12M committed, 3136M reserved
[59.609s][info][gc,metaspace] GC(24) Y: Metaspace: 12M used, 12M committed, 3136M reserved
[62.122s][info][gc,metaspace] GC(24) O: Metaspace: 12M used, 12M committed, 3136M reserved
[62.122s][info][gc          ] GC(24) Major Collection (System.gc()) 2272M(37%)->2274M(37%) 2.525s
[62.122s][info][gc          ] GC(25) Major Collection (System.gc())
[62.128s][info][gc,metaspace] GC(25) Y: Metaspace: 12M used, 12M committed, 3136M reserved
[62.135s][info][gc,metaspace] GC(25) Y: Metaspace: 12M used, 12M committed, 3136M reserved
[64.853s][info][gc,metaspace] GC(25) O: Metaspace: 12M used, 12M committed, 3136M reserved
[64.853s][info][gc          ] GC(25) Major Collection (System.gc()) 2274M(37%)->2274M(37%) 2.731s
[64.853s][info][gc          ] GC(26) Major Collection (System.gc())
[64.859s][info][gc,metaspace] GC(26) Y: Metaspace: 12M used, 12M committed, 3136M reserved
[64.866s][info][gc,metaspace] GC(26) Y: Metaspace: 12M used, 12M committed, 3136M reserved
[67.616s][info][gc,metaspace] GC(26) O: Metaspace: 12M used, 12M committed, 3136M reserved
[67.616s][info][gc          ] GC(26) Major Collection (System.gc()) 2274M(37%)->2274M(37%) 2.763s
[67.616s][info][gc          ] GC(27) Major Collection (System.gc())
[67.622s][info][gc,metaspace] GC(27) Y: Metaspace: 12M used, 12M committed, 3136M reserved
[67.629s][info][gc,metaspace] GC(27) Y: Metaspace: 12M used, 12M committed, 3136M reserved
[70.116s][info][gc,metaspace] GC(27) O: Metaspace: 12M used, 12M committed, 3136M reserved
[70.117s][info][gc          ] GC(27) Major Collection (System.gc()) 2274M(37%)->2274M(37%) 2.501s
[70.117s][info][gc          ] GC(28) Major Collection (System.gc())
[70.123s][info][gc,metaspace] GC(28) Y: Metaspace: 12M used, 12M committed, 3136M reserved
[70.129s][info][gc,metaspace] GC(28) Y: Metaspace: 12M used, 12M committed, 3136M reserved
[72.822s][info][gc,metaspace] GC(28) O: Metaspace: 12M used, 12M committed, 3136M reserved
[72.822s][info][gc          ] GC(28) Major Collection (System.gc()) 2274M(37%)->2274M(37%) 2.706s
[72.822s][info][gc          ] GC(29) Major Collection (System.gc())
[72.829s][info][gc,metaspace] GC(29) Y: Metaspace: 12M used, 12M committed, 3136M reserved
[72.834s][info][gc,metaspace] GC(29) Y: Metaspace: 12M used, 12M committed, 3136M reserved
[75.610s][info][gc,metaspace] GC(29) O: Metaspace: 12M used, 12M committed, 3136M reserved
[75.610s][info][gc          ] GC(29) Major Collection (System.gc()) 2274M(37%)->2274M(37%) 2.787s
[75.610s][info][gc          ] GC(30) Major Collection (System.gc())
[75.616s][info][gc,metaspace] GC(30) Y: Metaspace: 12M used, 12M committed, 3136M reserved
[75.623s][info][gc,metaspace] GC(30) Y: Metaspace: 12M used, 12M committed, 3136M reserved
[78.121s][info][gc,metaspace] GC(30) O: Metaspace: 12M used, 12M committed, 3136M reserved
[78.121s][info][gc          ] GC(30) Major Collection (System.gc()) 2274M(37%)->2274M(37%) 2.511s
[78.121s][info][gc          ] GC(31) Major Collection (System.gc())
[78.127s][info][gc,metaspace] GC(31) Y: Metaspace: 12M used, 12M committed, 3136M reserved
[78.134s][info][gc,metaspace] GC(31) Y: Metaspace: 12M used, 12M committed, 3136M reserved
[80.826s][info][gc,metaspace] GC(31) O: Metaspace: 12M used, 12M committed, 3136M reserved
[80.826s][info][gc          ] GC(31) Major Collection (System.gc()) 2274M(37%)->2274M(37%) 2.705s
[80.826s][info][gc          ] GC(32) Major Collection (System.gc())
[80.833s][info][gc,metaspace] GC(32) Y: Metaspace: 12M used, 12M committed, 3136M reserved
[80.838s][info][gc,metaspace] GC(32) Y: Metaspace: 12M used, 12M committed, 3136M reserved
[83.607s][info][gc,metaspace] GC(32) O: Metaspace: 12M used, 12M committed, 3136M reserved
[83.607s][info][gc          ] GC(32) Major Collection (System.gc()) 2274M(37%)->2274M(37%) 2.781s
[83.607s][info][gc          ] GC(33) Major Collection (System.gc())
[83.614s][info][gc,metaspace] GC(33) Y: Metaspace: 12M used, 12M committed, 3136M reserved
[83.620s][info][gc,metaspace] GC(33) Y: Metaspace: 12M used, 12M committed, 3136M reserved
[86.125s][info][gc,metaspace] GC(33) O: Metaspace: 12M used, 12M committed, 3136M reserved
[86.125s][info][gc          ] GC(33) Major Collection (System.gc()) 2274M(37%)->2274M(37%) 2.518s
[86.125s][info][gc          ] GC(34) Major Collection (System.gc())
[86.132s][info][gc,metaspace] GC(34) Y: Metaspace: 12M used, 12M committed, 3136M reserved
[86.138s][info][gc,metaspace] GC(34) Y: Metaspace: 12M used, 12M committed, 3136M reserved
[88.842s][info][gc,metaspace] GC(34) O: Metaspace: 12M used, 12M committed, 3136M reserved
[88.842s][info][gc          ] GC(34) Major Collection (System.gc()) 2274M(37%)->2274M(37%) 2.717s
[88.842s][info][gc          ] GC(35) Major Collection (System.gc())
[88.848s][info][gc,metaspace] GC(35) Y: Metaspace: 12M used, 12M committed, 3136M reserved
[88.853s][info][gc,metaspace] GC(35) Y: Metaspace: 12M used, 12M committed, 3136M reserved
[91.616s][info][gc,metaspace] GC(35) O: Metaspace: 12M used, 12M committed, 3136M reserved
[91.616s][info][gc          ] GC(35) Major Collection (System.gc()) 2274M(37%)->2274M(37%) 2.774s
[91.616s][info][gc          ] GC(36) Major Collection (System.gc())
[91.622s][info][gc,metaspace] GC(36) Y: Metaspace: 12M used, 12M committed, 3136M reserved
[91.629s][info][gc,metaspace] GC(36) Y: Metaspace: 12M used, 12M committed, 3136M reserved
[94.107s][info][gc,metaspace] GC(36) O: Metaspace: 12M used, 12M committed, 3136M reserved
[94.107s][info][gc          ] GC(36) Major Collection (System.gc()) 2274M(37%)->2274M(37%) 2.491s
[94.108s][info][gc          ] GC(37) Major Collection (System.gc())
[94.114s][info][gc,metaspace] GC(37) Y: Metaspace: 12M used, 12M committed, 3136M reserved
[94.120s][info][gc,metaspace] GC(37) Y: Metaspace: 12M used, 12M committed, 3136M reserved
[96.835s][info][gc,metaspace] GC(37) O: Metaspace: 12M used, 12M committed, 3136M reserved
[96.835s][info][gc          ] GC(37) Major Collection (System.gc()) 2274M(37%)->2274M(37%) 2.727s
[96.835s][info][gc          ] GC(38) Major Collection (System.gc())
[96.844s][info][gc,metaspace] GC(38) Y: Metaspace: 12M used, 12M committed, 3136M reserved
[96.849s][info][gc,metaspace] GC(38) Y: Metaspace: 12M used, 12M committed, 3136M reserved
[99.610s][info][gc,metaspace] GC(38) O: Metaspace: 12M used, 12M committed, 3136M reserved
[99.610s][info][gc          ] GC(38) Major Collection (System.gc()) 2274M(37%)->2274M(37%) 2.775s
[99.614s][info][gc          ] GC(39) Major Collection (System.gc())
[99.621s][info][gc,metaspace] GC(39) Y: Metaspace: 12M used, 12M committed, 3136M reserved
[99.628s][info][gc,metaspace] GC(39) Y: Metaspace: 12M used, 12M committed, 3136M reserved
[102.096s][info][gc,metaspace] GC(39) O: Metaspace: 12M used, 12M committed, 3136M reserved
[102.097s][info][gc          ] GC(39) Major Collection (System.gc()) 2274M(37%)->2274M(37%) 2.482s
[102.097s][info][gc          ] GC(40) Major Collection (System.gc())
[102.103s][info][gc,metaspace] GC(40) Y: Metaspace: 12M used, 12M committed, 3136M reserved
[102.110s][info][gc,metaspace] GC(40) Y: Metaspace: 12M used, 12M committed, 3136M reserved
[104.810s][info][gc,metaspace] GC(40) O: Metaspace: 12M used, 12M committed, 3136M reserved
[104.810s][info][gc          ] GC(40) Major Collection (System.gc()) 2274M(37%)->2274M(37%) 2.713s
[104.810s][info][gc          ] GC(41) Major Collection (System.gc())
[104.816s][info][gc,metaspace] GC(41) Y: Metaspace: 12M used, 12M committed, 3136M reserved
[104.822s][info][gc,metaspace] GC(41) Y: Metaspace: 12M used, 12M committed, 3136M reserved
[107.579s][info][gc,metaspace] GC(41) O: Metaspace: 12M used, 12M committed, 3136M reserved
[107.579s][info][gc          ] GC(41) Major Collection (System.gc()) 2274M(37%)->2274M(37%) 2.769s
[107.579s][info][gc          ] GC(42) Major Collection (System.gc())
[107.585s][info][gc,metaspace] GC(42) Y: Metaspace: 12M used, 12M committed, 3136M reserved
[107.591s][info][gc,metaspace] GC(42) Y: Metaspace: 12M used, 12M committed, 3136M reserved
[110.085s][info][gc,metaspace] GC(42) O: Metaspace: 12M used, 12M committed, 3136M reserved
[110.085s][info][gc          ] GC(42) Major Collection (System.gc()) 2274M(37%)->2274M(37%) 2.506s
[110.085s][info][gc          ] GC(43) Major Collection (System.gc())
[110.092s][info][gc,metaspace] GC(43) Y: Metaspace: 12M used, 12M committed, 3136M reserved
[110.099s][info][gc,metaspace] GC(43) Y: Metaspace: 12M used, 12M committed, 3136M reserved
[112.814s][info][gc,metaspace] GC(43) O: Metaspace: 12M used, 12M committed, 3136M reserved
[112.814s][info][gc          ] GC(43) Major Collection (System.gc()) 2274M(37%)->2274M(37%) 2.729s
[112.814s][info][gc          ] GC(44) Major Collection (System.gc())
[112.821s][info][gc,metaspace] GC(44) Y: Metaspace: 12M used, 12M committed, 3136M reserved
[112.827s][info][gc,metaspace] GC(44) Y: Metaspace: 12M used, 12M committed, 3136M reserved
[115.952s][info][gc,metaspace] GC(44) O: Metaspace: 12M used, 12M committed, 3136M reserved
[115.952s][info][gc          ] GC(44) Major Collection (System.gc()) 2274M(37%)->2274M(37%) 3.138s
[115.952s][info][gc          ] GC(45) Major Collection (System.gc())
[115.960s][info][gc,metaspace] GC(45) Y: Metaspace: 12M used, 12M committed, 3136M reserved
[115.966s][info][gc,metaspace] GC(45) Y: Metaspace: 12M used, 12M committed, 3136M reserved
[118.681s][info][gc,metaspace] GC(45) O: Metaspace: 12M used, 12M committed, 3136M reserved
[118.681s][info][gc          ] GC(45) Major Collection (System.gc()) 2274M(37%)->2274M(37%) 2.729s
[118.681s][info][gc          ] GC(46) Major Collection (System.gc())
[118.688s][info][gc,metaspace] GC(46) Y: Metaspace: 12M used, 12M committed, 3136M reserved
[118.694s][info][gc,metaspace] GC(46) Y: Metaspace: 12M used, 12M committed, 3136M reserved
[121.163s][info][gc,metaspace] GC(46) O: Metaspace: 12M used, 12M committed, 3136M reserved
[121.163s][info][gc          ] GC(46) Major Collection (System.gc()) 2274M(37%)->2276M(37%) 2.482s
[121.163s][info][gc          ] GC(47) Major Collection (System.gc())
[121.169s][info][gc,metaspace] GC(47) Y: Metaspace: 12M used, 12M committed, 3136M reserved
[121.175s][info][gc,metaspace] GC(47) Y: Metaspace: 12M used, 12M committed, 3136M reserved
[123.864s][info][gc,metaspace] GC(47) O: Metaspace: 12M used, 12M committed, 3136M reserved
[123.864s][info][gc          ] GC(47) Major Collection (System.gc()) 2276M(37%)->2274M(37%) 2.701s
[123.864s][info][gc          ] GC(48) Major Collection (System.gc())
[123.870s][info][gc,metaspace] GC(48) Y: Metaspace: 12M used, 12M committed, 3136M reserved
[123.876s][info][gc,metaspace] GC(48) Y: Metaspace: 12M used, 12M committed, 3136M reserved
[126.620s][info][gc,metaspace] GC(48) O: Metaspace: 12M used, 12M committed, 3136M reserved
[126.620s][info][gc          ] GC(48) Major Collection (System.gc()) 2274M(37%)->2274M(37%) 2.756s
[126.620s][info][gc          ] GC(49) Major Collection (System.gc())
[126.626s][info][gc,metaspace] GC(49) Y: Metaspace: 12M used, 12M committed, 3136M reserved
[126.632s][info][gc,metaspace] GC(49) Y: Metaspace: 12M used, 12M committed, 3136M reserved
[129.131s][info][gc,metaspace] GC(49) O: Metaspace: 12M used, 12M committed, 3136M reserved
[129.131s][info][gc          ] GC(49) Major Collection (System.gc()) 2274M(37%)->2274M(37%) 2.511s
[129.131s][info][gc          ] GC(50) Major Collection (System.gc())
[129.137s][info][gc,metaspace] GC(50) Y: Metaspace: 12M used, 12M committed, 3136M reserved
[129.142s][info][gc,metaspace] GC(50) Y: Metaspace: 12M used, 12M committed, 3136M reserved
[131.847s][info][gc,metaspace] GC(50) O: Metaspace: 12M used, 12M committed, 3136M reserved
[131.847s][info][gc          ] GC(50) Major Collection (System.gc()) 2274M(37%)->2274M(37%) 2.716s
[131.847s][info][gc          ] GC(51) Major Collection (System.gc())
[131.853s][info][gc,metaspace] GC(51) Y: Metaspace: 12M used, 12M committed, 3136M reserved
[131.859s][info][gc,metaspace] GC(51) Y: Metaspace: 12M used, 12M committed, 3136M reserved
[134.628s][info][gc,metaspace] GC(51) O: Metaspace: 12M used, 12M committed, 3136M reserved
[134.628s][info][gc          ] GC(51) Major Collection (System.gc()) 2274M(37%)->2274M(37%) 2.781s
[134.628s][info][gc          ] GC(52) Major Collection (System.gc())
[134.634s][info][gc,metaspace] GC(52) Y: Metaspace: 12M used, 12M committed, 3136M reserved
[134.640s][info][gc,metaspace] GC(52) Y: Metaspace: 12M used, 12M committed, 3136M reserved
[137.137s][info][gc,metaspace] GC(52) O: Metaspace: 12M used, 12M committed, 3136M reserved
[137.137s][info][gc          ] GC(52) Major Collection (System.gc()) 2274M(37%)->2274M(37%) 2.509s
[137.138s][info][gc          ] GC(53) Major Collection (System.gc())
[137.143s][info][gc,metaspace] GC(53) Y: Metaspace: 12M used, 12M committed, 3136M reserved
[137.148s][info][gc,metaspace] GC(53) Y: Metaspace: 12M used, 12M committed, 3136M reserved
[139.810s][info][gc,metaspace] GC(53) O: Metaspace: 12M used, 12M committed, 3136M reserved
[139.810s][info][gc          ] GC(53) Major Collection (System.gc()) 2274M(37%)->2274M(37%) 2.673s
[139.810s][info][gc          ] GC(54) Major Collection (System.gc())
[139.816s][info][gc,metaspace] GC(54) Y: Metaspace: 12M used, 12M committed, 3136M reserved
[139.822s][info][gc,metaspace] GC(54) Y: Metaspace: 12M used, 12M committed, 3136M reserved
[142.604s][info][gc,metaspace] GC(54) O: Metaspace: 12M used, 12M committed, 3136M reserved
[142.604s][info][gc          ] GC(54) Major Collection (System.gc()) 2274M(37%)->2274M(37%) 2.794s
[142.604s][info][gc          ] GC(55) Major Collection (System.gc())
[142.610s][info][gc,metaspace] GC(55) Y: Metaspace: 12M used, 12M committed, 3136M reserved
[142.615s][info][gc,metaspace] GC(55) Y: Metaspace: 12M used, 12M committed, 3136M reserved
[145.107s][info][gc,metaspace] GC(55) O: Metaspace: 12M used, 12M committed, 3136M reserved
[145.107s][info][gc          ] GC(55) Major Collection (System.gc()) 2274M(37%)->2274M(37%) 2.503s
[145.107s][info][gc          ] GC(56) Major Collection (System.gc())
[145.113s][info][gc,metaspace] GC(56) Y: Metaspace: 12M used, 12M committed, 3136M reserved
[145.119s][info][gc,metaspace] GC(56) Y: Metaspace: 12M used, 12M committed, 3136M reserved
[147.823s][info][gc,metaspace] GC(56) O: Metaspace: 12M used, 12M committed, 3136M reserved
[147.823s][info][gc          ] GC(56) Major Collection (System.gc()) 2274M(37%)->2274M(37%) 2.716s
[147.823s][info][gc          ] GC(57) Major Collection (System.gc())
[147.829s][info][gc,metaspace] GC(57) Y: Metaspace: 12M used, 12M committed, 3136M reserved
[147.835s][info][gc,metaspace] GC(57) Y: Metaspace: 12M used, 12M committed, 3136M reserved
[150.602s][info][gc,metaspace] GC(57) O: Metaspace: 12M used, 12M committed, 3136M reserved
[150.602s][info][gc          ] GC(57) Major Collection (System.gc()) 2274M(37%)->2274M(37%) 2.779s
[150.602s][info][gc          ] GC(58) Major Collection (System.gc())
[150.609s][info][gc,metaspace] GC(58) Y: Metaspace: 12M used, 12M committed, 3136M reserved
[150.615s][info][gc,metaspace] GC(58) Y: Metaspace: 12M used, 12M committed, 3136M reserved
[153.110s][info][gc,metaspace] GC(58) O: Metaspace: 12M used, 12M committed, 3136M reserved
[153.110s][info][gc          ] GC(58) Major Collection (System.gc()) 2274M(37%)->2274M(37%) 2.507s
[153.110s][info][gc          ] GC(59) Major Collection (System.gc())
[153.115s][info][gc,metaspace] GC(59) Y: Metaspace: 12M used, 12M committed, 3136M reserved
[153.120s][info][gc,metaspace] GC(59) Y: Metaspace: 12M used, 12M committed, 3136M reserved
[155.808s][info][gc,metaspace] GC(59) O: Metaspace: 12M used, 12M committed, 3136M reserved
[155.808s][info][gc          ] GC(59) Major Collection (System.gc()) 2274M(37%)->2274M(37%) 2.698s
[155.808s][info][gc          ] GC(60) Major Collection (System.gc())
[155.814s][info][gc,metaspace] GC(60) Y: Metaspace: 12M used, 12M committed, 3136M reserved
[155.820s][info][gc,metaspace] GC(60) Y: Metaspace: 12M used, 12M committed, 3136M reserved
[158.610s][info][gc,metaspace] GC(60) O: Metaspace: 12M used, 12M committed, 3136M reserved
[158.610s][info][gc          ] GC(60) Major Collection (System.gc()) 2274M(37%)->2274M(37%) 2.802s
After GCs... 
