[0.002s][info][metaspace]  - commit_granule_bytes: 65536.
[0.002s][info][metaspace]  - commit_granule_words: 8192.
[0.002s][info][metaspace]  - virtual_space_node_default_size: 8388608.
[0.002s][info][metaspace]  - enlarge_chunks_in_place: 1.
[0.002s][info][metaspace]  - use_allocation_guard: 0.
[0.390s][info][gc       ] Using The Z Garbage Collector
[0.390s][info][metaspace] Reserving compressed class space anywhere
[0.390s][info][gc,metaspace] CDS archive(s) not mapped
[0.390s][info][gc,metaspace] Compressed class space mapped at: 0x000000003c000000-0x00000000fc000000, reserved size: 3221225472
[0.390s][info][gc,metaspace] UseCompressedClassPointers 1, UseCompactObjectHeaders 0, narrow klass pointer bits 32, max shift 3
[0.390s][info][gc,metaspace] Narrow klass base: 0x0000000000000000, Narrow klass shift: 0, Narrow klass range: 0xfc000000
Random Seed: 12345678
Num Classes: 256
Num Objects: 67108864
Percent IK Objects: 83.0%)
Percent OAK Objects: 5.0%)
Percent TAK Objects: 12.0%)
Cycles: 50
Loading 256 pre-generated classes ...
Materialize pre-generated constructors ...
Creating objects...
[0.629s][info][gc          ] GC(0) Major Collection (System.gc())
[0.646s][info][gc,metaspace] GC(0) Y: Metaspace: 11M used, 11M committed, 3136M reserved
[0.649s][info][gc,metaspace] GC(0) Y: Metaspace: 11M used, 11M committed, 3136M reserved
[0.662s][info][gc,metaspace] GC(0) O: Metaspace: 11M used, 11M committed, 3136M reserved
[0.662s][info][gc          ] GC(0) Major Collection (System.gc()) 54M(1%)->42M(1%) 0.033s
[0.878s][info][gc          ] GC(1) Major Collection (Warmup)
[1.155s][info][gc,metaspace] GC(1) Y: Metaspace: 12M used, 12M committed, 3136M reserved
[1.176s][info][gc,metaspace] GC(1) O: Metaspace: 12M used, 12M committed, 3136M reserved
[1.176s][info][gc          ] GC(1) Major Collection (Warmup) 618M(10%)->872M(14%) 0.299s
[1.416s][info][gc          ] GC(2) Major Collection (Warmup)
[2.788s][info][gc,metaspace] GC(2) Y: Metaspace: 12M used, 12M committed, 3136M reserved
[2.792s][info][gc          ] GC(3) Minor Collection (Allocation Rate)
[4.611s][info][gc,metaspace] GC(3) y: Metaspace: 12M used, 12M committed, 3136M reserved
[4.611s][info][gc          ] GC(3) Minor Collection (Allocation Rate) 2890M(47%)->3736M(61%) 1.819s
[4.611s][info][gc          ] GC(4) Minor Collection (Allocation Rate)
[6.655s][info][gc          ] Allocation Stall (main) 629.093ms
[7.120s][info][gc,metaspace] GC(4) y: Metaspace: 12M used, 12M committed, 3136M reserved
[7.120s][info][gc          ] GC(4) Minor Collection (Allocation Rate) 3736M(61%)->4278M(70%) 2.510s
[7.769s][info][gc          ] GC(5) Minor Collection (Allocation Rate)
[9.406s][info][gc          ] Allocation Stall (main) 1238.084ms
[9.873s][info][gc,metaspace] GC(5) y: Metaspace: 12M used, 12M committed, 3136M reserved
[9.873s][info][gc          ] GC(5) Minor Collection (Allocation Rate) 5382M(88%)->2870M(47%) 2.104s
[9.873s][info][gc,metaspace] GC(2) O: Metaspace: 12M used, 12M committed, 3136M reserved
[9.873s][info][gc          ] GC(2) Major Collection (Warmup) 1232M(20%)->2870M(47%) 8.457s
[9.883s][info][gc          ] GC(6) Major Collection (Warmup)
[12.087s][info][gc          ] Allocation Stall (main) 419.764ms
[12.574s][info][gc,metaspace] GC(6) Y: Metaspace: 12M used, 12M committed, 3136M reserved
[12.575s][info][gc          ] GC(7) Minor Collection (Allocation Stall)
[14.027s][info][gc          ] Allocation Stall (main) 1323.101ms
[14.416s][info][gc,metaspace] GC(7) y: Metaspace: 12M used, 12M committed, 3136M reserved
[14.416s][info][gc          ] GC(7) Minor Collection (Allocation Stall) 5898M(96%)->2908M(47%) 1.842s
[14.416s][info][gc          ] GC(8) Minor Collection (Allocation Rate)
67108864 Objects created
 - IK: 55699211 (82.99829%)
 - OAK: 3355627 (5.0002737%)
 - TAK: 8054026 (12.001434%)
Preparatory GC...
[18.049s][info][gc,metaspace] GC(8) y: Metaspace: 12M used, 12M committed, 3136M reserved
[18.049s][info][gc          ] GC(8) Minor Collection (Allocation Rate) 2908M(47%)->4184M(68%) 3.632s
[18.049s][info][gc          ] GC(9) Minor Collection (Allocation Rate)
[20.016s][info][gc,metaspace] GC(9) y: Metaspace: 12M used, 12M committed, 3136M reserved
[20.016s][info][gc          ] GC(9) Minor Collection (Allocation Rate) 4184M(68%)->2548M(41%) 1.967s
[20.302s][info][gc,metaspace] GC(6) O: Metaspace: 12M used, 12M committed, 3136M reserved
[20.302s][info][gc          ] GC(6) Major Collection (Warmup) 2878M(47%)->2538M(41%) 10.419s
[20.302s][info][gc          ] GC(10) Major Collection (System.gc())
[21.182s][info][gc,metaspace] GC(10) Y: Metaspace: 12M used, 12M committed, 3136M reserved
[21.300s][info][gc,metaspace] GC(10) Y: Metaspace: 12M used, 12M committed, 3136M reserved
[24.242s][info][gc,metaspace] GC(10) O: Metaspace: 12M used, 12M committed, 3136M reserved
[24.242s][info][gc          ] GC(10) Major Collection (System.gc()) 2538M(41%)->2530M(41%) 3.939s
[24.242s][info][gc          ] GC(11) Major Collection (System.gc())
[24.249s][info][gc,metaspace] GC(11) Y: Metaspace: 12M used, 12M committed, 3136M reserved
[24.256s][info][gc,metaspace] GC(11) Y: Metaspace: 12M used, 12M committed, 3136M reserved
[26.793s][info][gc,metaspace] GC(11) O: Metaspace: 12M used, 12M committed, 3136M reserved
[26.793s][info][gc          ] GC(11) Major Collection (System.gc()) 2530M(41%)->2530M(41%) 2.551s
Done; will start GCs... 
[26.793s][info][gc          ] GC(12) Major Collection (System.gc())
[26.800s][info][gc,metaspace] GC(12) Y: Metaspace: 12M used, 12M committed, 3136M reserved
[26.807s][info][gc,metaspace] GC(12) Y: Metaspace: 12M used, 12M committed, 3136M reserved
[29.492s][info][gc,metaspace] GC(12) O: Metaspace: 12M used, 12M committed, 3136M reserved
[29.492s][info][gc          ] GC(12) Major Collection (System.gc()) 2532M(41%)->2530M(41%) 2.699s
[29.492s][info][gc          ] GC(13) Major Collection (System.gc())
[29.499s][info][gc,metaspace] GC(13) Y: Metaspace: 12M used, 12M committed, 3136M reserved
[29.506s][info][gc,metaspace] GC(13) Y: Metaspace: 12M used, 12M committed, 3136M reserved
[31.975s][info][gc,metaspace] GC(13) O: Metaspace: 12M used, 12M committed, 3136M reserved
[31.975s][info][gc          ] GC(13) Major Collection (System.gc()) 2530M(41%)->2530M(41%) 2.484s
[31.975s][info][gc          ] GC(14) Major Collection (System.gc())
[31.982s][info][gc,metaspace] GC(14) Y: Metaspace: 12M used, 12M committed, 3136M reserved
[31.988s][info][gc,metaspace] GC(14) Y: Metaspace: 12M used, 12M committed, 3136M reserved
[34.614s][info][gc,metaspace] GC(14) O: Metaspace: 12M used, 12M committed, 3136M reserved
[34.614s][info][gc          ] GC(14) Major Collection (System.gc()) 2530M(41%)->2530M(41%) 2.638s
[34.614s][info][gc          ] GC(15) Major Collection (System.gc())
[34.621s][info][gc,metaspace] GC(15) Y: Metaspace: 12M used, 12M committed, 3136M reserved
[34.628s][info][gc,metaspace] GC(15) Y: Metaspace: 12M used, 12M committed, 3136M reserved
[37.038s][info][gc,metaspace] GC(15) O: Metaspace: 12M used, 12M committed, 3136M reserved
[37.038s][info][gc          ] GC(15) Major Collection (System.gc()) 2530M(41%)->2530M(41%) 2.425s
[37.039s][info][gc          ] GC(16) Major Collection (System.gc())
[37.049s][info][gc,metaspace] GC(16) Y: Metaspace: 12M used, 12M committed, 3136M reserved
[37.056s][info][gc,metaspace] GC(16) Y: Metaspace: 12M used, 12M committed, 3136M reserved
[39.383s][info][gc,metaspace] GC(16) O: Metaspace: 12M used, 12M committed, 3136M reserved
[39.383s][info][gc          ] GC(16) Major Collection (System.gc()) 2530M(41%)->2530M(41%) 2.345s
[39.383s][info][gc          ] GC(17) Major Collection (System.gc())
[39.390s][info][gc,metaspace] GC(17) Y: Metaspace: 12M used, 12M committed, 3136M reserved
[39.397s][info][gc,metaspace] GC(17) Y: Metaspace: 12M used, 12M committed, 3136M reserved
[41.901s][info][gc,metaspace] GC(17) O: Metaspace: 12M used, 12M committed, 3136M reserved
[41.901s][info][gc          ] GC(17) Major Collection (System.gc()) 2530M(41%)->2530M(41%) 2.518s
[41.902s][info][gc          ] GC(18) Major Collection (System.gc())
[41.908s][info][gc,metaspace] GC(18) Y: Metaspace: 12M used, 12M committed, 3136M reserved
[41.915s][info][gc,metaspace] GC(18) Y: Metaspace: 12M used, 12M committed, 3136M reserved
[44.563s][info][gc,metaspace] GC(18) O: Metaspace: 12M used, 12M committed, 3136M reserved
[44.563s][info][gc          ] GC(18) Major Collection (System.gc()) 2530M(41%)->2530M(41%) 2.661s
[44.563s][info][gc          ] GC(19) Major Collection (System.gc())
[44.569s][info][gc,metaspace] GC(19) Y: Metaspace: 12M used, 12M committed, 3136M reserved
[44.575s][info][gc,metaspace] GC(19) Y: Metaspace: 12M used, 12M committed, 3136M reserved
[47.009s][info][gc,metaspace] GC(19) O: Metaspace: 12M used, 12M committed, 3136M reserved
[47.009s][info][gc          ] GC(19) Major Collection (System.gc()) 2530M(41%)->2530M(41%) 2.446s
[47.009s][info][gc          ] GC(20) Major Collection (System.gc())
[47.016s][info][gc,metaspace] GC(20) Y: Metaspace: 12M used, 12M committed, 3136M reserved
[47.023s][info][gc,metaspace] GC(20) Y: Metaspace: 12M used, 12M committed, 3136M reserved
[49.623s][info][gc,metaspace] GC(20) O: Metaspace: 12M used, 12M committed, 3136M reserved
[49.623s][info][gc          ] GC(20) Major Collection (System.gc()) 2530M(41%)->2530M(41%) 2.614s
[49.623s][info][gc          ] GC(21) Major Collection (System.gc())
[49.630s][info][gc,metaspace] GC(21) Y: Metaspace: 12M used, 12M committed, 3136M reserved
[49.637s][info][gc,metaspace] GC(21) Y: Metaspace: 12M used, 12M committed, 3136M reserved
[52.053s][info][gc,metaspace] GC(21) O: Metaspace: 12M used, 12M committed, 3136M reserved
[52.053s][info][gc          ] GC(21) Major Collection (System.gc()) 2530M(41%)->2530M(41%) 2.430s
[52.053s][info][gc          ] GC(22) Major Collection (System.gc())
[52.060s][info][gc,metaspace] GC(22) Y: Metaspace: 12M used, 12M committed, 3136M reserved
[52.065s][info][gc,metaspace] GC(22) Y: Metaspace: 12M used, 12M committed, 3136M reserved
[54.659s][info][gc,metaspace] GC(22) O: Metaspace: 12M used, 12M committed, 3136M reserved
[54.659s][info][gc          ] GC(22) Major Collection (System.gc()) 2530M(41%)->2530M(41%) 2.606s
[54.659s][info][gc          ] GC(23) Major Collection (System.gc())
[54.666s][info][gc,metaspace] GC(23) Y: Metaspace: 12M used, 12M committed, 3136M reserved
[54.672s][info][gc,metaspace] GC(23) Y: Metaspace: 12M used, 12M committed, 3136M reserved
[57.078s][info][gc,metaspace] GC(23) O: Metaspace: 12M used, 12M committed, 3136M reserved
[57.078s][info][gc          ] GC(23) Major Collection (System.gc()) 2530M(41%)->2530M(41%) 2.419s
[57.079s][info][gc          ] GC(24) Major Collection (System.gc())
[57.085s][info][gc,metaspace] GC(24) Y: Metaspace: 12M used, 12M committed, 3136M reserved
[57.091s][info][gc,metaspace] GC(24) Y: Metaspace: 12M used, 12M committed, 3136M reserved
[59.646s][info][gc,metaspace] GC(24) O: Metaspace: 12M used, 12M committed, 3136M reserved
[59.646s][info][gc          ] GC(24) Major Collection (System.gc()) 2530M(41%)->2530M(41%) 2.567s
[59.646s][info][gc          ] GC(25) Major Collection (System.gc())
[59.653s][info][gc,metaspace] GC(25) Y: Metaspace: 12M used, 12M committed, 3136M reserved
[59.659s][info][gc,metaspace] GC(25) Y: Metaspace: 12M used, 12M committed, 3136M reserved
[62.082s][info][gc,metaspace] GC(25) O: Metaspace: 12M used, 12M committed, 3136M reserved
[62.082s][info][gc          ] GC(25) Major Collection (System.gc()) 2530M(41%)->2532M(41%) 2.436s
[62.082s][info][gc          ] GC(26) Major Collection (System.gc())
[62.089s][info][gc,metaspace] GC(26) Y: Metaspace: 12M used, 12M committed, 3136M reserved
[62.095s][info][gc,metaspace] GC(26) Y: Metaspace: 12M used, 12M committed, 3136M reserved
[64.631s][info][gc,metaspace] GC(26) O: Metaspace: 12M used, 12M committed, 3136M reserved
[64.631s][info][gc          ] GC(26) Major Collection (System.gc()) 2532M(41%)->2532M(41%) 2.549s
[64.632s][info][gc          ] GC(27) Major Collection (System.gc())
[64.638s][info][gc,metaspace] GC(27) Y: Metaspace: 12M used, 12M committed, 3136M reserved
[64.643s][info][gc,metaspace] GC(27) Y: Metaspace: 12M used, 12M committed, 3136M reserved
[67.031s][info][gc,metaspace] GC(27) O: Metaspace: 12M used, 12M committed, 3136M reserved
[67.031s][info][gc          ] GC(27) Major Collection (System.gc()) 2532M(41%)->2532M(41%) 2.399s
[67.031s][info][gc          ] GC(28) Major Collection (System.gc())
[67.038s][info][gc,metaspace] GC(28) Y: Metaspace: 12M used, 12M committed, 3136M reserved
[67.044s][info][gc,metaspace] GC(28) Y: Metaspace: 12M used, 12M committed, 3136M reserved
[69.507s][info][gc,metaspace] GC(28) O: Metaspace: 12M used, 12M committed, 3136M reserved
[69.507s][info][gc          ] GC(28) Major Collection (System.gc()) 2532M(41%)->2532M(41%) 2.475s
[69.507s][info][gc          ] GC(29) Major Collection (System.gc())
[69.513s][info][gc,metaspace] GC(29) Y: Metaspace: 12M used, 12M committed, 3136M reserved
[69.520s][info][gc,metaspace] GC(29) Y: Metaspace: 12M used, 12M committed, 3136M reserved
[71.969s][info][gc,metaspace] GC(29) O: Metaspace: 12M used, 12M committed, 3136M reserved
[71.969s][info][gc          ] GC(29) Major Collection (System.gc()) 2532M(41%)->2532M(41%) 2.462s
[71.969s][info][gc          ] GC(30) Major Collection (System.gc())
[71.976s][info][gc,metaspace] GC(30) Y: Metaspace: 12M used, 12M committed, 3136M reserved
[71.983s][info][gc,metaspace] GC(30) Y: Metaspace: 12M used, 12M committed, 3136M reserved
[74.452s][info][gc,metaspace] GC(30) O: Metaspace: 12M used, 12M committed, 3136M reserved
[74.452s][info][gc          ] GC(30) Major Collection (System.gc()) 2532M(41%)->2532M(41%) 2.483s
[74.452s][info][gc          ] GC(31) Major Collection (System.gc())
[74.459s][info][gc,metaspace] GC(31) Y: Metaspace: 12M used, 12M committed, 3136M reserved
[74.465s][info][gc,metaspace] GC(31) Y: Metaspace: 12M used, 12M committed, 3136M reserved
[76.902s][info][gc,metaspace] GC(31) O: Metaspace: 12M used, 12M committed, 3136M reserved
[76.902s][info][gc          ] GC(31) Major Collection (System.gc()) 2532M(41%)->2532M(41%) 2.450s
[76.902s][info][gc          ] GC(32) Major Collection (System.gc())
[76.909s][info][gc,metaspace] GC(32) Y: Metaspace: 12M used, 12M committed, 3136M reserved
[76.916s][info][gc,metaspace] GC(32) Y: Metaspace: 12M used, 12M committed, 3136M reserved
[79.350s][info][gc,metaspace] GC(32) O: Metaspace: 12M used, 12M committed, 3136M reserved
[79.350s][info][gc          ] GC(32) Major Collection (System.gc()) 2532M(41%)->2532M(41%) 2.448s
[79.350s][info][gc          ] GC(33) Major Collection (System.gc())
[79.357s][info][gc,metaspace] GC(33) Y: Metaspace: 12M used, 12M committed, 3136M reserved
[79.364s][info][gc,metaspace] GC(33) Y: Metaspace: 12M used, 12M committed, 3136M reserved
[81.823s][info][gc,metaspace] GC(33) O: Metaspace: 12M used, 12M committed, 3136M reserved
[81.823s][info][gc          ] GC(33) Major Collection (System.gc()) 2532M(41%)->2532M(41%) 2.472s
[81.823s][info][gc          ] GC(34) Major Collection (System.gc())
[81.830s][info][gc,metaspace] GC(34) Y: Metaspace: 12M used, 12M committed, 3136M reserved
[81.836s][info][gc,metaspace] GC(34) Y: Metaspace: 12M used, 12M committed, 3136M reserved
[84.518s][info][gc,metaspace] GC(34) O: Metaspace: 12M used, 12M committed, 3136M reserved
[84.518s][info][gc          ] GC(34) Major Collection (System.gc()) 2532M(41%)->2532M(41%) 2.695s
[84.518s][info][gc          ] GC(35) Major Collection (System.gc())
[84.524s][info][gc,metaspace] GC(35) Y: Metaspace: 12M used, 12M committed, 3136M reserved
[84.530s][info][gc,metaspace] GC(35) Y: Metaspace: 12M used, 12M committed, 3136M reserved
[86.991s][info][gc,metaspace] GC(35) O: Metaspace: 12M used, 12M committed, 3136M reserved
[86.991s][info][gc          ] GC(35) Major Collection (System.gc()) 2532M(41%)->2532M(41%) 2.473s
[86.992s][info][gc          ] GC(36) Major Collection (System.gc())
[86.998s][info][gc,metaspace] GC(36) Y: Metaspace: 12M used, 12M committed, 3136M reserved
[87.005s][info][gc,metaspace] GC(36) Y: Metaspace: 12M used, 12M committed, 3136M reserved
[89.618s][info][gc,metaspace] GC(36) O: Metaspace: 12M used, 12M committed, 3136M reserved
[89.618s][info][gc          ] GC(36) Major Collection (System.gc()) 2532M(41%)->2532M(41%) 2.627s
[89.619s][info][gc          ] GC(37) Major Collection (System.gc())
[89.630s][info][gc,metaspace] GC(37) Y: Metaspace: 12M used, 12M committed, 3136M reserved
[89.637s][info][gc,metaspace] GC(37) Y: Metaspace: 12M used, 12M committed, 3136M reserved
[92.000s][info][gc,metaspace] GC(37) O: Metaspace: 12M used, 12M committed, 3136M reserved
[92.000s][info][gc          ] GC(37) Major Collection (System.gc()) 2532M(41%)->2532M(41%) 2.382s
[92.000s][info][gc          ] GC(38) Major Collection (System.gc())
[92.007s][info][gc,metaspace] GC(38) Y: Metaspace: 12M used, 12M committed, 3136M reserved
[92.014s][info][gc,metaspace] GC(38) Y: Metaspace: 12M used, 12M committed, 3136M reserved
[94.511s][info][gc,metaspace] GC(38) O: Metaspace: 12M used, 12M committed, 3136M reserved
[94.511s][info][gc          ] GC(38) Major Collection (System.gc()) 2532M(41%)->2532M(41%) 2.511s
[94.511s][info][gc          ] GC(39) Major Collection (System.gc())
[94.518s][info][gc,metaspace] GC(39) Y: Metaspace: 12M used, 12M committed, 3136M reserved
[94.524s][info][gc,metaspace] GC(39) Y: Metaspace: 12M used, 12M committed, 3136M reserved
[96.938s][info][gc,metaspace] GC(39) O: Metaspace: 12M used, 12M committed, 3136M reserved
[96.938s][info][gc          ] GC(39) Major Collection (System.gc()) 2532M(41%)->2532M(41%) 2.427s
[96.939s][info][gc          ] GC(40) Major Collection (System.gc())
[96.945s][info][gc,metaspace] GC(40) Y: Metaspace: 12M used, 12M committed, 3136M reserved
[96.951s][info][gc,metaspace] GC(40) Y: Metaspace: 12M used, 12M committed, 3136M reserved
[99.577s][info][gc,metaspace] GC(40) O: Metaspace: 12M used, 12M committed, 3136M reserved
[99.577s][info][gc          ] GC(40) Major Collection (System.gc()) 2532M(41%)->2532M(41%) 2.638s
[99.577s][info][gc          ] GC(41) Major Collection (System.gc())
[99.583s][info][gc,metaspace] GC(41) Y: Metaspace: 12M used, 12M committed, 3136M reserved
[99.590s][info][gc,metaspace] GC(41) Y: Metaspace: 12M used, 12M committed, 3136M reserved
[102.002s][info][gc,metaspace] GC(41) O: Metaspace: 12M used, 12M committed, 3136M reserved
[102.002s][info][gc          ] GC(41) Major Collection (System.gc()) 2532M(41%)->2532M(41%) 2.425s
[102.002s][info][gc          ] GC(42) Major Collection (System.gc())
[102.014s][info][gc,metaspace] GC(42) Y: Metaspace: 12M used, 12M committed, 3136M reserved
[102.021s][info][gc,metaspace] GC(42) Y: Metaspace: 12M used, 12M committed, 3136M reserved
[104.342s][info][gc,metaspace] GC(42) O: Metaspace: 12M used, 12M committed, 3136M reserved
[104.342s][info][gc          ] GC(42) Major Collection (System.gc()) 2532M(41%)->2532M(41%) 2.340s
[104.342s][info][gc          ] GC(43) Major Collection (System.gc())
[104.349s][info][gc,metaspace] GC(43) Y: Metaspace: 12M used, 12M committed, 3136M reserved
[104.355s][info][gc,metaspace] GC(43) Y: Metaspace: 12M used, 12M committed, 3136M reserved
[106.898s][info][gc,metaspace] GC(43) O: Metaspace: 12M used, 12M committed, 3136M reserved
[106.898s][info][gc          ] GC(43) Major Collection (System.gc()) 2532M(41%)->2532M(41%) 2.556s
[106.898s][info][gc          ] GC(44) Major Collection (System.gc())
[106.905s][info][gc,metaspace] GC(44) Y: Metaspace: 12M used, 12M committed, 3136M reserved
[106.911s][info][gc,metaspace] GC(44) Y: Metaspace: 12M used, 12M committed, 3136M reserved
[109.440s][info][gc,metaspace] GC(44) O: Metaspace: 12M used, 12M committed, 3136M reserved
[109.440s][info][gc          ] GC(44) Major Collection (System.gc()) 2532M(41%)->2532M(41%) 2.542s
[109.440s][info][gc          ] GC(45) Major Collection (System.gc())
[109.447s][info][gc,metaspace] GC(45) Y: Metaspace: 12M used, 12M committed, 3136M reserved
[109.453s][info][gc,metaspace] GC(45) Y: Metaspace: 12M used, 12M committed, 3136M reserved
[111.900s][info][gc,metaspace] GC(45) O: Metaspace: 12M used, 12M committed, 3136M reserved
[111.900s][info][gc          ] GC(45) Major Collection (System.gc()) 2532M(41%)->2532M(41%) 2.460s
[111.900s][info][gc          ] GC(46) Major Collection (System.gc())
[111.907s][info][gc,metaspace] GC(46) Y: Metaspace: 12M used, 12M committed, 3136M reserved
[111.913s][info][gc,metaspace] GC(46) Y: Metaspace: 12M used, 12M committed, 3136M reserved
[114.415s][info][gc,metaspace] GC(46) O: Metaspace: 12M used, 12M committed, 3136M reserved
[114.415s][info][gc          ] GC(46) Major Collection (System.gc()) 2532M(41%)->2532M(41%) 2.515s
[114.415s][info][gc          ] GC(47) Major Collection (System.gc())
[114.422s][info][gc,metaspace] GC(47) Y: Metaspace: 12M used, 12M committed, 3136M reserved
[114.428s][info][gc,metaspace] GC(47) Y: Metaspace: 12M used, 12M committed, 3136M reserved
[116.887s][info][gc,metaspace] GC(47) O: Metaspace: 12M used, 12M committed, 3136M reserved
[116.887s][info][gc          ] GC(47) Major Collection (System.gc()) 2532M(41%)->2532M(41%) 2.472s
[116.887s][info][gc          ] GC(48) Major Collection (System.gc())
[116.894s][info][gc,metaspace] GC(48) Y: Metaspace: 12M used, 12M committed, 3136M reserved
[116.900s][info][gc,metaspace] GC(48) Y: Metaspace: 12M used, 12M committed, 3136M reserved
[119.565s][info][gc,metaspace] GC(48) O: Metaspace: 12M used, 12M committed, 3136M reserved
[119.565s][info][gc          ] GC(48) Major Collection (System.gc()) 2532M(41%)->2532M(41%) 2.678s
[119.565s][info][gc          ] GC(49) Major Collection (System.gc())
[119.572s][info][gc,metaspace] GC(49) Y: Metaspace: 12M used, 12M committed, 3136M reserved
[119.579s][info][gc,metaspace] GC(49) Y: Metaspace: 12M used, 12M committed, 3136M reserved
[122.007s][info][gc,metaspace] GC(49) O: Metaspace: 12M used, 12M committed, 3136M reserved
[122.007s][info][gc          ] GC(49) Major Collection (System.gc()) 2532M(41%)->2534M(41%) 2.442s
[122.007s][info][gc          ] GC(50) Major Collection (System.gc())
[122.019s][info][gc,metaspace] GC(50) Y: Metaspace: 12M used, 12M committed, 3136M reserved
[122.025s][info][gc,metaspace] GC(50) Y: Metaspace: 12M used, 12M committed, 3136M reserved
[124.345s][info][gc,metaspace] GC(50) O: Metaspace: 12M used, 12M committed, 3136M reserved
[124.345s][info][gc          ] GC(50) Major Collection (System.gc()) 2534M(41%)->2532M(41%) 2.338s
[124.346s][info][gc          ] GC(51) Major Collection (System.gc())
[124.352s][info][gc,metaspace] GC(51) Y: Metaspace: 12M used, 12M committed, 3136M reserved
[124.359s][info][gc,metaspace] GC(51) Y: Metaspace: 12M used, 12M committed, 3136M reserved
[126.808s][info][gc,metaspace] GC(51) O: Metaspace: 12M used, 12M committed, 3136M reserved
[126.808s][info][gc          ] GC(51) Major Collection (System.gc()) 2532M(41%)->2532M(41%) 2.463s
[126.809s][info][gc          ] GC(52) Major Collection (System.gc())
[126.816s][info][gc,metaspace] GC(52) Y: Metaspace: 12M used, 12M committed, 3136M reserved
[126.822s][info][gc,metaspace] GC(52) Y: Metaspace: 12M used, 12M committed, 3136M reserved
[129.349s][info][gc,metaspace] GC(52) O: Metaspace: 12M used, 12M committed, 3136M reserved
[129.349s][info][gc          ] GC(52) Major Collection (System.gc()) 2532M(41%)->2532M(41%) 2.541s
[129.349s][info][gc          ] GC(53) Major Collection (System.gc())
[129.356s][info][gc,metaspace] GC(53) Y: Metaspace: 12M used, 12M committed, 3136M reserved
[129.362s][info][gc,metaspace] GC(53) Y: Metaspace: 12M used, 12M committed, 3136M reserved
[131.906s][info][gc,metaspace] GC(53) O: Metaspace: 12M used, 12M committed, 3136M reserved
[131.907s][info][gc          ] GC(53) Major Collection (System.gc()) 2532M(41%)->2532M(41%) 2.557s
[131.907s][info][gc          ] GC(54) Major Collection (System.gc())
[131.914s][info][gc,metaspace] GC(54) Y: Metaspace: 12M used, 12M committed, 3136M reserved
[131.920s][info][gc,metaspace] GC(54) Y: Metaspace: 12M used, 12M committed, 3136M reserved
[134.584s][info][gc,metaspace] GC(54) O: Metaspace: 12M used, 12M committed, 3136M reserved
[134.584s][info][gc          ] GC(54) Major Collection (System.gc()) 2532M(41%)->2532M(41%) 2.678s
[134.585s][info][gc          ] GC(55) Major Collection (System.gc())
[134.596s][info][gc,metaspace] GC(55) Y: Metaspace: 12M used, 12M committed, 3136M reserved
[134.602s][info][gc,metaspace] GC(55) Y: Metaspace: 12M used, 12M committed, 3136M reserved
[136.973s][info][gc,metaspace] GC(55) O: Metaspace: 12M used, 12M committed, 3136M reserved
[136.973s][info][gc          ] GC(55) Major Collection (System.gc()) 2532M(41%)->2532M(41%) 2.389s
[136.974s][info][gc          ] GC(56) Major Collection (System.gc())
[136.981s][info][gc,metaspace] GC(56) Y: Metaspace: 12M used, 12M committed, 3136M reserved
[136.988s][info][gc,metaspace] GC(56) Y: Metaspace: 12M used, 12M committed, 3136M reserved
[139.465s][info][gc,metaspace] GC(56) O: Metaspace: 12M used, 12M committed, 3136M reserved
[139.465s][info][gc          ] GC(56) Major Collection (System.gc()) 2532M(41%)->2532M(41%) 2.492s
[139.466s][info][gc          ] GC(57) Major Collection (System.gc())
[139.472s][info][gc,metaspace] GC(57) Y: Metaspace: 12M used, 12M committed, 3136M reserved
[139.479s][info][gc,metaspace] GC(57) Y: Metaspace: 12M used, 12M committed, 3136M reserved
[141.909s][info][gc,metaspace] GC(57) O: Metaspace: 12M used, 12M committed, 3136M reserved
[141.909s][info][gc          ] GC(57) Major Collection (System.gc()) 2532M(41%)->2532M(41%) 2.444s
[141.909s][info][gc          ] GC(58) Major Collection (System.gc())
[141.916s][info][gc,metaspace] GC(58) Y: Metaspace: 12M used, 12M committed, 3136M reserved
[141.923s][info][gc,metaspace] GC(58) Y: Metaspace: 12M used, 12M committed, 3136M reserved
[144.418s][info][gc,metaspace] GC(58) O: Metaspace: 12M used, 12M committed, 3136M reserved
[144.418s][info][gc          ] GC(58) Major Collection (System.gc()) 2532M(41%)->2532M(41%) 2.509s
[144.419s][info][gc          ] GC(59) Major Collection (System.gc())
[144.425s][info][gc,metaspace] GC(59) Y: Metaspace: 12M used, 12M committed, 3136M reserved
[144.431s][info][gc,metaspace] GC(59) Y: Metaspace: 12M used, 12M committed, 3136M reserved
[146.936s][info][gc,metaspace] GC(59) O: Metaspace: 12M used, 12M committed, 3136M reserved
[146.936s][info][gc          ] GC(59) Major Collection (System.gc()) 2532M(41%)->2532M(41%) 2.518s
[146.937s][info][gc          ] GC(60) Major Collection (System.gc())
[146.948s][info][gc,metaspace] GC(60) Y: Metaspace: 12M used, 12M committed, 3136M reserved
[146.954s][info][gc,metaspace] GC(60) Y: Metaspace: 12M used, 12M committed, 3136M reserved
[149.402s][info][gc,metaspace] GC(60) O: Metaspace: 12M used, 12M committed, 3136M reserved
[149.402s][info][gc          ] GC(60) Major Collection (System.gc()) 2532M(41%)->2532M(41%) 2.466s
[149.403s][info][gc          ] GC(61) Major Collection (System.gc())
[149.409s][info][gc,metaspace] GC(61) Y: Metaspace: 12M used, 12M committed, 3136M reserved
[149.416s][info][gc,metaspace] GC(61) Y: Metaspace: 12M used, 12M committed, 3136M reserved
[151.878s][info][gc,metaspace] GC(61) O: Metaspace: 12M used, 12M committed, 3136M reserved
[151.878s][info][gc          ] GC(61) Major Collection (System.gc()) 2532M(41%)->2532M(41%) 2.475s
After GCs... 
