Done; will start GCs... 
[21.537s][info   ][gc,metaspace] GC(30) Metaspace: 16461K(17472K)->16461K(17472K) NonClass: 13167K(13632K)->13167K(13632K) Class: 3294K(3840K)->3294K(3840K)
[21.537s][info   ][gc          ] GC(30) Pause Full (System.gc()) 1580M->1578M(6144M) 1318.339ms
[22.889s][info   ][gc,metaspace] GC(31) Metaspace: 16461K(17472K)->16461K(17472K) NonClass: 13167K(13632K)->13167K(13632K) Class: 3294K(3840K)->3294K(3840K)
[22.890s][info   ][gc          ] GC(31) Pause Full (System.gc()) 1578M->1578M(6144M) 1352.845ms
[24.232s][info   ][gc,metaspace] GC(32) Metaspace: 16461K(17472K)->16461K(17472K) NonClass: 13167K(13632K)->13167K(13632K) Class: 3294K(3840K)->3294K(3840K)
[24.232s][info   ][gc          ] GC(32) Pause Full (System.gc()) 1578M->1578M(6144M) 1341.942ms
[25.564s][info   ][gc,metaspace] GC(33) Metaspace: 16461K(17472K)->16461K(17472K) NonClass: 13167K(13632K)->13167K(13632K) Class: 3294K(3840K)->3294K(3840K)
[25.564s][info   ][gc          ] GC(33) Pause Full (System.gc()) 1578M->1578M(6144M) 1332.339ms
[26.926s][info   ][gc,metaspace] GC(34) Metaspace: 16461K(17472K)->16461K(17472K) NonClass: 13167K(13632K)->13167K(13632K) Class: 3294K(3840K)->3294K(3840K)
[26.926s][info   ][gc          ] GC(34) Pause Full (System.gc()) 1578M->1578M(6144M) 1361.086ms
[28.258s][info   ][gc,metaspace] GC(35) Metaspace: 16461K(17472K)->16461K(17472K) NonClass: 13167K(13632K)->13167K(13632K) Class: 3294K(3840K)->3294K(3840K)
[28.258s][info   ][gc          ] GC(35) Pause Full (System.gc()) 1578M->1578M(6144M) 1331.887ms
[29.598s][info   ][gc,metaspace] GC(36) Metaspace: 16461K(17472K)->16461K(17472K) NonClass: 13167K(13632K)->13167K(13632K) Class: 3294K(3840K)->3294K(3840K)
[29.598s][info   ][gc          ] GC(36) Pause Full (System.gc()) 1578M->1578M(6144M) 1339.608ms
[30.947s][info   ][gc,metaspace] GC(37) Metaspace: 16461K(17472K)->16461K(17472K) NonClass: 13167K(13632K)->13167K(13632K) Class: 3294K(3840K)->3294K(3840K)
[30.947s][info   ][gc          ] GC(37) Pause Full (System.gc()) 1578M->1578M(6144M) 1349.445ms
[32.270s][info   ][gc,metaspace] GC(38) Metaspace: 16461K(17472K)->16461K(17472K) NonClass: 13167K(13632K)->13167K(13632K) Class: 3294K(3840K)->3294K(3840K)
[32.270s][info   ][gc          ] GC(38) Pause Full (System.gc()) 1578M->1578M(6144M) 1321.934ms
[33.597s][info   ][gc,metaspace] GC(39) Metaspace: 16461K(17472K)->16461K(17472K) NonClass: 13167K(13632K)->13167K(13632K) Class: 3294K(3840K)->3294K(3840K)
[33.597s][info   ][gc          ] GC(39) Pause Full (System.gc()) 1578M->1578M(6144M) 1326.717ms
[34.952s][info   ][gc,metaspace] GC(40) Metaspace: 16461K(17472K)->16461K(17472K) NonClass: 13167K(13632K)->13167K(13632K) Class: 3294K(3840K)->3294K(3840K)
[34.952s][info   ][gc          ] GC(40) Pause Full (System.gc()) 1578M->1578M(6144M) 1355.372ms
[36.277s][info   ][gc,metaspace] GC(41) Metaspace: 16461K(17472K)->16461K(17472K) NonClass: 13167K(13632K)->13167K(13632K) Class: 3294K(3840K)->3294K(3840K)
[36.277s][info   ][gc          ] GC(41) Pause Full (System.gc()) 1578M->1578M(6144M) 1324.430ms
[37.614s][info   ][gc,metaspace] GC(42) Metaspace: 16461K(17472K)->16461K(17472K) NonClass: 13167K(13632K)->13167K(13632K) Class: 3294K(3840K)->3294K(3840K)
[37.614s][info   ][gc          ] GC(42) Pause Full (System.gc()) 1578M->1578M(6144M) 1336.416ms
[38.967s][info   ][gc,metaspace] GC(43) Metaspace: 16461K(17472K)->16461K(17472K) NonClass: 13167K(13632K)->13167K(13632K) Class: 3294K(3840K)->3294K(3840K)
[38.967s][info   ][gc          ] GC(43) Pause Full (System.gc()) 1578M->1578M(6144M) 1353.324ms
[40.288s][info   ][gc,metaspace] GC(44) Metaspace: 16461K(17472K)->16461K(17472K) NonClass: 13167K(13632K)->13167K(13632K) Class: 3294K(3840K)->3294K(3840K)
[40.288s][info   ][gc          ] GC(44) Pause Full (System.gc()) 1578M->1578M(6144M) 1320.267ms
[41.617s][info   ][gc,metaspace] GC(45) Metaspace: 16461K(17472K)->16461K(17472K) NonClass: 13167K(13632K)->13167K(13632K) Class: 3294K(3840K)->3294K(3840K)
[41.617s][info   ][gc          ] GC(45) Pause Full (System.gc()) 1578M->1578M(6144M) 1329.474ms
[42.970s][info   ][gc,metaspace] GC(46) Metaspace: 16461K(17472K)->16461K(17472K) NonClass: 13167K(13632K)->13167K(13632K) Class: 3294K(3840K)->3294K(3840K)
[42.970s][info   ][gc          ] GC(46) Pause Full (System.gc()) 1578M->1578M(6144M) 1352.915ms
[44.297s][info   ][gc,metaspace] GC(47) Metaspace: 16461K(17472K)->16461K(17472K) NonClass: 13167K(13632K)->13167K(13632K) Class: 3294K(3840K)->3294K(3840K)
[44.297s][info   ][gc          ] GC(47) Pause Full (System.gc()) 1578M->1578M(6144M) 1326.430ms
[45.654s][info   ][gc,metaspace] GC(48) Metaspace: 16461K(17472K)->16461K(17472K) NonClass: 13167K(13632K)->13167K(13632K) Class: 3294K(3840K)->3294K(3840K)
[45.654s][info   ][gc          ] GC(48) Pause Full (System.gc()) 1578M->1578M(6144M) 1357.220ms
[46.977s][info   ][gc,metaspace] GC(49) Metaspace: 16461K(17472K)->16461K(17472K) NonClass: 13167K(13632K)->13167K(13632K) Class: 3294K(3840K)->3294K(3840K)
[46.977s][info   ][gc          ] GC(49) Pause Full (System.gc()) 1578M->1578M(6144M) 1323.223ms
[48.297s][info   ][gc,metaspace] GC(50) Metaspace: 16461K(17472K)->16461K(17472K) NonClass: 13167K(13632K)->13167K(13632K) Class: 3294K(3840K)->3294K(3840K)
[48.297s][info   ][gc          ] GC(50) Pause Full (System.gc()) 1578M->1578M(6144M) 1318.962ms
[49.653s][info   ][gc,metaspace] GC(51) Metaspace: 16461K(17472K)->16461K(17472K) NonClass: 13167K(13632K)->13167K(13632K) Class: 3294K(3840K)->3294K(3840K)
[49.654s][info   ][gc          ] GC(51) Pause Full (System.gc()) 1578M->1578M(6144M) 1356.396ms
[50.978s][info   ][gc,metaspace] GC(52) Metaspace: 16461K(17472K)->16461K(17472K) NonClass: 13167K(13632K)->13167K(13632K) Class: 3294K(3840K)->3294K(3840K)
[50.978s][info   ][gc          ] GC(52) Pause Full (System.gc()) 1578M->1578M(6144M) 1324.235ms
[52.305s][info   ][gc,metaspace] GC(53) Metaspace: 16461K(17472K)->16461K(17472K) NonClass: 13167K(13632K)->13167K(13632K) Class: 3294K(3840K)->3294K(3840K)
[52.305s][info   ][gc          ] GC(53) Pause Full (System.gc()) 1578M->1578M(6144M) 1327.186ms
[53.668s][info   ][gc,metaspace] GC(54) Metaspace: 16461K(17472K)->16461K(17472K) NonClass: 13167K(13632K)->13167K(13632K) Class: 3294K(3840K)->3294K(3840K)
[53.668s][info   ][gc          ] GC(54) Pause Full (System.gc()) 1578M->1578M(6144M) 1362.304ms
[54.988s][info   ][gc,metaspace] GC(55) Metaspace: 16461K(17472K)->16461K(17472K) NonClass: 13167K(13632K)->13167K(13632K) Class: 3294K(3840K)->3294K(3840K)
[54.989s][info   ][gc          ] GC(55) Pause Full (System.gc()) 1578M->1578M(6144M) 1320.220ms
[56.314s][info   ][gc,metaspace] GC(56) Metaspace: 16461K(17472K)->16461K(17472K) NonClass: 13167K(13632K)->13167K(13632K) Class: 3294K(3840K)->3294K(3840K)
[56.314s][info   ][gc          ] GC(56) Pause Full (System.gc()) 1578M->1578M(6144M) 1325.305ms
[57.677s][info   ][gc,metaspace] GC(57) Metaspace: 16461K(17472K)->16461K(17472K) NonClass: 13167K(13632K)->13167K(13632K) Class: 3294K(3840K)->3294K(3840K)
[57.678s][info   ][gc          ] GC(57) Pause Full (System.gc()) 1578M->1578M(6144M) 1363.542ms
[59.002s][info   ][gc,metaspace] GC(58) Metaspace: 16461K(17472K)->16461K(17472K) NonClass: 13167K(13632K)->13167K(13632K) Class: 3294K(3840K)->3294K(3840K)
[59.002s][info   ][gc          ] GC(58) Pause Full (System.gc()) 1578M->1578M(6144M) 1324.738ms
[60.331s][info   ][gc,metaspace] GC(59) Metaspace: 16461K(17472K)->16461K(17472K) NonClass: 13167K(13632K)->13167K(13632K) Class: 3294K(3840K)->3294K(3840K)
[60.331s][info   ][gc          ] GC(59) Pause Full (System.gc()) 1578M->1578M(6144M) 1328.197ms
[61.686s][info   ][gc,metaspace] GC(60) Metaspace: 16461K(17472K)->16461K(17472K) NonClass: 13167K(13632K)->13167K(13632K) Class: 3294K(3840K)->3294K(3840K)
[61.686s][info   ][gc          ] GC(60) Pause Full (System.gc()) 1578M->1578M(6144M) 1355.492ms
[63.011s][info   ][gc,metaspace] GC(61) Metaspace: 16461K(17472K)->16461K(17472K) NonClass: 13167K(13632K)->13167K(13632K) Class: 3294K(3840K)->3294K(3840K)
[63.011s][info   ][gc          ] GC(61) Pause Full (System.gc()) 1578M->1578M(6144M) 1325.070ms
[64.331s][info   ][gc,metaspace] GC(62) Metaspace: 16461K(17472K)->16461K(17472K) NonClass: 13167K(13632K)->13167K(13632K) Class: 3294K(3840K)->3294K(3840K)
[64.331s][info   ][gc          ] GC(62) Pause Full (System.gc()) 1578M->1578M(6144M) 1319.973ms
[65.686s][info   ][gc,metaspace] GC(63) Metaspace: 16461K(17472K)->16461K(17472K) NonClass: 13167K(13632K)->13167K(13632K) Class: 3294K(3840K)->3294K(3840K)
[65.686s][info   ][gc          ] GC(63) Pause Full (System.gc()) 1578M->1578M(6144M) 1354.502ms
[67.010s][info   ][gc,metaspace] GC(64) Metaspace: 16461K(17472K)->16461K(17472K) NonClass: 13167K(13632K)->13167K(13632K) Class: 3294K(3840K)->3294K(3840K)
[67.010s][info   ][gc          ] GC(64) Pause Full (System.gc()) 1578M->1578M(6144M) 1324.180ms
[68.346s][info   ][gc,metaspace] GC(65) Metaspace: 16461K(17472K)->16461K(17472K) NonClass: 13167K(13632K)->13167K(13632K) Class: 3294K(3840K)->3294K(3840K)
[68.346s][info   ][gc          ] GC(65) Pause Full (System.gc()) 1580M->1578M(6144M) 1335.308ms
[69.702s][info   ][gc,metaspace] GC(66) Metaspace: 16461K(17472K)->16461K(17472K) NonClass: 13167K(13632K)->13167K(13632K) Class: 3294K(3840K)->3294K(3840K)
[69.702s][info   ][gc          ] GC(66) Pause Full (System.gc()) 1578M->1578M(6144M) 1355.503ms
[71.019s][info   ][gc,metaspace] GC(67) Metaspace: 16461K(17472K)->16461K(17472K) NonClass: 13167K(13632K)->13167K(13632K) Class: 3294K(3840K)->3294K(3840K)
[71.019s][info   ][gc          ] GC(67) Pause Full (System.gc()) 1578M->1578M(6144M) 1317.017ms
[72.344s][info   ][gc,metaspace] GC(68) Metaspace: 16461K(17472K)->16461K(17472K) NonClass: 13167K(13632K)->13167K(13632K) Class: 3294K(3840K)->3294K(3840K)
[72.344s][info   ][gc          ] GC(68) Pause Full (System.gc()) 1578M->1578M(6144M) 1324.722ms
[73.695s][info   ][gc,metaspace] GC(69) Metaspace: 16461K(17472K)->16461K(17472K) NonClass: 13167K(13632K)->13167K(13632K) Class: 3294K(3840K)->3294K(3840K)
[73.695s][info   ][gc          ] GC(69) Pause Full (System.gc()) 1578M->1578M(6144M) 1350.735ms
[75.016s][info   ][gc,metaspace] GC(70) Metaspace: 16461K(17472K)->16461K(17472K) NonClass: 13167K(13632K)->13167K(13632K) Class: 3294K(3840K)->3294K(3840K)
[75.016s][info   ][gc          ] GC(70) Pause Full (System.gc()) 1578M->1578M(6144M) 1320.415ms
[76.340s][info   ][gc,metaspace] GC(71) Metaspace: 16461K(17472K)->16461K(17472K) NonClass: 13167K(13632K)->13167K(13632K) Class: 3294K(3840K)->3294K(3840K)
[76.340s][info   ][gc          ] GC(71) Pause Full (System.gc()) 1578M->1578M(6144M) 1324.066ms
[77.703s][info   ][gc,metaspace] GC(72) Metaspace: 16461K(17472K)->16461K(17472K) NonClass: 13167K(13632K)->13167K(13632K) Class: 3294K(3840K)->3294K(3840K)
[77.703s][info   ][gc          ] GC(72) Pause Full (System.gc()) 1578M->1578M(6144M) 1363.218ms
[79.029s][info   ][gc,metaspace] GC(73) Metaspace: 16461K(17472K)->16461K(17472K) NonClass: 13167K(13632K)->13167K(13632K) Class: 3294K(3840K)->3294K(3840K)
[79.029s][info   ][gc          ] GC(73) Pause Full (System.gc()) 1578M->1578M(6144M) 1325.941ms
[80.347s][info   ][gc,metaspace] GC(74) Metaspace: 16461K(17472K)->16461K(17472K) NonClass: 13167K(13632K)->13167K(13632K) Class: 3294K(3840K)->3294K(3840K)
[80.348s][info   ][gc          ] GC(74) Pause Full (System.gc()) 1578M->1578M(6144M) 1317.371ms
[81.703s][info   ][gc,metaspace] GC(75) Metaspace: 16461K(17472K)->16461K(17472K) NonClass: 13167K(13632K)->13167K(13632K) Class: 3294K(3840K)->3294K(3840K)
[81.703s][info   ][gc          ] GC(75) Pause Full (System.gc()) 1578M->1578M(6144M) 1355.104ms
[83.022s][info   ][gc,metaspace] GC(76) Metaspace: 16461K(17472K)->16461K(17472K) NonClass: 13167K(13632K)->13167K(13632K) Class: 3294K(3840K)->3294K(3840K)
[83.022s][info   ][gc          ] GC(76) Pause Full (System.gc()) 1578M->1578M(6144M) 1319.355ms
[84.355s][info   ][gc,metaspace] GC(77) Metaspace: 16461K(17472K)->16461K(17472K) NonClass: 13167K(13632K)->13167K(13632K) Class: 3294K(3840K)->3294K(3840K)
[84.355s][info   ][gc          ] GC(77) Pause Full (System.gc()) 1578M->1578M(6144M) 1333.095ms
[85.710s][info   ][gc,metaspace] GC(78) Metaspace: 16461K(17472K)->16461K(17472K) NonClass: 13167K(13632K)->13167K(13632K) Class: 3294K(3840K)->3294K(3840K)
[85.710s][info   ][gc          ] GC(78) Pause Full (System.gc()) 1578M->1578M(6144M) 1353.634ms
[87.031s][info   ][gc,metaspace] GC(79) Metaspace: 16461K(17472K)->16461K(17472K) NonClass: 13167K(13632K)->13167K(13632K) Class: 3294K(3840K)->3294K(3840K)
[87.031s][info   ][gc          ] GC(79) Pause Full (System.gc()) 1578M->1578M(6144M) 1321.598ms
After GCs... 
