Done; will start GCs... 
[20.963s][info   ][gc,metaspace] GC(30) Metaspace: 16462K(17536K)->16462K(17536K) NonClass: 13167K(13632K)->13167K(13632K) Class: 3295K(3904K)->3295K(3904K)
[20.963s][info   ][gc          ] GC(30) Pause Full (System.gc()) 1580M->1578M(6144M) 1188.030ms
[22.119s][info   ][gc,metaspace] GC(31) Metaspace: 16462K(17536K)->16462K(17536K) NonClass: 13167K(13632K)->13167K(13632K) Class: 3295K(3904K)->3295K(3904K)
[22.119s][info   ][gc          ] GC(31) Pause Full (System.gc()) 1578M->1578M(6144M) 1156.177ms
[23.278s][info   ][gc,metaspace] GC(32) Metaspace: 16462K(17536K)->16462K(17536K) NonClass: 13167K(13632K)->13167K(13632K) Class: 3295K(3904K)->3295K(3904K)
[23.278s][info   ][gc          ] GC(32) Pause Full (System.gc()) 1578M->1578M(6144M) 1159.393ms
[24.443s][info   ][gc,metaspace] GC(33) Metaspace: 16462K(17536K)->16462K(17536K) NonClass: 13167K(13632K)->13167K(13632K) Class: 3295K(3904K)->3295K(3904K)
[24.443s][info   ][gc          ] GC(33) Pause Full (System.gc()) 1578M->1578M(6144M) 1165.004ms
[25.610s][info   ][gc,metaspace] GC(34) Metaspace: 16462K(17536K)->16462K(17536K) NonClass: 13167K(13632K)->13167K(13632K) Class: 3295K(3904K)->3295K(3904K)
[25.610s][info   ][gc          ] GC(34) Pause Full (System.gc()) 1578M->1578M(6144M) 1166.973ms
[26.778s][info   ][gc,metaspace] GC(35) Metaspace: 16462K(17536K)->16462K(17536K) NonClass: 13167K(13632K)->13167K(13632K) Class: 3295K(3904K)->3295K(3904K)
[26.778s][info   ][gc          ] GC(35) Pause Full (System.gc()) 1578M->1578M(6144M) 1167.237ms
[28.024s][info   ][gc,metaspace] GC(36) Metaspace: 16462K(17536K)->16462K(17536K) NonClass: 13167K(13632K)->13167K(13632K) Class: 3295K(3904K)->3295K(3904K)
[28.024s][info   ][gc          ] GC(36) Pause Full (System.gc()) 1578M->1578M(6144M) 1246.040ms
[29.229s][info   ][gc,metaspace] GC(37) Metaspace: 16462K(17536K)->16462K(17536K) NonClass: 13167K(13632K)->13167K(13632K) Class: 3295K(3904K)->3295K(3904K)
[29.229s][info   ][gc          ] GC(37) Pause Full (System.gc()) 1578M->1578M(6144M) 1205.460ms
[30.387s][info   ][gc,metaspace] GC(38) Metaspace: 16462K(17536K)->16462K(17536K) NonClass: 13167K(13632K)->13167K(13632K) Class: 3295K(3904K)->3295K(3904K)
[30.387s][info   ][gc          ] GC(38) Pause Full (System.gc()) 1578M->1578M(6144M) 1157.551ms
[31.544s][info   ][gc,metaspace] GC(39) Metaspace: 16462K(17536K)->16462K(17536K) NonClass: 13167K(13632K)->13167K(13632K) Class: 3295K(3904K)->3295K(3904K)
[31.544s][info   ][gc          ] GC(39) Pause Full (System.gc()) 1578M->1578M(6144M) 1156.730ms
[32.708s][info   ][gc,metaspace] GC(40) Metaspace: 16462K(17536K)->16462K(17536K) NonClass: 13167K(13632K)->13167K(13632K) Class: 3295K(3904K)->3295K(3904K)
[32.708s][info   ][gc          ] GC(40) Pause Full (System.gc()) 1578M->1578M(6144M) 1163.994ms
[33.896s][info   ][gc,metaspace] GC(41) Metaspace: 16462K(17536K)->16462K(17536K) NonClass: 13167K(13632K)->13167K(13632K) Class: 3295K(3904K)->3295K(3904K)
[33.896s][info   ][gc          ] GC(41) Pause Full (System.gc()) 1578M->1578M(6144M) 1187.939ms
[35.049s][info   ][gc,metaspace] GC(42) Metaspace: 16462K(17536K)->16462K(17536K) NonClass: 13167K(13632K)->13167K(13632K) Class: 3295K(3904K)->3295K(3904K)
[35.049s][info   ][gc          ] GC(42) Pause Full (System.gc()) 1578M->1578M(6144M) 1152.871ms
[36.205s][info   ][gc,metaspace] GC(43) Metaspace: 16462K(17536K)->16462K(17536K) NonClass: 13167K(13632K)->13167K(13632K) Class: 3295K(3904K)->3295K(3904K)
[36.205s][info   ][gc          ] GC(43) Pause Full (System.gc()) 1578M->1578M(6144M) 1156.372ms
[37.363s][info   ][gc,metaspace] GC(44) Metaspace: 16462K(17536K)->16462K(17536K) NonClass: 13167K(13632K)->13167K(13632K) Class: 3295K(3904K)->3295K(3904K)
[37.363s][info   ][gc          ] GC(44) Pause Full (System.gc()) 1578M->1578M(6144M) 1157.516ms
[38.525s][info   ][gc,metaspace] GC(45) Metaspace: 16462K(17536K)->16462K(17536K) NonClass: 13167K(13632K)->13167K(13632K) Class: 3295K(3904K)->3295K(3904K)
[38.525s][info   ][gc          ] GC(45) Pause Full (System.gc()) 1578M->1578M(6144M) 1161.554ms
[39.682s][info   ][gc,metaspace] GC(46) Metaspace: 16462K(17536K)->16462K(17536K) NonClass: 13167K(13632K)->13167K(13632K) Class: 3295K(3904K)->3295K(3904K)
[39.682s][info   ][gc          ] GC(46) Pause Full (System.gc()) 1578M->1578M(6144M) 1157.320ms
[40.876s][info   ][gc,metaspace] GC(47) Metaspace: 16462K(17536K)->16462K(17536K) NonClass: 13167K(13632K)->13167K(13632K) Class: 3295K(3904K)->3295K(3904K)
[40.876s][info   ][gc          ] GC(47) Pause Full (System.gc()) 1578M->1578M(6144M) 1194.051ms
[42.030s][info   ][gc,metaspace] GC(48) Metaspace: 16462K(17536K)->16462K(17536K) NonClass: 13167K(13632K)->13167K(13632K) Class: 3295K(3904K)->3295K(3904K)
[42.030s][info   ][gc          ] GC(48) Pause Full (System.gc()) 1578M->1578M(6144M) 1154.300ms
[43.186s][info   ][gc,metaspace] GC(49) Metaspace: 16462K(17536K)->16462K(17536K) NonClass: 13167K(13632K)->13167K(13632K) Class: 3295K(3904K)->3295K(3904K)
[43.186s][info   ][gc          ] GC(49) Pause Full (System.gc()) 1578M->1578M(6144M) 1155.536ms
[44.346s][info   ][gc,metaspace] GC(50) Metaspace: 16462K(17536K)->16462K(17536K) NonClass: 13167K(13632K)->13167K(13632K) Class: 3295K(3904K)->3295K(3904K)
[44.346s][info   ][gc          ] GC(50) Pause Full (System.gc()) 1578M->1578M(6144M) 1159.969ms
[45.514s][info   ][gc,metaspace] GC(51) Metaspace: 16462K(17536K)->16462K(17536K) NonClass: 13167K(13632K)->13167K(13632K) Class: 3295K(3904K)->3295K(3904K)
[45.514s][info   ][gc          ] GC(51) Pause Full (System.gc()) 1578M->1578M(6144M) 1168.293ms
[46.679s][info   ][gc,metaspace] GC(52) Metaspace: 16462K(17536K)->16462K(17536K) NonClass: 13167K(13632K)->13167K(13632K) Class: 3295K(3904K)->3295K(3904K)
[46.679s][info   ][gc          ] GC(52) Pause Full (System.gc()) 1578M->1578M(6144M) 1164.076ms
[47.864s][info   ][gc,metaspace] GC(53) Metaspace: 16462K(17536K)->16462K(17536K) NonClass: 13167K(13632K)->13167K(13632K) Class: 3295K(3904K)->3295K(3904K)
[47.864s][info   ][gc          ] GC(53) Pause Full (System.gc()) 1578M->1578M(6144M) 1185.594ms
[49.020s][info   ][gc,metaspace] GC(54) Metaspace: 16462K(17536K)->16462K(17536K) NonClass: 13167K(13632K)->13167K(13632K) Class: 3295K(3904K)->3295K(3904K)
[49.020s][info   ][gc          ] GC(54) Pause Full (System.gc()) 1578M->1578M(6144M) 1156.005ms
[50.181s][info   ][gc,metaspace] GC(55) Metaspace: 16462K(17536K)->16462K(17536K) NonClass: 13167K(13632K)->13167K(13632K) Class: 3295K(3904K)->3295K(3904K)
[50.182s][info   ][gc          ] GC(55) Pause Full (System.gc()) 1578M->1578M(6144M) 1161.121ms
[51.327s][info   ][gc,metaspace] GC(56) Metaspace: 16462K(17536K)->16462K(17536K) NonClass: 13167K(13632K)->13167K(13632K) Class: 3295K(3904K)->3295K(3904K)
[51.327s][info   ][gc          ] GC(56) Pause Full (System.gc()) 1578M->1578M(6144M) 1145.188ms
[52.487s][info   ][gc,metaspace] GC(57) Metaspace: 16462K(17536K)->16462K(17536K) NonClass: 13167K(13632K)->13167K(13632K) Class: 3295K(3904K)->3295K(3904K)
[52.487s][info   ][gc          ] GC(57) Pause Full (System.gc()) 1578M->1578M(6144M) 1160.382ms
[53.648s][info   ][gc,metaspace] GC(58) Metaspace: 16462K(17536K)->16462K(17536K) NonClass: 13167K(13632K)->13167K(13632K) Class: 3295K(3904K)->3295K(3904K)
[53.648s][info   ][gc          ] GC(58) Pause Full (System.gc()) 1578M->1578M(6144M) 1160.901ms
[54.815s][info   ][gc,metaspace] GC(59) Metaspace: 16462K(17536K)->16462K(17536K) NonClass: 13167K(13632K)->13167K(13632K) Class: 3295K(3904K)->3295K(3904K)
[54.815s][info   ][gc          ] GC(59) Pause Full (System.gc()) 1578M->1578M(6144M) 1166.391ms
[55.999s][info   ][gc,metaspace] GC(60) Metaspace: 16462K(17536K)->16462K(17536K) NonClass: 13167K(13632K)->13167K(13632K) Class: 3295K(3904K)->3295K(3904K)
[55.999s][info   ][gc          ] GC(60) Pause Full (System.gc()) 1578M->1578M(6144M) 1183.770ms
[57.157s][info   ][gc,metaspace] GC(61) Metaspace: 16462K(17536K)->16462K(17536K) NonClass: 13167K(13632K)->13167K(13632K) Class: 3295K(3904K)->3295K(3904K)
[57.157s][info   ][gc          ] GC(61) Pause Full (System.gc()) 1578M->1578M(6144M) 1158.768ms
[58.317s][info   ][gc,metaspace] GC(62) Metaspace: 16462K(17536K)->16462K(17536K) NonClass: 13167K(13632K)->13167K(13632K) Class: 3295K(3904K)->3295K(3904K)
[58.318s][info   ][gc          ] GC(62) Pause Full (System.gc()) 1578M->1578M(6144M) 1160.031ms
[59.478s][info   ][gc,metaspace] GC(63) Metaspace: 16462K(17536K)->16462K(17536K) NonClass: 13167K(13632K)->13167K(13632K) Class: 3295K(3904K)->3295K(3904K)
[59.478s][info   ][gc          ] GC(63) Pause Full (System.gc()) 1578M->1578M(6144M) 1160.522ms
[60.641s][info   ][gc,metaspace] GC(64) Metaspace: 16462K(17536K)->16462K(17536K) NonClass: 13167K(13632K)->13167K(13632K) Class: 3295K(3904K)->3295K(3904K)
[60.641s][info   ][gc          ] GC(64) Pause Full (System.gc()) 1578M->1578M(6144M) 1162.428ms
[61.803s][info   ][gc,metaspace] GC(65) Metaspace: 16462K(17536K)->16462K(17536K) NonClass: 13167K(13632K)->13167K(13632K) Class: 3295K(3904K)->3295K(3904K)
[61.804s][info   ][gc          ] GC(65) Pause Full (System.gc()) 1578M->1578M(6144M) 1162.822ms
[62.985s][info   ][gc,metaspace] GC(66) Metaspace: 16462K(17536K)->16462K(17536K) NonClass: 13167K(13632K)->13167K(13632K) Class: 3295K(3904K)->3295K(3904K)
[62.985s][info   ][gc          ] GC(66) Pause Full (System.gc()) 1578M->1578M(6144M) 1181.346ms
[64.142s][info   ][gc,metaspace] GC(67) Metaspace: 16462K(17536K)->16462K(17536K) NonClass: 13167K(13632K)->13167K(13632K) Class: 3295K(3904K)->3295K(3904K)
[64.142s][info   ][gc          ] GC(67) Pause Full (System.gc()) 1578M->1578M(6144M) 1157.285ms
[65.309s][info   ][gc,metaspace] GC(68) Metaspace: 16462K(17536K)->16462K(17536K) NonClass: 13167K(13632K)->13167K(13632K) Class: 3295K(3904K)->3295K(3904K)
[65.309s][info   ][gc          ] GC(68) Pause Full (System.gc()) 1578M->1578M(6144M) 1166.739ms
[66.489s][info   ][gc,metaspace] GC(69) Metaspace: 16462K(17536K)->16462K(17536K) NonClass: 13167K(13632K)->13167K(13632K) Class: 3295K(3904K)->3295K(3904K)
[66.489s][info   ][gc          ] GC(69) Pause Full (System.gc()) 1580M->1578M(6144M) 1179.558ms
[67.654s][info   ][gc,metaspace] GC(70) Metaspace: 16462K(17536K)->16462K(17536K) NonClass: 13167K(13632K)->13167K(13632K) Class: 3295K(3904K)->3295K(3904K)
[67.654s][info   ][gc          ] GC(70) Pause Full (System.gc()) 1578M->1578M(6144M) 1164.967ms
[68.822s][info   ][gc,metaspace] GC(71) Metaspace: 16462K(17536K)->16462K(17536K) NonClass: 13167K(13632K)->13167K(13632K) Class: 3295K(3904K)->3295K(3904K)
[68.822s][info   ][gc          ] GC(71) Pause Full (System.gc()) 1578M->1578M(6144M) 1167.983ms
[70.005s][info   ][gc,metaspace] GC(72) Metaspace: 16462K(17536K)->16462K(17536K) NonClass: 13167K(13632K)->13167K(13632K) Class: 3295K(3904K)->3295K(3904K)
[70.005s][info   ][gc          ] GC(72) Pause Full (System.gc()) 1578M->1578M(6144M) 1182.776ms
[71.162s][info   ][gc,metaspace] GC(73) Metaspace: 16462K(17536K)->16462K(17536K) NonClass: 13167K(13632K)->13167K(13632K) Class: 3295K(3904K)->3295K(3904K)
[71.162s][info   ][gc          ] GC(73) Pause Full (System.gc()) 1578M->1578M(6144M) 1157.222ms
[72.324s][info   ][gc,metaspace] GC(74) Metaspace: 16462K(17536K)->16462K(17536K) NonClass: 13167K(13632K)->13167K(13632K) Class: 3295K(3904K)->3295K(3904K)
[72.324s][info   ][gc          ] GC(74) Pause Full (System.gc()) 1578M->1578M(6144M) 1162.281ms
[73.487s][info   ][gc,metaspace] GC(75) Metaspace: 16462K(17536K)->16462K(17536K) NonClass: 13167K(13632K)->13167K(13632K) Class: 3295K(3904K)->3295K(3904K)
[73.487s][info   ][gc          ] GC(75) Pause Full (System.gc()) 1578M->1578M(6144M) 1162.614ms
[74.652s][info   ][gc,metaspace] GC(76) Metaspace: 16462K(17536K)->16462K(17536K) NonClass: 13167K(13632K)->13167K(13632K) Class: 3295K(3904K)->3295K(3904K)
[74.652s][info   ][gc          ] GC(76) Pause Full (System.gc()) 1578M->1578M(6144M) 1164.890ms
[75.812s][info   ][gc,metaspace] GC(77) Metaspace: 16462K(17536K)->16462K(17536K) NonClass: 13167K(13632K)->13167K(13632K) Class: 3295K(3904K)->3295K(3904K)
[75.812s][info   ][gc          ] GC(77) Pause Full (System.gc()) 1578M->1578M(6144M) 1160.062ms
[77.000s][info   ][gc,metaspace] GC(78) Metaspace: 16462K(17536K)->16462K(17536K) NonClass: 13167K(13632K)->13167K(13632K) Class: 3295K(3904K)->3295K(3904K)
[77.000s][info   ][gc          ] GC(78) Pause Full (System.gc()) 1578M->1578M(6144M) 1187.579ms
[78.162s][info   ][gc,metaspace] GC(79) Metaspace: 16462K(17536K)->16462K(17536K) NonClass: 13167K(13632K)->13167K(13632K) Class: 3295K(3904K)->3295K(3904K)
[78.162s][info   ][gc          ] GC(79) Pause Full (System.gc()) 1578M->1578M(6144M) 1162.138ms
After GCs... 
