[0.001s][warning][pagesize] UseLargePages disabled, no large pages configured and available on the system.
[0.001s][info   ][metaspace]  - commit_granule_bytes: 65536.
[0.001s][info   ][metaspace]  - commit_granule_words: 8192.
[0.001s][info   ][metaspace]  - virtual_space_node_default_size: 8388608.
[0.001s][info   ][metaspace]  - enlarge_chunks_in_place: 1.
[0.001s][info   ][metaspace]  - use_allocation_guard: 0.
[0.003s][info   ][gc       ] Using G1
[0.383s][info   ][metaspace] Reserving compressed class space anywhere
[0.383s][info   ][gc,metaspace] CDS archive(s) not mapped
[0.384s][info   ][gc,metaspace] Compressed class space mapped at: 0x0000000028000000-0x00000000e8000000, reserved size: 3221225472
[0.384s][info   ][gc,metaspace] UseCompressedClassPointers 1, UseCompactObjectHeaders 1, narrow klass pointer bits 22, max shift 10
[0.384s][info   ][gc,metaspace] Narrow klass base: 0x0000000028000000, Narrow klass shift: 10, Narrow klass range: 0xc0000000
Random Seed: 12345678
Num Classes: 1024
Num Objects: 67108864
Percent IK Objects: 83.0%)
Percent OAK Objects: 5.0%)
Percent TAK Objects: 12.0%)
Cycles: 50
Loading 1024 pre-generated classes ...
Materialize pre-generated constructors ...
Creating objects...
[0.713s][info   ][gc,metaspace] GC(0) Metaspace: 12821K(12992K)->12821K(12992K) NonClass: 10066K(10176K)->10066K(10176K) Class: 2755K(2816K)->2755K(2816K)
[0.714s][info   ][gc          ] GC(0) Pause Full (System.gc()) 18M->2M(6144M) 10.497ms
[1.523s][info   ][gc,metaspace] GC(1) Metaspace: 16460K(17536K)->16460K(17536K) NonClass: 13165K(13632K)->13165K(13632K) Class: 3295K(3904K)->3295K(3904K)
[1.523s][info   ][gc          ] GC(1) Pause Young (Normal) (G1 Evacuation Pause) 566M->291M(6144M) 28.034ms
[1.931s][info   ][gc,metaspace] GC(2) Metaspace: 16462K(17536K)->16462K(17536K) NonClass: 13167K(13632K)->13167K(13632K) Class: 3295K(3904K)->3295K(3904K)
[1.931s][info   ][gc          ] GC(2) Pause Young (Normal) (G1 Evacuation Pause) 563M->316M(6144M) 39.421ms
[2.300s][info   ][gc,metaspace] GC(3) Metaspace: 16462K(17536K)->16462K(17536K) NonClass: 13167K(13632K)->13167K(13632K) Class: 3295K(3904K)->3295K(3904K)
[2.300s][info   ][gc          ] GC(3) Pause Young (Normal) (G1 Evacuation Pause) 592M->342M(6144M) 36.348ms
[2.669s][info   ][gc,metaspace] GC(4) Metaspace: 16462K(17536K)->16462K(17536K) NonClass: 13167K(13632K)->13167K(13632K) Class: 3295K(3904K)->3295K(3904K)
[2.669s][info   ][gc          ] GC(4) Pause Young (Normal) (G1 Evacuation Pause) 618M->366M(6144M) 36.941ms
[3.079s][info   ][gc,metaspace] GC(5) Metaspace: 16462K(17536K)->16462K(17536K) NonClass: 13167K(13632K)->13167K(13632K) Class: 3295K(3904K)->3295K(3904K)
[3.079s][info   ][gc          ] GC(5) Pause Young (Normal) (G1 Evacuation Pause) 642M->394M(6144M) 36.698ms
[3.449s][info   ][gc,metaspace] GC(6) Metaspace: 16462K(17536K)->16462K(17536K) NonClass: 13167K(13632K)->13167K(13632K) Class: 3295K(3904K)->3295K(3904K)
[3.449s][info   ][gc          ] GC(6) Pause Young (Normal) (G1 Evacuation Pause) 670M->422M(6144M) 37.104ms
[3.785s][info   ][gc,metaspace] GC(7) Metaspace: 16462K(17536K)->16462K(17536K) NonClass: 13167K(13632K)->13167K(13632K) Class: 3295K(3904K)->3295K(3904K)
[3.785s][info   ][gc          ] GC(7) Pause Young (Normal) (G1 Evacuation Pause) 698M->447M(6144M) 36.594ms
[4.136s][info   ][gc,metaspace] GC(8) Metaspace: 16462K(17536K)->16462K(17536K) NonClass: 13167K(13632K)->13167K(13632K) Class: 3295K(3904K)->3295K(3904K)
[4.136s][info   ][gc          ] GC(8) Pause Young (Normal) (G1 Evacuation Pause) 723M->473M(6144M) 36.618ms
[4.492s][info   ][gc,metaspace] GC(9) Metaspace: 16462K(17536K)->16462K(17536K) NonClass: 13167K(13632K)->13167K(13632K) Class: 3295K(3904K)->3295K(3904K)
[4.492s][info   ][gc          ] GC(9) Pause Young (Normal) (G1 Evacuation Pause) 825M->501M(6144M) 43.406ms
[4.799s][info   ][gc,metaspace] GC(10) Metaspace: 16462K(17536K)->16462K(17536K) NonClass: 13167K(13632K)->13167K(13632K) Class: 3295K(3904K)->3295K(3904K)
[4.800s][info   ][gc          ] GC(10) Pause Young (Normal) (G1 Evacuation Pause) 809M->533M(6144M) 52.311ms
[5.219s][info   ][gc,metaspace] GC(11) Metaspace: 16462K(17536K)->16462K(17536K) NonClass: 13167K(13632K)->13167K(13632K) Class: 3295K(3904K)->3295K(3904K)
[5.219s][info   ][gc          ] GC(11) Pause Young (Normal) (G1 Evacuation Pause) 941M->566M(6144M) 47.670ms
[5.584s][info   ][gc,metaspace] GC(12) Metaspace: 16462K(17536K)->16462K(17536K) NonClass: 13167K(13632K)->13167K(13632K) Class: 3295K(3904K)->3295K(3904K)
[5.584s][info   ][gc          ] GC(12) Pause Young (Normal) (G1 Evacuation Pause) 942M->605M(6144M) 61.391ms
[6.053s][info   ][gc,metaspace] GC(13) Metaspace: 16462K(17536K)->16462K(17536K) NonClass: 13167K(13632K)->13167K(13632K) Class: 3295K(3904K)->3295K(3904K)
[6.053s][info   ][gc          ] GC(13) Pause Young (Normal) (G1 Evacuation Pause) 1113M->646M(6144M) 58.342ms
[6.491s][info   ][gc,metaspace] GC(14) Metaspace: 16462K(17536K)->16462K(17536K) NonClass: 13167K(13632K)->13167K(13632K) Class: 3295K(3904K)->3295K(3904K)
[6.492s][info   ][gc          ] GC(14) Pause Young (Normal) (G1 Evacuation Pause) 1098M->690M(6144M) 73.767ms
[7.107s][info   ][gc,metaspace] GC(15) Metaspace: 16462K(17536K)->16462K(17536K) NonClass: 13167K(13632K)->13167K(13632K) Class: 3295K(3904K)->3295K(3904K)
[7.107s][info   ][gc          ] GC(15) Pause Young (Normal) (G1 Evacuation Pause) 1310M->742M(6144M) 70.656ms
[7.632s][info   ][gc,metaspace] GC(16) Metaspace: 16462K(17536K)->16462K(17536K) NonClass: 13167K(13632K)->13167K(13632K) Class: 3295K(3904K)->3295K(3904K)
[7.632s][info   ][gc          ] GC(16) Pause Young (Normal) (G1 Evacuation Pause) 1282M->798M(6144M) 89.040ms
[8.338s][info   ][gc,metaspace] GC(17) Metaspace: 16462K(17536K)->16462K(17536K) NonClass: 13167K(13632K)->13167K(13632K) Class: 3295K(3904K)->3295K(3904K)
[8.338s][info   ][gc          ] GC(17) Pause Young (Normal) (G1 Evacuation Pause) 1518M->858M(6144M) 81.800ms
[8.991s][info   ][gc,metaspace] GC(18) Metaspace: 16462K(17536K)->16462K(17536K) NonClass: 13167K(13632K)->13167K(13632K) Class: 3295K(3904K)->3295K(3904K)
[8.991s][info   ][gc          ] GC(18) Pause Young (Normal) (G1 Evacuation Pause) 1494M->918M(6144M) 103.489ms
[9.751s][info   ][gc,metaspace] GC(19) Metaspace: 16462K(17536K)->16462K(17536K) NonClass: 13167K(13632K)->13167K(13632K) Class: 3295K(3904K)->3295K(3904K)
[9.751s][info   ][gc          ] GC(19) Pause Young (Normal) (G1 Evacuation Pause) 1754M->988M(6144M) 95.202ms
[10.502s][info   ][gc,metaspace] GC(20) Metaspace: 16462K(17536K)->16462K(17536K) NonClass: 13167K(13632K)->13167K(13632K) Class: 3295K(3904K)->3295K(3904K)
[10.502s][info   ][gc          ] GC(20) Pause Young (Normal) (G1 Evacuation Pause) 1720M->1061M(6144M) 118.056ms
[11.407s][info   ][gc,metaspace] GC(21) Metaspace: 16462K(17536K)->16462K(17536K) NonClass: 13167K(13632K)->13167K(13632K) Class: 3295K(3904K)->3295K(3904K)
[11.407s][info   ][gc          ] GC(21) Pause Young (Normal) (G1 Evacuation Pause) 2001M->1138M(6144M) 107.652ms
[12.228s][info   ][gc,metaspace] GC(22) Metaspace: 16462K(17536K)->16462K(17536K) NonClass: 13167K(13632K)->13167K(13632K) Class: 3295K(3904K)->3295K(3904K)
[12.228s][info   ][gc          ] GC(22) Pause Young (Normal) (G1 Evacuation Pause) 1950M->1220M(6144M) 130.751ms
[13.165s][info   ][gc,metaspace] GC(23) Metaspace: 16462K(17536K)->16462K(17536K) NonClass: 13167K(13632K)->13167K(13632K) Class: 3295K(3904K)->3295K(3904K)
[13.165s][info   ][gc          ] GC(23) Pause Young (Normal) (G1 Evacuation Pause) 2260M->1304M(6144M) 118.087ms
[14.052s][info   ][gc,metaspace] GC(24) Metaspace: 16462K(17536K)->16462K(17536K) NonClass: 13167K(13632K)->13167K(13632K) Class: 3295K(3904K)->3295K(3904K)
[14.052s][info   ][gc          ] GC(24) Pause Young (Normal) (G1 Evacuation Pause) 2192M->1386M(6144M) 143.393ms
[15.124s][info   ][gc,metaspace] GC(25) Metaspace: 16462K(17536K)->16462K(17536K) NonClass: 13167K(13632K)->13167K(13632K) Class: 3295K(3904K)->3295K(3904K)
[15.124s][info   ][gc          ] GC(25) Pause Young (Normal) (G1 Evacuation Pause) 2526M->1482M(6144M) 130.510ms
[16.056s][info   ][gc,metaspace] GC(26) Metaspace: 16462K(17536K)->16462K(17536K) NonClass: 13167K(13632K)->13167K(13632K) Class: 3295K(3904K)->3295K(3904K)
[16.056s][info   ][gc          ] GC(26) Pause Young (Normal) (G1 Evacuation Pause) 2410M->1572M(6144M) 155.234ms
[17.208s][info   ][gc,metaspace] GC(27) Metaspace: 16462K(17536K)->16462K(17536K) NonClass: 13167K(13632K)->13167K(13632K) Class: 3295K(3904K)->3295K(3904K)
[17.208s][info   ][gc          ] GC(27) Pause Young (Normal) (G1 Evacuation Pause) 2800M->1672M(6144M) 140.734ms
67108864 Objects created
 - IK: 55699211 (82.99829%)
 - OAK: 3355627 (5.0002737%)
 - TAK: 8054026 (12.001434%)
Preparatory GC...
[18.608s][info   ][gc,metaspace] GC(28) Metaspace: 16462K(17536K)->16462K(17536K) NonClass: 13167K(13632K)->13167K(13632K) Class: 3295K(3904K)->3295K(3904K)
[18.608s][info   ][gc          ] GC(28) Pause Full (System.gc()) 1824M->1578M(6144M) 1279.260ms
[19.774s][info   ][gc,metaspace] GC(29) Metaspace: 16462K(17536K)->16462K(17536K) NonClass: 13167K(13632K)->13167K(13632K) Class: 3295K(3904K)->3295K(3904K)
[19.774s][info   ][gc          ] GC(29) Pause Full (System.gc()) 1578M->1578M(6144M) 1166.732ms
Done; will start GCs... 
[20.963s][info   ][gc,metaspace] GC(30) Metaspace: 16462K(17536K)->16462K(17536K) NonClass: 13167K(13632K)->13167K(13632K) Class: 3295K(3904K)->3295K(3904K)
[20.963s][info   ][gc          ] GC(30) Pause Full (System.gc()) 1580M->1578M(6144M) 1188.030ms
[22.119s][info   ][gc,metaspace] GC(31) Metaspace: 16462K(17536K)->16462K(17536K) NonClass: 13167K(13632K)->13167K(13632K) Class: 3295K(3904K)->3295K(3904K)
[22.119s][info   ][gc          ] GC(31) Pause Full (System.gc()) 1578M->1578M(6144M) 1156.177ms
[23.278s][info   ][gc,metaspace] GC(32) Metaspace: 16462K(17536K)->16462K(17536K) NonClass: 13167K(13632K)->13167K(13632K) Class: 3295K(3904K)->3295K(3904K)
[23.278s][info   ][gc          ] GC(32) Pause Full (System.gc()) 1578M->1578M(6144M) 1159.393ms
[24.443s][info   ][gc,metaspace] GC(33) Metaspace: 16462K(17536K)->16462K(17536K) NonClass: 13167K(13632K)->13167K(13632K) Class: 3295K(3904K)->3295K(3904K)
[24.443s][info   ][gc          ] GC(33) Pause Full (System.gc()) 1578M->1578M(6144M) 1165.004ms
[25.610s][info   ][gc,metaspace] GC(34) Metaspace: 16462K(17536K)->16462K(17536K) NonClass: 13167K(13632K)->13167K(13632K) Class: 3295K(3904K)->3295K(3904K)
[25.610s][info   ][gc          ] GC(34) Pause Full (System.gc()) 1578M->1578M(6144M) 1166.973ms
[26.778s][info   ][gc,metaspace] GC(35) Metaspace: 16462K(17536K)->16462K(17536K) NonClass: 13167K(13632K)->13167K(13632K) Class: 3295K(3904K)->3295K(3904K)
[26.778s][info   ][gc          ] GC(35) Pause Full (System.gc()) 1578M->1578M(6144M) 1167.237ms
[28.024s][info   ][gc,metaspace] GC(36) Metaspace: 16462K(17536K)->16462K(17536K) NonClass: 13167K(13632K)->13167K(13632K) Class: 3295K(3904K)->3295K(3904K)
[28.024s][info   ][gc          ] GC(36) Pause Full (System.gc()) 1578M->1578M(6144M) 1246.040ms
[29.229s][info   ][gc,metaspace] GC(37) Metaspace: 16462K(17536K)->16462K(17536K) NonClass: 13167K(13632K)->13167K(13632K) Class: 3295K(3904K)->3295K(3904K)
[29.229s][info   ][gc          ] GC(37) Pause Full (System.gc()) 1578M->1578M(6144M) 1205.460ms
[30.387s][info   ][gc,metaspace] GC(38) Metaspace: 16462K(17536K)->16462K(17536K) NonClass: 13167K(13632K)->13167K(13632K) Class: 3295K(3904K)->3295K(3904K)
[30.387s][info   ][gc          ] GC(38) Pause Full (System.gc()) 1578M->1578M(6144M) 1157.551ms
[31.544s][info   ][gc,metaspace] GC(39) Metaspace: 16462K(17536K)->16462K(17536K) NonClass: 13167K(13632K)->13167K(13632K) Class: 3295K(3904K)->3295K(3904K)
[31.544s][info   ][gc          ] GC(39) Pause Full (System.gc()) 1578M->1578M(6144M) 1156.730ms
[32.708s][info   ][gc,metaspace] GC(40) Metaspace: 16462K(17536K)->16462K(17536K) NonClass: 13167K(13632K)->13167K(13632K) Class: 3295K(3904K)->3295K(3904K)
[32.708s][info   ][gc          ] GC(40) Pause Full (System.gc()) 1578M->1578M(6144M) 1163.994ms
[33.896s][info   ][gc,metaspace] GC(41) Metaspace: 16462K(17536K)->16462K(17536K) NonClass: 13167K(13632K)->13167K(13632K) Class: 3295K(3904K)->3295K(3904K)
[33.896s][info   ][gc          ] GC(41) Pause Full (System.gc()) 1578M->1578M(6144M) 1187.939ms
[35.049s][info   ][gc,metaspace] GC(42) Metaspace: 16462K(17536K)->16462K(17536K) NonClass: 13167K(13632K)->13167K(13632K) Class: 3295K(3904K)->3295K(3904K)
[35.049s][info   ][gc          ] GC(42) Pause Full (System.gc()) 1578M->1578M(6144M) 1152.871ms
[36.205s][info   ][gc,metaspace] GC(43) Metaspace: 16462K(17536K)->16462K(17536K) NonClass: 13167K(13632K)->13167K(13632K) Class: 3295K(3904K)->3295K(3904K)
[36.205s][info   ][gc          ] GC(43) Pause Full (System.gc()) 1578M->1578M(6144M) 1156.372ms
[37.363s][info   ][gc,metaspace] GC(44) Metaspace: 16462K(17536K)->16462K(17536K) NonClass: 13167K(13632K)->13167K(13632K) Class: 3295K(3904K)->3295K(3904K)
[37.363s][info   ][gc          ] GC(44) Pause Full (System.gc()) 1578M->1578M(6144M) 1157.516ms
[38.525s][info   ][gc,metaspace] GC(45) Metaspace: 16462K(17536K)->16462K(17536K) NonClass: 13167K(13632K)->13167K(13632K) Class: 3295K(3904K)->3295K(3904K)
[38.525s][info   ][gc          ] GC(45) Pause Full (System.gc()) 1578M->1578M(6144M) 1161.554ms
[39.682s][info   ][gc,metaspace] GC(46) Metaspace: 16462K(17536K)->16462K(17536K) NonClass: 13167K(13632K)->13167K(13632K) Class: 3295K(3904K)->3295K(3904K)
[39.682s][info   ][gc          ] GC(46) Pause Full (System.gc()) 1578M->1578M(6144M) 1157.320ms
[40.876s][info   ][gc,metaspace] GC(47) Metaspace: 16462K(17536K)->16462K(17536K) NonClass: 13167K(13632K)->13167K(13632K) Class: 3295K(3904K)->3295K(3904K)
[40.876s][info   ][gc          ] GC(47) Pause Full (System.gc()) 1578M->1578M(6144M) 1194.051ms
[42.030s][info   ][gc,metaspace] GC(48) Metaspace: 16462K(17536K)->16462K(17536K) NonClass: 13167K(13632K)->13167K(13632K) Class: 3295K(3904K)->3295K(3904K)
[42.030s][info   ][gc          ] GC(48) Pause Full (System.gc()) 1578M->1578M(6144M) 1154.300ms
[43.186s][info   ][gc,metaspace] GC(49) Metaspace: 16462K(17536K)->16462K(17536K) NonClass: 13167K(13632K)->13167K(13632K) Class: 3295K(3904K)->3295K(3904K)
[43.186s][info   ][gc          ] GC(49) Pause Full (System.gc()) 1578M->1578M(6144M) 1155.536ms
[44.346s][info   ][gc,metaspace] GC(50) Metaspace: 16462K(17536K)->16462K(17536K) NonClass: 13167K(13632K)->13167K(13632K) Class: 3295K(3904K)->3295K(3904K)
[44.346s][info   ][gc          ] GC(50) Pause Full (System.gc()) 1578M->1578M(6144M) 1159.969ms
[45.514s][info   ][gc,metaspace] GC(51) Metaspace: 16462K(17536K)->16462K(17536K) NonClass: 13167K(13632K)->13167K(13632K) Class: 3295K(3904K)->3295K(3904K)
[45.514s][info   ][gc          ] GC(51) Pause Full (System.gc()) 1578M->1578M(6144M) 1168.293ms
[46.679s][info   ][gc,metaspace] GC(52) Metaspace: 16462K(17536K)->16462K(17536K) NonClass: 13167K(13632K)->13167K(13632K) Class: 3295K(3904K)->3295K(3904K)
[46.679s][info   ][gc          ] GC(52) Pause Full (System.gc()) 1578M->1578M(6144M) 1164.076ms
[47.864s][info   ][gc,metaspace] GC(53) Metaspace: 16462K(17536K)->16462K(17536K) NonClass: 13167K(13632K)->13167K(13632K) Class: 3295K(3904K)->3295K(3904K)
[47.864s][info   ][gc          ] GC(53) Pause Full (System.gc()) 1578M->1578M(6144M) 1185.594ms
[49.020s][info   ][gc,metaspace] GC(54) Metaspace: 16462K(17536K)->16462K(17536K) NonClass: 13167K(13632K)->13167K(13632K) Class: 3295K(3904K)->3295K(3904K)
[49.020s][info   ][gc          ] GC(54) Pause Full (System.gc()) 1578M->1578M(6144M) 1156.005ms
[50.181s][info   ][gc,metaspace] GC(55) Metaspace: 16462K(17536K)->16462K(17536K) NonClass: 13167K(13632K)->13167K(13632K) Class: 3295K(3904K)->3295K(3904K)
[50.182s][info   ][gc          ] GC(55) Pause Full (System.gc()) 1578M->1578M(6144M) 1161.121ms
[51.327s][info   ][gc,metaspace] GC(56) Metaspace: 16462K(17536K)->16462K(17536K) NonClass: 13167K(13632K)->13167K(13632K) Class: 3295K(3904K)->3295K(3904K)
[51.327s][info   ][gc          ] GC(56) Pause Full (System.gc()) 1578M->1578M(6144M) 1145.188ms
[52.487s][info   ][gc,metaspace] GC(57) Metaspace: 16462K(17536K)->16462K(17536K) NonClass: 13167K(13632K)->13167K(13632K) Class: 3295K(3904K)->3295K(3904K)
[52.487s][info   ][gc          ] GC(57) Pause Full (System.gc()) 1578M->1578M(6144M) 1160.382ms
[53.648s][info   ][gc,metaspace] GC(58) Metaspace: 16462K(17536K)->16462K(17536K) NonClass: 13167K(13632K)->13167K(13632K) Class: 3295K(3904K)->3295K(3904K)
[53.648s][info   ][gc          ] GC(58) Pause Full (System.gc()) 1578M->1578M(6144M) 1160.901ms
[54.815s][info   ][gc,metaspace] GC(59) Metaspace: 16462K(17536K)->16462K(17536K) NonClass: 13167K(13632K)->13167K(13632K) Class: 3295K(3904K)->3295K(3904K)
[54.815s][info   ][gc          ] GC(59) Pause Full (System.gc()) 1578M->1578M(6144M) 1166.391ms
[55.999s][info   ][gc,metaspace] GC(60) Metaspace: 16462K(17536K)->16462K(17536K) NonClass: 13167K(13632K)->13167K(13632K) Class: 3295K(3904K)->3295K(3904K)
[55.999s][info   ][gc          ] GC(60) Pause Full (System.gc()) 1578M->1578M(6144M) 1183.770ms
[57.157s][info   ][gc,metaspace] GC(61) Metaspace: 16462K(17536K)->16462K(17536K) NonClass: 13167K(13632K)->13167K(13632K) Class: 3295K(3904K)->3295K(3904K)
[57.157s][info   ][gc          ] GC(61) Pause Full (System.gc()) 1578M->1578M(6144M) 1158.768ms
[58.317s][info   ][gc,metaspace] GC(62) Metaspace: 16462K(17536K)->16462K(17536K) NonClass: 13167K(13632K)->13167K(13632K) Class: 3295K(3904K)->3295K(3904K)
[58.318s][info   ][gc          ] GC(62) Pause Full (System.gc()) 1578M->1578M(6144M) 1160.031ms
[59.478s][info   ][gc,metaspace] GC(63) Metaspace: 16462K(17536K)->16462K(17536K) NonClass: 13167K(13632K)->13167K(13632K) Class: 3295K(3904K)->3295K(3904K)
[59.478s][info   ][gc          ] GC(63) Pause Full (System.gc()) 1578M->1578M(6144M) 1160.522ms
[60.641s][info   ][gc,metaspace] GC(64) Metaspace: 16462K(17536K)->16462K(17536K) NonClass: 13167K(13632K)->13167K(13632K) Class: 3295K(3904K)->3295K(3904K)
[60.641s][info   ][gc          ] GC(64) Pause Full (System.gc()) 1578M->1578M(6144M) 1162.428ms
[61.803s][info   ][gc,metaspace] GC(65) Metaspace: 16462K(17536K)->16462K(17536K) NonClass: 13167K(13632K)->13167K(13632K) Class: 3295K(3904K)->3295K(3904K)
[61.804s][info   ][gc          ] GC(65) Pause Full (System.gc()) 1578M->1578M(6144M) 1162.822ms
[62.985s][info   ][gc,metaspace] GC(66) Metaspace: 16462K(17536K)->16462K(17536K) NonClass: 13167K(13632K)->13167K(13632K) Class: 3295K(3904K)->3295K(3904K)
[62.985s][info   ][gc          ] GC(66) Pause Full (System.gc()) 1578M->1578M(6144M) 1181.346ms
[64.142s][info   ][gc,metaspace] GC(67) Metaspace: 16462K(17536K)->16462K(17536K) NonClass: 13167K(13632K)->13167K(13632K) Class: 3295K(3904K)->3295K(3904K)
[64.142s][info   ][gc          ] GC(67) Pause Full (System.gc()) 1578M->1578M(6144M) 1157.285ms
[65.309s][info   ][gc,metaspace] GC(68) Metaspace: 16462K(17536K)->16462K(17536K) NonClass: 13167K(13632K)->13167K(13632K) Class: 3295K(3904K)->3295K(3904K)
[65.309s][info   ][gc          ] GC(68) Pause Full (System.gc()) 1578M->1578M(6144M) 1166.739ms
[66.489s][info   ][gc,metaspace] GC(69) Metaspace: 16462K(17536K)->16462K(17536K) NonClass: 13167K(13632K)->13167K(13632K) Class: 3295K(3904K)->3295K(3904K)
[66.489s][info   ][gc          ] GC(69) Pause Full (System.gc()) 1580M->1578M(6144M) 1179.558ms
[67.654s][info   ][gc,metaspace] GC(70) Metaspace: 16462K(17536K)->16462K(17536K) NonClass: 13167K(13632K)->13167K(13632K) Class: 3295K(3904K)->3295K(3904K)
[67.654s][info   ][gc          ] GC(70) Pause Full (System.gc()) 1578M->1578M(6144M) 1164.967ms
[68.822s][info   ][gc,metaspace] GC(71) Metaspace: 16462K(17536K)->16462K(17536K) NonClass: 13167K(13632K)->13167K(13632K) Class: 3295K(3904K)->3295K(3904K)
[68.822s][info   ][gc          ] GC(71) Pause Full (System.gc()) 1578M->1578M(6144M) 1167.983ms
[70.005s][info   ][gc,metaspace] GC(72) Metaspace: 16462K(17536K)->16462K(17536K) NonClass: 13167K(13632K)->13167K(13632K) Class: 3295K(3904K)->3295K(3904K)
[70.005s][info   ][gc          ] GC(72) Pause Full (System.gc()) 1578M->1578M(6144M) 1182.776ms
[71.162s][info   ][gc,metaspace] GC(73) Metaspace: 16462K(17536K)->16462K(17536K) NonClass: 13167K(13632K)->13167K(13632K) Class: 3295K(3904K)->3295K(3904K)
[71.162s][info   ][gc          ] GC(73) Pause Full (System.gc()) 1578M->1578M(6144M) 1157.222ms
[72.324s][info   ][gc,metaspace] GC(74) Metaspace: 16462K(17536K)->16462K(17536K) NonClass: 13167K(13632K)->13167K(13632K) Class: 3295K(3904K)->3295K(3904K)
[72.324s][info   ][gc          ] GC(74) Pause Full (System.gc()) 1578M->1578M(6144M) 1162.281ms
[73.487s][info   ][gc,metaspace] GC(75) Metaspace: 16462K(17536K)->16462K(17536K) NonClass: 13167K(13632K)->13167K(13632K) Class: 3295K(3904K)->3295K(3904K)
[73.487s][info   ][gc          ] GC(75) Pause Full (System.gc()) 1578M->1578M(6144M) 1162.614ms
[74.652s][info   ][gc,metaspace] GC(76) Metaspace: 16462K(17536K)->16462K(17536K) NonClass: 13167K(13632K)->13167K(13632K) Class: 3295K(3904K)->3295K(3904K)
[74.652s][info   ][gc          ] GC(76) Pause Full (System.gc()) 1578M->1578M(6144M) 1164.890ms
[75.812s][info   ][gc,metaspace] GC(77) Metaspace: 16462K(17536K)->16462K(17536K) NonClass: 13167K(13632K)->13167K(13632K) Class: 3295K(3904K)->3295K(3904K)
[75.812s][info   ][gc          ] GC(77) Pause Full (System.gc()) 1578M->1578M(6144M) 1160.062ms
[77.000s][info   ][gc,metaspace] GC(78) Metaspace: 16462K(17536K)->16462K(17536K) NonClass: 13167K(13632K)->13167K(13632K) Class: 3295K(3904K)->3295K(3904K)
[77.000s][info   ][gc          ] GC(78) Pause Full (System.gc()) 1578M->1578M(6144M) 1187.579ms
[78.162s][info   ][gc,metaspace] GC(79) Metaspace: 16462K(17536K)->16462K(17536K) NonClass: 13167K(13632K)->13167K(13632K) Class: 3295K(3904K)->3295K(3904K)
[78.162s][info   ][gc          ] GC(79) Pause Full (System.gc()) 1578M->1578M(6144M) 1162.138ms
After GCs... 
