Done; will start GCs... 
[21.471s][info   ][gc,metaspace] GC(30) Metaspace: 16351K(17408K)->16351K(17408K) NonClass: 14237K(14720K)->14237K(14720K) Class: 2113K(2688K)->2113K(2688K)
[21.471s][info   ][gc          ] GC(30) Pause Full (System.gc()) 1799M->1797M(6144M) 1205.806ms
[22.687s][info   ][gc,metaspace] GC(31) Metaspace: 16351K(17408K)->16351K(17408K) NonClass: 14237K(14720K)->14237K(14720K) Class: 2113K(2688K)->2113K(2688K)
[22.687s][info   ][gc          ] GC(31) Pause Full (System.gc()) 1797M->1797M(6144M) 1216.087ms
[23.903s][info   ][gc,metaspace] GC(32) Metaspace: 16351K(17408K)->16351K(17408K) NonClass: 14237K(14720K)->14237K(14720K) Class: 2113K(2688K)->2113K(2688K)
[23.903s][info   ][gc          ] GC(32) Pause Full (System.gc()) 1797M->1797M(6144M) 1216.089ms
[25.142s][info   ][gc,metaspace] GC(33) Metaspace: 16351K(17408K)->16351K(17408K) NonClass: 14237K(14720K)->14237K(14720K) Class: 2113K(2688K)->2113K(2688K)
[25.142s][info   ][gc          ] GC(33) Pause Full (System.gc()) 1797M->1797M(6144M) 1239.071ms
[26.353s][info   ][gc,metaspace] GC(34) Metaspace: 16351K(17408K)->16351K(17408K) NonClass: 14237K(14720K)->14237K(14720K) Class: 2113K(2688K)->2113K(2688K)
[26.353s][info   ][gc          ] GC(34) Pause Full (System.gc()) 1797M->1797M(6144M) 1210.863ms
[27.564s][info   ][gc,metaspace] GC(35) Metaspace: 16351K(17408K)->16351K(17408K) NonClass: 14237K(14720K)->14237K(14720K) Class: 2113K(2688K)->2113K(2688K)
[27.565s][info   ][gc          ] GC(35) Pause Full (System.gc()) 1797M->1797M(6144M) 1211.058ms
[28.779s][info   ][gc,metaspace] GC(36) Metaspace: 16351K(17408K)->16351K(17408K) NonClass: 14237K(14720K)->14237K(14720K) Class: 2113K(2688K)->2113K(2688K)
[28.779s][info   ][gc          ] GC(36) Pause Full (System.gc()) 1797M->1797M(6144M) 1214.106ms
[29.999s][info   ][gc,metaspace] GC(37) Metaspace: 16351K(17408K)->16351K(17408K) NonClass: 14237K(14720K)->14237K(14720K) Class: 2113K(2688K)->2113K(2688K)
[29.999s][info   ][gc          ] GC(37) Pause Full (System.gc()) 1797M->1797M(6144M) 1219.874ms
[31.236s][info   ][gc,metaspace] GC(38) Metaspace: 16351K(17408K)->16351K(17408K) NonClass: 14237K(14720K)->14237K(14720K) Class: 2113K(2688K)->2113K(2688K)
[31.236s][info   ][gc          ] GC(38) Pause Full (System.gc()) 1797M->1797M(6144M) 1237.666ms
[32.452s][info   ][gc,metaspace] GC(39) Metaspace: 16351K(17408K)->16351K(17408K) NonClass: 14237K(14720K)->14237K(14720K) Class: 2113K(2688K)->2113K(2688K)
[32.452s][info   ][gc          ] GC(39) Pause Full (System.gc()) 1797M->1797M(6144M) 1215.430ms
[33.661s][info   ][gc,metaspace] GC(40) Metaspace: 16351K(17408K)->16351K(17408K) NonClass: 14237K(14720K)->14237K(14720K) Class: 2113K(2688K)->2113K(2688K)
[33.661s][info   ][gc          ] GC(40) Pause Full (System.gc()) 1797M->1797M(6144M) 1209.289ms
[34.881s][info   ][gc,metaspace] GC(41) Metaspace: 16351K(17408K)->16351K(17408K) NonClass: 14237K(14720K)->14237K(14720K) Class: 2113K(2688K)->2113K(2688K)
[34.881s][info   ][gc          ] GC(41) Pause Full (System.gc()) 1797M->1797M(6144M) 1219.145ms
[36.120s][info   ][gc,metaspace] GC(42) Metaspace: 16351K(17408K)->16351K(17408K) NonClass: 14237K(14720K)->14237K(14720K) Class: 2113K(2688K)->2113K(2688K)
[36.120s][info   ][gc          ] GC(42) Pause Full (System.gc()) 1797M->1797M(6144M) 1239.831ms
[37.332s][info   ][gc,metaspace] GC(43) Metaspace: 16351K(17408K)->16351K(17408K) NonClass: 14237K(14720K)->14237K(14720K) Class: 2113K(2688K)->2113K(2688K)
[37.332s][info   ][gc          ] GC(43) Pause Full (System.gc()) 1797M->1797M(6144M) 1211.066ms
[38.543s][info   ][gc,metaspace] GC(44) Metaspace: 16351K(17408K)->16351K(17408K) NonClass: 14237K(14720K)->14237K(14720K) Class: 2113K(2688K)->2113K(2688K)
[38.543s][info   ][gc          ] GC(44) Pause Full (System.gc()) 1797M->1797M(6144M) 1211.602ms
[39.756s][info   ][gc,metaspace] GC(45) Metaspace: 16351K(17408K)->16351K(17408K) NonClass: 14237K(14720K)->14237K(14720K) Class: 2113K(2688K)->2113K(2688K)
[39.756s][info   ][gc          ] GC(45) Pause Full (System.gc()) 1797M->1797M(6144M) 1212.690ms
[40.975s][info   ][gc,metaspace] GC(46) Metaspace: 16351K(17408K)->16351K(17408K) NonClass: 14237K(14720K)->14237K(14720K) Class: 2113K(2688K)->2113K(2688K)
[40.975s][info   ][gc          ] GC(46) Pause Full (System.gc()) 1797M->1797M(6144M) 1218.967ms
[42.210s][info   ][gc,metaspace] GC(47) Metaspace: 16351K(17408K)->16351K(17408K) NonClass: 14237K(14720K)->14237K(14720K) Class: 2113K(2688K)->2113K(2688K)
[42.210s][info   ][gc          ] GC(47) Pause Full (System.gc()) 1797M->1797M(6144M) 1234.714ms
[43.422s][info   ][gc,metaspace] GC(48) Metaspace: 16351K(17408K)->16351K(17408K) NonClass: 14237K(14720K)->14237K(14720K) Class: 2113K(2688K)->2113K(2688K)
[43.422s][info   ][gc          ] GC(48) Pause Full (System.gc()) 1797M->1797M(6144M) 1212.379ms
[44.641s][info   ][gc,metaspace] GC(49) Metaspace: 16351K(17408K)->16351K(17408K) NonClass: 14237K(14720K)->14237K(14720K) Class: 2113K(2688K)->2113K(2688K)
[44.641s][info   ][gc          ] GC(49) Pause Full (System.gc()) 1797M->1797M(6144M) 1218.303ms
[45.855s][info   ][gc,metaspace] GC(50) Metaspace: 16351K(17408K)->16351K(17408K) NonClass: 14237K(14720K)->14237K(14720K) Class: 2113K(2688K)->2113K(2688K)
[45.855s][info   ][gc          ] GC(50) Pause Full (System.gc()) 1797M->1797M(6144M) 1213.973ms
[47.066s][info   ][gc,metaspace] GC(51) Metaspace: 16351K(17408K)->16351K(17408K) NonClass: 14237K(14720K)->14237K(14720K) Class: 2113K(2688K)->2113K(2688K)
[47.066s][info   ][gc          ] GC(51) Pause Full (System.gc()) 1797M->1797M(6144M) 1210.680ms
[48.308s][info   ][gc,metaspace] GC(52) Metaspace: 16351K(17408K)->16351K(17408K) NonClass: 14237K(14720K)->14237K(14720K) Class: 2113K(2688K)->2113K(2688K)
[48.308s][info   ][gc          ] GC(52) Pause Full (System.gc()) 1797M->1797M(6144M) 1242.544ms
[49.519s][info   ][gc,metaspace] GC(53) Metaspace: 16351K(17408K)->16351K(17408K) NonClass: 14237K(14720K)->14237K(14720K) Class: 2113K(2688K)->2113K(2688K)
[49.519s][info   ][gc          ] GC(53) Pause Full (System.gc()) 1797M->1797M(6144M) 1210.570ms
[50.736s][info   ][gc,metaspace] GC(54) Metaspace: 16351K(17408K)->16351K(17408K) NonClass: 14237K(14720K)->14237K(14720K) Class: 2113K(2688K)->2113K(2688K)
[50.736s][info   ][gc          ] GC(54) Pause Full (System.gc()) 1797M->1797M(6144M) 1216.637ms
[51.953s][info   ][gc,metaspace] GC(55) Metaspace: 16351K(17408K)->16351K(17408K) NonClass: 14237K(14720K)->14237K(14720K) Class: 2113K(2688K)->2113K(2688K)
[51.953s][info   ][gc          ] GC(55) Pause Full (System.gc()) 1797M->1797M(6144M) 1217.233ms
[53.191s][info   ][gc,metaspace] GC(56) Metaspace: 16351K(17408K)->16351K(17408K) NonClass: 14237K(14720K)->14237K(14720K) Class: 2113K(2688K)->2113K(2688K)
[53.191s][info   ][gc          ] GC(56) Pause Full (System.gc()) 1797M->1797M(6144M) 1237.468ms
[54.404s][info   ][gc,metaspace] GC(57) Metaspace: 16351K(17408K)->16351K(17408K) NonClass: 14237K(14720K)->14237K(14720K) Class: 2113K(2688K)->2113K(2688K)
[54.404s][info   ][gc          ] GC(57) Pause Full (System.gc()) 1797M->1797M(6144M) 1212.693ms
[55.617s][info   ][gc,metaspace] GC(58) Metaspace: 16351K(17408K)->16351K(17408K) NonClass: 14237K(14720K)->14237K(14720K) Class: 2113K(2688K)->2113K(2688K)
[55.617s][info   ][gc          ] GC(58) Pause Full (System.gc()) 1797M->1797M(6144M) 1213.048ms
[56.831s][info   ][gc,metaspace] GC(59) Metaspace: 16351K(17408K)->16351K(17408K) NonClass: 14237K(14720K)->14237K(14720K) Class: 2113K(2688K)->2113K(2688K)
[56.831s][info   ][gc          ] GC(59) Pause Full (System.gc()) 1797M->1797M(6144M) 1213.576ms
[58.046s][info   ][gc,metaspace] GC(60) Metaspace: 16351K(17408K)->16351K(17408K) NonClass: 14237K(14720K)->14237K(14720K) Class: 2113K(2688K)->2113K(2688K)
[58.046s][info   ][gc          ] GC(60) Pause Full (System.gc()) 1797M->1797M(6144M) 1215.042ms
[59.283s][info   ][gc,metaspace] GC(61) Metaspace: 16351K(17408K)->16351K(17408K) NonClass: 14237K(14720K)->14237K(14720K) Class: 2113K(2688K)->2113K(2688K)
[59.283s][info   ][gc          ] GC(61) Pause Full (System.gc()) 1797M->1797M(6144M) 1237.232ms
[60.490s][info   ][gc,metaspace] GC(62) Metaspace: 16351K(17408K)->16351K(17408K) NonClass: 14237K(14720K)->14237K(14720K) Class: 2113K(2688K)->2113K(2688K)
[60.490s][info   ][gc          ] GC(62) Pause Full (System.gc()) 1797M->1797M(6144M) 1206.597ms
[61.709s][info   ][gc,metaspace] GC(63) Metaspace: 16351K(17408K)->16351K(17408K) NonClass: 14237K(14720K)->14237K(14720K) Class: 2113K(2688K)->2113K(2688K)
[61.709s][info   ][gc          ] GC(63) Pause Full (System.gc()) 1797M->1797M(6144M) 1219.015ms
[62.926s][info   ][gc,metaspace] GC(64) Metaspace: 16351K(17408K)->16351K(17408K) NonClass: 14237K(14720K)->14237K(14720K) Class: 2113K(2688K)->2113K(2688K)
[62.926s][info   ][gc          ] GC(64) Pause Full (System.gc()) 1797M->1797M(6144M) 1216.974ms
[64.165s][info   ][gc,metaspace] GC(65) Metaspace: 16351K(17408K)->16351K(17408K) NonClass: 14237K(14720K)->14237K(14720K) Class: 2113K(2688K)->2113K(2688K)
[64.165s][info   ][gc          ] GC(65) Pause Full (System.gc()) 1797M->1797M(6144M) 1239.196ms
[65.379s][info   ][gc,metaspace] GC(66) Metaspace: 16351K(17408K)->16351K(17408K) NonClass: 14237K(14720K)->14237K(14720K) Class: 2113K(2688K)->2113K(2688K)
[65.379s][info   ][gc          ] GC(66) Pause Full (System.gc()) 1797M->1797M(6144M) 1213.719ms
[66.591s][info   ][gc,metaspace] GC(67) Metaspace: 16351K(17408K)->16351K(17408K) NonClass: 14237K(14720K)->14237K(14720K) Class: 2113K(2688K)->2113K(2688K)
[66.591s][info   ][gc          ] GC(67) Pause Full (System.gc()) 1797M->1797M(6144M) 1211.690ms
[67.802s][info   ][gc,metaspace] GC(68) Metaspace: 16351K(17408K)->16351K(17408K) NonClass: 14237K(14720K)->14237K(14720K) Class: 2113K(2688K)->2113K(2688K)
[67.802s][info   ][gc          ] GC(68) Pause Full (System.gc()) 1797M->1797M(6144M) 1211.025ms
[69.016s][info   ][gc,metaspace] GC(69) Metaspace: 16351K(17408K)->16351K(17408K) NonClass: 14237K(14720K)->14237K(14720K) Class: 2113K(2688K)->2113K(2688K)
[69.016s][info   ][gc          ] GC(69) Pause Full (System.gc()) 1797M->1797M(6144M) 1214.343ms
[70.258s][info   ][gc,metaspace] GC(70) Metaspace: 16351K(17408K)->16351K(17408K) NonClass: 14237K(14720K)->14237K(14720K) Class: 2113K(2688K)->2113K(2688K)
[70.258s][info   ][gc          ] GC(70) Pause Full (System.gc()) 1797M->1797M(6144M) 1241.750ms
[71.467s][info   ][gc,metaspace] GC(71) Metaspace: 16351K(17408K)->16351K(17408K) NonClass: 14237K(14720K)->14237K(14720K) Class: 2113K(2688K)->2113K(2688K)
[71.467s][info   ][gc          ] GC(71) Pause Full (System.gc()) 1799M->1797M(6144M) 1208.800ms
[72.683s][info   ][gc,metaspace] GC(72) Metaspace: 16351K(17408K)->16351K(17408K) NonClass: 14237K(14720K)->14237K(14720K) Class: 2113K(2688K)->2113K(2688K)
[72.683s][info   ][gc          ] GC(72) Pause Full (System.gc()) 1797M->1797M(6144M) 1216.086ms
[73.895s][info   ][gc,metaspace] GC(73) Metaspace: 16351K(17408K)->16351K(17408K) NonClass: 14237K(14720K)->14237K(14720K) Class: 2113K(2688K)->2113K(2688K)
[73.895s][info   ][gc          ] GC(73) Pause Full (System.gc()) 1797M->1797M(6144M) 1211.966ms
[75.132s][info   ][gc,metaspace] GC(74) Metaspace: 16351K(17408K)->16351K(17408K) NonClass: 14237K(14720K)->14237K(14720K) Class: 2113K(2688K)->2113K(2688K)
[75.132s][info   ][gc          ] GC(74) Pause Full (System.gc()) 1797M->1797M(6144M) 1236.394ms
[76.342s][info   ][gc,metaspace] GC(75) Metaspace: 16351K(17408K)->16351K(17408K) NonClass: 14237K(14720K)->14237K(14720K) Class: 2113K(2688K)->2113K(2688K)
[76.342s][info   ][gc          ] GC(75) Pause Full (System.gc()) 1797M->1797M(6144M) 1209.794ms
[77.547s][info   ][gc,metaspace] GC(76) Metaspace: 16351K(17408K)->16351K(17408K) NonClass: 14237K(14720K)->14237K(14720K) Class: 2113K(2688K)->2113K(2688K)
[77.547s][info   ][gc          ] GC(76) Pause Full (System.gc()) 1797M->1797M(6144M) 1205.248ms
[78.765s][info   ][gc,metaspace] GC(77) Metaspace: 16351K(17408K)->16351K(17408K) NonClass: 14237K(14720K)->14237K(14720K) Class: 2113K(2688K)->2113K(2688K)
[78.766s][info   ][gc          ] GC(77) Pause Full (System.gc()) 1797M->1797M(6144M) 1218.354ms
[79.982s][info   ][gc,metaspace] GC(78) Metaspace: 16351K(17408K)->16351K(17408K) NonClass: 14237K(14720K)->14237K(14720K) Class: 2113K(2688K)->2113K(2688K)
[79.982s][info   ][gc          ] GC(78) Pause Full (System.gc()) 1797M->1797M(6144M) 1216.428ms
[81.217s][info   ][gc,metaspace] GC(79) Metaspace: 16351K(17408K)->16351K(17408K) NonClass: 14237K(14720K)->14237K(14720K) Class: 2113K(2688K)->2113K(2688K)
[81.218s][info   ][gc          ] GC(79) Pause Full (System.gc()) 1797M->1797M(6144M) 1235.414ms
After GCs... 
