Done; will start GCs... 
[49.351s][info][gc,metaspace] GC(13) Metaspace: 31195K(34880K)->31195K(34880K) NonClass: 23169K(24768K)->23169K(24768K) Class: 8025K(10112K)->8025K(10112K)
[49.351s][info][gc          ] GC(13) Pause Full (System.gc()) 1626M->1593M(5939M) 6236.407ms
[53.942s][info][gc,metaspace] GC(14) Metaspace: 31195K(34880K)->31195K(34880K) NonClass: 23169K(24768K)->23169K(24768K) Class: 8025K(10112K)->8025K(10112K)
[53.942s][info][gc          ] GC(14) Pause Full (System.gc()) 1593M->1593M(5939M) 4591.486ms
[58.582s][info][gc,metaspace] GC(15) Metaspace: 31195K(34880K)->31195K(34880K) NonClass: 23169K(24768K)->23169K(24768K) Class: 8025K(10112K)->8025K(10112K)
[58.582s][info][gc          ] GC(15) Pause Full (System.gc()) 1593M->1593M(5939M) 4640.033ms
[63.165s][info][gc,metaspace] GC(16) Metaspace: 31195K(34880K)->31195K(34880K) NonClass: 23169K(24768K)->23169K(24768K) Class: 8025K(10112K)->8025K(10112K)
[63.165s][info][gc          ] GC(16) Pause Full (System.gc()) 1593M->1593M(5939M) 4582.303ms
[69.354s][info][gc,metaspace] GC(17) Metaspace: 31195K(34880K)->31195K(34880K) NonClass: 23169K(24768K)->23169K(24768K) Class: 8025K(10112K)->8025K(10112K)
[69.354s][info][gc          ] GC(17) Pause Full (System.gc()) 1609M->1593M(5939M) 6189.139ms
[74.171s][info][gc,metaspace] GC(18) Metaspace: 31195K(34880K)->31195K(34880K) NonClass: 23169K(24768K)->23169K(24768K) Class: 8025K(10112K)->8025K(10112K)
[74.171s][info][gc          ] GC(18) Pause Full (System.gc()) 1593M->1593M(5939M) 4816.819ms
[78.809s][info][gc,metaspace] GC(19) Metaspace: 31195K(34880K)->31195K(34880K) NonClass: 23169K(24768K)->23169K(24768K) Class: 8025K(10112K)->8025K(10112K)
[78.809s][info][gc          ] GC(19) Pause Full (System.gc()) 1593M->1593M(5939M) 4637.556ms
[83.447s][info][gc,metaspace] GC(20) Metaspace: 31195K(34880K)->31195K(34880K) NonClass: 23169K(24768K)->23169K(24768K) Class: 8025K(10112K)->8025K(10112K)
[83.447s][info][gc          ] GC(20) Pause Full (System.gc()) 1593M->1593M(5939M) 4637.790ms
[88.037s][info][gc,metaspace] GC(21) Metaspace: 31195K(34880K)->31195K(34880K) NonClass: 23169K(24768K)->23169K(24768K) Class: 8025K(10112K)->8025K(10112K)
[88.037s][info][gc          ] GC(21) Pause Full (System.gc()) 1593M->1593M(5939M) 4590.215ms
[92.679s][info][gc,metaspace] GC(22) Metaspace: 31195K(34880K)->31195K(34880K) NonClass: 23169K(24768K)->23169K(24768K) Class: 8025K(10112K)->8025K(10112K)
[92.679s][info][gc          ] GC(22) Pause Full (System.gc()) 1593M->1593M(5939M) 4641.141ms
After GCs... 
