[0.001s][info][metaspace]  - commit_granule_bytes: 65536.
[0.001s][info][metaspace]  - commit_granule_words: 8192.
[0.001s][info][metaspace]  - virtual_space_node_default_size: 8388608.
[0.001s][info][metaspace]  - enlarge_chunks_in_place: 1.
[0.001s][info][metaspace]  - use_allocation_guard: 0.
[0.002s][info][gc       ] Using Serial
[0.007s][info][metaspace] Reserving compressed class space anywhere
[0.008s][info][gc,metaspace] CDS archive(s) not mapped
[0.008s][info][gc,metaspace] Compressed class space mapped at: 0x0000000037000000-0x00000000f7000000, reserved size: 3221225472
[0.008s][info][gc,metaspace] UseCompressedClassPointers 1, UseCompactObjectHeaders 1, narrow klass pointer bits 22, max shift 10
[0.008s][info][gc,metaspace] Narrow klass base: 0x0000000037000000, Narrow klass shift: 10, Narrow klass range: 0xc0000000
Random Seed: 12345678
Num Classes: 4096
Num Objects: 67108864
Percent IK Objects: 83.0%)
Percent OAK Objects: 5.0%)
Percent TAK Objects: 12.0%)
Cycles: 10
Loading 4096 pre-generated classes ...
Materialize pre-generated constructors ...
Creating objects...
[0.402s][info][gc,metaspace] GC(0) Metaspace: 17700K(18048K)->17700K(18048K) NonClass: 11824K(12032K)->11824K(12032K) Class: 5876K(6016K)->5876K(6016K)
[0.402s][info][gc          ] GC(0) Pause Full (System.gc()) 163M->4M(5939M) 21.787ms
[3.954s][info][gc,metaspace] GC(1) Metaspace: 31193K(34880K)->31193K(34880K) NonClass: 23166K(24768K)->23166K(24768K) Class: 8026K(10112K)->8026K(10112K)
[3.954s][info][gc          ] GC(1) Pause Young (Allocation Failure) 1643M->357M(5939M) 448.389ms
[7.592s][info][gc,metaspace] GC(2) Metaspace: 31195K(34880K)->31195K(34880K) NonClass: 23168K(24768K)->23168K(24768K) Class: 8026K(10112K)->8026K(10112K)
[7.592s][info][gc          ] GC(2) Pause Young (Allocation Failure) 1995M->494M(5939M) 825.685ms
[11.453s][info][gc,metaspace] GC(3) Metaspace: 31195K(34880K)->31195K(34880K) NonClass: 23168K(24768K)->23168K(24768K) Class: 8026K(10112K)->8026K(10112K)
[11.453s][info][gc          ] GC(3) Pause Young (Allocation Failure) 2132M->628M(5939M) 1130.856ms
[15.104s][info][gc,metaspace] GC(4) Metaspace: 31195K(34880K)->31195K(34880K) NonClass: 23168K(24768K)->23168K(24768K) Class: 8026K(10112K)->8026K(10112K)
[15.104s][info][gc          ] GC(4) Pause Young (Allocation Failure) 2266M->762M(5939M) 897.754ms
[18.344s][info][gc,metaspace] GC(5) Metaspace: 31195K(34880K)->31195K(34880K) NonClass: 23168K(24768K)->23168K(24768K) Class: 8026K(10112K)->8026K(10112K)
[18.344s][info][gc          ] GC(5) Pause Young (Allocation Failure) 2400M->895M(5939M) 889.580ms
[20.906s][info][gc,metaspace] GC(6) Metaspace: 31195K(34880K)->31195K(34880K) NonClass: 23168K(24768K)->23168K(24768K) Class: 8026K(10112K)->8026K(10112K)
[20.906s][info][gc          ] GC(6) Pause Young (Allocation Failure) 2534M->1029M(5939M) 889.820ms
[23.118s][info][gc,metaspace] GC(7) Metaspace: 31195K(34880K)->31195K(34880K) NonClass: 23168K(24768K)->23168K(24768K) Class: 8026K(10112K)->8026K(10112K)
[23.119s][info][gc          ] GC(7) Pause Young (Allocation Failure) 2668M->1163M(5939M) 890.462ms
[24.959s][info][gc,metaspace] GC(8) Metaspace: 31195K(34880K)->31195K(34880K) NonClass: 23168K(24768K)->23168K(24768K) Class: 8026K(10112K)->8026K(10112K)
[24.959s][info][gc          ] GC(8) Pause Young (Allocation Failure) 2802M->1297M(5939M) 525.402ms
[26.799s][info][gc,metaspace] GC(9) Metaspace: 31195K(34880K)->31195K(34880K) NonClass: 23168K(24768K)->23168K(24768K) Class: 8026K(10112K)->8026K(10112K)
[26.799s][info][gc          ] GC(9) Pause Young (Allocation Failure) 2936M->1431M(5939M) 525.453ms
[28.638s][info][gc,metaspace] GC(10) Metaspace: 31195K(34880K)->31195K(34880K) NonClass: 23168K(24768K)->23168K(24768K) Class: 8026K(10112K)->8026K(10112K)
[28.638s][info][gc          ] GC(10) Pause Young (Allocation Failure) 3069M->1565M(5939M) 524.496ms
67108864 Objects created
 - IK: 55699211 (82.99829%)
 - OAK: 3355627 (5.0002737%)
 - TAK: 8054026 (12.001434%)
Preparatory GC...
[32.986s][info][gc,metaspace] GC(11) Metaspace: 31195K(34880K)->31195K(34880K) NonClass: 23168K(24768K)->23168K(24768K) Class: 8026K(10112K)->8026K(10112K)
[32.987s][info][gc          ] GC(11) Pause Full (System.gc()) 1925M->1593M(5939M) 4069.201ms
[36.827s][info][gc,metaspace] GC(12) Metaspace: 31195K(34880K)->31195K(34880K) NonClass: 23168K(24768K)->23168K(24768K) Class: 8026K(10112K)->8026K(10112K)
[36.827s][info][gc          ] GC(12) Pause Full (System.gc()) 1593M->1593M(5939M) 3840.266ms
Done; will start GCs... 
[42.136s][info][gc,metaspace] GC(13) Metaspace: 31195K(34880K)->31195K(34880K) NonClass: 23168K(24768K)->23168K(24768K) Class: 8026K(10112K)->8026K(10112K)
[42.136s][info][gc          ] GC(13) Pause Full (System.gc()) 1626M->1593M(5939M) 5308.934ms
[45.972s][info][gc,metaspace] GC(14) Metaspace: 31195K(34880K)->31195K(34880K) NonClass: 23168K(24768K)->23168K(24768K) Class: 8026K(10112K)->8026K(10112K)
[45.972s][info][gc          ] GC(14) Pause Full (System.gc()) 1593M->1593M(5939M) 3836.166ms
[49.807s][info][gc,metaspace] GC(15) Metaspace: 31195K(34880K)->31195K(34880K) NonClass: 23168K(24768K)->23168K(24768K) Class: 8026K(10112K)->8026K(10112K)
[49.807s][info][gc          ] GC(15) Pause Full (System.gc()) 1593M->1593M(5939M) 3834.066ms
[53.639s][info][gc,metaspace] GC(16) Metaspace: 31195K(34880K)->31195K(34880K) NonClass: 23168K(24768K)->23168K(24768K) Class: 8026K(10112K)->8026K(10112K)
[53.639s][info][gc          ] GC(16) Pause Full (System.gc()) 1593M->1593M(5939M) 3832.544ms
[57.698s][info][gc,metaspace] GC(17) Metaspace: 31195K(34880K)->31195K(34880K) NonClass: 23168K(24768K)->23168K(24768K) Class: 8026K(10112K)->8026K(10112K)
[57.698s][info][gc          ] GC(17) Pause Full (System.gc()) 1593M->1593M(5939M) 4058.617ms
[61.486s][info][gc,metaspace] GC(18) Metaspace: 31195K(34880K)->31195K(34880K) NonClass: 23168K(24768K)->23168K(24768K) Class: 8026K(10112K)->8026K(10112K)
[61.486s][info][gc          ] GC(18) Pause Full (System.gc()) 1593M->1593M(5939M) 3787.925ms
[65.320s][info][gc,metaspace] GC(19) Metaspace: 31195K(34880K)->31195K(34880K) NonClass: 23168K(24768K)->23168K(24768K) Class: 8026K(10112K)->8026K(10112K)
[65.320s][info][gc          ] GC(19) Pause Full (System.gc()) 1609M->1593M(5939M) 3833.559ms
[69.153s][info][gc,metaspace] GC(20) Metaspace: 31195K(34880K)->31195K(34880K) NonClass: 23168K(24768K)->23168K(24768K) Class: 8026K(10112K)->8026K(10112K)
[69.153s][info][gc          ] GC(20) Pause Full (System.gc()) 1593M->1593M(5939M) 3832.986ms
[74.411s][info][gc,metaspace] GC(21) Metaspace: 31195K(34880K)->31195K(34880K) NonClass: 23168K(24768K)->23168K(24768K) Class: 8026K(10112K)->8026K(10112K)
[74.411s][info][gc          ] GC(21) Pause Full (System.gc()) 1593M->1593M(5939M) 5257.596ms
[78.239s][info][gc,metaspace] GC(22) Metaspace: 31195K(34880K)->31195K(34880K) NonClass: 23168K(24768K)->23168K(24768K) Class: 8026K(10112K)->8026K(10112K)
[78.239s][info][gc          ] GC(22) Pause Full (System.gc()) 1593M->1593M(5939M) 3827.627ms
After GCs... 
