Done; will start GCs... 
[43.490s][info][gc,metaspace] GC(13) Metaspace: 30735K(34432K)->30735K(34432K) NonClass: 25329K(26944K)->25329K(26944K) Class: 5405K(7488K)->5405K(7488K)
[43.491s][info][gc          ] GC(13) Pause Full (System.gc()) 1839M->1806M(5939M) 5336.487ms
[47.629s][info][gc,metaspace] GC(14) Metaspace: 30735K(34432K)->30735K(34432K) NonClass: 25329K(26944K)->25329K(26944K) Class: 5405K(7488K)->5405K(7488K)
[47.629s][info][gc          ] GC(14) Pause Full (System.gc()) 1806M->1806M(5939M) 4138.727ms
[51.811s][info][gc,metaspace] GC(15) Metaspace: 30735K(34432K)->30735K(34432K) NonClass: 25329K(26944K)->25329K(26944K) Class: 5405K(7488K)->5405K(7488K)
[51.811s][info][gc          ] GC(15) Pause Full (System.gc()) 1806M->1806M(5939M) 4181.273ms
[56.176s][info][gc,metaspace] GC(16) Metaspace: 30735K(34432K)->30735K(34432K) NonClass: 25329K(26944K)->25329K(26944K) Class: 5405K(7488K)->5405K(7488K)
[56.176s][info][gc          ] GC(16) Pause Full (System.gc()) 1806M->1806M(5939M) 4365.268ms
[60.308s][info][gc,metaspace] GC(17) Metaspace: 30735K(34432K)->30735K(34432K) NonClass: 25329K(26944K)->25329K(26944K) Class: 5405K(7488K)->5405K(7488K)
[60.308s][info][gc          ] GC(17) Pause Full (System.gc()) 1806M->1806M(5939M) 4131.267ms
[64.438s][info][gc,metaspace] GC(18) Metaspace: 30735K(34432K)->30735K(34432K) NonClass: 25329K(26944K)->25329K(26944K) Class: 5405K(7488K)->5405K(7488K)
[64.439s][info][gc          ] GC(18) Pause Full (System.gc()) 1806M->1806M(5939M) 4130.745ms
[68.567s][info][gc,metaspace] GC(19) Metaspace: 30735K(34432K)->30735K(34432K) NonClass: 25329K(26944K)->25329K(26944K) Class: 5405K(7488K)->5405K(7488K)
[68.567s][info][gc          ] GC(19) Pause Full (System.gc()) 1806M->1806M(5939M) 4128.434ms
[72.695s][info][gc,metaspace] GC(20) Metaspace: 30735K(34432K)->30735K(34432K) NonClass: 25329K(26944K)->25329K(26944K) Class: 5405K(7488K)->5405K(7488K)
[72.695s][info][gc          ] GC(20) Pause Full (System.gc()) 1823M->1806M(5939M) 4127.526ms
[78.016s][info][gc,metaspace] GC(21) Metaspace: 30735K(34432K)->30735K(34432K) NonClass: 25329K(26944K)->25329K(26944K) Class: 5405K(7488K)->5405K(7488K)
[78.016s][info][gc          ] GC(21) Pause Full (System.gc()) 1806M->1806M(5939M) 5320.728ms
[82.144s][info][gc,metaspace] GC(22) Metaspace: 30735K(34432K)->30735K(34432K) NonClass: 25329K(26944K)->25329K(26944K) Class: 5405K(7488K)->5405K(7488K)
[82.144s][info][gc          ] GC(22) Pause Full (System.gc()) 1806M->1806M(5939M) 4127.824ms
After GCs... 
