Done; will start GCs... 
[10.363s][info][gc,metaspace] GC(1) Metaspace: 23710K(24256K)->23710K(24256K) NonClass: 19601K(19904K)->19601K(19904K) Class: 4109K(4352K)->4109K(4352K)
[10.363s][info][gc          ] GC(1) Pause Full (System.gc()) 847M->771M(5939M) 3223.751ms
[12.301s][info][gc,metaspace] GC(2) Metaspace: 23710K(24256K)->23710K(24256K) NonClass: 19601K(19904K)->19601K(19904K) Class: 4109K(4352K)->4109K(4352K)
[12.301s][info][gc          ] GC(2) Pause Full (System.gc()) 771M->771M(5939M) 1937.653ms
[14.943s][info][gc,metaspace] GC(3) Metaspace: 23710K(24256K)->23710K(24256K) NonClass: 19601K(19904K)->19601K(19904K) Class: 4109K(4352K)->4109K(4352K)
[14.944s][info][gc          ] GC(3) Pause Full (System.gc()) 771M->771M(5939M) 2638.407ms
[16.878s][info][gc,metaspace] GC(4) Metaspace: 23710K(24256K)->23710K(24256K) NonClass: 19601K(19904K)->19601K(19904K) Class: 4109K(4352K)->4109K(4352K)
[16.878s][info][gc          ] GC(4) Pause Full (System.gc()) 771M->771M(5939M) 1933.960ms
[18.817s][info][gc,metaspace] GC(5) Metaspace: 23710K(24256K)->23710K(24256K) NonClass: 19601K(19904K)->19601K(19904K) Class: 4109K(4352K)->4109K(4352K)
[18.817s][info][gc          ] GC(5) Pause Full (System.gc()) 771M->771M(5939M) 1939.336ms
[20.756s][info][gc,metaspace] GC(6) Metaspace: 23710K(24256K)->23710K(24256K) NonClass: 19601K(19904K)->19601K(19904K) Class: 4109K(4352K)->4109K(4352K)
[20.756s][info][gc          ] GC(6) Pause Full (System.gc()) 771M->771M(5939M) 1938.519ms
[22.694s][info][gc,metaspace] GC(7) Metaspace: 23710K(24256K)->23710K(24256K) NonClass: 19601K(19904K)->19601K(19904K) Class: 4109K(4352K)->4109K(4352K)
[22.694s][info][gc          ] GC(7) Pause Full (System.gc()) 771M->771M(5939M) 1938.497ms
[24.629s][info][gc,metaspace] GC(8) Metaspace: 23710K(24256K)->23710K(24256K) NonClass: 19601K(19904K)->19601K(19904K) Class: 4109K(4352K)->4109K(4352K)
[24.629s][info][gc          ] GC(8) Pause Full (System.gc()) 771M->771M(5939M) 1934.079ms
[26.562s][info][gc,metaspace] GC(9) Metaspace: 23710K(24256K)->23710K(24256K) NonClass: 19601K(19904K)->19601K(19904K) Class: 4109K(4352K)->4109K(4352K)
[26.563s][info][gc          ] GC(9) Pause Full (System.gc()) 771M->771M(5939M) 1933.907ms
[28.449s][info][gc,metaspace] GC(10) Metaspace: 23710K(24256K)->23710K(24256K) NonClass: 19601K(19904K)->19601K(19904K) Class: 4109K(4352K)->4109K(4352K)
[28.449s][info][gc          ] GC(10) Pause Full (System.gc()) 771M->771M(5939M) 1886.697ms
[30.384s][info][gc,metaspace] GC(11) Metaspace: 23710K(24256K)->23710K(24256K) NonClass: 19601K(19904K)->19601K(19904K) Class: 4109K(4352K)->4109K(4352K)
[30.384s][info][gc          ] GC(11) Pause Full (System.gc()) 771M->771M(5939M) 1934.437ms
[32.322s][info][gc,metaspace] GC(12) Metaspace: 23710K(24256K)->23710K(24256K) NonClass: 19601K(19904K)->19601K(19904K) Class: 4109K(4352K)->4109K(4352K)
[32.322s][info][gc          ] GC(12) Pause Full (System.gc()) 771M->771M(5939M) 1937.670ms
[34.255s][info][gc,metaspace] GC(13) Metaspace: 23710K(24256K)->23710K(24256K) NonClass: 19601K(19904K)->19601K(19904K) Class: 4109K(4352K)->4109K(4352K)
[34.255s][info][gc          ] GC(13) Pause Full (System.gc()) 771M->771M(5939M) 1933.000ms
[36.193s][info][gc,metaspace] GC(14) Metaspace: 23710K(24256K)->23710K(24256K) NonClass: 19601K(19904K)->19601K(19904K) Class: 4109K(4352K)->4109K(4352K)
[36.193s][info][gc          ] GC(14) Pause Full (System.gc()) 771M->771M(5939M) 1938.236ms
[38.127s][info][gc,metaspace] GC(15) Metaspace: 23710K(24256K)->23710K(24256K) NonClass: 19601K(19904K)->19601K(19904K) Class: 4109K(4352K)->4109K(4352K)
[38.127s][info][gc          ] GC(15) Pause Full (System.gc()) 771M->771M(5939M) 1934.079ms
[40.062s][info][gc,metaspace] GC(16) Metaspace: 23710K(24256K)->23710K(24256K) NonClass: 19601K(19904K)->19601K(19904K) Class: 4109K(4352K)->4109K(4352K)
[40.062s][info][gc          ] GC(16) Pause Full (System.gc()) 771M->771M(5939M) 1934.422ms
[42.000s][info][gc,metaspace] GC(17) Metaspace: 23710K(24256K)->23710K(24256K) NonClass: 19601K(19904K)->19601K(19904K) Class: 4109K(4352K)->4109K(4352K)
[42.000s][info][gc          ] GC(17) Pause Full (System.gc()) 771M->771M(5939M) 1937.931ms
[43.934s][info][gc,metaspace] GC(18) Metaspace: 23710K(24256K)->23710K(24256K) NonClass: 19601K(19904K)->19601K(19904K) Class: 4109K(4352K)->4109K(4352K)
[43.934s][info][gc          ] GC(18) Pause Full (System.gc()) 771M->771M(5939M) 1933.970ms
[45.872s][info][gc,metaspace] GC(19) Metaspace: 23710K(24256K)->23710K(24256K) NonClass: 19601K(19904K)->19601K(19904K) Class: 4109K(4352K)->4109K(4352K)
[45.872s][info][gc          ] GC(19) Pause Full (System.gc()) 771M->771M(5939M) 1938.103ms
[47.806s][info][gc,metaspace] GC(20) Metaspace: 23710K(24256K)->23710K(24256K) NonClass: 19601K(19904K)->19601K(19904K) Class: 4109K(4352K)->4109K(4352K)
[47.807s][info][gc          ] GC(20) Pause Full (System.gc()) 771M->771M(5939M) 1934.124ms
[49.741s][info][gc,metaspace] GC(21) Metaspace: 23710K(24256K)->23710K(24256K) NonClass: 19601K(19904K)->19601K(19904K) Class: 4109K(4352K)->4109K(4352K)
[49.741s][info][gc          ] GC(21) Pause Full (System.gc()) 771M->771M(5939M) 1933.921ms
[51.678s][info][gc,metaspace] GC(22) Metaspace: 23710K(24256K)->23710K(24256K) NonClass: 19601K(19904K)->19601K(19904K) Class: 4109K(4352K)->4109K(4352K)
[51.678s][info][gc          ] GC(22) Pause Full (System.gc()) 771M->771M(5939M) 1937.430ms
[53.612s][info][gc,metaspace] GC(23) Metaspace: 23710K(24256K)->23710K(24256K) NonClass: 19601K(19904K)->19601K(19904K) Class: 4109K(4352K)->4109K(4352K)
[53.612s][info][gc          ] GC(23) Pause Full (System.gc()) 771M->771M(5939M) 1934.069ms
[55.499s][info][gc,metaspace] GC(24) Metaspace: 23710K(24256K)->23710K(24256K) NonClass: 19601K(19904K)->19601K(19904K) Class: 4109K(4352K)->4109K(4352K)
[55.499s][info][gc          ] GC(24) Pause Full (System.gc()) 771M->771M(5939M) 1886.841ms
[57.434s][info][gc,metaspace] GC(25) Metaspace: 23710K(24256K)->23710K(24256K) NonClass: 19601K(19904K)->19601K(19904K) Class: 4109K(4352K)->4109K(4352K)
[57.434s][info][gc          ] GC(25) Pause Full (System.gc()) 771M->771M(5939M) 1934.229ms
[59.371s][info][gc,metaspace] GC(26) Metaspace: 23710K(24256K)->23710K(24256K) NonClass: 19601K(19904K)->19601K(19904K) Class: 4109K(4352K)->4109K(4352K)
[59.372s][info][gc          ] GC(26) Pause Full (System.gc()) 771M->771M(5939M) 1937.746ms
[61.305s][info][gc,metaspace] GC(27) Metaspace: 23710K(24256K)->23710K(24256K) NonClass: 19601K(19904K)->19601K(19904K) Class: 4109K(4352K)->4109K(4352K)
[61.305s][info][gc          ] GC(27) Pause Full (System.gc()) 771M->771M(5939M) 1933.787ms
[63.241s][info][gc,metaspace] GC(28) Metaspace: 23710K(24256K)->23710K(24256K) NonClass: 19601K(19904K)->19601K(19904K) Class: 4109K(4352K)->4109K(4352K)
[63.241s][info][gc          ] GC(28) Pause Full (System.gc()) 771M->771M(5939M) 1935.704ms
[65.180s][info][gc,metaspace] GC(29) Metaspace: 23710K(24256K)->23710K(24256K) NonClass: 19601K(19904K)->19601K(19904K) Class: 4109K(4352K)->4109K(4352K)
[65.180s][info][gc          ] GC(29) Pause Full (System.gc()) 771M->771M(5939M) 1938.564ms
[67.114s][info][gc,metaspace] GC(30) Metaspace: 23710K(24256K)->23710K(24256K) NonClass: 19601K(19904K)->19601K(19904K) Class: 4109K(4352K)->4109K(4352K)
[67.114s][info][gc          ] GC(30) Pause Full (System.gc()) 771M->771M(5939M) 1934.286ms
[69.053s][info][gc,metaspace] GC(31) Metaspace: 23710K(24256K)->23710K(24256K) NonClass: 19601K(19904K)->19601K(19904K) Class: 4109K(4352K)->4109K(4352K)
[69.053s][info][gc          ] GC(31) Pause Full (System.gc()) 771M->771M(5939M) 1938.346ms
[70.989s][info][gc,metaspace] GC(32) Metaspace: 23710K(24256K)->23710K(24256K) NonClass: 19601K(19904K)->19601K(19904K) Class: 4109K(4352K)->4109K(4352K)
[70.989s][info][gc          ] GC(32) Pause Full (System.gc()) 781M->771M(5939M) 1935.583ms
[72.922s][info][gc,metaspace] GC(33) Metaspace: 23710K(24256K)->23710K(24256K) NonClass: 19601K(19904K)->19601K(19904K) Class: 4109K(4352K)->4109K(4352K)
[72.922s][info][gc          ] GC(33) Pause Full (System.gc()) 771M->771M(5939M) 1933.571ms
[74.860s][info][gc,metaspace] GC(34) Metaspace: 23710K(24256K)->23710K(24256K) NonClass: 19601K(19904K)->19601K(19904K) Class: 4109K(4352K)->4109K(4352K)
[74.860s][info][gc          ] GC(34) Pause Full (System.gc()) 771M->771M(5939M) 1938.008ms
[77.412s][info][gc,metaspace] GC(35) Metaspace: 23710K(24256K)->23710K(24256K) NonClass: 19601K(19904K)->19601K(19904K) Class: 4109K(4352K)->4109K(4352K)
[77.412s][info][gc          ] GC(35) Pause Full (System.gc()) 771M->771M(5939M) 2551.584ms
[79.347s][info][gc,metaspace] GC(36) Metaspace: 23710K(24256K)->23710K(24256K) NonClass: 19601K(19904K)->19601K(19904K) Class: 4109K(4352K)->4109K(4352K)
[79.347s][info][gc          ] GC(36) Pause Full (System.gc()) 771M->771M(5939M) 1935.026ms
[81.287s][info][gc,metaspace] GC(37) Metaspace: 23710K(24256K)->23710K(24256K) NonClass: 19601K(19904K)->19601K(19904K) Class: 4109K(4352K)->4109K(4352K)
[81.287s][info][gc          ] GC(37) Pause Full (System.gc()) 771M->771M(5939M) 1939.549ms
[83.223s][info][gc,metaspace] GC(38) Metaspace: 23710K(24256K)->23710K(24256K) NonClass: 19601K(19904K)->19601K(19904K) Class: 4109K(4352K)->4109K(4352K)
[83.223s][info][gc          ] GC(38) Pause Full (System.gc()) 771M->771M(5939M) 1935.472ms
[85.162s][info][gc,metaspace] GC(39) Metaspace: 23710K(24256K)->23710K(24256K) NonClass: 19601K(19904K)->19601K(19904K) Class: 4109K(4352K)->4109K(4352K)
[85.162s][info][gc          ] GC(39) Pause Full (System.gc()) 771M->771M(5939M) 1939.358ms
[87.097s][info][gc,metaspace] GC(40) Metaspace: 23710K(24256K)->23710K(24256K) NonClass: 19601K(19904K)->19601K(19904K) Class: 4109K(4352K)->4109K(4352K)
[87.097s][info][gc          ] GC(40) Pause Full (System.gc()) 771M->771M(5939M) 1934.730ms
[89.033s][info][gc,metaspace] GC(41) Metaspace: 23710K(24256K)->23710K(24256K) NonClass: 19601K(19904K)->19601K(19904K) Class: 4109K(4352K)->4109K(4352K)
[89.033s][info][gc          ] GC(41) Pause Full (System.gc()) 771M->771M(5939M) 1935.797ms
[90.973s][info][gc,metaspace] GC(42) Metaspace: 23710K(24256K)->23710K(24256K) NonClass: 19601K(19904K)->19601K(19904K) Class: 4109K(4352K)->4109K(4352K)
[90.973s][info][gc          ] GC(42) Pause Full (System.gc()) 771M->771M(5939M) 1940.562ms
[92.910s][info][gc,metaspace] GC(43) Metaspace: 23710K(24256K)->23710K(24256K) NonClass: 19601K(19904K)->19601K(19904K) Class: 4109K(4352K)->4109K(4352K)
[92.910s][info][gc          ] GC(43) Pause Full (System.gc()) 771M->771M(5939M) 1936.773ms
[94.850s][info][gc,metaspace] GC(44) Metaspace: 23710K(24256K)->23710K(24256K) NonClass: 19601K(19904K)->19601K(19904K) Class: 4109K(4352K)->4109K(4352K)
[94.850s][info][gc          ] GC(44) Pause Full (System.gc()) 771M->771M(5939M) 1939.925ms
[96.786s][info][gc,metaspace] GC(45) Metaspace: 23710K(24256K)->23710K(24256K) NonClass: 19601K(19904K)->19601K(19904K) Class: 4109K(4352K)->4109K(4352K)
[96.786s][info][gc          ] GC(45) Pause Full (System.gc()) 771M->771M(5939M) 1935.436ms
[98.722s][info][gc,metaspace] GC(46) Metaspace: 23710K(24256K)->23710K(24256K) NonClass: 19601K(19904K)->19601K(19904K) Class: 4109K(4352K)->4109K(4352K)
[98.722s][info][gc          ] GC(46) Pause Full (System.gc()) 771M->771M(5939M) 1936.035ms
[100.661s][info][gc,metaspace] GC(47) Metaspace: 23710K(24256K)->23710K(24256K) NonClass: 19601K(19904K)->19601K(19904K) Class: 4109K(4352K)->4109K(4352K)
[100.661s][info][gc          ] GC(47) Pause Full (System.gc()) 771M->771M(5939M) 1938.556ms
[102.597s][info][gc,metaspace] GC(48) Metaspace: 23710K(24256K)->23710K(24256K) NonClass: 19601K(19904K)->19601K(19904K) Class: 4109K(4352K)->4109K(4352K)
[102.597s][info][gc          ] GC(48) Pause Full (System.gc()) 771M->771M(5939M) 1936.175ms
[105.180s][info][gc,metaspace] GC(49) Metaspace: 23710K(24256K)->23710K(24256K) NonClass: 19601K(19904K)->19601K(19904K) Class: 4109K(4352K)->4109K(4352K)
[105.180s][info][gc          ] GC(49) Pause Full (System.gc()) 771M->771M(5939M) 2582.402ms
[107.206s][info][gc,metaspace] GC(50) Metaspace: 23710K(24256K)->23710K(24256K) NonClass: 19601K(19904K)->19601K(19904K) Class: 4109K(4352K)->4109K(4352K)
[107.206s][info][gc          ] GC(50) Pause Full (System.gc()) 771M->771M(5939M) 2025.952ms
[109.142s][info][gc,metaspace] GC(51) Metaspace: 23710K(24256K)->23710K(24256K) NonClass: 19601K(19904K)->19601K(19904K) Class: 4109K(4352K)->4109K(4352K)
[109.142s][info][gc          ] GC(51) Pause Full (System.gc()) 771M->771M(5939M) 1936.135ms
[111.081s][info][gc,metaspace] GC(52) Metaspace: 23710K(24256K)->23710K(24256K) NonClass: 19601K(19904K)->19601K(19904K) Class: 4109K(4352K)->4109K(4352K)
[111.081s][info][gc          ] GC(52) Pause Full (System.gc()) 771M->771M(5939M) 1939.026ms
[113.016s][info][gc,metaspace] GC(53) Metaspace: 23710K(24256K)->23710K(24256K) NonClass: 19601K(19904K)->19601K(19904K) Class: 4109K(4352K)->4109K(4352K)
[113.016s][info][gc          ] GC(53) Pause Full (System.gc()) 771M->771M(5939M) 1934.636ms
[114.951s][info][gc,metaspace] GC(54) Metaspace: 23710K(24256K)->23710K(24256K) NonClass: 19601K(19904K)->19601K(19904K) Class: 4109K(4352K)->4109K(4352K)
[114.951s][info][gc          ] GC(54) Pause Full (System.gc()) 771M->771M(5939M) 1935.496ms
[116.890s][info][gc,metaspace] GC(55) Metaspace: 23710K(24256K)->23710K(24256K) NonClass: 19601K(19904K)->19601K(19904K) Class: 4109K(4352K)->4109K(4352K)
[116.890s][info][gc          ] GC(55) Pause Full (System.gc()) 771M->771M(5939M) 1938.809ms
[118.825s][info][gc,metaspace] GC(56) Metaspace: 23710K(24256K)->23710K(24256K) NonClass: 19601K(19904K)->19601K(19904K) Class: 4109K(4352K)->4109K(4352K)
[118.825s][info][gc          ] GC(56) Pause Full (System.gc()) 771M->771M(5939M) 1934.253ms
[120.764s][info][gc,metaspace] GC(57) Metaspace: 23710K(24256K)->23710K(24256K) NonClass: 19601K(19904K)->19601K(19904K) Class: 4109K(4352K)->4109K(4352K)
[120.764s][info][gc          ] GC(57) Pause Full (System.gc()) 771M->771M(5939M) 1939.408ms
[122.700s][info][gc,metaspace] GC(58) Metaspace: 23710K(24256K)->23710K(24256K) NonClass: 19601K(19904K)->19601K(19904K) Class: 4109K(4352K)->4109K(4352K)
[122.700s][info][gc          ] GC(58) Pause Full (System.gc()) 771M->771M(5939M) 1935.594ms
[124.636s][info][gc,metaspace] GC(59) Metaspace: 23710K(24256K)->23710K(24256K) NonClass: 19601K(19904K)->19601K(19904K) Class: 4109K(4352K)->4109K(4352K)
[124.636s][info][gc          ] GC(59) Pause Full (System.gc()) 771M->771M(5939M) 1935.404ms
[126.577s][info][gc,metaspace] GC(60) Metaspace: 23710K(24256K)->23710K(24256K) NonClass: 19601K(19904K)->19601K(19904K) Class: 4109K(4352K)->4109K(4352K)
[126.577s][info][gc          ] GC(60) Pause Full (System.gc()) 771M->771M(5939M) 1941.003ms
[128.462s][info][gc,metaspace] GC(61) Metaspace: 23710K(24256K)->23710K(24256K) NonClass: 19601K(19904K)->19601K(19904K) Class: 4109K(4352K)->4109K(4352K)
[128.462s][info][gc          ] GC(61) Pause Full (System.gc()) 771M->771M(5939M) 1885.497ms
[130.403s][info][gc,metaspace] GC(62) Metaspace: 23710K(24256K)->23710K(24256K) NonClass: 19601K(19904K)->19601K(19904K) Class: 4109K(4352K)->4109K(4352K)
[130.403s][info][gc          ] GC(62) Pause Full (System.gc()) 771M->771M(5939M) 1940.591ms
[132.339s][info][gc,metaspace] GC(63) Metaspace: 23710K(24256K)->23710K(24256K) NonClass: 19601K(19904K)->19601K(19904K) Class: 4109K(4352K)->4109K(4352K)
[132.339s][info][gc          ] GC(63) Pause Full (System.gc()) 781M->771M(5939M) 1931.872ms
[134.279s][info][gc,metaspace] GC(64) Metaspace: 23710K(24256K)->23710K(24256K) NonClass: 19601K(19904K)->19601K(19904K) Class: 4109K(4352K)->4109K(4352K)
[134.279s][info][gc          ] GC(64) Pause Full (System.gc()) 771M->771M(5939M) 1939.982ms
[136.209s][info][gc,metaspace] GC(65) Metaspace: 23710K(24256K)->23710K(24256K) NonClass: 19601K(19904K)->19601K(19904K) Class: 4109K(4352K)->4109K(4352K)
[136.209s][info][gc          ] GC(65) Pause Full (System.gc()) 771M->771M(5939M) 1929.416ms
[138.145s][info][gc,metaspace] GC(66) Metaspace: 23710K(24256K)->23710K(24256K) NonClass: 19601K(19904K)->19601K(19904K) Class: 4109K(4352K)->4109K(4352K)
[138.145s][info][gc          ] GC(66) Pause Full (System.gc()) 771M->771M(5939M) 1936.100ms
[140.085s][info][gc,metaspace] GC(67) Metaspace: 23710K(24256K)->23710K(24256K) NonClass: 19601K(19904K)->19601K(19904K) Class: 4109K(4352K)->4109K(4352K)
[140.085s][info][gc          ] GC(67) Pause Full (System.gc()) 771M->771M(5939M) 1940.145ms
[142.021s][info][gc,metaspace] GC(68) Metaspace: 23710K(24256K)->23710K(24256K) NonClass: 19601K(19904K)->19601K(19904K) Class: 4109K(4352K)->4109K(4352K)
[142.021s][info][gc          ] GC(68) Pause Full (System.gc()) 771M->771M(5939M) 1935.097ms
[143.956s][info][gc,metaspace] GC(69) Metaspace: 23710K(24256K)->23710K(24256K) NonClass: 19601K(19904K)->19601K(19904K) Class: 4109K(4352K)->4109K(4352K)
[143.956s][info][gc          ] GC(69) Pause Full (System.gc()) 771M->771M(5939M) 1935.691ms
[145.895s][info][gc,metaspace] GC(70) Metaspace: 23710K(24256K)->23710K(24256K) NonClass: 19601K(19904K)->19601K(19904K) Class: 4109K(4352K)->4109K(4352K)
[145.895s][info][gc          ] GC(70) Pause Full (System.gc()) 771M->771M(5939M) 1938.717ms
[147.831s][info][gc,metaspace] GC(71) Metaspace: 23710K(24256K)->23710K(24256K) NonClass: 19601K(19904K)->19601K(19904K) Class: 4109K(4352K)->4109K(4352K)
[147.831s][info][gc          ] GC(71) Pause Full (System.gc()) 771M->771M(5939M) 1935.468ms
[149.770s][info][gc,metaspace] GC(72) Metaspace: 23710K(24256K)->23710K(24256K) NonClass: 19601K(19904K)->19601K(19904K) Class: 4109K(4352K)->4109K(4352K)
[149.770s][info][gc          ] GC(72) Pause Full (System.gc()) 771M->771M(5939M) 1939.101ms
[151.705s][info][gc,metaspace] GC(73) Metaspace: 23710K(24256K)->23710K(24256K) NonClass: 19601K(19904K)->19601K(19904K) Class: 4109K(4352K)->4109K(4352K)
[151.705s][info][gc          ] GC(73) Pause Full (System.gc()) 771M->771M(5939M) 1934.683ms
[153.640s][info][gc,metaspace] GC(74) Metaspace: 23710K(24256K)->23710K(24256K) NonClass: 19601K(19904K)->19601K(19904K) Class: 4109K(4352K)->4109K(4352K)
[153.640s][info][gc          ] GC(74) Pause Full (System.gc()) 771M->771M(5939M) 1935.364ms
[155.580s][info][gc,metaspace] GC(75) Metaspace: 23710K(24256K)->23710K(24256K) NonClass: 19601K(19904K)->19601K(19904K) Class: 4109K(4352K)->4109K(4352K)
[155.580s][info][gc          ] GC(75) Pause Full (System.gc()) 771M->771M(5939M) 1939.144ms
[157.759s][info][gc,metaspace] GC(76) Metaspace: 23710K(24256K)->23710K(24256K) NonClass: 19601K(19904K)->19601K(19904K) Class: 4109K(4352K)->4109K(4352K)
[157.759s][info][gc          ] GC(76) Pause Full (System.gc()) 771M->771M(5939M) 2178.973ms
[159.700s][info][gc,metaspace] GC(77) Metaspace: 23710K(24256K)->23710K(24256K) NonClass: 19601K(19904K)->19601K(19904K) Class: 4109K(4352K)->4109K(4352K)
[159.700s][info][gc          ] GC(77) Pause Full (System.gc()) 771M->771M(5939M) 1941.071ms
[161.636s][info][gc,metaspace] GC(78) Metaspace: 23710K(24256K)->23710K(24256K) NonClass: 19601K(19904K)->19601K(19904K) Class: 4109K(4352K)->4109K(4352K)
[161.636s][info][gc          ] GC(78) Pause Full (System.gc()) 771M->771M(5939M) 1935.625ms
[163.570s][info][gc,metaspace] GC(79) Metaspace: 23710K(24256K)->23710K(24256K) NonClass: 19601K(19904K)->19601K(19904K) Class: 4109K(4352K)->4109K(4352K)
[163.570s][info][gc          ] GC(79) Pause Full (System.gc()) 771M->771M(5939M) 1934.472ms
[165.458s][info][gc,metaspace] GC(80) Metaspace: 23710K(24256K)->23710K(24256K) NonClass: 19601K(19904K)->19601K(19904K) Class: 4109K(4352K)->4109K(4352K)
[165.458s][info][gc          ] GC(80) Pause Full (System.gc()) 771M->771M(5939M) 1887.367ms
[167.393s][info][gc,metaspace] GC(81) Metaspace: 23710K(24256K)->23710K(24256K) NonClass: 19601K(19904K)->19601K(19904K) Class: 4109K(4352K)->4109K(4352K)
[167.393s][info][gc          ] GC(81) Pause Full (System.gc()) 771M->771M(5939M) 1935.411ms
[169.334s][info][gc,metaspace] GC(82) Metaspace: 23710K(24256K)->23710K(24256K) NonClass: 19601K(19904K)->19601K(19904K) Class: 4109K(4352K)->4109K(4352K)
[169.334s][info][gc          ] GC(82) Pause Full (System.gc()) 771M->771M(5939M) 1940.765ms
[171.270s][info][gc,metaspace] GC(83) Metaspace: 23710K(24256K)->23710K(24256K) NonClass: 19601K(19904K)->19601K(19904K) Class: 4109K(4352K)->4109K(4352K)
[171.270s][info][gc          ] GC(83) Pause Full (System.gc()) 771M->771M(5939M) 1935.749ms
[173.207s][info][gc,metaspace] GC(84) Metaspace: 23710K(24256K)->23710K(24256K) NonClass: 19601K(19904K)->19601K(19904K) Class: 4109K(4352K)->4109K(4352K)
[173.207s][info][gc          ] GC(84) Pause Full (System.gc()) 771M->771M(5939M) 1936.648ms
[175.147s][info][gc,metaspace] GC(85) Metaspace: 23710K(24256K)->23710K(24256K) NonClass: 19601K(19904K)->19601K(19904K) Class: 4109K(4352K)->4109K(4352K)
[175.147s][info][gc          ] GC(85) Pause Full (System.gc()) 771M->771M(5939M) 1940.175ms
[177.084s][info][gc,metaspace] GC(86) Metaspace: 23710K(24256K)->23710K(24256K) NonClass: 19601K(19904K)->19601K(19904K) Class: 4109K(4352K)->4109K(4352K)
[177.084s][info][gc          ] GC(86) Pause Full (System.gc()) 771M->771M(5939M) 1936.486ms
[179.023s][info][gc,metaspace] GC(87) Metaspace: 23710K(24256K)->23710K(24256K) NonClass: 19601K(19904K)->19601K(19904K) Class: 4109K(4352K)->4109K(4352K)
[179.023s][info][gc          ] GC(87) Pause Full (System.gc()) 771M->771M(5939M) 1938.714ms
[180.959s][info][gc,metaspace] GC(88) Metaspace: 23710K(24256K)->23710K(24256K) NonClass: 19601K(19904K)->19601K(19904K) Class: 4109K(4352K)->4109K(4352K)
[180.959s][info][gc          ] GC(88) Pause Full (System.gc()) 771M->771M(5939M) 1935.822ms
[182.894s][info][gc,metaspace] GC(89) Metaspace: 23710K(24256K)->23710K(24256K) NonClass: 19601K(19904K)->19601K(19904K) Class: 4109K(4352K)->4109K(4352K)
[182.894s][info][gc          ] GC(89) Pause Full (System.gc()) 771M->771M(5939M) 1935.595ms
[184.834s][info][gc,metaspace] GC(90) Metaspace: 23710K(24256K)->23710K(24256K) NonClass: 19601K(19904K)->19601K(19904K) Class: 4109K(4352K)->4109K(4352K)
[184.834s][info][gc          ] GC(90) Pause Full (System.gc()) 771M->771M(5939M) 1939.769ms
[186.771s][info][gc,metaspace] GC(91) Metaspace: 23710K(24256K)->23710K(24256K) NonClass: 19601K(19904K)->19601K(19904K) Class: 4109K(4352K)->4109K(4352K)
[186.771s][info][gc          ] GC(91) Pause Full (System.gc()) 771M->771M(5939M) 1936.942ms
[188.708s][info][gc,metaspace] GC(92) Metaspace: 23710K(24256K)->23710K(24256K) NonClass: 19601K(19904K)->19601K(19904K) Class: 4109K(4352K)->4109K(4352K)
[188.708s][info][gc          ] GC(92) Pause Full (System.gc()) 771M->771M(5939M) 1936.530ms
[190.648s][info][gc,metaspace] GC(93) Metaspace: 23710K(24256K)->23710K(24256K) NonClass: 19601K(19904K)->19601K(19904K) Class: 4109K(4352K)->4109K(4352K)
[190.648s][info][gc          ] GC(93) Pause Full (System.gc()) 771M->771M(5939M) 1939.938ms
[192.584s][info][gc,metaspace] GC(94) Metaspace: 23710K(24256K)->23710K(24256K) NonClass: 19601K(19904K)->19601K(19904K) Class: 4109K(4352K)->4109K(4352K)
[192.584s][info][gc          ] GC(94) Pause Full (System.gc()) 771M->771M(5939M) 1935.930ms
[194.766s][info][gc,metaspace] GC(95) Metaspace: 23710K(24256K)->23710K(24256K) NonClass: 19601K(19904K)->19601K(19904K) Class: 4109K(4352K)->4109K(4352K)
[194.766s][info][gc          ] GC(95) Pause Full (System.gc()) 771M->771M(5939M) 2182.061ms
[196.702s][info][gc,metaspace] GC(96) Metaspace: 23710K(24256K)->23710K(24256K) NonClass: 19601K(19904K)->19601K(19904K) Class: 4109K(4352K)->4109K(4352K)
[196.702s][info][gc          ] GC(96) Pause Full (System.gc()) 771M->771M(5939M) 1935.673ms
[198.641s][info][gc,metaspace] GC(97) Metaspace: 23710K(24256K)->23710K(24256K) NonClass: 19601K(19904K)->19601K(19904K) Class: 4109K(4352K)->4109K(4352K)
[198.641s][info][gc          ] GC(97) Pause Full (System.gc()) 771M->771M(5939M) 1939.324ms
[200.576s][info][gc,metaspace] GC(98) Metaspace: 23710K(24256K)->23710K(24256K) NonClass: 19601K(19904K)->19601K(19904K) Class: 4109K(4352K)->4109K(4352K)
[200.576s][info][gc          ] GC(98) Pause Full (System.gc()) 781M->771M(5939M) 1934.415ms
[202.468s][info][gc,metaspace] GC(99) Metaspace: 23710K(24256K)->23710K(24256K) NonClass: 19601K(19904K)->19601K(19904K) Class: 4109K(4352K)->4109K(4352K)
[202.468s][info][gc          ] GC(99) Pause Full (System.gc()) 771M->771M(5939M) 1891.589ms
[204.405s][info][gc,metaspace] GC(100) Metaspace: 23710K(24256K)->23710K(24256K) NonClass: 19601K(19904K)->19601K(19904K) Class: 4109K(4352K)->4109K(4352K)
[204.405s][info][gc          ] GC(100) Pause Full (System.gc()) 771M->771M(5939M) 1936.842ms
After GCs... 
