Done; will start GCs... 
[17.407s][info][gc,metaspace] GC(3) Metaspace: 24069K(24576K)->24069K(24576K) NonClass: 19950K(20224K)->19950K(20224K) Class: 4118K(4352K)->4118K(4352K)
[17.407s][info][gc          ] GC(3) Pause Full (System.gc()) 1419M->1389M(5939M) 3406.379ms
[20.163s][info][gc,metaspace] GC(4) Metaspace: 24069K(24576K)->24069K(24576K) NonClass: 19950K(20224K)->19950K(20224K) Class: 4118K(4352K)->4118K(4352K)
[20.163s][info][gc          ] GC(4) Pause Full (System.gc()) 1389M->1389M(5939M) 2755.766ms
[22.875s][info][gc,metaspace] GC(5) Metaspace: 24069K(24576K)->24069K(24576K) NonClass: 19950K(20224K)->19950K(20224K) Class: 4118K(4352K)->4118K(4352K)
[22.875s][info][gc          ] GC(5) Pause Full (System.gc()) 1389M->1389M(5939M) 2711.830ms
[25.630s][info][gc,metaspace] GC(6) Metaspace: 24069K(24576K)->24069K(24576K) NonClass: 19950K(20224K)->19950K(20224K) Class: 4118K(4352K)->4118K(4352K)
[25.630s][info][gc          ] GC(6) Pause Full (System.gc()) 1389M->1389M(5939M) 2754.686ms
[28.389s][info][gc,metaspace] GC(7) Metaspace: 24069K(24576K)->24069K(24576K) NonClass: 19950K(20224K)->19950K(20224K) Class: 4118K(4352K)->4118K(4352K)
[28.389s][info][gc          ] GC(7) Pause Full (System.gc()) 1389M->1389M(5939M) 2755.230ms
[31.148s][info][gc,metaspace] GC(8) Metaspace: 24069K(24576K)->24069K(24576K) NonClass: 19950K(20224K)->19950K(20224K) Class: 4118K(4352K)->4118K(4352K)
[31.148s][info][gc          ] GC(8) Pause Full (System.gc()) 1389M->1389M(5939M) 2758.808ms
[33.855s][info][gc,metaspace] GC(9) Metaspace: 24069K(24576K)->24069K(24576K) NonClass: 19950K(20224K)->19950K(20224K) Class: 4118K(4352K)->4118K(4352K)
[33.855s][info][gc          ] GC(9) Pause Full (System.gc()) 1389M->1389M(5939M) 2707.125ms
[36.615s][info][gc,metaspace] GC(10) Metaspace: 24069K(24576K)->24069K(24576K) NonClass: 19950K(20224K)->19950K(20224K) Class: 4118K(4352K)->4118K(4352K)
[36.615s][info][gc          ] GC(10) Pause Full (System.gc()) 1389M->1389M(5939M) 2759.237ms
[39.435s][info][gc,metaspace] GC(11) Metaspace: 24069K(24576K)->24069K(24576K) NonClass: 19950K(20224K)->19950K(20224K) Class: 4118K(4352K)->4118K(4352K)
[39.435s][info][gc          ] GC(11) Pause Full (System.gc()) 1389M->1389M(5939M) 2819.881ms
[42.194s][info][gc,metaspace] GC(12) Metaspace: 24069K(24576K)->24069K(24576K) NonClass: 19950K(20224K)->19950K(20224K) Class: 4118K(4352K)->4118K(4352K)
[42.194s][info][gc          ] GC(12) Pause Full (System.gc()) 1389M->1389M(5939M) 2758.906ms
After GCs... 
