Done; will start GCs... 
[18.129s][info][gc,metaspace] GC(3) Metaspace: 24000K(24576K)->24000K(24576K) NonClass: 21417K(21696K)->21417K(21696K) Class: 2582K(2880K)->2582K(2880K)
[18.129s][info][gc          ] GC(3) Pause Full (System.gc()) 1556M->1525M(5939M) 3731.396ms
[21.134s][info][gc,metaspace] GC(4) Metaspace: 24000K(24576K)->24000K(24576K) NonClass: 21417K(21696K)->21417K(21696K) Class: 2582K(2880K)->2582K(2880K)
[21.134s][info][gc          ] GC(4) Pause Full (System.gc()) 1525M->1525M(5939M) 3004.535ms
[24.144s][info][gc,metaspace] GC(5) Metaspace: 24000K(24576K)->24000K(24576K) NonClass: 21417K(21696K)->21417K(21696K) Class: 2582K(2880K)->2582K(2880K)
[24.144s][info][gc          ] GC(5) Pause Full (System.gc()) 1525M->1525M(5939M) 3010.373ms
[27.171s][info][gc,metaspace] GC(6) Metaspace: 24000K(24576K)->24000K(24576K) NonClass: 21417K(21696K)->21417K(21696K) Class: 2582K(2880K)->2582K(2880K)
[27.171s][info][gc          ] GC(6) Pause Full (System.gc()) 1525M->1525M(5939M) 3026.613ms
[30.182s][info][gc,metaspace] GC(7) Metaspace: 24000K(24576K)->24000K(24576K) NonClass: 21417K(21696K)->21417K(21696K) Class: 2582K(2880K)->2582K(2880K)
[30.182s][info][gc          ] GC(7) Pause Full (System.gc()) 1525M->1525M(5939M) 3010.335ms
[33.205s][info][gc,metaspace] GC(8) Metaspace: 24000K(24576K)->24000K(24576K) NonClass: 21417K(21696K)->21417K(21696K) Class: 2582K(2880K)->2582K(2880K)
[33.205s][info][gc          ] GC(8) Pause Full (System.gc()) 1525M->1525M(5939M) 3023.589ms
[36.232s][info][gc,metaspace] GC(9) Metaspace: 24000K(24576K)->24000K(24576K) NonClass: 21417K(21696K)->21417K(21696K) Class: 2582K(2880K)->2582K(2880K)
[36.232s][info][gc          ] GC(9) Pause Full (System.gc()) 1525M->1525M(5939M) 3026.409ms
[39.255s][info][gc,metaspace] GC(10) Metaspace: 24000K(24576K)->24000K(24576K) NonClass: 21417K(21696K)->21417K(21696K) Class: 2582K(2880K)->2582K(2880K)
[39.255s][info][gc          ] GC(10) Pause Full (System.gc()) 1525M->1525M(5939M) 3023.012ms
[42.281s][info][gc,metaspace] GC(11) Metaspace: 24000K(24576K)->24000K(24576K) NonClass: 21417K(21696K)->21417K(21696K) Class: 2582K(2880K)->2582K(2880K)
[42.281s][info][gc          ] GC(11) Pause Full (System.gc()) 1525M->1525M(5939M) 3025.499ms
[45.291s][info][gc,metaspace] GC(12) Metaspace: 24000K(24576K)->24000K(24576K) NonClass: 21417K(21696K)->21417K(21696K) Class: 2582K(2880K)->2582K(2880K)
[45.291s][info][gc          ] GC(12) Pause Full (System.gc()) 1525M->1525M(5939M) 3009.809ms
After GCs... 
