Done; will start GCs... 
[112.285s][info][gc,metaspace] GC(41) Metaspace: 101953K(115904K)->101953K(115904K) NonClass: 73258K(79232K)->73258K(79232K) Class: 28694K(36672K)->28694K(36672K)
[112.285s][info][gc          ] GC(41) Pause Full (System.gc()) 1447M->1445M(6144M) 1082.205ms
[113.359s][info][gc,metaspace] GC(42) Metaspace: 101953K(115904K)->101953K(115904K) NonClass: 73258K(79232K)->73258K(79232K) Class: 28694K(36672K)->28694K(36672K)
[113.359s][info][gc          ] GC(42) Pause Full (System.gc()) 1445M->1445M(6144M) 1074.156ms
[114.414s][info][gc,metaspace] GC(43) Metaspace: 101953K(115904K)->101953K(115904K) NonClass: 73258K(79232K)->73258K(79232K) Class: 28694K(36672K)->28694K(36672K)
[114.414s][info][gc          ] GC(43) Pause Full (System.gc()) 1445M->1445M(6144M) 1055.061ms
[115.510s][info][gc,metaspace] GC(44) Metaspace: 101953K(115904K)->101953K(115904K) NonClass: 73258K(79232K)->73258K(79232K) Class: 28694K(36672K)->28694K(36672K)
[115.510s][info][gc          ] GC(44) Pause Full (System.gc()) 1445M->1445M(6144M) 1096.029ms
[116.640s][info][gc,metaspace] GC(45) Metaspace: 101953K(115904K)->101953K(115904K) NonClass: 73258K(79232K)->73258K(79232K) Class: 28694K(36672K)->28694K(36672K)
[116.640s][info][gc          ] GC(45) Pause Full (System.gc()) 1445M->1445M(6144M) 1129.186ms
[117.810s][info][gc,metaspace] GC(46) Metaspace: 101953K(115904K)->101953K(115904K) NonClass: 73258K(79232K)->73258K(79232K) Class: 28694K(36672K)->28694K(36672K)
[117.810s][info][gc          ] GC(46) Pause Full (System.gc()) 1445M->1445M(6144M) 1165.927ms
[118.915s][info][gc,metaspace] GC(47) Metaspace: 101953K(115904K)->101953K(115904K) NonClass: 73258K(79232K)->73258K(79232K) Class: 28694K(36672K)->28694K(36672K)
[118.915s][info][gc          ] GC(47) Pause Full (System.gc()) 1445M->1445M(6144M) 1105.056ms
[120.050s][info][gc,metaspace] GC(48) Metaspace: 101953K(115904K)->101953K(115904K) NonClass: 73258K(79232K)->73258K(79232K) Class: 28694K(36672K)->28694K(36672K)
[120.050s][info][gc          ] GC(48) Pause Full (System.gc()) 1445M->1445M(6144M) 1134.588ms
[121.112s][info][gc,metaspace] GC(49) Metaspace: 101953K(115904K)->101953K(115904K) NonClass: 73258K(79232K)->73258K(79232K) Class: 28694K(36672K)->28694K(36672K)
[121.112s][info][gc          ] GC(49) Pause Full (System.gc()) 1445M->1445M(6144M) 1062.219ms
[122.187s][info][gc,metaspace] GC(50) Metaspace: 101953K(115904K)->101953K(115904K) NonClass: 73258K(79232K)->73258K(79232K) Class: 28694K(36672K)->28694K(36672K)
[122.187s][info][gc          ] GC(50) Pause Full (System.gc()) 1445M->1445M(6144M) 1074.819ms
After GCs... 
