Done; will start GCs... 
[109.032s][info][gc,metaspace] GC(41) Metaspace: 101939K(115904K)->101939K(115904K) NonClass: 73244K(79232K)->73244K(79232K) Class: 28694K(36672K)->28694K(36672K)
[109.032s][info][gc          ] GC(41) Pause Full (System.gc()) 1448M->1446M(6144M) 788.790ms
[109.855s][info][gc,metaspace] GC(42) Metaspace: 101939K(115904K)->101939K(115904K) NonClass: 73244K(79232K)->73244K(79232K) Class: 28694K(36672K)->28694K(36672K)
[109.855s][info][gc          ] GC(42) Pause Full (System.gc()) 1446M->1446M(6144M) 822.945ms
[110.659s][info][gc,metaspace] GC(43) Metaspace: 101939K(115904K)->101939K(115904K) NonClass: 73244K(79232K)->73244K(79232K) Class: 28694K(36672K)->28694K(36672K)
[110.659s][info][gc          ] GC(43) Pause Full (System.gc()) 1446M->1446M(6144M) 803.812ms
[111.429s][info][gc,metaspace] GC(44) Metaspace: 101939K(115904K)->101939K(115904K) NonClass: 73244K(79232K)->73244K(79232K) Class: 28694K(36672K)->28694K(36672K)
[111.429s][info][gc          ] GC(44) Pause Full (System.gc()) 1446M->1446M(6144M) 770.290ms
[112.209s][info][gc,metaspace] GC(45) Metaspace: 101939K(115904K)->101939K(115904K) NonClass: 73244K(79232K)->73244K(79232K) Class: 28694K(36672K)->28694K(36672K)
[112.209s][info][gc          ] GC(45) Pause Full (System.gc()) 1446M->1446M(6144M) 779.291ms
[113.060s][info][gc,metaspace] GC(46) Metaspace: 101939K(115904K)->101939K(115904K) NonClass: 73244K(79232K)->73244K(79232K) Class: 28694K(36672K)->28694K(36672K)
[113.060s][info][gc          ] GC(46) Pause Full (System.gc()) 1446M->1446M(6144M) 851.003ms
[113.914s][info][gc,metaspace] GC(47) Metaspace: 101939K(115904K)->101939K(115904K) NonClass: 73244K(79232K)->73244K(79232K) Class: 28694K(36672K)->28694K(36672K)
[113.914s][info][gc          ] GC(47) Pause Full (System.gc()) 1446M->1446M(6144M) 854.548ms
[114.676s][info][gc,metaspace] GC(48) Metaspace: 101939K(115904K)->101939K(115904K) NonClass: 73244K(79232K)->73244K(79232K) Class: 28694K(36672K)->28694K(36672K)
[114.676s][info][gc          ] GC(48) Pause Full (System.gc()) 1446M->1446M(6144M) 757.170ms
[115.492s][info][gc,metaspace] GC(49) Metaspace: 101939K(115904K)->101939K(115904K) NonClass: 73244K(79232K)->73244K(79232K) Class: 28694K(36672K)->28694K(36672K)
[115.492s][info][gc          ] GC(49) Pause Full (System.gc()) 1446M->1446M(6144M) 816.201ms
[116.309s][info][gc,metaspace] GC(50) Metaspace: 101939K(115904K)->101939K(115904K) NonClass: 73244K(79232K)->73244K(79232K) Class: 28694K(36672K)->28694K(36672K)
[116.309s][info][gc          ] GC(50) Pause Full (System.gc()) 1446M->1446M(6144M) 817.015ms
After GCs... 
