Done; will start GCs... 
[31.255s][info][gc,metaspace] GC(12) Metaspace: 16496K(17664K)->16496K(17664K) NonClass: 13153K(13696K)->13153K(13696K) Class: 3343K(3968K)->3343K(3968K)
[31.255s][info][gc          ] GC(12) Pause Full (System.gc()) 1605M->1573M(5939M) 4940.956ms
[34.866s][info][gc,metaspace] GC(13) Metaspace: 16496K(17664K)->16496K(17664K) NonClass: 13153K(13696K)->13153K(13696K) Class: 3343K(3968K)->3343K(3968K)
[34.866s][info][gc          ] GC(13) Pause Full (System.gc()) 1573M->1573M(5939M) 3610.909ms
[38.431s][info][gc,metaspace] GC(14) Metaspace: 16496K(17664K)->16496K(17664K) NonClass: 13153K(13696K)->13153K(13696K) Class: 3343K(3968K)->3343K(3968K)
[38.431s][info][gc          ] GC(14) Pause Full (System.gc()) 1573M->1573M(5939M) 3565.219ms
[42.043s][info][gc,metaspace] GC(15) Metaspace: 16496K(17664K)->16496K(17664K) NonClass: 13153K(13696K)->13153K(13696K) Class: 3343K(3968K)->3343K(3968K)
[42.043s][info][gc          ] GC(15) Pause Full (System.gc()) 1573M->1573M(5939M) 3611.470ms
[45.660s][info][gc,metaspace] GC(16) Metaspace: 16496K(17664K)->16496K(17664K) NonClass: 13153K(13696K)->13153K(13696K) Class: 3343K(3968K)->3343K(3968K)
[45.660s][info][gc          ] GC(16) Pause Full (System.gc()) 1573M->1573M(5939M) 3616.350ms
[49.220s][info][gc,metaspace] GC(17) Metaspace: 16496K(17664K)->16496K(17664K) NonClass: 13153K(13696K)->13153K(13696K) Class: 3343K(3968K)->3343K(3968K)
[49.220s][info][gc          ] GC(17) Pause Full (System.gc()) 1573M->1573M(5939M) 3560.676ms
[52.833s][info][gc,metaspace] GC(18) Metaspace: 16496K(17664K)->16496K(17664K) NonClass: 13153K(13696K)->13153K(13696K) Class: 3343K(3968K)->3343K(3968K)
[52.833s][info][gc          ] GC(18) Pause Full (System.gc()) 1573M->1573M(5939M) 3612.195ms
[56.397s][info][gc,metaspace] GC(19) Metaspace: 16496K(17664K)->16496K(17664K) NonClass: 13153K(13696K)->13153K(13696K) Class: 3343K(3968K)->3343K(3968K)
[56.397s][info][gc          ] GC(19) Pause Full (System.gc()) 1573M->1573M(5939M) 3563.857ms
[60.012s][info][gc,metaspace] GC(20) Metaspace: 16496K(17664K)->16496K(17664K) NonClass: 13153K(13696K)->13153K(13696K) Class: 3343K(3968K)->3343K(3968K)
[60.012s][info][gc          ] GC(20) Pause Full (System.gc()) 1573M->1573M(5939M) 3615.352ms
[63.628s][info][gc,metaspace] GC(21) Metaspace: 16496K(17664K)->16496K(17664K) NonClass: 13153K(13696K)->13153K(13696K) Class: 3343K(3968K)->3343K(3968K)
[63.628s][info][gc          ] GC(21) Pause Full (System.gc()) 1573M->1573M(5939M) 3615.294ms
[68.203s][info][gc,metaspace] GC(22) Metaspace: 16496K(17664K)->16496K(17664K) NonClass: 13153K(13696K)->13153K(13696K) Class: 3343K(3968K)->3343K(3968K)
[68.203s][info][gc          ] GC(22) Pause Full (System.gc()) 1573M->1573M(5939M) 4575.444ms
[71.815s][info][gc,metaspace] GC(23) Metaspace: 16496K(17664K)->16496K(17664K) NonClass: 13153K(13696K)->13153K(13696K) Class: 3343K(3968K)->3343K(3968K)
[71.815s][info][gc          ] GC(23) Pause Full (System.gc()) 1589M->1573M(5939M) 3611.377ms
[76.745s][info][gc,metaspace] GC(24) Metaspace: 16496K(17664K)->16496K(17664K) NonClass: 13153K(13696K)->13153K(13696K) Class: 3343K(3968K)->3343K(3968K)
[76.745s][info][gc          ] GC(24) Pause Full (System.gc()) 1573M->1573M(5939M) 4929.674ms
[80.307s][info][gc,metaspace] GC(25) Metaspace: 16496K(17664K)->16496K(17664K) NonClass: 13153K(13696K)->13153K(13696K) Class: 3343K(3968K)->3343K(3968K)
[80.307s][info][gc          ] GC(25) Pause Full (System.gc()) 1573M->1573M(5939M) 3561.669ms
[83.919s][info][gc,metaspace] GC(26) Metaspace: 16496K(17664K)->16496K(17664K) NonClass: 13153K(13696K)->13153K(13696K) Class: 3343K(3968K)->3343K(3968K)
[83.919s][info][gc          ] GC(26) Pause Full (System.gc()) 1573M->1573M(5939M) 3612.492ms
[87.479s][info][gc,metaspace] GC(27) Metaspace: 16496K(17664K)->16496K(17664K) NonClass: 13153K(13696K)->13153K(13696K) Class: 3343K(3968K)->3343K(3968K)
[87.479s][info][gc          ] GC(27) Pause Full (System.gc()) 1573M->1573M(5939M) 3559.771ms
[91.093s][info][gc,metaspace] GC(28) Metaspace: 16496K(17664K)->16496K(17664K) NonClass: 13153K(13696K)->13153K(13696K) Class: 3343K(3968K)->3343K(3968K)
[91.093s][info][gc          ] GC(28) Pause Full (System.gc()) 1573M->1573M(5939M) 3613.750ms
[94.703s][info][gc,metaspace] GC(29) Metaspace: 16496K(17664K)->16496K(17664K) NonClass: 13153K(13696K)->13153K(13696K) Class: 3343K(3968K)->3343K(3968K)
[94.703s][info][gc          ] GC(29) Pause Full (System.gc()) 1573M->1573M(5939M) 3609.256ms
[98.267s][info][gc,metaspace] GC(30) Metaspace: 16496K(17664K)->16496K(17664K) NonClass: 13153K(13696K)->13153K(13696K) Class: 3343K(3968K)->3343K(3968K)
[98.267s][info][gc          ] GC(30) Pause Full (System.gc()) 1573M->1573M(5939M) 3564.000ms
[101.902s][info][gc,metaspace] GC(31) Metaspace: 16496K(17664K)->16496K(17664K) NonClass: 13153K(13696K)->13153K(13696K) Class: 3343K(3968K)->3343K(3968K)
[101.902s][info][gc          ] GC(31) Pause Full (System.gc()) 1573M->1573M(5939M) 3635.593ms
[105.467s][info][gc,metaspace] GC(32) Metaspace: 16496K(17664K)->16496K(17664K) NonClass: 13153K(13696K)->13153K(13696K) Class: 3343K(3968K)->3343K(3968K)
[105.467s][info][gc          ] GC(32) Pause Full (System.gc()) 1573M->1573M(5939M) 3564.678ms
[109.076s][info][gc,metaspace] GC(33) Metaspace: 16496K(17664K)->16496K(17664K) NonClass: 13153K(13696K)->13153K(13696K) Class: 3343K(3968K)->3343K(3968K)
[109.076s][info][gc          ] GC(33) Pause Full (System.gc()) 1573M->1573M(5939M) 3608.474ms
[112.691s][info][gc,metaspace] GC(34) Metaspace: 16496K(17664K)->16496K(17664K) NonClass: 13153K(13696K)->13153K(13696K) Class: 3343K(3968K)->3343K(3968K)
[112.691s][info][gc          ] GC(34) Pause Full (System.gc()) 1573M->1573M(5939M) 3615.069ms
[116.251s][info][gc,metaspace] GC(35) Metaspace: 16496K(17664K)->16496K(17664K) NonClass: 13153K(13696K)->13153K(13696K) Class: 3343K(3968K)->3343K(3968K)
[116.251s][info][gc          ] GC(35) Pause Full (System.gc()) 1573M->1573M(5939M) 3560.077ms
[119.864s][info][gc,metaspace] GC(36) Metaspace: 16496K(17664K)->16496K(17664K) NonClass: 13153K(13696K)->13153K(13696K) Class: 3343K(3968K)->3343K(3968K)
[119.864s][info][gc          ] GC(36) Pause Full (System.gc()) 1573M->1573M(5939M) 3612.997ms
[123.425s][info][gc,metaspace] GC(37) Metaspace: 16496K(17664K)->16496K(17664K) NonClass: 13153K(13696K)->13153K(13696K) Class: 3343K(3968K)->3343K(3968K)
[123.425s][info][gc          ] GC(37) Pause Full (System.gc()) 1573M->1573M(5939M) 3560.333ms
[127.036s][info][gc,metaspace] GC(38) Metaspace: 16496K(17664K)->16496K(17664K) NonClass: 13153K(13696K)->13153K(13696K) Class: 3343K(3968K)->3343K(3968K)
[127.036s][info][gc          ] GC(38) Pause Full (System.gc()) 1573M->1573M(5939M) 3610.839ms
[130.650s][info][gc,metaspace] GC(39) Metaspace: 16496K(17664K)->16496K(17664K) NonClass: 13153K(13696K)->13153K(13696K) Class: 3343K(3968K)->3343K(3968K)
[130.650s][info][gc          ] GC(39) Pause Full (System.gc()) 1573M->1573M(5939M) 3613.998ms
[134.439s][info][gc,metaspace] GC(40) Metaspace: 16496K(17664K)->16496K(17664K) NonClass: 13153K(13696K)->13153K(13696K) Class: 3343K(3968K)->3343K(3968K)
[134.439s][info][gc          ] GC(40) Pause Full (System.gc()) 1589M->1573M(5939M) 3788.353ms
[138.053s][info][gc,metaspace] GC(41) Metaspace: 16496K(17664K)->16496K(17664K) NonClass: 13153K(13696K)->13153K(13696K) Class: 3343K(3968K)->3343K(3968K)
[138.053s][info][gc          ] GC(41) Pause Full (System.gc()) 1573M->1573M(5939M) 3614.165ms
[141.665s][info][gc,metaspace] GC(42) Metaspace: 16496K(17664K)->16496K(17664K) NonClass: 13153K(13696K)->13153K(13696K) Class: 3343K(3968K)->3343K(3968K)
[141.665s][info][gc          ] GC(42) Pause Full (System.gc()) 1573M->1573M(5939M) 3611.845ms
[146.467s][info][gc,metaspace] GC(43) Metaspace: 16496K(17664K)->16496K(17664K) NonClass: 13153K(13696K)->13153K(13696K) Class: 3343K(3968K)->3343K(3968K)
[146.467s][info][gc          ] GC(43) Pause Full (System.gc()) 1573M->1573M(5939M) 4802.195ms
[150.099s][info][gc,metaspace] GC(44) Metaspace: 16496K(17664K)->16496K(17664K) NonClass: 13153K(13696K)->13153K(13696K) Class: 3343K(3968K)->3343K(3968K)
[150.099s][info][gc          ] GC(44) Pause Full (System.gc()) 1573M->1573M(5939M) 3631.217ms
[153.723s][info][gc,metaspace] GC(45) Metaspace: 16496K(17664K)->16496K(17664K) NonClass: 13153K(13696K)->13153K(13696K) Class: 3343K(3968K)->3343K(3968K)
[153.723s][info][gc          ] GC(45) Pause Full (System.gc()) 1573M->1573M(5939M) 3623.671ms
[157.285s][info][gc,metaspace] GC(46) Metaspace: 16496K(17664K)->16496K(17664K) NonClass: 13153K(13696K)->13153K(13696K) Class: 3343K(3968K)->3343K(3968K)
[157.285s][info][gc          ] GC(46) Pause Full (System.gc()) 1573M->1573M(5939M) 3562.231ms
[160.901s][info][gc,metaspace] GC(47) Metaspace: 16496K(17664K)->16496K(17664K) NonClass: 13153K(13696K)->13153K(13696K) Class: 3343K(3968K)->3343K(3968K)
[160.901s][info][gc          ] GC(47) Pause Full (System.gc()) 1573M->1573M(5939M) 3615.476ms
[164.462s][info][gc,metaspace] GC(48) Metaspace: 16496K(17664K)->16496K(17664K) NonClass: 13153K(13696K)->13153K(13696K) Class: 3343K(3968K)->3343K(3968K)
[164.462s][info][gc          ] GC(48) Pause Full (System.gc()) 1573M->1573M(5939M) 3561.823ms
[168.077s][info][gc,metaspace] GC(49) Metaspace: 16496K(17664K)->16496K(17664K) NonClass: 13153K(13696K)->13153K(13696K) Class: 3343K(3968K)->3343K(3968K)
[168.077s][info][gc          ] GC(49) Pause Full (System.gc()) 1573M->1573M(5939M) 3614.565ms
[171.693s][info][gc,metaspace] GC(50) Metaspace: 16496K(17664K)->16496K(17664K) NonClass: 13153K(13696K)->13153K(13696K) Class: 3343K(3968K)->3343K(3968K)
[171.693s][info][gc          ] GC(50) Pause Full (System.gc()) 1573M->1573M(5939M) 3615.195ms
[175.252s][info][gc,metaspace] GC(51) Metaspace: 16496K(17664K)->16496K(17664K) NonClass: 13153K(13696K)->13153K(13696K) Class: 3343K(3968K)->3343K(3968K)
[175.252s][info][gc          ] GC(51) Pause Full (System.gc()) 1573M->1573M(5939M) 3559.440ms
After GCs... 
