Done; will start GCs... 
[29.401s][info][gc,metaspace] GC(13) Metaspace: 16385K(17472K)->16385K(17472K) NonClass: 14226K(14720K)->14226K(14720K) Class: 2158K(2752K)->2158K(2752K)
[29.401s][info][gc          ] GC(13) Pause Full (System.gc()) 1825M->1793M(5939M) 4425.247ms
[32.886s][info][gc,metaspace] GC(14) Metaspace: 16385K(17472K)->16385K(17472K) NonClass: 14226K(14720K)->14226K(14720K) Class: 2158K(2752K)->2158K(2752K)
[32.886s][info][gc          ] GC(14) Pause Full (System.gc()) 1793M->1793M(5939M) 3484.100ms
[36.541s][info][gc,metaspace] GC(15) Metaspace: 16385K(17472K)->16385K(17472K) NonClass: 14226K(14720K)->14226K(14720K) Class: 2158K(2752K)->2158K(2752K)
[36.541s][info][gc          ] GC(15) Pause Full (System.gc()) 1793M->1793M(5939M) 3655.040ms
[40.022s][info][gc,metaspace] GC(16) Metaspace: 16385K(17472K)->16385K(17472K) NonClass: 14226K(14720K)->14226K(14720K) Class: 2158K(2752K)->2158K(2752K)
[40.022s][info][gc          ] GC(16) Pause Full (System.gc()) 1793M->1793M(5939M) 3480.902ms
[43.454s][info][gc,metaspace] GC(17) Metaspace: 16385K(17472K)->16385K(17472K) NonClass: 14226K(14720K)->14226K(14720K) Class: 2158K(2752K)->2158K(2752K)
[43.454s][info][gc          ] GC(17) Pause Full (System.gc()) 1793M->1793M(5939M) 3431.699ms
[46.937s][info][gc,metaspace] GC(18) Metaspace: 16385K(17472K)->16385K(17472K) NonClass: 14226K(14720K)->14226K(14720K) Class: 2158K(2752K)->2158K(2752K)
[46.937s][info][gc          ] GC(18) Pause Full (System.gc()) 1793M->1793M(5939M) 3483.332ms
[50.366s][info][gc,metaspace] GC(19) Metaspace: 16385K(17472K)->16385K(17472K) NonClass: 14226K(14720K)->14226K(14720K) Class: 2158K(2752K)->2158K(2752K)
[50.366s][info][gc          ] GC(19) Pause Full (System.gc()) 1793M->1793M(5939M) 3428.156ms
[53.848s][info][gc,metaspace] GC(20) Metaspace: 16385K(17472K)->16385K(17472K) NonClass: 14226K(14720K)->14226K(14720K) Class: 2158K(2752K)->2158K(2752K)
[53.848s][info][gc          ] GC(20) Pause Full (System.gc()) 1793M->1793M(5939M) 3482.310ms
[57.510s][info][gc,metaspace] GC(21) Metaspace: 16385K(17472K)->16385K(17472K) NonClass: 14226K(14720K)->14226K(14720K) Class: 2158K(2752K)->2158K(2752K)
[57.510s][info][gc          ] GC(21) Pause Full (System.gc()) 1793M->1793M(5939M) 3661.501ms
[60.989s][info][gc,metaspace] GC(22) Metaspace: 16385K(17472K)->16385K(17472K) NonClass: 14226K(14720K)->14226K(14720K) Class: 2158K(2752K)->2158K(2752K)
[60.989s][info][gc          ] GC(22) Pause Full (System.gc()) 1793M->1793M(5939M) 3478.830ms
[64.418s][info][gc,metaspace] GC(23) Metaspace: 16385K(17472K)->16385K(17472K) NonClass: 14226K(14720K)->14226K(14720K) Class: 2158K(2752K)->2158K(2752K)
[64.418s][info][gc          ] GC(23) Pause Full (System.gc()) 1809M->1793M(5939M) 3429.013ms
[67.900s][info][gc,metaspace] GC(24) Metaspace: 16385K(17472K)->16385K(17472K) NonClass: 14226K(14720K)->14226K(14720K) Class: 2158K(2752K)->2158K(2752K)
[67.900s][info][gc          ] GC(24) Pause Full (System.gc()) 1793M->1793M(5939M) 3482.197ms
[72.243s][info][gc,metaspace] GC(25) Metaspace: 16385K(17472K)->16385K(17472K) NonClass: 14226K(14720K)->14226K(14720K) Class: 2158K(2752K)->2158K(2752K)
[72.243s][info][gc          ] GC(25) Pause Full (System.gc()) 1793M->1793M(5939M) 4342.733ms
[75.673s][info][gc,metaspace] GC(26) Metaspace: 16385K(17472K)->16385K(17472K) NonClass: 14226K(14720K)->14226K(14720K) Class: 2158K(2752K)->2158K(2752K)
[75.673s][info][gc          ] GC(26) Pause Full (System.gc()) 1793M->1793M(5939M) 3430.055ms
[79.157s][info][gc,metaspace] GC(27) Metaspace: 16385K(17472K)->16385K(17472K) NonClass: 14226K(14720K)->14226K(14720K) Class: 2158K(2752K)->2158K(2752K)
[79.157s][info][gc          ] GC(27) Pause Full (System.gc()) 1793M->1793M(5939M) 3483.361ms
[82.586s][info][gc,metaspace] GC(28) Metaspace: 16385K(17472K)->16385K(17472K) NonClass: 14226K(14720K)->14226K(14720K) Class: 2158K(2752K)->2158K(2752K)
[82.586s][info][gc          ] GC(28) Pause Full (System.gc()) 1793M->1793M(5939M) 3429.083ms
[86.068s][info][gc,metaspace] GC(29) Metaspace: 16385K(17472K)->16385K(17472K) NonClass: 14226K(14720K)->14226K(14720K) Class: 2158K(2752K)->2158K(2752K)
[86.068s][info][gc          ] GC(29) Pause Full (System.gc()) 1793M->1793M(5939M) 3481.261ms
[89.499s][info][gc,metaspace] GC(30) Metaspace: 16385K(17472K)->16385K(17472K) NonClass: 14226K(14720K)->14226K(14720K) Class: 2158K(2752K)->2158K(2752K)
[89.499s][info][gc          ] GC(30) Pause Full (System.gc()) 1793M->1793M(5939M) 3431.462ms
[92.985s][info][gc,metaspace] GC(31) Metaspace: 16385K(17472K)->16385K(17472K) NonClass: 14226K(14720K)->14226K(14720K) Class: 2158K(2752K)->2158K(2752K)
[92.985s][info][gc          ] GC(31) Pause Full (System.gc()) 1793M->1793M(5939M) 3485.671ms
[96.418s][info][gc,metaspace] GC(32) Metaspace: 16385K(17472K)->16385K(17472K) NonClass: 14226K(14720K)->14226K(14720K) Class: 2158K(2752K)->2158K(2752K)
[96.418s][info][gc          ] GC(32) Pause Full (System.gc()) 1793M->1793M(5939M) 3432.405ms
[99.901s][info][gc,metaspace] GC(33) Metaspace: 16385K(17472K)->16385K(17472K) NonClass: 14226K(14720K)->14226K(14720K) Class: 2158K(2752K)->2158K(2752K)
[99.901s][info][gc          ] GC(33) Pause Full (System.gc()) 1793M->1793M(5939M) 3483.203ms
[103.330s][info][gc,metaspace] GC(34) Metaspace: 16385K(17472K)->16385K(17472K) NonClass: 14226K(14720K)->14226K(14720K) Class: 2158K(2752K)->2158K(2752K)
[103.330s][info][gc          ] GC(34) Pause Full (System.gc()) 1793M->1793M(5939M) 3428.852ms
[106.818s][info][gc,metaspace] GC(35) Metaspace: 16385K(17472K)->16385K(17472K) NonClass: 14226K(14720K)->14226K(14720K) Class: 2158K(2752K)->2158K(2752K)
[106.818s][info][gc          ] GC(35) Pause Full (System.gc()) 1793M->1793M(5939M) 3487.531ms
[110.492s][info][gc,metaspace] GC(36) Metaspace: 16385K(17472K)->16385K(17472K) NonClass: 14226K(14720K)->14226K(14720K) Class: 2158K(2752K)->2158K(2752K)
[110.492s][info][gc          ] GC(36) Pause Full (System.gc()) 1793M->1793M(5939M) 3674.603ms
[113.974s][info][gc,metaspace] GC(37) Metaspace: 16385K(17472K)->16385K(17472K) NonClass: 14226K(14720K)->14226K(14720K) Class: 2158K(2752K)->2158K(2752K)
[113.974s][info][gc          ] GC(37) Pause Full (System.gc()) 1793M->1793M(5939M) 3481.825ms
[117.410s][info][gc,metaspace] GC(38) Metaspace: 16385K(17472K)->16385K(17472K) NonClass: 14226K(14720K)->14226K(14720K) Class: 2158K(2752K)->2158K(2752K)
[117.410s][info][gc          ] GC(38) Pause Full (System.gc()) 1793M->1793M(5939M) 3435.282ms
[120.894s][info][gc,metaspace] GC(39) Metaspace: 16385K(17472K)->16385K(17472K) NonClass: 14226K(14720K)->14226K(14720K) Class: 2158K(2752K)->2158K(2752K)
[120.894s][info][gc          ] GC(39) Pause Full (System.gc()) 1793M->1793M(5939M) 3484.119ms
[124.672s][info][gc,metaspace] GC(40) Metaspace: 16385K(17472K)->16385K(17472K) NonClass: 14226K(14720K)->14226K(14720K) Class: 2158K(2752K)->2158K(2752K)
[124.672s][info][gc          ] GC(40) Pause Full (System.gc()) 1793M->1793M(5939M) 3777.631ms
[128.160s][info][gc,metaspace] GC(41) Metaspace: 16385K(17472K)->16385K(17472K) NonClass: 14226K(14720K)->14226K(14720K) Class: 2158K(2752K)->2158K(2752K)
[128.160s][info][gc          ] GC(41) Pause Full (System.gc()) 1793M->1793M(5939M) 3487.931ms
[131.594s][info][gc,metaspace] GC(42) Metaspace: 16385K(17472K)->16385K(17472K) NonClass: 14226K(14720K)->14226K(14720K) Class: 2158K(2752K)->2158K(2752K)
[131.594s][info][gc          ] GC(42) Pause Full (System.gc()) 1809M->1793M(5939M) 3433.805ms
[135.078s][info][gc,metaspace] GC(43) Metaspace: 16385K(17472K)->16385K(17472K) NonClass: 14226K(14720K)->14226K(14720K) Class: 2158K(2752K)->2158K(2752K)
[135.078s][info][gc          ] GC(43) Pause Full (System.gc()) 1793M->1793M(5939M) 3484.208ms
[138.510s][info][gc,metaspace] GC(44) Metaspace: 16385K(17472K)->16385K(17472K) NonClass: 14226K(14720K)->14226K(14720K) Class: 2158K(2752K)->2158K(2752K)
[138.510s][info][gc          ] GC(44) Pause Full (System.gc()) 1793M->1793M(5939M) 3431.678ms
[141.994s][info][gc,metaspace] GC(45) Metaspace: 16385K(17472K)->16385K(17472K) NonClass: 14226K(14720K)->14226K(14720K) Class: 2158K(2752K)->2158K(2752K)
[141.994s][info][gc          ] GC(45) Pause Full (System.gc()) 1793M->1793M(5939M) 3483.691ms
[145.431s][info][gc,metaspace] GC(46) Metaspace: 16385K(17472K)->16385K(17472K) NonClass: 14226K(14720K)->14226K(14720K) Class: 2158K(2752K)->2158K(2752K)
[145.431s][info][gc          ] GC(46) Pause Full (System.gc()) 1793M->1793M(5939M) 3436.943ms
[148.915s][info][gc,metaspace] GC(47) Metaspace: 16385K(17472K)->16385K(17472K) NonClass: 14226K(14720K)->14226K(14720K) Class: 2158K(2752K)->2158K(2752K)
[148.915s][info][gc          ] GC(47) Pause Full (System.gc()) 1793M->1793M(5939M) 3483.129ms
[152.349s][info][gc,metaspace] GC(48) Metaspace: 16385K(17472K)->16385K(17472K) NonClass: 14226K(14720K)->14226K(14720K) Class: 2158K(2752K)->2158K(2752K)
[152.349s][info][gc          ] GC(48) Pause Full (System.gc()) 1793M->1793M(5939M) 3434.124ms
[155.825s][info][gc,metaspace] GC(49) Metaspace: 16385K(17472K)->16385K(17472K) NonClass: 14226K(14720K)->14226K(14720K) Class: 2158K(2752K)->2158K(2752K)
[155.825s][info][gc          ] GC(49) Pause Full (System.gc()) 1793M->1793M(5939M) 3476.236ms
[159.259s][info][gc,metaspace] GC(50) Metaspace: 16385K(17472K)->16385K(17472K) NonClass: 14226K(14720K)->14226K(14720K) Class: 2158K(2752K)->2158K(2752K)
[159.259s][info][gc          ] GC(50) Pause Full (System.gc()) 1793M->1793M(5939M) 3433.977ms
[162.692s][info][gc,metaspace] GC(51) Metaspace: 16385K(17472K)->16385K(17472K) NonClass: 14226K(14720K)->14226K(14720K) Class: 2158K(2752K)->2158K(2752K)
[162.692s][info][gc          ] GC(51) Pause Full (System.gc()) 1793M->1793M(5939M) 3432.617ms
[166.176s][info][gc,metaspace] GC(52) Metaspace: 16385K(17472K)->16385K(17472K) NonClass: 14226K(14720K)->14226K(14720K) Class: 2158K(2752K)->2158K(2752K)
[166.177s][info][gc          ] GC(52) Pause Full (System.gc()) 1793M->1793M(5939M) 3484.191ms
After GCs... 
