[0.001s][warning][pagesize] UseLargePages disabled, no large pages configured and available on the system.
[0.001s][info   ][metaspace]  - commit_granule_bytes: 65536.
[0.001s][info   ][metaspace]  - commit_granule_words: 8192.
[0.001s][info   ][metaspace]  - virtual_space_node_default_size: 8388608.
[0.001s][info   ][metaspace]  - enlarge_chunks_in_place: 1.
[0.001s][info   ][metaspace]  - use_allocation_guard: 0.
[0.005s][info   ][gc       ] Using Parallel
[0.459s][info   ][metaspace] Reserving compressed class space anywhere
[0.459s][info   ][gc,metaspace] CDS archive(s) not mapped
[0.459s][info   ][gc,metaspace] Compressed class space mapped at: 0x000000002c000000-0x00000000ec000000, reserved size: 3221225472
[0.459s][info   ][gc,metaspace] UseCompressedClassPointers 1, UseCompactObjectHeaders 0, narrow klass pointer bits 32, max shift 3
[0.459s][info   ][gc,metaspace] Narrow klass base: 0x0000000000000000, Narrow klass shift: 0, Narrow klass range: 0xec000000
Random Seed: 12345678
Num Classes: 4096
Num Objects: 67108864
Percent IK Objects: 83.0%)
Percent OAK Objects: 5.0%)
Percent TAK Objects: 12.0%)
Cycles: 50
Loading 4096 pre-generated classes ...
Materialize pre-generated constructors ...
Creating objects...
[0.835s][info   ][gc,metaspace] GC(0) Metaspace: 15743K(16064K)->15743K(16064K) NonClass: 12483K(12672K)->12483K(12672K) Class: 3259K(3392K)->3259K(3392K)
[0.835s][info   ][gc          ] GC(0) Pause Full (System.gc()) 153M->5M(5888M) 8.659ms
[4.187s][info   ][gc,metaspace] GC(1) Metaspace: 30713K(34368K)->30713K(34368K) NonClass: 25307K(26880K)->25307K(26880K) Class: 5405K(7488K)->5405K(7488K)
[4.187s][info   ][gc          ] GC(1) Pause Young (Allocation Failure) 1541M->356M(5888M) 409.354ms
[6.954s][info   ][gc,metaspace] GC(2) Metaspace: 30716K(34368K)->30716K(34368K) NonClass: 25310K(26880K)->25310K(26880K) Class: 5405K(7488K)->5405K(7488K)
[6.955s][info   ][gc          ] GC(2) Pause Young (Allocation Failure) 1892M->496M(5888M) 141.371ms
[9.836s][info   ][gc,metaspace] GC(3) Metaspace: 30716K(34368K)->30716K(34368K) NonClass: 25310K(26880K)->25310K(26880K) Class: 5405K(7488K)->5405K(7488K)
[9.836s][info   ][gc          ] GC(3) Pause Young (Allocation Failure) 2032M->634M(5888M) 224.395ms
[12.734s][info   ][gc,metaspace] GC(4) Metaspace: 30716K(34368K)->30716K(34368K) NonClass: 25310K(26880K)->25310K(26880K) Class: 5405K(7488K)->5405K(7488K)
[12.734s][info   ][gc          ] GC(4) Pause Young (Allocation Failure) 2170M->773M(5888M) 237.879ms
[15.635s][info   ][gc,metaspace] GC(5) Metaspace: 30716K(34368K)->30716K(34368K) NonClass: 25310K(26880K)->25310K(26880K) Class: 5405K(7488K)->5405K(7488K)
[15.635s][info   ][gc          ] GC(5) Pause Young (Allocation Failure) 2309M->912M(5888M) 285.057ms
[17.753s][info   ][gc,metaspace] GC(6) Metaspace: 30716K(34368K)->30716K(34368K) NonClass: 25310K(26880K)->25310K(26880K) Class: 5405K(7488K)->5405K(7488K)
[17.753s][info   ][gc          ] GC(6) Pause Young (Allocation Failure) 2448M->1051M(5265M) 251.229ms
[18.746s][info   ][gc,metaspace] GC(7) Metaspace: 30716K(34368K)->30716K(34368K) NonClass: 25310K(26880K)->25310K(26880K) Class: 5405K(7488K)->5405K(7488K)
[18.747s][info   ][gc          ] GC(7) Pause Young (Allocation Failure) 1964M->1134M(5133M) 155.602ms
[19.580s][info   ][gc,metaspace] GC(8) Metaspace: 30716K(34368K)->30716K(34368K) NonClass: 25310K(26880K)->25310K(26880K) Class: 5405K(7488K)->5405K(7488K)
[19.580s][info   ][gc          ] GC(8) Pause Young (Allocation Failure) 2047M->1217M(5584M) 105.844ms
[20.389s][info   ][gc,metaspace] GC(9) Metaspace: 30716K(34368K)->30716K(34368K) NonClass: 25310K(26880K)->25310K(26880K) Class: 5405K(7488K)->5405K(7488K)
[20.389s][info   ][gc          ] GC(9) Pause Young (Allocation Failure) 2131M->1299M(5570M) 143.092ms
[21.229s][info   ][gc,metaspace] GC(10) Metaspace: 30716K(34368K)->30716K(34368K) NonClass: 25310K(26880K)->25310K(26880K) Class: 5405K(7488K)->5405K(7488K)
[21.229s][info   ][gc          ] GC(10) Pause Young (Allocation Failure) 2214M->1382M(5618M) 177.962ms
[22.127s][info   ][gc,metaspace] GC(11) Metaspace: 30716K(34368K)->30716K(34368K) NonClass: 25310K(26880K)->25310K(26880K) Class: 5405K(7488K)->5405K(7488K)
[22.127s][info   ][gc          ] GC(11) Pause Young (Allocation Failure) 2371M->1472M(5610M) 132.835ms
[22.949s][info   ][gc,metaspace] GC(12) Metaspace: 30716K(34368K)->30716K(34368K) NonClass: 25310K(26880K)->25310K(26880K) Class: 5405K(7488K)->5405K(7488K)
[22.949s][info   ][gc          ] GC(12) Pause Young (Allocation Failure) 2461M->1562M(5618M) 107.404ms
[23.825s][info   ][gc,metaspace] GC(13) Metaspace: 30716K(34368K)->30716K(34368K) NonClass: 25310K(26880K)->25310K(26880K) Class: 5405K(7488K)->5405K(7488K)
[23.825s][info   ][gc          ] GC(13) Pause Young (Allocation Failure) 2555M->1651M(5615M) 107.981ms
[24.702s][info   ][gc,metaspace] GC(14) Metaspace: 30716K(34368K)->30716K(34368K) NonClass: 25310K(26880K)->25310K(26880K) Class: 5405K(7488K)->5405K(7488K)
[24.702s][info   ][gc          ] GC(14) Pause Young (Allocation Failure) 2645M->1741M(5633M) 107.862ms
67108864 Objects created
 - IK: 55699211 (82.99829%)
 - OAK: 3355627 (5.0002737%)
 - TAK: 8054026 (12.001434%)
Preparatory GC...
[26.398s][info   ][gc,metaspace] GC(15) Metaspace: 30716K(34368K)->30716K(34368K) NonClass: 25310K(26880K)->25310K(26880K) Class: 5405K(7488K)->5405K(7488K)
[26.398s][info   ][gc          ] GC(15) Pause Full (System.gc()) 2535M->1806M(5633M) 1132.741ms
[27.231s][info   ][gc,metaspace] GC(16) Metaspace: 30716K(34368K)->30716K(34368K) NonClass: 25310K(26880K)->25310K(26880K) Class: 5405K(7488K)->5405K(7488K)
[27.231s][info   ][gc          ] GC(16) Pause Full (System.gc()) 1806M->1806M(5633M) 829.310ms
Done; will start GCs... 
[27.956s][info   ][gc,metaspace] GC(17) Metaspace: 30716K(34368K)->30716K(34368K) NonClass: 25310K(26880K)->25310K(26880K) Class: 5405K(7488K)->5405K(7488K)
[27.956s][info   ][gc          ] GC(17) Pause Full (System.gc()) 1827M->1806M(5633M) 724.838ms
[28.672s][info   ][gc,metaspace] GC(18) Metaspace: 30716K(34368K)->30716K(34368K) NonClass: 25310K(26880K)->25310K(26880K) Class: 5405K(7488K)->5405K(7488K)
[28.672s][info   ][gc          ] GC(18) Pause Full (System.gc()) 1806M->1806M(5633M) 715.541ms
[29.413s][info   ][gc,metaspace] GC(19) Metaspace: 30716K(34368K)->30716K(34368K) NonClass: 25310K(26880K)->25310K(26880K) Class: 5405K(7488K)->5405K(7488K)
[29.413s][info   ][gc          ] GC(19) Pause Full (System.gc()) 1806M->1806M(5633M) 740.730ms
[30.111s][info   ][gc,metaspace] GC(20) Metaspace: 30716K(34368K)->30716K(34368K) NonClass: 25310K(26880K)->25310K(26880K) Class: 5405K(7488K)->5405K(7488K)
[30.111s][info   ][gc          ] GC(20) Pause Full (System.gc()) 1806M->1806M(5633M) 697.749ms
[30.894s][info   ][gc,metaspace] GC(21) Metaspace: 30716K(34368K)->30716K(34368K) NonClass: 25310K(26880K)->25310K(26880K) Class: 5405K(7488K)->5405K(7488K)
[30.895s][info   ][gc          ] GC(21) Pause Full (System.gc()) 1806M->1806M(5633M) 783.778ms
[31.623s][info   ][gc,metaspace] GC(22) Metaspace: 30716K(34368K)->30716K(34368K) NonClass: 25310K(26880K)->25310K(26880K) Class: 5405K(7488K)->5405K(7488K)
[31.623s][info   ][gc          ] GC(22) Pause Full (System.gc()) 1806M->1806M(5633M) 728.728ms
[32.360s][info   ][gc,metaspace] GC(23) Metaspace: 30716K(34368K)->30716K(34368K) NonClass: 25310K(26880K)->25310K(26880K) Class: 5405K(7488K)->5405K(7488K)
[32.360s][info   ][gc          ] GC(23) Pause Full (System.gc()) 1806M->1806M(5633M) 736.206ms
[33.076s][info   ][gc,metaspace] GC(24) Metaspace: 30716K(34368K)->30716K(34368K) NonClass: 25310K(26880K)->25310K(26880K) Class: 5405K(7488K)->5405K(7488K)
[33.076s][info   ][gc          ] GC(24) Pause Full (System.gc()) 1806M->1806M(5633M) 716.245ms
[33.831s][info   ][gc,metaspace] GC(25) Metaspace: 30716K(34368K)->30716K(34368K) NonClass: 25310K(26880K)->25310K(26880K) Class: 5405K(7488K)->5405K(7488K)
[33.831s][info   ][gc          ] GC(25) Pause Full (System.gc()) 1806M->1806M(5633M) 755.191ms
[34.573s][info   ][gc,metaspace] GC(26) Metaspace: 30716K(34368K)->30716K(34368K) NonClass: 25310K(26880K)->25310K(26880K) Class: 5405K(7488K)->5405K(7488K)
[34.573s][info   ][gc          ] GC(26) Pause Full (System.gc()) 1806M->1806M(5633M) 741.402ms
[35.287s][info   ][gc,metaspace] GC(27) Metaspace: 30716K(34368K)->30716K(34368K) NonClass: 25310K(26880K)->25310K(26880K) Class: 5405K(7488K)->5405K(7488K)
[35.287s][info   ][gc          ] GC(27) Pause Full (System.gc()) 1806M->1806M(5633M) 713.975ms
[36.010s][info   ][gc,metaspace] GC(28) Metaspace: 30716K(34368K)->30716K(34368K) NonClass: 25310K(26880K)->25310K(26880K) Class: 5405K(7488K)->5405K(7488K)
[36.010s][info   ][gc          ] GC(28) Pause Full (System.gc()) 1806M->1806M(5633M) 723.523ms
[36.772s][info   ][gc,metaspace] GC(29) Metaspace: 30716K(34368K)->30716K(34368K) NonClass: 25310K(26880K)->25310K(26880K) Class: 5405K(7488K)->5405K(7488K)
[36.772s][info   ][gc          ] GC(29) Pause Full (System.gc()) 1806M->1806M(5633M) 762.035ms
[37.511s][info   ][gc,metaspace] GC(30) Metaspace: 30716K(34368K)->30716K(34368K) NonClass: 25310K(26880K)->25310K(26880K) Class: 5405K(7488K)->5405K(7488K)
[37.511s][info   ][gc          ] GC(30) Pause Full (System.gc()) 1806M->1806M(5633M) 734.630ms
[38.243s][info   ][gc,metaspace] GC(31) Metaspace: 30716K(34368K)->30716K(34368K) NonClass: 25310K(26880K)->25310K(26880K) Class: 5405K(7488K)->5405K(7488K)
[38.243s][info   ][gc          ] GC(31) Pause Full (System.gc()) 1806M->1806M(5633M) 731.611ms
[39.029s][info   ][gc,metaspace] GC(32) Metaspace: 30716K(34368K)->30716K(34368K) NonClass: 25310K(26880K)->25310K(26880K) Class: 5405K(7488K)->5405K(7488K)
[39.030s][info   ][gc          ] GC(32) Pause Full (System.gc()) 1806M->1806M(5633M) 786.287ms
[39.808s][info   ][gc,metaspace] GC(33) Metaspace: 30716K(34368K)->30716K(34368K) NonClass: 25310K(26880K)->25310K(26880K) Class: 5405K(7488K)->5405K(7488K)
[39.808s][info   ][gc          ] GC(33) Pause Full (System.gc()) 1806M->1806M(5633M) 778.432ms
[40.538s][info   ][gc,metaspace] GC(34) Metaspace: 30716K(34368K)->30716K(34368K) NonClass: 25310K(26880K)->25310K(26880K) Class: 5405K(7488K)->5405K(7488K)
[40.538s][info   ][gc          ] GC(34) Pause Full (System.gc()) 1806M->1806M(5633M) 730.200ms
[41.256s][info   ][gc,metaspace] GC(35) Metaspace: 30716K(34368K)->30716K(34368K) NonClass: 25310K(26880K)->25310K(26880K) Class: 5405K(7488K)->5405K(7488K)
[41.256s][info   ][gc          ] GC(35) Pause Full (System.gc()) 1806M->1806M(5633M) 717.812ms
[41.986s][info   ][gc,metaspace] GC(36) Metaspace: 30716K(34368K)->30716K(34368K) NonClass: 25310K(26880K)->25310K(26880K) Class: 5405K(7488K)->5405K(7488K)
[41.986s][info   ][gc          ] GC(36) Pause Full (System.gc()) 1806M->1806M(5633M) 730.085ms
[42.746s][info   ][gc,metaspace] GC(37) Metaspace: 30716K(34368K)->30716K(34368K) NonClass: 25310K(26880K)->25310K(26880K) Class: 5405K(7488K)->5405K(7488K)
[42.746s][info   ][gc          ] GC(37) Pause Full (System.gc()) 1806M->1806M(5633M) 754.964ms
[43.475s][info   ][gc,metaspace] GC(38) Metaspace: 30716K(34368K)->30716K(34368K) NonClass: 25310K(26880K)->25310K(26880K) Class: 5405K(7488K)->5405K(7488K)
[43.475s][info   ][gc          ] GC(38) Pause Full (System.gc()) 1806M->1806M(5633M) 729.064ms
[44.195s][info   ][gc,metaspace] GC(39) Metaspace: 30716K(34368K)->30716K(34368K) NonClass: 25310K(26880K)->25310K(26880K) Class: 5405K(7488K)->5405K(7488K)
[44.195s][info   ][gc          ] GC(39) Pause Full (System.gc()) 1806M->1806M(5633M) 719.953ms
[44.938s][info   ][gc,metaspace] GC(40) Metaspace: 30716K(34368K)->30716K(34368K) NonClass: 25310K(26880K)->25310K(26880K) Class: 5405K(7488K)->5405K(7488K)
[44.938s][info   ][gc          ] GC(40) Pause Full (System.gc()) 1806M->1806M(5633M) 743.295ms
[45.660s][info   ][gc,metaspace] GC(41) Metaspace: 30716K(34368K)->30716K(34368K) NonClass: 25310K(26880K)->25310K(26880K) Class: 5405K(7488K)->5405K(7488K)
[45.660s][info   ][gc          ] GC(41) Pause Full (System.gc()) 1806M->1806M(5633M) 721.921ms
[46.422s][info   ][gc,metaspace] GC(42) Metaspace: 30716K(34368K)->30716K(34368K) NonClass: 25310K(26880K)->25310K(26880K) Class: 5405K(7488K)->5405K(7488K)
[46.422s][info   ][gc          ] GC(42) Pause Full (System.gc()) 1806M->1806M(5633M) 761.481ms
[47.121s][info   ][gc,metaspace] GC(43) Metaspace: 30716K(34368K)->30716K(34368K) NonClass: 25310K(26880K)->25310K(26880K) Class: 5405K(7488K)->5405K(7488K)
[47.121s][info   ][gc          ] GC(43) Pause Full (System.gc()) 1806M->1806M(5633M) 698.850ms
[47.902s][info   ][gc,metaspace] GC(44) Metaspace: 30716K(34368K)->30716K(34368K) NonClass: 25310K(26880K)->25310K(26880K) Class: 5405K(7488K)->5405K(7488K)
[47.902s][info   ][gc          ] GC(44) Pause Full (System.gc()) 1806M->1806M(5633M) 777.299ms
[48.635s][info   ][gc,metaspace] GC(45) Metaspace: 30716K(34368K)->30716K(34368K) NonClass: 25310K(26880K)->25310K(26880K) Class: 5405K(7488K)->5405K(7488K)
[48.635s][info   ][gc          ] GC(45) Pause Full (System.gc()) 1806M->1806M(5633M) 732.660ms
[49.396s][info   ][gc,metaspace] GC(46) Metaspace: 30716K(34368K)->30716K(34368K) NonClass: 25310K(26880K)->25310K(26880K) Class: 5405K(7488K)->5405K(7488K)
[49.396s][info   ][gc          ] GC(46) Pause Full (System.gc()) 1806M->1806M(5633M) 761.199ms
[50.109s][info   ][gc,metaspace] GC(47) Metaspace: 30716K(34368K)->30716K(34368K) NonClass: 25310K(26880K)->25310K(26880K) Class: 5405K(7488K)->5405K(7488K)
[50.109s][info   ][gc          ] GC(47) Pause Full (System.gc()) 1806M->1806M(5633M) 712.721ms
[50.846s][info   ][gc,metaspace] GC(48) Metaspace: 30716K(34368K)->30716K(34368K) NonClass: 25310K(26880K)->25310K(26880K) Class: 5405K(7488K)->5405K(7488K)
[50.846s][info   ][gc          ] GC(48) Pause Full (System.gc()) 1806M->1806M(5633M) 736.656ms
[51.587s][info   ][gc,metaspace] GC(49) Metaspace: 30716K(34368K)->30716K(34368K) NonClass: 25310K(26880K)->25310K(26880K) Class: 5405K(7488K)->5405K(7488K)
[51.587s][info   ][gc          ] GC(49) Pause Full (System.gc()) 1806M->1806M(5633M) 740.734ms
[52.289s][info   ][gc,metaspace] GC(50) Metaspace: 30716K(34368K)->30716K(34368K) NonClass: 25310K(26880K)->25310K(26880K) Class: 5405K(7488K)->5405K(7488K)
[52.289s][info   ][gc          ] GC(50) Pause Full (System.gc()) 1806M->1806M(5633M) 701.713ms
[53.045s][info   ][gc,metaspace] GC(51) Metaspace: 30716K(34368K)->30716K(34368K) NonClass: 25310K(26880K)->25310K(26880K) Class: 5405K(7488K)->5405K(7488K)
[53.045s][info   ][gc          ] GC(51) Pause Full (System.gc()) 1806M->1806M(5633M) 751.992ms
[53.802s][info   ][gc,metaspace] GC(52) Metaspace: 30716K(34368K)->30716K(34368K) NonClass: 25310K(26880K)->25310K(26880K) Class: 5405K(7488K)->5405K(7488K)
[53.802s][info   ][gc          ] GC(52) Pause Full (System.gc()) 1806M->1806M(5633M) 757.043ms
[54.524s][info   ][gc,metaspace] GC(53) Metaspace: 30716K(34368K)->30716K(34368K) NonClass: 25310K(26880K)->25310K(26880K) Class: 5405K(7488K)->5405K(7488K)
[54.524s][info   ][gc          ] GC(53) Pause Full (System.gc()) 1806M->1806M(5633M) 721.389ms
[55.262s][info   ][gc,metaspace] GC(54) Metaspace: 30716K(34368K)->30716K(34368K) NonClass: 25310K(26880K)->25310K(26880K) Class: 5405K(7488K)->5405K(7488K)
[55.262s][info   ][gc          ] GC(54) Pause Full (System.gc()) 1806M->1806M(5633M) 738.288ms
[56.019s][info   ][gc,metaspace] GC(55) Metaspace: 30716K(34368K)->30716K(34368K) NonClass: 25310K(26880K)->25310K(26880K) Class: 5405K(7488K)->5405K(7488K)
[56.019s][info   ][gc          ] GC(55) Pause Full (System.gc()) 1806M->1806M(5633M) 757.096ms
[56.766s][info   ][gc,metaspace] GC(56) Metaspace: 30716K(34368K)->30716K(34368K) NonClass: 25310K(26880K)->25310K(26880K) Class: 5405K(7488K)->5405K(7488K)
[56.766s][info   ][gc          ] GC(56) Pause Full (System.gc()) 1806M->1806M(5633M) 746.584ms
[57.521s][info   ][gc,metaspace] GC(57) Metaspace: 30716K(34368K)->30716K(34368K) NonClass: 25310K(26880K)->25310K(26880K) Class: 5405K(7488K)->5405K(7488K)
[57.521s][info   ][gc          ] GC(57) Pause Full (System.gc()) 1806M->1806M(5633M) 754.813ms
[58.247s][info   ][gc,metaspace] GC(58) Metaspace: 30716K(34368K)->30716K(34368K) NonClass: 25310K(26880K)->25310K(26880K) Class: 5405K(7488K)->5405K(7488K)
[58.247s][info   ][gc          ] GC(58) Pause Full (System.gc()) 1806M->1806M(5633M) 721.995ms
[58.980s][info   ][gc,metaspace] GC(59) Metaspace: 30716K(34368K)->30716K(34368K) NonClass: 25310K(26880K)->25310K(26880K) Class: 5405K(7488K)->5405K(7488K)
[58.980s][info   ][gc          ] GC(59) Pause Full (System.gc()) 1806M->1806M(5633M) 732.542ms
[59.702s][info   ][gc,metaspace] GC(60) Metaspace: 30716K(34368K)->30716K(34368K) NonClass: 25310K(26880K)->25310K(26880K) Class: 5405K(7488K)->5405K(7488K)
[59.702s][info   ][gc          ] GC(60) Pause Full (System.gc()) 1806M->1806M(5633M) 722.329ms
[60.473s][info   ][gc,metaspace] GC(61) Metaspace: 30716K(34368K)->30716K(34368K) NonClass: 25310K(26880K)->25310K(26880K) Class: 5405K(7488K)->5405K(7488K)
[60.473s][info   ][gc          ] GC(61) Pause Full (System.gc()) 1806M->1806M(5633M) 770.457ms
[61.179s][info   ][gc,metaspace] GC(62) Metaspace: 30716K(34368K)->30716K(34368K) NonClass: 25310K(26880K)->25310K(26880K) Class: 5405K(7488K)->5405K(7488K)
[61.179s][info   ][gc          ] GC(62) Pause Full (System.gc()) 1806M->1806M(5633M) 706.496ms
[61.902s][info   ][gc,metaspace] GC(63) Metaspace: 30716K(34368K)->30716K(34368K) NonClass: 25310K(26880K)->25310K(26880K) Class: 5405K(7488K)->5405K(7488K)
[61.902s][info   ][gc          ] GC(63) Pause Full (System.gc()) 1806M->1806M(5633M) 722.314ms
[62.629s][info   ][gc,metaspace] GC(64) Metaspace: 30716K(34368K)->30716K(34368K) NonClass: 25310K(26880K)->25310K(26880K) Class: 5405K(7488K)->5405K(7488K)
[62.629s][info   ][gc          ] GC(64) Pause Full (System.gc()) 1806M->1806M(5633M) 727.517ms
[63.526s][info   ][gc,metaspace] GC(65) Metaspace: 30716K(34368K)->30716K(34368K) NonClass: 25310K(26880K)->25310K(26880K) Class: 5405K(7488K)->5405K(7488K)
[63.526s][info   ][gc          ] GC(65) Pause Full (System.gc()) 1806M->1806M(5633M) 896.784ms
[64.284s][info   ][gc,metaspace] GC(66) Metaspace: 30716K(34368K)->30716K(34368K) NonClass: 25310K(26880K)->25310K(26880K) Class: 5405K(7488K)->5405K(7488K)
[64.284s][info   ][gc          ] GC(66) Pause Full (System.gc()) 1806M->1806M(5633M) 757.428ms
After GCs... 
