Done; will start GCs... 
[29.657s][info   ][gc,metaspace] GC(16) Metaspace: 31190K(34880K)->31190K(34880K) NonClass: 23164K(24768K)->23164K(24768K) Class: 8025K(10112K)->8025K(10112K)
[29.657s][info   ][gc          ] GC(16) Pause Full (System.gc()) 1613M->1593M(5637M) 801.691ms
[30.446s][info   ][gc,metaspace] GC(17) Metaspace: 31190K(34880K)->31190K(34880K) NonClass: 23164K(24768K)->23164K(24768K) Class: 8025K(10112K)->8025K(10112K)
[30.446s][info   ][gc          ] GC(17) Pause Full (System.gc()) 1593M->1593M(5637M) 789.145ms
[31.288s][info   ][gc,metaspace] GC(18) Metaspace: 31190K(34880K)->31190K(34880K) NonClass: 23164K(24768K)->23164K(24768K) Class: 8025K(10112K)->8025K(10112K)
[31.288s][info   ][gc          ] GC(18) Pause Full (System.gc()) 1593M->1593M(5637M) 842.319ms
[32.118s][info   ][gc,metaspace] GC(19) Metaspace: 31190K(34880K)->31190K(34880K) NonClass: 23164K(24768K)->23164K(24768K) Class: 8025K(10112K)->8025K(10112K)
[32.118s][info   ][gc          ] GC(19) Pause Full (System.gc()) 1593M->1593M(5637M) 829.145ms
[32.909s][info   ][gc,metaspace] GC(20) Metaspace: 31190K(34880K)->31190K(34880K) NonClass: 23164K(24768K)->23164K(24768K) Class: 8025K(10112K)->8025K(10112K)
[32.910s][info   ][gc          ] GC(20) Pause Full (System.gc()) 1593M->1593M(5637M) 791.747ms
[33.720s][info   ][gc,metaspace] GC(21) Metaspace: 31190K(34880K)->31190K(34880K) NonClass: 23164K(24768K)->23164K(24768K) Class: 8025K(10112K)->8025K(10112K)
[33.720s][info   ][gc          ] GC(21) Pause Full (System.gc()) 1593M->1593M(5637M) 810.544ms
[34.528s][info   ][gc,metaspace] GC(22) Metaspace: 31190K(34880K)->31190K(34880K) NonClass: 23164K(24768K)->23164K(24768K) Class: 8025K(10112K)->8025K(10112K)
[34.528s][info   ][gc          ] GC(22) Pause Full (System.gc()) 1593M->1593M(5637M) 808.162ms
[35.303s][info   ][gc,metaspace] GC(23) Metaspace: 31190K(34880K)->31190K(34880K) NonClass: 23164K(24768K)->23164K(24768K) Class: 8025K(10112K)->8025K(10112K)
[35.303s][info   ][gc          ] GC(23) Pause Full (System.gc()) 1593M->1593M(5637M) 774.574ms
[36.093s][info   ][gc,metaspace] GC(24) Metaspace: 31190K(34880K)->31190K(34880K) NonClass: 23164K(24768K)->23164K(24768K) Class: 8025K(10112K)->8025K(10112K)
[36.094s][info   ][gc          ] GC(24) Pause Full (System.gc()) 1593M->1593M(5637M) 790.370ms
[36.888s][info   ][gc,metaspace] GC(25) Metaspace: 31190K(34880K)->31190K(34880K) NonClass: 23164K(24768K)->23164K(24768K) Class: 8025K(10112K)->8025K(10112K)
[36.888s][info   ][gc          ] GC(25) Pause Full (System.gc()) 1593M->1593M(5637M) 793.886ms
[37.701s][info   ][gc,metaspace] GC(26) Metaspace: 31190K(34880K)->31190K(34880K) NonClass: 23164K(24768K)->23164K(24768K) Class: 8025K(10112K)->8025K(10112K)
[37.701s][info   ][gc          ] GC(26) Pause Full (System.gc()) 1593M->1593M(5637M) 813.310ms
[38.489s][info   ][gc,metaspace] GC(27) Metaspace: 31190K(34880K)->31190K(34880K) NonClass: 23164K(24768K)->23164K(24768K) Class: 8025K(10112K)->8025K(10112K)
[38.489s][info   ][gc          ] GC(27) Pause Full (System.gc()) 1593M->1593M(5637M) 787.578ms
[39.308s][info   ][gc,metaspace] GC(28) Metaspace: 31190K(34880K)->31190K(34880K) NonClass: 23164K(24768K)->23164K(24768K) Class: 8025K(10112K)->8025K(10112K)
[39.308s][info   ][gc          ] GC(28) Pause Full (System.gc()) 1593M->1593M(5637M) 819.522ms
[40.115s][info   ][gc,metaspace] GC(29) Metaspace: 31190K(34880K)->31190K(34880K) NonClass: 23164K(24768K)->23164K(24768K) Class: 8025K(10112K)->8025K(10112K)
[40.115s][info   ][gc          ] GC(29) Pause Full (System.gc()) 1593M->1593M(5637M) 806.193ms
[40.938s][info   ][gc,metaspace] GC(30) Metaspace: 31190K(34880K)->31190K(34880K) NonClass: 23164K(24768K)->23164K(24768K) Class: 8025K(10112K)->8025K(10112K)
[40.938s][info   ][gc          ] GC(30) Pause Full (System.gc()) 1593M->1593M(5637M) 819.490ms
[41.760s][info   ][gc,metaspace] GC(31) Metaspace: 31190K(34880K)->31190K(34880K) NonClass: 23164K(24768K)->23164K(24768K) Class: 8025K(10112K)->8025K(10112K)
[41.760s][info   ][gc          ] GC(31) Pause Full (System.gc()) 1593M->1593M(5637M) 821.370ms
[42.534s][info   ][gc,metaspace] GC(32) Metaspace: 31190K(34880K)->31190K(34880K) NonClass: 23164K(24768K)->23164K(24768K) Class: 8025K(10112K)->8025K(10112K)
[42.534s][info   ][gc          ] GC(32) Pause Full (System.gc()) 1593M->1593M(5637M) 773.831ms
[43.333s][info   ][gc,metaspace] GC(33) Metaspace: 31190K(34880K)->31190K(34880K) NonClass: 23164K(24768K)->23164K(24768K) Class: 8025K(10112K)->8025K(10112K)
[43.333s][info   ][gc          ] GC(33) Pause Full (System.gc()) 1593M->1593M(5637M) 798.716ms
[44.157s][info   ][gc,metaspace] GC(34) Metaspace: 31190K(34880K)->31190K(34880K) NonClass: 23164K(24768K)->23164K(24768K) Class: 8025K(10112K)->8025K(10112K)
[44.157s][info   ][gc          ] GC(34) Pause Full (System.gc()) 1593M->1593M(5637M) 823.899ms
[44.956s][info   ][gc,metaspace] GC(35) Metaspace: 31190K(34880K)->31190K(34880K) NonClass: 23164K(24768K)->23164K(24768K) Class: 8025K(10112K)->8025K(10112K)
[44.956s][info   ][gc          ] GC(35) Pause Full (System.gc()) 1593M->1593M(5637M) 799.124ms
[45.821s][info   ][gc,metaspace] GC(36) Metaspace: 31190K(34880K)->31190K(34880K) NonClass: 23164K(24768K)->23164K(24768K) Class: 8025K(10112K)->8025K(10112K)
[45.821s][info   ][gc          ] GC(36) Pause Full (System.gc()) 1593M->1593M(5637M) 865.107ms
[46.636s][info   ][gc,metaspace] GC(37) Metaspace: 31190K(34880K)->31190K(34880K) NonClass: 23164K(24768K)->23164K(24768K) Class: 8025K(10112K)->8025K(10112K)
[46.636s][info   ][gc          ] GC(37) Pause Full (System.gc()) 1593M->1593M(5637M) 814.933ms
[47.418s][info   ][gc,metaspace] GC(38) Metaspace: 31190K(34880K)->31190K(34880K) NonClass: 23164K(24768K)->23164K(24768K) Class: 8025K(10112K)->8025K(10112K)
[47.419s][info   ][gc          ] GC(38) Pause Full (System.gc()) 1593M->1593M(5637M) 782.396ms
[48.233s][info   ][gc,metaspace] GC(39) Metaspace: 31190K(34880K)->31190K(34880K) NonClass: 23164K(24768K)->23164K(24768K) Class: 8025K(10112K)->8025K(10112K)
[48.233s][info   ][gc          ] GC(39) Pause Full (System.gc()) 1593M->1593M(5637M) 814.581ms
[49.028s][info   ][gc,metaspace] GC(40) Metaspace: 31190K(34880K)->31190K(34880K) NonClass: 23164K(24768K)->23164K(24768K) Class: 8025K(10112K)->8025K(10112K)
[49.028s][info   ][gc          ] GC(40) Pause Full (System.gc()) 1593M->1593M(5637M) 795.009ms
[49.842s][info   ][gc,metaspace] GC(41) Metaspace: 31190K(34880K)->31190K(34880K) NonClass: 23164K(24768K)->23164K(24768K) Class: 8025K(10112K)->8025K(10112K)
[49.842s][info   ][gc          ] GC(41) Pause Full (System.gc()) 1593M->1593M(5637M) 813.581ms
[50.646s][info   ][gc,metaspace] GC(42) Metaspace: 31190K(34880K)->31190K(34880K) NonClass: 23164K(24768K)->23164K(24768K) Class: 8025K(10112K)->8025K(10112K)
[50.646s][info   ][gc          ] GC(42) Pause Full (System.gc()) 1593M->1593M(5637M) 803.961ms
[51.422s][info   ][gc,metaspace] GC(43) Metaspace: 31190K(34880K)->31190K(34880K) NonClass: 23164K(24768K)->23164K(24768K) Class: 8025K(10112K)->8025K(10112K)
[51.422s][info   ][gc          ] GC(43) Pause Full (System.gc()) 1593M->1593M(5637M) 775.786ms
[52.216s][info   ][gc,metaspace] GC(44) Metaspace: 31190K(34880K)->31190K(34880K) NonClass: 23164K(24768K)->23164K(24768K) Class: 8025K(10112K)->8025K(10112K)
[52.216s][info   ][gc          ] GC(44) Pause Full (System.gc()) 1593M->1593M(5637M) 789.958ms
[53.004s][info   ][gc,metaspace] GC(45) Metaspace: 31190K(34880K)->31190K(34880K) NonClass: 23164K(24768K)->23164K(24768K) Class: 8025K(10112K)->8025K(10112K)
[53.004s][info   ][gc          ] GC(45) Pause Full (System.gc()) 1593M->1593M(5637M) 787.948ms
[53.810s][info   ][gc,metaspace] GC(46) Metaspace: 31190K(34880K)->31190K(34880K) NonClass: 23164K(24768K)->23164K(24768K) Class: 8025K(10112K)->8025K(10112K)
[53.810s][info   ][gc          ] GC(46) Pause Full (System.gc()) 1593M->1593M(5637M) 805.974ms
[54.577s][info   ][gc,metaspace] GC(47) Metaspace: 31190K(34880K)->31190K(34880K) NonClass: 23164K(24768K)->23164K(24768K) Class: 8025K(10112K)->8025K(10112K)
[54.577s][info   ][gc          ] GC(47) Pause Full (System.gc()) 1593M->1593M(5637M) 766.219ms
[55.408s][info   ][gc,metaspace] GC(48) Metaspace: 31190K(34880K)->31190K(34880K) NonClass: 23164K(24768K)->23164K(24768K) Class: 8025K(10112K)->8025K(10112K)
[55.408s][info   ][gc          ] GC(48) Pause Full (System.gc()) 1593M->1593M(5637M) 831.751ms
[56.208s][info   ][gc,metaspace] GC(49) Metaspace: 31190K(34880K)->31190K(34880K) NonClass: 23164K(24768K)->23164K(24768K) Class: 8025K(10112K)->8025K(10112K)
[56.208s][info   ][gc          ] GC(49) Pause Full (System.gc()) 1593M->1593M(5637M) 799.419ms
[57.013s][info   ][gc,metaspace] GC(50) Metaspace: 31190K(34880K)->31190K(34880K) NonClass: 23164K(24768K)->23164K(24768K) Class: 8025K(10112K)->8025K(10112K)
[57.013s][info   ][gc          ] GC(50) Pause Full (System.gc()) 1593M->1593M(5637M) 804.544ms
[57.809s][info   ][gc,metaspace] GC(51) Metaspace: 31190K(34880K)->31190K(34880K) NonClass: 23164K(24768K)->23164K(24768K) Class: 8025K(10112K)->8025K(10112K)
[57.809s][info   ][gc          ] GC(51) Pause Full (System.gc()) 1593M->1593M(5637M) 796.233ms
[58.632s][info   ][gc,metaspace] GC(52) Metaspace: 31190K(34880K)->31190K(34880K) NonClass: 23164K(24768K)->23164K(24768K) Class: 8025K(10112K)->8025K(10112K)
[58.632s][info   ][gc          ] GC(52) Pause Full (System.gc()) 1593M->1593M(5637M) 823.377ms
[59.435s][info   ][gc,metaspace] GC(53) Metaspace: 31190K(34880K)->31190K(34880K) NonClass: 23164K(24768K)->23164K(24768K) Class: 8025K(10112K)->8025K(10112K)
[59.435s][info   ][gc          ] GC(53) Pause Full (System.gc()) 1593M->1593M(5637M) 802.274ms
[60.215s][info   ][gc,metaspace] GC(54) Metaspace: 31190K(34880K)->31190K(34880K) NonClass: 23164K(24768K)->23164K(24768K) Class: 8025K(10112K)->8025K(10112K)
[60.215s][info   ][gc          ] GC(54) Pause Full (System.gc()) 1593M->1593M(5637M) 780.146ms
[61.021s][info   ][gc,metaspace] GC(55) Metaspace: 31190K(34880K)->31190K(34880K) NonClass: 23164K(24768K)->23164K(24768K) Class: 8025K(10112K)->8025K(10112K)
[61.021s][info   ][gc          ] GC(55) Pause Full (System.gc()) 1593M->1593M(5637M) 806.253ms
[61.869s][info   ][gc,metaspace] GC(56) Metaspace: 31190K(34880K)->31190K(34880K) NonClass: 23164K(24768K)->23164K(24768K) Class: 8025K(10112K)->8025K(10112K)
[61.869s][info   ][gc          ] GC(56) Pause Full (System.gc()) 1593M->1593M(5637M) 847.921ms
[62.896s][info   ][gc,metaspace] GC(57) Metaspace: 31190K(34880K)->31190K(34880K) NonClass: 23164K(24768K)->23164K(24768K) Class: 8025K(10112K)->8025K(10112K)
[62.896s][info   ][gc          ] GC(57) Pause Full (System.gc()) 1593M->1593M(5637M) 1026.440ms
[63.713s][info   ][gc,metaspace] GC(58) Metaspace: 31190K(34880K)->31190K(34880K) NonClass: 23164K(24768K)->23164K(24768K) Class: 8025K(10112K)->8025K(10112K)
[63.713s][info   ][gc          ] GC(58) Pause Full (System.gc()) 1603M->1593M(5637M) 816.814ms
[64.499s][info   ][gc,metaspace] GC(59) Metaspace: 31190K(34880K)->31190K(34880K) NonClass: 23164K(24768K)->23164K(24768K) Class: 8025K(10112K)->8025K(10112K)
[64.499s][info   ][gc          ] GC(59) Pause Full (System.gc()) 1593M->1593M(5637M) 785.542ms
[65.304s][info   ][gc,metaspace] GC(60) Metaspace: 31190K(34880K)->31190K(34880K) NonClass: 23164K(24768K)->23164K(24768K) Class: 8025K(10112K)->8025K(10112K)
[65.304s][info   ][gc          ] GC(60) Pause Full (System.gc()) 1593M->1593M(5637M) 805.353ms
[66.114s][info   ][gc,metaspace] GC(61) Metaspace: 31190K(34880K)->31190K(34880K) NonClass: 23164K(24768K)->23164K(24768K) Class: 8025K(10112K)->8025K(10112K)
[66.114s][info   ][gc          ] GC(61) Pause Full (System.gc()) 1593M->1593M(5637M) 809.549ms
[66.914s][info   ][gc,metaspace] GC(62) Metaspace: 31190K(34880K)->31190K(34880K) NonClass: 23164K(24768K)->23164K(24768K) Class: 8025K(10112K)->8025K(10112K)
[66.914s][info   ][gc          ] GC(62) Pause Full (System.gc()) 1593M->1593M(5637M) 800.416ms
[67.723s][info   ][gc,metaspace] GC(63) Metaspace: 31190K(34880K)->31190K(34880K) NonClass: 23164K(24768K)->23164K(24768K) Class: 8025K(10112K)->8025K(10112K)
[67.723s][info   ][gc          ] GC(63) Pause Full (System.gc()) 1593M->1593M(5637M) 808.805ms
[68.570s][info   ][gc,metaspace] GC(64) Metaspace: 31190K(34880K)->31190K(34880K) NonClass: 23164K(24768K)->23164K(24768K) Class: 8025K(10112K)->8025K(10112K)
[68.570s][info   ][gc          ] GC(64) Pause Full (System.gc()) 1593M->1593M(5637M) 846.375ms
[69.379s][info   ][gc,metaspace] GC(65) Metaspace: 31190K(34880K)->31190K(34880K) NonClass: 23164K(24768K)->23164K(24768K) Class: 8025K(10112K)->8025K(10112K)
[69.379s][info   ][gc          ] GC(65) Pause Full (System.gc()) 1593M->1593M(5637M) 805.300ms
After GCs... 
