Done; will start GCs... 
[28.110s][info   ][gc,metaspace] GC(16) Metaspace: 31190K(34880K)->31190K(34880K) NonClass: 23165K(24768K)->23165K(24768K) Class: 8025K(10112K)->8025K(10112K)
[28.110s][info   ][gc          ] GC(16) Pause Full (System.gc()) 1613M->1593M(5635M) 734.774ms
[28.811s][info   ][gc,metaspace] GC(17) Metaspace: 31190K(34880K)->31190K(34880K) NonClass: 23165K(24768K)->23165K(24768K) Class: 8025K(10112K)->8025K(10112K)
[28.811s][info   ][gc          ] GC(17) Pause Full (System.gc()) 1593M->1593M(5635M) 700.526ms
[29.577s][info   ][gc,metaspace] GC(18) Metaspace: 31190K(34880K)->31190K(34880K) NonClass: 23165K(24768K)->23165K(24768K) Class: 8025K(10112K)->8025K(10112K)
[29.577s][info   ][gc          ] GC(18) Pause Full (System.gc()) 1593M->1593M(5635M) 766.200ms
[30.273s][info   ][gc,metaspace] GC(19) Metaspace: 31190K(34880K)->31190K(34880K) NonClass: 23165K(24768K)->23165K(24768K) Class: 8025K(10112K)->8025K(10112K)
[30.273s][info   ][gc          ] GC(19) Pause Full (System.gc()) 1593M->1593M(5635M) 695.439ms
[30.964s][info   ][gc,metaspace] GC(20) Metaspace: 31190K(34880K)->31190K(34880K) NonClass: 23165K(24768K)->23165K(24768K) Class: 8025K(10112K)->8025K(10112K)
[30.964s][info   ][gc          ] GC(20) Pause Full (System.gc()) 1593M->1593M(5635M) 691.194ms
[31.714s][info   ][gc,metaspace] GC(21) Metaspace: 31190K(34880K)->31190K(34880K) NonClass: 23165K(24768K)->23165K(24768K) Class: 8025K(10112K)->8025K(10112K)
[31.714s][info   ][gc          ] GC(21) Pause Full (System.gc()) 1593M->1593M(5635M) 749.734ms
[32.408s][info   ][gc,metaspace] GC(22) Metaspace: 31190K(34880K)->31190K(34880K) NonClass: 23165K(24768K)->23165K(24768K) Class: 8025K(10112K)->8025K(10112K)
[32.408s][info   ][gc          ] GC(22) Pause Full (System.gc()) 1593M->1593M(5635M) 689.378ms
[33.092s][info   ][gc,metaspace] GC(23) Metaspace: 31190K(34880K)->31190K(34880K) NonClass: 23165K(24768K)->23165K(24768K) Class: 8025K(10112K)->8025K(10112K)
[33.092s][info   ][gc          ] GC(23) Pause Full (System.gc()) 1593M->1593M(5635M) 684.315ms
[33.784s][info   ][gc,metaspace] GC(24) Metaspace: 31190K(34880K)->31190K(34880K) NonClass: 23165K(24768K)->23165K(24768K) Class: 8025K(10112K)->8025K(10112K)
[33.784s][info   ][gc          ] GC(24) Pause Full (System.gc()) 1593M->1593M(5635M) 691.362ms
[34.558s][info   ][gc,metaspace] GC(25) Metaspace: 31190K(34880K)->31190K(34880K) NonClass: 23165K(24768K)->23165K(24768K) Class: 8025K(10112K)->8025K(10112K)
[34.558s][info   ][gc          ] GC(25) Pause Full (System.gc()) 1593M->1593M(5635M) 774.709ms
[35.249s][info   ][gc,metaspace] GC(26) Metaspace: 31190K(34880K)->31190K(34880K) NonClass: 23165K(24768K)->23165K(24768K) Class: 8025K(10112K)->8025K(10112K)
[35.249s][info   ][gc          ] GC(26) Pause Full (System.gc()) 1593M->1593M(5635M) 690.391ms
[35.977s][info   ][gc,metaspace] GC(27) Metaspace: 31190K(34880K)->31190K(34880K) NonClass: 23165K(24768K)->23165K(24768K) Class: 8025K(10112K)->8025K(10112K)
[35.977s][info   ][gc          ] GC(27) Pause Full (System.gc()) 1593M->1593M(5635M) 728.271ms
[36.709s][info   ][gc,metaspace] GC(28) Metaspace: 31190K(34880K)->31190K(34880K) NonClass: 23165K(24768K)->23165K(24768K) Class: 8025K(10112K)->8025K(10112K)
[36.709s][info   ][gc          ] GC(28) Pause Full (System.gc()) 1593M->1593M(5635M) 732.028ms
[37.419s][info   ][gc,metaspace] GC(29) Metaspace: 31190K(34880K)->31190K(34880K) NonClass: 23165K(24768K)->23165K(24768K) Class: 8025K(10112K)->8025K(10112K)
[37.419s][info   ][gc          ] GC(29) Pause Full (System.gc()) 1593M->1593M(5635M) 709.325ms
[38.143s][info   ][gc,metaspace] GC(30) Metaspace: 31190K(34880K)->31190K(34880K) NonClass: 23165K(24768K)->23165K(24768K) Class: 8025K(10112K)->8025K(10112K)
[38.143s][info   ][gc          ] GC(30) Pause Full (System.gc()) 1593M->1593M(5635M) 724.022ms
[38.903s][info   ][gc,metaspace] GC(31) Metaspace: 31190K(34880K)->31190K(34880K) NonClass: 23165K(24768K)->23165K(24768K) Class: 8025K(10112K)->8025K(10112K)
[38.903s][info   ][gc          ] GC(31) Pause Full (System.gc()) 1593M->1593M(5635M) 760.078ms
[39.711s][info   ][gc,metaspace] GC(32) Metaspace: 31190K(34880K)->31190K(34880K) NonClass: 23165K(24768K)->23165K(24768K) Class: 8025K(10112K)->8025K(10112K)
[39.711s][info   ][gc          ] GC(32) Pause Full (System.gc()) 1593M->1593M(5635M) 808.242ms
[40.398s][info   ][gc,metaspace] GC(33) Metaspace: 31190K(34880K)->31190K(34880K) NonClass: 23165K(24768K)->23165K(24768K) Class: 8025K(10112K)->8025K(10112K)
[40.398s][info   ][gc          ] GC(33) Pause Full (System.gc()) 1593M->1593M(5635M) 686.330ms
[41.078s][info   ][gc,metaspace] GC(34) Metaspace: 31190K(34880K)->31190K(34880K) NonClass: 23165K(24768K)->23165K(24768K) Class: 8025K(10112K)->8025K(10112K)
[41.078s][info   ][gc          ] GC(34) Pause Full (System.gc()) 1593M->1593M(5635M) 679.608ms
[41.785s][info   ][gc,metaspace] GC(35) Metaspace: 31190K(34880K)->31190K(34880K) NonClass: 23165K(24768K)->23165K(24768K) Class: 8025K(10112K)->8025K(10112K)
[41.785s][info   ][gc          ] GC(35) Pause Full (System.gc()) 1593M->1593M(5635M) 706.961ms
[42.547s][info   ][gc,metaspace] GC(36) Metaspace: 31190K(34880K)->31190K(34880K) NonClass: 23165K(24768K)->23165K(24768K) Class: 8025K(10112K)->8025K(10112K)
[42.547s][info   ][gc          ] GC(36) Pause Full (System.gc()) 1593M->1593M(5635M) 762.564ms
[43.242s][info   ][gc,metaspace] GC(37) Metaspace: 31190K(34880K)->31190K(34880K) NonClass: 23165K(24768K)->23165K(24768K) Class: 8025K(10112K)->8025K(10112K)
[43.242s][info   ][gc          ] GC(37) Pause Full (System.gc()) 1593M->1593M(5635M) 690.091ms
[43.936s][info   ][gc,metaspace] GC(38) Metaspace: 31190K(34880K)->31190K(34880K) NonClass: 23165K(24768K)->23165K(24768K) Class: 8025K(10112K)->8025K(10112K)
[43.936s][info   ][gc          ] GC(38) Pause Full (System.gc()) 1593M->1593M(5635M) 694.344ms
[44.660s][info   ][gc,metaspace] GC(39) Metaspace: 31190K(34880K)->31190K(34880K) NonClass: 23165K(24768K)->23165K(24768K) Class: 8025K(10112K)->8025K(10112K)
[44.660s][info   ][gc          ] GC(39) Pause Full (System.gc()) 1593M->1593M(5635M) 723.940ms
[45.349s][info   ][gc,metaspace] GC(40) Metaspace: 31190K(34880K)->31190K(34880K) NonClass: 23165K(24768K)->23165K(24768K) Class: 8025K(10112K)->8025K(10112K)
[45.349s][info   ][gc          ] GC(40) Pause Full (System.gc()) 1593M->1593M(5635M) 688.233ms
[46.073s][info   ][gc,metaspace] GC(41) Metaspace: 31190K(34880K)->31190K(34880K) NonClass: 23165K(24768K)->23165K(24768K) Class: 8025K(10112K)->8025K(10112K)
[46.073s][info   ][gc          ] GC(41) Pause Full (System.gc()) 1593M->1593M(5635M) 724.599ms
[46.786s][info   ][gc,metaspace] GC(42) Metaspace: 31190K(34880K)->31190K(34880K) NonClass: 23165K(24768K)->23165K(24768K) Class: 8025K(10112K)->8025K(10112K)
[46.786s][info   ][gc          ] GC(42) Pause Full (System.gc()) 1593M->1593M(5635M) 712.339ms
[47.498s][info   ][gc,metaspace] GC(43) Metaspace: 31190K(34880K)->31190K(34880K) NonClass: 23165K(24768K)->23165K(24768K) Class: 8025K(10112K)->8025K(10112K)
[47.498s][info   ][gc          ] GC(43) Pause Full (System.gc()) 1593M->1593M(5635M) 712.312ms
[48.174s][info   ][gc,metaspace] GC(44) Metaspace: 31190K(34880K)->31190K(34880K) NonClass: 23165K(24768K)->23165K(24768K) Class: 8025K(10112K)->8025K(10112K)
[48.174s][info   ][gc          ] GC(44) Pause Full (System.gc()) 1593M->1593M(5635M) 675.468ms
[48.922s][info   ][gc,metaspace] GC(45) Metaspace: 31190K(34880K)->31190K(34880K) NonClass: 23165K(24768K)->23165K(24768K) Class: 8025K(10112K)->8025K(10112K)
[48.922s][info   ][gc          ] GC(45) Pause Full (System.gc()) 1593M->1593M(5635M) 748.510ms
[49.647s][info   ][gc,metaspace] GC(46) Metaspace: 31190K(34880K)->31190K(34880K) NonClass: 23165K(24768K)->23165K(24768K) Class: 8025K(10112K)->8025K(10112K)
[49.647s][info   ][gc          ] GC(46) Pause Full (System.gc()) 1593M->1593M(5635M) 724.640ms
[50.345s][info   ][gc,metaspace] GC(47) Metaspace: 31190K(34880K)->31190K(34880K) NonClass: 23165K(24768K)->23165K(24768K) Class: 8025K(10112K)->8025K(10112K)
[50.345s][info   ][gc          ] GC(47) Pause Full (System.gc()) 1593M->1593M(5635M) 698.133ms
[51.047s][info   ][gc,metaspace] GC(48) Metaspace: 31190K(34880K)->31190K(34880K) NonClass: 23165K(24768K)->23165K(24768K) Class: 8025K(10112K)->8025K(10112K)
[51.047s][info   ][gc          ] GC(48) Pause Full (System.gc()) 1593M->1593M(5635M) 701.464ms
[51.742s][info   ][gc,metaspace] GC(49) Metaspace: 31190K(34880K)->31190K(34880K) NonClass: 23165K(24768K)->23165K(24768K) Class: 8025K(10112K)->8025K(10112K)
[51.742s][info   ][gc          ] GC(49) Pause Full (System.gc()) 1593M->1593M(5635M) 695.359ms
[52.413s][info   ][gc,metaspace] GC(50) Metaspace: 31190K(34880K)->31190K(34880K) NonClass: 23165K(24768K)->23165K(24768K) Class: 8025K(10112K)->8025K(10112K)
[52.413s][info   ][gc          ] GC(50) Pause Full (System.gc()) 1593M->1593M(5635M) 670.072ms
[53.105s][info   ][gc,metaspace] GC(51) Metaspace: 31190K(34880K)->31190K(34880K) NonClass: 23165K(24768K)->23165K(24768K) Class: 8025K(10112K)->8025K(10112K)
[53.105s][info   ][gc          ] GC(51) Pause Full (System.gc()) 1593M->1593M(5635M) 692.103ms
[53.805s][info   ][gc,metaspace] GC(52) Metaspace: 31190K(34880K)->31190K(34880K) NonClass: 23165K(24768K)->23165K(24768K) Class: 8025K(10112K)->8025K(10112K)
[53.805s][info   ][gc          ] GC(52) Pause Full (System.gc()) 1593M->1593M(5635M) 699.809ms
[54.567s][info   ][gc,metaspace] GC(53) Metaspace: 31190K(34880K)->31190K(34880K) NonClass: 23165K(24768K)->23165K(24768K) Class: 8025K(10112K)->8025K(10112K)
[54.567s][info   ][gc          ] GC(53) Pause Full (System.gc()) 1593M->1593M(5635M) 761.955ms
[55.279s][info   ][gc,metaspace] GC(54) Metaspace: 31190K(34880K)->31190K(34880K) NonClass: 23165K(24768K)->23165K(24768K) Class: 8025K(10112K)->8025K(10112K)
[55.279s][info   ][gc          ] GC(54) Pause Full (System.gc()) 1593M->1593M(5635M) 712.148ms
[55.977s][info   ][gc,metaspace] GC(55) Metaspace: 31190K(34880K)->31190K(34880K) NonClass: 23165K(24768K)->23165K(24768K) Class: 8025K(10112K)->8025K(10112K)
[55.977s][info   ][gc          ] GC(55) Pause Full (System.gc()) 1593M->1593M(5635M) 698.000ms
[56.701s][info   ][gc,metaspace] GC(56) Metaspace: 31190K(34880K)->31190K(34880K) NonClass: 23165K(24768K)->23165K(24768K) Class: 8025K(10112K)->8025K(10112K)
[56.701s][info   ][gc          ] GC(56) Pause Full (System.gc()) 1593M->1593M(5635M) 724.055ms
[57.388s][info   ][gc,metaspace] GC(57) Metaspace: 31190K(34880K)->31190K(34880K) NonClass: 23165K(24768K)->23165K(24768K) Class: 8025K(10112K)->8025K(10112K)
[57.388s][info   ][gc          ] GC(57) Pause Full (System.gc()) 1593M->1593M(5635M) 687.133ms
[58.093s][info   ][gc,metaspace] GC(58) Metaspace: 31190K(34880K)->31190K(34880K) NonClass: 23165K(24768K)->23165K(24768K) Class: 8025K(10112K)->8025K(10112K)
[58.093s][info   ][gc          ] GC(58) Pause Full (System.gc()) 1593M->1593M(5635M) 704.663ms
[58.790s][info   ][gc,metaspace] GC(59) Metaspace: 31190K(34880K)->31190K(34880K) NonClass: 23165K(24768K)->23165K(24768K) Class: 8025K(10112K)->8025K(10112K)
[58.790s][info   ][gc          ] GC(59) Pause Full (System.gc()) 1593M->1593M(5635M) 696.805ms
[59.509s][info   ][gc,metaspace] GC(60) Metaspace: 31190K(34880K)->31190K(34880K) NonClass: 23165K(24768K)->23165K(24768K) Class: 8025K(10112K)->8025K(10112K)
[59.509s][info   ][gc          ] GC(60) Pause Full (System.gc()) 1593M->1593M(5635M) 718.541ms
[60.186s][info   ][gc,metaspace] GC(61) Metaspace: 31190K(34880K)->31190K(34880K) NonClass: 23165K(24768K)->23165K(24768K) Class: 8025K(10112K)->8025K(10112K)
[60.186s][info   ][gc          ] GC(61) Pause Full (System.gc()) 1593M->1593M(5635M) 672.527ms
[60.867s][info   ][gc,metaspace] GC(62) Metaspace: 31190K(34880K)->31190K(34880K) NonClass: 23165K(24768K)->23165K(24768K) Class: 8025K(10112K)->8025K(10112K)
[60.867s][info   ][gc          ] GC(62) Pause Full (System.gc()) 1593M->1593M(5635M) 680.945ms
[61.590s][info   ][gc,metaspace] GC(63) Metaspace: 31190K(34880K)->31190K(34880K) NonClass: 23165K(24768K)->23165K(24768K) Class: 8025K(10112K)->8025K(10112K)
[61.590s][info   ][gc          ] GC(63) Pause Full (System.gc()) 1593M->1593M(5635M) 723.365ms
[62.277s][info   ][gc,metaspace] GC(64) Metaspace: 31190K(34880K)->31190K(34880K) NonClass: 23165K(24768K)->23165K(24768K) Class: 8025K(10112K)->8025K(10112K)
[62.277s][info   ][gc          ] GC(64) Pause Full (System.gc()) 1593M->1593M(5635M) 686.518ms
[63.201s][info   ][gc,metaspace] GC(65) Metaspace: 31190K(34880K)->31190K(34880K) NonClass: 23165K(24768K)->23165K(24768K) Class: 8025K(10112K)->8025K(10112K)
[63.201s][info   ][gc          ] GC(65) Pause Full (System.gc()) 1593M->1593M(5635M) 924.272ms
After GCs... 
