Done; will start GCs... 
[27.956s][info   ][gc,metaspace] GC(17) Metaspace: 30716K(34368K)->30716K(34368K) NonClass: 25310K(26880K)->25310K(26880K) Class: 5405K(7488K)->5405K(7488K)
[27.956s][info   ][gc          ] GC(17) Pause Full (System.gc()) 1827M->1806M(5633M) 724.838ms
[28.672s][info   ][gc,metaspace] GC(18) Metaspace: 30716K(34368K)->30716K(34368K) NonClass: 25310K(26880K)->25310K(26880K) Class: 5405K(7488K)->5405K(7488K)
[28.672s][info   ][gc          ] GC(18) Pause Full (System.gc()) 1806M->1806M(5633M) 715.541ms
[29.413s][info   ][gc,metaspace] GC(19) Metaspace: 30716K(34368K)->30716K(34368K) NonClass: 25310K(26880K)->25310K(26880K) Class: 5405K(7488K)->5405K(7488K)
[29.413s][info   ][gc          ] GC(19) Pause Full (System.gc()) 1806M->1806M(5633M) 740.730ms
[30.111s][info   ][gc,metaspace] GC(20) Metaspace: 30716K(34368K)->30716K(34368K) NonClass: 25310K(26880K)->25310K(26880K) Class: 5405K(7488K)->5405K(7488K)
[30.111s][info   ][gc          ] GC(20) Pause Full (System.gc()) 1806M->1806M(5633M) 697.749ms
[30.894s][info   ][gc,metaspace] GC(21) Metaspace: 30716K(34368K)->30716K(34368K) NonClass: 25310K(26880K)->25310K(26880K) Class: 5405K(7488K)->5405K(7488K)
[30.895s][info   ][gc          ] GC(21) Pause Full (System.gc()) 1806M->1806M(5633M) 783.778ms
[31.623s][info   ][gc,metaspace] GC(22) Metaspace: 30716K(34368K)->30716K(34368K) NonClass: 25310K(26880K)->25310K(26880K) Class: 5405K(7488K)->5405K(7488K)
[31.623s][info   ][gc          ] GC(22) Pause Full (System.gc()) 1806M->1806M(5633M) 728.728ms
[32.360s][info   ][gc,metaspace] GC(23) Metaspace: 30716K(34368K)->30716K(34368K) NonClass: 25310K(26880K)->25310K(26880K) Class: 5405K(7488K)->5405K(7488K)
[32.360s][info   ][gc          ] GC(23) Pause Full (System.gc()) 1806M->1806M(5633M) 736.206ms
[33.076s][info   ][gc,metaspace] GC(24) Metaspace: 30716K(34368K)->30716K(34368K) NonClass: 25310K(26880K)->25310K(26880K) Class: 5405K(7488K)->5405K(7488K)
[33.076s][info   ][gc          ] GC(24) Pause Full (System.gc()) 1806M->1806M(5633M) 716.245ms
[33.831s][info   ][gc,metaspace] GC(25) Metaspace: 30716K(34368K)->30716K(34368K) NonClass: 25310K(26880K)->25310K(26880K) Class: 5405K(7488K)->5405K(7488K)
[33.831s][info   ][gc          ] GC(25) Pause Full (System.gc()) 1806M->1806M(5633M) 755.191ms
[34.573s][info   ][gc,metaspace] GC(26) Metaspace: 30716K(34368K)->30716K(34368K) NonClass: 25310K(26880K)->25310K(26880K) Class: 5405K(7488K)->5405K(7488K)
[34.573s][info   ][gc          ] GC(26) Pause Full (System.gc()) 1806M->1806M(5633M) 741.402ms
[35.287s][info   ][gc,metaspace] GC(27) Metaspace: 30716K(34368K)->30716K(34368K) NonClass: 25310K(26880K)->25310K(26880K) Class: 5405K(7488K)->5405K(7488K)
[35.287s][info   ][gc          ] GC(27) Pause Full (System.gc()) 1806M->1806M(5633M) 713.975ms
[36.010s][info   ][gc,metaspace] GC(28) Metaspace: 30716K(34368K)->30716K(34368K) NonClass: 25310K(26880K)->25310K(26880K) Class: 5405K(7488K)->5405K(7488K)
[36.010s][info   ][gc          ] GC(28) Pause Full (System.gc()) 1806M->1806M(5633M) 723.523ms
[36.772s][info   ][gc,metaspace] GC(29) Metaspace: 30716K(34368K)->30716K(34368K) NonClass: 25310K(26880K)->25310K(26880K) Class: 5405K(7488K)->5405K(7488K)
[36.772s][info   ][gc          ] GC(29) Pause Full (System.gc()) 1806M->1806M(5633M) 762.035ms
[37.511s][info   ][gc,metaspace] GC(30) Metaspace: 30716K(34368K)->30716K(34368K) NonClass: 25310K(26880K)->25310K(26880K) Class: 5405K(7488K)->5405K(7488K)
[37.511s][info   ][gc          ] GC(30) Pause Full (System.gc()) 1806M->1806M(5633M) 734.630ms
[38.243s][info   ][gc,metaspace] GC(31) Metaspace: 30716K(34368K)->30716K(34368K) NonClass: 25310K(26880K)->25310K(26880K) Class: 5405K(7488K)->5405K(7488K)
[38.243s][info   ][gc          ] GC(31) Pause Full (System.gc()) 1806M->1806M(5633M) 731.611ms
[39.029s][info   ][gc,metaspace] GC(32) Metaspace: 30716K(34368K)->30716K(34368K) NonClass: 25310K(26880K)->25310K(26880K) Class: 5405K(7488K)->5405K(7488K)
[39.030s][info   ][gc          ] GC(32) Pause Full (System.gc()) 1806M->1806M(5633M) 786.287ms
[39.808s][info   ][gc,metaspace] GC(33) Metaspace: 30716K(34368K)->30716K(34368K) NonClass: 25310K(26880K)->25310K(26880K) Class: 5405K(7488K)->5405K(7488K)
[39.808s][info   ][gc          ] GC(33) Pause Full (System.gc()) 1806M->1806M(5633M) 778.432ms
[40.538s][info   ][gc,metaspace] GC(34) Metaspace: 30716K(34368K)->30716K(34368K) NonClass: 25310K(26880K)->25310K(26880K) Class: 5405K(7488K)->5405K(7488K)
[40.538s][info   ][gc          ] GC(34) Pause Full (System.gc()) 1806M->1806M(5633M) 730.200ms
[41.256s][info   ][gc,metaspace] GC(35) Metaspace: 30716K(34368K)->30716K(34368K) NonClass: 25310K(26880K)->25310K(26880K) Class: 5405K(7488K)->5405K(7488K)
[41.256s][info   ][gc          ] GC(35) Pause Full (System.gc()) 1806M->1806M(5633M) 717.812ms
[41.986s][info   ][gc,metaspace] GC(36) Metaspace: 30716K(34368K)->30716K(34368K) NonClass: 25310K(26880K)->25310K(26880K) Class: 5405K(7488K)->5405K(7488K)
[41.986s][info   ][gc          ] GC(36) Pause Full (System.gc()) 1806M->1806M(5633M) 730.085ms
[42.746s][info   ][gc,metaspace] GC(37) Metaspace: 30716K(34368K)->30716K(34368K) NonClass: 25310K(26880K)->25310K(26880K) Class: 5405K(7488K)->5405K(7488K)
[42.746s][info   ][gc          ] GC(37) Pause Full (System.gc()) 1806M->1806M(5633M) 754.964ms
[43.475s][info   ][gc,metaspace] GC(38) Metaspace: 30716K(34368K)->30716K(34368K) NonClass: 25310K(26880K)->25310K(26880K) Class: 5405K(7488K)->5405K(7488K)
[43.475s][info   ][gc          ] GC(38) Pause Full (System.gc()) 1806M->1806M(5633M) 729.064ms
[44.195s][info   ][gc,metaspace] GC(39) Metaspace: 30716K(34368K)->30716K(34368K) NonClass: 25310K(26880K)->25310K(26880K) Class: 5405K(7488K)->5405K(7488K)
[44.195s][info   ][gc          ] GC(39) Pause Full (System.gc()) 1806M->1806M(5633M) 719.953ms
[44.938s][info   ][gc,metaspace] GC(40) Metaspace: 30716K(34368K)->30716K(34368K) NonClass: 25310K(26880K)->25310K(26880K) Class: 5405K(7488K)->5405K(7488K)
[44.938s][info   ][gc          ] GC(40) Pause Full (System.gc()) 1806M->1806M(5633M) 743.295ms
[45.660s][info   ][gc,metaspace] GC(41) Metaspace: 30716K(34368K)->30716K(34368K) NonClass: 25310K(26880K)->25310K(26880K) Class: 5405K(7488K)->5405K(7488K)
[45.660s][info   ][gc          ] GC(41) Pause Full (System.gc()) 1806M->1806M(5633M) 721.921ms
[46.422s][info   ][gc,metaspace] GC(42) Metaspace: 30716K(34368K)->30716K(34368K) NonClass: 25310K(26880K)->25310K(26880K) Class: 5405K(7488K)->5405K(7488K)
[46.422s][info   ][gc          ] GC(42) Pause Full (System.gc()) 1806M->1806M(5633M) 761.481ms
[47.121s][info   ][gc,metaspace] GC(43) Metaspace: 30716K(34368K)->30716K(34368K) NonClass: 25310K(26880K)->25310K(26880K) Class: 5405K(7488K)->5405K(7488K)
[47.121s][info   ][gc          ] GC(43) Pause Full (System.gc()) 1806M->1806M(5633M) 698.850ms
[47.902s][info   ][gc,metaspace] GC(44) Metaspace: 30716K(34368K)->30716K(34368K) NonClass: 25310K(26880K)->25310K(26880K) Class: 5405K(7488K)->5405K(7488K)
[47.902s][info   ][gc          ] GC(44) Pause Full (System.gc()) 1806M->1806M(5633M) 777.299ms
[48.635s][info   ][gc,metaspace] GC(45) Metaspace: 30716K(34368K)->30716K(34368K) NonClass: 25310K(26880K)->25310K(26880K) Class: 5405K(7488K)->5405K(7488K)
[48.635s][info   ][gc          ] GC(45) Pause Full (System.gc()) 1806M->1806M(5633M) 732.660ms
[49.396s][info   ][gc,metaspace] GC(46) Metaspace: 30716K(34368K)->30716K(34368K) NonClass: 25310K(26880K)->25310K(26880K) Class: 5405K(7488K)->5405K(7488K)
[49.396s][info   ][gc          ] GC(46) Pause Full (System.gc()) 1806M->1806M(5633M) 761.199ms
[50.109s][info   ][gc,metaspace] GC(47) Metaspace: 30716K(34368K)->30716K(34368K) NonClass: 25310K(26880K)->25310K(26880K) Class: 5405K(7488K)->5405K(7488K)
[50.109s][info   ][gc          ] GC(47) Pause Full (System.gc()) 1806M->1806M(5633M) 712.721ms
[50.846s][info   ][gc,metaspace] GC(48) Metaspace: 30716K(34368K)->30716K(34368K) NonClass: 25310K(26880K)->25310K(26880K) Class: 5405K(7488K)->5405K(7488K)
[50.846s][info   ][gc          ] GC(48) Pause Full (System.gc()) 1806M->1806M(5633M) 736.656ms
[51.587s][info   ][gc,metaspace] GC(49) Metaspace: 30716K(34368K)->30716K(34368K) NonClass: 25310K(26880K)->25310K(26880K) Class: 5405K(7488K)->5405K(7488K)
[51.587s][info   ][gc          ] GC(49) Pause Full (System.gc()) 1806M->1806M(5633M) 740.734ms
[52.289s][info   ][gc,metaspace] GC(50) Metaspace: 30716K(34368K)->30716K(34368K) NonClass: 25310K(26880K)->25310K(26880K) Class: 5405K(7488K)->5405K(7488K)
[52.289s][info   ][gc          ] GC(50) Pause Full (System.gc()) 1806M->1806M(5633M) 701.713ms
[53.045s][info   ][gc,metaspace] GC(51) Metaspace: 30716K(34368K)->30716K(34368K) NonClass: 25310K(26880K)->25310K(26880K) Class: 5405K(7488K)->5405K(7488K)
[53.045s][info   ][gc          ] GC(51) Pause Full (System.gc()) 1806M->1806M(5633M) 751.992ms
[53.802s][info   ][gc,metaspace] GC(52) Metaspace: 30716K(34368K)->30716K(34368K) NonClass: 25310K(26880K)->25310K(26880K) Class: 5405K(7488K)->5405K(7488K)
[53.802s][info   ][gc          ] GC(52) Pause Full (System.gc()) 1806M->1806M(5633M) 757.043ms
[54.524s][info   ][gc,metaspace] GC(53) Metaspace: 30716K(34368K)->30716K(34368K) NonClass: 25310K(26880K)->25310K(26880K) Class: 5405K(7488K)->5405K(7488K)
[54.524s][info   ][gc          ] GC(53) Pause Full (System.gc()) 1806M->1806M(5633M) 721.389ms
[55.262s][info   ][gc,metaspace] GC(54) Metaspace: 30716K(34368K)->30716K(34368K) NonClass: 25310K(26880K)->25310K(26880K) Class: 5405K(7488K)->5405K(7488K)
[55.262s][info   ][gc          ] GC(54) Pause Full (System.gc()) 1806M->1806M(5633M) 738.288ms
[56.019s][info   ][gc,metaspace] GC(55) Metaspace: 30716K(34368K)->30716K(34368K) NonClass: 25310K(26880K)->25310K(26880K) Class: 5405K(7488K)->5405K(7488K)
[56.019s][info   ][gc          ] GC(55) Pause Full (System.gc()) 1806M->1806M(5633M) 757.096ms
[56.766s][info   ][gc,metaspace] GC(56) Metaspace: 30716K(34368K)->30716K(34368K) NonClass: 25310K(26880K)->25310K(26880K) Class: 5405K(7488K)->5405K(7488K)
[56.766s][info   ][gc          ] GC(56) Pause Full (System.gc()) 1806M->1806M(5633M) 746.584ms
[57.521s][info   ][gc,metaspace] GC(57) Metaspace: 30716K(34368K)->30716K(34368K) NonClass: 25310K(26880K)->25310K(26880K) Class: 5405K(7488K)->5405K(7488K)
[57.521s][info   ][gc          ] GC(57) Pause Full (System.gc()) 1806M->1806M(5633M) 754.813ms
[58.247s][info   ][gc,metaspace] GC(58) Metaspace: 30716K(34368K)->30716K(34368K) NonClass: 25310K(26880K)->25310K(26880K) Class: 5405K(7488K)->5405K(7488K)
[58.247s][info   ][gc          ] GC(58) Pause Full (System.gc()) 1806M->1806M(5633M) 721.995ms
[58.980s][info   ][gc,metaspace] GC(59) Metaspace: 30716K(34368K)->30716K(34368K) NonClass: 25310K(26880K)->25310K(26880K) Class: 5405K(7488K)->5405K(7488K)
[58.980s][info   ][gc          ] GC(59) Pause Full (System.gc()) 1806M->1806M(5633M) 732.542ms
[59.702s][info   ][gc,metaspace] GC(60) Metaspace: 30716K(34368K)->30716K(34368K) NonClass: 25310K(26880K)->25310K(26880K) Class: 5405K(7488K)->5405K(7488K)
[59.702s][info   ][gc          ] GC(60) Pause Full (System.gc()) 1806M->1806M(5633M) 722.329ms
[60.473s][info   ][gc,metaspace] GC(61) Metaspace: 30716K(34368K)->30716K(34368K) NonClass: 25310K(26880K)->25310K(26880K) Class: 5405K(7488K)->5405K(7488K)
[60.473s][info   ][gc          ] GC(61) Pause Full (System.gc()) 1806M->1806M(5633M) 770.457ms
[61.179s][info   ][gc,metaspace] GC(62) Metaspace: 30716K(34368K)->30716K(34368K) NonClass: 25310K(26880K)->25310K(26880K) Class: 5405K(7488K)->5405K(7488K)
[61.179s][info   ][gc          ] GC(62) Pause Full (System.gc()) 1806M->1806M(5633M) 706.496ms
[61.902s][info   ][gc,metaspace] GC(63) Metaspace: 30716K(34368K)->30716K(34368K) NonClass: 25310K(26880K)->25310K(26880K) Class: 5405K(7488K)->5405K(7488K)
[61.902s][info   ][gc          ] GC(63) Pause Full (System.gc()) 1806M->1806M(5633M) 722.314ms
[62.629s][info   ][gc,metaspace] GC(64) Metaspace: 30716K(34368K)->30716K(34368K) NonClass: 25310K(26880K)->25310K(26880K) Class: 5405K(7488K)->5405K(7488K)
[62.629s][info   ][gc          ] GC(64) Pause Full (System.gc()) 1806M->1806M(5633M) 727.517ms
[63.526s][info   ][gc,metaspace] GC(65) Metaspace: 30716K(34368K)->30716K(34368K) NonClass: 25310K(26880K)->25310K(26880K) Class: 5405K(7488K)->5405K(7488K)
[63.526s][info   ][gc          ] GC(65) Pause Full (System.gc()) 1806M->1806M(5633M) 896.784ms
[64.284s][info   ][gc,metaspace] GC(66) Metaspace: 30716K(34368K)->30716K(34368K) NonClass: 25310K(26880K)->25310K(26880K) Class: 5405K(7488K)->5405K(7488K)
[64.284s][info   ][gc          ] GC(66) Pause Full (System.gc()) 1806M->1806M(5633M) 757.428ms
After GCs... 
