Done; will start GCs... 
[4.478s][info][gc,metaspace] GC(1) Metaspace: 22060K(22400K)->22060K(22400K) NonClass: 18245K(18432K)->18245K(18432K) Class: 3814K(3968K)->3814K(3968K)
[4.478s][info][gc          ] GC(1) Pause Full (System.gc()) 873M->770M(5888M) 642.750ms
[4.863s][info][gc,metaspace] GC(2) Metaspace: 22060K(22400K)->22060K(22400K) NonClass: 18245K(18432K)->18245K(18432K) Class: 3814K(3968K)->3814K(3968K)
[4.863s][info][gc          ] GC(2) Pause Full (System.gc()) 770M->770M(5888M) 384.489ms
[5.248s][info][gc,metaspace] GC(3) Metaspace: 22060K(22400K)->22060K(22400K) NonClass: 18245K(18432K)->18245K(18432K) Class: 3814K(3968K)->3814K(3968K)
[5.248s][info][gc          ] GC(3) Pause Full (System.gc()) 770M->770M(5888M) 384.970ms
[5.633s][info][gc,metaspace] GC(4) Metaspace: 22060K(22400K)->22060K(22400K) NonClass: 18245K(18432K)->18245K(18432K) Class: 3814K(3968K)->3814K(3968K)
[5.633s][info][gc          ] GC(4) Pause Full (System.gc()) 770M->770M(5888M) 384.709ms
[6.015s][info][gc,metaspace] GC(5) Metaspace: 22060K(22400K)->22060K(22400K) NonClass: 18245K(18432K)->18245K(18432K) Class: 3814K(3968K)->3814K(3968K)
[6.015s][info][gc          ] GC(5) Pause Full (System.gc()) 770M->770M(5888M) 382.016ms
[6.433s][info][gc,metaspace] GC(6) Metaspace: 22060K(22400K)->22060K(22400K) NonClass: 18245K(18432K)->18245K(18432K) Class: 3814K(3968K)->3814K(3968K)
[6.433s][info][gc          ] GC(6) Pause Full (System.gc()) 770M->770M(5888M) 418.199ms
[6.830s][info][gc,metaspace] GC(7) Metaspace: 22060K(22400K)->22060K(22400K) NonClass: 18245K(18432K)->18245K(18432K) Class: 3814K(3968K)->3814K(3968K)
[6.830s][info][gc          ] GC(7) Pause Full (System.gc()) 770M->770M(5888M) 396.227ms
[7.220s][info][gc,metaspace] GC(8) Metaspace: 22060K(22400K)->22060K(22400K) NonClass: 18245K(18432K)->18245K(18432K) Class: 3814K(3968K)->3814K(3968K)
[7.220s][info][gc          ] GC(8) Pause Full (System.gc()) 770M->770M(5888M) 389.938ms
[7.602s][info][gc,metaspace] GC(9) Metaspace: 22061K(22400K)->22061K(22400K) NonClass: 18246K(18432K)->18246K(18432K) Class: 3814K(3968K)->3814K(3968K)
[7.602s][info][gc          ] GC(9) Pause Full (System.gc()) 770M->770M(5888M) 382.221ms
[7.996s][info][gc,metaspace] GC(10) Metaspace: 22061K(22400K)->22061K(22400K) NonClass: 18246K(18432K)->18246K(18432K) Class: 3814K(3968K)->3814K(3968K)
[7.996s][info][gc          ] GC(10) Pause Full (System.gc()) 770M->770M(5888M) 394.407ms
[8.387s][info][gc,metaspace] GC(11) Metaspace: 22061K(22400K)->22061K(22400K) NonClass: 18246K(18432K)->18246K(18432K) Class: 3814K(3968K)->3814K(3968K)
[8.387s][info][gc          ] GC(11) Pause Full (System.gc()) 770M->770M(5888M) 390.825ms
[8.767s][info][gc,metaspace] GC(12) Metaspace: 22061K(22400K)->22061K(22400K) NonClass: 18246K(18432K)->18246K(18432K) Class: 3814K(3968K)->3814K(3968K)
[8.767s][info][gc          ] GC(12) Pause Full (System.gc()) 770M->770M(5888M) 379.739ms
[9.254s][info][gc,metaspace] GC(13) Metaspace: 22061K(22400K)->22061K(22400K) NonClass: 18246K(18432K)->18246K(18432K) Class: 3814K(3968K)->3814K(3968K)
[9.254s][info][gc          ] GC(13) Pause Full (System.gc()) 770M->770M(5888M) 486.398ms
[9.639s][info][gc,metaspace] GC(14) Metaspace: 22061K(22400K)->22061K(22400K) NonClass: 18246K(18432K)->18246K(18432K) Class: 3814K(3968K)->3814K(3968K)
[9.639s][info][gc          ] GC(14) Pause Full (System.gc()) 770M->770M(5888M) 385.161ms
[10.027s][info][gc,metaspace] GC(15) Metaspace: 22061K(22400K)->22061K(22400K) NonClass: 18246K(18432K)->18246K(18432K) Class: 3814K(3968K)->3814K(3968K)
[10.027s][info][gc          ] GC(15) Pause Full (System.gc()) 770M->770M(5888M) 387.855ms
[10.420s][info][gc,metaspace] GC(16) Metaspace: 22061K(22400K)->22061K(22400K) NonClass: 18246K(18432K)->18246K(18432K) Class: 3814K(3968K)->3814K(3968K)
[10.420s][info][gc          ] GC(16) Pause Full (System.gc()) 770M->770M(5888M) 393.241ms
[10.805s][info][gc,metaspace] GC(17) Metaspace: 22061K(22400K)->22061K(22400K) NonClass: 18246K(18432K)->18246K(18432K) Class: 3814K(3968K)->3814K(3968K)
[10.805s][info][gc          ] GC(17) Pause Full (System.gc()) 770M->770M(5888M) 384.959ms
[11.275s][info][gc,metaspace] GC(18) Metaspace: 22061K(22400K)->22061K(22400K) NonClass: 18246K(18432K)->18246K(18432K) Class: 3814K(3968K)->3814K(3968K)
[11.275s][info][gc          ] GC(18) Pause Full (System.gc()) 770M->770M(5888M) 469.649ms
[11.665s][info][gc,metaspace] GC(19) Metaspace: 22061K(22400K)->22061K(22400K) NonClass: 18246K(18432K)->18246K(18432K) Class: 3814K(3968K)->3814K(3968K)
[11.665s][info][gc          ] GC(19) Pause Full (System.gc()) 770M->770M(5888M) 390.078ms
[12.047s][info][gc,metaspace] GC(20) Metaspace: 22061K(22400K)->22061K(22400K) NonClass: 18246K(18432K)->18246K(18432K) Class: 3814K(3968K)->3814K(3968K)
[12.047s][info][gc          ] GC(20) Pause Full (System.gc()) 770M->770M(5888M) 381.368ms
[12.440s][info][gc,metaspace] GC(21) Metaspace: 22061K(22400K)->22061K(22400K) NonClass: 18246K(18432K)->18246K(18432K) Class: 3814K(3968K)->3814K(3968K)
[12.440s][info][gc          ] GC(21) Pause Full (System.gc()) 770M->770M(5888M) 392.906ms
[12.833s][info][gc,metaspace] GC(22) Metaspace: 22061K(22400K)->22061K(22400K) NonClass: 18246K(18432K)->18246K(18432K) Class: 3814K(3968K)->3814K(3968K)
[12.833s][info][gc          ] GC(22) Pause Full (System.gc()) 770M->770M(5888M) 392.781ms
[13.289s][info][gc,metaspace] GC(23) Metaspace: 22061K(22400K)->22061K(22400K) NonClass: 18246K(18432K)->18246K(18432K) Class: 3814K(3968K)->3814K(3968K)
[13.290s][info][gc          ] GC(23) Pause Full (System.gc()) 770M->770M(5888M) 456.825ms
[13.702s][info][gc,metaspace] GC(24) Metaspace: 22061K(22400K)->22061K(22400K) NonClass: 18246K(18432K)->18246K(18432K) Class: 3814K(3968K)->3814K(3968K)
[13.702s][info][gc          ] GC(24) Pause Full (System.gc()) 770M->770M(5888M) 412.034ms
[14.089s][info][gc,metaspace] GC(25) Metaspace: 22061K(22400K)->22061K(22400K) NonClass: 18246K(18432K)->18246K(18432K) Class: 3814K(3968K)->3814K(3968K)
[14.089s][info][gc          ] GC(25) Pause Full (System.gc()) 770M->770M(5888M) 387.199ms
[14.478s][info][gc,metaspace] GC(26) Metaspace: 22061K(22400K)->22061K(22400K) NonClass: 18246K(18432K)->18246K(18432K) Class: 3814K(3968K)->3814K(3968K)
[14.478s][info][gc          ] GC(26) Pause Full (System.gc()) 770M->770M(5888M) 389.485ms
[14.875s][info][gc,metaspace] GC(27) Metaspace: 22061K(22400K)->22061K(22400K) NonClass: 18246K(18432K)->18246K(18432K) Class: 3814K(3968K)->3814K(3968K)
[14.875s][info][gc          ] GC(27) Pause Full (System.gc()) 770M->770M(5888M) 392.202ms
[15.273s][info][gc,metaspace] GC(28) Metaspace: 22061K(22400K)->22061K(22400K) NonClass: 18246K(18432K)->18246K(18432K) Class: 3814K(3968K)->3814K(3968K)
[15.273s][info][gc          ] GC(28) Pause Full (System.gc()) 770M->770M(5888M) 397.715ms
[15.657s][info][gc,metaspace] GC(29) Metaspace: 22061K(22400K)->22061K(22400K) NonClass: 18246K(18432K)->18246K(18432K) Class: 3814K(3968K)->3814K(3968K)
[15.657s][info][gc          ] GC(29) Pause Full (System.gc()) 770M->770M(5888M) 384.259ms
[16.043s][info][gc,metaspace] GC(30) Metaspace: 22061K(22400K)->22061K(22400K) NonClass: 18246K(18432K)->18246K(18432K) Class: 3814K(3968K)->3814K(3968K)
[16.043s][info][gc          ] GC(30) Pause Full (System.gc()) 770M->770M(5888M) 385.474ms
[16.451s][info][gc,metaspace] GC(31) Metaspace: 22061K(22400K)->22061K(22400K) NonClass: 18246K(18432K)->18246K(18432K) Class: 3814K(3968K)->3814K(3968K)
[16.451s][info][gc          ] GC(31) Pause Full (System.gc()) 770M->770M(5888M) 408.237ms
[16.834s][info][gc,metaspace] GC(32) Metaspace: 22061K(22400K)->22061K(22400K) NonClass: 18246K(18432K)->18246K(18432K) Class: 3814K(3968K)->3814K(3968K)
[16.834s][info][gc          ] GC(32) Pause Full (System.gc()) 770M->770M(5888M) 382.631ms
[17.243s][info][gc,metaspace] GC(33) Metaspace: 22061K(22400K)->22061K(22400K) NonClass: 18246K(18432K)->18246K(18432K) Class: 3814K(3968K)->3814K(3968K)
[17.243s][info][gc          ] GC(33) Pause Full (System.gc()) 770M->770M(5888M) 409.702ms
[17.643s][info][gc,metaspace] GC(34) Metaspace: 22061K(22400K)->22061K(22400K) NonClass: 18246K(18432K)->18246K(18432K) Class: 3814K(3968K)->3814K(3968K)
[17.643s][info][gc          ] GC(34) Pause Full (System.gc()) 770M->770M(5888M) 399.876ms
[18.035s][info][gc,metaspace] GC(35) Metaspace: 22061K(22400K)->22061K(22400K) NonClass: 18246K(18432K)->18246K(18432K) Class: 3814K(3968K)->3814K(3968K)
[18.035s][info][gc          ] GC(35) Pause Full (System.gc()) 770M->770M(5888M) 391.872ms
[18.428s][info][gc,metaspace] GC(36) Metaspace: 22061K(22400K)->22061K(22400K) NonClass: 18246K(18432K)->18246K(18432K) Class: 3814K(3968K)->3814K(3968K)
[18.428s][info][gc          ] GC(36) Pause Full (System.gc()) 770M->770M(5888M) 392.957ms
[18.811s][info][gc,metaspace] GC(37) Metaspace: 22061K(22400K)->22061K(22400K) NonClass: 18246K(18432K)->18246K(18432K) Class: 3814K(3968K)->3814K(3968K)
[18.811s][info][gc          ] GC(37) Pause Full (System.gc()) 770M->770M(5888M) 382.868ms
[19.206s][info][gc,metaspace] GC(38) Metaspace: 22061K(22400K)->22061K(22400K) NonClass: 18246K(18432K)->18246K(18432K) Class: 3814K(3968K)->3814K(3968K)
[19.206s][info][gc          ] GC(38) Pause Full (System.gc()) 770M->770M(5888M) 394.980ms
[19.594s][info][gc,metaspace] GC(39) Metaspace: 22061K(22400K)->22061K(22400K) NonClass: 18246K(18432K)->18246K(18432K) Class: 3814K(3968K)->3814K(3968K)
[19.594s][info][gc          ] GC(39) Pause Full (System.gc()) 770M->770M(5888M) 387.456ms
[19.985s][info][gc,metaspace] GC(40) Metaspace: 22061K(22400K)->22061K(22400K) NonClass: 18246K(18432K)->18246K(18432K) Class: 3814K(3968K)->3814K(3968K)
[19.985s][info][gc          ] GC(40) Pause Full (System.gc()) 770M->770M(5888M) 386.436ms
[20.383s][info][gc,metaspace] GC(41) Metaspace: 22061K(22400K)->22061K(22400K) NonClass: 18246K(18432K)->18246K(18432K) Class: 3814K(3968K)->3814K(3968K)
[20.383s][info][gc          ] GC(41) Pause Full (System.gc()) 770M->770M(5888M) 398.229ms
[20.772s][info][gc,metaspace] GC(42) Metaspace: 22061K(22400K)->22061K(22400K) NonClass: 18246K(18432K)->18246K(18432K) Class: 3814K(3968K)->3814K(3968K)
[20.772s][info][gc          ] GC(42) Pause Full (System.gc()) 770M->770M(5888M) 388.809ms
[21.187s][info][gc,metaspace] GC(43) Metaspace: 22061K(22400K)->22061K(22400K) NonClass: 18246K(18432K)->18246K(18432K) Class: 3814K(3968K)->3814K(3968K)
[21.187s][info][gc          ] GC(43) Pause Full (System.gc()) 770M->770M(5888M) 415.531ms
[21.574s][info][gc,metaspace] GC(44) Metaspace: 22061K(22400K)->22061K(22400K) NonClass: 18246K(18432K)->18246K(18432K) Class: 3814K(3968K)->3814K(3968K)
[21.574s][info][gc          ] GC(44) Pause Full (System.gc()) 770M->770M(5888M) 386.579ms
[21.953s][info][gc,metaspace] GC(45) Metaspace: 22061K(22400K)->22061K(22400K) NonClass: 18246K(18432K)->18246K(18432K) Class: 3814K(3968K)->3814K(3968K)
[21.953s][info][gc          ] GC(45) Pause Full (System.gc()) 770M->770M(5888M) 378.751ms
[22.346s][info][gc,metaspace] GC(46) Metaspace: 22061K(22400K)->22061K(22400K) NonClass: 18246K(18432K)->18246K(18432K) Class: 3814K(3968K)->3814K(3968K)
[22.346s][info][gc          ] GC(46) Pause Full (System.gc()) 770M->770M(5888M) 393.589ms
[22.744s][info][gc,metaspace] GC(47) Metaspace: 22061K(22400K)->22061K(22400K) NonClass: 18246K(18432K)->18246K(18432K) Class: 3814K(3968K)->3814K(3968K)
[22.744s][info][gc          ] GC(47) Pause Full (System.gc()) 770M->770M(5888M) 397.513ms
[23.175s][info][gc,metaspace] GC(48) Metaspace: 22061K(22400K)->22061K(22400K) NonClass: 18246K(18432K)->18246K(18432K) Class: 3814K(3968K)->3814K(3968K)
[23.175s][info][gc          ] GC(48) Pause Full (System.gc()) 770M->770M(5888M) 431.270ms
[23.564s][info][gc,metaspace] GC(49) Metaspace: 22061K(22400K)->22061K(22400K) NonClass: 18246K(18432K)->18246K(18432K) Class: 3814K(3968K)->3814K(3968K)
[23.564s][info][gc          ] GC(49) Pause Full (System.gc()) 770M->770M(5888M) 388.124ms
[23.955s][info][gc,metaspace] GC(50) Metaspace: 22061K(22400K)->22061K(22400K) NonClass: 18246K(18432K)->18246K(18432K) Class: 3814K(3968K)->3814K(3968K)
[23.956s][info][gc          ] GC(50) Pause Full (System.gc()) 770M->770M(5888M) 391.840ms
[24.341s][info][gc,metaspace] GC(51) Metaspace: 22061K(22400K)->22061K(22400K) NonClass: 18246K(18432K)->18246K(18432K) Class: 3814K(3968K)->3814K(3968K)
[24.341s][info][gc          ] GC(51) Pause Full (System.gc()) 770M->770M(5888M) 385.857ms
[24.724s][info][gc,metaspace] GC(52) Metaspace: 22061K(22400K)->22061K(22400K) NonClass: 18246K(18432K)->18246K(18432K) Class: 3814K(3968K)->3814K(3968K)
[24.724s][info][gc          ] GC(52) Pause Full (System.gc()) 770M->770M(5888M) 382.451ms
[25.147s][info][gc,metaspace] GC(53) Metaspace: 22061K(22400K)->22061K(22400K) NonClass: 18246K(18432K)->18246K(18432K) Class: 3814K(3968K)->3814K(3968K)
[25.147s][info][gc          ] GC(53) Pause Full (System.gc()) 770M->770M(5888M) 419.180ms
[25.542s][info][gc,metaspace] GC(54) Metaspace: 22061K(22400K)->22061K(22400K) NonClass: 18246K(18432K)->18246K(18432K) Class: 3814K(3968K)->3814K(3968K)
[25.542s][info][gc          ] GC(54) Pause Full (System.gc()) 770M->770M(5888M) 394.352ms
[25.930s][info][gc,metaspace] GC(55) Metaspace: 22061K(22400K)->22061K(22400K) NonClass: 18246K(18432K)->18246K(18432K) Class: 3814K(3968K)->3814K(3968K)
[25.930s][info][gc          ] GC(55) Pause Full (System.gc()) 770M->770M(5888M) 387.974ms
[26.358s][info][gc,metaspace] GC(56) Metaspace: 22061K(22400K)->22061K(22400K) NonClass: 18246K(18432K)->18246K(18432K) Class: 3814K(3968K)->3814K(3968K)
[26.359s][info][gc          ] GC(56) Pause Full (System.gc()) 770M->770M(5888M) 428.546ms
[26.746s][info][gc,metaspace] GC(57) Metaspace: 22061K(22400K)->22061K(22400K) NonClass: 18246K(18432K)->18246K(18432K) Class: 3814K(3968K)->3814K(3968K)
[26.746s][info][gc          ] GC(57) Pause Full (System.gc()) 770M->770M(5888M) 387.311ms
[27.166s][info][gc,metaspace] GC(58) Metaspace: 22061K(22400K)->22061K(22400K) NonClass: 18246K(18432K)->18246K(18432K) Class: 3814K(3968K)->3814K(3968K)
[27.166s][info][gc          ] GC(58) Pause Full (System.gc()) 770M->770M(5888M) 419.778ms
[27.556s][info][gc,metaspace] GC(59) Metaspace: 22061K(22400K)->22061K(22400K) NonClass: 18246K(18432K)->18246K(18432K) Class: 3814K(3968K)->3814K(3968K)
[27.556s][info][gc          ] GC(59) Pause Full (System.gc()) 770M->770M(5888M) 390.604ms
[27.952s][info][gc,metaspace] GC(60) Metaspace: 22061K(22400K)->22061K(22400K) NonClass: 18246K(18432K)->18246K(18432K) Class: 3814K(3968K)->3814K(3968K)
[27.952s][info][gc          ] GC(60) Pause Full (System.gc()) 770M->770M(5888M) 395.191ms
[28.343s][info][gc,metaspace] GC(61) Metaspace: 22061K(22400K)->22061K(22400K) NonClass: 18246K(18432K)->18246K(18432K) Class: 3814K(3968K)->3814K(3968K)
[28.343s][info][gc          ] GC(61) Pause Full (System.gc()) 770M->770M(5888M) 391.504ms
[28.724s][info][gc,metaspace] GC(62) Metaspace: 22061K(22400K)->22061K(22400K) NonClass: 18246K(18432K)->18246K(18432K) Class: 3814K(3968K)->3814K(3968K)
[28.724s][info][gc          ] GC(62) Pause Full (System.gc()) 770M->770M(5888M) 381.008ms
[29.140s][info][gc,metaspace] GC(63) Metaspace: 22061K(22400K)->22061K(22400K) NonClass: 18246K(18432K)->18246K(18432K) Class: 3814K(3968K)->3814K(3968K)
[29.140s][info][gc          ] GC(63) Pause Full (System.gc()) 770M->770M(5888M) 415.699ms
[29.524s][info][gc,metaspace] GC(64) Metaspace: 22061K(22400K)->22061K(22400K) NonClass: 18246K(18432K)->18246K(18432K) Class: 3814K(3968K)->3814K(3968K)
[29.524s][info][gc          ] GC(64) Pause Full (System.gc()) 770M->770M(5888M) 384.261ms
[29.921s][info][gc,metaspace] GC(65) Metaspace: 22061K(22400K)->22061K(22400K) NonClass: 18246K(18432K)->18246K(18432K) Class: 3814K(3968K)->3814K(3968K)
[29.921s][info][gc          ] GC(65) Pause Full (System.gc()) 770M->770M(5888M) 396.943ms
[30.325s][info][gc,metaspace] GC(66) Metaspace: 22061K(22400K)->22061K(22400K) NonClass: 18246K(18432K)->18246K(18432K) Class: 3814K(3968K)->3814K(3968K)
[30.325s][info][gc          ] GC(66) Pause Full (System.gc()) 770M->770M(5888M) 399.668ms
[30.712s][info][gc,metaspace] GC(67) Metaspace: 22061K(22400K)->22061K(22400K) NonClass: 18246K(18432K)->18246K(18432K) Class: 3814K(3968K)->3814K(3968K)
[30.712s][info][gc          ] GC(67) Pause Full (System.gc()) 770M->770M(5888M) 386.859ms
[31.151s][info][gc,metaspace] GC(68) Metaspace: 22061K(22400K)->22061K(22400K) NonClass: 18246K(18432K)->18246K(18432K) Class: 3814K(3968K)->3814K(3968K)
[31.151s][info][gc          ] GC(68) Pause Full (System.gc()) 770M->770M(5888M) 438.913ms
[31.539s][info][gc,metaspace] GC(69) Metaspace: 22061K(22400K)->22061K(22400K) NonClass: 18246K(18432K)->18246K(18432K) Class: 3814K(3968K)->3814K(3968K)
[31.540s][info][gc          ] GC(69) Pause Full (System.gc()) 770M->770M(5888M) 388.088ms
[31.923s][info][gc,metaspace] GC(70) Metaspace: 22061K(22400K)->22061K(22400K) NonClass: 18246K(18432K)->18246K(18432K) Class: 3814K(3968K)->3814K(3968K)
[31.923s][info][gc          ] GC(70) Pause Full (System.gc()) 770M->770M(5888M) 383.511ms
[32.311s][info][gc,metaspace] GC(71) Metaspace: 22061K(22400K)->22061K(22400K) NonClass: 18246K(18432K)->18246K(18432K) Class: 3814K(3968K)->3814K(3968K)
[32.311s][info][gc          ] GC(71) Pause Full (System.gc()) 770M->770M(5888M) 387.442ms
[32.694s][info][gc,metaspace] GC(72) Metaspace: 22061K(22400K)->22061K(22400K) NonClass: 18246K(18432K)->18246K(18432K) Class: 3814K(3968K)->3814K(3968K)
[32.694s][info][gc          ] GC(72) Pause Full (System.gc()) 770M->770M(5888M) 383.080ms
[33.114s][info][gc,metaspace] GC(73) Metaspace: 22061K(22400K)->22061K(22400K) NonClass: 18246K(18432K)->18246K(18432K) Class: 3814K(3968K)->3814K(3968K)
[33.114s][info][gc          ] GC(73) Pause Full (System.gc()) 770M->770M(5888M) 420.238ms
[33.499s][info][gc,metaspace] GC(74) Metaspace: 22061K(22400K)->22061K(22400K) NonClass: 18246K(18432K)->18246K(18432K) Class: 3814K(3968K)->3814K(3968K)
[33.499s][info][gc          ] GC(74) Pause Full (System.gc()) 770M->770M(5888M) 384.792ms
[33.887s][info][gc,metaspace] GC(75) Metaspace: 22061K(22400K)->22061K(22400K) NonClass: 18246K(18432K)->18246K(18432K) Class: 3814K(3968K)->3814K(3968K)
[33.887s][info][gc          ] GC(75) Pause Full (System.gc()) 770M->770M(5888M) 387.668ms
[34.274s][info][gc,metaspace] GC(76) Metaspace: 22061K(22400K)->22061K(22400K) NonClass: 18246K(18432K)->18246K(18432K) Class: 3814K(3968K)->3814K(3968K)
[34.274s][info][gc          ] GC(76) Pause Full (System.gc()) 770M->770M(5888M) 387.722ms
[34.664s][info][gc,metaspace] GC(77) Metaspace: 22061K(22400K)->22061K(22400K) NonClass: 18246K(18432K)->18246K(18432K) Class: 3814K(3968K)->3814K(3968K)
[34.664s][info][gc          ] GC(77) Pause Full (System.gc()) 770M->770M(5888M) 389.032ms
[35.109s][info][gc,metaspace] GC(78) Metaspace: 22061K(22400K)->22061K(22400K) NonClass: 18246K(18432K)->18246K(18432K) Class: 3814K(3968K)->3814K(3968K)
[35.109s][info][gc          ] GC(78) Pause Full (System.gc()) 770M->770M(5888M) 445.125ms
[35.504s][info][gc,metaspace] GC(79) Metaspace: 22061K(22400K)->22061K(22400K) NonClass: 18246K(18432K)->18246K(18432K) Class: 3814K(3968K)->3814K(3968K)
[35.505s][info][gc          ] GC(79) Pause Full (System.gc()) 770M->770M(5888M) 391.385ms
[35.889s][info][gc,metaspace] GC(80) Metaspace: 22061K(22400K)->22061K(22400K) NonClass: 18246K(18432K)->18246K(18432K) Class: 3814K(3968K)->3814K(3968K)
[35.889s][info][gc          ] GC(80) Pause Full (System.gc()) 770M->770M(5888M) 384.711ms
[36.315s][info][gc,metaspace] GC(81) Metaspace: 22061K(22400K)->22061K(22400K) NonClass: 18246K(18432K)->18246K(18432K) Class: 3814K(3968K)->3814K(3968K)
[36.315s][info][gc          ] GC(81) Pause Full (System.gc()) 770M->770M(5888M) 425.208ms
[36.712s][info][gc,metaspace] GC(82) Metaspace: 22061K(22400K)->22061K(22400K) NonClass: 18246K(18432K)->18246K(18432K) Class: 3814K(3968K)->3814K(3968K)
[36.712s][info][gc          ] GC(82) Pause Full (System.gc()) 770M->770M(5888M) 397.393ms
[37.093s][info][gc,metaspace] GC(83) Metaspace: 22061K(22400K)->22061K(22400K) NonClass: 18246K(18432K)->18246K(18432K) Class: 3814K(3968K)->3814K(3968K)
[37.093s][info][gc          ] GC(83) Pause Full (System.gc()) 770M->770M(5888M) 381.254ms
[37.475s][info][gc,metaspace] GC(84) Metaspace: 22061K(22400K)->22061K(22400K) NonClass: 18246K(18432K)->18246K(18432K) Class: 3814K(3968K)->3814K(3968K)
[37.475s][info][gc          ] GC(84) Pause Full (System.gc()) 770M->770M(5888M) 381.508ms
[37.875s][info][gc,metaspace] GC(85) Metaspace: 22061K(22400K)->22061K(22400K) NonClass: 18246K(18432K)->18246K(18432K) Class: 3814K(3968K)->3814K(3968K)
[37.875s][info][gc          ] GC(85) Pause Full (System.gc()) 770M->770M(5888M) 399.940ms
[38.279s][info][gc,metaspace] GC(86) Metaspace: 22061K(22400K)->22061K(22400K) NonClass: 18246K(18432K)->18246K(18432K) Class: 3814K(3968K)->3814K(3968K)
[38.279s][info][gc          ] GC(86) Pause Full (System.gc()) 770M->770M(5888M) 404.025ms
[38.661s][info][gc,metaspace] GC(87) Metaspace: 22061K(22400K)->22061K(22400K) NonClass: 18246K(18432K)->18246K(18432K) Class: 3814K(3968K)->3814K(3968K)
[38.661s][info][gc          ] GC(87) Pause Full (System.gc()) 770M->770M(5888M) 381.763ms
[39.047s][info][gc,metaspace] GC(88) Metaspace: 22061K(22400K)->22061K(22400K) NonClass: 18246K(18432K)->18246K(18432K) Class: 3814K(3968K)->3814K(3968K)
[39.047s][info][gc          ] GC(88) Pause Full (System.gc()) 770M->770M(5888M) 386.441ms
[39.475s][info][gc,metaspace] GC(89) Metaspace: 22061K(22400K)->22061K(22400K) NonClass: 18246K(18432K)->18246K(18432K) Class: 3814K(3968K)->3814K(3968K)
[39.475s][info][gc          ] GC(89) Pause Full (System.gc()) 770M->770M(5888M) 427.712ms
[39.862s][info][gc,metaspace] GC(90) Metaspace: 22061K(22400K)->22061K(22400K) NonClass: 18246K(18432K)->18246K(18432K) Class: 3814K(3968K)->3814K(3968K)
[39.862s][info][gc          ] GC(90) Pause Full (System.gc()) 770M->770M(5888M) 386.374ms
[40.334s][info][gc,metaspace] GC(91) Metaspace: 22061K(22400K)->22061K(22400K) NonClass: 18246K(18432K)->18246K(18432K) Class: 3814K(3968K)->3814K(3968K)
[40.334s][info][gc          ] GC(91) Pause Full (System.gc()) 770M->770M(5888M) 472.720ms
[40.728s][info][gc,metaspace] GC(92) Metaspace: 22061K(22400K)->22061K(22400K) NonClass: 18246K(18432K)->18246K(18432K) Class: 3814K(3968K)->3814K(3968K)
[40.729s][info][gc          ] GC(92) Pause Full (System.gc()) 770M->770M(5888M) 389.798ms
[41.111s][info][gc,metaspace] GC(93) Metaspace: 22061K(22400K)->22061K(22400K) NonClass: 18246K(18432K)->18246K(18432K) Class: 3814K(3968K)->3814K(3968K)
[41.111s][info][gc          ] GC(93) Pause Full (System.gc()) 770M->770M(5888M) 382.371ms
[41.500s][info][gc,metaspace] GC(94) Metaspace: 22061K(22400K)->22061K(22400K) NonClass: 18246K(18432K)->18246K(18432K) Class: 3814K(3968K)->3814K(3968K)
[41.500s][info][gc          ] GC(94) Pause Full (System.gc()) 770M->770M(5888M) 389.107ms
[41.897s][info][gc,metaspace] GC(95) Metaspace: 22061K(22400K)->22061K(22400K) NonClass: 18246K(18432K)->18246K(18432K) Class: 3814K(3968K)->3814K(3968K)
[41.897s][info][gc          ] GC(95) Pause Full (System.gc()) 770M->770M(5888M) 396.897ms
[42.318s][info][gc,metaspace] GC(96) Metaspace: 22061K(22400K)->22061K(22400K) NonClass: 18246K(18432K)->18246K(18432K) Class: 3814K(3968K)->3814K(3968K)
[42.318s][info][gc          ] GC(96) Pause Full (System.gc()) 770M->770M(5888M) 420.822ms
[42.701s][info][gc,metaspace] GC(97) Metaspace: 22061K(22400K)->22061K(22400K) NonClass: 18246K(18432K)->18246K(18432K) Class: 3814K(3968K)->3814K(3968K)
[42.701s][info][gc          ] GC(97) Pause Full (System.gc()) 770M->770M(5888M) 383.139ms
[43.132s][info][gc,metaspace] GC(98) Metaspace: 22061K(22400K)->22061K(22400K) NonClass: 18246K(18432K)->18246K(18432K) Class: 3814K(3968K)->3814K(3968K)
[43.132s][info][gc          ] GC(98) Pause Full (System.gc()) 770M->770M(5888M) 430.429ms
[43.518s][info][gc,metaspace] GC(99) Metaspace: 22061K(22400K)->22061K(22400K) NonClass: 18246K(18432K)->18246K(18432K) Class: 3814K(3968K)->3814K(3968K)
[43.518s][info][gc          ] GC(99) Pause Full (System.gc()) 770M->770M(5888M) 386.187ms
[43.904s][info][gc,metaspace] GC(100) Metaspace: 22061K(22400K)->22061K(22400K) NonClass: 18246K(18432K)->18246K(18432K) Class: 3814K(3968K)->3814K(3968K)
[43.904s][info][gc          ] GC(100) Pause Full (System.gc()) 770M->770M(5888M) 386.122ms
After GCs... 
