Done; will start GCs... 
[5.864s][info][gc,metaspace] GC(2) Metaspace: 26421K(27968K)->26421K(27968K) NonClass: 20005K(20288K)->20005K(20288K) Class: 6416K(7680K)->6416K(7680K)
[5.864s][info][gc          ] GC(2) Pause Young (System.gc()) 873M->771M(5888M) 2118.579ms
[7.813s][info][gc,metaspace] GC(3) Metaspace: 26421K(27968K)->26421K(27968K) NonClass: 20005K(20288K)->20005K(20288K) Class: 6416K(7680K)->6416K(7680K)
[7.813s][info][gc          ] GC(3) Pause Full (System.gc()) 771M->770M(5888M) 1949.119ms
[7.814s][info][gc,metaspace] GC(4) Metaspace: 26421K(27968K)->26421K(27968K) NonClass: 20005K(20288K)->20005K(20288K) Class: 6416K(7680K)->6416K(7680K)
[7.814s][info][gc          ] GC(4) Pause Young (System.gc()) 770M->770M(5888M) 0.470ms
[8.425s][info][gc,metaspace] GC(5) Metaspace: 26421K(27968K)->26421K(27968K) NonClass: 20005K(20288K)->20005K(20288K) Class: 6416K(7680K)->6416K(7680K)
[8.425s][info][gc          ] GC(5) Pause Full (System.gc()) 770M->770M(5888M) 610.725ms
[8.425s][info][gc,metaspace] GC(6) Metaspace: 26421K(27968K)->26421K(27968K) NonClass: 20005K(20288K)->20005K(20288K) Class: 6416K(7680K)->6416K(7680K)
[8.425s][info][gc          ] GC(6) Pause Young (System.gc()) 770M->770M(5888M) 0.428ms
[9.035s][info][gc,metaspace] GC(7) Metaspace: 26421K(27968K)->26421K(27968K) NonClass: 20005K(20288K)->20005K(20288K) Class: 6416K(7680K)->6416K(7680K)
[9.035s][info][gc          ] GC(7) Pause Full (System.gc()) 770M->770M(5888M) 610.011ms
[9.036s][info][gc,metaspace] GC(8) Metaspace: 26421K(27968K)->26421K(27968K) NonClass: 20005K(20288K)->20005K(20288K) Class: 6416K(7680K)->6416K(7680K)
[9.036s][info][gc          ] GC(8) Pause Young (System.gc()) 770M->770M(5888M) 0.449ms
[9.632s][info][gc,metaspace] GC(9) Metaspace: 26421K(27968K)->26421K(27968K) NonClass: 20005K(20288K)->20005K(20288K) Class: 6416K(7680K)->6416K(7680K)
[9.632s][info][gc          ] GC(9) Pause Full (System.gc()) 770M->770M(5888M) 596.403ms
[9.633s][info][gc,metaspace] GC(10) Metaspace: 26421K(27968K)->26421K(27968K) NonClass: 20005K(20288K)->20005K(20288K) Class: 6416K(7680K)->6416K(7680K)
[9.633s][info][gc          ] GC(10) Pause Young (System.gc()) 770M->770M(5888M) 0.451ms
[10.253s][info][gc,metaspace] GC(11) Metaspace: 26421K(27968K)->26421K(27968K) NonClass: 20005K(20288K)->20005K(20288K) Class: 6416K(7680K)->6416K(7680K)
[10.253s][info][gc          ] GC(11) Pause Full (System.gc()) 770M->770M(5888M) 619.918ms
[10.253s][info][gc,metaspace] GC(12) Metaspace: 26421K(27968K)->26421K(27968K) NonClass: 20005K(20288K)->20005K(20288K) Class: 6416K(7680K)->6416K(7680K)
[10.254s][info][gc          ] GC(12) Pause Young (System.gc()) 770M->770M(5888M) 0.466ms
[10.857s][info][gc,metaspace] GC(13) Metaspace: 26421K(27968K)->26421K(27968K) NonClass: 20005K(20288K)->20005K(20288K) Class: 6416K(7680K)->6416K(7680K)
[10.857s][info][gc          ] GC(13) Pause Full (System.gc()) 770M->770M(5888M) 603.128ms
[10.857s][info][gc,metaspace] GC(14) Metaspace: 26421K(27968K)->26421K(27968K) NonClass: 20005K(20288K)->20005K(20288K) Class: 6416K(7680K)->6416K(7680K)
[10.857s][info][gc          ] GC(14) Pause Young (System.gc()) 770M->770M(5888M) 0.453ms
[11.471s][info][gc,metaspace] GC(15) Metaspace: 26421K(27968K)->26421K(27968K) NonClass: 20005K(20288K)->20005K(20288K) Class: 6416K(7680K)->6416K(7680K)
[11.471s][info][gc          ] GC(15) Pause Full (System.gc()) 770M->770M(5888M) 614.233ms
[11.472s][info][gc,metaspace] GC(16) Metaspace: 26421K(27968K)->26421K(27968K) NonClass: 20005K(20288K)->20005K(20288K) Class: 6416K(7680K)->6416K(7680K)
[11.472s][info][gc          ] GC(16) Pause Young (System.gc()) 770M->770M(5888M) 0.404ms
[12.085s][info][gc,metaspace] GC(17) Metaspace: 26421K(27968K)->26421K(27968K) NonClass: 20005K(20288K)->20005K(20288K) Class: 6416K(7680K)->6416K(7680K)
[12.085s][info][gc          ] GC(17) Pause Full (System.gc()) 770M->770M(5888M) 612.650ms
[12.085s][info][gc,metaspace] GC(18) Metaspace: 26421K(27968K)->26421K(27968K) NonClass: 20005K(20288K)->20005K(20288K) Class: 6416K(7680K)->6416K(7680K)
[12.085s][info][gc          ] GC(18) Pause Young (System.gc()) 770M->770M(5888M) 0.463ms
[12.705s][info][gc,metaspace] GC(19) Metaspace: 26421K(27968K)->26421K(27968K) NonClass: 20005K(20288K)->20005K(20288K) Class: 6416K(7680K)->6416K(7680K)
[12.705s][info][gc          ] GC(19) Pause Full (System.gc()) 770M->770M(5888M) 620.146ms
[12.706s][info][gc,metaspace] GC(20) Metaspace: 26421K(27968K)->26421K(27968K) NonClass: 20005K(20288K)->20005K(20288K) Class: 6416K(7680K)->6416K(7680K)
[12.706s][info][gc          ] GC(20) Pause Young (System.gc()) 770M->770M(5888M) 0.467ms
[13.334s][info][gc,metaspace] GC(21) Metaspace: 26421K(27968K)->26421K(27968K) NonClass: 20005K(20288K)->20005K(20288K) Class: 6416K(7680K)->6416K(7680K)
[13.334s][info][gc          ] GC(21) Pause Full (System.gc()) 770M->770M(5888M) 628.496ms
[13.335s][info][gc,metaspace] GC(22) Metaspace: 26421K(27968K)->26421K(27968K) NonClass: 20005K(20288K)->20005K(20288K) Class: 6416K(7680K)->6416K(7680K)
[13.335s][info][gc          ] GC(22) Pause Young (System.gc()) 770M->770M(5888M) 0.412ms
[13.998s][info][gc,metaspace] GC(23) Metaspace: 26421K(27968K)->26421K(27968K) NonClass: 20005K(20288K)->20005K(20288K) Class: 6416K(7680K)->6416K(7680K)
[13.998s][info][gc          ] GC(23) Pause Full (System.gc()) 770M->770M(5888M) 663.006ms
[13.998s][info][gc,metaspace] GC(24) Metaspace: 26421K(27968K)->26421K(27968K) NonClass: 20005K(20288K)->20005K(20288K) Class: 6416K(7680K)->6416K(7680K)
[13.999s][info][gc          ] GC(24) Pause Young (System.gc()) 770M->770M(5888M) 0.445ms
[14.605s][info][gc,metaspace] GC(25) Metaspace: 26421K(27968K)->26421K(27968K) NonClass: 20005K(20288K)->20005K(20288K) Class: 6416K(7680K)->6416K(7680K)
[14.605s][info][gc          ] GC(25) Pause Full (System.gc()) 770M->770M(5888M) 606.114ms
[14.609s][info][gc,metaspace] GC(26) Metaspace: 26421K(27968K)->26421K(27968K) NonClass: 20005K(20288K)->20005K(20288K) Class: 6416K(7680K)->6416K(7680K)
[14.609s][info][gc          ] GC(26) Pause Young (System.gc()) 770M->770M(5888M) 0.417ms
[15.224s][info][gc,metaspace] GC(27) Metaspace: 26421K(27968K)->26421K(27968K) NonClass: 20005K(20288K)->20005K(20288K) Class: 6416K(7680K)->6416K(7680K)
[15.224s][info][gc          ] GC(27) Pause Full (System.gc()) 770M->770M(5888M) 614.238ms
[15.224s][info][gc,metaspace] GC(28) Metaspace: 26421K(27968K)->26421K(27968K) NonClass: 20005K(20288K)->20005K(20288K) Class: 6416K(7680K)->6416K(7680K)
[15.224s][info][gc          ] GC(28) Pause Young (System.gc()) 770M->770M(5888M) 0.404ms
[15.835s][info][gc,metaspace] GC(29) Metaspace: 26421K(27968K)->26421K(27968K) NonClass: 20005K(20288K)->20005K(20288K) Class: 6416K(7680K)->6416K(7680K)
[15.835s][info][gc          ] GC(29) Pause Full (System.gc()) 770M->770M(5888M) 610.510ms
[15.835s][info][gc,metaspace] GC(30) Metaspace: 26421K(27968K)->26421K(27968K) NonClass: 20005K(20288K)->20005K(20288K) Class: 6416K(7680K)->6416K(7680K)
[15.835s][info][gc          ] GC(30) Pause Young (System.gc()) 770M->770M(5888M) 0.413ms
[16.448s][info][gc,metaspace] GC(31) Metaspace: 26421K(27968K)->26421K(27968K) NonClass: 20005K(20288K)->20005K(20288K) Class: 6416K(7680K)->6416K(7680K)
[16.448s][info][gc          ] GC(31) Pause Full (System.gc()) 770M->770M(5888M) 612.779ms
[16.448s][info][gc,metaspace] GC(32) Metaspace: 26421K(27968K)->26421K(27968K) NonClass: 20005K(20288K)->20005K(20288K) Class: 6416K(7680K)->6416K(7680K)
[16.449s][info][gc          ] GC(32) Pause Young (System.gc()) 770M->770M(5888M) 0.430ms
[17.058s][info][gc,metaspace] GC(33) Metaspace: 26421K(27968K)->26421K(27968K) NonClass: 20005K(20288K)->20005K(20288K) Class: 6416K(7680K)->6416K(7680K)
[17.058s][info][gc          ] GC(33) Pause Full (System.gc()) 770M->770M(5888M) 609.077ms
[17.058s][info][gc,metaspace] GC(34) Metaspace: 26421K(27968K)->26421K(27968K) NonClass: 20005K(20288K)->20005K(20288K) Class: 6416K(7680K)->6416K(7680K)
[17.058s][info][gc          ] GC(34) Pause Young (System.gc()) 770M->770M(5888M) 0.619ms
[17.711s][info][gc,metaspace] GC(35) Metaspace: 26421K(27968K)->26421K(27968K) NonClass: 20005K(20288K)->20005K(20288K) Class: 6416K(7680K)->6416K(7680K)
[17.711s][info][gc          ] GC(35) Pause Full (System.gc()) 770M->770M(5888M) 652.423ms
[17.711s][info][gc,metaspace] GC(36) Metaspace: 26421K(27968K)->26421K(27968K) NonClass: 20005K(20288K)->20005K(20288K) Class: 6416K(7680K)->6416K(7680K)
[17.711s][info][gc          ] GC(36) Pause Young (System.gc()) 770M->770M(5888M) 0.422ms
[18.337s][info][gc,metaspace] GC(37) Metaspace: 26421K(27968K)->26421K(27968K) NonClass: 20005K(20288K)->20005K(20288K) Class: 6416K(7680K)->6416K(7680K)
[18.337s][info][gc          ] GC(37) Pause Full (System.gc()) 770M->770M(5888M) 625.836ms
[18.338s][info][gc,metaspace] GC(38) Metaspace: 26421K(27968K)->26421K(27968K) NonClass: 20005K(20288K)->20005K(20288K) Class: 6416K(7680K)->6416K(7680K)
[18.338s][info][gc          ] GC(38) Pause Young (System.gc()) 770M->770M(5888M) 0.438ms
[18.952s][info][gc,metaspace] GC(39) Metaspace: 26421K(27968K)->26421K(27968K) NonClass: 20005K(20288K)->20005K(20288K) Class: 6416K(7680K)->6416K(7680K)
[18.952s][info][gc          ] GC(39) Pause Full (System.gc()) 770M->770M(5888M) 614.160ms
[18.952s][info][gc,metaspace] GC(40) Metaspace: 26421K(27968K)->26421K(27968K) NonClass: 20005K(20288K)->20005K(20288K) Class: 6416K(7680K)->6416K(7680K)
[18.952s][info][gc          ] GC(40) Pause Young (System.gc()) 770M->770M(5888M) 0.432ms
[19.559s][info][gc,metaspace] GC(41) Metaspace: 26421K(27968K)->26421K(27968K) NonClass: 20005K(20288K)->20005K(20288K) Class: 6416K(7680K)->6416K(7680K)
[19.559s][info][gc          ] GC(41) Pause Full (System.gc()) 770M->770M(5888M) 606.461ms
[19.559s][info][gc,metaspace] GC(42) Metaspace: 26421K(27968K)->26421K(27968K) NonClass: 20005K(20288K)->20005K(20288K) Class: 6416K(7680K)->6416K(7680K)
[19.559s][info][gc          ] GC(42) Pause Young (System.gc()) 770M->770M(5888M) 0.410ms
[20.221s][info][gc,metaspace] GC(43) Metaspace: 26421K(27968K)->26421K(27968K) NonClass: 20005K(20288K)->20005K(20288K) Class: 6416K(7680K)->6416K(7680K)
[20.221s][info][gc          ] GC(43) Pause Full (System.gc()) 770M->770M(5888M) 661.537ms
[20.221s][info][gc,metaspace] GC(44) Metaspace: 26421K(27968K)->26421K(27968K) NonClass: 20005K(20288K)->20005K(20288K) Class: 6416K(7680K)->6416K(7680K)
[20.221s][info][gc          ] GC(44) Pause Young (System.gc()) 770M->770M(5888M) 0.451ms
[20.848s][info][gc,metaspace] GC(45) Metaspace: 26421K(27968K)->26421K(27968K) NonClass: 20005K(20288K)->20005K(20288K) Class: 6416K(7680K)->6416K(7680K)
[20.848s][info][gc          ] GC(45) Pause Full (System.gc()) 770M->770M(5888M) 626.894ms
[20.849s][info][gc,metaspace] GC(46) Metaspace: 26421K(27968K)->26421K(27968K) NonClass: 20005K(20288K)->20005K(20288K) Class: 6416K(7680K)->6416K(7680K)
[20.849s][info][gc          ] GC(46) Pause Young (System.gc()) 770M->770M(5888M) 0.441ms
[21.465s][info][gc,metaspace] GC(47) Metaspace: 26421K(27968K)->26421K(27968K) NonClass: 20005K(20288K)->20005K(20288K) Class: 6416K(7680K)->6416K(7680K)
[21.465s][info][gc          ] GC(47) Pause Full (System.gc()) 770M->770M(5888M) 615.725ms
[21.465s][info][gc,metaspace] GC(48) Metaspace: 26421K(27968K)->26421K(27968K) NonClass: 20005K(20288K)->20005K(20288K) Class: 6416K(7680K)->6416K(7680K)
[21.465s][info][gc          ] GC(48) Pause Young (System.gc()) 770M->770M(5888M) 0.752ms
[22.250s][info][gc,metaspace] GC(49) Metaspace: 26421K(27968K)->26421K(27968K) NonClass: 20005K(20288K)->20005K(20288K) Class: 6416K(7680K)->6416K(7680K)
[22.250s][info][gc          ] GC(49) Pause Full (System.gc()) 770M->770M(5888M) 784.552ms
[22.251s][info][gc,metaspace] GC(50) Metaspace: 26421K(27968K)->26421K(27968K) NonClass: 20005K(20288K)->20005K(20288K) Class: 6416K(7680K)->6416K(7680K)
[22.251s][info][gc          ] GC(50) Pause Young (System.gc()) 770M->770M(5888M) 0.530ms
[22.867s][info][gc,metaspace] GC(51) Metaspace: 26421K(27968K)->26421K(27968K) NonClass: 20005K(20288K)->20005K(20288K) Class: 6416K(7680K)->6416K(7680K)
[22.867s][info][gc          ] GC(51) Pause Full (System.gc()) 770M->770M(5888M) 616.762ms
[22.868s][info][gc,metaspace] GC(52) Metaspace: 26421K(27968K)->26421K(27968K) NonClass: 20005K(20288K)->20005K(20288K) Class: 6416K(7680K)->6416K(7680K)
[22.868s][info][gc          ] GC(52) Pause Young (System.gc()) 770M->770M(5888M) 0.427ms
[23.485s][info][gc,metaspace] GC(53) Metaspace: 26421K(27968K)->26421K(27968K) NonClass: 20005K(20288K)->20005K(20288K) Class: 6416K(7680K)->6416K(7680K)
[23.485s][info][gc          ] GC(53) Pause Full (System.gc()) 770M->770M(5888M) 617.295ms
[23.486s][info][gc,metaspace] GC(54) Metaspace: 26421K(27968K)->26421K(27968K) NonClass: 20005K(20288K)->20005K(20288K) Class: 6416K(7680K)->6416K(7680K)
[23.486s][info][gc          ] GC(54) Pause Young (System.gc()) 770M->770M(5888M) 0.425ms
[24.117s][info][gc,metaspace] GC(55) Metaspace: 26421K(27968K)->26421K(27968K) NonClass: 20005K(20288K)->20005K(20288K) Class: 6416K(7680K)->6416K(7680K)
[24.118s][info][gc          ] GC(55) Pause Full (System.gc()) 770M->770M(5888M) 631.688ms
[24.118s][info][gc,metaspace] GC(56) Metaspace: 26421K(27968K)->26421K(27968K) NonClass: 20005K(20288K)->20005K(20288K) Class: 6416K(7680K)->6416K(7680K)
[24.118s][info][gc          ] GC(56) Pause Young (System.gc()) 770M->770M(5888M) 0.499ms
[24.750s][info][gc,metaspace] GC(57) Metaspace: 26421K(27968K)->26421K(27968K) NonClass: 20005K(20288K)->20005K(20288K) Class: 6416K(7680K)->6416K(7680K)
[24.750s][info][gc          ] GC(57) Pause Full (System.gc()) 770M->770M(5888M) 631.718ms
[24.750s][info][gc,metaspace] GC(58) Metaspace: 26421K(27968K)->26421K(27968K) NonClass: 20005K(20288K)->20005K(20288K) Class: 6416K(7680K)->6416K(7680K)
[24.750s][info][gc          ] GC(58) Pause Young (System.gc()) 770M->770M(5888M) 0.471ms
[25.368s][info][gc,metaspace] GC(59) Metaspace: 26421K(27968K)->26421K(27968K) NonClass: 20005K(20288K)->20005K(20288K) Class: 6416K(7680K)->6416K(7680K)
[25.368s][info][gc          ] GC(59) Pause Full (System.gc()) 770M->770M(5888M) 617.086ms
[25.372s][info][gc,metaspace] GC(60) Metaspace: 26421K(27968K)->26421K(27968K) NonClass: 20005K(20288K)->20005K(20288K) Class: 6416K(7680K)->6416K(7680K)
[25.372s][info][gc          ] GC(60) Pause Young (System.gc()) 770M->770M(5888M) 0.473ms
[25.972s][info][gc,metaspace] GC(61) Metaspace: 26421K(27968K)->26421K(27968K) NonClass: 20005K(20288K)->20005K(20288K) Class: 6416K(7680K)->6416K(7680K)
[25.972s][info][gc          ] GC(61) Pause Full (System.gc()) 770M->770M(5888M) 600.041ms
[25.973s][info][gc,metaspace] GC(62) Metaspace: 26421K(27968K)->26421K(27968K) NonClass: 20005K(20288K)->20005K(20288K) Class: 6416K(7680K)->6416K(7680K)
[25.973s][info][gc          ] GC(62) Pause Young (System.gc()) 770M->770M(5888M) 0.494ms
[26.583s][info][gc,metaspace] GC(63) Metaspace: 26421K(27968K)->26421K(27968K) NonClass: 20005K(20288K)->20005K(20288K) Class: 6416K(7680K)->6416K(7680K)
[26.583s][info][gc          ] GC(63) Pause Full (System.gc()) 770M->770M(5888M) 609.828ms
[26.583s][info][gc,metaspace] GC(64) Metaspace: 26421K(27968K)->26421K(27968K) NonClass: 20005K(20288K)->20005K(20288K) Class: 6416K(7680K)->6416K(7680K)
[26.583s][info][gc          ] GC(64) Pause Young (System.gc()) 770M->770M(5888M) 0.467ms
[27.222s][info][gc,metaspace] GC(65) Metaspace: 26421K(27968K)->26421K(27968K) NonClass: 20005K(20288K)->20005K(20288K) Class: 6416K(7680K)->6416K(7680K)
[27.222s][info][gc          ] GC(65) Pause Full (System.gc()) 770M->770M(5888M) 638.684ms
[27.223s][info][gc,metaspace] GC(66) Metaspace: 26421K(27968K)->26421K(27968K) NonClass: 20005K(20288K)->20005K(20288K) Class: 6416K(7680K)->6416K(7680K)
[27.223s][info][gc          ] GC(66) Pause Young (System.gc()) 770M->770M(5888M) 0.461ms
[27.841s][info][gc,metaspace] GC(67) Metaspace: 26421K(27968K)->26421K(27968K) NonClass: 20005K(20288K)->20005K(20288K) Class: 6416K(7680K)->6416K(7680K)
[27.841s][info][gc          ] GC(67) Pause Full (System.gc()) 770M->770M(5888M) 618.659ms
[27.842s][info][gc,metaspace] GC(68) Metaspace: 26421K(27968K)->26421K(27968K) NonClass: 20005K(20288K)->20005K(20288K) Class: 6416K(7680K)->6416K(7680K)
[27.842s][info][gc          ] GC(68) Pause Young (System.gc()) 770M->770M(5888M) 0.460ms
[28.464s][info][gc,metaspace] GC(69) Metaspace: 26421K(27968K)->26421K(27968K) NonClass: 20005K(20288K)->20005K(20288K) Class: 6416K(7680K)->6416K(7680K)
[28.464s][info][gc          ] GC(69) Pause Full (System.gc()) 770M->770M(5888M) 621.598ms
[28.464s][info][gc,metaspace] GC(70) Metaspace: 26421K(27968K)->26421K(27968K) NonClass: 20005K(20288K)->20005K(20288K) Class: 6416K(7680K)->6416K(7680K)
[28.464s][info][gc          ] GC(70) Pause Young (System.gc()) 770M->770M(5888M) 0.407ms
[29.067s][info][gc,metaspace] GC(71) Metaspace: 26421K(27968K)->26421K(27968K) NonClass: 20005K(20288K)->20005K(20288K) Class: 6416K(7680K)->6416K(7680K)
[29.067s][info][gc          ] GC(71) Pause Full (System.gc()) 770M->770M(5888M) 603.187ms
[29.068s][info][gc,metaspace] GC(72) Metaspace: 26421K(27968K)->26421K(27968K) NonClass: 20005K(20288K)->20005K(20288K) Class: 6416K(7680K)->6416K(7680K)
[29.068s][info][gc          ] GC(72) Pause Young (System.gc()) 770M->770M(5888M) 0.464ms
[29.692s][info][gc,metaspace] GC(73) Metaspace: 26421K(27968K)->26421K(27968K) NonClass: 20005K(20288K)->20005K(20288K) Class: 6416K(7680K)->6416K(7680K)
[29.692s][info][gc          ] GC(73) Pause Full (System.gc()) 770M->770M(5888M) 624.089ms
[29.692s][info][gc,metaspace] GC(74) Metaspace: 26421K(27968K)->26421K(27968K) NonClass: 20005K(20288K)->20005K(20288K) Class: 6416K(7680K)->6416K(7680K)
[29.693s][info][gc          ] GC(74) Pause Young (System.gc()) 770M->770M(5888M) 0.416ms
[30.298s][info][gc,metaspace] GC(75) Metaspace: 26421K(27968K)->26421K(27968K) NonClass: 20005K(20288K)->20005K(20288K) Class: 6416K(7680K)->6416K(7680K)
[30.298s][info][gc          ] GC(75) Pause Full (System.gc()) 770M->770M(5888M) 605.941ms
[30.299s][info][gc,metaspace] GC(76) Metaspace: 26421K(27968K)->26421K(27968K) NonClass: 20005K(20288K)->20005K(20288K) Class: 6416K(7680K)->6416K(7680K)
[30.299s][info][gc          ] GC(76) Pause Young (System.gc()) 770M->770M(5888M) 0.452ms
[30.904s][info][gc,metaspace] GC(77) Metaspace: 26421K(27968K)->26421K(27968K) NonClass: 20005K(20288K)->20005K(20288K) Class: 6416K(7680K)->6416K(7680K)
[30.904s][info][gc          ] GC(77) Pause Full (System.gc()) 770M->770M(5888M) 604.748ms
[30.904s][info][gc,metaspace] GC(78) Metaspace: 26421K(27968K)->26421K(27968K) NonClass: 20005K(20288K)->20005K(20288K) Class: 6416K(7680K)->6416K(7680K)
[30.904s][info][gc          ] GC(78) Pause Young (System.gc()) 770M->770M(5888M) 0.460ms
[31.527s][info][gc,metaspace] GC(79) Metaspace: 26421K(27968K)->26421K(27968K) NonClass: 20005K(20288K)->20005K(20288K) Class: 6416K(7680K)->6416K(7680K)
[31.527s][info][gc          ] GC(79) Pause Full (System.gc()) 770M->770M(5888M) 622.434ms
[31.527s][info][gc,metaspace] GC(80) Metaspace: 26421K(27968K)->26421K(27968K) NonClass: 20005K(20288K)->20005K(20288K) Class: 6416K(7680K)->6416K(7680K)
[31.527s][info][gc          ] GC(80) Pause Young (System.gc()) 770M->770M(5888M) 0.446ms
[32.123s][info][gc,metaspace] GC(81) Metaspace: 26421K(27968K)->26421K(27968K) NonClass: 20005K(20288K)->20005K(20288K) Class: 6416K(7680K)->6416K(7680K)
[32.123s][info][gc          ] GC(81) Pause Full (System.gc()) 770M->770M(5888M) 595.686ms
[32.124s][info][gc,metaspace] GC(82) Metaspace: 26421K(27968K)->26421K(27968K) NonClass: 20005K(20288K)->20005K(20288K) Class: 6416K(7680K)->6416K(7680K)
[32.124s][info][gc          ] GC(82) Pause Young (System.gc()) 770M->770M(5888M) 0.531ms
[32.731s][info][gc,metaspace] GC(83) Metaspace: 26421K(27968K)->26421K(27968K) NonClass: 20005K(20288K)->20005K(20288K) Class: 6416K(7680K)->6416K(7680K)
[32.732s][info][gc          ] GC(83) Pause Full (System.gc()) 770M->770M(5888M) 607.842ms
[32.732s][info][gc,metaspace] GC(84) Metaspace: 26421K(27968K)->26421K(27968K) NonClass: 20005K(20288K)->20005K(20288K) Class: 6416K(7680K)->6416K(7680K)
[32.732s][info][gc          ] GC(84) Pause Young (System.gc()) 770M->770M(5888M) 0.419ms
[33.353s][info][gc,metaspace] GC(85) Metaspace: 26421K(27968K)->26421K(27968K) NonClass: 20005K(20288K)->20005K(20288K) Class: 6416K(7680K)->6416K(7680K)
[33.353s][info][gc          ] GC(85) Pause Full (System.gc()) 770M->770M(5888M) 620.854ms
[33.353s][info][gc,metaspace] GC(86) Metaspace: 26421K(27968K)->26421K(27968K) NonClass: 20005K(20288K)->20005K(20288K) Class: 6416K(7680K)->6416K(7680K)
[33.353s][info][gc          ] GC(86) Pause Young (System.gc()) 770M->770M(5888M) 0.475ms
[33.991s][info][gc,metaspace] GC(87) Metaspace: 26421K(27968K)->26421K(27968K) NonClass: 20005K(20288K)->20005K(20288K) Class: 6416K(7680K)->6416K(7680K)
[33.991s][info][gc          ] GC(87) Pause Full (System.gc()) 770M->770M(5888M) 637.721ms
[33.992s][info][gc,metaspace] GC(88) Metaspace: 26421K(27968K)->26421K(27968K) NonClass: 20005K(20288K)->20005K(20288K) Class: 6416K(7680K)->6416K(7680K)
[33.992s][info][gc          ] GC(88) Pause Young (System.gc()) 770M->770M(5888M) 0.467ms
[34.619s][info][gc,metaspace] GC(89) Metaspace: 26421K(27968K)->26421K(27968K) NonClass: 20005K(20288K)->20005K(20288K) Class: 6416K(7680K)->6416K(7680K)
[34.619s][info][gc          ] GC(89) Pause Full (System.gc()) 770M->770M(5888M) 627.126ms
[34.619s][info][gc,metaspace] GC(90) Metaspace: 26421K(27968K)->26421K(27968K) NonClass: 20005K(20288K)->20005K(20288K) Class: 6416K(7680K)->6416K(7680K)
[34.619s][info][gc          ] GC(90) Pause Young (System.gc()) 770M->770M(5888M) 0.396ms
[35.240s][info][gc,metaspace] GC(91) Metaspace: 26421K(27968K)->26421K(27968K) NonClass: 20005K(20288K)->20005K(20288K) Class: 6416K(7680K)->6416K(7680K)
[35.240s][info][gc          ] GC(91) Pause Full (System.gc()) 770M->770M(5888M) 620.696ms
[35.241s][info][gc,metaspace] GC(92) Metaspace: 26421K(27968K)->26421K(27968K) NonClass: 20005K(20288K)->20005K(20288K) Class: 6416K(7680K)->6416K(7680K)
[35.241s][info][gc          ] GC(92) Pause Young (System.gc()) 770M->770M(5888M) 0.469ms
[35.863s][info][gc,metaspace] GC(93) Metaspace: 26421K(27968K)->26421K(27968K) NonClass: 20005K(20288K)->20005K(20288K) Class: 6416K(7680K)->6416K(7680K)
[35.864s][info][gc          ] GC(93) Pause Full (System.gc()) 770M->770M(5888M) 622.791ms
[35.868s][info][gc,metaspace] GC(94) Metaspace: 26421K(27968K)->26421K(27968K) NonClass: 20005K(20288K)->20005K(20288K) Class: 6416K(7680K)->6416K(7680K)
[35.868s][info][gc          ] GC(94) Pause Young (System.gc()) 770M->770M(5888M) 0.478ms
[36.508s][info][gc,metaspace] GC(95) Metaspace: 26421K(27968K)->26421K(27968K) NonClass: 20005K(20288K)->20005K(20288K) Class: 6416K(7680K)->6416K(7680K)
[36.508s][info][gc          ] GC(95) Pause Full (System.gc()) 770M->770M(5888M) 640.015ms
[36.509s][info][gc,metaspace] GC(96) Metaspace: 26421K(27968K)->26421K(27968K) NonClass: 20005K(20288K)->20005K(20288K) Class: 6416K(7680K)->6416K(7680K)
[36.509s][info][gc          ] GC(96) Pause Young (System.gc()) 770M->770M(5888M) 0.416ms
[37.231s][info][gc,metaspace] GC(97) Metaspace: 26421K(27968K)->26421K(27968K) NonClass: 20005K(20288K)->20005K(20288K) Class: 6416K(7680K)->6416K(7680K)
[37.231s][info][gc          ] GC(97) Pause Full (System.gc()) 770M->770M(5888M) 721.718ms
[37.231s][info][gc,metaspace] GC(98) Metaspace: 26421K(27968K)->26421K(27968K) NonClass: 20005K(20288K)->20005K(20288K) Class: 6416K(7680K)->6416K(7680K)
[37.231s][info][gc          ] GC(98) Pause Young (System.gc()) 770M->770M(5888M) 0.416ms
[37.845s][info][gc,metaspace] GC(99) Metaspace: 26421K(27968K)->26421K(27968K) NonClass: 20005K(20288K)->20005K(20288K) Class: 6416K(7680K)->6416K(7680K)
[37.845s][info][gc          ] GC(99) Pause Full (System.gc()) 770M->770M(5888M) 613.960ms
[37.846s][info][gc,metaspace] GC(100) Metaspace: 26421K(27968K)->26421K(27968K) NonClass: 20005K(20288K)->20005K(20288K) Class: 6416K(7680K)->6416K(7680K)
[37.846s][info][gc          ] GC(100) Pause Young (System.gc()) 770M->770M(5888M) 0.472ms
[38.474s][info][gc,metaspace] GC(101) Metaspace: 26421K(27968K)->26421K(27968K) NonClass: 20005K(20288K)->20005K(20288K) Class: 6416K(7680K)->6416K(7680K)
[38.474s][info][gc          ] GC(101) Pause Full (System.gc()) 770M->770M(5888M) 628.029ms
[38.474s][info][gc,metaspace] GC(102) Metaspace: 26421K(27968K)->26421K(27968K) NonClass: 20005K(20288K)->20005K(20288K) Class: 6416K(7680K)->6416K(7680K)
[38.474s][info][gc          ] GC(102) Pause Young (System.gc()) 770M->770M(5888M) 0.456ms
[39.126s][info][gc,metaspace] GC(103) Metaspace: 26421K(27968K)->26421K(27968K) NonClass: 20005K(20288K)->20005K(20288K) Class: 6416K(7680K)->6416K(7680K)
[39.126s][info][gc          ] GC(103) Pause Full (System.gc()) 770M->770M(5888M) 651.978ms
[39.127s][info][gc,metaspace] GC(104) Metaspace: 26421K(27968K)->26421K(27968K) NonClass: 20005K(20288K)->20005K(20288K) Class: 6416K(7680K)->6416K(7680K)
[39.127s][info][gc          ] GC(104) Pause Young (System.gc()) 770M->770M(5888M) 0.468ms
[39.732s][info][gc,metaspace] GC(105) Metaspace: 26421K(27968K)->26421K(27968K) NonClass: 20005K(20288K)->20005K(20288K) Class: 6416K(7680K)->6416K(7680K)
[39.732s][info][gc          ] GC(105) Pause Full (System.gc()) 770M->770M(5888M) 605.038ms
[39.732s][info][gc,metaspace] GC(106) Metaspace: 26421K(27968K)->26421K(27968K) NonClass: 20005K(20288K)->20005K(20288K) Class: 6416K(7680K)->6416K(7680K)
[39.733s][info][gc          ] GC(106) Pause Young (System.gc()) 770M->770M(5888M) 0.427ms
[40.359s][info][gc,metaspace] GC(107) Metaspace: 26421K(27968K)->26421K(27968K) NonClass: 20005K(20288K)->20005K(20288K) Class: 6416K(7680K)->6416K(7680K)
[40.359s][info][gc          ] GC(107) Pause Full (System.gc()) 770M->770M(5888M) 626.671ms
[40.360s][info][gc,metaspace] GC(108) Metaspace: 26421K(27968K)->26421K(27968K) NonClass: 20005K(20288K)->20005K(20288K) Class: 6416K(7680K)->6416K(7680K)
[40.360s][info][gc          ] GC(108) Pause Young (System.gc()) 770M->770M(5888M) 0.454ms
[40.969s][info][gc,metaspace] GC(109) Metaspace: 26421K(27968K)->26421K(27968K) NonClass: 20005K(20288K)->20005K(20288K) Class: 6416K(7680K)->6416K(7680K)
[40.970s][info][gc          ] GC(109) Pause Full (System.gc()) 770M->770M(5888M) 609.710ms
[40.974s][info][gc,metaspace] GC(110) Metaspace: 26421K(27968K)->26421K(27968K) NonClass: 20005K(20288K)->20005K(20288K) Class: 6416K(7680K)->6416K(7680K)
[40.974s][info][gc          ] GC(110) Pause Young (System.gc()) 770M->770M(5888M) 0.420ms
[41.592s][info][gc,metaspace] GC(111) Metaspace: 26421K(27968K)->26421K(27968K) NonClass: 20005K(20288K)->20005K(20288K) Class: 6416K(7680K)->6416K(7680K)
[41.592s][info][gc          ] GC(111) Pause Full (System.gc()) 770M->770M(5888M) 617.820ms
[41.593s][info][gc,metaspace] GC(112) Metaspace: 26421K(27968K)->26421K(27968K) NonClass: 20005K(20288K)->20005K(20288K) Class: 6416K(7680K)->6416K(7680K)
[41.593s][info][gc          ] GC(112) Pause Young (System.gc()) 770M->770M(5888M) 0.424ms
[42.253s][info][gc,metaspace] GC(113) Metaspace: 26421K(27968K)->26421K(27968K) NonClass: 20005K(20288K)->20005K(20288K) Class: 6416K(7680K)->6416K(7680K)
[42.253s][info][gc          ] GC(113) Pause Full (System.gc()) 770M->770M(5888M) 660.566ms
[42.254s][info][gc,metaspace] GC(114) Metaspace: 26421K(27968K)->26421K(27968K) NonClass: 20005K(20288K)->20005K(20288K) Class: 6416K(7680K)->6416K(7680K)
[42.254s][info][gc          ] GC(114) Pause Young (System.gc()) 770M->770M(5888M) 0.420ms
[42.893s][info][gc,metaspace] GC(115) Metaspace: 26421K(27968K)->26421K(27968K) NonClass: 20005K(20288K)->20005K(20288K) Class: 6416K(7680K)->6416K(7680K)
[42.893s][info][gc          ] GC(115) Pause Full (System.gc()) 770M->770M(5888M) 638.896ms
[42.893s][info][gc,metaspace] GC(116) Metaspace: 26421K(27968K)->26421K(27968K) NonClass: 20005K(20288K)->20005K(20288K) Class: 6416K(7680K)->6416K(7680K)
[42.893s][info][gc          ] GC(116) Pause Young (System.gc()) 770M->770M(5888M) 0.435ms
[43.525s][info][gc,metaspace] GC(117) Metaspace: 26421K(27968K)->26421K(27968K) NonClass: 20005K(20288K)->20005K(20288K) Class: 6416K(7680K)->6416K(7680K)
[43.525s][info][gc          ] GC(117) Pause Full (System.gc()) 770M->770M(5888M) 631.928ms
[43.526s][info][gc,metaspace] GC(118) Metaspace: 26421K(27968K)->26421K(27968K) NonClass: 20005K(20288K)->20005K(20288K) Class: 6416K(7680K)->6416K(7680K)
[43.526s][info][gc          ] GC(118) Pause Young (System.gc()) 770M->770M(5888M) 0.421ms
[44.148s][info][gc,metaspace] GC(119) Metaspace: 26421K(27968K)->26421K(27968K) NonClass: 20005K(20288K)->20005K(20288K) Class: 6416K(7680K)->6416K(7680K)
[44.148s][info][gc          ] GC(119) Pause Full (System.gc()) 770M->770M(5888M) 622.333ms
[44.149s][info][gc,metaspace] GC(120) Metaspace: 26421K(27968K)->26421K(27968K) NonClass: 20005K(20288K)->20005K(20288K) Class: 6416K(7680K)->6416K(7680K)
[44.149s][info][gc          ] GC(120) Pause Young (System.gc()) 770M->770M(5888M) 0.466ms
[44.781s][info][gc,metaspace] GC(121) Metaspace: 26421K(27968K)->26421K(27968K) NonClass: 20005K(20288K)->20005K(20288K) Class: 6416K(7680K)->6416K(7680K)
[44.781s][info][gc          ] GC(121) Pause Full (System.gc()) 770M->770M(5888M) 632.674ms
[44.782s][info][gc,metaspace] GC(122) Metaspace: 26421K(27968K)->26421K(27968K) NonClass: 20005K(20288K)->20005K(20288K) Class: 6416K(7680K)->6416K(7680K)
[44.782s][info][gc          ] GC(122) Pause Young (System.gc()) 770M->770M(5888M) 0.418ms
[45.417s][info][gc,metaspace] GC(123) Metaspace: 26421K(27968K)->26421K(27968K) NonClass: 20005K(20288K)->20005K(20288K) Class: 6416K(7680K)->6416K(7680K)
[45.417s][info][gc          ] GC(123) Pause Full (System.gc()) 770M->770M(5888M) 635.416ms
[45.418s][info][gc,metaspace] GC(124) Metaspace: 26421K(27968K)->26421K(27968K) NonClass: 20005K(20288K)->20005K(20288K) Class: 6416K(7680K)->6416K(7680K)
[45.418s][info][gc          ] GC(124) Pause Young (System.gc()) 770M->770M(5888M) 0.464ms
[46.037s][info][gc,metaspace] GC(125) Metaspace: 26421K(27968K)->26421K(27968K) NonClass: 20005K(20288K)->20005K(20288K) Class: 6416K(7680K)->6416K(7680K)
[46.037s][info][gc          ] GC(125) Pause Full (System.gc()) 770M->770M(5888M) 619.209ms
[46.042s][info][gc,metaspace] GC(126) Metaspace: 26421K(27968K)->26421K(27968K) NonClass: 20005K(20288K)->20005K(20288K) Class: 6416K(7680K)->6416K(7680K)
[46.042s][info][gc          ] GC(126) Pause Young (System.gc()) 770M->770M(5888M) 0.455ms
[46.649s][info][gc,metaspace] GC(127) Metaspace: 26421K(27968K)->26421K(27968K) NonClass: 20005K(20288K)->20005K(20288K) Class: 6416K(7680K)->6416K(7680K)
[46.649s][info][gc          ] GC(127) Pause Full (System.gc()) 770M->770M(5888M) 607.140ms
[46.650s][info][gc,metaspace] GC(128) Metaspace: 26421K(27968K)->26421K(27968K) NonClass: 20005K(20288K)->20005K(20288K) Class: 6416K(7680K)->6416K(7680K)
[46.650s][info][gc          ] GC(128) Pause Young (System.gc()) 770M->770M(5888M) 0.452ms
[47.267s][info][gc,metaspace] GC(129) Metaspace: 26421K(27968K)->26421K(27968K) NonClass: 20005K(20288K)->20005K(20288K) Class: 6416K(7680K)->6416K(7680K)
[47.267s][info][gc          ] GC(129) Pause Full (System.gc()) 770M->770M(5888M) 617.820ms
[47.268s][info][gc,metaspace] GC(130) Metaspace: 26421K(27968K)->26421K(27968K) NonClass: 20005K(20288K)->20005K(20288K) Class: 6416K(7680K)->6416K(7680K)
[47.268s][info][gc          ] GC(130) Pause Young (System.gc()) 770M->770M(5888M) 0.468ms
[48.040s][info][gc,metaspace] GC(131) Metaspace: 26421K(27968K)->26421K(27968K) NonClass: 20005K(20288K)->20005K(20288K) Class: 6416K(7680K)->6416K(7680K)
[48.040s][info][gc          ] GC(131) Pause Full (System.gc()) 770M->770M(5888M) 772.238ms
[48.041s][info][gc,metaspace] GC(132) Metaspace: 26421K(27968K)->26421K(27968K) NonClass: 20005K(20288K)->20005K(20288K) Class: 6416K(7680K)->6416K(7680K)
[48.041s][info][gc          ] GC(132) Pause Young (System.gc()) 770M->770M(5888M) 0.422ms
[48.654s][info][gc,metaspace] GC(133) Metaspace: 26421K(27968K)->26421K(27968K) NonClass: 20005K(20288K)->20005K(20288K) Class: 6416K(7680K)->6416K(7680K)
[48.654s][info][gc          ] GC(133) Pause Full (System.gc()) 770M->770M(5888M) 612.794ms
[48.654s][info][gc,metaspace] GC(134) Metaspace: 26421K(27968K)->26421K(27968K) NonClass: 20005K(20288K)->20005K(20288K) Class: 6416K(7680K)->6416K(7680K)
[48.654s][info][gc          ] GC(134) Pause Young (System.gc()) 770M->770M(5888M) 0.425ms
[49.271s][info][gc,metaspace] GC(135) Metaspace: 26421K(27968K)->26421K(27968K) NonClass: 20005K(20288K)->20005K(20288K) Class: 6416K(7680K)->6416K(7680K)
[49.272s][info][gc          ] GC(135) Pause Full (System.gc()) 770M->770M(5888M) 617.433ms
[49.272s][info][gc,metaspace] GC(136) Metaspace: 26421K(27968K)->26421K(27968K) NonClass: 20005K(20288K)->20005K(20288K) Class: 6416K(7680K)->6416K(7680K)
[49.272s][info][gc          ] GC(136) Pause Young (System.gc()) 770M->770M(5888M) 0.523ms
[49.890s][info][gc,metaspace] GC(137) Metaspace: 26421K(27968K)->26421K(27968K) NonClass: 20005K(20288K)->20005K(20288K) Class: 6416K(7680K)->6416K(7680K)
[49.890s][info][gc          ] GC(137) Pause Full (System.gc()) 770M->770M(5888M) 617.731ms
[49.890s][info][gc,metaspace] GC(138) Metaspace: 26421K(27968K)->26421K(27968K) NonClass: 20005K(20288K)->20005K(20288K) Class: 6416K(7680K)->6416K(7680K)
[49.890s][info][gc          ] GC(138) Pause Young (System.gc()) 770M->770M(5888M) 0.435ms
[50.515s][info][gc,metaspace] GC(139) Metaspace: 26421K(27968K)->26421K(27968K) NonClass: 20005K(20288K)->20005K(20288K) Class: 6416K(7680K)->6416K(7680K)
[50.515s][info][gc          ] GC(139) Pause Full (System.gc()) 770M->770M(5888M) 624.429ms
[50.515s][info][gc,metaspace] GC(140) Metaspace: 26421K(27968K)->26421K(27968K) NonClass: 20005K(20288K)->20005K(20288K) Class: 6416K(7680K)->6416K(7680K)
[50.515s][info][gc          ] GC(140) Pause Young (System.gc()) 770M->770M(5888M) 0.508ms
[51.133s][info][gc,metaspace] GC(141) Metaspace: 26421K(27968K)->26421K(27968K) NonClass: 20005K(20288K)->20005K(20288K) Class: 6416K(7680K)->6416K(7680K)
[51.133s][info][gc          ] GC(141) Pause Full (System.gc()) 770M->770M(5888M) 617.942ms
[51.138s][info][gc,metaspace] GC(142) Metaspace: 26421K(27968K)->26421K(27968K) NonClass: 20005K(20288K)->20005K(20288K) Class: 6416K(7680K)->6416K(7680K)
[51.138s][info][gc          ] GC(142) Pause Young (System.gc()) 770M->770M(5888M) 0.466ms
[51.782s][info][gc,metaspace] GC(143) Metaspace: 26421K(27968K)->26421K(27968K) NonClass: 20005K(20288K)->20005K(20288K) Class: 6416K(7680K)->6416K(7680K)
[51.782s][info][gc          ] GC(143) Pause Full (System.gc()) 770M->770M(5888M) 643.890ms
[51.783s][info][gc,metaspace] GC(144) Metaspace: 26421K(27968K)->26421K(27968K) NonClass: 20005K(20288K)->20005K(20288K) Class: 6416K(7680K)->6416K(7680K)
[51.783s][info][gc          ] GC(144) Pause Young (System.gc()) 770M->770M(5888M) 0.433ms
[52.408s][info][gc,metaspace] GC(145) Metaspace: 26421K(27968K)->26421K(27968K) NonClass: 20005K(20288K)->20005K(20288K) Class: 6416K(7680K)->6416K(7680K)
[52.408s][info][gc          ] GC(145) Pause Full (System.gc()) 770M->770M(5888M) 625.293ms
[52.409s][info][gc,metaspace] GC(146) Metaspace: 26421K(27968K)->26421K(27968K) NonClass: 20005K(20288K)->20005K(20288K) Class: 6416K(7680K)->6416K(7680K)
[52.409s][info][gc          ] GC(146) Pause Young (System.gc()) 770M->770M(5888M) 0.453ms
[53.032s][info][gc,metaspace] GC(147) Metaspace: 26421K(27968K)->26421K(27968K) NonClass: 20005K(20288K)->20005K(20288K) Class: 6416K(7680K)->6416K(7680K)
[53.032s][info][gc          ] GC(147) Pause Full (System.gc()) 770M->770M(5888M) 623.505ms
[53.033s][info][gc,metaspace] GC(148) Metaspace: 26421K(27968K)->26421K(27968K) NonClass: 20005K(20288K)->20005K(20288K) Class: 6416K(7680K)->6416K(7680K)
[53.033s][info][gc          ] GC(148) Pause Young (System.gc()) 770M->770M(5888M) 0.450ms
[53.634s][info][gc,metaspace] GC(149) Metaspace: 26421K(27968K)->26421K(27968K) NonClass: 20005K(20288K)->20005K(20288K) Class: 6416K(7680K)->6416K(7680K)
[53.634s][info][gc          ] GC(149) Pause Full (System.gc()) 770M->770M(5888M) 601.313ms
[53.635s][info][gc,metaspace] GC(150) Metaspace: 26421K(27968K)->26421K(27968K) NonClass: 20005K(20288K)->20005K(20288K) Class: 6416K(7680K)->6416K(7680K)
[53.635s][info][gc          ] GC(150) Pause Young (System.gc()) 770M->770M(5888M) 0.429ms
[54.243s][info][gc,metaspace] GC(151) Metaspace: 26421K(27968K)->26421K(27968K) NonClass: 20005K(20288K)->20005K(20288K) Class: 6416K(7680K)->6416K(7680K)
[54.243s][info][gc          ] GC(151) Pause Full (System.gc()) 770M->770M(5888M) 608.068ms
[54.243s][info][gc,metaspace] GC(152) Metaspace: 26421K(27968K)->26421K(27968K) NonClass: 20005K(20288K)->20005K(20288K) Class: 6416K(7680K)->6416K(7680K)
[54.243s][info][gc          ] GC(152) Pause Young (System.gc()) 770M->770M(5888M) 0.456ms
[54.927s][info][gc,metaspace] GC(153) Metaspace: 26421K(27968K)->26421K(27968K) NonClass: 20005K(20288K)->20005K(20288K) Class: 6416K(7680K)->6416K(7680K)
[54.927s][info][gc          ] GC(153) Pause Full (System.gc()) 770M->770M(5888M) 683.477ms
[54.927s][info][gc,metaspace] GC(154) Metaspace: 26421K(27968K)->26421K(27968K) NonClass: 20005K(20288K)->20005K(20288K) Class: 6416K(7680K)->6416K(7680K)
[54.927s][info][gc          ] GC(154) Pause Young (System.gc()) 770M->770M(5888M) 0.417ms
[55.531s][info][gc,metaspace] GC(155) Metaspace: 26421K(27968K)->26421K(27968K) NonClass: 20005K(20288K)->20005K(20288K) Class: 6416K(7680K)->6416K(7680K)
[55.531s][info][gc          ] GC(155) Pause Full (System.gc()) 770M->770M(5888M) 603.941ms
[55.532s][info][gc,metaspace] GC(156) Metaspace: 26421K(27968K)->26421K(27968K) NonClass: 20005K(20288K)->20005K(20288K) Class: 6416K(7680K)->6416K(7680K)
[55.532s][info][gc          ] GC(156) Pause Young (System.gc()) 770M->770M(5888M) 0.458ms
[56.137s][info][gc,metaspace] GC(157) Metaspace: 26421K(27968K)->26421K(27968K) NonClass: 20005K(20288K)->20005K(20288K) Class: 6416K(7680K)->6416K(7680K)
[56.138s][info][gc          ] GC(157) Pause Full (System.gc()) 770M->770M(5888M) 605.739ms
[56.142s][info][gc,metaspace] GC(158) Metaspace: 26421K(27968K)->26421K(27968K) NonClass: 20005K(20288K)->20005K(20288K) Class: 6416K(7680K)->6416K(7680K)
[56.142s][info][gc          ] GC(158) Pause Young (System.gc()) 770M->770M(5888M) 0.519ms
[56.771s][info][gc,metaspace] GC(159) Metaspace: 26421K(27968K)->26421K(27968K) NonClass: 20005K(20288K)->20005K(20288K) Class: 6416K(7680K)->6416K(7680K)
[56.771s][info][gc          ] GC(159) Pause Full (System.gc()) 770M->770M(5888M) 628.985ms
[56.772s][info][gc,metaspace] GC(160) Metaspace: 26421K(27968K)->26421K(27968K) NonClass: 20005K(20288K)->20005K(20288K) Class: 6416K(7680K)->6416K(7680K)
[56.772s][info][gc          ] GC(160) Pause Young (System.gc()) 770M->770M(5888M) 0.419ms
[57.382s][info][gc,metaspace] GC(161) Metaspace: 26421K(27968K)->26421K(27968K) NonClass: 20005K(20288K)->20005K(20288K) Class: 6416K(7680K)->6416K(7680K)
[57.382s][info][gc          ] GC(161) Pause Full (System.gc()) 770M->770M(5888M) 610.139ms
[57.383s][info][gc,metaspace] GC(162) Metaspace: 26421K(27968K)->26421K(27968K) NonClass: 20005K(20288K)->20005K(20288K) Class: 6416K(7680K)->6416K(7680K)
[57.383s][info][gc          ] GC(162) Pause Young (System.gc()) 770M->770M(5888M) 0.453ms
[58.002s][info][gc,metaspace] GC(163) Metaspace: 26421K(27968K)->26421K(27968K) NonClass: 20005K(20288K)->20005K(20288K) Class: 6416K(7680K)->6416K(7680K)
[58.002s][info][gc          ] GC(163) Pause Full (System.gc()) 770M->770M(5888M) 618.999ms
[58.002s][info][gc,metaspace] GC(164) Metaspace: 26421K(27968K)->26421K(27968K) NonClass: 20005K(20288K)->20005K(20288K) Class: 6416K(7680K)->6416K(7680K)
[58.002s][info][gc          ] GC(164) Pause Young (System.gc()) 770M->770M(5888M) 0.464ms
[58.618s][info][gc,metaspace] GC(165) Metaspace: 26421K(27968K)->26421K(27968K) NonClass: 20005K(20288K)->20005K(20288K) Class: 6416K(7680K)->6416K(7680K)
[58.618s][info][gc          ] GC(165) Pause Full (System.gc()) 770M->770M(5888M) 615.766ms
[58.618s][info][gc,metaspace] GC(166) Metaspace: 26421K(27968K)->26421K(27968K) NonClass: 20005K(20288K)->20005K(20288K) Class: 6416K(7680K)->6416K(7680K)
[58.619s][info][gc          ] GC(166) Pause Young (System.gc()) 770M->770M(5888M) 0.432ms
[59.265s][info][gc,metaspace] GC(167) Metaspace: 26421K(27968K)->26421K(27968K) NonClass: 20005K(20288K)->20005K(20288K) Class: 6416K(7680K)->6416K(7680K)
[59.265s][info][gc          ] GC(167) Pause Full (System.gc()) 770M->770M(5888M) 646.216ms
[59.265s][info][gc,metaspace] GC(168) Metaspace: 26421K(27968K)->26421K(27968K) NonClass: 20005K(20288K)->20005K(20288K) Class: 6416K(7680K)->6416K(7680K)
[59.265s][info][gc          ] GC(168) Pause Young (System.gc()) 770M->770M(5888M) 0.502ms
[59.864s][info][gc,metaspace] GC(169) Metaspace: 26421K(27968K)->26421K(27968K) NonClass: 20005K(20288K)->20005K(20288K) Class: 6416K(7680K)->6416K(7680K)
[59.864s][info][gc          ] GC(169) Pause Full (System.gc()) 770M->770M(5888M) 598.952ms
[59.865s][info][gc,metaspace] GC(170) Metaspace: 26421K(27968K)->26421K(27968K) NonClass: 20005K(20288K)->20005K(20288K) Class: 6416K(7680K)->6416K(7680K)
[59.865s][info][gc          ] GC(170) Pause Young (System.gc()) 770M->770M(5888M) 0.434ms
[60.471s][info][gc,metaspace] GC(171) Metaspace: 26421K(27968K)->26421K(27968K) NonClass: 20005K(20288K)->20005K(20288K) Class: 6416K(7680K)->6416K(7680K)
[60.471s][info][gc          ] GC(171) Pause Full (System.gc()) 770M->770M(5888M) 606.122ms
[60.472s][info][gc,metaspace] GC(172) Metaspace: 26421K(27968K)->26421K(27968K) NonClass: 20005K(20288K)->20005K(20288K) Class: 6416K(7680K)->6416K(7680K)
[60.472s][info][gc          ] GC(172) Pause Young (System.gc()) 770M->770M(5888M) 0.488ms
[61.079s][info][gc,metaspace] GC(173) Metaspace: 26421K(27968K)->26421K(27968K) NonClass: 20005K(20288K)->20005K(20288K) Class: 6416K(7680K)->6416K(7680K)
[61.079s][info][gc          ] GC(173) Pause Full (System.gc()) 770M->770M(5888M) 607.282ms
[61.079s][info][gc,metaspace] GC(174) Metaspace: 26421K(27968K)->26421K(27968K) NonClass: 20005K(20288K)->20005K(20288K) Class: 6416K(7680K)->6416K(7680K)
[61.079s][info][gc          ] GC(174) Pause Young (System.gc()) 770M->770M(5888M) 0.431ms
[61.690s][info][gc,metaspace] GC(175) Metaspace: 26421K(27968K)->26421K(27968K) NonClass: 20005K(20288K)->20005K(20288K) Class: 6416K(7680K)->6416K(7680K)
[61.690s][info][gc          ] GC(175) Pause Full (System.gc()) 770M->770M(5888M) 610.165ms
[61.690s][info][gc,metaspace] GC(176) Metaspace: 26421K(27968K)->26421K(27968K) NonClass: 20005K(20288K)->20005K(20288K) Class: 6416K(7680K)->6416K(7680K)
[61.690s][info][gc          ] GC(176) Pause Young (System.gc()) 770M->770M(5888M) 0.460ms
[62.300s][info][gc,metaspace] GC(177) Metaspace: 26421K(27968K)->26421K(27968K) NonClass: 20005K(20288K)->20005K(20288K) Class: 6416K(7680K)->6416K(7680K)
[62.300s][info][gc          ] GC(177) Pause Full (System.gc()) 770M->770M(5888M) 610.075ms
[62.301s][info][gc,metaspace] GC(178) Metaspace: 26421K(27968K)->26421K(27968K) NonClass: 20005K(20288K)->20005K(20288K) Class: 6416K(7680K)->6416K(7680K)
[62.301s][info][gc          ] GC(178) Pause Young (System.gc()) 770M->770M(5888M) 0.478ms
[63.079s][info][gc,metaspace] GC(179) Metaspace: 26421K(27968K)->26421K(27968K) NonClass: 20005K(20288K)->20005K(20288K) Class: 6416K(7680K)->6416K(7680K)
[63.079s][info][gc          ] GC(179) Pause Full (System.gc()) 770M->770M(5888M) 777.994ms
[63.079s][info][gc,metaspace] GC(180) Metaspace: 26421K(27968K)->26421K(27968K) NonClass: 20005K(20288K)->20005K(20288K) Class: 6416K(7680K)->6416K(7680K)
[63.079s][info][gc          ] GC(180) Pause Young (System.gc()) 770M->770M(5888M) 0.446ms
[63.708s][info][gc,metaspace] GC(181) Metaspace: 26421K(27968K)->26421K(27968K) NonClass: 20005K(20288K)->20005K(20288K) Class: 6416K(7680K)->6416K(7680K)
[63.708s][info][gc          ] GC(181) Pause Full (System.gc()) 770M->770M(5888M) 628.531ms
[63.709s][info][gc,metaspace] GC(182) Metaspace: 26421K(27968K)->26421K(27968K) NonClass: 20005K(20288K)->20005K(20288K) Class: 6416K(7680K)->6416K(7680K)
[63.709s][info][gc          ] GC(182) Pause Young (System.gc()) 770M->770M(5888M) 0.566ms
[64.328s][info][gc,metaspace] GC(183) Metaspace: 26421K(27968K)->26421K(27968K) NonClass: 20005K(20288K)->20005K(20288K) Class: 6416K(7680K)->6416K(7680K)
[64.328s][info][gc          ] GC(183) Pause Full (System.gc()) 770M->770M(5888M) 619.652ms
[64.329s][info][gc,metaspace] GC(184) Metaspace: 26421K(27968K)->26421K(27968K) NonClass: 20005K(20288K)->20005K(20288K) Class: 6416K(7680K)->6416K(7680K)
[64.329s][info][gc          ] GC(184) Pause Young (System.gc()) 786M->770M(5888M) 0.458ms
[64.935s][info][gc,metaspace] GC(185) Metaspace: 26421K(27968K)->26421K(27968K) NonClass: 20005K(20288K)->20005K(20288K) Class: 6416K(7680K)->6416K(7680K)
[64.935s][info][gc          ] GC(185) Pause Full (System.gc()) 770M->770M(5888M) 605.659ms
[64.935s][info][gc,metaspace] GC(186) Metaspace: 26421K(27968K)->26421K(27968K) NonClass: 20005K(20288K)->20005K(20288K) Class: 6416K(7680K)->6416K(7680K)
[64.935s][info][gc          ] GC(186) Pause Young (System.gc()) 770M->770M(5888M) 0.471ms
[65.553s][info][gc,metaspace] GC(187) Metaspace: 26421K(27968K)->26421K(27968K) NonClass: 20005K(20288K)->20005K(20288K) Class: 6416K(7680K)->6416K(7680K)
[65.553s][info][gc          ] GC(187) Pause Full (System.gc()) 770M->770M(5888M) 617.843ms
[65.554s][info][gc,metaspace] GC(188) Metaspace: 26421K(27968K)->26421K(27968K) NonClass: 20005K(20288K)->20005K(20288K) Class: 6416K(7680K)->6416K(7680K)
[65.554s][info][gc          ] GC(188) Pause Young (System.gc()) 770M->770M(5888M) 0.433ms
[66.219s][info][gc,metaspace] GC(189) Metaspace: 26421K(27968K)->26421K(27968K) NonClass: 20005K(20288K)->20005K(20288K) Class: 6416K(7680K)->6416K(7680K)
[66.219s][info][gc          ] GC(189) Pause Full (System.gc()) 770M->770M(5888M) 665.034ms
[66.219s][info][gc,metaspace] GC(190) Metaspace: 26421K(27968K)->26421K(27968K) NonClass: 20005K(20288K)->20005K(20288K) Class: 6416K(7680K)->6416K(7680K)
[66.219s][info][gc          ] GC(190) Pause Young (System.gc()) 770M->770M(5888M) 0.443ms
[66.821s][info][gc,metaspace] GC(191) Metaspace: 26421K(27968K)->26421K(27968K) NonClass: 20005K(20288K)->20005K(20288K) Class: 6416K(7680K)->6416K(7680K)
[66.821s][info][gc          ] GC(191) Pause Full (System.gc()) 770M->770M(5888M) 602.087ms
[66.826s][info][gc,metaspace] GC(192) Metaspace: 26421K(27968K)->26421K(27968K) NonClass: 20005K(20288K)->20005K(20288K) Class: 6416K(7680K)->6416K(7680K)
[66.826s][info][gc          ] GC(192) Pause Young (System.gc()) 770M->770M(5888M) 0.434ms
[67.423s][info][gc,metaspace] GC(193) Metaspace: 26421K(27968K)->26421K(27968K) NonClass: 20005K(20288K)->20005K(20288K) Class: 6416K(7680K)->6416K(7680K)
[67.423s][info][gc          ] GC(193) Pause Full (System.gc()) 770M->770M(5888M) 597.223ms
[67.424s][info][gc,metaspace] GC(194) Metaspace: 26421K(27968K)->26421K(27968K) NonClass: 20005K(20288K)->20005K(20288K) Class: 6416K(7680K)->6416K(7680K)
[67.424s][info][gc          ] GC(194) Pause Young (System.gc()) 770M->770M(5888M) 0.412ms
[68.059s][info][gc,metaspace] GC(195) Metaspace: 26421K(27968K)->26421K(27968K) NonClass: 20005K(20288K)->20005K(20288K) Class: 6416K(7680K)->6416K(7680K)
[68.059s][info][gc          ] GC(195) Pause Full (System.gc()) 770M->770M(5888M) 635.128ms
[68.060s][info][gc,metaspace] GC(196) Metaspace: 26421K(27968K)->26421K(27968K) NonClass: 20005K(20288K)->20005K(20288K) Class: 6416K(7680K)->6416K(7680K)
[68.060s][info][gc          ] GC(196) Pause Young (System.gc()) 770M->770M(5888M) 0.468ms
[68.667s][info][gc,metaspace] GC(197) Metaspace: 26421K(27968K)->26421K(27968K) NonClass: 20005K(20288K)->20005K(20288K) Class: 6416K(7680K)->6416K(7680K)
[68.667s][info][gc          ] GC(197) Pause Full (System.gc()) 770M->770M(5888M) 607.842ms
[68.668s][info][gc,metaspace] GC(198) Metaspace: 26421K(27968K)->26421K(27968K) NonClass: 20005K(20288K)->20005K(20288K) Class: 6416K(7680K)->6416K(7680K)
[68.668s][info][gc          ] GC(198) Pause Young (System.gc()) 770M->770M(5888M) 0.484ms
[69.283s][info][gc,metaspace] GC(199) Metaspace: 26421K(27968K)->26421K(27968K) NonClass: 20005K(20288K)->20005K(20288K) Class: 6416K(7680K)->6416K(7680K)
[69.283s][info][gc          ] GC(199) Pause Full (System.gc()) 770M->770M(5888M) 614.775ms
[69.283s][info][gc,metaspace] GC(200) Metaspace: 26421K(27968K)->26421K(27968K) NonClass: 20005K(20288K)->20005K(20288K) Class: 6416K(7680K)->6416K(7680K)
[69.283s][info][gc          ] GC(200) Pause Young (System.gc()) 770M->770M(5888M) 0.431ms
[69.923s][info][gc,metaspace] GC(201) Metaspace: 26421K(27968K)->26421K(27968K) NonClass: 20005K(20288K)->20005K(20288K) Class: 6416K(7680K)->6416K(7680K)
[69.923s][info][gc          ] GC(201) Pause Full (System.gc()) 770M->770M(5888M) 639.461ms
After GCs... 
