[0.001s][info][metaspace]  - commit_granule_bytes: 65536.
[0.001s][info][metaspace]  - commit_granule_words: 8192.
[0.001s][info][metaspace]  - virtual_space_node_default_size: 8388608.
[0.001s][info][metaspace]  - enlarge_chunks_in_place: 1.
[0.001s][info][metaspace]  - use_allocation_guard: 0.
[0.003s][info][gc       ] Using G1
[0.329s][info][metaspace] Reserving compressed class space anywhere
[0.329s][info][gc,metaspace] CDS archive(s) not mapped
[0.329s][info][gc,metaspace] Compressed class space mapped at: 0x000000000a000000-0x00000000ca000000, reserved size: 3221225472
[0.329s][info][gc,metaspace] UseCompressedClassPointers 1, UseCompactObjectHeaders 1, narrow klass pointer bits 22, max shift 10
[0.329s][info][gc,metaspace] Narrow klass base: 0x000000000a000000, Narrow klass shift: 10, Narrow klass range: 0xc0000000
Random Seed: 12345678
Num Classes: 1024
Num Objects: 67108864
Percent IK Objects: 83.0%)
Percent OAK Objects: 5.0%)
Percent TAK Objects: 12.0%)
Cycles: 40
Loading 1024 pre-generated classes ...
Materialize pre-generated constructors ...
Creating objects...
[0.607s][info][gc,metaspace] GC(0) Metaspace: 12911K(13248K)->12911K(13248K) NonClass: 10107K(10304K)->10107K(10304K) Class: 2803K(2944K)->2803K(2944K)
[0.607s][info][gc          ] GC(0) Pause Full (System.gc()) 22M->3M(6144M) 9.393ms
[1.262s][info][gc,metaspace] GC(1) Metaspace: 16490K(17664K)->16490K(17664K) NonClass: 13146K(13696K)->13146K(13696K) Class: 3343K(3968K)->3343K(3968K)
[1.262s][info][gc          ] GC(1) Pause Young (Normal) (G1 Evacuation Pause) 567M->291M(6144M) 18.504ms
[1.564s][info][gc,metaspace] GC(2) Metaspace: 16492K(17664K)->16492K(17664K) NonClass: 13148K(13696K)->13148K(13696K) Class: 3343K(3968K)->3343K(3968K)
[1.564s][info][gc          ] GC(2) Pause Young (Normal) (G1 Evacuation Pause) 563M->317M(6144M) 25.636ms
[1.864s][info][gc,metaspace] GC(3) Metaspace: 16492K(17664K)->16492K(17664K) NonClass: 13148K(13696K)->13148K(13696K) Class: 3343K(3968K)->3343K(3968K)
[1.864s][info][gc          ] GC(3) Pause Young (Normal) (G1 Evacuation Pause) 593M->343M(6144M) 21.466ms
[2.167s][info][gc,metaspace] GC(4) Metaspace: 16492K(17664K)->16492K(17664K) NonClass: 13148K(13696K)->13148K(13696K) Class: 3343K(3968K)->3343K(3968K)
[2.167s][info][gc          ] GC(4) Pause Young (Normal) (G1 Evacuation Pause) 619M->368M(6144M) 23.584ms
[2.472s][info][gc,metaspace] GC(5) Metaspace: 16492K(17664K)->16492K(17664K) NonClass: 13148K(13696K)->13148K(13696K) Class: 3343K(3968K)->3343K(3968K)
[2.472s][info][gc          ] GC(5) Pause Young (Normal) (G1 Evacuation Pause) 644M->396M(6144M) 24.617ms
[2.773s][info][gc,metaspace] GC(6) Metaspace: 16492K(17664K)->16492K(17664K) NonClass: 13148K(13696K)->13148K(13696K) Class: 3343K(3968K)->3343K(3968K)
[2.773s][info][gc          ] GC(6) Pause Young (Normal) (G1 Evacuation Pause) 672M->423M(6144M) 29.259ms
[3.042s][info][gc,metaspace] GC(7) Metaspace: 16492K(17664K)->16492K(17664K) NonClass: 13148K(13696K)->13148K(13696K) Class: 3343K(3968K)->3343K(3968K)
[3.042s][info][gc          ] GC(7) Pause Young (Normal) (G1 Evacuation Pause) 699M->447M(6144M) 23.497ms
[3.319s][info][gc,metaspace] GC(8) Metaspace: 16492K(17664K)->16492K(17664K) NonClass: 13148K(13696K)->13148K(13696K) Class: 3343K(3968K)->3343K(3968K)
[3.319s][info][gc          ] GC(8) Pause Young (Normal) (G1 Evacuation Pause) 755M->478M(6144M) 29.969ms
[3.583s][info][gc,metaspace] GC(9) Metaspace: 16492K(17664K)->16492K(17664K) NonClass: 13148K(13696K)->13148K(13696K) Class: 3343K(3968K)->3343K(3968K)
[3.583s][info][gc          ] GC(9) Pause Young (Normal) (G1 Evacuation Pause) 810M->512M(6144M) 31.099ms
[3.863s][info][gc,metaspace] GC(10) Metaspace: 16492K(17664K)->16492K(17664K) NonClass: 13148K(13696K)->13148K(13696K) Class: 3343K(3968K)->3343K(3968K)
[3.863s][info][gc          ] GC(10) Pause Young (Normal) (G1 Evacuation Pause) 884M->544M(6144M) 34.064ms
[4.213s][info][gc,metaspace] GC(11) Metaspace: 16492K(17664K)->16492K(17664K) NonClass: 13148K(13696K)->13148K(13696K) Class: 3343K(3968K)->3343K(3968K)
[4.213s][info][gc          ] GC(11) Pause Young (Normal) (G1 Evacuation Pause) 960M->584M(6144M) 30.504ms
[4.565s][info][gc,metaspace] GC(12) Metaspace: 16492K(17664K)->16492K(17664K) NonClass: 13148K(13696K)->13148K(13696K) Class: 3343K(3968K)->3343K(3968K)
[4.565s][info][gc          ] GC(12) Pause Young (Normal) (G1 Evacuation Pause) 1056M->631M(6144M) 38.507ms
[5.003s][info][gc,metaspace] GC(13) Metaspace: 16492K(17664K)->16492K(17664K) NonClass: 13148K(13696K)->13148K(13696K) Class: 3343K(3968K)->3343K(3968K)
[5.003s][info][gc          ] GC(13) Pause Young (Normal) (G1 Evacuation Pause) 1155M->678M(6144M) 41.754ms
[5.439s][info][gc,metaspace] GC(14) Metaspace: 16492K(17664K)->16492K(17664K) NonClass: 13148K(13696K)->13148K(13696K) Class: 3343K(3968K)->3343K(3968K)
[5.439s][info][gc          ] GC(14) Pause Young (Normal) (G1 Evacuation Pause) 1266M->733M(6144M) 48.658ms
[5.917s][info][gc,metaspace] GC(15) Metaspace: 16492K(17664K)->16492K(17664K) NonClass: 13148K(13696K)->13148K(13696K) Class: 3343K(3968K)->3343K(3968K)
[5.917s][info][gc          ] GC(15) Pause Young (Normal) (G1 Evacuation Pause) 1385M->788M(6144M) 51.276ms
[6.448s][info][gc,metaspace] GC(16) Metaspace: 16492K(17664K)->16492K(17664K) NonClass: 13148K(13696K)->13148K(13696K) Class: 3343K(3968K)->3343K(3968K)
[6.448s][info][gc          ] GC(16) Pause Young (Normal) (G1 Evacuation Pause) 1516M->858M(6144M) 55.368ms
[7.040s][info][gc,metaspace] GC(17) Metaspace: 16492K(17664K)->16492K(17664K) NonClass: 13148K(13696K)->13148K(13696K) Class: 3343K(3968K)->3343K(3968K)
[7.040s][info][gc          ] GC(17) Pause Young (Normal) (G1 Evacuation Pause) 1658M->929M(6144M) 70.022ms
[7.669s][info][gc,metaspace] GC(18) Metaspace: 16492K(17664K)->16492K(17664K) NonClass: 13148K(13696K)->13148K(13696K) Class: 3343K(3968K)->3343K(3968K)
[7.669s][info][gc          ] GC(18) Pause Young (Normal) (G1 Evacuation Pause) 1797M->1003M(6144M) 66.220ms
[8.408s][info][gc,metaspace] GC(19) Metaspace: 16492K(17664K)->16492K(17664K) NonClass: 13148K(13696K)->13148K(13696K) Class: 3343K(3968K)->3343K(3968K)
[8.408s][info][gc          ] GC(19) Pause Young (Normal) (G1 Evacuation Pause) 1955M->1088M(6144M) 72.008ms
[9.216s][info][gc,metaspace] GC(20) Metaspace: 16492K(17664K)->16492K(17664K) NonClass: 13148K(13696K)->13148K(13696K) Class: 3343K(3968K)->3343K(3968K)
[9.216s][info][gc          ] GC(20) Pause Young (Normal) (G1 Evacuation Pause) 2116M->1182M(6144M) 92.219ms
[10.001s][info][gc,metaspace] GC(21) Metaspace: 16492K(17664K)->16492K(17664K) NonClass: 13148K(13696K)->13148K(13696K) Class: 3343K(3968K)->3343K(3968K)
[10.001s][info][gc          ] GC(21) Pause Young (Normal) (G1 Evacuation Pause) 2262M->1281M(6144M) 83.595ms
[10.863s][info][gc,metaspace] GC(22) Metaspace: 16492K(17664K)->16492K(17664K) NonClass: 13148K(13696K)->13148K(13696K) Class: 3343K(3968K)->3343K(3968K)
[10.863s][info][gc          ] GC(22) Pause Young (Normal) (G1 Evacuation Pause) 2441M->1381M(6144M) 107.662ms
[11.787s][info][gc,metaspace] GC(23) Metaspace: 16492K(17664K)->16492K(17664K) NonClass: 13148K(13696K)->13148K(13696K) Class: 3343K(3968K)->3343K(3968K)
[11.787s][info][gc          ] GC(23) Pause Young (Normal) (G1 Evacuation Pause) 2585M->1493M(6144M) 92.277ms
[12.775s][info][gc,metaspace] GC(24) Metaspace: 16492K(17664K)->16492K(17664K) NonClass: 13148K(13696K)->13148K(13696K) Class: 3343K(3968K)->3343K(3968K)
[12.775s][info][gc          ] GC(24) Pause Young (Normal) (G1 Evacuation Pause) 2777M->1605M(6144M) 104.760ms
67108864 Objects created
 - IK: 55699211 (82.99829%)
 - OAK: 3355627 (5.0002737%)
 - TAK: 8054026 (12.001434%)
Preparatory GC...
[14.473s][info][gc,metaspace] GC(25) Metaspace: 16492K(17664K)->16492K(17664K) NonClass: 13148K(13696K)->13148K(13696K) Class: 3343K(3968K)->3343K(3968K)
[14.473s][info][gc          ] GC(25) Pause Full (System.gc()) 2729M->1577M(6144M) 918.755ms
[15.245s][info][gc,metaspace] GC(26) Metaspace: 16492K(17664K)->16492K(17664K) NonClass: 13148K(13696K)->13148K(13696K) Class: 3343K(3968K)->3343K(3968K)
[15.245s][info][gc          ] GC(26) Pause Full (System.gc()) 1577M->1577M(6144M) 771.864ms
Done; will start GCs... 
[15.943s][info][gc,metaspace] GC(27) Metaspace: 16492K(17664K)->16492K(17664K) NonClass: 13148K(13696K)->13148K(13696K) Class: 3343K(3968K)->3343K(3968K)
[15.943s][info][gc          ] GC(27) Pause Full (System.gc()) 1579M->1577M(6144M) 698.446ms
[16.724s][info][gc,metaspace] GC(28) Metaspace: 16492K(17664K)->16492K(17664K) NonClass: 13148K(13696K)->13148K(13696K) Class: 3343K(3968K)->3343K(3968K)
[16.724s][info][gc          ] GC(28) Pause Full (System.gc()) 1577M->1577M(6144M) 780.647ms
[17.520s][info][gc,metaspace] GC(29) Metaspace: 16492K(17664K)->16492K(17664K) NonClass: 13148K(13696K)->13148K(13696K) Class: 3343K(3968K)->3343K(3968K)
[17.520s][info][gc          ] GC(29) Pause Full (System.gc()) 1577M->1577M(6144M) 795.433ms
[18.292s][info][gc,metaspace] GC(30) Metaspace: 16492K(17664K)->16492K(17664K) NonClass: 13148K(13696K)->13148K(13696K) Class: 3343K(3968K)->3343K(3968K)
[18.292s][info][gc          ] GC(30) Pause Full (System.gc()) 1577M->1577M(6144M) 772.602ms
[19.074s][info][gc,metaspace] GC(31) Metaspace: 16492K(17664K)->16492K(17664K) NonClass: 13148K(13696K)->13148K(13696K) Class: 3343K(3968K)->3343K(3968K)
[19.074s][info][gc          ] GC(31) Pause Full (System.gc()) 1577M->1577M(6144M) 781.473ms
[19.784s][info][gc,metaspace] GC(32) Metaspace: 16492K(17664K)->16492K(17664K) NonClass: 13148K(13696K)->13148K(13696K) Class: 3343K(3968K)->3343K(3968K)
[19.784s][info][gc          ] GC(32) Pause Full (System.gc()) 1577M->1577M(6144M) 709.764ms
[20.485s][info][gc,metaspace] GC(33) Metaspace: 16492K(17664K)->16492K(17664K) NonClass: 13148K(13696K)->13148K(13696K) Class: 3343K(3968K)->3343K(3968K)
[20.485s][info][gc          ] GC(33) Pause Full (System.gc()) 1577M->1577M(6144M) 701.685ms
[21.203s][info][gc,metaspace] GC(34) Metaspace: 16492K(17664K)->16492K(17664K) NonClass: 13148K(13696K)->13148K(13696K) Class: 3343K(3968K)->3343K(3968K)
[21.203s][info][gc          ] GC(34) Pause Full (System.gc()) 1577M->1577M(6144M) 717.467ms
[21.938s][info][gc,metaspace] GC(35) Metaspace: 16492K(17664K)->16492K(17664K) NonClass: 13148K(13696K)->13148K(13696K) Class: 3343K(3968K)->3343K(3968K)
[21.938s][info][gc          ] GC(35) Pause Full (System.gc()) 1577M->1577M(6144M) 735.011ms
[22.643s][info][gc,metaspace] GC(36) Metaspace: 16492K(17664K)->16492K(17664K) NonClass: 13148K(13696K)->13148K(13696K) Class: 3343K(3968K)->3343K(3968K)
[22.643s][info][gc          ] GC(36) Pause Full (System.gc()) 1577M->1577M(6144M) 705.233ms
[23.368s][info][gc,metaspace] GC(37) Metaspace: 16492K(17664K)->16492K(17664K) NonClass: 13148K(13696K)->13148K(13696K) Class: 3343K(3968K)->3343K(3968K)
[23.368s][info][gc          ] GC(37) Pause Full (System.gc()) 1577M->1577M(6144M) 724.364ms
[24.069s][info][gc,metaspace] GC(38) Metaspace: 16492K(17664K)->16492K(17664K) NonClass: 13148K(13696K)->13148K(13696K) Class: 3343K(3968K)->3343K(3968K)
[24.069s][info][gc          ] GC(38) Pause Full (System.gc()) 1577M->1577M(6144M) 701.086ms
[24.782s][info][gc,metaspace] GC(39) Metaspace: 16492K(17664K)->16492K(17664K) NonClass: 13148K(13696K)->13148K(13696K) Class: 3343K(3968K)->3343K(3968K)
[24.782s][info][gc          ] GC(39) Pause Full (System.gc()) 1577M->1577M(6144M) 712.811ms
[25.483s][info][gc,metaspace] GC(40) Metaspace: 16492K(17664K)->16492K(17664K) NonClass: 13148K(13696K)->13148K(13696K) Class: 3343K(3968K)->3343K(3968K)
[25.483s][info][gc          ] GC(40) Pause Full (System.gc()) 1577M->1577M(6144M) 701.278ms
[26.197s][info][gc,metaspace] GC(41) Metaspace: 16492K(17664K)->16492K(17664K) NonClass: 13148K(13696K)->13148K(13696K) Class: 3343K(3968K)->3343K(3968K)
[26.197s][info][gc          ] GC(41) Pause Full (System.gc()) 1577M->1577M(6144M) 713.905ms
[26.914s][info][gc,metaspace] GC(42) Metaspace: 16492K(17664K)->16492K(17664K) NonClass: 13148K(13696K)->13148K(13696K) Class: 3343K(3968K)->3343K(3968K)
[26.914s][info][gc          ] GC(42) Pause Full (System.gc()) 1577M->1577M(6144M) 716.460ms
[27.614s][info][gc,metaspace] GC(43) Metaspace: 16492K(17664K)->16492K(17664K) NonClass: 13148K(13696K)->13148K(13696K) Class: 3343K(3968K)->3343K(3968K)
[27.614s][info][gc          ] GC(43) Pause Full (System.gc()) 1577M->1577M(6144M) 700.209ms
[28.310s][info][gc,metaspace] GC(44) Metaspace: 16492K(17664K)->16492K(17664K) NonClass: 13148K(13696K)->13148K(13696K) Class: 3343K(3968K)->3343K(3968K)
[28.310s][info][gc          ] GC(44) Pause Full (System.gc()) 1577M->1577M(6144M) 696.164ms
[29.042s][info][gc,metaspace] GC(45) Metaspace: 16492K(17664K)->16492K(17664K) NonClass: 13148K(13696K)->13148K(13696K) Class: 3343K(3968K)->3343K(3968K)
[29.042s][info][gc          ] GC(45) Pause Full (System.gc()) 1577M->1577M(6144M) 731.348ms
[29.749s][info][gc,metaspace] GC(46) Metaspace: 16492K(17664K)->16492K(17664K) NonClass: 13148K(13696K)->13148K(13696K) Class: 3343K(3968K)->3343K(3968K)
[29.749s][info][gc          ] GC(46) Pause Full (System.gc()) 1577M->1577M(6144M) 707.317ms
[30.452s][info][gc,metaspace] GC(47) Metaspace: 16492K(17664K)->16492K(17664K) NonClass: 13148K(13696K)->13148K(13696K) Class: 3343K(3968K)->3343K(3968K)
[30.452s][info][gc          ] GC(47) Pause Full (System.gc()) 1577M->1577M(6144M) 703.378ms
[31.164s][info][gc,metaspace] GC(48) Metaspace: 16492K(17664K)->16492K(17664K) NonClass: 13148K(13696K)->13148K(13696K) Class: 3343K(3968K)->3343K(3968K)
[31.164s][info][gc          ] GC(48) Pause Full (System.gc()) 1577M->1577M(6144M) 711.136ms
[31.873s][info][gc,metaspace] GC(49) Metaspace: 16492K(17664K)->16492K(17664K) NonClass: 13148K(13696K)->13148K(13696K) Class: 3343K(3968K)->3343K(3968K)
[31.873s][info][gc          ] GC(49) Pause Full (System.gc()) 1577M->1577M(6144M) 709.087ms
[32.593s][info][gc,metaspace] GC(50) Metaspace: 16492K(17664K)->16492K(17664K) NonClass: 13148K(13696K)->13148K(13696K) Class: 3343K(3968K)->3343K(3968K)
[32.593s][info][gc          ] GC(50) Pause Full (System.gc()) 1577M->1577M(6144M) 720.257ms
[33.298s][info][gc,metaspace] GC(51) Metaspace: 16492K(17664K)->16492K(17664K) NonClass: 13148K(13696K)->13148K(13696K) Class: 3343K(3968K)->3343K(3968K)
[33.298s][info][gc          ] GC(51) Pause Full (System.gc()) 1577M->1577M(6144M) 704.972ms
[34.019s][info][gc,metaspace] GC(52) Metaspace: 16492K(17664K)->16492K(17664K) NonClass: 13148K(13696K)->13148K(13696K) Class: 3343K(3968K)->3343K(3968K)
[34.019s][info][gc          ] GC(52) Pause Full (System.gc()) 1577M->1577M(6144M) 720.611ms
[34.719s][info][gc,metaspace] GC(53) Metaspace: 16492K(17664K)->16492K(17664K) NonClass: 13148K(13696K)->13148K(13696K) Class: 3343K(3968K)->3343K(3968K)
[34.719s][info][gc          ] GC(53) Pause Full (System.gc()) 1577M->1577M(6144M) 699.709ms
[35.463s][info][gc,metaspace] GC(54) Metaspace: 16492K(17664K)->16492K(17664K) NonClass: 13148K(13696K)->13148K(13696K) Class: 3343K(3968K)->3343K(3968K)
[35.463s][info][gc          ] GC(54) Pause Full (System.gc()) 1577M->1577M(6144M) 744.754ms
[36.163s][info][gc,metaspace] GC(55) Metaspace: 16492K(17664K)->16492K(17664K) NonClass: 13148K(13696K)->13148K(13696K) Class: 3343K(3968K)->3343K(3968K)
[36.163s][info][gc          ] GC(55) Pause Full (System.gc()) 1577M->1577M(6144M) 699.477ms
[36.878s][info][gc,metaspace] GC(56) Metaspace: 16492K(17664K)->16492K(17664K) NonClass: 13148K(13696K)->13148K(13696K) Class: 3343K(3968K)->3343K(3968K)
[36.878s][info][gc          ] GC(56) Pause Full (System.gc()) 1577M->1577M(6144M) 714.565ms
[37.584s][info][gc,metaspace] GC(57) Metaspace: 16492K(17664K)->16492K(17664K) NonClass: 13148K(13696K)->13148K(13696K) Class: 3343K(3968K)->3343K(3968K)
[37.584s][info][gc          ] GC(57) Pause Full (System.gc()) 1577M->1577M(6144M) 706.750ms
[38.284s][info][gc,metaspace] GC(58) Metaspace: 16492K(17664K)->16492K(17664K) NonClass: 13148K(13696K)->13148K(13696K) Class: 3343K(3968K)->3343K(3968K)
[38.284s][info][gc          ] GC(58) Pause Full (System.gc()) 1577M->1577M(6144M) 699.780ms
[39.002s][info][gc,metaspace] GC(59) Metaspace: 16492K(17664K)->16492K(17664K) NonClass: 13148K(13696K)->13148K(13696K) Class: 3343K(3968K)->3343K(3968K)
[39.002s][info][gc          ] GC(59) Pause Full (System.gc()) 1577M->1577M(6144M) 717.606ms
[39.703s][info][gc,metaspace] GC(60) Metaspace: 16492K(17664K)->16492K(17664K) NonClass: 13148K(13696K)->13148K(13696K) Class: 3343K(3968K)->3343K(3968K)
[39.703s][info][gc          ] GC(60) Pause Full (System.gc()) 1577M->1577M(6144M) 700.528ms
[40.436s][info][gc,metaspace] GC(61) Metaspace: 16492K(17664K)->16492K(17664K) NonClass: 13148K(13696K)->13148K(13696K) Class: 3343K(3968K)->3343K(3968K)
[40.436s][info][gc          ] GC(61) Pause Full (System.gc()) 1577M->1577M(6144M) 733.723ms
[41.138s][info][gc,metaspace] GC(62) Metaspace: 16492K(17664K)->16492K(17664K) NonClass: 13148K(13696K)->13148K(13696K) Class: 3343K(3968K)->3343K(3968K)
[41.138s][info][gc          ] GC(62) Pause Full (System.gc()) 1577M->1577M(6144M) 701.120ms
[41.836s][info][gc,metaspace] GC(63) Metaspace: 16492K(17664K)->16492K(17664K) NonClass: 13148K(13696K)->13148K(13696K) Class: 3343K(3968K)->3343K(3968K)
[41.836s][info][gc          ] GC(63) Pause Full (System.gc()) 1577M->1577M(6144M) 698.628ms
[42.570s][info][gc,metaspace] GC(64) Metaspace: 16492K(17664K)->16492K(17664K) NonClass: 13148K(13696K)->13148K(13696K) Class: 3343K(3968K)->3343K(3968K)
[42.570s][info][gc          ] GC(64) Pause Full (System.gc()) 1577M->1577M(6144M) 733.989ms
[43.275s][info][gc,metaspace] GC(65) Metaspace: 16492K(17664K)->16492K(17664K) NonClass: 13148K(13696K)->13148K(13696K) Class: 3343K(3968K)->3343K(3968K)
[43.275s][info][gc          ] GC(65) Pause Full (System.gc()) 1577M->1577M(6144M) 704.697ms
[43.997s][info][gc,metaspace] GC(66) Metaspace: 16492K(17664K)->16492K(17664K) NonClass: 13148K(13696K)->13148K(13696K) Class: 3343K(3968K)->3343K(3968K)
[43.997s][info][gc          ] GC(66) Pause Full (System.gc()) 1577M->1577M(6144M) 721.619ms
After GCs... 
