[0.001s][info][metaspace]  - commit_granule_bytes: 65536.
[0.001s][info][metaspace]  - commit_granule_words: 8192.
[0.001s][info][metaspace]  - virtual_space_node_default_size: 8388608.
[0.001s][info][metaspace]  - enlarge_chunks_in_place: 1.
[0.001s][info][metaspace]  - use_allocation_guard: 0.
[0.002s][info][gc       ] Using G1
[0.328s][info][metaspace] Reserving compressed class space anywhere
[0.328s][info][gc,metaspace] CDS archive(s) not mapped
[0.328s][info][gc,metaspace] Compressed class space mapped at: 0x0000000013000000-0x00000000d3000000, reserved size: 3221225472
[0.328s][info][gc,metaspace] UseCompressedClassPointers 1, UseCompactObjectHeaders 0, narrow klass pointer bits 32, max shift 3
[0.328s][info][gc,metaspace] Narrow klass base: 0x0000000000000000, Narrow klass shift: 0, Narrow klass range: 0xd3000000
Random Seed: 12345678
Num Classes: 1024
Num Objects: 67108864
Percent IK Objects: 83.0%)
Percent OAK Objects: 5.0%)
Percent TAK Objects: 12.0%)
Cycles: 40
Loading 1024 pre-generated classes ...
Materialize pre-generated constructors ...
Creating objects...
[0.602s][info][gc,metaspace] GC(0) Metaspace: 12438K(12672K)->12438K(12672K) NonClass: 10818K(10944K)->10818K(10944K) Class: 1620K(1728K)->1620K(1728K)
[0.602s][info][gc          ] GC(0) Pause Full (System.gc()) 24M->3M(6144M) 9.273ms
[1.241s][info][gc,metaspace] GC(1) Metaspace: 16379K(17472K)->16379K(17472K) NonClass: 14221K(14720K)->14221K(14720K) Class: 2158K(2752K)->2158K(2752K)
[1.241s][info][gc          ] GC(1) Pause Young (Normal) (G1 Evacuation Pause) 567M->294M(6144M) 16.610ms
[1.529s][info][gc,metaspace] GC(2) Metaspace: 16382K(17472K)->16382K(17472K) NonClass: 14223K(14720K)->14223K(14720K) Class: 2158K(2752K)->2158K(2752K)
[1.529s][info][gc          ] GC(2) Pause Young (Normal) (G1 Evacuation Pause) 566M->322M(6144M) 23.242ms
[1.817s][info][gc,metaspace] GC(3) Metaspace: 16382K(17472K)->16382K(17472K) NonClass: 14223K(14720K)->14223K(14720K) Class: 2158K(2752K)->2158K(2752K)
[1.817s][info][gc          ] GC(3) Pause Young (Normal) (G1 Evacuation Pause) 598M->350M(6144M) 20.499ms
[2.151s][info][gc,metaspace] GC(4) Metaspace: 16382K(17472K)->16382K(17472K) NonClass: 14223K(14720K)->14223K(14720K) Class: 2158K(2752K)->2158K(2752K)
[2.151s][info][gc          ] GC(4) Pause Young (Normal) (G1 Evacuation Pause) 626M->380M(6144M) 20.973ms
[2.439s][info][gc,metaspace] GC(5) Metaspace: 16382K(17472K)->16382K(17472K) NonClass: 14223K(14720K)->14223K(14720K) Class: 2158K(2752K)->2158K(2752K)
[2.439s][info][gc          ] GC(5) Pause Young (Normal) (G1 Evacuation Pause) 652M->408M(6144M) 21.909ms
[2.728s][info][gc,metaspace] GC(6) Metaspace: 16382K(17472K)->16382K(17472K) NonClass: 14223K(14720K)->14223K(14720K) Class: 2158K(2752K)->2158K(2752K)
[2.728s][info][gc          ] GC(6) Pause Young (Normal) (G1 Evacuation Pause) 684M->437M(6144M) 20.951ms
[2.993s][info][gc,metaspace] GC(7) Metaspace: 16382K(17472K)->16382K(17472K) NonClass: 14223K(14720K)->14223K(14720K) Class: 2158K(2752K)->2158K(2752K)
[2.993s][info][gc          ] GC(7) Pause Young (Normal) (G1 Evacuation Pause) 709M->464M(6144M) 21.878ms
[3.267s][info][gc,metaspace] GC(8) Metaspace: 16382K(17472K)->16382K(17472K) NonClass: 14223K(14720K)->14223K(14720K) Class: 2158K(2752K)->2158K(2752K)
[3.267s][info][gc          ] GC(8) Pause Young (Normal) (G1 Evacuation Pause) 772M->496M(6144M) 22.413ms
[3.539s][info][gc,metaspace] GC(9) Metaspace: 16382K(17472K)->16382K(17472K) NonClass: 14223K(14720K)->14223K(14720K) Class: 2158K(2752K)->2158K(2752K)
[3.539s][info][gc          ] GC(9) Pause Young (Normal) (G1 Evacuation Pause) 832M->529M(6144M) 27.140ms
[3.807s][info][gc,metaspace] GC(10) Metaspace: 16382K(17472K)->16382K(17472K) NonClass: 14223K(14720K)->14223K(14720K) Class: 2158K(2752K)->2158K(2752K)
[3.807s][info][gc          ] GC(10) Pause Young (Normal) (G1 Evacuation Pause) 901M->569M(6144M) 27.216ms
[4.102s][info][gc,metaspace] GC(11) Metaspace: 16382K(17472K)->16382K(17472K) NonClass: 14223K(14720K)->14223K(14720K) Class: 2158K(2752K)->2158K(2752K)
[4.102s][info][gc          ] GC(11) Pause Young (Normal) (G1 Evacuation Pause) 989M->614M(6144M) 28.239ms
[4.439s][info][gc,metaspace] GC(12) Metaspace: 16382K(17472K)->16382K(17472K) NonClass: 14223K(14720K)->14223K(14720K) Class: 2158K(2752K)->2158K(2752K)
[4.439s][info][gc          ] GC(12) Pause Young (Normal) (G1 Evacuation Pause) 1090M->659M(6144M) 36.013ms
[4.827s][info][gc,metaspace] GC(13) Metaspace: 16382K(17472K)->16382K(17472K) NonClass: 14223K(14720K)->14223K(14720K) Class: 2158K(2752K)->2158K(2752K)
[4.827s][info][gc          ] GC(13) Pause Young (Normal) (G1 Evacuation Pause) 1203M->712M(6144M) 43.884ms
[5.295s][info][gc,metaspace] GC(14) Metaspace: 16382K(17472K)->16382K(17472K) NonClass: 14223K(14720K)->14223K(14720K) Class: 2158K(2752K)->2158K(2752K)
[5.295s][info][gc          ] GC(14) Pause Young (Normal) (G1 Evacuation Pause) 1312M->773M(6144M) 42.202ms
[5.773s][info][gc,metaspace] GC(15) Metaspace: 16382K(17472K)->16382K(17472K) NonClass: 14223K(14720K)->14223K(14720K) Class: 2158K(2752K)->2158K(2752K)
[5.773s][info][gc          ] GC(15) Pause Young (Normal) (G1 Evacuation Pause) 1457M->842M(6144M) 46.627ms
[6.352s][info][gc,metaspace] GC(16) Metaspace: 16382K(17472K)->16382K(17472K) NonClass: 14223K(14720K)->14223K(14720K) Class: 2158K(2752K)->2158K(2752K)
[6.352s][info][gc          ] GC(16) Pause Young (Normal) (G1 Evacuation Pause) 1602M->919M(6144M) 52.321ms
[6.949s][info][gc,metaspace] GC(17) Metaspace: 16382K(17472K)->16382K(17472K) NonClass: 14223K(14720K)->14223K(14720K) Class: 2158K(2752K)->2158K(2752K)
[6.949s][info][gc          ] GC(17) Pause Young (Normal) (G1 Evacuation Pause) 1767M->1002M(6144M) 64.818ms
[7.601s][info][gc,metaspace] GC(18) Metaspace: 16382K(17472K)->16382K(17472K) NonClass: 14223K(14720K)->14223K(14720K) Class: 2158K(2752K)->2158K(2752K)
[7.601s][info][gc          ] GC(18) Pause Young (Normal) (G1 Evacuation Pause) 1926M->1090M(6144M) 67.804ms
[8.349s][info][gc,metaspace] GC(19) Metaspace: 16382K(17472K)->16382K(17472K) NonClass: 14223K(14720K)->14223K(14720K) Class: 2158K(2752K)->2158K(2752K)
[8.349s][info][gc          ] GC(19) Pause Young (Normal) (G1 Evacuation Pause) 2102M->1190M(6144M) 71.811ms
[9.171s][info][gc,metaspace] GC(20) Metaspace: 16382K(17472K)->16382K(17472K) NonClass: 14223K(14720K)->14223K(14720K) Class: 2158K(2752K)->2158K(2752K)
[9.171s][info][gc          ] GC(20) Pause Young (Normal) (G1 Evacuation Pause) 2286M->1295M(6144M) 86.831ms
[9.997s][info][gc,metaspace] GC(21) Metaspace: 16382K(17472K)->16382K(17472K) NonClass: 14223K(14720K)->14223K(14720K) Class: 2158K(2752K)->2158K(2752K)
[9.997s][info][gc          ] GC(21) Pause Young (Normal) (G1 Evacuation Pause) 2463M->1405M(6144M) 95.142ms
[10.860s][info][gc,metaspace] GC(22) Metaspace: 16382K(17472K)->16382K(17472K) NonClass: 14223K(14720K)->14223K(14720K) Class: 2158K(2752K)->2158K(2752K)
[10.860s][info][gc          ] GC(22) Pause Young (Normal) (G1 Evacuation Pause) 2641M->1525M(6144M) 93.270ms
[12.289s][info][gc,metaspace] GC(23) Metaspace: 16382K(17472K)->16382K(17472K) NonClass: 14223K(14720K)->14223K(14720K) Class: 2158K(2752K)->2158K(2752K)
[12.289s][info][gc          ] GC(23) Pause Young (Normal) (G1 Evacuation Pause) 2845M->1653M(6144M) 94.389ms
[13.291s][info][gc,metaspace] GC(24) Metaspace: 16382K(17472K)->16382K(17472K) NonClass: 14223K(14720K)->14223K(14720K) Class: 2158K(2752K)->2158K(2752K)
[13.291s][info][gc          ] GC(24) Pause Young (Normal) (G1 Evacuation Pause) 3061M->1795M(6144M) 120.918ms
[14.299s][info][gc,metaspace] GC(25) Metaspace: 16382K(17472K)->16382K(17472K) NonClass: 14223K(14720K)->14223K(14720K) Class: 2158K(2752K)->2158K(2752K)
[14.299s][info][gc          ] GC(25) Pause Young (Normal) (G1 Evacuation Pause) 3235M->1931M(6144M) 109.011ms
67108864 Objects created
 - IK: 55699211 (82.99829%)
 - OAK: 3355627 (5.0002737%)
 - TAK: 8054026 (12.001434%)
Preparatory GC...
[15.088s][info][gc,metaspace] GC(26) Metaspace: 16382K(17472K)->16382K(17472K) NonClass: 14223K(14720K)->14223K(14720K) Class: 2158K(2752K)->2158K(2752K)
[15.088s][info][gc          ] GC(26) Pause Full (System.gc()) 2037M->1797M(6144M) 722.222ms
[15.721s][info][gc,metaspace] GC(27) Metaspace: 16382K(17472K)->16382K(17472K) NonClass: 14223K(14720K)->14223K(14720K) Class: 2158K(2752K)->2158K(2752K)
[15.721s][info][gc          ] GC(27) Pause Full (System.gc()) 1797M->1797M(6144M) 633.304ms
Done; will start GCs... 
[16.361s][info][gc,metaspace] GC(28) Metaspace: 16382K(17472K)->16382K(17472K) NonClass: 14223K(14720K)->14223K(14720K) Class: 2158K(2752K)->2158K(2752K)
[16.361s][info][gc          ] GC(28) Pause Full (System.gc()) 1799M->1797M(6144M) 639.449ms
[16.994s][info][gc,metaspace] GC(29) Metaspace: 16382K(17472K)->16382K(17472K) NonClass: 14223K(14720K)->14223K(14720K) Class: 2158K(2752K)->2158K(2752K)
[16.994s][info][gc          ] GC(29) Pause Full (System.gc()) 1797M->1797M(6144M) 633.172ms
[17.623s][info][gc,metaspace] GC(30) Metaspace: 16382K(17472K)->16382K(17472K) NonClass: 14223K(14720K)->14223K(14720K) Class: 2158K(2752K)->2158K(2752K)
[17.623s][info][gc          ] GC(30) Pause Full (System.gc()) 1797M->1797M(6144M) 629.382ms
[18.259s][info][gc,metaspace] GC(31) Metaspace: 16382K(17472K)->16382K(17472K) NonClass: 14223K(14720K)->14223K(14720K) Class: 2158K(2752K)->2158K(2752K)
[18.259s][info][gc          ] GC(31) Pause Full (System.gc()) 1797M->1797M(6144M) 635.358ms
[18.890s][info][gc,metaspace] GC(32) Metaspace: 16382K(17472K)->16382K(17472K) NonClass: 14223K(14720K)->14223K(14720K) Class: 2158K(2752K)->2158K(2752K)
[18.890s][info][gc          ] GC(32) Pause Full (System.gc()) 1797M->1797M(6144M) 631.548ms
[19.518s][info][gc,metaspace] GC(33) Metaspace: 16382K(17472K)->16382K(17472K) NonClass: 14223K(14720K)->14223K(14720K) Class: 2158K(2752K)->2158K(2752K)
[19.518s][info][gc          ] GC(33) Pause Full (System.gc()) 1797M->1797M(6144M) 627.905ms
[20.158s][info][gc,metaspace] GC(34) Metaspace: 16382K(17472K)->16382K(17472K) NonClass: 14223K(14720K)->14223K(14720K) Class: 2158K(2752K)->2158K(2752K)
[20.158s][info][gc          ] GC(34) Pause Full (System.gc()) 1797M->1797M(6144M) 639.330ms
[20.789s][info][gc,metaspace] GC(35) Metaspace: 16382K(17472K)->16382K(17472K) NonClass: 14223K(14720K)->14223K(14720K) Class: 2158K(2752K)->2158K(2752K)
[20.789s][info][gc          ] GC(35) Pause Full (System.gc()) 1797M->1797M(6144M) 631.393ms
[21.419s][info][gc,metaspace] GC(36) Metaspace: 16382K(17472K)->16382K(17472K) NonClass: 14223K(14720K)->14223K(14720K) Class: 2158K(2752K)->2158K(2752K)
[21.419s][info][gc          ] GC(36) Pause Full (System.gc()) 1797M->1797M(6144M) 629.634ms
[22.046s][info][gc,metaspace] GC(37) Metaspace: 16382K(17472K)->16382K(17472K) NonClass: 14223K(14720K)->14223K(14720K) Class: 2158K(2752K)->2158K(2752K)
[22.046s][info][gc          ] GC(37) Pause Full (System.gc()) 1797M->1797M(6144M) 627.139ms
[22.679s][info][gc,metaspace] GC(38) Metaspace: 16382K(17472K)->16382K(17472K) NonClass: 14223K(14720K)->14223K(14720K) Class: 2158K(2752K)->2158K(2752K)
[22.679s][info][gc          ] GC(38) Pause Full (System.gc()) 1797M->1797M(6144M) 632.961ms
[23.312s][info][gc,metaspace] GC(39) Metaspace: 16382K(17472K)->16382K(17472K) NonClass: 14223K(14720K)->14223K(14720K) Class: 2158K(2752K)->2158K(2752K)
[23.312s][info][gc          ] GC(39) Pause Full (System.gc()) 1797M->1797M(6144M) 632.820ms
[23.943s][info][gc,metaspace] GC(40) Metaspace: 16382K(17472K)->16382K(17472K) NonClass: 14223K(14720K)->14223K(14720K) Class: 2158K(2752K)->2158K(2752K)
[23.943s][info][gc          ] GC(40) Pause Full (System.gc()) 1797M->1797M(6144M) 630.807ms
[24.579s][info][gc,metaspace] GC(41) Metaspace: 16382K(17472K)->16382K(17472K) NonClass: 14223K(14720K)->14223K(14720K) Class: 2158K(2752K)->2158K(2752K)
[24.579s][info][gc          ] GC(41) Pause Full (System.gc()) 1797M->1797M(6144M) 636.196ms
[25.220s][info][gc,metaspace] GC(42) Metaspace: 16382K(17472K)->16382K(17472K) NonClass: 14223K(14720K)->14223K(14720K) Class: 2158K(2752K)->2158K(2752K)
[25.220s][info][gc          ] GC(42) Pause Full (System.gc()) 1797M->1797M(6144M) 640.397ms
[25.848s][info][gc,metaspace] GC(43) Metaspace: 16382K(17472K)->16382K(17472K) NonClass: 14223K(14720K)->14223K(14720K) Class: 2158K(2752K)->2158K(2752K)
[25.848s][info][gc          ] GC(43) Pause Full (System.gc()) 1797M->1797M(6144M) 628.351ms
[26.484s][info][gc,metaspace] GC(44) Metaspace: 16382K(17472K)->16382K(17472K) NonClass: 14223K(14720K)->14223K(14720K) Class: 2158K(2752K)->2158K(2752K)
[26.484s][info][gc          ] GC(44) Pause Full (System.gc()) 1797M->1797M(6144M) 635.550ms
[27.123s][info][gc,metaspace] GC(45) Metaspace: 16382K(17472K)->16382K(17472K) NonClass: 14223K(14720K)->14223K(14720K) Class: 2158K(2752K)->2158K(2752K)
[27.123s][info][gc          ] GC(45) Pause Full (System.gc()) 1797M->1797M(6144M) 639.446ms
[27.754s][info][gc,metaspace] GC(46) Metaspace: 16382K(17472K)->16382K(17472K) NonClass: 14223K(14720K)->14223K(14720K) Class: 2158K(2752K)->2158K(2752K)
[27.754s][info][gc          ] GC(46) Pause Full (System.gc()) 1797M->1797M(6144M) 630.444ms
[28.393s][info][gc,metaspace] GC(47) Metaspace: 16382K(17472K)->16382K(17472K) NonClass: 14223K(14720K)->14223K(14720K) Class: 2158K(2752K)->2158K(2752K)
[28.393s][info][gc          ] GC(47) Pause Full (System.gc()) 1797M->1797M(6144M) 639.392ms
[29.023s][info][gc,metaspace] GC(48) Metaspace: 16382K(17472K)->16382K(17472K) NonClass: 14223K(14720K)->14223K(14720K) Class: 2158K(2752K)->2158K(2752K)
[29.024s][info][gc          ] GC(48) Pause Full (System.gc()) 1797M->1797M(6144M) 630.232ms
[29.661s][info][gc,metaspace] GC(49) Metaspace: 16382K(17472K)->16382K(17472K) NonClass: 14223K(14720K)->14223K(14720K) Class: 2158K(2752K)->2158K(2752K)
[29.661s][info][gc          ] GC(49) Pause Full (System.gc()) 1797M->1797M(6144M) 637.029ms
[30.296s][info][gc,metaspace] GC(50) Metaspace: 16382K(17472K)->16382K(17472K) NonClass: 14223K(14720K)->14223K(14720K) Class: 2158K(2752K)->2158K(2752K)
[30.296s][info][gc          ] GC(50) Pause Full (System.gc()) 1797M->1797M(6144M) 635.065ms
[30.932s][info][gc,metaspace] GC(51) Metaspace: 16382K(17472K)->16382K(17472K) NonClass: 14223K(14720K)->14223K(14720K) Class: 2158K(2752K)->2158K(2752K)
[30.932s][info][gc          ] GC(51) Pause Full (System.gc()) 1797M->1797M(6144M) 636.310ms
[31.561s][info][gc,metaspace] GC(52) Metaspace: 16382K(17472K)->16382K(17472K) NonClass: 14223K(14720K)->14223K(14720K) Class: 2158K(2752K)->2158K(2752K)
[31.561s][info][gc          ] GC(52) Pause Full (System.gc()) 1797M->1797M(6144M) 629.045ms
[32.189s][info][gc,metaspace] GC(53) Metaspace: 16382K(17472K)->16382K(17472K) NonClass: 14223K(14720K)->14223K(14720K) Class: 2158K(2752K)->2158K(2752K)
[32.189s][info][gc          ] GC(53) Pause Full (System.gc()) 1797M->1797M(6144M) 627.939ms
[32.816s][info][gc,metaspace] GC(54) Metaspace: 16382K(17472K)->16382K(17472K) NonClass: 14223K(14720K)->14223K(14720K) Class: 2158K(2752K)->2158K(2752K)
[32.816s][info][gc          ] GC(54) Pause Full (System.gc()) 1797M->1797M(6144M) 626.683ms
[33.444s][info][gc,metaspace] GC(55) Metaspace: 16382K(17472K)->16382K(17472K) NonClass: 14223K(14720K)->14223K(14720K) Class: 2158K(2752K)->2158K(2752K)
[33.445s][info][gc          ] GC(55) Pause Full (System.gc()) 1797M->1797M(6144M) 628.461ms
[34.074s][info][gc,metaspace] GC(56) Metaspace: 16382K(17472K)->16382K(17472K) NonClass: 14223K(14720K)->14223K(14720K) Class: 2158K(2752K)->2158K(2752K)
[34.075s][info][gc          ] GC(56) Pause Full (System.gc()) 1797M->1797M(6144M) 629.876ms
[34.709s][info][gc,metaspace] GC(57) Metaspace: 16382K(17472K)->16382K(17472K) NonClass: 14223K(14720K)->14223K(14720K) Class: 2158K(2752K)->2158K(2752K)
[34.709s][info][gc          ] GC(57) Pause Full (System.gc()) 1797M->1797M(6144M) 633.997ms
[35.346s][info][gc,metaspace] GC(58) Metaspace: 16382K(17472K)->16382K(17472K) NonClass: 14223K(14720K)->14223K(14720K) Class: 2158K(2752K)->2158K(2752K)
[35.346s][info][gc          ] GC(58) Pause Full (System.gc()) 1797M->1797M(6144M) 637.440ms
[35.982s][info][gc,metaspace] GC(59) Metaspace: 16382K(17472K)->16382K(17472K) NonClass: 14223K(14720K)->14223K(14720K) Class: 2158K(2752K)->2158K(2752K)
[35.982s][info][gc          ] GC(59) Pause Full (System.gc()) 1797M->1797M(6144M) 635.569ms
[36.614s][info][gc,metaspace] GC(60) Metaspace: 16382K(17472K)->16382K(17472K) NonClass: 14223K(14720K)->14223K(14720K) Class: 2158K(2752K)->2158K(2752K)
[36.614s][info][gc          ] GC(60) Pause Full (System.gc()) 1797M->1797M(6144M) 632.525ms
[37.246s][info][gc,metaspace] GC(61) Metaspace: 16382K(17472K)->16382K(17472K) NonClass: 14223K(14720K)->14223K(14720K) Class: 2158K(2752K)->2158K(2752K)
[37.246s][info][gc          ] GC(61) Pause Full (System.gc()) 1797M->1797M(6144M) 631.308ms
[37.880s][info][gc,metaspace] GC(62) Metaspace: 16382K(17472K)->16382K(17472K) NonClass: 14223K(14720K)->14223K(14720K) Class: 2158K(2752K)->2158K(2752K)
[37.880s][info][gc          ] GC(62) Pause Full (System.gc()) 1797M->1797M(6144M) 633.898ms
[38.510s][info][gc,metaspace] GC(63) Metaspace: 16382K(17472K)->16382K(17472K) NonClass: 14223K(14720K)->14223K(14720K) Class: 2158K(2752K)->2158K(2752K)
[38.510s][info][gc          ] GC(63) Pause Full (System.gc()) 1797M->1797M(6144M) 630.587ms
[39.141s][info][gc,metaspace] GC(64) Metaspace: 16382K(17472K)->16382K(17472K) NonClass: 14223K(14720K)->14223K(14720K) Class: 2158K(2752K)->2158K(2752K)
[39.141s][info][gc          ] GC(64) Pause Full (System.gc()) 1797M->1797M(6144M) 630.601ms
[39.768s][info][gc,metaspace] GC(65) Metaspace: 16382K(17472K)->16382K(17472K) NonClass: 14223K(14720K)->14223K(14720K) Class: 2158K(2752K)->2158K(2752K)
[39.768s][info][gc          ] GC(65) Pause Full (System.gc()) 1797M->1797M(6144M) 626.583ms
[40.396s][info][gc,metaspace] GC(66) Metaspace: 16382K(17472K)->16382K(17472K) NonClass: 14223K(14720K)->14223K(14720K) Class: 2158K(2752K)->2158K(2752K)
[40.397s][info][gc          ] GC(66) Pause Full (System.gc()) 1797M->1797M(6144M) 628.747ms
[41.027s][info][gc,metaspace] GC(67) Metaspace: 16382K(17472K)->16382K(17472K) NonClass: 14223K(14720K)->14223K(14720K) Class: 2158K(2752K)->2158K(2752K)
[41.027s][info][gc          ] GC(67) Pause Full (System.gc()) 1797M->1797M(6144M) 630.410ms
After GCs... 
