Done; will start GCs... 
[16.071s][info][gc,metaspace] GC(27) Metaspace: 16492K(17600K)->16492K(17600K) NonClass: 13150K(13632K)->13150K(13632K) Class: 3342K(3968K)->3342K(3968K)
[16.071s][info][gc          ] GC(27) Pause Full (System.gc()) 1580M->1578M(6144M) 638.999ms
[16.719s][info][gc,metaspace] GC(28) Metaspace: 16492K(17600K)->16492K(17600K) NonClass: 13150K(13632K)->13150K(13632K) Class: 3342K(3968K)->3342K(3968K)
[16.719s][info][gc          ] GC(28) Pause Full (System.gc()) 1578M->1578M(6144M) 648.251ms
[17.345s][info][gc,metaspace] GC(29) Metaspace: 16492K(17600K)->16492K(17600K) NonClass: 13150K(13632K)->13150K(13632K) Class: 3342K(3968K)->3342K(3968K)
[17.345s][info][gc          ] GC(29) Pause Full (System.gc()) 1578M->1578M(6144M) 625.726ms
[17.999s][info][gc,metaspace] GC(30) Metaspace: 16492K(17600K)->16492K(17600K) NonClass: 13150K(13632K)->13150K(13632K) Class: 3342K(3968K)->3342K(3968K)
[17.999s][info][gc          ] GC(30) Pause Full (System.gc()) 1578M->1578M(6144M) 654.502ms
[18.623s][info][gc,metaspace] GC(31) Metaspace: 16492K(17600K)->16492K(17600K) NonClass: 13150K(13632K)->13150K(13632K) Class: 3342K(3968K)->3342K(3968K)
[18.623s][info][gc          ] GC(31) Pause Full (System.gc()) 1578M->1578M(6144M) 623.750ms
[19.268s][info][gc,metaspace] GC(32) Metaspace: 16492K(17600K)->16492K(17600K) NonClass: 13150K(13632K)->13150K(13632K) Class: 3342K(3968K)->3342K(3968K)
[19.268s][info][gc          ] GC(32) Pause Full (System.gc()) 1578M->1578M(6144M) 644.741ms
[19.900s][info][gc,metaspace] GC(33) Metaspace: 16492K(17600K)->16492K(17600K) NonClass: 13150K(13632K)->13150K(13632K) Class: 3342K(3968K)->3342K(3968K)
[19.901s][info][gc          ] GC(33) Pause Full (System.gc()) 1578M->1578M(6144M) 632.404ms
[20.540s][info][gc,metaspace] GC(34) Metaspace: 16492K(17600K)->16492K(17600K) NonClass: 13150K(13632K)->13150K(13632K) Class: 3342K(3968K)->3342K(3968K)
[20.540s][info][gc          ] GC(34) Pause Full (System.gc()) 1578M->1578M(6144M) 639.838ms
[21.174s][info][gc,metaspace] GC(35) Metaspace: 16492K(17600K)->16492K(17600K) NonClass: 13150K(13632K)->13150K(13632K) Class: 3342K(3968K)->3342K(3968K)
[21.174s][info][gc          ] GC(35) Pause Full (System.gc()) 1578M->1578M(6144M) 633.780ms
[21.804s][info][gc,metaspace] GC(36) Metaspace: 16492K(17600K)->16492K(17600K) NonClass: 13150K(13632K)->13150K(13632K) Class: 3342K(3968K)->3342K(3968K)
[21.804s][info][gc          ] GC(36) Pause Full (System.gc()) 1578M->1578M(6144M) 630.019ms
[22.436s][info][gc,metaspace] GC(37) Metaspace: 16492K(17600K)->16492K(17600K) NonClass: 13150K(13632K)->13150K(13632K) Class: 3342K(3968K)->3342K(3968K)
[22.436s][info][gc          ] GC(37) Pause Full (System.gc()) 1578M->1578M(6144M) 631.500ms
[23.069s][info][gc,metaspace] GC(38) Metaspace: 16492K(17600K)->16492K(17600K) NonClass: 13150K(13632K)->13150K(13632K) Class: 3342K(3968K)->3342K(3968K)
[23.069s][info][gc          ] GC(38) Pause Full (System.gc()) 1578M->1578M(6144M) 633.194ms
[23.699s][info][gc,metaspace] GC(39) Metaspace: 16492K(17600K)->16492K(17600K) NonClass: 13150K(13632K)->13150K(13632K) Class: 3342K(3968K)->3342K(3968K)
[23.699s][info][gc          ] GC(39) Pause Full (System.gc()) 1578M->1578M(6144M) 630.102ms
[24.347s][info][gc,metaspace] GC(40) Metaspace: 16492K(17600K)->16492K(17600K) NonClass: 13150K(13632K)->13150K(13632K) Class: 3342K(3968K)->3342K(3968K)
[24.347s][info][gc          ] GC(40) Pause Full (System.gc()) 1578M->1578M(6144M) 647.748ms
[24.991s][info][gc,metaspace] GC(41) Metaspace: 16492K(17600K)->16492K(17600K) NonClass: 13150K(13632K)->13150K(13632K) Class: 3342K(3968K)->3342K(3968K)
[24.991s][info][gc          ] GC(41) Pause Full (System.gc()) 1578M->1578M(6144M) 643.884ms
[25.622s][info][gc,metaspace] GC(42) Metaspace: 16492K(17600K)->16492K(17600K) NonClass: 13150K(13632K)->13150K(13632K) Class: 3342K(3968K)->3342K(3968K)
[25.622s][info][gc          ] GC(42) Pause Full (System.gc()) 1578M->1578M(6144M) 630.736ms
[26.253s][info][gc,metaspace] GC(43) Metaspace: 16492K(17600K)->16492K(17600K) NonClass: 13150K(13632K)->13150K(13632K) Class: 3342K(3968K)->3342K(3968K)
[26.253s][info][gc          ] GC(43) Pause Full (System.gc()) 1578M->1578M(6144M) 630.913ms
[26.897s][info][gc,metaspace] GC(44) Metaspace: 16492K(17600K)->16492K(17600K) NonClass: 13150K(13632K)->13150K(13632K) Class: 3342K(3968K)->3342K(3968K)
[26.897s][info][gc          ] GC(44) Pause Full (System.gc()) 1578M->1578M(6144M) 643.653ms
[27.545s][info][gc,metaspace] GC(45) Metaspace: 16492K(17600K)->16492K(17600K) NonClass: 13150K(13632K)->13150K(13632K) Class: 3342K(3968K)->3342K(3968K)
[27.545s][info][gc          ] GC(45) Pause Full (System.gc()) 1578M->1578M(6144M) 648.445ms
[28.175s][info][gc,metaspace] GC(46) Metaspace: 16492K(17600K)->16492K(17600K) NonClass: 13150K(13632K)->13150K(13632K) Class: 3342K(3968K)->3342K(3968K)
[28.175s][info][gc          ] GC(46) Pause Full (System.gc()) 1578M->1578M(6144M) 629.418ms
[28.821s][info][gc,metaspace] GC(47) Metaspace: 16492K(17600K)->16492K(17600K) NonClass: 13150K(13632K)->13150K(13632K) Class: 3342K(3968K)->3342K(3968K)
[28.821s][info][gc          ] GC(47) Pause Full (System.gc()) 1578M->1578M(6144M) 646.112ms
[29.473s][info][gc,metaspace] GC(48) Metaspace: 16492K(17600K)->16492K(17600K) NonClass: 13150K(13632K)->13150K(13632K) Class: 3342K(3968K)->3342K(3968K)
[29.473s][info][gc          ] GC(48) Pause Full (System.gc()) 1578M->1578M(6144M) 652.334ms
[30.112s][info][gc,metaspace] GC(49) Metaspace: 16492K(17600K)->16492K(17600K) NonClass: 13150K(13632K)->13150K(13632K) Class: 3342K(3968K)->3342K(3968K)
[30.112s][info][gc          ] GC(49) Pause Full (System.gc()) 1578M->1578M(6144M) 638.818ms
[30.758s][info][gc,metaspace] GC(50) Metaspace: 16492K(17600K)->16492K(17600K) NonClass: 13150K(13632K)->13150K(13632K) Class: 3342K(3968K)->3342K(3968K)
[30.758s][info][gc          ] GC(50) Pause Full (System.gc()) 1578M->1578M(6144M) 646.327ms
[31.401s][info][gc,metaspace] GC(51) Metaspace: 16492K(17600K)->16492K(17600K) NonClass: 13150K(13632K)->13150K(13632K) Class: 3342K(3968K)->3342K(3968K)
[31.401s][info][gc          ] GC(51) Pause Full (System.gc()) 1578M->1578M(6144M) 642.678ms
[32.044s][info][gc,metaspace] GC(52) Metaspace: 16492K(17600K)->16492K(17600K) NonClass: 13150K(13632K)->13150K(13632K) Class: 3342K(3968K)->3342K(3968K)
[32.044s][info][gc          ] GC(52) Pause Full (System.gc()) 1578M->1578M(6144M) 642.985ms
[32.691s][info][gc,metaspace] GC(53) Metaspace: 16492K(17600K)->16492K(17600K) NonClass: 13150K(13632K)->13150K(13632K) Class: 3342K(3968K)->3342K(3968K)
[32.691s][info][gc          ] GC(53) Pause Full (System.gc()) 1578M->1578M(6144M) 647.112ms
[33.324s][info][gc,metaspace] GC(54) Metaspace: 16492K(17600K)->16492K(17600K) NonClass: 13150K(13632K)->13150K(13632K) Class: 3342K(3968K)->3342K(3968K)
[33.324s][info][gc          ] GC(54) Pause Full (System.gc()) 1578M->1578M(6144M) 632.704ms
[33.955s][info][gc,metaspace] GC(55) Metaspace: 16492K(17600K)->16492K(17600K) NonClass: 13150K(13632K)->13150K(13632K) Class: 3342K(3968K)->3342K(3968K)
[33.955s][info][gc          ] GC(55) Pause Full (System.gc()) 1578M->1578M(6144M) 630.377ms
[34.593s][info][gc,metaspace] GC(56) Metaspace: 16492K(17600K)->16492K(17600K) NonClass: 13150K(13632K)->13150K(13632K) Class: 3342K(3968K)->3342K(3968K)
[34.593s][info][gc          ] GC(56) Pause Full (System.gc()) 1578M->1578M(6144M) 638.101ms
[35.222s][info][gc,metaspace] GC(57) Metaspace: 16492K(17600K)->16492K(17600K) NonClass: 13150K(13632K)->13150K(13632K) Class: 3342K(3968K)->3342K(3968K)
[35.222s][info][gc          ] GC(57) Pause Full (System.gc()) 1578M->1578M(6144M) 629.000ms
[35.865s][info][gc,metaspace] GC(58) Metaspace: 16492K(17600K)->16492K(17600K) NonClass: 13150K(13632K)->13150K(13632K) Class: 3342K(3968K)->3342K(3968K)
[35.865s][info][gc          ] GC(58) Pause Full (System.gc()) 1578M->1578M(6144M) 642.929ms
[36.500s][info][gc,metaspace] GC(59) Metaspace: 16492K(17600K)->16492K(17600K) NonClass: 13150K(13632K)->13150K(13632K) Class: 3342K(3968K)->3342K(3968K)
[36.500s][info][gc          ] GC(59) Pause Full (System.gc()) 1578M->1578M(6144M) 634.662ms
[37.125s][info][gc,metaspace] GC(60) Metaspace: 16492K(17600K)->16492K(17600K) NonClass: 13150K(13632K)->13150K(13632K) Class: 3342K(3968K)->3342K(3968K)
[37.125s][info][gc          ] GC(60) Pause Full (System.gc()) 1578M->1578M(6144M) 625.361ms
[37.754s][info][gc,metaspace] GC(61) Metaspace: 16492K(17600K)->16492K(17600K) NonClass: 13150K(13632K)->13150K(13632K) Class: 3342K(3968K)->3342K(3968K)
[37.754s][info][gc          ] GC(61) Pause Full (System.gc()) 1578M->1578M(6144M) 629.333ms
[38.389s][info][gc,metaspace] GC(62) Metaspace: 16492K(17600K)->16492K(17600K) NonClass: 13150K(13632K)->13150K(13632K) Class: 3342K(3968K)->3342K(3968K)
[38.389s][info][gc          ] GC(62) Pause Full (System.gc()) 1578M->1578M(6144M) 634.470ms
[39.018s][info][gc,metaspace] GC(63) Metaspace: 16492K(17600K)->16492K(17600K) NonClass: 13150K(13632K)->13150K(13632K) Class: 3342K(3968K)->3342K(3968K)
[39.018s][info][gc          ] GC(63) Pause Full (System.gc()) 1578M->1578M(6144M) 629.396ms
[39.657s][info][gc,metaspace] GC(64) Metaspace: 16492K(17600K)->16492K(17600K) NonClass: 13150K(13632K)->13150K(13632K) Class: 3342K(3968K)->3342K(3968K)
[39.657s][info][gc          ] GC(64) Pause Full (System.gc()) 1578M->1578M(6144M) 638.318ms
[40.299s][info][gc,metaspace] GC(65) Metaspace: 16492K(17600K)->16492K(17600K) NonClass: 13150K(13632K)->13150K(13632K) Class: 3342K(3968K)->3342K(3968K)
[40.299s][info][gc          ] GC(65) Pause Full (System.gc()) 1578M->1578M(6144M) 641.829ms
[40.930s][info][gc,metaspace] GC(66) Metaspace: 16492K(17600K)->16492K(17600K) NonClass: 13150K(13632K)->13150K(13632K) Class: 3342K(3968K)->3342K(3968K)
[40.931s][info][gc          ] GC(66) Pause Full (System.gc()) 1578M->1578M(6144M) 631.767ms
After GCs... 
