Done; will start GCs... 
[15.943s][info][gc,metaspace] GC(27) Metaspace: 16492K(17664K)->16492K(17664K) NonClass: 13148K(13696K)->13148K(13696K) Class: 3343K(3968K)->3343K(3968K)
[15.943s][info][gc          ] GC(27) Pause Full (System.gc()) 1579M->1577M(6144M) 698.446ms
[16.724s][info][gc,metaspace] GC(28) Metaspace: 16492K(17664K)->16492K(17664K) NonClass: 13148K(13696K)->13148K(13696K) Class: 3343K(3968K)->3343K(3968K)
[16.724s][info][gc          ] GC(28) Pause Full (System.gc()) 1577M->1577M(6144M) 780.647ms
[17.520s][info][gc,metaspace] GC(29) Metaspace: 16492K(17664K)->16492K(17664K) NonClass: 13148K(13696K)->13148K(13696K) Class: 3343K(3968K)->3343K(3968K)
[17.520s][info][gc          ] GC(29) Pause Full (System.gc()) 1577M->1577M(6144M) 795.433ms
[18.292s][info][gc,metaspace] GC(30) Metaspace: 16492K(17664K)->16492K(17664K) NonClass: 13148K(13696K)->13148K(13696K) Class: 3343K(3968K)->3343K(3968K)
[18.292s][info][gc          ] GC(30) Pause Full (System.gc()) 1577M->1577M(6144M) 772.602ms
[19.074s][info][gc,metaspace] GC(31) Metaspace: 16492K(17664K)->16492K(17664K) NonClass: 13148K(13696K)->13148K(13696K) Class: 3343K(3968K)->3343K(3968K)
[19.074s][info][gc          ] GC(31) Pause Full (System.gc()) 1577M->1577M(6144M) 781.473ms
[19.784s][info][gc,metaspace] GC(32) Metaspace: 16492K(17664K)->16492K(17664K) NonClass: 13148K(13696K)->13148K(13696K) Class: 3343K(3968K)->3343K(3968K)
[19.784s][info][gc          ] GC(32) Pause Full (System.gc()) 1577M->1577M(6144M) 709.764ms
[20.485s][info][gc,metaspace] GC(33) Metaspace: 16492K(17664K)->16492K(17664K) NonClass: 13148K(13696K)->13148K(13696K) Class: 3343K(3968K)->3343K(3968K)
[20.485s][info][gc          ] GC(33) Pause Full (System.gc()) 1577M->1577M(6144M) 701.685ms
[21.203s][info][gc,metaspace] GC(34) Metaspace: 16492K(17664K)->16492K(17664K) NonClass: 13148K(13696K)->13148K(13696K) Class: 3343K(3968K)->3343K(3968K)
[21.203s][info][gc          ] GC(34) Pause Full (System.gc()) 1577M->1577M(6144M) 717.467ms
[21.938s][info][gc,metaspace] GC(35) Metaspace: 16492K(17664K)->16492K(17664K) NonClass: 13148K(13696K)->13148K(13696K) Class: 3343K(3968K)->3343K(3968K)
[21.938s][info][gc          ] GC(35) Pause Full (System.gc()) 1577M->1577M(6144M) 735.011ms
[22.643s][info][gc,metaspace] GC(36) Metaspace: 16492K(17664K)->16492K(17664K) NonClass: 13148K(13696K)->13148K(13696K) Class: 3343K(3968K)->3343K(3968K)
[22.643s][info][gc          ] GC(36) Pause Full (System.gc()) 1577M->1577M(6144M) 705.233ms
[23.368s][info][gc,metaspace] GC(37) Metaspace: 16492K(17664K)->16492K(17664K) NonClass: 13148K(13696K)->13148K(13696K) Class: 3343K(3968K)->3343K(3968K)
[23.368s][info][gc          ] GC(37) Pause Full (System.gc()) 1577M->1577M(6144M) 724.364ms
[24.069s][info][gc,metaspace] GC(38) Metaspace: 16492K(17664K)->16492K(17664K) NonClass: 13148K(13696K)->13148K(13696K) Class: 3343K(3968K)->3343K(3968K)
[24.069s][info][gc          ] GC(38) Pause Full (System.gc()) 1577M->1577M(6144M) 701.086ms
[24.782s][info][gc,metaspace] GC(39) Metaspace: 16492K(17664K)->16492K(17664K) NonClass: 13148K(13696K)->13148K(13696K) Class: 3343K(3968K)->3343K(3968K)
[24.782s][info][gc          ] GC(39) Pause Full (System.gc()) 1577M->1577M(6144M) 712.811ms
[25.483s][info][gc,metaspace] GC(40) Metaspace: 16492K(17664K)->16492K(17664K) NonClass: 13148K(13696K)->13148K(13696K) Class: 3343K(3968K)->3343K(3968K)
[25.483s][info][gc          ] GC(40) Pause Full (System.gc()) 1577M->1577M(6144M) 701.278ms
[26.197s][info][gc,metaspace] GC(41) Metaspace: 16492K(17664K)->16492K(17664K) NonClass: 13148K(13696K)->13148K(13696K) Class: 3343K(3968K)->3343K(3968K)
[26.197s][info][gc          ] GC(41) Pause Full (System.gc()) 1577M->1577M(6144M) 713.905ms
[26.914s][info][gc,metaspace] GC(42) Metaspace: 16492K(17664K)->16492K(17664K) NonClass: 13148K(13696K)->13148K(13696K) Class: 3343K(3968K)->3343K(3968K)
[26.914s][info][gc          ] GC(42) Pause Full (System.gc()) 1577M->1577M(6144M) 716.460ms
[27.614s][info][gc,metaspace] GC(43) Metaspace: 16492K(17664K)->16492K(17664K) NonClass: 13148K(13696K)->13148K(13696K) Class: 3343K(3968K)->3343K(3968K)
[27.614s][info][gc          ] GC(43) Pause Full (System.gc()) 1577M->1577M(6144M) 700.209ms
[28.310s][info][gc,metaspace] GC(44) Metaspace: 16492K(17664K)->16492K(17664K) NonClass: 13148K(13696K)->13148K(13696K) Class: 3343K(3968K)->3343K(3968K)
[28.310s][info][gc          ] GC(44) Pause Full (System.gc()) 1577M->1577M(6144M) 696.164ms
[29.042s][info][gc,metaspace] GC(45) Metaspace: 16492K(17664K)->16492K(17664K) NonClass: 13148K(13696K)->13148K(13696K) Class: 3343K(3968K)->3343K(3968K)
[29.042s][info][gc          ] GC(45) Pause Full (System.gc()) 1577M->1577M(6144M) 731.348ms
[29.749s][info][gc,metaspace] GC(46) Metaspace: 16492K(17664K)->16492K(17664K) NonClass: 13148K(13696K)->13148K(13696K) Class: 3343K(3968K)->3343K(3968K)
[29.749s][info][gc          ] GC(46) Pause Full (System.gc()) 1577M->1577M(6144M) 707.317ms
[30.452s][info][gc,metaspace] GC(47) Metaspace: 16492K(17664K)->16492K(17664K) NonClass: 13148K(13696K)->13148K(13696K) Class: 3343K(3968K)->3343K(3968K)
[30.452s][info][gc          ] GC(47) Pause Full (System.gc()) 1577M->1577M(6144M) 703.378ms
[31.164s][info][gc,metaspace] GC(48) Metaspace: 16492K(17664K)->16492K(17664K) NonClass: 13148K(13696K)->13148K(13696K) Class: 3343K(3968K)->3343K(3968K)
[31.164s][info][gc          ] GC(48) Pause Full (System.gc()) 1577M->1577M(6144M) 711.136ms
[31.873s][info][gc,metaspace] GC(49) Metaspace: 16492K(17664K)->16492K(17664K) NonClass: 13148K(13696K)->13148K(13696K) Class: 3343K(3968K)->3343K(3968K)
[31.873s][info][gc          ] GC(49) Pause Full (System.gc()) 1577M->1577M(6144M) 709.087ms
[32.593s][info][gc,metaspace] GC(50) Metaspace: 16492K(17664K)->16492K(17664K) NonClass: 13148K(13696K)->13148K(13696K) Class: 3343K(3968K)->3343K(3968K)
[32.593s][info][gc          ] GC(50) Pause Full (System.gc()) 1577M->1577M(6144M) 720.257ms
[33.298s][info][gc,metaspace] GC(51) Metaspace: 16492K(17664K)->16492K(17664K) NonClass: 13148K(13696K)->13148K(13696K) Class: 3343K(3968K)->3343K(3968K)
[33.298s][info][gc          ] GC(51) Pause Full (System.gc()) 1577M->1577M(6144M) 704.972ms
[34.019s][info][gc,metaspace] GC(52) Metaspace: 16492K(17664K)->16492K(17664K) NonClass: 13148K(13696K)->13148K(13696K) Class: 3343K(3968K)->3343K(3968K)
[34.019s][info][gc          ] GC(52) Pause Full (System.gc()) 1577M->1577M(6144M) 720.611ms
[34.719s][info][gc,metaspace] GC(53) Metaspace: 16492K(17664K)->16492K(17664K) NonClass: 13148K(13696K)->13148K(13696K) Class: 3343K(3968K)->3343K(3968K)
[34.719s][info][gc          ] GC(53) Pause Full (System.gc()) 1577M->1577M(6144M) 699.709ms
[35.463s][info][gc,metaspace] GC(54) Metaspace: 16492K(17664K)->16492K(17664K) NonClass: 13148K(13696K)->13148K(13696K) Class: 3343K(3968K)->3343K(3968K)
[35.463s][info][gc          ] GC(54) Pause Full (System.gc()) 1577M->1577M(6144M) 744.754ms
[36.163s][info][gc,metaspace] GC(55) Metaspace: 16492K(17664K)->16492K(17664K) NonClass: 13148K(13696K)->13148K(13696K) Class: 3343K(3968K)->3343K(3968K)
[36.163s][info][gc          ] GC(55) Pause Full (System.gc()) 1577M->1577M(6144M) 699.477ms
[36.878s][info][gc,metaspace] GC(56) Metaspace: 16492K(17664K)->16492K(17664K) NonClass: 13148K(13696K)->13148K(13696K) Class: 3343K(3968K)->3343K(3968K)
[36.878s][info][gc          ] GC(56) Pause Full (System.gc()) 1577M->1577M(6144M) 714.565ms
[37.584s][info][gc,metaspace] GC(57) Metaspace: 16492K(17664K)->16492K(17664K) NonClass: 13148K(13696K)->13148K(13696K) Class: 3343K(3968K)->3343K(3968K)
[37.584s][info][gc          ] GC(57) Pause Full (System.gc()) 1577M->1577M(6144M) 706.750ms
[38.284s][info][gc,metaspace] GC(58) Metaspace: 16492K(17664K)->16492K(17664K) NonClass: 13148K(13696K)->13148K(13696K) Class: 3343K(3968K)->3343K(3968K)
[38.284s][info][gc          ] GC(58) Pause Full (System.gc()) 1577M->1577M(6144M) 699.780ms
[39.002s][info][gc,metaspace] GC(59) Metaspace: 16492K(17664K)->16492K(17664K) NonClass: 13148K(13696K)->13148K(13696K) Class: 3343K(3968K)->3343K(3968K)
[39.002s][info][gc          ] GC(59) Pause Full (System.gc()) 1577M->1577M(6144M) 717.606ms
[39.703s][info][gc,metaspace] GC(60) Metaspace: 16492K(17664K)->16492K(17664K) NonClass: 13148K(13696K)->13148K(13696K) Class: 3343K(3968K)->3343K(3968K)
[39.703s][info][gc          ] GC(60) Pause Full (System.gc()) 1577M->1577M(6144M) 700.528ms
[40.436s][info][gc,metaspace] GC(61) Metaspace: 16492K(17664K)->16492K(17664K) NonClass: 13148K(13696K)->13148K(13696K) Class: 3343K(3968K)->3343K(3968K)
[40.436s][info][gc          ] GC(61) Pause Full (System.gc()) 1577M->1577M(6144M) 733.723ms
[41.138s][info][gc,metaspace] GC(62) Metaspace: 16492K(17664K)->16492K(17664K) NonClass: 13148K(13696K)->13148K(13696K) Class: 3343K(3968K)->3343K(3968K)
[41.138s][info][gc          ] GC(62) Pause Full (System.gc()) 1577M->1577M(6144M) 701.120ms
[41.836s][info][gc,metaspace] GC(63) Metaspace: 16492K(17664K)->16492K(17664K) NonClass: 13148K(13696K)->13148K(13696K) Class: 3343K(3968K)->3343K(3968K)
[41.836s][info][gc          ] GC(63) Pause Full (System.gc()) 1577M->1577M(6144M) 698.628ms
[42.570s][info][gc,metaspace] GC(64) Metaspace: 16492K(17664K)->16492K(17664K) NonClass: 13148K(13696K)->13148K(13696K) Class: 3343K(3968K)->3343K(3968K)
[42.570s][info][gc          ] GC(64) Pause Full (System.gc()) 1577M->1577M(6144M) 733.989ms
[43.275s][info][gc,metaspace] GC(65) Metaspace: 16492K(17664K)->16492K(17664K) NonClass: 13148K(13696K)->13148K(13696K) Class: 3343K(3968K)->3343K(3968K)
[43.275s][info][gc          ] GC(65) Pause Full (System.gc()) 1577M->1577M(6144M) 704.697ms
[43.997s][info][gc,metaspace] GC(66) Metaspace: 16492K(17664K)->16492K(17664K) NonClass: 13148K(13696K)->13148K(13696K) Class: 3343K(3968K)->3343K(3968K)
[43.997s][info][gc          ] GC(66) Pause Full (System.gc()) 1577M->1577M(6144M) 721.619ms
After GCs... 
