Done; will start GCs... 
[16.361s][info][gc,metaspace] GC(28) Metaspace: 16382K(17472K)->16382K(17472K) NonClass: 14223K(14720K)->14223K(14720K) Class: 2158K(2752K)->2158K(2752K)
[16.361s][info][gc          ] GC(28) Pause Full (System.gc()) 1799M->1797M(6144M) 639.449ms
[16.994s][info][gc,metaspace] GC(29) Metaspace: 16382K(17472K)->16382K(17472K) NonClass: 14223K(14720K)->14223K(14720K) Class: 2158K(2752K)->2158K(2752K)
[16.994s][info][gc          ] GC(29) Pause Full (System.gc()) 1797M->1797M(6144M) 633.172ms
[17.623s][info][gc,metaspace] GC(30) Metaspace: 16382K(17472K)->16382K(17472K) NonClass: 14223K(14720K)->14223K(14720K) Class: 2158K(2752K)->2158K(2752K)
[17.623s][info][gc          ] GC(30) Pause Full (System.gc()) 1797M->1797M(6144M) 629.382ms
[18.259s][info][gc,metaspace] GC(31) Metaspace: 16382K(17472K)->16382K(17472K) NonClass: 14223K(14720K)->14223K(14720K) Class: 2158K(2752K)->2158K(2752K)
[18.259s][info][gc          ] GC(31) Pause Full (System.gc()) 1797M->1797M(6144M) 635.358ms
[18.890s][info][gc,metaspace] GC(32) Metaspace: 16382K(17472K)->16382K(17472K) NonClass: 14223K(14720K)->14223K(14720K) Class: 2158K(2752K)->2158K(2752K)
[18.890s][info][gc          ] GC(32) Pause Full (System.gc()) 1797M->1797M(6144M) 631.548ms
[19.518s][info][gc,metaspace] GC(33) Metaspace: 16382K(17472K)->16382K(17472K) NonClass: 14223K(14720K)->14223K(14720K) Class: 2158K(2752K)->2158K(2752K)
[19.518s][info][gc          ] GC(33) Pause Full (System.gc()) 1797M->1797M(6144M) 627.905ms
[20.158s][info][gc,metaspace] GC(34) Metaspace: 16382K(17472K)->16382K(17472K) NonClass: 14223K(14720K)->14223K(14720K) Class: 2158K(2752K)->2158K(2752K)
[20.158s][info][gc          ] GC(34) Pause Full (System.gc()) 1797M->1797M(6144M) 639.330ms
[20.789s][info][gc,metaspace] GC(35) Metaspace: 16382K(17472K)->16382K(17472K) NonClass: 14223K(14720K)->14223K(14720K) Class: 2158K(2752K)->2158K(2752K)
[20.789s][info][gc          ] GC(35) Pause Full (System.gc()) 1797M->1797M(6144M) 631.393ms
[21.419s][info][gc,metaspace] GC(36) Metaspace: 16382K(17472K)->16382K(17472K) NonClass: 14223K(14720K)->14223K(14720K) Class: 2158K(2752K)->2158K(2752K)
[21.419s][info][gc          ] GC(36) Pause Full (System.gc()) 1797M->1797M(6144M) 629.634ms
[22.046s][info][gc,metaspace] GC(37) Metaspace: 16382K(17472K)->16382K(17472K) NonClass: 14223K(14720K)->14223K(14720K) Class: 2158K(2752K)->2158K(2752K)
[22.046s][info][gc          ] GC(37) Pause Full (System.gc()) 1797M->1797M(6144M) 627.139ms
[22.679s][info][gc,metaspace] GC(38) Metaspace: 16382K(17472K)->16382K(17472K) NonClass: 14223K(14720K)->14223K(14720K) Class: 2158K(2752K)->2158K(2752K)
[22.679s][info][gc          ] GC(38) Pause Full (System.gc()) 1797M->1797M(6144M) 632.961ms
[23.312s][info][gc,metaspace] GC(39) Metaspace: 16382K(17472K)->16382K(17472K) NonClass: 14223K(14720K)->14223K(14720K) Class: 2158K(2752K)->2158K(2752K)
[23.312s][info][gc          ] GC(39) Pause Full (System.gc()) 1797M->1797M(6144M) 632.820ms
[23.943s][info][gc,metaspace] GC(40) Metaspace: 16382K(17472K)->16382K(17472K) NonClass: 14223K(14720K)->14223K(14720K) Class: 2158K(2752K)->2158K(2752K)
[23.943s][info][gc          ] GC(40) Pause Full (System.gc()) 1797M->1797M(6144M) 630.807ms
[24.579s][info][gc,metaspace] GC(41) Metaspace: 16382K(17472K)->16382K(17472K) NonClass: 14223K(14720K)->14223K(14720K) Class: 2158K(2752K)->2158K(2752K)
[24.579s][info][gc          ] GC(41) Pause Full (System.gc()) 1797M->1797M(6144M) 636.196ms
[25.220s][info][gc,metaspace] GC(42) Metaspace: 16382K(17472K)->16382K(17472K) NonClass: 14223K(14720K)->14223K(14720K) Class: 2158K(2752K)->2158K(2752K)
[25.220s][info][gc          ] GC(42) Pause Full (System.gc()) 1797M->1797M(6144M) 640.397ms
[25.848s][info][gc,metaspace] GC(43) Metaspace: 16382K(17472K)->16382K(17472K) NonClass: 14223K(14720K)->14223K(14720K) Class: 2158K(2752K)->2158K(2752K)
[25.848s][info][gc          ] GC(43) Pause Full (System.gc()) 1797M->1797M(6144M) 628.351ms
[26.484s][info][gc,metaspace] GC(44) Metaspace: 16382K(17472K)->16382K(17472K) NonClass: 14223K(14720K)->14223K(14720K) Class: 2158K(2752K)->2158K(2752K)
[26.484s][info][gc          ] GC(44) Pause Full (System.gc()) 1797M->1797M(6144M) 635.550ms
[27.123s][info][gc,metaspace] GC(45) Metaspace: 16382K(17472K)->16382K(17472K) NonClass: 14223K(14720K)->14223K(14720K) Class: 2158K(2752K)->2158K(2752K)
[27.123s][info][gc          ] GC(45) Pause Full (System.gc()) 1797M->1797M(6144M) 639.446ms
[27.754s][info][gc,metaspace] GC(46) Metaspace: 16382K(17472K)->16382K(17472K) NonClass: 14223K(14720K)->14223K(14720K) Class: 2158K(2752K)->2158K(2752K)
[27.754s][info][gc          ] GC(46) Pause Full (System.gc()) 1797M->1797M(6144M) 630.444ms
[28.393s][info][gc,metaspace] GC(47) Metaspace: 16382K(17472K)->16382K(17472K) NonClass: 14223K(14720K)->14223K(14720K) Class: 2158K(2752K)->2158K(2752K)
[28.393s][info][gc          ] GC(47) Pause Full (System.gc()) 1797M->1797M(6144M) 639.392ms
[29.023s][info][gc,metaspace] GC(48) Metaspace: 16382K(17472K)->16382K(17472K) NonClass: 14223K(14720K)->14223K(14720K) Class: 2158K(2752K)->2158K(2752K)
[29.024s][info][gc          ] GC(48) Pause Full (System.gc()) 1797M->1797M(6144M) 630.232ms
[29.661s][info][gc,metaspace] GC(49) Metaspace: 16382K(17472K)->16382K(17472K) NonClass: 14223K(14720K)->14223K(14720K) Class: 2158K(2752K)->2158K(2752K)
[29.661s][info][gc          ] GC(49) Pause Full (System.gc()) 1797M->1797M(6144M) 637.029ms
[30.296s][info][gc,metaspace] GC(50) Metaspace: 16382K(17472K)->16382K(17472K) NonClass: 14223K(14720K)->14223K(14720K) Class: 2158K(2752K)->2158K(2752K)
[30.296s][info][gc          ] GC(50) Pause Full (System.gc()) 1797M->1797M(6144M) 635.065ms
[30.932s][info][gc,metaspace] GC(51) Metaspace: 16382K(17472K)->16382K(17472K) NonClass: 14223K(14720K)->14223K(14720K) Class: 2158K(2752K)->2158K(2752K)
[30.932s][info][gc          ] GC(51) Pause Full (System.gc()) 1797M->1797M(6144M) 636.310ms
[31.561s][info][gc,metaspace] GC(52) Metaspace: 16382K(17472K)->16382K(17472K) NonClass: 14223K(14720K)->14223K(14720K) Class: 2158K(2752K)->2158K(2752K)
[31.561s][info][gc          ] GC(52) Pause Full (System.gc()) 1797M->1797M(6144M) 629.045ms
[32.189s][info][gc,metaspace] GC(53) Metaspace: 16382K(17472K)->16382K(17472K) NonClass: 14223K(14720K)->14223K(14720K) Class: 2158K(2752K)->2158K(2752K)
[32.189s][info][gc          ] GC(53) Pause Full (System.gc()) 1797M->1797M(6144M) 627.939ms
[32.816s][info][gc,metaspace] GC(54) Metaspace: 16382K(17472K)->16382K(17472K) NonClass: 14223K(14720K)->14223K(14720K) Class: 2158K(2752K)->2158K(2752K)
[32.816s][info][gc          ] GC(54) Pause Full (System.gc()) 1797M->1797M(6144M) 626.683ms
[33.444s][info][gc,metaspace] GC(55) Metaspace: 16382K(17472K)->16382K(17472K) NonClass: 14223K(14720K)->14223K(14720K) Class: 2158K(2752K)->2158K(2752K)
[33.445s][info][gc          ] GC(55) Pause Full (System.gc()) 1797M->1797M(6144M) 628.461ms
[34.074s][info][gc,metaspace] GC(56) Metaspace: 16382K(17472K)->16382K(17472K) NonClass: 14223K(14720K)->14223K(14720K) Class: 2158K(2752K)->2158K(2752K)
[34.075s][info][gc          ] GC(56) Pause Full (System.gc()) 1797M->1797M(6144M) 629.876ms
[34.709s][info][gc,metaspace] GC(57) Metaspace: 16382K(17472K)->16382K(17472K) NonClass: 14223K(14720K)->14223K(14720K) Class: 2158K(2752K)->2158K(2752K)
[34.709s][info][gc          ] GC(57) Pause Full (System.gc()) 1797M->1797M(6144M) 633.997ms
[35.346s][info][gc,metaspace] GC(58) Metaspace: 16382K(17472K)->16382K(17472K) NonClass: 14223K(14720K)->14223K(14720K) Class: 2158K(2752K)->2158K(2752K)
[35.346s][info][gc          ] GC(58) Pause Full (System.gc()) 1797M->1797M(6144M) 637.440ms
[35.982s][info][gc,metaspace] GC(59) Metaspace: 16382K(17472K)->16382K(17472K) NonClass: 14223K(14720K)->14223K(14720K) Class: 2158K(2752K)->2158K(2752K)
[35.982s][info][gc          ] GC(59) Pause Full (System.gc()) 1797M->1797M(6144M) 635.569ms
[36.614s][info][gc,metaspace] GC(60) Metaspace: 16382K(17472K)->16382K(17472K) NonClass: 14223K(14720K)->14223K(14720K) Class: 2158K(2752K)->2158K(2752K)
[36.614s][info][gc          ] GC(60) Pause Full (System.gc()) 1797M->1797M(6144M) 632.525ms
[37.246s][info][gc,metaspace] GC(61) Metaspace: 16382K(17472K)->16382K(17472K) NonClass: 14223K(14720K)->14223K(14720K) Class: 2158K(2752K)->2158K(2752K)
[37.246s][info][gc          ] GC(61) Pause Full (System.gc()) 1797M->1797M(6144M) 631.308ms
[37.880s][info][gc,metaspace] GC(62) Metaspace: 16382K(17472K)->16382K(17472K) NonClass: 14223K(14720K)->14223K(14720K) Class: 2158K(2752K)->2158K(2752K)
[37.880s][info][gc          ] GC(62) Pause Full (System.gc()) 1797M->1797M(6144M) 633.898ms
[38.510s][info][gc,metaspace] GC(63) Metaspace: 16382K(17472K)->16382K(17472K) NonClass: 14223K(14720K)->14223K(14720K) Class: 2158K(2752K)->2158K(2752K)
[38.510s][info][gc          ] GC(63) Pause Full (System.gc()) 1797M->1797M(6144M) 630.587ms
[39.141s][info][gc,metaspace] GC(64) Metaspace: 16382K(17472K)->16382K(17472K) NonClass: 14223K(14720K)->14223K(14720K) Class: 2158K(2752K)->2158K(2752K)
[39.141s][info][gc          ] GC(64) Pause Full (System.gc()) 1797M->1797M(6144M) 630.601ms
[39.768s][info][gc,metaspace] GC(65) Metaspace: 16382K(17472K)->16382K(17472K) NonClass: 14223K(14720K)->14223K(14720K) Class: 2158K(2752K)->2158K(2752K)
[39.768s][info][gc          ] GC(65) Pause Full (System.gc()) 1797M->1797M(6144M) 626.583ms
[40.396s][info][gc,metaspace] GC(66) Metaspace: 16382K(17472K)->16382K(17472K) NonClass: 14223K(14720K)->14223K(14720K) Class: 2158K(2752K)->2158K(2752K)
[40.397s][info][gc          ] GC(66) Pause Full (System.gc()) 1797M->1797M(6144M) 628.747ms
[41.027s][info][gc,metaspace] GC(67) Metaspace: 16382K(17472K)->16382K(17472K) NonClass: 14223K(14720K)->14223K(14720K) Class: 2158K(2752K)->2158K(2752K)
[41.027s][info][gc          ] GC(67) Pause Full (System.gc()) 1797M->1797M(6144M) 630.410ms
After GCs... 
