Done; will start GCs... 
[10.016s][info][gc,metaspace] GC(26) Metaspace: 11239K(11520K)->11239K(11520K) NonClass: 10150K(10304K)->10150K(10304K) Class: 1088K(1216K)->1088K(1216K)
[10.016s][info][gc          ] GC(26) Pause Full (System.gc()) 1708M->1706M(6144M) 623.525ms
[10.625s][info][gc,metaspace] GC(27) Metaspace: 11239K(11520K)->11239K(11520K) NonClass: 10150K(10304K)->10150K(10304K) Class: 1088K(1216K)->1088K(1216K)
[10.626s][info][gc          ] GC(27) Pause Full (System.gc()) 1706M->1706M(6144M) 609.186ms
[11.235s][info][gc,metaspace] GC(28) Metaspace: 11239K(11520K)->11239K(11520K) NonClass: 10150K(10304K)->10150K(10304K) Class: 1088K(1216K)->1088K(1216K)
[11.235s][info][gc          ] GC(28) Pause Full (System.gc()) 1706M->1706M(6144M) 609.632ms
[11.849s][info][gc,metaspace] GC(29) Metaspace: 11239K(11520K)->11239K(11520K) NonClass: 10150K(10304K)->10150K(10304K) Class: 1088K(1216K)->1088K(1216K)
[11.849s][info][gc          ] GC(29) Pause Full (System.gc()) 1706M->1706M(6144M) 613.670ms
[12.454s][info][gc,metaspace] GC(30) Metaspace: 11239K(11520K)->11239K(11520K) NonClass: 10150K(10304K)->10150K(10304K) Class: 1088K(1216K)->1088K(1216K)
[12.454s][info][gc          ] GC(30) Pause Full (System.gc()) 1706M->1706M(6144M) 604.960ms
[13.059s][info][gc,metaspace] GC(31) Metaspace: 11239K(11520K)->11239K(11520K) NonClass: 10150K(10304K)->10150K(10304K) Class: 1088K(1216K)->1088K(1216K)
[13.059s][info][gc          ] GC(31) Pause Full (System.gc()) 1706M->1706M(6144M) 604.730ms
[13.676s][info][gc,metaspace] GC(32) Metaspace: 11239K(11520K)->11239K(11520K) NonClass: 10150K(10304K)->10150K(10304K) Class: 1088K(1216K)->1088K(1216K)
[13.676s][info][gc          ] GC(32) Pause Full (System.gc()) 1706M->1706M(6144M) 616.860ms
[14.283s][info][gc,metaspace] GC(33) Metaspace: 11239K(11520K)->11239K(11520K) NonClass: 10150K(10304K)->10150K(10304K) Class: 1088K(1216K)->1088K(1216K)
[14.283s][info][gc          ] GC(33) Pause Full (System.gc()) 1706M->1706M(6144M) 607.254ms
[14.843s][info][gc,metaspace] GC(34) Metaspace: 11239K(11520K)->11239K(11520K) NonClass: 10150K(10304K)->10150K(10304K) Class: 1088K(1216K)->1088K(1216K)
[14.843s][info][gc          ] GC(34) Pause Full (System.gc()) 1706M->1706M(6144M) 559.397ms
[15.399s][info][gc,metaspace] GC(35) Metaspace: 11239K(11520K)->11239K(11520K) NonClass: 10150K(10304K)->10150K(10304K) Class: 1088K(1216K)->1088K(1216K)
[15.399s][info][gc          ] GC(35) Pause Full (System.gc()) 1706M->1706M(6144M) 556.663ms
After GCs... 
