Done; will start GCs... 
[11.100s][info][gc,metaspace] GC(25) Metaspace: 11232K(11584K)->11232K(11584K) NonClass: 9431K(9600K)->9431K(9600K) Class: 1800K(1984K)->1800K(1984K)
[11.100s][info][gc          ] GC(25) Pause Full (System.gc()) 1452M->1450M(6144M) 621.328ms
[11.748s][info][gc,metaspace] GC(26) Metaspace: 11232K(11584K)->11232K(11584K) NonClass: 9431K(9600K)->9431K(9600K) Class: 1800K(1984K)->1800K(1984K)
[11.748s][info][gc          ] GC(26) Pause Full (System.gc()) 1450M->1450M(6144M) 648.213ms
[12.386s][info][gc,metaspace] GC(27) Metaspace: 11232K(11584K)->11232K(11584K) NonClass: 9431K(9600K)->9431K(9600K) Class: 1800K(1984K)->1800K(1984K)
[12.386s][info][gc          ] GC(27) Pause Full (System.gc()) 1450M->1450M(6144M) 637.787ms
[13.026s][info][gc,metaspace] GC(28) Metaspace: 11232K(11584K)->11232K(11584K) NonClass: 9431K(9600K)->9431K(9600K) Class: 1800K(1984K)->1800K(1984K)
[13.026s][info][gc          ] GC(28) Pause Full (System.gc()) 1450M->1450M(6144M) 639.959ms
[13.671s][info][gc,metaspace] GC(29) Metaspace: 11232K(11584K)->11232K(11584K) NonClass: 9431K(9600K)->9431K(9600K) Class: 1800K(1984K)->1800K(1984K)
[13.671s][info][gc          ] GC(29) Pause Full (System.gc()) 1450M->1450M(6144M) 644.462ms
[14.293s][info][gc,metaspace] GC(30) Metaspace: 11232K(11584K)->11232K(11584K) NonClass: 9431K(9600K)->9431K(9600K) Class: 1800K(1984K)->1800K(1984K)
[14.293s][info][gc          ] GC(30) Pause Full (System.gc()) 1450M->1450M(6144M) 622.247ms
[14.914s][info][gc,metaspace] GC(31) Metaspace: 11232K(11584K)->11232K(11584K) NonClass: 9431K(9600K)->9431K(9600K) Class: 1800K(1984K)->1800K(1984K)
[14.914s][info][gc          ] GC(31) Pause Full (System.gc()) 1450M->1450M(6144M) 621.185ms
[15.549s][info][gc,metaspace] GC(32) Metaspace: 11232K(11584K)->11232K(11584K) NonClass: 9431K(9600K)->9431K(9600K) Class: 1800K(1984K)->1800K(1984K)
[15.549s][info][gc          ] GC(32) Pause Full (System.gc()) 1450M->1450M(6144M) 634.246ms
[16.178s][info][gc,metaspace] GC(33) Metaspace: 11232K(11584K)->11232K(11584K) NonClass: 9431K(9600K)->9431K(9600K) Class: 1800K(1984K)->1800K(1984K)
[16.178s][info][gc          ] GC(33) Pause Full (System.gc()) 1450M->1450M(6144M) 628.977ms
[16.802s][info][gc,metaspace] GC(34) Metaspace: 11232K(11584K)->11232K(11584K) NonClass: 9431K(9600K)->9431K(9600K) Class: 1800K(1984K)->1800K(1984K)
[16.802s][info][gc          ] GC(34) Pause Full (System.gc()) 1450M->1450M(6144M) 624.264ms
After GCs... 
