Done; will start GCs... 
[4.924s][info][gc,metaspace] GC(7) Metaspace: 21470K(21824K)->21470K(21824K) NonClass: 19142K(19328K)->19142K(19328K) Class: 2328K(2496K)->2328K(2496K)
[4.924s][info][gc          ] GC(7) Pause Full (System.gc()) 1449M->1447M(6144M) 392.087ms
[5.331s][info][gc,metaspace] GC(8) Metaspace: 21470K(21824K)->21470K(21824K) NonClass: 19142K(19328K)->19142K(19328K) Class: 2328K(2496K)->2328K(2496K)
[5.331s][info][gc          ] GC(8) Pause Full (System.gc()) 1447M->1447M(6144M) 406.370ms
[5.715s][info][gc,metaspace] GC(9) Metaspace: 21470K(21824K)->21470K(21824K) NonClass: 19142K(19328K)->19142K(19328K) Class: 2328K(2496K)->2328K(2496K)
[5.715s][info][gc          ] GC(9) Pause Full (System.gc()) 1447M->1447M(6144M) 384.628ms
[6.183s][info][gc,metaspace] GC(10) Metaspace: 21470K(21824K)->21470K(21824K) NonClass: 19142K(19328K)->19142K(19328K) Class: 2328K(2496K)->2328K(2496K)
[6.183s][info][gc          ] GC(10) Pause Full (System.gc()) 1447M->1447M(6144M) 463.738ms
[6.607s][info][gc,metaspace] GC(11) Metaspace: 21470K(21824K)->21470K(21824K) NonClass: 19142K(19328K)->19142K(19328K) Class: 2328K(2496K)->2328K(2496K)
[6.607s][info][gc          ] GC(11) Pause Full (System.gc()) 1447M->1447M(6144M) 423.104ms
[7.000s][info][gc,metaspace] GC(12) Metaspace: 21470K(21824K)->21470K(21824K) NonClass: 19142K(19328K)->19142K(19328K) Class: 2328K(2496K)->2328K(2496K)
[7.000s][info][gc          ] GC(12) Pause Full (System.gc()) 1447M->1447M(6144M) 393.433ms
[7.441s][info][gc,metaspace] GC(13) Metaspace: 21470K(21824K)->21470K(21824K) NonClass: 19142K(19328K)->19142K(19328K) Class: 2328K(2496K)->2328K(2496K)
[7.441s][info][gc          ] GC(13) Pause Full (System.gc()) 1447M->1447M(6144M) 441.106ms
[7.837s][info][gc,metaspace] GC(14) Metaspace: 21470K(21824K)->21470K(21824K) NonClass: 19142K(19328K)->19142K(19328K) Class: 2328K(2496K)->2328K(2496K)
[7.837s][info][gc          ] GC(14) Pause Full (System.gc()) 1447M->1447M(6144M) 395.771ms
[8.242s][info][gc,metaspace] GC(15) Metaspace: 21470K(21824K)->21470K(21824K) NonClass: 19142K(19328K)->19142K(19328K) Class: 2328K(2496K)->2328K(2496K)
[8.242s][info][gc          ] GC(15) Pause Full (System.gc()) 1447M->1447M(6144M) 404.942ms
[8.651s][info][gc,metaspace] GC(16) Metaspace: 21470K(21824K)->21470K(21824K) NonClass: 19142K(19328K)->19142K(19328K) Class: 2328K(2496K)->2328K(2496K)
[8.651s][info][gc          ] GC(16) Pause Full (System.gc()) 1447M->1447M(6144M) 408.568ms
After GCs... 
