Done; will start GCs... 
[4.743s][info][gc,metaspace] GC(7) Metaspace: 21444K(21760K)->21444K(21760K) NonClass: 17693K(17856K)->17693K(17856K) Class: 3751K(3904K)->3751K(3904K)
[4.743s][info][gc          ] GC(7) Pause Full (System.gc()) 1353M->1351M(6144M) 368.084ms
[5.108s][info][gc,metaspace] GC(8) Metaspace: 21444K(21760K)->21444K(21760K) NonClass: 17693K(17856K)->17693K(17856K) Class: 3751K(3904K)->3751K(3904K)
[5.108s][info][gc          ] GC(8) Pause Full (System.gc()) 1351M->1351M(6144M) 365.573ms
[5.482s][info][gc,metaspace] GC(9) Metaspace: 21444K(21760K)->21444K(21760K) NonClass: 17693K(17856K)->17693K(17856K) Class: 3751K(3904K)->3751K(3904K)
[5.482s][info][gc          ] GC(9) Pause Full (System.gc()) 1351M->1351M(6144M) 373.542ms
[5.836s][info][gc,metaspace] GC(10) Metaspace: 21444K(21760K)->21444K(21760K) NonClass: 17693K(17856K)->17693K(17856K) Class: 3751K(3904K)->3751K(3904K)
[5.836s][info][gc          ] GC(10) Pause Full (System.gc()) 1351M->1351M(6144M) 354.014ms
[6.195s][info][gc,metaspace] GC(11) Metaspace: 21444K(21760K)->21444K(21760K) NonClass: 17693K(17856K)->17693K(17856K) Class: 3751K(3904K)->3751K(3904K)
[6.195s][info][gc          ] GC(11) Pause Full (System.gc()) 1351M->1351M(6144M) 359.023ms
[6.592s][info][gc,metaspace] GC(12) Metaspace: 21444K(21760K)->21444K(21760K) NonClass: 17693K(17856K)->17693K(17856K) Class: 3751K(3904K)->3751K(3904K)
[6.592s][info][gc          ] GC(12) Pause Full (System.gc()) 1351M->1351M(6144M) 396.456ms
[6.941s][info][gc,metaspace] GC(13) Metaspace: 21444K(21760K)->21444K(21760K) NonClass: 17693K(17856K)->17693K(17856K) Class: 3751K(3904K)->3751K(3904K)
[6.941s][info][gc          ] GC(13) Pause Full (System.gc()) 1351M->1351M(6144M) 348.935ms
[7.338s][info][gc,metaspace] GC(14) Metaspace: 21444K(21760K)->21444K(21760K) NonClass: 17693K(17856K)->17693K(17856K) Class: 3751K(3904K)->3751K(3904K)
[7.338s][info][gc          ] GC(14) Pause Full (System.gc()) 1351M->1351M(6144M) 393.042ms
[7.707s][info][gc,metaspace] GC(15) Metaspace: 21444K(21760K)->21444K(21760K) NonClass: 17693K(17856K)->17693K(17856K) Class: 3751K(3904K)->3751K(3904K)
[7.707s][info][gc          ] GC(15) Pause Full (System.gc()) 1351M->1351M(6144M) 369.045ms
[8.074s][info][gc,metaspace] GC(16) Metaspace: 21444K(21760K)->21444K(21760K) NonClass: 17693K(17856K)->17693K(17856K) Class: 3751K(3904K)->3751K(3904K)
[8.074s][info][gc          ] GC(16) Pause Full (System.gc()) 1351M->1351M(6144M) 366.565ms
After GCs... 
