[0.001s][info][metaspace]  - commit_granule_bytes: 65536.
[0.001s][info][metaspace]  - commit_granule_words: 8192.
[0.001s][info][metaspace]  - virtual_space_node_default_size: 8388608.
[0.001s][info][metaspace]  - enlarge_chunks_in_place: 1.
[0.001s][info][metaspace]  - use_allocation_guard: 0.
[0.005s][info][gc       ] Using G1
[0.407s][info][metaspace] Reserving compressed class space anywhere
[0.407s][info][gc,metaspace] CDS archive(s) not mapped
[0.407s][info][gc,metaspace] Compressed class space mapped at: 0x0000000015000000-0x00000000d5000000, reserved size: 3221225472
[0.407s][info][gc,metaspace] UseCompressedClassPointers 1, UseCompactObjectHeaders 1, narrow klass pointer bits 22, max shift 10
[0.407s][info][gc,metaspace] Narrow klass base: 0x0000000015000000, Narrow klass shift: 10, Narrow klass range: 0xc0000000
Num Classes: 16
Num Objects per Class: 4194304
Cycles: 10
randomize: true (disable with --no-randomization)
ballOfYarn mode: false (switch to flat mode with --flat-mode)
Generate 16 classes...
Loading 16...[1.084s][info][gc,metaspace] GC(0) Metaspace: 21390K(21696K)->21390K(21696K) NonClass: 17647K(17792K)->17647K(17792K) Class: 3743K(3904K)->3743K(3904K)
[1.084s][info][gc          ] GC(0) Pause Full (System.gc()) 96M->2M(6144M) 12.236ms
Creating 4194304 objects per class...[1.836s][info][gc,metaspace] GC(1) Metaspace: 21444K(21760K)->21444K(21760K) NonClass: 17693K(17856K)->17693K(17856K) Class: 3751K(3904K)->3751K(3904K)
[1.836s][info][gc          ] GC(1) Pause Young (Normal) (G1 Evacuation Pause) 566M->564M(6144M) 113.482ms
[2.460s][info][gc,metaspace] GC(2) Metaspace: 21444K(21760K)->21444K(21760K) NonClass: 17693K(17856K)->17693K(17856K) Class: 3751K(3904K)->3751K(3904K)
[2.460s][info][gc          ] GC(2) Pause Young (Normal) (G1 Evacuation Pause) 828M->834M(6144M) 108.583ms
[3.023s][info][gc,metaspace] GC(3) Metaspace: 21444K(21760K)->21444K(21760K) NonClass: 17693K(17856K)->17693K(17856K) Class: 3751K(3904K)->3751K(3904K)
[3.023s][info][gc          ] GC(3) Pause Young (Normal) (G1 Evacuation Pause) 1098M->1104M(6144M) 95.736ms
[3.643s][info][gc,metaspace] GC(4) Metaspace: 21444K(21760K)->21444K(21760K) NonClass: 17693K(17856K)->17693K(17856K) Class: 3751K(3904K)->3751K(3904K)
[3.643s][info][gc          ] GC(4) Pause Young (Normal) (G1 Evacuation Pause) 1368M->1376M(6144M) 100.660ms

Preparatory GC...
[3.995s][info][gc,metaspace] GC(5) Metaspace: 21444K(21760K)->21444K(21760K) NonClass: 17693K(17856K)->17693K(17856K) Class: 3751K(3904K)->3751K(3904K)
[3.995s][info][gc          ] GC(5) Pause Full (System.gc()) 1378M->1351M(6144M) 349.360ms
[4.374s][info][gc,metaspace] GC(6) Metaspace: 21444K(21760K)->21444K(21760K) NonClass: 17693K(17856K)->17693K(17856K) Class: 3751K(3904K)->3751K(3904K)
[4.374s][info][gc          ] GC(6) Pause Full (System.gc()) 1351M->1351M(6144M) 379.143ms
Done; will start GCs... 
[4.743s][info][gc,metaspace] GC(7) Metaspace: 21444K(21760K)->21444K(21760K) NonClass: 17693K(17856K)->17693K(17856K) Class: 3751K(3904K)->3751K(3904K)
[4.743s][info][gc          ] GC(7) Pause Full (System.gc()) 1353M->1351M(6144M) 368.084ms
[5.108s][info][gc,metaspace] GC(8) Metaspace: 21444K(21760K)->21444K(21760K) NonClass: 17693K(17856K)->17693K(17856K) Class: 3751K(3904K)->3751K(3904K)
[5.108s][info][gc          ] GC(8) Pause Full (System.gc()) 1351M->1351M(6144M) 365.573ms
[5.482s][info][gc,metaspace] GC(9) Metaspace: 21444K(21760K)->21444K(21760K) NonClass: 17693K(17856K)->17693K(17856K) Class: 3751K(3904K)->3751K(3904K)
[5.482s][info][gc          ] GC(9) Pause Full (System.gc()) 1351M->1351M(6144M) 373.542ms
[5.836s][info][gc,metaspace] GC(10) Metaspace: 21444K(21760K)->21444K(21760K) NonClass: 17693K(17856K)->17693K(17856K) Class: 3751K(3904K)->3751K(3904K)
[5.836s][info][gc          ] GC(10) Pause Full (System.gc()) 1351M->1351M(6144M) 354.014ms
[6.195s][info][gc,metaspace] GC(11) Metaspace: 21444K(21760K)->21444K(21760K) NonClass: 17693K(17856K)->17693K(17856K) Class: 3751K(3904K)->3751K(3904K)
[6.195s][info][gc          ] GC(11) Pause Full (System.gc()) 1351M->1351M(6144M) 359.023ms
[6.592s][info][gc,metaspace] GC(12) Metaspace: 21444K(21760K)->21444K(21760K) NonClass: 17693K(17856K)->17693K(17856K) Class: 3751K(3904K)->3751K(3904K)
[6.592s][info][gc          ] GC(12) Pause Full (System.gc()) 1351M->1351M(6144M) 396.456ms
[6.941s][info][gc,metaspace] GC(13) Metaspace: 21444K(21760K)->21444K(21760K) NonClass: 17693K(17856K)->17693K(17856K) Class: 3751K(3904K)->3751K(3904K)
[6.941s][info][gc          ] GC(13) Pause Full (System.gc()) 1351M->1351M(6144M) 348.935ms
[7.338s][info][gc,metaspace] GC(14) Metaspace: 21444K(21760K)->21444K(21760K) NonClass: 17693K(17856K)->17693K(17856K) Class: 3751K(3904K)->3751K(3904K)
[7.338s][info][gc          ] GC(14) Pause Full (System.gc()) 1351M->1351M(6144M) 393.042ms
[7.707s][info][gc,metaspace] GC(15) Metaspace: 21444K(21760K)->21444K(21760K) NonClass: 17693K(17856K)->17693K(17856K) Class: 3751K(3904K)->3751K(3904K)
[7.707s][info][gc          ] GC(15) Pause Full (System.gc()) 1351M->1351M(6144M) 369.045ms
[8.074s][info][gc,metaspace] GC(16) Metaspace: 21444K(21760K)->21444K(21760K) NonClass: 17693K(17856K)->17693K(17856K) Class: 3751K(3904K)->3751K(3904K)
[8.074s][info][gc          ] GC(16) Pause Full (System.gc()) 1351M->1351M(6144M) 366.565ms
After GCs... 
