[0.001s][info][metaspace]  - commit_granule_bytes: 65536.
[0.001s][info][metaspace]  - commit_granule_words: 8192.
[0.001s][info][metaspace]  - virtual_space_node_default_size: 8388608.
[0.001s][info][metaspace]  - enlarge_chunks_in_place: 1.
[0.001s][info][metaspace]  - use_allocation_guard: 0.
[0.003s][info][gc       ] Using Serial
[0.007s][info][metaspace] Reserving compressed class space anywhere
[0.007s][info][gc,metaspace] CDS archive(s) not mapped
[0.007s][info][gc,metaspace] Compressed class space mapped at: 0x000000000a000000-0x00000000ca000000, reserved size: 3221225472
[0.007s][info][gc,metaspace] UseCompressedClassPointers 1, UseCompactObjectHeaders 1, narrow klass pointer bits 22, max shift 10
[0.007s][info][gc,metaspace] Narrow klass base: 0x000000000a000000, Narrow klass shift: 10, Narrow klass range: 0xc0000000
Random Seed: 12345678
Num Classes: 256
Num Objects: 67108864
Percent IK Objects: 83.0%)
Percent OAK Objects: 5.0%)
Percent TAK Objects: 12.0%)
Cycles: 40
Loading 256 pre-generated classes ...
Materialize pre-generated constructors ...
Creating objects...
[0.259s][info][gc,metaspace] GC(0) Metaspace: 11605K(11904K)->11605K(11904K) NonClass: 9569K(9728K)->9569K(9728K) Class: 2035K(2176K)->2035K(2176K)
[0.259s][info][gc          ] GC(0) Pause Full (System.gc()) 131M->2M(5939M) 10.290ms
[1.906s][info][gc,metaspace] GC(1) Metaspace: 12587K(13056K)->12587K(13056K) NonClass: 10416K(10624K)->10416K(10624K) Class: 2171K(2432K)->2171K(2432K)
[1.906s][info][gc          ] GC(1) Pause Young (Allocation Failure) 1641M->386M(5939M) 457.130ms
[3.298s][info][gc,metaspace] GC(2) Metaspace: 12589K(13056K)->12589K(13056K) NonClass: 10417K(10624K)->10417K(10624K) Class: 2171K(2432K)->2171K(2432K)
[3.298s][info][gc          ] GC(2) Pause Young (Allocation Failure) 2025M->537M(5939M) 511.422ms
[5.083s][info][gc,metaspace] GC(3) Metaspace: 12589K(13056K)->12589K(13056K) NonClass: 10417K(10624K)->10417K(10624K) Class: 2171K(2432K)->2171K(2432K)
[5.083s][info][gc          ] GC(3) Pause Young (Allocation Failure) 2176M->680M(5939M) 942.622ms
[6.436s][info][gc,metaspace] GC(4) Metaspace: 12589K(13056K)->12589K(13056K) NonClass: 10417K(10624K)->10417K(10624K) Class: 2171K(2432K)->2171K(2432K)
[6.436s][info][gc          ] GC(4) Pause Young (Allocation Failure) 2318M->823M(5939M) 510.843ms
[7.791s][info][gc,metaspace] GC(5) Metaspace: 12589K(13056K)->12589K(13056K) NonClass: 10417K(10624K)->10417K(10624K) Class: 2171K(2432K)->2171K(2432K)
[7.791s][info][gc          ] GC(5) Pause Young (Allocation Failure) 2461M->965M(5939M) 512.735ms
[9.145s][info][gc,metaspace] GC(6) Metaspace: 12589K(13056K)->12589K(13056K) NonClass: 10417K(10624K)->10417K(10624K) Class: 2171K(2432K)->2171K(2432K)
[9.145s][info][gc          ] GC(6) Pause Young (Allocation Failure) 2604M->1108M(5939M) 511.368ms
[10.499s][info][gc,metaspace] GC(7) Metaspace: 12589K(13056K)->12589K(13056K) NonClass: 10417K(10624K)->10417K(10624K) Class: 2171K(2432K)->2171K(2432K)
[10.499s][info][gc          ] GC(7) Pause Young (Allocation Failure) 2746M->1251M(5939M) 511.383ms
[11.853s][info][gc,metaspace] GC(8) Metaspace: 12589K(13056K)->12589K(13056K) NonClass: 10417K(10624K)->10417K(10624K) Class: 2171K(2432K)->2171K(2432K)
[11.853s][info][gc          ] GC(8) Pause Young (Allocation Failure) 2889M->1393M(5939M) 511.428ms
[13.208s][info][gc,metaspace] GC(9) Metaspace: 12589K(13056K)->12589K(13056K) NonClass: 10417K(10624K)->10417K(10624K) Class: 2171K(2432K)->2171K(2432K)
[13.208s][info][gc          ] GC(9) Pause Young (Allocation Failure) 3032M->1536M(5939M) 512.241ms
67108864 Objects created
 - IK: 55699211 (82.99829%)
 - OAK: 3355627 (5.0002737%)
 - TAK: 8054026 (12.001434%)
Preparatory GC...
[17.709s][info][gc,metaspace] GC(10) Metaspace: 12589K(13056K)->12589K(13056K) NonClass: 10417K(10624K)->10417K(10624K) Class: 2171K(2432K)->2171K(2432K)
[17.709s][info][gc          ] GC(10) Pause Full (System.gc()) 2715M->1638M(5939M) 3898.090ms
[21.042s][info][gc,metaspace] GC(11) Metaspace: 12589K(13056K)->12589K(13056K) NonClass: 10417K(10624K)->10417K(10624K) Class: 2171K(2432K)->2171K(2432K)
[21.042s][info][gc          ] GC(11) Pause Full (System.gc()) 1638M->1638M(5939M) 3332.790ms
Done; will start GCs... 
[25.530s][info][gc,metaspace] GC(12) Metaspace: 12589K(13056K)->12589K(13056K) NonClass: 10417K(10624K)->10417K(10624K) Class: 2171K(2432K)->2171K(2432K)
[25.530s][info][gc          ] GC(12) Pause Full (System.gc()) 1670M->1638M(5939M) 4488.605ms
[28.869s][info][gc,metaspace] GC(13) Metaspace: 12589K(13056K)->12589K(13056K) NonClass: 10417K(10624K)->10417K(10624K) Class: 2171K(2432K)->2171K(2432K)
[28.869s][info][gc          ] GC(13) Pause Full (System.gc()) 1638M->1638M(5939M) 3337.989ms
[32.201s][info][gc,metaspace] GC(14) Metaspace: 12589K(13056K)->12589K(13056K) NonClass: 10417K(10624K)->10417K(10624K) Class: 2171K(2432K)->2171K(2432K)
[32.202s][info][gc          ] GC(14) Pause Full (System.gc()) 1638M->1638M(5939M) 3332.806ms
[35.587s][info][gc,metaspace] GC(15) Metaspace: 12589K(13056K)->12589K(13056K) NonClass: 10417K(10624K)->10417K(10624K) Class: 2171K(2432K)->2171K(2432K)
[35.587s][info][gc          ] GC(15) Pause Full (System.gc()) 1638M->1638M(5939M) 3384.898ms
[38.919s][info][gc,metaspace] GC(16) Metaspace: 12589K(13056K)->12589K(13056K) NonClass: 10417K(10624K)->10417K(10624K) Class: 2171K(2432K)->2171K(2432K)
[38.920s][info][gc          ] GC(16) Pause Full (System.gc()) 1638M->1638M(5939M) 3332.779ms
[42.253s][info][gc,metaspace] GC(17) Metaspace: 12589K(13056K)->12589K(13056K) NonClass: 10417K(10624K)->10417K(10624K) Class: 2171K(2432K)->2171K(2432K)
[42.253s][info][gc          ] GC(17) Pause Full (System.gc()) 1638M->1638M(5939M) 3332.825ms
[45.634s][info][gc,metaspace] GC(18) Metaspace: 12589K(13056K)->12589K(13056K) NonClass: 10417K(10624K)->10417K(10624K) Class: 2171K(2432K)->2171K(2432K)
[45.634s][info][gc          ] GC(18) Pause Full (System.gc()) 1638M->1638M(5939M) 3381.287ms
[48.963s][info][gc,metaspace] GC(19) Metaspace: 12589K(13056K)->12589K(13056K) NonClass: 10417K(10624K)->10417K(10624K) Class: 2171K(2432K)->2171K(2432K)
[48.963s][info][gc          ] GC(19) Pause Full (System.gc()) 1638M->1638M(5939M) 3329.078ms
[52.301s][info][gc,metaspace] GC(20) Metaspace: 12589K(13056K)->12589K(13056K) NonClass: 10417K(10624K)->10417K(10624K) Class: 2171K(2432K)->2171K(2432K)
[52.301s][info][gc          ] GC(20) Pause Full (System.gc()) 1638M->1638M(5939M) 3337.855ms
[55.686s][info][gc,metaspace] GC(21) Metaspace: 12589K(13056K)->12589K(13056K) NonClass: 10417K(10624K)->10417K(10624K) Class: 2171K(2432K)->2171K(2432K)
[55.686s][info][gc          ] GC(21) Pause Full (System.gc()) 1638M->1638M(5939M) 3384.565ms
[59.029s][info][gc,metaspace] GC(22) Metaspace: 12589K(13056K)->12589K(13056K) NonClass: 10417K(10624K)->10417K(10624K) Class: 2171K(2432K)->2171K(2432K)
[59.029s][info][gc          ] GC(22) Pause Full (System.gc()) 1638M->1638M(5939M) 3342.558ms
[62.409s][info][gc,metaspace] GC(23) Metaspace: 12589K(13056K)->12589K(13056K) NonClass: 10417K(10624K)->10417K(10624K) Class: 2171K(2432K)->2171K(2432K)
[62.409s][info][gc          ] GC(23) Pause Full (System.gc()) 1638M->1638M(5939M) 3380.257ms
[67.060s][info][gc,metaspace] GC(24) Metaspace: 12589K(13056K)->12589K(13056K) NonClass: 10417K(10624K)->10417K(10624K) Class: 2171K(2432K)->2171K(2432K)
[67.060s][info][gc          ] GC(24) Pause Full (System.gc()) 1654M->1638M(5939M) 4650.985ms
[70.447s][info][gc,metaspace] GC(25) Metaspace: 12589K(13056K)->12589K(13056K) NonClass: 10417K(10624K)->10417K(10624K) Class: 2171K(2432K)->2171K(2432K)
[70.447s][info][gc          ] GC(25) Pause Full (System.gc()) 1638M->1638M(5939M) 3386.318ms
[73.781s][info][gc,metaspace] GC(26) Metaspace: 12589K(13056K)->12589K(13056K) NonClass: 10417K(10624K)->10417K(10624K) Class: 2171K(2432K)->2171K(2432K)
[73.782s][info][gc          ] GC(26) Pause Full (System.gc()) 1638M->1638M(5939M) 3334.643ms
[77.114s][info][gc,metaspace] GC(27) Metaspace: 12589K(13056K)->12589K(13056K) NonClass: 10417K(10624K)->10417K(10624K) Class: 2171K(2432K)->2171K(2432K)
[77.114s][info][gc          ] GC(27) Pause Full (System.gc()) 1638M->1638M(5939M) 3331.994ms
[80.498s][info][gc,metaspace] GC(28) Metaspace: 12589K(13056K)->12589K(13056K) NonClass: 10417K(10624K)->10417K(10624K) Class: 2171K(2432K)->2171K(2432K)
[80.498s][info][gc          ] GC(28) Pause Full (System.gc()) 1638M->1638M(5939M) 3384.424ms
[83.831s][info][gc,metaspace] GC(29) Metaspace: 12589K(13056K)->12589K(13056K) NonClass: 10417K(10624K)->10417K(10624K) Class: 2171K(2432K)->2171K(2432K)
[83.831s][info][gc          ] GC(29) Pause Full (System.gc()) 1638M->1638M(5939M) 3332.065ms
[87.167s][info][gc,metaspace] GC(30) Metaspace: 12589K(13056K)->12589K(13056K) NonClass: 10417K(10624K)->10417K(10624K) Class: 2171K(2432K)->2171K(2432K)
[87.167s][info][gc          ] GC(30) Pause Full (System.gc()) 1638M->1638M(5939M) 3336.361ms
[90.548s][info][gc,metaspace] GC(31) Metaspace: 12589K(13056K)->12589K(13056K) NonClass: 10417K(10624K)->10417K(10624K) Class: 2171K(2432K)->2171K(2432K)
[90.548s][info][gc          ] GC(31) Pause Full (System.gc()) 1638M->1638M(5939M) 3380.618ms
[93.884s][info][gc,metaspace] GC(32) Metaspace: 12589K(13056K)->12589K(13056K) NonClass: 10417K(10624K)->10417K(10624K) Class: 2171K(2432K)->2171K(2432K)
[93.884s][info][gc          ] GC(32) Pause Full (System.gc()) 1638M->1638M(5939M) 3335.820ms
[97.217s][info][gc,metaspace] GC(33) Metaspace: 12589K(13056K)->12589K(13056K) NonClass: 10417K(10624K)->10417K(10624K) Class: 2171K(2432K)->2171K(2432K)
[97.218s][info][gc          ] GC(33) Pause Full (System.gc()) 1638M->1638M(5939M) 3333.585ms
[100.603s][info][gc,metaspace] GC(34) Metaspace: 12589K(13056K)->12589K(13056K) NonClass: 10417K(10624K)->10417K(10624K) Class: 2171K(2432K)->2171K(2432K)
[100.603s][info][gc          ] GC(34) Pause Full (System.gc()) 1638M->1638M(5939M) 3385.127ms
[103.936s][info][gc,metaspace] GC(35) Metaspace: 12589K(13056K)->12589K(13056K) NonClass: 10417K(10624K)->10417K(10624K) Class: 2171K(2432K)->2171K(2432K)
[103.936s][info][gc          ] GC(35) Pause Full (System.gc()) 1638M->1638M(5939M) 3333.389ms
[107.270s][info][gc,metaspace] GC(36) Metaspace: 12589K(13056K)->12589K(13056K) NonClass: 10417K(10624K)->10417K(10624K) Class: 2171K(2432K)->2171K(2432K)
[107.270s][info][gc          ] GC(36) Pause Full (System.gc()) 1638M->1638M(5939M) 3333.442ms
[110.654s][info][gc,metaspace] GC(37) Metaspace: 12589K(13056K)->12589K(13056K) NonClass: 10417K(10624K)->10417K(10624K) Class: 2171K(2432K)->2171K(2432K)
[110.654s][info][gc          ] GC(37) Pause Full (System.gc()) 1638M->1638M(5939M) 3383.894ms
[113.986s][info][gc,metaspace] GC(38) Metaspace: 12589K(13056K)->12589K(13056K) NonClass: 10417K(10624K)->10417K(10624K) Class: 2171K(2432K)->2171K(2432K)
[113.986s][info][gc          ] GC(38) Pause Full (System.gc()) 1638M->1638M(5939M) 3331.699ms
[117.369s][info][gc,metaspace] GC(39) Metaspace: 12589K(13056K)->12589K(13056K) NonClass: 10417K(10624K)->10417K(10624K) Class: 2171K(2432K)->2171K(2432K)
[117.369s][info][gc          ] GC(39) Pause Full (System.gc()) 1638M->1638M(5939M) 3383.385ms
[120.947s][info][gc,metaspace] GC(40) Metaspace: 12589K(13056K)->12589K(13056K) NonClass: 10417K(10624K)->10417K(10624K) Class: 2171K(2432K)->2171K(2432K)
[120.947s][info][gc          ] GC(40) Pause Full (System.gc()) 1638M->1638M(5939M) 3577.707ms
[124.283s][info][gc,metaspace] GC(41) Metaspace: 12589K(13056K)->12589K(13056K) NonClass: 10417K(10624K)->10417K(10624K) Class: 2171K(2432K)->2171K(2432K)
[124.283s][info][gc          ] GC(41) Pause Full (System.gc()) 1638M->1638M(5939M) 3335.559ms
[127.667s][info][gc,metaspace] GC(42) Metaspace: 12589K(13056K)->12589K(13056K) NonClass: 10417K(10624K)->10417K(10624K) Class: 2171K(2432K)->2171K(2432K)
[127.667s][info][gc          ] GC(42) Pause Full (System.gc()) 1654M->1638M(5939M) 3383.972ms
[131.003s][info][gc,metaspace] GC(43) Metaspace: 12589K(13056K)->12589K(13056K) NonClass: 10417K(10624K)->10417K(10624K) Class: 2171K(2432K)->2171K(2432K)
[131.003s][info][gc          ] GC(43) Pause Full (System.gc()) 1638M->1638M(5939M) 3335.998ms
[134.385s][info][gc,metaspace] GC(44) Metaspace: 12589K(13056K)->12589K(13056K) NonClass: 10417K(10624K)->10417K(10624K) Class: 2171K(2432K)->2171K(2432K)
[134.386s][info][gc          ] GC(44) Pause Full (System.gc()) 1638M->1638M(5939M) 3382.062ms
[138.001s][info][gc,metaspace] GC(45) Metaspace: 12589K(13056K)->12589K(13056K) NonClass: 10417K(10624K)->10417K(10624K) Class: 2171K(2432K)->2171K(2432K)
[138.001s][info][gc          ] GC(45) Pause Full (System.gc()) 1638M->1638M(5939M) 3614.980ms
[141.385s][info][gc,metaspace] GC(46) Metaspace: 12589K(13056K)->12589K(13056K) NonClass: 10417K(10624K)->10417K(10624K) Class: 2171K(2432K)->2171K(2432K)
[141.385s][info][gc          ] GC(46) Pause Full (System.gc()) 1638M->1638M(5939M) 3383.973ms
[144.956s][info][gc,metaspace] GC(47) Metaspace: 12589K(13056K)->12589K(13056K) NonClass: 10417K(10624K)->10417K(10624K) Class: 2171K(2432K)->2171K(2432K)
[144.956s][info][gc          ] GC(47) Pause Full (System.gc()) 1638M->1638M(5939M) 3571.030ms
[148.291s][info][gc,metaspace] GC(48) Metaspace: 12589K(13056K)->12589K(13056K) NonClass: 10417K(10624K)->10417K(10624K) Class: 2171K(2432K)->2171K(2432K)
[148.291s][info][gc          ] GC(48) Pause Full (System.gc()) 1638M->1638M(5939M) 3334.775ms
[151.678s][info][gc,metaspace] GC(49) Metaspace: 12589K(13056K)->12589K(13056K) NonClass: 10417K(10624K)->10417K(10624K) Class: 2171K(2432K)->2171K(2432K)
[151.678s][info][gc          ] GC(49) Pause Full (System.gc()) 1638M->1638M(5939M) 3387.342ms
[155.011s][info][gc,metaspace] GC(50) Metaspace: 12589K(13056K)->12589K(13056K) NonClass: 10417K(10624K)->10417K(10624K) Class: 2171K(2432K)->2171K(2432K)
[155.011s][info][gc          ] GC(50) Pause Full (System.gc()) 1638M->1638M(5939M) 3332.398ms
[158.395s][info][gc,metaspace] GC(51) Metaspace: 12589K(13056K)->12589K(13056K) NonClass: 10417K(10624K)->10417K(10624K) Class: 2171K(2432K)->2171K(2432K)
[158.396s][info][gc          ] GC(51) Pause Full (System.gc()) 1638M->1638M(5939M) 3384.437ms
After GCs... 
