Done; will start GCs... 
[24.368s][info][gc,metaspace] GC(12) Metaspace: 12593K(13056K)->12593K(13056K) NonClass: 10423K(10624K)->10423K(10624K) Class: 2170K(2432K)->2170K(2432K)
[24.368s][info][gc          ] GC(12) Pause Full (System.gc()) 1670M->1638M(5939M) 4327.717ms
[27.663s][info][gc,metaspace] GC(13) Metaspace: 12593K(13056K)->12593K(13056K) NonClass: 10423K(10624K)->10423K(10624K) Class: 2170K(2432K)->2170K(2432K)
[27.663s][info][gc          ] GC(13) Pause Full (System.gc()) 1638M->1638M(5939M) 3294.972ms
[30.908s][info][gc,metaspace] GC(14) Metaspace: 12593K(13056K)->12593K(13056K) NonClass: 10423K(10624K)->10423K(10624K) Class: 2170K(2432K)->2170K(2432K)
[30.908s][info][gc          ] GC(14) Pause Full (System.gc()) 1638M->1638M(5939M) 3245.045ms
[34.152s][info][gc,metaspace] GC(15) Metaspace: 12593K(13056K)->12593K(13056K) NonClass: 10423K(10624K)->10423K(10624K) Class: 2170K(2432K)->2170K(2432K)
[34.152s][info][gc          ] GC(15) Pause Full (System.gc()) 1638M->1638M(5939M) 3243.776ms
[37.450s][info][gc,metaspace] GC(16) Metaspace: 12593K(13056K)->12593K(13056K) NonClass: 10423K(10624K)->10423K(10624K) Class: 2170K(2432K)->2170K(2432K)
[37.450s][info][gc          ] GC(16) Pause Full (System.gc()) 1638M->1638M(5939M) 3298.016ms
[40.934s][info][gc,metaspace] GC(17) Metaspace: 12593K(13056K)->12593K(13056K) NonClass: 10423K(10624K)->10423K(10624K) Class: 2170K(2432K)->2170K(2432K)
[40.934s][info][gc          ] GC(17) Pause Full (System.gc()) 1638M->1638M(5939M) 3484.276ms
[44.181s][info][gc,metaspace] GC(18) Metaspace: 12593K(13056K)->12593K(13056K) NonClass: 10423K(10624K)->10423K(10624K) Class: 2170K(2432K)->2170K(2432K)
[44.182s][info][gc          ] GC(18) Pause Full (System.gc()) 1638M->1638M(5939M) 3246.861ms
[47.475s][info][gc,metaspace] GC(19) Metaspace: 12593K(13056K)->12593K(13056K) NonClass: 10423K(10624K)->10423K(10624K) Class: 2170K(2432K)->2170K(2432K)
[47.475s][info][gc          ] GC(19) Pause Full (System.gc()) 1638M->1638M(5939M) 3293.263ms
[51.852s][info][gc,metaspace] GC(20) Metaspace: 12593K(13056K)->12593K(13056K) NonClass: 10423K(10624K)->10423K(10624K) Class: 2170K(2432K)->2170K(2432K)
[51.852s][info][gc          ] GC(20) Pause Full (System.gc()) 1638M->1638M(5939M) 4376.711ms
[56.228s][info][gc,metaspace] GC(21) Metaspace: 12593K(13056K)->12593K(13056K) NonClass: 10423K(10624K)->10423K(10624K) Class: 2170K(2432K)->2170K(2432K)
[56.228s][info][gc          ] GC(21) Pause Full (System.gc()) 1638M->1638M(5939M) 4375.994ms
[59.519s][info][gc,metaspace] GC(22) Metaspace: 12593K(13056K)->12593K(13056K) NonClass: 10423K(10624K)->10423K(10624K) Class: 2170K(2432K)->2170K(2432K)
[59.519s][info][gc          ] GC(22) Pause Full (System.gc()) 1638M->1638M(5939M) 3290.771ms
[63.892s][info][gc,metaspace] GC(23) Metaspace: 12593K(13056K)->12593K(13056K) NonClass: 10423K(10624K)->10423K(10624K) Class: 2170K(2432K)->2170K(2432K)
[63.892s][info][gc          ] GC(23) Pause Full (System.gc()) 1638M->1638M(5939M) 4372.801ms
[69.430s][info][gc,metaspace] GC(24) Metaspace: 12593K(13056K)->12593K(13056K) NonClass: 10423K(10624K)->10423K(10624K) Class: 2170K(2432K)->2170K(2432K)
[69.430s][info][gc          ] GC(24) Pause Full (System.gc()) 1654M->1638M(5939M) 5538.347ms
[73.070s][info][gc,metaspace] GC(25) Metaspace: 12593K(13056K)->12593K(13056K) NonClass: 10423K(10624K)->10423K(10624K) Class: 2170K(2432K)->2170K(2432K)
[73.070s][info][gc          ] GC(25) Pause Full (System.gc()) 1638M->1638M(5939M) 3639.661ms
[76.314s][info][gc,metaspace] GC(26) Metaspace: 12593K(13056K)->12593K(13056K) NonClass: 10423K(10624K)->10423K(10624K) Class: 2170K(2432K)->2170K(2432K)
[76.314s][info][gc          ] GC(26) Pause Full (System.gc()) 1638M->1638M(5939M) 3243.795ms
[79.615s][info][gc,metaspace] GC(27) Metaspace: 12593K(13056K)->12593K(13056K) NonClass: 10423K(10624K)->10423K(10624K) Class: 2170K(2432K)->2170K(2432K)
[79.615s][info][gc          ] GC(27) Pause Full (System.gc()) 1638M->1638M(5939M) 3301.102ms
[82.858s][info][gc,metaspace] GC(28) Metaspace: 12593K(13056K)->12593K(13056K) NonClass: 10423K(10624K)->10423K(10624K) Class: 2170K(2432K)->2170K(2432K)
[82.858s][info][gc          ] GC(28) Pause Full (System.gc()) 1638M->1638M(5939M) 3242.792ms
[86.104s][info][gc,metaspace] GC(29) Metaspace: 12593K(13056K)->12593K(13056K) NonClass: 10423K(10624K)->10423K(10624K) Class: 2170K(2432K)->2170K(2432K)
[86.104s][info][gc          ] GC(29) Pause Full (System.gc()) 1638M->1638M(5939M) 3245.961ms
[89.347s][info][gc,metaspace] GC(30) Metaspace: 12593K(13056K)->12593K(13056K) NonClass: 10423K(10624K)->10423K(10624K) Class: 2170K(2432K)->2170K(2432K)
[89.347s][info][gc          ] GC(30) Pause Full (System.gc()) 1638M->1638M(5939M) 3242.043ms
[92.642s][info][gc,metaspace] GC(31) Metaspace: 12593K(13056K)->12593K(13056K) NonClass: 10423K(10624K)->10423K(10624K) Class: 2170K(2432K)->2170K(2432K)
[92.642s][info][gc          ] GC(31) Pause Full (System.gc()) 1638M->1638M(5939M) 3295.260ms
[95.885s][info][gc,metaspace] GC(32) Metaspace: 12593K(13056K)->12593K(13056K) NonClass: 10423K(10624K)->10423K(10624K) Class: 2170K(2432K)->2170K(2432K)
[95.885s][info][gc          ] GC(32) Pause Full (System.gc()) 1638M->1638M(5939M) 3243.275ms
[99.128s][info][gc,metaspace] GC(33) Metaspace: 12593K(13056K)->12593K(13056K) NonClass: 10423K(10624K)->10423K(10624K) Class: 2170K(2432K)->2170K(2432K)
[99.128s][info][gc          ] GC(33) Pause Full (System.gc()) 1638M->1638M(5939M) 3242.823ms
[102.376s][info][gc,metaspace] GC(34) Metaspace: 12593K(13056K)->12593K(13056K) NonClass: 10423K(10624K)->10423K(10624K) Class: 2170K(2432K)->2170K(2432K)
[102.376s][info][gc          ] GC(34) Pause Full (System.gc()) 1638M->1638M(5939M) 3247.215ms
[105.667s][info][gc,metaspace] GC(35) Metaspace: 12593K(13056K)->12593K(13056K) NonClass: 10423K(10624K)->10423K(10624K) Class: 2170K(2432K)->2170K(2432K)
[105.667s][info][gc          ] GC(35) Pause Full (System.gc()) 1638M->1638M(5939M) 3290.676ms
[108.915s][info][gc,metaspace] GC(36) Metaspace: 12593K(13056K)->12593K(13056K) NonClass: 10423K(10624K)->10423K(10624K) Class: 2170K(2432K)->2170K(2432K)
[108.916s][info][gc          ] GC(36) Pause Full (System.gc()) 1638M->1638M(5939M) 3248.823ms
[112.159s][info][gc,metaspace] GC(37) Metaspace: 12593K(13056K)->12593K(13056K) NonClass: 10423K(10624K)->10423K(10624K) Class: 2170K(2432K)->2170K(2432K)
[112.159s][info][gc          ] GC(37) Pause Full (System.gc()) 1638M->1638M(5939M) 3243.353ms
[115.454s][info][gc,metaspace] GC(38) Metaspace: 12593K(13056K)->12593K(13056K) NonClass: 10423K(10624K)->10423K(10624K) Class: 2170K(2432K)->2170K(2432K)
[115.454s][info][gc          ] GC(38) Pause Full (System.gc()) 1638M->1638M(5939M) 3294.792ms
[119.827s][info][gc,metaspace] GC(39) Metaspace: 12593K(13056K)->12593K(13056K) NonClass: 10423K(10624K)->10423K(10624K) Class: 2170K(2432K)->2170K(2432K)
[119.827s][info][gc          ] GC(39) Pause Full (System.gc()) 1638M->1638M(5939M) 4372.457ms
[124.200s][info][gc,metaspace] GC(40) Metaspace: 12593K(13056K)->12593K(13056K) NonClass: 10423K(10624K)->10423K(10624K) Class: 2170K(2432K)->2170K(2432K)
[124.200s][info][gc          ] GC(40) Pause Full (System.gc()) 1638M->1638M(5939M) 4373.473ms
[127.494s][info][gc,metaspace] GC(41) Metaspace: 12593K(13056K)->12593K(13056K) NonClass: 10423K(10624K)->10423K(10624K) Class: 2170K(2432K)->2170K(2432K)
[127.494s][info][gc          ] GC(41) Pause Full (System.gc()) 1638M->1638M(5939M) 3293.463ms
[130.733s][info][gc,metaspace] GC(42) Metaspace: 12593K(13056K)->12593K(13056K) NonClass: 10423K(10624K)->10423K(10624K) Class: 2170K(2432K)->2170K(2432K)
[130.733s][info][gc          ] GC(42) Pause Full (System.gc()) 1638M->1638M(5939M) 3238.744ms
[133.977s][info][gc,metaspace] GC(43) Metaspace: 12593K(13056K)->12593K(13056K) NonClass: 10423K(10624K)->10423K(10624K) Class: 2170K(2432K)->2170K(2432K)
[133.977s][info][gc          ] GC(43) Pause Full (System.gc()) 1654M->1638M(5939M) 3243.779ms
[137.223s][info][gc,metaspace] GC(44) Metaspace: 12593K(13056K)->12593K(13056K) NonClass: 10423K(10624K)->10423K(10624K) Class: 2170K(2432K)->2170K(2432K)
[137.223s][info][gc          ] GC(44) Pause Full (System.gc()) 1638M->1638M(5939M) 3245.886ms
[140.514s][info][gc,metaspace] GC(45) Metaspace: 12593K(13056K)->12593K(13056K) NonClass: 10423K(10624K)->10423K(10624K) Class: 2170K(2432K)->2170K(2432K)
[140.514s][info][gc          ] GC(45) Pause Full (System.gc()) 1638M->1638M(5939M) 3290.642ms
[143.758s][info][gc,metaspace] GC(46) Metaspace: 12593K(13056K)->12593K(13056K) NonClass: 10423K(10624K)->10423K(10624K) Class: 2170K(2432K)->2170K(2432K)
[143.758s][info][gc          ] GC(46) Pause Full (System.gc()) 1638M->1638M(5939M) 3244.401ms
[146.999s][info][gc,metaspace] GC(47) Metaspace: 12593K(13056K)->12593K(13056K) NonClass: 10423K(10624K)->10423K(10624K) Class: 2170K(2432K)->2170K(2432K)
[146.999s][info][gc          ] GC(47) Pause Full (System.gc()) 1638M->1638M(5939M) 3241.002ms
[150.245s][info][gc,metaspace] GC(48) Metaspace: 12593K(13056K)->12593K(13056K) NonClass: 10423K(10624K)->10423K(10624K) Class: 2170K(2432K)->2170K(2432K)
[150.245s][info][gc          ] GC(48) Pause Full (System.gc()) 1638M->1638M(5939M) 3245.456ms
[153.538s][info][gc,metaspace] GC(49) Metaspace: 12593K(13056K)->12593K(13056K) NonClass: 10423K(10624K)->10423K(10624K) Class: 2170K(2432K)->2170K(2432K)
[153.538s][info][gc          ] GC(49) Pause Full (System.gc()) 1638M->1638M(5939M) 3293.210ms
[156.780s][info][gc,metaspace] GC(50) Metaspace: 12593K(13056K)->12593K(13056K) NonClass: 10423K(10624K)->10423K(10624K) Class: 2170K(2432K)->2170K(2432K)
[156.780s][info][gc          ] GC(50) Pause Full (System.gc()) 1638M->1638M(5939M) 3242.155ms
[160.027s][info][gc,metaspace] GC(51) Metaspace: 12593K(13056K)->12593K(13056K) NonClass: 10423K(10624K)->10423K(10624K) Class: 2170K(2432K)->2170K(2432K)
[160.027s][info][gc          ] GC(51) Pause Full (System.gc()) 1638M->1638M(5939M) 3245.987ms
After GCs... 
