Done; will start GCs... 
[25.530s][info][gc,metaspace] GC(12) Metaspace: 12589K(13056K)->12589K(13056K) NonClass: 10417K(10624K)->10417K(10624K) Class: 2171K(2432K)->2171K(2432K)
[25.530s][info][gc          ] GC(12) Pause Full (System.gc()) 1670M->1638M(5939M) 4488.605ms
[28.869s][info][gc,metaspace] GC(13) Metaspace: 12589K(13056K)->12589K(13056K) NonClass: 10417K(10624K)->10417K(10624K) Class: 2171K(2432K)->2171K(2432K)
[28.869s][info][gc          ] GC(13) Pause Full (System.gc()) 1638M->1638M(5939M) 3337.989ms
[32.201s][info][gc,metaspace] GC(14) Metaspace: 12589K(13056K)->12589K(13056K) NonClass: 10417K(10624K)->10417K(10624K) Class: 2171K(2432K)->2171K(2432K)
[32.202s][info][gc          ] GC(14) Pause Full (System.gc()) 1638M->1638M(5939M) 3332.806ms
[35.587s][info][gc,metaspace] GC(15) Metaspace: 12589K(13056K)->12589K(13056K) NonClass: 10417K(10624K)->10417K(10624K) Class: 2171K(2432K)->2171K(2432K)
[35.587s][info][gc          ] GC(15) Pause Full (System.gc()) 1638M->1638M(5939M) 3384.898ms
[38.919s][info][gc,metaspace] GC(16) Metaspace: 12589K(13056K)->12589K(13056K) NonClass: 10417K(10624K)->10417K(10624K) Class: 2171K(2432K)->2171K(2432K)
[38.920s][info][gc          ] GC(16) Pause Full (System.gc()) 1638M->1638M(5939M) 3332.779ms
[42.253s][info][gc,metaspace] GC(17) Metaspace: 12589K(13056K)->12589K(13056K) NonClass: 10417K(10624K)->10417K(10624K) Class: 2171K(2432K)->2171K(2432K)
[42.253s][info][gc          ] GC(17) Pause Full (System.gc()) 1638M->1638M(5939M) 3332.825ms
[45.634s][info][gc,metaspace] GC(18) Metaspace: 12589K(13056K)->12589K(13056K) NonClass: 10417K(10624K)->10417K(10624K) Class: 2171K(2432K)->2171K(2432K)
[45.634s][info][gc          ] GC(18) Pause Full (System.gc()) 1638M->1638M(5939M) 3381.287ms
[48.963s][info][gc,metaspace] GC(19) Metaspace: 12589K(13056K)->12589K(13056K) NonClass: 10417K(10624K)->10417K(10624K) Class: 2171K(2432K)->2171K(2432K)
[48.963s][info][gc          ] GC(19) Pause Full (System.gc()) 1638M->1638M(5939M) 3329.078ms
[52.301s][info][gc,metaspace] GC(20) Metaspace: 12589K(13056K)->12589K(13056K) NonClass: 10417K(10624K)->10417K(10624K) Class: 2171K(2432K)->2171K(2432K)
[52.301s][info][gc          ] GC(20) Pause Full (System.gc()) 1638M->1638M(5939M) 3337.855ms
[55.686s][info][gc,metaspace] GC(21) Metaspace: 12589K(13056K)->12589K(13056K) NonClass: 10417K(10624K)->10417K(10624K) Class: 2171K(2432K)->2171K(2432K)
[55.686s][info][gc          ] GC(21) Pause Full (System.gc()) 1638M->1638M(5939M) 3384.565ms
[59.029s][info][gc,metaspace] GC(22) Metaspace: 12589K(13056K)->12589K(13056K) NonClass: 10417K(10624K)->10417K(10624K) Class: 2171K(2432K)->2171K(2432K)
[59.029s][info][gc          ] GC(22) Pause Full (System.gc()) 1638M->1638M(5939M) 3342.558ms
[62.409s][info][gc,metaspace] GC(23) Metaspace: 12589K(13056K)->12589K(13056K) NonClass: 10417K(10624K)->10417K(10624K) Class: 2171K(2432K)->2171K(2432K)
[62.409s][info][gc          ] GC(23) Pause Full (System.gc()) 1638M->1638M(5939M) 3380.257ms
[67.060s][info][gc,metaspace] GC(24) Metaspace: 12589K(13056K)->12589K(13056K) NonClass: 10417K(10624K)->10417K(10624K) Class: 2171K(2432K)->2171K(2432K)
[67.060s][info][gc          ] GC(24) Pause Full (System.gc()) 1654M->1638M(5939M) 4650.985ms
[70.447s][info][gc,metaspace] GC(25) Metaspace: 12589K(13056K)->12589K(13056K) NonClass: 10417K(10624K)->10417K(10624K) Class: 2171K(2432K)->2171K(2432K)
[70.447s][info][gc          ] GC(25) Pause Full (System.gc()) 1638M->1638M(5939M) 3386.318ms
[73.781s][info][gc,metaspace] GC(26) Metaspace: 12589K(13056K)->12589K(13056K) NonClass: 10417K(10624K)->10417K(10624K) Class: 2171K(2432K)->2171K(2432K)
[73.782s][info][gc          ] GC(26) Pause Full (System.gc()) 1638M->1638M(5939M) 3334.643ms
[77.114s][info][gc,metaspace] GC(27) Metaspace: 12589K(13056K)->12589K(13056K) NonClass: 10417K(10624K)->10417K(10624K) Class: 2171K(2432K)->2171K(2432K)
[77.114s][info][gc          ] GC(27) Pause Full (System.gc()) 1638M->1638M(5939M) 3331.994ms
[80.498s][info][gc,metaspace] GC(28) Metaspace: 12589K(13056K)->12589K(13056K) NonClass: 10417K(10624K)->10417K(10624K) Class: 2171K(2432K)->2171K(2432K)
[80.498s][info][gc          ] GC(28) Pause Full (System.gc()) 1638M->1638M(5939M) 3384.424ms
[83.831s][info][gc,metaspace] GC(29) Metaspace: 12589K(13056K)->12589K(13056K) NonClass: 10417K(10624K)->10417K(10624K) Class: 2171K(2432K)->2171K(2432K)
[83.831s][info][gc          ] GC(29) Pause Full (System.gc()) 1638M->1638M(5939M) 3332.065ms
[87.167s][info][gc,metaspace] GC(30) Metaspace: 12589K(13056K)->12589K(13056K) NonClass: 10417K(10624K)->10417K(10624K) Class: 2171K(2432K)->2171K(2432K)
[87.167s][info][gc          ] GC(30) Pause Full (System.gc()) 1638M->1638M(5939M) 3336.361ms
[90.548s][info][gc,metaspace] GC(31) Metaspace: 12589K(13056K)->12589K(13056K) NonClass: 10417K(10624K)->10417K(10624K) Class: 2171K(2432K)->2171K(2432K)
[90.548s][info][gc          ] GC(31) Pause Full (System.gc()) 1638M->1638M(5939M) 3380.618ms
[93.884s][info][gc,metaspace] GC(32) Metaspace: 12589K(13056K)->12589K(13056K) NonClass: 10417K(10624K)->10417K(10624K) Class: 2171K(2432K)->2171K(2432K)
[93.884s][info][gc          ] GC(32) Pause Full (System.gc()) 1638M->1638M(5939M) 3335.820ms
[97.217s][info][gc,metaspace] GC(33) Metaspace: 12589K(13056K)->12589K(13056K) NonClass: 10417K(10624K)->10417K(10624K) Class: 2171K(2432K)->2171K(2432K)
[97.218s][info][gc          ] GC(33) Pause Full (System.gc()) 1638M->1638M(5939M) 3333.585ms
[100.603s][info][gc,metaspace] GC(34) Metaspace: 12589K(13056K)->12589K(13056K) NonClass: 10417K(10624K)->10417K(10624K) Class: 2171K(2432K)->2171K(2432K)
[100.603s][info][gc          ] GC(34) Pause Full (System.gc()) 1638M->1638M(5939M) 3385.127ms
[103.936s][info][gc,metaspace] GC(35) Metaspace: 12589K(13056K)->12589K(13056K) NonClass: 10417K(10624K)->10417K(10624K) Class: 2171K(2432K)->2171K(2432K)
[103.936s][info][gc          ] GC(35) Pause Full (System.gc()) 1638M->1638M(5939M) 3333.389ms
[107.270s][info][gc,metaspace] GC(36) Metaspace: 12589K(13056K)->12589K(13056K) NonClass: 10417K(10624K)->10417K(10624K) Class: 2171K(2432K)->2171K(2432K)
[107.270s][info][gc          ] GC(36) Pause Full (System.gc()) 1638M->1638M(5939M) 3333.442ms
[110.654s][info][gc,metaspace] GC(37) Metaspace: 12589K(13056K)->12589K(13056K) NonClass: 10417K(10624K)->10417K(10624K) Class: 2171K(2432K)->2171K(2432K)
[110.654s][info][gc          ] GC(37) Pause Full (System.gc()) 1638M->1638M(5939M) 3383.894ms
[113.986s][info][gc,metaspace] GC(38) Metaspace: 12589K(13056K)->12589K(13056K) NonClass: 10417K(10624K)->10417K(10624K) Class: 2171K(2432K)->2171K(2432K)
[113.986s][info][gc          ] GC(38) Pause Full (System.gc()) 1638M->1638M(5939M) 3331.699ms
[117.369s][info][gc,metaspace] GC(39) Metaspace: 12589K(13056K)->12589K(13056K) NonClass: 10417K(10624K)->10417K(10624K) Class: 2171K(2432K)->2171K(2432K)
[117.369s][info][gc          ] GC(39) Pause Full (System.gc()) 1638M->1638M(5939M) 3383.385ms
[120.947s][info][gc,metaspace] GC(40) Metaspace: 12589K(13056K)->12589K(13056K) NonClass: 10417K(10624K)->10417K(10624K) Class: 2171K(2432K)->2171K(2432K)
[120.947s][info][gc          ] GC(40) Pause Full (System.gc()) 1638M->1638M(5939M) 3577.707ms
[124.283s][info][gc,metaspace] GC(41) Metaspace: 12589K(13056K)->12589K(13056K) NonClass: 10417K(10624K)->10417K(10624K) Class: 2171K(2432K)->2171K(2432K)
[124.283s][info][gc          ] GC(41) Pause Full (System.gc()) 1638M->1638M(5939M) 3335.559ms
[127.667s][info][gc,metaspace] GC(42) Metaspace: 12589K(13056K)->12589K(13056K) NonClass: 10417K(10624K)->10417K(10624K) Class: 2171K(2432K)->2171K(2432K)
[127.667s][info][gc          ] GC(42) Pause Full (System.gc()) 1654M->1638M(5939M) 3383.972ms
[131.003s][info][gc,metaspace] GC(43) Metaspace: 12589K(13056K)->12589K(13056K) NonClass: 10417K(10624K)->10417K(10624K) Class: 2171K(2432K)->2171K(2432K)
[131.003s][info][gc          ] GC(43) Pause Full (System.gc()) 1638M->1638M(5939M) 3335.998ms
[134.385s][info][gc,metaspace] GC(44) Metaspace: 12589K(13056K)->12589K(13056K) NonClass: 10417K(10624K)->10417K(10624K) Class: 2171K(2432K)->2171K(2432K)
[134.386s][info][gc          ] GC(44) Pause Full (System.gc()) 1638M->1638M(5939M) 3382.062ms
[138.001s][info][gc,metaspace] GC(45) Metaspace: 12589K(13056K)->12589K(13056K) NonClass: 10417K(10624K)->10417K(10624K) Class: 2171K(2432K)->2171K(2432K)
[138.001s][info][gc          ] GC(45) Pause Full (System.gc()) 1638M->1638M(5939M) 3614.980ms
[141.385s][info][gc,metaspace] GC(46) Metaspace: 12589K(13056K)->12589K(13056K) NonClass: 10417K(10624K)->10417K(10624K) Class: 2171K(2432K)->2171K(2432K)
[141.385s][info][gc          ] GC(46) Pause Full (System.gc()) 1638M->1638M(5939M) 3383.973ms
[144.956s][info][gc,metaspace] GC(47) Metaspace: 12589K(13056K)->12589K(13056K) NonClass: 10417K(10624K)->10417K(10624K) Class: 2171K(2432K)->2171K(2432K)
[144.956s][info][gc          ] GC(47) Pause Full (System.gc()) 1638M->1638M(5939M) 3571.030ms
[148.291s][info][gc,metaspace] GC(48) Metaspace: 12589K(13056K)->12589K(13056K) NonClass: 10417K(10624K)->10417K(10624K) Class: 2171K(2432K)->2171K(2432K)
[148.291s][info][gc          ] GC(48) Pause Full (System.gc()) 1638M->1638M(5939M) 3334.775ms
[151.678s][info][gc,metaspace] GC(49) Metaspace: 12589K(13056K)->12589K(13056K) NonClass: 10417K(10624K)->10417K(10624K) Class: 2171K(2432K)->2171K(2432K)
[151.678s][info][gc          ] GC(49) Pause Full (System.gc()) 1638M->1638M(5939M) 3387.342ms
[155.011s][info][gc,metaspace] GC(50) Metaspace: 12589K(13056K)->12589K(13056K) NonClass: 10417K(10624K)->10417K(10624K) Class: 2171K(2432K)->2171K(2432K)
[155.011s][info][gc          ] GC(50) Pause Full (System.gc()) 1638M->1638M(5939M) 3332.398ms
[158.395s][info][gc,metaspace] GC(51) Metaspace: 12589K(13056K)->12589K(13056K) NonClass: 10417K(10624K)->10417K(10624K) Class: 2171K(2432K)->2171K(2432K)
[158.396s][info][gc          ] GC(51) Pause Full (System.gc()) 1638M->1638M(5939M) 3384.437ms
After GCs... 
