Done; will start GCs... 
[11.802s][info][gc,metaspace] GC(14) Metaspace: 11505K(11840K)->11505K(11840K) NonClass: 9628K(9792K)->9628K(9792K) Class: 1876K(2048K)->1876K(2048K)
[11.802s][info][gc          ] GC(14) Pause Full (System.gc()) 1590M->1570M(5188M) 540.606ms
[12.311s][info][gc,metaspace] GC(15) Metaspace: 11505K(11840K)->11505K(11840K) NonClass: 9628K(9792K)->9628K(9792K) Class: 1876K(2048K)->1876K(2048K)
[12.311s][info][gc          ] GC(15) Pause Full (System.gc()) 1570M->1570M(5188M) 509.289ms
[12.856s][info][gc,metaspace] GC(16) Metaspace: 11505K(11840K)->11505K(11840K) NonClass: 9628K(9792K)->9628K(9792K) Class: 1876K(2048K)->1876K(2048K)
[12.856s][info][gc          ] GC(16) Pause Full (System.gc()) 1570M->1570M(5188M) 545.244ms
[13.358s][info][gc,metaspace] GC(17) Metaspace: 11505K(11840K)->11505K(11840K) NonClass: 9628K(9792K)->9628K(9792K) Class: 1876K(2048K)->1876K(2048K)
[13.358s][info][gc          ] GC(17) Pause Full (System.gc()) 1570M->1570M(5188M) 501.846ms
[13.901s][info][gc,metaspace] GC(18) Metaspace: 11505K(11840K)->11505K(11840K) NonClass: 9628K(9792K)->9628K(9792K) Class: 1876K(2048K)->1876K(2048K)
[13.901s][info][gc          ] GC(18) Pause Full (System.gc()) 1570M->1570M(5188M) 542.127ms
[14.406s][info][gc,metaspace] GC(19) Metaspace: 11505K(11840K)->11505K(11840K) NonClass: 9628K(9792K)->9628K(9792K) Class: 1876K(2048K)->1876K(2048K)
[14.406s][info][gc          ] GC(19) Pause Full (System.gc()) 1570M->1570M(5188M) 505.820ms
[14.952s][info][gc,metaspace] GC(20) Metaspace: 11505K(11840K)->11505K(11840K) NonClass: 9628K(9792K)->9628K(9792K) Class: 1876K(2048K)->1876K(2048K)
[14.952s][info][gc          ] GC(20) Pause Full (System.gc()) 1570M->1570M(5188M) 545.809ms
[15.453s][info][gc,metaspace] GC(21) Metaspace: 11505K(11840K)->11505K(11840K) NonClass: 9628K(9792K)->9628K(9792K) Class: 1876K(2048K)->1876K(2048K)
[15.453s][info][gc          ] GC(21) Pause Full (System.gc()) 1570M->1570M(5188M) 500.585ms
[16.001s][info][gc,metaspace] GC(22) Metaspace: 11505K(11840K)->11505K(11840K) NonClass: 9628K(9792K)->9628K(9792K) Class: 1876K(2048K)->1876K(2048K)
[16.001s][info][gc          ] GC(22) Pause Full (System.gc()) 1570M->1570M(5188M) 547.911ms
[16.554s][info][gc,metaspace] GC(23) Metaspace: 11505K(11840K)->11505K(11840K) NonClass: 9628K(9792K)->9628K(9792K) Class: 1876K(2048K)->1876K(2048K)
[16.554s][info][gc          ] GC(23) Pause Full (System.gc()) 1570M->1570M(5188M) 552.943ms
After GCs... 
