[0.001s][info][metaspace]  - commit_granule_bytes: 65536.
[0.001s][info][metaspace]  - commit_granule_words: 8192.
[0.001s][info][metaspace]  - virtual_space_node_default_size: 8388608.
[0.002s][info][metaspace]  - enlarge_chunks_in_place: 1.
[0.002s][info][metaspace]  - use_allocation_guard: 0.
[0.008s][info][gc       ] Using Parallel
[0.455s][info][metaspace] Reserving compressed class space anywhere
[0.455s][info][gc,metaspace] CDS archive(s) not mapped
[0.455s][info][gc,metaspace] Compressed class space mapped at: 0x0000000005000000-0x00000000c5000000, reserved size: 3221225472
[0.455s][info][gc,metaspace] UseCompressedClassPointers 1, UseCompactObjectHeaders 0, narrow klass pointer bits 32, max shift 3
[0.455s][info][gc,metaspace] Narrow klass base: 0x0000000000000000, Narrow klass shift: 0, Narrow klass range: 0xc5000000
Random Seed: 12345678
Num Classes: 64
Num Objects: 67108864
Percent IK Objects: 83.0%)
Percent OAK Objects: 5.0%)
Percent TAK Objects: 12.0%)
Wired up: false
Cycles: 10
Loading 64 pre-generated classes ...
Materialize pre-generated constructors ...
Creating objects...
[0.645s][info][gc,metaspace] GC(0) Metaspace: 11216K(11456K)->11216K(11456K) NonClass: 10109K(10240K)->10109K(10240K) Class: 1106K(1216K)->1106K(1216K)
[0.645s][info][gc          ] GC(0) Pause Full (System.gc()) 122M->1M(5888M) 5.868ms
[1.850s][info][gc,metaspace] GC(1) Metaspace: 11484K(11776K)->11484K(11776K) NonClass: 10343K(10496K)->10343K(10496K) Class: 1140K(1280K)->1140K(1280K)
[1.850s][info][gc          ] GC(1) Pause Young (Allocation Failure) 1537M->401M(5888M) 540.824ms
[2.625s][info][gc,metaspace] GC(2) Metaspace: 11484K(11776K)->11484K(11776K) NonClass: 10343K(10496K)->10343K(10496K) Class: 1140K(1280K)->1140K(1280K)
[2.625s][info][gc          ] GC(2) Pause Young (Allocation Failure) 1937M->566M(5888M) 165.007ms
[3.509s][info][gc,metaspace] GC(3) Metaspace: 11484K(11776K)->11484K(11776K) NonClass: 10343K(10496K)->10343K(10496K) Class: 1140K(1280K)->1140K(1280K)
[3.509s][info][gc          ] GC(3) Pause Young (Allocation Failure) 2102M->710M(5888M) 234.554ms
[4.379s][info][gc,metaspace] GC(4) Metaspace: 11484K(11776K)->11484K(11776K) NonClass: 10343K(10496K)->10343K(10496K) Class: 1140K(1280K)->1140K(1280K)
[4.379s][info][gc          ] GC(4) Pause Young (Allocation Failure) 2246M->855M(5888M) 231.336ms
[5.191s][info][gc,metaspace] GC(5) Metaspace: 11484K(11776K)->11484K(11776K) NonClass: 10343K(10496K)->10343K(10496K) Class: 1140K(1280K)->1140K(1280K)
[5.191s][info][gc          ] GC(5) Pause Young (Allocation Failure) 2391M->999M(5888M) 167.970ms
[5.991s][info][gc,metaspace] GC(6) Metaspace: 11484K(11776K)->11484K(11776K) NonClass: 10343K(10496K)->10343K(10496K) Class: 1140K(1280K)->1140K(1280K)
[5.991s][info][gc          ] GC(6) Pause Young (Allocation Failure) 2535M->1143M(5302M) 206.583ms
[6.583s][info][gc,metaspace] GC(7) Metaspace: 11484K(11776K)->11484K(11776K) NonClass: 10343K(10496K)->10343K(10496K) Class: 1140K(1280K)->1140K(1280K)
[6.583s][info][gc          ] GC(7) Pause Young (Allocation Failure) 2093M->1233M(5189M) 227.784ms
[7.163s][info][gc,metaspace] GC(8) Metaspace: 11484K(11776K)->11484K(11776K) NonClass: 10343K(10496K)->10343K(10496K) Class: 1140K(1280K)->1140K(1280K)
[7.163s][info][gc          ] GC(8) Pause Young (Allocation Failure) 2183M->1322M(5589M) 162.005ms
[7.744s][info][gc,metaspace] GC(9) Metaspace: 11484K(11776K)->11484K(11776K) NonClass: 10343K(10496K)->10343K(10496K) Class: 1140K(1280K)->1140K(1280K)
[7.744s][info][gc          ] GC(9) Pause Young (Allocation Failure) 2251M->1410M(5580M) 215.419ms
[8.334s][info][gc,metaspace] GC(10) Metaspace: 11484K(11776K)->11484K(11776K) NonClass: 10343K(10496K)->10343K(10496K) Class: 1140K(1280K)->1140K(1280K)
[8.334s][info][gc          ] GC(10) Pause Young (Allocation Failure) 2339M->1497M(5613M) 177.031ms
[8.869s][info][gc,metaspace] GC(11) Metaspace: 11484K(11776K)->11484K(11776K) NonClass: 10343K(10496K)->10343K(10496K) Class: 1140K(1280K)->1140K(1280K)
[8.869s][info][gc          ] GC(11) Pause Young (Allocation Failure) 2480M->1590M(5171M) 148.617ms
[9.355s][info][gc,metaspace] GC(12) Metaspace: 11484K(11776K)->11484K(11776K) NonClass: 10343K(10496K)->10343K(10496K) Class: 1140K(1280K)->1140K(1280K)
[9.355s][info][gc          ] GC(12) Pause Young (Allocation Failure) 2573M->1682M(5600M) 98.994ms
[9.869s][info][gc,metaspace] GC(13) Metaspace: 11484K(11776K)->11484K(11776K) NonClass: 10343K(10496K)->10343K(10496K) Class: 1140K(1280K)->1140K(1280K)
[9.869s][info][gc          ] GC(13) Pause Young (Allocation Failure) 2647M->1773M(5602M) 136.084ms
67108864 Objects created
 - IK: 55699211 (82.99829%)
 - OAK: 3355627 (5.0002737%)
 - TAK: 8054026 (12.001434%)
Preparatory GC...
[10.876s][info][gc,metaspace] GC(14) Metaspace: 11484K(11776K)->11484K(11776K) NonClass: 10343K(10496K)->10343K(10496K) Class: 1140K(1280K)->1140K(1280K)
[10.876s][info][gc          ] GC(14) Pause Full (System.gc()) 2043M->1793M(5602M) 791.457ms
[11.399s][info][gc,metaspace] GC(15) Metaspace: 11484K(11776K)->11484K(11776K) NonClass: 10343K(10496K)->10343K(10496K) Class: 1140K(1280K)->1140K(1280K)
[11.399s][info][gc          ] GC(15) Pause Full (System.gc()) 1793M->1793M(5602M) 523.036ms
Done; will start GCs... 
[12.019s][info][gc,metaspace] GC(16) Metaspace: 11484K(11776K)->11484K(11776K) NonClass: 10343K(10496K)->10343K(10496K) Class: 1140K(1280K)->1140K(1280K)
[12.019s][info][gc          ] GC(16) Pause Full (System.gc()) 1812M->1793M(5602M) 619.464ms
[12.530s][info][gc,metaspace] GC(17) Metaspace: 11484K(11776K)->11484K(11776K) NonClass: 10343K(10496K)->10343K(10496K) Class: 1140K(1280K)->1140K(1280K)
[12.531s][info][gc          ] GC(17) Pause Full (System.gc()) 1793M->1793M(5602M) 511.425ms
[13.050s][info][gc,metaspace] GC(18) Metaspace: 11484K(11776K)->11484K(11776K) NonClass: 10343K(10496K)->10343K(10496K) Class: 1140K(1280K)->1140K(1280K)
[13.050s][info][gc          ] GC(18) Pause Full (System.gc()) 1793M->1793M(5602M) 519.336ms
[13.552s][info][gc,metaspace] GC(19) Metaspace: 11484K(11776K)->11484K(11776K) NonClass: 10343K(10496K)->10343K(10496K) Class: 1140K(1280K)->1140K(1280K)
[13.552s][info][gc          ] GC(19) Pause Full (System.gc()) 1793M->1793M(5602M) 502.280ms
[14.100s][info][gc,metaspace] GC(20) Metaspace: 11484K(11776K)->11484K(11776K) NonClass: 10343K(10496K)->10343K(10496K) Class: 1140K(1280K)->1140K(1280K)
[14.100s][info][gc          ] GC(20) Pause Full (System.gc()) 1793M->1793M(5602M) 547.308ms
[14.609s][info][gc,metaspace] GC(21) Metaspace: 11484K(11776K)->11484K(11776K) NonClass: 10343K(10496K)->10343K(10496K) Class: 1140K(1280K)->1140K(1280K)
[14.609s][info][gc          ] GC(21) Pause Full (System.gc()) 1793M->1793M(5602M) 509.083ms
[15.156s][info][gc,metaspace] GC(22) Metaspace: 11484K(11776K)->11484K(11776K) NonClass: 10343K(10496K)->10343K(10496K) Class: 1140K(1280K)->1140K(1280K)
[15.156s][info][gc          ] GC(22) Pause Full (System.gc()) 1793M->1793M(5602M) 547.304ms
[15.663s][info][gc,metaspace] GC(23) Metaspace: 11484K(11776K)->11484K(11776K) NonClass: 10343K(10496K)->10343K(10496K) Class: 1140K(1280K)->1140K(1280K)
[15.663s][info][gc          ] GC(23) Pause Full (System.gc()) 1793M->1793M(5602M) 506.227ms
[16.212s][info][gc,metaspace] GC(24) Metaspace: 11484K(11776K)->11484K(11776K) NonClass: 10343K(10496K)->10343K(10496K) Class: 1140K(1280K)->1140K(1280K)
[16.212s][info][gc          ] GC(24) Pause Full (System.gc()) 1793M->1793M(5602M) 549.373ms
[16.717s][info][gc,metaspace] GC(25) Metaspace: 11484K(11776K)->11484K(11776K) NonClass: 10343K(10496K)->10343K(10496K) Class: 1140K(1280K)->1140K(1280K)
[16.717s][info][gc          ] GC(25) Pause Full (System.gc()) 1793M->1793M(5602M) 505.018ms
After GCs... 
