Done; will start GCs... 
[11.979s][info][gc,metaspace] GC(14) Metaspace: 11512K(11840K)->11512K(11840K) NonClass: 9636K(9792K)->9636K(9792K) Class: 1876K(2048K)->1876K(2048K)
[11.979s][info][gc          ] GC(14) Pause Full (System.gc()) 1590M->1570M(5210M) 514.478ms
[12.539s][info][gc,metaspace] GC(15) Metaspace: 11512K(11840K)->11512K(11840K) NonClass: 9636K(9792K)->9636K(9792K) Class: 1876K(2048K)->1876K(2048K)
[12.539s][info][gc          ] GC(15) Pause Full (System.gc()) 1570M->1570M(5210M) 560.141ms
[13.095s][info][gc,metaspace] GC(16) Metaspace: 11512K(11840K)->11512K(11840K) NonClass: 9636K(9792K)->9636K(9792K) Class: 1876K(2048K)->1876K(2048K)
[13.095s][info][gc          ] GC(16) Pause Full (System.gc()) 1570M->1570M(5210M) 556.067ms
[13.604s][info][gc,metaspace] GC(17) Metaspace: 11512K(11840K)->11512K(11840K) NonClass: 9636K(9792K)->9636K(9792K) Class: 1876K(2048K)->1876K(2048K)
[13.604s][info][gc          ] GC(17) Pause Full (System.gc()) 1570M->1570M(5210M) 508.995ms
[14.206s][info][gc,metaspace] GC(18) Metaspace: 11512K(11840K)->11512K(11840K) NonClass: 9636K(9792K)->9636K(9792K) Class: 1876K(2048K)->1876K(2048K)
[14.206s][info][gc          ] GC(18) Pause Full (System.gc()) 1570M->1570M(5210M) 602.194ms
[14.722s][info][gc,metaspace] GC(19) Metaspace: 11512K(11840K)->11512K(11840K) NonClass: 9636K(9792K)->9636K(9792K) Class: 1876K(2048K)->1876K(2048K)
[14.722s][info][gc          ] GC(19) Pause Full (System.gc()) 1570M->1570M(5210M) 515.475ms
[15.238s][info][gc,metaspace] GC(20) Metaspace: 11512K(11840K)->11512K(11840K) NonClass: 9636K(9792K)->9636K(9792K) Class: 1876K(2048K)->1876K(2048K)
[15.238s][info][gc          ] GC(20) Pause Full (System.gc()) 1570M->1570M(5210M) 515.726ms
[15.747s][info][gc,metaspace] GC(21) Metaspace: 11512K(11840K)->11512K(11840K) NonClass: 9636K(9792K)->9636K(9792K) Class: 1876K(2048K)->1876K(2048K)
[15.747s][info][gc          ] GC(21) Pause Full (System.gc()) 1570M->1570M(5210M) 509.231ms
[16.288s][info][gc,metaspace] GC(22) Metaspace: 11512K(11840K)->11512K(11840K) NonClass: 9636K(9792K)->9636K(9792K) Class: 1876K(2048K)->1876K(2048K)
[16.288s][info][gc          ] GC(22) Pause Full (System.gc()) 1570M->1570M(5210M) 540.856ms
[16.807s][info][gc,metaspace] GC(23) Metaspace: 11512K(11840K)->11512K(11840K) NonClass: 9636K(9792K)->9636K(9792K) Class: 1876K(2048K)->1876K(2048K)
[16.807s][info][gc          ] GC(23) Pause Full (System.gc()) 1570M->1570M(5210M) 514.896ms
After GCs... 
