[0.002s][info][metaspace]  - commit_granule_bytes: 65536.
[0.002s][info][metaspace]  - commit_granule_words: 8192.
[0.002s][info][metaspace]  - virtual_space_node_default_size: 8388608.
[0.002s][info][metaspace]  - enlarge_chunks_in_place: 1.
[0.002s][info][metaspace]  - use_allocation_guard: 0.
[0.003s][info][gc       ] Using Serial
[0.011s][info][metaspace] Reserving compressed class space anywhere
[0.011s][info][gc,metaspace] CDS archive(s) not mapped
[0.011s][info][gc,metaspace] Compressed class space mapped at: 0x000000001d000000-0x00000000dd000000, reserved size: 3221225472
[0.011s][info][gc,metaspace] UseCompressedClassPointers 1, UseCompactObjectHeaders 0, narrow klass pointer bits 32, max shift 3
[0.011s][info][gc,metaspace] Narrow klass base: 0x0000000000000000, Narrow klass shift: 0, Narrow klass range: 0xdd000000
Random Seed: 12345678
Num Classes: 256
Num Objects: 67108864
Percent IK Objects: 83.0%)
Percent OAK Objects: 5.0%)
Percent TAK Objects: 12.0%)
Cycles: 50
Loading 256 pre-generated classes ...
Materialize pre-generated constructors ...
Creating objects...
[0.255s][info][gc,metaspace] GC(0) Metaspace: 11506K(11840K)->11506K(11840K) NonClass: 10295K(10496K)->10295K(10496K) Class: 1210K(1344K)->1210K(1344K)
[0.255s][info][gc          ] GC(0) Pause Full (System.gc()) 163M->2M(5939M) 9.190ms
[1.762s][info][gc,metaspace] GC(1) Metaspace: 12572K(13056K)->12572K(13056K) NonClass: 11226K(11456K)->11226K(11456K) Class: 1345K(1600K)->1345K(1600K)
[1.762s][info][gc          ] GC(1) Pause Young (Allocation Failure) 1641M->394M(5939M) 423.311ms
[3.444s][info][gc,metaspace] GC(2) Metaspace: 12573K(13056K)->12573K(13056K) NonClass: 11227K(11456K)->11227K(11456K) Class: 1345K(1600K)->1345K(1600K)
[3.444s][info][gc          ] GC(2) Pause Young (Allocation Failure) 2032M->556M(5939M) 864.170ms
[4.721s][info][gc,metaspace] GC(3) Metaspace: 12573K(13056K)->12573K(13056K) NonClass: 11227K(11456K)->11227K(11456K) Class: 1345K(1600K)->1345K(1600K)
[4.721s][info][gc          ] GC(3) Pause Young (Allocation Failure) 2195M->709M(5939M) 499.904ms
[5.983s][info][gc,metaspace] GC(4) Metaspace: 12573K(13056K)->12573K(13056K) NonClass: 11227K(11456K)->11227K(11456K) Class: 1345K(1600K)->1345K(1600K)
[5.983s][info][gc          ] GC(4) Pause Young (Allocation Failure) 2348M->862M(5939M) 484.781ms
[7.245s][info][gc,metaspace] GC(5) Metaspace: 12573K(13056K)->12573K(13056K) NonClass: 11227K(11456K)->11227K(11456K) Class: 1345K(1600K)->1345K(1600K)
[7.245s][info][gc          ] GC(5) Pause Young (Allocation Failure) 2501M->1015M(5939M) 484.967ms
[8.508s][info][gc,metaspace] GC(6) Metaspace: 12573K(13056K)->12573K(13056K) NonClass: 11227K(11456K)->11227K(11456K) Class: 1345K(1600K)->1345K(1600K)
[8.508s][info][gc          ] GC(6) Pause Young (Allocation Failure) 2653M->1168M(5939M) 485.349ms
[9.770s][info][gc,metaspace] GC(7) Metaspace: 12573K(13056K)->12573K(13056K) NonClass: 11227K(11456K)->11227K(11456K) Class: 1345K(1600K)->1345K(1600K)
[9.770s][info][gc          ] GC(7) Pause Young (Allocation Failure) 2806M->1320M(5939M) 484.536ms
[11.033s][info][gc,metaspace] GC(8) Metaspace: 12573K(13056K)->12573K(13056K) NonClass: 11227K(11456K)->11227K(11456K) Class: 1345K(1600K)->1345K(1600K)
[11.033s][info][gc          ] GC(8) Pause Young (Allocation Failure) 2959M->1473M(5939M) 486.071ms
[12.295s][info][gc,metaspace] GC(9) Metaspace: 12573K(13056K)->12573K(13056K) NonClass: 11227K(11456K)->11227K(11456K) Class: 1345K(1600K)->1345K(1600K)
[12.295s][info][gc          ] GC(9) Pause Young (Allocation Failure) 3112M->1626M(5939M) 484.001ms
[13.555s][info][gc,metaspace] GC(10) Metaspace: 12573K(13056K)->12573K(13056K) NonClass: 11227K(11456K)->11227K(11456K) Class: 1345K(1600K)->1345K(1600K)
[13.555s][info][gc          ] GC(10) Pause Young (Allocation Failure) 3265M->1779M(5939M) 482.848ms
67108864 Objects created
 - IK: 55699211 (82.99829%)
 - OAK: 3355627 (5.0002737%)
 - TAK: 8054026 (12.001434%)
Preparatory GC...
[17.401s][info][gc,metaspace] GC(11) Metaspace: 12573K(13056K)->12573K(13056K) NonClass: 11227K(11456K)->11227K(11456K) Class: 1345K(1600K)->1345K(1600K)
[17.401s][info][gc          ] GC(11) Pause Full (System.gc()) 2467M->1843M(5939M) 3521.693ms
[20.652s][info][gc,metaspace] GC(12) Metaspace: 12573K(13056K)->12573K(13056K) NonClass: 11227K(11456K)->11227K(11456K) Class: 1345K(1600K)->1345K(1600K)
[20.652s][info][gc          ] GC(12) Pause Full (System.gc()) 1843M->1843M(5939M) 3250.685ms
Done; will start GCs... 
[24.860s][info][gc,metaspace] GC(13) Metaspace: 12573K(13056K)->12573K(13056K) NonClass: 11227K(11456K)->11227K(11456K) Class: 1345K(1600K)->1345K(1600K)
[24.860s][info][gc          ] GC(13) Pause Full (System.gc()) 1875M->1843M(5939M) 4207.680ms
[28.107s][info][gc,metaspace] GC(14) Metaspace: 12573K(13056K)->12573K(13056K) NonClass: 11227K(11456K)->11227K(11456K) Class: 1345K(1600K)->1345K(1600K)
[28.107s][info][gc          ] GC(14) Pause Full (System.gc()) 1843M->1843M(5939M) 3246.176ms
[31.352s][info][gc,metaspace] GC(15) Metaspace: 12573K(13056K)->12573K(13056K) NonClass: 11227K(11456K)->11227K(11456K) Class: 1345K(1600K)->1345K(1600K)
[31.353s][info][gc          ] GC(15) Pause Full (System.gc()) 1843M->1843M(5939M) 3245.846ms
[34.604s][info][gc,metaspace] GC(16) Metaspace: 12573K(13056K)->12573K(13056K) NonClass: 11227K(11456K)->11227K(11456K) Class: 1345K(1600K)->1345K(1600K)
[34.604s][info][gc          ] GC(16) Pause Full (System.gc()) 1843M->1843M(5939M) 3251.228ms
[37.900s][info][gc,metaspace] GC(17) Metaspace: 12573K(13056K)->12573K(13056K) NonClass: 11227K(11456K)->11227K(11456K) Class: 1345K(1600K)->1345K(1600K)
[37.900s][info][gc          ] GC(17) Pause Full (System.gc()) 1843M->1843M(5939M) 3296.063ms
[41.155s][info][gc,metaspace] GC(18) Metaspace: 12573K(13056K)->12573K(13056K) NonClass: 11227K(11456K)->11227K(11456K) Class: 1345K(1600K)->1345K(1600K)
[41.155s][info][gc          ] GC(18) Pause Full (System.gc()) 1843M->1843M(5939M) 3254.354ms
[44.400s][info][gc,metaspace] GC(19) Metaspace: 12573K(13056K)->12573K(13056K) NonClass: 11227K(11456K)->11227K(11456K) Class: 1345K(1600K)->1345K(1600K)
[44.400s][info][gc          ] GC(19) Pause Full (System.gc()) 1843M->1843M(5939M) 3245.114ms
[47.650s][info][gc,metaspace] GC(20) Metaspace: 12573K(13056K)->12573K(13056K) NonClass: 11227K(11456K)->11227K(11456K) Class: 1345K(1600K)->1345K(1600K)
[47.650s][info][gc          ] GC(20) Pause Full (System.gc()) 1843M->1843M(5939M) 3250.379ms
[50.950s][info][gc,metaspace] GC(21) Metaspace: 12573K(13056K)->12573K(13056K) NonClass: 11227K(11456K)->11227K(11456K) Class: 1345K(1600K)->1345K(1600K)
[50.950s][info][gc          ] GC(21) Pause Full (System.gc()) 1843M->1843M(5939M) 3299.419ms
[54.197s][info][gc,metaspace] GC(22) Metaspace: 12573K(13056K)->12573K(13056K) NonClass: 11227K(11456K)->11227K(11456K) Class: 1345K(1600K)->1345K(1600K)
[54.197s][info][gc          ] GC(22) Pause Full (System.gc()) 1843M->1843M(5939M) 3246.427ms
[57.446s][info][gc,metaspace] GC(23) Metaspace: 12573K(13056K)->12573K(13056K) NonClass: 11227K(11456K)->11227K(11456K) Class: 1345K(1600K)->1345K(1600K)
[57.447s][info][gc          ] GC(23) Pause Full (System.gc()) 1843M->1843M(5939M) 3249.808ms
[60.697s][info][gc,metaspace] GC(24) Metaspace: 12573K(13056K)->12573K(13056K) NonClass: 11227K(11456K)->11227K(11456K) Class: 1345K(1600K)->1345K(1600K)
[60.697s][info][gc          ] GC(24) Pause Full (System.gc()) 1843M->1843M(5939M) 3250.401ms
[64.887s][info][gc,metaspace] GC(25) Metaspace: 12573K(13056K)->12573K(13056K) NonClass: 11227K(11456K)->11227K(11456K) Class: 1345K(1600K)->1345K(1600K)
[64.887s][info][gc          ] GC(25) Pause Full (System.gc()) 1859M->1843M(5939M) 4189.670ms
[68.131s][info][gc,metaspace] GC(26) Metaspace: 12573K(13056K)->12573K(13056K) NonClass: 11227K(11456K)->11227K(11456K) Class: 1345K(1600K)->1345K(1600K)
[68.131s][info][gc          ] GC(26) Pause Full (System.gc()) 1843M->1843M(5939M) 3243.938ms
[71.378s][info][gc,metaspace] GC(27) Metaspace: 12573K(13056K)->12573K(13056K) NonClass: 11227K(11456K)->11227K(11456K) Class: 1345K(1600K)->1345K(1600K)
[71.378s][info][gc          ] GC(27) Pause Full (System.gc()) 1843M->1843M(5939M) 3246.917ms
[74.629s][info][gc,metaspace] GC(28) Metaspace: 12573K(13056K)->12573K(13056K) NonClass: 11227K(11456K)->11227K(11456K) Class: 1345K(1600K)->1345K(1600K)
[74.630s][info][gc          ] GC(28) Pause Full (System.gc()) 1843M->1843M(5939M) 3251.169ms
[77.924s][info][gc,metaspace] GC(29) Metaspace: 12573K(13056K)->12573K(13056K) NonClass: 11227K(11456K)->11227K(11456K) Class: 1345K(1600K)->1345K(1600K)
[77.924s][info][gc          ] GC(29) Pause Full (System.gc()) 1843M->1843M(5939M) 3294.046ms
[81.175s][info][gc,metaspace] GC(30) Metaspace: 12573K(13056K)->12573K(13056K) NonClass: 11227K(11456K)->11227K(11456K) Class: 1345K(1600K)->1345K(1600K)
[81.175s][info][gc          ] GC(30) Pause Full (System.gc()) 1843M->1843M(5939M) 3251.497ms
[84.422s][info][gc,metaspace] GC(31) Metaspace: 12573K(13056K)->12573K(13056K) NonClass: 11227K(11456K)->11227K(11456K) Class: 1345K(1600K)->1345K(1600K)
[84.422s][info][gc          ] GC(31) Pause Full (System.gc()) 1843M->1843M(5939M) 3246.449ms
[87.674s][info][gc,metaspace] GC(32) Metaspace: 12573K(13056K)->12573K(13056K) NonClass: 11227K(11456K)->11227K(11456K) Class: 1345K(1600K)->1345K(1600K)
[87.674s][info][gc          ] GC(32) Pause Full (System.gc()) 1843M->1843M(5939M) 3251.965ms
[90.977s][info][gc,metaspace] GC(33) Metaspace: 12573K(13056K)->12573K(13056K) NonClass: 11227K(11456K)->11227K(11456K) Class: 1345K(1600K)->1345K(1600K)
[90.977s][info][gc          ] GC(33) Pause Full (System.gc()) 1843M->1843M(5939M) 3302.457ms
[94.226s][info][gc,metaspace] GC(34) Metaspace: 12573K(13056K)->12573K(13056K) NonClass: 11227K(11456K)->11227K(11456K) Class: 1345K(1600K)->1345K(1600K)
[94.226s][info][gc          ] GC(34) Pause Full (System.gc()) 1843M->1843M(5939M) 3249.571ms
[97.478s][info][gc,metaspace] GC(35) Metaspace: 12573K(13056K)->12573K(13056K) NonClass: 11227K(11456K)->11227K(11456K) Class: 1345K(1600K)->1345K(1600K)
[97.478s][info][gc          ] GC(35) Pause Full (System.gc()) 1843M->1843M(5939M) 3251.498ms
[100.725s][info][gc,metaspace] GC(36) Metaspace: 12573K(13056K)->12573K(13056K) NonClass: 11227K(11456K)->11227K(11456K) Class: 1345K(1600K)->1345K(1600K)
[100.725s][info][gc          ] GC(36) Pause Full (System.gc()) 1843M->1843M(5939M) 3246.326ms
[104.025s][info][gc,metaspace] GC(37) Metaspace: 12573K(13056K)->12573K(13056K) NonClass: 11227K(11456K)->11227K(11456K) Class: 1345K(1600K)->1345K(1600K)
[104.025s][info][gc          ] GC(37) Pause Full (System.gc()) 1843M->1843M(5939M) 3300.069ms
[107.272s][info][gc,metaspace] GC(38) Metaspace: 12573K(13056K)->12573K(13056K) NonClass: 11227K(11456K)->11227K(11456K) Class: 1345K(1600K)->1345K(1600K)
[107.273s][info][gc          ] GC(38) Pause Full (System.gc()) 1843M->1843M(5939M) 3247.527ms
[110.518s][info][gc,metaspace] GC(39) Metaspace: 12573K(13056K)->12573K(13056K) NonClass: 11227K(11456K)->11227K(11456K) Class: 1345K(1600K)->1345K(1600K)
[110.518s][info][gc          ] GC(39) Pause Full (System.gc()) 1843M->1843M(5939M) 3245.439ms
[113.816s][info][gc,metaspace] GC(40) Metaspace: 12573K(13056K)->12573K(13056K) NonClass: 11227K(11456K)->11227K(11456K) Class: 1345K(1600K)->1345K(1600K)
[113.816s][info][gc          ] GC(40) Pause Full (System.gc()) 1843M->1843M(5939M) 3298.215ms
[117.065s][info][gc,metaspace] GC(41) Metaspace: 12573K(13056K)->12573K(13056K) NonClass: 11227K(11456K)->11227K(11456K) Class: 1345K(1600K)->1345K(1600K)
[117.066s][info][gc          ] GC(41) Pause Full (System.gc()) 1843M->1843M(5939M) 3248.965ms
[120.313s][info][gc,metaspace] GC(42) Metaspace: 12573K(13056K)->12573K(13056K) NonClass: 11227K(11456K)->11227K(11456K) Class: 1345K(1600K)->1345K(1600K)
[120.313s][info][gc          ] GC(42) Pause Full (System.gc()) 1843M->1843M(5939M) 3247.050ms
[123.563s][info][gc,metaspace] GC(43) Metaspace: 12573K(13056K)->12573K(13056K) NonClass: 11227K(11456K)->11227K(11456K) Class: 1345K(1600K)->1345K(1600K)
[123.563s][info][gc          ] GC(43) Pause Full (System.gc()) 1843M->1843M(5939M) 3249.730ms
[126.860s][info][gc,metaspace] GC(44) Metaspace: 12573K(13056K)->12573K(13056K) NonClass: 11227K(11456K)->11227K(11456K) Class: 1345K(1600K)->1345K(1600K)
[126.860s][info][gc          ] GC(44) Pause Full (System.gc()) 1859M->1843M(5939M) 3297.505ms
[130.339s][info][gc,metaspace] GC(45) Metaspace: 12573K(13056K)->12573K(13056K) NonClass: 11227K(11456K)->11227K(11456K) Class: 1345K(1600K)->1345K(1600K)
[130.339s][info][gc          ] GC(45) Pause Full (System.gc()) 1843M->1843M(5939M) 3478.626ms
[133.588s][info][gc,metaspace] GC(46) Metaspace: 12573K(13056K)->12573K(13056K) NonClass: 11227K(11456K)->11227K(11456K) Class: 1345K(1600K)->1345K(1600K)
[133.588s][info][gc          ] GC(46) Pause Full (System.gc()) 1843M->1843M(5939M) 3248.358ms
[136.889s][info][gc,metaspace] GC(47) Metaspace: 12573K(13056K)->12573K(13056K) NonClass: 11227K(11456K)->11227K(11456K) Class: 1345K(1600K)->1345K(1600K)
[136.889s][info][gc          ] GC(47) Pause Full (System.gc()) 1843M->1843M(5939M) 3301.292ms
[140.359s][info][gc,metaspace] GC(48) Metaspace: 12573K(13056K)->12573K(13056K) NonClass: 11227K(11456K)->11227K(11456K) Class: 1345K(1600K)->1345K(1600K)
[140.359s][info][gc          ] GC(48) Pause Full (System.gc()) 1843M->1843M(5939M) 3470.016ms
[143.605s][info][gc,metaspace] GC(49) Metaspace: 12573K(13056K)->12573K(13056K) NonClass: 11227K(11456K)->11227K(11456K) Class: 1345K(1600K)->1345K(1600K)
[143.605s][info][gc          ] GC(49) Pause Full (System.gc()) 1843M->1843M(5939M) 3245.890ms
[146.905s][info][gc,metaspace] GC(50) Metaspace: 12573K(13056K)->12573K(13056K) NonClass: 11227K(11456K)->11227K(11456K) Class: 1345K(1600K)->1345K(1600K)
[146.905s][info][gc          ] GC(50) Pause Full (System.gc()) 1843M->1843M(5939M) 3299.455ms
[150.370s][info][gc,metaspace] GC(51) Metaspace: 12573K(13056K)->12573K(13056K) NonClass: 11227K(11456K)->11227K(11456K) Class: 1345K(1600K)->1345K(1600K)
[150.370s][info][gc          ] GC(51) Pause Full (System.gc()) 1843M->1843M(5939M) 3465.290ms
[153.616s][info][gc,metaspace] GC(52) Metaspace: 12573K(13056K)->12573K(13056K) NonClass: 11227K(11456K)->11227K(11456K) Class: 1345K(1600K)->1345K(1600K)
[153.616s][info][gc          ] GC(52) Pause Full (System.gc()) 1843M->1843M(5939M) 3245.812ms
[156.919s][info][gc,metaspace] GC(53) Metaspace: 12573K(13056K)->12573K(13056K) NonClass: 11227K(11456K)->11227K(11456K) Class: 1345K(1600K)->1345K(1600K)
[156.919s][info][gc          ] GC(53) Pause Full (System.gc()) 1843M->1843M(5939M) 3302.759ms
[160.165s][info][gc,metaspace] GC(54) Metaspace: 12573K(13056K)->12573K(13056K) NonClass: 11227K(11456K)->11227K(11456K) Class: 1345K(1600K)->1345K(1600K)
[160.165s][info][gc          ] GC(54) Pause Full (System.gc()) 1843M->1843M(5939M) 3245.633ms
[163.417s][info][gc,metaspace] GC(55) Metaspace: 12573K(13056K)->12573K(13056K) NonClass: 11227K(11456K)->11227K(11456K) Class: 1345K(1600K)->1345K(1600K)
[163.417s][info][gc          ] GC(55) Pause Full (System.gc()) 1843M->1843M(5939M) 3251.358ms
[166.664s][info][gc,metaspace] GC(56) Metaspace: 12573K(13056K)->12573K(13056K) NonClass: 11227K(11456K)->11227K(11456K) Class: 1345K(1600K)->1345K(1600K)
[166.665s][info][gc          ] GC(56) Pause Full (System.gc()) 1843M->1843M(5939M) 3247.727ms
[169.962s][info][gc,metaspace] GC(57) Metaspace: 12573K(13056K)->12573K(13056K) NonClass: 11227K(11456K)->11227K(11456K) Class: 1345K(1600K)->1345K(1600K)
[169.962s][info][gc          ] GC(57) Pause Full (System.gc()) 1843M->1843M(5939M) 3297.185ms
[173.212s][info][gc,metaspace] GC(58) Metaspace: 12573K(13056K)->12573K(13056K) NonClass: 11227K(11456K)->11227K(11456K) Class: 1345K(1600K)->1345K(1600K)
[173.212s][info][gc          ] GC(58) Pause Full (System.gc()) 1843M->1843M(5939M) 3249.625ms
[176.457s][info][gc,metaspace] GC(59) Metaspace: 12573K(13056K)->12573K(13056K) NonClass: 11227K(11456K)->11227K(11456K) Class: 1345K(1600K)->1345K(1600K)
[176.457s][info][gc          ] GC(59) Pause Full (System.gc()) 1843M->1843M(5939M) 3245.085ms
[179.706s][info][gc,metaspace] GC(60) Metaspace: 12573K(13056K)->12573K(13056K) NonClass: 11227K(11456K)->11227K(11456K) Class: 1345K(1600K)->1345K(1600K)
[179.706s][info][gc          ] GC(60) Pause Full (System.gc()) 1843M->1843M(5939M) 3249.470ms
[183.000s][info][gc,metaspace] GC(61) Metaspace: 12573K(13056K)->12573K(13056K) NonClass: 11227K(11456K)->11227K(11456K) Class: 1345K(1600K)->1345K(1600K)
[183.000s][info][gc          ] GC(61) Pause Full (System.gc()) 1843M->1843M(5939M) 3293.549ms
[186.250s][info][gc,metaspace] GC(62) Metaspace: 12573K(13056K)->12573K(13056K) NonClass: 11227K(11456K)->11227K(11456K) Class: 1345K(1600K)->1345K(1600K)
[186.250s][info][gc          ] GC(62) Pause Full (System.gc()) 1843M->1843M(5939M) 3249.905ms
After GCs... 
