[0.001s][info][metaspace]  - commit_granule_bytes: 65536.
[0.001s][info][metaspace]  - commit_granule_words: 8192.
[0.001s][info][metaspace]  - virtual_space_node_default_size: 8388608.
[0.001s][info][metaspace]  - enlarge_chunks_in_place: 1.
[0.001s][info][metaspace]  - use_allocation_guard: 0.
[0.004s][info][gc       ] Using G1
[0.392s][info][metaspace] Reserving compressed class space anywhere
[0.396s][info][gc,metaspace] CDS archive(s) not mapped
[0.396s][info][gc,metaspace] Compressed class space mapped at: 0x0000000026000000-0x00000000e6000000, reserved size: 3221225472
[0.396s][info][gc,metaspace] UseCompressedClassPointers 1, UseCompactObjectHeaders 1, narrow klass pointer bits 22, max shift 10
[0.396s][info][gc,metaspace] Narrow klass base: 0x0000000026000000, Narrow klass shift: 10, Narrow klass range: 0xc0000000
Num Classes: 16
Num Objects per Class: 4194304
Cycles: 100
Class association: random
Generate 16 classes...
Loading 16...[1.070s][info][gc,metaspace] GC(0) Metaspace: 21326K(21696K)->21326K(21696K) NonClass: 17593K(17792K)->17593K(17792K) Class: 3733K(3904K)->3733K(3904K)
[1.070s][info][gc          ] GC(0) Pause Full (System.gc()) 96M->2M(6144M) 12.546ms
Creating 4194304 objects per class...[2.517s][info][gc,metaspace] GC(1) Metaspace: 21380K(21760K)->21380K(21760K) NonClass: 17638K(17856K)->17638K(17856K) Class: 3741K(3904K)->3741K(3904K)
[2.517s][info][gc          ] GC(1) Pause Young (Normal) (G1 Evacuation Pause) 566M->564M(6144M) 221.661ms

Done; will start GCs... 
[3.839s][info][gc,metaspace] GC(2) Metaspace: 21380K(21760K)->21380K(21760K) NonClass: 17638K(17856K)->17638K(17856K) Class: 3741K(3904K)->3741K(3904K)
[3.839s][info][gc          ] GC(2) Pause Full (System.gc()) 782M->774M(6144M) 388.326ms
[4.166s][info][gc,metaspace] GC(3) Metaspace: 21380K(21760K)->21380K(21760K) NonClass: 17638K(17856K)->17638K(17856K) Class: 3741K(3904K)->3741K(3904K)
[4.166s][info][gc          ] GC(3) Pause Full (System.gc()) 774M->774M(6144M) 326.628ms
[4.492s][info][gc,metaspace] GC(4) Metaspace: 21380K(21760K)->21380K(21760K) NonClass: 17638K(17856K)->17638K(17856K) Class: 3741K(3904K)->3741K(3904K)
[4.492s][info][gc          ] GC(4) Pause Full (System.gc()) 774M->774M(6144M) 326.159ms
[4.833s][info][gc,metaspace] GC(5) Metaspace: 21380K(21760K)->21380K(21760K) NonClass: 17638K(17856K)->17638K(17856K) Class: 3741K(3904K)->3741K(3904K)
[4.833s][info][gc          ] GC(5) Pause Full (System.gc()) 774M->774M(6144M) 340.540ms
[5.154s][info][gc,metaspace] GC(6) Metaspace: 21380K(21760K)->21380K(21760K) NonClass: 17638K(17856K)->17638K(17856K) Class: 3741K(3904K)->3741K(3904K)
[5.154s][info][gc          ] GC(6) Pause Full (System.gc()) 774M->774M(6144M) 321.605ms
[5.537s][info][gc,metaspace] GC(7) Metaspace: 21380K(21760K)->21380K(21760K) NonClass: 17638K(17856K)->17638K(17856K) Class: 3741K(3904K)->3741K(3904K)
[5.537s][info][gc          ] GC(7) Pause Full (System.gc()) 774M->774M(6144M) 382.462ms
[5.885s][info][gc,metaspace] GC(8) Metaspace: 21380K(21760K)->21380K(21760K) NonClass: 17638K(17856K)->17638K(17856K) Class: 3741K(3904K)->3741K(3904K)
[5.885s][info][gc          ] GC(8) Pause Full (System.gc()) 774M->774M(6144M) 347.996ms
[6.217s][info][gc,metaspace] GC(9) Metaspace: 21380K(21760K)->21380K(21760K) NonClass: 17638K(17856K)->17638K(17856K) Class: 3741K(3904K)->3741K(3904K)
[6.217s][info][gc          ] GC(9) Pause Full (System.gc()) 774M->774M(6144M) 332.321ms
[6.584s][info][gc,metaspace] GC(10) Metaspace: 21380K(21760K)->21380K(21760K) NonClass: 17638K(17856K)->17638K(17856K) Class: 3741K(3904K)->3741K(3904K)
[6.584s][info][gc          ] GC(10) Pause Full (System.gc()) 774M->774M(6144M) 362.948ms
[6.903s][info][gc,metaspace] GC(11) Metaspace: 21380K(21760K)->21380K(21760K) NonClass: 17638K(17856K)->17638K(17856K) Class: 3741K(3904K)->3741K(3904K)
[6.903s][info][gc          ] GC(11) Pause Full (System.gc()) 774M->774M(6144M) 318.557ms
[7.244s][info][gc,metaspace] GC(12) Metaspace: 21380K(21760K)->21380K(21760K) NonClass: 17638K(17856K)->17638K(17856K) Class: 3741K(3904K)->3741K(3904K)
[7.245s][info][gc          ] GC(12) Pause Full (System.gc()) 774M->774M(6144M) 341.363ms
[7.589s][info][gc,metaspace] GC(13) Metaspace: 21380K(21760K)->21380K(21760K) NonClass: 17638K(17856K)->17638K(17856K) Class: 3741K(3904K)->3741K(3904K)
[7.589s][info][gc          ] GC(13) Pause Full (System.gc()) 774M->774M(6144M) 344.637ms
[7.934s][info][gc,metaspace] GC(14) Metaspace: 21380K(21760K)->21380K(21760K) NonClass: 17638K(17856K)->17638K(17856K) Class: 3741K(3904K)->3741K(3904K)
[7.934s][info][gc          ] GC(14) Pause Full (System.gc()) 774M->774M(6144M) 344.311ms
[8.265s][info][gc,metaspace] GC(15) Metaspace: 21380K(21760K)->21380K(21760K) NonClass: 17638K(17856K)->17638K(17856K) Class: 3741K(3904K)->3741K(3904K)
[8.265s][info][gc          ] GC(15) Pause Full (System.gc()) 774M->774M(6144M) 331.676ms
[8.600s][info][gc,metaspace] GC(16) Metaspace: 21380K(21760K)->21380K(21760K) NonClass: 17638K(17856K)->17638K(17856K) Class: 3741K(3904K)->3741K(3904K)
[8.600s][info][gc          ] GC(16) Pause Full (System.gc()) 774M->774M(6144M) 334.349ms
[8.940s][info][gc,metaspace] GC(17) Metaspace: 21380K(21760K)->21380K(21760K) NonClass: 17638K(17856K)->17638K(17856K) Class: 3741K(3904K)->3741K(3904K)
[8.940s][info][gc          ] GC(17) Pause Full (System.gc()) 774M->774M(6144M) 340.587ms
[9.259s][info][gc,metaspace] GC(18) Metaspace: 21380K(21760K)->21380K(21760K) NonClass: 17638K(17856K)->17638K(17856K) Class: 3741K(3904K)->3741K(3904K)
[9.259s][info][gc          ] GC(18) Pause Full (System.gc()) 774M->774M(6144M) 318.962ms
[9.606s][info][gc,metaspace] GC(19) Metaspace: 21380K(21760K)->21380K(21760K) NonClass: 17638K(17856K)->17638K(17856K) Class: 3741K(3904K)->3741K(3904K)
[9.606s][info][gc          ] GC(19) Pause Full (System.gc()) 774M->774M(6144M) 346.194ms
[9.973s][info][gc,metaspace] GC(20) Metaspace: 21380K(21760K)->21380K(21760K) NonClass: 17638K(17856K)->17638K(17856K) Class: 3741K(3904K)->3741K(3904K)
[9.973s][info][gc          ] GC(20) Pause Full (System.gc()) 774M->774M(6144M) 367.168ms
[10.327s][info][gc,metaspace] GC(21) Metaspace: 21380K(21760K)->21380K(21760K) NonClass: 17638K(17856K)->17638K(17856K) Class: 3741K(3904K)->3741K(3904K)
[10.327s][info][gc          ] GC(21) Pause Full (System.gc()) 774M->774M(6144M) 354.328ms
[10.671s][info][gc,metaspace] GC(22) Metaspace: 21380K(21760K)->21380K(21760K) NonClass: 17638K(17856K)->17638K(17856K) Class: 3741K(3904K)->3741K(3904K)
[10.671s][info][gc          ] GC(22) Pause Full (System.gc()) 774M->774M(6144M) 343.286ms
[11.027s][info][gc,metaspace] GC(23) Metaspace: 21380K(21760K)->21380K(21760K) NonClass: 17638K(17856K)->17638K(17856K) Class: 3741K(3904K)->3741K(3904K)
[11.027s][info][gc          ] GC(23) Pause Full (System.gc()) 774M->774M(6144M) 356.080ms
[11.386s][info][gc,metaspace] GC(24) Metaspace: 21380K(21760K)->21380K(21760K) NonClass: 17638K(17856K)->17638K(17856K) Class: 3741K(3904K)->3741K(3904K)
[11.386s][info][gc          ] GC(24) Pause Full (System.gc()) 774M->774M(6144M) 359.588ms
[11.773s][info][gc,metaspace] GC(25) Metaspace: 21380K(21760K)->21380K(21760K) NonClass: 17638K(17856K)->17638K(17856K) Class: 3741K(3904K)->3741K(3904K)
[11.774s][info][gc          ] GC(25) Pause Full (System.gc()) 774M->774M(6144M) 382.777ms
[12.104s][info][gc,metaspace] GC(26) Metaspace: 21380K(21760K)->21380K(21760K) NonClass: 17638K(17856K)->17638K(17856K) Class: 3741K(3904K)->3741K(3904K)
[12.104s][info][gc          ] GC(26) Pause Full (System.gc()) 774M->774M(6144M) 330.096ms
[12.466s][info][gc,metaspace] GC(27) Metaspace: 21380K(21760K)->21380K(21760K) NonClass: 17638K(17856K)->17638K(17856K) Class: 3741K(3904K)->3741K(3904K)
[12.466s][info][gc          ] GC(27) Pause Full (System.gc()) 774M->774M(6144M) 362.704ms
[12.802s][info][gc,metaspace] GC(28) Metaspace: 21380K(21760K)->21380K(21760K) NonClass: 17638K(17856K)->17638K(17856K) Class: 3741K(3904K)->3741K(3904K)
[12.802s][info][gc          ] GC(28) Pause Full (System.gc()) 774M->774M(6144M) 335.728ms
[13.138s][info][gc,metaspace] GC(29) Metaspace: 21380K(21760K)->21380K(21760K) NonClass: 17638K(17856K)->17638K(17856K) Class: 3741K(3904K)->3741K(3904K)
[13.138s][info][gc          ] GC(29) Pause Full (System.gc()) 774M->774M(6144M) 335.702ms
[13.498s][info][gc,metaspace] GC(30) Metaspace: 21380K(21760K)->21380K(21760K) NonClass: 17638K(17856K)->17638K(17856K) Class: 3741K(3904K)->3741K(3904K)
[13.498s][info][gc          ] GC(30) Pause Full (System.gc()) 774M->774M(6144M) 360.019ms
[13.833s][info][gc,metaspace] GC(31) Metaspace: 21380K(21760K)->21380K(21760K) NonClass: 17638K(17856K)->17638K(17856K) Class: 3741K(3904K)->3741K(3904K)
[13.833s][info][gc          ] GC(31) Pause Full (System.gc()) 774M->774M(6144M) 334.655ms
[14.162s][info][gc,metaspace] GC(32) Metaspace: 21380K(21760K)->21380K(21760K) NonClass: 17638K(17856K)->17638K(17856K) Class: 3741K(3904K)->3741K(3904K)
[14.162s][info][gc          ] GC(32) Pause Full (System.gc()) 774M->774M(6144M) 329.457ms
[14.514s][info][gc,metaspace] GC(33) Metaspace: 21380K(21760K)->21380K(21760K) NonClass: 17638K(17856K)->17638K(17856K) Class: 3741K(3904K)->3741K(3904K)
[14.514s][info][gc          ] GC(33) Pause Full (System.gc()) 774M->774M(6144M) 351.959ms
[14.860s][info][gc,metaspace] GC(34) Metaspace: 21380K(21760K)->21380K(21760K) NonClass: 17638K(17856K)->17638K(17856K) Class: 3741K(3904K)->3741K(3904K)
[14.860s][info][gc          ] GC(34) Pause Full (System.gc()) 774M->774M(6144M) 345.171ms
[15.205s][info][gc,metaspace] GC(35) Metaspace: 21380K(21760K)->21380K(21760K) NonClass: 17638K(17856K)->17638K(17856K) Class: 3741K(3904K)->3741K(3904K)
[15.205s][info][gc          ] GC(35) Pause Full (System.gc()) 774M->774M(6144M) 344.944ms
[15.540s][info][gc,metaspace] GC(36) Metaspace: 21380K(21760K)->21380K(21760K) NonClass: 17638K(17856K)->17638K(17856K) Class: 3741K(3904K)->3741K(3904K)
[15.540s][info][gc          ] GC(36) Pause Full (System.gc()) 774M->774M(6144M) 335.761ms
[15.874s][info][gc,metaspace] GC(37) Metaspace: 21380K(21760K)->21380K(21760K) NonClass: 17638K(17856K)->17638K(17856K) Class: 3741K(3904K)->3741K(3904K)
[15.874s][info][gc          ] GC(37) Pause Full (System.gc()) 774M->774M(6144M) 333.817ms
[16.203s][info][gc,metaspace] GC(38) Metaspace: 21380K(21760K)->21380K(21760K) NonClass: 17638K(17856K)->17638K(17856K) Class: 3741K(3904K)->3741K(3904K)
[16.203s][info][gc          ] GC(38) Pause Full (System.gc()) 774M->774M(6144M) 328.988ms
[16.552s][info][gc,metaspace] GC(39) Metaspace: 21380K(21760K)->21380K(21760K) NonClass: 17638K(17856K)->17638K(17856K) Class: 3741K(3904K)->3741K(3904K)
[16.552s][info][gc          ] GC(39) Pause Full (System.gc()) 774M->774M(6144M) 348.804ms
[16.923s][info][gc,metaspace] GC(40) Metaspace: 21380K(21760K)->21380K(21760K) NonClass: 17638K(17856K)->17638K(17856K) Class: 3741K(3904K)->3741K(3904K)
[16.923s][info][gc          ] GC(40) Pause Full (System.gc()) 774M->774M(6144M) 366.847ms
[17.251s][info][gc,metaspace] GC(41) Metaspace: 21380K(21760K)->21380K(21760K) NonClass: 17638K(17856K)->17638K(17856K) Class: 3741K(3904K)->3741K(3904K)
[17.251s][info][gc          ] GC(41) Pause Full (System.gc()) 774M->774M(6144M) 327.884ms
[17.590s][info][gc,metaspace] GC(42) Metaspace: 21380K(21760K)->21380K(21760K) NonClass: 17638K(17856K)->17638K(17856K) Class: 3741K(3904K)->3741K(3904K)
[17.590s][info][gc          ] GC(42) Pause Full (System.gc()) 774M->774M(6144M) 338.278ms
[17.942s][info][gc,metaspace] GC(43) Metaspace: 21380K(21760K)->21380K(21760K) NonClass: 17638K(17856K)->17638K(17856K) Class: 3741K(3904K)->3741K(3904K)
[17.942s][info][gc          ] GC(43) Pause Full (System.gc()) 774M->774M(6144M) 352.114ms
[18.293s][info][gc,metaspace] GC(44) Metaspace: 21380K(21760K)->21380K(21760K) NonClass: 17638K(17856K)->17638K(17856K) Class: 3741K(3904K)->3741K(3904K)
[18.293s][info][gc          ] GC(44) Pause Full (System.gc()) 774M->774M(6144M) 351.530ms
[18.621s][info][gc,metaspace] GC(45) Metaspace: 21380K(21760K)->21380K(21760K) NonClass: 17638K(17856K)->17638K(17856K) Class: 3741K(3904K)->3741K(3904K)
[18.621s][info][gc          ] GC(45) Pause Full (System.gc()) 774M->774M(6144M) 327.819ms
[18.952s][info][gc,metaspace] GC(46) Metaspace: 21380K(21760K)->21380K(21760K) NonClass: 17638K(17856K)->17638K(17856K) Class: 3741K(3904K)->3741K(3904K)
[18.952s][info][gc          ] GC(46) Pause Full (System.gc()) 774M->774M(6144M) 330.975ms
[19.285s][info][gc,metaspace] GC(47) Metaspace: 21380K(21760K)->21380K(21760K) NonClass: 17638K(17856K)->17638K(17856K) Class: 3741K(3904K)->3741K(3904K)
[19.285s][info][gc          ] GC(47) Pause Full (System.gc()) 774M->774M(6144M) 332.817ms
[19.643s][info][gc,metaspace] GC(48) Metaspace: 21380K(21760K)->21380K(21760K) NonClass: 17638K(17856K)->17638K(17856K) Class: 3741K(3904K)->3741K(3904K)
[19.643s][info][gc          ] GC(48) Pause Full (System.gc()) 774M->774M(6144M) 357.900ms
[19.998s][info][gc,metaspace] GC(49) Metaspace: 21380K(21760K)->21380K(21760K) NonClass: 17638K(17856K)->17638K(17856K) Class: 3741K(3904K)->3741K(3904K)
[19.998s][info][gc          ] GC(49) Pause Full (System.gc()) 774M->774M(6144M) 354.975ms
[20.348s][info][gc,metaspace] GC(50) Metaspace: 21380K(21760K)->21380K(21760K) NonClass: 17638K(17856K)->17638K(17856K) Class: 3741K(3904K)->3741K(3904K)
[20.348s][info][gc          ] GC(50) Pause Full (System.gc()) 774M->774M(6144M) 350.039ms
[20.712s][info][gc,metaspace] GC(51) Metaspace: 21380K(21760K)->21380K(21760K) NonClass: 17638K(17856K)->17638K(17856K) Class: 3741K(3904K)->3741K(3904K)
[20.712s][info][gc          ] GC(51) Pause Full (System.gc()) 774M->774M(6144M) 364.059ms
[21.034s][info][gc,metaspace] GC(52) Metaspace: 21380K(21760K)->21380K(21760K) NonClass: 17638K(17856K)->17638K(17856K) Class: 3741K(3904K)->3741K(3904K)
[21.034s][info][gc          ] GC(52) Pause Full (System.gc()) 774M->774M(6144M) 321.541ms
[21.395s][info][gc,metaspace] GC(53) Metaspace: 21380K(21760K)->21380K(21760K) NonClass: 17638K(17856K)->17638K(17856K) Class: 3741K(3904K)->3741K(3904K)
[21.395s][info][gc          ] GC(53) Pause Full (System.gc()) 774M->774M(6144M) 360.569ms
[21.718s][info][gc,metaspace] GC(54) Metaspace: 21380K(21760K)->21380K(21760K) NonClass: 17638K(17856K)->17638K(17856K) Class: 3741K(3904K)->3741K(3904K)
[21.718s][info][gc          ] GC(54) Pause Full (System.gc()) 774M->774M(6144M) 322.993ms
[22.106s][info][gc,metaspace] GC(55) Metaspace: 21380K(21760K)->21380K(21760K) NonClass: 17638K(17856K)->17638K(17856K) Class: 3741K(3904K)->3741K(3904K)
[22.106s][info][gc          ] GC(55) Pause Full (System.gc()) 774M->774M(6144M) 383.848ms
[22.450s][info][gc,metaspace] GC(56) Metaspace: 21380K(21760K)->21380K(21760K) NonClass: 17638K(17856K)->17638K(17856K) Class: 3741K(3904K)->3741K(3904K)
[22.450s][info][gc          ] GC(56) Pause Full (System.gc()) 774M->774M(6144M) 344.549ms
[22.791s][info][gc,metaspace] GC(57) Metaspace: 21380K(21760K)->21380K(21760K) NonClass: 17638K(17856K)->17638K(17856K) Class: 3741K(3904K)->3741K(3904K)
[22.791s][info][gc          ] GC(57) Pause Full (System.gc()) 774M->774M(6144M) 340.637ms
[23.126s][info][gc,metaspace] GC(58) Metaspace: 21380K(21760K)->21380K(21760K) NonClass: 17638K(17856K)->17638K(17856K) Class: 3741K(3904K)->3741K(3904K)
[23.126s][info][gc          ] GC(58) Pause Full (System.gc()) 774M->774M(6144M) 334.407ms
[23.487s][info][gc,metaspace] GC(59) Metaspace: 21380K(21760K)->21380K(21760K) NonClass: 17638K(17856K)->17638K(17856K) Class: 3741K(3904K)->3741K(3904K)
[23.487s][info][gc          ] GC(59) Pause Full (System.gc()) 774M->774M(6144M) 361.825ms
[23.819s][info][gc,metaspace] GC(60) Metaspace: 21380K(21760K)->21380K(21760K) NonClass: 17638K(17856K)->17638K(17856K) Class: 3741K(3904K)->3741K(3904K)
[23.819s][info][gc          ] GC(60) Pause Full (System.gc()) 774M->774M(6144M) 331.251ms
[24.138s][info][gc,metaspace] GC(61) Metaspace: 21380K(21760K)->21380K(21760K) NonClass: 17638K(17856K)->17638K(17856K) Class: 3741K(3904K)->3741K(3904K)
[24.138s][info][gc          ] GC(61) Pause Full (System.gc()) 774M->774M(6144M) 318.803ms
[24.501s][info][gc,metaspace] GC(62) Metaspace: 21380K(21760K)->21380K(21760K) NonClass: 17638K(17856K)->17638K(17856K) Class: 3741K(3904K)->3741K(3904K)
[24.501s][info][gc          ] GC(62) Pause Full (System.gc()) 774M->774M(6144M) 363.594ms
[24.827s][info][gc,metaspace] GC(63) Metaspace: 21380K(21760K)->21380K(21760K) NonClass: 17638K(17856K)->17638K(17856K) Class: 3741K(3904K)->3741K(3904K)
[24.827s][info][gc          ] GC(63) Pause Full (System.gc()) 774M->774M(6144M) 325.630ms
[25.161s][info][gc,metaspace] GC(64) Metaspace: 21380K(21760K)->21380K(21760K) NonClass: 17638K(17856K)->17638K(17856K) Class: 3741K(3904K)->3741K(3904K)
[25.161s][info][gc          ] GC(64) Pause Full (System.gc()) 774M->774M(6144M) 333.559ms
[25.503s][info][gc,metaspace] GC(65) Metaspace: 21380K(21760K)->21380K(21760K) NonClass: 17638K(17856K)->17638K(17856K) Class: 3741K(3904K)->3741K(3904K)
[25.503s][info][gc          ] GC(65) Pause Full (System.gc()) 774M->774M(6144M) 342.124ms
[25.822s][info][gc,metaspace] GC(66) Metaspace: 21380K(21760K)->21380K(21760K) NonClass: 17638K(17856K)->17638K(17856K) Class: 3741K(3904K)->3741K(3904K)
[25.822s][info][gc          ] GC(66) Pause Full (System.gc()) 774M->774M(6144M) 319.061ms
[26.143s][info][gc,metaspace] GC(67) Metaspace: 21380K(21760K)->21380K(21760K) NonClass: 17638K(17856K)->17638K(17856K) Class: 3741K(3904K)->3741K(3904K)
[26.143s][info][gc          ] GC(67) Pause Full (System.gc()) 774M->774M(6144M) 320.963ms
[26.495s][info][gc,metaspace] GC(68) Metaspace: 21380K(21760K)->21380K(21760K) NonClass: 17638K(17856K)->17638K(17856K) Class: 3741K(3904K)->3741K(3904K)
[26.495s][info][gc          ] GC(68) Pause Full (System.gc()) 774M->774M(6144M) 351.620ms
[26.838s][info][gc,metaspace] GC(69) Metaspace: 21380K(21760K)->21380K(21760K) NonClass: 17638K(17856K)->17638K(17856K) Class: 3741K(3904K)->3741K(3904K)
[26.838s][info][gc          ] GC(69) Pause Full (System.gc()) 774M->774M(6144M) 343.113ms
[27.214s][info][gc,metaspace] GC(70) Metaspace: 21380K(21760K)->21380K(21760K) NonClass: 17638K(17856K)->17638K(17856K) Class: 3741K(3904K)->3741K(3904K)
[27.214s][info][gc          ] GC(70) Pause Full (System.gc()) 774M->774M(6144M) 371.983ms
[27.558s][info][gc,metaspace] GC(71) Metaspace: 21380K(21760K)->21380K(21760K) NonClass: 17638K(17856K)->17638K(17856K) Class: 3741K(3904K)->3741K(3904K)
[27.558s][info][gc          ] GC(71) Pause Full (System.gc()) 774M->774M(6144M) 344.169ms
[27.876s][info][gc,metaspace] GC(72) Metaspace: 21380K(21760K)->21380K(21760K) NonClass: 17638K(17856K)->17638K(17856K) Class: 3741K(3904K)->3741K(3904K)
[27.876s][info][gc          ] GC(72) Pause Full (System.gc()) 774M->774M(6144M) 317.453ms
[28.204s][info][gc,metaspace] GC(73) Metaspace: 21380K(21760K)->21380K(21760K) NonClass: 17638K(17856K)->17638K(17856K) Class: 3741K(3904K)->3741K(3904K)
[28.204s][info][gc          ] GC(73) Pause Full (System.gc()) 774M->774M(6144M) 328.325ms
[28.544s][info][gc,metaspace] GC(74) Metaspace: 21380K(21760K)->21380K(21760K) NonClass: 17638K(17856K)->17638K(17856K) Class: 3741K(3904K)->3741K(3904K)
[28.544s][info][gc          ] GC(74) Pause Full (System.gc()) 774M->774M(6144M) 339.495ms
[28.883s][info][gc,metaspace] GC(75) Metaspace: 21380K(21760K)->21380K(21760K) NonClass: 17638K(17856K)->17638K(17856K) Class: 3741K(3904K)->3741K(3904K)
[28.883s][info][gc          ] GC(75) Pause Full (System.gc()) 774M->774M(6144M) 339.719ms
[29.221s][info][gc,metaspace] GC(76) Metaspace: 21380K(21760K)->21380K(21760K) NonClass: 17638K(17856K)->17638K(17856K) Class: 3741K(3904K)->3741K(3904K)
[29.221s][info][gc          ] GC(76) Pause Full (System.gc()) 774M->774M(6144M) 337.636ms
[29.585s][info][gc,metaspace] GC(77) Metaspace: 21380K(21760K)->21380K(21760K) NonClass: 17638K(17856K)->17638K(17856K) Class: 3741K(3904K)->3741K(3904K)
[29.585s][info][gc          ] GC(77) Pause Full (System.gc()) 774M->774M(6144M) 364.202ms
[29.922s][info][gc,metaspace] GC(78) Metaspace: 21380K(21760K)->21380K(21760K) NonClass: 17638K(17856K)->17638K(17856K) Class: 3741K(3904K)->3741K(3904K)
[29.922s][info][gc          ] GC(78) Pause Full (System.gc()) 774M->774M(6144M) 336.321ms
[30.266s][info][gc,metaspace] GC(79) Metaspace: 21380K(21760K)->21380K(21760K) NonClass: 17638K(17856K)->17638K(17856K) Class: 3741K(3904K)->3741K(3904K)
[30.266s][info][gc          ] GC(79) Pause Full (System.gc()) 774M->774M(6144M) 343.821ms
[30.613s][info][gc,metaspace] GC(80) Metaspace: 21380K(21760K)->21380K(21760K) NonClass: 17638K(17856K)->17638K(17856K) Class: 3741K(3904K)->3741K(3904K)
[30.613s][info][gc          ] GC(80) Pause Full (System.gc()) 774M->774M(6144M) 346.828ms
[30.941s][info][gc,metaspace] GC(81) Metaspace: 21380K(21760K)->21380K(21760K) NonClass: 17638K(17856K)->17638K(17856K) Class: 3741K(3904K)->3741K(3904K)
[30.941s][info][gc          ] GC(81) Pause Full (System.gc()) 774M->774M(6144M) 328.858ms
[31.289s][info][gc,metaspace] GC(82) Metaspace: 21380K(21760K)->21380K(21760K) NonClass: 17638K(17856K)->17638K(17856K) Class: 3741K(3904K)->3741K(3904K)
[31.289s][info][gc          ] GC(82) Pause Full (System.gc()) 774M->774M(6144M) 347.143ms
[31.649s][info][gc,metaspace] GC(83) Metaspace: 21380K(21760K)->21380K(21760K) NonClass: 17638K(17856K)->17638K(17856K) Class: 3741K(3904K)->3741K(3904K)
[31.649s][info][gc          ] GC(83) Pause Full (System.gc()) 774M->774M(6144M) 360.077ms
[31.966s][info][gc,metaspace] GC(84) Metaspace: 21380K(21760K)->21380K(21760K) NonClass: 17638K(17856K)->17638K(17856K) Class: 3741K(3904K)->3741K(3904K)
[31.966s][info][gc          ] GC(84) Pause Full (System.gc()) 774M->774M(6144M) 317.176ms
[32.344s][info][gc,metaspace] GC(85) Metaspace: 21380K(21760K)->21380K(21760K) NonClass: 17638K(17856K)->17638K(17856K) Class: 3741K(3904K)->3741K(3904K)
[32.344s][info][gc          ] GC(85) Pause Full (System.gc()) 774M->774M(6144M) 373.499ms
[32.679s][info][gc,metaspace] GC(86) Metaspace: 21380K(21760K)->21380K(21760K) NonClass: 17638K(17856K)->17638K(17856K) Class: 3741K(3904K)->3741K(3904K)
[32.679s][info][gc          ] GC(86) Pause Full (System.gc()) 774M->774M(6144M) 334.755ms
[33.009s][info][gc,metaspace] GC(87) Metaspace: 21380K(21760K)->21380K(21760K) NonClass: 17638K(17856K)->17638K(17856K) Class: 3741K(3904K)->3741K(3904K)
[33.009s][info][gc          ] GC(87) Pause Full (System.gc()) 774M->774M(6144M) 330.318ms
[33.349s][info][gc,metaspace] GC(88) Metaspace: 21380K(21760K)->21380K(21760K) NonClass: 17638K(17856K)->17638K(17856K) Class: 3741K(3904K)->3741K(3904K)
[33.349s][info][gc          ] GC(88) Pause Full (System.gc()) 774M->774M(6144M) 340.265ms
[33.694s][info][gc,metaspace] GC(89) Metaspace: 21380K(21760K)->21380K(21760K) NonClass: 17638K(17856K)->17638K(17856K) Class: 3741K(3904K)->3741K(3904K)
[33.694s][info][gc          ] GC(89) Pause Full (System.gc()) 774M->774M(6144M) 344.830ms
[34.043s][info][gc,metaspace] GC(90) Metaspace: 21380K(21760K)->21380K(21760K) NonClass: 17638K(17856K)->17638K(17856K) Class: 3741K(3904K)->3741K(3904K)
[34.043s][info][gc          ] GC(90) Pause Full (System.gc()) 774M->774M(6144M) 348.806ms
[34.412s][info][gc,metaspace] GC(91) Metaspace: 21380K(21760K)->21380K(21760K) NonClass: 17638K(17856K)->17638K(17856K) Class: 3741K(3904K)->3741K(3904K)
[34.412s][info][gc          ] GC(91) Pause Full (System.gc()) 774M->774M(6144M) 368.635ms
[34.736s][info][gc,metaspace] GC(92) Metaspace: 21380K(21760K)->21380K(21760K) NonClass: 17638K(17856K)->17638K(17856K) Class: 3741K(3904K)->3741K(3904K)
[34.736s][info][gc          ] GC(92) Pause Full (System.gc()) 774M->774M(6144M) 324.314ms
[35.070s][info][gc,metaspace] GC(93) Metaspace: 21380K(21760K)->21380K(21760K) NonClass: 17638K(17856K)->17638K(17856K) Class: 3741K(3904K)->3741K(3904K)
[35.070s][info][gc          ] GC(93) Pause Full (System.gc()) 774M->774M(6144M) 333.349ms
[35.429s][info][gc,metaspace] GC(94) Metaspace: 21380K(21760K)->21380K(21760K) NonClass: 17638K(17856K)->17638K(17856K) Class: 3741K(3904K)->3741K(3904K)
[35.429s][info][gc          ] GC(94) Pause Full (System.gc()) 774M->774M(6144M) 359.297ms
[35.763s][info][gc,metaspace] GC(95) Metaspace: 21380K(21760K)->21380K(21760K) NonClass: 17638K(17856K)->17638K(17856K) Class: 3741K(3904K)->3741K(3904K)
[35.763s][info][gc          ] GC(95) Pause Full (System.gc()) 774M->774M(6144M) 333.922ms
[36.099s][info][gc,metaspace] GC(96) Metaspace: 21380K(21760K)->21380K(21760K) NonClass: 17638K(17856K)->17638K(17856K) Class: 3741K(3904K)->3741K(3904K)
[36.099s][info][gc          ] GC(96) Pause Full (System.gc()) 774M->774M(6144M) 336.417ms
[36.457s][info][gc,metaspace] GC(97) Metaspace: 21380K(21760K)->21380K(21760K) NonClass: 17638K(17856K)->17638K(17856K) Class: 3741K(3904K)->3741K(3904K)
[36.457s][info][gc          ] GC(97) Pause Full (System.gc()) 774M->774M(6144M) 357.632ms
[36.783s][info][gc,metaspace] GC(98) Metaspace: 21380K(21760K)->21380K(21760K) NonClass: 17638K(17856K)->17638K(17856K) Class: 3741K(3904K)->3741K(3904K)
[36.783s][info][gc          ] GC(98) Pause Full (System.gc()) 774M->774M(6144M) 326.192ms
[37.112s][info][gc,metaspace] GC(99) Metaspace: 21380K(21760K)->21380K(21760K) NonClass: 17638K(17856K)->17638K(17856K) Class: 3741K(3904K)->3741K(3904K)
[37.112s][info][gc          ] GC(99) Pause Full (System.gc()) 774M->774M(6144M) 328.222ms
[37.466s][info][gc,metaspace] GC(100) Metaspace: 21380K(21760K)->21380K(21760K) NonClass: 17638K(17856K)->17638K(17856K) Class: 3741K(3904K)->3741K(3904K)
[37.466s][info][gc          ] GC(100) Pause Full (System.gc()) 774M->774M(6144M) 354.255ms
[37.812s][info][gc,metaspace] GC(101) Metaspace: 21380K(21760K)->21380K(21760K) NonClass: 17638K(17856K)->17638K(17856K) Class: 3741K(3904K)->3741K(3904K)
[37.812s][info][gc          ] GC(101) Pause Full (System.gc()) 774M->774M(6144M) 346.276ms
After GCs... 
