Done; will start GCs... 
[60.407s][info][gc,metaspace] GC(17) Metaspace: 89897K(103744K)->89897K(103744K) NonClass: 63148K(69056K)->63148K(69056K) Class: 26748K(34688K)->26748K(34688K)
[60.407s][info][gc          ] GC(17) Pause Full (System.gc()) 1625M->1602M(5690M) 1251.910ms
[61.672s][info][gc,metaspace] GC(18) Metaspace: 89897K(103744K)->89897K(103744K) NonClass: 63148K(69056K)->63148K(69056K) Class: 26748K(34688K)->26748K(34688K)
[61.672s][info][gc          ] GC(18) Pause Full (System.gc()) 1602M->1602M(5690M) 1264.995ms
[63.091s][info][gc,metaspace] GC(19) Metaspace: 89897K(103744K)->89897K(103744K) NonClass: 63148K(69056K)->63148K(69056K) Class: 26748K(34688K)->26748K(34688K)
[63.091s][info][gc          ] GC(19) Pause Full (System.gc()) 1602M->1602M(5690M) 1418.311ms
[64.634s][info][gc,metaspace] GC(20) Metaspace: 89897K(103744K)->89897K(103744K) NonClass: 63148K(69056K)->63148K(69056K) Class: 26748K(34688K)->26748K(34688K)
[64.634s][info][gc          ] GC(20) Pause Full (System.gc()) 1602M->1602M(5690M) 1539.337ms
[65.850s][info][gc,metaspace] GC(21) Metaspace: 89897K(103744K)->89897K(103744K) NonClass: 63148K(69056K)->63148K(69056K) Class: 26748K(34688K)->26748K(34688K)
[65.850s][info][gc          ] GC(21) Pause Full (System.gc()) 1602M->1602M(5690M) 1215.091ms
[67.067s][info][gc,metaspace] GC(22) Metaspace: 89897K(103744K)->89897K(103744K) NonClass: 63148K(69056K)->63148K(69056K) Class: 26748K(34688K)->26748K(34688K)
[67.067s][info][gc          ] GC(22) Pause Full (System.gc()) 1613M->1602M(5690M) 1217.073ms
[68.301s][info][gc,metaspace] GC(23) Metaspace: 89897K(103744K)->89897K(103744K) NonClass: 63148K(69056K)->63148K(69056K) Class: 26748K(34688K)->26748K(34688K)
[68.301s][info][gc          ] GC(23) Pause Full (System.gc()) 1602M->1602M(5690M) 1233.744ms
[69.480s][info][gc,metaspace] GC(24) Metaspace: 89897K(103744K)->89897K(103744K) NonClass: 63148K(69056K)->63148K(69056K) Class: 26748K(34688K)->26748K(34688K)
[69.480s][info][gc          ] GC(24) Pause Full (System.gc()) 1602M->1602M(5690M) 1174.760ms
[70.714s][info][gc,metaspace] GC(25) Metaspace: 89897K(103744K)->89897K(103744K) NonClass: 63148K(69056K)->63148K(69056K) Class: 26748K(34688K)->26748K(34688K)
[70.715s][info][gc          ] GC(25) Pause Full (System.gc()) 1602M->1602M(5690M) 1234.354ms
[71.915s][info][gc,metaspace] GC(26) Metaspace: 89897K(103744K)->89897K(103744K) NonClass: 63148K(69056K)->63148K(69056K) Class: 26748K(34688K)->26748K(34688K)
[71.915s][info][gc          ] GC(26) Pause Full (System.gc()) 1602M->1602M(5690M) 1200.868ms
After GCs... 
