Done; will start GCs... 
[60.116s][info][gc,metaspace] GC(18) Metaspace: 88078K(101952K)->88078K(101952K) NonClass: 69685K(75648K)->69685K(75648K) Class: 18392K(26304K)->18392K(26304K)
[60.116s][info][gc          ] GC(18) Pause Full (System.gc()) 1840M->1817M(5692M) 933.044ms
[60.930s][info][gc,metaspace] GC(19) Metaspace: 88078K(101952K)->88078K(101952K) NonClass: 69685K(75648K)->69685K(75648K) Class: 18392K(26304K)->18392K(26304K)
[60.930s][info][gc          ] GC(19) Pause Full (System.gc()) 1817M->1817M(5692M) 814.116ms
[61.845s][info][gc,metaspace] GC(20) Metaspace: 88078K(101952K)->88078K(101952K) NonClass: 69685K(75648K)->69685K(75648K) Class: 18392K(26304K)->18392K(26304K)
[61.845s][info][gc          ] GC(20) Pause Full (System.gc()) 1817M->1817M(5692M) 915.133ms
[62.669s][info][gc,metaspace] GC(21) Metaspace: 88078K(101952K)->88078K(101952K) NonClass: 69685K(75648K)->69685K(75648K) Class: 18392K(26304K)->18392K(26304K)
[62.669s][info][gc          ] GC(21) Pause Full (System.gc()) 1817M->1817M(5692M) 823.537ms
[63.503s][info][gc,metaspace] GC(22) Metaspace: 88078K(101952K)->88078K(101952K) NonClass: 69685K(75648K)->69685K(75648K) Class: 18392K(26304K)->18392K(26304K)
[63.503s][info][gc          ] GC(22) Pause Full (System.gc()) 1817M->1817M(5692M) 833.874ms
[64.501s][info][gc,metaspace] GC(23) Metaspace: 88078K(101952K)->88078K(101952K) NonClass: 69685K(75648K)->69685K(75648K) Class: 18392K(26304K)->18392K(26304K)
[64.501s][info][gc          ] GC(23) Pause Full (System.gc()) 1817M->1817M(5692M) 994.378ms
[65.319s][info][gc,metaspace] GC(24) Metaspace: 88078K(101952K)->88078K(101952K) NonClass: 69685K(75648K)->69685K(75648K) Class: 18392K(26304K)->18392K(26304K)
[65.319s][info][gc          ] GC(24) Pause Full (System.gc()) 1829M->1817M(5692M) 817.622ms
[66.134s][info][gc,metaspace] GC(25) Metaspace: 88078K(101952K)->88078K(101952K) NonClass: 69685K(75648K)->69685K(75648K) Class: 18392K(26304K)->18392K(26304K)
[66.135s][info][gc          ] GC(25) Pause Full (System.gc()) 1817M->1817M(5692M) 815.239ms
[66.949s][info][gc,metaspace] GC(26) Metaspace: 88078K(101952K)->88078K(101952K) NonClass: 69685K(75648K)->69685K(75648K) Class: 18392K(26304K)->18392K(26304K)
[66.949s][info][gc          ] GC(26) Pause Full (System.gc()) 1817M->1817M(5692M) 814.710ms
[67.879s][info][gc,metaspace] GC(27) Metaspace: 88078K(101952K)->88078K(101952K) NonClass: 69685K(75648K)->69685K(75648K) Class: 18392K(26304K)->18392K(26304K)
[67.879s][info][gc          ] GC(27) Pause Full (System.gc()) 1817M->1817M(5692M) 930.045ms
After GCs... 
