Done; will start GCs... 
[35.412s][info   ][gc          ] Trigger: GC request (System.gc())
[35.414s][info   ][gc          ] GC(13) Concurrent reset 2.619ms
[35.414s][info   ][gc          ] GC(13) Pause Init Mark (unload classes) 0.037ms
[35.415s][info   ][gc          ] GC(13) Concurrent marking roots 0.184ms
[38.513s][info   ][gc          ] GC(13) Concurrent marking (unload classes) 3097.973ms
[38.513s][info   ][gc          ] GC(13) Pause Final Mark (unload classes) 0.172ms
[38.513s][info   ][gc          ] GC(13) Concurrent weak references 0.019ms
[38.513s][info   ][gc          ] GC(13) Concurrent weak roots 0.555ms
[38.513s][info   ][gc          ] GC(13) Concurrent cleanup 1641M->1640M(6144M) 0.041ms
[38.515s][info   ][gc          ] GC(13) Concurrent class unloading 1.172ms
[38.515s][info   ][gc          ] GC(13) Pause Final Roots 0.002ms
[38.515s][info   ][gc,metaspace] Metaspace: 11721K(11904K)->11721K(11904K) NonClass: 9737K(9856K)->9737K(9856K) Class: 1984K(2048K)->1984K(2048K)
[38.516s][info   ][gc          ] Trigger: GC request (System.gc())
[38.518s][info   ][gc          ] GC(14) Concurrent reset 2.573ms
[38.518s][info   ][gc          ] GC(14) Pause Init Mark (unload classes) 0.038ms
[38.519s][info   ][gc          ] GC(14) Concurrent marking roots 0.107ms
[41.605s][info   ][gc          ] GC(14) Concurrent marking (unload classes) 3086.260ms
[41.605s][info   ][gc          ] GC(14) Pause Final Mark (unload classes) 0.178ms
[41.605s][info   ][gc          ] GC(14) Concurrent weak references 0.023ms
[41.606s][info   ][gc          ] GC(14) Concurrent weak roots 0.518ms
[41.606s][info   ][gc          ] GC(14) Concurrent cleanup 1640M->1640M(6144M) 0.041ms
[41.607s][info   ][gc          ] GC(14) Concurrent class unloading 1.157ms
[41.607s][info   ][gc          ] GC(14) Pause Final Roots 0.002ms
[41.607s][info   ][gc,metaspace] Metaspace: 11721K(11904K)->11721K(11904K) NonClass: 9737K(9856K)->9737K(9856K) Class: 1984K(2048K)->1984K(2048K)
[41.609s][info   ][gc          ] Trigger: GC request (System.gc())
[41.612s][info   ][gc          ] GC(15) Concurrent reset 2.579ms
[41.612s][info   ][gc          ] GC(15) Pause Init Mark (unload classes) 0.031ms
[41.612s][info   ][gc          ] GC(15) Concurrent marking roots 0.102ms
[44.705s][info   ][gc          ] GC(15) Concurrent marking (unload classes) 3092.930ms
[44.705s][info   ][gc          ] GC(15) Pause Final Mark (unload classes) 0.162ms
[44.705s][info   ][gc          ] GC(15) Concurrent weak references 0.032ms
[44.705s][info   ][gc          ] GC(15) Concurrent weak roots 0.529ms
[44.706s][info   ][gc          ] GC(15) Concurrent cleanup 1640M->1640M(6144M) 0.033ms
[44.707s][info   ][gc          ] GC(15) Concurrent class unloading 1.107ms
[44.707s][info   ][gc          ] GC(15) Pause Final Roots 0.002ms
[44.707s][info   ][gc,metaspace] Metaspace: 11721K(11904K)->11721K(11904K) NonClass: 9737K(9856K)->9737K(9856K) Class: 1984K(2048K)->1984K(2048K)
[44.711s][info   ][gc          ] Trigger: GC request (System.gc())
[44.713s][info   ][gc          ] GC(16) Concurrent reset 2.581ms
[44.713s][info   ][gc          ] GC(16) Pause Init Mark (unload classes) 0.034ms
[44.714s][info   ][gc          ] GC(16) Concurrent marking roots 0.096ms
[47.761s][info   ][gc          ] GC(16) Concurrent marking (unload classes) 3047.544ms
[47.761s][info   ][gc          ] GC(16) Pause Final Mark (unload classes) 0.163ms
[47.761s][info   ][gc          ] GC(16) Concurrent weak references 0.028ms
[47.762s][info   ][gc          ] GC(16) Concurrent weak roots 0.499ms
[47.762s][info   ][gc          ] GC(16) Concurrent cleanup 1640M->1640M(6144M) 0.042ms
[47.763s][info   ][gc          ] GC(16) Concurrent class unloading 1.171ms
[47.763s][info   ][gc          ] GC(16) Pause Final Roots 0.002ms
[47.763s][info   ][gc,metaspace] Metaspace: 11721K(11904K)->11721K(11904K) NonClass: 9737K(9856K)->9737K(9856K) Class: 1984K(2048K)->1984K(2048K)
[47.771s][info   ][gc          ] Trigger: GC request (System.gc())
[47.774s][info   ][gc          ] GC(17) Concurrent reset 2.543ms
[47.774s][info   ][gc          ] GC(17) Pause Init Mark (unload classes) 0.035ms
[47.774s][info   ][gc          ] GC(17) Concurrent marking roots 0.088ms
[50.858s][info   ][gc          ] GC(17) Concurrent marking (unload classes) 3083.855ms
[50.858s][info   ][gc          ] GC(17) Pause Final Mark (unload classes) 0.165ms
[50.858s][info   ][gc          ] GC(17) Concurrent weak references 0.021ms
[50.859s][info   ][gc          ] GC(17) Concurrent weak roots 0.503ms
[50.859s][info   ][gc          ] GC(17) Concurrent cleanup 1640M->1640M(6144M) 0.032ms
[50.860s][info   ][gc          ] GC(17) Concurrent class unloading 1.076ms
[50.860s][info   ][gc          ] GC(17) Pause Final Roots 0.002ms
[50.860s][info   ][gc,metaspace] Metaspace: 11721K(11904K)->11721K(11904K) NonClass: 9737K(9856K)->9737K(9856K) Class: 1984K(2048K)->1984K(2048K)
[50.870s][info   ][gc          ] Trigger: GC request (System.gc())
[50.872s][info   ][gc          ] GC(18) Concurrent reset 2.586ms
[50.873s][info   ][gc          ] GC(18) Pause Init Mark (unload classes) 0.035ms
[50.873s][info   ][gc          ] GC(18) Concurrent marking roots 0.089ms
[53.953s][info   ][gc          ] GC(18) Concurrent marking (unload classes) 3079.941ms
[53.953s][info   ][gc          ] GC(18) Pause Final Mark (unload classes) 0.163ms
[53.953s][info   ][gc          ] GC(18) Concurrent weak references 0.026ms
[53.953s][info   ][gc          ] GC(18) Concurrent weak roots 0.529ms
[53.953s][info   ][gc          ] GC(18) Concurrent cleanup 1640M->1640M(6144M) 0.041ms
[53.955s][info   ][gc          ] GC(18) Concurrent class unloading 1.051ms
[53.955s][info   ][gc          ] GC(18) Pause Final Roots 0.002ms
[53.955s][info   ][gc,metaspace] Metaspace: 11721K(11904K)->11721K(11904K) NonClass: 9737K(9856K)->9737K(9856K) Class: 1984K(2048K)->1984K(2048K)
[53.965s][info   ][gc          ] Trigger: GC request (System.gc())
[53.967s][info   ][gc          ] GC(19) Concurrent reset 2.582ms
[53.967s][info   ][gc          ] GC(19) Pause Init Mark (unload classes) 0.034ms
[53.967s][info   ][gc          ] GC(19) Concurrent marking roots 0.095ms
[57.047s][info   ][gc          ] GC(19) Concurrent marking (unload classes) 3079.818ms
[57.048s][info   ][gc          ] GC(19) Pause Final Mark (unload classes) 0.172ms
[57.048s][info   ][gc          ] GC(19) Concurrent weak references 0.041ms
[57.048s][info   ][gc          ] GC(19) Concurrent weak roots 0.501ms
[57.048s][info   ][gc          ] GC(19) Concurrent cleanup 1640M->1640M(6144M) 0.037ms
[57.049s][info   ][gc          ] GC(19) Concurrent class unloading 1.061ms
[57.049s][info   ][gc          ] GC(19) Pause Final Roots 0.002ms
[57.049s][info   ][gc,metaspace] Metaspace: 11721K(11904K)->11721K(11904K) NonClass: 9737K(9856K)->9737K(9856K) Class: 1984K(2048K)->1984K(2048K)
[57.059s][info   ][gc          ] Trigger: GC request (System.gc())
[57.062s][info   ][gc          ] GC(20) Concurrent reset 2.581ms
[57.062s][info   ][gc          ] GC(20) Pause Init Mark (unload classes) 0.029ms
[57.062s][info   ][gc          ] GC(20) Concurrent marking roots 0.096ms
[60.121s][info   ][gc          ] GC(20) Concurrent marking (unload classes) 3058.454ms
[60.121s][info   ][gc          ] GC(20) Pause Final Mark (unload classes) 0.167ms
[60.121s][info   ][gc          ] GC(20) Concurrent weak references 0.027ms
[60.121s][info   ][gc          ] GC(20) Concurrent weak roots 0.538ms
[60.121s][info   ][gc          ] GC(20) Concurrent cleanup 1640M->1640M(6144M) 0.033ms
[60.123s][info   ][gc          ] GC(20) Concurrent class unloading 1.096ms
[60.123s][info   ][gc          ] GC(20) Pause Final Roots 0.002ms
[60.123s][info   ][gc,metaspace] Metaspace: 11721K(11904K)->11721K(11904K) NonClass: 9737K(9856K)->9737K(9856K) Class: 1984K(2048K)->1984K(2048K)
[60.133s][info   ][gc          ] Trigger: GC request (System.gc())
[60.135s][info   ][gc          ] GC(21) Concurrent reset 2.581ms
[60.135s][info   ][gc          ] GC(21) Pause Init Mark (unload classes) 0.038ms
[60.135s][info   ][gc          ] GC(21) Concurrent marking roots 0.088ms
[63.183s][info   ][gc          ] GC(21) Concurrent marking (unload classes) 3047.676ms
[63.183s][info   ][gc          ] GC(21) Pause Final Mark (unload classes) 0.170ms
[63.183s][info   ][gc          ] GC(21) Concurrent weak references 0.029ms
[63.184s][info   ][gc          ] GC(21) Concurrent weak roots 0.493ms
[63.184s][info   ][gc          ] GC(21) Concurrent cleanup 1641M->1641M(6144M) 0.037ms
[63.185s][info   ][gc          ] GC(21) Concurrent class unloading 1.113ms
[63.185s][info   ][gc          ] GC(21) Pause Final Roots 0.002ms
[63.185s][info   ][gc,metaspace] Metaspace: 11721K(11904K)->11721K(11904K) NonClass: 9737K(9856K)->9737K(9856K) Class: 1984K(2048K)->1984K(2048K)
[63.186s][info   ][gc          ] Trigger: GC request (System.gc())
[63.189s][info   ][gc          ] GC(22) Concurrent reset 2.536ms
[63.189s][info   ][gc          ] GC(22) Pause Init Mark (unload classes) 0.031ms
[63.189s][info   ][gc          ] GC(22) Concurrent marking roots 0.088ms
[66.277s][info   ][gc          ] GC(22) Concurrent marking (unload classes) 3088.404ms
[66.278s][info   ][gc          ] GC(22) Pause Final Mark (unload classes) 0.165ms
[66.278s][info   ][gc          ] GC(22) Concurrent thread roots 0.058ms
[66.278s][info   ][gc          ] GC(22) Concurrent weak references 0.039ms
[66.278s][info   ][gc          ] GC(22) Concurrent weak roots 0.543ms
[66.278s][info   ][gc          ] GC(22) Concurrent cleanup 1641M->1641M(6144M) 0.032ms
[66.279s][info   ][gc          ] GC(22) Concurrent class unloading 1.055ms
[66.279s][info   ][gc          ] GC(22) Concurrent strong roots 0.061ms
[66.279s][info   ][gc          ] GC(22) Concurrent evacuation 0.023ms
[66.280s][info   ][gc          ] GC(22) Pause Init Update Refs 0.004ms
[66.280s][info   ][gc          ] GC(22) At start of update refs, moving 2048K to Mutator free partition from Collector Reserve
[68.171s][info   ][gc          ] GC(22) Concurrent update references 1891.406ms
[68.171s][info   ][gc          ] GC(22) Concurrent update thread roots 0.110ms
[68.171s][info   ][gc          ] GC(22) Pause Final Update Refs 0.088ms
[68.171s][info   ][gc          ] GC(22) Concurrent cleanup 1641M->1640M(6144M) 0.043ms
[68.171s][info   ][gc,metaspace] Metaspace: 11721K(11904K)->11721K(11904K) NonClass: 9737K(9856K)->9737K(9856K) Class: 1984K(2048K)->1984K(2048K)
[68.172s][info   ][gc          ] Trigger: GC request (System.gc())
[68.175s][info   ][gc          ] GC(23) Concurrent reset 2.604ms
[68.175s][info   ][gc          ] GC(23) Pause Init Mark (unload classes) 0.027ms
[68.175s][info   ][gc          ] GC(23) Concurrent marking roots 0.078ms
[71.262s][info   ][gc          ] GC(23) Concurrent marking (unload classes) 3086.513ms
[71.262s][info   ][gc          ] GC(23) Pause Final Mark (unload classes) 0.166ms
[71.262s][info   ][gc          ] GC(23) Concurrent weak references 0.033ms
[71.263s][info   ][gc          ] GC(23) Concurrent weak roots 0.545ms
[71.263s][info   ][gc          ] GC(23) Concurrent cleanup 1640M->1640M(6144M) 0.033ms
[71.264s][info   ][gc          ] GC(23) Concurrent class unloading 1.086ms
[71.264s][info   ][gc          ] GC(23) Pause Final Roots 0.002ms
[71.264s][info   ][gc,metaspace] Metaspace: 11721K(11904K)->11721K(11904K) NonClass: 9737K(9856K)->9737K(9856K) Class: 1984K(2048K)->1984K(2048K)
[71.266s][info   ][gc          ] Trigger: GC request (System.gc())
[71.268s][info   ][gc          ] GC(24) Concurrent reset 2.588ms
[71.268s][info   ][gc          ] GC(24) Pause Init Mark (unload classes) 0.037ms
[71.269s][info   ][gc          ] GC(24) Concurrent marking roots 0.088ms
[74.359s][info   ][gc          ] GC(24) Concurrent marking (unload classes) 3090.055ms
[74.359s][info   ][gc          ] GC(24) Pause Final Mark (unload classes) 0.164ms
[74.359s][info   ][gc          ] GC(24) Concurrent weak references 0.043ms
[74.359s][info   ][gc          ] GC(24) Concurrent weak roots 0.549ms
[74.360s][info   ][gc          ] GC(24) Concurrent cleanup 1640M->1640M(6144M) 0.033ms
[74.361s][info   ][gc          ] GC(24) Concurrent class unloading 1.083ms
[74.361s][info   ][gc          ] GC(24) Pause Final Roots 0.002ms
[74.361s][info   ][gc,metaspace] Metaspace: 11721K(11904K)->11721K(11904K) NonClass: 9737K(9856K)->9737K(9856K) Class: 1984K(2048K)->1984K(2048K)
[74.365s][info   ][gc          ] Trigger: GC request (System.gc())
[74.367s][info   ][gc          ] GC(25) Concurrent reset 2.582ms
[74.367s][info   ][gc          ] GC(25) Pause Init Mark (unload classes) 0.035ms
[74.368s][info   ][gc          ] GC(25) Concurrent marking roots 0.089ms
[77.462s][info   ][gc          ] GC(25) Concurrent marking (unload classes) 3094.333ms
[77.462s][info   ][gc          ] GC(25) Pause Final Mark (unload classes) 0.156ms
[77.462s][info   ][gc          ] GC(25) Concurrent weak references 0.022ms
[77.463s][info   ][gc          ] GC(25) Concurrent weak roots 0.522ms
[77.463s][info   ][gc          ] GC(25) Concurrent cleanup 1640M->1640M(6144M) 0.039ms
[77.464s][info   ][gc          ] GC(25) Concurrent class unloading 1.161ms
[77.464s][info   ][gc          ] GC(25) Pause Final Roots 0.002ms
[77.464s][info   ][gc,metaspace] Metaspace: 11721K(11904K)->11721K(11904K) NonClass: 9737K(9856K)->9737K(9856K) Class: 1984K(2048K)->1984K(2048K)
[77.472s][info   ][gc          ] Trigger: GC request (System.gc())
[77.475s][info   ][gc          ] GC(26) Concurrent reset 2.591ms
[77.475s][info   ][gc          ] GC(26) Pause Init Mark (unload classes) 0.034ms
[77.475s][info   ][gc          ] GC(26) Concurrent marking roots 0.090ms
[80.558s][info   ][gc          ] GC(26) Concurrent marking (unload classes) 3082.791ms
[80.558s][info   ][gc          ] GC(26) Pause Final Mark (unload classes) 0.160ms
[80.558s][info   ][gc          ] GC(26) Concurrent weak references 0.025ms
[80.558s][info   ][gc          ] GC(26) Concurrent weak roots 0.529ms
[80.558s][info   ][gc          ] GC(26) Concurrent cleanup 1640M->1640M(6144M) 0.042ms
[80.560s][info   ][gc          ] GC(26) Concurrent class unloading 1.166ms
[80.560s][info   ][gc          ] GC(26) Pause Final Roots 0.002ms
[80.560s][info   ][gc,metaspace] Metaspace: 11721K(11904K)->11721K(11904K) NonClass: 9737K(9856K)->9737K(9856K) Class: 1984K(2048K)->1984K(2048K)
[80.570s][info   ][gc          ] Trigger: GC request (System.gc())
[80.572s][info   ][gc          ] GC(27) Concurrent reset 2.569ms
[80.572s][info   ][gc          ] GC(27) Pause Init Mark (unload classes) 0.031ms
[80.573s][info   ][gc          ] GC(27) Concurrent marking roots 0.097ms
[83.651s][info   ][gc          ] GC(27) Concurrent marking (unload classes) 3078.748ms
[83.652s][info   ][gc          ] GC(27) Pause Final Mark (unload classes) 0.170ms
[83.652s][info   ][gc          ] GC(27) Concurrent weak references 0.025ms
[83.652s][info   ][gc          ] GC(27) Concurrent weak roots 0.505ms
[83.652s][info   ][gc          ] GC(27) Concurrent cleanup 1640M->1640M(6144M) 0.037ms
[83.653s][info   ][gc          ] GC(27) Concurrent class unloading 1.142ms
[83.653s][info   ][gc          ] GC(27) Pause Final Roots 0.002ms
[83.653s][info   ][gc,metaspace] Metaspace: 11721K(11904K)->11721K(11904K) NonClass: 9737K(9856K)->9737K(9856K) Class: 1984K(2048K)->1984K(2048K)
[83.663s][info   ][gc          ] Trigger: GC request (System.gc())
[83.666s][info   ][gc          ] GC(28) Concurrent reset 2.569ms
[83.666s][info   ][gc          ] GC(28) Pause Init Mark (unload classes) 0.028ms
[83.666s][info   ][gc          ] GC(28) Concurrent marking roots 0.095ms
[86.708s][info   ][gc          ] GC(28) Concurrent marking (unload classes) 3041.898ms
[86.708s][info   ][gc          ] GC(28) Pause Final Mark (unload classes) 0.171ms
[86.708s][info   ][gc          ] GC(28) Concurrent weak references 0.050ms
[86.709s][info   ][gc          ] GC(28) Concurrent weak roots 0.532ms
[86.709s][info   ][gc          ] GC(28) Concurrent cleanup 1640M->1640M(6144M) 0.038ms
[86.710s][info   ][gc          ] GC(28) Concurrent class unloading 1.072ms
[86.710s][info   ][gc          ] GC(28) Pause Final Roots 0.002ms
[86.710s][info   ][gc,metaspace] Metaspace: 11721K(11904K)->11721K(11904K) NonClass: 9737K(9856K)->9737K(9856K) Class: 1984K(2048K)->1984K(2048K)
[86.720s][info   ][gc          ] Trigger: GC request (System.gc())
[86.723s][info   ][gc          ] GC(29) Concurrent reset 2.590ms
[86.723s][info   ][gc          ] GC(29) Pause Init Mark (unload classes) 0.034ms
[86.723s][info   ][gc          ] GC(29) Concurrent marking roots 0.088ms
[89.808s][info   ][gc          ] GC(29) Concurrent marking (unload classes) 3084.514ms
[89.808s][info   ][gc          ] GC(29) Pause Final Mark (unload classes) 0.167ms
[89.808s][info   ][gc          ] GC(29) Concurrent weak references 0.022ms
[89.808s][info   ][gc          ] GC(29) Concurrent weak roots 0.566ms
[89.808s][info   ][gc          ] GC(29) Concurrent cleanup 1640M->1640M(6144M) 0.046ms
[89.810s][info   ][gc          ] GC(29) Concurrent class unloading 1.173ms
[89.810s][info   ][gc          ] GC(29) Pause Final Roots 0.002ms
[89.810s][info   ][gc,metaspace] Metaspace: 11721K(11904K)->11721K(11904K) NonClass: 9737K(9856K)->9737K(9856K) Class: 1984K(2048K)->1984K(2048K)
[89.820s][info   ][gc          ] Trigger: GC request (System.gc())
[89.822s][info   ][gc          ] GC(30) Concurrent reset 2.566ms
[89.822s][info   ][gc          ] GC(30) Pause Init Mark (unload classes) 0.033ms
[89.823s][info   ][gc          ] GC(30) Concurrent marking roots 0.087ms
[92.870s][info   ][gc          ] GC(30) Concurrent marking (unload classes) 3047.781ms
[92.871s][info   ][gc          ] GC(30) Pause Final Mark (unload classes) 0.178ms
[92.871s][info   ][gc          ] GC(30) Concurrent weak references 0.024ms
[92.871s][info   ][gc          ] GC(30) Concurrent weak roots 0.504ms
[92.871s][info   ][gc          ] GC(30) Concurrent cleanup 1640M->1640M(6144M) 0.037ms
[92.872s][info   ][gc          ] GC(30) Concurrent class unloading 1.073ms
[92.872s][info   ][gc          ] GC(30) Pause Final Roots 0.002ms
[92.872s][info   ][gc,metaspace] Metaspace: 11721K(11904K)->11721K(11904K) NonClass: 9737K(9856K)->9737K(9856K) Class: 1984K(2048K)->1984K(2048K)
[92.882s][info   ][gc          ] Trigger: GC request (System.gc())
[92.885s][info   ][gc          ] GC(31) Concurrent reset 2.574ms
[92.885s][info   ][gc          ] GC(31) Pause Init Mark (unload classes) 0.029ms
[92.885s][info   ][gc          ] GC(31) Concurrent marking roots 0.086ms
[95.937s][info   ][gc          ] GC(31) Concurrent marking (unload classes) 3051.874ms
[95.937s][info   ][gc          ] GC(31) Pause Final Mark (unload classes) 0.159ms
[95.937s][info   ][gc          ] GC(31) Concurrent weak references 0.051ms
[95.938s][info   ][gc          ] GC(31) Concurrent weak roots 0.494ms
[95.938s][info   ][gc          ] GC(31) Concurrent cleanup 1640M->1640M(6144M) 0.042ms
[95.939s][info   ][gc          ] GC(31) Concurrent class unloading 1.047ms
[95.939s][info   ][gc          ] GC(31) Pause Final Roots 0.002ms
[95.939s][info   ][gc,metaspace] Metaspace: 11721K(11904K)->11721K(11904K) NonClass: 9737K(9856K)->9737K(9856K) Class: 1984K(2048K)->1984K(2048K)
[95.949s][info   ][gc          ] Trigger: GC request (System.gc())
[95.952s][info   ][gc          ] GC(32) Concurrent reset 2.596ms
[95.952s][info   ][gc          ] GC(32) Pause Init Mark (unload classes) 0.033ms
[95.952s][info   ][gc          ] GC(32) Concurrent marking roots 0.086ms
[99.001s][info   ][gc          ] GC(32) Concurrent marking (unload classes) 3049.079ms
[99.001s][info   ][gc          ] GC(32) Pause Final Mark (unload classes) 0.155ms
[99.001s][info   ][gc          ] GC(32) Concurrent weak references 0.021ms
[99.002s][info   ][gc          ] GC(32) Concurrent weak roots 0.502ms
[99.002s][info   ][gc          ] GC(32) Concurrent cleanup 1640M->1640M(6144M) 0.033ms
[99.003s][info   ][gc          ] GC(32) Concurrent class unloading 1.050ms
[99.003s][info   ][gc          ] GC(32) Pause Final Roots 0.002ms
[99.003s][info   ][gc,metaspace] Metaspace: 11721K(11904K)->11721K(11904K) NonClass: 9737K(9856K)->9737K(9856K) Class: 1984K(2048K)->1984K(2048K)
[99.013s][info   ][gc          ] Trigger: GC request (System.gc())
[99.015s][info   ][gc          ] GC(33) Concurrent reset 2.592ms
[99.016s][info   ][gc          ] GC(33) Pause Init Mark (unload classes) 0.033ms
[99.016s][info   ][gc          ] GC(33) Concurrent marking roots 0.088ms
[102.097s][info   ][gc          ] GC(33) Concurrent marking (unload classes) 3081.526ms
[102.097s][info   ][gc          ] GC(33) Pause Final Mark (unload classes) 0.179ms
[102.098s][info   ][gc          ] GC(33) Concurrent weak references 0.025ms
[102.098s][info   ][gc          ] GC(33) Concurrent weak roots 0.502ms
[102.098s][info   ][gc          ] GC(33) Concurrent cleanup 1640M->1640M(6144M) 0.037ms
[102.099s][info   ][gc          ] GC(33) Concurrent class unloading 1.134ms
[102.099s][info   ][gc          ] GC(33) Pause Final Roots 0.002ms
[102.099s][info   ][gc,metaspace] Metaspace: 11721K(11904K)->11721K(11904K) NonClass: 9737K(9856K)->9737K(9856K) Class: 1984K(2048K)->1984K(2048K)
[102.109s][info   ][gc          ] Trigger: GC request (System.gc())
[102.112s][info   ][gc          ] GC(34) Concurrent reset 2.568ms
[102.112s][info   ][gc          ] GC(34) Pause Init Mark (unload classes) 0.030ms
[102.112s][info   ][gc          ] GC(34) Concurrent marking roots 0.086ms
[105.190s][info   ][gc          ] GC(34) Concurrent marking (unload classes) 3077.806ms
[105.190s][info   ][gc          ] GC(34) Pause Final Mark (unload classes) 0.173ms
[105.190s][info   ][gc          ] GC(34) Concurrent weak references 0.051ms
[105.191s][info   ][gc          ] GC(34) Concurrent weak roots 0.496ms
[105.191s][info   ][gc          ] GC(34) Concurrent cleanup 1640M->1640M(6144M) 0.035ms
[105.192s][info   ][gc          ] GC(34) Concurrent class unloading 1.049ms
[105.192s][info   ][gc          ] GC(34) Pause Final Roots 0.001ms
[105.192s][info   ][gc,metaspace] Metaspace: 11721K(11904K)->11721K(11904K) NonClass: 9737K(9856K)->9737K(9856K) Class: 1984K(2048K)->1984K(2048K)
[105.202s][info   ][gc          ] Trigger: GC request (System.gc())
[105.205s][info   ][gc          ] GC(35) Concurrent reset 2.592ms
[105.205s][info   ][gc          ] GC(35) Pause Init Mark (unload classes) 0.034ms
[105.205s][info   ][gc          ] GC(35) Concurrent marking roots 0.088ms
[108.287s][info   ][gc          ] GC(35) Concurrent marking (unload classes) 3081.753ms
[108.287s][info   ][gc          ] GC(35) Pause Final Mark (unload classes) 0.181ms
[108.287s][info   ][gc          ] GC(35) Concurrent weak references 0.026ms
[108.287s][info   ][gc          ] GC(35) Concurrent weak roots 0.523ms
[108.287s][info   ][gc          ] GC(35) Concurrent cleanup 1640M->1640M(6144M) 0.041ms
[108.288s][info   ][gc          ] GC(35) Concurrent class unloading 1.052ms
[108.288s][info   ][gc          ] GC(35) Pause Final Roots 0.001ms
[108.289s][info   ][gc,metaspace] Metaspace: 11721K(11904K)->11721K(11904K) NonClass: 9737K(9856K)->9737K(9856K) Class: 1984K(2048K)->1984K(2048K)
[108.299s][info   ][gc          ] Trigger: GC request (System.gc())
[108.301s][info   ][gc          ] GC(36) Concurrent reset 2.595ms
[108.301s][info   ][gc          ] GC(36) Pause Init Mark (unload classes) 0.035ms
[108.301s][info   ][gc          ] GC(36) Concurrent marking roots 0.121ms
[111.345s][info   ][gc          ] GC(36) Concurrent marking (unload classes) 3043.590ms
[111.345s][info   ][gc          ] GC(36) Pause Final Mark (unload classes) 0.154ms
[111.345s][info   ][gc          ] GC(36) Concurrent weak references 0.044ms
[111.346s][info   ][gc          ] GC(36) Concurrent weak roots 0.483ms
[111.346s][info   ][gc          ] GC(36) Concurrent cleanup 1640M->1640M(6144M) 0.043ms
[111.347s][info   ][gc          ] GC(36) Concurrent class unloading 1.038ms
[111.347s][info   ][gc          ] GC(36) Pause Final Roots 0.002ms
[111.347s][info   ][gc,metaspace] Metaspace: 11721K(11904K)->11721K(11904K) NonClass: 9737K(9856K)->9737K(9856K) Class: 1984K(2048K)->1984K(2048K)
[111.357s][info   ][gc          ] Trigger: GC request (System.gc())
[111.360s][info   ][gc          ] GC(37) Concurrent reset 2.592ms
[111.360s][info   ][gc          ] GC(37) Pause Init Mark (unload classes) 0.034ms
[111.360s][info   ][gc          ] GC(37) Concurrent marking roots 0.086ms
[114.407s][info   ][gc          ] GC(37) Concurrent marking (unload classes) 3047.076ms
[114.407s][info   ][gc          ] GC(37) Pause Final Mark (unload classes) 0.155ms
[114.407s][info   ][gc          ] GC(37) Concurrent weak references 0.022ms
[114.408s][info   ][gc          ] GC(37) Concurrent weak roots 0.530ms
[114.408s][info   ][gc          ] GC(37) Concurrent cleanup 1640M->1640M(6144M) 0.037ms
[114.409s][info   ][gc          ] GC(37) Concurrent class unloading 1.184ms
[114.409s][info   ][gc          ] GC(37) Pause Final Roots 0.002ms
[114.409s][info   ][gc,metaspace] Metaspace: 11721K(11904K)->11721K(11904K) NonClass: 9737K(9856K)->9737K(9856K) Class: 1984K(2048K)->1984K(2048K)
[114.419s][info   ][gc          ] Trigger: GC request (System.gc())
[114.422s][info   ][gc          ] GC(38) Concurrent reset 2.588ms
[114.422s][info   ][gc          ] GC(38) Pause Init Mark (unload classes) 0.035ms
[114.422s][info   ][gc          ] GC(38) Concurrent marking roots 0.092ms
[117.549s][info   ][gc          ] GC(38) Concurrent marking (unload classes) 3127.003ms
[117.549s][info   ][gc          ] GC(38) Pause Final Mark (unload classes) 0.161ms
[117.549s][info   ][gc          ] GC(38) Concurrent weak references 0.023ms
[117.550s][info   ][gc          ] GC(38) Concurrent weak roots 0.516ms
[117.550s][info   ][gc          ] GC(38) Concurrent cleanup 1640M->1640M(6144M) 0.041ms
[117.551s][info   ][gc          ] GC(38) Concurrent class unloading 1.141ms
[117.551s][info   ][gc          ] GC(38) Pause Final Roots 0.001ms
[117.551s][info   ][gc,metaspace] Metaspace: 11721K(11904K)->11721K(11904K) NonClass: 9737K(9856K)->9737K(9856K) Class: 1984K(2048K)->1984K(2048K)
[117.561s][info   ][gc          ] Trigger: GC request (System.gc())
[117.564s][info   ][gc          ] GC(39) Concurrent reset 2.571ms
[117.564s][info   ][gc          ] GC(39) Pause Init Mark (unload classes) 0.032ms
[117.564s][info   ][gc          ] GC(39) Concurrent marking roots 0.089ms
[120.644s][info   ][gc          ] GC(39) Concurrent marking (unload classes) 3080.076ms
[120.644s][info   ][gc          ] GC(39) Pause Final Mark (unload classes) 0.154ms
[120.644s][info   ][gc          ] GC(39) Concurrent weak references 0.023ms
[120.645s][info   ][gc          ] GC(39) Concurrent weak roots 0.521ms
[120.645s][info   ][gc          ] GC(39) Concurrent cleanup 1640M->1640M(6144M) 0.042ms
[120.646s][info   ][gc          ] GC(39) Concurrent class unloading 1.160ms
[120.646s][info   ][gc          ] GC(39) Pause Final Roots 0.002ms
[120.646s][info   ][gc,metaspace] Metaspace: 11721K(11904K)->11721K(11904K) NonClass: 9737K(9856K)->9737K(9856K) Class: 1984K(2048K)->1984K(2048K)
[120.656s][info   ][gc          ] Trigger: GC request (System.gc())
[120.659s][info   ][gc          ] GC(40) Concurrent reset 2.568ms
[120.659s][info   ][gc          ] GC(40) Pause Init Mark (unload classes) 0.032ms
[120.659s][info   ][gc          ] GC(40) Concurrent marking roots 0.096ms
[123.738s][info   ][gc          ] GC(40) Concurrent marking (unload classes) 3079.051ms
[123.738s][info   ][gc          ] GC(40) Pause Final Mark (unload classes) 0.164ms
[123.738s][info   ][gc          ] GC(40) Concurrent weak references 0.023ms
[123.739s][info   ][gc          ] GC(40) Concurrent weak roots 0.518ms
[123.739s][info   ][gc          ] GC(40) Concurrent cleanup 1641M->1641M(6144M) 0.042ms
[123.740s][info   ][gc          ] GC(40) Concurrent class unloading 1.147ms
[123.740s][info   ][gc          ] GC(40) Pause Final Roots 0.002ms
[123.740s][info   ][gc,metaspace] Metaspace: 11721K(11904K)->11721K(11904K) NonClass: 9737K(9856K)->9737K(9856K) Class: 1984K(2048K)->1984K(2048K)
[123.741s][info   ][gc          ] Trigger: GC request (System.gc())
[123.743s][info   ][gc          ] GC(41) Concurrent reset 2.565ms
[123.744s][info   ][gc          ] GC(41) Pause Init Mark (unload classes) 0.031ms
[123.744s][info   ][gc          ] GC(41) Concurrent marking roots 0.088ms
[126.831s][info   ][gc          ] GC(41) Concurrent marking (unload classes) 3087.489ms
[126.831s][info   ][gc          ] GC(41) Pause Final Mark (unload classes) 0.170ms
[126.832s][info   ][gc          ] GC(41) Concurrent thread roots 0.063ms
[126.832s][info   ][gc          ] GC(41) Concurrent weak references 0.025ms
[126.832s][info   ][gc          ] GC(41) Concurrent weak roots 0.527ms
[126.832s][info   ][gc          ] GC(41) Concurrent cleanup 1641M->1641M(6144M) 0.038ms
[126.833s][info   ][gc          ] GC(41) Concurrent class unloading 1.133ms
[126.833s][info   ][gc          ] GC(41) Concurrent strong roots 0.071ms
[126.833s][info   ][gc          ] GC(41) Concurrent evacuation 0.045ms
[126.833s][info   ][gc          ] GC(41) Pause Init Update Refs 0.004ms
[126.833s][info   ][gc          ] GC(41) At start of update refs, moving 2048K to Mutator free partition from Collector Reserve
[128.725s][info   ][gc          ] GC(41) Concurrent update references 1891.743ms
[128.725s][info   ][gc          ] GC(41) Concurrent update thread roots 0.128ms
[128.725s][info   ][gc          ] GC(41) Pause Final Update Refs 0.086ms
[128.726s][info   ][gc          ] GC(41) Concurrent cleanup 1641M->1640M(6144M) 0.039ms
[128.726s][info   ][gc,metaspace] Metaspace: 11721K(11904K)->11721K(11904K) NonClass: 9737K(9856K)->9737K(9856K) Class: 1984K(2048K)->1984K(2048K)
[128.727s][info   ][gc          ] Trigger: GC request (System.gc())
[128.729s][info   ][gc          ] GC(42) Concurrent reset 2.567ms
[128.729s][info   ][gc          ] GC(42) Pause Init Mark (unload classes) 0.043ms
[128.729s][info   ][gc          ] GC(42) Concurrent marking roots 0.077ms
[131.777s][info   ][gc          ] GC(42) Concurrent marking (unload classes) 3047.831ms
[131.777s][info   ][gc          ] GC(42) Pause Final Mark (unload classes) 0.176ms
[131.778s][info   ][gc          ] GC(42) Concurrent weak references 0.034ms
[131.778s][info   ][gc          ] GC(42) Concurrent weak roots 0.498ms
[131.778s][info   ][gc          ] GC(42) Concurrent cleanup 1640M->1640M(6144M) 0.040ms
[131.779s][info   ][gc          ] GC(42) Concurrent class unloading 1.188ms
[131.779s][info   ][gc          ] GC(42) Pause Final Roots 0.002ms
[131.779s][info   ][gc,metaspace] Metaspace: 11721K(11904K)->11721K(11904K) NonClass: 9737K(9856K)->9737K(9856K) Class: 1984K(2048K)->1984K(2048K)
[131.781s][info   ][gc          ] Trigger: GC request (System.gc())
[131.784s][info   ][gc          ] GC(43) Concurrent reset 2.813ms
[131.784s][info   ][gc          ] GC(43) Pause Init Mark (unload classes) 0.057ms
[131.785s][info   ][gc          ] GC(43) Concurrent marking roots 0.112ms
[134.833s][info   ][gc          ] GC(43) Concurrent marking (unload classes) 3048.621ms
[134.833s][info   ][gc          ] GC(43) Pause Final Mark (unload classes) 0.177ms
[134.833s][info   ][gc          ] GC(43) Concurrent weak references 0.043ms
[134.834s][info   ][gc          ] GC(43) Concurrent weak roots 0.499ms
[134.834s][info   ][gc          ] GC(43) Concurrent cleanup 1640M->1640M(6144M) 0.039ms
[134.835s][info   ][gc          ] GC(43) Concurrent class unloading 1.173ms
[134.835s][info   ][gc          ] GC(43) Pause Final Roots 0.002ms
[134.835s][info   ][gc,metaspace] Metaspace: 11721K(11904K)->11721K(11904K) NonClass: 9737K(9856K)->9737K(9856K) Class: 1984K(2048K)->1984K(2048K)
[134.839s][info   ][gc          ] Trigger: GC request (System.gc())
[134.842s][info   ][gc          ] GC(44) Concurrent reset 2.811ms
[134.842s][info   ][gc          ] GC(44) Pause Init Mark (unload classes) 0.061ms
[134.843s][info   ][gc          ] GC(44) Concurrent marking roots 0.117ms
[137.890s][info   ][gc          ] GC(44) Concurrent marking (unload classes) 3047.025ms
[137.890s][info   ][gc          ] GC(44) Pause Final Mark (unload classes) 0.175ms
[137.890s][info   ][gc          ] GC(44) Concurrent weak references 0.021ms
[137.890s][info   ][gc          ] GC(44) Concurrent weak roots 0.528ms
[137.890s][info   ][gc          ] GC(44) Concurrent cleanup 1640M->1640M(6144M) 0.052ms
[137.891s][info   ][gc          ] GC(44) Concurrent class unloading 1.047ms
[137.892s][info   ][gc          ] GC(44) Pause Final Roots 0.001ms
[137.892s][info   ][gc,metaspace] Metaspace: 11721K(11904K)->11721K(11904K) NonClass: 9737K(9856K)->9737K(9856K) Class: 1984K(2048K)->1984K(2048K)
[137.900s][info   ][gc          ] Trigger: GC request (System.gc())
[137.902s][info   ][gc          ] GC(45) Concurrent reset 2.831ms
[137.903s][info   ][gc          ] GC(45) Pause Init Mark (unload classes) 0.053ms
[137.903s][info   ][gc          ] GC(45) Concurrent marking roots 0.100ms
[140.973s][info   ][gc          ] GC(45) Concurrent marking (unload classes) 3070.040ms
[140.973s][info   ][gc          ] GC(45) Pause Final Mark (unload classes) 0.155ms
[140.973s][info   ][gc          ] GC(45) Concurrent weak references 0.021ms
[140.974s][info   ][gc          ] GC(45) Concurrent weak roots 0.537ms
[140.974s][info   ][gc          ] GC(45) Concurrent cleanup 1640M->1640M(6144M) 0.039ms
[140.975s][info   ][gc          ] GC(45) Concurrent class unloading 1.135ms
[140.975s][info   ][gc          ] GC(45) Pause Final Roots 0.002ms
[140.975s][info   ][gc,metaspace] Metaspace: 11721K(11904K)->11721K(11904K) NonClass: 9737K(9856K)->9737K(9856K) Class: 1984K(2048K)->1984K(2048K)
[140.985s][info   ][gc          ] Trigger: GC request (System.gc())
[140.988s][info   ][gc          ] GC(46) Concurrent reset 2.821ms
[140.988s][info   ][gc          ] GC(46) Pause Init Mark (unload classes) 0.056ms
[140.988s][info   ][gc          ] GC(46) Concurrent marking roots 0.099ms
[144.133s][info   ][gc          ] GC(46) Concurrent marking (unload classes) 3144.892ms
[144.133s][info   ][gc          ] GC(46) Pause Final Mark (unload classes) 0.168ms
[144.133s][info   ][gc          ] GC(46) Concurrent weak references 0.021ms
[144.134s][info   ][gc          ] GC(46) Concurrent weak roots 0.478ms
[144.134s][info   ][gc          ] GC(46) Concurrent cleanup 1640M->1640M(6144M) 0.031ms
[144.134s][info   ][gc          ] GC(46) Concurrent class unloading 0.810ms
[144.134s][info   ][gc          ] GC(46) Pause Final Roots 0.002ms
[144.135s][info   ][gc,metaspace] Metaspace: 11721K(11904K)->11721K(11904K) NonClass: 9737K(9856K)->9737K(9856K) Class: 1984K(2048K)->1984K(2048K)
[144.145s][info   ][gc          ] Trigger: GC request (System.gc())
[144.147s][info   ][gc          ] GC(47) Concurrent reset 2.594ms
[144.147s][info   ][gc          ] GC(47) Pause Init Mark (unload classes) 0.034ms
[144.147s][info   ][gc          ] GC(47) Concurrent marking roots 0.121ms
[147.208s][info   ][gc          ] GC(47) Concurrent marking (unload classes) 3060.527ms
[147.208s][info   ][gc          ] GC(47) Pause Final Mark (unload classes) 0.152ms
[147.208s][info   ][gc          ] GC(47) Concurrent weak references 0.042ms
[147.209s][info   ][gc          ] GC(47) Concurrent weak roots 0.496ms
[147.209s][info   ][gc          ] GC(47) Concurrent cleanup 1640M->1640M(6144M) 0.035ms
[147.210s][info   ][gc          ] GC(47) Concurrent class unloading 1.057ms
[147.210s][info   ][gc          ] GC(47) Pause Final Roots 0.002ms
[147.210s][info   ][gc,metaspace] Metaspace: 11721K(11904K)->11721K(11904K) NonClass: 9737K(9856K)->9737K(9856K) Class: 1984K(2048K)->1984K(2048K)
[147.220s][info   ][gc          ] Trigger: GC request (System.gc())
[147.223s][info   ][gc          ] GC(48) Concurrent reset 2.798ms
[147.223s][info   ][gc          ] GC(48) Pause Init Mark (unload classes) 0.049ms
[147.223s][info   ][gc          ] GC(48) Concurrent marking roots 0.103ms
[150.315s][info   ][gc          ] GC(48) Concurrent marking (unload classes) 3091.492ms
[150.315s][info   ][gc          ] GC(48) Pause Final Mark (unload classes) 0.153ms
[150.315s][info   ][gc          ] GC(48) Concurrent weak references 0.022ms
[150.315s][info   ][gc          ] GC(48) Concurrent weak roots 0.572ms
[150.315s][info   ][gc          ] GC(48) Concurrent cleanup 1640M->1640M(6144M) 0.043ms
[150.316s][info   ][gc          ] GC(48) Concurrent class unloading 0.906ms
[150.316s][info   ][gc          ] GC(48) Pause Final Roots 0.002ms
[150.316s][info   ][gc,metaspace] Metaspace: 11721K(11904K)->11721K(11904K) NonClass: 9737K(9856K)->9737K(9856K) Class: 1984K(2048K)->1984K(2048K)
[150.326s][info   ][gc          ] Trigger: GC request (System.gc())
[150.329s][info   ][gc          ] GC(49) Concurrent reset 2.568ms
[150.329s][info   ][gc          ] GC(49) Pause Init Mark (unload classes) 0.027ms
[150.329s][info   ][gc          ] GC(49) Concurrent marking roots 0.097ms
[153.459s][info   ][gc          ] GC(49) Concurrent marking (unload classes) 3129.851ms
[153.459s][info   ][gc          ] GC(49) Pause Final Mark (unload classes) 0.177ms
[153.460s][info   ][gc          ] GC(49) Concurrent weak references 0.032ms
[153.461s][info   ][gc          ] GC(49) Concurrent weak roots 0.562ms
[153.461s][info   ][gc          ] GC(49) Concurrent cleanup 1640M->1640M(6144M) 0.036ms
[153.462s][info   ][gc          ] GC(49) Concurrent class unloading 1.171ms
[153.462s][info   ][gc          ] GC(49) Pause Final Roots 0.002ms
[153.462s][info   ][gc,metaspace] Metaspace: 11721K(11904K)->11721K(11904K) NonClass: 9737K(9856K)->9737K(9856K) Class: 1984K(2048K)->1984K(2048K)
[153.472s][info   ][gc          ] Trigger: GC request (System.gc())
[153.474s][info   ][gc          ] GC(50) Concurrent reset 2.547ms
[153.475s][info   ][gc          ] GC(50) Pause Init Mark (unload classes) 0.037ms
[153.475s][info   ][gc          ] GC(50) Concurrent marking roots 0.087ms
[156.550s][info   ][gc          ] GC(50) Concurrent marking (unload classes) 3075.307ms
[156.550s][info   ][gc          ] GC(50) Pause Final Mark (unload classes) 0.164ms
[156.550s][info   ][gc          ] GC(50) Concurrent weak references 0.050ms
[156.551s][info   ][gc          ] GC(50) Concurrent weak roots 0.516ms
[156.551s][info   ][gc          ] GC(50) Concurrent cleanup 1640M->1640M(6144M) 0.035ms
[156.552s][info   ][gc          ] GC(50) Concurrent class unloading 1.101ms
[156.552s][info   ][gc          ] GC(50) Pause Final Roots 0.002ms
[156.552s][info   ][gc,metaspace] Metaspace: 11721K(11904K)->11721K(11904K) NonClass: 9737K(9856K)->9737K(9856K) Class: 1984K(2048K)->1984K(2048K)
[156.562s][info   ][gc          ] Trigger: GC request (System.gc())
[156.565s][info   ][gc          ] GC(51) Concurrent reset 2.830ms
[156.565s][info   ][gc          ] GC(51) Pause Init Mark (unload classes) 0.048ms
[156.565s][info   ][gc          ] GC(51) Concurrent marking roots 0.099ms
[159.641s][info   ][gc          ] GC(51) Concurrent marking (unload classes) 3075.412ms
[159.641s][info   ][gc          ] GC(51) Pause Final Mark (unload classes) 0.154ms
[159.641s][info   ][gc          ] GC(51) Concurrent weak references 0.028ms
[159.641s][info   ][gc          ] GC(51) Concurrent weak roots 0.526ms
[159.641s][info   ][gc          ] GC(51) Concurrent cleanup 1640M->1640M(6144M) 0.041ms
[159.642s][info   ][gc          ] GC(51) Concurrent class unloading 0.903ms
[159.642s][info   ][gc          ] GC(51) Pause Final Roots 0.002ms
[159.642s][info   ][gc,metaspace] Metaspace: 11721K(11904K)->11721K(11904K) NonClass: 9737K(9856K)->9737K(9856K) Class: 1984K(2048K)->1984K(2048K)
[159.652s][info   ][gc          ] Trigger: GC request (System.gc())
[159.655s][info   ][gc          ] GC(52) Concurrent reset 2.569ms
[159.655s][info   ][gc          ] GC(52) Pause Init Mark (unload classes) 0.027ms
[159.655s][info   ][gc          ] GC(52) Concurrent marking roots 0.095ms
[162.732s][info   ][gc          ] GC(52) Concurrent marking (unload classes) 3076.382ms
[162.732s][info   ][gc          ] GC(52) Pause Final Mark (unload classes) 0.176ms
[162.732s][info   ][gc          ] GC(52) Concurrent weak references 0.023ms
[162.732s][info   ][gc          ] GC(52) Concurrent weak roots 0.497ms
[162.732s][info   ][gc          ] GC(52) Concurrent cleanup 1640M->1640M(6144M) 0.031ms
[162.733s][info   ][gc          ] GC(52) Concurrent class unloading 0.904ms
[162.733s][info   ][gc          ] GC(52) Pause Final Roots 0.002ms
[162.733s][info   ][gc,metaspace] Metaspace: 11721K(11904K)->11721K(11904K) NonClass: 9737K(9856K)->9737K(9856K) Class: 1984K(2048K)->1984K(2048K)
[162.744s][info   ][gc          ] Trigger: GC request (System.gc())
[162.746s][info   ][gc          ] GC(53) Concurrent reset 2.573ms
[162.746s][info   ][gc          ] GC(53) Pause Init Mark (unload classes) 0.036ms
[162.746s][info   ][gc          ] GC(53) Concurrent marking roots 0.101ms
[165.793s][info   ][gc          ] GC(53) Concurrent marking (unload classes) 3046.567ms
[165.793s][info   ][gc          ] GC(53) Pause Final Mark (unload classes) 0.171ms
[165.793s][info   ][gc          ] GC(53) Concurrent weak references 0.049ms
[165.794s][info   ][gc          ] GC(53) Concurrent weak roots 0.532ms
[165.794s][info   ][gc          ] GC(53) Concurrent cleanup 1640M->1640M(6144M) 0.042ms
[165.795s][info   ][gc          ] GC(53) Concurrent class unloading 1.147ms
[165.795s][info   ][gc          ] GC(53) Pause Final Roots 0.002ms
[165.795s][info   ][gc,metaspace] Metaspace: 11721K(11904K)->11721K(11904K) NonClass: 9737K(9856K)->9737K(9856K) Class: 1984K(2048K)->1984K(2048K)
[165.805s][info   ][gc          ] Trigger: GC request (System.gc())
[165.808s][info   ][gc          ] GC(54) Concurrent reset 2.848ms
[165.808s][info   ][gc          ] GC(54) Pause Init Mark (unload classes) 0.046ms
[165.808s][info   ][gc          ] GC(54) Concurrent marking roots 0.125ms
[168.851s][info   ][gc          ] GC(54) Concurrent marking (unload classes) 3042.689ms
[168.851s][info   ][gc          ] GC(54) Pause Final Mark (unload classes) 0.150ms
[168.851s][info   ][gc          ] GC(54) Concurrent weak references 0.021ms
[168.852s][info   ][gc          ] GC(54) Concurrent weak roots 0.503ms
[168.852s][info   ][gc          ] GC(54) Concurrent cleanup 1640M->1640M(6144M) 0.034ms
[168.853s][info   ][gc          ] GC(54) Concurrent class unloading 1.149ms
[168.853s][info   ][gc          ] GC(54) Pause Final Roots 0.002ms
[168.853s][info   ][gc,metaspace] Metaspace: 11721K(11904K)->11721K(11904K) NonClass: 9737K(9856K)->9737K(9856K) Class: 1984K(2048K)->1984K(2048K)
[168.863s][info   ][gc          ] Trigger: GC request (System.gc())
[168.866s][info   ][gc          ] GC(55) Concurrent reset 2.841ms
[168.866s][info   ][gc          ] GC(55) Pause Init Mark (unload classes) 0.060ms
[168.866s][info   ][gc          ] GC(55) Concurrent marking roots 0.098ms
[171.930s][info   ][gc          ] GC(55) Concurrent marking (unload classes) 3063.444ms
[171.930s][info   ][gc          ] GC(55) Pause Final Mark (unload classes) 0.168ms
[171.930s][info   ][gc          ] GC(55) Concurrent weak references 0.022ms
[171.930s][info   ][gc          ] GC(55) Concurrent weak roots 0.524ms
[171.930s][info   ][gc          ] GC(55) Concurrent cleanup 1640M->1640M(6144M) 0.042ms
[171.931s][info   ][gc          ] GC(55) Concurrent class unloading 0.903ms
[171.931s][info   ][gc          ] GC(55) Pause Final Roots 0.002ms
[171.931s][info   ][gc,metaspace] Metaspace: 11721K(11904K)->11721K(11904K) NonClass: 9737K(9856K)->9737K(9856K) Class: 1984K(2048K)->1984K(2048K)
[171.941s][info   ][gc          ] Trigger: GC request (System.gc())
[171.944s][info   ][gc          ] GC(56) Concurrent reset 2.572ms
[171.944s][info   ][gc          ] GC(56) Pause Init Mark (unload classes) 0.028ms
[171.944s][info   ][gc          ] GC(56) Concurrent marking roots 0.095ms
[174.987s][info   ][gc          ] GC(56) Concurrent marking (unload classes) 3042.358ms
[174.987s][info   ][gc          ] GC(56) Pause Final Mark (unload classes) 0.164ms
[174.987s][info   ][gc          ] GC(56) Concurrent weak references 0.027ms
[174.987s][info   ][gc          ] GC(56) Concurrent weak roots 0.546ms
[174.987s][info   ][gc          ] GC(56) Concurrent cleanup 1640M->1640M(6144M) 0.047ms
[174.988s][info   ][gc          ] GC(56) Concurrent class unloading 0.923ms
[174.988s][info   ][gc          ] GC(56) Pause Final Roots 0.002ms
[174.988s][info   ][gc,metaspace] Metaspace: 11721K(11904K)->11721K(11904K) NonClass: 9737K(9856K)->9737K(9856K) Class: 1984K(2048K)->1984K(2048K)
[174.999s][info   ][gc          ] Trigger: GC request (System.gc())
[175.001s][info   ][gc          ] GC(57) Concurrent reset 2.582ms
[175.001s][info   ][gc          ] GC(57) Pause Init Mark (unload classes) 0.041ms
[175.001s][info   ][gc          ] GC(57) Concurrent marking roots 0.122ms
[178.080s][info   ][gc          ] GC(57) Concurrent marking (unload classes) 3078.588ms
[178.080s][info   ][gc          ] GC(57) Pause Final Mark (unload classes) 0.150ms
[178.080s][info   ][gc          ] GC(57) Concurrent weak references 0.051ms
[178.081s][info   ][gc          ] GC(57) Concurrent weak roots 0.508ms
[178.081s][info   ][gc          ] GC(57) Concurrent cleanup 1640M->1640M(6144M) 0.035ms
[178.082s][info   ][gc          ] GC(57) Concurrent class unloading 1.051ms
[178.082s][info   ][gc          ] GC(57) Pause Final Roots 0.002ms
[178.082s][info   ][gc,metaspace] Metaspace: 11721K(11904K)->11721K(11904K) NonClass: 9737K(9856K)->9737K(9856K) Class: 1984K(2048K)->1984K(2048K)
[178.092s][info   ][gc          ] Trigger: GC request (System.gc())
[178.095s][info   ][gc          ] GC(58) Concurrent reset 2.801ms
[178.095s][info   ][gc          ] GC(58) Pause Init Mark (unload classes) 0.061ms
[178.095s][info   ][gc          ] GC(58) Concurrent marking roots 0.098ms
[181.141s][info   ][gc          ] GC(58) Concurrent marking (unload classes) 3045.970ms
[181.141s][info   ][gc          ] GC(58) Pause Final Mark (unload classes) 0.163ms
[181.141s][info   ][gc          ] GC(58) Concurrent weak references 0.042ms
[181.142s][info   ][gc          ] GC(58) Concurrent weak roots 0.546ms
[181.142s][info   ][gc          ] GC(58) Concurrent cleanup 1641M->1641M(6144M) 0.037ms
[181.143s][info   ][gc          ] GC(58) Concurrent class unloading 1.145ms
[181.143s][info   ][gc          ] GC(58) Pause Final Roots 0.002ms
[181.143s][info   ][gc,metaspace] Metaspace: 11721K(11904K)->11721K(11904K) NonClass: 9737K(9856K)->9737K(9856K) Class: 1984K(2048K)->1984K(2048K)
[181.144s][info   ][gc          ] Trigger: GC request (System.gc())
[181.147s][info   ][gc          ] GC(59) Concurrent reset 2.844ms
[181.147s][info   ][gc          ] GC(59) Pause Init Mark (unload classes) 0.052ms
[181.147s][info   ][gc          ] GC(59) Concurrent marking roots 0.141ms
[184.191s][info   ][gc          ] GC(59) Concurrent marking (unload classes) 3043.658ms
[184.191s][info   ][gc          ] GC(59) Pause Final Mark (unload classes) 0.156ms
[184.191s][info   ][gc          ] GC(59) Concurrent thread roots 0.084ms
[184.191s][info   ][gc          ] GC(59) Concurrent weak references 0.028ms
[184.192s][info   ][gc          ] GC(59) Concurrent weak roots 0.525ms
[184.192s][info   ][gc          ] GC(59) Concurrent cleanup 1641M->1641M(6144M) 0.033ms
[184.193s][info   ][gc          ] GC(59) Concurrent class unloading 1.142ms
[184.193s][info   ][gc          ] GC(59) Concurrent strong roots 0.052ms
[184.193s][info   ][gc          ] GC(59) Concurrent evacuation 0.025ms
[184.193s][info   ][gc          ] GC(59) Pause Init Update Refs 0.003ms
[184.193s][info   ][gc          ] GC(59) At start of update refs, moving 2048K to Mutator free partition from Collector Reserve
[186.087s][info   ][gc          ] GC(59) Concurrent update references 1893.688ms
[186.087s][info   ][gc          ] GC(59) Concurrent update thread roots 0.119ms
[186.087s][info   ][gc          ] GC(59) Pause Final Update Refs 0.091ms
[186.087s][info   ][gc          ] GC(59) Concurrent cleanup 1641M->1640M(6144M) 0.038ms
[186.087s][info   ][gc,metaspace] Metaspace: 11721K(11904K)->11721K(11904K) NonClass: 9737K(9856K)->9737K(9856K) Class: 1984K(2048K)->1984K(2048K)
[186.088s][info   ][gc          ] Trigger: GC request (System.gc())
[186.091s][info   ][gc          ] GC(60) Concurrent reset 2.785ms
[186.091s][info   ][gc          ] GC(60) Pause Init Mark (unload classes) 0.041ms
[186.091s][info   ][gc          ] GC(60) Concurrent marking roots 0.123ms
[189.134s][info   ][gc          ] GC(60) Concurrent marking (unload classes) 3042.208ms
[189.134s][info   ][gc          ] GC(60) Pause Final Mark (unload classes) 0.166ms
[189.134s][info   ][gc          ] GC(60) Concurrent weak references 0.023ms
[189.135s][info   ][gc          ] GC(60) Concurrent weak roots 0.622ms
[189.135s][info   ][gc          ] GC(60) Concurrent cleanup 1640M->1640M(6144M) 0.048ms
[189.136s][info   ][gc          ] GC(60) Concurrent class unloading 0.944ms
[189.136s][info   ][gc          ] GC(60) Pause Final Roots 0.002ms
[189.136s][info   ][gc,metaspace] Metaspace: 11721K(11904K)->11721K(11904K) NonClass: 9737K(9856K)->9737K(9856K) Class: 1984K(2048K)->1984K(2048K)
[189.138s][info   ][gc          ] Trigger: GC request (System.gc())
[189.140s][info   ][gc          ] GC(61) Concurrent reset 2.580ms
[189.140s][info   ][gc          ] GC(61) Pause Init Mark (unload classes) 0.035ms
[189.141s][info   ][gc          ] GC(61) Concurrent marking roots 0.103ms
[192.225s][info   ][gc          ] GC(61) Concurrent marking (unload classes) 3084.139ms
[192.225s][info   ][gc          ] GC(61) Pause Final Mark (unload classes) 0.166ms
[192.225s][info   ][gc          ] GC(61) Concurrent weak references 0.022ms
[192.226s][info   ][gc          ] GC(61) Concurrent weak roots 0.591ms
[192.226s][info   ][gc          ] GC(61) Concurrent cleanup 1640M->1640M(6144M) 0.049ms
[192.227s][info   ][gc          ] GC(61) Concurrent class unloading 0.961ms
[192.227s][info   ][gc          ] GC(61) Pause Final Roots 0.002ms
[192.227s][info   ][gc,metaspace] Metaspace: 11721K(11904K)->11721K(11904K) NonClass: 9737K(9856K)->9737K(9856K) Class: 1984K(2048K)->1984K(2048K)
[192.231s][info   ][gc          ] Trigger: GC request (System.gc())
[192.233s][info   ][gc          ] GC(62) Concurrent reset 2.583ms
[192.233s][info   ][gc          ] GC(62) Pause Init Mark (unload classes) 0.035ms
[192.234s][info   ][gc          ] GC(62) Concurrent marking roots 0.097ms
[195.313s][info   ][gc          ] GC(62) Concurrent marking (unload classes) 3079.871ms
[195.314s][info   ][gc          ] GC(62) Pause Final Mark (unload classes) 0.172ms
[195.314s][info   ][gc          ] GC(62) Concurrent weak references 0.025ms
[195.314s][info   ][gc          ] GC(62) Concurrent weak roots 0.534ms
[195.314s][info   ][gc          ] GC(62) Concurrent cleanup 1640M->1640M(6144M) 0.042ms
[195.315s][info   ][gc          ] GC(62) Concurrent class unloading 1.030ms
[195.315s][info   ][gc          ] GC(62) Pause Final Roots 0.002ms
[195.315s][info   ][gc,metaspace] Metaspace: 11721K(11904K)->11721K(11904K) NonClass: 9737K(9856K)->9737K(9856K) Class: 1984K(2048K)->1984K(2048K)
After GCs... 
[195.322s][info   ][gc          ] Cancelling GC: Stopping VM
