Done; will start GCs... 
[62.249s][info][gc,metaspace] GC(33) Metaspace: 89891K(103744K)->89891K(103744K) NonClass: 63143K(69056K)->63143K(69056K) Class: 26748K(34688K)->26748K(34688K)
[62.249s][info][gc          ] GC(33) Pause Full (System.gc()) 1611M->1607M(6144M) 843.602ms
[63.098s][info][gc,metaspace] GC(34) Metaspace: 89891K(103744K)->89891K(103744K) NonClass: 63143K(69056K)->63143K(69056K) Class: 26748K(34688K)->26748K(34688K)
[63.098s][info][gc          ] GC(34) Pause Full (System.gc()) 1607M->1607M(6144M) 848.889ms
[63.939s][info][gc,metaspace] GC(35) Metaspace: 89891K(103744K)->89891K(103744K) NonClass: 63143K(69056K)->63143K(69056K) Class: 26748K(34688K)->26748K(34688K)
[63.939s][info][gc          ] GC(35) Pause Full (System.gc()) 1607M->1607M(6144M) 840.545ms
[64.803s][info][gc,metaspace] GC(36) Metaspace: 89891K(103744K)->89891K(103744K) NonClass: 63143K(69056K)->63143K(69056K) Class: 26748K(34688K)->26748K(34688K)
[64.803s][info][gc          ] GC(36) Pause Full (System.gc()) 1607M->1607M(6144M) 864.426ms
[65.654s][info][gc,metaspace] GC(37) Metaspace: 89891K(103744K)->89891K(103744K) NonClass: 63143K(69056K)->63143K(69056K) Class: 26748K(34688K)->26748K(34688K)
[65.654s][info][gc          ] GC(37) Pause Full (System.gc()) 1607M->1607M(6144M) 850.431ms
[66.503s][info][gc,metaspace] GC(38) Metaspace: 89891K(103744K)->89891K(103744K) NonClass: 63143K(69056K)->63143K(69056K) Class: 26748K(34688K)->26748K(34688K)
[66.503s][info][gc          ] GC(38) Pause Full (System.gc()) 1607M->1607M(6144M) 848.744ms
[67.377s][info][gc,metaspace] GC(39) Metaspace: 89891K(103744K)->89891K(103744K) NonClass: 63143K(69056K)->63143K(69056K) Class: 26748K(34688K)->26748K(34688K)
[67.377s][info][gc          ] GC(39) Pause Full (System.gc()) 1607M->1607M(6144M) 874.135ms
[68.219s][info][gc,metaspace] GC(40) Metaspace: 89891K(103744K)->89891K(103744K) NonClass: 63143K(69056K)->63143K(69056K) Class: 26748K(34688K)->26748K(34688K)
[68.219s][info][gc          ] GC(40) Pause Full (System.gc()) 1607M->1607M(6144M) 841.747ms
[69.065s][info][gc,metaspace] GC(41) Metaspace: 89891K(103744K)->89891K(103744K) NonClass: 63143K(69056K)->63143K(69056K) Class: 26748K(34688K)->26748K(34688K)
[69.065s][info][gc          ] GC(41) Pause Full (System.gc()) 1607M->1607M(6144M) 846.204ms
[69.938s][info][gc,metaspace] GC(42) Metaspace: 89891K(103744K)->89891K(103744K) NonClass: 63143K(69056K)->63143K(69056K) Class: 26748K(34688K)->26748K(34688K)
[69.938s][info][gc          ] GC(42) Pause Full (System.gc()) 1607M->1607M(6144M) 872.734ms
[70.774s][info][gc,metaspace] GC(43) Metaspace: 89891K(103744K)->89891K(103744K) NonClass: 63143K(69056K)->63143K(69056K) Class: 26748K(34688K)->26748K(34688K)
[70.774s][info][gc          ] GC(43) Pause Full (System.gc()) 1607M->1607M(6144M) 836.590ms
[71.622s][info][gc,metaspace] GC(44) Metaspace: 89891K(103744K)->89891K(103744K) NonClass: 63143K(69056K)->63143K(69056K) Class: 26748K(34688K)->26748K(34688K)
[71.622s][info][gc          ] GC(44) Pause Full (System.gc()) 1607M->1607M(6144M) 847.869ms
[72.457s][info][gc,metaspace] GC(45) Metaspace: 89891K(103744K)->89891K(103744K) NonClass: 63143K(69056K)->63143K(69056K) Class: 26748K(34688K)->26748K(34688K)
[72.457s][info][gc          ] GC(45) Pause Full (System.gc()) 1607M->1607M(6144M) 834.877ms
[73.313s][info][gc,metaspace] GC(46) Metaspace: 89891K(103744K)->89891K(103744K) NonClass: 63143K(69056K)->63143K(69056K) Class: 26748K(34688K)->26748K(34688K)
[73.313s][info][gc          ] GC(46) Pause Full (System.gc()) 1607M->1607M(6144M) 856.147ms
[74.171s][info][gc,metaspace] GC(47) Metaspace: 89891K(103744K)->89891K(103744K) NonClass: 63143K(69056K)->63143K(69056K) Class: 26748K(34688K)->26748K(34688K)
[74.171s][info][gc          ] GC(47) Pause Full (System.gc()) 1607M->1607M(6144M) 857.636ms
[75.010s][info][gc,metaspace] GC(48) Metaspace: 89891K(103744K)->89891K(103744K) NonClass: 63143K(69056K)->63143K(69056K) Class: 26748K(34688K)->26748K(34688K)
[75.010s][info][gc          ] GC(48) Pause Full (System.gc()) 1607M->1607M(6144M) 838.683ms
[75.859s][info][gc,metaspace] GC(49) Metaspace: 89891K(103744K)->89891K(103744K) NonClass: 63143K(69056K)->63143K(69056K) Class: 26748K(34688K)->26748K(34688K)
[75.859s][info][gc          ] GC(49) Pause Full (System.gc()) 1607M->1607M(6144M) 848.864ms
[76.702s][info][gc,metaspace] GC(50) Metaspace: 89891K(103744K)->89891K(103744K) NonClass: 63143K(69056K)->63143K(69056K) Class: 26748K(34688K)->26748K(34688K)
[76.702s][info][gc          ] GC(50) Pause Full (System.gc()) 1607M->1607M(6144M) 843.336ms
[77.554s][info][gc,metaspace] GC(51) Metaspace: 89891K(103744K)->89891K(103744K) NonClass: 63143K(69056K)->63143K(69056K) Class: 26748K(34688K)->26748K(34688K)
[77.554s][info][gc          ] GC(51) Pause Full (System.gc()) 1607M->1607M(6144M) 851.652ms
[78.389s][info][gc,metaspace] GC(52) Metaspace: 89891K(103744K)->89891K(103744K) NonClass: 63143K(69056K)->63143K(69056K) Class: 26748K(34688K)->26748K(34688K)
[78.389s][info][gc          ] GC(52) Pause Full (System.gc()) 1607M->1607M(6144M) 834.589ms
[79.235s][info][gc,metaspace] GC(53) Metaspace: 89891K(103744K)->89891K(103744K) NonClass: 63143K(69056K)->63143K(69056K) Class: 26748K(34688K)->26748K(34688K)
[79.235s][info][gc          ] GC(53) Pause Full (System.gc()) 1607M->1607M(6144M) 846.723ms
[80.094s][info][gc,metaspace] GC(54) Metaspace: 89891K(103744K)->89891K(103744K) NonClass: 63143K(69056K)->63143K(69056K) Class: 26748K(34688K)->26748K(34688K)
[80.094s][info][gc          ] GC(54) Pause Full (System.gc()) 1607M->1607M(6144M) 858.423ms
[80.929s][info][gc,metaspace] GC(55) Metaspace: 89891K(103744K)->89891K(103744K) NonClass: 63143K(69056K)->63143K(69056K) Class: 26748K(34688K)->26748K(34688K)
[80.930s][info][gc          ] GC(55) Pause Full (System.gc()) 1607M->1607M(6144M) 835.533ms
[81.776s][info][gc,metaspace] GC(56) Metaspace: 89891K(103744K)->89891K(103744K) NonClass: 63143K(69056K)->63143K(69056K) Class: 26748K(34688K)->26748K(34688K)
[81.776s][info][gc          ] GC(56) Pause Full (System.gc()) 1607M->1607M(6144M) 846.411ms
[82.618s][info][gc,metaspace] GC(57) Metaspace: 89891K(103744K)->89891K(103744K) NonClass: 63143K(69056K)->63143K(69056K) Class: 26748K(34688K)->26748K(34688K)
[82.618s][info][gc          ] GC(57) Pause Full (System.gc()) 1607M->1607M(6144M) 841.498ms
[83.453s][info][gc,metaspace] GC(58) Metaspace: 89891K(103744K)->89891K(103744K) NonClass: 63143K(69056K)->63143K(69056K) Class: 26748K(34688K)->26748K(34688K)
[83.453s][info][gc          ] GC(58) Pause Full (System.gc()) 1607M->1607M(6144M) 835.363ms
[84.292s][info][gc,metaspace] GC(59) Metaspace: 89891K(103744K)->89891K(103744K) NonClass: 63143K(69056K)->63143K(69056K) Class: 26748K(34688K)->26748K(34688K)
[84.292s][info][gc          ] GC(59) Pause Full (System.gc()) 1607M->1607M(6144M) 838.866ms
[85.136s][info][gc,metaspace] GC(60) Metaspace: 89891K(103744K)->89891K(103744K) NonClass: 63143K(69056K)->63143K(69056K) Class: 26748K(34688K)->26748K(34688K)
[85.136s][info][gc          ] GC(60) Pause Full (System.gc()) 1607M->1607M(6144M) 844.484ms
[85.977s][info][gc,metaspace] GC(61) Metaspace: 89891K(103744K)->89891K(103744K) NonClass: 63143K(69056K)->63143K(69056K) Class: 26748K(34688K)->26748K(34688K)
[85.977s][info][gc          ] GC(61) Pause Full (System.gc()) 1607M->1607M(6144M) 840.389ms
[86.812s][info][gc,metaspace] GC(62) Metaspace: 89891K(103744K)->89891K(103744K) NonClass: 63143K(69056K)->63143K(69056K) Class: 26748K(34688K)->26748K(34688K)
[86.812s][info][gc          ] GC(62) Pause Full (System.gc()) 1607M->1607M(6144M) 835.405ms
[87.647s][info][gc,metaspace] GC(63) Metaspace: 89891K(103744K)->89891K(103744K) NonClass: 63143K(69056K)->63143K(69056K) Class: 26748K(34688K)->26748K(34688K)
[87.647s][info][gc          ] GC(63) Pause Full (System.gc()) 1607M->1607M(6144M) 834.589ms
[88.494s][info][gc,metaspace] GC(64) Metaspace: 89891K(103744K)->89891K(103744K) NonClass: 63143K(69056K)->63143K(69056K) Class: 26748K(34688K)->26748K(34688K)
[88.494s][info][gc          ] GC(64) Pause Full (System.gc()) 1607M->1607M(6144M) 846.543ms
[89.361s][info][gc,metaspace] GC(65) Metaspace: 89891K(103744K)->89891K(103744K) NonClass: 63143K(69056K)->63143K(69056K) Class: 26748K(34688K)->26748K(34688K)
[89.361s][info][gc          ] GC(65) Pause Full (System.gc()) 1607M->1607M(6144M) 867.624ms
[90.195s][info][gc,metaspace] GC(66) Metaspace: 89891K(103744K)->89891K(103744K) NonClass: 63143K(69056K)->63143K(69056K) Class: 26748K(34688K)->26748K(34688K)
[90.195s][info][gc          ] GC(66) Pause Full (System.gc()) 1607M->1607M(6144M) 834.001ms
[91.034s][info][gc,metaspace] GC(67) Metaspace: 89891K(103744K)->89891K(103744K) NonClass: 63143K(69056K)->63143K(69056K) Class: 26748K(34688K)->26748K(34688K)
[91.034s][info][gc          ] GC(67) Pause Full (System.gc()) 1607M->1607M(6144M) 838.567ms
[91.878s][info][gc,metaspace] GC(68) Metaspace: 89891K(103744K)->89891K(103744K) NonClass: 63143K(69056K)->63143K(69056K) Class: 26748K(34688K)->26748K(34688K)
[91.878s][info][gc          ] GC(68) Pause Full (System.gc()) 1607M->1607M(6144M) 843.839ms
[92.712s][info][gc,metaspace] GC(69) Metaspace: 89891K(103744K)->89891K(103744K) NonClass: 63143K(69056K)->63143K(69056K) Class: 26748K(34688K)->26748K(34688K)
[92.712s][info][gc          ] GC(69) Pause Full (System.gc()) 1607M->1607M(6144M) 833.484ms
[93.551s][info][gc,metaspace] GC(70) Metaspace: 89891K(103744K)->89891K(103744K) NonClass: 63143K(69056K)->63143K(69056K) Class: 26748K(34688K)->26748K(34688K)
[93.551s][info][gc          ] GC(70) Pause Full (System.gc()) 1607M->1607M(6144M) 839.506ms
[94.415s][info][gc,metaspace] GC(71) Metaspace: 89891K(103744K)->89891K(103744K) NonClass: 63143K(69056K)->63143K(69056K) Class: 26748K(34688K)->26748K(34688K)
[94.415s][info][gc          ] GC(71) Pause Full (System.gc()) 1607M->1607M(6144M) 864.039ms
[95.248s][info][gc,metaspace] GC(72) Metaspace: 89891K(103744K)->89891K(103744K) NonClass: 63143K(69056K)->63143K(69056K) Class: 26748K(34688K)->26748K(34688K)
[95.248s][info][gc          ] GC(72) Pause Full (System.gc()) 1607M->1607M(6144M) 832.554ms
[96.086s][info][gc,metaspace] GC(73) Metaspace: 89891K(103744K)->89891K(103744K) NonClass: 63143K(69056K)->63143K(69056K) Class: 26748K(34688K)->26748K(34688K)
[96.087s][info][gc          ] GC(73) Pause Full (System.gc()) 1607M->1607M(6144M) 838.550ms
[96.925s][info][gc,metaspace] GC(74) Metaspace: 89891K(103744K)->89891K(103744K) NonClass: 63143K(69056K)->63143K(69056K) Class: 26748K(34688K)->26748K(34688K)
[96.925s][info][gc          ] GC(74) Pause Full (System.gc()) 1607M->1607M(6144M) 837.995ms
[97.766s][info][gc,metaspace] GC(75) Metaspace: 89891K(103744K)->89891K(103744K) NonClass: 63143K(69056K)->63143K(69056K) Class: 26748K(34688K)->26748K(34688K)
[97.766s][info][gc          ] GC(75) Pause Full (System.gc()) 1607M->1607M(6144M) 841.505ms
[98.603s][info][gc,metaspace] GC(76) Metaspace: 89891K(103744K)->89891K(103744K) NonClass: 63143K(69056K)->63143K(69056K) Class: 26748K(34688K)->26748K(34688K)
[98.603s][info][gc          ] GC(76) Pause Full (System.gc()) 1607M->1607M(6144M) 836.315ms
[99.466s][info][gc,metaspace] GC(77) Metaspace: 89891K(103744K)->89891K(103744K) NonClass: 63143K(69056K)->63143K(69056K) Class: 26748K(34688K)->26748K(34688K)
[99.466s][info][gc          ] GC(77) Pause Full (System.gc()) 1607M->1607M(6144M) 863.310ms
[100.300s][info][gc,metaspace] GC(78) Metaspace: 89891K(103744K)->89891K(103744K) NonClass: 63143K(69056K)->63143K(69056K) Class: 26748K(34688K)->26748K(34688K)
[100.300s][info][gc          ] GC(78) Pause Full (System.gc()) 1607M->1607M(6144M) 834.210ms
[101.170s][info][gc,metaspace] GC(79) Metaspace: 89891K(103744K)->89891K(103744K) NonClass: 63143K(69056K)->63143K(69056K) Class: 26748K(34688K)->26748K(34688K)
[101.170s][info][gc          ] GC(79) Pause Full (System.gc()) 1607M->1607M(6144M) 865.554ms
[102.035s][info][gc,metaspace] GC(80) Metaspace: 89891K(103744K)->89891K(103744K) NonClass: 63143K(69056K)->63143K(69056K) Class: 26748K(34688K)->26748K(34688K)
[102.035s][info][gc          ] GC(80) Pause Full (System.gc()) 1607M->1607M(6144M) 864.609ms
[102.870s][info][gc,metaspace] GC(81) Metaspace: 89891K(103744K)->89891K(103744K) NonClass: 63143K(69056K)->63143K(69056K) Class: 26748K(34688K)->26748K(34688K)
[102.870s][info][gc          ] GC(81) Pause Full (System.gc()) 1607M->1607M(6144M) 834.812ms
[103.726s][info][gc,metaspace] GC(82) Metaspace: 89891K(103744K)->89891K(103744K) NonClass: 63143K(69056K)->63143K(69056K) Class: 26748K(34688K)->26748K(34688K)
[103.726s][info][gc          ] GC(82) Pause Full (System.gc()) 1607M->1607M(6144M) 856.663ms
After GCs... 
