Done; will start GCs... 
[63.112s][info][gc,metaspace] GC(32) Metaspace: 88102K(101952K)->88102K(101952K) NonClass: 69709K(75648K)->69709K(75648K) Class: 18392K(26304K)->18392K(26304K)
[63.112s][info][gc          ] GC(32) Pause Full (System.gc()) 1827M->1823M(6144M) 809.838ms
[63.910s][info][gc,metaspace] GC(33) Metaspace: 88102K(101952K)->88102K(101952K) NonClass: 69709K(75648K)->69709K(75648K) Class: 18392K(26304K)->18392K(26304K)
[63.910s][info][gc          ] GC(33) Pause Full (System.gc()) 1823M->1823M(6144M) 797.371ms
[64.720s][info][gc,metaspace] GC(34) Metaspace: 88102K(101952K)->88102K(101952K) NonClass: 69709K(75648K)->69709K(75648K) Class: 18392K(26304K)->18392K(26304K)
[64.720s][info][gc          ] GC(34) Pause Full (System.gc()) 1823M->1823M(6144M) 810.563ms
[65.623s][info][gc,metaspace] GC(35) Metaspace: 88102K(101952K)->88102K(101952K) NonClass: 69709K(75648K)->69709K(75648K) Class: 18392K(26304K)->18392K(26304K)
[65.623s][info][gc          ] GC(35) Pause Full (System.gc()) 1823M->1823M(6144M) 902.552ms
[66.422s][info][gc,metaspace] GC(36) Metaspace: 88102K(101952K)->88102K(101952K) NonClass: 69709K(75648K)->69709K(75648K) Class: 18392K(26304K)->18392K(26304K)
[66.422s][info][gc          ] GC(36) Pause Full (System.gc()) 1823M->1823M(6144M) 798.612ms
[67.234s][info][gc,metaspace] GC(37) Metaspace: 88102K(101952K)->88102K(101952K) NonClass: 69709K(75648K)->69709K(75648K) Class: 18392K(26304K)->18392K(26304K)
[67.234s][info][gc          ] GC(37) Pause Full (System.gc()) 1823M->1823M(6144M) 807.802ms
[68.043s][info][gc,metaspace] GC(38) Metaspace: 88102K(101952K)->88102K(101952K) NonClass: 69709K(75648K)->69709K(75648K) Class: 18392K(26304K)->18392K(26304K)
[68.043s][info][gc          ] GC(38) Pause Full (System.gc()) 1823M->1823M(6144M) 808.940ms
[68.840s][info][gc,metaspace] GC(39) Metaspace: 88102K(101952K)->88102K(101952K) NonClass: 69709K(75648K)->69709K(75648K) Class: 18392K(26304K)->18392K(26304K)
[68.840s][info][gc          ] GC(39) Pause Full (System.gc()) 1823M->1823M(6144M) 797.477ms
[69.639s][info][gc,metaspace] GC(40) Metaspace: 88102K(101952K)->88102K(101952K) NonClass: 69709K(75648K)->69709K(75648K) Class: 18392K(26304K)->18392K(26304K)
[69.639s][info][gc          ] GC(40) Pause Full (System.gc()) 1823M->1823M(6144M) 799.053ms
[70.431s][info][gc,metaspace] GC(41) Metaspace: 88102K(101952K)->88102K(101952K) NonClass: 69709K(75648K)->69709K(75648K) Class: 18392K(26304K)->18392K(26304K)
[70.431s][info][gc          ] GC(41) Pause Full (System.gc()) 1823M->1823M(6144M) 791.709ms
[71.238s][info][gc,metaspace] GC(42) Metaspace: 88102K(101952K)->88102K(101952K) NonClass: 69709K(75648K)->69709K(75648K) Class: 18392K(26304K)->18392K(26304K)
[71.238s][info][gc          ] GC(42) Pause Full (System.gc()) 1823M->1823M(6144M) 806.737ms
[72.037s][info][gc,metaspace] GC(43) Metaspace: 88102K(101952K)->88102K(101952K) NonClass: 69709K(75648K)->69709K(75648K) Class: 18392K(26304K)->18392K(26304K)
[72.037s][info][gc          ] GC(43) Pause Full (System.gc()) 1823M->1823M(6144M) 798.870ms
[72.856s][info][gc,metaspace] GC(44) Metaspace: 88102K(101952K)->88102K(101952K) NonClass: 69709K(75648K)->69709K(75648K) Class: 18392K(26304K)->18392K(26304K)
[72.856s][info][gc          ] GC(44) Pause Full (System.gc()) 1823M->1823M(6144M) 818.659ms
[73.657s][info][gc,metaspace] GC(45) Metaspace: 88102K(101952K)->88102K(101952K) NonClass: 69709K(75648K)->69709K(75648K) Class: 18392K(26304K)->18392K(26304K)
[73.657s][info][gc          ] GC(45) Pause Full (System.gc()) 1823M->1823M(6144M) 800.951ms
[74.465s][info][gc,metaspace] GC(46) Metaspace: 88102K(101952K)->88102K(101952K) NonClass: 69709K(75648K)->69709K(75648K) Class: 18392K(26304K)->18392K(26304K)
[74.465s][info][gc          ] GC(46) Pause Full (System.gc()) 1823M->1823M(6144M) 808.506ms
[75.263s][info][gc,metaspace] GC(47) Metaspace: 88102K(101952K)->88102K(101952K) NonClass: 69709K(75648K)->69709K(75648K) Class: 18392K(26304K)->18392K(26304K)
[75.263s][info][gc          ] GC(47) Pause Full (System.gc()) 1823M->1823M(6144M) 798.058ms
[76.086s][info][gc,metaspace] GC(48) Metaspace: 88102K(101952K)->88102K(101952K) NonClass: 69709K(75648K)->69709K(75648K) Class: 18392K(26304K)->18392K(26304K)
[76.086s][info][gc          ] GC(48) Pause Full (System.gc()) 1823M->1823M(6144M) 823.040ms
[76.915s][info][gc,metaspace] GC(49) Metaspace: 88102K(101952K)->88102K(101952K) NonClass: 69709K(75648K)->69709K(75648K) Class: 18392K(26304K)->18392K(26304K)
[76.915s][info][gc          ] GC(49) Pause Full (System.gc()) 1823M->1823M(6144M) 828.457ms
[77.712s][info][gc,metaspace] GC(50) Metaspace: 88102K(101952K)->88102K(101952K) NonClass: 69709K(75648K)->69709K(75648K) Class: 18392K(26304K)->18392K(26304K)
[77.712s][info][gc          ] GC(50) Pause Full (System.gc()) 1823M->1823M(6144M) 796.994ms
[78.537s][info][gc,metaspace] GC(51) Metaspace: 88102K(101952K)->88102K(101952K) NonClass: 69709K(75648K)->69709K(75648K) Class: 18392K(26304K)->18392K(26304K)
[78.537s][info][gc          ] GC(51) Pause Full (System.gc()) 1823M->1823M(6144M) 825.238ms
[79.342s][info][gc,metaspace] GC(52) Metaspace: 88102K(101952K)->88102K(101952K) NonClass: 69709K(75648K)->69709K(75648K) Class: 18392K(26304K)->18392K(26304K)
[79.342s][info][gc          ] GC(52) Pause Full (System.gc()) 1823M->1823M(6144M) 805.030ms
[80.144s][info][gc,metaspace] GC(53) Metaspace: 88102K(101952K)->88102K(101952K) NonClass: 69709K(75648K)->69709K(75648K) Class: 18392K(26304K)->18392K(26304K)
[80.144s][info][gc          ] GC(53) Pause Full (System.gc()) 1823M->1823M(6144M) 801.417ms
[80.946s][info][gc,metaspace] GC(54) Metaspace: 88102K(101952K)->88102K(101952K) NonClass: 69709K(75648K)->69709K(75648K) Class: 18392K(26304K)->18392K(26304K)
[80.946s][info][gc          ] GC(54) Pause Full (System.gc()) 1823M->1823M(6144M) 801.986ms
[81.752s][info][gc,metaspace] GC(55) Metaspace: 88102K(101952K)->88102K(101952K) NonClass: 69709K(75648K)->69709K(75648K) Class: 18392K(26304K)->18392K(26304K)
[81.752s][info][gc          ] GC(55) Pause Full (System.gc()) 1823M->1823M(6144M) 806.391ms
[82.549s][info][gc,metaspace] GC(56) Metaspace: 88102K(101952K)->88102K(101952K) NonClass: 69709K(75648K)->69709K(75648K) Class: 18392K(26304K)->18392K(26304K)
[82.549s][info][gc          ] GC(56) Pause Full (System.gc()) 1823M->1823M(6144M) 795.994ms
[83.354s][info][gc,metaspace] GC(57) Metaspace: 88102K(101952K)->88102K(101952K) NonClass: 69709K(75648K)->69709K(75648K) Class: 18392K(26304K)->18392K(26304K)
[83.354s][info][gc          ] GC(57) Pause Full (System.gc()) 1823M->1823M(6144M) 805.366ms
[84.165s][info][gc,metaspace] GC(58) Metaspace: 88102K(101952K)->88102K(101952K) NonClass: 69709K(75648K)->69709K(75648K) Class: 18392K(26304K)->18392K(26304K)
[84.165s][info][gc          ] GC(58) Pause Full (System.gc()) 1823M->1823M(6144M) 806.969ms
[84.962s][info][gc,metaspace] GC(59) Metaspace: 88102K(101952K)->88102K(101952K) NonClass: 69709K(75648K)->69709K(75648K) Class: 18392K(26304K)->18392K(26304K)
[84.962s][info][gc          ] GC(59) Pause Full (System.gc()) 1823M->1823M(6144M) 796.985ms
[85.773s][info][gc,metaspace] GC(60) Metaspace: 88102K(101952K)->88102K(101952K) NonClass: 69709K(75648K)->69709K(75648K) Class: 18392K(26304K)->18392K(26304K)
[85.773s][info][gc          ] GC(60) Pause Full (System.gc()) 1823M->1823M(6144M) 810.360ms
[86.582s][info][gc,metaspace] GC(61) Metaspace: 88102K(101952K)->88102K(101952K) NonClass: 69709K(75648K)->69709K(75648K) Class: 18392K(26304K)->18392K(26304K)
[86.582s][info][gc          ] GC(61) Pause Full (System.gc()) 1823M->1823M(6144M) 808.938ms
[87.377s][info][gc,metaspace] GC(62) Metaspace: 88102K(101952K)->88102K(101952K) NonClass: 69709K(75648K)->69709K(75648K) Class: 18392K(26304K)->18392K(26304K)
[87.377s][info][gc          ] GC(62) Pause Full (System.gc()) 1823M->1823M(6144M) 794.748ms
[88.196s][info][gc,metaspace] GC(63) Metaspace: 88102K(101952K)->88102K(101952K) NonClass: 69709K(75648K)->69709K(75648K) Class: 18392K(26304K)->18392K(26304K)
[88.196s][info][gc          ] GC(63) Pause Full (System.gc()) 1823M->1823M(6144M) 819.520ms
[88.990s][info][gc,metaspace] GC(64) Metaspace: 88102K(101952K)->88102K(101952K) NonClass: 69709K(75648K)->69709K(75648K) Class: 18392K(26304K)->18392K(26304K)
[88.990s][info][gc          ] GC(64) Pause Full (System.gc()) 1823M->1823M(6144M) 793.298ms
[89.788s][info][gc,metaspace] GC(65) Metaspace: 88102K(101952K)->88102K(101952K) NonClass: 69709K(75648K)->69709K(75648K) Class: 18392K(26304K)->18392K(26304K)
[89.788s][info][gc          ] GC(65) Pause Full (System.gc()) 1823M->1823M(6144M) 798.252ms
[90.587s][info][gc,metaspace] GC(66) Metaspace: 88102K(101952K)->88102K(101952K) NonClass: 69709K(75648K)->69709K(75648K) Class: 18392K(26304K)->18392K(26304K)
[90.587s][info][gc          ] GC(66) Pause Full (System.gc()) 1823M->1823M(6144M) 799.120ms
[91.384s][info][gc,metaspace] GC(67) Metaspace: 88102K(101952K)->88102K(101952K) NonClass: 69709K(75648K)->69709K(75648K) Class: 18392K(26304K)->18392K(26304K)
[91.384s][info][gc          ] GC(67) Pause Full (System.gc()) 1823M->1823M(6144M) 796.462ms
[92.181s][info][gc,metaspace] GC(68) Metaspace: 88102K(101952K)->88102K(101952K) NonClass: 69709K(75648K)->69709K(75648K) Class: 18392K(26304K)->18392K(26304K)
[92.181s][info][gc          ] GC(68) Pause Full (System.gc()) 1823M->1823M(6144M) 797.317ms
[92.975s][info][gc,metaspace] GC(69) Metaspace: 88102K(101952K)->88102K(101952K) NonClass: 69709K(75648K)->69709K(75648K) Class: 18392K(26304K)->18392K(26304K)
[92.975s][info][gc          ] GC(69) Pause Full (System.gc()) 1823M->1823M(6144M) 793.659ms
[93.771s][info][gc,metaspace] GC(70) Metaspace: 88102K(101952K)->88102K(101952K) NonClass: 69709K(75648K)->69709K(75648K) Class: 18392K(26304K)->18392K(26304K)
[93.771s][info][gc          ] GC(70) Pause Full (System.gc()) 1823M->1823M(6144M) 796.563ms
[94.571s][info][gc,metaspace] GC(71) Metaspace: 88102K(101952K)->88102K(101952K) NonClass: 69709K(75648K)->69709K(75648K) Class: 18392K(26304K)->18392K(26304K)
[94.571s][info][gc          ] GC(71) Pause Full (System.gc()) 1823M->1823M(6144M) 799.344ms
[95.372s][info][gc,metaspace] GC(72) Metaspace: 88102K(101952K)->88102K(101952K) NonClass: 69709K(75648K)->69709K(75648K) Class: 18392K(26304K)->18392K(26304K)
[95.372s][info][gc          ] GC(72) Pause Full (System.gc()) 1823M->1823M(6144M) 800.794ms
[96.180s][info][gc,metaspace] GC(73) Metaspace: 88102K(101952K)->88102K(101952K) NonClass: 69709K(75648K)->69709K(75648K) Class: 18392K(26304K)->18392K(26304K)
[96.180s][info][gc          ] GC(73) Pause Full (System.gc()) 1823M->1823M(6144M) 808.335ms
[96.980s][info][gc,metaspace] GC(74) Metaspace: 88102K(101952K)->88102K(101952K) NonClass: 69709K(75648K)->69709K(75648K) Class: 18392K(26304K)->18392K(26304K)
[96.980s][info][gc          ] GC(74) Pause Full (System.gc()) 1823M->1823M(6144M) 800.063ms
[97.780s][info][gc,metaspace] GC(75) Metaspace: 88102K(101952K)->88102K(101952K) NonClass: 69709K(75648K)->69709K(75648K) Class: 18392K(26304K)->18392K(26304K)
[97.780s][info][gc          ] GC(75) Pause Full (System.gc()) 1823M->1823M(6144M) 799.309ms
[98.577s][info][gc,metaspace] GC(76) Metaspace: 88102K(101952K)->88102K(101952K) NonClass: 69709K(75648K)->69709K(75648K) Class: 18392K(26304K)->18392K(26304K)
[98.577s][info][gc          ] GC(76) Pause Full (System.gc()) 1823M->1823M(6144M) 797.237ms
[99.394s][info][gc,metaspace] GC(77) Metaspace: 88102K(101952K)->88102K(101952K) NonClass: 69709K(75648K)->69709K(75648K) Class: 18392K(26304K)->18392K(26304K)
[99.394s][info][gc          ] GC(77) Pause Full (System.gc()) 1823M->1823M(6144M) 817.363ms
[100.195s][info][gc,metaspace] GC(78) Metaspace: 88102K(101952K)->88102K(101952K) NonClass: 69709K(75648K)->69709K(75648K) Class: 18392K(26304K)->18392K(26304K)
[100.195s][info][gc          ] GC(78) Pause Full (System.gc()) 1823M->1823M(6144M) 800.339ms
[101.010s][info][gc,metaspace] GC(79) Metaspace: 88102K(101952K)->88102K(101952K) NonClass: 69709K(75648K)->69709K(75648K) Class: 18392K(26304K)->18392K(26304K)
[101.010s][info][gc          ] GC(79) Pause Full (System.gc()) 1823M->1823M(6144M) 815.055ms
[101.808s][info][gc,metaspace] GC(80) Metaspace: 88102K(101952K)->88102K(101952K) NonClass: 69709K(75648K)->69709K(75648K) Class: 18392K(26304K)->18392K(26304K)
[101.809s][info][gc          ] GC(80) Pause Full (System.gc()) 1823M->1823M(6144M) 798.548ms
[102.623s][info][gc,metaspace] GC(81) Metaspace: 88102K(101952K)->88102K(101952K) NonClass: 69709K(75648K)->69709K(75648K) Class: 18392K(26304K)->18392K(26304K)
[102.623s][info][gc          ] GC(81) Pause Full (System.gc()) 1823M->1823M(6144M) 814.443ms
After GCs... 
