Done; will start GCs... 
[62.571s][info][gc,metaspace] GC(33) Metaspace: 89888K(103744K)->89888K(103744K) NonClass: 63139K(69056K)->63139K(69056K) Class: 26748K(34688K)->26748K(34688K)
[62.571s][info][gc          ] GC(33) Pause Full (System.gc()) 1611M->1607M(6144M) 1125.954ms
[63.860s][info][gc,metaspace] GC(34) Metaspace: 89888K(103744K)->89888K(103744K) NonClass: 63139K(69056K)->63139K(69056K) Class: 26748K(34688K)->26748K(34688K)
[63.860s][info][gc          ] GC(34) Pause Full (System.gc()) 1607M->1607M(6144M) 1288.460ms
[64.972s][info][gc,metaspace] GC(35) Metaspace: 89888K(103744K)->89888K(103744K) NonClass: 63139K(69056K)->63139K(69056K) Class: 26748K(34688K)->26748K(34688K)
[64.972s][info][gc          ] GC(35) Pause Full (System.gc()) 1607M->1607M(6144M) 1112.305ms
[66.074s][info][gc,metaspace] GC(36) Metaspace: 89888K(103744K)->89888K(103744K) NonClass: 63139K(69056K)->63139K(69056K) Class: 26748K(34688K)->26748K(34688K)
[66.074s][info][gc          ] GC(36) Pause Full (System.gc()) 1607M->1607M(6144M) 1102.007ms
[67.174s][info][gc,metaspace] GC(37) Metaspace: 89888K(103744K)->89888K(103744K) NonClass: 63139K(69056K)->63139K(69056K) Class: 26748K(34688K)->26748K(34688K)
[67.174s][info][gc          ] GC(37) Pause Full (System.gc()) 1607M->1607M(6144M) 1099.779ms
[68.275s][info][gc,metaspace] GC(38) Metaspace: 89888K(103744K)->89888K(103744K) NonClass: 63139K(69056K)->63139K(69056K) Class: 26748K(34688K)->26748K(34688K)
[68.275s][info][gc          ] GC(38) Pause Full (System.gc()) 1607M->1607M(6144M) 1100.582ms
[69.365s][info][gc,metaspace] GC(39) Metaspace: 89888K(103744K)->89888K(103744K) NonClass: 63139K(69056K)->63139K(69056K) Class: 26748K(34688K)->26748K(34688K)
[69.365s][info][gc          ] GC(39) Pause Full (System.gc()) 1607M->1607M(6144M) 1090.127ms
[70.469s][info][gc,metaspace] GC(40) Metaspace: 89888K(103744K)->89888K(103744K) NonClass: 63139K(69056K)->63139K(69056K) Class: 26748K(34688K)->26748K(34688K)
[70.469s][info][gc          ] GC(40) Pause Full (System.gc()) 1607M->1607M(6144M) 1104.239ms
[71.576s][info][gc,metaspace] GC(41) Metaspace: 89888K(103744K)->89888K(103744K) NonClass: 63139K(69056K)->63139K(69056K) Class: 26748K(34688K)->26748K(34688K)
[71.576s][info][gc          ] GC(41) Pause Full (System.gc()) 1607M->1607M(6144M) 1106.251ms
[72.708s][info][gc,metaspace] GC(42) Metaspace: 89888K(103744K)->89888K(103744K) NonClass: 63139K(69056K)->63139K(69056K) Class: 26748K(34688K)->26748K(34688K)
[72.708s][info][gc          ] GC(42) Pause Full (System.gc()) 1607M->1607M(6144M) 1131.845ms
[73.822s][info][gc,metaspace] GC(43) Metaspace: 89888K(103744K)->89888K(103744K) NonClass: 63139K(69056K)->63139K(69056K) Class: 26748K(34688K)->26748K(34688K)
[73.822s][info][gc          ] GC(43) Pause Full (System.gc()) 1607M->1607M(6144M) 1114.439ms
[74.960s][info][gc,metaspace] GC(44) Metaspace: 89888K(103744K)->89888K(103744K) NonClass: 63139K(69056K)->63139K(69056K) Class: 26748K(34688K)->26748K(34688K)
[74.960s][info][gc          ] GC(44) Pause Full (System.gc()) 1607M->1607M(6144M) 1138.228ms
[76.068s][info][gc,metaspace] GC(45) Metaspace: 89888K(103744K)->89888K(103744K) NonClass: 63139K(69056K)->63139K(69056K) Class: 26748K(34688K)->26748K(34688K)
[76.068s][info][gc          ] GC(45) Pause Full (System.gc()) 1607M->1607M(6144M) 1107.442ms
[77.185s][info][gc,metaspace] GC(46) Metaspace: 89888K(103744K)->89888K(103744K) NonClass: 63139K(69056K)->63139K(69056K) Class: 26748K(34688K)->26748K(34688K)
[77.185s][info][gc          ] GC(46) Pause Full (System.gc()) 1607M->1607M(6144M) 1116.983ms
[78.286s][info][gc,metaspace] GC(47) Metaspace: 89888K(103744K)->89888K(103744K) NonClass: 63139K(69056K)->63139K(69056K) Class: 26748K(34688K)->26748K(34688K)
[78.286s][info][gc          ] GC(47) Pause Full (System.gc()) 1607M->1607M(6144M) 1100.675ms
[79.449s][info][gc,metaspace] GC(48) Metaspace: 89888K(103744K)->89888K(103744K) NonClass: 63139K(69056K)->63139K(69056K) Class: 26748K(34688K)->26748K(34688K)
[79.449s][info][gc          ] GC(48) Pause Full (System.gc()) 1607M->1607M(6144M) 1163.396ms
[80.591s][info][gc,metaspace] GC(49) Metaspace: 89888K(103744K)->89888K(103744K) NonClass: 63139K(69056K)->63139K(69056K) Class: 26748K(34688K)->26748K(34688K)
[80.591s][info][gc          ] GC(49) Pause Full (System.gc()) 1607M->1607M(6144M) 1141.310ms
[81.703s][info][gc,metaspace] GC(50) Metaspace: 89888K(103744K)->89888K(103744K) NonClass: 63139K(69056K)->63139K(69056K) Class: 26748K(34688K)->26748K(34688K)
[81.703s][info][gc          ] GC(50) Pause Full (System.gc()) 1607M->1607M(6144M) 1112.776ms
[82.815s][info][gc,metaspace] GC(51) Metaspace: 89888K(103744K)->89888K(103744K) NonClass: 63139K(69056K)->63139K(69056K) Class: 26748K(34688K)->26748K(34688K)
[82.815s][info][gc          ] GC(51) Pause Full (System.gc()) 1607M->1607M(6144M) 1111.257ms
[83.950s][info][gc,metaspace] GC(52) Metaspace: 89888K(103744K)->89888K(103744K) NonClass: 63139K(69056K)->63139K(69056K) Class: 26748K(34688K)->26748K(34688K)
[83.950s][info][gc          ] GC(52) Pause Full (System.gc()) 1607M->1607M(6144M) 1135.277ms
[85.047s][info][gc,metaspace] GC(53) Metaspace: 89888K(103744K)->89888K(103744K) NonClass: 63139K(69056K)->63139K(69056K) Class: 26748K(34688K)->26748K(34688K)
[85.047s][info][gc          ] GC(53) Pause Full (System.gc()) 1607M->1607M(6144M) 1096.995ms
[86.204s][info][gc,metaspace] GC(54) Metaspace: 89888K(103744K)->89888K(103744K) NonClass: 63139K(69056K)->63139K(69056K) Class: 26748K(34688K)->26748K(34688K)
[86.204s][info][gc          ] GC(54) Pause Full (System.gc()) 1607M->1607M(6144M) 1157.006ms
[87.299s][info][gc,metaspace] GC(55) Metaspace: 89888K(103744K)->89888K(103744K) NonClass: 63139K(69056K)->63139K(69056K) Class: 26748K(34688K)->26748K(34688K)
[87.299s][info][gc          ] GC(55) Pause Full (System.gc()) 1607M->1607M(6144M) 1094.728ms
[88.400s][info][gc,metaspace] GC(56) Metaspace: 89888K(103744K)->89888K(103744K) NonClass: 63139K(69056K)->63139K(69056K) Class: 26748K(34688K)->26748K(34688K)
[88.400s][info][gc          ] GC(56) Pause Full (System.gc()) 1607M->1607M(6144M) 1100.519ms
[89.516s][info][gc,metaspace] GC(57) Metaspace: 89888K(103744K)->89888K(103744K) NonClass: 63139K(69056K)->63139K(69056K) Class: 26748K(34688K)->26748K(34688K)
[89.516s][info][gc          ] GC(57) Pause Full (System.gc()) 1607M->1607M(6144M) 1116.650ms
[90.636s][info][gc,metaspace] GC(58) Metaspace: 89888K(103744K)->89888K(103744K) NonClass: 63139K(69056K)->63139K(69056K) Class: 26748K(34688K)->26748K(34688K)
[90.636s][info][gc          ] GC(58) Pause Full (System.gc()) 1607M->1607M(6144M) 1119.623ms
[91.760s][info][gc,metaspace] GC(59) Metaspace: 89888K(103744K)->89888K(103744K) NonClass: 63139K(69056K)->63139K(69056K) Class: 26748K(34688K)->26748K(34688K)
[91.760s][info][gc          ] GC(59) Pause Full (System.gc()) 1607M->1607M(6144M) 1124.078ms
[92.875s][info][gc,metaspace] GC(60) Metaspace: 89888K(103744K)->89888K(103744K) NonClass: 63139K(69056K)->63139K(69056K) Class: 26748K(34688K)->26748K(34688K)
[92.875s][info][gc          ] GC(60) Pause Full (System.gc()) 1607M->1607M(6144M) 1114.987ms
[94.020s][info][gc,metaspace] GC(61) Metaspace: 89888K(103744K)->89888K(103744K) NonClass: 63139K(69056K)->63139K(69056K) Class: 26748K(34688K)->26748K(34688K)
[94.020s][info][gc          ] GC(61) Pause Full (System.gc()) 1607M->1607M(6144M) 1144.474ms
[95.125s][info][gc,metaspace] GC(62) Metaspace: 89888K(103744K)->89888K(103744K) NonClass: 63139K(69056K)->63139K(69056K) Class: 26748K(34688K)->26748K(34688K)
[95.125s][info][gc          ] GC(62) Pause Full (System.gc()) 1607M->1607M(6144M) 1105.239ms
[96.217s][info][gc,metaspace] GC(63) Metaspace: 89888K(103744K)->89888K(103744K) NonClass: 63139K(69056K)->63139K(69056K) Class: 26748K(34688K)->26748K(34688K)
[96.217s][info][gc          ] GC(63) Pause Full (System.gc()) 1607M->1607M(6144M) 1092.144ms
[97.319s][info][gc,metaspace] GC(64) Metaspace: 89888K(103744K)->89888K(103744K) NonClass: 63139K(69056K)->63139K(69056K) Class: 26748K(34688K)->26748K(34688K)
[97.319s][info][gc          ] GC(64) Pause Full (System.gc()) 1607M->1607M(6144M) 1101.858ms
[98.409s][info][gc,metaspace] GC(65) Metaspace: 89888K(103744K)->89888K(103744K) NonClass: 63139K(69056K)->63139K(69056K) Class: 26748K(34688K)->26748K(34688K)
[98.409s][info][gc          ] GC(65) Pause Full (System.gc()) 1607M->1607M(6144M) 1089.587ms
[99.528s][info][gc,metaspace] GC(66) Metaspace: 89888K(103744K)->89888K(103744K) NonClass: 63139K(69056K)->63139K(69056K) Class: 26748K(34688K)->26748K(34688K)
[99.528s][info][gc          ] GC(66) Pause Full (System.gc()) 1607M->1607M(6144M) 1119.035ms
[100.640s][info][gc,metaspace] GC(67) Metaspace: 89888K(103744K)->89888K(103744K) NonClass: 63139K(69056K)->63139K(69056K) Class: 26748K(34688K)->26748K(34688K)
[100.640s][info][gc          ] GC(67) Pause Full (System.gc()) 1607M->1607M(6144M) 1112.011ms
[101.750s][info][gc,metaspace] GC(68) Metaspace: 89888K(103744K)->89888K(103744K) NonClass: 63139K(69056K)->63139K(69056K) Class: 26748K(34688K)->26748K(34688K)
[101.750s][info][gc          ] GC(68) Pause Full (System.gc()) 1607M->1607M(6144M) 1110.216ms
[102.913s][info][gc,metaspace] GC(69) Metaspace: 89888K(103744K)->89888K(103744K) NonClass: 63139K(69056K)->63139K(69056K) Class: 26748K(34688K)->26748K(34688K)
[102.913s][info][gc          ] GC(69) Pause Full (System.gc()) 1607M->1607M(6144M) 1162.632ms
[104.015s][info][gc,metaspace] GC(70) Metaspace: 89888K(103744K)->89888K(103744K) NonClass: 63139K(69056K)->63139K(69056K) Class: 26748K(34688K)->26748K(34688K)
[104.015s][info][gc          ] GC(70) Pause Full (System.gc()) 1607M->1607M(6144M) 1101.701ms
[105.129s][info][gc,metaspace] GC(71) Metaspace: 89888K(103744K)->89888K(103744K) NonClass: 63139K(69056K)->63139K(69056K) Class: 26748K(34688K)->26748K(34688K)
[105.129s][info][gc          ] GC(71) Pause Full (System.gc()) 1607M->1607M(6144M) 1114.235ms
[106.242s][info][gc,metaspace] GC(72) Metaspace: 89888K(103744K)->89888K(103744K) NonClass: 63139K(69056K)->63139K(69056K) Class: 26748K(34688K)->26748K(34688K)
[106.242s][info][gc          ] GC(72) Pause Full (System.gc()) 1607M->1607M(6144M) 1112.749ms
[107.328s][info][gc,metaspace] GC(73) Metaspace: 89888K(103744K)->89888K(103744K) NonClass: 63139K(69056K)->63139K(69056K) Class: 26748K(34688K)->26748K(34688K)
[107.328s][info][gc          ] GC(73) Pause Full (System.gc()) 1607M->1607M(6144M) 1085.967ms
[108.451s][info][gc,metaspace] GC(74) Metaspace: 89888K(103744K)->89888K(103744K) NonClass: 63139K(69056K)->63139K(69056K) Class: 26748K(34688K)->26748K(34688K)
[108.451s][info][gc          ] GC(74) Pause Full (System.gc()) 1607M->1607M(6144M) 1123.392ms
[109.566s][info][gc,metaspace] GC(75) Metaspace: 89888K(103744K)->89888K(103744K) NonClass: 63139K(69056K)->63139K(69056K) Class: 26748K(34688K)->26748K(34688K)
[109.566s][info][gc          ] GC(75) Pause Full (System.gc()) 1607M->1607M(6144M) 1114.770ms
[110.671s][info][gc,metaspace] GC(76) Metaspace: 89888K(103744K)->89888K(103744K) NonClass: 63139K(69056K)->63139K(69056K) Class: 26748K(34688K)->26748K(34688K)
[110.671s][info][gc          ] GC(76) Pause Full (System.gc()) 1607M->1607M(6144M) 1104.578ms
[111.795s][info][gc,metaspace] GC(77) Metaspace: 89888K(103744K)->89888K(103744K) NonClass: 63139K(69056K)->63139K(69056K) Class: 26748K(34688K)->26748K(34688K)
[111.795s][info][gc          ] GC(77) Pause Full (System.gc()) 1607M->1607M(6144M) 1124.325ms
[112.918s][info][gc,metaspace] GC(78) Metaspace: 89888K(103744K)->89888K(103744K) NonClass: 63139K(69056K)->63139K(69056K) Class: 26748K(34688K)->26748K(34688K)
[112.918s][info][gc          ] GC(78) Pause Full (System.gc()) 1607M->1607M(6144M) 1122.725ms
[114.012s][info][gc,metaspace] GC(79) Metaspace: 89888K(103744K)->89888K(103744K) NonClass: 63139K(69056K)->63139K(69056K) Class: 26748K(34688K)->26748K(34688K)
[114.012s][info][gc          ] GC(79) Pause Full (System.gc()) 1607M->1607M(6144M) 1094.223ms
[115.138s][info][gc,metaspace] GC(80) Metaspace: 89888K(103744K)->89888K(103744K) NonClass: 63139K(69056K)->63139K(69056K) Class: 26748K(34688K)->26748K(34688K)
[115.138s][info][gc          ] GC(80) Pause Full (System.gc()) 1607M->1607M(6144M) 1125.705ms
[116.237s][info][gc,metaspace] GC(81) Metaspace: 89888K(103744K)->89888K(103744K) NonClass: 63139K(69056K)->63139K(69056K) Class: 26748K(34688K)->26748K(34688K)
[116.237s][info][gc          ] GC(81) Pause Full (System.gc()) 1607M->1607M(6144M) 1098.833ms
[117.339s][info][gc,metaspace] GC(82) Metaspace: 89888K(103744K)->89888K(103744K) NonClass: 63139K(69056K)->63139K(69056K) Class: 26748K(34688K)->26748K(34688K)
[117.339s][info][gc          ] GC(82) Pause Full (System.gc()) 1607M->1607M(6144M) 1101.804ms
After GCs... 
