Done; will start GCs... 
[109.423s][info][gc,metaspace] GC(38) Metaspace: 99334K(113472K)->99334K(113472K) NonClass: 79060K(85056K)->79060K(85056K) Class: 20273K(28416K)->20273K(28416K)
[109.423s][info][gc          ] GC(38) Pause Full (System.gc()) 840M->802M(5939M) 5105.387ms
[114.195s][info][gc,metaspace] GC(39) Metaspace: 99334K(113472K)->99334K(113472K) NonClass: 79060K(85056K)->79060K(85056K) Class: 20273K(28416K)->20273K(28416K)
[114.195s][info][gc          ] GC(39) Pause Full (System.gc()) 802M->800M(5939M) 4771.712ms
[117.718s][info][gc,metaspace] GC(40) Metaspace: 99334K(113472K)->99334K(113472K) NonClass: 79060K(85056K)->79060K(85056K) Class: 20273K(28416K)->20273K(28416K)
[117.718s][info][gc          ] GC(40) Pause Full (System.gc()) 800M->800M(5939M) 3522.567ms
[121.283s][info][gc,metaspace] GC(41) Metaspace: 99334K(113472K)->99334K(113472K) NonClass: 79060K(85056K)->79060K(85056K) Class: 20273K(28416K)->20273K(28416K)
[121.284s][info][gc          ] GC(41) Pause Full (System.gc()) 800M->800M(5939M) 3565.253ms
[124.804s][info][gc,metaspace] GC(42) Metaspace: 99334K(113472K)->99334K(113472K) NonClass: 79060K(85056K)->79060K(85056K) Class: 20273K(28416K)->20273K(28416K)
[124.804s][info][gc          ] GC(42) Pause Full (System.gc()) 800M->800M(5939M) 3519.860ms
[129.152s][info][gc,metaspace] GC(43) Metaspace: 99334K(113472K)->99334K(113472K) NonClass: 79060K(85056K)->79060K(85056K) Class: 20273K(28416K)->20273K(28416K)
[129.152s][info][gc          ] GC(43) Pause Full (System.gc()) 800M->800M(5939M) 4348.125ms
[132.672s][info][gc,metaspace] GC(44) Metaspace: 99334K(113472K)->99334K(113472K) NonClass: 79060K(85056K)->79060K(85056K) Class: 20273K(28416K)->20273K(28416K)
[132.672s][info][gc          ] GC(44) Pause Full (System.gc()) 811M->800M(5939M) 3519.775ms
[136.243s][info][gc,metaspace] GC(45) Metaspace: 99334K(113472K)->99334K(113472K) NonClass: 79060K(85056K)->79060K(85056K) Class: 20273K(28416K)->20273K(28416K)
[136.243s][info][gc          ] GC(45) Pause Full (System.gc()) 800M->800M(5939M) 3570.372ms
[139.763s][info][gc,metaspace] GC(46) Metaspace: 99334K(113472K)->99334K(113472K) NonClass: 79060K(85056K)->79060K(85056K) Class: 20273K(28416K)->20273K(28416K)
[139.763s][info][gc          ] GC(46) Pause Full (System.gc()) 800M->800M(5939M) 3520.283ms
[143.333s][info][gc,metaspace] GC(47) Metaspace: 99334K(113472K)->99334K(113472K) NonClass: 79060K(85056K)->79060K(85056K) Class: 20273K(28416K)->20273K(28416K)
[143.333s][info][gc          ] GC(47) Pause Full (System.gc()) 800M->800M(5939M) 3569.671ms
[146.904s][info][gc,metaspace] GC(48) Metaspace: 99334K(113472K)->99334K(113472K) NonClass: 79060K(85056K)->79060K(85056K) Class: 20273K(28416K)->20273K(28416K)
[146.904s][info][gc          ] GC(48) Pause Full (System.gc()) 800M->800M(5939M) 3571.058ms
[150.424s][info][gc,metaspace] GC(49) Metaspace: 99334K(113472K)->99334K(113472K) NonClass: 79060K(85056K)->79060K(85056K) Class: 20273K(28416K)->20273K(28416K)
[150.424s][info][gc          ] GC(49) Pause Full (System.gc()) 800M->800M(5939M) 3519.230ms
[153.990s][info][gc,metaspace] GC(50) Metaspace: 99334K(113472K)->99334K(113472K) NonClass: 79060K(85056K)->79060K(85056K) Class: 20273K(28416K)->20273K(28416K)
[153.990s][info][gc          ] GC(50) Pause Full (System.gc()) 800M->800M(5939M) 3565.931ms
[157.509s][info][gc,metaspace] GC(51) Metaspace: 99334K(113472K)->99334K(113472K) NonClass: 79060K(85056K)->79060K(85056K) Class: 20273K(28416K)->20273K(28416K)
[157.509s][info][gc          ] GC(51) Pause Full (System.gc()) 800M->800M(5939M) 3518.411ms
[161.100s][info][gc,metaspace] GC(52) Metaspace: 99334K(113472K)->99334K(113472K) NonClass: 79060K(85056K)->79060K(85056K) Class: 20273K(28416K)->20273K(28416K)
[161.100s][info][gc          ] GC(52) Pause Full (System.gc()) 800M->800M(5939M) 3591.238ms
[164.623s][info][gc,metaspace] GC(53) Metaspace: 99334K(113472K)->99334K(113472K) NonClass: 79060K(85056K)->79060K(85056K) Class: 20273K(28416K)->20273K(28416K)
[164.623s][info][gc          ] GC(53) Pause Full (System.gc()) 800M->800M(5939M) 3522.081ms
[168.195s][info][gc,metaspace] GC(54) Metaspace: 99334K(113472K)->99334K(113472K) NonClass: 79060K(85056K)->79060K(85056K) Class: 20273K(28416K)->20273K(28416K)
[168.195s][info][gc          ] GC(54) Pause Full (System.gc()) 800M->800M(5939M) 3572.007ms
[171.715s][info][gc,metaspace] GC(55) Metaspace: 99334K(113472K)->99334K(113472K) NonClass: 79060K(85056K)->79060K(85056K) Class: 20273K(28416K)->20273K(28416K)
[171.715s][info][gc          ] GC(55) Pause Full (System.gc()) 800M->800M(5939M) 3519.581ms
[175.285s][info][gc,metaspace] GC(56) Metaspace: 99334K(113472K)->99334K(113472K) NonClass: 79060K(85056K)->79060K(85056K) Class: 20273K(28416K)->20273K(28416K)
[175.285s][info][gc          ] GC(56) Pause Full (System.gc()) 800M->800M(5939M) 3569.593ms
[178.804s][info][gc,metaspace] GC(57) Metaspace: 99334K(113472K)->99334K(113472K) NonClass: 79060K(85056K)->79060K(85056K) Class: 20273K(28416K)->20273K(28416K)
[178.804s][info][gc          ] GC(57) Pause Full (System.gc()) 800M->800M(5939M) 3518.766ms
[182.374s][info][gc,metaspace] GC(58) Metaspace: 99334K(113472K)->99334K(113472K) NonClass: 79060K(85056K)->79060K(85056K) Class: 20273K(28416K)->20273K(28416K)
[182.375s][info][gc          ] GC(58) Pause Full (System.gc()) 800M->800M(5939M) 3570.626ms
[185.943s][info][gc,metaspace] GC(59) Metaspace: 99334K(113472K)->99334K(113472K) NonClass: 79060K(85056K)->79060K(85056K) Class: 20273K(28416K)->20273K(28416K)
[185.943s][info][gc          ] GC(59) Pause Full (System.gc()) 800M->800M(5939M) 3568.363ms
[189.466s][info][gc,metaspace] GC(60) Metaspace: 99334K(113472K)->99334K(113472K) NonClass: 79060K(85056K)->79060K(85056K) Class: 20273K(28416K)->20273K(28416K)
[189.466s][info][gc          ] GC(60) Pause Full (System.gc()) 800M->800M(5939M) 3522.334ms
[193.033s][info][gc,metaspace] GC(61) Metaspace: 99334K(113472K)->99334K(113472K) NonClass: 79060K(85056K)->79060K(85056K) Class: 20273K(28416K)->20273K(28416K)
[193.033s][info][gc          ] GC(61) Pause Full (System.gc()) 800M->800M(5939M) 3566.759ms
[196.552s][info][gc,metaspace] GC(62) Metaspace: 99334K(113472K)->99334K(113472K) NonClass: 79060K(85056K)->79060K(85056K) Class: 20273K(28416K)->20273K(28416K)
[196.553s][info][gc          ] GC(62) Pause Full (System.gc()) 811M->800M(5939M) 3519.431ms
[200.123s][info][gc,metaspace] GC(63) Metaspace: 99334K(113472K)->99334K(113472K) NonClass: 79060K(85056K)->79060K(85056K) Class: 20273K(28416K)->20273K(28416K)
[200.123s][info][gc          ] GC(63) Pause Full (System.gc()) 800M->800M(5939M) 3570.242ms
[203.653s][info][gc,metaspace] GC(64) Metaspace: 99334K(113472K)->99334K(113472K) NonClass: 79060K(85056K)->79060K(85056K) Class: 20273K(28416K)->20273K(28416K)
[203.654s][info][gc          ] GC(64) Pause Full (System.gc()) 800M->800M(5939M) 3530.317ms
[207.238s][info][gc,metaspace] GC(65) Metaspace: 99334K(113472K)->99334K(113472K) NonClass: 79060K(85056K)->79060K(85056K) Class: 20273K(28416K)->20273K(28416K)
[207.238s][info][gc          ] GC(65) Pause Full (System.gc()) 800M->800M(5939M) 3584.304ms
[210.777s][info][gc,metaspace] GC(66) Metaspace: 99334K(113472K)->99334K(113472K) NonClass: 79060K(85056K)->79060K(85056K) Class: 20273K(28416K)->20273K(28416K)
[210.777s][info][gc          ] GC(66) Pause Full (System.gc()) 800M->800M(5939M) 3538.769ms
[214.354s][info][gc,metaspace] GC(67) Metaspace: 99334K(113472K)->99334K(113472K) NonClass: 79060K(85056K)->79060K(85056K) Class: 20273K(28416K)->20273K(28416K)
[214.354s][info][gc          ] GC(67) Pause Full (System.gc()) 800M->800M(5939M) 3576.851ms
[217.931s][info][gc,metaspace] GC(68) Metaspace: 99334K(113472K)->99334K(113472K) NonClass: 79060K(85056K)->79060K(85056K) Class: 20273K(28416K)->20273K(28416K)
[217.931s][info][gc          ] GC(68) Pause Full (System.gc()) 800M->800M(5939M) 3576.463ms
[221.454s][info][gc,metaspace] GC(69) Metaspace: 99334K(113472K)->99334K(113472K) NonClass: 79060K(85056K)->79060K(85056K) Class: 20273K(28416K)->20273K(28416K)
[221.454s][info][gc          ] GC(69) Pause Full (System.gc()) 800M->800M(5939M) 3522.447ms
[225.033s][info][gc,metaspace] GC(70) Metaspace: 99334K(113472K)->99334K(113472K) NonClass: 79060K(85056K)->79060K(85056K) Class: 20273K(28416K)->20273K(28416K)
[225.033s][info][gc          ] GC(70) Pause Full (System.gc()) 800M->800M(5939M) 3578.993ms
[228.557s][info][gc,metaspace] GC(71) Metaspace: 99334K(113472K)->99334K(113472K) NonClass: 79060K(85056K)->79060K(85056K) Class: 20273K(28416K)->20273K(28416K)
[228.557s][info][gc          ] GC(71) Pause Full (System.gc()) 800M->800M(5939M) 3523.594ms
[232.126s][info][gc,metaspace] GC(72) Metaspace: 99334K(113472K)->99334K(113472K) NonClass: 79060K(85056K)->79060K(85056K) Class: 20273K(28416K)->20273K(28416K)
[232.126s][info][gc          ] GC(72) Pause Full (System.gc()) 800M->800M(5939M) 3569.317ms
[235.644s][info][gc,metaspace] GC(73) Metaspace: 99334K(113472K)->99334K(113472K) NonClass: 79060K(85056K)->79060K(85056K) Class: 20273K(28416K)->20273K(28416K)
[235.644s][info][gc          ] GC(73) Pause Full (System.gc()) 800M->800M(5939M) 3517.299ms
[239.220s][info][gc,metaspace] GC(74) Metaspace: 99334K(113472K)->99334K(113472K) NonClass: 79060K(85056K)->79060K(85056K) Class: 20273K(28416K)->20273K(28416K)
[239.220s][info][gc          ] GC(74) Pause Full (System.gc()) 800M->800M(5939M) 3575.697ms
[242.739s][info][gc,metaspace] GC(75) Metaspace: 99334K(113472K)->99334K(113472K) NonClass: 79060K(85056K)->79060K(85056K) Class: 20273K(28416K)->20273K(28416K)
[242.739s][info][gc          ] GC(75) Pause Full (System.gc()) 800M->800M(5939M) 3518.957ms
[246.309s][info][gc,metaspace] GC(76) Metaspace: 99334K(113472K)->99334K(113472K) NonClass: 79060K(85056K)->79060K(85056K) Class: 20273K(28416K)->20273K(28416K)
[246.309s][info][gc          ] GC(76) Pause Full (System.gc()) 800M->800M(5939M) 3569.394ms
[249.878s][info][gc,metaspace] GC(77) Metaspace: 99334K(113472K)->99334K(113472K) NonClass: 79060K(85056K)->79060K(85056K) Class: 20273K(28416K)->20273K(28416K)
[249.879s][info][gc          ] GC(77) Pause Full (System.gc()) 800M->800M(5939M) 3569.509ms
[253.400s][info][gc,metaspace] GC(78) Metaspace: 99334K(113472K)->99334K(113472K) NonClass: 79060K(85056K)->79060K(85056K) Class: 20273K(28416K)->20273K(28416K)
[253.400s][info][gc          ] GC(78) Pause Full (System.gc()) 800M->800M(5939M) 3521.646ms
[256.971s][info][gc,metaspace] GC(79) Metaspace: 99334K(113472K)->99334K(113472K) NonClass: 79060K(85056K)->79060K(85056K) Class: 20273K(28416K)->20273K(28416K)
[256.971s][info][gc          ] GC(79) Pause Full (System.gc()) 800M->800M(5939M) 3569.982ms
[260.490s][info][gc,metaspace] GC(80) Metaspace: 99334K(113472K)->99334K(113472K) NonClass: 79060K(85056K)->79060K(85056K) Class: 20273K(28416K)->20273K(28416K)
[260.490s][info][gc          ] GC(80) Pause Full (System.gc()) 811M->800M(5939M) 3519.028ms
[264.057s][info][gc,metaspace] GC(81) Metaspace: 99334K(113472K)->99334K(113472K) NonClass: 79060K(85056K)->79060K(85056K) Class: 20273K(28416K)->20273K(28416K)
[264.057s][info][gc          ] GC(81) Pause Full (System.gc()) 800M->800M(5939M) 3566.849ms
[267.581s][info][gc,metaspace] GC(82) Metaspace: 99334K(113472K)->99334K(113472K) NonClass: 79060K(85056K)->79060K(85056K) Class: 20273K(28416K)->20273K(28416K)
[267.581s][info][gc          ] GC(82) Pause Full (System.gc()) 800M->800M(5939M) 3523.390ms
[271.147s][info][gc,metaspace] GC(83) Metaspace: 99334K(113472K)->99334K(113472K) NonClass: 79060K(85056K)->79060K(85056K) Class: 20273K(28416K)->20273K(28416K)
[271.147s][info][gc          ] GC(83) Pause Full (System.gc()) 800M->800M(5939M) 3565.492ms
[274.665s][info][gc,metaspace] GC(84) Metaspace: 99334K(113472K)->99334K(113472K) NonClass: 79060K(85056K)->79060K(85056K) Class: 20273K(28416K)->20273K(28416K)
[274.665s][info][gc          ] GC(84) Pause Full (System.gc()) 800M->800M(5939M) 3518.121ms
[278.235s][info][gc,metaspace] GC(85) Metaspace: 99334K(113472K)->99334K(113472K) NonClass: 79060K(85056K)->79060K(85056K) Class: 20273K(28416K)->20273K(28416K)
[278.235s][info][gc          ] GC(85) Pause Full (System.gc()) 800M->800M(5939M) 3569.435ms
[281.753s][info][gc,metaspace] GC(86) Metaspace: 99334K(113472K)->99334K(113472K) NonClass: 79060K(85056K)->79060K(85056K) Class: 20273K(28416K)->20273K(28416K)
[281.753s][info][gc          ] GC(86) Pause Full (System.gc()) 800M->800M(5939M) 3518.104ms
[285.324s][info][gc,metaspace] GC(87) Metaspace: 99334K(113472K)->99334K(113472K) NonClass: 79060K(85056K)->79060K(85056K) Class: 20273K(28416K)->20273K(28416K)
[285.324s][info][gc          ] GC(87) Pause Full (System.gc()) 800M->800M(5939M) 3570.418ms
[288.901s][info][gc,metaspace] GC(88) Metaspace: 99334K(113472K)->99334K(113472K) NonClass: 79060K(85056K)->79060K(85056K) Class: 20273K(28416K)->20273K(28416K)
[288.901s][info][gc          ] GC(88) Pause Full (System.gc()) 800M->800M(5939M) 3576.856ms
[292.658s][info][gc,metaspace] GC(89) Metaspace: 99334K(113472K)->99334K(113472K) NonClass: 79060K(85056K)->79060K(85056K) Class: 20273K(28416K)->20273K(28416K)
[292.658s][info][gc          ] GC(89) Pause Full (System.gc()) 800M->800M(5939M) 3756.977ms
[296.228s][info][gc,metaspace] GC(90) Metaspace: 99334K(113472K)->99334K(113472K) NonClass: 79060K(85056K)->79060K(85056K) Class: 20273K(28416K)->20273K(28416K)
[296.228s][info][gc          ] GC(90) Pause Full (System.gc()) 800M->800M(5939M) 3569.545ms
[299.746s][info][gc,metaspace] GC(91) Metaspace: 99334K(113472K)->99334K(113472K) NonClass: 79060K(85056K)->79060K(85056K) Class: 20273K(28416K)->20273K(28416K)
[299.746s][info][gc          ] GC(91) Pause Full (System.gc()) 800M->800M(5939M) 3518.184ms
[303.316s][info][gc,metaspace] GC(92) Metaspace: 99334K(113472K)->99334K(113472K) NonClass: 79060K(85056K)->79060K(85056K) Class: 20273K(28416K)->20273K(28416K)
[303.316s][info][gc          ] GC(92) Pause Full (System.gc()) 800M->800M(5939M) 3569.700ms
[306.881s][info][gc,metaspace] GC(93) Metaspace: 99334K(113472K)->99334K(113472K) NonClass: 79060K(85056K)->79060K(85056K) Class: 20273K(28416K)->20273K(28416K)
[306.882s][info][gc          ] GC(93) Pause Full (System.gc()) 800M->800M(5939M) 3565.245ms
[310.640s][info][gc,metaspace] GC(94) Metaspace: 99334K(113472K)->99334K(113472K) NonClass: 79060K(85056K)->79060K(85056K) Class: 20273K(28416K)->20273K(28416K)
[310.640s][info][gc          ] GC(94) Pause Full (System.gc()) 800M->800M(5939M) 3758.443ms
[314.210s][info][gc,metaspace] GC(95) Metaspace: 99334K(113472K)->99334K(113472K) NonClass: 79060K(85056K)->79060K(85056K) Class: 20273K(28416K)->20273K(28416K)
[314.210s][info][gc          ] GC(95) Pause Full (System.gc()) 800M->800M(5939M) 3569.267ms
[317.729s][info][gc,metaspace] GC(96) Metaspace: 99334K(113472K)->99334K(113472K) NonClass: 79060K(85056K)->79060K(85056K) Class: 20273K(28416K)->20273K(28416K)
[317.730s][info][gc          ] GC(96) Pause Full (System.gc()) 800M->800M(5939M) 3519.685ms
[321.300s][info][gc,metaspace] GC(97) Metaspace: 99334K(113472K)->99334K(113472K) NonClass: 79060K(85056K)->79060K(85056K) Class: 20273K(28416K)->20273K(28416K)
[321.300s][info][gc          ] GC(97) Pause Full (System.gc()) 800M->800M(5939M) 3569.758ms
[324.819s][info][gc,metaspace] GC(98) Metaspace: 99334K(113472K)->99334K(113472K) NonClass: 79060K(85056K)->79060K(85056K) Class: 20273K(28416K)->20273K(28416K)
[324.819s][info][gc          ] GC(98) Pause Full (System.gc()) 811M->800M(5939M) 3519.355ms
[328.389s][info][gc,metaspace] GC(99) Metaspace: 99334K(113472K)->99334K(113472K) NonClass: 79060K(85056K)->79060K(85056K) Class: 20273K(28416K)->20273K(28416K)
[328.390s][info][gc          ] GC(99) Pause Full (System.gc()) 800M->800M(5939M) 3569.916ms
[331.959s][info][gc,metaspace] GC(100) Metaspace: 99334K(113472K)->99334K(113472K) NonClass: 79060K(85056K)->79060K(85056K) Class: 20273K(28416K)->20273K(28416K)
[331.959s][info][gc          ] GC(100) Pause Full (System.gc()) 800M->800M(5939M) 3569.175ms
[335.504s][info][gc,metaspace] GC(101) Metaspace: 99334K(113472K)->99334K(113472K) NonClass: 79060K(85056K)->79060K(85056K) Class: 20273K(28416K)->20273K(28416K)
[335.504s][info][gc          ] GC(101) Pause Full (System.gc()) 800M->800M(5939M) 3544.879ms
[339.071s][info][gc,metaspace] GC(102) Metaspace: 99334K(113472K)->99334K(113472K) NonClass: 79060K(85056K)->79060K(85056K) Class: 20273K(28416K)->20273K(28416K)
[339.071s][info][gc          ] GC(102) Pause Full (System.gc()) 800M->800M(5939M) 3566.720ms
[342.593s][info][gc,metaspace] GC(103) Metaspace: 99334K(113472K)->99334K(113472K) NonClass: 79060K(85056K)->79060K(85056K) Class: 20273K(28416K)->20273K(28416K)
[342.593s][info][gc          ] GC(103) Pause Full (System.gc()) 800M->800M(5939M) 3521.549ms
[346.159s][info][gc,metaspace] GC(104) Metaspace: 99334K(113472K)->99334K(113472K) NonClass: 79060K(85056K)->79060K(85056K) Class: 20273K(28416K)->20273K(28416K)
[346.159s][info][gc          ] GC(104) Pause Full (System.gc()) 800M->800M(5939M) 3566.223ms
[349.679s][info][gc,metaspace] GC(105) Metaspace: 99334K(113472K)->99334K(113472K) NonClass: 79060K(85056K)->79060K(85056K) Class: 20273K(28416K)->20273K(28416K)
[349.679s][info][gc          ] GC(105) Pause Full (System.gc()) 800M->800M(5939M) 3519.429ms
[353.250s][info][gc,metaspace] GC(106) Metaspace: 99334K(113472K)->99334K(113472K) NonClass: 79060K(85056K)->79060K(85056K) Class: 20273K(28416K)->20273K(28416K)
[353.251s][info][gc          ] GC(106) Pause Full (System.gc()) 800M->800M(5939M) 3571.526ms
[356.771s][info][gc,metaspace] GC(107) Metaspace: 99334K(113472K)->99334K(113472K) NonClass: 79060K(85056K)->79060K(85056K) Class: 20273K(28416K)->20273K(28416K)
[356.771s][info][gc          ] GC(107) Pause Full (System.gc()) 800M->800M(5939M) 3520.192ms
[360.343s][info][gc,metaspace] GC(108) Metaspace: 99334K(113472K)->99334K(113472K) NonClass: 79060K(85056K)->79060K(85056K) Class: 20273K(28416K)->20273K(28416K)
[360.343s][info][gc          ] GC(108) Pause Full (System.gc()) 800M->800M(5939M) 3571.965ms
[363.914s][info][gc,metaspace] GC(109) Metaspace: 99334K(113472K)->99334K(113472K) NonClass: 79060K(85056K)->79060K(85056K) Class: 20273K(28416K)->20273K(28416K)
[363.914s][info][gc          ] GC(109) Pause Full (System.gc()) 800M->800M(5939M) 3570.918ms
[367.666s][info][gc,metaspace] GC(110) Metaspace: 99334K(113472K)->99334K(113472K) NonClass: 79060K(85056K)->79060K(85056K) Class: 20273K(28416K)->20273K(28416K)
[367.666s][info][gc          ] GC(110) Pause Full (System.gc()) 800M->800M(5939M) 3751.638ms
[371.237s][info][gc,metaspace] GC(111) Metaspace: 99334K(113472K)->99334K(113472K) NonClass: 79060K(85056K)->79060K(85056K) Class: 20273K(28416K)->20273K(28416K)
[371.237s][info][gc          ] GC(111) Pause Full (System.gc()) 800M->800M(5939M) 3570.714ms
[374.757s][info][gc,metaspace] GC(112) Metaspace: 99334K(113472K)->99334K(113472K) NonClass: 79060K(85056K)->79060K(85056K) Class: 20273K(28416K)->20273K(28416K)
[374.758s][info][gc          ] GC(112) Pause Full (System.gc()) 800M->800M(5939M) 3520.169ms
[378.330s][info][gc,metaspace] GC(113) Metaspace: 99334K(113472K)->99334K(113472K) NonClass: 79060K(85056K)->79060K(85056K) Class: 20273K(28416K)->20273K(28416K)
[378.330s][info][gc          ] GC(113) Pause Full (System.gc()) 800M->800M(5939M) 3572.174ms
[381.897s][info][gc,metaspace] GC(114) Metaspace: 99334K(113472K)->99334K(113472K) NonClass: 79060K(85056K)->79060K(85056K) Class: 20273K(28416K)->20273K(28416K)
[381.897s][info][gc          ] GC(114) Pause Full (System.gc()) 800M->800M(5939M) 3566.895ms
[385.417s][info][gc,metaspace] GC(115) Metaspace: 99334K(113472K)->99334K(113472K) NonClass: 79060K(85056K)->79060K(85056K) Class: 20273K(28416K)->20273K(28416K)
[385.417s][info][gc          ] GC(115) Pause Full (System.gc()) 800M->800M(5939M) 3519.634ms
[388.992s][info][gc,metaspace] GC(116) Metaspace: 99334K(113472K)->99334K(113472K) NonClass: 79060K(85056K)->79060K(85056K) Class: 20273K(28416K)->20273K(28416K)
[388.992s][info][gc          ] GC(116) Pause Full (System.gc()) 811M->800M(5939M) 3574.320ms
[392.512s][info][gc,metaspace] GC(117) Metaspace: 99334K(113472K)->99334K(113472K) NonClass: 79060K(85056K)->79060K(85056K) Class: 20273K(28416K)->20273K(28416K)
[392.512s][info][gc          ] GC(117) Pause Full (System.gc()) 800M->800M(5939M) 3520.209ms
[396.083s][info][gc,metaspace] GC(118) Metaspace: 99334K(113472K)->99334K(113472K) NonClass: 79060K(85056K)->79060K(85056K) Class: 20273K(28416K)->20273K(28416K)
[396.083s][info][gc          ] GC(118) Pause Full (System.gc()) 800M->800M(5939M) 3570.864ms
[399.604s][info][gc,metaspace] GC(119) Metaspace: 99334K(113472K)->99334K(113472K) NonClass: 79060K(85056K)->79060K(85056K) Class: 20273K(28416K)->20273K(28416K)
[399.604s][info][gc          ] GC(119) Pause Full (System.gc()) 800M->800M(5939M) 3520.241ms
[403.176s][info][gc,metaspace] GC(120) Metaspace: 99334K(113472K)->99334K(113472K) NonClass: 79060K(85056K)->79060K(85056K) Class: 20273K(28416K)->20273K(28416K)
[403.176s][info][gc          ] GC(120) Pause Full (System.gc()) 800M->800M(5939M) 3571.920ms
[406.697s][info][gc,metaspace] GC(121) Metaspace: 99334K(113472K)->99334K(113472K) NonClass: 79060K(85056K)->79060K(85056K) Class: 20273K(28416K)->20273K(28416K)
[406.697s][info][gc          ] GC(121) Pause Full (System.gc()) 800M->800M(5939M) 3520.971ms
[410.268s][info][gc,metaspace] GC(122) Metaspace: 99334K(113472K)->99334K(113472K) NonClass: 79060K(85056K)->79060K(85056K) Class: 20273K(28416K)->20273K(28416K)
[410.268s][info][gc          ] GC(122) Pause Full (System.gc()) 800M->800M(5939M) 3570.901ms
[413.789s][info][gc,metaspace] GC(123) Metaspace: 99334K(113472K)->99334K(113472K) NonClass: 79060K(85056K)->79060K(85056K) Class: 20273K(28416K)->20273K(28416K)
[413.789s][info][gc          ] GC(123) Pause Full (System.gc()) 800M->800M(5939M) 3520.448ms
[417.364s][info][gc,metaspace] GC(124) Metaspace: 99334K(113472K)->99334K(113472K) NonClass: 79060K(85056K)->79060K(85056K) Class: 20273K(28416K)->20273K(28416K)
[417.364s][info][gc          ] GC(124) Pause Full (System.gc()) 800M->800M(5939M) 3575.432ms
[420.932s][info][gc,metaspace] GC(125) Metaspace: 99334K(113472K)->99334K(113472K) NonClass: 79060K(85056K)->79060K(85056K) Class: 20273K(28416K)->20273K(28416K)
[420.933s][info][gc          ] GC(125) Pause Full (System.gc()) 800M->800M(5939M) 3567.777ms
[424.453s][info][gc,metaspace] GC(126) Metaspace: 99334K(113472K)->99334K(113472K) NonClass: 79060K(85056K)->79060K(85056K) Class: 20273K(28416K)->20273K(28416K)
[424.453s][info][gc          ] GC(126) Pause Full (System.gc()) 800M->800M(5939M) 3520.205ms
[428.024s][info][gc,metaspace] GC(127) Metaspace: 99334K(113472K)->99334K(113472K) NonClass: 79060K(85056K)->79060K(85056K) Class: 20273K(28416K)->20273K(28416K)
[428.024s][info][gc          ] GC(127) Pause Full (System.gc()) 800M->800M(5939M) 3570.965ms
[431.544s][info][gc,metaspace] GC(128) Metaspace: 99334K(113472K)->99334K(113472K) NonClass: 79060K(85056K)->79060K(85056K) Class: 20273K(28416K)->20273K(28416K)
[431.544s][info][gc          ] GC(128) Pause Full (System.gc()) 800M->800M(5939M) 3519.569ms
[435.116s][info][gc,metaspace] GC(129) Metaspace: 99334K(113472K)->99334K(113472K) NonClass: 79060K(85056K)->79060K(85056K) Class: 20273K(28416K)->20273K(28416K)
[435.116s][info][gc          ] GC(129) Pause Full (System.gc()) 800M->800M(5939M) 3567.181ms
[438.637s][info][gc,metaspace] GC(130) Metaspace: 99334K(113472K)->99334K(113472K) NonClass: 79060K(85056K)->79060K(85056K) Class: 20273K(28416K)->20273K(28416K)
[438.637s][info][gc          ] GC(130) Pause Full (System.gc()) 800M->800M(5939M) 3520.873ms
[442.214s][info][gc,metaspace] GC(131) Metaspace: 99334K(113472K)->99334K(113472K) NonClass: 79060K(85056K)->79060K(85056K) Class: 20273K(28416K)->20273K(28416K)
[442.214s][info][gc          ] GC(131) Pause Full (System.gc()) 800M->800M(5939M) 3576.924ms
[445.735s][info][gc,metaspace] GC(132) Metaspace: 99334K(113472K)->99334K(113472K) NonClass: 79060K(85056K)->79060K(85056K) Class: 20273K(28416K)->20273K(28416K)
[445.735s][info][gc          ] GC(132) Pause Full (System.gc()) 800M->800M(5939M) 3520.347ms
[449.308s][info][gc,metaspace] GC(133) Metaspace: 99334K(113472K)->99334K(113472K) NonClass: 79060K(85056K)->79060K(85056K) Class: 20273K(28416K)->20273K(28416K)
[449.308s][info][gc          ] GC(133) Pause Full (System.gc()) 800M->800M(5939M) 3572.935ms
[452.877s][info][gc,metaspace] GC(134) Metaspace: 99334K(113472K)->99334K(113472K) NonClass: 79060K(85056K)->79060K(85056K) Class: 20273K(28416K)->20273K(28416K)
[452.877s][info][gc          ] GC(134) Pause Full (System.gc()) 811M->800M(5939M) 3568.624ms
[456.812s][info][gc,metaspace] GC(135) Metaspace: 99334K(113472K)->99334K(113472K) NonClass: 79060K(85056K)->79060K(85056K) Class: 20273K(28416K)->20273K(28416K)
[456.813s][info][gc          ] GC(135) Pause Full (System.gc()) 800M->800M(5939M) 3935.500ms
[460.380s][info][gc,metaspace] GC(136) Metaspace: 99334K(113472K)->99334K(113472K) NonClass: 79060K(85056K)->79060K(85056K) Class: 20273K(28416K)->20273K(28416K)
[460.380s][info][gc          ] GC(136) Pause Full (System.gc()) 800M->800M(5939M) 3567.437ms
[463.952s][info][gc,metaspace] GC(137) Metaspace: 99334K(113472K)->99334K(113472K) NonClass: 79060K(85056K)->79060K(85056K) Class: 20273K(28416K)->20273K(28416K)
[463.952s][info][gc          ] GC(137) Pause Full (System.gc()) 800M->800M(5939M) 3571.957ms
After GCs... 
