[0.001s][info][metaspace]  - commit_granule_bytes: 65536.
[0.001s][info][metaspace]  - commit_granule_words: 8192.
[0.001s][info][metaspace]  - virtual_space_node_default_size: 8388608.
[0.001s][info][metaspace]  - enlarge_chunks_in_place: 1.
[0.001s][info][metaspace]  - use_allocation_guard: 0.
[0.005s][info][gc       ] Using Serial
[1.731s][info][metaspace] Reserving compressed class space anywhere
[1.736s][info][gc,metaspace] CDS archive(s) not mapped
[1.736s][info][gc,metaspace] Compressed class space mapped at: 0x0000000025000000-0x00000000e5000000, reserved size: 3221225472
[1.736s][info][gc,metaspace] UseCompressedClassPointers 1, UseCompactObjectHeaders 1, narrow klass pointer bits 22, max shift 10
[1.736s][info][gc,metaspace] Narrow klass base: 0x0000000025000000, Narrow klass shift: 10, Narrow klass range: 0xc0000000
Num Classes: 16384
Num Objects per Class: 4096
Cycles: 100
Class association: random
Generate 16384 classes...[3.815s][info][gc,metaspace] GC(0) Metaspace: 22616K(22912K)->22616K(22912K) NonClass: 18894K(19072K)->18894K(19072K) Class: 3721K(3840K)->3721K(3840K)
[3.815s][info][gc          ] GC(0) Pause Young (Allocation Failure) 1638M->3M(5939M) 13.254ms
[5.116s][info][gc,metaspace] GC(1) Metaspace: 23400K(23680K)->23400K(23680K) NonClass: 19678K(19840K)->19678K(19840K) Class: 3721K(3840K)->3721K(3840K)
[5.116s][info][gc          ] GC(1) Pause Young (Allocation Failure) 1641M->4M(5939M) 9.626ms
[6.335s][info][gc,metaspace] GC(2) Metaspace: 23445K(23744K)->23445K(23744K) NonClass: 19723K(19904K)->19723K(19904K) Class: 3721K(3840K)->3721K(3840K)
[6.335s][info][gc          ] GC(2) Pause Young (Allocation Failure) 1643M->4M(5939M) 14.616ms
[7.603s][info][gc,metaspace] GC(3) Metaspace: 23537K(23808K)->23537K(23808K) NonClass: 19815K(19968K)->19815K(19968K) Class: 3721K(3840K)->3721K(3840K)
[7.603s][info][gc          ] GC(3) Pause Young (Allocation Failure) 1643M->5M(5939M) 17.719ms
[8.727s][info][gc,metaspace] GC(4) Metaspace: 23626K(23936K)->23626K(23936K) NonClass: 19903K(20096K)->19903K(20096K) Class: 3722K(3840K)->3722K(3840K)
[8.727s][info][gc          ] GC(4) Pause Young (Allocation Failure) 1644M->5M(5939M) 17.370ms
[9.826s][info][gc,metaspace] GC(5) Metaspace: 23700K(24000K)->23700K(24000K) NonClass: 19976K(20160K)->19976K(20160K) Class: 3723K(3840K)->3723K(3840K)
[9.826s][info][gc          ] GC(5) Pause Young (Allocation Failure) 1644M->6M(5939M) 18.477ms
[10.909s][info][gc,metaspace] GC(6) Metaspace: 23700K(24000K)->23700K(24000K) NonClass: 19976K(20160K)->19976K(20160K) Class: 3723K(3840K)->3723K(3840K)
[10.909s][info][gc          ] GC(6) Pause Young (Allocation Failure) 1644M->6M(5939M) 18.179ms
[11.989s][info][gc,metaspace] GC(7) Metaspace: 23700K(24000K)->23700K(24000K) NonClass: 19976K(20160K)->19976K(20160K) Class: 3723K(3840K)->3723K(3840K)
[11.989s][info][gc          ] GC(7) Pause Young (Allocation Failure) 1644M->7M(5939M) 20.733ms
[13.059s][info][gc,metaspace] GC(8) Metaspace: 23700K(24000K)->23700K(24000K) NonClass: 19976K(20160K)->19976K(20160K) Class: 3723K(3840K)->3723K(3840K)
[13.059s][info][gc          ] GC(8) Pause Young (Allocation Failure) 1646M->7M(5939M) 20.905ms
[14.129s][info][gc,metaspace] GC(9) Metaspace: 23700K(24000K)->23700K(24000K) NonClass: 19976K(20160K)->19976K(20160K) Class: 3723K(3840K)->3723K(3840K)
[14.129s][info][gc          ] GC(9) Pause Young (Allocation Failure) 1646M->8M(5939M) 20.943ms
[15.185s][info][gc,metaspace] GC(10) Metaspace: 23700K(24000K)->23700K(24000K) NonClass: 19976K(20160K)->19976K(20160K) Class: 3723K(3840K)->3723K(3840K)
[15.185s][info][gc          ] GC(10) Pause Young (Allocation Failure) 1646M->8M(5939M) 13.404ms
[16.255s][info][gc,metaspace] GC(11) Metaspace: 23700K(24000K)->23700K(24000K) NonClass: 19976K(20160K)->19976K(20160K) Class: 3723K(3840K)->3723K(3840K)
[16.255s][info][gc          ] GC(11) Pause Young (Allocation Failure) 1647M->8M(5939M) 21.604ms
[17.391s][info][gc,metaspace] GC(12) Metaspace: 23700K(24000K)->23700K(24000K) NonClass: 19976K(20160K)->19976K(20160K) Class: 3723K(3840K)->3723K(3840K)
[17.391s][info][gc          ] GC(12) Pause Young (Allocation Failure) 1647M->9M(5939M) 22.167ms
[18.521s][info][gc,metaspace] GC(13) Metaspace: 23700K(24000K)->23700K(24000K) NonClass: 19976K(20160K)->19976K(20160K) Class: 3723K(3840K)->3723K(3840K)
[18.521s][info][gc          ] GC(13) Pause Young (Allocation Failure) 1647M->9M(5939M) 22.948ms
[19.624s][info][gc,metaspace] GC(14) Metaspace: 23700K(24000K)->23700K(24000K) NonClass: 19976K(20160K)->19976K(20160K) Class: 3723K(3840K)->3723K(3840K)
[19.624s][info][gc          ] GC(14) Pause Young (Allocation Failure) 1648M->10M(5939M) 23.401ms
[20.661s][info][gc,metaspace] GC(15) Metaspace: 23700K(24000K)->23700K(24000K) NonClass: 19976K(20160K)->19976K(20160K) Class: 3723K(3840K)->3723K(3840K)
[20.661s][info][gc          ] GC(15) Pause Young (Allocation Failure) 1648M->10M(5939M) 24.280ms
[21.682s][info][gc,metaspace] GC(16) Metaspace: 23700K(24000K)->23700K(24000K) NonClass: 19976K(20160K)->19976K(20160K) Class: 3723K(3840K)->3723K(3840K)
[21.682s][info][gc          ] GC(16) Pause Young (Allocation Failure) 1649M->11M(5939M) 10.370ms
[22.709s][info][gc,metaspace] GC(17) Metaspace: 23700K(24000K)->23700K(24000K) NonClass: 19976K(20160K)->19976K(20160K) Class: 3723K(3840K)->3723K(3840K)
[22.709s][info][gc          ] GC(17) Pause Young (Allocation Failure) 1649M->11M(5939M) 10.422ms
[23.736s][info][gc,metaspace] GC(18) Metaspace: 23700K(24000K)->23700K(24000K) NonClass: 19976K(20160K)->19976K(20160K) Class: 3723K(3840K)->3723K(3840K)
[23.736s][info][gc          ] GC(18) Pause Young (Allocation Failure) 1650M->12M(5939M) 10.598ms
[24.754s][info][gc,metaspace] GC(19) Metaspace: 23700K(24000K)->23700K(24000K) NonClass: 19976K(20160K)->19976K(20160K) Class: 3723K(3840K)->3723K(3840K)
[24.754s][info][gc          ] GC(19) Pause Young (Allocation Failure) 1650M->11M(5939M) 4.965ms
[25.779s][info][gc,metaspace] GC(20) Metaspace: 23700K(24000K)->23700K(24000K) NonClass: 19976K(20160K)->19976K(20160K) Class: 3723K(3840K)->3723K(3840K)
[25.779s][info][gc          ] GC(20) Pause Young (Allocation Failure) 1650M->12M(5939M) 8.878ms
[26.799s][info][gc,metaspace] GC(21) Metaspace: 23700K(24000K)->23700K(24000K) NonClass: 19976K(20160K)->19976K(20160K) Class: 3723K(3840K)->3723K(3840K)
[26.799s][info][gc          ] GC(21) Pause Young (Allocation Failure) 1650M->13M(5939M) 9.648ms
[27.818s][info][gc,metaspace] GC(22) Metaspace: 23700K(24000K)->23700K(24000K) NonClass: 19976K(20160K)->19976K(20160K) Class: 3723K(3840K)->3723K(3840K)
[27.818s][info][gc          ] GC(22) Pause Young (Allocation Failure) 1651M->13M(5939M) 10.145ms
[28.831s][info][gc,metaspace] GC(23) Metaspace: 23700K(24000K)->23700K(24000K) NonClass: 19976K(20160K)->19976K(20160K) Class: 3723K(3840K)->3723K(3840K)
[28.831s][info][gc          ] GC(23) Pause Young (Allocation Failure) 1652M->14M(5939M) 6.681ms
[29.853s][info][gc,metaspace] GC(24) Metaspace: 23700K(24000K)->23700K(24000K) NonClass: 19976K(20160K)->19976K(20160K) Class: 3723K(3840K)->3723K(3840K)
[29.853s][info][gc          ] GC(24) Pause Young (Allocation Failure) 1652M->13M(5939M) 8.019ms
[30.873s][info][gc,metaspace] GC(25) Metaspace: 23700K(24000K)->23700K(24000K) NonClass: 19976K(20160K)->19976K(20160K) Class: 3723K(3840K)->3723K(3840K)
[30.873s][info][gc          ] GC(25) Pause Young (Allocation Failure) 1652M->14M(5939M) 9.090ms
[31.889s][info][gc,metaspace] GC(26) Metaspace: 23700K(24000K)->23700K(24000K) NonClass: 19976K(20160K)->19976K(20160K) Class: 3723K(3840K)->3723K(3840K)
[31.889s][info][gc          ] GC(26) Pause Young (Allocation Failure) 1653M->15M(5939M) 9.910ms
[32.909s][info][gc,metaspace] GC(27) Metaspace: 23700K(24000K)->23700K(24000K) NonClass: 19976K(20160K)->19976K(20160K) Class: 3723K(3840K)->3723K(3840K)
[32.909s][info][gc          ] GC(27) Pause Young (Allocation Failure) 1653M->15M(5939M) 10.682ms
[33.918s][info][gc,metaspace] GC(28) Metaspace: 23700K(24000K)->23700K(24000K) NonClass: 19976K(20160K)->19976K(20160K) Class: 3723K(3840K)->3723K(3840K)
[33.918s][info][gc          ] GC(28) Pause Young (Allocation Failure) 1654M->16M(5939M) 6.758ms
[34.926s][info][gc,metaspace] GC(29) Metaspace: 23700K(24000K)->23700K(24000K) NonClass: 19976K(20160K)->19976K(20160K) Class: 3723K(3840K)->3723K(3840K)
[34.926s][info][gc          ] GC(29) Pause Young (Allocation Failure) 1655M->16M(5939M) 5.225ms
[35.943s][info][gc,metaspace] GC(30) Metaspace: 23700K(24000K)->23700K(24000K) NonClass: 19976K(20160K)->19976K(20160K) Class: 3723K(3840K)->3723K(3840K)
[35.943s][info][gc          ] GC(30) Pause Young (Allocation Failure) 1654M->17M(5939M) 9.828ms
[36.954s][info][gc,metaspace] GC(31) Metaspace: 23700K(24000K)->23700K(24000K) NonClass: 19976K(20160K)->19976K(20160K) Class: 3723K(3840K)->3723K(3840K)
[36.954s][info][gc          ] GC(31) Pause Young (Allocation Failure) 1655M->17M(5939M) 10.545ms
[37.958s][info][gc,metaspace] GC(32) Metaspace: 23700K(24000K)->23700K(24000K) NonClass: 19976K(20160K)->19976K(20160K) Class: 3723K(3840K)->3723K(3840K)
[37.958s][info][gc          ] GC(32) Pause Young (Allocation Failure) 1656M->17M(5939M) 6.450ms
[38.963s][info][gc,metaspace] GC(33) Metaspace: 23700K(24000K)->23700K(24000K) NonClass: 19976K(20160K)->19976K(20160K) Class: 3723K(3840K)->3723K(3840K)
[38.963s][info][gc          ] GC(33) Pause Young (Allocation Failure) 1655M->18M(5939M) 6.004ms
[39.974s][info][gc,metaspace] GC(34) Metaspace: 23700K(24000K)->23700K(24000K) NonClass: 19976K(20160K)->19976K(20160K) Class: 3723K(3840K)->3723K(3840K)
[39.974s][info][gc          ] GC(34) Pause Young (Allocation Failure) 1656M->18M(5939M) 10.438ms
[40.972s][info][gc,metaspace] GC(35) Metaspace: 23700K(24000K)->23700K(24000K) NonClass: 19976K(20160K)->19976K(20160K) Class: 3723K(3840K)->3723K(3840K)
[40.972s][info][gc          ] GC(35) Pause Young (Allocation Failure) 1657M->18M(5939M) 5.028ms

Loading 16384...[42.004s][info][gc,metaspace] GC(36) Metaspace: 48288K(48576K)->48288K(48576K) NonClass: 28181K(28352K)->28181K(28352K) Class: 20107K(20224K)->20107K(20224K)
[42.005s][info][gc          ] GC(36) Pause Full (System.gc()) 837M->20M(5939M) 292.481ms
Creating 4096 objects per class...[51.169s][info][gc,metaspace] GC(37) Metaspace: 92497K(108032K)->92497K(108032K) NonClass: 63812K(71424K)->63812K(71424K) Class: 28685K(36608K)->28685K(36608K)
[51.169s][info][gc          ] GC(37) Pause Full (CodeCache GC Threshold) 901M->340M(5939M) 1063.419ms

Done; will start GCs... 
[105.529s][info][gc,metaspace] GC(38) Metaspace: 101155K(115072K)->101155K(115072K) NonClass: 72470K(78464K)->72470K(78464K) Class: 28685K(36608K)->28685K(36608K)
[105.530s][info][gc          ] GC(38) Pause Full (System.gc()) 840M->801M(5939M) 5218.906ms
[110.169s][info][gc,metaspace] GC(39) Metaspace: 101155K(115072K)->101155K(115072K) NonClass: 72470K(78464K)->72470K(78464K) Class: 28685K(36608K)->28685K(36608K)
[110.169s][info][gc          ] GC(39) Pause Full (System.gc()) 801M->800M(5939M) 4639.137ms
[113.971s][info][gc,metaspace] GC(40) Metaspace: 101155K(115072K)->101155K(115072K) NonClass: 72470K(78464K)->72470K(78464K) Class: 28685K(36608K)->28685K(36608K)
[113.971s][info][gc          ] GC(40) Pause Full (System.gc()) 800M->800M(5939M) 3802.268ms
[117.780s][info][gc,metaspace] GC(41) Metaspace: 101155K(115072K)->101155K(115072K) NonClass: 72470K(78464K)->72470K(78464K) Class: 28685K(36608K)->28685K(36608K)
[117.780s][info][gc          ] GC(41) Pause Full (System.gc()) 800M->800M(5939M) 3807.880ms
[121.580s][info][gc,metaspace] GC(42) Metaspace: 101155K(115072K)->101155K(115072K) NonClass: 72470K(78464K)->72470K(78464K) Class: 28685K(36608K)->28685K(36608K)
[121.580s][info][gc          ] GC(42) Pause Full (System.gc()) 800M->800M(5939M) 3800.152ms
[125.315s][info][gc,metaspace] GC(43) Metaspace: 101155K(115072K)->101155K(115072K) NonClass: 72470K(78464K)->72470K(78464K) Class: 28685K(36608K)->28685K(36608K)
[125.315s][info][gc          ] GC(43) Pause Full (System.gc()) 800M->800M(5939M) 3734.153ms
[129.098s][info][gc,metaspace] GC(44) Metaspace: 101155K(115072K)->101155K(115072K) NonClass: 72470K(78464K)->72470K(78464K) Class: 28685K(36608K)->28685K(36608K)
[129.098s][info][gc          ] GC(44) Pause Full (System.gc()) 800M->800M(5939M) 3783.229ms
[132.882s][info][gc,metaspace] GC(45) Metaspace: 101155K(115072K)->101155K(115072K) NonClass: 72470K(78464K)->72470K(78464K) Class: 28685K(36608K)->28685K(36608K)
[132.882s][info][gc          ] GC(45) Pause Full (System.gc()) 810M->800M(5939M) 3783.466ms
[136.660s][info][gc,metaspace] GC(46) Metaspace: 101155K(115072K)->101155K(115072K) NonClass: 72470K(78464K)->72470K(78464K) Class: 28685K(36608K)->28685K(36608K)
[136.660s][info][gc          ] GC(46) Pause Full (System.gc()) 800M->800M(5939M) 3778.308ms
[140.942s][info][gc,metaspace] GC(47) Metaspace: 101155K(115072K)->101155K(115072K) NonClass: 72470K(78464K)->72470K(78464K) Class: 28685K(36608K)->28685K(36608K)
[140.942s][info][gc          ] GC(47) Pause Full (System.gc()) 800M->800M(5939M) 4281.279ms
[144.725s][info][gc,metaspace] GC(48) Metaspace: 101155K(115072K)->101155K(115072K) NonClass: 72470K(78464K)->72470K(78464K) Class: 28685K(36608K)->28685K(36608K)
[144.726s][info][gc          ] GC(48) Pause Full (System.gc()) 800M->800M(5939M) 3783.542ms
[148.512s][info][gc,metaspace] GC(49) Metaspace: 101155K(115072K)->101155K(115072K) NonClass: 72470K(78464K)->72470K(78464K) Class: 28685K(36608K)->28685K(36608K)
[148.512s][info][gc          ] GC(49) Pause Full (System.gc()) 800M->800M(5939M) 3786.113ms
[152.244s][info][gc,metaspace] GC(50) Metaspace: 101155K(115072K)->101155K(115072K) NonClass: 72470K(78464K)->72470K(78464K) Class: 28685K(36608K)->28685K(36608K)
[152.244s][info][gc          ] GC(50) Pause Full (System.gc()) 800M->800M(5939M) 3732.439ms
[156.028s][info][gc,metaspace] GC(51) Metaspace: 101155K(115072K)->101155K(115072K) NonClass: 72470K(78464K)->72470K(78464K) Class: 28685K(36608K)->28685K(36608K)
[156.028s][info][gc          ] GC(51) Pause Full (System.gc()) 800M->800M(5939M) 3783.487ms
[159.811s][info][gc,metaspace] GC(52) Metaspace: 101155K(115072K)->101155K(115072K) NonClass: 72470K(78464K)->72470K(78464K) Class: 28685K(36608K)->28685K(36608K)
[159.811s][info][gc          ] GC(52) Pause Full (System.gc()) 800M->800M(5939M) 3782.270ms
[163.935s][info][gc,metaspace] GC(53) Metaspace: 101155K(115072K)->101155K(115072K) NonClass: 72470K(78464K)->72470K(78464K) Class: 28685K(36608K)->28685K(36608K)
[163.935s][info][gc          ] GC(53) Pause Full (System.gc()) 800M->800M(5939M) 4123.993ms
[167.721s][info][gc,metaspace] GC(54) Metaspace: 101155K(115072K)->101155K(115072K) NonClass: 72470K(78464K)->72470K(78464K) Class: 28685K(36608K)->28685K(36608K)
[167.721s][info][gc          ] GC(54) Pause Full (System.gc()) 800M->800M(5939M) 3785.907ms
[171.512s][info][gc,metaspace] GC(55) Metaspace: 101155K(115072K)->101155K(115072K) NonClass: 72470K(78464K)->72470K(78464K) Class: 28685K(36608K)->28685K(36608K)
[171.512s][info][gc          ] GC(55) Pause Full (System.gc()) 800M->800M(5939M) 3790.834ms
[175.512s][info][gc,metaspace] GC(56) Metaspace: 101155K(115072K)->101155K(115072K) NonClass: 72470K(78464K)->72470K(78464K) Class: 28685K(36608K)->28685K(36608K)
[175.512s][info][gc          ] GC(56) Pause Full (System.gc()) 800M->800M(5939M) 3999.493ms
[179.505s][info][gc,metaspace] GC(57) Metaspace: 101155K(115072K)->101155K(115072K) NonClass: 72470K(78464K)->72470K(78464K) Class: 28685K(36608K)->28685K(36608K)
[179.505s][info][gc          ] GC(57) Pause Full (System.gc()) 800M->800M(5939M) 3992.548ms
[183.910s][info][gc,metaspace] GC(58) Metaspace: 101155K(115072K)->101155K(115072K) NonClass: 72470K(78464K)->72470K(78464K) Class: 28685K(36608K)->28685K(36608K)
[183.910s][info][gc          ] GC(58) Pause Full (System.gc()) 800M->800M(5939M) 4404.847ms
[187.694s][info][gc,metaspace] GC(59) Metaspace: 101155K(115072K)->101155K(115072K) NonClass: 72470K(78464K)->72470K(78464K) Class: 28685K(36608K)->28685K(36608K)
[187.694s][info][gc          ] GC(59) Pause Full (System.gc()) 800M->800M(5939M) 3784.397ms
[191.429s][info][gc,metaspace] GC(60) Metaspace: 101155K(115072K)->101155K(115072K) NonClass: 72470K(78464K)->72470K(78464K) Class: 28685K(36608K)->28685K(36608K)
[191.429s][info][gc          ] GC(60) Pause Full (System.gc()) 800M->800M(5939M) 3734.492ms
[195.213s][info][gc,metaspace] GC(61) Metaspace: 101155K(115072K)->101155K(115072K) NonClass: 72470K(78464K)->72470K(78464K) Class: 28685K(36608K)->28685K(36608K)
[195.213s][info][gc          ] GC(61) Pause Full (System.gc()) 800M->800M(5939M) 3783.694ms
[198.995s][info][gc,metaspace] GC(62) Metaspace: 101155K(115072K)->101155K(115072K) NonClass: 72470K(78464K)->72470K(78464K) Class: 28685K(36608K)->28685K(36608K)
[198.995s][info][gc          ] GC(62) Pause Full (System.gc()) 810M->800M(5939M) 3781.626ms
[202.779s][info][gc,metaspace] GC(63) Metaspace: 101155K(115072K)->101155K(115072K) NonClass: 72470K(78464K)->72470K(78464K) Class: 28685K(36608K)->28685K(36608K)
[202.779s][info][gc          ] GC(63) Pause Full (System.gc()) 800M->800M(5939M) 3783.752ms
[206.561s][info][gc,metaspace] GC(64) Metaspace: 101155K(115072K)->101155K(115072K) NonClass: 72470K(78464K)->72470K(78464K) Class: 28685K(36608K)->28685K(36608K)
[206.561s][info][gc          ] GC(64) Pause Full (System.gc()) 800M->800M(5939M) 3782.015ms
[210.298s][info][gc,metaspace] GC(65) Metaspace: 101155K(115072K)->101155K(115072K) NonClass: 72470K(78464K)->72470K(78464K) Class: 28685K(36608K)->28685K(36608K)
[210.298s][info][gc          ] GC(65) Pause Full (System.gc()) 800M->800M(5939M) 3736.048ms
[214.078s][info][gc,metaspace] GC(66) Metaspace: 101155K(115072K)->101155K(115072K) NonClass: 72470K(78464K)->72470K(78464K) Class: 28685K(36608K)->28685K(36608K)
[214.078s][info][gc          ] GC(66) Pause Full (System.gc()) 800M->800M(5939M) 3779.995ms
[217.863s][info][gc,metaspace] GC(67) Metaspace: 101155K(115072K)->101155K(115072K) NonClass: 72470K(78464K)->72470K(78464K) Class: 28685K(36608K)->28685K(36608K)
[217.863s][info][gc          ] GC(67) Pause Full (System.gc()) 800M->800M(5939M) 3785.468ms
[221.645s][info][gc,metaspace] GC(68) Metaspace: 101155K(115072K)->101155K(115072K) NonClass: 72470K(78464K)->72470K(78464K) Class: 28685K(36608K)->28685K(36608K)
[221.645s][info][gc          ] GC(68) Pause Full (System.gc()) 800M->800M(5939M) 3781.289ms
[225.384s][info][gc,metaspace] GC(69) Metaspace: 101155K(115072K)->101155K(115072K) NonClass: 72470K(78464K)->72470K(78464K) Class: 28685K(36608K)->28685K(36608K)
[225.384s][info][gc          ] GC(69) Pause Full (System.gc()) 800M->800M(5939M) 3739.187ms
[229.166s][info][gc,metaspace] GC(70) Metaspace: 101155K(115072K)->101155K(115072K) NonClass: 72470K(78464K)->72470K(78464K) Class: 28685K(36608K)->28685K(36608K)
[229.166s][info][gc          ] GC(70) Pause Full (System.gc()) 800M->800M(5939M) 3781.624ms
[232.956s][info][gc,metaspace] GC(71) Metaspace: 101155K(115072K)->101155K(115072K) NonClass: 72470K(78464K)->72470K(78464K) Class: 28685K(36608K)->28685K(36608K)
[232.956s][info][gc          ] GC(71) Pause Full (System.gc()) 800M->800M(5939M) 3789.940ms
[236.752s][info][gc,metaspace] GC(72) Metaspace: 101155K(115072K)->101155K(115072K) NonClass: 72470K(78464K)->72470K(78464K) Class: 28685K(36608K)->28685K(36608K)
[236.752s][info][gc          ] GC(72) Pause Full (System.gc()) 800M->800M(5939M) 3795.988ms
[240.545s][info][gc,metaspace] GC(73) Metaspace: 101155K(115072K)->101155K(115072K) NonClass: 72470K(78464K)->72470K(78464K) Class: 28685K(36608K)->28685K(36608K)
[240.545s][info][gc          ] GC(73) Pause Full (System.gc()) 800M->800M(5939M) 3792.403ms
[244.283s][info][gc,metaspace] GC(74) Metaspace: 101155K(115072K)->101155K(115072K) NonClass: 72470K(78464K)->72470K(78464K) Class: 28685K(36608K)->28685K(36608K)
[244.283s][info][gc          ] GC(74) Pause Full (System.gc()) 800M->800M(5939M) 3737.491ms
[248.068s][info][gc,metaspace] GC(75) Metaspace: 101155K(115072K)->101155K(115072K) NonClass: 72470K(78464K)->72470K(78464K) Class: 28685K(36608K)->28685K(36608K)
[248.068s][info][gc          ] GC(75) Pause Full (System.gc()) 800M->800M(5939M) 3785.052ms
[251.850s][info][gc,metaspace] GC(76) Metaspace: 101155K(115072K)->101155K(115072K) NonClass: 72470K(78464K)->72470K(78464K) Class: 28685K(36608K)->28685K(36608K)
[251.850s][info][gc          ] GC(76) Pause Full (System.gc()) 800M->800M(5939M) 3781.903ms
[255.634s][info][gc,metaspace] GC(77) Metaspace: 101155K(115072K)->101155K(115072K) NonClass: 72470K(78464K)->72470K(78464K) Class: 28685K(36608K)->28685K(36608K)
[255.634s][info][gc          ] GC(77) Pause Full (System.gc()) 800M->800M(5939M) 3783.398ms
[259.756s][info][gc,metaspace] GC(78) Metaspace: 101155K(115072K)->101155K(115072K) NonClass: 72470K(78464K)->72470K(78464K) Class: 28685K(36608K)->28685K(36608K)
[259.757s][info][gc          ] GC(78) Pause Full (System.gc()) 810M->800M(5939M) 4122.283ms
[263.540s][info][gc,metaspace] GC(79) Metaspace: 101155K(115072K)->101155K(115072K) NonClass: 72470K(78464K)->72470K(78464K) Class: 28685K(36608K)->28685K(36608K)
[263.540s][info][gc          ] GC(79) Pause Full (System.gc()) 800M->800M(5939M) 3783.403ms
[267.273s][info][gc,metaspace] GC(80) Metaspace: 101155K(115072K)->101155K(115072K) NonClass: 72470K(78464K)->72470K(78464K) Class: 28685K(36608K)->28685K(36608K)
[267.273s][info][gc          ] GC(80) Pause Full (System.gc()) 800M->800M(5939M) 3732.287ms
[271.062s][info][gc,metaspace] GC(81) Metaspace: 101155K(115072K)->101155K(115072K) NonClass: 72470K(78464K)->72470K(78464K) Class: 28685K(36608K)->28685K(36608K)
[271.062s][info][gc          ] GC(81) Pause Full (System.gc()) 800M->800M(5939M) 3788.890ms
[274.842s][info][gc,metaspace] GC(82) Metaspace: 101155K(115072K)->101155K(115072K) NonClass: 72470K(78464K)->72470K(78464K) Class: 28685K(36608K)->28685K(36608K)
[274.842s][info][gc          ] GC(82) Pause Full (System.gc()) 800M->800M(5939M) 3779.784ms
[278.628s][info][gc,metaspace] GC(83) Metaspace: 101155K(115072K)->101155K(115072K) NonClass: 72470K(78464K)->72470K(78464K) Class: 28685K(36608K)->28685K(36608K)
[278.628s][info][gc          ] GC(83) Pause Full (System.gc()) 800M->800M(5939M) 3785.837ms
[282.361s][info][gc,metaspace] GC(84) Metaspace: 101155K(115072K)->101155K(115072K) NonClass: 72470K(78464K)->72470K(78464K) Class: 28685K(36608K)->28685K(36608K)
[282.362s][info][gc          ] GC(84) Pause Full (System.gc()) 800M->800M(5939M) 3733.528ms
[286.145s][info][gc,metaspace] GC(85) Metaspace: 101155K(115072K)->101155K(115072K) NonClass: 72470K(78464K)->72470K(78464K) Class: 28685K(36608K)->28685K(36608K)
[286.145s][info][gc          ] GC(85) Pause Full (System.gc()) 800M->800M(5939M) 3783.289ms
[289.932s][info][gc,metaspace] GC(86) Metaspace: 101155K(115072K)->101155K(115072K) NonClass: 72470K(78464K)->72470K(78464K) Class: 28685K(36608K)->28685K(36608K)
[289.932s][info][gc          ] GC(86) Pause Full (System.gc()) 800M->800M(5939M) 3786.815ms
[293.724s][info][gc,metaspace] GC(87) Metaspace: 101155K(115072K)->101155K(115072K) NonClass: 72470K(78464K)->72470K(78464K) Class: 28685K(36608K)->28685K(36608K)
[293.724s][info][gc          ] GC(87) Pause Full (System.gc()) 800M->800M(5939M) 3791.843ms
[297.514s][info][gc,metaspace] GC(88) Metaspace: 101155K(115072K)->101155K(115072K) NonClass: 72470K(78464K)->72470K(78464K) Class: 28685K(36608K)->28685K(36608K)
[297.514s][info][gc          ] GC(88) Pause Full (System.gc()) 800M->800M(5939M) 3790.180ms
[301.510s][info][gc,metaspace] GC(89) Metaspace: 101155K(115072K)->101155K(115072K) NonClass: 72470K(78464K)->72470K(78464K) Class: 28685K(36608K)->28685K(36608K)
[301.510s][info][gc          ] GC(89) Pause Full (System.gc()) 800M->800M(5939M) 3995.672ms
[306.288s][info][gc,metaspace] GC(90) Metaspace: 101155K(115072K)->101155K(115072K) NonClass: 72470K(78464K)->72470K(78464K) Class: 28685K(36608K)->28685K(36608K)
[306.288s][info][gc          ] GC(90) Pause Full (System.gc()) 800M->800M(5939M) 4777.178ms
[310.075s][info][gc,metaspace] GC(91) Metaspace: 101155K(115072K)->101155K(115072K) NonClass: 72470K(78464K)->72470K(78464K) Class: 28685K(36608K)->28685K(36608K)
[310.075s][info][gc          ] GC(91) Pause Full (System.gc()) 800M->800M(5939M) 3787.261ms
[313.858s][info][gc,metaspace] GC(92) Metaspace: 101155K(115072K)->101155K(115072K) NonClass: 72470K(78464K)->72470K(78464K) Class: 28685K(36608K)->28685K(36608K)
[313.858s][info][gc          ] GC(92) Pause Full (System.gc()) 800M->800M(5939M) 3782.878ms
[317.638s][info][gc,metaspace] GC(93) Metaspace: 101155K(115072K)->101155K(115072K) NonClass: 72470K(78464K)->72470K(78464K) Class: 28685K(36608K)->28685K(36608K)
[317.638s][info][gc          ] GC(93) Pause Full (System.gc()) 800M->800M(5939M) 3779.523ms
[321.375s][info][gc,metaspace] GC(94) Metaspace: 101155K(115072K)->101155K(115072K) NonClass: 72470K(78464K)->72470K(78464K) Class: 28685K(36608K)->28685K(36608K)
[321.375s][info][gc          ] GC(94) Pause Full (System.gc()) 810M->800M(5939M) 3736.450ms
[325.158s][info][gc,metaspace] GC(95) Metaspace: 101155K(115072K)->101155K(115072K) NonClass: 72470K(78464K)->72470K(78464K) Class: 28685K(36608K)->28685K(36608K)
[325.158s][info][gc          ] GC(95) Pause Full (System.gc()) 800M->800M(5939M) 3783.128ms
[328.944s][info][gc,metaspace] GC(96) Metaspace: 101155K(115072K)->101155K(115072K) NonClass: 72470K(78464K)->72470K(78464K) Class: 28685K(36608K)->28685K(36608K)
[328.945s][info][gc          ] GC(96) Pause Full (System.gc()) 800M->800M(5939M) 3785.944ms
[332.729s][info][gc,metaspace] GC(97) Metaspace: 101155K(115072K)->101155K(115072K) NonClass: 72470K(78464K)->72470K(78464K) Class: 28685K(36608K)->28685K(36608K)
[332.729s][info][gc          ] GC(97) Pause Full (System.gc()) 800M->800M(5939M) 3784.156ms
[336.509s][info][gc,metaspace] GC(98) Metaspace: 101155K(115072K)->101155K(115072K) NonClass: 72470K(78464K)->72470K(78464K) Class: 28685K(36608K)->28685K(36608K)
[336.509s][info][gc          ] GC(98) Pause Full (System.gc()) 800M->800M(5939M) 3779.473ms
[340.249s][info][gc,metaspace] GC(99) Metaspace: 101155K(115072K)->101155K(115072K) NonClass: 72470K(78464K)->72470K(78464K) Class: 28685K(36608K)->28685K(36608K)
[340.249s][info][gc          ] GC(99) Pause Full (System.gc()) 800M->800M(5939M) 3740.217ms
[344.030s][info][gc,metaspace] GC(100) Metaspace: 101155K(115072K)->101155K(115072K) NonClass: 72470K(78464K)->72470K(78464K) Class: 28685K(36608K)->28685K(36608K)
[344.030s][info][gc          ] GC(100) Pause Full (System.gc()) 800M->800M(5939M) 3780.537ms
[347.817s][info][gc,metaspace] GC(101) Metaspace: 101155K(115072K)->101155K(115072K) NonClass: 72470K(78464K)->72470K(78464K) Class: 28685K(36608K)->28685K(36608K)
[347.817s][info][gc          ] GC(101) Pause Full (System.gc()) 800M->800M(5939M) 3786.641ms
[351.611s][info][gc,metaspace] GC(102) Metaspace: 101155K(115072K)->101155K(115072K) NonClass: 72470K(78464K)->72470K(78464K) Class: 28685K(36608K)->28685K(36608K)
[351.612s][info][gc          ] GC(102) Pause Full (System.gc()) 800M->800M(5939M) 3794.769ms
[355.358s][info][gc,metaspace] GC(103) Metaspace: 101155K(115072K)->101155K(115072K) NonClass: 72470K(78464K)->72470K(78464K) Class: 28685K(36608K)->28685K(36608K)
[355.358s][info][gc          ] GC(103) Pause Full (System.gc()) 800M->800M(5939M) 3745.830ms
[359.146s][info][gc,metaspace] GC(104) Metaspace: 101155K(115072K)->101155K(115072K) NonClass: 72470K(78464K)->72470K(78464K) Class: 28685K(36608K)->28685K(36608K)
[359.147s][info][gc          ] GC(104) Pause Full (System.gc()) 800M->800M(5939M) 3788.633ms
[362.924s][info][gc,metaspace] GC(105) Metaspace: 101155K(115072K)->101155K(115072K) NonClass: 72470K(78464K)->72470K(78464K) Class: 28685K(36608K)->28685K(36608K)
[362.924s][info][gc          ] GC(105) Pause Full (System.gc()) 800M->800M(5939M) 3777.437ms
[366.704s][info][gc,metaspace] GC(106) Metaspace: 101155K(115072K)->101155K(115072K) NonClass: 72470K(78464K)->72470K(78464K) Class: 28685K(36608K)->28685K(36608K)
[366.704s][info][gc          ] GC(106) Pause Full (System.gc()) 800M->800M(5939M) 3780.028ms
[370.444s][info][gc,metaspace] GC(107) Metaspace: 101155K(115072K)->101155K(115072K) NonClass: 72470K(78464K)->72470K(78464K) Class: 28685K(36608K)->28685K(36608K)
[370.444s][info][gc          ] GC(107) Pause Full (System.gc()) 800M->800M(5939M) 3739.253ms
[374.631s][info][gc,metaspace] GC(108) Metaspace: 101155K(115072K)->101155K(115072K) NonClass: 72470K(78464K)->72470K(78464K) Class: 28685K(36608K)->28685K(36608K)
[374.631s][info][gc          ] GC(108) Pause Full (System.gc()) 800M->800M(5939M) 4134.099ms
[378.367s][info][gc,metaspace] GC(109) Metaspace: 101155K(115072K)->101155K(115072K) NonClass: 72470K(78464K)->72470K(78464K) Class: 28685K(36608K)->28685K(36608K)
[378.367s][info][gc          ] GC(109) Pause Full (System.gc()) 800M->800M(5939M) 3735.219ms
[382.148s][info][gc,metaspace] GC(110) Metaspace: 101155K(115072K)->101155K(115072K) NonClass: 72470K(78464K)->72470K(78464K) Class: 28685K(36608K)->28685K(36608K)
[382.148s][info][gc          ] GC(110) Pause Full (System.gc()) 800M->800M(5939M) 3780.984ms
[385.933s][info][gc,metaspace] GC(111) Metaspace: 101155K(115072K)->101155K(115072K) NonClass: 72470K(78464K)->72470K(78464K) Class: 28685K(36608K)->28685K(36608K)
[385.933s][info][gc          ] GC(111) Pause Full (System.gc()) 810M->800M(5939M) 3785.216ms
[389.719s][info][gc,metaspace] GC(112) Metaspace: 101155K(115072K)->101155K(115072K) NonClass: 72470K(78464K)->72470K(78464K) Class: 28685K(36608K)->28685K(36608K)
[389.720s][info][gc          ] GC(112) Pause Full (System.gc()) 800M->800M(5939M) 3786.065ms
[393.504s][info][gc,metaspace] GC(113) Metaspace: 101155K(115072K)->101155K(115072K) NonClass: 72470K(78464K)->72470K(78464K) Class: 28685K(36608K)->28685K(36608K)
[393.504s][info][gc          ] GC(113) Pause Full (System.gc()) 800M->800M(5939M) 3783.873ms
[399.061s][info][gc,metaspace] GC(114) Metaspace: 101155K(115072K)->101155K(115072K) NonClass: 72470K(78464K)->72470K(78464K) Class: 28685K(36608K)->28685K(36608K)
[399.061s][info][gc          ] GC(114) Pause Full (System.gc()) 800M->800M(5939M) 5557.568ms
[402.846s][info][gc,metaspace] GC(115) Metaspace: 101155K(115072K)->101155K(115072K) NonClass: 72470K(78464K)->72470K(78464K) Class: 28685K(36608K)->28685K(36608K)
[402.846s][info][gc          ] GC(115) Pause Full (System.gc()) 800M->800M(5939M) 3784.638ms
[406.630s][info][gc,metaspace] GC(116) Metaspace: 101155K(115072K)->101155K(115072K) NonClass: 72470K(78464K)->72470K(78464K) Class: 28685K(36608K)->28685K(36608K)
[406.630s][info][gc          ] GC(116) Pause Full (System.gc()) 800M->800M(5939M) 3783.329ms
[410.369s][info][gc,metaspace] GC(117) Metaspace: 101155K(115072K)->101155K(115072K) NonClass: 72470K(78464K)->72470K(78464K) Class: 28685K(36608K)->28685K(36608K)
[410.369s][info][gc          ] GC(117) Pause Full (System.gc()) 800M->800M(5939M) 3738.630ms
[414.162s][info][gc,metaspace] GC(118) Metaspace: 101155K(115072K)->101155K(115072K) NonClass: 72470K(78464K)->72470K(78464K) Class: 28685K(36608K)->28685K(36608K)
[414.162s][info][gc          ] GC(118) Pause Full (System.gc()) 800M->800M(5939M) 3793.635ms
[417.957s][info][gc,metaspace] GC(119) Metaspace: 101155K(115072K)->101155K(115072K) NonClass: 72470K(78464K)->72470K(78464K) Class: 28685K(36608K)->28685K(36608K)
[417.957s][info][gc          ] GC(119) Pause Full (System.gc()) 800M->800M(5939M) 3794.189ms
[421.746s][info][gc,metaspace] GC(120) Metaspace: 101155K(115072K)->101155K(115072K) NonClass: 72470K(78464K)->72470K(78464K) Class: 28685K(36608K)->28685K(36608K)
[421.746s][info][gc          ] GC(120) Pause Full (System.gc()) 800M->800M(5939M) 3788.704ms
[425.531s][info][gc,metaspace] GC(121) Metaspace: 101155K(115072K)->101155K(115072K) NonClass: 72470K(78464K)->72470K(78464K) Class: 28685K(36608K)->28685K(36608K)
[425.531s][info][gc          ] GC(121) Pause Full (System.gc()) 800M->800M(5939M) 3784.954ms
[429.516s][info][gc,metaspace] GC(122) Metaspace: 101155K(115072K)->101155K(115072K) NonClass: 72470K(78464K)->72470K(78464K) Class: 28685K(36608K)->28685K(36608K)
[429.516s][info][gc          ] GC(122) Pause Full (System.gc()) 800M->800M(5939M) 3985.019ms
[433.505s][info][gc,metaspace] GC(123) Metaspace: 101155K(115072K)->101155K(115072K) NonClass: 72470K(78464K)->72470K(78464K) Class: 28685K(36608K)->28685K(36608K)
[433.505s][info][gc          ] GC(123) Pause Full (System.gc()) 800M->800M(5939M) 3988.587ms
[437.239s][info][gc,metaspace] GC(124) Metaspace: 101155K(115072K)->101155K(115072K) NonClass: 72470K(78464K)->72470K(78464K) Class: 28685K(36608K)->28685K(36608K)
[437.239s][info][gc          ] GC(124) Pause Full (System.gc()) 800M->800M(5939M) 3734.046ms
[441.022s][info][gc,metaspace] GC(125) Metaspace: 101155K(115072K)->101155K(115072K) NonClass: 72470K(78464K)->72470K(78464K) Class: 28685K(36608K)->28685K(36608K)
[441.022s][info][gc          ] GC(125) Pause Full (System.gc()) 800M->800M(5939M) 3782.330ms
[444.807s][info][gc,metaspace] GC(126) Metaspace: 101155K(115072K)->101155K(115072K) NonClass: 72470K(78464K)->72470K(78464K) Class: 28685K(36608K)->28685K(36608K)
[444.807s][info][gc          ] GC(126) Pause Full (System.gc()) 800M->800M(5939M) 3784.675ms
[448.593s][info][gc,metaspace] GC(127) Metaspace: 101155K(115072K)->101155K(115072K) NonClass: 72470K(78464K)->72470K(78464K) Class: 28685K(36608K)->28685K(36608K)
[448.593s][info][gc          ] GC(127) Pause Full (System.gc()) 810M->800M(5939M) 3786.473ms
[452.327s][info][gc,metaspace] GC(128) Metaspace: 101155K(115072K)->101155K(115072K) NonClass: 72470K(78464K)->72470K(78464K) Class: 28685K(36608K)->28685K(36608K)
[452.327s][info][gc          ] GC(128) Pause Full (System.gc()) 800M->800M(5939M) 3733.021ms
[456.111s][info][gc,metaspace] GC(129) Metaspace: 101155K(115072K)->101155K(115072K) NonClass: 72470K(78464K)->72470K(78464K) Class: 28685K(36608K)->28685K(36608K)
[456.111s][info][gc          ] GC(129) Pause Full (System.gc()) 800M->800M(5939M) 3784.380ms
[459.898s][info][gc,metaspace] GC(130) Metaspace: 101155K(115072K)->101155K(115072K) NonClass: 72470K(78464K)->72470K(78464K) Class: 28685K(36608K)->28685K(36608K)
[459.898s][info][gc          ] GC(130) Pause Full (System.gc()) 800M->800M(5939M) 3786.557ms
[463.685s][info][gc,metaspace] GC(131) Metaspace: 101155K(115072K)->101155K(115072K) NonClass: 72470K(78464K)->72470K(78464K) Class: 28685K(36608K)->28685K(36608K)
[463.685s][info][gc          ] GC(131) Pause Full (System.gc()) 800M->800M(5939M) 3787.317ms
[467.418s][info][gc,metaspace] GC(132) Metaspace: 101155K(115072K)->101155K(115072K) NonClass: 72470K(78464K)->72470K(78464K) Class: 28685K(36608K)->28685K(36608K)
[467.418s][info][gc          ] GC(132) Pause Full (System.gc()) 800M->800M(5939M) 3732.825ms
[471.205s][info][gc,metaspace] GC(133) Metaspace: 101155K(115072K)->101155K(115072K) NonClass: 72470K(78464K)->72470K(78464K) Class: 28685K(36608K)->28685K(36608K)
[471.206s][info][gc          ] GC(133) Pause Full (System.gc()) 800M->800M(5939M) 3786.844ms
[475.001s][info][gc,metaspace] GC(134) Metaspace: 101155K(115072K)->101155K(115072K) NonClass: 72470K(78464K)->72470K(78464K) Class: 28685K(36608K)->28685K(36608K)
[475.001s][info][gc          ] GC(134) Pause Full (System.gc()) 800M->800M(5939M) 3794.944ms
[478.797s][info][gc,metaspace] GC(135) Metaspace: 101155K(115072K)->101155K(115072K) NonClass: 72470K(78464K)->72470K(78464K) Class: 28685K(36608K)->28685K(36608K)
[478.797s][info][gc          ] GC(135) Pause Full (System.gc()) 800M->800M(5939M) 3795.812ms
[482.583s][info][gc,metaspace] GC(136) Metaspace: 101155K(115072K)->101155K(115072K) NonClass: 72470K(78464K)->72470K(78464K) Class: 28685K(36608K)->28685K(36608K)
[482.583s][info][gc          ] GC(136) Pause Full (System.gc()) 800M->800M(5939M) 3785.977ms
[486.317s][info][gc,metaspace] GC(137) Metaspace: 101155K(115072K)->101155K(115072K) NonClass: 72470K(78464K)->72470K(78464K) Class: 28685K(36608K)->28685K(36608K)
[486.317s][info][gc          ] GC(137) Pause Full (System.gc()) 800M->800M(5939M) 3734.050ms
After GCs... 
