Done; will start GCs... 
[109.062s][info][gc,metaspace] GC(38) Metaspace: 101145K(115072K)->101145K(115072K) NonClass: 72459K(78464K)->72459K(78464K) Class: 28685K(36608K)->28685K(36608K)
[109.062s][info][gc          ] GC(38) Pause Full (System.gc()) 826M->801M(5939M) 7174.068ms
[115.831s][info][gc,metaspace] GC(39) Metaspace: 101145K(115072K)->101145K(115072K) NonClass: 72459K(78464K)->72459K(78464K) Class: 28685K(36608K)->28685K(36608K)
[115.831s][info][gc          ] GC(39) Pause Full (System.gc()) 801M->800M(5939M) 6768.849ms
[121.064s][info][gc,metaspace] GC(40) Metaspace: 101145K(115072K)->101145K(115072K) NonClass: 72459K(78464K)->72459K(78464K) Class: 28685K(36608K)->28685K(36608K)
[121.064s][info][gc          ] GC(40) Pause Full (System.gc()) 800M->800M(5939M) 5232.714ms
[126.209s][info][gc,metaspace] GC(41) Metaspace: 101145K(115072K)->101145K(115072K) NonClass: 72459K(78464K)->72459K(78464K) Class: 28685K(36608K)->28685K(36608K)
[126.209s][info][gc          ] GC(41) Pause Full (System.gc()) 800M->800M(5939M) 5140.358ms
[131.341s][info][gc,metaspace] GC(42) Metaspace: 101145K(115072K)->101145K(115072K) NonClass: 72459K(78464K)->72459K(78464K) Class: 28685K(36608K)->28685K(36608K)
[131.341s][info][gc          ] GC(42) Pause Full (System.gc()) 800M->800M(5939M) 5127.207ms
[137.420s][info][gc,metaspace] GC(43) Metaspace: 101145K(115072K)->101145K(115072K) NonClass: 72459K(78464K)->72459K(78464K) Class: 28685K(36608K)->28685K(36608K)
[137.420s][info][gc          ] GC(43) Pause Full (System.gc()) 810M->800M(5939M) 6078.562ms
[142.446s][info][gc,metaspace] GC(44) Metaspace: 101145K(115072K)->101145K(115072K) NonClass: 72459K(78464K)->72459K(78464K) Class: 28685K(36608K)->28685K(36608K)
[142.446s][info][gc          ] GC(44) Pause Full (System.gc()) 800M->800M(5939M) 5026.130ms
[147.565s][info][gc,metaspace] GC(45) Metaspace: 101145K(115072K)->101145K(115072K) NonClass: 72459K(78464K)->72459K(78464K) Class: 28685K(36608K)->28685K(36608K)
[147.565s][info][gc          ] GC(45) Pause Full (System.gc()) 800M->800M(5939M) 5114.539ms
[152.596s][info][gc,metaspace] GC(46) Metaspace: 101145K(115072K)->101145K(115072K) NonClass: 72459K(78464K)->72459K(78464K) Class: 28685K(36608K)->28685K(36608K)
[152.596s][info][gc          ] GC(46) Pause Full (System.gc()) 800M->800M(5939M) 5026.629ms
[157.630s][info][gc,metaspace] GC(47) Metaspace: 101145K(115072K)->101145K(115072K) NonClass: 72459K(78464K)->72459K(78464K) Class: 28685K(36608K)->28685K(36608K)
[157.630s][info][gc          ] GC(47) Pause Full (System.gc()) 800M->800M(5939M) 5029.414ms
[162.663s][info][gc,metaspace] GC(48) Metaspace: 101145K(115072K)->101145K(115072K) NonClass: 72459K(78464K)->72459K(78464K) Class: 28685K(36608K)->28685K(36608K)
[162.663s][info][gc          ] GC(48) Pause Full (System.gc()) 800M->800M(5939M) 5027.686ms
[167.683s][info][gc,metaspace] GC(49) Metaspace: 101145K(115072K)->101145K(115072K) NonClass: 72459K(78464K)->72459K(78464K) Class: 28685K(36608K)->28685K(36608K)
[167.683s][info][gc          ] GC(49) Pause Full (System.gc()) 800M->800M(5939M) 5015.884ms
[172.711s][info][gc,metaspace] GC(50) Metaspace: 101145K(115072K)->101145K(115072K) NonClass: 72459K(78464K)->72459K(78464K) Class: 28685K(36608K)->28685K(36608K)
[172.711s][info][gc          ] GC(50) Pause Full (System.gc()) 800M->800M(5939M) 5023.807ms
[177.742s][info][gc,metaspace] GC(51) Metaspace: 101145K(115072K)->101145K(115072K) NonClass: 72459K(78464K)->72459K(78464K) Class: 28685K(36608K)->28685K(36608K)
[177.742s][info][gc          ] GC(51) Pause Full (System.gc()) 800M->800M(5939M) 5025.563ms
[182.814s][info][gc,metaspace] GC(52) Metaspace: 101145K(115072K)->101145K(115072K) NonClass: 72459K(78464K)->72459K(78464K) Class: 28685K(36608K)->28685K(36608K)
[182.815s][info][gc          ] GC(52) Pause Full (System.gc()) 800M->800M(5939M) 5068.424ms
[188.185s][info][gc,metaspace] GC(53) Metaspace: 101145K(115072K)->101145K(115072K) NonClass: 72459K(78464K)->72459K(78464K) Class: 28685K(36608K)->28685K(36608K)
[188.185s][info][gc          ] GC(53) Pause Full (System.gc()) 800M->800M(5939M) 5365.702ms
[193.221s][info][gc,metaspace] GC(54) Metaspace: 101145K(115072K)->101145K(115072K) NonClass: 72459K(78464K)->72459K(78464K) Class: 28685K(36608K)->28685K(36608K)
[193.221s][info][gc          ] GC(54) Pause Full (System.gc()) 800M->800M(5939M) 5031.638ms
[198.254s][info][gc,metaspace] GC(55) Metaspace: 101145K(115072K)->101145K(115072K) NonClass: 72459K(78464K)->72459K(78464K) Class: 28685K(36608K)->28685K(36608K)
[198.254s][info][gc          ] GC(55) Pause Full (System.gc()) 800M->800M(5939M) 5028.313ms
[203.279s][info][gc,metaspace] GC(56) Metaspace: 101145K(115072K)->101145K(115072K) NonClass: 72459K(78464K)->72459K(78464K) Class: 28685K(36608K)->28685K(36608K)
[203.280s][info][gc          ] GC(56) Pause Full (System.gc()) 800M->800M(5939M) 5021.266ms
[208.312s][info][gc,metaspace] GC(57) Metaspace: 101145K(115072K)->101145K(115072K) NonClass: 72459K(78464K)->72459K(78464K) Class: 28685K(36608K)->28685K(36608K)
[208.312s][info][gc          ] GC(57) Pause Full (System.gc()) 810M->800M(5939M) 5027.467ms
[213.342s][info][gc,metaspace] GC(58) Metaspace: 101145K(115072K)->101145K(115072K) NonClass: 72459K(78464K)->72459K(78464K) Class: 28685K(36608K)->28685K(36608K)
[213.342s][info][gc          ] GC(58) Pause Full (System.gc()) 800M->800M(5939M) 5026.277ms
[218.364s][info][gc,metaspace] GC(59) Metaspace: 101145K(115072K)->101145K(115072K) NonClass: 72459K(78464K)->72459K(78464K) Class: 28685K(36608K)->28685K(36608K)
[218.364s][info][gc          ] GC(59) Pause Full (System.gc()) 800M->800M(5939M) 5017.232ms
[223.401s][info][gc,metaspace] GC(60) Metaspace: 101145K(115072K)->101145K(115072K) NonClass: 72459K(78464K)->72459K(78464K) Class: 28685K(36608K)->28685K(36608K)
[223.401s][info][gc          ] GC(60) Pause Full (System.gc()) 800M->800M(5939M) 5032.591ms
[228.427s][info][gc,metaspace] GC(61) Metaspace: 101145K(115072K)->101145K(115072K) NonClass: 72459K(78464K)->72459K(78464K) Class: 28685K(36608K)->28685K(36608K)
[228.427s][info][gc          ] GC(61) Pause Full (System.gc()) 800M->800M(5939M) 5021.253ms
[233.500s][info][gc,metaspace] GC(62) Metaspace: 101145K(115072K)->101145K(115072K) NonClass: 72459K(78464K)->72459K(78464K) Class: 28685K(36608K)->28685K(36608K)
[233.500s][info][gc          ] GC(62) Pause Full (System.gc()) 800M->800M(5939M) 5068.527ms
[238.533s][info][gc,metaspace] GC(63) Metaspace: 101145K(115072K)->101145K(115072K) NonClass: 72459K(78464K)->72459K(78464K) Class: 28685K(36608K)->28685K(36608K)
[238.533s][info][gc          ] GC(63) Pause Full (System.gc()) 800M->800M(5939M) 5028.425ms
[243.559s][info][gc,metaspace] GC(64) Metaspace: 101145K(115072K)->101145K(115072K) NonClass: 72459K(78464K)->72459K(78464K) Class: 28685K(36608K)->28685K(36608K)
[243.559s][info][gc          ] GC(64) Pause Full (System.gc()) 800M->800M(5939M) 5025.534ms
[248.590s][info][gc,metaspace] GC(65) Metaspace: 101145K(115072K)->101145K(115072K) NonClass: 72459K(78464K)->72459K(78464K) Class: 28685K(36608K)->28685K(36608K)
[248.590s][info][gc          ] GC(65) Pause Full (System.gc()) 800M->800M(5939M) 5031.036ms
[253.622s][info][gc,metaspace] GC(66) Metaspace: 101145K(115072K)->101145K(115072K) NonClass: 72459K(78464K)->72459K(78464K) Class: 28685K(36608K)->28685K(36608K)
[253.622s][info][gc          ] GC(66) Pause Full (System.gc()) 800M->800M(5939M) 5027.129ms
[258.654s][info][gc,metaspace] GC(67) Metaspace: 101145K(115072K)->101145K(115072K) NonClass: 72459K(78464K)->72459K(78464K) Class: 28685K(36608K)->28685K(36608K)
[258.654s][info][gc          ] GC(67) Pause Full (System.gc()) 800M->800M(5939M) 5027.390ms
[263.680s][info][gc,metaspace] GC(68) Metaspace: 101145K(115072K)->101145K(115072K) NonClass: 72459K(78464K)->72459K(78464K) Class: 28685K(36608K)->28685K(36608K)
[263.680s][info][gc          ] GC(68) Pause Full (System.gc()) 800M->800M(5939M) 5021.368ms
[268.712s][info][gc,metaspace] GC(69) Metaspace: 101145K(115072K)->101145K(115072K) NonClass: 72459K(78464K)->72459K(78464K) Class: 28685K(36608K)->28685K(36608K)
[268.712s][info][gc          ] GC(69) Pause Full (System.gc()) 800M->800M(5939M) 5027.804ms
[273.844s][info][gc,metaspace] GC(70) Metaspace: 101145K(115072K)->101145K(115072K) NonClass: 72459K(78464K)->72459K(78464K) Class: 28685K(36608K)->28685K(36608K)
[273.844s][info][gc          ] GC(70) Pause Full (System.gc()) 810M->800M(5939M) 5126.475ms
[278.870s][info][gc,metaspace] GC(71) Metaspace: 101145K(115072K)->101145K(115072K) NonClass: 72459K(78464K)->72459K(78464K) Class: 28685K(36608K)->28685K(36608K)
[278.870s][info][gc          ] GC(71) Pause Full (System.gc()) 800M->800M(5939M) 5025.887ms
[283.908s][info][gc,metaspace] GC(72) Metaspace: 101145K(115072K)->101145K(115072K) NonClass: 72459K(78464K)->72459K(78464K) Class: 28685K(36608K)->28685K(36608K)
[283.908s][info][gc          ] GC(72) Pause Full (System.gc()) 800M->800M(5939M) 5033.480ms
[288.947s][info][gc,metaspace] GC(73) Metaspace: 101145K(115072K)->101145K(115072K) NonClass: 72459K(78464K)->72459K(78464K) Class: 28685K(36608K)->28685K(36608K)
[288.947s][info][gc          ] GC(73) Pause Full (System.gc()) 800M->800M(5939M) 5035.021ms
[293.976s][info][gc,metaspace] GC(74) Metaspace: 101145K(115072K)->101145K(115072K) NonClass: 72459K(78464K)->72459K(78464K) Class: 28685K(36608K)->28685K(36608K)
[293.976s][info][gc          ] GC(74) Pause Full (System.gc()) 800M->800M(5939M) 5023.981ms
[299.009s][info][gc,metaspace] GC(75) Metaspace: 101145K(115072K)->101145K(115072K) NonClass: 72459K(78464K)->72459K(78464K) Class: 28685K(36608K)->28685K(36608K)
[299.009s][info][gc          ] GC(75) Pause Full (System.gc()) 800M->800M(5939M) 5028.284ms
[304.040s][info][gc,metaspace] GC(76) Metaspace: 101145K(115072K)->101145K(115072K) NonClass: 72459K(78464K)->72459K(78464K) Class: 28685K(36608K)->28685K(36608K)
[304.040s][info][gc          ] GC(76) Pause Full (System.gc()) 800M->800M(5939M) 5026.434ms
[309.082s][info][gc,metaspace] GC(77) Metaspace: 101145K(115072K)->101145K(115072K) NonClass: 72459K(78464K)->72459K(78464K) Class: 28685K(36608K)->28685K(36608K)
[309.082s][info][gc          ] GC(77) Pause Full (System.gc()) 800M->800M(5939M) 5037.281ms
[314.117s][info][gc,metaspace] GC(78) Metaspace: 101145K(115072K)->101145K(115072K) NonClass: 72459K(78464K)->72459K(78464K) Class: 28685K(36608K)->28685K(36608K)
[314.117s][info][gc          ] GC(78) Pause Full (System.gc()) 800M->800M(5939M) 5030.466ms
[319.147s][info][gc,metaspace] GC(79) Metaspace: 101145K(115072K)->101145K(115072K) NonClass: 72459K(78464K)->72459K(78464K) Class: 28685K(36608K)->28685K(36608K)
[319.147s][info][gc          ] GC(79) Pause Full (System.gc()) 800M->800M(5939M) 5025.985ms
[324.180s][info][gc,metaspace] GC(80) Metaspace: 101145K(115072K)->101145K(115072K) NonClass: 72459K(78464K)->72459K(78464K) Class: 28685K(36608K)->28685K(36608K)
[324.180s][info][gc          ] GC(80) Pause Full (System.gc()) 800M->800M(5939M) 5027.785ms
[329.208s][info][gc,metaspace] GC(81) Metaspace: 101145K(115072K)->101145K(115072K) NonClass: 72459K(78464K)->72459K(78464K) Class: 28685K(36608K)->28685K(36608K)
[329.208s][info][gc          ] GC(81) Pause Full (System.gc()) 800M->800M(5939M) 5023.903ms
[334.243s][info][gc,metaspace] GC(82) Metaspace: 101145K(115072K)->101145K(115072K) NonClass: 72459K(78464K)->72459K(78464K) Class: 28685K(36608K)->28685K(36608K)
[334.243s][info][gc          ] GC(82) Pause Full (System.gc()) 800M->800M(5939M) 5029.810ms
[339.271s][info][gc,metaspace] GC(83) Metaspace: 101145K(115072K)->101145K(115072K) NonClass: 72459K(78464K)->72459K(78464K) Class: 28685K(36608K)->28685K(36608K)
[339.271s][info][gc          ] GC(83) Pause Full (System.gc()) 810M->800M(5939M) 5024.210ms
[344.310s][info][gc,metaspace] GC(84) Metaspace: 101145K(115072K)->101145K(115072K) NonClass: 72459K(78464K)->72459K(78464K) Class: 28685K(36608K)->28685K(36608K)
[344.310s][info][gc          ] GC(84) Pause Full (System.gc()) 800M->800M(5939M) 5034.090ms
[349.394s][info][gc,metaspace] GC(85) Metaspace: 101145K(115072K)->101145K(115072K) NonClass: 72459K(78464K)->72459K(78464K) Class: 28685K(36608K)->28685K(36608K)
[349.394s][info][gc          ] GC(85) Pause Full (System.gc()) 800M->800M(5939M) 5079.278ms
[354.464s][info][gc,metaspace] GC(86) Metaspace: 101145K(115072K)->101145K(115072K) NonClass: 72459K(78464K)->72459K(78464K) Class: 28685K(36608K)->28685K(36608K)
[354.464s][info][gc          ] GC(86) Pause Full (System.gc()) 800M->800M(5939M) 5065.813ms
[359.938s][info][gc,metaspace] GC(87) Metaspace: 101145K(115072K)->101145K(115072K) NonClass: 72459K(78464K)->72459K(78464K) Class: 28685K(36608K)->28685K(36608K)
[359.938s][info][gc          ] GC(87) Pause Full (System.gc()) 800M->800M(5939M) 5468.587ms
[365.014s][info][gc,metaspace] GC(88) Metaspace: 101145K(115072K)->101145K(115072K) NonClass: 72459K(78464K)->72459K(78464K) Class: 28685K(36608K)->28685K(36608K)
[365.015s][info][gc          ] GC(88) Pause Full (System.gc()) 800M->800M(5939M) 5076.645ms
[370.083s][info][gc,metaspace] GC(89) Metaspace: 101145K(115072K)->101145K(115072K) NonClass: 72459K(78464K)->72459K(78464K) Class: 28685K(36608K)->28685K(36608K)
[370.083s][info][gc          ] GC(89) Pause Full (System.gc()) 800M->800M(5939M) 5064.212ms
[375.128s][info][gc,metaspace] GC(90) Metaspace: 101145K(115072K)->101145K(115072K) NonClass: 72459K(78464K)->72459K(78464K) Class: 28685K(36608K)->28685K(36608K)
[375.128s][info][gc          ] GC(90) Pause Full (System.gc()) 800M->800M(5939M) 5039.791ms
[380.159s][info][gc,metaspace] GC(91) Metaspace: 101145K(115072K)->101145K(115072K) NonClass: 72459K(78464K)->72459K(78464K) Class: 28685K(36608K)->28685K(36608K)
[380.159s][info][gc          ] GC(91) Pause Full (System.gc()) 800M->800M(5939M) 5026.787ms
[385.190s][info][gc,metaspace] GC(92) Metaspace: 101145K(115072K)->101145K(115072K) NonClass: 72459K(78464K)->72459K(78464K) Class: 28685K(36608K)->28685K(36608K)
[385.190s][info][gc          ] GC(92) Pause Full (System.gc()) 800M->800M(5939M) 5026.197ms
[390.221s][info][gc,metaspace] GC(93) Metaspace: 101145K(115072K)->101145K(115072K) NonClass: 72459K(78464K)->72459K(78464K) Class: 28685K(36608K)->28685K(36608K)
[390.221s][info][gc          ] GC(93) Pause Full (System.gc()) 800M->800M(5939M) 5026.506ms
[395.251s][info][gc,metaspace] GC(94) Metaspace: 101145K(115072K)->101145K(115072K) NonClass: 72459K(78464K)->72459K(78464K) Class: 28685K(36608K)->28685K(36608K)
[395.251s][info][gc          ] GC(94) Pause Full (System.gc()) 800M->800M(5939M) 5025.764ms
[400.289s][info][gc,metaspace] GC(95) Metaspace: 101145K(115072K)->101145K(115072K) NonClass: 72459K(78464K)->72459K(78464K) Class: 28685K(36608K)->28685K(36608K)
[400.289s][info][gc          ] GC(95) Pause Full (System.gc()) 800M->800M(5939M) 5032.899ms
[405.317s][info][gc,metaspace] GC(96) Metaspace: 101145K(115072K)->101145K(115072K) NonClass: 72459K(78464K)->72459K(78464K) Class: 28685K(36608K)->28685K(36608K)
[405.317s][info][gc          ] GC(96) Pause Full (System.gc()) 810M->800M(5939M) 5023.969ms
[410.351s][info][gc,metaspace] GC(97) Metaspace: 101145K(115072K)->101145K(115072K) NonClass: 72459K(78464K)->72459K(78464K) Class: 28685K(36608K)->28685K(36608K)
[410.351s][info][gc          ] GC(97) Pause Full (System.gc()) 800M->800M(5939M) 5029.110ms
[415.395s][info][gc,metaspace] GC(98) Metaspace: 101145K(115072K)->101145K(115072K) NonClass: 72459K(78464K)->72459K(78464K) Class: 28685K(36608K)->28685K(36608K)
[415.395s][info][gc          ] GC(98) Pause Full (System.gc()) 800M->800M(5939M) 5039.479ms
[420.422s][info][gc,metaspace] GC(99) Metaspace: 101145K(115072K)->101145K(115072K) NonClass: 72459K(78464K)->72459K(78464K) Class: 28685K(36608K)->28685K(36608K)
[420.422s][info][gc          ] GC(99) Pause Full (System.gc()) 800M->800M(5939M) 5022.390ms
[425.455s][info][gc,metaspace] GC(100) Metaspace: 101145K(115072K)->101145K(115072K) NonClass: 72459K(78464K)->72459K(78464K) Class: 28685K(36608K)->28685K(36608K)
[425.455s][info][gc          ] GC(100) Pause Full (System.gc()) 800M->800M(5939M) 5028.014ms
[430.488s][info][gc,metaspace] GC(101) Metaspace: 101145K(115072K)->101145K(115072K) NonClass: 72459K(78464K)->72459K(78464K) Class: 28685K(36608K)->28685K(36608K)
[430.488s][info][gc          ] GC(101) Pause Full (System.gc()) 800M->800M(5939M) 5028.660ms
[435.537s][info][gc,metaspace] GC(102) Metaspace: 101145K(115072K)->101145K(115072K) NonClass: 72459K(78464K)->72459K(78464K) Class: 28685K(36608K)->28685K(36608K)
[435.537s][info][gc          ] GC(102) Pause Full (System.gc()) 800M->800M(5939M) 5045.068ms
[440.575s][info][gc,metaspace] GC(103) Metaspace: 101145K(115072K)->101145K(115072K) NonClass: 72459K(78464K)->72459K(78464K) Class: 28685K(36608K)->28685K(36608K)
[440.575s][info][gc          ] GC(103) Pause Full (System.gc()) 800M->800M(5939M) 5033.183ms
[445.656s][info][gc,metaspace] GC(104) Metaspace: 101145K(115072K)->101145K(115072K) NonClass: 72459K(78464K)->72459K(78464K) Class: 28685K(36608K)->28685K(36608K)
[445.656s][info][gc          ] GC(104) Pause Full (System.gc()) 800M->800M(5939M) 5076.660ms
[450.687s][info][gc,metaspace] GC(105) Metaspace: 101145K(115072K)->101145K(115072K) NonClass: 72459K(78464K)->72459K(78464K) Class: 28685K(36608K)->28685K(36608K)
[450.687s][info][gc          ] GC(105) Pause Full (System.gc()) 800M->800M(5939M) 5026.518ms
[455.714s][info][gc,metaspace] GC(106) Metaspace: 101145K(115072K)->101145K(115072K) NonClass: 72459K(78464K)->72459K(78464K) Class: 28685K(36608K)->28685K(36608K)
[455.714s][info][gc          ] GC(106) Pause Full (System.gc()) 800M->800M(5939M) 5022.082ms
[460.744s][info][gc,metaspace] GC(107) Metaspace: 101145K(115072K)->101145K(115072K) NonClass: 72459K(78464K)->72459K(78464K) Class: 28685K(36608K)->28685K(36608K)
[460.744s][info][gc          ] GC(107) Pause Full (System.gc()) 800M->800M(5939M) 5024.892ms
[465.826s][info][gc,metaspace] GC(108) Metaspace: 101145K(115072K)->101145K(115072K) NonClass: 72459K(78464K)->72459K(78464K) Class: 28685K(36608K)->28685K(36608K)
[465.826s][info][gc          ] GC(108) Pause Full (System.gc()) 800M->800M(5939M) 5077.506ms
[470.853s][info][gc,metaspace] GC(109) Metaspace: 101145K(115072K)->101145K(115072K) NonClass: 72459K(78464K)->72459K(78464K) Class: 28685K(36608K)->28685K(36608K)
[470.853s][info][gc          ] GC(109) Pause Full (System.gc()) 810M->800M(5939M) 5023.093ms
[475.887s][info][gc,metaspace] GC(110) Metaspace: 101145K(115072K)->101145K(115072K) NonClass: 72459K(78464K)->72459K(78464K) Class: 28685K(36608K)->28685K(36608K)
[475.887s][info][gc          ] GC(110) Pause Full (System.gc()) 800M->800M(5939M) 5029.258ms
[480.920s][info][gc,metaspace] GC(111) Metaspace: 101145K(115072K)->101145K(115072K) NonClass: 72459K(78464K)->72459K(78464K) Class: 28685K(36608K)->28685K(36608K)
[480.920s][info][gc          ] GC(111) Pause Full (System.gc()) 800M->800M(5939M) 5028.734ms
[485.953s][info][gc,metaspace] GC(112) Metaspace: 101145K(115072K)->101145K(115072K) NonClass: 72459K(78464K)->72459K(78464K) Class: 28685K(36608K)->28685K(36608K)
[485.953s][info][gc          ] GC(112) Pause Full (System.gc()) 800M->800M(5939M) 5027.929ms
[490.995s][info][gc,metaspace] GC(113) Metaspace: 101145K(115072K)->101145K(115072K) NonClass: 72459K(78464K)->72459K(78464K) Class: 28685K(36608K)->28685K(36608K)
[490.995s][info][gc          ] GC(113) Pause Full (System.gc()) 800M->800M(5939M) 5037.803ms
[496.051s][info][gc,metaspace] GC(114) Metaspace: 101145K(115072K)->101145K(115072K) NonClass: 72459K(78464K)->72459K(78464K) Class: 28685K(36608K)->28685K(36608K)
[496.051s][info][gc          ] GC(114) Pause Full (System.gc()) 800M->800M(5939M) 5050.768ms
[501.080s][info][gc,metaspace] GC(115) Metaspace: 101145K(115072K)->101145K(115072K) NonClass: 72459K(78464K)->72459K(78464K) Class: 28685K(36608K)->28685K(36608K)
[501.080s][info][gc          ] GC(115) Pause Full (System.gc()) 800M->800M(5939M) 5025.118ms
[506.112s][info][gc,metaspace] GC(116) Metaspace: 101145K(115072K)->101145K(115072K) NonClass: 72459K(78464K)->72459K(78464K) Class: 28685K(36608K)->28685K(36608K)
[506.112s][info][gc          ] GC(116) Pause Full (System.gc()) 800M->800M(5939M) 5027.191ms
[511.147s][info][gc,metaspace] GC(117) Metaspace: 101145K(115072K)->101145K(115072K) NonClass: 72459K(78464K)->72459K(78464K) Class: 28685K(36608K)->28685K(36608K)
[511.147s][info][gc          ] GC(117) Pause Full (System.gc()) 800M->800M(5939M) 5029.971ms
[516.178s][info][gc,metaspace] GC(118) Metaspace: 101145K(115072K)->101145K(115072K) NonClass: 72459K(78464K)->72459K(78464K) Class: 28685K(36608K)->28685K(36608K)
[516.178s][info][gc          ] GC(118) Pause Full (System.gc()) 800M->800M(5939M) 5026.808ms
[521.211s][info][gc,metaspace] GC(119) Metaspace: 101145K(115072K)->101145K(115072K) NonClass: 72459K(78464K)->72459K(78464K) Class: 28685K(36608K)->28685K(36608K)
[521.212s][info][gc          ] GC(119) Pause Full (System.gc()) 800M->800M(5939M) 5028.721ms
[526.245s][info][gc,metaspace] GC(120) Metaspace: 101145K(115072K)->101145K(115072K) NonClass: 72459K(78464K)->72459K(78464K) Class: 28685K(36608K)->28685K(36608K)
[526.245s][info][gc          ] GC(120) Pause Full (System.gc()) 800M->800M(5939M) 5028.808ms
[531.278s][info][gc,metaspace] GC(121) Metaspace: 101145K(115072K)->101145K(115072K) NonClass: 72459K(78464K)->72459K(78464K) Class: 28685K(36608K)->28685K(36608K)
[531.278s][info][gc          ] GC(121) Pause Full (System.gc()) 800M->800M(5939M) 5028.951ms
[536.309s][info][gc,metaspace] GC(122) Metaspace: 101145K(115072K)->101145K(115072K) NonClass: 72459K(78464K)->72459K(78464K) Class: 28685K(36608K)->28685K(36608K)
[536.309s][info][gc          ] GC(122) Pause Full (System.gc()) 810M->800M(5939M) 5026.329ms
[541.350s][info][gc,metaspace] GC(123) Metaspace: 101145K(115072K)->101145K(115072K) NonClass: 72459K(78464K)->72459K(78464K) Class: 28685K(36608K)->28685K(36608K)
[541.350s][info][gc          ] GC(123) Pause Full (System.gc()) 800M->800M(5939M) 5035.784ms
[546.386s][info][gc,metaspace] GC(124) Metaspace: 101145K(115072K)->101145K(115072K) NonClass: 72459K(78464K)->72459K(78464K) Class: 28685K(36608K)->28685K(36608K)
[546.386s][info][gc          ] GC(124) Pause Full (System.gc()) 800M->800M(5939M) 5031.359ms
[551.424s][info][gc,metaspace] GC(125) Metaspace: 101145K(115072K)->101145K(115072K) NonClass: 72459K(78464K)->72459K(78464K) Class: 28685K(36608K)->28685K(36608K)
[551.424s][info][gc          ] GC(125) Pause Full (System.gc()) 800M->800M(5939M) 5033.459ms
[556.456s][info][gc,metaspace] GC(126) Metaspace: 101145K(115072K)->101145K(115072K) NonClass: 72459K(78464K)->72459K(78464K) Class: 28685K(36608K)->28685K(36608K)
[556.456s][info][gc          ] GC(126) Pause Full (System.gc()) 800M->800M(5939M) 5027.475ms
[561.488s][info][gc,metaspace] GC(127) Metaspace: 101145K(115072K)->101145K(115072K) NonClass: 72459K(78464K)->72459K(78464K) Class: 28685K(36608K)->28685K(36608K)
[561.488s][info][gc          ] GC(127) Pause Full (System.gc()) 800M->800M(5939M) 5028.252ms
[566.520s][info][gc,metaspace] GC(128) Metaspace: 101145K(115072K)->101145K(115072K) NonClass: 72459K(78464K)->72459K(78464K) Class: 28685K(36608K)->28685K(36608K)
[566.521s][info][gc          ] GC(128) Pause Full (System.gc()) 800M->800M(5939M) 5027.550ms
[571.549s][info][gc,metaspace] GC(129) Metaspace: 101145K(115072K)->101145K(115072K) NonClass: 72459K(78464K)->72459K(78464K) Class: 28685K(36608K)->28685K(36608K)
[571.549s][info][gc          ] GC(129) Pause Full (System.gc()) 800M->800M(5939M) 5023.705ms
[576.583s][info][gc,metaspace] GC(130) Metaspace: 101145K(115072K)->101145K(115072K) NonClass: 72459K(78464K)->72459K(78464K) Class: 28685K(36608K)->28685K(36608K)
[576.584s][info][gc          ] GC(130) Pause Full (System.gc()) 800M->800M(5939M) 5030.197ms
[581.613s][info][gc,metaspace] GC(131) Metaspace: 101145K(115072K)->101145K(115072K) NonClass: 72459K(78464K)->72459K(78464K) Class: 28685K(36608K)->28685K(36608K)
[581.613s][info][gc          ] GC(131) Pause Full (System.gc()) 800M->800M(5939M) 5024.640ms
[586.701s][info][gc,metaspace] GC(132) Metaspace: 101145K(115072K)->101145K(115072K) NonClass: 72459K(78464K)->72459K(78464K) Class: 28685K(36608K)->28685K(36608K)
[586.702s][info][gc          ] GC(132) Pause Full (System.gc()) 800M->800M(5939M) 5088.494ms
[591.735s][info][gc,metaspace] GC(133) Metaspace: 101145K(115072K)->101145K(115072K) NonClass: 72459K(78464K)->72459K(78464K) Class: 28685K(36608K)->28685K(36608K)
[591.735s][info][gc          ] GC(133) Pause Full (System.gc()) 800M->800M(5939M) 5033.121ms
[596.814s][info][gc,metaspace] GC(134) Metaspace: 101145K(115072K)->101145K(115072K) NonClass: 72459K(78464K)->72459K(78464K) Class: 28685K(36608K)->28685K(36608K)
[596.814s][info][gc          ] GC(134) Pause Full (System.gc()) 800M->800M(5939M) 5078.640ms
[601.848s][info][gc,metaspace] GC(135) Metaspace: 101145K(115072K)->101145K(115072K) NonClass: 72459K(78464K)->72459K(78464K) Class: 28685K(36608K)->28685K(36608K)
[601.848s][info][gc          ] GC(135) Pause Full (System.gc()) 810M->800M(5939M) 5029.338ms
[606.879s][info][gc,metaspace] GC(136) Metaspace: 101145K(115072K)->101145K(115072K) NonClass: 72459K(78464K)->72459K(78464K) Class: 28685K(36608K)->28685K(36608K)
[606.879s][info][gc          ] GC(136) Pause Full (System.gc()) 800M->800M(5939M) 5026.763ms
[611.917s][info][gc,metaspace] GC(137) Metaspace: 101145K(115072K)->101145K(115072K) NonClass: 72459K(78464K)->72459K(78464K) Class: 28685K(36608K)->28685K(36608K)
[611.917s][info][gc          ] GC(137) Pause Full (System.gc()) 800M->800M(5939M) 5033.555ms
After GCs... 
