Done; will start GCs... 
[13.737s][info][gc,metaspace] GC(17) Metaspace: 12563K(13056K)->12563K(13056K) NonClass: 11218K(11456K)->11218K(11456K) Class: 1345K(1600K)->1345K(1600K)
[13.737s][info][gc          ] GC(17) Pause Full (System.gc()) 1862M->1843M(5616M) 630.178ms
[14.324s][info][gc,metaspace] GC(18) Metaspace: 12563K(13056K)->12563K(13056K) NonClass: 11218K(11456K)->11218K(11456K) Class: 1345K(1600K)->1345K(1600K)
[14.324s][info][gc          ] GC(18) Pause Full (System.gc()) 1843M->1843M(5616M) 586.610ms
[15.012s][info][gc,metaspace] GC(19) Metaspace: 12563K(13056K)->12563K(13056K) NonClass: 11218K(11456K)->11218K(11456K) Class: 1345K(1600K)->1345K(1600K)
[15.012s][info][gc          ] GC(19) Pause Full (System.gc()) 1843M->1843M(5616M) 688.502ms
[15.592s][info][gc,metaspace] GC(20) Metaspace: 12563K(13056K)->12563K(13056K) NonClass: 11218K(11456K)->11218K(11456K) Class: 1345K(1600K)->1345K(1600K)
[15.592s][info][gc          ] GC(20) Pause Full (System.gc()) 1843M->1843M(5616M) 579.111ms
[16.206s][info][gc,metaspace] GC(21) Metaspace: 12563K(13056K)->12563K(13056K) NonClass: 11218K(11456K)->11218K(11456K) Class: 1345K(1600K)->1345K(1600K)
[16.206s][info][gc          ] GC(21) Pause Full (System.gc()) 1843M->1843M(5616M) 614.284ms
[16.913s][info][gc,metaspace] GC(22) Metaspace: 12563K(13056K)->12563K(13056K) NonClass: 11218K(11456K)->11218K(11456K) Class: 1345K(1600K)->1345K(1600K)
[16.913s][info][gc          ] GC(22) Pause Full (System.gc()) 1843M->1843M(5616M) 707.268ms
[17.522s][info][gc,metaspace] GC(23) Metaspace: 12563K(13056K)->12563K(13056K) NonClass: 11218K(11456K)->11218K(11456K) Class: 1345K(1600K)->1345K(1600K)
[17.522s][info][gc          ] GC(23) Pause Full (System.gc()) 1843M->1843M(5616M) 609.049ms
[18.110s][info][gc,metaspace] GC(24) Metaspace: 12563K(13056K)->12563K(13056K) NonClass: 11218K(11456K)->11218K(11456K) Class: 1345K(1600K)->1345K(1600K)
[18.110s][info][gc          ] GC(24) Pause Full (System.gc()) 1843M->1843M(5616M) 587.880ms
[18.780s][info][gc,metaspace] GC(25) Metaspace: 12563K(13056K)->12563K(13056K) NonClass: 11218K(11456K)->11218K(11456K) Class: 1345K(1600K)->1345K(1600K)
[18.780s][info][gc          ] GC(25) Pause Full (System.gc()) 1843M->1843M(5616M) 669.100ms
[19.354s][info][gc,metaspace] GC(26) Metaspace: 12563K(13056K)->12563K(13056K) NonClass: 11218K(11456K)->11218K(11456K) Class: 1345K(1600K)->1345K(1600K)
[19.354s][info][gc          ] GC(26) Pause Full (System.gc()) 1843M->1843M(5616M) 573.919ms
[19.947s][info][gc,metaspace] GC(27) Metaspace: 12563K(13056K)->12563K(13056K) NonClass: 11218K(11456K)->11218K(11456K) Class: 1345K(1600K)->1345K(1600K)
[19.947s][info][gc          ] GC(27) Pause Full (System.gc()) 1843M->1843M(5616M) 589.322ms
[20.527s][info][gc,metaspace] GC(28) Metaspace: 12563K(13056K)->12563K(13056K) NonClass: 11218K(11456K)->11218K(11456K) Class: 1345K(1600K)->1345K(1600K)
[20.528s][info][gc          ] GC(28) Pause Full (System.gc()) 1843M->1843M(5616M) 580.118ms
[21.143s][info][gc,metaspace] GC(29) Metaspace: 12563K(13056K)->12563K(13056K) NonClass: 11218K(11456K)->11218K(11456K) Class: 1345K(1600K)->1345K(1600K)
[21.144s][info][gc          ] GC(29) Pause Full (System.gc()) 1843M->1843M(5616M) 615.939ms
[21.756s][info][gc,metaspace] GC(30) Metaspace: 12563K(13056K)->12563K(13056K) NonClass: 11218K(11456K)->11218K(11456K) Class: 1345K(1600K)->1345K(1600K)
[21.756s][info][gc          ] GC(30) Pause Full (System.gc()) 1843M->1843M(5616M) 612.075ms
[22.333s][info][gc,metaspace] GC(31) Metaspace: 12563K(13056K)->12563K(13056K) NonClass: 11218K(11456K)->11218K(11456K) Class: 1345K(1600K)->1345K(1600K)
[22.333s][info][gc          ] GC(31) Pause Full (System.gc()) 1843M->1843M(5616M) 577.544ms
[22.951s][info][gc,metaspace] GC(32) Metaspace: 12563K(13056K)->12563K(13056K) NonClass: 11218K(11456K)->11218K(11456K) Class: 1345K(1600K)->1345K(1600K)
[22.951s][info][gc          ] GC(32) Pause Full (System.gc()) 1843M->1843M(5616M) 618.067ms
[23.523s][info][gc,metaspace] GC(33) Metaspace: 12563K(13056K)->12563K(13056K) NonClass: 11218K(11456K)->11218K(11456K) Class: 1345K(1600K)->1345K(1600K)
[23.523s][info][gc          ] GC(33) Pause Full (System.gc()) 1843M->1843M(5616M) 571.419ms
[24.144s][info][gc,metaspace] GC(34) Metaspace: 12563K(13056K)->12563K(13056K) NonClass: 11218K(11456K)->11218K(11456K) Class: 1345K(1600K)->1345K(1600K)
[24.144s][info][gc          ] GC(34) Pause Full (System.gc()) 1843M->1843M(5616M) 620.566ms
[24.765s][info][gc,metaspace] GC(35) Metaspace: 12563K(13056K)->12563K(13056K) NonClass: 11218K(11456K)->11218K(11456K) Class: 1345K(1600K)->1345K(1600K)
[24.765s][info][gc          ] GC(35) Pause Full (System.gc()) 1843M->1843M(5616M) 621.236ms
[25.337s][info][gc,metaspace] GC(36) Metaspace: 12563K(13056K)->12563K(13056K) NonClass: 11218K(11456K)->11218K(11456K) Class: 1345K(1600K)->1345K(1600K)
[25.337s][info][gc          ] GC(36) Pause Full (System.gc()) 1843M->1843M(5616M) 571.971ms
[25.950s][info][gc,metaspace] GC(37) Metaspace: 12563K(13056K)->12563K(13056K) NonClass: 11218K(11456K)->11218K(11456K) Class: 1345K(1600K)->1345K(1600K)
[25.950s][info][gc          ] GC(37) Pause Full (System.gc()) 1843M->1843M(5616M) 612.657ms
[26.535s][info][gc,metaspace] GC(38) Metaspace: 12563K(13056K)->12563K(13056K) NonClass: 11218K(11456K)->11218K(11456K) Class: 1345K(1600K)->1345K(1600K)
[26.535s][info][gc          ] GC(38) Pause Full (System.gc()) 1843M->1843M(5616M) 584.864ms
[27.148s][info][gc,metaspace] GC(39) Metaspace: 12563K(13056K)->12563K(13056K) NonClass: 11218K(11456K)->11218K(11456K) Class: 1345K(1600K)->1345K(1600K)
[27.148s][info][gc          ] GC(39) Pause Full (System.gc()) 1843M->1843M(5616M) 613.547ms
[27.839s][info][gc,metaspace] GC(40) Metaspace: 12563K(13056K)->12563K(13056K) NonClass: 11218K(11456K)->11218K(11456K) Class: 1345K(1600K)->1345K(1600K)
[27.839s][info][gc          ] GC(40) Pause Full (System.gc()) 1843M->1843M(5616M) 690.399ms
[28.428s][info][gc,metaspace] GC(41) Metaspace: 12563K(13056K)->12563K(13056K) NonClass: 11218K(11456K)->11218K(11456K) Class: 1345K(1600K)->1345K(1600K)
[28.428s][info][gc          ] GC(41) Pause Full (System.gc()) 1843M->1843M(5616M) 589.517ms
[29.009s][info][gc,metaspace] GC(42) Metaspace: 12563K(13056K)->12563K(13056K) NonClass: 11218K(11456K)->11218K(11456K) Class: 1345K(1600K)->1345K(1600K)
[29.009s][info][gc          ] GC(42) Pause Full (System.gc()) 1843M->1843M(5616M) 580.464ms
[29.581s][info][gc,metaspace] GC(43) Metaspace: 12563K(13056K)->12563K(13056K) NonClass: 11218K(11456K)->11218K(11456K) Class: 1345K(1600K)->1345K(1600K)
[29.581s][info][gc          ] GC(43) Pause Full (System.gc()) 1843M->1843M(5616M) 572.200ms
[30.195s][info][gc,metaspace] GC(44) Metaspace: 12563K(13056K)->12563K(13056K) NonClass: 11218K(11456K)->11218K(11456K) Class: 1345K(1600K)->1345K(1600K)
[30.195s][info][gc          ] GC(44) Pause Full (System.gc()) 1843M->1843M(5616M) 614.082ms
[30.810s][info][gc,metaspace] GC(45) Metaspace: 12563K(13056K)->12563K(13056K) NonClass: 11218K(11456K)->11218K(11456K) Class: 1345K(1600K)->1345K(1600K)
[30.810s][info][gc          ] GC(45) Pause Full (System.gc()) 1843M->1843M(5616M) 610.467ms
[31.381s][info][gc,metaspace] GC(46) Metaspace: 12563K(13056K)->12563K(13056K) NonClass: 11218K(11456K)->11218K(11456K) Class: 1345K(1600K)->1345K(1600K)
[31.381s][info][gc          ] GC(46) Pause Full (System.gc()) 1843M->1843M(5616M) 570.964ms
[31.994s][info][gc,metaspace] GC(47) Metaspace: 12563K(13056K)->12563K(13056K) NonClass: 11218K(11456K)->11218K(11456K) Class: 1345K(1600K)->1345K(1600K)
[31.994s][info][gc          ] GC(47) Pause Full (System.gc()) 1843M->1843M(5616M) 612.731ms
[32.584s][info][gc,metaspace] GC(48) Metaspace: 12563K(13056K)->12563K(13056K) NonClass: 11218K(11456K)->11218K(11456K) Class: 1345K(1600K)->1345K(1600K)
[32.584s][info][gc          ] GC(48) Pause Full (System.gc()) 1843M->1843M(5616M) 589.787ms
[33.193s][info][gc,metaspace] GC(49) Metaspace: 12563K(13056K)->12563K(13056K) NonClass: 11218K(11456K)->11218K(11456K) Class: 1345K(1600K)->1345K(1600K)
[33.193s][info][gc          ] GC(49) Pause Full (System.gc()) 1843M->1843M(5616M) 608.595ms
[33.855s][info][gc,metaspace] GC(50) Metaspace: 12563K(13056K)->12563K(13056K) NonClass: 11218K(11456K)->11218K(11456K) Class: 1345K(1600K)->1345K(1600K)
[33.855s][info][gc          ] GC(50) Pause Full (System.gc()) 1843M->1843M(5616M) 662.735ms
[34.445s][info][gc,metaspace] GC(51) Metaspace: 12563K(13056K)->12563K(13056K) NonClass: 11218K(11456K)->11218K(11456K) Class: 1345K(1600K)->1345K(1600K)
[34.445s][info][gc          ] GC(51) Pause Full (System.gc()) 1843M->1843M(5616M) 589.530ms
[35.073s][info][gc,metaspace] GC(52) Metaspace: 12563K(13056K)->12563K(13056K) NonClass: 11218K(11456K)->11218K(11456K) Class: 1345K(1600K)->1345K(1600K)
[35.073s][info][gc          ] GC(52) Pause Full (System.gc()) 1843M->1843M(5616M) 627.601ms
[35.696s][info][gc,metaspace] GC(53) Metaspace: 12563K(13056K)->12563K(13056K) NonClass: 11218K(11456K)->11218K(11456K) Class: 1345K(1600K)->1345K(1600K)
[35.696s][info][gc          ] GC(53) Pause Full (System.gc()) 1843M->1843M(5616M) 623.157ms
[36.280s][info][gc,metaspace] GC(54) Metaspace: 12563K(13056K)->12563K(13056K) NonClass: 11218K(11456K)->11218K(11456K) Class: 1345K(1600K)->1345K(1600K)
[36.280s][info][gc          ] GC(54) Pause Full (System.gc()) 1843M->1843M(5616M) 583.849ms
[36.885s][info][gc,metaspace] GC(55) Metaspace: 12563K(13056K)->12563K(13056K) NonClass: 11218K(11456K)->11218K(11456K) Class: 1345K(1600K)->1345K(1600K)
[36.885s][info][gc          ] GC(55) Pause Full (System.gc()) 1843M->1843M(5616M) 605.071ms
[37.469s][info][gc,metaspace] GC(56) Metaspace: 12563K(13056K)->12563K(13056K) NonClass: 11218K(11456K)->11218K(11456K) Class: 1345K(1600K)->1345K(1600K)
[37.469s][info][gc          ] GC(56) Pause Full (System.gc()) 1843M->1843M(5616M) 583.453ms
[38.082s][info][gc,metaspace] GC(57) Metaspace: 12563K(13056K)->12563K(13056K) NonClass: 11218K(11456K)->11218K(11456K) Class: 1345K(1600K)->1345K(1600K)
[38.082s][info][gc          ] GC(57) Pause Full (System.gc()) 1843M->1843M(5616M) 613.668ms
[38.712s][info][gc,metaspace] GC(58) Metaspace: 12563K(13056K)->12563K(13056K) NonClass: 11218K(11456K)->11218K(11456K) Class: 1345K(1600K)->1345K(1600K)
[38.712s][info][gc          ] GC(58) Pause Full (System.gc()) 1843M->1843M(5616M) 629.281ms
[39.291s][info][gc,metaspace] GC(59) Metaspace: 12563K(13056K)->12563K(13056K) NonClass: 11218K(11456K)->11218K(11456K) Class: 1345K(1600K)->1345K(1600K)
[39.291s][info][gc          ] GC(59) Pause Full (System.gc()) 1843M->1843M(5616M) 578.735ms
[39.893s][info][gc,metaspace] GC(60) Metaspace: 12563K(13056K)->12563K(13056K) NonClass: 11218K(11456K)->11218K(11456K) Class: 1345K(1600K)->1345K(1600K)
[39.893s][info][gc          ] GC(60) Pause Full (System.gc()) 1843M->1843M(5616M) 602.672ms
[40.473s][info][gc,metaspace] GC(61) Metaspace: 12563K(13056K)->12563K(13056K) NonClass: 11218K(11456K)->11218K(11456K) Class: 1345K(1600K)->1345K(1600K)
[40.473s][info][gc          ] GC(61) Pause Full (System.gc()) 1843M->1843M(5616M) 579.480ms
[41.090s][info][gc,metaspace] GC(62) Metaspace: 12563K(13056K)->12563K(13056K) NonClass: 11218K(11456K)->11218K(11456K) Class: 1345K(1600K)->1345K(1600K)
[41.090s][info][gc          ] GC(62) Pause Full (System.gc()) 1843M->1843M(5616M) 616.573ms
[41.736s][info][gc,metaspace] GC(63) Metaspace: 12563K(13056K)->12563K(13056K) NonClass: 11218K(11456K)->11218K(11456K) Class: 1345K(1600K)->1345K(1600K)
[41.737s][info][gc          ] GC(63) Pause Full (System.gc()) 1843M->1843M(5616M) 646.902ms
[42.320s][info][gc,metaspace] GC(64) Metaspace: 12563K(13056K)->12563K(13056K) NonClass: 11218K(11456K)->11218K(11456K) Class: 1345K(1600K)->1345K(1600K)
[42.320s][info][gc          ] GC(64) Pause Full (System.gc()) 1843M->1843M(5616M) 582.977ms
[42.921s][info][gc,metaspace] GC(65) Metaspace: 12563K(13056K)->12563K(13056K) NonClass: 11218K(11456K)->11218K(11456K) Class: 1345K(1600K)->1345K(1600K)
[42.921s][info][gc          ] GC(65) Pause Full (System.gc()) 1843M->1843M(5616M) 601.172ms
[43.496s][info][gc,metaspace] GC(66) Metaspace: 12563K(13056K)->12563K(13056K) NonClass: 11218K(11456K)->11218K(11456K) Class: 1345K(1600K)->1345K(1600K)
[43.496s][info][gc          ] GC(66) Pause Full (System.gc()) 1843M->1843M(5616M) 575.179ms
After GCs... 
