Done; will start GCs... 
[14.022s][info][gc,metaspace] GC(15) Metaspace: 12584K(13056K)->12584K(13056K) NonClass: 10412K(10624K)->10412K(10624K) Class: 2171K(2432K)->2171K(2432K)
[14.022s][info][gc          ] GC(15) Pause Full (System.gc()) 1658M->1638M(5616M) 675.943ms
[14.655s][info][gc,metaspace] GC(16) Metaspace: 12584K(13056K)->12584K(13056K) NonClass: 10412K(10624K)->10412K(10624K) Class: 2171K(2432K)->2171K(2432K)
[14.655s][info][gc          ] GC(16) Pause Full (System.gc()) 1638M->1638M(5616M) 633.303ms
[15.252s][info][gc,metaspace] GC(17) Metaspace: 12584K(13056K)->12584K(13056K) NonClass: 10412K(10624K)->10412K(10624K) Class: 2171K(2432K)->2171K(2432K)
[15.252s][info][gc          ] GC(17) Pause Full (System.gc()) 1638M->1638M(5616M) 596.970ms
[15.940s][info][gc,metaspace] GC(18) Metaspace: 12584K(13056K)->12584K(13056K) NonClass: 10412K(10624K)->10412K(10624K) Class: 2171K(2432K)->2171K(2432K)
[15.940s][info][gc          ] GC(18) Pause Full (System.gc()) 1638M->1638M(5616M) 687.309ms
[16.517s][info][gc,metaspace] GC(19) Metaspace: 12584K(13056K)->12584K(13056K) NonClass: 10412K(10624K)->10412K(10624K) Class: 2171K(2432K)->2171K(2432K)
[16.517s][info][gc          ] GC(19) Pause Full (System.gc()) 1638M->1638M(5616M) 577.619ms
[17.098s][info][gc,metaspace] GC(20) Metaspace: 12584K(13056K)->12584K(13056K) NonClass: 10412K(10624K)->10412K(10624K) Class: 2171K(2432K)->2171K(2432K)
[17.098s][info][gc          ] GC(20) Pause Full (System.gc()) 1638M->1638M(5616M) 580.207ms
[17.730s][info][gc,metaspace] GC(21) Metaspace: 12584K(13056K)->12584K(13056K) NonClass: 10412K(10624K)->10412K(10624K) Class: 2171K(2432K)->2171K(2432K)
[17.730s][info][gc          ] GC(21) Pause Full (System.gc()) 1638M->1638M(5616M) 632.104ms
[18.308s][info][gc,metaspace] GC(22) Metaspace: 12584K(13056K)->12584K(13056K) NonClass: 10412K(10624K)->10412K(10624K) Class: 2171K(2432K)->2171K(2432K)
[18.308s][info][gc          ] GC(22) Pause Full (System.gc()) 1638M->1638M(5616M) 577.726ms
[18.907s][info][gc,metaspace] GC(23) Metaspace: 12584K(13056K)->12584K(13056K) NonClass: 10412K(10624K)->10412K(10624K) Class: 2171K(2432K)->2171K(2432K)
[18.907s][info][gc          ] GC(23) Pause Full (System.gc()) 1638M->1638M(5616M) 599.363ms
[19.490s][info][gc,metaspace] GC(24) Metaspace: 12584K(13056K)->12584K(13056K) NonClass: 10412K(10624K)->10412K(10624K) Class: 2171K(2432K)->2171K(2432K)
[19.491s][info][gc          ] GC(24) Pause Full (System.gc()) 1638M->1638M(5616M) 583.234ms
[20.112s][info][gc,metaspace] GC(25) Metaspace: 12584K(13056K)->12584K(13056K) NonClass: 10412K(10624K)->10412K(10624K) Class: 2171K(2432K)->2171K(2432K)
[20.112s][info][gc          ] GC(25) Pause Full (System.gc()) 1638M->1638M(5616M) 620.963ms
[20.814s][info][gc,metaspace] GC(26) Metaspace: 12584K(13056K)->12584K(13056K) NonClass: 10412K(10624K)->10412K(10624K) Class: 2171K(2432K)->2171K(2432K)
[20.814s][info][gc          ] GC(26) Pause Full (System.gc()) 1638M->1638M(5616M) 702.505ms
[21.394s][info][gc,metaspace] GC(27) Metaspace: 12584K(13056K)->12584K(13056K) NonClass: 10412K(10624K)->10412K(10624K) Class: 2171K(2432K)->2171K(2432K)
[21.394s][info][gc          ] GC(27) Pause Full (System.gc()) 1638M->1638M(5616M) 580.028ms
[21.984s][info][gc,metaspace] GC(28) Metaspace: 12584K(13056K)->12584K(13056K) NonClass: 10412K(10624K)->10412K(10624K) Class: 2171K(2432K)->2171K(2432K)
[21.984s][info][gc          ] GC(28) Pause Full (System.gc()) 1638M->1638M(5616M) 589.873ms
[22.553s][info][gc,metaspace] GC(29) Metaspace: 12584K(13056K)->12584K(13056K) NonClass: 10412K(10624K)->10412K(10624K) Class: 2171K(2432K)->2171K(2432K)
[22.553s][info][gc          ] GC(29) Pause Full (System.gc()) 1638M->1638M(5616M) 568.912ms
[23.181s][info][gc,metaspace] GC(30) Metaspace: 12584K(13056K)->12584K(13056K) NonClass: 10412K(10624K)->10412K(10624K) Class: 2171K(2432K)->2171K(2432K)
[23.182s][info][gc          ] GC(30) Pause Full (System.gc()) 1638M->1638M(5616M) 628.213ms
[23.807s][info][gc,metaspace] GC(31) Metaspace: 12584K(13056K)->12584K(13056K) NonClass: 10412K(10624K)->10412K(10624K) Class: 2171K(2432K)->2171K(2432K)
[23.807s][info][gc          ] GC(31) Pause Full (System.gc()) 1638M->1638M(5616M) 625.810ms
[24.374s][info][gc,metaspace] GC(32) Metaspace: 12584K(13056K)->12584K(13056K) NonClass: 10412K(10624K)->10412K(10624K) Class: 2171K(2432K)->2171K(2432K)
[24.374s][info][gc          ] GC(32) Pause Full (System.gc()) 1638M->1638M(5616M) 566.828ms
[24.983s][info][gc,metaspace] GC(33) Metaspace: 12584K(13056K)->12584K(13056K) NonClass: 10412K(10624K)->10412K(10624K) Class: 2171K(2432K)->2171K(2432K)
[24.984s][info][gc          ] GC(33) Pause Full (System.gc()) 1638M->1638M(5616M) 609.144ms
[25.553s][info][gc,metaspace] GC(34) Metaspace: 12584K(13056K)->12584K(13056K) NonClass: 10412K(10624K)->10412K(10624K) Class: 2171K(2432K)->2171K(2432K)
[25.553s][info][gc          ] GC(34) Pause Full (System.gc()) 1638M->1638M(5616M) 569.609ms
[26.263s][info][gc,metaspace] GC(35) Metaspace: 12584K(13056K)->12584K(13056K) NonClass: 10412K(10624K)->10412K(10624K) Class: 2171K(2432K)->2171K(2432K)
[26.263s][info][gc          ] GC(35) Pause Full (System.gc()) 1638M->1638M(5616M) 709.892ms
[26.851s][info][gc,metaspace] GC(36) Metaspace: 12584K(13056K)->12584K(13056K) NonClass: 10412K(10624K)->10412K(10624K) Class: 2171K(2432K)->2171K(2432K)
[26.851s][info][gc          ] GC(36) Pause Full (System.gc()) 1638M->1638M(5616M) 588.175ms
[27.419s][info][gc,metaspace] GC(37) Metaspace: 12584K(13056K)->12584K(13056K) NonClass: 10412K(10624K)->10412K(10624K) Class: 2171K(2432K)->2171K(2432K)
[27.419s][info][gc          ] GC(37) Pause Full (System.gc()) 1638M->1638M(5616M) 567.253ms
[28.041s][info][gc,metaspace] GC(38) Metaspace: 12584K(13056K)->12584K(13056K) NonClass: 10412K(10624K)->10412K(10624K) Class: 2171K(2432K)->2171K(2432K)
[28.041s][info][gc          ] GC(38) Pause Full (System.gc()) 1638M->1638M(5616M) 621.718ms
[28.689s][info][gc,metaspace] GC(39) Metaspace: 12584K(13056K)->12584K(13056K) NonClass: 10412K(10624K)->10412K(10624K) Class: 2171K(2432K)->2171K(2432K)
[28.690s][info][gc          ] GC(39) Pause Full (System.gc()) 1638M->1638M(5616M) 648.851ms
[29.277s][info][gc,metaspace] GC(40) Metaspace: 12584K(13056K)->12584K(13056K) NonClass: 10412K(10624K)->10412K(10624K) Class: 2171K(2432K)->2171K(2432K)
[29.277s][info][gc          ] GC(40) Pause Full (System.gc()) 1638M->1638M(5616M) 583.273ms
[29.880s][info][gc,metaspace] GC(41) Metaspace: 12584K(13056K)->12584K(13056K) NonClass: 10412K(10624K)->10412K(10624K) Class: 2171K(2432K)->2171K(2432K)
[29.880s][info][gc          ] GC(41) Pause Full (System.gc()) 1638M->1638M(5616M) 602.778ms
[30.455s][info][gc,metaspace] GC(42) Metaspace: 12584K(13056K)->12584K(13056K) NonClass: 10412K(10624K)->10412K(10624K) Class: 2171K(2432K)->2171K(2432K)
[30.455s][info][gc          ] GC(42) Pause Full (System.gc()) 1638M->1638M(5616M) 575.093ms
[31.074s][info][gc,metaspace] GC(43) Metaspace: 12584K(13056K)->12584K(13056K) NonClass: 10412K(10624K)->10412K(10624K) Class: 2171K(2432K)->2171K(2432K)
[31.074s][info][gc          ] GC(43) Pause Full (System.gc()) 1638M->1638M(5616M) 618.996ms
[31.692s][info][gc,metaspace] GC(44) Metaspace: 12584K(13056K)->12584K(13056K) NonClass: 10412K(10624K)->10412K(10624K) Class: 2171K(2432K)->2171K(2432K)
[31.692s][info][gc          ] GC(44) Pause Full (System.gc()) 1638M->1638M(5616M) 617.519ms
[32.279s][info][gc,metaspace] GC(45) Metaspace: 12584K(13056K)->12584K(13056K) NonClass: 10412K(10624K)->10412K(10624K) Class: 2171K(2432K)->2171K(2432K)
[32.279s][info][gc          ] GC(45) Pause Full (System.gc()) 1638M->1638M(5616M) 587.268ms
[32.957s][info][gc,metaspace] GC(46) Metaspace: 12584K(13056K)->12584K(13056K) NonClass: 10412K(10624K)->10412K(10624K) Class: 2171K(2432K)->2171K(2432K)
[32.957s][info][gc          ] GC(46) Pause Full (System.gc()) 1638M->1638M(5616M) 677.865ms
[33.535s][info][gc,metaspace] GC(47) Metaspace: 12584K(13056K)->12584K(13056K) NonClass: 10412K(10624K)->10412K(10624K) Class: 2171K(2432K)->2171K(2432K)
[33.535s][info][gc          ] GC(47) Pause Full (System.gc()) 1638M->1638M(5616M) 578.000ms
[34.119s][info][gc,metaspace] GC(48) Metaspace: 12584K(13056K)->12584K(13056K) NonClass: 10412K(10624K)->10412K(10624K) Class: 2171K(2432K)->2171K(2432K)
[34.120s][info][gc          ] GC(48) Pause Full (System.gc()) 1638M->1638M(5616M) 584.169ms
[34.813s][info][gc,metaspace] GC(49) Metaspace: 12584K(13056K)->12584K(13056K) NonClass: 10412K(10624K)->10412K(10624K) Class: 2171K(2432K)->2171K(2432K)
[34.813s][info][gc          ] GC(49) Pause Full (System.gc()) 1638M->1638M(5616M) 693.391ms
[35.438s][info][gc,metaspace] GC(50) Metaspace: 12584K(13056K)->12584K(13056K) NonClass: 10412K(10624K)->10412K(10624K) Class: 2171K(2432K)->2171K(2432K)
[35.438s][info][gc          ] GC(50) Pause Full (System.gc()) 1638M->1638M(5616M) 624.937ms
[36.013s][info][gc,metaspace] GC(51) Metaspace: 12584K(13056K)->12584K(13056K) NonClass: 10412K(10624K)->10412K(10624K) Class: 2171K(2432K)->2171K(2432K)
[36.013s][info][gc          ] GC(51) Pause Full (System.gc()) 1638M->1638M(5616M) 574.560ms
[36.647s][info][gc,metaspace] GC(52) Metaspace: 12584K(13056K)->12584K(13056K) NonClass: 10412K(10624K)->10412K(10624K) Class: 2171K(2432K)->2171K(2432K)
[36.647s][info][gc          ] GC(52) Pause Full (System.gc()) 1638M->1638M(5616M) 634.383ms
[37.225s][info][gc,metaspace] GC(53) Metaspace: 12584K(13056K)->12584K(13056K) NonClass: 10412K(10624K)->10412K(10624K) Class: 2171K(2432K)->2171K(2432K)
[37.225s][info][gc          ] GC(53) Pause Full (System.gc()) 1638M->1638M(5616M) 577.859ms
[37.919s][info][gc,metaspace] GC(54) Metaspace: 12584K(13056K)->12584K(13056K) NonClass: 10412K(10624K)->10412K(10624K) Class: 2171K(2432K)->2171K(2432K)
[37.919s][info][gc          ] GC(54) Pause Full (System.gc()) 1638M->1638M(5616M) 693.408ms
[38.509s][info][gc,metaspace] GC(55) Metaspace: 12584K(13056K)->12584K(13056K) NonClass: 10412K(10624K)->10412K(10624K) Class: 2171K(2432K)->2171K(2432K)
[38.509s][info][gc          ] GC(55) Pause Full (System.gc()) 1638M->1638M(5616M) 590.593ms
[39.085s][info][gc,metaspace] GC(56) Metaspace: 12584K(13056K)->12584K(13056K) NonClass: 10412K(10624K)->10412K(10624K) Class: 2171K(2432K)->2171K(2432K)
[39.085s][info][gc          ] GC(56) Pause Full (System.gc()) 1638M->1638M(5616M) 575.269ms
[39.717s][info][gc,metaspace] GC(57) Metaspace: 12584K(13056K)->12584K(13056K) NonClass: 10412K(10624K)->10412K(10624K) Class: 2171K(2432K)->2171K(2432K)
[39.717s][info][gc          ] GC(57) Pause Full (System.gc()) 1638M->1638M(5616M) 631.997ms
[40.297s][info][gc,metaspace] GC(58) Metaspace: 12584K(13056K)->12584K(13056K) NonClass: 10412K(10624K)->10412K(10624K) Class: 2171K(2432K)->2171K(2432K)
[40.297s][info][gc          ] GC(58) Pause Full (System.gc()) 1638M->1638M(5616M) 580.147ms
[40.895s][info][gc,metaspace] GC(59) Metaspace: 12584K(13056K)->12584K(13056K) NonClass: 10412K(10624K)->10412K(10624K) Class: 2171K(2432K)->2171K(2432K)
[40.895s][info][gc          ] GC(59) Pause Full (System.gc()) 1638M->1638M(5616M) 598.258ms
[41.465s][info][gc,metaspace] GC(60) Metaspace: 12584K(13056K)->12584K(13056K) NonClass: 10412K(10624K)->10412K(10624K) Class: 2171K(2432K)->2171K(2432K)
[41.465s][info][gc          ] GC(60) Pause Full (System.gc()) 1638M->1638M(5616M) 569.670ms
[42.080s][info][gc,metaspace] GC(61) Metaspace: 12584K(13056K)->12584K(13056K) NonClass: 10412K(10624K)->10412K(10624K) Class: 2171K(2432K)->2171K(2432K)
[42.080s][info][gc          ] GC(61) Pause Full (System.gc()) 1638M->1638M(5616M) 615.206ms
[42.705s][info][gc,metaspace] GC(62) Metaspace: 12584K(13056K)->12584K(13056K) NonClass: 10412K(10624K)->10412K(10624K) Class: 2171K(2432K)->2171K(2432K)
[42.705s][info][gc          ] GC(62) Pause Full (System.gc()) 1638M->1638M(5616M) 624.234ms
[43.281s][info][gc,metaspace] GC(63) Metaspace: 12584K(13056K)->12584K(13056K) NonClass: 10412K(10624K)->10412K(10624K) Class: 2171K(2432K)->2171K(2432K)
[43.281s][info][gc          ] GC(63) Pause Full (System.gc()) 1638M->1638M(5616M) 576.348ms
[43.882s][info][gc,metaspace] GC(64) Metaspace: 12584K(13056K)->12584K(13056K) NonClass: 10412K(10624K)->10412K(10624K) Class: 2171K(2432K)->2171K(2432K)
[43.882s][info][gc          ] GC(64) Pause Full (System.gc()) 1638M->1638M(5616M) 600.666ms
After GCs... 
