Done; will start GCs... 
[14.423s][info][gc,metaspace] GC(15) Metaspace: 12589K(13056K)->12589K(13056K) NonClass: 10418K(10624K)->10418K(10624K) Class: 2170K(2432K)->2170K(2432K)
[14.423s][info][gc          ] GC(15) Pause Full (System.gc()) 1658M->1638M(5616M) 594.735ms
[14.987s][info][gc,metaspace] GC(16) Metaspace: 12589K(13056K)->12589K(13056K) NonClass: 10418K(10624K)->10418K(10624K) Class: 2170K(2432K)->2170K(2432K)
[14.987s][info][gc          ] GC(16) Pause Full (System.gc()) 1638M->1638M(5616M) 564.400ms
[15.584s][info][gc,metaspace] GC(17) Metaspace: 12589K(13056K)->12589K(13056K) NonClass: 10418K(10624K)->10418K(10624K) Class: 2170K(2432K)->2170K(2432K)
[15.584s][info][gc          ] GC(17) Pause Full (System.gc()) 1638M->1638M(5616M) 596.313ms
[16.243s][info][gc,metaspace] GC(18) Metaspace: 12589K(13056K)->12589K(13056K) NonClass: 10418K(10624K)->10418K(10624K) Class: 2170K(2432K)->2170K(2432K)
[16.243s][info][gc          ] GC(18) Pause Full (System.gc()) 1638M->1638M(5616M) 659.308ms
[16.809s][info][gc,metaspace] GC(19) Metaspace: 12589K(13056K)->12589K(13056K) NonClass: 10418K(10624K)->10418K(10624K) Class: 2170K(2432K)->2170K(2432K)
[16.809s][info][gc          ] GC(19) Pause Full (System.gc()) 1638M->1638M(5616M) 565.993ms
[17.375s][info][gc,metaspace] GC(20) Metaspace: 12589K(13056K)->12589K(13056K) NonClass: 10418K(10624K)->10418K(10624K) Class: 2170K(2432K)->2170K(2432K)
[17.375s][info][gc          ] GC(20) Pause Full (System.gc()) 1638M->1638M(5616M) 565.421ms
[17.937s][info][gc,metaspace] GC(21) Metaspace: 12589K(13056K)->12589K(13056K) NonClass: 10418K(10624K)->10418K(10624K) Class: 2170K(2432K)->2170K(2432K)
[17.938s][info][gc          ] GC(21) Pause Full (System.gc()) 1638M->1638M(5616M) 562.785ms
[18.539s][info][gc,metaspace] GC(22) Metaspace: 12589K(13056K)->12589K(13056K) NonClass: 10418K(10624K)->10418K(10624K) Class: 2170K(2432K)->2170K(2432K)
[18.539s][info][gc          ] GC(22) Pause Full (System.gc()) 1638M->1638M(5616M) 601.012ms
[19.180s][info][gc,metaspace] GC(23) Metaspace: 12589K(13056K)->12589K(13056K) NonClass: 10418K(10624K)->10418K(10624K) Class: 2170K(2432K)->2170K(2432K)
[19.180s][info][gc          ] GC(23) Pause Full (System.gc()) 1638M->1638M(5616M) 641.277ms
[19.766s][info][gc,metaspace] GC(24) Metaspace: 12589K(13056K)->12589K(13056K) NonClass: 10418K(10624K)->10418K(10624K) Class: 2170K(2432K)->2170K(2432K)
[19.766s][info][gc          ] GC(24) Pause Full (System.gc()) 1638M->1638M(5616M) 581.591ms
[20.342s][info][gc,metaspace] GC(25) Metaspace: 12589K(13056K)->12589K(13056K) NonClass: 10418K(10624K)->10418K(10624K) Class: 2170K(2432K)->2170K(2432K)
[20.342s][info][gc          ] GC(25) Pause Full (System.gc()) 1638M->1638M(5616M) 575.662ms
[20.904s][info][gc,metaspace] GC(26) Metaspace: 12589K(13056K)->12589K(13056K) NonClass: 10418K(10624K)->10418K(10624K) Class: 2170K(2432K)->2170K(2432K)
[20.904s][info][gc          ] GC(26) Pause Full (System.gc()) 1638M->1638M(5616M) 561.800ms
[21.504s][info][gc,metaspace] GC(27) Metaspace: 12589K(13056K)->12589K(13056K) NonClass: 10418K(10624K)->10418K(10624K) Class: 2170K(2432K)->2170K(2432K)
[21.504s][info][gc          ] GC(27) Pause Full (System.gc()) 1638M->1638M(5616M) 600.661ms
[22.129s][info][gc,metaspace] GC(28) Metaspace: 12589K(13056K)->12589K(13056K) NonClass: 10418K(10624K)->10418K(10624K) Class: 2170K(2432K)->2170K(2432K)
[22.129s][info][gc          ] GC(28) Pause Full (System.gc()) 1638M->1638M(5616M) 624.825ms
[22.702s][info][gc,metaspace] GC(29) Metaspace: 12589K(13056K)->12589K(13056K) NonClass: 10418K(10624K)->10418K(10624K) Class: 2170K(2432K)->2170K(2432K)
[22.702s][info][gc          ] GC(29) Pause Full (System.gc()) 1638M->1638M(5616M) 572.590ms
[23.305s][info][gc,metaspace] GC(30) Metaspace: 12589K(13056K)->12589K(13056K) NonClass: 10418K(10624K)->10418K(10624K) Class: 2170K(2432K)->2170K(2432K)
[23.305s][info][gc          ] GC(30) Pause Full (System.gc()) 1638M->1638M(5616M) 602.825ms
[23.874s][info][gc,metaspace] GC(31) Metaspace: 12589K(13056K)->12589K(13056K) NonClass: 10418K(10624K)->10418K(10624K) Class: 2170K(2432K)->2170K(2432K)
[23.874s][info][gc          ] GC(31) Pause Full (System.gc()) 1638M->1638M(5616M) 569.218ms
[24.473s][info][gc,metaspace] GC(32) Metaspace: 12589K(13056K)->12589K(13056K) NonClass: 10418K(10624K)->10418K(10624K) Class: 2170K(2432K)->2170K(2432K)
[24.473s][info][gc          ] GC(32) Pause Full (System.gc()) 1638M->1638M(5616M) 598.606ms
[25.039s][info][gc,metaspace] GC(33) Metaspace: 12589K(13056K)->12589K(13056K) NonClass: 10418K(10624K)->10418K(10624K) Class: 2170K(2432K)->2170K(2432K)
[25.039s][info][gc          ] GC(33) Pause Full (System.gc()) 1638M->1638M(5616M) 566.383ms
[25.646s][info][gc,metaspace] GC(34) Metaspace: 12589K(13056K)->12589K(13056K) NonClass: 10418K(10624K)->10418K(10624K) Class: 2170K(2432K)->2170K(2432K)
[25.646s][info][gc          ] GC(34) Pause Full (System.gc()) 1638M->1638M(5616M) 607.097ms
[26.295s][info][gc,metaspace] GC(35) Metaspace: 12589K(13056K)->12589K(13056K) NonClass: 10418K(10624K)->10418K(10624K) Class: 2170K(2432K)->2170K(2432K)
[26.296s][info][gc          ] GC(35) Pause Full (System.gc()) 1638M->1638M(5616M) 649.038ms
[26.867s][info][gc,metaspace] GC(36) Metaspace: 12589K(13056K)->12589K(13056K) NonClass: 10418K(10624K)->10418K(10624K) Class: 2170K(2432K)->2170K(2432K)
[26.867s][info][gc          ] GC(36) Pause Full (System.gc()) 1638M->1638M(5616M) 571.548ms
[27.458s][info][gc,metaspace] GC(37) Metaspace: 12589K(13056K)->12589K(13056K) NonClass: 10418K(10624K)->10418K(10624K) Class: 2170K(2432K)->2170K(2432K)
[27.458s][info][gc          ] GC(37) Pause Full (System.gc()) 1638M->1638M(5616M) 590.824ms
[28.036s][info][gc,metaspace] GC(38) Metaspace: 12589K(13056K)->12589K(13056K) NonClass: 10418K(10624K)->10418K(10624K) Class: 2170K(2432K)->2170K(2432K)
[28.036s][info][gc          ] GC(38) Pause Full (System.gc()) 1638M->1638M(5616M) 577.531ms
[28.641s][info][gc,metaspace] GC(39) Metaspace: 12589K(13056K)->12589K(13056K) NonClass: 10418K(10624K)->10418K(10624K) Class: 2170K(2432K)->2170K(2432K)
[28.641s][info][gc          ] GC(39) Pause Full (System.gc()) 1638M->1638M(5616M) 604.799ms
[29.287s][info][gc,metaspace] GC(40) Metaspace: 12589K(13056K)->12589K(13056K) NonClass: 10418K(10624K)->10418K(10624K) Class: 2170K(2432K)->2170K(2432K)
[29.287s][info][gc          ] GC(40) Pause Full (System.gc()) 1638M->1638M(5616M) 646.164ms
[29.858s][info][gc,metaspace] GC(41) Metaspace: 12589K(13056K)->12589K(13056K) NonClass: 10418K(10624K)->10418K(10624K) Class: 2170K(2432K)->2170K(2432K)
[29.858s][info][gc          ] GC(41) Pause Full (System.gc()) 1638M->1638M(5616M) 571.406ms
[30.439s][info][gc,metaspace] GC(42) Metaspace: 12589K(13056K)->12589K(13056K) NonClass: 10418K(10624K)->10418K(10624K) Class: 2170K(2432K)->2170K(2432K)
[30.439s][info][gc          ] GC(42) Pause Full (System.gc()) 1638M->1638M(5616M) 576.508ms
[31.020s][info][gc,metaspace] GC(43) Metaspace: 12589K(13056K)->12589K(13056K) NonClass: 10418K(10624K)->10418K(10624K) Class: 2170K(2432K)->2170K(2432K)
[31.020s][info][gc          ] GC(43) Pause Full (System.gc()) 1638M->1638M(5616M) 580.770ms
[31.616s][info][gc,metaspace] GC(44) Metaspace: 12589K(13056K)->12589K(13056K) NonClass: 10418K(10624K)->10418K(10624K) Class: 2170K(2432K)->2170K(2432K)
[31.616s][info][gc          ] GC(44) Pause Full (System.gc()) 1638M->1638M(5616M) 595.787ms
[32.260s][info][gc,metaspace] GC(45) Metaspace: 12589K(13056K)->12589K(13056K) NonClass: 10418K(10624K)->10418K(10624K) Class: 2170K(2432K)->2170K(2432K)
[32.260s][info][gc          ] GC(45) Pause Full (System.gc()) 1638M->1638M(5616M) 644.209ms
[32.829s][info][gc,metaspace] GC(46) Metaspace: 12589K(13056K)->12589K(13056K) NonClass: 10418K(10624K)->10418K(10624K) Class: 2170K(2432K)->2170K(2432K)
[32.829s][info][gc          ] GC(46) Pause Full (System.gc()) 1638M->1638M(5616M) 569.057ms
[33.473s][info][gc,metaspace] GC(47) Metaspace: 12589K(13056K)->12589K(13056K) NonClass: 10418K(10624K)->10418K(10624K) Class: 2170K(2432K)->2170K(2432K)
[33.473s][info][gc          ] GC(47) Pause Full (System.gc()) 1638M->1638M(5616M) 643.125ms
[34.034s][info][gc,metaspace] GC(48) Metaspace: 12589K(13056K)->12589K(13056K) NonClass: 10418K(10624K)->10418K(10624K) Class: 2170K(2432K)->2170K(2432K)
[34.034s][info][gc          ] GC(48) Pause Full (System.gc()) 1638M->1638M(5616M) 561.842ms
[34.630s][info][gc,metaspace] GC(49) Metaspace: 12589K(13056K)->12589K(13056K) NonClass: 10418K(10624K)->10418K(10624K) Class: 2170K(2432K)->2170K(2432K)
[34.630s][info][gc          ] GC(49) Pause Full (System.gc()) 1638M->1638M(5616M) 595.252ms
[35.236s][info][gc,metaspace] GC(50) Metaspace: 12589K(13056K)->12589K(13056K) NonClass: 10418K(10624K)->10418K(10624K) Class: 2170K(2432K)->2170K(2432K)
[35.236s][info][gc          ] GC(50) Pause Full (System.gc()) 1638M->1638M(5616M) 605.677ms
[35.798s][info][gc,metaspace] GC(51) Metaspace: 12589K(13056K)->12589K(13056K) NonClass: 10418K(10624K)->10418K(10624K) Class: 2170K(2432K)->2170K(2432K)
[35.798s][info][gc          ] GC(51) Pause Full (System.gc()) 1638M->1638M(5616M) 558.237ms
[36.388s][info][gc,metaspace] GC(52) Metaspace: 12589K(13056K)->12589K(13056K) NonClass: 10418K(10624K)->10418K(10624K) Class: 2170K(2432K)->2170K(2432K)
[36.389s][info][gc          ] GC(52) Pause Full (System.gc()) 1638M->1638M(5616M) 590.281ms
[36.950s][info][gc,metaspace] GC(53) Metaspace: 12589K(13056K)->12589K(13056K) NonClass: 10418K(10624K)->10418K(10624K) Class: 2170K(2432K)->2170K(2432K)
[36.950s][info][gc          ] GC(53) Pause Full (System.gc()) 1638M->1638M(5616M) 561.562ms
[37.550s][info][gc,metaspace] GC(54) Metaspace: 12589K(13056K)->12589K(13056K) NonClass: 10418K(10624K)->10418K(10624K) Class: 2170K(2432K)->2170K(2432K)
[37.550s][info][gc          ] GC(54) Pause Full (System.gc()) 1638M->1638M(5616M) 600.200ms
[38.162s][info][gc,metaspace] GC(55) Metaspace: 12589K(13056K)->12589K(13056K) NonClass: 10418K(10624K)->10418K(10624K) Class: 2170K(2432K)->2170K(2432K)
[38.162s][info][gc          ] GC(55) Pause Full (System.gc()) 1638M->1638M(5616M) 611.215ms
[38.720s][info][gc,metaspace] GC(56) Metaspace: 12589K(13056K)->12589K(13056K) NonClass: 10418K(10624K)->10418K(10624K) Class: 2170K(2432K)->2170K(2432K)
[38.720s][info][gc          ] GC(56) Pause Full (System.gc()) 1638M->1638M(5616M) 558.096ms
[39.317s][info][gc,metaspace] GC(57) Metaspace: 12589K(13056K)->12589K(13056K) NonClass: 10418K(10624K)->10418K(10624K) Class: 2170K(2432K)->2170K(2432K)
[39.317s][info][gc          ] GC(57) Pause Full (System.gc()) 1638M->1638M(5616M) 596.895ms
[39.875s][info][gc,metaspace] GC(58) Metaspace: 12589K(13056K)->12589K(13056K) NonClass: 10418K(10624K)->10418K(10624K) Class: 2170K(2432K)->2170K(2432K)
[39.876s][info][gc          ] GC(58) Pause Full (System.gc()) 1638M->1638M(5616M) 558.508ms
[40.479s][info][gc,metaspace] GC(59) Metaspace: 12589K(13056K)->12589K(13056K) NonClass: 10418K(10624K)->10418K(10624K) Class: 2170K(2432K)->2170K(2432K)
[40.479s][info][gc          ] GC(59) Pause Full (System.gc()) 1638M->1638M(5616M) 602.993ms
[41.055s][info][gc,metaspace] GC(60) Metaspace: 12589K(13056K)->12589K(13056K) NonClass: 10418K(10624K)->10418K(10624K) Class: 2170K(2432K)->2170K(2432K)
[41.055s][info][gc          ] GC(60) Pause Full (System.gc()) 1638M->1638M(5616M) 576.445ms
[41.664s][info][gc,metaspace] GC(61) Metaspace: 12589K(13056K)->12589K(13056K) NonClass: 10418K(10624K)->10418K(10624K) Class: 2170K(2432K)->2170K(2432K)
[41.664s][info][gc          ] GC(61) Pause Full (System.gc()) 1638M->1638M(5616M) 608.344ms
[42.266s][info][gc,metaspace] GC(62) Metaspace: 12589K(13056K)->12589K(13056K) NonClass: 10418K(10624K)->10418K(10624K) Class: 2170K(2432K)->2170K(2432K)
[42.266s][info][gc          ] GC(62) Pause Full (System.gc()) 1638M->1638M(5616M) 602.288ms
[42.825s][info][gc,metaspace] GC(63) Metaspace: 12589K(13056K)->12589K(13056K) NonClass: 10418K(10624K)->10418K(10624K) Class: 2170K(2432K)->2170K(2432K)
[42.825s][info][gc          ] GC(63) Pause Full (System.gc()) 1638M->1638M(5616M) 558.968ms
[43.429s][info][gc,metaspace] GC(64) Metaspace: 12589K(13056K)->12589K(13056K) NonClass: 10418K(10624K)->10418K(10624K) Class: 2170K(2432K)->2170K(2432K)
[43.429s][info][gc          ] GC(64) Pause Full (System.gc()) 1638M->1638M(5616M) 603.981ms
After GCs... 
