[0.002s][info][metaspace]  - commit_granule_bytes: 65536.
[0.002s][info][metaspace]  - commit_granule_words: 8192.
[0.002s][info][metaspace]  - virtual_space_node_default_size: 8388608.
[0.002s][info][metaspace]  - enlarge_chunks_in_place: 1.
[0.002s][info][metaspace]  - use_allocation_guard: 0.
[0.004s][info][gc       ] Using Parallel
[0.324s][info][metaspace] Reserving compressed class space anywhere
[0.324s][info][gc,metaspace] CDS archive(s) not mapped
[0.324s][info][gc,metaspace] Compressed class space mapped at: 0x0000000038000000-0x00000000f8000000, reserved size: 3221225472
[0.324s][info][gc,metaspace] UseCompressedClassPointers 1, UseCompactObjectHeaders 1, narrow klass pointer bits 22, max shift 10
[0.324s][info][gc,metaspace] Narrow klass base: 0x0000000038000000, Narrow klass shift: 10, Narrow klass range: 0xc0000000
Random Seed: 12345678
Num Classes: 256
Num Objects: 67108864
Percent IK Objects: 83.0%)
Percent OAK Objects: 5.0%)
Percent TAK Objects: 12.0%)
Cycles: 50
Loading 256 pre-generated classes ...
Materialize pre-generated constructors ...
Creating objects...
[0.559s][info][gc,metaspace] GC(0) Metaspace: 11616K(11904K)->11616K(11904K) NonClass: 9580K(9728K)->9580K(9728K) Class: 2035K(2176K)->2035K(2176K)
[0.559s][info][gc          ] GC(0) Pause Full (System.gc()) 153M->2M(5888M) 6.883ms
[2.040s][info][gc,metaspace] GC(1) Metaspace: 12582K(13056K)->12582K(13056K) NonClass: 10410K(10624K)->10410K(10624K) Class: 2171K(2432K)->2171K(2432K)
[2.040s][info][gc          ] GC(1) Pause Young (Allocation Failure) 1538M->377M(5888M) 507.611ms
[3.036s][info][gc,metaspace] GC(2) Metaspace: 12584K(13056K)->12584K(13056K) NonClass: 10412K(10624K)->10412K(10624K) Class: 2171K(2432K)->2171K(2432K)
[3.036s][info][gc          ] GC(2) Pause Young (Allocation Failure) 1913M->520M(5888M) 171.391ms
[4.097s][info][gc,metaspace] GC(3) Metaspace: 12584K(13056K)->12584K(13056K) NonClass: 10412K(10624K)->10412K(10624K) Class: 2171K(2432K)->2171K(2432K)
[4.097s][info][gc          ] GC(3) Pause Young (Allocation Failure) 2056M->654M(5888M) 228.944ms
[5.192s][info][gc,metaspace] GC(4) Metaspace: 12584K(13056K)->12584K(13056K) NonClass: 10412K(10624K)->10412K(10624K) Class: 2171K(2432K)->2171K(2432K)
[5.192s][info][gc          ] GC(4) Pause Young (Allocation Failure) 2190M->788M(5888M) 261.181ms
[6.230s][info][gc,metaspace] GC(5) Metaspace: 12584K(13056K)->12584K(13056K) NonClass: 10412K(10624K)->10412K(10624K) Class: 2171K(2432K)->2171K(2432K)
[6.230s][info][gc          ] GC(5) Pause Young (Allocation Failure) 2324M->922M(5888M) 205.124ms
[7.241s][info][gc,metaspace] GC(6) Metaspace: 12584K(13056K)->12584K(13056K) NonClass: 10412K(10624K)->10412K(10624K) Class: 2171K(2432K)->2171K(2432K)
[7.241s][info][gc          ] GC(6) Pause Young (Allocation Failure) 2458M->1056M(5300M) 177.794ms
[8.031s][info][gc,metaspace] GC(7) Metaspace: 12584K(13056K)->12584K(13056K) NonClass: 10412K(10624K)->10412K(10624K) Class: 2171K(2432K)->2171K(2432K)
[8.031s][info][gc          ] GC(7) Pause Young (Allocation Failure) 2004M->1140M(5168M) 259.824ms
[8.663s][info][gc,metaspace] GC(8) Metaspace: 12584K(13056K)->12584K(13056K) NonClass: 10412K(10624K)->10412K(10624K) Class: 2171K(2432K)->2171K(2432K)
[8.664s][info][gc          ] GC(8) Pause Young (Allocation Failure) 2088M->1222M(5592M) 141.830ms
[9.287s][info][gc,metaspace] GC(9) Metaspace: 12584K(13056K)->12584K(13056K) NonClass: 10412K(10624K)->10412K(10624K) Class: 2171K(2432K)->2171K(2432K)
[9.287s][info][gc          ] GC(9) Pause Young (Allocation Failure) 2156M->1304M(5582M) 142.139ms
[9.967s][info][gc,metaspace] GC(10) Metaspace: 12584K(13056K)->12584K(13056K) NonClass: 10412K(10624K)->10412K(10624K) Class: 2171K(2432K)->2171K(2432K)
[9.967s][info][gc          ] GC(10) Pause Young (Allocation Failure) 2238M->1385M(5620M) 194.334ms
[10.642s][info][gc,metaspace] GC(11) Metaspace: 12584K(13056K)->12584K(13056K) NonClass: 10412K(10624K)->10412K(10624K) Class: 2171K(2432K)->2171K(2432K)
[10.642s][info][gc          ] GC(11) Pause Young (Allocation Failure) 2379M->1472M(5614M) 162.833ms
[11.270s][info][gc,metaspace] GC(12) Metaspace: 12584K(13056K)->12584K(13056K) NonClass: 10412K(10624K)->10412K(10624K) Class: 2171K(2432K)->2171K(2432K)
[11.270s][info][gc          ] GC(12) Pause Young (Allocation Failure) 2466M->1559M(5616M) 115.308ms
67108864 Objects created
 - IK: 55699211 (82.99829%)
 - OAK: 3355627 (5.0002737%)
 - TAK: 8054026 (12.001434%)
Preparatory GC...
[12.744s][info][gc,metaspace] GC(13) Metaspace: 12584K(13056K)->12584K(13056K) NonClass: 10412K(10624K)->10412K(10624K) Class: 2171K(2432K)->2171K(2432K)
[12.744s][info][gc          ] GC(13) Pause Full (System.gc()) 2511M->1638M(5616M) 941.579ms
[13.346s][info][gc,metaspace] GC(14) Metaspace: 12584K(13056K)->12584K(13056K) NonClass: 10412K(10624K)->10412K(10624K) Class: 2171K(2432K)->2171K(2432K)
[13.346s][info][gc          ] GC(14) Pause Full (System.gc()) 1638M->1638M(5616M) 597.172ms
Done; will start GCs... 
[14.022s][info][gc,metaspace] GC(15) Metaspace: 12584K(13056K)->12584K(13056K) NonClass: 10412K(10624K)->10412K(10624K) Class: 2171K(2432K)->2171K(2432K)
[14.022s][info][gc          ] GC(15) Pause Full (System.gc()) 1658M->1638M(5616M) 675.943ms
[14.655s][info][gc,metaspace] GC(16) Metaspace: 12584K(13056K)->12584K(13056K) NonClass: 10412K(10624K)->10412K(10624K) Class: 2171K(2432K)->2171K(2432K)
[14.655s][info][gc          ] GC(16) Pause Full (System.gc()) 1638M->1638M(5616M) 633.303ms
[15.252s][info][gc,metaspace] GC(17) Metaspace: 12584K(13056K)->12584K(13056K) NonClass: 10412K(10624K)->10412K(10624K) Class: 2171K(2432K)->2171K(2432K)
[15.252s][info][gc          ] GC(17) Pause Full (System.gc()) 1638M->1638M(5616M) 596.970ms
[15.940s][info][gc,metaspace] GC(18) Metaspace: 12584K(13056K)->12584K(13056K) NonClass: 10412K(10624K)->10412K(10624K) Class: 2171K(2432K)->2171K(2432K)
[15.940s][info][gc          ] GC(18) Pause Full (System.gc()) 1638M->1638M(5616M) 687.309ms
[16.517s][info][gc,metaspace] GC(19) Metaspace: 12584K(13056K)->12584K(13056K) NonClass: 10412K(10624K)->10412K(10624K) Class: 2171K(2432K)->2171K(2432K)
[16.517s][info][gc          ] GC(19) Pause Full (System.gc()) 1638M->1638M(5616M) 577.619ms
[17.098s][info][gc,metaspace] GC(20) Metaspace: 12584K(13056K)->12584K(13056K) NonClass: 10412K(10624K)->10412K(10624K) Class: 2171K(2432K)->2171K(2432K)
[17.098s][info][gc          ] GC(20) Pause Full (System.gc()) 1638M->1638M(5616M) 580.207ms
[17.730s][info][gc,metaspace] GC(21) Metaspace: 12584K(13056K)->12584K(13056K) NonClass: 10412K(10624K)->10412K(10624K) Class: 2171K(2432K)->2171K(2432K)
[17.730s][info][gc          ] GC(21) Pause Full (System.gc()) 1638M->1638M(5616M) 632.104ms
[18.308s][info][gc,metaspace] GC(22) Metaspace: 12584K(13056K)->12584K(13056K) NonClass: 10412K(10624K)->10412K(10624K) Class: 2171K(2432K)->2171K(2432K)
[18.308s][info][gc          ] GC(22) Pause Full (System.gc()) 1638M->1638M(5616M) 577.726ms
[18.907s][info][gc,metaspace] GC(23) Metaspace: 12584K(13056K)->12584K(13056K) NonClass: 10412K(10624K)->10412K(10624K) Class: 2171K(2432K)->2171K(2432K)
[18.907s][info][gc          ] GC(23) Pause Full (System.gc()) 1638M->1638M(5616M) 599.363ms
[19.490s][info][gc,metaspace] GC(24) Metaspace: 12584K(13056K)->12584K(13056K) NonClass: 10412K(10624K)->10412K(10624K) Class: 2171K(2432K)->2171K(2432K)
[19.491s][info][gc          ] GC(24) Pause Full (System.gc()) 1638M->1638M(5616M) 583.234ms
[20.112s][info][gc,metaspace] GC(25) Metaspace: 12584K(13056K)->12584K(13056K) NonClass: 10412K(10624K)->10412K(10624K) Class: 2171K(2432K)->2171K(2432K)
[20.112s][info][gc          ] GC(25) Pause Full (System.gc()) 1638M->1638M(5616M) 620.963ms
[20.814s][info][gc,metaspace] GC(26) Metaspace: 12584K(13056K)->12584K(13056K) NonClass: 10412K(10624K)->10412K(10624K) Class: 2171K(2432K)->2171K(2432K)
[20.814s][info][gc          ] GC(26) Pause Full (System.gc()) 1638M->1638M(5616M) 702.505ms
[21.394s][info][gc,metaspace] GC(27) Metaspace: 12584K(13056K)->12584K(13056K) NonClass: 10412K(10624K)->10412K(10624K) Class: 2171K(2432K)->2171K(2432K)
[21.394s][info][gc          ] GC(27) Pause Full (System.gc()) 1638M->1638M(5616M) 580.028ms
[21.984s][info][gc,metaspace] GC(28) Metaspace: 12584K(13056K)->12584K(13056K) NonClass: 10412K(10624K)->10412K(10624K) Class: 2171K(2432K)->2171K(2432K)
[21.984s][info][gc          ] GC(28) Pause Full (System.gc()) 1638M->1638M(5616M) 589.873ms
[22.553s][info][gc,metaspace] GC(29) Metaspace: 12584K(13056K)->12584K(13056K) NonClass: 10412K(10624K)->10412K(10624K) Class: 2171K(2432K)->2171K(2432K)
[22.553s][info][gc          ] GC(29) Pause Full (System.gc()) 1638M->1638M(5616M) 568.912ms
[23.181s][info][gc,metaspace] GC(30) Metaspace: 12584K(13056K)->12584K(13056K) NonClass: 10412K(10624K)->10412K(10624K) Class: 2171K(2432K)->2171K(2432K)
[23.182s][info][gc          ] GC(30) Pause Full (System.gc()) 1638M->1638M(5616M) 628.213ms
[23.807s][info][gc,metaspace] GC(31) Metaspace: 12584K(13056K)->12584K(13056K) NonClass: 10412K(10624K)->10412K(10624K) Class: 2171K(2432K)->2171K(2432K)
[23.807s][info][gc          ] GC(31) Pause Full (System.gc()) 1638M->1638M(5616M) 625.810ms
[24.374s][info][gc,metaspace] GC(32) Metaspace: 12584K(13056K)->12584K(13056K) NonClass: 10412K(10624K)->10412K(10624K) Class: 2171K(2432K)->2171K(2432K)
[24.374s][info][gc          ] GC(32) Pause Full (System.gc()) 1638M->1638M(5616M) 566.828ms
[24.983s][info][gc,metaspace] GC(33) Metaspace: 12584K(13056K)->12584K(13056K) NonClass: 10412K(10624K)->10412K(10624K) Class: 2171K(2432K)->2171K(2432K)
[24.984s][info][gc          ] GC(33) Pause Full (System.gc()) 1638M->1638M(5616M) 609.144ms
[25.553s][info][gc,metaspace] GC(34) Metaspace: 12584K(13056K)->12584K(13056K) NonClass: 10412K(10624K)->10412K(10624K) Class: 2171K(2432K)->2171K(2432K)
[25.553s][info][gc          ] GC(34) Pause Full (System.gc()) 1638M->1638M(5616M) 569.609ms
[26.263s][info][gc,metaspace] GC(35) Metaspace: 12584K(13056K)->12584K(13056K) NonClass: 10412K(10624K)->10412K(10624K) Class: 2171K(2432K)->2171K(2432K)
[26.263s][info][gc          ] GC(35) Pause Full (System.gc()) 1638M->1638M(5616M) 709.892ms
[26.851s][info][gc,metaspace] GC(36) Metaspace: 12584K(13056K)->12584K(13056K) NonClass: 10412K(10624K)->10412K(10624K) Class: 2171K(2432K)->2171K(2432K)
[26.851s][info][gc          ] GC(36) Pause Full (System.gc()) 1638M->1638M(5616M) 588.175ms
[27.419s][info][gc,metaspace] GC(37) Metaspace: 12584K(13056K)->12584K(13056K) NonClass: 10412K(10624K)->10412K(10624K) Class: 2171K(2432K)->2171K(2432K)
[27.419s][info][gc          ] GC(37) Pause Full (System.gc()) 1638M->1638M(5616M) 567.253ms
[28.041s][info][gc,metaspace] GC(38) Metaspace: 12584K(13056K)->12584K(13056K) NonClass: 10412K(10624K)->10412K(10624K) Class: 2171K(2432K)->2171K(2432K)
[28.041s][info][gc          ] GC(38) Pause Full (System.gc()) 1638M->1638M(5616M) 621.718ms
[28.689s][info][gc,metaspace] GC(39) Metaspace: 12584K(13056K)->12584K(13056K) NonClass: 10412K(10624K)->10412K(10624K) Class: 2171K(2432K)->2171K(2432K)
[28.690s][info][gc          ] GC(39) Pause Full (System.gc()) 1638M->1638M(5616M) 648.851ms
[29.277s][info][gc,metaspace] GC(40) Metaspace: 12584K(13056K)->12584K(13056K) NonClass: 10412K(10624K)->10412K(10624K) Class: 2171K(2432K)->2171K(2432K)
[29.277s][info][gc          ] GC(40) Pause Full (System.gc()) 1638M->1638M(5616M) 583.273ms
[29.880s][info][gc,metaspace] GC(41) Metaspace: 12584K(13056K)->12584K(13056K) NonClass: 10412K(10624K)->10412K(10624K) Class: 2171K(2432K)->2171K(2432K)
[29.880s][info][gc          ] GC(41) Pause Full (System.gc()) 1638M->1638M(5616M) 602.778ms
[30.455s][info][gc,metaspace] GC(42) Metaspace: 12584K(13056K)->12584K(13056K) NonClass: 10412K(10624K)->10412K(10624K) Class: 2171K(2432K)->2171K(2432K)
[30.455s][info][gc          ] GC(42) Pause Full (System.gc()) 1638M->1638M(5616M) 575.093ms
[31.074s][info][gc,metaspace] GC(43) Metaspace: 12584K(13056K)->12584K(13056K) NonClass: 10412K(10624K)->10412K(10624K) Class: 2171K(2432K)->2171K(2432K)
[31.074s][info][gc          ] GC(43) Pause Full (System.gc()) 1638M->1638M(5616M) 618.996ms
[31.692s][info][gc,metaspace] GC(44) Metaspace: 12584K(13056K)->12584K(13056K) NonClass: 10412K(10624K)->10412K(10624K) Class: 2171K(2432K)->2171K(2432K)
[31.692s][info][gc          ] GC(44) Pause Full (System.gc()) 1638M->1638M(5616M) 617.519ms
[32.279s][info][gc,metaspace] GC(45) Metaspace: 12584K(13056K)->12584K(13056K) NonClass: 10412K(10624K)->10412K(10624K) Class: 2171K(2432K)->2171K(2432K)
[32.279s][info][gc          ] GC(45) Pause Full (System.gc()) 1638M->1638M(5616M) 587.268ms
[32.957s][info][gc,metaspace] GC(46) Metaspace: 12584K(13056K)->12584K(13056K) NonClass: 10412K(10624K)->10412K(10624K) Class: 2171K(2432K)->2171K(2432K)
[32.957s][info][gc          ] GC(46) Pause Full (System.gc()) 1638M->1638M(5616M) 677.865ms
[33.535s][info][gc,metaspace] GC(47) Metaspace: 12584K(13056K)->12584K(13056K) NonClass: 10412K(10624K)->10412K(10624K) Class: 2171K(2432K)->2171K(2432K)
[33.535s][info][gc          ] GC(47) Pause Full (System.gc()) 1638M->1638M(5616M) 578.000ms
[34.119s][info][gc,metaspace] GC(48) Metaspace: 12584K(13056K)->12584K(13056K) NonClass: 10412K(10624K)->10412K(10624K) Class: 2171K(2432K)->2171K(2432K)
[34.120s][info][gc          ] GC(48) Pause Full (System.gc()) 1638M->1638M(5616M) 584.169ms
[34.813s][info][gc,metaspace] GC(49) Metaspace: 12584K(13056K)->12584K(13056K) NonClass: 10412K(10624K)->10412K(10624K) Class: 2171K(2432K)->2171K(2432K)
[34.813s][info][gc          ] GC(49) Pause Full (System.gc()) 1638M->1638M(5616M) 693.391ms
[35.438s][info][gc,metaspace] GC(50) Metaspace: 12584K(13056K)->12584K(13056K) NonClass: 10412K(10624K)->10412K(10624K) Class: 2171K(2432K)->2171K(2432K)
[35.438s][info][gc          ] GC(50) Pause Full (System.gc()) 1638M->1638M(5616M) 624.937ms
[36.013s][info][gc,metaspace] GC(51) Metaspace: 12584K(13056K)->12584K(13056K) NonClass: 10412K(10624K)->10412K(10624K) Class: 2171K(2432K)->2171K(2432K)
[36.013s][info][gc          ] GC(51) Pause Full (System.gc()) 1638M->1638M(5616M) 574.560ms
[36.647s][info][gc,metaspace] GC(52) Metaspace: 12584K(13056K)->12584K(13056K) NonClass: 10412K(10624K)->10412K(10624K) Class: 2171K(2432K)->2171K(2432K)
[36.647s][info][gc          ] GC(52) Pause Full (System.gc()) 1638M->1638M(5616M) 634.383ms
[37.225s][info][gc,metaspace] GC(53) Metaspace: 12584K(13056K)->12584K(13056K) NonClass: 10412K(10624K)->10412K(10624K) Class: 2171K(2432K)->2171K(2432K)
[37.225s][info][gc          ] GC(53) Pause Full (System.gc()) 1638M->1638M(5616M) 577.859ms
[37.919s][info][gc,metaspace] GC(54) Metaspace: 12584K(13056K)->12584K(13056K) NonClass: 10412K(10624K)->10412K(10624K) Class: 2171K(2432K)->2171K(2432K)
[37.919s][info][gc          ] GC(54) Pause Full (System.gc()) 1638M->1638M(5616M) 693.408ms
[38.509s][info][gc,metaspace] GC(55) Metaspace: 12584K(13056K)->12584K(13056K) NonClass: 10412K(10624K)->10412K(10624K) Class: 2171K(2432K)->2171K(2432K)
[38.509s][info][gc          ] GC(55) Pause Full (System.gc()) 1638M->1638M(5616M) 590.593ms
[39.085s][info][gc,metaspace] GC(56) Metaspace: 12584K(13056K)->12584K(13056K) NonClass: 10412K(10624K)->10412K(10624K) Class: 2171K(2432K)->2171K(2432K)
[39.085s][info][gc          ] GC(56) Pause Full (System.gc()) 1638M->1638M(5616M) 575.269ms
[39.717s][info][gc,metaspace] GC(57) Metaspace: 12584K(13056K)->12584K(13056K) NonClass: 10412K(10624K)->10412K(10624K) Class: 2171K(2432K)->2171K(2432K)
[39.717s][info][gc          ] GC(57) Pause Full (System.gc()) 1638M->1638M(5616M) 631.997ms
[40.297s][info][gc,metaspace] GC(58) Metaspace: 12584K(13056K)->12584K(13056K) NonClass: 10412K(10624K)->10412K(10624K) Class: 2171K(2432K)->2171K(2432K)
[40.297s][info][gc          ] GC(58) Pause Full (System.gc()) 1638M->1638M(5616M) 580.147ms
[40.895s][info][gc,metaspace] GC(59) Metaspace: 12584K(13056K)->12584K(13056K) NonClass: 10412K(10624K)->10412K(10624K) Class: 2171K(2432K)->2171K(2432K)
[40.895s][info][gc          ] GC(59) Pause Full (System.gc()) 1638M->1638M(5616M) 598.258ms
[41.465s][info][gc,metaspace] GC(60) Metaspace: 12584K(13056K)->12584K(13056K) NonClass: 10412K(10624K)->10412K(10624K) Class: 2171K(2432K)->2171K(2432K)
[41.465s][info][gc          ] GC(60) Pause Full (System.gc()) 1638M->1638M(5616M) 569.670ms
[42.080s][info][gc,metaspace] GC(61) Metaspace: 12584K(13056K)->12584K(13056K) NonClass: 10412K(10624K)->10412K(10624K) Class: 2171K(2432K)->2171K(2432K)
[42.080s][info][gc          ] GC(61) Pause Full (System.gc()) 1638M->1638M(5616M) 615.206ms
[42.705s][info][gc,metaspace] GC(62) Metaspace: 12584K(13056K)->12584K(13056K) NonClass: 10412K(10624K)->10412K(10624K) Class: 2171K(2432K)->2171K(2432K)
[42.705s][info][gc          ] GC(62) Pause Full (System.gc()) 1638M->1638M(5616M) 624.234ms
[43.281s][info][gc,metaspace] GC(63) Metaspace: 12584K(13056K)->12584K(13056K) NonClass: 10412K(10624K)->10412K(10624K) Class: 2171K(2432K)->2171K(2432K)
[43.281s][info][gc          ] GC(63) Pause Full (System.gc()) 1638M->1638M(5616M) 576.348ms
[43.882s][info][gc,metaspace] GC(64) Metaspace: 12584K(13056K)->12584K(13056K) NonClass: 10412K(10624K)->10412K(10624K) Class: 2171K(2432K)->2171K(2432K)
[43.882s][info][gc          ] GC(64) Pause Full (System.gc()) 1638M->1638M(5616M) 600.666ms
After GCs... 
