Done; will start GCs... 
[15.038s][info][gc,metaspace] GC(3) Metaspace: 28597K(29888K)->28597K(29888K) NonClass: 25022K(25600K)->25022K(25600K) Class: 3574K(4288K)->3574K(4288K)
[15.038s][info][gc          ] GC(3) Pause Full (System.gc()) 840M->772M(5939M) 3434.922ms
[17.172s][info][gc,metaspace] GC(4) Metaspace: 28597K(29888K)->28597K(29888K) NonClass: 25022K(25600K)->25022K(25600K) Class: 3574K(4288K)->3574K(4288K)
[17.172s][info][gc          ] GC(4) Pause Full (System.gc()) 772M->772M(5939M) 2134.072ms
[20.027s][info][gc,metaspace] GC(5) Metaspace: 28597K(29888K)->28597K(29888K) NonClass: 25022K(25600K)->25022K(25600K) Class: 3574K(4288K)->3574K(4288K)
[20.027s][info][gc          ] GC(5) Pause Full (System.gc()) 772M->772M(5939M) 2854.980ms
[22.160s][info][gc,metaspace] GC(6) Metaspace: 28597K(29888K)->28597K(29888K) NonClass: 25022K(25600K)->25022K(25600K) Class: 3574K(4288K)->3574K(4288K)
[22.160s][info][gc          ] GC(6) Pause Full (System.gc()) 772M->772M(5939M) 2133.086ms
[24.304s][info][gc,metaspace] GC(7) Metaspace: 28597K(29888K)->28597K(29888K) NonClass: 25022K(25600K)->25022K(25600K) Class: 3574K(4288K)->3574K(4288K)
[24.304s][info][gc          ] GC(7) Pause Full (System.gc()) 772M->772M(5939M) 2143.119ms
[26.437s][info][gc,metaspace] GC(8) Metaspace: 28597K(29888K)->28597K(29888K) NonClass: 25022K(25600K)->25022K(25600K) Class: 3574K(4288K)->3574K(4288K)
[26.437s][info][gc          ] GC(8) Pause Full (System.gc()) 772M->772M(5939M) 2133.247ms
[28.576s][info][gc,metaspace] GC(9) Metaspace: 28597K(29888K)->28597K(29888K) NonClass: 25022K(25600K)->25022K(25600K) Class: 3574K(4288K)->3574K(4288K)
[28.576s][info][gc          ] GC(9) Pause Full (System.gc()) 772M->772M(5939M) 2138.376ms
[30.713s][info][gc,metaspace] GC(10) Metaspace: 28597K(29888K)->28597K(29888K) NonClass: 25022K(25600K)->25022K(25600K) Class: 3574K(4288K)->3574K(4288K)
[30.713s][info][gc          ] GC(10) Pause Full (System.gc()) 772M->772M(5939M) 2136.914ms
[32.849s][info][gc,metaspace] GC(11) Metaspace: 28597K(29888K)->28597K(29888K) NonClass: 25022K(25600K)->25022K(25600K) Class: 3574K(4288K)->3574K(4288K)
[32.849s][info][gc          ] GC(11) Pause Full (System.gc()) 772M->772M(5939M) 2135.630ms
[35.040s][info][gc,metaspace] GC(12) Metaspace: 28597K(29888K)->28597K(29888K) NonClass: 25022K(25600K)->25022K(25600K) Class: 3574K(4288K)->3574K(4288K)
[35.040s][info][gc          ] GC(12) Pause Full (System.gc()) 772M->772M(5939M) 2191.123ms
[37.176s][info][gc,metaspace] GC(13) Metaspace: 28597K(29888K)->28597K(29888K) NonClass: 25022K(25600K)->25022K(25600K) Class: 3574K(4288K)->3574K(4288K)
[37.177s][info][gc          ] GC(13) Pause Full (System.gc()) 772M->772M(5939M) 2136.460ms
[39.314s][info][gc,metaspace] GC(14) Metaspace: 28597K(29888K)->28597K(29888K) NonClass: 25022K(25600K)->25022K(25600K) Class: 3574K(4288K)->3574K(4288K)
[39.314s][info][gc          ] GC(14) Pause Full (System.gc()) 772M->772M(5939M) 2136.997ms
[41.450s][info][gc,metaspace] GC(15) Metaspace: 28597K(29888K)->28597K(29888K) NonClass: 25022K(25600K)->25022K(25600K) Class: 3574K(4288K)->3574K(4288K)
[41.450s][info][gc          ] GC(15) Pause Full (System.gc()) 772M->772M(5939M) 2136.723ms
[43.585s][info][gc,metaspace] GC(16) Metaspace: 28597K(29888K)->28597K(29888K) NonClass: 25022K(25600K)->25022K(25600K) Class: 3574K(4288K)->3574K(4288K)
[43.585s][info][gc          ] GC(16) Pause Full (System.gc()) 772M->772M(5939M) 2133.965ms
[45.731s][info][gc,metaspace] GC(17) Metaspace: 28597K(29888K)->28597K(29888K) NonClass: 25022K(25600K)->25022K(25600K) Class: 3574K(4288K)->3574K(4288K)
[45.731s][info][gc          ] GC(17) Pause Full (System.gc()) 772M->772M(5939M) 2146.025ms
[47.866s][info][gc,metaspace] GC(18) Metaspace: 28597K(29888K)->28597K(29888K) NonClass: 25022K(25600K)->25022K(25600K) Class: 3574K(4288K)->3574K(4288K)
[47.866s][info][gc          ] GC(18) Pause Full (System.gc()) 772M->772M(5939M) 2134.863ms
[50.053s][info][gc,metaspace] GC(19) Metaspace: 28597K(29888K)->28597K(29888K) NonClass: 25022K(25600K)->25022K(25600K) Class: 3574K(4288K)->3574K(4288K)
[50.053s][info][gc          ] GC(19) Pause Full (System.gc()) 772M->772M(5939M) 2187.226ms
[52.192s][info][gc,metaspace] GC(20) Metaspace: 28597K(29888K)->28597K(29888K) NonClass: 25022K(25600K)->25022K(25600K) Class: 3574K(4288K)->3574K(4288K)
[52.192s][info][gc          ] GC(20) Pause Full (System.gc()) 772M->772M(5939M) 2139.015ms
[54.326s][info][gc,metaspace] GC(21) Metaspace: 28597K(29888K)->28597K(29888K) NonClass: 25022K(25600K)->25022K(25600K) Class: 3574K(4288K)->3574K(4288K)
[54.326s][info][gc          ] GC(21) Pause Full (System.gc()) 772M->772M(5939M) 2133.484ms
[56.462s][info][gc,metaspace] GC(22) Metaspace: 28597K(29888K)->28597K(29888K) NonClass: 25022K(25600K)->25022K(25600K) Class: 3574K(4288K)->3574K(4288K)
[56.462s][info][gc          ] GC(22) Pause Full (System.gc()) 772M->772M(5939M) 2135.776ms
[58.600s][info][gc,metaspace] GC(23) Metaspace: 28597K(29888K)->28597K(29888K) NonClass: 25022K(25600K)->25022K(25600K) Class: 3574K(4288K)->3574K(4288K)
[58.600s][info][gc          ] GC(23) Pause Full (System.gc()) 772M->772M(5939M) 2138.224ms
[60.736s][info][gc,metaspace] GC(24) Metaspace: 28597K(29888K)->28597K(29888K) NonClass: 25022K(25600K)->25022K(25600K) Class: 3574K(4288K)->3574K(4288K)
[60.736s][info][gc          ] GC(24) Pause Full (System.gc()) 772M->772M(5939M) 2135.981ms
[62.877s][info][gc,metaspace] GC(25) Metaspace: 28597K(29888K)->28597K(29888K) NonClass: 25022K(25600K)->25022K(25600K) Class: 3574K(4288K)->3574K(4288K)
[62.877s][info][gc          ] GC(25) Pause Full (System.gc()) 772M->772M(5939M) 2140.712ms
[65.081s][info][gc,metaspace] GC(26) Metaspace: 28597K(29888K)->28597K(29888K) NonClass: 25022K(25600K)->25022K(25600K) Class: 3574K(4288K)->3574K(4288K)
[65.081s][info][gc          ] GC(26) Pause Full (System.gc()) 772M->772M(5939M) 2203.930ms
[67.221s][info][gc,metaspace] GC(27) Metaspace: 28597K(29888K)->28597K(29888K) NonClass: 25022K(25600K)->25022K(25600K) Class: 3574K(4288K)->3574K(4288K)
[67.221s][info][gc          ] GC(27) Pause Full (System.gc()) 772M->772M(5939M) 2139.988ms
[69.362s][info][gc,metaspace] GC(28) Metaspace: 28597K(29888K)->28597K(29888K) NonClass: 25022K(25600K)->25022K(25600K) Class: 3574K(4288K)->3574K(4288K)
[69.362s][info][gc          ] GC(28) Pause Full (System.gc()) 783M->772M(5939M) 2141.108ms
[72.228s][info][gc,metaspace] GC(29) Metaspace: 28597K(29888K)->28597K(29888K) NonClass: 25022K(25600K)->25022K(25600K) Class: 3574K(4288K)->3574K(4288K)
[72.228s][info][gc          ] GC(29) Pause Full (System.gc()) 772M->772M(5939M) 2865.013ms
[74.361s][info][gc,metaspace] GC(30) Metaspace: 28597K(29888K)->28597K(29888K) NonClass: 25022K(25600K)->25022K(25600K) Class: 3574K(4288K)->3574K(4288K)
[74.361s][info][gc          ] GC(30) Pause Full (System.gc()) 772M->772M(5939M) 2133.328ms
[76.503s][info][gc,metaspace] GC(31) Metaspace: 28597K(29888K)->28597K(29888K) NonClass: 25022K(25600K)->25022K(25600K) Class: 3574K(4288K)->3574K(4288K)
[76.503s][info][gc          ] GC(31) Pause Full (System.gc()) 772M->772M(5939M) 2142.180ms
[78.638s][info][gc,metaspace] GC(32) Metaspace: 28597K(29888K)->28597K(29888K) NonClass: 25022K(25600K)->25022K(25600K) Class: 3574K(4288K)->3574K(4288K)
[78.638s][info][gc          ] GC(32) Pause Full (System.gc()) 772M->772M(5939M) 2134.305ms
[80.771s][info][gc,metaspace] GC(33) Metaspace: 28597K(29888K)->28597K(29888K) NonClass: 25022K(25600K)->25022K(25600K) Class: 3574K(4288K)->3574K(4288K)
[80.771s][info][gc          ] GC(33) Pause Full (System.gc()) 772M->772M(5939M) 2133.224ms
[82.903s][info][gc,metaspace] GC(34) Metaspace: 28597K(29888K)->28597K(29888K) NonClass: 25022K(25600K)->25022K(25600K) Class: 3574K(4288K)->3574K(4288K)
[82.903s][info][gc          ] GC(34) Pause Full (System.gc()) 772M->772M(5939M) 2131.834ms
[85.083s][info][gc,metaspace] GC(35) Metaspace: 28597K(29888K)->28597K(29888K) NonClass: 25022K(25600K)->25022K(25600K) Class: 3574K(4288K)->3574K(4288K)
[85.083s][info][gc          ] GC(35) Pause Full (System.gc()) 772M->772M(5939M) 2179.467ms
[87.210s][info][gc,metaspace] GC(36) Metaspace: 28597K(29888K)->28597K(29888K) NonClass: 25022K(25600K)->25022K(25600K) Class: 3574K(4288K)->3574K(4288K)
[87.210s][info][gc          ] GC(36) Pause Full (System.gc()) 772M->772M(5939M) 2126.755ms
[89.342s][info][gc,metaspace] GC(37) Metaspace: 28597K(29888K)->28597K(29888K) NonClass: 25022K(25600K)->25022K(25600K) Class: 3574K(4288K)->3574K(4288K)
[89.342s][info][gc          ] GC(37) Pause Full (System.gc()) 772M->772M(5939M) 2132.266ms
[91.474s][info][gc,metaspace] GC(38) Metaspace: 28597K(29888K)->28597K(29888K) NonClass: 25022K(25600K)->25022K(25600K) Class: 3574K(4288K)->3574K(4288K)
[91.474s][info][gc          ] GC(38) Pause Full (System.gc()) 772M->772M(5939M) 2132.096ms
[93.608s][info][gc,metaspace] GC(39) Metaspace: 28597K(29888K)->28597K(29888K) NonClass: 25022K(25600K)->25022K(25600K) Class: 3574K(4288K)->3574K(4288K)
[93.608s][info][gc          ] GC(39) Pause Full (System.gc()) 772M->772M(5939M) 2133.347ms
[95.738s][info][gc,metaspace] GC(40) Metaspace: 28597K(29888K)->28597K(29888K) NonClass: 25022K(25600K)->25022K(25600K) Class: 3574K(4288K)->3574K(4288K)
[95.738s][info][gc          ] GC(40) Pause Full (System.gc()) 772M->772M(5939M) 2130.470ms
[97.872s][info][gc,metaspace] GC(41) Metaspace: 28597K(29888K)->28597K(29888K) NonClass: 25022K(25600K)->25022K(25600K) Class: 3574K(4288K)->3574K(4288K)
[97.872s][info][gc          ] GC(41) Pause Full (System.gc()) 772M->772M(5939M) 2133.630ms
[100.053s][info][gc,metaspace] GC(42) Metaspace: 28597K(29888K)->28597K(29888K) NonClass: 25022K(25600K)->25022K(25600K) Class: 3574K(4288K)->3574K(4288K)
[100.053s][info][gc          ] GC(42) Pause Full (System.gc()) 772M->772M(5939M) 2180.964ms
[102.184s][info][gc,metaspace] GC(43) Metaspace: 28597K(29888K)->28597K(29888K) NonClass: 25022K(25600K)->25022K(25600K) Class: 3574K(4288K)->3574K(4288K)
[102.184s][info][gc          ] GC(43) Pause Full (System.gc()) 772M->772M(5939M) 2130.414ms
[104.317s][info][gc,metaspace] GC(44) Metaspace: 28597K(29888K)->28597K(29888K) NonClass: 25022K(25600K)->25022K(25600K) Class: 3574K(4288K)->3574K(4288K)
[104.317s][info][gc          ] GC(44) Pause Full (System.gc()) 772M->772M(5939M) 2133.538ms
[106.447s][info][gc,metaspace] GC(45) Metaspace: 28597K(29888K)->28597K(29888K) NonClass: 25022K(25600K)->25022K(25600K) Class: 3574K(4288K)->3574K(4288K)
[106.447s][info][gc          ] GC(45) Pause Full (System.gc()) 772M->772M(5939M) 2129.500ms
[108.579s][info][gc,metaspace] GC(46) Metaspace: 28597K(29888K)->28597K(29888K) NonClass: 25022K(25600K)->25022K(25600K) Class: 3574K(4288K)->3574K(4288K)
[108.579s][info][gc          ] GC(46) Pause Full (System.gc()) 772M->772M(5939M) 2131.737ms
[110.710s][info][gc,metaspace] GC(47) Metaspace: 28597K(29888K)->28597K(29888K) NonClass: 25022K(25600K)->25022K(25600K) Class: 3574K(4288K)->3574K(4288K)
[110.710s][info][gc          ] GC(47) Pause Full (System.gc()) 772M->772M(5939M) 2130.712ms
[112.839s][info][gc,metaspace] GC(48) Metaspace: 28597K(29888K)->28597K(29888K) NonClass: 25022K(25600K)->25022K(25600K) Class: 3574K(4288K)->3574K(4288K)
[112.839s][info][gc          ] GC(48) Pause Full (System.gc()) 772M->772M(5939M) 2129.394ms
[115.022s][info][gc,metaspace] GC(49) Metaspace: 28597K(29888K)->28597K(29888K) NonClass: 25022K(25600K)->25022K(25600K) Class: 3574K(4288K)->3574K(4288K)
[115.022s][info][gc          ] GC(49) Pause Full (System.gc()) 772M->772M(5939M) 2182.473ms
[117.398s][info][gc,metaspace] GC(50) Metaspace: 28597K(29888K)->28597K(29888K) NonClass: 25022K(25600K)->25022K(25600K) Class: 3574K(4288K)->3574K(4288K)
[117.398s][info][gc          ] GC(50) Pause Full (System.gc()) 772M->772M(5939M) 2376.035ms
[119.526s][info][gc,metaspace] GC(51) Metaspace: 28597K(29888K)->28597K(29888K) NonClass: 25022K(25600K)->25022K(25600K) Class: 3574K(4288K)->3574K(4288K)
[119.526s][info][gc          ] GC(51) Pause Full (System.gc()) 772M->772M(5939M) 2127.568ms
[121.658s][info][gc,metaspace] GC(52) Metaspace: 28597K(29888K)->28597K(29888K) NonClass: 25022K(25600K)->25022K(25600K) Class: 3574K(4288K)->3574K(4288K)
[121.658s][info][gc          ] GC(52) Pause Full (System.gc()) 772M->772M(5939M) 2132.630ms
[123.796s][info][gc,metaspace] GC(53) Metaspace: 28597K(29888K)->28597K(29888K) NonClass: 25022K(25600K)->25022K(25600K) Class: 3574K(4288K)->3574K(4288K)
[123.796s][info][gc          ] GC(53) Pause Full (System.gc()) 772M->772M(5939M) 2137.428ms
[125.936s][info][gc,metaspace] GC(54) Metaspace: 28597K(29888K)->28597K(29888K) NonClass: 25022K(25600K)->25022K(25600K) Class: 3574K(4288K)->3574K(4288K)
[125.936s][info][gc          ] GC(54) Pause Full (System.gc()) 772M->772M(5939M) 2139.561ms
[128.122s][info][gc,metaspace] GC(55) Metaspace: 28597K(29888K)->28597K(29888K) NonClass: 25022K(25600K)->25022K(25600K) Class: 3574K(4288K)->3574K(4288K)
[128.123s][info][gc          ] GC(55) Pause Full (System.gc()) 772M->772M(5939M) 2186.709ms
[130.251s][info][gc,metaspace] GC(56) Metaspace: 28597K(29888K)->28597K(29888K) NonClass: 25022K(25600K)->25022K(25600K) Class: 3574K(4288K)->3574K(4288K)
[130.251s][info][gc          ] GC(56) Pause Full (System.gc()) 783M->772M(5939M) 2128.780ms
[132.384s][info][gc,metaspace] GC(57) Metaspace: 28597K(29888K)->28597K(29888K) NonClass: 25022K(25600K)->25022K(25600K) Class: 3574K(4288K)->3574K(4288K)
[132.384s][info][gc          ] GC(57) Pause Full (System.gc()) 772M->772M(5939M) 2132.017ms
[134.516s][info][gc,metaspace] GC(58) Metaspace: 28597K(29888K)->28597K(29888K) NonClass: 25022K(25600K)->25022K(25600K) Class: 3574K(4288K)->3574K(4288K)
[134.516s][info][gc          ] GC(58) Pause Full (System.gc()) 772M->772M(5939M) 2132.690ms
[137.257s][info][gc,metaspace] GC(59) Metaspace: 28597K(29888K)->28597K(29888K) NonClass: 25023K(25600K)->25023K(25600K) Class: 3574K(4288K)->3574K(4288K)
[137.257s][info][gc          ] GC(59) Pause Full (System.gc()) 772M->772M(5939M) 2740.442ms
[139.386s][info][gc,metaspace] GC(60) Metaspace: 28597K(29888K)->28597K(29888K) NonClass: 25023K(25600K)->25023K(25600K) Class: 3574K(4288K)->3574K(4288K)
[139.386s][info][gc          ] GC(60) Pause Full (System.gc()) 772M->772M(5939M) 2128.724ms
[141.521s][info][gc,metaspace] GC(61) Metaspace: 28597K(29888K)->28597K(29888K) NonClass: 25023K(25600K)->25023K(25600K) Class: 3574K(4288K)->3574K(4288K)
[141.521s][info][gc          ] GC(61) Pause Full (System.gc()) 772M->772M(5939M) 2134.702ms
[143.651s][info][gc,metaspace] GC(62) Metaspace: 28597K(29888K)->28597K(29888K) NonClass: 25023K(25600K)->25023K(25600K) Class: 3574K(4288K)->3574K(4288K)
[143.651s][info][gc          ] GC(62) Pause Full (System.gc()) 772M->772M(5939M) 2130.198ms
[145.781s][info][gc,metaspace] GC(63) Metaspace: 28597K(29888K)->28597K(29888K) NonClass: 25023K(25600K)->25023K(25600K) Class: 3574K(4288K)->3574K(4288K)
[145.781s][info][gc          ] GC(63) Pause Full (System.gc()) 772M->772M(5939M) 2129.170ms
[147.916s][info][gc,metaspace] GC(64) Metaspace: 28597K(29888K)->28597K(29888K) NonClass: 25023K(25600K)->25023K(25600K) Class: 3574K(4288K)->3574K(4288K)
[147.916s][info][gc          ] GC(64) Pause Full (System.gc()) 772M->772M(5939M) 2134.934ms
[150.096s][info][gc,metaspace] GC(65) Metaspace: 28597K(29888K)->28597K(29888K) NonClass: 25023K(25600K)->25023K(25600K) Class: 3574K(4288K)->3574K(4288K)
[150.096s][info][gc          ] GC(65) Pause Full (System.gc()) 772M->772M(5939M) 2180.352ms
[152.227s][info][gc,metaspace] GC(66) Metaspace: 28597K(29888K)->28597K(29888K) NonClass: 25023K(25600K)->25023K(25600K) Class: 3574K(4288K)->3574K(4288K)
[152.227s][info][gc          ] GC(66) Pause Full (System.gc()) 772M->772M(5939M) 2130.385ms
[154.361s][info][gc,metaspace] GC(67) Metaspace: 28597K(29888K)->28597K(29888K) NonClass: 25023K(25600K)->25023K(25600K) Class: 3574K(4288K)->3574K(4288K)
[154.361s][info][gc          ] GC(67) Pause Full (System.gc()) 772M->772M(5939M) 2134.523ms
[156.492s][info][gc,metaspace] GC(68) Metaspace: 28597K(29888K)->28597K(29888K) NonClass: 25023K(25600K)->25023K(25600K) Class: 3574K(4288K)->3574K(4288K)
[156.492s][info][gc          ] GC(68) Pause Full (System.gc()) 772M->772M(5939M) 2130.890ms
[158.626s][info][gc,metaspace] GC(69) Metaspace: 28597K(29888K)->28597K(29888K) NonClass: 25023K(25600K)->25023K(25600K) Class: 3574K(4288K)->3574K(4288K)
[158.626s][info][gc          ] GC(69) Pause Full (System.gc()) 772M->772M(5939M) 2133.770ms
[160.755s][info][gc,metaspace] GC(70) Metaspace: 28597K(29888K)->28597K(29888K) NonClass: 25023K(25600K)->25023K(25600K) Class: 3574K(4288K)->3574K(4288K)
[160.755s][info][gc          ] GC(70) Pause Full (System.gc()) 772M->772M(5939M) 2129.175ms
[162.885s][info][gc,metaspace] GC(71) Metaspace: 28597K(29888K)->28597K(29888K) NonClass: 25023K(25600K)->25023K(25600K) Class: 3574K(4288K)->3574K(4288K)
[162.886s][info][gc          ] GC(71) Pause Full (System.gc()) 772M->772M(5939M) 2130.008ms
[165.070s][info][gc,metaspace] GC(72) Metaspace: 28597K(29888K)->28597K(29888K) NonClass: 25023K(25600K)->25023K(25600K) Class: 3574K(4288K)->3574K(4288K)
[165.070s][info][gc          ] GC(72) Pause Full (System.gc()) 772M->772M(5939M) 2184.715ms
[167.201s][info][gc,metaspace] GC(73) Metaspace: 28597K(29888K)->28597K(29888K) NonClass: 25023K(25600K)->25023K(25600K) Class: 3574K(4288K)->3574K(4288K)
[167.201s][info][gc          ] GC(73) Pause Full (System.gc()) 772M->772M(5939M) 2130.824ms
[169.335s][info][gc,metaspace] GC(74) Metaspace: 28597K(29888K)->28597K(29888K) NonClass: 25023K(25600K)->25023K(25600K) Class: 3574K(4288K)->3574K(4288K)
[169.335s][info][gc          ] GC(74) Pause Full (System.gc()) 772M->772M(5939M) 2134.115ms
[171.466s][info][gc,metaspace] GC(75) Metaspace: 28597K(29888K)->28597K(29888K) NonClass: 25023K(25600K)->25023K(25600K) Class: 3574K(4288K)->3574K(4288K)
[171.466s][info][gc          ] GC(75) Pause Full (System.gc()) 772M->772M(5939M) 2130.880ms
[173.596s][info][gc,metaspace] GC(76) Metaspace: 28597K(29888K)->28597K(29888K) NonClass: 25023K(25600K)->25023K(25600K) Class: 3574K(4288K)->3574K(4288K)
[173.596s][info][gc          ] GC(76) Pause Full (System.gc()) 772M->772M(5939M) 2129.564ms
[175.729s][info][gc,metaspace] GC(77) Metaspace: 28597K(29888K)->28597K(29888K) NonClass: 25023K(25600K)->25023K(25600K) Class: 3574K(4288K)->3574K(4288K)
[175.729s][info][gc          ] GC(77) Pause Full (System.gc()) 772M->772M(5939M) 2132.859ms
[177.866s][info][gc,metaspace] GC(78) Metaspace: 28597K(29888K)->28597K(29888K) NonClass: 25023K(25600K)->25023K(25600K) Class: 3574K(4288K)->3574K(4288K)
[177.866s][info][gc          ] GC(78) Pause Full (System.gc()) 772M->772M(5939M) 2136.573ms
[180.046s][info][gc,metaspace] GC(79) Metaspace: 28597K(29888K)->28597K(29888K) NonClass: 25023K(25600K)->25023K(25600K) Class: 3574K(4288K)->3574K(4288K)
[180.046s][info][gc          ] GC(79) Pause Full (System.gc()) 772M->772M(5939M) 2180.693ms
[182.181s][info][gc,metaspace] GC(80) Metaspace: 28597K(29888K)->28597K(29888K) NonClass: 25023K(25600K)->25023K(25600K) Class: 3574K(4288K)->3574K(4288K)
[182.181s][info][gc          ] GC(80) Pause Full (System.gc()) 772M->772M(5939M) 2134.684ms
[184.311s][info][gc,metaspace] GC(81) Metaspace: 28597K(29888K)->28597K(29888K) NonClass: 25023K(25600K)->25023K(25600K) Class: 3574K(4288K)->3574K(4288K)
[184.311s][info][gc          ] GC(81) Pause Full (System.gc()) 772M->772M(5939M) 2130.025ms
[186.446s][info][gc,metaspace] GC(82) Metaspace: 28597K(29888K)->28597K(29888K) NonClass: 25023K(25600K)->25023K(25600K) Class: 3574K(4288K)->3574K(4288K)
[186.446s][info][gc          ] GC(82) Pause Full (System.gc()) 772M->772M(5939M) 2134.774ms
[188.576s][info][gc,metaspace] GC(83) Metaspace: 28597K(29888K)->28597K(29888K) NonClass: 25023K(25600K)->25023K(25600K) Class: 3574K(4288K)->3574K(4288K)
[188.576s][info][gc          ] GC(83) Pause Full (System.gc()) 772M->772M(5939M) 2129.956ms
[190.706s][info][gc,metaspace] GC(84) Metaspace: 28597K(29888K)->28597K(29888K) NonClass: 25023K(25600K)->25023K(25600K) Class: 3574K(4288K)->3574K(4288K)
[190.706s][info][gc          ] GC(84) Pause Full (System.gc()) 783M->772M(5939M) 2129.105ms
[192.840s][info][gc,metaspace] GC(85) Metaspace: 28597K(29888K)->28597K(29888K) NonClass: 25023K(25600K)->25023K(25600K) Class: 3574K(4288K)->3574K(4288K)
[192.840s][info][gc          ] GC(85) Pause Full (System.gc()) 772M->772M(5939M) 2133.970ms
[195.021s][info][gc,metaspace] GC(86) Metaspace: 28597K(29888K)->28597K(29888K) NonClass: 25023K(25600K)->25023K(25600K) Class: 3574K(4288K)->3574K(4288K)
[195.021s][info][gc          ] GC(86) Pause Full (System.gc()) 772M->772M(5939M) 2180.798ms
[197.391s][info][gc,metaspace] GC(87) Metaspace: 28597K(29888K)->28597K(29888K) NonClass: 25023K(25600K)->25023K(25600K) Class: 3574K(4288K)->3574K(4288K)
[197.391s][info][gc          ] GC(87) Pause Full (System.gc()) 772M->772M(5939M) 2370.092ms
[199.525s][info][gc,metaspace] GC(88) Metaspace: 28597K(29888K)->28597K(29888K) NonClass: 25023K(25600K)->25023K(25600K) Class: 3574K(4288K)->3574K(4288K)
[199.525s][info][gc          ] GC(88) Pause Full (System.gc()) 772M->772M(5939M) 2134.370ms
[201.656s][info][gc,metaspace] GC(89) Metaspace: 28597K(29888K)->28597K(29888K) NonClass: 25023K(25600K)->25023K(25600K) Class: 3574K(4288K)->3574K(4288K)
[201.656s][info][gc          ] GC(89) Pause Full (System.gc()) 772M->772M(5939M) 2131.065ms
[203.791s][info][gc,metaspace] GC(90) Metaspace: 28597K(29888K)->28597K(29888K) NonClass: 25023K(25600K)->25023K(25600K) Class: 3574K(4288K)->3574K(4288K)
[203.791s][info][gc          ] GC(90) Pause Full (System.gc()) 772M->772M(5939M) 2134.126ms
[205.928s][info][gc,metaspace] GC(91) Metaspace: 28597K(29888K)->28597K(29888K) NonClass: 25023K(25600K)->25023K(25600K) Class: 3574K(4288K)->3574K(4288K)
[205.928s][info][gc          ] GC(91) Pause Full (System.gc()) 772M->772M(5939M) 2137.558ms
[208.110s][info][gc,metaspace] GC(92) Metaspace: 28597K(29888K)->28597K(29888K) NonClass: 25023K(25600K)->25023K(25600K) Class: 3574K(4288K)->3574K(4288K)
[208.110s][info][gc          ] GC(92) Pause Full (System.gc()) 772M->772M(5939M) 2181.348ms
[210.243s][info][gc,metaspace] GC(93) Metaspace: 28597K(29888K)->28597K(29888K) NonClass: 25023K(25600K)->25023K(25600K) Class: 3574K(4288K)->3574K(4288K)
[210.243s][info][gc          ] GC(93) Pause Full (System.gc()) 772M->772M(5939M) 2133.529ms
[212.375s][info][gc,metaspace] GC(94) Metaspace: 28597K(29888K)->28597K(29888K) NonClass: 25023K(25600K)->25023K(25600K) Class: 3574K(4288K)->3574K(4288K)
[212.375s][info][gc          ] GC(94) Pause Full (System.gc()) 772M->772M(5939M) 2132.025ms
[214.510s][info][gc,metaspace] GC(95) Metaspace: 28597K(29888K)->28597K(29888K) NonClass: 25023K(25600K)->25023K(25600K) Class: 3574K(4288K)->3574K(4288K)
[214.510s][info][gc          ] GC(95) Pause Full (System.gc()) 772M->772M(5939M) 2134.253ms
[216.641s][info][gc,metaspace] GC(96) Metaspace: 28597K(29888K)->28597K(29888K) NonClass: 25023K(25600K)->25023K(25600K) Class: 3574K(4288K)->3574K(4288K)
[216.641s][info][gc          ] GC(96) Pause Full (System.gc()) 772M->772M(5939M) 2131.009ms
[218.771s][info][gc,metaspace] GC(97) Metaspace: 28597K(29888K)->28597K(29888K) NonClass: 25023K(25600K)->25023K(25600K) Class: 3574K(4288K)->3574K(4288K)
[218.771s][info][gc          ] GC(97) Pause Full (System.gc()) 772M->772M(5939M) 2129.879ms
[220.904s][info][gc,metaspace] GC(98) Metaspace: 28597K(29888K)->28597K(29888K) NonClass: 25023K(25600K)->25023K(25600K) Class: 3574K(4288K)->3574K(4288K)
[220.904s][info][gc          ] GC(98) Pause Full (System.gc()) 772M->772M(5939M) 2133.319ms
[223.086s][info][gc,metaspace] GC(99) Metaspace: 28597K(29888K)->28597K(29888K) NonClass: 25023K(25600K)->25023K(25600K) Class: 3574K(4288K)->3574K(4288K)
[223.086s][info][gc          ] GC(99) Pause Full (System.gc()) 772M->772M(5939M) 2181.450ms
[225.215s][info][gc,metaspace] GC(100) Metaspace: 28597K(29888K)->28597K(29888K) NonClass: 25023K(25600K)->25023K(25600K) Class: 3574K(4288K)->3574K(4288K)
[225.215s][info][gc          ] GC(100) Pause Full (System.gc()) 772M->772M(5939M) 2129.591ms
[227.350s][info][gc,metaspace] GC(101) Metaspace: 28597K(29888K)->28597K(29888K) NonClass: 25023K(25600K)->25023K(25600K) Class: 3574K(4288K)->3574K(4288K)
[227.350s][info][gc          ] GC(101) Pause Full (System.gc()) 772M->772M(5939M) 2134.764ms
[229.481s][info][gc,metaspace] GC(102) Metaspace: 28597K(29888K)->28597K(29888K) NonClass: 25023K(25600K)->25023K(25600K) Class: 3574K(4288K)->3574K(4288K)
[229.481s][info][gc          ] GC(102) Pause Full (System.gc()) 772M->772M(5939M) 2130.306ms
After GCs... 
