Done; will start GCs... 
[15.653s][info][gc,metaspace] GC(3) Metaspace: 28398K(29568K)->28398K(29568K) NonClass: 23116K(23680K)->23116K(23680K) Class: 5282K(5888K)->5282K(5888K)
[15.653s][info][gc          ] GC(3) Pause Full (System.gc()) 838M->772M(5939M) 3661.825ms
[17.999s][info][gc,metaspace] GC(4) Metaspace: 28398K(29568K)->28398K(29568K) NonClass: 23116K(23680K)->23116K(23680K) Class: 5282K(5888K)->5282K(5888K)
[17.999s][info][gc          ] GC(4) Pause Full (System.gc()) 772M->772M(5939M) 2346.029ms
[21.025s][info][gc,metaspace] GC(5) Metaspace: 28398K(29568K)->28398K(29568K) NonClass: 23116K(23680K)->23116K(23680K) Class: 5282K(5888K)->5282K(5888K)
[21.025s][info][gc          ] GC(5) Pause Full (System.gc()) 772M->772M(5939M) 3025.630ms
[23.331s][info][gc,metaspace] GC(6) Metaspace: 28398K(29568K)->28398K(29568K) NonClass: 23116K(23680K)->23116K(23680K) Class: 5282K(5888K)->5282K(5888K)
[23.331s][info][gc          ] GC(6) Pause Full (System.gc()) 772M->772M(5939M) 2305.750ms
[25.630s][info][gc,metaspace] GC(7) Metaspace: 28398K(29568K)->28398K(29568K) NonClass: 23116K(23680K)->23116K(23680K) Class: 5282K(5888K)->5282K(5888K)
[25.630s][info][gc          ] GC(7) Pause Full (System.gc()) 772M->772M(5939M) 2298.638ms
[27.976s][info][gc,metaspace] GC(8) Metaspace: 28398K(29568K)->28398K(29568K) NonClass: 23116K(23680K)->23116K(23680K) Class: 5282K(5888K)->5282K(5888K)
[27.976s][info][gc          ] GC(8) Pause Full (System.gc()) 772M->772M(5939M) 2345.740ms
[30.271s][info][gc,metaspace] GC(9) Metaspace: 28398K(29568K)->28398K(29568K) NonClass: 23116K(23680K)->23116K(23680K) Class: 5282K(5888K)->5282K(5888K)
[30.271s][info][gc          ] GC(9) Pause Full (System.gc()) 772M->772M(5939M) 2294.763ms
[32.577s][info][gc,metaspace] GC(10) Metaspace: 28398K(29568K)->28398K(29568K) NonClass: 23116K(23680K)->23116K(23680K) Class: 5282K(5888K)->5282K(5888K)
[32.577s][info][gc          ] GC(10) Pause Full (System.gc()) 772M->772M(5939M) 2305.622ms
[34.923s][info][gc,metaspace] GC(11) Metaspace: 28398K(29568K)->28398K(29568K) NonClass: 23116K(23680K)->23116K(23680K) Class: 5282K(5888K)->5282K(5888K)
[34.923s][info][gc          ] GC(11) Pause Full (System.gc()) 772M->772M(5939M) 2345.657ms
[37.217s][info][gc,metaspace] GC(12) Metaspace: 28398K(29568K)->28398K(29568K) NonClass: 23116K(23680K)->23116K(23680K) Class: 5282K(5888K)->5282K(5888K)
[37.217s][info][gc          ] GC(12) Pause Full (System.gc()) 772M->772M(5939M) 2294.573ms
[39.517s][info][gc,metaspace] GC(13) Metaspace: 28398K(29568K)->28398K(29568K) NonClass: 23116K(23680K)->23116K(23680K) Class: 5282K(5888K)->5282K(5888K)
[39.517s][info][gc          ] GC(13) Pause Full (System.gc()) 772M->772M(5939M) 2299.159ms
[41.863s][info][gc,metaspace] GC(14) Metaspace: 28398K(29568K)->28398K(29568K) NonClass: 23116K(23680K)->23116K(23680K) Class: 5282K(5888K)->5282K(5888K)
[41.863s][info][gc          ] GC(14) Pause Full (System.gc()) 772M->772M(5939M) 2346.323ms
[44.159s][info][gc,metaspace] GC(15) Metaspace: 28398K(29568K)->28398K(29568K) NonClass: 23116K(23680K)->23116K(23680K) Class: 5282K(5888K)->5282K(5888K)
[44.159s][info][gc          ] GC(15) Pause Full (System.gc()) 772M->772M(5939M) 2295.647ms
[46.456s][info][gc,metaspace] GC(16) Metaspace: 28398K(29568K)->28398K(29568K) NonClass: 23116K(23680K)->23116K(23680K) Class: 5282K(5888K)->5282K(5888K)
[46.456s][info][gc          ] GC(16) Pause Full (System.gc()) 772M->772M(5939M) 2297.351ms
[48.752s][info][gc,metaspace] GC(17) Metaspace: 28398K(29568K)->28398K(29568K) NonClass: 23116K(23680K)->23116K(23680K) Class: 5282K(5888K)->5282K(5888K)
[48.752s][info][gc          ] GC(17) Pause Full (System.gc()) 772M->772M(5939M) 2295.666ms
[51.097s][info][gc,metaspace] GC(18) Metaspace: 28398K(29568K)->28398K(29568K) NonClass: 23116K(23680K)->23116K(23680K) Class: 5282K(5888K)->5282K(5888K)
[51.097s][info][gc          ] GC(18) Pause Full (System.gc()) 772M->772M(5939M) 2344.990ms
[53.395s][info][gc,metaspace] GC(19) Metaspace: 28398K(29568K)->28398K(29568K) NonClass: 23116K(23680K)->23116K(23680K) Class: 5282K(5888K)->5282K(5888K)
[53.395s][info][gc          ] GC(19) Pause Full (System.gc()) 772M->772M(5939M) 2297.951ms
[55.690s][info][gc,metaspace] GC(20) Metaspace: 28398K(29568K)->28398K(29568K) NonClass: 23116K(23680K)->23116K(23680K) Class: 5282K(5888K)->5282K(5888K)
[55.690s][info][gc          ] GC(20) Pause Full (System.gc()) 772M->772M(5939M) 2294.131ms
[58.435s][info][gc,metaspace] GC(21) Metaspace: 28398K(29568K)->28398K(29568K) NonClass: 23116K(23680K)->23116K(23680K) Class: 5282K(5888K)->5282K(5888K)
[58.435s][info][gc          ] GC(21) Pause Full (System.gc()) 772M->772M(5939M) 2745.502ms
[60.733s][info][gc,metaspace] GC(22) Metaspace: 28398K(29568K)->28398K(29568K) NonClass: 23116K(23680K)->23116K(23680K) Class: 5282K(5888K)->5282K(5888K)
[60.733s][info][gc          ] GC(22) Pause Full (System.gc()) 772M->772M(5939M) 2298.100ms
[63.079s][info][gc,metaspace] GC(23) Metaspace: 28398K(29568K)->28398K(29568K) NonClass: 23116K(23680K)->23116K(23680K) Class: 5282K(5888K)->5282K(5888K)
[63.079s][info][gc          ] GC(23) Pause Full (System.gc()) 772M->772M(5939M) 2345.441ms
[65.374s][info][gc,metaspace] GC(24) Metaspace: 28398K(29568K)->28398K(29568K) NonClass: 23116K(23680K)->23116K(23680K) Class: 5282K(5888K)->5282K(5888K)
[65.374s][info][gc          ] GC(24) Pause Full (System.gc()) 772M->772M(5939M) 2294.836ms
[68.407s][info][gc,metaspace] GC(25) Metaspace: 28398K(29568K)->28398K(29568K) NonClass: 23116K(23680K)->23116K(23680K) Class: 5282K(5888K)->5282K(5888K)
[68.407s][info][gc          ] GC(25) Pause Full (System.gc()) 772M->772M(5939M) 3033.222ms
[70.706s][info][gc,metaspace] GC(26) Metaspace: 28398K(29568K)->28398K(29568K) NonClass: 23116K(23680K)->23116K(23680K) Class: 5282K(5888K)->5282K(5888K)
[70.706s][info][gc          ] GC(26) Pause Full (System.gc()) 783M->772M(5939M) 2298.479ms
[73.057s][info][gc,metaspace] GC(27) Metaspace: 28398K(29568K)->28398K(29568K) NonClass: 23116K(23680K)->23116K(23680K) Class: 5282K(5888K)->5282K(5888K)
[73.057s][info][gc          ] GC(27) Pause Full (System.gc()) 772M->772M(5939M) 2346.073ms
[75.350s][info][gc,metaspace] GC(28) Metaspace: 28398K(29568K)->28398K(29568K) NonClass: 23116K(23680K)->23116K(23680K) Class: 5282K(5888K)->5282K(5888K)
[75.350s][info][gc          ] GC(28) Pause Full (System.gc()) 772M->772M(5939M) 2293.271ms
[77.650s][info][gc,metaspace] GC(29) Metaspace: 28398K(29568K)->28398K(29568K) NonClass: 23116K(23680K)->23116K(23680K) Class: 5282K(5888K)->5282K(5888K)
[77.650s][info][gc          ] GC(29) Pause Full (System.gc()) 772M->772M(5939M) 2300.171ms
[79.996s][info][gc,metaspace] GC(30) Metaspace: 28398K(29568K)->28398K(29568K) NonClass: 23116K(23680K)->23116K(23680K) Class: 5282K(5888K)->5282K(5888K)
[79.996s][info][gc          ] GC(30) Pause Full (System.gc()) 772M->772M(5939M) 2345.659ms
[82.292s][info][gc,metaspace] GC(31) Metaspace: 28398K(29568K)->28398K(29568K) NonClass: 23116K(23680K)->23116K(23680K) Class: 5282K(5888K)->5282K(5888K)
[82.292s][info][gc          ] GC(31) Pause Full (System.gc()) 772M->772M(5939M) 2296.183ms
[84.590s][info][gc,metaspace] GC(32) Metaspace: 28398K(29568K)->28398K(29568K) NonClass: 23116K(23680K)->23116K(23680K) Class: 5282K(5888K)->5282K(5888K)
[84.590s][info][gc          ] GC(32) Pause Full (System.gc()) 772M->772M(5939M) 2297.432ms
[86.935s][info][gc,metaspace] GC(33) Metaspace: 28398K(29568K)->28398K(29568K) NonClass: 23116K(23680K)->23116K(23680K) Class: 5282K(5888K)->5282K(5888K)
[86.935s][info][gc          ] GC(33) Pause Full (System.gc()) 772M->772M(5939M) 2345.182ms
[89.231s][info][gc,metaspace] GC(34) Metaspace: 28398K(29568K)->28398K(29568K) NonClass: 23116K(23680K)->23116K(23680K) Class: 5282K(5888K)->5282K(5888K)
[89.231s][info][gc          ] GC(34) Pause Full (System.gc()) 772M->772M(5939M) 2295.839ms
[91.529s][info][gc,metaspace] GC(35) Metaspace: 28398K(29568K)->28398K(29568K) NonClass: 23116K(23680K)->23116K(23680K) Class: 5282K(5888K)->5282K(5888K)
[91.529s][info][gc          ] GC(35) Pause Full (System.gc()) 772M->772M(5939M) 2297.423ms
[93.875s][info][gc,metaspace] GC(36) Metaspace: 28398K(29568K)->28398K(29568K) NonClass: 23116K(23680K)->23116K(23680K) Class: 5282K(5888K)->5282K(5888K)
[93.875s][info][gc          ] GC(36) Pause Full (System.gc()) 772M->772M(5939M) 2345.734ms
[96.170s][info][gc,metaspace] GC(37) Metaspace: 28398K(29568K)->28398K(29568K) NonClass: 23116K(23680K)->23116K(23680K) Class: 5282K(5888K)->5282K(5888K)
[96.170s][info][gc          ] GC(37) Pause Full (System.gc()) 772M->772M(5939M) 2295.152ms
[98.463s][info][gc,metaspace] GC(38) Metaspace: 28398K(29568K)->28398K(29568K) NonClass: 23116K(23680K)->23116K(23680K) Class: 5282K(5888K)->5282K(5888K)
[98.463s][info][gc          ] GC(38) Pause Full (System.gc()) 772M->772M(5939M) 2293.121ms
[100.814s][info][gc,metaspace] GC(39) Metaspace: 28398K(29568K)->28398K(29568K) NonClass: 23116K(23680K)->23116K(23680K) Class: 5282K(5888K)->5282K(5888K)
[100.814s][info][gc          ] GC(39) Pause Full (System.gc()) 772M->772M(5939M) 2351.287ms
[103.108s][info][gc,metaspace] GC(40) Metaspace: 28398K(29568K)->28398K(29568K) NonClass: 23116K(23680K)->23116K(23680K) Class: 5282K(5888K)->5282K(5888K)
[103.108s][info][gc          ] GC(40) Pause Full (System.gc()) 772M->772M(5939M) 2293.571ms
[105.405s][info][gc,metaspace] GC(41) Metaspace: 28398K(29568K)->28398K(29568K) NonClass: 23116K(23680K)->23116K(23680K) Class: 5282K(5888K)->5282K(5888K)
[105.405s][info][gc          ] GC(41) Pause Full (System.gc()) 772M->772M(5939M) 2296.697ms
[107.703s][info][gc,metaspace] GC(42) Metaspace: 28398K(29568K)->28398K(29568K) NonClass: 23116K(23680K)->23116K(23680K) Class: 5282K(5888K)->5282K(5888K)
[107.703s][info][gc          ] GC(42) Pause Full (System.gc()) 772M->772M(5939M) 2297.464ms
[110.048s][info][gc,metaspace] GC(43) Metaspace: 28398K(29568K)->28398K(29568K) NonClass: 23116K(23680K)->23116K(23680K) Class: 5282K(5888K)->5282K(5888K)
[110.048s][info][gc          ] GC(43) Pause Full (System.gc()) 772M->772M(5939M) 2345.274ms
[112.342s][info][gc,metaspace] GC(44) Metaspace: 28398K(29568K)->28398K(29568K) NonClass: 23116K(23680K)->23116K(23680K) Class: 5282K(5888K)->5282K(5888K)
[112.342s][info][gc          ] GC(44) Pause Full (System.gc()) 772M->772M(5939M) 2294.254ms
[114.640s][info][gc,metaspace] GC(45) Metaspace: 28398K(29568K)->28398K(29568K) NonClass: 23116K(23680K)->23116K(23680K) Class: 5282K(5888K)->5282K(5888K)
[114.640s][info][gc          ] GC(45) Pause Full (System.gc()) 772M->772M(5939M) 2298.015ms
[116.986s][info][gc,metaspace] GC(46) Metaspace: 28398K(29568K)->28398K(29568K) NonClass: 23116K(23680K)->23116K(23680K) Class: 5282K(5888K)->5282K(5888K)
[116.986s][info][gc          ] GC(46) Pause Full (System.gc()) 772M->772M(5939M) 2345.827ms
[119.280s][info][gc,metaspace] GC(47) Metaspace: 28398K(29568K)->28398K(29568K) NonClass: 23116K(23680K)->23116K(23680K) Class: 5282K(5888K)->5282K(5888K)
[119.280s][info][gc          ] GC(47) Pause Full (System.gc()) 772M->772M(5939M) 2293.839ms
[121.578s][info][gc,metaspace] GC(48) Metaspace: 28398K(29568K)->28398K(29568K) NonClass: 23116K(23680K)->23116K(23680K) Class: 5282K(5888K)->5282K(5888K)
[121.578s][info][gc          ] GC(48) Pause Full (System.gc()) 772M->772M(5939M) 2297.908ms
[123.924s][info][gc,metaspace] GC(49) Metaspace: 28398K(29568K)->28398K(29568K) NonClass: 23116K(23680K)->23116K(23680K) Class: 5282K(5888K)->5282K(5888K)
[123.924s][info][gc          ] GC(49) Pause Full (System.gc()) 772M->772M(5939M) 2345.803ms
[126.219s][info][gc,metaspace] GC(50) Metaspace: 28398K(29568K)->28398K(29568K) NonClass: 23116K(23680K)->23116K(23680K) Class: 5282K(5888K)->5282K(5888K)
[126.219s][info][gc          ] GC(50) Pause Full (System.gc()) 772M->772M(5939M) 2294.601ms
[128.518s][info][gc,metaspace] GC(51) Metaspace: 28398K(29568K)->28398K(29568K) NonClass: 23116K(23680K)->23116K(23680K) Class: 5282K(5888K)->5282K(5888K)
[128.518s][info][gc          ] GC(51) Pause Full (System.gc()) 772M->772M(5939M) 2298.724ms
[130.863s][info][gc,metaspace] GC(52) Metaspace: 28398K(29568K)->28398K(29568K) NonClass: 23116K(23680K)->23116K(23680K) Class: 5282K(5888K)->5282K(5888K)
[130.863s][info][gc          ] GC(52) Pause Full (System.gc()) 783M->772M(5939M) 2345.074ms
[133.161s][info][gc,metaspace] GC(53) Metaspace: 28398K(29568K)->28398K(29568K) NonClass: 23116K(23680K)->23116K(23680K) Class: 5282K(5888K)->5282K(5888K)
[133.161s][info][gc          ] GC(53) Pause Full (System.gc()) 772M->772M(5939M) 2297.791ms
[135.459s][info][gc,metaspace] GC(54) Metaspace: 28398K(29568K)->28398K(29568K) NonClass: 23116K(23680K)->23116K(23680K) Class: 5282K(5888K)->5282K(5888K)
[135.459s][info][gc          ] GC(54) Pause Full (System.gc()) 772M->772M(5939M) 2297.427ms
[137.752s][info][gc,metaspace] GC(55) Metaspace: 28398K(29568K)->28398K(29568K) NonClass: 23116K(23680K)->23116K(23680K) Class: 5282K(5888K)->5282K(5888K)
[137.752s][info][gc          ] GC(55) Pause Full (System.gc()) 772M->772M(5939M) 2293.480ms
[140.097s][info][gc,metaspace] GC(56) Metaspace: 28398K(29568K)->28398K(29568K) NonClass: 23116K(23680K)->23116K(23680K) Class: 5282K(5888K)->5282K(5888K)
[140.097s][info][gc          ] GC(56) Pause Full (System.gc()) 772M->772M(5939M) 2345.056ms
[142.395s][info][gc,metaspace] GC(57) Metaspace: 28398K(29568K)->28398K(29568K) NonClass: 23116K(23680K)->23116K(23680K) Class: 5282K(5888K)->5282K(5888K)
[142.395s][info][gc          ] GC(57) Pause Full (System.gc()) 772M->772M(5939M) 2297.649ms
[144.690s][info][gc,metaspace] GC(58) Metaspace: 28398K(29568K)->28398K(29568K) NonClass: 23116K(23680K)->23116K(23680K) Class: 5282K(5888K)->5282K(5888K)
[144.690s][info][gc          ] GC(58) Pause Full (System.gc()) 772M->772M(5939M) 2294.429ms
[147.035s][info][gc,metaspace] GC(59) Metaspace: 28398K(29568K)->28398K(29568K) NonClass: 23116K(23680K)->23116K(23680K) Class: 5282K(5888K)->5282K(5888K)
[147.035s][info][gc          ] GC(59) Pause Full (System.gc()) 772M->772M(5939M) 2345.156ms
[149.334s][info][gc,metaspace] GC(60) Metaspace: 28398K(29568K)->28398K(29568K) NonClass: 23116K(23680K)->23116K(23680K) Class: 5282K(5888K)->5282K(5888K)
[149.334s][info][gc          ] GC(60) Pause Full (System.gc()) 772M->772M(5939M) 2299.261ms
[151.633s][info][gc,metaspace] GC(61) Metaspace: 28398K(29568K)->28398K(29568K) NonClass: 23116K(23680K)->23116K(23680K) Class: 5282K(5888K)->5282K(5888K)
[151.633s][info][gc          ] GC(61) Pause Full (System.gc()) 772M->772M(5939M) 2298.319ms
[153.979s][info][gc,metaspace] GC(62) Metaspace: 28398K(29568K)->28398K(29568K) NonClass: 23116K(23680K)->23116K(23680K) Class: 5282K(5888K)->5282K(5888K)
[153.979s][info][gc          ] GC(62) Pause Full (System.gc()) 772M->772M(5939M) 2345.673ms
[156.278s][info][gc,metaspace] GC(63) Metaspace: 28398K(29568K)->28398K(29568K) NonClass: 23116K(23680K)->23116K(23680K) Class: 5282K(5888K)->5282K(5888K)
[156.278s][info][gc          ] GC(63) Pause Full (System.gc()) 772M->772M(5939M) 2299.235ms
[158.571s][info][gc,metaspace] GC(64) Metaspace: 28398K(29568K)->28398K(29568K) NonClass: 23116K(23680K)->23116K(23680K) Class: 5282K(5888K)->5282K(5888K)
[158.571s][info][gc          ] GC(64) Pause Full (System.gc()) 772M->772M(5939M) 2292.849ms
[160.915s][info][gc,metaspace] GC(65) Metaspace: 28398K(29568K)->28398K(29568K) NonClass: 23116K(23680K)->23116K(23680K) Class: 5282K(5888K)->5282K(5888K)
[160.915s][info][gc          ] GC(65) Pause Full (System.gc()) 772M->772M(5939M) 2344.050ms
[163.215s][info][gc,metaspace] GC(66) Metaspace: 28398K(29568K)->28398K(29568K) NonClass: 23116K(23680K)->23116K(23680K) Class: 5282K(5888K)->5282K(5888K)
[163.215s][info][gc          ] GC(66) Pause Full (System.gc()) 772M->772M(5939M) 2299.594ms
[165.510s][info][gc,metaspace] GC(67) Metaspace: 28398K(29568K)->28398K(29568K) NonClass: 23116K(23680K)->23116K(23680K) Class: 5282K(5888K)->5282K(5888K)
[165.510s][info][gc          ] GC(67) Pause Full (System.gc()) 772M->772M(5939M) 2294.779ms
[167.854s][info][gc,metaspace] GC(68) Metaspace: 28398K(29568K)->28398K(29568K) NonClass: 23116K(23680K)->23116K(23680K) Class: 5282K(5888K)->5282K(5888K)
[167.854s][info][gc          ] GC(68) Pause Full (System.gc()) 772M->772M(5939M) 2344.022ms
[170.156s][info][gc,metaspace] GC(69) Metaspace: 28398K(29568K)->28398K(29568K) NonClass: 23116K(23680K)->23116K(23680K) Class: 5282K(5888K)->5282K(5888K)
[170.156s][info][gc          ] GC(69) Pause Full (System.gc()) 772M->772M(5939M) 2301.531ms
[172.450s][info][gc,metaspace] GC(70) Metaspace: 28398K(29568K)->28398K(29568K) NonClass: 23116K(23680K)->23116K(23680K) Class: 5282K(5888K)->5282K(5888K)
[172.450s][info][gc          ] GC(70) Pause Full (System.gc()) 772M->772M(5939M) 2294.305ms
[174.748s][info][gc,metaspace] GC(71) Metaspace: 28398K(29568K)->28398K(29568K) NonClass: 23116K(23680K)->23116K(23680K) Class: 5282K(5888K)->5282K(5888K)
[174.748s][info][gc          ] GC(71) Pause Full (System.gc()) 772M->772M(5939M) 2297.420ms
[177.092s][info][gc,metaspace] GC(72) Metaspace: 28398K(29568K)->28398K(29568K) NonClass: 23116K(23680K)->23116K(23680K) Class: 5282K(5888K)->5282K(5888K)
[177.092s][info][gc          ] GC(72) Pause Full (System.gc()) 772M->772M(5939M) 2343.972ms
[179.387s][info][gc,metaspace] GC(73) Metaspace: 28398K(29568K)->28398K(29568K) NonClass: 23116K(23680K)->23116K(23680K) Class: 5282K(5888K)->5282K(5888K)
[179.387s][info][gc          ] GC(73) Pause Full (System.gc()) 772M->772M(5939M) 2295.517ms
[181.685s][info][gc,metaspace] GC(74) Metaspace: 28398K(29568K)->28398K(29568K) NonClass: 23116K(23680K)->23116K(23680K) Class: 5282K(5888K)->5282K(5888K)
[181.685s][info][gc          ] GC(74) Pause Full (System.gc()) 772M->772M(5939M) 2297.254ms
[184.029s][info][gc,metaspace] GC(75) Metaspace: 28398K(29568K)->28398K(29568K) NonClass: 23116K(23680K)->23116K(23680K) Class: 5282K(5888K)->5282K(5888K)
[184.029s][info][gc          ] GC(75) Pause Full (System.gc()) 772M->772M(5939M) 2344.597ms
[186.326s][info][gc,metaspace] GC(76) Metaspace: 28398K(29568K)->28398K(29568K) NonClass: 23116K(23680K)->23116K(23680K) Class: 5282K(5888K)->5282K(5888K)
[186.326s][info][gc          ] GC(76) Pause Full (System.gc()) 772M->772M(5939M) 2296.458ms
[188.620s][info][gc,metaspace] GC(77) Metaspace: 28398K(29568K)->28398K(29568K) NonClass: 23116K(23680K)->23116K(23680K) Class: 5282K(5888K)->5282K(5888K)
[188.620s][info][gc          ] GC(77) Pause Full (System.gc()) 772M->772M(5939M) 2294.157ms
[190.972s][info][gc,metaspace] GC(78) Metaspace: 28398K(29568K)->28398K(29568K) NonClass: 23116K(23680K)->23116K(23680K) Class: 5282K(5888K)->5282K(5888K)
[190.972s][info][gc          ] GC(78) Pause Full (System.gc()) 783M->772M(5939M) 2352.086ms
[193.271s][info][gc,metaspace] GC(79) Metaspace: 28398K(29568K)->28398K(29568K) NonClass: 23116K(23680K)->23116K(23680K) Class: 5282K(5888K)->5282K(5888K)
[193.271s][info][gc          ] GC(79) Pause Full (System.gc()) 772M->772M(5939M) 2298.688ms
[195.564s][info][gc,metaspace] GC(80) Metaspace: 28398K(29568K)->28398K(29568K) NonClass: 23116K(23680K)->23116K(23680K) Class: 5282K(5888K)->5282K(5888K)
[195.564s][info][gc          ] GC(80) Pause Full (System.gc()) 772M->772M(5939M) 2292.586ms
[197.912s][info][gc,metaspace] GC(81) Metaspace: 28398K(29568K)->28398K(29568K) NonClass: 23116K(23680K)->23116K(23680K) Class: 5282K(5888K)->5282K(5888K)
[197.912s][info][gc          ] GC(81) Pause Full (System.gc()) 772M->772M(5939M) 2348.160ms
[200.208s][info][gc,metaspace] GC(82) Metaspace: 28398K(29568K)->28398K(29568K) NonClass: 23116K(23680K)->23116K(23680K) Class: 5282K(5888K)->5282K(5888K)
[200.208s][info][gc          ] GC(82) Pause Full (System.gc()) 772M->772M(5939M) 2295.542ms
[202.505s][info][gc,metaspace] GC(83) Metaspace: 28398K(29568K)->28398K(29568K) NonClass: 23116K(23680K)->23116K(23680K) Class: 5282K(5888K)->5282K(5888K)
[202.505s][info][gc          ] GC(83) Pause Full (System.gc()) 772M->772M(5939M) 2296.583ms
[204.853s][info][gc,metaspace] GC(84) Metaspace: 28398K(29568K)->28398K(29568K) NonClass: 23116K(23680K)->23116K(23680K) Class: 5282K(5888K)->5282K(5888K)
[204.853s][info][gc          ] GC(84) Pause Full (System.gc()) 772M->772M(5939M) 2347.985ms
[207.147s][info][gc,metaspace] GC(85) Metaspace: 28398K(29568K)->28398K(29568K) NonClass: 23116K(23680K)->23116K(23680K) Class: 5282K(5888K)->5282K(5888K)
[207.147s][info][gc          ] GC(85) Pause Full (System.gc()) 772M->772M(5939M) 2294.205ms
[209.440s][info][gc,metaspace] GC(86) Metaspace: 28398K(29568K)->28398K(29568K) NonClass: 23116K(23680K)->23116K(23680K) Class: 5282K(5888K)->5282K(5888K)
[209.440s][info][gc          ] GC(86) Pause Full (System.gc()) 772M->772M(5939M) 2292.597ms
[211.737s][info][gc,metaspace] GC(87) Metaspace: 28398K(29568K)->28398K(29568K) NonClass: 23116K(23680K)->23116K(23680K) Class: 5282K(5888K)->5282K(5888K)
[211.737s][info][gc          ] GC(87) Pause Full (System.gc()) 772M->772M(5939M) 2297.339ms
[214.083s][info][gc,metaspace] GC(88) Metaspace: 28398K(29568K)->28398K(29568K) NonClass: 23116K(23680K)->23116K(23680K) Class: 5282K(5888K)->5282K(5888K)
[214.083s][info][gc          ] GC(88) Pause Full (System.gc()) 772M->772M(5939M) 2346.044ms
[216.377s][info][gc,metaspace] GC(89) Metaspace: 28398K(29568K)->28398K(29568K) NonClass: 23116K(23680K)->23116K(23680K) Class: 5282K(5888K)->5282K(5888K)
[216.377s][info][gc          ] GC(89) Pause Full (System.gc()) 772M->772M(5939M) 2293.000ms
[218.674s][info][gc,metaspace] GC(90) Metaspace: 28398K(29568K)->28398K(29568K) NonClass: 23116K(23680K)->23116K(23680K) Class: 5282K(5888K)->5282K(5888K)
[218.674s][info][gc          ] GC(90) Pause Full (System.gc()) 772M->772M(5939M) 2297.294ms
[221.019s][info][gc,metaspace] GC(91) Metaspace: 28398K(29568K)->28398K(29568K) NonClass: 23116K(23680K)->23116K(23680K) Class: 5282K(5888K)->5282K(5888K)
[221.020s][info][gc          ] GC(91) Pause Full (System.gc()) 772M->772M(5939M) 2345.435ms
[223.313s][info][gc,metaspace] GC(92) Metaspace: 28398K(29568K)->28398K(29568K) NonClass: 23116K(23680K)->23116K(23680K) Class: 5282K(5888K)->5282K(5888K)
[223.313s][info][gc          ] GC(92) Pause Full (System.gc()) 772M->772M(5939M) 2293.577ms
[225.613s][info][gc,metaspace] GC(93) Metaspace: 28398K(29568K)->28398K(29568K) NonClass: 23116K(23680K)->23116K(23680K) Class: 5282K(5888K)->5282K(5888K)
[225.613s][info][gc          ] GC(93) Pause Full (System.gc()) 772M->772M(5939M) 2299.393ms
[227.958s][info][gc,metaspace] GC(94) Metaspace: 28398K(29568K)->28398K(29568K) NonClass: 23116K(23680K)->23116K(23680K) Class: 5282K(5888K)->5282K(5888K)
[227.958s][info][gc          ] GC(94) Pause Full (System.gc()) 772M->772M(5939M) 2345.638ms
[230.254s][info][gc,metaspace] GC(95) Metaspace: 28398K(29568K)->28398K(29568K) NonClass: 23116K(23680K)->23116K(23680K) Class: 5282K(5888K)->5282K(5888K)
[230.254s][info][gc          ] GC(95) Pause Full (System.gc()) 772M->772M(5939M) 2295.169ms
[232.553s][info][gc,metaspace] GC(96) Metaspace: 28398K(29568K)->28398K(29568K) NonClass: 23116K(23680K)->23116K(23680K) Class: 5282K(5888K)->5282K(5888K)
[232.553s][info][gc          ] GC(96) Pause Full (System.gc()) 772M->772M(5939M) 2298.690ms
[234.898s][info][gc,metaspace] GC(97) Metaspace: 28398K(29568K)->28398K(29568K) NonClass: 23116K(23680K)->23116K(23680K) Class: 5282K(5888K)->5282K(5888K)
[234.898s][info][gc          ] GC(97) Pause Full (System.gc()) 772M->772M(5939M) 2344.918ms
[237.195s][info][gc,metaspace] GC(98) Metaspace: 28398K(29568K)->28398K(29568K) NonClass: 23116K(23680K)->23116K(23680K) Class: 5282K(5888K)->5282K(5888K)
[237.195s][info][gc          ] GC(98) Pause Full (System.gc()) 772M->772M(5939M) 2297.044ms
[239.492s][info][gc,metaspace] GC(99) Metaspace: 28398K(29568K)->28398K(29568K) NonClass: 23116K(23680K)->23116K(23680K) Class: 5282K(5888K)->5282K(5888K)
[239.492s][info][gc          ] GC(99) Pause Full (System.gc()) 772M->772M(5939M) 2297.162ms
[241.837s][info][gc,metaspace] GC(100) Metaspace: 28398K(29568K)->28398K(29568K) NonClass: 23116K(23680K)->23116K(23680K) Class: 5282K(5888K)->5282K(5888K)
[241.837s][info][gc          ] GC(100) Pause Full (System.gc()) 772M->772M(5939M) 2345.295ms
[244.133s][info][gc,metaspace] GC(101) Metaspace: 28398K(29568K)->28398K(29568K) NonClass: 23116K(23680K)->23116K(23680K) Class: 5282K(5888K)->5282K(5888K)
[244.133s][info][gc          ] GC(101) Pause Full (System.gc()) 772M->772M(5939M) 2295.419ms
[246.432s][info][gc,metaspace] GC(102) Metaspace: 28398K(29568K)->28398K(29568K) NonClass: 23116K(23680K)->23116K(23680K) Class: 5282K(5888K)->5282K(5888K)
[246.432s][info][gc          ] GC(102) Pause Full (System.gc()) 772M->772M(5939M) 2298.662ms
After GCs... 
