Done; will start GCs... 
[29.874s][info][gc,metaspace] GC(12) Metaspace: 16493K(17664K)->16493K(17664K) NonClass: 13149K(13696K)->13149K(13696K) Class: 3343K(3968K)->3343K(3968K)
[29.874s][info][gc          ] GC(12) Pause Full (System.gc()) 1605M->1573M(5939M) 4982.282ms
[33.508s][info][gc,metaspace] GC(13) Metaspace: 16493K(17664K)->16493K(17664K) NonClass: 13149K(13696K)->13149K(13696K) Class: 3343K(3968K)->3343K(3968K)
[33.508s][info][gc          ] GC(13) Pause Full (System.gc()) 1573M->1573M(5939M) 3633.250ms
[37.143s][info][gc,metaspace] GC(14) Metaspace: 16493K(17664K)->16493K(17664K) NonClass: 13149K(13696K)->13149K(13696K) Class: 3343K(3968K)->3343K(3968K)
[37.143s][info][gc          ] GC(14) Pause Full (System.gc()) 1573M->1573M(5939M) 3635.586ms
[40.724s][info][gc,metaspace] GC(15) Metaspace: 16493K(17664K)->16493K(17664K) NonClass: 13149K(13696K)->13149K(13696K) Class: 3343K(3968K)->3343K(3968K)
[40.724s][info][gc          ] GC(15) Pause Full (System.gc()) 1573M->1573M(5939M) 3580.928ms
[44.360s][info][gc,metaspace] GC(16) Metaspace: 16493K(17664K)->16493K(17664K) NonClass: 13149K(13696K)->13149K(13696K) Class: 3343K(3968K)->3343K(3968K)
[44.360s][info][gc          ] GC(16) Pause Full (System.gc()) 1573M->1573M(5939M) 3635.188ms
[47.995s][info][gc,metaspace] GC(17) Metaspace: 16493K(17664K)->16493K(17664K) NonClass: 13149K(13696K)->13149K(13696K) Class: 3343K(3968K)->3343K(3968K)
[47.995s][info][gc          ] GC(17) Pause Full (System.gc()) 1573M->1573M(5939M) 3635.230ms
[51.577s][info][gc,metaspace] GC(18) Metaspace: 16493K(17664K)->16493K(17664K) NonClass: 13149K(13696K)->13149K(13696K) Class: 3343K(3968K)->3343K(3968K)
[51.577s][info][gc          ] GC(18) Pause Full (System.gc()) 1573M->1573M(5939M) 3581.928ms
[55.213s][info][gc,metaspace] GC(19) Metaspace: 16493K(17664K)->16493K(17664K) NonClass: 13149K(13696K)->13149K(13696K) Class: 3343K(3968K)->3343K(3968K)
[55.213s][info][gc          ] GC(19) Pause Full (System.gc()) 1573M->1573M(5939M) 3635.634ms
[58.799s][info][gc,metaspace] GC(20) Metaspace: 16493K(17664K)->16493K(17664K) NonClass: 13149K(13696K)->13149K(13696K) Class: 3343K(3968K)->3343K(3968K)
[58.799s][info][gc          ] GC(20) Pause Full (System.gc()) 1573M->1573M(5939M) 3586.177ms
[62.435s][info][gc,metaspace] GC(21) Metaspace: 16493K(17664K)->16493K(17664K) NonClass: 13149K(13696K)->13149K(13696K) Class: 3343K(3968K)->3343K(3968K)
[62.435s][info][gc          ] GC(21) Pause Full (System.gc()) 1573M->1573M(5939M) 3635.261ms
After GCs... 
