Done; will start GCs... 
[29.473s][info][gc,metaspace] GC(13) Metaspace: 16383K(17472K)->16383K(17472K) NonClass: 14224K(14720K)->14224K(14720K) Class: 2158K(2752K)->2158K(2752K)
[29.473s][info][gc          ] GC(13) Pause Full (System.gc()) 1825M->1793M(5939M) 4512.150ms
[32.961s][info][gc,metaspace] GC(14) Metaspace: 16383K(17472K)->16383K(17472K) NonClass: 14224K(14720K)->14224K(14720K) Class: 2158K(2752K)->2158K(2752K)
[32.961s][info][gc          ] GC(14) Pause Full (System.gc()) 1793M->1793M(5939M) 3488.080ms
[36.491s][info][gc,metaspace] GC(15) Metaspace: 16383K(17472K)->16383K(17472K) NonClass: 14224K(14720K)->14224K(14720K) Class: 2158K(2752K)->2158K(2752K)
[36.491s][info][gc          ] GC(15) Pause Full (System.gc()) 1793M->1793M(5939M) 3530.366ms
[39.980s][info][gc,metaspace] GC(16) Metaspace: 16383K(17472K)->16383K(17472K) NonClass: 14224K(14720K)->14224K(14720K) Class: 2158K(2752K)->2158K(2752K)
[39.980s][info][gc          ] GC(16) Pause Full (System.gc()) 1793M->1793M(5939M) 3488.863ms
[43.516s][info][gc,metaspace] GC(17) Metaspace: 16383K(17472K)->16383K(17472K) NonClass: 14224K(14720K)->14224K(14720K) Class: 2158K(2752K)->2158K(2752K)
[43.517s][info][gc          ] GC(17) Pause Full (System.gc()) 1793M->1793M(5939M) 3536.114ms
[46.998s][info][gc,metaspace] GC(18) Metaspace: 16383K(17472K)->16383K(17472K) NonClass: 14224K(14720K)->14224K(14720K) Class: 2158K(2752K)->2158K(2752K)
[46.998s][info][gc          ] GC(18) Pause Full (System.gc()) 1793M->1793M(5939M) 3480.970ms
[50.532s][info][gc,metaspace] GC(19) Metaspace: 16383K(17472K)->16383K(17472K) NonClass: 14224K(14720K)->14224K(14720K) Class: 2158K(2752K)->2158K(2752K)
[50.532s][info][gc          ] GC(19) Pause Full (System.gc()) 1793M->1793M(5939M) 3534.451ms
[54.020s][info][gc,metaspace] GC(20) Metaspace: 16383K(17472K)->16383K(17472K) NonClass: 14224K(14720K)->14224K(14720K) Class: 2158K(2752K)->2158K(2752K)
[54.020s][info][gc          ] GC(20) Pause Full (System.gc()) 1793M->1793M(5939M) 3487.706ms
[57.552s][info][gc,metaspace] GC(21) Metaspace: 16383K(17472K)->16383K(17472K) NonClass: 14224K(14720K)->14224K(14720K) Class: 2158K(2752K)->2158K(2752K)
[57.552s][info][gc          ] GC(21) Pause Full (System.gc()) 1793M->1793M(5939M) 3532.040ms
[61.084s][info][gc,metaspace] GC(22) Metaspace: 16383K(17472K)->16383K(17472K) NonClass: 14224K(14720K)->14224K(14720K) Class: 2158K(2752K)->2158K(2752K)
[61.084s][info][gc          ] GC(22) Pause Full (System.gc()) 1793M->1793M(5939M) 3531.558ms
After GCs... 
