Done; will start GCs... 
[12.708s][info][gc,metaspace] GC(14) Metaspace: 11534K(11904K)->11534K(11904K) NonClass: 9657K(9856K)->9657K(9856K) Class: 1877K(2048K)->1877K(2048K)
[12.708s][info][gc          ] GC(14) Pause Full (System.gc()) 1592M->1571M(5198M) 638.246ms
[13.270s][info][gc,metaspace] GC(15) Metaspace: 11534K(11904K)->11534K(11904K) NonClass: 9657K(9856K)->9657K(9856K) Class: 1877K(2048K)->1877K(2048K)
[13.270s][info][gc          ] GC(15) Pause Full (System.gc()) 1571M->1571M(5198M) 562.333ms
[13.842s][info][gc,metaspace] GC(16) Metaspace: 11534K(11904K)->11534K(11904K) NonClass: 9657K(9856K)->9657K(9856K) Class: 1877K(2048K)->1877K(2048K)
[13.842s][info][gc          ] GC(16) Pause Full (System.gc()) 1571M->1571M(5198M) 571.883ms
[14.393s][info][gc,metaspace] GC(17) Metaspace: 11534K(11904K)->11534K(11904K) NonClass: 9657K(9856K)->9657K(9856K) Class: 1877K(2048K)->1877K(2048K)
[14.393s][info][gc          ] GC(17) Pause Full (System.gc()) 1571M->1571M(5198M) 550.987ms
[14.982s][info][gc,metaspace] GC(18) Metaspace: 11534K(11904K)->11534K(11904K) NonClass: 9657K(9856K)->9657K(9856K) Class: 1877K(2048K)->1877K(2048K)
[14.982s][info][gc          ] GC(18) Pause Full (System.gc()) 1571M->1571M(5198M) 588.145ms
[15.582s][info][gc,metaspace] GC(19) Metaspace: 11534K(11904K)->11534K(11904K) NonClass: 9657K(9856K)->9657K(9856K) Class: 1877K(2048K)->1877K(2048K)
[15.582s][info][gc          ] GC(19) Pause Full (System.gc()) 1571M->1571M(5198M) 600.250ms
[16.167s][info][gc,metaspace] GC(20) Metaspace: 11534K(11904K)->11534K(11904K) NonClass: 9657K(9856K)->9657K(9856K) Class: 1877K(2048K)->1877K(2048K)
[16.167s][info][gc          ] GC(20) Pause Full (System.gc()) 1571M->1571M(5198M) 580.980ms
[16.738s][info][gc,metaspace] GC(21) Metaspace: 11534K(11904K)->11534K(11904K) NonClass: 9657K(9856K)->9657K(9856K) Class: 1877K(2048K)->1877K(2048K)
[16.738s][info][gc          ] GC(21) Pause Full (System.gc()) 1571M->1571M(5198M) 570.414ms
[17.302s][info][gc,metaspace] GC(22) Metaspace: 11534K(11904K)->11534K(11904K) NonClass: 9657K(9856K)->9657K(9856K) Class: 1877K(2048K)->1877K(2048K)
[17.302s][info][gc          ] GC(22) Pause Full (System.gc()) 1571M->1571M(5198M) 564.227ms
[17.895s][info][gc,metaspace] GC(23) Metaspace: 11534K(11904K)->11534K(11904K) NonClass: 9657K(9856K)->9657K(9856K) Class: 1877K(2048K)->1877K(2048K)
[17.895s][info][gc          ] GC(23) Pause Full (System.gc()) 1571M->1571M(5198M) 592.980ms
[18.447s][info][gc,metaspace] GC(24) Metaspace: 11534K(11904K)->11534K(11904K) NonClass: 9657K(9856K)->9657K(9856K) Class: 1877K(2048K)->1877K(2048K)
[18.447s][info][gc          ] GC(24) Pause Full (System.gc()) 1571M->1571M(5198M) 551.962ms
[19.049s][info][gc,metaspace] GC(25) Metaspace: 11534K(11904K)->11534K(11904K) NonClass: 9657K(9856K)->9657K(9856K) Class: 1877K(2048K)->1877K(2048K)
[19.049s][info][gc          ] GC(25) Pause Full (System.gc()) 1571M->1571M(5198M) 601.603ms
[19.645s][info][gc,metaspace] GC(26) Metaspace: 11534K(11904K)->11534K(11904K) NonClass: 9657K(9856K)->9657K(9856K) Class: 1877K(2048K)->1877K(2048K)
[19.645s][info][gc          ] GC(26) Pause Full (System.gc()) 1571M->1571M(5198M) 596.292ms
[20.201s][info][gc,metaspace] GC(27) Metaspace: 11534K(11904K)->11534K(11904K) NonClass: 9657K(9856K)->9657K(9856K) Class: 1877K(2048K)->1877K(2048K)
[20.201s][info][gc          ] GC(27) Pause Full (System.gc()) 1571M->1571M(5198M) 555.958ms
[20.791s][info][gc,metaspace] GC(28) Metaspace: 11534K(11904K)->11534K(11904K) NonClass: 9657K(9856K)->9657K(9856K) Class: 1877K(2048K)->1877K(2048K)
[20.791s][info][gc          ] GC(28) Pause Full (System.gc()) 1571M->1571M(5198M) 590.059ms
[21.344s][info][gc,metaspace] GC(29) Metaspace: 11534K(11904K)->11534K(11904K) NonClass: 9657K(9856K)->9657K(9856K) Class: 1877K(2048K)->1877K(2048K)
[21.344s][info][gc          ] GC(29) Pause Full (System.gc()) 1571M->1571M(5198M) 552.678ms
[21.932s][info][gc,metaspace] GC(30) Metaspace: 11534K(11904K)->11534K(11904K) NonClass: 9657K(9856K)->9657K(9856K) Class: 1877K(2048K)->1877K(2048K)
[21.932s][info][gc          ] GC(30) Pause Full (System.gc()) 1571M->1571M(5198M) 587.361ms
[22.531s][info][gc,metaspace] GC(31) Metaspace: 11534K(11904K)->11534K(11904K) NonClass: 9657K(9856K)->9657K(9856K) Class: 1877K(2048K)->1877K(2048K)
[22.531s][info][gc          ] GC(31) Pause Full (System.gc()) 1571M->1571M(5198M) 599.427ms
[23.083s][info][gc,metaspace] GC(32) Metaspace: 11534K(11904K)->11534K(11904K) NonClass: 9657K(9856K)->9657K(9856K) Class: 1877K(2048K)->1877K(2048K)
[23.083s][info][gc          ] GC(32) Pause Full (System.gc()) 1571M->1571M(5198M) 552.068ms
[23.671s][info][gc,metaspace] GC(33) Metaspace: 11534K(11904K)->11534K(11904K) NonClass: 9657K(9856K)->9657K(9856K) Class: 1877K(2048K)->1877K(2048K)
[23.671s][info][gc          ] GC(33) Pause Full (System.gc()) 1571M->1571M(5198M) 587.747ms
[24.219s][info][gc,metaspace] GC(34) Metaspace: 11534K(11904K)->11534K(11904K) NonClass: 9657K(9856K)->9657K(9856K) Class: 1877K(2048K)->1877K(2048K)
[24.220s][info][gc          ] GC(34) Pause Full (System.gc()) 1571M->1571M(5198M) 548.277ms
[24.806s][info][gc,metaspace] GC(35) Metaspace: 11534K(11904K)->11534K(11904K) NonClass: 9657K(9856K)->9657K(9856K) Class: 1877K(2048K)->1877K(2048K)
[24.806s][info][gc          ] GC(35) Pause Full (System.gc()) 1571M->1571M(5198M) 586.775ms
[25.355s][info][gc,metaspace] GC(36) Metaspace: 11534K(11904K)->11534K(11904K) NonClass: 9657K(9856K)->9657K(9856K) Class: 1877K(2048K)->1877K(2048K)
[25.355s][info][gc          ] GC(36) Pause Full (System.gc()) 1571M->1571M(5198M) 548.739ms
[25.945s][info][gc,metaspace] GC(37) Metaspace: 11534K(11904K)->11534K(11904K) NonClass: 9657K(9856K)->9657K(9856K) Class: 1877K(2048K)->1877K(2048K)
[25.945s][info][gc          ] GC(37) Pause Full (System.gc()) 1571M->1571M(5198M) 589.524ms
[26.549s][info][gc,metaspace] GC(38) Metaspace: 11534K(11904K)->11534K(11904K) NonClass: 9657K(9856K)->9657K(9856K) Class: 1877K(2048K)->1877K(2048K)
[26.549s][info][gc          ] GC(38) Pause Full (System.gc()) 1571M->1571M(5198M) 604.295ms
[27.105s][info][gc,metaspace] GC(39) Metaspace: 11534K(11904K)->11534K(11904K) NonClass: 9657K(9856K)->9657K(9856K) Class: 1877K(2048K)->1877K(2048K)
[27.105s][info][gc          ] GC(39) Pause Full (System.gc()) 1571M->1571M(5198M) 555.600ms
[27.687s][info][gc,metaspace] GC(40) Metaspace: 11534K(11904K)->11534K(11904K) NonClass: 9657K(9856K)->9657K(9856K) Class: 1877K(2048K)->1877K(2048K)
[27.687s][info][gc          ] GC(40) Pause Full (System.gc()) 1571M->1571M(5198M) 582.090ms
[28.234s][info][gc,metaspace] GC(41) Metaspace: 11534K(11904K)->11534K(11904K) NonClass: 9657K(9856K)->9657K(9856K) Class: 1877K(2048K)->1877K(2048K)
[28.234s][info][gc          ] GC(41) Pause Full (System.gc()) 1571M->1571M(5198M) 546.861ms
[28.842s][info][gc,metaspace] GC(42) Metaspace: 11534K(11904K)->11534K(11904K) NonClass: 9657K(9856K)->9657K(9856K) Class: 1877K(2048K)->1877K(2048K)
[28.842s][info][gc          ] GC(42) Pause Full (System.gc()) 1571M->1571M(5198M) 608.385ms
[29.413s][info][gc,metaspace] GC(43) Metaspace: 11534K(11904K)->11534K(11904K) NonClass: 9657K(9856K)->9657K(9856K) Class: 1877K(2048K)->1877K(2048K)
[29.413s][info][gc          ] GC(43) Pause Full (System.gc()) 1571M->1571M(5198M) 570.860ms
[30.014s][info][gc,metaspace] GC(44) Metaspace: 11534K(11904K)->11534K(11904K) NonClass: 9657K(9856K)->9657K(9856K) Class: 1877K(2048K)->1877K(2048K)
[30.014s][info][gc          ] GC(44) Pause Full (System.gc()) 1571M->1571M(5198M) 600.406ms
[30.606s][info][gc,metaspace] GC(45) Metaspace: 11534K(11904K)->11534K(11904K) NonClass: 9657K(9856K)->9657K(9856K) Class: 1877K(2048K)->1877K(2048K)
[30.606s][info][gc          ] GC(45) Pause Full (System.gc()) 1571M->1571M(5198M) 592.187ms
[31.161s][info][gc,metaspace] GC(46) Metaspace: 11534K(11904K)->11534K(11904K) NonClass: 9657K(9856K)->9657K(9856K) Class: 1877K(2048K)->1877K(2048K)
[31.161s][info][gc          ] GC(46) Pause Full (System.gc()) 1571M->1571M(5198M) 555.094ms
[31.752s][info][gc,metaspace] GC(47) Metaspace: 11534K(11904K)->11534K(11904K) NonClass: 9657K(9856K)->9657K(9856K) Class: 1877K(2048K)->1877K(2048K)
[31.752s][info][gc          ] GC(47) Pause Full (System.gc()) 1571M->1571M(5198M) 586.616ms
[32.318s][info][gc,metaspace] GC(48) Metaspace: 11534K(11904K)->11534K(11904K) NonClass: 9657K(9856K)->9657K(9856K) Class: 1877K(2048K)->1877K(2048K)
[32.318s][info][gc          ] GC(48) Pause Full (System.gc()) 1571M->1571M(5198M) 565.606ms
[32.913s][info][gc,metaspace] GC(49) Metaspace: 11534K(11904K)->11534K(11904K) NonClass: 9657K(9856K)->9657K(9856K) Class: 1877K(2048K)->1877K(2048K)
[32.913s][info][gc          ] GC(49) Pause Full (System.gc()) 1571M->1571M(5198M) 595.007ms
[33.513s][info][gc,metaspace] GC(50) Metaspace: 11534K(11904K)->11534K(11904K) NonClass: 9657K(9856K)->9657K(9856K) Class: 1877K(2048K)->1877K(2048K)
[33.513s][info][gc          ] GC(50) Pause Full (System.gc()) 1571M->1571M(5198M) 600.038ms
[34.074s][info][gc,metaspace] GC(51) Metaspace: 11534K(11904K)->11534K(11904K) NonClass: 9657K(9856K)->9657K(9856K) Class: 1877K(2048K)->1877K(2048K)
[34.074s][info][gc          ] GC(51) Pause Full (System.gc()) 1571M->1571M(5198M) 560.911ms
[34.664s][info][gc,metaspace] GC(52) Metaspace: 11534K(11904K)->11534K(11904K) NonClass: 9657K(9856K)->9657K(9856K) Class: 1877K(2048K)->1877K(2048K)
[34.664s][info][gc          ] GC(52) Pause Full (System.gc()) 1571M->1571M(5198M) 589.662ms
[35.218s][info][gc,metaspace] GC(53) Metaspace: 11534K(11904K)->11534K(11904K) NonClass: 9657K(9856K)->9657K(9856K) Class: 1877K(2048K)->1877K(2048K)
[35.218s][info][gc          ] GC(53) Pause Full (System.gc()) 1571M->1571M(5198M) 553.528ms
After GCs... 
