Done; will start GCs... 
[11.896s][info][gc,metaspace] GC(16) Metaspace: 11515K(11776K)->11515K(11776K) NonClass: 10374K(10496K)->10374K(10496K) Class: 1141K(1280K)->1141K(1280K)
[11.896s][info][gc          ] GC(16) Pause Full (System.gc()) 1814M->1794M(5602M) 557.694ms
[12.475s][info][gc,metaspace] GC(17) Metaspace: 11515K(11776K)->11515K(11776K) NonClass: 10374K(10496K)->10374K(10496K) Class: 1141K(1280K)->1141K(1280K)
[12.475s][info][gc          ] GC(17) Pause Full (System.gc()) 1794M->1794M(5602M) 578.689ms
[13.026s][info][gc,metaspace] GC(18) Metaspace: 11515K(11776K)->11515K(11776K) NonClass: 10374K(10496K)->10374K(10496K) Class: 1141K(1280K)->1141K(1280K)
[13.026s][info][gc          ] GC(18) Pause Full (System.gc()) 1794M->1794M(5602M) 551.677ms
[13.620s][info][gc,metaspace] GC(19) Metaspace: 11515K(11776K)->11515K(11776K) NonClass: 10374K(10496K)->10374K(10496K) Class: 1141K(1280K)->1141K(1280K)
[13.620s][info][gc          ] GC(19) Pause Full (System.gc()) 1794M->1794M(5602M) 593.603ms
[14.172s][info][gc,metaspace] GC(20) Metaspace: 11515K(11776K)->11515K(11776K) NonClass: 10374K(10496K)->10374K(10496K) Class: 1141K(1280K)->1141K(1280K)
[14.172s][info][gc          ] GC(20) Pause Full (System.gc()) 1794M->1794M(5602M) 552.274ms
[14.768s][info][gc,metaspace] GC(21) Metaspace: 11515K(11776K)->11515K(11776K) NonClass: 10374K(10496K)->10374K(10496K) Class: 1141K(1280K)->1141K(1280K)
[14.768s][info][gc          ] GC(21) Pause Full (System.gc()) 1794M->1794M(5602M) 595.513ms
[15.361s][info][gc,metaspace] GC(22) Metaspace: 11515K(11776K)->11515K(11776K) NonClass: 10374K(10496K)->10374K(10496K) Class: 1141K(1280K)->1141K(1280K)
[15.361s][info][gc          ] GC(22) Pause Full (System.gc()) 1794M->1794M(5602M) 592.716ms
[15.908s][info][gc,metaspace] GC(23) Metaspace: 11515K(11776K)->11515K(11776K) NonClass: 10374K(10496K)->10374K(10496K) Class: 1141K(1280K)->1141K(1280K)
[15.908s][info][gc          ] GC(23) Pause Full (System.gc()) 1794M->1794M(5602M) 546.787ms
[16.492s][info][gc,metaspace] GC(24) Metaspace: 11515K(11776K)->11515K(11776K) NonClass: 10374K(10496K)->10374K(10496K) Class: 1141K(1280K)->1141K(1280K)
[16.493s][info][gc          ] GC(24) Pause Full (System.gc()) 1794M->1794M(5602M) 584.665ms
[17.052s][info][gc,metaspace] GC(25) Metaspace: 11515K(11776K)->11515K(11776K) NonClass: 10374K(10496K)->10374K(10496K) Class: 1141K(1280K)->1141K(1280K)
[17.052s][info][gc          ] GC(25) Pause Full (System.gc()) 1794M->1794M(5602M) 555.160ms
[17.647s][info][gc,metaspace] GC(26) Metaspace: 11515K(11776K)->11515K(11776K) NonClass: 10374K(10496K)->10374K(10496K) Class: 1141K(1280K)->1141K(1280K)
[17.647s][info][gc          ] GC(26) Pause Full (System.gc()) 1794M->1794M(5602M) 595.060ms
[18.220s][info][gc,metaspace] GC(27) Metaspace: 11515K(11776K)->11515K(11776K) NonClass: 10374K(10496K)->10374K(10496K) Class: 1141K(1280K)->1141K(1280K)
[18.220s][info][gc          ] GC(27) Pause Full (System.gc()) 1794M->1794M(5602M) 572.440ms
[18.818s][info][gc,metaspace] GC(28) Metaspace: 11515K(11776K)->11515K(11776K) NonClass: 10374K(10496K)->10374K(10496K) Class: 1141K(1280K)->1141K(1280K)
[18.818s][info][gc          ] GC(28) Pause Full (System.gc()) 1794M->1794M(5602M) 597.856ms
[19.409s][info][gc,metaspace] GC(29) Metaspace: 11515K(11776K)->11515K(11776K) NonClass: 10374K(10496K)->10374K(10496K) Class: 1141K(1280K)->1141K(1280K)
[19.409s][info][gc          ] GC(29) Pause Full (System.gc()) 1794M->1794M(5602M) 591.461ms
[19.952s][info][gc,metaspace] GC(30) Metaspace: 11515K(11776K)->11515K(11776K) NonClass: 10374K(10496K)->10374K(10496K) Class: 1141K(1280K)->1141K(1280K)
[19.952s][info][gc          ] GC(30) Pause Full (System.gc()) 1794M->1794M(5602M) 542.739ms
[20.547s][info][gc,metaspace] GC(31) Metaspace: 11515K(11776K)->11515K(11776K) NonClass: 10374K(10496K)->10374K(10496K) Class: 1141K(1280K)->1141K(1280K)
[20.547s][info][gc          ] GC(31) Pause Full (System.gc()) 1794M->1794M(5602M) 594.627ms
[21.092s][info][gc,metaspace] GC(32) Metaspace: 11515K(11776K)->11515K(11776K) NonClass: 10374K(10496K)->10374K(10496K) Class: 1141K(1280K)->1141K(1280K)
[21.092s][info][gc          ] GC(32) Pause Full (System.gc()) 1794M->1794M(5602M) 545.461ms
[21.687s][info][gc,metaspace] GC(33) Metaspace: 11515K(11776K)->11515K(11776K) NonClass: 10374K(10496K)->10374K(10496K) Class: 1141K(1280K)->1141K(1280K)
[21.687s][info][gc          ] GC(33) Pause Full (System.gc()) 1794M->1794M(5602M) 595.006ms
[22.242s][info][gc,metaspace] GC(34) Metaspace: 11515K(11776K)->11515K(11776K) NonClass: 10374K(10496K)->10374K(10496K) Class: 1141K(1280K)->1141K(1280K)
[22.242s][info][gc          ] GC(34) Pause Full (System.gc()) 1794M->1794M(5602M) 549.941ms
[22.835s][info][gc,metaspace] GC(35) Metaspace: 11515K(11776K)->11515K(11776K) NonClass: 10374K(10496K)->10374K(10496K) Class: 1141K(1280K)->1141K(1280K)
[22.835s][info][gc          ] GC(35) Pause Full (System.gc()) 1794M->1794M(5602M) 593.726ms
[23.468s][info][gc,metaspace] GC(36) Metaspace: 11515K(11776K)->11515K(11776K) NonClass: 10374K(10496K)->10374K(10496K) Class: 1141K(1280K)->1141K(1280K)
[23.468s][info][gc          ] GC(36) Pause Full (System.gc()) 1794M->1794M(5602M) 632.937ms
[24.018s][info][gc,metaspace] GC(37) Metaspace: 11515K(11776K)->11515K(11776K) NonClass: 10374K(10496K)->10374K(10496K) Class: 1141K(1280K)->1141K(1280K)
[24.018s][info][gc          ] GC(37) Pause Full (System.gc()) 1794M->1794M(5602M) 549.537ms
[24.576s][info][gc,metaspace] GC(38) Metaspace: 11515K(11776K)->11515K(11776K) NonClass: 10374K(10496K)->10374K(10496K) Class: 1141K(1280K)->1141K(1280K)
[24.576s][info][gc          ] GC(38) Pause Full (System.gc()) 1794M->1794M(5602M) 558.314ms
[25.167s][info][gc,metaspace] GC(39) Metaspace: 11515K(11776K)->11515K(11776K) NonClass: 10374K(10496K)->10374K(10496K) Class: 1141K(1280K)->1141K(1280K)
[25.167s][info][gc          ] GC(39) Pause Full (System.gc()) 1794M->1794M(5602M) 590.955ms
[25.774s][info][gc,metaspace] GC(40) Metaspace: 11515K(11776K)->11515K(11776K) NonClass: 10374K(10496K)->10374K(10496K) Class: 1141K(1280K)->1141K(1280K)
[25.774s][info][gc          ] GC(40) Pause Full (System.gc()) 1794M->1794M(5602M) 606.081ms
[26.391s][info][gc,metaspace] GC(41) Metaspace: 11515K(11776K)->11515K(11776K) NonClass: 10374K(10496K)->10374K(10496K) Class: 1141K(1280K)->1141K(1280K)
[26.391s][info][gc          ] GC(41) Pause Full (System.gc()) 1794M->1794M(5602M) 617.632ms
[26.955s][info][gc,metaspace] GC(42) Metaspace: 11515K(11776K)->11515K(11776K) NonClass: 10374K(10496K)->10374K(10496K) Class: 1141K(1280K)->1141K(1280K)
[26.955s][info][gc          ] GC(42) Pause Full (System.gc()) 1794M->1794M(5602M) 563.874ms
[27.518s][info][gc,metaspace] GC(43) Metaspace: 11515K(11776K)->11515K(11776K) NonClass: 10374K(10496K)->10374K(10496K) Class: 1141K(1280K)->1141K(1280K)
[27.518s][info][gc          ] GC(43) Pause Full (System.gc()) 1794M->1794M(5602M) 558.473ms
[28.062s][info][gc,metaspace] GC(44) Metaspace: 11515K(11776K)->11515K(11776K) NonClass: 10374K(10496K)->10374K(10496K) Class: 1141K(1280K)->1141K(1280K)
[28.062s][info][gc          ] GC(44) Pause Full (System.gc()) 1794M->1794M(5602M) 544.129ms
[28.662s][info][gc,metaspace] GC(45) Metaspace: 11515K(11776K)->11515K(11776K) NonClass: 10374K(10496K)->10374K(10496K) Class: 1141K(1280K)->1141K(1280K)
[28.662s][info][gc          ] GC(45) Pause Full (System.gc()) 1794M->1794M(5602M) 599.462ms
[29.210s][info][gc,metaspace] GC(46) Metaspace: 11515K(11776K)->11515K(11776K) NonClass: 10374K(10496K)->10374K(10496K) Class: 1141K(1280K)->1141K(1280K)
[29.210s][info][gc          ] GC(46) Pause Full (System.gc()) 1794M->1794M(5602M) 548.296ms
[29.797s][info][gc,metaspace] GC(47) Metaspace: 11515K(11776K)->11515K(11776K) NonClass: 10374K(10496K)->10374K(10496K) Class: 1141K(1280K)->1141K(1280K)
[29.798s][info][gc          ] GC(47) Pause Full (System.gc()) 1794M->1794M(5602M) 587.129ms
[30.430s][info][gc,metaspace] GC(48) Metaspace: 11515K(11776K)->11515K(11776K) NonClass: 10374K(10496K)->10374K(10496K) Class: 1141K(1280K)->1141K(1280K)
[30.430s][info][gc          ] GC(48) Pause Full (System.gc()) 1794M->1794M(5602M) 632.100ms
[30.990s][info][gc,metaspace] GC(49) Metaspace: 11515K(11776K)->11515K(11776K) NonClass: 10374K(10496K)->10374K(10496K) Class: 1141K(1280K)->1141K(1280K)
[30.990s][info][gc          ] GC(49) Pause Full (System.gc()) 1794M->1794M(5602M) 560.092ms
[31.628s][info][gc,metaspace] GC(50) Metaspace: 11515K(11776K)->11515K(11776K) NonClass: 10374K(10496K)->10374K(10496K) Class: 1141K(1280K)->1141K(1280K)
[31.628s][info][gc          ] GC(50) Pause Full (System.gc()) 1794M->1794M(5602M) 637.836ms
[32.172s][info][gc,metaspace] GC(51) Metaspace: 11515K(11776K)->11515K(11776K) NonClass: 10374K(10496K)->10374K(10496K) Class: 1141K(1280K)->1141K(1280K)
[32.172s][info][gc          ] GC(51) Pause Full (System.gc()) 1794M->1794M(5602M) 543.768ms
[32.760s][info][gc,metaspace] GC(52) Metaspace: 11515K(11776K)->11515K(11776K) NonClass: 10374K(10496K)->10374K(10496K) Class: 1141K(1280K)->1141K(1280K)
[32.760s][info][gc          ] GC(52) Pause Full (System.gc()) 1794M->1794M(5602M) 583.680ms
[33.366s][info][gc,metaspace] GC(53) Metaspace: 11515K(11776K)->11515K(11776K) NonClass: 10374K(10496K)->10374K(10496K) Class: 1141K(1280K)->1141K(1280K)
[33.366s][info][gc          ] GC(53) Pause Full (System.gc()) 1794M->1794M(5602M) 605.876ms
[33.914s][info][gc,metaspace] GC(54) Metaspace: 11515K(11776K)->11515K(11776K) NonClass: 10374K(10496K)->10374K(10496K) Class: 1141K(1280K)->1141K(1280K)
[33.914s][info][gc          ] GC(54) Pause Full (System.gc()) 1794M->1794M(5602M) 548.162ms
[34.488s][info][gc,metaspace] GC(55) Metaspace: 11515K(11776K)->11515K(11776K) NonClass: 10374K(10496K)->10374K(10496K) Class: 1141K(1280K)->1141K(1280K)
[34.488s][info][gc          ] GC(55) Pause Full (System.gc()) 1794M->1794M(5602M) 573.874ms
After GCs... 
