[0.002s][info][metaspace]  - commit_granule_bytes: 65536.
[0.002s][info][metaspace]  - commit_granule_words: 8192.
[0.002s][info][metaspace]  - virtual_space_node_default_size: 8388608.
[0.002s][info][metaspace]  - enlarge_chunks_in_place: 1.
[0.002s][info][metaspace]  - use_allocation_guard: 0.
[0.004s][info][gc       ] Using Parallel
[0.324s][info][metaspace] Reserving compressed class space anywhere
[0.324s][info][gc,metaspace] CDS archive(s) not mapped
[0.324s][info][gc,metaspace] Compressed class space mapped at: 0x000000003e000000-0x00000000fe000000, reserved size: 3221225472
[0.324s][info][gc,metaspace] UseCompressedClassPointers 1, UseCompactObjectHeaders 1, narrow klass pointer bits 22, max shift 10
[0.324s][info][gc,metaspace] Narrow klass base: 0x000000003e000000, Narrow klass shift: 10, Narrow klass range: 0xc0000000
Random Seed: 12345678
Num Classes: 64
Num Objects: 67108864
Percent IK Objects: 83.0%)
Percent OAK Objects: 5.0%)
Percent TAK Objects: 12.0%)
Cycles: 40
Loading 64 pre-generated classes ...
Materialize pre-generated constructors ...
Creating objects...
[0.547s][info][gc,metaspace] GC(0) Metaspace: 11265K(11584K)->11265K(11584K) NonClass: 9422K(9600K)->9422K(9600K) Class: 1842K(1984K)->1842K(1984K)
[0.547s][info][gc          ] GC(0) Pause Full (System.gc()) 153M->2M(5888M) 5.527ms
[1.872s][info][gc,metaspace] GC(1) Metaspace: 11534K(11904K)->11534K(11904K) NonClass: 9657K(9856K)->9657K(9856K) Class: 1877K(2048K)->1877K(2048K)
[1.872s][info][gc          ] GC(1) Pause Young (Allocation Failure) 1538M->396M(5888M) 554.346ms
[2.764s][info][gc,metaspace] GC(2) Metaspace: 11534K(11904K)->11534K(11904K) NonClass: 9657K(9856K)->9657K(9856K) Class: 1877K(2048K)->1877K(2048K)
[2.764s][info][gc          ] GC(2) Pause Young (Allocation Failure) 1932M->544M(5888M) 178.510ms
[3.661s][info][gc,metaspace] GC(3) Metaspace: 11534K(11904K)->11534K(11904K) NonClass: 9657K(9856K)->9657K(9856K) Class: 1877K(2048K)->1877K(2048K)
[3.661s][info][gc          ] GC(3) Pause Young (Allocation Failure) 2080M->676M(5888M) 226.249ms
[4.521s][info][gc,metaspace] GC(4) Metaspace: 11534K(11904K)->11534K(11904K) NonClass: 9657K(9856K)->9657K(9856K) Class: 1877K(2048K)->1877K(2048K)
[4.521s][info][gc          ] GC(4) Pause Young (Allocation Failure) 2212M->809M(5888M) 189.276ms
[5.497s][info][gc,metaspace] GC(5) Metaspace: 11534K(11904K)->11534K(11904K) NonClass: 9657K(9856K)->9657K(9856K) Class: 1877K(2048K)->1877K(2048K)
[5.497s][info][gc          ] GC(5) Pause Young (Allocation Failure) 2345M->942M(5888M) 303.583ms
[6.497s][info][gc,metaspace] GC(6) Metaspace: 11534K(11904K)->11534K(11904K) NonClass: 9657K(9856K)->9657K(9856K) Class: 1877K(2048K)->1877K(2048K)
[6.497s][info][gc          ] GC(6) Pause Young (Allocation Failure) 2478M->1075M(5328M) 325.984ms
[7.565s][info][gc,metaspace] GC(7) Metaspace: 11534K(11904K)->11534K(11904K) NonClass: 9657K(9856K)->9657K(9856K) Class: 1877K(2048K)->1877K(2048K)
[7.565s][info][gc          ] GC(7) Pause Young (Allocation Failure) 2051M->1159M(5212M) 293.180ms
[8.132s][info][gc,metaspace] GC(8) Metaspace: 11534K(11904K)->11534K(11904K) NonClass: 9657K(9856K)->9657K(9856K) Class: 1877K(2048K)->1877K(2048K)
[8.133s][info][gc          ] GC(8) Pause Young (Allocation Failure) 2135M->1244M(5606M) 135.116ms
[8.910s][info][gc,metaspace] GC(9) Metaspace: 11534K(11904K)->11534K(11904K) NonClass: 9657K(9856K)->9657K(9856K) Class: 1877K(2048K)->1877K(2048K)
[8.910s][info][gc          ] GC(9) Pause Young (Allocation Failure) 2204M->1327M(5594M) 309.927ms
[9.511s][info][gc,metaspace] GC(10) Metaspace: 11534K(11904K)->11534K(11904K) NonClass: 9657K(9856K)->9657K(9856K) Class: 1877K(2048K)->1877K(2048K)
[9.511s][info][gc          ] GC(10) Pause Young (Allocation Failure) 2287M->1410M(5628M) 176.387ms
[10.113s][info][gc,metaspace] GC(11) Metaspace: 11534K(11904K)->11534K(11904K) NonClass: 9657K(9856K)->9657K(9856K) Class: 1877K(2048K)->1877K(2048K)
[10.113s][info][gc          ] GC(11) Pause Young (Allocation Failure) 2424M->1498M(5198M) 154.914ms
67108864 Objects created
 - IK: 55699211 (82.99829%)
 - OAK: 3355627 (5.0002737%)
 - TAK: 8054026 (12.001434%)
Preparatory GC...
[11.501s][info][gc,metaspace] GC(12) Metaspace: 11534K(11904K)->11534K(11904K) NonClass: 9657K(9856K)->9657K(9856K) Class: 1877K(2048K)->1877K(2048K)
[11.501s][info][gc          ] GC(12) Pause Full (System.gc()) 2390M->1571M(5198M) 944.572ms
[12.069s][info][gc,metaspace] GC(13) Metaspace: 11534K(11904K)->11534K(11904K) NonClass: 9657K(9856K)->9657K(9856K) Class: 1877K(2048K)->1877K(2048K)
[12.070s][info][gc          ] GC(13) Pause Full (System.gc()) 1571M->1571M(5198M) 568.768ms
Done; will start GCs... 
[12.708s][info][gc,metaspace] GC(14) Metaspace: 11534K(11904K)->11534K(11904K) NonClass: 9657K(9856K)->9657K(9856K) Class: 1877K(2048K)->1877K(2048K)
[12.708s][info][gc          ] GC(14) Pause Full (System.gc()) 1592M->1571M(5198M) 638.246ms
[13.270s][info][gc,metaspace] GC(15) Metaspace: 11534K(11904K)->11534K(11904K) NonClass: 9657K(9856K)->9657K(9856K) Class: 1877K(2048K)->1877K(2048K)
[13.270s][info][gc          ] GC(15) Pause Full (System.gc()) 1571M->1571M(5198M) 562.333ms
[13.842s][info][gc,metaspace] GC(16) Metaspace: 11534K(11904K)->11534K(11904K) NonClass: 9657K(9856K)->9657K(9856K) Class: 1877K(2048K)->1877K(2048K)
[13.842s][info][gc          ] GC(16) Pause Full (System.gc()) 1571M->1571M(5198M) 571.883ms
[14.393s][info][gc,metaspace] GC(17) Metaspace: 11534K(11904K)->11534K(11904K) NonClass: 9657K(9856K)->9657K(9856K) Class: 1877K(2048K)->1877K(2048K)
[14.393s][info][gc          ] GC(17) Pause Full (System.gc()) 1571M->1571M(5198M) 550.987ms
[14.982s][info][gc,metaspace] GC(18) Metaspace: 11534K(11904K)->11534K(11904K) NonClass: 9657K(9856K)->9657K(9856K) Class: 1877K(2048K)->1877K(2048K)
[14.982s][info][gc          ] GC(18) Pause Full (System.gc()) 1571M->1571M(5198M) 588.145ms
[15.582s][info][gc,metaspace] GC(19) Metaspace: 11534K(11904K)->11534K(11904K) NonClass: 9657K(9856K)->9657K(9856K) Class: 1877K(2048K)->1877K(2048K)
[15.582s][info][gc          ] GC(19) Pause Full (System.gc()) 1571M->1571M(5198M) 600.250ms
[16.167s][info][gc,metaspace] GC(20) Metaspace: 11534K(11904K)->11534K(11904K) NonClass: 9657K(9856K)->9657K(9856K) Class: 1877K(2048K)->1877K(2048K)
[16.167s][info][gc          ] GC(20) Pause Full (System.gc()) 1571M->1571M(5198M) 580.980ms
[16.738s][info][gc,metaspace] GC(21) Metaspace: 11534K(11904K)->11534K(11904K) NonClass: 9657K(9856K)->9657K(9856K) Class: 1877K(2048K)->1877K(2048K)
[16.738s][info][gc          ] GC(21) Pause Full (System.gc()) 1571M->1571M(5198M) 570.414ms
[17.302s][info][gc,metaspace] GC(22) Metaspace: 11534K(11904K)->11534K(11904K) NonClass: 9657K(9856K)->9657K(9856K) Class: 1877K(2048K)->1877K(2048K)
[17.302s][info][gc          ] GC(22) Pause Full (System.gc()) 1571M->1571M(5198M) 564.227ms
[17.895s][info][gc,metaspace] GC(23) Metaspace: 11534K(11904K)->11534K(11904K) NonClass: 9657K(9856K)->9657K(9856K) Class: 1877K(2048K)->1877K(2048K)
[17.895s][info][gc          ] GC(23) Pause Full (System.gc()) 1571M->1571M(5198M) 592.980ms
[18.447s][info][gc,metaspace] GC(24) Metaspace: 11534K(11904K)->11534K(11904K) NonClass: 9657K(9856K)->9657K(9856K) Class: 1877K(2048K)->1877K(2048K)
[18.447s][info][gc          ] GC(24) Pause Full (System.gc()) 1571M->1571M(5198M) 551.962ms
[19.049s][info][gc,metaspace] GC(25) Metaspace: 11534K(11904K)->11534K(11904K) NonClass: 9657K(9856K)->9657K(9856K) Class: 1877K(2048K)->1877K(2048K)
[19.049s][info][gc          ] GC(25) Pause Full (System.gc()) 1571M->1571M(5198M) 601.603ms
[19.645s][info][gc,metaspace] GC(26) Metaspace: 11534K(11904K)->11534K(11904K) NonClass: 9657K(9856K)->9657K(9856K) Class: 1877K(2048K)->1877K(2048K)
[19.645s][info][gc          ] GC(26) Pause Full (System.gc()) 1571M->1571M(5198M) 596.292ms
[20.201s][info][gc,metaspace] GC(27) Metaspace: 11534K(11904K)->11534K(11904K) NonClass: 9657K(9856K)->9657K(9856K) Class: 1877K(2048K)->1877K(2048K)
[20.201s][info][gc          ] GC(27) Pause Full (System.gc()) 1571M->1571M(5198M) 555.958ms
[20.791s][info][gc,metaspace] GC(28) Metaspace: 11534K(11904K)->11534K(11904K) NonClass: 9657K(9856K)->9657K(9856K) Class: 1877K(2048K)->1877K(2048K)
[20.791s][info][gc          ] GC(28) Pause Full (System.gc()) 1571M->1571M(5198M) 590.059ms
[21.344s][info][gc,metaspace] GC(29) Metaspace: 11534K(11904K)->11534K(11904K) NonClass: 9657K(9856K)->9657K(9856K) Class: 1877K(2048K)->1877K(2048K)
[21.344s][info][gc          ] GC(29) Pause Full (System.gc()) 1571M->1571M(5198M) 552.678ms
[21.932s][info][gc,metaspace] GC(30) Metaspace: 11534K(11904K)->11534K(11904K) NonClass: 9657K(9856K)->9657K(9856K) Class: 1877K(2048K)->1877K(2048K)
[21.932s][info][gc          ] GC(30) Pause Full (System.gc()) 1571M->1571M(5198M) 587.361ms
[22.531s][info][gc,metaspace] GC(31) Metaspace: 11534K(11904K)->11534K(11904K) NonClass: 9657K(9856K)->9657K(9856K) Class: 1877K(2048K)->1877K(2048K)
[22.531s][info][gc          ] GC(31) Pause Full (System.gc()) 1571M->1571M(5198M) 599.427ms
[23.083s][info][gc,metaspace] GC(32) Metaspace: 11534K(11904K)->11534K(11904K) NonClass: 9657K(9856K)->9657K(9856K) Class: 1877K(2048K)->1877K(2048K)
[23.083s][info][gc          ] GC(32) Pause Full (System.gc()) 1571M->1571M(5198M) 552.068ms
[23.671s][info][gc,metaspace] GC(33) Metaspace: 11534K(11904K)->11534K(11904K) NonClass: 9657K(9856K)->9657K(9856K) Class: 1877K(2048K)->1877K(2048K)
[23.671s][info][gc          ] GC(33) Pause Full (System.gc()) 1571M->1571M(5198M) 587.747ms
[24.219s][info][gc,metaspace] GC(34) Metaspace: 11534K(11904K)->11534K(11904K) NonClass: 9657K(9856K)->9657K(9856K) Class: 1877K(2048K)->1877K(2048K)
[24.220s][info][gc          ] GC(34) Pause Full (System.gc()) 1571M->1571M(5198M) 548.277ms
[24.806s][info][gc,metaspace] GC(35) Metaspace: 11534K(11904K)->11534K(11904K) NonClass: 9657K(9856K)->9657K(9856K) Class: 1877K(2048K)->1877K(2048K)
[24.806s][info][gc          ] GC(35) Pause Full (System.gc()) 1571M->1571M(5198M) 586.775ms
[25.355s][info][gc,metaspace] GC(36) Metaspace: 11534K(11904K)->11534K(11904K) NonClass: 9657K(9856K)->9657K(9856K) Class: 1877K(2048K)->1877K(2048K)
[25.355s][info][gc          ] GC(36) Pause Full (System.gc()) 1571M->1571M(5198M) 548.739ms
[25.945s][info][gc,metaspace] GC(37) Metaspace: 11534K(11904K)->11534K(11904K) NonClass: 9657K(9856K)->9657K(9856K) Class: 1877K(2048K)->1877K(2048K)
[25.945s][info][gc          ] GC(37) Pause Full (System.gc()) 1571M->1571M(5198M) 589.524ms
[26.549s][info][gc,metaspace] GC(38) Metaspace: 11534K(11904K)->11534K(11904K) NonClass: 9657K(9856K)->9657K(9856K) Class: 1877K(2048K)->1877K(2048K)
[26.549s][info][gc          ] GC(38) Pause Full (System.gc()) 1571M->1571M(5198M) 604.295ms
[27.105s][info][gc,metaspace] GC(39) Metaspace: 11534K(11904K)->11534K(11904K) NonClass: 9657K(9856K)->9657K(9856K) Class: 1877K(2048K)->1877K(2048K)
[27.105s][info][gc          ] GC(39) Pause Full (System.gc()) 1571M->1571M(5198M) 555.600ms
[27.687s][info][gc,metaspace] GC(40) Metaspace: 11534K(11904K)->11534K(11904K) NonClass: 9657K(9856K)->9657K(9856K) Class: 1877K(2048K)->1877K(2048K)
[27.687s][info][gc          ] GC(40) Pause Full (System.gc()) 1571M->1571M(5198M) 582.090ms
[28.234s][info][gc,metaspace] GC(41) Metaspace: 11534K(11904K)->11534K(11904K) NonClass: 9657K(9856K)->9657K(9856K) Class: 1877K(2048K)->1877K(2048K)
[28.234s][info][gc          ] GC(41) Pause Full (System.gc()) 1571M->1571M(5198M) 546.861ms
[28.842s][info][gc,metaspace] GC(42) Metaspace: 11534K(11904K)->11534K(11904K) NonClass: 9657K(9856K)->9657K(9856K) Class: 1877K(2048K)->1877K(2048K)
[28.842s][info][gc          ] GC(42) Pause Full (System.gc()) 1571M->1571M(5198M) 608.385ms
[29.413s][info][gc,metaspace] GC(43) Metaspace: 11534K(11904K)->11534K(11904K) NonClass: 9657K(9856K)->9657K(9856K) Class: 1877K(2048K)->1877K(2048K)
[29.413s][info][gc          ] GC(43) Pause Full (System.gc()) 1571M->1571M(5198M) 570.860ms
[30.014s][info][gc,metaspace] GC(44) Metaspace: 11534K(11904K)->11534K(11904K) NonClass: 9657K(9856K)->9657K(9856K) Class: 1877K(2048K)->1877K(2048K)
[30.014s][info][gc          ] GC(44) Pause Full (System.gc()) 1571M->1571M(5198M) 600.406ms
[30.606s][info][gc,metaspace] GC(45) Metaspace: 11534K(11904K)->11534K(11904K) NonClass: 9657K(9856K)->9657K(9856K) Class: 1877K(2048K)->1877K(2048K)
[30.606s][info][gc          ] GC(45) Pause Full (System.gc()) 1571M->1571M(5198M) 592.187ms
[31.161s][info][gc,metaspace] GC(46) Metaspace: 11534K(11904K)->11534K(11904K) NonClass: 9657K(9856K)->9657K(9856K) Class: 1877K(2048K)->1877K(2048K)
[31.161s][info][gc          ] GC(46) Pause Full (System.gc()) 1571M->1571M(5198M) 555.094ms
[31.752s][info][gc,metaspace] GC(47) Metaspace: 11534K(11904K)->11534K(11904K) NonClass: 9657K(9856K)->9657K(9856K) Class: 1877K(2048K)->1877K(2048K)
[31.752s][info][gc          ] GC(47) Pause Full (System.gc()) 1571M->1571M(5198M) 586.616ms
[32.318s][info][gc,metaspace] GC(48) Metaspace: 11534K(11904K)->11534K(11904K) NonClass: 9657K(9856K)->9657K(9856K) Class: 1877K(2048K)->1877K(2048K)
[32.318s][info][gc          ] GC(48) Pause Full (System.gc()) 1571M->1571M(5198M) 565.606ms
[32.913s][info][gc,metaspace] GC(49) Metaspace: 11534K(11904K)->11534K(11904K) NonClass: 9657K(9856K)->9657K(9856K) Class: 1877K(2048K)->1877K(2048K)
[32.913s][info][gc          ] GC(49) Pause Full (System.gc()) 1571M->1571M(5198M) 595.007ms
[33.513s][info][gc,metaspace] GC(50) Metaspace: 11534K(11904K)->11534K(11904K) NonClass: 9657K(9856K)->9657K(9856K) Class: 1877K(2048K)->1877K(2048K)
[33.513s][info][gc          ] GC(50) Pause Full (System.gc()) 1571M->1571M(5198M) 600.038ms
[34.074s][info][gc,metaspace] GC(51) Metaspace: 11534K(11904K)->11534K(11904K) NonClass: 9657K(9856K)->9657K(9856K) Class: 1877K(2048K)->1877K(2048K)
[34.074s][info][gc          ] GC(51) Pause Full (System.gc()) 1571M->1571M(5198M) 560.911ms
[34.664s][info][gc,metaspace] GC(52) Metaspace: 11534K(11904K)->11534K(11904K) NonClass: 9657K(9856K)->9657K(9856K) Class: 1877K(2048K)->1877K(2048K)
[34.664s][info][gc          ] GC(52) Pause Full (System.gc()) 1571M->1571M(5198M) 589.662ms
[35.218s][info][gc,metaspace] GC(53) Metaspace: 11534K(11904K)->11534K(11904K) NonClass: 9657K(9856K)->9657K(9856K) Class: 1877K(2048K)->1877K(2048K)
[35.218s][info][gc          ] GC(53) Pause Full (System.gc()) 1571M->1571M(5198M) 553.528ms
After GCs... 
