Done; will start GCs... 
[12.460s][info][gc,metaspace] GC(14) Metaspace: 11513K(11904K)->11513K(11904K) NonClass: 9636K(9856K)->9636K(9856K) Class: 1876K(2048K)->1876K(2048K)
[12.460s][info][gc          ] GC(14) Pause Full (System.gc()) 1592M->1571M(5194M) 547.661ms
[13.066s][info][gc,metaspace] GC(15) Metaspace: 11513K(11904K)->11513K(11904K) NonClass: 9636K(9856K)->9636K(9856K) Class: 1876K(2048K)->1876K(2048K)
[13.067s][info][gc          ] GC(15) Pause Full (System.gc()) 1571M->1571M(5194M) 606.422ms
[13.626s][info][gc,metaspace] GC(16) Metaspace: 11513K(11904K)->11513K(11904K) NonClass: 9636K(9856K)->9636K(9856K) Class: 1876K(2048K)->1876K(2048K)
[13.626s][info][gc          ] GC(16) Pause Full (System.gc()) 1571M->1571M(5194M) 555.587ms
[14.214s][info][gc,metaspace] GC(17) Metaspace: 11513K(11904K)->11513K(11904K) NonClass: 9636K(9856K)->9636K(9856K) Class: 1876K(2048K)->1876K(2048K)
[14.215s][info][gc          ] GC(17) Pause Full (System.gc()) 1571M->1571M(5194M) 587.969ms
[14.823s][info][gc,metaspace] GC(18) Metaspace: 11513K(11904K)->11513K(11904K) NonClass: 9636K(9856K)->9636K(9856K) Class: 1876K(2048K)->1876K(2048K)
[14.823s][info][gc          ] GC(18) Pause Full (System.gc()) 1571M->1571M(5194M) 608.302ms
[15.377s][info][gc,metaspace] GC(19) Metaspace: 11513K(11904K)->11513K(11904K) NonClass: 9636K(9856K)->9636K(9856K) Class: 1876K(2048K)->1876K(2048K)
[15.377s][info][gc          ] GC(19) Pause Full (System.gc()) 1571M->1571M(5194M) 554.136ms
[15.956s][info][gc,metaspace] GC(20) Metaspace: 11513K(11904K)->11513K(11904K) NonClass: 9636K(9856K)->9636K(9856K) Class: 1876K(2048K)->1876K(2048K)
[15.956s][info][gc          ] GC(20) Pause Full (System.gc()) 1571M->1571M(5194M) 578.524ms
[16.503s][info][gc,metaspace] GC(21) Metaspace: 11513K(11904K)->11513K(11904K) NonClass: 9636K(9856K)->9636K(9856K) Class: 1876K(2048K)->1876K(2048K)
[16.503s][info][gc          ] GC(21) Pause Full (System.gc()) 1571M->1571M(5194M) 546.763ms
[17.096s][info][gc,metaspace] GC(22) Metaspace: 11513K(11904K)->11513K(11904K) NonClass: 9636K(9856K)->9636K(9856K) Class: 1876K(2048K)->1876K(2048K)
[17.096s][info][gc          ] GC(22) Pause Full (System.gc()) 1571M->1571M(5194M) 593.215ms
[17.651s][info][gc,metaspace] GC(23) Metaspace: 11513K(11904K)->11513K(11904K) NonClass: 9636K(9856K)->9636K(9856K) Class: 1876K(2048K)->1876K(2048K)
[17.651s][info][gc          ] GC(23) Pause Full (System.gc()) 1571M->1571M(5194M) 555.199ms
[18.249s][info][gc,metaspace] GC(24) Metaspace: 11513K(11904K)->11513K(11904K) NonClass: 9636K(9856K)->9636K(9856K) Class: 1876K(2048K)->1876K(2048K)
[18.249s][info][gc          ] GC(24) Pause Full (System.gc()) 1571M->1571M(5194M) 598.190ms
[18.908s][info][gc,metaspace] GC(25) Metaspace: 11513K(11904K)->11513K(11904K) NonClass: 9636K(9856K)->9636K(9856K) Class: 1876K(2048K)->1876K(2048K)
[18.908s][info][gc          ] GC(25) Pause Full (System.gc()) 1571M->1571M(5194M) 658.221ms
[19.464s][info][gc,metaspace] GC(26) Metaspace: 11513K(11904K)->11513K(11904K) NonClass: 9636K(9856K)->9636K(9856K) Class: 1876K(2048K)->1876K(2048K)
[19.464s][info][gc          ] GC(26) Pause Full (System.gc()) 1571M->1571M(5194M) 556.684ms
[20.123s][info][gc,metaspace] GC(27) Metaspace: 11513K(11904K)->11513K(11904K) NonClass: 9636K(9856K)->9636K(9856K) Class: 1876K(2048K)->1876K(2048K)
[20.123s][info][gc          ] GC(27) Pause Full (System.gc()) 1571M->1571M(5194M) 657.994ms
[20.668s][info][gc,metaspace] GC(28) Metaspace: 11513K(11904K)->11513K(11904K) NonClass: 9636K(9856K)->9636K(9856K) Class: 1876K(2048K)->1876K(2048K)
[20.668s][info][gc          ] GC(28) Pause Full (System.gc()) 1571M->1571M(5194M) 545.498ms
[21.259s][info][gc,metaspace] GC(29) Metaspace: 11513K(11904K)->11513K(11904K) NonClass: 9636K(9856K)->9636K(9856K) Class: 1876K(2048K)->1876K(2048K)
[21.259s][info][gc          ] GC(29) Pause Full (System.gc()) 1571M->1571M(5194M) 590.427ms
[21.851s][info][gc,metaspace] GC(30) Metaspace: 11513K(11904K)->11513K(11904K) NonClass: 9636K(9856K)->9636K(9856K) Class: 1876K(2048K)->1876K(2048K)
[21.851s][info][gc          ] GC(30) Pause Full (System.gc()) 1571M->1571M(5194M) 592.495ms
[22.416s][info][gc,metaspace] GC(31) Metaspace: 11513K(11904K)->11513K(11904K) NonClass: 9636K(9856K)->9636K(9856K) Class: 1876K(2048K)->1876K(2048K)
[22.416s][info][gc          ] GC(31) Pause Full (System.gc()) 1571M->1571M(5194M) 564.657ms
[23.074s][info][gc,metaspace] GC(32) Metaspace: 11513K(11904K)->11513K(11904K) NonClass: 9636K(9856K)->9636K(9856K) Class: 1876K(2048K)->1876K(2048K)
[23.074s][info][gc          ] GC(32) Pause Full (System.gc()) 1571M->1571M(5194M) 658.024ms
[23.652s][info][gc,metaspace] GC(33) Metaspace: 11513K(11904K)->11513K(11904K) NonClass: 9636K(9856K)->9636K(9856K) Class: 1876K(2048K)->1876K(2048K)
[23.656s][info][gc          ] GC(33) Pause Full (System.gc()) 1571M->1571M(5194M) 582.281ms
[24.211s][info][gc,metaspace] GC(34) Metaspace: 11513K(11904K)->11513K(11904K) NonClass: 9636K(9856K)->9636K(9856K) Class: 1876K(2048K)->1876K(2048K)
[24.211s][info][gc          ] GC(34) Pause Full (System.gc()) 1571M->1571M(5194M) 554.212ms
[24.805s][info][gc,metaspace] GC(35) Metaspace: 11513K(11904K)->11513K(11904K) NonClass: 9636K(9856K)->9636K(9856K) Class: 1876K(2048K)->1876K(2048K)
[24.805s][info][gc          ] GC(35) Pause Full (System.gc()) 1571M->1571M(5194M) 593.843ms
[25.429s][info][gc,metaspace] GC(36) Metaspace: 11513K(11904K)->11513K(11904K) NonClass: 9636K(9856K)->9636K(9856K) Class: 1876K(2048K)->1876K(2048K)
[25.429s][info][gc          ] GC(36) Pause Full (System.gc()) 1571M->1571M(5194M) 624.134ms
[25.987s][info][gc,metaspace] GC(37) Metaspace: 11513K(11904K)->11513K(11904K) NonClass: 9636K(9856K)->9636K(9856K) Class: 1876K(2048K)->1876K(2048K)
[25.987s][info][gc          ] GC(37) Pause Full (System.gc()) 1571M->1571M(5194M) 557.972ms
[26.557s][info][gc,metaspace] GC(38) Metaspace: 11513K(11904K)->11513K(11904K) NonClass: 9636K(9856K)->9636K(9856K) Class: 1876K(2048K)->1876K(2048K)
[26.557s][info][gc          ] GC(38) Pause Full (System.gc()) 1571M->1571M(5194M) 570.133ms
[27.146s][info][gc,metaspace] GC(39) Metaspace: 11513K(11904K)->11513K(11904K) NonClass: 9636K(9856K)->9636K(9856K) Class: 1876K(2048K)->1876K(2048K)
[27.146s][info][gc          ] GC(39) Pause Full (System.gc()) 1571M->1571M(5194M) 588.408ms
[27.700s][info][gc,metaspace] GC(40) Metaspace: 11513K(11904K)->11513K(11904K) NonClass: 9636K(9856K)->9636K(9856K) Class: 1876K(2048K)->1876K(2048K)
[27.700s][info][gc          ] GC(40) Pause Full (System.gc()) 1571M->1571M(5194M) 553.863ms
[28.299s][info][gc,metaspace] GC(41) Metaspace: 11513K(11904K)->11513K(11904K) NonClass: 9636K(9856K)->9636K(9856K) Class: 1876K(2048K)->1876K(2048K)
[28.299s][info][gc          ] GC(41) Pause Full (System.gc()) 1571M->1571M(5194M) 598.814ms
[28.943s][info][gc,metaspace] GC(42) Metaspace: 11513K(11904K)->11513K(11904K) NonClass: 9636K(9856K)->9636K(9856K) Class: 1876K(2048K)->1876K(2048K)
[28.943s][info][gc          ] GC(42) Pause Full (System.gc()) 1571M->1571M(5194M) 644.758ms
[29.500s][info][gc,metaspace] GC(43) Metaspace: 11513K(11904K)->11513K(11904K) NonClass: 9636K(9856K)->9636K(9856K) Class: 1876K(2048K)->1876K(2048K)
[29.500s][info][gc          ] GC(43) Pause Full (System.gc()) 1571M->1571M(5194M) 552.631ms
[30.062s][info][gc,metaspace] GC(44) Metaspace: 11513K(11904K)->11513K(11904K) NonClass: 9636K(9856K)->9636K(9856K) Class: 1876K(2048K)->1876K(2048K)
[30.062s][info][gc          ] GC(44) Pause Full (System.gc()) 1571M->1571M(5194M) 561.682ms
[30.615s][info][gc,metaspace] GC(45) Metaspace: 11513K(11904K)->11513K(11904K) NonClass: 9636K(9856K)->9636K(9856K) Class: 1876K(2048K)->1876K(2048K)
[30.615s][info][gc          ] GC(45) Pause Full (System.gc()) 1571M->1571M(5194M) 552.966ms
[31.206s][info][gc,metaspace] GC(46) Metaspace: 11513K(11904K)->11513K(11904K) NonClass: 9636K(9856K)->9636K(9856K) Class: 1876K(2048K)->1876K(2048K)
[31.206s][info][gc          ] GC(46) Pause Full (System.gc()) 1571M->1571M(5194M) 590.253ms
[31.804s][info][gc,metaspace] GC(47) Metaspace: 11513K(11904K)->11513K(11904K) NonClass: 9636K(9856K)->9636K(9856K) Class: 1876K(2048K)->1876K(2048K)
[31.804s][info][gc          ] GC(47) Pause Full (System.gc()) 1571M->1571M(5194M) 598.630ms
[32.355s][info][gc,metaspace] GC(48) Metaspace: 11513K(11904K)->11513K(11904K) NonClass: 9636K(9856K)->9636K(9856K) Class: 1876K(2048K)->1876K(2048K)
[32.355s][info][gc          ] GC(48) Pause Full (System.gc()) 1571M->1571M(5194M) 550.208ms
[32.940s][info][gc,metaspace] GC(49) Metaspace: 11513K(11904K)->11513K(11904K) NonClass: 9636K(9856K)->9636K(9856K) Class: 1876K(2048K)->1876K(2048K)
[32.940s][info][gc          ] GC(49) Pause Full (System.gc()) 1571M->1571M(5194M) 585.192ms
[33.489s][info][gc,metaspace] GC(50) Metaspace: 11513K(11904K)->11513K(11904K) NonClass: 9636K(9856K)->9636K(9856K) Class: 1876K(2048K)->1876K(2048K)
[33.489s][info][gc          ] GC(50) Pause Full (System.gc()) 1571M->1571M(5194M) 548.867ms
[34.082s][info][gc,metaspace] GC(51) Metaspace: 11513K(11904K)->11513K(11904K) NonClass: 9636K(9856K)->9636K(9856K) Class: 1876K(2048K)->1876K(2048K)
[34.082s][info][gc          ] GC(51) Pause Full (System.gc()) 1571M->1571M(5194M) 593.589ms
[34.641s][info][gc,metaspace] GC(52) Metaspace: 11513K(11904K)->11513K(11904K) NonClass: 9636K(9856K)->9636K(9856K) Class: 1876K(2048K)->1876K(2048K)
[34.641s][info][gc          ] GC(52) Pause Full (System.gc()) 1571M->1571M(5194M) 553.999ms
[35.221s][info][gc,metaspace] GC(53) Metaspace: 11513K(11904K)->11513K(11904K) NonClass: 9636K(9856K)->9636K(9856K) Class: 1876K(2048K)->1876K(2048K)
[35.221s][info][gc          ] GC(53) Pause Full (System.gc()) 1571M->1571M(5194M) 580.022ms
After GCs... 
