[0.002s][info][metaspace]  - commit_granule_bytes: 65536.
[0.002s][info][metaspace]  - commit_granule_words: 8192.
[0.002s][info][metaspace]  - virtual_space_node_default_size: 8388608.
[0.002s][info][metaspace]  - enlarge_chunks_in_place: 1.
[0.002s][info][metaspace]  - use_allocation_guard: 0.
[0.004s][info][gc       ] Using Parallel
[0.324s][info][metaspace] Reserving compressed class space anywhere
[0.324s][info][gc,metaspace] CDS archive(s) not mapped
[0.328s][info][gc,metaspace] Compressed class space mapped at: 0x0000000013000000-0x00000000d3000000, reserved size: 3221225472
[0.329s][info][gc,metaspace] UseCompressedClassPointers 1, UseCompactObjectHeaders 0, narrow klass pointer bits 32, max shift 3
[0.329s][info][gc,metaspace] Narrow klass base: 0x0000000000000000, Narrow klass shift: 0, Narrow klass range: 0xd3000000
Random Seed: 12345678
Num Classes: 64
Num Objects: 67108864
Percent IK Objects: 83.0%)
Percent OAK Objects: 5.0%)
Percent TAK Objects: 12.0%)
Cycles: 40
Loading 64 pre-generated classes ...
Materialize pre-generated constructors ...
Creating objects...
[0.551s][info][gc,metaspace] GC(0) Metaspace: 11237K(11520K)->11237K(11520K) NonClass: 10130K(10304K)->10130K(10304K) Class: 1107K(1216K)->1107K(1216K)
[0.551s][info][gc          ] GC(0) Pause Full (System.gc()) 153M->2M(5888M) 5.942ms
[1.851s][info][gc,metaspace] GC(1) Metaspace: 11515K(11776K)->11515K(11776K) NonClass: 10374K(10496K)->10374K(10496K) Class: 1141K(1280K)->1141K(1280K)
[1.851s][info][gc          ] GC(1) Pause Young (Allocation Failure) 1538M->404M(5888M) 547.837ms
[2.675s][info][gc,metaspace] GC(2) Metaspace: 11515K(11776K)->11515K(11776K) NonClass: 10374K(10496K)->10374K(10496K) Class: 1141K(1280K)->1141K(1280K)
[2.675s][info][gc          ] GC(2) Pause Young (Allocation Failure) 1940M->568M(5888M) 162.687ms
[3.539s][info][gc,metaspace] GC(3) Metaspace: 11515K(11776K)->11515K(11776K) NonClass: 10374K(10496K)->10374K(10496K) Class: 1141K(1280K)->1141K(1280K)
[3.539s][info][gc          ] GC(3) Pause Young (Allocation Failure) 2104M->712M(5888M) 192.632ms
[4.339s][info][gc,metaspace] GC(4) Metaspace: 11515K(11776K)->11515K(11776K) NonClass: 10374K(10496K)->10374K(10496K) Class: 1141K(1280K)->1141K(1280K)
[4.339s][info][gc          ] GC(4) Pause Young (Allocation Failure) 2248M->857M(5888M) 175.462ms
[5.188s][info][gc,metaspace] GC(5) Metaspace: 11515K(11776K)->11515K(11776K) NonClass: 10374K(10496K)->10374K(10496K) Class: 1141K(1280K)->1141K(1280K)
[5.188s][info][gc          ] GC(5) Pause Young (Allocation Failure) 2393M->1001M(5888M) 226.119ms
[6.022s][info][gc,metaspace] GC(6) Metaspace: 11515K(11776K)->11515K(11776K) NonClass: 10374K(10496K)->10374K(10496K) Class: 1141K(1280K)->1141K(1280K)
[6.022s][info][gc          ] GC(6) Pause Young (Allocation Failure) 2537M->1146M(5300M) 164.015ms
[6.523s][info][gc,metaspace] GC(7) Metaspace: 11515K(11776K)->11515K(11776K) NonClass: 10374K(10496K)->10374K(10496K) Class: 1141K(1280K)->1141K(1280K)
[6.523s][info][gc          ] GC(7) Pause Young (Allocation Failure) 2094M->1235M(5184M) 122.762ms
[7.002s][info][gc,metaspace] GC(8) Metaspace: 11515K(11776K)->11515K(11776K) NonClass: 10374K(10496K)->10374K(10496K) Class: 1141K(1280K)->1141K(1280K)
[7.002s][info][gc          ] GC(8) Pause Young (Allocation Failure) 2183M->1324M(5588M) 90.448ms
[7.555s][info][gc,metaspace] GC(9) Metaspace: 11515K(11776K)->11515K(11776K) NonClass: 10374K(10496K)->10374K(10496K) Class: 1141K(1280K)->1141K(1280K)
[7.555s][info][gc          ] GC(9) Pause Young (Allocation Failure) 2250M->1411M(5578M) 129.027ms
[8.123s][info][gc,metaspace] GC(10) Metaspace: 11515K(11776K)->11515K(11776K) NonClass: 10374K(10496K)->10374K(10496K) Class: 1141K(1280K)->1141K(1280K)
[8.123s][info][gc          ] GC(10) Pause Young (Allocation Failure) 2337M->1499M(5612M) 188.299ms
[8.713s][info][gc,metaspace] GC(11) Metaspace: 11515K(11776K)->11515K(11776K) NonClass: 10374K(10496K)->10374K(10496K) Class: 1141K(1280K)->1141K(1280K)
[8.714s][info][gc          ] GC(11) Pause Young (Allocation Failure) 2481M->1591M(5172M) 141.928ms
[9.211s][info][gc,metaspace] GC(12) Metaspace: 11515K(11776K)->11515K(11776K) NonClass: 10374K(10496K)->10374K(10496K) Class: 1141K(1280K)->1141K(1280K)
[9.211s][info][gc          ] GC(12) Pause Young (Allocation Failure) 2573M->1683M(5600M) 96.567ms
[9.753s][info][gc,metaspace] GC(13) Metaspace: 11515K(11776K)->11515K(11776K) NonClass: 10374K(10496K)->10374K(10496K) Class: 1141K(1280K)->1141K(1280K)
[9.754s][info][gc          ] GC(13) Pause Young (Allocation Failure) 2647M->1774M(5602M) 99.906ms
67108864 Objects created
 - IK: 55699211 (82.99829%)
 - OAK: 3355627 (5.0002737%)
 - TAK: 8054026 (12.001434%)
Preparatory GC...
[10.732s][info][gc,metaspace] GC(14) Metaspace: 11515K(11776K)->11515K(11776K) NonClass: 10374K(10496K)->10374K(10496K) Class: 1141K(1280K)->1141K(1280K)
[10.732s][info][gc          ] GC(14) Pause Full (System.gc()) 2044M->1794M(5602M) 870.492ms
[11.334s][info][gc,metaspace] GC(15) Metaspace: 11515K(11776K)->11515K(11776K) NonClass: 10374K(10496K)->10374K(10496K) Class: 1141K(1280K)->1141K(1280K)
[11.334s][info][gc          ] GC(15) Pause Full (System.gc()) 1794M->1794M(5602M) 601.686ms
Done; will start GCs... 
[11.896s][info][gc,metaspace] GC(16) Metaspace: 11515K(11776K)->11515K(11776K) NonClass: 10374K(10496K)->10374K(10496K) Class: 1141K(1280K)->1141K(1280K)
[11.896s][info][gc          ] GC(16) Pause Full (System.gc()) 1814M->1794M(5602M) 557.694ms
[12.475s][info][gc,metaspace] GC(17) Metaspace: 11515K(11776K)->11515K(11776K) NonClass: 10374K(10496K)->10374K(10496K) Class: 1141K(1280K)->1141K(1280K)
[12.475s][info][gc          ] GC(17) Pause Full (System.gc()) 1794M->1794M(5602M) 578.689ms
[13.026s][info][gc,metaspace] GC(18) Metaspace: 11515K(11776K)->11515K(11776K) NonClass: 10374K(10496K)->10374K(10496K) Class: 1141K(1280K)->1141K(1280K)
[13.026s][info][gc          ] GC(18) Pause Full (System.gc()) 1794M->1794M(5602M) 551.677ms
[13.620s][info][gc,metaspace] GC(19) Metaspace: 11515K(11776K)->11515K(11776K) NonClass: 10374K(10496K)->10374K(10496K) Class: 1141K(1280K)->1141K(1280K)
[13.620s][info][gc          ] GC(19) Pause Full (System.gc()) 1794M->1794M(5602M) 593.603ms
[14.172s][info][gc,metaspace] GC(20) Metaspace: 11515K(11776K)->11515K(11776K) NonClass: 10374K(10496K)->10374K(10496K) Class: 1141K(1280K)->1141K(1280K)
[14.172s][info][gc          ] GC(20) Pause Full (System.gc()) 1794M->1794M(5602M) 552.274ms
[14.768s][info][gc,metaspace] GC(21) Metaspace: 11515K(11776K)->11515K(11776K) NonClass: 10374K(10496K)->10374K(10496K) Class: 1141K(1280K)->1141K(1280K)
[14.768s][info][gc          ] GC(21) Pause Full (System.gc()) 1794M->1794M(5602M) 595.513ms
[15.361s][info][gc,metaspace] GC(22) Metaspace: 11515K(11776K)->11515K(11776K) NonClass: 10374K(10496K)->10374K(10496K) Class: 1141K(1280K)->1141K(1280K)
[15.361s][info][gc          ] GC(22) Pause Full (System.gc()) 1794M->1794M(5602M) 592.716ms
[15.908s][info][gc,metaspace] GC(23) Metaspace: 11515K(11776K)->11515K(11776K) NonClass: 10374K(10496K)->10374K(10496K) Class: 1141K(1280K)->1141K(1280K)
[15.908s][info][gc          ] GC(23) Pause Full (System.gc()) 1794M->1794M(5602M) 546.787ms
[16.492s][info][gc,metaspace] GC(24) Metaspace: 11515K(11776K)->11515K(11776K) NonClass: 10374K(10496K)->10374K(10496K) Class: 1141K(1280K)->1141K(1280K)
[16.493s][info][gc          ] GC(24) Pause Full (System.gc()) 1794M->1794M(5602M) 584.665ms
[17.052s][info][gc,metaspace] GC(25) Metaspace: 11515K(11776K)->11515K(11776K) NonClass: 10374K(10496K)->10374K(10496K) Class: 1141K(1280K)->1141K(1280K)
[17.052s][info][gc          ] GC(25) Pause Full (System.gc()) 1794M->1794M(5602M) 555.160ms
[17.647s][info][gc,metaspace] GC(26) Metaspace: 11515K(11776K)->11515K(11776K) NonClass: 10374K(10496K)->10374K(10496K) Class: 1141K(1280K)->1141K(1280K)
[17.647s][info][gc          ] GC(26) Pause Full (System.gc()) 1794M->1794M(5602M) 595.060ms
[18.220s][info][gc,metaspace] GC(27) Metaspace: 11515K(11776K)->11515K(11776K) NonClass: 10374K(10496K)->10374K(10496K) Class: 1141K(1280K)->1141K(1280K)
[18.220s][info][gc          ] GC(27) Pause Full (System.gc()) 1794M->1794M(5602M) 572.440ms
[18.818s][info][gc,metaspace] GC(28) Metaspace: 11515K(11776K)->11515K(11776K) NonClass: 10374K(10496K)->10374K(10496K) Class: 1141K(1280K)->1141K(1280K)
[18.818s][info][gc          ] GC(28) Pause Full (System.gc()) 1794M->1794M(5602M) 597.856ms
[19.409s][info][gc,metaspace] GC(29) Metaspace: 11515K(11776K)->11515K(11776K) NonClass: 10374K(10496K)->10374K(10496K) Class: 1141K(1280K)->1141K(1280K)
[19.409s][info][gc          ] GC(29) Pause Full (System.gc()) 1794M->1794M(5602M) 591.461ms
[19.952s][info][gc,metaspace] GC(30) Metaspace: 11515K(11776K)->11515K(11776K) NonClass: 10374K(10496K)->10374K(10496K) Class: 1141K(1280K)->1141K(1280K)
[19.952s][info][gc          ] GC(30) Pause Full (System.gc()) 1794M->1794M(5602M) 542.739ms
[20.547s][info][gc,metaspace] GC(31) Metaspace: 11515K(11776K)->11515K(11776K) NonClass: 10374K(10496K)->10374K(10496K) Class: 1141K(1280K)->1141K(1280K)
[20.547s][info][gc          ] GC(31) Pause Full (System.gc()) 1794M->1794M(5602M) 594.627ms
[21.092s][info][gc,metaspace] GC(32) Metaspace: 11515K(11776K)->11515K(11776K) NonClass: 10374K(10496K)->10374K(10496K) Class: 1141K(1280K)->1141K(1280K)
[21.092s][info][gc          ] GC(32) Pause Full (System.gc()) 1794M->1794M(5602M) 545.461ms
[21.687s][info][gc,metaspace] GC(33) Metaspace: 11515K(11776K)->11515K(11776K) NonClass: 10374K(10496K)->10374K(10496K) Class: 1141K(1280K)->1141K(1280K)
[21.687s][info][gc          ] GC(33) Pause Full (System.gc()) 1794M->1794M(5602M) 595.006ms
[22.242s][info][gc,metaspace] GC(34) Metaspace: 11515K(11776K)->11515K(11776K) NonClass: 10374K(10496K)->10374K(10496K) Class: 1141K(1280K)->1141K(1280K)
[22.242s][info][gc          ] GC(34) Pause Full (System.gc()) 1794M->1794M(5602M) 549.941ms
[22.835s][info][gc,metaspace] GC(35) Metaspace: 11515K(11776K)->11515K(11776K) NonClass: 10374K(10496K)->10374K(10496K) Class: 1141K(1280K)->1141K(1280K)
[22.835s][info][gc          ] GC(35) Pause Full (System.gc()) 1794M->1794M(5602M) 593.726ms
[23.468s][info][gc,metaspace] GC(36) Metaspace: 11515K(11776K)->11515K(11776K) NonClass: 10374K(10496K)->10374K(10496K) Class: 1141K(1280K)->1141K(1280K)
[23.468s][info][gc          ] GC(36) Pause Full (System.gc()) 1794M->1794M(5602M) 632.937ms
[24.018s][info][gc,metaspace] GC(37) Metaspace: 11515K(11776K)->11515K(11776K) NonClass: 10374K(10496K)->10374K(10496K) Class: 1141K(1280K)->1141K(1280K)
[24.018s][info][gc          ] GC(37) Pause Full (System.gc()) 1794M->1794M(5602M) 549.537ms
[24.576s][info][gc,metaspace] GC(38) Metaspace: 11515K(11776K)->11515K(11776K) NonClass: 10374K(10496K)->10374K(10496K) Class: 1141K(1280K)->1141K(1280K)
[24.576s][info][gc          ] GC(38) Pause Full (System.gc()) 1794M->1794M(5602M) 558.314ms
[25.167s][info][gc,metaspace] GC(39) Metaspace: 11515K(11776K)->11515K(11776K) NonClass: 10374K(10496K)->10374K(10496K) Class: 1141K(1280K)->1141K(1280K)
[25.167s][info][gc          ] GC(39) Pause Full (System.gc()) 1794M->1794M(5602M) 590.955ms
[25.774s][info][gc,metaspace] GC(40) Metaspace: 11515K(11776K)->11515K(11776K) NonClass: 10374K(10496K)->10374K(10496K) Class: 1141K(1280K)->1141K(1280K)
[25.774s][info][gc          ] GC(40) Pause Full (System.gc()) 1794M->1794M(5602M) 606.081ms
[26.391s][info][gc,metaspace] GC(41) Metaspace: 11515K(11776K)->11515K(11776K) NonClass: 10374K(10496K)->10374K(10496K) Class: 1141K(1280K)->1141K(1280K)
[26.391s][info][gc          ] GC(41) Pause Full (System.gc()) 1794M->1794M(5602M) 617.632ms
[26.955s][info][gc,metaspace] GC(42) Metaspace: 11515K(11776K)->11515K(11776K) NonClass: 10374K(10496K)->10374K(10496K) Class: 1141K(1280K)->1141K(1280K)
[26.955s][info][gc          ] GC(42) Pause Full (System.gc()) 1794M->1794M(5602M) 563.874ms
[27.518s][info][gc,metaspace] GC(43) Metaspace: 11515K(11776K)->11515K(11776K) NonClass: 10374K(10496K)->10374K(10496K) Class: 1141K(1280K)->1141K(1280K)
[27.518s][info][gc          ] GC(43) Pause Full (System.gc()) 1794M->1794M(5602M) 558.473ms
[28.062s][info][gc,metaspace] GC(44) Metaspace: 11515K(11776K)->11515K(11776K) NonClass: 10374K(10496K)->10374K(10496K) Class: 1141K(1280K)->1141K(1280K)
[28.062s][info][gc          ] GC(44) Pause Full (System.gc()) 1794M->1794M(5602M) 544.129ms
[28.662s][info][gc,metaspace] GC(45) Metaspace: 11515K(11776K)->11515K(11776K) NonClass: 10374K(10496K)->10374K(10496K) Class: 1141K(1280K)->1141K(1280K)
[28.662s][info][gc          ] GC(45) Pause Full (System.gc()) 1794M->1794M(5602M) 599.462ms
[29.210s][info][gc,metaspace] GC(46) Metaspace: 11515K(11776K)->11515K(11776K) NonClass: 10374K(10496K)->10374K(10496K) Class: 1141K(1280K)->1141K(1280K)
[29.210s][info][gc          ] GC(46) Pause Full (System.gc()) 1794M->1794M(5602M) 548.296ms
[29.797s][info][gc,metaspace] GC(47) Metaspace: 11515K(11776K)->11515K(11776K) NonClass: 10374K(10496K)->10374K(10496K) Class: 1141K(1280K)->1141K(1280K)
[29.798s][info][gc          ] GC(47) Pause Full (System.gc()) 1794M->1794M(5602M) 587.129ms
[30.430s][info][gc,metaspace] GC(48) Metaspace: 11515K(11776K)->11515K(11776K) NonClass: 10374K(10496K)->10374K(10496K) Class: 1141K(1280K)->1141K(1280K)
[30.430s][info][gc          ] GC(48) Pause Full (System.gc()) 1794M->1794M(5602M) 632.100ms
[30.990s][info][gc,metaspace] GC(49) Metaspace: 11515K(11776K)->11515K(11776K) NonClass: 10374K(10496K)->10374K(10496K) Class: 1141K(1280K)->1141K(1280K)
[30.990s][info][gc          ] GC(49) Pause Full (System.gc()) 1794M->1794M(5602M) 560.092ms
[31.628s][info][gc,metaspace] GC(50) Metaspace: 11515K(11776K)->11515K(11776K) NonClass: 10374K(10496K)->10374K(10496K) Class: 1141K(1280K)->1141K(1280K)
[31.628s][info][gc          ] GC(50) Pause Full (System.gc()) 1794M->1794M(5602M) 637.836ms
[32.172s][info][gc,metaspace] GC(51) Metaspace: 11515K(11776K)->11515K(11776K) NonClass: 10374K(10496K)->10374K(10496K) Class: 1141K(1280K)->1141K(1280K)
[32.172s][info][gc          ] GC(51) Pause Full (System.gc()) 1794M->1794M(5602M) 543.768ms
[32.760s][info][gc,metaspace] GC(52) Metaspace: 11515K(11776K)->11515K(11776K) NonClass: 10374K(10496K)->10374K(10496K) Class: 1141K(1280K)->1141K(1280K)
[32.760s][info][gc          ] GC(52) Pause Full (System.gc()) 1794M->1794M(5602M) 583.680ms
[33.366s][info][gc,metaspace] GC(53) Metaspace: 11515K(11776K)->11515K(11776K) NonClass: 10374K(10496K)->10374K(10496K) Class: 1141K(1280K)->1141K(1280K)
[33.366s][info][gc          ] GC(53) Pause Full (System.gc()) 1794M->1794M(5602M) 605.876ms
[33.914s][info][gc,metaspace] GC(54) Metaspace: 11515K(11776K)->11515K(11776K) NonClass: 10374K(10496K)->10374K(10496K) Class: 1141K(1280K)->1141K(1280K)
[33.914s][info][gc          ] GC(54) Pause Full (System.gc()) 1794M->1794M(5602M) 548.162ms
[34.488s][info][gc,metaspace] GC(55) Metaspace: 11515K(11776K)->11515K(11776K) NonClass: 10374K(10496K)->10374K(10496K) Class: 1141K(1280K)->1141K(1280K)
[34.488s][info][gc          ] GC(55) Pause Full (System.gc()) 1794M->1794M(5602M) 573.874ms
After GCs... 
