Done; will start GCs... 
[11.576s][info][gc,metaspace] GC(13) Metaspace: 11231K(11584K)->11231K(11584K) NonClass: 9431K(9600K)->9431K(9600K) Class: 1800K(1984K)->1800K(1984K)
[11.576s][info][gc          ] GC(13) Pause Full (System.gc()) 1465M->1445M(5612M) 532.439ms
[12.138s][info][gc,metaspace] GC(14) Metaspace: 11231K(11584K)->11231K(11584K) NonClass: 9431K(9600K)->9431K(9600K) Class: 1800K(1984K)->1800K(1984K)
[12.138s][info][gc          ] GC(14) Pause Full (System.gc()) 1445M->1445M(5612M) 562.005ms
[12.676s][info][gc,metaspace] GC(15) Metaspace: 11231K(11584K)->11231K(11584K) NonClass: 9431K(9600K)->9431K(9600K) Class: 1800K(1984K)->1800K(1984K)
[12.676s][info][gc          ] GC(15) Pause Full (System.gc()) 1445M->1445M(5612M) 538.019ms
[13.331s][info][gc,metaspace] GC(16) Metaspace: 11231K(11584K)->11231K(11584K) NonClass: 9431K(9600K)->9431K(9600K) Class: 1800K(1984K)->1800K(1984K)
[13.331s][info][gc          ] GC(16) Pause Full (System.gc()) 1445M->1445M(5612M) 654.917ms
[13.866s][info][gc,metaspace] GC(17) Metaspace: 11231K(11584K)->11231K(11584K) NonClass: 9431K(9600K)->9431K(9600K) Class: 1800K(1984K)->1800K(1984K)
[13.866s][info][gc          ] GC(17) Pause Full (System.gc()) 1445M->1445M(5612M) 530.892ms
[14.427s][info][gc,metaspace] GC(18) Metaspace: 11231K(11584K)->11231K(11584K) NonClass: 9431K(9600K)->9431K(9600K) Class: 1800K(1984K)->1800K(1984K)
[14.427s][info][gc          ] GC(18) Pause Full (System.gc()) 1445M->1445M(5612M) 560.848ms
[15.001s][info][gc,metaspace] GC(19) Metaspace: 11231K(11584K)->11231K(11584K) NonClass: 9431K(9600K)->9431K(9600K) Class: 1800K(1984K)->1800K(1984K)
[15.001s][info][gc          ] GC(19) Pause Full (System.gc()) 1445M->1445M(5612M) 574.163ms
[15.589s][info][gc,metaspace] GC(20) Metaspace: 11231K(11584K)->11231K(11584K) NonClass: 9431K(9600K)->9431K(9600K) Class: 1800K(1984K)->1800K(1984K)
[15.589s][info][gc          ] GC(20) Pause Full (System.gc()) 1445M->1445M(5612M) 587.829ms
[16.140s][info][gc,metaspace] GC(21) Metaspace: 11231K(11584K)->11231K(11584K) NonClass: 9431K(9600K)->9431K(9600K) Class: 1800K(1984K)->1800K(1984K)
[16.140s][info][gc          ] GC(21) Pause Full (System.gc()) 1445M->1445M(5612M) 550.663ms
[16.667s][info][gc,metaspace] GC(22) Metaspace: 11231K(11584K)->11231K(11584K) NonClass: 9431K(9600K)->9431K(9600K) Class: 1800K(1984K)->1800K(1984K)
[16.667s][info][gc          ] GC(22) Pause Full (System.gc()) 1445M->1445M(5612M) 526.956ms
[17.246s][info][gc,metaspace] GC(23) Metaspace: 11231K(11584K)->11231K(11584K) NonClass: 9431K(9600K)->9431K(9600K) Class: 1800K(1984K)->1800K(1984K)
[17.246s][info][gc          ] GC(23) Pause Full (System.gc()) 1445M->1445M(5612M) 578.798ms
[17.775s][info][gc,metaspace] GC(24) Metaspace: 11231K(11584K)->11231K(11584K) NonClass: 9431K(9600K)->9431K(9600K) Class: 1800K(1984K)->1800K(1984K)
[17.775s][info][gc          ] GC(24) Pause Full (System.gc()) 1445M->1445M(5612M) 529.086ms
[18.351s][info][gc,metaspace] GC(25) Metaspace: 11231K(11584K)->11231K(11584K) NonClass: 9431K(9600K)->9431K(9600K) Class: 1800K(1984K)->1800K(1984K)
[18.351s][info][gc          ] GC(25) Pause Full (System.gc()) 1445M->1445M(5612M) 576.389ms
[18.879s][info][gc,metaspace] GC(26) Metaspace: 11231K(11584K)->11231K(11584K) NonClass: 9431K(9600K)->9431K(9600K) Class: 1800K(1984K)->1800K(1984K)
[18.879s][info][gc          ] GC(26) Pause Full (System.gc()) 1445M->1445M(5612M) 527.149ms
[19.438s][info][gc,metaspace] GC(27) Metaspace: 11231K(11584K)->11231K(11584K) NonClass: 9431K(9600K)->9431K(9600K) Class: 1800K(1984K)->1800K(1984K)
[19.438s][info][gc          ] GC(27) Pause Full (System.gc()) 1445M->1445M(5612M) 558.959ms
[20.038s][info][gc,metaspace] GC(28) Metaspace: 11231K(11584K)->11231K(11584K) NonClass: 9431K(9600K)->9431K(9600K) Class: 1800K(1984K)->1800K(1984K)
[20.038s][info][gc          ] GC(28) Pause Full (System.gc()) 1445M->1445M(5612M) 600.585ms
[20.582s][info][gc,metaspace] GC(29) Metaspace: 11231K(11584K)->11231K(11584K) NonClass: 9431K(9600K)->9431K(9600K) Class: 1800K(1984K)->1800K(1984K)
[20.582s][info][gc          ] GC(29) Pause Full (System.gc()) 1445M->1445M(5612M) 543.519ms
[21.131s][info][gc,metaspace] GC(30) Metaspace: 11231K(11584K)->11231K(11584K) NonClass: 9431K(9600K)->9431K(9600K) Class: 1800K(1984K)->1800K(1984K)
[21.131s][info][gc          ] GC(30) Pause Full (System.gc()) 1445M->1445M(5612M) 549.243ms
[21.662s][info][gc,metaspace] GC(31) Metaspace: 11231K(11584K)->11231K(11584K) NonClass: 9431K(9600K)->9431K(9600K) Class: 1800K(1984K)->1800K(1984K)
[21.662s][info][gc          ] GC(31) Pause Full (System.gc()) 1445M->1445M(5612M) 530.852ms
[22.248s][info][gc,metaspace] GC(32) Metaspace: 11231K(11584K)->11231K(11584K) NonClass: 9431K(9600K)->9431K(9600K) Class: 1800K(1984K)->1800K(1984K)
[22.248s][info][gc          ] GC(32) Pause Full (System.gc()) 1445M->1445M(5612M) 586.032ms
[22.777s][info][gc,metaspace] GC(33) Metaspace: 11231K(11584K)->11231K(11584K) NonClass: 9431K(9600K)->9431K(9600K) Class: 1800K(1984K)->1800K(1984K)
[22.777s][info][gc          ] GC(33) Pause Full (System.gc()) 1445M->1445M(5612M) 528.699ms
[23.336s][info][gc,metaspace] GC(34) Metaspace: 11231K(11584K)->11231K(11584K) NonClass: 9431K(9600K)->9431K(9600K) Class: 1800K(1984K)->1800K(1984K)
[23.336s][info][gc          ] GC(34) Pause Full (System.gc()) 1445M->1445M(5612M) 559.086ms
[23.862s][info][gc,metaspace] GC(35) Metaspace: 11231K(11584K)->11231K(11584K) NonClass: 9431K(9600K)->9431K(9600K) Class: 1800K(1984K)->1800K(1984K)
[23.862s][info][gc          ] GC(35) Pause Full (System.gc()) 1445M->1445M(5612M) 526.058ms
[24.426s][info][gc,metaspace] GC(36) Metaspace: 11231K(11584K)->11231K(11584K) NonClass: 9431K(9600K)->9431K(9600K) Class: 1800K(1984K)->1800K(1984K)
[24.426s][info][gc          ] GC(36) Pause Full (System.gc()) 1445M->1445M(5612M) 559.627ms
[25.036s][info][gc,metaspace] GC(37) Metaspace: 11231K(11584K)->11231K(11584K) NonClass: 9431K(9600K)->9431K(9600K) Class: 1800K(1984K)->1800K(1984K)
[25.036s][info][gc          ] GC(37) Pause Full (System.gc()) 1445M->1445M(5612M) 609.249ms
[25.571s][info][gc,metaspace] GC(38) Metaspace: 11231K(11584K)->11231K(11584K) NonClass: 9431K(9600K)->9431K(9600K) Class: 1800K(1984K)->1800K(1984K)
[25.571s][info][gc          ] GC(38) Pause Full (System.gc()) 1445M->1445M(5612M) 534.840ms
[26.119s][info][gc,metaspace] GC(39) Metaspace: 11231K(11584K)->11231K(11584K) NonClass: 9431K(9600K)->9431K(9600K) Class: 1800K(1984K)->1800K(1984K)
[26.119s][info][gc          ] GC(39) Pause Full (System.gc()) 1445M->1445M(5612M) 548.191ms
[26.649s][info][gc,metaspace] GC(40) Metaspace: 11231K(11584K)->11231K(11584K) NonClass: 9431K(9600K)->9431K(9600K) Class: 1800K(1984K)->1800K(1984K)
[26.649s][info][gc          ] GC(40) Pause Full (System.gc()) 1445M->1445M(5612M) 529.609ms
[27.203s][info][gc,metaspace] GC(41) Metaspace: 11231K(11584K)->11231K(11584K) NonClass: 9431K(9600K)->9431K(9600K) Class: 1800K(1984K)->1800K(1984K)
[27.203s][info][gc          ] GC(41) Pause Full (System.gc()) 1445M->1445M(5612M) 554.601ms
[27.727s][info][gc,metaspace] GC(42) Metaspace: 11231K(11584K)->11231K(11584K) NonClass: 9431K(9600K)->9431K(9600K) Class: 1800K(1984K)->1800K(1984K)
[27.728s][info][gc          ] GC(42) Pause Full (System.gc()) 1445M->1445M(5612M) 524.093ms
[28.297s][info][gc,metaspace] GC(43) Metaspace: 11231K(11584K)->11231K(11584K) NonClass: 9431K(9600K)->9431K(9600K) Class: 1800K(1984K)->1800K(1984K)
[28.297s][info][gc          ] GC(43) Pause Full (System.gc()) 1445M->1445M(5612M) 569.690ms
[28.829s][info][gc,metaspace] GC(44) Metaspace: 11231K(11584K)->11231K(11584K) NonClass: 9431K(9600K)->9431K(9600K) Class: 1800K(1984K)->1800K(1984K)
[28.829s][info][gc          ] GC(44) Pause Full (System.gc()) 1445M->1445M(5612M) 531.351ms
[29.396s][info][gc,metaspace] GC(45) Metaspace: 11231K(11584K)->11231K(11584K) NonClass: 9431K(9600K)->9431K(9600K) Class: 1800K(1984K)->1800K(1984K)
[29.396s][info][gc          ] GC(45) Pause Full (System.gc()) 1445M->1445M(5612M) 567.485ms
[29.968s][info][gc,metaspace] GC(46) Metaspace: 11231K(11584K)->11231K(11584K) NonClass: 9431K(9600K)->9431K(9600K) Class: 1800K(1984K)->1800K(1984K)
[29.968s][info][gc          ] GC(46) Pause Full (System.gc()) 1445M->1445M(5612M) 571.497ms
[30.500s][info][gc,metaspace] GC(47) Metaspace: 11231K(11584K)->11231K(11584K) NonClass: 9431K(9600K)->9431K(9600K) Class: 1800K(1984K)->1800K(1984K)
[30.500s][info][gc          ] GC(47) Pause Full (System.gc()) 1445M->1445M(5612M) 531.915ms
[31.067s][info][gc,metaspace] GC(48) Metaspace: 11231K(11584K)->11231K(11584K) NonClass: 9431K(9600K)->9431K(9600K) Class: 1800K(1984K)->1800K(1984K)
[31.067s][info][gc          ] GC(48) Pause Full (System.gc()) 1445M->1445M(5612M) 566.809ms
[31.594s][info][gc,metaspace] GC(49) Metaspace: 11231K(11584K)->11231K(11584K) NonClass: 9431K(9600K)->9431K(9600K) Class: 1800K(1984K)->1800K(1984K)
[31.594s][info][gc          ] GC(49) Pause Full (System.gc()) 1445M->1445M(5612M) 527.292ms
[32.158s][info][gc,metaspace] GC(50) Metaspace: 11231K(11584K)->11231K(11584K) NonClass: 9431K(9600K)->9431K(9600K) Class: 1800K(1984K)->1800K(1984K)
[32.158s][info][gc          ] GC(50) Pause Full (System.gc()) 1445M->1445M(5612M) 563.945ms
[32.680s][info][gc,metaspace] GC(51) Metaspace: 11231K(11584K)->11231K(11584K) NonClass: 9431K(9600K)->9431K(9600K) Class: 1800K(1984K)->1800K(1984K)
[32.680s][info][gc          ] GC(51) Pause Full (System.gc()) 1445M->1445M(5612M) 522.226ms
[33.246s][info][gc,metaspace] GC(52) Metaspace: 11231K(11584K)->11231K(11584K) NonClass: 9431K(9600K)->9431K(9600K) Class: 1800K(1984K)->1800K(1984K)
[33.246s][info][gc          ] GC(52) Pause Full (System.gc()) 1445M->1445M(5612M) 565.646ms
After GCs... 
