Done; will start GCs... 
[11.308s][info][gc,metaspace] GC(13) Metaspace: 11230K(11584K)->11230K(11584K) NonClass: 9428K(9600K)->9428K(9600K) Class: 1801K(1984K)->1801K(1984K)
[11.308s][info][gc          ] GC(13) Pause Full (System.gc()) 1465M->1445M(5614M) 510.557ms
[11.848s][info][gc,metaspace] GC(14) Metaspace: 11230K(11584K)->11230K(11584K) NonClass: 9428K(9600K)->9428K(9600K) Class: 1801K(1984K)->1801K(1984K)
[11.848s][info][gc          ] GC(14) Pause Full (System.gc()) 1445M->1445M(5614M) 540.176ms
[12.364s][info][gc,metaspace] GC(15) Metaspace: 11230K(11584K)->11230K(11584K) NonClass: 9428K(9600K)->9428K(9600K) Class: 1801K(1984K)->1801K(1984K)
[12.364s][info][gc          ] GC(15) Pause Full (System.gc()) 1445M->1445M(5614M) 515.327ms
[12.964s][info][gc,metaspace] GC(16) Metaspace: 11230K(11584K)->11230K(11584K) NonClass: 9428K(9600K)->9428K(9600K) Class: 1801K(1984K)->1801K(1984K)
[12.964s][info][gc          ] GC(16) Pause Full (System.gc()) 1445M->1445M(5614M) 595.554ms
[13.477s][info][gc,metaspace] GC(17) Metaspace: 11230K(11584K)->11230K(11584K) NonClass: 9428K(9600K)->9428K(9600K) Class: 1801K(1984K)->1801K(1984K)
[13.477s][info][gc          ] GC(17) Pause Full (System.gc()) 1445M->1445M(5614M) 512.876ms
[14.025s][info][gc,metaspace] GC(18) Metaspace: 11230K(11584K)->11230K(11584K) NonClass: 9428K(9600K)->9428K(9600K) Class: 1801K(1984K)->1801K(1984K)
[14.025s][info][gc          ] GC(18) Pause Full (System.gc()) 1445M->1445M(5614M) 548.442ms
[14.540s][info][gc,metaspace] GC(19) Metaspace: 11230K(11584K)->11230K(11584K) NonClass: 9428K(9600K)->9428K(9600K) Class: 1801K(1984K)->1801K(1984K)
[14.540s][info][gc          ] GC(19) Pause Full (System.gc()) 1445M->1445M(5614M) 514.931ms
[15.094s][info][gc,metaspace] GC(20) Metaspace: 11230K(11584K)->11230K(11584K) NonClass: 9428K(9600K)->9428K(9600K) Class: 1801K(1984K)->1801K(1984K)
[15.094s][info][gc          ] GC(20) Pause Full (System.gc()) 1445M->1445M(5614M) 553.414ms
[15.609s][info][gc,metaspace] GC(21) Metaspace: 11230K(11584K)->11230K(11584K) NonClass: 9428K(9600K)->9428K(9600K) Class: 1801K(1984K)->1801K(1984K)
[15.609s][info][gc          ] GC(21) Pause Full (System.gc()) 1445M->1445M(5614M) 515.479ms
[16.167s][info][gc,metaspace] GC(22) Metaspace: 11230K(11584K)->11230K(11584K) NonClass: 9428K(9600K)->9428K(9600K) Class: 1801K(1984K)->1801K(1984K)
[16.167s][info][gc          ] GC(22) Pause Full (System.gc()) 1445M->1445M(5614M) 557.491ms
[16.719s][info][gc,metaspace] GC(23) Metaspace: 11230K(11584K)->11230K(11584K) NonClass: 9428K(9600K)->9428K(9600K) Class: 1801K(1984K)->1801K(1984K)
[16.719s][info][gc          ] GC(23) Pause Full (System.gc()) 1445M->1445M(5614M) 552.158ms
[17.234s][info][gc,metaspace] GC(24) Metaspace: 11230K(11584K)->11230K(11584K) NonClass: 9428K(9600K)->9428K(9600K) Class: 1801K(1984K)->1801K(1984K)
[17.235s][info][gc          ] GC(24) Pause Full (System.gc()) 1445M->1445M(5614M) 515.216ms
[17.777s][info][gc,metaspace] GC(25) Metaspace: 11230K(11584K)->11230K(11584K) NonClass: 9428K(9600K)->9428K(9600K) Class: 1801K(1984K)->1801K(1984K)
[17.777s][info][gc          ] GC(25) Pause Full (System.gc()) 1445M->1445M(5614M) 542.484ms
[18.304s][info][gc,metaspace] GC(26) Metaspace: 11230K(11584K)->11230K(11584K) NonClass: 9428K(9600K)->9428K(9600K) Class: 1801K(1984K)->1801K(1984K)
[18.304s][info][gc          ] GC(26) Pause Full (System.gc()) 1445M->1445M(5614M) 522.746ms
[18.845s][info][gc,metaspace] GC(27) Metaspace: 11230K(11584K)->11230K(11584K) NonClass: 9428K(9600K)->9428K(9600K) Class: 1801K(1984K)->1801K(1984K)
[18.845s][info][gc          ] GC(27) Pause Full (System.gc()) 1445M->1445M(5614M) 540.672ms
[19.358s][info][gc,metaspace] GC(28) Metaspace: 11230K(11584K)->11230K(11584K) NonClass: 9428K(9600K)->9428K(9600K) Class: 1801K(1984K)->1801K(1984K)
[19.358s][info][gc          ] GC(28) Pause Full (System.gc()) 1445M->1445M(5614M) 513.146ms
[19.966s][info][gc,metaspace] GC(29) Metaspace: 11230K(11584K)->11230K(11584K) NonClass: 9428K(9600K)->9428K(9600K) Class: 1801K(1984K)->1801K(1984K)
[19.966s][info][gc          ] GC(29) Pause Full (System.gc()) 1445M->1445M(5614M) 607.434ms
[20.483s][info][gc,metaspace] GC(30) Metaspace: 11230K(11584K)->11230K(11584K) NonClass: 9428K(9600K)->9428K(9600K) Class: 1801K(1984K)->1801K(1984K)
[20.483s][info][gc          ] GC(30) Pause Full (System.gc()) 1445M->1445M(5614M) 517.381ms
[21.002s][info][gc,metaspace] GC(31) Metaspace: 11230K(11584K)->11230K(11584K) NonClass: 9428K(9600K)->9428K(9600K) Class: 1801K(1984K)->1801K(1984K)
[21.002s][info][gc          ] GC(31) Pause Full (System.gc()) 1445M->1445M(5614M) 518.705ms
[21.517s][info][gc,metaspace] GC(32) Metaspace: 11230K(11584K)->11230K(11584K) NonClass: 9428K(9600K)->9428K(9600K) Class: 1801K(1984K)->1801K(1984K)
[21.517s][info][gc          ] GC(32) Pause Full (System.gc()) 1445M->1445M(5614M) 514.879ms
[22.097s][info][gc,metaspace] GC(33) Metaspace: 11230K(11584K)->11230K(11584K) NonClass: 9428K(9600K)->9428K(9600K) Class: 1801K(1984K)->1801K(1984K)
[22.097s][info][gc          ] GC(33) Pause Full (System.gc()) 1445M->1445M(5614M) 579.625ms
[22.669s][info][gc,metaspace] GC(34) Metaspace: 11230K(11584K)->11230K(11584K) NonClass: 9428K(9600K)->9428K(9600K) Class: 1801K(1984K)->1801K(1984K)
[22.669s][info][gc          ] GC(34) Pause Full (System.gc()) 1445M->1445M(5614M) 572.366ms
[23.188s][info][gc,metaspace] GC(35) Metaspace: 11230K(11584K)->11230K(11584K) NonClass: 9428K(9600K)->9428K(9600K) Class: 1801K(1984K)->1801K(1984K)
[23.188s][info][gc          ] GC(35) Pause Full (System.gc()) 1445M->1445M(5614M) 518.991ms
[23.745s][info][gc,metaspace] GC(36) Metaspace: 11230K(11584K)->11230K(11584K) NonClass: 9428K(9600K)->9428K(9600K) Class: 1801K(1984K)->1801K(1984K)
[23.745s][info][gc          ] GC(36) Pause Full (System.gc()) 1445M->1445M(5614M) 556.911ms
[24.259s][info][gc,metaspace] GC(37) Metaspace: 11230K(11584K)->11230K(11584K) NonClass: 9428K(9600K)->9428K(9600K) Class: 1801K(1984K)->1801K(1984K)
[24.259s][info][gc          ] GC(37) Pause Full (System.gc()) 1445M->1445M(5614M) 514.031ms
[24.801s][info][gc,metaspace] GC(38) Metaspace: 11230K(11584K)->11230K(11584K) NonClass: 9428K(9600K)->9428K(9600K) Class: 1801K(1984K)->1801K(1984K)
[24.801s][info][gc          ] GC(38) Pause Full (System.gc()) 1445M->1445M(5614M) 541.528ms
[25.309s][info][gc,metaspace] GC(39) Metaspace: 11230K(11584K)->11230K(11584K) NonClass: 9428K(9600K)->9428K(9600K) Class: 1801K(1984K)->1801K(1984K)
[25.309s][info][gc          ] GC(39) Pause Full (System.gc()) 1445M->1445M(5614M) 508.270ms
[25.854s][info][gc,metaspace] GC(40) Metaspace: 11230K(11584K)->11230K(11584K) NonClass: 9428K(9600K)->9428K(9600K) Class: 1801K(1984K)->1801K(1984K)
[25.855s][info][gc          ] GC(40) Pause Full (System.gc()) 1445M->1445M(5614M) 545.273ms
[26.360s][info][gc,metaspace] GC(41) Metaspace: 11230K(11584K)->11230K(11584K) NonClass: 9428K(9600K)->9428K(9600K) Class: 1801K(1984K)->1801K(1984K)
[26.360s][info][gc          ] GC(41) Pause Full (System.gc()) 1445M->1445M(5614M) 505.770ms
[26.900s][info][gc,metaspace] GC(42) Metaspace: 11230K(11584K)->11230K(11584K) NonClass: 9428K(9600K)->9428K(9600K) Class: 1801K(1984K)->1801K(1984K)
[26.900s][info][gc          ] GC(42) Pause Full (System.gc()) 1445M->1445M(5614M) 539.805ms
[27.408s][info][gc,metaspace] GC(43) Metaspace: 11230K(11584K)->11230K(11584K) NonClass: 9428K(9600K)->9428K(9600K) Class: 1801K(1984K)->1801K(1984K)
[27.408s][info][gc          ] GC(43) Pause Full (System.gc()) 1445M->1445M(5614M) 507.640ms
[27.950s][info][gc,metaspace] GC(44) Metaspace: 11230K(11584K)->11230K(11584K) NonClass: 9428K(9600K)->9428K(9600K) Class: 1801K(1984K)->1801K(1984K)
[27.950s][info][gc          ] GC(44) Pause Full (System.gc()) 1445M->1445M(5614M) 541.809ms
[28.472s][info][gc,metaspace] GC(45) Metaspace: 11230K(11584K)->11230K(11584K) NonClass: 9428K(9600K)->9428K(9600K) Class: 1801K(1984K)->1801K(1984K)
[28.472s][info][gc          ] GC(45) Pause Full (System.gc()) 1445M->1445M(5614M) 521.966ms
[29.029s][info][gc,metaspace] GC(46) Metaspace: 11230K(11584K)->11230K(11584K) NonClass: 9428K(9600K)->9428K(9600K) Class: 1801K(1984K)->1801K(1984K)
[29.029s][info][gc          ] GC(46) Pause Full (System.gc()) 1445M->1445M(5614M) 556.881ms
[29.539s][info][gc,metaspace] GC(47) Metaspace: 11230K(11584K)->11230K(11584K) NonClass: 9428K(9600K)->9428K(9600K) Class: 1801K(1984K)->1801K(1984K)
[29.539s][info][gc          ] GC(47) Pause Full (System.gc()) 1445M->1445M(5614M) 510.426ms
[30.086s][info][gc,metaspace] GC(48) Metaspace: 11230K(11584K)->11230K(11584K) NonClass: 9428K(9600K)->9428K(9600K) Class: 1801K(1984K)->1801K(1984K)
[30.086s][info][gc          ] GC(48) Pause Full (System.gc()) 1445M->1445M(5614M) 546.631ms
[30.600s][info][gc,metaspace] GC(49) Metaspace: 11230K(11584K)->11230K(11584K) NonClass: 9428K(9600K)->9428K(9600K) Class: 1801K(1984K)->1801K(1984K)
[30.600s][info][gc          ] GC(49) Pause Full (System.gc()) 1445M->1445M(5614M) 513.666ms
[31.144s][info][gc,metaspace] GC(50) Metaspace: 11230K(11584K)->11230K(11584K) NonClass: 9428K(9600K)->9428K(9600K) Class: 1801K(1984K)->1801K(1984K)
[31.145s][info][gc          ] GC(50) Pause Full (System.gc()) 1445M->1445M(5614M) 544.623ms
[31.697s][info][gc,metaspace] GC(51) Metaspace: 11230K(11584K)->11230K(11584K) NonClass: 9428K(9600K)->9428K(9600K) Class: 1801K(1984K)->1801K(1984K)
[31.697s][info][gc          ] GC(51) Pause Full (System.gc()) 1445M->1445M(5614M) 552.367ms
[32.219s][info][gc,metaspace] GC(52) Metaspace: 11230K(11584K)->11230K(11584K) NonClass: 9428K(9600K)->9428K(9600K) Class: 1801K(1984K)->1801K(1984K)
[32.219s][info][gc          ] GC(52) Pause Full (System.gc()) 1445M->1445M(5614M) 521.826ms
After GCs... 
