Done; will start GCs... 
[4.593s][info][gc,metaspace] GC(2) Metaspace: 22037K(22400K)->22037K(22400K) NonClass: 18227K(18432K)->18227K(18432K) Class: 3809K(3968K)->3809K(3968K)
[4.593s][info][gc          ] GC(2) Pause Full (System.gc()) 784M->774M(6144M) 462.101ms
[4.926s][info][gc,metaspace] GC(3) Metaspace: 22037K(22400K)->22037K(22400K) NonClass: 18227K(18432K)->18227K(18432K) Class: 3809K(3968K)->3809K(3968K)
[4.926s][info][gc          ] GC(3) Pause Full (System.gc()) 774M->774M(6144M) 333.271ms
[5.286s][info][gc,metaspace] GC(4) Metaspace: 22037K(22400K)->22037K(22400K) NonClass: 18227K(18432K)->18227K(18432K) Class: 3809K(3968K)->3809K(3968K)
[5.286s][info][gc          ] GC(4) Pause Full (System.gc()) 774M->774M(6144M) 359.582ms
[5.654s][info][gc,metaspace] GC(5) Metaspace: 22037K(22400K)->22037K(22400K) NonClass: 18227K(18432K)->18227K(18432K) Class: 3809K(3968K)->3809K(3968K)
[5.654s][info][gc          ] GC(5) Pause Full (System.gc()) 774M->774M(6144M) 368.291ms
[5.992s][info][gc,metaspace] GC(6) Metaspace: 22037K(22400K)->22037K(22400K) NonClass: 18227K(18432K)->18227K(18432K) Class: 3809K(3968K)->3809K(3968K)
[5.993s][info][gc          ] GC(6) Pause Full (System.gc()) 774M->774M(6144M) 337.982ms
[6.311s][info][gc,metaspace] GC(7) Metaspace: 22037K(22400K)->22037K(22400K) NonClass: 18227K(18432K)->18227K(18432K) Class: 3809K(3968K)->3809K(3968K)
[6.311s][info][gc          ] GC(7) Pause Full (System.gc()) 774M->774M(6144M) 318.844ms
[6.676s][info][gc,metaspace] GC(8) Metaspace: 22038K(22400K)->22038K(22400K) NonClass: 18228K(18432K)->18228K(18432K) Class: 3809K(3968K)->3809K(3968K)
[6.676s][info][gc          ] GC(8) Pause Full (System.gc()) 774M->774M(6144M) 364.556ms
[7.016s][info][gc,metaspace] GC(9) Metaspace: 22038K(22400K)->22038K(22400K) NonClass: 18228K(18432K)->18228K(18432K) Class: 3809K(3968K)->3809K(3968K)
[7.016s][info][gc          ] GC(9) Pause Full (System.gc()) 774M->774M(6144M) 340.211ms
[7.357s][info][gc,metaspace] GC(10) Metaspace: 22038K(22400K)->22038K(22400K) NonClass: 18228K(18432K)->18228K(18432K) Class: 3809K(3968K)->3809K(3968K)
[7.357s][info][gc          ] GC(10) Pause Full (System.gc()) 774M->774M(6144M) 340.592ms
[7.709s][info][gc,metaspace] GC(11) Metaspace: 22038K(22400K)->22038K(22400K) NonClass: 18228K(18432K)->18228K(18432K) Class: 3809K(3968K)->3809K(3968K)
[7.709s][info][gc          ] GC(11) Pause Full (System.gc()) 774M->774M(6144M) 352.213ms
[8.045s][info][gc,metaspace] GC(12) Metaspace: 22038K(22400K)->22038K(22400K) NonClass: 18228K(18432K)->18228K(18432K) Class: 3809K(3968K)->3809K(3968K)
[8.045s][info][gc          ] GC(12) Pause Full (System.gc()) 774M->774M(6144M) 335.195ms
[8.376s][info][gc,metaspace] GC(13) Metaspace: 22038K(22400K)->22038K(22400K) NonClass: 18228K(18432K)->18228K(18432K) Class: 3809K(3968K)->3809K(3968K)
[8.376s][info][gc          ] GC(13) Pause Full (System.gc()) 774M->774M(6144M) 331.261ms
[8.754s][info][gc,metaspace] GC(14) Metaspace: 22038K(22400K)->22038K(22400K) NonClass: 18228K(18432K)->18228K(18432K) Class: 3809K(3968K)->3809K(3968K)
[8.754s][info][gc          ] GC(14) Pause Full (System.gc()) 774M->774M(6144M) 373.497ms
[9.077s][info][gc,metaspace] GC(15) Metaspace: 22038K(22400K)->22038K(22400K) NonClass: 18228K(18432K)->18228K(18432K) Class: 3809K(3968K)->3809K(3968K)
[9.077s][info][gc          ] GC(15) Pause Full (System.gc()) 774M->774M(6144M) 323.237ms
[9.409s][info][gc,metaspace] GC(16) Metaspace: 22038K(22400K)->22038K(22400K) NonClass: 18228K(18432K)->18228K(18432K) Class: 3809K(3968K)->3809K(3968K)
[9.409s][info][gc          ] GC(16) Pause Full (System.gc()) 774M->774M(6144M) 332.018ms
[9.758s][info][gc,metaspace] GC(17) Metaspace: 22038K(22400K)->22038K(22400K) NonClass: 18228K(18432K)->18228K(18432K) Class: 3809K(3968K)->3809K(3968K)
[9.758s][info][gc          ] GC(17) Pause Full (System.gc()) 774M->774M(6144M) 348.774ms
[10.109s][info][gc,metaspace] GC(18) Metaspace: 22038K(22400K)->22038K(22400K) NonClass: 18228K(18432K)->18228K(18432K) Class: 3809K(3968K)->3809K(3968K)
[10.109s][info][gc          ] GC(18) Pause Full (System.gc()) 774M->774M(6144M) 351.063ms
[10.447s][info][gc,metaspace] GC(19) Metaspace: 22038K(22400K)->22038K(22400K) NonClass: 18228K(18432K)->18228K(18432K) Class: 3809K(3968K)->3809K(3968K)
[10.447s][info][gc          ] GC(19) Pause Full (System.gc()) 774M->774M(6144M) 337.388ms
[10.788s][info][gc,metaspace] GC(20) Metaspace: 22038K(22400K)->22038K(22400K) NonClass: 18228K(18432K)->18228K(18432K) Class: 3809K(3968K)->3809K(3968K)
[10.788s][info][gc          ] GC(20) Pause Full (System.gc()) 774M->774M(6144M) 340.895ms
[11.114s][info][gc,metaspace] GC(21) Metaspace: 22038K(22400K)->22038K(22400K) NonClass: 18228K(18432K)->18228K(18432K) Class: 3809K(3968K)->3809K(3968K)
[11.114s][info][gc          ] GC(21) Pause Full (System.gc()) 774M->774M(6144M) 326.514ms
[11.453s][info][gc,metaspace] GC(22) Metaspace: 22038K(22400K)->22038K(22400K) NonClass: 18228K(18432K)->18228K(18432K) Class: 3809K(3968K)->3809K(3968K)
[11.453s][info][gc          ] GC(22) Pause Full (System.gc()) 774M->774M(6144M) 339.071ms
[11.807s][info][gc,metaspace] GC(23) Metaspace: 22038K(22400K)->22038K(22400K) NonClass: 18228K(18432K)->18228K(18432K) Class: 3809K(3968K)->3809K(3968K)
[11.807s][info][gc          ] GC(23) Pause Full (System.gc()) 774M->774M(6144M) 353.505ms
[12.128s][info][gc,metaspace] GC(24) Metaspace: 22038K(22400K)->22038K(22400K) NonClass: 18228K(18432K)->18228K(18432K) Class: 3809K(3968K)->3809K(3968K)
[12.128s][info][gc          ] GC(24) Pause Full (System.gc()) 774M->774M(6144M) 321.180ms
[12.472s][info][gc,metaspace] GC(25) Metaspace: 22038K(22400K)->22038K(22400K) NonClass: 18228K(18432K)->18228K(18432K) Class: 3809K(3968K)->3809K(3968K)
[12.472s][info][gc          ] GC(25) Pause Full (System.gc()) 774M->774M(6144M) 343.678ms
[12.828s][info][gc,metaspace] GC(26) Metaspace: 22038K(22400K)->22038K(22400K) NonClass: 18228K(18432K)->18228K(18432K) Class: 3809K(3968K)->3809K(3968K)
[12.828s][info][gc          ] GC(26) Pause Full (System.gc()) 774M->774M(6144M) 355.688ms
[13.167s][info][gc,metaspace] GC(27) Metaspace: 22038K(22400K)->22038K(22400K) NonClass: 18228K(18432K)->18228K(18432K) Class: 3809K(3968K)->3809K(3968K)
[13.167s][info][gc          ] GC(27) Pause Full (System.gc()) 774M->774M(6144M) 339.097ms
[13.525s][info][gc,metaspace] GC(28) Metaspace: 22038K(22400K)->22038K(22400K) NonClass: 18228K(18432K)->18228K(18432K) Class: 3809K(3968K)->3809K(3968K)
[13.525s][info][gc          ] GC(28) Pause Full (System.gc()) 774M->774M(6144M) 358.373ms
[13.853s][info][gc,metaspace] GC(29) Metaspace: 22038K(22400K)->22038K(22400K) NonClass: 18228K(18432K)->18228K(18432K) Class: 3809K(3968K)->3809K(3968K)
[13.853s][info][gc          ] GC(29) Pause Full (System.gc()) 774M->774M(6144M) 327.939ms
[14.187s][info][gc,metaspace] GC(30) Metaspace: 22038K(22400K)->22038K(22400K) NonClass: 18228K(18432K)->18228K(18432K) Class: 3809K(3968K)->3809K(3968K)
[14.187s][info][gc          ] GC(30) Pause Full (System.gc()) 774M->774M(6144M) 333.193ms
[14.546s][info][gc,metaspace] GC(31) Metaspace: 22038K(22400K)->22038K(22400K) NonClass: 18228K(18432K)->18228K(18432K) Class: 3809K(3968K)->3809K(3968K)
[14.546s][info][gc          ] GC(31) Pause Full (System.gc()) 774M->774M(6144M) 359.359ms
[14.874s][info][gc,metaspace] GC(32) Metaspace: 22038K(22400K)->22038K(22400K) NonClass: 18228K(18432K)->18228K(18432K) Class: 3809K(3968K)->3809K(3968K)
[14.874s][info][gc          ] GC(32) Pause Full (System.gc()) 774M->774M(6144M) 327.448ms
[15.197s][info][gc,metaspace] GC(33) Metaspace: 22038K(22400K)->22038K(22400K) NonClass: 18228K(18432K)->18228K(18432K) Class: 3809K(3968K)->3809K(3968K)
[15.197s][info][gc          ] GC(33) Pause Full (System.gc()) 774M->774M(6144M) 323.205ms
[15.547s][info][gc,metaspace] GC(34) Metaspace: 22038K(22400K)->22038K(22400K) NonClass: 18228K(18432K)->18228K(18432K) Class: 3809K(3968K)->3809K(3968K)
[15.547s][info][gc          ] GC(34) Pause Full (System.gc()) 774M->774M(6144M) 349.954ms
[15.884s][info][gc,metaspace] GC(35) Metaspace: 22038K(22400K)->22038K(22400K) NonClass: 18228K(18432K)->18228K(18432K) Class: 3809K(3968K)->3809K(3968K)
[15.884s][info][gc          ] GC(35) Pause Full (System.gc()) 774M->774M(6144M) 337.527ms
[16.212s][info][gc,metaspace] GC(36) Metaspace: 22038K(22400K)->22038K(22400K) NonClass: 18228K(18432K)->18228K(18432K) Class: 3809K(3968K)->3809K(3968K)
[16.212s][info][gc          ] GC(36) Pause Full (System.gc()) 774M->774M(6144M) 327.375ms
[16.566s][info][gc,metaspace] GC(37) Metaspace: 22038K(22400K)->22038K(22400K) NonClass: 18228K(18432K)->18228K(18432K) Class: 3809K(3968K)->3809K(3968K)
[16.566s][info][gc          ] GC(37) Pause Full (System.gc()) 774M->774M(6144M) 353.599ms
[16.895s][info][gc,metaspace] GC(38) Metaspace: 22038K(22400K)->22038K(22400K) NonClass: 18228K(18432K)->18228K(18432K) Class: 3809K(3968K)->3809K(3968K)
[16.895s][info][gc          ] GC(38) Pause Full (System.gc()) 774M->774M(6144M) 329.505ms
[17.230s][info][gc,metaspace] GC(39) Metaspace: 22038K(22400K)->22038K(22400K) NonClass: 18228K(18432K)->18228K(18432K) Class: 3809K(3968K)->3809K(3968K)
[17.231s][info][gc          ] GC(39) Pause Full (System.gc()) 774M->774M(6144M) 335.298ms
[17.580s][info][gc,metaspace] GC(40) Metaspace: 22038K(22400K)->22038K(22400K) NonClass: 18228K(18432K)->18228K(18432K) Class: 3809K(3968K)->3809K(3968K)
[17.581s][info][gc          ] GC(40) Pause Full (System.gc()) 774M->774M(6144M) 349.948ms
[17.927s][info][gc,metaspace] GC(41) Metaspace: 22038K(22400K)->22038K(22400K) NonClass: 18228K(18432K)->18228K(18432K) Class: 3809K(3968K)->3809K(3968K)
[17.927s][info][gc          ] GC(41) Pause Full (System.gc()) 774M->774M(6144M) 346.713ms
[18.264s][info][gc,metaspace] GC(42) Metaspace: 22038K(22400K)->22038K(22400K) NonClass: 18228K(18432K)->18228K(18432K) Class: 3809K(3968K)->3809K(3968K)
[18.264s][info][gc          ] GC(42) Pause Full (System.gc()) 774M->774M(6144M) 336.334ms
[18.633s][info][gc,metaspace] GC(43) Metaspace: 22038K(22400K)->22038K(22400K) NonClass: 18228K(18432K)->18228K(18432K) Class: 3809K(3968K)->3809K(3968K)
[18.633s][info][gc          ] GC(43) Pause Full (System.gc()) 774M->774M(6144M) 368.971ms
[18.963s][info][gc,metaspace] GC(44) Metaspace: 22038K(22400K)->22038K(22400K) NonClass: 18228K(18432K)->18228K(18432K) Class: 3809K(3968K)->3809K(3968K)
[18.963s][info][gc          ] GC(44) Pause Full (System.gc()) 774M->774M(6144M) 329.960ms
[19.289s][info][gc,metaspace] GC(45) Metaspace: 22038K(22400K)->22038K(22400K) NonClass: 18228K(18432K)->18228K(18432K) Class: 3809K(3968K)->3809K(3968K)
[19.289s][info][gc          ] GC(45) Pause Full (System.gc()) 774M->774M(6144M) 325.925ms
[19.639s][info][gc,metaspace] GC(46) Metaspace: 22038K(22400K)->22038K(22400K) NonClass: 18228K(18432K)->18228K(18432K) Class: 3809K(3968K)->3809K(3968K)
[19.639s][info][gc          ] GC(46) Pause Full (System.gc()) 774M->774M(6144M) 350.462ms
[20.012s][info][gc,metaspace] GC(47) Metaspace: 22038K(22400K)->22038K(22400K) NonClass: 18228K(18432K)->18228K(18432K) Class: 3809K(3968K)->3809K(3968K)
[20.012s][info][gc          ] GC(47) Pause Full (System.gc()) 774M->774M(6144M) 372.571ms
[20.353s][info][gc,metaspace] GC(48) Metaspace: 22038K(22400K)->22038K(22400K) NonClass: 18228K(18432K)->18228K(18432K) Class: 3809K(3968K)->3809K(3968K)
[20.353s][info][gc          ] GC(48) Pause Full (System.gc()) 774M->774M(6144M) 340.737ms
[20.698s][info][gc,metaspace] GC(49) Metaspace: 22038K(22400K)->22038K(22400K) NonClass: 18228K(18432K)->18228K(18432K) Class: 3809K(3968K)->3809K(3968K)
[20.699s][info][gc          ] GC(49) Pause Full (System.gc()) 774M->774M(6144M) 345.693ms
[21.030s][info][gc,metaspace] GC(50) Metaspace: 22038K(22400K)->22038K(22400K) NonClass: 18228K(18432K)->18228K(18432K) Class: 3809K(3968K)->3809K(3968K)
[21.030s][info][gc          ] GC(50) Pause Full (System.gc()) 774M->774M(6144M) 331.614ms
[21.355s][info][gc,metaspace] GC(51) Metaspace: 22038K(22400K)->22038K(22400K) NonClass: 18228K(18432K)->18228K(18432K) Class: 3809K(3968K)->3809K(3968K)
[21.355s][info][gc          ] GC(51) Pause Full (System.gc()) 774M->774M(6144M) 325.068ms
[21.704s][info][gc,metaspace] GC(52) Metaspace: 22038K(22400K)->22038K(22400K) NonClass: 18228K(18432K)->18228K(18432K) Class: 3809K(3968K)->3809K(3968K)
[21.704s][info][gc          ] GC(52) Pause Full (System.gc()) 774M->774M(6144M) 348.268ms
[22.047s][info][gc,metaspace] GC(53) Metaspace: 22038K(22400K)->22038K(22400K) NonClass: 18228K(18432K)->18228K(18432K) Class: 3809K(3968K)->3809K(3968K)
[22.047s][info][gc          ] GC(53) Pause Full (System.gc()) 774M->774M(6144M) 343.713ms
[22.378s][info][gc,metaspace] GC(54) Metaspace: 22038K(22400K)->22038K(22400K) NonClass: 18228K(18432K)->18228K(18432K) Class: 3809K(3968K)->3809K(3968K)
[22.378s][info][gc          ] GC(54) Pause Full (System.gc()) 774M->774M(6144M) 330.106ms
[22.733s][info][gc,metaspace] GC(55) Metaspace: 22038K(22400K)->22038K(22400K) NonClass: 18228K(18432K)->18228K(18432K) Class: 3809K(3968K)->3809K(3968K)
[22.733s][info][gc          ] GC(55) Pause Full (System.gc()) 774M->774M(6144M) 355.488ms
[23.062s][info][gc,metaspace] GC(56) Metaspace: 22038K(22400K)->22038K(22400K) NonClass: 18228K(18432K)->18228K(18432K) Class: 3809K(3968K)->3809K(3968K)
[23.062s][info][gc          ] GC(56) Pause Full (System.gc()) 774M->774M(6144M) 329.275ms
[23.415s][info][gc,metaspace] GC(57) Metaspace: 22038K(22400K)->22038K(22400K) NonClass: 18228K(18432K)->18228K(18432K) Class: 3809K(3968K)->3809K(3968K)
[23.415s][info][gc          ] GC(57) Pause Full (System.gc()) 774M->774M(6144M) 352.069ms
[23.762s][info][gc,metaspace] GC(58) Metaspace: 22038K(22400K)->22038K(22400K) NonClass: 18228K(18432K)->18228K(18432K) Class: 3809K(3968K)->3809K(3968K)
[23.762s][info][gc          ] GC(58) Pause Full (System.gc()) 774M->774M(6144M) 347.691ms
[24.142s][info][gc,metaspace] GC(59) Metaspace: 22038K(22400K)->22038K(22400K) NonClass: 18228K(18432K)->18228K(18432K) Class: 3809K(3968K)->3809K(3968K)
[24.142s][info][gc          ] GC(59) Pause Full (System.gc()) 774M->774M(6144M) 375.366ms
[24.480s][info][gc,metaspace] GC(60) Metaspace: 22038K(22400K)->22038K(22400K) NonClass: 18228K(18432K)->18228K(18432K) Class: 3809K(3968K)->3809K(3968K)
[24.480s][info][gc          ] GC(60) Pause Full (System.gc()) 774M->774M(6144M) 337.970ms
[24.825s][info][gc,metaspace] GC(61) Metaspace: 22038K(22400K)->22038K(22400K) NonClass: 18228K(18432K)->18228K(18432K) Class: 3809K(3968K)->3809K(3968K)
[24.825s][info][gc          ] GC(61) Pause Full (System.gc()) 774M->774M(6144M) 344.855ms
[25.173s][info][gc,metaspace] GC(62) Metaspace: 22038K(22400K)->22038K(22400K) NonClass: 18228K(18432K)->18228K(18432K) Class: 3809K(3968K)->3809K(3968K)
[25.173s][info][gc          ] GC(62) Pause Full (System.gc()) 774M->774M(6144M) 347.969ms
[25.531s][info][gc,metaspace] GC(63) Metaspace: 22038K(22400K)->22038K(22400K) NonClass: 18228K(18432K)->18228K(18432K) Class: 3809K(3968K)->3809K(3968K)
[25.531s][info][gc          ] GC(63) Pause Full (System.gc()) 774M->774M(6144M) 357.508ms
[25.874s][info][gc,metaspace] GC(64) Metaspace: 22038K(22400K)->22038K(22400K) NonClass: 18228K(18432K)->18228K(18432K) Class: 3809K(3968K)->3809K(3968K)
[25.874s][info][gc          ] GC(64) Pause Full (System.gc()) 774M->774M(6144M) 342.902ms
[26.202s][info][gc,metaspace] GC(65) Metaspace: 22038K(22400K)->22038K(22400K) NonClass: 18228K(18432K)->18228K(18432K) Class: 3809K(3968K)->3809K(3968K)
[26.202s][info][gc          ] GC(65) Pause Full (System.gc()) 774M->774M(6144M) 328.382ms
[26.556s][info][gc,metaspace] GC(66) Metaspace: 22038K(22400K)->22038K(22400K) NonClass: 18228K(18432K)->18228K(18432K) Class: 3809K(3968K)->3809K(3968K)
[26.556s][info][gc          ] GC(66) Pause Full (System.gc()) 774M->774M(6144M) 353.660ms
[26.874s][info][gc,metaspace] GC(67) Metaspace: 22038K(22400K)->22038K(22400K) NonClass: 18228K(18432K)->18228K(18432K) Class: 3809K(3968K)->3809K(3968K)
[26.874s][info][gc          ] GC(67) Pause Full (System.gc()) 774M->774M(6144M) 318.448ms
[27.203s][info][gc,metaspace] GC(68) Metaspace: 22038K(22400K)->22038K(22400K) NonClass: 18228K(18432K)->18228K(18432K) Class: 3809K(3968K)->3809K(3968K)
[27.203s][info][gc          ] GC(68) Pause Full (System.gc()) 774M->774M(6144M) 328.943ms
[27.561s][info][gc,metaspace] GC(69) Metaspace: 22038K(22400K)->22038K(22400K) NonClass: 18228K(18432K)->18228K(18432K) Class: 3809K(3968K)->3809K(3968K)
[27.561s][info][gc          ] GC(69) Pause Full (System.gc()) 774M->774M(6144M) 357.701ms
[27.920s][info][gc,metaspace] GC(70) Metaspace: 22038K(22400K)->22038K(22400K) NonClass: 18228K(18432K)->18228K(18432K) Class: 3809K(3968K)->3809K(3968K)
[27.920s][info][gc          ] GC(70) Pause Full (System.gc()) 774M->774M(6144M) 358.796ms
[28.264s][info][gc,metaspace] GC(71) Metaspace: 22038K(22400K)->22038K(22400K) NonClass: 18228K(18432K)->18228K(18432K) Class: 3809K(3968K)->3809K(3968K)
[28.264s][info][gc          ] GC(71) Pause Full (System.gc()) 774M->774M(6144M) 344.327ms
[28.635s][info][gc,metaspace] GC(72) Metaspace: 22038K(22400K)->22038K(22400K) NonClass: 18228K(18432K)->18228K(18432K) Class: 3809K(3968K)->3809K(3968K)
[28.635s][info][gc          ] GC(72) Pause Full (System.gc()) 774M->774M(6144M) 370.460ms
[28.972s][info][gc,metaspace] GC(73) Metaspace: 22038K(22400K)->22038K(22400K) NonClass: 18228K(18432K)->18228K(18432K) Class: 3809K(3968K)->3809K(3968K)
[28.972s][info][gc          ] GC(73) Pause Full (System.gc()) 774M->774M(6144M) 336.850ms
[29.341s][info][gc,metaspace] GC(74) Metaspace: 22038K(22400K)->22038K(22400K) NonClass: 18228K(18432K)->18228K(18432K) Class: 3809K(3968K)->3809K(3968K)
[29.341s][info][gc          ] GC(74) Pause Full (System.gc()) 774M->774M(6144M) 364.885ms
[29.684s][info][gc,metaspace] GC(75) Metaspace: 22038K(22400K)->22038K(22400K) NonClass: 18228K(18432K)->18228K(18432K) Class: 3809K(3968K)->3809K(3968K)
[29.685s][info][gc          ] GC(75) Pause Full (System.gc()) 774M->774M(6144M) 343.471ms
[30.017s][info][gc,metaspace] GC(76) Metaspace: 22038K(22400K)->22038K(22400K) NonClass: 18228K(18432K)->18228K(18432K) Class: 3809K(3968K)->3809K(3968K)
[30.017s][info][gc          ] GC(76) Pause Full (System.gc()) 774M->774M(6144M) 332.087ms
[30.348s][info][gc,metaspace] GC(77) Metaspace: 22038K(22400K)->22038K(22400K) NonClass: 18228K(18432K)->18228K(18432K) Class: 3809K(3968K)->3809K(3968K)
[30.348s][info][gc          ] GC(77) Pause Full (System.gc()) 774M->774M(6144M) 330.984ms
[30.693s][info][gc,metaspace] GC(78) Metaspace: 22038K(22400K)->22038K(22400K) NonClass: 18228K(18432K)->18228K(18432K) Class: 3809K(3968K)->3809K(3968K)
[30.693s][info][gc          ] GC(78) Pause Full (System.gc()) 774M->774M(6144M) 344.975ms
[31.055s][info][gc,metaspace] GC(79) Metaspace: 22038K(22400K)->22038K(22400K) NonClass: 18228K(18432K)->18228K(18432K) Class: 3809K(3968K)->3809K(3968K)
[31.055s][info][gc          ] GC(79) Pause Full (System.gc()) 774M->774M(6144M) 362.165ms
[31.421s][info][gc,metaspace] GC(80) Metaspace: 22038K(22400K)->22038K(22400K) NonClass: 18228K(18432K)->18228K(18432K) Class: 3809K(3968K)->3809K(3968K)
[31.421s][info][gc          ] GC(80) Pause Full (System.gc()) 774M->774M(6144M) 365.580ms
[31.761s][info][gc,metaspace] GC(81) Metaspace: 22038K(22400K)->22038K(22400K) NonClass: 18228K(18432K)->18228K(18432K) Class: 3809K(3968K)->3809K(3968K)
[31.761s][info][gc          ] GC(81) Pause Full (System.gc()) 774M->774M(6144M) 340.691ms
[32.086s][info][gc,metaspace] GC(82) Metaspace: 22038K(22400K)->22038K(22400K) NonClass: 18228K(18432K)->18228K(18432K) Class: 3809K(3968K)->3809K(3968K)
[32.086s][info][gc          ] GC(82) Pause Full (System.gc()) 774M->774M(6144M) 324.617ms
[32.416s][info][gc,metaspace] GC(83) Metaspace: 22038K(22400K)->22038K(22400K) NonClass: 18228K(18432K)->18228K(18432K) Class: 3809K(3968K)->3809K(3968K)
[32.417s][info][gc          ] GC(83) Pause Full (System.gc()) 774M->774M(6144M) 330.350ms
[32.756s][info][gc,metaspace] GC(84) Metaspace: 22038K(22400K)->22038K(22400K) NonClass: 18228K(18432K)->18228K(18432K) Class: 3809K(3968K)->3809K(3968K)
[32.757s][info][gc          ] GC(84) Pause Full (System.gc()) 774M->774M(6144M) 339.966ms
[33.091s][info][gc,metaspace] GC(85) Metaspace: 22038K(22400K)->22038K(22400K) NonClass: 18228K(18432K)->18228K(18432K) Class: 3809K(3968K)->3809K(3968K)
[33.091s][info][gc          ] GC(85) Pause Full (System.gc()) 774M->774M(6144M) 334.471ms
[33.444s][info][gc,metaspace] GC(86) Metaspace: 22038K(22400K)->22038K(22400K) NonClass: 18228K(18432K)->18228K(18432K) Class: 3809K(3968K)->3809K(3968K)
[33.444s][info][gc          ] GC(86) Pause Full (System.gc()) 774M->774M(6144M) 352.522ms
[33.797s][info][gc,metaspace] GC(87) Metaspace: 22038K(22400K)->22038K(22400K) NonClass: 18228K(18432K)->18228K(18432K) Class: 3809K(3968K)->3809K(3968K)
[33.797s][info][gc          ] GC(87) Pause Full (System.gc()) 774M->774M(6144M) 353.271ms
[34.131s][info][gc,metaspace] GC(88) Metaspace: 22038K(22400K)->22038K(22400K) NonClass: 18228K(18432K)->18228K(18432K) Class: 3809K(3968K)->3809K(3968K)
[34.131s][info][gc          ] GC(88) Pause Full (System.gc()) 774M->774M(6144M) 334.319ms
[34.501s][info][gc,metaspace] GC(89) Metaspace: 22038K(22400K)->22038K(22400K) NonClass: 18228K(18432K)->18228K(18432K) Class: 3809K(3968K)->3809K(3968K)
[34.501s][info][gc          ] GC(89) Pause Full (System.gc()) 774M->774M(6144M) 364.967ms
[34.855s][info][gc,metaspace] GC(90) Metaspace: 22038K(22400K)->22038K(22400K) NonClass: 18228K(18432K)->18228K(18432K) Class: 3809K(3968K)->3809K(3968K)
[34.855s][info][gc          ] GC(90) Pause Full (System.gc()) 774M->774M(6144M) 354.150ms
[35.204s][info][gc,metaspace] GC(91) Metaspace: 22038K(22400K)->22038K(22400K) NonClass: 18228K(18432K)->18228K(18432K) Class: 3809K(3968K)->3809K(3968K)
[35.204s][info][gc          ] GC(91) Pause Full (System.gc()) 774M->774M(6144M) 349.291ms
[35.560s][info][gc,metaspace] GC(92) Metaspace: 22038K(22400K)->22038K(22400K) NonClass: 18228K(18432K)->18228K(18432K) Class: 3809K(3968K)->3809K(3968K)
[35.560s][info][gc          ] GC(92) Pause Full (System.gc()) 774M->774M(6144M) 355.951ms
[35.893s][info][gc,metaspace] GC(93) Metaspace: 22038K(22400K)->22038K(22400K) NonClass: 18228K(18432K)->18228K(18432K) Class: 3809K(3968K)->3809K(3968K)
[35.893s][info][gc          ] GC(93) Pause Full (System.gc()) 774M->774M(6144M) 332.351ms
[36.229s][info][gc,metaspace] GC(94) Metaspace: 22038K(22400K)->22038K(22400K) NonClass: 18228K(18432K)->18228K(18432K) Class: 3809K(3968K)->3809K(3968K)
[36.230s][info][gc          ] GC(94) Pause Full (System.gc()) 774M->774M(6144M) 336.767ms
[36.586s][info][gc,metaspace] GC(95) Metaspace: 22038K(22400K)->22038K(22400K) NonClass: 18228K(18432K)->18228K(18432K) Class: 3809K(3968K)->3809K(3968K)
[36.586s][info][gc          ] GC(95) Pause Full (System.gc()) 774M->774M(6144M) 356.784ms
[36.923s][info][gc,metaspace] GC(96) Metaspace: 22038K(22400K)->22038K(22400K) NonClass: 18228K(18432K)->18228K(18432K) Class: 3809K(3968K)->3809K(3968K)
[36.923s][info][gc          ] GC(96) Pause Full (System.gc()) 774M->774M(6144M) 336.605ms
[37.255s][info][gc,metaspace] GC(97) Metaspace: 22038K(22400K)->22038K(22400K) NonClass: 18228K(18432K)->18228K(18432K) Class: 3809K(3968K)->3809K(3968K)
[37.255s][info][gc          ] GC(97) Pause Full (System.gc()) 774M->774M(6144M) 331.735ms
[37.615s][info][gc,metaspace] GC(98) Metaspace: 22038K(22400K)->22038K(22400K) NonClass: 18228K(18432K)->18228K(18432K) Class: 3809K(3968K)->3809K(3968K)
[37.615s][info][gc          ] GC(98) Pause Full (System.gc()) 774M->774M(6144M) 359.618ms
[37.942s][info][gc,metaspace] GC(99) Metaspace: 22038K(22400K)->22038K(22400K) NonClass: 18228K(18432K)->18228K(18432K) Class: 3809K(3968K)->3809K(3968K)
[37.942s][info][gc          ] GC(99) Pause Full (System.gc()) 774M->774M(6144M) 327.804ms
[38.295s][info][gc,metaspace] GC(100) Metaspace: 22038K(22400K)->22038K(22400K) NonClass: 18228K(18432K)->18228K(18432K) Class: 3809K(3968K)->3809K(3968K)
[38.295s][info][gc          ] GC(100) Pause Full (System.gc()) 774M->774M(6144M) 352.682ms
[38.646s][info][gc,metaspace] GC(101) Metaspace: 22038K(22400K)->22038K(22400K) NonClass: 18228K(18432K)->18228K(18432K) Class: 3809K(3968K)->3809K(3968K)
[38.646s][info][gc          ] GC(101) Pause Full (System.gc()) 774M->774M(6144M) 350.783ms
After GCs... 
