[0.001s][info][metaspace]  - commit_granule_bytes: 65536.
[0.001s][info][metaspace]  - commit_granule_words: 8192.
[0.001s][info][metaspace]  - virtual_space_node_default_size: 8388608.
[0.001s][info][metaspace]  - enlarge_chunks_in_place: 1.
[0.001s][info][metaspace]  - use_allocation_guard: 0.
[0.003s][info][gc       ] Using Parallel
[0.372s][info][metaspace] Reserving compressed class space anywhere
[0.372s][info][gc,metaspace] CDS archive(s) not mapped
[0.372s][info][gc,metaspace] Compressed class space mapped at: 0x000000001d000000-0x00000000dd000000, reserved size: 3221225472
[0.372s][info][gc,metaspace] UseCompressedClassPointers 1, UseCompactObjectHeaders 1, UseKlassTable 0, narrow klass pointer bits 26, max shift 6
[0.372s][info][gc,metaspace] Narrow klass base: 0x000000001d000000, Narrow klass shift: 6, Narrow klass range: 0xc0000000
Num Classes: 64
Num Objects per Class: 1048576
Cycles: 100
Class association: random
Generate 64 classes...
Loading 64...[1.232s][info][gc,metaspace] GC(0) Metaspace: 22146K(22528K)->22146K(22528K) NonClass: 19649K(19840K)->19649K(19840K) Class: 2496K(2688K)->2496K(2688K)
[1.232s][info][gc          ] GC(0) Pause Young (System.gc()) 399M->3M(5888M) 5.697ms
[1.243s][info][gc,metaspace] GC(1) Metaspace: 22146K(22528K)->22146K(22528K) NonClass: 19649K(19840K)->19649K(19840K) Class: 2496K(2688K)->2496K(2688K)
[1.243s][info][gc          ] GC(1) Pause Full (System.gc()) 3M->2M(5888M) 11.196ms
Creating 1048576 objects per class...
Done; will start GCs... 
[5.900s][info][gc,metaspace] GC(2) Metaspace: 22377K(22848K)->22377K(22848K) NonClass: 19847K(20096K)->19847K(20096K) Class: 2529K(2752K)->2529K(2752K)
[5.900s][info][gc          ] GC(2) Pause Young (System.gc()) 873M->771M(5888M) 2157.764ms
[7.986s][info][gc,metaspace] GC(3) Metaspace: 22377K(22848K)->22377K(22848K) NonClass: 19847K(20096K)->19847K(20096K) Class: 2529K(2752K)->2529K(2752K)
[7.986s][info][gc          ] GC(3) Pause Full (System.gc()) 771M->770M(5888M) 2086.060ms
[7.987s][info][gc,metaspace] GC(4) Metaspace: 22377K(22848K)->22377K(22848K) NonClass: 19847K(20096K)->19847K(20096K) Class: 2529K(2752K)->2529K(2752K)
[7.987s][info][gc          ] GC(4) Pause Young (System.gc()) 770M->770M(5888M) 0.547ms
[8.617s][info][gc,metaspace] GC(5) Metaspace: 22377K(22848K)->22377K(22848K) NonClass: 19847K(20096K)->19847K(20096K) Class: 2529K(2752K)->2529K(2752K)
[8.617s][info][gc          ] GC(5) Pause Full (System.gc()) 770M->770M(5888M) 630.243ms
[8.618s][info][gc,metaspace] GC(6) Metaspace: 22377K(22848K)->22377K(22848K) NonClass: 19847K(20096K)->19847K(20096K) Class: 2529K(2752K)->2529K(2752K)
[8.618s][info][gc          ] GC(6) Pause Young (System.gc()) 770M->770M(5888M) 0.491ms
[9.235s][info][gc,metaspace] GC(7) Metaspace: 22377K(22848K)->22377K(22848K) NonClass: 19847K(20096K)->19847K(20096K) Class: 2529K(2752K)->2529K(2752K)
[9.235s][info][gc          ] GC(7) Pause Full (System.gc()) 770M->770M(5888M) 616.784ms
[9.235s][info][gc,metaspace] GC(8) Metaspace: 22377K(22848K)->22377K(22848K) NonClass: 19847K(20096K)->19847K(20096K) Class: 2529K(2752K)->2529K(2752K)
[9.235s][info][gc          ] GC(8) Pause Young (System.gc()) 770M->770M(5888M) 0.520ms
[9.851s][info][gc,metaspace] GC(9) Metaspace: 22377K(22848K)->22377K(22848K) NonClass: 19847K(20096K)->19847K(20096K) Class: 2529K(2752K)->2529K(2752K)
[9.851s][info][gc          ] GC(9) Pause Full (System.gc()) 770M->770M(5888M) 615.542ms
[9.852s][info][gc,metaspace] GC(10) Metaspace: 22377K(22848K)->22377K(22848K) NonClass: 19847K(20096K)->19847K(20096K) Class: 2529K(2752K)->2529K(2752K)
[9.852s][info][gc          ] GC(10) Pause Young (System.gc()) 770M->770M(5888M) 0.549ms
[10.647s][info][gc,metaspace] GC(11) Metaspace: 22377K(22848K)->22377K(22848K) NonClass: 19847K(20096K)->19847K(20096K) Class: 2529K(2752K)->2529K(2752K)
[10.647s][info][gc          ] GC(11) Pause Full (System.gc()) 770M->770M(5888M) 795.858ms
[10.648s][info][gc,metaspace] GC(12) Metaspace: 22377K(22848K)->22377K(22848K) NonClass: 19847K(20096K)->19847K(20096K) Class: 2529K(2752K)->2529K(2752K)
[10.648s][info][gc          ] GC(12) Pause Young (System.gc()) 770M->770M(5888M) 0.501ms
[11.284s][info][gc,metaspace] GC(13) Metaspace: 22377K(22848K)->22377K(22848K) NonClass: 19847K(20096K)->19847K(20096K) Class: 2529K(2752K)->2529K(2752K)
[11.284s][info][gc          ] GC(13) Pause Full (System.gc()) 770M->770M(5888M) 635.955ms
[11.285s][info][gc,metaspace] GC(14) Metaspace: 22377K(22848K)->22377K(22848K) NonClass: 19847K(20096K)->19847K(20096K) Class: 2529K(2752K)->2529K(2752K)
[11.285s][info][gc          ] GC(14) Pause Young (System.gc()) 770M->770M(5888M) 0.447ms
[11.883s][info][gc,metaspace] GC(15) Metaspace: 22377K(22848K)->22377K(22848K) NonClass: 19847K(20096K)->19847K(20096K) Class: 2529K(2752K)->2529K(2752K)
[11.883s][info][gc          ] GC(15) Pause Full (System.gc()) 770M->770M(5888M) 597.969ms
[11.883s][info][gc,metaspace] GC(16) Metaspace: 22377K(22848K)->22377K(22848K) NonClass: 19847K(20096K)->19847K(20096K) Class: 2529K(2752K)->2529K(2752K)
[11.883s][info][gc          ] GC(16) Pause Young (System.gc()) 770M->770M(5888M) 0.484ms
[12.487s][info][gc,metaspace] GC(17) Metaspace: 22377K(22848K)->22377K(22848K) NonClass: 19847K(20096K)->19847K(20096K) Class: 2529K(2752K)->2529K(2752K)
[12.487s][info][gc          ] GC(17) Pause Full (System.gc()) 770M->770M(5888M) 603.611ms
[12.488s][info][gc,metaspace] GC(18) Metaspace: 22377K(22848K)->22377K(22848K) NonClass: 19847K(20096K)->19847K(20096K) Class: 2529K(2752K)->2529K(2752K)
[12.488s][info][gc          ] GC(18) Pause Young (System.gc()) 770M->770M(5888M) 0.521ms
[13.103s][info][gc,metaspace] GC(19) Metaspace: 22377K(22848K)->22377K(22848K) NonClass: 19847K(20096K)->19847K(20096K) Class: 2529K(2752K)->2529K(2752K)
[13.103s][info][gc          ] GC(19) Pause Full (System.gc()) 770M->770M(5888M) 615.189ms
[13.103s][info][gc,metaspace] GC(20) Metaspace: 22377K(22848K)->22377K(22848K) NonClass: 19847K(20096K)->19847K(20096K) Class: 2529K(2752K)->2529K(2752K)
[13.103s][info][gc          ] GC(20) Pause Young (System.gc()) 770M->770M(5888M) 0.466ms
[13.712s][info][gc,metaspace] GC(21) Metaspace: 22377K(22848K)->22377K(22848K) NonClass: 19847K(20096K)->19847K(20096K) Class: 2529K(2752K)->2529K(2752K)
[13.712s][info][gc          ] GC(21) Pause Full (System.gc()) 770M->770M(5888M) 608.783ms
[13.713s][info][gc,metaspace] GC(22) Metaspace: 22377K(22848K)->22377K(22848K) NonClass: 19847K(20096K)->19847K(20096K) Class: 2529K(2752K)->2529K(2752K)
[13.713s][info][gc          ] GC(22) Pause Young (System.gc()) 770M->770M(5888M) 0.793ms
[14.314s][info][gc,metaspace] GC(23) Metaspace: 22377K(22848K)->22377K(22848K) NonClass: 19847K(20096K)->19847K(20096K) Class: 2529K(2752K)->2529K(2752K)
[14.314s][info][gc          ] GC(23) Pause Full (System.gc()) 770M->770M(5888M) 600.731ms
[14.319s][info][gc,metaspace] GC(24) Metaspace: 22377K(22848K)->22377K(22848K) NonClass: 19847K(20096K)->19847K(20096K) Class: 2529K(2752K)->2529K(2752K)
[14.319s][info][gc          ] GC(24) Pause Young (System.gc()) 770M->770M(5888M) 0.479ms
[14.951s][info][gc,metaspace] GC(25) Metaspace: 22377K(22848K)->22377K(22848K) NonClass: 19847K(20096K)->19847K(20096K) Class: 2529K(2752K)->2529K(2752K)
[14.951s][info][gc          ] GC(25) Pause Full (System.gc()) 770M->770M(5888M) 632.175ms
[14.952s][info][gc,metaspace] GC(26) Metaspace: 22377K(22848K)->22377K(22848K) NonClass: 19847K(20096K)->19847K(20096K) Class: 2529K(2752K)->2529K(2752K)
[14.952s][info][gc          ] GC(26) Pause Young (System.gc()) 770M->770M(5888M) 0.469ms
[15.559s][info][gc,metaspace] GC(27) Metaspace: 22377K(22848K)->22377K(22848K) NonClass: 19847K(20096K)->19847K(20096K) Class: 2529K(2752K)->2529K(2752K)
[15.559s][info][gc          ] GC(27) Pause Full (System.gc()) 770M->770M(5888M) 607.598ms
[15.560s][info][gc,metaspace] GC(28) Metaspace: 22377K(22848K)->22377K(22848K) NonClass: 19847K(20096K)->19847K(20096K) Class: 2529K(2752K)->2529K(2752K)
[15.560s][info][gc          ] GC(28) Pause Young (System.gc()) 770M->770M(5888M) 0.560ms
[16.151s][info][gc,metaspace] GC(29) Metaspace: 22377K(22848K)->22377K(22848K) NonClass: 19847K(20096K)->19847K(20096K) Class: 2529K(2752K)->2529K(2752K)
[16.151s][info][gc          ] GC(29) Pause Full (System.gc()) 770M->770M(5888M) 591.416ms
[16.152s][info][gc,metaspace] GC(30) Metaspace: 22377K(22848K)->22377K(22848K) NonClass: 19847K(20096K)->19847K(20096K) Class: 2529K(2752K)->2529K(2752K)
[16.152s][info][gc          ] GC(30) Pause Young (System.gc()) 770M->770M(5888M) 0.556ms
[16.757s][info][gc,metaspace] GC(31) Metaspace: 22377K(22848K)->22377K(22848K) NonClass: 19847K(20096K)->19847K(20096K) Class: 2529K(2752K)->2529K(2752K)
[16.757s][info][gc          ] GC(31) Pause Full (System.gc()) 770M->770M(5888M) 604.994ms
[16.758s][info][gc,metaspace] GC(32) Metaspace: 22377K(22848K)->22377K(22848K) NonClass: 19847K(20096K)->19847K(20096K) Class: 2529K(2752K)->2529K(2752K)
[16.758s][info][gc          ] GC(32) Pause Young (System.gc()) 770M->770M(5888M) 0.530ms
[17.350s][info][gc,metaspace] GC(33) Metaspace: 22377K(22848K)->22377K(22848K) NonClass: 19847K(20096K)->19847K(20096K) Class: 2529K(2752K)->2529K(2752K)
[17.350s][info][gc          ] GC(33) Pause Full (System.gc()) 770M->770M(5888M) 592.209ms
[17.351s][info][gc,metaspace] GC(34) Metaspace: 22377K(22848K)->22377K(22848K) NonClass: 19847K(20096K)->19847K(20096K) Class: 2529K(2752K)->2529K(2752K)
[17.351s][info][gc          ] GC(34) Pause Young (System.gc()) 770M->770M(5888M) 0.442ms
[17.999s][info][gc,metaspace] GC(35) Metaspace: 22377K(22848K)->22377K(22848K) NonClass: 19847K(20096K)->19847K(20096K) Class: 2529K(2752K)->2529K(2752K)
[17.999s][info][gc          ] GC(35) Pause Full (System.gc()) 770M->770M(5888M) 647.905ms
[17.999s][info][gc,metaspace] GC(36) Metaspace: 22377K(22848K)->22377K(22848K) NonClass: 19847K(20096K)->19847K(20096K) Class: 2529K(2752K)->2529K(2752K)
[17.999s][info][gc          ] GC(36) Pause Young (System.gc()) 770M->770M(5888M) 0.501ms
[18.606s][info][gc,metaspace] GC(37) Metaspace: 22377K(22848K)->22377K(22848K) NonClass: 19847K(20096K)->19847K(20096K) Class: 2529K(2752K)->2529K(2752K)
[18.606s][info][gc          ] GC(37) Pause Full (System.gc()) 770M->770M(5888M) 606.326ms
[18.606s][info][gc,metaspace] GC(38) Metaspace: 22377K(22848K)->22377K(22848K) NonClass: 19847K(20096K)->19847K(20096K) Class: 2529K(2752K)->2529K(2752K)
[18.606s][info][gc          ] GC(38) Pause Young (System.gc()) 770M->770M(5888M) 0.704ms
[19.239s][info][gc,metaspace] GC(39) Metaspace: 22377K(22848K)->22377K(22848K) NonClass: 19847K(20096K)->19847K(20096K) Class: 2529K(2752K)->2529K(2752K)
[19.239s][info][gc          ] GC(39) Pause Full (System.gc()) 770M->770M(5888M) 632.377ms
[19.239s][info][gc,metaspace] GC(40) Metaspace: 22377K(22848K)->22377K(22848K) NonClass: 19847K(20096K)->19847K(20096K) Class: 2529K(2752K)->2529K(2752K)
[19.239s][info][gc          ] GC(40) Pause Young (System.gc()) 770M->770M(5888M) 0.506ms
[19.834s][info][gc,metaspace] GC(41) Metaspace: 22377K(22848K)->22377K(22848K) NonClass: 19847K(20096K)->19847K(20096K) Class: 2529K(2752K)->2529K(2752K)
[19.834s][info][gc          ] GC(41) Pause Full (System.gc()) 770M->770M(5888M) 594.954ms
[19.839s][info][gc,metaspace] GC(42) Metaspace: 22377K(22848K)->22377K(22848K) NonClass: 19847K(20096K)->19847K(20096K) Class: 2529K(2752K)->2529K(2752K)
[19.839s][info][gc          ] GC(42) Pause Young (System.gc()) 770M->770M(5888M) 0.469ms
[20.442s][info][gc,metaspace] GC(43) Metaspace: 22377K(22848K)->22377K(22848K) NonClass: 19847K(20096K)->19847K(20096K) Class: 2529K(2752K)->2529K(2752K)
[20.442s][info][gc          ] GC(43) Pause Full (System.gc()) 770M->770M(5888M) 603.083ms
[20.443s][info][gc,metaspace] GC(44) Metaspace: 22377K(22848K)->22377K(22848K) NonClass: 19847K(20096K)->19847K(20096K) Class: 2529K(2752K)->2529K(2752K)
[20.443s][info][gc          ] GC(44) Pause Young (System.gc()) 770M->770M(5888M) 0.452ms
[21.040s][info][gc,metaspace] GC(45) Metaspace: 22377K(22848K)->22377K(22848K) NonClass: 19847K(20096K)->19847K(20096K) Class: 2529K(2752K)->2529K(2752K)
[21.040s][info][gc          ] GC(45) Pause Full (System.gc()) 770M->770M(5888M) 597.449ms
[21.041s][info][gc,metaspace] GC(46) Metaspace: 22377K(22848K)->22377K(22848K) NonClass: 19847K(20096K)->19847K(20096K) Class: 2529K(2752K)->2529K(2752K)
[21.041s][info][gc          ] GC(46) Pause Young (System.gc()) 770M->770M(5888M) 0.470ms
[21.646s][info][gc,metaspace] GC(47) Metaspace: 22377K(22848K)->22377K(22848K) NonClass: 19847K(20096K)->19847K(20096K) Class: 2529K(2752K)->2529K(2752K)
[21.646s][info][gc          ] GC(47) Pause Full (System.gc()) 770M->770M(5888M) 604.668ms
[21.646s][info][gc,metaspace] GC(48) Metaspace: 22377K(22848K)->22377K(22848K) NonClass: 19847K(20096K)->19847K(20096K) Class: 2529K(2752K)->2529K(2752K)
[21.646s][info][gc          ] GC(48) Pause Young (System.gc()) 770M->770M(5888M) 0.498ms
[22.335s][info][gc,metaspace] GC(49) Metaspace: 22377K(22848K)->22377K(22848K) NonClass: 19847K(20096K)->19847K(20096K) Class: 2529K(2752K)->2529K(2752K)
[22.335s][info][gc          ] GC(49) Pause Full (System.gc()) 770M->770M(5888M) 688.730ms
[22.336s][info][gc,metaspace] GC(50) Metaspace: 22377K(22848K)->22377K(22848K) NonClass: 19847K(20096K)->19847K(20096K) Class: 2529K(2752K)->2529K(2752K)
[22.336s][info][gc          ] GC(50) Pause Young (System.gc()) 770M->770M(5888M) 0.797ms
[22.945s][info][gc,metaspace] GC(51) Metaspace: 22377K(22848K)->22377K(22848K) NonClass: 19847K(20096K)->19847K(20096K) Class: 2529K(2752K)->2529K(2752K)
[22.945s][info][gc          ] GC(51) Pause Full (System.gc()) 770M->770M(5888M) 609.467ms
[22.946s][info][gc,metaspace] GC(52) Metaspace: 22377K(22848K)->22377K(22848K) NonClass: 19847K(20096K)->19847K(20096K) Class: 2529K(2752K)->2529K(2752K)
[22.946s][info][gc          ] GC(52) Pause Young (System.gc()) 770M->770M(5888M) 0.506ms
[23.549s][info][gc,metaspace] GC(53) Metaspace: 22377K(22848K)->22377K(22848K) NonClass: 19847K(20096K)->19847K(20096K) Class: 2529K(2752K)->2529K(2752K)
[23.549s][info][gc          ] GC(53) Pause Full (System.gc()) 770M->770M(5888M) 602.754ms
[23.550s][info][gc,metaspace] GC(54) Metaspace: 22377K(22848K)->22377K(22848K) NonClass: 19847K(20096K)->19847K(20096K) Class: 2529K(2752K)->2529K(2752K)
[23.550s][info][gc          ] GC(54) Pause Young (System.gc()) 770M->770M(5888M) 0.691ms
[24.158s][info][gc,metaspace] GC(55) Metaspace: 22377K(22848K)->22377K(22848K) NonClass: 19847K(20096K)->19847K(20096K) Class: 2529K(2752K)->2529K(2752K)
[24.158s][info][gc          ] GC(55) Pause Full (System.gc()) 770M->770M(5888M) 608.286ms
[24.159s][info][gc,metaspace] GC(56) Metaspace: 22377K(22848K)->22377K(22848K) NonClass: 19847K(20096K)->19847K(20096K) Class: 2529K(2752K)->2529K(2752K)
[24.159s][info][gc          ] GC(56) Pause Young (System.gc()) 770M->770M(5888M) 0.798ms
[24.754s][info][gc,metaspace] GC(57) Metaspace: 22377K(22848K)->22377K(22848K) NonClass: 19847K(20096K)->19847K(20096K) Class: 2529K(2752K)->2529K(2752K)
[24.754s][info][gc          ] GC(57) Pause Full (System.gc()) 770M->770M(5888M) 595.501ms
[24.755s][info][gc,metaspace] GC(58) Metaspace: 22377K(22848K)->22377K(22848K) NonClass: 19847K(20096K)->19847K(20096K) Class: 2529K(2752K)->2529K(2752K)
[24.755s][info][gc          ] GC(58) Pause Young (System.gc()) 770M->770M(5888M) 0.492ms
[25.350s][info][gc,metaspace] GC(59) Metaspace: 22377K(22848K)->22377K(22848K) NonClass: 19847K(20096K)->19847K(20096K) Class: 2529K(2752K)->2529K(2752K)
[25.350s][info][gc          ] GC(59) Pause Full (System.gc()) 770M->770M(5888M) 595.330ms
[25.355s][info][gc,metaspace] GC(60) Metaspace: 22377K(22848K)->22377K(22848K) NonClass: 19847K(20096K)->19847K(20096K) Class: 2529K(2752K)->2529K(2752K)
[25.355s][info][gc          ] GC(60) Pause Young (System.gc()) 770M->770M(5888M) 0.471ms
[25.964s][info][gc,metaspace] GC(61) Metaspace: 22377K(22848K)->22377K(22848K) NonClass: 19847K(20096K)->19847K(20096K) Class: 2529K(2752K)->2529K(2752K)
[25.965s][info][gc          ] GC(61) Pause Full (System.gc()) 770M->770M(5888M) 609.366ms
[25.965s][info][gc,metaspace] GC(62) Metaspace: 22377K(22848K)->22377K(22848K) NonClass: 19847K(20096K)->19847K(20096K) Class: 2529K(2752K)->2529K(2752K)
[25.965s][info][gc          ] GC(62) Pause Young (System.gc()) 770M->770M(5888M) 0.491ms
[26.568s][info][gc,metaspace] GC(63) Metaspace: 22377K(22848K)->22377K(22848K) NonClass: 19847K(20096K)->19847K(20096K) Class: 2529K(2752K)->2529K(2752K)
[26.568s][info][gc          ] GC(63) Pause Full (System.gc()) 770M->770M(5888M) 602.617ms
[26.568s][info][gc,metaspace] GC(64) Metaspace: 22377K(22848K)->22377K(22848K) NonClass: 19847K(20096K)->19847K(20096K) Class: 2529K(2752K)->2529K(2752K)
[26.568s][info][gc          ] GC(64) Pause Young (System.gc()) 770M->770M(5888M) 0.424ms
[27.169s][info][gc,metaspace] GC(65) Metaspace: 22377K(22848K)->22377K(22848K) NonClass: 19847K(20096K)->19847K(20096K) Class: 2529K(2752K)->2529K(2752K)
[27.169s][info][gc          ] GC(65) Pause Full (System.gc()) 770M->770M(5888M) 601.141ms
[27.170s][info][gc,metaspace] GC(66) Metaspace: 22377K(22848K)->22377K(22848K) NonClass: 19847K(20096K)->19847K(20096K) Class: 2529K(2752K)->2529K(2752K)
[27.170s][info][gc          ] GC(66) Pause Young (System.gc()) 770M->770M(5888M) 0.440ms
[27.813s][info][gc,metaspace] GC(67) Metaspace: 22377K(22848K)->22377K(22848K) NonClass: 19847K(20096K)->19847K(20096K) Class: 2529K(2752K)->2529K(2752K)
[27.813s][info][gc          ] GC(67) Pause Full (System.gc()) 770M->770M(5888M) 642.629ms
[27.813s][info][gc,metaspace] GC(68) Metaspace: 22377K(22848K)->22377K(22848K) NonClass: 19847K(20096K)->19847K(20096K) Class: 2529K(2752K)->2529K(2752K)
[27.813s][info][gc          ] GC(68) Pause Young (System.gc()) 770M->770M(5888M) 0.504ms
[28.493s][info][gc,metaspace] GC(69) Metaspace: 22377K(22848K)->22377K(22848K) NonClass: 19847K(20096K)->19847K(20096K) Class: 2529K(2752K)->2529K(2752K)
[28.493s][info][gc          ] GC(69) Pause Full (System.gc()) 770M->770M(5888M) 680.201ms
[28.494s][info][gc,metaspace] GC(70) Metaspace: 22377K(22848K)->22377K(22848K) NonClass: 19847K(20096K)->19847K(20096K) Class: 2529K(2752K)->2529K(2752K)
[28.494s][info][gc          ] GC(70) Pause Young (System.gc()) 770M->770M(5888M) 0.454ms
[29.088s][info][gc,metaspace] GC(71) Metaspace: 22377K(22848K)->22377K(22848K) NonClass: 19847K(20096K)->19847K(20096K) Class: 2529K(2752K)->2529K(2752K)
[29.088s][info][gc          ] GC(71) Pause Full (System.gc()) 770M->770M(5888M) 593.935ms
[29.089s][info][gc,metaspace] GC(72) Metaspace: 22377K(22848K)->22377K(22848K) NonClass: 19847K(20096K)->19847K(20096K) Class: 2529K(2752K)->2529K(2752K)
[29.089s][info][gc          ] GC(72) Pause Young (System.gc()) 770M->770M(5888M) 0.455ms
[29.691s][info][gc,metaspace] GC(73) Metaspace: 22377K(22848K)->22377K(22848K) NonClass: 19847K(20096K)->19847K(20096K) Class: 2529K(2752K)->2529K(2752K)
[29.691s][info][gc          ] GC(73) Pause Full (System.gc()) 770M->770M(5888M) 602.420ms
[29.692s][info][gc,metaspace] GC(74) Metaspace: 22377K(22848K)->22377K(22848K) NonClass: 19847K(20096K)->19847K(20096K) Class: 2529K(2752K)->2529K(2752K)
[29.692s][info][gc          ] GC(74) Pause Young (System.gc()) 770M->770M(5888M) 0.457ms
[30.288s][info][gc,metaspace] GC(75) Metaspace: 22377K(22848K)->22377K(22848K) NonClass: 19847K(20096K)->19847K(20096K) Class: 2529K(2752K)->2529K(2752K)
[30.288s][info][gc          ] GC(75) Pause Full (System.gc()) 770M->770M(5888M) 596.712ms
[30.289s][info][gc,metaspace] GC(76) Metaspace: 22377K(22848K)->22377K(22848K) NonClass: 19847K(20096K)->19847K(20096K) Class: 2529K(2752K)->2529K(2752K)
[30.289s][info][gc          ] GC(76) Pause Young (System.gc()) 770M->770M(5888M) 0.457ms
[31.077s][info][gc,metaspace] GC(77) Metaspace: 22377K(22848K)->22377K(22848K) NonClass: 19847K(20096K)->19847K(20096K) Class: 2529K(2752K)->2529K(2752K)
[31.077s][info][gc          ] GC(77) Pause Full (System.gc()) 770M->770M(5888M) 788.267ms
[31.078s][info][gc,metaspace] GC(78) Metaspace: 22377K(22848K)->22377K(22848K) NonClass: 19847K(20096K)->19847K(20096K) Class: 2529K(2752K)->2529K(2752K)
[31.078s][info][gc          ] GC(78) Pause Young (System.gc()) 770M->770M(5888M) 0.780ms
[31.701s][info][gc,metaspace] GC(79) Metaspace: 22377K(22848K)->22377K(22848K) NonClass: 19847K(20096K)->19847K(20096K) Class: 2529K(2752K)->2529K(2752K)
[31.701s][info][gc          ] GC(79) Pause Full (System.gc()) 770M->770M(5888M) 622.872ms
[31.701s][info][gc,metaspace] GC(80) Metaspace: 22377K(22848K)->22377K(22848K) NonClass: 19847K(20096K)->19847K(20096K) Class: 2529K(2752K)->2529K(2752K)
[31.702s][info][gc          ] GC(80) Pause Young (System.gc()) 770M->770M(5888M) 0.530ms
[32.317s][info][gc,metaspace] GC(81) Metaspace: 22377K(22848K)->22377K(22848K) NonClass: 19847K(20096K)->19847K(20096K) Class: 2529K(2752K)->2529K(2752K)
[32.317s][info][gc          ] GC(81) Pause Full (System.gc()) 770M->770M(5888M) 615.828ms
[32.318s][info][gc,metaspace] GC(82) Metaspace: 22377K(22848K)->22377K(22848K) NonClass: 19847K(20096K)->19847K(20096K) Class: 2529K(2752K)->2529K(2752K)
[32.318s][info][gc          ] GC(82) Pause Young (System.gc()) 770M->770M(5888M) 0.457ms
[32.914s][info][gc,metaspace] GC(83) Metaspace: 22377K(22848K)->22377K(22848K) NonClass: 19847K(20096K)->19847K(20096K) Class: 2529K(2752K)->2529K(2752K)
[32.914s][info][gc          ] GC(83) Pause Full (System.gc()) 770M->770M(5888M) 596.000ms
[32.915s][info][gc,metaspace] GC(84) Metaspace: 22377K(22848K)->22377K(22848K) NonClass: 19847K(20096K)->19847K(20096K) Class: 2529K(2752K)->2529K(2752K)
[32.915s][info][gc          ] GC(84) Pause Young (System.gc()) 770M->770M(5888M) 0.492ms
[33.521s][info][gc,metaspace] GC(85) Metaspace: 22377K(22848K)->22377K(22848K) NonClass: 19847K(20096K)->19847K(20096K) Class: 2529K(2752K)->2529K(2752K)
[33.521s][info][gc          ] GC(85) Pause Full (System.gc()) 770M->770M(5888M) 606.862ms
[33.522s][info][gc,metaspace] GC(86) Metaspace: 22377K(22848K)->22377K(22848K) NonClass: 19847K(20096K)->19847K(20096K) Class: 2529K(2752K)->2529K(2752K)
[33.522s][info][gc          ] GC(86) Pause Young (System.gc()) 770M->770M(5888M) 0.503ms
[34.133s][info][gc,metaspace] GC(87) Metaspace: 22377K(22848K)->22377K(22848K) NonClass: 19847K(20096K)->19847K(20096K) Class: 2529K(2752K)->2529K(2752K)
[34.133s][info][gc          ] GC(87) Pause Full (System.gc()) 770M->770M(5888M) 610.953ms
[34.134s][info][gc,metaspace] GC(88) Metaspace: 22377K(22848K)->22377K(22848K) NonClass: 19847K(20096K)->19847K(20096K) Class: 2529K(2752K)->2529K(2752K)
[34.134s][info][gc          ] GC(88) Pause Young (System.gc()) 770M->770M(5888M) 0.472ms
[34.719s][info][gc,metaspace] GC(89) Metaspace: 22377K(22848K)->22377K(22848K) NonClass: 19847K(20096K)->19847K(20096K) Class: 2529K(2752K)->2529K(2752K)
[34.719s][info][gc          ] GC(89) Pause Full (System.gc()) 770M->770M(5888M) 585.122ms
[34.720s][info][gc,metaspace] GC(90) Metaspace: 22377K(22848K)->22377K(22848K) NonClass: 19847K(20096K)->19847K(20096K) Class: 2529K(2752K)->2529K(2752K)
[34.720s][info][gc          ] GC(90) Pause Young (System.gc()) 770M->770M(5888M) 0.737ms
[35.339s][info][gc,metaspace] GC(91) Metaspace: 22377K(22848K)->22377K(22848K) NonClass: 19847K(20096K)->19847K(20096K) Class: 2529K(2752K)->2529K(2752K)
[35.339s][info][gc          ] GC(91) Pause Full (System.gc()) 770M->770M(5888M) 619.578ms
[35.340s][info][gc,metaspace] GC(92) Metaspace: 22377K(22848K)->22377K(22848K) NonClass: 19847K(20096K)->19847K(20096K) Class: 2529K(2752K)->2529K(2752K)
[35.340s][info][gc          ] GC(92) Pause Young (System.gc()) 770M->770M(5888M) 0.460ms
[35.927s][info][gc,metaspace] GC(93) Metaspace: 22377K(22848K)->22377K(22848K) NonClass: 19847K(20096K)->19847K(20096K) Class: 2529K(2752K)->2529K(2752K)
[35.927s][info][gc          ] GC(93) Pause Full (System.gc()) 770M->770M(5888M) 587.040ms
[35.927s][info][gc,metaspace] GC(94) Metaspace: 22377K(22848K)->22377K(22848K) NonClass: 19847K(20096K)->19847K(20096K) Class: 2529K(2752K)->2529K(2752K)
[35.927s][info][gc          ] GC(94) Pause Young (System.gc()) 770M->770M(5888M) 0.517ms
[36.512s][info][gc,metaspace] GC(95) Metaspace: 22377K(22848K)->22377K(22848K) NonClass: 19847K(20096K)->19847K(20096K) Class: 2529K(2752K)->2529K(2752K)
[36.512s][info][gc          ] GC(95) Pause Full (System.gc()) 770M->770M(5888M) 584.071ms
[36.512s][info][gc,metaspace] GC(96) Metaspace: 22377K(22848K)->22377K(22848K) NonClass: 19847K(20096K)->19847K(20096K) Class: 2529K(2752K)->2529K(2752K)
[36.512s][info][gc          ] GC(96) Pause Young (System.gc()) 770M->770M(5888M) 0.729ms
[37.121s][info][gc,metaspace] GC(97) Metaspace: 22377K(22848K)->22377K(22848K) NonClass: 19847K(20096K)->19847K(20096K) Class: 2529K(2752K)->2529K(2752K)
[37.121s][info][gc          ] GC(97) Pause Full (System.gc()) 770M->770M(5888M) 608.641ms
[37.122s][info][gc,metaspace] GC(98) Metaspace: 22377K(22848K)->22377K(22848K) NonClass: 19847K(20096K)->19847K(20096K) Class: 2529K(2752K)->2529K(2752K)
[37.122s][info][gc          ] GC(98) Pause Young (System.gc()) 770M->770M(5888M) 0.471ms
[37.723s][info][gc,metaspace] GC(99) Metaspace: 22377K(22848K)->22377K(22848K) NonClass: 19847K(20096K)->19847K(20096K) Class: 2529K(2752K)->2529K(2752K)
[37.723s][info][gc          ] GC(99) Pause Full (System.gc()) 770M->770M(5888M) 601.782ms
[37.724s][info][gc,metaspace] GC(100) Metaspace: 22377K(22848K)->22377K(22848K) NonClass: 19847K(20096K)->19847K(20096K) Class: 2529K(2752K)->2529K(2752K)
[37.724s][info][gc          ] GC(100) Pause Young (System.gc()) 770M->770M(5888M) 0.450ms
[38.345s][info][gc,metaspace] GC(101) Metaspace: 22377K(22848K)->22377K(22848K) NonClass: 19847K(20096K)->19847K(20096K) Class: 2529K(2752K)->2529K(2752K)
[38.345s][info][gc          ] GC(101) Pause Full (System.gc()) 770M->770M(5888M) 621.180ms
[38.346s][info][gc,metaspace] GC(102) Metaspace: 22377K(22848K)->22377K(22848K) NonClass: 19847K(20096K)->19847K(20096K) Class: 2529K(2752K)->2529K(2752K)
[38.346s][info][gc          ] GC(102) Pause Young (System.gc()) 770M->770M(5888M) 0.458ms
[38.948s][info][gc,metaspace] GC(103) Metaspace: 22377K(22848K)->22377K(22848K) NonClass: 19847K(20096K)->19847K(20096K) Class: 2529K(2752K)->2529K(2752K)
[38.948s][info][gc          ] GC(103) Pause Full (System.gc()) 770M->770M(5888M) 602.271ms
[38.949s][info][gc,metaspace] GC(104) Metaspace: 22377K(22848K)->22377K(22848K) NonClass: 19847K(20096K)->19847K(20096K) Class: 2529K(2752K)->2529K(2752K)
[38.949s][info][gc          ] GC(104) Pause Young (System.gc()) 770M->770M(5888M) 0.485ms
[39.557s][info][gc,metaspace] GC(105) Metaspace: 22377K(22848K)->22377K(22848K) NonClass: 19847K(20096K)->19847K(20096K) Class: 2529K(2752K)->2529K(2752K)
[39.557s][info][gc          ] GC(105) Pause Full (System.gc()) 770M->770M(5888M) 608.205ms
[39.557s][info][gc,metaspace] GC(106) Metaspace: 22377K(22848K)->22377K(22848K) NonClass: 19847K(20096K)->19847K(20096K) Class: 2529K(2752K)->2529K(2752K)
[39.558s][info][gc          ] GC(106) Pause Young (System.gc()) 770M->770M(5888M) 0.536ms
[40.164s][info][gc,metaspace] GC(107) Metaspace: 22377K(22848K)->22377K(22848K) NonClass: 19847K(20096K)->19847K(20096K) Class: 2529K(2752K)->2529K(2752K)
[40.164s][info][gc          ] GC(107) Pause Full (System.gc()) 770M->770M(5888M) 606.417ms
[40.165s][info][gc,metaspace] GC(108) Metaspace: 22377K(22848K)->22377K(22848K) NonClass: 19847K(20096K)->19847K(20096K) Class: 2529K(2752K)->2529K(2752K)
[40.165s][info][gc          ] GC(108) Pause Young (System.gc()) 770M->770M(5888M) 0.658ms
[40.792s][info][gc,metaspace] GC(109) Metaspace: 22377K(22848K)->22377K(22848K) NonClass: 19847K(20096K)->19847K(20096K) Class: 2529K(2752K)->2529K(2752K)
[40.792s][info][gc          ] GC(109) Pause Full (System.gc()) 770M->770M(5888M) 627.440ms
[40.793s][info][gc,metaspace] GC(110) Metaspace: 22377K(22848K)->22377K(22848K) NonClass: 19847K(20096K)->19847K(20096K) Class: 2529K(2752K)->2529K(2752K)
[40.793s][info][gc          ] GC(110) Pause Young (System.gc()) 770M->770M(5888M) 0.449ms
[41.405s][info][gc,metaspace] GC(111) Metaspace: 22377K(22848K)->22377K(22848K) NonClass: 19847K(20096K)->19847K(20096K) Class: 2529K(2752K)->2529K(2752K)
[41.405s][info][gc          ] GC(111) Pause Full (System.gc()) 770M->770M(5888M) 612.530ms
[41.406s][info][gc,metaspace] GC(112) Metaspace: 22377K(22848K)->22377K(22848K) NonClass: 19847K(20096K)->19847K(20096K) Class: 2529K(2752K)->2529K(2752K)
[41.406s][info][gc          ] GC(112) Pause Young (System.gc()) 770M->770M(5888M) 0.504ms
[42.240s][info][gc,metaspace] GC(113) Metaspace: 22377K(22848K)->22377K(22848K) NonClass: 19847K(20096K)->19847K(20096K) Class: 2529K(2752K)->2529K(2752K)
[42.240s][info][gc          ] GC(113) Pause Full (System.gc()) 770M->770M(5888M) 834.515ms
[42.241s][info][gc,metaspace] GC(114) Metaspace: 22377K(22848K)->22377K(22848K) NonClass: 19847K(20096K)->19847K(20096K) Class: 2529K(2752K)->2529K(2752K)
[42.241s][info][gc          ] GC(114) Pause Young (System.gc()) 770M->770M(5888M) 0.454ms
[42.828s][info][gc,metaspace] GC(115) Metaspace: 22377K(22848K)->22377K(22848K) NonClass: 19847K(20096K)->19847K(20096K) Class: 2529K(2752K)->2529K(2752K)
[42.828s][info][gc          ] GC(115) Pause Full (System.gc()) 770M->770M(5888M) 586.973ms
[42.829s][info][gc,metaspace] GC(116) Metaspace: 22377K(22848K)->22377K(22848K) NonClass: 19847K(20096K)->19847K(20096K) Class: 2529K(2752K)->2529K(2752K)
[42.829s][info][gc          ] GC(116) Pause Young (System.gc()) 770M->770M(5888M) 0.463ms
[43.456s][info][gc,metaspace] GC(117) Metaspace: 22377K(22848K)->22377K(22848K) NonClass: 19847K(20096K)->19847K(20096K) Class: 2529K(2752K)->2529K(2752K)
[43.456s][info][gc          ] GC(117) Pause Full (System.gc()) 770M->770M(5888M) 627.714ms
[43.457s][info][gc,metaspace] GC(118) Metaspace: 22377K(22848K)->22377K(22848K) NonClass: 19847K(20096K)->19847K(20096K) Class: 2529K(2752K)->2529K(2752K)
[43.457s][info][gc          ] GC(118) Pause Young (System.gc()) 770M->770M(5888M) 0.792ms
[44.062s][info][gc,metaspace] GC(119) Metaspace: 22377K(22848K)->22377K(22848K) NonClass: 19847K(20096K)->19847K(20096K) Class: 2529K(2752K)->2529K(2752K)
[44.062s][info][gc          ] GC(119) Pause Full (System.gc()) 770M->770M(5888M) 604.645ms
[44.063s][info][gc,metaspace] GC(120) Metaspace: 22377K(22848K)->22377K(22848K) NonClass: 19847K(20096K)->19847K(20096K) Class: 2529K(2752K)->2529K(2752K)
[44.063s][info][gc          ] GC(120) Pause Young (System.gc()) 770M->770M(5888M) 0.760ms
[44.661s][info][gc,metaspace] GC(121) Metaspace: 22377K(22848K)->22377K(22848K) NonClass: 19847K(20096K)->19847K(20096K) Class: 2529K(2752K)->2529K(2752K)
[44.661s][info][gc          ] GC(121) Pause Full (System.gc()) 770M->770M(5888M) 597.872ms
[44.661s][info][gc,metaspace] GC(122) Metaspace: 22377K(22848K)->22377K(22848K) NonClass: 19847K(20096K)->19847K(20096K) Class: 2529K(2752K)->2529K(2752K)
[44.661s][info][gc          ] GC(122) Pause Young (System.gc()) 770M->770M(5888M) 0.494ms
[45.275s][info][gc,metaspace] GC(123) Metaspace: 22377K(22848K)->22377K(22848K) NonClass: 19847K(20096K)->19847K(20096K) Class: 2529K(2752K)->2529K(2752K)
[45.275s][info][gc          ] GC(123) Pause Full (System.gc()) 770M->770M(5888M) 613.475ms
[45.275s][info][gc,metaspace] GC(124) Metaspace: 22377K(22848K)->22377K(22848K) NonClass: 19847K(20096K)->19847K(20096K) Class: 2529K(2752K)->2529K(2752K)
[45.275s][info][gc          ] GC(124) Pause Young (System.gc()) 770M->770M(5888M) 0.451ms
[45.938s][info][gc,metaspace] GC(125) Metaspace: 22377K(22848K)->22377K(22848K) NonClass: 19847K(20096K)->19847K(20096K) Class: 2529K(2752K)->2529K(2752K)
[45.938s][info][gc          ] GC(125) Pause Full (System.gc()) 770M->770M(5888M) 662.660ms
[45.939s][info][gc,metaspace] GC(126) Metaspace: 22377K(22848K)->22377K(22848K) NonClass: 19847K(20096K)->19847K(20096K) Class: 2529K(2752K)->2529K(2752K)
[45.939s][info][gc          ] GC(126) Pause Young (System.gc()) 770M->770M(5888M) 0.516ms
[46.547s][info][gc,metaspace] GC(127) Metaspace: 22377K(22848K)->22377K(22848K) NonClass: 19847K(20096K)->19847K(20096K) Class: 2529K(2752K)->2529K(2752K)
[46.547s][info][gc          ] GC(127) Pause Full (System.gc()) 770M->770M(5888M) 608.763ms
[46.548s][info][gc,metaspace] GC(128) Metaspace: 22377K(22848K)->22377K(22848K) NonClass: 19847K(20096K)->19847K(20096K) Class: 2529K(2752K)->2529K(2752K)
[46.548s][info][gc          ] GC(128) Pause Young (System.gc()) 770M->770M(5888M) 0.493ms
[47.155s][info][gc,metaspace] GC(129) Metaspace: 22377K(22848K)->22377K(22848K) NonClass: 19847K(20096K)->19847K(20096K) Class: 2529K(2752K)->2529K(2752K)
[47.155s][info][gc          ] GC(129) Pause Full (System.gc()) 770M->770M(5888M) 606.978ms
[47.156s][info][gc,metaspace] GC(130) Metaspace: 22377K(22848K)->22377K(22848K) NonClass: 19847K(20096K)->19847K(20096K) Class: 2529K(2752K)->2529K(2752K)
[47.156s][info][gc          ] GC(130) Pause Young (System.gc()) 770M->770M(5888M) 0.472ms
[47.758s][info][gc,metaspace] GC(131) Metaspace: 22377K(22848K)->22377K(22848K) NonClass: 19847K(20096K)->19847K(20096K) Class: 2529K(2752K)->2529K(2752K)
[47.758s][info][gc          ] GC(131) Pause Full (System.gc()) 770M->770M(5888M) 602.323ms
[47.763s][info][gc,metaspace] GC(132) Metaspace: 22377K(22848K)->22377K(22848K) NonClass: 19847K(20096K)->19847K(20096K) Class: 2529K(2752K)->2529K(2752K)
[47.763s][info][gc          ] GC(132) Pause Young (System.gc()) 770M->770M(5888M) 0.786ms
[48.405s][info][gc,metaspace] GC(133) Metaspace: 22377K(22848K)->22377K(22848K) NonClass: 19847K(20096K)->19847K(20096K) Class: 2529K(2752K)->2529K(2752K)
[48.405s][info][gc          ] GC(133) Pause Full (System.gc()) 770M->770M(5888M) 641.881ms
[48.406s][info][gc,metaspace] GC(134) Metaspace: 22377K(22848K)->22377K(22848K) NonClass: 19847K(20096K)->19847K(20096K) Class: 2529K(2752K)->2529K(2752K)
[48.406s][info][gc          ] GC(134) Pause Young (System.gc()) 770M->770M(5888M) 0.502ms
[49.039s][info][gc,metaspace] GC(135) Metaspace: 22377K(22848K)->22377K(22848K) NonClass: 19847K(20096K)->19847K(20096K) Class: 2529K(2752K)->2529K(2752K)
[49.039s][info][gc          ] GC(135) Pause Full (System.gc()) 770M->770M(5888M) 633.452ms
[49.040s][info][gc,metaspace] GC(136) Metaspace: 22377K(22848K)->22377K(22848K) NonClass: 19847K(20096K)->19847K(20096K) Class: 2529K(2752K)->2529K(2752K)
[49.040s][info][gc          ] GC(136) Pause Young (System.gc()) 770M->770M(5888M) 0.473ms
[49.642s][info][gc,metaspace] GC(137) Metaspace: 22377K(22848K)->22377K(22848K) NonClass: 19847K(20096K)->19847K(20096K) Class: 2529K(2752K)->2529K(2752K)
[49.642s][info][gc          ] GC(137) Pause Full (System.gc()) 770M->770M(5888M) 602.088ms
[49.642s][info][gc,metaspace] GC(138) Metaspace: 22377K(22848K)->22377K(22848K) NonClass: 19847K(20096K)->19847K(20096K) Class: 2529K(2752K)->2529K(2752K)
[49.642s][info][gc          ] GC(138) Pause Young (System.gc()) 770M->770M(5888M) 0.481ms
[50.237s][info][gc,metaspace] GC(139) Metaspace: 22377K(22848K)->22377K(22848K) NonClass: 19847K(20096K)->19847K(20096K) Class: 2529K(2752K)->2529K(2752K)
[50.238s][info][gc          ] GC(139) Pause Full (System.gc()) 770M->770M(5888M) 595.105ms
[50.238s][info][gc,metaspace] GC(140) Metaspace: 22377K(22848K)->22377K(22848K) NonClass: 19847K(20096K)->19847K(20096K) Class: 2529K(2752K)->2529K(2752K)
[50.238s][info][gc          ] GC(140) Pause Young (System.gc()) 770M->770M(5888M) 0.454ms
[50.839s][info][gc,metaspace] GC(141) Metaspace: 22377K(22848K)->22377K(22848K) NonClass: 19847K(20096K)->19847K(20096K) Class: 2529K(2752K)->2529K(2752K)
[50.839s][info][gc          ] GC(141) Pause Full (System.gc()) 770M->770M(5888M) 600.778ms
[50.839s][info][gc,metaspace] GC(142) Metaspace: 22377K(22848K)->22377K(22848K) NonClass: 19847K(20096K)->19847K(20096K) Class: 2529K(2752K)->2529K(2752K)
[50.839s][info][gc          ] GC(142) Pause Young (System.gc()) 770M->770M(5888M) 0.460ms
[51.450s][info][gc,metaspace] GC(143) Metaspace: 22377K(22848K)->22377K(22848K) NonClass: 19847K(20096K)->19847K(20096K) Class: 2529K(2752K)->2529K(2752K)
[51.451s][info][gc          ] GC(143) Pause Full (System.gc()) 770M->770M(5888M) 611.035ms
[51.451s][info][gc,metaspace] GC(144) Metaspace: 22377K(22848K)->22377K(22848K) NonClass: 19847K(20096K)->19847K(20096K) Class: 2529K(2752K)->2529K(2752K)
[51.451s][info][gc          ] GC(144) Pause Young (System.gc()) 770M->770M(5888M) 0.494ms
[52.044s][info][gc,metaspace] GC(145) Metaspace: 22377K(22848K)->22377K(22848K) NonClass: 19847K(20096K)->19847K(20096K) Class: 2529K(2752K)->2529K(2752K)
[52.044s][info][gc          ] GC(145) Pause Full (System.gc()) 770M->770M(5888M) 592.801ms
[52.045s][info][gc,metaspace] GC(146) Metaspace: 22377K(22848K)->22377K(22848K) NonClass: 19847K(20096K)->19847K(20096K) Class: 2529K(2752K)->2529K(2752K)
[52.045s][info][gc          ] GC(146) Pause Young (System.gc()) 770M->770M(5888M) 0.795ms
[52.674s][info][gc,metaspace] GC(147) Metaspace: 22377K(22848K)->22377K(22848K) NonClass: 19847K(20096K)->19847K(20096K) Class: 2529K(2752K)->2529K(2752K)
[52.674s][info][gc          ] GC(147) Pause Full (System.gc()) 770M->770M(5888M) 628.773ms
[52.674s][info][gc,metaspace] GC(148) Metaspace: 22377K(22848K)->22377K(22848K) NonClass: 19847K(20096K)->19847K(20096K) Class: 2529K(2752K)->2529K(2752K)
[52.674s][info][gc          ] GC(148) Pause Young (System.gc()) 770M->770M(5888M) 0.714ms
[53.307s][info][gc,metaspace] GC(149) Metaspace: 22377K(22848K)->22377K(22848K) NonClass: 19847K(20096K)->19847K(20096K) Class: 2529K(2752K)->2529K(2752K)
[53.307s][info][gc          ] GC(149) Pause Full (System.gc()) 770M->770M(5888M) 632.683ms
[53.308s][info][gc,metaspace] GC(150) Metaspace: 22377K(22848K)->22377K(22848K) NonClass: 19847K(20096K)->19847K(20096K) Class: 2529K(2752K)->2529K(2752K)
[53.308s][info][gc          ] GC(150) Pause Young (System.gc()) 770M->770M(5888M) 0.493ms
[53.930s][info][gc,metaspace] GC(151) Metaspace: 22377K(22848K)->22377K(22848K) NonClass: 19847K(20096K)->19847K(20096K) Class: 2529K(2752K)->2529K(2752K)
[53.930s][info][gc          ] GC(151) Pause Full (System.gc()) 770M->770M(5888M) 622.102ms
[53.930s][info][gc,metaspace] GC(152) Metaspace: 22377K(22848K)->22377K(22848K) NonClass: 19847K(20096K)->19847K(20096K) Class: 2529K(2752K)->2529K(2752K)
[53.931s][info][gc          ] GC(152) Pause Young (System.gc()) 770M->770M(5888M) 0.513ms
[54.526s][info][gc,metaspace] GC(153) Metaspace: 22377K(22848K)->22377K(22848K) NonClass: 19847K(20096K)->19847K(20096K) Class: 2529K(2752K)->2529K(2752K)
[54.526s][info][gc          ] GC(153) Pause Full (System.gc()) 770M->770M(5888M) 595.885ms
[54.527s][info][gc,metaspace] GC(154) Metaspace: 22377K(22848K)->22377K(22848K) NonClass: 19847K(20096K)->19847K(20096K) Class: 2529K(2752K)->2529K(2752K)
[54.527s][info][gc          ] GC(154) Pause Young (System.gc()) 770M->770M(5888M) 0.465ms
[55.123s][info][gc,metaspace] GC(155) Metaspace: 22377K(22848K)->22377K(22848K) NonClass: 19847K(20096K)->19847K(20096K) Class: 2529K(2752K)->2529K(2752K)
[55.123s][info][gc          ] GC(155) Pause Full (System.gc()) 770M->770M(5888M) 595.996ms
[55.124s][info][gc,metaspace] GC(156) Metaspace: 22377K(22848K)->22377K(22848K) NonClass: 19847K(20096K)->19847K(20096K) Class: 2529K(2752K)->2529K(2752K)
[55.124s][info][gc          ] GC(156) Pause Young (System.gc()) 770M->770M(5888M) 0.520ms
[55.721s][info][gc,metaspace] GC(157) Metaspace: 22377K(22848K)->22377K(22848K) NonClass: 19847K(20096K)->19847K(20096K) Class: 2529K(2752K)->2529K(2752K)
[55.721s][info][gc          ] GC(157) Pause Full (System.gc()) 770M->770M(5888M) 597.538ms
[55.722s][info][gc,metaspace] GC(158) Metaspace: 22377K(22848K)->22377K(22848K) NonClass: 19847K(20096K)->19847K(20096K) Class: 2529K(2752K)->2529K(2752K)
[55.722s][info][gc          ] GC(158) Pause Young (System.gc()) 770M->770M(5888M) 0.473ms
[56.334s][info][gc,metaspace] GC(159) Metaspace: 22377K(22848K)->22377K(22848K) NonClass: 19847K(20096K)->19847K(20096K) Class: 2529K(2752K)->2529K(2752K)
[56.334s][info][gc          ] GC(159) Pause Full (System.gc()) 770M->770M(5888M) 612.289ms
[56.335s][info][gc,metaspace] GC(160) Metaspace: 22377K(22848K)->22377K(22848K) NonClass: 19847K(20096K)->19847K(20096K) Class: 2529K(2752K)->2529K(2752K)
[56.335s][info][gc          ] GC(160) Pause Young (System.gc()) 770M->770M(5888M) 0.461ms
[56.992s][info][gc,metaspace] GC(161) Metaspace: 22377K(22848K)->22377K(22848K) NonClass: 19847K(20096K)->19847K(20096K) Class: 2529K(2752K)->2529K(2752K)
[56.992s][info][gc          ] GC(161) Pause Full (System.gc()) 770M->770M(5888M) 657.055ms
[56.992s][info][gc,metaspace] GC(162) Metaspace: 22377K(22848K)->22377K(22848K) NonClass: 19847K(20096K)->19847K(20096K) Class: 2529K(2752K)->2529K(2752K)
[56.992s][info][gc          ] GC(162) Pause Young (System.gc()) 770M->770M(5888M) 0.596ms
[57.588s][info][gc,metaspace] GC(163) Metaspace: 22377K(22848K)->22377K(22848K) NonClass: 19847K(20096K)->19847K(20096K) Class: 2529K(2752K)->2529K(2752K)
[57.588s][info][gc          ] GC(163) Pause Full (System.gc()) 770M->770M(5888M) 595.837ms
[57.589s][info][gc,metaspace] GC(164) Metaspace: 22377K(22848K)->22377K(22848K) NonClass: 19847K(20096K)->19847K(20096K) Class: 2529K(2752K)->2529K(2752K)
[57.589s][info][gc          ] GC(164) Pause Young (System.gc()) 770M->770M(5888M) 0.487ms
[58.203s][info][gc,metaspace] GC(165) Metaspace: 22377K(22848K)->22377K(22848K) NonClass: 19847K(20096K)->19847K(20096K) Class: 2529K(2752K)->2529K(2752K)
[58.203s][info][gc          ] GC(165) Pause Full (System.gc()) 770M->770M(5888M) 614.445ms
[58.204s][info][gc,metaspace] GC(166) Metaspace: 22377K(22848K)->22377K(22848K) NonClass: 19847K(20096K)->19847K(20096K) Class: 2529K(2752K)->2529K(2752K)
[58.204s][info][gc          ] GC(166) Pause Young (System.gc()) 770M->770M(5888M) 0.541ms
[58.804s][info][gc,metaspace] GC(167) Metaspace: 22377K(22848K)->22377K(22848K) NonClass: 19847K(20096K)->19847K(20096K) Class: 2529K(2752K)->2529K(2752K)
[58.804s][info][gc          ] GC(167) Pause Full (System.gc()) 770M->770M(5888M) 599.753ms
[58.805s][info][gc,metaspace] GC(168) Metaspace: 22377K(22848K)->22377K(22848K) NonClass: 19847K(20096K)->19847K(20096K) Class: 2529K(2752K)->2529K(2752K)
[58.805s][info][gc          ] GC(168) Pause Young (System.gc()) 770M->770M(5888M) 0.691ms
[59.399s][info][gc,metaspace] GC(169) Metaspace: 22377K(22848K)->22377K(22848K) NonClass: 19847K(20096K)->19847K(20096K) Class: 2529K(2752K)->2529K(2752K)
[59.399s][info][gc          ] GC(169) Pause Full (System.gc()) 770M->770M(5888M) 594.196ms
[59.399s][info][gc,metaspace] GC(170) Metaspace: 22377K(22848K)->22377K(22848K) NonClass: 19847K(20096K)->19847K(20096K) Class: 2529K(2752K)->2529K(2752K)
[59.399s][info][gc          ] GC(170) Pause Young (System.gc()) 770M->770M(5888M) 0.485ms
[60.040s][info][gc,metaspace] GC(171) Metaspace: 22377K(22848K)->22377K(22848K) NonClass: 19847K(20096K)->19847K(20096K) Class: 2529K(2752K)->2529K(2752K)
[60.040s][info][gc          ] GC(171) Pause Full (System.gc()) 770M->770M(5888M) 640.725ms
[60.041s][info][gc,metaspace] GC(172) Metaspace: 22377K(22848K)->22377K(22848K) NonClass: 19847K(20096K)->19847K(20096K) Class: 2529K(2752K)->2529K(2752K)
[60.041s][info][gc          ] GC(172) Pause Young (System.gc()) 770M->770M(5888M) 0.501ms
[60.632s][info][gc,metaspace] GC(173) Metaspace: 22377K(22848K)->22377K(22848K) NonClass: 19847K(20096K)->19847K(20096K) Class: 2529K(2752K)->2529K(2752K)
[60.632s][info][gc          ] GC(173) Pause Full (System.gc()) 770M->770M(5888M) 590.990ms
[60.632s][info][gc,metaspace] GC(174) Metaspace: 22377K(22848K)->22377K(22848K) NonClass: 19847K(20096K)->19847K(20096K) Class: 2529K(2752K)->2529K(2752K)
[60.632s][info][gc          ] GC(174) Pause Young (System.gc()) 770M->770M(5888M) 0.484ms
[61.226s][info][gc,metaspace] GC(175) Metaspace: 22377K(22848K)->22377K(22848K) NonClass: 19847K(20096K)->19847K(20096K) Class: 2529K(2752K)->2529K(2752K)
[61.226s][info][gc          ] GC(175) Pause Full (System.gc()) 770M->770M(5888M) 593.515ms
[61.226s][info][gc,metaspace] GC(176) Metaspace: 22377K(22848K)->22377K(22848K) NonClass: 19847K(20096K)->19847K(20096K) Class: 2529K(2752K)->2529K(2752K)
[61.226s][info][gc          ] GC(176) Pause Young (System.gc()) 770M->770M(5888M) 0.472ms
[61.828s][info][gc,metaspace] GC(177) Metaspace: 22377K(22848K)->22377K(22848K) NonClass: 19847K(20096K)->19847K(20096K) Class: 2529K(2752K)->2529K(2752K)
[61.828s][info][gc          ] GC(177) Pause Full (System.gc()) 770M->770M(5888M) 601.220ms
[61.828s][info][gc,metaspace] GC(178) Metaspace: 22377K(22848K)->22377K(22848K) NonClass: 19847K(20096K)->19847K(20096K) Class: 2529K(2752K)->2529K(2752K)
[61.828s][info][gc          ] GC(178) Pause Young (System.gc()) 770M->770M(5888M) 0.532ms
[62.427s][info][gc,metaspace] GC(179) Metaspace: 22377K(22848K)->22377K(22848K) NonClass: 19847K(20096K)->19847K(20096K) Class: 2529K(2752K)->2529K(2752K)
[62.428s][info][gc          ] GC(179) Pause Full (System.gc()) 770M->770M(5888M) 599.133ms
[62.428s][info][gc,metaspace] GC(180) Metaspace: 22377K(22848K)->22377K(22848K) NonClass: 19847K(20096K)->19847K(20096K) Class: 2529K(2752K)->2529K(2752K)
[62.428s][info][gc          ] GC(180) Pause Young (System.gc()) 770M->770M(5888M) 0.548ms
[63.037s][info][gc,metaspace] GC(181) Metaspace: 22377K(22848K)->22377K(22848K) NonClass: 19847K(20096K)->19847K(20096K) Class: 2529K(2752K)->2529K(2752K)
[63.037s][info][gc          ] GC(181) Pause Full (System.gc()) 770M->770M(5888M) 608.971ms
[63.038s][info][gc,metaspace] GC(182) Metaspace: 22377K(22848K)->22377K(22848K) NonClass: 19847K(20096K)->19847K(20096K) Class: 2529K(2752K)->2529K(2752K)
[63.038s][info][gc          ] GC(182) Pause Young (System.gc()) 786M->770M(5888M) 0.745ms
[63.631s][info][gc,metaspace] GC(183) Metaspace: 22377K(22848K)->22377K(22848K) NonClass: 19847K(20096K)->19847K(20096K) Class: 2529K(2752K)->2529K(2752K)
[63.631s][info][gc          ] GC(183) Pause Full (System.gc()) 770M->770M(5888M) 592.602ms
[63.631s][info][gc,metaspace] GC(184) Metaspace: 22377K(22848K)->22377K(22848K) NonClass: 19847K(20096K)->19847K(20096K) Class: 2529K(2752K)->2529K(2752K)
[63.631s][info][gc          ] GC(184) Pause Young (System.gc()) 770M->770M(5888M) 0.426ms
[64.222s][info][gc,metaspace] GC(185) Metaspace: 22377K(22848K)->22377K(22848K) NonClass: 19847K(20096K)->19847K(20096K) Class: 2529K(2752K)->2529K(2752K)
[64.222s][info][gc          ] GC(185) Pause Full (System.gc()) 770M->770M(5888M) 590.614ms
[64.222s][info][gc,metaspace] GC(186) Metaspace: 22377K(22848K)->22377K(22848K) NonClass: 19847K(20096K)->19847K(20096K) Class: 2529K(2752K)->2529K(2752K)
[64.222s][info][gc          ] GC(186) Pause Young (System.gc()) 770M->770M(5888M) 0.454ms
[64.826s][info][gc,metaspace] GC(187) Metaspace: 22377K(22848K)->22377K(22848K) NonClass: 19847K(20096K)->19847K(20096K) Class: 2529K(2752K)->2529K(2752K)
[64.826s][info][gc          ] GC(187) Pause Full (System.gc()) 770M->770M(5888M) 603.671ms
[64.827s][info][gc,metaspace] GC(188) Metaspace: 22377K(22848K)->22377K(22848K) NonClass: 19847K(20096K)->19847K(20096K) Class: 2529K(2752K)->2529K(2752K)
[64.827s][info][gc          ] GC(188) Pause Young (System.gc()) 770M->770M(5888M) 0.486ms
[65.436s][info][gc,metaspace] GC(189) Metaspace: 22377K(22848K)->22377K(22848K) NonClass: 19847K(20096K)->19847K(20096K) Class: 2529K(2752K)->2529K(2752K)
[65.436s][info][gc          ] GC(189) Pause Full (System.gc()) 770M->770M(5888M) 609.229ms
[65.436s][info][gc,metaspace] GC(190) Metaspace: 22377K(22848K)->22377K(22848K) NonClass: 19847K(20096K)->19847K(20096K) Class: 2529K(2752K)->2529K(2752K)
[65.437s][info][gc          ] GC(190) Pause Young (System.gc()) 770M->770M(5888M) 0.465ms
[66.048s][info][gc,metaspace] GC(191) Metaspace: 22377K(22848K)->22377K(22848K) NonClass: 19847K(20096K)->19847K(20096K) Class: 2529K(2752K)->2529K(2752K)
[66.048s][info][gc          ] GC(191) Pause Full (System.gc()) 770M->770M(5888M) 611.047ms
[66.048s][info][gc,metaspace] GC(192) Metaspace: 22377K(22848K)->22377K(22848K) NonClass: 19847K(20096K)->19847K(20096K) Class: 2529K(2752K)->2529K(2752K)
[66.048s][info][gc          ] GC(192) Pause Young (System.gc()) 770M->770M(5888M) 0.455ms
[66.652s][info][gc,metaspace] GC(193) Metaspace: 22377K(22848K)->22377K(22848K) NonClass: 19847K(20096K)->19847K(20096K) Class: 2529K(2752K)->2529K(2752K)
[66.652s][info][gc          ] GC(193) Pause Full (System.gc()) 770M->770M(5888M) 603.601ms
[66.652s][info][gc,metaspace] GC(194) Metaspace: 22377K(22848K)->22377K(22848K) NonClass: 19847K(20096K)->19847K(20096K) Class: 2529K(2752K)->2529K(2752K)
[66.652s][info][gc          ] GC(194) Pause Young (System.gc()) 770M->770M(5888M) 0.468ms
[67.245s][info][gc,metaspace] GC(195) Metaspace: 22377K(22848K)->22377K(22848K) NonClass: 19847K(20096K)->19847K(20096K) Class: 2529K(2752K)->2529K(2752K)
[67.245s][info][gc          ] GC(195) Pause Full (System.gc()) 770M->770M(5888M) 592.765ms
[67.246s][info][gc,metaspace] GC(196) Metaspace: 22377K(22848K)->22377K(22848K) NonClass: 19847K(20096K)->19847K(20096K) Class: 2529K(2752K)->2529K(2752K)
[67.246s][info][gc          ] GC(196) Pause Young (System.gc()) 770M->770M(5888M) 0.796ms
[67.849s][info][gc,metaspace] GC(197) Metaspace: 22377K(22848K)->22377K(22848K) NonClass: 19847K(20096K)->19847K(20096K) Class: 2529K(2752K)->2529K(2752K)
[67.849s][info][gc          ] GC(197) Pause Full (System.gc()) 770M->770M(5888M) 602.873ms
[67.850s][info][gc,metaspace] GC(198) Metaspace: 22377K(22848K)->22377K(22848K) NonClass: 19847K(20096K)->19847K(20096K) Class: 2529K(2752K)->2529K(2752K)
[67.850s][info][gc          ] GC(198) Pause Young (System.gc()) 770M->770M(5888M) 0.736ms
[68.455s][info][gc,metaspace] GC(199) Metaspace: 22377K(22848K)->22377K(22848K) NonClass: 19847K(20096K)->19847K(20096K) Class: 2529K(2752K)->2529K(2752K)
[68.455s][info][gc          ] GC(199) Pause Full (System.gc()) 770M->770M(5888M) 605.439ms
[68.456s][info][gc,metaspace] GC(200) Metaspace: 22377K(22848K)->22377K(22848K) NonClass: 19847K(20096K)->19847K(20096K) Class: 2529K(2752K)->2529K(2752K)
[68.456s][info][gc          ] GC(200) Pause Young (System.gc()) 770M->770M(5888M) 0.474ms
[69.063s][info][gc,metaspace] GC(201) Metaspace: 22377K(22848K)->22377K(22848K) NonClass: 19847K(20096K)->19847K(20096K) Class: 2529K(2752K)->2529K(2752K)
[69.063s][info][gc          ] GC(201) Pause Full (System.gc()) 770M->770M(5888M) 607.333ms
After GCs... 
