Done; will start GCs... 
[4.437s][info][gc,metaspace] GC(1) Metaspace: 22047K(22400K)->22047K(22400K) NonClass: 18232K(18432K)->18232K(18432K) Class: 3814K(3968K)->3814K(3968K)
[4.437s][info][gc          ] GC(1) Pause Full (System.gc()) 873M->770M(5888M) 626.540ms
[4.822s][info][gc,metaspace] GC(2) Metaspace: 22047K(22400K)->22047K(22400K) NonClass: 18232K(18432K)->18232K(18432K) Class: 3814K(3968K)->3814K(3968K)
[4.822s][info][gc          ] GC(2) Pause Full (System.gc()) 770M->770M(5888M) 384.723ms
[5.208s][info][gc,metaspace] GC(3) Metaspace: 22047K(22400K)->22047K(22400K) NonClass: 18232K(18432K)->18232K(18432K) Class: 3814K(3968K)->3814K(3968K)
[5.208s][info][gc          ] GC(3) Pause Full (System.gc()) 770M->770M(5888M) 385.992ms
[5.601s][info][gc,metaspace] GC(4) Metaspace: 22047K(22400K)->22047K(22400K) NonClass: 18232K(18432K)->18232K(18432K) Class: 3814K(3968K)->3814K(3968K)
[5.601s][info][gc          ] GC(4) Pause Full (System.gc()) 770M->770M(5888M) 392.520ms
[5.993s][info][gc,metaspace] GC(5) Metaspace: 22047K(22400K)->22047K(22400K) NonClass: 18232K(18432K)->18232K(18432K) Class: 3814K(3968K)->3814K(3968K)
[5.993s][info][gc          ] GC(5) Pause Full (System.gc()) 770M->770M(5888M) 391.877ms
[6.422s][info][gc,metaspace] GC(6) Metaspace: 22047K(22400K)->22047K(22400K) NonClass: 18232K(18432K)->18232K(18432K) Class: 3814K(3968K)->3814K(3968K)
[6.422s][info][gc          ] GC(6) Pause Full (System.gc()) 770M->770M(5888M) 428.595ms
[6.804s][info][gc,metaspace] GC(7) Metaspace: 22047K(22400K)->22047K(22400K) NonClass: 18232K(18432K)->18232K(18432K) Class: 3814K(3968K)->3814K(3968K)
[6.804s][info][gc          ] GC(7) Pause Full (System.gc()) 770M->770M(5888M) 382.412ms
[7.296s][info][gc,metaspace] GC(8) Metaspace: 22047K(22400K)->22047K(22400K) NonClass: 18232K(18432K)->18232K(18432K) Class: 3814K(3968K)->3814K(3968K)
[7.296s][info][gc          ] GC(8) Pause Full (System.gc()) 770M->770M(5888M) 491.929ms
[7.694s][info][gc,metaspace] GC(9) Metaspace: 22047K(22400K)->22047K(22400K) NonClass: 18232K(18432K)->18232K(18432K) Class: 3814K(3968K)->3814K(3968K)
[7.694s][info][gc          ] GC(9) Pause Full (System.gc()) 770M->770M(5888M) 397.683ms
[8.080s][info][gc,metaspace] GC(10) Metaspace: 22048K(22400K)->22048K(22400K) NonClass: 18233K(18432K)->18233K(18432K) Class: 3814K(3968K)->3814K(3968K)
[8.080s][info][gc          ] GC(10) Pause Full (System.gc()) 770M->770M(5888M) 385.691ms
[8.471s][info][gc,metaspace] GC(11) Metaspace: 22048K(22400K)->22048K(22400K) NonClass: 18233K(18432K)->18233K(18432K) Class: 3814K(3968K)->3814K(3968K)
[8.471s][info][gc          ] GC(11) Pause Full (System.gc()) 770M->770M(5888M) 391.550ms
[8.864s][info][gc,metaspace] GC(12) Metaspace: 22048K(22400K)->22048K(22400K) NonClass: 18233K(18432K)->18233K(18432K) Class: 3814K(3968K)->3814K(3968K)
[8.864s][info][gc          ] GC(12) Pause Full (System.gc()) 770M->770M(5888M) 392.410ms
[9.263s][info][gc,metaspace] GC(13) Metaspace: 22048K(22400K)->22048K(22400K) NonClass: 18233K(18432K)->18233K(18432K) Class: 3814K(3968K)->3814K(3968K)
[9.263s][info][gc          ] GC(13) Pause Full (System.gc()) 770M->770M(5888M) 398.678ms
[9.651s][info][gc,metaspace] GC(14) Metaspace: 22048K(22400K)->22048K(22400K) NonClass: 18233K(18432K)->18233K(18432K) Class: 3814K(3968K)->3814K(3968K)
[9.651s][info][gc          ] GC(14) Pause Full (System.gc()) 770M->770M(5888M) 387.881ms
[10.034s][info][gc,metaspace] GC(15) Metaspace: 22048K(22400K)->22048K(22400K) NonClass: 18233K(18432K)->18233K(18432K) Class: 3814K(3968K)->3814K(3968K)
[10.034s][info][gc          ] GC(15) Pause Full (System.gc()) 770M->770M(5888M) 383.791ms
[10.422s][info][gc,metaspace] GC(16) Metaspace: 22048K(22400K)->22048K(22400K) NonClass: 18233K(18432K)->18233K(18432K) Class: 3814K(3968K)->3814K(3968K)
[10.422s][info][gc          ] GC(16) Pause Full (System.gc()) 770M->770M(5888M) 387.324ms
[10.811s][info][gc,metaspace] GC(17) Metaspace: 22048K(22400K)->22048K(22400K) NonClass: 18233K(18432K)->18233K(18432K) Class: 3814K(3968K)->3814K(3968K)
[10.811s][info][gc          ] GC(17) Pause Full (System.gc()) 770M->770M(5888M) 388.968ms
[11.295s][info][gc,metaspace] GC(18) Metaspace: 22048K(22400K)->22048K(22400K) NonClass: 18233K(18432K)->18233K(18432K) Class: 3814K(3968K)->3814K(3968K)
[11.296s][info][gc          ] GC(18) Pause Full (System.gc()) 770M->770M(5888M) 484.359ms
[11.684s][info][gc,metaspace] GC(19) Metaspace: 22048K(22400K)->22048K(22400K) NonClass: 18233K(18432K)->18233K(18432K) Class: 3814K(3968K)->3814K(3968K)
[11.684s][info][gc          ] GC(19) Pause Full (System.gc()) 770M->770M(5888M) 388.098ms
[12.065s][info][gc,metaspace] GC(20) Metaspace: 22048K(22400K)->22048K(22400K) NonClass: 18233K(18432K)->18233K(18432K) Class: 3814K(3968K)->3814K(3968K)
[12.065s][info][gc          ] GC(20) Pause Full (System.gc()) 770M->770M(5888M) 381.296ms
[12.461s][info][gc,metaspace] GC(21) Metaspace: 22048K(22400K)->22048K(22400K) NonClass: 18233K(18432K)->18233K(18432K) Class: 3814K(3968K)->3814K(3968K)
[12.461s][info][gc          ] GC(21) Pause Full (System.gc()) 770M->770M(5888M) 396.235ms
[12.854s][info][gc,metaspace] GC(22) Metaspace: 22048K(22400K)->22048K(22400K) NonClass: 18233K(18432K)->18233K(18432K) Class: 3814K(3968K)->3814K(3968K)
[12.854s][info][gc          ] GC(22) Pause Full (System.gc()) 770M->770M(5888M) 392.451ms
[13.256s][info][gc,metaspace] GC(23) Metaspace: 22048K(22400K)->22048K(22400K) NonClass: 18233K(18432K)->18233K(18432K) Class: 3814K(3968K)->3814K(3968K)
[13.256s][info][gc          ] GC(23) Pause Full (System.gc()) 770M->770M(5888M) 401.916ms
[13.643s][info][gc,metaspace] GC(24) Metaspace: 22048K(22400K)->22048K(22400K) NonClass: 18233K(18432K)->18233K(18432K) Class: 3814K(3968K)->3814K(3968K)
[13.643s][info][gc          ] GC(24) Pause Full (System.gc()) 770M->770M(5888M) 387.213ms
[14.025s][info][gc,metaspace] GC(25) Metaspace: 22048K(22400K)->22048K(22400K) NonClass: 18233K(18432K)->18233K(18432K) Class: 3814K(3968K)->3814K(3968K)
[14.025s][info][gc          ] GC(25) Pause Full (System.gc()) 770M->770M(5888M) 381.161ms
[14.421s][info][gc,metaspace] GC(26) Metaspace: 22048K(22400K)->22048K(22400K) NonClass: 18233K(18432K)->18233K(18432K) Class: 3814K(3968K)->3814K(3968K)
[14.421s][info][gc          ] GC(26) Pause Full (System.gc()) 770M->770M(5888M) 396.521ms
[14.805s][info][gc,metaspace] GC(27) Metaspace: 22048K(22400K)->22048K(22400K) NonClass: 18233K(18432K)->18233K(18432K) Class: 3814K(3968K)->3814K(3968K)
[14.805s][info][gc          ] GC(27) Pause Full (System.gc()) 770M->770M(5888M) 383.603ms
[15.227s][info][gc,metaspace] GC(28) Metaspace: 22048K(22400K)->22048K(22400K) NonClass: 18233K(18432K)->18233K(18432K) Class: 3814K(3968K)->3814K(3968K)
[15.228s][info][gc          ] GC(28) Pause Full (System.gc()) 770M->770M(5888M) 422.628ms
[15.615s][info][gc,metaspace] GC(29) Metaspace: 22048K(22400K)->22048K(22400K) NonClass: 18233K(18432K)->18233K(18432K) Class: 3814K(3968K)->3814K(3968K)
[15.615s][info][gc          ] GC(29) Pause Full (System.gc()) 770M->770M(5888M) 387.704ms
[16.000s][info][gc,metaspace] GC(30) Metaspace: 22048K(22400K)->22048K(22400K) NonClass: 18233K(18432K)->18233K(18432K) Class: 3814K(3968K)->3814K(3968K)
[16.000s][info][gc          ] GC(30) Pause Full (System.gc()) 770M->770M(5888M) 380.814ms
[16.413s][info][gc,metaspace] GC(31) Metaspace: 22048K(22400K)->22048K(22400K) NonClass: 18233K(18432K)->18233K(18432K) Class: 3814K(3968K)->3814K(3968K)
[16.413s][info][gc          ] GC(31) Pause Full (System.gc()) 770M->770M(5888M) 412.368ms
[16.797s][info][gc,metaspace] GC(32) Metaspace: 22048K(22400K)->22048K(22400K) NonClass: 18233K(18432K)->18233K(18432K) Class: 3814K(3968K)->3814K(3968K)
[16.797s][info][gc          ] GC(32) Pause Full (System.gc()) 770M->770M(5888M) 384.096ms
[17.225s][info][gc,metaspace] GC(33) Metaspace: 22048K(22400K)->22048K(22400K) NonClass: 18233K(18432K)->18233K(18432K) Class: 3814K(3968K)->3814K(3968K)
[17.225s][info][gc          ] GC(33) Pause Full (System.gc()) 770M->770M(5888M) 427.669ms
[17.625s][info][gc,metaspace] GC(34) Metaspace: 22048K(22400K)->22048K(22400K) NonClass: 18233K(18432K)->18233K(18432K) Class: 3814K(3968K)->3814K(3968K)
[17.625s][info][gc          ] GC(34) Pause Full (System.gc()) 770M->770M(5888M) 400.193ms
[18.022s][info][gc,metaspace] GC(35) Metaspace: 22048K(22400K)->22048K(22400K) NonClass: 18233K(18432K)->18233K(18432K) Class: 3814K(3968K)->3814K(3968K)
[18.022s][info][gc          ] GC(35) Pause Full (System.gc()) 770M->770M(5888M) 396.764ms
[18.421s][info][gc,metaspace] GC(36) Metaspace: 22048K(22400K)->22048K(22400K) NonClass: 18233K(18432K)->18233K(18432K) Class: 3814K(3968K)->3814K(3968K)
[18.421s][info][gc          ] GC(36) Pause Full (System.gc()) 770M->770M(5888M) 398.979ms
[18.803s][info][gc,metaspace] GC(37) Metaspace: 22048K(22400K)->22048K(22400K) NonClass: 18233K(18432K)->18233K(18432K) Class: 3814K(3968K)->3814K(3968K)
[18.803s][info][gc          ] GC(37) Pause Full (System.gc()) 770M->770M(5888M) 381.929ms
[19.227s][info][gc,metaspace] GC(38) Metaspace: 22048K(22400K)->22048K(22400K) NonClass: 18233K(18432K)->18233K(18432K) Class: 3814K(3968K)->3814K(3968K)
[19.228s][info][gc          ] GC(38) Pause Full (System.gc()) 770M->770M(5888M) 424.475ms
[19.610s][info][gc,metaspace] GC(39) Metaspace: 22048K(22400K)->22048K(22400K) NonClass: 18233K(18432K)->18233K(18432K) Class: 3814K(3968K)->3814K(3968K)
[19.610s][info][gc          ] GC(39) Pause Full (System.gc()) 770M->770M(5888M) 382.868ms
[20.014s][info][gc,metaspace] GC(40) Metaspace: 22048K(22400K)->22048K(22400K) NonClass: 18233K(18432K)->18233K(18432K) Class: 3814K(3968K)->3814K(3968K)
[20.014s][info][gc          ] GC(40) Pause Full (System.gc()) 770M->770M(5888M) 403.592ms
[20.419s][info][gc,metaspace] GC(41) Metaspace: 22048K(22400K)->22048K(22400K) NonClass: 18233K(18432K)->18233K(18432K) Class: 3814K(3968K)->3814K(3968K)
[20.419s][info][gc          ] GC(41) Pause Full (System.gc()) 770M->770M(5888M) 404.859ms
[20.811s][info][gc,metaspace] GC(42) Metaspace: 22048K(22400K)->22048K(22400K) NonClass: 18233K(18432K)->18233K(18432K) Class: 3814K(3968K)->3814K(3968K)
[20.811s][info][gc          ] GC(42) Pause Full (System.gc()) 770M->770M(5888M) 391.488ms
[21.227s][info][gc,metaspace] GC(43) Metaspace: 22048K(22400K)->22048K(22400K) NonClass: 18233K(18432K)->18233K(18432K) Class: 3814K(3968K)->3814K(3968K)
[21.227s][info][gc          ] GC(43) Pause Full (System.gc()) 770M->770M(5888M) 412.468ms
[21.614s][info][gc,metaspace] GC(44) Metaspace: 22048K(22400K)->22048K(22400K) NonClass: 18233K(18432K)->18233K(18432K) Class: 3814K(3968K)->3814K(3968K)
[21.614s][info][gc          ] GC(44) Pause Full (System.gc()) 770M->770M(5888M) 386.310ms
[22.000s][info][gc,metaspace] GC(45) Metaspace: 22048K(22400K)->22048K(22400K) NonClass: 18233K(18432K)->18233K(18432K) Class: 3814K(3968K)->3814K(3968K)
[22.000s][info][gc          ] GC(45) Pause Full (System.gc()) 770M->770M(5888M) 385.682ms
[22.392s][info][gc,metaspace] GC(46) Metaspace: 22048K(22400K)->22048K(22400K) NonClass: 18233K(18432K)->18233K(18432K) Class: 3814K(3968K)->3814K(3968K)
[22.392s][info][gc          ] GC(46) Pause Full (System.gc()) 770M->770M(5888M) 392.703ms
[22.778s][info][gc,metaspace] GC(47) Metaspace: 22048K(22400K)->22048K(22400K) NonClass: 18233K(18432K)->18233K(18432K) Class: 3814K(3968K)->3814K(3968K)
[22.778s][info][gc          ] GC(47) Pause Full (System.gc()) 770M->770M(5888M) 385.269ms
[23.206s][info][gc,metaspace] GC(48) Metaspace: 22048K(22400K)->22048K(22400K) NonClass: 18233K(18432K)->18233K(18432K) Class: 3814K(3968K)->3814K(3968K)
[23.206s][info][gc          ] GC(48) Pause Full (System.gc()) 770M->770M(5888M) 428.013ms
[23.601s][info][gc,metaspace] GC(49) Metaspace: 22048K(22400K)->22048K(22400K) NonClass: 18233K(18432K)->18233K(18432K) Class: 3814K(3968K)->3814K(3968K)
[23.601s][info][gc          ] GC(49) Pause Full (System.gc()) 770M->770M(5888M) 394.945ms
[23.991s][info][gc,metaspace] GC(50) Metaspace: 22048K(22400K)->22048K(22400K) NonClass: 18233K(18432K)->18233K(18432K) Class: 3814K(3968K)->3814K(3968K)
[23.991s][info][gc          ] GC(50) Pause Full (System.gc()) 770M->770M(5888M) 389.641ms
[24.376s][info][gc,metaspace] GC(51) Metaspace: 22048K(22400K)->22048K(22400K) NonClass: 18233K(18432K)->18233K(18432K) Class: 3814K(3968K)->3814K(3968K)
[24.376s][info][gc          ] GC(51) Pause Full (System.gc()) 770M->770M(5888M) 385.391ms
[24.772s][info][gc,metaspace] GC(52) Metaspace: 22048K(22400K)->22048K(22400K) NonClass: 18233K(18432K)->18233K(18432K) Class: 3814K(3968K)->3814K(3968K)
[24.772s][info][gc          ] GC(52) Pause Full (System.gc()) 770M->770M(5888M) 396.183ms
[25.195s][info][gc,metaspace] GC(53) Metaspace: 22048K(22400K)->22048K(22400K) NonClass: 18233K(18432K)->18233K(18432K) Class: 3814K(3968K)->3814K(3968K)
[25.195s][info][gc          ] GC(53) Pause Full (System.gc()) 770M->770M(5888M) 422.736ms
[25.583s][info][gc,metaspace] GC(54) Metaspace: 22048K(22400K)->22048K(22400K) NonClass: 18233K(18432K)->18233K(18432K) Class: 3814K(3968K)->3814K(3968K)
[25.583s][info][gc          ] GC(54) Pause Full (System.gc()) 770M->770M(5888M) 387.985ms
[25.962s][info][gc,metaspace] GC(55) Metaspace: 22048K(22400K)->22048K(22400K) NonClass: 18233K(18432K)->18233K(18432K) Class: 3814K(3968K)->3814K(3968K)
[25.963s][info][gc          ] GC(55) Pause Full (System.gc()) 770M->770M(5888M) 379.306ms
[26.369s][info][gc,metaspace] GC(56) Metaspace: 22048K(22400K)->22048K(22400K) NonClass: 18233K(18432K)->18233K(18432K) Class: 3814K(3968K)->3814K(3968K)
[26.369s][info][gc          ] GC(56) Pause Full (System.gc()) 770M->770M(5888M) 402.442ms
[26.763s][info][gc,metaspace] GC(57) Metaspace: 22048K(22400K)->22048K(22400K) NonClass: 18233K(18432K)->18233K(18432K) Class: 3814K(3968K)->3814K(3968K)
[26.763s][info][gc          ] GC(57) Pause Full (System.gc()) 770M->770M(5888M) 394.066ms
[27.188s][info][gc,metaspace] GC(58) Metaspace: 22048K(22400K)->22048K(22400K) NonClass: 18233K(18432K)->18233K(18432K) Class: 3814K(3968K)->3814K(3968K)
[27.189s][info][gc          ] GC(58) Pause Full (System.gc()) 770M->770M(5888M) 425.026ms
[27.580s][info][gc,metaspace] GC(59) Metaspace: 22048K(22400K)->22048K(22400K) NonClass: 18233K(18432K)->18233K(18432K) Class: 3814K(3968K)->3814K(3968K)
[27.580s][info][gc          ] GC(59) Pause Full (System.gc()) 770M->770M(5888M) 391.441ms
[27.968s][info][gc,metaspace] GC(60) Metaspace: 22048K(22400K)->22048K(22400K) NonClass: 18233K(18432K)->18233K(18432K) Class: 3814K(3968K)->3814K(3968K)
[27.968s][info][gc          ] GC(60) Pause Full (System.gc()) 770M->770M(5888M) 387.900ms
[28.401s][info][gc,metaspace] GC(61) Metaspace: 22048K(22400K)->22048K(22400K) NonClass: 18233K(18432K)->18233K(18432K) Class: 3814K(3968K)->3814K(3968K)
[28.401s][info][gc          ] GC(61) Pause Full (System.gc()) 770M->770M(5888M) 433.294ms
[28.783s][info][gc,metaspace] GC(62) Metaspace: 22048K(22400K)->22048K(22400K) NonClass: 18233K(18432K)->18233K(18432K) Class: 3814K(3968K)->3814K(3968K)
[28.783s][info][gc          ] GC(62) Pause Full (System.gc()) 770M->770M(5888M) 381.856ms
[29.201s][info][gc,metaspace] GC(63) Metaspace: 22048K(22400K)->22048K(22400K) NonClass: 18233K(18432K)->18233K(18432K) Class: 3814K(3968K)->3814K(3968K)
[29.201s][info][gc          ] GC(63) Pause Full (System.gc()) 770M->770M(5888M) 417.253ms
[29.603s][info][gc,metaspace] GC(64) Metaspace: 22048K(22400K)->22048K(22400K) NonClass: 18233K(18432K)->18233K(18432K) Class: 3814K(3968K)->3814K(3968K)
[29.603s][info][gc          ] GC(64) Pause Full (System.gc()) 770M->770M(5888M) 402.223ms
[29.998s][info][gc,metaspace] GC(65) Metaspace: 22048K(22400K)->22048K(22400K) NonClass: 18233K(18432K)->18233K(18432K) Class: 3814K(3968K)->3814K(3968K)
[29.998s][info][gc          ] GC(65) Pause Full (System.gc()) 770M->770M(5888M) 395.048ms
[30.395s][info][gc,metaspace] GC(66) Metaspace: 22048K(22400K)->22048K(22400K) NonClass: 18233K(18432K)->18233K(18432K) Class: 3814K(3968K)->3814K(3968K)
[30.395s][info][gc          ] GC(66) Pause Full (System.gc()) 770M->770M(5888M) 396.861ms
[30.776s][info][gc,metaspace] GC(67) Metaspace: 22048K(22400K)->22048K(22400K) NonClass: 18233K(18432K)->18233K(18432K) Class: 3814K(3968K)->3814K(3968K)
[30.776s][info][gc          ] GC(67) Pause Full (System.gc()) 770M->770M(5888M) 381.066ms
[31.195s][info][gc,metaspace] GC(68) Metaspace: 22048K(22400K)->22048K(22400K) NonClass: 18233K(18432K)->18233K(18432K) Class: 3814K(3968K)->3814K(3968K)
[31.195s][info][gc          ] GC(68) Pause Full (System.gc()) 770M->770M(5888M) 418.591ms
[31.601s][info][gc,metaspace] GC(69) Metaspace: 22048K(22400K)->22048K(22400K) NonClass: 18233K(18432K)->18233K(18432K) Class: 3814K(3968K)->3814K(3968K)
[31.601s][info][gc          ] GC(69) Pause Full (System.gc()) 770M->770M(5888M) 402.200ms
[31.990s][info][gc,metaspace] GC(70) Metaspace: 22048K(22400K)->22048K(22400K) NonClass: 18233K(18432K)->18233K(18432K) Class: 3814K(3968K)->3814K(3968K)
[31.990s][info][gc          ] GC(70) Pause Full (System.gc()) 770M->770M(5888M) 388.177ms
[32.371s][info][gc,metaspace] GC(71) Metaspace: 22048K(22400K)->22048K(22400K) NonClass: 18233K(18432K)->18233K(18432K) Class: 3814K(3968K)->3814K(3968K)
[32.371s][info][gc          ] GC(71) Pause Full (System.gc()) 770M->770M(5888M) 381.317ms
[32.758s][info][gc,metaspace] GC(72) Metaspace: 22048K(22400K)->22048K(22400K) NonClass: 18233K(18432K)->18233K(18432K) Class: 3814K(3968K)->3814K(3968K)
[32.758s][info][gc          ] GC(72) Pause Full (System.gc()) 770M->770M(5888M) 386.876ms
[33.191s][info][gc,metaspace] GC(73) Metaspace: 22048K(22400K)->22048K(22400K) NonClass: 18233K(18432K)->18233K(18432K) Class: 3814K(3968K)->3814K(3968K)
[33.191s][info][gc          ] GC(73) Pause Full (System.gc()) 770M->770M(5888M) 432.859ms
[33.595s][info][gc,metaspace] GC(74) Metaspace: 22048K(22400K)->22048K(22400K) NonClass: 18233K(18432K)->18233K(18432K) Class: 3814K(3968K)->3814K(3968K)
[33.595s][info][gc          ] GC(74) Pause Full (System.gc()) 770M->770M(5888M) 404.397ms
[33.985s][info][gc,metaspace] GC(75) Metaspace: 22048K(22400K)->22048K(22400K) NonClass: 18233K(18432K)->18233K(18432K) Class: 3814K(3968K)->3814K(3968K)
[33.985s][info][gc          ] GC(75) Pause Full (System.gc()) 770M->770M(5888M) 389.643ms
[34.369s][info][gc,metaspace] GC(76) Metaspace: 22048K(22400K)->22048K(22400K) NonClass: 18233K(18432K)->18233K(18432K) Class: 3814K(3968K)->3814K(3968K)
[34.369s][info][gc          ] GC(76) Pause Full (System.gc()) 770M->770M(5888M) 383.335ms
[34.760s][info][gc,metaspace] GC(77) Metaspace: 22048K(22400K)->22048K(22400K) NonClass: 18233K(18432K)->18233K(18432K) Class: 3814K(3968K)->3814K(3968K)
[34.760s][info][gc          ] GC(77) Pause Full (System.gc()) 770M->770M(5888M) 391.035ms
[35.184s][info][gc,metaspace] GC(78) Metaspace: 22048K(22400K)->22048K(22400K) NonClass: 18233K(18432K)->18233K(18432K) Class: 3814K(3968K)->3814K(3968K)
[35.184s][info][gc          ] GC(78) Pause Full (System.gc()) 770M->770M(5888M) 424.079ms
[35.572s][info][gc,metaspace] GC(79) Metaspace: 22048K(22400K)->22048K(22400K) NonClass: 18233K(18432K)->18233K(18432K) Class: 3814K(3968K)->3814K(3968K)
[35.572s][info][gc          ] GC(79) Pause Full (System.gc()) 770M->770M(5888M) 388.581ms
[35.958s][info][gc,metaspace] GC(80) Metaspace: 22048K(22400K)->22048K(22400K) NonClass: 18233K(18432K)->18233K(18432K) Class: 3814K(3968K)->3814K(3968K)
[35.958s][info][gc          ] GC(80) Pause Full (System.gc()) 770M->770M(5888M) 385.789ms
[36.352s][info][gc,metaspace] GC(81) Metaspace: 22048K(22400K)->22048K(22400K) NonClass: 18233K(18432K)->18233K(18432K) Class: 3814K(3968K)->3814K(3968K)
[36.352s][info][gc          ] GC(81) Pause Full (System.gc()) 770M->770M(5888M) 393.433ms
[36.747s][info][gc,metaspace] GC(82) Metaspace: 22048K(22400K)->22048K(22400K) NonClass: 18233K(18432K)->18233K(18432K) Class: 3814K(3968K)->3814K(3968K)
[36.747s][info][gc          ] GC(82) Pause Full (System.gc()) 770M->770M(5888M) 390.650ms
[37.171s][info][gc,metaspace] GC(83) Metaspace: 22048K(22400K)->22048K(22400K) NonClass: 18233K(18432K)->18233K(18432K) Class: 3814K(3968K)->3814K(3968K)
[37.171s][info][gc          ] GC(83) Pause Full (System.gc()) 770M->770M(5888M) 424.368ms
[37.631s][info][gc,metaspace] GC(84) Metaspace: 22048K(22400K)->22048K(22400K) NonClass: 18233K(18432K)->18233K(18432K) Class: 3814K(3968K)->3814K(3968K)
[37.631s][info][gc          ] GC(84) Pause Full (System.gc()) 770M->770M(5888M) 459.945ms
[38.036s][info][gc,metaspace] GC(85) Metaspace: 22048K(22400K)->22048K(22400K) NonClass: 18233K(18432K)->18233K(18432K) Class: 3814K(3968K)->3814K(3968K)
[38.036s][info][gc          ] GC(85) Pause Full (System.gc()) 770M->770M(5888M) 404.869ms
[38.422s][info][gc,metaspace] GC(86) Metaspace: 22048K(22400K)->22048K(22400K) NonClass: 18233K(18432K)->18233K(18432K) Class: 3814K(3968K)->3814K(3968K)
[38.422s][info][gc          ] GC(86) Pause Full (System.gc()) 770M->770M(5888M) 385.584ms
[38.812s][info][gc,metaspace] GC(87) Metaspace: 22048K(22400K)->22048K(22400K) NonClass: 18233K(18432K)->18233K(18432K) Class: 3814K(3968K)->3814K(3968K)
[38.812s][info][gc          ] GC(87) Pause Full (System.gc()) 770M->770M(5888M) 389.530ms
[39.294s][info][gc,metaspace] GC(88) Metaspace: 22048K(22400K)->22048K(22400K) NonClass: 18233K(18432K)->18233K(18432K) Class: 3814K(3968K)->3814K(3968K)
[39.294s][info][gc          ] GC(88) Pause Full (System.gc()) 770M->770M(5888M) 482.801ms
[39.689s][info][gc,metaspace] GC(89) Metaspace: 22048K(22400K)->22048K(22400K) NonClass: 18233K(18432K)->18233K(18432K) Class: 3814K(3968K)->3814K(3968K)
[39.689s][info][gc          ] GC(89) Pause Full (System.gc()) 770M->770M(5888M) 394.721ms
[40.082s][info][gc,metaspace] GC(90) Metaspace: 22048K(22400K)->22048K(22400K) NonClass: 18233K(18432K)->18233K(18432K) Class: 3814K(3968K)->3814K(3968K)
[40.082s][info][gc          ] GC(90) Pause Full (System.gc()) 770M->770M(5888M) 392.403ms
[40.496s][info][gc,metaspace] GC(91) Metaspace: 22048K(22400K)->22048K(22400K) NonClass: 18233K(18432K)->18233K(18432K) Class: 3814K(3968K)->3814K(3968K)
[40.496s][info][gc          ] GC(91) Pause Full (System.gc()) 770M->770M(5888M) 414.083ms
[40.881s][info][gc,metaspace] GC(92) Metaspace: 22048K(22400K)->22048K(22400K) NonClass: 18233K(18432K)->18233K(18432K) Class: 3814K(3968K)->3814K(3968K)
[40.881s][info][gc          ] GC(92) Pause Full (System.gc()) 770M->770M(5888M) 384.658ms
[41.281s][info][gc,metaspace] GC(93) Metaspace: 22048K(22400K)->22048K(22400K) NonClass: 18233K(18432K)->18233K(18432K) Class: 3814K(3968K)->3814K(3968K)
[41.281s][info][gc          ] GC(93) Pause Full (System.gc()) 770M->770M(5888M) 400.532ms
[41.676s][info][gc,metaspace] GC(94) Metaspace: 22048K(22400K)->22048K(22400K) NonClass: 18233K(18432K)->18233K(18432K) Class: 3814K(3968K)->3814K(3968K)
[41.676s][info][gc          ] GC(94) Pause Full (System.gc()) 770M->770M(5888M) 394.576ms
[42.063s][info][gc,metaspace] GC(95) Metaspace: 22048K(22400K)->22048K(22400K) NonClass: 18233K(18432K)->18233K(18432K) Class: 3814K(3968K)->3814K(3968K)
[42.063s][info][gc          ] GC(95) Pause Full (System.gc()) 770M->770M(5888M) 382.804ms
[42.466s][info][gc,metaspace] GC(96) Metaspace: 22048K(22400K)->22048K(22400K) NonClass: 18233K(18432K)->18233K(18432K) Class: 3814K(3968K)->3814K(3968K)
[42.466s][info][gc          ] GC(96) Pause Full (System.gc()) 770M->770M(5888M) 403.367ms
[42.860s][info][gc,metaspace] GC(97) Metaspace: 22048K(22400K)->22048K(22400K) NonClass: 18233K(18432K)->18233K(18432K) Class: 3814K(3968K)->3814K(3968K)
[42.860s][info][gc          ] GC(97) Pause Full (System.gc()) 770M->770M(5888M) 393.832ms
[43.313s][info][gc,metaspace] GC(98) Metaspace: 22048K(22400K)->22048K(22400K) NonClass: 18233K(18432K)->18233K(18432K) Class: 3814K(3968K)->3814K(3968K)
[43.313s][info][gc          ] GC(98) Pause Full (System.gc()) 770M->770M(5888M) 452.622ms
[43.705s][info][gc,metaspace] GC(99) Metaspace: 22048K(22400K)->22048K(22400K) NonClass: 18233K(18432K)->18233K(18432K) Class: 3814K(3968K)->3814K(3968K)
[43.705s][info][gc          ] GC(99) Pause Full (System.gc()) 770M->770M(5888M) 392.150ms
[44.109s][info][gc,metaspace] GC(100) Metaspace: 22048K(22400K)->22048K(22400K) NonClass: 18233K(18432K)->18233K(18432K) Class: 3814K(3968K)->3814K(3968K)
[44.109s][info][gc          ] GC(100) Pause Full (System.gc()) 770M->770M(5888M) 403.282ms
After GCs... 
