Done; will start GCs... 
[26.821s][info][gc,metaspace] GC(12) Metaspace: 12603K(13056K)->12603K(13056K) NonClass: 10432K(10624K)->10432K(10624K) Class: 2170K(2432K)->2170K(2432K)
[26.821s][info][gc          ] GC(12) Pause Full (System.gc()) 1670M->1638M(5939M) 4561.640ms
[30.299s][info][gc,metaspace] GC(13) Metaspace: 12603K(13056K)->12603K(13056K) NonClass: 10432K(10624K)->10432K(10624K) Class: 2170K(2432K)->2170K(2432K)
[30.299s][info][gc          ] GC(13) Pause Full (System.gc()) 1638M->1638M(5939M) 3478.201ms
[33.722s][info][gc,metaspace] GC(14) Metaspace: 12603K(13056K)->12603K(13056K) NonClass: 10432K(10624K)->10432K(10624K) Class: 2170K(2432K)->2170K(2432K)
[33.722s][info][gc          ] GC(14) Pause Full (System.gc()) 1638M->1638M(5939M) 3422.955ms
[37.199s][info][gc,metaspace] GC(15) Metaspace: 12603K(13056K)->12603K(13056K) NonClass: 10432K(10624K)->10432K(10624K) Class: 2170K(2432K)->2170K(2432K)
[37.199s][info][gc          ] GC(15) Pause Full (System.gc()) 1638M->1638M(5939M) 3476.354ms
[40.629s][info][gc,metaspace] GC(16) Metaspace: 12603K(13056K)->12603K(13056K) NonClass: 10432K(10624K)->10432K(10624K) Class: 2170K(2432K)->2170K(2432K)
[40.629s][info][gc          ] GC(16) Pause Full (System.gc()) 1638M->1638M(5939M) 3430.034ms
[44.103s][info][gc,metaspace] GC(17) Metaspace: 12603K(13056K)->12603K(13056K) NonClass: 10432K(10624K)->10432K(10624K) Class: 2170K(2432K)->2170K(2432K)
[44.103s][info][gc          ] GC(17) Pause Full (System.gc()) 1638M->1638M(5939M) 3473.571ms
[47.526s][info][gc,metaspace] GC(18) Metaspace: 12603K(13056K)->12603K(13056K) NonClass: 10432K(10624K)->10432K(10624K) Class: 2170K(2432K)->2170K(2432K)
[47.526s][info][gc          ] GC(18) Pause Full (System.gc()) 1638M->1638M(5939M) 3423.652ms
[50.953s][info][gc,metaspace] GC(19) Metaspace: 12603K(13056K)->12603K(13056K) NonClass: 10432K(10624K)->10432K(10624K) Class: 2170K(2432K)->2170K(2432K)
[50.954s][info][gc          ] GC(19) Pause Full (System.gc()) 1638M->1638M(5939M) 3426.883ms
[54.431s][info][gc,metaspace] GC(20) Metaspace: 12603K(13056K)->12603K(13056K) NonClass: 10432K(10624K)->10432K(10624K) Class: 2170K(2432K)->2170K(2432K)
[54.431s][info][gc          ] GC(20) Pause Full (System.gc()) 1638M->1638M(5939M) 3477.164ms
[57.851s][info][gc,metaspace] GC(21) Metaspace: 12603K(13056K)->12603K(13056K) NonClass: 10432K(10624K)->10432K(10624K) Class: 2170K(2432K)->2170K(2432K)
[57.851s][info][gc          ] GC(21) Pause Full (System.gc()) 1638M->1638M(5939M) 3420.446ms
After GCs... 
