Done; will start GCs... 
[24.918s][info][gc,metaspace] GC(12) Metaspace: 12581K(13056K)->12581K(13056K) NonClass: 10410K(10624K)->10410K(10624K) Class: 2170K(2432K)->2170K(2432K)
[24.918s][info][gc          ] GC(12) Pause Full (System.gc()) 1670M->1638M(5939M) 4399.489ms
[28.245s][info][gc,metaspace] GC(13) Metaspace: 12581K(13056K)->12581K(13056K) NonClass: 10410K(10624K)->10410K(10624K) Class: 2170K(2432K)->2170K(2432K)
[28.245s][info][gc          ] GC(13) Pause Full (System.gc()) 1638M->1638M(5939M) 3326.268ms
[31.738s][info][gc,metaspace] GC(14) Metaspace: 12581K(13056K)->12581K(13056K) NonClass: 10410K(10624K)->10410K(10624K) Class: 2170K(2432K)->2170K(2432K)
[31.738s][info][gc          ] GC(14) Pause Full (System.gc()) 1638M->1638M(5939M) 3493.437ms
[35.017s][info][gc,metaspace] GC(15) Metaspace: 12581K(13056K)->12581K(13056K) NonClass: 10410K(10624K)->10410K(10624K) Class: 2170K(2432K)->2170K(2432K)
[35.017s][info][gc          ] GC(15) Pause Full (System.gc()) 1638M->1638M(5939M) 3278.778ms
[38.351s][info][gc,metaspace] GC(16) Metaspace: 12581K(13056K)->12581K(13056K) NonClass: 10410K(10624K)->10410K(10624K) Class: 2170K(2432K)->2170K(2432K)
[38.351s][info][gc          ] GC(16) Pause Full (System.gc()) 1638M->1638M(5939M) 3333.098ms
[41.627s][info][gc,metaspace] GC(17) Metaspace: 12581K(13056K)->12581K(13056K) NonClass: 10410K(10624K)->10410K(10624K) Class: 2170K(2432K)->2170K(2432K)
[41.627s][info][gc          ] GC(17) Pause Full (System.gc()) 1638M->1638M(5939M) 3276.288ms
[44.911s][info][gc,metaspace] GC(18) Metaspace: 12581K(13056K)->12581K(13056K) NonClass: 10410K(10624K)->10410K(10624K) Class: 2170K(2432K)->2170K(2432K)
[44.911s][info][gc          ] GC(18) Pause Full (System.gc()) 1638M->1638M(5939M) 3283.927ms
[48.247s][info][gc,metaspace] GC(19) Metaspace: 12581K(13056K)->12581K(13056K) NonClass: 10410K(10624K)->10410K(10624K) Class: 2170K(2432K)->2170K(2432K)
[48.247s][info][gc          ] GC(19) Pause Full (System.gc()) 1638M->1638M(5939M) 3335.586ms
[51.742s][info][gc,metaspace] GC(20) Metaspace: 12581K(13056K)->12581K(13056K) NonClass: 10410K(10624K)->10410K(10624K) Class: 2170K(2432K)->2170K(2432K)
[51.742s][info][gc          ] GC(20) Pause Full (System.gc()) 1638M->1638M(5939M) 3494.957ms
[55.023s][info][gc,metaspace] GC(21) Metaspace: 12581K(13056K)->12581K(13056K) NonClass: 10410K(10624K)->10410K(10624K) Class: 2170K(2432K)->2170K(2432K)
[55.023s][info][gc          ] GC(21) Pause Full (System.gc()) 1638M->1638M(5939M) 3281.218ms
After GCs... 
