Done; will start GCs... 
[24.611s][info][gc,metaspace] GC(13) Metaspace: 12559K(13056K)->12559K(13056K) NonClass: 11213K(11456K)->11213K(11456K) Class: 1345K(1600K)->1345K(1600K)
[24.611s][info][gc          ] GC(13) Pause Full (System.gc()) 1875M->1843M(5939M) 4123.455ms
[27.882s][info][gc,metaspace] GC(14) Metaspace: 12559K(13056K)->12559K(13056K) NonClass: 11213K(11456K)->11213K(11456K) Class: 1345K(1600K)->1345K(1600K)
[27.882s][info][gc          ] GC(14) Pause Full (System.gc()) 1843M->1843M(5939M) 3270.734ms
[31.092s][info][gc,metaspace] GC(15) Metaspace: 12559K(13056K)->12559K(13056K) NonClass: 11213K(11456K)->11213K(11456K) Class: 1345K(1600K)->1345K(1600K)
[31.092s][info][gc          ] GC(15) Pause Full (System.gc()) 1843M->1843M(5939M) 3210.584ms
[34.305s][info][gc,metaspace] GC(16) Metaspace: 12559K(13056K)->12559K(13056K) NonClass: 11213K(11456K)->11213K(11456K) Class: 1345K(1600K)->1345K(1600K)
[34.305s][info][gc          ] GC(16) Pause Full (System.gc()) 1843M->1843M(5939M) 3212.870ms
[37.518s][info][gc,metaspace] GC(17) Metaspace: 12559K(13056K)->12559K(13056K) NonClass: 11213K(11456K)->11213K(11456K) Class: 1345K(1600K)->1345K(1600K)
[37.518s][info][gc          ] GC(17) Pause Full (System.gc()) 1843M->1843M(5939M) 3212.359ms
[40.734s][info][gc,metaspace] GC(18) Metaspace: 12559K(13056K)->12559K(13056K) NonClass: 11213K(11456K)->11213K(11456K) Class: 1345K(1600K)->1345K(1600K)
[40.734s][info][gc          ] GC(18) Pause Full (System.gc()) 1843M->1843M(5939M) 3215.759ms
[43.997s][info][gc,metaspace] GC(19) Metaspace: 12559K(13056K)->12559K(13056K) NonClass: 11213K(11456K)->11213K(11456K) Class: 1345K(1600K)->1345K(1600K)
[43.997s][info][gc          ] GC(19) Pause Full (System.gc()) 1843M->1843M(5939M) 3263.283ms
[47.209s][info][gc,metaspace] GC(20) Metaspace: 12559K(13056K)->12559K(13056K) NonClass: 11213K(11456K)->11213K(11456K) Class: 1345K(1600K)->1345K(1600K)
[47.209s][info][gc          ] GC(20) Pause Full (System.gc()) 1843M->1843M(5939M) 3211.485ms
[50.422s][info][gc,metaspace] GC(21) Metaspace: 12559K(13056K)->12559K(13056K) NonClass: 11213K(11456K)->11213K(11456K) Class: 1345K(1600K)->1345K(1600K)
[50.422s][info][gc          ] GC(21) Pause Full (System.gc()) 1843M->1843M(5939M) 3213.305ms
[53.636s][info][gc,metaspace] GC(22) Metaspace: 12559K(13056K)->12559K(13056K) NonClass: 11213K(11456K)->11213K(11456K) Class: 1345K(1600K)->1345K(1600K)
[53.636s][info][gc          ] GC(22) Pause Full (System.gc()) 1843M->1843M(5939M) 3213.975ms
After GCs... 
