Done; will start GCs... 
[74.544s][info   ][gc          ] GC(13) Major Collection (System.gc())
[74.565s][info   ][gc,metaspace] GC(13) Y: Metaspace: 86M used, 99M committed, 3200M reserved
[74.583s][info   ][gc,metaspace] GC(13) Y: Metaspace: 86M used, 99M committed, 3200M reserved
[77.042s][info   ][gc,metaspace] GC(13) O: Metaspace: 86M used, 99M committed, 3200M reserved
[77.042s][info   ][gc          ] GC(13) Major Collection (System.gc()) 2478M(40%)->2476M(40%) 2.497s
[77.042s][info   ][gc          ] GC(14) Major Collection (System.gc())
[77.061s][info   ][gc,metaspace] GC(14) Y: Metaspace: 86M used, 99M committed, 3200M reserved
[77.079s][info   ][gc,metaspace] GC(14) Y: Metaspace: 86M used, 99M committed, 3200M reserved
[79.661s][info   ][gc,metaspace] GC(14) O: Metaspace: 86M used, 99M committed, 3200M reserved
[79.661s][info   ][gc          ] GC(14) Major Collection (System.gc()) 2476M(40%)->2476M(40%) 2.620s
[79.661s][info   ][gc          ] GC(15) Major Collection (System.gc())
[79.681s][info   ][gc,metaspace] GC(15) Y: Metaspace: 86M used, 99M committed, 3200M reserved
[79.698s][info   ][gc,metaspace] GC(15) Y: Metaspace: 86M used, 99M committed, 3200M reserved
[82.029s][info   ][gc,metaspace] GC(15) O: Metaspace: 86M used, 99M committed, 3200M reserved
[82.029s][info   ][gc          ] GC(15) Major Collection (System.gc()) 2476M(40%)->2476M(40%) 2.368s
[82.029s][info   ][gc          ] GC(16) Major Collection (System.gc())
[82.049s][info   ][gc,metaspace] GC(16) Y: Metaspace: 86M used, 99M committed, 3200M reserved
[82.067s][info   ][gc,metaspace] GC(16) Y: Metaspace: 86M used, 99M committed, 3200M reserved
[84.645s][info   ][gc,metaspace] GC(16) O: Metaspace: 86M used, 99M committed, 3200M reserved
[84.645s][info   ][gc          ] GC(16) Major Collection (System.gc()) 2476M(40%)->2476M(40%) 2.616s
[84.645s][info   ][gc          ] GC(17) Major Collection (System.gc())
[84.665s][info   ][gc,metaspace] GC(17) Y: Metaspace: 86M used, 99M committed, 3200M reserved
[84.683s][info   ][gc,metaspace] GC(17) Y: Metaspace: 86M used, 99M committed, 3200M reserved
[87.034s][info   ][gc,metaspace] GC(17) O: Metaspace: 86M used, 99M committed, 3200M reserved
[87.034s][info   ][gc          ] GC(17) Major Collection (System.gc()) 2476M(40%)->2476M(40%) 2.389s
[87.034s][info   ][gc          ] GC(18) Major Collection (System.gc())
[87.053s][info   ][gc,metaspace] GC(18) Y: Metaspace: 86M used, 99M committed, 3200M reserved
[87.071s][info   ][gc,metaspace] GC(18) Y: Metaspace: 86M used, 99M committed, 3200M reserved
[89.461s][info   ][gc,metaspace] GC(18) O: Metaspace: 86M used, 99M committed, 3200M reserved
[89.461s][info   ][gc          ] GC(18) Major Collection (System.gc()) 2476M(40%)->2476M(40%) 2.427s
[89.462s][info   ][gc          ] GC(19) Major Collection (System.gc())
[89.481s][info   ][gc,metaspace] GC(19) Y: Metaspace: 86M used, 99M committed, 3200M reserved
[89.499s][info   ][gc,metaspace] GC(19) Y: Metaspace: 86M used, 99M committed, 3200M reserved
[91.841s][info   ][gc,metaspace] GC(19) O: Metaspace: 86M used, 99M committed, 3200M reserved
[91.841s][info   ][gc          ] GC(19) Major Collection (System.gc()) 2476M(40%)->2476M(40%) 2.380s
[91.841s][info   ][gc          ] GC(20) Major Collection (System.gc())
[91.861s][info   ][gc,metaspace] GC(20) Y: Metaspace: 86M used, 99M committed, 3200M reserved
[91.879s][info   ][gc,metaspace] GC(20) Y: Metaspace: 86M used, 99M committed, 3200M reserved
[94.731s][info   ][gc,metaspace] GC(20) O: Metaspace: 86M used, 99M committed, 3200M reserved
[94.731s][info   ][gc          ] GC(20) Major Collection (System.gc()) 2476M(40%)->2476M(40%) 2.890s
[94.732s][info   ][gc          ] GC(21) Major Collection (System.gc())
[94.751s][info   ][gc,metaspace] GC(21) Y: Metaspace: 86M used, 99M committed, 3200M reserved
[94.769s][info   ][gc,metaspace] GC(21) Y: Metaspace: 86M used, 99M committed, 3200M reserved
[97.117s][info   ][gc,metaspace] GC(21) O: Metaspace: 86M used, 99M committed, 3200M reserved
[97.117s][info   ][gc          ] GC(21) Major Collection (System.gc()) 2476M(40%)->2476M(40%) 2.385s
[97.117s][info   ][gc          ] GC(22) Major Collection (System.gc())
[97.136s][info   ][gc,metaspace] GC(22) Y: Metaspace: 86M used, 99M committed, 3200M reserved
[97.154s][info   ][gc,metaspace] GC(22) Y: Metaspace: 86M used, 99M committed, 3200M reserved
[99.740s][info   ][gc,metaspace] GC(22) O: Metaspace: 86M used, 99M committed, 3200M reserved
[99.740s][info   ][gc          ] GC(22) Major Collection (System.gc()) 2476M(40%)->2476M(40%) 2.623s
[99.740s][info   ][gc          ] GC(23) Major Collection (System.gc())
[99.759s][info   ][gc,metaspace] GC(23) Y: Metaspace: 86M used, 99M committed, 3200M reserved
[99.777s][info   ][gc,metaspace] GC(23) Y: Metaspace: 86M used, 99M committed, 3200M reserved
[102.118s][info   ][gc,metaspace] GC(23) O: Metaspace: 86M used, 99M committed, 3200M reserved
[102.118s][info   ][gc          ] GC(23) Major Collection (System.gc()) 2476M(40%)->2476M(40%) 2.378s
[102.118s][info   ][gc          ] GC(24) Major Collection (System.gc())
[102.138s][info   ][gc,metaspace] GC(24) Y: Metaspace: 86M used, 99M committed, 3200M reserved
[102.156s][info   ][gc,metaspace] GC(24) Y: Metaspace: 86M used, 99M committed, 3200M reserved
[104.629s][info   ][gc,metaspace] GC(24) O: Metaspace: 86M used, 99M committed, 3200M reserved
[104.629s][info   ][gc          ] GC(24) Major Collection (System.gc()) 2476M(40%)->2476M(40%) 2.511s
[104.629s][info   ][gc          ] GC(25) Major Collection (System.gc())
[104.648s][info   ][gc,metaspace] GC(25) Y: Metaspace: 86M used, 99M committed, 3200M reserved
[104.666s][info   ][gc,metaspace] GC(25) Y: Metaspace: 86M used, 99M committed, 3200M reserved
[107.280s][info   ][gc,metaspace] GC(25) O: Metaspace: 86M used, 99M committed, 3200M reserved
[107.280s][info   ][gc          ] GC(25) Major Collection (System.gc()) 2476M(40%)->2476M(40%) 2.652s
[107.280s][info   ][gc          ] GC(26) Major Collection (System.gc())
[107.300s][info   ][gc,metaspace] GC(26) Y: Metaspace: 86M used, 99M committed, 3200M reserved
[107.318s][info   ][gc,metaspace] GC(26) Y: Metaspace: 86M used, 99M committed, 3200M reserved
[109.655s][info   ][gc,metaspace] GC(26) O: Metaspace: 86M used, 99M committed, 3200M reserved
[109.655s][info   ][gc          ] GC(26) Major Collection (System.gc()) 2476M(40%)->2476M(40%) 2.375s
[109.655s][info   ][gc          ] GC(27) Major Collection (System.gc())
[109.675s][info   ][gc,metaspace] GC(27) Y: Metaspace: 86M used, 99M committed, 3200M reserved
[109.693s][info   ][gc,metaspace] GC(27) Y: Metaspace: 86M used, 99M committed, 3200M reserved
[112.299s][info   ][gc,metaspace] GC(27) O: Metaspace: 86M used, 99M committed, 3200M reserved
[112.299s][info   ][gc          ] GC(27) Major Collection (System.gc()) 2476M(40%)->2476M(40%) 2.644s
[112.300s][info   ][gc          ] GC(28) Major Collection (System.gc())
[112.319s][info   ][gc,metaspace] GC(28) Y: Metaspace: 86M used, 99M committed, 3200M reserved
[112.337s][info   ][gc,metaspace] GC(28) Y: Metaspace: 86M used, 99M committed, 3200M reserved
[114.681s][info   ][gc,metaspace] GC(28) O: Metaspace: 86M used, 99M committed, 3200M reserved
[114.681s][info   ][gc          ] GC(28) Major Collection (System.gc()) 2476M(40%)->2476M(40%) 2.382s
[114.681s][info   ][gc          ] GC(29) Major Collection (System.gc())
[114.701s][info   ][gc,metaspace] GC(29) Y: Metaspace: 86M used, 99M committed, 3200M reserved
[114.719s][info   ][gc,metaspace] GC(29) Y: Metaspace: 86M used, 99M committed, 3200M reserved
[117.065s][info   ][gc,metaspace] GC(29) O: Metaspace: 86M used, 99M committed, 3200M reserved
[117.065s][info   ][gc          ] GC(29) Major Collection (System.gc()) 2476M(40%)->2476M(40%) 2.384s
[117.065s][info   ][gc          ] GC(30) Major Collection (System.gc())
[117.084s][info   ][gc,metaspace] GC(30) Y: Metaspace: 86M used, 99M committed, 3200M reserved
[117.102s][info   ][gc,metaspace] GC(30) Y: Metaspace: 86M used, 99M committed, 3200M reserved
[119.573s][info   ][gc,metaspace] GC(30) O: Metaspace: 86M used, 99M committed, 3200M reserved
[119.573s][info   ][gc          ] GC(30) Major Collection (System.gc()) 2476M(40%)->2476M(40%) 2.508s
[119.573s][info   ][gc          ] GC(31) Major Collection (System.gc())
[119.593s][info   ][gc,metaspace] GC(31) Y: Metaspace: 86M used, 99M committed, 3200M reserved
[119.610s][info   ][gc,metaspace] GC(31) Y: Metaspace: 86M used, 99M committed, 3200M reserved
[121.944s][info   ][gc,metaspace] GC(31) O: Metaspace: 86M used, 99M committed, 3200M reserved
[121.944s][info   ][gc          ] GC(31) Major Collection (System.gc()) 2476M(40%)->2476M(40%) 2.371s
[121.944s][info   ][gc          ] GC(32) Major Collection (System.gc())
[121.963s][info   ][gc,metaspace] GC(32) Y: Metaspace: 86M used, 99M committed, 3200M reserved
[121.982s][info   ][gc,metaspace] GC(32) Y: Metaspace: 86M used, 99M committed, 3200M reserved
[124.564s][info   ][gc,metaspace] GC(32) O: Metaspace: 86M used, 99M committed, 3200M reserved
[124.564s][info   ][gc          ] GC(32) Major Collection (System.gc()) 2476M(40%)->2476M(40%) 2.620s
[124.564s][info   ][gc          ] GC(33) Major Collection (System.gc())
[124.583s][info   ][gc,metaspace] GC(33) Y: Metaspace: 86M used, 99M committed, 3200M reserved
[124.602s][info   ][gc,metaspace] GC(33) Y: Metaspace: 86M used, 99M committed, 3200M reserved
[126.941s][info   ][gc,metaspace] GC(33) O: Metaspace: 86M used, 99M committed, 3200M reserved
[126.941s][info   ][gc          ] GC(33) Major Collection (System.gc()) 2476M(40%)->2478M(40%) 2.377s
[126.941s][info   ][gc          ] GC(34) Major Collection (System.gc())
[126.959s][info   ][gc,metaspace] GC(34) Y: Metaspace: 86M used, 99M committed, 3200M reserved
[126.977s][info   ][gc,metaspace] GC(34) Y: Metaspace: 86M used, 99M committed, 3200M reserved
[129.370s][info   ][gc,metaspace] GC(34) O: Metaspace: 86M used, 99M committed, 3200M reserved
[129.370s][info   ][gc          ] GC(34) Major Collection (System.gc()) 2478M(40%)->2478M(40%) 2.430s
[129.370s][info   ][gc          ] GC(35) Major Collection (System.gc())
[129.391s][info   ][gc,metaspace] GC(35) Y: Metaspace: 86M used, 99M committed, 3200M reserved
[129.409s][info   ][gc,metaspace] GC(35) Y: Metaspace: 86M used, 99M committed, 3200M reserved
[131.885s][info   ][gc,metaspace] GC(35) O: Metaspace: 86M used, 99M committed, 3200M reserved
[131.885s][info   ][gc          ] GC(35) Major Collection (System.gc()) 2478M(40%)->2478M(40%) 2.514s
[131.885s][info   ][gc          ] GC(36) Major Collection (System.gc())
[131.905s][info   ][gc,metaspace] GC(36) Y: Metaspace: 86M used, 99M committed, 3200M reserved
[131.923s][info   ][gc,metaspace] GC(36) Y: Metaspace: 86M used, 99M committed, 3200M reserved
[134.306s][info   ][gc,metaspace] GC(36) O: Metaspace: 86M used, 99M committed, 3200M reserved
[134.306s][info   ][gc          ] GC(36) Major Collection (System.gc()) 2478M(40%)->2478M(40%) 2.421s
[134.306s][info   ][gc          ] GC(37) Major Collection (System.gc())
[134.326s][info   ][gc,metaspace] GC(37) Y: Metaspace: 86M used, 99M committed, 3200M reserved
[134.345s][info   ][gc,metaspace] GC(37) Y: Metaspace: 86M used, 99M committed, 3200M reserved
[136.854s][info   ][gc,metaspace] GC(37) O: Metaspace: 86M used, 99M committed, 3200M reserved
[136.854s][info   ][gc          ] GC(37) Major Collection (System.gc()) 2478M(40%)->2478M(40%) 2.547s
[136.854s][info   ][gc          ] GC(38) Major Collection (System.gc())
[136.874s][info   ][gc,metaspace] GC(38) Y: Metaspace: 86M used, 99M committed, 3200M reserved
[136.892s][info   ][gc,metaspace] GC(38) Y: Metaspace: 86M used, 99M committed, 3200M reserved
[139.286s][info   ][gc,metaspace] GC(38) O: Metaspace: 86M used, 99M committed, 3200M reserved
[139.286s][info   ][gc          ] GC(38) Major Collection (System.gc()) 2478M(40%)->2478M(40%) 2.433s
[139.287s][info   ][gc          ] GC(39) Major Collection (System.gc())
[139.305s][info   ][gc,metaspace] GC(39) Y: Metaspace: 86M used, 99M committed, 3200M reserved
[139.323s][info   ][gc,metaspace] GC(39) Y: Metaspace: 86M used, 99M committed, 3200M reserved
[141.666s][info   ][gc,metaspace] GC(39) O: Metaspace: 86M used, 99M committed, 3200M reserved
[141.666s][info   ][gc          ] GC(39) Major Collection (System.gc()) 2478M(40%)->2478M(40%) 2.379s
[141.666s][info   ][gc          ] GC(40) Major Collection (System.gc())
[141.686s][info   ][gc,metaspace] GC(40) Y: Metaspace: 86M used, 99M committed, 3200M reserved
[141.704s][info   ][gc,metaspace] GC(40) Y: Metaspace: 86M used, 99M committed, 3200M reserved
[144.299s][info   ][gc,metaspace] GC(40) O: Metaspace: 86M used, 99M committed, 3200M reserved
[144.299s][info   ][gc          ] GC(40) Major Collection (System.gc()) 2478M(40%)->2478M(40%) 2.633s
[144.299s][info   ][gc          ] GC(41) Major Collection (System.gc())
[144.319s][info   ][gc,metaspace] GC(41) Y: Metaspace: 86M used, 99M committed, 3200M reserved
[144.337s][info   ][gc,metaspace] GC(41) Y: Metaspace: 86M used, 99M committed, 3200M reserved
[146.695s][info   ][gc,metaspace] GC(41) O: Metaspace: 86M used, 99M committed, 3200M reserved
[146.695s][info   ][gc          ] GC(41) Major Collection (System.gc()) 2478M(40%)->2478M(40%) 2.396s
[146.696s][info   ][gc          ] GC(42) Major Collection (System.gc())
[146.714s][info   ][gc,metaspace] GC(42) Y: Metaspace: 86M used, 99M committed, 3200M reserved
[146.732s][info   ][gc,metaspace] GC(42) Y: Metaspace: 86M used, 99M committed, 3200M reserved
[149.075s][info   ][gc,metaspace] GC(42) O: Metaspace: 86M used, 99M committed, 3200M reserved
[149.075s][info   ][gc          ] GC(42) Major Collection (System.gc()) 2478M(40%)->2478M(40%) 2.380s
[149.076s][info   ][gc          ] GC(43) Major Collection (System.gc())
[149.096s][info   ][gc,metaspace] GC(43) Y: Metaspace: 86M used, 99M committed, 3200M reserved
[149.114s][info   ][gc,metaspace] GC(43) Y: Metaspace: 86M used, 99M committed, 3200M reserved
[151.531s][info   ][gc,metaspace] GC(43) O: Metaspace: 86M used, 99M committed, 3200M reserved
[151.531s][info   ][gc          ] GC(43) Major Collection (System.gc()) 2478M(40%)->2478M(40%) 2.456s
[151.531s][info   ][gc          ] GC(44) Major Collection (System.gc())
[151.550s][info   ][gc,metaspace] GC(44) Y: Metaspace: 86M used, 99M committed, 3200M reserved
[151.568s][info   ][gc,metaspace] GC(44) Y: Metaspace: 86M used, 99M committed, 3200M reserved
[153.903s][info   ][gc,metaspace] GC(44) O: Metaspace: 86M used, 99M committed, 3200M reserved
[153.903s][info   ][gc          ] GC(44) Major Collection (System.gc()) 2478M(40%)->2478M(40%) 2.372s
[153.903s][info   ][gc          ] GC(45) Major Collection (System.gc())
[153.923s][info   ][gc,metaspace] GC(45) Y: Metaspace: 86M used, 99M committed, 3200M reserved
[153.941s][info   ][gc,metaspace] GC(45) Y: Metaspace: 86M used, 99M committed, 3200M reserved
[156.517s][info   ][gc,metaspace] GC(45) O: Metaspace: 86M used, 99M committed, 3200M reserved
[156.517s][info   ][gc          ] GC(45) Major Collection (System.gc()) 2478M(40%)->2478M(40%) 2.614s
[156.517s][info   ][gc          ] GC(46) Major Collection (System.gc())
[156.537s][info   ][gc,metaspace] GC(46) Y: Metaspace: 86M used, 99M committed, 3200M reserved
[156.555s][info   ][gc,metaspace] GC(46) Y: Metaspace: 86M used, 99M committed, 3200M reserved
[158.890s][info   ][gc,metaspace] GC(46) O: Metaspace: 86M used, 99M committed, 3200M reserved
[158.890s][info   ][gc          ] GC(46) Major Collection (System.gc()) 2478M(40%)->2478M(40%) 2.373s
[158.890s][info   ][gc          ] GC(47) Major Collection (System.gc())
[158.909s][info   ][gc,metaspace] GC(47) Y: Metaspace: 86M used, 99M committed, 3200M reserved
[158.928s][info   ][gc,metaspace] GC(47) Y: Metaspace: 86M used, 99M committed, 3200M reserved
[161.304s][info   ][gc,metaspace] GC(47) O: Metaspace: 86M used, 99M committed, 3200M reserved
[161.304s][info   ][gc          ] GC(47) Major Collection (System.gc()) 2478M(40%)->2478M(40%) 2.413s
[161.304s][info   ][gc          ] GC(48) Major Collection (System.gc())
[161.324s][info   ][gc,metaspace] GC(48) Y: Metaspace: 86M used, 99M committed, 3200M reserved
[161.342s][info   ][gc,metaspace] GC(48) Y: Metaspace: 86M used, 99M committed, 3200M reserved
[163.687s][info   ][gc,metaspace] GC(48) O: Metaspace: 86M used, 99M committed, 3200M reserved
[163.687s][info   ][gc          ] GC(48) Major Collection (System.gc()) 2478M(40%)->2478M(40%) 2.383s
[163.687s][info   ][gc          ] GC(49) Major Collection (System.gc())
[163.706s][info   ][gc,metaspace] GC(49) Y: Metaspace: 86M used, 99M committed, 3200M reserved
[163.724s][info   ][gc,metaspace] GC(49) Y: Metaspace: 86M used, 99M committed, 3200M reserved
[166.058s][info   ][gc,metaspace] GC(49) O: Metaspace: 86M used, 99M committed, 3200M reserved
[166.058s][info   ][gc          ] GC(49) Major Collection (System.gc()) 2478M(40%)->2478M(40%) 2.371s
[166.058s][info   ][gc          ] GC(50) Major Collection (System.gc())
[166.076s][info   ][gc,metaspace] GC(50) Y: Metaspace: 86M used, 99M committed, 3200M reserved
[166.094s][info   ][gc,metaspace] GC(50) Y: Metaspace: 86M used, 99M committed, 3200M reserved
[168.684s][info   ][gc,metaspace] GC(50) O: Metaspace: 86M used, 99M committed, 3200M reserved
[168.684s][info   ][gc          ] GC(50) Major Collection (System.gc()) 2478M(40%)->2478M(40%) 2.626s
[168.684s][info   ][gc          ] GC(51) Major Collection (System.gc())
[168.707s][info   ][gc,metaspace] GC(51) Y: Metaspace: 86M used, 99M committed, 3200M reserved
[168.726s][info   ][gc,metaspace] GC(51) Y: Metaspace: 86M used, 99M committed, 3200M reserved
[171.053s][info   ][gc,metaspace] GC(51) O: Metaspace: 86M used, 99M committed, 3200M reserved
[171.053s][info   ][gc          ] GC(51) Major Collection (System.gc()) 2478M(40%)->2478M(40%) 2.369s
[171.054s][info   ][gc          ] GC(52) Major Collection (System.gc())
[171.073s][info   ][gc,metaspace] GC(52) Y: Metaspace: 86M used, 99M committed, 3200M reserved
[171.091s][info   ][gc,metaspace] GC(52) Y: Metaspace: 86M used, 99M committed, 3200M reserved
[173.486s][info   ][gc,metaspace] GC(52) O: Metaspace: 86M used, 99M committed, 3200M reserved
[173.486s][info   ][gc          ] GC(52) Major Collection (System.gc()) 2478M(40%)->2478M(40%) 2.432s
[173.486s][info   ][gc          ] GC(53) Major Collection (System.gc())
[173.505s][info   ][gc,metaspace] GC(53) Y: Metaspace: 86M used, 99M committed, 3200M reserved
[173.523s][info   ][gc,metaspace] GC(53) Y: Metaspace: 86M used, 99M committed, 3200M reserved
[175.861s][info   ][gc,metaspace] GC(53) O: Metaspace: 86M used, 99M committed, 3200M reserved
[175.861s][info   ][gc          ] GC(53) Major Collection (System.gc()) 2478M(40%)->2478M(40%) 2.376s
[175.862s][info   ][gc          ] GC(54) Major Collection (System.gc())
[175.880s][info   ][gc,metaspace] GC(54) Y: Metaspace: 86M used, 99M committed, 3200M reserved
[175.899s][info   ][gc,metaspace] GC(54) Y: Metaspace: 86M used, 99M committed, 3200M reserved
[178.277s][info   ][gc,metaspace] GC(54) O: Metaspace: 86M used, 99M committed, 3200M reserved
[178.277s][info   ][gc          ] GC(54) Major Collection (System.gc()) 2478M(40%)->2478M(40%) 2.415s
[178.277s][info   ][gc          ] GC(55) Major Collection (System.gc())
[178.295s][info   ][gc,metaspace] GC(55) Y: Metaspace: 86M used, 99M committed, 3200M reserved
[178.313s][info   ][gc,metaspace] GC(55) Y: Metaspace: 86M used, 99M committed, 3200M reserved
[180.648s][info   ][gc,metaspace] GC(55) O: Metaspace: 86M used, 99M committed, 3200M reserved
[180.648s][info   ][gc          ] GC(55) Major Collection (System.gc()) 2478M(40%)->2478M(40%) 2.372s
[180.649s][info   ][gc          ] GC(56) Major Collection (System.gc())
[180.668s][info   ][gc,metaspace] GC(56) Y: Metaspace: 86M used, 99M committed, 3200M reserved
[180.686s][info   ][gc,metaspace] GC(56) Y: Metaspace: 86M used, 99M committed, 3200M reserved
[183.020s][info   ][gc,metaspace] GC(56) O: Metaspace: 86M used, 99M committed, 3200M reserved
[183.020s][info   ][gc          ] GC(56) Major Collection (System.gc()) 2478M(40%)->2478M(40%) 2.372s
[183.020s][info   ][gc          ] GC(57) Major Collection (System.gc())
[183.039s][info   ][gc,metaspace] GC(57) Y: Metaspace: 86M used, 99M committed, 3200M reserved
[183.057s][info   ][gc,metaspace] GC(57) Y: Metaspace: 86M used, 99M committed, 3200M reserved
[185.447s][info   ][gc,metaspace] GC(57) O: Metaspace: 86M used, 99M committed, 3200M reserved
[185.447s][info   ][gc          ] GC(57) Major Collection (System.gc()) 2478M(40%)->2480M(40%) 2.427s
[185.447s][info   ][gc          ] GC(58) Major Collection (System.gc())
[185.466s][info   ][gc,metaspace] GC(58) Y: Metaspace: 86M used, 99M committed, 3200M reserved
[185.484s][info   ][gc,metaspace] GC(58) Y: Metaspace: 86M used, 99M committed, 3200M reserved
[187.826s][info   ][gc,metaspace] GC(58) O: Metaspace: 86M used, 99M committed, 3200M reserved
[187.826s][info   ][gc          ] GC(58) Major Collection (System.gc()) 2480M(40%)->2478M(40%) 2.379s
[187.826s][info   ][gc          ] GC(59) Major Collection (System.gc())
[187.845s][info   ][gc,metaspace] GC(59) Y: Metaspace: 86M used, 99M committed, 3200M reserved
[187.863s][info   ][gc,metaspace] GC(59) Y: Metaspace: 86M used, 99M committed, 3200M reserved
[190.245s][info   ][gc,metaspace] GC(59) O: Metaspace: 86M used, 99M committed, 3200M reserved
[190.245s][info   ][gc          ] GC(59) Major Collection (System.gc()) 2478M(40%)->2478M(40%) 2.419s
[190.246s][info   ][gc          ] GC(60) Major Collection (System.gc())
[190.264s][info   ][gc,metaspace] GC(60) Y: Metaspace: 86M used, 99M committed, 3200M reserved
[190.283s][info   ][gc,metaspace] GC(60) Y: Metaspace: 86M used, 99M committed, 3200M reserved
[192.616s][info   ][gc,metaspace] GC(60) O: Metaspace: 86M used, 99M committed, 3200M reserved
[192.616s][info   ][gc          ] GC(60) Major Collection (System.gc()) 2478M(40%)->2478M(40%) 2.371s
[192.616s][info   ][gc          ] GC(61) Major Collection (System.gc())
[192.635s][info   ][gc,metaspace] GC(61) Y: Metaspace: 86M used, 99M committed, 3200M reserved
[192.654s][info   ][gc,metaspace] GC(61) Y: Metaspace: 86M used, 99M committed, 3200M reserved
[194.987s][info   ][gc,metaspace] GC(61) O: Metaspace: 86M used, 99M committed, 3200M reserved
[194.987s][info   ][gc          ] GC(61) Major Collection (System.gc()) 2478M(40%)->2478M(40%) 2.371s
[194.988s][info   ][gc          ] GC(62) Major Collection (System.gc())
[195.007s][info   ][gc,metaspace] GC(62) Y: Metaspace: 86M used, 99M committed, 3200M reserved
[195.025s][info   ][gc,metaspace] GC(62) Y: Metaspace: 86M used, 99M committed, 3200M reserved
[197.409s][info   ][gc,metaspace] GC(62) O: Metaspace: 86M used, 99M committed, 3200M reserved
[197.409s][info   ][gc          ] GC(62) Major Collection (System.gc()) 2478M(40%)->2478M(40%) 2.421s
After GCs... 
