Done; will start GCs... 
[76.717s][info   ][gc          ] GC(13) Major Collection (System.gc())
[76.738s][info   ][gc,metaspace] GC(13) Y: Metaspace: 87M used, 101M committed, 3200M reserved
[76.756s][info   ][gc,metaspace] GC(13) Y: Metaspace: 87M used, 101M committed, 3200M reserved
[79.593s][info   ][gc,metaspace] GC(13) O: Metaspace: 87M used, 101M committed, 3200M reserved
[79.593s][info   ][gc          ] GC(13) Major Collection (System.gc()) 2230M(36%)->2228M(36%) 2.876s
[79.597s][info   ][gc          ] GC(14) Major Collection (System.gc())
[79.611s][info   ][gc,metaspace] GC(14) Y: Metaspace: 87M used, 101M committed, 3200M reserved
[79.625s][info   ][gc,metaspace] GC(14) Y: Metaspace: 87M used, 101M committed, 3200M reserved
[82.363s][info   ][gc,metaspace] GC(14) O: Metaspace: 87M used, 101M committed, 3200M reserved
[82.363s][info   ][gc          ] GC(14) Major Collection (System.gc()) 2228M(36%)->2228M(36%) 2.765s
[82.363s][info   ][gc          ] GC(15) Major Collection (System.gc())
[82.377s][info   ][gc,metaspace] GC(15) Y: Metaspace: 87M used, 101M committed, 3200M reserved
[82.391s][info   ][gc,metaspace] GC(15) Y: Metaspace: 87M used, 101M committed, 3200M reserved
[85.180s][info   ][gc,metaspace] GC(15) O: Metaspace: 87M used, 101M committed, 3200M reserved
[85.180s][info   ][gc          ] GC(15) Major Collection (System.gc()) 2228M(36%)->2228M(36%) 2.817s
[85.185s][info   ][gc          ] GC(16) Major Collection (System.gc())
[85.199s][info   ][gc,metaspace] GC(16) Y: Metaspace: 87M used, 101M committed, 3200M reserved
[85.214s][info   ][gc,metaspace] GC(16) Y: Metaspace: 87M used, 101M committed, 3200M reserved
[88.054s][info   ][gc,metaspace] GC(16) O: Metaspace: 87M used, 101M committed, 3200M reserved
[88.054s][info   ][gc          ] GC(16) Major Collection (System.gc()) 2228M(36%)->2228M(36%) 2.869s
[88.054s][info   ][gc          ] GC(17) Major Collection (System.gc())
[88.068s][info   ][gc,metaspace] GC(17) Y: Metaspace: 87M used, 101M committed, 3200M reserved
[88.082s][info   ][gc,metaspace] GC(17) Y: Metaspace: 87M used, 101M committed, 3200M reserved
[90.880s][info   ][gc,metaspace] GC(17) O: Metaspace: 87M used, 101M committed, 3200M reserved
[90.881s][info   ][gc          ] GC(17) Major Collection (System.gc()) 2228M(36%)->2228M(36%) 2.827s
[90.881s][info   ][gc          ] GC(18) Major Collection (System.gc())
[90.895s][info   ][gc,metaspace] GC(18) Y: Metaspace: 87M used, 101M committed, 3200M reserved
[90.908s][info   ][gc,metaspace] GC(18) Y: Metaspace: 87M used, 101M committed, 3200M reserved
[93.713s][info   ][gc,metaspace] GC(18) O: Metaspace: 87M used, 101M committed, 3200M reserved
[93.713s][info   ][gc          ] GC(18) Major Collection (System.gc()) 2228M(36%)->2228M(36%) 2.832s
[93.713s][info   ][gc          ] GC(19) Major Collection (System.gc())
[93.727s][info   ][gc,metaspace] GC(19) Y: Metaspace: 87M used, 101M committed, 3200M reserved
[93.742s][info   ][gc,metaspace] GC(19) Y: Metaspace: 87M used, 101M committed, 3200M reserved
[96.550s][info   ][gc,metaspace] GC(19) O: Metaspace: 87M used, 101M committed, 3200M reserved
[96.550s][info   ][gc          ] GC(19) Major Collection (System.gc()) 2228M(36%)->2228M(36%) 2.837s
[96.550s][info   ][gc          ] GC(20) Major Collection (System.gc())
[96.564s][info   ][gc,metaspace] GC(20) Y: Metaspace: 87M used, 101M committed, 3200M reserved
[96.578s][info   ][gc,metaspace] GC(20) Y: Metaspace: 87M used, 101M committed, 3200M reserved
[99.335s][info   ][gc,metaspace] GC(20) O: Metaspace: 87M used, 101M committed, 3200M reserved
[99.335s][info   ][gc          ] GC(20) Major Collection (System.gc()) 2228M(36%)->2228M(36%) 2.786s
[99.336s][info   ][gc          ] GC(21) Major Collection (System.gc())
[99.350s][info   ][gc,metaspace] GC(21) Y: Metaspace: 87M used, 101M committed, 3200M reserved
[99.364s][info   ][gc,metaspace] GC(21) Y: Metaspace: 87M used, 101M committed, 3200M reserved
[102.168s][info   ][gc,metaspace] GC(21) O: Metaspace: 87M used, 101M committed, 3200M reserved
[102.168s][info   ][gc          ] GC(21) Major Collection (System.gc()) 2228M(36%)->2228M(36%) 2.832s
[102.168s][info   ][gc          ] GC(22) Major Collection (System.gc())
[102.183s][info   ][gc,metaspace] GC(22) Y: Metaspace: 87M used, 101M committed, 3200M reserved
[102.197s][info   ][gc,metaspace] GC(22) Y: Metaspace: 87M used, 101M committed, 3200M reserved
[105.061s][info   ][gc,metaspace] GC(22) O: Metaspace: 87M used, 101M committed, 3200M reserved
[105.061s][info   ][gc          ] GC(22) Major Collection (System.gc()) 2228M(36%)->2228M(36%) 2.893s
[105.061s][info   ][gc          ] GC(23) Major Collection (System.gc())
[105.076s][info   ][gc,metaspace] GC(23) Y: Metaspace: 87M used, 101M committed, 3200M reserved
[105.090s][info   ][gc,metaspace] GC(23) Y: Metaspace: 87M used, 101M committed, 3200M reserved
[107.899s][info   ][gc,metaspace] GC(23) O: Metaspace: 87M used, 101M committed, 3200M reserved
[107.899s][info   ][gc          ] GC(23) Major Collection (System.gc()) 2228M(36%)->2228M(36%) 2.837s
[107.899s][info   ][gc          ] GC(24) Major Collection (System.gc())
[107.914s][info   ][gc,metaspace] GC(24) Y: Metaspace: 87M used, 101M committed, 3200M reserved
[107.928s][info   ][gc,metaspace] GC(24) Y: Metaspace: 87M used, 101M committed, 3200M reserved
[110.785s][info   ][gc,metaspace] GC(24) O: Metaspace: 87M used, 101M committed, 3200M reserved
[110.785s][info   ][gc          ] GC(24) Major Collection (System.gc()) 2228M(36%)->2228M(36%) 2.886s
[110.785s][info   ][gc          ] GC(25) Major Collection (System.gc())
[110.800s][info   ][gc,metaspace] GC(25) Y: Metaspace: 87M used, 101M committed, 3200M reserved
[110.814s][info   ][gc,metaspace] GC(25) Y: Metaspace: 87M used, 101M committed, 3200M reserved
[113.621s][info   ][gc,metaspace] GC(25) O: Metaspace: 87M used, 101M committed, 3200M reserved
[113.626s][info   ][gc          ] GC(25) Major Collection (System.gc()) 2228M(36%)->2228M(36%) 2.841s
[113.626s][info   ][gc          ] GC(26) Major Collection (System.gc())
[113.640s][info   ][gc,metaspace] GC(26) Y: Metaspace: 87M used, 101M committed, 3200M reserved
[113.655s][info   ][gc,metaspace] GC(26) Y: Metaspace: 87M used, 101M committed, 3200M reserved
[116.404s][info   ][gc,metaspace] GC(26) O: Metaspace: 87M used, 101M committed, 3200M reserved
[116.404s][info   ][gc          ] GC(26) Major Collection (System.gc()) 2228M(36%)->2228M(36%) 2.778s
[116.404s][info   ][gc          ] GC(27) Major Collection (System.gc())
[116.419s][info   ][gc,metaspace] GC(27) Y: Metaspace: 87M used, 101M committed, 3200M reserved
[116.469s][info   ][gc,metaspace] GC(27) Y: Metaspace: 87M used, 101M committed, 3200M reserved
[119.262s][info   ][gc,metaspace] GC(27) O: Metaspace: 87M used, 101M committed, 3200M reserved
[119.262s][info   ][gc          ] GC(27) Major Collection (System.gc()) 2228M(36%)->2228M(36%) 2.857s
[119.266s][info   ][gc          ] GC(28) Major Collection (System.gc())
[119.280s][info   ][gc,metaspace] GC(28) Y: Metaspace: 87M used, 101M committed, 3200M reserved
[119.295s][info   ][gc,metaspace] GC(28) Y: Metaspace: 87M used, 101M committed, 3200M reserved
[122.072s][info   ][gc,metaspace] GC(28) O: Metaspace: 87M used, 101M committed, 3200M reserved
[122.072s][info   ][gc          ] GC(28) Major Collection (System.gc()) 2228M(36%)->2228M(36%) 2.806s
[122.073s][info   ][gc          ] GC(29) Major Collection (System.gc())
[122.088s][info   ][gc,metaspace] GC(29) Y: Metaspace: 87M used, 101M committed, 3200M reserved
[122.102s][info   ][gc,metaspace] GC(29) Y: Metaspace: 87M used, 101M committed, 3200M reserved
[124.892s][info   ][gc,metaspace] GC(29) O: Metaspace: 87M used, 101M committed, 3200M reserved
[124.892s][info   ][gc          ] GC(29) Major Collection (System.gc()) 2228M(36%)->2230M(36%) 2.820s
[124.892s][info   ][gc          ] GC(30) Major Collection (System.gc())
[124.908s][info   ][gc,metaspace] GC(30) Y: Metaspace: 87M used, 101M committed, 3200M reserved
[124.922s][info   ][gc,metaspace] GC(30) Y: Metaspace: 87M used, 101M committed, 3200M reserved
[127.704s][info   ][gc,metaspace] GC(30) O: Metaspace: 87M used, 101M committed, 3200M reserved
[127.704s][info   ][gc          ] GC(30) Major Collection (System.gc()) 2230M(36%)->2228M(36%) 2.812s
[127.704s][info   ][gc          ] GC(31) Major Collection (System.gc())
[127.719s][info   ][gc,metaspace] GC(31) Y: Metaspace: 87M used, 101M committed, 3200M reserved
[127.733s][info   ][gc,metaspace] GC(31) Y: Metaspace: 87M used, 101M committed, 3200M reserved
[130.523s][info   ][gc,metaspace] GC(31) O: Metaspace: 87M used, 101M committed, 3200M reserved
[130.523s][info   ][gc          ] GC(31) Major Collection (System.gc()) 2228M(36%)->2228M(36%) 2.819s
[130.524s][info   ][gc          ] GC(32) Major Collection (System.gc())
[130.538s][info   ][gc,metaspace] GC(32) Y: Metaspace: 87M used, 101M committed, 3200M reserved
[130.552s][info   ][gc,metaspace] GC(32) Y: Metaspace: 87M used, 101M committed, 3200M reserved
[133.300s][info   ][gc,metaspace] GC(32) O: Metaspace: 87M used, 101M committed, 3200M reserved
[133.300s][info   ][gc          ] GC(32) Major Collection (System.gc()) 2228M(36%)->2228M(36%) 2.776s
[133.300s][info   ][gc          ] GC(33) Major Collection (System.gc())
[133.314s][info   ][gc,metaspace] GC(33) Y: Metaspace: 87M used, 101M committed, 3200M reserved
[133.329s][info   ][gc,metaspace] GC(33) Y: Metaspace: 87M used, 101M committed, 3200M reserved
[136.331s][info   ][gc,metaspace] GC(33) O: Metaspace: 87M used, 101M committed, 3200M reserved
[136.331s][info   ][gc          ] GC(33) Major Collection (System.gc()) 2228M(36%)->2228M(36%) 3.032s
[136.332s][info   ][gc          ] GC(34) Major Collection (System.gc())
[136.346s][info   ][gc,metaspace] GC(34) Y: Metaspace: 87M used, 101M committed, 3200M reserved
[136.360s][info   ][gc,metaspace] GC(34) Y: Metaspace: 87M used, 101M committed, 3200M reserved
[139.171s][info   ][gc,metaspace] GC(34) O: Metaspace: 87M used, 101M committed, 3200M reserved
[139.171s][info   ][gc          ] GC(34) Major Collection (System.gc()) 2228M(36%)->2228M(36%) 2.840s
[139.171s][info   ][gc          ] GC(35) Major Collection (System.gc())
[139.186s][info   ][gc,metaspace] GC(35) Y: Metaspace: 87M used, 101M committed, 3200M reserved
[139.200s][info   ][gc,metaspace] GC(35) Y: Metaspace: 87M used, 101M committed, 3200M reserved
[141.986s][info   ][gc,metaspace] GC(35) O: Metaspace: 87M used, 101M committed, 3200M reserved
[141.986s][info   ][gc          ] GC(35) Major Collection (System.gc()) 2228M(36%)->2228M(36%) 2.814s
[141.986s][info   ][gc          ] GC(36) Major Collection (System.gc())
[142.000s][info   ][gc,metaspace] GC(36) Y: Metaspace: 87M used, 101M committed, 3200M reserved
[142.014s][info   ][gc,metaspace] GC(36) Y: Metaspace: 87M used, 101M committed, 3200M reserved
[144.809s][info   ][gc,metaspace] GC(36) O: Metaspace: 87M used, 101M committed, 3200M reserved
[144.809s][info   ][gc          ] GC(36) Major Collection (System.gc()) 2228M(36%)->2228M(36%) 2.824s
[144.810s][info   ][gc          ] GC(37) Major Collection (System.gc())
[144.824s][info   ][gc,metaspace] GC(37) Y: Metaspace: 87M used, 101M committed, 3200M reserved
[144.838s][info   ][gc,metaspace] GC(37) Y: Metaspace: 87M used, 101M committed, 3200M reserved
[147.821s][info   ][gc,metaspace] GC(37) O: Metaspace: 87M used, 101M committed, 3200M reserved
[147.821s][info   ][gc          ] GC(37) Major Collection (System.gc()) 2228M(36%)->2228M(36%) 3.011s
[147.821s][info   ][gc          ] GC(38) Major Collection (System.gc())
[147.835s][info   ][gc,metaspace] GC(38) Y: Metaspace: 87M used, 101M committed, 3200M reserved
[147.850s][info   ][gc,metaspace] GC(38) Y: Metaspace: 87M used, 101M committed, 3200M reserved
[150.658s][info   ][gc,metaspace] GC(38) O: Metaspace: 87M used, 101M committed, 3200M reserved
[150.658s][info   ][gc          ] GC(38) Major Collection (System.gc()) 2228M(36%)->2228M(36%) 2.837s
[150.658s][info   ][gc          ] GC(39) Major Collection (System.gc())
[150.673s][info   ][gc,metaspace] GC(39) Y: Metaspace: 87M used, 101M committed, 3200M reserved
[150.687s][info   ][gc,metaspace] GC(39) Y: Metaspace: 87M used, 101M committed, 3200M reserved
[153.498s][info   ][gc,metaspace] GC(39) O: Metaspace: 87M used, 101M committed, 3200M reserved
[153.498s][info   ][gc          ] GC(39) Major Collection (System.gc()) 2228M(36%)->2228M(36%) 2.839s
[153.498s][info   ][gc          ] GC(40) Major Collection (System.gc())
[153.512s][info   ][gc,metaspace] GC(40) Y: Metaspace: 87M used, 101M committed, 3200M reserved
[153.526s][info   ][gc,metaspace] GC(40) Y: Metaspace: 87M used, 101M committed, 3200M reserved
[156.277s][info   ][gc,metaspace] GC(40) O: Metaspace: 87M used, 101M committed, 3200M reserved
[156.277s][info   ][gc          ] GC(40) Major Collection (System.gc()) 2228M(36%)->2228M(36%) 2.779s
[156.277s][info   ][gc          ] GC(41) Major Collection (System.gc())
[156.291s][info   ][gc,metaspace] GC(41) Y: Metaspace: 87M used, 101M committed, 3200M reserved
[156.306s][info   ][gc,metaspace] GC(41) Y: Metaspace: 87M used, 101M committed, 3200M reserved
[159.102s][info   ][gc,metaspace] GC(41) O: Metaspace: 87M used, 101M committed, 3200M reserved
[159.102s][info   ][gc          ] GC(41) Major Collection (System.gc()) 2228M(36%)->2228M(36%) 2.826s
[159.103s][info   ][gc          ] GC(42) Major Collection (System.gc())
[159.117s][info   ][gc,metaspace] GC(42) Y: Metaspace: 87M used, 101M committed, 3200M reserved
[159.131s][info   ][gc,metaspace] GC(42) Y: Metaspace: 87M used, 101M committed, 3200M reserved
[161.930s][info   ][gc,metaspace] GC(42) O: Metaspace: 87M used, 101M committed, 3200M reserved
[161.930s][info   ][gc          ] GC(42) Major Collection (System.gc()) 2228M(36%)->2228M(36%) 2.827s
[161.930s][info   ][gc          ] GC(43) Major Collection (System.gc())
[161.945s][info   ][gc,metaspace] GC(43) Y: Metaspace: 87M used, 101M committed, 3200M reserved
[161.959s][info   ][gc,metaspace] GC(43) Y: Metaspace: 87M used, 101M committed, 3200M reserved
[164.752s][info   ][gc,metaspace] GC(43) O: Metaspace: 87M used, 101M committed, 3200M reserved
[164.752s][info   ][gc          ] GC(43) Major Collection (System.gc()) 2228M(36%)->2228M(36%) 2.822s
[164.752s][info   ][gc          ] GC(44) Major Collection (System.gc())
[164.767s][info   ][gc,metaspace] GC(44) Y: Metaspace: 87M used, 101M committed, 3200M reserved
[164.781s][info   ][gc,metaspace] GC(44) Y: Metaspace: 87M used, 101M committed, 3200M reserved
[168.095s][info   ][gc,metaspace] GC(44) O: Metaspace: 87M used, 101M committed, 3200M reserved
[168.095s][info   ][gc          ] GC(44) Major Collection (System.gc()) 2228M(36%)->2228M(36%) 3.343s
[168.095s][info   ][gc          ] GC(45) Major Collection (System.gc())
[168.110s][info   ][gc,metaspace] GC(45) Y: Metaspace: 87M used, 101M committed, 3200M reserved
[168.124s][info   ][gc,metaspace] GC(45) Y: Metaspace: 87M used, 101M committed, 3200M reserved
[171.040s][info   ][gc,metaspace] GC(45) O: Metaspace: 87M used, 101M committed, 3200M reserved
[171.040s][info   ][gc          ] GC(45) Major Collection (System.gc()) 2228M(36%)->2228M(36%) 2.945s
[171.041s][info   ][gc          ] GC(46) Major Collection (System.gc())
[171.055s][info   ][gc,metaspace] GC(46) Y: Metaspace: 87M used, 101M committed, 3200M reserved
[171.069s][info   ][gc,metaspace] GC(46) Y: Metaspace: 87M used, 101M committed, 3200M reserved
[174.768s][info   ][gc,metaspace] GC(46) O: Metaspace: 87M used, 101M committed, 3200M reserved
[174.768s][info   ][gc          ] GC(46) Major Collection (System.gc()) 2228M(36%)->2228M(36%) 3.727s
[174.768s][info   ][gc          ] GC(47) Major Collection (System.gc())
[174.783s][info   ][gc,metaspace] GC(47) Y: Metaspace: 87M used, 101M committed, 3200M reserved
[174.797s][info   ][gc,metaspace] GC(47) Y: Metaspace: 87M used, 101M committed, 3200M reserved
[177.549s][info   ][gc,metaspace] GC(47) O: Metaspace: 87M used, 101M committed, 3200M reserved
[177.549s][info   ][gc          ] GC(47) Major Collection (System.gc()) 2228M(36%)->2228M(36%) 2.781s
[177.550s][info   ][gc          ] GC(48) Major Collection (System.gc())
[177.564s][info   ][gc,metaspace] GC(48) Y: Metaspace: 87M used, 101M committed, 3200M reserved
[177.578s][info   ][gc,metaspace] GC(48) Y: Metaspace: 87M used, 101M committed, 3200M reserved
[180.338s][info   ][gc,metaspace] GC(48) O: Metaspace: 87M used, 101M committed, 3200M reserved
[180.338s][info   ][gc          ] GC(48) Major Collection (System.gc()) 2228M(36%)->2228M(36%) 2.789s
[180.338s][info   ][gc          ] GC(49) Major Collection (System.gc())
[180.352s][info   ][gc,metaspace] GC(49) Y: Metaspace: 87M used, 101M committed, 3200M reserved
[180.367s][info   ][gc,metaspace] GC(49) Y: Metaspace: 87M used, 101M committed, 3200M reserved
[183.174s][info   ][gc,metaspace] GC(49) O: Metaspace: 87M used, 101M committed, 3200M reserved
[183.174s][info   ][gc          ] GC(49) Major Collection (System.gc()) 2228M(36%)->2228M(36%) 2.836s
[183.179s][info   ][gc          ] GC(50) Major Collection (System.gc())
[183.193s][info   ][gc,metaspace] GC(50) Y: Metaspace: 87M used, 101M committed, 3200M reserved
[183.208s][info   ][gc,metaspace] GC(50) Y: Metaspace: 87M used, 101M committed, 3200M reserved
[186.076s][info   ][gc,metaspace] GC(50) O: Metaspace: 87M used, 101M committed, 3200M reserved
[186.076s][info   ][gc          ] GC(50) Major Collection (System.gc()) 2228M(36%)->2230M(36%) 2.897s
[186.076s][info   ][gc          ] GC(51) Major Collection (System.gc())
[186.092s][info   ][gc,metaspace] GC(51) Y: Metaspace: 87M used, 101M committed, 3200M reserved
[186.106s][info   ][gc,metaspace] GC(51) Y: Metaspace: 87M used, 101M committed, 3200M reserved
[188.899s][info   ][gc,metaspace] GC(51) O: Metaspace: 87M used, 101M committed, 3200M reserved
[188.899s][info   ][gc          ] GC(51) Major Collection (System.gc()) 2230M(36%)->2228M(36%) 2.823s
[188.899s][info   ][gc          ] GC(52) Major Collection (System.gc())
[188.914s][info   ][gc,metaspace] GC(52) Y: Metaspace: 87M used, 101M committed, 3200M reserved
[188.928s][info   ][gc,metaspace] GC(52) Y: Metaspace: 87M used, 101M committed, 3200M reserved
[191.740s][info   ][gc,metaspace] GC(52) O: Metaspace: 87M used, 101M committed, 3200M reserved
[191.740s][info   ][gc          ] GC(52) Major Collection (System.gc()) 2228M(36%)->2228M(36%) 2.841s
[191.740s][info   ][gc          ] GC(53) Major Collection (System.gc())
[191.754s][info   ][gc,metaspace] GC(53) Y: Metaspace: 87M used, 101M committed, 3200M reserved
[191.768s][info   ][gc,metaspace] GC(53) Y: Metaspace: 87M used, 101M committed, 3200M reserved
[194.583s][info   ][gc,metaspace] GC(53) O: Metaspace: 87M used, 101M committed, 3200M reserved
[194.584s][info   ][gc          ] GC(53) Major Collection (System.gc()) 2228M(36%)->2228M(36%) 2.844s
[194.584s][info   ][gc          ] GC(54) Major Collection (System.gc())
[194.600s][info   ][gc,metaspace] GC(54) Y: Metaspace: 87M used, 101M committed, 3200M reserved
[194.614s][info   ][gc,metaspace] GC(54) Y: Metaspace: 87M used, 101M committed, 3200M reserved
[197.936s][info   ][gc,metaspace] GC(54) O: Metaspace: 87M used, 101M committed, 3200M reserved
[197.936s][info   ][gc          ] GC(54) Major Collection (System.gc()) 2228M(36%)->2228M(36%) 3.352s
[197.936s][info   ][gc          ] GC(55) Major Collection (System.gc())
[197.950s][info   ][gc,metaspace] GC(55) Y: Metaspace: 87M used, 101M committed, 3200M reserved
[197.964s][info   ][gc,metaspace] GC(55) Y: Metaspace: 87M used, 101M committed, 3200M reserved
[200.749s][info   ][gc,metaspace] GC(55) O: Metaspace: 87M used, 101M committed, 3200M reserved
[200.749s][info   ][gc          ] GC(55) Major Collection (System.gc()) 2228M(36%)->2228M(36%) 2.813s
[200.750s][info   ][gc          ] GC(56) Major Collection (System.gc())
[200.764s][info   ][gc,metaspace] GC(56) Y: Metaspace: 87M used, 101M committed, 3200M reserved
[200.778s][info   ][gc,metaspace] GC(56) Y: Metaspace: 87M used, 101M committed, 3200M reserved
[203.720s][info   ][gc,metaspace] GC(56) O: Metaspace: 87M used, 101M committed, 3200M reserved
[203.720s][info   ][gc          ] GC(56) Major Collection (System.gc()) 2228M(36%)->2228M(36%) 2.971s
[203.721s][info   ][gc          ] GC(57) Major Collection (System.gc())
[203.735s][info   ][gc,metaspace] GC(57) Y: Metaspace: 87M used, 101M committed, 3200M reserved
[203.749s][info   ][gc,metaspace] GC(57) Y: Metaspace: 87M used, 101M committed, 3200M reserved
[206.570s][info   ][gc,metaspace] GC(57) O: Metaspace: 87M used, 101M committed, 3200M reserved
[206.570s][info   ][gc          ] GC(57) Major Collection (System.gc()) 2228M(36%)->2228M(36%) 2.849s
[206.570s][info   ][gc          ] GC(58) Major Collection (System.gc())
[206.586s][info   ][gc,metaspace] GC(58) Y: Metaspace: 87M used, 101M committed, 3200M reserved
[206.600s][info   ][gc,metaspace] GC(58) Y: Metaspace: 87M used, 101M committed, 3200M reserved
[209.561s][info   ][gc,metaspace] GC(58) O: Metaspace: 87M used, 101M committed, 3200M reserved
[209.561s][info   ][gc          ] GC(58) Major Collection (System.gc()) 2228M(36%)->2228M(36%) 2.991s
[209.561s][info   ][gc          ] GC(59) Major Collection (System.gc())
[209.576s][info   ][gc,metaspace] GC(59) Y: Metaspace: 87M used, 101M committed, 3200M reserved
[209.590s][info   ][gc,metaspace] GC(59) Y: Metaspace: 87M used, 101M committed, 3200M reserved
[212.340s][info   ][gc,metaspace] GC(59) O: Metaspace: 87M used, 101M committed, 3200M reserved
[212.340s][info   ][gc          ] GC(59) Major Collection (System.gc()) 2228M(36%)->2228M(36%) 2.779s
[212.340s][info   ][gc          ] GC(60) Major Collection (System.gc())
[212.355s][info   ][gc,metaspace] GC(60) Y: Metaspace: 87M used, 101M committed, 3200M reserved
[212.369s][info   ][gc,metaspace] GC(60) Y: Metaspace: 87M used, 101M committed, 3200M reserved
[215.191s][info   ][gc,metaspace] GC(60) O: Metaspace: 87M used, 101M committed, 3200M reserved
[215.191s][info   ][gc          ] GC(60) Major Collection (System.gc()) 2228M(36%)->2228M(36%) 2.850s
[215.191s][info   ][gc          ] GC(61) Major Collection (System.gc())
[215.205s][info   ][gc,metaspace] GC(61) Y: Metaspace: 87M used, 101M committed, 3200M reserved
[215.219s][info   ][gc,metaspace] GC(61) Y: Metaspace: 87M used, 101M committed, 3200M reserved
[218.036s][info   ][gc,metaspace] GC(61) O: Metaspace: 87M used, 101M committed, 3200M reserved
[218.036s][info   ][gc          ] GC(61) Major Collection (System.gc()) 2228M(36%)->2228M(36%) 2.845s
[218.036s][info   ][gc          ] GC(62) Major Collection (System.gc())
[218.052s][info   ][gc,metaspace] GC(62) Y: Metaspace: 87M used, 101M committed, 3200M reserved
[218.066s][info   ][gc,metaspace] GC(62) Y: Metaspace: 87M used, 101M committed, 3200M reserved
[220.862s][info   ][gc,metaspace] GC(62) O: Metaspace: 87M used, 101M committed, 3200M reserved
[220.862s][info   ][gc          ] GC(62) Major Collection (System.gc()) 2228M(36%)->2228M(36%) 2.826s
After GCs... 
