[0.002s][warning][pagesize] UseLargePages disabled, no large pages configured and available on the system.
[0.002s][info   ][metaspace]  - commit_granule_bytes: 65536.
[0.002s][info   ][metaspace]  - commit_granule_words: 8192.
[0.002s][info   ][metaspace]  - virtual_space_node_default_size: 8388608.
[0.002s][info   ][metaspace]  - enlarge_chunks_in_place: 1.
[0.002s][info   ][metaspace]  - use_allocation_guard: 0.
[4.614s][info   ][gc       ] Using The Z Garbage Collector
[4.614s][info   ][metaspace] Reserving compressed class space anywhere
[4.614s][info   ][gc,metaspace] CDS archive(s) not mapped
[4.614s][info   ][gc,metaspace] Compressed class space mapped at: 0x0000000009000000-0x00000000c9000000, reserved size: 3221225472
[4.614s][info   ][gc,metaspace] UseCompressedClassPointers 1, UseCompactObjectHeaders 1, narrow klass pointer bits 22, max shift 10
[4.614s][info   ][gc,metaspace] Narrow klass base: 0x0000000009000000, Narrow klass shift: 10, Narrow klass range: 0xc0000000
Random Seed: 12345678
Num Classes: 16384
Num Objects: 67108864
Percent IK Objects: 83.0%)
Percent OAK Objects: 5.0%)
Percent TAK Objects: 12.0%)
Cycles: 50
Loading 16384 pre-generated classes ...
Materialize pre-generated constructors ...
Creating objects...
[5.332s][info   ][gc          ] GC(0) Major Collection (System.gc())
[5.383s][info   ][gc,metaspace] GC(0) Y: Metaspace: 35M used, 36M committed, 3136M reserved
[5.389s][info   ][gc,metaspace] GC(0) Y: Metaspace: 35M used, 36M committed, 3136M reserved
[5.417s][info   ][gc,metaspace] GC(0) O: Metaspace: 35M used, 36M committed, 3136M reserved
[5.417s][info   ][gc          ] GC(0) Major Collection (System.gc()) 108M(2%)->54M(1%) 0.084s
[5.574s][info   ][gc          ] GC(1) Major Collection (Warmup)
[5.716s][info   ][gc,metaspace] GC(1) Y: Metaspace: 36M used, 37M committed, 3136M reserved
[5.763s][info   ][gc,metaspace] GC(1) O: Metaspace: 36M used, 37M committed, 3136M reserved
[5.763s][info   ][gc          ] GC(1) Major Collection (Warmup) 620M(10%)->658M(11%) 0.190s
[6.772s][info   ][gc          ] GC(2) Major Collection (Warmup)
[8.006s][info   ][gc,metaspace] GC(2) Y: Metaspace: 65M used, 81M committed, 3136M reserved
[8.009s][info   ][gc          ] GC(3) Minor Collection (Allocation Rate)
[8.376s][info   ][gc,metaspace] GC(3) y: Metaspace: 67M used, 84M committed, 3136M reserved
[8.376s][info   ][gc          ] GC(3) Minor Collection (Allocation Rate) 1362M(22%)->806M(13%) 0.368s
[8.412s][info   ][gc,metaspace] GC(2) O: Metaspace: 67M used, 84M committed, 3136M reserved
[8.412s][info   ][gc          ] GC(2) Major Collection (Warmup) 1232M(20%)->812M(13%) 1.640s
[13.264s][info   ][gc          ] GC(4) Major Collection (Warmup)
[13.927s][info   ][gc,metaspace] GC(4) Y: Metaspace: 75M used, 91M committed, 3136M reserved
[15.096s][info   ][gc,metaspace] GC(4) O: Metaspace: 81M used, 96M committed, 3136M reserved
[15.096s][info   ][gc          ] GC(4) Major Collection (Warmup) 1844M(30%)->1154M(19%) 1.832s
[25.362s][info   ][gc          ] GC(5) Minor Collection (Allocation Rate)
[27.529s][info   ][gc,metaspace] GC(5) y: Metaspace: 87M used, 101M committed, 3200M reserved
[27.530s][info   ][gc          ] GC(5) Minor Collection (Allocation Rate) 4032M(66%)->1662M(27%) 2.168s
[31.910s][info   ][gc          ] GC(6) Minor Collection (Allocation Rate)
[33.601s][info   ][gc,metaspace] GC(6) y: Metaspace: 87M used, 101M committed, 3200M reserved
[33.601s][info   ][gc          ] GC(6) Minor Collection (Allocation Rate) 2920M(48%)->1704M(28%) 1.691s
[41.679s][info   ][gc          ] GC(7) Minor Collection (Allocation Rate)
[44.842s][info   ][gc,metaspace] GC(7) y: Metaspace: 87M used, 101M committed, 3200M reserved
[44.842s][info   ][gc          ] GC(7) Minor Collection (Allocation Rate) 4030M(66%)->2390M(39%) 3.163s
[46.627s][info   ][gc          ] GC(8) Major Collection (Allocation Rate)
[48.083s][info   ][gc,metaspace] GC(8) Y: Metaspace: 87M used, 101M committed, 3200M reserved
[51.489s][info   ][gc,metaspace] GC(8) O: Metaspace: 87M used, 101M committed, 3200M reserved
[51.489s][info   ][gc          ] GC(8) Major Collection (Allocation Rate) 2900M(47%)->3024M(49%) 4.862s
[53.460s][info   ][gc          ] GC(9) Minor Collection (Allocation Rate)
[55.802s][info   ][gc,metaspace] GC(9) y: Metaspace: 87M used, 101M committed, 3200M reserved
[55.802s][info   ][gc          ] GC(9) Minor Collection (Allocation Rate) 3588M(58%)->2462M(40%) 2.342s
[60.695s][info   ][gc          ] GC(10) Minor Collection (Allocation Rate)
[62.237s][info   ][gc,metaspace] GC(10) y: Metaspace: 87M used, 101M committed, 3200M reserved
[62.237s][info   ][gc          ] GC(10) Minor Collection (Allocation Rate) 3880M(63%)->2452M(40%) 1.541s
[68.454s][info   ][gc          ] GC(11) Minor Collection (Allocation Rate)
67108864 Objects created
 - IK: 55699211 (82.99829%)
 - OAK: 3355627 (5.0002737%)
 - TAK: 8054026 (12.001434%)
Preparatory GC...
[70.232s][info   ][gc,metaspace] GC(11) y: Metaspace: 87M used, 101M committed, 3200M reserved
[70.232s][info   ][gc          ] GC(11) Minor Collection (Allocation Rate) 4264M(69%)->2370M(39%) 1.778s
[70.232s][info   ][gc          ] GC(12) Major Collection (System.gc())
[72.833s][info   ][gc,metaspace] GC(12) Y: Metaspace: 87M used, 101M committed, 3200M reserved
[73.156s][info   ][gc,metaspace] GC(12) Y: Metaspace: 87M used, 101M committed, 3200M reserved
[76.629s][info   ][gc,metaspace] GC(12) O: Metaspace: 87M used, 101M committed, 3200M reserved
[76.629s][info   ][gc          ] GC(12) Major Collection (System.gc()) 2370M(39%)->2228M(36%) 6.397s
[76.629s][info   ][gc          ] GC(13) Major Collection (System.gc())
[76.652s][info   ][gc,metaspace] GC(13) Y: Metaspace: 87M used, 101M committed, 3200M reserved
[76.671s][info   ][gc,metaspace] GC(13) Y: Metaspace: 87M used, 101M committed, 3200M reserved
[79.626s][info   ][gc,metaspace] GC(13) O: Metaspace: 87M used, 101M committed, 3200M reserved
[79.626s][info   ][gc          ] GC(13) Major Collection (System.gc()) 2228M(36%)->2228M(36%) 2.998s
Done; will start GCs... 
[79.627s][info   ][gc          ] GC(14) Major Collection (System.gc())
[79.650s][info   ][gc,metaspace] GC(14) Y: Metaspace: 87M used, 101M committed, 3200M reserved
[79.668s][info   ][gc,metaspace] GC(14) Y: Metaspace: 87M used, 101M committed, 3200M reserved
[82.565s][info   ][gc,metaspace] GC(14) O: Metaspace: 87M used, 101M committed, 3200M reserved
[82.565s][info   ][gc          ] GC(14) Major Collection (System.gc()) 2230M(36%)->2228M(36%) 2.938s
[82.565s][info   ][gc          ] GC(15) Major Collection (System.gc())
[82.580s][info   ][gc,metaspace] GC(15) Y: Metaspace: 87M used, 101M committed, 3200M reserved
[82.594s][info   ][gc,metaspace] GC(15) Y: Metaspace: 87M used, 101M committed, 3200M reserved
[85.503s][info   ][gc,metaspace] GC(15) O: Metaspace: 87M used, 101M committed, 3200M reserved
[85.503s][info   ][gc          ] GC(15) Major Collection (System.gc()) 2228M(36%)->2228M(36%) 2.938s
[85.503s][info   ][gc          ] GC(16) Major Collection (System.gc())
[85.518s][info   ][gc,metaspace] GC(16) Y: Metaspace: 87M used, 101M committed, 3200M reserved
[85.532s][info   ][gc,metaspace] GC(16) Y: Metaspace: 87M used, 101M committed, 3200M reserved
[88.453s][info   ][gc,metaspace] GC(16) O: Metaspace: 87M used, 101M committed, 3200M reserved
[88.453s][info   ][gc          ] GC(16) Major Collection (System.gc()) 2228M(36%)->2228M(36%) 2.950s
[88.453s][info   ][gc          ] GC(17) Major Collection (System.gc())
[88.468s][info   ][gc,metaspace] GC(17) Y: Metaspace: 87M used, 101M committed, 3200M reserved
[88.482s][info   ][gc,metaspace] GC(17) Y: Metaspace: 87M used, 101M committed, 3200M reserved
[91.404s][info   ][gc,metaspace] GC(17) O: Metaspace: 87M used, 101M committed, 3200M reserved
[91.404s][info   ][gc          ] GC(17) Major Collection (System.gc()) 2228M(36%)->2228M(36%) 2.951s
[91.405s][info   ][gc          ] GC(18) Major Collection (System.gc())
[91.420s][info   ][gc,metaspace] GC(18) Y: Metaspace: 87M used, 101M committed, 3200M reserved
[91.434s][info   ][gc,metaspace] GC(18) Y: Metaspace: 87M used, 101M committed, 3200M reserved
[94.355s][info   ][gc,metaspace] GC(18) O: Metaspace: 87M used, 101M committed, 3200M reserved
[94.355s][info   ][gc          ] GC(18) Major Collection (System.gc()) 2228M(36%)->2228M(36%) 2.951s
[94.356s][info   ][gc          ] GC(19) Major Collection (System.gc())
[94.370s][info   ][gc,metaspace] GC(19) Y: Metaspace: 87M used, 101M committed, 3200M reserved
[94.384s][info   ][gc,metaspace] GC(19) Y: Metaspace: 87M used, 101M committed, 3200M reserved
[97.316s][info   ][gc,metaspace] GC(19) O: Metaspace: 87M used, 101M committed, 3200M reserved
[97.316s][info   ][gc          ] GC(19) Major Collection (System.gc()) 2228M(36%)->2228M(36%) 2.960s
[97.316s][info   ][gc          ] GC(20) Major Collection (System.gc())
[97.331s][info   ][gc,metaspace] GC(20) Y: Metaspace: 87M used, 101M committed, 3200M reserved
[97.345s][info   ][gc,metaspace] GC(20) Y: Metaspace: 87M used, 101M committed, 3200M reserved
[100.276s][info   ][gc,metaspace] GC(20) O: Metaspace: 87M used, 101M committed, 3200M reserved
[100.276s][info   ][gc          ] GC(20) Major Collection (System.gc()) 2228M(36%)->2228M(36%) 2.960s
[100.276s][info   ][gc          ] GC(21) Major Collection (System.gc())
[100.291s][info   ][gc,metaspace] GC(21) Y: Metaspace: 87M used, 101M committed, 3200M reserved
[100.305s][info   ][gc,metaspace] GC(21) Y: Metaspace: 87M used, 101M committed, 3200M reserved
[103.230s][info   ][gc,metaspace] GC(21) O: Metaspace: 87M used, 101M committed, 3200M reserved
[103.230s][info   ][gc          ] GC(21) Major Collection (System.gc()) 2228M(36%)->2228M(36%) 2.955s
[103.231s][info   ][gc          ] GC(22) Major Collection (System.gc())
[103.246s][info   ][gc,metaspace] GC(22) Y: Metaspace: 87M used, 101M committed, 3200M reserved
[103.260s][info   ][gc,metaspace] GC(22) Y: Metaspace: 87M used, 101M committed, 3200M reserved
[106.182s][info   ][gc,metaspace] GC(22) O: Metaspace: 87M used, 101M committed, 3200M reserved
[106.182s][info   ][gc          ] GC(22) Major Collection (System.gc()) 2228M(36%)->2228M(36%) 2.951s
[106.182s][info   ][gc          ] GC(23) Major Collection (System.gc())
[106.196s][info   ][gc,metaspace] GC(23) Y: Metaspace: 87M used, 101M committed, 3200M reserved
[106.211s][info   ][gc,metaspace] GC(23) Y: Metaspace: 87M used, 101M committed, 3200M reserved
[109.127s][info   ][gc,metaspace] GC(23) O: Metaspace: 87M used, 101M committed, 3200M reserved
[109.127s][info   ][gc          ] GC(23) Major Collection (System.gc()) 2228M(36%)->2228M(36%) 2.945s
[109.127s][info   ][gc          ] GC(24) Major Collection (System.gc())
[109.142s][info   ][gc,metaspace] GC(24) Y: Metaspace: 87M used, 101M committed, 3200M reserved
[109.156s][info   ][gc,metaspace] GC(24) Y: Metaspace: 87M used, 101M committed, 3200M reserved
[112.078s][info   ][gc,metaspace] GC(24) O: Metaspace: 87M used, 101M committed, 3200M reserved
[112.078s][info   ][gc          ] GC(24) Major Collection (System.gc()) 2228M(36%)->2228M(36%) 2.951s
[112.078s][info   ][gc          ] GC(25) Major Collection (System.gc())
[112.092s][info   ][gc,metaspace] GC(25) Y: Metaspace: 87M used, 101M committed, 3200M reserved
[112.106s][info   ][gc,metaspace] GC(25) Y: Metaspace: 87M used, 101M committed, 3200M reserved
[115.027s][info   ][gc,metaspace] GC(25) O: Metaspace: 87M used, 101M committed, 3200M reserved
[115.028s][info   ][gc          ] GC(25) Major Collection (System.gc()) 2228M(36%)->2228M(36%) 2.950s
[115.028s][info   ][gc          ] GC(26) Major Collection (System.gc())
[115.043s][info   ][gc,metaspace] GC(26) Y: Metaspace: 87M used, 101M committed, 3200M reserved
[115.057s][info   ][gc,metaspace] GC(26) Y: Metaspace: 87M used, 101M committed, 3200M reserved
[118.074s][info   ][gc,metaspace] GC(26) O: Metaspace: 87M used, 101M committed, 3200M reserved
[118.074s][info   ][gc          ] GC(26) Major Collection (System.gc()) 2228M(36%)->2228M(36%) 3.046s
[118.074s][info   ][gc          ] GC(27) Major Collection (System.gc())
[118.089s][info   ][gc,metaspace] GC(27) Y: Metaspace: 87M used, 101M committed, 3200M reserved
[118.103s][info   ][gc,metaspace] GC(27) Y: Metaspace: 87M used, 101M committed, 3200M reserved
[121.045s][info   ][gc,metaspace] GC(27) O: Metaspace: 87M used, 101M committed, 3200M reserved
[121.045s][info   ][gc          ] GC(27) Major Collection (System.gc()) 2228M(36%)->2228M(36%) 2.971s
[121.045s][info   ][gc          ] GC(28) Major Collection (System.gc())
[121.060s][info   ][gc,metaspace] GC(28) Y: Metaspace: 87M used, 101M committed, 3200M reserved
[121.074s][info   ][gc,metaspace] GC(28) Y: Metaspace: 87M used, 101M committed, 3200M reserved
[124.004s][info   ][gc,metaspace] GC(28) O: Metaspace: 87M used, 101M committed, 3200M reserved
[124.004s][info   ][gc          ] GC(28) Major Collection (System.gc()) 2228M(36%)->2228M(36%) 2.958s
[124.004s][info   ][gc          ] GC(29) Major Collection (System.gc())
[124.018s][info   ][gc,metaspace] GC(29) Y: Metaspace: 87M used, 101M committed, 3200M reserved
[124.032s][info   ][gc,metaspace] GC(29) Y: Metaspace: 87M used, 101M committed, 3200M reserved
[126.982s][info   ][gc,metaspace] GC(29) O: Metaspace: 87M used, 101M committed, 3200M reserved
[126.982s][info   ][gc          ] GC(29) Major Collection (System.gc()) 2228M(36%)->2230M(36%) 2.978s
[126.983s][info   ][gc          ] GC(30) Major Collection (System.gc())
[126.998s][info   ][gc,metaspace] GC(30) Y: Metaspace: 87M used, 101M committed, 3200M reserved
[127.012s][info   ][gc,metaspace] GC(30) Y: Metaspace: 87M used, 101M committed, 3200M reserved
[130.012s][info   ][gc,metaspace] GC(30) O: Metaspace: 87M used, 101M committed, 3200M reserved
[130.012s][info   ][gc          ] GC(30) Major Collection (System.gc()) 2230M(36%)->2228M(36%) 3.029s
[130.012s][info   ][gc          ] GC(31) Major Collection (System.gc())
[130.029s][info   ][gc,metaspace] GC(31) Y: Metaspace: 87M used, 101M committed, 3200M reserved
[130.044s][info   ][gc,metaspace] GC(31) Y: Metaspace: 87M used, 101M committed, 3200M reserved
[133.000s][info   ][gc,metaspace] GC(31) O: Metaspace: 87M used, 101M committed, 3200M reserved
[133.000s][info   ][gc          ] GC(31) Major Collection (System.gc()) 2228M(36%)->2228M(36%) 2.988s
[133.000s][info   ][gc          ] GC(32) Major Collection (System.gc())
[133.015s][info   ][gc,metaspace] GC(32) Y: Metaspace: 87M used, 101M committed, 3200M reserved
[133.029s][info   ][gc,metaspace] GC(32) Y: Metaspace: 87M used, 101M committed, 3200M reserved
[135.984s][info   ][gc,metaspace] GC(32) O: Metaspace: 87M used, 101M committed, 3200M reserved
[135.984s][info   ][gc          ] GC(32) Major Collection (System.gc()) 2228M(36%)->2228M(36%) 2.984s
[135.984s][info   ][gc          ] GC(33) Major Collection (System.gc())
[135.998s][info   ][gc,metaspace] GC(33) Y: Metaspace: 87M used, 101M committed, 3200M reserved
[136.012s][info   ][gc,metaspace] GC(33) Y: Metaspace: 87M used, 101M committed, 3200M reserved
[138.945s][info   ][gc,metaspace] GC(33) O: Metaspace: 87M used, 101M committed, 3200M reserved
[138.945s][info   ][gc          ] GC(33) Major Collection (System.gc()) 2228M(36%)->2228M(36%) 2.961s
[138.945s][info   ][gc          ] GC(34) Major Collection (System.gc())
[138.960s][info   ][gc,metaspace] GC(34) Y: Metaspace: 87M used, 101M committed, 3200M reserved
[138.974s][info   ][gc,metaspace] GC(34) Y: Metaspace: 87M used, 101M committed, 3200M reserved
[141.916s][info   ][gc,metaspace] GC(34) O: Metaspace: 87M used, 101M committed, 3200M reserved
[141.916s][info   ][gc          ] GC(34) Major Collection (System.gc()) 2228M(36%)->2228M(36%) 2.972s
[141.917s][info   ][gc          ] GC(35) Major Collection (System.gc())
[141.932s][info   ][gc,metaspace] GC(35) Y: Metaspace: 87M used, 101M committed, 3200M reserved
[141.946s][info   ][gc,metaspace] GC(35) Y: Metaspace: 87M used, 101M committed, 3200M reserved
[144.882s][info   ][gc,metaspace] GC(35) O: Metaspace: 87M used, 101M committed, 3200M reserved
[144.882s][info   ][gc          ] GC(35) Major Collection (System.gc()) 2228M(36%)->2228M(36%) 2.966s
[144.883s][info   ][gc          ] GC(36) Major Collection (System.gc())
[144.897s][info   ][gc,metaspace] GC(36) Y: Metaspace: 87M used, 101M committed, 3200M reserved
[144.912s][info   ][gc,metaspace] GC(36) Y: Metaspace: 87M used, 101M committed, 3200M reserved
[147.859s][info   ][gc,metaspace] GC(36) O: Metaspace: 87M used, 101M committed, 3200M reserved
[147.859s][info   ][gc          ] GC(36) Major Collection (System.gc()) 2228M(36%)->2228M(36%) 2.976s
[147.859s][info   ][gc          ] GC(37) Major Collection (System.gc())
[147.874s][info   ][gc,metaspace] GC(37) Y: Metaspace: 87M used, 101M committed, 3200M reserved
[147.888s][info   ][gc,metaspace] GC(37) Y: Metaspace: 87M used, 101M committed, 3200M reserved
[150.829s][info   ][gc,metaspace] GC(37) O: Metaspace: 87M used, 101M committed, 3200M reserved
[150.829s][info   ][gc          ] GC(37) Major Collection (System.gc()) 2228M(36%)->2228M(36%) 2.970s
[150.829s][info   ][gc          ] GC(38) Major Collection (System.gc())
[150.844s][info   ][gc,metaspace] GC(38) Y: Metaspace: 87M used, 101M committed, 3200M reserved
[150.860s][info   ][gc,metaspace] GC(38) Y: Metaspace: 87M used, 101M committed, 3200M reserved
[153.797s][info   ][gc,metaspace] GC(38) O: Metaspace: 87M used, 101M committed, 3200M reserved
[153.797s][info   ][gc          ] GC(38) Major Collection (System.gc()) 2228M(36%)->2228M(36%) 2.967s
[153.797s][info   ][gc          ] GC(39) Major Collection (System.gc())
[153.811s][info   ][gc,metaspace] GC(39) Y: Metaspace: 87M used, 101M committed, 3200M reserved
[153.825s][info   ][gc,metaspace] GC(39) Y: Metaspace: 87M used, 101M committed, 3200M reserved
[156.769s][info   ][gc,metaspace] GC(39) O: Metaspace: 87M used, 101M committed, 3200M reserved
[156.769s][info   ][gc          ] GC(39) Major Collection (System.gc()) 2228M(36%)->2228M(36%) 2.972s
[156.769s][info   ][gc          ] GC(40) Major Collection (System.gc())
[156.784s][info   ][gc,metaspace] GC(40) Y: Metaspace: 87M used, 101M committed, 3200M reserved
[156.798s][info   ][gc,metaspace] GC(40) Y: Metaspace: 87M used, 101M committed, 3200M reserved
[159.851s][info   ][gc,metaspace] GC(40) O: Metaspace: 87M used, 101M committed, 3200M reserved
[159.851s][info   ][gc          ] GC(40) Major Collection (System.gc()) 2228M(36%)->2228M(36%) 3.082s
[159.851s][info   ][gc          ] GC(41) Major Collection (System.gc())
[159.866s][info   ][gc,metaspace] GC(41) Y: Metaspace: 87M used, 101M committed, 3200M reserved
[159.880s][info   ][gc,metaspace] GC(41) Y: Metaspace: 87M used, 101M committed, 3200M reserved
[162.846s][info   ][gc,metaspace] GC(41) O: Metaspace: 87M used, 101M committed, 3200M reserved
[162.846s][info   ][gc          ] GC(41) Major Collection (System.gc()) 2228M(36%)->2228M(36%) 2.995s
[162.846s][info   ][gc          ] GC(42) Major Collection (System.gc())
[162.864s][info   ][gc,metaspace] GC(42) Y: Metaspace: 87M used, 101M committed, 3200M reserved
[162.878s][info   ][gc,metaspace] GC(42) Y: Metaspace: 87M used, 101M committed, 3200M reserved
[165.823s][info   ][gc,metaspace] GC(42) O: Metaspace: 87M used, 101M committed, 3200M reserved
[165.823s][info   ][gc          ] GC(42) Major Collection (System.gc()) 2228M(36%)->2228M(36%) 2.977s
[165.823s][info   ][gc          ] GC(43) Major Collection (System.gc())
[165.838s][info   ][gc,metaspace] GC(43) Y: Metaspace: 87M used, 101M committed, 3200M reserved
[165.852s][info   ][gc,metaspace] GC(43) Y: Metaspace: 87M used, 101M committed, 3200M reserved
[168.825s][info   ][gc,metaspace] GC(43) O: Metaspace: 87M used, 101M committed, 3200M reserved
[168.826s][info   ][gc          ] GC(43) Major Collection (System.gc()) 2228M(36%)->2228M(36%) 3.002s
[168.826s][info   ][gc          ] GC(44) Major Collection (System.gc())
[168.840s][info   ][gc,metaspace] GC(44) Y: Metaspace: 87M used, 101M committed, 3200M reserved
[168.854s][info   ][gc,metaspace] GC(44) Y: Metaspace: 87M used, 101M committed, 3200M reserved
[171.793s][info   ][gc,metaspace] GC(44) O: Metaspace: 87M used, 101M committed, 3200M reserved
[171.793s][info   ][gc          ] GC(44) Major Collection (System.gc()) 2228M(36%)->2228M(36%) 2.968s
[171.794s][info   ][gc          ] GC(45) Major Collection (System.gc())
[171.808s][info   ][gc,metaspace] GC(45) Y: Metaspace: 87M used, 101M committed, 3200M reserved
[171.822s][info   ][gc,metaspace] GC(45) Y: Metaspace: 87M used, 101M committed, 3200M reserved
[174.797s][info   ][gc,metaspace] GC(45) O: Metaspace: 87M used, 101M committed, 3200M reserved
[174.797s][info   ][gc          ] GC(45) Major Collection (System.gc()) 2228M(36%)->2228M(36%) 3.003s
[174.797s][info   ][gc          ] GC(46) Major Collection (System.gc())
[174.813s][info   ][gc,metaspace] GC(46) Y: Metaspace: 87M used, 101M committed, 3200M reserved
[174.827s][info   ][gc,metaspace] GC(46) Y: Metaspace: 87M used, 101M committed, 3200M reserved
[177.763s][info   ][gc,metaspace] GC(46) O: Metaspace: 87M used, 101M committed, 3200M reserved
[177.763s][info   ][gc          ] GC(46) Major Collection (System.gc()) 2228M(36%)->2228M(36%) 2.966s
[177.768s][info   ][gc          ] GC(47) Major Collection (System.gc())
[177.782s][info   ][gc,metaspace] GC(47) Y: Metaspace: 87M used, 101M committed, 3200M reserved
[177.796s][info   ][gc,metaspace] GC(47) Y: Metaspace: 87M used, 101M committed, 3200M reserved
[180.719s][info   ][gc,metaspace] GC(47) O: Metaspace: 87M used, 101M committed, 3200M reserved
[180.719s][info   ][gc          ] GC(47) Major Collection (System.gc()) 2228M(36%)->2228M(36%) 2.951s
[180.719s][info   ][gc          ] GC(48) Major Collection (System.gc())
[180.734s][info   ][gc,metaspace] GC(48) Y: Metaspace: 87M used, 101M committed, 3200M reserved
[180.748s][info   ][gc,metaspace] GC(48) Y: Metaspace: 87M used, 101M committed, 3200M reserved
[183.665s][info   ][gc,metaspace] GC(48) O: Metaspace: 87M used, 101M committed, 3200M reserved
[183.665s][info   ][gc          ] GC(48) Major Collection (System.gc()) 2228M(36%)->2228M(36%) 2.946s
[183.670s][info   ][gc          ] GC(49) Major Collection (System.gc())
[183.684s][info   ][gc,metaspace] GC(49) Y: Metaspace: 87M used, 101M committed, 3200M reserved
[183.698s][info   ][gc,metaspace] GC(49) Y: Metaspace: 87M used, 101M committed, 3200M reserved
[186.625s][info   ][gc,metaspace] GC(49) O: Metaspace: 87M used, 101M committed, 3200M reserved
[186.625s][info   ][gc          ] GC(49) Major Collection (System.gc()) 2228M(36%)->2230M(36%) 2.956s
[186.626s][info   ][gc          ] GC(50) Major Collection (System.gc())
[186.641s][info   ][gc,metaspace] GC(50) Y: Metaspace: 87M used, 101M committed, 3200M reserved
[186.655s][info   ][gc,metaspace] GC(50) Y: Metaspace: 87M used, 101M committed, 3200M reserved
[189.596s][info   ][gc,metaspace] GC(50) O: Metaspace: 87M used, 101M committed, 3200M reserved
[189.600s][info   ][gc          ] GC(50) Major Collection (System.gc()) 2230M(36%)->2228M(36%) 2.975s
[189.600s][info   ][gc          ] GC(51) Major Collection (System.gc())
[189.617s][info   ][gc,metaspace] GC(51) Y: Metaspace: 87M used, 101M committed, 3200M reserved
[189.631s][info   ][gc,metaspace] GC(51) Y: Metaspace: 87M used, 101M committed, 3200M reserved
[192.988s][info   ][gc,metaspace] GC(51) O: Metaspace: 87M used, 101M committed, 3200M reserved
[192.988s][info   ][gc          ] GC(51) Major Collection (System.gc()) 2228M(36%)->2228M(36%) 3.388s
[192.989s][info   ][gc          ] GC(52) Major Collection (System.gc())
[193.003s][info   ][gc,metaspace] GC(52) Y: Metaspace: 87M used, 101M committed, 3200M reserved
[193.017s][info   ][gc,metaspace] GC(52) Y: Metaspace: 87M used, 101M committed, 3200M reserved
[195.950s][info   ][gc,metaspace] GC(52) O: Metaspace: 87M used, 101M committed, 3200M reserved
[195.950s][info   ][gc          ] GC(52) Major Collection (System.gc()) 2228M(36%)->2228M(36%) 2.961s
[195.950s][info   ][gc          ] GC(53) Major Collection (System.gc())
[195.964s][info   ][gc,metaspace] GC(53) Y: Metaspace: 87M used, 101M committed, 3200M reserved
[195.978s][info   ][gc,metaspace] GC(53) Y: Metaspace: 87M used, 101M committed, 3200M reserved
[198.933s][info   ][gc,metaspace] GC(53) O: Metaspace: 87M used, 101M committed, 3200M reserved
[198.933s][info   ][gc          ] GC(53) Major Collection (System.gc()) 2228M(36%)->2228M(36%) 2.983s
[198.933s][info   ][gc          ] GC(54) Major Collection (System.gc())
[198.949s][info   ][gc,metaspace] GC(54) Y: Metaspace: 87M used, 101M committed, 3200M reserved
[198.963s][info   ][gc,metaspace] GC(54) Y: Metaspace: 87M used, 101M committed, 3200M reserved
[201.923s][info   ][gc,metaspace] GC(54) O: Metaspace: 87M used, 101M committed, 3200M reserved
[201.923s][info   ][gc          ] GC(54) Major Collection (System.gc()) 2228M(36%)->2228M(36%) 2.990s
[201.923s][info   ][gc          ] GC(55) Major Collection (System.gc())
[201.938s][info   ][gc,metaspace] GC(55) Y: Metaspace: 87M used, 101M committed, 3200M reserved
[201.952s][info   ][gc,metaspace] GC(55) Y: Metaspace: 87M used, 101M committed, 3200M reserved
[204.896s][info   ][gc,metaspace] GC(55) O: Metaspace: 87M used, 101M committed, 3200M reserved
[204.896s][info   ][gc          ] GC(55) Major Collection (System.gc()) 2228M(36%)->2228M(36%) 2.973s
[204.896s][info   ][gc          ] GC(56) Major Collection (System.gc())
[204.910s][info   ][gc,metaspace] GC(56) Y: Metaspace: 87M used, 101M committed, 3200M reserved
[204.924s][info   ][gc,metaspace] GC(56) Y: Metaspace: 87M used, 101M committed, 3200M reserved
[207.871s][info   ][gc,metaspace] GC(56) O: Metaspace: 87M used, 101M committed, 3200M reserved
[207.871s][info   ][gc          ] GC(56) Major Collection (System.gc()) 2228M(36%)->2228M(36%) 2.975s
[207.871s][info   ][gc          ] GC(57) Major Collection (System.gc())
[207.886s][info   ][gc,metaspace] GC(57) Y: Metaspace: 87M used, 101M committed, 3200M reserved
[207.900s][info   ][gc,metaspace] GC(57) Y: Metaspace: 87M used, 101M committed, 3200M reserved
[210.823s][info   ][gc,metaspace] GC(57) O: Metaspace: 87M used, 101M committed, 3200M reserved
[210.823s][info   ][gc          ] GC(57) Major Collection (System.gc()) 2228M(36%)->2228M(36%) 2.952s
[210.823s][info   ][gc          ] GC(58) Major Collection (System.gc())
[210.839s][info   ][gc,metaspace] GC(58) Y: Metaspace: 87M used, 101M committed, 3200M reserved
[210.853s][info   ][gc,metaspace] GC(58) Y: Metaspace: 87M used, 101M committed, 3200M reserved
[213.774s][info   ][gc,metaspace] GC(58) O: Metaspace: 87M used, 101M committed, 3200M reserved
[213.774s][info   ][gc          ] GC(58) Major Collection (System.gc()) 2228M(36%)->2228M(36%) 2.950s
[213.778s][info   ][gc          ] GC(59) Major Collection (System.gc())
[213.793s][info   ][gc,metaspace] GC(59) Y: Metaspace: 87M used, 101M committed, 3200M reserved
[213.807s][info   ][gc,metaspace] GC(59) Y: Metaspace: 87M used, 101M committed, 3200M reserved
[216.735s][info   ][gc,metaspace] GC(59) O: Metaspace: 87M used, 101M committed, 3200M reserved
[216.735s][info   ][gc          ] GC(59) Major Collection (System.gc()) 2228M(36%)->2228M(36%) 2.957s
[216.735s][info   ][gc          ] GC(60) Major Collection (System.gc())
[216.750s][info   ][gc,metaspace] GC(60) Y: Metaspace: 87M used, 101M committed, 3200M reserved
[216.764s][info   ][gc,metaspace] GC(60) Y: Metaspace: 87M used, 101M committed, 3200M reserved
[219.708s][info   ][gc,metaspace] GC(60) O: Metaspace: 87M used, 101M committed, 3200M reserved
[219.708s][info   ][gc          ] GC(60) Major Collection (System.gc()) 2228M(36%)->2228M(36%) 2.973s
[219.708s][info   ][gc          ] GC(61) Major Collection (System.gc())
[219.723s][info   ][gc,metaspace] GC(61) Y: Metaspace: 87M used, 101M committed, 3200M reserved
[219.737s][info   ][gc,metaspace] GC(61) Y: Metaspace: 87M used, 101M committed, 3200M reserved
[222.667s][info   ][gc,metaspace] GC(61) O: Metaspace: 87M used, 101M committed, 3200M reserved
[222.667s][info   ][gc          ] GC(61) Major Collection (System.gc()) 2228M(36%)->2228M(36%) 2.959s
[222.667s][info   ][gc          ] GC(62) Major Collection (System.gc())
[222.683s][info   ][gc,metaspace] GC(62) Y: Metaspace: 87M used, 101M committed, 3200M reserved
[222.697s][info   ][gc,metaspace] GC(62) Y: Metaspace: 87M used, 101M committed, 3200M reserved
[225.641s][info   ][gc,metaspace] GC(62) O: Metaspace: 87M used, 101M committed, 3200M reserved
[225.641s][info   ][gc          ] GC(62) Major Collection (System.gc()) 2228M(36%)->2228M(36%) 2.974s
[225.646s][info   ][gc          ] GC(63) Major Collection (System.gc())
[225.660s][info   ][gc,metaspace] GC(63) Y: Metaspace: 87M used, 101M committed, 3200M reserved
[225.674s][info   ][gc,metaspace] GC(63) Y: Metaspace: 87M used, 101M committed, 3200M reserved
[228.620s][info   ][gc,metaspace] GC(63) O: Metaspace: 87M used, 101M committed, 3200M reserved
[228.620s][info   ][gc          ] GC(63) Major Collection (System.gc()) 2228M(36%)->2228M(36%) 2.974s
After GCs... 
