[0.001s][warning][pagesize] UseLargePages disabled, no large pages configured and available on the system.
[0.002s][info   ][metaspace]  - commit_granule_bytes: 65536.
[0.002s][info   ][metaspace]  - commit_granule_words: 8192.
[0.002s][info   ][metaspace]  - virtual_space_node_default_size: 8388608.
[0.002s][info   ][metaspace]  - enlarge_chunks_in_place: 1.
[0.002s][info   ][metaspace]  - use_allocation_guard: 0.
[4.366s][info   ][gc       ] Using The Z Garbage Collector
[4.366s][info   ][metaspace] Reserving compressed class space anywhere
[4.366s][info   ][gc,metaspace] CDS archive(s) not mapped
[4.366s][info   ][gc,metaspace] Compressed class space mapped at: 0x000000001e000000-0x00000000de000000, reserved size: 3221225472
[4.366s][info   ][gc,metaspace] UseCompressedClassPointers 1, UseCompactObjectHeaders 0, narrow klass pointer bits 32, max shift 3
[4.366s][info   ][gc,metaspace] Narrow klass base: 0x0000000000000000, Narrow klass shift: 0, Narrow klass range: 0xde000000
Random Seed: 12345678
Num Classes: 16384
Num Objects: 67108864
Percent IK Objects: 83.0%)
Percent OAK Objects: 5.0%)
Percent TAK Objects: 12.0%)
Cycles: 50
Loading 16384 pre-generated classes ...
Materialize pre-generated constructors ...
Creating objects...
[5.094s][info   ][gc          ] GC(0) Major Collection (System.gc())
[5.146s][info   ][gc,metaspace] GC(0) Y: Metaspace: 28M used, 28M committed, 3136M reserved
[5.153s][info   ][gc,metaspace] GC(0) Y: Metaspace: 28M used, 28M committed, 3136M reserved
[5.175s][info   ][gc,metaspace] GC(0) O: Metaspace: 28M used, 28M committed, 3136M reserved
[5.175s][info   ][gc          ] GC(0) Major Collection (System.gc()) 114M(2%)->52M(1%) 0.081s
[5.322s][info   ][gc          ] GC(1) Major Collection (Warmup)
[5.437s][info   ][gc,metaspace] GC(1) Y: Metaspace: 29M used, 29M committed, 3136M reserved
[5.498s][info   ][gc,metaspace] GC(1) O: Metaspace: 29M used, 29M committed, 3136M reserved
[5.498s][info   ][gc          ] GC(1) Major Collection (Warmup) 620M(10%)->642M(10%) 0.177s
[6.459s][info   ][gc          ] GC(2) Major Collection (Warmup)
[7.660s][info   ][gc,metaspace] GC(2) Y: Metaspace: 55M used, 70M committed, 3136M reserved
[7.667s][info   ][gc          ] GC(3) Minor Collection (Allocation Rate)
[7.869s][info   ][gc,metaspace] GC(3) y: Metaspace: 58M used, 74M committed, 3136M reserved
[7.869s][info   ][gc          ] GC(3) Minor Collection (Allocation Rate) 1396M(23%)->788M(13%) 0.202s
[7.924s][info   ][gc,metaspace] GC(2) O: Metaspace: 58M used, 75M committed, 3136M reserved
[7.924s][info   ][gc          ] GC(2) Major Collection (Warmup) 1232M(20%)->810M(13%) 1.465s
[12.131s][info   ][gc          ] GC(4) Major Collection (Warmup)
[12.622s][info   ][gc,metaspace] GC(4) Y: Metaspace: 66M used, 83M committed, 3136M reserved
[13.800s][info   ][gc,metaspace] GC(4) O: Metaspace: 75M used, 90M committed, 3200M reserved
[13.800s][info   ][gc          ] GC(4) Major Collection (Warmup) 1844M(30%)->1144M(19%) 1.669s
[25.306s][info   ][gc          ] GC(5) Minor Collection (Allocation Rate)
[27.273s][info   ][gc,metaspace] GC(5) y: Metaspace: 86M used, 99M committed, 3200M reserved
[27.273s][info   ][gc          ] GC(5) Minor Collection (Allocation Rate) 4726M(77%)->1778M(29%) 1.967s
[31.322s][info   ][gc          ] GC(6) Minor Collection (Allocation Rate)
[33.551s][info   ][gc,metaspace] GC(6) y: Metaspace: 86M used, 99M committed, 3200M reserved
[33.551s][info   ][gc          ] GC(6) Minor Collection (Allocation Rate) 3092M(50%)->2070M(34%) 2.229s
[37.210s][info   ][gc          ] GC(7) Major Collection (Allocation Rate)
[38.395s][info   ][gc,metaspace] GC(7) Y: Metaspace: 86M used, 99M committed, 3200M reserved
[41.399s][info   ][gc,metaspace] GC(7) O: Metaspace: 86M used, 99M committed, 3200M reserved
[41.399s][info   ][gc          ] GC(7) Major Collection (Allocation Rate) 3256M(53%)->2892M(47%) 4.189s
[45.135s][info   ][gc          ] GC(8) Minor Collection (Allocation Rate)
[46.963s][info   ][gc,metaspace] GC(8) y: Metaspace: 86M used, 99M committed, 3200M reserved
[46.963s][info   ][gc          ] GC(8) Minor Collection (Allocation Rate) 4070M(66%)->2374M(39%) 1.828s
[52.713s][info   ][gc          ] GC(9) Minor Collection (Allocation Rate)
[54.553s][info   ][gc,metaspace] GC(9) y: Metaspace: 86M used, 99M committed, 3200M reserved
[54.553s][info   ][gc          ] GC(9) Minor Collection (Allocation Rate) 4238M(69%)->2630M(43%) 1.841s
[60.070s][info   ][gc          ] GC(10) Minor Collection (Allocation Rate)
[62.054s][info   ][gc,metaspace] GC(10) y: Metaspace: 86M used, 99M committed, 3200M reserved
[62.054s][info   ][gc          ] GC(10) Minor Collection (Allocation Rate) 4456M(73%)->2916M(47%) 1.984s
67108864 Objects created
 - IK: 55699211 (82.99829%)
 - OAK: 3355627 (5.0002737%)
 - TAK: 8054026 (12.001434%)
Preparatory GC...
[66.101s][info   ][gc          ] GC(11) Major Collection (System.gc())
[68.699s][info   ][gc,metaspace] GC(11) Y: Metaspace: 86M used, 99M committed, 3200M reserved
[69.165s][info   ][gc,metaspace] GC(11) Y: Metaspace: 86M used, 99M committed, 3200M reserved
[72.113s][info   ][gc,metaspace] GC(11) O: Metaspace: 86M used, 99M committed, 3200M reserved
[72.113s][info   ][gc          ] GC(11) Major Collection (System.gc()) 4242M(69%)->2478M(40%) 6.012s
[72.113s][info   ][gc          ] GC(12) Major Collection (System.gc())
[72.133s][info   ][gc,metaspace] GC(12) Y: Metaspace: 86M used, 99M committed, 3200M reserved
[72.151s][info   ][gc,metaspace] GC(12) Y: Metaspace: 86M used, 99M committed, 3200M reserved
[74.544s][info   ][gc,metaspace] GC(12) O: Metaspace: 86M used, 99M committed, 3200M reserved
[74.544s][info   ][gc          ] GC(12) Major Collection (System.gc()) 2478M(40%)->2476M(40%) 2.431s
Done; will start GCs... 
[74.544s][info   ][gc          ] GC(13) Major Collection (System.gc())
[74.565s][info   ][gc,metaspace] GC(13) Y: Metaspace: 86M used, 99M committed, 3200M reserved
[74.583s][info   ][gc,metaspace] GC(13) Y: Metaspace: 86M used, 99M committed, 3200M reserved
[77.042s][info   ][gc,metaspace] GC(13) O: Metaspace: 86M used, 99M committed, 3200M reserved
[77.042s][info   ][gc          ] GC(13) Major Collection (System.gc()) 2478M(40%)->2476M(40%) 2.497s
[77.042s][info   ][gc          ] GC(14) Major Collection (System.gc())
[77.061s][info   ][gc,metaspace] GC(14) Y: Metaspace: 86M used, 99M committed, 3200M reserved
[77.079s][info   ][gc,metaspace] GC(14) Y: Metaspace: 86M used, 99M committed, 3200M reserved
[79.661s][info   ][gc,metaspace] GC(14) O: Metaspace: 86M used, 99M committed, 3200M reserved
[79.661s][info   ][gc          ] GC(14) Major Collection (System.gc()) 2476M(40%)->2476M(40%) 2.620s
[79.661s][info   ][gc          ] GC(15) Major Collection (System.gc())
[79.681s][info   ][gc,metaspace] GC(15) Y: Metaspace: 86M used, 99M committed, 3200M reserved
[79.698s][info   ][gc,metaspace] GC(15) Y: Metaspace: 86M used, 99M committed, 3200M reserved
[82.029s][info   ][gc,metaspace] GC(15) O: Metaspace: 86M used, 99M committed, 3200M reserved
[82.029s][info   ][gc          ] GC(15) Major Collection (System.gc()) 2476M(40%)->2476M(40%) 2.368s
[82.029s][info   ][gc          ] GC(16) Major Collection (System.gc())
[82.049s][info   ][gc,metaspace] GC(16) Y: Metaspace: 86M used, 99M committed, 3200M reserved
[82.067s][info   ][gc,metaspace] GC(16) Y: Metaspace: 86M used, 99M committed, 3200M reserved
[84.645s][info   ][gc,metaspace] GC(16) O: Metaspace: 86M used, 99M committed, 3200M reserved
[84.645s][info   ][gc          ] GC(16) Major Collection (System.gc()) 2476M(40%)->2476M(40%) 2.616s
[84.645s][info   ][gc          ] GC(17) Major Collection (System.gc())
[84.665s][info   ][gc,metaspace] GC(17) Y: Metaspace: 86M used, 99M committed, 3200M reserved
[84.683s][info   ][gc,metaspace] GC(17) Y: Metaspace: 86M used, 99M committed, 3200M reserved
[87.034s][info   ][gc,metaspace] GC(17) O: Metaspace: 86M used, 99M committed, 3200M reserved
[87.034s][info   ][gc          ] GC(17) Major Collection (System.gc()) 2476M(40%)->2476M(40%) 2.389s
[87.034s][info   ][gc          ] GC(18) Major Collection (System.gc())
[87.053s][info   ][gc,metaspace] GC(18) Y: Metaspace: 86M used, 99M committed, 3200M reserved
[87.071s][info   ][gc,metaspace] GC(18) Y: Metaspace: 86M used, 99M committed, 3200M reserved
[89.461s][info   ][gc,metaspace] GC(18) O: Metaspace: 86M used, 99M committed, 3200M reserved
[89.461s][info   ][gc          ] GC(18) Major Collection (System.gc()) 2476M(40%)->2476M(40%) 2.427s
[89.462s][info   ][gc          ] GC(19) Major Collection (System.gc())
[89.481s][info   ][gc,metaspace] GC(19) Y: Metaspace: 86M used, 99M committed, 3200M reserved
[89.499s][info   ][gc,metaspace] GC(19) Y: Metaspace: 86M used, 99M committed, 3200M reserved
[91.841s][info   ][gc,metaspace] GC(19) O: Metaspace: 86M used, 99M committed, 3200M reserved
[91.841s][info   ][gc          ] GC(19) Major Collection (System.gc()) 2476M(40%)->2476M(40%) 2.380s
[91.841s][info   ][gc          ] GC(20) Major Collection (System.gc())
[91.861s][info   ][gc,metaspace] GC(20) Y: Metaspace: 86M used, 99M committed, 3200M reserved
[91.879s][info   ][gc,metaspace] GC(20) Y: Metaspace: 86M used, 99M committed, 3200M reserved
[94.731s][info   ][gc,metaspace] GC(20) O: Metaspace: 86M used, 99M committed, 3200M reserved
[94.731s][info   ][gc          ] GC(20) Major Collection (System.gc()) 2476M(40%)->2476M(40%) 2.890s
[94.732s][info   ][gc          ] GC(21) Major Collection (System.gc())
[94.751s][info   ][gc,metaspace] GC(21) Y: Metaspace: 86M used, 99M committed, 3200M reserved
[94.769s][info   ][gc,metaspace] GC(21) Y: Metaspace: 86M used, 99M committed, 3200M reserved
[97.117s][info   ][gc,metaspace] GC(21) O: Metaspace: 86M used, 99M committed, 3200M reserved
[97.117s][info   ][gc          ] GC(21) Major Collection (System.gc()) 2476M(40%)->2476M(40%) 2.385s
[97.117s][info   ][gc          ] GC(22) Major Collection (System.gc())
[97.136s][info   ][gc,metaspace] GC(22) Y: Metaspace: 86M used, 99M committed, 3200M reserved
[97.154s][info   ][gc,metaspace] GC(22) Y: Metaspace: 86M used, 99M committed, 3200M reserved
[99.740s][info   ][gc,metaspace] GC(22) O: Metaspace: 86M used, 99M committed, 3200M reserved
[99.740s][info   ][gc          ] GC(22) Major Collection (System.gc()) 2476M(40%)->2476M(40%) 2.623s
[99.740s][info   ][gc          ] GC(23) Major Collection (System.gc())
[99.759s][info   ][gc,metaspace] GC(23) Y: Metaspace: 86M used, 99M committed, 3200M reserved
[99.777s][info   ][gc,metaspace] GC(23) Y: Metaspace: 86M used, 99M committed, 3200M reserved
[102.118s][info   ][gc,metaspace] GC(23) O: Metaspace: 86M used, 99M committed, 3200M reserved
[102.118s][info   ][gc          ] GC(23) Major Collection (System.gc()) 2476M(40%)->2476M(40%) 2.378s
[102.118s][info   ][gc          ] GC(24) Major Collection (System.gc())
[102.138s][info   ][gc,metaspace] GC(24) Y: Metaspace: 86M used, 99M committed, 3200M reserved
[102.156s][info   ][gc,metaspace] GC(24) Y: Metaspace: 86M used, 99M committed, 3200M reserved
[104.629s][info   ][gc,metaspace] GC(24) O: Metaspace: 86M used, 99M committed, 3200M reserved
[104.629s][info   ][gc          ] GC(24) Major Collection (System.gc()) 2476M(40%)->2476M(40%) 2.511s
[104.629s][info   ][gc          ] GC(25) Major Collection (System.gc())
[104.648s][info   ][gc,metaspace] GC(25) Y: Metaspace: 86M used, 99M committed, 3200M reserved
[104.666s][info   ][gc,metaspace] GC(25) Y: Metaspace: 86M used, 99M committed, 3200M reserved
[107.280s][info   ][gc,metaspace] GC(25) O: Metaspace: 86M used, 99M committed, 3200M reserved
[107.280s][info   ][gc          ] GC(25) Major Collection (System.gc()) 2476M(40%)->2476M(40%) 2.652s
[107.280s][info   ][gc          ] GC(26) Major Collection (System.gc())
[107.300s][info   ][gc,metaspace] GC(26) Y: Metaspace: 86M used, 99M committed, 3200M reserved
[107.318s][info   ][gc,metaspace] GC(26) Y: Metaspace: 86M used, 99M committed, 3200M reserved
[109.655s][info   ][gc,metaspace] GC(26) O: Metaspace: 86M used, 99M committed, 3200M reserved
[109.655s][info   ][gc          ] GC(26) Major Collection (System.gc()) 2476M(40%)->2476M(40%) 2.375s
[109.655s][info   ][gc          ] GC(27) Major Collection (System.gc())
[109.675s][info   ][gc,metaspace] GC(27) Y: Metaspace: 86M used, 99M committed, 3200M reserved
[109.693s][info   ][gc,metaspace] GC(27) Y: Metaspace: 86M used, 99M committed, 3200M reserved
[112.299s][info   ][gc,metaspace] GC(27) O: Metaspace: 86M used, 99M committed, 3200M reserved
[112.299s][info   ][gc          ] GC(27) Major Collection (System.gc()) 2476M(40%)->2476M(40%) 2.644s
[112.300s][info   ][gc          ] GC(28) Major Collection (System.gc())
[112.319s][info   ][gc,metaspace] GC(28) Y: Metaspace: 86M used, 99M committed, 3200M reserved
[112.337s][info   ][gc,metaspace] GC(28) Y: Metaspace: 86M used, 99M committed, 3200M reserved
[114.681s][info   ][gc,metaspace] GC(28) O: Metaspace: 86M used, 99M committed, 3200M reserved
[114.681s][info   ][gc          ] GC(28) Major Collection (System.gc()) 2476M(40%)->2476M(40%) 2.382s
[114.681s][info   ][gc          ] GC(29) Major Collection (System.gc())
[114.701s][info   ][gc,metaspace] GC(29) Y: Metaspace: 86M used, 99M committed, 3200M reserved
[114.719s][info   ][gc,metaspace] GC(29) Y: Metaspace: 86M used, 99M committed, 3200M reserved
[117.065s][info   ][gc,metaspace] GC(29) O: Metaspace: 86M used, 99M committed, 3200M reserved
[117.065s][info   ][gc          ] GC(29) Major Collection (System.gc()) 2476M(40%)->2476M(40%) 2.384s
[117.065s][info   ][gc          ] GC(30) Major Collection (System.gc())
[117.084s][info   ][gc,metaspace] GC(30) Y: Metaspace: 86M used, 99M committed, 3200M reserved
[117.102s][info   ][gc,metaspace] GC(30) Y: Metaspace: 86M used, 99M committed, 3200M reserved
[119.573s][info   ][gc,metaspace] GC(30) O: Metaspace: 86M used, 99M committed, 3200M reserved
[119.573s][info   ][gc          ] GC(30) Major Collection (System.gc()) 2476M(40%)->2476M(40%) 2.508s
[119.573s][info   ][gc          ] GC(31) Major Collection (System.gc())
[119.593s][info   ][gc,metaspace] GC(31) Y: Metaspace: 86M used, 99M committed, 3200M reserved
[119.610s][info   ][gc,metaspace] GC(31) Y: Metaspace: 86M used, 99M committed, 3200M reserved
[121.944s][info   ][gc,metaspace] GC(31) O: Metaspace: 86M used, 99M committed, 3200M reserved
[121.944s][info   ][gc          ] GC(31) Major Collection (System.gc()) 2476M(40%)->2476M(40%) 2.371s
[121.944s][info   ][gc          ] GC(32) Major Collection (System.gc())
[121.963s][info   ][gc,metaspace] GC(32) Y: Metaspace: 86M used, 99M committed, 3200M reserved
[121.982s][info   ][gc,metaspace] GC(32) Y: Metaspace: 86M used, 99M committed, 3200M reserved
[124.564s][info   ][gc,metaspace] GC(32) O: Metaspace: 86M used, 99M committed, 3200M reserved
[124.564s][info   ][gc          ] GC(32) Major Collection (System.gc()) 2476M(40%)->2476M(40%) 2.620s
[124.564s][info   ][gc          ] GC(33) Major Collection (System.gc())
[124.583s][info   ][gc,metaspace] GC(33) Y: Metaspace: 86M used, 99M committed, 3200M reserved
[124.602s][info   ][gc,metaspace] GC(33) Y: Metaspace: 86M used, 99M committed, 3200M reserved
[126.941s][info   ][gc,metaspace] GC(33) O: Metaspace: 86M used, 99M committed, 3200M reserved
[126.941s][info   ][gc          ] GC(33) Major Collection (System.gc()) 2476M(40%)->2478M(40%) 2.377s
[126.941s][info   ][gc          ] GC(34) Major Collection (System.gc())
[126.959s][info   ][gc,metaspace] GC(34) Y: Metaspace: 86M used, 99M committed, 3200M reserved
[126.977s][info   ][gc,metaspace] GC(34) Y: Metaspace: 86M used, 99M committed, 3200M reserved
[129.370s][info   ][gc,metaspace] GC(34) O: Metaspace: 86M used, 99M committed, 3200M reserved
[129.370s][info   ][gc          ] GC(34) Major Collection (System.gc()) 2478M(40%)->2478M(40%) 2.430s
[129.370s][info   ][gc          ] GC(35) Major Collection (System.gc())
[129.391s][info   ][gc,metaspace] GC(35) Y: Metaspace: 86M used, 99M committed, 3200M reserved
[129.409s][info   ][gc,metaspace] GC(35) Y: Metaspace: 86M used, 99M committed, 3200M reserved
[131.885s][info   ][gc,metaspace] GC(35) O: Metaspace: 86M used, 99M committed, 3200M reserved
[131.885s][info   ][gc          ] GC(35) Major Collection (System.gc()) 2478M(40%)->2478M(40%) 2.514s
[131.885s][info   ][gc          ] GC(36) Major Collection (System.gc())
[131.905s][info   ][gc,metaspace] GC(36) Y: Metaspace: 86M used, 99M committed, 3200M reserved
[131.923s][info   ][gc,metaspace] GC(36) Y: Metaspace: 86M used, 99M committed, 3200M reserved
[134.306s][info   ][gc,metaspace] GC(36) O: Metaspace: 86M used, 99M committed, 3200M reserved
[134.306s][info   ][gc          ] GC(36) Major Collection (System.gc()) 2478M(40%)->2478M(40%) 2.421s
[134.306s][info   ][gc          ] GC(37) Major Collection (System.gc())
[134.326s][info   ][gc,metaspace] GC(37) Y: Metaspace: 86M used, 99M committed, 3200M reserved
[134.345s][info   ][gc,metaspace] GC(37) Y: Metaspace: 86M used, 99M committed, 3200M reserved
[136.854s][info   ][gc,metaspace] GC(37) O: Metaspace: 86M used, 99M committed, 3200M reserved
[136.854s][info   ][gc          ] GC(37) Major Collection (System.gc()) 2478M(40%)->2478M(40%) 2.547s
[136.854s][info   ][gc          ] GC(38) Major Collection (System.gc())
[136.874s][info   ][gc,metaspace] GC(38) Y: Metaspace: 86M used, 99M committed, 3200M reserved
[136.892s][info   ][gc,metaspace] GC(38) Y: Metaspace: 86M used, 99M committed, 3200M reserved
[139.286s][info   ][gc,metaspace] GC(38) O: Metaspace: 86M used, 99M committed, 3200M reserved
[139.286s][info   ][gc          ] GC(38) Major Collection (System.gc()) 2478M(40%)->2478M(40%) 2.433s
[139.287s][info   ][gc          ] GC(39) Major Collection (System.gc())
[139.305s][info   ][gc,metaspace] GC(39) Y: Metaspace: 86M used, 99M committed, 3200M reserved
[139.323s][info   ][gc,metaspace] GC(39) Y: Metaspace: 86M used, 99M committed, 3200M reserved
[141.666s][info   ][gc,metaspace] GC(39) O: Metaspace: 86M used, 99M committed, 3200M reserved
[141.666s][info   ][gc          ] GC(39) Major Collection (System.gc()) 2478M(40%)->2478M(40%) 2.379s
[141.666s][info   ][gc          ] GC(40) Major Collection (System.gc())
[141.686s][info   ][gc,metaspace] GC(40) Y: Metaspace: 86M used, 99M committed, 3200M reserved
[141.704s][info   ][gc,metaspace] GC(40) Y: Metaspace: 86M used, 99M committed, 3200M reserved
[144.299s][info   ][gc,metaspace] GC(40) O: Metaspace: 86M used, 99M committed, 3200M reserved
[144.299s][info   ][gc          ] GC(40) Major Collection (System.gc()) 2478M(40%)->2478M(40%) 2.633s
[144.299s][info   ][gc          ] GC(41) Major Collection (System.gc())
[144.319s][info   ][gc,metaspace] GC(41) Y: Metaspace: 86M used, 99M committed, 3200M reserved
[144.337s][info   ][gc,metaspace] GC(41) Y: Metaspace: 86M used, 99M committed, 3200M reserved
[146.695s][info   ][gc,metaspace] GC(41) O: Metaspace: 86M used, 99M committed, 3200M reserved
[146.695s][info   ][gc          ] GC(41) Major Collection (System.gc()) 2478M(40%)->2478M(40%) 2.396s
[146.696s][info   ][gc          ] GC(42) Major Collection (System.gc())
[146.714s][info   ][gc,metaspace] GC(42) Y: Metaspace: 86M used, 99M committed, 3200M reserved
[146.732s][info   ][gc,metaspace] GC(42) Y: Metaspace: 86M used, 99M committed, 3200M reserved
[149.075s][info   ][gc,metaspace] GC(42) O: Metaspace: 86M used, 99M committed, 3200M reserved
[149.075s][info   ][gc          ] GC(42) Major Collection (System.gc()) 2478M(40%)->2478M(40%) 2.380s
[149.076s][info   ][gc          ] GC(43) Major Collection (System.gc())
[149.096s][info   ][gc,metaspace] GC(43) Y: Metaspace: 86M used, 99M committed, 3200M reserved
[149.114s][info   ][gc,metaspace] GC(43) Y: Metaspace: 86M used, 99M committed, 3200M reserved
[151.531s][info   ][gc,metaspace] GC(43) O: Metaspace: 86M used, 99M committed, 3200M reserved
[151.531s][info   ][gc          ] GC(43) Major Collection (System.gc()) 2478M(40%)->2478M(40%) 2.456s
[151.531s][info   ][gc          ] GC(44) Major Collection (System.gc())
[151.550s][info   ][gc,metaspace] GC(44) Y: Metaspace: 86M used, 99M committed, 3200M reserved
[151.568s][info   ][gc,metaspace] GC(44) Y: Metaspace: 86M used, 99M committed, 3200M reserved
[153.903s][info   ][gc,metaspace] GC(44) O: Metaspace: 86M used, 99M committed, 3200M reserved
[153.903s][info   ][gc          ] GC(44) Major Collection (System.gc()) 2478M(40%)->2478M(40%) 2.372s
[153.903s][info   ][gc          ] GC(45) Major Collection (System.gc())
[153.923s][info   ][gc,metaspace] GC(45) Y: Metaspace: 86M used, 99M committed, 3200M reserved
[153.941s][info   ][gc,metaspace] GC(45) Y: Metaspace: 86M used, 99M committed, 3200M reserved
[156.517s][info   ][gc,metaspace] GC(45) O: Metaspace: 86M used, 99M committed, 3200M reserved
[156.517s][info   ][gc          ] GC(45) Major Collection (System.gc()) 2478M(40%)->2478M(40%) 2.614s
[156.517s][info   ][gc          ] GC(46) Major Collection (System.gc())
[156.537s][info   ][gc,metaspace] GC(46) Y: Metaspace: 86M used, 99M committed, 3200M reserved
[156.555s][info   ][gc,metaspace] GC(46) Y: Metaspace: 86M used, 99M committed, 3200M reserved
[158.890s][info   ][gc,metaspace] GC(46) O: Metaspace: 86M used, 99M committed, 3200M reserved
[158.890s][info   ][gc          ] GC(46) Major Collection (System.gc()) 2478M(40%)->2478M(40%) 2.373s
[158.890s][info   ][gc          ] GC(47) Major Collection (System.gc())
[158.909s][info   ][gc,metaspace] GC(47) Y: Metaspace: 86M used, 99M committed, 3200M reserved
[158.928s][info   ][gc,metaspace] GC(47) Y: Metaspace: 86M used, 99M committed, 3200M reserved
[161.304s][info   ][gc,metaspace] GC(47) O: Metaspace: 86M used, 99M committed, 3200M reserved
[161.304s][info   ][gc          ] GC(47) Major Collection (System.gc()) 2478M(40%)->2478M(40%) 2.413s
[161.304s][info   ][gc          ] GC(48) Major Collection (System.gc())
[161.324s][info   ][gc,metaspace] GC(48) Y: Metaspace: 86M used, 99M committed, 3200M reserved
[161.342s][info   ][gc,metaspace] GC(48) Y: Metaspace: 86M used, 99M committed, 3200M reserved
[163.687s][info   ][gc,metaspace] GC(48) O: Metaspace: 86M used, 99M committed, 3200M reserved
[163.687s][info   ][gc          ] GC(48) Major Collection (System.gc()) 2478M(40%)->2478M(40%) 2.383s
[163.687s][info   ][gc          ] GC(49) Major Collection (System.gc())
[163.706s][info   ][gc,metaspace] GC(49) Y: Metaspace: 86M used, 99M committed, 3200M reserved
[163.724s][info   ][gc,metaspace] GC(49) Y: Metaspace: 86M used, 99M committed, 3200M reserved
[166.058s][info   ][gc,metaspace] GC(49) O: Metaspace: 86M used, 99M committed, 3200M reserved
[166.058s][info   ][gc          ] GC(49) Major Collection (System.gc()) 2478M(40%)->2478M(40%) 2.371s
[166.058s][info   ][gc          ] GC(50) Major Collection (System.gc())
[166.076s][info   ][gc,metaspace] GC(50) Y: Metaspace: 86M used, 99M committed, 3200M reserved
[166.094s][info   ][gc,metaspace] GC(50) Y: Metaspace: 86M used, 99M committed, 3200M reserved
[168.684s][info   ][gc,metaspace] GC(50) O: Metaspace: 86M used, 99M committed, 3200M reserved
[168.684s][info   ][gc          ] GC(50) Major Collection (System.gc()) 2478M(40%)->2478M(40%) 2.626s
[168.684s][info   ][gc          ] GC(51) Major Collection (System.gc())
[168.707s][info   ][gc,metaspace] GC(51) Y: Metaspace: 86M used, 99M committed, 3200M reserved
[168.726s][info   ][gc,metaspace] GC(51) Y: Metaspace: 86M used, 99M committed, 3200M reserved
[171.053s][info   ][gc,metaspace] GC(51) O: Metaspace: 86M used, 99M committed, 3200M reserved
[171.053s][info   ][gc          ] GC(51) Major Collection (System.gc()) 2478M(40%)->2478M(40%) 2.369s
[171.054s][info   ][gc          ] GC(52) Major Collection (System.gc())
[171.073s][info   ][gc,metaspace] GC(52) Y: Metaspace: 86M used, 99M committed, 3200M reserved
[171.091s][info   ][gc,metaspace] GC(52) Y: Metaspace: 86M used, 99M committed, 3200M reserved
[173.486s][info   ][gc,metaspace] GC(52) O: Metaspace: 86M used, 99M committed, 3200M reserved
[173.486s][info   ][gc          ] GC(52) Major Collection (System.gc()) 2478M(40%)->2478M(40%) 2.432s
[173.486s][info   ][gc          ] GC(53) Major Collection (System.gc())
[173.505s][info   ][gc,metaspace] GC(53) Y: Metaspace: 86M used, 99M committed, 3200M reserved
[173.523s][info   ][gc,metaspace] GC(53) Y: Metaspace: 86M used, 99M committed, 3200M reserved
[175.861s][info   ][gc,metaspace] GC(53) O: Metaspace: 86M used, 99M committed, 3200M reserved
[175.861s][info   ][gc          ] GC(53) Major Collection (System.gc()) 2478M(40%)->2478M(40%) 2.376s
[175.862s][info   ][gc          ] GC(54) Major Collection (System.gc())
[175.880s][info   ][gc,metaspace] GC(54) Y: Metaspace: 86M used, 99M committed, 3200M reserved
[175.899s][info   ][gc,metaspace] GC(54) Y: Metaspace: 86M used, 99M committed, 3200M reserved
[178.277s][info   ][gc,metaspace] GC(54) O: Metaspace: 86M used, 99M committed, 3200M reserved
[178.277s][info   ][gc          ] GC(54) Major Collection (System.gc()) 2478M(40%)->2478M(40%) 2.415s
[178.277s][info   ][gc          ] GC(55) Major Collection (System.gc())
[178.295s][info   ][gc,metaspace] GC(55) Y: Metaspace: 86M used, 99M committed, 3200M reserved
[178.313s][info   ][gc,metaspace] GC(55) Y: Metaspace: 86M used, 99M committed, 3200M reserved
[180.648s][info   ][gc,metaspace] GC(55) O: Metaspace: 86M used, 99M committed, 3200M reserved
[180.648s][info   ][gc          ] GC(55) Major Collection (System.gc()) 2478M(40%)->2478M(40%) 2.372s
[180.649s][info   ][gc          ] GC(56) Major Collection (System.gc())
[180.668s][info   ][gc,metaspace] GC(56) Y: Metaspace: 86M used, 99M committed, 3200M reserved
[180.686s][info   ][gc,metaspace] GC(56) Y: Metaspace: 86M used, 99M committed, 3200M reserved
[183.020s][info   ][gc,metaspace] GC(56) O: Metaspace: 86M used, 99M committed, 3200M reserved
[183.020s][info   ][gc          ] GC(56) Major Collection (System.gc()) 2478M(40%)->2478M(40%) 2.372s
[183.020s][info   ][gc          ] GC(57) Major Collection (System.gc())
[183.039s][info   ][gc,metaspace] GC(57) Y: Metaspace: 86M used, 99M committed, 3200M reserved
[183.057s][info   ][gc,metaspace] GC(57) Y: Metaspace: 86M used, 99M committed, 3200M reserved
[185.447s][info   ][gc,metaspace] GC(57) O: Metaspace: 86M used, 99M committed, 3200M reserved
[185.447s][info   ][gc          ] GC(57) Major Collection (System.gc()) 2478M(40%)->2480M(40%) 2.427s
[185.447s][info   ][gc          ] GC(58) Major Collection (System.gc())
[185.466s][info   ][gc,metaspace] GC(58) Y: Metaspace: 86M used, 99M committed, 3200M reserved
[185.484s][info   ][gc,metaspace] GC(58) Y: Metaspace: 86M used, 99M committed, 3200M reserved
[187.826s][info   ][gc,metaspace] GC(58) O: Metaspace: 86M used, 99M committed, 3200M reserved
[187.826s][info   ][gc          ] GC(58) Major Collection (System.gc()) 2480M(40%)->2478M(40%) 2.379s
[187.826s][info   ][gc          ] GC(59) Major Collection (System.gc())
[187.845s][info   ][gc,metaspace] GC(59) Y: Metaspace: 86M used, 99M committed, 3200M reserved
[187.863s][info   ][gc,metaspace] GC(59) Y: Metaspace: 86M used, 99M committed, 3200M reserved
[190.245s][info   ][gc,metaspace] GC(59) O: Metaspace: 86M used, 99M committed, 3200M reserved
[190.245s][info   ][gc          ] GC(59) Major Collection (System.gc()) 2478M(40%)->2478M(40%) 2.419s
[190.246s][info   ][gc          ] GC(60) Major Collection (System.gc())
[190.264s][info   ][gc,metaspace] GC(60) Y: Metaspace: 86M used, 99M committed, 3200M reserved
[190.283s][info   ][gc,metaspace] GC(60) Y: Metaspace: 86M used, 99M committed, 3200M reserved
[192.616s][info   ][gc,metaspace] GC(60) O: Metaspace: 86M used, 99M committed, 3200M reserved
[192.616s][info   ][gc          ] GC(60) Major Collection (System.gc()) 2478M(40%)->2478M(40%) 2.371s
[192.616s][info   ][gc          ] GC(61) Major Collection (System.gc())
[192.635s][info   ][gc,metaspace] GC(61) Y: Metaspace: 86M used, 99M committed, 3200M reserved
[192.654s][info   ][gc,metaspace] GC(61) Y: Metaspace: 86M used, 99M committed, 3200M reserved
[194.987s][info   ][gc,metaspace] GC(61) O: Metaspace: 86M used, 99M committed, 3200M reserved
[194.987s][info   ][gc          ] GC(61) Major Collection (System.gc()) 2478M(40%)->2478M(40%) 2.371s
[194.988s][info   ][gc          ] GC(62) Major Collection (System.gc())
[195.007s][info   ][gc,metaspace] GC(62) Y: Metaspace: 86M used, 99M committed, 3200M reserved
[195.025s][info   ][gc,metaspace] GC(62) Y: Metaspace: 86M used, 99M committed, 3200M reserved
[197.409s][info   ][gc,metaspace] GC(62) O: Metaspace: 86M used, 99M committed, 3200M reserved
[197.409s][info   ][gc          ] GC(62) Major Collection (System.gc()) 2478M(40%)->2478M(40%) 2.421s
After GCs... 
