Done; will start GCs... 
[15.184s][info][gc,metaspace] GC(27) Metaspace: 16330K(17472K)->16330K(17472K) NonClass: 12988K(13504K)->12988K(13504K) Class: 3341K(3968K)->3341K(3968K)
[15.184s][info][gc          ] GC(27) Pause Full (System.gc()) 1578M->1576M(6144M) 678.423ms
[15.879s][info][gc,metaspace] GC(28) Metaspace: 16330K(17472K)->16330K(17472K) NonClass: 12988K(13504K)->12988K(13504K) Class: 3341K(3968K)->3341K(3968K)
[15.879s][info][gc          ] GC(28) Pause Full (System.gc()) 1576M->1576M(6144M) 695.172ms
[16.523s][info][gc,metaspace] GC(29) Metaspace: 16330K(17472K)->16330K(17472K) NonClass: 12988K(13504K)->12988K(13504K) Class: 3341K(3968K)->3341K(3968K)
[16.523s][info][gc          ] GC(29) Pause Full (System.gc()) 1576M->1576M(6144M) 643.308ms
[17.168s][info][gc,metaspace] GC(30) Metaspace: 16330K(17472K)->16330K(17472K) NonClass: 12988K(13504K)->12988K(13504K) Class: 3341K(3968K)->3341K(3968K)
[17.168s][info][gc          ] GC(30) Pause Full (System.gc()) 1576M->1576M(6144M) 645.497ms
[17.812s][info][gc,metaspace] GC(31) Metaspace: 16330K(17472K)->16330K(17472K) NonClass: 12988K(13504K)->12988K(13504K) Class: 3341K(3968K)->3341K(3968K)
[17.812s][info][gc          ] GC(31) Pause Full (System.gc()) 1576M->1576M(6144M) 643.844ms
[18.450s][info][gc,metaspace] GC(32) Metaspace: 16330K(17472K)->16330K(17472K) NonClass: 12988K(13504K)->12988K(13504K) Class: 3341K(3968K)->3341K(3968K)
[18.450s][info][gc          ] GC(32) Pause Full (System.gc()) 1576M->1576M(6144M) 638.076ms
[19.168s][info][gc,metaspace] GC(33) Metaspace: 16330K(17472K)->16330K(17472K) NonClass: 12988K(13504K)->12988K(13504K) Class: 3341K(3968K)->3341K(3968K)
[19.168s][info][gc          ] GC(33) Pause Full (System.gc()) 1576M->1576M(6144M) 717.783ms
[19.822s][info][gc,metaspace] GC(34) Metaspace: 16330K(17472K)->16330K(17472K) NonClass: 12988K(13504K)->12988K(13504K) Class: 3341K(3968K)->3341K(3968K)
[19.822s][info][gc          ] GC(34) Pause Full (System.gc()) 1576M->1576M(6144M) 653.324ms
[20.470s][info][gc,metaspace] GC(35) Metaspace: 16330K(17472K)->16330K(17472K) NonClass: 12988K(13504K)->12988K(13504K) Class: 3341K(3968K)->3341K(3968K)
[20.470s][info][gc          ] GC(35) Pause Full (System.gc()) 1576M->1576M(6144M) 648.351ms
[21.126s][info][gc,metaspace] GC(36) Metaspace: 16330K(17472K)->16330K(17472K) NonClass: 12988K(13504K)->12988K(13504K) Class: 3341K(3968K)->3341K(3968K)
[21.126s][info][gc          ] GC(36) Pause Full (System.gc()) 1576M->1576M(6144M) 655.346ms
After GCs... 
