[0.001s][info][metaspace]  - commit_granule_bytes: 65536.
[0.001s][info][metaspace]  - commit_granule_words: 8192.
[0.001s][info][metaspace]  - virtual_space_node_default_size: 8388608.
[0.001s][info][metaspace]  - enlarge_chunks_in_place: 1.
[0.001s][info][metaspace]  - use_allocation_guard: 0.
[0.006s][info][gc       ] Using G1
[0.577s][info][metaspace] Reserving compressed class space anywhere
[0.577s][info][gc,metaspace] CDS archive(s) not mapped
[0.577s][info][gc,metaspace] Compressed class space mapped at: 0x000000003c000000-0x00000000fc000000, reserved size: 3221225472
[0.577s][info][gc,metaspace] UseCompressedClassPointers 1, UseCompactObjectHeaders 1, narrow klass pointer bits 22, max shift 10
[0.577s][info][gc,metaspace] Narrow klass base: 0x000000003c000000, Narrow klass shift: 10, Narrow klass range: 0xc0000000
Random Seed: 12345678
Num Classes: 1024
Num Objects: 67108864
Percent IK Objects: 83.0%)
Percent OAK Objects: 5.0%)
Percent TAK Objects: 12.0%)
Wired up: false
Cycles: 10
Loading 1024 pre-generated classes ...
Materialize pre-generated constructors ...
Creating objects...
[0.794s][info][gc,metaspace] GC(0) Metaspace: 12768K(13056K)->12768K(13056K) NonClass: 9965K(10112K)->9965K(10112K) Class: 2802K(2944K)->2802K(2944K)
[0.794s][info][gc          ] GC(0) Pause Full (System.gc()) 16M->1M(6144M) 10.500ms
[1.436s][info][gc,metaspace] GC(1) Metaspace: 16335K(17472K)->16335K(17472K) NonClass: 12993K(13504K)->12993K(13504K) Class: 3342K(3968K)->3342K(3968K)
[1.436s][info][gc          ] GC(1) Pause Young (Normal) (G1 Evacuation Pause) 565M->289M(6144M) 18.787ms
[1.759s][info][gc,metaspace] GC(2) Metaspace: 16338K(17472K)->16338K(17472K) NonClass: 12995K(13504K)->12995K(13504K) Class: 3342K(3968K)->3342K(3968K)
[1.759s][info][gc          ] GC(2) Pause Young (Normal) (G1 Evacuation Pause) 561M->317M(6144M) 22.505ms
[2.042s][info][gc,metaspace] GC(3) Metaspace: 16338K(17472K)->16338K(17472K) NonClass: 12995K(13504K)->12995K(13504K) Class: 3342K(3968K)->3342K(3968K)
[2.042s][info][gc          ] GC(3) Pause Young (Normal) (G1 Evacuation Pause) 593M->341M(6144M) 20.220ms
[2.329s][info][gc,metaspace] GC(4) Metaspace: 16338K(17472K)->16338K(17472K) NonClass: 12995K(13504K)->12995K(13504K) Class: 3342K(3968K)->3342K(3968K)
[2.329s][info][gc          ] GC(4) Pause Young (Normal) (G1 Evacuation Pause) 617M->368M(6144M) 23.729ms
[2.616s][info][gc,metaspace] GC(5) Metaspace: 16338K(17472K)->16338K(17472K) NonClass: 12995K(13504K)->12995K(13504K) Class: 3342K(3968K)->3342K(3968K)
[2.616s][info][gc          ] GC(5) Pause Young (Normal) (G1 Evacuation Pause) 644M->394M(6144M) 22.804ms
[2.904s][info][gc,metaspace] GC(6) Metaspace: 16338K(17472K)->16338K(17472K) NonClass: 12995K(13504K)->12995K(13504K) Class: 3342K(3968K)->3342K(3968K)
[2.904s][info][gc          ] GC(6) Pause Young (Normal) (G1 Evacuation Pause) 670M->420M(6144M) 25.083ms
[3.156s][info][gc,metaspace] GC(7) Metaspace: 16338K(17472K)->16338K(17472K) NonClass: 12995K(13504K)->12995K(13504K) Class: 3342K(3968K)->3342K(3968K)
[3.156s][info][gc          ] GC(7) Pause Young (Normal) (G1 Evacuation Pause) 696M->446M(6144M) 21.157ms
[3.427s][info][gc,metaspace] GC(8) Metaspace: 16338K(17472K)->16338K(17472K) NonClass: 12995K(13504K)->12995K(13504K) Class: 3342K(3968K)->3342K(3968K)
[3.427s][info][gc          ] GC(8) Pause Young (Normal) (G1 Evacuation Pause) 758M->475M(6144M) 26.808ms
[3.685s][info][gc,metaspace] GC(9) Metaspace: 16338K(17472K)->16338K(17472K) NonClass: 12995K(13504K)->12995K(13504K) Class: 3342K(3968K)->3342K(3968K)
[3.685s][info][gc          ] GC(9) Pause Young (Normal) (G1 Evacuation Pause) 811M->506M(6144M) 29.063ms
[3.961s][info][gc,metaspace] GC(10) Metaspace: 16338K(17472K)->16338K(17472K) NonClass: 12995K(13504K)->12995K(13504K) Class: 3342K(3968K)->3342K(3968K)
[3.961s][info][gc          ] GC(10) Pause Young (Normal) (G1 Evacuation Pause) 886M->538M(6144M) 26.026ms
[4.273s][info][gc,metaspace] GC(11) Metaspace: 16338K(17472K)->16338K(17472K) NonClass: 12995K(13504K)->12995K(13504K) Class: 3342K(3968K)->3342K(3968K)
[4.273s][info][gc          ] GC(11) Pause Young (Normal) (G1 Evacuation Pause) 966M->582M(6144M) 30.203ms
[4.607s][info][gc,metaspace] GC(12) Metaspace: 16338K(17472K)->16338K(17472K) NonClass: 12995K(13504K)->12995K(13504K) Class: 3342K(3968K)->3342K(3968K)
[4.607s][info][gc          ] GC(12) Pause Young (Normal) (G1 Evacuation Pause) 1062M->626M(6144M) 33.042ms
[4.988s][info][gc,metaspace] GC(13) Metaspace: 16338K(17472K)->16338K(17472K) NonClass: 12995K(13504K)->12995K(13504K) Class: 3342K(3968K)->3342K(3968K)
[4.988s][info][gc          ] GC(13) Pause Young (Normal) (G1 Evacuation Pause) 1170M->677M(6144M) 40.677ms
[5.415s][info][gc,metaspace] GC(14) Metaspace: 16338K(17472K)->16338K(17472K) NonClass: 12995K(13504K)->12995K(13504K) Class: 3342K(3968K)->3342K(3968K)
[5.415s][info][gc          ] GC(14) Pause Young (Normal) (G1 Evacuation Pause) 1285M->732M(6144M) 47.463ms
[5.915s][info][gc,metaspace] GC(15) Metaspace: 16338K(17472K)->16338K(17472K) NonClass: 12995K(13504K)->12995K(13504K) Class: 3342K(3968K)->3342K(3968K)
[5.915s][info][gc          ] GC(15) Pause Young (Normal) (G1 Evacuation Pause) 1408M->790M(6144M) 60.417ms
[6.459s][info][gc,metaspace] GC(16) Metaspace: 16338K(17472K)->16338K(17472K) NonClass: 12995K(13504K)->12995K(13504K) Class: 3342K(3968K)->3342K(3968K)
[6.459s][info][gc          ] GC(16) Pause Young (Normal) (G1 Evacuation Pause) 1534M->859M(6144M) 60.859ms
[7.100s][info][gc,metaspace] GC(17) Metaspace: 16338K(17472K)->16338K(17472K) NonClass: 12995K(13504K)->12995K(13504K) Class: 3342K(3968K)->3342K(3968K)
[7.100s][info][gc          ] GC(17) Pause Young (Normal) (G1 Evacuation Pause) 1671M->932M(6144M) 63.631ms
[7.747s][info][gc,metaspace] GC(18) Metaspace: 16338K(17472K)->16338K(17472K) NonClass: 12995K(13504K)->12995K(13504K) Class: 3342K(3968K)->3342K(3968K)
[7.747s][info][gc          ] GC(18) Pause Young (Normal) (G1 Evacuation Pause) 1824M->1013M(6144M) 72.719ms
[8.431s][info][gc,metaspace] GC(19) Metaspace: 16338K(17472K)->16338K(17472K) NonClass: 12995K(13504K)->12995K(13504K) Class: 3342K(3968K)->3342K(3968K)
[8.431s][info][gc          ] GC(19) Pause Young (Normal) (G1 Evacuation Pause) 1969M->1099M(6144M) 69.969ms
[9.239s][info][gc,metaspace] GC(20) Metaspace: 16338K(17472K)->16338K(17472K) NonClass: 12995K(13504K)->12995K(13504K) Class: 3342K(3968K)->3342K(3968K)
[9.239s][info][gc          ] GC(20) Pause Young (Normal) (G1 Evacuation Pause) 2139M->1189M(6144M) 87.959ms
[10.022s][info][gc,metaspace] GC(21) Metaspace: 16338K(17472K)->16338K(17472K) NonClass: 12995K(13504K)->12995K(13504K) Class: 3342K(3968K)->3342K(3968K)
[10.022s][info][gc          ] GC(21) Pause Young (Normal) (G1 Evacuation Pause) 2293M->1287M(6144M) 101.050ms
[10.875s][info][gc,metaspace] GC(22) Metaspace: 16338K(17472K)->16338K(17472K) NonClass: 12995K(13504K)->12995K(13504K) Class: 3342K(3968K)->3342K(3968K)
[10.875s][info][gc          ] GC(22) Pause Young (Normal) (G1 Evacuation Pause) 2443M->1391M(6144M) 89.291ms
[11.739s][info][gc,metaspace] GC(23) Metaspace: 16338K(17472K)->16338K(17472K) NonClass: 12995K(13504K)->12995K(13504K) Class: 3342K(3968K)->3342K(3968K)
[11.739s][info][gc          ] GC(23) Pause Young (Normal) (G1 Evacuation Pause) 2627M->1507M(6144M) 99.334ms
[12.643s][info][gc,metaspace] GC(24) Metaspace: 16338K(17472K)->16338K(17472K) NonClass: 12995K(13504K)->12995K(13504K) Class: 3342K(3968K)->3342K(3968K)
[12.643s][info][gc          ] GC(24) Pause Young (Normal) (G1 Evacuation Pause) 2799M->1617M(6144M) 104.569ms
67108864 Objects created
 - IK: 55699211 (82.99829%)
 - OAK: 3355627 (5.0002737%)
 - TAK: 8054026 (12.001434%)
Preparatory GC...
[13.995s][info][gc,metaspace] GC(25) Metaspace: 16338K(17472K)->16338K(17472K) NonClass: 12995K(13504K)->12995K(13504K) Class: 3342K(3968K)->3342K(3968K)
[13.995s][info][gc          ] GC(25) Pause Full (System.gc()) 2515M->1576M(6144M) 746.924ms
[14.648s][info][gc,metaspace] GC(26) Metaspace: 16338K(17472K)->16338K(17472K) NonClass: 12995K(13504K)->12995K(13504K) Class: 3342K(3968K)->3342K(3968K)
[14.648s][info][gc          ] GC(26) Pause Full (System.gc()) 1576M->1576M(6144M) 653.372ms
Done; will start GCs... 
[15.250s][info][gc,metaspace] GC(27) Metaspace: 16338K(17472K)->16338K(17472K) NonClass: 12995K(13504K)->12995K(13504K) Class: 3342K(3968K)->3342K(3968K)
[15.250s][info][gc          ] GC(27) Pause Full (System.gc()) 1578M->1576M(6144M) 601.798ms
[15.839s][info][gc,metaspace] GC(28) Metaspace: 16338K(17472K)->16338K(17472K) NonClass: 12995K(13504K)->12995K(13504K) Class: 3342K(3968K)->3342K(3968K)
[15.839s][info][gc          ] GC(28) Pause Full (System.gc()) 1576M->1576M(6144M) 588.879ms
[16.425s][info][gc,metaspace] GC(29) Metaspace: 16338K(17472K)->16338K(17472K) NonClass: 12995K(13504K)->12995K(13504K) Class: 3342K(3968K)->3342K(3968K)
[16.425s][info][gc          ] GC(29) Pause Full (System.gc()) 1576M->1576M(6144M) 585.243ms
[17.057s][info][gc,metaspace] GC(30) Metaspace: 16338K(17472K)->16338K(17472K) NonClass: 12995K(13504K)->12995K(13504K) Class: 3342K(3968K)->3342K(3968K)
[17.057s][info][gc          ] GC(30) Pause Full (System.gc()) 1576M->1576M(6144M) 632.118ms
[17.631s][info][gc,metaspace] GC(31) Metaspace: 16338K(17472K)->16338K(17472K) NonClass: 12995K(13504K)->12995K(13504K) Class: 3342K(3968K)->3342K(3968K)
[17.631s][info][gc          ] GC(31) Pause Full (System.gc()) 1576M->1576M(6144M) 574.510ms
[18.213s][info][gc,metaspace] GC(32) Metaspace: 16338K(17472K)->16338K(17472K) NonClass: 12995K(13504K)->12995K(13504K) Class: 3342K(3968K)->3342K(3968K)
[18.213s][info][gc          ] GC(32) Pause Full (System.gc()) 1576M->1576M(6144M) 581.674ms
[18.790s][info][gc,metaspace] GC(33) Metaspace: 16338K(17472K)->16338K(17472K) NonClass: 12995K(13504K)->12995K(13504K) Class: 3342K(3968K)->3342K(3968K)
[18.790s][info][gc          ] GC(33) Pause Full (System.gc()) 1576M->1576M(6144M) 577.143ms
[19.376s][info][gc,metaspace] GC(34) Metaspace: 16338K(17472K)->16338K(17472K) NonClass: 12995K(13504K)->12995K(13504K) Class: 3342K(3968K)->3342K(3968K)
[19.376s][info][gc          ] GC(34) Pause Full (System.gc()) 1576M->1576M(6144M) 585.426ms
[19.953s][info][gc,metaspace] GC(35) Metaspace: 16338K(17472K)->16338K(17472K) NonClass: 12995K(13504K)->12995K(13504K) Class: 3342K(3968K)->3342K(3968K)
[19.954s][info][gc          ] GC(35) Pause Full (System.gc()) 1576M->1576M(6144M) 577.644ms
[20.543s][info][gc,metaspace] GC(36) Metaspace: 16338K(17472K)->16338K(17472K) NonClass: 12995K(13504K)->12995K(13504K) Class: 3342K(3968K)->3342K(3968K)
[20.543s][info][gc          ] GC(36) Pause Full (System.gc()) 1576M->1576M(6144M) 589.002ms
After GCs... 
