Done; will start GCs... 
[15.318s][info][gc,metaspace] GC(27) Metaspace: 16203K(17280K)->16203K(17280K) NonClass: 14050K(14528K)->14050K(14528K) Class: 2153K(2752K)->2153K(2752K)
[15.318s][info][gc          ] GC(27) Pause Full (System.gc()) 1798M->1796M(6144M) 577.401ms
[15.899s][info][gc,metaspace] GC(28) Metaspace: 16203K(17280K)->16203K(17280K) NonClass: 14050K(14528K)->14050K(14528K) Class: 2153K(2752K)->2153K(2752K)
[15.899s][info][gc          ] GC(28) Pause Full (System.gc()) 1796M->1796M(6144M) 580.242ms
[16.480s][info][gc,metaspace] GC(29) Metaspace: 16203K(17280K)->16203K(17280K) NonClass: 14050K(14528K)->14050K(14528K) Class: 2153K(2752K)->2153K(2752K)
[16.480s][info][gc          ] GC(29) Pause Full (System.gc()) 1796M->1796M(6144M) 581.212ms
[17.067s][info][gc,metaspace] GC(30) Metaspace: 16203K(17280K)->16203K(17280K) NonClass: 14050K(14528K)->14050K(14528K) Class: 2153K(2752K)->2153K(2752K)
[17.067s][info][gc          ] GC(30) Pause Full (System.gc()) 1796M->1796M(6144M) 587.163ms
[17.648s][info][gc,metaspace] GC(31) Metaspace: 16203K(17280K)->16203K(17280K) NonClass: 14050K(14528K)->14050K(14528K) Class: 2153K(2752K)->2153K(2752K)
[17.648s][info][gc          ] GC(31) Pause Full (System.gc()) 1796M->1796M(6144M) 580.872ms
[18.229s][info][gc,metaspace] GC(32) Metaspace: 16203K(17280K)->16203K(17280K) NonClass: 14050K(14528K)->14050K(14528K) Class: 2153K(2752K)->2153K(2752K)
[18.229s][info][gc          ] GC(32) Pause Full (System.gc()) 1796M->1796M(6144M) 580.995ms
[18.814s][info][gc,metaspace] GC(33) Metaspace: 16203K(17280K)->16203K(17280K) NonClass: 14050K(14528K)->14050K(14528K) Class: 2153K(2752K)->2153K(2752K)
[18.814s][info][gc          ] GC(33) Pause Full (System.gc()) 1796M->1796M(6144M) 584.471ms
[19.399s][info][gc,metaspace] GC(34) Metaspace: 16203K(17280K)->16203K(17280K) NonClass: 14050K(14528K)->14050K(14528K) Class: 2153K(2752K)->2153K(2752K)
[19.399s][info][gc          ] GC(34) Pause Full (System.gc()) 1796M->1796M(6144M) 585.034ms
[19.983s][info][gc,metaspace] GC(35) Metaspace: 16203K(17280K)->16203K(17280K) NonClass: 14050K(14528K)->14050K(14528K) Class: 2153K(2752K)->2153K(2752K)
[19.983s][info][gc          ] GC(35) Pause Full (System.gc()) 1796M->1796M(6144M) 584.019ms
[20.567s][info][gc,metaspace] GC(36) Metaspace: 16203K(17280K)->16203K(17280K) NonClass: 14050K(14528K)->14050K(14528K) Class: 2153K(2752K)->2153K(2752K)
[20.567s][info][gc          ] GC(36) Pause Full (System.gc()) 1796M->1796M(6144M) 584.118ms
After GCs... 
