[0.001s][info][metaspace]  - commit_granule_bytes: 65536.
[0.002s][info][metaspace]  - commit_granule_words: 8192.
[0.002s][info][metaspace]  - virtual_space_node_default_size: 8388608.
[0.002s][info][metaspace]  - enlarge_chunks_in_place: 1.
[0.002s][info][metaspace]  - use_allocation_guard: 0.
[0.008s][info][gc       ] Using G1
[0.580s][info][metaspace] Reserving compressed class space anywhere
[0.581s][info][gc,metaspace] CDS archive(s) not mapped
[0.581s][info][gc,metaspace] Compressed class space mapped at: 0x0000000017000000-0x00000000d7000000, reserved size: 3221225472
[0.581s][info][gc,metaspace] UseCompressedClassPointers 1, UseCompactObjectHeaders 0, narrow klass pointer bits 32, max shift 3
[0.581s][info][gc,metaspace] Narrow klass base: 0x0000000000000000, Narrow klass shift: 0, Narrow klass range: 0xd7000000
Random Seed: 12345678
Num Classes: 1024
Num Objects: 67108864
Percent IK Objects: 83.0%)
Percent OAK Objects: 5.0%)
Percent TAK Objects: 12.0%)
Wired up: false
Cycles: 10
Loading 1024 pre-generated classes ...
Materialize pre-generated constructors ...
Creating objects...
[0.792s][info][gc,metaspace] GC(0) Metaspace: 12236K(12480K)->12236K(12480K) NonClass: 10621K(10752K)->10621K(10752K) Class: 1615K(1728K)->1615K(1728K)
[0.792s][info][gc          ] GC(0) Pause Full (System.gc()) 18M->1M(6144M) 9.179ms
[1.429s][info][gc,metaspace] GC(1) Metaspace: 16201K(17280K)->16201K(17280K) NonClass: 14047K(14528K)->14047K(14528K) Class: 2153K(2752K)->2153K(2752K)
[1.429s][info][gc          ] GC(1) Pause Young (Normal) (G1 Evacuation Pause) 565M->292M(6144M) 16.227ms
[1.700s][info][gc,metaspace] GC(2) Metaspace: 16203K(17280K)->16203K(17280K) NonClass: 14050K(14528K)->14050K(14528K) Class: 2153K(2752K)->2153K(2752K)
[1.700s][info][gc          ] GC(2) Pause Young (Normal) (G1 Evacuation Pause) 564M->320M(6144M) 22.074ms
[1.970s][info][gc,metaspace] GC(3) Metaspace: 16203K(17280K)->16203K(17280K) NonClass: 14050K(14528K)->14050K(14528K) Class: 2153K(2752K)->2153K(2752K)
[1.970s][info][gc          ] GC(3) Pause Young (Normal) (G1 Evacuation Pause) 596M->349M(6144M) 18.092ms
[2.282s][info][gc,metaspace] GC(4) Metaspace: 16203K(17280K)->16203K(17280K) NonClass: 14050K(14528K)->14050K(14528K) Class: 2153K(2752K)->2153K(2752K)
[2.282s][info][gc          ] GC(4) Pause Young (Normal) (G1 Evacuation Pause) 621M->376M(6144M) 18.836ms
[2.554s][info][gc,metaspace] GC(5) Metaspace: 16203K(17280K)->16203K(17280K) NonClass: 14050K(14528K)->14050K(14528K) Class: 2153K(2752K)->2153K(2752K)
[2.554s][info][gc          ] GC(5) Pause Young (Normal) (G1 Evacuation Pause) 652M->405M(6144M) 20.190ms
[2.823s][info][gc,metaspace] GC(6) Metaspace: 16203K(17280K)->16203K(17280K) NonClass: 14050K(14528K)->14050K(14528K) Class: 2153K(2752K)->2153K(2752K)
[2.823s][info][gc          ] GC(6) Pause Young (Normal) (G1 Evacuation Pause) 677M->432M(6144M) 19.472ms
[3.126s][info][gc,metaspace] GC(7) Metaspace: 16203K(17280K)->16203K(17280K) NonClass: 14050K(14528K)->14050K(14528K) Class: 2153K(2752K)->2153K(2752K)
[3.127s][info][gc          ] GC(7) Pause Young (Normal) (G1 Evacuation Pause) 708M->460M(6144M) 23.408ms
[3.380s][info][gc,metaspace] GC(8) Metaspace: 16203K(17280K)->16203K(17280K) NonClass: 14050K(14528K)->14050K(14528K) Class: 2153K(2752K)->2153K(2752K)
[3.380s][info][gc          ] GC(8) Pause Young (Normal) (G1 Evacuation Pause) 768M->493M(6144M) 20.315ms
[3.633s][info][gc,metaspace] GC(9) Metaspace: 16203K(17280K)->16203K(17280K) NonClass: 14050K(14528K)->14050K(14528K) Class: 2153K(2752K)->2153K(2752K)
[3.633s][info][gc          ] GC(9) Pause Young (Normal) (G1 Evacuation Pause) 829M->527M(6144M) 24.870ms
[3.892s][info][gc,metaspace] GC(10) Metaspace: 16203K(17280K)->16203K(17280K) NonClass: 14050K(14528K)->14050K(14528K) Class: 2153K(2752K)->2153K(2752K)
[3.892s][info][gc          ] GC(10) Pause Young (Normal) (G1 Evacuation Pause) 903M->566M(6144M) 27.635ms
[4.224s][info][gc,metaspace] GC(11) Metaspace: 16203K(17280K)->16203K(17280K) NonClass: 14050K(14528K)->14050K(14528K) Class: 2153K(2752K)->2153K(2752K)
[4.224s][info][gc          ] GC(11) Pause Young (Normal) (G1 Evacuation Pause) 990M->606M(6144M) 29.749ms
[4.549s][info][gc,metaspace] GC(12) Metaspace: 16203K(17280K)->16203K(17280K) NonClass: 14050K(14528K)->14050K(14528K) Class: 2153K(2752K)->2153K(2752K)
[4.549s][info][gc          ] GC(12) Pause Young (Normal) (G1 Evacuation Pause) 1086M->654M(6144M) 32.059ms
[4.916s][info][gc,metaspace] GC(13) Metaspace: 16203K(17280K)->16203K(17280K) NonClass: 14050K(14528K)->14050K(14528K) Class: 2153K(2752K)->2153K(2752K)
[4.916s][info][gc          ] GC(13) Pause Young (Normal) (G1 Evacuation Pause) 1202M->709M(6144M) 34.871ms
[5.328s][info][gc,metaspace] GC(14) Metaspace: 16203K(17280K)->16203K(17280K) NonClass: 14050K(14528K)->14050K(14528K) Class: 2153K(2752K)->2153K(2752K)
[5.328s][info][gc          ] GC(14) Pause Young (Normal) (G1 Evacuation Pause) 1329M->769M(6144M) 37.449ms
[5.798s][info][gc,metaspace] GC(15) Metaspace: 16203K(17280K)->16203K(17280K) NonClass: 14050K(14528K)->14050K(14528K) Class: 2153K(2752K)->2153K(2752K)
[5.798s][info][gc          ] GC(15) Pause Young (Normal) (G1 Evacuation Pause) 1477M->840M(6144M) 43.615ms
[6.376s][info][gc,metaspace] GC(16) Metaspace: 16203K(17280K)->16203K(17280K) NonClass: 14050K(14528K)->14050K(14528K) Class: 2153K(2752K)->2153K(2752K)
[6.376s][info][gc          ] GC(16) Pause Young (Normal) (G1 Evacuation Pause) 1628M->914M(6144M) 51.371ms
[6.969s][info][gc,metaspace] GC(17) Metaspace: 16203K(17280K)->16203K(17280K) NonClass: 14050K(14528K)->14050K(14528K) Class: 2153K(2752K)->2153K(2752K)
[6.969s][info][gc          ] GC(17) Pause Young (Normal) (G1 Evacuation Pause) 1794M->997M(6144M) 62.780ms
[7.658s][info][gc,metaspace] GC(18) Metaspace: 16203K(17280K)->16203K(17280K) NonClass: 14050K(14528K)->14050K(14528K) Class: 2153K(2752K)->2153K(2752K)
[7.658s][info][gc          ] GC(18) Pause Young (Normal) (G1 Evacuation Pause) 1965M->1093M(6144M) 61.970ms
[8.415s][info][gc,metaspace] GC(19) Metaspace: 16203K(17280K)->16203K(17280K) NonClass: 14050K(14528K)->14050K(14528K) Class: 2153K(2752K)->2153K(2752K)
[8.415s][info][gc          ] GC(19) Pause Young (Normal) (G1 Evacuation Pause) 2157M->1203M(6144M) 72.164ms
[9.230s][info][gc,metaspace] GC(20) Metaspace: 16203K(17280K)->16203K(17280K) NonClass: 14050K(14528K)->14050K(14528K) Class: 2153K(2752K)->2153K(2752K)
[9.230s][info][gc          ] GC(20) Pause Young (Normal) (G1 Evacuation Pause) 2347M->1307M(6144M) 79.285ms
[10.022s][info][gc,metaspace] GC(21) Metaspace: 16203K(17280K)->16203K(17280K) NonClass: 14050K(14528K)->14050K(14528K) Class: 2153K(2752K)->2153K(2752K)
[10.022s][info][gc          ] GC(21) Pause Young (Normal) (G1 Evacuation Pause) 2547M->1425M(6144M) 82.037ms
[10.877s][info][gc,metaspace] GC(22) Metaspace: 16203K(17280K)->16203K(17280K) NonClass: 14050K(14528K)->14050K(14528K) Class: 2153K(2752K)->2153K(2752K)
[10.877s][info][gc          ] GC(22) Pause Young (Normal) (G1 Evacuation Pause) 2761M->1551M(6144M) 96.359ms
[11.831s][info][gc,metaspace] GC(23) Metaspace: 16203K(17280K)->16203K(17280K) NonClass: 14050K(14528K)->14050K(14528K) Class: 2153K(2752K)->2153K(2752K)
[11.831s][info][gc          ] GC(23) Pause Young (Normal) (G1 Evacuation Pause) 2955M->1681M(6144M) 108.755ms
[12.820s][info][gc,metaspace] GC(24) Metaspace: 16203K(17280K)->16203K(17280K) NonClass: 14050K(14528K)->14050K(14528K) Class: 2153K(2752K)->2153K(2752K)
[12.820s][info][gc          ] GC(24) Pause Young (Normal) (G1 Evacuation Pause) 3157M->1823M(6144M) 105.959ms
67108864 Objects created
 - IK: 55699211 (82.99829%)
 - OAK: 3355627 (5.0002737%)
 - TAK: 8054026 (12.001434%)
Preparatory GC...
[14.151s][info][gc,metaspace] GC(25) Metaspace: 16203K(17280K)->16203K(17280K) NonClass: 14050K(14528K)->14050K(14528K) Class: 2153K(2752K)->2153K(2752K)
[14.151s][info][gc          ] GC(25) Pause Full (System.gc()) 2783M->1796M(6144M) 737.517ms
[14.741s][info][gc,metaspace] GC(26) Metaspace: 16203K(17280K)->16203K(17280K) NonClass: 14050K(14528K)->14050K(14528K) Class: 2153K(2752K)->2153K(2752K)
[14.741s][info][gc          ] GC(26) Pause Full (System.gc()) 1796M->1796M(6144M) 589.255ms
Done; will start GCs... 
[15.318s][info][gc,metaspace] GC(27) Metaspace: 16203K(17280K)->16203K(17280K) NonClass: 14050K(14528K)->14050K(14528K) Class: 2153K(2752K)->2153K(2752K)
[15.318s][info][gc          ] GC(27) Pause Full (System.gc()) 1798M->1796M(6144M) 577.401ms
[15.899s][info][gc,metaspace] GC(28) Metaspace: 16203K(17280K)->16203K(17280K) NonClass: 14050K(14528K)->14050K(14528K) Class: 2153K(2752K)->2153K(2752K)
[15.899s][info][gc          ] GC(28) Pause Full (System.gc()) 1796M->1796M(6144M) 580.242ms
[16.480s][info][gc,metaspace] GC(29) Metaspace: 16203K(17280K)->16203K(17280K) NonClass: 14050K(14528K)->14050K(14528K) Class: 2153K(2752K)->2153K(2752K)
[16.480s][info][gc          ] GC(29) Pause Full (System.gc()) 1796M->1796M(6144M) 581.212ms
[17.067s][info][gc,metaspace] GC(30) Metaspace: 16203K(17280K)->16203K(17280K) NonClass: 14050K(14528K)->14050K(14528K) Class: 2153K(2752K)->2153K(2752K)
[17.067s][info][gc          ] GC(30) Pause Full (System.gc()) 1796M->1796M(6144M) 587.163ms
[17.648s][info][gc,metaspace] GC(31) Metaspace: 16203K(17280K)->16203K(17280K) NonClass: 14050K(14528K)->14050K(14528K) Class: 2153K(2752K)->2153K(2752K)
[17.648s][info][gc          ] GC(31) Pause Full (System.gc()) 1796M->1796M(6144M) 580.872ms
[18.229s][info][gc,metaspace] GC(32) Metaspace: 16203K(17280K)->16203K(17280K) NonClass: 14050K(14528K)->14050K(14528K) Class: 2153K(2752K)->2153K(2752K)
[18.229s][info][gc          ] GC(32) Pause Full (System.gc()) 1796M->1796M(6144M) 580.995ms
[18.814s][info][gc,metaspace] GC(33) Metaspace: 16203K(17280K)->16203K(17280K) NonClass: 14050K(14528K)->14050K(14528K) Class: 2153K(2752K)->2153K(2752K)
[18.814s][info][gc          ] GC(33) Pause Full (System.gc()) 1796M->1796M(6144M) 584.471ms
[19.399s][info][gc,metaspace] GC(34) Metaspace: 16203K(17280K)->16203K(17280K) NonClass: 14050K(14528K)->14050K(14528K) Class: 2153K(2752K)->2153K(2752K)
[19.399s][info][gc          ] GC(34) Pause Full (System.gc()) 1796M->1796M(6144M) 585.034ms
[19.983s][info][gc,metaspace] GC(35) Metaspace: 16203K(17280K)->16203K(17280K) NonClass: 14050K(14528K)->14050K(14528K) Class: 2153K(2752K)->2153K(2752K)
[19.983s][info][gc          ] GC(35) Pause Full (System.gc()) 1796M->1796M(6144M) 584.019ms
[20.567s][info][gc,metaspace] GC(36) Metaspace: 16203K(17280K)->16203K(17280K) NonClass: 14050K(14528K)->14050K(14528K) Class: 2153K(2752K)->2153K(2752K)
[20.567s][info][gc          ] GC(36) Pause Full (System.gc()) 1796M->1796M(6144M) 584.118ms
After GCs... 
