Done; will start GCs... 
[14.651s][info][gc,metaspace] GC(15) Metaspace: 12598K(13056K)->12598K(13056K) NonClass: 10428K(10624K)->10428K(10624K) Class: 2170K(2432K)->2170K(2432K)
[14.651s][info][gc          ] GC(15) Pause Full (System.gc()) 1658M->1638M(5614M) 568.951ms
[15.331s][info][gc,metaspace] GC(16) Metaspace: 12598K(13056K)->12598K(13056K) NonClass: 10428K(10624K)->10428K(10624K) Class: 2170K(2432K)->2170K(2432K)
[15.331s][info][gc          ] GC(16) Pause Full (System.gc()) 1638M->1638M(5614M) 680.022ms
[15.928s][info][gc,metaspace] GC(17) Metaspace: 12598K(13056K)->12598K(13056K) NonClass: 10428K(10624K)->10428K(10624K) Class: 2170K(2432K)->2170K(2432K)
[15.928s][info][gc          ] GC(17) Pause Full (System.gc()) 1638M->1638M(5614M) 596.414ms
[16.499s][info][gc,metaspace] GC(18) Metaspace: 12598K(13056K)->12598K(13056K) NonClass: 10428K(10624K)->10428K(10624K) Class: 2170K(2432K)->2170K(2432K)
[16.499s][info][gc          ] GC(18) Pause Full (System.gc()) 1638M->1638M(5614M) 571.699ms
[17.129s][info][gc,metaspace] GC(19) Metaspace: 12598K(13056K)->12598K(13056K) NonClass: 10428K(10624K)->10428K(10624K) Class: 2170K(2432K)->2170K(2432K)
[17.129s][info][gc          ] GC(19) Pause Full (System.gc()) 1638M->1638M(5614M) 629.329ms
[17.725s][info][gc,metaspace] GC(20) Metaspace: 12598K(13056K)->12598K(13056K) NonClass: 10428K(10624K)->10428K(10624K) Class: 2170K(2432K)->2170K(2432K)
[17.725s][info][gc          ] GC(20) Pause Full (System.gc()) 1638M->1638M(5614M) 596.004ms
[18.333s][info][gc,metaspace] GC(21) Metaspace: 12598K(13056K)->12598K(13056K) NonClass: 10428K(10624K)->10428K(10624K) Class: 2170K(2432K)->2170K(2432K)
[18.333s][info][gc          ] GC(21) Pause Full (System.gc()) 1638M->1638M(5614M) 607.969ms
[18.944s][info][gc,metaspace] GC(22) Metaspace: 12598K(13056K)->12598K(13056K) NonClass: 10428K(10624K)->10428K(10624K) Class: 2170K(2432K)->2170K(2432K)
[18.944s][info][gc          ] GC(22) Pause Full (System.gc()) 1638M->1638M(5614M) 611.118ms
[19.506s][info][gc,metaspace] GC(23) Metaspace: 12598K(13056K)->12598K(13056K) NonClass: 10428K(10624K)->10428K(10624K) Class: 2170K(2432K)->2170K(2432K)
[19.506s][info][gc          ] GC(23) Pause Full (System.gc()) 1638M->1638M(5614M) 562.173ms
[20.113s][info][gc,metaspace] GC(24) Metaspace: 12598K(13056K)->12598K(13056K) NonClass: 10428K(10624K)->10428K(10624K) Class: 2170K(2432K)->2170K(2432K)
[20.113s][info][gc          ] GC(24) Pause Full (System.gc()) 1638M->1638M(5614M) 606.209ms
After GCs... 
