Done; will start GCs... 
[13.994s][info][gc,metaspace] GC(15) Metaspace: 12568K(13056K)->12568K(13056K) NonClass: 10396K(10624K)->10396K(10624K) Class: 2171K(2432K)->2171K(2432K)
[13.994s][info][gc          ] GC(15) Pause Full (System.gc()) 1658M->1638M(5614M) 626.359ms
[14.594s][info][gc,metaspace] GC(16) Metaspace: 12568K(13056K)->12568K(13056K) NonClass: 10396K(10624K)->10396K(10624K) Class: 2171K(2432K)->2171K(2432K)
[14.594s][info][gc          ] GC(16) Pause Full (System.gc()) 1638M->1638M(5614M) 599.495ms
[15.225s][info][gc,metaspace] GC(17) Metaspace: 12568K(13056K)->12568K(13056K) NonClass: 10396K(10624K)->10396K(10624K) Class: 2171K(2432K)->2171K(2432K)
[15.225s][info][gc          ] GC(17) Pause Full (System.gc()) 1638M->1638M(5614M) 631.245ms
[15.938s][info][gc,metaspace] GC(18) Metaspace: 12568K(13056K)->12568K(13056K) NonClass: 10396K(10624K)->10396K(10624K) Class: 2171K(2432K)->2171K(2432K)
[15.938s][info][gc          ] GC(18) Pause Full (System.gc()) 1638M->1638M(5614M) 712.940ms
[16.601s][info][gc,metaspace] GC(19) Metaspace: 12568K(13056K)->12568K(13056K) NonClass: 10396K(10624K)->10396K(10624K) Class: 2171K(2432K)->2171K(2432K)
[16.601s][info][gc          ] GC(19) Pause Full (System.gc()) 1638M->1638M(5614M) 662.815ms
[17.201s][info][gc,metaspace] GC(20) Metaspace: 12568K(13056K)->12568K(13056K) NonClass: 10396K(10624K)->10396K(10624K) Class: 2171K(2432K)->2171K(2432K)
[17.201s][info][gc          ] GC(20) Pause Full (System.gc()) 1638M->1638M(5614M) 599.612ms
[17.867s][info][gc,metaspace] GC(21) Metaspace: 12568K(13056K)->12568K(13056K) NonClass: 10396K(10624K)->10396K(10624K) Class: 2171K(2432K)->2171K(2432K)
[17.867s][info][gc          ] GC(21) Pause Full (System.gc()) 1638M->1638M(5614M) 665.893ms
[18.484s][info][gc,metaspace] GC(22) Metaspace: 12568K(13056K)->12568K(13056K) NonClass: 10396K(10624K)->10396K(10624K) Class: 2171K(2432K)->2171K(2432K)
[18.484s][info][gc          ] GC(22) Pause Full (System.gc()) 1638M->1638M(5614M) 612.744ms
[19.081s][info][gc,metaspace] GC(23) Metaspace: 12568K(13056K)->12568K(13056K) NonClass: 10396K(10624K)->10396K(10624K) Class: 2171K(2432K)->2171K(2432K)
[19.081s][info][gc          ] GC(23) Pause Full (System.gc()) 1638M->1638M(5614M) 596.349ms
[19.712s][info][gc,metaspace] GC(24) Metaspace: 12568K(13056K)->12568K(13056K) NonClass: 10396K(10624K)->10396K(10624K) Class: 2171K(2432K)->2171K(2432K)
[19.712s][info][gc          ] GC(24) Pause Full (System.gc()) 1638M->1638M(5614M) 631.288ms
After GCs... 
