Done; will start GCs... 
[102.504s][info][gc,metaspace] GC(13) Metaspace: 89892K(103744K)->89892K(103744K) NonClass: 63143K(69056K)->63143K(69056K) Class: 26748K(34688K)->26748K(34688K)
[102.504s][info][gc          ] GC(13) Pause Full (System.gc()) 1634M->1602M(5939M) 7634.147ms
[110.094s][info][gc,metaspace] GC(14) Metaspace: 89892K(103744K)->89892K(103744K) NonClass: 63143K(69056K)->63143K(69056K) Class: 26748K(34688K)->26748K(34688K)
[110.094s][info][gc          ] GC(14) Pause Full (System.gc()) 1602M->1602M(5939M) 7589.975ms
[117.737s][info][gc,metaspace] GC(15) Metaspace: 89892K(103744K)->89892K(103744K) NonClass: 63143K(69056K)->63143K(69056K) Class: 26748K(34688K)->26748K(34688K)
[117.737s][info][gc          ] GC(15) Pause Full (System.gc()) 1602M->1602M(5939M) 7642.661ms
[125.330s][info][gc,metaspace] GC(16) Metaspace: 89892K(103744K)->89892K(103744K) NonClass: 63143K(69056K)->63143K(69056K) Class: 26748K(34688K)->26748K(34688K)
[125.330s][info][gc          ] GC(16) Pause Full (System.gc()) 1602M->1602M(5939M) 7592.804ms
[132.952s][info][gc,metaspace] GC(17) Metaspace: 89892K(103744K)->89892K(103744K) NonClass: 63143K(69056K)->63143K(69056K) Class: 26748K(34688K)->26748K(34688K)
[132.952s][info][gc          ] GC(17) Pause Full (System.gc()) 1613M->1602M(5939M) 7621.235ms
[140.583s][info][gc,metaspace] GC(18) Metaspace: 89892K(103744K)->89892K(103744K) NonClass: 63143K(69056K)->63143K(69056K) Class: 26748K(34688K)->26748K(34688K)
[140.583s][info][gc          ] GC(18) Pause Full (System.gc()) 1602M->1602M(5939M) 7631.139ms
[148.329s][info][gc,metaspace] GC(19) Metaspace: 89892K(103744K)->89892K(103744K) NonClass: 63143K(69056K)->63143K(69056K) Class: 26748K(34688K)->26748K(34688K)
[148.329s][info][gc          ] GC(19) Pause Full (System.gc()) 1602M->1602M(5939M) 7745.588ms
[156.694s][info][gc,metaspace] GC(20) Metaspace: 89892K(103744K)->89892K(103744K) NonClass: 63143K(69056K)->63143K(69056K) Class: 26748K(34688K)->26748K(34688K)
[156.694s][info][gc          ] GC(20) Pause Full (System.gc()) 1602M->1602M(5939M) 8365.288ms
[164.271s][info][gc,metaspace] GC(21) Metaspace: 89892K(103744K)->89892K(103744K) NonClass: 63143K(69056K)->63143K(69056K) Class: 26748K(34688K)->26748K(34688K)
[164.271s][info][gc          ] GC(21) Pause Full (System.gc()) 1602M->1602M(5939M) 7576.378ms
[171.896s][info][gc,metaspace] GC(22) Metaspace: 89892K(103744K)->89892K(103744K) NonClass: 63143K(69056K)->63143K(69056K) Class: 26748K(34688K)->26748K(34688K)
[171.896s][info][gc          ] GC(22) Pause Full (System.gc()) 1602M->1602M(5939M) 7624.546ms
[179.526s][info][gc,metaspace] GC(23) Metaspace: 89892K(103744K)->89892K(103744K) NonClass: 63143K(69056K)->63143K(69056K) Class: 26748K(34688K)->26748K(34688K)
[179.526s][info][gc          ] GC(23) Pause Full (System.gc()) 1602M->1602M(5939M) 7629.866ms
[187.276s][info][gc,metaspace] GC(24) Metaspace: 89892K(103744K)->89892K(103744K) NonClass: 63143K(69056K)->63143K(69056K) Class: 26748K(34688K)->26748K(34688K)
[187.276s][info][gc          ] GC(24) Pause Full (System.gc()) 1602M->1602M(5939M) 7749.856ms
[194.898s][info][gc,metaspace] GC(25) Metaspace: 89892K(103744K)->89892K(103744K) NonClass: 63143K(69056K)->63143K(69056K) Class: 26748K(34688K)->26748K(34688K)
[194.898s][info][gc          ] GC(25) Pause Full (System.gc()) 1613M->1602M(5939M) 7621.634ms
[202.527s][info][gc,metaspace] GC(26) Metaspace: 89892K(103744K)->89892K(103744K) NonClass: 63143K(69056K)->63143K(69056K) Class: 26748K(34688K)->26748K(34688K)
[202.527s][info][gc          ] GC(26) Pause Full (System.gc()) 1602M->1602M(5939M) 7629.104ms
[210.290s][info][gc,metaspace] GC(27) Metaspace: 89892K(103744K)->89892K(103744K) NonClass: 63143K(69056K)->63143K(69056K) Class: 26748K(34688K)->26748K(34688K)
[210.290s][info][gc          ] GC(27) Pause Full (System.gc()) 1602M->1602M(5939M) 7762.803ms
[217.919s][info][gc,metaspace] GC(28) Metaspace: 89892K(103744K)->89892K(103744K) NonClass: 63143K(69056K)->63143K(69056K) Class: 26748K(34688K)->26748K(34688K)
[217.919s][info][gc          ] GC(28) Pause Full (System.gc()) 1602M->1602M(5939M) 7629.031ms
[225.549s][info][gc,metaspace] GC(29) Metaspace: 89892K(103744K)->89892K(103744K) NonClass: 63143K(69056K)->63143K(69056K) Class: 26748K(34688K)->26748K(34688K)
[225.549s][info][gc          ] GC(29) Pause Full (System.gc()) 1602M->1602M(5939M) 7629.890ms
[233.131s][info][gc,metaspace] GC(30) Metaspace: 89892K(103744K)->89892K(103744K) NonClass: 63143K(69056K)->63143K(69056K) Class: 26748K(34688K)->26748K(34688K)
[233.131s][info][gc          ] GC(30) Pause Full (System.gc()) 1602M->1602M(5939M) 7581.944ms
[240.754s][info][gc,metaspace] GC(31) Metaspace: 89892K(103744K)->89892K(103744K) NonClass: 63143K(69056K)->63143K(69056K) Class: 26748K(34688K)->26748K(34688K)
[240.754s][info][gc          ] GC(31) Pause Full (System.gc()) 1602M->1602M(5939M) 7622.053ms
[248.332s][info][gc,metaspace] GC(32) Metaspace: 89892K(103744K)->89892K(103744K) NonClass: 63143K(69056K)->63143K(69056K) Class: 26748K(34688K)->26748K(34688K)
[248.332s][info][gc          ] GC(32) Pause Full (System.gc()) 1602M->1602M(5939M) 7578.079ms
[255.968s][info][gc,metaspace] GC(33) Metaspace: 89892K(103744K)->89892K(103744K) NonClass: 63143K(69056K)->63143K(69056K) Class: 26748K(34688K)->26748K(34688K)
[255.968s][info][gc          ] GC(33) Pause Full (System.gc()) 1602M->1602M(5939M) 7636.015ms
[263.600s][info][gc,metaspace] GC(34) Metaspace: 89892K(103744K)->89892K(103744K) NonClass: 63143K(69056K)->63143K(69056K) Class: 26748K(34688K)->26748K(34688K)
[263.600s][info][gc          ] GC(34) Pause Full (System.gc()) 1602M->1602M(5939M) 7631.631ms
[271.200s][info][gc,metaspace] GC(35) Metaspace: 89892K(103744K)->89892K(103744K) NonClass: 63143K(69056K)->63143K(69056K) Class: 26748K(34688K)->26748K(34688K)
[271.200s][info][gc          ] GC(35) Pause Full (System.gc()) 1613M->1602M(5939M) 7599.550ms
[278.833s][info][gc,metaspace] GC(36) Metaspace: 89892K(103744K)->89892K(103744K) NonClass: 63143K(69056K)->63143K(69056K) Class: 26748K(34688K)->26748K(34688K)
[278.833s][info][gc          ] GC(36) Pause Full (System.gc()) 1602M->1602M(5939M) 7633.410ms
[286.411s][info][gc,metaspace] GC(37) Metaspace: 89892K(103744K)->89892K(103744K) NonClass: 63143K(69056K)->63143K(69056K) Class: 26748K(34688K)->26748K(34688K)
[286.411s][info][gc          ] GC(37) Pause Full (System.gc()) 1602M->1602M(5939M) 7577.844ms
[294.036s][info][gc,metaspace] GC(38) Metaspace: 89892K(103744K)->89892K(103744K) NonClass: 63143K(69056K)->63143K(69056K) Class: 26748K(34688K)->26748K(34688K)
[294.036s][info][gc          ] GC(38) Pause Full (System.gc()) 1602M->1602M(5939M) 7624.567ms
[301.671s][info][gc,metaspace] GC(39) Metaspace: 89892K(103744K)->89892K(103744K) NonClass: 63143K(69056K)->63143K(69056K) Class: 26748K(34688K)->26748K(34688K)
[301.672s][info][gc          ] GC(39) Pause Full (System.gc()) 1602M->1602M(5939M) 7635.105ms
[309.254s][info][gc,metaspace] GC(40) Metaspace: 89892K(103744K)->89892K(103744K) NonClass: 63143K(69056K)->63143K(69056K) Class: 26748K(34688K)->26748K(34688K)
[309.254s][info][gc          ] GC(40) Pause Full (System.gc()) 1602M->1602M(5939M) 7582.449ms
[316.881s][info][gc,metaspace] GC(41) Metaspace: 89892K(103744K)->89892K(103744K) NonClass: 63143K(69056K)->63143K(69056K) Class: 26748K(34688K)->26748K(34688K)
[316.881s][info][gc          ] GC(41) Pause Full (System.gc()) 1602M->1602M(5939M) 7626.502ms
[324.510s][info][gc,metaspace] GC(42) Metaspace: 89892K(103744K)->89892K(103744K) NonClass: 63143K(69056K)->63143K(69056K) Class: 26748K(34688K)->26748K(34688K)
[324.510s][info][gc          ] GC(42) Pause Full (System.gc()) 1602M->1602M(5939M) 7629.033ms
[332.680s][info][gc,metaspace] GC(43) Metaspace: 89892K(103744K)->89892K(103744K) NonClass: 63143K(69056K)->63143K(69056K) Class: 26748K(34688K)->26748K(34688K)
[332.681s][info][gc          ] GC(43) Pause Full (System.gc()) 1602M->1602M(5939M) 8170.302ms
[340.260s][info][gc,metaspace] GC(44) Metaspace: 89892K(103744K)->89892K(103744K) NonClass: 63143K(69056K)->63143K(69056K) Class: 26748K(34688K)->26748K(34688K)
[340.260s][info][gc          ] GC(44) Pause Full (System.gc()) 1613M->1602M(5939M) 7578.972ms
[347.887s][info][gc,metaspace] GC(45) Metaspace: 89892K(103744K)->89892K(103744K) NonClass: 63143K(69056K)->63143K(69056K) Class: 26748K(34688K)->26748K(34688K)
[347.887s][info][gc          ] GC(45) Pause Full (System.gc()) 1602M->1602M(5939M) 7627.098ms
[355.510s][info][gc,metaspace] GC(46) Metaspace: 89892K(103744K)->89892K(103744K) NonClass: 63143K(69056K)->63143K(69056K) Class: 26748K(34688K)->26748K(34688K)
[355.510s][info][gc          ] GC(46) Pause Full (System.gc()) 1602M->1602M(5939M) 7622.468ms
[363.257s][info][gc,metaspace] GC(47) Metaspace: 89892K(103744K)->89892K(103744K) NonClass: 63143K(69056K)->63143K(69056K) Class: 26748K(34688K)->26748K(34688K)
[363.257s][info][gc          ] GC(47) Pause Full (System.gc()) 1602M->1602M(5939M) 7746.905ms
[370.884s][info][gc,metaspace] GC(48) Metaspace: 89892K(103744K)->89892K(103744K) NonClass: 63143K(69056K)->63143K(69056K) Class: 26748K(34688K)->26748K(34688K)
[370.884s][info][gc          ] GC(48) Pause Full (System.gc()) 1602M->1602M(5939M) 7626.882ms
[378.505s][info][gc,metaspace] GC(49) Metaspace: 89892K(103744K)->89892K(103744K) NonClass: 63143K(69056K)->63143K(69056K) Class: 26748K(34688K)->26748K(34688K)
[378.505s][info][gc          ] GC(49) Pause Full (System.gc()) 1602M->1602M(5939M) 7621.021ms
[386.087s][info][gc,metaspace] GC(50) Metaspace: 89892K(103744K)->89892K(103744K) NonClass: 63143K(69056K)->63143K(69056K) Class: 26748K(34688K)->26748K(34688K)
[386.087s][info][gc          ] GC(50) Pause Full (System.gc()) 1602M->1602M(5939M) 7582.158ms
[393.735s][info][gc,metaspace] GC(51) Metaspace: 89892K(103744K)->89892K(103744K) NonClass: 63143K(69056K)->63143K(69056K) Class: 26748K(34688K)->26748K(34688K)
[393.735s][info][gc          ] GC(51) Pause Full (System.gc()) 1602M->1602M(5939M) 7647.237ms
[401.327s][info][gc,metaspace] GC(52) Metaspace: 89892K(103744K)->89892K(103744K) NonClass: 63143K(69056K)->63143K(69056K) Class: 26748K(34688K)->26748K(34688K)
[401.327s][info][gc          ] GC(52) Pause Full (System.gc()) 1602M->1602M(5939M) 7591.517ms
[408.952s][info][gc,metaspace] GC(53) Metaspace: 89892K(103744K)->89892K(103744K) NonClass: 63143K(69056K)->63143K(69056K) Class: 26748K(34688K)->26748K(34688K)
[408.952s][info][gc          ] GC(53) Pause Full (System.gc()) 1613M->1602M(5939M) 7625.143ms
[416.587s][info][gc,metaspace] GC(54) Metaspace: 89892K(103744K)->89892K(103744K) NonClass: 63143K(69056K)->63143K(69056K) Class: 26748K(34688K)->26748K(34688K)
[416.587s][info][gc          ] GC(54) Pause Full (System.gc()) 1602M->1602M(5939M) 7634.443ms
[424.327s][info][gc,metaspace] GC(55) Metaspace: 89892K(103744K)->89892K(103744K) NonClass: 63143K(69056K)->63143K(69056K) Class: 26748K(34688K)->26748K(34688K)
[424.327s][info][gc          ] GC(55) Pause Full (System.gc()) 1602M->1602M(5939M) 7739.727ms
[431.967s][info][gc,metaspace] GC(56) Metaspace: 89892K(103744K)->89892K(103744K) NonClass: 63143K(69056K)->63143K(69056K) Class: 26748K(34688K)->26748K(34688K)
[431.967s][info][gc          ] GC(56) Pause Full (System.gc()) 1602M->1602M(5939M) 7640.103ms
[439.603s][info][gc,metaspace] GC(57) Metaspace: 89892K(103744K)->89892K(103744K) NonClass: 63143K(69056K)->63143K(69056K) Class: 26748K(34688K)->26748K(34688K)
[439.603s][info][gc          ] GC(57) Pause Full (System.gc()) 1602M->1602M(5939M) 7635.965ms
[447.193s][info][gc,metaspace] GC(58) Metaspace: 89892K(103744K)->89892K(103744K) NonClass: 63143K(69056K)->63143K(69056K) Class: 26748K(34688K)->26748K(34688K)
[447.193s][info][gc          ] GC(58) Pause Full (System.gc()) 1602M->1602M(5939M) 7589.971ms
[454.834s][info][gc,metaspace] GC(59) Metaspace: 89892K(103744K)->89892K(103744K) NonClass: 63143K(69056K)->63143K(69056K) Class: 26748K(34688K)->26748K(34688K)
[454.834s][info][gc          ] GC(59) Pause Full (System.gc()) 1602M->1602M(5939M) 7640.423ms
[462.412s][info][gc,metaspace] GC(60) Metaspace: 89892K(103744K)->89892K(103744K) NonClass: 63143K(69056K)->63143K(69056K) Class: 26748K(34688K)->26748K(34688K)
[462.412s][info][gc          ] GC(60) Pause Full (System.gc()) 1602M->1602M(5939M) 7578.086ms
[470.038s][info][gc,metaspace] GC(61) Metaspace: 89892K(103744K)->89892K(103744K) NonClass: 63143K(69056K)->63143K(69056K) Class: 26748K(34688K)->26748K(34688K)
[470.038s][info][gc          ] GC(61) Pause Full (System.gc()) 1613M->1602M(5939M) 7626.130ms
[477.667s][info][gc,metaspace] GC(62) Metaspace: 89892K(103744K)->89892K(103744K) NonClass: 63143K(69056K)->63143K(69056K) Class: 26748K(34688K)->26748K(34688K)
[477.667s][info][gc          ] GC(62) Pause Full (System.gc()) 1602M->1602M(5939M) 7628.687ms
After GCs... 
