Done; will start GCs... 
[95.656s][info][gc,metaspace] GC(13) Metaspace: 89896K(103744K)->89896K(103744K) NonClass: 63148K(69056K)->63148K(69056K) Class: 26748K(34688K)->26748K(34688K)
[95.656s][info][gc          ] GC(13) Pause Full (System.gc()) 1634M->1602M(5939M) 6196.128ms
[101.179s][info][gc,metaspace] GC(14) Metaspace: 89896K(103744K)->89896K(103744K) NonClass: 63148K(69056K)->63148K(69056K) Class: 26748K(34688K)->26748K(34688K)
[101.179s][info][gc          ] GC(14) Pause Full (System.gc()) 1602M->1602M(5939M) 5522.902ms
[106.989s][info][gc,metaspace] GC(15) Metaspace: 89896K(103744K)->89896K(103744K) NonClass: 63148K(69056K)->63148K(69056K) Class: 26748K(34688K)->26748K(34688K)
[106.989s][info][gc          ] GC(15) Pause Full (System.gc()) 1602M->1602M(5939M) 5810.398ms
[112.509s][info][gc,metaspace] GC(16) Metaspace: 89896K(103744K)->89896K(103744K) NonClass: 63148K(69056K)->63148K(69056K) Class: 26748K(34688K)->26748K(34688K)
[112.509s][info][gc          ] GC(16) Pause Full (System.gc()) 1602M->1602M(5939M) 5519.325ms
[118.363s][info][gc,metaspace] GC(17) Metaspace: 89896K(103744K)->89896K(103744K) NonClass: 63148K(69056K)->63148K(69056K) Class: 26748K(34688K)->26748K(34688K)
[118.363s][info][gc          ] GC(17) Pause Full (System.gc()) 1602M->1602M(5939M) 5854.298ms
[123.832s][info][gc,metaspace] GC(18) Metaspace: 89896K(103744K)->89896K(103744K) NonClass: 63148K(69056K)->63148K(69056K) Class: 26748K(34688K)->26748K(34688K)
[123.832s][info][gc          ] GC(18) Pause Full (System.gc()) 1602M->1602M(5939M) 5468.006ms
[129.357s][info][gc,metaspace] GC(19) Metaspace: 89896K(103744K)->89896K(103744K) NonClass: 63148K(69056K)->63148K(69056K) Class: 26748K(34688K)->26748K(34688K)
[129.357s][info][gc          ] GC(19) Pause Full (System.gc()) 1602M->1602M(5939M) 5525.391ms
[135.523s][info][gc,metaspace] GC(20) Metaspace: 89896K(103744K)->89896K(103744K) NonClass: 63148K(69056K)->63148K(69056K) Class: 26748K(34688K)->26748K(34688K)
[135.523s][info][gc          ] GC(20) Pause Full (System.gc()) 1613M->1602M(5939M) 6165.791ms
[140.990s][info][gc,metaspace] GC(21) Metaspace: 89896K(103744K)->89896K(103744K) NonClass: 63148K(69056K)->63148K(69056K) Class: 26748K(34688K)->26748K(34688K)
[140.991s][info][gc          ] GC(21) Pause Full (System.gc()) 1602M->1602M(5939M) 5467.002ms
[146.507s][info][gc,metaspace] GC(22) Metaspace: 89896K(103744K)->89896K(103744K) NonClass: 63148K(69056K)->63148K(69056K) Class: 26748K(34688K)->26748K(34688K)
[146.507s][info][gc          ] GC(22) Pause Full (System.gc()) 1602M->1602M(5939M) 5516.610ms
[152.427s][info][gc,metaspace] GC(23) Metaspace: 89896K(103744K)->89896K(103744K) NonClass: 63148K(69056K)->63148K(69056K) Class: 26748K(34688K)->26748K(34688K)
[152.427s][info][gc          ] GC(23) Pause Full (System.gc()) 1602M->1602M(5939M) 5919.298ms
[157.896s][info][gc,metaspace] GC(24) Metaspace: 89896K(103744K)->89896K(103744K) NonClass: 63148K(69056K)->63148K(69056K) Class: 26748K(34688K)->26748K(34688K)
[157.896s][info][gc          ] GC(24) Pause Full (System.gc()) 1602M->1602M(5939M) 5468.945ms
[163.416s][info][gc,metaspace] GC(25) Metaspace: 89896K(103744K)->89896K(103744K) NonClass: 63148K(69056K)->63148K(69056K) Class: 26748K(34688K)->26748K(34688K)
[163.416s][info][gc          ] GC(25) Pause Full (System.gc()) 1602M->1602M(5939M) 5520.205ms
[168.896s][info][gc,metaspace] GC(26) Metaspace: 89896K(103744K)->89896K(103744K) NonClass: 63148K(69056K)->63148K(69056K) Class: 26748K(34688K)->26748K(34688K)
[168.896s][info][gc          ] GC(26) Pause Full (System.gc()) 1602M->1602M(5939M) 5479.380ms
[174.417s][info][gc,metaspace] GC(27) Metaspace: 89896K(103744K)->89896K(103744K) NonClass: 63148K(69056K)->63148K(69056K) Class: 26748K(34688K)->26748K(34688K)
[174.417s][info][gc          ] GC(27) Pause Full (System.gc()) 1602M->1602M(5939M) 5520.477ms
[179.891s][info][gc,metaspace] GC(28) Metaspace: 89896K(103744K)->89896K(103744K) NonClass: 63148K(69056K)->63148K(69056K) Class: 26748K(34688K)->26748K(34688K)
[179.891s][info][gc          ] GC(28) Pause Full (System.gc()) 1602M->1602M(5939M) 5474.598ms
[185.407s][info][gc,metaspace] GC(29) Metaspace: 89896K(103744K)->89896K(103744K) NonClass: 63148K(69056K)->63148K(69056K) Class: 26748K(34688K)->26748K(34688K)
[185.407s][info][gc          ] GC(29) Pause Full (System.gc()) 1602M->1602M(5939M) 5515.597ms
[191.277s][info][gc,metaspace] GC(30) Metaspace: 89896K(103744K)->89896K(103744K) NonClass: 63148K(69056K)->63148K(69056K) Class: 26748K(34688K)->26748K(34688K)
[191.277s][info][gc          ] GC(30) Pause Full (System.gc()) 1602M->1602M(5939M) 5869.899ms
[196.749s][info][gc,metaspace] GC(31) Metaspace: 89896K(103744K)->89896K(103744K) NonClass: 63148K(69056K)->63148K(69056K) Class: 26748K(34688K)->26748K(34688K)
[196.749s][info][gc          ] GC(31) Pause Full (System.gc()) 1613M->1602M(5939M) 5471.087ms
[202.266s][info][gc,metaspace] GC(32) Metaspace: 89896K(103744K)->89896K(103744K) NonClass: 63148K(69056K)->63148K(69056K) Class: 26748K(34688K)->26748K(34688K)
[202.266s][info][gc          ] GC(32) Pause Full (System.gc()) 1602M->1602M(5939M) 5517.015ms
[207.741s][info][gc,metaspace] GC(33) Metaspace: 89896K(103744K)->89896K(103744K) NonClass: 63148K(69056K)->63148K(69056K) Class: 26748K(34688K)->26748K(34688K)
[207.741s][info][gc          ] GC(33) Pause Full (System.gc()) 1602M->1602M(5939M) 5475.148ms
[213.588s][info][gc,metaspace] GC(34) Metaspace: 89896K(103744K)->89896K(103744K) NonClass: 63148K(69056K)->63148K(69056K) Class: 26748K(34688K)->26748K(34688K)
[213.588s][info][gc          ] GC(34) Pause Full (System.gc()) 1602M->1602M(5939M) 5846.382ms
[219.110s][info][gc,metaspace] GC(35) Metaspace: 89896K(103744K)->89896K(103744K) NonClass: 63148K(69056K)->63148K(69056K) Class: 26748K(34688K)->26748K(34688K)
[219.110s][info][gc          ] GC(35) Pause Full (System.gc()) 1602M->1602M(5939M) 5522.073ms
[224.923s][info][gc,metaspace] GC(36) Metaspace: 89896K(103744K)->89896K(103744K) NonClass: 63148K(69056K)->63148K(69056K) Class: 26748K(34688K)->26748K(34688K)
[224.923s][info][gc          ] GC(36) Pause Full (System.gc()) 1602M->1602M(5939M) 5812.462ms
[230.444s][info][gc,metaspace] GC(37) Metaspace: 89896K(103744K)->89896K(103744K) NonClass: 63148K(69056K)->63148K(69056K) Class: 26748K(34688K)->26748K(34688K)
[230.444s][info][gc          ] GC(37) Pause Full (System.gc()) 1602M->1602M(5939M) 5521.203ms
[235.912s][info][gc,metaspace] GC(38) Metaspace: 89896K(103744K)->89896K(103744K) NonClass: 63148K(69056K)->63148K(69056K) Class: 26748K(34688K)->26748K(34688K)
[235.912s][info][gc          ] GC(38) Pause Full (System.gc()) 1602M->1602M(5939M) 5467.206ms
[241.428s][info][gc,metaspace] GC(39) Metaspace: 89896K(103744K)->89896K(103744K) NonClass: 63148K(69056K)->63148K(69056K) Class: 26748K(34688K)->26748K(34688K)
[241.429s][info][gc          ] GC(39) Pause Full (System.gc()) 1602M->1602M(5939M) 5516.725ms
[246.899s][info][gc,metaspace] GC(40) Metaspace: 89896K(103744K)->89896K(103744K) NonClass: 63148K(69056K)->63148K(69056K) Class: 26748K(34688K)->26748K(34688K)
[246.899s][info][gc          ] GC(40) Pause Full (System.gc()) 1602M->1602M(5939M) 5470.392ms
[252.423s][info][gc,metaspace] GC(41) Metaspace: 89896K(103744K)->89896K(103744K) NonClass: 63148K(69056K)->63148K(69056K) Class: 26748K(34688K)->26748K(34688K)
[252.423s][info][gc          ] GC(41) Pause Full (System.gc()) 1602M->1602M(5939M) 5523.551ms
[257.893s][info][gc,metaspace] GC(42) Metaspace: 89896K(103744K)->89896K(103744K) NonClass: 63148K(69056K)->63148K(69056K) Class: 26748K(34688K)->26748K(34688K)
[257.894s][info][gc          ] GC(42) Pause Full (System.gc()) 1613M->1602M(5939M) 5470.468ms
[263.759s][info][gc,metaspace] GC(43) Metaspace: 89896K(103744K)->89896K(103744K) NonClass: 63148K(69056K)->63148K(69056K) Class: 26748K(34688K)->26748K(34688K)
[263.759s][info][gc          ] GC(43) Pause Full (System.gc()) 1602M->1602M(5939M) 5865.387ms
[269.276s][info][gc,metaspace] GC(44) Metaspace: 89896K(103744K)->89896K(103744K) NonClass: 63148K(69056K)->63148K(69056K) Class: 26748K(34688K)->26748K(34688K)
[269.276s][info][gc          ] GC(44) Pause Full (System.gc()) 1602M->1602M(5939M) 5517.158ms
[275.154s][info][gc,metaspace] GC(45) Metaspace: 89896K(103744K)->89896K(103744K) NonClass: 63148K(69056K)->63148K(69056K) Class: 26748K(34688K)->26748K(34688K)
[275.154s][info][gc          ] GC(45) Pause Full (System.gc()) 1602M->1602M(5939M) 5877.282ms
[280.810s][info][gc,metaspace] GC(46) Metaspace: 89896K(103744K)->89896K(103744K) NonClass: 63148K(69056K)->63148K(69056K) Class: 26748K(34688K)->26748K(34688K)
[280.810s][info][gc          ] GC(46) Pause Full (System.gc()) 1602M->1602M(5939M) 5655.445ms
[286.332s][info][gc,metaspace] GC(47) Metaspace: 89896K(103744K)->89896K(103744K) NonClass: 63148K(69056K)->63148K(69056K) Class: 26748K(34688K)->26748K(34688K)
[286.332s][info][gc          ] GC(47) Pause Full (System.gc()) 1602M->1602M(5939M) 5522.354ms
[291.802s][info][gc,metaspace] GC(48) Metaspace: 89896K(103744K)->89896K(103744K) NonClass: 63148K(69056K)->63148K(69056K) Class: 26748K(34688K)->26748K(34688K)
[291.802s][info][gc          ] GC(48) Pause Full (System.gc()) 1602M->1602M(5939M) 5469.930ms
[297.651s][info][gc,metaspace] GC(49) Metaspace: 89896K(103744K)->89896K(103744K) NonClass: 63148K(69056K)->63148K(69056K) Class: 26748K(34688K)->26748K(34688K)
[297.651s][info][gc          ] GC(49) Pause Full (System.gc()) 1602M->1602M(5939M) 5848.543ms
[303.173s][info][gc,metaspace] GC(50) Metaspace: 89896K(103744K)->89896K(103744K) NonClass: 63148K(69056K)->63148K(69056K) Class: 26748K(34688K)->26748K(34688K)
[303.173s][info][gc          ] GC(50) Pause Full (System.gc()) 1602M->1602M(5939M) 5521.618ms
[308.978s][info][gc,metaspace] GC(51) Metaspace: 89896K(103744K)->89896K(103744K) NonClass: 63148K(69056K)->63148K(69056K) Class: 26748K(34688K)->26748K(34688K)
[308.978s][info][gc          ] GC(51) Pause Full (System.gc()) 1602M->1602M(5939M) 5805.133ms
[314.504s][info][gc,metaspace] GC(52) Metaspace: 89896K(103744K)->89896K(103744K) NonClass: 63148K(69056K)->63148K(69056K) Class: 26748K(34688K)->26748K(34688K)
[314.504s][info][gc          ] GC(52) Pause Full (System.gc()) 1602M->1602M(5939M) 5525.556ms
[320.423s][info][gc,metaspace] GC(53) Metaspace: 89896K(103744K)->89896K(103744K) NonClass: 63148K(69056K)->63148K(69056K) Class: 26748K(34688K)->26748K(34688K)
[320.423s][info][gc          ] GC(53) Pause Full (System.gc()) 1613M->1602M(5939M) 5918.557ms
[325.897s][info][gc,metaspace] GC(54) Metaspace: 89896K(103744K)->89896K(103744K) NonClass: 63148K(69056K)->63148K(69056K) Class: 26748K(34688K)->26748K(34688K)
[325.897s][info][gc          ] GC(54) Pause Full (System.gc()) 1602M->1602M(5939M) 5473.651ms
[331.674s][info][gc,metaspace] GC(55) Metaspace: 89896K(103744K)->89896K(103744K) NonClass: 63148K(69056K)->63148K(69056K) Class: 26748K(34688K)->26748K(34688K)
[331.674s][info][gc          ] GC(55) Pause Full (System.gc()) 1602M->1602M(5939M) 5777.376ms
[337.195s][info][gc,metaspace] GC(56) Metaspace: 89896K(103744K)->89896K(103744K) NonClass: 63148K(69056K)->63148K(69056K) Class: 26748K(34688K)->26748K(34688K)
[337.195s][info][gc          ] GC(56) Pause Full (System.gc()) 1602M->1602M(5939M) 5521.118ms
[342.664s][info][gc,metaspace] GC(57) Metaspace: 89896K(103744K)->89896K(103744K) NonClass: 63148K(69056K)->63148K(69056K) Class: 26748K(34688K)->26748K(34688K)
[342.664s][info][gc          ] GC(57) Pause Full (System.gc()) 1602M->1602M(5939M) 5468.783ms
[348.181s][info][gc,metaspace] GC(58) Metaspace: 89896K(103744K)->89896K(103744K) NonClass: 63148K(69056K)->63148K(69056K) Class: 26748K(34688K)->26748K(34688K)
[348.181s][info][gc          ] GC(58) Pause Full (System.gc()) 1602M->1602M(5939M) 5516.042ms
[353.657s][info][gc,metaspace] GC(59) Metaspace: 89896K(103744K)->89896K(103744K) NonClass: 63148K(69056K)->63148K(69056K) Class: 26748K(34688K)->26748K(34688K)
[353.657s][info][gc          ] GC(59) Pause Full (System.gc()) 1602M->1602M(5939M) 5475.736ms
[359.519s][info][gc,metaspace] GC(60) Metaspace: 89896K(103744K)->89896K(103744K) NonClass: 63148K(69056K)->63148K(69056K) Class: 26748K(34688K)->26748K(34688K)
[359.519s][info][gc          ] GC(60) Pause Full (System.gc()) 1602M->1602M(5939M) 5862.513ms
[364.987s][info][gc,metaspace] GC(61) Metaspace: 89896K(103744K)->89896K(103744K) NonClass: 63148K(69056K)->63148K(69056K) Class: 26748K(34688K)->26748K(34688K)
[364.987s][info][gc          ] GC(61) Pause Full (System.gc()) 1602M->1602M(5939M) 5467.084ms
[370.507s][info][gc,metaspace] GC(62) Metaspace: 89896K(103744K)->89896K(103744K) NonClass: 63148K(69056K)->63148K(69056K) Class: 26748K(34688K)->26748K(34688K)
[370.507s][info][gc          ] GC(62) Pause Full (System.gc()) 1602M->1602M(5939M) 5520.383ms
After GCs... 
