[0.001s][info][metaspace]  - commit_granule_bytes: 65536.
[0.001s][info][metaspace]  - commit_granule_words: 8192.
[0.001s][info][metaspace]  - virtual_space_node_default_size: 8388608.
[0.001s][info][metaspace]  - enlarge_chunks_in_place: 1.
[0.001s][info][metaspace]  - use_allocation_guard: 0.
[0.002s][info][gc       ] Using Serial
[0.007s][info][metaspace] Reserving compressed class space anywhere
[0.007s][info][gc,metaspace] CDS archive(s) not mapped
[0.007s][info][gc,metaspace] Compressed class space mapped at: 0x0000000007000000-0x00000000c7000000, reserved size: 3221225472
[0.007s][info][gc,metaspace] UseCompressedClassPointers 1, UseCompactObjectHeaders 1, narrow klass pointer bits 22, max shift 10
[0.007s][info][gc,metaspace] Narrow klass base: 0x0000000007000000, Narrow klass shift: 10, Narrow klass range: 0xc0000000
Random Seed: 12345678
Num Classes: 16384
Num Objects: 67108864
Percent IK Objects: 83.0%)
Percent OAK Objects: 5.0%)
Percent TAK Objects: 12.0%)
Cycles: 50
Loading 16384 pre-generated classes ...
Materialize pre-generated constructors ...
Creating objects...
[0.752s][info][gc,metaspace] GC(0) Metaspace: 36852K(37184K)->36852K(37184K) NonClass: 18685K(18880K)->18685K(18880K) Class: 18166K(18304K)->18166K(18304K)
[0.752s][info][gc          ] GC(0) Pause Full (System.gc()) 196M->11M(5939M) 46.315ms
[4.101s][info][gc,metaspace] GC(1) Metaspace: 69497K(87104K)->69497K(87104K) NonClass: 42794K(52480K)->42794K(52480K) Class: 26703K(34624K)->26703K(34624K)
[4.101s][info][gc          ] GC(1) Pause Young (Allocation Failure) 1649M->338M(5939M) 518.249ms
[12.528s][info][gc,metaspace] GC(2) Metaspace: 82397K(97664K)->82397K(97664K) NonClass: 55648K(62976K)->55648K(62976K) Class: 26748K(34688K)->26748K(34688K)
[12.528s][info][gc          ] GC(2) Pause Full (CodeCache GC Threshold) 1556M->436M(5939M) 2394.363ms
[19.576s][info][gc,metaspace] GC(3) Metaspace: 89892K(103744K)->89892K(103744K) NonClass: 63143K(69056K)->63143K(69056K) Class: 26748K(34688K)->26748K(34688K)
[19.576s][info][gc          ] GC(3) Pause Young (Allocation Failure) 2075M->570M(5939M) 814.708ms
[26.767s][info][gc,metaspace] GC(4) Metaspace: 89892K(103744K)->89892K(103744K) NonClass: 63143K(69056K)->63143K(69056K) Class: 26748K(34688K)->26748K(34688K)
[26.767s][info][gc          ] GC(4) Pause Young (Allocation Failure) 2208M->703M(5939M) 991.773ms
[34.050s][info][gc,metaspace] GC(5) Metaspace: 89892K(103744K)->89892K(103744K) NonClass: 63143K(69056K)->63143K(69056K) Class: 26748K(34688K)->26748K(34688K)
[34.050s][info][gc          ] GC(5) Pause Young (Allocation Failure) 2341M->836M(5939M) 1494.104ms
[41.598s][info][gc,metaspace] GC(6) Metaspace: 89892K(103744K)->89892K(103744K) NonClass: 63143K(69056K)->63143K(69056K) Class: 26748K(34688K)->26748K(34688K)
[41.598s][info][gc          ] GC(6) Pause Young (Allocation Failure) 2474M->969M(5939M) 1478.087ms
[48.753s][info][gc,metaspace] GC(7) Metaspace: 89892K(103744K)->89892K(103744K) NonClass: 63143K(69056K)->63143K(69056K) Class: 26748K(34688K)->26748K(34688K)
[48.753s][info][gc          ] GC(7) Pause Young (Allocation Failure) 2607M->1102M(5939M) 1387.157ms
[56.071s][info][gc,metaspace] GC(8) Metaspace: 89892K(103744K)->89892K(103744K) NonClass: 63143K(69056K)->63143K(69056K) Class: 26748K(34688K)->26748K(34688K)
[56.071s][info][gc          ] GC(8) Pause Young (Allocation Failure) 2740M->1234M(5939M) 1497.614ms
[63.619s][info][gc,metaspace] GC(9) Metaspace: 89892K(103744K)->89892K(103744K) NonClass: 63143K(69056K)->63143K(69056K) Class: 26748K(34688K)->26748K(34688K)
[63.619s][info][gc          ] GC(9) Pause Young (Allocation Failure) 2873M->1366M(5939M) 1453.555ms
[70.764s][info][gc,metaspace] GC(10) Metaspace: 89892K(103744K)->89892K(103744K) NonClass: 63143K(69056K)->63143K(69056K) Class: 26748K(34688K)->26748K(34688K)
[70.764s][info][gc          ] GC(10) Pause Young (Allocation Failure) 3005M->1499M(5939M) 1376.021ms
67108864 Objects created
 - IK: 55699211 (82.99829%)
 - OAK: 3355627 (5.0002737%)
 - TAK: 8054026 (12.001434%)
Preparatory GC...
[84.478s][info][gc,metaspace] GC(11) Metaspace: 89892K(103744K)->89892K(103744K) NonClass: 63143K(69056K)->63143K(69056K) Class: 26748K(34688K)->26748K(34688K)
[84.478s][info][gc          ] GC(11) Pause Full (System.gc()) 2806M->1604M(5939M) 9174.341ms
[94.870s][info][gc,metaspace] GC(12) Metaspace: 89892K(103744K)->89892K(103744K) NonClass: 63143K(69056K)->63143K(69056K) Class: 26748K(34688K)->26748K(34688K)
[94.870s][info][gc          ] GC(12) Pause Full (System.gc()) 1604M->1602M(5939M) 10391.965ms
Done; will start GCs... 
[102.504s][info][gc,metaspace] GC(13) Metaspace: 89892K(103744K)->89892K(103744K) NonClass: 63143K(69056K)->63143K(69056K) Class: 26748K(34688K)->26748K(34688K)
[102.504s][info][gc          ] GC(13) Pause Full (System.gc()) 1634M->1602M(5939M) 7634.147ms
[110.094s][info][gc,metaspace] GC(14) Metaspace: 89892K(103744K)->89892K(103744K) NonClass: 63143K(69056K)->63143K(69056K) Class: 26748K(34688K)->26748K(34688K)
[110.094s][info][gc          ] GC(14) Pause Full (System.gc()) 1602M->1602M(5939M) 7589.975ms
[117.737s][info][gc,metaspace] GC(15) Metaspace: 89892K(103744K)->89892K(103744K) NonClass: 63143K(69056K)->63143K(69056K) Class: 26748K(34688K)->26748K(34688K)
[117.737s][info][gc          ] GC(15) Pause Full (System.gc()) 1602M->1602M(5939M) 7642.661ms
[125.330s][info][gc,metaspace] GC(16) Metaspace: 89892K(103744K)->89892K(103744K) NonClass: 63143K(69056K)->63143K(69056K) Class: 26748K(34688K)->26748K(34688K)
[125.330s][info][gc          ] GC(16) Pause Full (System.gc()) 1602M->1602M(5939M) 7592.804ms
[132.952s][info][gc,metaspace] GC(17) Metaspace: 89892K(103744K)->89892K(103744K) NonClass: 63143K(69056K)->63143K(69056K) Class: 26748K(34688K)->26748K(34688K)
[132.952s][info][gc          ] GC(17) Pause Full (System.gc()) 1613M->1602M(5939M) 7621.235ms
[140.583s][info][gc,metaspace] GC(18) Metaspace: 89892K(103744K)->89892K(103744K) NonClass: 63143K(69056K)->63143K(69056K) Class: 26748K(34688K)->26748K(34688K)
[140.583s][info][gc          ] GC(18) Pause Full (System.gc()) 1602M->1602M(5939M) 7631.139ms
[148.329s][info][gc,metaspace] GC(19) Metaspace: 89892K(103744K)->89892K(103744K) NonClass: 63143K(69056K)->63143K(69056K) Class: 26748K(34688K)->26748K(34688K)
[148.329s][info][gc          ] GC(19) Pause Full (System.gc()) 1602M->1602M(5939M) 7745.588ms
[156.694s][info][gc,metaspace] GC(20) Metaspace: 89892K(103744K)->89892K(103744K) NonClass: 63143K(69056K)->63143K(69056K) Class: 26748K(34688K)->26748K(34688K)
[156.694s][info][gc          ] GC(20) Pause Full (System.gc()) 1602M->1602M(5939M) 8365.288ms
[164.271s][info][gc,metaspace] GC(21) Metaspace: 89892K(103744K)->89892K(103744K) NonClass: 63143K(69056K)->63143K(69056K) Class: 26748K(34688K)->26748K(34688K)
[164.271s][info][gc          ] GC(21) Pause Full (System.gc()) 1602M->1602M(5939M) 7576.378ms
[171.896s][info][gc,metaspace] GC(22) Metaspace: 89892K(103744K)->89892K(103744K) NonClass: 63143K(69056K)->63143K(69056K) Class: 26748K(34688K)->26748K(34688K)
[171.896s][info][gc          ] GC(22) Pause Full (System.gc()) 1602M->1602M(5939M) 7624.546ms
[179.526s][info][gc,metaspace] GC(23) Metaspace: 89892K(103744K)->89892K(103744K) NonClass: 63143K(69056K)->63143K(69056K) Class: 26748K(34688K)->26748K(34688K)
[179.526s][info][gc          ] GC(23) Pause Full (System.gc()) 1602M->1602M(5939M) 7629.866ms
[187.276s][info][gc,metaspace] GC(24) Metaspace: 89892K(103744K)->89892K(103744K) NonClass: 63143K(69056K)->63143K(69056K) Class: 26748K(34688K)->26748K(34688K)
[187.276s][info][gc          ] GC(24) Pause Full (System.gc()) 1602M->1602M(5939M) 7749.856ms
[194.898s][info][gc,metaspace] GC(25) Metaspace: 89892K(103744K)->89892K(103744K) NonClass: 63143K(69056K)->63143K(69056K) Class: 26748K(34688K)->26748K(34688K)
[194.898s][info][gc          ] GC(25) Pause Full (System.gc()) 1613M->1602M(5939M) 7621.634ms
[202.527s][info][gc,metaspace] GC(26) Metaspace: 89892K(103744K)->89892K(103744K) NonClass: 63143K(69056K)->63143K(69056K) Class: 26748K(34688K)->26748K(34688K)
[202.527s][info][gc          ] GC(26) Pause Full (System.gc()) 1602M->1602M(5939M) 7629.104ms
[210.290s][info][gc,metaspace] GC(27) Metaspace: 89892K(103744K)->89892K(103744K) NonClass: 63143K(69056K)->63143K(69056K) Class: 26748K(34688K)->26748K(34688K)
[210.290s][info][gc          ] GC(27) Pause Full (System.gc()) 1602M->1602M(5939M) 7762.803ms
[217.919s][info][gc,metaspace] GC(28) Metaspace: 89892K(103744K)->89892K(103744K) NonClass: 63143K(69056K)->63143K(69056K) Class: 26748K(34688K)->26748K(34688K)
[217.919s][info][gc          ] GC(28) Pause Full (System.gc()) 1602M->1602M(5939M) 7629.031ms
[225.549s][info][gc,metaspace] GC(29) Metaspace: 89892K(103744K)->89892K(103744K) NonClass: 63143K(69056K)->63143K(69056K) Class: 26748K(34688K)->26748K(34688K)
[225.549s][info][gc          ] GC(29) Pause Full (System.gc()) 1602M->1602M(5939M) 7629.890ms
[233.131s][info][gc,metaspace] GC(30) Metaspace: 89892K(103744K)->89892K(103744K) NonClass: 63143K(69056K)->63143K(69056K) Class: 26748K(34688K)->26748K(34688K)
[233.131s][info][gc          ] GC(30) Pause Full (System.gc()) 1602M->1602M(5939M) 7581.944ms
[240.754s][info][gc,metaspace] GC(31) Metaspace: 89892K(103744K)->89892K(103744K) NonClass: 63143K(69056K)->63143K(69056K) Class: 26748K(34688K)->26748K(34688K)
[240.754s][info][gc          ] GC(31) Pause Full (System.gc()) 1602M->1602M(5939M) 7622.053ms
[248.332s][info][gc,metaspace] GC(32) Metaspace: 89892K(103744K)->89892K(103744K) NonClass: 63143K(69056K)->63143K(69056K) Class: 26748K(34688K)->26748K(34688K)
[248.332s][info][gc          ] GC(32) Pause Full (System.gc()) 1602M->1602M(5939M) 7578.079ms
[255.968s][info][gc,metaspace] GC(33) Metaspace: 89892K(103744K)->89892K(103744K) NonClass: 63143K(69056K)->63143K(69056K) Class: 26748K(34688K)->26748K(34688K)
[255.968s][info][gc          ] GC(33) Pause Full (System.gc()) 1602M->1602M(5939M) 7636.015ms
[263.600s][info][gc,metaspace] GC(34) Metaspace: 89892K(103744K)->89892K(103744K) NonClass: 63143K(69056K)->63143K(69056K) Class: 26748K(34688K)->26748K(34688K)
[263.600s][info][gc          ] GC(34) Pause Full (System.gc()) 1602M->1602M(5939M) 7631.631ms
[271.200s][info][gc,metaspace] GC(35) Metaspace: 89892K(103744K)->89892K(103744K) NonClass: 63143K(69056K)->63143K(69056K) Class: 26748K(34688K)->26748K(34688K)
[271.200s][info][gc          ] GC(35) Pause Full (System.gc()) 1613M->1602M(5939M) 7599.550ms
[278.833s][info][gc,metaspace] GC(36) Metaspace: 89892K(103744K)->89892K(103744K) NonClass: 63143K(69056K)->63143K(69056K) Class: 26748K(34688K)->26748K(34688K)
[278.833s][info][gc          ] GC(36) Pause Full (System.gc()) 1602M->1602M(5939M) 7633.410ms
[286.411s][info][gc,metaspace] GC(37) Metaspace: 89892K(103744K)->89892K(103744K) NonClass: 63143K(69056K)->63143K(69056K) Class: 26748K(34688K)->26748K(34688K)
[286.411s][info][gc          ] GC(37) Pause Full (System.gc()) 1602M->1602M(5939M) 7577.844ms
[294.036s][info][gc,metaspace] GC(38) Metaspace: 89892K(103744K)->89892K(103744K) NonClass: 63143K(69056K)->63143K(69056K) Class: 26748K(34688K)->26748K(34688K)
[294.036s][info][gc          ] GC(38) Pause Full (System.gc()) 1602M->1602M(5939M) 7624.567ms
[301.671s][info][gc,metaspace] GC(39) Metaspace: 89892K(103744K)->89892K(103744K) NonClass: 63143K(69056K)->63143K(69056K) Class: 26748K(34688K)->26748K(34688K)
[301.672s][info][gc          ] GC(39) Pause Full (System.gc()) 1602M->1602M(5939M) 7635.105ms
[309.254s][info][gc,metaspace] GC(40) Metaspace: 89892K(103744K)->89892K(103744K) NonClass: 63143K(69056K)->63143K(69056K) Class: 26748K(34688K)->26748K(34688K)
[309.254s][info][gc          ] GC(40) Pause Full (System.gc()) 1602M->1602M(5939M) 7582.449ms
[316.881s][info][gc,metaspace] GC(41) Metaspace: 89892K(103744K)->89892K(103744K) NonClass: 63143K(69056K)->63143K(69056K) Class: 26748K(34688K)->26748K(34688K)
[316.881s][info][gc          ] GC(41) Pause Full (System.gc()) 1602M->1602M(5939M) 7626.502ms
[324.510s][info][gc,metaspace] GC(42) Metaspace: 89892K(103744K)->89892K(103744K) NonClass: 63143K(69056K)->63143K(69056K) Class: 26748K(34688K)->26748K(34688K)
[324.510s][info][gc          ] GC(42) Pause Full (System.gc()) 1602M->1602M(5939M) 7629.033ms
[332.680s][info][gc,metaspace] GC(43) Metaspace: 89892K(103744K)->89892K(103744K) NonClass: 63143K(69056K)->63143K(69056K) Class: 26748K(34688K)->26748K(34688K)
[332.681s][info][gc          ] GC(43) Pause Full (System.gc()) 1602M->1602M(5939M) 8170.302ms
[340.260s][info][gc,metaspace] GC(44) Metaspace: 89892K(103744K)->89892K(103744K) NonClass: 63143K(69056K)->63143K(69056K) Class: 26748K(34688K)->26748K(34688K)
[340.260s][info][gc          ] GC(44) Pause Full (System.gc()) 1613M->1602M(5939M) 7578.972ms
[347.887s][info][gc,metaspace] GC(45) Metaspace: 89892K(103744K)->89892K(103744K) NonClass: 63143K(69056K)->63143K(69056K) Class: 26748K(34688K)->26748K(34688K)
[347.887s][info][gc          ] GC(45) Pause Full (System.gc()) 1602M->1602M(5939M) 7627.098ms
[355.510s][info][gc,metaspace] GC(46) Metaspace: 89892K(103744K)->89892K(103744K) NonClass: 63143K(69056K)->63143K(69056K) Class: 26748K(34688K)->26748K(34688K)
[355.510s][info][gc          ] GC(46) Pause Full (System.gc()) 1602M->1602M(5939M) 7622.468ms
[363.257s][info][gc,metaspace] GC(47) Metaspace: 89892K(103744K)->89892K(103744K) NonClass: 63143K(69056K)->63143K(69056K) Class: 26748K(34688K)->26748K(34688K)
[363.257s][info][gc          ] GC(47) Pause Full (System.gc()) 1602M->1602M(5939M) 7746.905ms
[370.884s][info][gc,metaspace] GC(48) Metaspace: 89892K(103744K)->89892K(103744K) NonClass: 63143K(69056K)->63143K(69056K) Class: 26748K(34688K)->26748K(34688K)
[370.884s][info][gc          ] GC(48) Pause Full (System.gc()) 1602M->1602M(5939M) 7626.882ms
[378.505s][info][gc,metaspace] GC(49) Metaspace: 89892K(103744K)->89892K(103744K) NonClass: 63143K(69056K)->63143K(69056K) Class: 26748K(34688K)->26748K(34688K)
[378.505s][info][gc          ] GC(49) Pause Full (System.gc()) 1602M->1602M(5939M) 7621.021ms
[386.087s][info][gc,metaspace] GC(50) Metaspace: 89892K(103744K)->89892K(103744K) NonClass: 63143K(69056K)->63143K(69056K) Class: 26748K(34688K)->26748K(34688K)
[386.087s][info][gc          ] GC(50) Pause Full (System.gc()) 1602M->1602M(5939M) 7582.158ms
[393.735s][info][gc,metaspace] GC(51) Metaspace: 89892K(103744K)->89892K(103744K) NonClass: 63143K(69056K)->63143K(69056K) Class: 26748K(34688K)->26748K(34688K)
[393.735s][info][gc          ] GC(51) Pause Full (System.gc()) 1602M->1602M(5939M) 7647.237ms
[401.327s][info][gc,metaspace] GC(52) Metaspace: 89892K(103744K)->89892K(103744K) NonClass: 63143K(69056K)->63143K(69056K) Class: 26748K(34688K)->26748K(34688K)
[401.327s][info][gc          ] GC(52) Pause Full (System.gc()) 1602M->1602M(5939M) 7591.517ms
[408.952s][info][gc,metaspace] GC(53) Metaspace: 89892K(103744K)->89892K(103744K) NonClass: 63143K(69056K)->63143K(69056K) Class: 26748K(34688K)->26748K(34688K)
[408.952s][info][gc          ] GC(53) Pause Full (System.gc()) 1613M->1602M(5939M) 7625.143ms
[416.587s][info][gc,metaspace] GC(54) Metaspace: 89892K(103744K)->89892K(103744K) NonClass: 63143K(69056K)->63143K(69056K) Class: 26748K(34688K)->26748K(34688K)
[416.587s][info][gc          ] GC(54) Pause Full (System.gc()) 1602M->1602M(5939M) 7634.443ms
[424.327s][info][gc,metaspace] GC(55) Metaspace: 89892K(103744K)->89892K(103744K) NonClass: 63143K(69056K)->63143K(69056K) Class: 26748K(34688K)->26748K(34688K)
[424.327s][info][gc          ] GC(55) Pause Full (System.gc()) 1602M->1602M(5939M) 7739.727ms
[431.967s][info][gc,metaspace] GC(56) Metaspace: 89892K(103744K)->89892K(103744K) NonClass: 63143K(69056K)->63143K(69056K) Class: 26748K(34688K)->26748K(34688K)
[431.967s][info][gc          ] GC(56) Pause Full (System.gc()) 1602M->1602M(5939M) 7640.103ms
[439.603s][info][gc,metaspace] GC(57) Metaspace: 89892K(103744K)->89892K(103744K) NonClass: 63143K(69056K)->63143K(69056K) Class: 26748K(34688K)->26748K(34688K)
[439.603s][info][gc          ] GC(57) Pause Full (System.gc()) 1602M->1602M(5939M) 7635.965ms
[447.193s][info][gc,metaspace] GC(58) Metaspace: 89892K(103744K)->89892K(103744K) NonClass: 63143K(69056K)->63143K(69056K) Class: 26748K(34688K)->26748K(34688K)
[447.193s][info][gc          ] GC(58) Pause Full (System.gc()) 1602M->1602M(5939M) 7589.971ms
[454.834s][info][gc,metaspace] GC(59) Metaspace: 89892K(103744K)->89892K(103744K) NonClass: 63143K(69056K)->63143K(69056K) Class: 26748K(34688K)->26748K(34688K)
[454.834s][info][gc          ] GC(59) Pause Full (System.gc()) 1602M->1602M(5939M) 7640.423ms
[462.412s][info][gc,metaspace] GC(60) Metaspace: 89892K(103744K)->89892K(103744K) NonClass: 63143K(69056K)->63143K(69056K) Class: 26748K(34688K)->26748K(34688K)
[462.412s][info][gc          ] GC(60) Pause Full (System.gc()) 1602M->1602M(5939M) 7578.086ms
[470.038s][info][gc,metaspace] GC(61) Metaspace: 89892K(103744K)->89892K(103744K) NonClass: 63143K(69056K)->63143K(69056K) Class: 26748K(34688K)->26748K(34688K)
[470.038s][info][gc          ] GC(61) Pause Full (System.gc()) 1613M->1602M(5939M) 7626.130ms
[477.667s][info][gc,metaspace] GC(62) Metaspace: 89892K(103744K)->89892K(103744K) NonClass: 63143K(69056K)->63143K(69056K) Class: 26748K(34688K)->26748K(34688K)
[477.667s][info][gc          ] GC(62) Pause Full (System.gc()) 1602M->1602M(5939M) 7628.687ms
After GCs... 
