Done; will start GCs... 
[13.065s][info][gc,metaspace] GC(27) Metaspace: 12557K(13056K)->12557K(13056K) NonClass: 11212K(11456K)->11212K(11456K) Class: 1345K(1600K)->1345K(1600K)
[13.066s][info][gc          ] GC(27) Pause Full (System.gc()) 1849M->1847M(6144M) 599.747ms
[13.675s][info][gc,metaspace] GC(28) Metaspace: 12557K(13056K)->12557K(13056K) NonClass: 11212K(11456K)->11212K(11456K) Class: 1345K(1600K)->1345K(1600K)
[13.675s][info][gc          ] GC(28) Pause Full (System.gc()) 1847M->1847M(6144M) 609.135ms
[14.282s][info][gc,metaspace] GC(29) Metaspace: 12557K(13056K)->12557K(13056K) NonClass: 11212K(11456K)->11212K(11456K) Class: 1345K(1600K)->1345K(1600K)
[14.282s][info][gc          ] GC(29) Pause Full (System.gc()) 1847M->1847M(6144M) 607.345ms
[14.879s][info][gc,metaspace] GC(30) Metaspace: 12557K(13056K)->12557K(13056K) NonClass: 11212K(11456K)->11212K(11456K) Class: 1345K(1600K)->1345K(1600K)
[14.879s][info][gc          ] GC(30) Pause Full (System.gc()) 1847M->1847M(6144M) 596.567ms
[15.473s][info][gc,metaspace] GC(31) Metaspace: 12557K(13056K)->12557K(13056K) NonClass: 11212K(11456K)->11212K(11456K) Class: 1345K(1600K)->1345K(1600K)
[15.473s][info][gc          ] GC(31) Pause Full (System.gc()) 1847M->1847M(6144M) 594.284ms
[16.070s][info][gc,metaspace] GC(32) Metaspace: 12557K(13056K)->12557K(13056K) NonClass: 11212K(11456K)->11212K(11456K) Class: 1345K(1600K)->1345K(1600K)
[16.070s][info][gc          ] GC(32) Pause Full (System.gc()) 1847M->1847M(6144M) 596.486ms
[16.663s][info][gc,metaspace] GC(33) Metaspace: 12557K(13056K)->12557K(13056K) NonClass: 11212K(11456K)->11212K(11456K) Class: 1345K(1600K)->1345K(1600K)
[16.663s][info][gc          ] GC(33) Pause Full (System.gc()) 1847M->1847M(6144M) 593.411ms
[17.263s][info][gc,metaspace] GC(34) Metaspace: 12557K(13056K)->12557K(13056K) NonClass: 11212K(11456K)->11212K(11456K) Class: 1345K(1600K)->1345K(1600K)
[17.263s][info][gc          ] GC(34) Pause Full (System.gc()) 1847M->1847M(6144M) 599.667ms
[17.860s][info][gc,metaspace] GC(35) Metaspace: 12557K(13056K)->12557K(13056K) NonClass: 11212K(11456K)->11212K(11456K) Class: 1345K(1600K)->1345K(1600K)
[17.860s][info][gc          ] GC(35) Pause Full (System.gc()) 1847M->1847M(6144M) 597.354ms
[18.478s][info][gc,metaspace] GC(36) Metaspace: 12557K(13056K)->12557K(13056K) NonClass: 11212K(11456K)->11212K(11456K) Class: 1345K(1600K)->1345K(1600K)
[18.478s][info][gc          ] GC(36) Pause Full (System.gc()) 1847M->1847M(6144M) 617.590ms
[19.073s][info][gc,metaspace] GC(37) Metaspace: 12557K(13056K)->12557K(13056K) NonClass: 11212K(11456K)->11212K(11456K) Class: 1345K(1600K)->1345K(1600K)
[19.073s][info][gc          ] GC(37) Pause Full (System.gc()) 1847M->1847M(6144M) 595.363ms
[19.669s][info][gc,metaspace] GC(38) Metaspace: 12557K(13056K)->12557K(13056K) NonClass: 11212K(11456K)->11212K(11456K) Class: 1345K(1600K)->1345K(1600K)
[19.669s][info][gc          ] GC(38) Pause Full (System.gc()) 1847M->1847M(6144M) 595.684ms
[20.265s][info][gc,metaspace] GC(39) Metaspace: 12557K(13056K)->12557K(13056K) NonClass: 11212K(11456K)->11212K(11456K) Class: 1345K(1600K)->1345K(1600K)
[20.265s][info][gc          ] GC(39) Pause Full (System.gc()) 1847M->1847M(6144M) 595.987ms
[20.868s][info][gc,metaspace] GC(40) Metaspace: 12557K(13056K)->12557K(13056K) NonClass: 11212K(11456K)->11212K(11456K) Class: 1345K(1600K)->1345K(1600K)
[20.868s][info][gc          ] GC(40) Pause Full (System.gc()) 1847M->1847M(6144M) 603.156ms
[21.464s][info][gc,metaspace] GC(41) Metaspace: 12557K(13056K)->12557K(13056K) NonClass: 11212K(11456K)->11212K(11456K) Class: 1345K(1600K)->1345K(1600K)
[21.464s][info][gc          ] GC(41) Pause Full (System.gc()) 1847M->1847M(6144M) 595.754ms
[22.057s][info][gc,metaspace] GC(42) Metaspace: 12557K(13056K)->12557K(13056K) NonClass: 11212K(11456K)->11212K(11456K) Class: 1345K(1600K)->1345K(1600K)
[22.057s][info][gc          ] GC(42) Pause Full (System.gc()) 1847M->1847M(6144M) 592.691ms
[22.661s][info][gc,metaspace] GC(43) Metaspace: 12557K(13056K)->12557K(13056K) NonClass: 11212K(11456K)->11212K(11456K) Class: 1345K(1600K)->1345K(1600K)
[22.661s][info][gc          ] GC(43) Pause Full (System.gc()) 1847M->1847M(6144M) 603.614ms
[23.262s][info][gc,metaspace] GC(44) Metaspace: 12557K(13056K)->12557K(13056K) NonClass: 11212K(11456K)->11212K(11456K) Class: 1345K(1600K)->1345K(1600K)
[23.262s][info][gc          ] GC(44) Pause Full (System.gc()) 1847M->1847M(6144M) 600.993ms
[23.861s][info][gc,metaspace] GC(45) Metaspace: 12557K(13056K)->12557K(13056K) NonClass: 11212K(11456K)->11212K(11456K) Class: 1345K(1600K)->1345K(1600K)
[23.861s][info][gc          ] GC(45) Pause Full (System.gc()) 1847M->1847M(6144M) 598.970ms
[24.459s][info][gc,metaspace] GC(46) Metaspace: 12557K(13056K)->12557K(13056K) NonClass: 11212K(11456K)->11212K(11456K) Class: 1345K(1600K)->1345K(1600K)
[24.459s][info][gc          ] GC(46) Pause Full (System.gc()) 1847M->1847M(6144M) 598.306ms
[25.057s][info][gc,metaspace] GC(47) Metaspace: 12557K(13056K)->12557K(13056K) NonClass: 11212K(11456K)->11212K(11456K) Class: 1345K(1600K)->1345K(1600K)
[25.057s][info][gc          ] GC(47) Pause Full (System.gc()) 1847M->1847M(6144M) 598.184ms
[25.664s][info][gc,metaspace] GC(48) Metaspace: 12557K(13056K)->12557K(13056K) NonClass: 11212K(11456K)->11212K(11456K) Class: 1345K(1600K)->1345K(1600K)
[25.664s][info][gc          ] GC(48) Pause Full (System.gc()) 1847M->1847M(6144M) 601.791ms
[26.261s][info][gc,metaspace] GC(49) Metaspace: 12557K(13056K)->12557K(13056K) NonClass: 11212K(11456K)->11212K(11456K) Class: 1345K(1600K)->1345K(1600K)
[26.261s][info][gc          ] GC(49) Pause Full (System.gc()) 1847M->1847M(6144M) 597.144ms
[26.861s][info][gc,metaspace] GC(50) Metaspace: 12557K(13056K)->12557K(13056K) NonClass: 11212K(11456K)->11212K(11456K) Class: 1345K(1600K)->1345K(1600K)
[26.861s][info][gc          ] GC(50) Pause Full (System.gc()) 1847M->1847M(6144M) 600.389ms
[27.454s][info][gc,metaspace] GC(51) Metaspace: 12557K(13056K)->12557K(13056K) NonClass: 11212K(11456K)->11212K(11456K) Class: 1345K(1600K)->1345K(1600K)
[27.454s][info][gc          ] GC(51) Pause Full (System.gc()) 1847M->1847M(6144M) 592.864ms
[28.052s][info][gc,metaspace] GC(52) Metaspace: 12557K(13056K)->12557K(13056K) NonClass: 11212K(11456K)->11212K(11456K) Class: 1345K(1600K)->1345K(1600K)
[28.052s][info][gc          ] GC(52) Pause Full (System.gc()) 1847M->1847M(6144M) 597.886ms
[28.659s][info][gc,metaspace] GC(53) Metaspace: 12557K(13056K)->12557K(13056K) NonClass: 11212K(11456K)->11212K(11456K) Class: 1345K(1600K)->1345K(1600K)
[28.659s][info][gc          ] GC(53) Pause Full (System.gc()) 1847M->1847M(6144M) 607.184ms
[29.254s][info][gc,metaspace] GC(54) Metaspace: 12557K(13056K)->12557K(13056K) NonClass: 11212K(11456K)->11212K(11456K) Class: 1345K(1600K)->1345K(1600K)
[29.254s][info][gc          ] GC(54) Pause Full (System.gc()) 1847M->1847M(6144M) 594.789ms
[29.849s][info][gc,metaspace] GC(55) Metaspace: 12557K(13056K)->12557K(13056K) NonClass: 11212K(11456K)->11212K(11456K) Class: 1345K(1600K)->1345K(1600K)
[29.849s][info][gc          ] GC(55) Pause Full (System.gc()) 1847M->1847M(6144M) 594.360ms
[30.451s][info][gc,metaspace] GC(56) Metaspace: 12557K(13056K)->12557K(13056K) NonClass: 11212K(11456K)->11212K(11456K) Class: 1345K(1600K)->1345K(1600K)
[30.451s][info][gc          ] GC(56) Pause Full (System.gc()) 1847M->1847M(6144M) 602.063ms
[31.049s][info][gc,metaspace] GC(57) Metaspace: 12557K(13056K)->12557K(13056K) NonClass: 11212K(11456K)->11212K(11456K) Class: 1345K(1600K)->1345K(1600K)
[31.049s][info][gc          ] GC(57) Pause Full (System.gc()) 1847M->1847M(6144M) 597.734ms
[31.643s][info][gc,metaspace] GC(58) Metaspace: 12557K(13056K)->12557K(13056K) NonClass: 11212K(11456K)->11212K(11456K) Class: 1345K(1600K)->1345K(1600K)
[31.643s][info][gc          ] GC(58) Pause Full (System.gc()) 1847M->1847M(6144M) 593.918ms
[32.237s][info][gc,metaspace] GC(59) Metaspace: 12557K(13056K)->12557K(13056K) NonClass: 11212K(11456K)->11212K(11456K) Class: 1345K(1600K)->1345K(1600K)
[32.237s][info][gc          ] GC(59) Pause Full (System.gc()) 1847M->1847M(6144M) 594.822ms
[32.833s][info][gc,metaspace] GC(60) Metaspace: 12557K(13056K)->12557K(13056K) NonClass: 11212K(11456K)->11212K(11456K) Class: 1345K(1600K)->1345K(1600K)
[32.834s][info][gc          ] GC(60) Pause Full (System.gc()) 1847M->1847M(6144M) 596.048ms
[33.434s][info][gc,metaspace] GC(61) Metaspace: 12557K(13056K)->12557K(13056K) NonClass: 11212K(11456K)->11212K(11456K) Class: 1345K(1600K)->1345K(1600K)
[33.434s][info][gc          ] GC(61) Pause Full (System.gc()) 1847M->1847M(6144M) 600.209ms
[34.027s][info][gc,metaspace] GC(62) Metaspace: 12557K(13056K)->12557K(13056K) NonClass: 11212K(11456K)->11212K(11456K) Class: 1345K(1600K)->1345K(1600K)
[34.027s][info][gc          ] GC(62) Pause Full (System.gc()) 1847M->1847M(6144M) 593.152ms
[34.627s][info][gc,metaspace] GC(63) Metaspace: 12557K(13056K)->12557K(13056K) NonClass: 11212K(11456K)->11212K(11456K) Class: 1345K(1600K)->1345K(1600K)
[34.627s][info][gc          ] GC(63) Pause Full (System.gc()) 1847M->1847M(6144M) 600.277ms
[35.230s][info][gc,metaspace] GC(64) Metaspace: 12557K(13056K)->12557K(13056K) NonClass: 11212K(11456K)->11212K(11456K) Class: 1345K(1600K)->1345K(1600K)
[35.230s][info][gc          ] GC(64) Pause Full (System.gc()) 1847M->1847M(6144M) 602.881ms
[35.824s][info][gc,metaspace] GC(65) Metaspace: 12557K(13056K)->12557K(13056K) NonClass: 11212K(11456K)->11212K(11456K) Class: 1345K(1600K)->1345K(1600K)
[35.824s][info][gc          ] GC(65) Pause Full (System.gc()) 1847M->1847M(6144M) 594.004ms
[36.429s][info][gc,metaspace] GC(66) Metaspace: 12557K(13056K)->12557K(13056K) NonClass: 11212K(11456K)->11212K(11456K) Class: 1345K(1600K)->1345K(1600K)
[36.429s][info][gc          ] GC(66) Pause Full (System.gc()) 1847M->1847M(6144M) 604.369ms
After GCs... 
