[0.002s][info][metaspace]  - commit_granule_bytes: 65536.
[0.002s][info][metaspace]  - commit_granule_words: 8192.
[0.002s][info][metaspace]  - virtual_space_node_default_size: 8388608.
[0.002s][info][metaspace]  - enlarge_chunks_in_place: 1.
[0.002s][info][metaspace]  - use_allocation_guard: 0.
[0.004s][info][gc       ] Using G1
[0.330s][info][metaspace] Reserving compressed class space anywhere
[0.330s][info][gc,metaspace] CDS archive(s) not mapped
[0.330s][info][gc,metaspace] Compressed class space mapped at: 0x000000002c000000-0x00000000ec000000, reserved size: 3221225472
[0.330s][info][gc,metaspace] UseCompressedClassPointers 1, UseCompactObjectHeaders 0, narrow klass pointer bits 32, max shift 3
[0.330s][info][gc,metaspace] Narrow klass base: 0x0000000000000000, Narrow klass shift: 0, Narrow klass range: 0xec000000
Random Seed: 12345678
Num Classes: 256
Num Objects: 67108864
Percent IK Objects: 83.0%)
Percent OAK Objects: 5.0%)
Percent TAK Objects: 12.0%)
Cycles: 40
Loading 256 pre-generated classes ...
Materialize pre-generated constructors ...
Creating objects...
[0.567s][info][gc,metaspace] GC(0) Metaspace: 11486K(11840K)->11486K(11840K) NonClass: 10276K(10496K)->10276K(10496K) Class: 1210K(1344K)->1210K(1344K)
[0.568s][info][gc          ] GC(0) Pause Full (System.gc()) 20M->2M(6144M) 9.174ms
[1.042s][info][gc,metaspace] GC(1) Metaspace: 12555K(13056K)->12555K(13056K) NonClass: 11210K(11456K)->11210K(11456K) Class: 1345K(1600K)->1345K(1600K)
[1.042s][info][gc          ] GC(1) Pause Young (Normal) (G1 Evacuation Pause) 566M->298M(6144M) 17.687ms
[1.283s][info][gc,metaspace] GC(2) Metaspace: 12557K(13056K)->12557K(13056K) NonClass: 11212K(11456K)->11212K(11456K) Class: 1345K(1600K)->1345K(1600K)
[1.283s][info][gc          ] GC(2) Pause Young (Normal) (G1 Evacuation Pause) 566M->329M(6144M) 23.623ms
[1.462s][info][gc,metaspace] GC(3) Metaspace: 12557K(13056K)->12557K(13056K) NonClass: 11212K(11456K)->11212K(11456K) Class: 1345K(1600K)->1345K(1600K)
[1.463s][info][gc          ] GC(3) Pause Young (Normal) (G1 Evacuation Pause) 601M->362M(6144M) 25.212ms
[1.636s][info][gc,metaspace] GC(4) Metaspace: 12557K(13056K)->12557K(13056K) NonClass: 11212K(11456K)->11212K(11456K) Class: 1345K(1600K)->1345K(1600K)
[1.636s][info][gc          ] GC(4) Pause Young (Normal) (G1 Evacuation Pause) 634M->394M(6144M) 21.560ms
[1.808s][info][gc,metaspace] GC(5) Metaspace: 12557K(13056K)->12557K(13056K) NonClass: 11212K(11456K)->11212K(11456K) Class: 1345K(1600K)->1345K(1600K)
[1.808s][info][gc          ] GC(5) Pause Young (Normal) (G1 Evacuation Pause) 666M->427M(6144M) 20.739ms
[1.983s][info][gc,metaspace] GC(6) Metaspace: 12557K(13056K)->12557K(13056K) NonClass: 11212K(11456K)->11212K(11456K) Class: 1345K(1600K)->1345K(1600K)
[1.983s][info][gc          ] GC(6) Pause Young (Normal) (G1 Evacuation Pause) 699M->456M(6144M) 21.929ms
[2.159s][info][gc,metaspace] GC(7) Metaspace: 12557K(13056K)->12557K(13056K) NonClass: 11212K(11456K)->11212K(11456K) Class: 1345K(1600K)->1345K(1600K)
[2.159s][info][gc          ] GC(7) Pause Young (Normal) (G1 Evacuation Pause) 728M->488M(6144M) 22.443ms
[2.335s][info][gc,metaspace] GC(8) Metaspace: 12557K(13056K)->12557K(13056K) NonClass: 11212K(11456K)->11212K(11456K) Class: 1345K(1600K)->1345K(1600K)
[2.335s][info][gc          ] GC(8) Pause Young (Normal) (G1 Evacuation Pause) 760M->522M(6144M) 22.471ms
[2.572s][info][gc,metaspace] GC(9) Metaspace: 12557K(13056K)->12557K(13056K) NonClass: 11212K(11456K)->11212K(11456K) Class: 1345K(1600K)->1345K(1600K)
[2.572s][info][gc          ] GC(9) Pause Young (Normal) (G1 Evacuation Pause) 930M->564M(6144M) 27.094ms
[2.775s][info][gc,metaspace] GC(10) Metaspace: 12557K(13056K)->12557K(13056K) NonClass: 11212K(11456K)->11212K(11456K) Class: 1345K(1600K)->1345K(1600K)
[2.775s][info][gc          ] GC(10) Pause Young (Normal) (G1 Evacuation Pause) 920M->603M(6144M) 26.657ms
[3.041s][info][gc,metaspace] GC(11) Metaspace: 12557K(13056K)->12557K(13056K) NonClass: 11212K(11456K)->11212K(11456K) Class: 1345K(1600K)->1345K(1600K)
[3.041s][info][gc          ] GC(11) Pause Young (Normal) (G1 Evacuation Pause) 1063M->651M(6144M) 30.860ms
[3.324s][info][gc,metaspace] GC(12) Metaspace: 12557K(13056K)->12557K(13056K) NonClass: 11212K(11456K)->11212K(11456K) Class: 1345K(1600K)->1345K(1600K)
[3.324s][info][gc          ] GC(12) Pause Young (Normal) (G1 Evacuation Pause) 1143M->699M(6144M) 34.412ms
[3.651s][info][gc,metaspace] GC(13) Metaspace: 12557K(13056K)->12557K(13056K) NonClass: 11212K(11456K)->11212K(11456K) Class: 1345K(1600K)->1345K(1600K)
[3.651s][info][gc          ] GC(13) Pause Young (Normal) (G1 Evacuation Pause) 1263M->758M(6144M) 40.597ms
[4.057s][info][gc,metaspace] GC(14) Metaspace: 12557K(13056K)->12557K(13056K) NonClass: 11212K(11456K)->11212K(11456K) Class: 1345K(1600K)->1345K(1600K)
[4.057s][info][gc          ] GC(14) Pause Young (Normal) (G1 Evacuation Pause) 1386M->823M(6144M) 40.830ms
[4.462s][info][gc,metaspace] GC(15) Metaspace: 12557K(13056K)->12557K(13056K) NonClass: 11212K(11456K)->11212K(11456K) Class: 1345K(1600K)->1345K(1600K)
[4.462s][info][gc          ] GC(15) Pause Young (Normal) (G1 Evacuation Pause) 1531M->892M(6144M) 50.910ms
[4.920s][info][gc,metaspace] GC(16) Metaspace: 12557K(13056K)->12557K(13056K) NonClass: 11212K(11456K)->11212K(11456K) Class: 1345K(1600K)->1345K(1600K)
[4.920s][info][gc          ] GC(16) Pause Young (Normal) (G1 Evacuation Pause) 1680M->972M(6144M) 62.548ms
[5.413s][info][gc,metaspace] GC(17) Metaspace: 12557K(13056K)->12557K(13056K) NonClass: 11212K(11456K)->11212K(11456K) Class: 1345K(1600K)->1345K(1600K)
[5.413s][info][gc          ] GC(17) Pause Young (Normal) (G1 Evacuation Pause) 1832M->1061M(6144M) 60.674ms
[5.964s][info][gc,metaspace] GC(18) Metaspace: 12557K(13056K)->12557K(13056K) NonClass: 11212K(11456K)->11212K(11456K) Class: 1345K(1600K)->1345K(1600K)
[5.964s][info][gc          ] GC(18) Pause Young (Normal) (G1 Evacuation Pause) 2009M->1158M(6144M) 77.138ms
[6.817s][info][gc,metaspace] GC(19) Metaspace: 12557K(13056K)->12557K(13056K) NonClass: 11212K(11456K)->11212K(11456K) Class: 1345K(1600K)->1345K(1600K)
[6.817s][info][gc          ] GC(19) Pause Young (Normal) (G1 Evacuation Pause) 2198M->1266M(6144M) 81.017ms
[7.450s][info][gc,metaspace] GC(20) Metaspace: 12557K(13056K)->12557K(13056K) NonClass: 11212K(11456K)->11212K(11456K) Class: 1345K(1600K)->1345K(1600K)
[7.450s][info][gc          ] GC(20) Pause Young (Normal) (G1 Evacuation Pause) 2374M->1376M(6144M) 78.763ms
[8.180s][info][gc,metaspace] GC(21) Metaspace: 12557K(13056K)->12557K(13056K) NonClass: 11212K(11456K)->11212K(11456K) Class: 1345K(1600K)->1345K(1600K)
[8.180s][info][gc          ] GC(21) Pause Young (Normal) (G1 Evacuation Pause) 2584M->1500M(6144M) 80.328ms
[8.964s][info][gc,metaspace] GC(22) Metaspace: 12557K(13056K)->12557K(13056K) NonClass: 11212K(11456K)->11212K(11456K) Class: 1345K(1600K)->1345K(1600K)
[8.965s][info][gc          ] GC(22) Pause Young (Normal) (G1 Evacuation Pause) 2796M->1626M(6144M) 139.551ms
[9.743s][info][gc,metaspace] GC(23) Metaspace: 12557K(13056K)->12557K(13056K) NonClass: 11212K(11456K)->11212K(11456K) Class: 1345K(1600K)->1345K(1600K)
[9.743s][info][gc          ] GC(23) Pause Young (Normal) (G1 Evacuation Pause) 2978M->1762M(6144M) 105.507ms
[10.603s][info][gc,metaspace] GC(24) Metaspace: 12557K(13056K)->12557K(13056K) NonClass: 11212K(11456K)->11212K(11456K) Class: 1345K(1600K)->1345K(1600K)
[10.603s][info][gc          ] GC(24) Pause Young (Normal) (G1 Evacuation Pause) 3190M->1910M(6144M) 103.066ms
67108864 Objects created
 - IK: 55699211 (82.99829%)
 - OAK: 3355627 (5.0002737%)
 - TAK: 8054026 (12.001434%)
Preparatory GC...
[11.850s][info][gc,metaspace] GC(25) Metaspace: 12557K(13056K)->12557K(13056K) NonClass: 11212K(11456K)->11212K(11456K) Class: 1345K(1600K)->1345K(1600K)
[11.850s][info][gc          ] GC(25) Pause Full (System.gc()) 2788M->1847M(6144M) 764.300ms
[12.466s][info][gc,metaspace] GC(26) Metaspace: 12557K(13056K)->12557K(13056K) NonClass: 11212K(11456K)->11212K(11456K) Class: 1345K(1600K)->1345K(1600K)
[12.466s][info][gc          ] GC(26) Pause Full (System.gc()) 1847M->1847M(6144M) 615.130ms
Done; will start GCs... 
[13.065s][info][gc,metaspace] GC(27) Metaspace: 12557K(13056K)->12557K(13056K) NonClass: 11212K(11456K)->11212K(11456K) Class: 1345K(1600K)->1345K(1600K)
[13.066s][info][gc          ] GC(27) Pause Full (System.gc()) 1849M->1847M(6144M) 599.747ms
[13.675s][info][gc,metaspace] GC(28) Metaspace: 12557K(13056K)->12557K(13056K) NonClass: 11212K(11456K)->11212K(11456K) Class: 1345K(1600K)->1345K(1600K)
[13.675s][info][gc          ] GC(28) Pause Full (System.gc()) 1847M->1847M(6144M) 609.135ms
[14.282s][info][gc,metaspace] GC(29) Metaspace: 12557K(13056K)->12557K(13056K) NonClass: 11212K(11456K)->11212K(11456K) Class: 1345K(1600K)->1345K(1600K)
[14.282s][info][gc          ] GC(29) Pause Full (System.gc()) 1847M->1847M(6144M) 607.345ms
[14.879s][info][gc,metaspace] GC(30) Metaspace: 12557K(13056K)->12557K(13056K) NonClass: 11212K(11456K)->11212K(11456K) Class: 1345K(1600K)->1345K(1600K)
[14.879s][info][gc          ] GC(30) Pause Full (System.gc()) 1847M->1847M(6144M) 596.567ms
[15.473s][info][gc,metaspace] GC(31) Metaspace: 12557K(13056K)->12557K(13056K) NonClass: 11212K(11456K)->11212K(11456K) Class: 1345K(1600K)->1345K(1600K)
[15.473s][info][gc          ] GC(31) Pause Full (System.gc()) 1847M->1847M(6144M) 594.284ms
[16.070s][info][gc,metaspace] GC(32) Metaspace: 12557K(13056K)->12557K(13056K) NonClass: 11212K(11456K)->11212K(11456K) Class: 1345K(1600K)->1345K(1600K)
[16.070s][info][gc          ] GC(32) Pause Full (System.gc()) 1847M->1847M(6144M) 596.486ms
[16.663s][info][gc,metaspace] GC(33) Metaspace: 12557K(13056K)->12557K(13056K) NonClass: 11212K(11456K)->11212K(11456K) Class: 1345K(1600K)->1345K(1600K)
[16.663s][info][gc          ] GC(33) Pause Full (System.gc()) 1847M->1847M(6144M) 593.411ms
[17.263s][info][gc,metaspace] GC(34) Metaspace: 12557K(13056K)->12557K(13056K) NonClass: 11212K(11456K)->11212K(11456K) Class: 1345K(1600K)->1345K(1600K)
[17.263s][info][gc          ] GC(34) Pause Full (System.gc()) 1847M->1847M(6144M) 599.667ms
[17.860s][info][gc,metaspace] GC(35) Metaspace: 12557K(13056K)->12557K(13056K) NonClass: 11212K(11456K)->11212K(11456K) Class: 1345K(1600K)->1345K(1600K)
[17.860s][info][gc          ] GC(35) Pause Full (System.gc()) 1847M->1847M(6144M) 597.354ms
[18.478s][info][gc,metaspace] GC(36) Metaspace: 12557K(13056K)->12557K(13056K) NonClass: 11212K(11456K)->11212K(11456K) Class: 1345K(1600K)->1345K(1600K)
[18.478s][info][gc          ] GC(36) Pause Full (System.gc()) 1847M->1847M(6144M) 617.590ms
[19.073s][info][gc,metaspace] GC(37) Metaspace: 12557K(13056K)->12557K(13056K) NonClass: 11212K(11456K)->11212K(11456K) Class: 1345K(1600K)->1345K(1600K)
[19.073s][info][gc          ] GC(37) Pause Full (System.gc()) 1847M->1847M(6144M) 595.363ms
[19.669s][info][gc,metaspace] GC(38) Metaspace: 12557K(13056K)->12557K(13056K) NonClass: 11212K(11456K)->11212K(11456K) Class: 1345K(1600K)->1345K(1600K)
[19.669s][info][gc          ] GC(38) Pause Full (System.gc()) 1847M->1847M(6144M) 595.684ms
[20.265s][info][gc,metaspace] GC(39) Metaspace: 12557K(13056K)->12557K(13056K) NonClass: 11212K(11456K)->11212K(11456K) Class: 1345K(1600K)->1345K(1600K)
[20.265s][info][gc          ] GC(39) Pause Full (System.gc()) 1847M->1847M(6144M) 595.987ms
[20.868s][info][gc,metaspace] GC(40) Metaspace: 12557K(13056K)->12557K(13056K) NonClass: 11212K(11456K)->11212K(11456K) Class: 1345K(1600K)->1345K(1600K)
[20.868s][info][gc          ] GC(40) Pause Full (System.gc()) 1847M->1847M(6144M) 603.156ms
[21.464s][info][gc,metaspace] GC(41) Metaspace: 12557K(13056K)->12557K(13056K) NonClass: 11212K(11456K)->11212K(11456K) Class: 1345K(1600K)->1345K(1600K)
[21.464s][info][gc          ] GC(41) Pause Full (System.gc()) 1847M->1847M(6144M) 595.754ms
[22.057s][info][gc,metaspace] GC(42) Metaspace: 12557K(13056K)->12557K(13056K) NonClass: 11212K(11456K)->11212K(11456K) Class: 1345K(1600K)->1345K(1600K)
[22.057s][info][gc          ] GC(42) Pause Full (System.gc()) 1847M->1847M(6144M) 592.691ms
[22.661s][info][gc,metaspace] GC(43) Metaspace: 12557K(13056K)->12557K(13056K) NonClass: 11212K(11456K)->11212K(11456K) Class: 1345K(1600K)->1345K(1600K)
[22.661s][info][gc          ] GC(43) Pause Full (System.gc()) 1847M->1847M(6144M) 603.614ms
[23.262s][info][gc,metaspace] GC(44) Metaspace: 12557K(13056K)->12557K(13056K) NonClass: 11212K(11456K)->11212K(11456K) Class: 1345K(1600K)->1345K(1600K)
[23.262s][info][gc          ] GC(44) Pause Full (System.gc()) 1847M->1847M(6144M) 600.993ms
[23.861s][info][gc,metaspace] GC(45) Metaspace: 12557K(13056K)->12557K(13056K) NonClass: 11212K(11456K)->11212K(11456K) Class: 1345K(1600K)->1345K(1600K)
[23.861s][info][gc          ] GC(45) Pause Full (System.gc()) 1847M->1847M(6144M) 598.970ms
[24.459s][info][gc,metaspace] GC(46) Metaspace: 12557K(13056K)->12557K(13056K) NonClass: 11212K(11456K)->11212K(11456K) Class: 1345K(1600K)->1345K(1600K)
[24.459s][info][gc          ] GC(46) Pause Full (System.gc()) 1847M->1847M(6144M) 598.306ms
[25.057s][info][gc,metaspace] GC(47) Metaspace: 12557K(13056K)->12557K(13056K) NonClass: 11212K(11456K)->11212K(11456K) Class: 1345K(1600K)->1345K(1600K)
[25.057s][info][gc          ] GC(47) Pause Full (System.gc()) 1847M->1847M(6144M) 598.184ms
[25.664s][info][gc,metaspace] GC(48) Metaspace: 12557K(13056K)->12557K(13056K) NonClass: 11212K(11456K)->11212K(11456K) Class: 1345K(1600K)->1345K(1600K)
[25.664s][info][gc          ] GC(48) Pause Full (System.gc()) 1847M->1847M(6144M) 601.791ms
[26.261s][info][gc,metaspace] GC(49) Metaspace: 12557K(13056K)->12557K(13056K) NonClass: 11212K(11456K)->11212K(11456K) Class: 1345K(1600K)->1345K(1600K)
[26.261s][info][gc          ] GC(49) Pause Full (System.gc()) 1847M->1847M(6144M) 597.144ms
[26.861s][info][gc,metaspace] GC(50) Metaspace: 12557K(13056K)->12557K(13056K) NonClass: 11212K(11456K)->11212K(11456K) Class: 1345K(1600K)->1345K(1600K)
[26.861s][info][gc          ] GC(50) Pause Full (System.gc()) 1847M->1847M(6144M) 600.389ms
[27.454s][info][gc,metaspace] GC(51) Metaspace: 12557K(13056K)->12557K(13056K) NonClass: 11212K(11456K)->11212K(11456K) Class: 1345K(1600K)->1345K(1600K)
[27.454s][info][gc          ] GC(51) Pause Full (System.gc()) 1847M->1847M(6144M) 592.864ms
[28.052s][info][gc,metaspace] GC(52) Metaspace: 12557K(13056K)->12557K(13056K) NonClass: 11212K(11456K)->11212K(11456K) Class: 1345K(1600K)->1345K(1600K)
[28.052s][info][gc          ] GC(52) Pause Full (System.gc()) 1847M->1847M(6144M) 597.886ms
[28.659s][info][gc,metaspace] GC(53) Metaspace: 12557K(13056K)->12557K(13056K) NonClass: 11212K(11456K)->11212K(11456K) Class: 1345K(1600K)->1345K(1600K)
[28.659s][info][gc          ] GC(53) Pause Full (System.gc()) 1847M->1847M(6144M) 607.184ms
[29.254s][info][gc,metaspace] GC(54) Metaspace: 12557K(13056K)->12557K(13056K) NonClass: 11212K(11456K)->11212K(11456K) Class: 1345K(1600K)->1345K(1600K)
[29.254s][info][gc          ] GC(54) Pause Full (System.gc()) 1847M->1847M(6144M) 594.789ms
[29.849s][info][gc,metaspace] GC(55) Metaspace: 12557K(13056K)->12557K(13056K) NonClass: 11212K(11456K)->11212K(11456K) Class: 1345K(1600K)->1345K(1600K)
[29.849s][info][gc          ] GC(55) Pause Full (System.gc()) 1847M->1847M(6144M) 594.360ms
[30.451s][info][gc,metaspace] GC(56) Metaspace: 12557K(13056K)->12557K(13056K) NonClass: 11212K(11456K)->11212K(11456K) Class: 1345K(1600K)->1345K(1600K)
[30.451s][info][gc          ] GC(56) Pause Full (System.gc()) 1847M->1847M(6144M) 602.063ms
[31.049s][info][gc,metaspace] GC(57) Metaspace: 12557K(13056K)->12557K(13056K) NonClass: 11212K(11456K)->11212K(11456K) Class: 1345K(1600K)->1345K(1600K)
[31.049s][info][gc          ] GC(57) Pause Full (System.gc()) 1847M->1847M(6144M) 597.734ms
[31.643s][info][gc,metaspace] GC(58) Metaspace: 12557K(13056K)->12557K(13056K) NonClass: 11212K(11456K)->11212K(11456K) Class: 1345K(1600K)->1345K(1600K)
[31.643s][info][gc          ] GC(58) Pause Full (System.gc()) 1847M->1847M(6144M) 593.918ms
[32.237s][info][gc,metaspace] GC(59) Metaspace: 12557K(13056K)->12557K(13056K) NonClass: 11212K(11456K)->11212K(11456K) Class: 1345K(1600K)->1345K(1600K)
[32.237s][info][gc          ] GC(59) Pause Full (System.gc()) 1847M->1847M(6144M) 594.822ms
[32.833s][info][gc,metaspace] GC(60) Metaspace: 12557K(13056K)->12557K(13056K) NonClass: 11212K(11456K)->11212K(11456K) Class: 1345K(1600K)->1345K(1600K)
[32.834s][info][gc          ] GC(60) Pause Full (System.gc()) 1847M->1847M(6144M) 596.048ms
[33.434s][info][gc,metaspace] GC(61) Metaspace: 12557K(13056K)->12557K(13056K) NonClass: 11212K(11456K)->11212K(11456K) Class: 1345K(1600K)->1345K(1600K)
[33.434s][info][gc          ] GC(61) Pause Full (System.gc()) 1847M->1847M(6144M) 600.209ms
[34.027s][info][gc,metaspace] GC(62) Metaspace: 12557K(13056K)->12557K(13056K) NonClass: 11212K(11456K)->11212K(11456K) Class: 1345K(1600K)->1345K(1600K)
[34.027s][info][gc          ] GC(62) Pause Full (System.gc()) 1847M->1847M(6144M) 593.152ms
[34.627s][info][gc,metaspace] GC(63) Metaspace: 12557K(13056K)->12557K(13056K) NonClass: 11212K(11456K)->11212K(11456K) Class: 1345K(1600K)->1345K(1600K)
[34.627s][info][gc          ] GC(63) Pause Full (System.gc()) 1847M->1847M(6144M) 600.277ms
[35.230s][info][gc,metaspace] GC(64) Metaspace: 12557K(13056K)->12557K(13056K) NonClass: 11212K(11456K)->11212K(11456K) Class: 1345K(1600K)->1345K(1600K)
[35.230s][info][gc          ] GC(64) Pause Full (System.gc()) 1847M->1847M(6144M) 602.881ms
[35.824s][info][gc,metaspace] GC(65) Metaspace: 12557K(13056K)->12557K(13056K) NonClass: 11212K(11456K)->11212K(11456K) Class: 1345K(1600K)->1345K(1600K)
[35.824s][info][gc          ] GC(65) Pause Full (System.gc()) 1847M->1847M(6144M) 594.004ms
[36.429s][info][gc,metaspace] GC(66) Metaspace: 12557K(13056K)->12557K(13056K) NonClass: 11212K(11456K)->11212K(11456K) Class: 1345K(1600K)->1345K(1600K)
[36.429s][info][gc          ] GC(66) Pause Full (System.gc()) 1847M->1847M(6144M) 604.369ms
After GCs... 
