Done; will start GCs... 
[14.010s][info][gc,metaspace] GC(27) Metaspace: 12601K(13056K)->12601K(13056K) NonClass: 10429K(10624K)->10429K(10624K) Class: 2171K(2432K)->2171K(2432K)
[14.010s][info][gc          ] GC(27) Pause Full (System.gc()) 1646M->1644M(6144M) 608.084ms
[14.619s][info][gc,metaspace] GC(28) Metaspace: 12601K(13056K)->12601K(13056K) NonClass: 10429K(10624K)->10429K(10624K) Class: 2171K(2432K)->2171K(2432K)
[14.619s][info][gc          ] GC(28) Pause Full (System.gc()) 1644M->1644M(6144M) 608.781ms
[15.242s][info][gc,metaspace] GC(29) Metaspace: 12601K(13056K)->12601K(13056K) NonClass: 10429K(10624K)->10429K(10624K) Class: 2171K(2432K)->2171K(2432K)
[15.242s][info][gc          ] GC(29) Pause Full (System.gc()) 1644M->1644M(6144M) 623.065ms
[15.852s][info][gc,metaspace] GC(30) Metaspace: 12601K(13056K)->12601K(13056K) NonClass: 10429K(10624K)->10429K(10624K) Class: 2171K(2432K)->2171K(2432K)
[15.852s][info][gc          ] GC(30) Pause Full (System.gc()) 1644M->1644M(6144M) 609.743ms
[16.467s][info][gc,metaspace] GC(31) Metaspace: 12601K(13056K)->12601K(13056K) NonClass: 10429K(10624K)->10429K(10624K) Class: 2171K(2432K)->2171K(2432K)
[16.467s][info][gc          ] GC(31) Pause Full (System.gc()) 1644M->1644M(6144M) 614.649ms
[17.071s][info][gc,metaspace] GC(32) Metaspace: 12601K(13056K)->12601K(13056K) NonClass: 10429K(10624K)->10429K(10624K) Class: 2171K(2432K)->2171K(2432K)
[17.071s][info][gc          ] GC(32) Pause Full (System.gc()) 1644M->1644M(6144M) 603.807ms
[17.681s][info][gc,metaspace] GC(33) Metaspace: 12601K(13056K)->12601K(13056K) NonClass: 10429K(10624K)->10429K(10624K) Class: 2171K(2432K)->2171K(2432K)
[17.681s][info][gc          ] GC(33) Pause Full (System.gc()) 1644M->1644M(6144M) 610.205ms
[18.295s][info][gc,metaspace] GC(34) Metaspace: 12601K(13056K)->12601K(13056K) NonClass: 10429K(10624K)->10429K(10624K) Class: 2171K(2432K)->2171K(2432K)
[18.295s][info][gc          ] GC(34) Pause Full (System.gc()) 1644M->1644M(6144M) 614.001ms
[18.905s][info][gc,metaspace] GC(35) Metaspace: 12601K(13056K)->12601K(13056K) NonClass: 10429K(10624K)->10429K(10624K) Class: 2171K(2432K)->2171K(2432K)
[18.905s][info][gc          ] GC(35) Pause Full (System.gc()) 1644M->1644M(6144M) 609.867ms
[19.518s][info][gc,metaspace] GC(36) Metaspace: 12601K(13056K)->12601K(13056K) NonClass: 10429K(10624K)->10429K(10624K) Class: 2171K(2432K)->2171K(2432K)
[19.518s][info][gc          ] GC(36) Pause Full (System.gc()) 1644M->1644M(6144M) 613.316ms
[20.127s][info][gc,metaspace] GC(37) Metaspace: 12601K(13056K)->12601K(13056K) NonClass: 10429K(10624K)->10429K(10624K) Class: 2171K(2432K)->2171K(2432K)
[20.128s][info][gc          ] GC(37) Pause Full (System.gc()) 1644M->1644M(6144M) 608.984ms
[20.733s][info][gc,metaspace] GC(38) Metaspace: 12601K(13056K)->12601K(13056K) NonClass: 10429K(10624K)->10429K(10624K) Class: 2171K(2432K)->2171K(2432K)
[20.733s][info][gc          ] GC(38) Pause Full (System.gc()) 1644M->1644M(6144M) 605.745ms
[21.344s][info][gc,metaspace] GC(39) Metaspace: 12601K(13056K)->12601K(13056K) NonClass: 10429K(10624K)->10429K(10624K) Class: 2171K(2432K)->2171K(2432K)
[21.344s][info][gc          ] GC(39) Pause Full (System.gc()) 1644M->1644M(6144M) 610.270ms
[21.950s][info][gc,metaspace] GC(40) Metaspace: 12601K(13056K)->12601K(13056K) NonClass: 10429K(10624K)->10429K(10624K) Class: 2171K(2432K)->2171K(2432K)
[21.950s][info][gc          ] GC(40) Pause Full (System.gc()) 1644M->1644M(6144M) 606.504ms
[22.562s][info][gc,metaspace] GC(41) Metaspace: 12601K(13056K)->12601K(13056K) NonClass: 10429K(10624K)->10429K(10624K) Class: 2171K(2432K)->2171K(2432K)
[22.562s][info][gc          ] GC(41) Pause Full (System.gc()) 1644M->1644M(6144M) 611.533ms
[23.169s][info][gc,metaspace] GC(42) Metaspace: 12601K(13056K)->12601K(13056K) NonClass: 10429K(10624K)->10429K(10624K) Class: 2171K(2432K)->2171K(2432K)
[23.169s][info][gc          ] GC(42) Pause Full (System.gc()) 1644M->1644M(6144M) 607.482ms
[23.785s][info][gc,metaspace] GC(43) Metaspace: 12601K(13056K)->12601K(13056K) NonClass: 10429K(10624K)->10429K(10624K) Class: 2171K(2432K)->2171K(2432K)
[23.785s][info][gc          ] GC(43) Pause Full (System.gc()) 1644M->1644M(6144M) 615.790ms
[24.392s][info][gc,metaspace] GC(44) Metaspace: 12601K(13056K)->12601K(13056K) NonClass: 10429K(10624K)->10429K(10624K) Class: 2171K(2432K)->2171K(2432K)
[24.392s][info][gc          ] GC(44) Pause Full (System.gc()) 1644M->1644M(6144M) 606.992ms
[25.003s][info][gc,metaspace] GC(45) Metaspace: 12601K(13056K)->12601K(13056K) NonClass: 10429K(10624K)->10429K(10624K) Class: 2171K(2432K)->2171K(2432K)
[25.003s][info][gc          ] GC(45) Pause Full (System.gc()) 1644M->1644M(6144M) 610.232ms
[25.610s][info][gc,metaspace] GC(46) Metaspace: 12601K(13056K)->12601K(13056K) NonClass: 10429K(10624K)->10429K(10624K) Class: 2171K(2432K)->2171K(2432K)
[25.610s][info][gc          ] GC(46) Pause Full (System.gc()) 1644M->1644M(6144M) 607.136ms
[26.219s][info][gc,metaspace] GC(47) Metaspace: 12601K(13056K)->12601K(13056K) NonClass: 10429K(10624K)->10429K(10624K) Class: 2171K(2432K)->2171K(2432K)
[26.219s][info][gc          ] GC(47) Pause Full (System.gc()) 1644M->1644M(6144M) 608.648ms
[26.828s][info][gc,metaspace] GC(48) Metaspace: 12601K(13056K)->12601K(13056K) NonClass: 10429K(10624K)->10429K(10624K) Class: 2171K(2432K)->2171K(2432K)
[26.828s][info][gc          ] GC(48) Pause Full (System.gc()) 1644M->1644M(6144M) 609.492ms
[27.447s][info][gc,metaspace] GC(49) Metaspace: 12601K(13056K)->12601K(13056K) NonClass: 10429K(10624K)->10429K(10624K) Class: 2171K(2432K)->2171K(2432K)
[27.447s][info][gc          ] GC(49) Pause Full (System.gc()) 1644M->1644M(6144M) 618.750ms
[28.045s][info][gc,metaspace] GC(50) Metaspace: 12601K(13056K)->12601K(13056K) NonClass: 10429K(10624K)->10429K(10624K) Class: 2171K(2432K)->2171K(2432K)
[28.045s][info][gc          ] GC(50) Pause Full (System.gc()) 1644M->1644M(6144M) 597.828ms
[28.648s][info][gc,metaspace] GC(51) Metaspace: 12601K(13056K)->12601K(13056K) NonClass: 10429K(10624K)->10429K(10624K) Class: 2171K(2432K)->2171K(2432K)
[28.648s][info][gc          ] GC(51) Pause Full (System.gc()) 1644M->1644M(6144M) 602.582ms
[29.252s][info][gc,metaspace] GC(52) Metaspace: 12601K(13056K)->12601K(13056K) NonClass: 10429K(10624K)->10429K(10624K) Class: 2171K(2432K)->2171K(2432K)
[29.252s][info][gc          ] GC(52) Pause Full (System.gc()) 1644M->1644M(6144M) 604.326ms
[29.859s][info][gc,metaspace] GC(53) Metaspace: 12601K(13056K)->12601K(13056K) NonClass: 10429K(10624K)->10429K(10624K) Class: 2171K(2432K)->2171K(2432K)
[29.859s][info][gc          ] GC(53) Pause Full (System.gc()) 1644M->1644M(6144M) 607.141ms
[30.463s][info][gc,metaspace] GC(54) Metaspace: 12601K(13056K)->12601K(13056K) NonClass: 10429K(10624K)->10429K(10624K) Class: 2171K(2432K)->2171K(2432K)
[30.463s][info][gc          ] GC(54) Pause Full (System.gc()) 1644M->1644M(6144M) 603.306ms
[31.078s][info][gc,metaspace] GC(55) Metaspace: 12601K(13056K)->12601K(13056K) NonClass: 10429K(10624K)->10429K(10624K) Class: 2171K(2432K)->2171K(2432K)
[31.078s][info][gc          ] GC(55) Pause Full (System.gc()) 1644M->1644M(6144M) 615.068ms
[31.687s][info][gc,metaspace] GC(56) Metaspace: 12601K(13056K)->12601K(13056K) NonClass: 10429K(10624K)->10429K(10624K) Class: 2171K(2432K)->2171K(2432K)
[31.687s][info][gc          ] GC(56) Pause Full (System.gc()) 1644M->1644M(6144M) 609.215ms
[32.291s][info][gc,metaspace] GC(57) Metaspace: 12601K(13056K)->12601K(13056K) NonClass: 10429K(10624K)->10429K(10624K) Class: 2171K(2432K)->2171K(2432K)
[32.291s][info][gc          ] GC(57) Pause Full (System.gc()) 1644M->1644M(6144M) 603.650ms
[32.904s][info][gc,metaspace] GC(58) Metaspace: 12601K(13056K)->12601K(13056K) NonClass: 10429K(10624K)->10429K(10624K) Class: 2171K(2432K)->2171K(2432K)
[32.904s][info][gc          ] GC(58) Pause Full (System.gc()) 1644M->1644M(6144M) 613.073ms
[33.513s][info][gc,metaspace] GC(59) Metaspace: 12601K(13056K)->12601K(13056K) NonClass: 10429K(10624K)->10429K(10624K) Class: 2171K(2432K)->2171K(2432K)
[33.514s][info][gc          ] GC(59) Pause Full (System.gc()) 1644M->1644M(6144M) 609.636ms
[34.121s][info][gc,metaspace] GC(60) Metaspace: 12601K(13056K)->12601K(13056K) NonClass: 10429K(10624K)->10429K(10624K) Class: 2171K(2432K)->2171K(2432K)
[34.121s][info][gc          ] GC(60) Pause Full (System.gc()) 1644M->1644M(6144M) 607.268ms
[34.730s][info][gc,metaspace] GC(61) Metaspace: 12601K(13056K)->12601K(13056K) NonClass: 10429K(10624K)->10429K(10624K) Class: 2171K(2432K)->2171K(2432K)
[34.730s][info][gc          ] GC(61) Pause Full (System.gc()) 1644M->1644M(6144M) 608.707ms
[35.342s][info][gc,metaspace] GC(62) Metaspace: 12601K(13056K)->12601K(13056K) NonClass: 10429K(10624K)->10429K(10624K) Class: 2171K(2432K)->2171K(2432K)
[35.342s][info][gc          ] GC(62) Pause Full (System.gc()) 1644M->1644M(6144M) 612.476ms
[35.950s][info][gc,metaspace] GC(63) Metaspace: 12601K(13056K)->12601K(13056K) NonClass: 10429K(10624K)->10429K(10624K) Class: 2171K(2432K)->2171K(2432K)
[35.950s][info][gc          ] GC(63) Pause Full (System.gc()) 1644M->1644M(6144M) 607.678ms
[36.569s][info][gc,metaspace] GC(64) Metaspace: 12601K(13056K)->12601K(13056K) NonClass: 10429K(10624K)->10429K(10624K) Class: 2171K(2432K)->2171K(2432K)
[36.569s][info][gc          ] GC(64) Pause Full (System.gc()) 1644M->1644M(6144M) 618.582ms
[37.182s][info][gc,metaspace] GC(65) Metaspace: 12601K(13056K)->12601K(13056K) NonClass: 10429K(10624K)->10429K(10624K) Class: 2171K(2432K)->2171K(2432K)
[37.182s][info][gc          ] GC(65) Pause Full (System.gc()) 1644M->1644M(6144M) 613.186ms
[37.781s][info][gc,metaspace] GC(66) Metaspace: 12601K(13056K)->12601K(13056K) NonClass: 10429K(10624K)->10429K(10624K) Class: 2171K(2432K)->2171K(2432K)
[37.781s][info][gc          ] GC(66) Pause Full (System.gc()) 1644M->1644M(6144M) 599.362ms
After GCs... 
