Done; will start GCs... 
[13.545s][info][gc,metaspace] GC(27) Metaspace: 12608K(13120K)->12608K(13120K) NonClass: 10438K(10688K)->10438K(10688K) Class: 2169K(2432K)->2169K(2432K)
[13.545s][info][gc          ] GC(27) Pause Full (System.gc()) 1645M->1643M(6144M) 594.617ms
[14.128s][info][gc,metaspace] GC(28) Metaspace: 12608K(13120K)->12608K(13120K) NonClass: 10438K(10688K)->10438K(10688K) Class: 2169K(2432K)->2169K(2432K)
[14.128s][info][gc          ] GC(28) Pause Full (System.gc()) 1643M->1643M(6144M) 582.948ms
[14.735s][info][gc,metaspace] GC(29) Metaspace: 12608K(13120K)->12608K(13120K) NonClass: 10438K(10688K)->10438K(10688K) Class: 2169K(2432K)->2169K(2432K)
[14.735s][info][gc          ] GC(29) Pause Full (System.gc()) 1643M->1643M(6144M) 606.363ms
[15.326s][info][gc,metaspace] GC(30) Metaspace: 12608K(13120K)->12608K(13120K) NonClass: 10438K(10688K)->10438K(10688K) Class: 2169K(2432K)->2169K(2432K)
[15.326s][info][gc          ] GC(30) Pause Full (System.gc()) 1643M->1643M(6144M) 591.116ms
[15.917s][info][gc,metaspace] GC(31) Metaspace: 12608K(13120K)->12608K(13120K) NonClass: 10438K(10688K)->10438K(10688K) Class: 2169K(2432K)->2169K(2432K)
[15.917s][info][gc          ] GC(31) Pause Full (System.gc()) 1643M->1643M(6144M) 590.919ms
[16.519s][info][gc,metaspace] GC(32) Metaspace: 12608K(13120K)->12608K(13120K) NonClass: 10438K(10688K)->10438K(10688K) Class: 2169K(2432K)->2169K(2432K)
[16.519s][info][gc          ] GC(32) Pause Full (System.gc()) 1643M->1643M(6144M) 601.983ms
[17.101s][info][gc,metaspace] GC(33) Metaspace: 12608K(13120K)->12608K(13120K) NonClass: 10438K(10688K)->10438K(10688K) Class: 2169K(2432K)->2169K(2432K)
[17.101s][info][gc          ] GC(33) Pause Full (System.gc()) 1643M->1643M(6144M) 581.471ms
[17.689s][info][gc,metaspace] GC(34) Metaspace: 12608K(13120K)->12608K(13120K) NonClass: 10438K(10688K)->10438K(10688K) Class: 2169K(2432K)->2169K(2432K)
[17.689s][info][gc          ] GC(34) Pause Full (System.gc()) 1643M->1643M(6144M) 588.483ms
[18.276s][info][gc,metaspace] GC(35) Metaspace: 12608K(13120K)->12608K(13120K) NonClass: 10438K(10688K)->10438K(10688K) Class: 2169K(2432K)->2169K(2432K)
[18.276s][info][gc          ] GC(35) Pause Full (System.gc()) 1643M->1643M(6144M) 586.944ms
[18.877s][info][gc,metaspace] GC(36) Metaspace: 12608K(13120K)->12608K(13120K) NonClass: 10438K(10688K)->10438K(10688K) Class: 2169K(2432K)->2169K(2432K)
[18.877s][info][gc          ] GC(36) Pause Full (System.gc()) 1643M->1643M(6144M) 600.386ms
[19.463s][info][gc,metaspace] GC(37) Metaspace: 12608K(13120K)->12608K(13120K) NonClass: 10438K(10688K)->10438K(10688K) Class: 2169K(2432K)->2169K(2432K)
[19.463s][info][gc          ] GC(37) Pause Full (System.gc()) 1643M->1643M(6144M) 586.826ms
[20.060s][info][gc,metaspace] GC(38) Metaspace: 12608K(13120K)->12608K(13120K) NonClass: 10438K(10688K)->10438K(10688K) Class: 2169K(2432K)->2169K(2432K)
[20.060s][info][gc          ] GC(38) Pause Full (System.gc()) 1643M->1643M(6144M) 596.285ms
[20.653s][info][gc,metaspace] GC(39) Metaspace: 12608K(13120K)->12608K(13120K) NonClass: 10438K(10688K)->10438K(10688K) Class: 2169K(2432K)->2169K(2432K)
[20.653s][info][gc          ] GC(39) Pause Full (System.gc()) 1643M->1643M(6144M) 592.927ms
[21.246s][info][gc,metaspace] GC(40) Metaspace: 12608K(13120K)->12608K(13120K) NonClass: 10438K(10688K)->10438K(10688K) Class: 2169K(2432K)->2169K(2432K)
[21.246s][info][gc          ] GC(40) Pause Full (System.gc()) 1643M->1643M(6144M) 593.131ms
[21.834s][info][gc,metaspace] GC(41) Metaspace: 12608K(13120K)->12608K(13120K) NonClass: 10438K(10688K)->10438K(10688K) Class: 2169K(2432K)->2169K(2432K)
[21.834s][info][gc          ] GC(41) Pause Full (System.gc()) 1643M->1643M(6144M) 588.275ms
[22.423s][info][gc,metaspace] GC(42) Metaspace: 12608K(13120K)->12608K(13120K) NonClass: 10438K(10688K)->10438K(10688K) Class: 2169K(2432K)->2169K(2432K)
[22.424s][info][gc          ] GC(42) Pause Full (System.gc()) 1643M->1643M(6144M) 589.073ms
[23.010s][info][gc,metaspace] GC(43) Metaspace: 12608K(13120K)->12608K(13120K) NonClass: 10438K(10688K)->10438K(10688K) Class: 2169K(2432K)->2169K(2432K)
[23.010s][info][gc          ] GC(43) Pause Full (System.gc()) 1643M->1643M(6144M) 586.856ms
[23.598s][info][gc,metaspace] GC(44) Metaspace: 12608K(13120K)->12608K(13120K) NonClass: 10438K(10688K)->10438K(10688K) Class: 2169K(2432K)->2169K(2432K)
[23.598s][info][gc          ] GC(44) Pause Full (System.gc()) 1643M->1643M(6144M) 587.250ms
[24.191s][info][gc,metaspace] GC(45) Metaspace: 12608K(13120K)->12608K(13120K) NonClass: 10438K(10688K)->10438K(10688K) Class: 2169K(2432K)->2169K(2432K)
[24.191s][info][gc          ] GC(45) Pause Full (System.gc()) 1643M->1643M(6144M) 593.198ms
[24.783s][info][gc,metaspace] GC(46) Metaspace: 12608K(13120K)->12608K(13120K) NonClass: 10438K(10688K)->10438K(10688K) Class: 2169K(2432K)->2169K(2432K)
[24.783s][info][gc          ] GC(46) Pause Full (System.gc()) 1643M->1643M(6144M) 592.250ms
[25.381s][info][gc,metaspace] GC(47) Metaspace: 12608K(13120K)->12608K(13120K) NonClass: 10438K(10688K)->10438K(10688K) Class: 2169K(2432K)->2169K(2432K)
[25.381s][info][gc          ] GC(47) Pause Full (System.gc()) 1643M->1643M(6144M) 597.881ms
[25.970s][info][gc,metaspace] GC(48) Metaspace: 12608K(13120K)->12608K(13120K) NonClass: 10438K(10688K)->10438K(10688K) Class: 2169K(2432K)->2169K(2432K)
[25.970s][info][gc          ] GC(48) Pause Full (System.gc()) 1643M->1643M(6144M) 589.046ms
[26.557s][info][gc,metaspace] GC(49) Metaspace: 12608K(13120K)->12608K(13120K) NonClass: 10438K(10688K)->10438K(10688K) Class: 2169K(2432K)->2169K(2432K)
[26.557s][info][gc          ] GC(49) Pause Full (System.gc()) 1643M->1643M(6144M) 586.121ms
[27.147s][info][gc,metaspace] GC(50) Metaspace: 12608K(13120K)->12608K(13120K) NonClass: 10438K(10688K)->10438K(10688K) Class: 2169K(2432K)->2169K(2432K)
[27.147s][info][gc          ] GC(50) Pause Full (System.gc()) 1643M->1643M(6144M) 590.683ms
[27.728s][info][gc,metaspace] GC(51) Metaspace: 12608K(13120K)->12608K(13120K) NonClass: 10438K(10688K)->10438K(10688K) Class: 2169K(2432K)->2169K(2432K)
[27.728s][info][gc          ] GC(51) Pause Full (System.gc()) 1643M->1643M(6144M) 580.572ms
[28.317s][info][gc,metaspace] GC(52) Metaspace: 12608K(13120K)->12608K(13120K) NonClass: 10438K(10688K)->10438K(10688K) Class: 2169K(2432K)->2169K(2432K)
[28.317s][info][gc          ] GC(52) Pause Full (System.gc()) 1643M->1643M(6144M) 589.198ms
[28.902s][info][gc,metaspace] GC(53) Metaspace: 12608K(13120K)->12608K(13120K) NonClass: 10438K(10688K)->10438K(10688K) Class: 2169K(2432K)->2169K(2432K)
[28.903s][info][gc          ] GC(53) Pause Full (System.gc()) 1643M->1643M(6144M) 585.193ms
[29.489s][info][gc,metaspace] GC(54) Metaspace: 12608K(13120K)->12608K(13120K) NonClass: 10438K(10688K)->10438K(10688K) Class: 2169K(2432K)->2169K(2432K)
[29.489s][info][gc          ] GC(54) Pause Full (System.gc()) 1643M->1643M(6144M) 585.969ms
[30.086s][info][gc,metaspace] GC(55) Metaspace: 12608K(13120K)->12608K(13120K) NonClass: 10438K(10688K)->10438K(10688K) Class: 2169K(2432K)->2169K(2432K)
[30.086s][info][gc          ] GC(55) Pause Full (System.gc()) 1643M->1643M(6144M) 597.456ms
[30.684s][info][gc,metaspace] GC(56) Metaspace: 12608K(13120K)->12608K(13120K) NonClass: 10438K(10688K)->10438K(10688K) Class: 2169K(2432K)->2169K(2432K)
[30.684s][info][gc          ] GC(56) Pause Full (System.gc()) 1643M->1643M(6144M) 597.706ms
[31.283s][info][gc,metaspace] GC(57) Metaspace: 12608K(13120K)->12608K(13120K) NonClass: 10438K(10688K)->10438K(10688K) Class: 2169K(2432K)->2169K(2432K)
[31.283s][info][gc          ] GC(57) Pause Full (System.gc()) 1643M->1643M(6144M) 598.932ms
[31.878s][info][gc,metaspace] GC(58) Metaspace: 12608K(13120K)->12608K(13120K) NonClass: 10438K(10688K)->10438K(10688K) Class: 2169K(2432K)->2169K(2432K)
[31.878s][info][gc          ] GC(58) Pause Full (System.gc()) 1643M->1643M(6144M) 595.418ms
[32.466s][info][gc,metaspace] GC(59) Metaspace: 12608K(13120K)->12608K(13120K) NonClass: 10438K(10688K)->10438K(10688K) Class: 2169K(2432K)->2169K(2432K)
[32.466s][info][gc          ] GC(59) Pause Full (System.gc()) 1643M->1643M(6144M) 587.682ms
[33.049s][info][gc,metaspace] GC(60) Metaspace: 12608K(13120K)->12608K(13120K) NonClass: 10438K(10688K)->10438K(10688K) Class: 2169K(2432K)->2169K(2432K)
[33.049s][info][gc          ] GC(60) Pause Full (System.gc()) 1643M->1643M(6144M) 582.959ms
[33.638s][info][gc,metaspace] GC(61) Metaspace: 12608K(13120K)->12608K(13120K) NonClass: 10438K(10688K)->10438K(10688K) Class: 2169K(2432K)->2169K(2432K)
[33.638s][info][gc          ] GC(61) Pause Full (System.gc()) 1643M->1643M(6144M) 589.114ms
[34.224s][info][gc,metaspace] GC(62) Metaspace: 12608K(13120K)->12608K(13120K) NonClass: 10438K(10688K)->10438K(10688K) Class: 2169K(2432K)->2169K(2432K)
[34.225s][info][gc          ] GC(62) Pause Full (System.gc()) 1643M->1643M(6144M) 586.145ms
[34.812s][info][gc,metaspace] GC(63) Metaspace: 12608K(13120K)->12608K(13120K) NonClass: 10438K(10688K)->10438K(10688K) Class: 2169K(2432K)->2169K(2432K)
[34.812s][info][gc          ] GC(63) Pause Full (System.gc()) 1643M->1643M(6144M) 587.395ms
[35.395s][info][gc,metaspace] GC(64) Metaspace: 12608K(13120K)->12608K(13120K) NonClass: 10438K(10688K)->10438K(10688K) Class: 2169K(2432K)->2169K(2432K)
[35.395s][info][gc          ] GC(64) Pause Full (System.gc()) 1643M->1643M(6144M) 582.637ms
[35.985s][info][gc,metaspace] GC(65) Metaspace: 12608K(13120K)->12608K(13120K) NonClass: 10438K(10688K)->10438K(10688K) Class: 2169K(2432K)->2169K(2432K)
[35.985s][info][gc          ] GC(65) Pause Full (System.gc()) 1643M->1643M(6144M) 589.811ms
[36.574s][info][gc,metaspace] GC(66) Metaspace: 12608K(13120K)->12608K(13120K) NonClass: 10438K(10688K)->10438K(10688K) Class: 2169K(2432K)->2169K(2432K)
[36.574s][info][gc          ] GC(66) Pause Full (System.gc()) 1643M->1643M(6144M) 589.259ms
After GCs... 
