Done; will start GCs... 
[30.967s][info][gc,metaspace] GC(6) Metaspace: 42945K(46784K)->42945K(46784K) NonClass: 36029K(37696K)->36029K(37696K) Class: 6915K(9088K)->6915K(9088K)
[30.968s][info][gc          ] GC(6) Pause Full (System.gc()) 837M->782M(6144M) 539.632ms
[31.431s][info][gc,metaspace] GC(7) Metaspace: 42945K(46784K)->42945K(46784K) NonClass: 36029K(37696K)->36029K(37696K) Class: 6915K(9088K)->6915K(9088K)
[31.431s][info][gc          ] GC(7) Pause Full (System.gc()) 782M->782M(6144M) 463.483ms
[31.888s][info][gc,metaspace] GC(8) Metaspace: 42945K(46784K)->42945K(46784K) NonClass: 36029K(37696K)->36029K(37696K) Class: 6915K(9088K)->6915K(9088K)
[31.888s][info][gc          ] GC(8) Pause Full (System.gc()) 782M->782M(6144M) 456.527ms
[32.350s][info][gc,metaspace] GC(9) Metaspace: 42945K(46784K)->42945K(46784K) NonClass: 36029K(37696K)->36029K(37696K) Class: 6915K(9088K)->6915K(9088K)
[32.350s][info][gc          ] GC(9) Pause Full (System.gc()) 782M->782M(6144M) 462.500ms
[32.803s][info][gc,metaspace] GC(10) Metaspace: 42945K(46784K)->42945K(46784K) NonClass: 36030K(37696K)->36030K(37696K) Class: 6915K(9088K)->6915K(9088K)
[32.803s][info][gc          ] GC(10) Pause Full (System.gc()) 782M->782M(6144M) 452.231ms
[33.263s][info][gc,metaspace] GC(11) Metaspace: 42945K(46784K)->42945K(46784K) NonClass: 36030K(37696K)->36030K(37696K) Class: 6915K(9088K)->6915K(9088K)
[33.263s][info][gc          ] GC(11) Pause Full (System.gc()) 782M->782M(6144M) 460.401ms
[33.765s][info][gc,metaspace] GC(12) Metaspace: 42945K(46784K)->42945K(46784K) NonClass: 36030K(37696K)->36030K(37696K) Class: 6915K(9088K)->6915K(9088K)
[33.765s][info][gc          ] GC(12) Pause Full (System.gc()) 782M->782M(6144M) 501.846ms
[34.222s][info][gc,metaspace] GC(13) Metaspace: 42945K(46784K)->42945K(46784K) NonClass: 36030K(37696K)->36030K(37696K) Class: 6915K(9088K)->6915K(9088K)
[34.222s][info][gc          ] GC(13) Pause Full (System.gc()) 782M->782M(6144M) 456.793ms
[34.682s][info][gc,metaspace] GC(14) Metaspace: 42945K(46784K)->42945K(46784K) NonClass: 36030K(37696K)->36030K(37696K) Class: 6915K(9088K)->6915K(9088K)
[34.682s][info][gc          ] GC(14) Pause Full (System.gc()) 782M->782M(6144M) 460.063ms
[35.150s][info][gc,metaspace] GC(15) Metaspace: 42945K(46784K)->42945K(46784K) NonClass: 36030K(37696K)->36030K(37696K) Class: 6915K(9088K)->6915K(9088K)
[35.150s][info][gc          ] GC(15) Pause Full (System.gc()) 782M->782M(6144M) 466.264ms
[35.627s][info][gc,metaspace] GC(16) Metaspace: 42945K(46784K)->42945K(46784K) NonClass: 36030K(37696K)->36030K(37696K) Class: 6915K(9088K)->6915K(9088K)
[35.627s][info][gc          ] GC(16) Pause Full (System.gc()) 782M->782M(6144M) 476.883ms
[36.080s][info][gc,metaspace] GC(17) Metaspace: 42945K(46784K)->42945K(46784K) NonClass: 36030K(37696K)->36030K(37696K) Class: 6915K(9088K)->6915K(9088K)
[36.081s][info][gc          ] GC(17) Pause Full (System.gc()) 782M->782M(6144M) 453.650ms
[36.542s][info][gc,metaspace] GC(18) Metaspace: 42945K(46784K)->42945K(46784K) NonClass: 36030K(37696K)->36030K(37696K) Class: 6915K(9088K)->6915K(9088K)
[36.542s][info][gc          ] GC(18) Pause Full (System.gc()) 782M->782M(6144M) 461.636ms
[37.007s][info][gc,metaspace] GC(19) Metaspace: 42945K(46784K)->42945K(46784K) NonClass: 36030K(37696K)->36030K(37696K) Class: 6915K(9088K)->6915K(9088K)
[37.007s][info][gc          ] GC(19) Pause Full (System.gc()) 782M->782M(6144M) 464.849ms
[37.464s][info][gc,metaspace] GC(20) Metaspace: 42945K(46784K)->42945K(46784K) NonClass: 36030K(37696K)->36030K(37696K) Class: 6915K(9088K)->6915K(9088K)
[37.464s][info][gc          ] GC(20) Pause Full (System.gc()) 782M->782M(6144M) 456.629ms
[37.930s][info][gc,metaspace] GC(21) Metaspace: 42945K(46784K)->42945K(46784K) NonClass: 36030K(37696K)->36030K(37696K) Class: 6915K(9088K)->6915K(9088K)
[37.930s][info][gc          ] GC(21) Pause Full (System.gc()) 782M->782M(6144M) 465.637ms
[38.391s][info][gc,metaspace] GC(22) Metaspace: 42945K(46784K)->42945K(46784K) NonClass: 36030K(37696K)->36030K(37696K) Class: 6915K(9088K)->6915K(9088K)
[38.391s][info][gc          ] GC(22) Pause Full (System.gc()) 782M->782M(6144M) 460.663ms
[38.851s][info][gc,metaspace] GC(23) Metaspace: 42945K(46784K)->42945K(46784K) NonClass: 36030K(37696K)->36030K(37696K) Class: 6915K(9088K)->6915K(9088K)
[38.851s][info][gc          ] GC(23) Pause Full (System.gc()) 782M->782M(6144M) 459.977ms
[39.316s][info][gc,metaspace] GC(24) Metaspace: 42945K(46784K)->42945K(46784K) NonClass: 36030K(37696K)->36030K(37696K) Class: 6915K(9088K)->6915K(9088K)
[39.316s][info][gc          ] GC(24) Pause Full (System.gc()) 782M->782M(6144M) 465.304ms
[39.799s][info][gc,metaspace] GC(25) Metaspace: 42945K(46784K)->42945K(46784K) NonClass: 36030K(37696K)->36030K(37696K) Class: 6915K(9088K)->6915K(9088K)
[39.799s][info][gc          ] GC(25) Pause Full (System.gc()) 782M->782M(6144M) 482.294ms
[40.275s][info][gc,metaspace] GC(26) Metaspace: 42945K(46784K)->42945K(46784K) NonClass: 36030K(37696K)->36030K(37696K) Class: 6915K(9088K)->6915K(9088K)
[40.275s][info][gc          ] GC(26) Pause Full (System.gc()) 782M->782M(6144M) 476.672ms
[40.746s][info][gc,metaspace] GC(27) Metaspace: 42945K(46784K)->42945K(46784K) NonClass: 36030K(37696K)->36030K(37696K) Class: 6915K(9088K)->6915K(9088K)
[40.746s][info][gc          ] GC(27) Pause Full (System.gc()) 782M->782M(6144M) 470.167ms
[41.244s][info][gc,metaspace] GC(28) Metaspace: 42945K(46784K)->42945K(46784K) NonClass: 36030K(37696K)->36030K(37696K) Class: 6915K(9088K)->6915K(9088K)
[41.244s][info][gc          ] GC(28) Pause Full (System.gc()) 782M->782M(6144M) 493.416ms
[41.699s][info][gc,metaspace] GC(29) Metaspace: 42945K(46784K)->42945K(46784K) NonClass: 36030K(37696K)->36030K(37696K) Class: 6915K(9088K)->6915K(9088K)
[41.699s][info][gc          ] GC(29) Pause Full (System.gc()) 782M->782M(6144M) 455.115ms
[42.159s][info][gc,metaspace] GC(30) Metaspace: 42945K(46784K)->42945K(46784K) NonClass: 36030K(37696K)->36030K(37696K) Class: 6915K(9088K)->6915K(9088K)
[42.159s][info][gc          ] GC(30) Pause Full (System.gc()) 782M->782M(6144M) 460.438ms
[42.643s][info][gc,metaspace] GC(31) Metaspace: 42945K(46784K)->42945K(46784K) NonClass: 36030K(37696K)->36030K(37696K) Class: 6915K(9088K)->6915K(9088K)
[42.644s][info][gc          ] GC(31) Pause Full (System.gc()) 782M->782M(6144M) 484.061ms
[43.105s][info][gc,metaspace] GC(32) Metaspace: 42945K(46784K)->42945K(46784K) NonClass: 36030K(37696K)->36030K(37696K) Class: 6915K(9088K)->6915K(9088K)
[43.105s][info][gc          ] GC(32) Pause Full (System.gc()) 782M->782M(6144M) 461.038ms
[43.582s][info][gc,metaspace] GC(33) Metaspace: 42945K(46784K)->42945K(46784K) NonClass: 36030K(37696K)->36030K(37696K) Class: 6915K(9088K)->6915K(9088K)
[43.582s][info][gc          ] GC(33) Pause Full (System.gc()) 782M->782M(6144M) 477.199ms
[44.035s][info][gc,metaspace] GC(34) Metaspace: 42945K(46784K)->42945K(46784K) NonClass: 36030K(37696K)->36030K(37696K) Class: 6915K(9088K)->6915K(9088K)
[44.035s][info][gc          ] GC(34) Pause Full (System.gc()) 782M->782M(6144M) 452.583ms
[44.506s][info][gc,metaspace] GC(35) Metaspace: 42945K(46784K)->42945K(46784K) NonClass: 36030K(37696K)->36030K(37696K) Class: 6915K(9088K)->6915K(9088K)
[44.506s][info][gc          ] GC(35) Pause Full (System.gc()) 782M->782M(6144M) 470.931ms
[44.958s][info][gc,metaspace] GC(36) Metaspace: 42945K(46784K)->42945K(46784K) NonClass: 36030K(37696K)->36030K(37696K) Class: 6915K(9088K)->6915K(9088K)
[44.958s][info][gc          ] GC(36) Pause Full (System.gc()) 782M->782M(6144M) 452.374ms
[45.421s][info][gc,metaspace] GC(37) Metaspace: 42945K(46784K)->42945K(46784K) NonClass: 36030K(37696K)->36030K(37696K) Class: 6915K(9088K)->6915K(9088K)
[45.421s][info][gc          ] GC(37) Pause Full (System.gc()) 782M->782M(6144M) 462.808ms
[45.871s][info][gc,metaspace] GC(38) Metaspace: 42945K(46784K)->42945K(46784K) NonClass: 36030K(37696K)->36030K(37696K) Class: 6915K(9088K)->6915K(9088K)
[45.871s][info][gc          ] GC(38) Pause Full (System.gc()) 782M->782M(6144M) 450.001ms
[46.407s][info][gc,metaspace] GC(39) Metaspace: 42945K(46784K)->42945K(46784K) NonClass: 36030K(37696K)->36030K(37696K) Class: 6915K(9088K)->6915K(9088K)
[46.407s][info][gc          ] GC(39) Pause Full (System.gc()) 782M->782M(6144M) 531.030ms
[46.862s][info][gc,metaspace] GC(40) Metaspace: 42945K(46784K)->42945K(46784K) NonClass: 36030K(37696K)->36030K(37696K) Class: 6915K(9088K)->6915K(9088K)
[46.862s][info][gc          ] GC(40) Pause Full (System.gc()) 782M->782M(6144M) 454.760ms
[47.322s][info][gc,metaspace] GC(41) Metaspace: 42945K(46784K)->42945K(46784K) NonClass: 36030K(37696K)->36030K(37696K) Class: 6915K(9088K)->6915K(9088K)
[47.322s][info][gc          ] GC(41) Pause Full (System.gc()) 782M->782M(6144M) 460.711ms
[47.797s][info][gc,metaspace] GC(42) Metaspace: 42945K(46784K)->42945K(46784K) NonClass: 36030K(37696K)->36030K(37696K) Class: 6915K(9088K)->6915K(9088K)
[47.797s][info][gc          ] GC(42) Pause Full (System.gc()) 782M->782M(6144M) 474.793ms
[48.250s][info][gc,metaspace] GC(43) Metaspace: 42945K(46784K)->42945K(46784K) NonClass: 36030K(37696K)->36030K(37696K) Class: 6915K(9088K)->6915K(9088K)
[48.250s][info][gc          ] GC(43) Pause Full (System.gc()) 782M->782M(6144M) 452.808ms
[48.766s][info][gc,metaspace] GC(44) Metaspace: 42945K(46784K)->42945K(46784K) NonClass: 36030K(37696K)->36030K(37696K) Class: 6915K(9088K)->6915K(9088K)
[48.766s][info][gc          ] GC(44) Pause Full (System.gc()) 782M->782M(6144M) 516.100ms
[49.221s][info][gc,metaspace] GC(45) Metaspace: 42945K(46784K)->42945K(46784K) NonClass: 36030K(37696K)->36030K(37696K) Class: 6915K(9088K)->6915K(9088K)
[49.221s][info][gc          ] GC(45) Pause Full (System.gc()) 782M->782M(6144M) 454.623ms
[49.677s][info][gc,metaspace] GC(46) Metaspace: 42945K(46784K)->42945K(46784K) NonClass: 36030K(37696K)->36030K(37696K) Class: 6915K(9088K)->6915K(9088K)
[49.677s][info][gc          ] GC(46) Pause Full (System.gc()) 782M->782M(6144M) 455.598ms
[50.114s][info][gc,metaspace] GC(47) Metaspace: 42945K(46784K)->42945K(46784K) NonClass: 36030K(37696K)->36030K(37696K) Class: 6915K(9088K)->6915K(9088K)
[50.114s][info][gc          ] GC(47) Pause Full (System.gc()) 782M->782M(6144M) 436.907ms
[50.596s][info][gc,metaspace] GC(48) Metaspace: 42945K(46784K)->42945K(46784K) NonClass: 36030K(37696K)->36030K(37696K) Class: 6915K(9088K)->6915K(9088K)
[50.596s][info][gc          ] GC(48) Pause Full (System.gc()) 782M->782M(6144M) 481.688ms
[51.047s][info][gc,metaspace] GC(49) Metaspace: 42945K(46784K)->42945K(46784K) NonClass: 36030K(37696K)->36030K(37696K) Class: 6915K(9088K)->6915K(9088K)
[51.047s][info][gc          ] GC(49) Pause Full (System.gc()) 782M->782M(6144M) 451.231ms
[51.527s][info][gc,metaspace] GC(50) Metaspace: 42945K(46784K)->42945K(46784K) NonClass: 36030K(37696K)->36030K(37696K) Class: 6915K(9088K)->6915K(9088K)
[51.527s][info][gc          ] GC(50) Pause Full (System.gc()) 782M->782M(6144M) 476.018ms
[51.978s][info][gc,metaspace] GC(51) Metaspace: 42945K(46784K)->42945K(46784K) NonClass: 36030K(37696K)->36030K(37696K) Class: 6915K(9088K)->6915K(9088K)
[51.978s][info][gc          ] GC(51) Pause Full (System.gc()) 782M->782M(6144M) 450.308ms
[52.441s][info][gc,metaspace] GC(52) Metaspace: 42945K(46784K)->42945K(46784K) NonClass: 36030K(37696K)->36030K(37696K) Class: 6915K(9088K)->6915K(9088K)
[52.441s][info][gc          ] GC(52) Pause Full (System.gc()) 782M->782M(6144M) 463.085ms
[52.900s][info][gc,metaspace] GC(53) Metaspace: 42945K(46784K)->42945K(46784K) NonClass: 36030K(37696K)->36030K(37696K) Class: 6915K(9088K)->6915K(9088K)
[52.901s][info][gc          ] GC(53) Pause Full (System.gc()) 782M->782M(6144M) 459.425ms
[53.366s][info][gc,metaspace] GC(54) Metaspace: 42945K(46784K)->42945K(46784K) NonClass: 36030K(37696K)->36030K(37696K) Class: 6915K(9088K)->6915K(9088K)
[53.366s][info][gc          ] GC(54) Pause Full (System.gc()) 782M->782M(6144M) 465.708ms
[53.827s][info][gc,metaspace] GC(55) Metaspace: 42945K(46784K)->42945K(46784K) NonClass: 36030K(37696K)->36030K(37696K) Class: 6915K(9088K)->6915K(9088K)
[53.827s][info][gc          ] GC(55) Pause Full (System.gc()) 782M->782M(6144M) 460.620ms
[54.284s][info][gc,metaspace] GC(56) Metaspace: 42945K(46784K)->42945K(46784K) NonClass: 36030K(37696K)->36030K(37696K) Class: 6915K(9088K)->6915K(9088K)
[54.284s][info][gc          ] GC(56) Pause Full (System.gc()) 782M->782M(6144M) 456.449ms
[54.756s][info][gc,metaspace] GC(57) Metaspace: 42945K(46784K)->42945K(46784K) NonClass: 36030K(37696K)->36030K(37696K) Class: 6915K(9088K)->6915K(9088K)
[54.756s][info][gc          ] GC(57) Pause Full (System.gc()) 782M->782M(6144M) 472.563ms
[55.207s][info][gc,metaspace] GC(58) Metaspace: 42945K(46784K)->42945K(46784K) NonClass: 36030K(37696K)->36030K(37696K) Class: 6915K(9088K)->6915K(9088K)
[55.207s][info][gc          ] GC(58) Pause Full (System.gc()) 782M->782M(6144M) 451.091ms
[55.678s][info][gc,metaspace] GC(59) Metaspace: 42945K(46784K)->42945K(46784K) NonClass: 36030K(37696K)->36030K(37696K) Class: 6915K(9088K)->6915K(9088K)
[55.678s][info][gc          ] GC(59) Pause Full (System.gc()) 782M->782M(6144M) 470.622ms
[56.139s][info][gc,metaspace] GC(60) Metaspace: 42945K(46784K)->42945K(46784K) NonClass: 36030K(37696K)->36030K(37696K) Class: 6915K(9088K)->6915K(9088K)
[56.139s][info][gc          ] GC(60) Pause Full (System.gc()) 782M->782M(6144M) 461.099ms
[56.617s][info][gc,metaspace] GC(61) Metaspace: 42945K(46784K)->42945K(46784K) NonClass: 36030K(37696K)->36030K(37696K) Class: 6915K(9088K)->6915K(9088K)
[56.617s][info][gc          ] GC(61) Pause Full (System.gc()) 782M->782M(6144M) 473.456ms
[57.072s][info][gc,metaspace] GC(62) Metaspace: 42945K(46784K)->42945K(46784K) NonClass: 36030K(37696K)->36030K(37696K) Class: 6915K(9088K)->6915K(9088K)
[57.072s][info][gc          ] GC(62) Pause Full (System.gc()) 782M->782M(6144M) 454.338ms
[57.537s][info][gc,metaspace] GC(63) Metaspace: 42945K(46784K)->42945K(46784K) NonClass: 36030K(37696K)->36030K(37696K) Class: 6915K(9088K)->6915K(9088K)
[57.537s][info][gc          ] GC(63) Pause Full (System.gc()) 782M->782M(6144M) 464.823ms
[57.989s][info][gc,metaspace] GC(64) Metaspace: 42945K(46784K)->42945K(46784K) NonClass: 36030K(37696K)->36030K(37696K) Class: 6915K(9088K)->6915K(9088K)
[57.989s][info][gc          ] GC(64) Pause Full (System.gc()) 782M->782M(6144M) 452.761ms
[58.464s][info][gc,metaspace] GC(65) Metaspace: 42945K(46784K)->42945K(46784K) NonClass: 36030K(37696K)->36030K(37696K) Class: 6915K(9088K)->6915K(9088K)
[58.464s][info][gc          ] GC(65) Pause Full (System.gc()) 782M->782M(6144M) 474.408ms
[58.904s][info][gc,metaspace] GC(66) Metaspace: 42945K(46784K)->42945K(46784K) NonClass: 36030K(37696K)->36030K(37696K) Class: 6915K(9088K)->6915K(9088K)
[58.904s][info][gc          ] GC(66) Pause Full (System.gc()) 782M->782M(6144M) 440.223ms
[59.366s][info][gc,metaspace] GC(67) Metaspace: 42945K(46784K)->42945K(46784K) NonClass: 36030K(37696K)->36030K(37696K) Class: 6915K(9088K)->6915K(9088K)
[59.366s][info][gc          ] GC(67) Pause Full (System.gc()) 782M->782M(6144M) 461.849ms
[59.829s][info][gc,metaspace] GC(68) Metaspace: 42945K(46784K)->42945K(46784K) NonClass: 36030K(37696K)->36030K(37696K) Class: 6915K(9088K)->6915K(9088K)
[59.830s][info][gc          ] GC(68) Pause Full (System.gc()) 782M->782M(6144M) 463.079ms
[60.281s][info][gc,metaspace] GC(69) Metaspace: 42945K(46784K)->42945K(46784K) NonClass: 36030K(37696K)->36030K(37696K) Class: 6915K(9088K)->6915K(9088K)
[60.281s][info][gc          ] GC(69) Pause Full (System.gc()) 782M->782M(6144M) 451.696ms
[60.770s][info][gc,metaspace] GC(70) Metaspace: 42945K(46784K)->42945K(46784K) NonClass: 36030K(37696K)->36030K(37696K) Class: 6915K(9088K)->6915K(9088K)
[60.770s][info][gc          ] GC(70) Pause Full (System.gc()) 782M->782M(6144M) 488.287ms
[61.228s][info][gc,metaspace] GC(71) Metaspace: 42945K(46784K)->42945K(46784K) NonClass: 36030K(37696K)->36030K(37696K) Class: 6915K(9088K)->6915K(9088K)
[61.228s][info][gc          ] GC(71) Pause Full (System.gc()) 782M->782M(6144M) 457.836ms
[61.689s][info][gc,metaspace] GC(72) Metaspace: 42945K(46784K)->42945K(46784K) NonClass: 36030K(37696K)->36030K(37696K) Class: 6915K(9088K)->6915K(9088K)
[61.689s][info][gc          ] GC(72) Pause Full (System.gc()) 782M->782M(6144M) 461.288ms
[62.158s][info][gc,metaspace] GC(73) Metaspace: 42945K(46784K)->42945K(46784K) NonClass: 36030K(37696K)->36030K(37696K) Class: 6915K(9088K)->6915K(9088K)
[62.158s][info][gc          ] GC(73) Pause Full (System.gc()) 782M->782M(6144M) 468.765ms
[62.627s][info][gc,metaspace] GC(74) Metaspace: 42945K(46784K)->42945K(46784K) NonClass: 36030K(37696K)->36030K(37696K) Class: 6915K(9088K)->6915K(9088K)
[62.627s][info][gc          ] GC(74) Pause Full (System.gc()) 782M->782M(6144M) 469.080ms
[63.088s][info][gc,metaspace] GC(75) Metaspace: 42945K(46784K)->42945K(46784K) NonClass: 36030K(37696K)->36030K(37696K) Class: 6915K(9088K)->6915K(9088K)
[63.088s][info][gc          ] GC(75) Pause Full (System.gc()) 784M->782M(6144M) 460.501ms
[63.552s][info][gc,metaspace] GC(76) Metaspace: 42945K(46784K)->42945K(46784K) NonClass: 36030K(37696K)->36030K(37696K) Class: 6915K(9088K)->6915K(9088K)
[63.552s][info][gc          ] GC(76) Pause Full (System.gc()) 782M->782M(6144M) 464.626ms
[64.002s][info][gc,metaspace] GC(77) Metaspace: 42945K(46784K)->42945K(46784K) NonClass: 36030K(37696K)->36030K(37696K) Class: 6915K(9088K)->6915K(9088K)
[64.002s][info][gc          ] GC(77) Pause Full (System.gc()) 782M->782M(6144M) 449.338ms
[64.463s][info][gc,metaspace] GC(78) Metaspace: 42945K(46784K)->42945K(46784K) NonClass: 36030K(37696K)->36030K(37696K) Class: 6915K(9088K)->6915K(9088K)
[64.463s][info][gc          ] GC(78) Pause Full (System.gc()) 782M->782M(6144M) 460.908ms
[64.916s][info][gc,metaspace] GC(79) Metaspace: 42945K(46784K)->42945K(46784K) NonClass: 36030K(37696K)->36030K(37696K) Class: 6915K(9088K)->6915K(9088K)
[64.916s][info][gc          ] GC(79) Pause Full (System.gc()) 782M->782M(6144M) 452.707ms
[65.377s][info][gc,metaspace] GC(80) Metaspace: 42945K(46784K)->42945K(46784K) NonClass: 36030K(37696K)->36030K(37696K) Class: 6915K(9088K)->6915K(9088K)
[65.377s][info][gc          ] GC(80) Pause Full (System.gc()) 782M->782M(6144M) 460.984ms
[65.855s][info][gc,metaspace] GC(81) Metaspace: 42945K(46784K)->42945K(46784K) NonClass: 36030K(37696K)->36030K(37696K) Class: 6915K(9088K)->6915K(9088K)
[65.855s][info][gc          ] GC(81) Pause Full (System.gc()) 782M->782M(6144M) 478.219ms
[66.303s][info][gc,metaspace] GC(82) Metaspace: 42945K(46784K)->42945K(46784K) NonClass: 36030K(37696K)->36030K(37696K) Class: 6915K(9088K)->6915K(9088K)
[66.303s][info][gc          ] GC(82) Pause Full (System.gc()) 782M->782M(6144M) 447.382ms
[66.761s][info][gc,metaspace] GC(83) Metaspace: 42945K(46784K)->42945K(46784K) NonClass: 36030K(37696K)->36030K(37696K) Class: 6915K(9088K)->6915K(9088K)
[66.761s][info][gc          ] GC(83) Pause Full (System.gc()) 782M->782M(6144M) 453.852ms
[67.199s][info][gc,metaspace] GC(84) Metaspace: 42945K(46784K)->42945K(46784K) NonClass: 36030K(37696K)->36030K(37696K) Class: 6915K(9088K)->6915K(9088K)
[67.199s][info][gc          ] GC(84) Pause Full (System.gc()) 782M->782M(6144M) 438.129ms
[67.652s][info][gc,metaspace] GC(85) Metaspace: 42945K(46784K)->42945K(46784K) NonClass: 36030K(37696K)->36030K(37696K) Class: 6915K(9088K)->6915K(9088K)
[67.652s][info][gc          ] GC(85) Pause Full (System.gc()) 782M->782M(6144M) 452.839ms
[68.102s][info][gc,metaspace] GC(86) Metaspace: 42945K(46784K)->42945K(46784K) NonClass: 36030K(37696K)->36030K(37696K) Class: 6915K(9088K)->6915K(9088K)
[68.102s][info][gc          ] GC(86) Pause Full (System.gc()) 782M->782M(6144M) 449.595ms
[68.552s][info][gc,metaspace] GC(87) Metaspace: 42945K(46784K)->42945K(46784K) NonClass: 36030K(37696K)->36030K(37696K) Class: 6915K(9088K)->6915K(9088K)
[68.552s][info][gc          ] GC(87) Pause Full (System.gc()) 782M->782M(6144M) 450.431ms
[69.003s][info][gc,metaspace] GC(88) Metaspace: 42945K(46784K)->42945K(46784K) NonClass: 36030K(37696K)->36030K(37696K) Class: 6915K(9088K)->6915K(9088K)
[69.003s][info][gc          ] GC(88) Pause Full (System.gc()) 782M->782M(6144M) 450.294ms
[69.466s][info][gc,metaspace] GC(89) Metaspace: 42945K(46784K)->42945K(46784K) NonClass: 36030K(37696K)->36030K(37696K) Class: 6915K(9088K)->6915K(9088K)
[69.466s][info][gc          ] GC(89) Pause Full (System.gc()) 782M->782M(6144M) 462.997ms
[69.928s][info][gc,metaspace] GC(90) Metaspace: 42945K(46784K)->42945K(46784K) NonClass: 36030K(37696K)->36030K(37696K) Class: 6915K(9088K)->6915K(9088K)
[69.928s][info][gc          ] GC(90) Pause Full (System.gc()) 782M->782M(6144M) 462.303ms
[70.381s][info][gc,metaspace] GC(91) Metaspace: 42945K(46784K)->42945K(46784K) NonClass: 36030K(37696K)->36030K(37696K) Class: 6915K(9088K)->6915K(9088K)
[70.381s][info][gc          ] GC(91) Pause Full (System.gc()) 782M->782M(6144M) 453.158ms
[70.851s][info][gc,metaspace] GC(92) Metaspace: 42945K(46784K)->42945K(46784K) NonClass: 36030K(37696K)->36030K(37696K) Class: 6915K(9088K)->6915K(9088K)
[70.851s][info][gc          ] GC(92) Pause Full (System.gc()) 782M->782M(6144M) 469.148ms
[71.305s][info][gc,metaspace] GC(93) Metaspace: 42945K(46784K)->42945K(46784K) NonClass: 36030K(37696K)->36030K(37696K) Class: 6915K(9088K)->6915K(9088K)
[71.305s][info][gc          ] GC(93) Pause Full (System.gc()) 782M->782M(6144M) 454.365ms
[71.818s][info][gc,metaspace] GC(94) Metaspace: 42945K(46784K)->42945K(46784K) NonClass: 36030K(37696K)->36030K(37696K) Class: 6915K(9088K)->6915K(9088K)
[71.818s][info][gc          ] GC(94) Pause Full (System.gc()) 782M->782M(6144M) 508.629ms
[72.268s][info][gc,metaspace] GC(95) Metaspace: 42945K(46784K)->42945K(46784K) NonClass: 36030K(37696K)->36030K(37696K) Class: 6915K(9088K)->6915K(9088K)
[72.268s][info][gc          ] GC(95) Pause Full (System.gc()) 782M->782M(6144M) 449.801ms
[72.736s][info][gc,metaspace] GC(96) Metaspace: 42945K(46784K)->42945K(46784K) NonClass: 36030K(37696K)->36030K(37696K) Class: 6915K(9088K)->6915K(9088K)
[72.736s][info][gc          ] GC(96) Pause Full (System.gc()) 782M->782M(6144M) 467.554ms
[73.187s][info][gc,metaspace] GC(97) Metaspace: 42945K(46784K)->42945K(46784K) NonClass: 36030K(37696K)->36030K(37696K) Class: 6915K(9088K)->6915K(9088K)
[73.187s][info][gc          ] GC(97) Pause Full (System.gc()) 782M->782M(6144M) 450.968ms
[73.649s][info][gc,metaspace] GC(98) Metaspace: 42945K(46784K)->42945K(46784K) NonClass: 36030K(37696K)->36030K(37696K) Class: 6915K(9088K)->6915K(9088K)
[73.649s][info][gc          ] GC(98) Pause Full (System.gc()) 782M->782M(6144M) 461.959ms
[74.100s][info][gc,metaspace] GC(99) Metaspace: 42945K(46784K)->42945K(46784K) NonClass: 36030K(37696K)->36030K(37696K) Class: 6915K(9088K)->6915K(9088K)
[74.100s][info][gc          ] GC(99) Pause Full (System.gc()) 782M->782M(6144M) 451.273ms
[74.560s][info][gc,metaspace] GC(100) Metaspace: 42945K(46784K)->42945K(46784K) NonClass: 36030K(37696K)->36030K(37696K) Class: 6915K(9088K)->6915K(9088K)
[74.560s][info][gc          ] GC(100) Pause Full (System.gc()) 782M->782M(6144M) 459.912ms
[75.017s][info][gc,metaspace] GC(101) Metaspace: 42945K(46784K)->42945K(46784K) NonClass: 36030K(37696K)->36030K(37696K) Class: 6915K(9088K)->6915K(9088K)
[75.017s][info][gc          ] GC(101) Pause Full (System.gc()) 782M->782M(6144M) 456.995ms
[75.468s][info][gc,metaspace] GC(102) Metaspace: 42945K(46784K)->42945K(46784K) NonClass: 36030K(37696K)->36030K(37696K) Class: 6915K(9088K)->6915K(9088K)
[75.468s][info][gc          ] GC(102) Pause Full (System.gc()) 782M->782M(6144M) 450.470ms
[75.916s][info][gc,metaspace] GC(103) Metaspace: 42945K(46784K)->42945K(46784K) NonClass: 36030K(37696K)->36030K(37696K) Class: 6915K(9088K)->6915K(9088K)
[75.916s][info][gc          ] GC(103) Pause Full (System.gc()) 782M->782M(6144M) 448.091ms
[76.378s][info][gc,metaspace] GC(104) Metaspace: 42945K(46784K)->42945K(46784K) NonClass: 36030K(37696K)->36030K(37696K) Class: 6915K(9088K)->6915K(9088K)
[76.378s][info][gc          ] GC(104) Pause Full (System.gc()) 782M->782M(6144M) 461.881ms
[76.828s][info][gc,metaspace] GC(105) Metaspace: 42945K(46784K)->42945K(46784K) NonClass: 36030K(37696K)->36030K(37696K) Class: 6915K(9088K)->6915K(9088K)
[76.828s][info][gc          ] GC(105) Pause Full (System.gc()) 782M->782M(6144M) 445.459ms
After GCs... 
