Done; will start GCs... 
[30.579s][info][gc,metaspace] GC(20) Metaspace: 43155K(46848K)->43155K(46848K) NonClass: 33195K(34816K)->33195K(34816K) Class: 9960K(12032K)->9960K(12032K)
[30.579s][info][gc          ] GC(20) Pause Full (System.gc()) 927M->782M(6144M) 550.682ms
[31.048s][info][gc,metaspace] GC(21) Metaspace: 43155K(46848K)->43155K(46848K) NonClass: 33195K(34816K)->33195K(34816K) Class: 9960K(12032K)->9960K(12032K)
[31.048s][info][gc          ] GC(21) Pause Full (System.gc()) 782M->782M(6144M) 469.287ms
[31.504s][info][gc,metaspace] GC(22) Metaspace: 43155K(46848K)->43155K(46848K) NonClass: 33195K(34816K)->33195K(34816K) Class: 9960K(12032K)->9960K(12032K)
[31.504s][info][gc          ] GC(22) Pause Full (System.gc()) 782M->782M(6144M) 455.688ms
[31.934s][info][gc,metaspace] GC(23) Metaspace: 43155K(46848K)->43155K(46848K) NonClass: 33195K(34816K)->33195K(34816K) Class: 9960K(12032K)->9960K(12032K)
[31.934s][info][gc          ] GC(23) Pause Full (System.gc()) 782M->782M(6144M) 430.238ms
[32.386s][info][gc,metaspace] GC(24) Metaspace: 43155K(46848K)->43155K(46848K) NonClass: 33195K(34816K)->33195K(34816K) Class: 9960K(12032K)->9960K(12032K)
[32.386s][info][gc          ] GC(24) Pause Full (System.gc()) 782M->782M(6144M) 451.065ms
[32.798s][info][gc,metaspace] GC(25) Metaspace: 43155K(46848K)->43155K(46848K) NonClass: 33195K(34816K)->33195K(34816K) Class: 9960K(12032K)->9960K(12032K)
[32.798s][info][gc          ] GC(25) Pause Full (System.gc()) 782M->782M(6144M) 412.810ms
[33.231s][info][gc,metaspace] GC(26) Metaspace: 43155K(46848K)->43155K(46848K) NonClass: 33195K(34816K)->33195K(34816K) Class: 9960K(12032K)->9960K(12032K)
[33.231s][info][gc          ] GC(26) Pause Full (System.gc()) 782M->782M(6144M) 432.321ms
[33.651s][info][gc,metaspace] GC(27) Metaspace: 43155K(46848K)->43155K(46848K) NonClass: 33195K(34816K)->33195K(34816K) Class: 9960K(12032K)->9960K(12032K)
[33.651s][info][gc          ] GC(27) Pause Full (System.gc()) 782M->782M(6144M) 420.253ms
[34.075s][info][gc,metaspace] GC(28) Metaspace: 43155K(46848K)->43155K(46848K) NonClass: 33195K(34816K)->33195K(34816K) Class: 9960K(12032K)->9960K(12032K)
[34.075s][info][gc          ] GC(28) Pause Full (System.gc()) 782M->782M(6144M) 423.469ms
[34.518s][info][gc,metaspace] GC(29) Metaspace: 43155K(46848K)->43155K(46848K) NonClass: 33195K(34816K)->33195K(34816K) Class: 9960K(12032K)->9960K(12032K)
[34.518s][info][gc          ] GC(29) Pause Full (System.gc()) 782M->782M(6144M) 443.060ms
[34.932s][info][gc,metaspace] GC(30) Metaspace: 43155K(46848K)->43155K(46848K) NonClass: 33195K(34816K)->33195K(34816K) Class: 9960K(12032K)->9960K(12032K)
[34.932s][info][gc          ] GC(30) Pause Full (System.gc()) 782M->782M(6144M) 414.198ms
[35.393s][info][gc,metaspace] GC(31) Metaspace: 43155K(46848K)->43155K(46848K) NonClass: 33195K(34816K)->33195K(34816K) Class: 9960K(12032K)->9960K(12032K)
[35.393s][info][gc          ] GC(31) Pause Full (System.gc()) 782M->782M(6144M) 460.186ms
[35.806s][info][gc,metaspace] GC(32) Metaspace: 43155K(46848K)->43155K(46848K) NonClass: 33195K(34816K)->33195K(34816K) Class: 9960K(12032K)->9960K(12032K)
[35.806s][info][gc          ] GC(32) Pause Full (System.gc()) 782M->782M(6144M) 413.532ms
[36.242s][info][gc,metaspace] GC(33) Metaspace: 43155K(46848K)->43155K(46848K) NonClass: 33195K(34816K)->33195K(34816K) Class: 9960K(12032K)->9960K(12032K)
[36.242s][info][gc          ] GC(33) Pause Full (System.gc()) 782M->782M(6144M) 435.888ms
[36.669s][info][gc,metaspace] GC(34) Metaspace: 43155K(46848K)->43155K(46848K) NonClass: 33195K(34816K)->33195K(34816K) Class: 9960K(12032K)->9960K(12032K)
[36.669s][info][gc          ] GC(34) Pause Full (System.gc()) 782M->782M(6144M) 427.127ms
[37.096s][info][gc,metaspace] GC(35) Metaspace: 43155K(46848K)->43155K(46848K) NonClass: 33195K(34816K)->33195K(34816K) Class: 9960K(12032K)->9960K(12032K)
[37.096s][info][gc          ] GC(35) Pause Full (System.gc()) 782M->782M(6144M) 426.382ms
[37.559s][info][gc,metaspace] GC(36) Metaspace: 43155K(46848K)->43155K(46848K) NonClass: 33195K(34816K)->33195K(34816K) Class: 9960K(12032K)->9960K(12032K)
[37.559s][info][gc          ] GC(36) Pause Full (System.gc()) 782M->782M(6144M) 463.025ms
[37.993s][info][gc,metaspace] GC(37) Metaspace: 43155K(46848K)->43155K(46848K) NonClass: 33195K(34816K)->33195K(34816K) Class: 9960K(12032K)->9960K(12032K)
[37.993s][info][gc          ] GC(37) Pause Full (System.gc()) 782M->782M(6144M) 434.194ms
[38.443s][info][gc,metaspace] GC(38) Metaspace: 43155K(46848K)->43155K(46848K) NonClass: 33195K(34816K)->33195K(34816K) Class: 9960K(12032K)->9960K(12032K)
[38.443s][info][gc          ] GC(38) Pause Full (System.gc()) 782M->782M(6144M) 449.925ms
[38.883s][info][gc,metaspace] GC(39) Metaspace: 43155K(46848K)->43155K(46848K) NonClass: 33195K(34816K)->33195K(34816K) Class: 9960K(12032K)->9960K(12032K)
[38.883s][info][gc          ] GC(39) Pause Full (System.gc()) 782M->782M(6144M) 439.972ms
[39.322s][info][gc,metaspace] GC(40) Metaspace: 43155K(46848K)->43155K(46848K) NonClass: 33195K(34816K)->33195K(34816K) Class: 9960K(12032K)->9960K(12032K)
[39.322s][info][gc          ] GC(40) Pause Full (System.gc()) 782M->782M(6144M) 438.316ms
[39.760s][info][gc,metaspace] GC(41) Metaspace: 43155K(46848K)->43155K(46848K) NonClass: 33195K(34816K)->33195K(34816K) Class: 9960K(12032K)->9960K(12032K)
[39.760s][info][gc          ] GC(41) Pause Full (System.gc()) 782M->782M(6144M) 438.367ms
[40.184s][info][gc,metaspace] GC(42) Metaspace: 43155K(46848K)->43155K(46848K) NonClass: 33195K(34816K)->33195K(34816K) Class: 9960K(12032K)->9960K(12032K)
[40.184s][info][gc          ] GC(42) Pause Full (System.gc()) 782M->782M(6144M) 423.909ms
[40.626s][info][gc,metaspace] GC(43) Metaspace: 43155K(46848K)->43155K(46848K) NonClass: 33195K(34816K)->33195K(34816K) Class: 9960K(12032K)->9960K(12032K)
[40.626s][info][gc          ] GC(43) Pause Full (System.gc()) 782M->782M(6144M) 441.650ms
[41.055s][info][gc,metaspace] GC(44) Metaspace: 43155K(46848K)->43155K(46848K) NonClass: 33195K(34816K)->33195K(34816K) Class: 9960K(12032K)->9960K(12032K)
[41.055s][info][gc          ] GC(44) Pause Full (System.gc()) 782M->782M(6144M) 424.716ms
[41.506s][info][gc,metaspace] GC(45) Metaspace: 43155K(46848K)->43155K(46848K) NonClass: 33195K(34816K)->33195K(34816K) Class: 9960K(12032K)->9960K(12032K)
[41.506s][info][gc          ] GC(45) Pause Full (System.gc()) 782M->782M(6144M) 450.777ms
[41.953s][info][gc,metaspace] GC(46) Metaspace: 43155K(46848K)->43155K(46848K) NonClass: 33195K(34816K)->33195K(34816K) Class: 9960K(12032K)->9960K(12032K)
[41.953s][info][gc          ] GC(46) Pause Full (System.gc()) 782M->782M(6144M) 446.562ms
[42.337s][info][gc,metaspace] GC(47) Metaspace: 43155K(46848K)->43155K(46848K) NonClass: 33195K(34816K)->33195K(34816K) Class: 9960K(12032K)->9960K(12032K)
[42.337s][info][gc          ] GC(47) Pause Full (System.gc()) 782M->782M(6144M) 383.132ms
[42.731s][info][gc,metaspace] GC(48) Metaspace: 43155K(46848K)->43155K(46848K) NonClass: 33195K(34816K)->33195K(34816K) Class: 9960K(12032K)->9960K(12032K)
[42.731s][info][gc          ] GC(48) Pause Full (System.gc()) 782M->782M(6144M) 393.901ms
[43.117s][info][gc,metaspace] GC(49) Metaspace: 43155K(46848K)->43155K(46848K) NonClass: 33195K(34816K)->33195K(34816K) Class: 9960K(12032K)->9960K(12032K)
[43.117s][info][gc          ] GC(49) Pause Full (System.gc()) 782M->782M(6144M) 386.063ms
[43.523s][info][gc,metaspace] GC(50) Metaspace: 43155K(46848K)->43155K(46848K) NonClass: 33195K(34816K)->33195K(34816K) Class: 9960K(12032K)->9960K(12032K)
[43.523s][info][gc          ] GC(50) Pause Full (System.gc()) 782M->782M(6144M) 406.374ms
[43.926s][info][gc,metaspace] GC(51) Metaspace: 43155K(46848K)->43155K(46848K) NonClass: 33195K(34816K)->33195K(34816K) Class: 9960K(12032K)->9960K(12032K)
[43.926s][info][gc          ] GC(51) Pause Full (System.gc()) 782M->782M(6144M) 402.216ms
[44.320s][info][gc,metaspace] GC(52) Metaspace: 43155K(46848K)->43155K(46848K) NonClass: 33195K(34816K)->33195K(34816K) Class: 9960K(12032K)->9960K(12032K)
[44.320s][info][gc          ] GC(52) Pause Full (System.gc()) 782M->782M(6144M) 393.842ms
[44.715s][info][gc,metaspace] GC(53) Metaspace: 43155K(46848K)->43155K(46848K) NonClass: 33195K(34816K)->33195K(34816K) Class: 9960K(12032K)->9960K(12032K)
[44.715s][info][gc          ] GC(53) Pause Full (System.gc()) 782M->782M(6144M) 394.527ms
[45.089s][info][gc,metaspace] GC(54) Metaspace: 43155K(46848K)->43155K(46848K) NonClass: 33195K(34816K)->33195K(34816K) Class: 9960K(12032K)->9960K(12032K)
[45.089s][info][gc          ] GC(54) Pause Full (System.gc()) 782M->782M(6144M) 374.247ms
[45.530s][info][gc,metaspace] GC(55) Metaspace: 43155K(46848K)->43155K(46848K) NonClass: 33195K(34816K)->33195K(34816K) Class: 9960K(12032K)->9960K(12032K)
[45.530s][info][gc          ] GC(55) Pause Full (System.gc()) 782M->782M(6144M) 440.753ms
[45.908s][info][gc,metaspace] GC(56) Metaspace: 43155K(46848K)->43155K(46848K) NonClass: 33195K(34816K)->33195K(34816K) Class: 9960K(12032K)->9960K(12032K)
[45.908s][info][gc          ] GC(56) Pause Full (System.gc()) 782M->782M(6144M) 377.592ms
[46.295s][info][gc,metaspace] GC(57) Metaspace: 43155K(46848K)->43155K(46848K) NonClass: 33195K(34816K)->33195K(34816K) Class: 9960K(12032K)->9960K(12032K)
[46.295s][info][gc          ] GC(57) Pause Full (System.gc()) 782M->782M(6144M) 387.319ms
[46.695s][info][gc,metaspace] GC(58) Metaspace: 43155K(46848K)->43155K(46848K) NonClass: 33195K(34816K)->33195K(34816K) Class: 9960K(12032K)->9960K(12032K)
[46.695s][info][gc          ] GC(58) Pause Full (System.gc()) 782M->782M(6144M) 400.192ms
[47.074s][info][gc,metaspace] GC(59) Metaspace: 43155K(46848K)->43155K(46848K) NonClass: 33195K(34816K)->33195K(34816K) Class: 9960K(12032K)->9960K(12032K)
[47.074s][info][gc          ] GC(59) Pause Full (System.gc()) 782M->782M(6144M) 378.136ms
[47.495s][info][gc,metaspace] GC(60) Metaspace: 43155K(46848K)->43155K(46848K) NonClass: 33195K(34816K)->33195K(34816K) Class: 9960K(12032K)->9960K(12032K)
[47.495s][info][gc          ] GC(60) Pause Full (System.gc()) 782M->782M(6144M) 421.016ms
[47.870s][info][gc,metaspace] GC(61) Metaspace: 43155K(46848K)->43155K(46848K) NonClass: 33195K(34816K)->33195K(34816K) Class: 9960K(12032K)->9960K(12032K)
[47.870s][info][gc          ] GC(61) Pause Full (System.gc()) 782M->782M(6144M) 375.613ms
[48.251s][info][gc,metaspace] GC(62) Metaspace: 43155K(46848K)->43155K(46848K) NonClass: 33195K(34816K)->33195K(34816K) Class: 9960K(12032K)->9960K(12032K)
[48.251s][info][gc          ] GC(62) Pause Full (System.gc()) 782M->782M(6144M) 380.738ms
[48.662s][info][gc,metaspace] GC(63) Metaspace: 43155K(46848K)->43155K(46848K) NonClass: 33195K(34816K)->33195K(34816K) Class: 9960K(12032K)->9960K(12032K)
[48.662s][info][gc          ] GC(63) Pause Full (System.gc()) 782M->782M(6144M) 410.522ms
[49.080s][info][gc,metaspace] GC(64) Metaspace: 43155K(46848K)->43155K(46848K) NonClass: 33195K(34816K)->33195K(34816K) Class: 9960K(12032K)->9960K(12032K)
[49.080s][info][gc          ] GC(64) Pause Full (System.gc()) 782M->782M(6144M) 417.966ms
[49.490s][info][gc,metaspace] GC(65) Metaspace: 43155K(46848K)->43155K(46848K) NonClass: 33195K(34816K)->33195K(34816K) Class: 9960K(12032K)->9960K(12032K)
[49.490s][info][gc          ] GC(65) Pause Full (System.gc()) 782M->782M(6144M) 409.711ms
[49.870s][info][gc,metaspace] GC(66) Metaspace: 43155K(46848K)->43155K(46848K) NonClass: 33195K(34816K)->33195K(34816K) Class: 9960K(12032K)->9960K(12032K)
[49.870s][info][gc          ] GC(66) Pause Full (System.gc()) 782M->782M(6144M) 380.270ms
[50.247s][info][gc,metaspace] GC(67) Metaspace: 43155K(46848K)->43155K(46848K) NonClass: 33195K(34816K)->33195K(34816K) Class: 9960K(12032K)->9960K(12032K)
[50.247s][info][gc          ] GC(67) Pause Full (System.gc()) 782M->782M(6144M) 376.826ms
[50.651s][info][gc,metaspace] GC(68) Metaspace: 43155K(46848K)->43155K(46848K) NonClass: 33195K(34816K)->33195K(34816K) Class: 9960K(12032K)->9960K(12032K)
[50.651s][info][gc          ] GC(68) Pause Full (System.gc()) 782M->782M(6144M) 404.134ms
[51.046s][info][gc,metaspace] GC(69) Metaspace: 43155K(46848K)->43155K(46848K) NonClass: 33195K(34816K)->33195K(34816K) Class: 9960K(12032K)->9960K(12032K)
[51.046s][info][gc          ] GC(69) Pause Full (System.gc()) 782M->782M(6144M) 394.610ms
[51.524s][info][gc,metaspace] GC(70) Metaspace: 43155K(46848K)->43155K(46848K) NonClass: 33195K(34816K)->33195K(34816K) Class: 9960K(12032K)->9960K(12032K)
[51.524s][info][gc          ] GC(70) Pause Full (System.gc()) 782M->782M(6144M) 473.682ms
[51.898s][info][gc,metaspace] GC(71) Metaspace: 43155K(46848K)->43155K(46848K) NonClass: 33195K(34816K)->33195K(34816K) Class: 9960K(12032K)->9960K(12032K)
[51.898s][info][gc          ] GC(71) Pause Full (System.gc()) 782M->782M(6144M) 373.875ms
[52.263s][info][gc,metaspace] GC(72) Metaspace: 43155K(46848K)->43155K(46848K) NonClass: 33195K(34816K)->33195K(34816K) Class: 9960K(12032K)->9960K(12032K)
[52.263s][info][gc          ] GC(72) Pause Full (System.gc()) 782M->782M(6144M) 364.850ms
[52.673s][info][gc,metaspace] GC(73) Metaspace: 43155K(46848K)->43155K(46848K) NonClass: 33195K(34816K)->33195K(34816K) Class: 9960K(12032K)->9960K(12032K)
[52.673s][info][gc          ] GC(73) Pause Full (System.gc()) 782M->782M(6144M) 409.866ms
[53.050s][info][gc,metaspace] GC(74) Metaspace: 43155K(46848K)->43155K(46848K) NonClass: 33195K(34816K)->33195K(34816K) Class: 9960K(12032K)->9960K(12032K)
[53.050s][info][gc          ] GC(74) Pause Full (System.gc()) 782M->782M(6144M) 376.847ms
[53.450s][info][gc,metaspace] GC(75) Metaspace: 43155K(46848K)->43155K(46848K) NonClass: 33195K(34816K)->33195K(34816K) Class: 9960K(12032K)->9960K(12032K)
[53.450s][info][gc          ] GC(75) Pause Full (System.gc()) 782M->782M(6144M) 400.126ms
[53.816s][info][gc,metaspace] GC(76) Metaspace: 43155K(46848K)->43155K(46848K) NonClass: 33195K(34816K)->33195K(34816K) Class: 9960K(12032K)->9960K(12032K)
[53.816s][info][gc          ] GC(76) Pause Full (System.gc()) 782M->782M(6144M) 365.599ms
[54.190s][info][gc,metaspace] GC(77) Metaspace: 43155K(46848K)->43155K(46848K) NonClass: 33195K(34816K)->33195K(34816K) Class: 9960K(12032K)->9960K(12032K)
[54.190s][info][gc          ] GC(77) Pause Full (System.gc()) 782M->782M(6144M) 373.605ms
[54.590s][info][gc,metaspace] GC(78) Metaspace: 43155K(46848K)->43155K(46848K) NonClass: 33195K(34816K)->33195K(34816K) Class: 9960K(12032K)->9960K(12032K)
[54.590s][info][gc          ] GC(78) Pause Full (System.gc()) 782M->782M(6144M) 400.042ms
[54.949s][info][gc,metaspace] GC(79) Metaspace: 43155K(46848K)->43155K(46848K) NonClass: 33195K(34816K)->33195K(34816K) Class: 9960K(12032K)->9960K(12032K)
[54.949s][info][gc          ] GC(79) Pause Full (System.gc()) 782M->782M(6144M) 359.293ms
[55.326s][info][gc,metaspace] GC(80) Metaspace: 43155K(46848K)->43155K(46848K) NonClass: 33195K(34816K)->33195K(34816K) Class: 9960K(12032K)->9960K(12032K)
[55.326s][info][gc          ] GC(80) Pause Full (System.gc()) 782M->782M(6144M) 376.191ms
[55.735s][info][gc,metaspace] GC(81) Metaspace: 43155K(46848K)->43155K(46848K) NonClass: 33195K(34816K)->33195K(34816K) Class: 9960K(12032K)->9960K(12032K)
[55.735s][info][gc          ] GC(81) Pause Full (System.gc()) 782M->782M(6144M) 409.230ms
[56.102s][info][gc,metaspace] GC(82) Metaspace: 43155K(46848K)->43155K(46848K) NonClass: 33195K(34816K)->33195K(34816K) Class: 9960K(12032K)->9960K(12032K)
[56.102s][info][gc          ] GC(82) Pause Full (System.gc()) 782M->782M(6144M) 367.260ms
[56.577s][info][gc,metaspace] GC(83) Metaspace: 43155K(46848K)->43155K(46848K) NonClass: 33195K(34816K)->33195K(34816K) Class: 9960K(12032K)->9960K(12032K)
[56.577s][info][gc          ] GC(83) Pause Full (System.gc()) 782M->782M(6144M) 470.399ms
[56.936s][info][gc,metaspace] GC(84) Metaspace: 43155K(46848K)->43155K(46848K) NonClass: 33195K(34816K)->33195K(34816K) Class: 9960K(12032K)->9960K(12032K)
[56.936s][info][gc          ] GC(84) Pause Full (System.gc()) 782M->782M(6144M) 358.515ms
[57.294s][info][gc,metaspace] GC(85) Metaspace: 43155K(46848K)->43155K(46848K) NonClass: 33195K(34816K)->33195K(34816K) Class: 9960K(12032K)->9960K(12032K)
[57.294s][info][gc          ] GC(85) Pause Full (System.gc()) 782M->782M(6144M) 358.674ms
[57.701s][info][gc,metaspace] GC(86) Metaspace: 43155K(46848K)->43155K(46848K) NonClass: 33195K(34816K)->33195K(34816K) Class: 9960K(12032K)->9960K(12032K)
[57.701s][info][gc          ] GC(86) Pause Full (System.gc()) 782M->782M(6144M) 406.943ms
[58.060s][info][gc,metaspace] GC(87) Metaspace: 43155K(46848K)->43155K(46848K) NonClass: 33195K(34816K)->33195K(34816K) Class: 9960K(12032K)->9960K(12032K)
[58.060s][info][gc          ] GC(87) Pause Full (System.gc()) 782M->782M(6144M) 358.523ms
[58.453s][info][gc,metaspace] GC(88) Metaspace: 43155K(46848K)->43155K(46848K) NonClass: 33195K(34816K)->33195K(34816K) Class: 9960K(12032K)->9960K(12032K)
[58.453s][info][gc          ] GC(88) Pause Full (System.gc()) 782M->782M(6144M) 392.682ms
[58.830s][info][gc,metaspace] GC(89) Metaspace: 43155K(46848K)->43155K(46848K) NonClass: 33195K(34816K)->33195K(34816K) Class: 9960K(12032K)->9960K(12032K)
[58.830s][info][gc          ] GC(89) Pause Full (System.gc()) 782M->782M(6144M) 377.178ms
[59.218s][info][gc,metaspace] GC(90) Metaspace: 43155K(46848K)->43155K(46848K) NonClass: 33195K(34816K)->33195K(34816K) Class: 9960K(12032K)->9960K(12032K)
[59.218s][info][gc          ] GC(90) Pause Full (System.gc()) 782M->782M(6144M) 387.982ms
[59.627s][info][gc,metaspace] GC(91) Metaspace: 43155K(46848K)->43155K(46848K) NonClass: 33195K(34816K)->33195K(34816K) Class: 9960K(12032K)->9960K(12032K)
[59.627s][info][gc          ] GC(91) Pause Full (System.gc()) 782M->782M(6144M) 408.786ms
[60.002s][info][gc,metaspace] GC(92) Metaspace: 43155K(46848K)->43155K(46848K) NonClass: 33195K(34816K)->33195K(34816K) Class: 9960K(12032K)->9960K(12032K)
[60.002s][info][gc          ] GC(92) Pause Full (System.gc()) 782M->782M(6144M) 375.097ms
[60.401s][info][gc,metaspace] GC(93) Metaspace: 43155K(46848K)->43155K(46848K) NonClass: 33195K(34816K)->33195K(34816K) Class: 9960K(12032K)->9960K(12032K)
[60.401s][info][gc          ] GC(93) Pause Full (System.gc()) 782M->782M(6144M) 398.821ms
[60.777s][info][gc,metaspace] GC(94) Metaspace: 43155K(46848K)->43155K(46848K) NonClass: 33195K(34816K)->33195K(34816K) Class: 9960K(12032K)->9960K(12032K)
[60.778s][info][gc          ] GC(94) Pause Full (System.gc()) 782M->782M(6144M) 375.981ms
[61.151s][info][gc,metaspace] GC(95) Metaspace: 43155K(46848K)->43155K(46848K) NonClass: 33195K(34816K)->33195K(34816K) Class: 9960K(12032K)->9960K(12032K)
[61.151s][info][gc          ] GC(95) Pause Full (System.gc()) 782M->782M(6144M) 373.189ms
[61.555s][info][gc,metaspace] GC(96) Metaspace: 43155K(46848K)->43155K(46848K) NonClass: 33195K(34816K)->33195K(34816K) Class: 9960K(12032K)->9960K(12032K)
[61.555s][info][gc          ] GC(96) Pause Full (System.gc()) 782M->782M(6144M) 404.228ms
[61.968s][info][gc,metaspace] GC(97) Metaspace: 43155K(46848K)->43155K(46848K) NonClass: 33195K(34816K)->33195K(34816K) Class: 9960K(12032K)->9960K(12032K)
[61.968s][info][gc          ] GC(97) Pause Full (System.gc()) 782M->782M(6144M) 412.706ms
[62.388s][info][gc,metaspace] GC(98) Metaspace: 43155K(46848K)->43155K(46848K) NonClass: 33195K(34816K)->33195K(34816K) Class: 9960K(12032K)->9960K(12032K)
[62.388s][info][gc          ] GC(98) Pause Full (System.gc()) 782M->782M(6144M) 420.000ms
[62.765s][info][gc,metaspace] GC(99) Metaspace: 43155K(46848K)->43155K(46848K) NonClass: 33195K(34816K)->33195K(34816K) Class: 9960K(12032K)->9960K(12032K)
[62.765s][info][gc          ] GC(99) Pause Full (System.gc()) 782M->782M(6144M) 376.503ms
[63.177s][info][gc,metaspace] GC(100) Metaspace: 43155K(46848K)->43155K(46848K) NonClass: 33195K(34816K)->33195K(34816K) Class: 9960K(12032K)->9960K(12032K)
[63.177s][info][gc          ] GC(100) Pause Full (System.gc()) 784M->782M(6144M) 412.451ms
[63.599s][info][gc,metaspace] GC(101) Metaspace: 43155K(46848K)->43155K(46848K) NonClass: 33195K(34816K)->33195K(34816K) Class: 9960K(12032K)->9960K(12032K)
[63.599s][info][gc          ] GC(101) Pause Full (System.gc()) 782M->782M(6144M) 421.999ms
[63.983s][info][gc,metaspace] GC(102) Metaspace: 43155K(46848K)->43155K(46848K) NonClass: 33195K(34816K)->33195K(34816K) Class: 9960K(12032K)->9960K(12032K)
[63.983s][info][gc          ] GC(102) Pause Full (System.gc()) 782M->782M(6144M) 383.693ms
[64.406s][info][gc,metaspace] GC(103) Metaspace: 43155K(46848K)->43155K(46848K) NonClass: 33195K(34816K)->33195K(34816K) Class: 9960K(12032K)->9960K(12032K)
[64.406s][info][gc          ] GC(103) Pause Full (System.gc()) 782M->782M(6144M) 422.590ms
[64.787s][info][gc,metaspace] GC(104) Metaspace: 43155K(46848K)->43155K(46848K) NonClass: 33195K(34816K)->33195K(34816K) Class: 9960K(12032K)->9960K(12032K)
[64.787s][info][gc          ] GC(104) Pause Full (System.gc()) 782M->782M(6144M) 381.518ms
[65.167s][info][gc,metaspace] GC(105) Metaspace: 43155K(46848K)->43155K(46848K) NonClass: 33195K(34816K)->33195K(34816K) Class: 9960K(12032K)->9960K(12032K)
[65.167s][info][gc          ] GC(105) Pause Full (System.gc()) 782M->782M(6144M) 379.855ms
[65.570s][info][gc,metaspace] GC(106) Metaspace: 43155K(46848K)->43155K(46848K) NonClass: 33195K(34816K)->33195K(34816K) Class: 9960K(12032K)->9960K(12032K)
[65.570s][info][gc          ] GC(106) Pause Full (System.gc()) 782M->782M(6144M) 402.257ms
[65.934s][info][gc,metaspace] GC(107) Metaspace: 43155K(46848K)->43155K(46848K) NonClass: 33195K(34816K)->33195K(34816K) Class: 9960K(12032K)->9960K(12032K)
[65.934s][info][gc          ] GC(107) Pause Full (System.gc()) 782M->782M(6144M) 364.754ms
[66.311s][info][gc,metaspace] GC(108) Metaspace: 43155K(46848K)->43155K(46848K) NonClass: 33195K(34816K)->33195K(34816K) Class: 9960K(12032K)->9960K(12032K)
[66.311s][info][gc          ] GC(108) Pause Full (System.gc()) 782M->782M(6144M) 376.385ms
[66.785s][info][gc,metaspace] GC(109) Metaspace: 43155K(46848K)->43155K(46848K) NonClass: 33195K(34816K)->33195K(34816K) Class: 9960K(12032K)->9960K(12032K)
[66.785s][info][gc          ] GC(109) Pause Full (System.gc()) 782M->782M(6144M) 469.881ms
[67.144s][info][gc,metaspace] GC(110) Metaspace: 43155K(46848K)->43155K(46848K) NonClass: 33195K(34816K)->33195K(34816K) Class: 9960K(12032K)->9960K(12032K)
[67.144s][info][gc          ] GC(110) Pause Full (System.gc()) 782M->782M(6144M) 358.909ms
[67.542s][info][gc,metaspace] GC(111) Metaspace: 43155K(46848K)->43155K(46848K) NonClass: 33195K(34816K)->33195K(34816K) Class: 9960K(12032K)->9960K(12032K)
[67.542s][info][gc          ] GC(111) Pause Full (System.gc()) 782M->782M(6144M) 398.126ms
[67.901s][info][gc,metaspace] GC(112) Metaspace: 43155K(46848K)->43155K(46848K) NonClass: 33195K(34816K)->33195K(34816K) Class: 9960K(12032K)->9960K(12032K)
[67.901s][info][gc          ] GC(112) Pause Full (System.gc()) 782M->782M(6144M) 358.522ms
[68.279s][info][gc,metaspace] GC(113) Metaspace: 43155K(46848K)->43155K(46848K) NonClass: 33195K(34816K)->33195K(34816K) Class: 9960K(12032K)->9960K(12032K)
[68.279s][info][gc          ] GC(113) Pause Full (System.gc()) 782M->782M(6144M) 377.891ms
[68.668s][info][gc,metaspace] GC(114) Metaspace: 43155K(46848K)->43155K(46848K) NonClass: 33195K(34816K)->33195K(34816K) Class: 9960K(12032K)->9960K(12032K)
[68.668s][info][gc          ] GC(114) Pause Full (System.gc()) 782M->782M(6144M) 388.553ms
[69.029s][info][gc,metaspace] GC(115) Metaspace: 43155K(46848K)->43155K(46848K) NonClass: 33195K(34816K)->33195K(34816K) Class: 9960K(12032K)->9960K(12032K)
[69.029s][info][gc          ] GC(115) Pause Full (System.gc()) 782M->782M(6144M) 361.643ms
[69.432s][info][gc,metaspace] GC(116) Metaspace: 43155K(46848K)->43155K(46848K) NonClass: 33195K(34816K)->33195K(34816K) Class: 9960K(12032K)->9960K(12032K)
[69.432s][info][gc          ] GC(116) Pause Full (System.gc()) 782M->782M(6144M) 403.034ms
[69.809s][info][gc,metaspace] GC(117) Metaspace: 43155K(46848K)->43155K(46848K) NonClass: 33195K(34816K)->33195K(34816K) Class: 9960K(12032K)->9960K(12032K)
[69.809s][info][gc          ] GC(117) Pause Full (System.gc()) 782M->782M(6144M) 376.830ms
[70.171s][info][gc,metaspace] GC(118) Metaspace: 43155K(46848K)->43155K(46848K) NonClass: 33195K(34816K)->33195K(34816K) Class: 9960K(12032K)->9960K(12032K)
[70.172s][info][gc          ] GC(118) Pause Full (System.gc()) 782M->782M(6144M) 362.091ms
[70.563s][info][gc,metaspace] GC(119) Metaspace: 43155K(46848K)->43155K(46848K) NonClass: 33195K(34816K)->33195K(34816K) Class: 9960K(12032K)->9960K(12032K)
[70.563s][info][gc          ] GC(119) Pause Full (System.gc()) 782M->782M(6144M) 391.031ms
After GCs... 
