Done; will start GCs... 
[31.090s][info][gc,metaspace] GC(20) Metaspace: 43159K(46848K)->43159K(46848K) NonClass: 33198K(34816K)->33198K(34816K) Class: 9960K(12032K)->9960K(12032K)
[31.090s][info][gc          ] GC(20) Pause Full (System.gc()) 927M->782M(6144M) 609.644ms
[31.720s][info][gc,metaspace] GC(21) Metaspace: 43159K(46848K)->43159K(46848K) NonClass: 33198K(34816K)->33198K(34816K) Class: 9960K(12032K)->9960K(12032K)
[31.720s][info][gc          ] GC(21) Pause Full (System.gc()) 782M->782M(6144M) 629.605ms
[32.301s][info][gc,metaspace] GC(22) Metaspace: 43159K(46848K)->43159K(46848K) NonClass: 33198K(34816K)->33198K(34816K) Class: 9960K(12032K)->9960K(12032K)
[32.301s][info][gc          ] GC(22) Pause Full (System.gc()) 782M->782M(6144M) 580.923ms
[32.883s][info][gc,metaspace] GC(23) Metaspace: 43159K(46848K)->43159K(46848K) NonClass: 33198K(34816K)->33198K(34816K) Class: 9960K(12032K)->9960K(12032K)
[32.883s][info][gc          ] GC(23) Pause Full (System.gc()) 782M->782M(6144M) 581.734ms
[33.469s][info][gc,metaspace] GC(24) Metaspace: 43159K(46848K)->43159K(46848K) NonClass: 33198K(34816K)->33198K(34816K) Class: 9960K(12032K)->9960K(12032K)
[33.469s][info][gc          ] GC(24) Pause Full (System.gc()) 782M->782M(6144M) 586.598ms
[34.065s][info][gc,metaspace] GC(25) Metaspace: 43159K(46848K)->43159K(46848K) NonClass: 33198K(34816K)->33198K(34816K) Class: 9960K(12032K)->9960K(12032K)
[34.065s][info][gc          ] GC(25) Pause Full (System.gc()) 782M->782M(6144M) 595.768ms
[34.688s][info][gc,metaspace] GC(26) Metaspace: 43159K(46848K)->43159K(46848K) NonClass: 33198K(34816K)->33198K(34816K) Class: 9960K(12032K)->9960K(12032K)
[34.688s][info][gc          ] GC(26) Pause Full (System.gc()) 782M->782M(6144M) 622.826ms
[35.266s][info][gc,metaspace] GC(27) Metaspace: 43159K(46848K)->43159K(46848K) NonClass: 33198K(34816K)->33198K(34816K) Class: 9960K(12032K)->9960K(12032K)
[35.266s][info][gc          ] GC(27) Pause Full (System.gc()) 782M->782M(6144M) 578.114ms
[35.862s][info][gc,metaspace] GC(28) Metaspace: 43159K(46848K)->43159K(46848K) NonClass: 33198K(34816K)->33198K(34816K) Class: 9960K(12032K)->9960K(12032K)
[35.862s][info][gc          ] GC(28) Pause Full (System.gc()) 782M->782M(6144M) 595.256ms
[36.476s][info][gc,metaspace] GC(29) Metaspace: 43159K(46848K)->43159K(46848K) NonClass: 33198K(34816K)->33198K(34816K) Class: 9960K(12032K)->9960K(12032K)
[36.476s][info][gc          ] GC(29) Pause Full (System.gc()) 782M->782M(6144M) 614.610ms
[37.088s][info][gc,metaspace] GC(30) Metaspace: 43159K(46848K)->43159K(46848K) NonClass: 33198K(34816K)->33198K(34816K) Class: 9960K(12032K)->9960K(12032K)
[37.088s][info][gc          ] GC(30) Pause Full (System.gc()) 782M->782M(6144M) 611.031ms
[37.671s][info][gc,metaspace] GC(31) Metaspace: 43159K(46848K)->43159K(46848K) NonClass: 33198K(34816K)->33198K(34816K) Class: 9960K(12032K)->9960K(12032K)
[37.671s][info][gc          ] GC(31) Pause Full (System.gc()) 782M->782M(6144M) 582.945ms
[38.245s][info][gc,metaspace] GC(32) Metaspace: 43159K(46848K)->43159K(46848K) NonClass: 33198K(34816K)->33198K(34816K) Class: 9960K(12032K)->9960K(12032K)
[38.245s][info][gc          ] GC(32) Pause Full (System.gc()) 782M->782M(6144M) 574.243ms
[38.822s][info][gc,metaspace] GC(33) Metaspace: 43159K(46848K)->43159K(46848K) NonClass: 33198K(34816K)->33198K(34816K) Class: 9960K(12032K)->9960K(12032K)
[38.822s][info][gc          ] GC(33) Pause Full (System.gc()) 782M->782M(6144M) 576.528ms
[39.432s][info][gc,metaspace] GC(34) Metaspace: 43159K(46848K)->43159K(46848K) NonClass: 33198K(34816K)->33198K(34816K) Class: 9960K(12032K)->9960K(12032K)
[39.432s][info][gc          ] GC(34) Pause Full (System.gc()) 782M->782M(6144M) 610.745ms
[39.995s][info][gc,metaspace] GC(35) Metaspace: 43159K(46848K)->43159K(46848K) NonClass: 33198K(34816K)->33198K(34816K) Class: 9960K(12032K)->9960K(12032K)
[39.995s][info][gc          ] GC(35) Pause Full (System.gc()) 782M->782M(6144M) 562.743ms
[40.589s][info][gc,metaspace] GC(36) Metaspace: 43159K(46848K)->43159K(46848K) NonClass: 33198K(34816K)->33198K(34816K) Class: 9960K(12032K)->9960K(12032K)
[40.589s][info][gc          ] GC(36) Pause Full (System.gc()) 782M->782M(6144M) 593.945ms
[41.150s][info][gc,metaspace] GC(37) Metaspace: 43159K(46848K)->43159K(46848K) NonClass: 33198K(34816K)->33198K(34816K) Class: 9960K(12032K)->9960K(12032K)
[41.150s][info][gc          ] GC(37) Pause Full (System.gc()) 782M->782M(6144M) 560.602ms
[41.727s][info][gc,metaspace] GC(38) Metaspace: 43159K(46848K)->43159K(46848K) NonClass: 33198K(34816K)->33198K(34816K) Class: 9960K(12032K)->9960K(12032K)
[41.727s][info][gc          ] GC(38) Pause Full (System.gc()) 782M->782M(6144M) 572.801ms
[42.314s][info][gc,metaspace] GC(39) Metaspace: 43159K(46848K)->43159K(46848K) NonClass: 33198K(34816K)->33198K(34816K) Class: 9960K(12032K)->9960K(12032K)
[42.314s][info][gc          ] GC(39) Pause Full (System.gc()) 782M->782M(6144M) 586.322ms
[42.862s][info][gc,metaspace] GC(40) Metaspace: 43159K(46848K)->43159K(46848K) NonClass: 33198K(34816K)->33198K(34816K) Class: 9960K(12032K)->9960K(12032K)
[42.862s][info][gc          ] GC(40) Pause Full (System.gc()) 782M->782M(6144M) 548.489ms
[43.475s][info][gc,metaspace] GC(41) Metaspace: 43159K(46848K)->43159K(46848K) NonClass: 33198K(34816K)->33198K(34816K) Class: 9960K(12032K)->9960K(12032K)
[43.475s][info][gc          ] GC(41) Pause Full (System.gc()) 782M->782M(6144M) 612.858ms
[44.092s][info][gc,metaspace] GC(42) Metaspace: 43159K(46848K)->43159K(46848K) NonClass: 33198K(34816K)->33198K(34816K) Class: 9960K(12032K)->9960K(12032K)
[44.092s][info][gc          ] GC(42) Pause Full (System.gc()) 782M->782M(6144M) 616.860ms
[44.657s][info][gc,metaspace] GC(43) Metaspace: 43159K(46848K)->43159K(46848K) NonClass: 33198K(34816K)->33198K(34816K) Class: 9960K(12032K)->9960K(12032K)
[44.657s][info][gc          ] GC(43) Pause Full (System.gc()) 782M->782M(6144M) 564.466ms
[45.228s][info][gc,metaspace] GC(44) Metaspace: 43159K(46848K)->43159K(46848K) NonClass: 33198K(34816K)->33198K(34816K) Class: 9960K(12032K)->9960K(12032K)
[45.228s][info][gc          ] GC(44) Pause Full (System.gc()) 782M->782M(6144M) 571.535ms
[45.812s][info][gc,metaspace] GC(45) Metaspace: 43159K(46848K)->43159K(46848K) NonClass: 33198K(34816K)->33198K(34816K) Class: 9960K(12032K)->9960K(12032K)
[45.812s][info][gc          ] GC(45) Pause Full (System.gc()) 782M->782M(6144M) 583.376ms
[46.368s][info][gc,metaspace] GC(46) Metaspace: 43159K(46848K)->43159K(46848K) NonClass: 33198K(34816K)->33198K(34816K) Class: 9960K(12032K)->9960K(12032K)
[46.368s][info][gc          ] GC(46) Pause Full (System.gc()) 782M->782M(6144M) 556.246ms
[46.985s][info][gc,metaspace] GC(47) Metaspace: 43159K(46848K)->43159K(46848K) NonClass: 33198K(34816K)->33198K(34816K) Class: 9960K(12032K)->9960K(12032K)
[46.985s][info][gc          ] GC(47) Pause Full (System.gc()) 782M->782M(6144M) 616.663ms
[47.577s][info][gc,metaspace] GC(48) Metaspace: 43159K(46848K)->43159K(46848K) NonClass: 33198K(34816K)->33198K(34816K) Class: 9960K(12032K)->9960K(12032K)
[47.577s][info][gc          ] GC(48) Pause Full (System.gc()) 782M->782M(6144M) 591.605ms
[48.168s][info][gc,metaspace] GC(49) Metaspace: 43159K(46848K)->43159K(46848K) NonClass: 33198K(34816K)->33198K(34816K) Class: 9960K(12032K)->9960K(12032K)
[48.168s][info][gc          ] GC(49) Pause Full (System.gc()) 782M->782M(6144M) 590.866ms
[48.747s][info][gc,metaspace] GC(50) Metaspace: 43159K(46848K)->43159K(46848K) NonClass: 33198K(34816K)->33198K(34816K) Class: 9960K(12032K)->9960K(12032K)
[48.747s][info][gc          ] GC(50) Pause Full (System.gc()) 782M->782M(6144M) 579.564ms
[49.347s][info][gc,metaspace] GC(51) Metaspace: 43159K(46848K)->43159K(46848K) NonClass: 33198K(34816K)->33198K(34816K) Class: 9960K(12032K)->9960K(12032K)
[49.347s][info][gc          ] GC(51) Pause Full (System.gc()) 782M->782M(6144M) 599.702ms
[49.932s][info][gc,metaspace] GC(52) Metaspace: 43159K(46848K)->43159K(46848K) NonClass: 33198K(34816K)->33198K(34816K) Class: 9960K(12032K)->9960K(12032K)
[49.932s][info][gc          ] GC(52) Pause Full (System.gc()) 782M->782M(6144M) 584.384ms
[50.530s][info][gc,metaspace] GC(53) Metaspace: 43159K(46848K)->43159K(46848K) NonClass: 33198K(34816K)->33198K(34816K) Class: 9960K(12032K)->9960K(12032K)
[50.530s][info][gc          ] GC(53) Pause Full (System.gc()) 782M->782M(6144M) 598.513ms
[51.127s][info][gc,metaspace] GC(54) Metaspace: 43159K(46848K)->43159K(46848K) NonClass: 33198K(34816K)->33198K(34816K) Class: 9960K(12032K)->9960K(12032K)
[51.127s][info][gc          ] GC(54) Pause Full (System.gc()) 782M->782M(6144M) 596.360ms
[51.713s][info][gc,metaspace] GC(55) Metaspace: 43159K(46848K)->43159K(46848K) NonClass: 33198K(34816K)->33198K(34816K) Class: 9960K(12032K)->9960K(12032K)
[51.714s][info][gc          ] GC(55) Pause Full (System.gc()) 782M->782M(6144M) 586.738ms
[52.325s][info][gc,metaspace] GC(56) Metaspace: 43159K(46848K)->43159K(46848K) NonClass: 33198K(34816K)->33198K(34816K) Class: 9960K(12032K)->9960K(12032K)
[52.325s][info][gc          ] GC(56) Pause Full (System.gc()) 782M->782M(6144M) 607.325ms
[52.948s][info][gc,metaspace] GC(57) Metaspace: 43159K(46848K)->43159K(46848K) NonClass: 33198K(34816K)->33198K(34816K) Class: 9960K(12032K)->9960K(12032K)
[52.948s][info][gc          ] GC(57) Pause Full (System.gc()) 782M->782M(6144M) 622.641ms
[53.534s][info][gc,metaspace] GC(58) Metaspace: 43159K(46848K)->43159K(46848K) NonClass: 33198K(34816K)->33198K(34816K) Class: 9960K(12032K)->9960K(12032K)
[53.534s][info][gc          ] GC(58) Pause Full (System.gc()) 782M->782M(6144M) 585.780ms
[54.152s][info][gc,metaspace] GC(59) Metaspace: 43159K(46848K)->43159K(46848K) NonClass: 33198K(34816K)->33198K(34816K) Class: 9960K(12032K)->9960K(12032K)
[54.152s][info][gc          ] GC(59) Pause Full (System.gc()) 782M->782M(6144M) 618.240ms
[54.745s][info][gc,metaspace] GC(60) Metaspace: 43159K(46848K)->43159K(46848K) NonClass: 33198K(34816K)->33198K(34816K) Class: 9960K(12032K)->9960K(12032K)
[54.745s][info][gc          ] GC(60) Pause Full (System.gc()) 782M->782M(6144M) 592.408ms
[55.332s][info][gc,metaspace] GC(61) Metaspace: 43159K(46848K)->43159K(46848K) NonClass: 33198K(34816K)->33198K(34816K) Class: 9960K(12032K)->9960K(12032K)
[55.332s][info][gc          ] GC(61) Pause Full (System.gc()) 782M->782M(6144M) 586.955ms
[55.905s][info][gc,metaspace] GC(62) Metaspace: 43159K(46848K)->43159K(46848K) NonClass: 33198K(34816K)->33198K(34816K) Class: 9960K(12032K)->9960K(12032K)
[55.905s][info][gc          ] GC(62) Pause Full (System.gc()) 782M->782M(6144M) 573.026ms
[56.484s][info][gc,metaspace] GC(63) Metaspace: 43159K(46848K)->43159K(46848K) NonClass: 33198K(34816K)->33198K(34816K) Class: 9960K(12032K)->9960K(12032K)
[56.484s][info][gc          ] GC(63) Pause Full (System.gc()) 782M->782M(6144M) 579.229ms
[57.086s][info][gc,metaspace] GC(64) Metaspace: 43159K(46848K)->43159K(46848K) NonClass: 33198K(34816K)->33198K(34816K) Class: 9960K(12032K)->9960K(12032K)
[57.086s][info][gc          ] GC(64) Pause Full (System.gc()) 782M->782M(6144M) 601.170ms
[57.657s][info][gc,metaspace] GC(65) Metaspace: 43159K(46848K)->43159K(46848K) NonClass: 33198K(34816K)->33198K(34816K) Class: 9960K(12032K)->9960K(12032K)
[57.657s][info][gc          ] GC(65) Pause Full (System.gc()) 782M->782M(6144M) 567.524ms
[58.262s][info][gc,metaspace] GC(66) Metaspace: 43159K(46848K)->43159K(46848K) NonClass: 33198K(34816K)->33198K(34816K) Class: 9960K(12032K)->9960K(12032K)
[58.262s][info][gc          ] GC(66) Pause Full (System.gc()) 782M->782M(6144M) 604.540ms
[58.852s][info][gc,metaspace] GC(67) Metaspace: 43159K(46848K)->43159K(46848K) NonClass: 33198K(34816K)->33198K(34816K) Class: 9960K(12032K)->9960K(12032K)
[58.852s][info][gc          ] GC(67) Pause Full (System.gc()) 782M->782M(6144M) 590.221ms
[59.450s][info][gc,metaspace] GC(68) Metaspace: 43159K(46848K)->43159K(46848K) NonClass: 33198K(34816K)->33198K(34816K) Class: 9960K(12032K)->9960K(12032K)
[59.450s][info][gc          ] GC(68) Pause Full (System.gc()) 782M->782M(6144M) 597.454ms
[60.064s][info][gc,metaspace] GC(69) Metaspace: 43159K(46848K)->43159K(46848K) NonClass: 33198K(34816K)->33198K(34816K) Class: 9960K(12032K)->9960K(12032K)
[60.064s][info][gc          ] GC(69) Pause Full (System.gc()) 782M->782M(6144M) 614.302ms
[60.640s][info][gc,metaspace] GC(70) Metaspace: 43159K(46848K)->43159K(46848K) NonClass: 33198K(34816K)->33198K(34816K) Class: 9960K(12032K)->9960K(12032K)
[60.640s][info][gc          ] GC(70) Pause Full (System.gc()) 782M->782M(6144M) 575.527ms
[61.210s][info][gc,metaspace] GC(71) Metaspace: 43159K(46848K)->43159K(46848K) NonClass: 33198K(34816K)->33198K(34816K) Class: 9960K(12032K)->9960K(12032K)
[61.210s][info][gc          ] GC(71) Pause Full (System.gc()) 782M->782M(6144M) 569.779ms
[61.774s][info][gc,metaspace] GC(72) Metaspace: 43159K(46848K)->43159K(46848K) NonClass: 33198K(34816K)->33198K(34816K) Class: 9960K(12032K)->9960K(12032K)
[61.774s][info][gc          ] GC(72) Pause Full (System.gc()) 782M->782M(6144M) 563.552ms
[62.362s][info][gc,metaspace] GC(73) Metaspace: 43159K(46848K)->43159K(46848K) NonClass: 33198K(34816K)->33198K(34816K) Class: 9960K(12032K)->9960K(12032K)
[62.362s][info][gc          ] GC(73) Pause Full (System.gc()) 782M->782M(6144M) 588.599ms
[62.937s][info][gc,metaspace] GC(74) Metaspace: 43159K(46848K)->43159K(46848K) NonClass: 33198K(34816K)->33198K(34816K) Class: 9960K(12032K)->9960K(12032K)
[62.937s][info][gc          ] GC(74) Pause Full (System.gc()) 782M->782M(6144M) 574.569ms
[63.543s][info][gc,metaspace] GC(75) Metaspace: 43159K(46848K)->43159K(46848K) NonClass: 33198K(34816K)->33198K(34816K) Class: 9960K(12032K)->9960K(12032K)
[63.543s][info][gc          ] GC(75) Pause Full (System.gc()) 782M->782M(6144M) 606.202ms
[64.126s][info][gc,metaspace] GC(76) Metaspace: 43159K(46848K)->43159K(46848K) NonClass: 33198K(34816K)->33198K(34816K) Class: 9960K(12032K)->9960K(12032K)
[64.126s][info][gc          ] GC(76) Pause Full (System.gc()) 784M->782M(6144M) 582.736ms
[64.746s][info][gc,metaspace] GC(77) Metaspace: 43159K(46848K)->43159K(46848K) NonClass: 33198K(34816K)->33198K(34816K) Class: 9960K(12032K)->9960K(12032K)
[64.746s][info][gc          ] GC(77) Pause Full (System.gc()) 782M->782M(6144M) 619.328ms
[65.342s][info][gc,metaspace] GC(78) Metaspace: 43159K(46848K)->43159K(46848K) NonClass: 33198K(34816K)->33198K(34816K) Class: 9960K(12032K)->9960K(12032K)
[65.342s][info][gc          ] GC(78) Pause Full (System.gc()) 782M->782M(6144M) 596.102ms
[65.917s][info][gc,metaspace] GC(79) Metaspace: 43159K(46848K)->43159K(46848K) NonClass: 33198K(34816K)->33198K(34816K) Class: 9960K(12032K)->9960K(12032K)
[65.917s][info][gc          ] GC(79) Pause Full (System.gc()) 782M->782M(6144M) 575.298ms
[66.496s][info][gc,metaspace] GC(80) Metaspace: 43159K(46848K)->43159K(46848K) NonClass: 33198K(34816K)->33198K(34816K) Class: 9960K(12032K)->9960K(12032K)
[66.496s][info][gc          ] GC(80) Pause Full (System.gc()) 782M->782M(6144M) 578.811ms
[67.076s][info][gc,metaspace] GC(81) Metaspace: 43159K(46848K)->43159K(46848K) NonClass: 33198K(34816K)->33198K(34816K) Class: 9960K(12032K)->9960K(12032K)
[67.076s][info][gc          ] GC(81) Pause Full (System.gc()) 782M->782M(6144M) 580.052ms
[67.661s][info][gc,metaspace] GC(82) Metaspace: 43159K(46848K)->43159K(46848K) NonClass: 33198K(34816K)->33198K(34816K) Class: 9960K(12032K)->9960K(12032K)
[67.661s][info][gc          ] GC(82) Pause Full (System.gc()) 782M->782M(6144M) 584.806ms
[68.293s][info][gc,metaspace] GC(83) Metaspace: 43159K(46848K)->43159K(46848K) NonClass: 33198K(34816K)->33198K(34816K) Class: 9960K(12032K)->9960K(12032K)
[68.293s][info][gc          ] GC(83) Pause Full (System.gc()) 782M->782M(6144M) 627.383ms
[68.868s][info][gc,metaspace] GC(84) Metaspace: 43159K(46848K)->43159K(46848K) NonClass: 33198K(34816K)->33198K(34816K) Class: 9960K(12032K)->9960K(12032K)
[68.868s][info][gc          ] GC(84) Pause Full (System.gc()) 782M->782M(6144M) 574.564ms
[69.450s][info][gc,metaspace] GC(85) Metaspace: 43159K(46848K)->43159K(46848K) NonClass: 33198K(34816K)->33198K(34816K) Class: 9960K(12032K)->9960K(12032K)
[69.450s][info][gc          ] GC(85) Pause Full (System.gc()) 782M->782M(6144M) 581.806ms
[70.044s][info][gc,metaspace] GC(86) Metaspace: 43159K(46848K)->43159K(46848K) NonClass: 33198K(34816K)->33198K(34816K) Class: 9960K(12032K)->9960K(12032K)
[70.044s][info][gc          ] GC(86) Pause Full (System.gc()) 782M->782M(6144M) 594.237ms
[70.648s][info][gc,metaspace] GC(87) Metaspace: 43159K(46848K)->43159K(46848K) NonClass: 33198K(34816K)->33198K(34816K) Class: 9960K(12032K)->9960K(12032K)
[70.648s][info][gc          ] GC(87) Pause Full (System.gc()) 782M->782M(6144M) 604.268ms
[71.221s][info][gc,metaspace] GC(88) Metaspace: 43159K(46848K)->43159K(46848K) NonClass: 33198K(34816K)->33198K(34816K) Class: 9960K(12032K)->9960K(12032K)
[71.221s][info][gc          ] GC(88) Pause Full (System.gc()) 782M->782M(6144M) 573.005ms
[71.779s][info][gc,metaspace] GC(89) Metaspace: 43159K(46848K)->43159K(46848K) NonClass: 33198K(34816K)->33198K(34816K) Class: 9960K(12032K)->9960K(12032K)
[71.779s][info][gc          ] GC(89) Pause Full (System.gc()) 782M->782M(6144M) 557.112ms
[72.362s][info][gc,metaspace] GC(90) Metaspace: 43159K(46848K)->43159K(46848K) NonClass: 33198K(34816K)->33198K(34816K) Class: 9960K(12032K)->9960K(12032K)
[72.362s][info][gc          ] GC(90) Pause Full (System.gc()) 782M->782M(6144M) 583.716ms
[72.960s][info][gc,metaspace] GC(91) Metaspace: 43159K(46848K)->43159K(46848K) NonClass: 33198K(34816K)->33198K(34816K) Class: 9960K(12032K)->9960K(12032K)
[72.960s][info][gc          ] GC(91) Pause Full (System.gc()) 782M->782M(6144M) 597.789ms
[73.659s][info][gc,metaspace] GC(92) Metaspace: 43159K(46848K)->43159K(46848K) NonClass: 33198K(34816K)->33198K(34816K) Class: 9960K(12032K)->9960K(12032K)
[73.659s][info][gc          ] GC(92) Pause Full (System.gc()) 782M->782M(6144M) 694.303ms
[74.228s][info][gc,metaspace] GC(93) Metaspace: 43159K(46848K)->43159K(46848K) NonClass: 33198K(34816K)->33198K(34816K) Class: 9960K(12032K)->9960K(12032K)
[74.228s][info][gc          ] GC(93) Pause Full (System.gc()) 782M->782M(6144M) 568.873ms
[74.791s][info][gc,metaspace] GC(94) Metaspace: 43159K(46848K)->43159K(46848K) NonClass: 33198K(34816K)->33198K(34816K) Class: 9960K(12032K)->9960K(12032K)
[74.791s][info][gc          ] GC(94) Pause Full (System.gc()) 782M->782M(6144M) 562.772ms
[75.369s][info][gc,metaspace] GC(95) Metaspace: 43159K(46848K)->43159K(46848K) NonClass: 33198K(34816K)->33198K(34816K) Class: 9960K(12032K)->9960K(12032K)
[75.369s][info][gc          ] GC(95) Pause Full (System.gc()) 782M->782M(6144M) 578.525ms
[75.946s][info][gc,metaspace] GC(96) Metaspace: 43159K(46848K)->43159K(46848K) NonClass: 33198K(34816K)->33198K(34816K) Class: 9960K(12032K)->9960K(12032K)
[75.946s][info][gc          ] GC(96) Pause Full (System.gc()) 782M->782M(6144M) 576.585ms
[76.536s][info][gc,metaspace] GC(97) Metaspace: 43159K(46848K)->43159K(46848K) NonClass: 33198K(34816K)->33198K(34816K) Class: 9960K(12032K)->9960K(12032K)
[76.536s][info][gc          ] GC(97) Pause Full (System.gc()) 782M->782M(6144M) 589.975ms
[77.105s][info][gc,metaspace] GC(98) Metaspace: 43159K(46848K)->43159K(46848K) NonClass: 33198K(34816K)->33198K(34816K) Class: 9960K(12032K)->9960K(12032K)
[77.105s][info][gc          ] GC(98) Pause Full (System.gc()) 782M->782M(6144M) 568.788ms
[77.727s][info][gc,metaspace] GC(99) Metaspace: 43159K(46848K)->43159K(46848K) NonClass: 33198K(34816K)->33198K(34816K) Class: 9960K(12032K)->9960K(12032K)
[77.727s][info][gc          ] GC(99) Pause Full (System.gc()) 782M->782M(6144M) 621.961ms
[78.311s][info][gc,metaspace] GC(100) Metaspace: 43159K(46848K)->43159K(46848K) NonClass: 33198K(34816K)->33198K(34816K) Class: 9960K(12032K)->9960K(12032K)
[78.311s][info][gc          ] GC(100) Pause Full (System.gc()) 782M->782M(6144M) 583.894ms
[78.896s][info][gc,metaspace] GC(101) Metaspace: 43159K(46848K)->43159K(46848K) NonClass: 33198K(34816K)->33198K(34816K) Class: 9960K(12032K)->9960K(12032K)
[78.896s][info][gc          ] GC(101) Pause Full (System.gc()) 782M->782M(6144M) 580.626ms
[79.490s][info][gc,metaspace] GC(102) Metaspace: 43159K(46848K)->43159K(46848K) NonClass: 33198K(34816K)->33198K(34816K) Class: 9960K(12032K)->9960K(12032K)
[79.490s][info][gc          ] GC(102) Pause Full (System.gc()) 782M->782M(6144M) 593.923ms
[80.100s][info][gc,metaspace] GC(103) Metaspace: 43159K(46848K)->43159K(46848K) NonClass: 33198K(34816K)->33198K(34816K) Class: 9960K(12032K)->9960K(12032K)
[80.100s][info][gc          ] GC(103) Pause Full (System.gc()) 782M->782M(6144M) 609.877ms
[80.693s][info][gc,metaspace] GC(104) Metaspace: 43159K(46848K)->43159K(46848K) NonClass: 33198K(34816K)->33198K(34816K) Class: 9960K(12032K)->9960K(12032K)
[80.693s][info][gc          ] GC(104) Pause Full (System.gc()) 782M->782M(6144M) 592.333ms
[81.293s][info][gc,metaspace] GC(105) Metaspace: 43159K(46848K)->43159K(46848K) NonClass: 33198K(34816K)->33198K(34816K) Class: 9960K(12032K)->9960K(12032K)
[81.293s][info][gc          ] GC(105) Pause Full (System.gc()) 782M->782M(6144M) 600.839ms
[81.878s][info][gc,metaspace] GC(106) Metaspace: 43159K(46848K)->43159K(46848K) NonClass: 33198K(34816K)->33198K(34816K) Class: 9960K(12032K)->9960K(12032K)
[81.878s][info][gc          ] GC(106) Pause Full (System.gc()) 782M->782M(6144M) 584.909ms
[82.494s][info][gc,metaspace] GC(107) Metaspace: 43159K(46848K)->43159K(46848K) NonClass: 33198K(34816K)->33198K(34816K) Class: 9960K(12032K)->9960K(12032K)
[82.494s][info][gc          ] GC(107) Pause Full (System.gc()) 782M->782M(6144M) 615.741ms
[83.074s][info][gc,metaspace] GC(108) Metaspace: 43159K(46848K)->43159K(46848K) NonClass: 33198K(34816K)->33198K(34816K) Class: 9960K(12032K)->9960K(12032K)
[83.074s][info][gc          ] GC(108) Pause Full (System.gc()) 782M->782M(6144M) 579.291ms
[83.650s][info][gc,metaspace] GC(109) Metaspace: 43159K(46848K)->43159K(46848K) NonClass: 33198K(34816K)->33198K(34816K) Class: 9960K(12032K)->9960K(12032K)
[83.650s][info][gc          ] GC(109) Pause Full (System.gc()) 782M->782M(6144M) 576.173ms
[84.319s][info][gc,metaspace] GC(110) Metaspace: 43159K(46848K)->43159K(46848K) NonClass: 33198K(34816K)->33198K(34816K) Class: 9960K(12032K)->9960K(12032K)
[84.319s][info][gc          ] GC(110) Pause Full (System.gc()) 782M->782M(6144M) 665.070ms
[84.918s][info][gc,metaspace] GC(111) Metaspace: 43159K(46848K)->43159K(46848K) NonClass: 33198K(34816K)->33198K(34816K) Class: 9960K(12032K)->9960K(12032K)
[84.918s][info][gc          ] GC(111) Pause Full (System.gc()) 782M->782M(6144M) 598.255ms
[85.499s][info][gc,metaspace] GC(112) Metaspace: 43159K(46848K)->43159K(46848K) NonClass: 33198K(34816K)->33198K(34816K) Class: 9960K(12032K)->9960K(12032K)
[85.499s][info][gc          ] GC(112) Pause Full (System.gc()) 782M->782M(6144M) 581.149ms
[86.095s][info][gc,metaspace] GC(113) Metaspace: 43159K(46848K)->43159K(46848K) NonClass: 33198K(34816K)->33198K(34816K) Class: 9960K(12032K)->9960K(12032K)
[86.095s][info][gc          ] GC(113) Pause Full (System.gc()) 782M->782M(6144M) 595.807ms
[86.670s][info][gc,metaspace] GC(114) Metaspace: 43159K(46848K)->43159K(46848K) NonClass: 33198K(34816K)->33198K(34816K) Class: 9960K(12032K)->9960K(12032K)
[86.670s][info][gc          ] GC(114) Pause Full (System.gc()) 782M->782M(6144M) 574.767ms
[87.239s][info][gc,metaspace] GC(115) Metaspace: 43159K(46848K)->43159K(46848K) NonClass: 33198K(34816K)->33198K(34816K) Class: 9960K(12032K)->9960K(12032K)
[87.239s][info][gc          ] GC(115) Pause Full (System.gc()) 782M->782M(6144M) 568.822ms
[87.814s][info][gc,metaspace] GC(116) Metaspace: 43159K(46848K)->43159K(46848K) NonClass: 33198K(34816K)->33198K(34816K) Class: 9960K(12032K)->9960K(12032K)
[87.814s][info][gc          ] GC(116) Pause Full (System.gc()) 782M->782M(6144M) 575.739ms
[88.425s][info][gc,metaspace] GC(117) Metaspace: 43159K(46848K)->43159K(46848K) NonClass: 33198K(34816K)->33198K(34816K) Class: 9960K(12032K)->9960K(12032K)
[88.426s][info][gc          ] GC(117) Pause Full (System.gc()) 782M->782M(6144M) 611.022ms
[88.991s][info][gc,metaspace] GC(118) Metaspace: 43159K(46848K)->43159K(46848K) NonClass: 33198K(34816K)->33198K(34816K) Class: 9960K(12032K)->9960K(12032K)
[88.991s][info][gc          ] GC(118) Pause Full (System.gc()) 782M->782M(6144M) 565.323ms
[89.616s][info][gc,metaspace] GC(119) Metaspace: 43159K(46848K)->43159K(46848K) NonClass: 33198K(34816K)->33198K(34816K) Class: 9960K(12032K)->9960K(12032K)
[89.616s][info][gc          ] GC(119) Pause Full (System.gc()) 782M->782M(6144M) 620.993ms
After GCs... 
