[0.002s][info][metaspace]  - commit_granule_bytes: 65536.
[0.002s][info][metaspace]  - commit_granule_words: 8192.
[0.002s][info][metaspace]  - virtual_space_node_default_size: 8388608.
[0.002s][info][metaspace]  - enlarge_chunks_in_place: 1.
[0.002s][info][metaspace]  - use_allocation_guard: 0.
[0.012s][info][gc       ] Using G1
[0.582s][info][metaspace] Reserving compressed class space anywhere
[0.582s][info][gc,metaspace] CDS archive(s) not mapped
[0.582s][info][gc,metaspace] Compressed class space mapped at: 0x000000002c000000-0x00000000ec000000, reserved size: 3221225472
[0.582s][info][gc,metaspace] UseCompressedClassPointers 1, UseCompactObjectHeaders 1, narrow klass pointer bits 22, max shift 10
[0.582s][info][gc,metaspace] Narrow klass base: 0x000000002c000000, Narrow klass shift: 10, Narrow klass range: 0xc0000000
Random Seed: 12345678
Num Classes: 4096
Num Objects: 67108864
Percent IK Objects: 83.0%)
Percent OAK Objects: 5.0%)
Percent TAK Objects: 12.0%)
Wired up: false
Cycles: 10
Loading 4096 pre-generated classes ...
Materialize pre-generated constructors ...
Creating objects...
[0.866s][info][gc,metaspace] GC(0) Metaspace: 17563K(17856K)->17563K(17856K) NonClass: 11689K(11840K)->11689K(11840K) Class: 5874K(6016K)->5874K(6016K)
[0.866s][info][gc          ] GC(0) Pause Full (System.gc()) 22M->3M(6144M) 14.260ms
[1.635s][info][gc,metaspace] GC(1) Metaspace: 25437K(29824K)->25437K(29824K) NonClass: 17538K(19968K)->17538K(19968K) Class: 7898K(9856K)->7898K(9856K)
[1.635s][info][gc          ] GC(1) Pause Young (Normal) (G1 Evacuation Pause) 567M->280M(6144M) 14.145ms
[2.442s][info][gc,metaspace] GC(2) Metaspace: 27344K(31744K)->27344K(31744K) NonClass: 19320K(21632K)->19320K(21632K) Class: 8023K(10112K)->8023K(10112K)
[2.442s][info][gc          ] GC(2) Pause Young (Normal) (G1 Evacuation Pause) 564M->304M(6144M) 22.875ms
[3.067s][info][gc,metaspace] GC(3) Metaspace: 30023K(33920K)->30023K(33920K) NonClass: 22000K(23808K)->22000K(23808K) Class: 8023K(10112K)->8023K(10112K)
[3.067s][info][gc          ] GC(3) Pause Young (Normal) (G1 Evacuation Pause) 568M->330M(6144M) 35.516ms
[3.572s][info][gc,metaspace] GC(4) Metaspace: 31034K(34688K)->31034K(34688K) NonClass: 23010K(24576K)->23010K(24576K) Class: 8023K(10112K)->8023K(10112K)
[3.572s][info][gc          ] GC(4) Pause Young (Normal) (G1 Evacuation Pause) 606M->357M(6144M) 26.183ms
[4.082s][info][gc,metaspace] GC(5) Metaspace: 31034K(34688K)->31034K(34688K) NonClass: 23010K(24576K)->23010K(24576K) Class: 8023K(10112K)->8023K(10112K)
[4.082s][info][gc          ] GC(5) Pause Young (Normal) (G1 Evacuation Pause) 633M->382M(6144M) 66.674ms
[4.748s][info][gc,metaspace] GC(6) Metaspace: 31034K(34688K)->31034K(34688K) NonClass: 23010K(24576K)->23010K(24576K) Class: 8023K(10112K)->8023K(10112K)
[4.748s][info][gc          ] GC(6) Pause Young (Normal) (G1 Evacuation Pause) 658M->409M(6144M) 27.091ms
[5.267s][info][gc,metaspace] GC(7) Metaspace: 31034K(34688K)->31034K(34688K) NonClass: 23010K(24576K)->23010K(24576K) Class: 8023K(10112K)->8023K(10112K)
[5.267s][info][gc          ] GC(7) Pause Young (Normal) (G1 Evacuation Pause) 685M->433M(6144M) 27.079ms
[5.779s][info][gc,metaspace] GC(8) Metaspace: 31034K(34688K)->31034K(34688K) NonClass: 23010K(24576K)->23010K(24576K) Class: 8023K(10112K)->8023K(10112K)
[5.779s][info][gc          ] GC(8) Pause Young (Normal) (G1 Evacuation Pause) 737M->461M(6144M) 24.181ms
[6.535s][info][gc,metaspace] GC(9) Metaspace: 31034K(34688K)->31034K(34688K) NonClass: 23010K(24576K)->23010K(24576K) Class: 8023K(10112K)->8023K(10112K)
[6.535s][info][gc          ] GC(9) Pause Young (Normal) (G1 Evacuation Pause) 889M->497M(6144M) 36.953ms
[7.057s][info][gc,metaspace] GC(10) Metaspace: 31034K(34688K)->31034K(34688K) NonClass: 23010K(24576K)->23010K(24576K) Class: 8023K(10112K)->8023K(10112K)
[7.057s][info][gc          ] GC(10) Pause Young (Normal) (G1 Evacuation Pause) 809M->528M(6144M) 39.487ms
[7.808s][info][gc,metaspace] GC(11) Metaspace: 31034K(34688K)->31034K(34688K) NonClass: 23010K(24576K)->23010K(24576K) Class: 8023K(10112K)->8023K(10112K)
[7.808s][info][gc          ] GC(11) Pause Young (Normal) (G1 Evacuation Pause) 992M->564M(6144M) 35.561ms
[8.595s][info][gc,metaspace] GC(12) Metaspace: 31034K(34688K)->31034K(34688K) NonClass: 23010K(24576K)->23010K(24576K) Class: 8023K(10112K)->8023K(10112K)
[8.595s][info][gc          ] GC(12) Pause Young (Normal) (G1 Evacuation Pause) 1008M->607M(6144M) 50.791ms
[9.615s][info][gc,metaspace] GC(13) Metaspace: 31034K(34688K)->31034K(34688K) NonClass: 23010K(24576K)->23010K(24576K) Class: 8023K(10112K)->8023K(10112K)
[9.616s][info][gc          ] GC(13) Pause Young (Normal) (G1 Evacuation Pause) 1207M->657M(6144M) 48.170ms
[10.547s][info][gc,metaspace] GC(14) Metaspace: 31034K(34688K)->31034K(34688K) NonClass: 23010K(24576K)->23010K(24576K) Class: 8023K(10112K)->8023K(10112K)
[10.547s][info][gc          ] GC(14) Pause Young (Normal) (G1 Evacuation Pause) 1185M->708M(6144M) 67.783ms
[11.731s][info][gc,metaspace] GC(15) Metaspace: 31034K(34688K)->31034K(34688K) NonClass: 23010K(24576K)->23010K(24576K) Class: 8023K(10112K)->8023K(10112K)
[11.731s][info][gc          ] GC(15) Pause Young (Normal) (G1 Evacuation Pause) 1440M->768M(6144M) 60.695ms
[12.846s][info][gc,metaspace] GC(16) Metaspace: 31034K(34688K)->31034K(34688K) NonClass: 23010K(24576K)->23010K(24576K) Class: 8023K(10112K)->8023K(10112K)
[12.846s][info][gc          ] GC(16) Pause Young (Normal) (G1 Evacuation Pause) 1416M->831M(6144M) 76.456ms
[14.202s][info][gc,metaspace] GC(17) Metaspace: 31034K(34688K)->31034K(34688K) NonClass: 23010K(24576K)->23010K(24576K) Class: 8023K(10112K)->8023K(10112K)
[14.202s][info][gc          ] GC(17) Pause Young (Normal) (G1 Evacuation Pause) 1719M->911M(6144M) 75.287ms
[15.132s][info][gc,metaspace] GC(18) Metaspace: 31034K(34688K)->31034K(34688K) NonClass: 23010K(24576K)->23010K(24576K) Class: 8023K(10112K)->8023K(10112K)
[15.132s][info][gc          ] GC(18) Pause Young (Normal) (G1 Evacuation Pause) 1679M->987M(6144M) 99.105ms
[16.167s][info][gc,metaspace] GC(19) Metaspace: 31034K(34688K)->31034K(34688K) NonClass: 23010K(24576K)->23010K(24576K) Class: 8023K(10112K)->8023K(10112K)
[16.167s][info][gc          ] GC(19) Pause Young (Normal) (G1 Evacuation Pause) 2011M->1075M(6144M) 81.645ms
[16.977s][info][gc,metaspace] GC(20) Metaspace: 31034K(34688K)->31034K(34688K) NonClass: 23010K(24576K)->23010K(24576K) Class: 8023K(10112K)->8023K(10112K)
[16.977s][info][gc          ] GC(20) Pause Young (Normal) (G1 Evacuation Pause) 1979M->1165M(6144M) 104.126ms
[17.964s][info][gc,metaspace] GC(21) Metaspace: 31034K(34688K)->31034K(34688K) NonClass: 23010K(24576K)->23010K(24576K) Class: 8023K(10112K)->8023K(10112K)
[17.964s][info][gc          ] GC(21) Pause Young (Normal) (G1 Evacuation Pause) 2333M->1259M(6144M) 98.882ms
[18.853s][info][gc,metaspace] GC(22) Metaspace: 31034K(34688K)->31034K(34688K) NonClass: 23010K(24576K)->23010K(24576K) Class: 8023K(10112K)->8023K(10112K)
[18.853s][info][gc          ] GC(22) Pause Young (Normal) (G1 Evacuation Pause) 2283M->1350M(6144M) 105.744ms
[19.962s][info][gc,metaspace] GC(23) Metaspace: 31034K(34688K)->31034K(34688K) NonClass: 23010K(24576K)->23010K(24576K) Class: 8023K(10112K)->8023K(10112K)
[19.962s][info][gc          ] GC(23) Pause Young (Normal) (G1 Evacuation Pause) 2698M->1465M(6144M) 98.089ms
[20.998s][info][gc,metaspace] GC(24) Metaspace: 31034K(34688K)->31034K(34688K) NonClass: 23010K(24576K)->23010K(24576K) Class: 8023K(10112K)->8023K(10112K)
[20.998s][info][gc          ] GC(24) Pause Young (Normal) (G1 Evacuation Pause) 2637M->1573M(6144M) 138.628ms
[22.244s][info][gc,metaspace] GC(25) Metaspace: 31034K(34688K)->31034K(34688K) NonClass: 23010K(24576K)->23010K(24576K) Class: 8023K(10112K)->8023K(10112K)
[22.244s][info][gc          ] GC(25) Pause Young (Normal) (G1 Evacuation Pause) 3037M->1695M(6144M) 126.790ms
67108864 Objects created
 - IK: 55699211 (82.99829%)
 - OAK: 3355627 (5.0002737%)
 - TAK: 8054026 (12.001434%)
Preparatory GC...
[23.028s][info][gc,metaspace] GC(26) Metaspace: 31034K(34688K)->31034K(34688K) NonClass: 23010K(24576K)->23010K(24576K) Class: 8023K(10112K)->8023K(10112K)
[23.028s][info][gc          ] GC(26) Pause Full (System.gc()) 1879M->1596M(6144M) 647.421ms
[23.754s][info][gc,metaspace] GC(27) Metaspace: 31034K(34688K)->31034K(34688K) NonClass: 23010K(24576K)->23010K(24576K) Class: 8023K(10112K)->8023K(10112K)
[23.754s][info][gc          ] GC(27) Pause Full (System.gc()) 1596M->1596M(6144M) 725.585ms
Done; will start GCs... 
[24.361s][info][gc,metaspace] GC(28) Metaspace: 31034K(34688K)->31034K(34688K) NonClass: 23010K(24576K)->23010K(24576K) Class: 8023K(10112K)->8023K(10112K)
[24.361s][info][gc          ] GC(28) Pause Full (System.gc()) 1598M->1596M(6144M) 606.892ms
[24.968s][info][gc,metaspace] GC(29) Metaspace: 31034K(34688K)->31034K(34688K) NonClass: 23010K(24576K)->23010K(24576K) Class: 8023K(10112K)->8023K(10112K)
[24.968s][info][gc          ] GC(29) Pause Full (System.gc()) 1596M->1596M(6144M) 606.805ms
[25.590s][info][gc,metaspace] GC(30) Metaspace: 31034K(34688K)->31034K(34688K) NonClass: 23010K(24576K)->23010K(24576K) Class: 8023K(10112K)->8023K(10112K)
[25.590s][info][gc          ] GC(30) Pause Full (System.gc()) 1596M->1596M(6144M) 621.883ms
[26.191s][info][gc,metaspace] GC(31) Metaspace: 31034K(34688K)->31034K(34688K) NonClass: 23010K(24576K)->23010K(24576K) Class: 8023K(10112K)->8023K(10112K)
[26.191s][info][gc          ] GC(31) Pause Full (System.gc()) 1596M->1596M(6144M) 600.827ms
[26.789s][info][gc,metaspace] GC(32) Metaspace: 31034K(34688K)->31034K(34688K) NonClass: 23010K(24576K)->23010K(24576K) Class: 8023K(10112K)->8023K(10112K)
[26.790s][info][gc          ] GC(32) Pause Full (System.gc()) 1596M->1596M(6144M) 598.681ms
[27.410s][info][gc,metaspace] GC(33) Metaspace: 31034K(34688K)->31034K(34688K) NonClass: 23010K(24576K)->23010K(24576K) Class: 8023K(10112K)->8023K(10112K)
[27.410s][info][gc          ] GC(33) Pause Full (System.gc()) 1596M->1596M(6144M) 620.395ms
[28.023s][info][gc,metaspace] GC(34) Metaspace: 31034K(34688K)->31034K(34688K) NonClass: 23010K(24576K)->23010K(24576K) Class: 8023K(10112K)->8023K(10112K)
[28.023s][info][gc          ] GC(34) Pause Full (System.gc()) 1596M->1596M(6144M) 613.332ms
[28.647s][info][gc,metaspace] GC(35) Metaspace: 31034K(34688K)->31034K(34688K) NonClass: 23010K(24576K)->23010K(24576K) Class: 8023K(10112K)->8023K(10112K)
[28.647s][info][gc          ] GC(35) Pause Full (System.gc()) 1596M->1596M(6144M) 623.502ms
[29.287s][info][gc,metaspace] GC(36) Metaspace: 31034K(34688K)->31034K(34688K) NonClass: 23010K(24576K)->23010K(24576K) Class: 8023K(10112K)->8023K(10112K)
[29.287s][info][gc          ] GC(36) Pause Full (System.gc()) 1596M->1596M(6144M) 639.699ms
[29.898s][info][gc,metaspace] GC(37) Metaspace: 31034K(34688K)->31034K(34688K) NonClass: 23010K(24576K)->23010K(24576K) Class: 8023K(10112K)->8023K(10112K)
[29.899s][info][gc          ] GC(37) Pause Full (System.gc()) 1596M->1596M(6144M) 611.714ms
After GCs... 
