Done; will start GCs... 
[24.361s][info][gc,metaspace] GC(28) Metaspace: 31034K(34688K)->31034K(34688K) NonClass: 23010K(24576K)->23010K(24576K) Class: 8023K(10112K)->8023K(10112K)
[24.361s][info][gc          ] GC(28) Pause Full (System.gc()) 1598M->1596M(6144M) 606.892ms
[24.968s][info][gc,metaspace] GC(29) Metaspace: 31034K(34688K)->31034K(34688K) NonClass: 23010K(24576K)->23010K(24576K) Class: 8023K(10112K)->8023K(10112K)
[24.968s][info][gc          ] GC(29) Pause Full (System.gc()) 1596M->1596M(6144M) 606.805ms
[25.590s][info][gc,metaspace] GC(30) Metaspace: 31034K(34688K)->31034K(34688K) NonClass: 23010K(24576K)->23010K(24576K) Class: 8023K(10112K)->8023K(10112K)
[25.590s][info][gc          ] GC(30) Pause Full (System.gc()) 1596M->1596M(6144M) 621.883ms
[26.191s][info][gc,metaspace] GC(31) Metaspace: 31034K(34688K)->31034K(34688K) NonClass: 23010K(24576K)->23010K(24576K) Class: 8023K(10112K)->8023K(10112K)
[26.191s][info][gc          ] GC(31) Pause Full (System.gc()) 1596M->1596M(6144M) 600.827ms
[26.789s][info][gc,metaspace] GC(32) Metaspace: 31034K(34688K)->31034K(34688K) NonClass: 23010K(24576K)->23010K(24576K) Class: 8023K(10112K)->8023K(10112K)
[26.790s][info][gc          ] GC(32) Pause Full (System.gc()) 1596M->1596M(6144M) 598.681ms
[27.410s][info][gc,metaspace] GC(33) Metaspace: 31034K(34688K)->31034K(34688K) NonClass: 23010K(24576K)->23010K(24576K) Class: 8023K(10112K)->8023K(10112K)
[27.410s][info][gc          ] GC(33) Pause Full (System.gc()) 1596M->1596M(6144M) 620.395ms
[28.023s][info][gc,metaspace] GC(34) Metaspace: 31034K(34688K)->31034K(34688K) NonClass: 23010K(24576K)->23010K(24576K) Class: 8023K(10112K)->8023K(10112K)
[28.023s][info][gc          ] GC(34) Pause Full (System.gc()) 1596M->1596M(6144M) 613.332ms
[28.647s][info][gc,metaspace] GC(35) Metaspace: 31034K(34688K)->31034K(34688K) NonClass: 23010K(24576K)->23010K(24576K) Class: 8023K(10112K)->8023K(10112K)
[28.647s][info][gc          ] GC(35) Pause Full (System.gc()) 1596M->1596M(6144M) 623.502ms
[29.287s][info][gc,metaspace] GC(36) Metaspace: 31034K(34688K)->31034K(34688K) NonClass: 23010K(24576K)->23010K(24576K) Class: 8023K(10112K)->8023K(10112K)
[29.287s][info][gc          ] GC(36) Pause Full (System.gc()) 1596M->1596M(6144M) 639.699ms
[29.898s][info][gc,metaspace] GC(37) Metaspace: 31034K(34688K)->31034K(34688K) NonClass: 23010K(24576K)->23010K(24576K) Class: 8023K(10112K)->8023K(10112K)
[29.899s][info][gc          ] GC(37) Pause Full (System.gc()) 1596M->1596M(6144M) 611.714ms
After GCs... 
