[0.002s][info][metaspace]  - commit_granule_bytes: 65536.
[0.002s][info][metaspace]  - commit_granule_words: 8192.
[0.002s][info][metaspace]  - virtual_space_node_default_size: 8388608.
[0.002s][info][metaspace]  - enlarge_chunks_in_place: 1.
[0.002s][info][metaspace]  - use_allocation_guard: 0.
[0.010s][info][gc       ] Using G1
[0.622s][info][metaspace] Reserving compressed class space anywhere
[0.622s][info][gc,metaspace] CDS archive(s) not mapped
[0.622s][info][gc,metaspace] Compressed class space mapped at: 0x0000000018000000-0x00000000d8000000, reserved size: 3221225472
[0.622s][info][gc,metaspace] UseCompressedClassPointers 1, UseCompactObjectHeaders 1, narrow klass pointer bits 22, max shift 10
[0.622s][info][gc,metaspace] Narrow klass base: 0x0000000018000000, Narrow klass shift: 10, Narrow klass range: 0xc0000000
Random Seed: 12345678
Num Classes: 4096
Num Objects: 67108864
Percent IK Objects: 83.0%)
Percent OAK Objects: 5.0%)
Percent TAK Objects: 12.0%)
Wired up: false
Cycles: 10
Loading 4096 pre-generated classes ...
Materialize pre-generated constructors ...
Creating objects...
[0.897s][info][gc,metaspace] GC(0) Metaspace: 17538K(17792K)->17538K(17792K) NonClass: 11663K(11776K)->11663K(11776K) Class: 5874K(6016K)->5874K(6016K)
[0.897s][info][gc          ] GC(0) Pause Full (System.gc()) 22M->3M(6144M) 11.452ms
[1.672s][info][gc,metaspace] GC(1) Metaspace: 25410K(29760K)->25410K(29760K) NonClass: 17513K(19904K)->17513K(19904K) Class: 7896K(9856K)->7896K(9856K)
[1.672s][info][gc          ] GC(1) Pause Young (Normal) (G1 Evacuation Pause) 567M->280M(6144M) 12.683ms
[2.405s][info][gc,metaspace] GC(2) Metaspace: 27157K(31552K)->27157K(31552K) NonClass: 19133K(21440K)->19133K(21440K) Class: 8023K(10112K)->8023K(10112K)
[2.405s][info][gc          ] GC(2) Pause Young (Normal) (G1 Evacuation Pause) 564M->304M(6144M) 21.109ms
[3.055s][info][gc,metaspace] GC(3) Metaspace: 30357K(34176K)->30357K(34176K) NonClass: 22334K(24064K)->22334K(24064K) Class: 8023K(10112K)->8023K(10112K)
[3.055s][info][gc          ] GC(3) Pause Young (Normal) (G1 Evacuation Pause) 568M->331M(6144M) 27.823ms
[3.568s][info][gc,metaspace] GC(4) Metaspace: 31024K(34688K)->31024K(34688K) NonClass: 23000K(24576K)->23000K(24576K) Class: 8023K(10112K)->8023K(10112K)
[3.568s][info][gc          ] GC(4) Pause Young (Normal) (G1 Evacuation Pause) 607M->358M(6144M) 28.714ms
[4.288s][info][gc,metaspace] GC(5) Metaspace: 31024K(34688K)->31024K(34688K) NonClass: 23000K(24576K)->23000K(24576K) Class: 8023K(10112K)->8023K(10112K)
[4.288s][info][gc          ] GC(5) Pause Young (Normal) (G1 Evacuation Pause) 634M->382M(6144M) 23.924ms
[4.805s][info][gc,metaspace] GC(6) Metaspace: 31024K(34688K)->31024K(34688K) NonClass: 23000K(24576K)->23000K(24576K) Class: 8023K(10112K)->8023K(10112K)
[4.805s][info][gc          ] GC(6) Pause Young (Normal) (G1 Evacuation Pause) 658M->409M(6144M) 21.429ms
[5.284s][info][gc,metaspace] GC(7) Metaspace: 31024K(34688K)->31024K(34688K) NonClass: 23000K(24576K)->23000K(24576K) Class: 8023K(10112K)->8023K(10112K)
[5.284s][info][gc          ] GC(7) Pause Young (Normal) (G1 Evacuation Pause) 685M->435M(6144M) 29.022ms
[5.851s][info][gc,metaspace] GC(8) Metaspace: 31024K(34688K)->31024K(34688K) NonClass: 23000K(24576K)->23000K(24576K) Class: 8023K(10112K)->8023K(10112K)
[5.851s][info][gc          ] GC(8) Pause Young (Normal) (G1 Evacuation Pause) 739M->463M(6144M) 22.379ms
[6.575s][info][gc,metaspace] GC(9) Metaspace: 31024K(34688K)->31024K(34688K) NonClass: 23000K(24576K)->23000K(24576K) Class: 8023K(10112K)->8023K(10112K)
[6.575s][info][gc          ] GC(9) Pause Young (Normal) (G1 Evacuation Pause) 903M->500M(6144M) 32.661ms
[7.161s][info][gc,metaspace] GC(10) Metaspace: 31024K(34688K)->31024K(34688K) NonClass: 23000K(24576K)->23000K(24576K) Class: 8023K(10112K)->8023K(10112K)
[7.161s][info][gc          ] GC(10) Pause Young (Normal) (G1 Evacuation Pause) 820M->535M(6144M) 38.754ms
[7.940s][info][gc,metaspace] GC(11) Metaspace: 31024K(34688K)->31024K(34688K) NonClass: 23000K(24576K)->23000K(24576K) Class: 8023K(10112K)->8023K(10112K)
[7.940s][info][gc          ] GC(11) Pause Young (Normal) (G1 Evacuation Pause) 1003M->571M(6144M) 39.295ms
[8.743s][info][gc,metaspace] GC(12) Metaspace: 31024K(34688K)->31024K(34688K) NonClass: 23000K(24576K)->23000K(24576K) Class: 8023K(10112K)->8023K(10112K)
[8.743s][info][gc          ] GC(12) Pause Young (Normal) (G1 Evacuation Pause) 1023M->616M(6144M) 41.711ms
[9.809s][info][gc,metaspace] GC(13) Metaspace: 31024K(34688K)->31024K(34688K) NonClass: 23000K(24576K)->23000K(24576K) Class: 8023K(10112K)->8023K(10112K)
[9.809s][info][gc          ] GC(13) Pause Young (Normal) (G1 Evacuation Pause) 1232M->668M(6144M) 48.435ms
[10.749s][info][gc,metaspace] GC(14) Metaspace: 31024K(34688K)->31024K(34688K) NonClass: 23000K(24576K)->23000K(24576K) Class: 8023K(10112K)->8023K(10112K)
[10.749s][info][gc          ] GC(14) Pause Young (Normal) (G1 Evacuation Pause) 1208M->721M(6144M) 65.842ms
[12.080s][info][gc,metaspace] GC(15) Metaspace: 31024K(34688K)->31024K(34688K) NonClass: 23000K(24576K)->23000K(24576K) Class: 8023K(10112K)->8023K(10112K)
[12.080s][info][gc          ] GC(15) Pause Young (Normal) (G1 Evacuation Pause) 1469M->786M(6144M) 61.084ms
[13.293s][info][gc,metaspace] GC(16) Metaspace: 31024K(34688K)->31024K(34688K) NonClass: 23000K(24576K)->23000K(24576K) Class: 8023K(10112K)->8023K(10112K)
[13.293s][info][gc          ] GC(16) Pause Young (Normal) (G1 Evacuation Pause) 1454M->855M(6144M) 64.446ms
[14.765s][info][gc,metaspace] GC(17) Metaspace: 31024K(34688K)->31024K(34688K) NonClass: 23000K(24576K)->23000K(24576K) Class: 8023K(10112K)->8023K(10112K)
[14.765s][info][gc          ] GC(17) Pause Young (Normal) (G1 Evacuation Pause) 1759M->931M(6144M) 65.032ms
[15.855s][info][gc,metaspace] GC(18) Metaspace: 31024K(34688K)->31024K(34688K) NonClass: 23000K(24576K)->23000K(24576K) Class: 8023K(10112K)->8023K(10112K)
[15.855s][info][gc          ] GC(18) Pause Young (Normal) (G1 Evacuation Pause) 1739M->1012M(6144M) 100.873ms
[16.838s][info][gc,metaspace] GC(19) Metaspace: 31024K(34688K)->31024K(34688K) NonClass: 23000K(24576K)->23000K(24576K) Class: 8023K(10112K)->8023K(10112K)
[16.838s][info][gc          ] GC(19) Pause Young (Normal) (G1 Evacuation Pause) 2056M->1095M(6144M) 74.834ms
[17.678s][info][gc,metaspace] GC(20) Metaspace: 31024K(34688K)->31024K(34688K) NonClass: 23000K(24576K)->23000K(24576K) Class: 8023K(10112K)->8023K(10112K)
[17.678s][info][gc          ] GC(20) Pause Young (Normal) (G1 Evacuation Pause) 2047M->1184M(6144M) 124.717ms
[18.725s][info][gc,metaspace] GC(21) Metaspace: 31024K(34688K)->31024K(34688K) NonClass: 23000K(24576K)->23000K(24576K) Class: 8023K(10112K)->8023K(10112K)
[18.725s][info][gc          ] GC(21) Pause Young (Normal) (G1 Evacuation Pause) 2372M->1281M(6144M) 98.881ms
[19.663s][info][gc,metaspace] GC(22) Metaspace: 31024K(34688K)->31024K(34688K) NonClass: 23000K(24576K)->23000K(24576K) Class: 8023K(10112K)->8023K(10112K)
[19.663s][info][gc          ] GC(22) Pause Young (Normal) (G1 Evacuation Pause) 2329M->1381M(6144M) 147.129ms
[21.365s][info][gc,metaspace] GC(23) Metaspace: 31024K(34688K)->31024K(34688K) NonClass: 23000K(24576K)->23000K(24576K) Class: 8023K(10112K)->8023K(10112K)
[21.365s][info][gc          ] GC(23) Pause Young (Normal) (G1 Evacuation Pause) 2657M->1483M(6144M) 98.400ms
[22.396s][info][gc,metaspace] GC(24) Metaspace: 31024K(34688K)->31024K(34688K) NonClass: 23000K(24576K)->23000K(24576K) Class: 8023K(10112K)->8023K(10112K)
[22.396s][info][gc          ] GC(24) Pause Young (Normal) (G1 Evacuation Pause) 2631M->1595M(6144M) 118.266ms
[23.677s][info][gc,metaspace] GC(25) Metaspace: 31024K(34688K)->31024K(34688K) NonClass: 23000K(24576K)->23000K(24576K) Class: 8023K(10112K)->8023K(10112K)
[23.677s][info][gc          ] GC(25) Pause Young (Normal) (G1 Evacuation Pause) 3055M->1713M(6144M) 130.298ms
67108864 Objects created
 - IK: 55699211 (82.99829%)
 - OAK: 3355627 (5.0002737%)
 - TAK: 8054026 (12.001434%)
Preparatory GC...
[24.470s][info][gc,metaspace] GC(26) Metaspace: 31024K(34688K)->31024K(34688K) NonClass: 23000K(24576K)->23000K(24576K) Class: 8023K(10112K)->8023K(10112K)
[24.470s][info][gc          ] GC(26) Pause Full (System.gc()) 1733M->1596M(6144M) 777.014ms
[25.278s][info][gc,metaspace] GC(27) Metaspace: 31024K(34688K)->31024K(34688K) NonClass: 23000K(24576K)->23000K(24576K) Class: 8023K(10112K)->8023K(10112K)
[25.278s][info][gc          ] GC(27) Pause Full (System.gc()) 1596M->1596M(6144M) 807.834ms
Done; will start GCs... 
[26.027s][info][gc,metaspace] GC(28) Metaspace: 31024K(34688K)->31024K(34688K) NonClass: 23000K(24576K)->23000K(24576K) Class: 8023K(10112K)->8023K(10112K)
[26.027s][info][gc          ] GC(28) Pause Full (System.gc()) 1598M->1596M(6144M) 748.313ms
[26.741s][info][gc,metaspace] GC(29) Metaspace: 31024K(34688K)->31024K(34688K) NonClass: 23000K(24576K)->23000K(24576K) Class: 8023K(10112K)->8023K(10112K)
[26.741s][info][gc          ] GC(29) Pause Full (System.gc()) 1596M->1596M(6144M) 714.471ms
[27.452s][info][gc,metaspace] GC(30) Metaspace: 31024K(34688K)->31024K(34688K) NonClass: 23000K(24576K)->23000K(24576K) Class: 8023K(10112K)->8023K(10112K)
[27.452s][info][gc          ] GC(30) Pause Full (System.gc()) 1596M->1596M(6144M) 710.161ms
[28.173s][info][gc,metaspace] GC(31) Metaspace: 31024K(34688K)->31024K(34688K) NonClass: 23000K(24576K)->23000K(24576K) Class: 8023K(10112K)->8023K(10112K)
[28.173s][info][gc          ] GC(31) Pause Full (System.gc()) 1596M->1596M(6144M) 721.003ms
[28.878s][info][gc,metaspace] GC(32) Metaspace: 31024K(34688K)->31024K(34688K) NonClass: 23000K(24576K)->23000K(24576K) Class: 8023K(10112K)->8023K(10112K)
[28.878s][info][gc          ] GC(32) Pause Full (System.gc()) 1596M->1596M(6144M) 704.969ms
[29.608s][info][gc,metaspace] GC(33) Metaspace: 31024K(34688K)->31024K(34688K) NonClass: 23000K(24576K)->23000K(24576K) Class: 8023K(10112K)->8023K(10112K)
[29.608s][info][gc          ] GC(33) Pause Full (System.gc()) 1596M->1596M(6144M) 730.665ms
[30.319s][info][gc,metaspace] GC(34) Metaspace: 31024K(34688K)->31024K(34688K) NonClass: 23000K(24576K)->23000K(24576K) Class: 8023K(10112K)->8023K(10112K)
[30.319s][info][gc          ] GC(34) Pause Full (System.gc()) 1596M->1596M(6144M) 710.110ms
[31.037s][info][gc,metaspace] GC(35) Metaspace: 31024K(34688K)->31024K(34688K) NonClass: 23000K(24576K)->23000K(24576K) Class: 8023K(10112K)->8023K(10112K)
[31.038s][info][gc          ] GC(35) Pause Full (System.gc()) 1596M->1596M(6144M) 718.871ms
[31.731s][info][gc,metaspace] GC(36) Metaspace: 31024K(34688K)->31024K(34688K) NonClass: 23000K(24576K)->23000K(24576K) Class: 8023K(10112K)->8023K(10112K)
[31.731s][info][gc          ] GC(36) Pause Full (System.gc()) 1596M->1596M(6144M) 693.168ms
[32.417s][info][gc,metaspace] GC(37) Metaspace: 31024K(34688K)->31024K(34688K) NonClass: 23000K(24576K)->23000K(24576K) Class: 8023K(10112K)->8023K(10112K)
[32.417s][info][gc          ] GC(37) Pause Full (System.gc()) 1596M->1596M(6144M) 686.063ms
After GCs... 
