[0.002s][info][metaspace]  - commit_granule_bytes: 65536.
[0.002s][info][metaspace]  - commit_granule_words: 8192.
[0.002s][info][metaspace]  - virtual_space_node_default_size: 8388608.
[0.002s][info][metaspace]  - enlarge_chunks_in_place: 1.
[0.002s][info][metaspace]  - use_allocation_guard: 0.
[0.010s][info][gc       ] Using G1
[0.590s][info][metaspace] Reserving compressed class space anywhere
[0.590s][info][gc,metaspace] CDS archive(s) not mapped
[0.595s][info][gc,metaspace] Compressed class space mapped at: 0x000000002c000000-0x00000000ec000000, reserved size: 3221225472
[0.595s][info][gc,metaspace] UseCompressedClassPointers 1, UseCompactObjectHeaders 0, narrow klass pointer bits 32, max shift 3
[0.595s][info][gc,metaspace] Narrow klass base: 0x0000000000000000, Narrow klass shift: 0, Narrow klass range: 0xec000000
Random Seed: 12345678
Num Classes: 4096
Num Objects: 67108864
Percent IK Objects: 83.0%)
Percent OAK Objects: 5.0%)
Percent TAK Objects: 12.0%)
Wired up: false
Cycles: 10
Loading 4096 pre-generated classes ...
Materialize pre-generated constructors ...
Creating objects...
[0.870s][info][gc,metaspace] GC(0) Metaspace: 15618K(15872K)->15618K(15872K) NonClass: 12376K(12480K)->12376K(12480K) Class: 3242K(3392K)->3242K(3392K)
[0.870s][info][gc          ] GC(0) Pause Full (System.gc()) 20M->3M(6144M) 13.324ms
[1.550s][info][gc,metaspace] GC(1) Metaspace: 23046K(27136K)->23046K(27136K) NonClass: 17932K(20160K)->17932K(20160K) Class: 5114K(6976K)->5114K(6976K)
[1.550s][info][gc          ] GC(1) Pause Young (Normal) (G1 Evacuation Pause) 567M->283M(6144M) 13.617ms
[2.252s][info][gc,metaspace] GC(2) Metaspace: 25651K(30272K)->25651K(30272K) NonClass: 20261K(22784K)->20261K(22784K) Class: 5389K(7488K)->5389K(7488K)
[2.252s][info][gc          ] GC(2) Pause Young (Normal) (G1 Evacuation Pause) 567M->307M(6144M) 19.540ms
[2.872s][info][gc,metaspace] GC(3) Metaspace: 29269K(33216K)->29269K(33216K) NonClass: 23879K(25728K)->23879K(25728K) Class: 5389K(7488K)->5389K(7488K)
[2.872s][info][gc          ] GC(3) Pause Young (Normal) (G1 Evacuation Pause) 571M->338M(6144M) 29.780ms
[3.386s][info][gc,metaspace] GC(4) Metaspace: 30595K(34304K)->30595K(34304K) NonClass: 25205K(26816K)->25205K(26816K) Class: 5389K(7488K)->5389K(7488K)
[3.386s][info][gc          ] GC(4) Pause Young (Normal) (G1 Evacuation Pause) 614M->367M(6144M) 19.583ms
[3.829s][info][gc,metaspace] GC(5) Metaspace: 30595K(34304K)->30595K(34304K) NonClass: 25205K(26816K)->25205K(26816K) Class: 5389K(7488K)->5389K(7488K)
[3.829s][info][gc          ] GC(5) Pause Young (Normal) (G1 Evacuation Pause) 639M->396M(6144M) 22.002ms
[4.327s][info][gc,metaspace] GC(6) Metaspace: 30595K(34304K)->30595K(34304K) NonClass: 25205K(26816K)->25205K(26816K) Class: 5389K(7488K)->5389K(7488K)
[4.327s][info][gc          ] GC(6) Pause Young (Normal) (G1 Evacuation Pause) 672M->425M(6144M) 21.478ms
[4.780s][info][gc,metaspace] GC(7) Metaspace: 30595K(34304K)->30595K(34304K) NonClass: 25205K(26816K)->25205K(26816K) Class: 5389K(7488K)->5389K(7488K)
[4.780s][info][gc          ] GC(7) Pause Young (Normal) (G1 Evacuation Pause) 701M->453M(6144M) 24.433ms
[5.288s][info][gc,metaspace] GC(8) Metaspace: 30595K(34304K)->30595K(34304K) NonClass: 25205K(26816K)->25205K(26816K) Class: 5389K(7488K)->5389K(7488K)
[5.288s][info][gc          ] GC(8) Pause Young (Normal) (G1 Evacuation Pause) 753M->487M(6144M) 25.392ms
[5.943s][info][gc,metaspace] GC(9) Metaspace: 30595K(34304K)->30595K(34304K) NonClass: 25205K(26816K)->25205K(26816K) Class: 5389K(7488K)->5389K(7488K)
[5.943s][info][gc          ] GC(9) Pause Young (Normal) (G1 Evacuation Pause) 895M->522M(6144M) 31.932ms
[6.473s][info][gc,metaspace] GC(10) Metaspace: 30595K(34304K)->30595K(34304K) NonClass: 25205K(26816K)->25205K(26816K) Class: 5389K(7488K)->5389K(7488K)
[6.473s][info][gc          ] GC(10) Pause Young (Normal) (G1 Evacuation Pause) 850M->560M(6144M) 31.015ms
[7.258s][info][gc,metaspace] GC(11) Metaspace: 30595K(34304K)->30595K(34304K) NonClass: 25205K(26816K)->25205K(26816K) Class: 5389K(7488K)->5389K(7488K)
[7.258s][info][gc          ] GC(11) Pause Young (Normal) (G1 Evacuation Pause) 1024M->600M(6144M) 29.652ms
[7.999s][info][gc,metaspace] GC(12) Metaspace: 30595K(34304K)->30595K(34304K) NonClass: 25205K(26816K)->25205K(26816K) Class: 5389K(7488K)->5389K(7488K)
[7.999s][info][gc          ] GC(12) Pause Young (Normal) (G1 Evacuation Pause) 1056M->649M(6144M) 44.872ms
[8.978s][info][gc,metaspace] GC(13) Metaspace: 30595K(34304K)->30595K(34304K) NonClass: 25205K(26816K)->25205K(26816K) Class: 5389K(7488K)->5389K(7488K)
[8.978s][info][gc          ] GC(13) Pause Young (Normal) (G1 Evacuation Pause) 1261M->707M(6144M) 47.377ms
[9.864s][info][gc,metaspace] GC(14) Metaspace: 30595K(34304K)->30595K(34304K) NonClass: 25205K(26816K)->25205K(26816K) Class: 5389K(7488K)->5389K(7488K)
[9.864s][info][gc          ] GC(14) Pause Young (Normal) (G1 Evacuation Pause) 1255M->771M(6144M) 48.311ms
[11.174s][info][gc,metaspace] GC(15) Metaspace: 30595K(34304K)->30595K(34304K) NonClass: 25205K(26816K)->25205K(26816K) Class: 5389K(7488K)->5389K(7488K)
[11.174s][info][gc          ] GC(15) Pause Young (Normal) (G1 Evacuation Pause) 1535M->839M(6144M) 50.428ms
[12.347s][info][gc,metaspace] GC(16) Metaspace: 30595K(34304K)->30595K(34304K) NonClass: 25205K(26816K)->25205K(26816K) Class: 5389K(7488K)->5389K(7488K)
[12.347s][info][gc          ] GC(16) Pause Young (Normal) (G1 Evacuation Pause) 1543M->915M(6144M) 61.030ms
[13.810s][info][gc,metaspace] GC(17) Metaspace: 30595K(34304K)->30595K(34304K) NonClass: 25205K(26816K)->25205K(26816K) Class: 5389K(7488K)->5389K(7488K)
[13.810s][info][gc          ] GC(17) Pause Young (Normal) (G1 Evacuation Pause) 1875M->1005M(6144M) 72.075ms
[14.845s][info][gc,metaspace] GC(18) Metaspace: 30595K(34304K)->30595K(34304K) NonClass: 25205K(26816K)->25205K(26816K) Class: 5389K(7488K)->5389K(7488K)
[14.845s][info][gc          ] GC(18) Pause Young (Normal) (G1 Evacuation Pause) 1849M->1092M(6144M) 75.599ms
[15.951s][info][gc,metaspace] GC(19) Metaspace: 30595K(34304K)->30595K(34304K) NonClass: 25205K(26816K)->25205K(26816K) Class: 5389K(7488K)->5389K(7488K)
[15.951s][info][gc          ] GC(19) Pause Young (Normal) (G1 Evacuation Pause) 2228M->1197M(6144M) 77.293ms
[16.869s][info][gc,metaspace] GC(20) Metaspace: 30595K(34304K)->30595K(34304K) NonClass: 25205K(26816K)->25205K(26816K) Class: 5389K(7488K)->5389K(7488K)
[16.869s][info][gc          ] GC(20) Pause Young (Normal) (G1 Evacuation Pause) 2221M->1306M(6144M) 101.371ms
[17.937s][info][gc,metaspace] GC(21) Metaspace: 30595K(34304K)->30595K(34304K) NonClass: 25205K(26816K)->25205K(26816K) Class: 5389K(7488K)->5389K(7488K)
[17.937s][info][gc          ] GC(21) Pause Young (Normal) (G1 Evacuation Pause) 2606M->1433M(6144M) 97.615ms
[18.974s][info][gc,metaspace] GC(22) Metaspace: 30595K(34304K)->30595K(34304K) NonClass: 25205K(26816K)->25205K(26816K) Class: 5389K(7488K)->5389K(7488K)
[18.974s][info][gc          ] GC(22) Pause Young (Normal) (G1 Evacuation Pause) 2697M->1551M(6144M) 98.612ms
[20.195s][info][gc,metaspace] GC(23) Metaspace: 30595K(34304K)->30595K(34304K) NonClass: 25205K(26816K)->25205K(26816K) Class: 5389K(7488K)->5389K(7488K)
[20.195s][info][gc          ] GC(23) Pause Young (Normal) (G1 Evacuation Pause) 2979M->1689M(6144M) 113.006ms
[21.367s][info][gc,metaspace] GC(24) Metaspace: 30595K(34304K)->30595K(34304K) NonClass: 25205K(26816K)->25205K(26816K) Class: 5389K(7488K)->5389K(7488K)
[21.367s][info][gc          ] GC(24) Pause Young (Normal) (G1 Evacuation Pause) 3105M->1827M(6144M) 119.664ms
67108864 Objects created
 - IK: 55699211 (82.99829%)
 - OAK: 3355627 (5.0002737%)
 - TAK: 8054026 (12.001434%)
Preparatory GC...
[23.144s][info][gc,metaspace] GC(25) Metaspace: 30595K(34304K)->30595K(34304K) NonClass: 25205K(26816K)->25205K(26816K) Class: 5389K(7488K)->5389K(7488K)
[23.144s][info][gc          ] GC(25) Pause Full (System.gc()) 3167M->1810M(6144M) 801.149ms
[23.916s][info][gc,metaspace] GC(26) Metaspace: 30595K(34304K)->30595K(34304K) NonClass: 25205K(26816K)->25205K(26816K) Class: 5389K(7488K)->5389K(7488K)
[23.916s][info][gc          ] GC(26) Pause Full (System.gc()) 1810M->1810M(6144M) 772.563ms
Done; will start GCs... 
[24.563s][info][gc,metaspace] GC(27) Metaspace: 30595K(34304K)->30595K(34304K) NonClass: 25205K(26816K)->25205K(26816K) Class: 5389K(7488K)->5389K(7488K)
[24.564s][info][gc          ] GC(27) Pause Full (System.gc()) 1812M->1810M(6144M) 647.018ms
[25.209s][info][gc,metaspace] GC(28) Metaspace: 30595K(34304K)->30595K(34304K) NonClass: 25205K(26816K)->25205K(26816K) Class: 5389K(7488K)->5389K(7488K)
[25.209s][info][gc          ] GC(28) Pause Full (System.gc()) 1810M->1810M(6144M) 645.199ms
[25.860s][info][gc,metaspace] GC(29) Metaspace: 30595K(34304K)->30595K(34304K) NonClass: 25205K(26816K)->25205K(26816K) Class: 5389K(7488K)->5389K(7488K)
[25.860s][info][gc          ] GC(29) Pause Full (System.gc()) 1810M->1810M(6144M) 651.569ms
[26.506s][info][gc,metaspace] GC(30) Metaspace: 30595K(34304K)->30595K(34304K) NonClass: 25205K(26816K)->25205K(26816K) Class: 5389K(7488K)->5389K(7488K)
[26.506s][info][gc          ] GC(30) Pause Full (System.gc()) 1810M->1810M(6144M) 645.860ms
[27.156s][info][gc,metaspace] GC(31) Metaspace: 30595K(34304K)->30595K(34304K) NonClass: 25205K(26816K)->25205K(26816K) Class: 5389K(7488K)->5389K(7488K)
[27.156s][info][gc          ] GC(31) Pause Full (System.gc()) 1810M->1810M(6144M) 650.029ms
[27.794s][info][gc,metaspace] GC(32) Metaspace: 30595K(34304K)->30595K(34304K) NonClass: 25205K(26816K)->25205K(26816K) Class: 5389K(7488K)->5389K(7488K)
[27.794s][info][gc          ] GC(32) Pause Full (System.gc()) 1810M->1810M(6144M) 637.587ms
[28.446s][info][gc,metaspace] GC(33) Metaspace: 30595K(34304K)->30595K(34304K) NonClass: 25205K(26816K)->25205K(26816K) Class: 5389K(7488K)->5389K(7488K)
[28.446s][info][gc          ] GC(33) Pause Full (System.gc()) 1810M->1810M(6144M) 652.286ms
[29.097s][info][gc,metaspace] GC(34) Metaspace: 30595K(34304K)->30595K(34304K) NonClass: 25205K(26816K)->25205K(26816K) Class: 5389K(7488K)->5389K(7488K)
[29.097s][info][gc          ] GC(34) Pause Full (System.gc()) 1810M->1810M(6144M) 650.022ms
[29.743s][info][gc,metaspace] GC(35) Metaspace: 30595K(34304K)->30595K(34304K) NonClass: 25205K(26816K)->25205K(26816K) Class: 5389K(7488K)->5389K(7488K)
[29.743s][info][gc          ] GC(35) Pause Full (System.gc()) 1810M->1810M(6144M) 646.745ms
[30.397s][info][gc,metaspace] GC(36) Metaspace: 30595K(34304K)->30595K(34304K) NonClass: 25205K(26816K)->25205K(26816K) Class: 5389K(7488K)->5389K(7488K)
[30.397s][info][gc          ] GC(36) Pause Full (System.gc()) 1810M->1810M(6144M) 653.901ms
After GCs... 
