[0.001s][info][metaspace]  - commit_granule_bytes: 65536.
[0.001s][info][metaspace]  - commit_granule_words: 8192.
[0.001s][info][metaspace]  - virtual_space_node_default_size: 8388608.
[0.001s][info][metaspace]  - enlarge_chunks_in_place: 1.
[0.001s][info][metaspace]  - use_allocation_guard: 0.
[0.003s][info][gc       ] Using Parallel
[0.370s][info][metaspace] Reserving compressed class space anywhere
[0.370s][info][gc,metaspace] CDS archive(s) not mapped
[0.370s][info][gc,metaspace] Compressed class space mapped at: 0x0000000011000000-0x00000000d1000000, reserved size: 3221225472
[0.370s][info][gc,metaspace] UseCompressedClassPointers 1, UseCompactObjectHeaders 1, UseKlassTable 0, narrow klass pointer bits 26, max shift 6
[0.370s][info][gc,metaspace] Narrow klass base: 0x0000000011000000, Narrow klass shift: 6, Narrow klass range: 0xc0000000
Num Classes: 16
Num Objects per Class: 4194304
Cycles: 100
Class association: random
Generate 16 classes...
Loading 16...[0.984s][info][gc,metaspace] GC(0) Metaspace: 21704K(22144K)->21704K(22144K) NonClass: 19234K(19456K)->19234K(19456K) Class: 2469K(2688K)->2469K(2688K)
[0.984s][info][gc          ] GC(0) Pause Young (System.gc()) 215M->3M(5888M) 5.151ms
[0.993s][info][gc,metaspace] GC(1) Metaspace: 21704K(22144K)->21704K(22144K) NonClass: 19234K(19456K)->19234K(19456K) Class: 2469K(2688K)->2469K(2688K)
[0.993s][info][gc          ] GC(1) Pause Full (System.gc()) 3M->2M(5888M) 9.380ms
Creating 4194304 objects per class...
Done; will start GCs... 
[5.322s][info][gc,metaspace] GC(2) Metaspace: 21763K(22208K)->21763K(22208K) NonClass: 19285K(19520K)->19285K(19520K) Class: 2477K(2688K)->2477K(2688K)
[5.322s][info][gc          ] GC(2) Pause Young (System.gc()) 873M->771M(5888M) 2227.324ms
[7.413s][info][gc,metaspace] GC(3) Metaspace: 21763K(22208K)->21763K(22208K) NonClass: 19285K(19520K)->19285K(19520K) Class: 2477K(2688K)->2477K(2688K)
[7.413s][info][gc          ] GC(3) Pause Full (System.gc()) 771M->770M(5888M) 2091.467ms
[7.414s][info][gc,metaspace] GC(4) Metaspace: 21763K(22208K)->21763K(22208K) NonClass: 19285K(19520K)->19285K(19520K) Class: 2477K(2688K)->2477K(2688K)
[7.414s][info][gc          ] GC(4) Pause Young (System.gc()) 770M->770M(5888M) 0.496ms
[8.012s][info][gc,metaspace] GC(5) Metaspace: 21763K(22208K)->21763K(22208K) NonClass: 19285K(19520K)->19285K(19520K) Class: 2477K(2688K)->2477K(2688K)
[8.012s][info][gc          ] GC(5) Pause Full (System.gc()) 770M->770M(5888M) 597.756ms
[8.013s][info][gc,metaspace] GC(6) Metaspace: 21763K(22208K)->21763K(22208K) NonClass: 19285K(19520K)->19285K(19520K) Class: 2477K(2688K)->2477K(2688K)
[8.013s][info][gc          ] GC(6) Pause Young (System.gc()) 770M->770M(5888M) 0.698ms
[8.622s][info][gc,metaspace] GC(7) Metaspace: 21763K(22208K)->21763K(22208K) NonClass: 19285K(19520K)->19285K(19520K) Class: 2477K(2688K)->2477K(2688K)
[8.622s][info][gc          ] GC(7) Pause Full (System.gc()) 770M->770M(5888M) 608.862ms
[8.622s][info][gc,metaspace] GC(8) Metaspace: 21763K(22208K)->21763K(22208K) NonClass: 19285K(19520K)->19285K(19520K) Class: 2477K(2688K)->2477K(2688K)
[8.622s][info][gc          ] GC(8) Pause Young (System.gc()) 770M->770M(5888M) 0.602ms
[9.229s][info][gc,metaspace] GC(9) Metaspace: 21763K(22208K)->21763K(22208K) NonClass: 19285K(19520K)->19285K(19520K) Class: 2477K(2688K)->2477K(2688K)
[9.229s][info][gc          ] GC(9) Pause Full (System.gc()) 770M->770M(5888M) 606.875ms
[9.230s][info][gc,metaspace] GC(10) Metaspace: 21763K(22208K)->21763K(22208K) NonClass: 19285K(19520K)->19285K(19520K) Class: 2477K(2688K)->2477K(2688K)
[9.230s][info][gc          ] GC(10) Pause Young (System.gc()) 770M->770M(5888M) 0.449ms
[9.843s][info][gc,metaspace] GC(11) Metaspace: 21763K(22208K)->21763K(22208K) NonClass: 19285K(19520K)->19285K(19520K) Class: 2477K(2688K)->2477K(2688K)
[9.843s][info][gc          ] GC(11) Pause Full (System.gc()) 770M->770M(5888M) 613.550ms
[9.844s][info][gc,metaspace] GC(12) Metaspace: 21763K(22208K)->21763K(22208K) NonClass: 19285K(19520K)->19285K(19520K) Class: 2477K(2688K)->2477K(2688K)
[9.844s][info][gc          ] GC(12) Pause Young (System.gc()) 770M->770M(5888M) 0.518ms
[10.439s][info][gc,metaspace] GC(13) Metaspace: 21763K(22208K)->21763K(22208K) NonClass: 19285K(19520K)->19285K(19520K) Class: 2477K(2688K)->2477K(2688K)
[10.439s][info][gc          ] GC(13) Pause Full (System.gc()) 770M->770M(5888M) 595.203ms
[10.444s][info][gc,metaspace] GC(14) Metaspace: 21763K(22208K)->21763K(22208K) NonClass: 19285K(19520K)->19285K(19520K) Class: 2477K(2688K)->2477K(2688K)
[10.444s][info][gc          ] GC(14) Pause Young (System.gc()) 770M->770M(5888M) 0.470ms
[11.026s][info][gc,metaspace] GC(15) Metaspace: 21763K(22208K)->21763K(22208K) NonClass: 19285K(19520K)->19285K(19520K) Class: 2477K(2688K)->2477K(2688K)
[11.026s][info][gc          ] GC(15) Pause Full (System.gc()) 770M->770M(5888M) 582.090ms
[11.027s][info][gc,metaspace] GC(16) Metaspace: 21763K(22208K)->21763K(22208K) NonClass: 19285K(19520K)->19285K(19520K) Class: 2477K(2688K)->2477K(2688K)
[11.027s][info][gc          ] GC(16) Pause Young (System.gc()) 770M->770M(5888M) 0.456ms
[11.626s][info][gc,metaspace] GC(17) Metaspace: 21763K(22208K)->21763K(22208K) NonClass: 19285K(19520K)->19285K(19520K) Class: 2477K(2688K)->2477K(2688K)
[11.626s][info][gc          ] GC(17) Pause Full (System.gc()) 770M->770M(5888M) 598.786ms
[11.626s][info][gc,metaspace] GC(18) Metaspace: 21763K(22208K)->21763K(22208K) NonClass: 19285K(19520K)->19285K(19520K) Class: 2477K(2688K)->2477K(2688K)
[11.626s][info][gc          ] GC(18) Pause Young (System.gc()) 770M->770M(5888M) 0.468ms
[12.251s][info][gc,metaspace] GC(19) Metaspace: 21763K(22208K)->21763K(22208K) NonClass: 19285K(19520K)->19285K(19520K) Class: 2477K(2688K)->2477K(2688K)
[12.251s][info][gc          ] GC(19) Pause Full (System.gc()) 770M->770M(5888M) 625.123ms
[12.252s][info][gc,metaspace] GC(20) Metaspace: 21763K(22208K)->21763K(22208K) NonClass: 19285K(19520K)->19285K(19520K) Class: 2477K(2688K)->2477K(2688K)
[12.252s][info][gc          ] GC(20) Pause Young (System.gc()) 770M->770M(5888M) 0.452ms
[12.850s][info][gc,metaspace] GC(21) Metaspace: 21763K(22208K)->21763K(22208K) NonClass: 19285K(19520K)->19285K(19520K) Class: 2477K(2688K)->2477K(2688K)
[12.850s][info][gc          ] GC(21) Pause Full (System.gc()) 770M->770M(5888M) 597.768ms
[12.850s][info][gc,metaspace] GC(22) Metaspace: 21763K(22208K)->21763K(22208K) NonClass: 19285K(19520K)->19285K(19520K) Class: 2477K(2688K)->2477K(2688K)
[12.850s][info][gc          ] GC(22) Pause Young (System.gc()) 770M->770M(5888M) 0.510ms
[13.460s][info][gc,metaspace] GC(23) Metaspace: 21763K(22208K)->21763K(22208K) NonClass: 19285K(19520K)->19285K(19520K) Class: 2477K(2688K)->2477K(2688K)
[13.460s][info][gc          ] GC(23) Pause Full (System.gc()) 770M->770M(5888M) 609.664ms
[13.461s][info][gc,metaspace] GC(24) Metaspace: 21763K(22208K)->21763K(22208K) NonClass: 19285K(19520K)->19285K(19520K) Class: 2477K(2688K)->2477K(2688K)
[13.461s][info][gc          ] GC(24) Pause Young (System.gc()) 770M->770M(5888M) 0.451ms
[14.069s][info][gc,metaspace] GC(25) Metaspace: 21763K(22208K)->21763K(22208K) NonClass: 19285K(19520K)->19285K(19520K) Class: 2477K(2688K)->2477K(2688K)
[14.070s][info][gc          ] GC(25) Pause Full (System.gc()) 770M->770M(5888M) 608.867ms
[14.070s][info][gc,metaspace] GC(26) Metaspace: 21763K(22208K)->21763K(22208K) NonClass: 19285K(19520K)->19285K(19520K) Class: 2477K(2688K)->2477K(2688K)
[14.070s][info][gc          ] GC(26) Pause Young (System.gc()) 770M->770M(5888M) 0.464ms
[14.676s][info][gc,metaspace] GC(27) Metaspace: 21763K(22208K)->21763K(22208K) NonClass: 19285K(19520K)->19285K(19520K) Class: 2477K(2688K)->2477K(2688K)
[14.676s][info][gc          ] GC(27) Pause Full (System.gc()) 770M->770M(5888M) 605.594ms
[14.676s][info][gc,metaspace] GC(28) Metaspace: 21763K(22208K)->21763K(22208K) NonClass: 19285K(19520K)->19285K(19520K) Class: 2477K(2688K)->2477K(2688K)
[14.676s][info][gc          ] GC(28) Pause Young (System.gc()) 770M->770M(5888M) 0.446ms
[15.301s][info][gc,metaspace] GC(29) Metaspace: 21763K(22208K)->21763K(22208K) NonClass: 19285K(19520K)->19285K(19520K) Class: 2477K(2688K)->2477K(2688K)
[15.301s][info][gc          ] GC(29) Pause Full (System.gc()) 770M->770M(5888M) 624.791ms
[15.302s][info][gc,metaspace] GC(30) Metaspace: 21763K(22208K)->21763K(22208K) NonClass: 19285K(19520K)->19285K(19520K) Class: 2477K(2688K)->2477K(2688K)
[15.302s][info][gc          ] GC(30) Pause Young (System.gc()) 770M->770M(5888M) 0.460ms
[15.915s][info][gc,metaspace] GC(31) Metaspace: 21763K(22208K)->21763K(22208K) NonClass: 19285K(19520K)->19285K(19520K) Class: 2477K(2688K)->2477K(2688K)
[15.916s][info][gc          ] GC(31) Pause Full (System.gc()) 770M->770M(5888M) 613.835ms
[15.916s][info][gc,metaspace] GC(32) Metaspace: 21763K(22208K)->21763K(22208K) NonClass: 19285K(19520K)->19285K(19520K) Class: 2477K(2688K)->2477K(2688K)
[15.916s][info][gc          ] GC(32) Pause Young (System.gc()) 770M->770M(5888M) 0.491ms
[16.534s][info][gc,metaspace] GC(33) Metaspace: 21763K(22208K)->21763K(22208K) NonClass: 19285K(19520K)->19285K(19520K) Class: 2477K(2688K)->2477K(2688K)
[16.534s][info][gc          ] GC(33) Pause Full (System.gc()) 770M->770M(5888M) 618.238ms
[16.535s][info][gc,metaspace] GC(34) Metaspace: 21763K(22208K)->21763K(22208K) NonClass: 19285K(19520K)->19285K(19520K) Class: 2477K(2688K)->2477K(2688K)
[16.535s][info][gc          ] GC(34) Pause Young (System.gc()) 770M->770M(5888M) 0.437ms
[17.137s][info][gc,metaspace] GC(35) Metaspace: 21763K(22208K)->21763K(22208K) NonClass: 19285K(19520K)->19285K(19520K) Class: 2477K(2688K)->2477K(2688K)
[17.137s][info][gc          ] GC(35) Pause Full (System.gc()) 770M->770M(5888M) 601.955ms
[17.137s][info][gc,metaspace] GC(36) Metaspace: 21763K(22208K)->21763K(22208K) NonClass: 19285K(19520K)->19285K(19520K) Class: 2477K(2688K)->2477K(2688K)
[17.137s][info][gc          ] GC(36) Pause Young (System.gc()) 770M->770M(5888M) 0.424ms
[17.754s][info][gc,metaspace] GC(37) Metaspace: 21763K(22208K)->21763K(22208K) NonClass: 19285K(19520K)->19285K(19520K) Class: 2477K(2688K)->2477K(2688K)
[17.755s][info][gc          ] GC(37) Pause Full (System.gc()) 770M->770M(5888M) 617.130ms
[17.755s][info][gc,metaspace] GC(38) Metaspace: 21763K(22208K)->21763K(22208K) NonClass: 19285K(19520K)->19285K(19520K) Class: 2477K(2688K)->2477K(2688K)
[17.755s][info][gc          ] GC(38) Pause Young (System.gc()) 770M->770M(5888M) 0.490ms
[18.349s][info][gc,metaspace] GC(39) Metaspace: 21763K(22208K)->21763K(22208K) NonClass: 19285K(19520K)->19285K(19520K) Class: 2477K(2688K)->2477K(2688K)
[18.349s][info][gc          ] GC(39) Pause Full (System.gc()) 770M->770M(5888M) 593.550ms
[18.349s][info][gc,metaspace] GC(40) Metaspace: 21763K(22208K)->21763K(22208K) NonClass: 19285K(19520K)->19285K(19520K) Class: 2477K(2688K)->2477K(2688K)
[18.349s][info][gc          ] GC(40) Pause Young (System.gc()) 770M->770M(5888M) 0.465ms
[18.937s][info][gc,metaspace] GC(41) Metaspace: 21763K(22208K)->21763K(22208K) NonClass: 19285K(19520K)->19285K(19520K) Class: 2477K(2688K)->2477K(2688K)
[18.937s][info][gc          ] GC(41) Pause Full (System.gc()) 770M->770M(5888M) 587.286ms
[18.938s][info][gc,metaspace] GC(42) Metaspace: 21763K(22208K)->21763K(22208K) NonClass: 19285K(19520K)->19285K(19520K) Class: 2477K(2688K)->2477K(2688K)
[18.938s][info][gc          ] GC(42) Pause Young (System.gc()) 770M->770M(5888M) 0.787ms
[19.536s][info][gc,metaspace] GC(43) Metaspace: 21763K(22208K)->21763K(22208K) NonClass: 19285K(19520K)->19285K(19520K) Class: 2477K(2688K)->2477K(2688K)
[19.536s][info][gc          ] GC(43) Pause Full (System.gc()) 770M->770M(5888M) 598.379ms
[19.537s][info][gc,metaspace] GC(44) Metaspace: 21763K(22208K)->21763K(22208K) NonClass: 19285K(19520K)->19285K(19520K) Class: 2477K(2688K)->2477K(2688K)
[19.537s][info][gc          ] GC(44) Pause Young (System.gc()) 770M->770M(5888M) 0.775ms
[20.153s][info][gc,metaspace] GC(45) Metaspace: 21763K(22208K)->21763K(22208K) NonClass: 19285K(19520K)->19285K(19520K) Class: 2477K(2688K)->2477K(2688K)
[20.153s][info][gc          ] GC(45) Pause Full (System.gc()) 770M->770M(5888M) 616.148ms
[20.154s][info][gc,metaspace] GC(46) Metaspace: 21763K(22208K)->21763K(22208K) NonClass: 19285K(19520K)->19285K(19520K) Class: 2477K(2688K)->2477K(2688K)
[20.154s][info][gc          ] GC(46) Pause Young (System.gc()) 770M->770M(5888M) 0.517ms
[20.771s][info][gc,metaspace] GC(47) Metaspace: 21763K(22208K)->21763K(22208K) NonClass: 19285K(19520K)->19285K(19520K) Class: 2477K(2688K)->2477K(2688K)
[20.771s][info][gc          ] GC(47) Pause Full (System.gc()) 770M->770M(5888M) 617.104ms
[20.772s][info][gc,metaspace] GC(48) Metaspace: 21763K(22208K)->21763K(22208K) NonClass: 19285K(19520K)->19285K(19520K) Class: 2477K(2688K)->2477K(2688K)
[20.772s][info][gc          ] GC(48) Pause Young (System.gc()) 770M->770M(5888M) 0.774ms
[21.365s][info][gc,metaspace] GC(49) Metaspace: 21763K(22208K)->21763K(22208K) NonClass: 19285K(19520K)->19285K(19520K) Class: 2477K(2688K)->2477K(2688K)
[21.365s][info][gc          ] GC(49) Pause Full (System.gc()) 770M->770M(5888M) 593.534ms
[21.366s][info][gc,metaspace] GC(50) Metaspace: 21763K(22208K)->21763K(22208K) NonClass: 19285K(19520K)->19285K(19520K) Class: 2477K(2688K)->2477K(2688K)
[21.366s][info][gc          ] GC(50) Pause Young (System.gc()) 770M->770M(5888M) 0.795ms
[21.985s][info][gc,metaspace] GC(51) Metaspace: 21763K(22208K)->21763K(22208K) NonClass: 19285K(19520K)->19285K(19520K) Class: 2477K(2688K)->2477K(2688K)
[21.985s][info][gc          ] GC(51) Pause Full (System.gc()) 770M->770M(5888M) 618.656ms
[21.985s][info][gc,metaspace] GC(52) Metaspace: 21763K(22208K)->21763K(22208K) NonClass: 19285K(19520K)->19285K(19520K) Class: 2477K(2688K)->2477K(2688K)
[21.985s][info][gc          ] GC(52) Pause Young (System.gc()) 770M->770M(5888M) 0.446ms
[22.609s][info][gc,metaspace] GC(53) Metaspace: 21763K(22208K)->21763K(22208K) NonClass: 19285K(19520K)->19285K(19520K) Class: 2477K(2688K)->2477K(2688K)
[22.609s][info][gc          ] GC(53) Pause Full (System.gc()) 770M->770M(5888M) 623.269ms
[22.609s][info][gc,metaspace] GC(54) Metaspace: 21763K(22208K)->21763K(22208K) NonClass: 19285K(19520K)->19285K(19520K) Class: 2477K(2688K)->2477K(2688K)
[22.609s][info][gc          ] GC(54) Pause Young (System.gc()) 770M->770M(5888M) 0.493ms
[23.199s][info][gc,metaspace] GC(55) Metaspace: 21763K(22208K)->21763K(22208K) NonClass: 19285K(19520K)->19285K(19520K) Class: 2477K(2688K)->2477K(2688K)
[23.199s][info][gc          ] GC(55) Pause Full (System.gc()) 770M->770M(5888M) 589.804ms
[23.200s][info][gc,metaspace] GC(56) Metaspace: 21763K(22208K)->21763K(22208K) NonClass: 19285K(19520K)->19285K(19520K) Class: 2477K(2688K)->2477K(2688K)
[23.200s][info][gc          ] GC(56) Pause Young (System.gc()) 770M->770M(5888M) 0.440ms
[23.797s][info][gc,metaspace] GC(57) Metaspace: 21763K(22208K)->21763K(22208K) NonClass: 19285K(19520K)->19285K(19520K) Class: 2477K(2688K)->2477K(2688K)
[23.797s][info][gc          ] GC(57) Pause Full (System.gc()) 770M->770M(5888M) 597.224ms
[23.797s][info][gc,metaspace] GC(58) Metaspace: 21763K(22208K)->21763K(22208K) NonClass: 19285K(19520K)->19285K(19520K) Class: 2477K(2688K)->2477K(2688K)
[23.798s][info][gc          ] GC(58) Pause Young (System.gc()) 770M->770M(5888M) 0.480ms
[24.447s][info][gc,metaspace] GC(59) Metaspace: 21763K(22208K)->21763K(22208K) NonClass: 19285K(19520K)->19285K(19520K) Class: 2477K(2688K)->2477K(2688K)
[24.447s][info][gc          ] GC(59) Pause Full (System.gc()) 770M->770M(5888M) 649.529ms
[24.448s][info][gc,metaspace] GC(60) Metaspace: 21763K(22208K)->21763K(22208K) NonClass: 19285K(19520K)->19285K(19520K) Class: 2477K(2688K)->2477K(2688K)
[24.448s][info][gc          ] GC(60) Pause Young (System.gc()) 770M->770M(5888M) 0.488ms
[25.040s][info][gc,metaspace] GC(61) Metaspace: 21763K(22208K)->21763K(22208K) NonClass: 19285K(19520K)->19285K(19520K) Class: 2477K(2688K)->2477K(2688K)
[25.040s][info][gc          ] GC(61) Pause Full (System.gc()) 770M->770M(5888M) 592.724ms
[25.041s][info][gc,metaspace] GC(62) Metaspace: 21763K(22208K)->21763K(22208K) NonClass: 19285K(19520K)->19285K(19520K) Class: 2477K(2688K)->2477K(2688K)
[25.041s][info][gc          ] GC(62) Pause Young (System.gc()) 770M->770M(5888M) 0.723ms
[25.655s][info][gc,metaspace] GC(63) Metaspace: 21763K(22208K)->21763K(22208K) NonClass: 19285K(19520K)->19285K(19520K) Class: 2477K(2688K)->2477K(2688K)
[25.655s][info][gc          ] GC(63) Pause Full (System.gc()) 770M->770M(5888M) 614.045ms
[25.656s][info][gc,metaspace] GC(64) Metaspace: 21763K(22208K)->21763K(22208K) NonClass: 19285K(19520K)->19285K(19520K) Class: 2477K(2688K)->2477K(2688K)
[25.656s][info][gc          ] GC(64) Pause Young (System.gc()) 770M->770M(5888M) 0.435ms
[26.272s][info][gc,metaspace] GC(65) Metaspace: 21763K(22208K)->21763K(22208K) NonClass: 19285K(19520K)->19285K(19520K) Class: 2477K(2688K)->2477K(2688K)
[26.272s][info][gc          ] GC(65) Pause Full (System.gc()) 770M->770M(5888M) 616.029ms
[26.273s][info][gc,metaspace] GC(66) Metaspace: 21763K(22208K)->21763K(22208K) NonClass: 19285K(19520K)->19285K(19520K) Class: 2477K(2688K)->2477K(2688K)
[26.273s][info][gc          ] GC(66) Pause Young (System.gc()) 770M->770M(5888M) 0.755ms
[26.861s][info][gc,metaspace] GC(67) Metaspace: 21763K(22208K)->21763K(22208K) NonClass: 19285K(19520K)->19285K(19520K) Class: 2477K(2688K)->2477K(2688K)
[26.861s][info][gc          ] GC(67) Pause Full (System.gc()) 770M->770M(5888M) 587.800ms
[26.861s][info][gc,metaspace] GC(68) Metaspace: 21763K(22208K)->21763K(22208K) NonClass: 19285K(19520K)->19285K(19520K) Class: 2477K(2688K)->2477K(2688K)
[26.862s][info][gc          ] GC(68) Pause Young (System.gc()) 770M->770M(5888M) 0.791ms
[27.516s][info][gc,metaspace] GC(69) Metaspace: 21763K(22208K)->21763K(22208K) NonClass: 19285K(19520K)->19285K(19520K) Class: 2477K(2688K)->2477K(2688K)
[27.516s][info][gc          ] GC(69) Pause Full (System.gc()) 770M->770M(5888M) 654.141ms
[27.516s][info][gc,metaspace] GC(70) Metaspace: 21763K(22208K)->21763K(22208K) NonClass: 19285K(19520K)->19285K(19520K) Class: 2477K(2688K)->2477K(2688K)
[27.516s][info][gc          ] GC(70) Pause Young (System.gc()) 770M->770M(5888M) 0.499ms
[28.106s][info][gc,metaspace] GC(71) Metaspace: 21763K(22208K)->21763K(22208K) NonClass: 19285K(19520K)->19285K(19520K) Class: 2477K(2688K)->2477K(2688K)
[28.106s][info][gc          ] GC(71) Pause Full (System.gc()) 770M->770M(5888M) 589.329ms
[28.106s][info][gc,metaspace] GC(72) Metaspace: 21763K(22208K)->21763K(22208K) NonClass: 19285K(19520K)->19285K(19520K) Class: 2477K(2688K)->2477K(2688K)
[28.106s][info][gc          ] GC(72) Pause Young (System.gc()) 770M->770M(5888M) 0.448ms
[28.887s][info][gc,metaspace] GC(73) Metaspace: 21763K(22208K)->21763K(22208K) NonClass: 19285K(19520K)->19285K(19520K) Class: 2477K(2688K)->2477K(2688K)
[28.887s][info][gc          ] GC(73) Pause Full (System.gc()) 770M->770M(5888M) 780.335ms
[28.887s][info][gc,metaspace] GC(74) Metaspace: 21763K(22208K)->21763K(22208K) NonClass: 19285K(19520K)->19285K(19520K) Class: 2477K(2688K)->2477K(2688K)
[28.887s][info][gc          ] GC(74) Pause Young (System.gc()) 770M->770M(5888M) 0.766ms
[29.521s][info][gc,metaspace] GC(75) Metaspace: 21763K(22208K)->21763K(22208K) NonClass: 19285K(19520K)->19285K(19520K) Class: 2477K(2688K)->2477K(2688K)
[29.521s][info][gc          ] GC(75) Pause Full (System.gc()) 770M->770M(5888M) 633.685ms
[29.522s][info][gc,metaspace] GC(76) Metaspace: 21763K(22208K)->21763K(22208K) NonClass: 19285K(19520K)->19285K(19520K) Class: 2477K(2688K)->2477K(2688K)
[29.522s][info][gc          ] GC(76) Pause Young (System.gc()) 770M->770M(5888M) 0.451ms
[30.123s][info][gc,metaspace] GC(77) Metaspace: 21763K(22208K)->21763K(22208K) NonClass: 19285K(19520K)->19285K(19520K) Class: 2477K(2688K)->2477K(2688K)
[30.123s][info][gc          ] GC(77) Pause Full (System.gc()) 770M->770M(5888M) 601.603ms
[30.124s][info][gc,metaspace] GC(78) Metaspace: 21763K(22208K)->21763K(22208K) NonClass: 19285K(19520K)->19285K(19520K) Class: 2477K(2688K)->2477K(2688K)
[30.124s][info][gc          ] GC(78) Pause Young (System.gc()) 770M->770M(5888M) 0.506ms
[30.726s][info][gc,metaspace] GC(79) Metaspace: 21763K(22208K)->21763K(22208K) NonClass: 19285K(19520K)->19285K(19520K) Class: 2477K(2688K)->2477K(2688K)
[30.726s][info][gc          ] GC(79) Pause Full (System.gc()) 770M->770M(5888M) 602.419ms
[30.727s][info][gc,metaspace] GC(80) Metaspace: 21763K(22208K)->21763K(22208K) NonClass: 19285K(19520K)->19285K(19520K) Class: 2477K(2688K)->2477K(2688K)
[30.727s][info][gc          ] GC(80) Pause Young (System.gc()) 770M->770M(5888M) 0.497ms
[31.316s][info][gc,metaspace] GC(81) Metaspace: 21763K(22208K)->21763K(22208K) NonClass: 19285K(19520K)->19285K(19520K) Class: 2477K(2688K)->2477K(2688K)
[31.316s][info][gc          ] GC(81) Pause Full (System.gc()) 770M->770M(5888M) 588.837ms
[31.316s][info][gc,metaspace] GC(82) Metaspace: 21763K(22208K)->21763K(22208K) NonClass: 19285K(19520K)->19285K(19520K) Class: 2477K(2688K)->2477K(2688K)
[31.316s][info][gc          ] GC(82) Pause Young (System.gc()) 770M->770M(5888M) 0.460ms
[31.914s][info][gc,metaspace] GC(83) Metaspace: 21763K(22208K)->21763K(22208K) NonClass: 19285K(19520K)->19285K(19520K) Class: 2477K(2688K)->2477K(2688K)
[31.914s][info][gc          ] GC(83) Pause Full (System.gc()) 770M->770M(5888M) 597.172ms
[31.914s][info][gc,metaspace] GC(84) Metaspace: 21763K(22208K)->21763K(22208K) NonClass: 19285K(19520K)->19285K(19520K) Class: 2477K(2688K)->2477K(2688K)
[31.914s][info][gc          ] GC(84) Pause Young (System.gc()) 770M->770M(5888M) 0.475ms
[32.508s][info][gc,metaspace] GC(85) Metaspace: 21763K(22208K)->21763K(22208K) NonClass: 19285K(19520K)->19285K(19520K) Class: 2477K(2688K)->2477K(2688K)
[32.508s][info][gc          ] GC(85) Pause Full (System.gc()) 770M->770M(5888M) 593.538ms
[32.509s][info][gc,metaspace] GC(86) Metaspace: 21763K(22208K)->21763K(22208K) NonClass: 19285K(19520K)->19285K(19520K) Class: 2477K(2688K)->2477K(2688K)
[32.509s][info][gc          ] GC(86) Pause Young (System.gc()) 770M->770M(5888M) 0.783ms
[33.108s][info][gc,metaspace] GC(87) Metaspace: 21763K(22208K)->21763K(22208K) NonClass: 19285K(19520K)->19285K(19520K) Class: 2477K(2688K)->2477K(2688K)
[33.108s][info][gc          ] GC(87) Pause Full (System.gc()) 770M->770M(5888M) 599.008ms
[33.108s][info][gc,metaspace] GC(88) Metaspace: 21763K(22208K)->21763K(22208K) NonClass: 19285K(19520K)->19285K(19520K) Class: 2477K(2688K)->2477K(2688K)
[33.108s][info][gc          ] GC(88) Pause Young (System.gc()) 770M->770M(5888M) 0.457ms
[33.697s][info][gc,metaspace] GC(89) Metaspace: 21763K(22208K)->21763K(22208K) NonClass: 19285K(19520K)->19285K(19520K) Class: 2477K(2688K)->2477K(2688K)
[33.697s][info][gc          ] GC(89) Pause Full (System.gc()) 770M->770M(5888M) 588.786ms
[33.698s][info][gc,metaspace] GC(90) Metaspace: 21763K(22208K)->21763K(22208K) NonClass: 19285K(19520K)->19285K(19520K) Class: 2477K(2688K)->2477K(2688K)
[33.698s][info][gc          ] GC(90) Pause Young (System.gc()) 770M->770M(5888M) 0.450ms
[34.293s][info][gc,metaspace] GC(91) Metaspace: 21763K(22208K)->21763K(22208K) NonClass: 19285K(19520K)->19285K(19520K) Class: 2477K(2688K)->2477K(2688K)
[34.293s][info][gc          ] GC(91) Pause Full (System.gc()) 770M->770M(5888M) 595.640ms
[34.294s][info][gc,metaspace] GC(92) Metaspace: 21763K(22208K)->21763K(22208K) NonClass: 19285K(19520K)->19285K(19520K) Class: 2477K(2688K)->2477K(2688K)
[34.294s][info][gc          ] GC(92) Pause Young (System.gc()) 770M->770M(5888M) 0.475ms
[34.897s][info][gc,metaspace] GC(93) Metaspace: 21763K(22208K)->21763K(22208K) NonClass: 19285K(19520K)->19285K(19520K) Class: 2477K(2688K)->2477K(2688K)
[34.897s][info][gc          ] GC(93) Pause Full (System.gc()) 770M->770M(5888M) 602.846ms
[34.898s][info][gc,metaspace] GC(94) Metaspace: 21763K(22208K)->21763K(22208K) NonClass: 19285K(19520K)->19285K(19520K) Class: 2477K(2688K)->2477K(2688K)
[34.898s][info][gc          ] GC(94) Pause Young (System.gc()) 770M->770M(5888M) 0.800ms
[35.684s][info][gc,metaspace] GC(95) Metaspace: 21763K(22208K)->21763K(22208K) NonClass: 19285K(19520K)->19285K(19520K) Class: 2477K(2688K)->2477K(2688K)
[35.684s][info][gc          ] GC(95) Pause Full (System.gc()) 770M->770M(5888M) 785.901ms
[35.684s][info][gc,metaspace] GC(96) Metaspace: 21763K(22208K)->21763K(22208K) NonClass: 19285K(19520K)->19285K(19520K) Class: 2477K(2688K)->2477K(2688K)
[35.684s][info][gc          ] GC(96) Pause Young (System.gc()) 770M->770M(5888M) 0.455ms
[36.304s][info][gc,metaspace] GC(97) Metaspace: 21763K(22208K)->21763K(22208K) NonClass: 19285K(19520K)->19285K(19520K) Class: 2477K(2688K)->2477K(2688K)
[36.304s][info][gc          ] GC(97) Pause Full (System.gc()) 770M->770M(5888M) 619.486ms
[36.309s][info][gc,metaspace] GC(98) Metaspace: 21763K(22208K)->21763K(22208K) NonClass: 19285K(19520K)->19285K(19520K) Class: 2477K(2688K)->2477K(2688K)
[36.309s][info][gc          ] GC(98) Pause Young (System.gc()) 770M->770M(5888M) 0.561ms
[36.899s][info][gc,metaspace] GC(99) Metaspace: 21763K(22208K)->21763K(22208K) NonClass: 19285K(19520K)->19285K(19520K) Class: 2477K(2688K)->2477K(2688K)
[36.899s][info][gc          ] GC(99) Pause Full (System.gc()) 770M->770M(5888M) 590.477ms
[36.900s][info][gc,metaspace] GC(100) Metaspace: 21763K(22208K)->21763K(22208K) NonClass: 19285K(19520K)->19285K(19520K) Class: 2477K(2688K)->2477K(2688K)
[36.900s][info][gc          ] GC(100) Pause Young (System.gc()) 770M->770M(5888M) 0.497ms
[37.516s][info][gc,metaspace] GC(101) Metaspace: 21763K(22208K)->21763K(22208K) NonClass: 19285K(19520K)->19285K(19520K) Class: 2477K(2688K)->2477K(2688K)
[37.516s][info][gc          ] GC(101) Pause Full (System.gc()) 770M->770M(5888M) 615.879ms
[37.516s][info][gc,metaspace] GC(102) Metaspace: 21763K(22208K)->21763K(22208K) NonClass: 19285K(19520K)->19285K(19520K) Class: 2477K(2688K)->2477K(2688K)
[37.516s][info][gc          ] GC(102) Pause Young (System.gc()) 770M->770M(5888M) 0.480ms
[38.114s][info][gc,metaspace] GC(103) Metaspace: 21763K(22208K)->21763K(22208K) NonClass: 19285K(19520K)->19285K(19520K) Class: 2477K(2688K)->2477K(2688K)
[38.114s][info][gc          ] GC(103) Pause Full (System.gc()) 770M->770M(5888M) 598.082ms
[38.115s][info][gc,metaspace] GC(104) Metaspace: 21763K(22208K)->21763K(22208K) NonClass: 19285K(19520K)->19285K(19520K) Class: 2477K(2688K)->2477K(2688K)
[38.115s][info][gc          ] GC(104) Pause Young (System.gc()) 770M->770M(5888M) 0.496ms
[38.728s][info][gc,metaspace] GC(105) Metaspace: 21763K(22208K)->21763K(22208K) NonClass: 19285K(19520K)->19285K(19520K) Class: 2477K(2688K)->2477K(2688K)
[38.728s][info][gc          ] GC(105) Pause Full (System.gc()) 770M->770M(5888M) 612.800ms
[38.728s][info][gc,metaspace] GC(106) Metaspace: 21763K(22208K)->21763K(22208K) NonClass: 19285K(19520K)->19285K(19520K) Class: 2477K(2688K)->2477K(2688K)
[38.728s][info][gc          ] GC(106) Pause Young (System.gc()) 770M->770M(5888M) 0.495ms
[39.442s][info][gc,metaspace] GC(107) Metaspace: 21763K(22208K)->21763K(22208K) NonClass: 19285K(19520K)->19285K(19520K) Class: 2477K(2688K)->2477K(2688K)
[39.442s][info][gc          ] GC(107) Pause Full (System.gc()) 770M->770M(5888M) 713.700ms
[39.443s][info][gc,metaspace] GC(108) Metaspace: 21763K(22208K)->21763K(22208K) NonClass: 19285K(19520K)->19285K(19520K) Class: 2477K(2688K)->2477K(2688K)
[39.443s][info][gc          ] GC(108) Pause Young (System.gc()) 770M->770M(5888M) 0.779ms
[40.054s][info][gc,metaspace] GC(109) Metaspace: 21763K(22208K)->21763K(22208K) NonClass: 19285K(19520K)->19285K(19520K) Class: 2477K(2688K)->2477K(2688K)
[40.054s][info][gc          ] GC(109) Pause Full (System.gc()) 770M->770M(5888M) 611.357ms
[40.055s][info][gc,metaspace] GC(110) Metaspace: 21763K(22208K)->21763K(22208K) NonClass: 19285K(19520K)->19285K(19520K) Class: 2477K(2688K)->2477K(2688K)
[40.055s][info][gc          ] GC(110) Pause Young (System.gc()) 770M->770M(5888M) 0.449ms
[40.654s][info][gc,metaspace] GC(111) Metaspace: 21763K(22208K)->21763K(22208K) NonClass: 19285K(19520K)->19285K(19520K) Class: 2477K(2688K)->2477K(2688K)
[40.654s][info][gc          ] GC(111) Pause Full (System.gc()) 770M->770M(5888M) 598.691ms
[40.654s][info][gc,metaspace] GC(112) Metaspace: 21763K(22208K)->21763K(22208K) NonClass: 19285K(19520K)->19285K(19520K) Class: 2477K(2688K)->2477K(2688K)
[40.654s][info][gc          ] GC(112) Pause Young (System.gc()) 770M->770M(5888M) 0.583ms
[41.253s][info][gc,metaspace] GC(113) Metaspace: 21763K(22208K)->21763K(22208K) NonClass: 19285K(19520K)->19285K(19520K) Class: 2477K(2688K)->2477K(2688K)
[41.253s][info][gc          ] GC(113) Pause Full (System.gc()) 770M->770M(5888M) 598.826ms
[41.254s][info][gc,metaspace] GC(114) Metaspace: 21763K(22208K)->21763K(22208K) NonClass: 19285K(19520K)->19285K(19520K) Class: 2477K(2688K)->2477K(2688K)
[41.254s][info][gc          ] GC(114) Pause Young (System.gc()) 770M->770M(5888M) 0.445ms
[41.858s][info][gc,metaspace] GC(115) Metaspace: 21763K(22208K)->21763K(22208K) NonClass: 19285K(19520K)->19285K(19520K) Class: 2477K(2688K)->2477K(2688K)
[41.858s][info][gc          ] GC(115) Pause Full (System.gc()) 770M->770M(5888M) 603.998ms
[41.858s][info][gc,metaspace] GC(116) Metaspace: 21763K(22208K)->21763K(22208K) NonClass: 19285K(19520K)->19285K(19520K) Class: 2477K(2688K)->2477K(2688K)
[41.858s][info][gc          ] GC(116) Pause Young (System.gc()) 770M->770M(5888M) 0.586ms
[42.489s][info][gc,metaspace] GC(117) Metaspace: 21763K(22208K)->21763K(22208K) NonClass: 19285K(19520K)->19285K(19520K) Class: 2477K(2688K)->2477K(2688K)
[42.490s][info][gc          ] GC(117) Pause Full (System.gc()) 770M->770M(5888M) 631.037ms
[42.490s][info][gc,metaspace] GC(118) Metaspace: 21763K(22208K)->21763K(22208K) NonClass: 19285K(19520K)->19285K(19520K) Class: 2477K(2688K)->2477K(2688K)
[42.490s][info][gc          ] GC(118) Pause Young (System.gc()) 770M->770M(5888M) 0.494ms
[43.082s][info][gc,metaspace] GC(119) Metaspace: 21763K(22208K)->21763K(22208K) NonClass: 19285K(19520K)->19285K(19520K) Class: 2477K(2688K)->2477K(2688K)
[43.082s][info][gc          ] GC(119) Pause Full (System.gc()) 770M->770M(5888M) 591.892ms
[43.083s][info][gc,metaspace] GC(120) Metaspace: 21763K(22208K)->21763K(22208K) NonClass: 19285K(19520K)->19285K(19520K) Class: 2477K(2688K)->2477K(2688K)
[43.083s][info][gc          ] GC(120) Pause Young (System.gc()) 770M->770M(5888M) 0.483ms
[43.671s][info][gc,metaspace] GC(121) Metaspace: 21763K(22208K)->21763K(22208K) NonClass: 19285K(19520K)->19285K(19520K) Class: 2477K(2688K)->2477K(2688K)
[43.671s][info][gc          ] GC(121) Pause Full (System.gc()) 770M->770M(5888M) 588.274ms
[43.671s][info][gc,metaspace] GC(122) Metaspace: 21763K(22208K)->21763K(22208K) NonClass: 19285K(19520K)->19285K(19520K) Class: 2477K(2688K)->2477K(2688K)
[43.671s][info][gc          ] GC(122) Pause Young (System.gc()) 770M->770M(5888M) 0.444ms
[44.267s][info][gc,metaspace] GC(123) Metaspace: 21763K(22208K)->21763K(22208K) NonClass: 19285K(19520K)->19285K(19520K) Class: 2477K(2688K)->2477K(2688K)
[44.267s][info][gc          ] GC(123) Pause Full (System.gc()) 770M->770M(5888M) 595.730ms
[44.268s][info][gc,metaspace] GC(124) Metaspace: 21763K(22208K)->21763K(22208K) NonClass: 19285K(19520K)->19285K(19520K) Class: 2477K(2688K)->2477K(2688K)
[44.268s][info][gc          ] GC(124) Pause Young (System.gc()) 770M->770M(5888M) 0.700ms
[44.857s][info][gc,metaspace] GC(125) Metaspace: 21763K(22208K)->21763K(22208K) NonClass: 19285K(19520K)->19285K(19520K) Class: 2477K(2688K)->2477K(2688K)
[44.857s][info][gc          ] GC(125) Pause Full (System.gc()) 770M->770M(5888M) 588.549ms
[44.857s][info][gc,metaspace] GC(126) Metaspace: 21763K(22208K)->21763K(22208K) NonClass: 19285K(19520K)->19285K(19520K) Class: 2477K(2688K)->2477K(2688K)
[44.857s][info][gc          ] GC(126) Pause Young (System.gc()) 770M->770M(5888M) 0.523ms
[45.459s][info][gc,metaspace] GC(127) Metaspace: 21763K(22208K)->21763K(22208K) NonClass: 19285K(19520K)->19285K(19520K) Class: 2477K(2688K)->2477K(2688K)
[45.459s][info][gc          ] GC(127) Pause Full (System.gc()) 770M->770M(5888M) 601.713ms
[45.460s][info][gc,metaspace] GC(128) Metaspace: 21763K(22208K)->21763K(22208K) NonClass: 19285K(19520K)->19285K(19520K) Class: 2477K(2688K)->2477K(2688K)
[45.460s][info][gc          ] GC(128) Pause Young (System.gc()) 770M->770M(5888M) 0.474ms
[46.061s][info][gc,metaspace] GC(129) Metaspace: 21763K(22208K)->21763K(22208K) NonClass: 19285K(19520K)->19285K(19520K) Class: 2477K(2688K)->2477K(2688K)
[46.061s][info][gc          ] GC(129) Pause Full (System.gc()) 770M->770M(5888M) 601.754ms
[46.062s][info][gc,metaspace] GC(130) Metaspace: 21763K(22208K)->21763K(22208K) NonClass: 19285K(19520K)->19285K(19520K) Class: 2477K(2688K)->2477K(2688K)
[46.062s][info][gc          ] GC(130) Pause Young (System.gc()) 770M->770M(5888M) 0.779ms
[46.646s][info][gc,metaspace] GC(131) Metaspace: 21763K(22208K)->21763K(22208K) NonClass: 19285K(19520K)->19285K(19520K) Class: 2477K(2688K)->2477K(2688K)
[46.646s][info][gc          ] GC(131) Pause Full (System.gc()) 770M->770M(5888M) 583.372ms
[46.646s][info][gc,metaspace] GC(132) Metaspace: 21763K(22208K)->21763K(22208K) NonClass: 19285K(19520K)->19285K(19520K) Class: 2477K(2688K)->2477K(2688K)
[46.646s][info][gc          ] GC(132) Pause Young (System.gc()) 770M->770M(5888M) 0.566ms
[47.252s][info][gc,metaspace] GC(133) Metaspace: 21763K(22208K)->21763K(22208K) NonClass: 19285K(19520K)->19285K(19520K) Class: 2477K(2688K)->2477K(2688K)
[47.252s][info][gc          ] GC(133) Pause Full (System.gc()) 770M->770M(5888M) 605.639ms
[47.252s][info][gc,metaspace] GC(134) Metaspace: 21763K(22208K)->21763K(22208K) NonClass: 19285K(19520K)->19285K(19520K) Class: 2477K(2688K)->2477K(2688K)
[47.253s][info][gc          ] GC(134) Pause Young (System.gc()) 770M->770M(5888M) 0.463ms
[47.846s][info][gc,metaspace] GC(135) Metaspace: 21763K(22208K)->21763K(22208K) NonClass: 19285K(19520K)->19285K(19520K) Class: 2477K(2688K)->2477K(2688K)
[47.846s][info][gc          ] GC(135) Pause Full (System.gc()) 770M->770M(5888M) 593.794ms
[47.847s][info][gc,metaspace] GC(136) Metaspace: 21763K(22208K)->21763K(22208K) NonClass: 19285K(19520K)->19285K(19520K) Class: 2477K(2688K)->2477K(2688K)
[47.847s][info][gc          ] GC(136) Pause Young (System.gc()) 770M->770M(5888M) 0.483ms
[48.459s][info][gc,metaspace] GC(137) Metaspace: 21763K(22208K)->21763K(22208K) NonClass: 19285K(19520K)->19285K(19520K) Class: 2477K(2688K)->2477K(2688K)
[48.459s][info][gc          ] GC(137) Pause Full (System.gc()) 770M->770M(5888M) 611.875ms
[48.459s][info][gc,metaspace] GC(138) Metaspace: 21763K(22208K)->21763K(22208K) NonClass: 19285K(19520K)->19285K(19520K) Class: 2477K(2688K)->2477K(2688K)
[48.459s][info][gc          ] GC(138) Pause Young (System.gc()) 770M->770M(5888M) 0.468ms
[49.066s][info][gc,metaspace] GC(139) Metaspace: 21763K(22208K)->21763K(22208K) NonClass: 19285K(19520K)->19285K(19520K) Class: 2477K(2688K)->2477K(2688K)
[49.066s][info][gc          ] GC(139) Pause Full (System.gc()) 770M->770M(5888M) 606.227ms
[49.066s][info][gc,metaspace] GC(140) Metaspace: 21763K(22208K)->21763K(22208K) NonClass: 19285K(19520K)->19285K(19520K) Class: 2477K(2688K)->2477K(2688K)
[49.066s][info][gc          ] GC(140) Pause Young (System.gc()) 770M->770M(5888M) 0.522ms
[49.663s][info][gc,metaspace] GC(141) Metaspace: 21763K(22208K)->21763K(22208K) NonClass: 19285K(19520K)->19285K(19520K) Class: 2477K(2688K)->2477K(2688K)
[49.663s][info][gc          ] GC(141) Pause Full (System.gc()) 770M->770M(5888M) 596.627ms
[49.664s][info][gc,metaspace] GC(142) Metaspace: 21763K(22208K)->21763K(22208K) NonClass: 19285K(19520K)->19285K(19520K) Class: 2477K(2688K)->2477K(2688K)
[49.664s][info][gc          ] GC(142) Pause Young (System.gc()) 770M->770M(5888M) 0.761ms
[50.261s][info][gc,metaspace] GC(143) Metaspace: 21763K(22208K)->21763K(22208K) NonClass: 19285K(19520K)->19285K(19520K) Class: 2477K(2688K)->2477K(2688K)
[50.261s][info][gc          ] GC(143) Pause Full (System.gc()) 770M->770M(5888M) 597.348ms
[50.262s][info][gc,metaspace] GC(144) Metaspace: 21763K(22208K)->21763K(22208K) NonClass: 19285K(19520K)->19285K(19520K) Class: 2477K(2688K)->2477K(2688K)
[50.262s][info][gc          ] GC(144) Pause Young (System.gc()) 770M->770M(5888M) 0.429ms
[50.864s][info][gc,metaspace] GC(145) Metaspace: 21763K(22208K)->21763K(22208K) NonClass: 19285K(19520K)->19285K(19520K) Class: 2477K(2688K)->2477K(2688K)
[50.864s][info][gc          ] GC(145) Pause Full (System.gc()) 770M->770M(5888M) 602.576ms
[50.865s][info][gc,metaspace] GC(146) Metaspace: 21763K(22208K)->21763K(22208K) NonClass: 19285K(19520K)->19285K(19520K) Class: 2477K(2688K)->2477K(2688K)
[50.865s][info][gc          ] GC(146) Pause Young (System.gc()) 770M->770M(5888M) 0.804ms
[51.517s][info][gc,metaspace] GC(147) Metaspace: 21763K(22208K)->21763K(22208K) NonClass: 19285K(19520K)->19285K(19520K) Class: 2477K(2688K)->2477K(2688K)
[51.517s][info][gc          ] GC(147) Pause Full (System.gc()) 770M->770M(5888M) 651.780ms
[51.518s][info][gc,metaspace] GC(148) Metaspace: 21763K(22208K)->21763K(22208K) NonClass: 19285K(19520K)->19285K(19520K) Class: 2477K(2688K)->2477K(2688K)
[51.518s][info][gc          ] GC(148) Pause Young (System.gc()) 770M->770M(5888M) 0.504ms
[52.100s][info][gc,metaspace] GC(149) Metaspace: 21763K(22208K)->21763K(22208K) NonClass: 19285K(19520K)->19285K(19520K) Class: 2477K(2688K)->2477K(2688K)
[52.100s][info][gc          ] GC(149) Pause Full (System.gc()) 770M->770M(5888M) 582.295ms
[52.101s][info][gc,metaspace] GC(150) Metaspace: 21763K(22208K)->21763K(22208K) NonClass: 19285K(19520K)->19285K(19520K) Class: 2477K(2688K)->2477K(2688K)
[52.101s][info][gc          ] GC(150) Pause Young (System.gc()) 770M->770M(5888M) 0.464ms
[52.705s][info][gc,metaspace] GC(151) Metaspace: 21763K(22208K)->21763K(22208K) NonClass: 19285K(19520K)->19285K(19520K) Class: 2477K(2688K)->2477K(2688K)
[52.705s][info][gc          ] GC(151) Pause Full (System.gc()) 770M->770M(5888M) 604.709ms
[52.706s][info][gc,metaspace] GC(152) Metaspace: 21763K(22208K)->21763K(22208K) NonClass: 19285K(19520K)->19285K(19520K) Class: 2477K(2688K)->2477K(2688K)
[52.706s][info][gc          ] GC(152) Pause Young (System.gc()) 770M->770M(5888M) 0.498ms
[53.300s][info][gc,metaspace] GC(153) Metaspace: 21763K(22208K)->21763K(22208K) NonClass: 19285K(19520K)->19285K(19520K) Class: 2477K(2688K)->2477K(2688K)
[53.300s][info][gc          ] GC(153) Pause Full (System.gc()) 770M->770M(5888M) 594.252ms
[53.301s][info][gc,metaspace] GC(154) Metaspace: 21763K(22208K)->21763K(22208K) NonClass: 19285K(19520K)->19285K(19520K) Class: 2477K(2688K)->2477K(2688K)
[53.301s][info][gc          ] GC(154) Pause Young (System.gc()) 770M->770M(5888M) 0.528ms
[53.926s][info][gc,metaspace] GC(155) Metaspace: 21763K(22208K)->21763K(22208K) NonClass: 19285K(19520K)->19285K(19520K) Class: 2477K(2688K)->2477K(2688K)
[53.926s][info][gc          ] GC(155) Pause Full (System.gc()) 770M->770M(5888M) 624.888ms
[53.926s][info][gc,metaspace] GC(156) Metaspace: 21763K(22208K)->21763K(22208K) NonClass: 19285K(19520K)->19285K(19520K) Class: 2477K(2688K)->2477K(2688K)
[53.926s][info][gc          ] GC(156) Pause Young (System.gc()) 770M->770M(5888M) 0.458ms
[54.685s][info][gc,metaspace] GC(157) Metaspace: 21763K(22208K)->21763K(22208K) NonClass: 19285K(19520K)->19285K(19520K) Class: 2477K(2688K)->2477K(2688K)
[54.685s][info][gc          ] GC(157) Pause Full (System.gc()) 770M->770M(5888M) 759.037ms
[54.686s][info][gc,metaspace] GC(158) Metaspace: 21763K(22208K)->21763K(22208K) NonClass: 19285K(19520K)->19285K(19520K) Class: 2477K(2688K)->2477K(2688K)
[54.686s][info][gc          ] GC(158) Pause Young (System.gc()) 770M->770M(5888M) 0.673ms
[55.292s][info][gc,metaspace] GC(159) Metaspace: 21763K(22208K)->21763K(22208K) NonClass: 19285K(19520K)->19285K(19520K) Class: 2477K(2688K)->2477K(2688K)
[55.292s][info][gc          ] GC(159) Pause Full (System.gc()) 770M->770M(5888M) 606.142ms
[55.293s][info][gc,metaspace] GC(160) Metaspace: 21763K(22208K)->21763K(22208K) NonClass: 19285K(19520K)->19285K(19520K) Class: 2477K(2688K)->2477K(2688K)
[55.293s][info][gc          ] GC(160) Pause Young (System.gc()) 770M->770M(5888M) 0.455ms
[55.901s][info][gc,metaspace] GC(161) Metaspace: 21763K(22208K)->21763K(22208K) NonClass: 19285K(19520K)->19285K(19520K) Class: 2477K(2688K)->2477K(2688K)
[55.901s][info][gc          ] GC(161) Pause Full (System.gc()) 770M->770M(5888M) 608.588ms
[55.902s][info][gc,metaspace] GC(162) Metaspace: 21763K(22208K)->21763K(22208K) NonClass: 19285K(19520K)->19285K(19520K) Class: 2477K(2688K)->2477K(2688K)
[55.902s][info][gc          ] GC(162) Pause Young (System.gc()) 770M->770M(5888M) 0.449ms
[56.515s][info][gc,metaspace] GC(163) Metaspace: 21763K(22208K)->21763K(22208K) NonClass: 19285K(19520K)->19285K(19520K) Class: 2477K(2688K)->2477K(2688K)
[56.515s][info][gc          ] GC(163) Pause Full (System.gc()) 770M->770M(5888M) 613.348ms
[56.516s][info][gc,metaspace] GC(164) Metaspace: 21763K(22208K)->21763K(22208K) NonClass: 19285K(19520K)->19285K(19520K) Class: 2477K(2688K)->2477K(2688K)
[56.516s][info][gc          ] GC(164) Pause Young (System.gc()) 770M->770M(5888M) 0.483ms
[57.115s][info][gc,metaspace] GC(165) Metaspace: 21763K(22208K)->21763K(22208K) NonClass: 19285K(19520K)->19285K(19520K) Class: 2477K(2688K)->2477K(2688K)
[57.115s][info][gc          ] GC(165) Pause Full (System.gc()) 770M->770M(5888M) 598.834ms
[57.115s][info][gc,metaspace] GC(166) Metaspace: 21763K(22208K)->21763K(22208K) NonClass: 19285K(19520K)->19285K(19520K) Class: 2477K(2688K)->2477K(2688K)
[57.115s][info][gc          ] GC(166) Pause Young (System.gc()) 770M->770M(5888M) 0.465ms
[57.711s][info][gc,metaspace] GC(167) Metaspace: 21763K(22208K)->21763K(22208K) NonClass: 19285K(19520K)->19285K(19520K) Class: 2477K(2688K)->2477K(2688K)
[57.711s][info][gc          ] GC(167) Pause Full (System.gc()) 770M->770M(5888M) 595.736ms
[57.712s][info][gc,metaspace] GC(168) Metaspace: 21763K(22208K)->21763K(22208K) NonClass: 19285K(19520K)->19285K(19520K) Class: 2477K(2688K)->2477K(2688K)
[57.712s][info][gc          ] GC(168) Pause Young (System.gc()) 770M->770M(5888M) 0.498ms
[58.312s][info][gc,metaspace] GC(169) Metaspace: 21763K(22208K)->21763K(22208K) NonClass: 19285K(19520K)->19285K(19520K) Class: 2477K(2688K)->2477K(2688K)
[58.312s][info][gc          ] GC(169) Pause Full (System.gc()) 770M->770M(5888M) 600.040ms
[58.312s][info][gc,metaspace] GC(170) Metaspace: 21763K(22208K)->21763K(22208K) NonClass: 19285K(19520K)->19285K(19520K) Class: 2477K(2688K)->2477K(2688K)
[58.312s][info][gc          ] GC(170) Pause Young (System.gc()) 770M->770M(5888M) 0.499ms
[59.092s][info][gc,metaspace] GC(171) Metaspace: 21763K(22208K)->21763K(22208K) NonClass: 19285K(19520K)->19285K(19520K) Class: 2477K(2688K)->2477K(2688K)
[59.093s][info][gc          ] GC(171) Pause Full (System.gc()) 770M->770M(5888M) 780.150ms
[59.093s][info][gc,metaspace] GC(172) Metaspace: 21763K(22208K)->21763K(22208K) NonClass: 19285K(19520K)->19285K(19520K) Class: 2477K(2688K)->2477K(2688K)
[59.093s][info][gc          ] GC(172) Pause Young (System.gc()) 770M->770M(5888M) 0.715ms
[59.704s][info][gc,metaspace] GC(173) Metaspace: 21763K(22208K)->21763K(22208K) NonClass: 19285K(19520K)->19285K(19520K) Class: 2477K(2688K)->2477K(2688K)
[59.704s][info][gc          ] GC(173) Pause Full (System.gc()) 770M->770M(5888M) 611.003ms
[59.705s][info][gc,metaspace] GC(174) Metaspace: 21763K(22208K)->21763K(22208K) NonClass: 19285K(19520K)->19285K(19520K) Class: 2477K(2688K)->2477K(2688K)
[59.705s][info][gc          ] GC(174) Pause Young (System.gc()) 770M->770M(5888M) 0.418ms
[60.318s][info][gc,metaspace] GC(175) Metaspace: 21763K(22208K)->21763K(22208K) NonClass: 19285K(19520K)->19285K(19520K) Class: 2477K(2688K)->2477K(2688K)
[60.318s][info][gc          ] GC(175) Pause Full (System.gc()) 770M->770M(5888M) 612.649ms
[60.318s][info][gc,metaspace] GC(176) Metaspace: 21763K(22208K)->21763K(22208K) NonClass: 19285K(19520K)->19285K(19520K) Class: 2477K(2688K)->2477K(2688K)
[60.318s][info][gc          ] GC(176) Pause Young (System.gc()) 770M->770M(5888M) 0.425ms
[60.916s][info][gc,metaspace] GC(177) Metaspace: 21763K(22208K)->21763K(22208K) NonClass: 19285K(19520K)->19285K(19520K) Class: 2477K(2688K)->2477K(2688K)
[60.916s][info][gc          ] GC(177) Pause Full (System.gc()) 770M->770M(5888M) 597.729ms
[60.917s][info][gc,metaspace] GC(178) Metaspace: 21763K(22208K)->21763K(22208K) NonClass: 19285K(19520K)->19285K(19520K) Class: 2477K(2688K)->2477K(2688K)
[60.917s][info][gc          ] GC(178) Pause Young (System.gc()) 770M->770M(5888M) 0.802ms
[61.518s][info][gc,metaspace] GC(179) Metaspace: 21763K(22208K)->21763K(22208K) NonClass: 19285K(19520K)->19285K(19520K) Class: 2477K(2688K)->2477K(2688K)
[61.518s][info][gc          ] GC(179) Pause Full (System.gc()) 770M->770M(5888M) 601.568ms
[61.519s][info][gc,metaspace] GC(180) Metaspace: 21763K(22208K)->21763K(22208K) NonClass: 19285K(19520K)->19285K(19520K) Class: 2477K(2688K)->2477K(2688K)
[61.519s][info][gc          ] GC(180) Pause Young (System.gc()) 770M->770M(5888M) 0.753ms
[62.151s][info][gc,metaspace] GC(181) Metaspace: 21763K(22208K)->21763K(22208K) NonClass: 19285K(19520K)->19285K(19520K) Class: 2477K(2688K)->2477K(2688K)
[62.152s][info][gc          ] GC(181) Pause Full (System.gc()) 770M->770M(5888M) 632.280ms
[62.152s][info][gc,metaspace] GC(182) Metaspace: 21763K(22208K)->21763K(22208K) NonClass: 19285K(19520K)->19285K(19520K) Class: 2477K(2688K)->2477K(2688K)
[62.152s][info][gc          ] GC(182) Pause Young (System.gc()) 770M->770M(5888M) 0.427ms
[62.749s][info][gc,metaspace] GC(183) Metaspace: 21763K(22208K)->21763K(22208K) NonClass: 19285K(19520K)->19285K(19520K) Class: 2477K(2688K)->2477K(2688K)
[62.750s][info][gc          ] GC(183) Pause Full (System.gc()) 770M->770M(5888M) 597.499ms
[62.750s][info][gc,metaspace] GC(184) Metaspace: 21763K(22208K)->21763K(22208K) NonClass: 19285K(19520K)->19285K(19520K) Class: 2477K(2688K)->2477K(2688K)
[62.750s][info][gc          ] GC(184) Pause Young (System.gc()) 770M->770M(5888M) 0.457ms
[63.366s][info][gc,metaspace] GC(185) Metaspace: 21763K(22208K)->21763K(22208K) NonClass: 19285K(19520K)->19285K(19520K) Class: 2477K(2688K)->2477K(2688K)
[63.366s][info][gc          ] GC(185) Pause Full (System.gc()) 770M->770M(5888M) 615.495ms
[63.366s][info][gc,metaspace] GC(186) Metaspace: 21763K(22208K)->21763K(22208K) NonClass: 19285K(19520K)->19285K(19520K) Class: 2477K(2688K)->2477K(2688K)
[63.366s][info][gc          ] GC(186) Pause Young (System.gc()) 786M->770M(5888M) 0.494ms
[63.944s][info][gc,metaspace] GC(187) Metaspace: 21763K(22208K)->21763K(22208K) NonClass: 19285K(19520K)->19285K(19520K) Class: 2477K(2688K)->2477K(2688K)
[63.944s][info][gc          ] GC(187) Pause Full (System.gc()) 770M->770M(5888M) 577.730ms
[63.945s][info][gc,metaspace] GC(188) Metaspace: 21763K(22208K)->21763K(22208K) NonClass: 19285K(19520K)->19285K(19520K) Class: 2477K(2688K)->2477K(2688K)
[63.945s][info][gc          ] GC(188) Pause Young (System.gc()) 770M->770M(5888M) 0.492ms
[64.546s][info][gc,metaspace] GC(189) Metaspace: 21763K(22208K)->21763K(22208K) NonClass: 19285K(19520K)->19285K(19520K) Class: 2477K(2688K)->2477K(2688K)
[64.546s][info][gc          ] GC(189) Pause Full (System.gc()) 770M->770M(5888M) 600.906ms
[64.546s][info][gc,metaspace] GC(190) Metaspace: 21763K(22208K)->21763K(22208K) NonClass: 19285K(19520K)->19285K(19520K) Class: 2477K(2688K)->2477K(2688K)
[64.546s][info][gc          ] GC(190) Pause Young (System.gc()) 770M->770M(5888M) 0.455ms
[65.169s][info][gc,metaspace] GC(191) Metaspace: 21763K(22208K)->21763K(22208K) NonClass: 19285K(19520K)->19285K(19520K) Class: 2477K(2688K)->2477K(2688K)
[65.169s][info][gc          ] GC(191) Pause Full (System.gc()) 770M->770M(5888M) 622.675ms
[65.169s][info][gc,metaspace] GC(192) Metaspace: 21763K(22208K)->21763K(22208K) NonClass: 19285K(19520K)->19285K(19520K) Class: 2477K(2688K)->2477K(2688K)
[65.169s][info][gc          ] GC(192) Pause Young (System.gc()) 770M->770M(5888M) 0.416ms
[65.806s][info][gc,metaspace] GC(193) Metaspace: 21763K(22208K)->21763K(22208K) NonClass: 19285K(19520K)->19285K(19520K) Class: 2477K(2688K)->2477K(2688K)
[65.806s][info][gc          ] GC(193) Pause Full (System.gc()) 770M->770M(5888M) 636.604ms
[65.807s][info][gc,metaspace] GC(194) Metaspace: 21763K(22208K)->21763K(22208K) NonClass: 19285K(19520K)->19285K(19520K) Class: 2477K(2688K)->2477K(2688K)
[65.807s][info][gc          ] GC(194) Pause Young (System.gc()) 770M->770M(5888M) 0.482ms
[66.410s][info][gc,metaspace] GC(195) Metaspace: 21763K(22208K)->21763K(22208K) NonClass: 19285K(19520K)->19285K(19520K) Class: 2477K(2688K)->2477K(2688K)
[66.410s][info][gc          ] GC(195) Pause Full (System.gc()) 770M->770M(5888M) 603.690ms
[66.411s][info][gc,metaspace] GC(196) Metaspace: 21763K(22208K)->21763K(22208K) NonClass: 19285K(19520K)->19285K(19520K) Class: 2477K(2688K)->2477K(2688K)
[66.411s][info][gc          ] GC(196) Pause Young (System.gc()) 770M->770M(5888M) 0.467ms
[67.012s][info][gc,metaspace] GC(197) Metaspace: 21763K(22208K)->21763K(22208K) NonClass: 19285K(19520K)->19285K(19520K) Class: 2477K(2688K)->2477K(2688K)
[67.012s][info][gc          ] GC(197) Pause Full (System.gc()) 770M->770M(5888M) 601.619ms
[67.017s][info][gc,metaspace] GC(198) Metaspace: 21763K(22208K)->21763K(22208K) NonClass: 19285K(19520K)->19285K(19520K) Class: 2477K(2688K)->2477K(2688K)
[67.017s][info][gc          ] GC(198) Pause Young (System.gc()) 770M->770M(5888M) 0.447ms
[67.622s][info][gc,metaspace] GC(199) Metaspace: 21763K(22208K)->21763K(22208K) NonClass: 19285K(19520K)->19285K(19520K) Class: 2477K(2688K)->2477K(2688K)
[67.622s][info][gc          ] GC(199) Pause Full (System.gc()) 770M->770M(5888M) 605.029ms
[67.623s][info][gc,metaspace] GC(200) Metaspace: 21763K(22208K)->21763K(22208K) NonClass: 19285K(19520K)->19285K(19520K) Class: 2477K(2688K)->2477K(2688K)
[67.623s][info][gc          ] GC(200) Pause Young (System.gc()) 770M->770M(5888M) 0.437ms
[68.239s][info][gc,metaspace] GC(201) Metaspace: 21763K(22208K)->21763K(22208K) NonClass: 19285K(19520K)->19285K(19520K) Class: 2477K(2688K)->2477K(2688K)
[68.239s][info][gc          ] GC(201) Pause Full (System.gc()) 770M->770M(5888M) 615.905ms
After GCs... 
