Done; will start GCs... 
[3.773s][info][gc,metaspace] GC(1) Metaspace: 21395K(21760K)->21395K(21760K) NonClass: 17654K(17856K)->17654K(17856K) Class: 3741K(3904K)->3741K(3904K)
[3.773s][info][gc          ] GC(1) Pause Full (System.gc()) 873M->770M(5888M) 664.430ms
[4.134s][info][gc,metaspace] GC(2) Metaspace: 21395K(21760K)->21395K(21760K) NonClass: 17654K(17856K)->17654K(17856K) Class: 3741K(3904K)->3741K(3904K)
[4.134s][info][gc          ] GC(2) Pause Full (System.gc()) 770M->770M(5888M) 360.576ms
[4.488s][info][gc,metaspace] GC(3) Metaspace: 21395K(21760K)->21395K(21760K) NonClass: 17654K(17856K)->17654K(17856K) Class: 3741K(3904K)->3741K(3904K)
[4.488s][info][gc          ] GC(3) Pause Full (System.gc()) 770M->770M(5888M) 353.983ms
[4.849s][info][gc,metaspace] GC(4) Metaspace: 21395K(21760K)->21395K(21760K) NonClass: 17654K(17856K)->17654K(17856K) Class: 3741K(3904K)->3741K(3904K)
[4.849s][info][gc          ] GC(4) Pause Full (System.gc()) 770M->770M(5888M) 360.893ms
[5.210s][info][gc,metaspace] GC(5) Metaspace: 21395K(21760K)->21395K(21760K) NonClass: 17654K(17856K)->17654K(17856K) Class: 3741K(3904K)->3741K(3904K)
[5.210s][info][gc          ] GC(5) Pause Full (System.gc()) 770M->770M(5888M) 360.931ms
[5.589s][info][gc,metaspace] GC(6) Metaspace: 21395K(21760K)->21395K(21760K) NonClass: 17654K(17856K)->17654K(17856K) Class: 3741K(3904K)->3741K(3904K)
[5.589s][info][gc          ] GC(6) Pause Full (System.gc()) 770M->770M(5888M) 378.774ms
[5.943s][info][gc,metaspace] GC(7) Metaspace: 21395K(21760K)->21395K(21760K) NonClass: 17654K(17856K)->17654K(17856K) Class: 3741K(3904K)->3741K(3904K)
[5.943s][info][gc          ] GC(7) Pause Full (System.gc()) 770M->770M(5888M) 354.595ms
[6.304s][info][gc,metaspace] GC(8) Metaspace: 21395K(21760K)->21395K(21760K) NonClass: 17654K(17856K)->17654K(17856K) Class: 3741K(3904K)->3741K(3904K)
[6.304s][info][gc          ] GC(8) Pause Full (System.gc()) 770M->770M(5888M) 360.730ms
[6.679s][info][gc,metaspace] GC(9) Metaspace: 21395K(21760K)->21395K(21760K) NonClass: 17654K(17856K)->17654K(17856K) Class: 3741K(3904K)->3741K(3904K)
[6.679s][info][gc          ] GC(9) Pause Full (System.gc()) 770M->770M(5888M) 369.954ms
[7.039s][info][gc,metaspace] GC(10) Metaspace: 21395K(21760K)->21395K(21760K) NonClass: 17654K(17856K)->17654K(17856K) Class: 3741K(3904K)->3741K(3904K)
[7.039s][info][gc          ] GC(10) Pause Full (System.gc()) 770M->770M(5888M) 360.754ms
[7.448s][info][gc,metaspace] GC(11) Metaspace: 21395K(21760K)->21395K(21760K) NonClass: 17654K(17856K)->17654K(17856K) Class: 3741K(3904K)->3741K(3904K)
[7.448s][info][gc          ] GC(11) Pause Full (System.gc()) 770M->770M(5888M) 408.565ms
[7.814s][info][gc,metaspace] GC(12) Metaspace: 21395K(21760K)->21395K(21760K) NonClass: 17654K(17856K)->17654K(17856K) Class: 3741K(3904K)->3741K(3904K)
[7.814s][info][gc          ] GC(12) Pause Full (System.gc()) 770M->770M(5888M) 366.207ms
[8.169s][info][gc,metaspace] GC(13) Metaspace: 21395K(21760K)->21395K(21760K) NonClass: 17654K(17856K)->17654K(17856K) Class: 3741K(3904K)->3741K(3904K)
[8.169s][info][gc          ] GC(13) Pause Full (System.gc()) 770M->770M(5888M) 354.801ms
[8.529s][info][gc,metaspace] GC(14) Metaspace: 21395K(21760K)->21395K(21760K) NonClass: 17654K(17856K)->17654K(17856K) Class: 3741K(3904K)->3741K(3904K)
[8.529s][info][gc          ] GC(14) Pause Full (System.gc()) 770M->770M(5888M) 360.019ms
[8.886s][info][gc,metaspace] GC(15) Metaspace: 21395K(21760K)->21395K(21760K) NonClass: 17654K(17856K)->17654K(17856K) Class: 3741K(3904K)->3741K(3904K)
[8.886s][info][gc          ] GC(15) Pause Full (System.gc()) 770M->770M(5888M) 356.614ms
[9.244s][info][gc,metaspace] GC(16) Metaspace: 21395K(21760K)->21395K(21760K) NonClass: 17654K(17856K)->17654K(17856K) Class: 3741K(3904K)->3741K(3904K)
[9.244s][info][gc          ] GC(16) Pause Full (System.gc()) 770M->770M(5888M) 357.976ms
[9.616s][info][gc,metaspace] GC(17) Metaspace: 21395K(21760K)->21395K(21760K) NonClass: 17654K(17856K)->17654K(17856K) Class: 3741K(3904K)->3741K(3904K)
[9.616s][info][gc          ] GC(17) Pause Full (System.gc()) 770M->770M(5888M) 372.045ms
[9.976s][info][gc,metaspace] GC(18) Metaspace: 21395K(21760K)->21395K(21760K) NonClass: 17654K(17856K)->17654K(17856K) Class: 3741K(3904K)->3741K(3904K)
[9.976s][info][gc          ] GC(18) Pause Full (System.gc()) 770M->770M(5888M) 359.728ms
[10.336s][info][gc,metaspace] GC(19) Metaspace: 21395K(21760K)->21395K(21760K) NonClass: 17654K(17856K)->17654K(17856K) Class: 3741K(3904K)->3741K(3904K)
[10.336s][info][gc          ] GC(19) Pause Full (System.gc()) 770M->770M(5888M) 359.929ms
[10.730s][info][gc,metaspace] GC(20) Metaspace: 21395K(21760K)->21395K(21760K) NonClass: 17654K(17856K)->17654K(17856K) Class: 3741K(3904K)->3741K(3904K)
[10.730s][info][gc          ] GC(20) Pause Full (System.gc()) 770M->770M(5888M) 393.643ms
[11.093s][info][gc,metaspace] GC(21) Metaspace: 21395K(21760K)->21395K(21760K) NonClass: 17654K(17856K)->17654K(17856K) Class: 3741K(3904K)->3741K(3904K)
[11.093s][info][gc          ] GC(21) Pause Full (System.gc()) 770M->770M(5888M) 363.641ms
[11.535s][info][gc,metaspace] GC(22) Metaspace: 21395K(21760K)->21395K(21760K) NonClass: 17654K(17856K)->17654K(17856K) Class: 3741K(3904K)->3741K(3904K)
[11.535s][info][gc          ] GC(22) Pause Full (System.gc()) 770M->770M(5888M) 441.245ms
[11.893s][info][gc,metaspace] GC(23) Metaspace: 21395K(21760K)->21395K(21760K) NonClass: 17654K(17856K)->17654K(17856K) Class: 3741K(3904K)->3741K(3904K)
[11.893s][info][gc          ] GC(23) Pause Full (System.gc()) 770M->770M(5888M) 358.315ms
[12.250s][info][gc,metaspace] GC(24) Metaspace: 21395K(21760K)->21395K(21760K) NonClass: 17654K(17856K)->17654K(17856K) Class: 3741K(3904K)->3741K(3904K)
[12.250s][info][gc          ] GC(24) Pause Full (System.gc()) 770M->770M(5888M) 356.568ms
[12.612s][info][gc,metaspace] GC(25) Metaspace: 21395K(21760K)->21395K(21760K) NonClass: 17654K(17856K)->17654K(17856K) Class: 3741K(3904K)->3741K(3904K)
[12.612s][info][gc          ] GC(25) Pause Full (System.gc()) 770M->770M(5888M) 362.490ms
[12.975s][info][gc,metaspace] GC(26) Metaspace: 21395K(21760K)->21395K(21760K) NonClass: 17654K(17856K)->17654K(17856K) Class: 3741K(3904K)->3741K(3904K)
[12.975s][info][gc          ] GC(26) Pause Full (System.gc()) 770M->770M(5888M) 362.642ms
[13.333s][info][gc,metaspace] GC(27) Metaspace: 21395K(21760K)->21395K(21760K) NonClass: 17654K(17856K)->17654K(17856K) Class: 3741K(3904K)->3741K(3904K)
[13.334s][info][gc          ] GC(27) Pause Full (System.gc()) 770M->770M(5888M) 358.366ms
[13.762s][info][gc,metaspace] GC(28) Metaspace: 21395K(21760K)->21395K(21760K) NonClass: 17654K(17856K)->17654K(17856K) Class: 3741K(3904K)->3741K(3904K)
[13.762s][info][gc          ] GC(28) Pause Full (System.gc()) 770M->770M(5888M) 428.815ms
[14.126s][info][gc,metaspace] GC(29) Metaspace: 21395K(21760K)->21395K(21760K) NonClass: 17654K(17856K)->17654K(17856K) Class: 3741K(3904K)->3741K(3904K)
[14.127s][info][gc          ] GC(29) Pause Full (System.gc()) 770M->770M(5888M) 364.083ms
[14.482s][info][gc,metaspace] GC(30) Metaspace: 21395K(21760K)->21395K(21760K) NonClass: 17654K(17856K)->17654K(17856K) Class: 3741K(3904K)->3741K(3904K)
[14.482s][info][gc          ] GC(30) Pause Full (System.gc()) 770M->770M(5888M) 355.346ms
[14.837s][info][gc,metaspace] GC(31) Metaspace: 21395K(21760K)->21395K(21760K) NonClass: 17654K(17856K)->17654K(17856K) Class: 3741K(3904K)->3741K(3904K)
[14.837s][info][gc          ] GC(31) Pause Full (System.gc()) 770M->770M(5888M) 354.701ms
[15.193s][info][gc,metaspace] GC(32) Metaspace: 21395K(21760K)->21395K(21760K) NonClass: 17654K(17856K)->17654K(17856K) Class: 3741K(3904K)->3741K(3904K)
[15.193s][info][gc          ] GC(32) Pause Full (System.gc()) 770M->770M(5888M) 356.117ms
[15.571s][info][gc,metaspace] GC(33) Metaspace: 21395K(21760K)->21395K(21760K) NonClass: 17654K(17856K)->17654K(17856K) Class: 3741K(3904K)->3741K(3904K)
[15.571s][info][gc          ] GC(33) Pause Full (System.gc()) 770M->770M(5888M) 377.937ms
[15.926s][info][gc,metaspace] GC(34) Metaspace: 21395K(21760K)->21395K(21760K) NonClass: 17654K(17856K)->17654K(17856K) Class: 3741K(3904K)->3741K(3904K)
[15.926s][info][gc          ] GC(34) Pause Full (System.gc()) 770M->770M(5888M) 354.597ms
[16.289s][info][gc,metaspace] GC(35) Metaspace: 21395K(21760K)->21395K(21760K) NonClass: 17654K(17856K)->17654K(17856K) Class: 3741K(3904K)->3741K(3904K)
[16.289s][info][gc          ] GC(35) Pause Full (System.gc()) 770M->770M(5888M) 363.757ms
[16.734s][info][gc,metaspace] GC(36) Metaspace: 21395K(21760K)->21395K(21760K) NonClass: 17654K(17856K)->17654K(17856K) Class: 3741K(3904K)->3741K(3904K)
[16.734s][info][gc          ] GC(36) Pause Full (System.gc()) 770M->770M(5888M) 444.514ms
[17.095s][info][gc,metaspace] GC(37) Metaspace: 21395K(21760K)->21395K(21760K) NonClass: 17654K(17856K)->17654K(17856K) Class: 3741K(3904K)->3741K(3904K)
[17.096s][info][gc          ] GC(37) Pause Full (System.gc()) 770M->770M(5888M) 357.083ms
[17.471s][info][gc,metaspace] GC(38) Metaspace: 21395K(21760K)->21395K(21760K) NonClass: 17654K(17856K)->17654K(17856K) Class: 3741K(3904K)->3741K(3904K)
[17.471s][info][gc          ] GC(38) Pause Full (System.gc()) 770M->770M(5888M) 375.339ms
[17.835s][info][gc,metaspace] GC(39) Metaspace: 21395K(21760K)->21395K(21760K) NonClass: 17654K(17856K)->17654K(17856K) Class: 3741K(3904K)->3741K(3904K)
[17.835s][info][gc          ] GC(39) Pause Full (System.gc()) 770M->770M(5888M) 364.443ms
[18.197s][info][gc,metaspace] GC(40) Metaspace: 21395K(21760K)->21395K(21760K) NonClass: 17654K(17856K)->17654K(17856K) Class: 3741K(3904K)->3741K(3904K)
[18.198s][info][gc          ] GC(40) Pause Full (System.gc()) 770M->770M(5888M) 361.993ms
[18.574s][info][gc,metaspace] GC(41) Metaspace: 21395K(21760K)->21395K(21760K) NonClass: 17654K(17856K)->17654K(17856K) Class: 3741K(3904K)->3741K(3904K)
[18.575s][info][gc          ] GC(41) Pause Full (System.gc()) 770M->770M(5888M) 376.939ms
[18.930s][info][gc,metaspace] GC(42) Metaspace: 21395K(21760K)->21395K(21760K) NonClass: 17654K(17856K)->17654K(17856K) Class: 3741K(3904K)->3741K(3904K)
[18.930s][info][gc          ] GC(42) Pause Full (System.gc()) 770M->770M(5888M) 355.737ms
[19.288s][info][gc,metaspace] GC(43) Metaspace: 21395K(21760K)->21395K(21760K) NonClass: 17654K(17856K)->17654K(17856K) Class: 3741K(3904K)->3741K(3904K)
[19.288s][info][gc          ] GC(43) Pause Full (System.gc()) 770M->770M(5888M) 357.266ms
[19.679s][info][gc,metaspace] GC(44) Metaspace: 21395K(21760K)->21395K(21760K) NonClass: 17654K(17856K)->17654K(17856K) Class: 3741K(3904K)->3741K(3904K)
[19.679s][info][gc          ] GC(44) Pause Full (System.gc()) 770M->770M(5888M) 391.239ms
[20.034s][info][gc,metaspace] GC(45) Metaspace: 21395K(21760K)->21395K(21760K) NonClass: 17654K(17856K)->17654K(17856K) Class: 3741K(3904K)->3741K(3904K)
[20.034s][info][gc          ] GC(45) Pause Full (System.gc()) 770M->770M(5888M) 354.795ms
[20.442s][info][gc,metaspace] GC(46) Metaspace: 21395K(21760K)->21395K(21760K) NonClass: 17654K(17856K)->17654K(17856K) Class: 3741K(3904K)->3741K(3904K)
[20.442s][info][gc          ] GC(46) Pause Full (System.gc()) 770M->770M(5888M) 408.268ms
[20.808s][info][gc,metaspace] GC(47) Metaspace: 21395K(21760K)->21395K(21760K) NonClass: 17654K(17856K)->17654K(17856K) Class: 3741K(3904K)->3741K(3904K)
[20.808s][info][gc          ] GC(47) Pause Full (System.gc()) 770M->770M(5888M) 366.036ms
[21.168s][info][gc,metaspace] GC(48) Metaspace: 21395K(21760K)->21395K(21760K) NonClass: 17654K(17856K)->17654K(17856K) Class: 3741K(3904K)->3741K(3904K)
[21.168s][info][gc          ] GC(48) Pause Full (System.gc()) 770M->770M(5888M) 359.400ms
[21.534s][info][gc,metaspace] GC(49) Metaspace: 21395K(21760K)->21395K(21760K) NonClass: 17654K(17856K)->17654K(17856K) Class: 3741K(3904K)->3741K(3904K)
[21.534s][info][gc          ] GC(49) Pause Full (System.gc()) 770M->770M(5888M) 365.756ms
[21.896s][info][gc,metaspace] GC(50) Metaspace: 21395K(21760K)->21395K(21760K) NonClass: 17654K(17856K)->17654K(17856K) Class: 3741K(3904K)->3741K(3904K)
[21.896s][info][gc          ] GC(50) Pause Full (System.gc()) 770M->770M(5888M) 362.130ms
[22.268s][info][gc,metaspace] GC(51) Metaspace: 21395K(21760K)->21395K(21760K) NonClass: 17654K(17856K)->17654K(17856K) Class: 3741K(3904K)->3741K(3904K)
[22.268s][info][gc          ] GC(51) Pause Full (System.gc()) 770M->770M(5888M) 367.525ms
[22.636s][info][gc,metaspace] GC(52) Metaspace: 21395K(21760K)->21395K(21760K) NonClass: 17654K(17856K)->17654K(17856K) Class: 3741K(3904K)->3741K(3904K)
[22.636s][info][gc          ] GC(52) Pause Full (System.gc()) 770M->770M(5888M) 368.706ms
[22.996s][info][gc,metaspace] GC(53) Metaspace: 21395K(21760K)->21395K(21760K) NonClass: 17654K(17856K)->17654K(17856K) Class: 3741K(3904K)->3741K(3904K)
[22.996s][info][gc          ] GC(53) Pause Full (System.gc()) 770M->770M(5888M) 359.239ms
[23.400s][info][gc,metaspace] GC(54) Metaspace: 21395K(21760K)->21395K(21760K) NonClass: 17654K(17856K)->17654K(17856K) Class: 3741K(3904K)->3741K(3904K)
[23.400s][info][gc          ] GC(54) Pause Full (System.gc()) 770M->770M(5888M) 403.714ms
[23.762s][info][gc,metaspace] GC(55) Metaspace: 21395K(21760K)->21395K(21760K) NonClass: 17654K(17856K)->17654K(17856K) Class: 3741K(3904K)->3741K(3904K)
[23.762s][info][gc          ] GC(55) Pause Full (System.gc()) 770M->770M(5888M) 362.644ms
[24.128s][info][gc,metaspace] GC(56) Metaspace: 21395K(21760K)->21395K(21760K) NonClass: 17654K(17856K)->17654K(17856K) Class: 3741K(3904K)->3741K(3904K)
[24.128s][info][gc          ] GC(56) Pause Full (System.gc()) 770M->770M(5888M) 365.653ms
[24.559s][info][gc,metaspace] GC(57) Metaspace: 21395K(21760K)->21395K(21760K) NonClass: 17654K(17856K)->17654K(17856K) Class: 3741K(3904K)->3741K(3904K)
[24.559s][info][gc          ] GC(57) Pause Full (System.gc()) 770M->770M(5888M) 430.801ms
[24.924s][info][gc,metaspace] GC(58) Metaspace: 21395K(21760K)->21395K(21760K) NonClass: 17654K(17856K)->17654K(17856K) Class: 3741K(3904K)->3741K(3904K)
[24.924s][info][gc          ] GC(58) Pause Full (System.gc()) 770M->770M(5888M) 364.919ms
[25.288s][info][gc,metaspace] GC(59) Metaspace: 21395K(21760K)->21395K(21760K) NonClass: 17654K(17856K)->17654K(17856K) Class: 3741K(3904K)->3741K(3904K)
[25.288s][info][gc          ] GC(59) Pause Full (System.gc()) 770M->770M(5888M) 363.911ms
[25.691s][info][gc,metaspace] GC(60) Metaspace: 21395K(21760K)->21395K(21760K) NonClass: 17654K(17856K)->17654K(17856K) Class: 3741K(3904K)->3741K(3904K)
[25.691s][info][gc          ] GC(60) Pause Full (System.gc()) 770M->770M(5888M) 402.877ms
[26.116s][info][gc,metaspace] GC(61) Metaspace: 21395K(21760K)->21395K(21760K) NonClass: 17654K(17856K)->17654K(17856K) Class: 3741K(3904K)->3741K(3904K)
[26.116s][info][gc          ] GC(61) Pause Full (System.gc()) 770M->770M(5888M) 424.767ms
[26.472s][info][gc,metaspace] GC(62) Metaspace: 21395K(21760K)->21395K(21760K) NonClass: 17654K(17856K)->17654K(17856K) Class: 3741K(3904K)->3741K(3904K)
[26.472s][info][gc          ] GC(62) Pause Full (System.gc()) 770M->770M(5888M) 356.217ms
[26.829s][info][gc,metaspace] GC(63) Metaspace: 21395K(21760K)->21395K(21760K) NonClass: 17654K(17856K)->17654K(17856K) Class: 3741K(3904K)->3741K(3904K)
[26.829s][info][gc          ] GC(63) Pause Full (System.gc()) 770M->770M(5888M) 356.629ms
[27.185s][info][gc,metaspace] GC(64) Metaspace: 21395K(21760K)->21395K(21760K) NonClass: 17654K(17856K)->17654K(17856K) Class: 3741K(3904K)->3741K(3904K)
[27.185s][info][gc          ] GC(64) Pause Full (System.gc()) 770M->770M(5888M) 356.531ms
[27.604s][info][gc,metaspace] GC(65) Metaspace: 21395K(21760K)->21395K(21760K) NonClass: 17654K(17856K)->17654K(17856K) Class: 3741K(3904K)->3741K(3904K)
[27.604s][info][gc          ] GC(65) Pause Full (System.gc()) 770M->770M(5888M) 414.116ms
[27.962s][info][gc,metaspace] GC(66) Metaspace: 21395K(21760K)->21395K(21760K) NonClass: 17654K(17856K)->17654K(17856K) Class: 3741K(3904K)->3741K(3904K)
[27.962s][info][gc          ] GC(66) Pause Full (System.gc()) 770M->770M(5888M) 358.534ms
[28.330s][info][gc,metaspace] GC(67) Metaspace: 21395K(21760K)->21395K(21760K) NonClass: 17654K(17856K)->17654K(17856K) Class: 3741K(3904K)->3741K(3904K)
[28.330s][info][gc          ] GC(67) Pause Full (System.gc()) 770M->770M(5888M) 367.426ms
[28.693s][info][gc,metaspace] GC(68) Metaspace: 21395K(21760K)->21395K(21760K) NonClass: 17654K(17856K)->17654K(17856K) Class: 3741K(3904K)->3741K(3904K)
[28.693s][info][gc          ] GC(68) Pause Full (System.gc()) 770M->770M(5888M) 363.103ms
[29.055s][info][gc,metaspace] GC(69) Metaspace: 21395K(21760K)->21395K(21760K) NonClass: 17654K(17856K)->17654K(17856K) Class: 3741K(3904K)->3741K(3904K)
[29.055s][info][gc          ] GC(69) Pause Full (System.gc()) 770M->770M(5888M) 361.736ms
[29.453s][info][gc,metaspace] GC(70) Metaspace: 21395K(21760K)->21395K(21760K) NonClass: 17654K(17856K)->17654K(17856K) Class: 3741K(3904K)->3741K(3904K)
[29.453s][info][gc          ] GC(70) Pause Full (System.gc()) 770M->770M(5888M) 398.132ms
[29.812s][info][gc,metaspace] GC(71) Metaspace: 21395K(21760K)->21395K(21760K) NonClass: 17654K(17856K)->17654K(17856K) Class: 3741K(3904K)->3741K(3904K)
[29.812s][info][gc          ] GC(71) Pause Full (System.gc()) 770M->770M(5888M) 358.922ms
[30.167s][info][gc,metaspace] GC(72) Metaspace: 21395K(21760K)->21395K(21760K) NonClass: 17654K(17856K)->17654K(17856K) Class: 3741K(3904K)->3741K(3904K)
[30.167s][info][gc          ] GC(72) Pause Full (System.gc()) 770M->770M(5888M) 354.803ms
[30.542s][info][gc,metaspace] GC(73) Metaspace: 21395K(21760K)->21395K(21760K) NonClass: 17654K(17856K)->17654K(17856K) Class: 3741K(3904K)->3741K(3904K)
[30.542s][info][gc          ] GC(73) Pause Full (System.gc()) 770M->770M(5888M) 374.437ms
[30.898s][info][gc,metaspace] GC(74) Metaspace: 21395K(21760K)->21395K(21760K) NonClass: 17654K(17856K)->17654K(17856K) Class: 3741K(3904K)->3741K(3904K)
[30.898s][info][gc          ] GC(74) Pause Full (System.gc()) 770M->770M(5888M) 356.105ms
[31.260s][info][gc,metaspace] GC(75) Metaspace: 21395K(21760K)->21395K(21760K) NonClass: 17654K(17856K)->17654K(17856K) Class: 3741K(3904K)->3741K(3904K)
[31.260s][info][gc          ] GC(75) Pause Full (System.gc()) 770M->770M(5888M) 362.140ms
[31.627s][info][gc,metaspace] GC(76) Metaspace: 21395K(21760K)->21395K(21760K) NonClass: 17654K(17856K)->17654K(17856K) Class: 3741K(3904K)->3741K(3904K)
[31.627s][info][gc          ] GC(76) Pause Full (System.gc()) 770M->770M(5888M) 366.996ms
[31.990s][info][gc,metaspace] GC(77) Metaspace: 21395K(21760K)->21395K(21760K) NonClass: 17654K(17856K)->17654K(17856K) Class: 3741K(3904K)->3741K(3904K)
[31.990s][info][gc          ] GC(77) Pause Full (System.gc()) 770M->770M(5888M) 362.493ms
[32.398s][info][gc,metaspace] GC(78) Metaspace: 21395K(21760K)->21395K(21760K) NonClass: 17654K(17856K)->17654K(17856K) Class: 3741K(3904K)->3741K(3904K)
[32.398s][info][gc          ] GC(78) Pause Full (System.gc()) 770M->770M(5888M) 407.877ms
[32.763s][info][gc,metaspace] GC(79) Metaspace: 21395K(21760K)->21395K(21760K) NonClass: 17654K(17856K)->17654K(17856K) Class: 3741K(3904K)->3741K(3904K)
[32.763s][info][gc          ] GC(79) Pause Full (System.gc()) 770M->770M(5888M) 365.672ms
[33.126s][info][gc,metaspace] GC(80) Metaspace: 21395K(21760K)->21395K(21760K) NonClass: 17654K(17856K)->17654K(17856K) Class: 3741K(3904K)->3741K(3904K)
[33.126s][info][gc          ] GC(80) Pause Full (System.gc()) 770M->770M(5888M) 363.046ms
[33.493s][info][gc,metaspace] GC(81) Metaspace: 21395K(21760K)->21395K(21760K) NonClass: 17654K(17856K)->17654K(17856K) Class: 3741K(3904K)->3741K(3904K)
[33.493s][info][gc          ] GC(81) Pause Full (System.gc()) 770M->770M(5888M) 366.368ms
[33.850s][info][gc,metaspace] GC(82) Metaspace: 21395K(21760K)->21395K(21760K) NonClass: 17654K(17856K)->17654K(17856K) Class: 3741K(3904K)->3741K(3904K)
[33.850s][info][gc          ] GC(82) Pause Full (System.gc()) 770M->770M(5888M) 356.612ms
[34.223s][info][gc,metaspace] GC(83) Metaspace: 21395K(21760K)->21395K(21760K) NonClass: 17654K(17856K)->17654K(17856K) Class: 3741K(3904K)->3741K(3904K)
[34.223s][info][gc          ] GC(83) Pause Full (System.gc()) 770M->770M(5888M) 373.292ms
[34.600s][info][gc,metaspace] GC(84) Metaspace: 21395K(21760K)->21395K(21760K) NonClass: 17654K(17856K)->17654K(17856K) Class: 3741K(3904K)->3741K(3904K)
[34.600s][info][gc          ] GC(84) Pause Full (System.gc()) 770M->770M(5888M) 377.307ms
[34.958s][info][gc,metaspace] GC(85) Metaspace: 21395K(21760K)->21395K(21760K) NonClass: 17654K(17856K)->17654K(17856K) Class: 3741K(3904K)->3741K(3904K)
[34.958s][info][gc          ] GC(85) Pause Full (System.gc()) 770M->770M(5888M) 357.789ms
[35.323s][info][gc,metaspace] GC(86) Metaspace: 21395K(21760K)->21395K(21760K) NonClass: 17654K(17856K)->17654K(17856K) Class: 3741K(3904K)->3741K(3904K)
[35.323s][info][gc          ] GC(86) Pause Full (System.gc()) 770M->770M(5888M) 364.414ms
[35.705s][info][gc,metaspace] GC(87) Metaspace: 21395K(21760K)->21395K(21760K) NonClass: 17654K(17856K)->17654K(17856K) Class: 3741K(3904K)->3741K(3904K)
[35.705s][info][gc          ] GC(87) Pause Full (System.gc()) 770M->770M(5888M) 382.383ms
[36.070s][info][gc,metaspace] GC(88) Metaspace: 21395K(21760K)->21395K(21760K) NonClass: 17654K(17856K)->17654K(17856K) Class: 3741K(3904K)->3741K(3904K)
[36.070s][info][gc          ] GC(88) Pause Full (System.gc()) 770M->770M(5888M) 364.817ms
[36.465s][info][gc,metaspace] GC(89) Metaspace: 21395K(21760K)->21395K(21760K) NonClass: 17654K(17856K)->17654K(17856K) Class: 3741K(3904K)->3741K(3904K)
[36.465s][info][gc          ] GC(89) Pause Full (System.gc()) 770M->770M(5888M) 394.797ms
[36.837s][info][gc,metaspace] GC(90) Metaspace: 21395K(21760K)->21395K(21760K) NonClass: 17654K(17856K)->17654K(17856K) Class: 3741K(3904K)->3741K(3904K)
[36.837s][info][gc          ] GC(90) Pause Full (System.gc()) 770M->770M(5888M) 371.751ms
[37.201s][info][gc,metaspace] GC(91) Metaspace: 21395K(21760K)->21395K(21760K) NonClass: 17654K(17856K)->17654K(17856K) Class: 3741K(3904K)->3741K(3904K)
[37.201s][info][gc          ] GC(91) Pause Full (System.gc()) 770M->770M(5888M) 364.322ms
[37.575s][info][gc,metaspace] GC(92) Metaspace: 21395K(21760K)->21395K(21760K) NonClass: 17654K(17856K)->17654K(17856K) Class: 3741K(3904K)->3741K(3904K)
[37.575s][info][gc          ] GC(92) Pause Full (System.gc()) 770M->770M(5888M) 373.603ms
[37.942s][info][gc,metaspace] GC(93) Metaspace: 21395K(21760K)->21395K(21760K) NonClass: 17654K(17856K)->17654K(17856K) Class: 3741K(3904K)->3741K(3904K)
[37.942s][info][gc          ] GC(93) Pause Full (System.gc()) 770M->770M(5888M) 362.387ms
[38.304s][info][gc,metaspace] GC(94) Metaspace: 21395K(21760K)->21395K(21760K) NonClass: 17654K(17856K)->17654K(17856K) Class: 3741K(3904K)->3741K(3904K)
[38.304s][info][gc          ] GC(94) Pause Full (System.gc()) 770M->770M(5888M) 362.588ms
[38.667s][info][gc,metaspace] GC(95) Metaspace: 21395K(21760K)->21395K(21760K) NonClass: 17654K(17856K)->17654K(17856K) Class: 3741K(3904K)->3741K(3904K)
[38.667s][info][gc          ] GC(95) Pause Full (System.gc()) 770M->770M(5888M) 362.258ms
[39.024s][info][gc,metaspace] GC(96) Metaspace: 21395K(21760K)->21395K(21760K) NonClass: 17654K(17856K)->17654K(17856K) Class: 3741K(3904K)->3741K(3904K)
[39.024s][info][gc          ] GC(96) Pause Full (System.gc()) 770M->770M(5888M) 356.955ms
[39.423s][info][gc,metaspace] GC(97) Metaspace: 21395K(21760K)->21395K(21760K) NonClass: 17654K(17856K)->17654K(17856K) Class: 3741K(3904K)->3741K(3904K)
[39.423s][info][gc          ] GC(97) Pause Full (System.gc()) 770M->770M(5888M) 399.744ms
[39.782s][info][gc,metaspace] GC(98) Metaspace: 21395K(21760K)->21395K(21760K) NonClass: 17654K(17856K)->17654K(17856K) Class: 3741K(3904K)->3741K(3904K)
[39.783s][info][gc          ] GC(98) Pause Full (System.gc()) 770M->770M(5888M) 358.923ms
[40.145s][info][gc,metaspace] GC(99) Metaspace: 21395K(21760K)->21395K(21760K) NonClass: 17654K(17856K)->17654K(17856K) Class: 3741K(3904K)->3741K(3904K)
[40.145s][info][gc          ] GC(99) Pause Full (System.gc()) 770M->770M(5888M) 362.259ms
[40.508s][info][gc,metaspace] GC(100) Metaspace: 21395K(21760K)->21395K(21760K) NonClass: 17654K(17856K)->17654K(17856K) Class: 3741K(3904K)->3741K(3904K)
[40.508s][info][gc          ] GC(100) Pause Full (System.gc()) 770M->770M(5888M) 363.382ms
After GCs... 
