Done; will start GCs... 
[64.885s][info   ][gc,metaspace] GC(18) Metaspace: 88099K(101952K)->88099K(101952K) NonClass: 69706K(75648K)->69706K(75648K) Class: 18392K(26304K)->18392K(26304K)
[64.885s][info   ][gc          ] GC(18) Pause Full (System.gc()) 1840M->1817M(5693M) 813.229ms
[65.709s][info   ][gc,metaspace] GC(19) Metaspace: 88099K(101952K)->88099K(101952K) NonClass: 69706K(75648K)->69706K(75648K) Class: 18392K(26304K)->18392K(26304K)
[65.709s][info   ][gc          ] GC(19) Pause Full (System.gc()) 1817M->1817M(5693M) 824.584ms
[66.517s][info   ][gc,metaspace] GC(20) Metaspace: 88099K(101952K)->88099K(101952K) NonClass: 69706K(75648K)->69706K(75648K) Class: 18392K(26304K)->18392K(26304K)
[66.517s][info   ][gc          ] GC(20) Pause Full (System.gc()) 1817M->1817M(5693M) 807.335ms
[67.357s][info   ][gc,metaspace] GC(21) Metaspace: 88099K(101952K)->88099K(101952K) NonClass: 69706K(75648K)->69706K(75648K) Class: 18392K(26304K)->18392K(26304K)
[67.357s][info   ][gc          ] GC(21) Pause Full (System.gc()) 1817M->1817M(5693M) 839.859ms
[68.164s][info   ][gc,metaspace] GC(22) Metaspace: 88099K(101952K)->88099K(101952K) NonClass: 69706K(75648K)->69706K(75648K) Class: 18392K(26304K)->18392K(26304K)
[68.164s][info   ][gc          ] GC(22) Pause Full (System.gc()) 1817M->1817M(5693M) 807.135ms
[68.982s][info   ][gc,metaspace] GC(23) Metaspace: 88099K(101952K)->88099K(101952K) NonClass: 69706K(75648K)->69706K(75648K) Class: 18392K(26304K)->18392K(26304K)
[68.982s][info   ][gc          ] GC(23) Pause Full (System.gc()) 1817M->1817M(5693M) 817.912ms
[69.803s][info   ][gc,metaspace] GC(24) Metaspace: 88099K(101952K)->88099K(101952K) NonClass: 69706K(75648K)->69706K(75648K) Class: 18392K(26304K)->18392K(26304K)
[69.803s][info   ][gc          ] GC(24) Pause Full (System.gc()) 1817M->1817M(5693M) 821.295ms
[70.638s][info   ][gc,metaspace] GC(25) Metaspace: 88099K(101952K)->88099K(101952K) NonClass: 69706K(75648K)->69706K(75648K) Class: 18392K(26304K)->18392K(26304K)
[70.638s][info   ][gc          ] GC(25) Pause Full (System.gc()) 1817M->1817M(5693M) 835.031ms
[71.486s][info   ][gc,metaspace] GC(26) Metaspace: 88099K(101952K)->88099K(101952K) NonClass: 69706K(75648K)->69706K(75648K) Class: 18392K(26304K)->18392K(26304K)
[71.486s][info   ][gc          ] GC(26) Pause Full (System.gc()) 1817M->1817M(5693M) 847.607ms
[72.291s][info   ][gc,metaspace] GC(27) Metaspace: 88099K(101952K)->88099K(101952K) NonClass: 69706K(75648K)->69706K(75648K) Class: 18392K(26304K)->18392K(26304K)
[72.291s][info   ][gc          ] GC(27) Pause Full (System.gc()) 1817M->1817M(5693M) 804.571ms
[73.101s][info   ][gc,metaspace] GC(28) Metaspace: 88099K(101952K)->88099K(101952K) NonClass: 69706K(75648K)->69706K(75648K) Class: 18392K(26304K)->18392K(26304K)
[73.101s][info   ][gc          ] GC(28) Pause Full (System.gc()) 1817M->1817M(5693M) 810.080ms
[73.946s][info   ][gc,metaspace] GC(29) Metaspace: 88099K(101952K)->88099K(101952K) NonClass: 69706K(75648K)->69706K(75648K) Class: 18392K(26304K)->18392K(26304K)
[73.947s][info   ][gc          ] GC(29) Pause Full (System.gc()) 1817M->1817M(5693M) 845.452ms
[74.759s][info   ][gc,metaspace] GC(30) Metaspace: 88099K(101952K)->88099K(101952K) NonClass: 69706K(75648K)->69706K(75648K) Class: 18392K(26304K)->18392K(26304K)
[74.759s][info   ][gc          ] GC(30) Pause Full (System.gc()) 1817M->1817M(5693M) 812.118ms
[75.585s][info   ][gc,metaspace] GC(31) Metaspace: 88099K(101952K)->88099K(101952K) NonClass: 69706K(75648K)->69706K(75648K) Class: 18392K(26304K)->18392K(26304K)
[75.585s][info   ][gc          ] GC(31) Pause Full (System.gc()) 1817M->1817M(5693M) 826.294ms
[76.420s][info   ][gc,metaspace] GC(32) Metaspace: 88099K(101952K)->88099K(101952K) NonClass: 69706K(75648K)->69706K(75648K) Class: 18392K(26304K)->18392K(26304K)
[76.420s][info   ][gc          ] GC(32) Pause Full (System.gc()) 1817M->1817M(5693M) 834.821ms
[77.333s][info   ][gc,metaspace] GC(33) Metaspace: 88099K(101952K)->88099K(101952K) NonClass: 69706K(75648K)->69706K(75648K) Class: 18392K(26304K)->18392K(26304K)
[77.333s][info   ][gc          ] GC(33) Pause Full (System.gc()) 1817M->1817M(5693M) 913.152ms
[78.153s][info   ][gc,metaspace] GC(34) Metaspace: 88099K(101952K)->88099K(101952K) NonClass: 69706K(75648K)->69706K(75648K) Class: 18392K(26304K)->18392K(26304K)
[78.153s][info   ][gc          ] GC(34) Pause Full (System.gc()) 1817M->1817M(5693M) 819.557ms
[78.997s][info   ][gc,metaspace] GC(35) Metaspace: 88099K(101952K)->88099K(101952K) NonClass: 69706K(75648K)->69706K(75648K) Class: 18392K(26304K)->18392K(26304K)
[78.997s][info   ][gc          ] GC(35) Pause Full (System.gc()) 1817M->1817M(5693M) 839.763ms
[79.908s][info   ][gc,metaspace] GC(36) Metaspace: 88099K(101952K)->88099K(101952K) NonClass: 69706K(75648K)->69706K(75648K) Class: 18392K(26304K)->18392K(26304K)
[79.908s][info   ][gc          ] GC(36) Pause Full (System.gc()) 1817M->1817M(5693M) 911.327ms
[80.721s][info   ][gc,metaspace] GC(37) Metaspace: 88099K(101952K)->88099K(101952K) NonClass: 69706K(75648K)->69706K(75648K) Class: 18392K(26304K)->18392K(26304K)
[80.721s][info   ][gc          ] GC(37) Pause Full (System.gc()) 1817M->1817M(5693M) 812.512ms
[81.535s][info   ][gc,metaspace] GC(38) Metaspace: 88099K(101952K)->88099K(101952K) NonClass: 69706K(75648K)->69706K(75648K) Class: 18392K(26304K)->18392K(26304K)
[81.535s][info   ][gc          ] GC(38) Pause Full (System.gc()) 1817M->1817M(5693M) 813.991ms
[82.346s][info   ][gc,metaspace] GC(39) Metaspace: 88099K(101952K)->88099K(101952K) NonClass: 69706K(75648K)->69706K(75648K) Class: 18392K(26304K)->18392K(26304K)
[82.346s][info   ][gc          ] GC(39) Pause Full (System.gc()) 1817M->1817M(5693M) 810.638ms
[83.154s][info   ][gc,metaspace] GC(40) Metaspace: 88099K(101952K)->88099K(101952K) NonClass: 69706K(75648K)->69706K(75648K) Class: 18392K(26304K)->18392K(26304K)
[83.154s][info   ][gc          ] GC(40) Pause Full (System.gc()) 1817M->1817M(5693M) 808.251ms
[83.976s][info   ][gc,metaspace] GC(41) Metaspace: 88099K(101952K)->88099K(101952K) NonClass: 69706K(75648K)->69706K(75648K) Class: 18392K(26304K)->18392K(26304K)
[83.976s][info   ][gc          ] GC(41) Pause Full (System.gc()) 1817M->1817M(5693M) 817.332ms
[84.881s][info   ][gc,metaspace] GC(42) Metaspace: 88099K(101952K)->88099K(101952K) NonClass: 69706K(75648K)->69706K(75648K) Class: 18392K(26304K)->18392K(26304K)
[84.881s][info   ][gc          ] GC(42) Pause Full (System.gc()) 1817M->1817M(5693M) 905.389ms
[85.715s][info   ][gc,metaspace] GC(43) Metaspace: 88099K(101952K)->88099K(101952K) NonClass: 69706K(75648K)->69706K(75648K) Class: 18392K(26304K)->18392K(26304K)
[85.715s][info   ][gc          ] GC(43) Pause Full (System.gc()) 1817M->1817M(5693M) 833.785ms
[86.530s][info   ][gc,metaspace] GC(44) Metaspace: 88099K(101952K)->88099K(101952K) NonClass: 69706K(75648K)->69706K(75648K) Class: 18392K(26304K)->18392K(26304K)
[86.530s][info   ][gc          ] GC(44) Pause Full (System.gc()) 1817M->1817M(5693M) 815.091ms
[87.337s][info   ][gc,metaspace] GC(45) Metaspace: 88099K(101952K)->88099K(101952K) NonClass: 69706K(75648K)->69706K(75648K) Class: 18392K(26304K)->18392K(26304K)
[87.337s][info   ][gc          ] GC(45) Pause Full (System.gc()) 1817M->1817M(5693M) 806.471ms
[88.148s][info   ][gc,metaspace] GC(46) Metaspace: 88099K(101952K)->88099K(101952K) NonClass: 69706K(75648K)->69706K(75648K) Class: 18392K(26304K)->18392K(26304K)
[88.148s][info   ][gc          ] GC(46) Pause Full (System.gc()) 1817M->1817M(5693M) 810.867ms
[88.983s][info   ][gc,metaspace] GC(47) Metaspace: 88099K(101952K)->88099K(101952K) NonClass: 69706K(75648K)->69706K(75648K) Class: 18392K(26304K)->18392K(26304K)
[88.983s][info   ][gc          ] GC(47) Pause Full (System.gc()) 1817M->1817M(5693M) 835.110ms
[89.792s][info   ][gc,metaspace] GC(48) Metaspace: 88099K(101952K)->88099K(101952K) NonClass: 69706K(75648K)->69706K(75648K) Class: 18392K(26304K)->18392K(26304K)
[89.792s][info   ][gc          ] GC(48) Pause Full (System.gc()) 1817M->1817M(5693M) 808.728ms
[90.607s][info   ][gc,metaspace] GC(49) Metaspace: 88099K(101952K)->88099K(101952K) NonClass: 69706K(75648K)->69706K(75648K) Class: 18392K(26304K)->18392K(26304K)
[90.607s][info   ][gc          ] GC(49) Pause Full (System.gc()) 1817M->1817M(5693M) 815.160ms
[91.425s][info   ][gc,metaspace] GC(50) Metaspace: 88099K(101952K)->88099K(101952K) NonClass: 69706K(75648K)->69706K(75648K) Class: 18392K(26304K)->18392K(26304K)
[91.425s][info   ][gc          ] GC(50) Pause Full (System.gc()) 1817M->1817M(5693M) 817.244ms
[92.234s][info   ][gc,metaspace] GC(51) Metaspace: 88099K(101952K)->88099K(101952K) NonClass: 69706K(75648K)->69706K(75648K) Class: 18392K(26304K)->18392K(26304K)
[92.234s][info   ][gc          ] GC(51) Pause Full (System.gc()) 1817M->1817M(5693M) 809.665ms
[93.160s][info   ][gc,metaspace] GC(52) Metaspace: 88099K(101952K)->88099K(101952K) NonClass: 69706K(75648K)->69706K(75648K) Class: 18392K(26304K)->18392K(26304K)
[93.160s][info   ][gc          ] GC(52) Pause Full (System.gc()) 1817M->1817M(5693M) 925.965ms
[93.977s][info   ][gc,metaspace] GC(53) Metaspace: 88099K(101952K)->88099K(101952K) NonClass: 69706K(75648K)->69706K(75648K) Class: 18392K(26304K)->18392K(26304K)
[93.977s][info   ][gc          ] GC(53) Pause Full (System.gc()) 1817M->1817M(5693M) 816.529ms
[94.786s][info   ][gc,metaspace] GC(54) Metaspace: 88099K(101952K)->88099K(101952K) NonClass: 69706K(75648K)->69706K(75648K) Class: 18392K(26304K)->18392K(26304K)
[94.787s][info   ][gc          ] GC(54) Pause Full (System.gc()) 1817M->1817M(5693M) 809.520ms
[95.596s][info   ][gc,metaspace] GC(55) Metaspace: 88099K(101952K)->88099K(101952K) NonClass: 69706K(75648K)->69706K(75648K) Class: 18392K(26304K)->18392K(26304K)
[95.596s][info   ][gc          ] GC(55) Pause Full (System.gc()) 1817M->1817M(5693M) 809.062ms
[96.518s][info   ][gc,metaspace] GC(56) Metaspace: 88099K(101952K)->88099K(101952K) NonClass: 69706K(75648K)->69706K(75648K) Class: 18392K(26304K)->18392K(26304K)
[96.518s][info   ][gc          ] GC(56) Pause Full (System.gc()) 1817M->1817M(5693M) 922.142ms
[97.331s][info   ][gc,metaspace] GC(57) Metaspace: 88099K(101952K)->88099K(101952K) NonClass: 69706K(75648K)->69706K(75648K) Class: 18392K(26304K)->18392K(26304K)
[97.331s][info   ][gc          ] GC(57) Pause Full (System.gc()) 1817M->1817M(5693M) 812.622ms
[98.165s][info   ][gc,metaspace] GC(58) Metaspace: 88099K(101952K)->88099K(101952K) NonClass: 69706K(75648K)->69706K(75648K) Class: 18392K(26304K)->18392K(26304K)
[98.165s][info   ][gc          ] GC(58) Pause Full (System.gc()) 1817M->1817M(5693M) 834.244ms
[98.998s][info   ][gc,metaspace] GC(59) Metaspace: 88099K(101952K)->88099K(101952K) NonClass: 69706K(75648K)->69706K(75648K) Class: 18392K(26304K)->18392K(26304K)
[98.998s][info   ][gc          ] GC(59) Pause Full (System.gc()) 1817M->1817M(5693M) 832.747ms
[99.803s][info   ][gc,metaspace] GC(60) Metaspace: 88099K(101952K)->88099K(101952K) NonClass: 69706K(75648K)->69706K(75648K) Class: 18392K(26304K)->18392K(26304K)
[99.803s][info   ][gc          ] GC(60) Pause Full (System.gc()) 1817M->1817M(5693M) 805.577ms
[100.636s][info   ][gc,metaspace] GC(61) Metaspace: 88099K(101952K)->88099K(101952K) NonClass: 69706K(75648K)->69706K(75648K) Class: 18392K(26304K)->18392K(26304K)
[100.636s][info   ][gc          ] GC(61) Pause Full (System.gc()) 1817M->1817M(5693M) 828.097ms
[101.449s][info   ][gc,metaspace] GC(62) Metaspace: 88099K(101952K)->88099K(101952K) NonClass: 69706K(75648K)->69706K(75648K) Class: 18392K(26304K)->18392K(26304K)
[101.449s][info   ][gc          ] GC(62) Pause Full (System.gc()) 1817M->1817M(5693M) 812.606ms
[102.284s][info   ][gc,metaspace] GC(63) Metaspace: 88099K(101952K)->88099K(101952K) NonClass: 69706K(75648K)->69706K(75648K) Class: 18392K(26304K)->18392K(26304K)
[102.284s][info   ][gc          ] GC(63) Pause Full (System.gc()) 1817M->1817M(5693M) 835.215ms
[103.101s][info   ][gc,metaspace] GC(64) Metaspace: 88099K(101952K)->88099K(101952K) NonClass: 69706K(75648K)->69706K(75648K) Class: 18392K(26304K)->18392K(26304K)
[103.101s][info   ][gc          ] GC(64) Pause Full (System.gc()) 1817M->1817M(5693M) 816.960ms
[103.909s][info   ][gc,metaspace] GC(65) Metaspace: 88099K(101952K)->88099K(101952K) NonClass: 69706K(75648K)->69706K(75648K) Class: 18392K(26304K)->18392K(26304K)
[103.909s][info   ][gc          ] GC(65) Pause Full (System.gc()) 1817M->1817M(5693M) 808.291ms
[104.839s][info   ][gc,metaspace] GC(66) Metaspace: 88099K(101952K)->88099K(101952K) NonClass: 69706K(75648K)->69706K(75648K) Class: 18392K(26304K)->18392K(26304K)
[104.839s][info   ][gc          ] GC(66) Pause Full (System.gc()) 1817M->1817M(5693M) 930.078ms
[105.766s][info   ][gc,metaspace] GC(67) Metaspace: 88099K(101952K)->88099K(101952K) NonClass: 69706K(75648K)->69706K(75648K) Class: 18392K(26304K)->18392K(26304K)
[105.766s][info   ][gc          ] GC(67) Pause Full (System.gc()) 1817M->1817M(5693M) 926.726ms
After GCs... 
