Done; will start GCs... 
[65.523s][info   ][gc,metaspace] GC(16) Metaspace: 89891K(103744K)->89891K(103744K) NonClass: 63142K(69056K)->63142K(69056K) Class: 26748K(34688K)->26748K(34688K)
[65.523s][info   ][gc          ] GC(16) Pause Full (System.gc()) 1625M->1602M(5694M) 915.237ms
[66.433s][info   ][gc,metaspace] GC(17) Metaspace: 89891K(103744K)->89891K(103744K) NonClass: 63142K(69056K)->63142K(69056K) Class: 26748K(34688K)->26748K(34688K)
[66.433s][info   ][gc          ] GC(17) Pause Full (System.gc()) 1602M->1602M(5694M) 909.486ms
[67.450s][info   ][gc,metaspace] GC(18) Metaspace: 89891K(103744K)->89891K(103744K) NonClass: 63142K(69056K)->63142K(69056K) Class: 26748K(34688K)->26748K(34688K)
[67.450s][info   ][gc          ] GC(18) Pause Full (System.gc()) 1602M->1602M(5694M) 1017.439ms
[68.337s][info   ][gc,metaspace] GC(19) Metaspace: 89891K(103744K)->89891K(103744K) NonClass: 63142K(69056K)->63142K(69056K) Class: 26748K(34688K)->26748K(34688K)
[68.337s][info   ][gc          ] GC(19) Pause Full (System.gc()) 1602M->1602M(5694M) 887.034ms
[69.350s][info   ][gc,metaspace] GC(20) Metaspace: 89891K(103744K)->89891K(103744K) NonClass: 63142K(69056K)->63142K(69056K) Class: 26748K(34688K)->26748K(34688K)
[69.350s][info   ][gc          ] GC(20) Pause Full (System.gc()) 1602M->1602M(5694M) 1012.322ms
[70.368s][info   ][gc,metaspace] GC(21) Metaspace: 89891K(103744K)->89891K(103744K) NonClass: 63142K(69056K)->63142K(69056K) Class: 26748K(34688K)->26748K(34688K)
[70.368s][info   ][gc          ] GC(21) Pause Full (System.gc()) 1602M->1602M(5694M) 1017.780ms
[71.250s][info   ][gc,metaspace] GC(22) Metaspace: 89891K(103744K)->89891K(103744K) NonClass: 63142K(69056K)->63142K(69056K) Class: 26748K(34688K)->26748K(34688K)
[71.250s][info   ][gc          ] GC(22) Pause Full (System.gc()) 1602M->1602M(5694M) 882.519ms
[72.152s][info   ][gc,metaspace] GC(23) Metaspace: 89891K(103744K)->89891K(103744K) NonClass: 63142K(69056K)->63142K(69056K) Class: 26748K(34688K)->26748K(34688K)
[72.152s][info   ][gc          ] GC(23) Pause Full (System.gc()) 1602M->1602M(5694M) 901.454ms
[73.070s][info   ][gc,metaspace] GC(24) Metaspace: 89891K(103744K)->89891K(103744K) NonClass: 63142K(69056K)->63142K(69056K) Class: 26748K(34688K)->26748K(34688K)
[73.070s][info   ][gc          ] GC(24) Pause Full (System.gc()) 1602M->1602M(5694M) 917.997ms
[73.981s][info   ][gc,metaspace] GC(25) Metaspace: 89891K(103744K)->89891K(103744K) NonClass: 63142K(69056K)->63142K(69056K) Class: 26748K(34688K)->26748K(34688K)
[73.981s][info   ][gc          ] GC(25) Pause Full (System.gc()) 1602M->1602M(5694M) 910.901ms
[74.876s][info   ][gc,metaspace] GC(26) Metaspace: 89891K(103744K)->89891K(103744K) NonClass: 63142K(69056K)->63142K(69056K) Class: 26748K(34688K)->26748K(34688K)
[74.876s][info   ][gc          ] GC(26) Pause Full (System.gc()) 1602M->1602M(5694M) 895.531ms
[75.876s][info   ][gc,metaspace] GC(27) Metaspace: 89891K(103744K)->89891K(103744K) NonClass: 63142K(69056K)->63142K(69056K) Class: 26748K(34688K)->26748K(34688K)
[75.876s][info   ][gc          ] GC(27) Pause Full (System.gc()) 1602M->1602M(5694M) 999.997ms
[76.776s][info   ][gc,metaspace] GC(28) Metaspace: 89891K(103744K)->89891K(103744K) NonClass: 63142K(69056K)->63142K(69056K) Class: 26748K(34688K)->26748K(34688K)
[76.776s][info   ][gc          ] GC(28) Pause Full (System.gc()) 1602M->1602M(5694M) 899.517ms
[77.693s][info   ][gc,metaspace] GC(29) Metaspace: 89891K(103744K)->89891K(103744K) NonClass: 63142K(69056K)->63142K(69056K) Class: 26748K(34688K)->26748K(34688K)
[77.693s][info   ][gc          ] GC(29) Pause Full (System.gc()) 1602M->1602M(5694M) 916.503ms
[78.587s][info   ][gc,metaspace] GC(30) Metaspace: 89891K(103744K)->89891K(103744K) NonClass: 63142K(69056K)->63142K(69056K) Class: 26748K(34688K)->26748K(34688K)
[78.587s][info   ][gc          ] GC(30) Pause Full (System.gc()) 1602M->1602M(5694M) 893.825ms
[79.609s][info   ][gc,metaspace] GC(31) Metaspace: 89891K(103744K)->89891K(103744K) NonClass: 63142K(69056K)->63142K(69056K) Class: 26748K(34688K)->26748K(34688K)
[79.609s][info   ][gc          ] GC(31) Pause Full (System.gc()) 1602M->1602M(5694M) 1021.927ms
[80.500s][info   ][gc,metaspace] GC(32) Metaspace: 89891K(103744K)->89891K(103744K) NonClass: 63142K(69056K)->63142K(69056K) Class: 26748K(34688K)->26748K(34688K)
[80.500s][info   ][gc          ] GC(32) Pause Full (System.gc()) 1602M->1602M(5694M) 890.816ms
[81.392s][info   ][gc,metaspace] GC(33) Metaspace: 89891K(103744K)->89891K(103744K) NonClass: 63142K(69056K)->63142K(69056K) Class: 26748K(34688K)->26748K(34688K)
[81.392s][info   ][gc          ] GC(33) Pause Full (System.gc()) 1602M->1602M(5694M) 892.746ms
[82.298s][info   ][gc,metaspace] GC(34) Metaspace: 89891K(103744K)->89891K(103744K) NonClass: 63142K(69056K)->63142K(69056K) Class: 26748K(34688K)->26748K(34688K)
[82.298s][info   ][gc          ] GC(34) Pause Full (System.gc()) 1602M->1602M(5694M) 905.531ms
[83.291s][info   ][gc,metaspace] GC(35) Metaspace: 89891K(103744K)->89891K(103744K) NonClass: 63142K(69056K)->63142K(69056K) Class: 26748K(34688K)->26748K(34688K)
[83.291s][info   ][gc          ] GC(35) Pause Full (System.gc()) 1602M->1602M(5694M) 992.854ms
[84.314s][info   ][gc,metaspace] GC(36) Metaspace: 89891K(103744K)->89891K(103744K) NonClass: 63142K(69056K)->63142K(69056K) Class: 26748K(34688K)->26748K(34688K)
[84.314s][info   ][gc          ] GC(36) Pause Full (System.gc()) 1602M->1602M(5694M) 1023.196ms
[85.223s][info   ][gc,metaspace] GC(37) Metaspace: 89891K(103744K)->89891K(103744K) NonClass: 63142K(69056K)->63142K(69056K) Class: 26748K(34688K)->26748K(34688K)
[85.223s][info   ][gc          ] GC(37) Pause Full (System.gc()) 1602M->1602M(5694M) 908.195ms
[86.112s][info   ][gc,metaspace] GC(38) Metaspace: 89891K(103744K)->89891K(103744K) NonClass: 63142K(69056K)->63142K(69056K) Class: 26748K(34688K)->26748K(34688K)
[86.113s][info   ][gc          ] GC(38) Pause Full (System.gc()) 1602M->1602M(5694M) 889.763ms
[87.012s][info   ][gc,metaspace] GC(39) Metaspace: 89891K(103744K)->89891K(103744K) NonClass: 63142K(69056K)->63142K(69056K) Class: 26748K(34688K)->26748K(34688K)
[87.012s][info   ][gc          ] GC(39) Pause Full (System.gc()) 1602M->1602M(5694M) 899.268ms
[87.900s][info   ][gc,metaspace] GC(40) Metaspace: 89891K(103744K)->89891K(103744K) NonClass: 63142K(69056K)->63142K(69056K) Class: 26748K(34688K)->26748K(34688K)
[87.900s][info   ][gc          ] GC(40) Pause Full (System.gc()) 1602M->1602M(5694M) 883.600ms
[88.801s][info   ][gc,metaspace] GC(41) Metaspace: 89891K(103744K)->89891K(103744K) NonClass: 63142K(69056K)->63142K(69056K) Class: 26748K(34688K)->26748K(34688K)
[88.801s][info   ][gc          ] GC(41) Pause Full (System.gc()) 1602M->1602M(5694M) 901.223ms
[89.693s][info   ][gc,metaspace] GC(42) Metaspace: 89891K(103744K)->89891K(103744K) NonClass: 63142K(69056K)->63142K(69056K) Class: 26748K(34688K)->26748K(34688K)
[89.693s][info   ][gc          ] GC(42) Pause Full (System.gc()) 1602M->1602M(5694M) 891.375ms
[90.597s][info   ][gc,metaspace] GC(43) Metaspace: 89891K(103744K)->89891K(103744K) NonClass: 63142K(69056K)->63142K(69056K) Class: 26748K(34688K)->26748K(34688K)
[90.597s][info   ][gc          ] GC(43) Pause Full (System.gc()) 1602M->1602M(5694M) 903.797ms
[91.509s][info   ][gc,metaspace] GC(44) Metaspace: 89891K(103744K)->89891K(103744K) NonClass: 63142K(69056K)->63142K(69056K) Class: 26748K(34688K)->26748K(34688K)
[91.509s][info   ][gc          ] GC(44) Pause Full (System.gc()) 1602M->1602M(5694M) 912.138ms
[92.396s][info   ][gc,metaspace] GC(45) Metaspace: 89891K(103744K)->89891K(103744K) NonClass: 63142K(69056K)->63142K(69056K) Class: 26748K(34688K)->26748K(34688K)
[92.396s][info   ][gc          ] GC(45) Pause Full (System.gc()) 1602M->1602M(5694M) 887.268ms
[93.292s][info   ][gc,metaspace] GC(46) Metaspace: 89891K(103744K)->89891K(103744K) NonClass: 63142K(69056K)->63142K(69056K) Class: 26748K(34688K)->26748K(34688K)
[93.292s][info   ][gc          ] GC(46) Pause Full (System.gc()) 1602M->1602M(5694M) 896.016ms
[94.176s][info   ][gc,metaspace] GC(47) Metaspace: 89891K(103744K)->89891K(103744K) NonClass: 63142K(69056K)->63142K(69056K) Class: 26748K(34688K)->26748K(34688K)
[94.176s][info   ][gc          ] GC(47) Pause Full (System.gc()) 1602M->1602M(5694M) 883.382ms
[95.213s][info   ][gc,metaspace] GC(48) Metaspace: 89891K(103744K)->89891K(103744K) NonClass: 63142K(69056K)->63142K(69056K) Class: 26748K(34688K)->26748K(34688K)
[95.213s][info   ][gc          ] GC(48) Pause Full (System.gc()) 1602M->1602M(5694M) 1037.189ms
[96.211s][info   ][gc,metaspace] GC(49) Metaspace: 89891K(103744K)->89891K(103744K) NonClass: 63142K(69056K)->63142K(69056K) Class: 26748K(34688K)->26748K(34688K)
[96.211s][info   ][gc          ] GC(49) Pause Full (System.gc()) 1602M->1602M(5694M) 997.745ms
[97.136s][info   ][gc,metaspace] GC(50) Metaspace: 89891K(103744K)->89891K(103744K) NonClass: 63142K(69056K)->63142K(69056K) Class: 26748K(34688K)->26748K(34688K)
[97.136s][info   ][gc          ] GC(50) Pause Full (System.gc()) 1602M->1602M(5694M) 925.202ms
[98.066s][info   ][gc,metaspace] GC(51) Metaspace: 89891K(103744K)->89891K(103744K) NonClass: 63142K(69056K)->63142K(69056K) Class: 26748K(34688K)->26748K(34688K)
[98.066s][info   ][gc          ] GC(51) Pause Full (System.gc()) 1602M->1602M(5694M) 930.073ms
[98.959s][info   ][gc,metaspace] GC(52) Metaspace: 89891K(103744K)->89891K(103744K) NonClass: 63142K(69056K)->63142K(69056K) Class: 26748K(34688K)->26748K(34688K)
[98.959s][info   ][gc          ] GC(52) Pause Full (System.gc()) 1602M->1602M(5694M) 892.724ms
[99.843s][info   ][gc,metaspace] GC(53) Metaspace: 89891K(103744K)->89891K(103744K) NonClass: 63142K(69056K)->63142K(69056K) Class: 26748K(34688K)->26748K(34688K)
[99.843s][info   ][gc          ] GC(53) Pause Full (System.gc()) 1602M->1602M(5694M) 879.687ms
[100.723s][info   ][gc,metaspace] GC(54) Metaspace: 89891K(103744K)->89891K(103744K) NonClass: 63142K(69056K)->63142K(69056K) Class: 26748K(34688K)->26748K(34688K)
[100.723s][info   ][gc          ] GC(54) Pause Full (System.gc()) 1602M->1602M(5694M) 879.142ms
[101.635s][info   ][gc,metaspace] GC(55) Metaspace: 89891K(103744K)->89891K(103744K) NonClass: 63142K(69056K)->63142K(69056K) Class: 26748K(34688K)->26748K(34688K)
[101.635s][info   ][gc          ] GC(55) Pause Full (System.gc()) 1602M->1602M(5694M) 912.599ms
[102.554s][info   ][gc,metaspace] GC(56) Metaspace: 89891K(103744K)->89891K(103744K) NonClass: 63142K(69056K)->63142K(69056K) Class: 26748K(34688K)->26748K(34688K)
[102.554s][info   ][gc          ] GC(56) Pause Full (System.gc()) 1602M->1602M(5694M) 918.390ms
[103.464s][info   ][gc,metaspace] GC(57) Metaspace: 89891K(103744K)->89891K(103744K) NonClass: 63142K(69056K)->63142K(69056K) Class: 26748K(34688K)->26748K(34688K)
[103.464s][info   ][gc          ] GC(57) Pause Full (System.gc()) 1602M->1602M(5694M) 910.366ms
[104.478s][info   ][gc,metaspace] GC(58) Metaspace: 89891K(103744K)->89891K(103744K) NonClass: 63142K(69056K)->63142K(69056K) Class: 26748K(34688K)->26748K(34688K)
[104.478s][info   ][gc          ] GC(58) Pause Full (System.gc()) 1602M->1602M(5694M) 1013.653ms
[105.488s][info   ][gc,metaspace] GC(59) Metaspace: 89891K(103744K)->89891K(103744K) NonClass: 63142K(69056K)->63142K(69056K) Class: 26748K(34688K)->26748K(34688K)
[105.488s][info   ][gc          ] GC(59) Pause Full (System.gc()) 1602M->1602M(5694M) 1005.182ms
[106.366s][info   ][gc,metaspace] GC(60) Metaspace: 89891K(103744K)->89891K(103744K) NonClass: 63142K(69056K)->63142K(69056K) Class: 26748K(34688K)->26748K(34688K)
[106.366s][info   ][gc          ] GC(60) Pause Full (System.gc()) 1602M->1602M(5694M) 878.298ms
[107.253s][info   ][gc,metaspace] GC(61) Metaspace: 89891K(103744K)->89891K(103744K) NonClass: 63142K(69056K)->63142K(69056K) Class: 26748K(34688K)->26748K(34688K)
[107.253s][info   ][gc          ] GC(61) Pause Full (System.gc()) 1602M->1602M(5694M) 886.684ms
[108.271s][info   ][gc,metaspace] GC(62) Metaspace: 89891K(103744K)->89891K(103744K) NonClass: 63142K(69056K)->63142K(69056K) Class: 26748K(34688K)->26748K(34688K)
[108.271s][info   ][gc          ] GC(62) Pause Full (System.gc()) 1602M->1602M(5694M) 1017.912ms
[109.154s][info   ][gc,metaspace] GC(63) Metaspace: 89891K(103744K)->89891K(103744K) NonClass: 63142K(69056K)->63142K(69056K) Class: 26748K(34688K)->26748K(34688K)
[109.154s][info   ][gc          ] GC(63) Pause Full (System.gc()) 1602M->1602M(5694M) 882.885ms
[110.060s][info   ][gc,metaspace] GC(64) Metaspace: 89891K(103744K)->89891K(103744K) NonClass: 63142K(69056K)->63142K(69056K) Class: 26748K(34688K)->26748K(34688K)
[110.060s][info   ][gc          ] GC(64) Pause Full (System.gc()) 1602M->1602M(5694M) 905.660ms
[110.971s][info   ][gc,metaspace] GC(65) Metaspace: 89891K(103744K)->89891K(103744K) NonClass: 63142K(69056K)->63142K(69056K) Class: 26748K(34688K)->26748K(34688K)
[110.971s][info   ][gc          ] GC(65) Pause Full (System.gc()) 1602M->1602M(5694M) 911.828ms
After GCs... 
