[0.001s][warning][pagesize] UseLargePages disabled, no large pages configured and available on the system.
[0.001s][info   ][metaspace]  - commit_granule_bytes: 65536.
[0.001s][info   ][metaspace]  - commit_granule_words: 8192.
[0.001s][info   ][metaspace]  - virtual_space_node_default_size: 8388608.
[0.001s][info   ][metaspace]  - enlarge_chunks_in_place: 1.
[0.001s][info   ][metaspace]  - use_allocation_guard: 0.
[0.005s][info   ][gc       ] Using Parallel
[0.447s][info   ][metaspace] Reserving compressed class space anywhere
[0.447s][info   ][gc,metaspace] CDS archive(s) not mapped
[0.447s][info   ][gc,metaspace] Compressed class space mapped at: 0x000000003a000000-0x00000000fa000000, reserved size: 3221225472
[0.447s][info   ][gc,metaspace] UseCompressedClassPointers 1, UseCompactObjectHeaders 1, narrow klass pointer bits 22, max shift 10
[0.447s][info   ][gc,metaspace] Narrow klass base: 0x000000003a000000, Narrow klass shift: 10, Narrow klass range: 0xc0000000
Random Seed: 12345678
Num Classes: 16384
Num Objects: 67108864
Percent IK Objects: 83.0%)
Percent OAK Objects: 5.0%)
Percent TAK Objects: 12.0%)
Cycles: 50
Loading 16384 pre-generated classes ...
Materialize pre-generated constructors ...
Creating objects...
[1.194s][info   ][gc,metaspace] GC(0) Metaspace: 36845K(37184K)->36845K(37184K) NonClass: 18678K(18880K)->18678K(18880K) Class: 18166K(18304K)->18166K(18304K)
[1.194s][info   ][gc          ] GC(0) Pause Full (System.gc()) 153M->11M(5888M) 15.533ms
[3.866s][info   ][gc,metaspace] GC(1) Metaspace: 65443K(80832K)->65443K(80832K) NonClass: 39835K(48320K)->39835K(48320K) Class: 25607K(32512K)->25607K(32512K)
[3.866s][info   ][gc          ] GC(1) Pause Young (Allocation Failure) 1547M->330M(5888M) 349.841ms
[10.600s][info   ][gc,metaspace] GC(2) Metaspace: 82397K(97664K)->82397K(97664K) NonClass: 55648K(62976K)->55648K(62976K) Class: 26748K(34688K)->26748K(34688K)
[10.600s][info   ][gc          ] GC(2) Pause Full (CodeCache GC Threshold) 1790M->440M(5888M) 463.905ms
[16.045s][info   ][gc,metaspace] GC(3) Metaspace: 89891K(103744K)->89891K(103744K) NonClass: 63142K(69056K)->63142K(69056K) Class: 26748K(34688K)->26748K(34688K)
[16.045s][info   ][gc          ] GC(3) Pause Young (Allocation Failure) 1976M->559M(5888M) 114.416ms
[21.170s][info   ][gc,metaspace] GC(4) Metaspace: 89891K(103744K)->89891K(103744K) NonClass: 63142K(69056K)->63142K(69056K) Class: 26748K(34688K)->26748K(34688K)
[21.170s][info   ][gc          ] GC(4) Pause Young (Allocation Failure) 2095M->678M(5888M) 207.754ms
[26.354s][info   ][gc,metaspace] GC(5) Metaspace: 89891K(103744K)->89891K(103744K) NonClass: 63142K(69056K)->63142K(69056K) Class: 26748K(34688K)->26748K(34688K)
[26.354s][info   ][gc          ] GC(5) Pause Young (Allocation Failure) 2214M->796M(5888M) 270.958ms
[31.647s][info   ][gc,metaspace] GC(6) Metaspace: 89891K(103744K)->89891K(103744K) NonClass: 63142K(69056K)->63142K(69056K) Class: 26748K(34688K)->26748K(34688K)
[31.647s][info   ][gc          ] GC(6) Pause Young (Allocation Failure) 2332M->915M(5888M) 347.636ms
[36.907s][info   ][gc,metaspace] GC(7) Metaspace: 89891K(103744K)->89891K(103744K) NonClass: 63142K(69056K)->63142K(69056K) Class: 26748K(34688K)->26748K(34688K)
[36.907s][info   ][gc          ] GC(7) Pause Young (Allocation Failure) 2451M->1034M(5341M) 340.378ms
[40.310s][info   ][gc,metaspace] GC(8) Metaspace: 89891K(103744K)->89891K(103744K) NonClass: 63142K(69056K)->63142K(69056K) Class: 26748K(34688K)->26748K(34688K)
[40.310s][info   ][gc          ] GC(8) Pause Young (Allocation Failure) 2023M->1110M(5614M) 244.579ms
[43.660s][info   ][gc,metaspace] GC(9) Metaspace: 89891K(103744K)->89891K(103744K) NonClass: 63142K(69056K)->63142K(69056K) Class: 26748K(34688K)->26748K(34688K)
[43.660s][info   ][gc          ] GC(9) Pause Young (Allocation Failure) 2099M->1187M(5658M) 204.767ms
[47.269s][info   ][gc,metaspace] GC(10) Metaspace: 89891K(103744K)->89891K(103744K) NonClass: 63142K(69056K)->63142K(69056K) Class: 26748K(34688K)->26748K(34688K)
[47.269s][info   ][gc          ] GC(10) Pause Young (Allocation Failure) 2249M->1269M(5644M) 178.895ms
[50.852s][info   ][gc,metaspace] GC(11) Metaspace: 89891K(103744K)->89891K(103744K) NonClass: 63142K(69056K)->63142K(69056K) Class: 26748K(34688K)->26748K(34688K)
[50.853s][info   ][gc          ] GC(11) Pause Young (Allocation Failure) 2331M->1351M(5694M) 232.437ms
[54.717s][info   ][gc,metaspace] GC(12) Metaspace: 89891K(103744K)->89891K(103744K) NonClass: 63142K(69056K)->63142K(69056K) Class: 26748K(34688K)->26748K(34688K)
[54.717s][info   ][gc          ] GC(12) Pause Young (Allocation Failure) 2490M->1439M(5685M) 191.091ms
[58.689s][info   ][gc,metaspace] GC(13) Metaspace: 89891K(103744K)->89891K(103744K) NonClass: 63142K(69056K)->63142K(69056K) Class: 26748K(34688K)->26748K(34688K)
[58.689s][info   ][gc          ] GC(13) Pause Young (Allocation Failure) 2579M->1527M(5694M) 143.552ms
67108864 Objects created
 - IK: 55699211 (82.99829%)
 - OAK: 3355627 (5.0002737%)
 - TAK: 8054026 (12.001434%)
Preparatory GC...
[63.597s][info   ][gc,metaspace] GC(14) Metaspace: 89891K(103744K)->89891K(103744K) NonClass: 63142K(69056K)->63142K(69056K) Class: 26748K(34688K)->26748K(34688K)
[63.598s][info   ][gc          ] GC(14) Pause Full (System.gc()) 2570M->1602M(5694M) 1548.367ms
[64.608s][info   ][gc,metaspace] GC(15) Metaspace: 89891K(103744K)->89891K(103744K) NonClass: 63142K(69056K)->63142K(69056K) Class: 26748K(34688K)->26748K(34688K)
[64.608s][info   ][gc          ] GC(15) Pause Full (System.gc()) 1602M->1602M(5694M) 1009.962ms
Done; will start GCs... 
[65.523s][info   ][gc,metaspace] GC(16) Metaspace: 89891K(103744K)->89891K(103744K) NonClass: 63142K(69056K)->63142K(69056K) Class: 26748K(34688K)->26748K(34688K)
[65.523s][info   ][gc          ] GC(16) Pause Full (System.gc()) 1625M->1602M(5694M) 915.237ms
[66.433s][info   ][gc,metaspace] GC(17) Metaspace: 89891K(103744K)->89891K(103744K) NonClass: 63142K(69056K)->63142K(69056K) Class: 26748K(34688K)->26748K(34688K)
[66.433s][info   ][gc          ] GC(17) Pause Full (System.gc()) 1602M->1602M(5694M) 909.486ms
[67.450s][info   ][gc,metaspace] GC(18) Metaspace: 89891K(103744K)->89891K(103744K) NonClass: 63142K(69056K)->63142K(69056K) Class: 26748K(34688K)->26748K(34688K)
[67.450s][info   ][gc          ] GC(18) Pause Full (System.gc()) 1602M->1602M(5694M) 1017.439ms
[68.337s][info   ][gc,metaspace] GC(19) Metaspace: 89891K(103744K)->89891K(103744K) NonClass: 63142K(69056K)->63142K(69056K) Class: 26748K(34688K)->26748K(34688K)
[68.337s][info   ][gc          ] GC(19) Pause Full (System.gc()) 1602M->1602M(5694M) 887.034ms
[69.350s][info   ][gc,metaspace] GC(20) Metaspace: 89891K(103744K)->89891K(103744K) NonClass: 63142K(69056K)->63142K(69056K) Class: 26748K(34688K)->26748K(34688K)
[69.350s][info   ][gc          ] GC(20) Pause Full (System.gc()) 1602M->1602M(5694M) 1012.322ms
[70.368s][info   ][gc,metaspace] GC(21) Metaspace: 89891K(103744K)->89891K(103744K) NonClass: 63142K(69056K)->63142K(69056K) Class: 26748K(34688K)->26748K(34688K)
[70.368s][info   ][gc          ] GC(21) Pause Full (System.gc()) 1602M->1602M(5694M) 1017.780ms
[71.250s][info   ][gc,metaspace] GC(22) Metaspace: 89891K(103744K)->89891K(103744K) NonClass: 63142K(69056K)->63142K(69056K) Class: 26748K(34688K)->26748K(34688K)
[71.250s][info   ][gc          ] GC(22) Pause Full (System.gc()) 1602M->1602M(5694M) 882.519ms
[72.152s][info   ][gc,metaspace] GC(23) Metaspace: 89891K(103744K)->89891K(103744K) NonClass: 63142K(69056K)->63142K(69056K) Class: 26748K(34688K)->26748K(34688K)
[72.152s][info   ][gc          ] GC(23) Pause Full (System.gc()) 1602M->1602M(5694M) 901.454ms
[73.070s][info   ][gc,metaspace] GC(24) Metaspace: 89891K(103744K)->89891K(103744K) NonClass: 63142K(69056K)->63142K(69056K) Class: 26748K(34688K)->26748K(34688K)
[73.070s][info   ][gc          ] GC(24) Pause Full (System.gc()) 1602M->1602M(5694M) 917.997ms
[73.981s][info   ][gc,metaspace] GC(25) Metaspace: 89891K(103744K)->89891K(103744K) NonClass: 63142K(69056K)->63142K(69056K) Class: 26748K(34688K)->26748K(34688K)
[73.981s][info   ][gc          ] GC(25) Pause Full (System.gc()) 1602M->1602M(5694M) 910.901ms
[74.876s][info   ][gc,metaspace] GC(26) Metaspace: 89891K(103744K)->89891K(103744K) NonClass: 63142K(69056K)->63142K(69056K) Class: 26748K(34688K)->26748K(34688K)
[74.876s][info   ][gc          ] GC(26) Pause Full (System.gc()) 1602M->1602M(5694M) 895.531ms
[75.876s][info   ][gc,metaspace] GC(27) Metaspace: 89891K(103744K)->89891K(103744K) NonClass: 63142K(69056K)->63142K(69056K) Class: 26748K(34688K)->26748K(34688K)
[75.876s][info   ][gc          ] GC(27) Pause Full (System.gc()) 1602M->1602M(5694M) 999.997ms
[76.776s][info   ][gc,metaspace] GC(28) Metaspace: 89891K(103744K)->89891K(103744K) NonClass: 63142K(69056K)->63142K(69056K) Class: 26748K(34688K)->26748K(34688K)
[76.776s][info   ][gc          ] GC(28) Pause Full (System.gc()) 1602M->1602M(5694M) 899.517ms
[77.693s][info   ][gc,metaspace] GC(29) Metaspace: 89891K(103744K)->89891K(103744K) NonClass: 63142K(69056K)->63142K(69056K) Class: 26748K(34688K)->26748K(34688K)
[77.693s][info   ][gc          ] GC(29) Pause Full (System.gc()) 1602M->1602M(5694M) 916.503ms
[78.587s][info   ][gc,metaspace] GC(30) Metaspace: 89891K(103744K)->89891K(103744K) NonClass: 63142K(69056K)->63142K(69056K) Class: 26748K(34688K)->26748K(34688K)
[78.587s][info   ][gc          ] GC(30) Pause Full (System.gc()) 1602M->1602M(5694M) 893.825ms
[79.609s][info   ][gc,metaspace] GC(31) Metaspace: 89891K(103744K)->89891K(103744K) NonClass: 63142K(69056K)->63142K(69056K) Class: 26748K(34688K)->26748K(34688K)
[79.609s][info   ][gc          ] GC(31) Pause Full (System.gc()) 1602M->1602M(5694M) 1021.927ms
[80.500s][info   ][gc,metaspace] GC(32) Metaspace: 89891K(103744K)->89891K(103744K) NonClass: 63142K(69056K)->63142K(69056K) Class: 26748K(34688K)->26748K(34688K)
[80.500s][info   ][gc          ] GC(32) Pause Full (System.gc()) 1602M->1602M(5694M) 890.816ms
[81.392s][info   ][gc,metaspace] GC(33) Metaspace: 89891K(103744K)->89891K(103744K) NonClass: 63142K(69056K)->63142K(69056K) Class: 26748K(34688K)->26748K(34688K)
[81.392s][info   ][gc          ] GC(33) Pause Full (System.gc()) 1602M->1602M(5694M) 892.746ms
[82.298s][info   ][gc,metaspace] GC(34) Metaspace: 89891K(103744K)->89891K(103744K) NonClass: 63142K(69056K)->63142K(69056K) Class: 26748K(34688K)->26748K(34688K)
[82.298s][info   ][gc          ] GC(34) Pause Full (System.gc()) 1602M->1602M(5694M) 905.531ms
[83.291s][info   ][gc,metaspace] GC(35) Metaspace: 89891K(103744K)->89891K(103744K) NonClass: 63142K(69056K)->63142K(69056K) Class: 26748K(34688K)->26748K(34688K)
[83.291s][info   ][gc          ] GC(35) Pause Full (System.gc()) 1602M->1602M(5694M) 992.854ms
[84.314s][info   ][gc,metaspace] GC(36) Metaspace: 89891K(103744K)->89891K(103744K) NonClass: 63142K(69056K)->63142K(69056K) Class: 26748K(34688K)->26748K(34688K)
[84.314s][info   ][gc          ] GC(36) Pause Full (System.gc()) 1602M->1602M(5694M) 1023.196ms
[85.223s][info   ][gc,metaspace] GC(37) Metaspace: 89891K(103744K)->89891K(103744K) NonClass: 63142K(69056K)->63142K(69056K) Class: 26748K(34688K)->26748K(34688K)
[85.223s][info   ][gc          ] GC(37) Pause Full (System.gc()) 1602M->1602M(5694M) 908.195ms
[86.112s][info   ][gc,metaspace] GC(38) Metaspace: 89891K(103744K)->89891K(103744K) NonClass: 63142K(69056K)->63142K(69056K) Class: 26748K(34688K)->26748K(34688K)
[86.113s][info   ][gc          ] GC(38) Pause Full (System.gc()) 1602M->1602M(5694M) 889.763ms
[87.012s][info   ][gc,metaspace] GC(39) Metaspace: 89891K(103744K)->89891K(103744K) NonClass: 63142K(69056K)->63142K(69056K) Class: 26748K(34688K)->26748K(34688K)
[87.012s][info   ][gc          ] GC(39) Pause Full (System.gc()) 1602M->1602M(5694M) 899.268ms
[87.900s][info   ][gc,metaspace] GC(40) Metaspace: 89891K(103744K)->89891K(103744K) NonClass: 63142K(69056K)->63142K(69056K) Class: 26748K(34688K)->26748K(34688K)
[87.900s][info   ][gc          ] GC(40) Pause Full (System.gc()) 1602M->1602M(5694M) 883.600ms
[88.801s][info   ][gc,metaspace] GC(41) Metaspace: 89891K(103744K)->89891K(103744K) NonClass: 63142K(69056K)->63142K(69056K) Class: 26748K(34688K)->26748K(34688K)
[88.801s][info   ][gc          ] GC(41) Pause Full (System.gc()) 1602M->1602M(5694M) 901.223ms
[89.693s][info   ][gc,metaspace] GC(42) Metaspace: 89891K(103744K)->89891K(103744K) NonClass: 63142K(69056K)->63142K(69056K) Class: 26748K(34688K)->26748K(34688K)
[89.693s][info   ][gc          ] GC(42) Pause Full (System.gc()) 1602M->1602M(5694M) 891.375ms
[90.597s][info   ][gc,metaspace] GC(43) Metaspace: 89891K(103744K)->89891K(103744K) NonClass: 63142K(69056K)->63142K(69056K) Class: 26748K(34688K)->26748K(34688K)
[90.597s][info   ][gc          ] GC(43) Pause Full (System.gc()) 1602M->1602M(5694M) 903.797ms
[91.509s][info   ][gc,metaspace] GC(44) Metaspace: 89891K(103744K)->89891K(103744K) NonClass: 63142K(69056K)->63142K(69056K) Class: 26748K(34688K)->26748K(34688K)
[91.509s][info   ][gc          ] GC(44) Pause Full (System.gc()) 1602M->1602M(5694M) 912.138ms
[92.396s][info   ][gc,metaspace] GC(45) Metaspace: 89891K(103744K)->89891K(103744K) NonClass: 63142K(69056K)->63142K(69056K) Class: 26748K(34688K)->26748K(34688K)
[92.396s][info   ][gc          ] GC(45) Pause Full (System.gc()) 1602M->1602M(5694M) 887.268ms
[93.292s][info   ][gc,metaspace] GC(46) Metaspace: 89891K(103744K)->89891K(103744K) NonClass: 63142K(69056K)->63142K(69056K) Class: 26748K(34688K)->26748K(34688K)
[93.292s][info   ][gc          ] GC(46) Pause Full (System.gc()) 1602M->1602M(5694M) 896.016ms
[94.176s][info   ][gc,metaspace] GC(47) Metaspace: 89891K(103744K)->89891K(103744K) NonClass: 63142K(69056K)->63142K(69056K) Class: 26748K(34688K)->26748K(34688K)
[94.176s][info   ][gc          ] GC(47) Pause Full (System.gc()) 1602M->1602M(5694M) 883.382ms
[95.213s][info   ][gc,metaspace] GC(48) Metaspace: 89891K(103744K)->89891K(103744K) NonClass: 63142K(69056K)->63142K(69056K) Class: 26748K(34688K)->26748K(34688K)
[95.213s][info   ][gc          ] GC(48) Pause Full (System.gc()) 1602M->1602M(5694M) 1037.189ms
[96.211s][info   ][gc,metaspace] GC(49) Metaspace: 89891K(103744K)->89891K(103744K) NonClass: 63142K(69056K)->63142K(69056K) Class: 26748K(34688K)->26748K(34688K)
[96.211s][info   ][gc          ] GC(49) Pause Full (System.gc()) 1602M->1602M(5694M) 997.745ms
[97.136s][info   ][gc,metaspace] GC(50) Metaspace: 89891K(103744K)->89891K(103744K) NonClass: 63142K(69056K)->63142K(69056K) Class: 26748K(34688K)->26748K(34688K)
[97.136s][info   ][gc          ] GC(50) Pause Full (System.gc()) 1602M->1602M(5694M) 925.202ms
[98.066s][info   ][gc,metaspace] GC(51) Metaspace: 89891K(103744K)->89891K(103744K) NonClass: 63142K(69056K)->63142K(69056K) Class: 26748K(34688K)->26748K(34688K)
[98.066s][info   ][gc          ] GC(51) Pause Full (System.gc()) 1602M->1602M(5694M) 930.073ms
[98.959s][info   ][gc,metaspace] GC(52) Metaspace: 89891K(103744K)->89891K(103744K) NonClass: 63142K(69056K)->63142K(69056K) Class: 26748K(34688K)->26748K(34688K)
[98.959s][info   ][gc          ] GC(52) Pause Full (System.gc()) 1602M->1602M(5694M) 892.724ms
[99.843s][info   ][gc,metaspace] GC(53) Metaspace: 89891K(103744K)->89891K(103744K) NonClass: 63142K(69056K)->63142K(69056K) Class: 26748K(34688K)->26748K(34688K)
[99.843s][info   ][gc          ] GC(53) Pause Full (System.gc()) 1602M->1602M(5694M) 879.687ms
[100.723s][info   ][gc,metaspace] GC(54) Metaspace: 89891K(103744K)->89891K(103744K) NonClass: 63142K(69056K)->63142K(69056K) Class: 26748K(34688K)->26748K(34688K)
[100.723s][info   ][gc          ] GC(54) Pause Full (System.gc()) 1602M->1602M(5694M) 879.142ms
[101.635s][info   ][gc,metaspace] GC(55) Metaspace: 89891K(103744K)->89891K(103744K) NonClass: 63142K(69056K)->63142K(69056K) Class: 26748K(34688K)->26748K(34688K)
[101.635s][info   ][gc          ] GC(55) Pause Full (System.gc()) 1602M->1602M(5694M) 912.599ms
[102.554s][info   ][gc,metaspace] GC(56) Metaspace: 89891K(103744K)->89891K(103744K) NonClass: 63142K(69056K)->63142K(69056K) Class: 26748K(34688K)->26748K(34688K)
[102.554s][info   ][gc          ] GC(56) Pause Full (System.gc()) 1602M->1602M(5694M) 918.390ms
[103.464s][info   ][gc,metaspace] GC(57) Metaspace: 89891K(103744K)->89891K(103744K) NonClass: 63142K(69056K)->63142K(69056K) Class: 26748K(34688K)->26748K(34688K)
[103.464s][info   ][gc          ] GC(57) Pause Full (System.gc()) 1602M->1602M(5694M) 910.366ms
[104.478s][info   ][gc,metaspace] GC(58) Metaspace: 89891K(103744K)->89891K(103744K) NonClass: 63142K(69056K)->63142K(69056K) Class: 26748K(34688K)->26748K(34688K)
[104.478s][info   ][gc          ] GC(58) Pause Full (System.gc()) 1602M->1602M(5694M) 1013.653ms
[105.488s][info   ][gc,metaspace] GC(59) Metaspace: 89891K(103744K)->89891K(103744K) NonClass: 63142K(69056K)->63142K(69056K) Class: 26748K(34688K)->26748K(34688K)
[105.488s][info   ][gc          ] GC(59) Pause Full (System.gc()) 1602M->1602M(5694M) 1005.182ms
[106.366s][info   ][gc,metaspace] GC(60) Metaspace: 89891K(103744K)->89891K(103744K) NonClass: 63142K(69056K)->63142K(69056K) Class: 26748K(34688K)->26748K(34688K)
[106.366s][info   ][gc          ] GC(60) Pause Full (System.gc()) 1602M->1602M(5694M) 878.298ms
[107.253s][info   ][gc,metaspace] GC(61) Metaspace: 89891K(103744K)->89891K(103744K) NonClass: 63142K(69056K)->63142K(69056K) Class: 26748K(34688K)->26748K(34688K)
[107.253s][info   ][gc          ] GC(61) Pause Full (System.gc()) 1602M->1602M(5694M) 886.684ms
[108.271s][info   ][gc,metaspace] GC(62) Metaspace: 89891K(103744K)->89891K(103744K) NonClass: 63142K(69056K)->63142K(69056K) Class: 26748K(34688K)->26748K(34688K)
[108.271s][info   ][gc          ] GC(62) Pause Full (System.gc()) 1602M->1602M(5694M) 1017.912ms
[109.154s][info   ][gc,metaspace] GC(63) Metaspace: 89891K(103744K)->89891K(103744K) NonClass: 63142K(69056K)->63142K(69056K) Class: 26748K(34688K)->26748K(34688K)
[109.154s][info   ][gc          ] GC(63) Pause Full (System.gc()) 1602M->1602M(5694M) 882.885ms
[110.060s][info   ][gc,metaspace] GC(64) Metaspace: 89891K(103744K)->89891K(103744K) NonClass: 63142K(69056K)->63142K(69056K) Class: 26748K(34688K)->26748K(34688K)
[110.060s][info   ][gc          ] GC(64) Pause Full (System.gc()) 1602M->1602M(5694M) 905.660ms
[110.971s][info   ][gc,metaspace] GC(65) Metaspace: 89891K(103744K)->89891K(103744K) NonClass: 63142K(69056K)->63142K(69056K) Class: 26748K(34688K)->26748K(34688K)
[110.971s][info   ][gc          ] GC(65) Pause Full (System.gc()) 1602M->1602M(5694M) 911.828ms
After GCs... 
