Done; will start GCs... 
[62.835s][info][gc,metaspace] GC(16) Metaspace: 89891K(103744K)->89891K(103744K) NonClass: 63142K(69056K)->63142K(69056K) Class: 26748K(34688K)->26748K(34688K)
[62.835s][info][gc          ] GC(16) Pause Full (System.gc()) 1636M->1602M(5680M) 1599.065ms
[64.021s][info][gc,metaspace] GC(17) Metaspace: 89891K(103744K)->89891K(103744K) NonClass: 63142K(69056K)->63142K(69056K) Class: 26748K(34688K)->26748K(34688K)
[64.021s][info][gc          ] GC(17) Pause Full (System.gc()) 1602M->1602M(5680M) 1185.875ms
[65.276s][info][gc,metaspace] GC(18) Metaspace: 89891K(103744K)->89891K(103744K) NonClass: 63142K(69056K)->63142K(69056K) Class: 26748K(34688K)->26748K(34688K)
[65.276s][info][gc          ] GC(18) Pause Full (System.gc()) 1602M->1602M(5680M) 1255.735ms
[66.613s][info][gc,metaspace] GC(19) Metaspace: 89891K(103744K)->89891K(103744K) NonClass: 63142K(69056K)->63142K(69056K) Class: 26748K(34688K)->26748K(34688K)
[66.613s][info][gc          ] GC(19) Pause Full (System.gc()) 1602M->1602M(5680M) 1336.279ms
[68.057s][info][gc,metaspace] GC(20) Metaspace: 89891K(103744K)->89891K(103744K) NonClass: 63142K(69056K)->63142K(69056K) Class: 26748K(34688K)->26748K(34688K)
[68.057s][info][gc          ] GC(20) Pause Full (System.gc()) 1602M->1602M(5680M) 1444.304ms
[69.306s][info][gc,metaspace] GC(21) Metaspace: 89891K(103744K)->89891K(103744K) NonClass: 63142K(69056K)->63142K(69056K) Class: 26748K(34688K)->26748K(34688K)
[69.306s][info][gc          ] GC(21) Pause Full (System.gc()) 1602M->1602M(5680M) 1244.884ms
[70.612s][info][gc,metaspace] GC(22) Metaspace: 89891K(103744K)->89891K(103744K) NonClass: 63142K(69056K)->63142K(69056K) Class: 26748K(34688K)->26748K(34688K)
[70.612s][info][gc          ] GC(22) Pause Full (System.gc()) 1602M->1602M(5680M) 1305.816ms
[72.069s][info][gc,metaspace] GC(23) Metaspace: 89891K(103744K)->89891K(103744K) NonClass: 63142K(69056K)->63142K(69056K) Class: 26748K(34688K)->26748K(34688K)
[72.069s][info][gc          ] GC(23) Pause Full (System.gc()) 1602M->1602M(5680M) 1456.831ms
[73.290s][info][gc,metaspace] GC(24) Metaspace: 89891K(103744K)->89891K(103744K) NonClass: 63142K(69056K)->63142K(69056K) Class: 26748K(34688K)->26748K(34688K)
[73.291s][info][gc          ] GC(24) Pause Full (System.gc()) 1602M->1602M(5680M) 1221.105ms
[74.695s][info][gc,metaspace] GC(25) Metaspace: 89891K(103744K)->89891K(103744K) NonClass: 63142K(69056K)->63142K(69056K) Class: 26748K(34688K)->26748K(34688K)
[74.695s][info][gc          ] GC(25) Pause Full (System.gc()) 1602M->1602M(5680M) 1404.328ms
[75.890s][info][gc,metaspace] GC(26) Metaspace: 89891K(103744K)->89891K(103744K) NonClass: 63142K(69056K)->63142K(69056K) Class: 26748K(34688K)->26748K(34688K)
[75.890s][info][gc          ] GC(26) Pause Full (System.gc()) 1602M->1602M(5680M) 1194.674ms
[77.084s][info][gc,metaspace] GC(27) Metaspace: 89891K(103744K)->89891K(103744K) NonClass: 63142K(69056K)->63142K(69056K) Class: 26748K(34688K)->26748K(34688K)
[77.084s][info][gc          ] GC(27) Pause Full (System.gc()) 1602M->1602M(5680M) 1194.357ms
[78.302s][info][gc,metaspace] GC(28) Metaspace: 89891K(103744K)->89891K(103744K) NonClass: 63142K(69056K)->63142K(69056K) Class: 26748K(34688K)->26748K(34688K)
[78.302s][info][gc          ] GC(28) Pause Full (System.gc()) 1602M->1602M(5680M) 1217.720ms
[79.482s][info][gc,metaspace] GC(29) Metaspace: 89891K(103744K)->89891K(103744K) NonClass: 63142K(69056K)->63142K(69056K) Class: 26748K(34688K)->26748K(34688K)
[79.482s][info][gc          ] GC(29) Pause Full (System.gc()) 1602M->1602M(5680M) 1175.772ms
[80.669s][info][gc,metaspace] GC(30) Metaspace: 89891K(103744K)->89891K(103744K) NonClass: 63142K(69056K)->63142K(69056K) Class: 26748K(34688K)->26748K(34688K)
[80.669s][info][gc          ] GC(30) Pause Full (System.gc()) 1602M->1602M(5680M) 1187.152ms
[81.900s][info][gc,metaspace] GC(31) Metaspace: 89891K(103744K)->89891K(103744K) NonClass: 63142K(69056K)->63142K(69056K) Class: 26748K(34688K)->26748K(34688K)
[81.900s][info][gc          ] GC(31) Pause Full (System.gc()) 1602M->1602M(5680M) 1230.673ms
[83.196s][info][gc,metaspace] GC(32) Metaspace: 89891K(103744K)->89891K(103744K) NonClass: 63142K(69056K)->63142K(69056K) Class: 26748K(34688K)->26748K(34688K)
[83.196s][info][gc          ] GC(32) Pause Full (System.gc()) 1602M->1602M(5680M) 1295.507ms
[84.385s][info][gc,metaspace] GC(33) Metaspace: 89891K(103744K)->89891K(103744K) NonClass: 63142K(69056K)->63142K(69056K) Class: 26748K(34688K)->26748K(34688K)
[84.385s][info][gc          ] GC(33) Pause Full (System.gc()) 1602M->1602M(5680M) 1189.364ms
[85.592s][info][gc,metaspace] GC(34) Metaspace: 89891K(103744K)->89891K(103744K) NonClass: 63142K(69056K)->63142K(69056K) Class: 26748K(34688K)->26748K(34688K)
[85.592s][info][gc          ] GC(34) Pause Full (System.gc()) 1602M->1602M(5680M) 1207.128ms
[86.970s][info][gc,metaspace] GC(35) Metaspace: 89891K(103744K)->89891K(103744K) NonClass: 63142K(69056K)->63142K(69056K) Class: 26748K(34688K)->26748K(34688K)
[86.970s][info][gc          ] GC(35) Pause Full (System.gc()) 1602M->1602M(5680M) 1377.379ms
[88.185s][info][gc,metaspace] GC(36) Metaspace: 89891K(103744K)->89891K(103744K) NonClass: 63142K(69056K)->63142K(69056K) Class: 26748K(34688K)->26748K(34688K)
[88.185s][info][gc          ] GC(36) Pause Full (System.gc()) 1602M->1602M(5680M) 1215.273ms
[89.409s][info][gc,metaspace] GC(37) Metaspace: 89891K(103744K)->89891K(103744K) NonClass: 63142K(69056K)->63142K(69056K) Class: 26748K(34688K)->26748K(34688K)
[89.409s][info][gc          ] GC(37) Pause Full (System.gc()) 1602M->1602M(5680M) 1223.818ms
[90.619s][info][gc,metaspace] GC(38) Metaspace: 89891K(103744K)->89891K(103744K) NonClass: 63142K(69056K)->63142K(69056K) Class: 26748K(34688K)->26748K(34688K)
[90.619s][info][gc          ] GC(38) Pause Full (System.gc()) 1602M->1602M(5680M) 1205.154ms
[91.946s][info][gc,metaspace] GC(39) Metaspace: 89891K(103744K)->89891K(103744K) NonClass: 63142K(69056K)->63142K(69056K) Class: 26748K(34688K)->26748K(34688K)
[91.946s][info][gc          ] GC(39) Pause Full (System.gc()) 1602M->1602M(5680M) 1326.990ms
[93.157s][info][gc,metaspace] GC(40) Metaspace: 89891K(103744K)->89891K(103744K) NonClass: 63142K(69056K)->63142K(69056K) Class: 26748K(34688K)->26748K(34688K)
[93.157s][info][gc          ] GC(40) Pause Full (System.gc()) 1602M->1602M(5680M) 1210.623ms
[94.390s][info][gc,metaspace] GC(41) Metaspace: 89891K(103744K)->89891K(103744K) NonClass: 63142K(69056K)->63142K(69056K) Class: 26748K(34688K)->26748K(34688K)
[94.390s][info][gc          ] GC(41) Pause Full (System.gc()) 1602M->1602M(5680M) 1233.028ms
[95.730s][info][gc,metaspace] GC(42) Metaspace: 89891K(103744K)->89891K(103744K) NonClass: 63142K(69056K)->63142K(69056K) Class: 26748K(34688K)->26748K(34688K)
[95.730s][info][gc          ] GC(42) Pause Full (System.gc()) 1602M->1602M(5680M) 1340.754ms
[96.935s][info][gc,metaspace] GC(43) Metaspace: 89891K(103744K)->89891K(103744K) NonClass: 63142K(69056K)->63142K(69056K) Class: 26748K(34688K)->26748K(34688K)
[96.936s][info][gc          ] GC(43) Pause Full (System.gc()) 1602M->1602M(5680M) 1204.949ms
[98.107s][info][gc,metaspace] GC(44) Metaspace: 89891K(103744K)->89891K(103744K) NonClass: 63142K(69056K)->63142K(69056K) Class: 26748K(34688K)->26748K(34688K)
[98.107s][info][gc          ] GC(44) Pause Full (System.gc()) 1602M->1602M(5680M) 1171.154ms
[99.324s][info][gc,metaspace] GC(45) Metaspace: 89891K(103744K)->89891K(103744K) NonClass: 63142K(69056K)->63142K(69056K) Class: 26748K(34688K)->26748K(34688K)
[99.324s][info][gc          ] GC(45) Pause Full (System.gc()) 1602M->1602M(5680M) 1217.131ms
[100.498s][info][gc,metaspace] GC(46) Metaspace: 89891K(103744K)->89891K(103744K) NonClass: 63142K(69056K)->63142K(69056K) Class: 26748K(34688K)->26748K(34688K)
[100.498s][info][gc          ] GC(46) Pause Full (System.gc()) 1602M->1602M(5680M) 1174.360ms
[101.772s][info][gc,metaspace] GC(47) Metaspace: 89891K(103744K)->89891K(103744K) NonClass: 63142K(69056K)->63142K(69056K) Class: 26748K(34688K)->26748K(34688K)
[101.772s][info][gc          ] GC(47) Pause Full (System.gc()) 1602M->1602M(5680M) 1273.099ms
[103.101s][info][gc,metaspace] GC(48) Metaspace: 89891K(103744K)->89891K(103744K) NonClass: 63142K(69056K)->63142K(69056K) Class: 26748K(34688K)->26748K(34688K)
[103.101s][info][gc          ] GC(48) Pause Full (System.gc()) 1602M->1602M(5680M) 1329.633ms
[104.326s][info][gc,metaspace] GC(49) Metaspace: 89891K(103744K)->89891K(103744K) NonClass: 63142K(69056K)->63142K(69056K) Class: 26748K(34688K)->26748K(34688K)
[104.326s][info][gc          ] GC(49) Pause Full (System.gc()) 1602M->1602M(5680M) 1224.262ms
[105.523s][info][gc,metaspace] GC(50) Metaspace: 89891K(103744K)->89891K(103744K) NonClass: 63142K(69056K)->63142K(69056K) Class: 26748K(34688K)->26748K(34688K)
[105.523s][info][gc          ] GC(50) Pause Full (System.gc()) 1602M->1602M(5680M) 1197.517ms
[106.703s][info][gc,metaspace] GC(51) Metaspace: 89891K(103744K)->89891K(103744K) NonClass: 63142K(69056K)->63142K(69056K) Class: 26748K(34688K)->26748K(34688K)
[106.703s][info][gc          ] GC(51) Pause Full (System.gc()) 1602M->1602M(5680M) 1179.990ms
[107.910s][info][gc,metaspace] GC(52) Metaspace: 89891K(103744K)->89891K(103744K) NonClass: 63142K(69056K)->63142K(69056K) Class: 26748K(34688K)->26748K(34688K)
[107.910s][info][gc          ] GC(52) Pause Full (System.gc()) 1602M->1602M(5680M) 1206.596ms
[109.143s][info][gc,metaspace] GC(53) Metaspace: 89891K(103744K)->89891K(103744K) NonClass: 63142K(69056K)->63142K(69056K) Class: 26748K(34688K)->26748K(34688K)
[109.143s][info][gc          ] GC(53) Pause Full (System.gc()) 1602M->1602M(5680M) 1232.686ms
[110.330s][info][gc,metaspace] GC(54) Metaspace: 89891K(103744K)->89891K(103744K) NonClass: 63142K(69056K)->63142K(69056K) Class: 26748K(34688K)->26748K(34688K)
[110.330s][info][gc          ] GC(54) Pause Full (System.gc()) 1602M->1602M(5680M) 1186.603ms
[111.536s][info][gc,metaspace] GC(55) Metaspace: 89891K(103744K)->89891K(103744K) NonClass: 63142K(69056K)->63142K(69056K) Class: 26748K(34688K)->26748K(34688K)
[111.537s][info][gc          ] GC(55) Pause Full (System.gc()) 1602M->1602M(5680M) 1206.798ms
After GCs... 
