Done; will start GCs... 
[61.011s][info][gc,metaspace] GC(16) Metaspace: 89899K(103744K)->89899K(103744K) NonClass: 63150K(69056K)->63150K(69056K) Class: 26748K(34688K)->26748K(34688K)
[61.011s][info][gc          ] GC(16) Pause Full (System.gc()) 1624M->1602M(5680M) 886.222ms
[61.889s][info][gc,metaspace] GC(17) Metaspace: 89899K(103744K)->89899K(103744K) NonClass: 63150K(69056K)->63150K(69056K) Class: 26748K(34688K)->26748K(34688K)
[61.889s][info][gc          ] GC(17) Pause Full (System.gc()) 1602M->1602M(5680M) 877.392ms
[62.796s][info][gc,metaspace] GC(18) Metaspace: 89899K(103744K)->89899K(103744K) NonClass: 63150K(69056K)->63150K(69056K) Class: 26748K(34688K)->26748K(34688K)
[62.796s][info][gc          ] GC(18) Pause Full (System.gc()) 1602M->1602M(5680M) 903.150ms
[64.069s][info][gc,metaspace] GC(19) Metaspace: 89899K(103744K)->89899K(103744K) NonClass: 63150K(69056K)->63150K(69056K) Class: 26748K(34688K)->26748K(34688K)
[64.069s][info][gc          ] GC(19) Pause Full (System.gc()) 1602M->1602M(5680M) 1272.454ms
[65.073s][info][gc,metaspace] GC(20) Metaspace: 89899K(103744K)->89899K(103744K) NonClass: 63150K(69056K)->63150K(69056K) Class: 26748K(34688K)->26748K(34688K)
[65.073s][info][gc          ] GC(20) Pause Full (System.gc()) 1613M->1602M(5680M) 1004.408ms
[65.961s][info][gc,metaspace] GC(21) Metaspace: 89899K(103744K)->89899K(103744K) NonClass: 63150K(69056K)->63150K(69056K) Class: 26748K(34688K)->26748K(34688K)
[65.961s][info][gc          ] GC(21) Pause Full (System.gc()) 1602M->1602M(5680M) 887.519ms
[66.971s][info][gc,metaspace] GC(22) Metaspace: 89899K(103744K)->89899K(103744K) NonClass: 63150K(69056K)->63150K(69056K) Class: 26748K(34688K)->26748K(34688K)
[66.971s][info][gc          ] GC(22) Pause Full (System.gc()) 1602M->1602M(5680M) 1009.989ms
[67.858s][info][gc,metaspace] GC(23) Metaspace: 89899K(103744K)->89899K(103744K) NonClass: 63150K(69056K)->63150K(69056K) Class: 26748K(34688K)->26748K(34688K)
[67.858s][info][gc          ] GC(23) Pause Full (System.gc()) 1602M->1602M(5680M) 887.044ms
[68.740s][info][gc,metaspace] GC(24) Metaspace: 89899K(103744K)->89899K(103744K) NonClass: 63150K(69056K)->63150K(69056K) Class: 26748K(34688K)->26748K(34688K)
[68.740s][info][gc          ] GC(24) Pause Full (System.gc()) 1602M->1602M(5680M) 881.228ms
[69.624s][info][gc,metaspace] GC(25) Metaspace: 89899K(103744K)->89899K(103744K) NonClass: 63150K(69056K)->63150K(69056K) Class: 26748K(34688K)->26748K(34688K)
[69.624s][info][gc          ] GC(25) Pause Full (System.gc()) 1602M->1602M(5680M) 884.488ms
[70.529s][info][gc,metaspace] GC(26) Metaspace: 89899K(103744K)->89899K(103744K) NonClass: 63150K(69056K)->63150K(69056K) Class: 26748K(34688K)->26748K(34688K)
[70.529s][info][gc          ] GC(26) Pause Full (System.gc()) 1602M->1602M(5680M) 904.530ms
[71.415s][info][gc,metaspace] GC(27) Metaspace: 89899K(103744K)->89899K(103744K) NonClass: 63150K(69056K)->63150K(69056K) Class: 26748K(34688K)->26748K(34688K)
[71.415s][info][gc          ] GC(27) Pause Full (System.gc()) 1602M->1602M(5680M) 886.434ms
[72.299s][info][gc,metaspace] GC(28) Metaspace: 89899K(103744K)->89899K(103744K) NonClass: 63150K(69056K)->63150K(69056K) Class: 26748K(34688K)->26748K(34688K)
[72.299s][info][gc          ] GC(28) Pause Full (System.gc()) 1602M->1602M(5680M) 883.128ms
[73.206s][info][gc,metaspace] GC(29) Metaspace: 89899K(103744K)->89899K(103744K) NonClass: 63150K(69056K)->63150K(69056K) Class: 26748K(34688K)->26748K(34688K)
[73.206s][info][gc          ] GC(29) Pause Full (System.gc()) 1602M->1602M(5680M) 903.308ms
[74.118s][info][gc,metaspace] GC(30) Metaspace: 89899K(103744K)->89899K(103744K) NonClass: 63150K(69056K)->63150K(69056K) Class: 26748K(34688K)->26748K(34688K)
[74.118s][info][gc          ] GC(30) Pause Full (System.gc()) 1602M->1602M(5680M) 911.705ms
[75.003s][info][gc,metaspace] GC(31) Metaspace: 89899K(103744K)->89899K(103744K) NonClass: 63150K(69056K)->63150K(69056K) Class: 26748K(34688K)->26748K(34688K)
[75.003s][info][gc          ] GC(31) Pause Full (System.gc()) 1602M->1602M(5680M) 884.773ms
[75.882s][info][gc,metaspace] GC(32) Metaspace: 89899K(103744K)->89899K(103744K) NonClass: 63150K(69056K)->63150K(69056K) Class: 26748K(34688K)->26748K(34688K)
[75.882s][info][gc          ] GC(32) Pause Full (System.gc()) 1602M->1602M(5680M) 878.580ms
[76.885s][info][gc,metaspace] GC(33) Metaspace: 89899K(103744K)->89899K(103744K) NonClass: 63150K(69056K)->63150K(69056K) Class: 26748K(34688K)->26748K(34688K)
[76.885s][info][gc          ] GC(33) Pause Full (System.gc()) 1602M->1602M(5680M) 1003.519ms
[77.785s][info][gc,metaspace] GC(34) Metaspace: 89899K(103744K)->89899K(103744K) NonClass: 63150K(69056K)->63150K(69056K) Class: 26748K(34688K)->26748K(34688K)
[77.785s][info][gc          ] GC(34) Pause Full (System.gc()) 1602M->1602M(5680M) 899.832ms
[78.685s][info][gc,metaspace] GC(35) Metaspace: 89899K(103744K)->89899K(103744K) NonClass: 63150K(69056K)->63150K(69056K) Class: 26748K(34688K)->26748K(34688K)
[78.685s][info][gc          ] GC(35) Pause Full (System.gc()) 1602M->1602M(5680M) 900.064ms
[79.554s][info][gc,metaspace] GC(36) Metaspace: 89899K(103744K)->89899K(103744K) NonClass: 63150K(69056K)->63150K(69056K) Class: 26748K(34688K)->26748K(34688K)
[79.554s][info][gc          ] GC(36) Pause Full (System.gc()) 1602M->1602M(5680M) 868.998ms
[80.441s][info][gc,metaspace] GC(37) Metaspace: 89899K(103744K)->89899K(103744K) NonClass: 63150K(69056K)->63150K(69056K) Class: 26748K(34688K)->26748K(34688K)
[80.441s][info][gc          ] GC(37) Pause Full (System.gc()) 1602M->1602M(5680M) 886.460ms
[81.332s][info][gc,metaspace] GC(38) Metaspace: 89899K(103744K)->89899K(103744K) NonClass: 63150K(69056K)->63150K(69056K) Class: 26748K(34688K)->26748K(34688K)
[81.332s][info][gc          ] GC(38) Pause Full (System.gc()) 1602M->1602M(5680M) 890.592ms
[82.320s][info][gc,metaspace] GC(39) Metaspace: 89899K(103744K)->89899K(103744K) NonClass: 63150K(69056K)->63150K(69056K) Class: 26748K(34688K)->26748K(34688K)
[82.320s][info][gc          ] GC(39) Pause Full (System.gc()) 1602M->1602M(5680M) 988.609ms
[83.210s][info][gc,metaspace] GC(40) Metaspace: 89899K(103744K)->89899K(103744K) NonClass: 63150K(69056K)->63150K(69056K) Class: 26748K(34688K)->26748K(34688K)
[83.210s][info][gc          ] GC(40) Pause Full (System.gc()) 1602M->1602M(5680M) 889.730ms
[84.105s][info][gc,metaspace] GC(41) Metaspace: 89899K(103744K)->89899K(103744K) NonClass: 63150K(69056K)->63150K(69056K) Class: 26748K(34688K)->26748K(34688K)
[84.106s][info][gc          ] GC(41) Pause Full (System.gc()) 1602M->1602M(5680M) 890.833ms
[84.986s][info][gc,metaspace] GC(42) Metaspace: 89899K(103744K)->89899K(103744K) NonClass: 63150K(69056K)->63150K(69056K) Class: 26748K(34688K)->26748K(34688K)
[84.986s][info][gc          ] GC(42) Pause Full (System.gc()) 1602M->1602M(5680M) 880.231ms
[85.878s][info][gc,metaspace] GC(43) Metaspace: 89899K(103744K)->89899K(103744K) NonClass: 63150K(69056K)->63150K(69056K) Class: 26748K(34688K)->26748K(34688K)
[85.878s][info][gc          ] GC(43) Pause Full (System.gc()) 1602M->1602M(5680M) 892.232ms
[86.903s][info][gc,metaspace] GC(44) Metaspace: 89899K(103744K)->89899K(103744K) NonClass: 63150K(69056K)->63150K(69056K) Class: 26748K(34688K)->26748K(34688K)
[86.903s][info][gc          ] GC(44) Pause Full (System.gc()) 1602M->1602M(5680M) 1025.092ms
[87.916s][info][gc,metaspace] GC(45) Metaspace: 89899K(103744K)->89899K(103744K) NonClass: 63150K(69056K)->63150K(69056K) Class: 26748K(34688K)->26748K(34688K)
[87.916s][info][gc          ] GC(45) Pause Full (System.gc()) 1602M->1602M(5680M) 1012.541ms
[88.956s][info][gc,metaspace] GC(46) Metaspace: 89899K(103744K)->89899K(103744K) NonClass: 63150K(69056K)->63150K(69056K) Class: 26748K(34688K)->26748K(34688K)
[88.956s][info][gc          ] GC(46) Pause Full (System.gc()) 1602M->1602M(5680M) 1040.040ms
[89.837s][info][gc,metaspace] GC(47) Metaspace: 89899K(103744K)->89899K(103744K) NonClass: 63150K(69056K)->63150K(69056K) Class: 26748K(34688K)->26748K(34688K)
[89.837s][info][gc          ] GC(47) Pause Full (System.gc()) 1602M->1602M(5680M) 881.172ms
[90.722s][info][gc,metaspace] GC(48) Metaspace: 89899K(103744K)->89899K(103744K) NonClass: 63150K(69056K)->63150K(69056K) Class: 26748K(34688K)->26748K(34688K)
[90.722s][info][gc          ] GC(48) Pause Full (System.gc()) 1602M->1602M(5680M) 884.814ms
[91.704s][info][gc,metaspace] GC(49) Metaspace: 89899K(103744K)->89899K(103744K) NonClass: 63150K(69056K)->63150K(69056K) Class: 26748K(34688K)->26748K(34688K)
[91.704s][info][gc          ] GC(49) Pause Full (System.gc()) 1602M->1602M(5680M) 981.895ms
[92.606s][info][gc,metaspace] GC(50) Metaspace: 89899K(103744K)->89899K(103744K) NonClass: 63150K(69056K)->63150K(69056K) Class: 26748K(34688K)->26748K(34688K)
[92.606s][info][gc          ] GC(50) Pause Full (System.gc()) 1602M->1602M(5680M) 901.289ms
[93.491s][info][gc,metaspace] GC(51) Metaspace: 89899K(103744K)->89899K(103744K) NonClass: 63150K(69056K)->63150K(69056K) Class: 26748K(34688K)->26748K(34688K)
[93.491s][info][gc          ] GC(51) Pause Full (System.gc()) 1602M->1602M(5680M) 885.054ms
[94.373s][info][gc,metaspace] GC(52) Metaspace: 89899K(103744K)->89899K(103744K) NonClass: 63150K(69056K)->63150K(69056K) Class: 26748K(34688K)->26748K(34688K)
[94.373s][info][gc          ] GC(52) Pause Full (System.gc()) 1602M->1602M(5680M) 882.064ms
[95.383s][info][gc,metaspace] GC(53) Metaspace: 89899K(103744K)->89899K(103744K) NonClass: 63150K(69056K)->63150K(69056K) Class: 26748K(34688K)->26748K(34688K)
[95.383s][info][gc          ] GC(53) Pause Full (System.gc()) 1602M->1602M(5680M) 1005.700ms
[96.283s][info][gc,metaspace] GC(54) Metaspace: 89899K(103744K)->89899K(103744K) NonClass: 63150K(69056K)->63150K(69056K) Class: 26748K(34688K)->26748K(34688K)
[96.283s][info][gc          ] GC(54) Pause Full (System.gc()) 1602M->1602M(5680M) 899.380ms
[97.182s][info][gc,metaspace] GC(55) Metaspace: 89899K(103744K)->89899K(103744K) NonClass: 63150K(69056K)->63150K(69056K) Class: 26748K(34688K)->26748K(34688K)
[97.182s][info][gc          ] GC(55) Pause Full (System.gc()) 1602M->1602M(5680M) 899.194ms
After GCs... 
