Done; will start GCs... 
[34.964s][info][gc,metaspace] GC(10) Metaspace: 43159K(46912K)->43159K(46912K) NonClass: 33193K(34880K)->33193K(34880K) Class: 9965K(12032K)->9965K(12032K)
[34.965s][info][gc          ] GC(10) Pause Full (System.gc()) 951M->778M(5939M) 5532.812ms
[38.565s][info][gc,metaspace] GC(11) Metaspace: 43159K(46912K)->43159K(46912K) NonClass: 33193K(34880K)->33193K(34880K) Class: 9965K(12032K)->9965K(12032K)
[38.565s][info][gc          ] GC(11) Pause Full (System.gc()) 778M->778M(5939M) 3600.113ms
[43.464s][info][gc,metaspace] GC(12) Metaspace: 43159K(46912K)->43159K(46912K) NonClass: 33193K(34880K)->33193K(34880K) Class: 9965K(12032K)->9965K(12032K)
[43.464s][info][gc          ] GC(12) Pause Full (System.gc()) 778M->778M(5939M) 4898.703ms
[47.103s][info][gc,metaspace] GC(13) Metaspace: 43159K(46912K)->43159K(46912K) NonClass: 33193K(34880K)->33193K(34880K) Class: 9965K(12032K)->9965K(12032K)
[47.103s][info][gc          ] GC(13) Pause Full (System.gc()) 778M->778M(5939M) 3639.151ms
[50.702s][info][gc,metaspace] GC(14) Metaspace: 43159K(46912K)->43159K(46912K) NonClass: 33193K(34880K)->33193K(34880K) Class: 9965K(12032K)->9965K(12032K)
[50.702s][info][gc          ] GC(14) Pause Full (System.gc()) 778M->778M(5939M) 3598.431ms
[54.381s][info][gc,metaspace] GC(15) Metaspace: 43159K(46912K)->43159K(46912K) NonClass: 33193K(34880K)->33193K(34880K) Class: 9965K(12032K)->9965K(12032K)
[54.381s][info][gc          ] GC(15) Pause Full (System.gc()) 778M->778M(5939M) 3679.059ms
[58.031s][info][gc,metaspace] GC(16) Metaspace: 43159K(46912K)->43159K(46912K) NonClass: 33193K(34880K)->33193K(34880K) Class: 9965K(12032K)->9965K(12032K)
[58.031s][info][gc          ] GC(16) Pause Full (System.gc()) 778M->778M(5939M) 3649.369ms
[61.623s][info][gc,metaspace] GC(17) Metaspace: 43159K(46912K)->43159K(46912K) NonClass: 33193K(34880K)->33193K(34880K) Class: 9965K(12032K)->9965K(12032K)
[61.623s][info][gc          ] GC(17) Pause Full (System.gc()) 778M->778M(5939M) 3591.927ms
[65.267s][info][gc,metaspace] GC(18) Metaspace: 43159K(46912K)->43159K(46912K) NonClass: 33193K(34880K)->33193K(34880K) Class: 9965K(12032K)->9965K(12032K)
[65.267s][info][gc          ] GC(18) Pause Full (System.gc()) 778M->778M(5939M) 3644.000ms
[68.860s][info][gc,metaspace] GC(19) Metaspace: 43159K(46912K)->43159K(46912K) NonClass: 33193K(34880K)->33193K(34880K) Class: 9965K(12032K)->9965K(12032K)
[68.861s][info][gc          ] GC(19) Pause Full (System.gc()) 778M->778M(5939M) 3593.077ms
[73.756s][info][gc,metaspace] GC(20) Metaspace: 43159K(46912K)->43159K(46912K) NonClass: 33193K(34880K)->33193K(34880K) Class: 9965K(12032K)->9965K(12032K)
[73.756s][info][gc          ] GC(20) Pause Full (System.gc()) 788M->778M(5939M) 4894.773ms
[77.405s][info][gc,metaspace] GC(21) Metaspace: 43159K(46912K)->43159K(46912K) NonClass: 33193K(34880K)->33193K(34880K) Class: 9965K(12032K)->9965K(12032K)
[77.405s][info][gc          ] GC(21) Pause Full (System.gc()) 778M->778M(5939M) 3648.771ms
[81.043s][info][gc,metaspace] GC(22) Metaspace: 43159K(46912K)->43159K(46912K) NonClass: 33193K(34880K)->33193K(34880K) Class: 9965K(12032K)->9965K(12032K)
[81.043s][info][gc          ] GC(22) Pause Full (System.gc()) 778M->778M(5939M) 3638.572ms
[84.641s][info][gc,metaspace] GC(23) Metaspace: 43159K(46912K)->43159K(46912K) NonClass: 33193K(34880K)->33193K(34880K) Class: 9965K(12032K)->9965K(12032K)
[84.641s][info][gc          ] GC(23) Pause Full (System.gc()) 778M->778M(5939M) 3596.931ms
[88.281s][info][gc,metaspace] GC(24) Metaspace: 43159K(46912K)->43159K(46912K) NonClass: 33193K(34880K)->33193K(34880K) Class: 9965K(12032K)->9965K(12032K)
[88.281s][info][gc          ] GC(24) Pause Full (System.gc()) 778M->778M(5939M) 3640.203ms
[91.878s][info][gc,metaspace] GC(25) Metaspace: 43159K(46912K)->43159K(46912K) NonClass: 33193K(34880K)->33193K(34880K) Class: 9965K(12032K)->9965K(12032K)
[91.878s][info][gc          ] GC(25) Pause Full (System.gc()) 778M->778M(5939M) 3596.842ms
[95.517s][info][gc,metaspace] GC(26) Metaspace: 43159K(46912K)->43159K(46912K) NonClass: 33193K(34880K)->33193K(34880K) Class: 9965K(12032K)->9965K(12032K)
[95.517s][info][gc          ] GC(26) Pause Full (System.gc()) 778M->778M(5939M) 3639.034ms
[99.160s][info][gc,metaspace] GC(27) Metaspace: 43159K(46912K)->43159K(46912K) NonClass: 33193K(34880K)->33193K(34880K) Class: 9965K(12032K)->9965K(12032K)
[99.160s][info][gc          ] GC(27) Pause Full (System.gc()) 778M->778M(5939M) 3642.175ms
[102.753s][info][gc,metaspace] GC(28) Metaspace: 43159K(46912K)->43159K(46912K) NonClass: 33193K(34880K)->33193K(34880K) Class: 9965K(12032K)->9965K(12032K)
[102.753s][info][gc          ] GC(28) Pause Full (System.gc()) 778M->778M(5939M) 3593.095ms
[106.396s][info][gc,metaspace] GC(29) Metaspace: 43159K(46912K)->43159K(46912K) NonClass: 33193K(34880K)->33193K(34880K) Class: 9965K(12032K)->9965K(12032K)
[106.396s][info][gc          ] GC(29) Pause Full (System.gc()) 778M->778M(5939M) 3642.737ms
[110.040s][info][gc,metaspace] GC(30) Metaspace: 43159K(46912K)->43159K(46912K) NonClass: 33193K(34880K)->33193K(34880K) Class: 9965K(12032K)->9965K(12032K)
[110.040s][info][gc          ] GC(30) Pause Full (System.gc()) 778M->778M(5939M) 3643.423ms
[113.633s][info][gc,metaspace] GC(31) Metaspace: 43159K(46912K)->43159K(46912K) NonClass: 33193K(34880K)->33193K(34880K) Class: 9965K(12032K)->9965K(12032K)
[113.633s][info][gc          ] GC(31) Pause Full (System.gc()) 778M->778M(5939M) 3592.645ms
[117.276s][info][gc,metaspace] GC(32) Metaspace: 43159K(46912K)->43159K(46912K) NonClass: 33193K(34880K)->33193K(34880K) Class: 9965K(12032K)->9965K(12032K)
[117.276s][info][gc          ] GC(32) Pause Full (System.gc()) 778M->778M(5939M) 3643.765ms
[120.871s][info][gc,metaspace] GC(33) Metaspace: 43159K(46912K)->43159K(46912K) NonClass: 33193K(34880K)->33193K(34880K) Class: 9965K(12032K)->9965K(12032K)
[120.871s][info][gc          ] GC(33) Pause Full (System.gc()) 778M->778M(5939M) 3593.817ms
[124.513s][info][gc,metaspace] GC(34) Metaspace: 43159K(46912K)->43159K(46912K) NonClass: 33193K(34880K)->33193K(34880K) Class: 9965K(12032K)->9965K(12032K)
[124.513s][info][gc          ] GC(34) Pause Full (System.gc()) 778M->778M(5939M) 3642.476ms
[128.157s][info][gc,metaspace] GC(35) Metaspace: 43159K(46912K)->43159K(46912K) NonClass: 33193K(34880K)->33193K(34880K) Class: 9965K(12032K)->9965K(12032K)
[128.157s][info][gc          ] GC(35) Pause Full (System.gc()) 778M->778M(5939M) 3643.797ms
[131.767s][info][gc,metaspace] GC(36) Metaspace: 43159K(46912K)->43159K(46912K) NonClass: 33193K(34880K)->33193K(34880K) Class: 9965K(12032K)->9965K(12032K)
[131.767s][info][gc          ] GC(36) Pause Full (System.gc()) 778M->778M(5939M) 3609.741ms
[135.412s][info][gc,metaspace] GC(37) Metaspace: 43159K(46912K)->43159K(46912K) NonClass: 33193K(34880K)->33193K(34880K) Class: 9965K(12032K)->9965K(12032K)
[135.412s][info][gc          ] GC(37) Pause Full (System.gc()) 788M->778M(5939M) 3644.757ms
[139.058s][info][gc,metaspace] GC(38) Metaspace: 43159K(46912K)->43159K(46912K) NonClass: 33193K(34880K)->33193K(34880K) Class: 9965K(12032K)->9965K(12032K)
[139.058s][info][gc          ] GC(38) Pause Full (System.gc()) 778M->778M(5939M) 3645.052ms
[142.651s][info][gc,metaspace] GC(39) Metaspace: 43159K(46912K)->43159K(46912K) NonClass: 33193K(34880K)->33193K(34880K) Class: 9965K(12032K)->9965K(12032K)
[142.651s][info][gc          ] GC(39) Pause Full (System.gc()) 778M->778M(5939M) 3592.697ms
[146.291s][info][gc,metaspace] GC(40) Metaspace: 43159K(46912K)->43159K(46912K) NonClass: 33193K(34880K)->33193K(34880K) Class: 9965K(12032K)->9965K(12032K)
[146.291s][info][gc          ] GC(40) Pause Full (System.gc()) 778M->778M(5939M) 3640.364ms
[149.887s][info][gc,metaspace] GC(41) Metaspace: 43159K(46912K)->43159K(46912K) NonClass: 33193K(34880K)->33193K(34880K) Class: 9965K(12032K)->9965K(12032K)
[149.887s][info][gc          ] GC(41) Pause Full (System.gc()) 778M->778M(5939M) 3595.115ms
[153.986s][info][gc,metaspace] GC(42) Metaspace: 43159K(46912K)->43159K(46912K) NonClass: 33193K(34880K)->33193K(34880K) Class: 9965K(12032K)->9965K(12032K)
[153.986s][info][gc          ] GC(42) Pause Full (System.gc()) 778M->778M(5939M) 4049.885ms
[157.578s][info][gc,metaspace] GC(43) Metaspace: 43159K(46912K)->43159K(46912K) NonClass: 33193K(34880K)->33193K(34880K) Class: 9965K(12032K)->9965K(12032K)
[157.578s][info][gc          ] GC(43) Pause Full (System.gc()) 778M->778M(5939M) 3592.598ms
[161.206s][info][gc,metaspace] GC(44) Metaspace: 43159K(46912K)->43159K(46912K) NonClass: 33193K(34880K)->33193K(34880K) Class: 9965K(12032K)->9965K(12032K)
[161.206s][info][gc          ] GC(44) Pause Full (System.gc()) 778M->778M(5939M) 3627.749ms
[164.784s][info][gc,metaspace] GC(45) Metaspace: 43159K(46912K)->43159K(46912K) NonClass: 33193K(34880K)->33193K(34880K) Class: 9965K(12032K)->9965K(12032K)
[164.784s][info][gc          ] GC(45) Pause Full (System.gc()) 778M->778M(5939M) 3577.471ms
[168.414s][info][gc,metaspace] GC(46) Metaspace: 43159K(46912K)->43159K(46912K) NonClass: 33193K(34880K)->33193K(34880K) Class: 9965K(12032K)->9965K(12032K)
[168.414s][info][gc          ] GC(46) Pause Full (System.gc()) 778M->778M(5939M) 3629.405ms
[172.043s][info][gc,metaspace] GC(47) Metaspace: 43159K(46912K)->43159K(46912K) NonClass: 33193K(34880K)->33193K(34880K) Class: 9965K(12032K)->9965K(12032K)
[172.043s][info][gc          ] GC(47) Pause Full (System.gc()) 778M->778M(5939M) 3629.414ms
[175.621s][info][gc,metaspace] GC(48) Metaspace: 43159K(46912K)->43159K(46912K) NonClass: 33193K(34880K)->33193K(34880K) Class: 9965K(12032K)->9965K(12032K)
[175.621s][info][gc          ] GC(48) Pause Full (System.gc()) 778M->778M(5939M) 3577.867ms
[179.245s][info][gc,metaspace] GC(49) Metaspace: 43159K(46912K)->43159K(46912K) NonClass: 33193K(34880K)->33193K(34880K) Class: 9965K(12032K)->9965K(12032K)
[179.245s][info][gc          ] GC(49) Pause Full (System.gc()) 778M->778M(5939M) 3622.928ms
[182.826s][info][gc,metaspace] GC(50) Metaspace: 43159K(46912K)->43159K(46912K) NonClass: 33193K(34880K)->33193K(34880K) Class: 9965K(12032K)->9965K(12032K)
[182.826s][info][gc          ] GC(50) Pause Full (System.gc()) 778M->778M(5939M) 3580.882ms
[186.451s][info][gc,metaspace] GC(51) Metaspace: 43159K(46912K)->43159K(46912K) NonClass: 33193K(34880K)->33193K(34880K) Class: 9965K(12032K)->9965K(12032K)
[186.451s][info][gc          ] GC(51) Pause Full (System.gc()) 778M->778M(5939M) 3625.222ms
[190.081s][info][gc,metaspace] GC(52) Metaspace: 43159K(46912K)->43159K(46912K) NonClass: 33193K(34880K)->33193K(34880K) Class: 9965K(12032K)->9965K(12032K)
[190.081s][info][gc          ] GC(52) Pause Full (System.gc()) 778M->778M(5939M) 3629.719ms
[193.658s][info][gc,metaspace] GC(53) Metaspace: 43159K(46912K)->43159K(46912K) NonClass: 33193K(34880K)->33193K(34880K) Class: 9965K(12032K)->9965K(12032K)
[193.658s][info][gc          ] GC(53) Pause Full (System.gc()) 778M->778M(5939M) 3576.426ms
[197.289s][info][gc,metaspace] GC(54) Metaspace: 43159K(46912K)->43159K(46912K) NonClass: 33193K(34880K)->33193K(34880K) Class: 9965K(12032K)->9965K(12032K)
[197.289s][info][gc          ] GC(54) Pause Full (System.gc()) 778M->778M(5939M) 3631.427ms
[200.865s][info][gc,metaspace] GC(55) Metaspace: 43159K(46912K)->43159K(46912K) NonClass: 33193K(34880K)->33193K(34880K) Class: 9965K(12032K)->9965K(12032K)
[200.865s][info][gc          ] GC(55) Pause Full (System.gc()) 788M->778M(5939M) 3575.426ms
[204.494s][info][gc,metaspace] GC(56) Metaspace: 43159K(46912K)->43159K(46912K) NonClass: 33193K(34880K)->33193K(34880K) Class: 9965K(12032K)->9965K(12032K)
[204.494s][info][gc          ] GC(56) Pause Full (System.gc()) 778M->778M(5939M) 3628.431ms
[208.122s][info][gc,metaspace] GC(57) Metaspace: 43159K(46912K)->43159K(46912K) NonClass: 33193K(34880K)->33193K(34880K) Class: 9965K(12032K)->9965K(12032K)
[208.122s][info][gc          ] GC(57) Pause Full (System.gc()) 778M->778M(5939M) 3627.698ms
[211.699s][info][gc,metaspace] GC(58) Metaspace: 43159K(46912K)->43159K(46912K) NonClass: 33193K(34880K)->33193K(34880K) Class: 9965K(12032K)->9965K(12032K)
[211.700s][info][gc          ] GC(58) Pause Full (System.gc()) 778M->778M(5939M) 3577.693ms
[215.326s][info][gc,metaspace] GC(59) Metaspace: 43159K(46912K)->43159K(46912K) NonClass: 33193K(34880K)->33193K(34880K) Class: 9965K(12032K)->9965K(12032K)
[215.326s][info][gc          ] GC(59) Pause Full (System.gc()) 778M->778M(5939M) 3626.639ms
[218.954s][info][gc,metaspace] GC(60) Metaspace: 43159K(46912K)->43159K(46912K) NonClass: 33193K(34880K)->33193K(34880K) Class: 9965K(12032K)->9965K(12032K)
[218.954s][info][gc          ] GC(60) Pause Full (System.gc()) 778M->778M(5939M) 3627.532ms
[222.531s][info][gc,metaspace] GC(61) Metaspace: 43159K(46912K)->43159K(46912K) NonClass: 33193K(34880K)->33193K(34880K) Class: 9965K(12032K)->9965K(12032K)
[222.531s][info][gc          ] GC(61) Pause Full (System.gc()) 778M->778M(5939M) 3576.432ms
[226.160s][info][gc,metaspace] GC(62) Metaspace: 43159K(46912K)->43159K(46912K) NonClass: 33193K(34880K)->33193K(34880K) Class: 9965K(12032K)->9965K(12032K)
[226.160s][info][gc          ] GC(62) Pause Full (System.gc()) 778M->778M(5939M) 3628.857ms
[229.736s][info][gc,metaspace] GC(63) Metaspace: 43159K(46912K)->43159K(46912K) NonClass: 33193K(34880K)->33193K(34880K) Class: 9965K(12032K)->9965K(12032K)
[229.736s][info][gc          ] GC(63) Pause Full (System.gc()) 778M->778M(5939M) 3576.180ms
[233.365s][info][gc,metaspace] GC(64) Metaspace: 43159K(46912K)->43159K(46912K) NonClass: 33193K(34880K)->33193K(34880K) Class: 9965K(12032K)->9965K(12032K)
[233.365s][info][gc          ] GC(64) Pause Full (System.gc()) 778M->778M(5939M) 3624.445ms
[236.993s][info][gc,metaspace] GC(65) Metaspace: 43159K(46912K)->43159K(46912K) NonClass: 33193K(34880K)->33193K(34880K) Class: 9965K(12032K)->9965K(12032K)
[236.993s][info][gc          ] GC(65) Pause Full (System.gc()) 778M->778M(5939M) 3627.455ms
[240.572s][info][gc,metaspace] GC(66) Metaspace: 43159K(46912K)->43159K(46912K) NonClass: 33193K(34880K)->33193K(34880K) Class: 9965K(12032K)->9965K(12032K)
[240.572s][info][gc          ] GC(66) Pause Full (System.gc()) 778M->778M(5939M) 3579.384ms
[244.202s][info][gc,metaspace] GC(67) Metaspace: 43159K(46912K)->43159K(46912K) NonClass: 33193K(34880K)->33193K(34880K) Class: 9965K(12032K)->9965K(12032K)
[244.202s][info][gc          ] GC(67) Pause Full (System.gc()) 778M->778M(5939M) 3629.625ms
[247.780s][info][gc,metaspace] GC(68) Metaspace: 43159K(46912K)->43159K(46912K) NonClass: 33193K(34880K)->33193K(34880K) Class: 9965K(12032K)->9965K(12032K)
[247.780s][info][gc          ] GC(68) Pause Full (System.gc()) 778M->778M(5939M) 3577.779ms
[251.407s][info][gc,metaspace] GC(69) Metaspace: 43159K(46912K)->43159K(46912K) NonClass: 33193K(34880K)->33193K(34880K) Class: 9965K(12032K)->9965K(12032K)
[251.407s][info][gc          ] GC(69) Pause Full (System.gc()) 778M->778M(5939M) 3627.428ms
[255.032s][info][gc,metaspace] GC(70) Metaspace: 43159K(46912K)->43159K(46912K) NonClass: 33193K(34880K)->33193K(34880K) Class: 9965K(12032K)->9965K(12032K)
[255.032s][info][gc          ] GC(70) Pause Full (System.gc()) 778M->778M(5939M) 3624.665ms
[258.613s][info][gc,metaspace] GC(71) Metaspace: 43159K(46912K)->43159K(46912K) NonClass: 33193K(34880K)->33193K(34880K) Class: 9965K(12032K)->9965K(12032K)
[258.613s][info][gc          ] GC(71) Pause Full (System.gc()) 778M->778M(5939M) 3580.717ms
[262.238s][info][gc,metaspace] GC(72) Metaspace: 43159K(46912K)->43159K(46912K) NonClass: 33193K(34880K)->33193K(34880K) Class: 9965K(12032K)->9965K(12032K)
[262.238s][info][gc          ] GC(72) Pause Full (System.gc()) 778M->778M(5939M) 3624.980ms
[265.819s][info][gc,metaspace] GC(73) Metaspace: 43159K(46912K)->43159K(46912K) NonClass: 33193K(34880K)->33193K(34880K) Class: 9965K(12032K)->9965K(12032K)
[265.819s][info][gc          ] GC(73) Pause Full (System.gc()) 788M->778M(5939M) 3580.920ms
[269.444s][info][gc,metaspace] GC(74) Metaspace: 43159K(46912K)->43159K(46912K) NonClass: 33193K(34880K)->33193K(34880K) Class: 9965K(12032K)->9965K(12032K)
[269.444s][info][gc          ] GC(74) Pause Full (System.gc()) 778M->778M(5939M) 3624.808ms
[273.072s][info][gc,metaspace] GC(75) Metaspace: 43159K(46912K)->43159K(46912K) NonClass: 33193K(34880K)->33193K(34880K) Class: 9965K(12032K)->9965K(12032K)
[273.072s][info][gc          ] GC(75) Pause Full (System.gc()) 778M->778M(5939M) 3627.555ms
[276.650s][info][gc,metaspace] GC(76) Metaspace: 43159K(46912K)->43159K(46912K) NonClass: 33193K(34880K)->33193K(34880K) Class: 9965K(12032K)->9965K(12032K)
[276.650s][info][gc          ] GC(76) Pause Full (System.gc()) 778M->778M(5939M) 3577.738ms
[280.278s][info][gc,metaspace] GC(77) Metaspace: 43159K(46912K)->43159K(46912K) NonClass: 33193K(34880K)->33193K(34880K) Class: 9965K(12032K)->9965K(12032K)
[280.278s][info][gc          ] GC(77) Pause Full (System.gc()) 778M->778M(5939M) 3627.587ms
[283.855s][info][gc,metaspace] GC(78) Metaspace: 43159K(46912K)->43159K(46912K) NonClass: 33193K(34880K)->33193K(34880K) Class: 9965K(12032K)->9965K(12032K)
[283.855s][info][gc          ] GC(78) Pause Full (System.gc()) 778M->778M(5939M) 3577.746ms
[287.483s][info][gc,metaspace] GC(79) Metaspace: 43159K(46912K)->43159K(46912K) NonClass: 33193K(34880K)->33193K(34880K) Class: 9965K(12032K)->9965K(12032K)
[287.483s][info][gc          ] GC(79) Pause Full (System.gc()) 778M->778M(5939M) 3627.649ms
[291.112s][info][gc,metaspace] GC(80) Metaspace: 43159K(46912K)->43159K(46912K) NonClass: 33193K(34880K)->33193K(34880K) Class: 9965K(12032K)->9965K(12032K)
[291.112s][info][gc          ] GC(80) Pause Full (System.gc()) 778M->778M(5939M) 3628.254ms
[294.688s][info][gc,metaspace] GC(81) Metaspace: 43159K(46912K)->43159K(46912K) NonClass: 33193K(34880K)->33193K(34880K) Class: 9965K(12032K)->9965K(12032K)
[294.688s][info][gc          ] GC(81) Pause Full (System.gc()) 778M->778M(5939M) 3576.639ms
[298.318s][info][gc,metaspace] GC(82) Metaspace: 43159K(46912K)->43159K(46912K) NonClass: 33193K(34880K)->33193K(34880K) Class: 9965K(12032K)->9965K(12032K)
[298.318s][info][gc          ] GC(82) Pause Full (System.gc()) 778M->778M(5939M) 3629.050ms
[301.945s][info][gc,metaspace] GC(83) Metaspace: 43159K(46912K)->43159K(46912K) NonClass: 33193K(34880K)->33193K(34880K) Class: 9965K(12032K)->9965K(12032K)
[301.945s][info][gc          ] GC(83) Pause Full (System.gc()) 778M->778M(5939M) 3627.225ms
[305.769s][info][gc,metaspace] GC(84) Metaspace: 43159K(46912K)->43159K(46912K) NonClass: 33193K(34880K)->33193K(34880K) Class: 9965K(12032K)->9965K(12032K)
[305.769s][info][gc          ] GC(84) Pause Full (System.gc()) 778M->778M(5939M) 3823.470ms
[309.397s][info][gc,metaspace] GC(85) Metaspace: 43159K(46912K)->43159K(46912K) NonClass: 33193K(34880K)->33193K(34880K) Class: 9965K(12032K)->9965K(12032K)
[309.397s][info][gc          ] GC(85) Pause Full (System.gc()) 778M->778M(5939M) 3628.064ms
[313.028s][info][gc,metaspace] GC(86) Metaspace: 43159K(46912K)->43159K(46912K) NonClass: 33193K(34880K)->33193K(34880K) Class: 9965K(12032K)->9965K(12032K)
[313.028s][info][gc          ] GC(86) Pause Full (System.gc()) 778M->778M(5939M) 3630.682ms
[316.604s][info][gc,metaspace] GC(87) Metaspace: 43159K(46912K)->43159K(46912K) NonClass: 33193K(34880K)->33193K(34880K) Class: 9965K(12032K)->9965K(12032K)
[316.604s][info][gc          ] GC(87) Pause Full (System.gc()) 778M->778M(5939M) 3576.314ms
[320.233s][info][gc,metaspace] GC(88) Metaspace: 43159K(46912K)->43159K(46912K) NonClass: 33193K(34880K)->33193K(34880K) Class: 9965K(12032K)->9965K(12032K)
[320.233s][info][gc          ] GC(88) Pause Full (System.gc()) 778M->778M(5939M) 3628.677ms
[323.809s][info][gc,metaspace] GC(89) Metaspace: 43159K(46912K)->43159K(46912K) NonClass: 33193K(34880K)->33193K(34880K) Class: 9965K(12032K)->9965K(12032K)
[323.809s][info][gc          ] GC(89) Pause Full (System.gc()) 778M->778M(5939M) 3575.768ms
[327.437s][info][gc,metaspace] GC(90) Metaspace: 43159K(46912K)->43159K(46912K) NonClass: 33193K(34880K)->33193K(34880K) Class: 9965K(12032K)->9965K(12032K)
[327.437s][info][gc          ] GC(90) Pause Full (System.gc()) 778M->778M(5939M) 3628.409ms
[331.065s][info][gc,metaspace] GC(91) Metaspace: 43159K(46912K)->43159K(46912K) NonClass: 33193K(34880K)->33193K(34880K) Class: 9965K(12032K)->9965K(12032K)
[331.066s][info][gc          ] GC(91) Pause Full (System.gc()) 788M->778M(5939M) 3627.966ms
[334.643s][info][gc,metaspace] GC(92) Metaspace: 43159K(46912K)->43159K(46912K) NonClass: 33193K(34880K)->33193K(34880K) Class: 9965K(12032K)->9965K(12032K)
[334.643s][info][gc          ] GC(92) Pause Full (System.gc()) 778M->778M(5939M) 3577.743ms
[338.271s][info][gc,metaspace] GC(93) Metaspace: 43159K(46912K)->43159K(46912K) NonClass: 33193K(34880K)->33193K(34880K) Class: 9965K(12032K)->9965K(12032K)
[338.271s][info][gc          ] GC(93) Pause Full (System.gc()) 778M->778M(5939M) 3627.197ms
[341.848s][info][gc,metaspace] GC(94) Metaspace: 43159K(46912K)->43159K(46912K) NonClass: 33193K(34880K)->33193K(34880K) Class: 9965K(12032K)->9965K(12032K)
[341.848s][info][gc          ] GC(94) Pause Full (System.gc()) 778M->778M(5939M) 3577.581ms
[345.477s][info][gc,metaspace] GC(95) Metaspace: 43159K(46912K)->43159K(46912K) NonClass: 33193K(34880K)->33193K(34880K) Class: 9965K(12032K)->9965K(12032K)
[345.477s][info][gc          ] GC(95) Pause Full (System.gc()) 778M->778M(5939M) 3628.144ms
[349.107s][info][gc,metaspace] GC(96) Metaspace: 43159K(46912K)->43159K(46912K) NonClass: 33193K(34880K)->33193K(34880K) Class: 9965K(12032K)->9965K(12032K)
[349.107s][info][gc          ] GC(96) Pause Full (System.gc()) 778M->778M(5939M) 3630.035ms
[352.684s][info][gc,metaspace] GC(97) Metaspace: 43159K(46912K)->43159K(46912K) NonClass: 33193K(34880K)->33193K(34880K) Class: 9965K(12032K)->9965K(12032K)
[352.684s][info][gc          ] GC(97) Pause Full (System.gc()) 778M->778M(5939M) 3576.838ms
[356.313s][info][gc,metaspace] GC(98) Metaspace: 43159K(46912K)->43159K(46912K) NonClass: 33193K(34880K)->33193K(34880K) Class: 9965K(12032K)->9965K(12032K)
[356.313s][info][gc          ] GC(98) Pause Full (System.gc()) 778M->778M(5939M) 3628.784ms
[359.936s][info][gc,metaspace] GC(99) Metaspace: 43159K(46912K)->43159K(46912K) NonClass: 33193K(34880K)->33193K(34880K) Class: 9965K(12032K)->9965K(12032K)
[359.936s][info][gc          ] GC(99) Pause Full (System.gc()) 778M->778M(5939M) 3622.654ms
[363.517s][info][gc,metaspace] GC(100) Metaspace: 43159K(46912K)->43159K(46912K) NonClass: 33193K(34880K)->33193K(34880K) Class: 9965K(12032K)->9965K(12032K)
[363.517s][info][gc          ] GC(100) Pause Full (System.gc()) 778M->778M(5939M) 3581.351ms
[367.141s][info][gc,metaspace] GC(101) Metaspace: 43159K(46912K)->43159K(46912K) NonClass: 33193K(34880K)->33193K(34880K) Class: 9965K(12032K)->9965K(12032K)
[367.141s][info][gc          ] GC(101) Pause Full (System.gc()) 778M->778M(5939M) 3623.562ms
[370.723s][info][gc,metaspace] GC(102) Metaspace: 43159K(46912K)->43159K(46912K) NonClass: 33193K(34880K)->33193K(34880K) Class: 9965K(12032K)->9965K(12032K)
[370.723s][info][gc          ] GC(102) Pause Full (System.gc()) 778M->778M(5939M) 3581.781ms
[374.347s][info][gc,metaspace] GC(103) Metaspace: 43159K(46912K)->43159K(46912K) NonClass: 33193K(34880K)->33193K(34880K) Class: 9965K(12032K)->9965K(12032K)
[374.347s][info][gc          ] GC(103) Pause Full (System.gc()) 778M->778M(5939M) 3623.764ms
[377.975s][info][gc,metaspace] GC(104) Metaspace: 43159K(46912K)->43159K(46912K) NonClass: 33193K(34880K)->33193K(34880K) Class: 9965K(12032K)->9965K(12032K)
[377.975s][info][gc          ] GC(104) Pause Full (System.gc()) 778M->778M(5939M) 3628.354ms
[381.551s][info][gc,metaspace] GC(105) Metaspace: 43159K(46912K)->43159K(46912K) NonClass: 33193K(34880K)->33193K(34880K) Class: 9965K(12032K)->9965K(12032K)
[381.551s][info][gc          ] GC(105) Pause Full (System.gc()) 778M->778M(5939M) 3575.556ms
[385.180s][info][gc,metaspace] GC(106) Metaspace: 43159K(46912K)->43159K(46912K) NonClass: 33193K(34880K)->33193K(34880K) Class: 9965K(12032K)->9965K(12032K)
[385.180s][info][gc          ] GC(106) Pause Full (System.gc()) 778M->778M(5939M) 3628.773ms
[388.756s][info][gc,metaspace] GC(107) Metaspace: 43159K(46912K)->43159K(46912K) NonClass: 33193K(34880K)->33193K(34880K) Class: 9965K(12032K)->9965K(12032K)
[388.756s][info][gc          ] GC(107) Pause Full (System.gc()) 778M->778M(5939M) 3575.765ms
[392.383s][info][gc,metaspace] GC(108) Metaspace: 43159K(46912K)->43159K(46912K) NonClass: 33193K(34880K)->33193K(34880K) Class: 9965K(12032K)->9965K(12032K)
[392.383s][info][gc          ] GC(108) Pause Full (System.gc()) 778M->778M(5939M) 3627.633ms
[396.009s][info][gc,metaspace] GC(109) Metaspace: 43159K(46912K)->43159K(46912K) NonClass: 33193K(34880K)->33193K(34880K) Class: 9965K(12032K)->9965K(12032K)
[396.009s][info][gc          ] GC(109) Pause Full (System.gc()) 788M->778M(5939M) 3625.269ms
After GCs... 
