Done; will start GCs... 
[4.418s][info][gc,metaspace] GC(1) Metaspace: 22058K(22400K)->22058K(22400K) NonClass: 18243K(18432K)->18243K(18432K) Class: 3814K(3968K)->3814K(3968K)
[4.418s][info][gc          ] GC(1) Pause Full (System.gc()) 873M->770M(5888M) 600.924ms
[4.805s][info][gc,metaspace] GC(2) Metaspace: 22058K(22400K)->22058K(22400K) NonClass: 18243K(18432K)->18243K(18432K) Class: 3814K(3968K)->3814K(3968K)
[4.805s][info][gc          ] GC(2) Pause Full (System.gc()) 770M->770M(5888M) 387.525ms
[5.192s][info][gc,metaspace] GC(3) Metaspace: 22058K(22400K)->22058K(22400K) NonClass: 18243K(18432K)->18243K(18432K) Class: 3814K(3968K)->3814K(3968K)
[5.192s][info][gc          ] GC(3) Pause Full (System.gc()) 770M->770M(5888M) 386.249ms
[5.584s][info][gc,metaspace] GC(4) Metaspace: 22058K(22400K)->22058K(22400K) NonClass: 18243K(18432K)->18243K(18432K) Class: 3814K(3968K)->3814K(3968K)
[5.584s][info][gc          ] GC(4) Pause Full (System.gc()) 770M->770M(5888M) 392.082ms
[5.960s][info][gc,metaspace] GC(5) Metaspace: 22058K(22400K)->22058K(22400K) NonClass: 18243K(18432K)->18243K(18432K) Class: 3814K(3968K)->3814K(3968K)
[5.960s][info][gc          ] GC(5) Pause Full (System.gc()) 770M->770M(5888M) 376.278ms
[6.382s][info][gc,metaspace] GC(6) Metaspace: 22058K(22400K)->22058K(22400K) NonClass: 18243K(18432K)->18243K(18432K) Class: 3814K(3968K)->3814K(3968K)
[6.382s][info][gc          ] GC(6) Pause Full (System.gc()) 770M->770M(5888M) 421.682ms
[6.769s][info][gc,metaspace] GC(7) Metaspace: 22058K(22400K)->22058K(22400K) NonClass: 18243K(18432K)->18243K(18432K) Class: 3814K(3968K)->3814K(3968K)
[6.769s][info][gc          ] GC(7) Pause Full (System.gc()) 770M->770M(5888M) 387.388ms
[7.151s][info][gc,metaspace] GC(8) Metaspace: 22058K(22400K)->22058K(22400K) NonClass: 18243K(18432K)->18243K(18432K) Class: 3814K(3968K)->3814K(3968K)
[7.151s][info][gc          ] GC(8) Pause Full (System.gc()) 770M->770M(5888M) 381.025ms
[7.549s][info][gc,metaspace] GC(9) Metaspace: 22058K(22400K)->22058K(22400K) NonClass: 18243K(18432K)->18243K(18432K) Class: 3814K(3968K)->3814K(3968K)
[7.549s][info][gc          ] GC(9) Pause Full (System.gc()) 770M->770M(5888M) 398.044ms
[7.927s][info][gc,metaspace] GC(10) Metaspace: 22058K(22400K)->22058K(22400K) NonClass: 18243K(18432K)->18243K(18432K) Class: 3814K(3968K)->3814K(3968K)
[7.927s][info][gc          ] GC(10) Pause Full (System.gc()) 770M->770M(5888M) 378.109ms
[8.348s][info][gc,metaspace] GC(11) Metaspace: 22058K(22400K)->22058K(22400K) NonClass: 18243K(18432K)->18243K(18432K) Class: 3814K(3968K)->3814K(3968K)
[8.348s][info][gc          ] GC(11) Pause Full (System.gc()) 770M->770M(5888M) 421.454ms
[8.729s][info][gc,metaspace] GC(12) Metaspace: 22058K(22400K)->22058K(22400K) NonClass: 18243K(18432K)->18243K(18432K) Class: 3814K(3968K)->3814K(3968K)
[8.729s][info][gc          ] GC(12) Pause Full (System.gc()) 770M->770M(5888M) 380.784ms
[9.104s][info][gc,metaspace] GC(13) Metaspace: 22058K(22400K)->22058K(22400K) NonClass: 18243K(18432K)->18243K(18432K) Class: 3814K(3968K)->3814K(3968K)
[9.104s][info][gc          ] GC(13) Pause Full (System.gc()) 770M->770M(5888M) 374.347ms
[9.514s][info][gc,metaspace] GC(14) Metaspace: 22058K(22400K)->22058K(22400K) NonClass: 18243K(18432K)->18243K(18432K) Class: 3814K(3968K)->3814K(3968K)
[9.514s][info][gc          ] GC(14) Pause Full (System.gc()) 770M->770M(5888M) 410.438ms
[9.890s][info][gc,metaspace] GC(15) Metaspace: 22059K(22400K)->22059K(22400K) NonClass: 18244K(18432K)->18244K(18432K) Class: 3814K(3968K)->3814K(3968K)
[9.890s][info][gc          ] GC(15) Pause Full (System.gc()) 770M->770M(5888M) 375.570ms
[10.280s][info][gc,metaspace] GC(16) Metaspace: 22059K(22400K)->22059K(22400K) NonClass: 18244K(18432K)->18244K(18432K) Class: 3814K(3968K)->3814K(3968K)
[10.280s][info][gc          ] GC(16) Pause Full (System.gc()) 770M->770M(5888M) 390.258ms
[10.692s][info][gc,metaspace] GC(17) Metaspace: 22059K(22400K)->22059K(22400K) NonClass: 18244K(18432K)->18244K(18432K) Class: 3814K(3968K)->3814K(3968K)
[10.692s][info][gc          ] GC(17) Pause Full (System.gc()) 770M->770M(5888M) 411.329ms
[11.069s][info][gc,metaspace] GC(18) Metaspace: 22059K(22400K)->22059K(22400K) NonClass: 18244K(18432K)->18244K(18432K) Class: 3814K(3968K)->3814K(3968K)
[11.069s][info][gc          ] GC(18) Pause Full (System.gc()) 770M->770M(5888M) 377.338ms
[11.475s][info][gc,metaspace] GC(19) Metaspace: 22059K(22400K)->22059K(22400K) NonClass: 18244K(18432K)->18244K(18432K) Class: 3814K(3968K)->3814K(3968K)
[11.475s][info][gc          ] GC(19) Pause Full (System.gc()) 770M->770M(5888M) 405.361ms
[11.857s][info][gc,metaspace] GC(20) Metaspace: 22059K(22400K)->22059K(22400K) NonClass: 18244K(18432K)->18244K(18432K) Class: 3814K(3968K)->3814K(3968K)
[11.857s][info][gc          ] GC(20) Pause Full (System.gc()) 770M->770M(5888M) 382.454ms
[12.233s][info][gc,metaspace] GC(21) Metaspace: 22059K(22400K)->22059K(22400K) NonClass: 18244K(18432K)->18244K(18432K) Class: 3814K(3968K)->3814K(3968K)
[12.234s][info][gc          ] GC(21) Pause Full (System.gc()) 770M->770M(5888M) 376.113ms
[12.628s][info][gc,metaspace] GC(22) Metaspace: 22059K(22400K)->22059K(22400K) NonClass: 18244K(18432K)->18244K(18432K) Class: 3814K(3968K)->3814K(3968K)
[12.628s][info][gc          ] GC(22) Pause Full (System.gc()) 770M->770M(5888M) 394.301ms
[13.001s][info][gc,metaspace] GC(23) Metaspace: 22059K(22400K)->22059K(22400K) NonClass: 18244K(18432K)->18244K(18432K) Class: 3814K(3968K)->3814K(3968K)
[13.001s][info][gc          ] GC(23) Pause Full (System.gc()) 770M->770M(5888M) 373.434ms
[13.411s][info][gc,metaspace] GC(24) Metaspace: 22059K(22400K)->22059K(22400K) NonClass: 18244K(18432K)->18244K(18432K) Class: 3814K(3968K)->3814K(3968K)
[13.411s][info][gc          ] GC(24) Pause Full (System.gc()) 770M->770M(5888M) 409.178ms
[13.798s][info][gc,metaspace] GC(25) Metaspace: 22059K(22400K)->22059K(22400K) NonClass: 18244K(18432K)->18244K(18432K) Class: 3814K(3968K)->3814K(3968K)
[13.798s][info][gc          ] GC(25) Pause Full (System.gc()) 770M->770M(5888M) 387.066ms
[14.174s][info][gc,metaspace] GC(26) Metaspace: 22059K(22400K)->22059K(22400K) NonClass: 18244K(18432K)->18244K(18432K) Class: 3814K(3968K)->3814K(3968K)
[14.174s][info][gc          ] GC(26) Pause Full (System.gc()) 770M->770M(5888M) 376.199ms
[14.580s][info][gc,metaspace] GC(27) Metaspace: 22059K(22400K)->22059K(22400K) NonClass: 18244K(18432K)->18244K(18432K) Class: 3814K(3968K)->3814K(3968K)
[14.580s][info][gc          ] GC(27) Pause Full (System.gc()) 770M->770M(5888M) 401.625ms
[15.059s][info][gc,metaspace] GC(28) Metaspace: 22059K(22400K)->22059K(22400K) NonClass: 18244K(18432K)->18244K(18432K) Class: 3814K(3968K)->3814K(3968K)
[15.059s][info][gc          ] GC(28) Pause Full (System.gc()) 770M->770M(5888M) 479.306ms
[15.467s][info][gc,metaspace] GC(29) Metaspace: 22059K(22400K)->22059K(22400K) NonClass: 18244K(18432K)->18244K(18432K) Class: 3814K(3968K)->3814K(3968K)
[15.467s][info][gc          ] GC(29) Pause Full (System.gc()) 770M->770M(5888M) 407.569ms
[15.867s][info][gc,metaspace] GC(30) Metaspace: 22059K(22400K)->22059K(22400K) NonClass: 18244K(18432K)->18244K(18432K) Class: 3814K(3968K)->3814K(3968K)
[15.867s][info][gc          ] GC(30) Pause Full (System.gc()) 770M->770M(5888M) 399.593ms
[16.248s][info][gc,metaspace] GC(31) Metaspace: 22059K(22400K)->22059K(22400K) NonClass: 18244K(18432K)->18244K(18432K) Class: 3814K(3968K)->3814K(3968K)
[16.248s][info][gc          ] GC(31) Pause Full (System.gc()) 770M->770M(5888M) 380.698ms
[16.632s][info][gc,metaspace] GC(32) Metaspace: 22059K(22400K)->22059K(22400K) NonClass: 18244K(18432K)->18244K(18432K) Class: 3814K(3968K)->3814K(3968K)
[16.633s][info][gc          ] GC(32) Pause Full (System.gc()) 770M->770M(5888M) 384.876ms
[17.013s][info][gc,metaspace] GC(33) Metaspace: 22059K(22400K)->22059K(22400K) NonClass: 18244K(18432K)->18244K(18432K) Class: 3814K(3968K)->3814K(3968K)
[17.014s][info][gc          ] GC(33) Pause Full (System.gc()) 770M->770M(5888M) 380.961ms
[17.440s][info][gc,metaspace] GC(34) Metaspace: 22059K(22400K)->22059K(22400K) NonClass: 18244K(18432K)->18244K(18432K) Class: 3814K(3968K)->3814K(3968K)
[17.441s][info][gc          ] GC(34) Pause Full (System.gc()) 770M->770M(5888M) 426.934ms
[17.819s][info][gc,metaspace] GC(35) Metaspace: 22059K(22400K)->22059K(22400K) NonClass: 18244K(18432K)->18244K(18432K) Class: 3814K(3968K)->3814K(3968K)
[17.819s][info][gc          ] GC(35) Pause Full (System.gc()) 770M->770M(5888M) 378.768ms
[18.203s][info][gc,metaspace] GC(36) Metaspace: 22059K(22400K)->22059K(22400K) NonClass: 18244K(18432K)->18244K(18432K) Class: 3814K(3968K)->3814K(3968K)
[18.203s][info][gc          ] GC(36) Pause Full (System.gc()) 770M->770M(5888M) 383.698ms
[18.594s][info][gc,metaspace] GC(37) Metaspace: 22059K(22400K)->22059K(22400K) NonClass: 18244K(18432K)->18244K(18432K) Class: 3814K(3968K)->3814K(3968K)
[18.594s][info][gc          ] GC(37) Pause Full (System.gc()) 770M->770M(5888M) 390.926ms
[18.981s][info][gc,metaspace] GC(38) Metaspace: 22059K(22400K)->22059K(22400K) NonClass: 18244K(18432K)->18244K(18432K) Class: 3814K(3968K)->3814K(3968K)
[18.981s][info][gc          ] GC(38) Pause Full (System.gc()) 770M->770M(5888M) 386.823ms
[19.394s][info][gc,metaspace] GC(39) Metaspace: 22059K(22400K)->22059K(22400K) NonClass: 18244K(18432K)->18244K(18432K) Class: 3814K(3968K)->3814K(3968K)
[19.394s][info][gc          ] GC(39) Pause Full (System.gc()) 770M->770M(5888M) 412.618ms
[19.788s][info][gc,metaspace] GC(40) Metaspace: 22059K(22400K)->22059K(22400K) NonClass: 18244K(18432K)->18244K(18432K) Class: 3814K(3968K)->3814K(3968K)
[19.788s][info][gc          ] GC(40) Pause Full (System.gc()) 770M->770M(5888M) 393.729ms
[20.169s][info][gc,metaspace] GC(41) Metaspace: 22059K(22400K)->22059K(22400K) NonClass: 18244K(18432K)->18244K(18432K) Class: 3814K(3968K)->3814K(3968K)
[20.169s][info][gc          ] GC(41) Pause Full (System.gc()) 770M->770M(5888M) 381.398ms
[20.572s][info][gc,metaspace] GC(42) Metaspace: 22059K(22400K)->22059K(22400K) NonClass: 18244K(18432K)->18244K(18432K) Class: 3814K(3968K)->3814K(3968K)
[20.572s][info][gc          ] GC(42) Pause Full (System.gc()) 770M->770M(5888M) 402.495ms
[20.950s][info][gc,metaspace] GC(43) Metaspace: 22059K(22400K)->22059K(22400K) NonClass: 18244K(18432K)->18244K(18432K) Class: 3814K(3968K)->3814K(3968K)
[20.950s][info][gc          ] GC(43) Pause Full (System.gc()) 770M->770M(5888M) 378.645ms
[21.371s][info][gc,metaspace] GC(44) Metaspace: 22059K(22400K)->22059K(22400K) NonClass: 18244K(18432K)->18244K(18432K) Class: 3814K(3968K)->3814K(3968K)
[21.371s][info][gc          ] GC(44) Pause Full (System.gc()) 770M->770M(5888M) 420.498ms
[21.761s][info][gc,metaspace] GC(45) Metaspace: 22059K(22400K)->22059K(22400K) NonClass: 18244K(18432K)->18244K(18432K) Class: 3814K(3968K)->3814K(3968K)
[21.761s][info][gc          ] GC(45) Pause Full (System.gc()) 770M->770M(5888M) 389.911ms
[22.151s][info][gc,metaspace] GC(46) Metaspace: 22059K(22400K)->22059K(22400K) NonClass: 18244K(18432K)->18244K(18432K) Class: 3814K(3968K)->3814K(3968K)
[22.151s][info][gc          ] GC(46) Pause Full (System.gc()) 770M->770M(5888M) 390.055ms
[22.599s][info][gc,metaspace] GC(47) Metaspace: 22059K(22400K)->22059K(22400K) NonClass: 18244K(18432K)->18244K(18432K) Class: 3814K(3968K)->3814K(3968K)
[22.599s][info][gc          ] GC(47) Pause Full (System.gc()) 770M->770M(5888M) 448.234ms
[22.976s][info][gc,metaspace] GC(48) Metaspace: 22059K(22400K)->22059K(22400K) NonClass: 18244K(18432K)->18244K(18432K) Class: 3814K(3968K)->3814K(3968K)
[22.976s][info][gc          ] GC(48) Pause Full (System.gc()) 770M->770M(5888M) 376.808ms
[23.396s][info][gc,metaspace] GC(49) Metaspace: 22059K(22400K)->22059K(22400K) NonClass: 18244K(18432K)->18244K(18432K) Class: 3814K(3968K)->3814K(3968K)
[23.397s][info][gc          ] GC(49) Pause Full (System.gc()) 770M->770M(5888M) 420.261ms
[23.778s][info][gc,metaspace] GC(50) Metaspace: 22059K(22400K)->22059K(22400K) NonClass: 18244K(18432K)->18244K(18432K) Class: 3814K(3968K)->3814K(3968K)
[23.779s][info][gc          ] GC(50) Pause Full (System.gc()) 770M->770M(5888M) 381.908ms
[24.157s][info][gc,metaspace] GC(51) Metaspace: 22059K(22400K)->22059K(22400K) NonClass: 18244K(18432K)->18244K(18432K) Class: 3814K(3968K)->3814K(3968K)
[24.157s][info][gc          ] GC(51) Pause Full (System.gc()) 770M->770M(5888M) 378.724ms
[24.587s][info][gc,metaspace] GC(52) Metaspace: 22059K(22400K)->22059K(22400K) NonClass: 18244K(18432K)->18244K(18432K) Class: 3814K(3968K)->3814K(3968K)
[24.587s][info][gc          ] GC(52) Pause Full (System.gc()) 770M->770M(5888M) 429.257ms
[24.980s][info][gc,metaspace] GC(53) Metaspace: 22059K(22400K)->22059K(22400K) NonClass: 18244K(18432K)->18244K(18432K) Class: 3814K(3968K)->3814K(3968K)
[24.980s][info][gc          ] GC(53) Pause Full (System.gc()) 770M->770M(5888M) 393.463ms
[25.405s][info][gc,metaspace] GC(54) Metaspace: 22059K(22400K)->22059K(22400K) NonClass: 18244K(18432K)->18244K(18432K) Class: 3814K(3968K)->3814K(3968K)
[25.406s][info][gc          ] GC(54) Pause Full (System.gc()) 770M->770M(5888M) 425.273ms
[25.792s][info][gc,metaspace] GC(55) Metaspace: 22059K(22400K)->22059K(22400K) NonClass: 18244K(18432K)->18244K(18432K) Class: 3814K(3968K)->3814K(3968K)
[25.792s][info][gc          ] GC(55) Pause Full (System.gc()) 770M->770M(5888M) 386.257ms
[26.174s][info][gc,metaspace] GC(56) Metaspace: 22059K(22400K)->22059K(22400K) NonClass: 18244K(18432K)->18244K(18432K) Class: 3814K(3968K)->3814K(3968K)
[26.174s][info][gc          ] GC(56) Pause Full (System.gc()) 770M->770M(5888M) 382.444ms
[26.559s][info][gc,metaspace] GC(57) Metaspace: 22059K(22400K)->22059K(22400K) NonClass: 18244K(18432K)->18244K(18432K) Class: 3814K(3968K)->3814K(3968K)
[26.560s][info][gc          ] GC(57) Pause Full (System.gc()) 770M->770M(5888M) 385.122ms
[26.946s][info][gc,metaspace] GC(58) Metaspace: 22059K(22400K)->22059K(22400K) NonClass: 18244K(18432K)->18244K(18432K) Class: 3814K(3968K)->3814K(3968K)
[26.946s][info][gc          ] GC(58) Pause Full (System.gc()) 770M->770M(5888M) 386.705ms
[27.371s][info][gc,metaspace] GC(59) Metaspace: 22059K(22400K)->22059K(22400K) NonClass: 18244K(18432K)->18244K(18432K) Class: 3814K(3968K)->3814K(3968K)
[27.371s][info][gc          ] GC(59) Pause Full (System.gc()) 770M->770M(5888M) 424.295ms
[27.752s][info][gc,metaspace] GC(60) Metaspace: 22059K(22400K)->22059K(22400K) NonClass: 18244K(18432K)->18244K(18432K) Class: 3814K(3968K)->3814K(3968K)
[27.752s][info][gc          ] GC(60) Pause Full (System.gc()) 770M->770M(5888M) 381.474ms
[28.136s][info][gc,metaspace] GC(61) Metaspace: 22059K(22400K)->22059K(22400K) NonClass: 18244K(18432K)->18244K(18432K) Class: 3814K(3968K)->3814K(3968K)
[28.136s][info][gc          ] GC(61) Pause Full (System.gc()) 770M->770M(5888M) 384.161ms
[28.518s][info][gc,metaspace] GC(62) Metaspace: 22059K(22400K)->22059K(22400K) NonClass: 18244K(18432K)->18244K(18432K) Class: 3814K(3968K)->3814K(3968K)
[28.518s][info][gc          ] GC(62) Pause Full (System.gc()) 770M->770M(5888M) 381.913ms
[28.893s][info][gc,metaspace] GC(63) Metaspace: 22059K(22400K)->22059K(22400K) NonClass: 18244K(18432K)->18244K(18432K) Class: 3814K(3968K)->3814K(3968K)
[28.893s][info][gc          ] GC(63) Pause Full (System.gc()) 770M->770M(5888M) 374.667ms
[29.275s][info][gc,metaspace] GC(64) Metaspace: 22059K(22400K)->22059K(22400K) NonClass: 18244K(18432K)->18244K(18432K) Class: 3814K(3968K)->3814K(3968K)
[29.275s][info][gc          ] GC(64) Pause Full (System.gc()) 770M->770M(5888M) 382.155ms
[29.666s][info][gc,metaspace] GC(65) Metaspace: 22059K(22400K)->22059K(22400K) NonClass: 18244K(18432K)->18244K(18432K) Class: 3814K(3968K)->3814K(3968K)
[29.666s][info][gc          ] GC(65) Pause Full (System.gc()) 770M->770M(5888M) 390.735ms
[30.040s][info][gc,metaspace] GC(66) Metaspace: 22059K(22400K)->22059K(22400K) NonClass: 18244K(18432K)->18244K(18432K) Class: 3814K(3968K)->3814K(3968K)
[30.040s][info][gc          ] GC(66) Pause Full (System.gc()) 770M->770M(5888M) 373.607ms
[30.442s][info][gc,metaspace] GC(67) Metaspace: 22059K(22400K)->22059K(22400K) NonClass: 18244K(18432K)->18244K(18432K) Class: 3814K(3968K)->3814K(3968K)
[30.442s][info][gc          ] GC(67) Pause Full (System.gc()) 770M->770M(5888M) 401.876ms
[30.817s][info][gc,metaspace] GC(68) Metaspace: 22059K(22400K)->22059K(22400K) NonClass: 18244K(18432K)->18244K(18432K) Class: 3814K(3968K)->3814K(3968K)
[30.817s][info][gc          ] GC(68) Pause Full (System.gc()) 770M->770M(5888M) 375.255ms
[31.203s][info][gc,metaspace] GC(69) Metaspace: 22059K(22400K)->22059K(22400K) NonClass: 18244K(18432K)->18244K(18432K) Class: 3814K(3968K)->3814K(3968K)
[31.203s][info][gc          ] GC(69) Pause Full (System.gc()) 770M->770M(5888M) 385.439ms
[31.586s][info][gc,metaspace] GC(70) Metaspace: 22059K(22400K)->22059K(22400K) NonClass: 18244K(18432K)->18244K(18432K) Class: 3814K(3968K)->3814K(3968K)
[31.586s][info][gc          ] GC(70) Pause Full (System.gc()) 770M->770M(5888M) 383.560ms
[31.974s][info][gc,metaspace] GC(71) Metaspace: 22059K(22400K)->22059K(22400K) NonClass: 18244K(18432K)->18244K(18432K) Class: 3814K(3968K)->3814K(3968K)
[31.974s][info][gc          ] GC(71) Pause Full (System.gc()) 770M->770M(5888M) 387.490ms
[32.414s][info][gc,metaspace] GC(72) Metaspace: 22059K(22400K)->22059K(22400K) NonClass: 18244K(18432K)->18244K(18432K) Class: 3814K(3968K)->3814K(3968K)
[32.414s][info][gc          ] GC(72) Pause Full (System.gc()) 770M->770M(5888M) 439.766ms
[32.792s][info][gc,metaspace] GC(73) Metaspace: 22059K(22400K)->22059K(22400K) NonClass: 18244K(18432K)->18244K(18432K) Class: 3814K(3968K)->3814K(3968K)
[32.792s][info][gc          ] GC(73) Pause Full (System.gc()) 770M->770M(5888M) 378.297ms
[33.171s][info][gc,metaspace] GC(74) Metaspace: 22059K(22400K)->22059K(22400K) NonClass: 18244K(18432K)->18244K(18432K) Class: 3814K(3968K)->3814K(3968K)
[33.171s][info][gc          ] GC(74) Pause Full (System.gc()) 770M->770M(5888M) 379.203ms
[33.561s][info][gc,metaspace] GC(75) Metaspace: 22059K(22400K)->22059K(22400K) NonClass: 18244K(18432K)->18244K(18432K) Class: 3814K(3968K)->3814K(3968K)
[33.561s][info][gc          ] GC(75) Pause Full (System.gc()) 770M->770M(5888M) 389.190ms
[33.940s][info][gc,metaspace] GC(76) Metaspace: 22059K(22400K)->22059K(22400K) NonClass: 18244K(18432K)->18244K(18432K) Class: 3814K(3968K)->3814K(3968K)
[33.940s][info][gc          ] GC(76) Pause Full (System.gc()) 770M->770M(5888M) 379.747ms
[34.361s][info][gc,metaspace] GC(77) Metaspace: 22059K(22400K)->22059K(22400K) NonClass: 18244K(18432K)->18244K(18432K) Class: 3814K(3968K)->3814K(3968K)
[34.361s][info][gc          ] GC(77) Pause Full (System.gc()) 770M->770M(5888M) 420.752ms
[34.752s][info][gc,metaspace] GC(78) Metaspace: 22059K(22400K)->22059K(22400K) NonClass: 18244K(18432K)->18244K(18432K) Class: 3814K(3968K)->3814K(3968K)
[34.752s][info][gc          ] GC(78) Pause Full (System.gc()) 770M->770M(5888M) 390.419ms
[35.140s][info][gc,metaspace] GC(79) Metaspace: 22059K(22400K)->22059K(22400K) NonClass: 18244K(18432K)->18244K(18432K) Class: 3814K(3968K)->3814K(3968K)
[35.140s][info][gc          ] GC(79) Pause Full (System.gc()) 770M->770M(5888M) 387.757ms
[35.570s][info][gc,metaspace] GC(80) Metaspace: 22059K(22400K)->22059K(22400K) NonClass: 18244K(18432K)->18244K(18432K) Class: 3814K(3968K)->3814K(3968K)
[35.570s][info][gc          ] GC(80) Pause Full (System.gc()) 770M->770M(5888M) 430.060ms
[35.953s][info][gc,metaspace] GC(81) Metaspace: 22059K(22400K)->22059K(22400K) NonClass: 18244K(18432K)->18244K(18432K) Class: 3814K(3968K)->3814K(3968K)
[35.953s][info][gc          ] GC(81) Pause Full (System.gc()) 770M->770M(5888M) 383.126ms
[36.394s][info][gc,metaspace] GC(82) Metaspace: 22059K(22400K)->22059K(22400K) NonClass: 18244K(18432K)->18244K(18432K) Class: 3814K(3968K)->3814K(3968K)
[36.394s][info][gc          ] GC(82) Pause Full (System.gc()) 770M->770M(5888M) 440.933ms
[36.778s][info][gc,metaspace] GC(83) Metaspace: 22059K(22400K)->22059K(22400K) NonClass: 18244K(18432K)->18244K(18432K) Class: 3814K(3968K)->3814K(3968K)
[36.778s][info][gc          ] GC(83) Pause Full (System.gc()) 770M->770M(5888M) 383.920ms
[37.157s][info][gc,metaspace] GC(84) Metaspace: 22059K(22400K)->22059K(22400K) NonClass: 18244K(18432K)->18244K(18432K) Class: 3814K(3968K)->3814K(3968K)
[37.157s][info][gc          ] GC(84) Pause Full (System.gc()) 770M->770M(5888M) 379.018ms
[37.549s][info][gc,metaspace] GC(85) Metaspace: 22059K(22400K)->22059K(22400K) NonClass: 18244K(18432K)->18244K(18432K) Class: 3814K(3968K)->3814K(3968K)
[37.549s][info][gc          ] GC(85) Pause Full (System.gc()) 770M->770M(5888M) 391.943ms
[37.935s][info][gc,metaspace] GC(86) Metaspace: 22059K(22400K)->22059K(22400K) NonClass: 18244K(18432K)->18244K(18432K) Class: 3814K(3968K)->3814K(3968K)
[37.935s][info][gc          ] GC(86) Pause Full (System.gc()) 770M->770M(5888M) 386.048ms
[38.356s][info][gc,metaspace] GC(87) Metaspace: 22059K(22400K)->22059K(22400K) NonClass: 18244K(18432K)->18244K(18432K) Class: 3814K(3968K)->3814K(3968K)
[38.356s][info][gc          ] GC(87) Pause Full (System.gc()) 770M->770M(5888M) 420.389ms
[38.747s][info][gc,metaspace] GC(88) Metaspace: 22059K(22400K)->22059K(22400K) NonClass: 18244K(18432K)->18244K(18432K) Class: 3814K(3968K)->3814K(3968K)
[38.747s][info][gc          ] GC(88) Pause Full (System.gc()) 770M->770M(5888M) 391.644ms
[39.133s][info][gc,metaspace] GC(89) Metaspace: 22059K(22400K)->22059K(22400K) NonClass: 18244K(18432K)->18244K(18432K) Class: 3814K(3968K)->3814K(3968K)
[39.133s][info][gc          ] GC(89) Pause Full (System.gc()) 770M->770M(5888M) 385.203ms
[39.513s][info][gc,metaspace] GC(90) Metaspace: 22059K(22400K)->22059K(22400K) NonClass: 18244K(18432K)->18244K(18432K) Class: 3814K(3968K)->3814K(3968K)
[39.513s][info][gc          ] GC(90) Pause Full (System.gc()) 770M->770M(5888M) 380.701ms
[39.893s][info][gc,metaspace] GC(91) Metaspace: 22059K(22400K)->22059K(22400K) NonClass: 18244K(18432K)->18244K(18432K) Class: 3814K(3968K)->3814K(3968K)
[39.893s][info][gc          ] GC(91) Pause Full (System.gc()) 770M->770M(5888M) 379.875ms
[40.271s][info][gc,metaspace] GC(92) Metaspace: 22059K(22400K)->22059K(22400K) NonClass: 18244K(18432K)->18244K(18432K) Class: 3814K(3968K)->3814K(3968K)
[40.271s][info][gc          ] GC(92) Pause Full (System.gc()) 770M->770M(5888M) 377.664ms
[40.685s][info][gc,metaspace] GC(93) Metaspace: 22059K(22400K)->22059K(22400K) NonClass: 18244K(18432K)->18244K(18432K) Class: 3814K(3968K)->3814K(3968K)
[40.685s][info][gc          ] GC(93) Pause Full (System.gc()) 770M->770M(5888M) 414.135ms
[41.061s][info][gc,metaspace] GC(94) Metaspace: 22059K(22400K)->22059K(22400K) NonClass: 18244K(18432K)->18244K(18432K) Class: 3814K(3968K)->3814K(3968K)
[41.061s][info][gc          ] GC(94) Pause Full (System.gc()) 770M->770M(5888M) 375.783ms
[41.463s][info][gc,metaspace] GC(95) Metaspace: 22059K(22400K)->22059K(22400K) NonClass: 18244K(18432K)->18244K(18432K) Class: 3814K(3968K)->3814K(3968K)
[41.463s][info][gc          ] GC(95) Pause Full (System.gc()) 770M->770M(5888M) 401.720ms
[41.843s][info][gc,metaspace] GC(96) Metaspace: 22059K(22400K)->22059K(22400K) NonClass: 18244K(18432K)->18244K(18432K) Class: 3814K(3968K)->3814K(3968K)
[41.843s][info][gc          ] GC(96) Pause Full (System.gc()) 770M->770M(5888M) 379.774ms
[42.243s][info][gc,metaspace] GC(97) Metaspace: 22059K(22400K)->22059K(22400K) NonClass: 18244K(18432K)->18244K(18432K) Class: 3814K(3968K)->3814K(3968K)
[42.243s][info][gc          ] GC(97) Pause Full (System.gc()) 770M->770M(5888M) 399.730ms
[42.636s][info][gc,metaspace] GC(98) Metaspace: 22059K(22400K)->22059K(22400K) NonClass: 18244K(18432K)->18244K(18432K) Class: 3814K(3968K)->3814K(3968K)
[42.636s][info][gc          ] GC(98) Pause Full (System.gc()) 770M->770M(5888M) 393.011ms
[43.012s][info][gc,metaspace] GC(99) Metaspace: 22059K(22400K)->22059K(22400K) NonClass: 18244K(18432K)->18244K(18432K) Class: 3814K(3968K)->3814K(3968K)
[43.012s][info][gc          ] GC(99) Pause Full (System.gc()) 770M->770M(5888M) 376.382ms
[43.429s][info][gc,metaspace] GC(100) Metaspace: 22059K(22400K)->22059K(22400K) NonClass: 18244K(18432K)->18244K(18432K) Class: 3814K(3968K)->3814K(3968K)
[43.429s][info][gc          ] GC(100) Pause Full (System.gc()) 770M->770M(5888M) 417.135ms
After GCs... 
