Done; will start GCs... 
[6.019s][info][gc,metaspace] GC(2) Metaspace: 22394K(22848K)->22394K(22848K) NonClass: 19864K(20096K)->19864K(20096K) Class: 2529K(2752K)->2529K(2752K)
[6.020s][info][gc          ] GC(2) Pause Young (System.gc()) 873M->771M(5888M) 2255.909ms
[8.106s][info][gc,metaspace] GC(3) Metaspace: 22394K(22848K)->22394K(22848K) NonClass: 19864K(20096K)->19864K(20096K) Class: 2529K(2752K)->2529K(2752K)
[8.106s][info][gc          ] GC(3) Pause Full (System.gc()) 771M->770M(5888M) 2086.296ms
[8.107s][info][gc,metaspace] GC(4) Metaspace: 22394K(22848K)->22394K(22848K) NonClass: 19864K(20096K)->19864K(20096K) Class: 2529K(2752K)->2529K(2752K)
[8.107s][info][gc          ] GC(4) Pause Young (System.gc()) 770M->770M(5888M) 0.536ms
[8.726s][info][gc,metaspace] GC(5) Metaspace: 22394K(22848K)->22394K(22848K) NonClass: 19864K(20096K)->19864K(20096K) Class: 2529K(2752K)->2529K(2752K)
[8.726s][info][gc          ] GC(5) Pause Full (System.gc()) 770M->770M(5888M) 618.827ms
[8.726s][info][gc,metaspace] GC(6) Metaspace: 22394K(22848K)->22394K(22848K) NonClass: 19864K(20096K)->19864K(20096K) Class: 2529K(2752K)->2529K(2752K)
[8.726s][info][gc          ] GC(6) Pause Young (System.gc()) 770M->770M(5888M) 0.493ms
[9.331s][info][gc,metaspace] GC(7) Metaspace: 22394K(22848K)->22394K(22848K) NonClass: 19864K(20096K)->19864K(20096K) Class: 2529K(2752K)->2529K(2752K)
[9.331s][info][gc          ] GC(7) Pause Full (System.gc()) 770M->770M(5888M) 604.638ms
[9.336s][info][gc,metaspace] GC(8) Metaspace: 22394K(22848K)->22394K(22848K) NonClass: 19864K(20096K)->19864K(20096K) Class: 2529K(2752K)->2529K(2752K)
[9.336s][info][gc          ] GC(8) Pause Young (System.gc()) 770M->770M(5888M) 0.448ms
[9.932s][info][gc,metaspace] GC(9) Metaspace: 22394K(22848K)->22394K(22848K) NonClass: 19864K(20096K)->19864K(20096K) Class: 2529K(2752K)->2529K(2752K)
[9.932s][info][gc          ] GC(9) Pause Full (System.gc()) 770M->770M(5888M) 596.036ms
[9.932s][info][gc,metaspace] GC(10) Metaspace: 22394K(22848K)->22394K(22848K) NonClass: 19864K(20096K)->19864K(20096K) Class: 2529K(2752K)->2529K(2752K)
[9.932s][info][gc          ] GC(10) Pause Young (System.gc()) 770M->770M(5888M) 0.556ms
[10.646s][info][gc,metaspace] GC(11) Metaspace: 22394K(22848K)->22394K(22848K) NonClass: 19864K(20096K)->19864K(20096K) Class: 2529K(2752K)->2529K(2752K)
[10.646s][info][gc          ] GC(11) Pause Full (System.gc()) 770M->770M(5888M) 713.152ms
[10.646s][info][gc,metaspace] GC(12) Metaspace: 22394K(22848K)->22394K(22848K) NonClass: 19864K(20096K)->19864K(20096K) Class: 2529K(2752K)->2529K(2752K)
[10.646s][info][gc          ] GC(12) Pause Young (System.gc()) 770M->770M(5888M) 0.451ms
[11.261s][info][gc,metaspace] GC(13) Metaspace: 22394K(22848K)->22394K(22848K) NonClass: 19864K(20096K)->19864K(20096K) Class: 2529K(2752K)->2529K(2752K)
[11.261s][info][gc          ] GC(13) Pause Full (System.gc()) 770M->770M(5888M) 614.936ms
[11.262s][info][gc,metaspace] GC(14) Metaspace: 22394K(22848K)->22394K(22848K) NonClass: 19864K(20096K)->19864K(20096K) Class: 2529K(2752K)->2529K(2752K)
[11.262s][info][gc          ] GC(14) Pause Young (System.gc()) 770M->770M(5888M) 0.480ms
[11.884s][info][gc,metaspace] GC(15) Metaspace: 22394K(22848K)->22394K(22848K) NonClass: 19864K(20096K)->19864K(20096K) Class: 2529K(2752K)->2529K(2752K)
[11.884s][info][gc          ] GC(15) Pause Full (System.gc()) 770M->770M(5888M) 622.134ms
[11.884s][info][gc,metaspace] GC(16) Metaspace: 22394K(22848K)->22394K(22848K) NonClass: 19864K(20096K)->19864K(20096K) Class: 2529K(2752K)->2529K(2752K)
[11.885s][info][gc          ] GC(16) Pause Young (System.gc()) 770M->770M(5888M) 0.509ms
[12.493s][info][gc,metaspace] GC(17) Metaspace: 22394K(22848K)->22394K(22848K) NonClass: 19864K(20096K)->19864K(20096K) Class: 2529K(2752K)->2529K(2752K)
[12.493s][info][gc          ] GC(17) Pause Full (System.gc()) 770M->770M(5888M) 607.982ms
[12.493s][info][gc,metaspace] GC(18) Metaspace: 22394K(22848K)->22394K(22848K) NonClass: 19864K(20096K)->19864K(20096K) Class: 2529K(2752K)->2529K(2752K)
[12.493s][info][gc          ] GC(18) Pause Young (System.gc()) 770M->770M(5888M) 0.479ms
[13.106s][info][gc,metaspace] GC(19) Metaspace: 22394K(22848K)->22394K(22848K) NonClass: 19864K(20096K)->19864K(20096K) Class: 2529K(2752K)->2529K(2752K)
[13.106s][info][gc          ] GC(19) Pause Full (System.gc()) 770M->770M(5888M) 612.588ms
[13.106s][info][gc,metaspace] GC(20) Metaspace: 22394K(22848K)->22394K(22848K) NonClass: 19864K(20096K)->19864K(20096K) Class: 2529K(2752K)->2529K(2752K)
[13.106s][info][gc          ] GC(20) Pause Young (System.gc()) 770M->770M(5888M) 0.520ms
[13.717s][info][gc,metaspace] GC(21) Metaspace: 22394K(22848K)->22394K(22848K) NonClass: 19864K(20096K)->19864K(20096K) Class: 2529K(2752K)->2529K(2752K)
[13.717s][info][gc          ] GC(21) Pause Full (System.gc()) 770M->770M(5888M) 611.021ms
[13.718s][info][gc,metaspace] GC(22) Metaspace: 22394K(22848K)->22394K(22848K) NonClass: 19864K(20096K)->19864K(20096K) Class: 2529K(2752K)->2529K(2752K)
[13.718s][info][gc          ] GC(22) Pause Young (System.gc()) 770M->770M(5888M) 0.759ms
[14.308s][info][gc,metaspace] GC(23) Metaspace: 22394K(22848K)->22394K(22848K) NonClass: 19864K(20096K)->19864K(20096K) Class: 2529K(2752K)->2529K(2752K)
[14.308s][info][gc          ] GC(23) Pause Full (System.gc()) 770M->770M(5888M) 589.236ms
[14.308s][info][gc,metaspace] GC(24) Metaspace: 22394K(22848K)->22394K(22848K) NonClass: 19864K(20096K)->19864K(20096K) Class: 2529K(2752K)->2529K(2752K)
[14.308s][info][gc          ] GC(24) Pause Young (System.gc()) 770M->770M(5888M) 0.469ms
[14.923s][info][gc,metaspace] GC(25) Metaspace: 22394K(22848K)->22394K(22848K) NonClass: 19864K(20096K)->19864K(20096K) Class: 2529K(2752K)->2529K(2752K)
[14.923s][info][gc          ] GC(25) Pause Full (System.gc()) 770M->770M(5888M) 614.763ms
[14.928s][info][gc,metaspace] GC(26) Metaspace: 22394K(22848K)->22394K(22848K) NonClass: 19864K(20096K)->19864K(20096K) Class: 2529K(2752K)->2529K(2752K)
[14.928s][info][gc          ] GC(26) Pause Young (System.gc()) 770M->770M(5888M) 0.717ms
[15.564s][info][gc,metaspace] GC(27) Metaspace: 22394K(22848K)->22394K(22848K) NonClass: 19864K(20096K)->19864K(20096K) Class: 2529K(2752K)->2529K(2752K)
[15.565s][info][gc          ] GC(27) Pause Full (System.gc()) 770M->770M(5888M) 636.438ms
[15.565s][info][gc,metaspace] GC(28) Metaspace: 22394K(22848K)->22394K(22848K) NonClass: 19864K(20096K)->19864K(20096K) Class: 2529K(2752K)->2529K(2752K)
[15.565s][info][gc          ] GC(28) Pause Young (System.gc()) 770M->770M(5888M) 0.452ms
[16.172s][info][gc,metaspace] GC(29) Metaspace: 22394K(22848K)->22394K(22848K) NonClass: 19864K(20096K)->19864K(20096K) Class: 2529K(2752K)->2529K(2752K)
[16.172s][info][gc          ] GC(29) Pause Full (System.gc()) 770M->770M(5888M) 607.193ms
[16.173s][info][gc,metaspace] GC(30) Metaspace: 22394K(22848K)->22394K(22848K) NonClass: 19864K(20096K)->19864K(20096K) Class: 2529K(2752K)->2529K(2752K)
[16.173s][info][gc          ] GC(30) Pause Young (System.gc()) 770M->770M(5888M) 0.595ms
[16.782s][info][gc,metaspace] GC(31) Metaspace: 22394K(22848K)->22394K(22848K) NonClass: 19864K(20096K)->19864K(20096K) Class: 2529K(2752K)->2529K(2752K)
[16.782s][info][gc          ] GC(31) Pause Full (System.gc()) 770M->770M(5888M) 608.642ms
[16.782s][info][gc,metaspace] GC(32) Metaspace: 22394K(22848K)->22394K(22848K) NonClass: 19864K(20096K)->19864K(20096K) Class: 2529K(2752K)->2529K(2752K)
[16.782s][info][gc          ] GC(32) Pause Young (System.gc()) 770M->770M(5888M) 0.450ms
[17.397s][info][gc,metaspace] GC(33) Metaspace: 22394K(22848K)->22394K(22848K) NonClass: 19864K(20096K)->19864K(20096K) Class: 2529K(2752K)->2529K(2752K)
[17.397s][info][gc          ] GC(33) Pause Full (System.gc()) 770M->770M(5888M) 614.341ms
[17.397s][info][gc,metaspace] GC(34) Metaspace: 22394K(22848K)->22394K(22848K) NonClass: 19864K(20096K)->19864K(20096K) Class: 2529K(2752K)->2529K(2752K)
[17.397s][info][gc          ] GC(34) Pause Young (System.gc()) 770M->770M(5888M) 0.493ms
[17.988s][info][gc,metaspace] GC(35) Metaspace: 22394K(22848K)->22394K(22848K) NonClass: 19864K(20096K)->19864K(20096K) Class: 2529K(2752K)->2529K(2752K)
[17.989s][info][gc          ] GC(35) Pause Full (System.gc()) 770M->770M(5888M) 591.249ms
[17.989s][info][gc,metaspace] GC(36) Metaspace: 22394K(22848K)->22394K(22848K) NonClass: 19864K(20096K)->19864K(20096K) Class: 2529K(2752K)->2529K(2752K)
[17.989s][info][gc          ] GC(36) Pause Young (System.gc()) 770M->770M(5888M) 0.474ms
[18.582s][info][gc,metaspace] GC(37) Metaspace: 22394K(22848K)->22394K(22848K) NonClass: 19864K(20096K)->19864K(20096K) Class: 2529K(2752K)->2529K(2752K)
[18.582s][info][gc          ] GC(37) Pause Full (System.gc()) 770M->770M(5888M) 593.179ms
[18.583s][info][gc,metaspace] GC(38) Metaspace: 22394K(22848K)->22394K(22848K) NonClass: 19864K(20096K)->19864K(20096K) Class: 2529K(2752K)->2529K(2752K)
[18.583s][info][gc          ] GC(38) Pause Young (System.gc()) 770M->770M(5888M) 0.479ms
[19.200s][info][gc,metaspace] GC(39) Metaspace: 22394K(22848K)->22394K(22848K) NonClass: 19864K(20096K)->19864K(20096K) Class: 2529K(2752K)->2529K(2752K)
[19.200s][info][gc          ] GC(39) Pause Full (System.gc()) 770M->770M(5888M) 617.091ms
[19.201s][info][gc,metaspace] GC(40) Metaspace: 22394K(22848K)->22394K(22848K) NonClass: 19864K(20096K)->19864K(20096K) Class: 2529K(2752K)->2529K(2752K)
[19.201s][info][gc          ] GC(40) Pause Young (System.gc()) 770M->770M(5888M) 0.506ms
[19.795s][info][gc,metaspace] GC(41) Metaspace: 22394K(22848K)->22394K(22848K) NonClass: 19864K(20096K)->19864K(20096K) Class: 2529K(2752K)->2529K(2752K)
[19.795s][info][gc          ] GC(41) Pause Full (System.gc()) 770M->770M(5888M) 593.879ms
[19.795s][info][gc,metaspace] GC(42) Metaspace: 22394K(22848K)->22394K(22848K) NonClass: 19864K(20096K)->19864K(20096K) Class: 2529K(2752K)->2529K(2752K)
[19.795s][info][gc          ] GC(42) Pause Young (System.gc()) 770M->770M(5888M) 0.451ms
[20.388s][info][gc,metaspace] GC(43) Metaspace: 22394K(22848K)->22394K(22848K) NonClass: 19864K(20096K)->19864K(20096K) Class: 2529K(2752K)->2529K(2752K)
[20.388s][info][gc          ] GC(43) Pause Full (System.gc()) 770M->770M(5888M) 592.705ms
[20.393s][info][gc,metaspace] GC(44) Metaspace: 22394K(22848K)->22394K(22848K) NonClass: 19864K(20096K)->19864K(20096K) Class: 2529K(2752K)->2529K(2752K)
[20.393s][info][gc          ] GC(44) Pause Young (System.gc()) 770M->770M(5888M) 0.466ms
[20.995s][info][gc,metaspace] GC(45) Metaspace: 22394K(22848K)->22394K(22848K) NonClass: 19864K(20096K)->19864K(20096K) Class: 2529K(2752K)->2529K(2752K)
[20.995s][info][gc          ] GC(45) Pause Full (System.gc()) 770M->770M(5888M) 602.371ms
[20.996s][info][gc,metaspace] GC(46) Metaspace: 22394K(22848K)->22394K(22848K) NonClass: 19864K(20096K)->19864K(20096K) Class: 2529K(2752K)->2529K(2752K)
[20.996s][info][gc          ] GC(46) Pause Young (System.gc()) 770M->770M(5888M) 0.476ms
[21.591s][info][gc,metaspace] GC(47) Metaspace: 22394K(22848K)->22394K(22848K) NonClass: 19864K(20096K)->19864K(20096K) Class: 2529K(2752K)->2529K(2752K)
[21.591s][info][gc          ] GC(47) Pause Full (System.gc()) 770M->770M(5888M) 594.941ms
[21.591s][info][gc,metaspace] GC(48) Metaspace: 22394K(22848K)->22394K(22848K) NonClass: 19864K(20096K)->19864K(20096K) Class: 2529K(2752K)->2529K(2752K)
[21.591s][info][gc          ] GC(48) Pause Young (System.gc()) 770M->770M(5888M) 0.490ms
[22.197s][info][gc,metaspace] GC(49) Metaspace: 22394K(22848K)->22394K(22848K) NonClass: 19864K(20096K)->19864K(20096K) Class: 2529K(2752K)->2529K(2752K)
[22.197s][info][gc          ] GC(49) Pause Full (System.gc()) 770M->770M(5888M) 605.387ms
[22.197s][info][gc,metaspace] GC(50) Metaspace: 22394K(22848K)->22394K(22848K) NonClass: 19864K(20096K)->19864K(20096K) Class: 2529K(2752K)->2529K(2752K)
[22.197s][info][gc          ] GC(50) Pause Young (System.gc()) 770M->770M(5888M) 0.457ms
[22.801s][info][gc,metaspace] GC(51) Metaspace: 22394K(22848K)->22394K(22848K) NonClass: 19864K(20096K)->19864K(20096K) Class: 2529K(2752K)->2529K(2752K)
[22.801s][info][gc          ] GC(51) Pause Full (System.gc()) 770M->770M(5888M) 603.385ms
[22.802s][info][gc,metaspace] GC(52) Metaspace: 22394K(22848K)->22394K(22848K) NonClass: 19864K(20096K)->19864K(20096K) Class: 2529K(2752K)->2529K(2752K)
[22.802s][info][gc          ] GC(52) Pause Young (System.gc()) 770M->770M(5888M) 0.470ms
[23.389s][info][gc,metaspace] GC(53) Metaspace: 22394K(22848K)->22394K(22848K) NonClass: 19864K(20096K)->19864K(20096K) Class: 2529K(2752K)->2529K(2752K)
[23.389s][info][gc          ] GC(53) Pause Full (System.gc()) 770M->770M(5888M) 587.548ms
[23.390s][info][gc,metaspace] GC(54) Metaspace: 22394K(22848K)->22394K(22848K) NonClass: 19864K(20096K)->19864K(20096K) Class: 2529K(2752K)->2529K(2752K)
[23.390s][info][gc          ] GC(54) Pause Young (System.gc()) 770M->770M(5888M) 0.491ms
[23.995s][info][gc,metaspace] GC(55) Metaspace: 22394K(22848K)->22394K(22848K) NonClass: 19864K(20096K)->19864K(20096K) Class: 2529K(2752K)->2529K(2752K)
[23.995s][info][gc          ] GC(55) Pause Full (System.gc()) 770M->770M(5888M) 605.299ms
[23.996s][info][gc,metaspace] GC(56) Metaspace: 22394K(22848K)->22394K(22848K) NonClass: 19864K(20096K)->19864K(20096K) Class: 2529K(2752K)->2529K(2752K)
[23.996s][info][gc          ] GC(56) Pause Young (System.gc()) 770M->770M(5888M) 0.434ms
[24.607s][info][gc,metaspace] GC(57) Metaspace: 22394K(22848K)->22394K(22848K) NonClass: 19864K(20096K)->19864K(20096K) Class: 2529K(2752K)->2529K(2752K)
[24.607s][info][gc          ] GC(57) Pause Full (System.gc()) 770M->770M(5888M) 611.259ms
[24.608s][info][gc,metaspace] GC(58) Metaspace: 22394K(22848K)->22394K(22848K) NonClass: 19864K(20096K)->19864K(20096K) Class: 2529K(2752K)->2529K(2752K)
[24.608s][info][gc          ] GC(58) Pause Young (System.gc()) 770M->770M(5888M) 0.755ms
[25.213s][info][gc,metaspace] GC(59) Metaspace: 22394K(22848K)->22394K(22848K) NonClass: 19864K(20096K)->19864K(20096K) Class: 2529K(2752K)->2529K(2752K)
[25.213s][info][gc          ] GC(59) Pause Full (System.gc()) 770M->770M(5888M) 604.866ms
[25.213s][info][gc,metaspace] GC(60) Metaspace: 22394K(22848K)->22394K(22848K) NonClass: 19864K(20096K)->19864K(20096K) Class: 2529K(2752K)->2529K(2752K)
[25.213s][info][gc          ] GC(60) Pause Young (System.gc()) 770M->770M(5888M) 0.478ms
[25.802s][info][gc,metaspace] GC(61) Metaspace: 22394K(22848K)->22394K(22848K) NonClass: 19864K(20096K)->19864K(20096K) Class: 2529K(2752K)->2529K(2752K)
[25.803s][info][gc          ] GC(61) Pause Full (System.gc()) 770M->770M(5888M) 589.261ms
[25.808s][info][gc,metaspace] GC(62) Metaspace: 22394K(22848K)->22394K(22848K) NonClass: 19864K(20096K)->19864K(20096K) Class: 2529K(2752K)->2529K(2752K)
[25.808s][info][gc          ] GC(62) Pause Young (System.gc()) 770M->770M(5888M) 0.731ms
[26.480s][info][gc,metaspace] GC(63) Metaspace: 22394K(22848K)->22394K(22848K) NonClass: 19864K(20096K)->19864K(20096K) Class: 2529K(2752K)->2529K(2752K)
[26.480s][info][gc          ] GC(63) Pause Full (System.gc()) 770M->770M(5888M) 672.115ms
[26.480s][info][gc,metaspace] GC(64) Metaspace: 22394K(22848K)->22394K(22848K) NonClass: 19864K(20096K)->19864K(20096K) Class: 2529K(2752K)->2529K(2752K)
[26.480s][info][gc          ] GC(64) Pause Young (System.gc()) 770M->770M(5888M) 0.496ms
[27.103s][info][gc,metaspace] GC(65) Metaspace: 22394K(22848K)->22394K(22848K) NonClass: 19864K(20096K)->19864K(20096K) Class: 2529K(2752K)->2529K(2752K)
[27.103s][info][gc          ] GC(65) Pause Full (System.gc()) 770M->770M(5888M) 623.058ms
[27.104s][info][gc,metaspace] GC(66) Metaspace: 22394K(22848K)->22394K(22848K) NonClass: 19864K(20096K)->19864K(20096K) Class: 2529K(2752K)->2529K(2752K)
[27.104s][info][gc          ] GC(66) Pause Young (System.gc()) 770M->770M(5888M) 0.469ms
[27.721s][info][gc,metaspace] GC(67) Metaspace: 22394K(22848K)->22394K(22848K) NonClass: 19864K(20096K)->19864K(20096K) Class: 2529K(2752K)->2529K(2752K)
[27.721s][info][gc          ] GC(67) Pause Full (System.gc()) 770M->770M(5888M) 616.955ms
[27.722s][info][gc,metaspace] GC(68) Metaspace: 22394K(22848K)->22394K(22848K) NonClass: 19864K(20096K)->19864K(20096K) Class: 2529K(2752K)->2529K(2752K)
[27.722s][info][gc          ] GC(68) Pause Young (System.gc()) 770M->770M(5888M) 0.712ms
[28.327s][info][gc,metaspace] GC(69) Metaspace: 22394K(22848K)->22394K(22848K) NonClass: 19864K(20096K)->19864K(20096K) Class: 2529K(2752K)->2529K(2752K)
[28.327s][info][gc          ] GC(69) Pause Full (System.gc()) 770M->770M(5888M) 605.193ms
[28.328s][info][gc,metaspace] GC(70) Metaspace: 22394K(22848K)->22394K(22848K) NonClass: 19864K(20096K)->19864K(20096K) Class: 2529K(2752K)->2529K(2752K)
[28.328s][info][gc          ] GC(70) Pause Young (System.gc()) 770M->770M(5888M) 0.704ms
[28.932s][info][gc,metaspace] GC(71) Metaspace: 22394K(22848K)->22394K(22848K) NonClass: 19864K(20096K)->19864K(20096K) Class: 2529K(2752K)->2529K(2752K)
[28.932s][info][gc          ] GC(71) Pause Full (System.gc()) 770M->770M(5888M) 604.019ms
[28.932s][info][gc,metaspace] GC(72) Metaspace: 22394K(22848K)->22394K(22848K) NonClass: 19864K(20096K)->19864K(20096K) Class: 2529K(2752K)->2529K(2752K)
[28.932s][info][gc          ] GC(72) Pause Young (System.gc()) 770M->770M(5888M) 0.484ms
[29.658s][info][gc,metaspace] GC(73) Metaspace: 22394K(22848K)->22394K(22848K) NonClass: 19864K(20096K)->19864K(20096K) Class: 2529K(2752K)->2529K(2752K)
[29.658s][info][gc          ] GC(73) Pause Full (System.gc()) 770M->770M(5888M) 725.518ms
[29.659s][info][gc,metaspace] GC(74) Metaspace: 22394K(22848K)->22394K(22848K) NonClass: 19864K(20096K)->19864K(20096K) Class: 2529K(2752K)->2529K(2752K)
[29.659s][info][gc          ] GC(74) Pause Young (System.gc()) 770M->770M(5888M) 0.592ms
[30.249s][info][gc,metaspace] GC(75) Metaspace: 22394K(22848K)->22394K(22848K) NonClass: 19864K(20096K)->19864K(20096K) Class: 2529K(2752K)->2529K(2752K)
[30.250s][info][gc          ] GC(75) Pause Full (System.gc()) 770M->770M(5888M) 590.771ms
[30.250s][info][gc,metaspace] GC(76) Metaspace: 22394K(22848K)->22394K(22848K) NonClass: 19864K(20096K)->19864K(20096K) Class: 2529K(2752K)->2529K(2752K)
[30.250s][info][gc          ] GC(76) Pause Young (System.gc()) 770M->770M(5888M) 0.489ms
[30.858s][info][gc,metaspace] GC(77) Metaspace: 22394K(22848K)->22394K(22848K) NonClass: 19864K(20096K)->19864K(20096K) Class: 2529K(2752K)->2529K(2752K)
[30.858s][info][gc          ] GC(77) Pause Full (System.gc()) 770M->770M(5888M) 608.154ms
[30.863s][info][gc,metaspace] GC(78) Metaspace: 22394K(22848K)->22394K(22848K) NonClass: 19864K(20096K)->19864K(20096K) Class: 2529K(2752K)->2529K(2752K)
[30.863s][info][gc          ] GC(78) Pause Young (System.gc()) 770M->770M(5888M) 0.495ms
[31.479s][info][gc,metaspace] GC(79) Metaspace: 22394K(22848K)->22394K(22848K) NonClass: 19864K(20096K)->19864K(20096K) Class: 2529K(2752K)->2529K(2752K)
[31.479s][info][gc          ] GC(79) Pause Full (System.gc()) 770M->770M(5888M) 615.834ms
[31.480s][info][gc,metaspace] GC(80) Metaspace: 22394K(22848K)->22394K(22848K) NonClass: 19864K(20096K)->19864K(20096K) Class: 2529K(2752K)->2529K(2752K)
[31.480s][info][gc          ] GC(80) Pause Young (System.gc()) 770M->770M(5888M) 0.817ms
[32.107s][info][gc,metaspace] GC(81) Metaspace: 22394K(22848K)->22394K(22848K) NonClass: 19864K(20096K)->19864K(20096K) Class: 2529K(2752K)->2529K(2752K)
[32.107s][info][gc          ] GC(81) Pause Full (System.gc()) 770M->770M(5888M) 627.416ms
[32.108s][info][gc,metaspace] GC(82) Metaspace: 22394K(22848K)->22394K(22848K) NonClass: 19864K(20096K)->19864K(20096K) Class: 2529K(2752K)->2529K(2752K)
[32.108s][info][gc          ] GC(82) Pause Young (System.gc()) 770M->770M(5888M) 0.489ms
[32.702s][info][gc,metaspace] GC(83) Metaspace: 22394K(22848K)->22394K(22848K) NonClass: 19864K(20096K)->19864K(20096K) Class: 2529K(2752K)->2529K(2752K)
[32.703s][info][gc          ] GC(83) Pause Full (System.gc()) 770M->770M(5888M) 594.458ms
[32.703s][info][gc,metaspace] GC(84) Metaspace: 22394K(22848K)->22394K(22848K) NonClass: 19864K(20096K)->19864K(20096K) Class: 2529K(2752K)->2529K(2752K)
[32.703s][info][gc          ] GC(84) Pause Young (System.gc()) 770M->770M(5888M) 0.770ms
[33.312s][info][gc,metaspace] GC(85) Metaspace: 22394K(22848K)->22394K(22848K) NonClass: 19864K(20096K)->19864K(20096K) Class: 2529K(2752K)->2529K(2752K)
[33.312s][info][gc          ] GC(85) Pause Full (System.gc()) 770M->770M(5888M) 608.586ms
[33.313s][info][gc,metaspace] GC(86) Metaspace: 22394K(22848K)->22394K(22848K) NonClass: 19864K(20096K)->19864K(20096K) Class: 2529K(2752K)->2529K(2752K)
[33.313s][info][gc          ] GC(86) Pause Young (System.gc()) 770M->770M(5888M) 0.508ms
[33.919s][info][gc,metaspace] GC(87) Metaspace: 22394K(22848K)->22394K(22848K) NonClass: 19864K(20096K)->19864K(20096K) Class: 2529K(2752K)->2529K(2752K)
[33.919s][info][gc          ] GC(87) Pause Full (System.gc()) 770M->770M(5888M) 606.169ms
[33.919s][info][gc,metaspace] GC(88) Metaspace: 22394K(22848K)->22394K(22848K) NonClass: 19864K(20096K)->19864K(20096K) Class: 2529K(2752K)->2529K(2752K)
[33.919s][info][gc          ] GC(88) Pause Young (System.gc()) 770M->770M(5888M) 0.421ms
[34.563s][info][gc,metaspace] GC(89) Metaspace: 22394K(22848K)->22394K(22848K) NonClass: 19864K(20096K)->19864K(20096K) Class: 2529K(2752K)->2529K(2752K)
[34.563s][info][gc          ] GC(89) Pause Full (System.gc()) 770M->770M(5888M) 643.333ms
[34.563s][info][gc,metaspace] GC(90) Metaspace: 22394K(22848K)->22394K(22848K) NonClass: 19864K(20096K)->19864K(20096K) Class: 2529K(2752K)->2529K(2752K)
[34.563s][info][gc          ] GC(90) Pause Young (System.gc()) 770M->770M(5888M) 0.497ms
[35.164s][info][gc,metaspace] GC(91) Metaspace: 22394K(22848K)->22394K(22848K) NonClass: 19864K(20096K)->19864K(20096K) Class: 2529K(2752K)->2529K(2752K)
[35.165s][info][gc          ] GC(91) Pause Full (System.gc()) 770M->770M(5888M) 601.239ms
[35.165s][info][gc,metaspace] GC(92) Metaspace: 22394K(22848K)->22394K(22848K) NonClass: 19864K(20096K)->19864K(20096K) Class: 2529K(2752K)->2529K(2752K)
[35.165s][info][gc          ] GC(92) Pause Young (System.gc()) 770M->770M(5888M) 0.783ms
[35.764s][info][gc,metaspace] GC(93) Metaspace: 22394K(22848K)->22394K(22848K) NonClass: 19864K(20096K)->19864K(20096K) Class: 2529K(2752K)->2529K(2752K)
[35.764s][info][gc          ] GC(93) Pause Full (System.gc()) 770M->770M(5888M) 598.809ms
[35.765s][info][gc,metaspace] GC(94) Metaspace: 22394K(22848K)->22394K(22848K) NonClass: 19864K(20096K)->19864K(20096K) Class: 2529K(2752K)->2529K(2752K)
[35.765s][info][gc          ] GC(94) Pause Young (System.gc()) 770M->770M(5888M) 0.738ms
[36.379s][info][gc,metaspace] GC(95) Metaspace: 22394K(22848K)->22394K(22848K) NonClass: 19864K(20096K)->19864K(20096K) Class: 2529K(2752K)->2529K(2752K)
[36.379s][info][gc          ] GC(95) Pause Full (System.gc()) 770M->770M(5888M) 613.504ms
[36.379s][info][gc,metaspace] GC(96) Metaspace: 22394K(22848K)->22394K(22848K) NonClass: 19864K(20096K)->19864K(20096K) Class: 2529K(2752K)->2529K(2752K)
[36.379s][info][gc          ] GC(96) Pause Young (System.gc()) 770M->770M(5888M) 0.753ms
[36.985s][info][gc,metaspace] GC(97) Metaspace: 22394K(22848K)->22394K(22848K) NonClass: 19864K(20096K)->19864K(20096K) Class: 2529K(2752K)->2529K(2752K)
[36.985s][info][gc          ] GC(97) Pause Full (System.gc()) 770M->770M(5888M) 605.554ms
[36.986s][info][gc,metaspace] GC(98) Metaspace: 22394K(22848K)->22394K(22848K) NonClass: 19864K(20096K)->19864K(20096K) Class: 2529K(2752K)->2529K(2752K)
[36.986s][info][gc          ] GC(98) Pause Young (System.gc()) 770M->770M(5888M) 0.750ms
[37.583s][info][gc,metaspace] GC(99) Metaspace: 22394K(22848K)->22394K(22848K) NonClass: 19864K(20096K)->19864K(20096K) Class: 2529K(2752K)->2529K(2752K)
[37.583s][info][gc          ] GC(99) Pause Full (System.gc()) 770M->770M(5888M) 596.889ms
[37.584s][info][gc,metaspace] GC(100) Metaspace: 22394K(22848K)->22394K(22848K) NonClass: 19864K(20096K)->19864K(20096K) Class: 2529K(2752K)->2529K(2752K)
[37.584s][info][gc          ] GC(100) Pause Young (System.gc()) 770M->770M(5888M) 0.728ms
[38.184s][info][gc,metaspace] GC(101) Metaspace: 22394K(22848K)->22394K(22848K) NonClass: 19864K(20096K)->19864K(20096K) Class: 2529K(2752K)->2529K(2752K)
[38.184s][info][gc          ] GC(101) Pause Full (System.gc()) 770M->770M(5888M) 600.060ms
[38.184s][info][gc,metaspace] GC(102) Metaspace: 22394K(22848K)->22394K(22848K) NonClass: 19864K(20096K)->19864K(20096K) Class: 2529K(2752K)->2529K(2752K)
[38.184s][info][gc          ] GC(102) Pause Young (System.gc()) 770M->770M(5888M) 0.462ms
[38.804s][info][gc,metaspace] GC(103) Metaspace: 22394K(22848K)->22394K(22848K) NonClass: 19864K(20096K)->19864K(20096K) Class: 2529K(2752K)->2529K(2752K)
[38.804s][info][gc          ] GC(103) Pause Full (System.gc()) 770M->770M(5888M) 619.329ms
[38.804s][info][gc,metaspace] GC(104) Metaspace: 22394K(22848K)->22394K(22848K) NonClass: 19864K(20096K)->19864K(20096K) Class: 2529K(2752K)->2529K(2752K)
[38.804s][info][gc          ] GC(104) Pause Young (System.gc()) 770M->770M(5888M) 0.485ms
[39.401s][info][gc,metaspace] GC(105) Metaspace: 22394K(22848K)->22394K(22848K) NonClass: 19864K(20096K)->19864K(20096K) Class: 2529K(2752K)->2529K(2752K)
[39.401s][info][gc          ] GC(105) Pause Full (System.gc()) 770M->770M(5888M) 597.088ms
[39.402s][info][gc,metaspace] GC(106) Metaspace: 22394K(22848K)->22394K(22848K) NonClass: 19864K(20096K)->19864K(20096K) Class: 2529K(2752K)->2529K(2752K)
[39.402s][info][gc          ] GC(106) Pause Young (System.gc()) 770M->770M(5888M) 0.651ms
[40.028s][info][gc,metaspace] GC(107) Metaspace: 22394K(22848K)->22394K(22848K) NonClass: 19864K(20096K)->19864K(20096K) Class: 2529K(2752K)->2529K(2752K)
[40.029s][info][gc          ] GC(107) Pause Full (System.gc()) 770M->770M(5888M) 626.371ms
[40.029s][info][gc,metaspace] GC(108) Metaspace: 22394K(22848K)->22394K(22848K) NonClass: 19864K(20096K)->19864K(20096K) Class: 2529K(2752K)->2529K(2752K)
[40.029s][info][gc          ] GC(108) Pause Young (System.gc()) 770M->770M(5888M) 0.729ms
[40.641s][info][gc,metaspace] GC(109) Metaspace: 22394K(22848K)->22394K(22848K) NonClass: 19864K(20096K)->19864K(20096K) Class: 2529K(2752K)->2529K(2752K)
[40.641s][info][gc          ] GC(109) Pause Full (System.gc()) 770M->770M(5888M) 611.793ms
[40.642s][info][gc,metaspace] GC(110) Metaspace: 22394K(22848K)->22394K(22848K) NonClass: 19864K(20096K)->19864K(20096K) Class: 2529K(2752K)->2529K(2752K)
[40.642s][info][gc          ] GC(110) Pause Young (System.gc()) 770M->770M(5888M) 0.485ms
[41.255s][info][gc,metaspace] GC(111) Metaspace: 22394K(22848K)->22394K(22848K) NonClass: 19864K(20096K)->19864K(20096K) Class: 2529K(2752K)->2529K(2752K)
[41.255s][info][gc          ] GC(111) Pause Full (System.gc()) 770M->770M(5888M) 612.887ms
[41.255s][info][gc,metaspace] GC(112) Metaspace: 22394K(22848K)->22394K(22848K) NonClass: 19864K(20096K)->19864K(20096K) Class: 2529K(2752K)->2529K(2752K)
[41.255s][info][gc          ] GC(112) Pause Young (System.gc()) 770M->770M(5888M) 0.489ms
[41.867s][info][gc,metaspace] GC(113) Metaspace: 22394K(22848K)->22394K(22848K) NonClass: 19864K(20096K)->19864K(20096K) Class: 2529K(2752K)->2529K(2752K)
[41.867s][info][gc          ] GC(113) Pause Full (System.gc()) 770M->770M(5888M) 611.572ms
[41.867s][info][gc,metaspace] GC(114) Metaspace: 22394K(22848K)->22394K(22848K) NonClass: 19864K(20096K)->19864K(20096K) Class: 2529K(2752K)->2529K(2752K)
[41.867s][info][gc          ] GC(114) Pause Young (System.gc()) 770M->770M(5888M) 0.460ms
[42.522s][info][gc,metaspace] GC(115) Metaspace: 22394K(22848K)->22394K(22848K) NonClass: 19864K(20096K)->19864K(20096K) Class: 2529K(2752K)->2529K(2752K)
[42.522s][info][gc          ] GC(115) Pause Full (System.gc()) 770M->770M(5888M) 654.530ms
[42.523s][info][gc,metaspace] GC(116) Metaspace: 22394K(22848K)->22394K(22848K) NonClass: 19864K(20096K)->19864K(20096K) Class: 2529K(2752K)->2529K(2752K)
[42.523s][info][gc          ] GC(116) Pause Young (System.gc()) 770M->770M(5888M) 0.783ms
[43.114s][info][gc,metaspace] GC(117) Metaspace: 22394K(22848K)->22394K(22848K) NonClass: 19864K(20096K)->19864K(20096K) Class: 2529K(2752K)->2529K(2752K)
[43.114s][info][gc          ] GC(117) Pause Full (System.gc()) 770M->770M(5888M) 591.451ms
[43.115s][info][gc,metaspace] GC(118) Metaspace: 22394K(22848K)->22394K(22848K) NonClass: 19864K(20096K)->19864K(20096K) Class: 2529K(2752K)->2529K(2752K)
[43.115s][info][gc          ] GC(118) Pause Young (System.gc()) 770M->770M(5888M) 0.505ms
[43.715s][info][gc,metaspace] GC(119) Metaspace: 22394K(22848K)->22394K(22848K) NonClass: 19864K(20096K)->19864K(20096K) Class: 2529K(2752K)->2529K(2752K)
[43.715s][info][gc          ] GC(119) Pause Full (System.gc()) 770M->770M(5888M) 599.800ms
[43.715s][info][gc,metaspace] GC(120) Metaspace: 22394K(22848K)->22394K(22848K) NonClass: 19864K(20096K)->19864K(20096K) Class: 2529K(2752K)->2529K(2752K)
[43.715s][info][gc          ] GC(120) Pause Young (System.gc()) 770M->770M(5888M) 0.482ms
[44.330s][info][gc,metaspace] GC(121) Metaspace: 22394K(22848K)->22394K(22848K) NonClass: 19864K(20096K)->19864K(20096K) Class: 2529K(2752K)->2529K(2752K)
[44.330s][info][gc          ] GC(121) Pause Full (System.gc()) 770M->770M(5888M) 614.427ms
[44.331s][info][gc,metaspace] GC(122) Metaspace: 22394K(22848K)->22394K(22848K) NonClass: 19864K(20096K)->19864K(20096K) Class: 2529K(2752K)->2529K(2752K)
[44.331s][info][gc          ] GC(122) Pause Young (System.gc()) 770M->770M(5888M) 0.778ms
[44.948s][info][gc,metaspace] GC(123) Metaspace: 22394K(22848K)->22394K(22848K) NonClass: 19864K(20096K)->19864K(20096K) Class: 2529K(2752K)->2529K(2752K)
[44.948s][info][gc          ] GC(123) Pause Full (System.gc()) 770M->770M(5888M) 617.054ms
[44.948s][info][gc,metaspace] GC(124) Metaspace: 22394K(22848K)->22394K(22848K) NonClass: 19864K(20096K)->19864K(20096K) Class: 2529K(2752K)->2529K(2752K)
[44.948s][info][gc          ] GC(124) Pause Young (System.gc()) 770M->770M(5888M) 0.492ms
[45.566s][info][gc,metaspace] GC(125) Metaspace: 22394K(22848K)->22394K(22848K) NonClass: 19864K(20096K)->19864K(20096K) Class: 2529K(2752K)->2529K(2752K)
[45.566s][info][gc          ] GC(125) Pause Full (System.gc()) 770M->770M(5888M) 617.304ms
[45.566s][info][gc,metaspace] GC(126) Metaspace: 22394K(22848K)->22394K(22848K) NonClass: 19864K(20096K)->19864K(20096K) Class: 2529K(2752K)->2529K(2752K)
[45.566s][info][gc          ] GC(126) Pause Young (System.gc()) 770M->770M(5888M) 0.452ms
[46.166s][info][gc,metaspace] GC(127) Metaspace: 22394K(22848K)->22394K(22848K) NonClass: 19864K(20096K)->19864K(20096K) Class: 2529K(2752K)->2529K(2752K)
[46.166s][info][gc          ] GC(127) Pause Full (System.gc()) 770M->770M(5888M) 599.385ms
[46.166s][info][gc,metaspace] GC(128) Metaspace: 22394K(22848K)->22394K(22848K) NonClass: 19864K(20096K)->19864K(20096K) Class: 2529K(2752K)->2529K(2752K)
[46.166s][info][gc          ] GC(128) Pause Young (System.gc()) 770M->770M(5888M) 0.496ms
[46.761s][info][gc,metaspace] GC(129) Metaspace: 22394K(22848K)->22394K(22848K) NonClass: 19864K(20096K)->19864K(20096K) Class: 2529K(2752K)->2529K(2752K)
[46.761s][info][gc          ] GC(129) Pause Full (System.gc()) 770M->770M(5888M) 594.997ms
[46.762s][info][gc,metaspace] GC(130) Metaspace: 22394K(22848K)->22394K(22848K) NonClass: 19864K(20096K)->19864K(20096K) Class: 2529K(2752K)->2529K(2752K)
[46.762s][info][gc          ] GC(130) Pause Young (System.gc()) 770M->770M(5888M) 0.542ms
[47.351s][info][gc,metaspace] GC(131) Metaspace: 22394K(22848K)->22394K(22848K) NonClass: 19864K(20096K)->19864K(20096K) Class: 2529K(2752K)->2529K(2752K)
[47.351s][info][gc          ] GC(131) Pause Full (System.gc()) 770M->770M(5888M) 588.714ms
[47.352s][info][gc,metaspace] GC(132) Metaspace: 22394K(22848K)->22394K(22848K) NonClass: 19864K(20096K)->19864K(20096K) Class: 2529K(2752K)->2529K(2752K)
[47.352s][info][gc          ] GC(132) Pause Young (System.gc()) 770M->770M(5888M) 0.795ms
[47.947s][info][gc,metaspace] GC(133) Metaspace: 22394K(22848K)->22394K(22848K) NonClass: 19864K(20096K)->19864K(20096K) Class: 2529K(2752K)->2529K(2752K)
[47.947s][info][gc          ] GC(133) Pause Full (System.gc()) 770M->770M(5888M) 595.437ms
[47.948s][info][gc,metaspace] GC(134) Metaspace: 22394K(22848K)->22394K(22848K) NonClass: 19864K(20096K)->19864K(20096K) Class: 2529K(2752K)->2529K(2752K)
[47.948s][info][gc          ] GC(134) Pause Young (System.gc()) 770M->770M(5888M) 0.778ms
[48.542s][info][gc,metaspace] GC(135) Metaspace: 22394K(22848K)->22394K(22848K) NonClass: 19864K(20096K)->19864K(20096K) Class: 2529K(2752K)->2529K(2752K)
[48.542s][info][gc          ] GC(135) Pause Full (System.gc()) 770M->770M(5888M) 594.309ms
[48.543s][info][gc,metaspace] GC(136) Metaspace: 22394K(22848K)->22394K(22848K) NonClass: 19864K(20096K)->19864K(20096K) Class: 2529K(2752K)->2529K(2752K)
[48.543s][info][gc          ] GC(136) Pause Young (System.gc()) 770M->770M(5888M) 0.515ms
[49.130s][info][gc,metaspace] GC(137) Metaspace: 22394K(22848K)->22394K(22848K) NonClass: 19864K(20096K)->19864K(20096K) Class: 2529K(2752K)->2529K(2752K)
[49.130s][info][gc          ] GC(137) Pause Full (System.gc()) 770M->770M(5888M) 587.205ms
[49.131s][info][gc,metaspace] GC(138) Metaspace: 22394K(22848K)->22394K(22848K) NonClass: 19864K(20096K)->19864K(20096K) Class: 2529K(2752K)->2529K(2752K)
[49.131s][info][gc          ] GC(138) Pause Young (System.gc()) 770M->770M(5888M) 0.491ms
[49.730s][info][gc,metaspace] GC(139) Metaspace: 22394K(22848K)->22394K(22848K) NonClass: 19864K(20096K)->19864K(20096K) Class: 2529K(2752K)->2529K(2752K)
[49.730s][info][gc          ] GC(139) Pause Full (System.gc()) 770M->770M(5888M) 599.004ms
[49.731s][info][gc,metaspace] GC(140) Metaspace: 22394K(22848K)->22394K(22848K) NonClass: 19864K(20096K)->19864K(20096K) Class: 2529K(2752K)->2529K(2752K)
[49.731s][info][gc          ] GC(140) Pause Young (System.gc()) 770M->770M(5888M) 0.769ms
[50.324s][info][gc,metaspace] GC(141) Metaspace: 22394K(22848K)->22394K(22848K) NonClass: 19864K(20096K)->19864K(20096K) Class: 2529K(2752K)->2529K(2752K)
[50.324s][info][gc          ] GC(141) Pause Full (System.gc()) 770M->770M(5888M) 592.879ms
[50.324s][info][gc,metaspace] GC(142) Metaspace: 22394K(22848K)->22394K(22848K) NonClass: 19864K(20096K)->19864K(20096K) Class: 2529K(2752K)->2529K(2752K)
[50.324s][info][gc          ] GC(142) Pause Young (System.gc()) 770M->770M(5888M) 0.496ms
[50.905s][info][gc,metaspace] GC(143) Metaspace: 22394K(22848K)->22394K(22848K) NonClass: 19864K(20096K)->19864K(20096K) Class: 2529K(2752K)->2529K(2752K)
[50.905s][info][gc          ] GC(143) Pause Full (System.gc()) 770M->770M(5888M) 580.476ms
[50.905s][info][gc,metaspace] GC(144) Metaspace: 22394K(22848K)->22394K(22848K) NonClass: 19864K(20096K)->19864K(20096K) Class: 2529K(2752K)->2529K(2752K)
[50.905s][info][gc          ] GC(144) Pause Young (System.gc()) 770M->770M(5888M) 0.536ms
[51.506s][info][gc,metaspace] GC(145) Metaspace: 22394K(22848K)->22394K(22848K) NonClass: 19864K(20096K)->19864K(20096K) Class: 2529K(2752K)->2529K(2752K)
[51.506s][info][gc          ] GC(145) Pause Full (System.gc()) 770M->770M(5888M) 600.305ms
[51.506s][info][gc,metaspace] GC(146) Metaspace: 22394K(22848K)->22394K(22848K) NonClass: 19864K(20096K)->19864K(20096K) Class: 2529K(2752K)->2529K(2752K)
[51.506s][info][gc          ] GC(146) Pause Young (System.gc()) 770M->770M(5888M) 0.450ms
[52.094s][info][gc,metaspace] GC(147) Metaspace: 22394K(22848K)->22394K(22848K) NonClass: 19864K(20096K)->19864K(20096K) Class: 2529K(2752K)->2529K(2752K)
[52.094s][info][gc          ] GC(147) Pause Full (System.gc()) 770M->770M(5888M) 587.423ms
[52.094s][info][gc,metaspace] GC(148) Metaspace: 22394K(22848K)->22394K(22848K) NonClass: 19864K(20096K)->19864K(20096K) Class: 2529K(2752K)->2529K(2752K)
[52.094s][info][gc          ] GC(148) Pause Young (System.gc()) 770M->770M(5888M) 0.456ms
[52.676s][info][gc,metaspace] GC(149) Metaspace: 22394K(22848K)->22394K(22848K) NonClass: 19864K(20096K)->19864K(20096K) Class: 2529K(2752K)->2529K(2752K)
[52.676s][info][gc          ] GC(149) Pause Full (System.gc()) 770M->770M(5888M) 581.644ms
[52.681s][info][gc,metaspace] GC(150) Metaspace: 22394K(22848K)->22394K(22848K) NonClass: 19864K(20096K)->19864K(20096K) Class: 2529K(2752K)->2529K(2752K)
[52.681s][info][gc          ] GC(150) Pause Young (System.gc()) 770M->770M(5888M) 0.755ms
[53.290s][info][gc,metaspace] GC(151) Metaspace: 22394K(22848K)->22394K(22848K) NonClass: 19864K(20096K)->19864K(20096K) Class: 2529K(2752K)->2529K(2752K)
[53.290s][info][gc          ] GC(151) Pause Full (System.gc()) 770M->770M(5888M) 609.357ms
[53.291s][info][gc,metaspace] GC(152) Metaspace: 22394K(22848K)->22394K(22848K) NonClass: 19864K(20096K)->19864K(20096K) Class: 2529K(2752K)->2529K(2752K)
[53.291s][info][gc          ] GC(152) Pause Young (System.gc()) 770M->770M(5888M) 0.486ms
[53.914s][info][gc,metaspace] GC(153) Metaspace: 22394K(22848K)->22394K(22848K) NonClass: 19864K(20096K)->19864K(20096K) Class: 2529K(2752K)->2529K(2752K)
[53.914s][info][gc          ] GC(153) Pause Full (System.gc()) 770M->770M(5888M) 622.949ms
[53.915s][info][gc,metaspace] GC(154) Metaspace: 22394K(22848K)->22394K(22848K) NonClass: 19864K(20096K)->19864K(20096K) Class: 2529K(2752K)->2529K(2752K)
[53.915s][info][gc          ] GC(154) Pause Young (System.gc()) 770M->770M(5888M) 0.479ms
[54.517s][info][gc,metaspace] GC(155) Metaspace: 22394K(22848K)->22394K(22848K) NonClass: 19864K(20096K)->19864K(20096K) Class: 2529K(2752K)->2529K(2752K)
[54.517s][info][gc          ] GC(155) Pause Full (System.gc()) 770M->770M(5888M) 602.269ms
[54.517s][info][gc,metaspace] GC(156) Metaspace: 22394K(22848K)->22394K(22848K) NonClass: 19864K(20096K)->19864K(20096K) Class: 2529K(2752K)->2529K(2752K)
[54.517s][info][gc          ] GC(156) Pause Young (System.gc()) 770M->770M(5888M) 0.511ms
[55.129s][info][gc,metaspace] GC(157) Metaspace: 22394K(22848K)->22394K(22848K) NonClass: 19864K(20096K)->19864K(20096K) Class: 2529K(2752K)->2529K(2752K)
[55.129s][info][gc          ] GC(157) Pause Full (System.gc()) 770M->770M(5888M) 611.304ms
[55.129s][info][gc,metaspace] GC(158) Metaspace: 22394K(22848K)->22394K(22848K) NonClass: 19864K(20096K)->19864K(20096K) Class: 2529K(2752K)->2529K(2752K)
[55.129s][info][gc          ] GC(158) Pause Young (System.gc()) 770M->770M(5888M) 0.449ms
[55.724s][info][gc,metaspace] GC(159) Metaspace: 22394K(22848K)->22394K(22848K) NonClass: 19864K(20096K)->19864K(20096K) Class: 2529K(2752K)->2529K(2752K)
[55.724s][info][gc          ] GC(159) Pause Full (System.gc()) 770M->770M(5888M) 594.248ms
[55.724s][info][gc,metaspace] GC(160) Metaspace: 22394K(22848K)->22394K(22848K) NonClass: 19864K(20096K)->19864K(20096K) Class: 2529K(2752K)->2529K(2752K)
[55.724s][info][gc          ] GC(160) Pause Young (System.gc()) 770M->770M(5888M) 0.557ms
[56.341s][info][gc,metaspace] GC(161) Metaspace: 22394K(22848K)->22394K(22848K) NonClass: 19864K(20096K)->19864K(20096K) Class: 2529K(2752K)->2529K(2752K)
[56.341s][info][gc          ] GC(161) Pause Full (System.gc()) 770M->770M(5888M) 616.275ms
[56.341s][info][gc,metaspace] GC(162) Metaspace: 22394K(22848K)->22394K(22848K) NonClass: 19864K(20096K)->19864K(20096K) Class: 2529K(2752K)->2529K(2752K)
[56.341s][info][gc          ] GC(162) Pause Young (System.gc()) 770M->770M(5888M) 0.498ms
[56.940s][info][gc,metaspace] GC(163) Metaspace: 22394K(22848K)->22394K(22848K) NonClass: 19864K(20096K)->19864K(20096K) Class: 2529K(2752K)->2529K(2752K)
[56.940s][info][gc          ] GC(163) Pause Full (System.gc()) 770M->770M(5888M) 598.496ms
[56.940s][info][gc,metaspace] GC(164) Metaspace: 22394K(22848K)->22394K(22848K) NonClass: 19864K(20096K)->19864K(20096K) Class: 2529K(2752K)->2529K(2752K)
[56.940s][info][gc          ] GC(164) Pause Young (System.gc()) 770M->770M(5888M) 0.476ms
[57.534s][info][gc,metaspace] GC(165) Metaspace: 22394K(22848K)->22394K(22848K) NonClass: 19864K(20096K)->19864K(20096K) Class: 2529K(2752K)->2529K(2752K)
[57.534s][info][gc          ] GC(165) Pause Full (System.gc()) 770M->770M(5888M) 593.564ms
[57.535s][info][gc,metaspace] GC(166) Metaspace: 22394K(22848K)->22394K(22848K) NonClass: 19864K(20096K)->19864K(20096K) Class: 2529K(2752K)->2529K(2752K)
[57.535s][info][gc          ] GC(166) Pause Young (System.gc()) 770M->770M(5888M) 0.775ms
[58.155s][info][gc,metaspace] GC(167) Metaspace: 22394K(22848K)->22394K(22848K) NonClass: 19864K(20096K)->19864K(20096K) Class: 2529K(2752K)->2529K(2752K)
[58.155s][info][gc          ] GC(167) Pause Full (System.gc()) 770M->770M(5888M) 619.844ms
[58.159s][info][gc,metaspace] GC(168) Metaspace: 22394K(22848K)->22394K(22848K) NonClass: 19864K(20096K)->19864K(20096K) Class: 2529K(2752K)->2529K(2752K)
[58.159s][info][gc          ] GC(168) Pause Young (System.gc()) 770M->770M(5888M) 0.436ms
[58.773s][info][gc,metaspace] GC(169) Metaspace: 22394K(22848K)->22394K(22848K) NonClass: 19864K(20096K)->19864K(20096K) Class: 2529K(2752K)->2529K(2752K)
[58.774s][info][gc          ] GC(169) Pause Full (System.gc()) 770M->770M(5888M) 614.023ms
[58.774s][info][gc,metaspace] GC(170) Metaspace: 22394K(22848K)->22394K(22848K) NonClass: 19864K(20096K)->19864K(20096K) Class: 2529K(2752K)->2529K(2752K)
[58.774s][info][gc          ] GC(170) Pause Young (System.gc()) 770M->770M(5888M) 0.554ms
[59.365s][info][gc,metaspace] GC(171) Metaspace: 22394K(22848K)->22394K(22848K) NonClass: 19864K(20096K)->19864K(20096K) Class: 2529K(2752K)->2529K(2752K)
[59.366s][info][gc          ] GC(171) Pause Full (System.gc()) 770M->770M(5888M) 591.290ms
[59.366s][info][gc,metaspace] GC(172) Metaspace: 22394K(22848K)->22394K(22848K) NonClass: 19864K(20096K)->19864K(20096K) Class: 2529K(2752K)->2529K(2752K)
[59.366s][info][gc          ] GC(172) Pause Young (System.gc()) 770M->770M(5888M) 0.760ms
[59.978s][info][gc,metaspace] GC(173) Metaspace: 22394K(22848K)->22394K(22848K) NonClass: 19864K(20096K)->19864K(20096K) Class: 2529K(2752K)->2529K(2752K)
[59.978s][info][gc          ] GC(173) Pause Full (System.gc()) 770M->770M(5888M) 611.219ms
[59.978s][info][gc,metaspace] GC(174) Metaspace: 22394K(22848K)->22394K(22848K) NonClass: 19864K(20096K)->19864K(20096K) Class: 2529K(2752K)->2529K(2752K)
[59.978s][info][gc          ] GC(174) Pause Young (System.gc()) 770M->770M(5888M) 0.449ms
[60.568s][info][gc,metaspace] GC(175) Metaspace: 22394K(22848K)->22394K(22848K) NonClass: 19864K(20096K)->19864K(20096K) Class: 2529K(2752K)->2529K(2752K)
[60.568s][info][gc          ] GC(175) Pause Full (System.gc()) 770M->770M(5888M) 589.850ms
[60.569s][info][gc,metaspace] GC(176) Metaspace: 22394K(22848K)->22394K(22848K) NonClass: 19864K(20096K)->19864K(20096K) Class: 2529K(2752K)->2529K(2752K)
[60.569s][info][gc          ] GC(176) Pause Young (System.gc()) 770M->770M(5888M) 0.608ms
[61.171s][info][gc,metaspace] GC(177) Metaspace: 22394K(22848K)->22394K(22848K) NonClass: 19864K(20096K)->19864K(20096K) Class: 2529K(2752K)->2529K(2752K)
[61.171s][info][gc          ] GC(177) Pause Full (System.gc()) 770M->770M(5888M) 601.776ms
[61.171s][info][gc,metaspace] GC(178) Metaspace: 22394K(22848K)->22394K(22848K) NonClass: 19864K(20096K)->19864K(20096K) Class: 2529K(2752K)->2529K(2752K)
[61.171s][info][gc          ] GC(178) Pause Young (System.gc()) 770M->770M(5888M) 0.475ms
[61.881s][info][gc,metaspace] GC(179) Metaspace: 22394K(22848K)->22394K(22848K) NonClass: 19864K(20096K)->19864K(20096K) Class: 2529K(2752K)->2529K(2752K)
[61.881s][info][gc          ] GC(179) Pause Full (System.gc()) 770M->770M(5888M) 709.725ms
[61.881s][info][gc,metaspace] GC(180) Metaspace: 22394K(22848K)->22394K(22848K) NonClass: 19864K(20096K)->19864K(20096K) Class: 2529K(2752K)->2529K(2752K)
[61.882s][info][gc          ] GC(180) Pause Young (System.gc()) 770M->770M(5888M) 0.456ms
[62.479s][info][gc,metaspace] GC(181) Metaspace: 22394K(22848K)->22394K(22848K) NonClass: 19864K(20096K)->19864K(20096K) Class: 2529K(2752K)->2529K(2752K)
[62.479s][info][gc          ] GC(181) Pause Full (System.gc()) 770M->770M(5888M) 597.022ms
[62.479s][info][gc,metaspace] GC(182) Metaspace: 22394K(22848K)->22394K(22848K) NonClass: 19864K(20096K)->19864K(20096K) Class: 2529K(2752K)->2529K(2752K)
[62.479s][info][gc          ] GC(182) Pause Young (System.gc()) 770M->770M(5888M) 0.499ms
[63.107s][info][gc,metaspace] GC(183) Metaspace: 22394K(22848K)->22394K(22848K) NonClass: 19864K(20096K)->19864K(20096K) Class: 2529K(2752K)->2529K(2752K)
[63.107s][info][gc          ] GC(183) Pause Full (System.gc()) 770M->770M(5888M) 627.366ms
[63.107s][info][gc,metaspace] GC(184) Metaspace: 22394K(22848K)->22394K(22848K) NonClass: 19864K(20096K)->19864K(20096K) Class: 2529K(2752K)->2529K(2752K)
[63.107s][info][gc          ] GC(184) Pause Young (System.gc()) 786M->770M(5888M) 0.480ms
[63.707s][info][gc,metaspace] GC(185) Metaspace: 22394K(22848K)->22394K(22848K) NonClass: 19864K(20096K)->19864K(20096K) Class: 2529K(2752K)->2529K(2752K)
[63.707s][info][gc          ] GC(185) Pause Full (System.gc()) 770M->770M(5888M) 599.614ms
[63.707s][info][gc,metaspace] GC(186) Metaspace: 22394K(22848K)->22394K(22848K) NonClass: 19864K(20096K)->19864K(20096K) Class: 2529K(2752K)->2529K(2752K)
[63.707s][info][gc          ] GC(186) Pause Young (System.gc()) 770M->770M(5888M) 0.464ms
[64.341s][info][gc,metaspace] GC(187) Metaspace: 22394K(22848K)->22394K(22848K) NonClass: 19864K(20096K)->19864K(20096K) Class: 2529K(2752K)->2529K(2752K)
[64.341s][info][gc          ] GC(187) Pause Full (System.gc()) 770M->770M(5888M) 633.904ms
[64.342s][info][gc,metaspace] GC(188) Metaspace: 22394K(22848K)->22394K(22848K) NonClass: 19864K(20096K)->19864K(20096K) Class: 2529K(2752K)->2529K(2752K)
[64.342s][info][gc          ] GC(188) Pause Young (System.gc()) 770M->770M(5888M) 0.483ms
[64.943s][info][gc,metaspace] GC(189) Metaspace: 22394K(22848K)->22394K(22848K) NonClass: 19864K(20096K)->19864K(20096K) Class: 2529K(2752K)->2529K(2752K)
[64.943s][info][gc          ] GC(189) Pause Full (System.gc()) 770M->770M(5888M) 600.932ms
[64.943s][info][gc,metaspace] GC(190) Metaspace: 22394K(22848K)->22394K(22848K) NonClass: 19864K(20096K)->19864K(20096K) Class: 2529K(2752K)->2529K(2752K)
[64.943s][info][gc          ] GC(190) Pause Young (System.gc()) 770M->770M(5888M) 0.487ms
[65.734s][info][gc,metaspace] GC(191) Metaspace: 22394K(22848K)->22394K(22848K) NonClass: 19864K(20096K)->19864K(20096K) Class: 2529K(2752K)->2529K(2752K)
[65.735s][info][gc          ] GC(191) Pause Full (System.gc()) 770M->770M(5888M) 790.995ms
[65.735s][info][gc,metaspace] GC(192) Metaspace: 22394K(22848K)->22394K(22848K) NonClass: 19864K(20096K)->19864K(20096K) Class: 2529K(2752K)->2529K(2752K)
[65.735s][info][gc          ] GC(192) Pause Young (System.gc()) 770M->770M(5888M) 0.504ms
[66.340s][info][gc,metaspace] GC(193) Metaspace: 22394K(22848K)->22394K(22848K) NonClass: 19864K(20096K)->19864K(20096K) Class: 2529K(2752K)->2529K(2752K)
[66.340s][info][gc          ] GC(193) Pause Full (System.gc()) 770M->770M(5888M) 604.700ms
[66.340s][info][gc,metaspace] GC(194) Metaspace: 22394K(22848K)->22394K(22848K) NonClass: 19864K(20096K)->19864K(20096K) Class: 2529K(2752K)->2529K(2752K)
[66.340s][info][gc          ] GC(194) Pause Young (System.gc()) 770M->770M(5888M) 0.527ms
[66.930s][info][gc,metaspace] GC(195) Metaspace: 22394K(22848K)->22394K(22848K) NonClass: 19864K(20096K)->19864K(20096K) Class: 2529K(2752K)->2529K(2752K)
[66.930s][info][gc          ] GC(195) Pause Full (System.gc()) 770M->770M(5888M) 589.091ms
[66.930s][info][gc,metaspace] GC(196) Metaspace: 22394K(22848K)->22394K(22848K) NonClass: 19864K(20096K)->19864K(20096K) Class: 2529K(2752K)->2529K(2752K)
[66.930s][info][gc          ] GC(196) Pause Young (System.gc()) 770M->770M(5888M) 0.457ms
[67.564s][info][gc,metaspace] GC(197) Metaspace: 22394K(22848K)->22394K(22848K) NonClass: 19864K(20096K)->19864K(20096K) Class: 2529K(2752K)->2529K(2752K)
[67.564s][info][gc          ] GC(197) Pause Full (System.gc()) 770M->770M(5888M) 633.464ms
[67.564s][info][gc,metaspace] GC(198) Metaspace: 22394K(22848K)->22394K(22848K) NonClass: 19864K(20096K)->19864K(20096K) Class: 2529K(2752K)->2529K(2752K)
[67.564s][info][gc          ] GC(198) Pause Young (System.gc()) 770M->770M(5888M) 0.485ms
[68.150s][info][gc,metaspace] GC(199) Metaspace: 22394K(22848K)->22394K(22848K) NonClass: 19864K(20096K)->19864K(20096K) Class: 2529K(2752K)->2529K(2752K)
[68.150s][info][gc          ] GC(199) Pause Full (System.gc()) 770M->770M(5888M) 585.375ms
[68.150s][info][gc,metaspace] GC(200) Metaspace: 22394K(22848K)->22394K(22848K) NonClass: 19864K(20096K)->19864K(20096K) Class: 2529K(2752K)->2529K(2752K)
[68.150s][info][gc          ] GC(200) Pause Young (System.gc()) 770M->770M(5888M) 0.582ms
[68.756s][info][gc,metaspace] GC(201) Metaspace: 22394K(22848K)->22394K(22848K) NonClass: 19864K(20096K)->19864K(20096K) Class: 2529K(2752K)->2529K(2752K)
[68.756s][info][gc          ] GC(201) Pause Full (System.gc()) 770M->770M(5888M) 605.229ms
After GCs... 
