Done; will start GCs... 
[4.497s][info][gc,metaspace] GC(1) Metaspace: 22039K(22400K)->22039K(22400K) NonClass: 18224K(18432K)->18224K(18432K) Class: 3814K(3968K)->3814K(3968K)
[4.497s][info][gc          ] GC(1) Pause Full (System.gc()) 873M->770M(5888M) 715.095ms
[4.889s][info][gc,metaspace] GC(2) Metaspace: 22039K(22400K)->22039K(22400K) NonClass: 18224K(18432K)->18224K(18432K) Class: 3814K(3968K)->3814K(3968K)
[4.889s][info][gc          ] GC(2) Pause Full (System.gc()) 770M->770M(5888M) 392.469ms
[5.284s][info][gc,metaspace] GC(3) Metaspace: 22039K(22400K)->22039K(22400K) NonClass: 18224K(18432K)->18224K(18432K) Class: 3814K(3968K)->3814K(3968K)
[5.284s][info][gc          ] GC(3) Pause Full (System.gc()) 770M->770M(5888M) 394.341ms
[5.711s][info][gc,metaspace] GC(4) Metaspace: 22039K(22400K)->22039K(22400K) NonClass: 18224K(18432K)->18224K(18432K) Class: 3814K(3968K)->3814K(3968K)
[5.711s][info][gc          ] GC(4) Pause Full (System.gc()) 770M->770M(5888M) 427.145ms
[6.112s][info][gc,metaspace] GC(5) Metaspace: 22039K(22400K)->22039K(22400K) NonClass: 18224K(18432K)->18224K(18432K) Class: 3814K(3968K)->3814K(3968K)
[6.112s][info][gc          ] GC(5) Pause Full (System.gc()) 770M->770M(5888M) 400.720ms
[6.503s][info][gc,metaspace] GC(6) Metaspace: 22039K(22400K)->22039K(22400K) NonClass: 18224K(18432K)->18224K(18432K) Class: 3814K(3968K)->3814K(3968K)
[6.503s][info][gc          ] GC(6) Pause Full (System.gc()) 770M->770M(5888M) 391.430ms
[6.909s][info][gc,metaspace] GC(7) Metaspace: 22039K(22400K)->22039K(22400K) NonClass: 18224K(18432K)->18224K(18432K) Class: 3814K(3968K)->3814K(3968K)
[6.909s][info][gc          ] GC(7) Pause Full (System.gc()) 770M->770M(5888M) 404.442ms
[7.299s][info][gc,metaspace] GC(8) Metaspace: 22039K(22400K)->22039K(22400K) NonClass: 18224K(18432K)->18224K(18432K) Class: 3814K(3968K)->3814K(3968K)
[7.299s][info][gc          ] GC(8) Pause Full (System.gc()) 770M->770M(5888M) 390.308ms
[7.727s][info][gc,metaspace] GC(9) Metaspace: 22039K(22400K)->22039K(22400K) NonClass: 18224K(18432K)->18224K(18432K) Class: 3814K(3968K)->3814K(3968K)
[7.727s][info][gc          ] GC(9) Pause Full (System.gc()) 770M->770M(5888M) 427.480ms
[8.129s][info][gc,metaspace] GC(10) Metaspace: 22039K(22400K)->22039K(22400K) NonClass: 18224K(18432K)->18224K(18432K) Class: 3814K(3968K)->3814K(3968K)
[8.129s][info][gc          ] GC(10) Pause Full (System.gc()) 770M->770M(5888M) 402.069ms
[8.530s][info][gc,metaspace] GC(11) Metaspace: 22039K(22400K)->22039K(22400K) NonClass: 18224K(18432K)->18224K(18432K) Class: 3814K(3968K)->3814K(3968K)
[8.530s][info][gc          ] GC(11) Pause Full (System.gc()) 770M->770M(5888M) 400.859ms
[8.930s][info][gc,metaspace] GC(12) Metaspace: 22039K(22400K)->22039K(22400K) NonClass: 18224K(18432K)->18224K(18432K) Class: 3814K(3968K)->3814K(3968K)
[8.930s][info][gc          ] GC(12) Pause Full (System.gc()) 770M->770M(5888M) 400.341ms
[9.330s][info][gc,metaspace] GC(13) Metaspace: 22039K(22400K)->22039K(22400K) NonClass: 18224K(18432K)->18224K(18432K) Class: 3814K(3968K)->3814K(3968K)
[9.330s][info][gc          ] GC(13) Pause Full (System.gc()) 770M->770M(5888M) 399.335ms
[9.768s][info][gc,metaspace] GC(14) Metaspace: 22039K(22400K)->22039K(22400K) NonClass: 18224K(18432K)->18224K(18432K) Class: 3814K(3968K)->3814K(3968K)
[9.768s][info][gc          ] GC(14) Pause Full (System.gc()) 770M->770M(5888M) 438.235ms
[10.174s][info][gc,metaspace] GC(15) Metaspace: 22039K(22400K)->22039K(22400K) NonClass: 18224K(18432K)->18224K(18432K) Class: 3814K(3968K)->3814K(3968K)
[10.174s][info][gc          ] GC(15) Pause Full (System.gc()) 770M->770M(5888M) 405.914ms
[10.563s][info][gc,metaspace] GC(16) Metaspace: 22039K(22400K)->22039K(22400K) NonClass: 18224K(18432K)->18224K(18432K) Class: 3814K(3968K)->3814K(3968K)
[10.563s][info][gc          ] GC(16) Pause Full (System.gc()) 770M->770M(5888M) 389.160ms
[10.958s][info][gc,metaspace] GC(17) Metaspace: 22039K(22400K)->22039K(22400K) NonClass: 18224K(18432K)->18224K(18432K) Class: 3814K(3968K)->3814K(3968K)
[10.958s][info][gc          ] GC(17) Pause Full (System.gc()) 770M->770M(5888M) 394.738ms
[11.352s][info][gc,metaspace] GC(18) Metaspace: 22039K(22400K)->22039K(22400K) NonClass: 18224K(18432K)->18224K(18432K) Class: 3814K(3968K)->3814K(3968K)
[11.352s][info][gc          ] GC(18) Pause Full (System.gc()) 770M->770M(5888M) 393.369ms
[11.780s][info][gc,metaspace] GC(19) Metaspace: 22039K(22400K)->22039K(22400K) NonClass: 18224K(18432K)->18224K(18432K) Class: 3814K(3968K)->3814K(3968K)
[11.780s][info][gc          ] GC(19) Pause Full (System.gc()) 770M->770M(5888M) 427.970ms
[12.174s][info][gc,metaspace] GC(20) Metaspace: 22039K(22400K)->22039K(22400K) NonClass: 18224K(18432K)->18224K(18432K) Class: 3814K(3968K)->3814K(3968K)
[12.174s][info][gc          ] GC(20) Pause Full (System.gc()) 770M->770M(5888M) 393.837ms
[12.576s][info][gc,metaspace] GC(21) Metaspace: 22039K(22400K)->22039K(22400K) NonClass: 18224K(18432K)->18224K(18432K) Class: 3814K(3968K)->3814K(3968K)
[12.576s][info][gc          ] GC(21) Pause Full (System.gc()) 770M->770M(5888M) 402.371ms
[12.975s][info][gc,metaspace] GC(22) Metaspace: 22039K(22400K)->22039K(22400K) NonClass: 18224K(18432K)->18224K(18432K) Class: 3814K(3968K)->3814K(3968K)
[12.975s][info][gc          ] GC(22) Pause Full (System.gc()) 770M->770M(5888M) 398.710ms
[13.391s][info][gc,metaspace] GC(23) Metaspace: 22039K(22400K)->22039K(22400K) NonClass: 18224K(18432K)->18224K(18432K) Class: 3814K(3968K)->3814K(3968K)
[13.392s][info][gc          ] GC(23) Pause Full (System.gc()) 770M->770M(5888M) 416.424ms
[13.796s][info][gc,metaspace] GC(24) Metaspace: 22039K(22400K)->22039K(22400K) NonClass: 18224K(18432K)->18224K(18432K) Class: 3814K(3968K)->3814K(3968K)
[13.796s][info][gc          ] GC(24) Pause Full (System.gc()) 770M->770M(5888M) 404.648ms
[14.195s][info][gc,metaspace] GC(25) Metaspace: 22039K(22400K)->22039K(22400K) NonClass: 18224K(18432K)->18224K(18432K) Class: 3814K(3968K)->3814K(3968K)
[14.195s][info][gc          ] GC(25) Pause Full (System.gc()) 770M->770M(5888M) 399.177ms
[14.592s][info][gc,metaspace] GC(26) Metaspace: 22039K(22400K)->22039K(22400K) NonClass: 18224K(18432K)->18224K(18432K) Class: 3814K(3968K)->3814K(3968K)
[14.592s][info][gc          ] GC(26) Pause Full (System.gc()) 770M->770M(5888M) 396.387ms
[15.025s][info][gc,metaspace] GC(27) Metaspace: 22039K(22400K)->22039K(22400K) NonClass: 18224K(18432K)->18224K(18432K) Class: 3814K(3968K)->3814K(3968K)
[15.025s][info][gc          ] GC(27) Pause Full (System.gc()) 770M->770M(5888M) 433.083ms
[15.420s][info][gc,metaspace] GC(28) Metaspace: 22039K(22400K)->22039K(22400K) NonClass: 18224K(18432K)->18224K(18432K) Class: 3814K(3968K)->3814K(3968K)
[15.420s][info][gc          ] GC(28) Pause Full (System.gc()) 770M->770M(5888M) 394.673ms
[15.817s][info][gc,metaspace] GC(29) Metaspace: 22039K(22400K)->22039K(22400K) NonClass: 18224K(18432K)->18224K(18432K) Class: 3814K(3968K)->3814K(3968K)
[15.817s][info][gc          ] GC(29) Pause Full (System.gc()) 770M->770M(5888M) 397.062ms
[16.207s][info][gc,metaspace] GC(30) Metaspace: 22039K(22400K)->22039K(22400K) NonClass: 18224K(18432K)->18224K(18432K) Class: 3814K(3968K)->3814K(3968K)
[16.207s][info][gc          ] GC(30) Pause Full (System.gc()) 770M->770M(5888M) 390.102ms
[16.601s][info][gc,metaspace] GC(31) Metaspace: 22039K(22400K)->22039K(22400K) NonClass: 18224K(18432K)->18224K(18432K) Class: 3814K(3968K)->3814K(3968K)
[16.601s][info][gc          ] GC(31) Pause Full (System.gc()) 770M->770M(5888M) 393.780ms
[17.014s][info][gc,metaspace] GC(32) Metaspace: 22039K(22400K)->22039K(22400K) NonClass: 18224K(18432K)->18224K(18432K) Class: 3814K(3968K)->3814K(3968K)
[17.014s][info][gc          ] GC(32) Pause Full (System.gc()) 770M->770M(5888M) 408.430ms
[17.402s][info][gc,metaspace] GC(33) Metaspace: 22039K(22400K)->22039K(22400K) NonClass: 18224K(18432K)->18224K(18432K) Class: 3814K(3968K)->3814K(3968K)
[17.402s][info][gc          ] GC(33) Pause Full (System.gc()) 770M->770M(5888M) 388.503ms
[17.894s][info][gc,metaspace] GC(34) Metaspace: 22039K(22400K)->22039K(22400K) NonClass: 18224K(18432K)->18224K(18432K) Class: 3814K(3968K)->3814K(3968K)
[17.894s][info][gc          ] GC(34) Pause Full (System.gc()) 770M->770M(5888M) 491.426ms
[18.294s][info][gc,metaspace] GC(35) Metaspace: 22039K(22400K)->22039K(22400K) NonClass: 18224K(18432K)->18224K(18432K) Class: 3814K(3968K)->3814K(3968K)
[18.294s][info][gc          ] GC(35) Pause Full (System.gc()) 770M->770M(5888M) 400.504ms
[18.694s][info][gc,metaspace] GC(36) Metaspace: 22039K(22400K)->22039K(22400K) NonClass: 18224K(18432K)->18224K(18432K) Class: 3814K(3968K)->3814K(3968K)
[18.694s][info][gc          ] GC(36) Pause Full (System.gc()) 770M->770M(5888M) 399.581ms
[19.084s][info][gc,metaspace] GC(37) Metaspace: 22039K(22400K)->22039K(22400K) NonClass: 18224K(18432K)->18224K(18432K) Class: 3814K(3968K)->3814K(3968K)
[19.084s][info][gc          ] GC(37) Pause Full (System.gc()) 770M->770M(5888M) 390.284ms
[19.476s][info][gc,metaspace] GC(38) Metaspace: 22039K(22400K)->22039K(22400K) NonClass: 18224K(18432K)->18224K(18432K) Class: 3814K(3968K)->3814K(3968K)
[19.476s][info][gc          ] GC(38) Pause Full (System.gc()) 770M->770M(5888M) 391.892ms
[19.934s][info][gc,metaspace] GC(39) Metaspace: 22039K(22400K)->22039K(22400K) NonClass: 18224K(18432K)->18224K(18432K) Class: 3814K(3968K)->3814K(3968K)
[19.934s][info][gc          ] GC(39) Pause Full (System.gc()) 770M->770M(5888M) 457.726ms
[20.341s][info][gc,metaspace] GC(40) Metaspace: 22039K(22400K)->22039K(22400K) NonClass: 18224K(18432K)->18224K(18432K) Class: 3814K(3968K)->3814K(3968K)
[20.341s][info][gc          ] GC(40) Pause Full (System.gc()) 770M->770M(5888M) 406.818ms
[20.764s][info][gc,metaspace] GC(41) Metaspace: 22039K(22400K)->22039K(22400K) NonClass: 18224K(18432K)->18224K(18432K) Class: 3814K(3968K)->3814K(3968K)
[20.764s][info][gc          ] GC(41) Pause Full (System.gc()) 770M->770M(5888M) 422.580ms
[21.168s][info][gc,metaspace] GC(42) Metaspace: 22039K(22400K)->22039K(22400K) NonClass: 18224K(18432K)->18224K(18432K) Class: 3814K(3968K)->3814K(3968K)
[21.168s][info][gc          ] GC(42) Pause Full (System.gc()) 770M->770M(5888M) 403.788ms
[21.558s][info][gc,metaspace] GC(43) Metaspace: 22039K(22400K)->22039K(22400K) NonClass: 18224K(18432K)->18224K(18432K) Class: 3814K(3968K)->3814K(3968K)
[21.558s][info][gc          ] GC(43) Pause Full (System.gc()) 770M->770M(5888M) 389.888ms
[21.955s][info][gc,metaspace] GC(44) Metaspace: 22039K(22400K)->22039K(22400K) NonClass: 18224K(18432K)->18224K(18432K) Class: 3814K(3968K)->3814K(3968K)
[21.955s][info][gc          ] GC(44) Pause Full (System.gc()) 770M->770M(5888M) 397.676ms
[22.361s][info][gc,metaspace] GC(45) Metaspace: 22039K(22400K)->22039K(22400K) NonClass: 18224K(18432K)->18224K(18432K) Class: 3814K(3968K)->3814K(3968K)
[22.361s][info][gc          ] GC(45) Pause Full (System.gc()) 770M->770M(5888M) 401.566ms
[22.793s][info][gc,metaspace] GC(46) Metaspace: 22039K(22400K)->22039K(22400K) NonClass: 18224K(18432K)->18224K(18432K) Class: 3814K(3968K)->3814K(3968K)
[22.794s][info][gc          ] GC(46) Pause Full (System.gc()) 770M->770M(5888M) 432.219ms
[23.194s][info][gc,metaspace] GC(47) Metaspace: 22039K(22400K)->22039K(22400K) NonClass: 18224K(18432K)->18224K(18432K) Class: 3814K(3968K)->3814K(3968K)
[23.194s][info][gc          ] GC(47) Pause Full (System.gc()) 770M->770M(5888M) 400.236ms
[23.584s][info][gc,metaspace] GC(48) Metaspace: 22039K(22400K)->22039K(22400K) NonClass: 18224K(18432K)->18224K(18432K) Class: 3814K(3968K)->3814K(3968K)
[23.584s][info][gc          ] GC(48) Pause Full (System.gc()) 770M->770M(5888M) 389.976ms
[23.988s][info][gc,metaspace] GC(49) Metaspace: 22039K(22400K)->22039K(22400K) NonClass: 18224K(18432K)->18224K(18432K) Class: 3814K(3968K)->3814K(3968K)
[23.988s][info][gc          ] GC(49) Pause Full (System.gc()) 770M->770M(5888M) 404.058ms
[24.383s][info][gc,metaspace] GC(50) Metaspace: 22039K(22400K)->22039K(22400K) NonClass: 18224K(18432K)->18224K(18432K) Class: 3814K(3968K)->3814K(3968K)
[24.383s][info][gc          ] GC(50) Pause Full (System.gc()) 770M->770M(5888M) 395.317ms
[24.869s][info][gc,metaspace] GC(51) Metaspace: 22039K(22400K)->22039K(22400K) NonClass: 18224K(18432K)->18224K(18432K) Class: 3814K(3968K)->3814K(3968K)
[24.869s][info][gc          ] GC(51) Pause Full (System.gc()) 770M->770M(5888M) 485.356ms
[25.271s][info][gc,metaspace] GC(52) Metaspace: 22039K(22400K)->22039K(22400K) NonClass: 18224K(18432K)->18224K(18432K) Class: 3814K(3968K)->3814K(3968K)
[25.271s][info][gc          ] GC(52) Pause Full (System.gc()) 770M->770M(5888M) 402.141ms
[25.710s][info][gc,metaspace] GC(53) Metaspace: 22039K(22400K)->22039K(22400K) NonClass: 18224K(18432K)->18224K(18432K) Class: 3814K(3968K)->3814K(3968K)
[25.710s][info][gc          ] GC(53) Pause Full (System.gc()) 770M->770M(5888M) 439.073ms
[26.128s][info][gc,metaspace] GC(54) Metaspace: 22039K(22400K)->22039K(22400K) NonClass: 18224K(18432K)->18224K(18432K) Class: 3814K(3968K)->3814K(3968K)
[26.128s][info][gc          ] GC(54) Pause Full (System.gc()) 770M->770M(5888M) 417.821ms
[26.516s][info][gc,metaspace] GC(55) Metaspace: 22039K(22400K)->22039K(22400K) NonClass: 18224K(18432K)->18224K(18432K) Class: 3814K(3968K)->3814K(3968K)
[26.516s][info][gc          ] GC(55) Pause Full (System.gc()) 770M->770M(5888M) 388.021ms
[26.935s][info][gc,metaspace] GC(56) Metaspace: 22039K(22400K)->22039K(22400K) NonClass: 18224K(18432K)->18224K(18432K) Class: 3814K(3968K)->3814K(3968K)
[26.935s][info][gc          ] GC(56) Pause Full (System.gc()) 770M->770M(5888M) 419.202ms
[27.330s][info][gc,metaspace] GC(57) Metaspace: 22039K(22400K)->22039K(22400K) NonClass: 18224K(18432K)->18224K(18432K) Class: 3814K(3968K)->3814K(3968K)
[27.330s][info][gc          ] GC(57) Pause Full (System.gc()) 770M->770M(5888M) 394.496ms
[27.761s][info][gc,metaspace] GC(58) Metaspace: 22039K(22400K)->22039K(22400K) NonClass: 18224K(18432K)->18224K(18432K) Class: 3814K(3968K)->3814K(3968K)
[27.761s][info][gc          ] GC(58) Pause Full (System.gc()) 770M->770M(5888M) 427.066ms
[28.169s][info][gc,metaspace] GC(59) Metaspace: 22039K(22400K)->22039K(22400K) NonClass: 18224K(18432K)->18224K(18432K) Class: 3814K(3968K)->3814K(3968K)
[28.169s][info][gc          ] GC(59) Pause Full (System.gc()) 770M->770M(5888M) 407.263ms
[28.564s][info][gc,metaspace] GC(60) Metaspace: 22039K(22400K)->22039K(22400K) NonClass: 18224K(18432K)->18224K(18432K) Class: 3814K(3968K)->3814K(3968K)
[28.564s][info][gc          ] GC(60) Pause Full (System.gc()) 770M->770M(5888M) 395.092ms
[28.969s][info][gc,metaspace] GC(61) Metaspace: 22039K(22400K)->22039K(22400K) NonClass: 18224K(18432K)->18224K(18432K) Class: 3814K(3968K)->3814K(3968K)
[28.969s][info][gc          ] GC(61) Pause Full (System.gc()) 770M->770M(5888M) 405.141ms
[29.363s][info][gc,metaspace] GC(62) Metaspace: 22039K(22400K)->22039K(22400K) NonClass: 18224K(18432K)->18224K(18432K) Class: 3814K(3968K)->3814K(3968K)
[29.363s][info][gc          ] GC(62) Pause Full (System.gc()) 770M->770M(5888M) 394.025ms
[29.793s][info][gc,metaspace] GC(63) Metaspace: 22039K(22400K)->22039K(22400K) NonClass: 18224K(18432K)->18224K(18432K) Class: 3814K(3968K)->3814K(3968K)
[29.793s][info][gc          ] GC(63) Pause Full (System.gc()) 770M->770M(5888M) 429.570ms
[30.187s][info][gc,metaspace] GC(64) Metaspace: 22039K(22400K)->22039K(22400K) NonClass: 18224K(18432K)->18224K(18432K) Class: 3814K(3968K)->3814K(3968K)
[30.187s][info][gc          ] GC(64) Pause Full (System.gc()) 770M->770M(5888M) 394.114ms
[30.580s][info][gc,metaspace] GC(65) Metaspace: 22039K(22400K)->22039K(22400K) NonClass: 18224K(18432K)->18224K(18432K) Class: 3814K(3968K)->3814K(3968K)
[30.580s][info][gc          ] GC(65) Pause Full (System.gc()) 770M->770M(5888M) 392.761ms
[31.012s][info][gc,metaspace] GC(66) Metaspace: 22039K(22400K)->22039K(22400K) NonClass: 18224K(18432K)->18224K(18432K) Class: 3814K(3968K)->3814K(3968K)
[31.012s][info][gc          ] GC(66) Pause Full (System.gc()) 770M->770M(5888M) 432.179ms
[31.403s][info][gc,metaspace] GC(67) Metaspace: 22039K(22400K)->22039K(22400K) NonClass: 18224K(18432K)->18224K(18432K) Class: 3814K(3968K)->3814K(3968K)
[31.403s][info][gc          ] GC(67) Pause Full (System.gc()) 770M->770M(5888M) 391.220ms
[31.883s][info][gc,metaspace] GC(68) Metaspace: 22039K(22400K)->22039K(22400K) NonClass: 18224K(18432K)->18224K(18432K) Class: 3814K(3968K)->3814K(3968K)
[31.883s][info][gc          ] GC(68) Pause Full (System.gc()) 770M->770M(5888M) 479.650ms
[32.368s][info][gc,metaspace] GC(69) Metaspace: 22039K(22400K)->22039K(22400K) NonClass: 18224K(18432K)->18224K(18432K) Class: 3814K(3968K)->3814K(3968K)
[32.368s][info][gc          ] GC(69) Pause Full (System.gc()) 770M->770M(5888M) 485.060ms
[32.789s][info][gc,metaspace] GC(70) Metaspace: 22039K(22400K)->22039K(22400K) NonClass: 18224K(18432K)->18224K(18432K) Class: 3814K(3968K)->3814K(3968K)
[32.789s][info][gc          ] GC(70) Pause Full (System.gc()) 770M->770M(5888M) 416.553ms
[33.183s][info][gc,metaspace] GC(71) Metaspace: 22039K(22400K)->22039K(22400K) NonClass: 18224K(18432K)->18224K(18432K) Class: 3814K(3968K)->3814K(3968K)
[33.183s][info][gc          ] GC(71) Pause Full (System.gc()) 770M->770M(5888M) 393.357ms
[33.574s][info][gc,metaspace] GC(72) Metaspace: 22039K(22400K)->22039K(22400K) NonClass: 18224K(18432K)->18224K(18432K) Class: 3814K(3968K)->3814K(3968K)
[33.574s][info][gc          ] GC(72) Pause Full (System.gc()) 770M->770M(5888M) 391.638ms
[33.995s][info][gc,metaspace] GC(73) Metaspace: 22039K(22400K)->22039K(22400K) NonClass: 18224K(18432K)->18224K(18432K) Class: 3814K(3968K)->3814K(3968K)
[33.995s][info][gc          ] GC(73) Pause Full (System.gc()) 770M->770M(5888M) 420.531ms
[34.403s][info][gc,metaspace] GC(74) Metaspace: 22039K(22400K)->22039K(22400K) NonClass: 18224K(18432K)->18224K(18432K) Class: 3814K(3968K)->3814K(3968K)
[34.403s][info][gc          ] GC(74) Pause Full (System.gc()) 770M->770M(5888M) 407.850ms
[34.809s][info][gc,metaspace] GC(75) Metaspace: 22039K(22400K)->22039K(22400K) NonClass: 18224K(18432K)->18224K(18432K) Class: 3814K(3968K)->3814K(3968K)
[34.809s][info][gc          ] GC(75) Pause Full (System.gc()) 770M->770M(5888M) 405.906ms
[35.195s][info][gc,metaspace] GC(76) Metaspace: 22039K(22400K)->22039K(22400K) NonClass: 18224K(18432K)->18224K(18432K) Class: 3814K(3968K)->3814K(3968K)
[35.195s][info][gc          ] GC(76) Pause Full (System.gc()) 770M->770M(5888M) 386.283ms
[35.597s][info][gc,metaspace] GC(77) Metaspace: 22039K(22400K)->22039K(22400K) NonClass: 18224K(18432K)->18224K(18432K) Class: 3814K(3968K)->3814K(3968K)
[35.597s][info][gc          ] GC(77) Pause Full (System.gc()) 770M->770M(5888M) 401.508ms
[36.006s][info][gc,metaspace] GC(78) Metaspace: 22039K(22400K)->22039K(22400K) NonClass: 18224K(18432K)->18224K(18432K) Class: 3814K(3968K)->3814K(3968K)
[36.006s][info][gc          ] GC(78) Pause Full (System.gc()) 770M->770M(5888M) 408.744ms
[36.402s][info][gc,metaspace] GC(79) Metaspace: 22039K(22400K)->22039K(22400K) NonClass: 18224K(18432K)->18224K(18432K) Class: 3814K(3968K)->3814K(3968K)
[36.403s][info][gc          ] GC(79) Pause Full (System.gc()) 770M->770M(5888M) 396.783ms
[36.864s][info][gc,metaspace] GC(80) Metaspace: 22039K(22400K)->22039K(22400K) NonClass: 18224K(18432K)->18224K(18432K) Class: 3814K(3968K)->3814K(3968K)
[36.864s][info][gc          ] GC(80) Pause Full (System.gc()) 770M->770M(5888M) 461.709ms
[37.265s][info][gc,metaspace] GC(81) Metaspace: 22039K(22400K)->22039K(22400K) NonClass: 18224K(18432K)->18224K(18432K) Class: 3814K(3968K)->3814K(3968K)
[37.265s][info][gc          ] GC(81) Pause Full (System.gc()) 770M->770M(5888M) 401.038ms
[37.654s][info][gc,metaspace] GC(82) Metaspace: 22039K(22400K)->22039K(22400K) NonClass: 18224K(18432K)->18224K(18432K) Class: 3814K(3968K)->3814K(3968K)
[37.654s][info][gc          ] GC(82) Pause Full (System.gc()) 770M->770M(5888M) 388.922ms
[38.053s][info][gc,metaspace] GC(83) Metaspace: 22039K(22400K)->22039K(22400K) NonClass: 18224K(18432K)->18224K(18432K) Class: 3814K(3968K)->3814K(3968K)
[38.053s][info][gc          ] GC(83) Pause Full (System.gc()) 770M->770M(5888M) 398.710ms
[38.458s][info][gc,metaspace] GC(84) Metaspace: 22039K(22400K)->22039K(22400K) NonClass: 18224K(18432K)->18224K(18432K) Class: 3814K(3968K)->3814K(3968K)
[38.458s][info][gc          ] GC(84) Pause Full (System.gc()) 770M->770M(5888M) 404.430ms
[38.866s][info][gc,metaspace] GC(85) Metaspace: 22039K(22400K)->22039K(22400K) NonClass: 18224K(18432K)->18224K(18432K) Class: 3814K(3968K)->3814K(3968K)
[38.866s][info][gc          ] GC(85) Pause Full (System.gc()) 770M->770M(5888M) 408.588ms
[39.263s][info][gc,metaspace] GC(86) Metaspace: 22039K(22400K)->22039K(22400K) NonClass: 18224K(18432K)->18224K(18432K) Class: 3814K(3968K)->3814K(3968K)
[39.263s][info][gc          ] GC(86) Pause Full (System.gc()) 770M->770M(5888M) 396.891ms
[39.698s][info][gc,metaspace] GC(87) Metaspace: 22039K(22400K)->22039K(22400K) NonClass: 18224K(18432K)->18224K(18432K) Class: 3814K(3968K)->3814K(3968K)
[39.698s][info][gc          ] GC(87) Pause Full (System.gc()) 770M->770M(5888M) 434.725ms
[40.097s][info][gc,metaspace] GC(88) Metaspace: 22039K(22400K)->22039K(22400K) NonClass: 18224K(18432K)->18224K(18432K) Class: 3814K(3968K)->3814K(3968K)
[40.097s][info][gc          ] GC(88) Pause Full (System.gc()) 770M->770M(5888M) 399.105ms
[40.485s][info][gc,metaspace] GC(89) Metaspace: 22039K(22400K)->22039K(22400K) NonClass: 18224K(18432K)->18224K(18432K) Class: 3814K(3968K)->3814K(3968K)
[40.485s][info][gc          ] GC(89) Pause Full (System.gc()) 770M->770M(5888M) 387.240ms
[40.910s][info][gc,metaspace] GC(90) Metaspace: 22039K(22400K)->22039K(22400K) NonClass: 18224K(18432K)->18224K(18432K) Class: 3814K(3968K)->3814K(3968K)
[40.910s][info][gc          ] GC(90) Pause Full (System.gc()) 770M->770M(5888M) 425.639ms
[41.308s][info][gc,metaspace] GC(91) Metaspace: 22039K(22400K)->22039K(22400K) NonClass: 18224K(18432K)->18224K(18432K) Class: 3814K(3968K)->3814K(3968K)
[41.308s][info][gc          ] GC(91) Pause Full (System.gc()) 770M->770M(5888M) 397.149ms
[41.740s][info][gc,metaspace] GC(92) Metaspace: 22039K(22400K)->22039K(22400K) NonClass: 18224K(18432K)->18224K(18432K) Class: 3814K(3968K)->3814K(3968K)
[41.740s][info][gc          ] GC(92) Pause Full (System.gc()) 770M->770M(5888M) 432.243ms
[42.133s][info][gc,metaspace] GC(93) Metaspace: 22039K(22400K)->22039K(22400K) NonClass: 18224K(18432K)->18224K(18432K) Class: 3814K(3968K)->3814K(3968K)
[42.133s][info][gc          ] GC(93) Pause Full (System.gc()) 770M->770M(5888M) 393.451ms
[42.533s][info][gc,metaspace] GC(94) Metaspace: 22039K(22400K)->22039K(22400K) NonClass: 18224K(18432K)->18224K(18432K) Class: 3814K(3968K)->3814K(3968K)
[42.533s][info][gc          ] GC(94) Pause Full (System.gc()) 770M->770M(5888M) 399.263ms
[42.934s][info][gc,metaspace] GC(95) Metaspace: 22039K(22400K)->22039K(22400K) NonClass: 18224K(18432K)->18224K(18432K) Class: 3814K(3968K)->3814K(3968K)
[42.934s][info][gc          ] GC(95) Pause Full (System.gc()) 770M->770M(5888M) 401.396ms
[43.336s][info][gc,metaspace] GC(96) Metaspace: 22039K(22400K)->22039K(22400K) NonClass: 18224K(18432K)->18224K(18432K) Class: 3814K(3968K)->3814K(3968K)
[43.336s][info][gc          ] GC(96) Pause Full (System.gc()) 770M->770M(5888M) 397.003ms
[43.769s][info][gc,metaspace] GC(97) Metaspace: 22039K(22400K)->22039K(22400K) NonClass: 18224K(18432K)->18224K(18432K) Class: 3814K(3968K)->3814K(3968K)
[43.769s][info][gc          ] GC(97) Pause Full (System.gc()) 770M->770M(5888M) 433.353ms
[44.159s][info][gc,metaspace] GC(98) Metaspace: 22039K(22400K)->22039K(22400K) NonClass: 18224K(18432K)->18224K(18432K) Class: 3814K(3968K)->3814K(3968K)
[44.159s][info][gc          ] GC(98) Pause Full (System.gc()) 770M->770M(5888M) 389.600ms
[44.581s][info][gc,metaspace] GC(99) Metaspace: 22039K(22400K)->22039K(22400K) NonClass: 18224K(18432K)->18224K(18432K) Class: 3814K(3968K)->3814K(3968K)
[44.581s][info][gc          ] GC(99) Pause Full (System.gc()) 770M->770M(5888M) 421.904ms
[44.982s][info][gc,metaspace] GC(100) Metaspace: 22039K(22400K)->22039K(22400K) NonClass: 18224K(18432K)->18224K(18432K) Class: 3814K(3968K)->3814K(3968K)
[44.982s][info][gc          ] GC(100) Pause Full (System.gc()) 770M->770M(5888M) 401.515ms
After GCs... 
