Done; will start GCs... 
[15.798s][info][gc,metaspace] GC(3) Metaspace: 28411K(29568K)->28411K(29568K) NonClass: 23129K(23680K)->23129K(23680K) Class: 5282K(5888K)->5282K(5888K)
[15.798s][info][gc          ] GC(3) Pause Full (System.gc()) 834M->772M(5939M) 4532.445ms
[19.463s][info][gc,metaspace] GC(4) Metaspace: 28411K(29568K)->28411K(29568K) NonClass: 23129K(23680K)->23129K(23680K) Class: 5282K(5888K)->5282K(5888K)
[19.463s][info][gc          ] GC(4) Pause Full (System.gc()) 772M->772M(5939M) 3665.169ms
[23.541s][info][gc,metaspace] GC(5) Metaspace: 28411K(29568K)->28411K(29568K) NonClass: 23129K(23680K)->23129K(23680K) Class: 5282K(5888K)->5282K(5888K)
[23.541s][info][gc          ] GC(5) Pause Full (System.gc()) 772M->772M(5939M) 4077.656ms
[26.561s][info][gc,metaspace] GC(6) Metaspace: 28411K(29568K)->28411K(29568K) NonClass: 23129K(23680K)->23129K(23680K) Class: 5282K(5888K)->5282K(5888K)
[26.561s][info][gc          ] GC(6) Pause Full (System.gc()) 772M->772M(5939M) 3019.446ms
[29.591s][info][gc,metaspace] GC(7) Metaspace: 28411K(29568K)->28411K(29568K) NonClass: 23129K(23680K)->23129K(23680K) Class: 5282K(5888K)->5282K(5888K)
[29.591s][info][gc          ] GC(7) Pause Full (System.gc()) 772M->772M(5939M) 3030.121ms
[32.619s][info][gc,metaspace] GC(8) Metaspace: 28411K(29568K)->28411K(29568K) NonClass: 23129K(23680K)->23129K(23680K) Class: 5282K(5888K)->5282K(5888K)
[32.619s][info][gc          ] GC(8) Pause Full (System.gc()) 772M->772M(5939M) 3028.242ms
[35.650s][info][gc,metaspace] GC(9) Metaspace: 28412K(29568K)->28412K(29568K) NonClass: 23130K(23680K)->23130K(23680K) Class: 5282K(5888K)->5282K(5888K)
[35.650s][info][gc          ] GC(9) Pause Full (System.gc()) 772M->772M(5939M) 3029.871ms
[38.727s][info][gc,metaspace] GC(10) Metaspace: 28412K(29568K)->28412K(29568K) NonClass: 23130K(23680K)->23130K(23680K) Class: 5282K(5888K)->5282K(5888K)
[38.727s][info][gc          ] GC(10) Pause Full (System.gc()) 772M->772M(5939M) 3077.128ms
[41.757s][info][gc,metaspace] GC(11) Metaspace: 28412K(29568K)->28412K(29568K) NonClass: 23130K(23680K)->23130K(23680K) Class: 5282K(5888K)->5282K(5888K)
[41.757s][info][gc          ] GC(11) Pause Full (System.gc()) 772M->772M(5939M) 3030.284ms
[44.792s][info][gc,metaspace] GC(12) Metaspace: 28412K(29568K)->28412K(29568K) NonClass: 23130K(23680K)->23130K(23680K) Class: 5282K(5888K)->5282K(5888K)
[44.792s][info][gc          ] GC(12) Pause Full (System.gc()) 772M->772M(5939M) 3034.685ms
[47.822s][info][gc,metaspace] GC(13) Metaspace: 28412K(29568K)->28412K(29568K) NonClass: 23130K(23680K)->23130K(23680K) Class: 5282K(5888K)->5282K(5888K)
[47.822s][info][gc          ] GC(13) Pause Full (System.gc()) 772M->772M(5939M) 3029.326ms
[50.836s][info][gc,metaspace] GC(14) Metaspace: 28412K(29568K)->28412K(29568K) NonClass: 23130K(23680K)->23130K(23680K) Class: 5282K(5888K)->5282K(5888K)
[50.836s][info][gc          ] GC(14) Pause Full (System.gc()) 772M->772M(5939M) 3014.066ms
[53.850s][info][gc,metaspace] GC(15) Metaspace: 28412K(29568K)->28412K(29568K) NonClass: 23130K(23680K)->23130K(23680K) Class: 5282K(5888K)->5282K(5888K)
[53.850s][info][gc          ] GC(15) Pause Full (System.gc()) 772M->772M(5939M) 3014.231ms
[56.865s][info][gc,metaspace] GC(16) Metaspace: 28412K(29568K)->28412K(29568K) NonClass: 23130K(23680K)->23130K(23680K) Class: 5282K(5888K)->5282K(5888K)
[56.865s][info][gc          ] GC(16) Pause Full (System.gc()) 772M->772M(5939M) 3014.520ms
[59.878s][info][gc,metaspace] GC(17) Metaspace: 28412K(29568K)->28412K(29568K) NonClass: 23130K(23680K)->23130K(23680K) Class: 5282K(5888K)->5282K(5888K)
[59.878s][info][gc          ] GC(17) Pause Full (System.gc()) 772M->772M(5939M) 3012.240ms
[62.891s][info][gc,metaspace] GC(18) Metaspace: 28412K(29568K)->28412K(29568K) NonClass: 23130K(23680K)->23130K(23680K) Class: 5282K(5888K)->5282K(5888K)
[62.891s][info][gc          ] GC(18) Pause Full (System.gc()) 772M->772M(5939M) 3013.794ms
[65.905s][info][gc,metaspace] GC(19) Metaspace: 28412K(29568K)->28412K(29568K) NonClass: 23130K(23680K)->23130K(23680K) Class: 5282K(5888K)->5282K(5888K)
[65.905s][info][gc          ] GC(19) Pause Full (System.gc()) 772M->772M(5939M) 3013.267ms
[68.925s][info][gc,metaspace] GC(20) Metaspace: 28412K(29568K)->28412K(29568K) NonClass: 23130K(23680K)->23130K(23680K) Class: 5282K(5888K)->5282K(5888K)
[68.925s][info][gc          ] GC(20) Pause Full (System.gc()) 783M->772M(5939M) 3019.917ms
[72.995s][info][gc,metaspace] GC(21) Metaspace: 28412K(29568K)->28412K(29568K) NonClass: 23130K(23680K)->23130K(23680K) Class: 5282K(5888K)->5282K(5888K)
[72.995s][info][gc          ] GC(21) Pause Full (System.gc()) 772M->772M(5939M) 4069.536ms
[76.012s][info][gc,metaspace] GC(22) Metaspace: 28412K(29568K)->28412K(29568K) NonClass: 23130K(23680K)->23130K(23680K) Class: 5282K(5888K)->5282K(5888K)
[76.012s][info][gc          ] GC(22) Pause Full (System.gc()) 772M->772M(5939M) 3017.429ms
[79.024s][info][gc,metaspace] GC(23) Metaspace: 28412K(29568K)->28412K(29568K) NonClass: 23130K(23680K)->23130K(23680K) Class: 5282K(5888K)->5282K(5888K)
[79.024s][info][gc          ] GC(23) Pause Full (System.gc()) 772M->772M(5939M) 3011.683ms
[82.045s][info][gc,metaspace] GC(24) Metaspace: 28412K(29568K)->28412K(29568K) NonClass: 23130K(23680K)->23130K(23680K) Class: 5282K(5888K)->5282K(5888K)
[82.045s][info][gc          ] GC(24) Pause Full (System.gc()) 772M->772M(5939M) 3021.207ms
[85.058s][info][gc,metaspace] GC(25) Metaspace: 28412K(29568K)->28412K(29568K) NonClass: 23130K(23680K)->23130K(23680K) Class: 5282K(5888K)->5282K(5888K)
[85.058s][info][gc          ] GC(25) Pause Full (System.gc()) 772M->772M(5939M) 3012.865ms
[88.070s][info][gc,metaspace] GC(26) Metaspace: 28412K(29568K)->28412K(29568K) NonClass: 23130K(23680K)->23130K(23680K) Class: 5282K(5888K)->5282K(5888K)
[88.070s][info][gc          ] GC(26) Pause Full (System.gc()) 772M->772M(5939M) 3011.216ms
[91.113s][info][gc,metaspace] GC(27) Metaspace: 28412K(29568K)->28412K(29568K) NonClass: 23130K(23680K)->23130K(23680K) Class: 5282K(5888K)->5282K(5888K)
[91.113s][info][gc          ] GC(27) Pause Full (System.gc()) 772M->772M(5939M) 3043.674ms
[94.168s][info][gc,metaspace] GC(28) Metaspace: 28412K(29568K)->28412K(29568K) NonClass: 23130K(23680K)->23130K(23680K) Class: 5282K(5888K)->5282K(5888K)
[94.168s][info][gc          ] GC(28) Pause Full (System.gc()) 772M->772M(5939M) 3054.641ms
[97.211s][info][gc,metaspace] GC(29) Metaspace: 28412K(29568K)->28412K(29568K) NonClass: 23130K(23680K)->23130K(23680K) Class: 5282K(5888K)->5282K(5888K)
[97.211s][info][gc          ] GC(29) Pause Full (System.gc()) 772M->772M(5939M) 3042.751ms
[100.273s][info][gc,metaspace] GC(30) Metaspace: 28412K(29568K)->28412K(29568K) NonClass: 23130K(23680K)->23130K(23680K) Class: 5282K(5888K)->5282K(5888K)
[100.273s][info][gc          ] GC(30) Pause Full (System.gc()) 772M->772M(5939M) 3062.131ms
[103.330s][info][gc,metaspace] GC(31) Metaspace: 28412K(29568K)->28412K(29568K) NonClass: 23130K(23680K)->23130K(23680K) Class: 5282K(5888K)->5282K(5888K)
[103.330s][info][gc          ] GC(31) Pause Full (System.gc()) 772M->772M(5939M) 3056.850ms
[106.441s][info][gc,metaspace] GC(32) Metaspace: 28412K(29568K)->28412K(29568K) NonClass: 23130K(23680K)->23130K(23680K) Class: 5282K(5888K)->5282K(5888K)
[106.441s][info][gc          ] GC(32) Pause Full (System.gc()) 772M->772M(5939M) 3110.691ms
[109.497s][info][gc,metaspace] GC(33) Metaspace: 28412K(29568K)->28412K(29568K) NonClass: 23130K(23680K)->23130K(23680K) Class: 5282K(5888K)->5282K(5888K)
[109.497s][info][gc          ] GC(33) Pause Full (System.gc()) 772M->772M(5939M) 3056.074ms
[112.510s][info][gc,metaspace] GC(34) Metaspace: 28412K(29568K)->28412K(29568K) NonClass: 23130K(23680K)->23130K(23680K) Class: 5282K(5888K)->5282K(5888K)
[112.510s][info][gc          ] GC(34) Pause Full (System.gc()) 772M->772M(5939M) 3012.331ms
[115.625s][info][gc,metaspace] GC(35) Metaspace: 28412K(29568K)->28412K(29568K) NonClass: 23130K(23680K)->23130K(23680K) Class: 5282K(5888K)->5282K(5888K)
[115.625s][info][gc          ] GC(35) Pause Full (System.gc()) 772M->772M(5939M) 3110.642ms
[118.639s][info][gc,metaspace] GC(36) Metaspace: 28412K(29568K)->28412K(29568K) NonClass: 23130K(23680K)->23130K(23680K) Class: 5282K(5888K)->5282K(5888K)
[118.639s][info][gc          ] GC(36) Pause Full (System.gc()) 772M->772M(5939M) 3014.622ms
[121.658s][info][gc,metaspace] GC(37) Metaspace: 28412K(29568K)->28412K(29568K) NonClass: 23130K(23680K)->23130K(23680K) Class: 5282K(5888K)->5282K(5888K)
[121.658s][info][gc          ] GC(37) Pause Full (System.gc()) 772M->772M(5939M) 3018.428ms
[124.677s][info][gc,metaspace] GC(38) Metaspace: 28412K(29568K)->28412K(29568K) NonClass: 23130K(23680K)->23130K(23680K) Class: 5282K(5888K)->5282K(5888K)
[124.677s][info][gc          ] GC(38) Pause Full (System.gc()) 772M->772M(5939M) 3019.308ms
[127.689s][info][gc,metaspace] GC(39) Metaspace: 28412K(29568K)->28412K(29568K) NonClass: 23130K(23680K)->23130K(23680K) Class: 5282K(5888K)->5282K(5888K)
[127.689s][info][gc          ] GC(39) Pause Full (System.gc()) 772M->772M(5939M) 3011.426ms
[130.702s][info][gc,metaspace] GC(40) Metaspace: 28412K(29568K)->28412K(29568K) NonClass: 23130K(23680K)->23130K(23680K) Class: 5282K(5888K)->5282K(5888K)
[130.702s][info][gc          ] GC(40) Pause Full (System.gc()) 783M->772M(5939M) 3012.493ms
[133.758s][info][gc,metaspace] GC(41) Metaspace: 28412K(29568K)->28412K(29568K) NonClass: 23130K(23680K)->23130K(23680K) Class: 5282K(5888K)->5282K(5888K)
[133.759s][info][gc          ] GC(41) Pause Full (System.gc()) 772M->772M(5939M) 3056.732ms
[136.813s][info][gc,metaspace] GC(42) Metaspace: 28412K(29568K)->28412K(29568K) NonClass: 23130K(23680K)->23130K(23680K) Class: 5282K(5888K)->5282K(5888K)
[136.813s][info][gc          ] GC(42) Pause Full (System.gc()) 772M->772M(5939M) 3054.634ms
[139.866s][info][gc,metaspace] GC(43) Metaspace: 28412K(29568K)->28412K(29568K) NonClass: 23130K(23680K)->23130K(23680K) Class: 5282K(5888K)->5282K(5888K)
[139.866s][info][gc          ] GC(43) Pause Full (System.gc()) 772M->772M(5939M) 3052.730ms
[142.919s][info][gc,metaspace] GC(44) Metaspace: 28412K(29568K)->28412K(29568K) NonClass: 23130K(23680K)->23130K(23680K) Class: 5282K(5888K)->5282K(5888K)
[142.919s][info][gc          ] GC(44) Pause Full (System.gc()) 772M->772M(5939M) 3053.181ms
[145.972s][info][gc,metaspace] GC(45) Metaspace: 28412K(29568K)->28412K(29568K) NonClass: 23130K(23680K)->23130K(23680K) Class: 5282K(5888K)->5282K(5888K)
[145.972s][info][gc          ] GC(45) Pause Full (System.gc()) 772M->772M(5939M) 3052.887ms
[148.986s][info][gc,metaspace] GC(46) Metaspace: 28412K(29568K)->28412K(29568K) NonClass: 23130K(23680K)->23130K(23680K) Class: 5282K(5888K)->5282K(5888K)
[148.986s][info][gc          ] GC(46) Pause Full (System.gc()) 772M->772M(5939M) 3013.417ms
[152.020s][info][gc,metaspace] GC(47) Metaspace: 28412K(29568K)->28412K(29568K) NonClass: 23130K(23680K)->23130K(23680K) Class: 5282K(5888K)->5282K(5888K)
[152.020s][info][gc          ] GC(47) Pause Full (System.gc()) 772M->772M(5939M) 3033.691ms
[155.035s][info][gc,metaspace] GC(48) Metaspace: 28412K(29568K)->28412K(29568K) NonClass: 23130K(23680K)->23130K(23680K) Class: 5282K(5888K)->5282K(5888K)
[155.035s][info][gc          ] GC(48) Pause Full (System.gc()) 772M->772M(5939M) 3015.043ms
[158.049s][info][gc,metaspace] GC(49) Metaspace: 28412K(29568K)->28412K(29568K) NonClass: 23130K(23680K)->23130K(23680K) Class: 5282K(5888K)->5282K(5888K)
[158.049s][info][gc          ] GC(49) Pause Full (System.gc()) 772M->772M(5939M) 3014.423ms
[161.094s][info][gc,metaspace] GC(50) Metaspace: 28412K(29568K)->28412K(29568K) NonClass: 23130K(23680K)->23130K(23680K) Class: 5282K(5888K)->5282K(5888K)
[161.094s][info][gc          ] GC(50) Pause Full (System.gc()) 772M->772M(5939M) 3044.132ms
[164.110s][info][gc,metaspace] GC(51) Metaspace: 28412K(29568K)->28412K(29568K) NonClass: 23130K(23680K)->23130K(23680K) Class: 5282K(5888K)->5282K(5888K)
[164.111s][info][gc          ] GC(51) Pause Full (System.gc()) 772M->772M(5939M) 3016.816ms
[167.132s][info][gc,metaspace] GC(52) Metaspace: 28412K(29568K)->28412K(29568K) NonClass: 23130K(23680K)->23130K(23680K) Class: 5282K(5888K)->5282K(5888K)
[167.132s][info][gc          ] GC(52) Pause Full (System.gc()) 772M->772M(5939M) 3021.237ms
[170.149s][info][gc,metaspace] GC(53) Metaspace: 28412K(29568K)->28412K(29568K) NonClass: 23130K(23680K)->23130K(23680K) Class: 5282K(5888K)->5282K(5888K)
[170.149s][info][gc          ] GC(53) Pause Full (System.gc()) 772M->772M(5939M) 3017.161ms
[173.172s][info][gc,metaspace] GC(54) Metaspace: 28412K(29568K)->28412K(29568K) NonClass: 23130K(23680K)->23130K(23680K) Class: 5282K(5888K)->5282K(5888K)
[173.172s][info][gc          ] GC(54) Pause Full (System.gc()) 772M->772M(5939M) 3022.307ms
[176.191s][info][gc,metaspace] GC(55) Metaspace: 28412K(29568K)->28412K(29568K) NonClass: 23130K(23680K)->23130K(23680K) Class: 5282K(5888K)->5282K(5888K)
[176.191s][info][gc          ] GC(55) Pause Full (System.gc()) 772M->772M(5939M) 3019.704ms
[179.215s][info][gc,metaspace] GC(56) Metaspace: 28412K(29568K)->28412K(29568K) NonClass: 23130K(23680K)->23130K(23680K) Class: 5282K(5888K)->5282K(5888K)
[179.215s][info][gc          ] GC(56) Pause Full (System.gc()) 772M->772M(5939M) 3023.918ms
[182.240s][info][gc,metaspace] GC(57) Metaspace: 28412K(29568K)->28412K(29568K) NonClass: 23130K(23680K)->23130K(23680K) Class: 5282K(5888K)->5282K(5888K)
[182.240s][info][gc          ] GC(57) Pause Full (System.gc()) 772M->772M(5939M) 3024.787ms
[185.266s][info][gc,metaspace] GC(58) Metaspace: 28412K(29568K)->28412K(29568K) NonClass: 23130K(23680K)->23130K(23680K) Class: 5282K(5888K)->5282K(5888K)
[185.266s][info][gc          ] GC(58) Pause Full (System.gc()) 772M->772M(5939M) 3025.950ms
[188.294s][info][gc,metaspace] GC(59) Metaspace: 28412K(29568K)->28412K(29568K) NonClass: 23130K(23680K)->23130K(23680K) Class: 5282K(5888K)->5282K(5888K)
[188.294s][info][gc          ] GC(59) Pause Full (System.gc()) 772M->772M(5939M) 3027.249ms
[191.320s][info][gc,metaspace] GC(60) Metaspace: 28412K(29568K)->28412K(29568K) NonClass: 23130K(23680K)->23130K(23680K) Class: 5282K(5888K)->5282K(5888K)
[191.321s][info][gc          ] GC(60) Pause Full (System.gc()) 783M->772M(5939M) 3026.460ms
[194.396s][info][gc,metaspace] GC(61) Metaspace: 28412K(29568K)->28412K(29568K) NonClass: 23130K(23680K)->23130K(23680K) Class: 5282K(5888K)->5282K(5888K)
[194.396s][info][gc          ] GC(61) Pause Full (System.gc()) 772M->772M(5939M) 3074.972ms
[197.670s][info][gc,metaspace] GC(62) Metaspace: 28412K(29568K)->28412K(29568K) NonClass: 23130K(23680K)->23130K(23680K) Class: 5282K(5888K)->5282K(5888K)
[197.670s][info][gc          ] GC(62) Pause Full (System.gc()) 772M->772M(5939M) 3274.308ms
[200.698s][info][gc,metaspace] GC(63) Metaspace: 28412K(29568K)->28412K(29568K) NonClass: 23130K(23680K)->23130K(23680K) Class: 5282K(5888K)->5282K(5888K)
[200.698s][info][gc          ] GC(63) Pause Full (System.gc()) 772M->772M(5939M) 3028.087ms
[203.726s][info][gc,metaspace] GC(64) Metaspace: 28412K(29568K)->28412K(29568K) NonClass: 23130K(23680K)->23130K(23680K) Class: 5282K(5888K)->5282K(5888K)
[203.726s][info][gc          ] GC(64) Pause Full (System.gc()) 772M->772M(5939M) 3027.256ms
[206.753s][info][gc,metaspace] GC(65) Metaspace: 28412K(29568K)->28412K(29568K) NonClass: 23130K(23680K)->23130K(23680K) Class: 5282K(5888K)->5282K(5888K)
[206.753s][info][gc          ] GC(65) Pause Full (System.gc()) 772M->772M(5939M) 3027.179ms
[209.775s][info][gc,metaspace] GC(66) Metaspace: 28412K(29568K)->28412K(29568K) NonClass: 23130K(23680K)->23130K(23680K) Class: 5282K(5888K)->5282K(5888K)
[209.775s][info][gc          ] GC(66) Pause Full (System.gc()) 772M->772M(5939M) 3022.492ms
[212.803s][info][gc,metaspace] GC(67) Metaspace: 28412K(29568K)->28412K(29568K) NonClass: 23130K(23680K)->23130K(23680K) Class: 5282K(5888K)->5282K(5888K)
[212.803s][info][gc          ] GC(67) Pause Full (System.gc()) 772M->772M(5939M) 3027.750ms
[215.831s][info][gc,metaspace] GC(68) Metaspace: 28412K(29568K)->28412K(29568K) NonClass: 23130K(23680K)->23130K(23680K) Class: 5282K(5888K)->5282K(5888K)
[215.831s][info][gc          ] GC(68) Pause Full (System.gc()) 772M->772M(5939M) 3027.880ms
[218.918s][info][gc,metaspace] GC(69) Metaspace: 28412K(29568K)->28412K(29568K) NonClass: 23130K(23680K)->23130K(23680K) Class: 5282K(5888K)->5282K(5888K)
[218.918s][info][gc          ] GC(69) Pause Full (System.gc()) 772M->772M(5939M) 3086.672ms
[221.958s][info][gc,metaspace] GC(70) Metaspace: 28412K(29568K)->28412K(29568K) NonClass: 23130K(23680K)->23130K(23680K) Class: 5282K(5888K)->5282K(5888K)
[221.958s][info][gc          ] GC(70) Pause Full (System.gc()) 772M->772M(5939M) 3039.683ms
[225.029s][info][gc,metaspace] GC(71) Metaspace: 28412K(29568K)->28412K(29568K) NonClass: 23130K(23680K)->23130K(23680K) Class: 5282K(5888K)->5282K(5888K)
[225.029s][info][gc          ] GC(71) Pause Full (System.gc()) 772M->772M(5939M) 3070.870ms
[228.040s][info][gc,metaspace] GC(72) Metaspace: 28412K(29568K)->28412K(29568K) NonClass: 23130K(23680K)->23130K(23680K) Class: 5282K(5888K)->5282K(5888K)
[228.040s][info][gc          ] GC(72) Pause Full (System.gc()) 772M->772M(5939M) 3011.503ms
[231.112s][info][gc,metaspace] GC(73) Metaspace: 28412K(29568K)->28412K(29568K) NonClass: 23130K(23680K)->23130K(23680K) Class: 5282K(5888K)->5282K(5888K)
[231.112s][info][gc          ] GC(73) Pause Full (System.gc()) 772M->772M(5939M) 3071.580ms
[234.124s][info][gc,metaspace] GC(74) Metaspace: 28412K(29568K)->28412K(29568K) NonClass: 23130K(23680K)->23130K(23680K) Class: 5282K(5888K)->5282K(5888K)
[234.124s][info][gc          ] GC(74) Pause Full (System.gc()) 772M->772M(5939M) 3012.208ms
[237.135s][info][gc,metaspace] GC(75) Metaspace: 28412K(29568K)->28412K(29568K) NonClass: 23130K(23680K)->23130K(23680K) Class: 5282K(5888K)->5282K(5888K)
[237.135s][info][gc          ] GC(75) Pause Full (System.gc()) 772M->772M(5939M) 3010.150ms
[240.152s][info][gc,metaspace] GC(76) Metaspace: 28412K(29568K)->28412K(29568K) NonClass: 23130K(23680K)->23130K(23680K) Class: 5282K(5888K)->5282K(5888K)
[240.152s][info][gc          ] GC(76) Pause Full (System.gc()) 772M->772M(5939M) 3017.169ms
[243.168s][info][gc,metaspace] GC(77) Metaspace: 28412K(29568K)->28412K(29568K) NonClass: 23130K(23680K)->23130K(23680K) Class: 5282K(5888K)->5282K(5888K)
[243.168s][info][gc          ] GC(77) Pause Full (System.gc()) 772M->772M(5939M) 3015.890ms
[246.187s][info][gc,metaspace] GC(78) Metaspace: 28412K(29568K)->28412K(29568K) NonClass: 23130K(23680K)->23130K(23680K) Class: 5282K(5888K)->5282K(5888K)
[246.187s][info][gc          ] GC(78) Pause Full (System.gc()) 772M->772M(5939M) 3018.949ms
[249.198s][info][gc,metaspace] GC(79) Metaspace: 28412K(29568K)->28412K(29568K) NonClass: 23130K(23680K)->23130K(23680K) Class: 5282K(5888K)->5282K(5888K)
[249.198s][info][gc          ] GC(79) Pause Full (System.gc()) 772M->772M(5939M) 3010.840ms
[252.221s][info][gc,metaspace] GC(80) Metaspace: 28412K(29568K)->28412K(29568K) NonClass: 23130K(23680K)->23130K(23680K) Class: 5282K(5888K)->5282K(5888K)
[252.221s][info][gc          ] GC(80) Pause Full (System.gc()) 783M->772M(5939M) 3022.855ms
[255.233s][info][gc,metaspace] GC(81) Metaspace: 28412K(29568K)->28412K(29568K) NonClass: 23130K(23680K)->23130K(23680K) Class: 5282K(5888K)->5282K(5888K)
[255.233s][info][gc          ] GC(81) Pause Full (System.gc()) 772M->772M(5939M) 3011.601ms
[258.245s][info][gc,metaspace] GC(82) Metaspace: 28412K(29568K)->28412K(29568K) NonClass: 23130K(23680K)->23130K(23680K) Class: 5282K(5888K)->5282K(5888K)
[258.245s][info][gc          ] GC(82) Pause Full (System.gc()) 772M->772M(5939M) 3012.166ms
[261.257s][info][gc,metaspace] GC(83) Metaspace: 28412K(29568K)->28412K(29568K) NonClass: 23130K(23680K)->23130K(23680K) Class: 5282K(5888K)->5282K(5888K)
[261.257s][info][gc          ] GC(83) Pause Full (System.gc()) 772M->772M(5939M) 3011.421ms
[264.269s][info][gc,metaspace] GC(84) Metaspace: 28412K(29568K)->28412K(29568K) NonClass: 23130K(23680K)->23130K(23680K) Class: 5282K(5888K)->5282K(5888K)
[264.269s][info][gc          ] GC(84) Pause Full (System.gc()) 772M->772M(5939M) 3012.523ms
[267.280s][info][gc,metaspace] GC(85) Metaspace: 28412K(29568K)->28412K(29568K) NonClass: 23130K(23680K)->23130K(23680K) Class: 5282K(5888K)->5282K(5888K)
[267.280s][info][gc          ] GC(85) Pause Full (System.gc()) 772M->772M(5939M) 3010.480ms
[270.291s][info][gc,metaspace] GC(86) Metaspace: 28412K(29568K)->28412K(29568K) NonClass: 23130K(23680K)->23130K(23680K) Class: 5282K(5888K)->5282K(5888K)
[270.291s][info][gc          ] GC(86) Pause Full (System.gc()) 772M->772M(5939M) 3011.273ms
[273.309s][info][gc,metaspace] GC(87) Metaspace: 28412K(29568K)->28412K(29568K) NonClass: 23130K(23680K)->23130K(23680K) Class: 5282K(5888K)->5282K(5888K)
[273.309s][info][gc          ] GC(87) Pause Full (System.gc()) 772M->772M(5939M) 3017.677ms
[276.326s][info][gc,metaspace] GC(88) Metaspace: 28412K(29568K)->28412K(29568K) NonClass: 23130K(23680K)->23130K(23680K) Class: 5282K(5888K)->5282K(5888K)
[276.326s][info][gc          ] GC(88) Pause Full (System.gc()) 772M->772M(5939M) 3016.847ms
[279.397s][info][gc,metaspace] GC(89) Metaspace: 28412K(29568K)->28412K(29568K) NonClass: 23130K(23680K)->23130K(23680K) Class: 5282K(5888K)->5282K(5888K)
[279.397s][info][gc          ] GC(89) Pause Full (System.gc()) 772M->772M(5939M) 3071.117ms
[282.654s][info][gc,metaspace] GC(90) Metaspace: 28412K(29568K)->28412K(29568K) NonClass: 23130K(23680K)->23130K(23680K) Class: 5282K(5888K)->5282K(5888K)
[282.654s][info][gc          ] GC(90) Pause Full (System.gc()) 772M->772M(5939M) 3256.666ms
[285.671s][info][gc,metaspace] GC(91) Metaspace: 28412K(29568K)->28412K(29568K) NonClass: 23130K(23680K)->23130K(23680K) Class: 5282K(5888K)->5282K(5888K)
[285.671s][info][gc          ] GC(91) Pause Full (System.gc()) 772M->772M(5939M) 3016.865ms
[288.689s][info][gc,metaspace] GC(92) Metaspace: 28412K(29568K)->28412K(29568K) NonClass: 23130K(23680K)->23130K(23680K) Class: 5282K(5888K)->5282K(5888K)
[288.689s][info][gc          ] GC(92) Pause Full (System.gc()) 772M->772M(5939M) 3017.706ms
[291.711s][info][gc,metaspace] GC(93) Metaspace: 28412K(29568K)->28412K(29568K) NonClass: 23130K(23680K)->23130K(23680K) Class: 5282K(5888K)->5282K(5888K)
[291.711s][info][gc          ] GC(93) Pause Full (System.gc()) 772M->772M(5939M) 3022.349ms
[294.723s][info][gc,metaspace] GC(94) Metaspace: 28412K(29568K)->28412K(29568K) NonClass: 23130K(23680K)->23130K(23680K) Class: 5282K(5888K)->5282K(5888K)
[294.723s][info][gc          ] GC(94) Pause Full (System.gc()) 772M->772M(5939M) 3011.882ms
[297.734s][info][gc,metaspace] GC(95) Metaspace: 28412K(29568K)->28412K(29568K) NonClass: 23130K(23680K)->23130K(23680K) Class: 5282K(5888K)->5282K(5888K)
[297.734s][info][gc          ] GC(95) Pause Full (System.gc()) 772M->772M(5939M) 3010.524ms
[300.750s][info][gc,metaspace] GC(96) Metaspace: 28412K(29568K)->28412K(29568K) NonClass: 23130K(23680K)->23130K(23680K) Class: 5282K(5888K)->5282K(5888K)
[300.751s][info][gc          ] GC(96) Pause Full (System.gc()) 772M->772M(5939M) 3016.443ms
[303.770s][info][gc,metaspace] GC(97) Metaspace: 28412K(29568K)->28412K(29568K) NonClass: 23130K(23680K)->23130K(23680K) Class: 5282K(5888K)->5282K(5888K)
[303.770s][info][gc          ] GC(97) Pause Full (System.gc()) 772M->772M(5939M) 3019.283ms
[306.781s][info][gc,metaspace] GC(98) Metaspace: 28412K(29568K)->28412K(29568K) NonClass: 23130K(23680K)->23130K(23680K) Class: 5282K(5888K)->5282K(5888K)
[306.781s][info][gc          ] GC(98) Pause Full (System.gc()) 772M->772M(5939M) 3010.664ms
[309.794s][info][gc,metaspace] GC(99) Metaspace: 28412K(29568K)->28412K(29568K) NonClass: 23130K(23680K)->23130K(23680K) Class: 5282K(5888K)->5282K(5888K)
[309.794s][info][gc          ] GC(99) Pause Full (System.gc()) 772M->772M(5939M) 3012.838ms
[312.806s][info][gc,metaspace] GC(100) Metaspace: 28412K(29568K)->28412K(29568K) NonClass: 23130K(23680K)->23130K(23680K) Class: 5282K(5888K)->5282K(5888K)
[312.806s][info][gc          ] GC(100) Pause Full (System.gc()) 783M->772M(5939M) 3011.990ms
[315.819s][info][gc,metaspace] GC(101) Metaspace: 28412K(29568K)->28412K(29568K) NonClass: 23130K(23680K)->23130K(23680K) Class: 5282K(5888K)->5282K(5888K)
[315.819s][info][gc          ] GC(101) Pause Full (System.gc()) 772M->772M(5939M) 3013.225ms
[318.831s][info][gc,metaspace] GC(102) Metaspace: 28412K(29568K)->28412K(29568K) NonClass: 23130K(23680K)->23130K(23680K) Class: 5282K(5888K)->5282K(5888K)
[318.831s][info][gc          ] GC(102) Pause Full (System.gc()) 772M->772M(5939M) 3011.255ms
After GCs... 
