Done; will start GCs... 
[15.404s][info][gc,metaspace] GC(3) Metaspace: 28579K(29888K)->28579K(29888K) NonClass: 25004K(25600K)->25004K(25600K) Class: 3574K(4288K)->3574K(4288K)
[15.404s][info][gc          ] GC(3) Pause Full (System.gc()) 836M->772M(5939M) 3349.275ms
[17.535s][info][gc,metaspace] GC(4) Metaspace: 28579K(29888K)->28579K(29888K) NonClass: 25004K(25600K)->25004K(25600K) Class: 3574K(4288K)->3574K(4288K)
[17.535s][info][gc          ] GC(4) Pause Full (System.gc()) 772M->772M(5939M) 2130.445ms
[20.273s][info][gc,metaspace] GC(5) Metaspace: 28579K(29888K)->28579K(29888K) NonClass: 25004K(25600K)->25004K(25600K) Class: 3574K(4288K)->3574K(4288K)
[20.273s][info][gc          ] GC(5) Pause Full (System.gc()) 772M->772M(5939M) 2737.775ms
[22.354s][info][gc,metaspace] GC(6) Metaspace: 28579K(29888K)->28579K(29888K) NonClass: 25004K(25600K)->25004K(25600K) Class: 3574K(4288K)->3574K(4288K)
[22.354s][info][gc          ] GC(6) Pause Full (System.gc()) 772M->772M(5939M) 2081.222ms
[24.431s][info][gc,metaspace] GC(7) Metaspace: 28579K(29888K)->28579K(29888K) NonClass: 25004K(25600K)->25004K(25600K) Class: 3574K(4288K)->3574K(4288K)
[24.431s][info][gc          ] GC(7) Pause Full (System.gc()) 772M->772M(5939M) 2076.719ms
[26.560s][info][gc,metaspace] GC(8) Metaspace: 28579K(29888K)->28579K(29888K) NonClass: 25004K(25600K)->25004K(25600K) Class: 3574K(4288K)->3574K(4288K)
[26.560s][info][gc          ] GC(8) Pause Full (System.gc()) 772M->772M(5939M) 2128.306ms
[28.635s][info][gc,metaspace] GC(9) Metaspace: 28579K(29888K)->28579K(29888K) NonClass: 25004K(25600K)->25004K(25600K) Class: 3574K(4288K)->3574K(4288K)
[28.635s][info][gc          ] GC(9) Pause Full (System.gc()) 772M->772M(5939M) 2075.101ms
[30.718s][info][gc,metaspace] GC(10) Metaspace: 28579K(29888K)->28579K(29888K) NonClass: 25004K(25600K)->25004K(25600K) Class: 3574K(4288K)->3574K(4288K)
[30.718s][info][gc          ] GC(10) Pause Full (System.gc()) 772M->772M(5939M) 2082.709ms
[32.795s][info][gc,metaspace] GC(11) Metaspace: 28579K(29888K)->28579K(29888K) NonClass: 25004K(25600K)->25004K(25600K) Class: 3574K(4288K)->3574K(4288K)
[32.795s][info][gc          ] GC(11) Pause Full (System.gc()) 772M->772M(5939M) 2077.076ms
[34.875s][info][gc,metaspace] GC(12) Metaspace: 28579K(29888K)->28579K(29888K) NonClass: 25004K(25600K)->25004K(25600K) Class: 3574K(4288K)->3574K(4288K)
[34.875s][info][gc          ] GC(12) Pause Full (System.gc()) 772M->772M(5939M) 2080.075ms
[36.954s][info][gc,metaspace] GC(13) Metaspace: 28579K(29888K)->28579K(29888K) NonClass: 25004K(25600K)->25004K(25600K) Class: 3574K(4288K)->3574K(4288K)
[36.955s][info][gc          ] GC(13) Pause Full (System.gc()) 772M->772M(5939M) 2078.846ms
[39.030s][info][gc,metaspace] GC(14) Metaspace: 28579K(29888K)->28579K(29888K) NonClass: 25004K(25600K)->25004K(25600K) Class: 3574K(4288K)->3574K(4288K)
[39.030s][info][gc          ] GC(14) Pause Full (System.gc()) 772M->772M(5939M) 2075.632ms
[41.111s][info][gc,metaspace] GC(15) Metaspace: 28579K(29888K)->28579K(29888K) NonClass: 25004K(25600K)->25004K(25600K) Class: 3574K(4288K)->3574K(4288K)
[41.111s][info][gc          ] GC(15) Pause Full (System.gc()) 772M->772M(5939M) 2080.371ms
[43.189s][info][gc,metaspace] GC(16) Metaspace: 28579K(29888K)->28579K(29888K) NonClass: 25004K(25600K)->25004K(25600K) Class: 3574K(4288K)->3574K(4288K)
[43.189s][info][gc          ] GC(16) Pause Full (System.gc()) 772M->772M(5939M) 2077.993ms
[45.267s][info][gc,metaspace] GC(17) Metaspace: 28579K(29888K)->28579K(29888K) NonClass: 25004K(25600K)->25004K(25600K) Class: 3574K(4288K)->3574K(4288K)
[45.267s][info][gc          ] GC(17) Pause Full (System.gc()) 772M->772M(5939M) 2078.467ms
[47.349s][info][gc,metaspace] GC(18) Metaspace: 28579K(29888K)->28579K(29888K) NonClass: 25004K(25600K)->25004K(25600K) Class: 3574K(4288K)->3574K(4288K)
[47.349s][info][gc          ] GC(18) Pause Full (System.gc()) 772M->772M(5939M) 2081.237ms
[49.425s][info][gc,metaspace] GC(19) Metaspace: 28579K(29888K)->28579K(29888K) NonClass: 25004K(25600K)->25004K(25600K) Class: 3574K(4288K)->3574K(4288K)
[49.425s][info][gc          ] GC(19) Pause Full (System.gc()) 772M->772M(5939M) 2076.540ms
[51.555s][info][gc,metaspace] GC(20) Metaspace: 28579K(29888K)->28579K(29888K) NonClass: 25004K(25600K)->25004K(25600K) Class: 3574K(4288K)->3574K(4288K)
[51.555s][info][gc          ] GC(20) Pause Full (System.gc()) 772M->772M(5939M) 2129.625ms
[53.635s][info][gc,metaspace] GC(21) Metaspace: 28579K(29888K)->28579K(29888K) NonClass: 25004K(25600K)->25004K(25600K) Class: 3574K(4288K)->3574K(4288K)
[53.635s][info][gc          ] GC(21) Pause Full (System.gc()) 772M->772M(5939M) 2079.472ms
[55.712s][info][gc,metaspace] GC(22) Metaspace: 28579K(29888K)->28579K(29888K) NonClass: 25004K(25600K)->25004K(25600K) Class: 3574K(4288K)->3574K(4288K)
[55.712s][info][gc          ] GC(22) Pause Full (System.gc()) 772M->772M(5939M) 2077.152ms
[57.793s][info][gc,metaspace] GC(23) Metaspace: 28579K(29888K)->28579K(29888K) NonClass: 25004K(25600K)->25004K(25600K) Class: 3574K(4288K)->3574K(4288K)
[57.793s][info][gc          ] GC(23) Pause Full (System.gc()) 772M->772M(5939M) 2080.651ms
[59.869s][info][gc,metaspace] GC(24) Metaspace: 28579K(29888K)->28579K(29888K) NonClass: 25004K(25600K)->25004K(25600K) Class: 3574K(4288K)->3574K(4288K)
[59.869s][info][gc          ] GC(24) Pause Full (System.gc()) 772M->772M(5939M) 2076.431ms
[61.947s][info][gc,metaspace] GC(25) Metaspace: 28579K(29888K)->28579K(29888K) NonClass: 25004K(25600K)->25004K(25600K) Class: 3574K(4288K)->3574K(4288K)
[61.947s][info][gc          ] GC(25) Pause Full (System.gc()) 772M->772M(5939M) 2077.477ms
[64.027s][info][gc,metaspace] GC(26) Metaspace: 28579K(29888K)->28579K(29888K) NonClass: 25004K(25600K)->25004K(25600K) Class: 3574K(4288K)->3574K(4288K)
[64.027s][info][gc          ] GC(26) Pause Full (System.gc()) 772M->772M(5939M) 2079.482ms
[66.102s][info][gc,metaspace] GC(27) Metaspace: 28579K(29888K)->28579K(29888K) NonClass: 25004K(25600K)->25004K(25600K) Class: 3574K(4288K)->3574K(4288K)
[66.102s][info][gc          ] GC(27) Pause Full (System.gc()) 772M->772M(5939M) 2075.629ms
[68.181s][info][gc,metaspace] GC(28) Metaspace: 28579K(29888K)->28579K(29888K) NonClass: 25004K(25600K)->25004K(25600K) Class: 3574K(4288K)->3574K(4288K)
[68.181s][info][gc          ] GC(28) Pause Full (System.gc()) 783M->772M(5939M) 2078.776ms
[70.978s][info][gc,metaspace] GC(29) Metaspace: 28579K(29888K)->28579K(29888K) NonClass: 25004K(25600K)->25004K(25600K) Class: 3574K(4288K)->3574K(4288K)
[70.978s][info][gc          ] GC(29) Pause Full (System.gc()) 772M->772M(5939M) 2796.547ms
[73.055s][info][gc,metaspace] GC(30) Metaspace: 28579K(29888K)->28579K(29888K) NonClass: 25004K(25600K)->25004K(25600K) Class: 3574K(4288K)->3574K(4288K)
[73.055s][info][gc          ] GC(30) Pause Full (System.gc()) 772M->772M(5939M) 2077.444ms
[75.132s][info][gc,metaspace] GC(31) Metaspace: 28579K(29888K)->28579K(29888K) NonClass: 25004K(25600K)->25004K(25600K) Class: 3574K(4288K)->3574K(4288K)
[75.132s][info][gc          ] GC(31) Pause Full (System.gc()) 772M->772M(5939M) 2076.461ms
[77.213s][info][gc,metaspace] GC(32) Metaspace: 28579K(29888K)->28579K(29888K) NonClass: 25004K(25600K)->25004K(25600K) Class: 3574K(4288K)->3574K(4288K)
[77.213s][info][gc          ] GC(32) Pause Full (System.gc()) 772M->772M(5939M) 2080.923ms
[79.290s][info][gc,metaspace] GC(33) Metaspace: 28579K(29888K)->28579K(29888K) NonClass: 25004K(25600K)->25004K(25600K) Class: 3574K(4288K)->3574K(4288K)
[79.290s][info][gc          ] GC(33) Pause Full (System.gc()) 772M->772M(5939M) 2076.360ms
[81.366s][info][gc,metaspace] GC(34) Metaspace: 28579K(29888K)->28579K(29888K) NonClass: 25004K(25600K)->25004K(25600K) Class: 3574K(4288K)->3574K(4288K)
[81.366s][info][gc          ] GC(34) Pause Full (System.gc()) 772M->772M(5939M) 2076.745ms
[83.442s][info][gc,metaspace] GC(35) Metaspace: 28579K(29888K)->28579K(29888K) NonClass: 25004K(25600K)->25004K(25600K) Class: 3574K(4288K)->3574K(4288K)
[83.442s][info][gc          ] GC(35) Pause Full (System.gc()) 772M->772M(5939M) 2075.049ms
[85.569s][info][gc,metaspace] GC(36) Metaspace: 28579K(29888K)->28579K(29888K) NonClass: 25004K(25600K)->25004K(25600K) Class: 3574K(4288K)->3574K(4288K)
[85.569s][info][gc          ] GC(36) Pause Full (System.gc()) 772M->772M(5939M) 2127.466ms
[87.651s][info][gc,metaspace] GC(37) Metaspace: 28579K(29888K)->28579K(29888K) NonClass: 25004K(25600K)->25004K(25600K) Class: 3574K(4288K)->3574K(4288K)
[87.651s][info][gc          ] GC(37) Pause Full (System.gc()) 772M->772M(5939M) 2081.791ms
[89.727s][info][gc,metaspace] GC(38) Metaspace: 28579K(29888K)->28579K(29888K) NonClass: 25004K(25600K)->25004K(25600K) Class: 3574K(4288K)->3574K(4288K)
[89.728s][info][gc          ] GC(38) Pause Full (System.gc()) 772M->772M(5939M) 2076.266ms
[91.804s][info][gc,metaspace] GC(39) Metaspace: 28579K(29888K)->28579K(29888K) NonClass: 25004K(25600K)->25004K(25600K) Class: 3574K(4288K)->3574K(4288K)
[91.805s][info][gc          ] GC(39) Pause Full (System.gc()) 772M->772M(5939M) 2076.953ms
[93.875s][info][gc,metaspace] GC(40) Metaspace: 28579K(29888K)->28579K(29888K) NonClass: 25004K(25600K)->25004K(25600K) Class: 3574K(4288K)->3574K(4288K)
[93.876s][info][gc          ] GC(40) Pause Full (System.gc()) 772M->772M(5939M) 2070.807ms
[95.952s][info][gc,metaspace] GC(41) Metaspace: 28579K(29888K)->28579K(29888K) NonClass: 25004K(25600K)->25004K(25600K) Class: 3574K(4288K)->3574K(4288K)
[95.952s][info][gc          ] GC(41) Pause Full (System.gc()) 772M->772M(5939M) 2076.331ms
[98.034s][info][gc,metaspace] GC(42) Metaspace: 28579K(29888K)->28579K(29888K) NonClass: 25004K(25600K)->25004K(25600K) Class: 3574K(4288K)->3574K(4288K)
[98.034s][info][gc          ] GC(42) Pause Full (System.gc()) 772M->772M(5939M) 2081.741ms
[100.110s][info][gc,metaspace] GC(43) Metaspace: 28579K(29888K)->28579K(29888K) NonClass: 25004K(25600K)->25004K(25600K) Class: 3574K(4288K)->3574K(4288K)
[100.110s][info][gc          ] GC(43) Pause Full (System.gc()) 772M->772M(5939M) 2076.349ms
[102.187s][info][gc,metaspace] GC(44) Metaspace: 28579K(29888K)->28579K(29888K) NonClass: 25004K(25600K)->25004K(25600K) Class: 3574K(4288K)->3574K(4288K)
[102.187s][info][gc          ] GC(44) Pause Full (System.gc()) 772M->772M(5939M) 2076.952ms
[104.268s][info][gc,metaspace] GC(45) Metaspace: 28579K(29888K)->28579K(29888K) NonClass: 25004K(25600K)->25004K(25600K) Class: 3574K(4288K)->3574K(4288K)
[104.268s][info][gc          ] GC(45) Pause Full (System.gc()) 772M->772M(5939M) 2080.522ms
[106.344s][info][gc,metaspace] GC(46) Metaspace: 28579K(29888K)->28579K(29888K) NonClass: 25004K(25600K)->25004K(25600K) Class: 3574K(4288K)->3574K(4288K)
[106.344s][info][gc          ] GC(46) Pause Full (System.gc()) 772M->772M(5939M) 2076.356ms
[108.420s][info][gc,metaspace] GC(47) Metaspace: 28579K(29888K)->28579K(29888K) NonClass: 25004K(25600K)->25004K(25600K) Class: 3574K(4288K)->3574K(4288K)
[108.420s][info][gc          ] GC(47) Pause Full (System.gc()) 772M->772M(5939M) 2075.507ms
[110.552s][info][gc,metaspace] GC(48) Metaspace: 28579K(29888K)->28579K(29888K) NonClass: 25004K(25600K)->25004K(25600K) Class: 3574K(4288K)->3574K(4288K)
[110.553s][info][gc          ] GC(48) Pause Full (System.gc()) 772M->772M(5939M) 2132.342ms
[112.629s][info][gc,metaspace] GC(49) Metaspace: 28579K(29888K)->28579K(29888K) NonClass: 25004K(25600K)->25004K(25600K) Class: 3574K(4288K)->3574K(4288K)
[112.629s][info][gc          ] GC(49) Pause Full (System.gc()) 772M->772M(5939M) 2076.520ms
[114.705s][info][gc,metaspace] GC(50) Metaspace: 28579K(29888K)->28579K(29888K) NonClass: 25004K(25600K)->25004K(25600K) Class: 3574K(4288K)->3574K(4288K)
[114.705s][info][gc          ] GC(50) Pause Full (System.gc()) 772M->772M(5939M) 2076.278ms
[116.787s][info][gc,metaspace] GC(51) Metaspace: 28579K(29888K)->28579K(29888K) NonClass: 25004K(25600K)->25004K(25600K) Class: 3574K(4288K)->3574K(4288K)
[116.787s][info][gc          ] GC(51) Pause Full (System.gc()) 772M->772M(5939M) 2081.300ms
[118.862s][info][gc,metaspace] GC(52) Metaspace: 28579K(29888K)->28579K(29888K) NonClass: 25004K(25600K)->25004K(25600K) Class: 3574K(4288K)->3574K(4288K)
[118.862s][info][gc          ] GC(52) Pause Full (System.gc()) 772M->772M(5939M) 2075.126ms
[120.943s][info][gc,metaspace] GC(53) Metaspace: 28579K(29888K)->28579K(29888K) NonClass: 25004K(25600K)->25004K(25600K) Class: 3574K(4288K)->3574K(4288K)
[120.943s][info][gc          ] GC(53) Pause Full (System.gc()) 772M->772M(5939M) 2081.202ms
[123.020s][info][gc,metaspace] GC(54) Metaspace: 28579K(29888K)->28579K(29888K) NonClass: 25004K(25600K)->25004K(25600K) Class: 3574K(4288K)->3574K(4288K)
[123.020s][info][gc          ] GC(54) Pause Full (System.gc()) 772M->772M(5939M) 2076.532ms
[125.097s][info][gc,metaspace] GC(55) Metaspace: 28579K(29888K)->28579K(29888K) NonClass: 25004K(25600K)->25004K(25600K) Class: 3574K(4288K)->3574K(4288K)
[125.097s][info][gc          ] GC(55) Pause Full (System.gc()) 772M->772M(5939M) 2076.616ms
[127.178s][info][gc,metaspace] GC(56) Metaspace: 28579K(29888K)->28579K(29888K) NonClass: 25004K(25600K)->25004K(25600K) Class: 3574K(4288K)->3574K(4288K)
[127.178s][info][gc          ] GC(56) Pause Full (System.gc()) 772M->772M(5939M) 2081.462ms
[129.255s][info][gc,metaspace] GC(57) Metaspace: 28579K(29888K)->28579K(29888K) NonClass: 25004K(25600K)->25004K(25600K) Class: 3574K(4288K)->3574K(4288K)
[129.255s][info][gc          ] GC(57) Pause Full (System.gc()) 783M->772M(5939M) 2076.619ms
[131.336s][info][gc,metaspace] GC(58) Metaspace: 28579K(29888K)->28579K(29888K) NonClass: 25004K(25600K)->25004K(25600K) Class: 3574K(4288K)->3574K(4288K)
[131.336s][info][gc          ] GC(58) Pause Full (System.gc()) 772M->772M(5939M) 2080.955ms
[133.412s][info][gc,metaspace] GC(59) Metaspace: 28579K(29888K)->28579K(29888K) NonClass: 25004K(25600K)->25004K(25600K) Class: 3574K(4288K)->3574K(4288K)
[133.413s][info][gc          ] GC(59) Pause Full (System.gc()) 772M->772M(5939M) 2076.156ms
[135.540s][info][gc,metaspace] GC(60) Metaspace: 28579K(29888K)->28579K(29888K) NonClass: 25004K(25600K)->25004K(25600K) Class: 3574K(4288K)->3574K(4288K)
[135.540s][info][gc          ] GC(60) Pause Full (System.gc()) 772M->772M(5939M) 2127.247ms
[137.617s][info][gc,metaspace] GC(61) Metaspace: 28579K(29888K)->28579K(29888K) NonClass: 25004K(25600K)->25004K(25600K) Class: 3574K(4288K)->3574K(4288K)
[137.617s][info][gc          ] GC(61) Pause Full (System.gc()) 772M->772M(5939M) 2076.982ms
[139.699s][info][gc,metaspace] GC(62) Metaspace: 28579K(29888K)->28579K(29888K) NonClass: 25004K(25600K)->25004K(25600K) Class: 3574K(4288K)->3574K(4288K)
[139.699s][info][gc          ] GC(62) Pause Full (System.gc()) 772M->772M(5939M) 2082.240ms
[141.775s][info][gc,metaspace] GC(63) Metaspace: 28579K(29888K)->28579K(29888K) NonClass: 25004K(25600K)->25004K(25600K) Class: 3574K(4288K)->3574K(4288K)
[141.775s][info][gc          ] GC(63) Pause Full (System.gc()) 772M->772M(5939M) 2075.307ms
[143.855s][info][gc,metaspace] GC(64) Metaspace: 28579K(29888K)->28579K(29888K) NonClass: 25004K(25600K)->25004K(25600K) Class: 3574K(4288K)->3574K(4288K)
[143.855s][info][gc          ] GC(64) Pause Full (System.gc()) 772M->772M(5939M) 2080.398ms
[145.931s][info][gc,metaspace] GC(65) Metaspace: 28579K(29888K)->28579K(29888K) NonClass: 25004K(25600K)->25004K(25600K) Class: 3574K(4288K)->3574K(4288K)
[145.932s][info][gc          ] GC(65) Pause Full (System.gc()) 772M->772M(5939M) 2076.213ms
[148.008s][info][gc,metaspace] GC(66) Metaspace: 28579K(29888K)->28579K(29888K) NonClass: 25004K(25600K)->25004K(25600K) Class: 3574K(4288K)->3574K(4288K)
[148.008s][info][gc          ] GC(66) Pause Full (System.gc()) 772M->772M(5939M) 2076.535ms
[150.087s][info][gc,metaspace] GC(67) Metaspace: 28579K(29888K)->28579K(29888K) NonClass: 25004K(25600K)->25004K(25600K) Class: 3574K(4288K)->3574K(4288K)
[150.087s][info][gc          ] GC(67) Pause Full (System.gc()) 772M->772M(5939M) 2078.403ms
[152.164s][info][gc,metaspace] GC(68) Metaspace: 28579K(29888K)->28579K(29888K) NonClass: 25004K(25600K)->25004K(25600K) Class: 3574K(4288K)->3574K(4288K)
[152.164s][info][gc          ] GC(68) Pause Full (System.gc()) 772M->772M(5939M) 2076.914ms
[154.242s][info][gc,metaspace] GC(69) Metaspace: 28579K(29888K)->28579K(29888K) NonClass: 25004K(25600K)->25004K(25600K) Class: 3574K(4288K)->3574K(4288K)
[154.242s][info][gc          ] GC(69) Pause Full (System.gc()) 772M->772M(5939M) 2078.694ms
[156.314s][info][gc,metaspace] GC(70) Metaspace: 28579K(29888K)->28579K(29888K) NonClass: 25004K(25600K)->25004K(25600K) Class: 3574K(4288K)->3574K(4288K)
[156.314s][info][gc          ] GC(70) Pause Full (System.gc()) 772M->772M(5939M) 2071.070ms
[158.389s][info][gc,metaspace] GC(71) Metaspace: 28579K(29888K)->28579K(29888K) NonClass: 25004K(25600K)->25004K(25600K) Class: 3574K(4288K)->3574K(4288K)
[158.389s][info][gc          ] GC(71) Pause Full (System.gc()) 772M->772M(5939M) 2074.815ms
[160.520s][info][gc,metaspace] GC(72) Metaspace: 28579K(29888K)->28579K(29888K) NonClass: 25004K(25600K)->25004K(25600K) Class: 3574K(4288K)->3574K(4288K)
[160.520s][info][gc          ] GC(72) Pause Full (System.gc()) 772M->772M(5939M) 2131.676ms
[162.844s][info][gc,metaspace] GC(73) Metaspace: 28579K(29888K)->28579K(29888K) NonClass: 25004K(25600K)->25004K(25600K) Class: 3574K(4288K)->3574K(4288K)
[162.844s][info][gc          ] GC(73) Pause Full (System.gc()) 772M->772M(5939M) 2323.818ms
[164.920s][info][gc,metaspace] GC(74) Metaspace: 28579K(29888K)->28579K(29888K) NonClass: 25004K(25600K)->25004K(25600K) Class: 3574K(4288K)->3574K(4288K)
[164.920s][info][gc          ] GC(74) Pause Full (System.gc()) 772M->772M(5939M) 2075.197ms
[167.000s][info][gc,metaspace] GC(75) Metaspace: 28579K(29888K)->28579K(29888K) NonClass: 25004K(25600K)->25004K(25600K) Class: 3574K(4288K)->3574K(4288K)
[167.000s][info][gc          ] GC(75) Pause Full (System.gc()) 772M->772M(5939M) 2080.111ms
[169.077s][info][gc,metaspace] GC(76) Metaspace: 28579K(29888K)->28579K(29888K) NonClass: 25004K(25600K)->25004K(25600K) Class: 3574K(4288K)->3574K(4288K)
[169.077s][info][gc          ] GC(76) Pause Full (System.gc()) 772M->772M(5939M) 2076.543ms
[171.152s][info][gc,metaspace] GC(77) Metaspace: 28579K(29888K)->28579K(29888K) NonClass: 25004K(25600K)->25004K(25600K) Class: 3574K(4288K)->3574K(4288K)
[171.152s][info][gc          ] GC(77) Pause Full (System.gc()) 772M->772M(5939M) 2075.745ms
[173.232s][info][gc,metaspace] GC(78) Metaspace: 28579K(29888K)->28579K(29888K) NonClass: 25004K(25600K)->25004K(25600K) Class: 3574K(4288K)->3574K(4288K)
[173.232s][info][gc          ] GC(78) Pause Full (System.gc()) 772M->772M(5939M) 2079.934ms
[175.309s][info][gc,metaspace] GC(79) Metaspace: 28579K(29888K)->28579K(29888K) NonClass: 25004K(25600K)->25004K(25600K) Class: 3574K(4288K)->3574K(4288K)
[175.309s][info][gc          ] GC(79) Pause Full (System.gc()) 772M->772M(5939M) 2076.674ms
[177.390s][info][gc,metaspace] GC(80) Metaspace: 28579K(29888K)->28579K(29888K) NonClass: 25004K(25600K)->25004K(25600K) Class: 3574K(4288K)->3574K(4288K)
[177.390s][info][gc          ] GC(80) Pause Full (System.gc()) 772M->772M(5939M) 2080.966ms
[179.518s][info][gc,metaspace] GC(81) Metaspace: 28579K(29888K)->28579K(29888K) NonClass: 25004K(25600K)->25004K(25600K) Class: 3574K(4288K)->3574K(4288K)
[179.518s][info][gc          ] GC(81) Pause Full (System.gc()) 772M->772M(5939M) 2127.912ms
[181.841s][info][gc,metaspace] GC(82) Metaspace: 28579K(29888K)->28579K(29888K) NonClass: 25004K(25600K)->25004K(25600K) Class: 3574K(4288K)->3574K(4288K)
[181.841s][info][gc          ] GC(82) Pause Full (System.gc()) 772M->772M(5939M) 2322.938ms
[183.923s][info][gc,metaspace] GC(83) Metaspace: 28579K(29888K)->28579K(29888K) NonClass: 25004K(25600K)->25004K(25600K) Class: 3574K(4288K)->3574K(4288K)
[183.923s][info][gc          ] GC(83) Pause Full (System.gc()) 772M->772M(5939M) 2081.085ms
[185.998s][info][gc,metaspace] GC(84) Metaspace: 28579K(29888K)->28579K(29888K) NonClass: 25004K(25600K)->25004K(25600K) Class: 3574K(4288K)->3574K(4288K)
[185.998s][info][gc          ] GC(84) Pause Full (System.gc()) 772M->772M(5939M) 2075.428ms
[188.075s][info][gc,metaspace] GC(85) Metaspace: 28579K(29888K)->28579K(29888K) NonClass: 25004K(25600K)->25004K(25600K) Class: 3574K(4288K)->3574K(4288K)
[188.075s][info][gc          ] GC(85) Pause Full (System.gc()) 772M->772M(5939M) 2076.568ms
[190.156s][info][gc,metaspace] GC(86) Metaspace: 28579K(29888K)->28579K(29888K) NonClass: 25004K(25600K)->25004K(25600K) Class: 3574K(4288K)->3574K(4288K)
[190.156s][info][gc          ] GC(86) Pause Full (System.gc()) 772M->772M(5939M) 2081.360ms
[192.234s][info][gc,metaspace] GC(87) Metaspace: 28579K(29888K)->28579K(29888K) NonClass: 25004K(25600K)->25004K(25600K) Class: 3574K(4288K)->3574K(4288K)
[192.234s][info][gc          ] GC(87) Pause Full (System.gc()) 783M->772M(5939M) 2077.671ms
[194.314s][info][gc,metaspace] GC(88) Metaspace: 28579K(29888K)->28579K(29888K) NonClass: 25004K(25600K)->25004K(25600K) Class: 3574K(4288K)->3574K(4288K)
[194.315s][info][gc          ] GC(88) Pause Full (System.gc()) 772M->772M(5939M) 2080.230ms
[196.392s][info][gc,metaspace] GC(89) Metaspace: 28579K(29888K)->28579K(29888K) NonClass: 25004K(25600K)->25004K(25600K) Class: 3574K(4288K)->3574K(4288K)
[196.392s][info][gc          ] GC(89) Pause Full (System.gc()) 772M->772M(5939M) 2077.021ms
[198.518s][info][gc,metaspace] GC(90) Metaspace: 28579K(29888K)->28579K(29888K) NonClass: 25004K(25600K)->25004K(25600K) Class: 3574K(4288K)->3574K(4288K)
[198.519s][info][gc          ] GC(90) Pause Full (System.gc()) 772M->772M(5939M) 2126.807ms
[200.595s][info][gc,metaspace] GC(91) Metaspace: 28579K(29888K)->28579K(29888K) NonClass: 25004K(25600K)->25004K(25600K) Class: 3574K(4288K)->3574K(4288K)
[200.595s][info][gc          ] GC(91) Pause Full (System.gc()) 772M->772M(5939M) 2076.134ms
[202.677s][info][gc,metaspace] GC(92) Metaspace: 28579K(29888K)->28579K(29888K) NonClass: 25004K(25600K)->25004K(25600K) Class: 3574K(4288K)->3574K(4288K)
[202.677s][info][gc          ] GC(92) Pause Full (System.gc()) 772M->772M(5939M) 2082.572ms
[204.755s][info][gc,metaspace] GC(93) Metaspace: 28579K(29888K)->28579K(29888K) NonClass: 25004K(25600K)->25004K(25600K) Class: 3574K(4288K)->3574K(4288K)
[204.755s][info][gc          ] GC(93) Pause Full (System.gc()) 772M->772M(5939M) 2077.120ms
[206.836s][info][gc,metaspace] GC(94) Metaspace: 28579K(29888K)->28579K(29888K) NonClass: 25004K(25600K)->25004K(25600K) Class: 3574K(4288K)->3574K(4288K)
[206.836s][info][gc          ] GC(94) Pause Full (System.gc()) 772M->772M(5939M) 2081.321ms
[208.914s][info][gc,metaspace] GC(95) Metaspace: 28579K(29888K)->28579K(29888K) NonClass: 25004K(25600K)->25004K(25600K) Class: 3574K(4288K)->3574K(4288K)
[208.914s][info][gc          ] GC(95) Pause Full (System.gc()) 772M->772M(5939M) 2077.541ms
[210.987s][info][gc,metaspace] GC(96) Metaspace: 28579K(29888K)->28579K(29888K) NonClass: 25004K(25600K)->25004K(25600K) Class: 3574K(4288K)->3574K(4288K)
[210.987s][info][gc          ] GC(96) Pause Full (System.gc()) 772M->772M(5939M) 2073.064ms
[213.066s][info][gc,metaspace] GC(97) Metaspace: 28579K(29888K)->28579K(29888K) NonClass: 25004K(25600K)->25004K(25600K) Class: 3574K(4288K)->3574K(4288K)
[213.066s][info][gc          ] GC(97) Pause Full (System.gc()) 772M->772M(5939M) 2078.977ms
[215.143s][info][gc,metaspace] GC(98) Metaspace: 28579K(29888K)->28579K(29888K) NonClass: 25004K(25600K)->25004K(25600K) Class: 3574K(4288K)->3574K(4288K)
[215.143s][info][gc          ] GC(98) Pause Full (System.gc()) 772M->772M(5939M) 2076.355ms
[217.223s][info][gc,metaspace] GC(99) Metaspace: 28579K(29888K)->28579K(29888K) NonClass: 25004K(25600K)->25004K(25600K) Class: 3574K(4288K)->3574K(4288K)
[217.223s][info][gc          ] GC(99) Pause Full (System.gc()) 772M->772M(5939M) 2080.738ms
[219.300s][info][gc,metaspace] GC(100) Metaspace: 28579K(29888K)->28579K(29888K) NonClass: 25004K(25600K)->25004K(25600K) Class: 3574K(4288K)->3574K(4288K)
[219.300s][info][gc          ] GC(100) Pause Full (System.gc()) 772M->772M(5939M) 2076.279ms
[221.377s][info][gc,metaspace] GC(101) Metaspace: 28579K(29888K)->28579K(29888K) NonClass: 25004K(25600K)->25004K(25600K) Class: 3574K(4288K)->3574K(4288K)
[221.377s][info][gc          ] GC(101) Pause Full (System.gc()) 772M->772M(5939M) 2077.163ms
[223.458s][info][gc,metaspace] GC(102) Metaspace: 28579K(29888K)->28579K(29888K) NonClass: 25004K(25600K)->25004K(25600K) Class: 3574K(4288K)->3574K(4288K)
[223.458s][info][gc          ] GC(102) Pause Full (System.gc()) 772M->772M(5939M) 2081.146ms
After GCs... 
