[0.002s][info][gc] Min heap equals to max heap, disabling ShenandoahUncommit
[0.002s][info][metaspace]  - commit_granule_bytes: 65536.
[0.002s][info][metaspace]  - commit_granule_words: 8192.
[0.002s][info][metaspace]  - virtual_space_node_default_size: 8388608.
[0.002s][info][metaspace]  - enlarge_chunks_in_place: 1.
[0.002s][info][metaspace]  - use_allocation_guard: 0.
[0.005s][info][gc       ] Heuristics ergonomically sets -XX:+ExplicitGCInvokesConcurrent
[0.005s][info][gc       ] Heuristics ergonomically sets -XX:+ShenandoahImplicitGCInvokesConcurrent
[0.006s][info][gc       ] Using Shenandoah
[0.322s][info][metaspace] Reserving compressed class space anywhere
[0.322s][info][gc,metaspace] CDS archive(s) not mapped
[0.322s][info][gc,metaspace] Compressed class space mapped at: 0x0000000007000000-0x00000000c7000000, reserved size: 3221225472
[0.322s][info][gc,metaspace] UseCompressedClassPointers 1, UseCompactObjectHeaders 0, narrow klass pointer bits 32, max shift 3
[0.322s][info][gc,metaspace] Narrow klass base: 0x0000000000000000, Narrow klass shift: 0, Narrow klass range: 0xc7000000
Random Seed: 12345678
Num Classes: 16384
Num Objects: 67108864
Percent IK Objects: 83.0%)
Percent OAK Objects: 5.0%)
Percent TAK Objects: 12.0%)
Cycles: 50
Loading 16384 pre-generated classes ...
Materialize pre-generated constructors ...
Creating objects...
[1.072s][info][gc          ] Trigger: GC request (System.gc())
[1.073s][info][gc          ] GC(0) Concurrent reset 0.125ms
[1.073s][info][gc          ] GC(0) Pause Init Mark (unload classes) 0.037ms
[1.073s][info][gc          ] GC(0) Concurrent marking roots 0.263ms
[1.084s][info][gc          ] GC(0) Concurrent marking (unload classes) 10.583ms
[1.084s][info][gc          ] GC(0) Pause Final Mark (unload classes) 0.174ms
[1.084s][info][gc          ] GC(0) Concurrent thread roots 0.071ms
[1.085s][info][gc          ] GC(0) Concurrent weak references 0.983ms
[1.086s][info][gc          ] GC(0) Concurrent weak roots 1.323ms
[1.086s][info][gc          ] GC(0) Concurrent cleanup 89M->89M(6144M) 0.050ms
[1.090s][info][metaspace   ] ChkMgr @0x00007ffff010f8d0 (non-class-space): : reclaiming memory...
[1.090s][info][metaspace   ] ChkMgr @0x00007ffff010f8d0 (non-class-space): nothing reclaimed.
[1.090s][info][metaspace   ] ChkMgr @0x00007ffff010f6e0 (class-space): : reclaiming memory...
[1.090s][info][metaspace   ] ChkMgr @0x00007ffff010f6e0 (class-space): nothing reclaimed.
[1.090s][info][gc          ] GC(0) Concurrent class unloading 3.958ms
[1.092s][info][gc          ] GC(0) Concurrent strong roots 1.804ms
[1.096s][info][gc          ] GC(0) Concurrent evacuation 4.060ms
[1.096s][info][gc          ] GC(0) Pause Init Update Refs 0.010ms
[1.096s][info][gc          ] GC(0) At start of update refs, moving 86016K to Mutator free partition from Collector Reserve
[1.102s][info][gc          ] GC(0) Concurrent update references 6.012ms
[1.102s][info][gc          ] GC(0) Concurrent update thread roots 0.058ms
[1.102s][info][gc          ] GC(0) Pause Final Update Refs 0.062ms
[1.102s][info][gc          ] GC(0) Concurrent cleanup 101M->17M(6144M) 0.041ms
[1.103s][info][gc,metaspace] Metaspace: 29136K(29376K)->29113K(29376K) NonClass: 19322K(19456K)->19307K(19456K) Class: 9813K(9920K)->9805K(9920K)
[3.798s][info][gc          ] Trigger: Learning 2 of 5. Free (4300M) is below initial threshold (4300M)
[3.799s][info][gc          ] GC(1) Concurrent reset 0.275ms
[3.799s][info][gc          ] GC(1) Pause Init Mark (unload classes) 0.041ms
[3.802s][info][gc          ] GC(1) Concurrent marking roots 3.372ms
[4.119s][info][gc          ] GC(1) Concurrent marking (unload classes) 316.800ms
[4.119s][info][gc          ] GC(1) Pause Final Mark (unload classes) 0.232ms
[4.120s][info][gc          ] GC(1) Concurrent thread roots 0.107ms
[4.122s][info][gc          ] GC(1) Concurrent weak references 2.143ms
[4.128s][info][gc          ] GC(1) Concurrent weak roots 5.777ms
[4.128s][info][gc          ] GC(1) Concurrent cleanup 1630M->1630M(6144M) 0.046ms
[4.130s][info][gc          ] GC(1) Concurrent class unloading 2.227ms
[4.132s][info][gc          ] GC(1) Concurrent strong roots 1.707ms
[4.201s][info][gc          ] GC(1) Concurrent evacuation 69.647ms
[4.201s][info][gc          ] GC(1) Pause Init Update Refs 0.010ms
[4.202s][info][gc          ] GC(1) At start of update refs, moving 224M to Mutator free partition from Collector Reserve
[4.348s][info][gc          ] GC(1) Concurrent update references 146.160ms
[4.348s][info][gc          ] GC(1) Concurrent update thread roots 0.198ms
[4.348s][info][gc          ] GC(1) Pause Final Update Refs 0.074ms
[4.348s][info][gc          ] GC(1) Concurrent cleanup 1754M->490M(6144M) 0.062ms
[4.348s][info][gc,metaspace] Metaspace: 59642K(76096K)->61895K(79616K) NonClass: 41876K(50944K)->43521K(53312K) Class: 17765K(25152K)->18374K(26304K)
[9.226s][info][gc          ] Trigger: Learning 3 of 5. Free (4298M) is below initial threshold (4300M)
[9.228s][info][gc          ] GC(2) Concurrent reset 2.088ms
[9.231s][info][gc          ] GC(2) Pause Init Mark (unload classes) 0.108ms
[9.233s][info][gc          ] GC(2) Concurrent marking roots 1.905ms
[9.756s][info][gc          ] GC(2) Concurrent marking (unload classes) 523.531ms
[9.757s][info][gc          ] GC(2) Pause Final Mark (unload classes) 0.218ms
[9.757s][info][gc          ] GC(2) Concurrent thread roots 0.079ms
[9.757s][info][gc          ] GC(2) Concurrent weak references 0.042ms
[9.764s][info][gc          ] GC(2) Concurrent weak roots 7.146ms
[9.764s][info][gc          ] GC(2) Concurrent cleanup 1640M->1640M(6144M) 0.052ms
[9.774s][info][gc          ] GC(2) Concurrent class unloading 9.823ms
[9.776s][info][gc          ] GC(2) Concurrent strong roots 2.096ms
[9.872s][info][gc          ] GC(2) Concurrent evacuation 95.509ms
[9.872s][info][gc          ] GC(2) Pause Init Update Refs 0.009ms
[9.872s][info][gc          ] GC(2) At start of update refs, moving 196M to Mutator free partition from Collector Reserve
[10.142s][info][gc          ] GC(2) Concurrent update references 270.005ms
[10.142s][info][gc          ] GC(2) Concurrent update thread roots 0.162ms
[10.142s][info][gc          ] GC(2) Pause Final Update Refs 0.075ms
[10.142s][info][gc          ] GC(2) Concurrent cleanup 1826M->632M(6144M) 0.070ms
[10.142s][info][gc,metaspace] Metaspace: 71953K(88832K)->80032K(95424K) NonClass: 53567K(62528K)->61647K(69120K) Class: 18385K(26304K)->18385K(26304K)
[13.537s][info][gc          ] Trigger: Learning 4 of 5. Free (4300M) is below initial threshold (4300M)
[13.539s][info][gc          ] GC(3) Concurrent reset 2.132ms
[13.540s][info][gc          ] GC(3) Pause Init Mark (unload classes) 0.046ms
[13.543s][info][gc          ] GC(3) Concurrent marking roots 3.505ms
[14.205s][info][gc          ] GC(3) Concurrent marking (unload classes) 661.983ms
[14.205s][info][gc          ] GC(3) Pause Final Mark (unload classes) 0.206ms
[14.206s][info][gc          ] GC(3) Concurrent thread roots 0.073ms
[14.206s][info][gc          ] GC(3) Concurrent weak references 0.053ms
[14.213s][info][gc          ] GC(3) Concurrent weak roots 6.890ms
[14.213s][info][gc          ] GC(3) Concurrent cleanup 1718M->1718M(6144M) 0.051ms
[14.225s][info][gc          ] GC(3) Concurrent class unloading 12.785ms
[14.228s][info][gc          ] GC(3) Concurrent strong roots 2.178ms
[14.320s][info][gc          ] GC(3) Concurrent evacuation 90.662ms
[14.321s][info][gc          ] GC(3) Pause Init Update Refs 0.010ms
[14.321s][info][gc          ] GC(3) At start of update refs, moving 204M to Mutator free partition from Collector Reserve
[14.649s][info][gc          ] GC(3) Concurrent update references 327.912ms
[14.649s][info][gc          ] GC(3) Concurrent update thread roots 0.162ms
[14.649s][info][gc          ] GC(3) Pause Final Update Refs 0.067ms
[14.649s][info][gc          ] GC(3) Concurrent cleanup 1934M->850M(6144M) 0.066ms
[14.649s][info][gc,metaspace] Metaspace: 87968K(101824K)->88040K(101888K) NonClass: 69583K(75520K)->69654K(75584K) Class: 18385K(26304K)->18385K(26304K)
[16.922s][info][gc          ] Trigger: Learning 5 of 5. Free (4298M) is below initial threshold (4300M)
[16.925s][info][gc          ] GC(4) Concurrent reset 2.291ms
[16.925s][info][gc          ] GC(4) Pause Init Mark (unload classes) 0.055ms
[16.927s][info][gc          ] GC(4) Concurrent marking roots 2.157ms
[17.712s][info][gc          ] GC(4) Concurrent marking (unload classes) 785.065ms
[17.713s][info][gc          ] GC(4) Pause Final Mark (unload classes) 0.238ms
[17.713s][info][gc          ] GC(4) Concurrent thread roots 0.078ms
[17.713s][info][gc          ] GC(4) Concurrent weak references 0.057ms
[17.720s][info][gc          ] GC(4) Concurrent weak roots 6.934ms
[17.720s][info][gc          ] GC(4) Concurrent cleanup 1761M->1761M(6144M) 0.051ms
[17.733s][info][gc          ] GC(4) Concurrent class unloading 13.196ms
[17.735s][info][gc          ] GC(4) Concurrent strong roots 1.984ms
[17.821s][info][gc          ] GC(4) Concurrent evacuation 85.521ms
[17.821s][info][gc          ] GC(4) Pause Init Update Refs 0.008ms
[17.821s][info][gc          ] GC(4) At start of update refs, moving 212M to Mutator free partition from Collector Reserve
[18.295s][info][gc          ] GC(4) Concurrent update references 473.863ms
[18.295s][info][gc          ] GC(4) Concurrent update thread roots 0.168ms
[18.295s][info][gc          ] GC(4) Pause Final Update Refs 0.063ms
[18.295s][info][gc          ] GC(4) Concurrent cleanup 2029M->1038M(6144M) 0.065ms
[18.295s][info][gc,metaspace] Metaspace: 88059K(101888K)->88059K(101888K) NonClass: 69673K(75584K)->69673K(75584K) Class: 18385K(26304K)->18385K(26304K)
[31.482s][info][gc          ] Trigger: Average GC time (1768.06 ms) is above the time for average allocation rate (317 MB/s) to deplete free headroom (560M) (margin of error = 1.80)
[31.484s][info][gc          ] GC(5) Concurrent reset 2.267ms
[31.485s][info][gc          ] GC(5) Pause Init Mark (unload classes) 0.074ms
[31.487s][info][gc          ] GC(5) Concurrent marking roots 2.123ms
[33.104s][info][gc          ] GC(5) Concurrent marking (unload classes) 1617.173ms
[33.104s][info][gc          ] GC(5) Pause Final Mark (unload classes) 0.336ms
[33.105s][info][gc          ] GC(5) Concurrent thread roots 0.068ms
[33.105s][info][gc          ] GC(5) Concurrent weak references 0.043ms
[33.112s][info][gc          ] GC(5) Concurrent weak roots 7.876ms
[33.113s][info][gc          ] GC(5) Concurrent cleanup 5432M->5432M(6144M) 0.078ms
[33.126s][info][gc          ] GC(5) Concurrent class unloading 13.801ms
[33.130s][info][gc          ] GC(5) Concurrent strong roots 3.372ms
[33.358s][info][gc          ] GC(5) Concurrent evacuation 228.609ms
[33.359s][info][gc          ] GC(5) Pause Init Update Refs 0.010ms
[33.359s][info][gc          ] GC(5) At start of update refs, moving 49152K to Mutator free partition from Collector Reserve
[34.424s][info][gc          ] GC(5) Concurrent update references 1065.170ms
[34.424s][info][gc          ] GC(5) Concurrent update thread roots 0.209ms
[34.424s][info][gc          ] GC(5) Pause Final Update Refs 0.084ms
[34.424s][info][gc          ] GC(5) Concurrent cleanup 6064M->3212M(6144M) 0.100ms
[34.424s][info][gc,metaspace] Metaspace: 88059K(101888K)->88059K(101888K) NonClass: 69673K(75584K)->69673K(75584K) Class: 18385K(26304K)->18385K(26304K)
[38.251s][info][gc          ] Trigger: Average GC time (3757.01 ms) is above the time for average allocation rate (312 MB/s) to deplete free headroom (1160M) (margin of error = 1.82)
[38.259s][info][gc          ] GC(6) Concurrent reset 7.858ms
[38.259s][info][gc          ] GC(6) Pause Init Mark (unload classes) 0.066ms
[38.262s][info][gc          ] GC(6) Concurrent marking roots 2.215ms
[39.984s][info][gc          ] GC(6) Concurrent marking (unload classes) 1722.786ms
[39.985s][info][gc          ] GC(6) Pause Final Mark (unload classes) 0.308ms
[39.985s][info][gc          ] GC(6) Concurrent thread roots 0.086ms
[39.985s][info][gc          ] GC(6) Concurrent weak references 0.040ms
[39.993s][info][gc          ] GC(6) Concurrent weak roots 8.272ms
[39.993s][info][gc          ] GC(6) Concurrent cleanup 4868M->4868M(6144M) 0.051ms
[40.005s][info][gc          ] GC(6) Concurrent class unloading 11.954ms
[40.008s][info][gc          ] GC(6) Concurrent strong roots 3.012ms
[40.240s][info][gc          ] GC(6) Concurrent evacuation 231.475ms
[40.240s][info][gc          ] GC(6) Pause Init Update Refs 0.009ms
[40.240s][info][gc          ] GC(6) At start of update refs, moving 49152K to Mutator free partition from Collector Reserve
[41.502s][info][gc          ] GC(6) Concurrent update references 1261.689ms
[41.502s][info][gc          ] GC(6) Concurrent update thread roots 0.172ms
[41.502s][info][gc          ] GC(6) Pause Final Update Refs 0.087ms
[41.502s][info][gc          ] GC(6) Concurrent cleanup 5576M->2728M(6144M) 0.096ms
[41.502s][info][gc,metaspace] Metaspace: 88059K(101888K)->88059K(101888K) NonClass: 69673K(75584K)->69673K(75584K) Class: 18385K(26304K)->18385K(26304K)
[46.342s][info][gc          ] Trigger: Average GC time (4304.77 ms) is above the time for average allocation rate (316 MB/s) to deplete free headroom (1356M) (margin of error = 1.83)
[46.349s][info][gc          ] GC(7) Concurrent reset 6.985ms
[46.349s][info][gc          ] GC(7) Pause Init Mark (unload classes) 0.060ms
[46.351s][info][gc          ] GC(7) Concurrent marking roots 2.169ms
[48.200s][info][gc          ] GC(7) Concurrent marking (unload classes) 1849.030ms
[48.200s][info][gc          ] GC(7) Pause Final Mark (unload classes) 0.293ms
[48.201s][info][gc          ] GC(7) Concurrent thread roots 0.061ms
[48.201s][info][gc          ] GC(7) Concurrent weak references 0.049ms
[48.207s][info][gc          ] GC(7) Concurrent weak roots 6.717ms
[48.207s][info][gc          ] GC(7) Concurrent cleanup 4708M->4708M(6144M) 0.051ms
[48.221s][info][gc          ] GC(7) Concurrent class unloading 13.454ms
[48.224s][info][gc          ] GC(7) Concurrent strong roots 2.756ms
[48.451s][info][gc          ] GC(7) Concurrent evacuation 226.898ms
[48.451s][info][gc          ] GC(7) Pause Init Update Refs 0.010ms
[48.451s][info][gc          ] GC(7) At start of update refs, moving 49152K to Mutator free partition from Collector Reserve
[49.715s][info][gc          ] GC(7) Concurrent update references 1264.497ms
[49.716s][info][gc          ] GC(7) Concurrent update thread roots 0.187ms
[49.716s][info][gc          ] GC(7) Pause Final Update Refs 0.076ms
[49.716s][info][gc          ] GC(7) Concurrent cleanup 5400M->2556M(6144M) 0.097ms
[49.716s][info][gc,metaspace] Metaspace: 88059K(101888K)->88059K(101888K) NonClass: 69673K(75584K)->69673K(75584K) Class: 18385K(26304K)->18385K(26304K)
[55.059s][info][gc          ] Trigger: Average GC time (4370.70 ms) is above the time for average allocation rate (312 MB/s) to deplete free headroom (1360M) (margin of error = 1.84)
[55.065s][info][gc          ] GC(8) Concurrent reset 6.519ms
[55.065s][info][gc          ] GC(8) Pause Init Mark (unload classes) 0.061ms
[55.068s][info][gc          ] GC(8) Concurrent marking roots 2.178ms
[57.225s][info][gc          ] GC(8) Concurrent marking (unload classes) 2157.863ms
[57.226s][info][gc          ] GC(8) Pause Final Mark (unload classes) 0.294ms
[57.226s][info][gc          ] GC(8) Concurrent thread roots 0.063ms
[57.226s][info][gc          ] GC(8) Concurrent weak references 0.042ms
[57.234s][info][gc          ] GC(8) Concurrent weak roots 7.623ms
[57.234s][info][gc          ] GC(8) Concurrent cleanup 4800M->4800M(6144M) 0.052ms
[57.247s][info][gc          ] GC(8) Concurrent class unloading 13.774ms
[57.251s][info][gc          ] GC(8) Concurrent strong roots 3.007ms
[57.479s][info][gc          ] GC(8) Concurrent evacuation 228.796ms
[57.479s][info][gc          ] GC(8) Pause Init Update Refs 0.010ms
[57.480s][info][gc          ] GC(8) At start of update refs, moving 49152K to Mutator free partition from Collector Reserve
[58.979s][info][gc          ] GC(8) Concurrent update references 1499.773ms
[58.980s][info][gc          ] GC(8) Concurrent update thread roots 0.200ms
[58.980s][info][gc          ] GC(8) Pause Final Update Refs 0.075ms
[58.980s][info][gc          ] GC(8) Concurrent cleanup 5568M->2800M(6144M) 0.095ms
[58.980s][info][gc,metaspace] Metaspace: 88059K(101888K)->88059K(101888K) NonClass: 69673K(75584K)->69673K(75584K) Class: 18385K(26304K)->18385K(26304K)
67108864 Objects created
 - IK: 55699211 (82.99829%)
 - OAK: 3355627 (5.0002737%)
 - TAK: 8054026 (12.001434%)
Preparatory GC...
[61.659s][info][gc          ] Trigger: GC request (System.gc())
[61.665s][info][gc          ] GC(9) Concurrent reset 6.205ms
[61.665s][info][gc          ] GC(9) Pause Init Mark (unload classes) 0.062ms
[61.668s][info][gc          ] GC(9) Concurrent marking roots 2.304ms
[63.690s][info][gc          ] GC(9) Concurrent marking (unload classes) 2022.057ms
[63.690s][info][gc          ] GC(9) Pause Final Mark (unload classes) 0.316ms
[63.690s][info][gc          ] GC(9) Concurrent thread roots 0.081ms
[63.690s][info][gc          ] GC(9) Concurrent weak references 0.052ms
[63.697s][info][gc          ] GC(9) Concurrent weak roots 6.336ms
[63.697s][info][gc          ] GC(9) Concurrent cleanup 3592M->3592M(6144M) 0.052ms
[64.008s][info][metaspace   ] ChkMgr @0x00007ffff010f8d0 (non-class-space): : reclaiming memory...
[64.012s][info][metaspace   ] ChkMgr @0x00007ffff010f8d0 (non-class-space): finished reclaiming memory: 
[64.012s][info][metaspace   ] reserved: 128.00 MB (no change)
[64.012s][info][metaspace   ] committed: 73.81 MB->27.69 MB (-46.12 MB)
[64.012s][info][metaspace   ] ChkMgr @0x00007ffff010f6e0 (class-space): : reclaiming memory...
[64.014s][info][metaspace   ] ChkMgr @0x00007ffff010f6e0 (class-space): finished reclaiming memory: 
[64.014s][info][metaspace   ] reserved: 3.00 GB (no change)
[64.014s][info][metaspace   ] committed: 25.69 MB->9.69 MB (-16.00 MB)
[64.016s][info][gc          ] GC(9) Concurrent class unloading 319.563ms
[64.016s][info][gc          ] GC(9) Concurrent strong roots 0.213ms
[64.177s][info][gc          ] GC(9) Concurrent evacuation 160.339ms
[64.177s][info][gc          ] GC(9) Pause Init Update Refs 0.009ms
[64.177s][info][gc          ] GC(9) At start of update refs, moving 120M to Mutator free partition from Collector Reserve
[65.843s][info][gc          ] GC(9) Concurrent update references 1666.321ms
[65.844s][info][gc          ] GC(9) Concurrent update thread roots 0.265ms
[65.844s][info][gc          ] GC(9) Pause Final Update Refs 0.083ms
[65.844s][info][gc          ] GC(9) Concurrent cleanup 3780M->1816M(6144M) 0.083ms
[65.844s][info][gc,metaspace] Metaspace: 88059K(101888K)->36088K(38272K) NonClass: 69673K(75584K)->26279K(28352K) Class: 18385K(26304K)->9809K(9920K)
[65.845s][info][gc          ] Trigger: GC request (System.gc())
[65.851s][info][gc          ] GC(10) Concurrent reset 5.377ms
[65.851s][info][gc          ] GC(10) Pause Init Mark (unload classes) 0.042ms
[65.851s][info][gc          ] GC(10) Concurrent marking roots 0.147ms
[67.445s][info][gc          ] GC(10) Concurrent marking (unload classes) 1593.658ms
[67.445s][info][gc          ] GC(10) Pause Final Mark (unload classes) 0.189ms
[67.445s][info][gc          ] GC(10) Concurrent thread roots 0.058ms
[67.445s][info][gc          ] GC(10) Concurrent weak references 0.056ms
[67.445s][info][gc          ] GC(10) Concurrent weak roots 0.354ms
[67.445s][info][gc          ] GC(10) Concurrent cleanup 1816M->1816M(6144M) 0.051ms
[67.446s][info][gc          ] GC(10) Concurrent class unloading 0.237ms
[67.446s][info][gc          ] GC(10) Concurrent strong roots 0.165ms
[67.452s][info][gc          ] GC(10) Concurrent evacuation 5.669ms
[67.452s][info][gc          ] GC(10) Pause Init Update Refs 0.006ms
[67.452s][info][gc          ] GC(10) At start of update refs, moving 8192K to Mutator free partition from Collector Reserve
[68.503s][info][gc          ] GC(10) Concurrent update references 1051.427ms
[68.503s][info][gc          ] GC(10) Concurrent update thread roots 0.227ms
[68.504s][info][gc          ] GC(10) Pause Final Update Refs 0.057ms
[68.504s][info][gc          ] GC(10) Concurrent cleanup 1822M->1814M(6144M) 0.052ms
[68.504s][info][gc,metaspace] Metaspace: 36088K(38272K)->36088K(38272K) NonClass: 26279K(28352K)->26279K(28352K) Class: 9809K(9920K)->9809K(9920K)
Done; will start GCs... 
[68.505s][info][gc          ] Trigger: GC request (System.gc())
[68.508s][info][gc          ] GC(11) Concurrent reset 2.820ms
[68.508s][info][gc          ] GC(11) Pause Init Mark (unload classes) 0.040ms
[68.508s][info][gc          ] GC(11) Concurrent marking roots 0.138ms
[70.434s][info][gc          ] GC(11) Concurrent marking (unload classes) 1926.368ms
[70.434s][info][gc          ] GC(11) Pause Final Mark (unload classes) 0.191ms
[70.435s][info][gc          ] GC(11) Concurrent thread roots 0.068ms
[70.435s][info][gc          ] GC(11) Concurrent weak references 0.045ms
[70.435s][info][gc          ] GC(11) Concurrent weak roots 0.404ms
[70.435s][info][gc          ] GC(11) Concurrent cleanup 1818M->1814M(6144M) 0.051ms
[70.435s][info][gc          ] GC(11) Concurrent class unloading 0.197ms
[70.436s][info][gc          ] GC(11) Concurrent strong roots 0.170ms
[70.436s][info][gc          ] GC(11) Concurrent evacuation 0.708ms
[70.436s][info][gc          ] GC(11) Pause Init Update Refs 0.006ms
[70.436s][info][gc          ] GC(11) At start of update refs, moving 4096K to Mutator free partition from Collector Reserve
[71.745s][info][gc          ] GC(11) Concurrent update references 1308.770ms
[71.745s][info][gc          ] GC(11) Concurrent update thread roots 0.286ms
[71.746s][info][gc          ] GC(11) Pause Final Update Refs 0.059ms
[71.746s][info][gc          ] GC(11) Concurrent cleanup 1814M->1812M(6144M) 0.052ms
[71.746s][info][gc,metaspace] Metaspace: 36088K(38272K)->36088K(38272K) NonClass: 26279K(28352K)->26279K(28352K) Class: 9809K(9920K)->9809K(9920K)
[71.747s][info][gc          ] Trigger: GC request (System.gc())
[71.749s][info][gc          ] GC(12) Concurrent reset 2.187ms
[71.749s][info][gc          ] GC(12) Pause Init Mark (unload classes) 0.047ms
[71.749s][info][gc          ] GC(12) Concurrent marking roots 0.102ms
[73.644s][info][gc          ] GC(12) Concurrent marking (unload classes) 1894.574ms
[73.644s][info][gc          ] GC(12) Pause Final Mark (unload classes) 0.193ms
[73.644s][info][gc          ] GC(12) Concurrent weak references 0.049ms
[73.645s][info][gc          ] GC(12) Concurrent weak roots 0.364ms
[73.645s][info][gc          ] GC(12) Concurrent cleanup 1812M->1812M(6144M) 0.054ms
[73.645s][info][gc          ] GC(12) Concurrent class unloading 0.203ms
[73.645s][info][gc          ] GC(12) Pause Final Roots 0.004ms
[73.645s][info][gc,metaspace] Metaspace: 36088K(38272K)->36088K(38272K) NonClass: 26279K(28352K)->26279K(28352K) Class: 9809K(9920K)->9809K(9920K)
[73.647s][info][gc          ] Trigger: GC request (System.gc())
[73.650s][info][gc          ] GC(13) Concurrent reset 3.068ms
[73.650s][info][gc          ] GC(13) Pause Init Mark (unload classes) 0.045ms
[73.651s][info][gc          ] GC(13) Concurrent marking roots 0.114ms
[75.507s][info][gc          ] GC(13) Concurrent marking (unload classes) 1856.681ms
[75.507s][info][gc          ] GC(13) Pause Final Mark (unload classes) 0.179ms
[75.508s][info][gc          ] GC(13) Concurrent weak references 0.045ms
[75.508s][info][gc          ] GC(13) Concurrent weak roots 0.348ms
[75.508s][info][gc          ] GC(13) Concurrent cleanup 1812M->1812M(6144M) 0.051ms
[75.508s][info][gc          ] GC(13) Concurrent class unloading 0.191ms
[75.508s][info][gc          ] GC(13) Pause Final Roots 0.003ms
[75.508s][info][gc,metaspace] Metaspace: 36088K(38272K)->36088K(38272K) NonClass: 26279K(28352K)->26279K(28352K) Class: 9809K(9920K)->9809K(9920K)
[75.512s][info][gc          ] Trigger: GC request (System.gc())
[75.515s][info][gc          ] GC(14) Concurrent reset 2.316ms
[75.515s][info][gc          ] GC(14) Pause Init Mark (unload classes) 0.038ms
[75.515s][info][gc          ] GC(14) Concurrent marking roots 0.098ms
[77.425s][info][gc          ] GC(14) Concurrent marking (unload classes) 1909.645ms
[77.425s][info][gc          ] GC(14) Pause Final Mark (unload classes) 0.168ms
[77.425s][info][gc          ] GC(14) Concurrent weak references 0.051ms
[77.425s][info][gc          ] GC(14) Concurrent weak roots 0.365ms
[77.425s][info][gc          ] GC(14) Concurrent cleanup 1812M->1812M(6144M) 0.059ms
[77.426s][info][gc          ] GC(14) Concurrent class unloading 0.195ms
[77.426s][info][gc          ] GC(14) Pause Final Roots 0.003ms
[77.426s][info][gc,metaspace] Metaspace: 36088K(38272K)->36088K(38272K) NonClass: 26279K(28352K)->26279K(28352K) Class: 9809K(9920K)->9809K(9920K)
[77.434s][info][gc          ] Trigger: GC request (System.gc())
[77.436s][info][gc          ] GC(15) Concurrent reset 2.375ms
[77.436s][info][gc          ] GC(15) Pause Init Mark (unload classes) 0.049ms
[77.437s][info][gc          ] GC(15) Concurrent marking roots 0.086ms
[79.349s][info][gc          ] GC(15) Concurrent marking (unload classes) 1912.883ms
[79.350s][info][gc          ] GC(15) Pause Final Mark (unload classes) 0.188ms
[79.350s][info][gc          ] GC(15) Concurrent weak references 0.068ms
[79.350s][info][gc          ] GC(15) Concurrent weak roots 0.318ms
[79.350s][info][gc          ] GC(15) Concurrent cleanup 1812M->1812M(6144M) 0.051ms
[79.350s][info][gc          ] GC(15) Concurrent class unloading 0.234ms
[79.351s][info][gc          ] GC(15) Pause Final Roots 0.003ms
[79.351s][info][gc,metaspace] Metaspace: 36088K(38272K)->36088K(38272K) NonClass: 26279K(28352K)->26279K(28352K) Class: 9809K(9920K)->9809K(9920K)
[79.361s][info][gc          ] Trigger: GC request (System.gc())
[79.364s][info][gc          ] GC(16) Concurrent reset 2.773ms
[79.364s][info][gc          ] GC(16) Pause Init Mark (unload classes) 0.043ms
[79.364s][info][gc          ] GC(16) Concurrent marking roots 0.105ms
[81.155s][info][gc          ] GC(16) Concurrent marking (unload classes) 1791.548ms
[81.156s][info][gc          ] GC(16) Pause Final Mark (unload classes) 0.192ms
[81.156s][info][gc          ] GC(16) Concurrent weak references 0.045ms
[81.156s][info][gc          ] GC(16) Concurrent weak roots 0.370ms
[81.156s][info][gc          ] GC(16) Concurrent cleanup 1812M->1812M(6144M) 0.051ms
[81.156s][info][gc          ] GC(16) Concurrent class unloading 0.188ms
[81.156s][info][gc          ] GC(16) Pause Final Roots 0.003ms
[81.157s][info][gc,metaspace] Metaspace: 36088K(38272K)->36088K(38272K) NonClass: 26279K(28352K)->26279K(28352K) Class: 9809K(9920K)->9809K(9920K)
[81.167s][info][gc          ] Trigger: GC request (System.gc())
[81.169s][info][gc          ] GC(17) Concurrent reset 2.369ms
[81.169s][info][gc          ] GC(17) Pause Init Mark (unload classes) 0.046ms
[81.169s][info][gc          ] GC(17) Concurrent marking roots 0.085ms
[83.028s][info][gc          ] GC(17) Concurrent marking (unload classes) 1858.834ms
[83.028s][info][gc          ] GC(17) Pause Final Mark (unload classes) 0.185ms
[83.028s][info][gc          ] GC(17) Concurrent weak references 0.046ms
[83.029s][info][gc          ] GC(17) Concurrent weak roots 0.398ms
[83.029s][info][gc          ] GC(17) Concurrent cleanup 1812M->1812M(6144M) 0.050ms
[83.029s][info][gc          ] GC(17) Concurrent class unloading 0.194ms
[83.029s][info][gc          ] GC(17) Pause Final Roots 0.003ms
[83.029s][info][gc,metaspace] Metaspace: 36088K(38272K)->36088K(38272K) NonClass: 26279K(28352K)->26279K(28352K) Class: 9809K(9920K)->9809K(9920K)
[83.039s][info][gc          ] Trigger: GC request (System.gc())
[83.042s][info][gc          ] GC(18) Concurrent reset 3.104ms
[83.043s][info][gc          ] GC(18) Pause Init Mark (unload classes) 0.044ms
[83.043s][info][gc          ] GC(18) Concurrent marking roots 0.108ms
[84.862s][info][gc          ] GC(18) Concurrent marking (unload classes) 1819.189ms
[84.862s][info][gc          ] GC(18) Pause Final Mark (unload classes) 0.197ms
[84.862s][info][gc          ] GC(18) Concurrent weak references 0.045ms
[84.863s][info][gc          ] GC(18) Concurrent weak roots 0.372ms
[84.863s][info][gc          ] GC(18) Concurrent cleanup 1812M->1812M(6144M) 0.051ms
[84.863s][info][gc          ] GC(18) Concurrent class unloading 0.151ms
[84.863s][info][gc          ] GC(18) Pause Final Roots 0.004ms
[84.863s][info][gc,metaspace] Metaspace: 36088K(38272K)->36088K(38272K) NonClass: 26279K(28352K)->26279K(28352K) Class: 9809K(9920K)->9809K(9920K)
[84.873s][info][gc          ] Trigger: GC request (System.gc())
[84.875s][info][gc          ] GC(19) Concurrent reset 2.311ms
[84.876s][info][gc          ] GC(19) Pause Init Mark (unload classes) 0.041ms
[84.876s][info][gc          ] GC(19) Concurrent marking roots 0.092ms
[87.073s][info][gc          ] GC(19) Concurrent marking (unload classes) 2196.944ms
[87.073s][info][gc          ] GC(19) Pause Final Mark (unload classes) 0.191ms
[87.073s][info][gc          ] GC(19) Concurrent weak references 0.044ms
[87.074s][info][gc          ] GC(19) Concurrent weak roots 0.426ms
[87.074s][info][gc          ] GC(19) Concurrent cleanup 1812M->1812M(6144M) 0.051ms
[87.074s][info][gc          ] GC(19) Concurrent class unloading 0.184ms
[87.074s][info][gc          ] GC(19) Pause Final Roots 0.003ms
[87.074s][info][gc,metaspace] Metaspace: 36088K(38272K)->36088K(38272K) NonClass: 26279K(28352K)->26279K(28352K) Class: 9809K(9920K)->9809K(9920K)
[87.084s][info][gc          ] Trigger: GC request (System.gc())
[87.087s][info][gc          ] GC(20) Concurrent reset 2.659ms
[87.087s][info][gc          ] GC(20) Pause Init Mark (unload classes) 0.042ms
[87.087s][info][gc          ] GC(20) Concurrent marking roots 0.089ms
[89.079s][info][gc          ] GC(20) Concurrent marking (unload classes) 1992.188ms
[89.079s][info][gc          ] GC(20) Pause Final Mark (unload classes) 0.186ms
[89.079s][info][gc          ] GC(20) Concurrent weak references 0.049ms
[89.080s][info][gc          ] GC(20) Concurrent weak roots 0.366ms
[89.080s][info][gc          ] GC(20) Concurrent cleanup 1812M->1812M(6144M) 0.051ms
[89.080s][info][gc          ] GC(20) Concurrent class unloading 0.188ms
[89.080s][info][gc          ] GC(20) Pause Final Roots 0.004ms
[89.080s][info][gc,metaspace] Metaspace: 36088K(38272K)->36088K(38272K) NonClass: 26279K(28352K)->26279K(28352K) Class: 9809K(9920K)->9809K(9920K)
[89.090s][info][gc          ] Trigger: GC request (System.gc())
[89.093s][info][gc          ] GC(21) Concurrent reset 2.674ms
[89.093s][info][gc          ] GC(21) Pause Init Mark (unload classes) 0.044ms
[89.093s][info][gc          ] GC(21) Concurrent marking roots 0.099ms
[91.082s][info][gc          ] GC(21) Concurrent marking (unload classes) 1988.352ms
[91.082s][info][gc          ] GC(21) Pause Final Mark (unload classes) 0.187ms
[91.082s][info][gc          ] GC(21) Concurrent weak references 0.044ms
[91.082s][info][gc          ] GC(21) Concurrent weak roots 0.344ms
[91.082s][info][gc          ] GC(21) Concurrent cleanup 1812M->1812M(6144M) 0.051ms
[91.083s][info][gc          ] GC(21) Concurrent class unloading 0.191ms
[91.083s][info][gc          ] GC(21) Pause Final Roots 0.003ms
[91.083s][info][gc,metaspace] Metaspace: 36088K(38272K)->36088K(38272K) NonClass: 26279K(28352K)->26279K(28352K) Class: 9809K(9920K)->9809K(9920K)
[91.093s][info][gc          ] Trigger: GC request (System.gc())
[91.095s][info][gc          ] GC(22) Concurrent reset 2.354ms
[91.095s][info][gc          ] GC(22) Pause Init Mark (unload classes) 0.044ms
[91.095s][info][gc          ] GC(22) Concurrent marking roots 0.109ms
[93.012s][info][gc          ] GC(22) Concurrent marking (unload classes) 1916.213ms
[93.012s][info][gc          ] GC(22) Pause Final Mark (unload classes) 0.187ms
[93.012s][info][gc          ] GC(22) Concurrent weak references 0.046ms
[93.012s][info][gc          ] GC(22) Concurrent weak roots 0.355ms
[93.012s][info][gc          ] GC(22) Concurrent cleanup 1812M->1812M(6144M) 0.051ms
[93.013s][info][gc          ] GC(22) Concurrent class unloading 0.196ms
[93.013s][info][gc          ] GC(22) Pause Final Roots 0.003ms
[93.013s][info][gc,metaspace] Metaspace: 36088K(38272K)->36088K(38272K) NonClass: 26279K(28352K)->26279K(28352K) Class: 9809K(9920K)->9809K(9920K)
[93.023s][info][gc          ] Trigger: GC request (System.gc())
[93.025s][info][gc          ] GC(23) Concurrent reset 2.358ms
[93.025s][info][gc          ] GC(23) Pause Init Mark (unload classes) 0.050ms
[93.025s][info][gc          ] GC(23) Concurrent marking roots 0.086ms
[95.060s][info][gc          ] GC(23) Concurrent marking (unload classes) 2034.041ms
[95.060s][info][gc          ] GC(23) Pause Final Mark (unload classes) 0.190ms
[95.060s][info][gc          ] GC(23) Concurrent weak references 0.058ms
[95.060s][info][gc          ] GC(23) Concurrent weak roots 0.337ms
[95.060s][info][gc          ] GC(23) Concurrent cleanup 1812M->1812M(6144M) 0.050ms
[95.061s][info][gc          ] GC(23) Concurrent class unloading 0.219ms
[95.061s][info][gc          ] GC(23) Pause Final Roots 0.003ms
[95.061s][info][gc,metaspace] Metaspace: 36088K(38272K)->36088K(38272K) NonClass: 26279K(28352K)->26279K(28352K) Class: 9809K(9920K)->9809K(9920K)
[95.071s][info][gc          ] Trigger: GC request (System.gc())
[95.073s][info][gc          ] GC(24) Concurrent reset 2.290ms
[95.073s][info][gc          ] GC(24) Pause Init Mark (unload classes) 0.054ms
[95.073s][info][gc          ] GC(24) Concurrent marking roots 0.120ms
[96.997s][info][gc          ] GC(24) Concurrent marking (unload classes) 1923.622ms
[96.997s][info][gc          ] GC(24) Pause Final Mark (unload classes) 0.193ms
[96.997s][info][gc          ] GC(24) Concurrent weak references 0.046ms
[96.998s][info][gc          ] GC(24) Concurrent weak roots 0.423ms
[96.998s][info][gc          ] GC(24) Concurrent cleanup 1812M->1812M(6144M) 0.051ms
[96.998s][info][gc          ] GC(24) Concurrent class unloading 0.147ms
[96.998s][info][gc          ] GC(24) Pause Final Roots 0.003ms
[96.998s][info][gc,metaspace] Metaspace: 36088K(38272K)->36088K(38272K) NonClass: 26279K(28352K)->26279K(28352K) Class: 9809K(9920K)->9809K(9920K)
[97.008s][info][gc          ] Trigger: GC request (System.gc())
[97.011s][info][gc          ] GC(25) Concurrent reset 2.567ms
[97.011s][info][gc          ] GC(25) Pause Init Mark (unload classes) 0.043ms
[97.011s][info][gc          ] GC(25) Concurrent marking roots 0.110ms
[98.860s][info][gc          ] GC(25) Concurrent marking (unload classes) 1848.828ms
[98.860s][info][gc          ] GC(25) Pause Final Mark (unload classes) 0.158ms
[98.860s][info][gc          ] GC(25) Concurrent weak references 0.068ms
[98.861s][info][gc          ] GC(25) Concurrent weak roots 0.310ms
[98.861s][info][gc          ] GC(25) Concurrent cleanup 1812M->1812M(6144M) 0.051ms
[98.861s][info][gc          ] GC(25) Concurrent class unloading 0.190ms
[98.861s][info][gc          ] GC(25) Pause Final Roots 0.004ms
[98.861s][info][gc,metaspace] Metaspace: 36088K(38272K)->36088K(38272K) NonClass: 26279K(28352K)->26279K(28352K) Class: 9809K(9920K)->9809K(9920K)
[98.871s][info][gc          ] Trigger: GC request (System.gc())
[98.873s][info][gc          ] GC(26) Concurrent reset 2.219ms
[98.873s][info][gc          ] GC(26) Pause Init Mark (unload classes) 0.043ms
[98.874s][info][gc          ] GC(26) Concurrent marking roots 0.086ms
[101.073s][info][gc          ] GC(26) Concurrent marking (unload classes) 2199.314ms
[101.073s][info][gc          ] GC(26) Pause Final Mark (unload classes) 0.192ms
[101.073s][info][gc          ] GC(26) Concurrent weak references 0.046ms
[101.074s][info][gc          ] GC(26) Concurrent weak roots 0.431ms
[101.074s][info][gc          ] GC(26) Concurrent cleanup 1812M->1812M(6144M) 0.051ms
[101.074s][info][gc          ] GC(26) Concurrent class unloading 0.187ms
[101.074s][info][gc          ] GC(26) Pause Final Roots 0.004ms
[101.074s][info][gc,metaspace] Metaspace: 36088K(38272K)->36088K(38272K) NonClass: 26279K(28352K)->26279K(28352K) Class: 9809K(9920K)->9809K(9920K)
[101.084s][info][gc          ] Trigger: GC request (System.gc())
[101.087s][info][gc          ] GC(27) Concurrent reset 2.656ms
[101.087s][info][gc          ] GC(27) Pause Init Mark (unload classes) 0.041ms
[101.087s][info][gc          ] GC(27) Concurrent marking roots 0.096ms
[102.888s][info][gc          ] GC(27) Concurrent marking (unload classes) 1800.975ms
[102.888s][info][gc          ] GC(27) Pause Final Mark (unload classes) 0.171ms
[102.888s][info][gc          ] GC(27) Concurrent weak references 0.048ms
[102.889s][info][gc          ] GC(27) Concurrent weak roots 0.366ms
[102.889s][info][gc          ] GC(27) Concurrent cleanup 1812M->1812M(6144M) 0.050ms
[102.889s][info][gc          ] GC(27) Concurrent class unloading 0.194ms
[102.889s][info][gc          ] GC(27) Pause Final Roots 0.003ms
[102.889s][info][gc,metaspace] Metaspace: 36088K(38272K)->36088K(38272K) NonClass: 26279K(28352K)->26279K(28352K) Class: 9809K(9920K)->9809K(9920K)
[102.899s][info][gc          ] Trigger: GC request (System.gc())
[102.902s][info][gc          ] GC(28) Concurrent reset 2.293ms
[102.902s][info][gc          ] GC(28) Pause Init Mark (unload classes) 0.043ms
[102.902s][info][gc          ] GC(28) Concurrent marking roots 0.102ms
[104.904s][info][gc          ] GC(28) Concurrent marking (unload classes) 2001.720ms
[104.904s][info][gc          ] GC(28) Pause Final Mark (unload classes) 0.197ms
[104.904s][info][gc          ] GC(28) Concurrent weak references 0.045ms
[104.904s][info][gc          ] GC(28) Concurrent weak roots 0.373ms
[104.904s][info][gc          ] GC(28) Concurrent cleanup 1812M->1812M(6144M) 0.051ms
[104.905s][info][gc          ] GC(28) Concurrent class unloading 0.191ms
[104.905s][info][gc          ] GC(28) Pause Final Roots 0.003ms
[104.905s][info][gc,metaspace] Metaspace: 36088K(38272K)->36088K(38272K) NonClass: 26279K(28352K)->26279K(28352K) Class: 9809K(9920K)->9809K(9920K)
[104.915s][info][gc          ] Trigger: GC request (System.gc())
[104.917s][info][gc          ] GC(29) Concurrent reset 2.349ms
[104.917s][info][gc          ] GC(29) Pause Init Mark (unload classes) 0.051ms
[104.917s][info][gc          ] GC(29) Concurrent marking roots 0.094ms
[107.100s][info][gc          ] GC(29) Concurrent marking (unload classes) 2182.825ms
[107.101s][info][gc          ] GC(29) Pause Final Mark (unload classes) 0.214ms
[107.101s][info][gc          ] GC(29) Concurrent weak references 0.042ms
[107.101s][info][gc          ] GC(29) Concurrent weak roots 0.431ms
[107.101s][info][gc          ] GC(29) Concurrent cleanup 1812M->1812M(6144M) 0.051ms
[107.101s][info][gc          ] GC(29) Concurrent class unloading 0.192ms
[107.101s][info][gc          ] GC(29) Pause Final Roots 0.003ms
[107.102s][info][gc,metaspace] Metaspace: 36088K(38272K)->36088K(38272K) NonClass: 26279K(28352K)->26279K(28352K) Class: 9809K(9920K)->9809K(9920K)
[107.112s][info][gc          ] Trigger: GC request (System.gc())
[107.114s][info][gc          ] GC(30) Concurrent reset 2.577ms
[107.114s][info][gc          ] GC(30) Pause Init Mark (unload classes) 0.041ms
[107.114s][info][gc          ] GC(30) Concurrent marking roots 0.113ms
[108.985s][info][gc          ] GC(30) Concurrent marking (unload classes) 1870.458ms
[108.985s][info][gc          ] GC(30) Pause Final Mark (unload classes) 0.188ms
[108.985s][info][gc          ] GC(30) Concurrent weak references 0.045ms
[108.986s][info][gc          ] GC(30) Concurrent weak roots 0.356ms
[108.986s][info][gc          ] GC(30) Concurrent cleanup 1812M->1812M(6144M) 0.051ms
[108.986s][info][gc          ] GC(30) Concurrent class unloading 0.196ms
[108.986s][info][gc          ] GC(30) Pause Final Roots 0.003ms
[108.986s][info][gc,metaspace] Metaspace: 36088K(38272K)->36088K(38272K) NonClass: 26279K(28352K)->26279K(28352K) Class: 9809K(9920K)->9809K(9920K)
[108.996s][info][gc          ] Trigger: GC request (System.gc())
[108.998s][info][gc          ] GC(31) Concurrent reset 2.339ms
[108.999s][info][gc          ] GC(31) Pause Init Mark (unload classes) 0.049ms
[108.999s][info][gc          ] GC(31) Concurrent marking roots 0.083ms
[111.145s][info][gc          ] GC(31) Concurrent marking (unload classes) 2145.920ms
[111.145s][info][gc          ] GC(31) Pause Final Mark (unload classes) 0.194ms
[111.145s][info][gc          ] GC(31) Concurrent weak references 0.047ms
[111.146s][info][gc          ] GC(31) Concurrent weak roots 0.423ms
[111.146s][info][gc          ] GC(31) Concurrent cleanup 1812M->1812M(6144M) 0.051ms
[111.146s][info][gc          ] GC(31) Concurrent class unloading 0.148ms
[111.146s][info][gc          ] GC(31) Pause Final Roots 0.003ms
[111.146s][info][gc,metaspace] Metaspace: 36088K(38272K)->36088K(38272K) NonClass: 26279K(28352K)->26279K(28352K) Class: 9809K(9920K)->9809K(9920K)
[111.156s][info][gc          ] Trigger: GC request (System.gc())
[111.159s][info][gc          ] GC(32) Concurrent reset 2.553ms
[111.159s][info][gc          ] GC(32) Pause Init Mark (unload classes) 0.039ms
[111.159s][info][gc          ] GC(32) Concurrent marking roots 0.093ms
[112.955s][info][gc          ] GC(32) Concurrent marking (unload classes) 1796.473ms
[112.956s][info][gc          ] GC(32) Pause Final Mark (unload classes) 0.190ms
[112.956s][info][gc          ] GC(32) Concurrent weak references 0.048ms
[112.956s][info][gc          ] GC(32) Concurrent weak roots 0.380ms
[112.956s][info][gc          ] GC(32) Concurrent cleanup 1812M->1812M(6144M) 0.051ms
[112.956s][info][gc          ] GC(32) Concurrent class unloading 0.198ms
[112.956s][info][gc          ] GC(32) Pause Final Roots 0.003ms
[112.956s][info][gc,metaspace] Metaspace: 36088K(38272K)->36088K(38272K) NonClass: 26279K(28352K)->26279K(28352K) Class: 9809K(9920K)->9809K(9920K)
[112.967s][info][gc          ] Trigger: GC request (System.gc())
[112.969s][info][gc          ] GC(33) Concurrent reset 2.318ms
[112.969s][info][gc          ] GC(33) Pause Init Mark (unload classes) 0.049ms
[112.969s][info][gc          ] GC(33) Concurrent marking roots 0.109ms
[114.943s][info][gc          ] GC(33) Concurrent marking (unload classes) 1973.864ms
[114.943s][info][gc          ] GC(33) Pause Final Mark (unload classes) 0.193ms
[114.943s][info][gc          ] GC(33) Concurrent weak references 0.045ms
[114.944s][info][gc          ] GC(33) Concurrent weak roots 0.427ms
[114.944s][info][gc          ] GC(33) Concurrent cleanup 1812M->1812M(6144M) 0.051ms
[114.944s][info][gc          ] GC(33) Concurrent class unloading 0.145ms
[114.944s][info][gc          ] GC(33) Pause Final Roots 0.003ms
[114.944s][info][gc,metaspace] Metaspace: 36088K(38272K)->36088K(38272K) NonClass: 26279K(28352K)->26279K(28352K) Class: 9809K(9920K)->9809K(9920K)
[114.954s][info][gc          ] Trigger: GC request (System.gc())
[114.957s][info][gc          ] GC(34) Concurrent reset 2.374ms
[114.957s][info][gc          ] GC(34) Pause Init Mark (unload classes) 0.043ms
[114.957s][info][gc          ] GC(34) Concurrent marking roots 0.087ms
[116.869s][info][gc          ] GC(34) Concurrent marking (unload classes) 1912.271ms
[116.869s][info][gc          ] GC(34) Pause Final Mark (unload classes) 0.186ms
[116.870s][info][gc          ] GC(34) Concurrent weak references 0.045ms
[116.870s][info][gc          ] GC(34) Concurrent weak roots 0.372ms
[116.870s][info][gc          ] GC(34) Concurrent cleanup 1812M->1812M(6144M) 0.051ms
[116.870s][info][gc          ] GC(34) Concurrent class unloading 0.189ms
[116.870s][info][gc          ] GC(34) Pause Final Roots 0.003ms
[116.870s][info][gc,metaspace] Metaspace: 36088K(38272K)->36088K(38272K) NonClass: 26279K(28352K)->26279K(28352K) Class: 9809K(9920K)->9809K(9920K)
[116.880s][info][gc          ] Trigger: GC request (System.gc())
[116.883s][info][gc          ] GC(35) Concurrent reset 2.436ms
[116.883s][info][gc          ] GC(35) Pause Init Mark (unload classes) 0.050ms
[116.883s][info][gc          ] GC(35) Concurrent marking roots 0.078ms
[119.081s][info][gc          ] GC(35) Concurrent marking (unload classes) 2198.280ms
[119.082s][info][gc          ] GC(35) Pause Final Mark (unload classes) 0.201ms
[119.082s][info][gc          ] GC(35) Concurrent weak references 0.074ms
[119.082s][info][gc          ] GC(35) Concurrent weak roots 0.320ms
[119.082s][info][gc          ] GC(35) Concurrent cleanup 1812M->1812M(6144M) 0.051ms
[119.082s][info][gc          ] GC(35) Concurrent class unloading 0.198ms
[119.082s][info][gc          ] GC(35) Pause Final Roots 0.003ms
[119.083s][info][gc,metaspace] Metaspace: 36088K(38272K)->36088K(38272K) NonClass: 26279K(28352K)->26279K(28352K) Class: 9809K(9920K)->9809K(9920K)
[119.093s][info][gc          ] Trigger: GC request (System.gc())
[119.095s][info][gc          ] GC(36) Concurrent reset 2.375ms
[119.095s][info][gc          ] GC(36) Pause Init Mark (unload classes) 0.048ms
[119.095s][info][gc          ] GC(36) Concurrent marking roots 0.098ms
[121.016s][info][gc          ] GC(36) Concurrent marking (unload classes) 1920.170ms
[121.016s][info][gc          ] GC(36) Pause Final Mark (unload classes) 0.195ms
[121.016s][info][gc          ] GC(36) Concurrent weak references 0.074ms
[121.016s][info][gc          ] GC(36) Concurrent weak roots 0.326ms
[121.016s][info][gc          ] GC(36) Concurrent cleanup 1812M->1812M(6144M) 0.051ms
[121.017s][info][gc          ] GC(36) Concurrent class unloading 0.224ms
[121.017s][info][gc          ] GC(36) Pause Final Roots 0.003ms
[121.017s][info][gc,metaspace] Metaspace: 36088K(38272K)->36088K(38272K) NonClass: 26279K(28352K)->26279K(28352K) Class: 9809K(9920K)->9809K(9920K)
[121.027s][info][gc          ] Trigger: GC request (System.gc())
[121.029s][info][gc          ] GC(37) Concurrent reset 2.311ms
[121.029s][info][gc          ] GC(37) Pause Init Mark (unload classes) 0.043ms
[121.029s][info][gc          ] GC(37) Concurrent marking roots 0.107ms
[122.975s][info][gc          ] GC(37) Concurrent marking (unload classes) 1945.876ms
[122.976s][info][gc          ] GC(37) Pause Final Mark (unload classes) 0.198ms
[122.976s][info][gc          ] GC(37) Concurrent weak references 0.049ms
[122.976s][info][gc          ] GC(37) Concurrent weak roots 0.363ms
[122.976s][info][gc          ] GC(37) Concurrent cleanup 1815M->1815M(6144M) 0.051ms
[122.976s][info][gc          ] GC(37) Concurrent class unloading 0.184ms
[122.976s][info][gc          ] GC(37) Pause Final Roots 0.003ms
[122.976s][info][gc,metaspace] Metaspace: 36088K(38272K)->36088K(38272K) NonClass: 26279K(28352K)->26279K(28352K) Class: 9809K(9920K)->9809K(9920K)
[122.977s][info][gc          ] Trigger: GC request (System.gc())
[122.980s][info][gc          ] GC(38) Concurrent reset 2.637ms
[122.980s][info][gc          ] GC(38) Pause Init Mark (unload classes) 0.041ms
[122.980s][info][gc          ] GC(38) Concurrent marking roots 0.102ms
[124.813s][info][gc          ] GC(38) Concurrent marking (unload classes) 1832.558ms
[124.813s][info][gc          ] GC(38) Pause Final Mark (unload classes) 0.182ms
[124.813s][info][gc          ] GC(38) Concurrent thread roots 0.061ms
[124.813s][info][gc          ] GC(38) Concurrent weak references 0.074ms
[124.814s][info][gc          ] GC(38) Concurrent weak roots 0.357ms
[124.814s][info][gc          ] GC(38) Concurrent cleanup 1815M->1815M(6144M) 0.051ms
[124.814s][info][gc          ] GC(38) Concurrent class unloading 0.239ms
[124.814s][info][gc          ] GC(38) Concurrent strong roots 0.166ms
[124.814s][info][gc          ] GC(38) Concurrent evacuation 0.064ms
[124.814s][info][gc          ] GC(38) Pause Init Update Refs 0.006ms
[124.814s][info][gc          ] GC(38) At start of update refs, moving 4096K to Mutator free partition from Collector Reserve
[125.858s][info][gc          ] GC(38) Concurrent update references 1043.276ms
[125.858s][info][gc          ] GC(38) Concurrent update thread roots 0.238ms
[125.858s][info][gc          ] GC(38) Pause Final Update Refs 0.056ms
[125.858s][info][gc          ] GC(38) Concurrent cleanup 1815M->1812M(6144M) 0.052ms
[125.858s][info][gc,metaspace] Metaspace: 36088K(38272K)->36088K(38272K) NonClass: 26279K(28352K)->26279K(28352K) Class: 9809K(9920K)->9809K(9920K)
[125.859s][info][gc          ] Trigger: GC request (System.gc())
[125.862s][info][gc          ] GC(39) Concurrent reset 2.586ms
[125.862s][info][gc          ] GC(39) Pause Init Mark (unload classes) 0.043ms
[125.862s][info][gc          ] GC(39) Concurrent marking roots 0.095ms
[127.727s][info][gc          ] GC(39) Concurrent marking (unload classes) 1865.085ms
[127.728s][info][gc          ] GC(39) Pause Final Mark (unload classes) 0.178ms
[127.728s][info][gc          ] GC(39) Concurrent weak references 0.047ms
[127.728s][info][gc          ] GC(39) Concurrent weak roots 0.355ms
[127.728s][info][gc          ] GC(39) Concurrent cleanup 1812M->1812M(6144M) 0.059ms
[127.728s][info][gc          ] GC(39) Concurrent class unloading 0.210ms
[127.728s][info][gc          ] GC(39) Pause Final Roots 0.003ms
[127.728s][info][gc,metaspace] Metaspace: 36088K(38272K)->36088K(38272K) NonClass: 26279K(28352K)->26279K(28352K) Class: 9809K(9920K)->9809K(9920K)
[127.730s][info][gc          ] Trigger: GC request (System.gc())
[127.733s][info][gc          ] GC(40) Concurrent reset 2.382ms
[127.733s][info][gc          ] GC(40) Pause Init Mark (unload classes) 0.047ms
[127.733s][info][gc          ] GC(40) Concurrent marking roots 0.080ms
[130.045s][info][gc          ] GC(40) Concurrent marking (unload classes) 2311.431ms
[130.045s][info][gc          ] GC(40) Pause Final Mark (unload classes) 0.172ms
[130.045s][info][gc          ] GC(40) Concurrent weak references 0.046ms
[130.045s][info][gc          ] GC(40) Concurrent weak roots 0.370ms
[130.045s][info][gc          ] GC(40) Concurrent cleanup 1812M->1812M(6144M) 0.051ms
[130.046s][info][gc          ] GC(40) Concurrent class unloading 0.151ms
[130.046s][info][gc          ] GC(40) Pause Final Roots 0.003ms
[130.046s][info][gc,metaspace] Metaspace: 36088K(38272K)->36088K(38272K) NonClass: 26279K(28352K)->26279K(28352K) Class: 9809K(9920K)->9809K(9920K)
[130.050s][info][gc          ] Trigger: GC request (System.gc())
[130.052s][info][gc          ] GC(41) Concurrent reset 2.274ms
[130.052s][info][gc          ] GC(41) Pause Init Mark (unload classes) 0.039ms
[130.052s][info][gc          ] GC(41) Concurrent marking roots 0.087ms
[132.181s][info][gc          ] GC(41) Concurrent marking (unload classes) 2128.955ms
[132.182s][info][gc          ] GC(41) Pause Final Mark (unload classes) 0.196ms
[132.182s][info][gc          ] GC(41) Concurrent weak references 0.046ms
[132.182s][info][gc          ] GC(41) Concurrent weak roots 0.371ms
[132.182s][info][gc          ] GC(41) Concurrent cleanup 1812M->1812M(6144M) 0.051ms
[132.182s][info][gc          ] GC(41) Concurrent class unloading 0.194ms
[132.182s][info][gc          ] GC(41) Pause Final Roots 0.003ms
[132.182s][info][gc,metaspace] Metaspace: 36088K(38272K)->36088K(38272K) NonClass: 26279K(28352K)->26279K(28352K) Class: 9809K(9920K)->9809K(9920K)
[132.190s][info][gc          ] Trigger: GC request (System.gc())
[132.193s][info][gc          ] GC(42) Concurrent reset 2.377ms
[132.193s][info][gc          ] GC(42) Pause Init Mark (unload classes) 0.043ms
[132.193s][info][gc          ] GC(42) Concurrent marking roots 0.102ms
[133.929s][info][gc          ] GC(42) Concurrent marking (unload classes) 1735.581ms
[133.929s][info][gc          ] GC(42) Pause Final Mark (unload classes) 0.187ms
[133.929s][info][gc          ] GC(42) Concurrent weak references 0.045ms
[133.929s][info][gc          ] GC(42) Concurrent weak roots 0.350ms
[133.930s][info][gc          ] GC(42) Concurrent cleanup 1812M->1812M(6144M) 0.051ms
[133.930s][info][gc          ] GC(42) Concurrent class unloading 0.193ms
[133.930s][info][gc          ] GC(42) Pause Final Roots 0.003ms
[133.930s][info][gc,metaspace] Metaspace: 36088K(38272K)->36088K(38272K) NonClass: 26279K(28352K)->26279K(28352K) Class: 9809K(9920K)->9809K(9920K)
[133.940s][info][gc          ] Trigger: GC request (System.gc())
[133.942s][info][gc          ] GC(43) Concurrent reset 2.426ms
[133.942s][info][gc          ] GC(43) Pause Init Mark (unload classes) 0.049ms
[133.943s][info][gc          ] GC(43) Concurrent marking roots 0.104ms
[135.924s][info][gc          ] GC(43) Concurrent marking (unload classes) 1981.162ms
[135.924s][info][gc          ] GC(43) Pause Final Mark (unload classes) 0.193ms
[135.924s][info][gc          ] GC(43) Concurrent weak references 0.041ms
[135.925s][info][gc          ] GC(43) Concurrent weak roots 0.373ms
[135.925s][info][gc          ] GC(43) Concurrent cleanup 1812M->1812M(6144M) 0.051ms
[135.925s][info][gc          ] GC(43) Concurrent class unloading 0.184ms
[135.925s][info][gc          ] GC(43) Pause Final Roots 0.003ms
[135.925s][info][gc,metaspace] Metaspace: 36088K(38272K)->36088K(38272K) NonClass: 26279K(28352K)->26279K(28352K) Class: 9809K(9920K)->9809K(9920K)
[135.935s][info][gc          ] Trigger: GC request (System.gc())
[135.937s][info][gc          ] GC(44) Concurrent reset 2.301ms
[135.937s][info][gc          ] GC(44) Pause Init Mark (unload classes) 0.047ms
[135.938s][info][gc          ] GC(44) Concurrent marking roots 0.103ms
[137.922s][info][gc          ] GC(44) Concurrent marking (unload classes) 1984.090ms
[137.922s][info][gc          ] GC(44) Pause Final Mark (unload classes) 0.195ms
[137.922s][info][gc          ] GC(44) Concurrent weak references 0.047ms
[137.922s][info][gc          ] GC(44) Concurrent weak roots 0.345ms
[137.923s][info][gc          ] GC(44) Concurrent cleanup 1812M->1812M(6144M) 0.050ms
[137.923s][info][gc          ] GC(44) Concurrent class unloading 0.194ms
[137.923s][info][gc          ] GC(44) Pause Final Roots 0.003ms
[137.923s][info][gc,metaspace] Metaspace: 36088K(38272K)->36088K(38272K) NonClass: 26279K(28352K)->26279K(28352K) Class: 9809K(9920K)->9809K(9920K)
[137.933s][info][gc          ] Trigger: GC request (System.gc())
[137.935s][info][gc          ] GC(45) Concurrent reset 2.297ms
[137.935s][info][gc          ] GC(45) Pause Init Mark (unload classes) 0.040ms
[137.936s][info][gc          ] GC(45) Concurrent marking roots 0.119ms
[139.916s][info][gc          ] GC(45) Concurrent marking (unload classes) 1980.297ms
[139.916s][info][gc          ] GC(45) Pause Final Mark (unload classes) 0.192ms
[139.916s][info][gc          ] GC(45) Concurrent weak references 0.047ms
[139.917s][info][gc          ] GC(45) Concurrent weak roots 0.377ms
[139.917s][info][gc          ] GC(45) Concurrent cleanup 1812M->1812M(6144M) 0.050ms
[139.917s][info][gc          ] GC(45) Concurrent class unloading 0.148ms
[139.917s][info][gc          ] GC(45) Pause Final Roots 0.004ms
[139.917s][info][gc,metaspace] Metaspace: 36088K(38272K)->36088K(38272K) NonClass: 26279K(28352K)->26279K(28352K) Class: 9809K(9920K)->9809K(9920K)
[139.927s][info][gc          ] Trigger: GC request (System.gc())
[139.929s][info][gc          ] GC(46) Concurrent reset 2.284ms
[139.929s][info][gc          ] GC(46) Pause Init Mark (unload classes) 0.046ms
[139.930s][info][gc          ] GC(46) Concurrent marking roots 0.099ms
[141.914s][info][gc          ] GC(46) Concurrent marking (unload classes) 1984.759ms
[141.915s][info][gc          ] GC(46) Pause Final Mark (unload classes) 0.192ms
[141.915s][info][gc          ] GC(46) Concurrent weak references 0.045ms
[141.915s][info][gc          ] GC(46) Concurrent weak roots 0.369ms
[141.915s][info][gc          ] GC(46) Concurrent cleanup 1812M->1812M(6144M) 0.051ms
[141.915s][info][gc          ] GC(46) Concurrent class unloading 0.187ms
[141.915s][info][gc          ] GC(46) Pause Final Roots 0.003ms
[141.916s][info][gc,metaspace] Metaspace: 36088K(38272K)->36088K(38272K) NonClass: 26279K(28352K)->26279K(28352K) Class: 9809K(9920K)->9809K(9920K)
[141.926s][info][gc          ] Trigger: GC request (System.gc())
[141.928s][info][gc          ] GC(47) Concurrent reset 2.432ms
[141.928s][info][gc          ] GC(47) Pause Init Mark (unload classes) 0.047ms
[141.928s][info][gc          ] GC(47) Concurrent marking roots 0.087ms
[143.968s][info][gc          ] GC(47) Concurrent marking (unload classes) 2039.836ms
[143.969s][info][gc          ] GC(47) Pause Final Mark (unload classes) 0.213ms
[143.969s][info][gc          ] GC(47) Concurrent weak references 0.057ms
[143.969s][info][gc          ] GC(47) Concurrent weak roots 0.327ms
[143.969s][info][gc          ] GC(47) Concurrent cleanup 1812M->1812M(6144M) 0.051ms
[143.969s][info][gc          ] GC(47) Concurrent class unloading 0.198ms
[143.969s][info][gc          ] GC(47) Pause Final Roots 0.003ms
[143.969s][info][gc,metaspace] Metaspace: 36088K(38272K)->36088K(38272K) NonClass: 26279K(28352K)->26279K(28352K) Class: 9809K(9920K)->9809K(9920K)
[143.979s][info][gc          ] Trigger: GC request (System.gc())
[143.982s][info][gc          ] GC(48) Concurrent reset 2.191ms
[143.982s][info][gc          ] GC(48) Pause Init Mark (unload classes) 0.042ms
[143.982s][info][gc          ] GC(48) Concurrent marking roots 0.108ms
[145.950s][info][gc          ] GC(48) Concurrent marking (unload classes) 1967.555ms
[145.950s][info][gc          ] GC(48) Pause Final Mark (unload classes) 0.202ms
[145.950s][info][gc          ] GC(48) Concurrent weak references 0.046ms
[145.950s][info][gc          ] GC(48) Concurrent weak roots 0.372ms
[145.950s][info][gc          ] GC(48) Concurrent cleanup 1812M->1812M(6144M) 0.051ms
[145.951s][info][gc          ] GC(48) Concurrent class unloading 0.148ms
[145.951s][info][gc          ] GC(48) Pause Final Roots 0.003ms
[145.951s][info][gc,metaspace] Metaspace: 36088K(38272K)->36088K(38272K) NonClass: 26279K(28352K)->26279K(28352K) Class: 9809K(9920K)->9809K(9920K)
[145.961s][info][gc          ] Trigger: GC request (System.gc())
[145.963s][info][gc          ] GC(49) Concurrent reset 2.309ms
[145.963s][info][gc          ] GC(49) Pause Init Mark (unload classes) 0.047ms
[145.964s][info][gc          ] GC(49) Concurrent marking roots 0.107ms
[147.936s][info][gc          ] GC(49) Concurrent marking (unload classes) 1972.259ms
[147.936s][info][gc          ] GC(49) Pause Final Mark (unload classes) 0.191ms
[147.936s][info][gc          ] GC(49) Concurrent weak references 0.047ms
[147.937s][info][gc          ] GC(49) Concurrent weak roots 0.389ms
[147.937s][info][gc          ] GC(49) Concurrent cleanup 1812M->1812M(6144M) 0.051ms
[147.937s][info][gc          ] GC(49) Concurrent class unloading 0.193ms
[147.937s][info][gc          ] GC(49) Pause Final Roots 0.003ms
[147.937s][info][gc,metaspace] Metaspace: 36088K(38272K)->36088K(38272K) NonClass: 26279K(28352K)->26279K(28352K) Class: 9809K(9920K)->9809K(9920K)
[147.947s][info][gc          ] Trigger: GC request (System.gc())
[147.949s][info][gc          ] GC(50) Concurrent reset 2.395ms
[147.950s][info][gc          ] GC(50) Pause Init Mark (unload classes) 0.048ms
[147.950s][info][gc          ] GC(50) Concurrent marking roots 0.080ms
[149.987s][info][gc          ] GC(50) Concurrent marking (unload classes) 2037.154ms
[149.987s][info][gc          ] GC(50) Pause Final Mark (unload classes) 0.187ms
[149.987s][info][gc          ] GC(50) Concurrent weak references 0.069ms
[149.988s][info][gc          ] GC(50) Concurrent weak roots 0.331ms
[149.988s][info][gc          ] GC(50) Concurrent cleanup 1812M->1812M(6144M) 0.051ms
[149.988s][info][gc          ] GC(50) Concurrent class unloading 0.230ms
[149.988s][info][gc          ] GC(50) Pause Final Roots 0.003ms
[149.988s][info][gc,metaspace] Metaspace: 36088K(38272K)->36088K(38272K) NonClass: 26279K(28352K)->26279K(28352K) Class: 9809K(9920K)->9809K(9920K)
[149.998s][info][gc          ] Trigger: GC request (System.gc())
[150.000s][info][gc          ] GC(51) Concurrent reset 2.341ms
[150.001s][info][gc          ] GC(51) Pause Init Mark (unload classes) 0.047ms
[150.001s][info][gc          ] GC(51) Concurrent marking roots 0.108ms
[151.963s][info][gc          ] GC(51) Concurrent marking (unload classes) 1962.591ms
[151.964s][info][gc          ] GC(51) Pause Final Mark (unload classes) 0.192ms
[151.964s][info][gc          ] GC(51) Concurrent weak references 0.047ms
[151.964s][info][gc          ] GC(51) Concurrent weak roots 0.431ms
[151.964s][info][gc          ] GC(51) Concurrent cleanup 1812M->1812M(6144M) 0.051ms
[151.964s][info][gc          ] GC(51) Concurrent class unloading 0.188ms
[151.965s][info][gc          ] GC(51) Pause Final Roots 0.003ms
[151.965s][info][gc,metaspace] Metaspace: 36088K(38272K)->36088K(38272K) NonClass: 26279K(28352K)->26279K(28352K) Class: 9809K(9920K)->9809K(9920K)
[151.975s][info][gc          ] Trigger: GC request (System.gc())
[151.977s][info][gc          ] GC(52) Concurrent reset 2.571ms
[151.977s][info][gc          ] GC(52) Pause Init Mark (unload classes) 0.041ms
[151.978s][info][gc          ] GC(52) Concurrent marking roots 0.085ms
[153.953s][info][gc          ] GC(52) Concurrent marking (unload classes) 1975.322ms
[153.953s][info][gc          ] GC(52) Pause Final Mark (unload classes) 0.190ms
[153.953s][info][gc          ] GC(52) Concurrent weak references 0.051ms
[153.954s][info][gc          ] GC(52) Concurrent weak roots 0.374ms
[153.954s][info][gc          ] GC(52) Concurrent cleanup 1812M->1812M(6144M) 0.051ms
[153.954s][info][gc          ] GC(52) Concurrent class unloading 0.197ms
[153.954s][info][gc          ] GC(52) Pause Final Roots 0.003ms
[153.954s][info][gc,metaspace] Metaspace: 36088K(38272K)->36088K(38272K) NonClass: 26279K(28352K)->26279K(28352K) Class: 9809K(9920K)->9809K(9920K)
[153.964s][info][gc          ] Trigger: GC request (System.gc())
[153.967s][info][gc          ] GC(53) Concurrent reset 2.436ms
[153.967s][info][gc          ] GC(53) Pause Init Mark (unload classes) 0.049ms
[153.967s][info][gc          ] GC(53) Concurrent marking roots 0.108ms
[156.022s][info][gc          ] GC(53) Concurrent marking (unload classes) 2055.582ms
[156.023s][info][gc          ] GC(53) Pause Final Mark (unload classes) 0.201ms
[156.023s][info][gc          ] GC(53) Concurrent weak references 0.044ms
[156.023s][info][gc          ] GC(53) Concurrent weak roots 0.437ms
[156.023s][info][gc          ] GC(53) Concurrent cleanup 1812M->1812M(6144M) 0.051ms
[156.024s][info][gc          ] GC(53) Concurrent class unloading 0.189ms
[156.024s][info][gc          ] GC(53) Pause Final Roots 0.003ms
[156.024s][info][gc,metaspace] Metaspace: 36088K(38272K)->36088K(38272K) NonClass: 26279K(28352K)->26279K(28352K) Class: 9809K(9920K)->9809K(9920K)
[156.034s][info][gc          ] Trigger: GC request (System.gc())
[156.036s][info][gc          ] GC(54) Concurrent reset 2.359ms
[156.036s][info][gc          ] GC(54) Pause Init Mark (unload classes) 0.053ms
[156.036s][info][gc          ] GC(54) Concurrent marking roots 0.116ms
[158.082s][info][gc          ] GC(54) Concurrent marking (unload classes) 2045.436ms
[158.082s][info][gc          ] GC(54) Pause Final Mark (unload classes) 0.188ms
[158.082s][info][gc          ] GC(54) Concurrent weak references 0.052ms
[158.083s][info][gc          ] GC(54) Concurrent weak roots 0.349ms
[158.083s][info][gc          ] GC(54) Concurrent cleanup 1812M->1812M(6144M) 0.051ms
[158.083s][info][gc          ] GC(54) Concurrent class unloading 0.197ms
[158.083s][info][gc          ] GC(54) Pause Final Roots 0.003ms
[158.083s][info][gc,metaspace] Metaspace: 36088K(38272K)->36088K(38272K) NonClass: 26279K(28352K)->26279K(28352K) Class: 9809K(9920K)->9809K(9920K)
[158.093s][info][gc          ] Trigger: GC request (System.gc())
[158.095s][info][gc          ] GC(55) Concurrent reset 2.305ms
[158.096s][info][gc          ] GC(55) Pause Init Mark (unload classes) 0.048ms
[158.096s][info][gc          ] GC(55) Concurrent marking roots 0.104ms
[160.118s][info][gc          ] GC(55) Concurrent marking (unload classes) 2021.965ms
[160.118s][info][gc          ] GC(55) Pause Final Mark (unload classes) 0.204ms
[160.118s][info][gc          ] GC(55) Concurrent weak references 0.077ms
[160.119s][info][gc          ] GC(55) Concurrent weak roots 0.351ms
[160.119s][info][gc          ] GC(55) Concurrent cleanup 1812M->1812M(6144M) 0.051ms
[160.119s][info][gc          ] GC(55) Concurrent class unloading 0.194ms
[160.119s][info][gc          ] GC(55) Pause Final Roots 0.003ms
[160.119s][info][gc,metaspace] Metaspace: 36088K(38272K)->36088K(38272K) NonClass: 26279K(28352K)->26279K(28352K) Class: 9809K(9920K)->9809K(9920K)
[160.129s][info][gc          ] Trigger: GC request (System.gc())
[160.131s][info][gc          ] GC(56) Concurrent reset 2.406ms
[160.132s][info][gc          ] GC(56) Pause Init Mark (unload classes) 0.056ms
[160.132s][info][gc          ] GC(56) Concurrent marking roots 0.106ms
[162.000s][info][gc          ] GC(56) Concurrent marking (unload classes) 1868.381ms
[162.000s][info][gc          ] GC(56) Pause Final Mark (unload classes) 0.212ms
[162.001s][info][gc          ] GC(56) Concurrent weak references 0.060ms
[162.001s][info][gc          ] GC(56) Concurrent weak roots 0.363ms
[162.001s][info][gc          ] GC(56) Concurrent cleanup 1812M->1812M(6144M) 0.051ms
[162.001s][info][gc          ] GC(56) Concurrent class unloading 0.185ms
[162.001s][info][gc          ] GC(56) Pause Final Roots 0.003ms
[162.001s][info][gc,metaspace] Metaspace: 36088K(38272K)->36088K(38272K) NonClass: 26279K(28352K)->26279K(28352K) Class: 9809K(9920K)->9809K(9920K)
[162.011s][info][gc          ] Trigger: GC request (System.gc())
[162.014s][info][gc          ] GC(57) Concurrent reset 2.679ms
[162.014s][info][gc          ] GC(57) Pause Init Mark (unload classes) 0.041ms
[162.014s][info][gc          ] GC(57) Concurrent marking roots 0.121ms
[163.919s][info][gc          ] GC(57) Concurrent marking (unload classes) 1904.336ms
[163.924s][info][gc          ] GC(57) Pause Final Mark (unload classes) 0.314ms
[163.924s][info][gc          ] GC(57) Concurrent weak references 0.073ms
[163.924s][info][gc          ] GC(57) Concurrent weak roots 0.334ms
[163.924s][info][gc          ] GC(57) Concurrent cleanup 1812M->1812M(6144M) 0.054ms
[163.924s][info][gc          ] GC(57) Concurrent class unloading 0.195ms
[163.924s][info][gc          ] GC(57) Pause Final Roots 0.003ms
[163.924s][info][gc,metaspace] Metaspace: 36088K(38272K)->36088K(38272K) NonClass: 26279K(28352K)->26279K(28352K) Class: 9809K(9920K)->9809K(9920K)
[163.934s][info][gc          ] Trigger: GC request (System.gc())
[163.937s][info][gc          ] GC(58) Concurrent reset 2.320ms
[163.937s][info][gc          ] GC(58) Pause Init Mark (unload classes) 0.043ms
[163.937s][info][gc          ] GC(58) Concurrent marking roots 0.098ms
[165.924s][info][gc          ] GC(58) Concurrent marking (unload classes) 1986.555ms
[165.924s][info][gc          ] GC(58) Pause Final Mark (unload classes) 0.188ms
[165.924s][info][gc          ] GC(58) Concurrent weak references 0.046ms
[165.924s][info][gc          ] GC(58) Concurrent weak roots 0.360ms
[165.924s][info][gc          ] GC(58) Concurrent cleanup 1812M->1812M(6144M) 0.052ms
[165.925s][info][gc          ] GC(58) Concurrent class unloading 0.195ms
[165.925s][info][gc          ] GC(58) Pause Final Roots 0.003ms
[165.925s][info][gc,metaspace] Metaspace: 36088K(38272K)->36088K(38272K) NonClass: 26279K(28352K)->26279K(28352K) Class: 9809K(9920K)->9809K(9920K)
[165.935s][info][gc          ] Trigger: GC request (System.gc())
[165.937s][info][gc          ] GC(59) Concurrent reset 2.367ms
[165.937s][info][gc          ] GC(59) Pause Init Mark (unload classes) 0.046ms
[165.938s][info][gc          ] GC(59) Concurrent marking roots 0.107ms
[168.108s][info][gc          ] GC(59) Concurrent marking (unload classes) 2170.795ms
[168.109s][info][gc          ] GC(59) Pause Final Mark (unload classes) 0.217ms
[168.109s][info][gc          ] GC(59) Concurrent weak references 0.044ms
[168.109s][info][gc          ] GC(59) Concurrent weak roots 0.349ms
[168.109s][info][gc          ] GC(59) Concurrent cleanup 1812M->1812M(6144M) 0.051ms
[168.109s][info][gc          ] GC(59) Concurrent class unloading 0.186ms
[168.109s][info][gc          ] GC(59) Pause Final Roots 0.003ms
[168.109s][info][gc,metaspace] Metaspace: 36088K(38272K)->36088K(38272K) NonClass: 26279K(28352K)->26279K(28352K) Class: 9809K(9920K)->9809K(9920K)
[168.119s][info][gc          ] Trigger: GC request (System.gc())
[168.122s][info][gc          ] GC(60) Concurrent reset 2.674ms
[168.122s][info][gc          ] GC(60) Pause Init Mark (unload classes) 0.041ms
[168.122s][info][gc          ] GC(60) Concurrent marking roots 0.105ms
[169.905s][info][gc          ] GC(60) Concurrent marking (unload classes) 1782.166ms
[169.905s][info][gc          ] GC(60) Pause Final Mark (unload classes) 0.188ms
[169.905s][info][gc          ] GC(60) Concurrent weak references 0.045ms
[169.905s][info][gc          ] GC(60) Concurrent weak roots 0.354ms
[169.905s][info][gc          ] GC(60) Concurrent cleanup 1812M->1812M(6144M) 0.051ms
[169.906s][info][gc          ] GC(60) Concurrent class unloading 0.190ms
[169.906s][info][gc          ] GC(60) Pause Final Roots 0.003ms
[169.906s][info][gc,metaspace] Metaspace: 36088K(38272K)->36088K(38272K) NonClass: 26279K(28352K)->26279K(28352K) Class: 9809K(9920K)->9809K(9920K)
After GCs... 
[169.916s][info][gc          ] Trigger: Learning 2 of 5. Free (4016M) is below initial threshold (4300M)
[169.918s][info][gc          ] GC(61) Concurrent reset 2.490ms
[169.918s][info][gc          ] GC(61) Pause Init Mark (unload classes) 0.042ms
[169.919s][info][gc          ] GC(61) Concurrent marking roots 0.697ms
[169.938s][info][gc          ] Cancelling GC: Stopping VM
[169.938s][info][gc          ] GC(61) Concurrent marking (unload classes) 18.447ms
[169.938s][info][gc,metaspace] Metaspace: 36236K(38400K)->36416K(38528K) NonClass: 26411K(28480K)->26564K(28608K) Class: 9825K(9920K)->9851K(9920K)
