[0.002s][info][gc] Min heap equals to max heap, disabling ShenandoahUncommit
[0.002s][info][metaspace]  - commit_granule_bytes: 65536.
[0.002s][info][metaspace]  - commit_granule_words: 8192.
[0.002s][info][metaspace]  - virtual_space_node_default_size: 8388608.
[0.002s][info][metaspace]  - enlarge_chunks_in_place: 1.
[0.002s][info][metaspace]  - use_allocation_guard: 0.
[0.005s][info][gc       ] Heuristics ergonomically sets -XX:+ExplicitGCInvokesConcurrent
[0.005s][info][gc       ] Heuristics ergonomically sets -XX:+ShenandoahImplicitGCInvokesConcurrent
[0.006s][info][gc       ] Using Shenandoah
[0.322s][info][metaspace] Reserving compressed class space anywhere
[0.322s][info][gc,metaspace] CDS archive(s) not mapped
[0.322s][info][gc,metaspace] Compressed class space mapped at: 0x0000000028000000-0x00000000e8000000, reserved size: 3221225472
[0.322s][info][gc,metaspace] UseCompressedClassPointers 1, UseCompactObjectHeaders 1, narrow klass pointer bits 22, max shift 10
[0.322s][info][gc,metaspace] Narrow klass base: 0x0000000028000000, Narrow klass shift: 10, Narrow klass range: 0xc0000000
Random Seed: 12345678
Num Classes: 16384
Num Objects: 67108864
Percent IK Objects: 83.0%)
Percent OAK Objects: 5.0%)
Percent TAK Objects: 12.0%)
Cycles: 50
Loading 16384 pre-generated classes ...
Materialize pre-generated constructors ...
Creating objects...
[1.093s][info][gc          ] Trigger: GC request (System.gc())
[1.093s][info][gc          ] GC(0) Concurrent reset 0.115ms
[1.094s][info][gc          ] GC(0) Pause Init Mark (unload classes) 0.036ms
[1.094s][info][gc          ] GC(0) Concurrent marking roots 0.226ms
[1.104s][info][gc          ] GC(0) Concurrent marking (unload classes) 9.999ms
[1.104s][info][gc          ] GC(0) Pause Final Mark (unload classes) 0.136ms
[1.104s][info][gc          ] GC(0) Concurrent thread roots 0.076ms
[1.106s][info][gc          ] GC(0) Concurrent weak references 1.590ms
[1.107s][info][gc          ] GC(0) Concurrent weak roots 1.292ms
[1.107s][info][gc          ] GC(0) Concurrent cleanup 77M->77M(6144M) 0.030ms
[1.111s][info][metaspace   ] ChkMgr @0x00007ffff010fac0 (non-class-space): : reclaiming memory...
[1.111s][info][metaspace   ] ChkMgr @0x00007ffff010fac0 (non-class-space): nothing reclaimed.
[1.111s][info][metaspace   ] ChkMgr @0x00007ffff010f8d0 (class-space): : reclaiming memory...
[1.111s][info][metaspace   ] ChkMgr @0x00007ffff010f8d0 (class-space): nothing reclaimed.
[1.111s][info][gc          ] GC(0) Concurrent class unloading 3.509ms
[1.113s][info][gc          ] GC(0) Concurrent strong roots 1.949ms
[1.117s][info][gc          ] GC(0) Concurrent evacuation 4.250ms
[1.117s][info][gc          ] GC(0) Pause Init Update Refs 0.010ms
[1.117s][info][gc          ] GC(0) At start of update refs, moving 77824K to Mutator free partition from Collector Reserve
[1.124s][info][gc          ] GC(0) Concurrent update references 6.894ms
[1.124s][info][gc          ] GC(0) Concurrent update thread roots 0.126ms
[1.124s][info][gc          ] GC(0) Pause Final Update Refs 0.063ms
[1.124s][info][gc          ] GC(0) Concurrent cleanup 93M->17M(6144M) 0.052ms
[1.124s][info][gc,metaspace] Metaspace: 36836K(37120K)->36812K(37120K) NonClass: 18669K(18816K)->18654K(18816K) Class: 18166K(18304K)->18158K(18304K)
[3.995s][info][gc          ] Trigger: Learning 2 of 5. Free (4300M) is below initial threshold (4300M)
[3.995s][info][gc          ] GC(1) Concurrent reset 0.263ms
[3.995s][info][gc          ] GC(1) Pause Init Mark (unload classes) 0.052ms
[3.997s][info][gc          ] GC(1) Concurrent marking roots 2.171ms
[4.336s][info][gc          ] GC(1) Concurrent marking (unload classes) 338.304ms
[4.336s][info][gc          ] GC(1) Pause Final Mark (unload classes) 0.228ms
[4.336s][info][gc          ] GC(1) Concurrent thread roots 0.086ms
[4.338s][info][gc          ] GC(1) Concurrent weak references 1.828ms
[4.343s][info][gc          ] GC(1) Concurrent weak roots 4.918ms
[4.343s][info][gc          ] GC(1) Concurrent cleanup 1616M->1616M(6144M) 0.044ms
[4.345s][info][gc          ] GC(1) Concurrent class unloading 2.076ms
[4.347s][info][gc          ] GC(1) Concurrent strong roots 1.553ms
[4.434s][info][gc          ] GC(1) Concurrent evacuation 87.631ms
[4.434s][info][gc          ] GC(1) Pause Init Update Refs 0.009ms
[4.434s][info][gc          ] GC(1) At start of update refs, moving 228M to Mutator free partition from Collector Reserve
[4.639s][info][gc          ] GC(1) Concurrent update references 205.045ms
[4.640s][info][gc          ] GC(1) Concurrent update thread roots 0.138ms
[4.640s][info][gc          ] GC(1) Pause Final Update Refs 0.054ms
[4.640s][info][gc          ] GC(1) Concurrent cleanup 1736M->470M(6144M) 0.080ms
[4.640s][info][gc,metaspace] Metaspace: 69081K(86464K)->69640K(87360K) NonClass: 42492K(52096K)->42901K(52672K) Class: 26588K(34368K)->26739K(34688K)
[9.866s][info][gc          ] Trigger: Learning 3 of 5. Free (4298M) is below initial threshold (4300M)
[9.868s][info][gc          ] GC(2) Concurrent reset 2.188ms
[9.868s][info][gc          ] GC(2) Pause Init Mark (unload classes) 0.052ms
[9.871s][info][gc          ] GC(2) Concurrent marking roots 3.235ms
[10.436s][info][gc          ] GC(2) Concurrent marking (unload classes) 565.093ms
[10.437s][info][gc          ] GC(2) Pause Final Mark (unload classes) 0.235ms
[10.437s][info][gc          ] GC(2) Concurrent thread roots 0.091ms
[10.437s][info][gc          ] GC(2) Concurrent weak references 0.052ms
[10.444s][info][gc          ] GC(2) Concurrent weak roots 7.113ms
[10.444s][info][gc          ] GC(2) Concurrent cleanup 1666M->1666M(6144M) 0.053ms
[10.455s][info][gc          ] GC(2) Concurrent class unloading 10.930ms
[10.458s][info][gc          ] GC(2) Concurrent strong roots 2.898ms
[10.588s][info][gc          ] GC(2) Concurrent evacuation 130.129ms
[10.620s][info][gc          ] GC(2) Pause Init Update Refs 0.011ms
[10.620s][info][gc          ] GC(2) At start of update refs, moving 200M to Mutator free partition from Collector Reserve
[10.939s][info][gc          ] GC(2) Concurrent update references 318.807ms
[10.939s][info][gc          ] GC(2) Concurrent update thread roots 0.211ms
[10.940s][info][gc          ] GC(2) Pause Final Update Refs 0.067ms
[10.940s][info][gc          ] GC(2) Concurrent cleanup 1873M->670M(6144M) 0.076ms
[10.940s][info][gc,metaspace] Metaspace: 80216K(95936K)->82651K(97856K) NonClass: 53475K(61248K)->55910K(63168K) Class: 26741K(34688K)->26741K(34688K)
[10.941s][info][gc          ] Trigger: GC request (CodeCache GC Threshold)
[10.943s][info][gc          ] GC(3) Concurrent reset 1.858ms
[10.943s][info][gc          ] GC(3) Pause Init Mark (unload classes) 0.039ms
[10.946s][info][gc          ] GC(3) Concurrent marking roots 2.908ms
[11.246s][info][gc          ] GC(3) Concurrent marking (unload classes) 300.359ms
[11.247s][info][gc          ] GC(3) Pause Final Mark (unload classes) 0.162ms
[11.247s][info][gc          ] GC(3) Concurrent thread roots 0.058ms
[11.247s][info][gc          ] GC(3) Concurrent weak references 0.042ms
[11.253s][info][gc          ] GC(3) Concurrent weak roots 6.566ms
[11.253s][info][gc          ] GC(3) Concurrent cleanup 746M->746M(6144M) 0.051ms
[11.264s][info][gc          ] GC(3) Concurrent class unloading 10.867ms
[11.267s][info][gc          ] GC(3) Concurrent strong roots 3.002ms
[11.305s][info][gc          ] GC(3) Concurrent evacuation 37.244ms
[11.305s][info][gc          ] GC(3) Pause Init Update Refs 0.010ms
[11.305s][info][gc          ] GC(3) At start of update refs, moving 244M to Mutator free partition from Collector Reserve
[11.597s][info][gc          ] GC(3) Concurrent update references 292.024ms
[11.620s][info][gc          ] GC(3) Concurrent update thread roots 23.567ms
[11.620s][info][gc          ] GC(3) Pause Final Update Refs 0.068ms
[11.621s][info][gc          ] GC(3) Concurrent cleanup 846M->603M(6144M) 0.061ms
[11.621s][info][gc,metaspace] Metaspace: 82651K(97856K)->82651K(97856K) NonClass: 55910K(63168K)->55910K(63168K) Class: 26741K(34688K)->26741K(34688K)
[14.958s][info][gc          ] Trigger: Learning 2 of 5. Free (4300M) is below initial threshold (4300M)
[14.959s][info][gc          ] GC(4) Concurrent reset 0.908ms
[14.959s][info][gc          ] GC(4) Pause Init Mark (unload classes) 0.050ms
[14.963s][info][gc          ] GC(4) Concurrent marking roots 3.518ms
[15.705s][info][gc          ] GC(4) Concurrent marking (unload classes) 742.106ms
[15.705s][info][gc          ] GC(4) Pause Final Mark (unload classes) 0.202ms
[15.705s][info][gc          ] GC(4) Concurrent thread roots 0.094ms
[15.705s][info][gc          ] GC(4) Concurrent weak references 0.053ms
[15.714s][info][gc          ] GC(4) Concurrent weak roots 8.507ms
[15.714s][info][gc          ] GC(4) Concurrent cleanup 1742M->1742M(6144M) 0.051ms
[15.729s][info][gc          ] GC(4) Concurrent class unloading 15.309ms
[15.732s][info][gc          ] GC(4) Concurrent strong roots 3.079ms
[15.848s][info][gc          ] GC(4) Concurrent evacuation 116.077ms
[15.849s][info][gc          ] GC(4) Pause Init Update Refs 0.009ms
[15.849s][info][gc          ] GC(4) At start of update refs, moving 216M to Mutator free partition from Collector Reserve
[16.234s][info][gc          ] GC(4) Concurrent update references 385.296ms
[16.234s][info][gc          ] GC(4) Concurrent update thread roots 0.194ms
[16.234s][info][gc          ] GC(4) Pause Final Update Refs 0.075ms
[16.234s][info][gc          ] GC(4) Concurrent cleanup 1986M->906M(6144M) 0.076ms
[16.234s][info][gc,metaspace] Metaspace: 89869K(103744K)->89870K(103744K) NonClass: 63128K(69056K)->63129K(69056K) Class: 26741K(34688K)->26741K(34688K)
[18.321s][info][gc          ] Trigger: Learning 3 of 5. Free (4298M) is below initial threshold (4300M)
[18.323s][info][gc          ] GC(5) Concurrent reset 2.328ms
[18.324s][info][gc          ] GC(5) Pause Init Mark (unload classes) 0.047ms
[18.326s][info][gc          ] GC(5) Concurrent marking roots 2.100ms
[19.195s][info][gc          ] GC(5) Concurrent marking (unload classes) 869.587ms
[19.196s][info][gc          ] GC(5) Pause Final Mark (unload classes) 0.227ms
[19.196s][info][gc          ] GC(5) Concurrent thread roots 0.079ms
[19.196s][info][gc          ] GC(5) Concurrent weak references 0.053ms
[19.203s][info][gc          ] GC(5) Concurrent weak roots 6.862ms
[19.203s][info][gc          ] GC(5) Concurrent cleanup 1781M->1781M(6144M) 0.051ms
[19.215s][info][gc          ] GC(5) Concurrent class unloading 11.710ms
[19.217s][info][gc          ] GC(5) Concurrent strong roots 2.041ms
[19.322s][info][gc          ] GC(5) Concurrent evacuation 105.496ms
[19.322s][info][gc          ] GC(5) Pause Init Update Refs 0.007ms
[19.322s][info][gc          ] GC(5) At start of update refs, moving 224M to Mutator free partition from Collector Reserve
[19.766s][info][gc          ] GC(5) Concurrent update references 443.923ms
[19.766s][info][gc          ] GC(5) Concurrent update thread roots 0.181ms
[19.767s][info][gc          ] GC(5) Pause Final Update Refs 0.065ms
[19.767s][info][gc          ] GC(5) Concurrent cleanup 2017M->1022M(6144M) 0.062ms
[19.767s][info][gc,metaspace] Metaspace: 89870K(103744K)->89870K(103744K) NonClass: 63129K(69056K)->63129K(69056K) Class: 26741K(34688K)->26741K(34688K)
[21.429s][info][gc          ] Trigger: Learning 4 of 5. Free (4298M) is below initial threshold (4300M)
[21.431s][info][gc          ] GC(6) Concurrent reset 2.089ms
[21.431s][info][gc          ] GC(6) Pause Init Mark (unload classes) 0.041ms
[21.433s][info][gc          ] GC(6) Concurrent marking roots 2.131ms
[22.435s][info][gc          ] GC(6) Concurrent marking (unload classes) 1001.710ms
[22.435s][info][gc          ] GC(6) Pause Final Mark (unload classes) 0.204ms
[22.436s][info][gc          ] GC(6) Concurrent thread roots 0.081ms
[22.436s][info][gc          ] GC(6) Concurrent weak references 0.039ms
[22.442s][info][gc          ] GC(6) Concurrent weak roots 6.421ms
[22.442s][info][gc          ] GC(6) Concurrent cleanup 1822M->1822M(6144M) 0.050ms
[22.455s][info][gc          ] GC(6) Concurrent class unloading 12.673ms
[22.458s][info][gc          ] GC(6) Concurrent strong roots 2.732ms
[22.560s][info][gc          ] GC(6) Concurrent evacuation 101.950ms
[22.560s][info][gc          ] GC(6) Pause Init Update Refs 0.008ms
[22.560s][info][gc          ] GC(6) At start of update refs, moving 228M to Mutator free partition from Collector Reserve
[23.147s][info][gc          ] GC(6) Concurrent update references 587.153ms
[23.147s][info][gc          ] GC(6) Concurrent update thread roots 0.170ms
[23.147s][info][gc          ] GC(6) Pause Final Update Refs 0.075ms
[23.147s][info][gc          ] GC(6) Concurrent cleanup 2098M->1186M(6144M) 0.071ms
[23.147s][info][gc,metaspace] Metaspace: 89870K(103744K)->89870K(103744K) NonClass: 63129K(69056K)->63129K(69056K) Class: 26741K(34688K)->26741K(34688K)
[24.301s][info][gc          ] Trigger: Learning 5 of 5. Free (4298M) is below initial threshold (4300M)
[24.303s][info][gc          ] GC(7) Concurrent reset 2.100ms
[24.304s][info][gc          ] GC(7) Pause Init Mark (unload classes) 0.044ms
[24.307s][info][gc          ] GC(7) Concurrent marking roots 3.337ms
[25.468s][info][gc          ] GC(7) Concurrent marking (unload classes) 1160.833ms
[25.468s][info][gc          ] GC(7) Pause Final Mark (unload classes) 0.191ms
[25.468s][info][gc          ] GC(7) Concurrent thread roots 0.066ms
[25.468s][info][gc          ] GC(7) Concurrent weak references 0.039ms
[25.476s][info][gc          ] GC(7) Concurrent weak roots 7.717ms
[25.476s][info][gc          ] GC(7) Concurrent cleanup 1869M->1869M(6144M) 0.051ms
[25.489s][info][gc          ] GC(7) Concurrent class unloading 12.668ms
[25.492s][info][gc          ] GC(7) Concurrent strong roots 3.301ms
[25.621s][info][gc          ] GC(7) Concurrent evacuation 129.071ms
[25.621s][info][gc          ] GC(7) Pause Init Update Refs 0.008ms
[25.621s][info][gc          ] GC(7) At start of update refs, moving 232M to Mutator free partition from Collector Reserve
[26.378s][info][gc          ] GC(7) Concurrent update references 757.090ms
[26.379s][info][gc          ] GC(7) Concurrent update thread roots 0.172ms
[26.379s][info][gc          ] GC(7) Pause Final Update Refs 0.074ms
[26.379s][info][gc          ] GC(7) Concurrent cleanup 2201M->1358M(6144M) 0.068ms
[26.379s][info][gc,metaspace] Metaspace: 89870K(103744K)->89870K(103744K) NonClass: 63129K(69056K)->63129K(69056K) Class: 26741K(34688K)->26741K(34688K)
[37.932s][info][gc          ] Trigger: Average GC time (2479.88 ms) is above the time for average allocation rate (305 MB/s) to deplete free headroom (754M) (margin of error = 1.80)
[37.934s][info][gc          ] GC(8) Concurrent reset 2.213ms
[37.935s][info][gc          ] GC(8) Pause Init Mark (unload classes) 0.048ms
[37.938s][info][gc          ] GC(8) Concurrent marking roots 3.569ms
[39.904s][info][gc          ] GC(8) Concurrent marking (unload classes) 1965.322ms
[39.904s][info][gc          ] GC(8) Pause Final Mark (unload classes) 0.315ms
[39.904s][info][gc          ] GC(8) Concurrent thread roots 0.077ms
[39.904s][info][gc          ] GC(8) Concurrent weak references 0.042ms
[39.911s][info][gc          ] GC(8) Concurrent weak roots 7.141ms
[39.911s][info][gc          ] GC(8) Concurrent cleanup 5340M->5340M(6144M) 0.051ms
[39.923s][info][gc          ] GC(8) Concurrent class unloading 11.825ms
[39.925s][info][gc          ] GC(8) Concurrent strong roots 1.403ms
[40.250s][info][gc          ] GC(8) Concurrent evacuation 325.854ms
[40.251s][info][gc          ] GC(8) Pause Init Update Refs 0.008ms
[40.251s][info][gc          ] GC(8) At start of update refs, moving 49152K to Mutator free partition from Collector Reserve
[41.433s][info][gc          ] GC(8) Concurrent update references 1182.743ms
[41.434s][info][gc          ] GC(8) Concurrent update thread roots 0.218ms
[41.434s][info][gc          ] GC(8) Pause Final Update Refs 0.096ms
[41.434s][info][gc          ] GC(8) Concurrent cleanup 6040M->2880M(6144M) 0.117ms
[41.434s][info][gc,metaspace] Metaspace: 89870K(103744K)->89870K(103744K) NonClass: 63129K(69056K)->63129K(69056K) Class: 26741K(34688K)->26741K(34688K)
[45.985s][info][gc          ] Trigger: Average GC time (4294.37 ms) is above the time for average allocation rate (303 MB/s) to deplete free headroom (1300M) (margin of error = 1.82)
[45.993s][info][gc          ] GC(9) Concurrent reset 7.671ms
[45.993s][info][gc          ] GC(9) Pause Init Mark (unload classes) 0.053ms
[45.995s][info][gc          ] GC(9) Concurrent marking roots 2.161ms
[48.109s][info][gc          ] GC(9) Concurrent marking (unload classes) 2113.414ms
[48.109s][info][gc          ] GC(9) Pause Final Mark (unload classes) 0.295ms
[48.109s][info][gc          ] GC(9) Concurrent thread roots 0.068ms
[48.109s][info][gc          ] GC(9) Concurrent weak references 0.043ms
[48.116s][info][gc          ] GC(9) Concurrent weak roots 6.650ms
[48.116s][info][gc          ] GC(9) Concurrent cleanup 4840M->4840M(6144M) 0.050ms
[48.129s][info][gc          ] GC(9) Concurrent class unloading 13.182ms
[48.132s][info][gc          ] GC(9) Concurrent strong roots 3.084ms
[48.459s][info][gc          ] GC(9) Concurrent evacuation 326.543ms
[48.459s][info][gc          ] GC(9) Pause Init Update Refs 0.008ms
[48.459s][info][gc          ] GC(9) At start of update refs, moving 49152K to Mutator free partition from Collector Reserve
[49.756s][info][gc          ] GC(9) Concurrent update references 1297.013ms
[49.756s][info][gc          ] GC(9) Concurrent update thread roots 0.197ms
[49.757s][info][gc          ] GC(9) Pause Final Update Refs 0.089ms
[49.757s][info][gc          ] GC(9) Concurrent cleanup 5564M->2408M(6144M) 0.107ms
[49.757s][info][gc,metaspace] Metaspace: 89870K(103744K)->89870K(103744K) NonClass: 63129K(69056K)->63129K(69056K) Class: 26741K(34688K)->26741K(34688K)
[55.192s][info][gc          ] Trigger: Average GC time (4780.65 ms) is above the time for average allocation rate (313 MB/s) to deplete free headroom (1496M) (margin of error = 1.84)
[55.199s][info][gc          ] GC(10) Concurrent reset 6.763ms
[55.199s][info][gc          ] GC(10) Pause Init Mark (unload classes) 0.053ms
[55.203s][info][gc          ] GC(10) Concurrent marking roots 3.545ms
[57.444s][info][gc          ] GC(10) Concurrent marking (unload classes) 2241.799ms
[57.445s][info][gc          ] GC(10) Pause Final Mark (unload classes) 0.280ms
[57.445s][info][gc          ] GC(10) Concurrent thread roots 0.076ms
[57.445s][info][gc          ] GC(10) Concurrent weak references 0.042ms
[57.452s][info][gc          ] GC(10) Concurrent weak roots 6.801ms
[57.452s][info][gc          ] GC(10) Concurrent cleanup 4680M->4680M(6144M) 0.051ms
[57.463s][info][gc          ] GC(10) Concurrent class unloading 11.544ms
[57.465s][info][gc          ] GC(10) Concurrent strong roots 1.282ms
[57.798s][info][gc          ] GC(10) Concurrent evacuation 333.055ms
[57.798s][info][gc          ] GC(10) Pause Init Update Refs 0.008ms
[57.798s][info][gc          ] GC(10) At start of update refs, moving 73728K to Mutator free partition from Collector Reserve
[59.255s][info][gc          ] GC(10) Concurrent update references 1456.926ms
[59.255s][info][gc          ] GC(10) Concurrent update thread roots 0.190ms
[59.255s][info][gc          ] GC(10) Pause Final Update Refs 0.071ms
[59.255s][info][gc          ] GC(10) Concurrent cleanup 5432M->2672M(6144M) 0.085ms
[59.255s][info][gc,metaspace] Metaspace: 89870K(103744K)->89870K(103744K) NonClass: 63129K(69056K)->63129K(69056K) Class: 26741K(34688K)->26741K(34688K)
67108864 Objects created
 - IK: 55699211 (82.99829%)
 - OAK: 3355627 (5.0002737%)
 - TAK: 8054026 (12.001434%)
Preparatory GC...
[59.938s][info][gc          ] Trigger: GC request (System.gc())
[59.944s][info][gc          ] GC(11) Concurrent reset 5.786ms
[59.944s][info][gc          ] GC(11) Pause Init Mark (unload classes) 0.045ms
[59.946s][info][gc          ] GC(11) Concurrent marking roots 1.819ms
[61.989s][info][gc          ] GC(11) Concurrent marking (unload classes) 2042.871ms
[61.989s][info][gc          ] GC(11) Pause Final Mark (unload classes) 0.246ms
[61.989s][info][gc          ] GC(11) Concurrent thread roots 0.072ms
[61.989s][info][gc          ] GC(11) Concurrent weak references 0.052ms
[61.995s][info][gc          ] GC(11) Concurrent weak roots 6.388ms
[61.996s][info][gc          ] GC(11) Concurrent cleanup 2874M->2874M(6144M) 0.052ms
[62.298s][info][metaspace   ] ChkMgr @0x00007ffff010fac0 (non-class-space): : reclaiming memory...
[62.302s][info][metaspace   ] ChkMgr @0x00007ffff010fac0 (non-class-space): finished reclaiming memory: 
[62.302s][info][metaspace   ] reserved: 128.00 MB (no change)
[62.302s][info][metaspace   ] committed: 67.44 MB->19.44 MB (-48.00 MB)
[62.302s][info][metaspace   ] ChkMgr @0x00007ffff010f8d0 (class-space): : reclaiming memory...
[62.304s][info][metaspace   ] ChkMgr @0x00007ffff010f8d0 (class-space): finished reclaiming memory: 
[62.304s][info][metaspace   ] reserved: 3.00 GB (no change)
[62.304s][info][metaspace   ] committed: 33.88 MB->17.88 MB (-16.00 MB)
[62.307s][info][gc          ] GC(11) Concurrent class unloading 310.987ms
[62.307s][info][gc          ] GC(11) Concurrent strong roots 0.207ms
[62.461s][info][gc          ] GC(11) Concurrent evacuation 154.292ms
[62.461s][info][gc          ] GC(11) Pause Init Update Refs 0.008ms
[62.461s][info][gc          ] GC(11) At start of update refs, moving 184M to Mutator free partition from Collector Reserve
[63.966s][info][gc          ] GC(11) Concurrent update references 1504.786ms
[63.966s][info][gc          ] GC(11) Concurrent update thread roots 0.233ms
[63.966s][info][gc          ] GC(11) Pause Final Update Refs 0.062ms
[63.966s][info][gc          ] GC(11) Concurrent cleanup 2998M->1606M(6144M) 0.072ms
[63.966s][info][gc,metaspace] Metaspace: 89870K(103744K)->37900K(38208K) NonClass: 63129K(69056K)->19735K(19904K) Class: 26741K(34688K)->18164K(18304K)
[63.968s][info][gc          ] Trigger: GC request (System.gc())
[63.972s][info][gc          ] GC(12) Concurrent reset 3.945ms
[63.972s][info][gc          ] GC(12) Pause Init Mark (unload classes) 0.038ms
[63.972s][info][gc          ] GC(12) Concurrent marking roots 0.194ms
[65.952s][info][gc          ] GC(12) Concurrent marking (unload classes) 1980.276ms
[65.952s][info][gc          ] GC(12) Pause Final Mark (unload classes) 0.183ms
[65.953s][info][gc          ] GC(12) Concurrent thread roots 0.069ms
[65.953s][info][gc          ] GC(12) Concurrent weak references 0.044ms
[65.953s][info][gc          ] GC(12) Concurrent weak roots 0.385ms
[65.953s][info][gc          ] GC(12) Concurrent cleanup 1606M->1606M(6144M) 0.051ms
[65.953s][info][gc          ] GC(12) Concurrent class unloading 0.169ms
[65.953s][info][gc          ] GC(12) Concurrent strong roots 0.164ms
[65.957s][info][gc          ] GC(12) Concurrent evacuation 3.272ms
[65.957s][info][gc          ] GC(12) Pause Init Update Refs 0.006ms
[65.957s][info][gc          ] GC(12) At start of update refs, moving 8192K to Mutator free partition from Collector Reserve
[67.188s][info][gc          ] GC(12) Concurrent update references 1231.638ms
[67.189s][info][gc          ] GC(12) Concurrent update thread roots 0.311ms
[67.193s][info][gc          ] GC(12) Pause Final Update Refs 0.061ms
[67.193s][info][gc          ] GC(12) Concurrent cleanup 1608M->1602M(6144M) 0.054ms
[67.193s][info][gc,metaspace] Metaspace: 37900K(38208K)->37900K(38208K) NonClass: 19735K(19904K)->19735K(19904K) Class: 18164K(18304K)->18164K(18304K)
Done; will start GCs... 
[67.194s][info][gc          ] Trigger: GC request (System.gc())
[67.197s][info][gc          ] GC(13) Concurrent reset 2.443ms
[67.203s][info][gc          ] GC(13) Pause Init Mark (unload classes) 0.053ms
[67.203s][info][gc          ] GC(13) Concurrent marking roots 0.165ms
[69.386s][info][gc          ] GC(13) Concurrent marking (unload classes) 2182.831ms
[69.386s][info][gc          ] GC(13) Pause Final Mark (unload classes) 0.183ms
[69.387s][info][gc          ] GC(13) Concurrent weak references 0.045ms
[69.387s][info][gc          ] GC(13) Concurrent weak roots 0.363ms
[69.387s][info][gc          ] GC(13) Concurrent cleanup 1606M->1602M(6144M) 0.051ms
[69.387s][info][gc          ] GC(13) Concurrent class unloading 0.171ms
[69.387s][info][gc          ] GC(13) Pause Final Roots 0.015ms
[69.387s][info][gc,metaspace] Metaspace: 37900K(38208K)->37900K(38208K) NonClass: 19735K(19904K)->19735K(19904K) Class: 18164K(18304K)->18164K(18304K)
[69.388s][info][gc          ] Trigger: GC request (System.gc())
[69.390s][info][gc          ] GC(14) Concurrent reset 2.040ms
[69.390s][info][gc          ] GC(14) Pause Init Mark (unload classes) 0.038ms
[69.391s][info][gc          ] GC(14) Concurrent marking roots 0.079ms
[71.476s][info][gc          ] GC(14) Concurrent marking (unload classes) 2085.585ms
[71.476s][info][gc          ] GC(14) Pause Final Mark (unload classes) 0.191ms
[71.477s][info][gc          ] GC(14) Concurrent weak references 0.047ms
[71.477s][info][gc          ] GC(14) Concurrent weak roots 0.357ms
[71.477s][info][gc          ] GC(14) Concurrent cleanup 1602M->1602M(6144M) 0.051ms
[71.477s][info][gc          ] GC(14) Concurrent class unloading 0.140ms
[71.477s][info][gc          ] GC(14) Pause Final Roots 0.003ms
[71.477s][info][gc,metaspace] Metaspace: 37900K(38208K)->37900K(38208K) NonClass: 19735K(19904K)->19735K(19904K) Class: 18164K(18304K)->18164K(18304K)
[71.479s][info][gc          ] Trigger: GC request (System.gc())
[71.481s][info][gc          ] GC(15) Concurrent reset 1.856ms
[71.481s][info][gc          ] GC(15) Pause Init Mark (unload classes) 0.039ms
[71.481s][info][gc          ] GC(15) Concurrent marking roots 0.110ms
[73.362s][info][gc          ] GC(15) Concurrent marking (unload classes) 1880.349ms
[73.362s][info][gc          ] GC(15) Pause Final Mark (unload classes) 0.184ms
[73.362s][info][gc          ] GC(15) Concurrent weak references 0.048ms
[73.363s][info][gc          ] GC(15) Concurrent weak roots 0.361ms
[73.363s][info][gc          ] GC(15) Concurrent cleanup 1602M->1602M(6144M) 0.051ms
[73.363s][info][gc          ] GC(15) Concurrent class unloading 0.174ms
[73.363s][info][gc          ] GC(15) Pause Final Roots 0.003ms
[73.363s][info][gc,metaspace] Metaspace: 37900K(38208K)->37900K(38208K) NonClass: 19735K(19904K)->19735K(19904K) Class: 18164K(18304K)->18164K(18304K)
[73.367s][info][gc          ] Trigger: GC request (System.gc())
[73.369s][info][gc          ] GC(16) Concurrent reset 2.391ms
[73.369s][info][gc          ] GC(16) Pause Init Mark (unload classes) 0.039ms
[73.370s][info][gc          ] GC(16) Concurrent marking roots 0.107ms
[75.490s][info][gc          ] GC(16) Concurrent marking (unload classes) 2120.228ms
[75.490s][info][gc          ] GC(16) Pause Final Mark (unload classes) 0.182ms
[75.490s][info][gc          ] GC(16) Concurrent weak references 0.047ms
[75.491s][info][gc          ] GC(16) Concurrent weak roots 0.405ms
[75.491s][info][gc          ] GC(16) Concurrent cleanup 1602M->1602M(6144M) 0.051ms
[75.491s][info][gc          ] GC(16) Concurrent class unloading 0.170ms
[75.491s][info][gc          ] GC(16) Pause Final Roots 0.004ms
[75.491s][info][gc,metaspace] Metaspace: 37900K(38208K)->37900K(38208K) NonClass: 19735K(19904K)->19735K(19904K) Class: 18164K(18304K)->18164K(18304K)
[75.499s][info][gc          ] Trigger: GC request (System.gc())
[75.501s][info][gc          ] GC(17) Concurrent reset 2.157ms
[75.501s][info][gc          ] GC(17) Pause Init Mark (unload classes) 0.039ms
[75.502s][info][gc          ] GC(17) Concurrent marking roots 0.113ms
[77.396s][info][gc          ] GC(17) Concurrent marking (unload classes) 1894.147ms
[77.396s][info][gc          ] GC(17) Pause Final Mark (unload classes) 0.181ms
[77.396s][info][gc          ] GC(17) Concurrent weak references 0.048ms
[77.396s][info][gc          ] GC(17) Concurrent weak roots 0.397ms
[77.397s][info][gc          ] GC(17) Concurrent cleanup 1602M->1602M(6144M) 0.051ms
[77.397s][info][gc          ] GC(17) Concurrent class unloading 0.167ms
[77.397s][info][gc          ] GC(17) Pause Final Roots 0.004ms
[77.397s][info][gc,metaspace] Metaspace: 37900K(38208K)->37900K(38208K) NonClass: 19735K(19904K)->19735K(19904K) Class: 18164K(18304K)->18164K(18304K)
[77.407s][info][gc          ] Trigger: GC request (System.gc())
[77.409s][info][gc          ] GC(18) Concurrent reset 2.176ms
[77.409s][info][gc          ] GC(18) Pause Init Mark (unload classes) 0.042ms
[77.409s][info][gc          ] GC(18) Concurrent marking roots 0.086ms
[79.312s][info][gc          ] GC(18) Concurrent marking (unload classes) 1902.533ms
[79.312s][info][gc          ] GC(18) Pause Final Mark (unload classes) 0.173ms
[79.312s][info][gc          ] GC(18) Concurrent weak references 0.047ms
[79.313s][info][gc          ] GC(18) Concurrent weak roots 0.396ms
[79.313s][info][gc          ] GC(18) Concurrent cleanup 1602M->1602M(6144M) 0.050ms
[79.313s][info][gc          ] GC(18) Concurrent class unloading 0.180ms
[79.313s][info][gc          ] GC(18) Pause Final Roots 0.003ms
[79.313s][info][gc,metaspace] Metaspace: 37900K(38208K)->37900K(38208K) NonClass: 19735K(19904K)->19735K(19904K) Class: 18164K(18304K)->18164K(18304K)
[79.323s][info][gc          ] Trigger: GC request (System.gc())
[79.326s][info][gc          ] GC(19) Concurrent reset 2.692ms
[79.326s][info][gc          ] GC(19) Pause Init Mark (unload classes) 0.040ms
[79.326s][info][gc          ] GC(19) Concurrent marking roots 0.093ms
[81.259s][info][gc          ] GC(19) Concurrent marking (unload classes) 1933.071ms
[81.259s][info][gc          ] GC(19) Pause Final Mark (unload classes) 0.185ms
[81.259s][info][gc          ] GC(19) Concurrent weak references 0.046ms
[81.260s][info][gc          ] GC(19) Concurrent weak roots 0.345ms
[81.260s][info][gc          ] GC(19) Concurrent cleanup 1602M->1602M(6144M) 0.051ms
[81.260s][info][gc          ] GC(19) Concurrent class unloading 0.173ms
[81.260s][info][gc          ] GC(19) Pause Final Roots 0.003ms
[81.260s][info][gc,metaspace] Metaspace: 37900K(38208K)->37900K(38208K) NonClass: 19735K(19904K)->19735K(19904K) Class: 18164K(18304K)->18164K(18304K)
[81.270s][info][gc          ] Trigger: GC request (System.gc())
[81.272s][info][gc          ] GC(20) Concurrent reset 1.980ms
[81.272s][info][gc          ] GC(20) Pause Init Mark (unload classes) 0.039ms
[81.273s][info][gc          ] GC(20) Concurrent marking roots 0.124ms
[83.239s][info][gc          ] GC(20) Concurrent marking (unload classes) 1966.840ms
[83.240s][info][gc          ] GC(20) Pause Final Mark (unload classes) 0.184ms
[83.240s][info][gc          ] GC(20) Concurrent weak references 0.046ms
[83.240s][info][gc          ] GC(20) Concurrent weak roots 0.353ms
[83.240s][info][gc          ] GC(20) Concurrent cleanup 1602M->1602M(6144M) 0.051ms
[83.240s][info][gc          ] GC(20) Concurrent class unloading 0.173ms
[83.240s][info][gc          ] GC(20) Pause Final Roots 0.003ms
[83.240s][info][gc,metaspace] Metaspace: 37900K(38208K)->37900K(38208K) NonClass: 19735K(19904K)->19735K(19904K) Class: 18164K(18304K)->18164K(18304K)
[83.251s][info][gc          ] Trigger: GC request (System.gc())
[83.253s][info][gc          ] GC(21) Concurrent reset 2.370ms
[83.253s][info][gc          ] GC(21) Pause Init Mark (unload classes) 0.039ms
[83.253s][info][gc          ] GC(21) Concurrent marking roots 0.086ms
[85.395s][info][gc          ] GC(21) Concurrent marking (unload classes) 2142.221ms
[85.396s][info][gc          ] GC(21) Pause Final Mark (unload classes) 0.183ms
[85.396s][info][gc          ] GC(21) Concurrent weak references 0.049ms
[85.396s][info][gc          ] GC(21) Concurrent weak roots 0.350ms
[85.396s][info][gc          ] GC(21) Concurrent cleanup 1602M->1602M(6144M) 0.051ms
[85.396s][info][gc          ] GC(21) Concurrent class unloading 0.175ms
[85.396s][info][gc          ] GC(21) Pause Final Roots 0.003ms
[85.396s][info][gc,metaspace] Metaspace: 37900K(38208K)->37900K(38208K) NonClass: 19735K(19904K)->19735K(19904K) Class: 18164K(18304K)->18164K(18304K)
[85.407s][info][gc          ] Trigger: GC request (System.gc())
[85.409s][info][gc          ] GC(22) Concurrent reset 2.385ms
[85.409s][info][gc          ] GC(22) Pause Init Mark (unload classes) 0.039ms
[85.409s][info][gc          ] GC(22) Concurrent marking roots 0.088ms
[87.490s][info][gc          ] GC(22) Concurrent marking (unload classes) 2081.269ms
[87.491s][info][gc          ] GC(22) Pause Final Mark (unload classes) 0.169ms
[87.491s][info][gc          ] GC(22) Concurrent weak references 0.047ms
[87.491s][info][gc          ] GC(22) Concurrent weak roots 0.353ms
[87.491s][info][gc          ] GC(22) Concurrent cleanup 1602M->1602M(6144M) 0.051ms
[87.491s][info][gc          ] GC(22) Concurrent class unloading 0.179ms
[87.492s][info][gc          ] GC(22) Pause Final Roots 0.003ms
[87.492s][info][gc,metaspace] Metaspace: 37900K(38208K)->37900K(38208K) NonClass: 19735K(19904K)->19735K(19904K) Class: 18164K(18304K)->18164K(18304K)
[87.502s][info][gc          ] Trigger: GC request (System.gc())
[87.504s][info][gc          ] GC(23) Concurrent reset 2.340ms
[87.504s][info][gc          ] GC(23) Pause Init Mark (unload classes) 0.039ms
[87.504s][info][gc          ] GC(23) Concurrent marking roots 0.089ms
[89.554s][info][gc          ] GC(23) Concurrent marking (unload classes) 2049.631ms
[89.554s][info][gc          ] GC(23) Pause Final Mark (unload classes) 0.191ms
[89.554s][info][gc          ] GC(23) Concurrent weak references 0.044ms
[89.555s][info][gc          ] GC(23) Concurrent weak roots 0.410ms
[89.555s][info][gc          ] GC(23) Concurrent cleanup 1602M->1602M(6144M) 0.051ms
[89.555s][info][gc          ] GC(23) Concurrent class unloading 0.141ms
[89.555s][info][gc          ] GC(23) Pause Final Roots 0.003ms
[89.555s][info][gc,metaspace] Metaspace: 37900K(38208K)->37900K(38208K) NonClass: 19735K(19904K)->19735K(19904K) Class: 18164K(18304K)->18164K(18304K)
[89.565s][info][gc          ] Trigger: GC request (System.gc())
[89.567s][info][gc          ] GC(24) Concurrent reset 2.169ms
[89.567s][info][gc          ] GC(24) Pause Init Mark (unload classes) 0.042ms
[89.568s][info][gc          ] GC(24) Concurrent marking roots 0.086ms
[91.635s][info][gc          ] GC(24) Concurrent marking (unload classes) 2067.680ms
[91.635s][info][gc          ] GC(24) Pause Final Mark (unload classes) 0.180ms
[91.636s][info][gc          ] GC(24) Concurrent weak references 0.045ms
[91.636s][info][gc          ] GC(24) Concurrent weak roots 0.465ms
[91.636s][info][gc          ] GC(24) Concurrent cleanup 1602M->1602M(6144M) 0.059ms
[91.636s][info][gc          ] GC(24) Concurrent class unloading 0.191ms
[91.636s][info][gc          ] GC(24) Pause Final Roots 0.004ms
[91.636s][info][gc,metaspace] Metaspace: 37900K(38208K)->37900K(38208K) NonClass: 19735K(19904K)->19735K(19904K) Class: 18164K(18304K)->18164K(18304K)
[91.647s][info][gc          ] Trigger: GC request (System.gc())
[91.649s][info][gc          ] GC(25) Concurrent reset 2.286ms
[91.649s][info][gc          ] GC(25) Pause Init Mark (unload classes) 0.044ms
[91.649s][info][gc          ] GC(25) Concurrent marking roots 0.099ms
[93.672s][info][gc          ] GC(25) Concurrent marking (unload classes) 2023.197ms
[93.673s][info][gc          ] GC(25) Pause Final Mark (unload classes) 0.185ms
[93.673s][info][gc          ] GC(25) Concurrent weak references 0.077ms
[93.673s][info][gc          ] GC(25) Concurrent weak roots 0.379ms
[93.673s][info][gc          ] GC(25) Concurrent cleanup 1602M->1602M(6144M) 0.059ms
[93.673s][info][gc          ] GC(25) Concurrent class unloading 0.204ms
[93.673s][info][gc          ] GC(25) Pause Final Roots 0.003ms
[93.674s][info][gc,metaspace] Metaspace: 37900K(38208K)->37900K(38208K) NonClass: 19735K(19904K)->19735K(19904K) Class: 18164K(18304K)->18164K(18304K)
[93.684s][info][gc          ] Trigger: GC request (System.gc())
[93.686s][info][gc          ] GC(26) Concurrent reset 2.207ms
[93.686s][info][gc          ] GC(26) Pause Init Mark (unload classes) 0.048ms
[93.686s][info][gc          ] GC(26) Concurrent marking roots 0.131ms
[95.707s][info][gc          ] GC(26) Concurrent marking (unload classes) 2020.972ms
[95.707s][info][gc          ] GC(26) Pause Final Mark (unload classes) 0.197ms
[95.708s][info][gc          ] GC(26) Concurrent weak references 0.044ms
[95.708s][info][gc          ] GC(26) Concurrent weak roots 0.379ms
[95.708s][info][gc          ] GC(26) Concurrent cleanup 1602M->1602M(6144M) 0.059ms
[95.708s][info][gc          ] GC(26) Concurrent class unloading 0.159ms
[95.708s][info][gc          ] GC(26) Pause Final Roots 0.003ms
[95.708s][info][gc,metaspace] Metaspace: 37900K(38208K)->37900K(38208K) NonClass: 19735K(19904K)->19735K(19904K) Class: 18164K(18304K)->18164K(18304K)
[95.718s][info][gc          ] Trigger: GC request (System.gc())
[95.720s][info][gc          ] GC(27) Concurrent reset 2.052ms
[95.721s][info][gc          ] GC(27) Pause Init Mark (unload classes) 0.045ms
[95.721s][info][gc          ] GC(27) Concurrent marking roots 0.114ms
[97.893s][info][gc          ] GC(27) Concurrent marking (unload classes) 2171.855ms
[97.893s][info][gc          ] GC(27) Pause Final Mark (unload classes) 0.200ms
[97.893s][info][gc          ] GC(27) Concurrent weak references 0.048ms
[97.893s][info][gc          ] GC(27) Concurrent weak roots 0.362ms
[97.893s][info][gc          ] GC(27) Concurrent cleanup 1602M->1602M(6144M) 0.051ms
[97.894s][info][gc          ] GC(27) Concurrent class unloading 0.170ms
[97.894s][info][gc          ] GC(27) Pause Final Roots 0.003ms
[97.894s][info][gc,metaspace] Metaspace: 37900K(38208K)->37900K(38208K) NonClass: 19735K(19904K)->19735K(19904K) Class: 18164K(18304K)->18164K(18304K)
[97.904s][info][gc          ] Trigger: GC request (System.gc())
[97.906s][info][gc          ] GC(28) Concurrent reset 2.317ms
[97.906s][info][gc          ] GC(28) Pause Init Mark (unload classes) 0.039ms
[97.906s][info][gc          ] GC(28) Concurrent marking roots 0.083ms
[100.204s][info][gc          ] GC(28) Concurrent marking (unload classes) 2297.984ms
[100.205s][info][gc          ] GC(28) Pause Final Mark (unload classes) 0.185ms
[100.205s][info][gc          ] GC(28) Concurrent weak references 0.047ms
[100.205s][info][gc          ] GC(28) Concurrent weak roots 0.357ms
[100.205s][info][gc          ] GC(28) Concurrent cleanup 1602M->1602M(6144M) 0.050ms
[100.205s][info][gc          ] GC(28) Concurrent class unloading 0.156ms
[100.205s][info][gc          ] GC(28) Pause Final Roots 0.003ms
[100.205s][info][gc,metaspace] Metaspace: 37900K(38208K)->37900K(38208K) NonClass: 19735K(19904K)->19735K(19904K) Class: 18164K(18304K)->18164K(18304K)
[100.215s][info][gc          ] Trigger: GC request (System.gc())
[100.218s][info][gc          ] GC(29) Concurrent reset 2.342ms
[100.218s][info][gc          ] GC(29) Pause Init Mark (unload classes) 0.038ms
[100.218s][info][gc          ] GC(29) Concurrent marking roots 0.112ms
[102.365s][info][gc          ] GC(29) Concurrent marking (unload classes) 2146.449ms
[102.365s][info][gc          ] GC(29) Pause Final Mark (unload classes) 0.183ms
[102.365s][info][gc          ] GC(29) Concurrent weak references 0.049ms
[102.365s][info][gc          ] GC(29) Concurrent weak roots 0.345ms
[102.365s][info][gc          ] GC(29) Concurrent cleanup 1602M->1602M(6144M) 0.051ms
[102.365s][info][gc          ] GC(29) Concurrent class unloading 0.174ms
[102.366s][info][gc          ] GC(29) Pause Final Roots 0.003ms
[102.366s][info][gc,metaspace] Metaspace: 37900K(38208K)->37900K(38208K) NonClass: 19735K(19904K)->19735K(19904K) Class: 18164K(18304K)->18164K(18304K)
[102.376s][info][gc          ] Trigger: GC request (System.gc())
[102.378s][info][gc          ] GC(30) Concurrent reset 2.346ms
[102.378s][info][gc          ] GC(30) Pause Init Mark (unload classes) 0.044ms
[102.378s][info][gc          ] GC(30) Concurrent marking roots 0.097ms
[104.483s][info][gc          ] GC(30) Concurrent marking (unload classes) 2104.133ms
[104.483s][info][gc          ] GC(30) Pause Final Mark (unload classes) 0.180ms
[104.483s][info][gc          ] GC(30) Concurrent weak references 0.050ms
[104.483s][info][gc          ] GC(30) Concurrent weak roots 0.363ms
[104.483s][info][gc          ] GC(30) Concurrent cleanup 1602M->1602M(6144M) 0.051ms
[104.484s][info][gc          ] GC(30) Concurrent class unloading 0.176ms
[104.484s][info][gc          ] GC(30) Pause Final Roots 0.003ms
[104.484s][info][gc,metaspace] Metaspace: 37900K(38208K)->37900K(38208K) NonClass: 19735K(19904K)->19735K(19904K) Class: 18164K(18304K)->18164K(18304K)
[104.494s][info][gc          ] Trigger: GC request (System.gc())
[104.496s][info][gc          ] GC(31) Concurrent reset 2.329ms
[104.496s][info][gc          ] GC(31) Pause Init Mark (unload classes) 0.039ms
[104.496s][info][gc          ] GC(31) Concurrent marking roots 0.089ms
[106.533s][info][gc          ] GC(31) Concurrent marking (unload classes) 2037.003ms
[106.534s][info][gc          ] GC(31) Pause Final Mark (unload classes) 0.183ms
[106.534s][info][gc          ] GC(31) Concurrent weak references 0.048ms
[106.534s][info][gc          ] GC(31) Concurrent weak roots 0.422ms
[106.534s][info][gc          ] GC(31) Concurrent cleanup 1602M->1602M(6144M) 0.051ms
[106.534s][info][gc          ] GC(31) Concurrent class unloading 0.168ms
[106.534s][info][gc          ] GC(31) Pause Final Roots 0.003ms
[106.534s][info][gc,metaspace] Metaspace: 37900K(38208K)->37900K(38208K) NonClass: 19735K(19904K)->19735K(19904K) Class: 18164K(18304K)->18164K(18304K)
[106.545s][info][gc          ] Trigger: GC request (System.gc())
[106.547s][info][gc          ] GC(32) Concurrent reset 1.941ms
[106.547s][info][gc          ] GC(32) Pause Init Mark (unload classes) 0.039ms
[106.547s][info][gc          ] GC(32) Concurrent marking roots 0.092ms
[108.636s][info][gc          ] GC(32) Concurrent marking (unload classes) 2089.588ms
[108.637s][info][gc          ] GC(32) Pause Final Mark (unload classes) 0.163ms
[108.637s][info][gc          ] GC(32) Concurrent weak references 0.049ms
[108.637s][info][gc          ] GC(32) Concurrent weak roots 0.369ms
[108.637s][info][gc          ] GC(32) Concurrent cleanup 1602M->1602M(6144M) 0.059ms
[108.637s][info][gc          ] GC(32) Concurrent class unloading 0.195ms
[108.637s][info][gc          ] GC(32) Pause Final Roots 0.003ms
[108.637s][info][gc,metaspace] Metaspace: 37900K(38208K)->37900K(38208K) NonClass: 19735K(19904K)->19735K(19904K) Class: 18164K(18304K)->18164K(18304K)
[108.648s][info][gc          ] Trigger: GC request (System.gc())
[108.650s][info][gc          ] GC(33) Concurrent reset 2.172ms
[108.650s][info][gc          ] GC(33) Pause Init Mark (unload classes) 0.043ms
[108.650s][info][gc          ] GC(33) Concurrent marking roots 0.098ms
[110.682s][info][gc          ] GC(33) Concurrent marking (unload classes) 2031.831ms
[110.682s][info][gc          ] GC(33) Pause Final Mark (unload classes) 0.178ms
[110.682s][info][gc          ] GC(33) Concurrent weak references 0.055ms
[110.683s][info][gc          ] GC(33) Concurrent weak roots 0.409ms
[110.683s][info][gc          ] GC(33) Concurrent cleanup 1602M->1602M(6144M) 0.059ms
[110.683s][info][gc          ] GC(33) Concurrent class unloading 0.195ms
[110.683s][info][gc          ] GC(33) Pause Final Roots 0.004ms
[110.683s][info][gc,metaspace] Metaspace: 37900K(38208K)->37900K(38208K) NonClass: 19735K(19904K)->19735K(19904K) Class: 18164K(18304K)->18164K(18304K)
[110.693s][info][gc          ] Trigger: GC request (System.gc())
[110.696s][info][gc          ] GC(34) Concurrent reset 2.666ms
[110.696s][info][gc          ] GC(34) Pause Init Mark (unload classes) 0.039ms
[110.696s][info][gc          ] GC(34) Concurrent marking roots 0.083ms
[112.765s][info][gc          ] GC(34) Concurrent marking (unload classes) 2068.993ms
[112.765s][info][gc          ] GC(34) Pause Final Mark (unload classes) 0.179ms
[112.765s][info][gc          ] GC(34) Concurrent weak references 0.047ms
[112.766s][info][gc          ] GC(34) Concurrent weak roots 0.333ms
[112.766s][info][gc          ] GC(34) Concurrent cleanup 1602M->1602M(6144M) 0.050ms
[112.766s][info][gc          ] GC(34) Concurrent class unloading 0.176ms
[112.766s][info][gc          ] GC(34) Pause Final Roots 0.003ms
[112.766s][info][gc,metaspace] Metaspace: 37900K(38208K)->37900K(38208K) NonClass: 19735K(19904K)->19735K(19904K) Class: 18164K(18304K)->18164K(18304K)
[112.776s][info][gc          ] Trigger: GC request (System.gc())
[112.778s][info][gc          ] GC(35) Concurrent reset 2.040ms
[112.778s][info][gc          ] GC(35) Pause Init Mark (unload classes) 0.038ms
[112.778s][info][gc          ] GC(35) Concurrent marking roots 0.090ms
[115.101s][info][gc          ] GC(35) Concurrent marking (unload classes) 2322.968ms
[115.102s][info][gc          ] GC(35) Pause Final Mark (unload classes) 0.180ms
[115.102s][info][gc          ] GC(35) Concurrent weak references 0.045ms
[115.102s][info][gc          ] GC(35) Concurrent weak roots 0.348ms
[115.102s][info][gc          ] GC(35) Concurrent cleanup 1602M->1602M(6144M) 0.051ms
[115.102s][info][gc          ] GC(35) Concurrent class unloading 0.174ms
[115.102s][info][gc          ] GC(35) Pause Final Roots 0.003ms
[115.103s][info][gc,metaspace] Metaspace: 37900K(38208K)->37900K(38208K) NonClass: 19735K(19904K)->19735K(19904K) Class: 18164K(18304K)->18164K(18304K)
[115.113s][info][gc          ] Trigger: GC request (System.gc())
[115.115s][info][gc          ] GC(36) Concurrent reset 2.005ms
[115.115s][info][gc          ] GC(36) Pause Init Mark (unload classes) 0.037ms
[115.115s][info][gc          ] GC(36) Concurrent marking roots 0.084ms
[117.307s][info][gc          ] GC(36) Concurrent marking (unload classes) 2191.688ms
[117.307s][info][gc          ] GC(36) Pause Final Mark (unload classes) 0.175ms
[117.307s][info][gc          ] GC(36) Concurrent weak references 0.049ms
[117.307s][info][gc          ] GC(36) Concurrent weak roots 0.395ms
[117.307s][info][gc          ] GC(36) Concurrent cleanup 1602M->1602M(6144M) 0.050ms
[117.308s][info][gc          ] GC(36) Concurrent class unloading 0.181ms
[117.308s][info][gc          ] GC(36) Pause Final Roots 0.003ms
[117.308s][info][gc,metaspace] Metaspace: 37900K(38208K)->37900K(38208K) NonClass: 19735K(19904K)->19735K(19904K) Class: 18164K(18304K)->18164K(18304K)
[117.318s][info][gc          ] Trigger: GC request (System.gc())
[117.320s][info][gc          ] GC(37) Concurrent reset 2.722ms
[117.321s][info][gc          ] GC(37) Pause Init Mark (unload classes) 0.039ms
[117.321s][info][gc          ] GC(37) Concurrent marking roots 0.094ms
[119.256s][info][gc          ] GC(37) Concurrent marking (unload classes) 1935.635ms
[119.257s][info][gc          ] GC(37) Pause Final Mark (unload classes) 0.175ms
[119.257s][info][gc          ] GC(37) Concurrent weak references 0.045ms
[119.257s][info][gc          ] GC(37) Concurrent weak roots 0.392ms
[119.257s][info][gc          ] GC(37) Concurrent cleanup 1602M->1602M(6144M) 0.051ms
[119.257s][info][gc          ] GC(37) Concurrent class unloading 0.176ms
[119.257s][info][gc          ] GC(37) Pause Final Roots 0.003ms
[119.258s][info][gc,metaspace] Metaspace: 37900K(38208K)->37900K(38208K) NonClass: 19735K(19904K)->19735K(19904K) Class: 18164K(18304K)->18164K(18304K)
[119.268s][info][gc          ] Trigger: GC request (System.gc())
[119.270s][info][gc          ] GC(38) Concurrent reset 2.456ms
[119.270s][info][gc          ] GC(38) Pause Init Mark (unload classes) 0.039ms
[119.270s][info][gc          ] GC(38) Concurrent marking roots 0.069ms
[121.207s][info][gc          ] GC(38) Concurrent marking (unload classes) 1937.142ms
[121.208s][info][gc          ] GC(38) Pause Final Mark (unload classes) 0.179ms
[121.208s][info][gc          ] GC(38) Concurrent weak references 0.047ms
[121.208s][info][gc          ] GC(38) Concurrent weak roots 0.334ms
[121.208s][info][gc          ] GC(38) Concurrent cleanup 1604M->1604M(6144M) 0.050ms
[121.208s][info][gc          ] GC(38) Concurrent class unloading 0.175ms
[121.208s][info][gc          ] GC(38) Pause Final Roots 0.003ms
[121.208s][info][gc,metaspace] Metaspace: 37900K(38208K)->37900K(38208K) NonClass: 19735K(19904K)->19735K(19904K) Class: 18164K(18304K)->18164K(18304K)
[121.210s][info][gc          ] Trigger: GC request (System.gc())
[121.211s][info][gc          ] GC(39) Concurrent reset 1.952ms
[121.212s][info][gc          ] GC(39) Pause Init Mark (unload classes) 0.042ms
[121.212s][info][gc          ] GC(39) Concurrent marking roots 0.114ms
[123.139s][info][gc          ] GC(39) Concurrent marking (unload classes) 1927.327ms
[123.139s][info][gc          ] GC(39) Pause Final Mark (unload classes) 0.182ms
[123.140s][info][gc          ] GC(39) Concurrent thread roots 0.077ms
[123.140s][info][gc          ] GC(39) Concurrent weak references 0.044ms
[123.140s][info][gc          ] GC(39) Concurrent weak roots 0.395ms
[123.140s][info][gc          ] GC(39) Concurrent cleanup 1604M->1604M(6144M) 0.051ms
[123.140s][info][gc          ] GC(39) Concurrent class unloading 0.175ms
[123.140s][info][gc          ] GC(39) Concurrent strong roots 0.140ms
[123.140s][info][gc          ] GC(39) Concurrent evacuation 0.033ms
[123.140s][info][gc          ] GC(39) Pause Init Update Refs 0.007ms
[123.141s][info][gc          ] GC(39) At start of update refs, moving 4096K to Mutator free partition from Collector Reserve
[124.375s][info][gc          ] GC(39) Concurrent update references 1234.415ms
[124.375s][info][gc          ] GC(39) Concurrent update thread roots 0.260ms
[124.375s][info][gc          ] GC(39) Pause Final Update Refs 0.060ms
[124.375s][info][gc          ] GC(39) Concurrent cleanup 1604M->1602M(6144M) 0.054ms
[124.375s][info][gc,metaspace] Metaspace: 37900K(38208K)->37900K(38208K) NonClass: 19735K(19904K)->19735K(19904K) Class: 18164K(18304K)->18164K(18304K)
[124.378s][info][gc          ] Trigger: GC request (System.gc())
[124.380s][info][gc          ] GC(40) Concurrent reset 2.199ms
[124.380s][info][gc          ] GC(40) Pause Init Mark (unload classes) 0.045ms
[124.380s][info][gc          ] GC(40) Concurrent marking roots 0.102ms
[126.282s][info][gc          ] GC(40) Concurrent marking (unload classes) 1901.868ms
[126.282s][info][gc          ] GC(40) Pause Final Mark (unload classes) 0.165ms
[126.282s][info][gc          ] GC(40) Concurrent weak references 0.077ms
[126.283s][info][gc          ] GC(40) Concurrent weak roots 0.323ms
[126.283s][info][gc          ] GC(40) Concurrent cleanup 1602M->1602M(6144M) 0.051ms
[126.283s][info][gc          ] GC(40) Concurrent class unloading 0.210ms
[126.283s][info][gc          ] GC(40) Pause Final Roots 0.003ms
[126.283s][info][gc,metaspace] Metaspace: 37900K(38208K)->37900K(38208K) NonClass: 19735K(19904K)->19735K(19904K) Class: 18164K(18304K)->18164K(18304K)
[126.287s][info][gc          ] Trigger: GC request (System.gc())
[126.289s][info][gc          ] GC(41) Concurrent reset 1.898ms
[126.289s][info][gc          ] GC(41) Pause Init Mark (unload classes) 0.045ms
[126.289s][info][gc          ] GC(41) Concurrent marking roots 0.097ms
[128.202s][info][gc          ] GC(41) Concurrent marking (unload classes) 1913.095ms
[128.203s][info][gc          ] GC(41) Pause Final Mark (unload classes) 0.186ms
[128.207s][info][gc          ] GC(41) Concurrent weak references 0.052ms
[128.207s][info][gc          ] GC(41) Concurrent weak roots 0.387ms
[128.207s][info][gc          ] GC(41) Concurrent cleanup 1602M->1602M(6144M) 0.051ms
[128.208s][info][gc          ] GC(41) Concurrent class unloading 0.175ms
[128.208s][info][gc          ] GC(41) Pause Final Roots 0.003ms
[128.208s][info][gc,metaspace] Metaspace: 37900K(38208K)->37900K(38208K) NonClass: 19735K(19904K)->19735K(19904K) Class: 18164K(18304K)->18164K(18304K)
[128.216s][info][gc          ] Trigger: GC request (System.gc())
[128.218s][info][gc          ] GC(42) Concurrent reset 2.333ms
[128.218s][info][gc          ] GC(42) Pause Init Mark (unload classes) 0.043ms
[128.219s][info][gc          ] GC(42) Concurrent marking roots 0.103ms
[130.380s][info][gc          ] GC(42) Concurrent marking (unload classes) 2161.680ms
[130.380s][info][gc          ] GC(42) Pause Final Mark (unload classes) 0.184ms
[130.381s][info][gc          ] GC(42) Concurrent weak references 0.044ms
[130.381s][info][gc          ] GC(42) Concurrent weak roots 0.362ms
[130.381s][info][gc          ] GC(42) Concurrent cleanup 1602M->1602M(6144M) 0.052ms
[130.381s][info][gc          ] GC(42) Concurrent class unloading 0.141ms
[130.381s][info][gc          ] GC(42) Pause Final Roots 0.003ms
[130.381s][info][gc,metaspace] Metaspace: 37900K(38208K)->37900K(38208K) NonClass: 19735K(19904K)->19735K(19904K) Class: 18164K(18304K)->18164K(18304K)
[130.391s][info][gc          ] Trigger: GC request (System.gc())
[130.393s][info][gc          ] GC(43) Concurrent reset 1.976ms
[130.394s][info][gc          ] GC(43) Pause Init Mark (unload classes) 0.041ms
[130.394s][info][gc          ] GC(43) Concurrent marking roots 0.104ms
[132.304s][info][gc          ] GC(43) Concurrent marking (unload classes) 1910.054ms
[132.304s][info][gc          ] GC(43) Pause Final Mark (unload classes) 0.188ms
[132.304s][info][gc          ] GC(43) Concurrent weak references 0.048ms
[132.305s][info][gc          ] GC(43) Concurrent weak roots 0.367ms
[132.305s][info][gc          ] GC(43) Concurrent cleanup 1602M->1602M(6144M) 0.051ms
[132.305s][info][gc          ] GC(43) Concurrent class unloading 0.175ms
[132.305s][info][gc          ] GC(43) Pause Final Roots 0.003ms
[132.305s][info][gc,metaspace] Metaspace: 37900K(38208K)->37900K(38208K) NonClass: 19735K(19904K)->19735K(19904K) Class: 18164K(18304K)->18164K(18304K)
[132.315s][info][gc          ] Trigger: GC request (System.gc())
[132.318s][info][gc          ] GC(44) Concurrent reset 2.467ms
[132.318s][info][gc          ] GC(44) Pause Init Mark (unload classes) 0.046ms
[132.318s][info][gc          ] GC(44) Concurrent marking roots 0.098ms
[134.262s][info][gc          ] GC(44) Concurrent marking (unload classes) 1944.540ms
[134.263s][info][gc          ] GC(44) Pause Final Mark (unload classes) 0.175ms
[134.263s][info][gc          ] GC(44) Concurrent weak references 0.045ms
[134.263s][info][gc          ] GC(44) Concurrent weak roots 0.421ms
[134.263s][info][gc          ] GC(44) Concurrent cleanup 1602M->1602M(6144M) 0.051ms
[134.263s][info][gc          ] GC(44) Concurrent class unloading 0.177ms
[134.264s][info][gc          ] GC(44) Pause Final Roots 0.003ms
[134.264s][info][gc,metaspace] Metaspace: 37900K(38208K)->37900K(38208K) NonClass: 19735K(19904K)->19735K(19904K) Class: 18164K(18304K)->18164K(18304K)
[134.274s][info][gc          ] Trigger: GC request (System.gc())
[134.276s][info][gc          ] GC(45) Concurrent reset 2.671ms
[134.276s][info][gc          ] GC(45) Pause Init Mark (unload classes) 0.039ms
[134.277s][info][gc          ] GC(45) Concurrent marking roots 0.072ms
[136.219s][info][gc          ] GC(45) Concurrent marking (unload classes) 1942.193ms
[136.219s][info][gc          ] GC(45) Pause Final Mark (unload classes) 0.179ms
[136.219s][info][gc          ] GC(45) Concurrent weak references 0.049ms
[136.219s][info][gc          ] GC(45) Concurrent weak roots 0.351ms
[136.220s][info][gc          ] GC(45) Concurrent cleanup 1602M->1602M(6144M) 0.050ms
[136.220s][info][gc          ] GC(45) Concurrent class unloading 0.176ms
[136.220s][info][gc          ] GC(45) Pause Final Roots 0.003ms
[136.220s][info][gc,metaspace] Metaspace: 37900K(38208K)->37900K(38208K) NonClass: 19735K(19904K)->19735K(19904K) Class: 18164K(18304K)->18164K(18304K)
[136.230s][info][gc          ] Trigger: GC request (System.gc())
[136.232s][info][gc          ] GC(46) Concurrent reset 1.974ms
[136.232s][info][gc          ] GC(46) Pause Init Mark (unload classes) 0.042ms
[136.232s][info][gc          ] GC(46) Concurrent marking roots 0.090ms
[138.372s][info][gc          ] GC(46) Concurrent marking (unload classes) 2139.515ms
[138.372s][info][gc          ] GC(46) Pause Final Mark (unload classes) 0.177ms
[138.372s][info][gc          ] GC(46) Concurrent weak references 0.047ms
[138.373s][info][gc          ] GC(46) Concurrent weak roots 0.345ms
[138.373s][info][gc          ] GC(46) Concurrent cleanup 1602M->1602M(6144M) 0.051ms
[138.373s][info][gc          ] GC(46) Concurrent class unloading 0.174ms
[138.373s][info][gc          ] GC(46) Pause Final Roots 0.003ms
[138.373s][info][gc,metaspace] Metaspace: 37900K(38208K)->37900K(38208K) NonClass: 19735K(19904K)->19735K(19904K) Class: 18164K(18304K)->18164K(18304K)
[138.383s][info][gc          ] Trigger: GC request (System.gc())
[138.385s][info][gc          ] GC(47) Concurrent reset 2.041ms
[138.385s][info][gc          ] GC(47) Pause Init Mark (unload classes) 0.041ms
[138.385s][info][gc          ] GC(47) Concurrent marking roots 0.098ms
[140.300s][info][gc          ] GC(47) Concurrent marking (unload classes) 1914.697ms
[140.300s][info][gc          ] GC(47) Pause Final Mark (unload classes) 0.183ms
[140.300s][info][gc          ] GC(47) Concurrent weak references 0.045ms
[140.301s][info][gc          ] GC(47) Concurrent weak roots 0.362ms
[140.301s][info][gc          ] GC(47) Concurrent cleanup 1602M->1602M(6144M) 0.051ms
[140.301s][info][gc          ] GC(47) Concurrent class unloading 0.174ms
[140.301s][info][gc          ] GC(47) Pause Final Roots 0.003ms
[140.301s][info][gc,metaspace] Metaspace: 37900K(38208K)->37900K(38208K) NonClass: 19735K(19904K)->19735K(19904K) Class: 18164K(18304K)->18164K(18304K)
[140.311s][info][gc          ] Trigger: GC request (System.gc())
[140.314s][info][gc          ] GC(48) Concurrent reset 2.420ms
[140.314s][info][gc          ] GC(48) Pause Init Mark (unload classes) 0.046ms
[140.314s][info][gc          ] GC(48) Concurrent marking roots 0.105ms
[142.243s][info][gc          ] GC(48) Concurrent marking (unload classes) 1928.942ms
[142.243s][info][gc          ] GC(48) Pause Final Mark (unload classes) 0.206ms
[142.243s][info][gc          ] GC(48) Concurrent weak references 0.046ms
[142.244s][info][gc          ] GC(48) Concurrent weak roots 0.353ms
[142.244s][info][gc          ] GC(48) Concurrent cleanup 1602M->1602M(6144M) 0.051ms
[142.244s][info][gc          ] GC(48) Concurrent class unloading 0.171ms
[142.244s][info][gc          ] GC(48) Pause Final Roots 0.003ms
[142.244s][info][gc,metaspace] Metaspace: 37900K(38208K)->37900K(38208K) NonClass: 19735K(19904K)->19735K(19904K) Class: 18164K(18304K)->18164K(18304K)
[142.254s][info][gc          ] Trigger: GC request (System.gc())
[142.257s][info][gc          ] GC(49) Concurrent reset 2.365ms
[142.257s][info][gc          ] GC(49) Pause Init Mark (unload classes) 0.042ms
[142.257s][info][gc          ] GC(49) Concurrent marking roots 0.108ms
[144.217s][info][gc          ] GC(49) Concurrent marking (unload classes) 1959.862ms
[144.217s][info][gc          ] GC(49) Pause Final Mark (unload classes) 0.181ms
[144.217s][info][gc          ] GC(49) Concurrent weak references 0.046ms
[144.218s][info][gc          ] GC(49) Concurrent weak roots 0.425ms
[144.218s][info][gc          ] GC(49) Concurrent cleanup 1602M->1602M(6144M) 0.051ms
[144.218s][info][gc          ] GC(49) Concurrent class unloading 0.168ms
[144.218s][info][gc          ] GC(49) Pause Final Roots 0.003ms
[144.218s][info][gc,metaspace] Metaspace: 37900K(38208K)->37900K(38208K) NonClass: 19735K(19904K)->19735K(19904K) Class: 18164K(18304K)->18164K(18304K)
[144.228s][info][gc          ] Trigger: GC request (System.gc())
[144.230s][info][gc          ] GC(50) Concurrent reset 2.012ms
[144.230s][info][gc          ] GC(50) Pause Init Mark (unload classes) 0.042ms
[144.230s][info][gc          ] GC(50) Concurrent marking roots 0.092ms
[146.192s][info][gc          ] GC(50) Concurrent marking (unload classes) 1962.011ms
[146.193s][info][gc          ] GC(50) Pause Final Mark (unload classes) 0.182ms
[146.193s][info][gc          ] GC(50) Concurrent weak references 0.049ms
[146.193s][info][gc          ] GC(50) Concurrent weak roots 0.359ms
[146.193s][info][gc          ] GC(50) Concurrent cleanup 1602M->1602M(6144M) 0.051ms
[146.193s][info][gc          ] GC(50) Concurrent class unloading 0.171ms
[146.193s][info][gc          ] GC(50) Pause Final Roots 0.003ms
[146.193s][info][gc,metaspace] Metaspace: 37900K(38208K)->37900K(38208K) NonClass: 19735K(19904K)->19735K(19904K) Class: 18164K(18304K)->18164K(18304K)
[146.204s][info][gc          ] Trigger: GC request (System.gc())
[146.205s][info][gc          ] GC(51) Concurrent reset 1.908ms
[146.206s][info][gc          ] GC(51) Pause Init Mark (unload classes) 0.043ms
[146.206s][info][gc          ] GC(51) Concurrent marking roots 0.109ms
[148.188s][info][gc          ] GC(51) Concurrent marking (unload classes) 1982.589ms
[148.189s][info][gc          ] GC(51) Pause Final Mark (unload classes) 0.185ms
[148.189s][info][gc          ] GC(51) Concurrent weak references 0.047ms
[148.189s][info][gc          ] GC(51) Concurrent weak roots 0.361ms
[148.189s][info][gc          ] GC(51) Concurrent cleanup 1602M->1602M(6144M) 0.051ms
[148.189s][info][gc          ] GC(51) Concurrent class unloading 0.170ms
[148.189s][info][gc          ] GC(51) Pause Final Roots 0.003ms
[148.189s][info][gc,metaspace] Metaspace: 37900K(38208K)->37900K(38208K) NonClass: 19735K(19904K)->19735K(19904K) Class: 18164K(18304K)->18164K(18304K)
[148.200s][info][gc          ] Trigger: GC request (System.gc())
[148.201s][info][gc          ] GC(52) Concurrent reset 1.867ms
[148.202s][info][gc          ] GC(52) Pause Init Mark (unload classes) 0.042ms
[148.202s][info][gc          ] GC(52) Concurrent marking roots 0.126ms
[150.210s][info][gc          ] GC(52) Concurrent marking (unload classes) 2008.712ms
[150.211s][info][gc          ] GC(52) Pause Final Mark (unload classes) 0.184ms
[150.211s][info][gc          ] GC(52) Concurrent weak references 0.047ms
[150.211s][info][gc          ] GC(52) Concurrent weak roots 0.388ms
[150.211s][info][gc          ] GC(52) Concurrent cleanup 1602M->1602M(6144M) 0.051ms
[150.211s][info][gc          ] GC(52) Concurrent class unloading 0.142ms
[150.211s][info][gc          ] GC(52) Pause Final Roots 0.003ms
[150.212s][info][gc,metaspace] Metaspace: 37900K(38208K)->37900K(38208K) NonClass: 19735K(19904K)->19735K(19904K) Class: 18164K(18304K)->18164K(18304K)
[150.222s][info][gc          ] Trigger: GC request (System.gc())
[150.224s][info][gc          ] GC(53) Concurrent reset 1.938ms
[150.224s][info][gc          ] GC(53) Pause Init Mark (unload classes) 0.042ms
[150.224s][info][gc          ] GC(53) Concurrent marking roots 0.099ms
[152.360s][info][gc          ] GC(53) Concurrent marking (unload classes) 2135.756ms
[152.360s][info][gc          ] GC(53) Pause Final Mark (unload classes) 0.187ms
[152.360s][info][gc          ] GC(53) Concurrent weak references 0.048ms
[152.360s][info][gc          ] GC(53) Concurrent weak roots 0.363ms
[152.360s][info][gc          ] GC(53) Concurrent cleanup 1602M->1602M(6144M) 0.051ms
[152.361s][info][gc          ] GC(53) Concurrent class unloading 0.140ms
[152.361s][info][gc          ] GC(53) Pause Final Roots 0.003ms
[152.361s][info][gc,metaspace] Metaspace: 37900K(38208K)->37900K(38208K) NonClass: 19735K(19904K)->19735K(19904K) Class: 18164K(18304K)->18164K(18304K)
[152.371s][info][gc          ] Trigger: GC request (System.gc())
[152.373s][info][gc          ] GC(54) Concurrent reset 1.924ms
[152.373s][info][gc          ] GC(54) Pause Init Mark (unload classes) 0.041ms
[152.373s][info][gc          ] GC(54) Concurrent marking roots 0.096ms
[154.306s][info][gc          ] GC(54) Concurrent marking (unload classes) 1933.035ms
[154.306s][info][gc          ] GC(54) Pause Final Mark (unload classes) 0.179ms
[154.306s][info][gc          ] GC(54) Concurrent weak references 0.045ms
[154.307s][info][gc          ] GC(54) Concurrent weak roots 0.424ms
[154.307s][info][gc          ] GC(54) Concurrent cleanup 1602M->1602M(6144M) 0.051ms
[154.307s][info][gc          ] GC(54) Concurrent class unloading 0.141ms
[154.307s][info][gc          ] GC(54) Pause Final Roots 0.003ms
[154.307s][info][gc,metaspace] Metaspace: 37900K(38208K)->37900K(38208K) NonClass: 19735K(19904K)->19735K(19904K) Class: 18164K(18304K)->18164K(18304K)
[154.317s][info][gc          ] Trigger: GC request (System.gc())
[154.320s][info][gc          ] GC(55) Concurrent reset 2.349ms
[154.320s][info][gc          ] GC(55) Pause Init Mark (unload classes) 0.042ms
[154.320s][info][gc          ] GC(55) Concurrent marking roots 0.137ms
[156.282s][info][gc          ] GC(55) Concurrent marking (unload classes) 1961.987ms
[156.282s][info][gc          ] GC(55) Pause Final Mark (unload classes) 0.196ms
[156.282s][info][gc          ] GC(55) Concurrent weak references 0.045ms
[156.283s][info][gc          ] GC(55) Concurrent weak roots 0.365ms
[156.283s][info][gc          ] GC(55) Concurrent cleanup 1602M->1602M(6144M) 0.051ms
[156.283s][info][gc          ] GC(55) Concurrent class unloading 0.142ms
[156.283s][info][gc          ] GC(55) Pause Final Roots 0.003ms
[156.283s][info][gc,metaspace] Metaspace: 37900K(38208K)->37900K(38208K) NonClass: 19735K(19904K)->19735K(19904K) Class: 18164K(18304K)->18164K(18304K)
[156.293s][info][gc          ] Trigger: GC request (System.gc())
[156.295s][info][gc          ] GC(56) Concurrent reset 2.007ms
[156.295s][info][gc          ] GC(56) Pause Init Mark (unload classes) 0.054ms
[156.295s][info][gc          ] GC(56) Concurrent marking roots 0.088ms
[158.409s][info][gc          ] GC(56) Concurrent marking (unload classes) 2113.482ms
[158.409s][info][gc          ] GC(56) Pause Final Mark (unload classes) 0.181ms
[158.409s][info][gc          ] GC(56) Concurrent weak references 0.047ms
[158.410s][info][gc          ] GC(56) Concurrent weak roots 0.364ms
[158.410s][info][gc          ] GC(56) Concurrent cleanup 1602M->1602M(6144M) 0.051ms
[158.410s][info][gc          ] GC(56) Concurrent class unloading 0.144ms
[158.410s][info][gc          ] GC(56) Pause Final Roots 0.003ms
[158.410s][info][gc,metaspace] Metaspace: 37900K(38208K)->37900K(38208K) NonClass: 19735K(19904K)->19735K(19904K) Class: 18164K(18304K)->18164K(18304K)
[158.420s][info][gc          ] Trigger: GC request (System.gc())
[158.422s][info][gc          ] GC(57) Concurrent reset 2.005ms
[158.422s][info][gc          ] GC(57) Pause Init Mark (unload classes) 0.042ms
[158.422s][info][gc          ] GC(57) Concurrent marking roots 0.106ms
[160.330s][info][gc          ] GC(57) Concurrent marking (unload classes) 1907.933ms
[160.331s][info][gc          ] GC(57) Pause Final Mark (unload classes) 0.179ms
[160.331s][info][gc          ] GC(57) Concurrent weak references 0.071ms
[160.331s][info][gc          ] GC(57) Concurrent weak roots 0.321ms
[160.331s][info][gc          ] GC(57) Concurrent cleanup 1602M->1602M(6144M) 0.051ms
[160.331s][info][gc          ] GC(57) Concurrent class unloading 0.183ms
[160.331s][info][gc          ] GC(57) Pause Final Roots 0.003ms
[160.331s][info][gc,metaspace] Metaspace: 37900K(38208K)->37900K(38208K) NonClass: 19735K(19904K)->19735K(19904K) Class: 18164K(18304K)->18164K(18304K)
[160.341s][info][gc          ] Trigger: GC request (System.gc())
[160.343s][info][gc          ] GC(58) Concurrent reset 1.994ms
[160.344s][info][gc          ] GC(58) Pause Init Mark (unload classes) 0.042ms
[160.344s][info][gc          ] GC(58) Concurrent marking roots 0.096ms
[162.252s][info][gc          ] GC(58) Concurrent marking (unload classes) 1907.866ms
[162.252s][info][gc          ] GC(58) Pause Final Mark (unload classes) 0.182ms
[162.252s][info][gc          ] GC(58) Concurrent weak references 0.047ms
[162.252s][info][gc          ] GC(58) Concurrent weak roots 0.411ms
[162.252s][info][gc          ] GC(58) Concurrent cleanup 1602M->1602M(6144M) 0.051ms
[162.253s][info][gc          ] GC(58) Concurrent class unloading 0.166ms
[162.253s][info][gc          ] GC(58) Pause Final Roots 0.003ms
[162.253s][info][gc,metaspace] Metaspace: 37900K(38208K)->37900K(38208K) NonClass: 19735K(19904K)->19735K(19904K) Class: 18164K(18304K)->18164K(18304K)
[162.263s][info][gc          ] Trigger: GC request (System.gc())
[162.265s][info][gc          ] GC(59) Concurrent reset 2.278ms
[162.265s][info][gc          ] GC(59) Pause Init Mark (unload classes) 0.042ms
[162.265s][info][gc          ] GC(59) Concurrent marking roots 0.085ms
[164.383s][info][gc          ] GC(59) Concurrent marking (unload classes) 2117.276ms
[164.383s][info][gc          ] GC(59) Pause Final Mark (unload classes) 0.187ms
[164.383s][info][gc          ] GC(59) Concurrent weak references 0.077ms
[164.383s][info][gc          ] GC(59) Concurrent weak roots 0.334ms
[164.383s][info][gc          ] GC(59) Concurrent cleanup 1602M->1602M(6144M) 0.051ms
[164.384s][info][gc          ] GC(59) Concurrent class unloading 0.187ms
[164.384s][info][gc          ] GC(59) Pause Final Roots 0.003ms
[164.384s][info][gc,metaspace] Metaspace: 37900K(38208K)->37900K(38208K) NonClass: 19735K(19904K)->19735K(19904K) Class: 18164K(18304K)->18164K(18304K)
[164.394s][info][gc          ] Trigger: GC request (System.gc())
[164.396s][info][gc          ] GC(60) Concurrent reset 1.880ms
[164.396s][info][gc          ] GC(60) Pause Init Mark (unload classes) 0.042ms
[164.396s][info][gc          ] GC(60) Concurrent marking roots 0.129ms
[166.307s][info][gc          ] GC(60) Concurrent marking (unload classes) 1910.578ms
[166.307s][info][gc          ] GC(60) Pause Final Mark (unload classes) 0.180ms
[166.307s][info][gc          ] GC(60) Concurrent weak references 0.047ms
[166.307s][info][gc          ] GC(60) Concurrent weak roots 0.360ms
[166.307s][info][gc          ] GC(60) Concurrent cleanup 1602M->1602M(6144M) 0.050ms
[166.308s][info][gc          ] GC(60) Concurrent class unloading 0.181ms
[166.308s][info][gc          ] GC(60) Pause Final Roots 0.003ms
[166.308s][info][gc,metaspace] Metaspace: 37900K(38208K)->37900K(38208K) NonClass: 19735K(19904K)->19735K(19904K) Class: 18164K(18304K)->18164K(18304K)
[166.318s][info][gc          ] Trigger: GC request (System.gc())
[166.320s][info][gc          ] GC(61) Concurrent reset 2.035ms
[166.320s][info][gc          ] GC(61) Pause Init Mark (unload classes) 0.042ms
[166.320s][info][gc          ] GC(61) Concurrent marking roots 0.126ms
[168.295s][info][gc          ] GC(61) Concurrent marking (unload classes) 1974.764ms
[168.295s][info][gc          ] GC(61) Pause Final Mark (unload classes) 0.160ms
[168.295s][info][gc          ] GC(61) Concurrent weak references 0.059ms
[168.296s][info][gc          ] GC(61) Concurrent weak roots 0.321ms
[168.296s][info][gc          ] GC(61) Concurrent cleanup 1602M->1602M(6144M) 0.051ms
[168.296s][info][gc          ] GC(61) Concurrent class unloading 0.210ms
[168.296s][info][gc          ] GC(61) Pause Final Roots 0.003ms
[168.296s][info][gc,metaspace] Metaspace: 37900K(38208K)->37900K(38208K) NonClass: 19735K(19904K)->19735K(19904K) Class: 18164K(18304K)->18164K(18304K)
[168.306s][info][gc          ] Trigger: GC request (System.gc())
[168.308s][info][gc          ] GC(62) Concurrent reset 1.888ms
[168.308s][info][gc          ] GC(62) Pause Init Mark (unload classes) 0.045ms
[168.308s][info][gc          ] GC(62) Concurrent marking roots 0.108ms
[170.255s][info][gc          ] GC(62) Concurrent marking (unload classes) 1946.827ms
[170.255s][info][gc          ] GC(62) Pause Final Mark (unload classes) 0.181ms
[170.256s][info][gc          ] GC(62) Concurrent weak references 0.046ms
[170.256s][info][gc          ] GC(62) Concurrent weak roots 0.416ms
[170.256s][info][gc          ] GC(62) Concurrent cleanup 1602M->1602M(6144M) 0.051ms
[170.256s][info][gc          ] GC(62) Concurrent class unloading 0.140ms
[170.256s][info][gc          ] GC(62) Pause Final Roots 0.003ms
[170.256s][info][gc,metaspace] Metaspace: 37900K(38208K)->37900K(38208K) NonClass: 19735K(19904K)->19735K(19904K) Class: 18164K(18304K)->18164K(18304K)
After GCs... 
[170.266s][info][gc          ] Trigger: Learning 2 of 5. Free (4224M) is below initial threshold (4300M)
[170.268s][info][gc          ] GC(63) Concurrent reset 2.101ms
[170.269s][info][gc          ] GC(63) Pause Init Mark (unload classes) 0.038ms
[170.269s][info][gc          ] GC(63) Concurrent marking roots 0.486ms
[170.286s][info][gc          ] Cancelling GC: Stopping VM
[170.286s][info][gc          ] GC(63) Concurrent marking (unload classes) 17.181ms
[170.286s][info][gc,metaspace] Metaspace: 37985K(38336K)->38229K(38528K) NonClass: 19803K(19968K)->19992K(20096K) Class: 18182K(18368K)->18237K(18432K)
