Done; will start GCs... 
[70.853s][info][gc          ] Trigger: GC request (System.gc())
[70.855s][info][gc          ] GC(13) Concurrent reset 2.526ms
[70.856s][info][gc          ] GC(13) Pause Init Mark (unload classes) 0.043ms
[70.856s][info][gc          ] GC(13) Concurrent marking roots 0.155ms
[73.097s][info][gc          ] GC(13) Concurrent marking (unload classes) 2240.726ms
[73.097s][info][gc          ] GC(13) Pause Final Mark (unload classes) 0.164ms
[73.101s][info][gc          ] GC(13) Concurrent thread roots 0.078ms
[73.101s][info][gc          ] GC(13) Concurrent weak references 0.044ms
[73.102s][info][gc          ] GC(13) Concurrent weak roots 0.405ms
[73.102s][info][gc          ] GC(13) Concurrent cleanup 1603M->1599M(6144M) 0.054ms
[73.102s][info][gc          ] GC(13) Concurrent class unloading 0.149ms
[73.102s][info][gc          ] GC(13) Concurrent strong roots 0.167ms
[73.106s][info][gc          ] GC(13) Concurrent evacuation 4.232ms
[73.107s][info][gc          ] GC(13) Pause Init Update Refs 0.005ms
[73.107s][info][gc          ] GC(13) At start of update refs, moving 4096K to Mutator free partition from Collector Reserve
[74.798s][info][gc          ] GC(13) Concurrent update references 1691.500ms
[74.798s][info][gc          ] GC(13) Concurrent update thread roots 0.161ms
[74.798s][info][gc          ] GC(13) Pause Final Update Refs 0.057ms
[74.798s][info][gc          ] GC(13) Concurrent cleanup 1603M->1599M(6144M) 0.055ms
[74.799s][info][gc,metaspace] Metaspace: 37908K(38208K)->37908K(38208K) NonClass: 19743K(19904K)->19743K(19904K) Class: 18164K(18304K)->18164K(18304K)
[74.800s][info][gc          ] Trigger: GC request (System.gc())
[74.801s][info][gc          ] GC(14) Concurrent reset 1.822ms
[74.802s][info][gc          ] GC(14) Pause Init Mark (unload classes) 0.041ms
[74.802s][info][gc          ] GC(14) Concurrent marking roots 0.088ms
[77.023s][info][gc          ] GC(14) Concurrent marking (unload classes) 2221.298ms
[77.023s][info][gc          ] GC(14) Pause Final Mark (unload classes) 0.178ms
[77.023s][info][gc          ] GC(14) Concurrent thread roots 0.056ms
[77.023s][info][gc          ] GC(14) Concurrent weak references 0.046ms
[77.024s][info][gc          ] GC(14) Concurrent weak roots 0.388ms
[77.024s][info][gc          ] GC(14) Concurrent cleanup 1599M->1599M(6144M) 0.050ms
[77.024s][info][gc          ] GC(14) Concurrent class unloading 0.186ms
[77.024s][info][gc          ] GC(14) Concurrent strong roots 0.167ms
[77.028s][info][gc          ] GC(14) Concurrent evacuation 4.196ms
[77.029s][info][gc          ] GC(14) Pause Init Update Refs 0.006ms
[77.029s][info][gc          ] GC(14) At start of update refs, moving 4096K to Mutator free partition from Collector Reserve
[78.701s][info][gc          ] GC(14) Concurrent update references 1672.683ms
[78.702s][info][gc          ] GC(14) Concurrent update thread roots 0.225ms
[78.702s][info][gc          ] GC(14) Pause Final Update Refs 0.056ms
[78.702s][info][gc          ] GC(14) Concurrent cleanup 1603M->1599M(6144M) 0.052ms
[78.702s][info][gc,metaspace] Metaspace: 37908K(38208K)->37908K(38208K) NonClass: 19743K(19904K)->19743K(19904K) Class: 18164K(18304K)->18164K(18304K)
[78.703s][info][gc          ] Trigger: GC request (System.gc())
[78.705s][info][gc          ] GC(15) Concurrent reset 2.103ms
[78.705s][info][gc          ] GC(15) Pause Init Mark (unload classes) 0.044ms
[78.705s][info][gc          ] GC(15) Concurrent marking roots 0.099ms
[80.975s][info][gc          ] GC(15) Concurrent marking (unload classes) 2269.923ms
[80.975s][info][gc          ] GC(15) Pause Final Mark (unload classes) 0.169ms
[80.976s][info][gc          ] GC(15) Concurrent thread roots 0.080ms
[80.976s][info][gc          ] GC(15) Concurrent weak references 0.040ms
[80.976s][info][gc          ] GC(15) Concurrent weak roots 0.391ms
[80.976s][info][gc          ] GC(15) Concurrent cleanup 1599M->1599M(6144M) 0.051ms
[80.976s][info][gc          ] GC(15) Concurrent class unloading 0.179ms
[80.977s][info][gc          ] GC(15) Concurrent strong roots 0.228ms
[80.981s][info][gc          ] GC(15) Concurrent evacuation 4.228ms
[80.981s][info][gc          ] GC(15) Pause Init Update Refs 0.006ms
[80.981s][info][gc          ] GC(15) At start of update refs, moving 4096K to Mutator free partition from Collector Reserve
[82.849s][info][gc          ] GC(15) Concurrent update references 1867.827ms
[82.849s][info][gc          ] GC(15) Concurrent update thread roots 0.223ms
[82.849s][info][gc          ] GC(15) Pause Final Update Refs 0.058ms
[82.849s][info][gc          ] GC(15) Concurrent cleanup 1603M->1599M(6144M) 0.056ms
[82.849s][info][gc,metaspace] Metaspace: 37908K(38208K)->37908K(38208K) NonClass: 19743K(19904K)->19743K(19904K) Class: 18164K(18304K)->18164K(18304K)
[82.850s][info][gc          ] Trigger: GC request (System.gc())
[82.853s][info][gc          ] GC(16) Concurrent reset 2.052ms
[82.853s][info][gc          ] GC(16) Pause Init Mark (unload classes) 0.041ms
[82.853s][info][gc          ] GC(16) Concurrent marking roots 0.097ms
[85.060s][info][gc          ] GC(16) Concurrent marking (unload classes) 2207.237ms
[85.060s][info][gc          ] GC(16) Pause Final Mark (unload classes) 0.172ms
[85.060s][info][gc          ] GC(16) Concurrent thread roots 0.086ms
[85.061s][info][gc          ] GC(16) Concurrent weak references 0.042ms
[85.061s][info][gc          ] GC(16) Concurrent weak roots 0.466ms
[85.061s][info][gc          ] GC(16) Concurrent cleanup 1599M->1599M(6144M) 0.051ms
[85.061s][info][gc          ] GC(16) Concurrent class unloading 0.181ms
[85.062s][info][gc          ] GC(16) Concurrent strong roots 0.230ms
[85.066s][info][gc          ] GC(16) Concurrent evacuation 4.275ms
[85.066s][info][gc          ] GC(16) Pause Init Update Refs 0.006ms
[85.066s][info][gc          ] GC(16) At start of update refs, moving 4096K to Mutator free partition from Collector Reserve
[86.899s][info][gc          ] GC(16) Concurrent update references 1832.807ms
[86.899s][info][gc          ] GC(16) Concurrent update thread roots 0.230ms
[86.899s][info][gc          ] GC(16) Pause Final Update Refs 0.057ms
[86.899s][info][gc          ] GC(16) Concurrent cleanup 1603M->1599M(6144M) 0.052ms
[86.899s][info][gc,metaspace] Metaspace: 37908K(38208K)->37908K(38208K) NonClass: 19743K(19904K)->19743K(19904K) Class: 18164K(18304K)->18164K(18304K)
[86.900s][info][gc          ] Trigger: GC request (System.gc())
[86.902s][info][gc          ] GC(17) Concurrent reset 1.837ms
[86.902s][info][gc          ] GC(17) Pause Init Mark (unload classes) 0.045ms
[86.902s][info][gc          ] GC(17) Concurrent marking roots 0.110ms
[89.123s][info][gc          ] GC(17) Concurrent marking (unload classes) 2220.813ms
[89.124s][info][gc          ] GC(17) Pause Final Mark (unload classes) 0.188ms
[89.124s][info][gc          ] GC(17) Concurrent thread roots 0.063ms
[89.124s][info][gc          ] GC(17) Concurrent weak references 0.045ms
[89.124s][info][gc          ] GC(17) Concurrent weak roots 0.392ms
[89.124s][info][gc          ] GC(17) Concurrent cleanup 1599M->1599M(6144M) 0.051ms
[89.124s][info][gc          ] GC(17) Concurrent class unloading 0.182ms
[89.125s][info][gc          ] GC(17) Concurrent strong roots 0.163ms
[89.129s][info][gc          ] GC(17) Concurrent evacuation 4.095ms
[89.129s][info][gc          ] GC(17) Pause Init Update Refs 0.006ms
[89.129s][info][gc          ] GC(17) At start of update refs, moving 4096K to Mutator free partition from Collector Reserve
[90.774s][info][gc          ] GC(17) Concurrent update references 1645.107ms
[90.774s][info][gc          ] GC(17) Concurrent update thread roots 0.226ms
[90.774s][info][gc          ] GC(17) Pause Final Update Refs 0.056ms
[90.774s][info][gc          ] GC(17) Concurrent cleanup 1603M->1599M(6144M) 0.052ms
[90.775s][info][gc,metaspace] Metaspace: 37908K(38208K)->37908K(38208K) NonClass: 19743K(19904K)->19743K(19904K) Class: 18164K(18304K)->18164K(18304K)
[90.776s][info][gc          ] Trigger: GC request (System.gc())
[90.777s][info][gc          ] GC(18) Concurrent reset 1.890ms
[90.778s][info][gc          ] GC(18) Pause Init Mark (unload classes) 0.041ms
[90.778s][info][gc          ] GC(18) Concurrent marking roots 0.088ms
[93.004s][info][gc          ] GC(18) Concurrent marking (unload classes) 2226.455ms
[93.004s][info][gc          ] GC(18) Pause Final Mark (unload classes) 0.180ms
[93.005s][info][gc          ] GC(18) Concurrent thread roots 0.070ms
[93.005s][info][gc          ] GC(18) Concurrent weak references 0.046ms
[93.005s][info][gc          ] GC(18) Concurrent weak roots 0.386ms
[93.005s][info][gc          ] GC(18) Concurrent cleanup 1599M->1599M(6144M) 0.050ms
[93.005s][info][gc          ] GC(18) Concurrent class unloading 0.181ms
[93.005s][info][gc          ] GC(18) Concurrent strong roots 0.173ms
[93.010s][info][gc          ] GC(18) Concurrent evacuation 4.092ms
[93.010s][info][gc          ] GC(18) Pause Init Update Refs 0.006ms
[93.010s][info][gc          ] GC(18) At start of update refs, moving 4096K to Mutator free partition from Collector Reserve
[94.690s][info][gc          ] GC(18) Concurrent update references 1680.548ms
[94.691s][info][gc          ] GC(18) Concurrent update thread roots 0.226ms
[94.691s][info][gc          ] GC(18) Pause Final Update Refs 0.057ms
[94.691s][info][gc          ] GC(18) Concurrent cleanup 1603M->1599M(6144M) 0.052ms
[94.691s][info][gc,metaspace] Metaspace: 37908K(38208K)->37908K(38208K) NonClass: 19743K(19904K)->19743K(19904K) Class: 18164K(18304K)->18164K(18304K)
[94.692s][info][gc          ] Trigger: GC request (System.gc())
[94.694s][info][gc          ] GC(19) Concurrent reset 1.934ms
[94.694s][info][gc          ] GC(19) Pause Init Mark (unload classes) 0.039ms
[94.694s][info][gc          ] GC(19) Concurrent marking roots 0.087ms
[96.932s][info][gc          ] GC(19) Concurrent marking (unload classes) 2237.890ms
[96.932s][info][gc          ] GC(19) Pause Final Mark (unload classes) 0.181ms
[96.932s][info][gc          ] GC(19) Concurrent thread roots 0.070ms
[96.932s][info][gc          ] GC(19) Concurrent weak references 0.047ms
[96.933s][info][gc          ] GC(19) Concurrent weak roots 0.390ms
[96.933s][info][gc          ] GC(19) Concurrent cleanup 1599M->1599M(6144M) 0.050ms
[96.933s][info][gc          ] GC(19) Concurrent class unloading 0.201ms
[96.933s][info][gc          ] GC(19) Concurrent strong roots 0.167ms
[96.937s][info][gc          ] GC(19) Concurrent evacuation 4.097ms
[96.937s][info][gc          ] GC(19) Pause Init Update Refs 0.006ms
[96.937s][info][gc          ] GC(19) At start of update refs, moving 4096K to Mutator free partition from Collector Reserve
[98.618s][info][gc          ] GC(19) Concurrent update references 1680.352ms
[98.618s][info][gc          ] GC(19) Concurrent update thread roots 0.242ms
[98.618s][info][gc          ] GC(19) Pause Final Update Refs 0.061ms
[98.618s][info][gc          ] GC(19) Concurrent cleanup 1603M->1599M(6144M) 0.052ms
[98.618s][info][gc,metaspace] Metaspace: 37908K(38208K)->37908K(38208K) NonClass: 19743K(19904K)->19743K(19904K) Class: 18164K(18304K)->18164K(18304K)
[98.619s][info][gc          ] Trigger: GC request (System.gc())
[98.621s][info][gc          ] GC(20) Concurrent reset 2.024ms
[98.622s][info][gc          ] GC(20) Pause Init Mark (unload classes) 0.040ms
[98.622s][info][gc          ] GC(20) Concurrent marking roots 0.093ms
[100.866s][info][gc          ] GC(20) Concurrent marking (unload classes) 2244.188ms
[100.866s][info][gc          ] GC(20) Pause Final Mark (unload classes) 0.182ms
[100.866s][info][gc          ] GC(20) Concurrent thread roots 0.057ms
[100.866s][info][gc          ] GC(20) Concurrent weak references 0.045ms
[100.867s][info][gc          ] GC(20) Concurrent weak roots 0.384ms
[100.867s][info][gc          ] GC(20) Concurrent cleanup 1599M->1599M(6144M) 0.050ms
[100.867s][info][gc          ] GC(20) Concurrent class unloading 0.184ms
[100.867s][info][gc          ] GC(20) Concurrent strong roots 0.168ms
[100.871s][info][gc          ] GC(20) Concurrent evacuation 4.050ms
[100.871s][info][gc          ] GC(20) Pause Init Update Refs 0.006ms
[100.871s][info][gc          ] GC(20) At start of update refs, moving 4096K to Mutator free partition from Collector Reserve
[102.570s][info][gc          ] GC(20) Concurrent update references 1698.889ms
[102.571s][info][gc          ] GC(20) Concurrent update thread roots 0.246ms
[102.575s][info][gc          ] GC(20) Pause Final Update Refs 0.059ms
[102.575s][info][gc          ] GC(20) Concurrent cleanup 1603M->1599M(6144M) 0.053ms
[102.575s][info][gc,metaspace] Metaspace: 37908K(38208K)->37908K(38208K) NonClass: 19743K(19904K)->19743K(19904K) Class: 18164K(18304K)->18164K(18304K)
[102.576s][info][gc          ] Trigger: GC request (System.gc())
[102.578s][info][gc          ] GC(21) Concurrent reset 1.876ms
[102.578s][info][gc          ] GC(21) Pause Init Mark (unload classes) 0.040ms
[102.578s][info][gc          ] GC(21) Concurrent marking roots 0.126ms
[104.859s][info][gc          ] GC(21) Concurrent marking (unload classes) 2281.104ms
[104.860s][info][gc          ] GC(21) Pause Final Mark (unload classes) 0.178ms
[104.860s][info][gc          ] GC(21) Concurrent thread roots 0.078ms
[104.860s][info][gc          ] GC(21) Concurrent weak references 0.046ms
[104.860s][info][gc          ] GC(21) Concurrent weak roots 0.400ms
[104.860s][info][gc          ] GC(21) Concurrent cleanup 1599M->1599M(6144M) 0.051ms
[104.860s][info][gc          ] GC(21) Concurrent class unloading 0.179ms
[104.861s][info][gc          ] GC(21) Concurrent strong roots 0.167ms
[104.865s][info][gc          ] GC(21) Concurrent evacuation 4.539ms
[104.865s][info][gc          ] GC(21) Pause Init Update Refs 0.006ms
[104.865s][info][gc          ] GC(21) At start of update refs, moving 4096K to Mutator free partition from Collector Reserve
[106.550s][info][gc          ] GC(21) Concurrent update references 1684.688ms
[106.550s][info][gc          ] GC(21) Concurrent update thread roots 0.241ms
[106.550s][info][gc          ] GC(21) Pause Final Update Refs 0.059ms
[106.550s][info][gc          ] GC(21) Concurrent cleanup 1603M->1599M(6144M) 0.057ms
[106.551s][info][gc,metaspace] Metaspace: 37908K(38208K)->37908K(38208K) NonClass: 19743K(19904K)->19743K(19904K) Class: 18164K(18304K)->18164K(18304K)
[106.552s][info][gc          ] Trigger: GC request (System.gc())
[106.554s][info][gc          ] GC(22) Concurrent reset 1.882ms
[106.554s][info][gc          ] GC(22) Pause Init Mark (unload classes) 0.041ms
[106.554s][info][gc          ] GC(22) Concurrent marking roots 0.086ms
[108.839s][info][gc          ] GC(22) Concurrent marking (unload classes) 2285.123ms
[108.839s][info][gc          ] GC(22) Pause Final Mark (unload classes) 0.161ms
[108.839s][info][gc          ] GC(22) Concurrent thread roots 0.071ms
[108.839s][info][gc          ] GC(22) Concurrent weak references 0.044ms
[108.840s][info][gc          ] GC(22) Concurrent weak roots 0.351ms
[108.840s][info][gc          ] GC(22) Concurrent cleanup 1599M->1599M(6144M) 0.051ms
[108.840s][info][gc          ] GC(22) Concurrent class unloading 0.183ms
[108.840s][info][gc          ] GC(22) Concurrent strong roots 0.165ms
[108.844s][info][gc          ] GC(22) Concurrent evacuation 4.388ms
[108.845s][info][gc          ] GC(22) Pause Init Update Refs 0.006ms
[108.845s][info][gc          ] GC(22) At start of update refs, moving 4096K to Mutator free partition from Collector Reserve
[110.538s][info][gc          ] GC(22) Concurrent update references 1693.776ms
[110.539s][info][gc          ] GC(22) Concurrent update thread roots 0.270ms
[110.539s][info][gc          ] GC(22) Pause Final Update Refs 0.059ms
[110.539s][info][gc          ] GC(22) Concurrent cleanup 1603M->1599M(6144M) 0.054ms
[110.539s][info][gc,metaspace] Metaspace: 37908K(38208K)->37908K(38208K) NonClass: 19743K(19904K)->19743K(19904K) Class: 18164K(18304K)->18164K(18304K)
[110.540s][info][gc          ] Trigger: GC request (System.gc())
[110.542s][info][gc          ] GC(23) Concurrent reset 1.895ms
[110.542s][info][gc          ] GC(23) Pause Init Mark (unload classes) 0.044ms
[110.542s][info][gc          ] GC(23) Concurrent marking roots 0.087ms
[112.831s][info][gc          ] GC(23) Concurrent marking (unload classes) 2288.463ms
[112.831s][info][gc          ] GC(23) Pause Final Mark (unload classes) 0.184ms
[112.831s][info][gc          ] GC(23) Concurrent thread roots 0.062ms
[112.831s][info][gc          ] GC(23) Concurrent weak references 0.053ms
[112.831s][info][gc          ] GC(23) Concurrent weak roots 0.351ms
[112.831s][info][gc          ] GC(23) Concurrent cleanup 1599M->1599M(6144M) 0.051ms
[112.832s][info][gc          ] GC(23) Concurrent class unloading 0.216ms
[112.832s][info][gc          ] GC(23) Concurrent strong roots 0.166ms
[112.839s][info][gc          ] GC(23) Concurrent evacuation 6.661ms
[112.839s][info][gc          ] GC(23) Pause Init Update Refs 0.006ms
[112.839s][info][gc          ] GC(23) At start of update refs, moving 4096K to Mutator free partition from Collector Reserve
[114.319s][info][gc          ] GC(23) Concurrent update references 1480.536ms
[114.320s][info][gc          ] GC(23) Concurrent update thread roots 0.236ms
[114.324s][info][gc          ] GC(23) Pause Final Update Refs 0.065ms
[114.324s][info][gc          ] GC(23) Concurrent cleanup 1603M->1599M(6144M) 0.062ms
[114.324s][info][gc,metaspace] Metaspace: 37908K(38208K)->37908K(38208K) NonClass: 19743K(19904K)->19743K(19904K) Class: 18164K(18304K)->18164K(18304K)
[114.325s][info][gc          ] Trigger: GC request (System.gc())
[114.327s][info][gc          ] GC(24) Concurrent reset 2.090ms
[114.327s][info][gc          ] GC(24) Pause Init Mark (unload classes) 0.051ms
[114.328s][info][gc          ] GC(24) Concurrent marking roots 0.100ms
[117.027s][info][gc          ] GC(24) Concurrent marking (unload classes) 2699.435ms
[117.027s][info][gc          ] GC(24) Pause Final Mark (unload classes) 0.167ms
[117.027s][info][gc          ] GC(24) Concurrent thread roots 0.072ms
[117.027s][info][gc          ] GC(24) Concurrent weak references 0.042ms
[117.028s][info][gc          ] GC(24) Concurrent weak roots 0.378ms
[117.028s][info][gc          ] GC(24) Concurrent cleanup 1599M->1599M(6144M) 0.051ms
[117.028s][info][gc          ] GC(24) Concurrent class unloading 0.170ms
[117.028s][info][gc          ] GC(24) Concurrent strong roots 0.166ms
[117.034s][info][gc          ] GC(24) Concurrent evacuation 5.226ms
[117.034s][info][gc          ] GC(24) Pause Init Update Refs 0.005ms
[117.034s][info][gc          ] GC(24) At start of update refs, moving 4096K to Mutator free partition from Collector Reserve
[118.697s][info][gc          ] GC(24) Concurrent update references 1663.693ms
[118.698s][info][gc          ] GC(24) Concurrent update thread roots 0.173ms
[118.698s][info][gc          ] GC(24) Pause Final Update Refs 0.068ms
[118.698s][info][gc          ] GC(24) Concurrent cleanup 1603M->1599M(6144M) 0.052ms
[118.698s][info][gc,metaspace] Metaspace: 37908K(38208K)->37908K(38208K) NonClass: 19743K(19904K)->19743K(19904K) Class: 18164K(18304K)->18164K(18304K)
[118.699s][info][gc          ] Trigger: GC request (System.gc())
[118.701s][info][gc          ] GC(25) Concurrent reset 1.843ms
[118.701s][info][gc          ] GC(25) Pause Init Mark (unload classes) 0.048ms
[118.701s][info][gc          ] GC(25) Concurrent marking roots 0.111ms
[120.968s][info][gc          ] GC(25) Concurrent marking (unload classes) 2266.773ms
[120.968s][info][gc          ] GC(25) Pause Final Mark (unload classes) 0.170ms
[120.968s][info][gc          ] GC(25) Concurrent thread roots 0.077ms
[120.968s][info][gc          ] GC(25) Concurrent weak references 0.043ms
[120.969s][info][gc          ] GC(25) Concurrent weak roots 0.392ms
[120.969s][info][gc          ] GC(25) Concurrent cleanup 1599M->1599M(6144M) 0.051ms
[120.969s][info][gc          ] GC(25) Concurrent class unloading 0.170ms
[120.969s][info][gc          ] GC(25) Concurrent strong roots 0.204ms
[120.973s][info][gc          ] GC(25) Concurrent evacuation 4.063ms
[120.973s][info][gc          ] GC(25) Pause Init Update Refs 0.006ms
[120.974s][info][gc          ] GC(25) At start of update refs, moving 4096K to Mutator free partition from Collector Reserve
[122.866s][info][gc          ] GC(25) Concurrent update references 1892.214ms
[122.866s][info][gc          ] GC(25) Concurrent update thread roots 0.269ms
[122.866s][info][gc          ] GC(25) Pause Final Update Refs 0.069ms
[122.866s][info][gc          ] GC(25) Concurrent cleanup 1606M->1602M(6144M) 0.052ms
[122.866s][info][gc,metaspace] Metaspace: 37908K(38208K)->37908K(38208K) NonClass: 19743K(19904K)->19743K(19904K) Class: 18164K(18304K)->18164K(18304K)
[122.867s][info][gc          ] Trigger: GC request (System.gc())
[122.869s][info][gc          ] GC(26) Concurrent reset 1.942ms
[122.869s][info][gc          ] GC(26) Pause Init Mark (unload classes) 0.044ms
[122.870s][info][gc          ] GC(26) Concurrent marking roots 0.094ms
[125.077s][info][gc          ] GC(26) Concurrent marking (unload classes) 2207.630ms
[125.077s][info][gc          ] GC(26) Pause Final Mark (unload classes) 0.189ms
[125.078s][info][gc          ] GC(26) Concurrent thread roots 0.073ms
[125.078s][info][gc          ] GC(26) Concurrent weak references 0.045ms
[125.078s][info][gc          ] GC(26) Concurrent weak roots 0.388ms
[125.078s][info][gc          ] GC(26) Concurrent cleanup 1602M->1602M(6144M) 0.050ms
[125.078s][info][gc          ] GC(26) Concurrent class unloading 0.179ms
[125.079s][info][gc          ] GC(26) Concurrent strong roots 0.170ms
[125.083s][info][gc          ] GC(26) Concurrent evacuation 4.490ms
[125.083s][info][gc          ] GC(26) Pause Init Update Refs 0.007ms
[125.083s][info][gc          ] GC(26) At start of update refs, moving 8192K to Mutator free partition from Collector Reserve
[126.744s][info][gc          ] GC(26) Concurrent update references 1661.084ms
[126.745s][info][gc          ] GC(26) Concurrent update thread roots 0.236ms
[126.745s][info][gc          ] GC(26) Pause Final Update Refs 0.058ms
[126.745s][info][gc          ] GC(26) Concurrent cleanup 1606M->1600M(6144M) 0.052ms
[126.745s][info][gc,metaspace] Metaspace: 37908K(38208K)->37908K(38208K) NonClass: 19743K(19904K)->19743K(19904K) Class: 18164K(18304K)->18164K(18304K)
[126.746s][info][gc          ] Trigger: GC request (System.gc())
[126.748s][info][gc          ] GC(27) Concurrent reset 2.104ms
[126.748s][info][gc          ] GC(27) Pause Init Mark (unload classes) 0.043ms
[126.748s][info][gc          ] GC(27) Concurrent marking roots 0.099ms
[128.983s][info][gc          ] GC(27) Concurrent marking (unload classes) 2234.903ms
[128.983s][info][gc          ] GC(27) Pause Final Mark (unload classes) 0.182ms
[128.984s][info][gc          ] GC(27) Concurrent thread roots 0.063ms
[128.984s][info][gc          ] GC(27) Concurrent weak references 0.045ms
[128.984s][info][gc          ] GC(27) Concurrent weak roots 0.391ms
[128.984s][info][gc          ] GC(27) Concurrent cleanup 1600M->1600M(6144M) 0.050ms
[128.984s][info][gc          ] GC(27) Concurrent class unloading 0.176ms
[128.985s][info][gc          ] GC(27) Concurrent strong roots 0.173ms
[128.989s][info][gc          ] GC(27) Concurrent evacuation 4.066ms
[128.989s][info][gc          ] GC(27) Pause Init Update Refs 0.006ms
[128.989s][info][gc          ] GC(27) At start of update refs, moving 4096K to Mutator free partition from Collector Reserve
[130.671s][info][gc          ] GC(27) Concurrent update references 1681.717ms
[130.671s][info][gc          ] GC(27) Concurrent update thread roots 0.159ms
[130.671s][info][gc          ] GC(27) Pause Final Update Refs 0.055ms
[130.671s][info][gc          ] GC(27) Concurrent cleanup 1604M->1600M(6144M) 0.053ms
[130.671s][info][gc,metaspace] Metaspace: 37908K(38208K)->37908K(38208K) NonClass: 19743K(19904K)->19743K(19904K) Class: 18164K(18304K)->18164K(18304K)
[130.672s][info][gc          ] Trigger: GC request (System.gc())
[130.674s][info][gc          ] GC(28) Concurrent reset 1.877ms
[130.674s][info][gc          ] GC(28) Pause Init Mark (unload classes) 0.043ms
[130.674s][info][gc          ] GC(28) Concurrent marking roots 0.105ms
[132.936s][info][gc          ] GC(28) Concurrent marking (unload classes) 2261.394ms
[132.936s][info][gc          ] GC(28) Pause Final Mark (unload classes) 0.185ms
[132.936s][info][gc          ] GC(28) Concurrent thread roots 0.087ms
[132.936s][info][gc          ] GC(28) Concurrent weak references 0.042ms
[132.937s][info][gc          ] GC(28) Concurrent weak roots 0.459ms
[132.937s][info][gc          ] GC(28) Concurrent cleanup 1600M->1600M(6144M) 0.051ms
[132.937s][info][gc          ] GC(28) Concurrent class unloading 0.177ms
[132.937s][info][gc          ] GC(28) Concurrent strong roots 0.240ms
[132.941s][info][gc          ] GC(28) Concurrent evacuation 4.335ms
[132.941s][info][gc          ] GC(28) Pause Init Update Refs 0.006ms
[132.942s][info][gc          ] GC(28) At start of update refs, moving 4096K to Mutator free partition from Collector Reserve
[134.829s][info][gc          ] GC(28) Concurrent update references 1887.824ms
[134.830s][info][gc          ] GC(28) Concurrent update thread roots 0.221ms
[134.830s][info][gc          ] GC(28) Pause Final Update Refs 0.057ms
[134.830s][info][gc          ] GC(28) Concurrent cleanup 1604M->1600M(6144M) 0.052ms
[134.830s][info][gc,metaspace] Metaspace: 37908K(38208K)->37908K(38208K) NonClass: 19743K(19904K)->19743K(19904K) Class: 18164K(18304K)->18164K(18304K)
[134.831s][info][gc          ] Trigger: GC request (System.gc())
[134.833s][info][gc          ] GC(29) Concurrent reset 2.069ms
[134.833s][info][gc          ] GC(29) Pause Init Mark (unload classes) 0.042ms
[134.833s][info][gc          ] GC(29) Concurrent marking roots 0.097ms
[137.082s][info][gc          ] GC(29) Concurrent marking (unload classes) 2249.118ms
[137.083s][info][gc          ] GC(29) Pause Final Mark (unload classes) 0.183ms
[137.083s][info][gc          ] GC(29) Concurrent thread roots 0.071ms
[137.083s][info][gc          ] GC(29) Concurrent weak references 0.043ms
[137.083s][info][gc          ] GC(29) Concurrent weak roots 0.390ms
[137.083s][info][gc          ] GC(29) Concurrent cleanup 1600M->1600M(6144M) 0.051ms
[137.083s][info][gc          ] GC(29) Concurrent class unloading 0.181ms
[137.084s][info][gc          ] GC(29) Concurrent strong roots 0.161ms
[137.088s][info][gc          ] GC(29) Concurrent evacuation 4.273ms
[137.088s][info][gc          ] GC(29) Pause Init Update Refs 0.006ms
[137.088s][info][gc          ] GC(29) At start of update refs, moving 4096K to Mutator free partition from Collector Reserve
[138.744s][info][gc          ] GC(29) Concurrent update references 1656.019ms
[138.744s][info][gc          ] GC(29) Concurrent update thread roots 0.220ms
[138.745s][info][gc          ] GC(29) Pause Final Update Refs 0.060ms
[138.745s][info][gc          ] GC(29) Concurrent cleanup 1604M->1600M(6144M) 0.057ms
[138.745s][info][gc,metaspace] Metaspace: 37908K(38208K)->37908K(38208K) NonClass: 19743K(19904K)->19743K(19904K) Class: 18164K(18304K)->18164K(18304K)
[138.746s][info][gc          ] Trigger: GC request (System.gc())
[138.748s][info][gc          ] GC(30) Concurrent reset 2.176ms
[138.748s][info][gc          ] GC(30) Pause Init Mark (unload classes) 0.048ms
[138.748s][info][gc          ] GC(30) Concurrent marking roots 0.101ms
[141.009s][info][gc          ] GC(30) Concurrent marking (unload classes) 2260.640ms
[141.009s][info][gc          ] GC(30) Pause Final Mark (unload classes) 0.189ms
[141.009s][info][gc          ] GC(30) Concurrent thread roots 0.088ms
[141.009s][info][gc          ] GC(30) Concurrent weak references 0.045ms
[141.010s][info][gc          ] GC(30) Concurrent weak roots 0.460ms
[141.010s][info][gc          ] GC(30) Concurrent cleanup 1600M->1600M(6144M) 0.051ms
[141.010s][info][gc          ] GC(30) Concurrent class unloading 0.176ms
[141.010s][info][gc          ] GC(30) Concurrent strong roots 0.205ms
[141.015s][info][gc          ] GC(30) Concurrent evacuation 4.293ms
[141.015s][info][gc          ] GC(30) Pause Init Update Refs 0.005ms
[141.015s][info][gc          ] GC(30) At start of update refs, moving 4096K to Mutator free partition from Collector Reserve
[142.869s][info][gc          ] GC(30) Concurrent update references 1853.891ms
[142.869s][info][gc          ] GC(30) Concurrent update thread roots 0.220ms
[142.869s][info][gc          ] GC(30) Pause Final Update Refs 0.057ms
[142.869s][info][gc          ] GC(30) Concurrent cleanup 1604M->1600M(6144M) 0.052ms
[142.869s][info][gc,metaspace] Metaspace: 37908K(38208K)->37908K(38208K) NonClass: 19743K(19904K)->19743K(19904K) Class: 18164K(18304K)->18164K(18304K)
[142.870s][info][gc          ] Trigger: GC request (System.gc())
[142.872s][info][gc          ] GC(31) Concurrent reset 1.840ms
[142.872s][info][gc          ] GC(31) Pause Init Mark (unload classes) 0.039ms
[142.872s][info][gc          ] GC(31) Concurrent marking roots 0.095ms
[145.081s][info][gc          ] GC(31) Concurrent marking (unload classes) 2208.351ms
[145.081s][info][gc          ] GC(31) Pause Final Mark (unload classes) 0.206ms
[145.081s][info][gc          ] GC(31) Concurrent thread roots 0.066ms
[145.081s][info][gc          ] GC(31) Concurrent weak references 0.054ms
[145.082s][info][gc          ] GC(31) Concurrent weak roots 0.351ms
[145.082s][info][gc          ] GC(31) Concurrent cleanup 1600M->1600M(6144M) 0.051ms
[145.082s][info][gc          ] GC(31) Concurrent class unloading 0.214ms
[145.082s][info][gc          ] GC(31) Concurrent strong roots 0.169ms
[145.089s][info][gc          ] GC(31) Concurrent evacuation 6.733ms
[145.089s][info][gc          ] GC(31) Pause Init Update Refs 0.006ms
[145.089s][info][gc          ] GC(31) At start of update refs, moving 4096K to Mutator free partition from Collector Reserve
[146.566s][info][gc          ] GC(31) Concurrent update references 1477.348ms
[146.567s][info][gc          ] GC(31) Concurrent update thread roots 0.222ms
[146.567s][info][gc          ] GC(31) Pause Final Update Refs 0.055ms
[146.567s][info][gc          ] GC(31) Concurrent cleanup 1604M->1600M(6144M) 0.052ms
[146.567s][info][gc,metaspace] Metaspace: 37908K(38208K)->37908K(38208K) NonClass: 19743K(19904K)->19743K(19904K) Class: 18164K(18304K)->18164K(18304K)
[146.568s][info][gc          ] Trigger: GC request (System.gc())
[146.570s][info][gc          ] GC(32) Concurrent reset 1.857ms
[146.570s][info][gc          ] GC(32) Pause Init Mark (unload classes) 0.045ms
[146.570s][info][gc          ] GC(32) Concurrent marking roots 0.104ms
[148.836s][info][gc          ] GC(32) Concurrent marking (unload classes) 2265.835ms
[148.836s][info][gc          ] GC(32) Pause Final Mark (unload classes) 0.177ms
[148.836s][info][gc          ] GC(32) Concurrent thread roots 0.075ms
[148.836s][info][gc          ] GC(32) Concurrent weak references 0.045ms
[148.837s][info][gc          ] GC(32) Concurrent weak roots 0.392ms
[148.837s][info][gc          ] GC(32) Concurrent cleanup 1600M->1600M(6144M) 0.050ms
[148.837s][info][gc          ] GC(32) Concurrent class unloading 0.188ms
[148.837s][info][gc          ] GC(32) Concurrent strong roots 0.152ms
[148.841s][info][gc          ] GC(32) Concurrent evacuation 4.111ms
[148.841s][info][gc          ] GC(32) Pause Init Update Refs 0.006ms
[148.841s][info][gc          ] GC(32) At start of update refs, moving 4096K to Mutator free partition from Collector Reserve
[150.553s][info][gc          ] GC(32) Concurrent update references 1712.103ms
[150.554s][info][gc          ] GC(32) Concurrent update thread roots 0.225ms
[150.554s][info][gc          ] GC(32) Pause Final Update Refs 0.058ms
[150.554s][info][gc          ] GC(32) Concurrent cleanup 1604M->1600M(6144M) 0.052ms
[150.554s][info][gc,metaspace] Metaspace: 37908K(38208K)->37908K(38208K) NonClass: 19743K(19904K)->19743K(19904K) Class: 18164K(18304K)->18164K(18304K)
[150.555s][info][gc          ] Trigger: GC request (System.gc())
[150.557s][info][gc          ] GC(33) Concurrent reset 2.046ms
[150.557s][info][gc          ] GC(33) Pause Init Mark (unload classes) 0.046ms
[150.557s][info][gc          ] GC(33) Concurrent marking roots 0.106ms
[152.508s][info][gc          ] GC(33) Concurrent marking (unload classes) 1950.685ms
[152.508s][info][gc          ] GC(33) Pause Final Mark (unload classes) 0.179ms
[152.508s][info][gc          ] GC(33) Concurrent thread roots 0.073ms
[152.508s][info][gc          ] GC(33) Concurrent weak references 0.045ms
[152.509s][info][gc          ] GC(33) Concurrent weak roots 0.394ms
[152.509s][info][gc          ] GC(33) Concurrent cleanup 1600M->1600M(6144M) 0.050ms
[152.509s][info][gc          ] GC(33) Concurrent class unloading 0.190ms
[152.509s][info][gc          ] GC(33) Concurrent strong roots 0.139ms
[152.514s][info][gc          ] GC(33) Concurrent evacuation 4.830ms
[152.514s][info][gc          ] GC(33) Pause Init Update Refs 0.006ms
[152.514s][info][gc          ] GC(33) At start of update refs, moving 4096K to Mutator free partition from Collector Reserve
[154.291s][info][gc          ] GC(33) Concurrent update references 1777.020ms
[154.291s][info][gc          ] GC(33) Concurrent update thread roots 0.160ms
[154.292s][info][gc          ] GC(33) Pause Final Update Refs 0.058ms
[154.292s][info][gc          ] GC(33) Concurrent cleanup 1604M->1600M(6144M) 0.052ms
[154.292s][info][gc,metaspace] Metaspace: 37908K(38208K)->37908K(38208K) NonClass: 19743K(19904K)->19743K(19904K) Class: 18164K(18304K)->18164K(18304K)
[154.293s][info][gc          ] Trigger: GC request (System.gc())
[154.295s][info][gc          ] GC(34) Concurrent reset 2.072ms
[154.295s][info][gc          ] GC(34) Pause Init Mark (unload classes) 0.045ms
[154.295s][info][gc          ] GC(34) Concurrent marking roots 0.121ms
[156.490s][info][gc          ] GC(34) Concurrent marking (unload classes) 2194.580ms
[156.490s][info][gc          ] GC(34) Pause Final Mark (unload classes) 0.170ms
[156.494s][info][gc          ] GC(34) Concurrent thread roots 0.074ms
[156.494s][info][gc          ] GC(34) Concurrent weak references 0.046ms
[156.495s][info][gc          ] GC(34) Concurrent weak roots 0.404ms
[156.495s][info][gc          ] GC(34) Concurrent cleanup 1600M->1600M(6144M) 0.051ms
[156.495s][info][gc          ] GC(34) Concurrent class unloading 0.145ms
[156.495s][info][gc          ] GC(34) Concurrent strong roots 0.160ms
[156.499s][info][gc          ] GC(34) Concurrent evacuation 4.173ms
[156.499s][info][gc          ] GC(34) Pause Init Update Refs 0.006ms
[156.500s][info][gc          ] GC(34) At start of update refs, moving 4096K to Mutator free partition from Collector Reserve
[158.324s][info][gc          ] GC(34) Concurrent update references 1824.617ms
[158.324s][info][gc          ] GC(34) Concurrent update thread roots 0.223ms
[158.325s][info][gc          ] GC(34) Pause Final Update Refs 0.057ms
[158.325s][info][gc          ] GC(34) Concurrent cleanup 1604M->1600M(6144M) 0.052ms
[158.325s][info][gc,metaspace] Metaspace: 37908K(38208K)->37908K(38208K) NonClass: 19743K(19904K)->19743K(19904K) Class: 18164K(18304K)->18164K(18304K)
[158.326s][info][gc          ] Trigger: GC request (System.gc())
[158.328s][info][gc          ] GC(35) Concurrent reset 2.058ms
[158.328s][info][gc          ] GC(35) Pause Init Mark (unload classes) 0.043ms
[158.328s][info][gc          ] GC(35) Concurrent marking roots 0.110ms
[160.659s][info][gc          ] GC(35) Concurrent marking (unload classes) 2331.057ms
[160.659s][info][gc          ] GC(35) Pause Final Mark (unload classes) 0.173ms
[160.660s][info][gc          ] GC(35) Concurrent thread roots 0.067ms
[160.660s][info][gc          ] GC(35) Concurrent weak references 0.045ms
[160.660s][info][gc          ] GC(35) Concurrent weak roots 0.400ms
[160.660s][info][gc          ] GC(35) Concurrent cleanup 1600M->1600M(6144M) 0.051ms
[160.660s][info][gc          ] GC(35) Concurrent class unloading 0.181ms
[160.660s][info][gc          ] GC(35) Concurrent strong roots 0.162ms
[160.665s][info][gc          ] GC(35) Concurrent evacuation 4.078ms
[160.665s][info][gc          ] GC(35) Pause Init Update Refs 0.006ms
[160.665s][info][gc          ] GC(35) At start of update refs, moving 4096K to Mutator free partition from Collector Reserve
[162.401s][info][gc          ] GC(35) Concurrent update references 1735.879ms
[162.401s][info][gc          ] GC(35) Concurrent update thread roots 0.319ms
[162.405s][info][gc          ] GC(35) Pause Final Update Refs 0.060ms
[162.405s][info][gc          ] GC(35) Concurrent cleanup 1604M->1600M(6144M) 0.057ms
[162.406s][info][gc,metaspace] Metaspace: 37908K(38208K)->37908K(38208K) NonClass: 19743K(19904K)->19743K(19904K) Class: 18164K(18304K)->18164K(18304K)
[162.407s][info][gc          ] Trigger: GC request (System.gc())
[162.408s][info][gc          ] GC(36) Concurrent reset 1.898ms
[162.409s][info][gc          ] GC(36) Pause Init Mark (unload classes) 0.038ms
[162.409s][info][gc          ] GC(36) Concurrent marking roots 0.122ms
[164.740s][info][gc          ] GC(36) Concurrent marking (unload classes) 2331.364ms
[164.740s][info][gc          ] GC(36) Pause Final Mark (unload classes) 0.186ms
[164.741s][info][gc          ] GC(36) Concurrent thread roots 0.081ms
[164.741s][info][gc          ] GC(36) Concurrent weak references 0.043ms
[164.741s][info][gc          ] GC(36) Concurrent weak roots 0.395ms
[164.741s][info][gc          ] GC(36) Concurrent cleanup 1600M->1600M(6144M) 0.051ms
[164.741s][info][gc          ] GC(36) Concurrent class unloading 0.183ms
[164.741s][info][gc          ] GC(36) Concurrent strong roots 0.167ms
[164.746s][info][gc          ] GC(36) Concurrent evacuation 4.889ms
[164.746s][info][gc          ] GC(36) Pause Init Update Refs 0.006ms
[164.746s][info][gc          ] GC(36) At start of update refs, moving 4096K to Mutator free partition from Collector Reserve
[166.459s][info][gc          ] GC(36) Concurrent update references 1712.144ms
[166.459s][info][gc          ] GC(36) Concurrent update thread roots 0.301ms
[166.459s][info][gc          ] GC(36) Pause Final Update Refs 0.060ms
[166.459s][info][gc          ] GC(36) Concurrent cleanup 1604M->1600M(6144M) 0.055ms
[166.459s][info][gc,metaspace] Metaspace: 37908K(38208K)->37908K(38208K) NonClass: 19743K(19904K)->19743K(19904K) Class: 18164K(18304K)->18164K(18304K)
[166.460s][info][gc          ] Trigger: GC request (System.gc())
[166.462s][info][gc          ] GC(37) Concurrent reset 1.893ms
[166.462s][info][gc          ] GC(37) Pause Init Mark (unload classes) 0.046ms
[166.462s][info][gc          ] GC(37) Concurrent marking roots 0.084ms
[168.747s][info][gc          ] GC(37) Concurrent marking (unload classes) 2284.274ms
[168.747s][info][gc          ] GC(37) Pause Final Mark (unload classes) 0.184ms
[168.747s][info][gc          ] GC(37) Concurrent thread roots 0.062ms
[168.747s][info][gc          ] GC(37) Concurrent weak references 0.074ms
[168.748s][info][gc          ] GC(37) Concurrent weak roots 0.350ms
[168.748s][info][gc          ] GC(37) Concurrent cleanup 1600M->1600M(6144M) 0.051ms
[168.748s][info][gc          ] GC(37) Concurrent class unloading 0.214ms
[168.748s][info][gc          ] GC(37) Concurrent strong roots 0.167ms
[168.755s][info][gc          ] GC(37) Concurrent evacuation 7.213ms
[168.755s][info][gc          ] GC(37) Pause Init Update Refs 0.006ms
[168.755s][info][gc          ] GC(37) At start of update refs, moving 4096K to Mutator free partition from Collector Reserve
[170.171s][info][gc          ] GC(37) Concurrent update references 1415.596ms
[170.171s][info][gc          ] GC(37) Concurrent update thread roots 0.226ms
[170.171s][info][gc          ] GC(37) Pause Final Update Refs 0.057ms
[170.171s][info][gc          ] GC(37) Concurrent cleanup 1604M->1600M(6144M) 0.055ms
[170.171s][info][gc,metaspace] Metaspace: 37908K(38208K)->37908K(38208K) NonClass: 19743K(19904K)->19743K(19904K) Class: 18164K(18304K)->18164K(18304K)
[170.173s][info][gc          ] Trigger: GC request (System.gc())
[170.174s][info][gc          ] GC(38) Concurrent reset 1.850ms
[170.175s][info][gc          ] GC(38) Pause Init Mark (unload classes) 0.039ms
[170.175s][info][gc          ] GC(38) Concurrent marking roots 0.089ms
[172.382s][info][gc          ] GC(38) Concurrent marking (unload classes) 2207.685ms
[172.383s][info][gc          ] GC(38) Pause Final Mark (unload classes) 0.182ms
[172.383s][info][gc          ] GC(38) Concurrent thread roots 0.064ms
[172.383s][info][gc          ] GC(38) Concurrent weak references 0.055ms
[172.383s][info][gc          ] GC(38) Concurrent weak roots 0.352ms
[172.383s][info][gc          ] GC(38) Concurrent cleanup 1600M->1600M(6144M) 0.051ms
[172.383s][info][gc          ] GC(38) Concurrent class unloading 0.211ms
[172.384s][info][gc          ] GC(38) Concurrent strong roots 0.165ms
[172.391s][info][gc          ] GC(38) Concurrent evacuation 7.184ms
[172.391s][info][gc          ] GC(38) Pause Init Update Refs 0.005ms
[172.391s][info][gc          ] GC(38) At start of update refs, moving 4096K to Mutator free partition from Collector Reserve
[173.801s][info][gc          ] GC(38) Concurrent update references 1410.115ms
[173.801s][info][gc          ] GC(38) Concurrent update thread roots 0.305ms
[173.806s][info][gc          ] GC(38) Pause Final Update Refs 0.059ms
[173.806s][info][gc          ] GC(38) Concurrent cleanup 1604M->1600M(6144M) 0.056ms
[173.806s][info][gc,metaspace] Metaspace: 37908K(38208K)->37908K(38208K) NonClass: 19743K(19904K)->19743K(19904K) Class: 18164K(18304K)->18164K(18304K)
[173.807s][info][gc          ] Trigger: GC request (System.gc())
[173.809s][info][gc          ] GC(39) Concurrent reset 1.829ms
[173.809s][info][gc          ] GC(39) Pause Init Mark (unload classes) 0.042ms
[173.809s][info][gc          ] GC(39) Concurrent marking roots 0.110ms
[176.064s][info][gc          ] GC(39) Concurrent marking (unload classes) 2255.253ms
[176.065s][info][gc          ] GC(39) Pause Final Mark (unload classes) 0.167ms
[176.065s][info][gc          ] GC(39) Concurrent thread roots 0.075ms
[176.065s][info][gc          ] GC(39) Concurrent weak references 0.049ms
[176.065s][info][gc          ] GC(39) Concurrent weak roots 0.426ms
[176.065s][info][gc          ] GC(39) Concurrent cleanup 1600M->1600M(6144M) 0.050ms
[176.066s][info][gc          ] GC(39) Concurrent class unloading 0.186ms
[176.066s][info][gc          ] GC(39) Concurrent strong roots 0.168ms
[176.070s][info][gc          ] GC(39) Concurrent evacuation 4.074ms
[176.070s][info][gc          ] GC(39) Pause Init Update Refs 0.006ms
[176.070s][info][gc          ] GC(39) At start of update refs, moving 4096K to Mutator free partition from Collector Reserve
[177.723s][info][gc          ] GC(39) Concurrent update references 1653.198ms
[177.723s][info][gc          ] GC(39) Concurrent update thread roots 0.218ms
[177.723s][info][gc          ] GC(39) Pause Final Update Refs 0.056ms
[177.724s][info][gc          ] GC(39) Concurrent cleanup 1604M->1600M(6144M) 0.052ms
[177.724s][info][gc,metaspace] Metaspace: 37908K(38208K)->37908K(38208K) NonClass: 19743K(19904K)->19743K(19904K) Class: 18164K(18304K)->18164K(18304K)
[177.725s][info][gc          ] Trigger: GC request (System.gc())
[177.727s][info][gc          ] GC(40) Concurrent reset 1.846ms
[177.727s][info][gc          ] GC(40) Pause Init Mark (unload classes) 0.040ms
[177.727s][info][gc          ] GC(40) Concurrent marking roots 0.115ms
[179.691s][info][gc          ] GC(40) Concurrent marking (unload classes) 1964.691ms
[179.692s][info][gc          ] GC(40) Pause Final Mark (unload classes) 0.164ms
[179.692s][info][gc          ] GC(40) Concurrent thread roots 0.077ms
[179.692s][info][gc          ] GC(40) Concurrent weak references 0.045ms
[179.692s][info][gc          ] GC(40) Concurrent weak roots 0.394ms
[179.692s][info][gc          ] GC(40) Concurrent cleanup 1600M->1600M(6144M) 0.051ms
[179.693s][info][gc          ] GC(40) Concurrent class unloading 0.176ms
[179.693s][info][gc          ] GC(40) Concurrent strong roots 0.161ms
[179.697s][info][gc          ] GC(40) Concurrent evacuation 4.408ms
[179.697s][info][gc          ] GC(40) Pause Init Update Refs 0.006ms
[179.697s][info][gc          ] GC(40) At start of update refs, moving 4096K to Mutator free partition from Collector Reserve
[181.443s][info][gc          ] GC(40) Concurrent update references 1745.577ms
[181.443s][info][gc          ] GC(40) Concurrent update thread roots 0.313ms
[181.443s][info][gc          ] GC(40) Pause Final Update Refs 0.057ms
[181.444s][info][gc          ] GC(40) Concurrent cleanup 1606M->1602M(6144M) 0.053ms
[181.444s][info][gc,metaspace] Metaspace: 37908K(38208K)->37908K(38208K) NonClass: 19743K(19904K)->19743K(19904K) Class: 18164K(18304K)->18164K(18304K)
[181.445s][info][gc          ] Trigger: GC request (System.gc())
[181.447s][info][gc          ] GC(41) Concurrent reset 2.583ms
[181.447s][info][gc          ] GC(41) Pause Init Mark (unload classes) 0.043ms
[181.448s][info][gc          ] GC(41) Concurrent marking roots 0.108ms
[183.747s][info][gc          ] GC(41) Concurrent marking (unload classes) 2299.077ms
[183.747s][info][gc          ] GC(41) Pause Final Mark (unload classes) 0.184ms
[183.747s][info][gc          ] GC(41) Concurrent thread roots 0.082ms
[183.747s][info][gc          ] GC(41) Concurrent weak references 0.046ms
[183.747s][info][gc          ] GC(41) Concurrent weak roots 0.388ms
[183.748s][info][gc          ] GC(41) Concurrent cleanup 1602M->1602M(6144M) 0.051ms
[183.748s][info][gc          ] GC(41) Concurrent class unloading 0.175ms
[183.748s][info][gc          ] GC(41) Concurrent strong roots 0.160ms
[183.752s][info][gc          ] GC(41) Concurrent evacuation 4.111ms
[183.752s][info][gc          ] GC(41) Pause Init Update Refs 0.006ms
[183.752s][info][gc          ] GC(41) At start of update refs, moving 8192K to Mutator free partition from Collector Reserve
[185.490s][info][gc          ] GC(41) Concurrent update references 1737.412ms
[185.490s][info][gc          ] GC(41) Concurrent update thread roots 0.306ms
[185.494s][info][gc          ] GC(41) Pause Final Update Refs 0.060ms
[185.494s][info][gc          ] GC(41) Concurrent cleanup 1606M->1600M(6144M) 0.054ms
[185.494s][info][gc,metaspace] Metaspace: 37908K(38208K)->37908K(38208K) NonClass: 19743K(19904K)->19743K(19904K) Class: 18164K(18304K)->18164K(18304K)
[185.496s][info][gc          ] Trigger: GC request (System.gc())
[185.498s][info][gc          ] GC(42) Concurrent reset 2.000ms
[185.498s][info][gc          ] GC(42) Pause Init Mark (unload classes) 0.041ms
[185.498s][info][gc          ] GC(42) Concurrent marking roots 0.092ms
[188.065s][info][gc          ] GC(42) Concurrent marking (unload classes) 2567.445ms
[188.066s][info][gc          ] GC(42) Pause Final Mark (unload classes) 0.181ms
[188.066s][info][gc          ] GC(42) Concurrent thread roots 0.075ms
[188.066s][info][gc          ] GC(42) Concurrent weak references 0.046ms
[188.066s][info][gc          ] GC(42) Concurrent weak roots 0.396ms
[188.066s][info][gc          ] GC(42) Concurrent cleanup 1600M->1600M(6144M) 0.050ms
[188.066s][info][gc          ] GC(42) Concurrent class unloading 0.185ms
[188.067s][info][gc          ] GC(42) Concurrent strong roots 0.166ms
[188.072s][info][gc          ] GC(42) Concurrent evacuation 4.906ms
[188.072s][info][gc          ] GC(42) Pause Init Update Refs 0.006ms
[188.072s][info][gc          ] GC(42) At start of update refs, moving 4096K to Mutator free partition from Collector Reserve
[189.695s][info][gc          ] GC(42) Concurrent update references 1623.753ms
[189.696s][info][gc          ] GC(42) Concurrent update thread roots 0.224ms
[189.696s][info][gc          ] GC(42) Pause Final Update Refs 0.056ms
[189.696s][info][gc          ] GC(42) Concurrent cleanup 1604M->1600M(6144M) 0.053ms
[189.696s][info][gc,metaspace] Metaspace: 37908K(38208K)->37908K(38208K) NonClass: 19743K(19904K)->19743K(19904K) Class: 18164K(18304K)->18164K(18304K)
[189.697s][info][gc          ] Trigger: GC request (System.gc())
[189.699s][info][gc          ] GC(43) Concurrent reset 2.293ms
[189.699s][info][gc          ] GC(43) Pause Init Mark (unload classes) 0.039ms
[189.700s][info][gc          ] GC(43) Concurrent marking roots 0.100ms
[191.990s][info][gc          ] GC(43) Concurrent marking (unload classes) 2290.736ms
[191.991s][info][gc          ] GC(43) Pause Final Mark (unload classes) 0.161ms
[191.991s][info][gc          ] GC(43) Concurrent thread roots 0.066ms
[191.991s][info][gc          ] GC(43) Concurrent weak references 0.044ms
[191.991s][info][gc          ] GC(43) Concurrent weak roots 0.355ms
[191.991s][info][gc          ] GC(43) Concurrent cleanup 1600M->1600M(6144M) 0.051ms
[191.991s][info][gc          ] GC(43) Concurrent class unloading 0.147ms
[191.992s][info][gc          ] GC(43) Concurrent strong roots 0.168ms
[191.996s][info][gc          ] GC(43) Concurrent evacuation 4.280ms
[191.996s][info][gc          ] GC(43) Pause Init Update Refs 0.006ms
[191.996s][info][gc          ] GC(43) At start of update refs, moving 4096K to Mutator free partition from Collector Reserve
[193.679s][info][gc          ] GC(43) Concurrent update references 1682.797ms
[193.679s][info][gc          ] GC(43) Concurrent update thread roots 0.229ms
[193.679s][info][gc          ] GC(43) Pause Final Update Refs 0.057ms
[193.679s][info][gc          ] GC(43) Concurrent cleanup 1604M->1600M(6144M) 0.052ms
[193.679s][info][gc,metaspace] Metaspace: 37908K(38208K)->37908K(38208K) NonClass: 19743K(19904K)->19743K(19904K) Class: 18164K(18304K)->18164K(18304K)
[193.680s][info][gc          ] Trigger: GC request (System.gc())
[193.682s][info][gc          ] GC(44) Concurrent reset 1.856ms
[193.682s][info][gc          ] GC(44) Pause Init Mark (unload classes) 0.040ms
[193.683s][info][gc          ] GC(44) Concurrent marking roots 0.102ms
[195.948s][info][gc          ] GC(44) Concurrent marking (unload classes) 2265.534ms
[195.948s][info][gc          ] GC(44) Pause Final Mark (unload classes) 0.187ms
[195.949s][info][gc          ] GC(44) Concurrent thread roots 0.078ms
[195.949s][info][gc          ] GC(44) Concurrent weak references 0.044ms
[195.949s][info][gc          ] GC(44) Concurrent weak roots 0.401ms
[195.949s][info][gc          ] GC(44) Concurrent cleanup 1600M->1600M(6144M) 0.051ms
[195.949s][info][gc          ] GC(44) Concurrent class unloading 0.176ms
[195.949s][info][gc          ] GC(44) Concurrent strong roots 0.160ms
[195.954s][info][gc          ] GC(44) Concurrent evacuation 4.070ms
[195.954s][info][gc          ] GC(44) Pause Init Update Refs 0.006ms
[195.954s][info][gc          ] GC(44) At start of update refs, moving 4096K to Mutator free partition from Collector Reserve
[197.657s][info][gc          ] GC(44) Concurrent update references 1702.959ms
[197.657s][info][gc          ] GC(44) Concurrent update thread roots 0.227ms
[197.657s][info][gc          ] GC(44) Pause Final Update Refs 0.068ms
[197.657s][info][gc          ] GC(44) Concurrent cleanup 1604M->1600M(6144M) 0.053ms
[197.657s][info][gc,metaspace] Metaspace: 37908K(38208K)->37908K(38208K) NonClass: 19743K(19904K)->19743K(19904K) Class: 18164K(18304K)->18164K(18304K)
[197.658s][info][gc          ] Trigger: GC request (System.gc())
[197.660s][info][gc          ] GC(45) Concurrent reset 1.941ms
[197.660s][info][gc          ] GC(45) Pause Init Mark (unload classes) 0.039ms
[197.660s][info][gc          ] GC(45) Concurrent marking roots 0.092ms
[200.168s][info][gc          ] GC(45) Concurrent marking (unload classes) 2507.434ms
[200.168s][info][gc          ] GC(45) Pause Final Mark (unload classes) 0.153ms
[200.168s][info][gc          ] GC(45) Concurrent thread roots 0.072ms
[200.168s][info][gc          ] GC(45) Concurrent weak references 0.047ms
[200.169s][info][gc          ] GC(45) Concurrent weak roots 0.360ms
[200.169s][info][gc          ] GC(45) Concurrent cleanup 1600M->1600M(6144M) 0.050ms
[200.169s][info][gc          ] GC(45) Concurrent class unloading 0.178ms
[200.169s][info][gc          ] GC(45) Concurrent strong roots 0.166ms
[200.173s][info][gc          ] GC(45) Concurrent evacuation 4.210ms
[200.173s][info][gc          ] GC(45) Pause Init Update Refs 0.006ms
[200.173s][info][gc          ] GC(45) At start of update refs, moving 4096K to Mutator free partition from Collector Reserve
[201.821s][info][gc          ] GC(45) Concurrent update references 1647.726ms
[201.822s][info][gc          ] GC(45) Concurrent update thread roots 0.279ms
[201.822s][info][gc          ] GC(45) Pause Final Update Refs 0.058ms
[201.822s][info][gc          ] GC(45) Concurrent cleanup 1604M->1600M(6144M) 0.052ms
[201.822s][info][gc,metaspace] Metaspace: 37908K(38208K)->37908K(38208K) NonClass: 19743K(19904K)->19743K(19904K) Class: 18164K(18304K)->18164K(18304K)
[201.823s][info][gc          ] Trigger: GC request (System.gc())
[201.825s][info][gc          ] GC(46) Concurrent reset 2.073ms
[201.825s][info][gc          ] GC(46) Pause Init Mark (unload classes) 0.062ms
[201.825s][info][gc          ] GC(46) Concurrent marking roots 0.100ms
[204.328s][info][gc          ] GC(46) Concurrent marking (unload classes) 2502.302ms
[204.328s][info][gc          ] GC(46) Pause Final Mark (unload classes) 0.163ms
[204.328s][info][gc          ] GC(46) Concurrent thread roots 0.069ms
[204.328s][info][gc          ] GC(46) Concurrent weak references 0.044ms
[204.328s][info][gc          ] GC(46) Concurrent weak roots 0.350ms
[204.328s][info][gc          ] GC(46) Concurrent cleanup 1600M->1600M(6144M) 0.051ms
[204.329s][info][gc          ] GC(46) Concurrent class unloading 0.191ms
[204.329s][info][gc          ] GC(46) Concurrent strong roots 0.168ms
[204.334s][info][gc          ] GC(46) Concurrent evacuation 5.248ms
[204.334s][info][gc          ] GC(46) Pause Init Update Refs 0.006ms
[204.334s][info][gc          ] GC(46) At start of update refs, moving 4096K to Mutator free partition from Collector Reserve
[206.052s][info][gc          ] GC(46) Concurrent update references 1717.308ms
[206.052s][info][gc          ] GC(46) Concurrent update thread roots 0.231ms
[206.052s][info][gc          ] GC(46) Pause Final Update Refs 0.061ms
[206.052s][info][gc          ] GC(46) Concurrent cleanup 1604M->1600M(6144M) 0.052ms
[206.052s][info][gc,metaspace] Metaspace: 37908K(38208K)->37908K(38208K) NonClass: 19743K(19904K)->19743K(19904K) Class: 18164K(18304K)->18164K(18304K)
[206.053s][info][gc          ] Trigger: GC request (System.gc())
[206.055s][info][gc          ] GC(47) Concurrent reset 2.157ms
[206.056s][info][gc          ] GC(47) Pause Init Mark (unload classes) 0.041ms
[206.056s][info][gc          ] GC(47) Concurrent marking roots 0.088ms
[208.384s][info][gc          ] GC(47) Concurrent marking (unload classes) 2328.760ms
[208.385s][info][gc          ] GC(47) Pause Final Mark (unload classes) 0.162ms
[208.385s][info][gc          ] GC(47) Concurrent thread roots 0.051ms
[208.385s][info][gc          ] GC(47) Concurrent weak references 0.045ms
[208.385s][info][gc          ] GC(47) Concurrent weak roots 0.424ms
[208.385s][info][gc          ] GC(47) Concurrent cleanup 1600M->1600M(6144M) 0.051ms
[208.385s][info][gc          ] GC(47) Concurrent class unloading 0.144ms
[208.386s][info][gc          ] GC(47) Concurrent strong roots 0.228ms
[208.390s][info][gc          ] GC(47) Concurrent evacuation 4.422ms
[208.390s][info][gc          ] GC(47) Pause Init Update Refs 0.006ms
[208.390s][info][gc          ] GC(47) At start of update refs, moving 4096K to Mutator free partition from Collector Reserve
[210.484s][info][gc          ] GC(47) Concurrent update references 2093.762ms
[210.484s][info][gc          ] GC(47) Concurrent update thread roots 0.246ms
[210.484s][info][gc          ] GC(47) Pause Final Update Refs 0.062ms
[210.485s][info][gc          ] GC(47) Concurrent cleanup 1604M->1600M(6144M) 0.055ms
[210.485s][info][gc,metaspace] Metaspace: 37908K(38208K)->37908K(38208K) NonClass: 19743K(19904K)->19743K(19904K) Class: 18164K(18304K)->18164K(18304K)
[210.486s][info][gc          ] Trigger: GC request (System.gc())
[210.488s][info][gc          ] GC(48) Concurrent reset 2.042ms
[210.488s][info][gc          ] GC(48) Pause Init Mark (unload classes) 0.044ms
[210.488s][info][gc          ] GC(48) Concurrent marking roots 0.087ms
[212.445s][info][gc          ] GC(48) Concurrent marking (unload classes) 1957.084ms
[212.445s][info][gc          ] GC(48) Pause Final Mark (unload classes) 0.172ms
[212.445s][info][gc          ] GC(48) Concurrent thread roots 0.078ms
[212.445s][info][gc          ] GC(48) Concurrent weak references 0.045ms
[212.446s][info][gc          ] GC(48) Concurrent weak roots 0.388ms
[212.446s][info][gc          ] GC(48) Concurrent cleanup 1600M->1600M(6144M) 0.051ms
[212.446s][info][gc          ] GC(48) Concurrent class unloading 0.174ms
[212.446s][info][gc          ] GC(48) Concurrent strong roots 0.165ms
[212.451s][info][gc          ] GC(48) Concurrent evacuation 4.470ms
[212.451s][info][gc          ] GC(48) Pause Init Update Refs 0.006ms
[212.451s][info][gc          ] GC(48) At start of update refs, moving 4096K to Mutator free partition from Collector Reserve
[214.182s][info][gc          ] GC(48) Concurrent update references 1730.597ms
[214.182s][info][gc          ] GC(48) Concurrent update thread roots 0.229ms
[214.182s][info][gc          ] GC(48) Pause Final Update Refs 0.056ms
[214.182s][info][gc          ] GC(48) Concurrent cleanup 1604M->1600M(6144M) 0.052ms
[214.182s][info][gc,metaspace] Metaspace: 37908K(38208K)->37908K(38208K) NonClass: 19743K(19904K)->19743K(19904K) Class: 18164K(18304K)->18164K(18304K)
[214.183s][info][gc          ] Trigger: GC request (System.gc())
[214.185s][info][gc          ] GC(49) Concurrent reset 2.258ms
[214.186s][info][gc          ] GC(49) Pause Init Mark (unload classes) 0.041ms
[214.186s][info][gc          ] GC(49) Concurrent marking roots 0.099ms
[216.416s][info][gc          ] GC(49) Concurrent marking (unload classes) 2230.527ms
[216.417s][info][gc          ] GC(49) Pause Final Mark (unload classes) 0.185ms
[216.421s][info][gc          ] GC(49) Concurrent thread roots 0.080ms
[216.421s][info][gc          ] GC(49) Concurrent weak references 0.048ms
[216.421s][info][gc          ] GC(49) Concurrent weak roots 0.430ms
[216.421s][info][gc          ] GC(49) Concurrent cleanup 1600M->1600M(6144M) 0.053ms
[216.422s][info][gc          ] GC(49) Concurrent class unloading 0.148ms
[216.422s][info][gc          ] GC(49) Concurrent strong roots 0.160ms
[216.426s][info][gc          ] GC(49) Concurrent evacuation 4.191ms
[216.426s][info][gc          ] GC(49) Pause Init Update Refs 0.006ms
[216.426s][info][gc          ] GC(49) At start of update refs, moving 4096K to Mutator free partition from Collector Reserve
[218.266s][info][gc          ] GC(49) Concurrent update references 1839.990ms
[218.266s][info][gc          ] GC(49) Concurrent update thread roots 0.226ms
[218.267s][info][gc          ] GC(49) Pause Final Update Refs 0.059ms
[218.267s][info][gc          ] GC(49) Concurrent cleanup 1604M->1600M(6144M) 0.052ms
[218.267s][info][gc,metaspace] Metaspace: 37908K(38208K)->37908K(38208K) NonClass: 19743K(19904K)->19743K(19904K) Class: 18164K(18304K)->18164K(18304K)
[218.268s][info][gc          ] Trigger: GC request (System.gc())
[218.270s][info][gc          ] GC(50) Concurrent reset 1.922ms
[218.270s][info][gc          ] GC(50) Pause Init Mark (unload classes) 0.039ms
[218.270s][info][gc          ] GC(50) Concurrent marking roots 0.099ms
[220.544s][info][gc          ] GC(50) Concurrent marking (unload classes) 2274.183ms
[220.544s][info][gc          ] GC(50) Pause Final Mark (unload classes) 0.187ms
[220.545s][info][gc          ] GC(50) Concurrent thread roots 0.077ms
[220.545s][info][gc          ] GC(50) Concurrent weak references 0.045ms
[220.545s][info][gc          ] GC(50) Concurrent weak roots 0.394ms
[220.545s][info][gc          ] GC(50) Concurrent cleanup 1600M->1600M(6144M) 0.051ms
[220.545s][info][gc          ] GC(50) Concurrent class unloading 0.178ms
[220.545s][info][gc          ] GC(50) Concurrent strong roots 0.161ms
[220.550s][info][gc          ] GC(50) Concurrent evacuation 4.088ms
[220.550s][info][gc          ] GC(50) Pause Init Update Refs 0.006ms
[220.550s][info][gc          ] GC(50) At start of update refs, moving 4096K to Mutator free partition from Collector Reserve
[222.312s][info][gc          ] GC(50) Concurrent update references 1762.091ms
[222.312s][info][gc          ] GC(50) Concurrent update thread roots 0.238ms
[222.312s][info][gc          ] GC(50) Pause Final Update Refs 0.056ms
[222.312s][info][gc          ] GC(50) Concurrent cleanup 1604M->1600M(6144M) 0.054ms
[222.312s][info][gc,metaspace] Metaspace: 37908K(38208K)->37908K(38208K) NonClass: 19743K(19904K)->19743K(19904K) Class: 18164K(18304K)->18164K(18304K)
[222.313s][info][gc          ] Trigger: GC request (System.gc())
[222.315s][info][gc          ] GC(51) Concurrent reset 1.918ms
[222.315s][info][gc          ] GC(51) Pause Init Mark (unload classes) 0.039ms
[222.316s][info][gc          ] GC(51) Concurrent marking roots 0.091ms
[224.610s][info][gc          ] GC(51) Concurrent marking (unload classes) 2294.221ms
[224.610s][info][gc          ] GC(51) Pause Final Mark (unload classes) 0.176ms
[224.610s][info][gc          ] GC(51) Concurrent thread roots 0.083ms
[224.610s][info][gc          ] GC(51) Concurrent weak references 0.045ms
[224.611s][info][gc          ] GC(51) Concurrent weak roots 0.397ms
[224.611s][info][gc          ] GC(51) Concurrent cleanup 1600M->1600M(6144M) 0.050ms
[224.611s][info][gc          ] GC(51) Concurrent class unloading 0.184ms
[224.611s][info][gc          ] GC(51) Concurrent strong roots 0.170ms
[224.615s][info][gc          ] GC(51) Concurrent evacuation 4.060ms
[224.615s][info][gc          ] GC(51) Pause Init Update Refs 0.006ms
[224.616s][info][gc          ] GC(51) At start of update refs, moving 4096K to Mutator free partition from Collector Reserve
[226.381s][info][gc          ] GC(51) Concurrent update references 1765.552ms
[226.381s][info][gc          ] GC(51) Concurrent update thread roots 0.236ms
[226.381s][info][gc          ] GC(51) Pause Final Update Refs 0.057ms
[226.382s][info][gc          ] GC(51) Concurrent cleanup 1604M->1600M(6144M) 0.052ms
[226.382s][info][gc,metaspace] Metaspace: 37908K(38208K)->37908K(38208K) NonClass: 19743K(19904K)->19743K(19904K) Class: 18164K(18304K)->18164K(18304K)
[226.383s][info][gc          ] Trigger: GC request (System.gc())
[226.385s][info][gc          ] GC(52) Concurrent reset 2.126ms
[226.385s][info][gc          ] GC(52) Pause Init Mark (unload classes) 0.043ms
[226.385s][info][gc          ] GC(52) Concurrent marking roots 0.129ms
[228.769s][info][gc          ] GC(52) Concurrent marking (unload classes) 2383.435ms
[228.769s][info][gc          ] GC(52) Pause Final Mark (unload classes) 0.173ms
[228.769s][info][gc          ] GC(52) Concurrent thread roots 0.070ms
[228.769s][info][gc          ] GC(52) Concurrent weak references 0.043ms
[228.769s][info][gc          ] GC(52) Concurrent weak roots 0.489ms
[228.770s][info][gc          ] GC(52) Concurrent cleanup 1600M->1600M(6144M) 0.050ms
[228.770s][info][gc          ] GC(52) Concurrent class unloading 0.183ms
[228.770s][info][gc          ] GC(52) Concurrent strong roots 0.200ms
[228.774s][info][gc          ] GC(52) Concurrent evacuation 4.068ms
[228.774s][info][gc          ] GC(52) Pause Init Update Refs 0.006ms
[228.774s][info][gc          ] GC(52) At start of update refs, moving 4096K to Mutator free partition from Collector Reserve
[230.751s][info][gc          ] GC(52) Concurrent update references 1977.028ms
[230.751s][info][gc          ] GC(52) Concurrent update thread roots 0.224ms
[230.751s][info][gc          ] GC(52) Pause Final Update Refs 0.056ms
[230.752s][info][gc          ] GC(52) Concurrent cleanup 1604M->1600M(6144M) 0.052ms
[230.752s][info][gc,metaspace] Metaspace: 37908K(38208K)->37908K(38208K) NonClass: 19743K(19904K)->19743K(19904K) Class: 18164K(18304K)->18164K(18304K)
[230.753s][info][gc          ] Trigger: GC request (System.gc())
[230.755s][info][gc          ] GC(53) Concurrent reset 2.456ms
[230.755s][info][gc          ] GC(53) Pause Init Mark (unload classes) 0.039ms
[230.755s][info][gc          ] GC(53) Concurrent marking roots 0.091ms
[232.967s][info][gc          ] GC(53) Concurrent marking (unload classes) 2211.383ms
[232.967s][info][gc          ] GC(53) Pause Final Mark (unload classes) 0.182ms
[232.967s][info][gc          ] GC(53) Concurrent thread roots 0.066ms
[232.967s][info][gc          ] GC(53) Concurrent weak references 0.056ms
[232.968s][info][gc          ] GC(53) Concurrent weak roots 0.319ms
[232.968s][info][gc          ] GC(53) Concurrent cleanup 1600M->1600M(6144M) 0.050ms
[232.968s][info][gc          ] GC(53) Concurrent class unloading 0.222ms
[232.968s][info][gc          ] GC(53) Concurrent strong roots 0.166ms
[232.976s][info][gc          ] GC(53) Concurrent evacuation 8.029ms
[232.976s][info][gc          ] GC(53) Pause Init Update Refs 0.006ms
[232.976s][info][gc          ] GC(53) At start of update refs, moving 4096K to Mutator free partition from Collector Reserve
[234.428s][info][gc          ] GC(53) Concurrent update references 1451.742ms
[234.428s][info][gc          ] GC(53) Concurrent update thread roots 0.219ms
[234.428s][info][gc          ] GC(53) Pause Final Update Refs 0.057ms
[234.428s][info][gc          ] GC(53) Concurrent cleanup 1604M->1600M(6144M) 0.056ms
[234.428s][info][gc,metaspace] Metaspace: 37908K(38208K)->37908K(38208K) NonClass: 19743K(19904K)->19743K(19904K) Class: 18164K(18304K)->18164K(18304K)
[234.430s][info][gc          ] Trigger: GC request (System.gc())
[234.432s][info][gc          ] GC(54) Concurrent reset 2.030ms
[234.432s][info][gc          ] GC(54) Pause Init Mark (unload classes) 0.044ms
[234.432s][info][gc          ] GC(54) Concurrent marking roots 0.085ms
[236.749s][info][gc          ] GC(54) Concurrent marking (unload classes) 2317.458ms
[236.750s][info][gc          ] GC(54) Pause Final Mark (unload classes) 0.160ms
[236.750s][info][gc          ] GC(54) Concurrent thread roots 0.070ms
[236.750s][info][gc          ] GC(54) Concurrent weak references 0.044ms
[236.750s][info][gc          ] GC(54) Concurrent weak roots 0.389ms
[236.750s][info][gc          ] GC(54) Concurrent cleanup 1600M->1600M(6144M) 0.050ms
[236.750s][info][gc          ] GC(54) Concurrent class unloading 0.182ms
[236.751s][info][gc          ] GC(54) Concurrent strong roots 0.165ms
[236.755s][info][gc          ] GC(54) Concurrent evacuation 4.251ms
[236.755s][info][gc          ] GC(54) Pause Init Update Refs 0.006ms
[236.755s][info][gc          ] GC(54) At start of update refs, moving 4096K to Mutator free partition from Collector Reserve
[238.465s][info][gc          ] GC(54) Concurrent update references 1709.480ms
[238.465s][info][gc          ] GC(54) Concurrent update thread roots 0.255ms
[238.465s][info][gc          ] GC(54) Pause Final Update Refs 0.057ms
[238.465s][info][gc          ] GC(54) Concurrent cleanup 1604M->1600M(6144M) 0.055ms
[238.465s][info][gc,metaspace] Metaspace: 37908K(38208K)->37908K(38208K) NonClass: 19743K(19904K)->19743K(19904K) Class: 18164K(18304K)->18164K(18304K)
[238.466s][info][gc          ] Trigger: GC request (System.gc())
[238.468s][info][gc          ] GC(55) Concurrent reset 2.094ms
[238.468s][info][gc          ] GC(55) Pause Init Mark (unload classes) 0.041ms
[238.469s][info][gc          ] GC(55) Concurrent marking roots 0.095ms
[241.103s][info][gc          ] GC(55) Concurrent marking (unload classes) 2634.530ms
[241.103s][info][gc          ] GC(55) Pause Final Mark (unload classes) 0.175ms
[241.103s][info][gc          ] GC(55) Concurrent thread roots 0.063ms
[241.104s][info][gc          ] GC(55) Concurrent weak references 0.043ms
[241.104s][info][gc          ] GC(55) Concurrent weak roots 0.400ms
[241.104s][info][gc          ] GC(55) Concurrent cleanup 1602M->1602M(6144M) 0.051ms
[241.104s][info][gc          ] GC(55) Concurrent class unloading 0.175ms
[241.104s][info][gc          ] GC(55) Concurrent strong roots 0.164ms
[241.109s][info][gc          ] GC(55) Concurrent evacuation 4.246ms
[241.109s][info][gc          ] GC(55) Pause Init Update Refs 0.006ms
[241.109s][info][gc          ] GC(55) At start of update refs, moving 4096K to Mutator free partition from Collector Reserve
[242.759s][info][gc          ] GC(55) Concurrent update references 1650.423ms
[242.760s][info][gc          ] GC(55) Concurrent update thread roots 0.227ms
[242.760s][info][gc          ] GC(55) Pause Final Update Refs 0.057ms
[242.760s][info][gc          ] GC(55) Concurrent cleanup 1606M->1602M(6144M) 0.055ms
[242.760s][info][gc,metaspace] Metaspace: 37908K(38208K)->37908K(38208K) NonClass: 19743K(19904K)->19743K(19904K) Class: 18164K(18304K)->18164K(18304K)
[242.761s][info][gc          ] Trigger: GC request (System.gc())
[242.763s][info][gc          ] GC(56) Concurrent reset 1.872ms
[242.763s][info][gc          ] GC(56) Pause Init Mark (unload classes) 0.045ms
[242.763s][info][gc          ] GC(56) Concurrent marking roots 0.114ms
[245.035s][info][gc          ] GC(56) Concurrent marking (unload classes) 2271.623ms
[245.035s][info][gc          ] GC(56) Pause Final Mark (unload classes) 0.190ms
[245.035s][info][gc          ] GC(56) Concurrent thread roots 0.068ms
[245.035s][info][gc          ] GC(56) Concurrent weak references 0.042ms
[245.036s][info][gc          ] GC(56) Concurrent weak roots 0.397ms
[245.036s][info][gc          ] GC(56) Concurrent cleanup 1602M->1602M(6144M) 0.051ms
[245.036s][info][gc          ] GC(56) Concurrent class unloading 0.179ms
[245.036s][info][gc          ] GC(56) Concurrent strong roots 0.164ms
[245.040s][info][gc          ] GC(56) Concurrent evacuation 4.242ms
[245.040s][info][gc          ] GC(56) Pause Init Update Refs 0.006ms
[245.040s][info][gc          ] GC(56) At start of update refs, moving 8192K to Mutator free partition from Collector Reserve
[246.692s][info][gc          ] GC(56) Concurrent update references 1651.285ms
[246.692s][info][gc          ] GC(56) Concurrent update thread roots 0.291ms
[246.692s][info][gc          ] GC(56) Pause Final Update Refs 0.057ms
[246.692s][info][gc          ] GC(56) Concurrent cleanup 1606M->1600M(6144M) 0.057ms
[246.692s][info][gc,metaspace] Metaspace: 37908K(38208K)->37908K(38208K) NonClass: 19743K(19904K)->19743K(19904K) Class: 18164K(18304K)->18164K(18304K)
[246.693s][info][gc          ] Trigger: GC request (System.gc())
[246.696s][info][gc          ] GC(57) Concurrent reset 2.165ms
[246.696s][info][gc          ] GC(57) Pause Init Mark (unload classes) 0.039ms
[246.696s][info][gc          ] GC(57) Concurrent marking roots 0.090ms
[248.963s][info][gc          ] GC(57) Concurrent marking (unload classes) 2266.941ms
[248.968s][info][gc          ] GC(57) Pause Final Mark (unload classes) 0.492ms
[248.968s][info][gc          ] GC(57) Concurrent thread roots 0.082ms
[248.968s][info][gc          ] GC(57) Concurrent weak references 0.041ms
[248.968s][info][gc          ] GC(57) Concurrent weak roots 0.409ms
[248.968s][info][gc          ] GC(57) Concurrent cleanup 1600M->1600M(6144M) 0.051ms
[248.968s][info][gc          ] GC(57) Concurrent class unloading 0.181ms
[248.969s][info][gc          ] GC(57) Concurrent strong roots 0.237ms
[248.973s][info][gc          ] GC(57) Concurrent evacuation 4.619ms
[248.973s][info][gc          ] GC(57) Pause Init Update Refs 0.006ms
[248.974s][info][gc          ] GC(57) At start of update refs, moving 4096K to Mutator free partition from Collector Reserve
[250.842s][info][gc          ] GC(57) Concurrent update references 1869.015ms
[250.843s][info][gc          ] GC(57) Concurrent update thread roots 0.229ms
[250.843s][info][gc          ] GC(57) Pause Final Update Refs 0.057ms
[250.843s][info][gc          ] GC(57) Concurrent cleanup 1604M->1600M(6144M) 0.056ms
[250.843s][info][gc,metaspace] Metaspace: 37908K(38208K)->37908K(38208K) NonClass: 19743K(19904K)->19743K(19904K) Class: 18164K(18304K)->18164K(18304K)
[250.844s][info][gc          ] Trigger: GC request (System.gc())
[250.846s][info][gc          ] GC(58) Concurrent reset 1.890ms
[250.846s][info][gc          ] GC(58) Pause Init Mark (unload classes) 0.041ms
[250.846s][info][gc          ] GC(58) Concurrent marking roots 0.087ms
[252.982s][info][gc          ] GC(58) Concurrent marking (unload classes) 2136.179ms
[252.983s][info][gc          ] GC(58) Pause Final Mark (unload classes) 0.187ms
[252.983s][info][gc          ] GC(58) Concurrent thread roots 0.089ms
[252.983s][info][gc          ] GC(58) Concurrent weak references 0.040ms
[252.983s][info][gc          ] GC(58) Concurrent weak roots 0.462ms
[252.983s][info][gc          ] GC(58) Concurrent cleanup 1600M->1600M(6144M) 0.051ms
[252.984s][info][gc          ] GC(58) Concurrent class unloading 0.177ms
[252.984s][info][gc          ] GC(58) Concurrent strong roots 0.222ms
[252.988s][info][gc          ] GC(58) Concurrent evacuation 4.235ms
[252.988s][info][gc          ] GC(58) Pause Init Update Refs 0.005ms
[252.988s][info][gc          ] GC(58) At start of update refs, moving 4096K to Mutator free partition from Collector Reserve
[254.847s][info][gc          ] GC(58) Concurrent update references 1858.581ms
[254.847s][info][gc          ] GC(58) Concurrent update thread roots 0.163ms
[254.847s][info][gc          ] GC(58) Pause Final Update Refs 0.055ms
[254.847s][info][gc          ] GC(58) Concurrent cleanup 1604M->1600M(6144M) 0.054ms
[254.847s][info][gc,metaspace] Metaspace: 37908K(38208K)->37908K(38208K) NonClass: 19743K(19904K)->19743K(19904K) Class: 18164K(18304K)->18164K(18304K)
[254.848s][info][gc          ] Trigger: GC request (System.gc())
[254.850s][info][gc          ] GC(59) Concurrent reset 1.920ms
[254.850s][info][gc          ] GC(59) Pause Init Mark (unload classes) 0.039ms
[254.851s][info][gc          ] GC(59) Concurrent marking roots 0.094ms
[256.799s][info][gc          ] GC(59) Concurrent marking (unload classes) 1948.156ms
[256.799s][info][gc          ] GC(59) Pause Final Mark (unload classes) 0.178ms
[256.799s][info][gc          ] GC(59) Concurrent thread roots 0.065ms
[256.799s][info][gc          ] GC(59) Concurrent weak references 0.047ms
[256.800s][info][gc          ] GC(59) Concurrent weak roots 0.390ms
[256.800s][info][gc          ] GC(59) Concurrent cleanup 1600M->1600M(6144M) 0.050ms
[256.800s][info][gc          ] GC(59) Concurrent class unloading 0.178ms
[256.800s][info][gc          ] GC(59) Concurrent strong roots 0.169ms
[256.805s][info][gc          ] GC(59) Concurrent evacuation 5.147ms
[256.805s][info][gc          ] GC(59) Pause Init Update Refs 0.006ms
[256.805s][info][gc          ] GC(59) At start of update refs, moving 4096K to Mutator free partition from Collector Reserve
[258.532s][info][gc          ] GC(59) Concurrent update references 1726.846ms
[258.532s][info][gc          ] GC(59) Concurrent update thread roots 0.227ms
[258.533s][info][gc          ] GC(59) Pause Final Update Refs 0.057ms
[258.533s][info][gc          ] GC(59) Concurrent cleanup 1604M->1600M(6144M) 0.052ms
[258.533s][info][gc,metaspace] Metaspace: 37908K(38208K)->37908K(38208K) NonClass: 19743K(19904K)->19743K(19904K) Class: 18164K(18304K)->18164K(18304K)
[258.534s][info][gc          ] Trigger: GC request (System.gc())
[258.536s][info][gc          ] GC(60) Concurrent reset 2.034ms
[258.536s][info][gc          ] GC(60) Pause Init Mark (unload classes) 0.046ms
[258.536s][info][gc          ] GC(60) Concurrent marking roots 0.099ms
[260.883s][info][gc          ] GC(60) Concurrent marking (unload classes) 2347.247ms
[260.884s][info][gc          ] GC(60) Pause Final Mark (unload classes) 0.183ms
[260.884s][info][gc          ] GC(60) Concurrent thread roots 0.083ms
[260.884s][info][gc          ] GC(60) Concurrent weak references 0.042ms
[260.884s][info][gc          ] GC(60) Concurrent weak roots 0.394ms
[260.884s][info][gc          ] GC(60) Concurrent cleanup 1600M->1600M(6144M) 0.051ms
[260.884s][info][gc          ] GC(60) Concurrent class unloading 0.172ms
[260.885s][info][gc          ] GC(60) Concurrent strong roots 0.165ms
[260.889s][info][gc          ] GC(60) Concurrent evacuation 4.178ms
[260.889s][info][gc          ] GC(60) Pause Init Update Refs 0.006ms
[260.889s][info][gc          ] GC(60) At start of update refs, moving 4096K to Mutator free partition from Collector Reserve
[262.573s][info][gc          ] GC(60) Concurrent update references 1683.633ms
[262.573s][info][gc          ] GC(60) Concurrent update thread roots 0.317ms
[262.577s][info][gc          ] GC(60) Pause Final Update Refs 0.058ms
[262.577s][info][gc          ] GC(60) Concurrent cleanup 1604M->1600M(6144M) 0.057ms
[262.578s][info][gc,metaspace] Metaspace: 37908K(38208K)->37908K(38208K) NonClass: 19743K(19904K)->19743K(19904K) Class: 18164K(18304K)->18164K(18304K)
[262.579s][info][gc          ] Trigger: GC request (System.gc())
[262.581s][info][gc          ] GC(61) Concurrent reset 1.996ms
[262.581s][info][gc          ] GC(61) Pause Init Mark (unload classes) 0.046ms
[262.581s][info][gc          ] GC(61) Concurrent marking roots 0.099ms
[264.917s][info][gc          ] GC(61) Concurrent marking (unload classes) 2336.072ms
[264.917s][info][gc          ] GC(61) Pause Final Mark (unload classes) 0.189ms
[264.917s][info][gc          ] GC(61) Concurrent thread roots 0.074ms
[264.917s][info][gc          ] GC(61) Concurrent weak references 0.045ms
[264.918s][info][gc          ] GC(61) Concurrent weak roots 0.391ms
[264.918s][info][gc          ] GC(61) Concurrent cleanup 1600M->1600M(6144M) 0.050ms
[264.918s][info][gc          ] GC(61) Concurrent class unloading 0.186ms
[264.918s][info][gc          ] GC(61) Concurrent strong roots 0.142ms
[264.922s][info][gc          ] GC(61) Concurrent evacuation 4.054ms
[264.922s][info][gc          ] GC(61) Pause Init Update Refs 0.005ms
[264.923s][info][gc          ] GC(61) At start of update refs, moving 4096K to Mutator free partition from Collector Reserve
[266.623s][info][gc          ] GC(61) Concurrent update references 1700.691ms
[266.624s][info][gc          ] GC(61) Concurrent update thread roots 0.290ms
[266.624s][info][gc          ] GC(61) Pause Final Update Refs 0.055ms
[266.624s][info][gc          ] GC(61) Concurrent cleanup 1604M->1600M(6144M) 0.052ms
[266.624s][info][gc,metaspace] Metaspace: 37908K(38208K)->37908K(38208K) NonClass: 19743K(19904K)->19743K(19904K) Class: 18164K(18304K)->18164K(18304K)
[266.625s][info][gc          ] Trigger: GC request (System.gc())
[266.627s][info][gc          ] GC(62) Concurrent reset 2.136ms
[266.627s][info][gc          ] GC(62) Pause Init Mark (unload classes) 0.045ms
[266.627s][info][gc          ] GC(62) Concurrent marking roots 0.108ms
[268.887s][info][gc          ] GC(62) Concurrent marking (unload classes) 2259.497ms
[268.887s][info][gc          ] GC(62) Pause Final Mark (unload classes) 0.165ms
[268.887s][info][gc          ] GC(62) Concurrent thread roots 0.074ms
[268.887s][info][gc          ] GC(62) Concurrent weak references 0.046ms
[268.888s][info][gc          ] GC(62) Concurrent weak roots 0.353ms
[268.888s][info][gc          ] GC(62) Concurrent cleanup 1600M->1600M(6144M) 0.051ms
[268.888s][info][gc          ] GC(62) Concurrent class unloading 0.142ms
[268.888s][info][gc          ] GC(62) Concurrent strong roots 0.163ms
[268.892s][info][gc          ] GC(62) Concurrent evacuation 4.401ms
[268.893s][info][gc          ] GC(62) Pause Init Update Refs 0.006ms
[268.893s][info][gc          ] GC(62) At start of update refs, moving 4096K to Mutator free partition from Collector Reserve
[270.562s][info][gc          ] GC(62) Concurrent update references 1669.694ms
[270.563s][info][gc          ] GC(62) Concurrent update thread roots 0.298ms
[270.563s][info][gc          ] GC(62) Pause Final Update Refs 0.060ms
[270.563s][info][gc          ] GC(62) Concurrent cleanup 1604M->1600M(6144M) 0.054ms
[270.563s][info][gc,metaspace] Metaspace: 37908K(38208K)->37908K(38208K) NonClass: 19743K(19904K)->19743K(19904K) Class: 18164K(18304K)->18164K(18304K)
After GCs... 
[270.564s][info][gc          ] Trigger: Learning 2 of 5. Free (4228M) is below initial threshold (4300M)
[270.566s][info][gc          ] GC(63) Concurrent reset 2.364ms
[270.572s][info][gc          ] GC(63) Pause Init Mark (unload classes) 0.081ms
[270.572s][info][gc          ] GC(63) Concurrent marking roots 0.263ms
[270.602s][info][gc          ] Cancelling GC: Stopping VM
[270.602s][info][gc          ] GC(63) Concurrent marking (unload classes) 30.109ms
[270.602s][info][gc,metaspace] Metaspace: 37908K(38208K)->38238K(38528K) NonClass: 19743K(19904K)->20000K(20160K) Class: 18164K(18304K)->18237K(18368K)
