Done; will start GCs... 
[8.001s][info][gc,metaspace] GC(1) Metaspace: 26395K(27968K)->26395K(27968K) NonClass: 20035K(20288K)->20035K(20288K) Class: 6360K(7680K)->6360K(7680K)
[8.001s][info][gc          ] GC(1) Pause Full (System.gc()) 881M->770M(5939M) 2719.747ms
[9.698s][info][gc,metaspace] GC(2) Metaspace: 26395K(27968K)->26395K(27968K) NonClass: 20035K(20288K)->20035K(20288K) Class: 6360K(7680K)->6360K(7680K)
[9.698s][info][gc          ] GC(2) Pause Full (System.gc()) 770M->770M(5939M) 1696.899ms
[12.057s][info][gc,metaspace] GC(3) Metaspace: 26395K(27968K)->26395K(27968K) NonClass: 20035K(20288K)->20035K(20288K) Class: 6360K(7680K)->6360K(7680K)
[12.057s][info][gc          ] GC(3) Pause Full (System.gc()) 770M->770M(5939M) 2358.717ms
[13.758s][info][gc,metaspace] GC(4) Metaspace: 26395K(27968K)->26395K(27968K) NonClass: 20035K(20288K)->20035K(20288K) Class: 6360K(7680K)->6360K(7680K)
[13.758s][info][gc          ] GC(4) Pause Full (System.gc()) 770M->770M(5939M) 1701.181ms
[15.456s][info][gc,metaspace] GC(5) Metaspace: 26395K(27968K)->26395K(27968K) NonClass: 20035K(20288K)->20035K(20288K) Class: 6360K(7680K)->6360K(7680K)
[15.456s][info][gc          ] GC(5) Pause Full (System.gc()) 770M->770M(5939M) 1697.368ms
[17.128s][info][gc,metaspace] GC(6) Metaspace: 26395K(27968K)->26395K(27968K) NonClass: 20035K(20288K)->20035K(20288K) Class: 6360K(7680K)->6360K(7680K)
[17.128s][info][gc          ] GC(6) Pause Full (System.gc()) 770M->770M(5939M) 1671.873ms
[18.825s][info][gc,metaspace] GC(7) Metaspace: 26395K(27968K)->26395K(27968K) NonClass: 20035K(20288K)->20035K(20288K) Class: 6360K(7680K)->6360K(7680K)
[18.825s][info][gc          ] GC(7) Pause Full (System.gc()) 770M->770M(5939M) 1697.375ms
[20.524s][info][gc,metaspace] GC(8) Metaspace: 26395K(27968K)->26395K(27968K) NonClass: 20035K(20288K)->20035K(20288K) Class: 6360K(7680K)->6360K(7680K)
[20.524s][info][gc          ] GC(8) Pause Full (System.gc()) 770M->770M(5939M) 1698.829ms
[22.188s][info][gc,metaspace] GC(9) Metaspace: 26395K(27968K)->26395K(27968K) NonClass: 20035K(20288K)->20035K(20288K) Class: 6360K(7680K)->6360K(7680K)
[22.188s][info][gc          ] GC(9) Pause Full (System.gc()) 770M->770M(5939M) 1663.727ms
[23.889s][info][gc,metaspace] GC(10) Metaspace: 26395K(27968K)->26395K(27968K) NonClass: 20035K(20288K)->20035K(20288K) Class: 6360K(7680K)->6360K(7680K)
[23.889s][info][gc          ] GC(10) Pause Full (System.gc()) 770M->770M(5939M) 1701.281ms
[25.608s][info][gc,metaspace] GC(11) Metaspace: 26395K(27968K)->26395K(27968K) NonClass: 20035K(20288K)->20035K(20288K) Class: 6360K(7680K)->6360K(7680K)
[25.608s][info][gc          ] GC(11) Pause Full (System.gc()) 770M->770M(5939M) 1718.864ms
[27.280s][info][gc,metaspace] GC(12) Metaspace: 26395K(27968K)->26395K(27968K) NonClass: 20035K(20288K)->20035K(20288K) Class: 6360K(7680K)->6360K(7680K)
[27.280s][info][gc          ] GC(12) Pause Full (System.gc()) 770M->770M(5939M) 1671.762ms
[28.978s][info][gc,metaspace] GC(13) Metaspace: 26395K(27968K)->26395K(27968K) NonClass: 20035K(20288K)->20035K(20288K) Class: 6360K(7680K)->6360K(7680K)
[28.978s][info][gc          ] GC(13) Pause Full (System.gc()) 770M->770M(5939M) 1697.448ms
[30.679s][info][gc,metaspace] GC(14) Metaspace: 26395K(27968K)->26395K(27968K) NonClass: 20035K(20288K)->20035K(20288K) Class: 6360K(7680K)->6360K(7680K)
[30.679s][info][gc          ] GC(14) Pause Full (System.gc()) 770M->770M(5939M) 1701.288ms
[32.348s][info][gc,metaspace] GC(15) Metaspace: 26395K(27968K)->26395K(27968K) NonClass: 20035K(20288K)->20035K(20288K) Class: 6360K(7680K)->6360K(7680K)
[32.348s][info][gc          ] GC(15) Pause Full (System.gc()) 770M->770M(5939M) 1663.997ms
[34.049s][info][gc,metaspace] GC(16) Metaspace: 26395K(27968K)->26395K(27968K) NonClass: 20035K(20288K)->20035K(20288K) Class: 6360K(7680K)->6360K(7680K)
[34.049s][info][gc          ] GC(16) Pause Full (System.gc()) 770M->770M(5939M) 1701.539ms
[35.746s][info][gc,metaspace] GC(17) Metaspace: 26395K(27968K)->26395K(27968K) NonClass: 20035K(20288K)->20035K(20288K) Class: 6360K(7680K)->6360K(7680K)
[35.746s][info][gc          ] GC(17) Pause Full (System.gc()) 770M->770M(5939M) 1696.923ms
[37.448s][info][gc,metaspace] GC(18) Metaspace: 26395K(27968K)->26395K(27968K) NonClass: 20035K(20288K)->20035K(20288K) Class: 6360K(7680K)->6360K(7680K)
[37.448s][info][gc          ] GC(18) Pause Full (System.gc()) 770M->770M(5939M) 1701.217ms
[39.711s][info][gc,metaspace] GC(19) Metaspace: 26395K(27968K)->26395K(27968K) NonClass: 20035K(20288K)->20035K(20288K) Class: 6360K(7680K)->6360K(7680K)
[39.711s][info][gc          ] GC(19) Pause Full (System.gc()) 770M->770M(5939M) 2263.616ms
[41.975s][info][gc,metaspace] GC(20) Metaspace: 26395K(27968K)->26395K(27968K) NonClass: 20035K(20288K)->20035K(20288K) Class: 6360K(7680K)->6360K(7680K)
[41.975s][info][gc          ] GC(20) Pause Full (System.gc()) 770M->770M(5939M) 2263.438ms
[43.676s][info][gc,metaspace] GC(21) Metaspace: 26395K(27968K)->26395K(27968K) NonClass: 20035K(20288K)->20035K(20288K) Class: 6360K(7680K)->6360K(7680K)
[43.676s][info][gc          ] GC(21) Pause Full (System.gc()) 770M->770M(5939M) 1701.398ms
[45.322s][info][gc,metaspace] GC(22) Metaspace: 26395K(27968K)->26395K(27968K) NonClass: 20035K(20288K)->20035K(20288K) Class: 6360K(7680K)->6360K(7680K)
[45.323s][info][gc          ] GC(22) Pause Full (System.gc()) 770M->770M(5939M) 1646.130ms
[47.046s][info][gc,metaspace] GC(23) Metaspace: 26395K(27968K)->26395K(27968K) NonClass: 20035K(20288K)->20035K(20288K) Class: 6360K(7680K)->6360K(7680K)
[47.046s][info][gc          ] GC(23) Pause Full (System.gc()) 770M->770M(5939M) 1723.021ms
[48.743s][info][gc,metaspace] GC(24) Metaspace: 26395K(27968K)->26395K(27968K) NonClass: 20035K(20288K)->20035K(20288K) Class: 6360K(7680K)->6360K(7680K)
[48.744s][info][gc          ] GC(24) Pause Full (System.gc()) 770M->770M(5939M) 1693.474ms
[50.445s][info][gc,metaspace] GC(25) Metaspace: 26395K(27968K)->26395K(27968K) NonClass: 20035K(20288K)->20035K(20288K) Class: 6360K(7680K)->6360K(7680K)
[50.445s][info][gc          ] GC(25) Pause Full (System.gc()) 770M->770M(5939M) 1701.565ms
[52.334s][info][gc,metaspace] GC(26) Metaspace: 26395K(27968K)->26395K(27968K) NonClass: 20035K(20288K)->20035K(20288K) Class: 6360K(7680K)->6360K(7680K)
[52.334s][info][gc          ] GC(26) Pause Full (System.gc()) 770M->770M(5939M) 1888.986ms
[54.036s][info][gc,metaspace] GC(27) Metaspace: 26395K(27968K)->26395K(27968K) NonClass: 20035K(20288K)->20035K(20288K) Class: 6360K(7680K)->6360K(7680K)
[54.036s][info][gc          ] GC(27) Pause Full (System.gc()) 770M->770M(5939M) 1697.327ms
[55.734s][info][gc,metaspace] GC(28) Metaspace: 26395K(27968K)->26395K(27968K) NonClass: 20035K(20288K)->20035K(20288K) Class: 6360K(7680K)->6360K(7680K)
[55.734s][info][gc          ] GC(28) Pause Full (System.gc()) 770M->770M(5939M) 1697.704ms
[57.459s][info][gc,metaspace] GC(29) Metaspace: 26395K(27968K)->26395K(27968K) NonClass: 20035K(20288K)->20035K(20288K) Class: 6360K(7680K)->6360K(7680K)
[57.459s][info][gc          ] GC(29) Pause Full (System.gc()) 770M->770M(5939M) 1725.065ms
[59.109s][info][gc,metaspace] GC(30) Metaspace: 26395K(27968K)->26395K(27968K) NonClass: 20035K(20288K)->20035K(20288K) Class: 6360K(7680K)->6360K(7680K)
[59.109s][info][gc          ] GC(30) Pause Full (System.gc()) 770M->770M(5939M) 1646.246ms
[60.807s][info][gc,metaspace] GC(31) Metaspace: 26395K(27968K)->26395K(27968K) NonClass: 20035K(20288K)->20035K(20288K) Class: 6360K(7680K)->6360K(7680K)
[60.807s][info][gc          ] GC(31) Pause Full (System.gc()) 770M->770M(5939M) 1697.462ms
[62.524s][info][gc,metaspace] GC(32) Metaspace: 26395K(27968K)->26395K(27968K) NonClass: 20035K(20288K)->20035K(20288K) Class: 6360K(7680K)->6360K(7680K)
[62.524s][info][gc          ] GC(32) Pause Full (System.gc()) 770M->770M(5939M) 1717.181ms
[64.171s][info][gc,metaspace] GC(33) Metaspace: 26395K(27968K)->26395K(27968K) NonClass: 20035K(20288K)->20035K(20288K) Class: 6360K(7680K)->6360K(7680K)
[64.171s][info][gc          ] GC(33) Pause Full (System.gc()) 770M->770M(5939M) 1642.004ms
[65.872s][info][gc,metaspace] GC(34) Metaspace: 26395K(27968K)->26395K(27968K) NonClass: 20035K(20288K)->20035K(20288K) Class: 6360K(7680K)->6360K(7680K)
[65.872s][info][gc          ] GC(34) Pause Full (System.gc()) 770M->770M(5939M) 1701.522ms
[68.108s][info][gc,metaspace] GC(35) Metaspace: 26395K(27968K)->26395K(27968K) NonClass: 20035K(20288K)->20035K(20288K) Class: 6360K(7680K)->6360K(7680K)
[68.108s][info][gc          ] GC(35) Pause Full (System.gc()) 787M->770M(5939M) 2235.591ms
[69.807s][info][gc,metaspace] GC(36) Metaspace: 26395K(27968K)->26395K(27968K) NonClass: 20035K(20288K)->20035K(20288K) Class: 6360K(7680K)->6360K(7680K)
[69.807s][info][gc          ] GC(36) Pause Full (System.gc()) 770M->770M(5939M) 1694.850ms
[71.523s][info][gc,metaspace] GC(37) Metaspace: 26395K(27968K)->26395K(27968K) NonClass: 20035K(20288K)->20035K(20288K) Class: 6360K(7680K)->6360K(7680K)
[71.523s][info][gc          ] GC(37) Pause Full (System.gc()) 770M->770M(5939M) 1716.138ms
[73.171s][info][gc,metaspace] GC(38) Metaspace: 26395K(27968K)->26395K(27968K) NonClass: 20035K(20288K)->20035K(20288K) Class: 6360K(7680K)->6360K(7680K)
[73.171s][info][gc          ] GC(38) Pause Full (System.gc()) 770M->770M(5939M) 1646.908ms
[74.866s][info][gc,metaspace] GC(39) Metaspace: 26395K(27968K)->26395K(27968K) NonClass: 20035K(20288K)->20035K(20288K) Class: 6360K(7680K)->6360K(7680K)
[74.866s][info][gc          ] GC(39) Pause Full (System.gc()) 770M->770M(5939M) 1690.660ms
[76.560s][info][gc,metaspace] GC(40) Metaspace: 26395K(27968K)->26395K(27968K) NonClass: 20035K(20288K)->20035K(20288K) Class: 6360K(7680K)->6360K(7680K)
[76.560s][info][gc          ] GC(40) Pause Full (System.gc()) 770M->770M(5939M) 1694.257ms
[78.207s][info][gc,metaspace] GC(41) Metaspace: 26395K(27968K)->26395K(27968K) NonClass: 20035K(20288K)->20035K(20288K) Class: 6360K(7680K)->6360K(7680K)
[78.207s][info][gc          ] GC(41) Pause Full (System.gc()) 770M->770M(5939M) 1646.672ms
[79.901s][info][gc,metaspace] GC(42) Metaspace: 26395K(27968K)->26395K(27968K) NonClass: 20035K(20288K)->20035K(20288K) Class: 6360K(7680K)->6360K(7680K)
[79.901s][info][gc          ] GC(42) Pause Full (System.gc()) 770M->770M(5939M) 1694.108ms
[81.599s][info][gc,metaspace] GC(43) Metaspace: 26395K(27968K)->26395K(27968K) NonClass: 20035K(20288K)->20035K(20288K) Class: 6360K(7680K)->6360K(7680K)
[81.599s][info][gc          ] GC(43) Pause Full (System.gc()) 770M->770M(5939M) 1698.325ms
[83.247s][info][gc,metaspace] GC(44) Metaspace: 26395K(27968K)->26395K(27968K) NonClass: 20035K(20288K)->20035K(20288K) Class: 6360K(7680K)->6360K(7680K)
[83.247s][info][gc          ] GC(44) Pause Full (System.gc()) 770M->770M(5939M) 1647.255ms
[84.941s][info][gc,metaspace] GC(45) Metaspace: 26395K(27968K)->26395K(27968K) NonClass: 20035K(20288K)->20035K(20288K) Class: 6360K(7680K)->6360K(7680K)
[84.941s][info][gc          ] GC(45) Pause Full (System.gc()) 770M->770M(5939M) 1694.135ms
[86.635s][info][gc,metaspace] GC(46) Metaspace: 26395K(27968K)->26395K(27968K) NonClass: 20035K(20288K)->20035K(20288K) Class: 6360K(7680K)->6360K(7680K)
[86.635s][info][gc          ] GC(46) Pause Full (System.gc()) 770M->770M(5939M) 1694.109ms
[88.283s][info][gc,metaspace] GC(47) Metaspace: 26395K(27968K)->26395K(27968K) NonClass: 20035K(20288K)->20035K(20288K) Class: 6360K(7680K)->6360K(7680K)
[88.283s][info][gc          ] GC(47) Pause Full (System.gc()) 770M->770M(5939M) 1647.343ms
[89.977s][info][gc,metaspace] GC(48) Metaspace: 26395K(27968K)->26395K(27968K) NonClass: 20035K(20288K)->20035K(20288K) Class: 6360K(7680K)->6360K(7680K)
[89.978s][info][gc          ] GC(48) Pause Full (System.gc()) 770M->770M(5939M) 1694.875ms
[91.676s][info][gc,metaspace] GC(49) Metaspace: 26395K(27968K)->26395K(27968K) NonClass: 20035K(20288K)->20035K(20288K) Class: 6360K(7680K)->6360K(7680K)
[91.676s][info][gc          ] GC(49) Pause Full (System.gc()) 770M->770M(5939M) 1698.597ms
[93.324s][info][gc,metaspace] GC(50) Metaspace: 26395K(27968K)->26395K(27968K) NonClass: 20035K(20288K)->20035K(20288K) Class: 6360K(7680K)->6360K(7680K)
[93.324s][info][gc          ] GC(50) Pause Full (System.gc()) 770M->770M(5939M) 1647.297ms
[95.018s][info][gc,metaspace] GC(51) Metaspace: 26395K(27968K)->26395K(27968K) NonClass: 20035K(20288K)->20035K(20288K) Class: 6360K(7680K)->6360K(7680K)
[95.018s][info][gc          ] GC(51) Pause Full (System.gc()) 770M->770M(5939M) 1694.580ms
[96.712s][info][gc,metaspace] GC(52) Metaspace: 26395K(27968K)->26395K(27968K) NonClass: 20035K(20288K)->20035K(20288K) Class: 6360K(7680K)->6360K(7680K)
[96.712s][info][gc          ] GC(52) Pause Full (System.gc()) 770M->770M(5939M) 1689.481ms
[98.359s][info][gc,metaspace] GC(53) Metaspace: 26395K(27968K)->26395K(27968K) NonClass: 20035K(20288K)->20035K(20288K) Class: 6360K(7680K)->6360K(7680K)
[98.360s][info][gc          ] GC(53) Pause Full (System.gc()) 770M->770M(5939M) 1647.620ms
[100.054s][info][gc,metaspace] GC(54) Metaspace: 26395K(27968K)->26395K(27968K) NonClass: 20035K(20288K)->20035K(20288K) Class: 6360K(7680K)->6360K(7680K)
[100.054s][info][gc          ] GC(54) Pause Full (System.gc()) 770M->770M(5939M) 1694.431ms
[101.752s][info][gc,metaspace] GC(55) Metaspace: 26395K(27968K)->26395K(27968K) NonClass: 20035K(20288K)->20035K(20288K) Class: 6360K(7680K)->6360K(7680K)
[101.752s][info][gc          ] GC(55) Pause Full (System.gc()) 770M->770M(5939M) 1697.834ms
[103.447s][info][gc,metaspace] GC(56) Metaspace: 26395K(27968K)->26395K(27968K) NonClass: 20035K(20288K)->20035K(20288K) Class: 6360K(7680K)->6360K(7680K)
[103.447s][info][gc          ] GC(56) Pause Full (System.gc()) 770M->770M(5939M) 1694.728ms
[105.094s][info][gc,metaspace] GC(57) Metaspace: 26395K(27968K)->26395K(27968K) NonClass: 20035K(20288K)->20035K(20288K) Class: 6360K(7680K)->6360K(7680K)
[105.094s][info][gc          ] GC(57) Pause Full (System.gc()) 770M->770M(5939M) 1647.029ms
[106.788s][info][gc,metaspace] GC(58) Metaspace: 26395K(27968K)->26395K(27968K) NonClass: 20035K(20288K)->20035K(20288K) Class: 6360K(7680K)->6360K(7680K)
[106.788s][info][gc          ] GC(58) Pause Full (System.gc()) 770M->770M(5939M) 1689.694ms
[108.486s][info][gc,metaspace] GC(59) Metaspace: 26395K(27968K)->26395K(27968K) NonClass: 20035K(20288K)->20035K(20288K) Class: 6360K(7680K)->6360K(7680K)
[108.487s][info][gc          ] GC(59) Pause Full (System.gc()) 770M->770M(5939M) 1698.434ms
[110.158s][info][gc,metaspace] GC(60) Metaspace: 26395K(27968K)->26395K(27968K) NonClass: 20035K(20288K)->20035K(20288K) Class: 6360K(7680K)->6360K(7680K)
[110.158s][info][gc          ] GC(60) Pause Full (System.gc()) 770M->770M(5939M) 1671.363ms
[111.856s][info][gc,metaspace] GC(61) Metaspace: 26395K(27968K)->26395K(27968K) NonClass: 20035K(20288K)->20035K(20288K) Class: 6360K(7680K)->6360K(7680K)
[111.856s][info][gc          ] GC(61) Pause Full (System.gc()) 770M->770M(5939M) 1693.946ms
[113.551s][info][gc,metaspace] GC(62) Metaspace: 26395K(27968K)->26395K(27968K) NonClass: 20035K(20288K)->20035K(20288K) Class: 6360K(7680K)->6360K(7680K)
[113.551s][info][gc          ] GC(62) Pause Full (System.gc()) 770M->770M(5939M) 1694.236ms
[115.198s][info][gc,metaspace] GC(63) Metaspace: 26395K(27968K)->26395K(27968K) NonClass: 20035K(20288K)->20035K(20288K) Class: 6360K(7680K)->6360K(7680K)
[115.198s][info][gc          ] GC(63) Pause Full (System.gc()) 770M->770M(5939M) 1647.374ms
[116.892s][info][gc,metaspace] GC(64) Metaspace: 26395K(27968K)->26395K(27968K) NonClass: 20035K(20288K)->20035K(20288K) Class: 6360K(7680K)->6360K(7680K)
[116.892s][info][gc          ] GC(64) Pause Full (System.gc()) 770M->770M(5939M) 1689.953ms
[118.591s][info][gc,metaspace] GC(65) Metaspace: 26395K(27968K)->26395K(27968K) NonClass: 20035K(20288K)->20035K(20288K) Class: 6360K(7680K)->6360K(7680K)
[118.591s][info][gc          ] GC(65) Pause Full (System.gc()) 770M->770M(5939M) 1698.254ms
[120.233s][info][gc,metaspace] GC(66) Metaspace: 26395K(27968K)->26395K(27968K) NonClass: 20035K(20288K)->20035K(20288K) Class: 6360K(7680K)->6360K(7680K)
[120.233s][info][gc          ] GC(66) Pause Full (System.gc()) 770M->770M(5939M) 1642.598ms
[121.931s][info][gc,metaspace] GC(67) Metaspace: 26395K(27968K)->26395K(27968K) NonClass: 20035K(20288K)->20035K(20288K) Class: 6360K(7680K)->6360K(7680K)
[121.931s][info][gc          ] GC(67) Pause Full (System.gc()) 770M->770M(5939M) 1697.840ms
[123.626s][info][gc,metaspace] GC(68) Metaspace: 26395K(27968K)->26395K(27968K) NonClass: 20035K(20288K)->20035K(20288K) Class: 6360K(7680K)->6360K(7680K)
[123.626s][info][gc          ] GC(68) Pause Full (System.gc()) 770M->770M(5939M) 1694.608ms
[125.274s][info][gc,metaspace] GC(69) Metaspace: 26395K(27968K)->26395K(27968K) NonClass: 20035K(20288K)->20035K(20288K) Class: 6360K(7680K)->6360K(7680K)
[125.274s][info][gc          ] GC(69) Pause Full (System.gc()) 770M->770M(5939M) 1647.519ms
[126.970s][info][gc,metaspace] GC(70) Metaspace: 26395K(27968K)->26395K(27968K) NonClass: 20035K(20288K)->20035K(20288K) Class: 6360K(7680K)->6360K(7680K)
[126.970s][info][gc          ] GC(70) Pause Full (System.gc()) 770M->770M(5939M) 1691.749ms
[128.665s][info][gc,metaspace] GC(71) Metaspace: 26395K(27968K)->26395K(27968K) NonClass: 20035K(20288K)->20035K(20288K) Class: 6360K(7680K)->6360K(7680K)
[128.665s][info][gc          ] GC(71) Pause Full (System.gc()) 787M->770M(5939M) 1694.723ms
[130.312s][info][gc,metaspace] GC(72) Metaspace: 26395K(27968K)->26395K(27968K) NonClass: 20035K(20288K)->20035K(20288K) Class: 6360K(7680K)->6360K(7680K)
[130.312s][info][gc          ] GC(72) Pause Full (System.gc()) 770M->770M(5939M) 1647.370ms
[132.006s][info][gc,metaspace] GC(73) Metaspace: 26395K(27968K)->26395K(27968K) NonClass: 20035K(20288K)->20035K(20288K) Class: 6360K(7680K)->6360K(7680K)
[132.006s][info][gc          ] GC(73) Pause Full (System.gc()) 770M->770M(5939M) 1689.943ms
[133.705s][info][gc,metaspace] GC(74) Metaspace: 26395K(27968K)->26395K(27968K) NonClass: 20035K(20288K)->20035K(20288K) Class: 6360K(7680K)->6360K(7680K)
[133.705s][info][gc          ] GC(74) Pause Full (System.gc()) 770M->770M(5939M) 1698.063ms
[135.352s][info][gc,metaspace] GC(75) Metaspace: 26395K(27968K)->26395K(27968K) NonClass: 20035K(20288K)->20035K(20288K) Class: 6360K(7680K)->6360K(7680K)
[135.352s][info][gc          ] GC(75) Pause Full (System.gc()) 770M->770M(5939M) 1647.343ms
[137.046s][info][gc,metaspace] GC(76) Metaspace: 26395K(27968K)->26395K(27968K) NonClass: 20035K(20288K)->20035K(20288K) Class: 6360K(7680K)->6360K(7680K)
[137.046s][info][gc          ] GC(76) Pause Full (System.gc()) 770M->770M(5939M) 1693.620ms
[138.741s][info][gc,metaspace] GC(77) Metaspace: 26395K(27968K)->26395K(27968K) NonClass: 20035K(20288K)->20035K(20288K) Class: 6360K(7680K)->6360K(7680K)
[138.741s][info][gc          ] GC(77) Pause Full (System.gc()) 770M->770M(5939M) 1694.710ms
[140.440s][info][gc,metaspace] GC(78) Metaspace: 26395K(27968K)->26395K(27968K) NonClass: 20035K(20288K)->20035K(20288K) Class: 6360K(7680K)->6360K(7680K)
[140.440s][info][gc          ] GC(78) Pause Full (System.gc()) 770M->770M(5939M) 1698.895ms
[142.327s][info][gc,metaspace] GC(79) Metaspace: 26395K(27968K)->26395K(27968K) NonClass: 20035K(20288K)->20035K(20288K) Class: 6360K(7680K)->6360K(7680K)
[142.328s][info][gc          ] GC(79) Pause Full (System.gc()) 770M->770M(5939M) 1883.569ms
[144.026s][info][gc,metaspace] GC(80) Metaspace: 26395K(27968K)->26395K(27968K) NonClass: 20035K(20288K)->20035K(20288K) Class: 6360K(7680K)->6360K(7680K)
[144.026s][info][gc          ] GC(80) Pause Full (System.gc()) 770M->770M(5939M) 1698.123ms
[145.720s][info][gc,metaspace] GC(81) Metaspace: 26395K(27968K)->26395K(27968K) NonClass: 20035K(20288K)->20035K(20288K) Class: 6360K(7680K)->6360K(7680K)
[145.720s][info][gc          ] GC(81) Pause Full (System.gc()) 770M->770M(5939M) 1694.349ms
[147.419s][info][gc,metaspace] GC(82) Metaspace: 26395K(27968K)->26395K(27968K) NonClass: 20035K(20288K)->20035K(20288K) Class: 6360K(7680K)->6360K(7680K)
[147.419s][info][gc          ] GC(82) Pause Full (System.gc()) 770M->770M(5939M) 1694.103ms
[149.511s][info][gc,metaspace] GC(83) Metaspace: 26395K(27968K)->26395K(27968K) NonClass: 20035K(20288K)->20035K(20288K) Class: 6360K(7680K)->6360K(7680K)
[149.511s][info][gc          ] GC(83) Pause Full (System.gc()) 770M->770M(5939M) 2092.105ms
[151.158s][info][gc,metaspace] GC(84) Metaspace: 26395K(27968K)->26395K(27968K) NonClass: 20035K(20288K)->20035K(20288K) Class: 6360K(7680K)->6360K(7680K)
[151.158s][info][gc          ] GC(84) Pause Full (System.gc()) 770M->770M(5939M) 1647.228ms
[152.853s][info][gc,metaspace] GC(85) Metaspace: 26395K(27968K)->26395K(27968K) NonClass: 20035K(20288K)->20035K(20288K) Class: 6360K(7680K)->6360K(7680K)
[152.853s][info][gc          ] GC(85) Pause Full (System.gc()) 770M->770M(5939M) 1690.460ms
[154.547s][info][gc,metaspace] GC(86) Metaspace: 26395K(27968K)->26395K(27968K) NonClass: 20035K(20288K)->20035K(20288K) Class: 6360K(7680K)->6360K(7680K)
[154.547s][info][gc          ] GC(86) Pause Full (System.gc()) 770M->770M(5939M) 1693.758ms
[156.199s][info][gc,metaspace] GC(87) Metaspace: 26395K(27968K)->26395K(27968K) NonClass: 20035K(20288K)->20035K(20288K) Class: 6360K(7680K)->6360K(7680K)
[156.199s][info][gc          ] GC(87) Pause Full (System.gc()) 770M->770M(5939M) 1652.253ms
[157.894s][info][gc,metaspace] GC(88) Metaspace: 26395K(27968K)->26395K(27968K) NonClass: 20035K(20288K)->20035K(20288K) Class: 6360K(7680K)->6360K(7680K)
[157.894s][info][gc          ] GC(88) Pause Full (System.gc()) 770M->770M(5939M) 1690.717ms
[159.593s][info][gc,metaspace] GC(89) Metaspace: 26395K(27968K)->26395K(27968K) NonClass: 20035K(20288K)->20035K(20288K) Class: 6360K(7680K)->6360K(7680K)
[159.593s][info][gc          ] GC(89) Pause Full (System.gc()) 770M->770M(5939M) 1698.531ms
[161.265s][info][gc,metaspace] GC(90) Metaspace: 26395K(27968K)->26395K(27968K) NonClass: 20035K(20288K)->20035K(20288K) Class: 6360K(7680K)->6360K(7680K)
[161.265s][info][gc          ] GC(90) Pause Full (System.gc()) 770M->770M(5939M) 1671.572ms
[162.985s][info][gc,metaspace] GC(91) Metaspace: 26395K(27968K)->26395K(27968K) NonClass: 20035K(20288K)->20035K(20288K) Class: 6360K(7680K)->6360K(7680K)
[162.985s][info][gc          ] GC(91) Pause Full (System.gc()) 770M->770M(5939M) 1720.166ms
[164.679s][info][gc,metaspace] GC(92) Metaspace: 26395K(27968K)->26395K(27968K) NonClass: 20035K(20288K)->20035K(20288K) Class: 6360K(7680K)->6360K(7680K)
[164.679s][info][gc          ] GC(92) Pause Full (System.gc()) 770M->770M(5939M) 1693.764ms
[166.354s][info][gc,metaspace] GC(93) Metaspace: 26395K(27968K)->26395K(27968K) NonClass: 20035K(20288K)->20035K(20288K) Class: 6360K(7680K)->6360K(7680K)
[166.354s][info][gc          ] GC(93) Pause Full (System.gc()) 770M->770M(5939M) 1675.192ms
[168.049s][info][gc,metaspace] GC(94) Metaspace: 26395K(27968K)->26395K(27968K) NonClass: 20035K(20288K)->20035K(20288K) Class: 6360K(7680K)->6360K(7680K)
[168.049s][info][gc          ] GC(94) Pause Full (System.gc()) 770M->770M(5939M) 1695.097ms
[169.747s][info][gc,metaspace] GC(95) Metaspace: 26395K(27968K)->26395K(27968K) NonClass: 20035K(20288K)->20035K(20288K) Class: 6360K(7680K)->6360K(7680K)
[169.747s][info][gc          ] GC(95) Pause Full (System.gc()) 770M->770M(5939M) 1693.720ms
[171.442s][info][gc,metaspace] GC(96) Metaspace: 26395K(27968K)->26395K(27968K) NonClass: 20035K(20288K)->20035K(20288K) Class: 6360K(7680K)->6360K(7680K)
[171.442s][info][gc          ] GC(96) Pause Full (System.gc()) 770M->770M(5939M) 1694.431ms
[173.090s][info][gc,metaspace] GC(97) Metaspace: 26395K(27968K)->26395K(27968K) NonClass: 20035K(20288K)->20035K(20288K) Class: 6360K(7680K)->6360K(7680K)
[173.090s][info][gc          ] GC(97) Pause Full (System.gc()) 770M->770M(5939M) 1647.644ms
[174.784s][info][gc,metaspace] GC(98) Metaspace: 26395K(27968K)->26395K(27968K) NonClass: 20035K(20288K)->20035K(20288K) Class: 6360K(7680K)->6360K(7680K)
[174.784s][info][gc          ] GC(98) Pause Full (System.gc()) 770M->770M(5939M) 1690.125ms
[176.478s][info][gc,metaspace] GC(99) Metaspace: 26395K(27968K)->26395K(27968K) NonClass: 20035K(20288K)->20035K(20288K) Class: 6360K(7680K)->6360K(7680K)
[176.478s][info][gc          ] GC(99) Pause Full (System.gc()) 770M->770M(5939M) 1694.065ms
[178.125s][info][gc,metaspace] GC(100) Metaspace: 26395K(27968K)->26395K(27968K) NonClass: 20035K(20288K)->20035K(20288K) Class: 6360K(7680K)->6360K(7680K)
[178.125s][info][gc          ] GC(100) Pause Full (System.gc()) 770M->770M(5939M) 1647.012ms
After GCs... 
