[0.001s][info][metaspace]  - commit_granule_bytes: 65536.
[0.001s][info][metaspace]  - commit_granule_words: 8192.
[0.001s][info][metaspace]  - virtual_space_node_default_size: 8388608.
[0.001s][info][metaspace]  - enlarge_chunks_in_place: 1.
[0.001s][info][metaspace]  - use_allocation_guard: 0.
[0.004s][info][gc       ] Using Serial
[1.700s][info][metaspace] Reserving compressed class space anywhere
[1.705s][info][gc,metaspace] CDS archive(s) not mapped
[1.705s][info][gc,metaspace] Compressed class space mapped at: 0x0000000006000000-0x00000000c6000000, reserved size: 3221225472
[1.705s][info][gc,metaspace] UseCompressedClassPointers 1, UseCompactObjectHeaders 1, narrow klass pointer bits 22, max shift 10
[1.705s][info][gc,metaspace] Narrow klass base: 0x0000000006000000, Narrow klass shift: 10, Narrow klass range: 0xc0000000
Num Classes: 64
Num Objects per Class: 1048576
Cycles: 100
Class association: random
Generate 64 classes...
Loading 64...[2.683s][info][gc,metaspace] GC(0) Metaspace: 21824K(22144K)->21824K(22144K) NonClass: 18042K(18240K)->18042K(18240K) Class: 3781K(3904K)->3781K(3904K)
[2.683s][info][gc          ] GC(0) Pause Full (System.gc()) 426M->2M(5939M) 51.893ms
Creating 1048576 objects per class...
Done; will start GCs... 
[8.236s][info][gc,metaspace] GC(1) Metaspace: 22032K(22400K)->22032K(22400K) NonClass: 18217K(18432K)->18217K(18432K) Class: 3814K(3968K)->3814K(3968K)
[8.236s][info][gc          ] GC(1) Pause Full (System.gc()) 881M->770M(5939M) 3011.374ms
[10.070s][info][gc,metaspace] GC(2) Metaspace: 22032K(22400K)->22032K(22400K) NonClass: 18217K(18432K)->18217K(18432K) Class: 3814K(3968K)->3814K(3968K)
[10.070s][info][gc          ] GC(2) Pause Full (System.gc()) 770M->770M(5939M) 1834.008ms
[12.660s][info][gc,metaspace] GC(3) Metaspace: 22032K(22400K)->22032K(22400K) NonClass: 18217K(18432K)->18217K(18432K) Class: 3814K(3968K)->3814K(3968K)
[12.660s][info][gc          ] GC(3) Pause Full (System.gc()) 770M->770M(5939M) 2590.361ms
[14.542s][info][gc,metaspace] GC(4) Metaspace: 22032K(22400K)->22032K(22400K) NonClass: 18217K(18432K)->18217K(18432K) Class: 3814K(3968K)->3814K(3968K)
[14.542s][info][gc          ] GC(4) Pause Full (System.gc()) 770M->770M(5939M) 1881.231ms
[16.419s][info][gc,metaspace] GC(5) Metaspace: 22032K(22400K)->22032K(22400K) NonClass: 18217K(18432K)->18217K(18432K) Class: 3814K(3968K)->3814K(3968K)
[16.419s][info][gc          ] GC(5) Pause Full (System.gc()) 770M->770M(5939M) 1876.812ms
[18.352s][info][gc,metaspace] GC(6) Metaspace: 22032K(22400K)->22032K(22400K) NonClass: 18217K(18432K)->18217K(18432K) Class: 3814K(3968K)->3814K(3968K)
[18.352s][info][gc          ] GC(6) Pause Full (System.gc()) 770M->770M(5939M) 1932.886ms
[20.233s][info][gc,metaspace] GC(7) Metaspace: 22032K(22400K)->22032K(22400K) NonClass: 18217K(18432K)->18217K(18432K) Class: 3814K(3968K)->3814K(3968K)
[20.233s][info][gc          ] GC(7) Pause Full (System.gc()) 770M->770M(5939M) 1881.576ms
[22.737s][info][gc,metaspace] GC(8) Metaspace: 22032K(22400K)->22032K(22400K) NonClass: 18217K(18432K)->18217K(18432K) Class: 3814K(3968K)->3814K(3968K)
[22.737s][info][gc          ] GC(8) Pause Full (System.gc()) 770M->770M(5939M) 2503.304ms
[25.271s][info][gc,metaspace] GC(9) Metaspace: 22032K(22400K)->22032K(22400K) NonClass: 18217K(18432K)->18217K(18432K) Class: 3814K(3968K)->3814K(3968K)
[25.271s][info][gc          ] GC(9) Pause Full (System.gc()) 770M->770M(5939M) 2533.953ms
[27.102s][info][gc,metaspace] GC(10) Metaspace: 22032K(22400K)->22032K(22400K) NonClass: 18217K(18432K)->18217K(18432K) Class: 3814K(3968K)->3814K(3968K)
[27.102s][info][gc          ] GC(10) Pause Full (System.gc()) 770M->770M(5939M) 1827.142ms
[28.980s][info][gc,metaspace] GC(11) Metaspace: 22032K(22400K)->22032K(22400K) NonClass: 18217K(18432K)->18217K(18432K) Class: 3814K(3968K)->3814K(3968K)
[28.980s][info][gc          ] GC(11) Pause Full (System.gc()) 770M->770M(5939M) 1877.620ms
[30.859s][info][gc,metaspace] GC(12) Metaspace: 22032K(22400K)->22032K(22400K) NonClass: 18217K(18432K)->18217K(18432K) Class: 3814K(3968K)->3814K(3968K)
[30.859s][info][gc          ] GC(12) Pause Full (System.gc()) 770M->770M(5939M) 1879.016ms
[32.736s][info][gc,metaspace] GC(13) Metaspace: 22032K(22400K)->22032K(22400K) NonClass: 18217K(18432K)->18217K(18432K) Class: 3814K(3968K)->3814K(3968K)
[32.736s][info][gc          ] GC(13) Pause Full (System.gc()) 770M->770M(5939M) 1872.633ms
[34.622s][info][gc,metaspace] GC(14) Metaspace: 22032K(22400K)->22032K(22400K) NonClass: 18217K(18432K)->18217K(18432K) Class: 3814K(3968K)->3814K(3968K)
[34.622s][info][gc          ] GC(14) Pause Full (System.gc()) 770M->770M(5939M) 1886.088ms
[36.504s][info][gc,metaspace] GC(15) Metaspace: 22032K(22400K)->22032K(22400K) NonClass: 18217K(18432K)->18217K(18432K) Class: 3814K(3968K)->3814K(3968K)
[36.504s][info][gc          ] GC(15) Pause Full (System.gc()) 770M->770M(5939M) 1881.873ms
[38.379s][info][gc,metaspace] GC(16) Metaspace: 22032K(22400K)->22032K(22400K) NonClass: 18217K(18432K)->18217K(18432K) Class: 3814K(3968K)->3814K(3968K)
[38.379s][info][gc          ] GC(16) Pause Full (System.gc()) 770M->770M(5939M) 1874.463ms
[40.258s][info][gc,metaspace] GC(17) Metaspace: 22032K(22400K)->22032K(22400K) NonClass: 18217K(18432K)->18217K(18432K) Class: 3814K(3968K)->3814K(3968K)
[40.258s][info][gc          ] GC(17) Pause Full (System.gc()) 770M->770M(5939M) 1879.189ms
[42.083s][info][gc,metaspace] GC(18) Metaspace: 22032K(22400K)->22032K(22400K) NonClass: 18217K(18432K)->18217K(18432K) Class: 3814K(3968K)->3814K(3968K)
[42.083s][info][gc          ] GC(18) Pause Full (System.gc()) 770M->770M(5939M) 1824.677ms
[43.964s][info][gc,metaspace] GC(19) Metaspace: 22032K(22400K)->22032K(22400K) NonClass: 18217K(18432K)->18217K(18432K) Class: 3814K(3968K)->3814K(3968K)
[43.964s][info][gc          ] GC(19) Pause Full (System.gc()) 770M->770M(5939M) 1876.416ms
[45.841s][info][gc,metaspace] GC(20) Metaspace: 22032K(22400K)->22032K(22400K) NonClass: 18217K(18432K)->18217K(18432K) Class: 3814K(3968K)->3814K(3968K)
[45.841s][info][gc          ] GC(20) Pause Full (System.gc()) 770M->770M(5939M) 1876.988ms
[47.717s][info][gc,metaspace] GC(21) Metaspace: 22032K(22400K)->22032K(22400K) NonClass: 18217K(18432K)->18217K(18432K) Class: 3814K(3968K)->3814K(3968K)
[47.717s][info][gc          ] GC(21) Pause Full (System.gc()) 770M->770M(5939M) 1875.835ms
[49.598s][info][gc,metaspace] GC(22) Metaspace: 22032K(22400K)->22032K(22400K) NonClass: 18217K(18432K)->18217K(18432K) Class: 3814K(3968K)->3814K(3968K)
[49.598s][info][gc          ] GC(22) Pause Full (System.gc()) 770M->770M(5939M) 1880.941ms
[51.474s][info][gc,metaspace] GC(23) Metaspace: 22032K(22400K)->22032K(22400K) NonClass: 18217K(18432K)->18217K(18432K) Class: 3814K(3968K)->3814K(3968K)
[51.474s][info][gc          ] GC(23) Pause Full (System.gc()) 770M->770M(5939M) 1876.321ms
[53.354s][info][gc,metaspace] GC(24) Metaspace: 22032K(22400K)->22032K(22400K) NonClass: 18217K(18432K)->18217K(18432K) Class: 3814K(3968K)->3814K(3968K)
[53.354s][info][gc          ] GC(24) Pause Full (System.gc()) 770M->770M(5939M) 1880.188ms
[55.232s][info][gc,metaspace] GC(25) Metaspace: 22032K(22400K)->22032K(22400K) NonClass: 18217K(18432K)->18217K(18432K) Class: 3814K(3968K)->3814K(3968K)
[55.232s][info][gc          ] GC(25) Pause Full (System.gc()) 770M->770M(5939M) 1877.294ms
[57.062s][info][gc,metaspace] GC(26) Metaspace: 22032K(22400K)->22032K(22400K) NonClass: 18217K(18432K)->18217K(18432K) Class: 3814K(3968K)->3814K(3968K)
[57.062s][info][gc          ] GC(26) Pause Full (System.gc()) 770M->770M(5939M) 1829.746ms
[58.938s][info][gc,metaspace] GC(27) Metaspace: 22032K(22400K)->22032K(22400K) NonClass: 18217K(18432K)->18217K(18432K) Class: 3814K(3968K)->3814K(3968K)
[58.938s][info][gc          ] GC(27) Pause Full (System.gc()) 770M->770M(5939M) 1876.085ms
[60.815s][info][gc,metaspace] GC(28) Metaspace: 22032K(22400K)->22032K(22400K) NonClass: 18217K(18432K)->18217K(18432K) Class: 3814K(3968K)->3814K(3968K)
[60.815s][info][gc          ] GC(28) Pause Full (System.gc()) 770M->770M(5939M) 1873.092ms
[62.695s][info][gc,metaspace] GC(29) Metaspace: 22032K(22400K)->22032K(22400K) NonClass: 18217K(18432K)->18217K(18432K) Class: 3814K(3968K)->3814K(3968K)
[62.695s][info][gc          ] GC(29) Pause Full (System.gc()) 770M->770M(5939M) 1879.749ms
[64.571s][info][gc,metaspace] GC(30) Metaspace: 22032K(22400K)->22032K(22400K) NonClass: 18217K(18432K)->18217K(18432K) Class: 3814K(3968K)->3814K(3968K)
[64.571s][info][gc          ] GC(30) Pause Full (System.gc()) 770M->770M(5939M) 1875.394ms
[67.072s][info][gc,metaspace] GC(31) Metaspace: 22032K(22400K)->22032K(22400K) NonClass: 18217K(18432K)->18217K(18432K) Class: 3814K(3968K)->3814K(3968K)
[67.072s][info][gc          ] GC(31) Pause Full (System.gc()) 787M->770M(5939M) 2500.821ms
[68.952s][info][gc,metaspace] GC(32) Metaspace: 22032K(22400K)->22032K(22400K) NonClass: 18217K(18432K)->18217K(18432K) Class: 3814K(3968K)->3814K(3968K)
[68.952s][info][gc          ] GC(32) Pause Full (System.gc()) 770M->770M(5939M) 1880.093ms
[70.830s][info][gc,metaspace] GC(33) Metaspace: 22032K(22400K)->22032K(22400K) NonClass: 18217K(18432K)->18217K(18432K) Class: 3814K(3968K)->3814K(3968K)
[70.830s][info][gc          ] GC(33) Pause Full (System.gc()) 770M->770M(5939M) 1877.748ms
[72.711s][info][gc,metaspace] GC(34) Metaspace: 22032K(22400K)->22032K(22400K) NonClass: 18217K(18432K)->18217K(18432K) Class: 3814K(3968K)->3814K(3968K)
[72.711s][info][gc          ] GC(34) Pause Full (System.gc()) 770M->770M(5939M) 1881.425ms
[74.589s][info][gc,metaspace] GC(35) Metaspace: 22032K(22400K)->22032K(22400K) NonClass: 18217K(18432K)->18217K(18432K) Class: 3814K(3968K)->3814K(3968K)
[74.589s][info][gc          ] GC(35) Pause Full (System.gc()) 770M->770M(5939M) 1877.408ms
[76.472s][info][gc,metaspace] GC(36) Metaspace: 22032K(22400K)->22032K(22400K) NonClass: 18217K(18432K)->18217K(18432K) Class: 3814K(3968K)->3814K(3968K)
[76.472s][info][gc          ] GC(36) Pause Full (System.gc()) 770M->770M(5939M) 1882.678ms
[78.349s][info][gc,metaspace] GC(37) Metaspace: 22032K(22400K)->22032K(22400K) NonClass: 18217K(18432K)->18217K(18432K) Class: 3814K(3968K)->3814K(3968K)
[78.349s][info][gc          ] GC(37) Pause Full (System.gc()) 770M->770M(5939M) 1877.552ms
[80.227s][info][gc,metaspace] GC(38) Metaspace: 22032K(22400K)->22032K(22400K) NonClass: 18217K(18432K)->18217K(18432K) Class: 3814K(3968K)->3814K(3968K)
[80.227s][info][gc          ] GC(38) Pause Full (System.gc()) 770M->770M(5939M) 1877.264ms
[82.056s][info][gc,metaspace] GC(39) Metaspace: 22032K(22400K)->22032K(22400K) NonClass: 18217K(18432K)->18217K(18432K) Class: 3814K(3968K)->3814K(3968K)
[82.056s][info][gc          ] GC(39) Pause Full (System.gc()) 770M->770M(5939M) 1829.491ms
[83.939s][info][gc,metaspace] GC(40) Metaspace: 22032K(22400K)->22032K(22400K) NonClass: 18217K(18432K)->18217K(18432K) Class: 3814K(3968K)->3814K(3968K)
[83.939s][info][gc          ] GC(40) Pause Full (System.gc()) 770M->770M(5939M) 1882.981ms
[85.818s][info][gc,metaspace] GC(41) Metaspace: 22032K(22400K)->22032K(22400K) NonClass: 18217K(18432K)->18217K(18432K) Class: 3814K(3968K)->3814K(3968K)
[85.818s][info][gc          ] GC(41) Pause Full (System.gc()) 770M->770M(5939M) 1878.434ms
[87.696s][info][gc,metaspace] GC(42) Metaspace: 22032K(22400K)->22032K(22400K) NonClass: 18217K(18432K)->18217K(18432K) Class: 3814K(3968K)->3814K(3968K)
[87.696s][info][gc          ] GC(42) Pause Full (System.gc()) 770M->770M(5939M) 1877.916ms
[89.580s][info][gc,metaspace] GC(43) Metaspace: 22032K(22400K)->22032K(22400K) NonClass: 18217K(18432K)->18217K(18432K) Class: 3814K(3968K)->3814K(3968K)
[89.580s][info][gc          ] GC(43) Pause Full (System.gc()) 770M->770M(5939M) 1883.736ms
[91.459s][info][gc,metaspace] GC(44) Metaspace: 22032K(22400K)->22032K(22400K) NonClass: 18217K(18432K)->18217K(18432K) Class: 3814K(3968K)->3814K(3968K)
[91.459s][info][gc          ] GC(44) Pause Full (System.gc()) 770M->770M(5939M) 1878.840ms
[93.340s][info][gc,metaspace] GC(45) Metaspace: 22032K(22400K)->22032K(22400K) NonClass: 18217K(18432K)->18217K(18432K) Class: 3814K(3968K)->3814K(3968K)
[93.340s][info][gc          ] GC(45) Pause Full (System.gc()) 770M->770M(5939M) 1881.673ms
[95.219s][info][gc,metaspace] GC(46) Metaspace: 22032K(22400K)->22032K(22400K) NonClass: 18217K(18432K)->18217K(18432K) Class: 3814K(3968K)->3814K(3968K)
[95.219s][info][gc          ] GC(46) Pause Full (System.gc()) 770M->770M(5939M) 1878.711ms
[97.493s][info][gc,metaspace] GC(47) Metaspace: 22032K(22400K)->22032K(22400K) NonClass: 18217K(18432K)->18217K(18432K) Class: 3814K(3968K)->3814K(3968K)
[97.493s][info][gc          ] GC(47) Pause Full (System.gc()) 770M->770M(5939M) 2273.671ms
[99.375s][info][gc,metaspace] GC(48) Metaspace: 22032K(22400K)->22032K(22400K) NonClass: 18217K(18432K)->18217K(18432K) Class: 3814K(3968K)->3814K(3968K)
[99.375s][info][gc          ] GC(48) Pause Full (System.gc()) 770M->770M(5939M) 1881.842ms
[101.254s][info][gc,metaspace] GC(49) Metaspace: 22032K(22400K)->22032K(22400K) NonClass: 18217K(18432K)->18217K(18432K) Class: 3814K(3968K)->3814K(3968K)
[101.254s][info][gc          ] GC(49) Pause Full (System.gc()) 770M->770M(5939M) 1878.824ms
[103.086s][info][gc,metaspace] GC(50) Metaspace: 22032K(22400K)->22032K(22400K) NonClass: 18217K(18432K)->18217K(18432K) Class: 3814K(3968K)->3814K(3968K)
[103.086s][info][gc          ] GC(50) Pause Full (System.gc()) 770M->770M(5939M) 1832.241ms
[104.963s][info][gc,metaspace] GC(51) Metaspace: 22032K(22400K)->22032K(22400K) NonClass: 18217K(18432K)->18217K(18432K) Class: 3814K(3968K)->3814K(3968K)
[104.963s][info][gc          ] GC(51) Pause Full (System.gc()) 770M->770M(5939M) 1877.149ms
[106.846s][info][gc,metaspace] GC(52) Metaspace: 22032K(22400K)->22032K(22400K) NonClass: 18217K(18432K)->18217K(18432K) Class: 3814K(3968K)->3814K(3968K)
[106.846s][info][gc          ] GC(52) Pause Full (System.gc()) 770M->770M(5939M) 1878.477ms
[108.730s][info][gc,metaspace] GC(53) Metaspace: 22032K(22400K)->22032K(22400K) NonClass: 18217K(18432K)->18217K(18432K) Class: 3814K(3968K)->3814K(3968K)
[108.730s][info][gc          ] GC(53) Pause Full (System.gc()) 770M->770M(5939M) 1883.909ms
[110.609s][info][gc,metaspace] GC(54) Metaspace: 22032K(22400K)->22032K(22400K) NonClass: 18217K(18432K)->18217K(18432K) Class: 3814K(3968K)->3814K(3968K)
[110.609s][info][gc          ] GC(54) Pause Full (System.gc()) 770M->770M(5939M) 1878.800ms
[112.493s][info][gc,metaspace] GC(55) Metaspace: 22032K(22400K)->22032K(22400K) NonClass: 18217K(18432K)->18217K(18432K) Class: 3814K(3968K)->3814K(3968K)
[112.493s][info][gc          ] GC(55) Pause Full (System.gc()) 770M->770M(5939M) 1883.522ms
[114.371s][info][gc,metaspace] GC(56) Metaspace: 22032K(22400K)->22032K(22400K) NonClass: 18217K(18432K)->18217K(18432K) Class: 3814K(3968K)->3814K(3968K)
[114.371s][info][gc          ] GC(56) Pause Full (System.gc()) 770M->770M(5939M) 1877.979ms
[116.252s][info][gc,metaspace] GC(57) Metaspace: 22032K(22400K)->22032K(22400K) NonClass: 18217K(18432K)->18217K(18432K) Class: 3814K(3968K)->3814K(3968K)
[116.252s][info][gc          ] GC(57) Pause Full (System.gc()) 770M->770M(5939M) 1881.440ms
[118.368s][info][gc,metaspace] GC(58) Metaspace: 22032K(22400K)->22032K(22400K) NonClass: 18217K(18432K)->18217K(18432K) Class: 3814K(3968K)->3814K(3968K)
[118.368s][info][gc          ] GC(58) Pause Full (System.gc()) 770M->770M(5939M) 2115.730ms
[120.247s][info][gc,metaspace] GC(59) Metaspace: 22032K(22400K)->22032K(22400K) NonClass: 18217K(18432K)->18217K(18432K) Class: 3814K(3968K)->3814K(3968K)
[120.247s][info][gc          ] GC(59) Pause Full (System.gc()) 770M->770M(5939M) 1878.765ms
[122.078s][info][gc,metaspace] GC(60) Metaspace: 22032K(22400K)->22032K(22400K) NonClass: 18217K(18432K)->18217K(18432K) Class: 3814K(3968K)->3814K(3968K)
[122.079s][info][gc          ] GC(60) Pause Full (System.gc()) 770M->770M(5939M) 1831.412ms
[123.956s][info][gc,metaspace] GC(61) Metaspace: 22032K(22400K)->22032K(22400K) NonClass: 18217K(18432K)->18217K(18432K) Class: 3814K(3968K)->3814K(3968K)
[123.956s][info][gc          ] GC(61) Pause Full (System.gc()) 770M->770M(5939M) 1877.275ms
[125.841s][info][gc,metaspace] GC(62) Metaspace: 22032K(22400K)->22032K(22400K) NonClass: 18217K(18432K)->18217K(18432K) Class: 3814K(3968K)->3814K(3968K)
[125.841s][info][gc          ] GC(62) Pause Full (System.gc()) 770M->770M(5939M) 1884.604ms
[127.721s][info][gc,metaspace] GC(63) Metaspace: 22032K(22400K)->22032K(22400K) NonClass: 18217K(18432K)->18217K(18432K) Class: 3814K(3968K)->3814K(3968K)
[127.721s][info][gc          ] GC(63) Pause Full (System.gc()) 770M->770M(5939M) 1879.856ms
[129.603s][info][gc,metaspace] GC(64) Metaspace: 22032K(22400K)->22032K(22400K) NonClass: 18217K(18432K)->18217K(18432K) Class: 3814K(3968K)->3814K(3968K)
[129.603s][info][gc          ] GC(64) Pause Full (System.gc()) 770M->770M(5939M) 1881.889ms
[131.482s][info][gc,metaspace] GC(65) Metaspace: 22032K(22400K)->22032K(22400K) NonClass: 18217K(18432K)->18217K(18432K) Class: 3814K(3968K)->3814K(3968K)
[131.482s][info][gc          ] GC(65) Pause Full (System.gc()) 787M->770M(5939M) 1879.053ms
[133.361s][info][gc,metaspace] GC(66) Metaspace: 22032K(22400K)->22032K(22400K) NonClass: 18217K(18432K)->18217K(18432K) Class: 3814K(3968K)->3814K(3968K)
[133.361s][info][gc          ] GC(66) Pause Full (System.gc()) 770M->770M(5939M) 1879.436ms
[135.243s][info][gc,metaspace] GC(67) Metaspace: 22032K(22400K)->22032K(22400K) NonClass: 18217K(18432K)->18217K(18432K) Class: 3814K(3968K)->3814K(3968K)
[135.243s][info][gc          ] GC(67) Pause Full (System.gc()) 770M->770M(5939M) 1881.963ms
[137.075s][info][gc,metaspace] GC(68) Metaspace: 22032K(22400K)->22032K(22400K) NonClass: 18217K(18432K)->18217K(18432K) Class: 3814K(3968K)->3814K(3968K)
[137.075s][info][gc          ] GC(68) Pause Full (System.gc()) 770M->770M(5939M) 1831.423ms
[138.955s][info][gc,metaspace] GC(69) Metaspace: 22032K(22400K)->22032K(22400K) NonClass: 18217K(18432K)->18217K(18432K) Class: 3814K(3968K)->3814K(3968K)
[138.955s][info][gc          ] GC(69) Pause Full (System.gc()) 770M->770M(5939M) 1880.069ms
[140.833s][info][gc,metaspace] GC(70) Metaspace: 22032K(22400K)->22032K(22400K) NonClass: 18217K(18432K)->18217K(18432K) Class: 3814K(3968K)->3814K(3968K)
[140.833s][info][gc          ] GC(70) Pause Full (System.gc()) 770M->770M(5939M) 1873.739ms
[142.713s][info][gc,metaspace] GC(71) Metaspace: 22032K(22400K)->22032K(22400K) NonClass: 18217K(18432K)->18217K(18432K) Class: 3814K(3968K)->3814K(3968K)
[142.713s][info][gc          ] GC(71) Pause Full (System.gc()) 770M->770M(5939M) 1879.630ms
[144.593s][info][gc,metaspace] GC(72) Metaspace: 22032K(22400K)->22032K(22400K) NonClass: 18217K(18432K)->18217K(18432K) Class: 3814K(3968K)->3814K(3968K)
[144.593s][info][gc          ] GC(72) Pause Full (System.gc()) 770M->770M(5939M) 1880.258ms
[146.472s][info][gc,metaspace] GC(73) Metaspace: 22032K(22400K)->22032K(22400K) NonClass: 18217K(18432K)->18217K(18432K) Class: 3814K(3968K)->3814K(3968K)
[146.472s][info][gc          ] GC(73) Pause Full (System.gc()) 770M->770M(5939M) 1878.471ms
[148.353s][info][gc,metaspace] GC(74) Metaspace: 22032K(22400K)->22032K(22400K) NonClass: 18217K(18432K)->18217K(18432K) Class: 3814K(3968K)->3814K(3968K)
[148.353s][info][gc          ] GC(74) Pause Full (System.gc()) 770M->770M(5939M) 1881.549ms
[150.232s][info][gc,metaspace] GC(75) Metaspace: 22032K(22400K)->22032K(22400K) NonClass: 18217K(18432K)->18217K(18432K) Class: 3814K(3968K)->3814K(3968K)
[150.232s][info][gc          ] GC(75) Pause Full (System.gc()) 770M->770M(5939M) 1878.856ms
[152.358s][info][gc,metaspace] GC(76) Metaspace: 22032K(22400K)->22032K(22400K) NonClass: 18217K(18432K)->18217K(18432K) Class: 3814K(3968K)->3814K(3968K)
[152.358s][info][gc          ] GC(76) Pause Full (System.gc()) 770M->770M(5939M) 2121.045ms
[154.235s][info][gc,metaspace] GC(77) Metaspace: 22032K(22400K)->22032K(22400K) NonClass: 18217K(18432K)->18217K(18432K) Class: 3814K(3968K)->3814K(3968K)
[154.235s][info][gc          ] GC(77) Pause Full (System.gc()) 770M->770M(5939M) 1877.284ms
[156.356s][info][gc,metaspace] GC(78) Metaspace: 22032K(22400K)->22032K(22400K) NonClass: 18217K(18432K)->18217K(18432K) Class: 3814K(3968K)->3814K(3968K)
[156.356s][info][gc          ] GC(78) Pause Full (System.gc()) 770M->770M(5939M) 2120.796ms
[158.239s][info][gc,metaspace] GC(79) Metaspace: 22032K(22400K)->22032K(22400K) NonClass: 18217K(18432K)->18217K(18432K) Class: 3814K(3968K)->3814K(3968K)
[158.239s][info][gc          ] GC(79) Pause Full (System.gc()) 770M->770M(5939M) 1878.770ms
[160.066s][info][gc,metaspace] GC(80) Metaspace: 22032K(22400K)->22032K(22400K) NonClass: 18217K(18432K)->18217K(18432K) Class: 3814K(3968K)->3814K(3968K)
[160.066s][info][gc          ] GC(80) Pause Full (System.gc()) 770M->770M(5939M) 1826.374ms
[161.949s][info][gc,metaspace] GC(81) Metaspace: 22032K(22400K)->22032K(22400K) NonClass: 18217K(18432K)->18217K(18432K) Class: 3814K(3968K)->3814K(3968K)
[161.949s][info][gc          ] GC(81) Pause Full (System.gc()) 770M->770M(5939M) 1883.356ms
[163.828s][info][gc,metaspace] GC(82) Metaspace: 22032K(22400K)->22032K(22400K) NonClass: 18217K(18432K)->18217K(18432K) Class: 3814K(3968K)->3814K(3968K)
[163.828s][info][gc          ] GC(82) Pause Full (System.gc()) 770M->770M(5939M) 1874.799ms
[165.709s][info][gc,metaspace] GC(83) Metaspace: 22032K(22400K)->22032K(22400K) NonClass: 18217K(18432K)->18217K(18432K) Class: 3814K(3968K)->3814K(3968K)
[165.709s][info][gc          ] GC(83) Pause Full (System.gc()) 770M->770M(5939M) 1881.062ms
[167.588s][info][gc,metaspace] GC(84) Metaspace: 22032K(22400K)->22032K(22400K) NonClass: 18217K(18432K)->18217K(18432K) Class: 3814K(3968K)->3814K(3968K)
[167.588s][info][gc          ] GC(84) Pause Full (System.gc()) 770M->770M(5939M) 1878.878ms
[169.468s][info][gc,metaspace] GC(85) Metaspace: 22032K(22400K)->22032K(22400K) NonClass: 18217K(18432K)->18217K(18432K) Class: 3814K(3968K)->3814K(3968K)
[169.468s][info][gc          ] GC(85) Pause Full (System.gc()) 770M->770M(5939M) 1879.126ms
[171.348s][info][gc,metaspace] GC(86) Metaspace: 22032K(22400K)->22032K(22400K) NonClass: 18217K(18432K)->18217K(18432K) Class: 3814K(3968K)->3814K(3968K)
[171.348s][info][gc          ] GC(86) Pause Full (System.gc()) 770M->770M(5939M) 1880.647ms
[173.228s][info][gc,metaspace] GC(87) Metaspace: 22032K(22400K)->22032K(22400K) NonClass: 18217K(18432K)->18217K(18432K) Class: 3814K(3968K)->3814K(3968K)
[173.228s][info][gc          ] GC(87) Pause Full (System.gc()) 770M->770M(5939M) 1879.139ms
[175.060s][info][gc,metaspace] GC(88) Metaspace: 22032K(22400K)->22032K(22400K) NonClass: 18217K(18432K)->18217K(18432K) Class: 3814K(3968K)->3814K(3968K)
[175.060s][info][gc          ] GC(88) Pause Full (System.gc()) 770M->770M(5939M) 1831.988ms
[176.939s][info][gc,metaspace] GC(89) Metaspace: 22032K(22400K)->22032K(22400K) NonClass: 18217K(18432K)->18217K(18432K) Class: 3814K(3968K)->3814K(3968K)
[176.939s][info][gc          ] GC(89) Pause Full (System.gc()) 770M->770M(5939M) 1879.231ms
[178.822s][info][gc,metaspace] GC(90) Metaspace: 22032K(22400K)->22032K(22400K) NonClass: 18217K(18432K)->18217K(18432K) Class: 3814K(3968K)->3814K(3968K)
[178.822s][info][gc          ] GC(90) Pause Full (System.gc()) 770M->770M(5939M) 1883.078ms
[180.702s][info][gc,metaspace] GC(91) Metaspace: 22032K(22400K)->22032K(22400K) NonClass: 18217K(18432K)->18217K(18432K) Class: 3814K(3968K)->3814K(3968K)
[180.702s][info][gc          ] GC(91) Pause Full (System.gc()) 770M->770M(5939M) 1875.130ms
[182.580s][info][gc,metaspace] GC(92) Metaspace: 22032K(22400K)->22032K(22400K) NonClass: 18217K(18432K)->18217K(18432K) Class: 3814K(3968K)->3814K(3968K)
[182.580s][info][gc          ] GC(92) Pause Full (System.gc()) 770M->770M(5939M) 1878.210ms
[184.464s][info][gc,metaspace] GC(93) Metaspace: 22032K(22400K)->22032K(22400K) NonClass: 18217K(18432K)->18217K(18432K) Class: 3814K(3968K)->3814K(3968K)
[184.464s][info][gc          ] GC(93) Pause Full (System.gc()) 770M->770M(5939M) 1883.491ms
[186.343s][info][gc,metaspace] GC(94) Metaspace: 22032K(22400K)->22032K(22400K) NonClass: 18217K(18432K)->18217K(18432K) Class: 3814K(3968K)->3814K(3968K)
[186.343s][info][gc          ] GC(94) Pause Full (System.gc()) 770M->770M(5939M) 1879.266ms
[188.224s][info][gc,metaspace] GC(95) Metaspace: 22032K(22400K)->22032K(22400K) NonClass: 18217K(18432K)->18217K(18432K) Class: 3814K(3968K)->3814K(3968K)
[188.224s][info][gc          ] GC(95) Pause Full (System.gc()) 770M->770M(5939M) 1881.281ms
[190.051s][info][gc,metaspace] GC(96) Metaspace: 22032K(22400K)->22032K(22400K) NonClass: 18217K(18432K)->18217K(18432K) Class: 3814K(3968K)->3814K(3968K)
[190.051s][info][gc          ] GC(96) Pause Full (System.gc()) 770M->770M(5939M) 1826.962ms
[191.933s][info][gc,metaspace] GC(97) Metaspace: 22032K(22400K)->22032K(22400K) NonClass: 18217K(18432K)->18217K(18432K) Class: 3814K(3968K)->3814K(3968K)
[191.934s][info][gc          ] GC(97) Pause Full (System.gc()) 770M->770M(5939M) 1882.071ms
[193.813s][info][gc,metaspace] GC(98) Metaspace: 22032K(22400K)->22032K(22400K) NonClass: 18217K(18432K)->18217K(18432K) Class: 3814K(3968K)->3814K(3968K)
[193.813s][info][gc          ] GC(98) Pause Full (System.gc()) 787M->770M(5939M) 1879.608ms
[195.696s][info][gc,metaspace] GC(99) Metaspace: 22032K(22400K)->22032K(22400K) NonClass: 18217K(18432K)->18217K(18432K) Class: 3814K(3968K)->3814K(3968K)
[195.696s][info][gc          ] GC(99) Pause Full (System.gc()) 770M->770M(5939M) 1882.601ms
[197.576s][info][gc,metaspace] GC(100) Metaspace: 22032K(22400K)->22032K(22400K) NonClass: 18217K(18432K)->18217K(18432K) Class: 3814K(3968K)->3814K(3968K)
[197.576s][info][gc          ] GC(100) Pause Full (System.gc()) 770M->770M(5939M) 1879.619ms
After GCs... 
