[0.001s][info][metaspace]  - commit_granule_bytes: 65536.
[0.001s][info][metaspace]  - commit_granule_words: 8192.
[0.001s][info][metaspace]  - virtual_space_node_default_size: 8388608.
[0.001s][info][metaspace]  - enlarge_chunks_in_place: 1.
[0.001s][info][metaspace]  - use_allocation_guard: 0.
[0.003s][info][gc       ] Using Serial
[1.225s][info][metaspace] Reserving compressed class space anywhere
[1.230s][info][gc,metaspace] CDS archive(s) not mapped
[1.230s][info][gc,metaspace] Compressed class space mapped at: 0x0000000029000000-0x00000000e9000000, reserved size: 3221225472
[1.230s][info][gc,metaspace] UseCompressedClassPointers 1, UseCompactObjectHeaders 1, narrow klass pointer bits 22, max shift 10
[1.230s][info][gc,metaspace] Narrow klass base: 0x0000000029000000, Narrow klass shift: 10, Narrow klass range: 0xc0000000
Num Classes: 64
Num Objects per Class: 1048576
Cycles: 100
Class association: random
Generate 64 classes...
Loading 64...[2.251s][info][gc,metaspace] GC(0) Metaspace: 21829K(22144K)->21829K(22144K) NonClass: 18047K(18240K)->18047K(18240K) Class: 3781K(3904K)->3781K(3904K)
[2.251s][info][gc          ] GC(0) Pause Full (System.gc()) 426M->2M(5939M) 57.491ms
Creating 1048576 objects per class...
Done; will start GCs... 
[8.032s][info][gc,metaspace] GC(1) Metaspace: 22040K(22400K)->22040K(22400K) NonClass: 18225K(18432K)->18225K(18432K) Class: 3814K(3968K)->3814K(3968K)
[8.032s][info][gc          ] GC(1) Pause Full (System.gc()) 881M->770M(5939M) 3231.149ms
[9.940s][info][gc,metaspace] GC(2) Metaspace: 22040K(22400K)->22040K(22400K) NonClass: 18225K(18432K)->18225K(18432K) Class: 3814K(3968K)->3814K(3968K)
[9.940s][info][gc          ] GC(2) Pause Full (System.gc()) 770M->770M(5939M) 1907.747ms
[13.092s][info][gc,metaspace] GC(3) Metaspace: 22040K(22400K)->22040K(22400K) NonClass: 18225K(18432K)->18225K(18432K) Class: 3814K(3968K)->3814K(3968K)
[13.092s][info][gc          ] GC(3) Pause Full (System.gc()) 770M->770M(5939M) 3151.754ms
[15.001s][info][gc,metaspace] GC(4) Metaspace: 22040K(22400K)->22040K(22400K) NonClass: 18225K(18432K)->18225K(18432K) Class: 3814K(3968K)->3814K(3968K)
[15.001s][info][gc          ] GC(4) Pause Full (System.gc()) 770M->770M(5939M) 1909.187ms
[16.908s][info][gc,metaspace] GC(5) Metaspace: 22040K(22400K)->22040K(22400K) NonClass: 18225K(18432K)->18225K(18432K) Class: 3814K(3968K)->3814K(3968K)
[16.909s][info][gc          ] GC(5) Pause Full (System.gc()) 770M->770M(5939M) 1907.307ms
[18.821s][info][gc,metaspace] GC(6) Metaspace: 22040K(22400K)->22040K(22400K) NonClass: 18225K(18432K)->18225K(18432K) Class: 3814K(3968K)->3814K(3968K)
[18.821s][info][gc          ] GC(6) Pause Full (System.gc()) 770M->770M(5939M) 1912.551ms
[20.729s][info][gc,metaspace] GC(7) Metaspace: 22040K(22400K)->22040K(22400K) NonClass: 18225K(18432K)->18225K(18432K) Class: 3814K(3968K)->3814K(3968K)
[20.729s][info][gc          ] GC(7) Pause Full (System.gc()) 770M->770M(5939M) 1907.481ms
[22.641s][info][gc,metaspace] GC(8) Metaspace: 22040K(22400K)->22040K(22400K) NonClass: 18225K(18432K)->18225K(18432K) Class: 3814K(3968K)->3814K(3968K)
[22.641s][info][gc          ] GC(8) Pause Full (System.gc()) 770M->770M(5939M) 1912.216ms
[24.549s][info][gc,metaspace] GC(9) Metaspace: 22040K(22400K)->22040K(22400K) NonClass: 18225K(18432K)->18225K(18432K) Class: 3814K(3968K)->3814K(3968K)
[24.549s][info][gc          ] GC(9) Pause Full (System.gc()) 770M->770M(5939M) 1907.650ms
[26.458s][info][gc,metaspace] GC(10) Metaspace: 22041K(22400K)->22041K(22400K) NonClass: 18226K(18432K)->18226K(18432K) Class: 3814K(3968K)->3814K(3968K)
[26.458s][info][gc          ] GC(10) Pause Full (System.gc()) 770M->770M(5939M) 1908.762ms
[28.369s][info][gc,metaspace] GC(11) Metaspace: 22041K(22400K)->22041K(22400K) NonClass: 18226K(18432K)->18226K(18432K) Class: 3814K(3968K)->3814K(3968K)
[28.370s][info][gc          ] GC(11) Pause Full (System.gc()) 770M->770M(5939M) 1911.607ms
[30.231s][info][gc,metaspace] GC(12) Metaspace: 22041K(22400K)->22041K(22400K) NonClass: 18226K(18432K)->18226K(18432K) Class: 3814K(3968K)->3814K(3968K)
[30.231s][info][gc          ] GC(12) Pause Full (System.gc()) 770M->770M(5939M) 1861.311ms
[32.140s][info][gc,metaspace] GC(13) Metaspace: 22041K(22400K)->22041K(22400K) NonClass: 18226K(18432K)->18226K(18432K) Class: 3814K(3968K)->3814K(3968K)
[32.140s][info][gc          ] GC(13) Pause Full (System.gc()) 770M->770M(5939M) 1908.721ms
[34.047s][info][gc,metaspace] GC(14) Metaspace: 22041K(22400K)->22041K(22400K) NonClass: 18226K(18432K)->18226K(18432K) Class: 3814K(3968K)->3814K(3968K)
[34.047s][info][gc          ] GC(14) Pause Full (System.gc()) 770M->770M(5939M) 1906.688ms
[35.957s][info][gc,metaspace] GC(15) Metaspace: 22041K(22400K)->22041K(22400K) NonClass: 18226K(18432K)->18226K(18432K) Class: 3814K(3968K)->3814K(3968K)
[35.957s][info][gc          ] GC(15) Pause Full (System.gc()) 770M->770M(5939M) 1910.633ms
[37.866s][info][gc,metaspace] GC(16) Metaspace: 22041K(22400K)->22041K(22400K) NonClass: 18226K(18432K)->18226K(18432K) Class: 3814K(3968K)->3814K(3968K)
[37.866s][info][gc          ] GC(16) Pause Full (System.gc()) 770M->770M(5939M) 1908.449ms
[39.779s][info][gc,metaspace] GC(17) Metaspace: 22041K(22400K)->22041K(22400K) NonClass: 18226K(18432K)->18226K(18432K) Class: 3814K(3968K)->3814K(3968K)
[39.779s][info][gc          ] GC(17) Pause Full (System.gc()) 770M->770M(5939M) 1912.860ms
[41.687s][info][gc,metaspace] GC(18) Metaspace: 22041K(22400K)->22041K(22400K) NonClass: 18226K(18432K)->18226K(18432K) Class: 3814K(3968K)->3814K(3968K)
[41.687s][info][gc          ] GC(18) Pause Full (System.gc()) 770M->770M(5939M) 1908.233ms
[43.596s][info][gc,metaspace] GC(19) Metaspace: 22041K(22400K)->22041K(22400K) NonClass: 18226K(18432K)->18226K(18432K) Class: 3814K(3968K)->3814K(3968K)
[43.596s][info][gc          ] GC(19) Pause Full (System.gc()) 770M->770M(5939M) 1908.387ms
[45.506s][info][gc,metaspace] GC(20) Metaspace: 22041K(22400K)->22041K(22400K) NonClass: 18226K(18432K)->18226K(18432K) Class: 3814K(3968K)->3814K(3968K)
[45.507s][info][gc          ] GC(20) Pause Full (System.gc()) 770M->770M(5939M) 1910.693ms
[47.414s][info][gc,metaspace] GC(21) Metaspace: 22041K(22400K)->22041K(22400K) NonClass: 18226K(18432K)->18226K(18432K) Class: 3814K(3968K)->3814K(3968K)
[47.414s][info][gc          ] GC(21) Pause Full (System.gc()) 770M->770M(5939M) 1907.179ms
[49.327s][info][gc,metaspace] GC(22) Metaspace: 22041K(22400K)->22041K(22400K) NonClass: 18226K(18432K)->18226K(18432K) Class: 3814K(3968K)->3814K(3968K)
[49.327s][info][gc          ] GC(22) Pause Full (System.gc()) 770M->770M(5939M) 1912.704ms
[51.475s][info][gc,metaspace] GC(23) Metaspace: 22041K(22400K)->22041K(22400K) NonClass: 18226K(18432K)->18226K(18432K) Class: 3814K(3968K)->3814K(3968K)
[51.475s][info][gc          ] GC(23) Pause Full (System.gc()) 770M->770M(5939M) 2148.511ms
[53.384s][info][gc,metaspace] GC(24) Metaspace: 22041K(22400K)->22041K(22400K) NonClass: 18226K(18432K)->18226K(18432K) Class: 3814K(3968K)->3814K(3968K)
[53.384s][info][gc          ] GC(24) Pause Full (System.gc()) 770M->770M(5939M) 1908.716ms
[55.296s][info][gc,metaspace] GC(25) Metaspace: 22041K(22400K)->22041K(22400K) NonClass: 18226K(18432K)->18226K(18432K) Class: 3814K(3968K)->3814K(3968K)
[55.297s][info][gc          ] GC(25) Pause Full (System.gc()) 770M->770M(5939M) 1908.139ms
[57.602s][info][gc,metaspace] GC(26) Metaspace: 22041K(22400K)->22041K(22400K) NonClass: 18226K(18432K)->18226K(18432K) Class: 3814K(3968K)->3814K(3968K)
[57.602s][info][gc          ] GC(26) Pause Full (System.gc()) 770M->770M(5939M) 2305.362ms
[59.510s][info][gc,metaspace] GC(27) Metaspace: 22041K(22400K)->22041K(22400K) NonClass: 18226K(18432K)->18226K(18432K) Class: 3814K(3968K)->3814K(3968K)
[59.510s][info][gc          ] GC(27) Pause Full (System.gc()) 770M->770M(5939M) 1908.376ms
[61.423s][info][gc,metaspace] GC(28) Metaspace: 22041K(22400K)->22041K(22400K) NonClass: 18226K(18432K)->18226K(18432K) Class: 3814K(3968K)->3814K(3968K)
[61.423s][info][gc          ] GC(28) Pause Full (System.gc()) 770M->770M(5939M) 1912.787ms
[63.330s][info][gc,metaspace] GC(29) Metaspace: 22041K(22400K)->22041K(22400K) NonClass: 18226K(18432K)->18226K(18432K) Class: 3814K(3968K)->3814K(3968K)
[63.331s][info][gc          ] GC(29) Pause Full (System.gc()) 770M->770M(5939M) 1907.103ms
[65.482s][info][gc,metaspace] GC(30) Metaspace: 22041K(22400K)->22041K(22400K) NonClass: 18226K(18432K)->18226K(18432K) Class: 3814K(3968K)->3814K(3968K)
[65.482s][info][gc          ] GC(30) Pause Full (System.gc()) 787M->770M(5939M) 2151.147ms
[68.006s][info][gc,metaspace] GC(31) Metaspace: 22041K(22400K)->22041K(22400K) NonClass: 18226K(18432K)->18226K(18432K) Class: 3814K(3968K)->3814K(3968K)
[68.006s][info][gc          ] GC(31) Pause Full (System.gc()) 770M->770M(5939M) 2523.987ms
[69.916s][info][gc,metaspace] GC(32) Metaspace: 22041K(22400K)->22041K(22400K) NonClass: 18226K(18432K)->18226K(18432K) Class: 3814K(3968K)->3814K(3968K)
[69.916s][info][gc          ] GC(32) Pause Full (System.gc()) 770M->770M(5939M) 1909.540ms
[71.830s][info][gc,metaspace] GC(33) Metaspace: 22041K(22400K)->22041K(22400K) NonClass: 18226K(18432K)->18226K(18432K) Class: 3814K(3968K)->3814K(3968K)
[71.830s][info][gc          ] GC(33) Pause Full (System.gc()) 770M->770M(5939M) 1914.179ms
[73.740s][info][gc,metaspace] GC(34) Metaspace: 22041K(22400K)->22041K(22400K) NonClass: 18226K(18432K)->18226K(18432K) Class: 3814K(3968K)->3814K(3968K)
[73.740s][info][gc          ] GC(34) Pause Full (System.gc()) 770M->770M(5939M) 1909.636ms
[75.652s][info][gc,metaspace] GC(35) Metaspace: 22041K(22400K)->22041K(22400K) NonClass: 18226K(18432K)->18226K(18432K) Class: 3814K(3968K)->3814K(3968K)
[75.652s][info][gc          ] GC(35) Pause Full (System.gc()) 770M->770M(5939M) 1912.577ms
[77.564s][info][gc,metaspace] GC(36) Metaspace: 22041K(22400K)->22041K(22400K) NonClass: 18226K(18432K)->18226K(18432K) Class: 3814K(3968K)->3814K(3968K)
[77.564s][info][gc          ] GC(36) Pause Full (System.gc()) 770M->770M(5939M) 1911.623ms
[79.476s][info][gc,metaspace] GC(37) Metaspace: 22041K(22400K)->22041K(22400K) NonClass: 18226K(18432K)->18226K(18432K) Class: 3814K(3968K)->3814K(3968K)
[79.476s][info][gc          ] GC(37) Pause Full (System.gc()) 770M->770M(5939M) 1911.335ms
[81.391s][info][gc,metaspace] GC(38) Metaspace: 22041K(22400K)->22041K(22400K) NonClass: 18226K(18432K)->18226K(18432K) Class: 3814K(3968K)->3814K(3968K)
[81.391s][info][gc          ] GC(38) Pause Full (System.gc()) 770M->770M(5939M) 1915.347ms
[83.302s][info][gc,metaspace] GC(39) Metaspace: 22041K(22400K)->22041K(22400K) NonClass: 18226K(18432K)->18226K(18432K) Class: 3814K(3968K)->3814K(3968K)
[83.302s][info][gc          ] GC(39) Pause Full (System.gc()) 770M->770M(5939M) 1911.117ms
[85.461s][info][gc,metaspace] GC(40) Metaspace: 22041K(22400K)->22041K(22400K) NonClass: 18226K(18432K)->18226K(18432K) Class: 3814K(3968K)->3814K(3968K)
[85.461s][info][gc          ] GC(40) Pause Full (System.gc()) 770M->770M(5939M) 2159.171ms
[87.372s][info][gc,metaspace] GC(41) Metaspace: 22041K(22400K)->22041K(22400K) NonClass: 18226K(18432K)->18226K(18432K) Class: 3814K(3968K)->3814K(3968K)
[87.372s][info][gc          ] GC(41) Pause Full (System.gc()) 770M->770M(5939M) 1910.887ms
[89.236s][info][gc,metaspace] GC(42) Metaspace: 22041K(22400K)->22041K(22400K) NonClass: 18226K(18432K)->18226K(18432K) Class: 3814K(3968K)->3814K(3968K)
[89.236s][info][gc          ] GC(42) Pause Full (System.gc()) 770M->770M(5939M) 1863.116ms
[91.147s][info][gc,metaspace] GC(43) Metaspace: 22041K(22400K)->22041K(22400K) NonClass: 18226K(18432K)->18226K(18432K) Class: 3814K(3968K)->3814K(3968K)
[91.147s][info][gc          ] GC(43) Pause Full (System.gc()) 770M->770M(5939M) 1906.766ms
[93.059s][info][gc,metaspace] GC(44) Metaspace: 22041K(22400K)->22041K(22400K) NonClass: 18226K(18432K)->18226K(18432K) Class: 3814K(3968K)->3814K(3968K)
[93.059s][info][gc          ] GC(44) Pause Full (System.gc()) 770M->770M(5939M) 1911.769ms
[94.971s][info][gc,metaspace] GC(45) Metaspace: 22041K(22400K)->22041K(22400K) NonClass: 18226K(18432K)->18226K(18432K) Class: 3814K(3968K)->3814K(3968K)
[94.972s][info][gc          ] GC(45) Pause Full (System.gc()) 770M->770M(5939M) 1912.799ms
[96.884s][info][gc,metaspace] GC(46) Metaspace: 22041K(22400K)->22041K(22400K) NonClass: 18226K(18432K)->18226K(18432K) Class: 3814K(3968K)->3814K(3968K)
[96.884s][info][gc          ] GC(46) Pause Full (System.gc()) 770M->770M(5939M) 1911.932ms
[98.798s][info][gc,metaspace] GC(47) Metaspace: 22041K(22400K)->22041K(22400K) NonClass: 18226K(18432K)->18226K(18432K) Class: 3814K(3968K)->3814K(3968K)
[98.798s][info][gc          ] GC(47) Pause Full (System.gc()) 770M->770M(5939M) 1914.224ms
[100.707s][info][gc,metaspace] GC(48) Metaspace: 22041K(22400K)->22041K(22400K) NonClass: 18226K(18432K)->18226K(18432K) Class: 3814K(3968K)->3814K(3968K)
[100.707s][info][gc          ] GC(48) Pause Full (System.gc()) 770M->770M(5939M) 1909.062ms
[102.624s][info][gc,metaspace] GC(49) Metaspace: 22041K(22400K)->22041K(22400K) NonClass: 18226K(18432K)->18226K(18432K) Class: 3814K(3968K)->3814K(3968K)
[102.624s][info][gc          ] GC(49) Pause Full (System.gc()) 770M->770M(5939M) 1917.078ms
[104.537s][info][gc,metaspace] GC(50) Metaspace: 22041K(22400K)->22041K(22400K) NonClass: 18226K(18432K)->18226K(18432K) Class: 3814K(3968K)->3814K(3968K)
[104.537s][info][gc          ] GC(50) Pause Full (System.gc()) 770M->770M(5939M) 1912.686ms
[106.447s][info][gc,metaspace] GC(51) Metaspace: 22041K(22400K)->22041K(22400K) NonClass: 18226K(18432K)->18226K(18432K) Class: 3814K(3968K)->3814K(3968K)
[106.447s][info][gc          ] GC(51) Pause Full (System.gc()) 770M->770M(5939M) 1909.994ms
[108.363s][info][gc,metaspace] GC(52) Metaspace: 22041K(22400K)->22041K(22400K) NonClass: 18226K(18432K)->18226K(18432K) Class: 3814K(3968K)->3814K(3968K)
[108.363s][info][gc          ] GC(52) Pause Full (System.gc()) 770M->770M(5939M) 1911.271ms
[110.221s][info][gc,metaspace] GC(53) Metaspace: 22041K(22400K)->22041K(22400K) NonClass: 18226K(18432K)->18226K(18432K) Class: 3814K(3968K)->3814K(3968K)
[110.221s][info][gc          ] GC(53) Pause Full (System.gc()) 770M->770M(5939M) 1857.850ms
[112.135s][info][gc,metaspace] GC(54) Metaspace: 22041K(22400K)->22041K(22400K) NonClass: 18226K(18432K)->18226K(18432K) Class: 3814K(3968K)->3814K(3968K)
[112.135s][info][gc          ] GC(54) Pause Full (System.gc()) 770M->770M(5939M) 1913.966ms
[114.045s][info][gc,metaspace] GC(55) Metaspace: 22041K(22400K)->22041K(22400K) NonClass: 18226K(18432K)->18226K(18432K) Class: 3814K(3968K)->3814K(3968K)
[114.045s][info][gc          ] GC(55) Pause Full (System.gc()) 770M->770M(5939M) 1905.400ms
[115.954s][info][gc,metaspace] GC(56) Metaspace: 22041K(22400K)->22041K(22400K) NonClass: 18226K(18432K)->18226K(18432K) Class: 3814K(3968K)->3814K(3968K)
[115.954s][info][gc          ] GC(56) Pause Full (System.gc()) 770M->770M(5939M) 1909.508ms
[117.870s][info][gc,metaspace] GC(57) Metaspace: 22041K(22400K)->22041K(22400K) NonClass: 18226K(18432K)->18226K(18432K) Class: 3814K(3968K)->3814K(3968K)
[117.870s][info][gc          ] GC(57) Pause Full (System.gc()) 770M->770M(5939M) 1915.624ms
[119.781s][info][gc,metaspace] GC(58) Metaspace: 22041K(22400K)->22041K(22400K) NonClass: 18226K(18432K)->18226K(18432K) Class: 3814K(3968K)->3814K(3968K)
[119.781s][info][gc          ] GC(58) Pause Full (System.gc()) 770M->770M(5939M) 1910.859ms
[121.693s][info][gc,metaspace] GC(59) Metaspace: 22041K(22400K)->22041K(22400K) NonClass: 18226K(18432K)->18226K(18432K) Class: 3814K(3968K)->3814K(3968K)
[121.693s][info][gc          ] GC(59) Pause Full (System.gc()) 770M->770M(5939M) 1912.138ms
[123.604s][info][gc,metaspace] GC(60) Metaspace: 22041K(22400K)->22041K(22400K) NonClass: 18226K(18432K)->18226K(18432K) Class: 3814K(3968K)->3814K(3968K)
[123.604s][info][gc          ] GC(60) Pause Full (System.gc()) 770M->770M(5939M) 1910.801ms
[125.515s][info][gc,metaspace] GC(61) Metaspace: 22041K(22400K)->22041K(22400K) NonClass: 18226K(18432K)->18226K(18432K) Class: 3814K(3968K)->3814K(3968K)
[125.515s][info][gc          ] GC(61) Pause Full (System.gc()) 770M->770M(5939M) 1910.564ms
[127.427s][info][gc,metaspace] GC(62) Metaspace: 22041K(22400K)->22041K(22400K) NonClass: 18226K(18432K)->18226K(18432K) Class: 3814K(3968K)->3814K(3968K)
[127.427s][info][gc          ] GC(62) Pause Full (System.gc()) 770M->770M(5939M) 1912.706ms
[129.338s][info][gc,metaspace] GC(63) Metaspace: 22041K(22400K)->22041K(22400K) NonClass: 18226K(18432K)->18226K(18432K) Class: 3814K(3968K)->3814K(3968K)
[129.338s][info][gc          ] GC(63) Pause Full (System.gc()) 787M->770M(5939M) 1910.033ms
[131.202s][info][gc,metaspace] GC(64) Metaspace: 22041K(22400K)->22041K(22400K) NonClass: 18226K(18432K)->18226K(18432K) Class: 3814K(3968K)->3814K(3968K)
[131.202s][info][gc          ] GC(64) Pause Full (System.gc()) 770M->770M(5939M) 1864.495ms
[133.113s][info][gc,metaspace] GC(65) Metaspace: 22041K(22400K)->22041K(22400K) NonClass: 18226K(18432K)->18226K(18432K) Class: 3814K(3968K)->3814K(3968K)
[133.113s][info][gc          ] GC(65) Pause Full (System.gc()) 770M->770M(5939M) 1910.301ms
[135.027s][info][gc,metaspace] GC(66) Metaspace: 22041K(22400K)->22041K(22400K) NonClass: 18226K(18432K)->18226K(18432K) Class: 3814K(3968K)->3814K(3968K)
[135.027s][info][gc          ] GC(66) Pause Full (System.gc()) 770M->770M(5939M) 1914.419ms
[136.938s][info][gc,metaspace] GC(67) Metaspace: 22041K(22400K)->22041K(22400K) NonClass: 18226K(18432K)->18226K(18432K) Class: 3814K(3968K)->3814K(3968K)
[136.938s][info][gc          ] GC(67) Pause Full (System.gc()) 770M->770M(5939M) 1906.416ms
[138.847s][info][gc,metaspace] GC(68) Metaspace: 22041K(22400K)->22041K(22400K) NonClass: 18226K(18432K)->18226K(18432K) Class: 3814K(3968K)->3814K(3968K)
[138.847s][info][gc          ] GC(68) Pause Full (System.gc()) 770M->770M(5939M) 1909.084ms
[141.130s][info][gc,metaspace] GC(69) Metaspace: 22041K(22400K)->22041K(22400K) NonClass: 18226K(18432K)->18226K(18432K) Class: 3814K(3968K)->3814K(3968K)
[141.130s][info][gc          ] GC(69) Pause Full (System.gc()) 770M->770M(5939M) 2282.557ms
[143.040s][info][gc,metaspace] GC(70) Metaspace: 22041K(22400K)->22041K(22400K) NonClass: 18226K(18432K)->18226K(18432K) Class: 3814K(3968K)->3814K(3968K)
[143.040s][info][gc          ] GC(70) Pause Full (System.gc()) 770M->770M(5939M) 1910.404ms
[144.954s][info][gc,metaspace] GC(71) Metaspace: 22041K(22400K)->22041K(22400K) NonClass: 18226K(18432K)->18226K(18432K) Class: 3814K(3968K)->3814K(3968K)
[144.954s][info][gc          ] GC(71) Pause Full (System.gc()) 770M->770M(5939M) 1913.850ms
[146.865s][info][gc,metaspace] GC(72) Metaspace: 22041K(22400K)->22041K(22400K) NonClass: 18226K(18432K)->18226K(18432K) Class: 3814K(3968K)->3814K(3968K)
[146.865s][info][gc          ] GC(72) Pause Full (System.gc()) 770M->770M(5939M) 1910.761ms
[148.774s][info][gc,metaspace] GC(73) Metaspace: 22041K(22400K)->22041K(22400K) NonClass: 18226K(18432K)->18226K(18432K) Class: 3814K(3968K)->3814K(3968K)
[148.774s][info][gc          ] GC(73) Pause Full (System.gc()) 770M->770M(5939M) 1909.242ms
[150.687s][info][gc,metaspace] GC(74) Metaspace: 22041K(22400K)->22041K(22400K) NonClass: 18226K(18432K)->18226K(18432K) Class: 3814K(3968K)->3814K(3968K)
[150.687s][info][gc          ] GC(74) Pause Full (System.gc()) 770M->770M(5939M) 1912.768ms
[152.597s][info][gc,metaspace] GC(75) Metaspace: 22041K(22400K)->22041K(22400K) NonClass: 18226K(18432K)->18226K(18432K) Class: 3814K(3968K)->3814K(3968K)
[152.597s][info][gc          ] GC(75) Pause Full (System.gc()) 770M->770M(5939M) 1909.752ms
[154.511s][info][gc,metaspace] GC(76) Metaspace: 22041K(22400K)->22041K(22400K) NonClass: 18226K(18432K)->18226K(18432K) Class: 3814K(3968K)->3814K(3968K)
[154.511s][info][gc          ] GC(76) Pause Full (System.gc()) 770M->770M(5939M) 1913.694ms
[156.419s][info][gc,metaspace] GC(77) Metaspace: 22041K(22400K)->22041K(22400K) NonClass: 18226K(18432K)->18226K(18432K) Class: 3814K(3968K)->3814K(3968K)
[156.419s][info][gc          ] GC(77) Pause Full (System.gc()) 770M->770M(5939M) 1907.742ms
[158.328s][info][gc,metaspace] GC(78) Metaspace: 22041K(22400K)->22041K(22400K) NonClass: 18226K(18432K)->18226K(18432K) Class: 3814K(3968K)->3814K(3968K)
[158.328s][info][gc          ] GC(78) Pause Full (System.gc()) 770M->770M(5939M) 1909.646ms
[160.191s][info][gc,metaspace] GC(79) Metaspace: 22041K(22400K)->22041K(22400K) NonClass: 18226K(18432K)->18226K(18432K) Class: 3814K(3968K)->3814K(3968K)
[160.191s][info][gc          ] GC(79) Pause Full (System.gc()) 770M->770M(5939M) 1862.159ms
[162.105s][info][gc,metaspace] GC(80) Metaspace: 22041K(22400K)->22041K(22400K) NonClass: 18226K(18432K)->18226K(18432K) Class: 3814K(3968K)->3814K(3968K)
[162.105s][info][gc          ] GC(80) Pause Full (System.gc()) 770M->770M(5939M) 1914.179ms
[164.015s][info][gc,metaspace] GC(81) Metaspace: 22041K(22400K)->22041K(22400K) NonClass: 18226K(18432K)->18226K(18432K) Class: 3814K(3968K)->3814K(3968K)
[164.015s][info][gc          ] GC(81) Pause Full (System.gc()) 770M->770M(5939M) 1909.742ms
[165.925s][info][gc,metaspace] GC(82) Metaspace: 22041K(22400K)->22041K(22400K) NonClass: 18226K(18432K)->18226K(18432K) Class: 3814K(3968K)->3814K(3968K)
[165.925s][info][gc          ] GC(82) Pause Full (System.gc()) 770M->770M(5939M) 1910.162ms
[167.839s][info][gc,metaspace] GC(83) Metaspace: 22041K(22400K)->22041K(22400K) NonClass: 18226K(18432K)->18226K(18432K) Class: 3814K(3968K)->3814K(3968K)
[167.839s][info][gc          ] GC(83) Pause Full (System.gc()) 770M->770M(5939M) 1913.724ms
[169.748s][info][gc,metaspace] GC(84) Metaspace: 22041K(22400K)->22041K(22400K) NonClass: 18226K(18432K)->18226K(18432K) Class: 3814K(3968K)->3814K(3968K)
[169.748s][info][gc          ] GC(84) Pause Full (System.gc()) 770M->770M(5939M) 1909.153ms
[171.662s][info][gc,metaspace] GC(85) Metaspace: 22041K(22400K)->22041K(22400K) NonClass: 18226K(18432K)->18226K(18432K) Class: 3814K(3968K)->3814K(3968K)
[171.662s][info][gc          ] GC(85) Pause Full (System.gc()) 770M->770M(5939M) 1913.640ms
[173.571s][info][gc,metaspace] GC(86) Metaspace: 22041K(22400K)->22041K(22400K) NonClass: 18226K(18432K)->18226K(18432K) Class: 3814K(3968K)->3814K(3968K)
[173.571s][info][gc          ] GC(86) Pause Full (System.gc()) 770M->770M(5939M) 1908.783ms
[175.480s][info][gc,metaspace] GC(87) Metaspace: 22041K(22400K)->22041K(22400K) NonClass: 18226K(18432K)->18226K(18432K) Class: 3814K(3968K)->3814K(3968K)
[175.480s][info][gc          ] GC(87) Pause Full (System.gc()) 770M->770M(5939M) 1909.360ms
[177.395s][info][gc,metaspace] GC(88) Metaspace: 22041K(22400K)->22041K(22400K) NonClass: 18226K(18432K)->18226K(18432K) Class: 3814K(3968K)->3814K(3968K)
[177.395s][info][gc          ] GC(88) Pause Full (System.gc()) 770M->770M(5939M) 1914.474ms
[179.304s][info][gc,metaspace] GC(89) Metaspace: 22041K(22400K)->22041K(22400K) NonClass: 18226K(18432K)->18226K(18432K) Class: 3814K(3968K)->3814K(3968K)
[179.304s][info][gc          ] GC(89) Pause Full (System.gc()) 770M->770M(5939M) 1909.161ms
[181.464s][info][gc,metaspace] GC(90) Metaspace: 22041K(22400K)->22041K(22400K) NonClass: 18226K(18432K)->18226K(18432K) Class: 3814K(3968K)->3814K(3968K)
[181.464s][info][gc          ] GC(90) Pause Full (System.gc()) 770M->770M(5939M) 2159.890ms
[183.375s][info][gc,metaspace] GC(91) Metaspace: 22041K(22400K)->22041K(22400K) NonClass: 18226K(18432K)->18226K(18432K) Class: 3814K(3968K)->3814K(3968K)
[183.375s][info][gc          ] GC(91) Pause Full (System.gc()) 770M->770M(5939M) 1911.183ms
[185.237s][info][gc,metaspace] GC(92) Metaspace: 22041K(22400K)->22041K(22400K) NonClass: 18226K(18432K)->18226K(18432K) Class: 3814K(3968K)->3814K(3968K)
[185.237s][info][gc          ] GC(92) Pause Full (System.gc()) 770M->770M(5939M) 1861.692ms
[187.148s][info][gc,metaspace] GC(93) Metaspace: 22041K(22400K)->22041K(22400K) NonClass: 18226K(18432K)->18226K(18432K) Class: 3814K(3968K)->3814K(3968K)
[187.148s][info][gc          ] GC(93) Pause Full (System.gc()) 770M->770M(5939M) 1910.572ms
[189.059s][info][gc,metaspace] GC(94) Metaspace: 22041K(22400K)->22041K(22400K) NonClass: 18226K(18432K)->18226K(18432K) Class: 3814K(3968K)->3814K(3968K)
[189.059s][info][gc          ] GC(94) Pause Full (System.gc()) 770M->770M(5939M) 1907.001ms
[190.971s][info][gc,metaspace] GC(95) Metaspace: 22041K(22400K)->22041K(22400K) NonClass: 18226K(18432K)->18226K(18432K) Class: 3814K(3968K)->3814K(3968K)
[190.971s][info][gc          ] GC(95) Pause Full (System.gc()) 770M->770M(5939M) 1911.542ms
[192.881s][info][gc,metaspace] GC(96) Metaspace: 22041K(22400K)->22041K(22400K) NonClass: 18226K(18432K)->18226K(18432K) Class: 3814K(3968K)->3814K(3968K)
[192.881s][info][gc          ] GC(96) Pause Full (System.gc()) 770M->770M(5939M) 1910.358ms
[194.796s][info][gc,metaspace] GC(97) Metaspace: 22041K(22400K)->22041K(22400K) NonClass: 18226K(18432K)->18226K(18432K) Class: 3814K(3968K)->3814K(3968K)
[194.796s][info][gc          ] GC(97) Pause Full (System.gc()) 787M->770M(5939M) 1914.339ms
[196.704s][info][gc,metaspace] GC(98) Metaspace: 22041K(22400K)->22041K(22400K) NonClass: 18226K(18432K)->18226K(18432K) Class: 3814K(3968K)->3814K(3968K)
[196.704s][info][gc          ] GC(98) Pause Full (System.gc()) 770M->770M(5939M) 1907.805ms
[198.614s][info][gc,metaspace] GC(99) Metaspace: 22041K(22400K)->22041K(22400K) NonClass: 18226K(18432K)->18226K(18432K) Class: 3814K(3968K)->3814K(3968K)
[198.614s][info][gc          ] GC(99) Pause Full (System.gc()) 770M->770M(5939M) 1909.987ms
[200.528s][info][gc,metaspace] GC(100) Metaspace: 22041K(22400K)->22041K(22400K) NonClass: 18226K(18432K)->18226K(18432K) Class: 3814K(3968K)->3814K(3968K)
[200.528s][info][gc          ] GC(100) Pause Full (System.gc()) 770M->770M(5939M) 1914.079ms
After GCs... 
