Done; will start GCs... 
[11.314s][info   ][gc,metaspace] GC(13) Metaspace: 11233K(11584K)->11233K(11584K) NonClass: 9432K(9600K)->9432K(9600K) Class: 1801K(1984K)->1801K(1984K)
[11.314s][info   ][gc          ] GC(13) Pause Full (System.gc()) 1465M->1445M(5616M) 511.420ms
[11.861s][info   ][gc,metaspace] GC(14) Metaspace: 11233K(11584K)->11233K(11584K) NonClass: 9432K(9600K)->9432K(9600K) Class: 1801K(1984K)->1801K(1984K)
[11.861s][info   ][gc          ] GC(14) Pause Full (System.gc()) 1445M->1445M(5616M) 546.590ms
[12.378s][info   ][gc,metaspace] GC(15) Metaspace: 11233K(11584K)->11233K(11584K) NonClass: 9432K(9600K)->9432K(9600K) Class: 1801K(1984K)->1801K(1984K)
[12.378s][info   ][gc          ] GC(15) Pause Full (System.gc()) 1445M->1445M(5616M) 517.188ms
[12.934s][info   ][gc,metaspace] GC(16) Metaspace: 11233K(11584K)->11233K(11584K) NonClass: 9432K(9600K)->9432K(9600K) Class: 1801K(1984K)->1801K(1984K)
[12.934s][info   ][gc          ] GC(16) Pause Full (System.gc()) 1445M->1445M(5616M) 556.340ms
[13.456s][info   ][gc,metaspace] GC(17) Metaspace: 11233K(11584K)->11233K(11584K) NonClass: 9432K(9600K)->9432K(9600K) Class: 1801K(1984K)->1801K(1984K)
[13.456s][info   ][gc          ] GC(17) Pause Full (System.gc()) 1445M->1445M(5616M) 521.398ms
[13.999s][info   ][gc,metaspace] GC(18) Metaspace: 11233K(11584K)->11233K(11584K) NonClass: 9432K(9600K)->9432K(9600K) Class: 1801K(1984K)->1801K(1984K)
[13.999s][info   ][gc          ] GC(18) Pause Full (System.gc()) 1445M->1445M(5616M) 542.719ms
[14.509s][info   ][gc,metaspace] GC(19) Metaspace: 11233K(11584K)->11233K(11584K) NonClass: 9432K(9600K)->9432K(9600K) Class: 1801K(1984K)->1801K(1984K)
[14.509s][info   ][gc          ] GC(19) Pause Full (System.gc()) 1445M->1445M(5616M) 510.055ms
[15.062s][info   ][gc,metaspace] GC(20) Metaspace: 11233K(11584K)->11233K(11584K) NonClass: 9432K(9600K)->9432K(9600K) Class: 1801K(1984K)->1801K(1984K)
[15.062s][info   ][gc          ] GC(20) Pause Full (System.gc()) 1445M->1445M(5616M) 549.262ms
[15.623s][info   ][gc,metaspace] GC(21) Metaspace: 11233K(11584K)->11233K(11584K) NonClass: 9432K(9600K)->9432K(9600K) Class: 1801K(1984K)->1801K(1984K)
[15.623s][info   ][gc          ] GC(21) Pause Full (System.gc()) 1445M->1445M(5616M) 560.468ms
[16.135s][info   ][gc,metaspace] GC(22) Metaspace: 11233K(11584K)->11233K(11584K) NonClass: 9432K(9600K)->9432K(9600K) Class: 1801K(1984K)->1801K(1984K)
[16.135s][info   ][gc          ] GC(22) Pause Full (System.gc()) 1445M->1445M(5616M) 511.992ms
[16.710s][info   ][gc,metaspace] GC(23) Metaspace: 11233K(11584K)->11233K(11584K) NonClass: 9432K(9600K)->9432K(9600K) Class: 1801K(1984K)->1801K(1984K)
[16.710s][info   ][gc          ] GC(23) Pause Full (System.gc()) 1445M->1445M(5616M) 575.107ms
[17.228s][info   ][gc,metaspace] GC(24) Metaspace: 11233K(11584K)->11233K(11584K) NonClass: 9432K(9600K)->9432K(9600K) Class: 1801K(1984K)->1801K(1984K)
[17.228s][info   ][gc          ] GC(24) Pause Full (System.gc()) 1445M->1445M(5616M) 517.749ms
[17.758s][info   ][gc,metaspace] GC(25) Metaspace: 11233K(11584K)->11233K(11584K) NonClass: 9432K(9600K)->9432K(9600K) Class: 1801K(1984K)->1801K(1984K)
[17.758s][info   ][gc          ] GC(25) Pause Full (System.gc()) 1445M->1445M(5616M) 530.289ms
[18.268s][info   ][gc,metaspace] GC(26) Metaspace: 11233K(11584K)->11233K(11584K) NonClass: 9432K(9600K)->9432K(9600K) Class: 1801K(1984K)->1801K(1984K)
[18.268s][info   ][gc          ] GC(26) Pause Full (System.gc()) 1445M->1445M(5616M) 509.169ms
[18.809s][info   ][gc,metaspace] GC(27) Metaspace: 11233K(11584K)->11233K(11584K) NonClass: 9432K(9600K)->9432K(9600K) Class: 1801K(1984K)->1801K(1984K)
[18.810s][info   ][gc          ] GC(27) Pause Full (System.gc()) 1445M->1445M(5616M) 541.761ms
[19.318s][info   ][gc,metaspace] GC(28) Metaspace: 11233K(11584K)->11233K(11584K) NonClass: 9432K(9600K)->9432K(9600K) Class: 1801K(1984K)->1801K(1984K)
[19.319s][info   ][gc          ] GC(28) Pause Full (System.gc()) 1445M->1445M(5616M) 508.904ms
[19.883s][info   ][gc,metaspace] GC(29) Metaspace: 11233K(11584K)->11233K(11584K) NonClass: 9432K(9600K)->9432K(9600K) Class: 1801K(1984K)->1801K(1984K)
[19.883s][info   ][gc          ] GC(29) Pause Full (System.gc()) 1445M->1445M(5616M) 564.209ms
[20.399s][info   ][gc,metaspace] GC(30) Metaspace: 11233K(11584K)->11233K(11584K) NonClass: 9432K(9600K)->9432K(9600K) Class: 1801K(1984K)->1801K(1984K)
[20.399s][info   ][gc          ] GC(30) Pause Full (System.gc()) 1445M->1445M(5616M) 516.492ms
[20.948s][info   ][gc,metaspace] GC(31) Metaspace: 11233K(11584K)->11233K(11584K) NonClass: 9432K(9600K)->9432K(9600K) Class: 1801K(1984K)->1801K(1984K)
[20.948s][info   ][gc          ] GC(31) Pause Full (System.gc()) 1445M->1445M(5616M) 548.408ms
[21.461s][info   ][gc,metaspace] GC(32) Metaspace: 11233K(11584K)->11233K(11584K) NonClass: 9432K(9600K)->9432K(9600K) Class: 1801K(1984K)->1801K(1984K)
[21.461s][info   ][gc          ] GC(32) Pause Full (System.gc()) 1445M->1445M(5616M) 513.483ms
[22.010s][info   ][gc,metaspace] GC(33) Metaspace: 11233K(11584K)->11233K(11584K) NonClass: 9432K(9600K)->9432K(9600K) Class: 1801K(1984K)->1801K(1984K)
[22.010s][info   ][gc          ] GC(33) Pause Full (System.gc()) 1445M->1445M(5616M) 548.650ms
[22.522s][info   ][gc,metaspace] GC(34) Metaspace: 11233K(11584K)->11233K(11584K) NonClass: 9432K(9600K)->9432K(9600K) Class: 1801K(1984K)->1801K(1984K)
[22.522s][info   ][gc          ] GC(34) Pause Full (System.gc()) 1445M->1445M(5616M) 512.209ms
[23.071s][info   ][gc,metaspace] GC(35) Metaspace: 11233K(11584K)->11233K(11584K) NonClass: 9432K(9600K)->9432K(9600K) Class: 1801K(1984K)->1801K(1984K)
[23.071s][info   ][gc          ] GC(35) Pause Full (System.gc()) 1445M->1445M(5616M) 548.252ms
[23.628s][info   ][gc,metaspace] GC(36) Metaspace: 11233K(11584K)->11233K(11584K) NonClass: 9432K(9600K)->9432K(9600K) Class: 1801K(1984K)->1801K(1984K)
[23.628s][info   ][gc          ] GC(36) Pause Full (System.gc()) 1445M->1445M(5616M) 557.337ms
[24.140s][info   ][gc,metaspace] GC(37) Metaspace: 11233K(11584K)->11233K(11584K) NonClass: 9432K(9600K)->9432K(9600K) Class: 1801K(1984K)->1801K(1984K)
[24.140s][info   ][gc          ] GC(37) Pause Full (System.gc()) 1445M->1445M(5616M) 512.151ms
[24.741s][info   ][gc,metaspace] GC(38) Metaspace: 11233K(11584K)->11233K(11584K) NonClass: 9432K(9600K)->9432K(9600K) Class: 1801K(1984K)->1801K(1984K)
[24.741s][info   ][gc          ] GC(38) Pause Full (System.gc()) 1445M->1445M(5616M) 600.770ms
[25.259s][info   ][gc,metaspace] GC(39) Metaspace: 11233K(11584K)->11233K(11584K) NonClass: 9432K(9600K)->9432K(9600K) Class: 1801K(1984K)->1801K(1984K)
[25.259s][info   ][gc          ] GC(39) Pause Full (System.gc()) 1445M->1445M(5616M) 517.871ms
[25.787s][info   ][gc,metaspace] GC(40) Metaspace: 11233K(11584K)->11233K(11584K) NonClass: 9432K(9600K)->9432K(9600K) Class: 1801K(1984K)->1801K(1984K)
[25.787s][info   ][gc          ] GC(40) Pause Full (System.gc()) 1445M->1445M(5616M) 527.473ms
[26.300s][info   ][gc,metaspace] GC(41) Metaspace: 11233K(11584K)->11233K(11584K) NonClass: 9432K(9600K)->9432K(9600K) Class: 1801K(1984K)->1801K(1984K)
[26.300s][info   ][gc          ] GC(41) Pause Full (System.gc()) 1445M->1445M(5616M) 512.698ms
[26.868s][info   ][gc,metaspace] GC(42) Metaspace: 11233K(11584K)->11233K(11584K) NonClass: 9432K(9600K)->9432K(9600K) Class: 1801K(1984K)->1801K(1984K)
[26.868s][info   ][gc          ] GC(42) Pause Full (System.gc()) 1445M->1445M(5616M) 568.176ms
[27.380s][info   ][gc,metaspace] GC(43) Metaspace: 11233K(11584K)->11233K(11584K) NonClass: 9432K(9600K)->9432K(9600K) Class: 1801K(1984K)->1801K(1984K)
[27.380s][info   ][gc          ] GC(43) Pause Full (System.gc()) 1445M->1445M(5616M) 511.837ms
[27.924s][info   ][gc,metaspace] GC(44) Metaspace: 11233K(11584K)->11233K(11584K) NonClass: 9432K(9600K)->9432K(9600K) Class: 1801K(1984K)->1801K(1984K)
[27.924s][info   ][gc          ] GC(44) Pause Full (System.gc()) 1445M->1445M(5616M) 544.306ms
[28.442s][info   ][gc,metaspace] GC(45) Metaspace: 11233K(11584K)->11233K(11584K) NonClass: 9432K(9600K)->9432K(9600K) Class: 1801K(1984K)->1801K(1984K)
[28.442s][info   ][gc          ] GC(45) Pause Full (System.gc()) 1445M->1445M(5616M) 517.625ms
[28.990s][info   ][gc,metaspace] GC(46) Metaspace: 11233K(11584K)->11233K(11584K) NonClass: 9432K(9600K)->9432K(9600K) Class: 1801K(1984K)->1801K(1984K)
[28.990s][info   ][gc          ] GC(46) Pause Full (System.gc()) 1445M->1445M(5616M) 548.174ms
[29.506s][info   ][gc,metaspace] GC(47) Metaspace: 11233K(11584K)->11233K(11584K) NonClass: 9432K(9600K)->9432K(9600K) Class: 1801K(1984K)->1801K(1984K)
[29.506s][info   ][gc          ] GC(47) Pause Full (System.gc()) 1445M->1445M(5616M) 515.857ms
[30.058s][info   ][gc,metaspace] GC(48) Metaspace: 11233K(11584K)->11233K(11584K) NonClass: 9432K(9600K)->9432K(9600K) Class: 1801K(1984K)->1801K(1984K)
[30.058s][info   ][gc          ] GC(48) Pause Full (System.gc()) 1445M->1445M(5616M) 551.823ms
[30.628s][info   ][gc,metaspace] GC(49) Metaspace: 11233K(11584K)->11233K(11584K) NonClass: 9432K(9600K)->9432K(9600K) Class: 1801K(1984K)->1801K(1984K)
[30.628s][info   ][gc          ] GC(49) Pause Full (System.gc()) 1445M->1445M(5616M) 569.888ms
[31.149s][info   ][gc,metaspace] GC(50) Metaspace: 11233K(11584K)->11233K(11584K) NonClass: 9432K(9600K)->9432K(9600K) Class: 1801K(1984K)->1801K(1984K)
[31.149s][info   ][gc          ] GC(50) Pause Full (System.gc()) 1445M->1445M(5616M) 516.415ms
[31.688s][info   ][gc,metaspace] GC(51) Metaspace: 11233K(11584K)->11233K(11584K) NonClass: 9432K(9600K)->9432K(9600K) Class: 1801K(1984K)->1801K(1984K)
[31.689s][info   ][gc          ] GC(51) Pause Full (System.gc()) 1445M->1445M(5616M) 539.671ms
[32.199s][info   ][gc,metaspace] GC(52) Metaspace: 11233K(11584K)->11233K(11584K) NonClass: 9432K(9600K)->9432K(9600K) Class: 1801K(1984K)->1801K(1984K)
[32.199s][info   ][gc          ] GC(52) Pause Full (System.gc()) 1445M->1445M(5616M) 510.642ms
[32.749s][info   ][gc,metaspace] GC(53) Metaspace: 11233K(11584K)->11233K(11584K) NonClass: 9432K(9600K)->9432K(9600K) Class: 1801K(1984K)->1801K(1984K)
[32.749s][info   ][gc          ] GC(53) Pause Full (System.gc()) 1445M->1445M(5616M) 550.005ms
[33.257s][info   ][gc,metaspace] GC(54) Metaspace: 11233K(11584K)->11233K(11584K) NonClass: 9432K(9600K)->9432K(9600K) Class: 1801K(1984K)->1801K(1984K)
[33.257s][info   ][gc          ] GC(54) Pause Full (System.gc()) 1445M->1445M(5616M) 507.955ms
[33.802s][info   ][gc,metaspace] GC(55) Metaspace: 11233K(11584K)->11233K(11584K) NonClass: 9432K(9600K)->9432K(9600K) Class: 1801K(1984K)->1801K(1984K)
[33.802s][info   ][gc          ] GC(55) Pause Full (System.gc()) 1445M->1445M(5616M) 545.023ms
[34.312s][info   ][gc,metaspace] GC(56) Metaspace: 11233K(11584K)->11233K(11584K) NonClass: 9432K(9600K)->9432K(9600K) Class: 1801K(1984K)->1801K(1984K)
[34.312s][info   ][gc          ] GC(56) Pause Full (System.gc()) 1445M->1445M(5616M) 509.246ms
[34.865s][info   ][gc,metaspace] GC(57) Metaspace: 11233K(11584K)->11233K(11584K) NonClass: 9432K(9600K)->9432K(9600K) Class: 1801K(1984K)->1801K(1984K)
[34.866s][info   ][gc          ] GC(57) Pause Full (System.gc()) 1445M->1445M(5616M) 553.638ms
[35.381s][info   ][gc,metaspace] GC(58) Metaspace: 11233K(11584K)->11233K(11584K) NonClass: 9432K(9600K)->9432K(9600K) Class: 1801K(1984K)->1801K(1984K)
[35.381s][info   ][gc          ] GC(58) Pause Full (System.gc()) 1445M->1445M(5616M) 515.751ms
[35.928s][info   ][gc,metaspace] GC(59) Metaspace: 11233K(11584K)->11233K(11584K) NonClass: 9432K(9600K)->9432K(9600K) Class: 1801K(1984K)->1801K(1984K)
[35.928s][info   ][gc          ] GC(59) Pause Full (System.gc()) 1445M->1445M(5616M) 546.576ms
[36.447s][info   ][gc,metaspace] GC(60) Metaspace: 11233K(11584K)->11233K(11584K) NonClass: 9432K(9600K)->9432K(9600K) Class: 1801K(1984K)->1801K(1984K)
[36.447s][info   ][gc          ] GC(60) Pause Full (System.gc()) 1445M->1445M(5616M) 518.788ms
[36.992s][info   ][gc,metaspace] GC(61) Metaspace: 11233K(11584K)->11233K(11584K) NonClass: 9432K(9600K)->9432K(9600K) Class: 1801K(1984K)->1801K(1984K)
[36.992s][info   ][gc          ] GC(61) Pause Full (System.gc()) 1445M->1445M(5616M) 545.446ms
[37.512s][info   ][gc,metaspace] GC(62) Metaspace: 11233K(11584K)->11233K(11584K) NonClass: 9432K(9600K)->9432K(9600K) Class: 1801K(1984K)->1801K(1984K)
[37.513s][info   ][gc          ] GC(62) Pause Full (System.gc()) 1445M->1445M(5616M) 520.051ms
After GCs... 
