Done; will start GCs... 
[11.121s][info   ][gc,metaspace] GC(14) Metaspace: 11209K(11456K)->11209K(11456K) NonClass: 10120K(10240K)->10120K(10240K) Class: 1088K(1216K)->1088K(1216K)
[11.121s][info   ][gc          ] GC(14) Pause Full (System.gc()) 1720M->1701M(5133M) 533.374ms
[11.711s][info   ][gc,metaspace] GC(15) Metaspace: 11209K(11456K)->11209K(11456K) NonClass: 10120K(10240K)->10120K(10240K) Class: 1088K(1216K)->1088K(1216K)
[11.711s][info   ][gc          ] GC(15) Pause Full (System.gc()) 1701M->1701M(5133M) 589.994ms
[12.246s][info   ][gc,metaspace] GC(16) Metaspace: 11209K(11456K)->11209K(11456K) NonClass: 10120K(10240K)->10120K(10240K) Class: 1088K(1216K)->1088K(1216K)
[12.246s][info   ][gc          ] GC(16) Pause Full (System.gc()) 1701M->1701M(5133M) 534.199ms
[12.824s][info   ][gc,metaspace] GC(17) Metaspace: 11209K(11456K)->11209K(11456K) NonClass: 10120K(10240K)->10120K(10240K) Class: 1088K(1216K)->1088K(1216K)
[12.824s][info   ][gc          ] GC(17) Pause Full (System.gc()) 1701M->1701M(5133M) 578.010ms
[13.361s][info   ][gc,metaspace] GC(18) Metaspace: 11209K(11456K)->11209K(11456K) NonClass: 10120K(10240K)->10120K(10240K) Class: 1088K(1216K)->1088K(1216K)
[13.361s][info   ][gc          ] GC(18) Pause Full (System.gc()) 1701M->1701M(5133M) 537.098ms
[13.948s][info   ][gc,metaspace] GC(19) Metaspace: 11209K(11456K)->11209K(11456K) NonClass: 10120K(10240K)->10120K(10240K) Class: 1088K(1216K)->1088K(1216K)
[13.948s][info   ][gc          ] GC(19) Pause Full (System.gc()) 1701M->1701M(5133M) 586.803ms
[14.521s][info   ][gc,metaspace] GC(20) Metaspace: 11209K(11456K)->11209K(11456K) NonClass: 10120K(10240K)->10120K(10240K) Class: 1088K(1216K)->1088K(1216K)
[14.521s][info   ][gc          ] GC(20) Pause Full (System.gc()) 1701M->1701M(5133M) 573.253ms
[15.053s][info   ][gc,metaspace] GC(21) Metaspace: 11209K(11456K)->11209K(11456K) NonClass: 10120K(10240K)->10120K(10240K) Class: 1088K(1216K)->1088K(1216K)
[15.054s][info   ][gc          ] GC(21) Pause Full (System.gc()) 1701M->1701M(5133M) 532.417ms
[15.625s][info   ][gc,metaspace] GC(22) Metaspace: 11209K(11456K)->11209K(11456K) NonClass: 10120K(10240K)->10120K(10240K) Class: 1088K(1216K)->1088K(1216K)
[15.626s][info   ][gc          ] GC(22) Pause Full (System.gc()) 1701M->1701M(5133M) 571.903ms
[16.158s][info   ][gc,metaspace] GC(23) Metaspace: 11209K(11456K)->11209K(11456K) NonClass: 10120K(10240K)->10120K(10240K) Class: 1088K(1216K)->1088K(1216K)
[16.158s][info   ][gc          ] GC(23) Pause Full (System.gc()) 1701M->1701M(5133M) 532.909ms
[16.738s][info   ][gc,metaspace] GC(24) Metaspace: 11209K(11456K)->11209K(11456K) NonClass: 10120K(10240K)->10120K(10240K) Class: 1088K(1216K)->1088K(1216K)
[16.738s][info   ][gc          ] GC(24) Pause Full (System.gc()) 1701M->1701M(5133M) 579.534ms
[17.273s][info   ][gc,metaspace] GC(25) Metaspace: 11209K(11456K)->11209K(11456K) NonClass: 10120K(10240K)->10120K(10240K) Class: 1088K(1216K)->1088K(1216K)
[17.274s][info   ][gc          ] GC(25) Pause Full (System.gc()) 1701M->1701M(5133M) 535.336ms
[17.845s][info   ][gc,metaspace] GC(26) Metaspace: 11209K(11456K)->11209K(11456K) NonClass: 10120K(10240K)->10120K(10240K) Class: 1088K(1216K)->1088K(1216K)
[17.845s][info   ][gc          ] GC(26) Pause Full (System.gc()) 1701M->1701M(5133M) 571.150ms
[18.378s][info   ][gc,metaspace] GC(27) Metaspace: 11209K(11456K)->11209K(11456K) NonClass: 10120K(10240K)->10120K(10240K) Class: 1088K(1216K)->1088K(1216K)
[18.378s][info   ][gc          ] GC(27) Pause Full (System.gc()) 1701M->1701M(5133M) 533.585ms
[18.955s][info   ][gc,metaspace] GC(28) Metaspace: 11209K(11456K)->11209K(11456K) NonClass: 10120K(10240K)->10120K(10240K) Class: 1088K(1216K)->1088K(1216K)
[18.955s][info   ][gc          ] GC(28) Pause Full (System.gc()) 1701M->1701M(5133M) 576.308ms
[19.539s][info   ][gc,metaspace] GC(29) Metaspace: 11209K(11456K)->11209K(11456K) NonClass: 10120K(10240K)->10120K(10240K) Class: 1088K(1216K)->1088K(1216K)
[19.539s][info   ][gc          ] GC(29) Pause Full (System.gc()) 1701M->1701M(5133M) 579.622ms
[20.072s][info   ][gc,metaspace] GC(30) Metaspace: 11209K(11456K)->11209K(11456K) NonClass: 10120K(10240K)->10120K(10240K) Class: 1088K(1216K)->1088K(1216K)
[20.072s][info   ][gc          ] GC(30) Pause Full (System.gc()) 1701M->1701M(5133M) 533.120ms
[20.652s][info   ][gc,metaspace] GC(31) Metaspace: 11209K(11456K)->11209K(11456K) NonClass: 10120K(10240K)->10120K(10240K) Class: 1088K(1216K)->1088K(1216K)
[20.652s][info   ][gc          ] GC(31) Pause Full (System.gc()) 1701M->1701M(5133M) 580.064ms
[21.183s][info   ][gc,metaspace] GC(32) Metaspace: 11209K(11456K)->11209K(11456K) NonClass: 10120K(10240K)->10120K(10240K) Class: 1088K(1216K)->1088K(1216K)
[21.183s][info   ][gc          ] GC(32) Pause Full (System.gc()) 1701M->1701M(5133M) 530.937ms
[21.760s][info   ][gc,metaspace] GC(33) Metaspace: 11209K(11456K)->11209K(11456K) NonClass: 10120K(10240K)->10120K(10240K) Class: 1088K(1216K)->1088K(1216K)
[21.760s][info   ][gc          ] GC(33) Pause Full (System.gc()) 1701M->1701M(5133M) 576.252ms
[22.297s][info   ][gc,metaspace] GC(34) Metaspace: 11209K(11456K)->11209K(11456K) NonClass: 10120K(10240K)->10120K(10240K) Class: 1088K(1216K)->1088K(1216K)
[22.297s][info   ][gc          ] GC(34) Pause Full (System.gc()) 1701M->1701M(5133M) 537.236ms
[22.868s][info   ][gc,metaspace] GC(35) Metaspace: 11209K(11456K)->11209K(11456K) NonClass: 10120K(10240K)->10120K(10240K) Class: 1088K(1216K)->1088K(1216K)
[22.868s][info   ][gc          ] GC(35) Pause Full (System.gc()) 1701M->1701M(5133M) 570.988ms
[23.442s][info   ][gc,metaspace] GC(36) Metaspace: 11209K(11456K)->11209K(11456K) NonClass: 10120K(10240K)->10120K(10240K) Class: 1088K(1216K)->1088K(1216K)
[23.442s][info   ][gc          ] GC(36) Pause Full (System.gc()) 1701M->1701M(5133M) 574.240ms
[23.979s][info   ][gc,metaspace] GC(37) Metaspace: 11209K(11456K)->11209K(11456K) NonClass: 10120K(10240K)->10120K(10240K) Class: 1088K(1216K)->1088K(1216K)
[23.979s][info   ][gc          ] GC(37) Pause Full (System.gc()) 1701M->1701M(5133M) 536.239ms
[24.555s][info   ][gc,metaspace] GC(38) Metaspace: 11209K(11456K)->11209K(11456K) NonClass: 10120K(10240K)->10120K(10240K) Class: 1088K(1216K)->1088K(1216K)
[24.555s][info   ][gc          ] GC(38) Pause Full (System.gc()) 1701M->1701M(5133M) 576.764ms
[25.091s][info   ][gc,metaspace] GC(39) Metaspace: 11209K(11456K)->11209K(11456K) NonClass: 10120K(10240K)->10120K(10240K) Class: 1088K(1216K)->1088K(1216K)
[25.091s][info   ][gc          ] GC(39) Pause Full (System.gc()) 1701M->1701M(5133M) 535.248ms
[25.728s][info   ][gc,metaspace] GC(40) Metaspace: 11209K(11456K)->11209K(11456K) NonClass: 10120K(10240K)->10120K(10240K) Class: 1088K(1216K)->1088K(1216K)
[25.728s][info   ][gc          ] GC(40) Pause Full (System.gc()) 1701M->1701M(5133M) 637.074ms
[26.276s][info   ][gc,metaspace] GC(41) Metaspace: 11209K(11456K)->11209K(11456K) NonClass: 10120K(10240K)->10120K(10240K) Class: 1088K(1216K)->1088K(1216K)
[26.276s][info   ][gc          ] GC(41) Pause Full (System.gc()) 1701M->1701M(5133M) 548.134ms
[26.817s][info   ][gc,metaspace] GC(42) Metaspace: 11209K(11456K)->11209K(11456K) NonClass: 10120K(10240K)->10120K(10240K) Class: 1088K(1216K)->1088K(1216K)
[26.817s][info   ][gc          ] GC(42) Pause Full (System.gc()) 1701M->1701M(5133M) 541.204ms
[27.351s][info   ][gc,metaspace] GC(43) Metaspace: 11209K(11456K)->11209K(11456K) NonClass: 10120K(10240K)->10120K(10240K) Class: 1088K(1216K)->1088K(1216K)
[27.351s][info   ][gc          ] GC(43) Pause Full (System.gc()) 1701M->1701M(5133M) 533.578ms
[27.927s][info   ][gc,metaspace] GC(44) Metaspace: 11209K(11456K)->11209K(11456K) NonClass: 10120K(10240K)->10120K(10240K) Class: 1088K(1216K)->1088K(1216K)
[27.928s][info   ][gc          ] GC(44) Pause Full (System.gc()) 1701M->1701M(5133M) 576.319ms
[28.509s][info   ][gc,metaspace] GC(45) Metaspace: 11209K(11456K)->11209K(11456K) NonClass: 10120K(10240K)->10120K(10240K) Class: 1088K(1216K)->1088K(1216K)
[28.509s][info   ][gc          ] GC(45) Pause Full (System.gc()) 1701M->1701M(5133M) 581.143ms
[29.043s][info   ][gc,metaspace] GC(46) Metaspace: 11209K(11456K)->11209K(11456K) NonClass: 10120K(10240K)->10120K(10240K) Class: 1088K(1216K)->1088K(1216K)
[29.044s][info   ][gc          ] GC(46) Pause Full (System.gc()) 1701M->1701M(5133M) 534.674ms
[29.619s][info   ][gc,metaspace] GC(47) Metaspace: 11209K(11456K)->11209K(11456K) NonClass: 10120K(10240K)->10120K(10240K) Class: 1088K(1216K)->1088K(1216K)
[29.619s][info   ][gc          ] GC(47) Pause Full (System.gc()) 1701M->1701M(5133M) 575.087ms
[30.150s][info   ][gc,metaspace] GC(48) Metaspace: 11209K(11456K)->11209K(11456K) NonClass: 10120K(10240K)->10120K(10240K) Class: 1088K(1216K)->1088K(1216K)
[30.150s][info   ][gc          ] GC(48) Pause Full (System.gc()) 1701M->1701M(5133M) 531.577ms
[30.724s][info   ][gc,metaspace] GC(49) Metaspace: 11209K(11456K)->11209K(11456K) NonClass: 10120K(10240K)->10120K(10240K) Class: 1088K(1216K)->1088K(1216K)
[30.724s][info   ][gc          ] GC(49) Pause Full (System.gc()) 1701M->1701M(5133M) 573.791ms
[31.257s][info   ][gc,metaspace] GC(50) Metaspace: 11209K(11456K)->11209K(11456K) NonClass: 10120K(10240K)->10120K(10240K) Class: 1088K(1216K)->1088K(1216K)
[31.257s][info   ][gc          ] GC(50) Pause Full (System.gc()) 1701M->1701M(5133M) 533.106ms
[31.837s][info   ][gc,metaspace] GC(51) Metaspace: 11209K(11456K)->11209K(11456K) NonClass: 10120K(10240K)->10120K(10240K) Class: 1088K(1216K)->1088K(1216K)
[31.837s][info   ][gc          ] GC(51) Pause Full (System.gc()) 1701M->1701M(5133M) 579.717ms
[32.375s][info   ][gc,metaspace] GC(52) Metaspace: 11209K(11456K)->11209K(11456K) NonClass: 10120K(10240K)->10120K(10240K) Class: 1088K(1216K)->1088K(1216K)
[32.375s][info   ][gc          ] GC(52) Pause Full (System.gc()) 1701M->1701M(5133M) 537.414ms
[32.950s][info   ][gc,metaspace] GC(53) Metaspace: 11209K(11456K)->11209K(11456K) NonClass: 10120K(10240K)->10120K(10240K) Class: 1088K(1216K)->1088K(1216K)
[32.950s][info   ][gc          ] GC(53) Pause Full (System.gc()) 1701M->1701M(5133M) 575.262ms
[33.558s][info   ][gc,metaspace] GC(54) Metaspace: 11209K(11456K)->11209K(11456K) NonClass: 10120K(10240K)->10120K(10240K) Class: 1088K(1216K)->1088K(1216K)
[33.559s][info   ][gc          ] GC(54) Pause Full (System.gc()) 1701M->1701M(5133M) 608.418ms
[34.096s][info   ][gc,metaspace] GC(55) Metaspace: 11209K(11456K)->11209K(11456K) NonClass: 10120K(10240K)->10120K(10240K) Class: 1088K(1216K)->1088K(1216K)
[34.096s][info   ][gc          ] GC(55) Pause Full (System.gc()) 1701M->1701M(5133M) 537.498ms
[34.644s][info   ][gc,metaspace] GC(56) Metaspace: 11209K(11456K)->11209K(11456K) NonClass: 10120K(10240K)->10120K(10240K) Class: 1088K(1216K)->1088K(1216K)
[34.644s][info   ][gc          ] GC(56) Pause Full (System.gc()) 1701M->1701M(5133M) 543.149ms
[35.175s][info   ][gc,metaspace] GC(57) Metaspace: 11209K(11456K)->11209K(11456K) NonClass: 10120K(10240K)->10120K(10240K) Class: 1088K(1216K)->1088K(1216K)
[35.175s][info   ][gc          ] GC(57) Pause Full (System.gc()) 1701M->1701M(5133M) 530.910ms
[35.750s][info   ][gc,metaspace] GC(58) Metaspace: 11209K(11456K)->11209K(11456K) NonClass: 10120K(10240K)->10120K(10240K) Class: 1088K(1216K)->1088K(1216K)
[35.750s][info   ][gc          ] GC(58) Pause Full (System.gc()) 1701M->1701M(5133M) 575.664ms
[36.282s][info   ][gc,metaspace] GC(59) Metaspace: 11209K(11456K)->11209K(11456K) NonClass: 10120K(10240K)->10120K(10240K) Class: 1088K(1216K)->1088K(1216K)
[36.282s][info   ][gc          ] GC(59) Pause Full (System.gc()) 1701M->1701M(5133M) 531.515ms
[36.871s][info   ][gc,metaspace] GC(60) Metaspace: 11209K(11456K)->11209K(11456K) NonClass: 10120K(10240K)->10120K(10240K) Class: 1088K(1216K)->1088K(1216K)
[36.872s][info   ][gc          ] GC(60) Pause Full (System.gc()) 1701M->1701M(5133M) 589.435ms
[37.460s][info   ][gc,metaspace] GC(61) Metaspace: 11209K(11456K)->11209K(11456K) NonClass: 10120K(10240K)->10120K(10240K) Class: 1088K(1216K)->1088K(1216K)
[37.460s][info   ][gc          ] GC(61) Pause Full (System.gc()) 1701M->1701M(5133M) 588.691ms
[37.997s][info   ][gc,metaspace] GC(62) Metaspace: 11209K(11456K)->11209K(11456K) NonClass: 10120K(10240K)->10120K(10240K) Class: 1088K(1216K)->1088K(1216K)
[37.997s][info   ][gc          ] GC(62) Pause Full (System.gc()) 1701M->1701M(5133M) 536.698ms
[38.571s][info   ][gc,metaspace] GC(63) Metaspace: 11209K(11456K)->11209K(11456K) NonClass: 10120K(10240K)->10120K(10240K) Class: 1088K(1216K)->1088K(1216K)
[38.571s][info   ][gc          ] GC(63) Pause Full (System.gc()) 1701M->1701M(5133M) 574.345ms
After GCs... 
