Done; will start GCs... 
[29.186s][info][gc,metaspace] GC(9) Metaspace: 43157K(46912K)->43157K(46912K) NonClass: 33192K(34880K)->33192K(34880K) Class: 9965K(12032K)->9965K(12032K)
[29.186s][info][gc          ] GC(9) Pause Full (System.gc()) 948M->778M(6136M) 1000.742ms
[29.846s][info][gc,metaspace] GC(10) Metaspace: 43157K(46912K)->43157K(46912K) NonClass: 33192K(34880K)->33192K(34880K) Class: 9965K(12032K)->9965K(12032K)
[29.846s][info][gc          ] GC(10) Pause Full (System.gc()) 778M->778M(6136M) 660.177ms
[30.580s][info][gc,metaspace] GC(11) Metaspace: 43157K(46912K)->43157K(46912K) NonClass: 33192K(34880K)->33192K(34880K) Class: 9965K(12032K)->9965K(12032K)
[30.580s][info][gc          ] GC(11) Pause Full (System.gc()) 778M->778M(6136M) 734.359ms
[31.325s][info][gc,metaspace] GC(12) Metaspace: 43157K(46912K)->43157K(46912K) NonClass: 33192K(34880K)->33192K(34880K) Class: 9965K(12032K)->9965K(12032K)
[31.325s][info][gc          ] GC(12) Pause Full (System.gc()) 778M->778M(6136M) 744.278ms
[32.045s][info][gc,metaspace] GC(13) Metaspace: 43157K(46912K)->43157K(46912K) NonClass: 33192K(34880K)->33192K(34880K) Class: 9965K(12032K)->9965K(12032K)
[32.045s][info][gc          ] GC(13) Pause Full (System.gc()) 778M->778M(6136M) 720.570ms
[32.801s][info][gc,metaspace] GC(14) Metaspace: 43157K(46912K)->43157K(46912K) NonClass: 33192K(34880K)->33192K(34880K) Class: 9965K(12032K)->9965K(12032K)
[32.801s][info][gc          ] GC(14) Pause Full (System.gc()) 778M->778M(6136M) 755.065ms
[33.516s][info][gc,metaspace] GC(15) Metaspace: 43157K(46912K)->43157K(46912K) NonClass: 33192K(34880K)->33192K(34880K) Class: 9965K(12032K)->9965K(12032K)
[33.516s][info][gc          ] GC(15) Pause Full (System.gc()) 778M->778M(6136M) 714.817ms
[34.261s][info][gc,metaspace] GC(16) Metaspace: 43157K(46912K)->43157K(46912K) NonClass: 33192K(34880K)->33192K(34880K) Class: 9965K(12032K)->9965K(12032K)
[34.261s][info][gc          ] GC(16) Pause Full (System.gc()) 778M->778M(6136M) 741.329ms
[34.991s][info][gc,metaspace] GC(17) Metaspace: 43157K(46912K)->43157K(46912K) NonClass: 33192K(34880K)->33192K(34880K) Class: 9965K(12032K)->9965K(12032K)
[34.991s][info][gc          ] GC(17) Pause Full (System.gc()) 778M->778M(6136M) 729.445ms
[35.816s][info][gc,metaspace] GC(18) Metaspace: 43157K(46912K)->43157K(46912K) NonClass: 33192K(34880K)->33192K(34880K) Class: 9965K(12032K)->9965K(12032K)
[35.816s][info][gc          ] GC(18) Pause Full (System.gc()) 778M->778M(6136M) 825.064ms
[36.535s][info][gc,metaspace] GC(19) Metaspace: 43157K(46912K)->43157K(46912K) NonClass: 33192K(34880K)->33192K(34880K) Class: 9965K(12032K)->9965K(12032K)
[36.535s][info][gc          ] GC(19) Pause Full (System.gc()) 778M->778M(6136M) 719.209ms
[37.412s][info][gc,metaspace] GC(20) Metaspace: 43157K(46912K)->43157K(46912K) NonClass: 33192K(34880K)->33192K(34880K) Class: 9965K(12032K)->9965K(12032K)
[37.412s][info][gc          ] GC(20) Pause Full (System.gc()) 778M->778M(6136M) 876.155ms
[38.140s][info][gc,metaspace] GC(21) Metaspace: 43157K(46912K)->43157K(46912K) NonClass: 33192K(34880K)->33192K(34880K) Class: 9965K(12032K)->9965K(12032K)
[38.140s][info][gc          ] GC(21) Pause Full (System.gc()) 778M->778M(6136M) 728.230ms
[38.872s][info][gc,metaspace] GC(22) Metaspace: 43157K(46912K)->43157K(46912K) NonClass: 33192K(34880K)->33192K(34880K) Class: 9965K(12032K)->9965K(12032K)
[38.872s][info][gc          ] GC(22) Pause Full (System.gc()) 778M->778M(6136M) 731.857ms
[39.601s][info][gc,metaspace] GC(23) Metaspace: 43157K(46912K)->43157K(46912K) NonClass: 33192K(34880K)->33192K(34880K) Class: 9965K(12032K)->9965K(12032K)
[39.601s][info][gc          ] GC(23) Pause Full (System.gc()) 778M->778M(6136M) 728.310ms
[40.337s][info][gc,metaspace] GC(24) Metaspace: 43157K(46912K)->43157K(46912K) NonClass: 33192K(34880K)->33192K(34880K) Class: 9965K(12032K)->9965K(12032K)
[40.337s][info][gc          ] GC(24) Pause Full (System.gc()) 778M->778M(6136M) 736.309ms
[41.047s][info][gc,metaspace] GC(25) Metaspace: 43157K(46912K)->43157K(46912K) NonClass: 33192K(34880K)->33192K(34880K) Class: 9965K(12032K)->9965K(12032K)
[41.047s][info][gc          ] GC(25) Pause Full (System.gc()) 778M->778M(6136M) 709.566ms
[41.803s][info][gc,metaspace] GC(26) Metaspace: 43157K(46912K)->43157K(46912K) NonClass: 33192K(34880K)->33192K(34880K) Class: 9965K(12032K)->9965K(12032K)
[41.803s][info][gc          ] GC(26) Pause Full (System.gc()) 778M->778M(6136M) 755.481ms
[42.513s][info][gc,metaspace] GC(27) Metaspace: 43157K(46912K)->43157K(46912K) NonClass: 33192K(34880K)->33192K(34880K) Class: 9965K(12032K)->9965K(12032K)
[42.513s][info][gc          ] GC(27) Pause Full (System.gc()) 778M->778M(6136M) 710.107ms
[43.255s][info][gc,metaspace] GC(28) Metaspace: 43157K(46912K)->43157K(46912K) NonClass: 33192K(34880K)->33192K(34880K) Class: 9965K(12032K)->9965K(12032K)
[43.255s][info][gc          ] GC(28) Pause Full (System.gc()) 778M->778M(6136M) 741.735ms
[43.985s][info][gc,metaspace] GC(29) Metaspace: 43157K(46912K)->43157K(46912K) NonClass: 33192K(34880K)->33192K(34880K) Class: 9965K(12032K)->9965K(12032K)
[43.985s][info][gc          ] GC(29) Pause Full (System.gc()) 778M->778M(6136M) 730.220ms
[44.741s][info][gc,metaspace] GC(30) Metaspace: 43157K(46912K)->43157K(46912K) NonClass: 33192K(34880K)->33192K(34880K) Class: 9965K(12032K)->9965K(12032K)
[44.741s][info][gc          ] GC(30) Pause Full (System.gc()) 778M->778M(6136M) 755.674ms
[45.482s][info][gc,metaspace] GC(31) Metaspace: 43157K(46912K)->43157K(46912K) NonClass: 33192K(34880K)->33192K(34880K) Class: 9965K(12032K)->9965K(12032K)
[45.482s][info][gc          ] GC(31) Pause Full (System.gc()) 778M->778M(6136M) 740.620ms
[46.216s][info][gc,metaspace] GC(32) Metaspace: 43157K(46912K)->43157K(46912K) NonClass: 33192K(34880K)->33192K(34880K) Class: 9965K(12032K)->9965K(12032K)
[46.216s][info][gc          ] GC(32) Pause Full (System.gc()) 778M->778M(6136M) 734.361ms
[46.944s][info][gc,metaspace] GC(33) Metaspace: 43157K(46912K)->43157K(46912K) NonClass: 33192K(34880K)->33192K(34880K) Class: 9965K(12032K)->9965K(12032K)
[46.945s][info][gc          ] GC(33) Pause Full (System.gc()) 778M->778M(6136M) 728.358ms
[47.712s][info][gc,metaspace] GC(34) Metaspace: 43157K(46912K)->43157K(46912K) NonClass: 33192K(34880K)->33192K(34880K) Class: 9965K(12032K)->9965K(12032K)
[47.712s][info][gc          ] GC(34) Pause Full (System.gc()) 778M->778M(6136M) 767.323ms
[48.431s][info][gc,metaspace] GC(35) Metaspace: 43157K(46912K)->43157K(46912K) NonClass: 33192K(34880K)->33192K(34880K) Class: 9965K(12032K)->9965K(12032K)
[48.431s][info][gc          ] GC(35) Pause Full (System.gc()) 778M->778M(6136M) 719.141ms
[49.114s][info][gc,metaspace] GC(36) Metaspace: 43157K(46912K)->43157K(46912K) NonClass: 33192K(34880K)->33192K(34880K) Class: 9965K(12032K)->9965K(12032K)
[49.114s][info][gc          ] GC(36) Pause Full (System.gc()) 778M->778M(6136M) 682.380ms
[49.887s][info][gc,metaspace] GC(37) Metaspace: 43157K(46912K)->43157K(46912K) NonClass: 33192K(34880K)->33192K(34880K) Class: 9965K(12032K)->9965K(12032K)
[49.887s][info][gc          ] GC(37) Pause Full (System.gc()) 778M->778M(6136M) 769.058ms
[50.612s][info][gc,metaspace] GC(38) Metaspace: 43157K(46912K)->43157K(46912K) NonClass: 33192K(34880K)->33192K(34880K) Class: 9965K(12032K)->9965K(12032K)
[50.612s][info][gc          ] GC(38) Pause Full (System.gc()) 778M->778M(6136M) 724.995ms
[51.488s][info][gc,metaspace] GC(39) Metaspace: 43157K(46912K)->43157K(46912K) NonClass: 33192K(34880K)->33192K(34880K) Class: 9965K(12032K)->9965K(12032K)
[51.488s][info][gc          ] GC(39) Pause Full (System.gc()) 778M->778M(6136M) 875.436ms
[52.233s][info][gc,metaspace] GC(40) Metaspace: 43157K(46912K)->43157K(46912K) NonClass: 33192K(34880K)->33192K(34880K) Class: 9965K(12032K)->9965K(12032K)
[52.233s][info][gc          ] GC(40) Pause Full (System.gc()) 778M->778M(6136M) 744.674ms
[52.964s][info][gc,metaspace] GC(41) Metaspace: 43157K(46912K)->43157K(46912K) NonClass: 33192K(34880K)->33192K(34880K) Class: 9965K(12032K)->9965K(12032K)
[52.964s][info][gc          ] GC(41) Pause Full (System.gc()) 778M->778M(6136M) 730.984ms
[53.721s][info][gc,metaspace] GC(42) Metaspace: 43157K(46912K)->43157K(46912K) NonClass: 33192K(34880K)->33192K(34880K) Class: 9965K(12032K)->9965K(12032K)
[53.721s][info][gc          ] GC(42) Pause Full (System.gc()) 778M->778M(6136M) 757.550ms
[54.458s][info][gc,metaspace] GC(43) Metaspace: 43157K(46912K)->43157K(46912K) NonClass: 33192K(34880K)->33192K(34880K) Class: 9965K(12032K)->9965K(12032K)
[54.458s][info][gc          ] GC(43) Pause Full (System.gc()) 778M->778M(6136M) 736.718ms
[55.215s][info][gc,metaspace] GC(44) Metaspace: 43157K(46912K)->43157K(46912K) NonClass: 33192K(34880K)->33192K(34880K) Class: 9965K(12032K)->9965K(12032K)
[55.215s][info][gc          ] GC(44) Pause Full (System.gc()) 778M->778M(6136M) 752.513ms
[55.963s][info][gc,metaspace] GC(45) Metaspace: 43157K(46912K)->43157K(46912K) NonClass: 33192K(34880K)->33192K(34880K) Class: 9965K(12032K)->9965K(12032K)
[55.963s][info][gc          ] GC(45) Pause Full (System.gc()) 778M->778M(6136M) 748.152ms
[56.729s][info][gc,metaspace] GC(46) Metaspace: 43157K(46912K)->43157K(46912K) NonClass: 33192K(34880K)->33192K(34880K) Class: 9965K(12032K)->9965K(12032K)
[56.729s][info][gc          ] GC(46) Pause Full (System.gc()) 778M->778M(6136M) 765.728ms
[57.452s][info][gc,metaspace] GC(47) Metaspace: 43157K(46912K)->43157K(46912K) NonClass: 33192K(34880K)->33192K(34880K) Class: 9965K(12032K)->9965K(12032K)
[57.452s][info][gc          ] GC(47) Pause Full (System.gc()) 778M->778M(6136M) 722.400ms
[58.193s][info][gc,metaspace] GC(48) Metaspace: 43157K(46912K)->43157K(46912K) NonClass: 33192K(34880K)->33192K(34880K) Class: 9965K(12032K)->9965K(12032K)
[58.193s][info][gc          ] GC(48) Pause Full (System.gc()) 778M->778M(6136M) 740.854ms
[58.992s][info][gc,metaspace] GC(49) Metaspace: 43157K(46912K)->43157K(46912K) NonClass: 33192K(34880K)->33192K(34880K) Class: 9965K(12032K)->9965K(12032K)
[58.992s][info][gc          ] GC(49) Pause Full (System.gc()) 778M->778M(6136M) 798.925ms
[59.854s][info][gc,metaspace] GC(50) Metaspace: 43157K(46912K)->43157K(46912K) NonClass: 33192K(34880K)->33192K(34880K) Class: 9965K(12032K)->9965K(12032K)
[59.854s][info][gc          ] GC(50) Pause Full (System.gc()) 778M->778M(6136M) 861.740ms
[60.588s][info][gc,metaspace] GC(51) Metaspace: 43157K(46912K)->43157K(46912K) NonClass: 33192K(34880K)->33192K(34880K) Class: 9965K(12032K)->9965K(12032K)
[60.588s][info][gc          ] GC(51) Pause Full (System.gc()) 778M->778M(6136M) 734.658ms
[61.337s][info][gc,metaspace] GC(52) Metaspace: 43157K(46912K)->43157K(46912K) NonClass: 33192K(34880K)->33192K(34880K) Class: 9965K(12032K)->9965K(12032K)
[61.337s][info][gc          ] GC(52) Pause Full (System.gc()) 778M->778M(6136M) 748.299ms
[62.034s][info][gc,metaspace] GC(53) Metaspace: 43157K(46912K)->43157K(46912K) NonClass: 33192K(34880K)->33192K(34880K) Class: 9965K(12032K)->9965K(12032K)
[62.034s][info][gc          ] GC(53) Pause Full (System.gc()) 778M->778M(6136M) 697.153ms
[62.808s][info][gc,metaspace] GC(54) Metaspace: 43157K(46912K)->43157K(46912K) NonClass: 33192K(34880K)->33192K(34880K) Class: 9965K(12032K)->9965K(12032K)
[62.808s][info][gc          ] GC(54) Pause Full (System.gc()) 778M->778M(6136M) 773.545ms
[63.532s][info][gc,metaspace] GC(55) Metaspace: 43157K(46912K)->43157K(46912K) NonClass: 33192K(34880K)->33192K(34880K) Class: 9965K(12032K)->9965K(12032K)
[63.532s][info][gc          ] GC(55) Pause Full (System.gc()) 778M->778M(6136M) 723.918ms
[64.274s][info][gc,metaspace] GC(56) Metaspace: 43157K(46912K)->43157K(46912K) NonClass: 33192K(34880K)->33192K(34880K) Class: 9965K(12032K)->9965K(12032K)
[64.274s][info][gc          ] GC(56) Pause Full (System.gc()) 778M->778M(6136M) 742.321ms
[65.175s][info][gc,metaspace] GC(57) Metaspace: 43157K(46912K)->43157K(46912K) NonClass: 33192K(34880K)->33192K(34880K) Class: 9965K(12032K)->9965K(12032K)
[65.175s][info][gc          ] GC(57) Pause Full (System.gc()) 778M->778M(6136M) 900.762ms
[65.924s][info][gc,metaspace] GC(58) Metaspace: 43157K(46912K)->43157K(46912K) NonClass: 33192K(34880K)->33192K(34880K) Class: 9965K(12032K)->9965K(12032K)
[65.924s][info][gc          ] GC(58) Pause Full (System.gc()) 778M->778M(6136M) 744.352ms
[66.658s][info][gc,metaspace] GC(59) Metaspace: 43157K(46912K)->43157K(46912K) NonClass: 33192K(34880K)->33192K(34880K) Class: 9965K(12032K)->9965K(12032K)
[66.658s][info][gc          ] GC(59) Pause Full (System.gc()) 778M->778M(6136M) 734.361ms
[67.389s][info][gc,metaspace] GC(60) Metaspace: 43157K(46912K)->43157K(46912K) NonClass: 33192K(34880K)->33192K(34880K) Class: 9965K(12032K)->9965K(12032K)
[67.389s][info][gc          ] GC(60) Pause Full (System.gc()) 791M->778M(6136M) 730.877ms
[68.109s][info][gc,metaspace] GC(61) Metaspace: 43157K(46912K)->43157K(46912K) NonClass: 33192K(34880K)->33192K(34880K) Class: 9965K(12032K)->9965K(12032K)
[68.109s][info][gc          ] GC(61) Pause Full (System.gc()) 778M->778M(6136M) 719.936ms
[68.872s][info][gc,metaspace] GC(62) Metaspace: 43157K(46912K)->43157K(46912K) NonClass: 33192K(34880K)->33192K(34880K) Class: 9965K(12032K)->9965K(12032K)
[68.872s][info][gc          ] GC(62) Pause Full (System.gc()) 778M->778M(6136M) 762.265ms
[69.599s][info][gc,metaspace] GC(63) Metaspace: 43157K(46912K)->43157K(46912K) NonClass: 33192K(34880K)->33192K(34880K) Class: 9965K(12032K)->9965K(12032K)
[69.599s][info][gc          ] GC(63) Pause Full (System.gc()) 778M->778M(6136M) 727.261ms
[70.343s][info][gc,metaspace] GC(64) Metaspace: 43157K(46912K)->43157K(46912K) NonClass: 33192K(34880K)->33192K(34880K) Class: 9965K(12032K)->9965K(12032K)
[70.343s][info][gc          ] GC(64) Pause Full (System.gc()) 778M->778M(6136M) 744.117ms
[71.054s][info][gc,metaspace] GC(65) Metaspace: 43157K(46912K)->43157K(46912K) NonClass: 33192K(34880K)->33192K(34880K) Class: 9965K(12032K)->9965K(12032K)
[71.054s][info][gc          ] GC(65) Pause Full (System.gc()) 778M->778M(6136M) 710.654ms
[71.813s][info][gc,metaspace] GC(66) Metaspace: 43157K(46912K)->43157K(46912K) NonClass: 33192K(34880K)->33192K(34880K) Class: 9965K(12032K)->9965K(12032K)
[71.813s][info][gc          ] GC(66) Pause Full (System.gc()) 778M->778M(6136M) 758.666ms
[72.548s][info][gc,metaspace] GC(67) Metaspace: 43157K(46912K)->43157K(46912K) NonClass: 33192K(34880K)->33192K(34880K) Class: 9965K(12032K)->9965K(12032K)
[72.548s][info][gc          ] GC(67) Pause Full (System.gc()) 778M->778M(6136M) 735.212ms
[73.272s][info][gc,metaspace] GC(68) Metaspace: 43157K(46912K)->43157K(46912K) NonClass: 33192K(34880K)->33192K(34880K) Class: 9965K(12032K)->9965K(12032K)
[73.272s][info][gc          ] GC(68) Pause Full (System.gc()) 778M->778M(6136M) 723.119ms
[73.989s][info][gc,metaspace] GC(69) Metaspace: 43157K(46912K)->43157K(46912K) NonClass: 33192K(34880K)->33192K(34880K) Class: 9965K(12032K)->9965K(12032K)
[73.989s][info][gc          ] GC(69) Pause Full (System.gc()) 778M->778M(6136M) 717.086ms
[74.718s][info][gc,metaspace] GC(70) Metaspace: 43157K(46912K)->43157K(46912K) NonClass: 33192K(34880K)->33192K(34880K) Class: 9965K(12032K)->9965K(12032K)
[74.718s][info][gc          ] GC(70) Pause Full (System.gc()) 778M->778M(6136M) 729.251ms
[75.472s][info][gc,metaspace] GC(71) Metaspace: 43157K(46912K)->43157K(46912K) NonClass: 33192K(34880K)->33192K(34880K) Class: 9965K(12032K)->9965K(12032K)
[75.472s][info][gc          ] GC(71) Pause Full (System.gc()) 778M->778M(6136M) 753.436ms
[76.211s][info][gc,metaspace] GC(72) Metaspace: 43157K(46912K)->43157K(46912K) NonClass: 33192K(34880K)->33192K(34880K) Class: 9965K(12032K)->9965K(12032K)
[76.211s][info][gc          ] GC(72) Pause Full (System.gc()) 778M->778M(6136M) 734.765ms
[76.998s][info][gc,metaspace] GC(73) Metaspace: 43157K(46912K)->43157K(46912K) NonClass: 33192K(34880K)->33192K(34880K) Class: 9965K(12032K)->9965K(12032K)
[76.998s][info][gc          ] GC(73) Pause Full (System.gc()) 778M->778M(6136M) 786.819ms
[77.736s][info][gc,metaspace] GC(74) Metaspace: 43157K(46912K)->43157K(46912K) NonClass: 33192K(34880K)->33192K(34880K) Class: 9965K(12032K)->9965K(12032K)
[77.736s][info][gc          ] GC(74) Pause Full (System.gc()) 778M->778M(6136M) 737.915ms
[78.466s][info][gc,metaspace] GC(75) Metaspace: 43157K(46912K)->43157K(46912K) NonClass: 33192K(34880K)->33192K(34880K) Class: 9965K(12032K)->9965K(12032K)
[78.466s][info][gc          ] GC(75) Pause Full (System.gc()) 778M->778M(6136M) 729.693ms
[79.216s][info][gc,metaspace] GC(76) Metaspace: 43157K(46912K)->43157K(46912K) NonClass: 33192K(34880K)->33192K(34880K) Class: 9965K(12032K)->9965K(12032K)
[79.216s][info][gc          ] GC(76) Pause Full (System.gc()) 778M->778M(6136M) 750.299ms
[79.954s][info][gc,metaspace] GC(77) Metaspace: 43157K(46912K)->43157K(46912K) NonClass: 33192K(34880K)->33192K(34880K) Class: 9965K(12032K)->9965K(12032K)
[79.954s][info][gc          ] GC(77) Pause Full (System.gc()) 778M->778M(6136M) 737.636ms
[80.719s][info][gc,metaspace] GC(78) Metaspace: 43157K(46912K)->43157K(46912K) NonClass: 33192K(34880K)->33192K(34880K) Class: 9965K(12032K)->9965K(12032K)
[80.719s][info][gc          ] GC(78) Pause Full (System.gc()) 778M->778M(6136M) 764.739ms
[81.448s][info][gc,metaspace] GC(79) Metaspace: 43157K(46912K)->43157K(46912K) NonClass: 33192K(34880K)->33192K(34880K) Class: 9965K(12032K)->9965K(12032K)
[81.448s][info][gc          ] GC(79) Pause Full (System.gc()) 778M->778M(6136M) 725.229ms
[82.125s][info][gc,metaspace] GC(80) Metaspace: 43157K(46912K)->43157K(46912K) NonClass: 33192K(34880K)->33192K(34880K) Class: 9965K(12032K)->9965K(12032K)
[82.125s][info][gc          ] GC(80) Pause Full (System.gc()) 778M->778M(6136M) 676.394ms
[82.876s][info][gc,metaspace] GC(81) Metaspace: 43157K(46912K)->43157K(46912K) NonClass: 33192K(34880K)->33192K(34880K) Class: 9965K(12032K)->9965K(12032K)
[82.876s][info][gc          ] GC(81) Pause Full (System.gc()) 778M->778M(6136M) 751.311ms
[83.612s][info][gc,metaspace] GC(82) Metaspace: 43157K(46912K)->43157K(46912K) NonClass: 33192K(34880K)->33192K(34880K) Class: 9965K(12032K)->9965K(12032K)
[83.612s][info][gc          ] GC(82) Pause Full (System.gc()) 778M->778M(6136M) 735.551ms
[84.357s][info][gc,metaspace] GC(83) Metaspace: 43157K(46912K)->43157K(46912K) NonClass: 33192K(34880K)->33192K(34880K) Class: 9965K(12032K)->9965K(12032K)
[84.357s][info][gc          ] GC(83) Pause Full (System.gc()) 778M->778M(6136M) 744.787ms
[85.056s][info][gc,metaspace] GC(84) Metaspace: 43157K(46912K)->43157K(46912K) NonClass: 33192K(34880K)->33192K(34880K) Class: 9965K(12032K)->9965K(12032K)
[85.057s][info][gc          ] GC(84) Pause Full (System.gc()) 778M->778M(6136M) 699.594ms
[85.834s][info][gc,metaspace] GC(85) Metaspace: 43157K(46912K)->43157K(46912K) NonClass: 33192K(34880K)->33192K(34880K) Class: 9965K(12032K)->9965K(12032K)
[85.835s][info][gc          ] GC(85) Pause Full (System.gc()) 778M->778M(6136M) 777.918ms
[86.574s][info][gc,metaspace] GC(86) Metaspace: 43157K(46912K)->43157K(46912K) NonClass: 33192K(34880K)->33192K(34880K) Class: 9965K(12032K)->9965K(12032K)
[86.574s][info][gc          ] GC(86) Pause Full (System.gc()) 778M->778M(6136M) 735.090ms
[87.346s][info][gc,metaspace] GC(87) Metaspace: 43157K(46912K)->43157K(46912K) NonClass: 33192K(34880K)->33192K(34880K) Class: 9965K(12032K)->9965K(12032K)
[87.346s][info][gc          ] GC(87) Pause Full (System.gc()) 778M->778M(6136M) 771.873ms
[88.052s][info][gc,metaspace] GC(88) Metaspace: 43157K(46912K)->43157K(46912K) NonClass: 33192K(34880K)->33192K(34880K) Class: 9965K(12032K)->9965K(12032K)
[88.052s][info][gc          ] GC(88) Pause Full (System.gc()) 778M->778M(6136M) 706.050ms
[88.830s][info][gc,metaspace] GC(89) Metaspace: 43157K(46912K)->43157K(46912K) NonClass: 33192K(34880K)->33192K(34880K) Class: 9965K(12032K)->9965K(12032K)
[88.830s][info][gc          ] GC(89) Pause Full (System.gc()) 778M->778M(6136M) 777.598ms
[89.692s][info][gc,metaspace] GC(90) Metaspace: 43157K(46912K)->43157K(46912K) NonClass: 33192K(34880K)->33192K(34880K) Class: 9965K(12032K)->9965K(12032K)
[89.693s][info][gc          ] GC(90) Pause Full (System.gc()) 778M->778M(6136M) 862.508ms
[90.422s][info][gc,metaspace] GC(91) Metaspace: 43157K(46912K)->43157K(46912K) NonClass: 33192K(34880K)->33192K(34880K) Class: 9965K(12032K)->9965K(12032K)
[90.422s][info][gc          ] GC(91) Pause Full (System.gc()) 778M->778M(6136M) 729.853ms
[91.145s][info][gc,metaspace] GC(92) Metaspace: 43157K(46912K)->43157K(46912K) NonClass: 33192K(34880K)->33192K(34880K) Class: 9965K(12032K)->9965K(12032K)
[91.145s][info][gc          ] GC(92) Pause Full (System.gc()) 778M->778M(6136M) 722.878ms
[91.911s][info][gc,metaspace] GC(93) Metaspace: 43157K(46912K)->43157K(46912K) NonClass: 33192K(34880K)->33192K(34880K) Class: 9965K(12032K)->9965K(12032K)
[91.911s][info][gc          ] GC(93) Pause Full (System.gc()) 778M->778M(6136M) 761.341ms
[92.640s][info][gc,metaspace] GC(94) Metaspace: 43157K(46912K)->43157K(46912K) NonClass: 33192K(34880K)->33192K(34880K) Class: 9965K(12032K)->9965K(12032K)
[92.640s][info][gc          ] GC(94) Pause Full (System.gc()) 778M->778M(6136M) 728.795ms
[93.414s][info][gc,metaspace] GC(95) Metaspace: 43157K(46912K)->43157K(46912K) NonClass: 33192K(34880K)->33192K(34880K) Class: 9965K(12032K)->9965K(12032K)
[93.414s][info][gc          ] GC(95) Pause Full (System.gc()) 778M->778M(6136M) 773.578ms
[94.092s][info][gc,metaspace] GC(96) Metaspace: 43157K(46912K)->43157K(46912K) NonClass: 33192K(34880K)->33192K(34880K) Class: 9965K(12032K)->9965K(12032K)
[94.092s][info][gc          ] GC(96) Pause Full (System.gc()) 778M->778M(6136M) 678.121ms
[94.853s][info][gc,metaspace] GC(97) Metaspace: 43157K(46912K)->43157K(46912K) NonClass: 33192K(34880K)->33192K(34880K) Class: 9965K(12032K)->9965K(12032K)
[94.853s][info][gc          ] GC(97) Pause Full (System.gc()) 778M->778M(6136M) 760.801ms
[95.589s][info][gc,metaspace] GC(98) Metaspace: 43157K(46912K)->43157K(46912K) NonClass: 33192K(34880K)->33192K(34880K) Class: 9965K(12032K)->9965K(12032K)
[95.589s][info][gc          ] GC(98) Pause Full (System.gc()) 778M->778M(6136M) 736.377ms
[96.344s][info][gc,metaspace] GC(99) Metaspace: 43157K(46912K)->43157K(46912K) NonClass: 33192K(34880K)->33192K(34880K) Class: 9965K(12032K)->9965K(12032K)
[96.344s][info][gc          ] GC(99) Pause Full (System.gc()) 778M->778M(6136M) 754.212ms
[97.054s][info][gc,metaspace] GC(100) Metaspace: 43157K(46912K)->43157K(46912K) NonClass: 33192K(34880K)->33192K(34880K) Class: 9965K(12032K)->9965K(12032K)
[97.054s][info][gc          ] GC(100) Pause Full (System.gc()) 778M->778M(6136M) 706.302ms
[97.819s][info][gc,metaspace] GC(101) Metaspace: 43157K(46912K)->43157K(46912K) NonClass: 33192K(34880K)->33192K(34880K) Class: 9965K(12032K)->9965K(12032K)
[97.819s][info][gc          ] GC(101) Pause Full (System.gc()) 778M->778M(6136M) 764.566ms
[98.554s][info][gc,metaspace] GC(102) Metaspace: 43157K(46912K)->43157K(46912K) NonClass: 33192K(34880K)->33192K(34880K) Class: 9965K(12032K)->9965K(12032K)
[98.554s][info][gc          ] GC(102) Pause Full (System.gc()) 778M->778M(6136M) 734.662ms
[99.322s][info][gc,metaspace] GC(103) Metaspace: 43157K(46912K)->43157K(46912K) NonClass: 33192K(34880K)->33192K(34880K) Class: 9965K(12032K)->9965K(12032K)
[99.322s][info][gc          ] GC(103) Pause Full (System.gc()) 778M->778M(6136M) 767.889ms
[100.052s][info][gc,metaspace] GC(104) Metaspace: 43157K(46912K)->43157K(46912K) NonClass: 33192K(34880K)->33192K(34880K) Class: 9965K(12032K)->9965K(12032K)
[100.052s][info][gc          ] GC(104) Pause Full (System.gc()) 778M->778M(6136M) 729.839ms
[100.823s][info][gc,metaspace] GC(105) Metaspace: 43157K(46912K)->43157K(46912K) NonClass: 33192K(34880K)->33192K(34880K) Class: 9965K(12032K)->9965K(12032K)
[100.823s][info][gc          ] GC(105) Pause Full (System.gc()) 778M->778M(6136M) 771.625ms
[101.555s][info][gc,metaspace] GC(106) Metaspace: 43157K(46912K)->43157K(46912K) NonClass: 33192K(34880K)->33192K(34880K) Class: 9965K(12032K)->9965K(12032K)
[101.555s][info][gc          ] GC(106) Pause Full (System.gc()) 778M->778M(6136M) 731.820ms
[102.300s][info][gc,metaspace] GC(107) Metaspace: 43157K(46912K)->43157K(46912K) NonClass: 33192K(34880K)->33192K(34880K) Class: 9965K(12032K)->9965K(12032K)
[102.300s][info][gc          ] GC(107) Pause Full (System.gc()) 778M->778M(6136M) 740.229ms
[103.024s][info][gc,metaspace] GC(108) Metaspace: 43157K(46912K)->43157K(46912K) NonClass: 33192K(34880K)->33192K(34880K) Class: 9965K(12032K)->9965K(12032K)
[103.024s][info][gc          ] GC(108) Pause Full (System.gc()) 778M->778M(6136M) 723.739ms
After GCs... 
