[0.001s][info][metaspace]  - commit_granule_bytes: 65536.
[0.001s][info][metaspace]  - commit_granule_words: 8192.
[0.001s][info][metaspace]  - virtual_space_node_default_size: 8388608.
[0.001s][info][metaspace]  - enlarge_chunks_in_place: 1.
[0.001s][info][metaspace]  - use_allocation_guard: 0.
[0.005s][info][gc       ] Using Parallel
[0.367s][info][metaspace] Reserving compressed class space anywhere
[0.367s][info][gc,metaspace] CDS archive(s) not mapped
[0.367s][info][gc,metaspace] Compressed class space mapped at: 0x00007ffee7000000-0x00007fffa7000000, reserved size: 3221225472
[0.367s][info][gc,metaspace] UseCompressedClassPointers 1, UseCompactObjectHeaders 1, Use2c0 1narrow klass pointer bits 22, max shift 6
[0.367s][info][gc,metaspace] Narrow klass base: 0x00007ffee7000000, Narrow klass shift: 6, Narrow klass range: 0xc0000000
Num Classes: 4096
Num Objects per Class: 16384
Cycles: 100
Class association: random
Generate 4096 classes...[2.419s][info][gc,metaspace] GC(0) Metaspace: 26171K(27328K)->26171K(27328K) NonClass: 20582K(20800K)->20582K(20800K) Class: 5588K(6528K)->5588K(6528K)
[2.419s][info][gc          ] GC(0) Pause Young (Allocation Failure) 1536M->4M(5888M) 5.288ms
[3.698s][info][gc,metaspace] GC(1) Metaspace: 27014K(28224K)->27014K(28224K) NonClass: 21424K(21632K)->21424K(21632K) Class: 5590K(6592K)->5590K(6592K)
[3.698s][info][gc          ] GC(1) Pause Young (Allocation Failure) 1540M->4M(5888M) 5.245ms
[4.847s][info][gc,metaspace] GC(2) Metaspace: 27061K(28288K)->27061K(28288K) NonClass: 21470K(21696K)->21470K(21696K) Class: 5590K(6592K)->5590K(6592K)
[4.847s][info][gc          ] GC(2) Pause Young (Allocation Failure) 1540M->5M(5888M) 4.174ms
[5.983s][info][gc,metaspace] GC(3) Metaspace: 27131K(28352K)->27131K(28352K) NonClass: 21540K(21760K)->21540K(21760K) Class: 5590K(6592K)->5590K(6592K)
[5.983s][info][gc          ] GC(3) Pause Young (Allocation Failure) 1541M->5M(5888M) 4.309ms
[7.094s][info][gc,metaspace] GC(4) Metaspace: 27201K(28416K)->27201K(28416K) NonClass: 21611K(21824K)->21611K(21824K) Class: 5590K(6592K)->5590K(6592K)
[7.094s][info][gc          ] GC(4) Pause Young (Allocation Failure) 1541M->5M(5888M) 4.671ms
[8.176s][info][gc,metaspace] GC(5) Metaspace: 27299K(28544K)->27299K(28544K) NonClass: 21708K(21952K)->21708K(21952K) Class: 5590K(6592K)->5590K(6592K)
[8.176s][info][gc          ] GC(5) Pause Young (Allocation Failure) 1541M->6M(6136M) 5.172ms
[9.548s][info][gc,metaspace] GC(6) Metaspace: 27309K(28544K)->27309K(28544K) NonClass: 21717K(21952K)->21717K(21952K) Class: 5591K(6592K)->5591K(6592K)
[9.548s][info][gc          ] GC(6) Pause Young (Allocation Failure) 2040M->6M(6133M) 4.414ms
[10.955s][info][gc,metaspace] GC(7) Metaspace: 27309K(28544K)->27309K(28544K) NonClass: 21717K(21952K)->21717K(21952K) Class: 5591K(6592K)->5591K(6592K)
[10.955s][info][gc          ] GC(7) Pause Young (Allocation Failure) 2040M->7M(6136M) 1.219ms

Loading 4096...[12.188s][info][gc,metaspace] GC(8) Metaspace: 33269K(34432K)->33269K(34432K) NonClass: 23778K(24000K)->23778K(24000K) Class: 9491K(10432K)->9491K(10432K)
[12.188s][info][gc          ] GC(8) Pause Young (System.gc()) 1787M->7M(6131M) 1.290ms
[12.212s][info][gc,metaspace] GC(9) Metaspace: 33269K(34432K)->33269K(34432K) NonClass: 23778K(24000K)->23778K(24000K) Class: 9491K(10432K)->9491K(10432K)
[12.212s][info][gc          ] GC(9) Pause Full (System.gc()) 7M->7M(6131M) 23.899ms
Creating 16384 objects per class...
Done; will start GCs... 
[30.741s][info][gc,metaspace] GC(10) Metaspace: 90920K(113984K)->90920K(113984K) NonClass: 36373K(38016K)->36373K(38016K) Class: 54547K(75968K)->54547K(75968K)
[30.741s][info][gc          ] GC(10) Pause Young (System.gc()) 888M->778M(5570M) 1740.523ms
[33.003s][info][gc,metaspace] GC(11) Metaspace: 90920K(113984K)->90920K(113984K) NonClass: 36373K(38016K)->36373K(38016K) Class: 54547K(75968K)->54547K(75968K)
[33.003s][info][gc          ] GC(11) Pause Full (System.gc()) 778M->778M(5570M) 2261.489ms
[33.004s][info][gc,metaspace] GC(12) Metaspace: 90920K(113984K)->90920K(113984K) NonClass: 36373K(38016K)->36373K(38016K) Class: 54547K(75968K)->54547K(75968K)
[33.004s][info][gc          ] GC(12) Pause Young (System.gc()) 778M->778M(5853M) 1.197ms
[33.970s][info][gc,metaspace] GC(13) Metaspace: 90920K(113984K)->90920K(113984K) NonClass: 36373K(38016K)->36373K(38016K) Class: 54547K(75968K)->54547K(75968K)
[33.970s][info][gc          ] GC(13) Pause Full (System.gc()) 778M->778M(5853M) 965.977ms
[33.971s][info][gc,metaspace] GC(14) Metaspace: 90921K(113984K)->90921K(113984K) NonClass: 36373K(38016K)->36373K(38016K) Class: 54547K(75968K)->54547K(75968K)
[33.971s][info][gc          ] GC(14) Pause Young (System.gc()) 778M->778M(5868M) 0.908ms
[34.753s][info][gc,metaspace] GC(15) Metaspace: 90921K(113984K)->90921K(113984K) NonClass: 36373K(38016K)->36373K(38016K) Class: 54547K(75968K)->54547K(75968K)
[34.753s][info][gc          ] GC(15) Pause Full (System.gc()) 778M->778M(5868M) 782.079ms
[34.754s][info][gc,metaspace] GC(16) Metaspace: 90921K(113984K)->90921K(113984K) NonClass: 36374K(38016K)->36374K(38016K) Class: 54547K(75968K)->54547K(75968K)
[34.754s][info][gc          ] GC(16) Pause Young (System.gc()) 778M->778M(5860M) 0.526ms
[35.616s][info][gc,metaspace] GC(17) Metaspace: 90921K(113984K)->90921K(113984K) NonClass: 36374K(38016K)->36374K(38016K) Class: 54547K(75968K)->54547K(75968K)
[35.616s][info][gc          ] GC(17) Pause Full (System.gc()) 778M->778M(5860M) 861.495ms
[35.616s][info][gc,metaspace] GC(18) Metaspace: 90921K(113984K)->90921K(113984K) NonClass: 36374K(38016K)->36374K(38016K) Class: 54547K(75968K)->54547K(75968K)
[35.616s][info][gc          ] GC(18) Pause Young (System.gc()) 778M->778M(5889M) 0.558ms
[36.586s][info][gc,metaspace] GC(19) Metaspace: 90921K(113984K)->90921K(113984K) NonClass: 36374K(38016K)->36374K(38016K) Class: 54547K(75968K)->54547K(75968K)
[36.586s][info][gc          ] GC(19) Pause Full (System.gc()) 778M->778M(5889M) 969.696ms
[36.587s][info][gc,metaspace] GC(20) Metaspace: 90921K(113984K)->90921K(113984K) NonClass: 36374K(38016K)->36374K(38016K) Class: 54547K(75968K)->54547K(75968K)
[36.587s][info][gc          ] GC(20) Pause Young (System.gc()) 778M->778M(5878M) 0.800ms
[37.601s][info][gc,metaspace] GC(21) Metaspace: 90921K(113984K)->90921K(113984K) NonClass: 36374K(38016K)->36374K(38016K) Class: 54547K(75968K)->54547K(75968K)
[37.601s][info][gc          ] GC(21) Pause Full (System.gc()) 778M->778M(5878M) 1014.128ms
[37.602s][info][gc,metaspace] GC(22) Metaspace: 90921K(113984K)->90921K(113984K) NonClass: 36374K(38016K)->36374K(38016K) Class: 54547K(75968K)->54547K(75968K)
[37.602s][info][gc          ] GC(22) Pause Young (System.gc()) 778M->778M(5911M) 0.960ms
[38.569s][info][gc,metaspace] GC(23) Metaspace: 90921K(113984K)->90921K(113984K) NonClass: 36374K(38016K)->36374K(38016K) Class: 54547K(75968K)->54547K(75968K)
[38.569s][info][gc          ] GC(23) Pause Full (System.gc()) 778M->778M(5911M) 966.543ms
[38.569s][info][gc,metaspace] GC(24) Metaspace: 90921K(113984K)->90921K(113984K) NonClass: 36374K(38016K)->36374K(38016K) Class: 54547K(75968K)->54547K(75968K)
[38.569s][info][gc          ] GC(24) Pause Young (System.gc()) 778M->778M(5900M) 0.472ms
[39.503s][info][gc,metaspace] GC(25) Metaspace: 90921K(113984K)->90921K(113984K) NonClass: 36374K(38016K)->36374K(38016K) Class: 54547K(75968K)->54547K(75968K)
[39.503s][info][gc          ] GC(25) Pause Full (System.gc()) 778M->778M(5900M) 933.095ms
[39.504s][info][gc,metaspace] GC(26) Metaspace: 90921K(113984K)->90921K(113984K) NonClass: 36374K(38016K)->36374K(38016K) Class: 54547K(75968K)->54547K(75968K)
[39.504s][info][gc          ] GC(26) Pause Young (System.gc()) 778M->778M(5934M) 0.924ms
[40.466s][info][gc,metaspace] GC(27) Metaspace: 90921K(113984K)->90921K(113984K) NonClass: 36374K(38016K)->36374K(38016K) Class: 54547K(75968K)->54547K(75968K)
[40.466s][info][gc          ] GC(27) Pause Full (System.gc()) 778M->778M(5934M) 961.567ms
[40.467s][info][gc,metaspace] GC(28) Metaspace: 90921K(113984K)->90921K(113984K) NonClass: 36374K(38016K)->36374K(38016K) Class: 54547K(75968K)->54547K(75968K)
[40.467s][info][gc          ] GC(28) Pause Young (System.gc()) 778M->778M(5923M) 0.897ms
[41.415s][info][gc,metaspace] GC(29) Metaspace: 90921K(113984K)->90921K(113984K) NonClass: 36374K(38016K)->36374K(38016K) Class: 54547K(75968K)->54547K(75968K)
[41.415s][info][gc          ] GC(29) Pause Full (System.gc()) 778M->778M(5923M) 948.295ms
[41.416s][info][gc,metaspace] GC(30) Metaspace: 90921K(113984K)->90921K(113984K) NonClass: 36374K(38016K)->36374K(38016K) Class: 54547K(75968K)->54547K(75968K)
[41.416s][info][gc          ] GC(30) Pause Young (System.gc()) 778M->778M(5957M) 0.896ms
[42.340s][info][gc,metaspace] GC(31) Metaspace: 90921K(113984K)->90921K(113984K) NonClass: 36374K(38016K)->36374K(38016K) Class: 54547K(75968K)->54547K(75968K)
[42.340s][info][gc          ] GC(31) Pause Full (System.gc()) 778M->778M(5957M) 924.295ms
[42.341s][info][gc,metaspace] GC(32) Metaspace: 90921K(113984K)->90921K(113984K) NonClass: 36374K(38016K)->36374K(38016K) Class: 54547K(75968K)->54547K(75968K)
[42.341s][info][gc          ] GC(32) Pause Young (System.gc()) 778M->778M(5946M) 0.475ms
[43.299s][info][gc,metaspace] GC(33) Metaspace: 90921K(113984K)->90921K(113984K) NonClass: 36374K(38016K)->36374K(38016K) Class: 54547K(75968K)->54547K(75968K)
[43.299s][info][gc          ] GC(33) Pause Full (System.gc()) 778M->778M(5946M) 957.687ms
[43.300s][info][gc,metaspace] GC(34) Metaspace: 90921K(113984K)->90921K(113984K) NonClass: 36374K(38016K)->36374K(38016K) Class: 54547K(75968K)->54547K(75968K)
[43.300s][info][gc          ] GC(34) Pause Young (System.gc()) 778M->778M(5979M) 0.904ms
[44.272s][info][gc,metaspace] GC(35) Metaspace: 90921K(113984K)->90921K(113984K) NonClass: 36374K(38016K)->36374K(38016K) Class: 54547K(75968K)->54547K(75968K)
[44.272s][info][gc          ] GC(35) Pause Full (System.gc()) 778M->778M(5979M) 972.634ms
[44.273s][info][gc,metaspace] GC(36) Metaspace: 90921K(113984K)->90921K(113984K) NonClass: 36374K(38016K)->36374K(38016K) Class: 54547K(75968K)->54547K(75968K)
[44.273s][info][gc          ] GC(36) Pause Young (System.gc()) 778M->778M(5968M) 0.435ms
[45.238s][info][gc,metaspace] GC(37) Metaspace: 90921K(113984K)->90921K(113984K) NonClass: 36374K(38016K)->36374K(38016K) Class: 54547K(75968K)->54547K(75968K)
[45.238s][info][gc          ] GC(37) Pause Full (System.gc()) 778M->778M(5968M) 964.739ms
[45.239s][info][gc,metaspace] GC(38) Metaspace: 90921K(113984K)->90921K(113984K) NonClass: 36374K(38016K)->36374K(38016K) Class: 54547K(75968K)->54547K(75968K)
[45.239s][info][gc          ] GC(38) Pause Young (System.gc()) 778M->778M(5999M) 0.970ms
[46.233s][info][gc,metaspace] GC(39) Metaspace: 90921K(113984K)->90921K(113984K) NonClass: 36374K(38016K)->36374K(38016K) Class: 54547K(75968K)->54547K(75968K)
[46.233s][info][gc          ] GC(39) Pause Full (System.gc()) 778M->778M(5999M) 993.658ms
[46.234s][info][gc,metaspace] GC(40) Metaspace: 90921K(113984K)->90921K(113984K) NonClass: 36374K(38016K)->36374K(38016K) Class: 54547K(75968K)->54547K(75968K)
[46.234s][info][gc          ] GC(40) Pause Young (System.gc()) 778M->778M(5989M) 0.834ms
[47.178s][info][gc,metaspace] GC(41) Metaspace: 90921K(113984K)->90921K(113984K) NonClass: 36374K(38016K)->36374K(38016K) Class: 54547K(75968K)->54547K(75968K)
[47.179s][info][gc          ] GC(41) Pause Full (System.gc()) 778M->778M(5989M) 944.912ms
[47.179s][info][gc,metaspace] GC(42) Metaspace: 90921K(113984K)->90921K(113984K) NonClass: 36374K(38016K)->36374K(38016K) Class: 54547K(75968K)->54547K(75968K)
[47.179s][info][gc          ] GC(42) Pause Young (System.gc()) 778M->778M(6017M) 0.549ms
[48.109s][info][gc,metaspace] GC(43) Metaspace: 90921K(113984K)->90921K(113984K) NonClass: 36374K(38016K)->36374K(38016K) Class: 54547K(75968K)->54547K(75968K)
[48.110s][info][gc          ] GC(43) Pause Full (System.gc()) 778M->778M(6017M) 930.290ms
[48.111s][info][gc,metaspace] GC(44) Metaspace: 90921K(113984K)->90921K(113984K) NonClass: 36374K(38016K)->36374K(38016K) Class: 54547K(75968K)->54547K(75968K)
[48.111s][info][gc          ] GC(44) Pause Young (System.gc()) 778M->778M(6008M) 0.874ms
[49.068s][info][gc,metaspace] GC(45) Metaspace: 90921K(113984K)->90921K(113984K) NonClass: 36374K(38016K)->36374K(38016K) Class: 54547K(75968K)->54547K(75968K)
[49.068s][info][gc          ] GC(45) Pause Full (System.gc()) 778M->778M(6008M) 957.369ms
[49.069s][info][gc,metaspace] GC(46) Metaspace: 90921K(113984K)->90921K(113984K) NonClass: 36374K(38016K)->36374K(38016K) Class: 54547K(75968K)->54547K(75968K)
[49.069s][info][gc          ] GC(46) Pause Young (System.gc()) 778M->778M(6034M) 0.945ms
[49.953s][info][gc,metaspace] GC(47) Metaspace: 90921K(113984K)->90921K(113984K) NonClass: 36374K(38016K)->36374K(38016K) Class: 54547K(75968K)->54547K(75968K)
[49.953s][info][gc          ] GC(47) Pause Full (System.gc()) 778M->778M(6034M) 883.743ms
[49.954s][info][gc,metaspace] GC(48) Metaspace: 90921K(113984K)->90921K(113984K) NonClass: 36374K(38016K)->36374K(38016K) Class: 54547K(75968K)->54547K(75968K)
[49.954s][info][gc          ] GC(48) Pause Young (System.gc()) 778M->778M(6026M) 0.762ms
[50.732s][info][gc,metaspace] GC(49) Metaspace: 90921K(113984K)->90921K(113984K) NonClass: 36374K(38016K)->36374K(38016K) Class: 54547K(75968K)->54547K(75968K)
[50.732s][info][gc          ] GC(49) Pause Full (System.gc()) 778M->778M(6026M) 777.895ms
[50.737s][info][gc,metaspace] GC(50) Metaspace: 90921K(113984K)->90921K(113984K) NonClass: 36374K(38016K)->36374K(38016K) Class: 54547K(75968K)->54547K(75968K)
[50.737s][info][gc          ] GC(50) Pause Young (System.gc()) 778M->778M(6049M) 0.550ms
[51.705s][info][gc,metaspace] GC(51) Metaspace: 90921K(113984K)->90921K(113984K) NonClass: 36374K(38016K)->36374K(38016K) Class: 54547K(75968K)->54547K(75968K)
[51.705s][info][gc          ] GC(51) Pause Full (System.gc()) 778M->778M(6049M) 968.380ms
[51.706s][info][gc,metaspace] GC(52) Metaspace: 90921K(113984K)->90921K(113984K) NonClass: 36374K(38016K)->36374K(38016K) Class: 54547K(75968K)->54547K(75968K)
[51.706s][info][gc          ] GC(52) Pause Young (System.gc()) 778M->778M(6042M) 0.844ms
[52.686s][info][gc,metaspace] GC(53) Metaspace: 90921K(113984K)->90921K(113984K) NonClass: 36374K(38016K)->36374K(38016K) Class: 54547K(75968K)->54547K(75968K)
[52.686s][info][gc          ] GC(53) Pause Full (System.gc()) 778M->778M(6042M) 979.622ms
[52.687s][info][gc,metaspace] GC(54) Metaspace: 90921K(113984K)->90921K(113984K) NonClass: 36374K(38016K)->36374K(38016K) Class: 54547K(75968K)->54547K(75968K)
[52.687s][info][gc          ] GC(54) Pause Young (System.gc()) 778M->778M(6062M) 0.964ms
[53.600s][info][gc,metaspace] GC(55) Metaspace: 90921K(113984K)->90921K(113984K) NonClass: 36374K(38016K)->36374K(38016K) Class: 54547K(75968K)->54547K(75968K)
[53.600s][info][gc          ] GC(55) Pause Full (System.gc()) 778M->778M(6062M) 913.303ms
[53.601s][info][gc,metaspace] GC(56) Metaspace: 90921K(113984K)->90921K(113984K) NonClass: 36374K(38016K)->36374K(38016K) Class: 54547K(75968K)->54547K(75968K)
[53.601s][info][gc          ] GC(56) Pause Young (System.gc()) 778M->778M(6056M) 0.764ms
[54.555s][info][gc,metaspace] GC(57) Metaspace: 90921K(113984K)->90921K(113984K) NonClass: 36374K(38016K)->36374K(38016K) Class: 54547K(75968K)->54547K(75968K)
[54.555s][info][gc          ] GC(57) Pause Full (System.gc()) 778M->778M(6056M) 953.908ms
[54.556s][info][gc,metaspace] GC(58) Metaspace: 90921K(113984K)->90921K(113984K) NonClass: 36374K(38016K)->36374K(38016K) Class: 54547K(75968K)->54547K(75968K)
[54.556s][info][gc          ] GC(58) Pause Young (System.gc()) 778M->778M(6074M) 0.864ms
[55.504s][info][gc,metaspace] GC(59) Metaspace: 90921K(113984K)->90921K(113984K) NonClass: 36374K(38016K)->36374K(38016K) Class: 54547K(75968K)->54547K(75968K)
[55.504s][info][gc          ] GC(59) Pause Full (System.gc()) 778M->778M(6074M) 948.143ms
[55.505s][info][gc,metaspace] GC(60) Metaspace: 90921K(113984K)->90921K(113984K) NonClass: 36374K(38016K)->36374K(38016K) Class: 54547K(75968K)->54547K(75968K)
[55.505s][info][gc          ] GC(60) Pause Young (System.gc()) 778M->778M(6068M) 0.458ms
[56.468s][info][gc,metaspace] GC(61) Metaspace: 90921K(113984K)->90921K(113984K) NonClass: 36374K(38016K)->36374K(38016K) Class: 54547K(75968K)->54547K(75968K)
[56.468s][info][gc          ] GC(61) Pause Full (System.gc()) 778M->778M(6068M) 963.363ms
[56.473s][info][gc,metaspace] GC(62) Metaspace: 90921K(113984K)->90921K(113984K) NonClass: 36374K(38016K)->36374K(38016K) Class: 54547K(75968K)->54547K(75968K)
[56.473s][info][gc          ] GC(62) Pause Young (System.gc()) 778M->778M(6084M) 0.874ms
[57.421s][info][gc,metaspace] GC(63) Metaspace: 90921K(113984K)->90921K(113984K) NonClass: 36374K(38016K)->36374K(38016K) Class: 54547K(75968K)->54547K(75968K)
[57.422s][info][gc          ] GC(63) Pause Full (System.gc()) 778M->778M(6084M) 948.142ms
[57.422s][info][gc,metaspace] GC(64) Metaspace: 90921K(113984K)->90921K(113984K) NonClass: 36374K(38016K)->36374K(38016K) Class: 54547K(75968K)->54547K(75968K)
[57.422s][info][gc          ] GC(64) Pause Young (System.gc()) 778M->778M(6079M) 0.521ms
[58.375s][info][gc,metaspace] GC(65) Metaspace: 90921K(113984K)->90921K(113984K) NonClass: 36374K(38016K)->36374K(38016K) Class: 54547K(75968K)->54547K(75968K)
[58.375s][info][gc          ] GC(65) Pause Full (System.gc()) 778M->778M(6079M) 952.443ms
[58.376s][info][gc,metaspace] GC(66) Metaspace: 90921K(113984K)->90921K(113984K) NonClass: 36374K(38016K)->36374K(38016K) Class: 54547K(75968K)->54547K(75968K)
[58.376s][info][gc          ] GC(66) Pause Young (System.gc()) 778M->778M(6093M) 0.937ms
[59.320s][info][gc,metaspace] GC(67) Metaspace: 90921K(113984K)->90921K(113984K) NonClass: 36374K(38016K)->36374K(38016K) Class: 54547K(75968K)->54547K(75968K)
[59.320s][info][gc          ] GC(67) Pause Full (System.gc()) 778M->778M(6093M) 944.523ms
[59.321s][info][gc,metaspace] GC(68) Metaspace: 90921K(113984K)->90921K(113984K) NonClass: 36374K(38016K)->36374K(38016K) Class: 54547K(75968K)->54547K(75968K)
[59.321s][info][gc          ] GC(68) Pause Young (System.gc()) 778M->778M(6088M) 0.900ms
[60.259s][info][gc,metaspace] GC(69) Metaspace: 90921K(113984K)->90921K(113984K) NonClass: 36374K(38016K)->36374K(38016K) Class: 54547K(75968K)->54547K(75968K)
[60.259s][info][gc          ] GC(69) Pause Full (System.gc()) 778M->778M(6088M) 937.300ms
[60.259s][info][gc,metaspace] GC(70) Metaspace: 90921K(113984K)->90921K(113984K) NonClass: 36374K(38016K)->36374K(38016K) Class: 54547K(75968K)->54547K(75968K)
[60.259s][info][gc          ] GC(70) Pause Young (System.gc()) 778M->778M(6100M) 0.576ms
[61.225s][info][gc,metaspace] GC(71) Metaspace: 90921K(113984K)->90921K(113984K) NonClass: 36374K(38016K)->36374K(38016K) Class: 54547K(75968K)->54547K(75968K)
[61.225s][info][gc          ] GC(71) Pause Full (System.gc()) 778M->778M(6100M) 965.379ms
[61.226s][info][gc,metaspace] GC(72) Metaspace: 90921K(113984K)->90921K(113984K) NonClass: 36374K(38016K)->36374K(38016K) Class: 54547K(75968K)->54547K(75968K)
[61.226s][info][gc          ] GC(72) Pause Young (System.gc()) 778M->778M(6096M) 0.820ms
[62.189s][info][gc,metaspace] GC(73) Metaspace: 90921K(113984K)->90921K(113984K) NonClass: 36374K(38016K)->36374K(38016K) Class: 54547K(75968K)->54547K(75968K)
[62.190s][info][gc          ] GC(73) Pause Full (System.gc()) 778M->778M(6096M) 963.780ms
[62.190s][info][gc,metaspace] GC(74) Metaspace: 90921K(113984K)->90921K(113984K) NonClass: 36374K(38016K)->36374K(38016K) Class: 54547K(75968K)->54547K(75968K)
[62.190s][info][gc          ] GC(74) Pause Young (System.gc()) 778M->778M(6107M) 0.842ms
[63.112s][info][gc,metaspace] GC(75) Metaspace: 90921K(113984K)->90921K(113984K) NonClass: 36374K(38016K)->36374K(38016K) Class: 54547K(75968K)->54547K(75968K)
[63.112s][info][gc          ] GC(75) Pause Full (System.gc()) 778M->778M(6107M) 921.331ms
[63.113s][info][gc,metaspace] GC(76) Metaspace: 90921K(113984K)->90921K(113984K) NonClass: 36374K(38016K)->36374K(38016K) Class: 54547K(75968K)->54547K(75968K)
[63.113s][info][gc          ] GC(76) Pause Young (System.gc()) 778M->778M(6104M) 0.762ms
[64.076s][info][gc,metaspace] GC(77) Metaspace: 90921K(113984K)->90921K(113984K) NonClass: 36374K(38016K)->36374K(38016K) Class: 54547K(75968K)->54547K(75968K)
[64.076s][info][gc          ] GC(77) Pause Full (System.gc()) 778M->778M(6104M) 963.463ms
[64.077s][info][gc,metaspace] GC(78) Metaspace: 90921K(113984K)->90921K(113984K) NonClass: 36374K(38016K)->36374K(38016K) Class: 54547K(75968K)->54547K(75968K)
[64.077s][info][gc          ] GC(78) Pause Young (System.gc()) 778M->778M(6112M) 0.932ms
[65.072s][info][gc,metaspace] GC(79) Metaspace: 90921K(113984K)->90921K(113984K) NonClass: 36374K(38016K)->36374K(38016K) Class: 54547K(75968K)->54547K(75968K)
[65.072s][info][gc          ] GC(79) Pause Full (System.gc()) 778M->778M(6112M) 994.632ms
[65.073s][info][gc,metaspace] GC(80) Metaspace: 90921K(113984K)->90921K(113984K) NonClass: 36374K(38016K)->36374K(38016K) Class: 54547K(75968K)->54547K(75968K)
[65.073s][info][gc          ] GC(80) Pause Young (System.gc()) 791M->778M(6110M) 0.529ms
[66.010s][info][gc,metaspace] GC(81) Metaspace: 90921K(113984K)->90921K(113984K) NonClass: 36374K(38016K)->36374K(38016K) Class: 54547K(75968K)->54547K(75968K)
[66.010s][info][gc          ] GC(81) Pause Full (System.gc()) 778M->778M(6110M) 937.810ms
[66.011s][info][gc,metaspace] GC(82) Metaspace: 90921K(113984K)->90921K(113984K) NonClass: 36374K(38016K)->36374K(38016K) Class: 54547K(75968K)->54547K(75968K)
[66.011s][info][gc          ] GC(82) Pause Young (System.gc()) 778M->778M(6117M) 0.875ms
[66.971s][info][gc,metaspace] GC(83) Metaspace: 90921K(113984K)->90921K(113984K) NonClass: 36374K(38016K)->36374K(38016K) Class: 54547K(75968K)->54547K(75968K)
[66.971s][info][gc          ] GC(83) Pause Full (System.gc()) 778M->778M(6117M) 959.923ms
[66.972s][info][gc,metaspace] GC(84) Metaspace: 90921K(113984K)->90921K(113984K) NonClass: 36374K(38016K)->36374K(38016K) Class: 54547K(75968K)->54547K(75968K)
[66.972s][info][gc          ] GC(84) Pause Young (System.gc()) 778M->778M(6115M) 0.798ms
[67.926s][info][gc,metaspace] GC(85) Metaspace: 90921K(113984K)->90921K(113984K) NonClass: 36374K(38016K)->36374K(38016K) Class: 54547K(75968K)->54547K(75968K)
[67.926s][info][gc          ] GC(85) Pause Full (System.gc()) 778M->778M(6115M) 953.776ms
[67.927s][info][gc,metaspace] GC(86) Metaspace: 90921K(113984K)->90921K(113984K) NonClass: 36374K(38016K)->36374K(38016K) Class: 54547K(75968K)->54547K(75968K)
[67.927s][info][gc          ] GC(86) Pause Young (System.gc()) 778M->778M(6121M) 0.834ms
[68.899s][info][gc,metaspace] GC(87) Metaspace: 90921K(113984K)->90921K(113984K) NonClass: 36374K(38016K)->36374K(38016K) Class: 54547K(75968K)->54547K(75968K)
[68.899s][info][gc          ] GC(87) Pause Full (System.gc()) 778M->778M(6121M) 971.394ms
[68.900s][info][gc,metaspace] GC(88) Metaspace: 90921K(113984K)->90921K(113984K) NonClass: 36374K(38016K)->36374K(38016K) Class: 54547K(75968K)->54547K(75968K)
[68.900s][info][gc          ] GC(88) Pause Young (System.gc()) 778M->778M(6119M) 0.865ms
[69.785s][info][gc,metaspace] GC(89) Metaspace: 90921K(113984K)->90921K(113984K) NonClass: 36374K(38016K)->36374K(38016K) Class: 54547K(75968K)->54547K(75968K)
[69.785s][info][gc          ] GC(89) Pause Full (System.gc()) 778M->778M(6119M) 885.633ms
[69.786s][info][gc,metaspace] GC(90) Metaspace: 90921K(113984K)->90921K(113984K) NonClass: 36374K(38016K)->36374K(38016K) Class: 54547K(75968K)->54547K(75968K)
[69.786s][info][gc          ] GC(90) Pause Young (System.gc()) 778M->778M(6125M) 0.939ms
[70.729s][info][gc,metaspace] GC(91) Metaspace: 90921K(113984K)->90921K(113984K) NonClass: 36374K(38016K)->36374K(38016K) Class: 54547K(75968K)->54547K(75968K)
[70.729s][info][gc          ] GC(91) Pause Full (System.gc()) 778M->778M(6125M) 943.106ms
[70.730s][info][gc,metaspace] GC(92) Metaspace: 90921K(113984K)->90921K(113984K) NonClass: 36374K(38016K)->36374K(38016K) Class: 54547K(75968K)->54547K(75968K)
[70.730s][info][gc          ] GC(92) Pause Young (System.gc()) 778M->778M(6123M) 0.804ms
[71.706s][info][gc,metaspace] GC(93) Metaspace: 90921K(113984K)->90921K(113984K) NonClass: 36374K(38016K)->36374K(38016K) Class: 54547K(75968K)->54547K(75968K)
[71.706s][info][gc          ] GC(93) Pause Full (System.gc()) 778M->778M(6123M) 975.429ms
[71.707s][info][gc,metaspace] GC(94) Metaspace: 90921K(113984K)->90921K(113984K) NonClass: 36374K(38016K)->36374K(38016K) Class: 54547K(75968K)->54547K(75968K)
[71.707s][info][gc          ] GC(94) Pause Young (System.gc()) 778M->778M(6128M) 0.870ms
[72.665s][info][gc,metaspace] GC(95) Metaspace: 90921K(113984K)->90921K(113984K) NonClass: 36374K(38016K)->36374K(38016K) Class: 54547K(75968K)->54547K(75968K)
[72.665s][info][gc          ] GC(95) Pause Full (System.gc()) 778M->778M(6128M) 958.456ms
[72.666s][info][gc,metaspace] GC(96) Metaspace: 90921K(113984K)->90921K(113984K) NonClass: 36374K(38016K)->36374K(38016K) Class: 54547K(75968K)->54547K(75968K)
[72.666s][info][gc          ] GC(96) Pause Young (System.gc()) 778M->778M(6126M) 0.760ms
[73.608s][info][gc,metaspace] GC(97) Metaspace: 90921K(113984K)->90921K(113984K) NonClass: 36374K(38016K)->36374K(38016K) Class: 54547K(75968K)->54547K(75968K)
[73.608s][info][gc          ] GC(97) Pause Full (System.gc()) 778M->778M(6126M) 942.251ms
[73.614s][info][gc,metaspace] GC(98) Metaspace: 90921K(113984K)->90921K(113984K) NonClass: 36374K(38016K)->36374K(38016K) Class: 54547K(75968K)->54547K(75968K)
[73.614s][info][gc          ] GC(98) Pause Young (System.gc()) 778M->778M(6130M) 0.832ms
[74.599s][info][gc,metaspace] GC(99) Metaspace: 90921K(113984K)->90921K(113984K) NonClass: 36374K(38016K)->36374K(38016K) Class: 54547K(75968K)->54547K(75968K)
[74.599s][info][gc          ] GC(99) Pause Full (System.gc()) 778M->778M(6130M) 985.543ms
[74.600s][info][gc,metaspace] GC(100) Metaspace: 90921K(113984K)->90921K(113984K) NonClass: 36374K(38016K)->36374K(38016K) Class: 54547K(75968K)->54547K(75968K)
[74.600s][info][gc          ] GC(100) Pause Young (System.gc()) 778M->778M(6129M) 0.813ms
[75.549s][info][gc,metaspace] GC(101) Metaspace: 90921K(113984K)->90921K(113984K) NonClass: 36374K(38016K)->36374K(38016K) Class: 54547K(75968K)->54547K(75968K)
[75.549s][info][gc          ] GC(101) Pause Full (System.gc()) 778M->778M(6129M) 948.658ms
[75.550s][info][gc,metaspace] GC(102) Metaspace: 90921K(113984K)->90921K(113984K) NonClass: 36374K(38016K)->36374K(38016K) Class: 54547K(75968K)->54547K(75968K)
[75.550s][info][gc          ] GC(102) Pause Young (System.gc()) 778M->778M(6132M) 0.881ms
[76.494s][info][gc,metaspace] GC(103) Metaspace: 90921K(113984K)->90921K(113984K) NonClass: 36374K(38016K)->36374K(38016K) Class: 54547K(75968K)->54547K(75968K)
[76.494s][info][gc          ] GC(103) Pause Full (System.gc()) 778M->778M(6132M) 944.269ms
[76.495s][info][gc,metaspace] GC(104) Metaspace: 90921K(113984K)->90921K(113984K) NonClass: 36374K(38016K)->36374K(38016K) Class: 54547K(75968K)->54547K(75968K)
[76.495s][info][gc          ] GC(104) Pause Young (System.gc()) 778M->778M(6131M) 0.830ms
[77.475s][info][gc,metaspace] GC(105) Metaspace: 90921K(113984K)->90921K(113984K) NonClass: 36374K(38016K)->36374K(38016K) Class: 54547K(75968K)->54547K(75968K)
[77.475s][info][gc          ] GC(105) Pause Full (System.gc()) 778M->778M(6131M) 980.059ms
[77.476s][info][gc,metaspace] GC(106) Metaspace: 90921K(113984K)->90921K(113984K) NonClass: 36374K(38016K)->36374K(38016K) Class: 54547K(75968K)->54547K(75968K)
[77.476s][info][gc          ] GC(106) Pause Young (System.gc()) 778M->778M(6134M) 0.892ms
[78.424s][info][gc,metaspace] GC(107) Metaspace: 90921K(113984K)->90921K(113984K) NonClass: 36374K(38016K)->36374K(38016K) Class: 54547K(75968K)->54547K(75968K)
[78.424s][info][gc          ] GC(107) Pause Full (System.gc()) 778M->778M(6134M) 948.105ms
[78.425s][info][gc,metaspace] GC(108) Metaspace: 90921K(113984K)->90921K(113984K) NonClass: 36374K(38016K)->36374K(38016K) Class: 54547K(75968K)->54547K(75968K)
[78.425s][info][gc          ] GC(108) Pause Young (System.gc()) 778M->778M(6133M) 0.834ms
[79.349s][info][gc,metaspace] GC(109) Metaspace: 90921K(113984K)->90921K(113984K) NonClass: 36374K(38016K)->36374K(38016K) Class: 54547K(75968K)->54547K(75968K)
[79.349s][info][gc          ] GC(109) Pause Full (System.gc()) 778M->778M(6133M) 923.655ms
[79.354s][info][gc,metaspace] GC(110) Metaspace: 90921K(113984K)->90921K(113984K) NonClass: 36374K(38016K)->36374K(38016K) Class: 54547K(75968K)->54547K(75968K)
[79.354s][info][gc          ] GC(110) Pause Young (System.gc()) 778M->778M(6136M) 0.818ms
[80.321s][info][gc,metaspace] GC(111) Metaspace: 90921K(113984K)->90921K(113984K) NonClass: 36374K(38016K)->36374K(38016K) Class: 54547K(75968K)->54547K(75968K)
[80.321s][info][gc          ] GC(111) Pause Full (System.gc()) 778M->778M(6136M) 966.743ms
[80.322s][info][gc,metaspace] GC(112) Metaspace: 90921K(113984K)->90921K(113984K) NonClass: 36374K(38016K)->36374K(38016K) Class: 54547K(75968K)->54547K(75968K)
[80.322s][info][gc          ] GC(112) Pause Young (System.gc()) 778M->778M(6135M) 0.818ms
[81.330s][info][gc,metaspace] GC(113) Metaspace: 90921K(113984K)->90921K(113984K) NonClass: 36374K(38016K)->36374K(38016K) Class: 54547K(75968K)->54547K(75968K)
[81.330s][info][gc          ] GC(113) Pause Full (System.gc()) 778M->778M(6135M) 1007.680ms
[81.331s][info][gc,metaspace] GC(114) Metaspace: 90921K(113984K)->90921K(113984K) NonClass: 36374K(38016K)->36374K(38016K) Class: 54547K(75968K)->54547K(75968K)
[81.331s][info][gc          ] GC(114) Pause Young (System.gc()) 778M->778M(6137M) 0.878ms
[82.271s][info][gc,metaspace] GC(115) Metaspace: 90921K(113984K)->90921K(113984K) NonClass: 36374K(38016K)->36374K(38016K) Class: 54547K(75968K)->54547K(75968K)
[82.271s][info][gc          ] GC(115) Pause Full (System.gc()) 778M->778M(6137M) 940.079ms
[82.272s][info][gc,metaspace] GC(116) Metaspace: 90921K(113984K)->90921K(113984K) NonClass: 36374K(38016K)->36374K(38016K) Class: 54547K(75968K)->54547K(75968K)
[82.272s][info][gc          ] GC(116) Pause Young (System.gc()) 778M->778M(6136M) 0.803ms
[83.201s][info][gc,metaspace] GC(117) Metaspace: 90921K(113984K)->90921K(113984K) NonClass: 36374K(38016K)->36374K(38016K) Class: 54547K(75968K)->54547K(75968K)
[83.201s][info][gc          ] GC(117) Pause Full (System.gc()) 778M->778M(6136M) 929.536ms
[83.202s][info][gc,metaspace] GC(118) Metaspace: 90921K(113984K)->90921K(113984K) NonClass: 36374K(38016K)->36374K(38016K) Class: 54547K(75968K)->54547K(75968K)
[83.202s][info][gc          ] GC(118) Pause Young (System.gc()) 778M->778M(6138M) 0.863ms
[84.184s][info][gc,metaspace] GC(119) Metaspace: 90921K(113984K)->90921K(113984K) NonClass: 36374K(38016K)->36374K(38016K) Class: 54547K(75968K)->54547K(75968K)
[84.185s][info][gc          ] GC(119) Pause Full (System.gc()) 778M->778M(6138M) 982.192ms
[84.185s][info][gc,metaspace] GC(120) Metaspace: 90921K(113984K)->90921K(113984K) NonClass: 36374K(38016K)->36374K(38016K) Class: 54547K(75968K)->54547K(75968K)
[84.186s][info][gc          ] GC(120) Pause Young (System.gc()) 778M->778M(6138M) 0.897ms
[85.132s][info][gc,metaspace] GC(121) Metaspace: 90921K(113984K)->90921K(113984K) NonClass: 36374K(38016K)->36374K(38016K) Class: 54547K(75968K)->54547K(75968K)
[85.132s][info][gc          ] GC(121) Pause Full (System.gc()) 778M->778M(6138M) 946.233ms
[85.133s][info][gc,metaspace] GC(122) Metaspace: 90921K(113984K)->90921K(113984K) NonClass: 36374K(38016K)->36374K(38016K) Class: 54547K(75968K)->54547K(75968K)
[85.133s][info][gc          ] GC(122) Pause Young (System.gc()) 778M->778M(6139M) 0.791ms
[86.032s][info][gc,metaspace] GC(123) Metaspace: 90921K(113984K)->90921K(113984K) NonClass: 36374K(38016K)->36374K(38016K) Class: 54547K(75968K)->54547K(75968K)
[86.032s][info][gc          ] GC(123) Pause Full (System.gc()) 778M->778M(6139M) 899.715ms
[86.033s][info][gc,metaspace] GC(124) Metaspace: 90921K(113984K)->90921K(113984K) NonClass: 36374K(38016K)->36374K(38016K) Class: 54547K(75968K)->54547K(75968K)
[86.033s][info][gc          ] GC(124) Pause Young (System.gc()) 778M->778M(6139M) 0.765ms
[86.854s][info][gc,metaspace] GC(125) Metaspace: 90921K(113984K)->90921K(113984K) NonClass: 36374K(38016K)->36374K(38016K) Class: 54547K(75968K)->54547K(75968K)
[86.854s][info][gc          ] GC(125) Pause Full (System.gc()) 778M->778M(6139M) 820.664ms
[86.855s][info][gc,metaspace] GC(126) Metaspace: 90921K(113984K)->90921K(113984K) NonClass: 36374K(38016K)->36374K(38016K) Class: 54547K(75968K)->54547K(75968K)
[86.855s][info][gc          ] GC(126) Pause Young (System.gc()) 778M->778M(6140M) 0.865ms
[87.762s][info][gc,metaspace] GC(127) Metaspace: 90921K(113984K)->90921K(113984K) NonClass: 36374K(38016K)->36374K(38016K) Class: 54547K(75968K)->54547K(75968K)
[87.762s][info][gc          ] GC(127) Pause Full (System.gc()) 778M->778M(6140M) 907.028ms
[87.763s][info][gc,metaspace] GC(128) Metaspace: 90921K(113984K)->90921K(113984K) NonClass: 36374K(38016K)->36374K(38016K) Class: 54547K(75968K)->54547K(75968K)
[87.763s][info][gc          ] GC(128) Pause Young (System.gc()) 778M->778M(6139M) 0.790ms
[88.708s][info][gc,metaspace] GC(129) Metaspace: 90921K(113984K)->90921K(113984K) NonClass: 36374K(38016K)->36374K(38016K) Class: 54547K(75968K)->54547K(75968K)
[88.708s][info][gc          ] GC(129) Pause Full (System.gc()) 778M->778M(6139M) 944.751ms
[88.709s][info][gc,metaspace] GC(130) Metaspace: 90921K(113984K)->90921K(113984K) NonClass: 36374K(38016K)->36374K(38016K) Class: 54547K(75968K)->54547K(75968K)
[88.709s][info][gc          ] GC(130) Pause Young (System.gc()) 778M->778M(6140M) 0.858ms
[89.674s][info][gc,metaspace] GC(131) Metaspace: 90921K(113984K)->90921K(113984K) NonClass: 36374K(38016K)->36374K(38016K) Class: 54547K(75968K)->54547K(75968K)
[89.674s][info][gc          ] GC(131) Pause Full (System.gc()) 778M->778M(6140M) 965.270ms
[89.675s][info][gc,metaspace] GC(132) Metaspace: 90921K(113984K)->90921K(113984K) NonClass: 36374K(38016K)->36374K(38016K) Class: 54547K(75968K)->54547K(75968K)
[89.675s][info][gc          ] GC(132) Pause Young (System.gc()) 778M->778M(6140M) 0.843ms
[90.613s][info][gc,metaspace] GC(133) Metaspace: 90921K(113984K)->90921K(113984K) NonClass: 36374K(38016K)->36374K(38016K) Class: 54547K(75968K)->54547K(75968K)
[90.613s][info][gc          ] GC(133) Pause Full (System.gc()) 778M->778M(6140M) 938.014ms
[90.618s][info][gc,metaspace] GC(134) Metaspace: 90921K(113984K)->90921K(113984K) NonClass: 36374K(38016K)->36374K(38016K) Class: 54547K(75968K)->54547K(75968K)
[90.618s][info][gc          ] GC(134) Pause Young (System.gc()) 778M->778M(6141M) 0.892ms
[91.591s][info][gc,metaspace] GC(135) Metaspace: 90921K(113984K)->90921K(113984K) NonClass: 36374K(38016K)->36374K(38016K) Class: 54547K(75968K)->54547K(75968K)
[91.591s][info][gc          ] GC(135) Pause Full (System.gc()) 778M->778M(6141M) 972.804ms
[91.592s][info][gc,metaspace] GC(136) Metaspace: 90921K(113984K)->90921K(113984K) NonClass: 36374K(38016K)->36374K(38016K) Class: 54547K(75968K)->54547K(75968K)
[91.592s][info][gc          ] GC(136) Pause Young (System.gc()) 778M->778M(6141M) 0.897ms
[92.530s][info][gc,metaspace] GC(137) Metaspace: 90921K(113984K)->90921K(113984K) NonClass: 36374K(38016K)->36374K(38016K) Class: 54547K(75968K)->54547K(75968K)
[92.530s][info][gc          ] GC(137) Pause Full (System.gc()) 778M->778M(6141M) 937.687ms
[92.531s][info][gc,metaspace] GC(138) Metaspace: 90921K(113984K)->90921K(113984K) NonClass: 36374K(38016K)->36374K(38016K) Class: 54547K(75968K)->54547K(75968K)
[92.531s][info][gc          ] GC(138) Pause Young (System.gc()) 778M->778M(6141M) 0.508ms
[93.475s][info][gc,metaspace] GC(139) Metaspace: 90921K(113984K)->90921K(113984K) NonClass: 36374K(38016K)->36374K(38016K) Class: 54547K(75968K)->54547K(75968K)
[93.475s][info][gc          ] GC(139) Pause Full (System.gc()) 778M->778M(6141M) 943.914ms
[93.475s][info][gc,metaspace] GC(140) Metaspace: 90921K(113984K)->90921K(113984K) NonClass: 36374K(38016K)->36374K(38016K) Class: 54547K(75968K)->54547K(75968K)
[93.475s][info][gc          ] GC(140) Pause Young (System.gc()) 778M->778M(6141M) 0.819ms
[94.399s][info][gc,metaspace] GC(141) Metaspace: 90921K(113984K)->90921K(113984K) NonClass: 36374K(38016K)->36374K(38016K) Class: 54547K(75968K)->54547K(75968K)
[94.399s][info][gc          ] GC(141) Pause Full (System.gc()) 778M->778M(6141M) 923.954ms
[94.400s][info][gc,metaspace] GC(142) Metaspace: 90921K(113984K)->90921K(113984K) NonClass: 36374K(38016K)->36374K(38016K) Class: 54547K(75968K)->54547K(75968K)
[94.400s][info][gc          ] GC(142) Pause Young (System.gc()) 778M->778M(6142M) 0.468ms
[95.343s][info][gc,metaspace] GC(143) Metaspace: 90921K(113984K)->90921K(113984K) NonClass: 36374K(38016K)->36374K(38016K) Class: 54547K(75968K)->54547K(75968K)
[95.343s][info][gc          ] GC(143) Pause Full (System.gc()) 778M->778M(6142M) 942.967ms
[95.344s][info][gc,metaspace] GC(144) Metaspace: 90921K(113984K)->90921K(113984K) NonClass: 36374K(38016K)->36374K(38016K) Class: 54547K(75968K)->54547K(75968K)
[95.344s][info][gc          ] GC(144) Pause Young (System.gc()) 778M->778M(6142M) 0.475ms
[96.293s][info][gc,metaspace] GC(145) Metaspace: 90921K(113984K)->90921K(113984K) NonClass: 36374K(38016K)->36374K(38016K) Class: 54547K(75968K)->54547K(75968K)
[96.293s][info][gc          ] GC(145) Pause Full (System.gc()) 778M->778M(6142M) 949.601ms
[96.294s][info][gc,metaspace] GC(146) Metaspace: 90921K(113984K)->90921K(113984K) NonClass: 36374K(38016K)->36374K(38016K) Class: 54547K(75968K)->54547K(75968K)
[96.294s][info][gc          ] GC(146) Pause Young (System.gc()) 778M->778M(6142M) 0.789ms
[97.238s][info][gc,metaspace] GC(147) Metaspace: 90921K(113984K)->90921K(113984K) NonClass: 36374K(38016K)->36374K(38016K) Class: 54547K(75968K)->54547K(75968K)
[97.238s][info][gc          ] GC(147) Pause Full (System.gc()) 778M->778M(6142M) 943.319ms
[97.238s][info][gc,metaspace] GC(148) Metaspace: 90921K(113984K)->90921K(113984K) NonClass: 36374K(38016K)->36374K(38016K) Class: 54547K(75968K)->54547K(75968K)
[97.238s][info][gc          ] GC(148) Pause Young (System.gc()) 778M->778M(6142M) 0.501ms
[98.167s][info][gc,metaspace] GC(149) Metaspace: 90921K(113984K)->90921K(113984K) NonClass: 36374K(38016K)->36374K(38016K) Class: 54547K(75968K)->54547K(75968K)
[98.167s][info][gc          ] GC(149) Pause Full (System.gc()) 778M->778M(6142M) 928.560ms
[98.168s][info][gc,metaspace] GC(150) Metaspace: 90921K(113984K)->90921K(113984K) NonClass: 36374K(38016K)->36374K(38016K) Class: 54547K(75968K)->54547K(75968K)
[98.168s][info][gc          ] GC(150) Pause Young (System.gc()) 778M->778M(6142M) 0.871ms
[99.140s][info][gc,metaspace] GC(151) Metaspace: 90921K(113984K)->90921K(113984K) NonClass: 36374K(38016K)->36374K(38016K) Class: 54547K(75968K)->54547K(75968K)
[99.140s][info][gc          ] GC(151) Pause Full (System.gc()) 778M->778M(6142M) 972.164ms
[99.141s][info][gc,metaspace] GC(152) Metaspace: 90921K(113984K)->90921K(113984K) NonClass: 36374K(38016K)->36374K(38016K) Class: 54547K(75968K)->54547K(75968K)
[99.141s][info][gc          ] GC(152) Pause Young (System.gc()) 778M->778M(6142M) 0.757ms
[100.056s][info][gc,metaspace] GC(153) Metaspace: 90921K(113984K)->90921K(113984K) NonClass: 36374K(38016K)->36374K(38016K) Class: 54547K(75968K)->54547K(75968K)
[100.056s][info][gc          ] GC(153) Pause Full (System.gc()) 778M->778M(6142M) 915.579ms
[100.057s][info][gc,metaspace] GC(154) Metaspace: 90921K(113984K)->90921K(113984K) NonClass: 36374K(38016K)->36374K(38016K) Class: 54547K(75968K)->54547K(75968K)
[100.057s][info][gc          ] GC(154) Pause Young (System.gc()) 778M->778M(6142M) 0.737ms
[100.987s][info][gc,metaspace] GC(155) Metaspace: 90921K(113984K)->90921K(113984K) NonClass: 36374K(38016K)->36374K(38016K) Class: 54547K(75968K)->54547K(75968K)
[100.987s][info][gc          ] GC(155) Pause Full (System.gc()) 778M->778M(6142M) 929.561ms
[100.987s][info][gc,metaspace] GC(156) Metaspace: 90921K(113984K)->90921K(113984K) NonClass: 36374K(38016K)->36374K(38016K) Class: 54547K(75968K)->54547K(75968K)
[100.988s][info][gc          ] GC(156) Pause Young (System.gc()) 778M->778M(6142M) 0.517ms
[101.902s][info][gc,metaspace] GC(157) Metaspace: 90921K(113984K)->90921K(113984K) NonClass: 36374K(38016K)->36374K(38016K) Class: 54547K(75968K)->54547K(75968K)
[101.902s][info][gc          ] GC(157) Pause Full (System.gc()) 778M->778M(6142M) 914.614ms
[101.903s][info][gc,metaspace] GC(158) Metaspace: 90921K(113984K)->90921K(113984K) NonClass: 36374K(38016K)->36374K(38016K) Class: 54547K(75968K)->54547K(75968K)
[101.903s][info][gc          ] GC(158) Pause Young (System.gc()) 778M->778M(6143M) 0.829ms
[102.833s][info][gc,metaspace] GC(159) Metaspace: 90921K(113984K)->90921K(113984K) NonClass: 36374K(38016K)->36374K(38016K) Class: 54547K(75968K)->54547K(75968K)
[102.834s][info][gc          ] GC(159) Pause Full (System.gc()) 778M->778M(6143M) 930.316ms
[102.834s][info][gc,metaspace] GC(160) Metaspace: 90921K(113984K)->90921K(113984K) NonClass: 36374K(38016K)->36374K(38016K) Class: 54547K(75968K)->54547K(75968K)
[102.834s][info][gc          ] GC(160) Pause Young (System.gc()) 778M->778M(6143M) 0.768ms
[103.746s][info][gc,metaspace] GC(161) Metaspace: 90921K(113984K)->90921K(113984K) NonClass: 36374K(38016K)->36374K(38016K) Class: 54547K(75968K)->54547K(75968K)
[103.746s][info][gc          ] GC(161) Pause Full (System.gc()) 778M->778M(6143M) 911.419ms
[103.747s][info][gc,metaspace] GC(162) Metaspace: 90921K(113984K)->90921K(113984K) NonClass: 36374K(38016K)->36374K(38016K) Class: 54547K(75968K)->54547K(75968K)
[103.747s][info][gc          ] GC(162) Pause Young (System.gc()) 778M->778M(6143M) 0.765ms
[104.680s][info][gc,metaspace] GC(163) Metaspace: 90921K(113984K)->90921K(113984K) NonClass: 36374K(38016K)->36374K(38016K) Class: 54547K(75968K)->54547K(75968K)
[104.680s][info][gc          ] GC(163) Pause Full (System.gc()) 778M->778M(6143M) 933.255ms
[104.681s][info][gc,metaspace] GC(164) Metaspace: 90921K(113984K)->90921K(113984K) NonClass: 36374K(38016K)->36374K(38016K) Class: 54547K(75968K)->54547K(75968K)
[104.681s][info][gc          ] GC(164) Pause Young (System.gc()) 778M->778M(6143M) 0.844ms
[105.680s][info][gc,metaspace] GC(165) Metaspace: 90921K(113984K)->90921K(113984K) NonClass: 36374K(38016K)->36374K(38016K) Class: 54547K(75968K)->54547K(75968K)
[105.680s][info][gc          ] GC(165) Pause Full (System.gc()) 778M->778M(6143M) 998.947ms
[105.681s][info][gc,metaspace] GC(166) Metaspace: 90921K(113984K)->90921K(113984K) NonClass: 36374K(38016K)->36374K(38016K) Class: 54547K(75968K)->54547K(75968K)
[105.681s][info][gc          ] GC(166) Pause Young (System.gc()) 778M->778M(6143M) 0.902ms
[106.642s][info][gc,metaspace] GC(167) Metaspace: 90921K(113984K)->90921K(113984K) NonClass: 36374K(38016K)->36374K(38016K) Class: 54547K(75968K)->54547K(75968K)
[106.642s][info][gc          ] GC(167) Pause Full (System.gc()) 778M->778M(6143M) 961.005ms
[106.643s][info][gc,metaspace] GC(168) Metaspace: 90921K(113984K)->90921K(113984K) NonClass: 36374K(38016K)->36374K(38016K) Class: 54547K(75968K)->54547K(75968K)
[106.643s][info][gc          ] GC(168) Pause Young (System.gc()) 778M->778M(6143M) 0.816ms
[107.606s][info][gc,metaspace] GC(169) Metaspace: 90921K(113984K)->90921K(113984K) NonClass: 36374K(38016K)->36374K(38016K) Class: 54547K(75968K)->54547K(75968K)
[107.606s][info][gc          ] GC(169) Pause Full (System.gc()) 778M->778M(6143M) 962.779ms
[107.611s][info][gc,metaspace] GC(170) Metaspace: 90921K(113984K)->90921K(113984K) NonClass: 36374K(38016K)->36374K(38016K) Class: 54547K(75968K)->54547K(75968K)
[107.611s][info][gc          ] GC(170) Pause Young (System.gc()) 778M->778M(6143M) 0.833ms
[108.596s][info][gc,metaspace] GC(171) Metaspace: 90921K(113984K)->90921K(113984K) NonClass: 36374K(38016K)->36374K(38016K) Class: 54547K(75968K)->54547K(75968K)
[108.596s][info][gc          ] GC(171) Pause Full (System.gc()) 778M->778M(6143M) 984.495ms
[108.597s][info][gc,metaspace] GC(172) Metaspace: 90921K(113984K)->90921K(113984K) NonClass: 36374K(38016K)->36374K(38016K) Class: 54547K(75968K)->54547K(75968K)
[108.597s][info][gc          ] GC(172) Pause Young (System.gc()) 778M->778M(6143M) 0.909ms
[109.492s][info][gc,metaspace] GC(173) Metaspace: 90921K(113984K)->90921K(113984K) NonClass: 36374K(38016K)->36374K(38016K) Class: 54547K(75968K)->54547K(75968K)
[109.492s][info][gc          ] GC(173) Pause Full (System.gc()) 778M->778M(6143M) 895.154ms
[109.492s][info][gc,metaspace] GC(174) Metaspace: 90921K(113984K)->90921K(113984K) NonClass: 36374K(38016K)->36374K(38016K) Class: 54547K(75968K)->54547K(75968K)
[109.492s][info][gc          ] GC(174) Pause Young (System.gc()) 778M->778M(6143M) 0.494ms
[110.443s][info][gc,metaspace] GC(175) Metaspace: 90921K(113984K)->90921K(113984K) NonClass: 36374K(38016K)->36374K(38016K) Class: 54547K(75968K)->54547K(75968K)
[110.443s][info][gc          ] GC(175) Pause Full (System.gc()) 778M->778M(6143M) 950.892ms
[110.444s][info][gc,metaspace] GC(176) Metaspace: 90921K(113984K)->90921K(113984K) NonClass: 36374K(38016K)->36374K(38016K) Class: 54547K(75968K)->54547K(75968K)
[110.444s][info][gc          ] GC(176) Pause Young (System.gc()) 778M->778M(6143M) 0.806ms
[111.403s][info][gc,metaspace] GC(177) Metaspace: 90921K(113984K)->90921K(113984K) NonClass: 36374K(38016K)->36374K(38016K) Class: 54547K(75968K)->54547K(75968K)
[111.403s][info][gc          ] GC(177) Pause Full (System.gc()) 778M->778M(6143M) 959.036ms
[111.404s][info][gc,metaspace] GC(178) Metaspace: 90921K(113984K)->90921K(113984K) NonClass: 36374K(38016K)->36374K(38016K) Class: 54547K(75968K)->54547K(75968K)
[111.404s][info][gc          ] GC(178) Pause Young (System.gc()) 778M->778M(6143M) 0.826ms
[112.351s][info][gc,metaspace] GC(179) Metaspace: 90921K(113984K)->90921K(113984K) NonClass: 36374K(38016K)->36374K(38016K) Class: 54547K(75968K)->54547K(75968K)
[112.351s][info][gc          ] GC(179) Pause Full (System.gc()) 778M->778M(6143M) 946.564ms
[112.351s][info][gc,metaspace] GC(180) Metaspace: 90921K(113984K)->90921K(113984K) NonClass: 36374K(38016K)->36374K(38016K) Class: 54547K(75968K)->54547K(75968K)
[112.351s][info][gc          ] GC(180) Pause Young (System.gc()) 778M->778M(6143M) 0.458ms
[113.306s][info][gc,metaspace] GC(181) Metaspace: 90921K(113984K)->90921K(113984K) NonClass: 36374K(38016K)->36374K(38016K) Class: 54547K(75968K)->54547K(75968K)
[113.306s][info][gc          ] GC(181) Pause Full (System.gc()) 778M->778M(6143M) 954.698ms
[113.311s][info][gc,metaspace] GC(182) Metaspace: 90921K(113984K)->90921K(113984K) NonClass: 36374K(38016K)->36374K(38016K) Class: 54547K(75968K)->54547K(75968K)
[113.311s][info][gc          ] GC(182) Pause Young (System.gc()) 778M->778M(6143M) 0.812ms
[114.234s][info][gc,metaspace] GC(183) Metaspace: 90921K(113984K)->90921K(113984K) NonClass: 36374K(38016K)->36374K(38016K) Class: 54547K(75968K)->54547K(75968K)
[114.234s][info][gc          ] GC(183) Pause Full (System.gc()) 778M->778M(6143M) 922.249ms
[114.235s][info][gc,metaspace] GC(184) Metaspace: 90921K(113984K)->90921K(113984K) NonClass: 36374K(38016K)->36374K(38016K) Class: 54547K(75968K)->54547K(75968K)
[114.235s][info][gc          ] GC(184) Pause Young (System.gc()) 778M->778M(6143M) 0.858ms
[115.181s][info][gc,metaspace] GC(185) Metaspace: 90921K(113984K)->90921K(113984K) NonClass: 36374K(38016K)->36374K(38016K) Class: 54547K(75968K)->54547K(75968K)
[115.181s][info][gc          ] GC(185) Pause Full (System.gc()) 778M->778M(6143M) 946.746ms
[115.182s][info][gc,metaspace] GC(186) Metaspace: 90921K(113984K)->90921K(113984K) NonClass: 36374K(38016K)->36374K(38016K) Class: 54547K(75968K)->54547K(75968K)
[115.182s][info][gc          ] GC(186) Pause Young (System.gc()) 778M->778M(6143M) 0.801ms
[116.134s][info][gc,metaspace] GC(187) Metaspace: 90921K(113984K)->90921K(113984K) NonClass: 36374K(38016K)->36374K(38016K) Class: 54547K(75968K)->54547K(75968K)
[116.134s][info][gc          ] GC(187) Pause Full (System.gc()) 778M->778M(6143M) 951.539ms
[116.134s][info][gc,metaspace] GC(188) Metaspace: 90921K(113984K)->90921K(113984K) NonClass: 36374K(38016K)->36374K(38016K) Class: 54547K(75968K)->54547K(75968K)
[116.134s][info][gc          ] GC(188) Pause Young (System.gc()) 778M->778M(6143M) 0.461ms
[117.114s][info][gc,metaspace] GC(189) Metaspace: 90921K(113984K)->90921K(113984K) NonClass: 36374K(38016K)->36374K(38016K) Class: 54547K(75968K)->54547K(75968K)
[117.114s][info][gc          ] GC(189) Pause Full (System.gc()) 778M->778M(6143M) 979.501ms
[117.115s][info][gc,metaspace] GC(190) Metaspace: 90921K(113984K)->90921K(113984K) NonClass: 36374K(38016K)->36374K(38016K) Class: 54547K(75968K)->54547K(75968K)
[117.115s][info][gc          ] GC(190) Pause Young (System.gc()) 778M->778M(6143M) 0.813ms
[118.107s][info][gc,metaspace] GC(191) Metaspace: 90921K(113984K)->90921K(113984K) NonClass: 36374K(38016K)->36374K(38016K) Class: 54547K(75968K)->54547K(75968K)
[118.107s][info][gc          ] GC(191) Pause Full (System.gc()) 778M->778M(6143M) 992.264ms
[118.108s][info][gc,metaspace] GC(192) Metaspace: 90921K(113984K)->90921K(113984K) NonClass: 36374K(38016K)->36374K(38016K) Class: 54547K(75968K)->54547K(75968K)
[118.108s][info][gc          ] GC(192) Pause Young (System.gc()) 778M->778M(6143M) 0.498ms
[119.038s][info][gc,metaspace] GC(193) Metaspace: 90921K(113984K)->90921K(113984K) NonClass: 36374K(38016K)->36374K(38016K) Class: 54547K(75968K)->54547K(75968K)
[119.038s][info][gc          ] GC(193) Pause Full (System.gc()) 778M->778M(6143M) 929.999ms
[119.039s][info][gc,metaspace] GC(194) Metaspace: 90921K(113984K)->90921K(113984K) NonClass: 36374K(38016K)->36374K(38016K) Class: 54547K(75968K)->54547K(75968K)
[119.039s][info][gc          ] GC(194) Pause Young (System.gc()) 778M->778M(6143M) 0.761ms
[119.983s][info][gc,metaspace] GC(195) Metaspace: 90921K(113984K)->90921K(113984K) NonClass: 36374K(38016K)->36374K(38016K) Class: 54547K(75968K)->54547K(75968K)
[119.983s][info][gc          ] GC(195) Pause Full (System.gc()) 778M->778M(6143M) 943.787ms
[119.984s][info][gc,metaspace] GC(196) Metaspace: 90921K(113984K)->90921K(113984K) NonClass: 36374K(38016K)->36374K(38016K) Class: 54547K(75968K)->54547K(75968K)
[119.984s][info][gc          ] GC(196) Pause Young (System.gc()) 778M->778M(6143M) 0.884ms
[120.924s][info][gc,metaspace] GC(197) Metaspace: 90921K(113984K)->90921K(113984K) NonClass: 36374K(38016K)->36374K(38016K) Class: 54547K(75968K)->54547K(75968K)
[120.924s][info][gc          ] GC(197) Pause Full (System.gc()) 778M->778M(6143M) 940.546ms
[120.925s][info][gc,metaspace] GC(198) Metaspace: 90921K(113984K)->90921K(113984K) NonClass: 36374K(38016K)->36374K(38016K) Class: 54547K(75968K)->54547K(75968K)
[120.925s][info][gc          ] GC(198) Pause Young (System.gc()) 778M->778M(6143M) 0.847ms
[121.889s][info][gc,metaspace] GC(199) Metaspace: 90921K(113984K)->90921K(113984K) NonClass: 36374K(38016K)->36374K(38016K) Class: 54547K(75968K)->54547K(75968K)
[121.889s][info][gc          ] GC(199) Pause Full (System.gc()) 778M->778M(6143M) 963.818ms
[121.890s][info][gc,metaspace] GC(200) Metaspace: 90921K(113984K)->90921K(113984K) NonClass: 36374K(38016K)->36374K(38016K) Class: 54547K(75968K)->54547K(75968K)
[121.890s][info][gc          ] GC(200) Pause Young (System.gc()) 778M->778M(6143M) 0.488ms
[122.850s][info][gc,metaspace] GC(201) Metaspace: 90921K(113984K)->90921K(113984K) NonClass: 36374K(38016K)->36374K(38016K) Class: 54547K(75968K)->54547K(75968K)
[122.851s][info][gc          ] GC(201) Pause Full (System.gc()) 778M->778M(6143M) 960.884ms
[122.851s][info][gc,metaspace] GC(202) Metaspace: 90921K(113984K)->90921K(113984K) NonClass: 36374K(38016K)->36374K(38016K) Class: 54547K(75968K)->54547K(75968K)
[122.852s][info][gc          ] GC(202) Pause Young (System.gc()) 778M->778M(6143M) 0.836ms
[123.801s][info][gc,metaspace] GC(203) Metaspace: 90921K(113984K)->90921K(113984K) NonClass: 36374K(38016K)->36374K(38016K) Class: 54547K(75968K)->54547K(75968K)
[123.801s][info][gc          ] GC(203) Pause Full (System.gc()) 778M->778M(6143M) 949.703ms
[123.802s][info][gc,metaspace] GC(204) Metaspace: 90921K(113984K)->90921K(113984K) NonClass: 36374K(38016K)->36374K(38016K) Class: 54547K(75968K)->54547K(75968K)
[123.802s][info][gc          ] GC(204) Pause Young (System.gc()) 778M->778M(6143M) 0.839ms
[124.747s][info][gc,metaspace] GC(205) Metaspace: 90921K(113984K)->90921K(113984K) NonClass: 36374K(38016K)->36374K(38016K) Class: 54547K(75968K)->54547K(75968K)
[124.747s][info][gc          ] GC(205) Pause Full (System.gc()) 778M->778M(6143M) 944.881ms
[124.748s][info][gc,metaspace] GC(206) Metaspace: 90921K(113984K)->90921K(113984K) NonClass: 36374K(38016K)->36374K(38016K) Class: 54547K(75968K)->54547K(75968K)
[124.748s][info][gc          ] GC(206) Pause Young (System.gc()) 778M->778M(6143M) 0.437ms
[125.719s][info][gc,metaspace] GC(207) Metaspace: 90921K(113984K)->90921K(113984K) NonClass: 36374K(38016K)->36374K(38016K) Class: 54547K(75968K)->54547K(75968K)
[125.719s][info][gc          ] GC(207) Pause Full (System.gc()) 778M->778M(6143M) 971.433ms
[125.720s][info][gc,metaspace] GC(208) Metaspace: 90921K(113984K)->90921K(113984K) NonClass: 36374K(38016K)->36374K(38016K) Class: 54547K(75968K)->54547K(75968K)
[125.720s][info][gc          ] GC(208) Pause Young (System.gc()) 778M->778M(6143M) 0.870ms
[126.672s][info][gc,metaspace] GC(209) Metaspace: 90921K(113984K)->90921K(113984K) NonClass: 36374K(38016K)->36374K(38016K) Class: 54547K(75968K)->54547K(75968K)
[126.672s][info][gc          ] GC(209) Pause Full (System.gc()) 778M->778M(6143M) 951.376ms
After GCs... 
