Done; will start GCs... 
[20.263s][info][gc,metaspace] GC(10) Metaspace: 11243K(11584K)->11243K(11584K) NonClass: 9442K(9600K)->9442K(9600K) Class: 1801K(1984K)->1801K(1984K)
[20.263s][info][gc          ] GC(10) Pause Full (System.gc()) 1478M->1445M(5939M) 3959.182ms
[23.162s][info][gc,metaspace] GC(11) Metaspace: 11243K(11584K)->11243K(11584K) NonClass: 9442K(9600K)->9442K(9600K) Class: 1801K(1984K)->1801K(1984K)
[23.162s][info][gc          ] GC(11) Pause Full (System.gc()) 1445M->1445M(5939M) 2899.368ms
[26.111s][info][gc,metaspace] GC(12) Metaspace: 11243K(11584K)->11243K(11584K) NonClass: 9442K(9600K)->9442K(9600K) Class: 1801K(1984K)->1801K(1984K)
[26.111s][info][gc          ] GC(12) Pause Full (System.gc()) 1445M->1445M(5939M) 2948.187ms
[29.058s][info][gc,metaspace] GC(13) Metaspace: 11243K(11584K)->11243K(11584K) NonClass: 9442K(9600K)->9442K(9600K) Class: 1801K(1984K)->1801K(1984K)
[29.058s][info][gc          ] GC(13) Pause Full (System.gc()) 1445M->1445M(5939M) 2946.764ms
[32.008s][info][gc,metaspace] GC(14) Metaspace: 11243K(11584K)->11243K(11584K) NonClass: 9442K(9600K)->9442K(9600K) Class: 1801K(1984K)->1801K(1984K)
[32.008s][info][gc          ] GC(14) Pause Full (System.gc()) 1445M->1445M(5939M) 2950.021ms
[34.958s][info][gc,metaspace] GC(15) Metaspace: 11243K(11584K)->11243K(11584K) NonClass: 9442K(9600K)->9442K(9600K) Class: 1801K(1984K)->1801K(1984K)
[34.958s][info][gc          ] GC(15) Pause Full (System.gc()) 1445M->1445M(5939M) 2950.056ms
[37.902s][info][gc,metaspace] GC(16) Metaspace: 11243K(11584K)->11243K(11584K) NonClass: 9442K(9600K)->9442K(9600K) Class: 1801K(1984K)->1801K(1984K)
[37.902s][info][gc          ] GC(16) Pause Full (System.gc()) 1445M->1445M(5939M) 2944.114ms
[40.846s][info][gc,metaspace] GC(17) Metaspace: 11243K(11584K)->11243K(11584K) NonClass: 9442K(9600K)->9442K(9600K) Class: 1801K(1984K)->1801K(1984K)
[40.846s][info][gc          ] GC(17) Pause Full (System.gc()) 1445M->1445M(5939M) 2943.940ms
[43.800s][info][gc,metaspace] GC(18) Metaspace: 11243K(11584K)->11243K(11584K) NonClass: 9442K(9600K)->9442K(9600K) Class: 1801K(1984K)->1801K(1984K)
[43.800s][info][gc          ] GC(18) Pause Full (System.gc()) 1445M->1445M(5939M) 2953.381ms
[46.746s][info][gc,metaspace] GC(19) Metaspace: 11243K(11584K)->11243K(11584K) NonClass: 9442K(9600K)->9442K(9600K) Class: 1801K(1984K)->1801K(1984K)
[46.746s][info][gc          ] GC(19) Pause Full (System.gc()) 1445M->1445M(5939M) 2945.905ms
[49.693s][info][gc,metaspace] GC(20) Metaspace: 11243K(11584K)->11243K(11584K) NonClass: 9442K(9600K)->9442K(9600K) Class: 1801K(1984K)->1801K(1984K)
[49.693s][info][gc          ] GC(20) Pause Full (System.gc()) 1445M->1445M(5939M) 2946.586ms
[52.641s][info][gc,metaspace] GC(21) Metaspace: 11243K(11584K)->11243K(11584K) NonClass: 9442K(9600K)->9442K(9600K) Class: 1801K(1984K)->1801K(1984K)
[52.641s][info][gc          ] GC(21) Pause Full (System.gc()) 1445M->1445M(5939M) 2948.612ms
[55.588s][info][gc,metaspace] GC(22) Metaspace: 11243K(11584K)->11243K(11584K) NonClass: 9442K(9600K)->9442K(9600K) Class: 1801K(1984K)->1801K(1984K)
[55.588s][info][gc          ] GC(22) Pause Full (System.gc()) 1445M->1445M(5939M) 2941.823ms
[58.533s][info][gc,metaspace] GC(23) Metaspace: 11243K(11584K)->11243K(11584K) NonClass: 9442K(9600K)->9442K(9600K) Class: 1801K(1984K)->1801K(1984K)
[58.533s][info][gc          ] GC(23) Pause Full (System.gc()) 1445M->1445M(5939M) 2945.027ms
[61.865s][info][gc,metaspace] GC(24) Metaspace: 11243K(11584K)->11243K(11584K) NonClass: 9442K(9600K)->9442K(9600K) Class: 1801K(1984K)->1801K(1984K)
[61.865s][info][gc          ] GC(24) Pause Full (System.gc()) 1445M->1445M(5939M) 3327.736ms
[64.807s][info][gc,metaspace] GC(25) Metaspace: 11243K(11584K)->11243K(11584K) NonClass: 9442K(9600K)->9442K(9600K) Class: 1801K(1984K)->1801K(1984K)
[64.807s][info][gc          ] GC(25) Pause Full (System.gc()) 1462M->1445M(5939M) 2941.914ms
[68.757s][info][gc,metaspace] GC(26) Metaspace: 11243K(11584K)->11243K(11584K) NonClass: 9442K(9600K)->9442K(9600K) Class: 1801K(1984K)->1801K(1984K)
[68.757s][info][gc          ] GC(26) Pause Full (System.gc()) 1445M->1445M(5939M) 3950.129ms
[71.706s][info][gc,metaspace] GC(27) Metaspace: 11243K(11584K)->11243K(11584K) NonClass: 9442K(9600K)->9442K(9600K) Class: 1801K(1984K)->1801K(1984K)
[71.706s][info][gc          ] GC(27) Pause Full (System.gc()) 1445M->1445M(5939M) 2948.761ms
[74.652s][info][gc,metaspace] GC(28) Metaspace: 11243K(11584K)->11243K(11584K) NonClass: 9442K(9600K)->9442K(9600K) Class: 1801K(1984K)->1801K(1984K)
[74.652s][info][gc          ] GC(28) Pause Full (System.gc()) 1445M->1445M(5939M) 2945.288ms
[77.597s][info][gc,metaspace] GC(29) Metaspace: 11243K(11584K)->11243K(11584K) NonClass: 9442K(9600K)->9442K(9600K) Class: 1801K(1984K)->1801K(1984K)
[77.597s][info][gc          ] GC(29) Pause Full (System.gc()) 1445M->1445M(5939M) 2945.024ms
[80.542s][info][gc,metaspace] GC(30) Metaspace: 11243K(11584K)->11243K(11584K) NonClass: 9442K(9600K)->9442K(9600K) Class: 1801K(1984K)->1801K(1984K)
[80.542s][info][gc          ] GC(30) Pause Full (System.gc()) 1445M->1445M(5939M) 2944.668ms
[83.490s][info][gc,metaspace] GC(31) Metaspace: 11243K(11584K)->11243K(11584K) NonClass: 9442K(9600K)->9442K(9600K) Class: 1801K(1984K)->1801K(1984K)
[83.491s][info][gc          ] GC(31) Pause Full (System.gc()) 1445M->1445M(5939M) 2948.627ms
[86.435s][info][gc,metaspace] GC(32) Metaspace: 11243K(11584K)->11243K(11584K) NonClass: 9442K(9600K)->9442K(9600K) Class: 1801K(1984K)->1801K(1984K)
[86.435s][info][gc          ] GC(32) Pause Full (System.gc()) 1445M->1445M(5939M) 2940.088ms
[89.379s][info][gc,metaspace] GC(33) Metaspace: 11243K(11584K)->11243K(11584K) NonClass: 9442K(9600K)->9442K(9600K) Class: 1801K(1984K)->1801K(1984K)
[89.379s][info][gc          ] GC(33) Pause Full (System.gc()) 1445M->1445M(5939M) 2943.647ms
[92.325s][info][gc,metaspace] GC(34) Metaspace: 11243K(11584K)->11243K(11584K) NonClass: 9442K(9600K)->9442K(9600K) Class: 1801K(1984K)->1801K(1984K)
[92.325s][info][gc          ] GC(34) Pause Full (System.gc()) 1445M->1445M(5939M) 2941.948ms
[95.274s][info][gc,metaspace] GC(35) Metaspace: 11243K(11584K)->11243K(11584K) NonClass: 9442K(9600K)->9442K(9600K) Class: 1801K(1984K)->1801K(1984K)
[95.274s][info][gc          ] GC(35) Pause Full (System.gc()) 1445M->1445M(5939M) 2949.004ms
[98.177s][info][gc,metaspace] GC(36) Metaspace: 11243K(11584K)->11243K(11584K) NonClass: 9442K(9600K)->9442K(9600K) Class: 1801K(1984K)->1801K(1984K)
[98.177s][info][gc          ] GC(36) Pause Full (System.gc()) 1445M->1445M(5939M) 2902.205ms
[101.124s][info][gc,metaspace] GC(37) Metaspace: 11243K(11584K)->11243K(11584K) NonClass: 9442K(9600K)->9442K(9600K) Class: 1801K(1984K)->1801K(1984K)
[101.124s][info][gc          ] GC(37) Pause Full (System.gc()) 1445M->1445M(5939M) 2946.746ms
[104.069s][info][gc,metaspace] GC(38) Metaspace: 11243K(11584K)->11243K(11584K) NonClass: 9442K(9600K)->9442K(9600K) Class: 1801K(1984K)->1801K(1984K)
[104.069s][info][gc          ] GC(38) Pause Full (System.gc()) 1445M->1445M(5939M) 2945.161ms
[107.015s][info][gc,metaspace] GC(39) Metaspace: 11243K(11584K)->11243K(11584K) NonClass: 9442K(9600K)->9442K(9600K) Class: 1801K(1984K)->1801K(1984K)
[107.015s][info][gc          ] GC(39) Pause Full (System.gc()) 1445M->1445M(5939M) 2945.450ms
[109.964s][info][gc,metaspace] GC(40) Metaspace: 11243K(11584K)->11243K(11584K) NonClass: 9442K(9600K)->9442K(9600K) Class: 1801K(1984K)->1801K(1984K)
[109.964s][info][gc          ] GC(40) Pause Full (System.gc()) 1445M->1445M(5939M) 2949.190ms
[112.912s][info][gc,metaspace] GC(41) Metaspace: 11243K(11584K)->11243K(11584K) NonClass: 9442K(9600K)->9442K(9600K) Class: 1801K(1984K)->1801K(1984K)
[112.912s][info][gc          ] GC(41) Pause Full (System.gc()) 1445M->1445M(5939M) 2947.703ms
[115.848s][info][gc,metaspace] GC(42) Metaspace: 11243K(11584K)->11243K(11584K) NonClass: 9442K(9600K)->9442K(9600K) Class: 1801K(1984K)->1801K(1984K)
[115.848s][info][gc          ] GC(42) Pause Full (System.gc()) 1445M->1445M(5939M) 2936.527ms
[118.798s][info][gc,metaspace] GC(43) Metaspace: 11243K(11584K)->11243K(11584K) NonClass: 9442K(9600K)->9442K(9600K) Class: 1801K(1984K)->1801K(1984K)
[118.798s][info][gc          ] GC(43) Pause Full (System.gc()) 1445M->1445M(5939M) 2949.025ms
[121.738s][info][gc,metaspace] GC(44) Metaspace: 11243K(11584K)->11243K(11584K) NonClass: 9442K(9600K)->9442K(9600K) Class: 1801K(1984K)->1801K(1984K)
[121.738s][info][gc          ] GC(44) Pause Full (System.gc()) 1445M->1445M(5939M) 2940.425ms
[124.690s][info][gc,metaspace] GC(45) Metaspace: 11243K(11584K)->11243K(11584K) NonClass: 9442K(9600K)->9442K(9600K) Class: 1801K(1984K)->1801K(1984K)
[124.690s][info][gc          ] GC(45) Pause Full (System.gc()) 1445M->1445M(5939M) 2951.802ms
[127.636s][info][gc,metaspace] GC(46) Metaspace: 11243K(11584K)->11243K(11584K) NonClass: 9442K(9600K)->9442K(9600K) Class: 1801K(1984K)->1801K(1984K)
[127.636s][info][gc          ] GC(46) Pause Full (System.gc()) 1462M->1445M(5939M) 2946.139ms
[130.589s][info][gc,metaspace] GC(47) Metaspace: 11243K(11584K)->11243K(11584K) NonClass: 9442K(9600K)->9442K(9600K) Class: 1801K(1984K)->1801K(1984K)
[130.589s][info][gc          ] GC(47) Pause Full (System.gc()) 1445M->1445M(5939M) 2952.488ms
[133.534s][info][gc,metaspace] GC(48) Metaspace: 11243K(11584K)->11243K(11584K) NonClass: 9442K(9600K)->9442K(9600K) Class: 1801K(1984K)->1801K(1984K)
[133.534s][info][gc          ] GC(48) Pause Full (System.gc()) 1445M->1445M(5939M) 2945.170ms
[136.482s][info][gc,metaspace] GC(49) Metaspace: 11243K(11584K)->11243K(11584K) NonClass: 9442K(9600K)->9442K(9600K) Class: 1801K(1984K)->1801K(1984K)
[136.482s][info][gc          ] GC(49) Pause Full (System.gc()) 1445M->1445M(5939M) 2947.560ms
[139.427s][info][gc,metaspace] GC(50) Metaspace: 11243K(11584K)->11243K(11584K) NonClass: 9442K(9600K)->9442K(9600K) Class: 1801K(1984K)->1801K(1984K)
[139.427s][info][gc          ] GC(50) Pause Full (System.gc()) 1445M->1445M(5939M) 2944.727ms
[142.369s][info][gc,metaspace] GC(51) Metaspace: 11243K(11584K)->11243K(11584K) NonClass: 9442K(9600K)->9442K(9600K) Class: 1801K(1984K)->1801K(1984K)
[142.369s][info][gc          ] GC(51) Pause Full (System.gc()) 1445M->1445M(5939M) 2941.813ms
[145.312s][info][gc,metaspace] GC(52) Metaspace: 11243K(11584K)->11243K(11584K) NonClass: 9442K(9600K)->9442K(9600K) Class: 1801K(1984K)->1801K(1984K)
[145.312s][info][gc          ] GC(52) Pause Full (System.gc()) 1445M->1445M(5939M) 2943.068ms
[148.258s][info][gc,metaspace] GC(53) Metaspace: 11243K(11584K)->11243K(11584K) NonClass: 9442K(9600K)->9442K(9600K) Class: 1801K(1984K)->1801K(1984K)
[148.258s][info][gc          ] GC(53) Pause Full (System.gc()) 1445M->1445M(5939M) 2945.867ms
[151.156s][info][gc,metaspace] GC(54) Metaspace: 11243K(11584K)->11243K(11584K) NonClass: 9442K(9600K)->9442K(9600K) Class: 1801K(1984K)->1801K(1984K)
[151.156s][info][gc          ] GC(54) Pause Full (System.gc()) 1445M->1445M(5939M) 2897.899ms
[154.104s][info][gc,metaspace] GC(55) Metaspace: 11243K(11584K)->11243K(11584K) NonClass: 9442K(9600K)->9442K(9600K) Class: 1801K(1984K)->1801K(1984K)
[154.105s][info][gc          ] GC(55) Pause Full (System.gc()) 1445M->1445M(5939M) 2948.176ms
[157.050s][info][gc,metaspace] GC(56) Metaspace: 11243K(11584K)->11243K(11584K) NonClass: 9442K(9600K)->9442K(9600K) Class: 1801K(1984K)->1801K(1984K)
[157.050s][info][gc          ] GC(56) Pause Full (System.gc()) 1445M->1445M(5939M) 2945.328ms
[159.994s][info][gc,metaspace] GC(57) Metaspace: 11243K(11584K)->11243K(11584K) NonClass: 9442K(9600K)->9442K(9600K) Class: 1801K(1984K)->1801K(1984K)
[159.994s][info][gc          ] GC(57) Pause Full (System.gc()) 1445M->1445M(5939M) 2944.262ms
[162.940s][info][gc,metaspace] GC(58) Metaspace: 11243K(11584K)->11243K(11584K) NonClass: 9442K(9600K)->9442K(9600K) Class: 1801K(1984K)->1801K(1984K)
[162.940s][info][gc          ] GC(58) Pause Full (System.gc()) 1445M->1445M(5939M) 2945.167ms
[165.889s][info][gc,metaspace] GC(59) Metaspace: 11243K(11584K)->11243K(11584K) NonClass: 9442K(9600K)->9442K(9600K) Class: 1801K(1984K)->1801K(1984K)
[165.889s][info][gc          ] GC(59) Pause Full (System.gc()) 1445M->1445M(5939M) 2949.420ms
After GCs... 
