Done; will start GCs... 
[12.453s][info   ][gc,metaspace] GC(16) Metaspace: 11510K(11776K)->11510K(11776K) NonClass: 10369K(10496K)->10369K(10496K) Class: 1141K(1280K)->1141K(1280K)
[12.453s][info   ][gc          ] GC(16) Pause Full (System.gc()) 1814M->1794M(5602M) 609.653ms
[13.015s][info   ][gc,metaspace] GC(17) Metaspace: 11510K(11776K)->11510K(11776K) NonClass: 10369K(10496K)->10369K(10496K) Class: 1141K(1280K)->1141K(1280K)
[13.015s][info   ][gc          ] GC(17) Pause Full (System.gc()) 1794M->1794M(5602M) 562.069ms
[13.596s][info   ][gc,metaspace] GC(18) Metaspace: 11510K(11776K)->11510K(11776K) NonClass: 10369K(10496K)->10369K(10496K) Class: 1141K(1280K)->1141K(1280K)
[13.596s][info   ][gc          ] GC(18) Pause Full (System.gc()) 1794M->1794M(5602M) 581.291ms
[14.143s][info   ][gc,metaspace] GC(19) Metaspace: 11510K(11776K)->11510K(11776K) NonClass: 10369K(10496K)->10369K(10496K) Class: 1141K(1280K)->1141K(1280K)
[14.143s][info   ][gc          ] GC(19) Pause Full (System.gc()) 1794M->1794M(5602M) 546.247ms
[14.737s][info   ][gc,metaspace] GC(20) Metaspace: 11510K(11776K)->11510K(11776K) NonClass: 10369K(10496K)->10369K(10496K) Class: 1141K(1280K)->1141K(1280K)
[14.737s][info   ][gc          ] GC(20) Pause Full (System.gc()) 1794M->1794M(5602M) 594.533ms
[15.286s][info   ][gc,metaspace] GC(21) Metaspace: 11510K(11776K)->11510K(11776K) NonClass: 10369K(10496K)->10369K(10496K) Class: 1141K(1280K)->1141K(1280K)
[15.286s][info   ][gc          ] GC(21) Pause Full (System.gc()) 1794M->1794M(5602M) 548.227ms
[15.892s][info   ][gc,metaspace] GC(22) Metaspace: 11510K(11776K)->11510K(11776K) NonClass: 10369K(10496K)->10369K(10496K) Class: 1141K(1280K)->1141K(1280K)
[15.892s][info   ][gc          ] GC(22) Pause Full (System.gc()) 1794M->1794M(5602M) 606.467ms
[16.497s][info   ][gc,metaspace] GC(23) Metaspace: 11510K(11776K)->11510K(11776K) NonClass: 10369K(10496K)->10369K(10496K) Class: 1141K(1280K)->1141K(1280K)
[16.497s][info   ][gc          ] GC(23) Pause Full (System.gc()) 1794M->1794M(5602M) 605.166ms
[17.064s][info   ][gc,metaspace] GC(24) Metaspace: 11510K(11776K)->11510K(11776K) NonClass: 10369K(10496K)->10369K(10496K) Class: 1141K(1280K)->1141K(1280K)
[17.064s][info   ][gc          ] GC(24) Pause Full (System.gc()) 1794M->1794M(5602M) 566.550ms
[17.652s][info   ][gc,metaspace] GC(25) Metaspace: 11510K(11776K)->11510K(11776K) NonClass: 10369K(10496K)->10369K(10496K) Class: 1141K(1280K)->1141K(1280K)
[17.652s][info   ][gc          ] GC(25) Pause Full (System.gc()) 1794M->1794M(5602M) 588.338ms
[18.227s][info   ][gc,metaspace] GC(26) Metaspace: 11510K(11776K)->11510K(11776K) NonClass: 10369K(10496K)->10369K(10496K) Class: 1141K(1280K)->1141K(1280K)
[18.227s][info   ][gc          ] GC(26) Pause Full (System.gc()) 1794M->1794M(5602M) 574.697ms
[18.838s][info   ][gc,metaspace] GC(27) Metaspace: 11510K(11776K)->11510K(11776K) NonClass: 10369K(10496K)->10369K(10496K) Class: 1141K(1280K)->1141K(1280K)
[18.838s][info   ][gc          ] GC(27) Pause Full (System.gc()) 1794M->1794M(5602M) 606.577ms
[19.458s][info   ][gc,metaspace] GC(28) Metaspace: 11510K(11776K)->11510K(11776K) NonClass: 10369K(10496K)->10369K(10496K) Class: 1141K(1280K)->1141K(1280K)
[19.458s][info   ][gc          ] GC(28) Pause Full (System.gc()) 1794M->1794M(5602M) 619.625ms
[20.019s][info   ][gc,metaspace] GC(29) Metaspace: 11510K(11776K)->11510K(11776K) NonClass: 10369K(10496K)->10369K(10496K) Class: 1141K(1280K)->1141K(1280K)
[20.019s][info   ][gc          ] GC(29) Pause Full (System.gc()) 1794M->1794M(5602M) 560.933ms
[20.604s][info   ][gc,metaspace] GC(30) Metaspace: 11510K(11776K)->11510K(11776K) NonClass: 10369K(10496K)->10369K(10496K) Class: 1141K(1280K)->1141K(1280K)
[20.604s][info   ][gc          ] GC(30) Pause Full (System.gc()) 1794M->1794M(5602M) 585.245ms
[21.156s][info   ][gc,metaspace] GC(31) Metaspace: 11510K(11776K)->11510K(11776K) NonClass: 10369K(10496K)->10369K(10496K) Class: 1141K(1280K)->1141K(1280K)
[21.156s][info   ][gc          ] GC(31) Pause Full (System.gc()) 1794M->1794M(5602M) 551.577ms
[21.749s][info   ][gc,metaspace] GC(32) Metaspace: 11510K(11776K)->11510K(11776K) NonClass: 10369K(10496K)->10369K(10496K) Class: 1141K(1280K)->1141K(1280K)
[21.749s][info   ][gc          ] GC(32) Pause Full (System.gc()) 1794M->1794M(5602M) 592.667ms
[22.304s][info   ][gc,metaspace] GC(33) Metaspace: 11510K(11776K)->11510K(11776K) NonClass: 10369K(10496K)->10369K(10496K) Class: 1141K(1280K)->1141K(1280K)
[22.304s][info   ][gc          ] GC(33) Pause Full (System.gc()) 1794M->1794M(5602M) 555.335ms
[22.954s][info   ][gc,metaspace] GC(34) Metaspace: 11510K(11776K)->11510K(11776K) NonClass: 10369K(10496K)->10369K(10496K) Class: 1141K(1280K)->1141K(1280K)
[22.954s][info   ][gc          ] GC(34) Pause Full (System.gc()) 1794M->1794M(5602M) 650.244ms
[23.523s][info   ][gc,metaspace] GC(35) Metaspace: 11510K(11776K)->11510K(11776K) NonClass: 10369K(10496K)->10369K(10496K) Class: 1141K(1280K)->1141K(1280K)
[23.523s][info   ][gc          ] GC(35) Pause Full (System.gc()) 1794M->1794M(5602M) 568.555ms
[24.078s][info   ][gc,metaspace] GC(36) Metaspace: 11510K(11776K)->11510K(11776K) NonClass: 10369K(10496K)->10369K(10496K) Class: 1141K(1280K)->1141K(1280K)
[24.078s][info   ][gc          ] GC(36) Pause Full (System.gc()) 1794M->1794M(5602M) 550.419ms
[24.660s][info   ][gc,metaspace] GC(37) Metaspace: 11510K(11776K)->11510K(11776K) NonClass: 10369K(10496K)->10369K(10496K) Class: 1141K(1280K)->1141K(1280K)
[24.660s][info   ][gc          ] GC(37) Pause Full (System.gc()) 1794M->1794M(5602M) 581.652ms
[25.211s][info   ][gc,metaspace] GC(38) Metaspace: 11510K(11776K)->11510K(11776K) NonClass: 10369K(10496K)->10369K(10496K) Class: 1141K(1280K)->1141K(1280K)
[25.211s][info   ][gc          ] GC(38) Pause Full (System.gc()) 1794M->1794M(5602M) 550.952ms
[25.805s][info   ][gc,metaspace] GC(39) Metaspace: 11510K(11776K)->11510K(11776K) NonClass: 10369K(10496K)->10369K(10496K) Class: 1141K(1280K)->1141K(1280K)
[25.805s][info   ][gc          ] GC(39) Pause Full (System.gc()) 1794M->1794M(5602M) 594.039ms
[26.355s][info   ][gc,metaspace] GC(40) Metaspace: 11510K(11776K)->11510K(11776K) NonClass: 10369K(10496K)->10369K(10496K) Class: 1141K(1280K)->1141K(1280K)
[26.355s][info   ][gc          ] GC(40) Pause Full (System.gc()) 1794M->1794M(5602M) 550.287ms
[26.938s][info   ][gc,metaspace] GC(41) Metaspace: 11510K(11776K)->11510K(11776K) NonClass: 10369K(10496K)->10369K(10496K) Class: 1141K(1280K)->1141K(1280K)
[26.938s][info   ][gc          ] GC(41) Pause Full (System.gc()) 1794M->1794M(5602M) 583.113ms
[27.536s][info   ][gc,metaspace] GC(42) Metaspace: 11510K(11776K)->11510K(11776K) NonClass: 10369K(10496K)->10369K(10496K) Class: 1141K(1280K)->1141K(1280K)
[27.536s][info   ][gc          ] GC(42) Pause Full (System.gc()) 1794M->1794M(5602M) 597.842ms
[28.086s][info   ][gc,metaspace] GC(43) Metaspace: 11510K(11776K)->11510K(11776K) NonClass: 10369K(10496K)->10369K(10496K) Class: 1141K(1280K)->1141K(1280K)
[28.086s][info   ][gc          ] GC(43) Pause Full (System.gc()) 1794M->1794M(5602M) 549.869ms
[28.705s][info   ][gc,metaspace] GC(44) Metaspace: 11510K(11776K)->11510K(11776K) NonClass: 10369K(10496K)->10369K(10496K) Class: 1141K(1280K)->1141K(1280K)
[28.705s][info   ][gc          ] GC(44) Pause Full (System.gc()) 1794M->1794M(5602M) 619.152ms
[29.267s][info   ][gc,metaspace] GC(45) Metaspace: 11510K(11776K)->11510K(11776K) NonClass: 10369K(10496K)->10369K(10496K) Class: 1141K(1280K)->1141K(1280K)
[29.267s][info   ][gc          ] GC(45) Pause Full (System.gc()) 1794M->1794M(5602M) 557.509ms
[29.842s][info   ][gc,metaspace] GC(46) Metaspace: 11510K(11776K)->11510K(11776K) NonClass: 10369K(10496K)->10369K(10496K) Class: 1141K(1280K)->1141K(1280K)
[29.842s][info   ][gc          ] GC(46) Pause Full (System.gc()) 1794M->1794M(5602M) 574.605ms
[30.453s][info   ][gc,metaspace] GC(47) Metaspace: 11510K(11776K)->11510K(11776K) NonClass: 10369K(10496K)->10369K(10496K) Class: 1141K(1280K)->1141K(1280K)
[30.453s][info   ][gc          ] GC(47) Pause Full (System.gc()) 1794M->1794M(5602M) 610.876ms
[31.004s][info   ][gc,metaspace] GC(48) Metaspace: 11510K(11776K)->11510K(11776K) NonClass: 10369K(10496K)->10369K(10496K) Class: 1141K(1280K)->1141K(1280K)
[31.004s][info   ][gc          ] GC(48) Pause Full (System.gc()) 1794M->1794M(5602M) 550.533ms
[31.589s][info   ][gc,metaspace] GC(49) Metaspace: 11510K(11776K)->11510K(11776K) NonClass: 10369K(10496K)->10369K(10496K) Class: 1141K(1280K)->1141K(1280K)
[31.589s][info   ][gc          ] GC(49) Pause Full (System.gc()) 1794M->1794M(5602M) 585.136ms
[32.142s][info   ][gc,metaspace] GC(50) Metaspace: 11510K(11776K)->11510K(11776K) NonClass: 10369K(10496K)->10369K(10496K) Class: 1141K(1280K)->1141K(1280K)
[32.142s][info   ][gc          ] GC(50) Pause Full (System.gc()) 1794M->1794M(5602M) 552.685ms
[32.732s][info   ][gc,metaspace] GC(51) Metaspace: 11510K(11776K)->11510K(11776K) NonClass: 10369K(10496K)->10369K(10496K) Class: 1141K(1280K)->1141K(1280K)
[32.732s][info   ][gc          ] GC(51) Pause Full (System.gc()) 1794M->1794M(5602M) 590.095ms
[33.279s][info   ][gc,metaspace] GC(52) Metaspace: 11510K(11776K)->11510K(11776K) NonClass: 10369K(10496K)->10369K(10496K) Class: 1141K(1280K)->1141K(1280K)
[33.279s][info   ][gc          ] GC(52) Pause Full (System.gc()) 1794M->1794M(5602M) 547.489ms
[33.871s][info   ][gc,metaspace] GC(53) Metaspace: 11510K(11776K)->11510K(11776K) NonClass: 10369K(10496K)->10369K(10496K) Class: 1141K(1280K)->1141K(1280K)
[33.871s][info   ][gc          ] GC(53) Pause Full (System.gc()) 1794M->1794M(5602M) 591.381ms
[34.471s][info   ][gc,metaspace] GC(54) Metaspace: 11510K(11776K)->11510K(11776K) NonClass: 10369K(10496K)->10369K(10496K) Class: 1141K(1280K)->1141K(1280K)
[34.471s][info   ][gc          ] GC(54) Pause Full (System.gc()) 1794M->1794M(5602M) 600.143ms
[35.026s][info   ][gc,metaspace] GC(55) Metaspace: 11510K(11776K)->11510K(11776K) NonClass: 10369K(10496K)->10369K(10496K) Class: 1141K(1280K)->1141K(1280K)
[35.026s][info   ][gc          ] GC(55) Pause Full (System.gc()) 1794M->1794M(5602M) 554.861ms
[35.700s][info   ][gc,metaspace] GC(56) Metaspace: 11510K(11776K)->11510K(11776K) NonClass: 10369K(10496K)->10369K(10496K) Class: 1141K(1280K)->1141K(1280K)
[35.700s][info   ][gc          ] GC(56) Pause Full (System.gc()) 1794M->1794M(5602M) 673.911ms
[36.255s][info   ][gc,metaspace] GC(57) Metaspace: 11510K(11776K)->11510K(11776K) NonClass: 10369K(10496K)->10369K(10496K) Class: 1141K(1280K)->1141K(1280K)
[36.255s][info   ][gc          ] GC(57) Pause Full (System.gc()) 1794M->1794M(5602M) 555.104ms
[36.805s][info   ][gc,metaspace] GC(58) Metaspace: 11510K(11776K)->11510K(11776K) NonClass: 10369K(10496K)->10369K(10496K) Class: 1141K(1280K)->1141K(1280K)
[36.805s][info   ][gc          ] GC(58) Pause Full (System.gc()) 1794M->1794M(5602M) 550.149ms
[37.356s][info   ][gc,metaspace] GC(59) Metaspace: 11510K(11776K)->11510K(11776K) NonClass: 10369K(10496K)->10369K(10496K) Class: 1141K(1280K)->1141K(1280K)
[37.356s][info   ][gc          ] GC(59) Pause Full (System.gc()) 1794M->1794M(5602M) 550.152ms
[37.950s][info   ][gc,metaspace] GC(60) Metaspace: 11510K(11776K)->11510K(11776K) NonClass: 10369K(10496K)->10369K(10496K) Class: 1141K(1280K)->1141K(1280K)
[37.950s][info   ][gc          ] GC(60) Pause Full (System.gc()) 1794M->1794M(5602M) 594.461ms
[38.542s][info   ][gc,metaspace] GC(61) Metaspace: 11510K(11776K)->11510K(11776K) NonClass: 10369K(10496K)->10369K(10496K) Class: 1141K(1280K)->1141K(1280K)
[38.542s][info   ][gc          ] GC(61) Pause Full (System.gc()) 1794M->1794M(5602M) 592.009ms
[39.090s][info   ][gc,metaspace] GC(62) Metaspace: 11510K(11776K)->11510K(11776K) NonClass: 10369K(10496K)->10369K(10496K) Class: 1141K(1280K)->1141K(1280K)
[39.090s][info   ][gc          ] GC(62) Pause Full (System.gc()) 1794M->1794M(5602M) 547.341ms
[39.678s][info   ][gc,metaspace] GC(63) Metaspace: 11510K(11776K)->11510K(11776K) NonClass: 10369K(10496K)->10369K(10496K) Class: 1141K(1280K)->1141K(1280K)
[39.678s][info   ][gc          ] GC(63) Pause Full (System.gc()) 1794M->1794M(5602M) 583.892ms
[40.226s][info   ][gc,metaspace] GC(64) Metaspace: 11510K(11776K)->11510K(11776K) NonClass: 10369K(10496K)->10369K(10496K) Class: 1141K(1280K)->1141K(1280K)
[40.226s][info   ][gc          ] GC(64) Pause Full (System.gc()) 1794M->1794M(5602M) 547.847ms
[40.823s][info   ][gc,metaspace] GC(65) Metaspace: 11510K(11776K)->11510K(11776K) NonClass: 10369K(10496K)->10369K(10496K) Class: 1141K(1280K)->1141K(1280K)
[40.823s][info   ][gc          ] GC(65) Pause Full (System.gc()) 1794M->1794M(5602M) 596.697ms
After GCs... 
