Done; will start GCs... 
[12.864s][info   ][gc,metaspace] GC(14) Metaspace: 11496K(11840K)->11496K(11840K) NonClass: 9619K(9792K)->9619K(9792K) Class: 1877K(2048K)->1877K(2048K)
[12.864s][info   ][gc          ] GC(14) Pause Full (System.gc()) 1592M->1571M(5193M) 597.786ms
[13.419s][info   ][gc,metaspace] GC(15) Metaspace: 11496K(11840K)->11496K(11840K) NonClass: 9619K(9792K)->9619K(9792K) Class: 1877K(2048K)->1877K(2048K)
[13.419s][info   ][gc          ] GC(15) Pause Full (System.gc()) 1571M->1571M(5193M) 555.257ms
[14.011s][info   ][gc,metaspace] GC(16) Metaspace: 11496K(11840K)->11496K(11840K) NonClass: 9619K(9792K)->9619K(9792K) Class: 1877K(2048K)->1877K(2048K)
[14.011s][info   ][gc          ] GC(16) Pause Full (System.gc()) 1571M->1571M(5193M) 587.679ms
[14.563s][info   ][gc,metaspace] GC(17) Metaspace: 11496K(11840K)->11496K(11840K) NonClass: 9619K(9792K)->9619K(9792K) Class: 1877K(2048K)->1877K(2048K)
[14.563s][info   ][gc          ] GC(17) Pause Full (System.gc()) 1571M->1571M(5193M) 551.959ms
[15.157s][info   ][gc,metaspace] GC(18) Metaspace: 11496K(11840K)->11496K(11840K) NonClass: 9619K(9792K)->9619K(9792K) Class: 1877K(2048K)->1877K(2048K)
[15.157s][info   ][gc          ] GC(18) Pause Full (System.gc()) 1571M->1571M(5193M) 594.076ms
[15.706s][info   ][gc,metaspace] GC(19) Metaspace: 11496K(11840K)->11496K(11840K) NonClass: 9619K(9792K)->9619K(9792K) Class: 1877K(2048K)->1877K(2048K)
[15.707s][info   ][gc          ] GC(19) Pause Full (System.gc()) 1571M->1571M(5193M) 549.149ms
[16.298s][info   ][gc,metaspace] GC(20) Metaspace: 11496K(11840K)->11496K(11840K) NonClass: 9619K(9792K)->9619K(9792K) Class: 1877K(2048K)->1877K(2048K)
[16.298s][info   ][gc          ] GC(20) Pause Full (System.gc()) 1571M->1571M(5193M) 591.051ms
[16.903s][info   ][gc,metaspace] GC(21) Metaspace: 11496K(11840K)->11496K(11840K) NonClass: 9619K(9792K)->9619K(9792K) Class: 1877K(2048K)->1877K(2048K)
[16.903s][info   ][gc          ] GC(21) Pause Full (System.gc()) 1571M->1571M(5193M) 605.554ms
[17.454s][info   ][gc,metaspace] GC(22) Metaspace: 11496K(11840K)->11496K(11840K) NonClass: 9619K(9792K)->9619K(9792K) Class: 1877K(2048K)->1877K(2048K)
[17.454s][info   ][gc          ] GC(22) Pause Full (System.gc()) 1571M->1571M(5193M) 550.771ms
[18.037s][info   ][gc,metaspace] GC(23) Metaspace: 11496K(11840K)->11496K(11840K) NonClass: 9619K(9792K)->9619K(9792K) Class: 1877K(2048K)->1877K(2048K)
[18.037s][info   ][gc          ] GC(23) Pause Full (System.gc()) 1571M->1571M(5193M) 582.966ms
[18.587s][info   ][gc,metaspace] GC(24) Metaspace: 11496K(11840K)->11496K(11840K) NonClass: 9619K(9792K)->9619K(9792K) Class: 1877K(2048K)->1877K(2048K)
[18.587s][info   ][gc          ] GC(24) Pause Full (System.gc()) 1571M->1571M(5193M) 549.888ms
[19.176s][info   ][gc,metaspace] GC(25) Metaspace: 11496K(11840K)->11496K(11840K) NonClass: 9619K(9792K)->9619K(9792K) Class: 1877K(2048K)->1877K(2048K)
[19.176s][info   ][gc          ] GC(25) Pause Full (System.gc()) 1571M->1571M(5193M) 584.834ms
[19.729s][info   ][gc,metaspace] GC(26) Metaspace: 11496K(11840K)->11496K(11840K) NonClass: 9619K(9792K)->9619K(9792K) Class: 1877K(2048K)->1877K(2048K)
[19.729s][info   ][gc          ] GC(26) Pause Full (System.gc()) 1571M->1571M(5193M) 552.833ms
[20.318s][info   ][gc,metaspace] GC(27) Metaspace: 11496K(11840K)->11496K(11840K) NonClass: 9619K(9792K)->9619K(9792K) Class: 1877K(2048K)->1877K(2048K)
[20.318s][info   ][gc          ] GC(27) Pause Full (System.gc()) 1571M->1571M(5193M) 589.060ms
[20.916s][info   ][gc,metaspace] GC(28) Metaspace: 11496K(11840K)->11496K(11840K) NonClass: 9619K(9792K)->9619K(9792K) Class: 1877K(2048K)->1877K(2048K)
[20.916s][info   ][gc          ] GC(28) Pause Full (System.gc()) 1571M->1571M(5193M) 597.316ms
[21.471s][info   ][gc,metaspace] GC(29) Metaspace: 11496K(11840K)->11496K(11840K) NonClass: 9619K(9792K)->9619K(9792K) Class: 1877K(2048K)->1877K(2048K)
[21.471s][info   ][gc          ] GC(29) Pause Full (System.gc()) 1571M->1571M(5193M) 554.851ms
[22.062s][info   ][gc,metaspace] GC(30) Metaspace: 11496K(11840K)->11496K(11840K) NonClass: 9619K(9792K)->9619K(9792K) Class: 1877K(2048K)->1877K(2048K)
[22.062s][info   ][gc          ] GC(30) Pause Full (System.gc()) 1571M->1571M(5193M) 590.851ms
[22.645s][info   ][gc,metaspace] GC(31) Metaspace: 11496K(11840K)->11496K(11840K) NonClass: 9619K(9792K)->9619K(9792K) Class: 1877K(2048K)->1877K(2048K)
[22.645s][info   ][gc          ] GC(31) Pause Full (System.gc()) 1571M->1571M(5193M) 583.182ms
[23.227s][info   ][gc,metaspace] GC(32) Metaspace: 11496K(11840K)->11496K(11840K) NonClass: 9619K(9792K)->9619K(9792K) Class: 1877K(2048K)->1877K(2048K)
[23.227s][info   ][gc          ] GC(32) Pause Full (System.gc()) 1571M->1571M(5193M) 582.066ms
[23.776s][info   ][gc,metaspace] GC(33) Metaspace: 11496K(11840K)->11496K(11840K) NonClass: 9619K(9792K)->9619K(9792K) Class: 1877K(2048K)->1877K(2048K)
[23.776s][info   ][gc          ] GC(33) Pause Full (System.gc()) 1571M->1571M(5193M) 549.251ms
[24.370s][info   ][gc,metaspace] GC(34) Metaspace: 11496K(11840K)->11496K(11840K) NonClass: 9619K(9792K)->9619K(9792K) Class: 1877K(2048K)->1877K(2048K)
[24.370s][info   ][gc          ] GC(34) Pause Full (System.gc()) 1571M->1571M(5193M) 593.847ms
[24.960s][info   ][gc,metaspace] GC(35) Metaspace: 11496K(11840K)->11496K(11840K) NonClass: 9619K(9792K)->9619K(9792K) Class: 1877K(2048K)->1877K(2048K)
[24.960s][info   ][gc          ] GC(35) Pause Full (System.gc()) 1571M->1571M(5193M) 589.610ms
[25.520s][info   ][gc,metaspace] GC(36) Metaspace: 11496K(11840K)->11496K(11840K) NonClass: 9619K(9792K)->9619K(9792K) Class: 1877K(2048K)->1877K(2048K)
[25.520s][info   ][gc          ] GC(36) Pause Full (System.gc()) 1571M->1571M(5193M) 559.565ms
[26.100s][info   ][gc,metaspace] GC(37) Metaspace: 11496K(11840K)->11496K(11840K) NonClass: 9619K(9792K)->9619K(9792K) Class: 1877K(2048K)->1877K(2048K)
[26.100s][info   ][gc          ] GC(37) Pause Full (System.gc()) 1571M->1571M(5193M) 580.565ms
[26.651s][info   ][gc,metaspace] GC(38) Metaspace: 11496K(11840K)->11496K(11840K) NonClass: 9619K(9792K)->9619K(9792K) Class: 1877K(2048K)->1877K(2048K)
[26.652s][info   ][gc          ] GC(38) Pause Full (System.gc()) 1571M->1571M(5193M) 551.101ms
[27.242s][info   ][gc,metaspace] GC(39) Metaspace: 11496K(11840K)->11496K(11840K) NonClass: 9619K(9792K)->9619K(9792K) Class: 1877K(2048K)->1877K(2048K)
[27.242s][info   ][gc          ] GC(39) Pause Full (System.gc()) 1571M->1571M(5193M) 590.283ms
[27.844s][info   ][gc,metaspace] GC(40) Metaspace: 11496K(11840K)->11496K(11840K) NonClass: 9619K(9792K)->9619K(9792K) Class: 1877K(2048K)->1877K(2048K)
[27.844s][info   ][gc          ] GC(40) Pause Full (System.gc()) 1571M->1571M(5193M) 602.196ms
[28.475s][info   ][gc,metaspace] GC(41) Metaspace: 11496K(11840K)->11496K(11840K) NonClass: 9619K(9792K)->9619K(9792K) Class: 1877K(2048K)->1877K(2048K)
[28.475s][info   ][gc          ] GC(41) Pause Full (System.gc()) 1571M->1571M(5193M) 630.575ms
[29.032s][info   ][gc,metaspace] GC(42) Metaspace: 11496K(11840K)->11496K(11840K) NonClass: 9619K(9792K)->9619K(9792K) Class: 1877K(2048K)->1877K(2048K)
[29.032s][info   ][gc          ] GC(42) Pause Full (System.gc()) 1571M->1571M(5193M) 557.489ms
[29.587s][info   ][gc,metaspace] GC(43) Metaspace: 11496K(11840K)->11496K(11840K) NonClass: 9619K(9792K)->9619K(9792K) Class: 1877K(2048K)->1877K(2048K)
[29.587s][info   ][gc          ] GC(43) Pause Full (System.gc()) 1571M->1571M(5193M) 554.847ms
[30.173s][info   ][gc,metaspace] GC(44) Metaspace: 11496K(11840K)->11496K(11840K) NonClass: 9619K(9792K)->9619K(9792K) Class: 1877K(2048K)->1877K(2048K)
[30.173s][info   ][gc          ] GC(44) Pause Full (System.gc()) 1571M->1571M(5193M) 585.580ms
[30.725s][info   ][gc,metaspace] GC(45) Metaspace: 11496K(11840K)->11496K(11840K) NonClass: 9619K(9792K)->9619K(9792K) Class: 1877K(2048K)->1877K(2048K)
[30.725s][info   ][gc          ] GC(45) Pause Full (System.gc()) 1571M->1571M(5193M) 552.267ms
[31.315s][info   ][gc,metaspace] GC(46) Metaspace: 11496K(11840K)->11496K(11840K) NonClass: 9619K(9792K)->9619K(9792K) Class: 1877K(2048K)->1877K(2048K)
[31.316s][info   ][gc          ] GC(46) Pause Full (System.gc()) 1571M->1571M(5193M) 590.069ms
[31.919s][info   ][gc,metaspace] GC(47) Metaspace: 11496K(11840K)->11496K(11840K) NonClass: 9619K(9792K)->9619K(9792K) Class: 1877K(2048K)->1877K(2048K)
[31.919s][info   ][gc          ] GC(47) Pause Full (System.gc()) 1571M->1571M(5193M) 602.984ms
[32.470s][info   ][gc,metaspace] GC(48) Metaspace: 11496K(11840K)->11496K(11840K) NonClass: 9619K(9792K)->9619K(9792K) Class: 1877K(2048K)->1877K(2048K)
[32.470s][info   ][gc          ] GC(48) Pause Full (System.gc()) 1571M->1571M(5193M) 551.404ms
[33.053s][info   ][gc,metaspace] GC(49) Metaspace: 11496K(11840K)->11496K(11840K) NonClass: 9619K(9792K)->9619K(9792K) Class: 1877K(2048K)->1877K(2048K)
[33.053s][info   ][gc          ] GC(49) Pause Full (System.gc()) 1571M->1571M(5193M) 582.376ms
[33.602s][info   ][gc,metaspace] GC(50) Metaspace: 11496K(11840K)->11496K(11840K) NonClass: 9619K(9792K)->9619K(9792K) Class: 1877K(2048K)->1877K(2048K)
[33.602s][info   ][gc          ] GC(50) Pause Full (System.gc()) 1571M->1571M(5193M) 549.546ms
[34.190s][info   ][gc,metaspace] GC(51) Metaspace: 11496K(11840K)->11496K(11840K) NonClass: 9619K(9792K)->9619K(9792K) Class: 1877K(2048K)->1877K(2048K)
[34.190s][info   ][gc          ] GC(51) Pause Full (System.gc()) 1571M->1571M(5193M) 588.127ms
[34.748s][info   ][gc,metaspace] GC(52) Metaspace: 11496K(11840K)->11496K(11840K) NonClass: 9619K(9792K)->9619K(9792K) Class: 1877K(2048K)->1877K(2048K)
[34.748s][info   ][gc          ] GC(52) Pause Full (System.gc()) 1571M->1571M(5193M) 553.597ms
[35.334s][info   ][gc,metaspace] GC(53) Metaspace: 11496K(11840K)->11496K(11840K) NonClass: 9619K(9792K)->9619K(9792K) Class: 1877K(2048K)->1877K(2048K)
[35.334s][info   ][gc          ] GC(53) Pause Full (System.gc()) 1571M->1571M(5193M) 585.368ms
[35.936s][info   ][gc,metaspace] GC(54) Metaspace: 11496K(11840K)->11496K(11840K) NonClass: 9619K(9792K)->9619K(9792K) Class: 1877K(2048K)->1877K(2048K)
[35.936s][info   ][gc          ] GC(54) Pause Full (System.gc()) 1571M->1571M(5193M) 601.646ms
[36.484s][info   ][gc,metaspace] GC(55) Metaspace: 11496K(11840K)->11496K(11840K) NonClass: 9619K(9792K)->9619K(9792K) Class: 1877K(2048K)->1877K(2048K)
[36.484s][info   ][gc          ] GC(55) Pause Full (System.gc()) 1571M->1571M(5193M) 548.482ms
[37.065s][info   ][gc,metaspace] GC(56) Metaspace: 11496K(11840K)->11496K(11840K) NonClass: 9619K(9792K)->9619K(9792K) Class: 1877K(2048K)->1877K(2048K)
[37.065s][info   ][gc          ] GC(56) Pause Full (System.gc()) 1571M->1571M(5193M) 581.001ms
[37.614s][info   ][gc,metaspace] GC(57) Metaspace: 11496K(11840K)->11496K(11840K) NonClass: 9619K(9792K)->9619K(9792K) Class: 1877K(2048K)->1877K(2048K)
[37.614s][info   ][gc          ] GC(57) Pause Full (System.gc()) 1571M->1571M(5193M) 548.981ms
[38.211s][info   ][gc,metaspace] GC(58) Metaspace: 11496K(11840K)->11496K(11840K) NonClass: 9619K(9792K)->9619K(9792K) Class: 1877K(2048K)->1877K(2048K)
[38.211s][info   ][gc          ] GC(58) Pause Full (System.gc()) 1571M->1571M(5193M) 596.588ms
[38.843s][info   ][gc,metaspace] GC(59) Metaspace: 11496K(11840K)->11496K(11840K) NonClass: 9619K(9792K)->9619K(9792K) Class: 1877K(2048K)->1877K(2048K)
[38.843s][info   ][gc          ] GC(59) Pause Full (System.gc()) 1571M->1571M(5193M) 631.575ms
[39.406s][info   ][gc,metaspace] GC(60) Metaspace: 11496K(11840K)->11496K(11840K) NonClass: 9619K(9792K)->9619K(9792K) Class: 1877K(2048K)->1877K(2048K)
[39.411s][info   ][gc          ] GC(60) Pause Full (System.gc()) 1571M->1571M(5193M) 568.092ms
[40.001s][info   ][gc,metaspace] GC(61) Metaspace: 11496K(11840K)->11496K(11840K) NonClass: 9619K(9792K)->9619K(9792K) Class: 1877K(2048K)->1877K(2048K)
[40.001s][info   ][gc          ] GC(61) Pause Full (System.gc()) 1571M->1571M(5193M) 589.872ms
[40.549s][info   ][gc,metaspace] GC(62) Metaspace: 11496K(11840K)->11496K(11840K) NonClass: 9619K(9792K)->9619K(9792K) Class: 1877K(2048K)->1877K(2048K)
[40.549s][info   ][gc          ] GC(62) Pause Full (System.gc()) 1571M->1571M(5193M) 547.925ms
[41.138s][info   ][gc,metaspace] GC(63) Metaspace: 11496K(11840K)->11496K(11840K) NonClass: 9619K(9792K)->9619K(9792K) Class: 1877K(2048K)->1877K(2048K)
[41.138s][info   ][gc          ] GC(63) Pause Full (System.gc()) 1571M->1571M(5193M) 589.469ms
After GCs... 
