[0.002s][warning][pagesize] UseLargePages disabled, no large pages configured and available on the system.
[0.002s][info   ][metaspace]  - commit_granule_bytes: 65536.
[0.002s][info   ][metaspace]  - commit_granule_words: 8192.
[0.002s][info   ][metaspace]  - virtual_space_node_default_size: 8388608.
[0.002s][info   ][metaspace]  - enlarge_chunks_in_place: 1.
[0.002s][info   ][metaspace]  - use_allocation_guard: 0.
[0.009s][info   ][gc       ] Using Parallel
[0.455s][info   ][metaspace] Reserving compressed class space anywhere
[0.456s][info   ][gc,metaspace] CDS archive(s) not mapped
[0.456s][info   ][gc,metaspace] Compressed class space mapped at: 0x0000000028000000-0x00000000e8000000, reserved size: 3221225472
[0.456s][info   ][gc,metaspace] UseCompressedClassPointers 1, UseCompactObjectHeaders 1, narrow klass pointer bits 22, max shift 10
[0.456s][info   ][gc,metaspace] Narrow klass base: 0x0000000028000000, Narrow klass shift: 10, Narrow klass range: 0xc0000000
Random Seed: 12345678
Num Classes: 64
Num Objects: 67108864
Percent IK Objects: 83.0%)
Percent OAK Objects: 5.0%)
Percent TAK Objects: 12.0%)
Cycles: 50
Loading 64 pre-generated classes ...
Materialize pre-generated constructors ...
Creating objects...
[0.687s][info   ][gc,metaspace] GC(0) Metaspace: 11278K(11584K)->11278K(11584K) NonClass: 9437K(9600K)->9437K(9600K) Class: 1841K(1984K)->1841K(1984K)
[0.687s][info   ][gc          ] GC(0) Pause Full (System.gc()) 122M->2M(5888M) 5.869ms
[2.002s][info   ][gc,metaspace] GC(1) Metaspace: 11536K(11904K)->11536K(11904K) NonClass: 9659K(9856K)->9659K(9856K) Class: 1876K(2048K)->1876K(2048K)
[2.002s][info   ][gc          ] GC(1) Pause Young (Allocation Failure) 1538M->392M(5888M) 516.622ms
[2.950s][info   ][gc,metaspace] GC(2) Metaspace: 11536K(11904K)->11536K(11904K) NonClass: 9659K(9856K)->9659K(9856K) Class: 1876K(2048K)->1876K(2048K)
[2.950s][info   ][gc          ] GC(2) Pause Young (Allocation Failure) 1928M->541M(5888M) 162.365ms
[3.883s][info   ][gc,metaspace] GC(3) Metaspace: 11536K(11904K)->11536K(11904K) NonClass: 9659K(9856K)->9659K(9856K) Class: 1876K(2048K)->1876K(2048K)
[3.883s][info   ][gc          ] GC(3) Pause Young (Allocation Failure) 2077M->674M(5888M) 239.303ms
[4.804s][info   ][gc,metaspace] GC(4) Metaspace: 11536K(11904K)->11536K(11904K) NonClass: 9659K(9856K)->9659K(9856K) Class: 1876K(2048K)->1876K(2048K)
[4.804s][info   ][gc          ] GC(4) Pause Young (Allocation Failure) 2210M->807M(5888M) 227.859ms
[5.755s][info   ][gc,metaspace] GC(5) Metaspace: 11536K(11904K)->11536K(11904K) NonClass: 9659K(9856K)->9659K(9856K) Class: 1876K(2048K)->1876K(2048K)
[5.755s][info   ][gc          ] GC(5) Pause Young (Allocation Failure) 2343M->939M(5888M) 254.620ms
[6.751s][info   ][gc,metaspace] GC(6) Metaspace: 11536K(11904K)->11536K(11904K) NonClass: 9659K(9856K)->9659K(9856K) Class: 1876K(2048K)->1876K(2048K)
[6.751s][info   ][gc          ] GC(6) Pause Young (Allocation Failure) 2475M->1072M(5326M) 301.390ms
[7.438s][info   ][gc,metaspace] GC(7) Metaspace: 11536K(11904K)->11536K(11904K) NonClass: 9659K(9856K)->9659K(9856K) Class: 1876K(2048K)->1876K(2048K)
[7.438s][info   ][gc          ] GC(7) Pause Young (Allocation Failure) 2046M->1157M(5199M) 248.814ms
[8.097s][info   ][gc,metaspace] GC(8) Metaspace: 11536K(11904K)->11536K(11904K) NonClass: 9659K(9856K)->9659K(9856K) Class: 1876K(2048K)->1876K(2048K)
[8.097s][info   ][gc          ] GC(8) Pause Young (Allocation Failure) 2131M->1241M(5601M) 165.420ms
[8.780s][info   ][gc,metaspace] GC(9) Metaspace: 11536K(11904K)->11536K(11904K) NonClass: 9659K(9856K)->9659K(9856K) Class: 1876K(2048K)->1876K(2048K)
[8.781s][info   ][gc          ] GC(9) Pause Young (Allocation Failure) 2194M->1323M(5592M) 244.004ms
[9.407s][info   ][gc,metaspace] GC(10) Metaspace: 11536K(11904K)->11536K(11904K) NonClass: 9659K(9856K)->9659K(9856K) Class: 1876K(2048K)->1876K(2048K)
[9.407s][info   ][gc          ] GC(10) Pause Young (Allocation Failure) 2276M->1406M(5626M) 190.794ms
[10.077s][info   ][gc,metaspace] GC(11) Metaspace: 11536K(11904K)->11536K(11904K) NonClass: 9659K(9856K)->9659K(9856K) Class: 1876K(2048K)->1876K(2048K)
[10.077s][info   ][gc          ] GC(11) Pause Young (Allocation Failure) 2414M->1493M(5192M) 161.811ms
67108864 Objects created
 - IK: 55699211 (82.99829%)
 - OAK: 3355627 (5.0002737%)
 - TAK: 8054026 (12.001434%)
Preparatory GC...
[11.648s][info   ][gc,metaspace] GC(12) Metaspace: 11536K(11904K)->11536K(11904K) NonClass: 9659K(9856K)->9659K(9856K) Class: 1876K(2048K)->1876K(2048K)
[11.648s][info   ][gc          ] GC(12) Pause Full (System.gc()) 2440M->1571M(5192M) 989.015ms
[12.206s][info   ][gc,metaspace] GC(13) Metaspace: 11536K(11904K)->11536K(11904K) NonClass: 9659K(9856K)->9659K(9856K) Class: 1876K(2048K)->1876K(2048K)
[12.206s][info   ][gc          ] GC(13) Pause Full (System.gc()) 1571M->1571M(5192M) 558.295ms
Done; will start GCs... 
[12.806s][info   ][gc,metaspace] GC(14) Metaspace: 11536K(11904K)->11536K(11904K) NonClass: 9659K(9856K)->9659K(9856K) Class: 1876K(2048K)->1876K(2048K)
[12.806s][info   ][gc          ] GC(14) Pause Full (System.gc()) 1592M->1571M(5192M) 599.344ms
[13.355s][info   ][gc,metaspace] GC(15) Metaspace: 11536K(11904K)->11536K(11904K) NonClass: 9659K(9856K)->9659K(9856K) Class: 1876K(2048K)->1876K(2048K)
[13.355s][info   ][gc          ] GC(15) Pause Full (System.gc()) 1571M->1571M(5192M) 549.103ms
[13.944s][info   ][gc,metaspace] GC(16) Metaspace: 11536K(11904K)->11536K(11904K) NonClass: 9659K(9856K)->9659K(9856K) Class: 1876K(2048K)->1876K(2048K)
[13.944s][info   ][gc          ] GC(16) Pause Full (System.gc()) 1571M->1571M(5192M) 588.694ms
[14.509s][info   ][gc,metaspace] GC(17) Metaspace: 11536K(11904K)->11536K(11904K) NonClass: 9659K(9856K)->9659K(9856K) Class: 1876K(2048K)->1876K(2048K)
[14.509s][info   ][gc          ] GC(17) Pause Full (System.gc()) 1571M->1571M(5192M) 564.596ms
[15.096s][info   ][gc,metaspace] GC(18) Metaspace: 11536K(11904K)->11536K(11904K) NonClass: 9659K(9856K)->9659K(9856K) Class: 1876K(2048K)->1876K(2048K)
[15.096s][info   ][gc          ] GC(18) Pause Full (System.gc()) 1571M->1571M(5192M) 587.570ms
[15.654s][info   ][gc,metaspace] GC(19) Metaspace: 11536K(11904K)->11536K(11904K) NonClass: 9659K(9856K)->9659K(9856K) Class: 1876K(2048K)->1876K(2048K)
[15.654s][info   ][gc          ] GC(19) Pause Full (System.gc()) 1571M->1571M(5192M) 557.305ms
[16.238s][info   ][gc,metaspace] GC(20) Metaspace: 11536K(11904K)->11536K(11904K) NonClass: 9659K(9856K)->9659K(9856K) Class: 1876K(2048K)->1876K(2048K)
[16.238s][info   ][gc          ] GC(20) Pause Full (System.gc()) 1571M->1571M(5192M) 583.954ms
[16.834s][info   ][gc,metaspace] GC(21) Metaspace: 11536K(11904K)->11536K(11904K) NonClass: 9659K(9856K)->9659K(9856K) Class: 1876K(2048K)->1876K(2048K)
[16.834s][info   ][gc          ] GC(21) Pause Full (System.gc()) 1571M->1571M(5192M) 596.565ms
[17.389s][info   ][gc,metaspace] GC(22) Metaspace: 11536K(11904K)->11536K(11904K) NonClass: 9659K(9856K)->9659K(9856K) Class: 1876K(2048K)->1876K(2048K)
[17.389s][info   ][gc          ] GC(22) Pause Full (System.gc()) 1571M->1571M(5192M) 555.048ms
[17.971s][info   ][gc,metaspace] GC(23) Metaspace: 11536K(11904K)->11536K(11904K) NonClass: 9659K(9856K)->9659K(9856K) Class: 1876K(2048K)->1876K(2048K)
[17.971s][info   ][gc          ] GC(23) Pause Full (System.gc()) 1571M->1571M(5192M) 581.889ms
[18.537s][info   ][gc,metaspace] GC(24) Metaspace: 11536K(11904K)->11536K(11904K) NonClass: 9659K(9856K)->9659K(9856K) Class: 1876K(2048K)->1876K(2048K)
[18.537s][info   ][gc          ] GC(24) Pause Full (System.gc()) 1571M->1571M(5192M) 565.807ms
[19.124s][info   ][gc,metaspace] GC(25) Metaspace: 11536K(11904K)->11536K(11904K) NonClass: 9659K(9856K)->9659K(9856K) Class: 1876K(2048K)->1876K(2048K)
[19.124s][info   ][gc          ] GC(25) Pause Full (System.gc()) 1571M->1571M(5192M) 582.032ms
[19.689s][info   ][gc,metaspace] GC(26) Metaspace: 11536K(11904K)->11536K(11904K) NonClass: 9659K(9856K)->9659K(9856K) Class: 1876K(2048K)->1876K(2048K)
[19.689s][info   ][gc          ] GC(26) Pause Full (System.gc()) 1571M->1571M(5192M) 565.311ms
[20.284s][info   ][gc,metaspace] GC(27) Metaspace: 11536K(11904K)->11536K(11904K) NonClass: 9659K(9856K)->9659K(9856K) Class: 1876K(2048K)->1876K(2048K)
[20.285s][info   ][gc          ] GC(27) Pause Full (System.gc()) 1571M->1571M(5192M) 595.323ms
[20.954s][info   ][gc,metaspace] GC(28) Metaspace: 11536K(11904K)->11536K(11904K) NonClass: 9659K(9856K)->9659K(9856K) Class: 1876K(2048K)->1876K(2048K)
[20.954s][info   ][gc          ] GC(28) Pause Full (System.gc()) 1571M->1571M(5192M) 669.822ms
[21.528s][info   ][gc,metaspace] GC(29) Metaspace: 11536K(11904K)->11536K(11904K) NonClass: 9659K(9856K)->9659K(9856K) Class: 1876K(2048K)->1876K(2048K)
[21.528s][info   ][gc          ] GC(29) Pause Full (System.gc()) 1571M->1571M(5192M) 573.017ms
[22.094s][info   ][gc,metaspace] GC(30) Metaspace: 11536K(11904K)->11536K(11904K) NonClass: 9659K(9856K)->9659K(9856K) Class: 1876K(2048K)->1876K(2048K)
[22.094s][info   ][gc          ] GC(30) Pause Full (System.gc()) 1571M->1571M(5192M) 566.436ms
[22.645s][info   ][gc,metaspace] GC(31) Metaspace: 11536K(11904K)->11536K(11904K) NonClass: 9659K(9856K)->9659K(9856K) Class: 1876K(2048K)->1876K(2048K)
[22.645s][info   ][gc          ] GC(31) Pause Full (System.gc()) 1571M->1571M(5192M) 551.165ms
[23.231s][info   ][gc,metaspace] GC(32) Metaspace: 11536K(11904K)->11536K(11904K) NonClass: 9659K(9856K)->9659K(9856K) Class: 1876K(2048K)->1876K(2048K)
[23.231s][info   ][gc          ] GC(32) Pause Full (System.gc()) 1571M->1571M(5192M) 585.431ms
[23.877s][info   ][gc,metaspace] GC(33) Metaspace: 11536K(11904K)->11536K(11904K) NonClass: 9659K(9856K)->9659K(9856K) Class: 1876K(2048K)->1876K(2048K)
[23.877s][info   ][gc          ] GC(33) Pause Full (System.gc()) 1571M->1571M(5192M) 645.696ms
[24.435s][info   ][gc,metaspace] GC(34) Metaspace: 11536K(11904K)->11536K(11904K) NonClass: 9659K(9856K)->9659K(9856K) Class: 1876K(2048K)->1876K(2048K)
[24.435s][info   ][gc          ] GC(34) Pause Full (System.gc()) 1571M->1571M(5192M) 558.343ms
[24.990s][info   ][gc,metaspace] GC(35) Metaspace: 11536K(11904K)->11536K(11904K) NonClass: 9659K(9856K)->9659K(9856K) Class: 1876K(2048K)->1876K(2048K)
[24.990s][info   ][gc          ] GC(35) Pause Full (System.gc()) 1571M->1571M(5192M) 554.614ms
[25.546s][info   ][gc,metaspace] GC(36) Metaspace: 11536K(11904K)->11536K(11904K) NonClass: 9659K(9856K)->9659K(9856K) Class: 1876K(2048K)->1876K(2048K)
[25.546s][info   ][gc          ] GC(36) Pause Full (System.gc()) 1571M->1571M(5192M) 555.934ms
[26.136s][info   ][gc,metaspace] GC(37) Metaspace: 11536K(11904K)->11536K(11904K) NonClass: 9659K(9856K)->9659K(9856K) Class: 1876K(2048K)->1876K(2048K)
[26.136s][info   ][gc          ] GC(37) Pause Full (System.gc()) 1571M->1571M(5192M) 589.817ms
[26.687s][info   ][gc,metaspace] GC(38) Metaspace: 11536K(11904K)->11536K(11904K) NonClass: 9659K(9856K)->9659K(9856K) Class: 1876K(2048K)->1876K(2048K)
[26.687s][info   ][gc          ] GC(38) Pause Full (System.gc()) 1571M->1571M(5192M) 551.635ms
[27.282s][info   ][gc,metaspace] GC(39) Metaspace: 11536K(11904K)->11536K(11904K) NonClass: 9659K(9856K)->9659K(9856K) Class: 1876K(2048K)->1876K(2048K)
[27.282s][info   ][gc          ] GC(39) Pause Full (System.gc()) 1571M->1571M(5192M) 594.889ms
[27.881s][info   ][gc,metaspace] GC(40) Metaspace: 11536K(11904K)->11536K(11904K) NonClass: 9659K(9856K)->9659K(9856K) Class: 1876K(2048K)->1876K(2048K)
[27.881s][info   ][gc          ] GC(40) Pause Full (System.gc()) 1571M->1571M(5192M) 598.350ms
[28.429s][info   ][gc,metaspace] GC(41) Metaspace: 11536K(11904K)->11536K(11904K) NonClass: 9659K(9856K)->9659K(9856K) Class: 1876K(2048K)->1876K(2048K)
[28.429s][info   ][gc          ] GC(41) Pause Full (System.gc()) 1571M->1571M(5192M) 548.048ms
[29.012s][info   ][gc,metaspace] GC(42) Metaspace: 11536K(11904K)->11536K(11904K) NonClass: 9659K(9856K)->9659K(9856K) Class: 1876K(2048K)->1876K(2048K)
[29.012s][info   ][gc          ] GC(42) Pause Full (System.gc()) 1571M->1571M(5192M) 582.766ms
[29.571s][info   ][gc,metaspace] GC(43) Metaspace: 11536K(11904K)->11536K(11904K) NonClass: 9659K(9856K)->9659K(9856K) Class: 1876K(2048K)->1876K(2048K)
[29.571s][info   ][gc          ] GC(43) Pause Full (System.gc()) 1571M->1571M(5192M) 558.979ms
[30.173s][info   ][gc,metaspace] GC(44) Metaspace: 11536K(11904K)->11536K(11904K) NonClass: 9659K(9856K)->9659K(9856K) Class: 1876K(2048K)->1876K(2048K)
[30.173s][info   ][gc          ] GC(44) Pause Full (System.gc()) 1571M->1571M(5192M) 602.401ms
[30.773s][info   ][gc,metaspace] GC(45) Metaspace: 11536K(11904K)->11536K(11904K) NonClass: 9659K(9856K)->9659K(9856K) Class: 1876K(2048K)->1876K(2048K)
[30.773s][info   ][gc          ] GC(45) Pause Full (System.gc()) 1571M->1571M(5192M) 599.556ms
[31.345s][info   ][gc,metaspace] GC(46) Metaspace: 11536K(11904K)->11536K(11904K) NonClass: 9659K(9856K)->9659K(9856K) Class: 1876K(2048K)->1876K(2048K)
[31.345s][info   ][gc          ] GC(46) Pause Full (System.gc()) 1571M->1571M(5192M) 572.160ms
[31.935s][info   ][gc,metaspace] GC(47) Metaspace: 11536K(11904K)->11536K(11904K) NonClass: 9659K(9856K)->9659K(9856K) Class: 1876K(2048K)->1876K(2048K)
[31.935s][info   ][gc          ] GC(47) Pause Full (System.gc()) 1571M->1571M(5192M) 589.796ms
[32.497s][info   ][gc,metaspace] GC(48) Metaspace: 11536K(11904K)->11536K(11904K) NonClass: 9659K(9856K)->9659K(9856K) Class: 1876K(2048K)->1876K(2048K)
[32.497s][info   ][gc          ] GC(48) Pause Full (System.gc()) 1571M->1571M(5192M) 561.390ms
[33.086s][info   ][gc,metaspace] GC(49) Metaspace: 11536K(11904K)->11536K(11904K) NonClass: 9659K(9856K)->9659K(9856K) Class: 1876K(2048K)->1876K(2048K)
[33.086s][info   ][gc          ] GC(49) Pause Full (System.gc()) 1571M->1571M(5192M) 589.117ms
[33.644s][info   ][gc,metaspace] GC(50) Metaspace: 11536K(11904K)->11536K(11904K) NonClass: 9659K(9856K)->9659K(9856K) Class: 1876K(2048K)->1876K(2048K)
[33.644s][info   ][gc          ] GC(50) Pause Full (System.gc()) 1571M->1571M(5192M) 557.606ms
[34.238s][info   ][gc,metaspace] GC(51) Metaspace: 11536K(11904K)->11536K(11904K) NonClass: 9659K(9856K)->9659K(9856K) Class: 1876K(2048K)->1876K(2048K)
[34.238s][info   ][gc          ] GC(51) Pause Full (System.gc()) 1571M->1571M(5192M) 594.826ms
[34.836s][info   ][gc,metaspace] GC(52) Metaspace: 11536K(11904K)->11536K(11904K) NonClass: 9659K(9856K)->9659K(9856K) Class: 1876K(2048K)->1876K(2048K)
[34.836s][info   ][gc          ] GC(52) Pause Full (System.gc()) 1571M->1571M(5192M) 597.121ms
[35.387s][info   ][gc,metaspace] GC(53) Metaspace: 11536K(11904K)->11536K(11904K) NonClass: 9659K(9856K)->9659K(9856K) Class: 1876K(2048K)->1876K(2048K)
[35.387s][info   ][gc          ] GC(53) Pause Full (System.gc()) 1571M->1571M(5192M) 551.139ms
[35.965s][info   ][gc,metaspace] GC(54) Metaspace: 11536K(11904K)->11536K(11904K) NonClass: 9659K(9856K)->9659K(9856K) Class: 1876K(2048K)->1876K(2048K)
[35.965s][info   ][gc          ] GC(54) Pause Full (System.gc()) 1571M->1571M(5192M) 577.808ms
[36.523s][info   ][gc,metaspace] GC(55) Metaspace: 11536K(11904K)->11536K(11904K) NonClass: 9659K(9856K)->9659K(9856K) Class: 1876K(2048K)->1876K(2048K)
[36.523s][info   ][gc          ] GC(55) Pause Full (System.gc()) 1571M->1571M(5192M) 558.403ms
[37.114s][info   ][gc,metaspace] GC(56) Metaspace: 11536K(11904K)->11536K(11904K) NonClass: 9659K(9856K)->9659K(9856K) Class: 1876K(2048K)->1876K(2048K)
[37.114s][info   ][gc          ] GC(56) Pause Full (System.gc()) 1571M->1571M(5192M) 590.511ms
[37.671s][info   ][gc,metaspace] GC(57) Metaspace: 11536K(11904K)->11536K(11904K) NonClass: 9659K(9856K)->9659K(9856K) Class: 1876K(2048K)->1876K(2048K)
[37.671s][info   ][gc          ] GC(57) Pause Full (System.gc()) 1571M->1571M(5192M) 556.830ms
[38.274s][info   ][gc,metaspace] GC(58) Metaspace: 11536K(11904K)->11536K(11904K) NonClass: 9659K(9856K)->9659K(9856K) Class: 1876K(2048K)->1876K(2048K)
[38.275s][info   ][gc          ] GC(58) Pause Full (System.gc()) 1571M->1571M(5192M) 603.709ms
[38.865s][info   ][gc,metaspace] GC(59) Metaspace: 11536K(11904K)->11536K(11904K) NonClass: 9659K(9856K)->9659K(9856K) Class: 1876K(2048K)->1876K(2048K)
[38.865s][info   ][gc          ] GC(59) Pause Full (System.gc()) 1571M->1571M(5192M) 590.841ms
[39.413s][info   ][gc,metaspace] GC(60) Metaspace: 11536K(11904K)->11536K(11904K) NonClass: 9659K(9856K)->9659K(9856K) Class: 1876K(2048K)->1876K(2048K)
[39.414s][info   ][gc          ] GC(60) Pause Full (System.gc()) 1571M->1571M(5192M) 548.009ms
[39.999s][info   ][gc,metaspace] GC(61) Metaspace: 11536K(11904K)->11536K(11904K) NonClass: 9659K(9856K)->9659K(9856K) Class: 1876K(2048K)->1876K(2048K)
[39.999s][info   ][gc          ] GC(61) Pause Full (System.gc()) 1571M->1571M(5192M) 585.301ms
[40.546s][info   ][gc,metaspace] GC(62) Metaspace: 11536K(11904K)->11536K(11904K) NonClass: 9659K(9856K)->9659K(9856K) Class: 1876K(2048K)->1876K(2048K)
[40.546s][info   ][gc          ] GC(62) Pause Full (System.gc()) 1571M->1571M(5192M) 547.339ms
[41.138s][info   ][gc,metaspace] GC(63) Metaspace: 11536K(11904K)->11536K(11904K) NonClass: 9659K(9856K)->9659K(9856K) Class: 1876K(2048K)->1876K(2048K)
[41.139s][info   ][gc          ] GC(63) Pause Full (System.gc()) 1571M->1571M(5192M) 592.124ms
After GCs... 
