Done; will start GCs... 
[4.604s][info][gc,metaspace] GC(3) Metaspace: 21459K(21824K)->21459K(21824K) NonClass: 17707K(17920K)->17707K(17920K) Class: 3751K(3904K)->3751K(3904K)
[4.604s][info][gc          ] GC(3) Pause Full (System.gc()) 1376M->1346M(5888M) 437.015ms
[5.029s][info][gc,metaspace] GC(4) Metaspace: 21459K(21824K)->21459K(21824K) NonClass: 17707K(17920K)->17707K(17920K) Class: 3751K(3904K)->3751K(3904K)
[5.029s][info][gc          ] GC(4) Pause Full (System.gc()) 1346M->1346M(5888M) 424.458ms
[5.451s][info][gc,metaspace] GC(5) Metaspace: 21459K(21824K)->21459K(21824K) NonClass: 17707K(17920K)->17707K(17920K) Class: 3751K(3904K)->3751K(3904K)
[5.451s][info][gc          ] GC(5) Pause Full (System.gc()) 1346M->1346M(5888M) 421.489ms
[5.905s][info][gc,metaspace] GC(6) Metaspace: 21459K(21824K)->21459K(21824K) NonClass: 17707K(17920K)->17707K(17920K) Class: 3751K(3904K)->3751K(3904K)
[5.905s][info][gc          ] GC(6) Pause Full (System.gc()) 1346M->1346M(5888M) 449.824ms
[6.333s][info][gc,metaspace] GC(7) Metaspace: 21459K(21824K)->21459K(21824K) NonClass: 17707K(17920K)->17707K(17920K) Class: 3751K(3904K)->3751K(3904K)
[6.333s][info][gc          ] GC(7) Pause Full (System.gc()) 1346M->1346M(5888M) 428.524ms
[6.778s][info][gc,metaspace] GC(8) Metaspace: 21459K(21824K)->21459K(21824K) NonClass: 17707K(17920K)->17707K(17920K) Class: 3751K(3904K)->3751K(3904K)
[6.778s][info][gc          ] GC(8) Pause Full (System.gc()) 1346M->1346M(5888M) 444.191ms
[7.200s][info][gc,metaspace] GC(9) Metaspace: 21459K(21824K)->21459K(21824K) NonClass: 17707K(17920K)->17707K(17920K) Class: 3751K(3904K)->3751K(3904K)
[7.200s][info][gc          ] GC(9) Pause Full (System.gc()) 1346M->1346M(5888M) 422.412ms
[7.691s][info][gc,metaspace] GC(10) Metaspace: 21459K(21824K)->21459K(21824K) NonClass: 17707K(17920K)->17707K(17920K) Class: 3751K(3904K)->3751K(3904K)
[7.691s][info][gc          ] GC(10) Pause Full (System.gc()) 1346M->1346M(5888M) 491.194ms
[8.128s][info][gc,metaspace] GC(11) Metaspace: 21459K(21824K)->21459K(21824K) NonClass: 17707K(17920K)->17707K(17920K) Class: 3751K(3904K)->3751K(3904K)
[8.128s][info][gc          ] GC(11) Pause Full (System.gc()) 1346M->1346M(5888M) 436.184ms
[8.591s][info][gc,metaspace] GC(12) Metaspace: 21459K(21824K)->21459K(21824K) NonClass: 17707K(17920K)->17707K(17920K) Class: 3751K(3904K)->3751K(3904K)
[8.592s][info][gc          ] GC(12) Pause Full (System.gc()) 1346M->1346M(5888M) 463.749ms
After GCs... 
