Done; will start GCs... 
[4.605s][info][gc,metaspace] GC(3) Metaspace: 21452K(21824K)->21452K(21824K) NonClass: 19124K(19328K)->19124K(19328K) Class: 2328K(2496K)->2328K(2496K)
[4.605s][info][gc          ] GC(3) Pause Full (System.gc()) 1472M->1443M(5888M) 445.915ms
[5.104s][info][gc,metaspace] GC(4) Metaspace: 21452K(21824K)->21452K(21824K) NonClass: 19124K(19328K)->19124K(19328K) Class: 2328K(2496K)->2328K(2496K)
[5.104s][info][gc          ] GC(4) Pause Full (System.gc()) 1443M->1443M(5888M) 498.492ms
[5.562s][info][gc,metaspace] GC(5) Metaspace: 21452K(21824K)->21452K(21824K) NonClass: 19124K(19328K)->19124K(19328K) Class: 2328K(2496K)->2328K(2496K)
[5.562s][info][gc          ] GC(5) Pause Full (System.gc()) 1443M->1443M(5888M) 458.475ms
[6.053s][info][gc,metaspace] GC(6) Metaspace: 21452K(21824K)->21452K(21824K) NonClass: 19124K(19328K)->19124K(19328K) Class: 2328K(2496K)->2328K(2496K)
[6.053s][info][gc          ] GC(6) Pause Full (System.gc()) 1443M->1443M(5888M) 490.888ms
[6.513s][info][gc,metaspace] GC(7) Metaspace: 21452K(21824K)->21452K(21824K) NonClass: 19124K(19328K)->19124K(19328K) Class: 2328K(2496K)->2328K(2496K)
[6.513s][info][gc          ] GC(7) Pause Full (System.gc()) 1443M->1443M(5888M) 459.768ms
[6.986s][info][gc,metaspace] GC(8) Metaspace: 21452K(21824K)->21452K(21824K) NonClass: 19124K(19328K)->19124K(19328K) Class: 2328K(2496K)->2328K(2496K)
[6.986s][info][gc          ] GC(8) Pause Full (System.gc()) 1443M->1443M(5888M) 472.667ms
[7.440s][info][gc,metaspace] GC(9) Metaspace: 21452K(21824K)->21452K(21824K) NonClass: 19124K(19328K)->19124K(19328K) Class: 2328K(2496K)->2328K(2496K)
[7.440s][info][gc          ] GC(9) Pause Full (System.gc()) 1443M->1443M(5888M) 454.581ms
[7.924s][info][gc,metaspace] GC(10) Metaspace: 21452K(21824K)->21452K(21824K) NonClass: 19124K(19328K)->19124K(19328K) Class: 2328K(2496K)->2328K(2496K)
[7.924s][info][gc          ] GC(10) Pause Full (System.gc()) 1443M->1443M(5888M) 483.344ms
[8.381s][info][gc,metaspace] GC(11) Metaspace: 21452K(21824K)->21452K(21824K) NonClass: 19124K(19328K)->19124K(19328K) Class: 2328K(2496K)->2328K(2496K)
[8.381s][info][gc          ] GC(11) Pause Full (System.gc()) 1443M->1443M(5888M) 457.340ms
[8.862s][info][gc,metaspace] GC(12) Metaspace: 21452K(21824K)->21452K(21824K) NonClass: 19124K(19328K)->19124K(19328K) Class: 2328K(2496K)->2328K(2496K)
[8.862s][info][gc          ] GC(12) Pause Full (System.gc()) 1443M->1443M(5888M) 480.822ms
After GCs... 
