[0.001s][info][metaspace]  - commit_granule_bytes: 65536.
[0.001s][info][metaspace]  - commit_granule_words: 8192.
[0.001s][info][metaspace]  - virtual_space_node_default_size: 8388608.
[0.001s][info][metaspace]  - enlarge_chunks_in_place: 1.
[0.001s][info][metaspace]  - use_allocation_guard: 0.
[0.003s][info][gc       ] Using G1
[0.416s][info][metaspace] Reserving compressed class space anywhere
[0.421s][info][gc,metaspace] CDS archive(s) not mapped
[0.421s][info][gc,metaspace] Compressed class space mapped at: 0x000000001b000000-0x00000000db000000, reserved size: 3221225472
[0.421s][info][gc,metaspace] UseCompressedClassPointers 1, UseCompactObjectHeaders 1, narrow klass pointer bits 22, max shift 10
[0.421s][info][gc,metaspace] Narrow klass base: 0x000000001b000000, Narrow klass shift: 10, Narrow klass range: 0xc0000000
Num Classes: 4096
Num Objects per Class: 16384
Cycles: 100
Class association: random
Generate 4096 classes...[1.365s][info][gc,metaspace] GC(0) Metaspace: 21731K(22016K)->21731K(22016K) NonClass: 18013K(18176K)->18013K(18176K) Class: 3717K(3840K)->3717K(3840K)
[1.365s][info][gc          ] GC(0) Pause Young (Normal) (G1 Evacuation Pause) 304M->3M(6144M) 5.493ms
[1.716s][info][gc,metaspace] GC(1) Metaspace: 22017K(22336K)->22017K(22336K) NonClass: 18298K(18496K)->18298K(18496K) Class: 3718K(3840K)->3718K(3840K)
[1.716s][info][gc          ] GC(1) Pause Young (Normal) (G1 Evacuation Pause) 303M->4M(6144M) 4.412ms
[2.034s][info][gc,metaspace] GC(2) Metaspace: 22205K(22528K)->22205K(22528K) NonClass: 18486K(18688K)->18486K(18688K) Class: 3718K(3840K)->3718K(3840K)
[2.034s][info][gc          ] GC(2) Pause Young (Normal) (G1 Evacuation Pause) 300M->4M(6144M) 4.573ms
[2.317s][info][gc,metaspace] GC(3) Metaspace: 22467K(22784K)->22467K(22784K) NonClass: 18748K(18944K)->18748K(18944K) Class: 3718K(3840K)->3718K(3840K)
[2.317s][info][gc          ] GC(3) Pause Young (Normal) (G1 Evacuation Pause) 300M->4M(6144M) 4.814ms
[2.580s][info][gc,metaspace] GC(4) Metaspace: 22561K(22848K)->22561K(22848K) NonClass: 18839K(19008K)->18839K(19008K) Class: 3721K(3840K)->3721K(3840K)
[2.580s][info][gc          ] GC(4) Pause Young (Normal) (G1 Evacuation Pause) 300M->4M(6144M) 5.369ms
[2.942s][info][gc,metaspace] GC(5) Metaspace: 22619K(22912K)->22619K(22912K) NonClass: 18897K(19072K)->18897K(19072K) Class: 3721K(3840K)->3721K(3840K)
[2.942s][info][gc          ] GC(5) Pause Young (Normal) (G1 Evacuation Pause) 332M->5M(6144M) 4.777ms
[3.252s][info][gc,metaspace] GC(6) Metaspace: 23305K(23616K)->23305K(23616K) NonClass: 19583K(19776K)->19583K(19776K) Class: 3721K(3840K)->3721K(3840K)
[3.252s][info][gc          ] GC(6) Pause Young (Normal) (G1 Evacuation Pause) 361M->4M(6144M) 5.572ms
[3.605s][info][gc,metaspace] GC(7) Metaspace: 23342K(23680K)->23342K(23680K) NonClass: 19620K(19840K)->19620K(19840K) Class: 3721K(3840K)->3721K(3840K)
[3.605s][info][gc          ] GC(7) Pause Young (Normal) (G1 Evacuation Pause) 408M->4M(6144M) 5.306ms
[3.976s][info][gc,metaspace] GC(8) Metaspace: 23365K(23680K)->23365K(23680K) NonClass: 19643K(19840K)->19643K(19840K) Class: 3721K(3840K)->3721K(3840K)
[3.976s][info][gc          ] GC(8) Pause Young (Normal) (G1 Evacuation Pause) 464M->3M(6144M) 4.943ms
[4.401s][info][gc,metaspace] GC(9) Metaspace: 23382K(23680K)->23382K(23680K) NonClass: 19660K(19840K)->19660K(19840K) Class: 3721K(3840K)->3721K(3840K)
[4.402s][info][gc          ] GC(9) Pause Young (Normal) (G1 Evacuation Pause) 539M->4M(6144M) 4.918ms
[4.884s][info][gc,metaspace] GC(10) Metaspace: 23409K(23744K)->23409K(23744K) NonClass: 19687K(19904K)->19687K(19904K) Class: 3721K(3840K)->3721K(3840K)
[4.884s][info][gc          ] GC(10) Pause Young (Normal) (G1 Evacuation Pause) 616M->4M(6144M) 4.796ms
[5.544s][info][gc,metaspace] GC(11) Metaspace: 23414K(23744K)->23414K(23744K) NonClass: 19692K(19904K)->19692K(19904K) Class: 3721K(3840K)->3721K(3840K)
[5.544s][info][gc          ] GC(11) Pause Young (Normal) (G1 Evacuation Pause) 712M->5M(6144M) 5.781ms
[6.225s][info][gc,metaspace] GC(12) Metaspace: 23429K(23744K)->23429K(23744K) NonClass: 19707K(19904K)->19707K(19904K) Class: 3721K(3840K)->3721K(3840K)
[6.225s][info][gc          ] GC(12) Pause Young (Normal) (G1 Evacuation Pause) 813M->5M(6144M) 6.021ms
[6.968s][info][gc,metaspace] GC(13) Metaspace: 23499K(23808K)->23499K(23808K) NonClass: 19777K(19968K)->19777K(19968K) Class: 3721K(3840K)->3721K(3840K)
[6.968s][info][gc          ] GC(13) Pause Young (Normal) (G1 Evacuation Pause) 925M->6M(6144M) 5.097ms
[7.741s][info][gc,metaspace] GC(14) Metaspace: 23551K(23872K)->23551K(23872K) NonClass: 19828K(20032K)->19828K(20032K) Class: 3722K(3840K)->3722K(3840K)
[7.741s][info][gc          ] GC(14) Pause Young (Normal) (G1 Evacuation Pause) 1062M->5M(6144M) 4.699ms
[8.658s][info][gc,metaspace] GC(15) Metaspace: 23621K(23936K)->23621K(23936K) NonClass: 19899K(20096K)->19899K(20096K) Class: 3722K(3840K)->3722K(3840K)
[8.658s][info][gc          ] GC(15) Pause Young (Normal) (G1 Evacuation Pause) 1221M->7M(6144M) 4.955ms
[9.724s][info][gc,metaspace] GC(16) Metaspace: 23669K(23936K)->23669K(23936K) NonClass: 19945K(20096K)->19945K(20096K) Class: 3723K(3840K)->3723K(3840K)
[9.724s][info][gc          ] GC(16) Pause Young (Normal) (G1 Evacuation Pause) 1399M->7M(6144M) 1.811ms
[11.350s][info][gc,metaspace] GC(17) Metaspace: 23669K(23936K)->23669K(23936K) NonClass: 19945K(20096K)->19945K(20096K) Class: 3723K(3840K)->3723K(3840K)
[11.351s][info][gc          ] GC(17) Pause Young (Normal) (G1 Evacuation Pause) 1627M->7M(6144M) 2.159ms
[13.304s][info][gc,metaspace] GC(18) Metaspace: 23669K(23936K)->23669K(23936K) NonClass: 19945K(20096K)->19945K(20096K) Class: 3723K(3840K)->3723K(3840K)
[13.304s][info][gc          ] GC(18) Pause Young (Normal) (G1 Evacuation Pause) 1855M->8M(6144M) 2.259ms

Loading 4096...[14.474s][info][gc,metaspace] GC(19) Metaspace: 29825K(30080K)->29825K(30080K) NonClass: 22006K(22144K)->22006K(22144K) Class: 7819K(7936K)->7819K(7936K)
[14.474s][info][gc          ] GC(19) Pause Full (System.gc()) 1532M->7M(6144M) 24.046ms
Creating 16384 objects per class...
Done; will start GCs... 
[31.268s][info][gc,metaspace] GC(20) Metaspace: 43143K(46848K)->43143K(46848K) NonClass: 33178K(34816K)->33178K(34816K) Class: 9965K(12032K)->9965K(12032K)
[31.268s][info][gc          ] GC(20) Pause Full (System.gc()) 925M->782M(6144M) 543.637ms
[31.745s][info][gc,metaspace] GC(21) Metaspace: 43143K(46848K)->43143K(46848K) NonClass: 33178K(34816K)->33178K(34816K) Class: 9965K(12032K)->9965K(12032K)
[31.745s][info][gc          ] GC(21) Pause Full (System.gc()) 782M->782M(6144M) 476.724ms
[32.200s][info][gc,metaspace] GC(22) Metaspace: 43143K(46848K)->43143K(46848K) NonClass: 33178K(34816K)->33178K(34816K) Class: 9965K(12032K)->9965K(12032K)
[32.200s][info][gc          ] GC(22) Pause Full (System.gc()) 782M->782M(6144M) 454.930ms
[32.661s][info][gc,metaspace] GC(23) Metaspace: 43143K(46848K)->43143K(46848K) NonClass: 33178K(34816K)->33178K(34816K) Class: 9965K(12032K)->9965K(12032K)
[32.661s][info][gc          ] GC(23) Pause Full (System.gc()) 782M->782M(6144M) 461.135ms
[33.135s][info][gc,metaspace] GC(24) Metaspace: 43143K(46848K)->43143K(46848K) NonClass: 33178K(34816K)->33178K(34816K) Class: 9965K(12032K)->9965K(12032K)
[33.135s][info][gc          ] GC(24) Pause Full (System.gc()) 782M->782M(6144M) 473.650ms
[33.587s][info][gc,metaspace] GC(25) Metaspace: 43143K(46848K)->43143K(46848K) NonClass: 33178K(34816K)->33178K(34816K) Class: 9965K(12032K)->9965K(12032K)
[33.587s][info][gc          ] GC(25) Pause Full (System.gc()) 782M->782M(6144M) 452.365ms
[34.068s][info][gc,metaspace] GC(26) Metaspace: 43143K(46848K)->43143K(46848K) NonClass: 33178K(34816K)->33178K(34816K) Class: 9965K(12032K)->9965K(12032K)
[34.068s][info][gc          ] GC(26) Pause Full (System.gc()) 782M->782M(6144M) 480.590ms
[34.518s][info][gc,metaspace] GC(27) Metaspace: 43143K(46848K)->43143K(46848K) NonClass: 33178K(34816K)->33178K(34816K) Class: 9965K(12032K)->9965K(12032K)
[34.518s][info][gc          ] GC(27) Pause Full (System.gc()) 782M->782M(6144M) 449.511ms
[34.996s][info][gc,metaspace] GC(28) Metaspace: 43143K(46848K)->43143K(46848K) NonClass: 33178K(34816K)->33178K(34816K) Class: 9965K(12032K)->9965K(12032K)
[34.996s][info][gc          ] GC(28) Pause Full (System.gc()) 782M->782M(6144M) 477.984ms
[35.449s][info][gc,metaspace] GC(29) Metaspace: 43143K(46848K)->43143K(46848K) NonClass: 33178K(34816K)->33178K(34816K) Class: 9965K(12032K)->9965K(12032K)
[35.449s][info][gc          ] GC(29) Pause Full (System.gc()) 782M->782M(6144M) 453.007ms
[35.903s][info][gc,metaspace] GC(30) Metaspace: 43143K(46848K)->43143K(46848K) NonClass: 33178K(34816K)->33178K(34816K) Class: 9965K(12032K)->9965K(12032K)
[35.903s][info][gc          ] GC(30) Pause Full (System.gc()) 782M->782M(6144M) 453.942ms
[36.357s][info][gc,metaspace] GC(31) Metaspace: 43143K(46848K)->43143K(46848K) NonClass: 33178K(34816K)->33178K(34816K) Class: 9965K(12032K)->9965K(12032K)
[36.357s][info][gc          ] GC(31) Pause Full (System.gc()) 782M->782M(6144M) 448.937ms
[36.823s][info][gc,metaspace] GC(32) Metaspace: 43143K(46848K)->43143K(46848K) NonClass: 33178K(34816K)->33178K(34816K) Class: 9965K(12032K)->9965K(12032K)
[36.823s][info][gc          ] GC(32) Pause Full (System.gc()) 782M->782M(6144M) 465.719ms
[37.260s][info][gc,metaspace] GC(33) Metaspace: 43143K(46848K)->43143K(46848K) NonClass: 33178K(34816K)->33178K(34816K) Class: 9965K(12032K)->9965K(12032K)
[37.260s][info][gc          ] GC(33) Pause Full (System.gc()) 782M->782M(6144M) 437.590ms
[37.702s][info][gc,metaspace] GC(34) Metaspace: 43143K(46848K)->43143K(46848K) NonClass: 33178K(34816K)->33178K(34816K) Class: 9965K(12032K)->9965K(12032K)
[37.702s][info][gc          ] GC(34) Pause Full (System.gc()) 782M->782M(6144M) 441.055ms
[38.167s][info][gc,metaspace] GC(35) Metaspace: 43143K(46848K)->43143K(46848K) NonClass: 33178K(34816K)->33178K(34816K) Class: 9965K(12032K)->9965K(12032K)
[38.167s][info][gc          ] GC(35) Pause Full (System.gc()) 782M->782M(6144M) 465.446ms
[38.614s][info][gc,metaspace] GC(36) Metaspace: 43143K(46848K)->43143K(46848K) NonClass: 33178K(34816K)->33178K(34816K) Class: 9965K(12032K)->9965K(12032K)
[38.614s][info][gc          ] GC(36) Pause Full (System.gc()) 782M->782M(6144M) 446.606ms
[39.068s][info][gc,metaspace] GC(37) Metaspace: 43143K(46848K)->43143K(46848K) NonClass: 33178K(34816K)->33178K(34816K) Class: 9965K(12032K)->9965K(12032K)
[39.068s][info][gc          ] GC(37) Pause Full (System.gc()) 782M->782M(6144M) 454.405ms
[39.526s][info][gc,metaspace] GC(38) Metaspace: 43143K(46848K)->43143K(46848K) NonClass: 33178K(34816K)->33178K(34816K) Class: 9965K(12032K)->9965K(12032K)
[39.526s][info][gc          ] GC(38) Pause Full (System.gc()) 782M->782M(6144M) 457.219ms
[40.001s][info][gc,metaspace] GC(39) Metaspace: 43143K(46848K)->43143K(46848K) NonClass: 33178K(34816K)->33178K(34816K) Class: 9965K(12032K)->9965K(12032K)
[40.001s][info][gc          ] GC(39) Pause Full (System.gc()) 782M->782M(6144M) 475.452ms
[40.439s][info][gc,metaspace] GC(40) Metaspace: 43143K(46848K)->43143K(46848K) NonClass: 33178K(34816K)->33178K(34816K) Class: 9965K(12032K)->9965K(12032K)
[40.439s][info][gc          ] GC(40) Pause Full (System.gc()) 782M->782M(6144M) 437.480ms
[40.885s][info][gc,metaspace] GC(41) Metaspace: 43143K(46848K)->43143K(46848K) NonClass: 33178K(34816K)->33178K(34816K) Class: 9965K(12032K)->9965K(12032K)
[40.885s][info][gc          ] GC(41) Pause Full (System.gc()) 782M->782M(6144M) 446.064ms
[41.301s][info][gc,metaspace] GC(42) Metaspace: 43143K(46848K)->43143K(46848K) NonClass: 33178K(34816K)->33178K(34816K) Class: 9965K(12032K)->9965K(12032K)
[41.302s][info][gc          ] GC(42) Pause Full (System.gc()) 782M->782M(6144M) 416.328ms
[41.758s][info][gc,metaspace] GC(43) Metaspace: 43143K(46848K)->43143K(46848K) NonClass: 33178K(34816K)->33178K(34816K) Class: 9965K(12032K)->9965K(12032K)
[41.758s][info][gc          ] GC(43) Pause Full (System.gc()) 782M->782M(6144M) 451.678ms
[42.197s][info][gc,metaspace] GC(44) Metaspace: 43143K(46848K)->43143K(46848K) NonClass: 33178K(34816K)->33178K(34816K) Class: 9965K(12032K)->9965K(12032K)
[42.197s][info][gc          ] GC(44) Pause Full (System.gc()) 782M->782M(6144M) 439.537ms
[42.651s][info][gc,metaspace] GC(45) Metaspace: 43143K(46848K)->43143K(46848K) NonClass: 33178K(34816K)->33178K(34816K) Class: 9965K(12032K)->9965K(12032K)
[42.651s][info][gc          ] GC(45) Pause Full (System.gc()) 782M->782M(6144M) 453.892ms
[43.141s][info][gc,metaspace] GC(46) Metaspace: 43143K(46848K)->43143K(46848K) NonClass: 33178K(34816K)->33178K(34816K) Class: 9965K(12032K)->9965K(12032K)
[43.141s][info][gc          ] GC(46) Pause Full (System.gc()) 782M->782M(6144M) 490.153ms
[43.579s][info][gc,metaspace] GC(47) Metaspace: 43143K(46848K)->43143K(46848K) NonClass: 33178K(34816K)->33178K(34816K) Class: 9965K(12032K)->9965K(12032K)
[43.579s][info][gc          ] GC(47) Pause Full (System.gc()) 782M->782M(6144M) 437.047ms
[44.048s][info][gc,metaspace] GC(48) Metaspace: 43143K(46848K)->43143K(46848K) NonClass: 33178K(34816K)->33178K(34816K) Class: 9965K(12032K)->9965K(12032K)
[44.048s][info][gc          ] GC(48) Pause Full (System.gc()) 782M->782M(6144M) 469.317ms
[44.502s][info][gc,metaspace] GC(49) Metaspace: 43143K(46848K)->43143K(46848K) NonClass: 33178K(34816K)->33178K(34816K) Class: 9965K(12032K)->9965K(12032K)
[44.502s][info][gc          ] GC(49) Pause Full (System.gc()) 782M->782M(6144M) 454.128ms
[44.991s][info][gc,metaspace] GC(50) Metaspace: 43143K(46848K)->43143K(46848K) NonClass: 33178K(34816K)->33178K(34816K) Class: 9965K(12032K)->9965K(12032K)
[44.991s][info][gc          ] GC(50) Pause Full (System.gc()) 782M->782M(6144M) 488.417ms
[45.449s][info][gc,metaspace] GC(51) Metaspace: 43143K(46848K)->43143K(46848K) NonClass: 33178K(34816K)->33178K(34816K) Class: 9965K(12032K)->9965K(12032K)
[45.449s][info][gc          ] GC(51) Pause Full (System.gc()) 782M->782M(6144M) 458.134ms
[45.866s][info][gc,metaspace] GC(52) Metaspace: 43143K(46848K)->43143K(46848K) NonClass: 33178K(34816K)->33178K(34816K) Class: 9965K(12032K)->9965K(12032K)
[45.866s][info][gc          ] GC(52) Pause Full (System.gc()) 782M->782M(6144M) 417.190ms
[46.314s][info][gc,metaspace] GC(53) Metaspace: 43143K(46848K)->43143K(46848K) NonClass: 33178K(34816K)->33178K(34816K) Class: 9965K(12032K)->9965K(12032K)
[46.314s][info][gc          ] GC(53) Pause Full (System.gc()) 782M->782M(6144M) 447.455ms
[46.770s][info][gc,metaspace] GC(54) Metaspace: 43143K(46848K)->43143K(46848K) NonClass: 33178K(34816K)->33178K(34816K) Class: 9965K(12032K)->9965K(12032K)
[46.770s][info][gc          ] GC(54) Pause Full (System.gc()) 782M->782M(6144M) 451.475ms
[47.205s][info][gc,metaspace] GC(55) Metaspace: 43143K(46848K)->43143K(46848K) NonClass: 33178K(34816K)->33178K(34816K) Class: 9965K(12032K)->9965K(12032K)
[47.205s][info][gc          ] GC(55) Pause Full (System.gc()) 782M->782M(6144M) 435.267ms
[47.639s][info][gc,metaspace] GC(56) Metaspace: 43143K(46848K)->43143K(46848K) NonClass: 33178K(34816K)->33178K(34816K) Class: 9965K(12032K)->9965K(12032K)
[47.639s][info][gc          ] GC(56) Pause Full (System.gc()) 782M->782M(6144M) 433.664ms
[48.114s][info][gc,metaspace] GC(57) Metaspace: 43143K(46848K)->43143K(46848K) NonClass: 33178K(34816K)->33178K(34816K) Class: 9965K(12032K)->9965K(12032K)
[48.114s][info][gc          ] GC(57) Pause Full (System.gc()) 782M->782M(6144M) 475.027ms
[48.550s][info][gc,metaspace] GC(58) Metaspace: 43143K(46848K)->43143K(46848K) NonClass: 33178K(34816K)->33178K(34816K) Class: 9965K(12032K)->9965K(12032K)
[48.550s][info][gc          ] GC(58) Pause Full (System.gc()) 782M->782M(6144M) 436.191ms
[49.027s][info][gc,metaspace] GC(59) Metaspace: 43143K(46848K)->43143K(46848K) NonClass: 33178K(34816K)->33178K(34816K) Class: 9965K(12032K)->9965K(12032K)
[49.027s][info][gc          ] GC(59) Pause Full (System.gc()) 782M->782M(6144M) 476.134ms
[49.459s][info][gc,metaspace] GC(60) Metaspace: 43143K(46848K)->43143K(46848K) NonClass: 33178K(34816K)->33178K(34816K) Class: 9965K(12032K)->9965K(12032K)
[49.459s][info][gc          ] GC(60) Pause Full (System.gc()) 782M->782M(6144M) 432.119ms
[49.928s][info][gc,metaspace] GC(61) Metaspace: 43143K(46848K)->43143K(46848K) NonClass: 33178K(34816K)->33178K(34816K) Class: 9965K(12032K)->9965K(12032K)
[49.928s][info][gc          ] GC(61) Pause Full (System.gc()) 782M->782M(6144M) 468.556ms
[50.325s][info][gc,metaspace] GC(62) Metaspace: 43143K(46848K)->43143K(46848K) NonClass: 33178K(34816K)->33178K(34816K) Class: 9965K(12032K)->9965K(12032K)
[50.325s][info][gc          ] GC(62) Pause Full (System.gc()) 782M->782M(6144M) 396.812ms
[50.760s][info][gc,metaspace] GC(63) Metaspace: 43143K(46848K)->43143K(46848K) NonClass: 33178K(34816K)->33178K(34816K) Class: 9965K(12032K)->9965K(12032K)
[50.760s][info][gc          ] GC(63) Pause Full (System.gc()) 782M->782M(6144M) 435.658ms
[51.238s][info][gc,metaspace] GC(64) Metaspace: 43143K(46848K)->43143K(46848K) NonClass: 33178K(34816K)->33178K(34816K) Class: 9965K(12032K)->9965K(12032K)
[51.239s][info][gc          ] GC(64) Pause Full (System.gc()) 782M->782M(6144M) 478.070ms
[51.676s][info][gc,metaspace] GC(65) Metaspace: 43143K(46848K)->43143K(46848K) NonClass: 33178K(34816K)->33178K(34816K) Class: 9965K(12032K)->9965K(12032K)
[51.676s][info][gc          ] GC(65) Pause Full (System.gc()) 782M->782M(6144M) 437.695ms
[52.149s][info][gc,metaspace] GC(66) Metaspace: 43143K(46848K)->43143K(46848K) NonClass: 33178K(34816K)->33178K(34816K) Class: 9965K(12032K)->9965K(12032K)
[52.149s][info][gc          ] GC(66) Pause Full (System.gc()) 782M->782M(6144M) 472.333ms
[52.592s][info][gc,metaspace] GC(67) Metaspace: 43143K(46848K)->43143K(46848K) NonClass: 33178K(34816K)->33178K(34816K) Class: 9965K(12032K)->9965K(12032K)
[52.592s][info][gc          ] GC(67) Pause Full (System.gc()) 782M->782M(6144M) 443.240ms
[53.057s][info][gc,metaspace] GC(68) Metaspace: 43143K(46848K)->43143K(46848K) NonClass: 33178K(34816K)->33178K(34816K) Class: 9965K(12032K)->9965K(12032K)
[53.057s][info][gc          ] GC(68) Pause Full (System.gc()) 782M->782M(6144M) 464.488ms
[53.512s][info][gc,metaspace] GC(69) Metaspace: 43143K(46848K)->43143K(46848K) NonClass: 33178K(34816K)->33178K(34816K) Class: 9965K(12032K)->9965K(12032K)
[53.512s][info][gc          ] GC(69) Pause Full (System.gc()) 782M->782M(6144M) 455.076ms
[53.967s][info][gc,metaspace] GC(70) Metaspace: 43143K(46848K)->43143K(46848K) NonClass: 33178K(34816K)->33178K(34816K) Class: 9965K(12032K)->9965K(12032K)
[53.967s][info][gc          ] GC(70) Pause Full (System.gc()) 782M->782M(6144M) 454.972ms
[54.425s][info][gc,metaspace] GC(71) Metaspace: 43143K(46848K)->43143K(46848K) NonClass: 33178K(34816K)->33178K(34816K) Class: 9965K(12032K)->9965K(12032K)
[54.425s][info][gc          ] GC(71) Pause Full (System.gc()) 782M->782M(6144M) 457.681ms
[54.868s][info][gc,metaspace] GC(72) Metaspace: 43143K(46848K)->43143K(46848K) NonClass: 33178K(34816K)->33178K(34816K) Class: 9965K(12032K)->9965K(12032K)
[54.868s][info][gc          ] GC(72) Pause Full (System.gc()) 782M->782M(6144M) 443.124ms
[55.286s][info][gc,metaspace] GC(73) Metaspace: 43143K(46848K)->43143K(46848K) NonClass: 33178K(34816K)->33178K(34816K) Class: 9965K(12032K)->9965K(12032K)
[55.286s][info][gc          ] GC(73) Pause Full (System.gc()) 782M->782M(6144M) 417.681ms
[55.725s][info][gc,metaspace] GC(74) Metaspace: 43143K(46848K)->43143K(46848K) NonClass: 33178K(34816K)->33178K(34816K) Class: 9965K(12032K)->9965K(12032K)
[55.726s][info][gc          ] GC(74) Pause Full (System.gc()) 782M->782M(6144M) 439.562ms
[56.191s][info][gc,metaspace] GC(75) Metaspace: 43143K(46848K)->43143K(46848K) NonClass: 33178K(34816K)->33178K(34816K) Class: 9965K(12032K)->9965K(12032K)
[56.191s][info][gc          ] GC(75) Pause Full (System.gc()) 782M->782M(6144M) 464.915ms
[56.640s][info][gc,metaspace] GC(76) Metaspace: 43143K(46848K)->43143K(46848K) NonClass: 33178K(34816K)->33178K(34816K) Class: 9965K(12032K)->9965K(12032K)
[56.640s][info][gc          ] GC(76) Pause Full (System.gc()) 782M->782M(6144M) 449.440ms
[57.113s][info][gc,metaspace] GC(77) Metaspace: 43143K(46848K)->43143K(46848K) NonClass: 33178K(34816K)->33178K(34816K) Class: 9965K(12032K)->9965K(12032K)
[57.113s][info][gc          ] GC(77) Pause Full (System.gc()) 782M->782M(6144M) 472.470ms
[57.557s][info][gc,metaspace] GC(78) Metaspace: 43143K(46848K)->43143K(46848K) NonClass: 33178K(34816K)->33178K(34816K) Class: 9965K(12032K)->9965K(12032K)
[57.558s][info][gc          ] GC(78) Pause Full (System.gc()) 782M->782M(6144M) 444.799ms
[58.032s][info][gc,metaspace] GC(79) Metaspace: 43143K(46848K)->43143K(46848K) NonClass: 33178K(34816K)->33178K(34816K) Class: 9965K(12032K)->9965K(12032K)
[58.032s][info][gc          ] GC(79) Pause Full (System.gc()) 782M->782M(6144M) 473.993ms
[58.480s][info][gc,metaspace] GC(80) Metaspace: 43143K(46848K)->43143K(46848K) NonClass: 33178K(34816K)->33178K(34816K) Class: 9965K(12032K)->9965K(12032K)
[58.480s][info][gc          ] GC(80) Pause Full (System.gc()) 782M->782M(6144M) 448.276ms
[58.940s][info][gc,metaspace] GC(81) Metaspace: 43143K(46848K)->43143K(46848K) NonClass: 33178K(34816K)->33178K(34816K) Class: 9965K(12032K)->9965K(12032K)
[58.940s][info][gc          ] GC(81) Pause Full (System.gc()) 782M->782M(6144M) 460.285ms
[59.383s][info][gc,metaspace] GC(82) Metaspace: 43143K(46848K)->43143K(46848K) NonClass: 33178K(34816K)->33178K(34816K) Class: 9965K(12032K)->9965K(12032K)
[59.383s][info][gc          ] GC(82) Pause Full (System.gc()) 782M->782M(6144M) 442.722ms
[59.836s][info][gc,metaspace] GC(83) Metaspace: 43143K(46848K)->43143K(46848K) NonClass: 33178K(34816K)->33178K(34816K) Class: 9965K(12032K)->9965K(12032K)
[59.836s][info][gc          ] GC(83) Pause Full (System.gc()) 782M->782M(6144M) 452.247ms
[60.262s][info][gc,metaspace] GC(84) Metaspace: 43143K(46848K)->43143K(46848K) NonClass: 33178K(34816K)->33178K(34816K) Class: 9965K(12032K)->9965K(12032K)
[60.262s][info][gc          ] GC(84) Pause Full (System.gc()) 782M->782M(6144M) 426.490ms
[60.695s][info][gc,metaspace] GC(85) Metaspace: 43143K(46848K)->43143K(46848K) NonClass: 33178K(34816K)->33178K(34816K) Class: 9965K(12032K)->9965K(12032K)
[60.695s][info][gc          ] GC(85) Pause Full (System.gc()) 782M->782M(6144M) 433.043ms
[61.175s][info][gc,metaspace] GC(86) Metaspace: 43143K(46848K)->43143K(46848K) NonClass: 33178K(34816K)->33178K(34816K) Class: 9965K(12032K)->9965K(12032K)
[61.175s][info][gc          ] GC(86) Pause Full (System.gc()) 782M->782M(6144M) 479.225ms
[61.626s][info][gc,metaspace] GC(87) Metaspace: 43143K(46848K)->43143K(46848K) NonClass: 33178K(34816K)->33178K(34816K) Class: 9965K(12032K)->9965K(12032K)
[61.626s][info][gc          ] GC(87) Pause Full (System.gc()) 782M->782M(6144M) 451.614ms
[62.108s][info][gc,metaspace] GC(88) Metaspace: 43143K(46848K)->43143K(46848K) NonClass: 33178K(34816K)->33178K(34816K) Class: 9965K(12032K)->9965K(12032K)
[62.108s][info][gc          ] GC(88) Pause Full (System.gc()) 782M->782M(6144M) 481.386ms
[62.550s][info][gc,metaspace] GC(89) Metaspace: 43143K(46848K)->43143K(46848K) NonClass: 33178K(34816K)->33178K(34816K) Class: 9965K(12032K)->9965K(12032K)
[62.550s][info][gc          ] GC(89) Pause Full (System.gc()) 782M->782M(6144M) 442.539ms
[63.013s][info][gc,metaspace] GC(90) Metaspace: 43143K(46848K)->43143K(46848K) NonClass: 33178K(34816K)->33178K(34816K) Class: 9965K(12032K)->9965K(12032K)
[63.013s][info][gc          ] GC(90) Pause Full (System.gc()) 782M->782M(6144M) 458.610ms
[63.475s][info][gc,metaspace] GC(91) Metaspace: 43143K(46848K)->43143K(46848K) NonClass: 33178K(34816K)->33178K(34816K) Class: 9965K(12032K)->9965K(12032K)
[63.475s][info][gc          ] GC(91) Pause Full (System.gc()) 782M->782M(6144M) 460.999ms
[63.939s][info][gc,metaspace] GC(92) Metaspace: 43143K(46848K)->43143K(46848K) NonClass: 33178K(34816K)->33178K(34816K) Class: 9965K(12032K)->9965K(12032K)
[63.939s][info][gc          ] GC(92) Pause Full (System.gc()) 784M->782M(6144M) 464.643ms
[64.347s][info][gc,metaspace] GC(93) Metaspace: 43143K(46848K)->43143K(46848K) NonClass: 33178K(34816K)->33178K(34816K) Class: 9965K(12032K)->9965K(12032K)
[64.347s][info][gc          ] GC(93) Pause Full (System.gc()) 782M->782M(6144M) 407.802ms
[64.797s][info][gc,metaspace] GC(94) Metaspace: 43143K(46848K)->43143K(46848K) NonClass: 33178K(34816K)->33178K(34816K) Class: 9965K(12032K)->9965K(12032K)
[64.797s][info][gc          ] GC(94) Pause Full (System.gc()) 782M->782M(6144M) 449.495ms
[65.226s][info][gc,metaspace] GC(95) Metaspace: 43143K(46848K)->43143K(46848K) NonClass: 33178K(34816K)->33178K(34816K) Class: 9965K(12032K)->9965K(12032K)
[65.226s][info][gc          ] GC(95) Pause Full (System.gc()) 782M->782M(6144M) 429.066ms
[65.678s][info][gc,metaspace] GC(96) Metaspace: 43143K(46848K)->43143K(46848K) NonClass: 33178K(34816K)->33178K(34816K) Class: 9965K(12032K)->9965K(12032K)
[65.678s][info][gc          ] GC(96) Pause Full (System.gc()) 782M->782M(6144M) 451.618ms
[66.154s][info][gc,metaspace] GC(97) Metaspace: 43143K(46848K)->43143K(46848K) NonClass: 33178K(34816K)->33178K(34816K) Class: 9965K(12032K)->9965K(12032K)
[66.154s][info][gc          ] GC(97) Pause Full (System.gc()) 782M->782M(6144M) 475.928ms
[66.572s][info][gc,metaspace] GC(98) Metaspace: 43143K(46848K)->43143K(46848K) NonClass: 33178K(34816K)->33178K(34816K) Class: 9965K(12032K)->9965K(12032K)
[66.572s][info][gc          ] GC(98) Pause Full (System.gc()) 782M->782M(6144M) 418.505ms
[67.024s][info][gc,metaspace] GC(99) Metaspace: 43143K(46848K)->43143K(46848K) NonClass: 33178K(34816K)->33178K(34816K) Class: 9965K(12032K)->9965K(12032K)
[67.024s][info][gc          ] GC(99) Pause Full (System.gc()) 782M->782M(6144M) 451.586ms
[67.462s][info][gc,metaspace] GC(100) Metaspace: 43143K(46848K)->43143K(46848K) NonClass: 33178K(34816K)->33178K(34816K) Class: 9965K(12032K)->9965K(12032K)
[67.462s][info][gc          ] GC(100) Pause Full (System.gc()) 782M->782M(6144M) 438.297ms
[67.895s][info][gc,metaspace] GC(101) Metaspace: 43143K(46848K)->43143K(46848K) NonClass: 33178K(34816K)->33178K(34816K) Class: 9965K(12032K)->9965K(12032K)
[67.895s][info][gc          ] GC(101) Pause Full (System.gc()) 782M->782M(6144M) 432.371ms
[68.349s][info][gc,metaspace] GC(102) Metaspace: 43143K(46848K)->43143K(46848K) NonClass: 33178K(34816K)->33178K(34816K) Class: 9965K(12032K)->9965K(12032K)
[68.349s][info][gc          ] GC(102) Pause Full (System.gc()) 782M->782M(6144M) 449.909ms
[68.804s][info][gc,metaspace] GC(103) Metaspace: 43143K(46848K)->43143K(46848K) NonClass: 33178K(34816K)->33178K(34816K) Class: 9965K(12032K)->9965K(12032K)
[68.804s][info][gc          ] GC(103) Pause Full (System.gc()) 782M->782M(6144M) 454.868ms
[69.274s][info][gc,metaspace] GC(104) Metaspace: 43143K(46848K)->43143K(46848K) NonClass: 33178K(34816K)->33178K(34816K) Class: 9965K(12032K)->9965K(12032K)
[69.274s][info][gc          ] GC(104) Pause Full (System.gc()) 782M->782M(6144M) 469.494ms
[69.717s][info][gc,metaspace] GC(105) Metaspace: 43143K(46848K)->43143K(46848K) NonClass: 33178K(34816K)->33178K(34816K) Class: 9965K(12032K)->9965K(12032K)
[69.717s][info][gc          ] GC(105) Pause Full (System.gc()) 782M->782M(6144M) 443.284ms
[70.163s][info][gc,metaspace] GC(106) Metaspace: 43143K(46848K)->43143K(46848K) NonClass: 33178K(34816K)->33178K(34816K) Class: 9965K(12032K)->9965K(12032K)
[70.163s][info][gc          ] GC(106) Pause Full (System.gc()) 782M->782M(6144M) 445.810ms
[70.584s][info][gc,metaspace] GC(107) Metaspace: 43143K(46848K)->43143K(46848K) NonClass: 33178K(34816K)->33178K(34816K) Class: 9965K(12032K)->9965K(12032K)
[70.584s][info][gc          ] GC(107) Pause Full (System.gc()) 782M->782M(6144M) 421.353ms
[71.038s][info][gc,metaspace] GC(108) Metaspace: 43143K(46848K)->43143K(46848K) NonClass: 33178K(34816K)->33178K(34816K) Class: 9965K(12032K)->9965K(12032K)
[71.038s][info][gc          ] GC(108) Pause Full (System.gc()) 782M->782M(6144M) 453.887ms
[71.491s][info][gc,metaspace] GC(109) Metaspace: 43143K(46848K)->43143K(46848K) NonClass: 33178K(34816K)->33178K(34816K) Class: 9965K(12032K)->9965K(12032K)
[71.491s][info][gc          ] GC(109) Pause Full (System.gc()) 782M->782M(6144M) 452.160ms
[71.903s][info][gc,metaspace] GC(110) Metaspace: 43143K(46848K)->43143K(46848K) NonClass: 33178K(34816K)->33178K(34816K) Class: 9965K(12032K)->9965K(12032K)
[71.903s][info][gc          ] GC(110) Pause Full (System.gc()) 782M->782M(6144M) 412.774ms
[72.367s][info][gc,metaspace] GC(111) Metaspace: 43143K(46848K)->43143K(46848K) NonClass: 33178K(34816K)->33178K(34816K) Class: 9965K(12032K)->9965K(12032K)
[72.367s][info][gc          ] GC(111) Pause Full (System.gc()) 782M->782M(6144M) 463.370ms
[72.787s][info][gc,metaspace] GC(112) Metaspace: 43143K(46848K)->43143K(46848K) NonClass: 33178K(34816K)->33178K(34816K) Class: 9965K(12032K)->9965K(12032K)
[72.787s][info][gc          ] GC(112) Pause Full (System.gc()) 782M->782M(6144M) 420.122ms
[73.211s][info][gc,metaspace] GC(113) Metaspace: 43143K(46848K)->43143K(46848K) NonClass: 33178K(34816K)->33178K(34816K) Class: 9965K(12032K)->9965K(12032K)
[73.211s][info][gc          ] GC(113) Pause Full (System.gc()) 782M->782M(6144M) 424.168ms
[73.650s][info][gc,metaspace] GC(114) Metaspace: 43143K(46848K)->43143K(46848K) NonClass: 33178K(34816K)->33178K(34816K) Class: 9965K(12032K)->9965K(12032K)
[73.650s][info][gc          ] GC(114) Pause Full (System.gc()) 782M->782M(6144M) 434.533ms
[74.102s][info][gc,metaspace] GC(115) Metaspace: 43143K(46848K)->43143K(46848K) NonClass: 33178K(34816K)->33178K(34816K) Class: 9965K(12032K)->9965K(12032K)
[74.102s][info][gc          ] GC(115) Pause Full (System.gc()) 782M->782M(6144M) 452.112ms
[74.545s][info][gc,metaspace] GC(116) Metaspace: 43143K(46848K)->43143K(46848K) NonClass: 33178K(34816K)->33178K(34816K) Class: 9965K(12032K)->9965K(12032K)
[74.545s][info][gc          ] GC(116) Pause Full (System.gc()) 782M->782M(6144M) 442.046ms
[75.004s][info][gc,metaspace] GC(117) Metaspace: 43143K(46848K)->43143K(46848K) NonClass: 33178K(34816K)->33178K(34816K) Class: 9965K(12032K)->9965K(12032K)
[75.004s][info][gc          ] GC(117) Pause Full (System.gc()) 782M->782M(6144M) 459.207ms
[75.426s][info][gc,metaspace] GC(118) Metaspace: 43143K(46848K)->43143K(46848K) NonClass: 33178K(34816K)->33178K(34816K) Class: 9965K(12032K)->9965K(12032K)
[75.426s][info][gc          ] GC(118) Pause Full (System.gc()) 782M->782M(6144M) 421.992ms
[75.841s][info][gc,metaspace] GC(119) Metaspace: 43143K(46848K)->43143K(46848K) NonClass: 33178K(34816K)->33178K(34816K) Class: 9965K(12032K)->9965K(12032K)
[75.841s][info][gc          ] GC(119) Pause Full (System.gc()) 782M->782M(6144M) 415.095ms
After GCs... 
