[0.001s][info][metaspace]  - commit_granule_bytes: 65536.
[0.001s][info][metaspace]  - commit_granule_words: 8192.
[0.001s][info][metaspace]  - virtual_space_node_default_size: 8388608.
[0.001s][info][metaspace]  - enlarge_chunks_in_place: 1.
[0.001s][info][metaspace]  - use_allocation_guard: 0.
[0.005s][info][gc       ] Using G1
[0.443s][info][metaspace] Reserving compressed class space anywhere
[0.448s][info][gc,metaspace] CDS archive(s) not mapped
[0.448s][info][gc,metaspace] Compressed class space mapped at: 0x000000003e000000-0x00000000fe000000, reserved size: 3221225472
[0.448s][info][gc,metaspace] UseCompressedClassPointers 1, UseCompactObjectHeaders 1, narrow klass pointer bits 22, max shift 10
[0.448s][info][gc,metaspace] Narrow klass base: 0x000000003e000000, Narrow klass shift: 10, Narrow klass range: 0xc0000000
Num Classes: 4096
Num Objects per Class: 16384
Cycles: 100
Class association: random
Generate 4096 classes...[1.429s][info][gc,metaspace] GC(0) Metaspace: 21759K(22080K)->21759K(22080K) NonClass: 18046K(18240K)->18046K(18240K) Class: 3712K(3840K)->3712K(3840K)
[1.429s][info][gc          ] GC(0) Pause Young (Normal) (G1 Evacuation Pause) 304M->4M(6144M) 5.035ms
[1.780s][info][gc,metaspace] GC(1) Metaspace: 22038K(22400K)->22038K(22400K) NonClass: 18324K(18560K)->18324K(18560K) Class: 3713K(3840K)->3713K(3840K)
[1.781s][info][gc          ] GC(1) Pause Young (Normal) (G1 Evacuation Pause) 300M->4M(6144M) 4.553ms
[2.099s][info][gc,metaspace] GC(2) Metaspace: 22212K(22528K)->22212K(22528K) NonClass: 18499K(18688K)->18499K(18688K) Class: 3713K(3840K)->3713K(3840K)
[2.099s][info][gc          ] GC(2) Pause Young (Normal) (G1 Evacuation Pause) 300M->4M(6144M) 3.875ms
[2.405s][info][gc,metaspace] GC(3) Metaspace: 22496K(22848K)->22496K(22848K) NonClass: 18781K(19008K)->18781K(19008K) Class: 3714K(3840K)->3714K(3840K)
[2.405s][info][gc          ] GC(3) Pause Young (Normal) (G1 Evacuation Pause) 300M->4M(6144M) 4.912ms
[2.661s][info][gc,metaspace] GC(4) Metaspace: 22578K(22912K)->22578K(22912K) NonClass: 18863K(19072K)->18863K(19072K) Class: 3714K(3840K)->3714K(3840K)
[2.662s][info][gc          ] GC(4) Pause Young (Normal) (G1 Evacuation Pause) 300M->4M(6144M) 4.942ms
[2.990s][info][gc,metaspace] GC(5) Metaspace: 22628K(22976K)->22628K(22976K) NonClass: 18913K(19136K)->18913K(19136K) Class: 3714K(3840K)->3714K(3840K)
[2.991s][info][gc          ] GC(5) Pause Young (Normal) (G1 Evacuation Pause) 336M->5M(6144M) 5.647ms
[3.329s][info][gc,metaspace] GC(6) Metaspace: 23316K(23616K)->23316K(23616K) NonClass: 19599K(19776K)->19599K(19776K) Class: 3716K(3840K)->3716K(3840K)
[3.329s][info][gc          ] GC(6) Pause Young (Normal) (G1 Evacuation Pause) 361M->5M(6144M) 4.758ms
[3.661s][info][gc,metaspace] GC(7) Metaspace: 23359K(23680K)->23359K(23680K) NonClass: 19642K(19840K)->19642K(19840K) Class: 3716K(3840K)->3716K(3840K)
[3.661s][info][gc          ] GC(7) Pause Young (Normal) (G1 Evacuation Pause) 413M->4M(6144M) 4.986ms
[4.034s][info][gc,metaspace] GC(8) Metaspace: 23390K(23680K)->23390K(23680K) NonClass: 19673K(19840K)->19673K(19840K) Class: 3716K(3840K)->3716K(3840K)
[4.034s][info][gc          ] GC(8) Pause Young (Normal) (G1 Evacuation Pause) 468M->5M(6144M) 4.868ms
[4.457s][info][gc,metaspace] GC(9) Metaspace: 23402K(23680K)->23402K(23680K) NonClass: 19686K(19840K)->19686K(19840K) Class: 3716K(3840K)->3716K(3840K)
[4.457s][info][gc          ] GC(9) Pause Young (Normal) (G1 Evacuation Pause) 541M->4M(6144M) 5.720ms
[5.049s][info][gc,metaspace] GC(10) Metaspace: 23429K(23744K)->23429K(23744K) NonClass: 19712K(19904K)->19712K(19904K) Class: 3716K(3840K)->3716K(3840K)
[5.049s][info][gc          ] GC(10) Pause Young (Normal) (G1 Evacuation Pause) 612M->5M(6144M) 4.708ms
[5.588s][info][gc,metaspace] GC(11) Metaspace: 23441K(23744K)->23441K(23744K) NonClass: 19724K(19904K)->19724K(19904K) Class: 3716K(3840K)->3716K(3840K)
[5.588s][info][gc          ] GC(11) Pause Young (Normal) (G1 Evacuation Pause) 705M->5M(6144M) 4.704ms
[6.247s][info][gc,metaspace] GC(12) Metaspace: 23457K(23744K)->23457K(23744K) NonClass: 19740K(19904K)->19740K(19904K) Class: 3716K(3840K)->3716K(3840K)
[6.247s][info][gc          ] GC(12) Pause Young (Normal) (G1 Evacuation Pause) 813M->6M(6144M) 4.118ms
[6.995s][info][gc,metaspace] GC(13) Metaspace: 23523K(23808K)->23523K(23808K) NonClass: 19806K(19968K)->19806K(19968K) Class: 3716K(3840K)->3716K(3840K)
[6.995s][info][gc          ] GC(13) Pause Young (Normal) (G1 Evacuation Pause) 958M->6M(6144M) 4.816ms
[7.800s][info][gc,metaspace] GC(14) Metaspace: 23605K(23872K)->23605K(23872K) NonClass: 19887K(20032K)->19887K(20032K) Class: 3717K(3840K)->3717K(3840K)
[7.800s][info][gc          ] GC(14) Pause Young (Normal) (G1 Evacuation Pause) 1114M->6M(6144M) 5.341ms
[8.690s][info][gc,metaspace] GC(15) Metaspace: 23646K(23936K)->23646K(23936K) NonClass: 19928K(20096K)->19928K(20096K) Class: 3717K(3840K)->3717K(3840K)
[8.690s][info][gc          ] GC(15) Pause Young (Normal) (G1 Evacuation Pause) 1258M->6M(6144M) 6.099ms
[9.781s][info][gc,metaspace] GC(16) Metaspace: 23690K(24000K)->23690K(24000K) NonClass: 19971K(20160K)->19971K(20160K) Class: 3718K(3840K)->3718K(3840K)
[9.781s][info][gc          ] GC(16) Pause Young (Normal) (G1 Evacuation Pause) 1426M->7M(6144M) 2.052ms
[11.356s][info][gc,metaspace] GC(17) Metaspace: 23690K(24000K)->23690K(24000K) NonClass: 19971K(20160K)->19971K(20160K) Class: 3718K(3840K)->3718K(3840K)
[11.356s][info][gc          ] GC(17) Pause Young (Normal) (G1 Evacuation Pause) 1639M->7M(6144M) 1.926ms
[12.685s][info][gc,metaspace] GC(18) Metaspace: 23690K(24000K)->23690K(24000K) NonClass: 19971K(20160K)->19971K(20160K) Class: 3718K(3840K)->3718K(3840K)
[12.685s][info][gc          ] GC(18) Pause Young (Normal) (G1 Evacuation Pause) 1895M->8M(6144M) 2.164ms

Loading 4096...[13.725s][info][gc,metaspace] GC(19) Metaspace: 29846K(30208K)->29846K(30208K) NonClass: 22032K(22272K)->22032K(22272K) Class: 7814K(7936K)->7814K(7936K)
[13.725s][info][gc          ] GC(19) Pause Full (System.gc()) 1344M->7M(6144M) 26.019ms
Creating 16384 objects per class...
Done; will start GCs... 
[30.604s][info][gc,metaspace] GC(20) Metaspace: 43159K(46912K)->43159K(46912K) NonClass: 33198K(34880K)->33198K(34880K) Class: 9960K(12032K)->9960K(12032K)
[30.604s][info][gc          ] GC(20) Pause Full (System.gc()) 925M->782M(6144M) 621.929ms
[31.217s][info][gc,metaspace] GC(21) Metaspace: 43159K(46912K)->43159K(46912K) NonClass: 33198K(34880K)->33198K(34880K) Class: 9960K(12032K)->9960K(12032K)
[31.217s][info][gc          ] GC(21) Pause Full (System.gc()) 782M->782M(6144M) 612.837ms
[31.833s][info][gc,metaspace] GC(22) Metaspace: 43159K(46912K)->43159K(46912K) NonClass: 33198K(34880K)->33198K(34880K) Class: 9960K(12032K)->9960K(12032K)
[31.833s][info][gc          ] GC(22) Pause Full (System.gc()) 782M->782M(6144M) 615.993ms
[32.435s][info][gc,metaspace] GC(23) Metaspace: 43159K(46912K)->43159K(46912K) NonClass: 33198K(34880K)->33198K(34880K) Class: 9960K(12032K)->9960K(12032K)
[32.435s][info][gc          ] GC(23) Pause Full (System.gc()) 782M->782M(6144M) 601.874ms
[33.026s][info][gc,metaspace] GC(24) Metaspace: 43159K(46912K)->43159K(46912K) NonClass: 33198K(34880K)->33198K(34880K) Class: 9960K(12032K)->9960K(12032K)
[33.026s][info][gc          ] GC(24) Pause Full (System.gc()) 782M->782M(6144M) 590.508ms
[33.614s][info][gc,metaspace] GC(25) Metaspace: 43159K(46912K)->43159K(46912K) NonClass: 33198K(34880K)->33198K(34880K) Class: 9960K(12032K)->9960K(12032K)
[33.614s][info][gc          ] GC(25) Pause Full (System.gc()) 782M->782M(6144M) 588.524ms
[34.190s][info][gc,metaspace] GC(26) Metaspace: 43159K(46912K)->43159K(46912K) NonClass: 33198K(34880K)->33198K(34880K) Class: 9960K(12032K)->9960K(12032K)
[34.190s][info][gc          ] GC(26) Pause Full (System.gc()) 782M->782M(6144M) 575.839ms
[34.762s][info][gc,metaspace] GC(27) Metaspace: 43159K(46912K)->43159K(46912K) NonClass: 33198K(34880K)->33198K(34880K) Class: 9960K(12032K)->9960K(12032K)
[34.762s][info][gc          ] GC(27) Pause Full (System.gc()) 782M->782M(6144M) 571.419ms
[35.352s][info][gc,metaspace] GC(28) Metaspace: 43159K(46912K)->43159K(46912K) NonClass: 33198K(34880K)->33198K(34880K) Class: 9960K(12032K)->9960K(12032K)
[35.352s][info][gc          ] GC(28) Pause Full (System.gc()) 782M->782M(6144M) 590.635ms
[35.964s][info][gc,metaspace] GC(29) Metaspace: 43159K(46912K)->43159K(46912K) NonClass: 33198K(34880K)->33198K(34880K) Class: 9960K(12032K)->9960K(12032K)
[35.964s][info][gc          ] GC(29) Pause Full (System.gc()) 782M->782M(6144M) 611.288ms
[36.534s][info][gc,metaspace] GC(30) Metaspace: 43159K(46912K)->43159K(46912K) NonClass: 33198K(34880K)->33198K(34880K) Class: 9960K(12032K)->9960K(12032K)
[36.534s][info][gc          ] GC(30) Pause Full (System.gc()) 782M->782M(6144M) 570.101ms
[37.111s][info][gc,metaspace] GC(31) Metaspace: 43159K(46912K)->43159K(46912K) NonClass: 33198K(34880K)->33198K(34880K) Class: 9960K(12032K)->9960K(12032K)
[37.111s][info][gc          ] GC(31) Pause Full (System.gc()) 782M->782M(6144M) 576.990ms
[37.681s][info][gc,metaspace] GC(32) Metaspace: 43159K(46912K)->43159K(46912K) NonClass: 33198K(34880K)->33198K(34880K) Class: 9960K(12032K)->9960K(12032K)
[37.681s][info][gc          ] GC(32) Pause Full (System.gc()) 782M->782M(6144M) 569.282ms
[38.243s][info][gc,metaspace] GC(33) Metaspace: 43159K(46912K)->43159K(46912K) NonClass: 33198K(34880K)->33198K(34880K) Class: 9960K(12032K)->9960K(12032K)
[38.243s][info][gc          ] GC(33) Pause Full (System.gc()) 782M->782M(6144M) 561.990ms
[38.817s][info][gc,metaspace] GC(34) Metaspace: 43159K(46912K)->43159K(46912K) NonClass: 33198K(34880K)->33198K(34880K) Class: 9960K(12032K)->9960K(12032K)
[38.817s][info][gc          ] GC(34) Pause Full (System.gc()) 782M->782M(6144M) 573.834ms
[39.393s][info][gc,metaspace] GC(35) Metaspace: 43159K(46912K)->43159K(46912K) NonClass: 33198K(34880K)->33198K(34880K) Class: 9960K(12032K)->9960K(12032K)
[39.393s][info][gc          ] GC(35) Pause Full (System.gc()) 782M->782M(6144M) 575.609ms
[39.995s][info][gc,metaspace] GC(36) Metaspace: 43159K(46912K)->43159K(46912K) NonClass: 33198K(34880K)->33198K(34880K) Class: 9960K(12032K)->9960K(12032K)
[39.996s][info][gc          ] GC(36) Pause Full (System.gc()) 782M->782M(6144M) 602.527ms
[40.573s][info][gc,metaspace] GC(37) Metaspace: 43159K(46912K)->43159K(46912K) NonClass: 33198K(34880K)->33198K(34880K) Class: 9960K(12032K)->9960K(12032K)
[40.573s][info][gc          ] GC(37) Pause Full (System.gc()) 782M->782M(6144M) 577.133ms
[41.200s][info][gc,metaspace] GC(38) Metaspace: 43159K(46912K)->43159K(46912K) NonClass: 33198K(34880K)->33198K(34880K) Class: 9960K(12032K)->9960K(12032K)
[41.200s][info][gc          ] GC(38) Pause Full (System.gc()) 782M->782M(6144M) 622.672ms
[41.773s][info][gc,metaspace] GC(39) Metaspace: 43159K(46912K)->43159K(46912K) NonClass: 33198K(34880K)->33198K(34880K) Class: 9960K(12032K)->9960K(12032K)
[41.773s][info][gc          ] GC(39) Pause Full (System.gc()) 782M->782M(6144M) 573.489ms
[42.334s][info][gc,metaspace] GC(40) Metaspace: 43159K(46912K)->43159K(46912K) NonClass: 33198K(34880K)->33198K(34880K) Class: 9960K(12032K)->9960K(12032K)
[42.334s][info][gc          ] GC(40) Pause Full (System.gc()) 782M->782M(6144M) 560.382ms
[42.925s][info][gc,metaspace] GC(41) Metaspace: 43159K(46912K)->43159K(46912K) NonClass: 33198K(34880K)->33198K(34880K) Class: 9960K(12032K)->9960K(12032K)
[42.925s][info][gc          ] GC(41) Pause Full (System.gc()) 782M->782M(6144M) 591.029ms
[43.510s][info][gc,metaspace] GC(42) Metaspace: 43159K(46912K)->43159K(46912K) NonClass: 33198K(34880K)->33198K(34880K) Class: 9960K(12032K)->9960K(12032K)
[43.510s][info][gc          ] GC(42) Pause Full (System.gc()) 782M->782M(6144M) 584.977ms
[44.107s][info][gc,metaspace] GC(43) Metaspace: 43159K(46912K)->43159K(46912K) NonClass: 33198K(34880K)->33198K(34880K) Class: 9960K(12032K)->9960K(12032K)
[44.107s][info][gc          ] GC(43) Pause Full (System.gc()) 782M->782M(6144M) 596.606ms
[44.677s][info][gc,metaspace] GC(44) Metaspace: 43159K(46912K)->43159K(46912K) NonClass: 33198K(34880K)->33198K(34880K) Class: 9960K(12032K)->9960K(12032K)
[44.677s][info][gc          ] GC(44) Pause Full (System.gc()) 782M->782M(6144M) 570.330ms
[45.288s][info][gc,metaspace] GC(45) Metaspace: 43159K(46912K)->43159K(46912K) NonClass: 33198K(34880K)->33198K(34880K) Class: 9960K(12032K)->9960K(12032K)
[45.288s][info][gc          ] GC(45) Pause Full (System.gc()) 782M->782M(6144M) 610.936ms
[45.859s][info][gc,metaspace] GC(46) Metaspace: 43159K(46912K)->43159K(46912K) NonClass: 33198K(34880K)->33198K(34880K) Class: 9960K(12032K)->9960K(12032K)
[45.859s][info][gc          ] GC(46) Pause Full (System.gc()) 782M->782M(6144M) 570.808ms
[46.430s][info][gc,metaspace] GC(47) Metaspace: 43159K(46912K)->43159K(46912K) NonClass: 33198K(34880K)->33198K(34880K) Class: 9960K(12032K)->9960K(12032K)
[46.431s][info][gc          ] GC(47) Pause Full (System.gc()) 782M->782M(6144M) 571.167ms
[47.025s][info][gc,metaspace] GC(48) Metaspace: 43159K(46912K)->43159K(46912K) NonClass: 33198K(34880K)->33198K(34880K) Class: 9960K(12032K)->9960K(12032K)
[47.026s][info][gc          ] GC(48) Pause Full (System.gc()) 782M->782M(6144M) 594.882ms
[47.602s][info][gc,metaspace] GC(49) Metaspace: 43159K(46912K)->43159K(46912K) NonClass: 33198K(34880K)->33198K(34880K) Class: 9960K(12032K)->9960K(12032K)
[47.602s][info][gc          ] GC(49) Pause Full (System.gc()) 782M->782M(6144M) 576.153ms
[48.213s][info][gc,metaspace] GC(50) Metaspace: 43159K(46912K)->43159K(46912K) NonClass: 33198K(34880K)->33198K(34880K) Class: 9960K(12032K)->9960K(12032K)
[48.213s][info][gc          ] GC(50) Pause Full (System.gc()) 782M->782M(6144M) 611.128ms
[48.783s][info][gc,metaspace] GC(51) Metaspace: 43159K(46912K)->43159K(46912K) NonClass: 33198K(34880K)->33198K(34880K) Class: 9960K(12032K)->9960K(12032K)
[48.783s][info][gc          ] GC(51) Pause Full (System.gc()) 782M->782M(6144M) 570.247ms
[49.329s][info][gc,metaspace] GC(52) Metaspace: 43159K(46912K)->43159K(46912K) NonClass: 33198K(34880K)->33198K(34880K) Class: 9960K(12032K)->9960K(12032K)
[49.329s][info][gc          ] GC(52) Pause Full (System.gc()) 782M->782M(6144M) 545.299ms
[49.924s][info][gc,metaspace] GC(53) Metaspace: 43159K(46912K)->43159K(46912K) NonClass: 33198K(34880K)->33198K(34880K) Class: 9960K(12032K)->9960K(12032K)
[49.924s][info][gc          ] GC(53) Pause Full (System.gc()) 782M->782M(6144M) 595.626ms
[50.494s][info][gc,metaspace] GC(54) Metaspace: 43159K(46912K)->43159K(46912K) NonClass: 33198K(34880K)->33198K(34880K) Class: 9960K(12032K)->9960K(12032K)
[50.494s][info][gc          ] GC(54) Pause Full (System.gc()) 782M->782M(6144M) 569.622ms
[51.083s][info][gc,metaspace] GC(55) Metaspace: 43159K(46912K)->43159K(46912K) NonClass: 33198K(34880K)->33198K(34880K) Class: 9960K(12032K)->9960K(12032K)
[51.083s][info][gc          ] GC(55) Pause Full (System.gc()) 782M->782M(6144M) 588.738ms
[51.690s][info][gc,metaspace] GC(56) Metaspace: 43159K(46912K)->43159K(46912K) NonClass: 33198K(34880K)->33198K(34880K) Class: 9960K(12032K)->9960K(12032K)
[51.690s][info][gc          ] GC(56) Pause Full (System.gc()) 782M->782M(6144M) 607.150ms
[52.272s][info][gc,metaspace] GC(57) Metaspace: 43159K(46912K)->43159K(46912K) NonClass: 33198K(34880K)->33198K(34880K) Class: 9960K(12032K)->9960K(12032K)
[52.272s][info][gc          ] GC(57) Pause Full (System.gc()) 782M->782M(6144M) 581.971ms
[52.851s][info][gc,metaspace] GC(58) Metaspace: 43159K(46912K)->43159K(46912K) NonClass: 33198K(34880K)->33198K(34880K) Class: 9960K(12032K)->9960K(12032K)
[52.851s][info][gc          ] GC(58) Pause Full (System.gc()) 782M->782M(6144M) 578.225ms
[53.404s][info][gc,metaspace] GC(59) Metaspace: 43159K(46912K)->43159K(46912K) NonClass: 33198K(34880K)->33198K(34880K) Class: 9960K(12032K)->9960K(12032K)
[53.404s][info][gc          ] GC(59) Pause Full (System.gc()) 782M->782M(6144M) 553.662ms
[53.990s][info][gc,metaspace] GC(60) Metaspace: 43159K(46912K)->43159K(46912K) NonClass: 33198K(34880K)->33198K(34880K) Class: 9960K(12032K)->9960K(12032K)
[53.990s][info][gc          ] GC(60) Pause Full (System.gc()) 782M->782M(6144M) 585.389ms
[54.567s][info][gc,metaspace] GC(61) Metaspace: 43159K(46912K)->43159K(46912K) NonClass: 33198K(34880K)->33198K(34880K) Class: 9960K(12032K)->9960K(12032K)
[54.567s][info][gc          ] GC(61) Pause Full (System.gc()) 782M->782M(6144M) 576.613ms
[55.140s][info][gc,metaspace] GC(62) Metaspace: 43159K(46912K)->43159K(46912K) NonClass: 33198K(34880K)->33198K(34880K) Class: 9960K(12032K)->9960K(12032K)
[55.140s][info][gc          ] GC(62) Pause Full (System.gc()) 782M->782M(6144M) 572.950ms
[55.706s][info][gc,metaspace] GC(63) Metaspace: 43159K(46912K)->43159K(46912K) NonClass: 33198K(34880K)->33198K(34880K) Class: 9960K(12032K)->9960K(12032K)
[55.706s][info][gc          ] GC(63) Pause Full (System.gc()) 782M->782M(6144M) 566.390ms
[56.314s][info][gc,metaspace] GC(64) Metaspace: 43159K(46912K)->43159K(46912K) NonClass: 33198K(34880K)->33198K(34880K) Class: 9960K(12032K)->9960K(12032K)
[56.314s][info][gc          ] GC(64) Pause Full (System.gc()) 782M->782M(6144M) 608.008ms
[56.940s][info][gc,metaspace] GC(65) Metaspace: 43159K(46912K)->43159K(46912K) NonClass: 33198K(34880K)->33198K(34880K) Class: 9960K(12032K)->9960K(12032K)
[56.940s][info][gc          ] GC(65) Pause Full (System.gc()) 782M->782M(6144M) 621.445ms
[57.505s][info][gc,metaspace] GC(66) Metaspace: 43159K(46912K)->43159K(46912K) NonClass: 33198K(34880K)->33198K(34880K) Class: 9960K(12032K)->9960K(12032K)
[57.505s][info][gc          ] GC(66) Pause Full (System.gc()) 782M->782M(6144M) 564.534ms
[58.107s][info][gc,metaspace] GC(67) Metaspace: 43159K(46912K)->43159K(46912K) NonClass: 33198K(34880K)->33198K(34880K) Class: 9960K(12032K)->9960K(12032K)
[58.107s][info][gc          ] GC(67) Pause Full (System.gc()) 782M->782M(6144M) 601.913ms
[58.684s][info][gc,metaspace] GC(68) Metaspace: 43159K(46912K)->43159K(46912K) NonClass: 33198K(34880K)->33198K(34880K) Class: 9960K(12032K)->9960K(12032K)
[58.684s][info][gc          ] GC(68) Pause Full (System.gc()) 782M->782M(6144M) 576.757ms
[59.284s][info][gc,metaspace] GC(69) Metaspace: 43159K(46912K)->43159K(46912K) NonClass: 33198K(34880K)->33198K(34880K) Class: 9960K(12032K)->9960K(12032K)
[59.284s][info][gc          ] GC(69) Pause Full (System.gc()) 782M->782M(6144M) 600.629ms
[59.900s][info][gc,metaspace] GC(70) Metaspace: 43159K(46912K)->43159K(46912K) NonClass: 33198K(34880K)->33198K(34880K) Class: 9960K(12032K)->9960K(12032K)
[59.900s][info][gc          ] GC(70) Pause Full (System.gc()) 782M->782M(6144M) 615.281ms
[60.486s][info][gc,metaspace] GC(71) Metaspace: 43159K(46912K)->43159K(46912K) NonClass: 33198K(34880K)->33198K(34880K) Class: 9960K(12032K)->9960K(12032K)
[60.486s][info][gc          ] GC(71) Pause Full (System.gc()) 782M->782M(6144M) 586.270ms
[61.076s][info][gc,metaspace] GC(72) Metaspace: 43159K(46912K)->43159K(46912K) NonClass: 33198K(34880K)->33198K(34880K) Class: 9960K(12032K)->9960K(12032K)
[61.076s][info][gc          ] GC(72) Pause Full (System.gc()) 782M->782M(6144M) 590.020ms
[61.650s][info][gc,metaspace] GC(73) Metaspace: 43159K(46912K)->43159K(46912K) NonClass: 33198K(34880K)->33198K(34880K) Class: 9960K(12032K)->9960K(12032K)
[61.650s][info][gc          ] GC(73) Pause Full (System.gc()) 782M->782M(6144M) 573.923ms
[62.221s][info][gc,metaspace] GC(74) Metaspace: 43159K(46912K)->43159K(46912K) NonClass: 33198K(34880K)->33198K(34880K) Class: 9960K(12032K)->9960K(12032K)
[62.221s][info][gc          ] GC(74) Pause Full (System.gc()) 782M->782M(6144M) 570.602ms
[62.802s][info][gc,metaspace] GC(75) Metaspace: 43159K(46912K)->43159K(46912K) NonClass: 33198K(34880K)->33198K(34880K) Class: 9960K(12032K)->9960K(12032K)
[62.802s][info][gc          ] GC(75) Pause Full (System.gc()) 782M->782M(6144M) 580.815ms
[63.382s][info][gc,metaspace] GC(76) Metaspace: 43159K(46912K)->43159K(46912K) NonClass: 33198K(34880K)->33198K(34880K) Class: 9960K(12032K)->9960K(12032K)
[63.382s][info][gc          ] GC(76) Pause Full (System.gc()) 782M->782M(6144M) 580.138ms
[63.969s][info][gc,metaspace] GC(77) Metaspace: 43159K(46912K)->43159K(46912K) NonClass: 33198K(34880K)->33198K(34880K) Class: 9960K(12032K)->9960K(12032K)
[63.969s][info][gc          ] GC(77) Pause Full (System.gc()) 782M->782M(6144M) 586.918ms
[64.540s][info][gc,metaspace] GC(78) Metaspace: 43159K(46912K)->43159K(46912K) NonClass: 33198K(34880K)->33198K(34880K) Class: 9960K(12032K)->9960K(12032K)
[64.540s][info][gc          ] GC(78) Pause Full (System.gc()) 782M->782M(6144M) 570.310ms
[65.118s][info][gc,metaspace] GC(79) Metaspace: 43159K(46912K)->43159K(46912K) NonClass: 33198K(34880K)->33198K(34880K) Class: 9960K(12032K)->9960K(12032K)
[65.118s][info][gc          ] GC(79) Pause Full (System.gc()) 784M->782M(6144M) 577.990ms
[65.689s][info][gc,metaspace] GC(80) Metaspace: 43159K(46912K)->43159K(46912K) NonClass: 33198K(34880K)->33198K(34880K) Class: 9960K(12032K)->9960K(12032K)
[65.689s][info][gc          ] GC(80) Pause Full (System.gc()) 782M->782M(6144M) 571.039ms
[66.270s][info][gc,metaspace] GC(81) Metaspace: 43159K(46912K)->43159K(46912K) NonClass: 33198K(34880K)->33198K(34880K) Class: 9960K(12032K)->9960K(12032K)
[66.270s][info][gc          ] GC(81) Pause Full (System.gc()) 782M->782M(6144M) 580.913ms
[66.841s][info][gc,metaspace] GC(82) Metaspace: 43159K(46912K)->43159K(46912K) NonClass: 33198K(34880K)->33198K(34880K) Class: 9960K(12032K)->9960K(12032K)
[66.841s][info][gc          ] GC(82) Pause Full (System.gc()) 782M->782M(6144M) 571.265ms
[67.390s][info][gc,metaspace] GC(83) Metaspace: 43159K(46912K)->43159K(46912K) NonClass: 33198K(34880K)->33198K(34880K) Class: 9960K(12032K)->9960K(12032K)
[67.390s][info][gc          ] GC(83) Pause Full (System.gc()) 782M->782M(6144M) 548.324ms
[67.981s][info][gc,metaspace] GC(84) Metaspace: 43159K(46912K)->43159K(46912K) NonClass: 33198K(34880K)->33198K(34880K) Class: 9960K(12032K)->9960K(12032K)
[67.981s][info][gc          ] GC(84) Pause Full (System.gc()) 782M->782M(6144M) 590.760ms
[68.576s][info][gc,metaspace] GC(85) Metaspace: 43159K(46912K)->43159K(46912K) NonClass: 33198K(34880K)->33198K(34880K) Class: 9960K(12032K)->9960K(12032K)
[68.576s][info][gc          ] GC(85) Pause Full (System.gc()) 782M->782M(6144M) 595.011ms
[69.256s][info][gc,metaspace] GC(86) Metaspace: 43159K(46912K)->43159K(46912K) NonClass: 33198K(34880K)->33198K(34880K) Class: 9960K(12032K)->9960K(12032K)
[69.256s][info][gc          ] GC(86) Pause Full (System.gc()) 782M->782M(6144M) 680.258ms
[69.831s][info][gc,metaspace] GC(87) Metaspace: 43159K(46912K)->43159K(46912K) NonClass: 33198K(34880K)->33198K(34880K) Class: 9960K(12032K)->9960K(12032K)
[69.831s][info][gc          ] GC(87) Pause Full (System.gc()) 782M->782M(6144M) 574.822ms
[70.425s][info][gc,metaspace] GC(88) Metaspace: 43159K(46912K)->43159K(46912K) NonClass: 33198K(34880K)->33198K(34880K) Class: 9960K(12032K)->9960K(12032K)
[70.425s][info][gc          ] GC(88) Pause Full (System.gc()) 782M->782M(6144M) 593.707ms
[71.016s][info][gc,metaspace] GC(89) Metaspace: 43159K(46912K)->43159K(46912K) NonClass: 33198K(34880K)->33198K(34880K) Class: 9960K(12032K)->9960K(12032K)
[71.016s][info][gc          ] GC(89) Pause Full (System.gc()) 782M->782M(6144M) 590.702ms
[71.571s][info][gc,metaspace] GC(90) Metaspace: 43159K(46912K)->43159K(46912K) NonClass: 33198K(34880K)->33198K(34880K) Class: 9960K(12032K)->9960K(12032K)
[71.571s][info][gc          ] GC(90) Pause Full (System.gc()) 782M->782M(6144M) 554.890ms
[72.145s][info][gc,metaspace] GC(91) Metaspace: 43159K(46912K)->43159K(46912K) NonClass: 33198K(34880K)->33198K(34880K) Class: 9960K(12032K)->9960K(12032K)
[72.145s][info][gc          ] GC(91) Pause Full (System.gc()) 782M->782M(6144M) 573.913ms
[72.760s][info][gc,metaspace] GC(92) Metaspace: 43159K(46912K)->43159K(46912K) NonClass: 33198K(34880K)->33198K(34880K) Class: 9960K(12032K)->9960K(12032K)
[72.760s][info][gc          ] GC(92) Pause Full (System.gc()) 782M->782M(6144M) 610.671ms
[73.320s][info][gc,metaspace] GC(93) Metaspace: 43159K(46912K)->43159K(46912K) NonClass: 33198K(34880K)->33198K(34880K) Class: 9960K(12032K)->9960K(12032K)
[73.320s][info][gc          ] GC(93) Pause Full (System.gc()) 782M->782M(6144M) 560.177ms
[73.901s][info][gc,metaspace] GC(94) Metaspace: 43159K(46912K)->43159K(46912K) NonClass: 33198K(34880K)->33198K(34880K) Class: 9960K(12032K)->9960K(12032K)
[73.901s][info][gc          ] GC(94) Pause Full (System.gc()) 782M->782M(6144M) 580.745ms
[74.486s][info][gc,metaspace] GC(95) Metaspace: 43159K(46912K)->43159K(46912K) NonClass: 33198K(34880K)->33198K(34880K) Class: 9960K(12032K)->9960K(12032K)
[74.486s][info][gc          ] GC(95) Pause Full (System.gc()) 782M->782M(6144M) 584.710ms
[75.073s][info][gc,metaspace] GC(96) Metaspace: 43159K(46912K)->43159K(46912K) NonClass: 33198K(34880K)->33198K(34880K) Class: 9960K(12032K)->9960K(12032K)
[75.073s][info][gc          ] GC(96) Pause Full (System.gc()) 782M->782M(6144M) 587.580ms
[75.709s][info][gc,metaspace] GC(97) Metaspace: 43159K(46912K)->43159K(46912K) NonClass: 33198K(34880K)->33198K(34880K) Class: 9960K(12032K)->9960K(12032K)
[75.709s][info][gc          ] GC(97) Pause Full (System.gc()) 782M->782M(6144M) 635.244ms
[76.282s][info][gc,metaspace] GC(98) Metaspace: 43159K(46912K)->43159K(46912K) NonClass: 33198K(34880K)->33198K(34880K) Class: 9960K(12032K)->9960K(12032K)
[76.282s][info][gc          ] GC(98) Pause Full (System.gc()) 782M->782M(6144M) 572.782ms
[76.841s][info][gc,metaspace] GC(99) Metaspace: 43159K(46912K)->43159K(46912K) NonClass: 33198K(34880K)->33198K(34880K) Class: 9960K(12032K)->9960K(12032K)
[76.841s][info][gc          ] GC(99) Pause Full (System.gc()) 782M->782M(6144M) 558.881ms
[77.406s][info][gc,metaspace] GC(100) Metaspace: 43159K(46912K)->43159K(46912K) NonClass: 33198K(34880K)->33198K(34880K) Class: 9960K(12032K)->9960K(12032K)
[77.406s][info][gc          ] GC(100) Pause Full (System.gc()) 782M->782M(6144M) 564.938ms
[78.044s][info][gc,metaspace] GC(101) Metaspace: 43159K(46912K)->43159K(46912K) NonClass: 33198K(34880K)->33198K(34880K) Class: 9960K(12032K)->9960K(12032K)
[78.044s][info][gc          ] GC(101) Pause Full (System.gc()) 782M->782M(6144M) 634.262ms
[78.619s][info][gc,metaspace] GC(102) Metaspace: 43159K(46912K)->43159K(46912K) NonClass: 33198K(34880K)->33198K(34880K) Class: 9960K(12032K)->9960K(12032K)
[78.620s][info][gc          ] GC(102) Pause Full (System.gc()) 782M->782M(6144M) 575.150ms
[79.242s][info][gc,metaspace] GC(103) Metaspace: 43159K(46912K)->43159K(46912K) NonClass: 33198K(34880K)->33198K(34880K) Class: 9960K(12032K)->9960K(12032K)
[79.242s][info][gc          ] GC(103) Pause Full (System.gc()) 782M->782M(6144M) 622.021ms
[79.867s][info][gc,metaspace] GC(104) Metaspace: 43159K(46912K)->43159K(46912K) NonClass: 33198K(34880K)->33198K(34880K) Class: 9960K(12032K)->9960K(12032K)
[79.867s][info][gc          ] GC(104) Pause Full (System.gc()) 782M->782M(6144M) 624.821ms
[80.455s][info][gc,metaspace] GC(105) Metaspace: 43159K(46912K)->43159K(46912K) NonClass: 33198K(34880K)->33198K(34880K) Class: 9960K(12032K)->9960K(12032K)
[80.455s][info][gc          ] GC(105) Pause Full (System.gc()) 782M->782M(6144M) 587.902ms
[81.084s][info][gc,metaspace] GC(106) Metaspace: 43159K(46912K)->43159K(46912K) NonClass: 33198K(34880K)->33198K(34880K) Class: 9960K(12032K)->9960K(12032K)
[81.084s][info][gc          ] GC(106) Pause Full (System.gc()) 782M->782M(6144M) 629.259ms
[81.676s][info][gc,metaspace] GC(107) Metaspace: 43159K(46912K)->43159K(46912K) NonClass: 33198K(34880K)->33198K(34880K) Class: 9960K(12032K)->9960K(12032K)
[81.676s][info][gc          ] GC(107) Pause Full (System.gc()) 782M->782M(6144M) 592.434ms
[82.248s][info][gc,metaspace] GC(108) Metaspace: 43159K(46912K)->43159K(46912K) NonClass: 33198K(34880K)->33198K(34880K) Class: 9960K(12032K)->9960K(12032K)
[82.248s][info][gc          ] GC(108) Pause Full (System.gc()) 782M->782M(6144M) 571.790ms
[82.809s][info][gc,metaspace] GC(109) Metaspace: 43159K(46912K)->43159K(46912K) NonClass: 33198K(34880K)->33198K(34880K) Class: 9960K(12032K)->9960K(12032K)
[82.809s][info][gc          ] GC(109) Pause Full (System.gc()) 782M->782M(6144M) 560.803ms
[83.387s][info][gc,metaspace] GC(110) Metaspace: 43159K(46912K)->43159K(46912K) NonClass: 33198K(34880K)->33198K(34880K) Class: 9960K(12032K)->9960K(12032K)
[83.387s][info][gc          ] GC(110) Pause Full (System.gc()) 782M->782M(6144M) 573.598ms
[83.975s][info][gc,metaspace] GC(111) Metaspace: 43159K(46912K)->43159K(46912K) NonClass: 33198K(34880K)->33198K(34880K) Class: 9960K(12032K)->9960K(12032K)
[83.975s][info][gc          ] GC(111) Pause Full (System.gc()) 782M->782M(6144M) 588.168ms
[84.567s][info][gc,metaspace] GC(112) Metaspace: 43159K(46912K)->43159K(46912K) NonClass: 33198K(34880K)->33198K(34880K) Class: 9960K(12032K)->9960K(12032K)
[84.567s][info][gc          ] GC(112) Pause Full (System.gc()) 782M->782M(6144M) 591.311ms
[85.132s][info][gc,metaspace] GC(113) Metaspace: 43159K(46912K)->43159K(46912K) NonClass: 33198K(34880K)->33198K(34880K) Class: 9960K(12032K)->9960K(12032K)
[85.132s][info][gc          ] GC(113) Pause Full (System.gc()) 782M->782M(6144M) 564.929ms
[85.743s][info][gc,metaspace] GC(114) Metaspace: 43159K(46912K)->43159K(46912K) NonClass: 33198K(34880K)->33198K(34880K) Class: 9960K(12032K)->9960K(12032K)
[85.743s][info][gc          ] GC(114) Pause Full (System.gc()) 782M->782M(6144M) 610.609ms
[86.322s][info][gc,metaspace] GC(115) Metaspace: 43159K(46912K)->43159K(46912K) NonClass: 33198K(34880K)->33198K(34880K) Class: 9960K(12032K)->9960K(12032K)
[86.322s][info][gc          ] GC(115) Pause Full (System.gc()) 782M->782M(6144M) 579.691ms
[86.924s][info][gc,metaspace] GC(116) Metaspace: 43159K(46912K)->43159K(46912K) NonClass: 33198K(34880K)->33198K(34880K) Class: 9960K(12032K)->9960K(12032K)
[86.924s][info][gc          ] GC(116) Pause Full (System.gc()) 782M->782M(6144M) 602.019ms
[87.502s][info][gc,metaspace] GC(117) Metaspace: 43159K(46912K)->43159K(46912K) NonClass: 33198K(34880K)->33198K(34880K) Class: 9960K(12032K)->9960K(12032K)
[87.502s][info][gc          ] GC(117) Pause Full (System.gc()) 782M->782M(6144M) 577.699ms
[88.087s][info][gc,metaspace] GC(118) Metaspace: 43159K(46912K)->43159K(46912K) NonClass: 33198K(34880K)->33198K(34880K) Class: 9960K(12032K)->9960K(12032K)
[88.087s][info][gc          ] GC(118) Pause Full (System.gc()) 782M->782M(6144M) 584.559ms
[88.671s][info][gc,metaspace] GC(119) Metaspace: 43159K(46912K)->43159K(46912K) NonClass: 33198K(34880K)->33198K(34880K) Class: 9960K(12032K)->9960K(12032K)
[88.671s][info][gc          ] GC(119) Pause Full (System.gc()) 782M->782M(6144M) 579.985ms
After GCs... 
