Done; will start GCs... 
[16.011s][info][gc,metaspace] GC(17) Metaspace: 16241K(17344K)->16241K(17344K) NonClass: 14088K(14592K)->14088K(14592K) Class: 2153K(2752K)->2153K(2752K)
[16.011s][info][gc          ] GC(17) Pause Full (System.gc()) 1811M->1791M(5626M) 605.413ms
[16.577s][info][gc,metaspace] GC(18) Metaspace: 16241K(17344K)->16241K(17344K) NonClass: 14088K(14592K)->14088K(14592K) Class: 2153K(2752K)->2153K(2752K)
[16.577s][info][gc          ] GC(18) Pause Full (System.gc()) 1791M->1791M(5626M) 566.058ms
[17.262s][info][gc,metaspace] GC(19) Metaspace: 16241K(17344K)->16241K(17344K) NonClass: 14088K(14592K)->14088K(14592K) Class: 2153K(2752K)->2153K(2752K)
[17.262s][info][gc          ] GC(19) Pause Full (System.gc()) 1791M->1791M(5626M) 684.442ms
[17.828s][info][gc,metaspace] GC(20) Metaspace: 16241K(17344K)->16241K(17344K) NonClass: 14088K(14592K)->14088K(14592K) Class: 2153K(2752K)->2153K(2752K)
[17.828s][info][gc          ] GC(20) Pause Full (System.gc()) 1791M->1791M(5626M) 566.407ms
[18.415s][info][gc,metaspace] GC(21) Metaspace: 16241K(17344K)->16241K(17344K) NonClass: 14088K(14592K)->14088K(14592K) Class: 2153K(2752K)->2153K(2752K)
[18.415s][info][gc          ] GC(21) Pause Full (System.gc()) 1791M->1791M(5626M) 586.404ms
[19.029s][info][gc,metaspace] GC(22) Metaspace: 16241K(17344K)->16241K(17344K) NonClass: 14088K(14592K)->14088K(14592K) Class: 2153K(2752K)->2153K(2752K)
[19.029s][info][gc          ] GC(22) Pause Full (System.gc()) 1791M->1791M(5626M) 609.950ms
[19.587s][info][gc,metaspace] GC(23) Metaspace: 16241K(17344K)->16241K(17344K) NonClass: 14088K(14592K)->14088K(14592K) Class: 2153K(2752K)->2153K(2752K)
[19.587s][info][gc          ] GC(23) Pause Full (System.gc()) 1791M->1791M(5626M) 558.048ms
[20.187s][info][gc,metaspace] GC(24) Metaspace: 16241K(17344K)->16241K(17344K) NonClass: 14088K(14592K)->14088K(14592K) Class: 2153K(2752K)->2153K(2752K)
[20.187s][info][gc          ] GC(24) Pause Full (System.gc()) 1791M->1791M(5626M) 599.167ms
[20.746s][info][gc,metaspace] GC(25) Metaspace: 16241K(17344K)->16241K(17344K) NonClass: 14088K(14592K)->14088K(14592K) Class: 2153K(2752K)->2153K(2752K)
[20.746s][info][gc          ] GC(25) Pause Full (System.gc()) 1791M->1791M(5626M) 559.479ms
[21.349s][info][gc,metaspace] GC(26) Metaspace: 16241K(17344K)->16241K(17344K) NonClass: 14088K(14592K)->14088K(14592K) Class: 2153K(2752K)->2153K(2752K)
[21.349s][info][gc          ] GC(26) Pause Full (System.gc()) 1791M->1791M(5626M) 603.203ms
After GCs... 
