Done; will start GCs... 
[15.970s][info][gc,metaspace] GC(16) Metaspace: 16333K(17472K)->16333K(17472K) NonClass: 12992K(13504K)->12992K(13504K) Class: 3341K(3968K)->3341K(3968K)
[15.970s][info][gc          ] GC(16) Pause Full (System.gc()) 1592M->1571M(5633M) 608.199ms
[16.611s][info][gc,metaspace] GC(17) Metaspace: 16333K(17472K)->16333K(17472K) NonClass: 12992K(13504K)->12992K(13504K) Class: 3341K(3968K)->3341K(3968K)
[16.611s][info][gc          ] GC(17) Pause Full (System.gc()) 1571M->1571M(5633M) 641.453ms
[17.188s][info][gc,metaspace] GC(18) Metaspace: 16333K(17472K)->16333K(17472K) NonClass: 12992K(13504K)->12992K(13504K) Class: 3341K(3968K)->3341K(3968K)
[17.189s][info][gc          ] GC(18) Pause Full (System.gc()) 1571M->1571M(5633M) 577.100ms
[17.824s][info][gc,metaspace] GC(19) Metaspace: 16333K(17472K)->16333K(17472K) NonClass: 12992K(13504K)->12992K(13504K) Class: 3341K(3968K)->3341K(3968K)
[17.824s][info][gc          ] GC(19) Pause Full (System.gc()) 1571M->1571M(5633M) 635.721ms
[18.398s][info][gc,metaspace] GC(20) Metaspace: 16333K(17472K)->16333K(17472K) NonClass: 12992K(13504K)->12992K(13504K) Class: 3341K(3968K)->3341K(3968K)
[18.398s][info][gc          ] GC(20) Pause Full (System.gc()) 1571M->1571M(5633M) 573.152ms
[18.979s][info][gc,metaspace] GC(21) Metaspace: 16333K(17472K)->16333K(17472K) NonClass: 12992K(13504K)->12992K(13504K) Class: 3341K(3968K)->3341K(3968K)
[18.979s][info][gc          ] GC(21) Pause Full (System.gc()) 1571M->1571M(5633M) 581.181ms
[19.554s][info][gc,metaspace] GC(22) Metaspace: 16333K(17472K)->16333K(17472K) NonClass: 12992K(13504K)->12992K(13504K) Class: 3341K(3968K)->3341K(3968K)
[19.554s][info][gc          ] GC(22) Pause Full (System.gc()) 1571M->1571M(5633M) 570.425ms
[20.155s][info][gc,metaspace] GC(23) Metaspace: 16333K(17472K)->16333K(17472K) NonClass: 12992K(13504K)->12992K(13504K) Class: 3341K(3968K)->3341K(3968K)
[20.155s][info][gc          ] GC(23) Pause Full (System.gc()) 1571M->1571M(5633M) 600.964ms
[20.781s][info][gc,metaspace] GC(24) Metaspace: 16333K(17472K)->16333K(17472K) NonClass: 12992K(13504K)->12992K(13504K) Class: 3341K(3968K)->3341K(3968K)
[20.781s][info][gc          ] GC(24) Pause Full (System.gc()) 1571M->1571M(5633M) 626.477ms
[21.361s][info][gc,metaspace] GC(25) Metaspace: 16333K(17472K)->16333K(17472K) NonClass: 12992K(13504K)->12992K(13504K) Class: 3341K(3968K)->3341K(3968K)
[21.362s][info][gc          ] GC(25) Pause Full (System.gc()) 1571M->1571M(5633M) 580.077ms
After GCs... 
