[0.001s][info][metaspace]  - commit_granule_bytes: 65536.
[0.001s][info][metaspace]  - commit_granule_words: 8192.
[0.001s][info][metaspace]  - virtual_space_node_default_size: 8388608.
[0.001s][info][metaspace]  - enlarge_chunks_in_place: 1.
[0.001s][info][metaspace]  - use_allocation_guard: 0.
[0.005s][info][gc       ] Using Parallel
[0.443s][info][metaspace] Reserving compressed class space anywhere
[0.443s][info][gc,metaspace] CDS archive(s) not mapped
[0.443s][info][gc,metaspace] Compressed class space mapped at: 0x0000000019000000-0x00000000d9000000, reserved size: 3221225472
[0.443s][info][gc,metaspace] UseCompressedClassPointers 1, UseCompactObjectHeaders 1, narrow klass pointer bits 22, max shift 10
[0.443s][info][gc,metaspace] Narrow klass base: 0x0000000019000000, Narrow klass shift: 10, Narrow klass range: 0xc0000000
Random Seed: 12345678
Num Classes: 1024
Num Objects: 67108864
Percent IK Objects: 83.0%)
Percent OAK Objects: 5.0%)
Percent TAK Objects: 12.0%)
Wired up: false
Cycles: 10
Loading 1024 pre-generated classes ...
Materialize pre-generated constructors ...
Creating objects...
[0.656s][info][gc,metaspace] GC(0) Metaspace: 12759K(13056K)->12759K(13056K) NonClass: 9958K(10112K)->9958K(10112K) Class: 2801K(2944K)->2801K(2944K)
[0.657s][info][gc          ] GC(0) Pause Full (System.gc()) 122M->1M(5888M) 8.150ms
[2.646s][info][gc,metaspace] GC(1) Metaspace: 16331K(17472K)->16331K(17472K) NonClass: 12989K(13504K)->12989K(13504K) Class: 3341K(3968K)->3341K(3968K)
[2.646s][info][gc          ] GC(1) Pause Young (Allocation Failure) 1537M->360M(5888M) 512.575ms
[4.003s][info][gc,metaspace] GC(2) Metaspace: 16333K(17472K)->16333K(17472K) NonClass: 12992K(13504K)->12992K(13504K) Class: 3341K(3968K)->3341K(3968K)
[4.003s][info][gc          ] GC(2) Pause Young (Allocation Failure) 1896M->490M(5888M) 177.132ms
[5.116s][info][gc,metaspace] GC(3) Metaspace: 16333K(17472K)->16333K(17472K) NonClass: 12992K(13504K)->12992K(13504K) Class: 3341K(3968K)->3341K(3968K)
[5.116s][info][gc          ] GC(3) Pause Young (Allocation Failure) 2026M->617M(5888M) 224.401ms
[6.370s][info][gc,metaspace] GC(4) Metaspace: 16333K(17472K)->16333K(17472K) NonClass: 12992K(13504K)->12992K(13504K) Class: 3341K(3968K)->3341K(3968K)
[6.370s][info][gc          ] GC(4) Pause Young (Allocation Failure) 2153M->744M(5888M) 356.900ms
[7.468s][info][gc,metaspace] GC(5) Metaspace: 16333K(17472K)->16333K(17472K) NonClass: 12992K(13504K)->12992K(13504K) Class: 3341K(3968K)->3341K(3968K)
[7.469s][info][gc          ] GC(5) Pause Young (Allocation Failure) 2280M->871M(5888M) 192.321ms
[8.569s][info][gc,metaspace] GC(6) Metaspace: 16333K(17472K)->16333K(17472K) NonClass: 12992K(13504K)->12992K(13504K) Class: 3341K(3968K)->3341K(3968K)
[8.569s][info][gc          ] GC(6) Pause Young (Allocation Failure) 2407M->998M(5313M) 198.399ms
[9.440s][info][gc,metaspace] GC(7) Metaspace: 16333K(17472K)->16333K(17472K) NonClass: 12992K(13504K)->12992K(13504K) Class: 3341K(3968K)->3341K(3968K)
[9.440s][info][gc          ] GC(7) Pause Young (Allocation Failure) 1959M->1078M(5196M) 264.754ms
[10.160s][info][gc,metaspace] GC(8) Metaspace: 16333K(17472K)->16333K(17472K) NonClass: 12992K(13504K)->12992K(13504K) Class: 3341K(3968K)->3341K(3968K)
[10.160s][info][gc          ] GC(8) Pause Young (Allocation Failure) 2039M->1157M(5607M) 164.479ms
[10.927s][info][gc,metaspace] GC(9) Metaspace: 16333K(17472K)->16333K(17472K) NonClass: 12992K(13504K)->12992K(13504K) Class: 3341K(3968K)->3341K(3968K)
[10.928s][info][gc          ] GC(9) Pause Young (Allocation Failure) 2121M->1237M(5596M) 216.219ms
[11.690s][info][gc,metaspace] GC(10) Metaspace: 16333K(17472K)->16333K(17472K) NonClass: 12992K(13504K)->12992K(13504K) Class: 3341K(3968K)->3341K(3968K)
[11.690s][info][gc          ] GC(10) Pause Young (Allocation Failure) 2201M->1317M(5637M) 211.400ms
[12.428s][info][gc,metaspace] GC(11) Metaspace: 16333K(17472K)->16333K(17472K) NonClass: 12992K(13504K)->12992K(13504K) Class: 3341K(3968K)->3341K(3968K)
[12.428s][info][gc          ] GC(11) Pause Young (Allocation Failure) 2345M->1402M(5631M) 164.044ms
[13.166s][info][gc,metaspace] GC(12) Metaspace: 16333K(17472K)->16333K(17472K) NonClass: 12992K(13504K)->12992K(13504K) Class: 3341K(3968K)->3341K(3968K)
[13.166s][info][gc          ] GC(12) Pause Young (Allocation Failure) 2430M->1487M(5634M) 107.504ms
[13.884s][info][gc,metaspace] GC(13) Metaspace: 16333K(17472K)->16333K(17472K) NonClass: 12992K(13504K)->12992K(13504K) Class: 3341K(3968K)->3341K(3968K)
[13.884s][info][gc          ] GC(13) Pause Young (Allocation Failure) 2514M->1572M(5633M) 126.887ms
67108864 Objects created
 - IK: 55699211 (82.99829%)
 - OAK: 3355627 (5.0002737%)
 - TAK: 8054026 (12.001434%)
Preparatory GC...
[14.791s][info][gc,metaspace] GC(14) Metaspace: 16333K(17472K)->16333K(17472K) NonClass: 12992K(13504K)->12992K(13504K) Class: 3341K(3968K)->3341K(3968K)
[14.791s][info][gc          ] GC(14) Pause Full (System.gc()) 1613M->1571M(5633M) 881.002ms
[15.361s][info][gc,metaspace] GC(15) Metaspace: 16333K(17472K)->16333K(17472K) NonClass: 12992K(13504K)->12992K(13504K) Class: 3341K(3968K)->3341K(3968K)
[15.361s][info][gc          ] GC(15) Pause Full (System.gc()) 1571M->1571M(5633M) 570.473ms
Done; will start GCs... 
[15.970s][info][gc,metaspace] GC(16) Metaspace: 16333K(17472K)->16333K(17472K) NonClass: 12992K(13504K)->12992K(13504K) Class: 3341K(3968K)->3341K(3968K)
[15.970s][info][gc          ] GC(16) Pause Full (System.gc()) 1592M->1571M(5633M) 608.199ms
[16.611s][info][gc,metaspace] GC(17) Metaspace: 16333K(17472K)->16333K(17472K) NonClass: 12992K(13504K)->12992K(13504K) Class: 3341K(3968K)->3341K(3968K)
[16.611s][info][gc          ] GC(17) Pause Full (System.gc()) 1571M->1571M(5633M) 641.453ms
[17.188s][info][gc,metaspace] GC(18) Metaspace: 16333K(17472K)->16333K(17472K) NonClass: 12992K(13504K)->12992K(13504K) Class: 3341K(3968K)->3341K(3968K)
[17.189s][info][gc          ] GC(18) Pause Full (System.gc()) 1571M->1571M(5633M) 577.100ms
[17.824s][info][gc,metaspace] GC(19) Metaspace: 16333K(17472K)->16333K(17472K) NonClass: 12992K(13504K)->12992K(13504K) Class: 3341K(3968K)->3341K(3968K)
[17.824s][info][gc          ] GC(19) Pause Full (System.gc()) 1571M->1571M(5633M) 635.721ms
[18.398s][info][gc,metaspace] GC(20) Metaspace: 16333K(17472K)->16333K(17472K) NonClass: 12992K(13504K)->12992K(13504K) Class: 3341K(3968K)->3341K(3968K)
[18.398s][info][gc          ] GC(20) Pause Full (System.gc()) 1571M->1571M(5633M) 573.152ms
[18.979s][info][gc,metaspace] GC(21) Metaspace: 16333K(17472K)->16333K(17472K) NonClass: 12992K(13504K)->12992K(13504K) Class: 3341K(3968K)->3341K(3968K)
[18.979s][info][gc          ] GC(21) Pause Full (System.gc()) 1571M->1571M(5633M) 581.181ms
[19.554s][info][gc,metaspace] GC(22) Metaspace: 16333K(17472K)->16333K(17472K) NonClass: 12992K(13504K)->12992K(13504K) Class: 3341K(3968K)->3341K(3968K)
[19.554s][info][gc          ] GC(22) Pause Full (System.gc()) 1571M->1571M(5633M) 570.425ms
[20.155s][info][gc,metaspace] GC(23) Metaspace: 16333K(17472K)->16333K(17472K) NonClass: 12992K(13504K)->12992K(13504K) Class: 3341K(3968K)->3341K(3968K)
[20.155s][info][gc          ] GC(23) Pause Full (System.gc()) 1571M->1571M(5633M) 600.964ms
[20.781s][info][gc,metaspace] GC(24) Metaspace: 16333K(17472K)->16333K(17472K) NonClass: 12992K(13504K)->12992K(13504K) Class: 3341K(3968K)->3341K(3968K)
[20.781s][info][gc          ] GC(24) Pause Full (System.gc()) 1571M->1571M(5633M) 626.477ms
[21.361s][info][gc,metaspace] GC(25) Metaspace: 16333K(17472K)->16333K(17472K) NonClass: 12992K(13504K)->12992K(13504K) Class: 3341K(3968K)->3341K(3968K)
[21.362s][info][gc          ] GC(25) Pause Full (System.gc()) 1571M->1571M(5633M) 580.077ms
After GCs... 
