Done; will start GCs... 
[16.669s][info][gc,metaspace] GC(16) Metaspace: 16337K(17472K)->16337K(17472K) NonClass: 12995K(13504K)->12995K(13504K) Class: 3341K(3968K)->3341K(3968K)
[16.669s][info][gc          ] GC(16) Pause Full (System.gc()) 1592M->1571M(5635M) 682.768ms
[17.301s][info][gc,metaspace] GC(17) Metaspace: 16337K(17472K)->16337K(17472K) NonClass: 12995K(13504K)->12995K(13504K) Class: 3341K(3968K)->3341K(3968K)
[17.301s][info][gc          ] GC(17) Pause Full (System.gc()) 1571M->1571M(5635M) 631.826ms
[17.967s][info][gc,metaspace] GC(18) Metaspace: 16337K(17472K)->16337K(17472K) NonClass: 12995K(13504K)->12995K(13504K) Class: 3341K(3968K)->3341K(3968K)
[17.968s][info][gc          ] GC(18) Pause Full (System.gc()) 1571M->1571M(5635M) 666.539ms
[18.666s][info][gc,metaspace] GC(19) Metaspace: 16337K(17472K)->16337K(17472K) NonClass: 12995K(13504K)->12995K(13504K) Class: 3341K(3968K)->3341K(3968K)
[18.666s][info][gc          ] GC(19) Pause Full (System.gc()) 1571M->1571M(5635M) 694.227ms
[19.311s][info][gc,metaspace] GC(20) Metaspace: 16337K(17472K)->16337K(17472K) NonClass: 12995K(13504K)->12995K(13504K) Class: 3341K(3968K)->3341K(3968K)
[19.311s][info][gc          ] GC(20) Pause Full (System.gc()) 1571M->1571M(5635M) 644.964ms
[19.967s][info][gc,metaspace] GC(21) Metaspace: 16337K(17472K)->16337K(17472K) NonClass: 12995K(13504K)->12995K(13504K) Class: 3341K(3968K)->3341K(3968K)
[19.967s][info][gc          ] GC(21) Pause Full (System.gc()) 1571M->1571M(5635M) 655.372ms
[20.611s][info][gc,metaspace] GC(22) Metaspace: 16337K(17472K)->16337K(17472K) NonClass: 12995K(13504K)->12995K(13504K) Class: 3341K(3968K)->3341K(3968K)
[20.611s][info][gc          ] GC(22) Pause Full (System.gc()) 1571M->1571M(5635M) 644.163ms
[21.276s][info][gc,metaspace] GC(23) Metaspace: 16337K(17472K)->16337K(17472K) NonClass: 12995K(13504K)->12995K(13504K) Class: 3341K(3968K)->3341K(3968K)
[21.276s][info][gc          ] GC(23) Pause Full (System.gc()) 1571M->1571M(5635M) 665.018ms
[21.943s][info][gc,metaspace] GC(24) Metaspace: 16337K(17472K)->16337K(17472K) NonClass: 12995K(13504K)->12995K(13504K) Class: 3341K(3968K)->3341K(3968K)
[21.943s][info][gc          ] GC(24) Pause Full (System.gc()) 1571M->1571M(5635M) 667.028ms
[22.581s][info][gc,metaspace] GC(25) Metaspace: 16337K(17472K)->16337K(17472K) NonClass: 12995K(13504K)->12995K(13504K) Class: 3341K(3968K)->3341K(3968K)
[22.581s][info][gc          ] GC(25) Pause Full (System.gc()) 1571M->1571M(5635M) 637.949ms
After GCs... 
