Done; will start GCs... 
[32.614s][info][gc,metaspace] GC(12) Metaspace: 16495K(17664K)->16495K(17664K) NonClass: 13151K(13696K)->13151K(13696K) Class: 3343K(3968K)->3343K(3968K)
[32.614s][info][gc          ] GC(12) Pause Full (System.gc()) 1605M->1573M(5939M) 5794.071ms
[36.844s][info][gc,metaspace] GC(13) Metaspace: 16495K(17664K)->16495K(17664K) NonClass: 13151K(13696K)->13151K(13696K) Class: 3343K(3968K)->3343K(3968K)
[36.844s][info][gc          ] GC(13) Pause Full (System.gc()) 1573M->1573M(5939M) 4229.828ms
[41.241s][info][gc,metaspace] GC(14) Metaspace: 16495K(17664K)->16495K(17664K) NonClass: 13151K(13696K)->13151K(13696K) Class: 3343K(3968K)->3343K(3968K)
[41.241s][info][gc          ] GC(14) Pause Full (System.gc()) 1573M->1573M(5939M) 4397.006ms
[45.412s][info][gc,metaspace] GC(15) Metaspace: 16495K(17664K)->16495K(17664K) NonClass: 13151K(13696K)->13151K(13696K) Class: 3343K(3968K)->3343K(3968K)
[45.412s][info][gc          ] GC(15) Pause Full (System.gc()) 1573M->1573M(5939M) 4170.150ms
[49.585s][info][gc,metaspace] GC(16) Metaspace: 16495K(17664K)->16495K(17664K) NonClass: 13151K(13696K)->13151K(13696K) Class: 3343K(3968K)->3343K(3968K)
[49.585s][info][gc          ] GC(16) Pause Full (System.gc()) 1573M->1573M(5939M) 4172.713ms
[53.805s][info][gc,metaspace] GC(17) Metaspace: 16495K(17664K)->16495K(17664K) NonClass: 13151K(13696K)->13151K(13696K) Class: 3343K(3968K)->3343K(3968K)
[53.805s][info][gc          ] GC(17) Pause Full (System.gc()) 1573M->1573M(5939M) 4220.234ms
[58.214s][info][gc,metaspace] GC(18) Metaspace: 16495K(17664K)->16495K(17664K) NonClass: 13151K(13696K)->13151K(13696K) Class: 3343K(3968K)->3343K(3968K)
[58.214s][info][gc          ] GC(18) Pause Full (System.gc()) 1573M->1573M(5939M) 4408.693ms
[62.385s][info][gc,metaspace] GC(19) Metaspace: 16495K(17664K)->16495K(17664K) NonClass: 13151K(13696K)->13151K(13696K) Class: 3343K(3968K)->3343K(3968K)
[62.385s][info][gc          ] GC(19) Pause Full (System.gc()) 1573M->1573M(5939M) 4171.308ms
[67.971s][info][gc,metaspace] GC(20) Metaspace: 16495K(17664K)->16495K(17664K) NonClass: 13151K(13696K)->13151K(13696K) Class: 3343K(3968K)->3343K(3968K)
[67.971s][info][gc          ] GC(20) Pause Full (System.gc()) 1589M->1573M(5939M) 5585.886ms
[72.148s][info][gc,metaspace] GC(21) Metaspace: 16495K(17664K)->16495K(17664K) NonClass: 13151K(13696K)->13151K(13696K) Class: 3343K(3968K)->3343K(3968K)
[72.148s][info][gc          ] GC(21) Pause Full (System.gc()) 1573M->1573M(5939M) 4171.993ms
[76.326s][info][gc,metaspace] GC(22) Metaspace: 16495K(17664K)->16495K(17664K) NonClass: 13151K(13696K)->13151K(13696K) Class: 3343K(3968K)->3343K(3968K)
[76.326s][info][gc          ] GC(22) Pause Full (System.gc()) 1573M->1573M(5939M) 4177.631ms
[80.495s][info][gc,metaspace] GC(23) Metaspace: 16495K(17664K)->16495K(17664K) NonClass: 13151K(13696K)->13151K(13696K) Class: 3343K(3968K)->3343K(3968K)
[80.495s][info][gc          ] GC(23) Pause Full (System.gc()) 1573M->1573M(5939M) 4168.707ms
[84.666s][info][gc,metaspace] GC(24) Metaspace: 16495K(17664K)->16495K(17664K) NonClass: 13151K(13696K)->13151K(13696K) Class: 3343K(3968K)->3343K(3968K)
[84.666s][info][gc          ] GC(24) Pause Full (System.gc()) 1573M->1573M(5939M) 4171.474ms
[88.891s][info][gc,metaspace] GC(25) Metaspace: 16495K(17664K)->16495K(17664K) NonClass: 13151K(13696K)->13151K(13696K) Class: 3343K(3968K)->3343K(3968K)
[88.891s][info][gc          ] GC(25) Pause Full (System.gc()) 1573M->1573M(5939M) 4224.592ms
[93.068s][info][gc,metaspace] GC(26) Metaspace: 16495K(17664K)->16495K(17664K) NonClass: 13151K(13696K)->13151K(13696K) Class: 3343K(3968K)->3343K(3968K)
[93.068s][info][gc          ] GC(26) Pause Full (System.gc()) 1573M->1573M(5939M) 4176.610ms
[97.242s][info][gc,metaspace] GC(27) Metaspace: 16495K(17664K)->16495K(17664K) NonClass: 13151K(13696K)->13151K(13696K) Class: 3343K(3968K)->3343K(3968K)
[97.242s][info][gc          ] GC(27) Pause Full (System.gc()) 1573M->1573M(5939M) 4174.016ms
[101.413s][info][gc,metaspace] GC(28) Metaspace: 16495K(17664K)->16495K(17664K) NonClass: 13151K(13696K)->13151K(13696K) Class: 3343K(3968K)->3343K(3968K)
[101.413s][info][gc          ] GC(28) Pause Full (System.gc()) 1573M->1573M(5939M) 4171.245ms
[105.589s][info][gc,metaspace] GC(29) Metaspace: 16495K(17664K)->16495K(17664K) NonClass: 13151K(13696K)->13151K(13696K) Class: 3343K(3968K)->3343K(3968K)
[105.589s][info][gc          ] GC(29) Pause Full (System.gc()) 1573M->1573M(5939M) 4175.918ms
[109.810s][info][gc,metaspace] GC(30) Metaspace: 16495K(17664K)->16495K(17664K) NonClass: 13151K(13696K)->13151K(13696K) Class: 3343K(3968K)->3343K(3968K)
[109.810s][info][gc          ] GC(30) Pause Full (System.gc()) 1573M->1573M(5939M) 4220.753ms
[114.220s][info][gc,metaspace] GC(31) Metaspace: 16495K(17664K)->16495K(17664K) NonClass: 13151K(13696K)->13151K(13696K) Class: 3343K(3968K)->3343K(3968K)
[114.221s][info][gc          ] GC(31) Pause Full (System.gc()) 1573M->1573M(5939M) 4410.112ms
[118.390s][info][gc,metaspace] GC(32) Metaspace: 16495K(17664K)->16495K(17664K) NonClass: 13151K(13696K)->13151K(13696K) Class: 3343K(3968K)->3343K(3968K)
[118.390s][info][gc          ] GC(32) Pause Full (System.gc()) 1573M->1573M(5939M) 4169.113ms
[122.557s][info][gc,metaspace] GC(33) Metaspace: 16495K(17664K)->16495K(17664K) NonClass: 13151K(13696K)->13151K(13696K) Class: 3343K(3968K)->3343K(3968K)
[122.557s][info][gc          ] GC(33) Pause Full (System.gc()) 1573M->1573M(5939M) 4166.722ms
[126.779s][info][gc,metaspace] GC(34) Metaspace: 16495K(17664K)->16495K(17664K) NonClass: 13151K(13696K)->13151K(13696K) Class: 3343K(3968K)->3343K(3968K)
[126.779s][info][gc          ] GC(34) Pause Full (System.gc()) 1589M->1573M(5939M) 4222.018ms
[131.189s][info][gc,metaspace] GC(35) Metaspace: 16495K(17664K)->16495K(17664K) NonClass: 13151K(13696K)->13151K(13696K) Class: 3343K(3968K)->3343K(3968K)
[131.189s][info][gc          ] GC(35) Pause Full (System.gc()) 1573M->1573M(5939M) 4410.246ms
[135.363s][info][gc,metaspace] GC(36) Metaspace: 16495K(17664K)->16495K(17664K) NonClass: 13151K(13696K)->13151K(13696K) Class: 3343K(3968K)->3343K(3968K)
[135.363s][info][gc          ] GC(36) Pause Full (System.gc()) 1573M->1573M(5939M) 4173.705ms
[139.533s][info][gc,metaspace] GC(37) Metaspace: 16495K(17664K)->16495K(17664K) NonClass: 13151K(13696K)->13151K(13696K) Class: 3343K(3968K)->3343K(3968K)
[139.533s][info][gc          ] GC(37) Pause Full (System.gc()) 1573M->1573M(5939M) 4169.161ms
[143.704s][info][gc,metaspace] GC(38) Metaspace: 16495K(17664K)->16495K(17664K) NonClass: 13151K(13696K)->13151K(13696K) Class: 3343K(3968K)->3343K(3968K)
[143.704s][info][gc          ] GC(38) Pause Full (System.gc()) 1573M->1573M(5939M) 4171.726ms
[147.932s][info][gc,metaspace] GC(39) Metaspace: 16495K(17664K)->16495K(17664K) NonClass: 13151K(13696K)->13151K(13696K) Class: 3343K(3968K)->3343K(3968K)
[147.932s][info][gc          ] GC(39) Pause Full (System.gc()) 1573M->1573M(5939M) 4227.186ms
[152.097s][info][gc,metaspace] GC(40) Metaspace: 16495K(17664K)->16495K(17664K) NonClass: 13151K(13696K)->13151K(13696K) Class: 3343K(3968K)->3343K(3968K)
[152.097s][info][gc          ] GC(40) Pause Full (System.gc()) 1573M->1573M(5939M) 4164.732ms
[156.264s][info][gc,metaspace] GC(41) Metaspace: 16495K(17664K)->16495K(17664K) NonClass: 13151K(13696K)->13151K(13696K) Class: 3343K(3968K)->3343K(3968K)
[156.264s][info][gc          ] GC(41) Pause Full (System.gc()) 1573M->1573M(5939M) 4167.285ms
[160.440s][info][gc,metaspace] GC(42) Metaspace: 16495K(17664K)->16495K(17664K) NonClass: 13151K(13696K)->13151K(13696K) Class: 3343K(3968K)->3343K(3968K)
[160.440s][info][gc          ] GC(42) Pause Full (System.gc()) 1573M->1573M(5939M) 4175.632ms
[164.611s][info][gc,metaspace] GC(43) Metaspace: 16495K(17664K)->16495K(17664K) NonClass: 13151K(13696K)->13151K(13696K) Class: 3343K(3968K)->3343K(3968K)
[164.611s][info][gc          ] GC(43) Pause Full (System.gc()) 1573M->1573M(5939M) 4170.854ms
[168.838s][info][gc,metaspace] GC(44) Metaspace: 16495K(17664K)->16495K(17664K) NonClass: 13151K(13696K)->13151K(13696K) Class: 3343K(3968K)->3343K(3968K)
[168.838s][info][gc          ] GC(44) Pause Full (System.gc()) 1573M->1573M(5939M) 4227.195ms
[173.014s][info][gc,metaspace] GC(45) Metaspace: 16495K(17664K)->16495K(17664K) NonClass: 13151K(13696K)->13151K(13696K) Class: 3343K(3968K)->3343K(3968K)
[173.014s][info][gc          ] GC(45) Pause Full (System.gc()) 1573M->1573M(5939M) 4175.882ms
[177.190s][info][gc,metaspace] GC(46) Metaspace: 16495K(17664K)->16495K(17664K) NonClass: 13151K(13696K)->13151K(13696K) Class: 3343K(3968K)->3343K(3968K)
[177.190s][info][gc          ] GC(46) Pause Full (System.gc()) 1573M->1573M(5939M) 4175.562ms
[181.395s][info][gc,metaspace] GC(47) Metaspace: 16495K(17664K)->16495K(17664K) NonClass: 13151K(13696K)->13151K(13696K) Class: 3343K(3968K)->3343K(3968K)
[181.395s][info][gc          ] GC(47) Pause Full (System.gc()) 1573M->1573M(5939M) 4204.603ms
[185.591s][info][gc,metaspace] GC(48) Metaspace: 16495K(17664K)->16495K(17664K) NonClass: 13151K(13696K)->13151K(13696K) Class: 3343K(3968K)->3343K(3968K)
[185.591s][info][gc          ] GC(48) Pause Full (System.gc()) 1573M->1573M(5939M) 4196.309ms
[189.819s][info][gc,metaspace] GC(49) Metaspace: 16495K(17664K)->16495K(17664K) NonClass: 13151K(13696K)->13151K(13696K) Class: 3343K(3968K)->3343K(3968K)
[189.820s][info][gc          ] GC(49) Pause Full (System.gc()) 1573M->1573M(5939M) 4228.022ms
[194.229s][info][gc,metaspace] GC(50) Metaspace: 16495K(17664K)->16495K(17664K) NonClass: 13151K(13696K)->13151K(13696K) Class: 3343K(3968K)->3343K(3968K)
[194.229s][info][gc          ] GC(50) Pause Full (System.gc()) 1573M->1573M(5939M) 4409.807ms
[198.406s][info][gc,metaspace] GC(51) Metaspace: 16495K(17664K)->16495K(17664K) NonClass: 13151K(13696K)->13151K(13696K) Class: 3343K(3968K)->3343K(3968K)
[198.406s][info][gc          ] GC(51) Pause Full (System.gc()) 1589M->1573M(5939M) 4176.247ms
[202.580s][info][gc,metaspace] GC(52) Metaspace: 16495K(17664K)->16495K(17664K) NonClass: 13151K(13696K)->13151K(13696K) Class: 3343K(3968K)->3343K(3968K)
[202.580s][info][gc          ] GC(52) Pause Full (System.gc()) 1573M->1573M(5939M) 4174.294ms
[206.797s][info][gc,metaspace] GC(53) Metaspace: 16495K(17664K)->16495K(17664K) NonClass: 13151K(13696K)->13151K(13696K) Class: 3343K(3968K)->3343K(3968K)
[206.797s][info][gc          ] GC(53) Pause Full (System.gc()) 1573M->1573M(5939M) 4216.357ms
[211.203s][info][gc,metaspace] GC(54) Metaspace: 16495K(17664K)->16495K(17664K) NonClass: 13151K(13696K)->13151K(13696K) Class: 3343K(3968K)->3343K(3968K)
[211.203s][info][gc          ] GC(54) Pause Full (System.gc()) 1573M->1573M(5939M) 4405.751ms
[215.371s][info][gc,metaspace] GC(55) Metaspace: 16495K(17664K)->16495K(17664K) NonClass: 13151K(13696K)->13151K(13696K) Class: 3343K(3968K)->3343K(3968K)
[215.371s][info][gc          ] GC(55) Pause Full (System.gc()) 1573M->1573M(5939M) 4168.153ms
[219.539s][info][gc,metaspace] GC(56) Metaspace: 16495K(17664K)->16495K(17664K) NonClass: 13151K(13696K)->13151K(13696K) Class: 3343K(3968K)->3343K(3968K)
[219.539s][info][gc          ] GC(56) Pause Full (System.gc()) 1573M->1573M(5939M) 4167.791ms
[223.710s][info][gc,metaspace] GC(57) Metaspace: 16495K(17664K)->16495K(17664K) NonClass: 13151K(13696K)->13151K(13696K) Class: 3343K(3968K)->3343K(3968K)
[223.710s][info][gc          ] GC(57) Pause Full (System.gc()) 1573M->1573M(5939M) 4170.766ms
[228.331s][info][gc,metaspace] GC(58) Metaspace: 16495K(17664K)->16495K(17664K) NonClass: 13151K(13696K)->13151K(13696K) Class: 3343K(3968K)->3343K(3968K)
[228.331s][info][gc          ] GC(58) Pause Full (System.gc()) 1573M->1573M(5939M) 4570.276ms
[232.501s][info][gc,metaspace] GC(59) Metaspace: 16495K(17664K)->16495K(17664K) NonClass: 13151K(13696K)->13151K(13696K) Class: 3343K(3968K)->3343K(3968K)
[232.501s][info][gc          ] GC(59) Pause Full (System.gc()) 1573M->1573M(5939M) 4169.659ms
[236.674s][info][gc,metaspace] GC(60) Metaspace: 16495K(17664K)->16495K(17664K) NonClass: 13151K(13696K)->13151K(13696K) Class: 3343K(3968K)->3343K(3968K)
[236.674s][info][gc          ] GC(60) Pause Full (System.gc()) 1573M->1573M(5939M) 4172.942ms
[240.895s][info][gc,metaspace] GC(61) Metaspace: 16495K(17664K)->16495K(17664K) NonClass: 13151K(13696K)->13151K(13696K) Class: 3343K(3968K)->3343K(3968K)
[240.895s][info][gc          ] GC(61) Pause Full (System.gc()) 1573M->1573M(5939M) 4220.269ms
After GCs... 
