Done; will start GCs... 
[29.430s][info][gc,metaspace] GC(13) Metaspace: 16380K(17472K)->16380K(17472K) NonClass: 14222K(14720K)->14222K(14720K) Class: 2158K(2752K)->2158K(2752K)
[29.430s][info][gc          ] GC(13) Pause Full (System.gc()) 1825M->1793M(5939M) 4505.365ms
[32.912s][info][gc,metaspace] GC(14) Metaspace: 16380K(17472K)->16380K(17472K) NonClass: 14222K(14720K)->14222K(14720K) Class: 2158K(2752K)->2158K(2752K)
[32.912s][info][gc          ] GC(14) Pause Full (System.gc()) 1793M->1793M(5939M) 3481.525ms
[36.434s][info][gc,metaspace] GC(15) Metaspace: 16380K(17472K)->16380K(17472K) NonClass: 14222K(14720K)->14222K(14720K) Class: 2158K(2752K)->2158K(2752K)
[36.434s][info][gc          ] GC(15) Pause Full (System.gc()) 1793M->1793M(5939M) 3522.768ms
[39.913s][info][gc,metaspace] GC(16) Metaspace: 16380K(17472K)->16380K(17472K) NonClass: 14222K(14720K)->14222K(14720K) Class: 2158K(2752K)->2158K(2752K)
[39.914s][info][gc          ] GC(16) Pause Full (System.gc()) 1793M->1793M(5939M) 3478.879ms
[43.438s][info][gc,metaspace] GC(17) Metaspace: 16380K(17472K)->16380K(17472K) NonClass: 14222K(14720K)->14222K(14720K) Class: 2158K(2752K)->2158K(2752K)
[43.438s][info][gc          ] GC(17) Pause Full (System.gc()) 1793M->1793M(5939M) 3524.256ms
[46.916s][info][gc,metaspace] GC(18) Metaspace: 16380K(17472K)->16380K(17472K) NonClass: 14222K(14720K)->14222K(14720K) Class: 2158K(2752K)->2158K(2752K)
[46.916s][info][gc          ] GC(18) Pause Full (System.gc()) 1793M->1793M(5939M) 3478.249ms
[50.439s][info][gc,metaspace] GC(19) Metaspace: 16380K(17472K)->16380K(17472K) NonClass: 14222K(14720K)->14222K(14720K) Class: 2158K(2752K)->2158K(2752K)
[50.439s][info][gc          ] GC(19) Pause Full (System.gc()) 1793M->1793M(5939M) 3522.792ms
[53.918s][info][gc,metaspace] GC(20) Metaspace: 16380K(17472K)->16380K(17472K) NonClass: 14222K(14720K)->14222K(14720K) Class: 2158K(2752K)->2158K(2752K)
[53.918s][info][gc          ] GC(20) Pause Full (System.gc()) 1793M->1793M(5939M) 3478.958ms
[57.443s][info][gc,metaspace] GC(21) Metaspace: 16380K(17472K)->16380K(17472K) NonClass: 14222K(14720K)->14222K(14720K) Class: 2158K(2752K)->2158K(2752K)
[57.444s][info][gc          ] GC(21) Pause Full (System.gc()) 1793M->1793M(5939M) 3525.075ms
[60.924s][info][gc,metaspace] GC(22) Metaspace: 16380K(17472K)->16380K(17472K) NonClass: 14222K(14720K)->14222K(14720K) Class: 2158K(2752K)->2158K(2752K)
[60.924s][info][gc          ] GC(22) Pause Full (System.gc()) 1793M->1793M(5939M) 3480.260ms
[64.451s][info][gc,metaspace] GC(23) Metaspace: 16380K(17472K)->16380K(17472K) NonClass: 14222K(14720K)->14222K(14720K) Class: 2158K(2752K)->2158K(2752K)
[64.451s][info][gc          ] GC(23) Pause Full (System.gc()) 1809M->1793M(5939M) 3527.132ms
[67.934s][info][gc,metaspace] GC(24) Metaspace: 16380K(17472K)->16380K(17472K) NonClass: 14222K(14720K)->14222K(14720K) Class: 2158K(2752K)->2158K(2752K)
[67.934s][info][gc          ] GC(24) Pause Full (System.gc()) 1793M->1793M(5939M) 3482.507ms
[72.377s][info][gc,metaspace] GC(25) Metaspace: 16380K(17472K)->16380K(17472K) NonClass: 14222K(14720K)->14222K(14720K) Class: 2158K(2752K)->2158K(2752K)
[72.377s][info][gc          ] GC(25) Pause Full (System.gc()) 1793M->1793M(5939M) 4442.715ms
[75.852s][info][gc,metaspace] GC(26) Metaspace: 16380K(17472K)->16380K(17472K) NonClass: 14222K(14720K)->14222K(14720K) Class: 2158K(2752K)->2158K(2752K)
[75.852s][info][gc          ] GC(26) Pause Full (System.gc()) 1793M->1793M(5939M) 3475.452ms
[79.379s][info][gc,metaspace] GC(27) Metaspace: 16380K(17472K)->16380K(17472K) NonClass: 14222K(14720K)->14222K(14720K) Class: 2158K(2752K)->2158K(2752K)
[79.379s][info][gc          ] GC(27) Pause Full (System.gc()) 1793M->1793M(5939M) 3526.569ms
[82.853s][info][gc,metaspace] GC(28) Metaspace: 16380K(17472K)->16380K(17472K) NonClass: 14222K(14720K)->14222K(14720K) Class: 2158K(2752K)->2158K(2752K)
[82.854s][info][gc          ] GC(28) Pause Full (System.gc()) 1793M->1793M(5939M) 3474.287ms
[86.383s][info][gc,metaspace] GC(29) Metaspace: 16380K(17472K)->16380K(17472K) NonClass: 14222K(14720K)->14222K(14720K) Class: 2158K(2752K)->2158K(2752K)
[86.383s][info][gc          ] GC(29) Pause Full (System.gc()) 1793M->1793M(5939M) 3528.968ms
[89.861s][info][gc,metaspace] GC(30) Metaspace: 16380K(17472K)->16380K(17472K) NonClass: 14222K(14720K)->14222K(14720K) Class: 2158K(2752K)->2158K(2752K)
[89.861s][info][gc          ] GC(30) Pause Full (System.gc()) 1793M->1793M(5939M) 3478.640ms
[93.388s][info][gc,metaspace] GC(31) Metaspace: 16380K(17472K)->16380K(17472K) NonClass: 14222K(14720K)->14222K(14720K) Class: 2158K(2752K)->2158K(2752K)
[93.388s][info][gc          ] GC(31) Pause Full (System.gc()) 1793M->1793M(5939M) 3526.377ms
[96.865s][info][gc,metaspace] GC(32) Metaspace: 16380K(17472K)->16380K(17472K) NonClass: 14222K(14720K)->14222K(14720K) Class: 2158K(2752K)->2158K(2752K)
[96.865s][info][gc          ] GC(32) Pause Full (System.gc()) 1793M->1793M(5939M) 3476.816ms
[100.393s][info][gc,metaspace] GC(33) Metaspace: 16380K(17472K)->16380K(17472K) NonClass: 14222K(14720K)->14222K(14720K) Class: 2158K(2752K)->2158K(2752K)
[100.393s][info][gc          ] GC(33) Pause Full (System.gc()) 1793M->1793M(5939M) 3528.205ms
[103.868s][info][gc,metaspace] GC(34) Metaspace: 16380K(17472K)->16380K(17472K) NonClass: 14222K(14720K)->14222K(14720K) Class: 2158K(2752K)->2158K(2752K)
[103.868s][info][gc          ] GC(34) Pause Full (System.gc()) 1793M->1793M(5939M) 3474.503ms
[107.399s][info][gc,metaspace] GC(35) Metaspace: 16380K(17472K)->16380K(17472K) NonClass: 14222K(14720K)->14222K(14720K) Class: 2158K(2752K)->2158K(2752K)
[107.399s][info][gc          ] GC(35) Pause Full (System.gc()) 1793M->1793M(5939M) 3531.479ms
[110.875s][info][gc,metaspace] GC(36) Metaspace: 16380K(17472K)->16380K(17472K) NonClass: 14222K(14720K)->14222K(14720K) Class: 2158K(2752K)->2158K(2752K)
[110.875s][info][gc          ] GC(36) Pause Full (System.gc()) 1793M->1793M(5939M) 3475.519ms
[114.402s][info][gc,metaspace] GC(37) Metaspace: 16380K(17472K)->16380K(17472K) NonClass: 14222K(14720K)->14222K(14720K) Class: 2158K(2752K)->2158K(2752K)
[114.402s][info][gc          ] GC(37) Pause Full (System.gc()) 1793M->1793M(5939M) 3526.988ms
[117.879s][info][gc,metaspace] GC(38) Metaspace: 16380K(17472K)->16380K(17472K) NonClass: 14222K(14720K)->14222K(14720K) Class: 2158K(2752K)->2158K(2752K)
[117.879s][info][gc          ] GC(38) Pause Full (System.gc()) 1793M->1793M(5939M) 3476.823ms
[121.410s][info][gc,metaspace] GC(39) Metaspace: 16380K(17472K)->16380K(17472K) NonClass: 14222K(14720K)->14222K(14720K) Class: 2158K(2752K)->2158K(2752K)
[121.410s][info][gc          ] GC(39) Pause Full (System.gc()) 1793M->1793M(5939M) 3530.629ms
[124.886s][info][gc,metaspace] GC(40) Metaspace: 16380K(17472K)->16380K(17472K) NonClass: 14222K(14720K)->14222K(14720K) Class: 2158K(2752K)->2158K(2752K)
[124.886s][info][gc          ] GC(40) Pause Full (System.gc()) 1793M->1793M(5939M) 3475.798ms
[128.416s][info][gc,metaspace] GC(41) Metaspace: 16380K(17472K)->16380K(17472K) NonClass: 14222K(14720K)->14222K(14720K) Class: 2158K(2752K)->2158K(2752K)
[128.416s][info][gc          ] GC(41) Pause Full (System.gc()) 1809M->1793M(5939M) 3529.684ms
[131.890s][info][gc,metaspace] GC(42) Metaspace: 16380K(17472K)->16380K(17472K) NonClass: 14222K(14720K)->14222K(14720K) Class: 2158K(2752K)->2158K(2752K)
[131.890s][info][gc          ] GC(42) Pause Full (System.gc()) 1793M->1793M(5939M) 3473.938ms
[135.417s][info][gc,metaspace] GC(43) Metaspace: 16380K(17472K)->16380K(17472K) NonClass: 14222K(14720K)->14222K(14720K) Class: 2158K(2752K)->2158K(2752K)
[135.417s][info][gc          ] GC(43) Pause Full (System.gc()) 1793M->1793M(5939M) 3526.679ms
[138.893s][info][gc,metaspace] GC(44) Metaspace: 16380K(17472K)->16380K(17472K) NonClass: 14222K(14720K)->14222K(14720K) Class: 2158K(2752K)->2158K(2752K)
[138.893s][info][gc          ] GC(44) Pause Full (System.gc()) 1793M->1793M(5939M) 3475.807ms
[142.419s][info][gc,metaspace] GC(45) Metaspace: 16380K(17472K)->16380K(17472K) NonClass: 14222K(14720K)->14222K(14720K) Class: 2158K(2752K)->2158K(2752K)
[142.420s][info][gc          ] GC(45) Pause Full (System.gc()) 1793M->1793M(5939M) 3526.770ms
[145.892s][info][gc,metaspace] GC(46) Metaspace: 16380K(17472K)->16380K(17472K) NonClass: 14222K(14720K)->14222K(14720K) Class: 2158K(2752K)->2158K(2752K)
[145.892s][info][gc          ] GC(46) Pause Full (System.gc()) 1793M->1793M(5939M) 3472.674ms
[149.423s][info][gc,metaspace] GC(47) Metaspace: 16380K(17472K)->16380K(17472K) NonClass: 14222K(14720K)->14222K(14720K) Class: 2158K(2752K)->2158K(2752K)
[149.423s][info][gc          ] GC(47) Pause Full (System.gc()) 1793M->1793M(5939M) 3530.580ms
[152.900s][info][gc,metaspace] GC(48) Metaspace: 16380K(17472K)->16380K(17472K) NonClass: 14222K(14720K)->14222K(14720K) Class: 2158K(2752K)->2158K(2752K)
[152.900s][info][gc          ] GC(48) Pause Full (System.gc()) 1793M->1793M(5939M) 3477.082ms
[156.427s][info][gc,metaspace] GC(49) Metaspace: 16380K(17472K)->16380K(17472K) NonClass: 14222K(14720K)->14222K(14720K) Class: 2158K(2752K)->2158K(2752K)
[156.427s][info][gc          ] GC(49) Pause Full (System.gc()) 1793M->1793M(5939M) 3526.650ms
[159.902s][info][gc,metaspace] GC(50) Metaspace: 16380K(17472K)->16380K(17472K) NonClass: 14222K(14720K)->14222K(14720K) Class: 2158K(2752K)->2158K(2752K)
[159.902s][info][gc          ] GC(50) Pause Full (System.gc()) 1793M->1793M(5939M) 3475.102ms
[163.429s][info][gc,metaspace] GC(51) Metaspace: 16380K(17472K)->16380K(17472K) NonClass: 14222K(14720K)->14222K(14720K) Class: 2158K(2752K)->2158K(2752K)
[163.429s][info][gc          ] GC(51) Pause Full (System.gc()) 1793M->1793M(5939M) 3527.005ms
[166.904s][info][gc,metaspace] GC(52) Metaspace: 16380K(17472K)->16380K(17472K) NonClass: 14222K(14720K)->14222K(14720K) Class: 2158K(2752K)->2158K(2752K)
[166.904s][info][gc          ] GC(52) Pause Full (System.gc()) 1793M->1793M(5939M) 3474.459ms
[170.433s][info][gc,metaspace] GC(53) Metaspace: 16380K(17472K)->16380K(17472K) NonClass: 14222K(14720K)->14222K(14720K) Class: 2158K(2752K)->2158K(2752K)
[170.433s][info][gc          ] GC(53) Pause Full (System.gc()) 1793M->1793M(5939M) 3528.580ms
[173.909s][info][gc,metaspace] GC(54) Metaspace: 16380K(17472K)->16380K(17472K) NonClass: 14222K(14720K)->14222K(14720K) Class: 2158K(2752K)->2158K(2752K)
[173.910s][info][gc          ] GC(54) Pause Full (System.gc()) 1793M->1793M(5939M) 3476.522ms
[177.441s][info][gc,metaspace] GC(55) Metaspace: 16380K(17472K)->16380K(17472K) NonClass: 14222K(14720K)->14222K(14720K) Class: 2158K(2752K)->2158K(2752K)
[177.441s][info][gc          ] GC(55) Pause Full (System.gc()) 1793M->1793M(5939M) 3531.097ms
[180.916s][info][gc,metaspace] GC(56) Metaspace: 16380K(17472K)->16380K(17472K) NonClass: 14222K(14720K)->14222K(14720K) Class: 2158K(2752K)->2158K(2752K)
[180.916s][info][gc          ] GC(56) Pause Full (System.gc()) 1793M->1793M(5939M) 3475.350ms
[184.445s][info][gc,metaspace] GC(57) Metaspace: 16380K(17472K)->16380K(17472K) NonClass: 14222K(14720K)->14222K(14720K) Class: 2158K(2752K)->2158K(2752K)
[184.445s][info][gc          ] GC(57) Pause Full (System.gc()) 1793M->1793M(5939M) 3528.806ms
[187.918s][info][gc,metaspace] GC(58) Metaspace: 16380K(17472K)->16380K(17472K) NonClass: 14222K(14720K)->14222K(14720K) Class: 2158K(2752K)->2158K(2752K)
[187.918s][info][gc          ] GC(58) Pause Full (System.gc()) 1793M->1793M(5939M) 3473.085ms
[191.445s][info][gc,metaspace] GC(59) Metaspace: 16380K(17472K)->16380K(17472K) NonClass: 14222K(14720K)->14222K(14720K) Class: 2158K(2752K)->2158K(2752K)
[191.445s][info][gc          ] GC(59) Pause Full (System.gc()) 1809M->1793M(5939M) 3526.908ms
[194.924s][info][gc,metaspace] GC(60) Metaspace: 16380K(17472K)->16380K(17472K) NonClass: 14222K(14720K)->14222K(14720K) Class: 2158K(2752K)->2158K(2752K)
[194.924s][info][gc          ] GC(60) Pause Full (System.gc()) 1793M->1793M(5939M) 3478.459ms
[198.450s][info][gc,metaspace] GC(61) Metaspace: 16380K(17472K)->16380K(17472K) NonClass: 14222K(14720K)->14222K(14720K) Class: 2158K(2752K)->2158K(2752K)
[198.450s][info][gc          ] GC(61) Pause Full (System.gc()) 1793M->1793M(5939M) 3525.831ms
[201.927s][info][gc,metaspace] GC(62) Metaspace: 16380K(17472K)->16380K(17472K) NonClass: 14222K(14720K)->14222K(14720K) Class: 2158K(2752K)->2158K(2752K)
[201.927s][info][gc          ] GC(62) Pause Full (System.gc()) 1793M->1793M(5939M) 3476.652ms
After GCs... 
