Done; will start GCs... 
[30.370s][info][gc,metaspace] GC(12) Metaspace: 16496K(17664K)->16496K(17664K) NonClass: 13153K(13696K)->13153K(13696K) Class: 3343K(3968K)->3343K(3968K)
[30.370s][info][gc          ] GC(12) Pause Full (System.gc()) 1605M->1573M(5939M) 5037.012ms
[33.983s][info][gc,metaspace] GC(13) Metaspace: 16496K(17664K)->16496K(17664K) NonClass: 13153K(13696K)->13153K(13696K) Class: 3343K(3968K)->3343K(3968K)
[33.983s][info][gc          ] GC(13) Pause Full (System.gc()) 1573M->1573M(5939M) 3608.498ms
[37.649s][info][gc,metaspace] GC(14) Metaspace: 16496K(17664K)->16496K(17664K) NonClass: 13153K(13696K)->13153K(13696K) Class: 3343K(3968K)->3343K(3968K)
[37.649s][info][gc          ] GC(14) Pause Full (System.gc()) 1573M->1573M(5939M) 3665.940ms
[41.311s][info][gc,metaspace] GC(15) Metaspace: 16496K(17664K)->16496K(17664K) NonClass: 13153K(13696K)->13153K(13696K) Class: 3343K(3968K)->3343K(3968K)
[41.311s][info][gc          ] GC(15) Pause Full (System.gc()) 1573M->1573M(5939M) 3661.827ms
[44.929s][info][gc,metaspace] GC(16) Metaspace: 16496K(17664K)->16496K(17664K) NonClass: 13153K(13696K)->13153K(13696K) Class: 3343K(3968K)->3343K(3968K)
[44.929s][info][gc          ] GC(16) Pause Full (System.gc()) 1573M->1573M(5939M) 3617.862ms
[48.590s][info][gc,metaspace] GC(17) Metaspace: 16496K(17664K)->16496K(17664K) NonClass: 13153K(13696K)->13153K(13696K) Class: 3343K(3968K)->3343K(3968K)
[48.590s][info][gc          ] GC(17) Pause Full (System.gc()) 1573M->1573M(5939M) 3660.438ms
[52.254s][info][gc,metaspace] GC(18) Metaspace: 16496K(17664K)->16496K(17664K) NonClass: 13153K(13696K)->13153K(13696K) Class: 3343K(3968K)->3343K(3968K)
[52.254s][info][gc          ] GC(18) Pause Full (System.gc()) 1573M->1573M(5939M) 3663.769ms
[56.091s][info][gc,metaspace] GC(19) Metaspace: 16496K(17664K)->16496K(17664K) NonClass: 13153K(13696K)->13153K(13696K) Class: 3343K(3968K)->3343K(3968K)
[56.091s][info][gc          ] GC(19) Pause Full (System.gc()) 1573M->1573M(5939M) 3837.338ms
[59.757s][info][gc,metaspace] GC(20) Metaspace: 16496K(17664K)->16496K(17664K) NonClass: 13153K(13696K)->13153K(13696K) Class: 3343K(3968K)->3343K(3968K)
[59.757s][info][gc          ] GC(20) Pause Full (System.gc()) 1573M->1573M(5939M) 3665.919ms
[63.423s][info][gc,metaspace] GC(21) Metaspace: 16496K(17664K)->16496K(17664K) NonClass: 13153K(13696K)->13153K(13696K) Class: 3343K(3968K)->3343K(3968K)
[63.423s][info][gc          ] GC(21) Pause Full (System.gc()) 1573M->1573M(5939M) 3665.397ms
[67.037s][info][gc,metaspace] GC(22) Metaspace: 16496K(17664K)->16496K(17664K) NonClass: 13153K(13696K)->13153K(13696K) Class: 3343K(3968K)->3343K(3968K)
[67.037s][info][gc          ] GC(22) Pause Full (System.gc()) 1589M->1573M(5939M) 3613.707ms
[70.702s][info][gc,metaspace] GC(23) Metaspace: 16496K(17664K)->16496K(17664K) NonClass: 13153K(13696K)->13153K(13696K) Class: 3343K(3968K)->3343K(3968K)
[70.702s][info][gc          ] GC(23) Pause Full (System.gc()) 1573M->1573M(5939M) 3665.128ms
[75.716s][info][gc,metaspace] GC(24) Metaspace: 16496K(17664K)->16496K(17664K) NonClass: 13153K(13696K)->13153K(13696K) Class: 3343K(3968K)->3343K(3968K)
[75.716s][info][gc          ] GC(24) Pause Full (System.gc()) 1573M->1573M(5939M) 5014.066ms
[79.382s][info][gc,metaspace] GC(25) Metaspace: 16496K(17664K)->16496K(17664K) NonClass: 13153K(13696K)->13153K(13696K) Class: 3343K(3968K)->3343K(3968K)
[79.382s][info][gc          ] GC(25) Pause Full (System.gc()) 1573M->1573M(5939M) 3666.006ms
[82.999s][info][gc,metaspace] GC(26) Metaspace: 16496K(17664K)->16496K(17664K) NonClass: 13153K(13696K)->13153K(13696K) Class: 3343K(3968K)->3343K(3968K)
[82.999s][info][gc          ] GC(26) Pause Full (System.gc()) 1573M->1573M(5939M) 3616.891ms
[86.666s][info][gc,metaspace] GC(27) Metaspace: 16496K(17664K)->16496K(17664K) NonClass: 13153K(13696K)->13153K(13696K) Class: 3343K(3968K)->3343K(3968K)
[86.666s][info][gc          ] GC(27) Pause Full (System.gc()) 1573M->1573M(5939M) 3666.068ms
[90.332s][info][gc,metaspace] GC(28) Metaspace: 16496K(17664K)->16496K(17664K) NonClass: 13153K(13696K)->13153K(13696K) Class: 3343K(3968K)->3343K(3968K)
[90.332s][info][gc          ] GC(28) Pause Full (System.gc()) 1573M->1573M(5939M) 3666.143ms
[93.948s][info][gc,metaspace] GC(29) Metaspace: 16496K(17664K)->16496K(17664K) NonClass: 13153K(13696K)->13153K(13696K) Class: 3343K(3968K)->3343K(3968K)
[93.948s][info][gc          ] GC(29) Pause Full (System.gc()) 1573M->1573M(5939M) 3616.285ms
[97.628s][info][gc,metaspace] GC(30) Metaspace: 16496K(17664K)->16496K(17664K) NonClass: 13153K(13696K)->13153K(13696K) Class: 3343K(3968K)->3343K(3968K)
[97.628s][info][gc          ] GC(30) Pause Full (System.gc()) 1573M->1573M(5939M) 3679.504ms
[101.311s][info][gc,metaspace] GC(31) Metaspace: 16496K(17664K)->16496K(17664K) NonClass: 13153K(13696K)->13153K(13696K) Class: 3343K(3968K)->3343K(3968K)
[101.311s][info][gc          ] GC(31) Pause Full (System.gc()) 1573M->1573M(5939M) 3683.227ms
[104.929s][info][gc,metaspace] GC(32) Metaspace: 16496K(17664K)->16496K(17664K) NonClass: 13153K(13696K)->13153K(13696K) Class: 3343K(3968K)->3343K(3968K)
[104.929s][info][gc          ] GC(32) Pause Full (System.gc()) 1573M->1573M(5939M) 3617.868ms
[108.592s][info][gc,metaspace] GC(33) Metaspace: 16496K(17664K)->16496K(17664K) NonClass: 13153K(13696K)->13153K(13696K) Class: 3343K(3968K)->3343K(3968K)
[108.592s][info][gc          ] GC(33) Pause Full (System.gc()) 1573M->1573M(5939M) 3662.785ms
[112.274s][info][gc,metaspace] GC(34) Metaspace: 16496K(17664K)->16496K(17664K) NonClass: 13153K(13696K)->13153K(13696K) Class: 3343K(3968K)->3343K(3968K)
[112.274s][info][gc          ] GC(34) Pause Full (System.gc()) 1573M->1573M(5939M) 3681.541ms
[115.905s][info][gc,metaspace] GC(35) Metaspace: 16496K(17664K)->16496K(17664K) NonClass: 13153K(13696K)->13153K(13696K) Class: 3343K(3968K)->3343K(3968K)
[115.905s][info][gc          ] GC(35) Pause Full (System.gc()) 1573M->1573M(5939M) 3630.524ms
[119.570s][info][gc,metaspace] GC(36) Metaspace: 16496K(17664K)->16496K(17664K) NonClass: 13153K(13696K)->13153K(13696K) Class: 3343K(3968K)->3343K(3968K)
[119.570s][info][gc          ] GC(36) Pause Full (System.gc()) 1573M->1573M(5939M) 3665.218ms
[123.238s][info][gc,metaspace] GC(37) Metaspace: 16496K(17664K)->16496K(17664K) NonClass: 13153K(13696K)->13153K(13696K) Class: 3343K(3968K)->3343K(3968K)
[123.238s][info][gc          ] GC(37) Pause Full (System.gc()) 1573M->1573M(5939M) 3667.493ms
[126.850s][info][gc,metaspace] GC(38) Metaspace: 16496K(17664K)->16496K(17664K) NonClass: 13153K(13696K)->13153K(13696K) Class: 3343K(3968K)->3343K(3968K)
[126.850s][info][gc          ] GC(38) Pause Full (System.gc()) 1573M->1573M(5939M) 3612.667ms
[130.518s][info][gc,metaspace] GC(39) Metaspace: 16496K(17664K)->16496K(17664K) NonClass: 13153K(13696K)->13153K(13696K) Class: 3343K(3968K)->3343K(3968K)
[130.518s][info][gc          ] GC(39) Pause Full (System.gc()) 1589M->1573M(5939M) 3667.594ms
[134.182s][info][gc,metaspace] GC(40) Metaspace: 16496K(17664K)->16496K(17664K) NonClass: 13153K(13696K)->13153K(13696K) Class: 3343K(3968K)->3343K(3968K)
[134.182s][info][gc          ] GC(40) Pause Full (System.gc()) 1573M->1573M(5939M) 3663.931ms
[137.851s][info][gc,metaspace] GC(41) Metaspace: 16496K(17664K)->16496K(17664K) NonClass: 13153K(13696K)->13153K(13696K) Class: 3343K(3968K)->3343K(3968K)
[137.851s][info][gc          ] GC(41) Pause Full (System.gc()) 1573M->1573M(5939M) 3668.120ms
[141.556s][info][gc,metaspace] GC(42) Metaspace: 16496K(17664K)->16496K(17664K) NonClass: 13153K(13696K)->13153K(13696K) Class: 3343K(3968K)->3343K(3968K)
[141.556s][info][gc          ] GC(42) Pause Full (System.gc()) 1573M->1573M(5939M) 3705.173ms
[145.223s][info][gc,metaspace] GC(43) Metaspace: 16496K(17664K)->16496K(17664K) NonClass: 13153K(13696K)->13153K(13696K) Class: 3343K(3968K)->3343K(3968K)
[145.223s][info][gc          ] GC(43) Pause Full (System.gc()) 1573M->1573M(5939M) 3667.261ms
[149.069s][info][gc,metaspace] GC(44) Metaspace: 16496K(17664K)->16496K(17664K) NonClass: 13153K(13696K)->13153K(13696K) Class: 3343K(3968K)->3343K(3968K)
[149.070s][info][gc          ] GC(44) Pause Full (System.gc()) 1573M->1573M(5939M) 3846.055ms
[152.736s][info][gc,metaspace] GC(45) Metaspace: 16496K(17664K)->16496K(17664K) NonClass: 13153K(13696K)->13153K(13696K) Class: 3343K(3968K)->3343K(3968K)
[152.736s][info][gc          ] GC(45) Pause Full (System.gc()) 1573M->1573M(5939M) 3665.963ms
[156.405s][info][gc,metaspace] GC(46) Metaspace: 16496K(17664K)->16496K(17664K) NonClass: 13153K(13696K)->13153K(13696K) Class: 3343K(3968K)->3343K(3968K)
[156.405s][info][gc          ] GC(46) Pause Full (System.gc()) 1573M->1573M(5939M) 3668.818ms
[160.025s][info][gc,metaspace] GC(47) Metaspace: 16496K(17664K)->16496K(17664K) NonClass: 13153K(13696K)->13153K(13696K) Class: 3343K(3968K)->3343K(3968K)
[160.025s][info][gc          ] GC(47) Pause Full (System.gc()) 1573M->1573M(5939M) 3620.589ms
[163.688s][info][gc,metaspace] GC(48) Metaspace: 16496K(17664K)->16496K(17664K) NonClass: 13153K(13696K)->13153K(13696K) Class: 3343K(3968K)->3343K(3968K)
[163.688s][info][gc          ] GC(48) Pause Full (System.gc()) 1573M->1573M(5939M) 3662.921ms
[167.355s][info][gc,metaspace] GC(49) Metaspace: 16496K(17664K)->16496K(17664K) NonClass: 13153K(13696K)->13153K(13696K) Class: 3343K(3968K)->3343K(3968K)
[167.355s][info][gc          ] GC(49) Pause Full (System.gc()) 1573M->1573M(5939M) 3666.339ms
[170.969s][info][gc,metaspace] GC(50) Metaspace: 16496K(17664K)->16496K(17664K) NonClass: 13153K(13696K)->13153K(13696K) Class: 3343K(3968K)->3343K(3968K)
[170.969s][info][gc          ] GC(50) Pause Full (System.gc()) 1573M->1573M(5939M) 3614.047ms
[174.635s][info][gc,metaspace] GC(51) Metaspace: 16496K(17664K)->16496K(17664K) NonClass: 13153K(13696K)->13153K(13696K) Class: 3343K(3968K)->3343K(3968K)
[174.635s][info][gc          ] GC(51) Pause Full (System.gc()) 1573M->1573M(5939M) 3665.713ms
[178.297s][info][gc,metaspace] GC(52) Metaspace: 16496K(17664K)->16496K(17664K) NonClass: 13153K(13696K)->13153K(13696K) Class: 3343K(3968K)->3343K(3968K)
[178.297s][info][gc          ] GC(52) Pause Full (System.gc()) 1573M->1573M(5939M) 3662.288ms
[181.918s][info][gc,metaspace] GC(53) Metaspace: 16496K(17664K)->16496K(17664K) NonClass: 13153K(13696K)->13153K(13696K) Class: 3343K(3968K)->3343K(3968K)
[181.918s][info][gc          ] GC(53) Pause Full (System.gc()) 1573M->1573M(5939M) 3620.180ms
[185.579s][info][gc,metaspace] GC(54) Metaspace: 16496K(17664K)->16496K(17664K) NonClass: 13153K(13696K)->13153K(13696K) Class: 3343K(3968K)->3343K(3968K)
[185.579s][info][gc          ] GC(54) Pause Full (System.gc()) 1573M->1573M(5939M) 3661.030ms
[189.245s][info][gc,metaspace] GC(55) Metaspace: 16496K(17664K)->16496K(17664K) NonClass: 13153K(13696K)->13153K(13696K) Class: 3343K(3968K)->3343K(3968K)
[189.245s][info][gc          ] GC(55) Pause Full (System.gc()) 1573M->1573M(5939M) 3665.778ms
[193.085s][info][gc,metaspace] GC(56) Metaspace: 16496K(17664K)->16496K(17664K) NonClass: 13153K(13696K)->13153K(13696K) Class: 3343K(3968K)->3343K(3968K)
[193.085s][info][gc          ] GC(56) Pause Full (System.gc()) 1589M->1573M(5939M) 3840.090ms
[196.749s][info][gc,metaspace] GC(57) Metaspace: 16496K(17664K)->16496K(17664K) NonClass: 13153K(13696K)->13153K(13696K) Class: 3343K(3968K)->3343K(3968K)
[196.749s][info][gc          ] GC(57) Pause Full (System.gc()) 1573M->1573M(5939M) 3663.928ms
[200.414s][info][gc,metaspace] GC(58) Metaspace: 16496K(17664K)->16496K(17664K) NonClass: 13153K(13696K)->13153K(13696K) Class: 3343K(3968K)->3343K(3968K)
[200.414s][info][gc          ] GC(58) Pause Full (System.gc()) 1573M->1573M(5939M) 3664.986ms
[204.029s][info][gc,metaspace] GC(59) Metaspace: 16496K(17664K)->16496K(17664K) NonClass: 13153K(13696K)->13153K(13696K) Class: 3343K(3968K)->3343K(3968K)
[204.029s][info][gc          ] GC(59) Pause Full (System.gc()) 1573M->1573M(5939M) 3614.831ms
[207.694s][info][gc,metaspace] GC(60) Metaspace: 16496K(17664K)->16496K(17664K) NonClass: 13153K(13696K)->13153K(13696K) Class: 3343K(3968K)->3343K(3968K)
[207.694s][info][gc          ] GC(60) Pause Full (System.gc()) 1573M->1573M(5939M) 3664.778ms
[211.360s][info][gc,metaspace] GC(61) Metaspace: 16496K(17664K)->16496K(17664K) NonClass: 13153K(13696K)->13153K(13696K) Class: 3343K(3968K)->3343K(3968K)
[211.360s][info][gc          ] GC(61) Pause Full (System.gc()) 1573M->1573M(5939M) 3665.543ms
After GCs... 
