[0.001s][info][metaspace]  - commit_granule_bytes: 65536.
[0.001s][info][metaspace]  - commit_granule_words: 8192.
[0.001s][info][metaspace]  - virtual_space_node_default_size: 8388608.
[0.001s][info][metaspace]  - enlarge_chunks_in_place: 1.
[0.001s][info][metaspace]  - use_allocation_guard: 0.
[0.005s][info][gc       ] Using Serial
[1.975s][info][metaspace] Reserving compressed class space anywhere
[1.980s][info][gc,metaspace] CDS archive(s) not mapped
[1.980s][info][gc,metaspace] Compressed class space mapped at: 0x000000002e000000-0x00000000ee000000, reserved size: 3221225472
[1.980s][info][gc,metaspace] UseCompressedClassPointers 1, UseCompactObjectHeaders 1, narrow klass pointer bits 22, max shift 10
[1.980s][info][gc,metaspace] Narrow klass base: 0x000000002e000000, Narrow klass shift: 10, Narrow klass range: 0xc0000000
Num Classes: 64
Num Objects per Class: 1048576
Cycles: 100
Class association: random
Generate 64 classes...
Loading 64...[2.955s][info][gc,metaspace] GC(0) Metaspace: 21827K(22144K)->21827K(22144K) NonClass: 18045K(18240K)->18045K(18240K) Class: 3781K(3904K)->3781K(3904K)
[2.955s][info][gc          ] GC(0) Pause Full (System.gc()) 426M->2M(5939M) 60.261ms
Creating 1048576 objects per class...
Done; will start GCs... 
[7.973s][info][gc,metaspace] GC(1) Metaspace: 22035K(22400K)->22035K(22400K) NonClass: 18220K(18432K)->18220K(18432K) Class: 3814K(3968K)->3814K(3968K)
[7.973s][info][gc          ] GC(1) Pause Full (System.gc()) 881M->770M(5939M) 2562.621ms
[9.883s][info][gc,metaspace] GC(2) Metaspace: 22035K(22400K)->22035K(22400K) NonClass: 18220K(18432K)->18220K(18432K) Class: 3814K(3968K)->3814K(3968K)
[9.883s][info][gc          ] GC(2) Pause Full (System.gc()) 770M->770M(5939M) 1909.348ms
[12.451s][info][gc,metaspace] GC(3) Metaspace: 22035K(22400K)->22035K(22400K) NonClass: 18220K(18432K)->18220K(18432K) Class: 3814K(3968K)->3814K(3968K)
[12.451s][info][gc          ] GC(3) Pause Full (System.gc()) 770M->770M(5939M) 2568.039ms
[14.364s][info][gc,metaspace] GC(4) Metaspace: 22035K(22400K)->22035K(22400K) NonClass: 18220K(18432K)->18220K(18432K) Class: 3814K(3968K)->3814K(3968K)
[14.364s][info][gc          ] GC(4) Pause Full (System.gc()) 770M->770M(5939M) 1913.109ms
[16.272s][info][gc,metaspace] GC(5) Metaspace: 22035K(22400K)->22035K(22400K) NonClass: 18220K(18432K)->18220K(18432K) Class: 3814K(3968K)->3814K(3968K)
[16.272s][info][gc          ] GC(5) Pause Full (System.gc()) 770M->770M(5939M) 1907.694ms
[18.184s][info][gc,metaspace] GC(6) Metaspace: 22035K(22400K)->22035K(22400K) NonClass: 18220K(18432K)->18220K(18432K) Class: 3814K(3968K)->3814K(3968K)
[18.184s][info][gc          ] GC(6) Pause Full (System.gc()) 770M->770M(5939M) 1911.928ms
[20.091s][info][gc,metaspace] GC(7) Metaspace: 22035K(22400K)->22035K(22400K) NonClass: 18220K(18432K)->18220K(18432K) Class: 3814K(3968K)->3814K(3968K)
[20.091s][info][gc          ] GC(7) Pause Full (System.gc()) 770M->770M(5939M) 1907.299ms
[22.000s][info][gc,metaspace] GC(8) Metaspace: 22035K(22400K)->22035K(22400K) NonClass: 18220K(18432K)->18220K(18432K) Class: 3814K(3968K)->3814K(3968K)
[22.000s][info][gc          ] GC(8) Pause Full (System.gc()) 770M->770M(5939M) 1908.361ms
[23.911s][info][gc,metaspace] GC(9) Metaspace: 22035K(22400K)->22035K(22400K) NonClass: 18220K(18432K)->18220K(18432K) Class: 3814K(3968K)->3814K(3968K)
[23.911s][info][gc          ] GC(9) Pause Full (System.gc()) 770M->770M(5939M) 1911.179ms
[25.820s][info][gc,metaspace] GC(10) Metaspace: 22035K(22400K)->22035K(22400K) NonClass: 18220K(18432K)->18220K(18432K) Class: 3814K(3968K)->3814K(3968K)
[25.820s][info][gc          ] GC(10) Pause Full (System.gc()) 770M->770M(5939M) 1908.368ms
[27.731s][info][gc,metaspace] GC(11) Metaspace: 22035K(22400K)->22035K(22400K) NonClass: 18220K(18432K)->18220K(18432K) Class: 3814K(3968K)->3814K(3968K)
[27.731s][info][gc          ] GC(11) Pause Full (System.gc()) 770M->770M(5939M) 1911.525ms
[29.641s][info][gc,metaspace] GC(12) Metaspace: 22035K(22400K)->22035K(22400K) NonClass: 18220K(18432K)->18220K(18432K) Class: 3814K(3968K)->3814K(3968K)
[29.641s][info][gc          ] GC(12) Pause Full (System.gc()) 770M->770M(5939M) 1909.274ms
[31.793s][info][gc,metaspace] GC(13) Metaspace: 22035K(22400K)->22035K(22400K) NonClass: 18220K(18432K)->18220K(18432K) Class: 3814K(3968K)->3814K(3968K)
[31.793s][info][gc          ] GC(13) Pause Full (System.gc()) 770M->770M(5939M) 2152.542ms
[33.705s][info][gc,metaspace] GC(14) Metaspace: 22035K(22400K)->22035K(22400K) NonClass: 18220K(18432K)->18220K(18432K) Class: 3814K(3968K)->3814K(3968K)
[33.705s][info][gc          ] GC(14) Pause Full (System.gc()) 770M->770M(5939M) 1911.988ms
[35.563s][info][gc,metaspace] GC(15) Metaspace: 22035K(22400K)->22035K(22400K) NonClass: 18220K(18432K)->18220K(18432K) Class: 3814K(3968K)->3814K(3968K)
[35.563s][info][gc          ] GC(15) Pause Full (System.gc()) 770M->770M(5939M) 1857.193ms
[37.475s][info][gc,metaspace] GC(16) Metaspace: 22035K(22400K)->22035K(22400K) NonClass: 18220K(18432K)->18220K(18432K) Class: 3814K(3968K)->3814K(3968K)
[37.475s][info][gc          ] GC(16) Pause Full (System.gc()) 770M->770M(5939M) 1912.159ms
[39.384s][info][gc,metaspace] GC(17) Metaspace: 22035K(22400K)->22035K(22400K) NonClass: 18220K(18432K)->18220K(18432K) Class: 3814K(3968K)->3814K(3968K)
[39.384s][info][gc          ] GC(17) Pause Full (System.gc()) 770M->770M(5939M) 1908.619ms
[41.297s][info][gc,metaspace] GC(18) Metaspace: 22035K(22400K)->22035K(22400K) NonClass: 18220K(18432K)->18220K(18432K) Class: 3814K(3968K)->3814K(3968K)
[41.297s][info][gc          ] GC(18) Pause Full (System.gc()) 770M->770M(5939M) 1912.697ms
[43.205s][info][gc,metaspace] GC(19) Metaspace: 22035K(22400K)->22035K(22400K) NonClass: 18220K(18432K)->18220K(18432K) Class: 3814K(3968K)->3814K(3968K)
[43.205s][info][gc          ] GC(19) Pause Full (System.gc()) 770M->770M(5939M) 1908.409ms
[45.113s][info][gc,metaspace] GC(20) Metaspace: 22035K(22400K)->22035K(22400K) NonClass: 18220K(18432K)->18220K(18432K) Class: 3814K(3968K)->3814K(3968K)
[45.113s][info][gc          ] GC(20) Pause Full (System.gc()) 770M->770M(5939M) 1907.854ms
[47.025s][info][gc,metaspace] GC(21) Metaspace: 22035K(22400K)->22035K(22400K) NonClass: 18220K(18432K)->18220K(18432K) Class: 3814K(3968K)->3814K(3968K)
[47.025s][info][gc          ] GC(21) Pause Full (System.gc()) 770M->770M(5939M) 1911.944ms
[48.933s][info][gc,metaspace] GC(22) Metaspace: 22035K(22400K)->22035K(22400K) NonClass: 18220K(18432K)->18220K(18432K) Class: 3814K(3968K)->3814K(3968K)
[48.933s][info][gc          ] GC(22) Pause Full (System.gc()) 770M->770M(5939M) 1908.029ms
[50.845s][info][gc,metaspace] GC(23) Metaspace: 22035K(22400K)->22035K(22400K) NonClass: 18220K(18432K)->18220K(18432K) Class: 3814K(3968K)->3814K(3968K)
[50.845s][info][gc          ] GC(23) Pause Full (System.gc()) 770M->770M(5939M) 1912.013ms
[52.754s][info][gc,metaspace] GC(24) Metaspace: 22035K(22400K)->22035K(22400K) NonClass: 18220K(18432K)->18220K(18432K) Class: 3814K(3968K)->3814K(3968K)
[52.754s][info][gc          ] GC(24) Pause Full (System.gc()) 770M->770M(5939M) 1908.742ms
[54.694s][info][gc,metaspace] GC(25) Metaspace: 22035K(22400K)->22035K(22400K) NonClass: 18220K(18432K)->18220K(18432K) Class: 3814K(3968K)->3814K(3968K)
[54.694s][info][gc          ] GC(25) Pause Full (System.gc()) 770M->770M(5939M) 1939.641ms
[56.556s][info][gc,metaspace] GC(26) Metaspace: 22035K(22400K)->22035K(22400K) NonClass: 18220K(18432K)->18220K(18432K) Class: 3814K(3968K)->3814K(3968K)
[56.556s][info][gc          ] GC(26) Pause Full (System.gc()) 770M->770M(5939M) 1857.332ms
[58.464s][info][gc,metaspace] GC(27) Metaspace: 22035K(22400K)->22035K(22400K) NonClass: 18220K(18432K)->18220K(18432K) Class: 3814K(3968K)->3814K(3968K)
[58.464s][info][gc          ] GC(27) Pause Full (System.gc()) 770M->770M(5939M) 1908.412ms
[60.377s][info][gc,metaspace] GC(28) Metaspace: 22035K(22400K)->22035K(22400K) NonClass: 18220K(18432K)->18220K(18432K) Class: 3814K(3968K)->3814K(3968K)
[60.377s][info][gc          ] GC(28) Pause Full (System.gc()) 770M->770M(5939M) 1912.387ms
[62.284s][info][gc,metaspace] GC(29) Metaspace: 22035K(22400K)->22035K(22400K) NonClass: 18220K(18432K)->18220K(18432K) Class: 3814K(3968K)->3814K(3968K)
[62.284s][info][gc          ] GC(29) Pause Full (System.gc()) 770M->770M(5939M) 1907.481ms
[64.196s][info][gc,metaspace] GC(30) Metaspace: 22035K(22400K)->22035K(22400K) NonClass: 18220K(18432K)->18220K(18432K) Class: 3814K(3968K)->3814K(3968K)
[64.196s][info][gc          ] GC(30) Pause Full (System.gc()) 770M->770M(5939M) 1911.167ms
[66.105s][info][gc,metaspace] GC(31) Metaspace: 22035K(22400K)->22035K(22400K) NonClass: 18220K(18432K)->18220K(18432K) Class: 3814K(3968K)->3814K(3968K)
[66.105s][info][gc          ] GC(31) Pause Full (System.gc()) 770M->770M(5939M) 1908.787ms
[68.013s][info][gc,metaspace] GC(32) Metaspace: 22035K(22400K)->22035K(22400K) NonClass: 18220K(18432K)->18220K(18432K) Class: 3814K(3968K)->3814K(3968K)
[68.013s][info][gc          ] GC(32) Pause Full (System.gc()) 770M->770M(5939M) 1908.607ms
[69.926s][info][gc,metaspace] GC(33) Metaspace: 22035K(22400K)->22035K(22400K) NonClass: 18220K(18432K)->18220K(18432K) Class: 3814K(3968K)->3814K(3968K)
[69.926s][info][gc          ] GC(33) Pause Full (System.gc()) 787M->770M(5939M) 1912.641ms
[71.835s][info][gc,metaspace] GC(34) Metaspace: 22035K(22400K)->22035K(22400K) NonClass: 18220K(18432K)->18220K(18432K) Class: 3814K(3968K)->3814K(3968K)
[71.835s][info][gc          ] GC(34) Pause Full (System.gc()) 770M->770M(5939M) 1908.510ms
[74.371s][info][gc,metaspace] GC(35) Metaspace: 22035K(22400K)->22035K(22400K) NonClass: 18220K(18432K)->18220K(18432K) Class: 3814K(3968K)->3814K(3968K)
[74.371s][info][gc          ] GC(35) Pause Full (System.gc()) 770M->770M(5939M) 2536.007ms
[76.281s][info][gc,metaspace] GC(36) Metaspace: 22035K(22400K)->22035K(22400K) NonClass: 18220K(18432K)->18220K(18432K) Class: 3814K(3968K)->3814K(3968K)
[76.281s][info][gc          ] GC(36) Pause Full (System.gc()) 770M->770M(5939M) 1910.270ms
[78.191s][info][gc,metaspace] GC(37) Metaspace: 22035K(22400K)->22035K(22400K) NonClass: 18220K(18432K)->18220K(18432K) Class: 3814K(3968K)->3814K(3968K)
[78.191s][info][gc          ] GC(37) Pause Full (System.gc()) 770M->770M(5939M) 1909.241ms
[80.104s][info][gc,metaspace] GC(38) Metaspace: 22035K(22400K)->22035K(22400K) NonClass: 18220K(18432K)->18220K(18432K) Class: 3814K(3968K)->3814K(3968K)
[80.104s][info][gc          ] GC(38) Pause Full (System.gc()) 770M->770M(5939M) 1913.763ms
[82.014s][info][gc,metaspace] GC(39) Metaspace: 22035K(22400K)->22035K(22400K) NonClass: 18220K(18432K)->18220K(18432K) Class: 3814K(3968K)->3814K(3968K)
[82.014s][info][gc          ] GC(39) Pause Full (System.gc()) 770M->770M(5939M) 1909.418ms
[83.929s][info][gc,metaspace] GC(40) Metaspace: 22035K(22400K)->22035K(22400K) NonClass: 18220K(18432K)->18220K(18432K) Class: 3814K(3968K)->3814K(3968K)
[83.929s][info][gc          ] GC(40) Pause Full (System.gc()) 770M->770M(5939M) 1915.018ms
[85.840s][info][gc,metaspace] GC(41) Metaspace: 22035K(22400K)->22035K(22400K) NonClass: 18220K(18432K)->18220K(18432K) Class: 3814K(3968K)->3814K(3968K)
[85.840s][info][gc          ] GC(41) Pause Full (System.gc()) 770M->770M(5939M) 1910.768ms
[87.750s][info][gc,metaspace] GC(42) Metaspace: 22035K(22400K)->22035K(22400K) NonClass: 18220K(18432K)->18220K(18432K) Class: 3814K(3968K)->3814K(3968K)
[87.750s][info][gc          ] GC(42) Pause Full (System.gc()) 770M->770M(5939M) 1909.760ms
[89.663s][info][gc,metaspace] GC(43) Metaspace: 22035K(22400K)->22035K(22400K) NonClass: 18220K(18432K)->18220K(18432K) Class: 3814K(3968K)->3814K(3968K)
[89.663s][info][gc          ] GC(43) Pause Full (System.gc()) 770M->770M(5939M) 1912.621ms
[91.813s][info][gc,metaspace] GC(44) Metaspace: 22035K(22400K)->22035K(22400K) NonClass: 18220K(18432K)->18220K(18432K) Class: 3814K(3968K)->3814K(3968K)
[91.813s][info][gc          ] GC(44) Pause Full (System.gc()) 770M->770M(5939M) 2150.756ms
[93.728s][info][gc,metaspace] GC(45) Metaspace: 22035K(22400K)->22035K(22400K) NonClass: 18220K(18432K)->18220K(18432K) Class: 3814K(3968K)->3814K(3968K)
[93.728s][info][gc          ] GC(45) Pause Full (System.gc()) 770M->770M(5939M) 1914.065ms
[95.637s][info][gc,metaspace] GC(46) Metaspace: 22035K(22400K)->22035K(22400K) NonClass: 18220K(18432K)->18220K(18432K) Class: 3814K(3968K)->3814K(3968K)
[95.637s][info][gc          ] GC(46) Pause Full (System.gc()) 770M->770M(5939M) 1908.863ms
[97.942s][info][gc,metaspace] GC(47) Metaspace: 22035K(22400K)->22035K(22400K) NonClass: 18220K(18432K)->18220K(18432K) Class: 3814K(3968K)->3814K(3968K)
[97.942s][info][gc          ] GC(47) Pause Full (System.gc()) 770M->770M(5939M) 2305.101ms
[99.856s][info][gc,metaspace] GC(48) Metaspace: 22035K(22400K)->22035K(22400K) NonClass: 18220K(18432K)->18220K(18432K) Class: 3814K(3968K)->3814K(3968K)
[99.856s][info][gc          ] GC(48) Pause Full (System.gc()) 770M->770M(5939M) 1913.881ms
[101.767s][info][gc,metaspace] GC(49) Metaspace: 22035K(22400K)->22035K(22400K) NonClass: 18220K(18432K)->18220K(18432K) Class: 3814K(3968K)->3814K(3968K)
[101.767s][info][gc          ] GC(49) Pause Full (System.gc()) 770M->770M(5939M) 1910.846ms
[103.681s][info][gc,metaspace] GC(50) Metaspace: 22035K(22400K)->22035K(22400K) NonClass: 18220K(18432K)->18220K(18432K) Class: 3814K(3968K)->3814K(3968K)
[103.682s][info][gc          ] GC(50) Pause Full (System.gc()) 770M->770M(5939M) 1914.690ms
[105.541s][info][gc,metaspace] GC(51) Metaspace: 22035K(22400K)->22035K(22400K) NonClass: 18220K(18432K)->18220K(18432K) Class: 3814K(3968K)->3814K(3968K)
[105.541s][info][gc          ] GC(51) Pause Full (System.gc()) 770M->770M(5939M) 1859.538ms
[107.455s][info][gc,metaspace] GC(52) Metaspace: 22035K(22400K)->22035K(22400K) NonClass: 18220K(18432K)->18220K(18432K) Class: 3814K(3968K)->3814K(3968K)
[107.456s][info][gc          ] GC(52) Pause Full (System.gc()) 770M->770M(5939M) 1914.242ms
[109.365s][info][gc,metaspace] GC(53) Metaspace: 22035K(22400K)->22035K(22400K) NonClass: 18220K(18432K)->18220K(18432K) Class: 3814K(3968K)->3814K(3968K)
[109.365s][info][gc          ] GC(53) Pause Full (System.gc()) 770M->770M(5939M) 1909.666ms
[111.276s][info][gc,metaspace] GC(54) Metaspace: 22035K(22400K)->22035K(22400K) NonClass: 18220K(18432K)->18220K(18432K) Class: 3814K(3968K)->3814K(3968K)
[111.276s][info][gc          ] GC(54) Pause Full (System.gc()) 770M->770M(5939M) 1910.180ms
[113.189s][info][gc,metaspace] GC(55) Metaspace: 22035K(22400K)->22035K(22400K) NonClass: 18220K(18432K)->18220K(18432K) Class: 3814K(3968K)->3814K(3968K)
[113.189s][info][gc          ] GC(55) Pause Full (System.gc()) 770M->770M(5939M) 1913.767ms
[115.100s][info][gc,metaspace] GC(56) Metaspace: 22035K(22400K)->22035K(22400K) NonClass: 18220K(18432K)->18220K(18432K) Class: 3814K(3968K)->3814K(3968K)
[115.100s][info][gc          ] GC(56) Pause Full (System.gc()) 770M->770M(5939M) 1910.616ms
[117.014s][info][gc,metaspace] GC(57) Metaspace: 22035K(22400K)->22035K(22400K) NonClass: 18220K(18432K)->18220K(18432K) Class: 3814K(3968K)->3814K(3968K)
[117.014s][info][gc          ] GC(57) Pause Full (System.gc()) 770M->770M(5939M) 1913.441ms
[118.924s][info][gc,metaspace] GC(58) Metaspace: 22035K(22400K)->22035K(22400K) NonClass: 18220K(18432K)->18220K(18432K) Class: 3814K(3968K)->3814K(3968K)
[118.924s][info][gc          ] GC(58) Pause Full (System.gc()) 770M->770M(5939M) 1910.602ms
[120.834s][info][gc,metaspace] GC(59) Metaspace: 22035K(22400K)->22035K(22400K) NonClass: 18220K(18432K)->18220K(18432K) Class: 3814K(3968K)->3814K(3968K)
[120.834s][info][gc          ] GC(59) Pause Full (System.gc()) 770M->770M(5939M) 1909.375ms
[122.772s][info][gc,metaspace] GC(60) Metaspace: 22035K(22400K)->22035K(22400K) NonClass: 18220K(18432K)->18220K(18432K) Class: 3814K(3968K)->3814K(3968K)
[122.772s][info][gc          ] GC(60) Pause Full (System.gc()) 770M->770M(5939M) 1937.624ms
[124.682s][info][gc,metaspace] GC(61) Metaspace: 22035K(22400K)->22035K(22400K) NonClass: 18220K(18432K)->18220K(18432K) Class: 3814K(3968K)->3814K(3968K)
[124.682s][info][gc          ] GC(61) Pause Full (System.gc()) 770M->770M(5939M) 1910.345ms
[126.545s][info][gc,metaspace] GC(62) Metaspace: 22035K(22400K)->22035K(22400K) NonClass: 18220K(18432K)->18220K(18432K) Class: 3814K(3968K)->3814K(3968K)
[126.545s][info][gc          ] GC(62) Pause Full (System.gc()) 770M->770M(5939M) 1863.005ms
[128.454s][info][gc,metaspace] GC(63) Metaspace: 22035K(22400K)->22035K(22400K) NonClass: 18220K(18432K)->18220K(18432K) Class: 3814K(3968K)->3814K(3968K)
[128.454s][info][gc          ] GC(63) Pause Full (System.gc()) 770M->770M(5939M) 1908.781ms
[130.369s][info][gc,metaspace] GC(64) Metaspace: 22035K(22400K)->22035K(22400K) NonClass: 18220K(18432K)->18220K(18432K) Class: 3814K(3968K)->3814K(3968K)
[130.369s][info][gc          ] GC(64) Pause Full (System.gc()) 770M->770M(5939M) 1914.397ms
[132.279s][info][gc,metaspace] GC(65) Metaspace: 22035K(22400K)->22035K(22400K) NonClass: 18220K(18432K)->18220K(18432K) Class: 3814K(3968K)->3814K(3968K)
[132.279s][info][gc          ] GC(65) Pause Full (System.gc()) 770M->770M(5939M) 1910.006ms
[134.187s][info][gc,metaspace] GC(66) Metaspace: 22035K(22400K)->22035K(22400K) NonClass: 18220K(18432K)->18220K(18432K) Class: 3814K(3968K)->3814K(3968K)
[134.187s][info][gc          ] GC(66) Pause Full (System.gc()) 787M->770M(5939M) 1908.242ms
[136.101s][info][gc,metaspace] GC(67) Metaspace: 22035K(22400K)->22035K(22400K) NonClass: 18220K(18432K)->18220K(18432K) Class: 3814K(3968K)->3814K(3968K)
[136.101s][info][gc          ] GC(67) Pause Full (System.gc()) 770M->770M(5939M) 1914.069ms
[138.016s][info][gc,metaspace] GC(68) Metaspace: 22035K(22400K)->22035K(22400K) NonClass: 18220K(18432K)->18220K(18432K) Class: 3814K(3968K)->3814K(3968K)
[138.017s][info][gc          ] GC(68) Pause Full (System.gc()) 770M->770M(5939M) 1914.980ms
[139.931s][info][gc,metaspace] GC(69) Metaspace: 22035K(22400K)->22035K(22400K) NonClass: 18220K(18432K)->18220K(18432K) Class: 3814K(3968K)->3814K(3968K)
[139.931s][info][gc          ] GC(69) Pause Full (System.gc()) 770M->770M(5939M) 1913.899ms
[141.841s][info][gc,metaspace] GC(70) Metaspace: 22035K(22400K)->22035K(22400K) NonClass: 18220K(18432K)->18220K(18432K) Class: 3814K(3968K)->3814K(3968K)
[141.841s][info][gc          ] GC(70) Pause Full (System.gc()) 770M->770M(5939M) 1910.368ms
[143.752s][info][gc,metaspace] GC(71) Metaspace: 22035K(22400K)->22035K(22400K) NonClass: 18220K(18432K)->18220K(18432K) Class: 3814K(3968K)->3814K(3968K)
[143.752s][info][gc          ] GC(71) Pause Full (System.gc()) 770M->770M(5939M) 1910.467ms
[145.666s][info][gc,metaspace] GC(72) Metaspace: 22035K(22400K)->22035K(22400K) NonClass: 18220K(18432K)->18220K(18432K) Class: 3814K(3968K)->3814K(3968K)
[145.666s][info][gc          ] GC(72) Pause Full (System.gc()) 770M->770M(5939M) 1913.849ms
[147.816s][info][gc,metaspace] GC(73) Metaspace: 22035K(22400K)->22035K(22400K) NonClass: 18220K(18432K)->18220K(18432K) Class: 3814K(3968K)->3814K(3968K)
[147.816s][info][gc          ] GC(73) Pause Full (System.gc()) 770M->770M(5939M) 2150.216ms
[149.731s][info][gc,metaspace] GC(74) Metaspace: 22035K(22400K)->22035K(22400K) NonClass: 18220K(18432K)->18220K(18432K) Class: 3814K(3968K)->3814K(3968K)
[149.731s][info][gc          ] GC(74) Pause Full (System.gc()) 770M->770M(5939M) 1914.674ms
[151.641s][info][gc,metaspace] GC(75) Metaspace: 22035K(22400K)->22035K(22400K) NonClass: 18220K(18432K)->18220K(18432K) Class: 3814K(3968K)->3814K(3968K)
[151.641s][info][gc          ] GC(75) Pause Full (System.gc()) 770M->770M(5939M) 1910.006ms
[154.191s][info][gc,metaspace] GC(76) Metaspace: 22035K(22400K)->22035K(22400K) NonClass: 18220K(18432K)->18220K(18432K) Class: 3814K(3968K)->3814K(3968K)
[154.192s][info][gc          ] GC(76) Pause Full (System.gc()) 770M->770M(5939M) 2550.646ms
[156.106s][info][gc,metaspace] GC(77) Metaspace: 22035K(22400K)->22035K(22400K) NonClass: 18220K(18432K)->18220K(18432K) Class: 3814K(3968K)->3814K(3968K)
[156.106s][info][gc          ] GC(77) Pause Full (System.gc()) 770M->770M(5939M) 1914.569ms
[158.016s][info][gc,metaspace] GC(78) Metaspace: 22035K(22400K)->22035K(22400K) NonClass: 18220K(18432K)->18220K(18432K) Class: 3814K(3968K)->3814K(3968K)
[158.017s][info][gc          ] GC(78) Pause Full (System.gc()) 770M->770M(5939M) 1910.148ms
[160.062s][info][gc,metaspace] GC(79) Metaspace: 22035K(22400K)->22035K(22400K) NonClass: 18220K(18432K)->18220K(18432K) Class: 3814K(3968K)->3814K(3968K)
[160.062s][info][gc          ] GC(79) Pause Full (System.gc()) 770M->770M(5939M) 2045.303ms
[161.970s][info][gc,metaspace] GC(80) Metaspace: 22035K(22400K)->22035K(22400K) NonClass: 18220K(18432K)->18220K(18432K) Class: 3814K(3968K)->3814K(3968K)
[161.970s][info][gc          ] GC(80) Pause Full (System.gc()) 770M->770M(5939M) 1908.456ms
[163.881s][info][gc,metaspace] GC(81) Metaspace: 22035K(22400K)->22035K(22400K) NonClass: 18220K(18432K)->18220K(18432K) Class: 3814K(3968K)->3814K(3968K)
[163.881s][info][gc          ] GC(81) Pause Full (System.gc()) 770M->770M(5939M) 1910.021ms
[165.795s][info][gc,metaspace] GC(82) Metaspace: 22035K(22400K)->22035K(22400K) NonClass: 18220K(18432K)->18220K(18432K) Class: 3814K(3968K)->3814K(3968K)
[165.795s][info][gc          ] GC(82) Pause Full (System.gc()) 770M->770M(5939M) 1914.527ms
[167.704s][info][gc,metaspace] GC(83) Metaspace: 22035K(22400K)->22035K(22400K) NonClass: 18220K(18432K)->18220K(18432K) Class: 3814K(3968K)->3814K(3968K)
[167.704s][info][gc          ] GC(83) Pause Full (System.gc()) 770M->770M(5939M) 1909.056ms
[169.568s][info][gc,metaspace] GC(84) Metaspace: 22035K(22400K)->22035K(22400K) NonClass: 18220K(18432K)->18220K(18432K) Class: 3814K(3968K)->3814K(3968K)
[169.568s][info][gc          ] GC(84) Pause Full (System.gc()) 770M->770M(5939M) 1863.313ms
[171.479s][info][gc,metaspace] GC(85) Metaspace: 22035K(22400K)->22035K(22400K) NonClass: 18220K(18432K)->18220K(18432K) Class: 3814K(3968K)->3814K(3968K)
[171.479s][info][gc          ] GC(85) Pause Full (System.gc()) 770M->770M(5939M) 1906.347ms
[173.410s][info][gc,metaspace] GC(86) Metaspace: 22035K(22400K)->22035K(22400K) NonClass: 18220K(18432K)->18220K(18432K) Class: 3814K(3968K)->3814K(3968K)
[173.410s][info][gc          ] GC(86) Pause Full (System.gc()) 770M->770M(5939M) 1930.972ms
[175.319s][info][gc,metaspace] GC(87) Metaspace: 22035K(22400K)->22035K(22400K) NonClass: 18220K(18432K)->18220K(18432K) Class: 3814K(3968K)->3814K(3968K)
[175.319s][info][gc          ] GC(87) Pause Full (System.gc()) 770M->770M(5939M) 1909.657ms
[177.230s][info][gc,metaspace] GC(88) Metaspace: 22035K(22400K)->22035K(22400K) NonClass: 18220K(18432K)->18220K(18432K) Class: 3814K(3968K)->3814K(3968K)
[177.230s][info][gc          ] GC(88) Pause Full (System.gc()) 770M->770M(5939M) 1910.158ms
[179.144s][info][gc,metaspace] GC(89) Metaspace: 22035K(22400K)->22035K(22400K) NonClass: 18220K(18432K)->18220K(18432K) Class: 3814K(3968K)->3814K(3968K)
[179.144s][info][gc          ] GC(89) Pause Full (System.gc()) 770M->770M(5939M) 1914.281ms
[181.054s][info][gc,metaspace] GC(90) Metaspace: 22035K(22400K)->22035K(22400K) NonClass: 18220K(18432K)->18220K(18432K) Class: 3814K(3968K)->3814K(3968K)
[181.054s][info][gc          ] GC(90) Pause Full (System.gc()) 770M->770M(5939M) 1910.138ms
[182.968s][info][gc,metaspace] GC(91) Metaspace: 22035K(22400K)->22035K(22400K) NonClass: 18220K(18432K)->18220K(18432K) Class: 3814K(3968K)->3814K(3968K)
[182.968s][info][gc          ] GC(91) Pause Full (System.gc()) 770M->770M(5939M) 1913.241ms
[184.878s][info][gc,metaspace] GC(92) Metaspace: 22035K(22400K)->22035K(22400K) NonClass: 18220K(18432K)->18220K(18432K) Class: 3814K(3968K)->3814K(3968K)
[184.878s][info][gc          ] GC(92) Pause Full (System.gc()) 770M->770M(5939M) 1910.631ms
[186.789s][info][gc,metaspace] GC(93) Metaspace: 22035K(22400K)->22035K(22400K) NonClass: 18220K(18432K)->18220K(18432K) Class: 3814K(3968K)->3814K(3968K)
[186.789s][info][gc          ] GC(93) Pause Full (System.gc()) 770M->770M(5939M) 1910.094ms
[188.704s][info][gc,metaspace] GC(94) Metaspace: 22035K(22400K)->22035K(22400K) NonClass: 18220K(18432K)->18220K(18432K) Class: 3814K(3968K)->3814K(3968K)
[188.704s][info][gc          ] GC(94) Pause Full (System.gc()) 770M->770M(5939M) 1914.968ms
[190.563s][info][gc,metaspace] GC(95) Metaspace: 22035K(22400K)->22035K(22400K) NonClass: 18220K(18432K)->18220K(18432K) Class: 3814K(3968K)->3814K(3968K)
[190.563s][info][gc          ] GC(95) Pause Full (System.gc()) 770M->770M(5939M) 1859.512ms
[192.477s][info][gc,metaspace] GC(96) Metaspace: 22035K(22400K)->22035K(22400K) NonClass: 18220K(18432K)->18220K(18432K) Class: 3814K(3968K)->3814K(3968K)
[192.477s][info][gc          ] GC(96) Pause Full (System.gc()) 770M->770M(5939M) 1913.769ms
[194.387s][info][gc,metaspace] GC(97) Metaspace: 22035K(22400K)->22035K(22400K) NonClass: 18220K(18432K)->18220K(18432K) Class: 3814K(3968K)->3814K(3968K)
[194.388s][info][gc          ] GC(97) Pause Full (System.gc()) 770M->770M(5939M) 1910.164ms
[196.301s][info][gc,metaspace] GC(98) Metaspace: 22035K(22400K)->22035K(22400K) NonClass: 18220K(18432K)->18220K(18432K) Class: 3814K(3968K)->3814K(3968K)
[196.301s][info][gc          ] GC(98) Pause Full (System.gc()) 770M->770M(5939M) 1913.885ms
[198.212s][info][gc,metaspace] GC(99) Metaspace: 22035K(22400K)->22035K(22400K) NonClass: 18220K(18432K)->18220K(18432K) Class: 3814K(3968K)->3814K(3968K)
[198.212s][info][gc          ] GC(99) Pause Full (System.gc()) 787M->770M(5939M) 1910.102ms
[200.121s][info][gc,metaspace] GC(100) Metaspace: 22035K(22400K)->22035K(22400K) NonClass: 18220K(18432K)->18220K(18432K) Class: 3814K(3968K)->3814K(3968K)
[200.121s][info][gc          ] GC(100) Pause Full (System.gc()) 770M->770M(5939M) 1909.570ms
After GCs... 
