[0.001s][info][metaspace]  - commit_granule_bytes: 65536.
[0.001s][info][metaspace]  - commit_granule_words: 8192.
[0.001s][info][metaspace]  - virtual_space_node_default_size: 8388608.
[0.001s][info][metaspace]  - enlarge_chunks_in_place: 1.
[0.001s][info][metaspace]  - use_allocation_guard: 0.
[0.005s][info][gc       ] Using Serial
[1.856s][info][metaspace] Reserving compressed class space anywhere
[1.861s][info][gc,metaspace] CDS archive(s) not mapped
[1.861s][info][gc,metaspace] Compressed class space mapped at: 0x0000000032000000-0x00000000f2000000, reserved size: 3221225472
[1.861s][info][gc,metaspace] UseCompressedClassPointers 1, UseCompactObjectHeaders 1, narrow klass pointer bits 22, max shift 10
[1.861s][info][gc,metaspace] Narrow klass base: 0x0000000032000000, Narrow klass shift: 10, Narrow klass range: 0xc0000000
Num Classes: 64
Num Objects per Class: 1048576
Cycles: 100
Class association: random
Generate 64 classes...
Loading 64...[2.883s][info][gc,metaspace] GC(0) Metaspace: 21832K(22144K)->21832K(22144K) NonClass: 18051K(18240K)->18051K(18240K) Class: 3781K(3904K)->3781K(3904K)
[2.883s][info][gc          ] GC(0) Pause Full (System.gc()) 426M->2M(5939M) 51.764ms
Creating 1048576 objects per class...
Done; will start GCs... 
[8.422s][info][gc,metaspace] GC(1) Metaspace: 22040K(22400K)->22040K(22400K) NonClass: 18225K(18432K)->18225K(18432K) Class: 3814K(3968K)->3814K(3968K)
[8.422s][info][gc          ] GC(1) Pause Full (System.gc()) 881M->770M(5939M) 3064.833ms
[10.295s][info][gc,metaspace] GC(2) Metaspace: 22040K(22400K)->22040K(22400K) NonClass: 18225K(18432K)->18225K(18432K) Class: 3814K(3968K)->3814K(3968K)
[10.295s][info][gc          ] GC(2) Pause Full (System.gc()) 770M->770M(5939M) 1872.684ms
[12.884s][info][gc,metaspace] GC(3) Metaspace: 22040K(22400K)->22040K(22400K) NonClass: 18225K(18432K)->18225K(18432K) Class: 3814K(3968K)->3814K(3968K)
[12.884s][info][gc          ] GC(3) Pause Full (System.gc()) 770M->770M(5939M) 2588.311ms
[14.760s][info][gc,metaspace] GC(4) Metaspace: 22040K(22400K)->22040K(22400K) NonClass: 18225K(18432K)->18225K(18432K) Class: 3814K(3968K)->3814K(3968K)
[14.760s][info][gc          ] GC(4) Pause Full (System.gc()) 770M->770M(5939M) 1875.898ms
[16.580s][info][gc,metaspace] GC(5) Metaspace: 22040K(22400K)->22040K(22400K) NonClass: 18225K(18432K)->18225K(18432K) Class: 3814K(3968K)->3814K(3968K)
[16.580s][info][gc          ] GC(5) Pause Full (System.gc()) 770M->770M(5939M) 1820.284ms
[18.457s][info][gc,metaspace] GC(6) Metaspace: 22040K(22400K)->22040K(22400K) NonClass: 18225K(18432K)->18225K(18432K) Class: 3814K(3968K)->3814K(3968K)
[18.457s][info][gc          ] GC(6) Pause Full (System.gc()) 770M->770M(5939M) 1876.892ms
[20.331s][info][gc,metaspace] GC(7) Metaspace: 22040K(22400K)->22040K(22400K) NonClass: 18225K(18432K)->18225K(18432K) Class: 3814K(3968K)->3814K(3968K)
[20.331s][info][gc          ] GC(7) Pause Full (System.gc()) 770M->770M(5939M) 1873.647ms
[22.236s][info][gc,metaspace] GC(8) Metaspace: 22040K(22400K)->22040K(22400K) NonClass: 18225K(18432K)->18225K(18432K) Class: 3814K(3968K)->3814K(3968K)
[22.236s][info][gc          ] GC(8) Pause Full (System.gc()) 770M->770M(5939M) 1905.349ms
[24.114s][info][gc,metaspace] GC(9) Metaspace: 22040K(22400K)->22040K(22400K) NonClass: 18225K(18432K)->18225K(18432K) Class: 3814K(3968K)->3814K(3968K)
[24.114s][info][gc          ] GC(9) Pause Full (System.gc()) 770M->770M(5939M) 1877.278ms
[25.984s][info][gc,metaspace] GC(10) Metaspace: 22040K(22400K)->22040K(22400K) NonClass: 18225K(18432K)->18225K(18432K) Class: 3814K(3968K)->3814K(3968K)
[25.984s][info][gc          ] GC(10) Pause Full (System.gc()) 770M->770M(5939M) 1870.542ms
[27.861s][info][gc,metaspace] GC(11) Metaspace: 22040K(22400K)->22040K(22400K) NonClass: 18225K(18432K)->18225K(18432K) Class: 3814K(3968K)->3814K(3968K)
[27.861s][info][gc          ] GC(11) Pause Full (System.gc()) 770M->770M(5939M) 1875.930ms
[29.732s][info][gc,metaspace] GC(12) Metaspace: 22040K(22400K)->22040K(22400K) NonClass: 18225K(18432K)->18225K(18432K) Class: 3814K(3968K)->3814K(3968K)
[29.732s][info][gc          ] GC(12) Pause Full (System.gc()) 770M->770M(5939M) 1871.828ms
[31.557s][info][gc,metaspace] GC(13) Metaspace: 22040K(22400K)->22040K(22400K) NonClass: 18225K(18432K)->18225K(18432K) Class: 3814K(3968K)->3814K(3968K)
[31.557s][info][gc          ] GC(13) Pause Full (System.gc()) 770M->770M(5939M) 1824.367ms
[33.430s][info][gc,metaspace] GC(14) Metaspace: 22040K(22400K)->22040K(22400K) NonClass: 18225K(18432K)->18225K(18432K) Class: 3814K(3968K)->3814K(3968K)
[33.430s][info][gc          ] GC(14) Pause Full (System.gc()) 770M->770M(5939M) 1868.361ms
[35.302s][info][gc,metaspace] GC(15) Metaspace: 22040K(22400K)->22040K(22400K) NonClass: 18225K(18432K)->18225K(18432K) Class: 3814K(3968K)->3814K(3968K)
[35.302s][info][gc          ] GC(15) Pause Full (System.gc()) 770M->770M(5939M) 1872.269ms
[37.178s][info][gc,metaspace] GC(16) Metaspace: 22040K(22400K)->22040K(22400K) NonClass: 18225K(18432K)->18225K(18432K) Class: 3814K(3968K)->3814K(3968K)
[37.178s][info][gc          ] GC(16) Pause Full (System.gc()) 770M->770M(5939M) 1875.809ms
[39.050s][info][gc,metaspace] GC(17) Metaspace: 22040K(22400K)->22040K(22400K) NonClass: 18225K(18432K)->18225K(18432K) Class: 3814K(3968K)->3814K(3968K)
[39.050s][info][gc          ] GC(17) Pause Full (System.gc()) 770M->770M(5939M) 1871.383ms
[40.927s][info][gc,metaspace] GC(18) Metaspace: 22040K(22400K)->22040K(22400K) NonClass: 18225K(18432K)->18225K(18432K) Class: 3814K(3968K)->3814K(3968K)
[40.927s][info][gc          ] GC(18) Pause Full (System.gc()) 770M->770M(5939M) 1877.240ms
[42.798s][info][gc,metaspace] GC(19) Metaspace: 22040K(22400K)->22040K(22400K) NonClass: 18225K(18432K)->18225K(18432K) Class: 3814K(3968K)->3814K(3968K)
[42.798s][info][gc          ] GC(19) Pause Full (System.gc()) 770M->770M(5939M) 1871.075ms
[44.669s][info][gc,metaspace] GC(20) Metaspace: 22040K(22400K)->22040K(22400K) NonClass: 18225K(18432K)->18225K(18432K) Class: 3814K(3968K)->3814K(3968K)
[44.669s][info][gc          ] GC(20) Pause Full (System.gc()) 770M->770M(5939M) 1871.241ms
[46.494s][info][gc,metaspace] GC(21) Metaspace: 22040K(22400K)->22040K(22400K) NonClass: 18225K(18432K)->18225K(18432K) Class: 3814K(3968K)->3814K(3968K)
[46.494s][info][gc          ] GC(21) Pause Full (System.gc()) 770M->770M(5939M) 1824.066ms
[48.370s][info][gc,metaspace] GC(22) Metaspace: 22040K(22400K)->22040K(22400K) NonClass: 18225K(18432K)->18225K(18432K) Class: 3814K(3968K)->3814K(3968K)
[48.370s][info][gc          ] GC(22) Pause Full (System.gc()) 770M->770M(5939M) 1876.443ms
[50.244s][info][gc,metaspace] GC(23) Metaspace: 22040K(22400K)->22040K(22400K) NonClass: 18225K(18432K)->18225K(18432K) Class: 3814K(3968K)->3814K(3968K)
[50.244s][info][gc          ] GC(23) Pause Full (System.gc()) 770M->770M(5939M) 1873.809ms
[52.115s][info][gc,metaspace] GC(24) Metaspace: 22040K(22400K)->22040K(22400K) NonClass: 18225K(18432K)->18225K(18432K) Class: 3814K(3968K)->3814K(3968K)
[52.115s][info][gc          ] GC(24) Pause Full (System.gc()) 770M->770M(5939M) 1871.272ms
[53.993s][info][gc,metaspace] GC(25) Metaspace: 22040K(22400K)->22040K(22400K) NonClass: 18225K(18432K)->18225K(18432K) Class: 3814K(3968K)->3814K(3968K)
[53.993s][info][gc          ] GC(25) Pause Full (System.gc()) 770M->770M(5939M) 1877.882ms
[55.867s][info][gc,metaspace] GC(26) Metaspace: 22040K(22400K)->22040K(22400K) NonClass: 18225K(18432K)->18225K(18432K) Class: 3814K(3968K)->3814K(3968K)
[55.867s][info][gc          ] GC(26) Pause Full (System.gc()) 770M->770M(5939M) 1873.444ms
[57.741s][info][gc,metaspace] GC(27) Metaspace: 22040K(22400K)->22040K(22400K) NonClass: 18225K(18432K)->18225K(18432K) Class: 3814K(3968K)->3814K(3968K)
[57.741s][info][gc          ] GC(27) Pause Full (System.gc()) 770M->770M(5939M) 1873.636ms
[59.566s][info][gc,metaspace] GC(28) Metaspace: 22040K(22400K)->22040K(22400K) NonClass: 18225K(18432K)->18225K(18432K) Class: 3814K(3968K)->3814K(3968K)
[59.566s][info][gc          ] GC(28) Pause Full (System.gc()) 770M->770M(5939M) 1824.852ms
[61.441s][info][gc,metaspace] GC(29) Metaspace: 22040K(22400K)->22040K(22400K) NonClass: 18225K(18432K)->18225K(18432K) Class: 3814K(3968K)->3814K(3968K)
[61.441s][info][gc          ] GC(29) Pause Full (System.gc()) 770M->770M(5939M) 1874.823ms
[63.312s][info][gc,metaspace] GC(30) Metaspace: 22040K(22400K)->22040K(22400K) NonClass: 18225K(18432K)->18225K(18432K) Class: 3814K(3968K)->3814K(3968K)
[63.312s][info][gc          ] GC(30) Pause Full (System.gc()) 770M->770M(5939M) 1871.098ms
[65.183s][info][gc,metaspace] GC(31) Metaspace: 22040K(22400K)->22040K(22400K) NonClass: 18225K(18432K)->18225K(18432K) Class: 3814K(3968K)->3814K(3968K)
[65.183s][info][gc          ] GC(31) Pause Full (System.gc()) 770M->770M(5939M) 1871.490ms
[67.058s][info][gc,metaspace] GC(32) Metaspace: 22040K(22400K)->22040K(22400K) NonClass: 18225K(18432K)->18225K(18432K) Class: 3814K(3968K)->3814K(3968K)
[67.058s][info][gc          ] GC(32) Pause Full (System.gc()) 770M->770M(5939M) 1874.816ms
[68.932s][info][gc,metaspace] GC(33) Metaspace: 22040K(22400K)->22040K(22400K) NonClass: 18225K(18432K)->18225K(18432K) Class: 3814K(3968K)->3814K(3968K)
[68.932s][info][gc          ] GC(33) Pause Full (System.gc()) 770M->770M(5939M) 1873.666ms
[70.808s][info][gc,metaspace] GC(34) Metaspace: 22040K(22400K)->22040K(22400K) NonClass: 18225K(18432K)->18225K(18432K) Class: 3814K(3968K)->3814K(3968K)
[70.808s][info][gc          ] GC(34) Pause Full (System.gc()) 787M->770M(5939M) 1875.261ms
[73.298s][info][gc,metaspace] GC(35) Metaspace: 22040K(22400K)->22040K(22400K) NonClass: 18225K(18432K)->18225K(18432K) Class: 3814K(3968K)->3814K(3968K)
[73.298s][info][gc          ] GC(35) Pause Full (System.gc()) 770M->770M(5939M) 2489.967ms
[75.170s][info][gc,metaspace] GC(36) Metaspace: 22040K(22400K)->22040K(22400K) NonClass: 18225K(18432K)->18225K(18432K) Class: 3814K(3968K)->3814K(3968K)
[75.170s][info][gc          ] GC(36) Pause Full (System.gc()) 770M->770M(5939M) 1872.176ms
[77.047s][info][gc,metaspace] GC(37) Metaspace: 22040K(22400K)->22040K(22400K) NonClass: 18225K(18432K)->18225K(18432K) Class: 3814K(3968K)->3814K(3968K)
[77.047s][info][gc          ] GC(37) Pause Full (System.gc()) 770M->770M(5939M) 1877.172ms
[78.921s][info][gc,metaspace] GC(38) Metaspace: 22040K(22400K)->22040K(22400K) NonClass: 18225K(18432K)->18225K(18432K) Class: 3814K(3968K)->3814K(3968K)
[78.921s][info][gc          ] GC(38) Pause Full (System.gc()) 770M->770M(5939M) 1873.228ms
[80.797s][info][gc,metaspace] GC(39) Metaspace: 22040K(22400K)->22040K(22400K) NonClass: 18225K(18432K)->18225K(18432K) Class: 3814K(3968K)->3814K(3968K)
[80.798s][info][gc          ] GC(39) Pause Full (System.gc()) 770M->770M(5939M) 1876.782ms
[82.671s][info][gc,metaspace] GC(40) Metaspace: 22040K(22400K)->22040K(22400K) NonClass: 18225K(18432K)->18225K(18432K) Class: 3814K(3968K)->3814K(3968K)
[82.671s][info][gc          ] GC(40) Pause Full (System.gc()) 770M->770M(5939M) 1873.198ms
[84.496s][info][gc,metaspace] GC(41) Metaspace: 22040K(22400K)->22040K(22400K) NonClass: 18225K(18432K)->18225K(18432K) Class: 3814K(3968K)->3814K(3968K)
[84.496s][info][gc          ] GC(41) Pause Full (System.gc()) 770M->770M(5939M) 1824.984ms
[86.369s][info][gc,metaspace] GC(42) Metaspace: 22040K(22400K)->22040K(22400K) NonClass: 18225K(18432K)->18225K(18432K) Class: 3814K(3968K)->3814K(3968K)
[86.369s][info][gc          ] GC(42) Pause Full (System.gc()) 770M->770M(5939M) 1872.634ms
[88.243s][info][gc,metaspace] GC(43) Metaspace: 22040K(22400K)->22040K(22400K) NonClass: 18225K(18432K)->18225K(18432K) Class: 3814K(3968K)->3814K(3968K)
[88.243s][info][gc          ] GC(43) Pause Full (System.gc()) 770M->770M(5939M) 1874.329ms
[90.120s][info][gc,metaspace] GC(44) Metaspace: 22040K(22400K)->22040K(22400K) NonClass: 18225K(18432K)->18225K(18432K) Class: 3814K(3968K)->3814K(3968K)
[90.120s][info][gc          ] GC(44) Pause Full (System.gc()) 770M->770M(5939M) 1876.864ms
[91.993s][info][gc,metaspace] GC(45) Metaspace: 22040K(22400K)->22040K(22400K) NonClass: 18225K(18432K)->18225K(18432K) Class: 3814K(3968K)->3814K(3968K)
[91.993s][info][gc          ] GC(45) Pause Full (System.gc()) 770M->770M(5939M) 1872.962ms
[93.871s][info][gc,metaspace] GC(46) Metaspace: 22040K(22400K)->22040K(22400K) NonClass: 18225K(18432K)->18225K(18432K) Class: 3814K(3968K)->3814K(3968K)
[93.872s][info][gc          ] GC(46) Pause Full (System.gc()) 770M->770M(5939M) 1878.329ms
[95.745s][info][gc,metaspace] GC(47) Metaspace: 22040K(22400K)->22040K(22400K) NonClass: 18225K(18432K)->18225K(18432K) Class: 3814K(3968K)->3814K(3968K)
[95.745s][info][gc          ] GC(47) Pause Full (System.gc()) 770M->770M(5939M) 1873.058ms
[97.570s][info][gc,metaspace] GC(48) Metaspace: 22040K(22400K)->22040K(22400K) NonClass: 18225K(18432K)->18225K(18432K) Class: 3814K(3968K)->3814K(3968K)
[97.570s][info][gc          ] GC(48) Pause Full (System.gc()) 770M->770M(5939M) 1824.924ms
[99.454s][info][gc,metaspace] GC(49) Metaspace: 22040K(22400K)->22040K(22400K) NonClass: 18225K(18432K)->18225K(18432K) Class: 3814K(3968K)->3814K(3968K)
[99.454s][info][gc          ] GC(49) Pause Full (System.gc()) 770M->770M(5939M) 1884.313ms
[101.327s][info][gc,metaspace] GC(50) Metaspace: 22040K(22400K)->22040K(22400K) NonClass: 18225K(18432K)->18225K(18432K) Class: 3814K(3968K)->3814K(3968K)
[101.327s][info][gc          ] GC(50) Pause Full (System.gc()) 770M->770M(5939M) 1872.692ms
[103.205s][info][gc,metaspace] GC(51) Metaspace: 22040K(22400K)->22040K(22400K) NonClass: 18225K(18432K)->18225K(18432K) Class: 3814K(3968K)->3814K(3968K)
[103.205s][info][gc          ] GC(51) Pause Full (System.gc()) 770M->770M(5939M) 1877.487ms
[105.077s][info][gc,metaspace] GC(52) Metaspace: 22040K(22400K)->22040K(22400K) NonClass: 18225K(18432K)->18225K(18432K) Class: 3814K(3968K)->3814K(3968K)
[105.077s][info][gc          ] GC(52) Pause Full (System.gc()) 770M->770M(5939M) 1872.403ms
[106.957s][info][gc,metaspace] GC(53) Metaspace: 22040K(22400K)->22040K(22400K) NonClass: 18225K(18432K)->18225K(18432K) Class: 3814K(3968K)->3814K(3968K)
[106.957s][info][gc          ] GC(53) Pause Full (System.gc()) 770M->770M(5939M) 1879.371ms
[108.830s][info][gc,metaspace] GC(54) Metaspace: 22040K(22400K)->22040K(22400K) NonClass: 18225K(18432K)->18225K(18432K) Class: 3814K(3968K)->3814K(3968K)
[108.830s][info][gc          ] GC(54) Pause Full (System.gc()) 770M->770M(5939M) 1873.531ms
[110.705s][info][gc,metaspace] GC(55) Metaspace: 22040K(22400K)->22040K(22400K) NonClass: 18225K(18432K)->18225K(18432K) Class: 3814K(3968K)->3814K(3968K)
[110.705s][info][gc          ] GC(55) Pause Full (System.gc()) 770M->770M(5939M) 1875.104ms
[112.531s][info][gc,metaspace] GC(56) Metaspace: 22040K(22400K)->22040K(22400K) NonClass: 18225K(18432K)->18225K(18432K) Class: 3814K(3968K)->3814K(3968K)
[112.531s][info][gc          ] GC(56) Pause Full (System.gc()) 770M->770M(5939M) 1825.186ms
[114.408s][info][gc,metaspace] GC(57) Metaspace: 22040K(22400K)->22040K(22400K) NonClass: 18225K(18432K)->18225K(18432K) Class: 3814K(3968K)->3814K(3968K)
[114.408s][info][gc          ] GC(57) Pause Full (System.gc()) 770M->770M(5939M) 1876.836ms
[116.283s][info][gc,metaspace] GC(58) Metaspace: 22040K(22400K)->22040K(22400K) NonClass: 18225K(18432K)->18225K(18432K) Class: 3814K(3968K)->3814K(3968K)
[116.283s][info][gc          ] GC(58) Pause Full (System.gc()) 770M->770M(5939M) 1875.048ms
[118.156s][info][gc,metaspace] GC(59) Metaspace: 22040K(22400K)->22040K(22400K) NonClass: 18225K(18432K)->18225K(18432K) Class: 3814K(3968K)->3814K(3968K)
[118.156s][info][gc          ] GC(59) Pause Full (System.gc()) 770M->770M(5939M) 1872.574ms
[120.033s][info][gc,metaspace] GC(60) Metaspace: 22040K(22400K)->22040K(22400K) NonClass: 18225K(18432K)->18225K(18432K) Class: 3814K(3968K)->3814K(3968K)
[120.033s][info][gc          ] GC(60) Pause Full (System.gc()) 770M->770M(5939M) 1877.281ms
[121.906s][info][gc,metaspace] GC(61) Metaspace: 22040K(22400K)->22040K(22400K) NonClass: 18225K(18432K)->18225K(18432K) Class: 3814K(3968K)->3814K(3968K)
[121.906s][info][gc          ] GC(61) Pause Full (System.gc()) 770M->770M(5939M) 1872.698ms
[123.871s][info][gc,metaspace] GC(62) Metaspace: 22040K(22400K)->22040K(22400K) NonClass: 18225K(18432K)->18225K(18432K) Class: 3814K(3968K)->3814K(3968K)
[123.871s][info][gc          ] GC(62) Pause Full (System.gc()) 770M->770M(5939M) 1964.790ms
[125.744s][info][gc,metaspace] GC(63) Metaspace: 22040K(22400K)->22040K(22400K) NonClass: 18225K(18432K)->18225K(18432K) Class: 3814K(3968K)->3814K(3968K)
[125.744s][info][gc          ] GC(63) Pause Full (System.gc()) 770M->770M(5939M) 1872.916ms
[127.569s][info][gc,metaspace] GC(64) Metaspace: 22040K(22400K)->22040K(22400K) NonClass: 18225K(18432K)->18225K(18432K) Class: 3814K(3968K)->3814K(3968K)
[127.569s][info][gc          ] GC(64) Pause Full (System.gc()) 770M->770M(5939M) 1824.860ms
[129.442s][info][gc,metaspace] GC(65) Metaspace: 22040K(22400K)->22040K(22400K) NonClass: 18225K(18432K)->18225K(18432K) Class: 3814K(3968K)->3814K(3968K)
[129.442s][info][gc          ] GC(65) Pause Full (System.gc()) 770M->770M(5939M) 1873.624ms
[131.314s][info][gc,metaspace] GC(66) Metaspace: 22040K(22400K)->22040K(22400K) NonClass: 18225K(18432K)->18225K(18432K) Class: 3814K(3968K)->3814K(3968K)
[131.314s][info][gc          ] GC(66) Pause Full (System.gc()) 770M->770M(5939M) 1871.635ms
[133.192s][info][gc,metaspace] GC(67) Metaspace: 22040K(22400K)->22040K(22400K) NonClass: 18225K(18432K)->18225K(18432K) Class: 3814K(3968K)->3814K(3968K)
[133.192s][info][gc          ] GC(67) Pause Full (System.gc()) 770M->770M(5939M) 1877.761ms
[135.065s][info][gc,metaspace] GC(68) Metaspace: 22040K(22400K)->22040K(22400K) NonClass: 18225K(18432K)->18225K(18432K) Class: 3814K(3968K)->3814K(3968K)
[135.065s][info][gc          ] GC(68) Pause Full (System.gc()) 770M->770M(5939M) 1872.955ms
[136.942s][info][gc,metaspace] GC(69) Metaspace: 22040K(22400K)->22040K(22400K) NonClass: 18225K(18432K)->18225K(18432K) Class: 3814K(3968K)->3814K(3968K)
[136.942s][info][gc          ] GC(69) Pause Full (System.gc()) 787M->770M(5939M) 1876.759ms
[138.815s][info][gc,metaspace] GC(70) Metaspace: 22040K(22400K)->22040K(22400K) NonClass: 18225K(18432K)->18225K(18432K) Class: 3814K(3968K)->3814K(3968K)
[138.815s][info][gc          ] GC(70) Pause Full (System.gc()) 770M->770M(5939M) 1872.506ms
[140.687s][info][gc,metaspace] GC(71) Metaspace: 22040K(22400K)->22040K(22400K) NonClass: 18225K(18432K)->18225K(18432K) Class: 3814K(3968K)->3814K(3968K)
[140.687s][info][gc          ] GC(71) Pause Full (System.gc()) 770M->770M(5939M) 1872.505ms
[142.512s][info][gc,metaspace] GC(72) Metaspace: 22040K(22400K)->22040K(22400K) NonClass: 18225K(18432K)->18225K(18432K) Class: 3814K(3968K)->3814K(3968K)
[142.512s][info][gc          ] GC(72) Pause Full (System.gc()) 770M->770M(5939M) 1824.428ms
[144.386s][info][gc,metaspace] GC(73) Metaspace: 22040K(22400K)->22040K(22400K) NonClass: 18225K(18432K)->18225K(18432K) Class: 3814K(3968K)->3814K(3968K)
[144.386s][info][gc          ] GC(73) Pause Full (System.gc()) 770M->770M(5939M) 1874.424ms
[146.263s][info][gc,metaspace] GC(74) Metaspace: 22040K(22400K)->22040K(22400K) NonClass: 18225K(18432K)->18225K(18432K) Class: 3814K(3968K)->3814K(3968K)
[146.263s][info][gc          ] GC(74) Pause Full (System.gc()) 770M->770M(5939M) 1876.576ms
[148.136s][info][gc,metaspace] GC(75) Metaspace: 22040K(22400K)->22040K(22400K) NonClass: 18225K(18432K)->18225K(18432K) Class: 3814K(3968K)->3814K(3968K)
[148.136s][info][gc          ] GC(75) Pause Full (System.gc()) 770M->770M(5939M) 1872.619ms
[150.014s][info][gc,metaspace] GC(76) Metaspace: 22040K(22400K)->22040K(22400K) NonClass: 18225K(18432K)->18225K(18432K) Class: 3814K(3968K)->3814K(3968K)
[150.014s][info][gc          ] GC(76) Pause Full (System.gc()) 770M->770M(5939M) 1877.824ms
[151.886s][info][gc,metaspace] GC(77) Metaspace: 22040K(22400K)->22040K(22400K) NonClass: 18225K(18432K)->18225K(18432K) Class: 3814K(3968K)->3814K(3968K)
[151.886s][info][gc          ] GC(77) Pause Full (System.gc()) 770M->770M(5939M) 1872.163ms
[153.759s][info][gc,metaspace] GC(78) Metaspace: 22040K(22400K)->22040K(22400K) NonClass: 18225K(18432K)->18225K(18432K) Class: 3814K(3968K)->3814K(3968K)
[153.759s][info][gc          ] GC(78) Pause Full (System.gc()) 770M->770M(5939M) 1872.409ms
[155.584s][info][gc,metaspace] GC(79) Metaspace: 22040K(22400K)->22040K(22400K) NonClass: 18225K(18432K)->18225K(18432K) Class: 3814K(3968K)->3814K(3968K)
[155.584s][info][gc          ] GC(79) Pause Full (System.gc()) 770M->770M(5939M) 1825.534ms
[157.462s][info][gc,metaspace] GC(80) Metaspace: 22040K(22400K)->22040K(22400K) NonClass: 18225K(18432K)->18225K(18432K) Class: 3814K(3968K)->3814K(3968K)
[157.462s][info][gc          ] GC(80) Pause Full (System.gc()) 770M->770M(5939M) 1877.278ms
[159.335s][info][gc,metaspace] GC(81) Metaspace: 22040K(22400K)->22040K(22400K) NonClass: 18225K(18432K)->18225K(18432K) Class: 3814K(3968K)->3814K(3968K)
[159.335s][info][gc          ] GC(81) Pause Full (System.gc()) 770M->770M(5939M) 1873.024ms
[161.214s][info][gc,metaspace] GC(82) Metaspace: 22040K(22400K)->22040K(22400K) NonClass: 18225K(18432K)->18225K(18432K) Class: 3814K(3968K)->3814K(3968K)
[161.214s][info][gc          ] GC(82) Pause Full (System.gc()) 770M->770M(5939M) 1878.966ms
[163.090s][info][gc,metaspace] GC(83) Metaspace: 22040K(22400K)->22040K(22400K) NonClass: 18225K(18432K)->18225K(18432K) Class: 3814K(3968K)->3814K(3968K)
[163.090s][info][gc          ] GC(83) Pause Full (System.gc()) 770M->770M(5939M) 1876.374ms
[164.963s][info][gc,metaspace] GC(84) Metaspace: 22040K(22400K)->22040K(22400K) NonClass: 18225K(18432K)->18225K(18432K) Class: 3814K(3968K)->3814K(3968K)
[164.963s][info][gc          ] GC(84) Pause Full (System.gc()) 770M->770M(5939M) 1872.752ms
[166.840s][info][gc,metaspace] GC(85) Metaspace: 22040K(22400K)->22040K(22400K) NonClass: 18225K(18432K)->18225K(18432K) Class: 3814K(3968K)->3814K(3968K)
[166.840s][info][gc          ] GC(85) Pause Full (System.gc()) 770M->770M(5939M) 1876.852ms
[168.715s][info][gc,metaspace] GC(86) Metaspace: 22040K(22400K)->22040K(22400K) NonClass: 18225K(18432K)->18225K(18432K) Class: 3814K(3968K)->3814K(3968K)
[168.715s][info][gc          ] GC(86) Pause Full (System.gc()) 770M->770M(5939M) 1874.745ms
[170.540s][info][gc,metaspace] GC(87) Metaspace: 22040K(22400K)->22040K(22400K) NonClass: 18225K(18432K)->18225K(18432K) Class: 3814K(3968K)->3814K(3968K)
[170.540s][info][gc          ] GC(87) Pause Full (System.gc()) 770M->770M(5939M) 1824.841ms
[172.412s][info][gc,metaspace] GC(88) Metaspace: 22040K(22400K)->22040K(22400K) NonClass: 18225K(18432K)->18225K(18432K) Class: 3814K(3968K)->3814K(3968K)
[172.412s][info][gc          ] GC(88) Pause Full (System.gc()) 770M->770M(5939M) 1872.535ms
[174.287s][info][gc,metaspace] GC(89) Metaspace: 22040K(22400K)->22040K(22400K) NonClass: 18225K(18432K)->18225K(18432K) Class: 3814K(3968K)->3814K(3968K)
[174.287s][info][gc          ] GC(89) Pause Full (System.gc()) 770M->770M(5939M) 1874.472ms
[176.164s][info][gc,metaspace] GC(90) Metaspace: 22040K(22400K)->22040K(22400K) NonClass: 18225K(18432K)->18225K(18432K) Class: 3814K(3968K)->3814K(3968K)
[176.164s][info][gc          ] GC(90) Pause Full (System.gc()) 770M->770M(5939M) 1876.392ms
[178.035s][info][gc,metaspace] GC(91) Metaspace: 22040K(22400K)->22040K(22400K) NonClass: 18225K(18432K)->18225K(18432K) Class: 3814K(3968K)->3814K(3968K)
[178.035s][info][gc          ] GC(91) Pause Full (System.gc()) 770M->770M(5939M) 1871.791ms
[179.914s][info][gc,metaspace] GC(92) Metaspace: 22040K(22400K)->22040K(22400K) NonClass: 18225K(18432K)->18225K(18432K) Class: 3814K(3968K)->3814K(3968K)
[179.914s][info][gc          ] GC(92) Pause Full (System.gc()) 770M->770M(5939M) 1878.342ms
[181.787s][info][gc,metaspace] GC(93) Metaspace: 22040K(22400K)->22040K(22400K) NonClass: 18225K(18432K)->18225K(18432K) Class: 3814K(3968K)->3814K(3968K)
[181.787s][info][gc          ] GC(93) Pause Full (System.gc()) 770M->770M(5939M) 1872.782ms
[183.660s][info][gc,metaspace] GC(94) Metaspace: 22040K(22400K)->22040K(22400K) NonClass: 18225K(18432K)->18225K(18432K) Class: 3814K(3968K)->3814K(3968K)
[183.660s][info][gc          ] GC(94) Pause Full (System.gc()) 770M->770M(5939M) 1872.681ms
[186.168s][info][gc,metaspace] GC(95) Metaspace: 22040K(22400K)->22040K(22400K) NonClass: 18225K(18432K)->18225K(18432K) Class: 3814K(3968K)->3814K(3968K)
[186.168s][info][gc          ] GC(95) Pause Full (System.gc()) 770M->770M(5939M) 2508.230ms
[188.042s][info][gc,metaspace] GC(96) Metaspace: 22040K(22400K)->22040K(22400K) NonClass: 18225K(18432K)->18225K(18432K) Class: 3814K(3968K)->3814K(3968K)
[188.042s][info][gc          ] GC(96) Pause Full (System.gc()) 770M->770M(5939M) 1873.597ms
[189.938s][info][gc,metaspace] GC(97) Metaspace: 22040K(22400K)->22040K(22400K) NonClass: 18225K(18432K)->18225K(18432K) Class: 3814K(3968K)->3814K(3968K)
[189.938s][info][gc          ] GC(97) Pause Full (System.gc()) 770M->770M(5939M) 1896.599ms
[191.811s][info][gc,metaspace] GC(98) Metaspace: 22040K(22400K)->22040K(22400K) NonClass: 18225K(18432K)->18225K(18432K) Class: 3814K(3968K)->3814K(3968K)
[191.811s][info][gc          ] GC(98) Pause Full (System.gc()) 770M->770M(5939M) 1872.301ms
[193.685s][info][gc,metaspace] GC(99) Metaspace: 22040K(22400K)->22040K(22400K) NonClass: 18225K(18432K)->18225K(18432K) Class: 3814K(3968K)->3814K(3968K)
[193.685s][info][gc          ] GC(99) Pause Full (System.gc()) 770M->770M(5939M) 1874.041ms
[195.801s][info][gc,metaspace] GC(100) Metaspace: 22040K(22400K)->22040K(22400K) NonClass: 18225K(18432K)->18225K(18432K) Class: 3814K(3968K)->3814K(3968K)
[195.801s][info][gc          ] GC(100) Pause Full (System.gc()) 770M->770M(5939M) 2115.986ms
After GCs... 
