[0.001s][info][metaspace]  - commit_granule_bytes: 65536.
[0.001s][info][metaspace]  - commit_granule_words: 8192.
[0.001s][info][metaspace]  - virtual_space_node_default_size: 8388608.
[0.001s][info][metaspace]  - enlarge_chunks_in_place: 1.
[0.001s][info][metaspace]  - use_allocation_guard: 0.
[0.003s][info][gc       ] Using Serial
[1.279s][info][metaspace] Reserving compressed class space anywhere
[1.279s][info][gc,metaspace] CDS archive(s) not mapped
[1.279s][info][gc,metaspace] Compressed class space mapped at: 0x0000000010000000-0x00000000d0000000, reserved size: 3221225472
[1.279s][info][gc,metaspace] UseCompressedClassPointers 1, UseCompactObjectHeaders 1, UseKlassTable 0, narrow klass pointer bits 26, max shift 6
[1.279s][info][gc,metaspace] Narrow klass base: 0x0000000010000000, Narrow klass shift: 6, Narrow klass range: 0xc0000000
Num Classes: 64
Num Objects per Class: 1048576
Cycles: 100
Class association: random
Generate 64 classes...
Loading 64...[2.288s][info][gc,metaspace] GC(0) Metaspace: 22169K(22592K)->22169K(22592K) NonClass: 19673K(19904K)->19673K(19904K) Class: 2496K(2688K)->2496K(2688K)
[2.288s][info][gc          ] GC(0) Pause Full (System.gc()) 393M->2M(5939M) 79.982ms
Creating 1048576 objects per class...
Done; will start GCs... 
[7.544s][info][gc,metaspace] GC(1) Metaspace: 22400K(22848K)->22400K(22848K) NonClass: 19871K(20096K)->19871K(20096K) Class: 2529K(2752K)->2529K(2752K)
[7.544s][info][gc          ] GC(1) Pause Full (System.gc()) 881M->770M(5939M) 2811.440ms
[9.210s][info][gc,metaspace] GC(2) Metaspace: 22400K(22848K)->22400K(22848K) NonClass: 19871K(20096K)->19871K(20096K) Class: 2529K(2752K)->2529K(2752K)
[9.210s][info][gc          ] GC(2) Pause Full (System.gc()) 770M->770M(5939M) 1665.156ms
[11.462s][info][gc,metaspace] GC(3) Metaspace: 22400K(22848K)->22400K(22848K) NonClass: 19871K(20096K)->19871K(20096K) Class: 2529K(2752K)->2529K(2752K)
[11.462s][info][gc          ] GC(3) Pause Full (System.gc()) 770M->770M(5939M) 2251.815ms
[13.078s][info][gc,metaspace] GC(4) Metaspace: 22400K(22848K)->22400K(22848K) NonClass: 19871K(20096K)->19871K(20096K) Class: 2529K(2752K)->2529K(2752K)
[13.078s][info][gc          ] GC(4) Pause Full (System.gc()) 770M->770M(5939M) 1615.875ms
[14.741s][info][gc,metaspace] GC(5) Metaspace: 22400K(22848K)->22400K(22848K) NonClass: 19871K(20096K)->19871K(20096K) Class: 2529K(2752K)->2529K(2752K)
[14.741s][info][gc          ] GC(5) Pause Full (System.gc()) 770M->770M(5939M) 1658.524ms
[16.409s][info][gc,metaspace] GC(6) Metaspace: 22400K(22848K)->22400K(22848K) NonClass: 19871K(20096K)->19871K(20096K) Class: 2529K(2752K)->2529K(2752K)
[16.409s][info][gc          ] GC(6) Pause Full (System.gc()) 770M->770M(5939M) 1667.640ms
[18.734s][info][gc,metaspace] GC(7) Metaspace: 22400K(22848K)->22400K(22848K) NonClass: 19871K(20096K)->19871K(20096K) Class: 2529K(2752K)->2529K(2752K)
[18.734s][info][gc          ] GC(7) Pause Full (System.gc()) 770M->770M(5939M) 2325.584ms
[20.397s][info][gc,metaspace] GC(8) Metaspace: 22400K(22848K)->22400K(22848K) NonClass: 19871K(20096K)->19871K(20096K) Class: 2529K(2752K)->2529K(2752K)
[20.397s][info][gc          ] GC(8) Pause Full (System.gc()) 770M->770M(5939M) 1662.861ms
[22.013s][info][gc,metaspace] GC(9) Metaspace: 22400K(22848K)->22400K(22848K) NonClass: 19871K(20096K)->19871K(20096K) Class: 2529K(2752K)->2529K(2752K)
[22.014s][info][gc          ] GC(9) Pause Full (System.gc()) 770M->770M(5939M) 1616.048ms
[23.676s][info][gc,metaspace] GC(10) Metaspace: 22400K(22848K)->22400K(22848K) NonClass: 19871K(20096K)->19871K(20096K) Class: 2529K(2752K)->2529K(2752K)
[23.676s][info][gc          ] GC(10) Pause Full (System.gc()) 770M->770M(5939M) 1662.231ms
[25.342s][info][gc,metaspace] GC(11) Metaspace: 22400K(22848K)->22400K(22848K) NonClass: 19871K(20096K)->19871K(20096K) Class: 2529K(2752K)->2529K(2752K)
[25.342s][info][gc          ] GC(11) Pause Full (System.gc()) 770M->770M(5939M) 1666.333ms
[26.957s][info][gc,metaspace] GC(12) Metaspace: 22400K(22848K)->22400K(22848K) NonClass: 19871K(20096K)->19871K(20096K) Class: 2529K(2752K)->2529K(2752K)
[26.957s][info][gc          ] GC(12) Pause Full (System.gc()) 770M->770M(5939M) 1614.910ms
[28.620s][info][gc,metaspace] GC(13) Metaspace: 22400K(22848K)->22400K(22848K) NonClass: 19871K(20096K)->19871K(20096K) Class: 2529K(2752K)->2529K(2752K)
[28.620s][info][gc          ] GC(13) Pause Full (System.gc()) 770M->770M(5939M) 1662.471ms
[30.283s][info][gc,metaspace] GC(14) Metaspace: 22400K(22848K)->22400K(22848K) NonClass: 19871K(20096K)->19871K(20096K) Class: 2529K(2752K)->2529K(2752K)
[30.283s][info][gc          ] GC(14) Pause Full (System.gc()) 770M->770M(5939M) 1662.665ms
[31.898s][info][gc,metaspace] GC(15) Metaspace: 22400K(22848K)->22400K(22848K) NonClass: 19871K(20096K)->19871K(20096K) Class: 2529K(2752K)->2529K(2752K)
[31.898s][info][gc          ] GC(15) Pause Full (System.gc()) 770M->770M(5939M) 1615.088ms
[33.561s][info][gc,metaspace] GC(16) Metaspace: 22400K(22848K)->22400K(22848K) NonClass: 19871K(20096K)->19871K(20096K) Class: 2529K(2752K)->2529K(2752K)
[33.561s][info][gc          ] GC(16) Pause Full (System.gc()) 770M->770M(5939M) 1662.750ms
[35.227s][info][gc,metaspace] GC(17) Metaspace: 22400K(22848K)->22400K(22848K) NonClass: 19871K(20096K)->19871K(20096K) Class: 2529K(2752K)->2529K(2752K)
[35.227s][info][gc          ] GC(17) Pause Full (System.gc()) 770M->770M(5939M) 1666.385ms
[36.842s][info][gc,metaspace] GC(18) Metaspace: 22400K(22848K)->22400K(22848K) NonClass: 19871K(20096K)->19871K(20096K) Class: 2529K(2752K)->2529K(2752K)
[36.843s][info][gc          ] GC(18) Pause Full (System.gc()) 770M->770M(5939M) 1615.227ms
[38.505s][info][gc,metaspace] GC(19) Metaspace: 22400K(22848K)->22400K(22848K) NonClass: 19871K(20096K)->19871K(20096K) Class: 2529K(2752K)->2529K(2752K)
[38.505s][info][gc          ] GC(19) Pause Full (System.gc()) 770M->770M(5939M) 1662.047ms
[40.167s][info][gc,metaspace] GC(20) Metaspace: 22400K(22848K)->22400K(22848K) NonClass: 19871K(20096K)->19871K(20096K) Class: 2529K(2752K)->2529K(2752K)
[40.167s][info][gc          ] GC(20) Pause Full (System.gc()) 770M->770M(5939M) 1662.171ms
[41.839s][info][gc,metaspace] GC(21) Metaspace: 22400K(22848K)->22400K(22848K) NonClass: 19871K(20096K)->19871K(20096K) Class: 2529K(2752K)->2529K(2752K)
[41.839s][info][gc          ] GC(21) Pause Full (System.gc()) 770M->770M(5939M) 1671.739ms
[43.501s][info][gc,metaspace] GC(22) Metaspace: 22400K(22848K)->22400K(22848K) NonClass: 19871K(20096K)->19871K(20096K) Class: 2529K(2752K)->2529K(2752K)
[43.501s][info][gc          ] GC(22) Pause Full (System.gc()) 770M->770M(5939M) 1662.530ms
[45.167s][info][gc,metaspace] GC(23) Metaspace: 22400K(22848K)->22400K(22848K) NonClass: 19871K(20096K)->19871K(20096K) Class: 2529K(2752K)->2529K(2752K)
[45.167s][info][gc          ] GC(23) Pause Full (System.gc()) 770M->770M(5939M) 1665.775ms
[46.778s][info][gc,metaspace] GC(24) Metaspace: 22400K(22848K)->22400K(22848K) NonClass: 19871K(20096K)->19871K(20096K) Class: 2529K(2752K)->2529K(2752K)
[46.778s][info][gc          ] GC(24) Pause Full (System.gc()) 770M->770M(5939M) 1610.735ms
[48.445s][info][gc,metaspace] GC(25) Metaspace: 22400K(22848K)->22400K(22848K) NonClass: 19871K(20096K)->19871K(20096K) Class: 2529K(2752K)->2529K(2752K)
[48.445s][info][gc          ] GC(25) Pause Full (System.gc()) 770M->770M(5939M) 1666.795ms
[50.060s][info][gc,metaspace] GC(26) Metaspace: 22400K(22848K)->22400K(22848K) NonClass: 19871K(20096K)->19871K(20096K) Class: 2529K(2752K)->2529K(2752K)
[50.060s][info][gc          ] GC(26) Pause Full (System.gc()) 770M->770M(5939M) 1615.143ms
[51.723s][info][gc,metaspace] GC(27) Metaspace: 22400K(22848K)->22400K(22848K) NonClass: 19871K(20096K)->19871K(20096K) Class: 2529K(2752K)->2529K(2752K)
[51.723s][info][gc          ] GC(27) Pause Full (System.gc()) 770M->770M(5939M) 1662.237ms
[53.385s][info][gc,metaspace] GC(28) Metaspace: 22400K(22848K)->22400K(22848K) NonClass: 19871K(20096K)->19871K(20096K) Class: 2529K(2752K)->2529K(2752K)
[53.385s][info][gc          ] GC(28) Pause Full (System.gc()) 770M->770M(5939M) 1662.516ms
[55.001s][info][gc,metaspace] GC(29) Metaspace: 22400K(22848K)->22400K(22848K) NonClass: 19871K(20096K)->19871K(20096K) Class: 2529K(2752K)->2529K(2752K)
[55.001s][info][gc          ] GC(29) Pause Full (System.gc()) 770M->770M(5939M) 1615.439ms
[56.663s][info][gc,metaspace] GC(30) Metaspace: 22400K(22848K)->22400K(22848K) NonClass: 19871K(20096K)->19871K(20096K) Class: 2529K(2752K)->2529K(2752K)
[56.663s][info][gc          ] GC(30) Pause Full (System.gc()) 770M->770M(5939M) 1661.799ms
[58.329s][info][gc,metaspace] GC(31) Metaspace: 22400K(22848K)->22400K(22848K) NonClass: 19871K(20096K)->19871K(20096K) Class: 2529K(2752K)->2529K(2752K)
[58.329s][info][gc          ] GC(31) Pause Full (System.gc()) 770M->770M(5939M) 1666.204ms
[59.944s][info][gc,metaspace] GC(32) Metaspace: 22400K(22848K)->22400K(22848K) NonClass: 19871K(20096K)->19871K(20096K) Class: 2529K(2752K)->2529K(2752K)
[59.944s][info][gc          ] GC(32) Pause Full (System.gc()) 770M->770M(5939M) 1614.632ms
[61.606s][info][gc,metaspace] GC(33) Metaspace: 22400K(22848K)->22400K(22848K) NonClass: 19871K(20096K)->19871K(20096K) Class: 2529K(2752K)->2529K(2752K)
[61.606s][info][gc          ] GC(33) Pause Full (System.gc()) 770M->770M(5939M) 1662.308ms
[63.268s][info][gc,metaspace] GC(34) Metaspace: 22400K(22848K)->22400K(22848K) NonClass: 19871K(20096K)->19871K(20096K) Class: 2529K(2752K)->2529K(2752K)
[63.268s][info][gc          ] GC(34) Pause Full (System.gc()) 770M->770M(5939M) 1662.093ms
[65.489s][info][gc,metaspace] GC(35) Metaspace: 22400K(22848K)->22400K(22848K) NonClass: 19871K(20096K)->19871K(20096K) Class: 2529K(2752K)->2529K(2752K)
[65.489s][info][gc          ] GC(35) Pause Full (System.gc()) 770M->770M(5939M) 2220.140ms
[67.149s][info][gc,metaspace] GC(36) Metaspace: 22400K(22848K)->22400K(22848K) NonClass: 19871K(20096K)->19871K(20096K) Class: 2529K(2752K)->2529K(2752K)
[67.149s][info][gc          ] GC(36) Pause Full (System.gc()) 787M->770M(5939M) 1660.548ms
[69.210s][info][gc,metaspace] GC(37) Metaspace: 22400K(22848K)->22400K(22848K) NonClass: 19871K(20096K)->19871K(20096K) Class: 2529K(2752K)->2529K(2752K)
[69.210s][info][gc          ] GC(37) Pause Full (System.gc()) 770M->770M(5939M) 2060.324ms
[70.820s][info][gc,metaspace] GC(38) Metaspace: 22400K(22848K)->22400K(22848K) NonClass: 19871K(20096K)->19871K(20096K) Class: 2529K(2752K)->2529K(2752K)
[70.820s][info][gc          ] GC(38) Pause Full (System.gc()) 770M->770M(5939M) 1610.043ms
[72.487s][info][gc,metaspace] GC(39) Metaspace: 22400K(22848K)->22400K(22848K) NonClass: 19871K(20096K)->19871K(20096K) Class: 2529K(2752K)->2529K(2752K)
[72.487s][info][gc          ] GC(39) Pause Full (System.gc()) 770M->770M(5939M) 1666.760ms
[74.152s][info][gc,metaspace] GC(40) Metaspace: 22400K(22848K)->22400K(22848K) NonClass: 19871K(20096K)->19871K(20096K) Class: 2529K(2752K)->2529K(2752K)
[74.152s][info][gc          ] GC(40) Pause Full (System.gc()) 770M->770M(5939M) 1665.399ms
[75.765s][info][gc,metaspace] GC(41) Metaspace: 22400K(22848K)->22400K(22848K) NonClass: 19871K(20096K)->19871K(20096K) Class: 2529K(2752K)->2529K(2752K)
[75.765s][info][gc          ] GC(41) Pause Full (System.gc()) 770M->770M(5939M) 1612.755ms
[77.425s][info][gc,metaspace] GC(42) Metaspace: 22400K(22848K)->22400K(22848K) NonClass: 19871K(20096K)->19871K(20096K) Class: 2529K(2752K)->2529K(2752K)
[77.425s][info][gc          ] GC(42) Pause Full (System.gc()) 770M->770M(5939M) 1659.903ms
[79.039s][info][gc,metaspace] GC(43) Metaspace: 22400K(22848K)->22400K(22848K) NonClass: 19871K(20096K)->19871K(20096K) Class: 2529K(2752K)->2529K(2752K)
[79.039s][info][gc          ] GC(43) Pause Full (System.gc()) 770M->770M(5939M) 1613.306ms
[80.699s][info][gc,metaspace] GC(44) Metaspace: 22400K(22848K)->22400K(22848K) NonClass: 19871K(20096K)->19871K(20096K) Class: 2529K(2752K)->2529K(2752K)
[80.699s][info][gc          ] GC(44) Pause Full (System.gc()) 770M->770M(5939M) 1660.133ms
[82.364s][info][gc,metaspace] GC(45) Metaspace: 22400K(22848K)->22400K(22848K) NonClass: 19871K(20096K)->19871K(20096K) Class: 2529K(2752K)->2529K(2752K)
[82.364s][info][gc          ] GC(45) Pause Full (System.gc()) 770M->770M(5939M) 1665.141ms
[83.973s][info][gc,metaspace] GC(46) Metaspace: 22400K(22848K)->22400K(22848K) NonClass: 19871K(20096K)->19871K(20096K) Class: 2529K(2752K)->2529K(2752K)
[83.973s][info][gc          ] GC(46) Pause Full (System.gc()) 770M->770M(5939M) 1608.836ms
[85.641s][info][gc,metaspace] GC(47) Metaspace: 22400K(22848K)->22400K(22848K) NonClass: 19871K(20096K)->19871K(20096K) Class: 2529K(2752K)->2529K(2752K)
[85.641s][info][gc          ] GC(47) Pause Full (System.gc()) 770M->770M(5939M) 1667.411ms
[87.300s][info][gc,metaspace] GC(48) Metaspace: 22400K(22848K)->22400K(22848K) NonClass: 19871K(20096K)->19871K(20096K) Class: 2529K(2752K)->2529K(2752K)
[87.300s][info][gc          ] GC(48) Pause Full (System.gc()) 770M->770M(5939M) 1658.946ms
[88.913s][info][gc,metaspace] GC(49) Metaspace: 22400K(22848K)->22400K(22848K) NonClass: 19871K(20096K)->19871K(20096K) Class: 2529K(2752K)->2529K(2752K)
[88.913s][info][gc          ] GC(49) Pause Full (System.gc()) 770M->770M(5939M) 1613.111ms
[90.572s][info][gc,metaspace] GC(50) Metaspace: 22400K(22848K)->22400K(22848K) NonClass: 19871K(20096K)->19871K(20096K) Class: 2529K(2752K)->2529K(2752K)
[90.572s][info][gc          ] GC(50) Pause Full (System.gc()) 770M->770M(5939M) 1659.284ms
[92.236s][info][gc,metaspace] GC(51) Metaspace: 22400K(22848K)->22400K(22848K) NonClass: 19871K(20096K)->19871K(20096K) Class: 2529K(2752K)->2529K(2752K)
[92.236s][info][gc          ] GC(51) Pause Full (System.gc()) 770M->770M(5939M) 1663.971ms
[93.846s][info][gc,metaspace] GC(52) Metaspace: 22400K(22848K)->22400K(22848K) NonClass: 19871K(20096K)->19871K(20096K) Class: 2529K(2752K)->2529K(2752K)
[93.846s][info][gc          ] GC(52) Pause Full (System.gc()) 770M->770M(5939M) 1609.212ms
[95.510s][info][gc,metaspace] GC(53) Metaspace: 22400K(22848K)->22400K(22848K) NonClass: 19871K(20096K)->19871K(20096K) Class: 2529K(2752K)->2529K(2752K)
[95.510s][info][gc          ] GC(53) Pause Full (System.gc()) 770M->770M(5939M) 1664.378ms
[97.171s][info][gc,metaspace] GC(54) Metaspace: 22400K(22848K)->22400K(22848K) NonClass: 19871K(20096K)->19871K(20096K) Class: 2529K(2752K)->2529K(2752K)
[97.171s][info][gc          ] GC(54) Pause Full (System.gc()) 770M->770M(5939M) 1660.932ms
[98.784s][info][gc,metaspace] GC(55) Metaspace: 22400K(22848K)->22400K(22848K) NonClass: 19871K(20096K)->19871K(20096K) Class: 2529K(2752K)->2529K(2752K)
[98.785s][info][gc          ] GC(55) Pause Full (System.gc()) 770M->770M(5939M) 1613.301ms
[100.441s][info][gc,metaspace] GC(56) Metaspace: 22400K(22848K)->22400K(22848K) NonClass: 19871K(20096K)->19871K(20096K) Class: 2529K(2752K)->2529K(2752K)
[100.441s][info][gc          ] GC(56) Pause Full (System.gc()) 770M->770M(5939M) 1656.159ms
[102.053s][info][gc,metaspace] GC(57) Metaspace: 22400K(22848K)->22400K(22848K) NonClass: 19871K(20096K)->19871K(20096K) Class: 2529K(2752K)->2529K(2752K)
[102.054s][info][gc          ] GC(57) Pause Full (System.gc()) 770M->770M(5939M) 1612.667ms
[103.714s][info][gc,metaspace] GC(58) Metaspace: 22400K(22848K)->22400K(22848K) NonClass: 19871K(20096K)->19871K(20096K) Class: 2529K(2752K)->2529K(2752K)
[103.714s][info][gc          ] GC(58) Pause Full (System.gc()) 770M->770M(5939M) 1660.488ms
[105.378s][info][gc,metaspace] GC(59) Metaspace: 22400K(22848K)->22400K(22848K) NonClass: 19871K(20096K)->19871K(20096K) Class: 2529K(2752K)->2529K(2752K)
[105.378s][info][gc          ] GC(59) Pause Full (System.gc()) 770M->770M(5939M) 1663.492ms
[106.987s][info][gc,metaspace] GC(60) Metaspace: 22400K(22848K)->22400K(22848K) NonClass: 19871K(20096K)->19871K(20096K) Class: 2529K(2752K)->2529K(2752K)
[106.987s][info][gc          ] GC(60) Pause Full (System.gc()) 770M->770M(5939M) 1609.315ms
[108.651s][info][gc,metaspace] GC(61) Metaspace: 22400K(22848K)->22400K(22848K) NonClass: 19871K(20096K)->19871K(20096K) Class: 2529K(2752K)->2529K(2752K)
[108.651s][info][gc          ] GC(61) Pause Full (System.gc()) 770M->770M(5939M) 1664.209ms
[110.312s][info][gc,metaspace] GC(62) Metaspace: 22400K(22848K)->22400K(22848K) NonClass: 19871K(20096K)->19871K(20096K) Class: 2529K(2752K)->2529K(2752K)
[110.312s][info][gc          ] GC(62) Pause Full (System.gc()) 770M->770M(5939M) 1660.517ms
[111.924s][info][gc,metaspace] GC(63) Metaspace: 22400K(22848K)->22400K(22848K) NonClass: 19871K(20096K)->19871K(20096K) Class: 2529K(2752K)->2529K(2752K)
[111.924s][info][gc          ] GC(63) Pause Full (System.gc()) 770M->770M(5939M) 1612.158ms
[113.584s][info][gc,metaspace] GC(64) Metaspace: 22400K(22848K)->22400K(22848K) NonClass: 19871K(20096K)->19871K(20096K) Class: 2529K(2752K)->2529K(2752K)
[113.584s][info][gc          ] GC(64) Pause Full (System.gc()) 770M->770M(5939M) 1659.615ms
[115.249s][info][gc,metaspace] GC(65) Metaspace: 22400K(22848K)->22400K(22848K) NonClass: 19871K(20096K)->19871K(20096K) Class: 2529K(2752K)->2529K(2752K)
[115.249s][info][gc          ] GC(65) Pause Full (System.gc()) 770M->770M(5939M) 1664.405ms
[116.857s][info][gc,metaspace] GC(66) Metaspace: 22400K(22848K)->22400K(22848K) NonClass: 19871K(20096K)->19871K(20096K) Class: 2529K(2752K)->2529K(2752K)
[116.857s][info][gc          ] GC(66) Pause Full (System.gc()) 770M->770M(5939M) 1608.360ms
[118.521s][info][gc,metaspace] GC(67) Metaspace: 22400K(22848K)->22400K(22848K) NonClass: 19871K(20096K)->19871K(20096K) Class: 2529K(2752K)->2529K(2752K)
[118.521s][info][gc          ] GC(67) Pause Full (System.gc()) 770M->770M(5939M) 1663.542ms
[120.181s][info][gc,metaspace] GC(68) Metaspace: 22400K(22848K)->22400K(22848K) NonClass: 19871K(20096K)->19871K(20096K) Class: 2529K(2752K)->2529K(2752K)
[120.181s][info][gc          ] GC(68) Pause Full (System.gc()) 770M->770M(5939M) 1660.378ms
[121.794s][info][gc,metaspace] GC(69) Metaspace: 22400K(22848K)->22400K(22848K) NonClass: 19871K(20096K)->19871K(20096K) Class: 2529K(2752K)->2529K(2752K)
[121.794s][info][gc          ] GC(69) Pause Full (System.gc()) 770M->770M(5939M) 1612.691ms
[123.454s][info][gc,metaspace] GC(70) Metaspace: 22400K(22848K)->22400K(22848K) NonClass: 19871K(20096K)->19871K(20096K) Class: 2529K(2752K)->2529K(2752K)
[123.454s][info][gc          ] GC(70) Pause Full (System.gc()) 770M->770M(5939M) 1659.746ms
[125.066s][info][gc,metaspace] GC(71) Metaspace: 22400K(22848K)->22400K(22848K) NonClass: 19871K(20096K)->19871K(20096K) Class: 2529K(2752K)->2529K(2752K)
[125.067s][info][gc          ] GC(71) Pause Full (System.gc()) 770M->770M(5939M) 1612.540ms
[126.726s][info][gc,metaspace] GC(72) Metaspace: 22400K(22848K)->22400K(22848K) NonClass: 19871K(20096K)->19871K(20096K) Class: 2529K(2752K)->2529K(2752K)
[126.726s][info][gc          ] GC(72) Pause Full (System.gc()) 770M->770M(5939M) 1659.741ms
[128.467s][info][gc,metaspace] GC(73) Metaspace: 22400K(22848K)->22400K(22848K) NonClass: 19871K(20096K)->19871K(20096K) Class: 2529K(2752K)->2529K(2752K)
[128.467s][info][gc          ] GC(73) Pause Full (System.gc()) 770M->770M(5939M) 1740.334ms
[130.076s][info][gc,metaspace] GC(74) Metaspace: 22400K(22848K)->22400K(22848K) NonClass: 19871K(20096K)->19871K(20096K) Class: 2529K(2752K)->2529K(2752K)
[130.076s][info][gc          ] GC(74) Pause Full (System.gc()) 787M->770M(5939M) 1608.891ms
[131.740s][info][gc,metaspace] GC(75) Metaspace: 22400K(22848K)->22400K(22848K) NonClass: 19871K(20096K)->19871K(20096K) Class: 2529K(2752K)->2529K(2752K)
[131.740s][info][gc          ] GC(75) Pause Full (System.gc()) 770M->770M(5939M) 1663.916ms
[133.400s][info][gc,metaspace] GC(76) Metaspace: 22400K(22848K)->22400K(22848K) NonClass: 19871K(20096K)->19871K(20096K) Class: 2529K(2752K)->2529K(2752K)
[133.400s][info][gc          ] GC(76) Pause Full (System.gc()) 770M->770M(5939M) 1660.335ms
[135.013s][info][gc,metaspace] GC(77) Metaspace: 22400K(22848K)->22400K(22848K) NonClass: 19871K(20096K)->19871K(20096K) Class: 2529K(2752K)->2529K(2752K)
[135.013s][info][gc          ] GC(77) Pause Full (System.gc()) 770M->770M(5939M) 1612.419ms
[136.673s][info][gc,metaspace] GC(78) Metaspace: 22400K(22848K)->22400K(22848K) NonClass: 19871K(20096K)->19871K(20096K) Class: 2529K(2752K)->2529K(2752K)
[136.673s][info][gc          ] GC(78) Pause Full (System.gc()) 770M->770M(5939M) 1659.998ms
[138.338s][info][gc,metaspace] GC(79) Metaspace: 22400K(22848K)->22400K(22848K) NonClass: 19871K(20096K)->19871K(20096K) Class: 2529K(2752K)->2529K(2752K)
[138.338s][info][gc          ] GC(79) Pause Full (System.gc()) 770M->770M(5939M) 1664.487ms
[139.946s][info][gc,metaspace] GC(80) Metaspace: 22400K(22848K)->22400K(22848K) NonClass: 19871K(20096K)->19871K(20096K) Class: 2529K(2752K)->2529K(2752K)
[139.946s][info][gc          ] GC(80) Pause Full (System.gc()) 770M->770M(5939M) 1608.755ms
[141.610s][info][gc,metaspace] GC(81) Metaspace: 22400K(22848K)->22400K(22848K) NonClass: 19871K(20096K)->19871K(20096K) Class: 2529K(2752K)->2529K(2752K)
[141.610s][info][gc          ] GC(81) Pause Full (System.gc()) 770M->770M(5939M) 1663.572ms
[143.270s][info][gc,metaspace] GC(82) Metaspace: 22400K(22848K)->22400K(22848K) NonClass: 19871K(20096K)->19871K(20096K) Class: 2529K(2752K)->2529K(2752K)
[143.270s][info][gc          ] GC(82) Pause Full (System.gc()) 770M->770M(5939M) 1659.659ms
[144.883s][info][gc,metaspace] GC(83) Metaspace: 22400K(22848K)->22400K(22848K) NonClass: 19871K(20096K)->19871K(20096K) Class: 2529K(2752K)->2529K(2752K)
[144.883s][info][gc          ] GC(83) Pause Full (System.gc()) 770M->770M(5939M) 1612.815ms
[146.543s][info][gc,metaspace] GC(84) Metaspace: 22400K(22848K)->22400K(22848K) NonClass: 19871K(20096K)->19871K(20096K) Class: 2529K(2752K)->2529K(2752K)
[146.543s][info][gc          ] GC(84) Pause Full (System.gc()) 770M->770M(5939M) 1659.788ms
[148.207s][info][gc,metaspace] GC(85) Metaspace: 22400K(22848K)->22400K(22848K) NonClass: 19871K(20096K)->19871K(20096K) Class: 2529K(2752K)->2529K(2752K)
[148.207s][info][gc          ] GC(85) Pause Full (System.gc()) 770M->770M(5939M) 1664.159ms
[149.815s][info][gc,metaspace] GC(86) Metaspace: 22400K(22848K)->22400K(22848K) NonClass: 19871K(20096K)->19871K(20096K) Class: 2529K(2752K)->2529K(2752K)
[149.815s][info][gc          ] GC(86) Pause Full (System.gc()) 770M->770M(5939M) 1607.594ms
[151.481s][info][gc,metaspace] GC(87) Metaspace: 22400K(22848K)->22400K(22848K) NonClass: 19871K(20096K)->19871K(20096K) Class: 2529K(2752K)->2529K(2752K)
[151.481s][info][gc          ] GC(87) Pause Full (System.gc()) 770M->770M(5939M) 1666.032ms
[153.089s][info][gc,metaspace] GC(88) Metaspace: 22400K(22848K)->22400K(22848K) NonClass: 19871K(20096K)->19871K(20096K) Class: 2529K(2752K)->2529K(2752K)
[153.089s][info][gc          ] GC(88) Pause Full (System.gc()) 770M->770M(5939M) 1608.375ms
[154.755s][info][gc,metaspace] GC(89) Metaspace: 22400K(22848K)->22400K(22848K) NonClass: 19871K(20096K)->19871K(20096K) Class: 2529K(2752K)->2529K(2752K)
[154.755s][info][gc          ] GC(89) Pause Full (System.gc()) 770M->770M(5939M) 1666.084ms
[156.415s][info][gc,metaspace] GC(90) Metaspace: 22400K(22848K)->22400K(22848K) NonClass: 19871K(20096K)->19871K(20096K) Class: 2529K(2752K)->2529K(2752K)
[156.415s][info][gc          ] GC(90) Pause Full (System.gc()) 770M->770M(5939M) 1659.875ms
[158.028s][info][gc,metaspace] GC(91) Metaspace: 22400K(22848K)->22400K(22848K) NonClass: 19871K(20096K)->19871K(20096K) Class: 2529K(2752K)->2529K(2752K)
[158.028s][info][gc          ] GC(91) Pause Full (System.gc()) 770M->770M(5939M) 1612.380ms
[159.687s][info][gc,metaspace] GC(92) Metaspace: 22400K(22848K)->22400K(22848K) NonClass: 19871K(20096K)->19871K(20096K) Class: 2529K(2752K)->2529K(2752K)
[159.687s][info][gc          ] GC(92) Pause Full (System.gc()) 770M->770M(5939M) 1659.421ms
[161.352s][info][gc,metaspace] GC(93) Metaspace: 22400K(22848K)->22400K(22848K) NonClass: 19871K(20096K)->19871K(20096K) Class: 2529K(2752K)->2529K(2752K)
[161.352s][info][gc          ] GC(93) Pause Full (System.gc()) 770M->770M(5939M) 1664.147ms
[162.961s][info][gc,metaspace] GC(94) Metaspace: 22400K(22848K)->22400K(22848K) NonClass: 19871K(20096K)->19871K(20096K) Class: 2529K(2752K)->2529K(2752K)
[162.961s][info][gc          ] GC(94) Pause Full (System.gc()) 770M->770M(5939M) 1608.978ms
[164.625s][info][gc,metaspace] GC(95) Metaspace: 22400K(22848K)->22400K(22848K) NonClass: 19871K(20096K)->19871K(20096K) Class: 2529K(2752K)->2529K(2752K)
[164.625s][info][gc          ] GC(95) Pause Full (System.gc()) 770M->770M(5939M) 1663.917ms
[166.286s][info][gc,metaspace] GC(96) Metaspace: 22400K(22848K)->22400K(22848K) NonClass: 19871K(20096K)->19871K(20096K) Class: 2529K(2752K)->2529K(2752K)
[166.286s][info][gc          ] GC(96) Pause Full (System.gc()) 770M->770M(5939M) 1661.071ms
[167.900s][info][gc,metaspace] GC(97) Metaspace: 22400K(22848K)->22400K(22848K) NonClass: 19871K(20096K)->19871K(20096K) Class: 2529K(2752K)->2529K(2752K)
[167.900s][info][gc          ] GC(97) Pause Full (System.gc()) 770M->770M(5939M) 1614.196ms
[169.560s][info][gc,metaspace] GC(98) Metaspace: 22400K(22848K)->22400K(22848K) NonClass: 19871K(20096K)->19871K(20096K) Class: 2529K(2752K)->2529K(2752K)
[169.560s][info][gc          ] GC(98) Pause Full (System.gc()) 770M->770M(5939M) 1659.842ms
[171.225s][info][gc,metaspace] GC(99) Metaspace: 22400K(22848K)->22400K(22848K) NonClass: 19871K(20096K)->19871K(20096K) Class: 2529K(2752K)->2529K(2752K)
[171.225s][info][gc          ] GC(99) Pause Full (System.gc()) 770M->770M(5939M) 1665.010ms
[172.835s][info][gc,metaspace] GC(100) Metaspace: 22400K(22848K)->22400K(22848K) NonClass: 19871K(20096K)->19871K(20096K) Class: 2529K(2752K)->2529K(2752K)
[172.835s][info][gc          ] GC(100) Pause Full (System.gc()) 770M->770M(5939M) 1609.935ms
After GCs... 
