Done; will start GCs... 
[25.973s][info][gc,metaspace] GC(17) Metaspace: 30738K(34432K)->30738K(34432K) NonClass: 25332K(26944K)->25332K(26944K) Class: 5406K(7488K)->5406K(7488K)
[25.973s][info][gc          ] GC(17) Pause Full (System.gc()) 1827M->1806M(5632M) 769.078ms
[26.696s][info][gc,metaspace] GC(18) Metaspace: 30738K(34432K)->30738K(34432K) NonClass: 25332K(26944K)->25332K(26944K) Class: 5406K(7488K)->5406K(7488K)
[26.696s][info][gc          ] GC(18) Pause Full (System.gc()) 1806M->1806M(5632M) 722.332ms
[27.445s][info][gc,metaspace] GC(19) Metaspace: 30738K(34432K)->30738K(34432K) NonClass: 25332K(26944K)->25332K(26944K) Class: 5406K(7488K)->5406K(7488K)
[27.445s][info][gc          ] GC(19) Pause Full (System.gc()) 1806M->1806M(5632M) 748.890ms
[28.171s][info][gc,metaspace] GC(20) Metaspace: 30738K(34432K)->30738K(34432K) NonClass: 25332K(26944K)->25332K(26944K) Class: 5406K(7488K)->5406K(7488K)
[28.171s][info][gc          ] GC(20) Pause Full (System.gc()) 1806M->1806M(5632M) 725.720ms
[28.950s][info][gc,metaspace] GC(21) Metaspace: 30738K(34432K)->30738K(34432K) NonClass: 25332K(26944K)->25332K(26944K) Class: 5406K(7488K)->5406K(7488K)
[28.950s][info][gc          ] GC(21) Pause Full (System.gc()) 1806M->1806M(5632M) 778.927ms
[29.696s][info][gc,metaspace] GC(22) Metaspace: 30738K(34432K)->30738K(34432K) NonClass: 25332K(26944K)->25332K(26944K) Class: 5406K(7488K)->5406K(7488K)
[29.696s][info][gc          ] GC(22) Pause Full (System.gc()) 1806M->1806M(5632M) 746.478ms
[30.452s][info][gc,metaspace] GC(23) Metaspace: 30738K(34432K)->30738K(34432K) NonClass: 25332K(26944K)->25332K(26944K) Class: 5406K(7488K)->5406K(7488K)
[30.452s][info][gc          ] GC(23) Pause Full (System.gc()) 1806M->1806M(5632M) 755.354ms
[31.163s][info][gc,metaspace] GC(24) Metaspace: 30738K(34432K)->30738K(34432K) NonClass: 25332K(26944K)->25332K(26944K) Class: 5406K(7488K)->5406K(7488K)
[31.164s][info][gc          ] GC(24) Pause Full (System.gc()) 1806M->1806M(5632M) 711.842ms
[31.908s][info][gc,metaspace] GC(25) Metaspace: 30738K(34432K)->30738K(34432K) NonClass: 25332K(26944K)->25332K(26944K) Class: 5406K(7488K)->5406K(7488K)
[31.908s][info][gc          ] GC(25) Pause Full (System.gc()) 1806M->1806M(5632M) 744.270ms
[32.657s][info][gc,metaspace] GC(26) Metaspace: 30738K(34432K)->30738K(34432K) NonClass: 25332K(26944K)->25332K(26944K) Class: 5406K(7488K)->5406K(7488K)
[32.657s][info][gc          ] GC(26) Pause Full (System.gc()) 1806M->1806M(5632M) 749.009ms
After GCs... 
