Done; will start GCs... 
[26.342s][info][gc,metaspace] GC(16) Metaspace: 31185K(34880K)->31185K(34880K) NonClass: 23159K(24768K)->23159K(24768K) Class: 8025K(10112K)->8025K(10112K)
[26.342s][info][gc          ] GC(16) Pause Full (System.gc()) 1613M->1593M(5636M) 702.963ms
[27.020s][info][gc,metaspace] GC(17) Metaspace: 31185K(34880K)->31185K(34880K) NonClass: 23159K(24768K)->23159K(24768K) Class: 8025K(10112K)->8025K(10112K)
[27.020s][info][gc          ] GC(17) Pause Full (System.gc()) 1593M->1593M(5636M) 678.423ms
[27.755s][info][gc,metaspace] GC(18) Metaspace: 31185K(34880K)->31185K(34880K) NonClass: 23159K(24768K)->23159K(24768K) Class: 8025K(10112K)->8025K(10112K)
[27.755s][info][gc          ] GC(18) Pause Full (System.gc()) 1593M->1593M(5636M) 734.287ms
[28.448s][info][gc,metaspace] GC(19) Metaspace: 31185K(34880K)->31185K(34880K) NonClass: 23159K(24768K)->23159K(24768K) Class: 8025K(10112K)->8025K(10112K)
[28.449s][info][gc          ] GC(19) Pause Full (System.gc()) 1593M->1593M(5636M) 693.585ms
[29.175s][info][gc,metaspace] GC(20) Metaspace: 31185K(34880K)->31185K(34880K) NonClass: 23159K(24768K)->23159K(24768K) Class: 8025K(10112K)->8025K(10112K)
[29.175s][info][gc          ] GC(20) Pause Full (System.gc()) 1593M->1593M(5636M) 726.065ms
[29.848s][info][gc,metaspace] GC(21) Metaspace: 31185K(34880K)->31185K(34880K) NonClass: 23159K(24768K)->23159K(24768K) Class: 8025K(10112K)->8025K(10112K)
[29.848s][info][gc          ] GC(21) Pause Full (System.gc()) 1593M->1593M(5636M) 673.532ms
[30.568s][info][gc,metaspace] GC(22) Metaspace: 31185K(34880K)->31185K(34880K) NonClass: 23159K(24768K)->23159K(24768K) Class: 8025K(10112K)->8025K(10112K)
[30.568s][info][gc          ] GC(22) Pause Full (System.gc()) 1593M->1593M(5636M) 719.412ms
[31.275s][info][gc,metaspace] GC(23) Metaspace: 31185K(34880K)->31185K(34880K) NonClass: 23159K(24768K)->23159K(24768K) Class: 8025K(10112K)->8025K(10112K)
[31.275s][info][gc          ] GC(23) Pause Full (System.gc()) 1593M->1593M(5636M) 706.820ms
[31.984s][info][gc,metaspace] GC(24) Metaspace: 31185K(34880K)->31185K(34880K) NonClass: 23159K(24768K)->23159K(24768K) Class: 8025K(10112K)->8025K(10112K)
[31.984s][info][gc          ] GC(24) Pause Full (System.gc()) 1593M->1593M(5636M) 705.155ms
[32.670s][info][gc,metaspace] GC(25) Metaspace: 31185K(34880K)->31185K(34880K) NonClass: 23159K(24768K)->23159K(24768K) Class: 8025K(10112K)->8025K(10112K)
[32.670s][info][gc          ] GC(25) Pause Full (System.gc()) 1593M->1593M(5636M) 685.855ms
After GCs... 
