Done; will start GCs... 
[26.453s][info][gc,metaspace] GC(16) Metaspace: 31207K(34880K)->31207K(34880K) NonClass: 23180K(24768K)->23180K(24768K) Class: 8026K(10112K)->8026K(10112K)
[26.453s][info][gc          ] GC(16) Pause Full (System.gc()) 1613M->1593M(5636M) 818.144ms
[27.260s][info][gc,metaspace] GC(17) Metaspace: 31207K(34880K)->31207K(34880K) NonClass: 23180K(24768K)->23180K(24768K) Class: 8026K(10112K)->8026K(10112K)
[27.260s][info][gc          ] GC(17) Pause Full (System.gc()) 1593M->1593M(5636M) 807.295ms
[28.035s][info][gc,metaspace] GC(18) Metaspace: 31207K(34880K)->31207K(34880K) NonClass: 23180K(24768K)->23180K(24768K) Class: 8026K(10112K)->8026K(10112K)
[28.035s][info][gc          ] GC(18) Pause Full (System.gc()) 1593M->1593M(5636M) 774.911ms
[28.905s][info][gc,metaspace] GC(19) Metaspace: 31207K(34880K)->31207K(34880K) NonClass: 23180K(24768K)->23180K(24768K) Class: 8026K(10112K)->8026K(10112K)
[28.905s][info][gc          ] GC(19) Pause Full (System.gc()) 1593M->1593M(5636M) 870.127ms
[29.707s][info][gc,metaspace] GC(20) Metaspace: 31207K(34880K)->31207K(34880K) NonClass: 23180K(24768K)->23180K(24768K) Class: 8026K(10112K)->8026K(10112K)
[29.707s][info][gc          ] GC(20) Pause Full (System.gc()) 1593M->1593M(5636M) 801.606ms
[30.540s][info][gc,metaspace] GC(21) Metaspace: 31207K(34880K)->31207K(34880K) NonClass: 23180K(24768K)->23180K(24768K) Class: 8026K(10112K)->8026K(10112K)
[30.540s][info][gc          ] GC(21) Pause Full (System.gc()) 1593M->1593M(5636M) 833.169ms
[31.333s][info][gc,metaspace] GC(22) Metaspace: 31207K(34880K)->31207K(34880K) NonClass: 23180K(24768K)->23180K(24768K) Class: 8026K(10112K)->8026K(10112K)
[31.333s][info][gc          ] GC(22) Pause Full (System.gc()) 1593M->1593M(5636M) 792.971ms
[32.176s][info][gc,metaspace] GC(23) Metaspace: 31207K(34880K)->31207K(34880K) NonClass: 23180K(24768K)->23180K(24768K) Class: 8026K(10112K)->8026K(10112K)
[32.176s][info][gc          ] GC(23) Pause Full (System.gc()) 1593M->1593M(5636M) 842.701ms
[32.981s][info][gc,metaspace] GC(24) Metaspace: 31207K(34880K)->31207K(34880K) NonClass: 23180K(24768K)->23180K(24768K) Class: 8026K(10112K)->8026K(10112K)
[32.981s][info][gc          ] GC(24) Pause Full (System.gc()) 1593M->1593M(5636M) 804.607ms
[33.776s][info][gc,metaspace] GC(25) Metaspace: 31207K(34880K)->31207K(34880K) NonClass: 23180K(24768K)->23180K(24768K) Class: 8026K(10112K)->8026K(10112K)
[33.776s][info][gc          ] GC(25) Pause Full (System.gc()) 1593M->1593M(5636M) 794.840ms
After GCs... 
