[0.002s][info][metaspace]  - commit_granule_bytes: 65536.
[0.002s][info][metaspace]  - commit_granule_words: 8192.
[0.002s][info][metaspace]  - virtual_space_node_default_size: 8388608.
[0.002s][info][metaspace]  - enlarge_chunks_in_place: 1.
[0.002s][info][metaspace]  - use_allocation_guard: 0.
[0.010s][info][gc       ] Using Serial
[2.782s][info][metaspace] Reserving compressed class space anywhere
[2.782s][info][gc,metaspace] CDS archive(s) not mapped
[2.782s][info][gc,metaspace] Compressed class space mapped at: 0x0000000029000000-0x00000000e9000000, reserved size: 3221225472
[2.782s][info][gc,metaspace] UseCompressedClassPointers 1, UseCompactObjectHeaders 1, narrow klass pointer bits 22, max shift 10
[2.782s][info][gc,metaspace] Narrow klass base: 0x0000000029000000, Narrow klass shift: 10, Narrow klass range: 0xc0000000
Random Seed: 12345678
Num Classes: 16
Num Objects: 67108864
Percent IK Objects: 83.0%)
Percent OAK Objects: 5.0%)
Percent TAK Objects: 12.0%)
Wired up: false
Cycles: 10
Loading 16 pre-generated classes ...
Materialize pre-generated constructors ...
Creating objects...
[2.980s][info][gc,metaspace] GC(0) Metaspace: 11147K(11456K)->11147K(11456K) NonClass: 9357K(9536K)->9357K(9536K) Class: 1790K(1920K)->1790K(1920K)
[2.980s][info][gc          ] GC(0) Pause Full (System.gc()) 131M->1M(5939M) 9.271ms
[3.930s][info][gc,metaspace] GC(1) Metaspace: 11210K(11520K)->11210K(11520K) NonClass: 9410K(9600K)->9410K(9600K) Class: 1799K(1920K)->1799K(1920K)
[3.930s][info][gc          ] GC(1) Pause Young (Allocation Failure) 1639M->389M(5939M) 261.472ms
[5.004s][info][gc,metaspace] GC(2) Metaspace: 11210K(11520K)->11210K(11520K) NonClass: 9410K(9600K)->9410K(9600K) Class: 1799K(1920K)->1799K(1920K)
[5.004s][info][gc          ] GC(2) Pause Young (Allocation Failure) 2028M->546M(5939M) 457.566ms
[6.091s][info][gc,metaspace] GC(3) Metaspace: 11210K(11520K)->11210K(11520K) NonClass: 9410K(9600K)->9410K(9600K) Class: 1799K(1920K)->1799K(1920K)
[6.091s][info][gc          ] GC(3) Pause Young (Allocation Failure) 2185M->697M(5939M) 482.699ms
[7.170s][info][gc,metaspace] GC(4) Metaspace: 11210K(11520K)->11210K(11520K) NonClass: 9410K(9600K)->9410K(9600K) Class: 1799K(1920K)->1799K(1920K)
[7.170s][info][gc          ] GC(4) Pause Young (Allocation Failure) 2335M->847M(5939M) 473.794ms
[8.247s][info][gc,metaspace] GC(5) Metaspace: 11210K(11520K)->11210K(11520K) NonClass: 9410K(9600K)->9410K(9600K) Class: 1799K(1920K)->1799K(1920K)
[8.247s][info][gc          ] GC(5) Pause Young (Allocation Failure) 2486M->998M(5939M) 473.930ms
[9.324s][info][gc,metaspace] GC(6) Metaspace: 11210K(11520K)->11210K(11520K) NonClass: 9410K(9600K)->9410K(9600K) Class: 1799K(1920K)->1799K(1920K)
[9.324s][info][gc          ] GC(6) Pause Young (Allocation Failure) 2637M->1149M(5939M) 473.931ms
[10.401s][info][gc,metaspace] GC(7) Metaspace: 11210K(11520K)->11210K(11520K) NonClass: 9410K(9600K)->9410K(9600K) Class: 1799K(1920K)->1799K(1920K)
[10.401s][info][gc          ] GC(7) Pause Young (Allocation Failure) 2787M->1299M(5939M) 473.893ms
67108864 Objects created
 - IK: 55699211 (82.99829%)
 - OAK: 3355627 (5.0002737%)
 - TAK: 8054026 (12.001434%)
Preparatory GC...
[14.196s][info][gc,metaspace] GC(8) Metaspace: 11210K(11520K)->11210K(11520K) NonClass: 9410K(9600K)->9410K(9600K) Class: 1799K(1920K)->1799K(1920K)
[14.196s][info][gc          ] GC(8) Pause Full (System.gc()) 2901M->1444M(5939M) 3215.074ms
[16.796s][info][gc,metaspace] GC(9) Metaspace: 11210K(11520K)->11210K(11520K) NonClass: 9410K(9600K)->9410K(9600K) Class: 1799K(1920K)->1799K(1920K)
[16.796s][info][gc          ] GC(9) Pause Full (System.gc()) 1444M->1444M(5939M) 2600.471ms
Done; will start GCs... 
[20.167s][info][gc,metaspace] GC(10) Metaspace: 11210K(11520K)->11210K(11520K) NonClass: 9410K(9600K)->9410K(9600K) Class: 1799K(1920K)->1799K(1920K)
[20.167s][info][gc          ] GC(10) Pause Full (System.gc()) 1476M->1444M(5939M) 3366.316ms
[23.253s][info][gc,metaspace] GC(11) Metaspace: 11210K(11520K)->11210K(11520K) NonClass: 9410K(9600K)->9410K(9600K) Class: 1799K(1920K)->1799K(1920K)
[23.253s][info][gc          ] GC(11) Pause Full (System.gc()) 1444M->1444M(5939M) 3085.502ms
[25.853s][info][gc,metaspace] GC(12) Metaspace: 11210K(11520K)->11210K(11520K) NonClass: 9410K(9600K)->9410K(9600K) Class: 1799K(1920K)->1799K(1920K)
[25.853s][info][gc          ] GC(12) Pause Full (System.gc()) 1444M->1444M(5939M) 2599.813ms
[28.452s][info][gc,metaspace] GC(13) Metaspace: 11210K(11520K)->11210K(11520K) NonClass: 9410K(9600K)->9410K(9600K) Class: 1799K(1920K)->1799K(1920K)
[28.452s][info][gc          ] GC(13) Pause Full (System.gc()) 1444M->1444M(5939M) 2599.279ms
[31.000s][info][gc,metaspace] GC(14) Metaspace: 11210K(11520K)->11210K(11520K) NonClass: 9410K(9600K)->9410K(9600K) Class: 1799K(1920K)->1799K(1920K)
[31.000s][info][gc          ] GC(14) Pause Full (System.gc()) 1444M->1444M(5939M) 2547.867ms
[33.600s][info][gc,metaspace] GC(15) Metaspace: 11210K(11520K)->11210K(11520K) NonClass: 9410K(9600K)->9410K(9600K) Class: 1799K(1920K)->1799K(1920K)
[33.600s][info][gc          ] GC(15) Pause Full (System.gc()) 1444M->1444M(5939M) 2599.962ms
[36.148s][info][gc,metaspace] GC(16) Metaspace: 11210K(11520K)->11210K(11520K) NonClass: 9410K(9600K)->9410K(9600K) Class: 1799K(1920K)->1799K(1920K)
[36.148s][info][gc          ] GC(16) Pause Full (System.gc()) 1444M->1444M(5939M) 2547.461ms
[38.747s][info][gc,metaspace] GC(17) Metaspace: 11210K(11520K)->11210K(11520K) NonClass: 9410K(9600K)->9410K(9600K) Class: 1799K(1920K)->1799K(1920K)
[38.747s][info][gc          ] GC(17) Pause Full (System.gc()) 1444M->1444M(5939M) 2598.792ms
[41.347s][info][gc,metaspace] GC(18) Metaspace: 11210K(11520K)->11210K(11520K) NonClass: 9410K(9600K)->9410K(9600K) Class: 1799K(1920K)->1799K(1920K)
[41.347s][info][gc          ] GC(18) Pause Full (System.gc()) 1444M->1444M(5939M) 2599.807ms
[43.899s][info][gc,metaspace] GC(19) Metaspace: 11210K(11520K)->11210K(11520K) NonClass: 9410K(9600K)->9410K(9600K) Class: 1799K(1920K)->1799K(1920K)
[43.899s][info][gc          ] GC(19) Pause Full (System.gc()) 1444M->1444M(5939M) 2552.036ms
After GCs... 
