[0.001s][info][metaspace]  - commit_granule_bytes: 65536.
[0.001s][info][metaspace]  - commit_granule_words: 8192.
[0.001s][info][metaspace]  - virtual_space_node_default_size: 8388608.
[0.001s][info][metaspace]  - enlarge_chunks_in_place: 1.
[0.001s][info][metaspace]  - use_allocation_guard: 0.
[0.006s][info][gc       ] Using Serial
[2.185s][info][metaspace] Reserving compressed class space anywhere
[2.185s][info][gc,metaspace] CDS archive(s) not mapped
[2.185s][info][gc,metaspace] Compressed class space mapped at: 0x0000000023000000-0x00000000e3000000, reserved size: 3221225472
[2.185s][info][gc,metaspace] UseCompressedClassPointers 1, UseCompactObjectHeaders 1, narrow klass pointer bits 22, max shift 10
[2.185s][info][gc,metaspace] Narrow klass base: 0x0000000023000000, Narrow klass shift: 10, Narrow klass range: 0xc0000000
Random Seed: 12345678
Num Classes: 16
Num Objects: 67108864
Percent IK Objects: 83.0%)
Percent OAK Objects: 5.0%)
Percent TAK Objects: 12.0%)
Wired up: false
Cycles: 10
Loading 16 pre-generated classes ...
Materialize pre-generated constructors ...
Creating objects...
[2.427s][info][gc,metaspace] GC(0) Metaspace: 11154K(11456K)->11154K(11456K) NonClass: 9363K(9536K)->9363K(9536K) Class: 1790K(1920K)->1790K(1920K)
[2.427s][info][gc          ] GC(0) Pause Full (System.gc()) 163M->1M(5939M) 8.932ms
[3.403s][info][gc,metaspace] GC(1) Metaspace: 11217K(11520K)->11217K(11520K) NonClass: 9416K(9600K)->9416K(9600K) Class: 1800K(1920K)->1800K(1920K)
[3.403s][info][gc          ] GC(1) Pause Young (Allocation Failure) 1639M->396M(5939M) 276.151ms
[4.538s][info][gc,metaspace] GC(2) Metaspace: 11217K(11520K)->11217K(11520K) NonClass: 9416K(9600K)->9416K(9600K) Class: 1800K(1920K)->1800K(1920K)
[4.538s][info][gc          ] GC(2) Pause Young (Allocation Failure) 2035M->552M(5939M) 464.920ms
[5.682s][info][gc,metaspace] GC(3) Metaspace: 11217K(11520K)->11217K(11520K) NonClass: 9416K(9600K)->9416K(9600K) Class: 1800K(1920K)->1800K(1920K)
[5.682s][info][gc          ] GC(3) Pause Young (Allocation Failure) 2191M->703M(5939M) 480.613ms
[6.819s][info][gc,metaspace] GC(4) Metaspace: 11217K(11520K)->11217K(11520K) NonClass: 9416K(9600K)->9416K(9600K) Class: 1800K(1920K)->1800K(1920K)
[6.819s][info][gc          ] GC(4) Pause Young (Allocation Failure) 2341M->854M(5939M) 473.388ms
[7.958s][info][gc,metaspace] GC(5) Metaspace: 11217K(11520K)->11217K(11520K) NonClass: 9416K(9600K)->9416K(9600K) Class: 1800K(1920K)->1800K(1920K)
[7.958s][info][gc          ] GC(5) Pause Young (Allocation Failure) 2492M->1004M(5939M) 474.311ms
[9.544s][info][gc,metaspace] GC(6) Metaspace: 11217K(11520K)->11217K(11520K) NonClass: 9416K(9600K)->9416K(9600K) Class: 1800K(1920K)->1800K(1920K)
[9.544s][info][gc          ] GC(6) Pause Young (Allocation Failure) 2643M->1155M(5939M) 922.033ms
[10.686s][info][gc,metaspace] GC(7) Metaspace: 11217K(11520K)->11217K(11520K) NonClass: 9416K(9600K)->9416K(9600K) Class: 1800K(1920K)->1800K(1920K)
[10.686s][info][gc          ] GC(7) Pause Young (Allocation Failure) 2793M->1305M(5939M) 474.422ms
67108864 Objects created
 - IK: 55699211 (82.99829%)
 - OAK: 3355627 (5.0002737%)
 - TAK: 8054026 (12.001434%)
Preparatory GC...
[14.532s][info][gc,metaspace] GC(8) Metaspace: 11217K(11520K)->11217K(11520K) NonClass: 9416K(9600K)->9416K(9600K) Class: 1800K(1920K)->1800K(1920K)
[14.532s][info][gc          ] GC(8) Pause Full (System.gc()) 2844M->1444M(5939M) 3235.868ms
[17.053s][info][gc,metaspace] GC(9) Metaspace: 11217K(11520K)->11217K(11520K) NonClass: 9416K(9600K)->9416K(9600K) Class: 1800K(1920K)->1800K(1920K)
[17.053s][info][gc          ] GC(9) Pause Full (System.gc()) 1444M->1444M(5939M) 2520.299ms
Done; will start GCs... 
[20.486s][info][gc,metaspace] GC(10) Metaspace: 11217K(11520K)->11217K(11520K) NonClass: 9416K(9600K)->9416K(9600K) Class: 1800K(1920K)->1800K(1920K)
[20.486s][info][gc          ] GC(10) Pause Full (System.gc()) 1476M->1444M(5939M) 3433.460ms
[23.003s][info][gc,metaspace] GC(11) Metaspace: 11217K(11520K)->11217K(11520K) NonClass: 9416K(9600K)->9416K(9600K) Class: 1800K(1920K)->1800K(1920K)
[23.003s][info][gc          ] GC(11) Pause Full (System.gc()) 1444M->1444M(5939M) 2515.919ms
[25.570s][info][gc,metaspace] GC(12) Metaspace: 11217K(11520K)->11217K(11520K) NonClass: 9416K(9600K)->9416K(9600K) Class: 1800K(1920K)->1800K(1920K)
[25.570s][info][gc          ] GC(12) Pause Full (System.gc()) 1444M->1444M(5939M) 2567.287ms
[28.085s][info][gc,metaspace] GC(13) Metaspace: 11217K(11520K)->11217K(11520K) NonClass: 9416K(9600K)->9416K(9600K) Class: 1800K(1920K)->1800K(1920K)
[28.085s][info][gc          ] GC(13) Pause Full (System.gc()) 1444M->1444M(5939M) 2515.261ms
[30.652s][info][gc,metaspace] GC(14) Metaspace: 11217K(11520K)->11217K(11520K) NonClass: 9416K(9600K)->9416K(9600K) Class: 1800K(1920K)->1800K(1920K)
[30.652s][info][gc          ] GC(14) Pause Full (System.gc()) 1444M->1444M(5939M) 2562.434ms
[33.172s][info][gc,metaspace] GC(15) Metaspace: 11217K(11520K)->11217K(11520K) NonClass: 9416K(9600K)->9416K(9600K) Class: 1800K(1920K)->1800K(1920K)
[33.172s][info][gc          ] GC(15) Pause Full (System.gc()) 1444M->1444M(5939M) 2520.018ms
[35.739s][info][gc,metaspace] GC(16) Metaspace: 11217K(11520K)->11217K(11520K) NonClass: 9416K(9600K)->9416K(9600K) Class: 1800K(1920K)->1800K(1920K)
[35.739s][info][gc          ] GC(16) Pause Full (System.gc()) 1444M->1444M(5939M) 2566.520ms
[38.254s][info][gc,metaspace] GC(17) Metaspace: 11217K(11520K)->11217K(11520K) NonClass: 9416K(9600K)->9416K(9600K) Class: 1800K(1920K)->1800K(1920K)
[38.254s][info][gc          ] GC(17) Pause Full (System.gc()) 1444M->1444M(5939M) 2515.055ms
[40.822s][info][gc,metaspace] GC(18) Metaspace: 11217K(11520K)->11217K(11520K) NonClass: 9416K(9600K)->9416K(9600K) Class: 1800K(1920K)->1800K(1920K)
[40.822s][info][gc          ] GC(18) Pause Full (System.gc()) 1444M->1444M(5939M) 2567.944ms
[43.390s][info][gc,metaspace] GC(19) Metaspace: 11217K(11520K)->11217K(11520K) NonClass: 9416K(9600K)->9416K(9600K) Class: 1800K(1920K)->1800K(1920K)
[43.390s][info][gc          ] GC(19) Pause Full (System.gc()) 1444M->1444M(5939M) 2563.165ms
After GCs... 
