Done; will start GCs... 
[20.167s][info][gc,metaspace] GC(10) Metaspace: 11210K(11520K)->11210K(11520K) NonClass: 9410K(9600K)->9410K(9600K) Class: 1799K(1920K)->1799K(1920K)
[20.167s][info][gc          ] GC(10) Pause Full (System.gc()) 1476M->1444M(5939M) 3366.316ms
[23.253s][info][gc,metaspace] GC(11) Metaspace: 11210K(11520K)->11210K(11520K) NonClass: 9410K(9600K)->9410K(9600K) Class: 1799K(1920K)->1799K(1920K)
[23.253s][info][gc          ] GC(11) Pause Full (System.gc()) 1444M->1444M(5939M) 3085.502ms
[25.853s][info][gc,metaspace] GC(12) Metaspace: 11210K(11520K)->11210K(11520K) NonClass: 9410K(9600K)->9410K(9600K) Class: 1799K(1920K)->1799K(1920K)
[25.853s][info][gc          ] GC(12) Pause Full (System.gc()) 1444M->1444M(5939M) 2599.813ms
[28.452s][info][gc,metaspace] GC(13) Metaspace: 11210K(11520K)->11210K(11520K) NonClass: 9410K(9600K)->9410K(9600K) Class: 1799K(1920K)->1799K(1920K)
[28.452s][info][gc          ] GC(13) Pause Full (System.gc()) 1444M->1444M(5939M) 2599.279ms
[31.000s][info][gc,metaspace] GC(14) Metaspace: 11210K(11520K)->11210K(11520K) NonClass: 9410K(9600K)->9410K(9600K) Class: 1799K(1920K)->1799K(1920K)
[31.000s][info][gc          ] GC(14) Pause Full (System.gc()) 1444M->1444M(5939M) 2547.867ms
[33.600s][info][gc,metaspace] GC(15) Metaspace: 11210K(11520K)->11210K(11520K) NonClass: 9410K(9600K)->9410K(9600K) Class: 1799K(1920K)->1799K(1920K)
[33.600s][info][gc          ] GC(15) Pause Full (System.gc()) 1444M->1444M(5939M) 2599.962ms
[36.148s][info][gc,metaspace] GC(16) Metaspace: 11210K(11520K)->11210K(11520K) NonClass: 9410K(9600K)->9410K(9600K) Class: 1799K(1920K)->1799K(1920K)
[36.148s][info][gc          ] GC(16) Pause Full (System.gc()) 1444M->1444M(5939M) 2547.461ms
[38.747s][info][gc,metaspace] GC(17) Metaspace: 11210K(11520K)->11210K(11520K) NonClass: 9410K(9600K)->9410K(9600K) Class: 1799K(1920K)->1799K(1920K)
[38.747s][info][gc          ] GC(17) Pause Full (System.gc()) 1444M->1444M(5939M) 2598.792ms
[41.347s][info][gc,metaspace] GC(18) Metaspace: 11210K(11520K)->11210K(11520K) NonClass: 9410K(9600K)->9410K(9600K) Class: 1799K(1920K)->1799K(1920K)
[41.347s][info][gc          ] GC(18) Pause Full (System.gc()) 1444M->1444M(5939M) 2599.807ms
[43.899s][info][gc,metaspace] GC(19) Metaspace: 11210K(11520K)->11210K(11520K) NonClass: 9410K(9600K)->9410K(9600K) Class: 1799K(1920K)->1799K(1920K)
[43.899s][info][gc          ] GC(19) Pause Full (System.gc()) 1444M->1444M(5939M) 2552.036ms
After GCs... 
