Done; will start GCs... 
[3.791s][info][gc,metaspace] GC(2) Metaspace: 21392K(21760K)->21392K(21760K) NonClass: 17650K(17856K)->17650K(17856K) Class: 3741K(3904K)->3741K(3904K)
[3.791s][info][gc          ] GC(2) Pause Full (System.gc()) 782M->774M(6144M) 384.306ms
[4.133s][info][gc,metaspace] GC(3) Metaspace: 21392K(21760K)->21392K(21760K) NonClass: 17650K(17856K)->17650K(17856K) Class: 3741K(3904K)->3741K(3904K)
[4.133s][info][gc          ] GC(3) Pause Full (System.gc()) 774M->774M(6144M) 342.769ms
[4.447s][info][gc,metaspace] GC(4) Metaspace: 21392K(21760K)->21392K(21760K) NonClass: 17650K(17856K)->17650K(17856K) Class: 3741K(3904K)->3741K(3904K)
[4.447s][info][gc          ] GC(4) Pause Full (System.gc()) 774M->774M(6144M) 313.191ms
[4.792s][info][gc,metaspace] GC(5) Metaspace: 21392K(21760K)->21392K(21760K) NonClass: 17650K(17856K)->17650K(17856K) Class: 3741K(3904K)->3741K(3904K)
[4.792s][info][gc          ] GC(5) Pause Full (System.gc()) 774M->774M(6144M) 345.322ms
[5.141s][info][gc,metaspace] GC(6) Metaspace: 21392K(21760K)->21392K(21760K) NonClass: 17650K(17856K)->17650K(17856K) Class: 3741K(3904K)->3741K(3904K)
[5.141s][info][gc          ] GC(6) Pause Full (System.gc()) 774M->774M(6144M) 348.721ms
[5.462s][info][gc,metaspace] GC(7) Metaspace: 21392K(21760K)->21392K(21760K) NonClass: 17650K(17856K)->17650K(17856K) Class: 3741K(3904K)->3741K(3904K)
[5.462s][info][gc          ] GC(7) Pause Full (System.gc()) 774M->774M(6144M) 320.677ms
[5.792s][info][gc,metaspace] GC(8) Metaspace: 21392K(21760K)->21392K(21760K) NonClass: 17650K(17856K)->17650K(17856K) Class: 3741K(3904K)->3741K(3904K)
[5.792s][info][gc          ] GC(8) Pause Full (System.gc()) 774M->774M(6144M) 330.327ms
[6.155s][info][gc,metaspace] GC(9) Metaspace: 21392K(21760K)->21392K(21760K) NonClass: 17650K(17856K)->17650K(17856K) Class: 3741K(3904K)->3741K(3904K)
[6.155s][info][gc          ] GC(9) Pause Full (System.gc()) 774M->774M(6144M) 363.272ms
[6.481s][info][gc,metaspace] GC(10) Metaspace: 21392K(21760K)->21392K(21760K) NonClass: 17650K(17856K)->17650K(17856K) Class: 3741K(3904K)->3741K(3904K)
[6.481s][info][gc          ] GC(10) Pause Full (System.gc()) 774M->774M(6144M) 325.916ms
[6.804s][info][gc,metaspace] GC(11) Metaspace: 21392K(21760K)->21392K(21760K) NonClass: 17650K(17856K)->17650K(17856K) Class: 3741K(3904K)->3741K(3904K)
[6.804s][info][gc          ] GC(11) Pause Full (System.gc()) 774M->774M(6144M) 322.480ms
[7.145s][info][gc,metaspace] GC(12) Metaspace: 21392K(21760K)->21392K(21760K) NonClass: 17650K(17856K)->17650K(17856K) Class: 3741K(3904K)->3741K(3904K)
[7.145s][info][gc          ] GC(12) Pause Full (System.gc()) 774M->774M(6144M) 341.375ms
[7.465s][info][gc,metaspace] GC(13) Metaspace: 21392K(21760K)->21392K(21760K) NonClass: 17650K(17856K)->17650K(17856K) Class: 3741K(3904K)->3741K(3904K)
[7.465s][info][gc          ] GC(13) Pause Full (System.gc()) 774M->774M(6144M) 319.704ms
[7.790s][info][gc,metaspace] GC(14) Metaspace: 21392K(21760K)->21392K(21760K) NonClass: 17650K(17856K)->17650K(17856K) Class: 3741K(3904K)->3741K(3904K)
[7.791s][info][gc          ] GC(14) Pause Full (System.gc()) 774M->774M(6144M) 325.258ms
[8.153s][info][gc,metaspace] GC(15) Metaspace: 21392K(21760K)->21392K(21760K) NonClass: 17650K(17856K)->17650K(17856K) Class: 3741K(3904K)->3741K(3904K)
[8.153s][info][gc          ] GC(15) Pause Full (System.gc()) 774M->774M(6144M) 358.084ms
[8.489s][info][gc,metaspace] GC(16) Metaspace: 21392K(21760K)->21392K(21760K) NonClass: 17650K(17856K)->17650K(17856K) Class: 3741K(3904K)->3741K(3904K)
[8.489s][info][gc          ] GC(16) Pause Full (System.gc()) 774M->774M(6144M) 336.040ms
[8.818s][info][gc,metaspace] GC(17) Metaspace: 21392K(21760K)->21392K(21760K) NonClass: 17650K(17856K)->17650K(17856K) Class: 3741K(3904K)->3741K(3904K)
[8.818s][info][gc          ] GC(17) Pause Full (System.gc()) 774M->774M(6144M) 329.329ms
[9.163s][info][gc,metaspace] GC(18) Metaspace: 21392K(21760K)->21392K(21760K) NonClass: 17650K(17856K)->17650K(17856K) Class: 3741K(3904K)->3741K(3904K)
[9.163s][info][gc          ] GC(18) Pause Full (System.gc()) 774M->774M(6144M) 344.864ms
[9.483s][info][gc,metaspace] GC(19) Metaspace: 21392K(21760K)->21392K(21760K) NonClass: 17650K(17856K)->17650K(17856K) Class: 3741K(3904K)->3741K(3904K)
[9.483s][info][gc          ] GC(19) Pause Full (System.gc()) 774M->774M(6144M) 319.972ms
[9.831s][info][gc,metaspace] GC(20) Metaspace: 21392K(21760K)->21392K(21760K) NonClass: 17650K(17856K)->17650K(17856K) Class: 3741K(3904K)->3741K(3904K)
[9.831s][info][gc          ] GC(20) Pause Full (System.gc()) 774M->774M(6144M) 347.559ms
[10.203s][info][gc,metaspace] GC(21) Metaspace: 21392K(21760K)->21392K(21760K) NonClass: 17650K(17856K)->17650K(17856K) Class: 3741K(3904K)->3741K(3904K)
[10.203s][info][gc          ] GC(21) Pause Full (System.gc()) 774M->774M(6144M) 371.828ms
[10.519s][info][gc,metaspace] GC(22) Metaspace: 21392K(21760K)->21392K(21760K) NonClass: 17650K(17856K)->17650K(17856K) Class: 3741K(3904K)->3741K(3904K)
[10.519s][info][gc          ] GC(22) Pause Full (System.gc()) 774M->774M(6144M) 316.113ms
[10.895s][info][gc,metaspace] GC(23) Metaspace: 21392K(21760K)->21392K(21760K) NonClass: 17650K(17856K)->17650K(17856K) Class: 3741K(3904K)->3741K(3904K)
[10.895s][info][gc          ] GC(23) Pause Full (System.gc()) 774M->774M(6144M) 375.937ms
[11.231s][info][gc,metaspace] GC(24) Metaspace: 21392K(21760K)->21392K(21760K) NonClass: 17650K(17856K)->17650K(17856K) Class: 3741K(3904K)->3741K(3904K)
[11.231s][info][gc          ] GC(24) Pause Full (System.gc()) 774M->774M(6144M) 336.266ms
[11.558s][info][gc,metaspace] GC(25) Metaspace: 21392K(21760K)->21392K(21760K) NonClass: 17650K(17856K)->17650K(17856K) Class: 3741K(3904K)->3741K(3904K)
[11.558s][info][gc          ] GC(25) Pause Full (System.gc()) 774M->774M(6144M) 326.849ms
[11.918s][info][gc,metaspace] GC(26) Metaspace: 21392K(21760K)->21392K(21760K) NonClass: 17650K(17856K)->17650K(17856K) Class: 3741K(3904K)->3741K(3904K)
[11.918s][info][gc          ] GC(26) Pause Full (System.gc()) 774M->774M(6144M) 359.596ms
[12.259s][info][gc,metaspace] GC(27) Metaspace: 21392K(21760K)->21392K(21760K) NonClass: 17650K(17856K)->17650K(17856K) Class: 3741K(3904K)->3741K(3904K)
[12.259s][info][gc          ] GC(27) Pause Full (System.gc()) 774M->774M(6144M) 340.547ms
[12.599s][info][gc,metaspace] GC(28) Metaspace: 21392K(21760K)->21392K(21760K) NonClass: 17650K(17856K)->17650K(17856K) Class: 3741K(3904K)->3741K(3904K)
[12.599s][info][gc          ] GC(28) Pause Full (System.gc()) 774M->774M(6144M) 340.087ms
[12.951s][info][gc,metaspace] GC(29) Metaspace: 21392K(21760K)->21392K(21760K) NonClass: 17650K(17856K)->17650K(17856K) Class: 3741K(3904K)->3741K(3904K)
[12.951s][info][gc          ] GC(29) Pause Full (System.gc()) 774M->774M(6144M) 352.379ms
[13.285s][info][gc,metaspace] GC(30) Metaspace: 21392K(21760K)->21392K(21760K) NonClass: 17650K(17856K)->17650K(17856K) Class: 3741K(3904K)->3741K(3904K)
[13.285s][info][gc          ] GC(30) Pause Full (System.gc()) 774M->774M(6144M) 333.712ms
[13.610s][info][gc,metaspace] GC(31) Metaspace: 21392K(21760K)->21392K(21760K) NonClass: 17650K(17856K)->17650K(17856K) Class: 3741K(3904K)->3741K(3904K)
[13.610s][info][gc          ] GC(31) Pause Full (System.gc()) 774M->774M(6144M) 324.703ms
[13.965s][info][gc,metaspace] GC(32) Metaspace: 21392K(21760K)->21392K(21760K) NonClass: 17650K(17856K)->17650K(17856K) Class: 3741K(3904K)->3741K(3904K)
[13.965s][info][gc          ] GC(32) Pause Full (System.gc()) 774M->774M(6144M) 355.454ms
[14.298s][info][gc,metaspace] GC(33) Metaspace: 21392K(21760K)->21392K(21760K) NonClass: 17650K(17856K)->17650K(17856K) Class: 3741K(3904K)->3741K(3904K)
[14.298s][info][gc          ] GC(33) Pause Full (System.gc()) 774M->774M(6144M) 332.469ms
[14.630s][info][gc,metaspace] GC(34) Metaspace: 21392K(21760K)->21392K(21760K) NonClass: 17650K(17856K)->17650K(17856K) Class: 3741K(3904K)->3741K(3904K)
[14.630s][info][gc          ] GC(34) Pause Full (System.gc()) 774M->774M(6144M) 332.427ms
[15.008s][info][gc,metaspace] GC(35) Metaspace: 21392K(21760K)->21392K(21760K) NonClass: 17650K(17856K)->17650K(17856K) Class: 3741K(3904K)->3741K(3904K)
[15.008s][info][gc          ] GC(35) Pause Full (System.gc()) 774M->774M(6144M) 377.993ms
[15.338s][info][gc,metaspace] GC(36) Metaspace: 21392K(21760K)->21392K(21760K) NonClass: 17650K(17856K)->17650K(17856K) Class: 3741K(3904K)->3741K(3904K)
[15.338s][info][gc          ] GC(36) Pause Full (System.gc()) 774M->774M(6144M) 329.992ms
[15.665s][info][gc,metaspace] GC(37) Metaspace: 21392K(21760K)->21392K(21760K) NonClass: 17650K(17856K)->17650K(17856K) Class: 3741K(3904K)->3741K(3904K)
[15.665s][info][gc          ] GC(37) Pause Full (System.gc()) 774M->774M(6144M) 326.136ms
[16.013s][info][gc,metaspace] GC(38) Metaspace: 21392K(21760K)->21392K(21760K) NonClass: 17650K(17856K)->17650K(17856K) Class: 3741K(3904K)->3741K(3904K)
[16.013s][info][gc          ] GC(38) Pause Full (System.gc()) 774M->774M(6144M) 348.391ms
[16.359s][info][gc,metaspace] GC(39) Metaspace: 21392K(21760K)->21392K(21760K) NonClass: 17650K(17856K)->17650K(17856K) Class: 3741K(3904K)->3741K(3904K)
[16.359s][info][gc          ] GC(39) Pause Full (System.gc()) 774M->774M(6144M) 345.777ms
[16.684s][info][gc,metaspace] GC(40) Metaspace: 21392K(21760K)->21392K(21760K) NonClass: 17650K(17856K)->17650K(17856K) Class: 3741K(3904K)->3741K(3904K)
[16.684s][info][gc          ] GC(40) Pause Full (System.gc()) 774M->774M(6144M) 325.278ms
[17.030s][info][gc,metaspace] GC(41) Metaspace: 21392K(21760K)->21392K(21760K) NonClass: 17650K(17856K)->17650K(17856K) Class: 3741K(3904K)->3741K(3904K)
[17.030s][info][gc          ] GC(41) Pause Full (System.gc()) 774M->774M(6144M) 345.278ms
[17.357s][info][gc,metaspace] GC(42) Metaspace: 21392K(21760K)->21392K(21760K) NonClass: 17650K(17856K)->17650K(17856K) Class: 3741K(3904K)->3741K(3904K)
[17.357s][info][gc          ] GC(42) Pause Full (System.gc()) 774M->774M(6144M) 327.186ms
[17.671s][info][gc,metaspace] GC(43) Metaspace: 21392K(21760K)->21392K(21760K) NonClass: 17650K(17856K)->17650K(17856K) Class: 3741K(3904K)->3741K(3904K)
[17.671s][info][gc          ] GC(43) Pause Full (System.gc()) 774M->774M(6144M) 313.573ms
[18.044s][info][gc,metaspace] GC(44) Metaspace: 21392K(21760K)->21392K(21760K) NonClass: 17650K(17856K)->17650K(17856K) Class: 3741K(3904K)->3741K(3904K)
[18.044s][info][gc          ] GC(44) Pause Full (System.gc()) 774M->774M(6144M) 373.135ms
[18.423s][info][gc,metaspace] GC(45) Metaspace: 21392K(21760K)->21392K(21760K) NonClass: 17650K(17856K)->17650K(17856K) Class: 3741K(3904K)->3741K(3904K)
[18.423s][info][gc          ] GC(45) Pause Full (System.gc()) 774M->774M(6144M) 375.190ms
[18.778s][info][gc,metaspace] GC(46) Metaspace: 21392K(21760K)->21392K(21760K) NonClass: 17650K(17856K)->17650K(17856K) Class: 3741K(3904K)->3741K(3904K)
[18.778s][info][gc          ] GC(46) Pause Full (System.gc()) 774M->774M(6144M) 354.970ms
[19.117s][info][gc,metaspace] GC(47) Metaspace: 21392K(21760K)->21392K(21760K) NonClass: 17650K(17856K)->17650K(17856K) Class: 3741K(3904K)->3741K(3904K)
[19.117s][info][gc          ] GC(47) Pause Full (System.gc()) 774M->774M(6144M) 338.552ms
[19.446s][info][gc,metaspace] GC(48) Metaspace: 21392K(21760K)->21392K(21760K) NonClass: 17650K(17856K)->17650K(17856K) Class: 3741K(3904K)->3741K(3904K)
[19.446s][info][gc          ] GC(48) Pause Full (System.gc()) 774M->774M(6144M) 328.652ms
[19.778s][info][gc,metaspace] GC(49) Metaspace: 21392K(21760K)->21392K(21760K) NonClass: 17650K(17856K)->17650K(17856K) Class: 3741K(3904K)->3741K(3904K)
[19.778s][info][gc          ] GC(49) Pause Full (System.gc()) 774M->774M(6144M) 332.419ms
[20.128s][info][gc,metaspace] GC(50) Metaspace: 21392K(21760K)->21392K(21760K) NonClass: 17650K(17856K)->17650K(17856K) Class: 3741K(3904K)->3741K(3904K)
[20.128s][info][gc          ] GC(50) Pause Full (System.gc()) 774M->774M(6144M) 349.399ms
[20.455s][info][gc,metaspace] GC(51) Metaspace: 21392K(21760K)->21392K(21760K) NonClass: 17650K(17856K)->17650K(17856K) Class: 3741K(3904K)->3741K(3904K)
[20.455s][info][gc          ] GC(51) Pause Full (System.gc()) 774M->774M(6144M) 327.427ms
[20.791s][info][gc,metaspace] GC(52) Metaspace: 21392K(21760K)->21392K(21760K) NonClass: 17650K(17856K)->17650K(17856K) Class: 3741K(3904K)->3741K(3904K)
[20.791s][info][gc          ] GC(52) Pause Full (System.gc()) 774M->774M(6144M) 335.576ms
[21.171s][info][gc,metaspace] GC(53) Metaspace: 21392K(21760K)->21392K(21760K) NonClass: 17650K(17856K)->17650K(17856K) Class: 3741K(3904K)->3741K(3904K)
[21.171s][info][gc          ] GC(53) Pause Full (System.gc()) 774M->774M(6144M) 380.392ms
[21.494s][info][gc,metaspace] GC(54) Metaspace: 21392K(21760K)->21392K(21760K) NonClass: 17650K(17856K)->17650K(17856K) Class: 3741K(3904K)->3741K(3904K)
[21.494s][info][gc          ] GC(54) Pause Full (System.gc()) 774M->774M(6144M) 322.967ms
[21.811s][info][gc,metaspace] GC(55) Metaspace: 21392K(21760K)->21392K(21760K) NonClass: 17650K(17856K)->17650K(17856K) Class: 3741K(3904K)->3741K(3904K)
[21.811s][info][gc          ] GC(55) Pause Full (System.gc()) 774M->774M(6144M) 316.437ms
[22.165s][info][gc,metaspace] GC(56) Metaspace: 21392K(21760K)->21392K(21760K) NonClass: 17650K(17856K)->17650K(17856K) Class: 3741K(3904K)->3741K(3904K)
[22.165s][info][gc          ] GC(56) Pause Full (System.gc()) 774M->774M(6144M) 353.974ms
[22.508s][info][gc,metaspace] GC(57) Metaspace: 21392K(21760K)->21392K(21760K) NonClass: 17650K(17856K)->17650K(17856K) Class: 3741K(3904K)->3741K(3904K)
[22.508s][info][gc          ] GC(57) Pause Full (System.gc()) 774M->774M(6144M) 343.554ms
[22.826s][info][gc,metaspace] GC(58) Metaspace: 21392K(21760K)->21392K(21760K) NonClass: 17650K(17856K)->17650K(17856K) Class: 3741K(3904K)->3741K(3904K)
[22.826s][info][gc          ] GC(58) Pause Full (System.gc()) 774M->774M(6144M) 317.943ms
[23.221s][info][gc,metaspace] GC(59) Metaspace: 21392K(21760K)->21392K(21760K) NonClass: 17650K(17856K)->17650K(17856K) Class: 3741K(3904K)->3741K(3904K)
[23.221s][info][gc          ] GC(59) Pause Full (System.gc()) 774M->774M(6144M) 394.719ms
[23.599s][info][gc,metaspace] GC(60) Metaspace: 21392K(21760K)->21392K(21760K) NonClass: 17650K(17856K)->17650K(17856K) Class: 3741K(3904K)->3741K(3904K)
[23.599s][info][gc          ] GC(60) Pause Full (System.gc()) 774M->774M(6144M) 373.176ms
[23.936s][info][gc,metaspace] GC(61) Metaspace: 21392K(21760K)->21392K(21760K) NonClass: 17650K(17856K)->17650K(17856K) Class: 3741K(3904K)->3741K(3904K)
[23.936s][info][gc          ] GC(61) Pause Full (System.gc()) 774M->774M(6144M) 337.503ms
[24.250s][info][gc,metaspace] GC(62) Metaspace: 21392K(21760K)->21392K(21760K) NonClass: 17650K(17856K)->17650K(17856K) Class: 3741K(3904K)->3741K(3904K)
[24.250s][info][gc          ] GC(62) Pause Full (System.gc()) 774M->774M(6144M) 313.607ms
[24.577s][info][gc,metaspace] GC(63) Metaspace: 21392K(21760K)->21392K(21760K) NonClass: 17650K(17856K)->17650K(17856K) Class: 3741K(3904K)->3741K(3904K)
[24.577s][info][gc          ] GC(63) Pause Full (System.gc()) 774M->774M(6144M) 327.287ms
[24.932s][info][gc,metaspace] GC(64) Metaspace: 21392K(21760K)->21392K(21760K) NonClass: 17650K(17856K)->17650K(17856K) Class: 3741K(3904K)->3741K(3904K)
[24.932s][info][gc          ] GC(64) Pause Full (System.gc()) 774M->774M(6144M) 355.080ms
[25.282s][info][gc,metaspace] GC(65) Metaspace: 21392K(21760K)->21392K(21760K) NonClass: 17650K(17856K)->17650K(17856K) Class: 3741K(3904K)->3741K(3904K)
[25.282s][info][gc          ] GC(65) Pause Full (System.gc()) 774M->774M(6144M) 349.370ms
[25.608s][info][gc,metaspace] GC(66) Metaspace: 21392K(21760K)->21392K(21760K) NonClass: 17650K(17856K)->17650K(17856K) Class: 3741K(3904K)->3741K(3904K)
[25.608s][info][gc          ] GC(66) Pause Full (System.gc()) 774M->774M(6144M) 325.760ms
[25.948s][info][gc,metaspace] GC(67) Metaspace: 21392K(21760K)->21392K(21760K) NonClass: 17650K(17856K)->17650K(17856K) Class: 3741K(3904K)->3741K(3904K)
[25.948s][info][gc          ] GC(67) Pause Full (System.gc()) 774M->774M(6144M) 340.482ms
[26.295s][info][gc,metaspace] GC(68) Metaspace: 21392K(21760K)->21392K(21760K) NonClass: 17650K(17856K)->17650K(17856K) Class: 3741K(3904K)->3741K(3904K)
[26.295s][info][gc          ] GC(68) Pause Full (System.gc()) 774M->774M(6144M) 347.124ms
[26.625s][info][gc,metaspace] GC(69) Metaspace: 21392K(21760K)->21392K(21760K) NonClass: 17650K(17856K)->17650K(17856K) Class: 3741K(3904K)->3741K(3904K)
[26.625s][info][gc          ] GC(69) Pause Full (System.gc()) 774M->774M(6144M) 329.374ms
[27.008s][info][gc,metaspace] GC(70) Metaspace: 21392K(21760K)->21392K(21760K) NonClass: 17650K(17856K)->17650K(17856K) Class: 3741K(3904K)->3741K(3904K)
[27.008s][info][gc          ] GC(70) Pause Full (System.gc()) 774M->774M(6144M) 383.074ms
[27.334s][info][gc,metaspace] GC(71) Metaspace: 21392K(21760K)->21392K(21760K) NonClass: 17650K(17856K)->17650K(17856K) Class: 3741K(3904K)->3741K(3904K)
[27.334s][info][gc          ] GC(71) Pause Full (System.gc()) 774M->774M(6144M) 326.319ms
[27.663s][info][gc,metaspace] GC(72) Metaspace: 21392K(21760K)->21392K(21760K) NonClass: 17650K(17856K)->17650K(17856K) Class: 3741K(3904K)->3741K(3904K)
[27.664s][info][gc          ] GC(72) Pause Full (System.gc()) 774M->774M(6144M) 328.984ms
[28.032s][info][gc,metaspace] GC(73) Metaspace: 21392K(21760K)->21392K(21760K) NonClass: 17650K(17856K)->17650K(17856K) Class: 3741K(3904K)->3741K(3904K)
[28.032s][info][gc          ] GC(73) Pause Full (System.gc()) 774M->774M(6144M) 367.996ms
[28.368s][info][gc,metaspace] GC(74) Metaspace: 21392K(21760K)->21392K(21760K) NonClass: 17650K(17856K)->17650K(17856K) Class: 3741K(3904K)->3741K(3904K)
[28.368s][info][gc          ] GC(74) Pause Full (System.gc()) 774M->774M(6144M) 336.664ms
[28.702s][info][gc,metaspace] GC(75) Metaspace: 21392K(21760K)->21392K(21760K) NonClass: 17650K(17856K)->17650K(17856K) Class: 3741K(3904K)->3741K(3904K)
[28.702s][info][gc          ] GC(75) Pause Full (System.gc()) 774M->774M(6144M) 333.307ms
[29.055s][info][gc,metaspace] GC(76) Metaspace: 21392K(21760K)->21392K(21760K) NonClass: 17650K(17856K)->17650K(17856K) Class: 3741K(3904K)->3741K(3904K)
[29.055s][info][gc          ] GC(76) Pause Full (System.gc()) 774M->774M(6144M) 353.700ms
[29.379s][info][gc,metaspace] GC(77) Metaspace: 21392K(21760K)->21392K(21760K) NonClass: 17650K(17856K)->17650K(17856K) Class: 3741K(3904K)->3741K(3904K)
[29.379s][info][gc          ] GC(77) Pause Full (System.gc()) 774M->774M(6144M) 323.883ms
[29.711s][info][gc,metaspace] GC(78) Metaspace: 21392K(21760K)->21392K(21760K) NonClass: 17650K(17856K)->17650K(17856K) Class: 3741K(3904K)->3741K(3904K)
[29.711s][info][gc          ] GC(78) Pause Full (System.gc()) 774M->774M(6144M) 331.361ms
[30.058s][info][gc,metaspace] GC(79) Metaspace: 21392K(21760K)->21392K(21760K) NonClass: 17650K(17856K)->17650K(17856K) Class: 3741K(3904K)->3741K(3904K)
[30.058s][info][gc          ] GC(79) Pause Full (System.gc()) 774M->774M(6144M) 347.164ms
[30.383s][info][gc,metaspace] GC(80) Metaspace: 21392K(21760K)->21392K(21760K) NonClass: 17650K(17856K)->17650K(17856K) Class: 3741K(3904K)->3741K(3904K)
[30.383s][info][gc          ] GC(80) Pause Full (System.gc()) 774M->774M(6144M) 324.685ms
[30.715s][info][gc,metaspace] GC(81) Metaspace: 21392K(21760K)->21392K(21760K) NonClass: 17650K(17856K)->17650K(17856K) Class: 3741K(3904K)->3741K(3904K)
[30.715s][info][gc          ] GC(81) Pause Full (System.gc()) 774M->774M(6144M) 332.070ms
[31.070s][info][gc,metaspace] GC(82) Metaspace: 21392K(21760K)->21392K(21760K) NonClass: 17650K(17856K)->17650K(17856K) Class: 3741K(3904K)->3741K(3904K)
[31.070s][info][gc          ] GC(82) Pause Full (System.gc()) 774M->774M(6144M) 354.593ms
[31.393s][info][gc,metaspace] GC(83) Metaspace: 21392K(21760K)->21392K(21760K) NonClass: 17650K(17856K)->17650K(17856K) Class: 3741K(3904K)->3741K(3904K)
[31.393s][info][gc          ] GC(83) Pause Full (System.gc()) 774M->774M(6144M) 322.898ms
[31.709s][info][gc,metaspace] GC(84) Metaspace: 21392K(21760K)->21392K(21760K) NonClass: 17650K(17856K)->17650K(17856K) Class: 3741K(3904K)->3741K(3904K)
[31.709s][info][gc          ] GC(84) Pause Full (System.gc()) 774M->774M(6144M) 316.075ms
[32.055s][info][gc,metaspace] GC(85) Metaspace: 21392K(21760K)->21392K(21760K) NonClass: 17650K(17856K)->17650K(17856K) Class: 3741K(3904K)->3741K(3904K)
[32.055s][info][gc          ] GC(85) Pause Full (System.gc()) 774M->774M(6144M) 346.292ms
[32.397s][info][gc,metaspace] GC(86) Metaspace: 21392K(21760K)->21392K(21760K) NonClass: 17650K(17856K)->17650K(17856K) Class: 3741K(3904K)->3741K(3904K)
[32.397s][info][gc          ] GC(86) Pause Full (System.gc()) 774M->774M(6144M) 341.676ms
[32.725s][info][gc,metaspace] GC(87) Metaspace: 21392K(21760K)->21392K(21760K) NonClass: 17650K(17856K)->17650K(17856K) Class: 3741K(3904K)->3741K(3904K)
[32.725s][info][gc          ] GC(87) Pause Full (System.gc()) 774M->774M(6144M) 328.296ms
[33.107s][info][gc,metaspace] GC(88) Metaspace: 21392K(21760K)->21392K(21760K) NonClass: 17650K(17856K)->17650K(17856K) Class: 3741K(3904K)->3741K(3904K)
[33.107s][info][gc          ] GC(88) Pause Full (System.gc()) 774M->774M(6144M) 381.803ms
[33.423s][info][gc,metaspace] GC(89) Metaspace: 21392K(21760K)->21392K(21760K) NonClass: 17650K(17856K)->17650K(17856K) Class: 3741K(3904K)->3741K(3904K)
[33.423s][info][gc          ] GC(89) Pause Full (System.gc()) 774M->774M(6144M) 316.097ms
[33.752s][info][gc,metaspace] GC(90) Metaspace: 21392K(21760K)->21392K(21760K) NonClass: 17650K(17856K)->17650K(17856K) Class: 3741K(3904K)->3741K(3904K)
[33.752s][info][gc          ] GC(90) Pause Full (System.gc()) 774M->774M(6144M) 328.483ms
[34.095s][info][gc,metaspace] GC(91) Metaspace: 21392K(21760K)->21392K(21760K) NonClass: 17650K(17856K)->17650K(17856K) Class: 3741K(3904K)->3741K(3904K)
[34.095s][info][gc          ] GC(91) Pause Full (System.gc()) 774M->774M(6144M) 342.989ms
[34.421s][info][gc,metaspace] GC(92) Metaspace: 21392K(21760K)->21392K(21760K) NonClass: 17650K(17856K)->17650K(17856K) Class: 3741K(3904K)->3741K(3904K)
[34.421s][info][gc          ] GC(92) Pause Full (System.gc()) 774M->774M(6144M) 326.459ms
[34.748s][info][gc,metaspace] GC(93) Metaspace: 21392K(21760K)->21392K(21760K) NonClass: 17650K(17856K)->17650K(17856K) Class: 3741K(3904K)->3741K(3904K)
[34.748s][info][gc          ] GC(93) Pause Full (System.gc()) 774M->774M(6144M) 326.166ms
[35.096s][info][gc,metaspace] GC(94) Metaspace: 21392K(21760K)->21392K(21760K) NonClass: 17650K(17856K)->17650K(17856K) Class: 3741K(3904K)->3741K(3904K)
[35.096s][info][gc          ] GC(94) Pause Full (System.gc()) 774M->774M(6144M) 347.963ms
[35.459s][info][gc,metaspace] GC(95) Metaspace: 21392K(21760K)->21392K(21760K) NonClass: 17650K(17856K)->17650K(17856K) Class: 3741K(3904K)->3741K(3904K)
[35.459s][info][gc          ] GC(95) Pause Full (System.gc()) 774M->774M(6144M) 363.026ms
[35.784s][info][gc,metaspace] GC(96) Metaspace: 21392K(21760K)->21392K(21760K) NonClass: 17650K(17856K)->17650K(17856K) Class: 3741K(3904K)->3741K(3904K)
[35.784s][info][gc          ] GC(96) Pause Full (System.gc()) 774M->774M(6144M) 325.531ms
[36.124s][info][gc,metaspace] GC(97) Metaspace: 21392K(21760K)->21392K(21760K) NonClass: 17650K(17856K)->17650K(17856K) Class: 3741K(3904K)->3741K(3904K)
[36.124s][info][gc          ] GC(97) Pause Full (System.gc()) 774M->774M(6144M) 340.098ms
[36.438s][info][gc,metaspace] GC(98) Metaspace: 21392K(21760K)->21392K(21760K) NonClass: 17650K(17856K)->17650K(17856K) Class: 3741K(3904K)->3741K(3904K)
[36.438s][info][gc          ] GC(98) Pause Full (System.gc()) 774M->774M(6144M) 313.275ms
[36.767s][info][gc,metaspace] GC(99) Metaspace: 21392K(21760K)->21392K(21760K) NonClass: 17650K(17856K)->17650K(17856K) Class: 3741K(3904K)->3741K(3904K)
[36.767s][info][gc          ] GC(99) Pause Full (System.gc()) 774M->774M(6144M) 329.024ms
[37.127s][info][gc,metaspace] GC(100) Metaspace: 21392K(21760K)->21392K(21760K) NonClass: 17650K(17856K)->17650K(17856K) Class: 3741K(3904K)->3741K(3904K)
[37.127s][info][gc          ] GC(100) Pause Full (System.gc()) 774M->774M(6144M) 359.983ms
[37.452s][info][gc,metaspace] GC(101) Metaspace: 21392K(21760K)->21392K(21760K) NonClass: 17650K(17856K)->17650K(17856K) Class: 3741K(3904K)->3741K(3904K)
[37.452s][info][gc          ] GC(101) Pause Full (System.gc()) 774M->774M(6144M) 324.994ms
After GCs... 
