Done; will start GCs... 
[3.780s][info][gc,metaspace] GC(2) Metaspace: 21374K(21760K)->21374K(21760K) NonClass: 17632K(17856K)->17632K(17856K) Class: 3741K(3904K)->3741K(3904K)
[3.780s][info][gc          ] GC(2) Pause Full (System.gc()) 780M->774M(6144M) 303.279ms
[4.093s][info][gc,metaspace] GC(3) Metaspace: 21374K(21760K)->21374K(21760K) NonClass: 17632K(17856K)->17632K(17856K) Class: 3741K(3904K)->3741K(3904K)
[4.093s][info][gc          ] GC(3) Pause Full (System.gc()) 774M->774M(6144M) 312.403ms
[4.371s][info][gc,metaspace] GC(4) Metaspace: 21374K(21760K)->21374K(21760K) NonClass: 17632K(17856K)->17632K(17856K) Class: 3741K(3904K)->3741K(3904K)
[4.371s][info][gc          ] GC(4) Pause Full (System.gc()) 774M->774M(6144M) 278.042ms
[4.655s][info][gc,metaspace] GC(5) Metaspace: 21374K(21760K)->21374K(21760K) NonClass: 17632K(17856K)->17632K(17856K) Class: 3741K(3904K)->3741K(3904K)
[4.655s][info][gc          ] GC(5) Pause Full (System.gc()) 774M->774M(6144M) 284.016ms
[4.953s][info][gc,metaspace] GC(6) Metaspace: 21374K(21760K)->21374K(21760K) NonClass: 17632K(17856K)->17632K(17856K) Class: 3741K(3904K)->3741K(3904K)
[4.953s][info][gc          ] GC(6) Pause Full (System.gc()) 774M->774M(6144M) 297.690ms
[5.237s][info][gc,metaspace] GC(7) Metaspace: 21374K(21760K)->21374K(21760K) NonClass: 17632K(17856K)->17632K(17856K) Class: 3741K(3904K)->3741K(3904K)
[5.237s][info][gc          ] GC(7) Pause Full (System.gc()) 774M->774M(6144M) 283.775ms
[5.514s][info][gc,metaspace] GC(8) Metaspace: 21374K(21760K)->21374K(21760K) NonClass: 17632K(17856K)->17632K(17856K) Class: 3741K(3904K)->3741K(3904K)
[5.514s][info][gc          ] GC(8) Pause Full (System.gc()) 774M->774M(6144M) 277.127ms
[5.800s][info][gc,metaspace] GC(9) Metaspace: 21374K(21760K)->21374K(21760K) NonClass: 17632K(17856K)->17632K(17856K) Class: 3741K(3904K)->3741K(3904K)
[5.800s][info][gc          ] GC(9) Pause Full (System.gc()) 774M->774M(6144M) 286.203ms
[6.094s][info][gc,metaspace] GC(10) Metaspace: 21374K(21760K)->21374K(21760K) NonClass: 17632K(17856K)->17632K(17856K) Class: 3741K(3904K)->3741K(3904K)
[6.094s][info][gc          ] GC(10) Pause Full (System.gc()) 774M->774M(6144M) 293.747ms
[6.375s][info][gc,metaspace] GC(11) Metaspace: 21374K(21760K)->21374K(21760K) NonClass: 17632K(17856K)->17632K(17856K) Class: 3741K(3904K)->3741K(3904K)
[6.375s][info][gc          ] GC(11) Pause Full (System.gc()) 774M->774M(6144M) 280.994ms
[6.664s][info][gc,metaspace] GC(12) Metaspace: 21374K(21760K)->21374K(21760K) NonClass: 17632K(17856K)->17632K(17856K) Class: 3741K(3904K)->3741K(3904K)
[6.664s][info][gc          ] GC(12) Pause Full (System.gc()) 774M->774M(6144M) 288.787ms
[6.971s][info][gc,metaspace] GC(13) Metaspace: 21374K(21760K)->21374K(21760K) NonClass: 17632K(17856K)->17632K(17856K) Class: 3741K(3904K)->3741K(3904K)
[6.971s][info][gc          ] GC(13) Pause Full (System.gc()) 774M->774M(6144M) 307.006ms
[7.248s][info][gc,metaspace] GC(14) Metaspace: 21374K(21760K)->21374K(21760K) NonClass: 17632K(17856K)->17632K(17856K) Class: 3741K(3904K)->3741K(3904K)
[7.248s][info][gc          ] GC(14) Pause Full (System.gc()) 774M->774M(6144M) 277.487ms
[7.540s][info][gc,metaspace] GC(15) Metaspace: 21374K(21760K)->21374K(21760K) NonClass: 17632K(17856K)->17632K(17856K) Class: 3741K(3904K)->3741K(3904K)
[7.540s][info][gc          ] GC(15) Pause Full (System.gc()) 774M->774M(6144M) 291.081ms
[7.825s][info][gc,metaspace] GC(16) Metaspace: 21374K(21760K)->21374K(21760K) NonClass: 17632K(17856K)->17632K(17856K) Class: 3741K(3904K)->3741K(3904K)
[7.825s][info][gc          ] GC(16) Pause Full (System.gc()) 774M->774M(6144M) 285.207ms
[8.123s][info][gc,metaspace] GC(17) Metaspace: 21374K(21760K)->21374K(21760K) NonClass: 17632K(17856K)->17632K(17856K) Class: 3741K(3904K)->3741K(3904K)
[8.123s][info][gc          ] GC(17) Pause Full (System.gc()) 774M->774M(6144M) 298.395ms
[8.404s][info][gc,metaspace] GC(18) Metaspace: 21374K(21760K)->21374K(21760K) NonClass: 17632K(17856K)->17632K(17856K) Class: 3741K(3904K)->3741K(3904K)
[8.404s][info][gc          ] GC(18) Pause Full (System.gc()) 774M->774M(6144M) 280.929ms
[8.694s][info][gc,metaspace] GC(19) Metaspace: 21374K(21760K)->21374K(21760K) NonClass: 17632K(17856K)->17632K(17856K) Class: 3741K(3904K)->3741K(3904K)
[8.694s][info][gc          ] GC(19) Pause Full (System.gc()) 774M->774M(6144M) 289.563ms
[8.999s][info][gc,metaspace] GC(20) Metaspace: 21374K(21760K)->21374K(21760K) NonClass: 17632K(17856K)->17632K(17856K) Class: 3741K(3904K)->3741K(3904K)
[8.999s][info][gc          ] GC(20) Pause Full (System.gc()) 774M->774M(6144M) 304.936ms
[9.302s][info][gc,metaspace] GC(21) Metaspace: 21374K(21760K)->21374K(21760K) NonClass: 17632K(17856K)->17632K(17856K) Class: 3741K(3904K)->3741K(3904K)
[9.302s][info][gc          ] GC(21) Pause Full (System.gc()) 774M->774M(6144M) 302.820ms
[9.589s][info][gc,metaspace] GC(22) Metaspace: 21374K(21760K)->21374K(21760K) NonClass: 17632K(17856K)->17632K(17856K) Class: 3741K(3904K)->3741K(3904K)
[9.589s][info][gc          ] GC(22) Pause Full (System.gc()) 774M->774M(6144M) 287.384ms
[9.890s][info][gc,metaspace] GC(23) Metaspace: 21374K(21760K)->21374K(21760K) NonClass: 17632K(17856K)->17632K(17856K) Class: 3741K(3904K)->3741K(3904K)
[9.890s][info][gc          ] GC(23) Pause Full (System.gc()) 774M->774M(6144M) 300.419ms
[10.229s][info][gc,metaspace] GC(24) Metaspace: 21374K(21760K)->21374K(21760K) NonClass: 17632K(17856K)->17632K(17856K) Class: 3741K(3904K)->3741K(3904K)
[10.229s][info][gc          ] GC(24) Pause Full (System.gc()) 774M->774M(6144M) 335.108ms
[10.515s][info][gc,metaspace] GC(25) Metaspace: 21374K(21760K)->21374K(21760K) NonClass: 17632K(17856K)->17632K(17856K) Class: 3741K(3904K)->3741K(3904K)
[10.515s][info][gc          ] GC(25) Pause Full (System.gc()) 774M->774M(6144M) 285.564ms
[10.802s][info][gc,metaspace] GC(26) Metaspace: 21374K(21760K)->21374K(21760K) NonClass: 17632K(17856K)->17632K(17856K) Class: 3741K(3904K)->3741K(3904K)
[10.802s][info][gc          ] GC(26) Pause Full (System.gc()) 774M->774M(6144M) 287.104ms
[11.100s][info][gc,metaspace] GC(27) Metaspace: 21374K(21760K)->21374K(21760K) NonClass: 17632K(17856K)->17632K(17856K) Class: 3741K(3904K)->3741K(3904K)
[11.100s][info][gc          ] GC(27) Pause Full (System.gc()) 774M->774M(6144M) 298.381ms
[11.384s][info][gc,metaspace] GC(28) Metaspace: 21374K(21760K)->21374K(21760K) NonClass: 17632K(17856K)->17632K(17856K) Class: 3741K(3904K)->3741K(3904K)
[11.384s][info][gc          ] GC(28) Pause Full (System.gc()) 774M->774M(6144M) 283.118ms
[11.660s][info][gc,metaspace] GC(29) Metaspace: 21374K(21760K)->21374K(21760K) NonClass: 17632K(17856K)->17632K(17856K) Class: 3741K(3904K)->3741K(3904K)
[11.660s][info][gc          ] GC(29) Pause Full (System.gc()) 774M->774M(6144M) 275.884ms
[11.956s][info][gc,metaspace] GC(30) Metaspace: 21374K(21760K)->21374K(21760K) NonClass: 17632K(17856K)->17632K(17856K) Class: 3741K(3904K)->3741K(3904K)
[11.956s][info][gc          ] GC(30) Pause Full (System.gc()) 774M->774M(6144M) 296.480ms
[12.237s][info][gc,metaspace] GC(31) Metaspace: 21374K(21760K)->21374K(21760K) NonClass: 17632K(17856K)->17632K(17856K) Class: 3741K(3904K)->3741K(3904K)
[12.237s][info][gc          ] GC(31) Pause Full (System.gc()) 774M->774M(6144M) 280.386ms
[12.515s][info][gc,metaspace] GC(32) Metaspace: 21374K(21760K)->21374K(21760K) NonClass: 17632K(17856K)->17632K(17856K) Class: 3741K(3904K)->3741K(3904K)
[12.515s][info][gc          ] GC(32) Pause Full (System.gc()) 774M->774M(6144M) 278.841ms
[12.805s][info][gc,metaspace] GC(33) Metaspace: 21374K(21760K)->21374K(21760K) NonClass: 17632K(17856K)->17632K(17856K) Class: 3741K(3904K)->3741K(3904K)
[12.805s][info][gc          ] GC(33) Pause Full (System.gc()) 774M->774M(6144M) 289.154ms
[13.117s][info][gc,metaspace] GC(34) Metaspace: 21374K(21760K)->21374K(21760K) NonClass: 17632K(17856K)->17632K(17856K) Class: 3741K(3904K)->3741K(3904K)
[13.117s][info][gc          ] GC(34) Pause Full (System.gc()) 774M->774M(6144M) 312.174ms
[13.402s][info][gc,metaspace] GC(35) Metaspace: 21374K(21760K)->21374K(21760K) NonClass: 17632K(17856K)->17632K(17856K) Class: 3741K(3904K)->3741K(3904K)
[13.402s][info][gc          ] GC(35) Pause Full (System.gc()) 774M->774M(6144M) 285.242ms
[13.685s][info][gc,metaspace] GC(36) Metaspace: 21374K(21760K)->21374K(21760K) NonClass: 17632K(17856K)->17632K(17856K) Class: 3741K(3904K)->3741K(3904K)
[13.686s][info][gc          ] GC(36) Pause Full (System.gc()) 774M->774M(6144M) 283.197ms
[13.988s][info][gc,metaspace] GC(37) Metaspace: 21374K(21760K)->21374K(21760K) NonClass: 17632K(17856K)->17632K(17856K) Class: 3741K(3904K)->3741K(3904K)
[13.988s][info][gc          ] GC(37) Pause Full (System.gc()) 774M->774M(6144M) 302.047ms
[14.267s][info][gc,metaspace] GC(38) Metaspace: 21374K(21760K)->21374K(21760K) NonClass: 17632K(17856K)->17632K(17856K) Class: 3741K(3904K)->3741K(3904K)
[14.267s][info][gc          ] GC(38) Pause Full (System.gc()) 774M->774M(6144M) 279.468ms
[14.553s][info][gc,metaspace] GC(39) Metaspace: 21374K(21760K)->21374K(21760K) NonClass: 17632K(17856K)->17632K(17856K) Class: 3741K(3904K)->3741K(3904K)
[14.553s][info][gc          ] GC(39) Pause Full (System.gc()) 774M->774M(6144M) 285.475ms
[14.839s][info][gc,metaspace] GC(40) Metaspace: 21374K(21760K)->21374K(21760K) NonClass: 17632K(17856K)->17632K(17856K) Class: 3741K(3904K)->3741K(3904K)
[14.839s][info][gc          ] GC(40) Pause Full (System.gc()) 774M->774M(6144M) 286.368ms
[15.134s][info][gc,metaspace] GC(41) Metaspace: 21374K(21760K)->21374K(21760K) NonClass: 17632K(17856K)->17632K(17856K) Class: 3741K(3904K)->3741K(3904K)
[15.134s][info][gc          ] GC(41) Pause Full (System.gc()) 774M->774M(6144M) 295.081ms
[15.459s][info][gc,metaspace] GC(42) Metaspace: 21374K(21760K)->21374K(21760K) NonClass: 17632K(17856K)->17632K(17856K) Class: 3741K(3904K)->3741K(3904K)
[15.459s][info][gc          ] GC(42) Pause Full (System.gc()) 774M->774M(6144M) 320.037ms
[15.735s][info][gc,metaspace] GC(43) Metaspace: 21374K(21760K)->21374K(21760K) NonClass: 17632K(17856K)->17632K(17856K) Class: 3741K(3904K)->3741K(3904K)
[15.736s][info][gc          ] GC(43) Pause Full (System.gc()) 774M->774M(6144M) 276.789ms
[16.030s][info][gc,metaspace] GC(44) Metaspace: 21374K(21760K)->21374K(21760K) NonClass: 17632K(17856K)->17632K(17856K) Class: 3741K(3904K)->3741K(3904K)
[16.030s][info][gc          ] GC(44) Pause Full (System.gc()) 774M->774M(6144M) 294.920ms
[16.306s][info][gc,metaspace] GC(45) Metaspace: 21374K(21760K)->21374K(21760K) NonClass: 17632K(17856K)->17632K(17856K) Class: 3741K(3904K)->3741K(3904K)
[16.306s][info][gc          ] GC(45) Pause Full (System.gc()) 774M->774M(6144M) 275.657ms
[16.583s][info][gc,metaspace] GC(46) Metaspace: 21374K(21760K)->21374K(21760K) NonClass: 17632K(17856K)->17632K(17856K) Class: 3741K(3904K)->3741K(3904K)
[16.583s][info][gc          ] GC(46) Pause Full (System.gc()) 774M->774M(6144M) 276.855ms
[16.888s][info][gc,metaspace] GC(47) Metaspace: 21374K(21760K)->21374K(21760K) NonClass: 17632K(17856K)->17632K(17856K) Class: 3741K(3904K)->3741K(3904K)
[16.888s][info][gc          ] GC(47) Pause Full (System.gc()) 774M->774M(6144M) 305.245ms
[17.163s][info][gc,metaspace] GC(48) Metaspace: 21374K(21760K)->21374K(21760K) NonClass: 17632K(17856K)->17632K(17856K) Class: 3741K(3904K)->3741K(3904K)
[17.163s][info][gc          ] GC(48) Pause Full (System.gc()) 774M->774M(6144M) 274.320ms
[17.445s][info][gc,metaspace] GC(49) Metaspace: 21374K(21760K)->21374K(21760K) NonClass: 17632K(17856K)->17632K(17856K) Class: 3741K(3904K)->3741K(3904K)
[17.445s][info][gc          ] GC(49) Pause Full (System.gc()) 774M->774M(6144M) 282.018ms
[17.729s][info][gc,metaspace] GC(50) Metaspace: 21374K(21760K)->21374K(21760K) NonClass: 17632K(17856K)->17632K(17856K) Class: 3741K(3904K)->3741K(3904K)
[17.729s][info][gc          ] GC(50) Pause Full (System.gc()) 774M->774M(6144M) 283.868ms
[18.034s][info][gc,metaspace] GC(51) Metaspace: 21374K(21760K)->21374K(21760K) NonClass: 17632K(17856K)->17632K(17856K) Class: 3741K(3904K)->3741K(3904K)
[18.034s][info][gc          ] GC(51) Pause Full (System.gc()) 774M->774M(6144M) 304.802ms
[18.312s][info][gc,metaspace] GC(52) Metaspace: 21374K(21760K)->21374K(21760K) NonClass: 17632K(17856K)->17632K(17856K) Class: 3741K(3904K)->3741K(3904K)
[18.312s][info][gc          ] GC(52) Pause Full (System.gc()) 774M->774M(6144M) 278.644ms
[18.599s][info][gc,metaspace] GC(53) Metaspace: 21374K(21760K)->21374K(21760K) NonClass: 17632K(17856K)->17632K(17856K) Class: 3741K(3904K)->3741K(3904K)
[18.599s][info][gc          ] GC(53) Pause Full (System.gc()) 774M->774M(6144M) 286.653ms
[18.907s][info][gc,metaspace] GC(54) Metaspace: 21374K(21760K)->21374K(21760K) NonClass: 17632K(17856K)->17632K(17856K) Class: 3741K(3904K)->3741K(3904K)
[18.907s][info][gc          ] GC(54) Pause Full (System.gc()) 774M->774M(6144M) 307.826ms
[19.191s][info][gc,metaspace] GC(55) Metaspace: 21374K(21760K)->21374K(21760K) NonClass: 17632K(17856K)->17632K(17856K) Class: 3741K(3904K)->3741K(3904K)
[19.191s][info][gc          ] GC(55) Pause Full (System.gc()) 774M->774M(6144M) 284.185ms
[19.479s][info][gc,metaspace] GC(56) Metaspace: 21374K(21760K)->21374K(21760K) NonClass: 17632K(17856K)->17632K(17856K) Class: 3741K(3904K)->3741K(3904K)
[19.479s][info][gc          ] GC(56) Pause Full (System.gc()) 774M->774M(6144M) 287.331ms
[19.764s][info][gc,metaspace] GC(57) Metaspace: 21374K(21760K)->21374K(21760K) NonClass: 17632K(17856K)->17632K(17856K) Class: 3741K(3904K)->3741K(3904K)
[19.764s][info][gc          ] GC(57) Pause Full (System.gc()) 774M->774M(6144M) 285.230ms
[20.062s][info][gc,metaspace] GC(58) Metaspace: 21374K(21760K)->21374K(21760K) NonClass: 17632K(17856K)->17632K(17856K) Class: 3741K(3904K)->3741K(3904K)
[20.062s][info][gc          ] GC(58) Pause Full (System.gc()) 774M->774M(6144M) 297.723ms
[20.345s][info][gc,metaspace] GC(59) Metaspace: 21374K(21760K)->21374K(21760K) NonClass: 17632K(17856K)->17632K(17856K) Class: 3741K(3904K)->3741K(3904K)
[20.345s][info][gc          ] GC(59) Pause Full (System.gc()) 774M->774M(6144M) 283.470ms
[20.665s][info][gc,metaspace] GC(60) Metaspace: 21374K(21760K)->21374K(21760K) NonClass: 17632K(17856K)->17632K(17856K) Class: 3741K(3904K)->3741K(3904K)
[20.665s][info][gc          ] GC(60) Pause Full (System.gc()) 774M->774M(6144M) 315.654ms
[20.975s][info][gc,metaspace] GC(61) Metaspace: 21374K(21760K)->21374K(21760K) NonClass: 17632K(17856K)->17632K(17856K) Class: 3741K(3904K)->3741K(3904K)
[20.975s][info][gc          ] GC(61) Pause Full (System.gc()) 774M->774M(6144M) 309.575ms
[21.261s][info][gc,metaspace] GC(62) Metaspace: 21374K(21760K)->21374K(21760K) NonClass: 17632K(17856K)->17632K(17856K) Class: 3741K(3904K)->3741K(3904K)
[21.261s][info][gc          ] GC(62) Pause Full (System.gc()) 774M->774M(6144M) 285.787ms
[21.559s][info][gc,metaspace] GC(63) Metaspace: 21374K(21760K)->21374K(21760K) NonClass: 17632K(17856K)->17632K(17856K) Class: 3741K(3904K)->3741K(3904K)
[21.559s][info][gc          ] GC(63) Pause Full (System.gc()) 774M->774M(6144M) 298.190ms
[21.839s][info][gc,metaspace] GC(64) Metaspace: 21374K(21760K)->21374K(21760K) NonClass: 17632K(17856K)->17632K(17856K) Class: 3741K(3904K)->3741K(3904K)
[21.839s][info][gc          ] GC(64) Pause Full (System.gc()) 774M->774M(6144M) 280.130ms
[22.163s][info][gc,metaspace] GC(65) Metaspace: 21374K(21760K)->21374K(21760K) NonClass: 17632K(17856K)->17632K(17856K) Class: 3741K(3904K)->3741K(3904K)
[22.163s][info][gc          ] GC(65) Pause Full (System.gc()) 774M->774M(6144M) 323.796ms
[22.446s][info][gc,metaspace] GC(66) Metaspace: 21374K(21760K)->21374K(21760K) NonClass: 17632K(17856K)->17632K(17856K) Class: 3741K(3904K)->3741K(3904K)
[22.446s][info][gc          ] GC(66) Pause Full (System.gc()) 774M->774M(6144M) 282.749ms
[22.730s][info][gc,metaspace] GC(67) Metaspace: 21374K(21760K)->21374K(21760K) NonClass: 17632K(17856K)->17632K(17856K) Class: 3741K(3904K)->3741K(3904K)
[22.730s][info][gc          ] GC(67) Pause Full (System.gc()) 774M->774M(6144M) 283.797ms
[23.031s][info][gc,metaspace] GC(68) Metaspace: 21374K(21760K)->21374K(21760K) NonClass: 17632K(17856K)->17632K(17856K) Class: 3741K(3904K)->3741K(3904K)
[23.031s][info][gc          ] GC(68) Pause Full (System.gc()) 774M->774M(6144M) 301.421ms
[23.309s][info][gc,metaspace] GC(69) Metaspace: 21374K(21760K)->21374K(21760K) NonClass: 17632K(17856K)->17632K(17856K) Class: 3741K(3904K)->3741K(3904K)
[23.309s][info][gc          ] GC(69) Pause Full (System.gc()) 774M->774M(6144M) 277.844ms
[23.587s][info][gc,metaspace] GC(70) Metaspace: 21374K(21760K)->21374K(21760K) NonClass: 17632K(17856K)->17632K(17856K) Class: 3741K(3904K)->3741K(3904K)
[23.587s][info][gc          ] GC(70) Pause Full (System.gc()) 774M->774M(6144M) 277.618ms
[23.916s][info][gc,metaspace] GC(71) Metaspace: 21374K(21760K)->21374K(21760K) NonClass: 17632K(17856K)->17632K(17856K) Class: 3741K(3904K)->3741K(3904K)
[23.916s][info][gc          ] GC(71) Pause Full (System.gc()) 774M->774M(6144M) 329.277ms
[24.192s][info][gc,metaspace] GC(72) Metaspace: 21374K(21760K)->21374K(21760K) NonClass: 17632K(17856K)->17632K(17856K) Class: 3741K(3904K)->3741K(3904K)
[24.192s][info][gc          ] GC(72) Pause Full (System.gc()) 774M->774M(6144M) 275.342ms
[24.474s][info][gc,metaspace] GC(73) Metaspace: 21374K(21760K)->21374K(21760K) NonClass: 17632K(17856K)->17632K(17856K) Class: 3741K(3904K)->3741K(3904K)
[24.474s][info][gc          ] GC(73) Pause Full (System.gc()) 774M->774M(6144M) 282.563ms
[24.760s][info][gc,metaspace] GC(74) Metaspace: 21374K(21760K)->21374K(21760K) NonClass: 17632K(17856K)->17632K(17856K) Class: 3741K(3904K)->3741K(3904K)
[24.760s][info][gc          ] GC(74) Pause Full (System.gc()) 774M->774M(6144M) 286.101ms
[25.062s][info][gc,metaspace] GC(75) Metaspace: 21374K(21760K)->21374K(21760K) NonClass: 17632K(17856K)->17632K(17856K) Class: 3741K(3904K)->3741K(3904K)
[25.062s][info][gc          ] GC(75) Pause Full (System.gc()) 774M->774M(6144M) 301.199ms
[25.350s][info][gc,metaspace] GC(76) Metaspace: 21374K(21760K)->21374K(21760K) NonClass: 17632K(17856K)->17632K(17856K) Class: 3741K(3904K)->3741K(3904K)
[25.350s][info][gc          ] GC(76) Pause Full (System.gc()) 774M->774M(6144M) 288.329ms
[25.675s][info][gc,metaspace] GC(77) Metaspace: 21374K(21760K)->21374K(21760K) NonClass: 17632K(17856K)->17632K(17856K) Class: 3741K(3904K)->3741K(3904K)
[25.675s][info][gc          ] GC(77) Pause Full (System.gc()) 774M->774M(6144M) 320.952ms
[25.975s][info][gc,metaspace] GC(78) Metaspace: 21374K(21760K)->21374K(21760K) NonClass: 17632K(17856K)->17632K(17856K) Class: 3741K(3904K)->3741K(3904K)
[25.975s][info][gc          ] GC(78) Pause Full (System.gc()) 774M->774M(6144M) 299.374ms
[26.276s][info][gc,metaspace] GC(79) Metaspace: 21374K(21760K)->21374K(21760K) NonClass: 17632K(17856K)->17632K(17856K) Class: 3741K(3904K)->3741K(3904K)
[26.276s][info][gc          ] GC(79) Pause Full (System.gc()) 774M->774M(6144M) 301.298ms
[26.575s][info][gc,metaspace] GC(80) Metaspace: 21374K(21760K)->21374K(21760K) NonClass: 17632K(17856K)->17632K(17856K) Class: 3741K(3904K)->3741K(3904K)
[26.575s][info][gc          ] GC(80) Pause Full (System.gc()) 774M->774M(6144M) 299.096ms
[26.874s][info][gc,metaspace] GC(81) Metaspace: 21374K(21760K)->21374K(21760K) NonClass: 17632K(17856K)->17632K(17856K) Class: 3741K(3904K)->3741K(3904K)
[26.874s][info][gc          ] GC(81) Pause Full (System.gc()) 774M->774M(6144M) 298.598ms
[27.166s][info][gc,metaspace] GC(82) Metaspace: 21374K(21760K)->21374K(21760K) NonClass: 17632K(17856K)->17632K(17856K) Class: 3741K(3904K)->3741K(3904K)
[27.166s][info][gc          ] GC(82) Pause Full (System.gc()) 774M->774M(6144M) 291.734ms
[27.461s][info][gc,metaspace] GC(83) Metaspace: 21374K(21760K)->21374K(21760K) NonClass: 17632K(17856K)->17632K(17856K) Class: 3741K(3904K)->3741K(3904K)
[27.461s][info][gc          ] GC(83) Pause Full (System.gc()) 774M->774M(6144M) 294.651ms
[27.735s][info][gc,metaspace] GC(84) Metaspace: 21374K(21760K)->21374K(21760K) NonClass: 17632K(17856K)->17632K(17856K) Class: 3741K(3904K)->3741K(3904K)
[27.735s][info][gc          ] GC(84) Pause Full (System.gc()) 774M->774M(6144M) 274.587ms
[28.036s][info][gc,metaspace] GC(85) Metaspace: 21374K(21760K)->21374K(21760K) NonClass: 17632K(17856K)->17632K(17856K) Class: 3741K(3904K)->3741K(3904K)
[28.036s][info][gc          ] GC(85) Pause Full (System.gc()) 774M->774M(6144M) 300.695ms
[28.319s][info][gc,metaspace] GC(86) Metaspace: 21374K(21760K)->21374K(21760K) NonClass: 17632K(17856K)->17632K(17856K) Class: 3741K(3904K)->3741K(3904K)
[28.319s][info][gc          ] GC(86) Pause Full (System.gc()) 774M->774M(6144M) 282.923ms
[28.602s][info][gc,metaspace] GC(87) Metaspace: 21374K(21760K)->21374K(21760K) NonClass: 17632K(17856K)->17632K(17856K) Class: 3741K(3904K)->3741K(3904K)
[28.602s][info][gc          ] GC(87) Pause Full (System.gc()) 774M->774M(6144M) 283.027ms
[28.901s][info][gc,metaspace] GC(88) Metaspace: 21374K(21760K)->21374K(21760K) NonClass: 17632K(17856K)->17632K(17856K) Class: 3741K(3904K)->3741K(3904K)
[28.901s][info][gc          ] GC(88) Pause Full (System.gc()) 774M->774M(6144M) 298.988ms
[29.203s][info][gc,metaspace] GC(89) Metaspace: 21374K(21760K)->21374K(21760K) NonClass: 17632K(17856K)->17632K(17856K) Class: 3741K(3904K)->3741K(3904K)
[29.203s][info][gc          ] GC(89) Pause Full (System.gc()) 774M->774M(6144M) 301.915ms
[29.497s][info][gc,metaspace] GC(90) Metaspace: 21374K(21760K)->21374K(21760K) NonClass: 17632K(17856K)->17632K(17856K) Class: 3741K(3904K)->3741K(3904K)
[29.497s][info][gc          ] GC(90) Pause Full (System.gc()) 774M->774M(6144M) 294.153ms
[29.783s][info][gc,metaspace] GC(91) Metaspace: 21374K(21760K)->21374K(21760K) NonClass: 17632K(17856K)->17632K(17856K) Class: 3741K(3904K)->3741K(3904K)
[29.783s][info][gc          ] GC(91) Pause Full (System.gc()) 774M->774M(6144M) 286.059ms
[30.081s][info][gc,metaspace] GC(92) Metaspace: 21374K(21760K)->21374K(21760K) NonClass: 17632K(17856K)->17632K(17856K) Class: 3741K(3904K)->3741K(3904K)
[30.081s][info][gc          ] GC(92) Pause Full (System.gc()) 774M->774M(6144M) 297.437ms
[30.368s][info][gc,metaspace] GC(93) Metaspace: 21374K(21760K)->21374K(21760K) NonClass: 17632K(17856K)->17632K(17856K) Class: 3741K(3904K)->3741K(3904K)
[30.368s][info][gc          ] GC(93) Pause Full (System.gc()) 774M->774M(6144M) 287.031ms
[30.695s][info][gc,metaspace] GC(94) Metaspace: 21374K(21760K)->21374K(21760K) NonClass: 17632K(17856K)->17632K(17856K) Class: 3741K(3904K)->3741K(3904K)
[30.695s][info][gc          ] GC(94) Pause Full (System.gc()) 774M->774M(6144M) 322.923ms
[31.006s][info][gc,metaspace] GC(95) Metaspace: 21374K(21760K)->21374K(21760K) NonClass: 17632K(17856K)->17632K(17856K) Class: 3741K(3904K)->3741K(3904K)
[31.006s][info][gc          ] GC(95) Pause Full (System.gc()) 774M->774M(6144M) 310.542ms
[31.300s][info][gc,metaspace] GC(96) Metaspace: 21374K(21760K)->21374K(21760K) NonClass: 17632K(17856K)->17632K(17856K) Class: 3741K(3904K)->3741K(3904K)
[31.300s][info][gc          ] GC(96) Pause Full (System.gc()) 774M->774M(6144M) 294.253ms
[31.585s][info][gc,metaspace] GC(97) Metaspace: 21374K(21760K)->21374K(21760K) NonClass: 17632K(17856K)->17632K(17856K) Class: 3741K(3904K)->3741K(3904K)
[31.585s][info][gc          ] GC(97) Pause Full (System.gc()) 774M->774M(6144M) 284.925ms
[31.881s][info][gc,metaspace] GC(98) Metaspace: 21374K(21760K)->21374K(21760K) NonClass: 17632K(17856K)->17632K(17856K) Class: 3741K(3904K)->3741K(3904K)
[31.881s][info][gc          ] GC(98) Pause Full (System.gc()) 774M->774M(6144M) 295.569ms
[32.184s][info][gc,metaspace] GC(99) Metaspace: 21374K(21760K)->21374K(21760K) NonClass: 17632K(17856K)->17632K(17856K) Class: 3741K(3904K)->3741K(3904K)
[32.184s][info][gc          ] GC(99) Pause Full (System.gc()) 774M->774M(6144M) 303.297ms
[32.469s][info][gc,metaspace] GC(100) Metaspace: 21374K(21760K)->21374K(21760K) NonClass: 17632K(17856K)->17632K(17856K) Class: 3741K(3904K)->3741K(3904K)
[32.469s][info][gc          ] GC(100) Pause Full (System.gc()) 774M->774M(6144M) 284.825ms
[32.755s][info][gc,metaspace] GC(101) Metaspace: 21374K(21760K)->21374K(21760K) NonClass: 17632K(17856K)->17632K(17856K) Class: 3741K(3904K)->3741K(3904K)
[32.755s][info][gc          ] GC(101) Pause Full (System.gc()) 774M->774M(6144M) 286.370ms
After GCs... 
