Done; will start GCs... 
[24.634s][info][gc          ] Trigger: GC request (System.gc())
[24.636s][info][gc          ] GC(11) Concurrent reset 2.248ms
[24.636s][info][gc          ] GC(11) Pause Init Mark (unload classes) 0.044ms
[24.637s][info][gc          ] GC(11) Concurrent marking roots 0.193ms
[26.131s][info][gc          ] GC(11) Concurrent marking (unload classes) 1494.103ms
[26.131s][info][gc          ] GC(11) Pause Final Mark (unload classes) 0.179ms
[26.135s][info][gc          ] GC(11) Concurrent thread roots 0.073ms
[26.135s][info][gc          ] GC(11) Concurrent weak references 0.045ms
[26.136s][info][gc          ] GC(11) Concurrent weak roots 0.552ms
[26.136s][info][gc          ] GC(11) Concurrent cleanup 1803M->1801M(6144M) 0.050ms
[26.137s][info][gc          ] GC(11) Concurrent class unloading 1.138ms
[26.137s][info][gc          ] GC(11) Concurrent strong roots 0.064ms
[26.140s][info][gc          ] GC(11) Concurrent evacuation 2.891ms
[26.140s][info][gc          ] GC(11) Pause Init Update Refs 0.005ms
[26.140s][info][gc          ] GC(11) At start of update refs, moving 4096K to Mutator free partition from Collector Reserve
[27.291s][info][gc          ] GC(11) Concurrent update references 1150.236ms
[27.291s][info][gc          ] GC(11) Concurrent update thread roots 0.243ms
[27.291s][info][gc          ] GC(11) Pause Final Update Refs 0.059ms
[27.291s][info][gc          ] GC(11) Concurrent cleanup 1805M->1801M(6144M) 0.051ms
[27.291s][info][gc,metaspace] Metaspace: 13089K(13568K)->13089K(13568K) NonClass: 11474K(11840K)->11474K(11840K) Class: 1614K(1728K)->1614K(1728K)
[27.292s][info][gc          ] Trigger: GC request (System.gc())
[27.295s][info][gc          ] GC(12) Concurrent reset 2.371ms
[27.295s][info][gc          ] GC(12) Pause Init Mark (unload classes) 0.040ms
[27.295s][info][gc          ] GC(12) Concurrent marking roots 0.091ms
[29.048s][info][gc          ] GC(12) Concurrent marking (unload classes) 1753.336ms
[29.048s][info][gc          ] GC(12) Pause Final Mark (unload classes) 0.180ms
[29.049s][info][gc          ] GC(12) Concurrent thread roots 0.081ms
[29.049s][info][gc          ] GC(12) Concurrent weak references 0.042ms
[29.049s][info][gc          ] GC(12) Concurrent weak roots 0.519ms
[29.049s][info][gc          ] GC(12) Concurrent cleanup 1801M->1801M(6144M) 0.050ms
[29.050s][info][gc          ] GC(12) Concurrent class unloading 1.024ms
[29.050s][info][gc          ] GC(12) Concurrent strong roots 0.070ms
[29.053s][info][gc          ] GC(12) Concurrent evacuation 2.881ms
[29.053s][info][gc          ] GC(12) Pause Init Update Refs 0.006ms
[29.053s][info][gc          ] GC(12) At start of update refs, moving 4096K to Mutator free partition from Collector Reserve
[30.181s][info][gc          ] GC(12) Concurrent update references 1127.567ms
[30.181s][info][gc          ] GC(12) Concurrent update thread roots 0.419ms
[30.182s][info][gc          ] GC(12) Pause Final Update Refs 0.058ms
[30.182s][info][gc          ] GC(12) Concurrent cleanup 1805M->1801M(6144M) 0.051ms
[30.182s][info][gc,metaspace] Metaspace: 13089K(13568K)->13089K(13568K) NonClass: 11474K(11840K)->11474K(11840K) Class: 1614K(1728K)->1614K(1728K)
[30.183s][info][gc          ] Trigger: GC request (System.gc())
[30.185s][info][gc          ] GC(13) Concurrent reset 2.183ms
[30.185s][info][gc          ] GC(13) Pause Init Mark (unload classes) 0.047ms
[30.185s][info][gc          ] GC(13) Concurrent marking roots 0.125ms
[31.524s][info][gc          ] GC(13) Concurrent marking (unload classes) 1338.538ms
[31.524s][info][gc          ] GC(13) Pause Final Mark (unload classes) 0.201ms
[31.528s][info][gc          ] GC(13) Concurrent thread roots 0.079ms
[31.528s][info][gc          ] GC(13) Concurrent weak references 0.045ms
[31.529s][info][gc          ] GC(13) Concurrent weak roots 0.506ms
[31.529s][info][gc          ] GC(13) Concurrent cleanup 1801M->1801M(6144M) 0.050ms
[31.530s][info][gc          ] GC(13) Concurrent class unloading 1.058ms
[31.530s][info][gc          ] GC(13) Concurrent strong roots 0.101ms
[31.533s][info][gc          ] GC(13) Concurrent evacuation 2.891ms
[31.533s][info][gc          ] GC(13) Pause Init Update Refs 0.005ms
[31.533s][info][gc          ] GC(13) At start of update refs, moving 4096K to Mutator free partition from Collector Reserve
[32.978s][info][gc          ] GC(13) Concurrent update references 1444.592ms
[32.978s][info][gc          ] GC(13) Concurrent update thread roots 0.400ms
[32.978s][info][gc          ] GC(13) Pause Final Update Refs 0.064ms
[32.979s][info][gc          ] GC(13) Concurrent cleanup 1805M->1801M(6144M) 0.053ms
[32.979s][info][gc,metaspace] Metaspace: 13089K(13568K)->13089K(13568K) NonClass: 11474K(11840K)->11474K(11840K) Class: 1614K(1728K)->1614K(1728K)
[32.980s][info][gc          ] Trigger: GC request (System.gc())
[32.982s][info][gc          ] GC(14) Concurrent reset 2.380ms
[32.982s][info][gc          ] GC(14) Pause Init Mark (unload classes) 0.045ms
[32.982s][info][gc          ] GC(14) Concurrent marking roots 0.094ms
[34.586s][info][gc          ] GC(14) Concurrent marking (unload classes) 1604.080ms
[34.587s][info][gc          ] GC(14) Pause Final Mark (unload classes) 0.191ms
[34.587s][info][gc          ] GC(14) Concurrent thread roots 0.082ms
[34.587s][info][gc          ] GC(14) Concurrent weak references 0.042ms
[34.587s][info][gc          ] GC(14) Concurrent weak roots 0.570ms
[34.588s][info][gc          ] GC(14) Concurrent cleanup 1801M->1801M(6144M) 0.050ms
[34.589s][info][gc          ] GC(14) Concurrent class unloading 1.133ms
[34.589s][info][gc          ] GC(14) Concurrent strong roots 0.094ms
[34.592s][info][gc          ] GC(14) Concurrent evacuation 2.872ms
[34.592s][info][gc          ] GC(14) Pause Init Update Refs 0.006ms
[34.592s][info][gc          ] GC(14) At start of update refs, moving 4096K to Mutator free partition from Collector Reserve
[35.981s][info][gc          ] GC(14) Concurrent update references 1388.943ms
[35.981s][info][gc          ] GC(14) Concurrent update thread roots 0.290ms
[35.981s][info][gc          ] GC(14) Pause Final Update Refs 0.063ms
[35.981s][info][gc          ] GC(14) Concurrent cleanup 1805M->1801M(6144M) 0.051ms
[35.981s][info][gc,metaspace] Metaspace: 13089K(13568K)->13089K(13568K) NonClass: 11474K(11840K)->11474K(11840K) Class: 1614K(1728K)->1614K(1728K)
[35.982s][info][gc          ] Trigger: GC request (System.gc())
[35.985s][info][gc          ] GC(15) Concurrent reset 2.087ms
[35.985s][info][gc          ] GC(15) Pause Init Mark (unload classes) 0.047ms
[35.985s][info][gc          ] GC(15) Concurrent marking roots 0.094ms
[37.223s][info][gc          ] GC(15) Concurrent marking (unload classes) 1237.695ms
[37.223s][info][gc          ] GC(15) Pause Final Mark (unload classes) 0.167ms
[37.223s][info][gc          ] GC(15) Concurrent thread roots 0.063ms
[37.223s][info][gc          ] GC(15) Concurrent weak references 0.040ms
[37.224s][info][gc          ] GC(15) Concurrent weak roots 0.540ms
[37.224s][info][gc          ] GC(15) Concurrent cleanup 1801M->1801M(6144M) 0.050ms
[37.225s][info][gc          ] GC(15) Concurrent class unloading 1.175ms
[37.225s][info][gc          ] GC(15) Concurrent strong roots 0.104ms
[37.228s][info][gc          ] GC(15) Concurrent evacuation 2.879ms
[37.228s][info][gc          ] GC(15) Pause Init Update Refs 0.006ms
[37.228s][info][gc          ] GC(15) At start of update refs, moving 4096K to Mutator free partition from Collector Reserve
[38.765s][info][gc          ] GC(15) Concurrent update references 1537.372ms
[38.766s][info][gc          ] GC(15) Concurrent update thread roots 0.285ms
[38.766s][info][gc          ] GC(15) Pause Final Update Refs 0.063ms
[38.766s][info][gc          ] GC(15) Concurrent cleanup 1805M->1801M(6144M) 0.051ms
[38.766s][info][gc,metaspace] Metaspace: 13089K(13568K)->13089K(13568K) NonClass: 11474K(11840K)->11474K(11840K) Class: 1614K(1728K)->1614K(1728K)
[38.767s][info][gc          ] Trigger: GC request (System.gc())
[38.770s][info][gc          ] GC(16) Concurrent reset 2.556ms
[38.770s][info][gc          ] GC(16) Pause Init Mark (unload classes) 0.044ms
[38.770s][info][gc          ] GC(16) Concurrent marking roots 0.081ms
[40.842s][info][gc          ] GC(16) Concurrent marking (unload classes) 2071.973ms
[40.842s][info][gc          ] GC(16) Pause Final Mark (unload classes) 0.159ms
[40.842s][info][gc          ] GC(16) Concurrent thread roots 0.078ms
[40.842s][info][gc          ] GC(16) Concurrent weak references 0.043ms
[40.843s][info][gc          ] GC(16) Concurrent weak roots 0.521ms
[40.843s][info][gc          ] GC(16) Concurrent cleanup 1801M->1801M(6144M) 0.050ms
[40.844s][info][gc          ] GC(16) Concurrent class unloading 1.207ms
[40.844s][info][gc          ] GC(16) Concurrent strong roots 0.064ms
[40.847s][info][gc          ] GC(16) Concurrent evacuation 2.986ms
[40.847s][info][gc          ] GC(16) Pause Init Update Refs 0.006ms
[40.847s][info][gc          ] GC(16) At start of update refs, moving 4096K to Mutator free partition from Collector Reserve
[41.997s][info][gc          ] GC(16) Concurrent update references 1149.996ms
[41.998s][info][gc          ] GC(16) Concurrent update thread roots 0.301ms
[41.998s][info][gc          ] GC(16) Pause Final Update Refs 0.064ms
[41.998s][info][gc          ] GC(16) Concurrent cleanup 1805M->1801M(6144M) 0.051ms
[41.998s][info][gc,metaspace] Metaspace: 13089K(13568K)->13089K(13568K) NonClass: 11474K(11840K)->11474K(11840K) Class: 1614K(1728K)->1614K(1728K)
[41.999s][info][gc          ] Trigger: GC request (System.gc())
[42.001s][info][gc          ] GC(17) Concurrent reset 2.160ms
[42.001s][info][gc          ] GC(17) Pause Init Mark (unload classes) 0.046ms
[42.001s][info][gc          ] GC(17) Concurrent marking roots 0.088ms
[43.968s][info][gc          ] GC(17) Concurrent marking (unload classes) 1966.265ms
[43.968s][info][gc          ] GC(17) Pause Final Mark (unload classes) 0.203ms
[43.968s][info][gc          ] GC(17) Concurrent thread roots 0.070ms
[43.968s][info][gc          ] GC(17) Concurrent weak references 0.044ms
[43.969s][info][gc          ] GC(17) Concurrent weak roots 0.544ms
[43.969s][info][gc          ] GC(17) Concurrent cleanup 1801M->1801M(6144M) 0.050ms
[43.970s][info][gc          ] GC(17) Concurrent class unloading 1.044ms
[43.970s][info][gc          ] GC(17) Concurrent strong roots 0.099ms
[43.973s][info][gc          ] GC(17) Concurrent evacuation 2.884ms
[43.973s][info][gc          ] GC(17) Pause Init Update Refs 0.007ms
[43.973s][info][gc          ] GC(17) At start of update refs, moving 4096K to Mutator free partition from Collector Reserve
[45.541s][info][gc          ] GC(17) Concurrent update references 1568.050ms
[45.541s][info][gc          ] GC(17) Concurrent update thread roots 0.290ms
[45.541s][info][gc          ] GC(17) Pause Final Update Refs 0.062ms
[45.542s][info][gc          ] GC(17) Concurrent cleanup 1805M->1801M(6144M) 0.051ms
[45.542s][info][gc,metaspace] Metaspace: 13089K(13568K)->13089K(13568K) NonClass: 11474K(11840K)->11474K(11840K) Class: 1614K(1728K)->1614K(1728K)
[45.543s][info][gc          ] Trigger: GC request (System.gc())
[45.545s][info][gc          ] GC(18) Concurrent reset 2.115ms
[45.545s][info][gc          ] GC(18) Pause Init Mark (unload classes) 0.046ms
[45.545s][info][gc          ] GC(18) Concurrent marking roots 0.098ms
[47.076s][info][gc          ] GC(18) Concurrent marking (unload classes) 1531.404ms
[47.077s][info][gc          ] GC(18) Pause Final Mark (unload classes) 0.174ms
[47.077s][info][gc          ] GC(18) Concurrent thread roots 0.064ms
[47.077s][info][gc          ] GC(18) Concurrent weak references 0.044ms
[47.077s][info][gc          ] GC(18) Concurrent weak roots 0.491ms
[47.077s][info][gc          ] GC(18) Concurrent cleanup 1801M->1801M(6144M) 0.050ms
[47.079s][info][gc          ] GC(18) Concurrent class unloading 1.166ms
[47.079s][info][gc          ] GC(18) Concurrent strong roots 0.063ms
[47.082s][info][gc          ] GC(18) Concurrent evacuation 2.898ms
[47.082s][info][gc          ] GC(18) Pause Init Update Refs 0.007ms
[47.082s][info][gc          ] GC(18) At start of update refs, moving 4096K to Mutator free partition from Collector Reserve
[47.994s][info][gc          ] GC(18) Concurrent update references 912.436ms
[47.995s][info][gc          ] GC(18) Concurrent update thread roots 0.289ms
[47.995s][info][gc          ] GC(18) Pause Final Update Refs 0.062ms
[47.995s][info][gc          ] GC(18) Concurrent cleanup 1805M->1801M(6144M) 0.051ms
[47.995s][info][gc,metaspace] Metaspace: 13089K(13568K)->13089K(13568K) NonClass: 11474K(11840K)->11474K(11840K) Class: 1614K(1728K)->1614K(1728K)
[47.996s][info][gc          ] Trigger: GC request (System.gc())
[47.998s][info][gc          ] GC(19) Concurrent reset 2.437ms
[47.998s][info][gc          ] GC(19) Pause Init Mark (unload classes) 0.045ms
[47.999s][info][gc          ] GC(19) Concurrent marking roots 0.089ms
[50.053s][info][gc          ] GC(19) Concurrent marking (unload classes) 2054.287ms
[50.053s][info][gc          ] GC(19) Pause Final Mark (unload classes) 0.172ms
[50.053s][info][gc          ] GC(19) Concurrent thread roots 0.069ms
[50.053s][info][gc          ] GC(19) Concurrent weak references 0.041ms
[50.054s][info][gc          ] GC(19) Concurrent weak roots 0.541ms
[50.054s][info][gc          ] GC(19) Concurrent cleanup 1801M->1801M(6144M) 0.050ms
[50.055s][info][gc          ] GC(19) Concurrent class unloading 1.077ms
[50.055s][info][gc          ] GC(19) Concurrent strong roots 0.091ms
[50.058s][info][gc          ] GC(19) Concurrent evacuation 2.906ms
[50.058s][info][gc          ] GC(19) Pause Init Update Refs 0.006ms
[50.058s][info][gc          ] GC(19) At start of update refs, moving 4096K to Mutator free partition from Collector Reserve
[51.634s][info][gc          ] GC(19) Concurrent update references 1575.453ms
[51.634s][info][gc          ] GC(19) Concurrent update thread roots 0.296ms
[51.634s][info][gc          ] GC(19) Pause Final Update Refs 0.070ms
[51.634s][info][gc          ] GC(19) Concurrent cleanup 1805M->1801M(6144M) 0.051ms
[51.634s][info][gc,metaspace] Metaspace: 13089K(13568K)->13089K(13568K) NonClass: 11474K(11840K)->11474K(11840K) Class: 1614K(1728K)->1614K(1728K)
[51.635s][info][gc          ] Trigger: GC request (System.gc())
[51.684s][info][gc          ] GC(20) Concurrent reset 48.921ms
[51.684s][info][gc          ] GC(20) Pause Init Mark (unload classes) 0.043ms
[51.685s][info][gc          ] GC(20) Concurrent marking roots 0.107ms
[53.219s][info][gc          ] GC(20) Concurrent marking (unload classes) 1534.872ms
[53.220s][info][gc          ] GC(20) Pause Final Mark (unload classes) 0.191ms
[53.220s][info][gc          ] GC(20) Concurrent thread roots 0.073ms
[53.220s][info][gc          ] GC(20) Concurrent weak references 0.044ms
[53.220s][info][gc          ] GC(20) Concurrent weak roots 0.517ms
[53.220s][info][gc          ] GC(20) Concurrent cleanup 1801M->1801M(6144M) 0.050ms
[53.222s][info][gc          ] GC(20) Concurrent class unloading 1.197ms
[53.222s][info][gc          ] GC(20) Concurrent strong roots 0.062ms
[53.225s][info][gc          ] GC(20) Concurrent evacuation 2.902ms
[53.225s][info][gc          ] GC(20) Pause Init Update Refs 0.005ms
[53.225s][info][gc          ] GC(20) At start of update refs, moving 4096K to Mutator free partition from Collector Reserve
[54.377s][info][gc          ] GC(20) Concurrent update references 1151.788ms
[54.377s][info][gc          ] GC(20) Concurrent update thread roots 0.246ms
[54.377s][info][gc          ] GC(20) Pause Final Update Refs 0.056ms
[54.377s][info][gc          ] GC(20) Concurrent cleanup 1805M->1801M(6144M) 0.051ms
[54.377s][info][gc,metaspace] Metaspace: 13089K(13568K)->13089K(13568K) NonClass: 11474K(11840K)->11474K(11840K) Class: 1614K(1728K)->1614K(1728K)
[54.378s][info][gc          ] Trigger: GC request (System.gc())
[54.381s][info][gc          ] GC(21) Concurrent reset 2.535ms
[54.381s][info][gc          ] GC(21) Pause Init Mark (unload classes) 0.045ms
[54.381s][info][gc          ] GC(21) Concurrent marking roots 0.089ms
[55.965s][info][gc          ] GC(21) Concurrent marking (unload classes) 1583.899ms
[55.965s][info][gc          ] GC(21) Pause Final Mark (unload classes) 0.192ms
[55.965s][info][gc          ] GC(21) Concurrent thread roots 0.079ms
[55.965s][info][gc          ] GC(21) Concurrent weak references 0.044ms
[55.966s][info][gc          ] GC(21) Concurrent weak roots 0.492ms
[55.966s][info][gc          ] GC(21) Concurrent cleanup 1801M->1801M(6144M) 0.050ms
[55.967s][info][gc          ] GC(21) Concurrent class unloading 1.157ms
[55.967s][info][gc          ] GC(21) Concurrent strong roots 0.061ms
[55.970s][info][gc          ] GC(21) Concurrent evacuation 2.885ms
[55.970s][info][gc          ] GC(21) Pause Init Update Refs 0.007ms
[55.970s][info][gc          ] GC(21) At start of update refs, moving 4096K to Mutator free partition from Collector Reserve
[57.157s][info][gc          ] GC(21) Concurrent update references 1187.257ms
[57.158s][info][gc          ] GC(21) Concurrent update thread roots 0.355ms
[57.158s][info][gc          ] GC(21) Pause Final Update Refs 0.063ms
[57.158s][info][gc          ] GC(21) Concurrent cleanup 1805M->1801M(6144M) 0.051ms
[57.158s][info][gc,metaspace] Metaspace: 13089K(13568K)->13089K(13568K) NonClass: 11474K(11840K)->11474K(11840K) Class: 1614K(1728K)->1614K(1728K)
[57.159s][info][gc          ] Trigger: GC request (System.gc())
[57.161s][info][gc          ] GC(22) Concurrent reset 2.236ms
[57.162s][info][gc          ] GC(22) Pause Init Mark (unload classes) 0.046ms
[57.162s][info][gc          ] GC(22) Concurrent marking roots 0.076ms
[58.769s][info][gc          ] GC(22) Concurrent marking (unload classes) 1607.722ms
[58.770s][info][gc          ] GC(22) Pause Final Mark (unload classes) 0.187ms
[58.770s][info][gc          ] GC(22) Concurrent thread roots 0.069ms
[58.770s][info][gc          ] GC(22) Concurrent weak references 0.045ms
[58.770s][info][gc          ] GC(22) Concurrent weak roots 0.489ms
[58.770s][info][gc          ] GC(22) Concurrent cleanup 1801M->1801M(6144M) 0.050ms
[58.772s][info][gc          ] GC(22) Concurrent class unloading 1.286ms
[58.772s][info][gc          ] GC(22) Concurrent strong roots 0.062ms
[58.775s][info][gc          ] GC(22) Concurrent evacuation 2.898ms
[58.775s][info][gc          ] GC(22) Pause Init Update Refs 0.006ms
[58.775s][info][gc          ] GC(22) At start of update refs, moving 4096K to Mutator free partition from Collector Reserve
[59.927s][info][gc          ] GC(22) Concurrent update references 1151.874ms
[59.927s][info][gc          ] GC(22) Concurrent update thread roots 0.245ms
[59.927s][info][gc          ] GC(22) Pause Final Update Refs 0.056ms
[59.927s][info][gc          ] GC(22) Concurrent cleanup 1805M->1801M(6144M) 0.053ms
[59.927s][info][gc,metaspace] Metaspace: 13089K(13568K)->13089K(13568K) NonClass: 11474K(11840K)->11474K(11840K) Class: 1614K(1728K)->1614K(1728K)
[59.928s][info][gc          ] Trigger: GC request (System.gc())
[59.931s][info][gc          ] GC(23) Concurrent reset 2.709ms
[59.931s][info][gc          ] GC(23) Pause Init Mark (unload classes) 0.046ms
[59.931s][info][gc          ] GC(23) Concurrent marking roots 0.080ms
[61.937s][info][gc          ] GC(23) Concurrent marking (unload classes) 2005.538ms
[61.937s][info][gc          ] GC(23) Pause Final Mark (unload classes) 0.180ms
[61.941s][info][gc          ] GC(23) Concurrent thread roots 0.073ms
[61.941s][info][gc          ] GC(23) Concurrent weak references 0.047ms
[61.942s][info][gc          ] GC(23) Concurrent weak roots 0.515ms
[61.942s][info][gc          ] GC(23) Concurrent cleanup 1803M->1803M(6144M) 0.050ms
[61.943s][info][gc          ] GC(23) Concurrent class unloading 1.169ms
[61.943s][info][gc          ] GC(23) Concurrent strong roots 0.067ms
[61.946s][info][gc          ] GC(23) Concurrent evacuation 2.891ms
[61.946s][info][gc          ] GC(23) Pause Init Update Refs 0.006ms
[61.946s][info][gc          ] GC(23) At start of update refs, moving 4096K to Mutator free partition from Collector Reserve
[63.112s][info][gc          ] GC(23) Concurrent update references 1165.289ms
[63.112s][info][gc          ] GC(23) Concurrent update thread roots 0.328ms
[63.112s][info][gc          ] GC(23) Pause Final Update Refs 0.065ms
[63.112s][info][gc          ] GC(23) Concurrent cleanup 1807M->1803M(6144M) 0.051ms
[63.112s][info][gc,metaspace] Metaspace: 13089K(13568K)->13089K(13568K) NonClass: 11474K(11840K)->11474K(11840K) Class: 1614K(1728K)->1614K(1728K)
[63.113s][info][gc          ] Trigger: GC request (System.gc())
[63.116s][info][gc          ] GC(24) Concurrent reset 2.370ms
[63.116s][info][gc          ] GC(24) Pause Init Mark (unload classes) 0.058ms
[63.116s][info][gc          ] GC(24) Concurrent marking roots 0.099ms
[64.758s][info][gc          ] GC(24) Concurrent marking (unload classes) 1642.084ms
[64.758s][info][gc          ] GC(24) Pause Final Mark (unload classes) 0.182ms
[64.759s][info][gc          ] GC(24) Concurrent thread roots 0.070ms
[64.759s][info][gc          ] GC(24) Concurrent weak references 0.044ms
[64.759s][info][gc          ] GC(24) Concurrent weak roots 0.528ms
[64.759s][info][gc          ] GC(24) Concurrent cleanup 1803M->1803M(6144M) 0.050ms
[64.760s][info][gc          ] GC(24) Concurrent class unloading 1.223ms
[64.760s][info][gc          ] GC(24) Concurrent strong roots 0.070ms
[64.763s][info][gc          ] GC(24) Concurrent evacuation 2.902ms
[64.764s][info][gc          ] GC(24) Pause Init Update Refs 0.007ms
[64.764s][info][gc          ] GC(24) At start of update refs, moving 8192K to Mutator free partition from Collector Reserve
[65.987s][info][gc          ] GC(24) Concurrent update references 1223.612ms
[65.988s][info][gc          ] GC(24) Concurrent update thread roots 0.297ms
[65.988s][info][gc          ] GC(24) Pause Final Update Refs 0.064ms
[65.988s][info][gc          ] GC(24) Concurrent cleanup 1807M->1801M(6144M) 0.051ms
[65.988s][info][gc,metaspace] Metaspace: 13089K(13568K)->13089K(13568K) NonClass: 11474K(11840K)->11474K(11840K) Class: 1614K(1728K)->1614K(1728K)
[65.989s][info][gc          ] Trigger: GC request (System.gc())
[65.991s][info][gc          ] GC(25) Concurrent reset 2.287ms
[65.991s][info][gc          ] GC(25) Pause Init Mark (unload classes) 0.047ms
[65.991s][info][gc          ] GC(25) Concurrent marking roots 0.082ms
[68.000s][info][gc          ] GC(25) Concurrent marking (unload classes) 2008.783ms
[68.001s][info][gc          ] GC(25) Pause Final Mark (unload classes) 0.173ms
[68.001s][info][gc          ] GC(25) Concurrent thread roots 0.079ms
[68.001s][info][gc          ] GC(25) Concurrent weak references 0.043ms
[68.001s][info][gc          ] GC(25) Concurrent weak roots 0.574ms
[68.001s][info][gc          ] GC(25) Concurrent cleanup 1801M->1801M(6144M) 0.050ms
[68.002s][info][gc          ] GC(25) Concurrent class unloading 1.043ms
[68.003s][info][gc          ] GC(25) Concurrent strong roots 0.090ms
[68.005s][info][gc          ] GC(25) Concurrent evacuation 2.902ms
[68.006s][info][gc          ] GC(25) Pause Init Update Refs 0.006ms
[68.006s][info][gc          ] GC(25) At start of update refs, moving 4096K to Mutator free partition from Collector Reserve
[69.573s][info][gc          ] GC(25) Concurrent update references 1567.765ms
[69.574s][info][gc          ] GC(25) Concurrent update thread roots 0.301ms
[69.574s][info][gc          ] GC(25) Pause Final Update Refs 0.070ms
[69.574s][info][gc          ] GC(25) Concurrent cleanup 1805M->1801M(6144M) 0.051ms
[69.574s][info][gc,metaspace] Metaspace: 13089K(13568K)->13089K(13568K) NonClass: 11474K(11840K)->11474K(11840K) Class: 1614K(1728K)->1614K(1728K)
[69.575s][info][gc          ] Trigger: GC request (System.gc())
[69.577s][info][gc          ] GC(26) Concurrent reset 2.165ms
[69.577s][info][gc          ] GC(26) Pause Init Mark (unload classes) 0.045ms
[69.577s][info][gc          ] GC(26) Concurrent marking roots 0.078ms
[71.351s][info][gc          ] GC(26) Concurrent marking (unload classes) 1773.704ms
[71.351s][info][gc          ] GC(26) Pause Final Mark (unload classes) 0.178ms
[71.351s][info][gc          ] GC(26) Concurrent thread roots 0.068ms
[71.352s][info][gc          ] GC(26) Concurrent weak references 0.044ms
[71.352s][info][gc          ] GC(26) Concurrent weak roots 0.484ms
[71.352s][info][gc          ] GC(26) Concurrent cleanup 1801M->1801M(6144M) 0.050ms
[71.353s][info][gc          ] GC(26) Concurrent class unloading 1.140ms
[71.353s][info][gc          ] GC(26) Concurrent strong roots 0.060ms
[71.356s][info][gc          ] GC(26) Concurrent evacuation 2.903ms
[71.356s][info][gc          ] GC(26) Pause Init Update Refs 0.007ms
[71.356s][info][gc          ] GC(26) At start of update refs, moving 4096K to Mutator free partition from Collector Reserve
[72.445s][info][gc          ] GC(26) Concurrent update references 1089.163ms
[72.446s][info][gc          ] GC(26) Concurrent update thread roots 0.231ms
[72.446s][info][gc          ] GC(26) Pause Final Update Refs 0.058ms
[72.446s][info][gc          ] GC(26) Concurrent cleanup 1805M->1801M(6144M) 0.051ms
[72.446s][info][gc,metaspace] Metaspace: 13089K(13568K)->13089K(13568K) NonClass: 11474K(11840K)->11474K(11840K) Class: 1614K(1728K)->1614K(1728K)
[72.447s][info][gc          ] Trigger: GC request (System.gc())
[72.450s][info][gc          ] GC(27) Concurrent reset 2.533ms
[72.450s][info][gc          ] GC(27) Pause Init Mark (unload classes) 0.048ms
[72.450s][info][gc          ] GC(27) Concurrent marking roots 0.106ms
[74.020s][info][gc          ] GC(27) Concurrent marking (unload classes) 1569.937ms
[74.020s][info][gc          ] GC(27) Pause Final Mark (unload classes) 0.223ms
[74.020s][info][gc          ] GC(27) Concurrent thread roots 0.076ms
[74.020s][info][gc          ] GC(27) Concurrent weak references 0.044ms
[74.021s][info][gc          ] GC(27) Concurrent weak roots 0.472ms
[74.021s][info][gc          ] GC(27) Concurrent cleanup 1801M->1801M(6144M) 0.050ms
[74.022s][info][gc          ] GC(27) Concurrent class unloading 1.267ms
[74.022s][info][gc          ] GC(27) Concurrent strong roots 0.061ms
[74.025s][info][gc          ] GC(27) Concurrent evacuation 2.916ms
[74.025s][info][gc          ] GC(27) Pause Init Update Refs 0.006ms
[74.025s][info][gc          ] GC(27) At start of update refs, moving 4096K to Mutator free partition from Collector Reserve
[75.188s][info][gc          ] GC(27) Concurrent update references 1162.527ms
[75.188s][info][gc          ] GC(27) Concurrent update thread roots 0.323ms
[75.188s][info][gc          ] GC(27) Pause Final Update Refs 0.066ms
[75.188s][info][gc          ] GC(27) Concurrent cleanup 1805M->1801M(6144M) 0.053ms
[75.188s][info][gc,metaspace] Metaspace: 13089K(13568K)->13089K(13568K) NonClass: 11474K(11840K)->11474K(11840K) Class: 1614K(1728K)->1614K(1728K)
[75.189s][info][gc          ] Trigger: GC request (System.gc())
[75.192s][info][gc          ] GC(28) Concurrent reset 2.299ms
[75.192s][info][gc          ] GC(28) Pause Init Mark (unload classes) 0.049ms
[75.192s][info][gc          ] GC(28) Concurrent marking roots 0.087ms
[77.086s][info][gc          ] GC(28) Concurrent marking (unload classes) 1894.059ms
[77.086s][info][gc          ] GC(28) Pause Final Mark (unload classes) 0.185ms
[77.086s][info][gc          ] GC(28) Concurrent thread roots 0.061ms
[77.087s][info][gc          ] GC(28) Concurrent weak references 0.042ms
[77.087s][info][gc          ] GC(28) Concurrent weak roots 0.488ms
[77.087s][info][gc          ] GC(28) Concurrent cleanup 1801M->1801M(6144M) 0.050ms
[77.088s][info][gc          ] GC(28) Concurrent class unloading 1.152ms
[77.088s][info][gc          ] GC(28) Concurrent strong roots 0.064ms
[77.091s][info][gc          ] GC(28) Concurrent evacuation 2.866ms
[77.091s][info][gc          ] GC(28) Pause Init Update Refs 0.007ms
[77.091s][info][gc          ] GC(28) At start of update refs, moving 4096K to Mutator free partition from Collector Reserve
[77.998s][info][gc          ] GC(28) Concurrent update references 906.660ms
[77.998s][info][gc          ] GC(28) Concurrent update thread roots 0.245ms
[77.998s][info][gc          ] GC(28) Pause Final Update Refs 0.058ms
[77.999s][info][gc          ] GC(28) Concurrent cleanup 1805M->1801M(6144M) 0.051ms
[77.999s][info][gc,metaspace] Metaspace: 13089K(13568K)->13089K(13568K) NonClass: 11474K(11840K)->11474K(11840K) Class: 1614K(1728K)->1614K(1728K)
[78.000s][info][gc          ] Trigger: GC request (System.gc())
[78.002s][info][gc          ] GC(29) Concurrent reset 2.452ms
[78.002s][info][gc          ] GC(29) Pause Init Mark (unload classes) 0.044ms
[78.002s][info][gc          ] GC(29) Concurrent marking roots 0.087ms
[79.696s][info][gc          ] GC(29) Concurrent marking (unload classes) 1693.595ms
[79.696s][info][gc          ] GC(29) Pause Final Mark (unload classes) 0.186ms
[79.700s][info][gc          ] GC(29) Concurrent thread roots 0.074ms
[79.701s][info][gc          ] GC(29) Concurrent weak references 0.076ms
[79.701s][info][gc          ] GC(29) Concurrent weak roots 0.508ms
[79.701s][info][gc          ] GC(29) Concurrent cleanup 1801M->1801M(6144M) 0.050ms
[79.702s][info][gc          ] GC(29) Concurrent class unloading 1.222ms
[79.702s][info][gc          ] GC(29) Concurrent strong roots 0.065ms
[79.708s][info][gc          ] GC(29) Concurrent evacuation 5.238ms
[79.708s][info][gc          ] GC(29) Pause Init Update Refs 0.006ms
[79.708s][info][gc          ] GC(29) At start of update refs, moving 4096K to Mutator free partition from Collector Reserve
[80.764s][info][gc          ] GC(29) Concurrent update references 1056.080ms
[80.764s][info][gc          ] GC(29) Concurrent update thread roots 0.240ms
[80.764s][info][gc          ] GC(29) Pause Final Update Refs 0.059ms
[80.764s][info][gc          ] GC(29) Concurrent cleanup 1805M->1801M(6144M) 0.051ms
[80.764s][info][gc,metaspace] Metaspace: 13089K(13568K)->13089K(13568K) NonClass: 11474K(11840K)->11474K(11840K) Class: 1614K(1728K)->1614K(1728K)
[80.766s][info][gc          ] Trigger: GC request (System.gc())
[80.768s][info][gc          ] GC(30) Concurrent reset 2.673ms
[80.768s][info][gc          ] GC(30) Pause Init Mark (unload classes) 0.044ms
[80.768s][info][gc          ] GC(30) Concurrent marking roots 0.097ms
[82.378s][info][gc          ] GC(30) Concurrent marking (unload classes) 1609.367ms
[82.378s][info][gc          ] GC(30) Pause Final Mark (unload classes) 0.210ms
[82.378s][info][gc          ] GC(30) Concurrent thread roots 0.071ms
[82.378s][info][gc          ] GC(30) Concurrent weak references 0.043ms
[82.379s][info][gc          ] GC(30) Concurrent weak roots 0.508ms
[82.379s][info][gc          ] GC(30) Concurrent cleanup 1801M->1801M(6144M) 0.050ms
[82.380s][info][gc          ] GC(30) Concurrent class unloading 1.314ms
[82.380s][info][gc          ] GC(30) Concurrent strong roots 0.061ms
[82.383s][info][gc          ] GC(30) Concurrent evacuation 2.861ms
[82.383s][info][gc          ] GC(30) Pause Init Update Refs 0.006ms
[82.383s][info][gc          ] GC(30) At start of update refs, moving 4096K to Mutator free partition from Collector Reserve
[83.537s][info][gc          ] GC(30) Concurrent update references 1153.371ms
[83.537s][info][gc          ] GC(30) Concurrent update thread roots 0.245ms
[83.537s][info][gc          ] GC(30) Pause Final Update Refs 0.059ms
[83.537s][info][gc          ] GC(30) Concurrent cleanup 1805M->1801M(6144M) 0.053ms
[83.537s][info][gc,metaspace] Metaspace: 13089K(13568K)->13089K(13568K) NonClass: 11474K(11840K)->11474K(11840K) Class: 1614K(1728K)->1614K(1728K)
[83.538s][info][gc          ] Trigger: GC request (System.gc())
[83.541s][info][gc          ] GC(31) Concurrent reset 2.557ms
[83.541s][info][gc          ] GC(31) Pause Init Mark (unload classes) 0.040ms
[83.541s][info][gc          ] GC(31) Concurrent marking roots 0.074ms
[85.086s][info][gc          ] GC(31) Concurrent marking (unload classes) 1544.576ms
[85.086s][info][gc          ] GC(31) Pause Final Mark (unload classes) 0.164ms
[85.086s][info][gc          ] GC(31) Concurrent thread roots 0.085ms
[85.086s][info][gc          ] GC(31) Concurrent weak references 0.044ms
[85.087s][info][gc          ] GC(31) Concurrent weak roots 0.488ms
[85.087s][info][gc          ] GC(31) Concurrent cleanup 1801M->1801M(6144M) 0.050ms
[85.088s][info][gc          ] GC(31) Concurrent class unloading 1.084ms
[85.088s][info][gc          ] GC(31) Concurrent strong roots 0.119ms
[85.091s][info][gc          ] GC(31) Concurrent evacuation 2.858ms
[85.091s][info][gc          ] GC(31) Pause Init Update Refs 0.006ms
[85.091s][info][gc          ] GC(31) At start of update refs, moving 4096K to Mutator free partition from Collector Reserve
[86.709s][info][gc          ] GC(31) Concurrent update references 1617.545ms
[86.709s][info][gc          ] GC(31) Concurrent update thread roots 0.292ms
[86.709s][info][gc          ] GC(31) Pause Final Update Refs 0.061ms
[86.709s][info][gc          ] GC(31) Concurrent cleanup 1805M->1801M(6144M) 0.051ms
[86.709s][info][gc,metaspace] Metaspace: 13089K(13568K)->13089K(13568K) NonClass: 11474K(11840K)->11474K(11840K) Class: 1614K(1728K)->1614K(1728K)
[86.710s][info][gc          ] Trigger: GC request (System.gc())
[86.712s][info][gc          ] GC(32) Concurrent reset 2.133ms
[86.712s][info][gc          ] GC(32) Pause Init Mark (unload classes) 0.047ms
[86.713s][info][gc          ] GC(32) Concurrent marking roots 0.081ms
[88.396s][info][gc          ] GC(32) Concurrent marking (unload classes) 1682.985ms
[88.396s][info][gc          ] GC(32) Pause Final Mark (unload classes) 0.170ms
[88.396s][info][gc          ] GC(32) Concurrent thread roots 0.066ms
[88.396s][info][gc          ] GC(32) Concurrent weak references 0.046ms
[88.397s][info][gc          ] GC(32) Concurrent weak roots 0.505ms
[88.397s][info][gc          ] GC(32) Concurrent cleanup 1801M->1801M(6144M) 0.050ms
[88.398s][info][gc          ] GC(32) Concurrent class unloading 1.285ms
[88.398s][info][gc          ] GC(32) Concurrent strong roots 0.060ms
[88.401s][info][gc          ] GC(32) Concurrent evacuation 2.890ms
[88.401s][info][gc          ] GC(32) Pause Init Update Refs 0.006ms
[88.401s][info][gc          ] GC(32) At start of update refs, moving 4096K to Mutator free partition from Collector Reserve
[89.552s][info][gc          ] GC(32) Concurrent update references 1151.410ms
[89.553s][info][gc          ] GC(32) Concurrent update thread roots 0.247ms
[89.553s][info][gc          ] GC(32) Pause Final Update Refs 0.057ms
[89.553s][info][gc          ] GC(32) Concurrent cleanup 1805M->1801M(6144M) 0.051ms
[89.553s][info][gc,metaspace] Metaspace: 13089K(13568K)->13089K(13568K) NonClass: 11474K(11840K)->11474K(11840K) Class: 1614K(1728K)->1614K(1728K)
[89.554s][info][gc          ] Trigger: GC request (System.gc())
[89.557s][info][gc          ] GC(33) Concurrent reset 2.556ms
[89.557s][info][gc          ] GC(33) Pause Init Mark (unload classes) 0.045ms
[89.557s][info][gc          ] GC(33) Concurrent marking roots 0.097ms
[91.099s][info][gc          ] GC(33) Concurrent marking (unload classes) 1542.064ms
[91.099s][info][gc          ] GC(33) Pause Final Mark (unload classes) 0.187ms
[91.099s][info][gc          ] GC(33) Concurrent thread roots 0.065ms
[91.099s][info][gc          ] GC(33) Concurrent weak references 0.071ms
[91.100s][info][gc          ] GC(33) Concurrent weak roots 0.491ms
[91.100s][info][gc          ] GC(33) Concurrent cleanup 1801M->1801M(6144M) 0.070ms
[91.101s][info][gc          ] GC(33) Concurrent class unloading 1.319ms
[91.101s][info][gc          ] GC(33) Concurrent strong roots 0.063ms
[91.107s][info][gc          ] GC(33) Concurrent evacuation 5.191ms
[91.107s][info][gc          ] GC(33) Pause Init Update Refs 0.006ms
[91.107s][info][gc          ] GC(33) At start of update refs, moving 4096K to Mutator free partition from Collector Reserve
[92.039s][info][gc          ] GC(33) Concurrent update references 932.270ms
[92.039s][info][gc          ] GC(33) Concurrent update thread roots 0.288ms
[92.039s][info][gc          ] GC(33) Pause Final Update Refs 0.062ms
[92.039s][info][gc          ] GC(33) Concurrent cleanup 1805M->1801M(6144M) 0.050ms
[92.040s][info][gc,metaspace] Metaspace: 13089K(13568K)->13089K(13568K) NonClass: 11474K(11840K)->11474K(11840K) Class: 1614K(1728K)->1614K(1728K)
[92.041s][info][gc          ] Trigger: GC request (System.gc())
[92.043s][info][gc          ] GC(34) Concurrent reset 2.308ms
[92.043s][info][gc          ] GC(34) Pause Init Mark (unload classes) 0.047ms
[92.043s][info][gc          ] GC(34) Concurrent marking roots 0.079ms
[94.028s][info][gc          ] GC(34) Concurrent marking (unload classes) 1984.356ms
[94.028s][info][gc          ] GC(34) Pause Final Mark (unload classes) 0.189ms
[94.028s][info][gc          ] GC(34) Concurrent thread roots 0.101ms
[94.028s][info][gc          ] GC(34) Concurrent weak references 0.043ms
[94.029s][info][gc          ] GC(34) Concurrent weak roots 0.507ms
[94.029s][info][gc          ] GC(34) Concurrent cleanup 1801M->1801M(6144M) 0.050ms
[94.030s][info][gc          ] GC(34) Concurrent class unloading 1.285ms
[94.030s][info][gc          ] GC(34) Concurrent strong roots 0.065ms
[94.033s][info][gc          ] GC(34) Concurrent evacuation 2.904ms
[94.033s][info][gc          ] GC(34) Pause Init Update Refs 0.006ms
[94.033s][info][gc          ] GC(34) At start of update refs, moving 4096K to Mutator free partition from Collector Reserve
[95.215s][info][gc          ] GC(34) Concurrent update references 1181.863ms
[95.215s][info][gc          ] GC(34) Concurrent update thread roots 0.268ms
[95.215s][info][gc          ] GC(34) Pause Final Update Refs 0.057ms
[95.215s][info][gc          ] GC(34) Concurrent cleanup 1805M->1801M(6144M) 0.051ms
[95.215s][info][gc,metaspace] Metaspace: 13089K(13568K)->13089K(13568K) NonClass: 11474K(11840K)->11474K(11840K) Class: 1614K(1728K)->1614K(1728K)
[95.216s][info][gc          ] Trigger: GC request (System.gc())
[95.219s][info][gc          ] GC(35) Concurrent reset 2.535ms
[95.219s][info][gc          ] GC(35) Pause Init Mark (unload classes) 0.045ms
[95.219s][info][gc          ] GC(35) Concurrent marking roots 0.089ms
[96.856s][info][gc          ] GC(35) Concurrent marking (unload classes) 1636.917ms
[96.856s][info][gc          ] GC(35) Pause Final Mark (unload classes) 0.180ms
[96.857s][info][gc          ] GC(35) Concurrent thread roots 0.072ms
[96.857s][info][gc          ] GC(35) Concurrent weak references 0.044ms
[96.857s][info][gc          ] GC(35) Concurrent weak roots 0.475ms
[96.857s][info][gc          ] GC(35) Concurrent cleanup 1801M->1801M(6144M) 0.050ms
[96.858s][info][gc          ] GC(35) Concurrent class unloading 1.068ms
[96.858s][info][gc          ] GC(35) Concurrent strong roots 0.061ms
[96.861s][info][gc          ] GC(35) Concurrent evacuation 2.897ms
[96.861s][info][gc          ] GC(35) Pause Init Update Refs 0.006ms
[96.861s][info][gc          ] GC(35) At start of update refs, moving 4096K to Mutator free partition from Collector Reserve
[98.014s][info][gc          ] GC(35) Concurrent update references 1152.488ms
[98.014s][info][gc          ] GC(35) Concurrent update thread roots 0.301ms
[98.014s][info][gc          ] GC(35) Pause Final Update Refs 0.071ms
[98.014s][info][gc          ] GC(35) Concurrent cleanup 1805M->1801M(6144M) 0.051ms
[98.014s][info][gc,metaspace] Metaspace: 13089K(13568K)->13089K(13568K) NonClass: 11474K(11840K)->11474K(11840K) Class: 1614K(1728K)->1614K(1728K)
[98.015s][info][gc          ] Trigger: GC request (System.gc())
[98.018s][info][gc          ] GC(36) Concurrent reset 2.384ms
[98.018s][info][gc          ] GC(36) Pause Init Mark (unload classes) 0.055ms
[98.018s][info][gc          ] GC(36) Concurrent marking roots 0.105ms
[99.805s][info][gc          ] GC(36) Concurrent marking (unload classes) 1786.934ms
[99.805s][info][gc          ] GC(36) Pause Final Mark (unload classes) 0.172ms
[99.805s][info][gc          ] GC(36) Concurrent thread roots 0.078ms
[99.806s][info][gc          ] GC(36) Concurrent weak references 0.042ms
[99.806s][info][gc          ] GC(36) Concurrent weak roots 0.510ms
[99.806s][info][gc          ] GC(36) Concurrent cleanup 1801M->1801M(6144M) 0.050ms
[99.807s][info][gc          ] GC(36) Concurrent class unloading 1.296ms
[99.808s][info][gc          ] GC(36) Concurrent strong roots 0.154ms
[99.811s][info][gc          ] GC(36) Concurrent evacuation 2.901ms
[99.811s][info][gc          ] GC(36) Pause Init Update Refs 0.006ms
[99.811s][info][gc          ] GC(36) At start of update refs, moving 4096K to Mutator free partition from Collector Reserve
[100.942s][info][gc          ] GC(36) Concurrent update references 1131.634ms
[100.943s][info][gc          ] GC(36) Concurrent update thread roots 0.304ms
[100.943s][info][gc          ] GC(36) Pause Final Update Refs 0.066ms
[100.943s][info][gc          ] GC(36) Concurrent cleanup 1805M->1801M(6144M) 0.051ms
[100.943s][info][gc,metaspace] Metaspace: 13089K(13568K)->13089K(13568K) NonClass: 11474K(11840K)->11474K(11840K) Class: 1614K(1728K)->1614K(1728K)
[100.944s][info][gc          ] Trigger: GC request (System.gc())
[100.947s][info][gc          ] GC(37) Concurrent reset 2.479ms
[100.947s][info][gc          ] GC(37) Pause Init Mark (unload classes) 0.044ms
[100.947s][info][gc          ] GC(37) Concurrent marking roots 0.087ms
[102.708s][info][gc          ] GC(37) Concurrent marking (unload classes) 1761.135ms
[102.708s][info][gc          ] GC(37) Pause Final Mark (unload classes) 0.193ms
[102.708s][info][gc          ] GC(37) Concurrent thread roots 0.064ms
[102.708s][info][gc          ] GC(37) Concurrent weak references 0.072ms
[102.709s][info][gc          ] GC(37) Concurrent weak roots 0.508ms
[102.709s][info][gc          ] GC(37) Concurrent cleanup 1801M->1801M(6144M) 0.050ms
[102.710s][info][gc          ] GC(37) Concurrent class unloading 1.387ms
[102.710s][info][gc          ] GC(37) Concurrent strong roots 0.062ms
[102.716s][info][gc          ] GC(37) Concurrent evacuation 5.169ms
[102.716s][info][gc          ] GC(37) Pause Init Update Refs 0.007ms
[102.716s][info][gc          ] GC(37) At start of update refs, moving 4096K to Mutator free partition from Collector Reserve
[103.772s][info][gc          ] GC(37) Concurrent update references 1055.754ms
[103.772s][info][gc          ] GC(37) Concurrent update thread roots 0.297ms
[103.772s][info][gc          ] GC(37) Pause Final Update Refs 0.089ms
[103.772s][info][gc          ] GC(37) Concurrent cleanup 1805M->1801M(6144M) 0.051ms
[103.772s][info][gc,metaspace] Metaspace: 13089K(13568K)->13089K(13568K) NonClass: 11474K(11840K)->11474K(11840K) Class: 1614K(1728K)->1614K(1728K)
[103.773s][info][gc          ] Trigger: GC request (System.gc())
[103.776s][info][gc          ] GC(38) Concurrent reset 2.447ms
[103.776s][info][gc          ] GC(38) Pause Init Mark (unload classes) 0.051ms
[103.776s][info][gc          ] GC(38) Concurrent marking roots 0.110ms
[105.381s][info][gc          ] GC(38) Concurrent marking (unload classes) 1604.770ms
[105.381s][info][gc          ] GC(38) Pause Final Mark (unload classes) 0.192ms
[105.381s][info][gc          ] GC(38) Concurrent thread roots 0.091ms
[105.381s][info][gc          ] GC(38) Concurrent weak references 0.043ms
[105.382s][info][gc          ] GC(38) Concurrent weak roots 0.533ms
[105.382s][info][gc          ] GC(38) Concurrent cleanup 1801M->1801M(6144M) 0.050ms
[105.383s][info][gc          ] GC(38) Concurrent class unloading 1.160ms
[105.383s][info][gc          ] GC(38) Concurrent strong roots 0.066ms
[105.386s][info][gc          ] GC(38) Concurrent evacuation 2.892ms
[105.386s][info][gc          ] GC(38) Pause Init Update Refs 0.006ms
[105.386s][info][gc          ] GC(38) At start of update refs, moving 4096K to Mutator free partition from Collector Reserve
[106.565s][info][gc          ] GC(38) Concurrent update references 1178.948ms
[106.565s][info][gc          ] GC(38) Concurrent update thread roots 0.249ms
[106.565s][info][gc          ] GC(38) Pause Final Update Refs 0.057ms
[106.566s][info][gc          ] GC(38) Concurrent cleanup 1805M->1801M(6144M) 0.051ms
[106.566s][info][gc,metaspace] Metaspace: 13089K(13568K)->13089K(13568K) NonClass: 11474K(11840K)->11474K(11840K) Class: 1614K(1728K)->1614K(1728K)
[106.567s][info][gc          ] Trigger: GC request (System.gc())
[106.569s][info][gc          ] GC(39) Concurrent reset 2.216ms
[106.569s][info][gc          ] GC(39) Pause Init Mark (unload classes) 0.041ms
[106.569s][info][gc          ] GC(39) Concurrent marking roots 0.095ms
[108.121s][info][gc          ] GC(39) Concurrent marking (unload classes) 1551.612ms
[108.121s][info][gc          ] GC(39) Pause Final Mark (unload classes) 0.180ms
[108.121s][info][gc          ] GC(39) Concurrent thread roots 0.074ms
[108.121s][info][gc          ] GC(39) Concurrent weak references 0.044ms
[108.122s][info][gc          ] GC(39) Concurrent weak roots 0.502ms
[108.122s][info][gc          ] GC(39) Concurrent cleanup 1801M->1801M(6144M) 0.050ms
[108.123s][info][gc          ] GC(39) Concurrent class unloading 1.152ms
[108.123s][info][gc          ] GC(39) Concurrent strong roots 0.064ms
[108.126s][info][gc          ] GC(39) Concurrent evacuation 2.878ms
[108.126s][info][gc          ] GC(39) Pause Init Update Refs 0.006ms
[108.126s][info][gc          ] GC(39) At start of update refs, moving 4096K to Mutator free partition from Collector Reserve
[109.044s][info][gc          ] GC(39) Concurrent update references 917.557ms
[109.044s][info][gc          ] GC(39) Concurrent update thread roots 0.235ms
[109.044s][info][gc          ] GC(39) Pause Final Update Refs 0.059ms
[109.044s][info][gc          ] GC(39) Concurrent cleanup 1805M->1801M(6144M) 0.051ms
[109.044s][info][gc,metaspace] Metaspace: 13089K(13568K)->13089K(13568K) NonClass: 11474K(11840K)->11474K(11840K) Class: 1614K(1728K)->1614K(1728K)
[109.045s][info][gc          ] Trigger: GC request (System.gc())
[109.048s][info][gc          ] GC(40) Concurrent reset 2.518ms
[109.048s][info][gc          ] GC(40) Pause Init Mark (unload classes) 0.039ms
[109.048s][info][gc          ] GC(40) Concurrent marking roots 0.082ms
[111.033s][info][gc          ] GC(40) Concurrent marking (unload classes) 1985.060ms
[111.033s][info][gc          ] GC(40) Pause Final Mark (unload classes) 0.192ms
[111.038s][info][gc          ] GC(40) Concurrent thread roots 0.330ms
[111.038s][info][gc          ] GC(40) Concurrent weak references 0.044ms
[111.039s][info][gc          ] GC(40) Concurrent weak roots 0.565ms
[111.039s][info][gc          ] GC(40) Concurrent cleanup 1801M->1801M(6144M) 0.050ms
[111.040s][info][gc          ] GC(40) Concurrent class unloading 1.038ms
[111.040s][info][gc          ] GC(40) Concurrent strong roots 0.091ms
[111.043s][info][gc          ] GC(40) Concurrent evacuation 2.874ms
[111.043s][info][gc          ] GC(40) Pause Init Update Refs 0.006ms
[111.043s][info][gc          ] GC(40) At start of update refs, moving 4096K to Mutator free partition from Collector Reserve
[112.626s][info][gc          ] GC(40) Concurrent update references 1582.899ms
[112.626s][info][gc          ] GC(40) Concurrent update thread roots 0.261ms
[112.626s][info][gc          ] GC(40) Pause Final Update Refs 0.069ms
[112.626s][info][gc          ] GC(40) Concurrent cleanup 1805M->1801M(6144M) 0.053ms
[112.626s][info][gc,metaspace] Metaspace: 13089K(13568K)->13089K(13568K) NonClass: 11474K(11840K)->11474K(11840K) Class: 1614K(1728K)->1614K(1728K)
[112.627s][info][gc          ] Trigger: GC request (System.gc())
[112.630s][info][gc          ] GC(41) Concurrent reset 2.376ms
[112.630s][info][gc          ] GC(41) Pause Init Mark (unload classes) 0.048ms
[112.630s][info][gc          ] GC(41) Concurrent marking roots 0.083ms
[114.307s][info][gc          ] GC(41) Concurrent marking (unload classes) 1677.360ms
[114.308s][info][gc          ] GC(41) Pause Final Mark (unload classes) 0.202ms
[114.308s][info][gc          ] GC(41) Concurrent thread roots 0.080ms
[114.308s][info][gc          ] GC(41) Concurrent weak references 0.043ms
[114.308s][info][gc          ] GC(41) Concurrent weak roots 0.513ms
[114.308s][info][gc          ] GC(41) Concurrent cleanup 1801M->1801M(6144M) 0.050ms
[114.310s][info][gc          ] GC(41) Concurrent class unloading 1.303ms
[114.310s][info][gc          ] GC(41) Concurrent strong roots 0.062ms
[114.313s][info][gc          ] GC(41) Concurrent evacuation 2.935ms
[114.313s][info][gc          ] GC(41) Pause Init Update Refs 0.006ms
[114.313s][info][gc          ] GC(41) At start of update refs, moving 4096K to Mutator free partition from Collector Reserve
[115.466s][info][gc          ] GC(41) Concurrent update references 1153.074ms
[115.466s][info][gc          ] GC(41) Concurrent update thread roots 0.250ms
[115.466s][info][gc          ] GC(41) Pause Final Update Refs 0.060ms
[115.466s][info][gc          ] GC(41) Concurrent cleanup 1805M->1801M(6144M) 0.051ms
[115.466s][info][gc,metaspace] Metaspace: 13089K(13568K)->13089K(13568K) NonClass: 11474K(11840K)->11474K(11840K) Class: 1614K(1728K)->1614K(1728K)
[115.467s][info][gc          ] Trigger: GC request (System.gc())
[115.470s][info][gc          ] GC(42) Concurrent reset 2.719ms
[115.470s][info][gc          ] GC(42) Pause Init Mark (unload classes) 0.048ms
[115.470s][info][gc          ] GC(42) Concurrent marking roots 0.090ms
[117.250s][info][gc          ] GC(42) Concurrent marking (unload classes) 1779.317ms
[117.250s][info][gc          ] GC(42) Pause Final Mark (unload classes) 0.162ms
[117.250s][info][gc          ] GC(42) Concurrent thread roots 0.062ms
[117.250s][info][gc          ] GC(42) Concurrent weak references 0.042ms
[117.251s][info][gc          ] GC(42) Concurrent weak roots 0.489ms
[117.251s][info][gc          ] GC(42) Concurrent cleanup 1801M->1801M(6144M) 0.050ms
[117.252s][info][gc          ] GC(42) Concurrent class unloading 1.135ms
[117.252s][info][gc          ] GC(42) Concurrent strong roots 0.069ms
[117.255s][info][gc          ] GC(42) Concurrent evacuation 2.869ms
[117.255s][info][gc          ] GC(42) Pause Init Update Refs 0.006ms
[117.255s][info][gc          ] GC(42) At start of update refs, moving 4096K to Mutator free partition from Collector Reserve
[118.378s][info][gc          ] GC(42) Concurrent update references 1122.525ms
[118.378s][info][gc          ] GC(42) Concurrent update thread roots 0.249ms
[118.378s][info][gc          ] GC(42) Pause Final Update Refs 0.057ms
[118.378s][info][gc          ] GC(42) Concurrent cleanup 1805M->1801M(6144M) 0.051ms
[118.378s][info][gc,metaspace] Metaspace: 13089K(13568K)->13089K(13568K) NonClass: 11474K(11840K)->11474K(11840K) Class: 1614K(1728K)->1614K(1728K)
[118.379s][info][gc          ] Trigger: GC request (System.gc())
[118.382s][info][gc          ] GC(43) Concurrent reset 2.727ms
[118.382s][info][gc          ] GC(43) Pause Init Mark (unload classes) 0.048ms
[118.382s][info][gc          ] GC(43) Concurrent marking roots 0.090ms
[119.960s][info][gc          ] GC(43) Concurrent marking (unload classes) 1577.407ms
[119.960s][info][gc          ] GC(43) Pause Final Mark (unload classes) 0.186ms
[119.960s][info][gc          ] GC(43) Concurrent thread roots 0.069ms
[119.960s][info][gc          ] GC(43) Concurrent weak references 0.042ms
[119.961s][info][gc          ] GC(43) Concurrent weak roots 0.482ms
[119.961s][info][gc          ] GC(43) Concurrent cleanup 1801M->1801M(6144M) 0.050ms
[119.962s][info][gc          ] GC(43) Concurrent class unloading 1.058ms
[119.962s][info][gc          ] GC(43) Concurrent strong roots 0.081ms
[119.965s][info][gc          ] GC(43) Concurrent evacuation 2.897ms
[119.965s][info][gc          ] GC(43) Pause Init Update Refs 0.005ms
[119.965s][info][gc          ] GC(43) At start of update refs, moving 4096K to Mutator free partition from Collector Reserve
[121.090s][info][gc          ] GC(43) Concurrent update references 1124.698ms
[121.090s][info][gc          ] GC(43) Concurrent update thread roots 0.363ms
[121.090s][info][gc          ] GC(43) Pause Final Update Refs 0.062ms
[121.090s][info][gc          ] GC(43) Concurrent cleanup 1807M->1803M(6144M) 0.051ms
[121.090s][info][gc,metaspace] Metaspace: 13089K(13568K)->13089K(13568K) NonClass: 11474K(11840K)->11474K(11840K) Class: 1614K(1728K)->1614K(1728K)
[121.091s][info][gc          ] Trigger: GC request (System.gc())
[121.093s][info][gc          ] GC(44) Concurrent reset 2.143ms
[121.094s][info][gc          ] GC(44) Pause Init Mark (unload classes) 0.048ms
[121.094s][info][gc          ] GC(44) Concurrent marking roots 0.097ms
[122.748s][info][gc          ] GC(44) Concurrent marking (unload classes) 1654.049ms
[122.748s][info][gc          ] GC(44) Pause Final Mark (unload classes) 0.213ms
[122.748s][info][gc          ] GC(44) Concurrent thread roots 0.071ms
[122.748s][info][gc          ] GC(44) Concurrent weak references 0.061ms
[122.749s][info][gc          ] GC(44) Concurrent weak roots 0.501ms
[122.749s][info][gc          ] GC(44) Concurrent cleanup 1803M->1803M(6144M) 0.050ms
[122.750s][info][gc          ] GC(44) Concurrent class unloading 1.515ms
[122.750s][info][gc          ] GC(44) Concurrent strong roots 0.069ms
[122.756s][info][gc          ] GC(44) Concurrent evacuation 5.852ms
[122.756s][info][gc          ] GC(44) Pause Init Update Refs 0.007ms
[122.756s][info][gc          ] GC(44) At start of update refs, moving 8192K to Mutator free partition from Collector Reserve
[123.856s][info][gc          ] GC(44) Concurrent update references 1099.793ms
[123.856s][info][gc          ] GC(44) Concurrent update thread roots 0.243ms
[123.857s][info][gc          ] GC(44) Pause Final Update Refs 0.058ms
[123.857s][info][gc          ] GC(44) Concurrent cleanup 1807M->1801M(6144M) 0.051ms
[123.857s][info][gc,metaspace] Metaspace: 13089K(13568K)->13089K(13568K) NonClass: 11474K(11840K)->11474K(11840K) Class: 1614K(1728K)->1614K(1728K)
[123.858s][info][gc          ] Trigger: GC request (System.gc())
[123.860s][info][gc          ] GC(45) Concurrent reset 2.360ms
[123.860s][info][gc          ] GC(45) Pause Init Mark (unload classes) 0.046ms
[123.860s][info][gc          ] GC(45) Concurrent marking roots 0.099ms
[125.148s][info][gc          ] GC(45) Concurrent marking (unload classes) 1287.363ms
[125.148s][info][gc          ] GC(45) Pause Final Mark (unload classes) 0.195ms
[125.148s][info][gc          ] GC(45) Concurrent thread roots 0.065ms
[125.148s][info][gc          ] GC(45) Concurrent weak references 0.044ms
[125.149s][info][gc          ] GC(45) Concurrent weak roots 0.493ms
[125.149s][info][gc          ] GC(45) Concurrent cleanup 1801M->1801M(6144M) 0.050ms
[125.150s][info][gc          ] GC(45) Concurrent class unloading 1.218ms
[125.150s][info][gc          ] GC(45) Concurrent strong roots 0.060ms
[125.153s][info][gc          ] GC(45) Concurrent evacuation 2.904ms
[125.153s][info][gc          ] GC(45) Pause Init Update Refs 0.006ms
[125.153s][info][gc          ] GC(45) At start of update refs, moving 4096K to Mutator free partition from Collector Reserve
[126.318s][info][gc          ] GC(45) Concurrent update references 1164.582ms
[126.318s][info][gc          ] GC(45) Concurrent update thread roots 0.281ms
[126.318s][info][gc          ] GC(45) Pause Final Update Refs 0.062ms
[126.318s][info][gc          ] GC(45) Concurrent cleanup 1805M->1801M(6144M) 0.051ms
[126.318s][info][gc,metaspace] Metaspace: 13089K(13568K)->13089K(13568K) NonClass: 11474K(11840K)->11474K(11840K) Class: 1614K(1728K)->1614K(1728K)
[126.319s][info][gc          ] Trigger: GC request (System.gc())
[126.322s][info][gc          ] GC(46) Concurrent reset 2.807ms
[126.322s][info][gc          ] GC(46) Pause Init Mark (unload classes) 0.048ms
[126.322s][info][gc          ] GC(46) Concurrent marking roots 0.087ms
[128.169s][info][gc          ] GC(46) Concurrent marking (unload classes) 1846.302ms
[128.169s][info][gc          ] GC(46) Pause Final Mark (unload classes) 0.169ms
[128.169s][info][gc          ] GC(46) Concurrent thread roots 0.063ms
[128.169s][info][gc          ] GC(46) Concurrent weak references 0.045ms
[128.170s][info][gc          ] GC(46) Concurrent weak roots 0.484ms
[128.170s][info][gc          ] GC(46) Concurrent cleanup 1801M->1801M(6144M) 0.050ms
[128.171s][info][gc          ] GC(46) Concurrent class unloading 1.190ms
[128.171s][info][gc          ] GC(46) Concurrent strong roots 0.060ms
[128.174s][info][gc          ] GC(46) Concurrent evacuation 2.904ms
[128.174s][info][gc          ] GC(46) Pause Init Update Refs 0.006ms
[128.174s][info][gc          ] GC(46) At start of update refs, moving 4096K to Mutator free partition from Collector Reserve
[129.081s][info][gc          ] GC(46) Concurrent update references 907.008ms
[129.081s][info][gc          ] GC(46) Concurrent update thread roots 0.291ms
[129.081s][info][gc          ] GC(46) Pause Final Update Refs 0.063ms
[129.081s][info][gc          ] GC(46) Concurrent cleanup 1805M->1801M(6144M) 0.050ms
[129.081s][info][gc,metaspace] Metaspace: 13089K(13568K)->13089K(13568K) NonClass: 11474K(11840K)->11474K(11840K) Class: 1614K(1728K)->1614K(1728K)
[129.083s][info][gc          ] Trigger: GC request (System.gc())
[129.085s][info][gc          ] GC(47) Concurrent reset 2.134ms
[129.085s][info][gc          ] GC(47) Pause Init Mark (unload classes) 0.048ms
[129.085s][info][gc          ] GC(47) Concurrent marking roots 0.086ms
[130.758s][info][gc          ] GC(47) Concurrent marking (unload classes) 1672.874ms
[130.758s][info][gc          ] GC(47) Pause Final Mark (unload classes) 0.190ms
[130.758s][info][gc          ] GC(47) Concurrent thread roots 0.111ms
[130.758s][info][gc          ] GC(47) Concurrent weak references 0.043ms
[130.759s][info][gc          ] GC(47) Concurrent weak roots 0.483ms
[130.759s][info][gc          ] GC(47) Concurrent cleanup 1801M->1801M(6144M) 0.050ms
[130.760s][info][gc          ] GC(47) Concurrent class unloading 1.061ms
[130.760s][info][gc          ] GC(47) Concurrent strong roots 0.091ms
[130.763s][info][gc          ] GC(47) Concurrent evacuation 2.877ms
[130.763s][info][gc          ] GC(47) Pause Init Update Refs 0.006ms
[130.763s][info][gc          ] GC(47) At start of update refs, moving 4096K to Mutator free partition from Collector Reserve
[132.359s][info][gc          ] GC(47) Concurrent update references 1595.916ms
[132.359s][info][gc          ] GC(47) Concurrent update thread roots 0.249ms
[132.359s][info][gc          ] GC(47) Pause Final Update Refs 0.064ms
[132.360s][info][gc          ] GC(47) Concurrent cleanup 1805M->1801M(6144M) 0.050ms
[132.360s][info][gc,metaspace] Metaspace: 13089K(13568K)->13089K(13568K) NonClass: 11474K(11840K)->11474K(11840K) Class: 1614K(1728K)->1614K(1728K)
[132.361s][info][gc          ] Trigger: GC request (System.gc())
[132.363s][info][gc          ] GC(48) Concurrent reset 2.388ms
[132.363s][info][gc          ] GC(48) Pause Init Mark (unload classes) 0.046ms
[132.363s][info][gc          ] GC(48) Concurrent marking roots 0.092ms
[134.001s][info][gc          ] GC(48) Concurrent marking (unload classes) 1637.911ms
[134.001s][info][gc          ] GC(48) Pause Final Mark (unload classes) 0.185ms
[134.002s][info][gc          ] GC(48) Concurrent thread roots 0.079ms
[134.002s][info][gc          ] GC(48) Concurrent weak references 0.040ms
[134.002s][info][gc          ] GC(48) Concurrent weak roots 0.549ms
[134.002s][info][gc          ] GC(48) Concurrent cleanup 1801M->1801M(6144M) 0.050ms
[134.003s][info][gc          ] GC(48) Concurrent class unloading 1.024ms
[134.003s][info][gc          ] GC(48) Concurrent strong roots 0.095ms
[134.006s][info][gc          ] GC(48) Concurrent evacuation 3.036ms
[134.007s][info][gc          ] GC(48) Pause Init Update Refs 0.006ms
[134.007s][info][gc          ] GC(48) At start of update refs, moving 4096K to Mutator free partition from Collector Reserve
[135.581s][info][gc          ] GC(48) Concurrent update references 1574.709ms
[135.582s][info][gc          ] GC(48) Concurrent update thread roots 0.299ms
[135.582s][info][gc          ] GC(48) Pause Final Update Refs 0.070ms
[135.582s][info][gc          ] GC(48) Concurrent cleanup 1805M->1801M(6144M) 0.053ms
[135.582s][info][gc,metaspace] Metaspace: 13089K(13568K)->13089K(13568K) NonClass: 11474K(11840K)->11474K(11840K) Class: 1614K(1728K)->1614K(1728K)
[135.583s][info][gc          ] Trigger: GC request (System.gc())
[135.585s][info][gc          ] GC(49) Concurrent reset 2.237ms
[135.585s][info][gc          ] GC(49) Pause Init Mark (unload classes) 0.049ms
[135.586s][info][gc          ] GC(49) Concurrent marking roots 0.087ms
[137.118s][info][gc          ] GC(49) Concurrent marking (unload classes) 1532.652ms
[137.118s][info][gc          ] GC(49) Pause Final Mark (unload classes) 0.170ms
[137.119s][info][gc          ] GC(49) Concurrent thread roots 0.062ms
[137.119s][info][gc          ] GC(49) Concurrent weak references 0.055ms
[137.119s][info][gc          ] GC(49) Concurrent weak roots 0.483ms
[137.119s][info][gc          ] GC(49) Concurrent cleanup 1801M->1801M(6144M) 0.050ms
[137.121s][info][gc          ] GC(49) Concurrent class unloading 1.254ms
[137.121s][info][gc          ] GC(49) Concurrent strong roots 0.059ms
[137.124s][info][gc          ] GC(49) Concurrent evacuation 2.942ms
[137.124s][info][gc          ] GC(49) Pause Init Update Refs 0.006ms
[137.124s][info][gc          ] GC(49) At start of update refs, moving 4096K to Mutator free partition from Collector Reserve
[138.053s][info][gc          ] GC(49) Concurrent update references 929.531ms
[138.054s][info][gc          ] GC(49) Concurrent update thread roots 0.238ms
[138.054s][info][gc          ] GC(49) Pause Final Update Refs 0.061ms
[138.054s][info][gc          ] GC(49) Concurrent cleanup 1805M->1801M(6144M) 0.051ms
[138.054s][info][gc,metaspace] Metaspace: 13089K(13568K)->13089K(13568K) NonClass: 11474K(11840K)->11474K(11840K) Class: 1614K(1728K)->1614K(1728K)
[138.055s][info][gc          ] Trigger: GC request (System.gc())
[138.057s][info][gc          ] GC(50) Concurrent reset 2.542ms
[138.057s][info][gc          ] GC(50) Pause Init Mark (unload classes) 0.047ms
[138.058s][info][gc          ] GC(50) Concurrent marking roots 0.092ms
[139.807s][info][gc          ] GC(50) Concurrent marking (unload classes) 1749.764ms
[139.808s][info][gc          ] GC(50) Pause Final Mark (unload classes) 0.179ms
[139.812s][info][gc          ] GC(50) Concurrent thread roots 0.070ms
[139.812s][info][gc          ] GC(50) Concurrent weak references 0.063ms
[139.813s][info][gc          ] GC(50) Concurrent weak roots 0.499ms
[139.813s][info][gc          ] GC(50) Concurrent cleanup 1801M->1801M(6144M) 0.050ms
[139.814s][info][gc          ] GC(50) Concurrent class unloading 1.335ms
[139.814s][info][gc          ] GC(50) Concurrent strong roots 0.061ms
[139.819s][info][gc          ] GC(50) Concurrent evacuation 5.210ms
[139.819s][info][gc          ] GC(50) Pause Init Update Refs 0.006ms
[139.820s][info][gc          ] GC(50) At start of update refs, moving 4096K to Mutator free partition from Collector Reserve
[140.742s][info][gc          ] GC(50) Concurrent update references 922.591ms
[140.742s][info][gc          ] GC(50) Concurrent update thread roots 0.222ms
[140.742s][info][gc          ] GC(50) Pause Final Update Refs 0.058ms
[140.743s][info][gc          ] GC(50) Concurrent cleanup 1805M->1801M(6144M) 0.051ms
[140.743s][info][gc,metaspace] Metaspace: 13089K(13568K)->13089K(13568K) NonClass: 11474K(11840K)->11474K(11840K) Class: 1614K(1728K)->1614K(1728K)
[140.744s][info][gc          ] Trigger: GC request (System.gc())
[140.746s][info][gc          ] GC(51) Concurrent reset 2.620ms
[140.746s][info][gc          ] GC(51) Pause Init Mark (unload classes) 0.043ms
[140.746s][info][gc          ] GC(51) Concurrent marking roots 0.084ms
[142.259s][info][gc          ] GC(51) Concurrent marking (unload classes) 1512.774ms
[142.260s][info][gc          ] GC(51) Pause Final Mark (unload classes) 0.194ms
[142.260s][info][gc          ] GC(51) Concurrent thread roots 0.081ms
[142.260s][info][gc          ] GC(51) Concurrent weak references 0.041ms
[142.260s][info][gc          ] GC(51) Concurrent weak roots 0.551ms
[142.260s][info][gc          ] GC(51) Concurrent cleanup 1801M->1801M(6144M) 0.050ms
[142.262s][info][gc          ] GC(51) Concurrent class unloading 1.157ms
[142.262s][info][gc          ] GC(51) Concurrent strong roots 0.089ms
[142.265s][info][gc          ] GC(51) Concurrent evacuation 2.896ms
[142.265s][info][gc          ] GC(51) Pause Init Update Refs 0.006ms
[142.265s][info][gc          ] GC(51) At start of update refs, moving 4096K to Mutator free partition from Collector Reserve
[143.777s][info][gc          ] GC(51) Concurrent update references 1512.090ms
[143.777s][info][gc          ] GC(51) Concurrent update thread roots 0.290ms
[143.777s][info][gc          ] GC(51) Pause Final Update Refs 0.061ms
[143.777s][info][gc          ] GC(51) Concurrent cleanup 1805M->1801M(6144M) 0.051ms
[143.777s][info][gc,metaspace] Metaspace: 13089K(13568K)->13089K(13568K) NonClass: 11474K(11840K)->11474K(11840K) Class: 1614K(1728K)->1614K(1728K)
[143.778s][info][gc          ] Trigger: GC request (System.gc())
[143.780s][info][gc          ] GC(52) Concurrent reset 2.079ms
[143.781s][info][gc          ] GC(52) Pause Init Mark (unload classes) 0.044ms
[143.781s][info][gc          ] GC(52) Concurrent marking roots 0.096ms
[145.393s][info][gc          ] GC(52) Concurrent marking (unload classes) 1612.748ms
[145.394s][info][gc          ] GC(52) Pause Final Mark (unload classes) 0.187ms
[145.394s][info][gc          ] GC(52) Concurrent thread roots 0.070ms
[145.394s][info][gc          ] GC(52) Concurrent weak references 0.054ms
[145.394s][info][gc          ] GC(52) Concurrent weak roots 0.510ms
[145.395s][info][gc          ] GC(52) Concurrent cleanup 1801M->1801M(6144M) 0.050ms
[145.396s][info][gc          ] GC(52) Concurrent class unloading 1.209ms
[145.396s][info][gc          ] GC(52) Concurrent strong roots 0.061ms
[145.399s][info][gc          ] GC(52) Concurrent evacuation 2.851ms
[145.399s][info][gc          ] GC(52) Pause Init Update Refs 0.006ms
[145.399s][info][gc          ] GC(52) At start of update refs, moving 4096K to Mutator free partition from Collector Reserve
[146.576s][info][gc          ] GC(52) Concurrent update references 1176.697ms
[146.576s][info][gc          ] GC(52) Concurrent update thread roots 0.308ms
[146.576s][info][gc          ] GC(52) Pause Final Update Refs 0.064ms
[146.576s][info][gc          ] GC(52) Concurrent cleanup 1805M->1801M(6144M) 0.051ms
[146.576s][info][gc,metaspace] Metaspace: 13089K(13568K)->13089K(13568K) NonClass: 11474K(11840K)->11474K(11840K) Class: 1614K(1728K)->1614K(1728K)
[146.577s][info][gc          ] Trigger: GC request (System.gc())
[146.580s][info][gc          ] GC(53) Concurrent reset 2.261ms
[146.580s][info][gc          ] GC(53) Pause Init Mark (unload classes) 0.049ms
[146.580s][info][gc          ] GC(53) Concurrent marking roots 0.084ms
[148.113s][info][gc          ] GC(53) Concurrent marking (unload classes) 1533.493ms
[148.114s][info][gc          ] GC(53) Pause Final Mark (unload classes) 0.189ms
[148.114s][info][gc          ] GC(53) Concurrent thread roots 0.086ms
[148.114s][info][gc          ] GC(53) Concurrent weak references 0.041ms
[148.114s][info][gc          ] GC(53) Concurrent weak roots 0.536ms
[148.114s][info][gc          ] GC(53) Concurrent cleanup 1801M->1801M(6144M) 0.050ms
[148.115s][info][gc          ] GC(53) Concurrent class unloading 1.007ms
[148.116s][info][gc          ] GC(53) Concurrent strong roots 0.079ms
[148.118s][info][gc          ] GC(53) Concurrent evacuation 2.904ms
[148.119s][info][gc          ] GC(53) Pause Init Update Refs 0.007ms
[148.119s][info][gc          ] GC(53) At start of update refs, moving 4096K to Mutator free partition from Collector Reserve
[149.243s][info][gc          ] GC(53) Concurrent update references 1123.843ms
[149.243s][info][gc          ] GC(53) Concurrent update thread roots 0.300ms
[149.243s][info][gc          ] GC(53) Pause Final Update Refs 0.068ms
[149.243s][info][gc          ] GC(53) Concurrent cleanup 1805M->1801M(6144M) 0.053ms
[149.243s][info][gc,metaspace] Metaspace: 13089K(13568K)->13089K(13568K) NonClass: 11474K(11840K)->11474K(11840K) Class: 1614K(1728K)->1614K(1728K)
[149.244s][info][gc          ] Trigger: GC request (System.gc())
[149.247s][info][gc          ] GC(54) Concurrent reset 2.318ms
[149.247s][info][gc          ] GC(54) Pause Init Mark (unload classes) 0.046ms
[149.247s][info][gc          ] GC(54) Concurrent marking roots 0.081ms
[151.148s][info][gc          ] GC(54) Concurrent marking (unload classes) 1901.481ms
[151.148s][info][gc          ] GC(54) Pause Final Mark (unload classes) 0.183ms
[151.149s][info][gc          ] GC(54) Concurrent thread roots 0.073ms
[151.149s][info][gc          ] GC(54) Concurrent weak references 0.043ms
[151.149s][info][gc          ] GC(54) Concurrent weak roots 0.509ms
[151.149s][info][gc          ] GC(54) Concurrent cleanup 1801M->1801M(6144M) 0.050ms
[151.150s][info][gc          ] GC(54) Concurrent class unloading 1.210ms
[151.151s][info][gc          ] GC(54) Concurrent strong roots 0.063ms
[151.153s][info][gc          ] GC(54) Concurrent evacuation 2.897ms
[151.154s][info][gc          ] GC(54) Pause Init Update Refs 0.006ms
[151.154s][info][gc          ] GC(54) At start of update refs, moving 4096K to Mutator free partition from Collector Reserve
[152.328s][info][gc          ] GC(54) Concurrent update references 1173.820ms
[152.328s][info][gc          ] GC(54) Concurrent update thread roots 0.244ms
[152.328s][info][gc          ] GC(54) Pause Final Update Refs 0.082ms
[152.328s][info][gc          ] GC(54) Concurrent cleanup 1805M->1801M(6144M) 0.051ms
[152.328s][info][gc,metaspace] Metaspace: 13089K(13568K)->13089K(13568K) NonClass: 11474K(11840K)->11474K(11840K) Class: 1614K(1728K)->1614K(1728K)
[152.329s][info][gc          ] Trigger: GC request (System.gc())
[152.331s][info][gc          ] GC(55) Concurrent reset 2.340ms
[152.332s][info][gc          ] GC(55) Pause Init Mark (unload classes) 0.041ms
[152.332s][info][gc          ] GC(55) Concurrent marking roots 0.095ms
[153.939s][info][gc          ] GC(55) Concurrent marking (unload classes) 1607.212ms
[153.939s][info][gc          ] GC(55) Pause Final Mark (unload classes) 0.185ms
[153.939s][info][gc          ] GC(55) Concurrent thread roots 0.065ms
[153.939s][info][gc          ] GC(55) Concurrent weak references 0.062ms
[153.940s][info][gc          ] GC(55) Concurrent weak roots 0.493ms
[153.940s][info][gc          ] GC(55) Concurrent cleanup 1801M->1801M(6144M) 0.050ms
[153.941s][info][gc          ] GC(55) Concurrent class unloading 1.202ms
[153.941s][info][gc          ] GC(55) Concurrent strong roots 0.062ms
[153.946s][info][gc          ] GC(55) Concurrent evacuation 5.034ms
[153.946s][info][gc          ] GC(55) Pause Init Update Refs 0.006ms
[153.946s][info][gc          ] GC(55) At start of update refs, moving 4096K to Mutator free partition from Collector Reserve
[154.884s][info][gc          ] GC(55) Concurrent update references 937.864ms
[154.885s][info][gc          ] GC(55) Concurrent update thread roots 0.163ms
[154.885s][info][gc          ] GC(55) Pause Final Update Refs 0.056ms
[154.885s][info][gc          ] GC(55) Concurrent cleanup 1805M->1801M(6144M) 0.052ms
[154.885s][info][gc,metaspace] Metaspace: 13089K(13568K)->13089K(13568K) NonClass: 11474K(11840K)->11474K(11840K) Class: 1614K(1728K)->1614K(1728K)
[154.886s][info][gc          ] Trigger: GC request (System.gc())
[154.888s][info][gc          ] GC(56) Concurrent reset 2.307ms
[154.888s][info][gc          ] GC(56) Pause Init Mark (unload classes) 0.041ms
[154.888s][info][gc          ] GC(56) Concurrent marking roots 0.107ms
[156.940s][info][gc          ] GC(56) Concurrent marking (unload classes) 2051.406ms
[156.940s][info][gc          ] GC(56) Pause Final Mark (unload classes) 0.178ms
[156.940s][info][gc          ] GC(56) Concurrent thread roots 0.073ms
[156.940s][info][gc          ] GC(56) Concurrent weak references 0.044ms
[156.941s][info][gc          ] GC(56) Concurrent weak roots 0.575ms
[156.941s][info][gc          ] GC(56) Concurrent cleanup 1801M->1801M(6144M) 0.050ms
[156.942s][info][gc          ] GC(56) Concurrent class unloading 1.126ms
[156.942s][info][gc          ] GC(56) Concurrent strong roots 0.101ms
[156.945s][info][gc          ] GC(56) Concurrent evacuation 2.881ms
[156.945s][info][gc          ] GC(56) Pause Init Update Refs 0.006ms
[156.945s][info][gc          ] GC(56) At start of update refs, moving 4096K to Mutator free partition from Collector Reserve
[158.503s][info][gc          ] GC(56) Concurrent update references 1557.691ms
[158.503s][info][gc          ] GC(56) Concurrent update thread roots 0.248ms
[158.503s][info][gc          ] GC(56) Pause Final Update Refs 0.062ms
[158.503s][info][gc          ] GC(56) Concurrent cleanup 1805M->1801M(6144M) 0.051ms
[158.503s][info][gc,metaspace] Metaspace: 13089K(13568K)->13089K(13568K) NonClass: 11474K(11840K)->11474K(11840K) Class: 1614K(1728K)->1614K(1728K)
[158.504s][info][gc          ] Trigger: GC request (System.gc())
[158.507s][info][gc          ] GC(57) Concurrent reset 2.397ms
[158.507s][info][gc          ] GC(57) Pause Init Mark (unload classes) 0.045ms
[158.507s][info][gc          ] GC(57) Concurrent marking roots 0.085ms
[160.067s][info][gc          ] GC(57) Concurrent marking (unload classes) 1559.867ms
[160.067s][info][gc          ] GC(57) Pause Final Mark (unload classes) 0.174ms
[160.067s][info][gc          ] GC(57) Concurrent thread roots 0.075ms
[160.067s][info][gc          ] GC(57) Concurrent weak references 0.044ms
[160.068s][info][gc          ] GC(57) Concurrent weak roots 0.521ms
[160.068s][info][gc          ] GC(57) Concurrent cleanup 1801M->1801M(6144M) 0.050ms
[160.069s][info][gc          ] GC(57) Concurrent class unloading 1.140ms
[160.069s][info][gc          ] GC(57) Concurrent strong roots 0.062ms
[160.072s][info][gc          ] GC(57) Concurrent evacuation 2.892ms
[160.072s][info][gc          ] GC(57) Pause Init Update Refs 0.006ms
[160.072s][info][gc          ] GC(57) At start of update refs, moving 4096K to Mutator free partition from Collector Reserve
[161.117s][info][gc          ] GC(57) Concurrent update references 1044.676ms
[161.117s][info][gc          ] GC(57) Concurrent update thread roots 0.229ms
[161.117s][info][gc          ] GC(57) Pause Final Update Refs 0.061ms
[161.117s][info][gc          ] GC(57) Concurrent cleanup 1805M->1801M(6144M) 0.051ms
[161.117s][info][gc,metaspace] Metaspace: 13089K(13568K)->13089K(13568K) NonClass: 11474K(11840K)->11474K(11840K) Class: 1614K(1728K)->1614K(1728K)
[161.118s][info][gc          ] Trigger: GC request (System.gc())
[161.121s][info][gc          ] GC(58) Concurrent reset 2.266ms
[161.121s][info][gc          ] GC(58) Pause Init Mark (unload classes) 0.042ms
[161.121s][info][gc          ] GC(58) Concurrent marking roots 0.076ms
[162.757s][info][gc          ] GC(58) Concurrent marking (unload classes) 1636.403ms
[162.758s][info][gc          ] GC(58) Pause Final Mark (unload classes) 0.186ms
[162.758s][info][gc          ] GC(58) Concurrent thread roots 0.091ms
[162.758s][info][gc          ] GC(58) Concurrent weak references 0.044ms
[162.758s][info][gc          ] GC(58) Concurrent weak roots 0.529ms
[162.758s][info][gc          ] GC(58) Concurrent cleanup 1801M->1801M(6144M) 0.050ms
[162.760s][info][gc          ] GC(58) Concurrent class unloading 1.118ms
[162.760s][info][gc          ] GC(58) Concurrent strong roots 0.060ms
[162.763s][info][gc          ] GC(58) Concurrent evacuation 2.909ms
[162.763s][info][gc          ] GC(58) Pause Init Update Refs 0.006ms
[162.763s][info][gc          ] GC(58) At start of update refs, moving 4096K to Mutator free partition from Collector Reserve
[163.912s][info][gc          ] GC(58) Concurrent update references 1149.206ms
[163.912s][info][gc          ] GC(58) Concurrent update thread roots 0.227ms
[163.912s][info][gc          ] GC(58) Pause Final Update Refs 0.058ms
[163.912s][info][gc          ] GC(58) Concurrent cleanup 1805M->1801M(6144M) 0.051ms
[163.913s][info][gc,metaspace] Metaspace: 13089K(13568K)->13089K(13568K) NonClass: 11474K(11840K)->11474K(11840K) Class: 1614K(1728K)->1614K(1728K)
[163.914s][info][gc          ] Trigger: GC request (System.gc())
[163.916s][info][gc          ] GC(59) Concurrent reset 2.353ms
[163.916s][info][gc          ] GC(59) Pause Init Mark (unload classes) 0.043ms
[163.916s][info][gc          ] GC(59) Concurrent marking roots 0.096ms
[165.550s][info][gc          ] GC(59) Concurrent marking (unload classes) 1633.576ms
[165.550s][info][gc          ] GC(59) Pause Final Mark (unload classes) 0.198ms
[165.550s][info][gc          ] GC(59) Concurrent thread roots 0.091ms
[165.550s][info][gc          ] GC(59) Concurrent weak references 0.045ms
[165.551s][info][gc          ] GC(59) Concurrent weak roots 0.458ms
[165.551s][info][gc          ] GC(59) Concurrent cleanup 1801M->1801M(6144M) 0.050ms
[165.552s][info][gc          ] GC(59) Concurrent class unloading 1.057ms
[165.552s][info][gc          ] GC(59) Concurrent strong roots 0.124ms
[165.555s][info][gc          ] GC(59) Concurrent evacuation 2.835ms
[165.555s][info][gc          ] GC(59) Pause Init Update Refs 0.006ms
[165.555s][info][gc          ] GC(59) At start of update refs, moving 4096K to Mutator free partition from Collector Reserve
[166.961s][info][gc          ] GC(59) Concurrent update references 1406.225ms
[166.962s][info][gc          ] GC(59) Concurrent update thread roots 0.293ms
[166.962s][info][gc          ] GC(59) Pause Final Update Refs 0.061ms
[166.962s][info][gc          ] GC(59) Concurrent cleanup 1805M->1801M(6144M) 0.051ms
[166.962s][info][gc,metaspace] Metaspace: 13089K(13568K)->13089K(13568K) NonClass: 11474K(11840K)->11474K(11840K) Class: 1614K(1728K)->1614K(1728K)
[166.963s][info][gc          ] Trigger: GC request (System.gc())
[166.965s][info][gc          ] GC(60) Concurrent reset 2.143ms
[166.965s][info][gc          ] GC(60) Pause Init Mark (unload classes) 0.046ms
[166.965s][info][gc          ] GC(60) Concurrent marking roots 0.110ms
[168.252s][info][gc          ] GC(60) Concurrent marking (unload classes) 1286.231ms
[168.252s][info][gc          ] GC(60) Pause Final Mark (unload classes) 0.194ms
[168.252s][info][gc          ] GC(60) Concurrent thread roots 0.087ms
[168.252s][info][gc          ] GC(60) Concurrent weak references 0.045ms
[168.253s][info][gc          ] GC(60) Concurrent weak roots 0.496ms
[168.253s][info][gc          ] GC(60) Concurrent cleanup 1801M->1801M(6144M) 0.050ms
[168.254s][info][gc          ] GC(60) Concurrent class unloading 1.160ms
[168.254s][info][gc          ] GC(60) Concurrent strong roots 0.067ms
[168.257s][info][gc          ] GC(60) Concurrent evacuation 2.896ms
[168.257s][info][gc          ] GC(60) Pause Init Update Refs 0.006ms
[168.257s][info][gc          ] GC(60) At start of update refs, moving 4096K to Mutator free partition from Collector Reserve
[169.400s][info][gc          ] GC(60) Concurrent update references 1143.085ms
[169.400s][info][gc          ] GC(60) Concurrent update thread roots 0.291ms
[169.400s][info][gc          ] GC(60) Pause Final Update Refs 0.063ms
[169.400s][info][gc          ] GC(60) Concurrent cleanup 1805M->1801M(6144M) 0.051ms
[169.401s][info][gc,metaspace] Metaspace: 13089K(13568K)->13089K(13568K) NonClass: 11474K(11840K)->11474K(11840K) Class: 1614K(1728K)->1614K(1728K)
After GCs... 
[169.402s][info][gc          ] Trigger: Learning 2 of 5. Free (4028M) is below initial threshold (4300M)
[169.404s][info][gc          ] GC(61) Concurrent reset 2.374ms
[169.405s][info][gc          ] GC(61) Pause Init Mark (unload classes) 0.046ms
[169.405s][info][gc          ] GC(61) Concurrent marking roots 0.185ms
[169.413s][info][gc          ] Cancelling GC: Stopping VM
[169.413s][info][gc          ] GC(61) Concurrent marking (unload classes) 7.965ms
[169.413s][info][gc,metaspace] Metaspace: 13089K(13568K)->13417K(13888K) NonClass: 11474K(11840K)->11759K(12160K) Class: 1614K(1728K)->1657K(1728K)
