[0.001s][info][metaspace]  - commit_granule_bytes: 65536.
[0.001s][info][metaspace]  - commit_granule_words: 8192.
[0.001s][info][metaspace]  - virtual_space_node_default_size: 8388608.
[0.001s][info][metaspace]  - enlarge_chunks_in_place: 1.
[0.001s][info][metaspace]  - use_allocation_guard: 0.
[0.005s][info][gc       ] Using G1
[0.601s][info][metaspace] Reserving compressed class space anywhere
[0.601s][info][gc,metaspace] CDS archive(s) not mapped
[0.601s][info][gc,metaspace] Compressed class space mapped at: 0x000000001e000000-0x00000000de000000, reserved size: 3221225472
[0.601s][info][gc,metaspace] UseCompressedClassPointers 1, UseCompactObjectHeaders 1, narrow klass pointer bits 22, max shift 10
[0.601s][info][gc,metaspace] Narrow klass base: 0x000000001e000000, Narrow klass shift: 10, Narrow klass range: 0xc0000000
Random Seed: 12345678
Num Classes: 16
Num Objects: 67108864
Percent IK Objects: 83.0%)
Percent OAK Objects: 5.0%)
Percent TAK Objects: 12.0%)
Wired up: false
Cycles: 10
Loading 16 pre-generated classes ...
Materialize pre-generated constructors ...
Creating objects...
[0.811s][info][gc,metaspace] GC(0) Metaspace: 11174K(11456K)->11174K(11456K) NonClass: 9383K(9536K)->9383K(9536K) Class: 1791K(1920K)->1791K(1920K)
[0.812s][info][gc          ] GC(0) Pause Full (System.gc()) 16M->1M(6144M) 9.442ms
[1.122s][info][gc,metaspace] GC(1) Metaspace: 11236K(11520K)->11236K(11520K) NonClass: 9435K(9600K)->9435K(9600K) Class: 1800K(1920K)->1800K(1920K)
[1.122s][info][gc          ] GC(1) Pause Young (Normal) (G1 Evacuation Pause) 565M->293M(6144M) 20.411ms
[1.279s][info][gc,metaspace] GC(2) Metaspace: 11236K(11520K)->11236K(11520K) NonClass: 9435K(9600K)->9435K(9600K) Class: 1800K(1920K)->1800K(1920K)
[1.279s][info][gc          ] GC(2) Pause Young (Normal) (G1 Evacuation Pause) 565M->325M(6144M) 30.231ms
[1.433s][info][gc,metaspace] GC(3) Metaspace: 11236K(11520K)->11236K(11520K) NonClass: 9435K(9600K)->9435K(9600K) Class: 1800K(1920K)->1800K(1920K)
[1.433s][info][gc          ] GC(3) Pause Young (Normal) (G1 Evacuation Pause) 593M->357M(6144M) 23.272ms
[1.591s][info][gc,metaspace] GC(4) Metaspace: 11236K(11520K)->11236K(11520K) NonClass: 9435K(9600K)->9435K(9600K) Class: 1800K(1920K)->1800K(1920K)
[1.591s][info][gc          ] GC(4) Pause Young (Normal) (G1 Evacuation Pause) 629M->391M(6144M) 24.091ms
[1.749s][info][gc,metaspace] GC(5) Metaspace: 11236K(11520K)->11236K(11520K) NonClass: 9435K(9600K)->9435K(9600K) Class: 1800K(1920K)->1800K(1920K)
[1.749s][info][gc          ] GC(5) Pause Young (Normal) (G1 Evacuation Pause) 663M->425M(6144M) 26.161ms
[1.897s][info][gc,metaspace] GC(6) Metaspace: 11236K(11520K)->11236K(11520K) NonClass: 9435K(9600K)->9435K(9600K) Class: 1800K(1920K)->1800K(1920K)
[1.897s][info][gc          ] GC(6) Pause Young (Normal) (G1 Evacuation Pause) 693M->458M(6144M) 23.058ms
[2.051s][info][gc,metaspace] GC(7) Metaspace: 11236K(11520K)->11236K(11520K) NonClass: 9435K(9600K)->9435K(9600K) Class: 1800K(1920K)->1800K(1920K)
[2.051s][info][gc          ] GC(7) Pause Young (Normal) (G1 Evacuation Pause) 730M->485M(6144M) 25.188ms
[2.196s][info][gc,metaspace] GC(8) Metaspace: 11236K(11520K)->11236K(11520K) NonClass: 9435K(9600K)->9435K(9600K) Class: 1800K(1920K)->1800K(1920K)
[2.196s][info][gc          ] GC(8) Pause Young (Normal) (G1 Evacuation Pause) 757M->513M(6144M) 22.771ms
[2.415s][info][gc,metaspace] GC(9) Metaspace: 11236K(11520K)->11236K(11520K) NonClass: 9435K(9600K)->9435K(9600K) Class: 1800K(1920K)->1800K(1920K)
[2.415s][info][gc          ] GC(9) Pause Young (Normal) (G1 Evacuation Pause) 929M->552M(6144M) 28.796ms
[2.593s][info][gc,metaspace] GC(10) Metaspace: 11236K(11520K)->11236K(11520K) NonClass: 9435K(9600K)->9435K(9600K) Class: 1800K(1920K)->1800K(1920K)
[2.593s][info][gc          ] GC(10) Pause Young (Normal) (G1 Evacuation Pause) 876M->591M(6144M) 33.440ms
[2.841s][info][gc,metaspace] GC(11) Metaspace: 11236K(11520K)->11236K(11520K) NonClass: 9435K(9600K)->9435K(9600K) Class: 1800K(1920K)->1800K(1920K)
[2.841s][info][gc          ] GC(11) Pause Young (Normal) (G1 Evacuation Pause) 1043M->630M(6144M) 38.097ms
[3.091s][info][gc,metaspace] GC(12) Metaspace: 11236K(11520K)->11236K(11520K) NonClass: 9435K(9600K)->9435K(9600K) Class: 1800K(1920K)->1800K(1920K)
[3.091s][info][gc          ] GC(12) Pause Young (Normal) (G1 Evacuation Pause) 1074M->678M(6144M) 47.748ms
[3.437s][info][gc,metaspace] GC(13) Metaspace: 11236K(11520K)->11236K(11520K) NonClass: 9435K(9600K)->9435K(9600K) Class: 1800K(1920K)->1800K(1920K)
[3.437s][info][gc          ] GC(13) Pause Young (Normal) (G1 Evacuation Pause) 1266M->740M(6144M) 43.189ms
[3.752s][info][gc,metaspace] GC(14) Metaspace: 11236K(11520K)->11236K(11520K) NonClass: 9435K(9600K)->9435K(9600K) Class: 1800K(1920K)->1800K(1920K)
[3.752s][info][gc          ] GC(14) Pause Young (Normal) (G1 Evacuation Pause) 1316M->798M(6144M) 49.586ms
[4.133s][info][gc,metaspace] GC(15) Metaspace: 11236K(11520K)->11236K(11520K) NonClass: 9435K(9600K)->9435K(9600K) Class: 1800K(1920K)->1800K(1920K)
[4.133s][info][gc          ] GC(15) Pause Young (Normal) (G1 Evacuation Pause) 1522M->872M(6144M) 57.758ms
[4.518s][info][gc,metaspace] GC(16) Metaspace: 11236K(11520K)->11236K(11520K) NonClass: 9435K(9600K)->9435K(9600K) Class: 1800K(1920K)->1800K(1920K)
[4.518s][info][gc          ] GC(16) Pause Young (Normal) (G1 Evacuation Pause) 1596M->946M(6144M) 63.224ms
[4.964s][info][gc,metaspace] GC(17) Metaspace: 11236K(11520K)->11236K(11520K) NonClass: 9435K(9600K)->9435K(9600K) Class: 1800K(1920K)->1800K(1920K)
[4.964s][info][gc          ] GC(17) Pause Young (Normal) (G1 Evacuation Pause) 1814M->1030M(6144M) 62.835ms
[5.490s][info][gc,metaspace] GC(18) Metaspace: 11236K(11520K)->11236K(11520K) NonClass: 9435K(9600K)->9435K(9600K) Class: 1800K(1920K)->1800K(1920K)
[5.490s][info][gc          ] GC(18) Pause Young (Normal) (G1 Evacuation Pause) 1918M->1121M(6144M) 88.148ms
[5.993s][info][gc,metaspace] GC(19) Metaspace: 11236K(11520K)->11236K(11520K) NonClass: 9435K(9600K)->9435K(9600K) Class: 1800K(1920K)->1800K(1920K)
[5.993s][info][gc          ] GC(19) Pause Young (Normal) (G1 Evacuation Pause) 2085M->1214M(6144M) 77.186ms
[6.552s][info][gc,metaspace] GC(20) Metaspace: 11236K(11520K)->11236K(11520K) NonClass: 9435K(9600K)->9435K(9600K) Class: 1800K(1920K)->1800K(1920K)
[6.552s][info][gc          ] GC(20) Pause Young (Normal) (G1 Evacuation Pause) 2254M->1321M(6144M) 91.821ms
[7.132s][info][gc,metaspace] GC(21) Metaspace: 11236K(11520K)->11236K(11520K) NonClass: 9435K(9600K)->9435K(9600K) Class: 1800K(1920K)->1800K(1920K)
[7.132s][info][gc          ] GC(21) Pause Young (Normal) (G1 Evacuation Pause) 2417M->1427M(6144M) 86.668ms
[7.801s][info][gc,metaspace] GC(22) Metaspace: 11236K(11520K)->11236K(11520K) NonClass: 9435K(9600K)->9435K(9600K) Class: 1800K(1920K)->1800K(1920K)
[7.801s][info][gc          ] GC(22) Pause Young (Normal) (G1 Evacuation Pause) 2611M->1543M(6144M) 92.055ms
67108864 Objects created
 - IK: 55699211 (82.99829%)
 - OAK: 3355627 (5.0002737%)
 - TAK: 8054026 (12.001434%)
Preparatory GC...
[8.490s][info][gc,metaspace] GC(23) Metaspace: 11236K(11520K)->11236K(11520K) NonClass: 9435K(9600K)->9435K(9600K) Class: 1800K(1920K)->1800K(1920K)
[8.490s][info][gc          ] GC(23) Pause Full (System.gc()) 1725M->1449M(6144M) 605.567ms
[9.054s][info][gc,metaspace] GC(24) Metaspace: 11236K(11520K)->11236K(11520K) NonClass: 9435K(9600K)->9435K(9600K) Class: 1800K(1920K)->1800K(1920K)
[9.054s][info][gc          ] GC(24) Pause Full (System.gc()) 1449M->1449M(6144M) 563.131ms
Done; will start GCs... 
[9.617s][info][gc,metaspace] GC(25) Metaspace: 11236K(11520K)->11236K(11520K) NonClass: 9435K(9600K)->9435K(9600K) Class: 1800K(1920K)->1800K(1920K)
[9.617s][info][gc          ] GC(25) Pause Full (System.gc()) 1451M->1449M(6144M) 563.683ms
[10.182s][info][gc,metaspace] GC(26) Metaspace: 11236K(11520K)->11236K(11520K) NonClass: 9435K(9600K)->9435K(9600K) Class: 1800K(1920K)->1800K(1920K)
[10.182s][info][gc          ] GC(26) Pause Full (System.gc()) 1449M->1449M(6144M) 564.908ms
[10.763s][info][gc,metaspace] GC(27) Metaspace: 11236K(11520K)->11236K(11520K) NonClass: 9435K(9600K)->9435K(9600K) Class: 1800K(1920K)->1800K(1920K)
[10.763s][info][gc          ] GC(27) Pause Full (System.gc()) 1449M->1449M(6144M) 580.245ms
[11.324s][info][gc,metaspace] GC(28) Metaspace: 11236K(11520K)->11236K(11520K) NonClass: 9435K(9600K)->9435K(9600K) Class: 1800K(1920K)->1800K(1920K)
[11.324s][info][gc          ] GC(28) Pause Full (System.gc()) 1449M->1449M(6144M) 561.017ms
[11.893s][info][gc,metaspace] GC(29) Metaspace: 11236K(11520K)->11236K(11520K) NonClass: 9435K(9600K)->9435K(9600K) Class: 1800K(1920K)->1800K(1920K)
[11.893s][info][gc          ] GC(29) Pause Full (System.gc()) 1449M->1449M(6144M) 569.197ms
[12.443s][info][gc,metaspace] GC(30) Metaspace: 11236K(11520K)->11236K(11520K) NonClass: 9435K(9600K)->9435K(9600K) Class: 1800K(1920K)->1800K(1920K)
[12.443s][info][gc          ] GC(30) Pause Full (System.gc()) 1449M->1449M(6144M) 549.506ms
[13.008s][info][gc,metaspace] GC(31) Metaspace: 11236K(11520K)->11236K(11520K) NonClass: 9435K(9600K)->9435K(9600K) Class: 1800K(1920K)->1800K(1920K)
[13.008s][info][gc          ] GC(31) Pause Full (System.gc()) 1449M->1449M(6144M) 565.212ms
[13.523s][info][gc,metaspace] GC(32) Metaspace: 11236K(11520K)->11236K(11520K) NonClass: 9435K(9600K)->9435K(9600K) Class: 1800K(1920K)->1800K(1920K)
[13.523s][info][gc          ] GC(32) Pause Full (System.gc()) 1449M->1449M(6144M) 515.178ms
[14.040s][info][gc,metaspace] GC(33) Metaspace: 11236K(11520K)->11236K(11520K) NonClass: 9435K(9600K)->9435K(9600K) Class: 1800K(1920K)->1800K(1920K)
[14.040s][info][gc          ] GC(33) Pause Full (System.gc()) 1449M->1449M(6144M) 516.544ms
[14.559s][info][gc,metaspace] GC(34) Metaspace: 11236K(11520K)->11236K(11520K) NonClass: 9435K(9600K)->9435K(9600K) Class: 1800K(1920K)->1800K(1920K)
[14.559s][info][gc          ] GC(34) Pause Full (System.gc()) 1449M->1449M(6144M) 518.905ms
After GCs... 
