Done; will start GCs... 
[10.037s][info][gc,metaspace] GC(25) Metaspace: 11237K(11520K)->11237K(11520K) NonClass: 10148K(10304K)->10148K(10304K) Class: 1088K(1216K)->1088K(1216K)
[10.037s][info][gc          ] GC(25) Pause Full (System.gc()) 1707M->1705M(6144M) 569.933ms
[10.593s][info][gc,metaspace] GC(26) Metaspace: 11237K(11520K)->11237K(11520K) NonClass: 10148K(10304K)->10148K(10304K) Class: 1088K(1216K)->1088K(1216K)
[10.593s][info][gc          ] GC(26) Pause Full (System.gc()) 1705M->1705M(6144M) 556.596ms
[11.161s][info][gc,metaspace] GC(27) Metaspace: 11237K(11520K)->11237K(11520K) NonClass: 10148K(10304K)->10148K(10304K) Class: 1088K(1216K)->1088K(1216K)
[11.161s][info][gc          ] GC(27) Pause Full (System.gc()) 1705M->1705M(6144M) 568.096ms
[11.734s][info][gc,metaspace] GC(28) Metaspace: 11237K(11520K)->11237K(11520K) NonClass: 10148K(10304K)->10148K(10304K) Class: 1088K(1216K)->1088K(1216K)
[11.734s][info][gc          ] GC(28) Pause Full (System.gc()) 1705M->1705M(6144M) 572.244ms
[12.294s][info][gc,metaspace] GC(29) Metaspace: 11237K(11520K)->11237K(11520K) NonClass: 10148K(10304K)->10148K(10304K) Class: 1088K(1216K)->1088K(1216K)
[12.294s][info][gc          ] GC(29) Pause Full (System.gc()) 1705M->1705M(6144M) 559.906ms
[12.862s][info][gc,metaspace] GC(30) Metaspace: 11237K(11520K)->11237K(11520K) NonClass: 10148K(10304K)->10148K(10304K) Class: 1088K(1216K)->1088K(1216K)
[12.862s][info][gc          ] GC(30) Pause Full (System.gc()) 1705M->1705M(6144M) 567.795ms
[13.420s][info][gc,metaspace] GC(31) Metaspace: 11237K(11520K)->11237K(11520K) NonClass: 10148K(10304K)->10148K(10304K) Class: 1088K(1216K)->1088K(1216K)
[13.420s][info][gc          ] GC(31) Pause Full (System.gc()) 1705M->1705M(6144M) 557.880ms
[13.984s][info][gc,metaspace] GC(32) Metaspace: 11237K(11520K)->11237K(11520K) NonClass: 10148K(10304K)->10148K(10304K) Class: 1088K(1216K)->1088K(1216K)
[13.984s][info][gc          ] GC(32) Pause Full (System.gc()) 1705M->1705M(6144M) 564.167ms
[14.543s][info][gc,metaspace] GC(33) Metaspace: 11237K(11520K)->11237K(11520K) NonClass: 10148K(10304K)->10148K(10304K) Class: 1088K(1216K)->1088K(1216K)
[14.543s][info][gc          ] GC(33) Pause Full (System.gc()) 1705M->1705M(6144M) 559.421ms
[15.111s][info][gc,metaspace] GC(34) Metaspace: 11237K(11520K)->11237K(11520K) NonClass: 10148K(10304K)->10148K(10304K) Class: 1088K(1216K)->1088K(1216K)
[15.111s][info][gc          ] GC(34) Pause Full (System.gc()) 1705M->1705M(6144M) 568.030ms
After GCs... 
