Done; will start GCs... 
[9.617s][info][gc,metaspace] GC(25) Metaspace: 11236K(11520K)->11236K(11520K) NonClass: 9435K(9600K)->9435K(9600K) Class: 1800K(1920K)->1800K(1920K)
[9.617s][info][gc          ] GC(25) Pause Full (System.gc()) 1451M->1449M(6144M) 563.683ms
[10.182s][info][gc,metaspace] GC(26) Metaspace: 11236K(11520K)->11236K(11520K) NonClass: 9435K(9600K)->9435K(9600K) Class: 1800K(1920K)->1800K(1920K)
[10.182s][info][gc          ] GC(26) Pause Full (System.gc()) 1449M->1449M(6144M) 564.908ms
[10.763s][info][gc,metaspace] GC(27) Metaspace: 11236K(11520K)->11236K(11520K) NonClass: 9435K(9600K)->9435K(9600K) Class: 1800K(1920K)->1800K(1920K)
[10.763s][info][gc          ] GC(27) Pause Full (System.gc()) 1449M->1449M(6144M) 580.245ms
[11.324s][info][gc,metaspace] GC(28) Metaspace: 11236K(11520K)->11236K(11520K) NonClass: 9435K(9600K)->9435K(9600K) Class: 1800K(1920K)->1800K(1920K)
[11.324s][info][gc          ] GC(28) Pause Full (System.gc()) 1449M->1449M(6144M) 561.017ms
[11.893s][info][gc,metaspace] GC(29) Metaspace: 11236K(11520K)->11236K(11520K) NonClass: 9435K(9600K)->9435K(9600K) Class: 1800K(1920K)->1800K(1920K)
[11.893s][info][gc          ] GC(29) Pause Full (System.gc()) 1449M->1449M(6144M) 569.197ms
[12.443s][info][gc,metaspace] GC(30) Metaspace: 11236K(11520K)->11236K(11520K) NonClass: 9435K(9600K)->9435K(9600K) Class: 1800K(1920K)->1800K(1920K)
[12.443s][info][gc          ] GC(30) Pause Full (System.gc()) 1449M->1449M(6144M) 549.506ms
[13.008s][info][gc,metaspace] GC(31) Metaspace: 11236K(11520K)->11236K(11520K) NonClass: 9435K(9600K)->9435K(9600K) Class: 1800K(1920K)->1800K(1920K)
[13.008s][info][gc          ] GC(31) Pause Full (System.gc()) 1449M->1449M(6144M) 565.212ms
[13.523s][info][gc,metaspace] GC(32) Metaspace: 11236K(11520K)->11236K(11520K) NonClass: 9435K(9600K)->9435K(9600K) Class: 1800K(1920K)->1800K(1920K)
[13.523s][info][gc          ] GC(32) Pause Full (System.gc()) 1449M->1449M(6144M) 515.178ms
[14.040s][info][gc,metaspace] GC(33) Metaspace: 11236K(11520K)->11236K(11520K) NonClass: 9435K(9600K)->9435K(9600K) Class: 1800K(1920K)->1800K(1920K)
[14.040s][info][gc          ] GC(33) Pause Full (System.gc()) 1449M->1449M(6144M) 516.544ms
[14.559s][info][gc,metaspace] GC(34) Metaspace: 11236K(11520K)->11236K(11520K) NonClass: 9435K(9600K)->9435K(9600K) Class: 1800K(1920K)->1800K(1920K)
[14.559s][info][gc          ] GC(34) Pause Full (System.gc()) 1449M->1449M(6144M) 518.905ms
After GCs... 
