Done; will start GCs... 
[9.560s][info][gc,metaspace] GC(24) Metaspace: 11212K(11520K)->11212K(11520K) NonClass: 9411K(9600K)->9411K(9600K) Class: 1800K(1920K)->1800K(1920K)
[9.560s][info][gc          ] GC(24) Pause Full (System.gc()) 1450M->1448M(6144M) 556.850ms
[10.099s][info][gc,metaspace] GC(25) Metaspace: 11212K(11520K)->11212K(11520K) NonClass: 9411K(9600K)->9411K(9600K) Class: 1800K(1920K)->1800K(1920K)
[10.099s][info][gc          ] GC(25) Pause Full (System.gc()) 1448M->1448M(6144M) 538.596ms
[10.648s][info][gc,metaspace] GC(26) Metaspace: 11212K(11520K)->11212K(11520K) NonClass: 9411K(9600K)->9411K(9600K) Class: 1800K(1920K)->1800K(1920K)
[10.648s][info][gc          ] GC(26) Pause Full (System.gc()) 1448M->1448M(6144M) 549.805ms
[11.199s][info][gc,metaspace] GC(27) Metaspace: 11212K(11520K)->11212K(11520K) NonClass: 9411K(9600K)->9411K(9600K) Class: 1800K(1920K)->1800K(1920K)
[11.199s][info][gc          ] GC(27) Pause Full (System.gc()) 1448M->1448M(6144M) 550.360ms
[11.737s][info][gc,metaspace] GC(28) Metaspace: 11212K(11520K)->11212K(11520K) NonClass: 9411K(9600K)->9411K(9600K) Class: 1800K(1920K)->1800K(1920K)
[11.737s][info][gc          ] GC(28) Pause Full (System.gc()) 1448M->1448M(6144M) 537.915ms
[12.284s][info][gc,metaspace] GC(29) Metaspace: 11212K(11520K)->11212K(11520K) NonClass: 9411K(9600K)->9411K(9600K) Class: 1800K(1920K)->1800K(1920K)
[12.284s][info][gc          ] GC(29) Pause Full (System.gc()) 1448M->1448M(6144M) 546.711ms
[12.843s][info][gc,metaspace] GC(30) Metaspace: 11212K(11520K)->11212K(11520K) NonClass: 9411K(9600K)->9411K(9600K) Class: 1800K(1920K)->1800K(1920K)
[12.843s][info][gc          ] GC(30) Pause Full (System.gc()) 1448M->1448M(6144M) 559.450ms
[13.394s][info][gc,metaspace] GC(31) Metaspace: 11212K(11520K)->11212K(11520K) NonClass: 9411K(9600K)->9411K(9600K) Class: 1800K(1920K)->1800K(1920K)
[13.394s][info][gc          ] GC(31) Pause Full (System.gc()) 1448M->1448M(6144M) 550.953ms
[13.900s][info][gc,metaspace] GC(32) Metaspace: 11212K(11520K)->11212K(11520K) NonClass: 9411K(9600K)->9411K(9600K) Class: 1800K(1920K)->1800K(1920K)
[13.900s][info][gc          ] GC(32) Pause Full (System.gc()) 1448M->1448M(6144M) 505.816ms
[14.402s][info][gc,metaspace] GC(33) Metaspace: 11212K(11520K)->11212K(11520K) NonClass: 9411K(9600K)->9411K(9600K) Class: 1800K(1920K)->1800K(1920K)
[14.402s][info][gc          ] GC(33) Pause Full (System.gc()) 1448M->1448M(6144M) 501.638ms
After GCs... 
