Done; will start GCs... 
[48.654s][info][gc,metaspace] GC(12) Metaspace: 43564K(47360K)->43564K(47360K) NonClass: 33589K(35264K)->33589K(35264K) Class: 9974K(12096K)->9974K(12096K)
[48.654s][info][gc          ] GC(12) Pause Full (System.gc()) 1448M->1416M(5939M) 6205.210ms
[53.550s][info][gc,metaspace] GC(13) Metaspace: 43564K(47360K)->43564K(47360K) NonClass: 33589K(35264K)->33589K(35264K) Class: 9974K(12096K)->9974K(12096K)
[53.550s][info][gc          ] GC(13) Pause Full (System.gc()) 1416M->1416M(5939M) 4895.961ms
[58.449s][info][gc,metaspace] GC(14) Metaspace: 43564K(47360K)->43564K(47360K) NonClass: 33589K(35264K)->33589K(35264K) Class: 9974K(12096K)->9974K(12096K)
[58.449s][info][gc          ] GC(14) Pause Full (System.gc()) 1416M->1416M(5939M) 4898.460ms
[63.641s][info][gc,metaspace] GC(15) Metaspace: 43564K(47360K)->43564K(47360K) NonClass: 33589K(35264K)->33589K(35264K) Class: 9974K(12096K)->9974K(12096K)
[63.641s][info][gc          ] GC(15) Pause Full (System.gc()) 1416M->1416M(5939M) 5191.441ms
[68.206s][info][gc,metaspace] GC(16) Metaspace: 43564K(47360K)->43564K(47360K) NonClass: 33589K(35264K)->33589K(35264K) Class: 9974K(12096K)->9974K(12096K)
[68.206s][info][gc          ] GC(16) Pause Full (System.gc()) 1416M->1416M(5939M) 4560.694ms
[72.714s][info][gc,metaspace] GC(17) Metaspace: 43564K(47360K)->43564K(47360K) NonClass: 33589K(35264K)->33589K(35264K) Class: 9974K(12096K)->9974K(12096K)
[72.714s][info][gc          ] GC(17) Pause Full (System.gc()) 1416M->1416M(5939M) 4507.457ms
[77.266s][info][gc,metaspace] GC(18) Metaspace: 43564K(47360K)->43564K(47360K) NonClass: 33589K(35264K)->33589K(35264K) Class: 9974K(12096K)->9974K(12096K)
[77.266s][info][gc          ] GC(18) Pause Full (System.gc()) 1416M->1416M(5939M) 4551.611ms
[82.228s][info][gc,metaspace] GC(19) Metaspace: 43564K(47360K)->43564K(47360K) NonClass: 33589K(35264K)->33589K(35264K) Class: 9974K(12096K)->9974K(12096K)
[82.228s][info][gc          ] GC(19) Pause Full (System.gc()) 1426M->1416M(5939M) 4962.095ms
[87.890s][info][gc,metaspace] GC(20) Metaspace: 43564K(47360K)->43564K(47360K) NonClass: 33589K(35264K)->33589K(35264K) Class: 9974K(12096K)->9974K(12096K)
[87.890s][info][gc          ] GC(20) Pause Full (System.gc()) 1416M->1416M(5939M) 5661.745ms
[92.453s][info][gc,metaspace] GC(21) Metaspace: 43564K(47360K)->43564K(47360K) NonClass: 33589K(35264K)->33589K(35264K) Class: 9974K(12096K)->9974K(12096K)
[92.453s][info][gc          ] GC(21) Pause Full (System.gc()) 1416M->1416M(5939M) 4562.171ms
After GCs... 
