Done; will start GCs... 
[50.291s][info][gc,metaspace] GC(14) Metaspace: 43132K(46912K)->43132K(46912K) NonClass: 36489K(38144K)->36489K(38144K) Class: 6643K(8768K)->6643K(8768K)
[50.291s][info][gc          ] GC(14) Pause Full (System.gc()) 1579M->1546M(5939M) 5838.526ms
[54.722s][info][gc,metaspace] GC(15) Metaspace: 43132K(46912K)->43132K(46912K) NonClass: 36489K(38144K)->36489K(38144K) Class: 6643K(8768K)->6643K(8768K)
[54.722s][info][gc          ] GC(15) Pause Full (System.gc()) 1546M->1546M(5939M) 4430.150ms
[59.099s][info][gc,metaspace] GC(16) Metaspace: 43132K(46912K)->43132K(46912K) NonClass: 36489K(38144K)->36489K(38144K) Class: 6643K(8768K)->6643K(8768K)
[59.099s][info][gc          ] GC(16) Pause Full (System.gc()) 1546M->1546M(5939M) 4377.668ms
[63.528s][info][gc,metaspace] GC(17) Metaspace: 43132K(46912K)->43132K(46912K) NonClass: 36489K(38144K)->36489K(38144K) Class: 6643K(8768K)->6643K(8768K)
[63.528s][info][gc          ] GC(17) Pause Full (System.gc()) 1546M->1546M(5939M) 4428.540ms
[67.909s][info][gc,metaspace] GC(18) Metaspace: 43132K(46912K)->43132K(46912K) NonClass: 36489K(38144K)->36489K(38144K) Class: 6643K(8768K)->6643K(8768K)
[67.909s][info][gc          ] GC(18) Pause Full (System.gc()) 1546M->1546M(5939M) 4380.277ms
[72.284s][info][gc,metaspace] GC(19) Metaspace: 43132K(46912K)->43132K(46912K) NonClass: 36489K(38144K)->36489K(38144K) Class: 6643K(8768K)->6643K(8768K)
[72.284s][info][gc          ] GC(19) Pause Full (System.gc()) 1557M->1546M(5939M) 4375.537ms
[76.713s][info][gc,metaspace] GC(20) Metaspace: 43132K(46912K)->43132K(46912K) NonClass: 36489K(38144K)->36489K(38144K) Class: 6643K(8768K)->6643K(8768K)
[76.713s][info][gc          ] GC(20) Pause Full (System.gc()) 1546M->1546M(5939M) 4428.250ms
[81.093s][info][gc,metaspace] GC(21) Metaspace: 43132K(46912K)->43132K(46912K) NonClass: 36489K(38144K)->36489K(38144K) Class: 6643K(8768K)->6643K(8768K)
[81.093s][info][gc          ] GC(21) Pause Full (System.gc()) 1546M->1546M(5939M) 4379.759ms
[86.578s][info][gc,metaspace] GC(22) Metaspace: 43132K(46912K)->43132K(46912K) NonClass: 36489K(38144K)->36489K(38144K) Class: 6643K(8768K)->6643K(8768K)
[86.578s][info][gc          ] GC(22) Pause Full (System.gc()) 1546M->1546M(5939M) 5484.867ms
[90.955s][info][gc,metaspace] GC(23) Metaspace: 43132K(46912K)->43132K(46912K) NonClass: 36489K(38144K)->36489K(38144K) Class: 6643K(8768K)->6643K(8768K)
[90.955s][info][gc          ] GC(23) Pause Full (System.gc()) 1546M->1546M(5939M) 4376.994ms
After GCs... 
