[0.001s][info][metaspace]  - commit_granule_bytes: 65536.
[0.001s][info][metaspace]  - commit_granule_words: 8192.
[0.001s][info][metaspace]  - virtual_space_node_default_size: 8388608.
[0.001s][info][metaspace]  - enlarge_chunks_in_place: 1.
[0.001s][info][metaspace]  - use_allocation_guard: 0.
[0.005s][info][gc       ] Using Serial
[1.694s][info][metaspace] Reserving compressed class space anywhere
[1.694s][info][gc,metaspace] CDS archive(s) not mapped
[1.694s][info][gc,metaspace] Compressed class space mapped at: 0x0000000038000000-0x00000000f8000000, reserved size: 3221225472
[1.694s][info][gc,metaspace] UseCompressedClassPointers 1, UseCompactObjectHeaders 1, narrow klass pointer bits 22, max shift 10
[1.694s][info][gc,metaspace] Narrow klass base: 0x0000000038000000, Narrow klass shift: 10, Narrow klass range: 0xc0000000
Num Classes: 4096
Num Objects per Class: 16384
Cycles: 10
randomize: true (disable with --no-randomization)
ballOfYarn mode: false (switch to flat mode with --flat-mode)
Generate 4096 classes...[3.917s][info][gc,metaspace] GC(0) Metaspace: 23019K(23424K)->23019K(23424K) NonClass: 19289K(19520K)->19289K(19520K) Class: 3730K(3904K)->3730K(3904K)
[3.917s][info][gc          ] GC(0) Pause Young (Allocation Failure) 1638M->3M(5939M) 14.043ms
[5.282s][info][gc,metaspace] GC(1) Metaspace: 23748K(24064K)->23748K(24064K) NonClass: 20015K(20160K)->20015K(20160K) Class: 3732K(3904K)->3732K(3904K)
[5.282s][info][gc          ] GC(1) Pause Young (Allocation Failure) 1642M->4M(5939M) 10.355ms
[6.516s][info][gc,metaspace] GC(2) Metaspace: 23803K(24128K)->23803K(24128K) NonClass: 20071K(20224K)->20071K(20224K) Class: 3732K(3904K)->3732K(3904K)
[6.516s][info][gc          ] GC(2) Pause Young (Allocation Failure) 1643M->5M(5939M) 16.195ms
[7.719s][info][gc,metaspace] GC(3) Metaspace: 23845K(24192K)->23845K(24192K) NonClass: 20113K(20288K)->20113K(20288K) Class: 3732K(3904K)->3732K(3904K)
[7.719s][info][gc          ] GC(3) Pause Young (Allocation Failure) 1643M->5M(5939M) 10.735ms
[8.881s][info][gc,metaspace] GC(4) Metaspace: 23923K(24256K)->23923K(24256K) NonClass: 20191K(20352K)->20191K(20352K) Class: 3732K(3904K)->3732K(3904K)
[8.881s][info][gc          ] GC(4) Pause Young (Allocation Failure) 1643M->5M(5939M) 16.492ms
[10.427s][info][gc,metaspace] GC(5) Metaspace: 23970K(24384K)->23970K(24384K) NonClass: 20237K(20480K)->20237K(20480K) Class: 3733K(3904K)->3733K(3904K)
[10.427s][info][gc          ] GC(5) Pause Young (Allocation Failure) 1644M->6M(5939M) 18.893ms
[11.520s][info][gc,metaspace] GC(6) Metaspace: 23970K(24384K)->23970K(24384K) NonClass: 20237K(20480K)->20237K(20480K) Class: 3733K(3904K)->3733K(3904K)
[11.520s][info][gc          ] GC(6) Pause Young (Allocation Failure) 1645M->7M(5939M) 12.159ms
[12.614s][info][gc,metaspace] GC(7) Metaspace: 23970K(24384K)->23970K(24384K) NonClass: 20237K(20480K)->20237K(20480K) Class: 3733K(3904K)->3733K(3904K)
[12.614s][info][gc          ] GC(7) Pause Young (Allocation Failure) 1645M->7M(5939M) 19.842ms
[13.692s][info][gc,metaspace] GC(8) Metaspace: 23970K(24384K)->23970K(24384K) NonClass: 20237K(20480K)->20237K(20480K) Class: 3733K(3904K)->3733K(3904K)
[13.692s][info][gc          ] GC(8) Pause Young (Allocation Failure) 1646M->7M(5939M) 12.712ms

Loading 4096...[14.202s][info][gc,metaspace] GC(9) Metaspace: 30254K(30656K)->30254K(30656K) NonClass: 22425K(22656K)->22425K(22656K) Class: 7828K(8000K)->7828K(8000K)
[14.202s][info][gc          ] GC(9) Pause Full (System.gc()) 498M->7M(5939M) 159.600ms
Creating 16384 objects per class...
Preparatory GC...
[37.545s][info][gc,metaspace] GC(10) Metaspace: 43564K(47360K)->43564K(47360K) NonClass: 33589K(35264K)->33589K(35264K) Class: 9974K(12096K)->9974K(12096K)
[37.545s][info][gc          ] GC(10) Pause Full (System.gc()) 1573M->1416M(5939M) 6804.234ms
[42.448s][info][gc,metaspace] GC(11) Metaspace: 43564K(47360K)->43564K(47360K) NonClass: 33589K(35264K)->33589K(35264K) Class: 9974K(12096K)->9974K(12096K)
[42.448s][info][gc          ] GC(11) Pause Full (System.gc()) 1416M->1416M(5939M) 4902.854ms
Done; will start GCs... 
[48.654s][info][gc,metaspace] GC(12) Metaspace: 43564K(47360K)->43564K(47360K) NonClass: 33589K(35264K)->33589K(35264K) Class: 9974K(12096K)->9974K(12096K)
[48.654s][info][gc          ] GC(12) Pause Full (System.gc()) 1448M->1416M(5939M) 6205.210ms
[53.550s][info][gc,metaspace] GC(13) Metaspace: 43564K(47360K)->43564K(47360K) NonClass: 33589K(35264K)->33589K(35264K) Class: 9974K(12096K)->9974K(12096K)
[53.550s][info][gc          ] GC(13) Pause Full (System.gc()) 1416M->1416M(5939M) 4895.961ms
[58.449s][info][gc,metaspace] GC(14) Metaspace: 43564K(47360K)->43564K(47360K) NonClass: 33589K(35264K)->33589K(35264K) Class: 9974K(12096K)->9974K(12096K)
[58.449s][info][gc          ] GC(14) Pause Full (System.gc()) 1416M->1416M(5939M) 4898.460ms
[63.641s][info][gc,metaspace] GC(15) Metaspace: 43564K(47360K)->43564K(47360K) NonClass: 33589K(35264K)->33589K(35264K) Class: 9974K(12096K)->9974K(12096K)
[63.641s][info][gc          ] GC(15) Pause Full (System.gc()) 1416M->1416M(5939M) 5191.441ms
[68.206s][info][gc,metaspace] GC(16) Metaspace: 43564K(47360K)->43564K(47360K) NonClass: 33589K(35264K)->33589K(35264K) Class: 9974K(12096K)->9974K(12096K)
[68.206s][info][gc          ] GC(16) Pause Full (System.gc()) 1416M->1416M(5939M) 4560.694ms
[72.714s][info][gc,metaspace] GC(17) Metaspace: 43564K(47360K)->43564K(47360K) NonClass: 33589K(35264K)->33589K(35264K) Class: 9974K(12096K)->9974K(12096K)
[72.714s][info][gc          ] GC(17) Pause Full (System.gc()) 1416M->1416M(5939M) 4507.457ms
[77.266s][info][gc,metaspace] GC(18) Metaspace: 43564K(47360K)->43564K(47360K) NonClass: 33589K(35264K)->33589K(35264K) Class: 9974K(12096K)->9974K(12096K)
[77.266s][info][gc          ] GC(18) Pause Full (System.gc()) 1416M->1416M(5939M) 4551.611ms
[82.228s][info][gc,metaspace] GC(19) Metaspace: 43564K(47360K)->43564K(47360K) NonClass: 33589K(35264K)->33589K(35264K) Class: 9974K(12096K)->9974K(12096K)
[82.228s][info][gc          ] GC(19) Pause Full (System.gc()) 1426M->1416M(5939M) 4962.095ms
[87.890s][info][gc,metaspace] GC(20) Metaspace: 43564K(47360K)->43564K(47360K) NonClass: 33589K(35264K)->33589K(35264K) Class: 9974K(12096K)->9974K(12096K)
[87.890s][info][gc          ] GC(20) Pause Full (System.gc()) 1416M->1416M(5939M) 5661.745ms
[92.453s][info][gc,metaspace] GC(21) Metaspace: 43564K(47360K)->43564K(47360K) NonClass: 33589K(35264K)->33589K(35264K) Class: 9974K(12096K)->9974K(12096K)
[92.453s][info][gc          ] GC(21) Pause Full (System.gc()) 1416M->1416M(5939M) 4562.171ms
After GCs... 
