Done; will start GCs... 
[43.839s][info][gc,metaspace] GC(12) Metaspace: 43565K(47360K)->43565K(47360K) NonClass: 33590K(35264K)->33590K(35264K) Class: 9974K(12096K)->9974K(12096K)
[43.839s][info][gc          ] GC(12) Pause Full (System.gc()) 1448M->1416M(5939M) 4609.943ms
[47.373s][info][gc,metaspace] GC(13) Metaspace: 43565K(47360K)->43565K(47360K) NonClass: 33590K(35264K)->33590K(35264K) Class: 9974K(12096K)->9974K(12096K)
[47.373s][info][gc          ] GC(13) Pause Full (System.gc()) 1416M->1416M(5939M) 3534.226ms
[50.861s][info][gc,metaspace] GC(14) Metaspace: 43565K(47360K)->43565K(47360K) NonClass: 33590K(35264K)->33590K(35264K) Class: 9974K(12096K)->9974K(12096K)
[50.861s][info][gc          ] GC(14) Pause Full (System.gc()) 1416M->1416M(5939M) 3487.179ms
[54.393s][info][gc,metaspace] GC(15) Metaspace: 43565K(47360K)->43565K(47360K) NonClass: 33590K(35264K)->33590K(35264K) Class: 9974K(12096K)->9974K(12096K)
[54.394s][info][gc          ] GC(15) Pause Full (System.gc()) 1416M->1416M(5939M) 3532.391ms
[57.879s][info][gc,metaspace] GC(16) Metaspace: 43565K(47360K)->43565K(47360K) NonClass: 33590K(35264K)->33590K(35264K) Class: 9974K(12096K)->9974K(12096K)
[57.879s][info][gc          ] GC(16) Pause Full (System.gc()) 1416M->1416M(5939M) 3484.954ms
[61.418s][info][gc,metaspace] GC(17) Metaspace: 43565K(47360K)->43565K(47360K) NonClass: 33590K(35264K)->33590K(35264K) Class: 9974K(12096K)->9974K(12096K)
[61.418s][info][gc          ] GC(17) Pause Full (System.gc()) 1416M->1416M(5939M) 3539.143ms
[64.900s][info][gc,metaspace] GC(18) Metaspace: 43565K(47360K)->43565K(47360K) NonClass: 33590K(35264K)->33590K(35264K) Class: 9974K(12096K)->9974K(12096K)
[64.900s][info][gc          ] GC(18) Pause Full (System.gc()) 1416M->1416M(5939M) 3480.942ms
[68.438s][info][gc,metaspace] GC(19) Metaspace: 43565K(47360K)->43565K(47360K) NonClass: 33590K(35264K)->33590K(35264K) Class: 9974K(12096K)->9974K(12096K)
[68.438s][info][gc          ] GC(19) Pause Full (System.gc()) 1416M->1416M(5939M) 3537.731ms
[73.031s][info][gc,metaspace] GC(20) Metaspace: 43565K(47360K)->43565K(47360K) NonClass: 33590K(35264K)->33590K(35264K) Class: 9974K(12096K)->9974K(12096K)
[73.031s][info][gc          ] GC(20) Pause Full (System.gc()) 1426M->1416M(5939M) 4593.528ms
[76.568s][info][gc,metaspace] GC(21) Metaspace: 43565K(47360K)->43565K(47360K) NonClass: 33590K(35264K)->33590K(35264K) Class: 9974K(12096K)->9974K(12096K)
[76.568s][info][gc          ] GC(21) Pause Full (System.gc()) 1416M->1416M(5939M) 3536.286ms
After GCs... 
