Done; will start GCs... 
[15.097s][info][gc,metaspace] GC(3) Metaspace: 22168K(22528K)->22168K(22528K) NonClass: 18344K(18560K)->18344K(18560K) Class: 3824K(3968K)->3824K(3968K)
[15.097s][info][gc          ] GC(3) Pause Full (System.gc()) 1418M->1386M(5939M) 3228.398ms
[17.726s][info][gc,metaspace] GC(4) Metaspace: 22168K(22528K)->22168K(22528K) NonClass: 18344K(18560K)->18344K(18560K) Class: 3824K(3968K)->3824K(3968K)
[17.726s][info][gc          ] GC(4) Pause Full (System.gc()) 1386M->1386M(5939M) 2629.077ms
[20.357s][info][gc,metaspace] GC(5) Metaspace: 22168K(22528K)->22168K(22528K) NonClass: 18344K(18560K)->18344K(18560K) Class: 3824K(3968K)->3824K(3968K)
[20.357s][info][gc          ] GC(5) Pause Full (System.gc()) 1386M->1386M(5939M) 2630.830ms
[23.388s][info][gc,metaspace] GC(6) Metaspace: 22168K(22528K)->22168K(22528K) NonClass: 18344K(18560K)->18344K(18560K) Class: 3824K(3968K)->3824K(3968K)
[23.388s][info][gc          ] GC(6) Pause Full (System.gc()) 1386M->1386M(5939M) 3031.161ms
[25.967s][info][gc,metaspace] GC(7) Metaspace: 22168K(22528K)->22168K(22528K) NonClass: 18344K(18560K)->18344K(18560K) Class: 3824K(3968K)->3824K(3968K)
[25.967s][info][gc          ] GC(7) Pause Full (System.gc()) 1386M->1386M(5939M) 2578.517ms
[28.597s][info][gc,metaspace] GC(8) Metaspace: 22169K(22528K)->22169K(22528K) NonClass: 18344K(18560K)->18344K(18560K) Class: 3824K(3968K)->3824K(3968K)
[28.597s][info][gc          ] GC(8) Pause Full (System.gc()) 1386M->1386M(5939M) 2629.430ms
[31.176s][info][gc,metaspace] GC(9) Metaspace: 22169K(22528K)->22169K(22528K) NonClass: 18344K(18560K)->18344K(18560K) Class: 3824K(3968K)->3824K(3968K)
[31.176s][info][gc          ] GC(9) Pause Full (System.gc()) 1386M->1386M(5939M) 2575.049ms
[33.808s][info][gc,metaspace] GC(10) Metaspace: 22169K(22528K)->22169K(22528K) NonClass: 18344K(18560K)->18344K(18560K) Class: 3824K(3968K)->3824K(3968K)
[33.808s][info][gc          ] GC(10) Pause Full (System.gc()) 1386M->1386M(5939M) 2631.815ms
[36.436s][info][gc,metaspace] GC(11) Metaspace: 22169K(22528K)->22169K(22528K) NonClass: 18344K(18560K)->18344K(18560K) Class: 3824K(3968K)->3824K(3968K)
[36.436s][info][gc          ] GC(11) Pause Full (System.gc()) 1386M->1386M(5939M) 2627.957ms
[39.015s][info][gc,metaspace] GC(12) Metaspace: 22169K(22528K)->22169K(22528K) NonClass: 18344K(18560K)->18344K(18560K) Class: 3824K(3968K)->3824K(3968K)
[39.015s][info][gc          ] GC(12) Pause Full (System.gc()) 1386M->1386M(5939M) 2578.805ms
After GCs... 
