Done; will start GCs... 
[16.056s][info][gc,metaspace] GC(3) Metaspace: 22175K(22528K)->22175K(22528K) NonClass: 18350K(18560K)->18350K(18560K) Class: 3824K(3968K)->3824K(3968K)
[16.056s][info][gc          ] GC(3) Pause Full (System.gc()) 1418M->1386M(5939M) 3608.476ms
[18.957s][info][gc,metaspace] GC(4) Metaspace: 22175K(22528K)->22175K(22528K) NonClass: 18350K(18560K)->18350K(18560K) Class: 3824K(3968K)->3824K(3968K)
[18.957s][info][gc          ] GC(4) Pause Full (System.gc()) 1386M->1386M(5939M) 2901.551ms
[21.864s][info][gc,metaspace] GC(5) Metaspace: 22175K(22528K)->22175K(22528K) NonClass: 18350K(18560K)->18350K(18560K) Class: 3824K(3968K)->3824K(3968K)
[21.864s][info][gc          ] GC(5) Pause Full (System.gc()) 1386M->1386M(5939M) 2906.872ms
[24.722s][info][gc,metaspace] GC(6) Metaspace: 22175K(22528K)->22175K(22528K) NonClass: 18350K(18560K)->18350K(18560K) Class: 3824K(3968K)->3824K(3968K)
[24.722s][info][gc          ] GC(6) Pause Full (System.gc()) 1386M->1386M(5939M) 2857.123ms
[27.632s][info][gc,metaspace] GC(7) Metaspace: 22175K(22528K)->22175K(22528K) NonClass: 18350K(18560K)->18350K(18560K) Class: 3824K(3968K)->3824K(3968K)
[27.632s][info][gc          ] GC(7) Pause Full (System.gc()) 1386M->1386M(5939M) 2910.304ms
[30.545s][info][gc,metaspace] GC(8) Metaspace: 22175K(22528K)->22175K(22528K) NonClass: 18350K(18560K)->18350K(18560K) Class: 3824K(3968K)->3824K(3968K)
[30.545s][info][gc          ] GC(8) Pause Full (System.gc()) 1386M->1386M(5939M) 2913.084ms
[33.459s][info][gc,metaspace] GC(9) Metaspace: 22175K(22528K)->22175K(22528K) NonClass: 18350K(18560K)->18350K(18560K) Class: 3824K(3968K)->3824K(3968K)
[33.459s][info][gc          ] GC(9) Pause Full (System.gc()) 1386M->1386M(5939M) 2913.623ms
[36.372s][info][gc,metaspace] GC(10) Metaspace: 22175K(22528K)->22175K(22528K) NonClass: 18350K(18560K)->18350K(18560K) Class: 3824K(3968K)->3824K(3968K)
[36.372s][info][gc          ] GC(10) Pause Full (System.gc()) 1386M->1386M(5939M) 2913.274ms
[39.289s][info][gc,metaspace] GC(11) Metaspace: 22175K(22528K)->22175K(22528K) NonClass: 18350K(18560K)->18350K(18560K) Class: 3824K(3968K)->3824K(3968K)
[39.289s][info][gc          ] GC(11) Pause Full (System.gc()) 1386M->1386M(5939M) 2916.619ms
[42.207s][info][gc,metaspace] GC(12) Metaspace: 22175K(22528K)->22175K(22528K) NonClass: 18350K(18560K)->18350K(18560K) Class: 3824K(3968K)->3824K(3968K)
[42.207s][info][gc          ] GC(12) Pause Full (System.gc()) 1386M->1386M(5939M) 2917.769ms
After GCs... 
