[0.001s][info][metaspace]  - commit_granule_bytes: 65536.
[0.001s][info][metaspace]  - commit_granule_words: 8192.
[0.001s][info][metaspace]  - virtual_space_node_default_size: 8388608.
[0.001s][info][metaspace]  - enlarge_chunks_in_place: 1.
[0.001s][info][metaspace]  - use_allocation_guard: 0.
[0.005s][info][gc       ] Using Serial
[1.905s][info][metaspace] Reserving compressed class space anywhere
[1.905s][info][gc,metaspace] CDS archive(s) not mapped
[1.905s][info][gc,metaspace] Compressed class space mapped at: 0x000000003a000000-0x00000000fa000000, reserved size: 3221225472
[1.905s][info][gc,metaspace] UseCompressedClassPointers 1, UseCompactObjectHeaders 0, narrow klass pointer bits 32, max shift 3
[1.905s][info][gc,metaspace] Narrow klass base: 0x0000000000000000, Narrow klass shift: 0, Narrow klass range: 0xfa000000
Num Classes: 64
Num Objects per Class: 1048576
Cycles: 10
randomize: true (disable with --no-randomization)
ballOfYarn mode: false (switch to flat mode with --flat-mode)
Generate 64 classes...
Loading 64...[2.933s][info][gc,metaspace] GC(0) Metaspace: 21945K(22336K)->21945K(22336K) NonClass: 19600K(19840K)->19600K(19840K) Class: 2345K(2496K)->2345K(2496K)
[2.933s][info][gc          ] GC(0) Pause Full (System.gc()) 426M->3M(5939M) 71.798ms
Creating 1048576 objects per class...
Preparatory GC...
[9.389s][info][gc,metaspace] GC(1) Metaspace: 22177K(22592K)->22177K(22592K) NonClass: 19799K(20032K)->19799K(20032K) Class: 2378K(2560K)->2378K(2560K)
[9.389s][info][gc          ] GC(1) Pause Full (System.gc()) 1602M->1499M(5939M) 3945.345ms
[12.183s][info][gc,metaspace] GC(2) Metaspace: 22177K(22592K)->22177K(22592K) NonClass: 19799K(20032K)->19799K(20032K) Class: 2378K(2560K)->2378K(2560K)
[12.183s][info][gc          ] GC(2) Pause Full (System.gc()) 1499M->1499M(5939M) 2794.078ms
Done; will start GCs... 
[15.590s][info][gc,metaspace] GC(3) Metaspace: 22177K(22592K)->22177K(22592K) NonClass: 19799K(20032K)->19799K(20032K) Class: 2378K(2560K)->2378K(2560K)
[15.590s][info][gc          ] GC(3) Pause Full (System.gc()) 1530M->1499M(5939M) 3406.356ms
[18.383s][info][gc,metaspace] GC(4) Metaspace: 22178K(22592K)->22178K(22592K) NonClass: 19799K(20032K)->19799K(20032K) Class: 2378K(2560K)->2378K(2560K)
[18.383s][info][gc          ] GC(4) Pause Full (System.gc()) 1499M->1499M(5939M) 2793.008ms
[21.176s][info][gc,metaspace] GC(5) Metaspace: 22178K(22592K)->22178K(22592K) NonClass: 19799K(20032K)->19799K(20032K) Class: 2378K(2560K)->2378K(2560K)
[21.176s][info][gc          ] GC(5) Pause Full (System.gc()) 1499M->1499M(5939M) 2792.696ms
[23.965s][info][gc,metaspace] GC(6) Metaspace: 22178K(22592K)->22178K(22592K) NonClass: 19799K(20032K)->19799K(20032K) Class: 2378K(2560K)->2378K(2560K)
[23.965s][info][gc          ] GC(6) Pause Full (System.gc()) 1499M->1499M(5939M) 2788.517ms
[26.758s][info][gc,metaspace] GC(7) Metaspace: 22178K(22592K)->22178K(22592K) NonClass: 19799K(20032K)->19799K(20032K) Class: 2378K(2560K)->2378K(2560K)
[26.758s][info][gc          ] GC(7) Pause Full (System.gc()) 1499M->1499M(5939M) 2793.109ms
[29.500s][info][gc,metaspace] GC(8) Metaspace: 22178K(22592K)->22178K(22592K) NonClass: 19799K(20032K)->19799K(20032K) Class: 2378K(2560K)->2378K(2560K)
[29.500s][info][gc          ] GC(8) Pause Full (System.gc()) 1499M->1499M(5939M) 2742.105ms
[32.741s][info][gc,metaspace] GC(9) Metaspace: 22178K(22592K)->22178K(22592K) NonClass: 19799K(20032K)->19799K(20032K) Class: 2378K(2560K)->2378K(2560K)
[32.741s][info][gc          ] GC(9) Pause Full (System.gc()) 1499M->1499M(5939M) 3236.245ms
[35.482s][info][gc,metaspace] GC(10) Metaspace: 22178K(22592K)->22178K(22592K) NonClass: 19799K(20032K)->19799K(20032K) Class: 2378K(2560K)->2378K(2560K)
[35.482s][info][gc          ] GC(10) Pause Full (System.gc()) 1499M->1499M(5939M) 2741.413ms
[38.275s][info][gc,metaspace] GC(11) Metaspace: 22178K(22592K)->22178K(22592K) NonClass: 19799K(20032K)->19799K(20032K) Class: 2378K(2560K)->2378K(2560K)
[38.275s][info][gc          ] GC(11) Pause Full (System.gc()) 1499M->1499M(5939M) 2792.561ms
[41.068s][info][gc,metaspace] GC(12) Metaspace: 22178K(22592K)->22178K(22592K) NonClass: 19799K(20032K)->19799K(20032K) Class: 2378K(2560K)->2378K(2560K)
[41.068s][info][gc          ] GC(12) Pause Full (System.gc()) 1499M->1499M(5939M) 2792.914ms
After GCs... 
