Done; will start GCs... 
[68.354s][info][gc          ] GC(14) Major Collection (System.gc())
[68.374s][info][gc,metaspace] GC(14) Y: Metaspace: 86M used, 99M committed, 3200M reserved
[68.393s][info][gc,metaspace] GC(14) Y: Metaspace: 86M used, 99M committed, 3200M reserved
[70.770s][info][gc,metaspace] GC(14) O: Metaspace: 86M used, 99M committed, 3200M reserved
[70.770s][info][gc          ] GC(14) Major Collection (System.gc()) 2480M(40%)->2478M(40%) 2.416s
[70.770s][info][gc          ] GC(15) Major Collection (System.gc())
[70.789s][info][gc,metaspace] GC(15) Y: Metaspace: 86M used, 99M committed, 3200M reserved
[70.807s][info][gc,metaspace] GC(15) Y: Metaspace: 86M used, 99M committed, 3200M reserved
[73.272s][info][gc,metaspace] GC(15) O: Metaspace: 86M used, 99M committed, 3200M reserved
[73.272s][info][gc          ] GC(15) Major Collection (System.gc()) 2478M(40%)->2478M(40%) 2.501s
[73.272s][info][gc          ] GC(16) Major Collection (System.gc())
[73.291s][info][gc,metaspace] GC(16) Y: Metaspace: 86M used, 99M committed, 3200M reserved
[73.309s][info][gc,metaspace] GC(16) Y: Metaspace: 86M used, 99M committed, 3200M reserved
[75.682s][info][gc,metaspace] GC(16) O: Metaspace: 86M used, 99M committed, 3200M reserved
[75.682s][info][gc          ] GC(16) Major Collection (System.gc()) 2478M(40%)->2478M(40%) 2.410s
[75.682s][info][gc          ] GC(17) Major Collection (System.gc())
[75.701s][info][gc,metaspace] GC(17) Y: Metaspace: 86M used, 99M committed, 3200M reserved
[75.719s][info][gc,metaspace] GC(17) Y: Metaspace: 86M used, 99M committed, 3200M reserved
[78.039s][info][gc,metaspace] GC(17) O: Metaspace: 86M used, 99M committed, 3200M reserved
[78.039s][info][gc          ] GC(17) Major Collection (System.gc()) 2478M(40%)->2478M(40%) 2.357s
[78.039s][info][gc          ] GC(18) Major Collection (System.gc())
[78.058s][info][gc,metaspace] GC(18) Y: Metaspace: 86M used, 99M committed, 3200M reserved
[78.077s][info][gc,metaspace] GC(18) Y: Metaspace: 86M used, 99M committed, 3200M reserved
[80.409s][info][gc,metaspace] GC(18) O: Metaspace: 86M used, 99M committed, 3200M reserved
[80.409s][info][gc          ] GC(18) Major Collection (System.gc()) 2478M(40%)->2478M(40%) 2.369s
[80.409s][info][gc          ] GC(19) Major Collection (System.gc())
[80.428s][info][gc,metaspace] GC(19) Y: Metaspace: 86M used, 99M committed, 3200M reserved
[80.446s][info][gc,metaspace] GC(19) Y: Metaspace: 86M used, 99M committed, 3200M reserved
[82.832s][info][gc,metaspace] GC(19) O: Metaspace: 86M used, 99M committed, 3200M reserved
[82.832s][info][gc          ] GC(19) Major Collection (System.gc()) 2478M(40%)->2478M(40%) 2.423s
[82.832s][info][gc          ] GC(20) Major Collection (System.gc())
[82.851s][info][gc,metaspace] GC(20) Y: Metaspace: 86M used, 99M committed, 3200M reserved
[82.870s][info][gc,metaspace] GC(20) Y: Metaspace: 86M used, 99M committed, 3200M reserved
[85.205s][info][gc,metaspace] GC(20) O: Metaspace: 86M used, 99M committed, 3200M reserved
[85.205s][info][gc          ] GC(20) Major Collection (System.gc()) 2478M(40%)->2478M(40%) 2.373s
[85.205s][info][gc          ] GC(21) Major Collection (System.gc())
[85.224s][info][gc,metaspace] GC(21) Y: Metaspace: 86M used, 99M committed, 3200M reserved
[85.243s][info][gc,metaspace] GC(21) Y: Metaspace: 86M used, 99M committed, 3200M reserved
[87.625s][info][gc,metaspace] GC(21) O: Metaspace: 86M used, 99M committed, 3200M reserved
[87.625s][info][gc          ] GC(21) Major Collection (System.gc()) 2478M(40%)->2478M(40%) 2.419s
[87.625s][info][gc          ] GC(22) Major Collection (System.gc())
[87.643s][info][gc,metaspace] GC(22) Y: Metaspace: 86M used, 99M committed, 3200M reserved
[87.662s][info][gc,metaspace] GC(22) Y: Metaspace: 86M used, 99M committed, 3200M reserved
[89.993s][info][gc,metaspace] GC(22) O: Metaspace: 86M used, 99M committed, 3200M reserved
[89.993s][info][gc          ] GC(22) Major Collection (System.gc()) 2478M(40%)->2478M(40%) 2.368s
[89.993s][info][gc          ] GC(23) Major Collection (System.gc())
[90.011s][info][gc,metaspace] GC(23) Y: Metaspace: 86M used, 99M committed, 3200M reserved
[90.030s][info][gc,metaspace] GC(23) Y: Metaspace: 86M used, 99M committed, 3200M reserved
[92.447s][info][gc,metaspace] GC(23) O: Metaspace: 86M used, 99M committed, 3200M reserved
[92.447s][info][gc          ] GC(23) Major Collection (System.gc()) 2478M(40%)->2478M(40%) 2.454s
[92.447s][info][gc          ] GC(24) Major Collection (System.gc())
[92.494s][info][gc,metaspace] GC(24) Y: Metaspace: 86M used, 99M committed, 3200M reserved
[92.514s][info][gc,metaspace] GC(24) Y: Metaspace: 86M used, 99M committed, 3200M reserved
[95.045s][info][gc,metaspace] GC(24) O: Metaspace: 86M used, 99M committed, 3200M reserved
[95.045s][info][gc          ] GC(24) Major Collection (System.gc()) 2478M(40%)->2478M(40%) 2.599s
[95.045s][info][gc          ] GC(25) Major Collection (System.gc())
[95.066s][info][gc,metaspace] GC(25) Y: Metaspace: 86M used, 99M committed, 3200M reserved
[95.085s][info][gc,metaspace] GC(25) Y: Metaspace: 86M used, 99M committed, 3200M reserved
[97.409s][info][gc,metaspace] GC(25) O: Metaspace: 86M used, 99M committed, 3200M reserved
[97.409s][info][gc          ] GC(25) Major Collection (System.gc()) 2478M(40%)->2478M(40%) 2.364s
[97.409s][info][gc          ] GC(26) Major Collection (System.gc())
[97.428s][info][gc,metaspace] GC(26) Y: Metaspace: 86M used, 99M committed, 3200M reserved
[97.447s][info][gc,metaspace] GC(26) Y: Metaspace: 86M used, 99M committed, 3200M reserved
[99.830s][info][gc,metaspace] GC(26) O: Metaspace: 86M used, 99M committed, 3200M reserved
[99.830s][info][gc          ] GC(26) Major Collection (System.gc()) 2478M(40%)->2478M(40%) 2.421s
[99.830s][info][gc          ] GC(27) Major Collection (System.gc())
[99.849s][info][gc,metaspace] GC(27) Y: Metaspace: 86M used, 99M committed, 3200M reserved
[99.868s][info][gc,metaspace] GC(27) Y: Metaspace: 86M used, 99M committed, 3200M reserved
[102.209s][info][gc,metaspace] GC(27) O: Metaspace: 86M used, 99M committed, 3200M reserved
[102.209s][info][gc          ] GC(27) Major Collection (System.gc()) 2478M(40%)->2478M(40%) 2.379s
[102.209s][info][gc          ] GC(28) Major Collection (System.gc())
[102.228s][info][gc,metaspace] GC(28) Y: Metaspace: 86M used, 99M committed, 3200M reserved
[102.247s][info][gc,metaspace] GC(28) Y: Metaspace: 86M used, 99M committed, 3200M reserved
[104.624s][info][gc,metaspace] GC(28) O: Metaspace: 86M used, 99M committed, 3200M reserved
[104.624s][info][gc          ] GC(28) Major Collection (System.gc()) 2478M(40%)->2478M(40%) 2.414s
[104.624s][info][gc          ] GC(29) Major Collection (System.gc())
[104.643s][info][gc,metaspace] GC(29) Y: Metaspace: 86M used, 99M committed, 3200M reserved
[104.662s][info][gc,metaspace] GC(29) Y: Metaspace: 86M used, 99M committed, 3200M reserved
[106.996s][info][gc,metaspace] GC(29) O: Metaspace: 86M used, 99M committed, 3200M reserved
[106.996s][info][gc          ] GC(29) Major Collection (System.gc()) 2478M(40%)->2478M(40%) 2.372s
[106.996s][info][gc          ] GC(30) Major Collection (System.gc())
[107.015s][info][gc,metaspace] GC(30) Y: Metaspace: 86M used, 99M committed, 3200M reserved
[107.034s][info][gc,metaspace] GC(30) Y: Metaspace: 86M used, 99M committed, 3200M reserved
[109.404s][info][gc,metaspace] GC(30) O: Metaspace: 86M used, 99M committed, 3200M reserved
[109.404s][info][gc          ] GC(30) Major Collection (System.gc()) 2478M(40%)->2478M(40%) 2.408s
[109.405s][info][gc          ] GC(31) Major Collection (System.gc())
[109.423s][info][gc,metaspace] GC(31) Y: Metaspace: 86M used, 99M committed, 3200M reserved
[109.442s][info][gc,metaspace] GC(31) Y: Metaspace: 86M used, 99M committed, 3200M reserved
[111.819s][info][gc,metaspace] GC(31) O: Metaspace: 86M used, 99M committed, 3200M reserved
[111.819s][info][gc          ] GC(31) Major Collection (System.gc()) 2478M(40%)->2478M(40%) 2.414s
[111.819s][info][gc          ] GC(32) Major Collection (System.gc())
[111.838s][info][gc,metaspace] GC(32) Y: Metaspace: 86M used, 99M committed, 3200M reserved
[111.857s][info][gc,metaspace] GC(32) Y: Metaspace: 86M used, 99M committed, 3200M reserved
[114.300s][info][gc,metaspace] GC(32) O: Metaspace: 86M used, 99M committed, 3200M reserved
[114.300s][info][gc          ] GC(32) Major Collection (System.gc()) 2478M(40%)->2478M(40%) 2.481s
[114.300s][info][gc          ] GC(33) Major Collection (System.gc())
[114.319s][info][gc,metaspace] GC(33) Y: Metaspace: 86M used, 99M committed, 3200M reserved
[114.337s][info][gc,metaspace] GC(33) Y: Metaspace: 86M used, 99M committed, 3200M reserved
[116.708s][info][gc,metaspace] GC(33) O: Metaspace: 86M used, 99M committed, 3200M reserved
[116.708s][info][gc          ] GC(33) Major Collection (System.gc()) 2478M(40%)->2478M(40%) 2.408s
[116.709s][info][gc          ] GC(34) Major Collection (System.gc())
[116.727s][info][gc,metaspace] GC(34) Y: Metaspace: 86M used, 99M committed, 3200M reserved
[116.746s][info][gc,metaspace] GC(34) Y: Metaspace: 86M used, 99M committed, 3200M reserved
[119.076s][info][gc,metaspace] GC(34) O: Metaspace: 86M used, 99M committed, 3200M reserved
[119.076s][info][gc          ] GC(34) Major Collection (System.gc()) 2478M(40%)->2478M(40%) 2.367s
[119.076s][info][gc          ] GC(35) Major Collection (System.gc())
[119.095s][info][gc,metaspace] GC(35) Y: Metaspace: 86M used, 99M committed, 3200M reserved
[119.113s][info][gc,metaspace] GC(35) Y: Metaspace: 86M used, 99M committed, 3200M reserved
[121.511s][info][gc,metaspace] GC(35) O: Metaspace: 86M used, 99M committed, 3200M reserved
[121.511s][info][gc          ] GC(35) Major Collection (System.gc()) 2478M(40%)->2480M(40%) 2.436s
[121.511s][info][gc          ] GC(36) Major Collection (System.gc())
[121.532s][info][gc,metaspace] GC(36) Y: Metaspace: 86M used, 99M committed, 3200M reserved
[121.552s][info][gc,metaspace] GC(36) Y: Metaspace: 86M used, 99M committed, 3200M reserved
[123.884s][info][gc,metaspace] GC(36) O: Metaspace: 86M used, 99M committed, 3200M reserved
[123.884s][info][gc          ] GC(36) Major Collection (System.gc()) 2480M(40%)->2478M(40%) 2.373s
[123.884s][info][gc          ] GC(37) Major Collection (System.gc())
[123.903s][info][gc,metaspace] GC(37) Y: Metaspace: 86M used, 99M committed, 3200M reserved
[123.921s][info][gc,metaspace] GC(37) Y: Metaspace: 86M used, 99M committed, 3200M reserved
[126.247s][info][gc,metaspace] GC(37) O: Metaspace: 86M used, 99M committed, 3200M reserved
[126.247s][info][gc          ] GC(37) Major Collection (System.gc()) 2478M(40%)->2478M(40%) 2.363s
[126.248s][info][gc          ] GC(38) Major Collection (System.gc())
[126.266s][info][gc,metaspace] GC(38) Y: Metaspace: 86M used, 99M committed, 3200M reserved
[126.285s][info][gc,metaspace] GC(38) Y: Metaspace: 86M used, 99M committed, 3200M reserved
[128.656s][info][gc,metaspace] GC(38) O: Metaspace: 86M used, 99M committed, 3200M reserved
[128.656s][info][gc          ] GC(38) Major Collection (System.gc()) 2478M(40%)->2478M(40%) 2.408s
[128.656s][info][gc          ] GC(39) Major Collection (System.gc())
[128.675s][info][gc,metaspace] GC(39) Y: Metaspace: 86M used, 99M committed, 3200M reserved
[128.693s][info][gc,metaspace] GC(39) Y: Metaspace: 86M used, 99M committed, 3200M reserved
[131.032s][info][gc,metaspace] GC(39) O: Metaspace: 86M used, 99M committed, 3200M reserved
[131.032s][info][gc          ] GC(39) Major Collection (System.gc()) 2478M(40%)->2478M(40%) 2.376s
[131.032s][info][gc          ] GC(40) Major Collection (System.gc())
[131.051s][info][gc,metaspace] GC(40) Y: Metaspace: 86M used, 99M committed, 3200M reserved
[131.070s][info][gc,metaspace] GC(40) Y: Metaspace: 86M used, 99M committed, 3200M reserved
[133.388s][info][gc,metaspace] GC(40) O: Metaspace: 86M used, 99M committed, 3200M reserved
[133.388s][info][gc          ] GC(40) Major Collection (System.gc()) 2478M(40%)->2478M(40%) 2.356s
[133.388s][info][gc          ] GC(41) Major Collection (System.gc())
[133.407s][info][gc,metaspace] GC(41) Y: Metaspace: 86M used, 99M committed, 3200M reserved
[133.426s][info][gc,metaspace] GC(41) Y: Metaspace: 86M used, 99M committed, 3200M reserved
[135.798s][info][gc,metaspace] GC(41) O: Metaspace: 86M used, 99M committed, 3200M reserved
[135.798s][info][gc          ] GC(41) Major Collection (System.gc()) 2478M(40%)->2478M(40%) 2.410s
[135.798s][info][gc          ] GC(42) Major Collection (System.gc())
[135.817s][info][gc,metaspace] GC(42) Y: Metaspace: 86M used, 99M committed, 3200M reserved
[135.835s][info][gc,metaspace] GC(42) Y: Metaspace: 86M used, 99M committed, 3200M reserved
[138.154s][info][gc,metaspace] GC(42) O: Metaspace: 86M used, 99M committed, 3200M reserved
[138.154s][info][gc          ] GC(42) Major Collection (System.gc()) 2478M(40%)->2478M(40%) 2.357s
[138.155s][info][gc          ] GC(43) Major Collection (System.gc())
[138.174s][info][gc,metaspace] GC(43) Y: Metaspace: 86M used, 99M committed, 3200M reserved
[138.192s][info][gc,metaspace] GC(43) Y: Metaspace: 86M used, 99M committed, 3200M reserved
[140.568s][info][gc,metaspace] GC(43) O: Metaspace: 86M used, 99M committed, 3200M reserved
[140.568s][info][gc          ] GC(43) Major Collection (System.gc()) 2478M(40%)->2478M(40%) 2.414s
[140.568s][info][gc          ] GC(44) Major Collection (System.gc())
[140.587s][info][gc,metaspace] GC(44) Y: Metaspace: 86M used, 99M committed, 3200M reserved
[140.606s][info][gc,metaspace] GC(44) Y: Metaspace: 86M used, 99M committed, 3200M reserved
[142.940s][info][gc,metaspace] GC(44) O: Metaspace: 86M used, 99M committed, 3200M reserved
[142.940s][info][gc          ] GC(44) Major Collection (System.gc()) 2478M(40%)->2478M(40%) 2.372s
[142.940s][info][gc          ] GC(45) Major Collection (System.gc())
[142.959s][info][gc,metaspace] GC(45) Y: Metaspace: 86M used, 99M committed, 3200M reserved
[142.978s][info][gc,metaspace] GC(45) Y: Metaspace: 86M used, 99M committed, 3200M reserved
[145.314s][info][gc,metaspace] GC(45) O: Metaspace: 86M used, 99M committed, 3200M reserved
[145.314s][info][gc          ] GC(45) Major Collection (System.gc()) 2478M(40%)->2478M(40%) 2.374s
[145.314s][info][gc          ] GC(46) Major Collection (System.gc())
[145.333s][info][gc,metaspace] GC(46) Y: Metaspace: 86M used, 99M committed, 3200M reserved
[145.351s][info][gc,metaspace] GC(46) Y: Metaspace: 86M used, 99M committed, 3200M reserved
[147.727s][info][gc,metaspace] GC(46) O: Metaspace: 86M used, 99M committed, 3200M reserved
[147.727s][info][gc          ] GC(46) Major Collection (System.gc()) 2478M(40%)->2478M(40%) 2.413s
[147.727s][info][gc          ] GC(47) Major Collection (System.gc())
[147.746s][info][gc,metaspace] GC(47) Y: Metaspace: 86M used, 99M committed, 3200M reserved
[147.765s][info][gc,metaspace] GC(47) Y: Metaspace: 86M used, 99M committed, 3200M reserved
[150.217s][info][gc,metaspace] GC(47) O: Metaspace: 86M used, 99M committed, 3200M reserved
[150.217s][info][gc          ] GC(47) Major Collection (System.gc()) 2478M(40%)->2478M(40%) 2.490s
[150.217s][info][gc          ] GC(48) Major Collection (System.gc())
[150.236s][info][gc,metaspace] GC(48) Y: Metaspace: 86M used, 99M committed, 3200M reserved
[150.255s][info][gc,metaspace] GC(48) Y: Metaspace: 86M used, 99M committed, 3200M reserved
[152.624s][info][gc,metaspace] GC(48) O: Metaspace: 86M used, 99M committed, 3200M reserved
[152.624s][info][gc          ] GC(48) Major Collection (System.gc()) 2478M(40%)->2478M(40%) 2.407s
[152.624s][info][gc          ] GC(49) Major Collection (System.gc())
[152.643s][info][gc,metaspace] GC(49) Y: Metaspace: 86M used, 99M committed, 3200M reserved
[152.662s][info][gc,metaspace] GC(49) Y: Metaspace: 86M used, 99M committed, 3200M reserved
[154.986s][info][gc,metaspace] GC(49) O: Metaspace: 86M used, 99M committed, 3200M reserved
[154.986s][info][gc          ] GC(49) Major Collection (System.gc()) 2478M(40%)->2478M(40%) 2.362s
[154.987s][info][gc          ] GC(50) Major Collection (System.gc())
[155.005s][info][gc,metaspace] GC(50) Y: Metaspace: 86M used, 99M committed, 3200M reserved
[155.024s][info][gc,metaspace] GC(50) Y: Metaspace: 86M used, 99M committed, 3200M reserved
[157.345s][info][gc,metaspace] GC(50) O: Metaspace: 86M used, 99M committed, 3200M reserved
[157.345s][info][gc          ] GC(50) Major Collection (System.gc()) 2478M(40%)->2478M(40%) 2.358s
[157.345s][info][gc          ] GC(51) Major Collection (System.gc())
[157.364s][info][gc,metaspace] GC(51) Y: Metaspace: 86M used, 99M committed, 3200M reserved
[157.383s][info][gc,metaspace] GC(51) Y: Metaspace: 86M used, 99M committed, 3200M reserved
[159.758s][info][gc,metaspace] GC(51) O: Metaspace: 86M used, 99M committed, 3200M reserved
[159.758s][info][gc          ] GC(51) Major Collection (System.gc()) 2478M(40%)->2478M(40%) 2.413s
[159.758s][info][gc          ] GC(52) Major Collection (System.gc())
[159.777s][info][gc,metaspace] GC(52) Y: Metaspace: 86M used, 99M committed, 3200M reserved
[159.796s][info][gc,metaspace] GC(52) Y: Metaspace: 86M used, 99M committed, 3200M reserved
[162.134s][info][gc,metaspace] GC(52) O: Metaspace: 86M used, 99M committed, 3200M reserved
[162.134s][info][gc          ] GC(52) Major Collection (System.gc()) 2478M(40%)->2478M(40%) 2.376s
[162.134s][info][gc          ] GC(53) Major Collection (System.gc())
[162.153s][info][gc,metaspace] GC(53) Y: Metaspace: 86M used, 99M committed, 3200M reserved
[162.172s][info][gc,metaspace] GC(53) Y: Metaspace: 86M used, 99M committed, 3200M reserved
[164.546s][info][gc,metaspace] GC(53) O: Metaspace: 86M used, 99M committed, 3200M reserved
[164.546s][info][gc          ] GC(53) Major Collection (System.gc()) 2478M(40%)->2478M(40%) 2.412s
[164.546s][info][gc          ] GC(54) Major Collection (System.gc())
[164.565s][info][gc,metaspace] GC(54) Y: Metaspace: 86M used, 99M committed, 3200M reserved
[164.584s][info][gc,metaspace] GC(54) Y: Metaspace: 86M used, 99M committed, 3200M reserved
[166.908s][info][gc,metaspace] GC(54) O: Metaspace: 86M used, 99M committed, 3200M reserved
[166.908s][info][gc          ] GC(54) Major Collection (System.gc()) 2478M(40%)->2478M(40%) 2.362s
[166.908s][info][gc          ] GC(55) Major Collection (System.gc())
[166.927s][info][gc,metaspace] GC(55) Y: Metaspace: 86M used, 99M committed, 3200M reserved
[166.946s][info][gc,metaspace] GC(55) Y: Metaspace: 86M used, 99M committed, 3200M reserved
[169.274s][info][gc,metaspace] GC(55) O: Metaspace: 86M used, 99M committed, 3200M reserved
[169.274s][info][gc          ] GC(55) Major Collection (System.gc()) 2478M(40%)->2478M(40%) 2.366s
[169.274s][info][gc          ] GC(56) Major Collection (System.gc())
[169.293s][info][gc,metaspace] GC(56) Y: Metaspace: 86M used, 99M committed, 3200M reserved
[169.312s][info][gc,metaspace] GC(56) Y: Metaspace: 86M used, 99M committed, 3200M reserved
[171.687s][info][gc,metaspace] GC(56) O: Metaspace: 86M used, 99M committed, 3200M reserved
[171.687s][info][gc          ] GC(56) Major Collection (System.gc()) 2478M(40%)->2478M(40%) 2.413s
[171.687s][info][gc          ] GC(57) Major Collection (System.gc())
[171.706s][info][gc,metaspace] GC(57) Y: Metaspace: 86M used, 99M committed, 3200M reserved
[171.725s][info][gc,metaspace] GC(57) Y: Metaspace: 86M used, 99M committed, 3200M reserved
[174.051s][info][gc,metaspace] GC(57) O: Metaspace: 86M used, 99M committed, 3200M reserved
[174.051s][info][gc          ] GC(57) Major Collection (System.gc()) 2478M(40%)->2478M(40%) 2.364s
[174.051s][info][gc          ] GC(58) Major Collection (System.gc())
[174.070s][info][gc,metaspace] GC(58) Y: Metaspace: 86M used, 99M committed, 3200M reserved
[174.089s][info][gc,metaspace] GC(58) Y: Metaspace: 86M used, 99M committed, 3200M reserved
[176.425s][info][gc,metaspace] GC(58) O: Metaspace: 86M used, 99M committed, 3200M reserved
[176.425s][info][gc          ] GC(58) Major Collection (System.gc()) 2478M(40%)->2478M(40%) 2.374s
[176.425s][info][gc          ] GC(59) Major Collection (System.gc())
[176.444s][info][gc,metaspace] GC(59) Y: Metaspace: 86M used, 99M committed, 3200M reserved
[176.494s][info][gc,metaspace] GC(59) Y: Metaspace: 86M used, 99M committed, 3200M reserved
[178.843s][info][gc,metaspace] GC(59) O: Metaspace: 86M used, 99M committed, 3200M reserved
[178.843s][info][gc          ] GC(59) Major Collection (System.gc()) 2478M(40%)->2478M(40%) 2.418s
[178.843s][info][gc          ] GC(60) Major Collection (System.gc())
[178.864s][info][gc,metaspace] GC(60) Y: Metaspace: 86M used, 99M committed, 3200M reserved
[178.882s][info][gc,metaspace] GC(60) Y: Metaspace: 86M used, 99M committed, 3200M reserved
[181.202s][info][gc,metaspace] GC(60) O: Metaspace: 86M used, 99M committed, 3200M reserved
[181.202s][info][gc          ] GC(60) Major Collection (System.gc()) 2478M(40%)->2480M(40%) 2.359s
[181.202s][info][gc          ] GC(61) Major Collection (System.gc())
[181.221s][info][gc,metaspace] GC(61) Y: Metaspace: 86M used, 99M committed, 3200M reserved
[181.240s][info][gc,metaspace] GC(61) Y: Metaspace: 86M used, 99M committed, 3200M reserved
[183.620s][info][gc,metaspace] GC(61) O: Metaspace: 86M used, 99M committed, 3200M reserved
[183.620s][info][gc          ] GC(61) Major Collection (System.gc()) 2480M(40%)->2478M(40%) 2.418s
[183.620s][info][gc          ] GC(62) Major Collection (System.gc())
[183.639s][info][gc,metaspace] GC(62) Y: Metaspace: 86M used, 99M committed, 3200M reserved
[183.658s][info][gc,metaspace] GC(62) Y: Metaspace: 86M used, 99M committed, 3200M reserved
[185.985s][info][gc,metaspace] GC(62) O: Metaspace: 86M used, 99M committed, 3200M reserved
[185.985s][info][gc          ] GC(62) Major Collection (System.gc()) 2478M(40%)->2478M(40%) 2.365s
[185.985s][info][gc          ] GC(63) Major Collection (System.gc())
[186.004s][info][gc,metaspace] GC(63) Y: Metaspace: 86M used, 99M committed, 3200M reserved
[186.023s][info][gc,metaspace] GC(63) Y: Metaspace: 86M used, 99M committed, 3200M reserved
[188.349s][info][gc,metaspace] GC(63) O: Metaspace: 86M used, 99M committed, 3200M reserved
[188.349s][info][gc          ] GC(63) Major Collection (System.gc()) 2478M(40%)->2478M(40%) 2.364s
After GCs... 
