Done; will start GCs... 
[70.927s][info][gc          ] GC(13) Major Collection (System.gc())
[70.947s][info][gc,metaspace] GC(13) Y: Metaspace: 87M used, 101M committed, 3200M reserved
[70.965s][info][gc,metaspace] GC(13) Y: Metaspace: 87M used, 101M committed, 3200M reserved
[73.945s][info][gc,metaspace] GC(13) O: Metaspace: 87M used, 101M committed, 3200M reserved
[73.945s][info][gc          ] GC(13) Major Collection (System.gc()) 2230M(36%)->2228M(36%) 3.018s
[73.945s][info][gc          ] GC(14) Major Collection (System.gc())
[73.966s][info][gc,metaspace] GC(14) Y: Metaspace: 87M used, 101M committed, 3200M reserved
[73.983s][info][gc,metaspace] GC(14) Y: Metaspace: 87M used, 101M committed, 3200M reserved
[76.755s][info][gc,metaspace] GC(14) O: Metaspace: 87M used, 101M committed, 3200M reserved
[76.755s][info][gc          ] GC(14) Major Collection (System.gc()) 2228M(36%)->2228M(36%) 2.810s
[76.755s][info][gc          ] GC(15) Major Collection (System.gc())
[76.776s][info][gc,metaspace] GC(15) Y: Metaspace: 87M used, 101M committed, 3200M reserved
[76.793s][info][gc,metaspace] GC(15) Y: Metaspace: 87M used, 101M committed, 3200M reserved
[79.583s][info][gc,metaspace] GC(15) O: Metaspace: 87M used, 101M committed, 3200M reserved
[79.583s][info][gc          ] GC(15) Major Collection (System.gc()) 2228M(36%)->2228M(36%) 2.829s
[79.584s][info][gc          ] GC(16) Major Collection (System.gc())
[79.605s][info][gc,metaspace] GC(16) Y: Metaspace: 87M used, 101M committed, 3200M reserved
[79.622s][info][gc,metaspace] GC(16) Y: Metaspace: 87M used, 101M committed, 3200M reserved
[82.408s][info][gc,metaspace] GC(16) O: Metaspace: 87M used, 101M committed, 3200M reserved
[82.408s][info][gc          ] GC(16) Major Collection (System.gc()) 2228M(36%)->2228M(36%) 2.825s
[82.408s][info][gc          ] GC(17) Major Collection (System.gc())
[82.430s][info][gc,metaspace] GC(17) Y: Metaspace: 87M used, 101M committed, 3200M reserved
[82.447s][info][gc,metaspace] GC(17) Y: Metaspace: 87M used, 101M committed, 3200M reserved
[85.226s][info][gc,metaspace] GC(17) O: Metaspace: 87M used, 101M committed, 3200M reserved
[85.226s][info][gc          ] GC(17) Major Collection (System.gc()) 2228M(36%)->2228M(36%) 2.817s
[85.226s][info][gc          ] GC(18) Major Collection (System.gc())
[85.247s][info][gc,metaspace] GC(18) Y: Metaspace: 87M used, 101M committed, 3200M reserved
[85.264s][info][gc,metaspace] GC(18) Y: Metaspace: 87M used, 101M committed, 3200M reserved
[88.058s][info][gc,metaspace] GC(18) O: Metaspace: 87M used, 101M committed, 3200M reserved
[88.058s][info][gc          ] GC(18) Major Collection (System.gc()) 2228M(36%)->2228M(36%) 2.833s
[88.059s][info][gc          ] GC(19) Major Collection (System.gc())
[88.080s][info][gc,metaspace] GC(19) Y: Metaspace: 87M used, 101M committed, 3200M reserved
[88.097s][info][gc,metaspace] GC(19) Y: Metaspace: 87M used, 101M committed, 3200M reserved
[90.845s][info][gc,metaspace] GC(19) O: Metaspace: 87M used, 101M committed, 3200M reserved
[90.845s][info][gc          ] GC(19) Major Collection (System.gc()) 2228M(36%)->2228M(36%) 2.787s
[90.846s][info][gc          ] GC(20) Major Collection (System.gc())
[90.871s][info][gc,metaspace] GC(20) Y: Metaspace: 87M used, 101M committed, 3200M reserved
[90.888s][info][gc,metaspace] GC(20) Y: Metaspace: 87M used, 101M committed, 3200M reserved
[93.681s][info][gc,metaspace] GC(20) O: Metaspace: 87M used, 101M committed, 3200M reserved
[93.681s][info][gc          ] GC(20) Major Collection (System.gc()) 2228M(36%)->2228M(36%) 2.835s
[93.681s][info][gc          ] GC(21) Major Collection (System.gc())
[93.702s][info][gc,metaspace] GC(21) Y: Metaspace: 87M used, 101M committed, 3200M reserved
[93.719s][info][gc,metaspace] GC(21) Y: Metaspace: 87M used, 101M committed, 3200M reserved
[96.520s][info][gc,metaspace] GC(21) O: Metaspace: 87M used, 101M committed, 3200M reserved
[96.520s][info][gc          ] GC(21) Major Collection (System.gc()) 2228M(36%)->2228M(36%) 2.840s
[96.521s][info][gc          ] GC(22) Major Collection (System.gc())
[96.542s][info][gc,metaspace] GC(22) Y: Metaspace: 87M used, 101M committed, 3200M reserved
[96.559s][info][gc,metaspace] GC(22) Y: Metaspace: 87M used, 101M committed, 3200M reserved
[99.345s][info][gc,metaspace] GC(22) O: Metaspace: 87M used, 101M committed, 3200M reserved
[99.345s][info][gc          ] GC(22) Major Collection (System.gc()) 2228M(36%)->2228M(36%) 2.825s
[99.346s][info][gc          ] GC(23) Major Collection (System.gc())
[99.367s][info][gc,metaspace] GC(23) Y: Metaspace: 87M used, 101M committed, 3200M reserved
[99.384s][info][gc,metaspace] GC(23) Y: Metaspace: 87M used, 101M committed, 3200M reserved
[102.152s][info][gc,metaspace] GC(23) O: Metaspace: 87M used, 101M committed, 3200M reserved
[102.152s][info][gc          ] GC(23) Major Collection (System.gc()) 2228M(36%)->2228M(36%) 2.806s
[102.152s][info][gc          ] GC(24) Major Collection (System.gc())
[102.173s][info][gc,metaspace] GC(24) Y: Metaspace: 87M used, 101M committed, 3200M reserved
[102.190s][info][gc,metaspace] GC(24) Y: Metaspace: 87M used, 101M committed, 3200M reserved
[104.936s][info][gc,metaspace] GC(24) O: Metaspace: 87M used, 101M committed, 3200M reserved
[104.936s][info][gc          ] GC(24) Major Collection (System.gc()) 2228M(36%)->2228M(36%) 2.784s
[104.936s][info][gc          ] GC(25) Major Collection (System.gc())
[104.957s][info][gc,metaspace] GC(25) Y: Metaspace: 87M used, 101M committed, 3200M reserved
[104.974s][info][gc,metaspace] GC(25) Y: Metaspace: 87M used, 101M committed, 3200M reserved
[107.751s][info][gc,metaspace] GC(25) O: Metaspace: 87M used, 101M committed, 3200M reserved
[107.751s][info][gc          ] GC(25) Major Collection (System.gc()) 2228M(36%)->2228M(36%) 2.814s
[107.751s][info][gc          ] GC(26) Major Collection (System.gc())
[107.772s][info][gc,metaspace] GC(26) Y: Metaspace: 87M used, 101M committed, 3200M reserved
[107.789s][info][gc,metaspace] GC(26) Y: Metaspace: 87M used, 101M committed, 3200M reserved
[110.574s][info][gc,metaspace] GC(26) O: Metaspace: 87M used, 101M committed, 3200M reserved
[110.574s][info][gc          ] GC(26) Major Collection (System.gc()) 2228M(36%)->2228M(36%) 2.824s
[110.575s][info][gc          ] GC(27) Major Collection (System.gc())
[110.596s][info][gc,metaspace] GC(27) Y: Metaspace: 87M used, 101M committed, 3200M reserved
[110.613s][info][gc,metaspace] GC(27) Y: Metaspace: 87M used, 101M committed, 3200M reserved
[113.387s][info][gc,metaspace] GC(27) O: Metaspace: 87M used, 101M committed, 3200M reserved
[113.387s][info][gc          ] GC(27) Major Collection (System.gc()) 2228M(36%)->2228M(36%) 2.813s
[113.387s][info][gc          ] GC(28) Major Collection (System.gc())
[113.409s][info][gc,metaspace] GC(28) Y: Metaspace: 87M used, 101M committed, 3200M reserved
[113.426s][info][gc,metaspace] GC(28) Y: Metaspace: 87M used, 101M committed, 3200M reserved
[116.190s][info][gc,metaspace] GC(28) O: Metaspace: 87M used, 101M committed, 3200M reserved
[116.190s][info][gc          ] GC(28) Major Collection (System.gc()) 2228M(36%)->2228M(36%) 2.803s
[116.191s][info][gc          ] GC(29) Major Collection (System.gc())
[116.210s][info][gc,metaspace] GC(29) Y: Metaspace: 87M used, 101M committed, 3200M reserved
[116.227s][info][gc,metaspace] GC(29) Y: Metaspace: 87M used, 101M committed, 3200M reserved
[118.994s][info][gc,metaspace] GC(29) O: Metaspace: 87M used, 101M committed, 3200M reserved
[118.994s][info][gc          ] GC(29) Major Collection (System.gc()) 2228M(36%)->2228M(36%) 2.803s
[118.994s][info][gc          ] GC(30) Major Collection (System.gc())
[119.018s][info][gc,metaspace] GC(30) Y: Metaspace: 87M used, 101M committed, 3200M reserved
[119.035s][info][gc,metaspace] GC(30) Y: Metaspace: 87M used, 101M committed, 3200M reserved
[122.180s][info][gc,metaspace] GC(30) O: Metaspace: 87M used, 101M committed, 3200M reserved
[122.180s][info][gc          ] GC(30) Major Collection (System.gc()) 2228M(36%)->2230M(36%) 3.186s
[122.180s][info][gc          ] GC(31) Major Collection (System.gc())
[122.199s][info][gc,metaspace] GC(31) Y: Metaspace: 87M used, 101M committed, 3200M reserved
[122.216s][info][gc,metaspace] GC(31) Y: Metaspace: 87M used, 101M committed, 3200M reserved
[124.933s][info][gc,metaspace] GC(31) O: Metaspace: 87M used, 101M committed, 3200M reserved
[124.933s][info][gc          ] GC(31) Major Collection (System.gc()) 2230M(36%)->2228M(36%) 2.753s
[124.934s][info][gc          ] GC(32) Major Collection (System.gc())
[124.955s][info][gc,metaspace] GC(32) Y: Metaspace: 87M used, 101M committed, 3200M reserved
[124.972s][info][gc,metaspace] GC(32) Y: Metaspace: 87M used, 101M committed, 3200M reserved
[127.763s][info][gc,metaspace] GC(32) O: Metaspace: 87M used, 101M committed, 3200M reserved
[127.763s][info][gc          ] GC(32) Major Collection (System.gc()) 2228M(36%)->2228M(36%) 2.830s
[127.763s][info][gc          ] GC(33) Major Collection (System.gc())
[127.782s][info][gc,metaspace] GC(33) Y: Metaspace: 87M used, 101M committed, 3200M reserved
[127.799s][info][gc,metaspace] GC(33) Y: Metaspace: 87M used, 101M committed, 3200M reserved
[130.570s][info][gc,metaspace] GC(33) O: Metaspace: 87M used, 101M committed, 3200M reserved
[130.570s][info][gc          ] GC(33) Major Collection (System.gc()) 2228M(36%)->2228M(36%) 2.807s
[130.570s][info][gc          ] GC(34) Major Collection (System.gc())
[130.589s][info][gc,metaspace] GC(34) Y: Metaspace: 87M used, 101M committed, 3200M reserved
[130.606s][info][gc,metaspace] GC(34) Y: Metaspace: 87M used, 101M committed, 3200M reserved
[133.391s][info][gc,metaspace] GC(34) O: Metaspace: 87M used, 101M committed, 3200M reserved
[133.391s][info][gc          ] GC(34) Major Collection (System.gc()) 2228M(36%)->2228M(36%) 2.821s
[133.391s][info][gc          ] GC(35) Major Collection (System.gc())
[133.411s][info][gc,metaspace] GC(35) Y: Metaspace: 87M used, 101M committed, 3200M reserved
[133.427s][info][gc,metaspace] GC(35) Y: Metaspace: 87M used, 101M committed, 3200M reserved
[136.219s][info][gc,metaspace] GC(35) O: Metaspace: 87M used, 101M committed, 3200M reserved
[136.219s][info][gc          ] GC(35) Major Collection (System.gc()) 2228M(36%)->2228M(36%) 2.828s
[136.219s][info][gc          ] GC(36) Major Collection (System.gc())
[136.243s][info][gc,metaspace] GC(36) Y: Metaspace: 87M used, 101M committed, 3200M reserved
[136.260s][info][gc,metaspace] GC(36) Y: Metaspace: 87M used, 101M committed, 3200M reserved
[139.058s][info][gc,metaspace] GC(36) O: Metaspace: 87M used, 101M committed, 3200M reserved
[139.058s][info][gc          ] GC(36) Major Collection (System.gc()) 2228M(36%)->2228M(36%) 2.839s
[139.058s][info][gc          ] GC(37) Major Collection (System.gc())
[139.077s][info][gc,metaspace] GC(37) Y: Metaspace: 87M used, 101M committed, 3200M reserved
[139.094s][info][gc,metaspace] GC(37) Y: Metaspace: 87M used, 101M committed, 3200M reserved
[141.841s][info][gc,metaspace] GC(37) O: Metaspace: 87M used, 101M committed, 3200M reserved
[141.841s][info][gc          ] GC(37) Major Collection (System.gc()) 2228M(36%)->2228M(36%) 2.783s
[141.841s][info][gc          ] GC(38) Major Collection (System.gc())
[141.865s][info][gc,metaspace] GC(38) Y: Metaspace: 87M used, 101M committed, 3200M reserved
[141.882s][info][gc,metaspace] GC(38) Y: Metaspace: 87M used, 101M committed, 3200M reserved
[144.653s][info][gc,metaspace] GC(38) O: Metaspace: 87M used, 101M committed, 3200M reserved
[144.653s][info][gc          ] GC(38) Major Collection (System.gc()) 2228M(36%)->2228M(36%) 2.812s
[144.653s][info][gc          ] GC(39) Major Collection (System.gc())
[144.673s][info][gc,metaspace] GC(39) Y: Metaspace: 87M used, 101M committed, 3200M reserved
[144.690s][info][gc,metaspace] GC(39) Y: Metaspace: 87M used, 101M committed, 3200M reserved
[147.492s][info][gc,metaspace] GC(39) O: Metaspace: 87M used, 101M committed, 3200M reserved
[147.492s][info][gc          ] GC(39) Major Collection (System.gc()) 2228M(36%)->2228M(36%) 2.839s
[147.493s][info][gc          ] GC(40) Major Collection (System.gc())
[147.512s][info][gc,metaspace] GC(40) Y: Metaspace: 87M used, 101M committed, 3200M reserved
[147.529s][info][gc,metaspace] GC(40) Y: Metaspace: 87M used, 101M committed, 3200M reserved
[150.320s][info][gc,metaspace] GC(40) O: Metaspace: 87M used, 101M committed, 3200M reserved
[150.320s][info][gc          ] GC(40) Major Collection (System.gc()) 2228M(36%)->2228M(36%) 2.828s
[150.321s][info][gc          ] GC(41) Major Collection (System.gc())
[150.340s][info][gc,metaspace] GC(41) Y: Metaspace: 87M used, 101M committed, 3200M reserved
[150.359s][info][gc,metaspace] GC(41) Y: Metaspace: 87M used, 101M committed, 3200M reserved
[153.142s][info][gc,metaspace] GC(41) O: Metaspace: 87M used, 101M committed, 3200M reserved
[153.142s][info][gc          ] GC(41) Major Collection (System.gc()) 2228M(36%)->2228M(36%) 2.822s
[153.143s][info][gc          ] GC(42) Major Collection (System.gc())
[153.166s][info][gc,metaspace] GC(42) Y: Metaspace: 87M used, 101M committed, 3200M reserved
[153.183s][info][gc,metaspace] GC(42) Y: Metaspace: 87M used, 101M committed, 3200M reserved
[155.927s][info][gc,metaspace] GC(42) O: Metaspace: 87M used, 101M committed, 3200M reserved
[155.927s][info][gc          ] GC(42) Major Collection (System.gc()) 2228M(36%)->2228M(36%) 2.785s
[155.927s][info][gc          ] GC(43) Major Collection (System.gc())
[155.946s][info][gc,metaspace] GC(43) Y: Metaspace: 87M used, 101M committed, 3200M reserved
[155.963s][info][gc,metaspace] GC(43) Y: Metaspace: 87M used, 101M committed, 3200M reserved
[158.756s][info][gc,metaspace] GC(43) O: Metaspace: 87M used, 101M committed, 3200M reserved
[158.756s][info][gc          ] GC(43) Major Collection (System.gc()) 2228M(36%)->2228M(36%) 2.829s
[158.756s][info][gc          ] GC(44) Major Collection (System.gc())
[158.775s][info][gc,metaspace] GC(44) Y: Metaspace: 87M used, 101M committed, 3200M reserved
[158.792s][info][gc,metaspace] GC(44) Y: Metaspace: 87M used, 101M committed, 3200M reserved
[161.570s][info][gc,metaspace] GC(44) O: Metaspace: 87M used, 101M committed, 3200M reserved
[161.570s][info][gc          ] GC(44) Major Collection (System.gc()) 2228M(36%)->2228M(36%) 2.814s
[161.571s][info][gc          ] GC(45) Major Collection (System.gc())
[161.590s][info][gc,metaspace] GC(45) Y: Metaspace: 87M used, 101M committed, 3200M reserved
[161.607s][info][gc,metaspace] GC(45) Y: Metaspace: 87M used, 101M committed, 3200M reserved
[164.390s][info][gc,metaspace] GC(45) O: Metaspace: 87M used, 101M committed, 3200M reserved
[164.390s][info][gc          ] GC(45) Major Collection (System.gc()) 2228M(36%)->2228M(36%) 2.820s
[164.391s][info][gc          ] GC(46) Major Collection (System.gc())
[164.410s][info][gc,metaspace] GC(46) Y: Metaspace: 87M used, 101M committed, 3200M reserved
[164.427s][info][gc,metaspace] GC(46) Y: Metaspace: 87M used, 101M committed, 3200M reserved
[167.219s][info][gc,metaspace] GC(46) O: Metaspace: 87M used, 101M committed, 3200M reserved
[167.219s][info][gc          ] GC(46) Major Collection (System.gc()) 2228M(36%)->2228M(36%) 2.828s
[167.219s][info][gc          ] GC(47) Major Collection (System.gc())
[167.238s][info][gc,metaspace] GC(47) Y: Metaspace: 87M used, 101M committed, 3200M reserved
[167.255s][info][gc,metaspace] GC(47) Y: Metaspace: 87M used, 101M committed, 3200M reserved
[170.042s][info][gc,metaspace] GC(47) O: Metaspace: 87M used, 101M committed, 3200M reserved
[170.042s][info][gc          ] GC(47) Major Collection (System.gc()) 2228M(36%)->2228M(36%) 2.823s
[170.042s][info][gc          ] GC(48) Major Collection (System.gc())
[170.066s][info][gc,metaspace] GC(48) Y: Metaspace: 87M used, 101M committed, 3200M reserved
[170.083s][info][gc,metaspace] GC(48) Y: Metaspace: 87M used, 101M committed, 3200M reserved
[172.797s][info][gc,metaspace] GC(48) O: Metaspace: 87M used, 101M committed, 3200M reserved
[172.797s][info][gc          ] GC(48) Major Collection (System.gc()) 2228M(36%)->2228M(36%) 2.755s
[172.798s][info][gc          ] GC(49) Major Collection (System.gc())
[172.817s][info][gc,metaspace] GC(49) Y: Metaspace: 87M used, 101M committed, 3200M reserved
[172.834s][info][gc,metaspace] GC(49) Y: Metaspace: 87M used, 101M committed, 3200M reserved
[175.628s][info][gc,metaspace] GC(49) O: Metaspace: 87M used, 101M committed, 3200M reserved
[175.628s][info][gc          ] GC(49) Major Collection (System.gc()) 2228M(36%)->2228M(36%) 2.830s
[175.628s][info][gc          ] GC(50) Major Collection (System.gc())
[175.650s][info][gc,metaspace] GC(50) Y: Metaspace: 87M used, 101M committed, 3200M reserved
[175.666s][info][gc,metaspace] GC(50) Y: Metaspace: 87M used, 101M committed, 3200M reserved
[178.465s][info][gc,metaspace] GC(50) O: Metaspace: 87M used, 101M committed, 3200M reserved
[178.465s][info][gc          ] GC(50) Major Collection (System.gc()) 2228M(36%)->2228M(36%) 2.837s
[178.466s][info][gc          ] GC(51) Major Collection (System.gc())
[178.487s][info][gc,metaspace] GC(51) Y: Metaspace: 87M used, 101M committed, 3200M reserved
[178.504s][info][gc,metaspace] GC(51) Y: Metaspace: 87M used, 101M committed, 3200M reserved
[181.288s][info][gc,metaspace] GC(51) O: Metaspace: 87M used, 101M committed, 3200M reserved
[181.288s][info][gc          ] GC(51) Major Collection (System.gc()) 2228M(36%)->2230M(36%) 2.822s
[181.288s][info][gc          ] GC(52) Major Collection (System.gc())
[181.307s][info][gc,metaspace] GC(52) Y: Metaspace: 87M used, 101M committed, 3200M reserved
[181.324s][info][gc,metaspace] GC(52) Y: Metaspace: 87M used, 101M committed, 3200M reserved
[184.095s][info][gc,metaspace] GC(52) O: Metaspace: 87M used, 101M committed, 3200M reserved
[184.095s][info][gc          ] GC(52) Major Collection (System.gc()) 2230M(36%)->2228M(36%) 2.807s
[184.095s][info][gc          ] GC(53) Major Collection (System.gc())
[184.114s][info][gc,metaspace] GC(53) Y: Metaspace: 87M used, 101M committed, 3200M reserved
[184.131s][info][gc,metaspace] GC(53) Y: Metaspace: 87M used, 101M committed, 3200M reserved
[186.871s][info][gc,metaspace] GC(53) O: Metaspace: 87M used, 101M committed, 3200M reserved
[186.871s][info][gc          ] GC(53) Major Collection (System.gc()) 2228M(36%)->2228M(36%) 2.776s
[186.871s][info][gc          ] GC(54) Major Collection (System.gc())
[186.895s][info][gc,metaspace] GC(54) Y: Metaspace: 87M used, 101M committed, 3200M reserved
[186.912s][info][gc,metaspace] GC(54) Y: Metaspace: 87M used, 101M committed, 3200M reserved
[189.677s][info][gc,metaspace] GC(54) O: Metaspace: 87M used, 101M committed, 3200M reserved
[189.678s][info][gc          ] GC(54) Major Collection (System.gc()) 2228M(36%)->2228M(36%) 2.806s
[189.678s][info][gc          ] GC(55) Major Collection (System.gc())
[189.696s][info][gc,metaspace] GC(55) Y: Metaspace: 87M used, 101M committed, 3200M reserved
[189.713s][info][gc,metaspace] GC(55) Y: Metaspace: 87M used, 101M committed, 3200M reserved
[192.507s][info][gc,metaspace] GC(55) O: Metaspace: 87M used, 101M committed, 3200M reserved
[192.507s][info][gc          ] GC(55) Major Collection (System.gc()) 2228M(36%)->2228M(36%) 2.830s
[192.508s][info][gc          ] GC(56) Major Collection (System.gc())
[192.527s][info][gc,metaspace] GC(56) Y: Metaspace: 87M used, 101M committed, 3200M reserved
[192.544s][info][gc,metaspace] GC(56) Y: Metaspace: 87M used, 101M committed, 3200M reserved
[195.331s][info][gc,metaspace] GC(56) O: Metaspace: 87M used, 101M committed, 3200M reserved
[195.331s][info][gc          ] GC(56) Major Collection (System.gc()) 2228M(36%)->2228M(36%) 2.823s
[195.331s][info][gc          ] GC(57) Major Collection (System.gc())
[195.350s][info][gc,metaspace] GC(57) Y: Metaspace: 87M used, 101M committed, 3200M reserved
[195.367s][info][gc,metaspace] GC(57) Y: Metaspace: 87M used, 101M committed, 3200M reserved
[198.138s][info][gc,metaspace] GC(57) O: Metaspace: 87M used, 101M committed, 3200M reserved
[198.138s][info][gc          ] GC(57) Major Collection (System.gc()) 2228M(36%)->2228M(36%) 2.808s
[198.139s][info][gc          ] GC(58) Major Collection (System.gc())
[198.162s][info][gc,metaspace] GC(58) Y: Metaspace: 87M used, 101M committed, 3200M reserved
[198.179s][info][gc,metaspace] GC(58) Y: Metaspace: 87M used, 101M committed, 3200M reserved
[200.907s][info][gc,metaspace] GC(58) O: Metaspace: 87M used, 101M committed, 3200M reserved
[200.907s][info][gc          ] GC(58) Major Collection (System.gc()) 2228M(36%)->2228M(36%) 2.768s
[200.907s][info][gc          ] GC(59) Major Collection (System.gc())
[200.926s][info][gc,metaspace] GC(59) Y: Metaspace: 87M used, 101M committed, 3200M reserved
[200.942s][info][gc,metaspace] GC(59) Y: Metaspace: 87M used, 101M committed, 3200M reserved
[203.728s][info][gc,metaspace] GC(59) O: Metaspace: 87M used, 101M committed, 3200M reserved
[203.728s][info][gc          ] GC(59) Major Collection (System.gc()) 2228M(36%)->2228M(36%) 2.822s
[203.729s][info][gc          ] GC(60) Major Collection (System.gc())
[203.748s][info][gc,metaspace] GC(60) Y: Metaspace: 87M used, 101M committed, 3200M reserved
[203.765s][info][gc,metaspace] GC(60) Y: Metaspace: 87M used, 101M committed, 3200M reserved
[206.551s][info][gc,metaspace] GC(60) O: Metaspace: 87M used, 101M committed, 3200M reserved
[206.551s][info][gc          ] GC(60) Major Collection (System.gc()) 2228M(36%)->2228M(36%) 2.822s
[206.551s][info][gc          ] GC(61) Major Collection (System.gc())
[206.570s][info][gc,metaspace] GC(61) Y: Metaspace: 87M used, 101M committed, 3200M reserved
[206.587s][info][gc,metaspace] GC(61) Y: Metaspace: 87M used, 101M committed, 3200M reserved
[209.360s][info][gc,metaspace] GC(61) O: Metaspace: 87M used, 101M committed, 3200M reserved
[209.360s][info][gc          ] GC(61) Major Collection (System.gc()) 2228M(36%)->2228M(36%) 2.809s
[209.360s][info][gc          ] GC(62) Major Collection (System.gc())
[209.382s][info][gc,metaspace] GC(62) Y: Metaspace: 87M used, 101M committed, 3200M reserved
[209.399s][info][gc,metaspace] GC(62) Y: Metaspace: 87M used, 101M committed, 3200M reserved
[212.168s][info][gc,metaspace] GC(62) O: Metaspace: 87M used, 101M committed, 3200M reserved
[212.168s][info][gc          ] GC(62) Major Collection (System.gc()) 2228M(36%)->2228M(36%) 2.807s
After GCs... 
