[0.001s][warning][pagesize] UseLargePages disabled, no large pages configured and available on the system.
[0.001s][info   ][gc      ] Min heap equals to max heap, disabling ShenandoahUncommit
[0.001s][info   ][metaspace]  - commit_granule_bytes: 65536.
[0.001s][info   ][metaspace]  - commit_granule_words: 8192.
[0.001s][info   ][metaspace]  - virtual_space_node_default_size: 8388608.
[0.001s][info   ][metaspace]  - enlarge_chunks_in_place: 1.
[0.001s][info   ][metaspace]  - use_allocation_guard: 0.
[0.003s][info   ][gc       ] Heuristics ergonomically sets -XX:+ExplicitGCInvokesConcurrent
[0.003s][info   ][gc       ] Heuristics ergonomically sets -XX:+ShenandoahImplicitGCInvokesConcurrent
[0.004s][info   ][gc       ] Using Shenandoah
[0.391s][info   ][metaspace] Reserving compressed class space anywhere
[0.392s][info   ][gc,metaspace] CDS archive(s) not mapped
[0.392s][info   ][gc,metaspace] Compressed class space mapped at: 0x0000000036000000-0x00000000f6000000, reserved size: 3221225472
[0.392s][info   ][gc,metaspace] UseCompressedClassPointers 1, UseCompactObjectHeaders 1, narrow klass pointer bits 22, max shift 10
[0.392s][info   ][gc,metaspace] Narrow klass base: 0x0000000036000000, Narrow klass shift: 10, Narrow klass range: 0xc0000000
Random Seed: 12345678
Num Classes: 16
Num Objects: 67108864
Percent IK Objects: 83.0%)
Percent OAK Objects: 5.0%)
Percent TAK Objects: 12.0%)
Cycles: 50
Loading 16 pre-generated classes ...
Materialize pre-generated constructors ...
Creating objects...
[0.641s][info   ][gc          ] Trigger: GC request (System.gc())
[0.641s][info   ][gc          ] GC(0) Concurrent reset 0.154ms
[0.641s][info   ][gc          ] GC(0) Pause Init Mark (unload classes) 0.043ms
[0.642s][info   ][gc          ] GC(0) Concurrent marking roots 0.332ms
[0.643s][info   ][gc          ] GC(0) Concurrent marking (unload classes) 1.771ms
[0.644s][info   ][gc          ] GC(0) Pause Final Mark (unload classes) 0.125ms
[0.644s][info   ][gc          ] GC(0) Concurrent thread roots 0.076ms
[0.644s][info   ][gc          ] GC(0) Concurrent weak references 0.061ms
[0.644s][info   ][gc          ] GC(0) Concurrent weak roots 0.585ms
[0.644s][info   ][gc          ] GC(0) Concurrent cleanup 16M->16M(6144M) 0.046ms
[0.646s][info   ][metaspace   ] ChkMgr @0x00007ff53c11a870 (non-class-space): : reclaiming memory...
[0.646s][info   ][metaspace   ] ChkMgr @0x00007ff53c11a870 (non-class-space): nothing reclaimed.
[0.646s][info   ][metaspace   ] ChkMgr @0x00007ff53c11a680 (class-space): : reclaiming memory...
[0.646s][info   ][metaspace   ] ChkMgr @0x00007ff53c11a680 (class-space): nothing reclaimed.
[0.646s][info   ][gc          ] GC(0) Concurrent class unloading 1.467ms
[0.646s][info   ][gc          ] GC(0) Concurrent strong roots 0.206ms
[0.647s][info   ][gc          ] GC(0) Concurrent evacuation 1.233ms
[0.647s][info   ][gc          ] GC(0) Pause Init Update Refs 0.005ms
[0.647s][info   ][gc          ] GC(0) At start of update refs, moving 14336K to Mutator free partition from Collector Reserve
[0.649s][info   ][gc          ] GC(0) Concurrent update references 1.249ms
[0.649s][info   ][gc          ] GC(0) Concurrent update thread roots 0.075ms
[0.649s][info   ][gc          ] GC(0) Pause Final Update Refs 0.070ms
[0.649s][info   ][gc          ] GC(0) Concurrent cleanup 18M->4M(6144M) 0.043ms
[0.649s][info   ][gc,metaspace] Metaspace: 11067K(11200K)->11057K(11200K) NonClass: 9326K(9408K)->9319K(9408K) Class: 1741K(1792K)->1737K(1792K)
[1.568s][info   ][gc          ] Trigger: Learning 2 of 5. Free (4300M) is below initial threshold (4300M)
[1.569s][info   ][gc          ] GC(1) Concurrent reset 0.226ms
[1.569s][info   ][gc          ] GC(1) Pause Init Mark (unload classes) 0.045ms
[1.569s][info   ][gc          ] GC(1) Concurrent marking roots 0.119ms
[2.269s][info   ][gc          ] GC(1) Concurrent marking (unload classes) 699.650ms
[2.269s][info   ][gc          ] GC(1) Pause Final Mark (unload classes) 0.215ms
[2.269s][info   ][gc          ] GC(1) Concurrent thread roots 0.087ms
[2.269s][info   ][gc          ] GC(1) Concurrent weak references 0.053ms
[2.269s][info   ][gc          ] GC(1) Concurrent weak roots 0.408ms
[2.270s][info   ][gc          ] GC(1) Concurrent cleanup 2135M->2135M(6144M) 0.045ms
[2.271s][info   ][gc          ] GC(1) Concurrent class unloading 1.041ms
[2.271s][info   ][gc          ] GC(1) Concurrent strong roots 0.078ms
[2.511s][info   ][gc          ] GC(1) Concurrent evacuation 240.490ms
[2.511s][info   ][gc          ] GC(1) Pause Init Update Refs 0.013ms
[2.511s][info   ][gc          ] GC(1) At start of update refs, moving 172M to Mutator free partition from Collector Reserve
[3.331s][info   ][gc          ] GC(1) Concurrent update references 819.452ms
[3.331s][info   ][gc          ] GC(1) Concurrent update thread roots 0.130ms
[3.332s][info   ][gc          ] GC(1) Pause Final Update Refs 0.088ms
[3.332s][info   ][gc          ] GC(1) Concurrent cleanup 3355M->2078M(6144M) 0.062ms
[3.332s][info   ][gc,metaspace] Metaspace: 11117K(11264K)->11117K(11264K) NonClass: 9369K(9472K)->9369K(9472K) Class: 1747K(1792K)->1747K(1792K)
[3.333s][info   ][gc          ] Trigger: Learning 3 of 5. Free (3754M) is below initial threshold (4300M)
[3.336s][info   ][gc          ] GC(2) Concurrent reset 3.411ms
[3.337s][info   ][gc          ] GC(2) Pause Init Mark (unload classes) 0.038ms
[3.337s][info   ][gc          ] GC(2) Concurrent marking roots 0.130ms
[4.799s][info   ][gc          ] GC(2) Concurrent marking (unload classes) 1462.438ms
[4.799s][info   ][gc          ] GC(2) Pause Final Mark (unload classes) 0.232ms
[4.800s][info   ][gc          ] GC(2) Concurrent thread roots 0.058ms
[4.800s][info   ][gc          ] GC(2) Concurrent weak references 0.022ms
[4.800s][info   ][gc          ] GC(2) Concurrent weak roots 0.434ms
[4.800s][info   ][gc          ] GC(2) Concurrent cleanup 3400M->3400M(6144M) 0.048ms
[4.801s][info   ][gc          ] GC(2) Concurrent class unloading 0.715ms
[4.801s][info   ][gc          ] GC(2) Concurrent strong roots 0.041ms
[5.103s][info   ][gc          ] GC(2) Concurrent evacuation 302.178ms
[5.103s][info   ][gc          ] GC(2) Pause Init Update Refs 0.007ms
[5.103s][info   ][gc          ] GC(2) At start of update refs, moving 144M to Mutator free partition from Collector Reserve
[6.560s][info   ][gc          ] GC(2) Concurrent update references 1457.230ms
[6.561s][info   ][gc          ] GC(2) Concurrent update thread roots 0.110ms
[6.561s][info   ][gc          ] GC(2) Pause Final Update Refs 0.100ms
[6.561s][info   ][gc          ] GC(2) Concurrent cleanup 5242M->3549M(6144M) 0.081ms
[6.561s][info   ][gc,metaspace] Metaspace: 11117K(11264K)->11117K(11264K) NonClass: 9369K(9472K)->9369K(9472K) Class: 1747K(1792K)->1747K(1792K)
[6.562s][info   ][gc          ] Trigger: Learning 4 of 5. Free (2283M) is below initial threshold (4300M)
[6.567s][info   ][gc          ] GC(3) Concurrent reset 4.598ms
[6.567s][info   ][gc          ] GC(3) Pause Init Mark (unload classes) 0.043ms
[6.567s][info   ][gc          ] GC(3) Concurrent marking roots 0.135ms
[7.955s][info   ][gc          ] Failed to allocate TLAB, 802K
[7.955s][info   ][gc          ] Cancelling GC: Allocation Failure
[7.955s][info   ][gc          ] GC(3) Concurrent marking (unload classes) 1388.597ms
[7.955s][info   ][gc,metaspace] Metaspace: 11117K(11264K)->11117K(11264K) NonClass: 9369K(9472K)->9369K(9472K) Class: 1747K(1792K)->1747K(1792K)
[7.957s][info   ][gc          ] Trigger: Handle Allocation Failure
[8.846s][info   ][gc          ] GC(4) Pause Degenerated GC (Mark) 5834M->3306M(6144M) 889.364ms
[8.846s][info   ][gc,metaspace] Metaspace: 11117K(11264K)->11117K(11264K) NonClass: 9369K(9472K)->9369K(9472K) Class: 1747K(1792K)->1747K(1792K)
[8.847s][info   ][gc          ] Trigger: Learning 4 of 5. Free (2526M) is below initial threshold (4300M)
[8.854s][info   ][gc          ] GC(5) Concurrent reset 6.752ms
[8.854s][info   ][gc          ] GC(5) Pause Init Mark (unload classes) 0.041ms
[8.854s][info   ][gc          ] GC(5) Concurrent marking roots 0.094ms
[10.331s][info   ][gc          ] Failed to allocate TLAB, 887K
[10.331s][info   ][gc          ] Cancelling GC: Allocation Failure
[10.331s][info   ][gc          ] GC(5) Concurrent marking (unload classes) 1476.651ms
[10.331s][info   ][gc,metaspace] Metaspace: 11117K(11264K)->11117K(11264K) NonClass: 9369K(9472K)->9369K(9472K) Class: 1747K(1792K)->1747K(1792K)
[10.332s][info   ][gc          ] Trigger: Handle Allocation Failure
[11.415s][info   ][gc          ] GC(6) Pause Degenerated GC (Mark) 5834M->3562M(6144M) 1082.757ms
[11.415s][info   ][gc,metaspace] Metaspace: 11117K(11264K)->11117K(11264K) NonClass: 9369K(9472K)->9369K(9472K) Class: 1747K(1792K)->1747K(1792K)
[11.416s][info   ][gc          ] Trigger: Learning 4 of 5. Free (2270M) is below initial threshold (4300M)
[11.426s][info   ][gc          ] GC(7) Concurrent reset 9.679ms
[11.426s][info   ][gc          ] GC(7) Pause Init Mark (unload classes) 0.036ms
[11.426s][info   ][gc          ] GC(7) Concurrent marking roots 0.154ms
67108864 Objects created
 - IK: 55699211 (82.99829%)
 - OAK: 3355627 (5.0002737%)
 - TAK: 8054026 (12.001434%)
Preparatory GC...
[14.030s][info   ][gc          ] GC(7) Concurrent marking (unload classes) 2604.108ms
[14.030s][info   ][gc          ] GC(7) Pause Final Mark (unload classes) 0.276ms
[14.031s][info   ][gc          ] GC(7) Concurrent thread roots 0.163ms
[14.031s][info   ][gc          ] GC(7) Concurrent weak references 0.027ms
[14.032s][info   ][gc          ] GC(7) Concurrent weak roots 0.458ms
[14.032s][info   ][gc          ] GC(7) Concurrent cleanup 5458M->5458M(6144M) 0.044ms
[14.032s][info   ][gc          ] GC(7) Concurrent class unloading 0.571ms
[14.032s][info   ][gc          ] GC(7) Concurrent strong roots 0.039ms
[14.453s][info   ][gc          ] GC(7) Concurrent evacuation 420.553ms
[14.453s][info   ][gc          ] GC(7) Pause Init Update Refs 0.006ms
[14.453s][info   ][gc          ] GC(7) At start of update refs, moving 75776K to Mutator free partition from Collector Reserve
[16.644s][info   ][gc          ] GC(7) Concurrent update references 2190.881ms
[16.644s][info   ][gc          ] GC(7) Concurrent update thread roots 0.117ms
[16.644s][info   ][gc          ] GC(7) Pause Final Update Refs 0.086ms
[16.644s][info   ][gc          ] GC(7) Concurrent cleanup 5692M->3158M(6144M) 0.096ms
[16.644s][info   ][gc,metaspace] Metaspace: 11117K(11264K)->11117K(11264K) NonClass: 9369K(9472K)->9369K(9472K) Class: 1747K(1792K)->1747K(1792K)
[16.645s][info   ][gc          ] Trigger: GC request (System.gc())
[16.651s][info   ][gc          ] GC(8) Concurrent reset 5.931ms
[16.651s][info   ][gc          ] GC(8) Pause Init Mark (unload classes) 0.038ms
[16.651s][info   ][gc          ] GC(8) Concurrent marking roots 0.113ms
[19.480s][info   ][gc          ] GC(8) Concurrent marking (unload classes) 2828.841ms
[19.481s][info   ][gc          ] GC(8) Pause Final Mark (unload classes) 0.225ms
[19.481s][info   ][gc          ] GC(8) Concurrent thread roots 0.107ms
[19.481s][info   ][gc          ] GC(8) Concurrent weak references 0.043ms
[19.482s][info   ][gc          ] GC(8) Concurrent weak roots 0.440ms
[19.482s][info   ][gc          ] GC(8) Concurrent cleanup 3158M->3158M(6144M) 0.047ms
[19.484s][info   ][metaspace   ] ChkMgr @0x00007ff53c11a870 (non-class-space): : reclaiming memory...
[19.484s][info   ][metaspace   ] ChkMgr @0x00007ff53c11a870 (non-class-space): nothing reclaimed.
[19.484s][info   ][metaspace   ] ChkMgr @0x00007ff53c11a680 (class-space): : reclaiming memory...
[19.484s][info   ][metaspace   ] ChkMgr @0x00007ff53c11a680 (class-space): nothing reclaimed.
[19.484s][info   ][gc          ] GC(8) Concurrent class unloading 1.699ms
[19.484s][info   ][gc          ] GC(8) Concurrent strong roots 0.079ms
[19.792s][info   ][gc          ] GC(8) Concurrent evacuation 307.863ms
[19.792s][info   ][gc          ] GC(8) Pause Init Update Refs 0.006ms
[19.792s][info   ][gc          ] GC(8) At start of update refs, moving 134M to Mutator free partition from Collector Reserve
[21.666s][info   ][gc          ] GC(8) Concurrent update references 1874.131ms
[21.666s][info   ][gc          ] GC(8) Concurrent update thread roots 0.128ms
[21.666s][info   ][gc          ] GC(8) Pause Final Update Refs 0.095ms
[21.666s][info   ][gc          ] GC(8) Concurrent cleanup 3332M->1448M(6144M) 0.087ms
[21.666s][info   ][gc,metaspace] Metaspace: 11117K(11264K)->11067K(11264K) NonClass: 9369K(9472K)->9327K(9472K) Class: 1747K(1792K)->1739K(1792K)
[21.667s][info   ][gc          ] Trigger: GC request (System.gc())
[21.672s][info   ][gc          ] GC(9) Concurrent reset 4.870ms
[21.672s][info   ][gc          ] GC(9) Pause Init Mark (unload classes) 0.031ms
[21.672s][info   ][gc          ] GC(9) Concurrent marking roots 0.179ms
[24.430s][info   ][gc          ] GC(9) Concurrent marking (unload classes) 2757.678ms
[24.430s][info   ][gc          ] GC(9) Pause Final Mark (unload classes) 0.193ms
[24.430s][info   ][gc          ] GC(9) Concurrent thread roots 0.062ms
[24.431s][info   ][gc          ] GC(9) Concurrent weak references 0.019ms
[24.431s][info   ][gc          ] GC(9) Concurrent weak roots 0.395ms
[24.431s][info   ][gc          ] GC(9) Concurrent cleanup 1448M->1448M(6144M) 0.042ms
[24.432s][info   ][gc          ] GC(9) Concurrent class unloading 0.683ms
[24.432s][info   ][gc          ] GC(9) Concurrent strong roots 0.085ms
[24.434s][info   ][gc          ] GC(9) Concurrent evacuation 2.015ms
[24.434s][info   ][gc          ] GC(9) Pause Init Update Refs 0.004ms
[24.434s][info   ][gc          ] GC(9) At start of update refs, moving 2048K to Mutator free partition from Collector Reserve
[26.300s][info   ][gc          ] GC(9) Concurrent update references 1865.908ms
[26.300s][info   ][gc          ] GC(9) Concurrent update thread roots 0.125ms
[26.300s][info   ][gc          ] GC(9) Pause Final Update Refs 0.106ms
[26.300s][info   ][gc          ] GC(9) Concurrent cleanup 1449M->1447M(6144M) 0.052ms
[26.300s][info   ][gc,metaspace] Metaspace: 11067K(11264K)->11067K(11264K) NonClass: 9327K(9472K)->9327K(9472K) Class: 1739K(1792K)->1739K(1792K)
Done; will start GCs... 
[26.301s][info   ][gc          ] Trigger: GC request (System.gc())
[26.304s][info   ][gc          ] GC(10) Concurrent reset 2.520ms
[26.304s][info   ][gc          ] GC(10) Pause Init Mark (unload classes) 0.071ms
[26.304s][info   ][gc          ] GC(10) Concurrent marking roots 0.210ms
[29.076s][info   ][gc          ] GC(10) Concurrent marking (unload classes) 2772.211ms
[29.077s][info   ][gc          ] GC(10) Pause Final Mark (unload classes) 0.182ms
[29.077s][info   ][gc          ] GC(10) Concurrent thread roots 0.109ms
[29.077s][info   ][gc          ] GC(10) Concurrent weak references 0.060ms
[29.077s][info   ][gc          ] GC(10) Concurrent weak roots 0.467ms
[29.077s][info   ][gc          ] GC(10) Concurrent cleanup 1449M->1447M(6144M) 0.055ms
[29.078s][info   ][gc          ] GC(10) Concurrent class unloading 0.776ms
[29.078s][info   ][gc          ] GC(10) Concurrent strong roots 0.070ms
[29.080s][info   ][gc          ] GC(10) Concurrent evacuation 2.033ms
[29.080s][info   ][gc          ] GC(10) Pause Init Update Refs 0.003ms
[29.080s][info   ][gc          ] GC(10) At start of update refs, moving 2048K to Mutator free partition from Collector Reserve
[30.909s][info   ][gc          ] GC(10) Concurrent update references 1828.201ms
[30.909s][info   ][gc          ] GC(10) Concurrent update thread roots 0.133ms
[30.909s][info   ][gc          ] GC(10) Pause Final Update Refs 0.122ms
[30.909s][info   ][gc          ] GC(10) Concurrent cleanup 1449M->1447M(6144M) 0.055ms
[30.909s][info   ][gc,metaspace] Metaspace: 11067K(11264K)->11067K(11264K) NonClass: 9327K(9472K)->9327K(9472K) Class: 1739K(1792K)->1739K(1792K)
[30.910s][info   ][gc          ] Trigger: GC request (System.gc())
[30.913s][info   ][gc          ] GC(11) Concurrent reset 2.545ms
[30.913s][info   ][gc          ] GC(11) Pause Init Mark (unload classes) 0.084ms
[30.913s][info   ][gc          ] GC(11) Concurrent marking roots 0.155ms
[33.624s][info   ][gc          ] GC(11) Concurrent marking (unload classes) 2710.512ms
[33.624s][info   ][gc          ] GC(11) Pause Final Mark (unload classes) 0.215ms
[33.624s][info   ][gc          ] GC(11) Concurrent thread roots 0.076ms
[33.624s][info   ][gc          ] GC(11) Concurrent weak references 0.048ms
[33.624s][info   ][gc          ] GC(11) Concurrent weak roots 0.430ms
[33.625s][info   ][gc          ] GC(11) Concurrent cleanup 1447M->1447M(6144M) 0.056ms
[33.625s][info   ][gc          ] GC(11) Concurrent class unloading 0.772ms
[33.625s][info   ][gc          ] GC(11) Concurrent strong roots 0.066ms
[33.627s][info   ][gc          ] GC(11) Concurrent evacuation 2.059ms
[33.627s][info   ][gc          ] GC(11) Pause Init Update Refs 0.004ms
[33.628s][info   ][gc          ] GC(11) At start of update refs, moving 2048K to Mutator free partition from Collector Reserve
[35.453s][info   ][gc          ] GC(11) Concurrent update references 1825.694ms
[35.453s][info   ][gc          ] GC(11) Concurrent update thread roots 0.133ms
[35.454s][info   ][gc          ] GC(11) Pause Final Update Refs 0.098ms
[35.454s][info   ][gc          ] GC(11) Concurrent cleanup 1449M->1447M(6144M) 0.049ms
[35.454s][info   ][gc,metaspace] Metaspace: 11067K(11264K)->11067K(11264K) NonClass: 9327K(9472K)->9327K(9472K) Class: 1739K(1792K)->1739K(1792K)
[35.455s][info   ][gc          ] Trigger: GC request (System.gc())
[35.457s][info   ][gc          ] GC(12) Concurrent reset 2.520ms
[35.457s][info   ][gc          ] GC(12) Pause Init Mark (unload classes) 0.071ms
[35.458s][info   ][gc          ] GC(12) Concurrent marking roots 0.118ms
[38.281s][info   ][gc          ] GC(12) Concurrent marking (unload classes) 2822.994ms
[38.281s][info   ][gc          ] GC(12) Pause Final Mark (unload classes) 0.236ms
[38.281s][info   ][gc          ] GC(12) Concurrent thread roots 0.093ms
[38.282s][info   ][gc          ] GC(12) Concurrent weak references 0.024ms
[38.282s][info   ][gc          ] GC(12) Concurrent weak roots 0.475ms
[38.282s][info   ][gc          ] GC(12) Concurrent cleanup 1447M->1447M(6144M) 0.056ms
[38.283s][info   ][gc          ] GC(12) Concurrent class unloading 0.676ms
[38.283s][info   ][gc          ] GC(12) Concurrent strong roots 0.075ms
[38.285s][info   ][gc          ] GC(12) Concurrent evacuation 1.988ms
[38.285s][info   ][gc          ] GC(12) Pause Init Update Refs 0.004ms
[38.285s][info   ][gc          ] GC(12) At start of update refs, moving 2048K to Mutator free partition from Collector Reserve
[40.120s][info   ][gc          ] GC(12) Concurrent update references 1835.362ms
[40.120s][info   ][gc          ] GC(12) Concurrent update thread roots 0.132ms
[40.121s][info   ][gc          ] GC(12) Pause Final Update Refs 0.112ms
[40.121s][info   ][gc          ] GC(12) Concurrent cleanup 1449M->1447M(6144M) 0.059ms
[40.121s][info   ][gc,metaspace] Metaspace: 11067K(11264K)->11067K(11264K) NonClass: 9327K(9472K)->9327K(9472K) Class: 1739K(1792K)->1739K(1792K)
[40.122s][info   ][gc          ] Trigger: GC request (System.gc())
[40.124s][info   ][gc          ] GC(13) Concurrent reset 2.522ms
[40.124s][info   ][gc          ] GC(13) Pause Init Mark (unload classes) 0.065ms
[40.125s][info   ][gc          ] GC(13) Concurrent marking roots 0.124ms
[42.897s][info   ][gc          ] GC(13) Concurrent marking (unload classes) 2772.462ms
[42.897s][info   ][gc          ] GC(13) Pause Final Mark (unload classes) 0.167ms
[42.897s][info   ][gc          ] GC(13) Concurrent thread roots 0.087ms
[42.897s][info   ][gc          ] GC(13) Concurrent weak references 0.031ms
[42.898s][info   ][gc          ] GC(13) Concurrent weak roots 0.402ms
[42.898s][info   ][gc          ] GC(13) Concurrent cleanup 1447M->1447M(6144M) 0.045ms
[42.899s][info   ][gc          ] GC(13) Concurrent class unloading 0.783ms
[42.899s][info   ][gc          ] GC(13) Concurrent strong roots 0.076ms
[42.901s][info   ][gc          ] GC(13) Concurrent evacuation 2.011ms
[42.901s][info   ][gc          ] GC(13) Pause Init Update Refs 0.004ms
[42.901s][info   ][gc          ] GC(13) At start of update refs, moving 2048K to Mutator free partition from Collector Reserve
[44.781s][info   ][gc          ] GC(13) Concurrent update references 1879.629ms
[44.781s][info   ][gc          ] GC(13) Concurrent update thread roots 0.126ms
[44.781s][info   ][gc          ] GC(13) Pause Final Update Refs 0.126ms
[44.781s][info   ][gc          ] GC(13) Concurrent cleanup 1449M->1447M(6144M) 0.056ms
[44.781s][info   ][gc,metaspace] Metaspace: 11067K(11264K)->11067K(11264K) NonClass: 9327K(9472K)->9327K(9472K) Class: 1739K(1792K)->1739K(1792K)
[44.782s][info   ][gc          ] Trigger: GC request (System.gc())
[44.785s][info   ][gc          ] GC(14) Concurrent reset 2.543ms
[44.785s][info   ][gc          ] GC(14) Pause Init Mark (unload classes) 0.075ms
[44.785s][info   ][gc          ] GC(14) Concurrent marking roots 0.155ms
[47.532s][info   ][gc          ] GC(14) Concurrent marking (unload classes) 2747.264ms
[47.532s][info   ][gc          ] GC(14) Pause Final Mark (unload classes) 0.192ms
[47.533s][info   ][gc          ] GC(14) Concurrent thread roots 0.080ms
[47.533s][info   ][gc          ] GC(14) Concurrent weak references 0.056ms
[47.533s][info   ][gc          ] GC(14) Concurrent weak roots 0.452ms
[47.533s][info   ][gc          ] GC(14) Concurrent cleanup 1447M->1447M(6144M) 0.054ms
[47.534s][info   ][gc          ] GC(14) Concurrent class unloading 0.733ms
[47.534s][info   ][gc          ] GC(14) Concurrent strong roots 0.075ms
[47.536s][info   ][gc          ] GC(14) Concurrent evacuation 2.045ms
[47.536s][info   ][gc          ] GC(14) Pause Init Update Refs 0.003ms
[47.536s][info   ][gc          ] GC(14) At start of update refs, moving 2048K to Mutator free partition from Collector Reserve
[49.360s][info   ][gc          ] GC(14) Concurrent update references 1823.827ms
[49.360s][info   ][gc          ] GC(14) Concurrent update thread roots 0.132ms
[49.360s][info   ][gc          ] GC(14) Pause Final Update Refs 0.110ms
[49.360s][info   ][gc          ] GC(14) Concurrent cleanup 1449M->1447M(6144M) 0.054ms
[49.360s][info   ][gc,metaspace] Metaspace: 11067K(11264K)->11067K(11264K) NonClass: 9327K(9472K)->9327K(9472K) Class: 1739K(1792K)->1739K(1792K)
[49.361s][info   ][gc          ] Trigger: GC request (System.gc())
[49.364s][info   ][gc          ] GC(15) Concurrent reset 2.549ms
[49.364s][info   ][gc          ] GC(15) Pause Init Mark (unload classes) 0.062ms
[49.364s][info   ][gc          ] GC(15) Concurrent marking roots 0.126ms
[52.179s][info   ][gc          ] GC(15) Concurrent marking (unload classes) 2815.007ms
[52.180s][info   ][gc          ] GC(15) Pause Final Mark (unload classes) 0.179ms
[52.180s][info   ][gc          ] GC(15) Concurrent thread roots 0.093ms
[52.180s][info   ][gc          ] GC(15) Concurrent weak references 0.056ms
[52.180s][info   ][gc          ] GC(15) Concurrent weak roots 0.468ms
[52.180s][info   ][gc          ] GC(15) Concurrent cleanup 1447M->1447M(6144M) 0.061ms
[52.181s][info   ][gc          ] GC(15) Concurrent class unloading 0.717ms
[52.181s][info   ][gc          ] GC(15) Concurrent strong roots 0.077ms
[52.183s][info   ][gc          ] GC(15) Concurrent evacuation 1.947ms
[52.183s][info   ][gc          ] GC(15) Pause Init Update Refs 0.004ms
[52.183s][info   ][gc          ] GC(15) At start of update refs, moving 2048K to Mutator free partition from Collector Reserve
[54.011s][info   ][gc          ] GC(15) Concurrent update references 1827.484ms
[54.011s][info   ][gc          ] GC(15) Concurrent update thread roots 0.128ms
[54.011s][info   ][gc          ] GC(15) Pause Final Update Refs 0.117ms
[54.011s][info   ][gc          ] GC(15) Concurrent cleanup 1449M->1447M(6144M) 0.060ms
[54.011s][info   ][gc,metaspace] Metaspace: 11067K(11264K)->11067K(11264K) NonClass: 9327K(9472K)->9327K(9472K) Class: 1739K(1792K)->1739K(1792K)
[54.012s][info   ][gc          ] Trigger: GC request (System.gc())
[54.015s][info   ][gc          ] GC(16) Concurrent reset 2.342ms
[54.015s][info   ][gc          ] GC(16) Pause Init Mark (unload classes) 0.033ms
[54.015s][info   ][gc          ] GC(16) Concurrent marking roots 0.133ms
[56.782s][info   ][gc          ] GC(16) Concurrent marking (unload classes) 2767.294ms
[56.782s][info   ][gc          ] GC(16) Pause Final Mark (unload classes) 0.187ms
[56.782s][info   ][gc          ] GC(16) Concurrent thread roots 0.067ms
[56.782s][info   ][gc          ] GC(16) Concurrent weak references 0.031ms
[56.783s][info   ][gc          ] GC(16) Concurrent weak roots 0.396ms
[56.783s][info   ][gc          ] GC(16) Concurrent cleanup 1447M->1447M(6144M) 0.063ms
[56.784s][info   ][gc          ] GC(16) Concurrent class unloading 0.787ms
[56.784s][info   ][gc          ] GC(16) Concurrent strong roots 0.078ms
[56.786s][info   ][gc          ] GC(16) Concurrent evacuation 1.985ms
[56.786s][info   ][gc          ] GC(16) Pause Init Update Refs 0.004ms
[56.786s][info   ][gc          ] GC(16) At start of update refs, moving 2048K to Mutator free partition from Collector Reserve
[58.603s][info   ][gc          ] GC(16) Concurrent update references 1816.750ms
[58.603s][info   ][gc          ] GC(16) Concurrent update thread roots 0.150ms
[58.603s][info   ][gc          ] GC(16) Pause Final Update Refs 0.121ms
[58.603s][info   ][gc          ] GC(16) Concurrent cleanup 1449M->1447M(6144M) 0.068ms
[58.603s][info   ][gc,metaspace] Metaspace: 11067K(11264K)->11067K(11264K) NonClass: 9327K(9472K)->9327K(9472K) Class: 1739K(1792K)->1739K(1792K)
[58.604s][info   ][gc          ] Trigger: GC request (System.gc())
[58.607s][info   ][gc          ] GC(17) Concurrent reset 2.326ms
[58.607s][info   ][gc          ] GC(17) Pause Init Mark (unload classes) 0.032ms
[58.607s][info   ][gc          ] GC(17) Concurrent marking roots 0.133ms
[61.422s][info   ][gc          ] GC(17) Concurrent marking (unload classes) 2814.838ms
[61.422s][info   ][gc          ] GC(17) Pause Final Mark (unload classes) 0.219ms
[61.422s][info   ][gc          ] GC(17) Concurrent thread roots 0.077ms
[61.422s][info   ][gc          ] GC(17) Concurrent weak references 0.047ms
[61.422s][info   ][gc          ] GC(17) Concurrent weak roots 0.404ms
[61.423s][info   ][gc          ] GC(17) Concurrent cleanup 1449M->1449M(6144M) 0.063ms
[61.423s][info   ][gc          ] GC(17) Concurrent class unloading 0.728ms
[61.423s][info   ][gc          ] GC(17) Concurrent strong roots 0.065ms
[61.425s][info   ][gc          ] GC(17) Concurrent evacuation 1.964ms
[61.425s][info   ][gc          ] GC(17) Pause Init Update Refs 0.004ms
[61.425s][info   ][gc          ] GC(17) At start of update refs, moving 2048K to Mutator free partition from Collector Reserve
[63.250s][info   ][gc          ] GC(17) Concurrent update references 1825.050ms
[63.251s][info   ][gc          ] GC(17) Concurrent update thread roots 0.140ms
[63.251s][info   ][gc          ] GC(17) Pause Final Update Refs 0.121ms
[63.251s][info   ][gc          ] GC(17) Concurrent cleanup 1451M->1449M(6144M) 0.066ms
[63.251s][info   ][gc,metaspace] Metaspace: 11067K(11264K)->11067K(11264K) NonClass: 9327K(9472K)->9327K(9472K) Class: 1739K(1792K)->1739K(1792K)
[63.252s][info   ][gc          ] Trigger: GC request (System.gc())
[63.254s][info   ][gc          ] GC(18) Concurrent reset 2.350ms
[63.254s][info   ][gc          ] GC(18) Pause Init Mark (unload classes) 0.053ms
[63.255s][info   ][gc          ] GC(18) Concurrent marking roots 0.094ms
[66.062s][info   ][gc          ] GC(18) Concurrent marking (unload classes) 2806.927ms
[66.062s][info   ][gc          ] GC(18) Pause Final Mark (unload classes) 0.234ms
[66.062s][info   ][gc          ] GC(18) Concurrent thread roots 0.074ms
[66.062s][info   ][gc          ] GC(18) Concurrent weak references 0.049ms
[66.062s][info   ][gc          ] GC(18) Concurrent weak roots 0.420ms
[66.062s][info   ][gc          ] GC(18) Concurrent cleanup 1449M->1449M(6144M) 0.059ms
[66.063s][info   ][gc          ] GC(18) Concurrent class unloading 0.714ms
[66.063s][info   ][gc          ] GC(18) Concurrent strong roots 0.080ms
[66.065s][info   ][gc          ] GC(18) Concurrent evacuation 1.988ms
[66.065s][info   ][gc          ] GC(18) Pause Init Update Refs 0.004ms
[66.065s][info   ][gc          ] GC(18) At start of update refs, moving 4096K to Mutator free partition from Collector Reserve
[67.893s][info   ][gc          ] GC(18) Concurrent update references 1828.137ms
[67.894s][info   ][gc          ] GC(18) Concurrent update thread roots 0.130ms
[67.894s][info   ][gc          ] GC(18) Pause Final Update Refs 0.121ms
[67.894s][info   ][gc          ] GC(18) Concurrent cleanup 1451M->1448M(6144M) 0.066ms
[67.894s][info   ][gc,metaspace] Metaspace: 11067K(11264K)->11067K(11264K) NonClass: 9327K(9472K)->9327K(9472K) Class: 1739K(1792K)->1739K(1792K)
[67.895s][info   ][gc          ] Trigger: GC request (System.gc())
[67.897s][info   ][gc          ] GC(19) Concurrent reset 2.356ms
[67.897s][info   ][gc          ] GC(19) Pause Init Mark (unload classes) 0.044ms
[67.898s][info   ][gc          ] GC(19) Concurrent marking roots 0.121ms
[70.610s][info   ][gc          ] GC(19) Concurrent marking (unload classes) 2712.742ms
[70.611s][info   ][gc          ] GC(19) Pause Final Mark (unload classes) 0.184ms
[70.611s][info   ][gc          ] GC(19) Concurrent thread roots 0.103ms
[70.611s][info   ][gc          ] GC(19) Concurrent weak references 0.061ms
[70.611s][info   ][gc          ] GC(19) Concurrent weak roots 0.448ms
[70.611s][info   ][gc          ] GC(19) Concurrent cleanup 1448M->1448M(6144M) 0.060ms
[70.612s][info   ][gc          ] GC(19) Concurrent class unloading 0.773ms
[70.612s][info   ][gc          ] GC(19) Concurrent strong roots 0.087ms
[70.614s][info   ][gc          ] GC(19) Concurrent evacuation 2.027ms
[70.614s][info   ][gc          ] GC(19) Pause Init Update Refs 0.004ms
[70.614s][info   ][gc          ] GC(19) At start of update refs, moving 2048K to Mutator free partition from Collector Reserve
[72.451s][info   ][gc          ] GC(19) Concurrent update references 1836.320ms
[72.451s][info   ][gc          ] GC(19) Concurrent update thread roots 0.126ms
[72.451s][info   ][gc          ] GC(19) Pause Final Update Refs 0.114ms
[72.451s][info   ][gc          ] GC(19) Concurrent cleanup 1450M->1448M(6144M) 0.065ms
[72.451s][info   ][gc,metaspace] Metaspace: 11067K(11264K)->11067K(11264K) NonClass: 9327K(9472K)->9327K(9472K) Class: 1739K(1792K)->1739K(1792K)
[72.452s][info   ][gc          ] Trigger: GC request (System.gc())
[72.455s][info   ][gc          ] GC(20) Concurrent reset 2.327ms
[72.455s][info   ][gc          ] GC(20) Pause Init Mark (unload classes) 0.065ms
[72.455s][info   ][gc          ] GC(20) Concurrent marking roots 0.115ms
[75.213s][info   ][gc          ] GC(20) Concurrent marking (unload classes) 2758.665ms
[75.214s][info   ][gc          ] GC(20) Pause Final Mark (unload classes) 0.222ms
[75.214s][info   ][gc          ] GC(20) Concurrent thread roots 0.087ms
[75.214s][info   ][gc          ] GC(20) Concurrent weak references 0.049ms
[75.214s][info   ][gc          ] GC(20) Concurrent weak roots 0.420ms
[75.214s][info   ][gc          ] GC(20) Concurrent cleanup 1448M->1448M(6144M) 0.066ms
[75.215s][info   ][gc          ] GC(20) Concurrent class unloading 0.743ms
[75.215s][info   ][gc          ] GC(20) Concurrent strong roots 0.071ms
[75.217s][info   ][gc          ] GC(20) Concurrent evacuation 1.943ms
[75.217s][info   ][gc          ] GC(20) Pause Init Update Refs 0.004ms
[75.217s][info   ][gc          ] GC(20) At start of update refs, moving 2048K to Mutator free partition from Collector Reserve
[77.049s][info   ][gc          ] GC(20) Concurrent update references 1831.618ms
[77.049s][info   ][gc          ] GC(20) Concurrent update thread roots 0.120ms
[77.049s][info   ][gc          ] GC(20) Pause Final Update Refs 0.107ms
[77.049s][info   ][gc          ] GC(20) Concurrent cleanup 1450M->1448M(6144M) 0.048ms
[77.049s][info   ][gc,metaspace] Metaspace: 11067K(11264K)->11067K(11264K) NonClass: 9327K(9472K)->9327K(9472K) Class: 1739K(1792K)->1739K(1792K)
[77.050s][info   ][gc          ] Trigger: GC request (System.gc())
[77.053s][info   ][gc          ] GC(21) Concurrent reset 2.361ms
[77.053s][info   ][gc          ] GC(21) Pause Init Mark (unload classes) 0.058ms
[77.053s][info   ][gc          ] GC(21) Concurrent marking roots 0.133ms
[79.812s][info   ][gc          ] GC(21) Concurrent marking (unload classes) 2759.265ms
[79.813s][info   ][gc          ] GC(21) Pause Final Mark (unload classes) 0.199ms
[79.813s][info   ][gc          ] GC(21) Concurrent thread roots 0.095ms
[79.813s][info   ][gc          ] GC(21) Concurrent weak references 0.061ms
[79.813s][info   ][gc          ] GC(21) Concurrent weak roots 0.443ms
[79.813s][info   ][gc          ] GC(21) Concurrent cleanup 1448M->1448M(6144M) 0.069ms
[79.814s][info   ][gc          ] GC(21) Concurrent class unloading 0.723ms
[79.814s][info   ][gc          ] GC(21) Concurrent strong roots 0.075ms
[79.816s][info   ][gc          ] GC(21) Concurrent evacuation 2.044ms
[79.816s][info   ][gc          ] GC(21) Pause Init Update Refs 0.004ms
[79.816s][info   ][gc          ] GC(21) At start of update refs, moving 2048K to Mutator free partition from Collector Reserve
[81.603s][info   ][gc          ] GC(21) Concurrent update references 1786.811ms
[81.603s][info   ][gc          ] GC(21) Concurrent update thread roots 0.127ms
[81.603s][info   ][gc          ] GC(21) Pause Final Update Refs 0.120ms
[81.603s][info   ][gc          ] GC(21) Concurrent cleanup 1450M->1448M(6144M) 0.068ms
[81.604s][info   ][gc,metaspace] Metaspace: 11067K(11264K)->11067K(11264K) NonClass: 9327K(9472K)->9327K(9472K) Class: 1739K(1792K)->1739K(1792K)
[81.605s][info   ][gc          ] Trigger: GC request (System.gc())
[81.607s][info   ][gc          ] GC(22) Concurrent reset 2.355ms
[81.607s][info   ][gc          ] GC(22) Pause Init Mark (unload classes) 0.051ms
[81.607s][info   ][gc          ] GC(22) Concurrent marking roots 0.105ms
[84.364s][info   ][gc          ] GC(22) Concurrent marking (unload classes) 2757.177ms
[84.365s][info   ][gc          ] GC(22) Pause Final Mark (unload classes) 0.192ms
[84.365s][info   ][gc          ] GC(22) Concurrent thread roots 0.095ms
[84.365s][info   ][gc          ] GC(22) Concurrent weak references 0.054ms
[84.365s][info   ][gc          ] GC(22) Concurrent weak roots 0.472ms
[84.365s][info   ][gc          ] GC(22) Concurrent cleanup 1448M->1448M(6144M) 0.064ms
[84.366s][info   ][gc          ] GC(22) Concurrent class unloading 0.780ms
[84.366s][info   ][gc          ] GC(22) Concurrent strong roots 0.066ms
[84.368s][info   ][gc          ] GC(22) Concurrent evacuation 2.045ms
[84.368s][info   ][gc          ] GC(22) Pause Init Update Refs 0.004ms
[84.368s][info   ][gc          ] GC(22) At start of update refs, moving 2048K to Mutator free partition from Collector Reserve
[86.199s][info   ][gc          ] GC(22) Concurrent update references 1830.705ms
[86.199s][info   ][gc          ] GC(22) Concurrent update thread roots 0.128ms
[86.199s][info   ][gc          ] GC(22) Pause Final Update Refs 0.108ms
[86.199s][info   ][gc          ] GC(22) Concurrent cleanup 1450M->1448M(6144M) 0.060ms
[86.200s][info   ][gc,metaspace] Metaspace: 11067K(11264K)->11067K(11264K) NonClass: 9327K(9472K)->9327K(9472K) Class: 1739K(1792K)->1739K(1792K)
[86.201s][info   ][gc          ] Trigger: GC request (System.gc())
[86.203s][info   ][gc          ] GC(23) Concurrent reset 2.342ms
[86.203s][info   ][gc          ] GC(23) Pause Init Mark (unload classes) 0.056ms
[86.203s][info   ][gc          ] GC(23) Concurrent marking roots 0.117ms
[88.979s][info   ][gc          ] GC(23) Concurrent marking (unload classes) 2775.661ms
[88.979s][info   ][gc          ] GC(23) Pause Final Mark (unload classes) 0.226ms
[88.979s][info   ][gc          ] GC(23) Concurrent thread roots 0.076ms
[88.979s][info   ][gc          ] GC(23) Concurrent weak references 0.039ms
[88.980s][info   ][gc          ] GC(23) Concurrent weak roots 0.446ms
[88.980s][info   ][gc          ] GC(23) Concurrent cleanup 1448M->1448M(6144M) 0.056ms
[88.981s][info   ][gc          ] GC(23) Concurrent class unloading 0.761ms
[88.981s][info   ][gc          ] GC(23) Concurrent strong roots 0.068ms
[88.983s][info   ][gc          ] GC(23) Concurrent evacuation 2.032ms
[88.983s][info   ][gc          ] GC(23) Pause Init Update Refs 0.004ms
[88.983s][info   ][gc          ] GC(23) At start of update refs, moving 2048K to Mutator free partition from Collector Reserve
[90.810s][info   ][gc          ] GC(23) Concurrent update references 1827.527ms
[90.810s][info   ][gc          ] GC(23) Concurrent update thread roots 0.127ms
[90.811s][info   ][gc          ] GC(23) Pause Final Update Refs 0.114ms
[90.811s][info   ][gc          ] GC(23) Concurrent cleanup 1450M->1448M(6144M) 0.066ms
[90.811s][info   ][gc,metaspace] Metaspace: 11067K(11264K)->11067K(11264K) NonClass: 9327K(9472K)->9327K(9472K) Class: 1739K(1792K)->1739K(1792K)
[90.812s][info   ][gc          ] Trigger: GC request (System.gc())
[90.814s][info   ][gc          ] GC(24) Concurrent reset 2.356ms
[90.814s][info   ][gc          ] GC(24) Pause Init Mark (unload classes) 0.043ms
[90.814s][info   ][gc          ] GC(24) Concurrent marking roots 0.114ms
[93.549s][info   ][gc          ] GC(24) Concurrent marking (unload classes) 2734.733ms
[93.549s][info   ][gc          ] GC(24) Pause Final Mark (unload classes) 0.196ms
[93.549s][info   ][gc          ] GC(24) Concurrent thread roots 0.058ms
[93.550s][info   ][gc          ] GC(24) Concurrent weak references 0.029ms
[93.550s][info   ][gc          ] GC(24) Concurrent weak roots 0.434ms
[93.550s][info   ][gc          ] GC(24) Concurrent cleanup 1448M->1448M(6144M) 0.059ms
[93.551s][info   ][gc          ] GC(24) Concurrent class unloading 0.809ms
[93.551s][info   ][gc          ] GC(24) Concurrent strong roots 0.076ms
[93.553s][info   ][gc          ] GC(24) Concurrent evacuation 2.073ms
[93.553s][info   ][gc          ] GC(24) Pause Init Update Refs 0.004ms
[93.553s][info   ][gc          ] GC(24) At start of update refs, moving 2048K to Mutator free partition from Collector Reserve
[95.379s][info   ][gc          ] GC(24) Concurrent update references 1826.285ms
[95.380s][info   ][gc          ] GC(24) Concurrent update thread roots 0.118ms
[95.380s][info   ][gc          ] GC(24) Pause Final Update Refs 0.124ms
[95.380s][info   ][gc          ] GC(24) Concurrent cleanup 1450M->1448M(6144M) 0.061ms
[95.380s][info   ][gc,metaspace] Metaspace: 11067K(11264K)->11067K(11264K) NonClass: 9327K(9472K)->9327K(9472K) Class: 1739K(1792K)->1739K(1792K)
[95.381s][info   ][gc          ] Trigger: GC request (System.gc())
[95.383s][info   ][gc          ] GC(25) Concurrent reset 2.329ms
[95.383s][info   ][gc          ] GC(25) Pause Init Mark (unload classes) 0.062ms
[95.383s][info   ][gc          ] GC(25) Concurrent marking roots 0.099ms
[98.140s][info   ][gc          ] GC(25) Concurrent marking (unload classes) 2756.977ms
[98.141s][info   ][gc          ] GC(25) Pause Final Mark (unload classes) 0.202ms
[98.141s][info   ][gc          ] GC(25) Concurrent thread roots 0.076ms
[98.141s][info   ][gc          ] GC(25) Concurrent weak references 0.055ms
[98.141s][info   ][gc          ] GC(25) Concurrent weak roots 0.442ms
[98.141s][info   ][gc          ] GC(25) Concurrent cleanup 1448M->1448M(6144M) 0.064ms
[98.142s][info   ][gc          ] GC(25) Concurrent class unloading 0.697ms
[98.142s][info   ][gc          ] GC(25) Concurrent strong roots 0.076ms
[98.144s][info   ][gc          ] GC(25) Concurrent evacuation 2.061ms
[98.144s][info   ][gc          ] GC(25) Pause Init Update Refs 0.004ms
[98.144s][info   ][gc          ] GC(25) At start of update refs, moving 2048K to Mutator free partition from Collector Reserve
[99.971s][info   ][gc          ] GC(25) Concurrent update references 1826.214ms
[99.971s][info   ][gc          ] GC(25) Concurrent update thread roots 0.132ms
[99.971s][info   ][gc          ] GC(25) Pause Final Update Refs 0.116ms
[99.971s][info   ][gc          ] GC(25) Concurrent cleanup 1450M->1448M(6144M) 0.074ms
[99.971s][info   ][gc,metaspace] Metaspace: 11067K(11264K)->11067K(11264K) NonClass: 9327K(9472K)->9327K(9472K) Class: 1739K(1792K)->1739K(1792K)
[99.972s][info   ][gc          ] Trigger: GC request (System.gc())
[99.974s][info   ][gc          ] GC(26) Concurrent reset 2.352ms
[99.975s][info   ][gc          ] GC(26) Pause Init Mark (unload classes) 0.035ms
[99.975s][info   ][gc          ] GC(26) Concurrent marking roots 0.119ms
[102.706s][info   ][gc          ] GC(26) Concurrent marking (unload classes) 2731.741ms
[102.707s][info   ][gc          ] GC(26) Pause Final Mark (unload classes) 0.184ms
[102.707s][info   ][gc          ] GC(26) Concurrent thread roots 0.093ms
[102.707s][info   ][gc          ] GC(26) Concurrent weak references 0.060ms
[102.707s][info   ][gc          ] GC(26) Concurrent weak roots 0.467ms
[102.707s][info   ][gc          ] GC(26) Concurrent cleanup 1448M->1448M(6144M) 0.060ms
[102.708s][info   ][gc          ] GC(26) Concurrent class unloading 0.732ms
[102.708s][info   ][gc          ] GC(26) Concurrent strong roots 0.065ms
[102.710s][info   ][gc          ] GC(26) Concurrent evacuation 2.026ms
[102.710s][info   ][gc          ] GC(26) Pause Init Update Refs 0.004ms
[102.710s][info   ][gc          ] GC(26) At start of update refs, moving 2048K to Mutator free partition from Collector Reserve
[104.538s][info   ][gc          ] GC(26) Concurrent update references 1827.989ms
[104.538s][info   ][gc          ] GC(26) Concurrent update thread roots 0.126ms
[104.539s][info   ][gc          ] GC(26) Pause Final Update Refs 0.103ms
[104.539s][info   ][gc          ] GC(26) Concurrent cleanup 1450M->1448M(6144M) 0.076ms
[104.539s][info   ][gc,metaspace] Metaspace: 11067K(11264K)->11067K(11264K) NonClass: 9327K(9472K)->9327K(9472K) Class: 1739K(1792K)->1739K(1792K)
[104.540s][info   ][gc          ] Trigger: GC request (System.gc())
[104.542s][info   ][gc          ] GC(27) Concurrent reset 2.350ms
[104.542s][info   ][gc          ] GC(27) Pause Init Mark (unload classes) 0.059ms
[104.542s][info   ][gc          ] GC(27) Concurrent marking roots 0.105ms
[107.349s][info   ][gc          ] GC(27) Concurrent marking (unload classes) 2806.651ms
[107.349s][info   ][gc          ] GC(27) Pause Final Mark (unload classes) 0.172ms
[107.349s][info   ][gc          ] GC(27) Concurrent thread roots 0.074ms
[107.349s][info   ][gc          ] GC(27) Concurrent weak references 0.030ms
[107.350s][info   ][gc          ] GC(27) Concurrent weak roots 0.402ms
[107.350s][info   ][gc          ] GC(27) Concurrent cleanup 1448M->1448M(6144M) 0.044ms
[107.351s][info   ][gc          ] GC(27) Concurrent class unloading 0.804ms
[107.351s][info   ][gc          ] GC(27) Concurrent strong roots 0.076ms
[107.353s][info   ][gc          ] GC(27) Concurrent evacuation 1.995ms
[107.353s][info   ][gc          ] GC(27) Pause Init Update Refs 0.004ms
[107.353s][info   ][gc          ] GC(27) At start of update refs, moving 2048K to Mutator free partition from Collector Reserve
[109.235s][info   ][gc          ] GC(27) Concurrent update references 1882.577ms
[109.236s][info   ][gc          ] GC(27) Concurrent update thread roots 0.136ms
[109.236s][info   ][gc          ] GC(27) Pause Final Update Refs 0.113ms
[109.236s][info   ][gc          ] GC(27) Concurrent cleanup 1450M->1448M(6144M) 0.055ms
[109.236s][info   ][gc,metaspace] Metaspace: 11067K(11264K)->11067K(11264K) NonClass: 9327K(9472K)->9327K(9472K) Class: 1739K(1792K)->1739K(1792K)
[109.237s][info   ][gc          ] Trigger: GC request (System.gc())
[109.240s][info   ][gc          ] GC(28) Concurrent reset 2.537ms
[109.240s][info   ][gc          ] GC(28) Pause Init Mark (unload classes) 0.074ms
[109.240s][info   ][gc          ] GC(28) Concurrent marking roots 0.127ms
[111.998s][info   ][gc          ] GC(28) Concurrent marking (unload classes) 2757.669ms
[111.998s][info   ][gc          ] GC(28) Pause Final Mark (unload classes) 0.223ms
[111.998s][info   ][gc          ] GC(28) Concurrent thread roots 0.076ms
[111.998s][info   ][gc          ] GC(28) Concurrent weak references 0.051ms
[111.998s][info   ][gc          ] GC(28) Concurrent weak roots 0.418ms
[111.999s][info   ][gc          ] GC(28) Concurrent cleanup 1448M->1448M(6144M) 0.059ms
[111.999s][info   ][gc          ] GC(28) Concurrent class unloading 0.783ms
[111.999s][info   ][gc          ] GC(28) Concurrent strong roots 0.066ms
[112.001s][info   ][gc          ] GC(28) Concurrent evacuation 2.010ms
[112.001s][info   ][gc          ] GC(28) Pause Init Update Refs 0.004ms
[112.002s][info   ][gc          ] GC(28) At start of update refs, moving 2048K to Mutator free partition from Collector Reserve
[113.831s][info   ][gc          ] GC(28) Concurrent update references 1829.345ms
[113.831s][info   ][gc          ] GC(28) Concurrent update thread roots 0.126ms
[113.831s][info   ][gc          ] GC(28) Pause Final Update Refs 0.105ms
[113.831s][info   ][gc          ] GC(28) Concurrent cleanup 1450M->1448M(6144M) 0.068ms
[113.831s][info   ][gc,metaspace] Metaspace: 11067K(11264K)->11067K(11264K) NonClass: 9327K(9472K)->9327K(9472K) Class: 1739K(1792K)->1739K(1792K)
[113.832s][info   ][gc          ] Trigger: GC request (System.gc())
[113.835s][info   ][gc          ] GC(29) Concurrent reset 2.548ms
[113.835s][info   ][gc          ] GC(29) Pause Init Mark (unload classes) 0.078ms
[113.835s][info   ][gc          ] GC(29) Concurrent marking roots 0.133ms
[116.547s][info   ][gc          ] GC(29) Concurrent marking (unload classes) 2711.623ms
[116.547s][info   ][gc          ] GC(29) Pause Final Mark (unload classes) 0.207ms
[116.547s][info   ][gc          ] GC(29) Concurrent thread roots 0.059ms
[116.547s][info   ][gc          ] GC(29) Concurrent weak references 0.029ms
[116.548s][info   ][gc          ] GC(29) Concurrent weak roots 0.406ms
[116.548s][info   ][gc          ] GC(29) Concurrent cleanup 1448M->1448M(6144M) 0.058ms
[116.549s][info   ][gc          ] GC(29) Concurrent class unloading 0.756ms
[116.549s][info   ][gc          ] GC(29) Concurrent strong roots 0.079ms
[116.551s][info   ][gc          ] GC(29) Concurrent evacuation 1.997ms
[116.551s][info   ][gc          ] GC(29) Pause Init Update Refs 0.004ms
[116.551s][info   ][gc          ] GC(29) At start of update refs, moving 2048K to Mutator free partition from Collector Reserve
[118.385s][info   ][gc          ] GC(29) Concurrent update references 1834.046ms
[118.385s][info   ][gc          ] GC(29) Concurrent update thread roots 0.136ms
[118.385s][info   ][gc          ] GC(29) Pause Final Update Refs 0.118ms
[118.385s][info   ][gc          ] GC(29) Concurrent cleanup 1450M->1448M(6144M) 0.058ms
[118.385s][info   ][gc,metaspace] Metaspace: 11067K(11264K)->11067K(11264K) NonClass: 9327K(9472K)->9327K(9472K) Class: 1739K(1792K)->1739K(1792K)
[118.386s][info   ][gc          ] Trigger: GC request (System.gc())
[118.389s][info   ][gc          ] GC(30) Concurrent reset 2.555ms
[118.389s][info   ][gc          ] GC(30) Pause Init Mark (unload classes) 0.071ms
[118.389s][info   ][gc          ] GC(30) Concurrent marking roots 0.139ms
[121.148s][info   ][gc          ] GC(30) Concurrent marking (unload classes) 2758.445ms
[121.148s][info   ][gc          ] GC(30) Pause Final Mark (unload classes) 0.216ms
[121.148s][info   ][gc          ] GC(30) Concurrent thread roots 0.069ms
[121.148s][info   ][gc          ] GC(30) Concurrent weak references 0.040ms
[121.149s][info   ][gc          ] GC(30) Concurrent weak roots 0.416ms
[121.149s][info   ][gc          ] GC(30) Concurrent cleanup 1449M->1449M(6144M) 0.072ms
[121.149s][info   ][gc          ] GC(30) Concurrent class unloading 0.791ms
[121.149s][info   ][gc          ] GC(30) Concurrent strong roots 0.065ms
[121.151s][info   ][gc          ] GC(30) Concurrent evacuation 1.985ms
[121.152s][info   ][gc          ] GC(30) Pause Init Update Refs 0.004ms
[121.152s][info   ][gc          ] GC(30) At start of update refs, moving 2048K to Mutator free partition from Collector Reserve
[122.985s][info   ][gc          ] GC(30) Concurrent update references 1833.650ms
[122.985s][info   ][gc          ] GC(30) Concurrent update thread roots 0.131ms
[122.985s][info   ][gc          ] GC(30) Pause Final Update Refs 0.098ms
[122.986s][info   ][gc          ] GC(30) Concurrent cleanup 1451M->1449M(6144M) 0.056ms
[122.986s][info   ][gc,metaspace] Metaspace: 11067K(11264K)->11067K(11264K) NonClass: 9327K(9472K)->9327K(9472K) Class: 1739K(1792K)->1739K(1792K)
[122.987s][info   ][gc          ] Trigger: GC request (System.gc())
[122.989s][info   ][gc          ] GC(31) Concurrent reset 2.537ms
[122.989s][info   ][gc          ] GC(31) Pause Init Mark (unload classes) 0.070ms
[122.990s][info   ][gc          ] GC(31) Concurrent marking roots 0.117ms
[125.805s][info   ][gc          ] GC(31) Concurrent marking (unload classes) 2815.516ms
[125.805s][info   ][gc          ] GC(31) Pause Final Mark (unload classes) 0.174ms
[125.805s][info   ][gc          ] GC(31) Concurrent thread roots 0.079ms
[125.805s][info   ][gc          ] GC(31) Concurrent weak references 0.030ms
[125.806s][info   ][gc          ] GC(31) Concurrent weak roots 0.443ms
[125.806s][info   ][gc          ] GC(31) Concurrent cleanup 1449M->1449M(6144M) 0.049ms
[125.807s][info   ][gc          ] GC(31) Concurrent class unloading 0.751ms
[125.807s][info   ][gc          ] GC(31) Concurrent strong roots 0.076ms
[125.809s][info   ][gc          ] GC(31) Concurrent evacuation 2.055ms
[125.809s][info   ][gc          ] GC(31) Pause Init Update Refs 0.004ms
[125.809s][info   ][gc          ] GC(31) At start of update refs, moving 4096K to Mutator free partition from Collector Reserve
[127.633s][info   ][gc          ] GC(31) Concurrent update references 1823.637ms
[127.633s][info   ][gc          ] GC(31) Concurrent update thread roots 0.131ms
[127.633s][info   ][gc          ] GC(31) Pause Final Update Refs 0.109ms
[127.633s][info   ][gc          ] GC(31) Concurrent cleanup 1451M->1448M(6144M) 0.054ms
[127.633s][info   ][gc,metaspace] Metaspace: 11067K(11264K)->11067K(11264K) NonClass: 9327K(9472K)->9327K(9472K) Class: 1739K(1792K)->1739K(1792K)
[127.634s][info   ][gc          ] Trigger: GC request (System.gc())
[127.637s][info   ][gc          ] GC(32) Concurrent reset 2.540ms
[127.637s][info   ][gc          ] GC(32) Pause Init Mark (unload classes) 0.077ms
[127.637s][info   ][gc          ] GC(32) Concurrent marking roots 0.153ms
[130.444s][info   ][gc          ] GC(32) Concurrent marking (unload classes) 2807.244ms
[130.444s][info   ][gc          ] GC(32) Pause Final Mark (unload classes) 0.186ms
[130.445s][info   ][gc          ] GC(32) Concurrent thread roots 0.081ms
[130.445s][info   ][gc          ] GC(32) Concurrent weak references 0.056ms
[130.445s][info   ][gc          ] GC(32) Concurrent weak roots 0.437ms
[130.445s][info   ][gc          ] GC(32) Concurrent cleanup 1448M->1448M(6144M) 0.060ms
[130.446s][info   ][gc          ] GC(32) Concurrent class unloading 0.769ms
[130.446s][info   ][gc          ] GC(32) Concurrent strong roots 0.074ms
[130.448s][info   ][gc          ] GC(32) Concurrent evacuation 1.970ms
[130.448s][info   ][gc          ] GC(32) Pause Init Update Refs 0.004ms
[130.448s][info   ][gc          ] GC(32) At start of update refs, moving 2048K to Mutator free partition from Collector Reserve
[132.319s][info   ][gc          ] GC(32) Concurrent update references 1870.448ms
[132.319s][info   ][gc          ] GC(32) Concurrent update thread roots 0.134ms
[132.319s][info   ][gc          ] GC(32) Pause Final Update Refs 0.106ms
[132.319s][info   ][gc          ] GC(32) Concurrent cleanup 1450M->1448M(6144M) 0.056ms
[132.319s][info   ][gc,metaspace] Metaspace: 11067K(11264K)->11067K(11264K) NonClass: 9327K(9472K)->9327K(9472K) Class: 1739K(1792K)->1739K(1792K)
[132.320s][info   ][gc          ] Trigger: GC request (System.gc())
[132.322s][info   ][gc          ] GC(33) Concurrent reset 2.347ms
[132.323s][info   ][gc          ] GC(33) Pause Init Mark (unload classes) 0.028ms
[132.323s][info   ][gc          ] GC(33) Concurrent marking roots 0.121ms
[135.097s][info   ][gc          ] GC(33) Concurrent marking (unload classes) 2774.502ms
[135.097s][info   ][gc          ] GC(33) Pause Final Mark (unload classes) 0.203ms
[135.098s][info   ][gc          ] GC(33) Concurrent thread roots 0.059ms
[135.098s][info   ][gc          ] GC(33) Concurrent weak references 0.028ms
[135.098s][info   ][gc          ] GC(33) Concurrent weak roots 0.441ms
[135.098s][info   ][gc          ] GC(33) Concurrent cleanup 1448M->1448M(6144M) 0.049ms
[135.099s][info   ][gc          ] GC(33) Concurrent class unloading 0.794ms
[135.099s][info   ][gc          ] GC(33) Concurrent strong roots 0.075ms
[135.101s][info   ][gc          ] GC(33) Concurrent evacuation 2.062ms
[135.101s][info   ][gc          ] GC(33) Pause Init Update Refs 0.004ms
[135.101s][info   ][gc          ] GC(33) At start of update refs, moving 2048K to Mutator free partition from Collector Reserve
[136.935s][info   ][gc          ] GC(33) Concurrent update references 1833.559ms
[136.935s][info   ][gc          ] GC(33) Concurrent update thread roots 0.135ms
[136.935s][info   ][gc          ] GC(33) Pause Final Update Refs 0.106ms
[136.935s][info   ][gc          ] GC(33) Concurrent cleanup 1450M->1448M(6144M) 0.049ms
[136.935s][info   ][gc,metaspace] Metaspace: 11067K(11264K)->11067K(11264K) NonClass: 9327K(9472K)->9327K(9472K) Class: 1739K(1792K)->1739K(1792K)
[136.936s][info   ][gc          ] Trigger: GC request (System.gc())
[136.939s][info   ][gc          ] GC(34) Concurrent reset 2.548ms
[136.939s][info   ][gc          ] GC(34) Pause Init Mark (unload classes) 0.075ms
[136.939s][info   ][gc          ] GC(34) Concurrent marking roots 0.132ms
[139.650s][info   ][gc          ] GC(34) Concurrent marking (unload classes) 2710.649ms
[139.650s][info   ][gc          ] GC(34) Pause Final Mark (unload classes) 0.215ms
[139.650s][info   ][gc          ] GC(34) Concurrent thread roots 0.085ms
[139.650s][info   ][gc          ] GC(34) Concurrent weak references 0.042ms
[139.651s][info   ][gc          ] GC(34) Concurrent weak roots 0.447ms
[139.651s][info   ][gc          ] GC(34) Concurrent cleanup 1448M->1448M(6144M) 0.061ms
[139.651s][info   ][gc          ] GC(34) Concurrent class unloading 0.761ms
[139.651s][info   ][gc          ] GC(34) Concurrent strong roots 0.042ms
[139.654s][info   ][gc          ] GC(34) Concurrent evacuation 2.073ms
[139.654s][info   ][gc          ] GC(34) Pause Init Update Refs 0.004ms
[139.654s][info   ][gc          ] GC(34) At start of update refs, moving 2048K to Mutator free partition from Collector Reserve
[141.484s][info   ][gc          ] GC(34) Concurrent update references 1830.014ms
[141.484s][info   ][gc          ] GC(34) Concurrent update thread roots 0.125ms
[141.484s][info   ][gc          ] GC(34) Pause Final Update Refs 0.119ms
[141.484s][info   ][gc          ] GC(34) Concurrent cleanup 1450M->1448M(6144M) 0.061ms
[141.484s][info   ][gc,metaspace] Metaspace: 11067K(11264K)->11067K(11264K) NonClass: 9327K(9472K)->9327K(9472K) Class: 1739K(1792K)->1739K(1792K)
[141.485s][info   ][gc          ] Trigger: GC request (System.gc())
[141.487s][info   ][gc          ] GC(35) Concurrent reset 2.322ms
[141.488s][info   ][gc          ] GC(35) Pause Init Mark (unload classes) 0.034ms
[141.488s][info   ][gc          ] GC(35) Concurrent marking roots 0.130ms
[144.245s][info   ][gc          ] GC(35) Concurrent marking (unload classes) 2757.667ms
[144.246s][info   ][gc          ] GC(35) Pause Final Mark (unload classes) 0.182ms
[144.246s][info   ][gc          ] GC(35) Concurrent thread roots 0.094ms
[144.246s][info   ][gc          ] GC(35) Concurrent weak references 0.049ms
[144.246s][info   ][gc          ] GC(35) Concurrent weak roots 0.437ms
[144.246s][info   ][gc          ] GC(35) Concurrent cleanup 1448M->1448M(6144M) 0.061ms
[144.247s][info   ][gc          ] GC(35) Concurrent class unloading 0.780ms
[144.247s][info   ][gc          ] GC(35) Concurrent strong roots 0.065ms
[144.249s][info   ][gc          ] GC(35) Concurrent evacuation 1.944ms
[144.249s][info   ][gc          ] GC(35) Pause Init Update Refs 0.004ms
[144.249s][info   ][gc          ] GC(35) At start of update refs, moving 2048K to Mutator free partition from Collector Reserve
[146.083s][info   ][gc          ] GC(35) Concurrent update references 1833.413ms
[146.083s][info   ][gc          ] GC(35) Concurrent update thread roots 0.139ms
[146.083s][info   ][gc          ] GC(35) Pause Final Update Refs 0.120ms
[146.083s][info   ][gc          ] GC(35) Concurrent cleanup 1450M->1448M(6144M) 0.064ms
[146.083s][info   ][gc,metaspace] Metaspace: 11067K(11264K)->11067K(11264K) NonClass: 9327K(9472K)->9327K(9472K) Class: 1739K(1792K)->1739K(1792K)
[146.084s][info   ][gc          ] Trigger: GC request (System.gc())
[146.087s][info   ][gc          ] GC(36) Concurrent reset 2.337ms
[146.087s][info   ][gc          ] GC(36) Pause Init Mark (unload classes) 0.068ms
[146.087s][info   ][gc          ] GC(36) Concurrent marking roots 0.132ms
[148.845s][info   ][gc          ] GC(36) Concurrent marking (unload classes) 2758.099ms
[148.845s][info   ][gc          ] GC(36) Pause Final Mark (unload classes) 0.220ms
[148.845s][info   ][gc          ] GC(36) Concurrent thread roots 0.080ms
[148.845s][info   ][gc          ] GC(36) Concurrent weak references 0.030ms
[148.846s][info   ][gc          ] GC(36) Concurrent weak roots 0.423ms
[148.846s][info   ][gc          ] GC(36) Concurrent cleanup 1448M->1448M(6144M) 0.057ms
[148.847s][info   ][gc          ] GC(36) Concurrent class unloading 0.813ms
[148.847s][info   ][gc          ] GC(36) Concurrent strong roots 0.076ms
[148.849s][info   ][gc          ] GC(36) Concurrent evacuation 2.014ms
[148.849s][info   ][gc          ] GC(36) Pause Init Update Refs 0.004ms
[148.849s][info   ][gc          ] GC(36) At start of update refs, moving 2048K to Mutator free partition from Collector Reserve
[150.636s][info   ][gc          ] GC(36) Concurrent update references 1786.768ms
[150.636s][info   ][gc          ] GC(36) Concurrent update thread roots 0.130ms
[150.636s][info   ][gc          ] GC(36) Pause Final Update Refs 0.115ms
[150.636s][info   ][gc          ] GC(36) Concurrent cleanup 1450M->1448M(6144M) 0.059ms
[150.636s][info   ][gc,metaspace] Metaspace: 11067K(11264K)->11067K(11264K) NonClass: 9327K(9472K)->9327K(9472K) Class: 1739K(1792K)->1739K(1792K)
[150.637s][info   ][gc          ] Trigger: GC request (System.gc())
[150.639s][info   ][gc          ] GC(37) Concurrent reset 2.336ms
[150.640s][info   ][gc          ] GC(37) Pause Init Mark (unload classes) 0.029ms
[150.640s][info   ][gc          ] GC(37) Concurrent marking roots 0.112ms
[153.417s][info   ][gc          ] GC(37) Concurrent marking (unload classes) 2776.972ms
[153.417s][info   ][gc          ] GC(37) Pause Final Mark (unload classes) 0.212ms
[153.417s][info   ][gc          ] GC(37) Concurrent thread roots 0.071ms
[153.417s][info   ][gc          ] GC(37) Concurrent weak references 0.040ms
[153.417s][info   ][gc          ] GC(37) Concurrent weak roots 0.394ms
[153.418s][info   ][gc          ] GC(37) Concurrent cleanup 1448M->1448M(6144M) 0.075ms
[153.418s][info   ][gc          ] GC(37) Concurrent class unloading 0.756ms
[153.418s][info   ][gc          ] GC(37) Concurrent strong roots 0.068ms
[153.420s][info   ][gc          ] GC(37) Concurrent evacuation 1.969ms
[153.420s][info   ][gc          ] GC(37) Pause Init Update Refs 0.004ms
[153.420s][info   ][gc          ] GC(37) At start of update refs, moving 2048K to Mutator free partition from Collector Reserve
[155.252s][info   ][gc          ] GC(37) Concurrent update references 1831.350ms
[155.252s][info   ][gc          ] GC(37) Concurrent update thread roots 0.124ms
[155.252s][info   ][gc          ] GC(37) Pause Final Update Refs 0.117ms
[155.252s][info   ][gc          ] GC(37) Concurrent cleanup 1450M->1448M(6144M) 0.085ms
[155.252s][info   ][gc,metaspace] Metaspace: 11067K(11264K)->11067K(11264K) NonClass: 9327K(9472K)->9327K(9472K) Class: 1739K(1792K)->1739K(1792K)
[155.253s][info   ][gc          ] Trigger: GC request (System.gc())
[155.256s][info   ][gc          ] GC(38) Concurrent reset 2.356ms
[155.256s][info   ][gc          ] GC(38) Pause Init Mark (unload classes) 0.059ms
[155.256s][info   ][gc          ] GC(38) Concurrent marking roots 0.106ms
[158.014s][info   ][gc          ] GC(38) Concurrent marking (unload classes) 2757.584ms
[158.014s][info   ][gc          ] GC(38) Pause Final Mark (unload classes) 0.222ms
[158.014s][info   ][gc          ] GC(38) Concurrent thread roots 0.090ms
[158.014s][info   ][gc          ] GC(38) Concurrent weak references 0.032ms
[158.014s][info   ][gc          ] GC(38) Concurrent weak roots 0.390ms
[158.014s][info   ][gc          ] GC(38) Concurrent cleanup 1448M->1448M(6144M) 0.056ms
[158.015s][info   ][gc          ] GC(38) Concurrent class unloading 0.703ms
[158.015s][info   ][gc          ] GC(38) Concurrent strong roots 0.066ms
[158.017s][info   ][gc          ] GC(38) Concurrent evacuation 2.017ms
[158.017s][info   ][gc          ] GC(38) Pause Init Update Refs 0.004ms
[158.017s][info   ][gc          ] GC(38) At start of update refs, moving 2048K to Mutator free partition from Collector Reserve
[159.841s][info   ][gc          ] GC(38) Concurrent update references 1823.592ms
[159.841s][info   ][gc          ] GC(38) Concurrent update thread roots 0.124ms
[159.841s][info   ][gc          ] GC(38) Pause Final Update Refs 0.107ms
[159.841s][info   ][gc          ] GC(38) Concurrent cleanup 1450M->1448M(6144M) 0.065ms
[159.841s][info   ][gc,metaspace] Metaspace: 11067K(11264K)->11067K(11264K) NonClass: 9327K(9472K)->9327K(9472K) Class: 1739K(1792K)->1739K(1792K)
[159.842s][info   ][gc          ] Trigger: GC request (System.gc())
[159.845s][info   ][gc          ] GC(39) Concurrent reset 2.353ms
[159.845s][info   ][gc          ] GC(39) Pause Init Mark (unload classes) 0.055ms
[159.845s][info   ][gc          ] GC(39) Concurrent marking roots 0.117ms
[162.618s][info   ][gc          ] GC(39) Concurrent marking (unload classes) 2773.348ms
[162.619s][info   ][gc          ] GC(39) Pause Final Mark (unload classes) 0.187ms
[162.619s][info   ][gc          ] GC(39) Concurrent thread roots 0.078ms
[162.619s][info   ][gc          ] GC(39) Concurrent weak references 0.049ms
[162.619s][info   ][gc          ] GC(39) Concurrent weak roots 0.379ms
[162.619s][info   ][gc          ] GC(39) Concurrent cleanup 1448M->1448M(6144M) 0.059ms
[162.620s][info   ][gc          ] GC(39) Concurrent class unloading 0.746ms
[162.620s][info   ][gc          ] GC(39) Concurrent strong roots 0.076ms
[162.622s][info   ][gc          ] GC(39) Concurrent evacuation 2.045ms
[162.622s][info   ][gc          ] GC(39) Pause Init Update Refs 0.004ms
[162.622s][info   ][gc          ] GC(39) At start of update refs, moving 2048K to Mutator free partition from Collector Reserve
[164.460s][info   ][gc          ] GC(39) Concurrent update references 1837.953ms
[164.460s][info   ][gc          ] GC(39) Concurrent update thread roots 0.131ms
[164.461s][info   ][gc          ] GC(39) Pause Final Update Refs 0.126ms
[164.461s][info   ][gc          ] GC(39) Concurrent cleanup 1450M->1448M(6144M) 0.065ms
[164.461s][info   ][gc,metaspace] Metaspace: 11067K(11264K)->11067K(11264K) NonClass: 9327K(9472K)->9327K(9472K) Class: 1739K(1792K)->1739K(1792K)
[164.462s][info   ][gc          ] Trigger: GC request (System.gc())
[164.464s][info   ][gc          ] GC(40) Concurrent reset 2.341ms
[164.464s][info   ][gc          ] GC(40) Pause Init Mark (unload classes) 0.052ms
[164.464s][info   ][gc          ] GC(40) Concurrent marking roots 0.100ms
[167.221s][info   ][gc          ] GC(40) Concurrent marking (unload classes) 2756.496ms
[167.221s][info   ][gc          ] GC(40) Pause Final Mark (unload classes) 0.217ms
[167.221s][info   ][gc          ] GC(40) Concurrent thread roots 0.079ms
[167.221s][info   ][gc          ] GC(40) Concurrent weak references 0.031ms
[167.222s][info   ][gc          ] GC(40) Concurrent weak roots 0.465ms
[167.222s][info   ][gc          ] GC(40) Concurrent cleanup 1448M->1448M(6144M) 0.059ms
[167.223s][info   ][gc          ] GC(40) Concurrent class unloading 0.767ms
[167.223s][info   ][gc          ] GC(40) Concurrent strong roots 0.049ms
[167.225s][info   ][gc          ] GC(40) Concurrent evacuation 2.102ms
[167.225s][info   ][gc          ] GC(40) Pause Init Update Refs 0.004ms
[167.225s][info   ][gc          ] GC(40) At start of update refs, moving 2048K to Mutator free partition from Collector Reserve
[169.095s][info   ][gc          ] GC(40) Concurrent update references 1869.817ms
[169.095s][info   ][gc          ] GC(40) Concurrent update thread roots 0.131ms
[169.095s][info   ][gc          ] GC(40) Pause Final Update Refs 0.117ms
[169.095s][info   ][gc          ] GC(40) Concurrent cleanup 1450M->1448M(6144M) 0.064ms
[169.095s][info   ][gc,metaspace] Metaspace: 11067K(11264K)->11067K(11264K) NonClass: 9327K(9472K)->9327K(9472K) Class: 1739K(1792K)->1739K(1792K)
[169.096s][info   ][gc          ] Trigger: GC request (System.gc())
[169.098s][info   ][gc          ] GC(41) Concurrent reset 2.337ms
[169.099s][info   ][gc          ] GC(41) Pause Init Mark (unload classes) 0.034ms
[169.099s][info   ][gc          ] GC(41) Concurrent marking roots 0.111ms
[171.900s][info   ][gc          ] GC(41) Concurrent marking (unload classes) 2800.899ms
[171.900s][info   ][gc          ] GC(41) Pause Final Mark (unload classes) 0.224ms
[171.900s][info   ][gc          ] GC(41) Concurrent thread roots 0.083ms
[171.900s][info   ][gc          ] GC(41) Concurrent weak references 0.048ms
[171.900s][info   ][gc          ] GC(41) Concurrent weak roots 0.408ms
[171.901s][info   ][gc          ] GC(41) Concurrent cleanup 1448M->1448M(6144M) 0.061ms
[171.901s][info   ][gc          ] GC(41) Concurrent class unloading 0.764ms
[171.901s][info   ][gc          ] GC(41) Concurrent strong roots 0.066ms
[171.903s][info   ][gc          ] GC(41) Concurrent evacuation 2.016ms
[171.903s][info   ][gc          ] GC(41) Pause Init Update Refs 0.004ms
[171.903s][info   ][gc          ] GC(41) At start of update refs, moving 2048K to Mutator free partition from Collector Reserve
[173.683s][info   ][gc          ] GC(41) Concurrent update references 1779.820ms
[173.683s][info   ][gc          ] GC(41) Concurrent update thread roots 0.120ms
[173.684s][info   ][gc          ] GC(41) Pause Final Update Refs 0.119ms
[173.684s][info   ][gc          ] GC(41) Concurrent cleanup 1450M->1448M(6144M) 0.062ms
[173.684s][info   ][gc,metaspace] Metaspace: 11067K(11264K)->11067K(11264K) NonClass: 9327K(9472K)->9327K(9472K) Class: 1739K(1792K)->1739K(1792K)
[173.685s][info   ][gc          ] Trigger: GC request (System.gc())
[173.687s][info   ][gc          ] GC(42) Concurrent reset 2.347ms
[173.687s][info   ][gc          ] GC(42) Pause Init Mark (unload classes) 0.042ms
[173.687s][info   ][gc          ] GC(42) Concurrent marking roots 0.101ms
[176.500s][info   ][gc          ] GC(42) Concurrent marking (unload classes) 2813.112ms
[176.501s][info   ][gc          ] GC(42) Pause Final Mark (unload classes) 0.193ms
[176.501s][info   ][gc          ] GC(42) Concurrent thread roots 0.092ms
[176.501s][info   ][gc          ] GC(42) Concurrent weak references 0.049ms
[176.501s][info   ][gc          ] GC(42) Concurrent weak roots 0.388ms
[176.501s][info   ][gc          ] GC(42) Concurrent cleanup 1448M->1448M(6144M) 0.052ms
[176.502s][info   ][gc          ] GC(42) Concurrent class unloading 0.768ms
[176.502s][info   ][gc          ] GC(42) Concurrent strong roots 0.065ms
[176.504s][info   ][gc          ] GC(42) Concurrent evacuation 2.016ms
[176.504s][info   ][gc          ] GC(42) Pause Init Update Refs 0.004ms
[176.504s][info   ][gc          ] GC(42) At start of update refs, moving 2048K to Mutator free partition from Collector Reserve
[178.375s][info   ][gc          ] GC(42) Concurrent update references 1871.024ms
[178.375s][info   ][gc          ] GC(42) Concurrent update thread roots 0.117ms
[178.376s][info   ][gc          ] GC(42) Pause Final Update Refs 0.097ms
[178.376s][info   ][gc          ] GC(42) Concurrent cleanup 1450M->1448M(6144M) 0.048ms
[178.376s][info   ][gc,metaspace] Metaspace: 11067K(11264K)->11067K(11264K) NonClass: 9327K(9472K)->9327K(9472K) Class: 1739K(1792K)->1739K(1792K)
[178.377s][info   ][gc          ] Trigger: GC request (System.gc())
[178.379s][info   ][gc          ] GC(43) Concurrent reset 2.536ms
[178.379s][info   ][gc          ] GC(43) Pause Init Mark (unload classes) 0.087ms
[178.380s][info   ][gc          ] GC(43) Concurrent marking roots 0.143ms
[181.137s][info   ][gc          ] GC(43) Concurrent marking (unload classes) 2757.569ms
[181.138s][info   ][gc          ] GC(43) Pause Final Mark (unload classes) 0.197ms
[181.138s][info   ][gc          ] GC(43) Concurrent thread roots 0.080ms
[181.138s][info   ][gc          ] GC(43) Concurrent weak references 0.054ms
[181.138s][info   ][gc          ] GC(43) Concurrent weak roots 0.450ms
[181.138s][info   ][gc          ] GC(43) Concurrent cleanup 1449M->1449M(6144M) 0.068ms
[181.139s][info   ][gc          ] GC(43) Concurrent class unloading 0.792ms
[181.139s][info   ][gc          ] GC(43) Concurrent strong roots 0.074ms
[181.141s][info   ][gc          ] GC(43) Concurrent evacuation 2.013ms
[181.141s][info   ][gc          ] GC(43) Pause Init Update Refs 0.004ms
[181.141s][info   ][gc          ] GC(43) At start of update refs, moving 2048K to Mutator free partition from Collector Reserve
[182.972s][info   ][gc          ] GC(43) Concurrent update references 1830.334ms
[182.972s][info   ][gc          ] GC(43) Concurrent update thread roots 0.129ms
[182.972s][info   ][gc          ] GC(43) Pause Final Update Refs 0.111ms
[182.972s][info   ][gc          ] GC(43) Concurrent cleanup 1451M->1449M(6144M) 0.055ms
[182.972s][info   ][gc,metaspace] Metaspace: 11067K(11264K)->11067K(11264K) NonClass: 9327K(9472K)->9327K(9472K) Class: 1739K(1792K)->1739K(1792K)
[182.973s][info   ][gc          ] Trigger: GC request (System.gc())
[182.976s][info   ][gc          ] GC(44) Concurrent reset 2.548ms
[182.976s][info   ][gc          ] GC(44) Pause Init Mark (unload classes) 0.075ms
[182.976s][info   ][gc          ] GC(44) Concurrent marking roots 0.132ms
[185.687s][info   ][gc          ] GC(44) Concurrent marking (unload classes) 2711.148ms
[185.687s][info   ][gc          ] GC(44) Pause Final Mark (unload classes) 0.182ms
[185.687s][info   ][gc          ] GC(44) Concurrent thread roots 0.060ms
[185.687s][info   ][gc          ] GC(44) Concurrent weak references 0.031ms
[185.688s][info   ][gc          ] GC(44) Concurrent weak roots 0.396ms
[185.688s][info   ][gc          ] GC(44) Concurrent cleanup 1449M->1449M(6144M) 0.054ms
[185.689s][info   ][gc          ] GC(44) Concurrent class unloading 0.804ms
[185.689s][info   ][gc          ] GC(44) Concurrent strong roots 0.076ms
[185.691s][info   ][gc          ] GC(44) Concurrent evacuation 1.970ms
[185.691s][info   ][gc          ] GC(44) Pause Init Update Refs 0.004ms
[185.691s][info   ][gc          ] GC(44) At start of update refs, moving 4096K to Mutator free partition from Collector Reserve
[187.520s][info   ][gc          ] GC(44) Concurrent update references 1828.933ms
[187.520s][info   ][gc          ] GC(44) Concurrent update thread roots 0.127ms
[187.520s][info   ][gc          ] GC(44) Pause Final Update Refs 0.102ms
[187.520s][info   ][gc          ] GC(44) Concurrent cleanup 1451M->1448M(6144M) 0.074ms
[187.520s][info   ][gc,metaspace] Metaspace: 11067K(11264K)->11067K(11264K) NonClass: 9327K(9472K)->9327K(9472K) Class: 1739K(1792K)->1739K(1792K)
[187.521s][info   ][gc          ] Trigger: GC request (System.gc())
[187.524s][info   ][gc          ] GC(45) Concurrent reset 2.337ms
[187.524s][info   ][gc          ] GC(45) Pause Init Mark (unload classes) 0.057ms
[187.524s][info   ][gc          ] GC(45) Concurrent marking roots 0.124ms
[190.281s][info   ][gc          ] GC(45) Concurrent marking (unload classes) 2756.885ms
[190.281s][info   ][gc          ] GC(45) Pause Final Mark (unload classes) 0.214ms
[190.281s][info   ][gc          ] GC(45) Concurrent thread roots 0.077ms
[190.281s][info   ][gc          ] GC(45) Concurrent weak references 0.026ms
[190.282s][info   ][gc          ] GC(45) Concurrent weak roots 0.408ms
[190.282s][info   ][gc          ] GC(45) Concurrent cleanup 1448M->1448M(6144M) 0.060ms
[190.283s][info   ][gc          ] GC(45) Concurrent class unloading 0.762ms
[190.283s][info   ][gc          ] GC(45) Concurrent strong roots 0.042ms
[190.285s][info   ][gc          ] GC(45) Concurrent evacuation 2.002ms
[190.285s][info   ][gc          ] GC(45) Pause Init Update Refs 0.004ms
[190.285s][info   ][gc          ] GC(45) At start of update refs, moving 2048K to Mutator free partition from Collector Reserve
[192.157s][info   ][gc          ] GC(45) Concurrent update references 1872.563ms
[192.157s][info   ][gc          ] GC(45) Concurrent update thread roots 0.129ms
[192.158s][info   ][gc          ] GC(45) Pause Final Update Refs 0.130ms
[192.158s][info   ][gc          ] GC(45) Concurrent cleanup 1450M->1448M(6144M) 0.072ms
[192.158s][info   ][gc,metaspace] Metaspace: 11067K(11264K)->11067K(11264K) NonClass: 9327K(9472K)->9327K(9472K) Class: 1739K(1792K)->1739K(1792K)
[192.159s][info   ][gc          ] Trigger: GC request (System.gc())
[192.161s][info   ][gc          ] GC(46) Concurrent reset 2.357ms
[192.161s][info   ][gc          ] GC(46) Pause Init Mark (unload classes) 0.046ms
[192.161s][info   ][gc          ] GC(46) Concurrent marking roots 0.110ms
[194.929s][info   ][gc          ] GC(46) Concurrent marking (unload classes) 2767.631ms
[194.929s][info   ][gc          ] GC(46) Pause Final Mark (unload classes) 0.200ms
[194.929s][info   ][gc          ] GC(46) Concurrent thread roots 0.060ms
[194.929s][info   ][gc          ] GC(46) Concurrent weak references 0.029ms
[194.930s][info   ][gc          ] GC(46) Concurrent weak roots 0.427ms
[194.930s][info   ][gc          ] GC(46) Concurrent cleanup 1448M->1448M(6144M) 0.059ms
[194.931s][info   ][gc          ] GC(46) Concurrent class unloading 0.804ms
[194.931s][info   ][gc          ] GC(46) Concurrent strong roots 0.076ms
[194.933s][info   ][gc          ] GC(46) Concurrent evacuation 2.028ms
[194.933s][info   ][gc          ] GC(46) Pause Init Update Refs 0.004ms
[194.933s][info   ][gc          ] GC(46) At start of update refs, moving 2048K to Mutator free partition from Collector Reserve
[196.717s][info   ][gc          ] GC(46) Concurrent update references 1784.383ms
[196.717s][info   ][gc          ] GC(46) Concurrent update thread roots 0.112ms
[196.718s][info   ][gc          ] GC(46) Pause Final Update Refs 0.113ms
[196.718s][info   ][gc          ] GC(46) Concurrent cleanup 1450M->1448M(6144M) 0.068ms
[196.718s][info   ][gc,metaspace] Metaspace: 11067K(11264K)->11067K(11264K) NonClass: 9327K(9472K)->9327K(9472K) Class: 1739K(1792K)->1739K(1792K)
[196.719s][info   ][gc          ] Trigger: GC request (System.gc())
[196.721s][info   ][gc          ] GC(47) Concurrent reset 2.350ms
[196.721s][info   ][gc          ] GC(47) Pause Init Mark (unload classes) 0.038ms
[196.721s][info   ][gc          ] GC(47) Concurrent marking roots 0.116ms
[199.479s][info   ][gc          ] GC(47) Concurrent marking (unload classes) 2757.733ms
[199.479s][info   ][gc          ] GC(47) Pause Final Mark (unload classes) 0.211ms
[199.480s][info   ][gc          ] GC(47) Concurrent thread roots 0.063ms
[199.480s][info   ][gc          ] GC(47) Concurrent weak references 0.030ms
[199.480s][info   ][gc          ] GC(47) Concurrent weak roots 0.447ms
[199.480s][info   ][gc          ] GC(47) Concurrent cleanup 1448M->1448M(6144M) 0.060ms
[199.481s][info   ][gc          ] GC(47) Concurrent class unloading 0.802ms
[199.481s][info   ][gc          ] GC(47) Concurrent strong roots 0.077ms
[199.483s][info   ][gc          ] GC(47) Concurrent evacuation 2.052ms
[199.483s][info   ][gc          ] GC(47) Pause Init Update Refs 0.004ms
[199.483s][info   ][gc          ] GC(47) At start of update refs, moving 2048K to Mutator free partition from Collector Reserve
[201.309s][info   ][gc          ] GC(47) Concurrent update references 1825.500ms
[201.309s][info   ][gc          ] GC(47) Concurrent update thread roots 0.127ms
[201.309s][info   ][gc          ] GC(47) Pause Final Update Refs 0.116ms
[201.309s][info   ][gc          ] GC(47) Concurrent cleanup 1450M->1448M(6144M) 0.059ms
[201.309s][info   ][gc,metaspace] Metaspace: 11067K(11264K)->11067K(11264K) NonClass: 9327K(9472K)->9327K(9472K) Class: 1739K(1792K)->1739K(1792K)
[201.310s][info   ][gc          ] Trigger: GC request (System.gc())
[201.312s][info   ][gc          ] GC(48) Concurrent reset 2.344ms
[201.313s][info   ][gc          ] GC(48) Pause Init Mark (unload classes) 0.030ms
[201.313s][info   ][gc          ] GC(48) Concurrent marking roots 0.108ms
[204.080s][info   ][gc          ] GC(48) Concurrent marking (unload classes) 2767.776ms
[204.081s][info   ][gc          ] GC(48) Pause Final Mark (unload classes) 0.204ms
[204.081s][info   ][gc          ] GC(48) Concurrent thread roots 0.080ms
[204.081s][info   ][gc          ] GC(48) Concurrent weak references 0.047ms
[204.081s][info   ][gc          ] GC(48) Concurrent weak roots 0.410ms
[204.081s][info   ][gc          ] GC(48) Concurrent cleanup 1448M->1448M(6144M) 0.068ms
[204.082s][info   ][gc          ] GC(48) Concurrent class unloading 0.761ms
[204.082s][info   ][gc          ] GC(48) Concurrent strong roots 0.066ms
[204.084s][info   ][gc          ] GC(48) Concurrent evacuation 1.947ms
[204.084s][info   ][gc          ] GC(48) Pause Init Update Refs 0.004ms
[204.084s][info   ][gc          ] GC(48) At start of update refs, moving 2048K to Mutator free partition from Collector Reserve
[205.911s][info   ][gc          ] GC(48) Concurrent update references 1826.556ms
[205.911s][info   ][gc          ] GC(48) Concurrent update thread roots 0.126ms
[205.911s][info   ][gc          ] GC(48) Pause Final Update Refs 0.116ms
[205.911s][info   ][gc          ] GC(48) Concurrent cleanup 1450M->1448M(6144M) 0.067ms
[205.911s][info   ][gc,metaspace] Metaspace: 11067K(11264K)->11067K(11264K) NonClass: 9327K(9472K)->9327K(9472K) Class: 1739K(1792K)->1739K(1792K)
[205.912s][info   ][gc          ] Trigger: GC request (System.gc())
[205.915s][info   ][gc          ] GC(49) Concurrent reset 2.353ms
[205.915s][info   ][gc          ] GC(49) Pause Init Mark (unload classes) 0.059ms
[205.915s][info   ][gc          ] GC(49) Concurrent marking roots 0.125ms
[208.637s][info   ][gc          ] GC(49) Concurrent marking (unload classes) 2722.110ms
[208.637s][info   ][gc          ] GC(49) Pause Final Mark (unload classes) 0.190ms
[208.637s][info   ][gc          ] GC(49) Concurrent thread roots 0.060ms
[208.637s][info   ][gc          ] GC(49) Concurrent weak references 0.029ms
[208.638s][info   ][gc          ] GC(49) Concurrent weak roots 0.403ms
[208.638s][info   ][gc          ] GC(49) Concurrent cleanup 1448M->1448M(6144M) 0.053ms
[208.639s][info   ][gc          ] GC(49) Concurrent class unloading 0.806ms
[208.639s][info   ][gc          ] GC(49) Concurrent strong roots 0.076ms
[208.641s][info   ][gc          ] GC(49) Concurrent evacuation 2.001ms
[208.641s][info   ][gc          ] GC(49) Pause Init Update Refs 0.004ms
[208.641s][info   ][gc          ] GC(49) At start of update refs, moving 2048K to Mutator free partition from Collector Reserve
[210.469s][info   ][gc          ] GC(49) Concurrent update references 1827.712ms
[210.469s][info   ][gc          ] GC(49) Concurrent update thread roots 0.126ms
[210.469s][info   ][gc          ] GC(49) Pause Final Update Refs 0.116ms
[210.469s][info   ][gc          ] GC(49) Concurrent cleanup 1450M->1448M(6144M) 0.060ms
[210.469s][info   ][gc,metaspace] Metaspace: 11067K(11264K)->11067K(11264K) NonClass: 9327K(9472K)->9327K(9472K) Class: 1739K(1792K)->1739K(1792K)
[210.470s][info   ][gc          ] Trigger: GC request (System.gc())
[210.472s][info   ][gc          ] GC(50) Concurrent reset 2.345ms
[210.473s][info   ][gc          ] GC(50) Pause Init Mark (unload classes) 0.031ms
[210.473s][info   ][gc          ] GC(50) Concurrent marking roots 0.149ms
[213.230s][info   ][gc          ] GC(50) Concurrent marking (unload classes) 2757.440ms
[213.230s][info   ][gc          ] GC(50) Pause Final Mark (unload classes) 0.203ms
[213.231s][info   ][gc          ] GC(50) Concurrent thread roots 0.068ms
[213.231s][info   ][gc          ] GC(50) Concurrent weak references 0.021ms
[213.231s][info   ][gc          ] GC(50) Concurrent weak roots 0.396ms
[213.231s][info   ][gc          ] GC(50) Concurrent cleanup 1448M->1448M(6144M) 0.070ms
[213.232s][info   ][gc          ] GC(50) Concurrent class unloading 0.733ms
[213.232s][info   ][gc          ] GC(50) Concurrent strong roots 0.077ms
[213.234s][info   ][gc          ] GC(50) Concurrent evacuation 1.974ms
[213.234s][info   ][gc          ] GC(50) Pause Init Update Refs 0.004ms
[213.234s][info   ][gc          ] GC(50) At start of update refs, moving 2048K to Mutator free partition from Collector Reserve
[215.057s][info   ][gc          ] GC(50) Concurrent update references 1823.395ms
[215.057s][info   ][gc          ] GC(50) Concurrent update thread roots 0.117ms
[215.058s][info   ][gc          ] GC(50) Pause Final Update Refs 0.146ms
[215.058s][info   ][gc          ] GC(50) Concurrent cleanup 1450M->1448M(6144M) 0.065ms
[215.058s][info   ][gc,metaspace] Metaspace: 11067K(11264K)->11067K(11264K) NonClass: 9327K(9472K)->9327K(9472K) Class: 1739K(1792K)->1739K(1792K)
[215.059s][info   ][gc          ] Trigger: GC request (System.gc())
[215.061s][info   ][gc          ] GC(51) Concurrent reset 2.357ms
[215.061s][info   ][gc          ] GC(51) Pause Init Mark (unload classes) 0.056ms
[215.061s][info   ][gc          ] GC(51) Concurrent marking roots 0.099ms
[217.889s][info   ][gc          ] GC(51) Concurrent marking (unload classes) 2827.584ms
[217.889s][info   ][gc          ] GC(51) Pause Final Mark (unload classes) 0.189ms
[217.889s][info   ][gc          ] GC(51) Concurrent thread roots 0.058ms
[217.889s][info   ][gc          ] GC(51) Concurrent weak references 0.030ms
[217.890s][info   ][gc          ] GC(51) Concurrent weak roots 0.401ms
[217.890s][info   ][gc          ] GC(51) Concurrent cleanup 1448M->1448M(6144M) 0.058ms
[217.891s][info   ][gc          ] GC(51) Concurrent class unloading 0.805ms
[217.891s][info   ][gc          ] GC(51) Concurrent strong roots 0.076ms
[217.893s][info   ][gc          ] GC(51) Concurrent evacuation 1.978ms
[217.893s][info   ][gc          ] GC(51) Pause Init Update Refs 0.004ms
[217.893s][info   ][gc          ] GC(51) At start of update refs, moving 2048K to Mutator free partition from Collector Reserve
[219.686s][info   ][gc          ] GC(51) Concurrent update references 1793.490ms
[219.687s][info   ][gc          ] GC(51) Concurrent update thread roots 0.117ms
[219.687s][info   ][gc          ] GC(51) Pause Final Update Refs 0.123ms
[219.687s][info   ][gc          ] GC(51) Concurrent cleanup 1450M->1448M(6144M) 0.066ms
[219.687s][info   ][gc,metaspace] Metaspace: 11067K(11264K)->11067K(11264K) NonClass: 9327K(9472K)->9327K(9472K) Class: 1739K(1792K)->1739K(1792K)
[219.688s][info   ][gc          ] Trigger: GC request (System.gc())
[219.690s][info   ][gc          ] GC(52) Concurrent reset 2.360ms
[219.690s][info   ][gc          ] GC(52) Pause Init Mark (unload classes) 0.058ms
[219.690s][info   ][gc          ] GC(52) Concurrent marking roots 0.097ms
[222.515s][info   ][gc          ] GC(52) Concurrent marking (unload classes) 2824.278ms
[222.515s][info   ][gc          ] GC(52) Pause Final Mark (unload classes) 0.203ms
[222.515s][info   ][gc          ] GC(52) Concurrent thread roots 0.092ms
[222.515s][info   ][gc          ] GC(52) Concurrent weak references 0.034ms
[222.516s][info   ][gc          ] GC(52) Concurrent weak roots 0.424ms
[222.516s][info   ][gc          ] GC(52) Concurrent cleanup 1448M->1448M(6144M) 0.058ms
[222.516s][info   ][gc          ] GC(52) Concurrent class unloading 0.764ms
[222.517s][info   ][gc          ] GC(52) Concurrent strong roots 0.067ms
[222.519s][info   ][gc          ] GC(52) Concurrent evacuation 2.031ms
[222.519s][info   ][gc          ] GC(52) Pause Init Update Refs 0.004ms
[222.519s][info   ][gc          ] GC(52) At start of update refs, moving 2048K to Mutator free partition from Collector Reserve
[224.392s][info   ][gc          ] GC(52) Concurrent update references 1873.572ms
[224.392s][info   ][gc          ] GC(52) Concurrent update thread roots 0.128ms
[224.393s][info   ][gc          ] GC(52) Pause Final Update Refs 0.099ms
[224.393s][info   ][gc          ] GC(52) Concurrent cleanup 1450M->1448M(6144M) 0.061ms
[224.393s][info   ][gc,metaspace] Metaspace: 11067K(11264K)->11067K(11264K) NonClass: 9327K(9472K)->9327K(9472K) Class: 1739K(1792K)->1739K(1792K)
[224.394s][info   ][gc          ] Trigger: GC request (System.gc())
[224.396s][info   ][gc          ] GC(53) Concurrent reset 2.451ms
[224.396s][info   ][gc          ] GC(53) Pause Init Mark (unload classes) 0.057ms
[224.396s][info   ][gc          ] GC(53) Concurrent marking roots 0.115ms
[227.206s][info   ][gc          ] GC(53) Concurrent marking (unload classes) 2809.244ms
[227.206s][info   ][gc          ] GC(53) Pause Final Mark (unload classes) 0.215ms
[227.206s][info   ][gc          ] GC(53) Concurrent thread roots 0.079ms
[227.206s][info   ][gc          ] GC(53) Concurrent weak references 0.042ms
[227.207s][info   ][gc          ] GC(53) Concurrent weak roots 0.393ms
[227.207s][info   ][gc          ] GC(53) Concurrent cleanup 1448M->1448M(6144M) 0.066ms
[227.207s][info   ][gc          ] GC(53) Concurrent class unloading 0.771ms
[227.207s][info   ][gc          ] GC(53) Concurrent strong roots 0.051ms
[227.209s][info   ][gc          ] GC(53) Concurrent evacuation 2.031ms
[227.210s][info   ][gc          ] GC(53) Pause Init Update Refs 0.004ms
[227.210s][info   ][gc          ] GC(53) At start of update refs, moving 2048K to Mutator free partition from Collector Reserve
[229.037s][info   ][gc          ] GC(53) Concurrent update references 1827.054ms
[229.037s][info   ][gc          ] GC(53) Concurrent update thread roots 0.129ms
[229.037s][info   ][gc          ] GC(53) Pause Final Update Refs 0.118ms
[229.037s][info   ][gc          ] GC(53) Concurrent cleanup 1450M->1448M(6144M) 0.072ms
[229.037s][info   ][gc,metaspace] Metaspace: 11067K(11264K)->11067K(11264K) NonClass: 9327K(9472K)->9327K(9472K) Class: 1739K(1792K)->1739K(1792K)
[229.038s][info   ][gc          ] Trigger: GC request (System.gc())
[229.040s][info   ][gc          ] GC(54) Concurrent reset 2.310ms
[229.041s][info   ][gc          ] GC(54) Pause Init Mark (unload classes) 0.035ms
[229.041s][info   ][gc          ] GC(54) Concurrent marking roots 0.111ms
[231.858s][info   ][gc          ] GC(54) Concurrent marking (unload classes) 2817.757ms
[231.859s][info   ][gc          ] GC(54) Pause Final Mark (unload classes) 0.194ms
[231.859s][info   ][gc          ] GC(54) Concurrent thread roots 0.084ms
[231.859s][info   ][gc          ] GC(54) Concurrent weak references 0.051ms
[231.859s][info   ][gc          ] GC(54) Concurrent weak roots 0.441ms
[231.859s][info   ][gc          ] GC(54) Concurrent cleanup 1448M->1448M(6144M) 0.062ms
[231.860s][info   ][gc          ] GC(54) Concurrent class unloading 0.780ms
[231.860s][info   ][gc          ] GC(54) Concurrent strong roots 0.067ms
[231.862s][info   ][gc          ] GC(54) Concurrent evacuation 1.997ms
[231.862s][info   ][gc          ] GC(54) Pause Init Update Refs 0.004ms
[231.862s][info   ][gc          ] GC(54) At start of update refs, moving 2048K to Mutator free partition from Collector Reserve
[233.647s][info   ][gc          ] GC(54) Concurrent update references 1784.217ms
[233.647s][info   ][gc          ] GC(54) Concurrent update thread roots 0.116ms
[233.647s][info   ][gc          ] GC(54) Pause Final Update Refs 0.141ms
[233.647s][info   ][gc          ] GC(54) Concurrent cleanup 1450M->1448M(6144M) 0.063ms
[233.647s][info   ][gc,metaspace] Metaspace: 11067K(11264K)->11067K(11264K) NonClass: 9327K(9472K)->9327K(9472K) Class: 1739K(1792K)->1739K(1792K)
[233.648s][info   ][gc          ] Trigger: GC request (System.gc())
[233.650s][info   ][gc          ] GC(55) Concurrent reset 2.358ms
[233.650s][info   ][gc          ] GC(55) Pause Init Mark (unload classes) 0.031ms
[233.651s][info   ][gc          ] GC(55) Concurrent marking roots 0.115ms
[236.420s][info   ][gc          ] GC(55) Concurrent marking (unload classes) 2769.847ms
[236.421s][info   ][gc          ] GC(55) Pause Final Mark (unload classes) 0.231ms
[236.421s][info   ][gc          ] GC(55) Concurrent thread roots 0.084ms
[236.421s][info   ][gc          ] GC(55) Concurrent weak references 0.048ms
[236.421s][info   ][gc          ] GC(55) Concurrent weak roots 0.429ms
[236.421s][info   ][gc          ] GC(55) Concurrent cleanup 1448M->1448M(6144M) 0.057ms
[236.422s][info   ][gc          ] GC(55) Concurrent class unloading 0.763ms
[236.422s][info   ][gc          ] GC(55) Concurrent strong roots 0.070ms
[236.424s][info   ][gc          ] GC(55) Concurrent evacuation 2.062ms
[236.424s][info   ][gc          ] GC(55) Pause Init Update Refs 0.004ms
[236.424s][info   ][gc          ] GC(55) At start of update refs, moving 2048K to Mutator free partition from Collector Reserve
[238.264s][info   ][gc          ] GC(55) Concurrent update references 1839.836ms
[238.264s][info   ][gc          ] GC(55) Concurrent update thread roots 0.119ms
[238.265s][info   ][gc          ] GC(55) Pause Final Update Refs 0.116ms
[238.265s][info   ][gc          ] GC(55) Concurrent cleanup 1450M->1448M(6144M) 0.072ms
[238.265s][info   ][gc,metaspace] Metaspace: 11067K(11264K)->11067K(11264K) NonClass: 9327K(9472K)->9327K(9472K) Class: 1739K(1792K)->1739K(1792K)
[238.266s][info   ][gc          ] Trigger: GC request (System.gc())
[238.268s][info   ][gc          ] GC(56) Concurrent reset 2.355ms
[238.268s][info   ][gc          ] GC(56) Pause Init Mark (unload classes) 0.041ms
[238.268s][info   ][gc          ] GC(56) Concurrent marking roots 0.110ms
[241.026s][info   ][gc          ] GC(56) Concurrent marking (unload classes) 2757.418ms
[241.026s][info   ][gc          ] GC(56) Pause Final Mark (unload classes) 0.189ms
[241.026s][info   ][gc          ] GC(56) Concurrent thread roots 0.075ms
[241.026s][info   ][gc          ] GC(56) Concurrent weak references 0.019ms
[241.027s][info   ][gc          ] GC(56) Concurrent weak roots 0.378ms
[241.027s][info   ][gc          ] GC(56) Concurrent cleanup 1449M->1449M(6144M) 0.067ms
[241.027s][info   ][gc          ] GC(56) Concurrent class unloading 0.772ms
[241.028s][info   ][gc          ] GC(56) Concurrent strong roots 0.064ms
[241.029s][info   ][gc          ] GC(56) Concurrent evacuation 1.938ms
[241.029s][info   ][gc          ] GC(56) Pause Init Update Refs 0.004ms
[241.030s][info   ][gc          ] GC(56) At start of update refs, moving 2048K to Mutator free partition from Collector Reserve
[242.854s][info   ][gc          ] GC(56) Concurrent update references 1824.461ms
[242.854s][info   ][gc          ] GC(56) Concurrent update thread roots 0.127ms
[242.854s][info   ][gc          ] GC(56) Pause Final Update Refs 0.108ms
[242.854s][info   ][gc          ] GC(56) Concurrent cleanup 1451M->1449M(6144M) 0.063ms
[242.854s][info   ][gc,metaspace] Metaspace: 11067K(11264K)->11067K(11264K) NonClass: 9327K(9472K)->9327K(9472K) Class: 1739K(1792K)->1739K(1792K)
[242.855s][info   ][gc          ] Trigger: GC request (System.gc())
[242.858s][info   ][gc          ] GC(57) Concurrent reset 2.368ms
[242.858s][info   ][gc          ] GC(57) Pause Init Mark (unload classes) 0.055ms
[242.858s][info   ][gc          ] GC(57) Concurrent marking roots 0.116ms
[245.634s][info   ][gc          ] GC(57) Concurrent marking (unload classes) 2775.838ms
[245.634s][info   ][gc          ] GC(57) Pause Final Mark (unload classes) 0.215ms
[245.634s][info   ][gc          ] GC(57) Concurrent thread roots 0.075ms
[245.634s][info   ][gc          ] GC(57) Concurrent weak references 0.040ms
[245.635s][info   ][gc          ] GC(57) Concurrent weak roots 0.407ms
[245.635s][info   ][gc          ] GC(57) Concurrent cleanup 1449M->1449M(6144M) 0.063ms
[245.636s][info   ][gc          ] GC(57) Concurrent class unloading 0.773ms
[245.636s][info   ][gc          ] GC(57) Concurrent strong roots 0.074ms
[245.638s][info   ][gc          ] GC(57) Concurrent evacuation 1.927ms
[245.638s][info   ][gc          ] GC(57) Pause Init Update Refs 0.004ms
[245.638s][info   ][gc          ] GC(57) At start of update refs, moving 4096K to Mutator free partition from Collector Reserve
[247.477s][info   ][gc          ] GC(57) Concurrent update references 1839.385ms
[247.477s][info   ][gc          ] GC(57) Concurrent update thread roots 0.148ms
[247.477s][info   ][gc          ] GC(57) Pause Final Update Refs 0.104ms
[247.478s][info   ][gc          ] GC(57) Concurrent cleanup 1451M->1448M(6144M) 0.068ms
[247.478s][info   ][gc,metaspace] Metaspace: 11067K(11264K)->11067K(11264K) NonClass: 9327K(9472K)->9327K(9472K) Class: 1739K(1792K)->1739K(1792K)
[247.479s][info   ][gc          ] Trigger: GC request (System.gc())
[247.481s][info   ][gc          ] GC(58) Concurrent reset 2.352ms
[247.481s][info   ][gc          ] GC(58) Pause Init Mark (unload classes) 0.051ms
[247.481s][info   ][gc          ] GC(58) Concurrent marking roots 0.107ms
[250.238s][info   ][gc          ] GC(58) Concurrent marking (unload classes) 2757.023ms
[250.239s][info   ][gc          ] GC(58) Pause Final Mark (unload classes) 0.190ms
[250.239s][info   ][gc          ] GC(58) Concurrent thread roots 0.083ms
[250.239s][info   ][gc          ] GC(58) Concurrent weak references 0.056ms
[250.239s][info   ][gc          ] GC(58) Concurrent weak roots 0.462ms
[250.239s][info   ][gc          ] GC(58) Concurrent cleanup 1448M->1448M(6144M) 0.064ms
[250.240s][info   ][gc          ] GC(58) Concurrent class unloading 0.728ms
[250.240s][info   ][gc          ] GC(58) Concurrent strong roots 0.074ms
[250.242s][info   ][gc          ] GC(58) Concurrent evacuation 2.000ms
[250.242s][info   ][gc          ] GC(58) Pause Init Update Refs 0.004ms
[250.242s][info   ][gc          ] GC(58) At start of update refs, moving 2048K to Mutator free partition from Collector Reserve
[252.067s][info   ][gc          ] GC(58) Concurrent update references 1824.621ms
[252.067s][info   ][gc          ] GC(58) Concurrent update thread roots 0.128ms
[252.067s][info   ][gc          ] GC(58) Pause Final Update Refs 0.114ms
[252.067s][info   ][gc          ] GC(58) Concurrent cleanup 1450M->1448M(6144M) 0.084ms
[252.067s][info   ][gc,metaspace] Metaspace: 11067K(11264K)->11067K(11264K) NonClass: 9327K(9472K)->9327K(9472K) Class: 1739K(1792K)->1739K(1792K)
[252.068s][info   ][gc          ] Trigger: GC request (System.gc())
[252.071s][info   ][gc          ] GC(59) Concurrent reset 2.377ms
[252.071s][info   ][gc          ] GC(59) Pause Init Mark (unload classes) 0.058ms
[252.071s][info   ][gc          ] GC(59) Concurrent marking roots 0.117ms
[254.828s][info   ][gc          ] GC(59) Concurrent marking (unload classes) 2757.017ms
[254.828s][info   ][gc          ] GC(59) Pause Final Mark (unload classes) 0.200ms
[254.828s][info   ][gc          ] GC(59) Concurrent thread roots 0.069ms
[254.828s][info   ][gc          ] GC(59) Concurrent weak references 0.042ms
[254.829s][info   ][gc          ] GC(59) Concurrent weak roots 0.420ms
[254.829s][info   ][gc          ] GC(59) Concurrent cleanup 1448M->1448M(6144M) 0.061ms
[254.830s][info   ][gc          ] GC(59) Concurrent class unloading 0.809ms
[254.830s][info   ][gc          ] GC(59) Concurrent strong roots 0.084ms
[254.832s][info   ][gc          ] GC(59) Concurrent evacuation 2.024ms
[254.832s][info   ][gc          ] GC(59) Pause Init Update Refs 0.004ms
[254.832s][info   ][gc          ] GC(59) At start of update refs, moving 2048K to Mutator free partition from Collector Reserve
[256.626s][info   ][gc          ] GC(59) Concurrent update references 1793.692ms
[256.626s][info   ][gc          ] GC(59) Concurrent update thread roots 0.133ms
[256.626s][info   ][gc          ] GC(59) Pause Final Update Refs 0.117ms
[256.626s][info   ][gc          ] GC(59) Concurrent cleanup 1450M->1448M(6144M) 0.057ms
[256.626s][info   ][gc,metaspace] Metaspace: 11067K(11264K)->11067K(11264K) NonClass: 9327K(9472K)->9327K(9472K) Class: 1739K(1792K)->1739K(1792K)
After GCs... 
[256.633s][info   ][gc          ] Cancelling GC: Stopping VM
