[0.001s][warning][pagesize] UseLargePages disabled, no large pages configured and available on the system.
[0.001s][info   ][gc      ] Min heap equals to max heap, disabling ShenandoahUncommit
[0.001s][info   ][metaspace]  - commit_granule_bytes: 65536.
[0.001s][info   ][metaspace]  - commit_granule_words: 8192.
[0.001s][info   ][metaspace]  - virtual_space_node_default_size: 8388608.
[0.001s][info   ][metaspace]  - enlarge_chunks_in_place: 1.
[0.001s][info   ][metaspace]  - use_allocation_guard: 0.
[0.003s][info   ][gc       ] Heuristics ergonomically sets -XX:+ExplicitGCInvokesConcurrent
[0.003s][info   ][gc       ] Heuristics ergonomically sets -XX:+ShenandoahImplicitGCInvokesConcurrent
[0.003s][info   ][gc       ] Using Shenandoah
[0.392s][info   ][metaspace] Reserving compressed class space anywhere
[0.392s][info   ][gc,metaspace] CDS archive(s) not mapped
[0.392s][info   ][gc,metaspace] Compressed class space mapped at: 0x000000001d000000-0x00000000dd000000, reserved size: 3221225472
[0.392s][info   ][gc,metaspace] UseCompressedClassPointers 1, UseCompactObjectHeaders 1, narrow klass pointer bits 22, max shift 10
[0.392s][info   ][gc,metaspace] Narrow klass base: 0x000000001d000000, Narrow klass shift: 10, Narrow klass range: 0xc0000000
Random Seed: 12345678
Num Classes: 16
Num Objects: 67108864
Percent IK Objects: 83.0%)
Percent OAK Objects: 5.0%)
Percent TAK Objects: 12.0%)
Cycles: 50
Loading 16 pre-generated classes ...
Materialize pre-generated constructors ...
Creating objects...
[0.643s][info   ][gc          ] Trigger: GC request (System.gc())
[0.643s][info   ][gc          ] GC(0) Concurrent reset 0.152ms
[0.643s][info   ][gc          ] GC(0) Pause Init Mark (unload classes) 0.040ms
[0.644s][info   ][gc          ] GC(0) Concurrent marking roots 0.322ms
[0.645s][info   ][gc          ] GC(0) Concurrent marking (unload classes) 1.848ms
[0.646s][info   ][gc          ] GC(0) Pause Final Mark (unload classes) 0.113ms
[0.646s][info   ][gc          ] GC(0) Concurrent thread roots 0.077ms
[0.646s][info   ][gc          ] GC(0) Concurrent weak references 0.056ms
[0.646s][info   ][gc          ] GC(0) Concurrent weak roots 0.633ms
[0.646s][info   ][gc          ] GC(0) Concurrent cleanup 16M->16M(6144M) 0.035ms
[0.648s][info   ][metaspace   ] ChkMgr @0x00007f352411a870 (non-class-space): : reclaiming memory...
[0.648s][info   ][metaspace   ] ChkMgr @0x00007f352411a870 (non-class-space): nothing reclaimed.
[0.648s][info   ][metaspace   ] ChkMgr @0x00007f352411a680 (class-space): : reclaiming memory...
[0.648s][info   ][metaspace   ] ChkMgr @0x00007f352411a680 (class-space): nothing reclaimed.
[0.648s][info   ][gc          ] GC(0) Concurrent class unloading 1.364ms
[0.648s][info   ][gc          ] GC(0) Concurrent strong roots 0.204ms
[0.649s][info   ][gc          ] GC(0) Concurrent evacuation 1.282ms
[0.649s][info   ][gc          ] GC(0) Pause Init Update Refs 0.006ms
[0.649s][info   ][gc          ] GC(0) At start of update refs, moving 14336K to Mutator free partition from Collector Reserve
[0.651s][info   ][gc          ] GC(0) Concurrent update references 1.205ms
[0.651s][info   ][gc          ] GC(0) Concurrent update thread roots 0.075ms
[0.651s][info   ][gc          ] GC(0) Pause Final Update Refs 0.066ms
[0.651s][info   ][gc          ] GC(0) Concurrent cleanup 18M->4M(6144M) 0.038ms
[0.651s][info   ][gc,metaspace] Metaspace: 11063K(11200K)->11053K(11200K) NonClass: 9321K(9408K)->9314K(9408K) Class: 1742K(1792K)->1738K(1792K)
[1.586s][info   ][gc          ] Trigger: Learning 2 of 5. Free (4300M) is below initial threshold (4300M)
[1.586s][info   ][gc          ] GC(1) Concurrent reset 0.217ms
[1.586s][info   ][gc          ] GC(1) Pause Init Mark (unload classes) 0.036ms
[1.587s][info   ][gc          ] GC(1) Concurrent marking roots 0.147ms
[2.046s][info   ][gc          ] GC(1) Concurrent marking (unload classes) 459.450ms
[2.046s][info   ][gc          ] GC(1) Pause Final Mark (unload classes) 0.191ms
[2.047s][info   ][gc          ] GC(1) Concurrent thread roots 0.077ms
[2.047s][info   ][gc          ] GC(1) Concurrent weak references 0.040ms
[2.047s][info   ][gc          ] GC(1) Concurrent weak roots 0.403ms
[2.047s][info   ][gc          ] GC(1) Concurrent cleanup 2319M->2319M(6144M) 0.035ms
[2.048s][info   ][gc          ] GC(1) Concurrent class unloading 0.655ms
[2.048s][info   ][gc          ] GC(1) Concurrent strong roots 0.058ms
[2.287s][info   ][gc          ] GC(1) Concurrent evacuation 239.287ms
[2.287s][info   ][gc          ] GC(1) Pause Init Update Refs 0.007ms
[2.287s][info   ][gc          ] GC(1) At start of update refs, moving 172M to Mutator free partition from Collector Reserve
[2.837s][info   ][gc          ] GC(1) Concurrent update references 549.536ms
[2.837s][info   ][gc          ] GC(1) Concurrent update thread roots 0.121ms
[2.837s][info   ][gc          ] GC(1) Pause Final Update Refs 0.094ms
[2.837s][info   ][gc          ] GC(1) Concurrent cleanup 3694M->2418M(6144M) 0.061ms
[2.837s][info   ][gc,metaspace] Metaspace: 11113K(11264K)->11113K(11264K) NonClass: 9365K(9472K)->9365K(9472K) Class: 1748K(1792K)->1748K(1792K)
[2.838s][info   ][gc          ] Trigger: Learning 3 of 5. Free (3413M) is below initial threshold (4300M)
[2.841s][info   ][gc          ] GC(2) Concurrent reset 3.054ms
[2.841s][info   ][gc          ] GC(2) Pause Init Mark (unload classes) 0.042ms
[2.842s][info   ][gc          ] GC(2) Concurrent marking roots 0.105ms
[4.336s][info   ][gc          ] GC(2) Concurrent marking (unload classes) 1494.044ms
[4.336s][info   ][gc          ] GC(2) Pause Final Mark (unload classes) 0.236ms
[4.336s][info   ][gc          ] GC(2) Concurrent thread roots 0.055ms
[4.336s][info   ][gc          ] GC(2) Concurrent weak references 0.027ms
[4.337s][info   ][gc          ] GC(2) Concurrent weak roots 0.507ms
[4.337s][info   ][gc          ] GC(2) Concurrent cleanup 3790M->3791M(6144M) 0.034ms
[4.337s][info   ][gc          ] GC(2) Concurrent class unloading 0.518ms
[4.337s][info   ][gc          ] GC(2) Concurrent strong roots 0.060ms
[4.835s][info   ][gc          ] GC(2) Concurrent evacuation 498.132ms
[4.835s][info   ][gc          ] GC(2) Pause Init Update Refs 0.007ms
[4.835s][info   ][gc          ] GC(2) At start of update refs, moving 112M to Mutator free partition from Collector Reserve
[5.792s][info   ][gc          ] GC(2) Concurrent update references 956.927ms
[5.793s][info   ][gc          ] GC(2) Concurrent update thread roots 0.127ms
[5.793s][info   ][gc          ] GC(2) Pause Final Update Refs 0.101ms
[5.793s][info   ][gc          ] GC(2) Concurrent cleanup 5657M->3624M(6144M) 0.088ms
[5.793s][info   ][gc,metaspace] Metaspace: 11113K(11264K)->11113K(11264K) NonClass: 9365K(9472K)->9365K(9472K) Class: 1748K(1792K)->1748K(1792K)
[5.794s][info   ][gc          ] Trigger: Learning 4 of 5. Free (2208M) is below initial threshold (4300M)
[5.800s][info   ][gc          ] GC(3) Concurrent reset 5.249ms
[5.800s][info   ][gc          ] GC(3) Pause Init Mark (unload classes) 0.036ms
[5.800s][info   ][gc          ] GC(3) Concurrent marking roots 0.130ms
[7.052s][info   ][gc          ] Failed to allocate TLAB, 775K
[7.053s][info   ][gc          ] Cancelling GC: Allocation Failure
[7.053s][info   ][gc          ] GC(3) Concurrent marking (unload classes) 1252.635ms
[7.053s][info   ][gc,metaspace] Metaspace: 11113K(11264K)->11113K(11264K) NonClass: 9365K(9472K)->9365K(9472K) Class: 1748K(1792K)->1748K(1792K)
[7.054s][info   ][gc          ] Trigger: Handle Allocation Failure
[8.000s][info   ][gc          ] GC(4) Pause Degenerated GC (Mark) 5834M->3304M(6144M) 945.770ms
[8.000s][info   ][gc,metaspace] Metaspace: 11113K(11264K)->11113K(11264K) NonClass: 9365K(9472K)->9365K(9472K) Class: 1748K(1792K)->1748K(1792K)
[8.001s][info   ][gc          ] Trigger: Learning 4 of 5. Free (2528M) is below initial threshold (4300M)
[8.008s][info   ][gc          ] GC(5) Concurrent reset 7.676ms
[8.009s][info   ][gc          ] GC(5) Pause Init Mark (unload classes) 0.041ms
[8.009s][info   ][gc          ] GC(5) Concurrent marking roots 0.128ms
[9.511s][info   ][gc          ] Failed to allocate TLAB, 887K
[9.511s][info   ][gc          ] Cancelling GC: Allocation Failure
[9.512s][info   ][gc          ] GC(5) Concurrent marking (unload classes) 1502.840ms
[9.512s][info   ][gc,metaspace] Metaspace: 11113K(11264K)->11113K(11264K) NonClass: 9365K(9472K)->9365K(9472K) Class: 1748K(1792K)->1748K(1792K)
[9.513s][info   ][gc          ] Trigger: Handle Allocation Failure
[10.626s][info   ][gc          ] GC(6) Pause Degenerated GC (Mark) 5834M->3590M(6144M) 1113.734ms
[10.627s][info   ][gc,metaspace] Metaspace: 11113K(11264K)->11113K(11264K) NonClass: 9365K(9472K)->9365K(9472K) Class: 1748K(1792K)->1748K(1792K)
[10.628s][info   ][gc          ] Trigger: Learning 4 of 5. Free (2242M) is below initial threshold (4300M)
[10.635s][info   ][gc          ] GC(7) Concurrent reset 7.006ms
[10.635s][info   ][gc          ] GC(7) Pause Init Mark (unload classes) 0.054ms
[10.635s][info   ][gc          ] GC(7) Concurrent marking roots 0.092ms
67108864 Objects created
 - IK: 55699211 (82.99829%)
 - OAK: 3355627 (5.0002737%)
 - TAK: 8054026 (12.001434%)
Preparatory GC...
[13.357s][info   ][gc          ] GC(7) Concurrent marking (unload classes) 2722.218ms
[13.357s][info   ][gc          ] GC(7) Pause Final Mark (unload classes) 0.252ms
[13.358s][info   ][gc          ] GC(7) Concurrent thread roots 0.162ms
[13.358s][info   ][gc          ] GC(7) Concurrent weak references 0.040ms
[13.358s][info   ][gc          ] GC(7) Concurrent weak roots 0.383ms
[13.358s][info   ][gc          ] GC(7) Concurrent cleanup 5176M->5176M(6144M) 0.036ms
[13.359s][info   ][gc          ] GC(7) Concurrent class unloading 0.765ms
[13.359s][info   ][gc          ] GC(7) Concurrent strong roots 0.047ms
[13.776s][info   ][gc          ] GC(7) Concurrent evacuation 416.675ms
[13.776s][info   ][gc          ] GC(7) Pause Init Update Refs 0.006ms
[13.776s][info   ][gc          ] GC(7) At start of update refs, moving 75776K to Mutator free partition from Collector Reserve
[15.824s][info   ][gc          ] GC(7) Concurrent update references 2048.489ms
[15.824s][info   ][gc          ] GC(7) Concurrent update thread roots 0.127ms
[15.824s][info   ][gc          ] GC(7) Pause Final Update Refs 0.093ms
[15.825s][info   ][gc          ] GC(7) Concurrent cleanup 5410M->2876M(6144M) 0.091ms
[15.825s][info   ][gc,metaspace] Metaspace: 11113K(11264K)->11113K(11264K) NonClass: 9365K(9472K)->9365K(9472K) Class: 1748K(1792K)->1748K(1792K)
[15.826s][info   ][gc          ] Trigger: GC request (System.gc())
[15.832s][info   ][gc          ] GC(8) Concurrent reset 6.019ms
[15.832s][info   ][gc          ] GC(8) Pause Init Mark (unload classes) 0.038ms
[15.832s][info   ][gc          ] GC(8) Concurrent marking roots 0.135ms
[18.718s][info   ][gc          ] GC(8) Concurrent marking (unload classes) 2886.131ms
[18.718s][info   ][gc          ] GC(8) Pause Final Mark (unload classes) 0.233ms
[18.719s][info   ][gc          ] GC(8) Concurrent thread roots 0.087ms
[18.719s][info   ][gc          ] GC(8) Concurrent weak references 0.031ms
[18.719s][info   ][gc          ] GC(8) Concurrent weak roots 0.438ms
[18.719s][info   ][gc          ] GC(8) Concurrent cleanup 2876M->2876M(6144M) 0.039ms
[18.721s][info   ][metaspace   ] ChkMgr @0x00007f352411a870 (non-class-space): : reclaiming memory...
[18.721s][info   ][metaspace   ] ChkMgr @0x00007f352411a870 (non-class-space): nothing reclaimed.
[18.721s][info   ][metaspace   ] ChkMgr @0x00007f352411a680 (class-space): : reclaiming memory...
[18.721s][info   ][metaspace   ] ChkMgr @0x00007f352411a680 (class-space): nothing reclaimed.
[18.721s][info   ][gc          ] GC(8) Concurrent class unloading 1.701ms
[18.721s][info   ][gc          ] GC(8) Concurrent strong roots 0.036ms
[18.980s][info   ][gc          ] GC(8) Concurrent evacuation 259.289ms
[18.980s][info   ][gc          ] GC(8) Pause Init Update Refs 0.006ms
[18.980s][info   ][gc          ] GC(8) At start of update refs, moving 162M to Mutator free partition from Collector Reserve
[20.742s][info   ][gc          ] GC(8) Concurrent update references 1761.405ms
[20.742s][info   ][gc          ] GC(8) Concurrent update thread roots 0.115ms
[20.742s][info   ][gc          ] GC(8) Pause Final Update Refs 0.102ms
[20.742s][info   ][gc          ] GC(8) Concurrent cleanup 3022M->1448M(6144M) 0.064ms
[20.742s][info   ][gc,metaspace] Metaspace: 11113K(11264K)->11062K(11264K) NonClass: 9365K(9472K)->9322K(9472K) Class: 1748K(1792K)->1739K(1792K)
[20.743s][info   ][gc          ] Trigger: GC request (System.gc())
[20.748s][info   ][gc          ] GC(9) Concurrent reset 4.792ms
[20.748s][info   ][gc          ] GC(9) Pause Init Mark (unload classes) 0.029ms
[20.748s][info   ][gc          ] GC(9) Concurrent marking roots 0.195ms
[23.573s][info   ][gc          ] GC(9) Concurrent marking (unload classes) 2824.844ms
[23.573s][info   ][gc          ] GC(9) Pause Final Mark (unload classes) 0.159ms
[23.573s][info   ][gc          ] GC(9) Concurrent thread roots 0.080ms
[23.573s][info   ][gc          ] GC(9) Concurrent weak references 0.025ms
[23.574s][info   ][gc          ] GC(9) Concurrent weak roots 0.389ms
[23.574s][info   ][gc          ] GC(9) Concurrent cleanup 1448M->1448M(6144M) 0.041ms
[23.575s][info   ][gc          ] GC(9) Concurrent class unloading 0.601ms
[23.575s][info   ][gc          ] GC(9) Concurrent strong roots 0.060ms
[23.576s][info   ][gc          ] GC(9) Concurrent evacuation 1.203ms
[23.576s][info   ][gc          ] GC(9) Pause Init Update Refs 0.004ms
[23.576s][info   ][gc          ] GC(9) At start of update refs, moving 2048K to Mutator free partition from Collector Reserve
[25.279s][info   ][gc          ] GC(9) Concurrent update references 1703.093ms
[25.279s][info   ][gc          ] GC(9) Concurrent update thread roots 0.116ms
[25.279s][info   ][gc          ] GC(9) Pause Final Update Refs 0.086ms
[25.279s][info   ][gc          ] GC(9) Concurrent cleanup 1448M->1446M(6144M) 0.043ms
[25.279s][info   ][gc,metaspace] Metaspace: 11062K(11264K)->11062K(11264K) NonClass: 9322K(9472K)->9322K(9472K) Class: 1739K(1792K)->1739K(1792K)
Done; will start GCs... 
[25.280s][info   ][gc          ] Trigger: GC request (System.gc())
[25.283s][info   ][gc          ] GC(10) Concurrent reset 2.430ms
[25.283s][info   ][gc          ] GC(10) Pause Init Mark (unload classes) 0.035ms
[25.283s][info   ][gc          ] GC(10) Concurrent marking roots 0.173ms
[28.108s][info   ][gc          ] GC(10) Concurrent marking (unload classes) 2824.892ms
[28.108s][info   ][gc          ] GC(10) Pause Final Mark (unload classes) 0.154ms
[28.108s][info   ][gc          ] GC(10) Concurrent weak references 0.027ms
[28.109s][info   ][gc          ] GC(10) Concurrent weak roots 0.405ms
[28.109s][info   ][gc          ] GC(10) Concurrent cleanup 1448M->1446M(6144M) 0.041ms
[28.109s][info   ][gc          ] GC(10) Concurrent class unloading 0.599ms
[28.109s][info   ][gc          ] GC(10) Pause Final Roots 0.002ms
[28.110s][info   ][gc,metaspace] Metaspace: 11062K(11264K)->11062K(11264K) NonClass: 9322K(9472K)->9322K(9472K) Class: 1739K(1792K)->1739K(1792K)
[28.111s][info   ][gc          ] Trigger: GC request (System.gc())
[28.113s][info   ][gc          ] GC(11) Concurrent reset 2.443ms
[28.113s][info   ][gc          ] GC(11) Pause Init Mark (unload classes) 0.030ms
[28.113s][info   ][gc          ] GC(11) Concurrent marking roots 0.104ms
[30.938s][info   ][gc          ] GC(11) Concurrent marking (unload classes) 2825.160ms
[30.939s][info   ][gc          ] GC(11) Pause Final Mark (unload classes) 0.171ms
[30.939s][info   ][gc          ] GC(11) Concurrent weak references 0.033ms
[30.940s][info   ][gc          ] GC(11) Concurrent weak roots 0.419ms
[30.940s][info   ][gc          ] GC(11) Concurrent cleanup 1446M->1446M(6144M) 0.036ms
[30.941s][info   ][gc          ] GC(11) Concurrent class unloading 0.782ms
[30.941s][info   ][gc          ] GC(11) Pause Final Roots 0.002ms
[30.941s][info   ][gc,metaspace] Metaspace: 11062K(11264K)->11062K(11264K) NonClass: 9322K(9472K)->9322K(9472K) Class: 1739K(1792K)->1739K(1792K)
[30.943s][info   ][gc          ] Trigger: GC request (System.gc())
[30.945s][info   ][gc          ] GC(12) Concurrent reset 2.430ms
[30.945s][info   ][gc          ] GC(12) Pause Init Mark (unload classes) 0.046ms
[30.945s][info   ][gc          ] GC(12) Concurrent marking roots 0.125ms
[33.818s][info   ][gc          ] GC(12) Concurrent marking (unload classes) 2872.187ms
[33.818s][info   ][gc          ] GC(12) Pause Final Mark (unload classes) 0.166ms
[33.818s][info   ][gc          ] GC(12) Concurrent weak references 0.022ms
[33.818s][info   ][gc          ] GC(12) Concurrent weak roots 0.441ms
[33.818s][info   ][gc          ] GC(12) Concurrent cleanup 1446M->1446M(6144M) 0.047ms
[33.819s][info   ][gc          ] GC(12) Concurrent class unloading 0.552ms
[33.819s][info   ][gc          ] GC(12) Pause Final Roots 0.002ms
[33.819s][info   ][gc,metaspace] Metaspace: 11062K(11264K)->11062K(11264K) NonClass: 9322K(9472K)->9322K(9472K) Class: 1739K(1792K)->1739K(1792K)
[33.823s][info   ][gc          ] Trigger: GC request (System.gc())
[33.826s][info   ][gc          ] GC(13) Concurrent reset 2.455ms
[33.826s][info   ][gc          ] GC(13) Pause Init Mark (unload classes) 0.041ms
[33.826s][info   ][gc          ] GC(13) Concurrent marking roots 0.116ms
[36.651s][info   ][gc          ] GC(13) Concurrent marking (unload classes) 2825.681ms
[36.652s][info   ][gc          ] GC(13) Pause Final Mark (unload classes) 0.157ms
[36.652s][info   ][gc          ] GC(13) Concurrent weak references 0.047ms
[36.653s][info   ][gc          ] GC(13) Concurrent weak roots 0.384ms
[36.653s][info   ][gc          ] GC(13) Concurrent cleanup 1446M->1446M(6144M) 0.056ms
[36.654s][info   ][gc          ] GC(13) Concurrent class unloading 0.692ms
[36.654s][info   ][gc          ] GC(13) Pause Final Roots 0.002ms
[36.654s][info   ][gc,metaspace] Metaspace: 11062K(11264K)->11062K(11264K) NonClass: 9322K(9472K)->9322K(9472K) Class: 1739K(1792K)->1739K(1792K)
[36.662s][info   ][gc          ] Trigger: GC request (System.gc())
[36.664s][info   ][gc          ] GC(14) Concurrent reset 2.478ms
[36.664s][info   ][gc          ] GC(14) Pause Init Mark (unload classes) 0.084ms
[36.665s][info   ][gc          ] GC(14) Concurrent marking roots 0.153ms
[39.524s][info   ][gc          ] GC(14) Concurrent marking (unload classes) 2859.646ms
[39.524s][info   ][gc          ] GC(14) Pause Final Mark (unload classes) 0.168ms
[39.525s][info   ][gc          ] GC(14) Concurrent weak references 0.046ms
[39.525s][info   ][gc          ] GC(14) Concurrent weak roots 0.353ms
[39.525s][info   ][gc          ] GC(14) Concurrent cleanup 1446M->1446M(6144M) 0.045ms
[39.525s][info   ][gc          ] GC(14) Concurrent class unloading 0.549ms
[39.526s][info   ][gc          ] GC(14) Pause Final Roots 0.002ms
[39.526s][info   ][gc,metaspace] Metaspace: 11062K(11264K)->11062K(11264K) NonClass: 9322K(9472K)->9322K(9472K) Class: 1739K(1792K)->1739K(1792K)
[39.536s][info   ][gc          ] Trigger: GC request (System.gc())
[39.538s][info   ][gc          ] GC(15) Concurrent reset 2.464ms
[39.538s][info   ][gc          ] GC(15) Pause Init Mark (unload classes) 0.032ms
[39.538s][info   ][gc          ] GC(15) Concurrent marking roots 0.160ms
[42.364s][info   ][gc          ] GC(15) Concurrent marking (unload classes) 2825.151ms
[42.364s][info   ][gc          ] GC(15) Pause Final Mark (unload classes) 0.189ms
[42.364s][info   ][gc          ] GC(15) Concurrent weak references 0.030ms
[42.364s][info   ][gc          ] GC(15) Concurrent weak roots 0.376ms
[42.364s][info   ][gc          ] GC(15) Concurrent cleanup 1446M->1446M(6144M) 0.041ms
[42.365s][info   ][gc          ] GC(15) Concurrent class unloading 0.663ms
[42.365s][info   ][gc          ] GC(15) Pause Final Roots 0.002ms
[42.365s][info   ][gc,metaspace] Metaspace: 11062K(11264K)->11062K(11264K) NonClass: 9322K(9472K)->9322K(9472K) Class: 1739K(1792K)->1739K(1792K)
[42.375s][info   ][gc          ] Trigger: GC request (System.gc())
[42.378s][info   ][gc          ] GC(16) Concurrent reset 2.526ms
[42.378s][info   ][gc          ] GC(16) Pause Init Mark (unload classes) 0.056ms
[42.378s][info   ][gc          ] GC(16) Concurrent marking roots 0.124ms
[45.203s][info   ][gc          ] GC(16) Concurrent marking (unload classes) 2825.135ms
[45.203s][info   ][gc          ] GC(16) Pause Final Mark (unload classes) 0.155ms
[45.203s][info   ][gc          ] GC(16) Concurrent weak references 0.027ms
[45.204s][info   ][gc          ] GC(16) Concurrent weak roots 0.415ms
[45.204s][info   ][gc          ] GC(16) Concurrent cleanup 1446M->1446M(6144M) 0.048ms
[45.204s][info   ][gc          ] GC(16) Concurrent class unloading 0.594ms
[45.205s][info   ][gc          ] GC(16) Pause Final Roots 0.002ms
[45.205s][info   ][gc,metaspace] Metaspace: 11062K(11264K)->11062K(11264K) NonClass: 9322K(9472K)->9322K(9472K) Class: 1739K(1792K)->1739K(1792K)
[45.215s][info   ][gc          ] Trigger: GC request (System.gc())
[45.217s][info   ][gc          ] GC(17) Concurrent reset 2.459ms
[45.217s][info   ][gc          ] GC(17) Pause Init Mark (unload classes) 0.030ms
[45.217s][info   ][gc          ] GC(17) Concurrent marking roots 0.111ms
[48.014s][info   ][gc          ] GC(17) Concurrent marking (unload classes) 2796.706ms
[48.014s][info   ][gc          ] GC(17) Pause Final Mark (unload classes) 0.135ms
[48.015s][info   ][gc          ] GC(17) Concurrent weak references 0.030ms
[48.015s][info   ][gc          ] GC(17) Concurrent weak roots 0.476ms
[48.015s][info   ][gc          ] GC(17) Concurrent cleanup 1446M->1446M(6144M) 0.048ms
[48.016s][info   ][gc          ] GC(17) Concurrent class unloading 0.581ms
[48.016s][info   ][gc          ] GC(17) Pause Final Roots 0.002ms
[48.016s][info   ][gc,metaspace] Metaspace: 11062K(11264K)->11062K(11264K) NonClass: 9322K(9472K)->9322K(9472K) Class: 1739K(1792K)->1739K(1792K)
[48.026s][info   ][gc          ] Trigger: GC request (System.gc())
[48.029s][info   ][gc          ] GC(18) Concurrent reset 2.495ms
[48.029s][info   ][gc          ] GC(18) Pause Init Mark (unload classes) 0.041ms
[48.029s][info   ][gc          ] GC(18) Concurrent marking roots 0.128ms
[50.903s][info   ][gc          ] GC(18) Concurrent marking (unload classes) 2873.554ms
[50.903s][info   ][gc          ] GC(18) Pause Final Mark (unload classes) 0.161ms
[50.903s][info   ][gc          ] GC(18) Concurrent weak references 0.023ms
[50.903s][info   ][gc          ] GC(18) Concurrent weak roots 0.384ms
[50.903s][info   ][gc          ] GC(18) Concurrent cleanup 1446M->1446M(6144M) 0.045ms
[50.904s][info   ][gc          ] GC(18) Concurrent class unloading 0.766ms
[50.904s][info   ][gc          ] GC(18) Pause Final Roots 0.002ms
[50.904s][info   ][gc,metaspace] Metaspace: 11062K(11264K)->11062K(11264K) NonClass: 9322K(9472K)->9322K(9472K) Class: 1739K(1792K)->1739K(1792K)
[50.914s][info   ][gc          ] Trigger: GC request (System.gc())
[50.917s][info   ][gc          ] GC(19) Concurrent reset 2.456ms
[50.917s][info   ][gc          ] GC(19) Pause Init Mark (unload classes) 0.056ms
[50.917s][info   ][gc          ] GC(19) Concurrent marking roots 0.147ms
[53.742s][info   ][gc          ] GC(19) Concurrent marking (unload classes) 2824.630ms
[53.742s][info   ][gc          ] GC(19) Pause Final Mark (unload classes) 0.168ms
[53.742s][info   ][gc          ] GC(19) Concurrent weak references 0.029ms
[53.743s][info   ][gc          ] GC(19) Concurrent weak roots 0.350ms
[53.743s][info   ][gc          ] GC(19) Concurrent cleanup 1446M->1446M(6144M) 0.036ms
[53.744s][info   ][gc          ] GC(19) Concurrent class unloading 0.776ms
[53.744s][info   ][gc          ] GC(19) Pause Final Roots 0.002ms
[53.744s][info   ][gc,metaspace] Metaspace: 11062K(11264K)->11062K(11264K) NonClass: 9322K(9472K)->9322K(9472K) Class: 1739K(1792K)->1739K(1792K)
[53.754s][info   ][gc          ] Trigger: GC request (System.gc())
[53.756s][info   ][gc          ] GC(20) Concurrent reset 2.419ms
[53.756s][info   ][gc          ] GC(20) Pause Init Mark (unload classes) 0.061ms
[53.756s][info   ][gc          ] GC(20) Concurrent marking roots 0.102ms
[56.611s][info   ][gc          ] GC(20) Concurrent marking (unload classes) 2854.885ms
[56.612s][info   ][gc          ] GC(20) Pause Final Mark (unload classes) 0.169ms
[56.612s][info   ][gc          ] GC(20) Concurrent weak references 0.035ms
[56.612s][info   ][gc          ] GC(20) Concurrent weak roots 0.337ms
[56.612s][info   ][gc          ] GC(20) Concurrent cleanup 1446M->1446M(6144M) 0.032ms
[56.613s][info   ][gc          ] GC(20) Concurrent class unloading 0.511ms
[56.613s][info   ][gc          ] GC(20) Pause Final Roots 0.002ms
[56.613s][info   ][gc,metaspace] Metaspace: 11062K(11264K)->11062K(11264K) NonClass: 9322K(9472K)->9322K(9472K) Class: 1739K(1792K)->1739K(1792K)
[56.623s][info   ][gc          ] Trigger: GC request (System.gc())
[56.625s][info   ][gc          ] GC(21) Concurrent reset 2.468ms
[56.625s][info   ][gc          ] GC(21) Pause Init Mark (unload classes) 0.048ms
[56.626s][info   ][gc          ] GC(21) Concurrent marking roots 0.162ms
[59.452s][info   ][gc          ] GC(21) Concurrent marking (unload classes) 2825.948ms
[59.452s][info   ][gc          ] GC(21) Pause Final Mark (unload classes) 0.165ms
[59.452s][info   ][gc          ] GC(21) Concurrent weak references 0.032ms
[59.452s][info   ][gc          ] GC(21) Concurrent weak roots 0.339ms
[59.452s][info   ][gc          ] GC(21) Concurrent cleanup 1446M->1446M(6144M) 0.036ms
[59.453s][info   ][gc          ] GC(21) Concurrent class unloading 0.627ms
[59.453s][info   ][gc          ] GC(21) Pause Final Roots 0.002ms
[59.453s][info   ][gc,metaspace] Metaspace: 11062K(11264K)->11062K(11264K) NonClass: 9322K(9472K)->9322K(9472K) Class: 1739K(1792K)->1739K(1792K)
[59.463s][info   ][gc          ] Trigger: GC request (System.gc())
[59.465s][info   ][gc          ] GC(22) Concurrent reset 2.519ms
[59.466s][info   ][gc          ] GC(22) Pause Init Mark (unload classes) 0.072ms
[59.466s][info   ][gc          ] GC(22) Concurrent marking roots 0.123ms
[62.305s][info   ][gc          ] GC(22) Concurrent marking (unload classes) 2839.479ms
[62.306s][info   ][gc          ] GC(22) Pause Final Mark (unload classes) 0.168ms
[62.306s][info   ][gc          ] GC(22) Concurrent weak references 0.042ms
[62.306s][info   ][gc          ] GC(22) Concurrent weak roots 0.347ms
[62.306s][info   ][gc          ] GC(22) Concurrent cleanup 1448M->1448M(6144M) 0.031ms
[62.307s][info   ][gc          ] GC(22) Concurrent class unloading 0.586ms
[62.307s][info   ][gc          ] GC(22) Pause Final Roots 0.002ms
[62.307s][info   ][gc,metaspace] Metaspace: 11062K(11264K)->11062K(11264K) NonClass: 9322K(9472K)->9322K(9472K) Class: 1739K(1792K)->1739K(1792K)
[62.308s][info   ][gc          ] Trigger: GC request (System.gc())
[62.310s][info   ][gc          ] GC(23) Concurrent reset 2.278ms
[62.310s][info   ][gc          ] GC(23) Pause Init Mark (unload classes) 0.030ms
[62.310s][info   ][gc          ] GC(23) Concurrent marking roots 0.085ms
[65.136s][info   ][gc          ] GC(23) Concurrent marking (unload classes) 2825.898ms
[65.136s][info   ][gc          ] GC(23) Pause Final Mark (unload classes) 0.154ms
[65.136s][info   ][gc          ] GC(23) Concurrent thread roots 0.062ms
[65.136s][info   ][gc          ] GC(23) Concurrent weak references 0.054ms
[65.137s][info   ][gc          ] GC(23) Concurrent weak roots 0.381ms
[65.137s][info   ][gc          ] GC(23) Concurrent cleanup 1448M->1448M(6144M) 0.049ms
[65.138s][info   ][gc          ] GC(23) Concurrent class unloading 0.652ms
[65.138s][info   ][gc          ] GC(23) Concurrent strong roots 0.075ms
[65.138s][info   ][gc          ] GC(23) Concurrent evacuation 0.045ms
[65.138s][info   ][gc          ] GC(23) Pause Init Update Refs 0.004ms
[65.138s][info   ][gc          ] GC(23) At start of update refs, moving 2048K to Mutator free partition from Collector Reserve
[66.839s][info   ][gc          ] GC(23) Concurrent update references 1701.552ms
[66.839s][info   ][gc          ] GC(23) Concurrent update thread roots 0.126ms
[66.840s][info   ][gc          ] GC(23) Pause Final Update Refs 0.094ms
[66.840s][info   ][gc          ] GC(23) Concurrent cleanup 1448M->1447M(6144M) 0.033ms
[66.840s][info   ][gc,metaspace] Metaspace: 11062K(11264K)->11062K(11264K) NonClass: 9322K(9472K)->9322K(9472K) Class: 1739K(1792K)->1739K(1792K)
[66.841s][info   ][gc          ] Trigger: GC request (System.gc())
[66.843s][info   ][gc          ] GC(24) Concurrent reset 2.463ms
[66.843s][info   ][gc          ] GC(24) Pause Init Mark (unload classes) 0.062ms
[66.844s][info   ][gc          ] GC(24) Concurrent marking roots 0.102ms
[69.669s][info   ][gc          ] GC(24) Concurrent marking (unload classes) 2825.131ms
[69.669s][info   ][gc          ] GC(24) Pause Final Mark (unload classes) 0.157ms
[69.669s][info   ][gc          ] GC(24) Concurrent weak references 0.034ms
[69.669s][info   ][gc          ] GC(24) Concurrent weak roots 0.399ms
[69.669s][info   ][gc          ] GC(24) Concurrent cleanup 1447M->1447M(6144M) 0.040ms
[69.670s][info   ][gc          ] GC(24) Concurrent class unloading 0.572ms
[69.670s][info   ][gc          ] GC(24) Pause Final Roots 0.002ms
[69.670s][info   ][gc,metaspace] Metaspace: 11062K(11264K)->11062K(11264K) NonClass: 9322K(9472K)->9322K(9472K) Class: 1739K(1792K)->1739K(1792K)
[69.672s][info   ][gc          ] Trigger: GC request (System.gc())
[69.674s][info   ][gc          ] GC(25) Concurrent reset 2.340ms
[69.675s][info   ][gc          ] GC(25) Pause Init Mark (unload classes) 0.034ms
[69.675s][info   ][gc          ] GC(25) Concurrent marking roots 0.088ms
[72.540s][info   ][gc          ] GC(25) Concurrent marking (unload classes) 2865.540ms
[72.540s][info   ][gc          ] GC(25) Pause Final Mark (unload classes) 0.180ms
[72.540s][info   ][gc          ] GC(25) Concurrent weak references 0.028ms
[72.541s][info   ][gc          ] GC(25) Concurrent weak roots 0.337ms
[72.541s][info   ][gc          ] GC(25) Concurrent cleanup 1447M->1447M(6144M) 0.036ms
[72.542s][info   ][gc          ] GC(25) Concurrent class unloading 0.745ms
[72.542s][info   ][gc          ] GC(25) Pause Final Roots 0.002ms
[72.542s][info   ][gc,metaspace] Metaspace: 11062K(11264K)->11062K(11264K) NonClass: 9322K(9472K)->9322K(9472K) Class: 1739K(1792K)->1739K(1792K)
[72.546s][info   ][gc          ] Trigger: GC request (System.gc())
[72.548s][info   ][gc          ] GC(26) Concurrent reset 2.294ms
[72.548s][info   ][gc          ] GC(26) Pause Init Mark (unload classes) 0.027ms
[72.548s][info   ][gc          ] GC(26) Concurrent marking roots 0.094ms
[75.416s][info   ][gc          ] GC(26) Concurrent marking (unload classes) 2867.309ms
[75.416s][info   ][gc          ] GC(26) Pause Final Mark (unload classes) 0.170ms
[75.416s][info   ][gc          ] GC(26) Concurrent weak references 0.029ms
[75.416s][info   ][gc          ] GC(26) Concurrent weak roots 0.344ms
[75.416s][info   ][gc          ] GC(26) Concurrent cleanup 1447M->1447M(6144M) 0.043ms
[75.417s][info   ][gc          ] GC(26) Concurrent class unloading 0.662ms
[75.417s][info   ][gc          ] GC(26) Pause Final Roots 0.002ms
[75.417s][info   ][gc,metaspace] Metaspace: 11062K(11264K)->11062K(11264K) NonClass: 9322K(9472K)->9322K(9472K) Class: 1739K(1792K)->1739K(1792K)
[75.425s][info   ][gc          ] Trigger: GC request (System.gc())
[75.428s][info   ][gc          ] GC(27) Concurrent reset 2.496ms
[75.428s][info   ][gc          ] GC(27) Pause Init Mark (unload classes) 0.059ms
[75.428s][info   ][gc          ] GC(27) Concurrent marking roots 0.120ms
[78.287s][info   ][gc          ] GC(27) Concurrent marking (unload classes) 2859.239ms
[78.287s][info   ][gc          ] GC(27) Pause Final Mark (unload classes) 0.159ms
[78.287s][info   ][gc          ] GC(27) Concurrent weak references 0.055ms
[78.288s][info   ][gc          ] GC(27) Concurrent weak roots 0.344ms
[78.288s][info   ][gc          ] GC(27) Concurrent cleanup 1447M->1447M(6144M) 0.050ms
[78.288s][info   ][gc          ] GC(27) Concurrent class unloading 0.661ms
[78.289s][info   ][gc          ] GC(27) Pause Final Roots 0.002ms
[78.289s][info   ][gc,metaspace] Metaspace: 11062K(11264K)->11062K(11264K) NonClass: 9322K(9472K)->9322K(9472K) Class: 1739K(1792K)->1739K(1792K)
[78.299s][info   ][gc          ] Trigger: GC request (System.gc())
[78.301s][info   ][gc          ] GC(28) Concurrent reset 2.466ms
[78.301s][info   ][gc          ] GC(28) Pause Init Mark (unload classes) 0.043ms
[78.301s][info   ][gc          ] GC(28) Concurrent marking roots 0.116ms
[81.156s][info   ][gc          ] GC(28) Concurrent marking (unload classes) 2854.321ms
[81.156s][info   ][gc          ] GC(28) Pause Final Mark (unload classes) 0.155ms
[81.156s][info   ][gc          ] GC(28) Concurrent weak references 0.022ms
[81.156s][info   ][gc          ] GC(28) Concurrent weak roots 0.384ms
[81.156s][info   ][gc          ] GC(28) Concurrent cleanup 1447M->1447M(6144M) 0.041ms
[81.157s][info   ][gc          ] GC(28) Concurrent class unloading 0.746ms
[81.157s][info   ][gc          ] GC(28) Pause Final Roots 0.002ms
[81.157s][info   ][gc,metaspace] Metaspace: 11062K(11264K)->11062K(11264K) NonClass: 9322K(9472K)->9322K(9472K) Class: 1739K(1792K)->1739K(1792K)
[81.167s][info   ][gc          ] Trigger: GC request (System.gc())
[81.170s][info   ][gc          ] GC(29) Concurrent reset 2.454ms
[81.170s][info   ][gc          ] GC(29) Pause Init Mark (unload classes) 0.051ms
[81.170s][info   ][gc          ] GC(29) Concurrent marking roots 0.129ms
[83.949s][info   ][gc          ] GC(29) Concurrent marking (unload classes) 2778.712ms
[83.949s][info   ][gc          ] GC(29) Pause Final Mark (unload classes) 0.169ms
[83.949s][info   ][gc          ] GC(29) Concurrent weak references 0.023ms
[83.949s][info   ][gc          ] GC(29) Concurrent weak roots 0.393ms
[83.949s][info   ][gc          ] GC(29) Concurrent cleanup 1447M->1447M(6144M) 0.041ms
[83.950s][info   ][gc          ] GC(29) Concurrent class unloading 0.540ms
[83.950s][info   ][gc          ] GC(29) Pause Final Roots 0.002ms
[83.950s][info   ][gc,metaspace] Metaspace: 11062K(11264K)->11062K(11264K) NonClass: 9322K(9472K)->9322K(9472K) Class: 1739K(1792K)->1739K(1792K)
[83.960s][info   ][gc          ] Trigger: GC request (System.gc())
[83.963s][info   ][gc          ] GC(30) Concurrent reset 2.474ms
[83.963s][info   ][gc          ] GC(30) Pause Init Mark (unload classes) 0.043ms
[83.963s][info   ][gc          ] GC(30) Concurrent marking roots 0.096ms
[86.792s][info   ][gc          ] GC(30) Concurrent marking (unload classes) 2829.039ms
[86.792s][info   ][gc          ] GC(30) Pause Final Mark (unload classes) 0.157ms
[86.792s][info   ][gc          ] GC(30) Concurrent weak references 0.023ms
[86.793s][info   ][gc          ] GC(30) Concurrent weak roots 0.384ms
[86.793s][info   ][gc          ] GC(30) Concurrent cleanup 1447M->1447M(6144M) 0.043ms
[86.793s][info   ][gc          ] GC(30) Concurrent class unloading 0.750ms
[86.793s][info   ][gc          ] GC(30) Pause Final Roots 0.002ms
[86.794s][info   ][gc,metaspace] Metaspace: 11062K(11264K)->11062K(11264K) NonClass: 9322K(9472K)->9322K(9472K) Class: 1739K(1792K)->1739K(1792K)
[86.804s][info   ][gc          ] Trigger: GC request (System.gc())
[86.806s][info   ][gc          ] GC(31) Concurrent reset 2.446ms
[86.806s][info   ][gc          ] GC(31) Pause Init Mark (unload classes) 0.048ms
[86.806s][info   ][gc          ] GC(31) Concurrent marking roots 0.123ms
[89.676s][info   ][gc          ] GC(31) Concurrent marking (unload classes) 2869.728ms
[89.676s][info   ][gc          ] GC(31) Pause Final Mark (unload classes) 0.159ms
[89.677s][info   ][gc          ] GC(31) Concurrent weak references 0.036ms
[89.677s][info   ][gc          ] GC(31) Concurrent weak roots 0.368ms
[89.677s][info   ][gc          ] GC(31) Concurrent cleanup 1447M->1447M(6144M) 0.044ms
[89.678s][info   ][gc          ] GC(31) Concurrent class unloading 0.556ms
[89.678s][info   ][gc          ] GC(31) Pause Final Roots 0.002ms
[89.678s][info   ][gc,metaspace] Metaspace: 11062K(11264K)->11062K(11264K) NonClass: 9322K(9472K)->9322K(9472K) Class: 1739K(1792K)->1739K(1792K)
[89.688s][info   ][gc          ] Trigger: GC request (System.gc())
[89.690s][info   ][gc          ] GC(32) Concurrent reset 2.498ms
[89.691s][info   ][gc          ] GC(32) Pause Init Mark (unload classes) 0.046ms
[89.691s][info   ][gc          ] GC(32) Concurrent marking roots 0.145ms
[92.517s][info   ][gc          ] GC(32) Concurrent marking (unload classes) 2825.965ms
[92.517s][info   ][gc          ] GC(32) Pause Final Mark (unload classes) 0.159ms
[92.517s][info   ][gc          ] GC(32) Concurrent weak references 0.041ms
[92.517s][info   ][gc          ] GC(32) Concurrent weak roots 0.392ms
[92.518s][info   ][gc          ] GC(32) Concurrent cleanup 1447M->1447M(6144M) 0.043ms
[92.518s][info   ][gc          ] GC(32) Concurrent class unloading 0.550ms
[92.518s][info   ][gc          ] GC(32) Pause Final Roots 0.002ms
[92.518s][info   ][gc,metaspace] Metaspace: 11062K(11264K)->11062K(11264K) NonClass: 9322K(9472K)->9322K(9472K) Class: 1739K(1792K)->1739K(1792K)
[92.528s][info   ][gc          ] Trigger: GC request (System.gc())
[92.531s][info   ][gc          ] GC(33) Concurrent reset 2.563ms
[92.531s][info   ][gc          ] GC(33) Pause Init Mark (unload classes) 0.036ms
[92.531s][info   ][gc          ] GC(33) Concurrent marking roots 0.123ms
[95.356s][info   ][gc          ] GC(33) Concurrent marking (unload classes) 2824.833ms
[95.356s][info   ][gc          ] GC(33) Pause Final Mark (unload classes) 0.149ms
[95.356s][info   ][gc          ] GC(33) Concurrent weak references 0.019ms
[95.357s][info   ][gc          ] GC(33) Concurrent weak roots 0.346ms
[95.357s][info   ][gc          ] GC(33) Concurrent cleanup 1447M->1447M(6144M) 0.031ms
[95.357s][info   ][gc          ] GC(33) Concurrent class unloading 0.492ms
[95.357s][info   ][gc          ] GC(33) Pause Final Roots 0.002ms
[95.357s][info   ][gc,metaspace] Metaspace: 11062K(11264K)->11062K(11264K) NonClass: 9322K(9472K)->9322K(9472K) Class: 1739K(1792K)->1739K(1792K)
[95.367s][info   ][gc          ] Trigger: GC request (System.gc())
[95.370s][info   ][gc          ] GC(34) Concurrent reset 2.500ms
[95.370s][info   ][gc          ] GC(34) Pause Init Mark (unload classes) 0.044ms
[95.370s][info   ][gc          ] GC(34) Concurrent marking roots 0.139ms
[98.196s][info   ][gc          ] GC(34) Concurrent marking (unload classes) 2825.994ms
[98.196s][info   ][gc          ] GC(34) Pause Final Mark (unload classes) 0.151ms
[98.196s][info   ][gc          ] GC(34) Concurrent weak references 0.022ms
[98.197s][info   ][gc          ] GC(34) Concurrent weak roots 0.384ms
[98.197s][info   ][gc          ] GC(34) Concurrent cleanup 1447M->1447M(6144M) 0.040ms
[98.197s][info   ][gc          ] GC(34) Concurrent class unloading 0.576ms
[98.197s][info   ][gc          ] GC(34) Pause Final Roots 0.002ms
[98.197s][info   ][gc,metaspace] Metaspace: 11062K(11264K)->11062K(11264K) NonClass: 9322K(9472K)->9322K(9472K) Class: 1739K(1792K)->1739K(1792K)
[98.207s][info   ][gc          ] Trigger: GC request (System.gc())
[98.210s][info   ][gc          ] GC(35) Concurrent reset 2.459ms
[98.210s][info   ][gc          ] GC(35) Pause Init Mark (unload classes) 0.042ms
[98.210s][info   ][gc          ] GC(35) Concurrent marking roots 0.098ms
[100.998s][info   ][gc          ] GC(35) Concurrent marking (unload classes) 2788.166ms
[100.999s][info   ][gc          ] GC(35) Pause Final Mark (unload classes) 0.162ms
[100.999s][info   ][gc          ] GC(35) Concurrent weak references 0.022ms
[101.000s][info   ][gc          ] GC(35) Concurrent weak roots 0.414ms
[101.000s][info   ][gc          ] GC(35) Concurrent cleanup 1447M->1447M(6144M) 0.036ms
[101.000s][info   ][gc          ] GC(35) Concurrent class unloading 0.555ms
[101.000s][info   ][gc          ] GC(35) Pause Final Roots 0.002ms
[101.000s][info   ][gc,metaspace] Metaspace: 11062K(11264K)->11062K(11264K) NonClass: 9322K(9472K)->9322K(9472K) Class: 1739K(1792K)->1739K(1792K)
[101.010s][info   ][gc          ] Trigger: GC request (System.gc())
[101.013s][info   ][gc          ] GC(36) Concurrent reset 2.322ms
[101.013s][info   ][gc          ] GC(36) Pause Init Mark (unload classes) 0.033ms
[101.013s][info   ][gc          ] GC(36) Concurrent marking roots 0.087ms
[103.838s][info   ][gc          ] GC(36) Concurrent marking (unload classes) 2824.884ms
[103.838s][info   ][gc          ] GC(36) Pause Final Mark (unload classes) 0.163ms
[103.838s][info   ][gc          ] GC(36) Concurrent weak references 0.037ms
[103.838s][info   ][gc          ] GC(36) Concurrent weak roots 0.383ms
[103.838s][info   ][gc          ] GC(36) Concurrent cleanup 1447M->1447M(6144M) 0.041ms
[103.839s][info   ][gc          ] GC(36) Concurrent class unloading 0.649ms
[103.839s][info   ][gc          ] GC(36) Pause Final Roots 0.002ms
[103.839s][info   ][gc,metaspace] Metaspace: 11062K(11264K)->11062K(11264K) NonClass: 9322K(9472K)->9322K(9472K) Class: 1739K(1792K)->1739K(1792K)
[103.849s][info   ][gc          ] Trigger: GC request (System.gc())
[103.852s][info   ][gc          ] GC(37) Concurrent reset 2.738ms
[103.852s][info   ][gc          ] GC(37) Pause Init Mark (unload classes) 0.049ms
[103.852s][info   ][gc          ] GC(37) Concurrent marking roots 0.108ms
[106.709s][info   ][gc          ] GC(37) Concurrent marking (unload classes) 2856.656ms
[106.709s][info   ][gc          ] GC(37) Pause Final Mark (unload classes) 0.153ms
[106.710s][info   ][gc          ] GC(37) Concurrent weak references 0.051ms
[106.710s][info   ][gc          ] GC(37) Concurrent weak roots 0.374ms
[106.710s][info   ][gc          ] GC(37) Concurrent cleanup 1447M->1447M(6144M) 0.038ms
[106.711s][info   ][gc          ] GC(37) Concurrent class unloading 0.586ms
[106.711s][info   ][gc          ] GC(37) Pause Final Roots 0.002ms
[106.711s][info   ][gc,metaspace] Metaspace: 11062K(11264K)->11062K(11264K) NonClass: 9322K(9472K)->9322K(9472K) Class: 1739K(1792K)->1739K(1792K)
[106.721s][info   ][gc          ] Trigger: GC request (System.gc())
[106.723s][info   ][gc          ] GC(38) Concurrent reset 2.479ms
[106.724s][info   ][gc          ] GC(38) Pause Init Mark (unload classes) 0.044ms
[106.724s][info   ][gc          ] GC(38) Concurrent marking roots 0.137ms
[109.579s][info   ][gc          ] GC(38) Concurrent marking (unload classes) 2855.476ms
[109.579s][info   ][gc          ] GC(38) Pause Final Mark (unload classes) 0.177ms
[109.580s][info   ][gc          ] GC(38) Concurrent weak references 0.047ms
[109.580s][info   ][gc          ] GC(38) Concurrent weak roots 0.332ms
[109.580s][info   ][gc          ] GC(38) Concurrent cleanup 1447M->1447M(6144M) 0.043ms
[109.580s][info   ][gc          ] GC(38) Concurrent class unloading 0.522ms
[109.581s][info   ][gc          ] GC(38) Pause Final Roots 0.002ms
[109.581s][info   ][gc,metaspace] Metaspace: 11062K(11264K)->11062K(11264K) NonClass: 9322K(9472K)->9322K(9472K) Class: 1739K(1792K)->1739K(1792K)
[109.591s][info   ][gc          ] Trigger: GC request (System.gc())
[109.593s][info   ][gc          ] GC(39) Concurrent reset 2.473ms
[109.593s][info   ][gc          ] GC(39) Pause Init Mark (unload classes) 0.041ms
[109.593s][info   ][gc          ] GC(39) Concurrent marking roots 0.152ms
[112.419s][info   ][gc          ] GC(39) Concurrent marking (unload classes) 2825.987ms
[112.420s][info   ][gc          ] GC(39) Pause Final Mark (unload classes) 0.173ms
[112.420s][info   ][gc          ] GC(39) Concurrent weak references 0.024ms
[112.420s][info   ][gc          ] GC(39) Concurrent weak roots 0.352ms
[112.420s][info   ][gc          ] GC(39) Concurrent cleanup 1447M->1447M(6144M) 0.036ms
[112.421s][info   ][gc          ] GC(39) Concurrent class unloading 0.748ms
[112.421s][info   ][gc          ] GC(39) Pause Final Roots 0.002ms
[112.421s][info   ][gc,metaspace] Metaspace: 11062K(11264K)->11062K(11264K) NonClass: 9322K(9472K)->9322K(9472K) Class: 1739K(1792K)->1739K(1792K)
[112.431s][info   ][gc          ] Trigger: GC request (System.gc())
[112.434s][info   ][gc          ] GC(40) Concurrent reset 2.468ms
[112.434s][info   ][gc          ] GC(40) Pause Init Mark (unload classes) 0.053ms
[112.434s][info   ][gc          ] GC(40) Concurrent marking roots 0.124ms
[115.258s][info   ][gc          ] GC(40) Concurrent marking (unload classes) 2823.829ms
[115.258s][info   ][gc          ] GC(40) Pause Final Mark (unload classes) 0.183ms
[115.258s][info   ][gc          ] GC(40) Concurrent weak references 0.026ms
[115.258s][info   ][gc          ] GC(40) Concurrent weak roots 0.422ms
[115.258s][info   ][gc          ] GC(40) Concurrent cleanup 1447M->1447M(6144M) 0.047ms
[115.259s][info   ][gc          ] GC(40) Concurrent class unloading 0.583ms
[115.259s][info   ][gc          ] GC(40) Pause Final Roots 0.002ms
[115.259s][info   ][gc,metaspace] Metaspace: 11062K(11264K)->11062K(11264K) NonClass: 9322K(9472K)->9322K(9472K) Class: 1739K(1792K)->1739K(1792K)
[115.269s][info   ][gc          ] Trigger: GC request (System.gc())
[115.272s][info   ][gc          ] GC(41) Concurrent reset 2.470ms
[115.272s][info   ][gc          ] GC(41) Pause Init Mark (unload classes) 0.041ms
[115.272s][info   ][gc          ] GC(41) Concurrent marking roots 0.116ms
[118.108s][info   ][gc          ] GC(41) Concurrent marking (unload classes) 2835.626ms
[118.108s][info   ][gc          ] GC(41) Pause Final Mark (unload classes) 0.154ms
[118.108s][info   ][gc          ] GC(41) Concurrent weak references 0.052ms
[118.109s][info   ][gc          ] GC(41) Concurrent weak roots 0.357ms
[118.109s][info   ][gc          ] GC(41) Concurrent cleanup 1447M->1447M(6144M) 0.040ms
[118.109s][info   ][gc          ] GC(41) Concurrent class unloading 0.591ms
[118.109s][info   ][gc          ] GC(41) Pause Final Roots 0.002ms
[118.110s][info   ][gc,metaspace] Metaspace: 11062K(11264K)->11062K(11264K) NonClass: 9322K(9472K)->9322K(9472K) Class: 1739K(1792K)->1739K(1792K)
[118.120s][info   ][gc          ] Trigger: GC request (System.gc())
[118.122s][info   ][gc          ] GC(42) Concurrent reset 2.482ms
[118.122s][info   ][gc          ] GC(42) Pause Init Mark (unload classes) 0.035ms
[118.122s][info   ][gc          ] GC(42) Concurrent marking roots 0.134ms
[120.943s][info   ][gc          ] GC(42) Concurrent marking (unload classes) 2820.753ms
[120.943s][info   ][gc          ] GC(42) Pause Final Mark (unload classes) 0.148ms
[120.943s][info   ][gc          ] GC(42) Concurrent weak references 0.054ms
[120.944s][info   ][gc          ] GC(42) Concurrent weak roots 0.341ms
[120.944s][info   ][gc          ] GC(42) Concurrent cleanup 1448M->1448M(6144M) 0.036ms
[120.944s][info   ][gc          ] GC(42) Concurrent class unloading 0.573ms
[120.944s][info   ][gc          ] GC(42) Pause Final Roots 0.002ms
[120.944s][info   ][gc,metaspace] Metaspace: 11062K(11264K)->11062K(11264K) NonClass: 9322K(9472K)->9322K(9472K) Class: 1739K(1792K)->1739K(1792K)
[120.946s][info   ][gc          ] Trigger: GC request (System.gc())
[120.948s][info   ][gc          ] GC(43) Concurrent reset 2.511ms
[120.948s][info   ][gc          ] GC(43) Pause Init Mark (unload classes) 0.037ms
[120.948s][info   ][gc          ] GC(43) Concurrent marking roots 0.149ms
[123.773s][info   ][gc          ] GC(43) Concurrent marking (unload classes) 2824.442ms
[123.773s][info   ][gc          ] GC(43) Pause Final Mark (unload classes) 0.161ms
[123.774s][info   ][gc          ] GC(43) Concurrent thread roots 0.077ms
[123.774s][info   ][gc          ] GC(43) Concurrent weak references 0.027ms
[123.774s][info   ][gc          ] GC(43) Concurrent weak roots 0.425ms
[123.774s][info   ][gc          ] GC(43) Concurrent cleanup 1448M->1448M(6144M) 0.048ms
[123.775s][info   ][gc          ] GC(43) Concurrent class unloading 0.618ms
[123.775s][info   ][gc          ] GC(43) Concurrent strong roots 0.049ms
[123.775s][info   ][gc          ] GC(43) Concurrent evacuation 0.047ms
[123.775s][info   ][gc          ] GC(43) Pause Init Update Refs 0.004ms
[123.775s][info   ][gc          ] GC(43) At start of update refs, moving 2048K to Mutator free partition from Collector Reserve
[125.521s][info   ][gc          ] GC(43) Concurrent update references 1746.095ms
[125.521s][info   ][gc          ] GC(43) Concurrent update thread roots 0.124ms
[125.521s][info   ][gc          ] GC(43) Pause Final Update Refs 0.106ms
[125.522s][info   ][gc          ] GC(43) Concurrent cleanup 1448M->1447M(6144M) 0.043ms
[125.522s][info   ][gc,metaspace] Metaspace: 11062K(11264K)->11062K(11264K) NonClass: 9322K(9472K)->9322K(9472K) Class: 1739K(1792K)->1739K(1792K)
[125.524s][info   ][gc          ] Trigger: GC request (System.gc())
[125.526s][info   ][gc          ] GC(44) Concurrent reset 2.320ms
[125.526s][info   ][gc          ] GC(44) Pause Init Mark (unload classes) 0.033ms
[125.526s][info   ][gc          ] GC(44) Concurrent marking roots 0.081ms
[128.352s][info   ][gc          ] GC(44) Concurrent marking (unload classes) 2825.676ms
[128.352s][info   ][gc          ] GC(44) Pause Final Mark (unload classes) 0.154ms
[128.352s][info   ][gc          ] GC(44) Concurrent weak references 0.017ms
[128.352s][info   ][gc          ] GC(44) Concurrent weak roots 0.379ms
[128.353s][info   ][gc          ] GC(44) Concurrent cleanup 1447M->1447M(6144M) 0.041ms
[128.353s][info   ][gc          ] GC(44) Concurrent class unloading 0.631ms
[128.353s][info   ][gc          ] GC(44) Pause Final Roots 0.002ms
[128.353s][info   ][gc,metaspace] Metaspace: 11062K(11264K)->11062K(11264K) NonClass: 9322K(9472K)->9322K(9472K) Class: 1739K(1792K)->1739K(1792K)
[128.357s][info   ][gc          ] Trigger: GC request (System.gc())
[128.360s][info   ][gc          ] GC(45) Concurrent reset 2.518ms
[128.360s][info   ][gc          ] GC(45) Pause Init Mark (unload classes) 0.065ms
[128.360s][info   ][gc          ] GC(45) Concurrent marking roots 0.119ms
[131.223s][info   ][gc          ] GC(45) Concurrent marking (unload classes) 2863.068ms
[131.223s][info   ][gc          ] GC(45) Pause Final Mark (unload classes) 0.167ms
[131.224s][info   ][gc          ] GC(45) Concurrent weak references 0.023ms
[131.224s][info   ][gc          ] GC(45) Concurrent weak roots 0.328ms
[131.224s][info   ][gc          ] GC(45) Concurrent cleanup 1447M->1447M(6144M) 0.045ms
[131.224s][info   ][gc          ] GC(45) Concurrent class unloading 0.566ms
[131.225s][info   ][gc          ] GC(45) Pause Final Roots 0.002ms
[131.225s][info   ][gc,metaspace] Metaspace: 11062K(11264K)->11062K(11264K) NonClass: 9322K(9472K)->9322K(9472K) Class: 1739K(1792K)->1739K(1792K)
[131.233s][info   ][gc          ] Trigger: GC request (System.gc())
[131.235s][info   ][gc          ] GC(46) Concurrent reset 2.469ms
[131.235s][info   ][gc          ] GC(46) Pause Init Mark (unload classes) 0.032ms
[131.235s][info   ][gc          ] GC(46) Concurrent marking roots 0.152ms
[134.050s][info   ][gc          ] GC(46) Concurrent marking (unload classes) 2814.140ms
[134.050s][info   ][gc          ] GC(46) Pause Final Mark (unload classes) 0.163ms
[134.050s][info   ][gc          ] GC(46) Concurrent weak references 0.023ms
[134.050s][info   ][gc          ] GC(46) Concurrent weak roots 0.340ms
[134.050s][info   ][gc          ] GC(46) Concurrent cleanup 1447M->1447M(6144M) 0.036ms
[134.051s][info   ][gc          ] GC(46) Concurrent class unloading 0.713ms
[134.051s][info   ][gc          ] GC(46) Pause Final Roots 0.002ms
[134.051s][info   ][gc,metaspace] Metaspace: 11062K(11264K)->11062K(11264K) NonClass: 9322K(9472K)->9322K(9472K) Class: 1739K(1792K)->1739K(1792K)
[134.061s][info   ][gc          ] Trigger: GC request (System.gc())
[134.064s][info   ][gc          ] GC(47) Concurrent reset 2.473ms
[134.064s][info   ][gc          ] GC(47) Pause Init Mark (unload classes) 0.052ms
[134.064s][info   ][gc          ] GC(47) Concurrent marking roots 0.124ms
[136.889s][info   ][gc          ] GC(47) Concurrent marking (unload classes) 2825.079ms
[136.889s][info   ][gc          ] GC(47) Pause Final Mark (unload classes) 0.148ms
[136.890s][info   ][gc          ] GC(47) Concurrent weak references 0.056ms
[136.890s][info   ][gc          ] GC(47) Concurrent weak roots 0.333ms
[136.890s][info   ][gc          ] GC(47) Concurrent cleanup 1447M->1447M(6144M) 0.037ms
[136.891s][info   ][gc          ] GC(47) Concurrent class unloading 0.696ms
[136.891s][info   ][gc          ] GC(47) Pause Final Roots 0.002ms
[136.891s][info   ][gc,metaspace] Metaspace: 11062K(11264K)->11062K(11264K) NonClass: 9322K(9472K)->9322K(9472K) Class: 1739K(1792K)->1739K(1792K)
[136.901s][info   ][gc          ] Trigger: GC request (System.gc())
[136.904s][info   ][gc          ] GC(48) Concurrent reset 2.503ms
[136.904s][info   ][gc          ] GC(48) Pause Init Mark (unload classes) 0.051ms
[136.904s][info   ][gc          ] GC(48) Concurrent marking roots 0.110ms
[139.760s][info   ][gc          ] GC(48) Concurrent marking (unload classes) 2856.184ms
[139.760s][info   ][gc          ] GC(48) Pause Final Mark (unload classes) 0.149ms
[139.760s][info   ][gc          ] GC(48) Concurrent weak references 0.023ms
[139.761s][info   ][gc          ] GC(48) Concurrent weak roots 0.342ms
[139.761s][info   ][gc          ] GC(48) Concurrent cleanup 1447M->1447M(6144M) 0.031ms
[139.761s][info   ][gc          ] GC(48) Concurrent class unloading 0.718ms
[139.761s][info   ][gc          ] GC(48) Pause Final Roots 0.002ms
[139.761s][info   ][gc,metaspace] Metaspace: 11062K(11264K)->11062K(11264K) NonClass: 9322K(9472K)->9322K(9472K) Class: 1739K(1792K)->1739K(1792K)
[139.771s][info   ][gc          ] Trigger: GC request (System.gc())
[139.774s][info   ][gc          ] GC(49) Concurrent reset 2.434ms
[139.774s][info   ][gc          ] GC(49) Pause Init Mark (unload classes) 0.055ms
[139.774s][info   ][gc          ] GC(49) Concurrent marking roots 0.116ms
[142.603s][info   ][gc          ] GC(49) Concurrent marking (unload classes) 2828.563ms
[142.603s][info   ][gc          ] GC(49) Pause Final Mark (unload classes) 0.154ms
[142.604s][info   ][gc          ] GC(49) Concurrent weak references 0.031ms
[142.604s][info   ][gc          ] GC(49) Concurrent weak roots 0.405ms
[142.604s][info   ][gc          ] GC(49) Concurrent cleanup 1447M->1447M(6144M) 0.040ms
[142.605s][info   ][gc          ] GC(49) Concurrent class unloading 0.570ms
[142.605s][info   ][gc          ] GC(49) Pause Final Roots 0.002ms
[142.605s][info   ][gc,metaspace] Metaspace: 11062K(11264K)->11062K(11264K) NonClass: 9322K(9472K)->9322K(9472K) Class: 1739K(1792K)->1739K(1792K)
[142.615s][info   ][gc          ] Trigger: GC request (System.gc())
[142.617s][info   ][gc          ] GC(50) Concurrent reset 2.284ms
[142.617s][info   ][gc          ] GC(50) Pause Init Mark (unload classes) 0.029ms
[142.617s][info   ][gc          ] GC(50) Concurrent marking roots 0.091ms
[145.442s][info   ][gc          ] GC(50) Concurrent marking (unload classes) 2824.841ms
[145.442s][info   ][gc          ] GC(50) Pause Final Mark (unload classes) 0.174ms
[145.443s][info   ][gc          ] GC(50) Concurrent weak references 0.028ms
[145.443s][info   ][gc          ] GC(50) Concurrent weak roots 0.408ms
[145.443s][info   ][gc          ] GC(50) Concurrent cleanup 1447M->1447M(6144M) 0.036ms
[145.444s][info   ][gc          ] GC(50) Concurrent class unloading 0.598ms
[145.444s][info   ][gc          ] GC(50) Pause Final Roots 0.002ms
[145.444s][info   ][gc,metaspace] Metaspace: 11062K(11264K)->11062K(11264K) NonClass: 9322K(9472K)->9322K(9472K) Class: 1739K(1792K)->1739K(1792K)
[145.454s][info   ][gc          ] Trigger: GC request (System.gc())
[145.456s][info   ][gc          ] GC(51) Concurrent reset 2.291ms
[145.456s][info   ][gc          ] GC(51) Pause Init Mark (unload classes) 0.025ms
[145.456s][info   ][gc          ] GC(51) Concurrent marking roots 0.087ms
[148.313s][info   ][gc          ] GC(51) Concurrent marking (unload classes) 2856.771ms
[148.313s][info   ][gc          ] GC(51) Pause Final Mark (unload classes) 0.161ms
[148.313s][info   ][gc          ] GC(51) Concurrent weak references 0.025ms
[148.314s][info   ][gc          ] GC(51) Concurrent weak roots 0.401ms
[148.314s][info   ][gc          ] GC(51) Concurrent cleanup 1447M->1447M(6144M) 0.040ms
[148.314s][info   ][gc          ] GC(51) Concurrent class unloading 0.548ms
[148.314s][info   ][gc          ] GC(51) Pause Final Roots 0.002ms
[148.314s][info   ][gc,metaspace] Metaspace: 11062K(11264K)->11062K(11264K) NonClass: 9322K(9472K)->9322K(9472K) Class: 1739K(1792K)->1739K(1792K)
[148.324s][info   ][gc          ] Trigger: GC request (System.gc())
[148.327s][info   ][gc          ] GC(52) Concurrent reset 2.285ms
[148.327s][info   ][gc          ] GC(52) Pause Init Mark (unload classes) 0.033ms
[148.327s][info   ][gc          ] GC(52) Concurrent marking roots 0.115ms
[151.152s][info   ][gc          ] GC(52) Concurrent marking (unload classes) 2825.026ms
[151.152s][info   ][gc          ] GC(52) Pause Final Mark (unload classes) 0.150ms
[151.152s][info   ][gc          ] GC(52) Concurrent weak references 0.019ms
[151.153s][info   ][gc          ] GC(52) Concurrent weak roots 0.345ms
[151.153s][info   ][gc          ] GC(52) Concurrent cleanup 1447M->1447M(6144M) 0.031ms
[151.153s][info   ][gc          ] GC(52) Concurrent class unloading 0.644ms
[151.153s][info   ][gc          ] GC(52) Pause Final Roots 0.002ms
[151.153s][info   ][gc,metaspace] Metaspace: 11062K(11264K)->11062K(11264K) NonClass: 9322K(9472K)->9322K(9472K) Class: 1739K(1792K)->1739K(1792K)
[151.163s][info   ][gc          ] Trigger: GC request (System.gc())
[151.166s][info   ][gc          ] GC(53) Concurrent reset 2.468ms
[151.166s][info   ][gc          ] GC(53) Pause Init Mark (unload classes) 0.051ms
[151.166s][info   ][gc          ] GC(53) Concurrent marking roots 0.114ms
[153.945s][info   ][gc          ] GC(53) Concurrent marking (unload classes) 2779.118ms
[153.946s][info   ][gc          ] GC(53) Pause Final Mark (unload classes) 0.178ms
[153.946s][info   ][gc          ] GC(53) Concurrent weak references 0.022ms
[153.946s][info   ][gc          ] GC(53) Concurrent weak roots 0.350ms
[153.947s][info   ][gc          ] GC(53) Concurrent cleanup 1447M->1447M(6144M) 0.044ms
[153.947s][info   ][gc          ] GC(53) Concurrent class unloading 0.786ms
[153.947s][info   ][gc          ] GC(53) Pause Final Roots 0.002ms
[153.947s][info   ][gc,metaspace] Metaspace: 11062K(11264K)->11062K(11264K) NonClass: 9322K(9472K)->9322K(9472K) Class: 1739K(1792K)->1739K(1792K)
[153.957s][info   ][gc          ] Trigger: GC request (System.gc())
[153.960s][info   ][gc          ] GC(54) Concurrent reset 2.302ms
[153.960s][info   ][gc          ] GC(54) Pause Init Mark (unload classes) 0.025ms
[153.960s][info   ][gc          ] GC(54) Concurrent marking roots 0.100ms
[156.785s][info   ][gc          ] GC(54) Concurrent marking (unload classes) 2824.524ms
[156.785s][info   ][gc          ] GC(54) Pause Final Mark (unload classes) 0.183ms
[156.785s][info   ][gc          ] GC(54) Concurrent weak references 0.033ms
[156.785s][info   ][gc          ] GC(54) Concurrent weak roots 0.359ms
[156.785s][info   ][gc          ] GC(54) Concurrent cleanup 1447M->1447M(6144M) 0.042ms
[156.786s][info   ][gc          ] GC(54) Concurrent class unloading 0.755ms
[156.786s][info   ][gc          ] GC(54) Pause Final Roots 0.002ms
[156.786s][info   ][gc,metaspace] Metaspace: 11062K(11264K)->11062K(11264K) NonClass: 9322K(9472K)->9322K(9472K) Class: 1739K(1792K)->1739K(1792K)
[156.796s][info   ][gc          ] Trigger: GC request (System.gc())
[156.798s][info   ][gc          ] GC(55) Concurrent reset 2.316ms
[156.799s][info   ][gc          ] GC(55) Pause Init Mark (unload classes) 0.034ms
[156.799s][info   ][gc          ] GC(55) Concurrent marking roots 0.103ms
[159.632s][info   ][gc          ] GC(55) Concurrent marking (unload classes) 2832.879ms
[159.632s][info   ][gc          ] GC(55) Pause Final Mark (unload classes) 0.166ms
[159.632s][info   ][gc          ] GC(55) Concurrent weak references 0.042ms
[159.633s][info   ][gc          ] GC(55) Concurrent weak roots 0.382ms
[159.633s][info   ][gc          ] GC(55) Concurrent cleanup 1447M->1447M(6144M) 0.040ms
[159.634s][info   ][gc          ] GC(55) Concurrent class unloading 0.706ms
[159.634s][info   ][gc          ] GC(55) Pause Final Roots 0.002ms
[159.634s][info   ][gc,metaspace] Metaspace: 11062K(11264K)->11062K(11264K) NonClass: 9322K(9472K)->9322K(9472K) Class: 1739K(1792K)->1739K(1792K)
[159.644s][info   ][gc          ] Trigger: GC request (System.gc())
[159.646s][info   ][gc          ] GC(56) Concurrent reset 2.491ms
[159.646s][info   ][gc          ] GC(56) Pause Init Mark (unload classes) 0.057ms
[159.647s][info   ][gc          ] GC(56) Concurrent marking roots 0.113ms
[162.472s][info   ][gc          ] GC(56) Concurrent marking (unload classes) 2825.846ms
[162.473s][info   ][gc          ] GC(56) Pause Final Mark (unload classes) 0.181ms
[162.473s][info   ][gc          ] GC(56) Concurrent weak references 0.025ms
[162.473s][info   ][gc          ] GC(56) Concurrent weak roots 0.347ms
[162.473s][info   ][gc          ] GC(56) Concurrent cleanup 1447M->1447M(6144M) 0.037ms
[162.474s][info   ][gc          ] GC(56) Concurrent class unloading 0.721ms
[162.474s][info   ][gc          ] GC(56) Pause Final Roots 0.002ms
[162.474s][info   ][gc,metaspace] Metaspace: 11062K(11264K)->11062K(11264K) NonClass: 9322K(9472K)->9322K(9472K) Class: 1739K(1792K)->1739K(1792K)
[162.484s][info   ][gc          ] Trigger: GC request (System.gc())
[162.486s][info   ][gc          ] GC(57) Concurrent reset 2.297ms
[162.486s][info   ][gc          ] GC(57) Pause Init Mark (unload classes) 0.033ms
[162.486s][info   ][gc          ] GC(57) Concurrent marking roots 0.106ms
[165.327s][info   ][gc          ] GC(57) Concurrent marking (unload classes) 2840.596ms
[165.327s][info   ][gc          ] GC(57) Pause Final Mark (unload classes) 0.147ms
[165.327s][info   ][gc          ] GC(57) Concurrent weak references 0.054ms
[165.328s][info   ][gc          ] GC(57) Concurrent weak roots 0.345ms
[165.328s][info   ][gc          ] GC(57) Concurrent cleanup 1447M->1447M(6144M) 0.031ms
[165.329s][info   ][gc          ] GC(57) Concurrent class unloading 0.729ms
[165.329s][info   ][gc          ] GC(57) Pause Final Roots 0.002ms
[165.329s][info   ][gc,metaspace] Metaspace: 11062K(11264K)->11062K(11264K) NonClass: 9322K(9472K)->9322K(9472K) Class: 1739K(1792K)->1739K(1792K)
[165.339s][info   ][gc          ] Trigger: GC request (System.gc())
[165.341s][info   ][gc          ] GC(58) Concurrent reset 2.469ms
[165.341s][info   ][gc          ] GC(58) Pause Init Mark (unload classes) 0.053ms
[165.341s][info   ][gc          ] GC(58) Concurrent marking roots 0.115ms
[168.169s][info   ][gc          ] GC(58) Concurrent marking (unload classes) 2827.312ms
[168.169s][info   ][gc          ] GC(58) Pause Final Mark (unload classes) 0.173ms
[168.169s][info   ][gc          ] GC(58) Concurrent weak references 0.020ms
[168.169s][info   ][gc          ] GC(58) Concurrent weak roots 0.371ms
[168.169s][info   ][gc          ] GC(58) Concurrent cleanup 1447M->1447M(6144M) 0.041ms
[168.170s][info   ][gc          ] GC(58) Concurrent class unloading 0.644ms
[168.170s][info   ][gc          ] GC(58) Pause Final Roots 0.003ms
[168.170s][info   ][gc,metaspace] Metaspace: 11062K(11264K)->11062K(11264K) NonClass: 9322K(9472K)->9322K(9472K) Class: 1739K(1792K)->1739K(1792K)
[168.180s][info   ][gc          ] Trigger: GC request (System.gc())
[168.183s][info   ][gc          ] GC(59) Concurrent reset 2.484ms
[168.183s][info   ][gc          ] GC(59) Pause Init Mark (unload classes) 0.056ms
[168.183s][info   ][gc          ] GC(59) Concurrent marking roots 0.106ms
[170.966s][info   ][gc          ] GC(59) Concurrent marking (unload classes) 2782.846ms
[170.966s][info   ][gc          ] GC(59) Pause Final Mark (unload classes) 0.160ms
[170.966s][info   ][gc          ] GC(59) Concurrent weak references 0.022ms
[170.966s][info   ][gc          ] GC(59) Concurrent weak roots 0.380ms
[170.967s][info   ][gc          ] GC(59) Concurrent cleanup 1447M->1447M(6144M) 0.041ms
[170.967s][info   ][gc          ] GC(59) Concurrent class unloading 0.786ms
[170.967s][info   ][gc          ] GC(59) Pause Final Roots 0.002ms
[170.967s][info   ][gc,metaspace] Metaspace: 11062K(11264K)->11062K(11264K) NonClass: 9322K(9472K)->9322K(9472K) Class: 1739K(1792K)->1739K(1792K)
After GCs... 
[170.975s][info   ][gc          ] Cancelling GC: Stopping VM
