[0.001s][info][metaspace]  - commit_granule_bytes: 65536.
[0.001s][info][metaspace]  - commit_granule_words: 8192.
[0.001s][info][metaspace]  - virtual_space_node_default_size: 8388608.
[0.001s][info][metaspace]  - enlarge_chunks_in_place: 1.
[0.001s][info][metaspace]  - use_allocation_guard: 0.
[0.350s][info][gc       ] Using The Z Garbage Collector
[0.350s][info][metaspace] Reserving compressed class space anywhere
[0.350s][info][gc,metaspace] CDS archive(s) not mapped
[0.350s][info][gc,metaspace] Compressed class space mapped at: 0x000000001c000000-0x00000000dc000000, reserved size: 3221225472
[0.350s][info][gc,metaspace] UseCompressedClassPointers 1, UseCompactObjectHeaders 1, narrow klass pointer bits 22, max shift 10
[0.350s][info][gc,metaspace] Narrow klass base: 0x000000001c000000, Narrow klass shift: 10, Narrow klass range: 0xc0000000
Random Seed: 12345678
Num Classes: 64
Num Objects: 67108864
Percent IK Objects: 83.0%)
Percent OAK Objects: 5.0%)
Percent TAK Objects: 12.0%)
Cycles: 50
Loading 64 pre-generated classes ...
Materialize pre-generated constructors ...
Creating objects...
[0.583s][info][gc          ] GC(0) Major Collection (System.gc())
[0.597s][info][gc,metaspace] GC(0) Y: Metaspace: 11M used, 11M committed, 3136M reserved
[0.601s][info][gc,metaspace] GC(0) Y: Metaspace: 11M used, 11M committed, 3136M reserved
[0.615s][info][gc,metaspace] GC(0) O: Metaspace: 11M used, 11M committed, 3136M reserved
[0.615s][info][gc          ] GC(0) Major Collection (System.gc()) 50M(1%)->44M(1%) 0.032s
[0.803s][info][gc          ] GC(1) Major Collection (Warmup)
[0.976s][info][gc,metaspace] GC(1) Y: Metaspace: 11M used, 11M committed, 3136M reserved
[0.995s][info][gc,metaspace] GC(1) O: Metaspace: 11M used, 11M committed, 3136M reserved
[0.995s][info][gc          ] GC(1) Major Collection (Warmup) 616M(10%)->860M(14%) 0.192s
[1.201s][info][gc          ] GC(2) Major Collection (Warmup)
[2.487s][info][gc,metaspace] GC(2) Y: Metaspace: 11M used, 11M committed, 3136M reserved
[2.492s][info][gc          ] GC(3) Minor Collection (Allocation Rate)
[4.644s][info][gc,metaspace] GC(3) y: Metaspace: 11M used, 11M committed, 3136M reserved
[4.644s][info][gc          ] GC(3) Minor Collection (Allocation Rate) 3034M(49%)->4294M(70%) 2.152s
[5.300s][info][gc          ] GC(4) Minor Collection (Allocation Rate)
[7.307s][info][gc          ] Allocation Stall (main) 1689.533ms
[7.903s][info][gc,metaspace] GC(4) y: Metaspace: 11M used, 11M committed, 3136M reserved
[7.903s][info][gc          ] GC(4) Minor Collection (Allocation Rate) 5520M(90%)->2934M(48%) 2.603s
[7.903s][info][gc,metaspace] GC(2) O: Metaspace: 11M used, 11M committed, 3136M reserved
[7.903s][info][gc          ] GC(2) Major Collection (Warmup) 1240M(20%)->2934M(48%) 6.702s
[7.913s][info][gc          ] GC(5) Major Collection (Warmup)
[10.902s][info][gc          ] Allocation Stall (main) 1327.511ms
[11.493s][info][gc,metaspace] GC(5) Y: Metaspace: 11M used, 11M committed, 3136M reserved
[11.494s][info][gc          ] GC(6) Minor Collection (Allocation Stall)
[14.352s][info][gc          ] Allocation Stall (main) 2497.398ms
[14.859s][info][gc,metaspace] GC(6) y: Metaspace: 11M used, 11M committed, 3136M reserved
[14.859s][info][gc          ] GC(6) Minor Collection (Allocation Stall) 5428M(88%)->3226M(53%) 3.366s
[15.384s][info][gc          ] GC(7) Minor Collection (Allocation Rate)
67108864 Objects created
 - IK: 55699211 (82.99829%)
 - OAK: 3355627 (5.0002737%)
 - TAK: 8054026 (12.001434%)
Preparatory GC...
[17.610s][info][gc,metaspace] GC(7) y: Metaspace: 11M used, 11M committed, 3136M reserved
[17.611s][info][gc          ] GC(7) Minor Collection (Allocation Rate) 3838M(62%)->2336M(38%) 2.226s
[17.611s][info][gc,metaspace] GC(5) O: Metaspace: 11M used, 11M committed, 3136M reserved
[17.611s][info][gc          ] GC(5) Major Collection (Warmup) 2948M(48%)->2336M(38%) 9.698s
[17.611s][info][gc          ] GC(8) Major Collection (System.gc())
[19.929s][info][gc,metaspace] GC(8) Y: Metaspace: 11M used, 11M committed, 3136M reserved
[20.472s][info][gc,metaspace] GC(8) Y: Metaspace: 11M used, 11M committed, 3136M reserved
[23.309s][info][gc,metaspace] GC(8) O: Metaspace: 11M used, 11M committed, 3136M reserved
[23.309s][info][gc          ] GC(8) Major Collection (System.gc()) 2336M(38%)->2188M(36%) 5.698s
[23.309s][info][gc          ] GC(9) Major Collection (System.gc())
[23.316s][info][gc,metaspace] GC(9) Y: Metaspace: 11M used, 11M committed, 3136M reserved
[23.323s][info][gc,metaspace] GC(9) Y: Metaspace: 11M used, 11M committed, 3136M reserved
[25.888s][info][gc,metaspace] GC(9) O: Metaspace: 11M used, 11M committed, 3136M reserved
[25.888s][info][gc          ] GC(9) Major Collection (System.gc()) 2188M(36%)->2188M(36%) 2.578s
Done; will start GCs... 
[25.892s][info][gc          ] GC(10) Major Collection (System.gc())
[25.899s][info][gc,metaspace] GC(10) Y: Metaspace: 11M used, 11M committed, 3136M reserved
[25.906s][info][gc,metaspace] GC(10) Y: Metaspace: 11M used, 11M committed, 3136M reserved
[28.451s][info][gc,metaspace] GC(10) O: Metaspace: 11M used, 11M committed, 3136M reserved
[28.452s][info][gc          ] GC(10) Major Collection (System.gc()) 2190M(36%)->2188M(36%) 2.559s
[28.452s][info][gc          ] GC(11) Major Collection (System.gc())
[28.457s][info][gc,metaspace] GC(11) Y: Metaspace: 11M used, 11M committed, 3136M reserved
[28.463s][info][gc,metaspace] GC(11) Y: Metaspace: 11M used, 11M committed, 3136M reserved
[30.964s][info][gc,metaspace] GC(11) O: Metaspace: 11M used, 11M committed, 3136M reserved
[30.964s][info][gc          ] GC(11) Major Collection (System.gc()) 2188M(36%)->2188M(36%) 2.512s
[30.964s][info][gc          ] GC(12) Major Collection (System.gc())
[30.975s][info][gc,metaspace] GC(12) Y: Metaspace: 11M used, 11M committed, 3136M reserved
[30.981s][info][gc,metaspace] GC(12) Y: Metaspace: 11M used, 11M committed, 3136M reserved
[33.330s][info][gc,metaspace] GC(12) O: Metaspace: 11M used, 11M committed, 3136M reserved
[33.330s][info][gc          ] GC(12) Major Collection (System.gc()) 2188M(36%)->2188M(36%) 2.366s
[33.330s][info][gc          ] GC(13) Major Collection (System.gc())
[33.336s][info][gc,metaspace] GC(13) Y: Metaspace: 11M used, 11M committed, 3136M reserved
[33.341s][info][gc,metaspace] GC(13) Y: Metaspace: 11M used, 11M committed, 3136M reserved
[35.890s][info][gc,metaspace] GC(13) O: Metaspace: 11M used, 11M committed, 3136M reserved
[35.890s][info][gc          ] GC(13) Major Collection (System.gc()) 2188M(36%)->2188M(36%) 2.560s
[35.890s][info][gc          ] GC(14) Major Collection (System.gc())
[35.896s][info][gc,metaspace] GC(14) Y: Metaspace: 11M used, 11M committed, 3136M reserved
[35.902s][info][gc,metaspace] GC(14) Y: Metaspace: 11M used, 11M committed, 3136M reserved
[38.611s][info][gc,metaspace] GC(14) O: Metaspace: 11M used, 11M committed, 3136M reserved
[38.611s][info][gc          ] GC(14) Major Collection (System.gc()) 2188M(36%)->2188M(36%) 2.721s
[38.611s][info][gc          ] GC(15) Major Collection (System.gc())
[38.617s][info][gc,metaspace] GC(15) Y: Metaspace: 11M used, 11M committed, 3136M reserved
[38.623s][info][gc,metaspace] GC(15) Y: Metaspace: 11M used, 11M committed, 3136M reserved
[41.042s][info][gc,metaspace] GC(15) O: Metaspace: 11M used, 11M committed, 3136M reserved
[41.042s][info][gc          ] GC(15) Major Collection (System.gc()) 2188M(36%)->2188M(36%) 2.431s
[41.042s][info][gc          ] GC(16) Major Collection (System.gc())
[41.048s][info][gc,metaspace] GC(16) Y: Metaspace: 11M used, 11M committed, 3136M reserved
[41.054s][info][gc,metaspace] GC(16) Y: Metaspace: 11M used, 11M committed, 3136M reserved
[43.734s][info][gc,metaspace] GC(16) O: Metaspace: 11M used, 11M committed, 3136M reserved
[43.734s][info][gc          ] GC(16) Major Collection (System.gc()) 2188M(36%)->2188M(36%) 2.691s
[43.734s][info][gc          ] GC(17) Major Collection (System.gc())
[43.740s][info][gc,metaspace] GC(17) Y: Metaspace: 11M used, 11M committed, 3136M reserved
[43.746s][info][gc,metaspace] GC(17) Y: Metaspace: 11M used, 11M committed, 3136M reserved
[46.517s][info][gc,metaspace] GC(17) O: Metaspace: 11M used, 11M committed, 3136M reserved
[46.517s][info][gc          ] GC(17) Major Collection (System.gc()) 2188M(36%)->2188M(36%) 2.783s
[46.517s][info][gc          ] GC(18) Major Collection (System.gc())
[46.523s][info][gc,metaspace] GC(18) Y: Metaspace: 11M used, 11M committed, 3136M reserved
[46.529s][info][gc,metaspace] GC(18) Y: Metaspace: 11M used, 11M committed, 3136M reserved
[48.989s][info][gc,metaspace] GC(18) O: Metaspace: 11M used, 11M committed, 3136M reserved
[48.989s][info][gc          ] GC(18) Major Collection (System.gc()) 2188M(36%)->2188M(36%) 2.472s
[48.989s][info][gc          ] GC(19) Major Collection (System.gc())
[48.995s][info][gc,metaspace] GC(19) Y: Metaspace: 11M used, 11M committed, 3136M reserved
[49.001s][info][gc,metaspace] GC(19) Y: Metaspace: 11M used, 11M committed, 3136M reserved
[51.738s][info][gc,metaspace] GC(19) O: Metaspace: 11M used, 11M committed, 3136M reserved
[51.738s][info][gc          ] GC(19) Major Collection (System.gc()) 2188M(36%)->2188M(36%) 2.749s
[51.738s][info][gc          ] GC(20) Major Collection (System.gc())
[51.744s][info][gc,metaspace] GC(20) Y: Metaspace: 11M used, 11M committed, 3136M reserved
[51.751s][info][gc,metaspace] GC(20) Y: Metaspace: 11M used, 11M committed, 3136M reserved
[54.493s][info][gc,metaspace] GC(20) O: Metaspace: 11M used, 11M committed, 3136M reserved
[54.493s][info][gc          ] GC(20) Major Collection (System.gc()) 2188M(36%)->2188M(36%) 2.754s
[54.497s][info][gc          ] GC(21) Major Collection (System.gc())
[54.503s][info][gc,metaspace] GC(21) Y: Metaspace: 11M used, 11M committed, 3136M reserved
[54.510s][info][gc,metaspace] GC(21) Y: Metaspace: 11M used, 11M committed, 3136M reserved
[56.909s][info][gc,metaspace] GC(21) O: Metaspace: 11M used, 11M committed, 3136M reserved
[56.909s][info][gc          ] GC(21) Major Collection (System.gc()) 2188M(36%)->2188M(36%) 2.412s
[56.909s][info][gc          ] GC(22) Major Collection (System.gc())
[56.916s][info][gc,metaspace] GC(22) Y: Metaspace: 11M used, 11M committed, 3136M reserved
[56.922s][info][gc,metaspace] GC(22) Y: Metaspace: 11M used, 11M committed, 3136M reserved
[59.605s][info][gc,metaspace] GC(22) O: Metaspace: 11M used, 11M committed, 3136M reserved
[59.605s][info][gc          ] GC(22) Major Collection (System.gc()) 2188M(36%)->2188M(36%) 2.695s
[59.609s][info][gc          ] GC(23) Major Collection (System.gc())
[59.616s][info][gc,metaspace] GC(23) Y: Metaspace: 11M used, 11M committed, 3136M reserved
[59.622s][info][gc,metaspace] GC(23) Y: Metaspace: 11M used, 11M committed, 3136M reserved
[62.013s][info][gc,metaspace] GC(23) O: Metaspace: 11M used, 11M committed, 3136M reserved
[62.013s][info][gc          ] GC(23) Major Collection (System.gc()) 2188M(36%)->2190M(36%) 2.403s
[62.013s][info][gc          ] GC(24) Major Collection (System.gc())
[62.019s][info][gc,metaspace] GC(24) Y: Metaspace: 11M used, 11M committed, 3136M reserved
[62.025s][info][gc,metaspace] GC(24) Y: Metaspace: 11M used, 11M committed, 3136M reserved
[65.156s][info][gc,metaspace] GC(24) O: Metaspace: 11M used, 11M committed, 3136M reserved
[65.156s][info][gc          ] GC(24) Major Collection (System.gc()) 2190M(36%)->2190M(36%) 3.143s
[65.156s][info][gc          ] GC(25) Major Collection (System.gc())
[65.162s][info][gc,metaspace] GC(25) Y: Metaspace: 11M used, 11M committed, 3136M reserved
[65.168s][info][gc,metaspace] GC(25) Y: Metaspace: 11M used, 11M committed, 3136M reserved
[67.865s][info][gc,metaspace] GC(25) O: Metaspace: 11M used, 11M committed, 3136M reserved
[67.865s][info][gc          ] GC(25) Major Collection (System.gc()) 2190M(36%)->2190M(36%) 2.709s
[67.865s][info][gc          ] GC(26) Major Collection (System.gc())
[67.871s][info][gc,metaspace] GC(26) Y: Metaspace: 11M used, 11M committed, 3136M reserved
[67.878s][info][gc,metaspace] GC(26) Y: Metaspace: 11M used, 11M committed, 3136M reserved
[71.045s][info][gc,metaspace] GC(26) O: Metaspace: 11M used, 11M committed, 3136M reserved
[71.045s][info][gc          ] GC(26) Major Collection (System.gc()) 2190M(36%)->2190M(36%) 3.180s
[71.045s][info][gc          ] GC(27) Major Collection (System.gc())
[71.052s][info][gc,metaspace] GC(27) Y: Metaspace: 11M used, 11M committed, 3136M reserved
[71.058s][info][gc,metaspace] GC(27) Y: Metaspace: 11M used, 11M committed, 3136M reserved
[73.749s][info][gc,metaspace] GC(27) O: Metaspace: 11M used, 11M committed, 3136M reserved
[73.749s][info][gc          ] GC(27) Major Collection (System.gc()) 2190M(36%)->2190M(36%) 2.704s
[73.749s][info][gc          ] GC(28) Major Collection (System.gc())
[73.755s][info][gc,metaspace] GC(28) Y: Metaspace: 11M used, 11M committed, 3136M reserved
[73.761s][info][gc,metaspace] GC(28) Y: Metaspace: 11M used, 11M committed, 3136M reserved
[77.025s][info][gc,metaspace] GC(28) O: Metaspace: 11M used, 11M committed, 3136M reserved
[77.025s][info][gc          ] GC(28) Major Collection (System.gc()) 2190M(36%)->2190M(36%) 3.276s
[77.025s][info][gc          ] GC(29) Major Collection (System.gc())
[77.031s][info][gc,metaspace] GC(29) Y: Metaspace: 11M used, 11M committed, 3136M reserved
[77.037s][info][gc,metaspace] GC(29) Y: Metaspace: 11M used, 11M committed, 3136M reserved
[79.968s][info][gc,metaspace] GC(29) O: Metaspace: 11M used, 11M committed, 3136M reserved
[79.968s][info][gc          ] GC(29) Major Collection (System.gc()) 2190M(36%)->2190M(36%) 2.943s
[79.969s][info][gc          ] GC(30) Major Collection (System.gc())
[79.975s][info][gc,metaspace] GC(30) Y: Metaspace: 11M used, 11M committed, 3136M reserved
[79.981s][info][gc,metaspace] GC(30) Y: Metaspace: 11M used, 11M committed, 3136M reserved
[82.650s][info][gc,metaspace] GC(30) O: Metaspace: 11M used, 11M committed, 3136M reserved
[82.650s][info][gc          ] GC(30) Major Collection (System.gc()) 2190M(36%)->2190M(36%) 2.681s
[82.650s][info][gc          ] GC(31) Major Collection (System.gc())
[82.661s][info][gc,metaspace] GC(31) Y: Metaspace: 11M used, 11M committed, 3136M reserved
[82.667s][info][gc,metaspace] GC(31) Y: Metaspace: 11M used, 11M committed, 3136M reserved
[85.217s][info][gc,metaspace] GC(31) O: Metaspace: 11M used, 11M committed, 3136M reserved
[85.217s][info][gc          ] GC(31) Major Collection (System.gc()) 2190M(36%)->2190M(36%) 2.568s
[85.218s][info][gc          ] GC(32) Major Collection (System.gc())
[85.223s][info][gc,metaspace] GC(32) Y: Metaspace: 11M used, 11M committed, 3136M reserved
[85.229s][info][gc,metaspace] GC(32) Y: Metaspace: 11M used, 11M committed, 3136M reserved
[87.892s][info][gc,metaspace] GC(32) O: Metaspace: 11M used, 11M committed, 3136M reserved
[87.892s][info][gc          ] GC(32) Major Collection (System.gc()) 2190M(36%)->2190M(36%) 2.674s
[87.892s][info][gc          ] GC(33) Major Collection (System.gc())
[87.903s][info][gc,metaspace] GC(33) Y: Metaspace: 11M used, 11M committed, 3136M reserved
[87.910s][info][gc,metaspace] GC(33) Y: Metaspace: 11M used, 11M committed, 3136M reserved
[90.255s][info][gc,metaspace] GC(33) O: Metaspace: 11M used, 11M committed, 3136M reserved
[90.255s][info][gc          ] GC(33) Major Collection (System.gc()) 2190M(36%)->2190M(36%) 2.363s
[90.255s][info][gc          ] GC(34) Major Collection (System.gc())
[90.261s][info][gc,metaspace] GC(34) Y: Metaspace: 11M used, 11M committed, 3136M reserved
[90.268s][info][gc,metaspace] GC(34) Y: Metaspace: 11M used, 11M committed, 3136M reserved
[92.841s][info][gc,metaspace] GC(34) O: Metaspace: 11M used, 11M committed, 3136M reserved
[92.841s][info][gc          ] GC(34) Major Collection (System.gc()) 2190M(36%)->2190M(36%) 2.586s
[92.841s][info][gc          ] GC(35) Major Collection (System.gc())
[92.848s][info][gc,metaspace] GC(35) Y: Metaspace: 11M used, 11M committed, 3136M reserved
[92.854s][info][gc,metaspace] GC(35) Y: Metaspace: 11M used, 11M committed, 3136M reserved
[95.840s][info][gc,metaspace] GC(35) O: Metaspace: 11M used, 11M committed, 3136M reserved
[95.840s][info][gc          ] GC(35) Major Collection (System.gc()) 2190M(36%)->2190M(36%) 2.998s
[95.840s][info][gc          ] GC(36) Major Collection (System.gc())
[95.846s][info][gc,metaspace] GC(36) Y: Metaspace: 11M used, 11M committed, 3136M reserved
[95.852s][info][gc,metaspace] GC(36) Y: Metaspace: 11M used, 11M committed, 3136M reserved
[98.605s][info][gc,metaspace] GC(36) O: Metaspace: 11M used, 11M committed, 3136M reserved
[98.605s][info][gc          ] GC(36) Major Collection (System.gc()) 2190M(36%)->2190M(36%) 2.766s
[98.606s][info][gc          ] GC(37) Major Collection (System.gc())
[98.612s][info][gc,metaspace] GC(37) Y: Metaspace: 11M used, 11M committed, 3136M reserved
[98.618s][info][gc,metaspace] GC(37) Y: Metaspace: 11M used, 11M committed, 3136M reserved
[101.026s][info][gc,metaspace] GC(37) O: Metaspace: 11M used, 11M committed, 3136M reserved
[101.026s][info][gc          ] GC(37) Major Collection (System.gc()) 2190M(36%)->2190M(36%) 2.420s
[101.026s][info][gc          ] GC(38) Major Collection (System.gc())
[101.032s][info][gc,metaspace] GC(38) Y: Metaspace: 11M used, 11M committed, 3136M reserved
[101.038s][info][gc,metaspace] GC(38) Y: Metaspace: 11M used, 11M committed, 3136M reserved
[103.746s][info][gc,metaspace] GC(38) O: Metaspace: 11M used, 11M committed, 3136M reserved
[103.746s][info][gc          ] GC(38) Major Collection (System.gc()) 2190M(36%)->2190M(36%) 2.720s
[103.746s][info][gc          ] GC(39) Major Collection (System.gc())
[103.752s][info][gc,metaspace] GC(39) Y: Metaspace: 11M used, 11M committed, 3136M reserved
[103.758s][info][gc,metaspace] GC(39) Y: Metaspace: 11M used, 11M committed, 3136M reserved
[106.553s][info][gc,metaspace] GC(39) O: Metaspace: 11M used, 11M committed, 3136M reserved
[106.553s][info][gc          ] GC(39) Major Collection (System.gc()) 2190M(36%)->2190M(36%) 2.807s
[106.553s][info][gc          ] GC(40) Major Collection (System.gc())
[106.564s][info][gc,metaspace] GC(40) Y: Metaspace: 11M used, 11M committed, 3136M reserved
[106.570s][info][gc,metaspace] GC(40) Y: Metaspace: 11M used, 11M committed, 3136M reserved
[108.980s][info][gc,metaspace] GC(40) O: Metaspace: 11M used, 11M committed, 3136M reserved
[108.980s][info][gc          ] GC(40) Major Collection (System.gc()) 2190M(36%)->2190M(36%) 2.427s
[108.980s][info][gc          ] GC(41) Major Collection (System.gc())
[108.986s][info][gc,metaspace] GC(41) Y: Metaspace: 11M used, 11M committed, 3136M reserved
[108.991s][info][gc,metaspace] GC(41) Y: Metaspace: 11M used, 11M committed, 3136M reserved
[111.730s][info][gc,metaspace] GC(41) O: Metaspace: 11M used, 11M committed, 3136M reserved
[111.731s][info][gc          ] GC(41) Major Collection (System.gc()) 2190M(36%)->2190M(36%) 2.751s
[111.731s][info][gc          ] GC(42) Major Collection (System.gc())
[111.742s][info][gc,metaspace] GC(42) Y: Metaspace: 11M used, 11M committed, 3136M reserved
[111.748s][info][gc,metaspace] GC(42) Y: Metaspace: 11M used, 11M committed, 3136M reserved
[114.124s][info][gc,metaspace] GC(42) O: Metaspace: 11M used, 11M committed, 3136M reserved
[114.124s][info][gc          ] GC(42) Major Collection (System.gc()) 2190M(36%)->2190M(36%) 2.393s
[114.124s][info][gc          ] GC(43) Major Collection (System.gc())
[114.131s][info][gc,metaspace] GC(43) Y: Metaspace: 11M used, 11M committed, 3136M reserved
[114.137s][info][gc,metaspace] GC(43) Y: Metaspace: 11M used, 11M committed, 3136M reserved
[116.772s][info][gc,metaspace] GC(43) O: Metaspace: 11M used, 11M committed, 3136M reserved
[116.772s][info][gc          ] GC(43) Major Collection (System.gc()) 2190M(36%)->2190M(36%) 2.648s
[116.773s][info][gc          ] GC(44) Major Collection (System.gc())
[116.783s][info][gc,metaspace] GC(44) Y: Metaspace: 11M used, 11M committed, 3136M reserved
[116.790s][info][gc,metaspace] GC(44) Y: Metaspace: 11M used, 11M committed, 3136M reserved
[119.129s][info][gc,metaspace] GC(44) O: Metaspace: 11M used, 11M committed, 3136M reserved
[119.130s][info][gc          ] GC(44) Major Collection (System.gc()) 2190M(36%)->2190M(36%) 2.357s
[119.130s][info][gc          ] GC(45) Major Collection (System.gc())
[119.136s][info][gc,metaspace] GC(45) Y: Metaspace: 11M used, 11M committed, 3136M reserved
[119.142s][info][gc,metaspace] GC(45) Y: Metaspace: 11M used, 11M committed, 3136M reserved
[121.781s][info][gc,metaspace] GC(45) O: Metaspace: 11M used, 11M committed, 3136M reserved
[121.781s][info][gc          ] GC(45) Major Collection (System.gc()) 2190M(36%)->2192M(36%) 2.651s
[121.781s][info][gc          ] GC(46) Major Collection (System.gc())
[121.792s][info][gc,metaspace] GC(46) Y: Metaspace: 11M used, 11M committed, 3136M reserved
[121.798s][info][gc,metaspace] GC(46) Y: Metaspace: 11M used, 11M committed, 3136M reserved
[124.162s][info][gc,metaspace] GC(46) O: Metaspace: 11M used, 11M committed, 3136M reserved
[124.162s][info][gc          ] GC(46) Major Collection (System.gc()) 2192M(36%)->2190M(36%) 2.382s
[124.163s][info][gc          ] GC(47) Major Collection (System.gc())
[124.169s][info][gc,metaspace] GC(47) Y: Metaspace: 11M used, 11M committed, 3136M reserved
[124.175s][info][gc,metaspace] GC(47) Y: Metaspace: 11M used, 11M committed, 3136M reserved
[126.800s][info][gc,metaspace] GC(47) O: Metaspace: 11M used, 11M committed, 3136M reserved
[126.800s][info][gc          ] GC(47) Major Collection (System.gc()) 2190M(36%)->2190M(36%) 2.637s
[126.800s][info][gc          ] GC(48) Major Collection (System.gc())
[126.811s][info][gc,metaspace] GC(48) Y: Metaspace: 11M used, 11M committed, 3136M reserved
[126.817s][info][gc,metaspace] GC(48) Y: Metaspace: 11M used, 11M committed, 3136M reserved
[129.174s][info][gc,metaspace] GC(48) O: Metaspace: 11M used, 11M committed, 3136M reserved
[129.174s][info][gc          ] GC(48) Major Collection (System.gc()) 2190M(36%)->2190M(36%) 2.374s
[129.174s][info][gc          ] GC(49) Major Collection (System.gc())
[129.180s][info][gc,metaspace] GC(49) Y: Metaspace: 11M used, 11M committed, 3136M reserved
[129.185s][info][gc,metaspace] GC(49) Y: Metaspace: 11M used, 11M committed, 3136M reserved
[131.772s][info][gc,metaspace] GC(49) O: Metaspace: 11M used, 11M committed, 3136M reserved
[131.772s][info][gc          ] GC(49) Major Collection (System.gc()) 2190M(36%)->2190M(36%) 2.598s
[131.772s][info][gc          ] GC(50) Major Collection (System.gc())
[131.779s][info][gc,metaspace] GC(50) Y: Metaspace: 11M used, 11M committed, 3136M reserved
[131.785s][info][gc,metaspace] GC(50) Y: Metaspace: 11M used, 11M committed, 3136M reserved
[134.541s][info][gc,metaspace] GC(50) O: Metaspace: 11M used, 11M committed, 3136M reserved
[134.541s][info][gc          ] GC(50) Major Collection (System.gc()) 2190M(36%)->2190M(36%) 2.769s
[134.542s][info][gc          ] GC(51) Major Collection (System.gc())
[134.547s][info][gc,metaspace] GC(51) Y: Metaspace: 11M used, 11M committed, 3136M reserved
[134.553s][info][gc,metaspace] GC(51) Y: Metaspace: 11M used, 11M committed, 3136M reserved
[136.987s][info][gc,metaspace] GC(51) O: Metaspace: 11M used, 11M committed, 3136M reserved
[136.987s][info][gc          ] GC(51) Major Collection (System.gc()) 2190M(36%)->2190M(36%) 2.446s
[136.987s][info][gc          ] GC(52) Major Collection (System.gc())
[136.993s][info][gc,metaspace] GC(52) Y: Metaspace: 11M used, 11M committed, 3136M reserved
[136.999s][info][gc,metaspace] GC(52) Y: Metaspace: 11M used, 11M committed, 3136M reserved
[139.746s][info][gc,metaspace] GC(52) O: Metaspace: 11M used, 11M committed, 3136M reserved
[139.746s][info][gc          ] GC(52) Major Collection (System.gc()) 2190M(36%)->2190M(36%) 2.758s
[139.746s][info][gc          ] GC(53) Major Collection (System.gc())
[139.756s][info][gc,metaspace] GC(53) Y: Metaspace: 11M used, 11M committed, 3136M reserved
[139.763s][info][gc,metaspace] GC(53) Y: Metaspace: 11M used, 11M committed, 3136M reserved
[142.137s][info][gc,metaspace] GC(53) O: Metaspace: 11M used, 11M committed, 3136M reserved
[142.137s][info][gc          ] GC(53) Major Collection (System.gc()) 2190M(36%)->2190M(36%) 2.392s
[142.138s][info][gc          ] GC(54) Major Collection (System.gc())
[142.144s][info][gc,metaspace] GC(54) Y: Metaspace: 11M used, 11M committed, 3136M reserved
[142.150s][info][gc,metaspace] GC(54) Y: Metaspace: 11M used, 11M committed, 3136M reserved
[144.796s][info][gc,metaspace] GC(54) O: Metaspace: 11M used, 11M committed, 3136M reserved
[144.796s][info][gc          ] GC(54) Major Collection (System.gc()) 2190M(36%)->2190M(36%) 2.658s
[144.796s][info][gc          ] GC(55) Major Collection (System.gc())
[144.807s][info][gc,metaspace] GC(55) Y: Metaspace: 11M used, 11M committed, 3136M reserved
[144.812s][info][gc,metaspace] GC(55) Y: Metaspace: 11M used, 11M committed, 3136M reserved
[147.154s][info][gc,metaspace] GC(55) O: Metaspace: 11M used, 11M committed, 3136M reserved
[147.154s][info][gc          ] GC(55) Major Collection (System.gc()) 2190M(36%)->2190M(36%) 2.358s
[147.154s][info][gc          ] GC(56) Major Collection (System.gc())
[147.160s][info][gc,metaspace] GC(56) Y: Metaspace: 11M used, 11M committed, 3136M reserved
[147.166s][info][gc,metaspace] GC(56) Y: Metaspace: 11M used, 11M committed, 3136M reserved
[149.801s][info][gc,metaspace] GC(56) O: Metaspace: 11M used, 11M committed, 3136M reserved
[149.801s][info][gc          ] GC(56) Major Collection (System.gc()) 2190M(36%)->2190M(36%) 2.647s
[149.801s][info][gc          ] GC(57) Major Collection (System.gc())
[149.812s][info][gc,metaspace] GC(57) Y: Metaspace: 11M used, 11M committed, 3136M reserved
[149.818s][info][gc,metaspace] GC(57) Y: Metaspace: 11M used, 11M committed, 3136M reserved
[152.184s][info][gc,metaspace] GC(57) O: Metaspace: 11M used, 11M committed, 3136M reserved
[152.184s][info][gc          ] GC(57) Major Collection (System.gc()) 2190M(36%)->2190M(36%) 2.383s
[152.184s][info][gc          ] GC(58) Major Collection (System.gc())
[152.190s][info][gc,metaspace] GC(58) Y: Metaspace: 11M used, 11M committed, 3136M reserved
[152.197s][info][gc,metaspace] GC(58) Y: Metaspace: 11M used, 11M committed, 3136M reserved
[154.799s][info][gc,metaspace] GC(58) O: Metaspace: 11M used, 11M committed, 3136M reserved
[154.799s][info][gc          ] GC(58) Major Collection (System.gc()) 2190M(36%)->2190M(36%) 2.614s
[154.799s][info][gc          ] GC(59) Major Collection (System.gc())
[154.805s][info][gc,metaspace] GC(59) Y: Metaspace: 11M used, 11M committed, 3136M reserved
[154.811s][info][gc,metaspace] GC(59) Y: Metaspace: 11M used, 11M committed, 3136M reserved
[157.551s][info][gc,metaspace] GC(59) O: Metaspace: 11M used, 11M committed, 3136M reserved
[157.551s][info][gc          ] GC(59) Major Collection (System.gc()) 2190M(36%)->2190M(36%) 2.752s
After GCs... 
