Done; will start GCs... 
[88.563s][info   ][gc,metaspace] GC(43) Metaspace: 89857K(103616K)->89857K(103616K) NonClass: 63158K(68992K)->63158K(68992K) Class: 26699K(34624K)->26699K(34624K)
[88.563s][info   ][gc          ] GC(43) Pause Full (System.gc()) 1610M->1608M(6144M) 3240.071ms
[91.782s][info   ][gc,metaspace] GC(44) Metaspace: 89857K(103616K)->89857K(103616K) NonClass: 63158K(68992K)->63158K(68992K) Class: 26699K(34624K)->26699K(34624K)
[91.782s][info   ][gc          ] GC(44) Pause Full (System.gc()) 1608M->1608M(6144M) 3218.581ms
[94.988s][info   ][gc,metaspace] GC(45) Metaspace: 89857K(103616K)->89857K(103616K) NonClass: 63158K(68992K)->63158K(68992K) Class: 26699K(34624K)->26699K(34624K)
[94.988s][info   ][gc          ] GC(45) Pause Full (System.gc()) 1608M->1608M(6144M) 3206.180ms
[98.209s][info   ][gc,metaspace] GC(46) Metaspace: 89857K(103616K)->89857K(103616K) NonClass: 63158K(68992K)->63158K(68992K) Class: 26699K(34624K)->26699K(34624K)
[98.209s][info   ][gc          ] GC(46) Pause Full (System.gc()) 1608M->1608M(6144M) 3221.078ms
[101.435s][info   ][gc,metaspace] GC(47) Metaspace: 89857K(103616K)->89857K(103616K) NonClass: 63158K(68992K)->63158K(68992K) Class: 26699K(34624K)->26699K(34624K)
[101.435s][info   ][gc          ] GC(47) Pause Full (System.gc()) 1608M->1608M(6144M) 3225.411ms
[104.677s][info   ][gc,metaspace] GC(48) Metaspace: 89857K(103616K)->89857K(103616K) NonClass: 63158K(68992K)->63158K(68992K) Class: 26699K(34624K)->26699K(34624K)
[104.677s][info   ][gc          ] GC(48) Pause Full (System.gc()) 1608M->1608M(6144M) 3242.575ms
[107.895s][info   ][gc,metaspace] GC(49) Metaspace: 89857K(103616K)->89857K(103616K) NonClass: 63158K(68992K)->63158K(68992K) Class: 26699K(34624K)->26699K(34624K)
[107.895s][info   ][gc          ] GC(49) Pause Full (System.gc()) 1608M->1608M(6144M) 3217.664ms
[111.119s][info   ][gc,metaspace] GC(50) Metaspace: 89857K(103616K)->89857K(103616K) NonClass: 63158K(68992K)->63158K(68992K) Class: 26699K(34624K)->26699K(34624K)
[111.119s][info   ][gc          ] GC(50) Pause Full (System.gc()) 1608M->1608M(6144M) 3224.087ms
[114.340s][info   ][gc,metaspace] GC(51) Metaspace: 89857K(103616K)->89857K(103616K) NonClass: 63158K(68992K)->63158K(68992K) Class: 26699K(34624K)->26699K(34624K)
[114.340s][info   ][gc          ] GC(51) Pause Full (System.gc()) 1608M->1608M(6144M) 3220.728ms
[117.595s][info   ][gc,metaspace] GC(52) Metaspace: 89857K(103616K)->89857K(103616K) NonClass: 63158K(68992K)->63158K(68992K) Class: 26699K(34624K)->26699K(34624K)
[117.595s][info   ][gc          ] GC(52) Pause Full (System.gc()) 1608M->1608M(6144M) 3254.663ms
[120.818s][info   ][gc,metaspace] GC(53) Metaspace: 89857K(103616K)->89857K(103616K) NonClass: 63158K(68992K)->63158K(68992K) Class: 26699K(34624K)->26699K(34624K)
[120.818s][info   ][gc          ] GC(53) Pause Full (System.gc()) 1608M->1608M(6144M) 3223.390ms
[124.031s][info   ][gc,metaspace] GC(54) Metaspace: 89857K(103616K)->89857K(103616K) NonClass: 63158K(68992K)->63158K(68992K) Class: 26699K(34624K)->26699K(34624K)
[124.031s][info   ][gc          ] GC(54) Pause Full (System.gc()) 1608M->1608M(6144M) 3212.234ms
[127.271s][info   ][gc,metaspace] GC(55) Metaspace: 89857K(103616K)->89857K(103616K) NonClass: 63158K(68992K)->63158K(68992K) Class: 26699K(34624K)->26699K(34624K)
[127.271s][info   ][gc          ] GC(55) Pause Full (System.gc()) 1608M->1608M(6144M) 3240.271ms
[130.515s][info   ][gc,metaspace] GC(56) Metaspace: 89857K(103616K)->89857K(103616K) NonClass: 63158K(68992K)->63158K(68992K) Class: 26699K(34624K)->26699K(34624K)
[130.515s][info   ][gc          ] GC(56) Pause Full (System.gc()) 1608M->1608M(6144M) 3243.898ms
[133.734s][info   ][gc,metaspace] GC(57) Metaspace: 89857K(103616K)->89857K(103616K) NonClass: 63158K(68992K)->63158K(68992K) Class: 26699K(34624K)->26699K(34624K)
[133.735s][info   ][gc          ] GC(57) Pause Full (System.gc()) 1608M->1608M(6144M) 3219.334ms
[136.948s][info   ][gc,metaspace] GC(58) Metaspace: 89857K(103616K)->89857K(103616K) NonClass: 63158K(68992K)->63158K(68992K) Class: 26699K(34624K)->26699K(34624K)
[136.948s][info   ][gc          ] GC(58) Pause Full (System.gc()) 1608M->1608M(6144M) 3213.305ms
[140.180s][info   ][gc,metaspace] GC(59) Metaspace: 89857K(103616K)->89857K(103616K) NonClass: 63158K(68992K)->63158K(68992K) Class: 26699K(34624K)->26699K(34624K)
[140.180s][info   ][gc          ] GC(59) Pause Full (System.gc()) 1608M->1608M(6144M) 3232.043ms
[143.384s][info   ][gc,metaspace] GC(60) Metaspace: 89857K(103616K)->89857K(103616K) NonClass: 63158K(68992K)->63158K(68992K) Class: 26699K(34624K)->26699K(34624K)
[143.384s][info   ][gc          ] GC(60) Pause Full (System.gc()) 1608M->1608M(6144M) 3204.135ms
[146.641s][info   ][gc,metaspace] GC(61) Metaspace: 89857K(103616K)->89857K(103616K) NonClass: 63158K(68992K)->63158K(68992K) Class: 26699K(34624K)->26699K(34624K)
[146.641s][info   ][gc          ] GC(61) Pause Full (System.gc()) 1610M->1608M(6144M) 3256.794ms
[149.868s][info   ][gc,metaspace] GC(62) Metaspace: 89857K(103616K)->89857K(103616K) NonClass: 63158K(68992K)->63158K(68992K) Class: 26699K(34624K)->26699K(34624K)
[149.868s][info   ][gc          ] GC(62) Pause Full (System.gc()) 1608M->1608M(6144M) 3227.250ms
[153.088s][info   ][gc,metaspace] GC(63) Metaspace: 89857K(103616K)->89857K(103616K) NonClass: 63158K(68992K)->63158K(68992K) Class: 26699K(34624K)->26699K(34624K)
[153.088s][info   ][gc          ] GC(63) Pause Full (System.gc()) 1608M->1608M(6144M) 3219.123ms
[156.328s][info   ][gc,metaspace] GC(64) Metaspace: 89857K(103616K)->89857K(103616K) NonClass: 63158K(68992K)->63158K(68992K) Class: 26699K(34624K)->26699K(34624K)
[156.328s][info   ][gc          ] GC(64) Pause Full (System.gc()) 1608M->1608M(6144M) 3240.518ms
[159.590s][info   ][gc,metaspace] GC(65) Metaspace: 89857K(103616K)->89857K(103616K) NonClass: 63158K(68992K)->63158K(68992K) Class: 26699K(34624K)->26699K(34624K)
[159.590s][info   ][gc          ] GC(65) Pause Full (System.gc()) 1608M->1608M(6144M) 3261.317ms
[162.794s][info   ][gc,metaspace] GC(66) Metaspace: 89857K(103616K)->89857K(103616K) NonClass: 63158K(68992K)->63158K(68992K) Class: 26699K(34624K)->26699K(34624K)
[162.794s][info   ][gc          ] GC(66) Pause Full (System.gc()) 1608M->1608M(6144M) 3204.411ms
[166.003s][info   ][gc,metaspace] GC(67) Metaspace: 89857K(103616K)->89857K(103616K) NonClass: 63158K(68992K)->63158K(68992K) Class: 26699K(34624K)->26699K(34624K)
[166.003s][info   ][gc          ] GC(67) Pause Full (System.gc()) 1608M->1608M(6144M) 3209.211ms
[169.230s][info   ][gc,metaspace] GC(68) Metaspace: 89857K(103616K)->89857K(103616K) NonClass: 63158K(68992K)->63158K(68992K) Class: 26699K(34624K)->26699K(34624K)
[169.230s][info   ][gc          ] GC(68) Pause Full (System.gc()) 1608M->1608M(6144M) 3226.311ms
[172.456s][info   ][gc,metaspace] GC(69) Metaspace: 89857K(103616K)->89857K(103616K) NonClass: 63158K(68992K)->63158K(68992K) Class: 26699K(34624K)->26699K(34624K)
[172.456s][info   ][gc          ] GC(69) Pause Full (System.gc()) 1608M->1608M(6144M) 3225.763ms
[175.709s][info   ][gc,metaspace] GC(70) Metaspace: 89857K(103616K)->89857K(103616K) NonClass: 63158K(68992K)->63158K(68992K) Class: 26699K(34624K)->26699K(34624K)
[175.709s][info   ][gc          ] GC(70) Pause Full (System.gc()) 1608M->1608M(6144M) 3253.432ms
[178.919s][info   ][gc,metaspace] GC(71) Metaspace: 89857K(103616K)->89857K(103616K) NonClass: 63158K(68992K)->63158K(68992K) Class: 26699K(34624K)->26699K(34624K)
[178.919s][info   ][gc          ] GC(71) Pause Full (System.gc()) 1608M->1608M(6144M) 3209.612ms
[182.148s][info   ][gc,metaspace] GC(72) Metaspace: 89857K(103616K)->89857K(103616K) NonClass: 63158K(68992K)->63158K(68992K) Class: 26699K(34624K)->26699K(34624K)
[182.148s][info   ][gc          ] GC(72) Pause Full (System.gc()) 1608M->1608M(6144M) 3229.505ms
[185.385s][info   ][gc,metaspace] GC(73) Metaspace: 89857K(103616K)->89857K(103616K) NonClass: 63158K(68992K)->63158K(68992K) Class: 26699K(34624K)->26699K(34624K)
[185.385s][info   ][gc          ] GC(73) Pause Full (System.gc()) 1608M->1608M(6144M) 3236.177ms
[188.628s][info   ][gc,metaspace] GC(74) Metaspace: 89857K(103616K)->89857K(103616K) NonClass: 63158K(68992K)->63158K(68992K) Class: 26699K(34624K)->26699K(34624K)
[188.628s][info   ][gc          ] GC(74) Pause Full (System.gc()) 1608M->1608M(6144M) 3243.559ms
[191.839s][info   ][gc,metaspace] GC(75) Metaspace: 89857K(103616K)->89857K(103616K) NonClass: 63158K(68992K)->63158K(68992K) Class: 26699K(34624K)->26699K(34624K)
[191.839s][info   ][gc          ] GC(75) Pause Full (System.gc()) 1608M->1608M(6144M) 3210.539ms
[195.055s][info   ][gc,metaspace] GC(76) Metaspace: 89857K(103616K)->89857K(103616K) NonClass: 63158K(68992K)->63158K(68992K) Class: 26699K(34624K)->26699K(34624K)
[195.055s][info   ][gc          ] GC(76) Pause Full (System.gc()) 1608M->1608M(6144M) 3216.127ms
[198.280s][info   ][gc,metaspace] GC(77) Metaspace: 89857K(103616K)->89857K(103616K) NonClass: 63158K(68992K)->63158K(68992K) Class: 26699K(34624K)->26699K(34624K)
[198.280s][info   ][gc          ] GC(77) Pause Full (System.gc()) 1608M->1608M(6144M) 3225.203ms
[201.533s][info   ][gc,metaspace] GC(78) Metaspace: 89857K(103616K)->89857K(103616K) NonClass: 63158K(68992K)->63158K(68992K) Class: 26699K(34624K)->26699K(34624K)
[201.533s][info   ][gc          ] GC(78) Pause Full (System.gc()) 1608M->1608M(6144M) 3252.761ms
[204.738s][info   ][gc,metaspace] GC(79) Metaspace: 89857K(103616K)->89857K(103616K) NonClass: 63158K(68992K)->63158K(68992K) Class: 26699K(34624K)->26699K(34624K)
[204.739s][info   ][gc          ] GC(79) Pause Full (System.gc()) 1608M->1608M(6144M) 3205.111ms
[207.948s][info   ][gc,metaspace] GC(80) Metaspace: 89857K(103616K)->89857K(103616K) NonClass: 63158K(68992K)->63158K(68992K) Class: 26699K(34624K)->26699K(34624K)
[207.948s][info   ][gc          ] GC(80) Pause Full (System.gc()) 1608M->1608M(6144M) 3209.856ms
[211.172s][info   ][gc,metaspace] GC(81) Metaspace: 89857K(103616K)->89857K(103616K) NonClass: 63158K(68992K)->63158K(68992K) Class: 26699K(34624K)->26699K(34624K)
[211.172s][info   ][gc          ] GC(81) Pause Full (System.gc()) 1608M->1608M(6144M) 3223.308ms
[214.379s][info   ][gc,metaspace] GC(82) Metaspace: 89857K(103616K)->89857K(103616K) NonClass: 63158K(68992K)->63158K(68992K) Class: 26699K(34624K)->26699K(34624K)
[214.379s][info   ][gc          ] GC(82) Pause Full (System.gc()) 1608M->1608M(6144M) 3207.445ms
[217.624s][info   ][gc,metaspace] GC(83) Metaspace: 89857K(103616K)->89857K(103616K) NonClass: 63158K(68992K)->63158K(68992K) Class: 26699K(34624K)->26699K(34624K)
[217.624s][info   ][gc          ] GC(83) Pause Full (System.gc()) 1608M->1608M(6144M) 3244.778ms
[220.848s][info   ][gc,metaspace] GC(84) Metaspace: 89857K(103616K)->89857K(103616K) NonClass: 63158K(68992K)->63158K(68992K) Class: 26699K(34624K)->26699K(34624K)
[220.848s][info   ][gc          ] GC(84) Pause Full (System.gc()) 1610M->1608M(6144M) 3223.354ms
[224.065s][info   ][gc,metaspace] GC(85) Metaspace: 89857K(103616K)->89857K(103616K) NonClass: 63158K(68992K)->63158K(68992K) Class: 26699K(34624K)->26699K(34624K)
[224.065s][info   ][gc          ] GC(85) Pause Full (System.gc()) 1608M->1608M(6144M) 3216.947ms
[227.298s][info   ][gc,metaspace] GC(86) Metaspace: 89857K(103616K)->89857K(103616K) NonClass: 63158K(68992K)->63158K(68992K) Class: 26699K(34624K)->26699K(34624K)
[227.298s][info   ][gc          ] GC(86) Pause Full (System.gc()) 1608M->1608M(6144M) 3232.898ms
[230.547s][info   ][gc,metaspace] GC(87) Metaspace: 89857K(103616K)->89857K(103616K) NonClass: 63158K(68992K)->63158K(68992K) Class: 26699K(34624K)->26699K(34624K)
[230.547s][info   ][gc          ] GC(87) Pause Full (System.gc()) 1608M->1608M(6144M) 3248.912ms
[233.767s][info   ][gc,metaspace] GC(88) Metaspace: 89857K(103616K)->89857K(103616K) NonClass: 63158K(68992K)->63158K(68992K) Class: 26699K(34624K)->26699K(34624K)
[233.767s][info   ][gc          ] GC(88) Pause Full (System.gc()) 1608M->1608M(6144M) 3219.820ms
[236.980s][info   ][gc,metaspace] GC(89) Metaspace: 89857K(103616K)->89857K(103616K) NonClass: 63158K(68992K)->63158K(68992K) Class: 26699K(34624K)->26699K(34624K)
[236.980s][info   ][gc          ] GC(89) Pause Full (System.gc()) 1608M->1608M(6144M) 3213.387ms
[240.207s][info   ][gc,metaspace] GC(90) Metaspace: 89857K(103616K)->89857K(103616K) NonClass: 63158K(68992K)->63158K(68992K) Class: 26699K(34624K)->26699K(34624K)
[240.207s][info   ][gc          ] GC(90) Pause Full (System.gc()) 1608M->1608M(6144M) 3226.789ms
[243.419s][info   ][gc,metaspace] GC(91) Metaspace: 89857K(103616K)->89857K(103616K) NonClass: 63158K(68992K)->63158K(68992K) Class: 26699K(34624K)->26699K(34624K)
[243.419s][info   ][gc          ] GC(91) Pause Full (System.gc()) 1608M->1608M(6144M) 3212.130ms
[246.660s][info   ][gc,metaspace] GC(92) Metaspace: 89857K(103616K)->89857K(103616K) NonClass: 63158K(68992K)->63158K(68992K) Class: 26699K(34624K)->26699K(34624K)
[246.660s][info   ][gc          ] GC(92) Pause Full (System.gc()) 1608M->1608M(6144M) 3240.879ms
After GCs... 
