Done; will start GCs... 
[83.487s][info   ][gc,metaspace] GC(36) Metaspace: 88065K(101824K)->88065K(101824K) NonClass: 69717K(75584K)->69717K(75584K) Class: 18348K(26240K)->18348K(26240K)
[83.487s][info   ][gc          ] GC(36) Pause Full (System.gc()) 1824M->1822M(6144M) 1639.432ms
[85.167s][info   ][gc,metaspace] GC(37) Metaspace: 88065K(101824K)->88065K(101824K) NonClass: 69717K(75584K)->69717K(75584K) Class: 18348K(26240K)->18348K(26240K)
[85.167s][info   ][gc          ] GC(37) Pause Full (System.gc()) 1822M->1822M(6144M) 1679.535ms
[86.840s][info   ][gc,metaspace] GC(38) Metaspace: 88065K(101824K)->88065K(101824K) NonClass: 69717K(75584K)->69717K(75584K) Class: 18348K(26240K)->18348K(26240K)
[86.840s][info   ][gc          ] GC(38) Pause Full (System.gc()) 1822M->1822M(6144M) 1672.912ms
[88.475s][info   ][gc,metaspace] GC(39) Metaspace: 88065K(101824K)->88065K(101824K) NonClass: 69717K(75584K)->69717K(75584K) Class: 18348K(26240K)->18348K(26240K)
[88.475s][info   ][gc          ] GC(39) Pause Full (System.gc()) 1822M->1822M(6144M) 1635.456ms
[90.143s][info   ][gc,metaspace] GC(40) Metaspace: 88065K(101824K)->88065K(101824K) NonClass: 69717K(75584K)->69717K(75584K) Class: 18348K(26240K)->18348K(26240K)
[90.143s][info   ][gc          ] GC(40) Pause Full (System.gc()) 1822M->1822M(6144M) 1667.726ms
[91.811s][info   ][gc,metaspace] GC(41) Metaspace: 88065K(101824K)->88065K(101824K) NonClass: 69717K(75584K)->69717K(75584K) Class: 18348K(26240K)->18348K(26240K)
[91.811s][info   ][gc          ] GC(41) Pause Full (System.gc()) 1822M->1822M(6144M) 1668.263ms
[93.440s][info   ][gc,metaspace] GC(42) Metaspace: 88065K(101824K)->88065K(101824K) NonClass: 69717K(75584K)->69717K(75584K) Class: 18348K(26240K)->18348K(26240K)
[93.440s][info   ][gc          ] GC(42) Pause Full (System.gc()) 1822M->1822M(6144M) 1628.985ms
[95.116s][info   ][gc,metaspace] GC(43) Metaspace: 88065K(101824K)->88065K(101824K) NonClass: 69717K(75584K)->69717K(75584K) Class: 18348K(26240K)->18348K(26240K)
[95.116s][info   ][gc          ] GC(43) Pause Full (System.gc()) 1822M->1822M(6144M) 1675.869ms
[96.791s][info   ][gc,metaspace] GC(44) Metaspace: 88065K(101824K)->88065K(101824K) NonClass: 69717K(75584K)->69717K(75584K) Class: 18348K(26240K)->18348K(26240K)
[96.791s][info   ][gc          ] GC(44) Pause Full (System.gc()) 1822M->1822M(6144M) 1674.308ms
[98.430s][info   ][gc,metaspace] GC(45) Metaspace: 88065K(101824K)->88065K(101824K) NonClass: 69717K(75584K)->69717K(75584K) Class: 18348K(26240K)->18348K(26240K)
[98.430s][info   ][gc          ] GC(45) Pause Full (System.gc()) 1822M->1822M(6144M) 1639.268ms
[100.088s][info   ][gc,metaspace] GC(46) Metaspace: 88065K(101824K)->88065K(101824K) NonClass: 69717K(75584K)->69717K(75584K) Class: 18348K(26240K)->18348K(26240K)
[100.088s][info   ][gc          ] GC(46) Pause Full (System.gc()) 1822M->1822M(6144M) 1658.079ms
[101.770s][info   ][gc,metaspace] GC(47) Metaspace: 88065K(101824K)->88065K(101824K) NonClass: 69717K(75584K)->69717K(75584K) Class: 18348K(26240K)->18348K(26240K)
[101.770s][info   ][gc          ] GC(47) Pause Full (System.gc()) 1822M->1822M(6144M) 1681.898ms
[103.422s][info   ][gc,metaspace] GC(48) Metaspace: 88065K(101824K)->88065K(101824K) NonClass: 69717K(75584K)->69717K(75584K) Class: 18348K(26240K)->18348K(26240K)
[103.422s][info   ][gc          ] GC(48) Pause Full (System.gc()) 1822M->1822M(6144M) 1651.900ms
[105.092s][info   ][gc,metaspace] GC(49) Metaspace: 88065K(101824K)->88065K(101824K) NonClass: 69717K(75584K)->69717K(75584K) Class: 18348K(26240K)->18348K(26240K)
[105.092s][info   ][gc          ] GC(49) Pause Full (System.gc()) 1822M->1822M(6144M) 1669.975ms
[106.767s][info   ][gc,metaspace] GC(50) Metaspace: 88065K(101824K)->88065K(101824K) NonClass: 69717K(75584K)->69717K(75584K) Class: 18348K(26240K)->18348K(26240K)
[106.767s][info   ][gc          ] GC(50) Pause Full (System.gc()) 1822M->1822M(6144M) 1674.926ms
[108.422s][info   ][gc,metaspace] GC(51) Metaspace: 88065K(101824K)->88065K(101824K) NonClass: 69717K(75584K)->69717K(75584K) Class: 18348K(26240K)->18348K(26240K)
[108.423s][info   ][gc          ] GC(51) Pause Full (System.gc()) 1822M->1822M(6144M) 1655.135ms
[110.098s][info   ][gc,metaspace] GC(52) Metaspace: 88065K(101824K)->88065K(101824K) NonClass: 69717K(75584K)->69717K(75584K) Class: 18348K(26240K)->18348K(26240K)
[110.098s][info   ][gc          ] GC(52) Pause Full (System.gc()) 1822M->1822M(6144M) 1675.542ms
[111.773s][info   ][gc,metaspace] GC(53) Metaspace: 88065K(101824K)->88065K(101824K) NonClass: 69717K(75584K)->69717K(75584K) Class: 18348K(26240K)->18348K(26240K)
[111.773s][info   ][gc          ] GC(53) Pause Full (System.gc()) 1822M->1822M(6144M) 1674.858ms
[113.425s][info   ][gc,metaspace] GC(54) Metaspace: 88065K(101824K)->88065K(101824K) NonClass: 69717K(75584K)->69717K(75584K) Class: 18348K(26240K)->18348K(26240K)
[113.425s][info   ][gc          ] GC(54) Pause Full (System.gc()) 1822M->1822M(6144M) 1651.734ms
[115.086s][info   ][gc,metaspace] GC(55) Metaspace: 88065K(101824K)->88065K(101824K) NonClass: 69717K(75584K)->69717K(75584K) Class: 18348K(26240K)->18348K(26240K)
[115.086s][info   ][gc          ] GC(55) Pause Full (System.gc()) 1822M->1822M(6144M) 1661.316ms
[116.751s][info   ][gc,metaspace] GC(56) Metaspace: 88065K(101824K)->88065K(101824K) NonClass: 69717K(75584K)->69717K(75584K) Class: 18348K(26240K)->18348K(26240K)
[116.751s][info   ][gc          ] GC(56) Pause Full (System.gc()) 1822M->1822M(6144M) 1665.034ms
[118.407s][info   ][gc,metaspace] GC(57) Metaspace: 88065K(101824K)->88065K(101824K) NonClass: 69717K(75584K)->69717K(75584K) Class: 18348K(26240K)->18348K(26240K)
[118.407s][info   ][gc          ] GC(57) Pause Full (System.gc()) 1822M->1822M(6144M) 1655.193ms
[120.084s][info   ][gc,metaspace] GC(58) Metaspace: 88065K(101824K)->88065K(101824K) NonClass: 69717K(75584K)->69717K(75584K) Class: 18348K(26240K)->18348K(26240K)
[120.084s][info   ][gc          ] GC(58) Pause Full (System.gc()) 1822M->1822M(6144M) 1677.731ms
[121.754s][info   ][gc,metaspace] GC(59) Metaspace: 88065K(101824K)->88065K(101824K) NonClass: 69717K(75584K)->69717K(75584K) Class: 18348K(26240K)->18348K(26240K)
[121.754s][info   ][gc          ] GC(59) Pause Full (System.gc()) 1822M->1822M(6144M) 1669.936ms
[123.402s][info   ][gc,metaspace] GC(60) Metaspace: 88065K(101824K)->88065K(101824K) NonClass: 69717K(75584K)->69717K(75584K) Class: 18348K(26240K)->18348K(26240K)
[123.402s][info   ][gc          ] GC(60) Pause Full (System.gc()) 1822M->1822M(6144M) 1647.916ms
[125.079s][info   ][gc,metaspace] GC(61) Metaspace: 88065K(101824K)->88065K(101824K) NonClass: 69717K(75584K)->69717K(75584K) Class: 18348K(26240K)->18348K(26240K)
[125.079s][info   ][gc          ] GC(61) Pause Full (System.gc()) 1822M->1822M(6144M) 1676.745ms
[126.750s][info   ][gc,metaspace] GC(62) Metaspace: 88065K(101824K)->88065K(101824K) NonClass: 69717K(75584K)->69717K(75584K) Class: 18348K(26240K)->18348K(26240K)
[126.750s][info   ][gc          ] GC(62) Pause Full (System.gc()) 1824M->1822M(6144M) 1670.246ms
[128.399s][info   ][gc,metaspace] GC(63) Metaspace: 88065K(101824K)->88065K(101824K) NonClass: 69717K(75584K)->69717K(75584K) Class: 18348K(26240K)->18348K(26240K)
[128.399s][info   ][gc          ] GC(63) Pause Full (System.gc()) 1822M->1822M(6144M) 1649.328ms
[130.072s][info   ][gc,metaspace] GC(64) Metaspace: 88065K(101824K)->88065K(101824K) NonClass: 69717K(75584K)->69717K(75584K) Class: 18348K(26240K)->18348K(26240K)
[130.072s][info   ][gc          ] GC(64) Pause Full (System.gc()) 1822M->1822M(6144M) 1672.914ms
[131.742s][info   ][gc,metaspace] GC(65) Metaspace: 88065K(101824K)->88065K(101824K) NonClass: 69717K(75584K)->69717K(75584K) Class: 18348K(26240K)->18348K(26240K)
[131.742s][info   ][gc          ] GC(65) Pause Full (System.gc()) 1822M->1822M(6144M) 1670.136ms
[133.398s][info   ][gc,metaspace] GC(66) Metaspace: 88065K(101824K)->88065K(101824K) NonClass: 69717K(75584K)->69717K(75584K) Class: 18348K(26240K)->18348K(26240K)
[133.398s][info   ][gc          ] GC(66) Pause Full (System.gc()) 1822M->1822M(6144M) 1655.604ms
[135.081s][info   ][gc,metaspace] GC(67) Metaspace: 88065K(101824K)->88065K(101824K) NonClass: 69717K(75584K)->69717K(75584K) Class: 18348K(26240K)->18348K(26240K)
[135.081s][info   ][gc          ] GC(67) Pause Full (System.gc()) 1822M->1822M(6144M) 1683.248ms
[136.742s][info   ][gc,metaspace] GC(68) Metaspace: 88065K(101824K)->88065K(101824K) NonClass: 69717K(75584K)->69717K(75584K) Class: 18348K(26240K)->18348K(26240K)
[136.742s][info   ][gc          ] GC(68) Pause Full (System.gc()) 1822M->1822M(6144M) 1660.342ms
[138.392s][info   ][gc,metaspace] GC(69) Metaspace: 88065K(101824K)->88065K(101824K) NonClass: 69717K(75584K)->69717K(75584K) Class: 18348K(26240K)->18348K(26240K)
[138.392s][info   ][gc          ] GC(69) Pause Full (System.gc()) 1822M->1822M(6144M) 1650.496ms
[140.064s][info   ][gc,metaspace] GC(70) Metaspace: 88065K(101824K)->88065K(101824K) NonClass: 69717K(75584K)->69717K(75584K) Class: 18348K(26240K)->18348K(26240K)
[140.064s][info   ][gc          ] GC(70) Pause Full (System.gc()) 1822M->1822M(6144M) 1671.374ms
[141.739s][info   ][gc,metaspace] GC(71) Metaspace: 88065K(101824K)->88065K(101824K) NonClass: 69717K(75584K)->69717K(75584K) Class: 18348K(26240K)->18348K(26240K)
[141.739s][info   ][gc          ] GC(71) Pause Full (System.gc()) 1822M->1822M(6144M) 1674.804ms
[143.393s][info   ][gc,metaspace] GC(72) Metaspace: 88065K(101824K)->88065K(101824K) NonClass: 69717K(75584K)->69717K(75584K) Class: 18348K(26240K)->18348K(26240K)
[143.393s][info   ][gc          ] GC(72) Pause Full (System.gc()) 1822M->1822M(6144M) 1654.711ms
[145.061s][info   ][gc,metaspace] GC(73) Metaspace: 88065K(101824K)->88065K(101824K) NonClass: 69717K(75584K)->69717K(75584K) Class: 18348K(26240K)->18348K(26240K)
[145.061s][info   ][gc          ] GC(73) Pause Full (System.gc()) 1822M->1822M(6144M) 1667.658ms
[146.743s][info   ][gc,metaspace] GC(74) Metaspace: 88065K(101824K)->88065K(101824K) NonClass: 69717K(75584K)->69717K(75584K) Class: 18348K(26240K)->18348K(26240K)
[146.744s][info   ][gc          ] GC(74) Pause Full (System.gc()) 1822M->1822M(6144M) 1682.293ms
[148.390s][info   ][gc,metaspace] GC(75) Metaspace: 88065K(101824K)->88065K(101824K) NonClass: 69717K(75584K)->69717K(75584K) Class: 18348K(26240K)->18348K(26240K)
[148.390s][info   ][gc          ] GC(75) Pause Full (System.gc()) 1822M->1822M(6144M) 1646.109ms
[150.060s][info   ][gc,metaspace] GC(76) Metaspace: 88065K(101824K)->88065K(101824K) NonClass: 69717K(75584K)->69717K(75584K) Class: 18348K(26240K)->18348K(26240K)
[150.060s][info   ][gc          ] GC(76) Pause Full (System.gc()) 1822M->1822M(6144M) 1669.668ms
[151.732s][info   ][gc,metaspace] GC(77) Metaspace: 88065K(101824K)->88065K(101824K) NonClass: 69717K(75584K)->69717K(75584K) Class: 18348K(26240K)->18348K(26240K)
[151.732s][info   ][gc          ] GC(77) Pause Full (System.gc()) 1822M->1822M(6144M) 1671.374ms
[153.396s][info   ][gc,metaspace] GC(78) Metaspace: 88065K(101824K)->88065K(101824K) NonClass: 69717K(75584K)->69717K(75584K) Class: 18348K(26240K)->18348K(26240K)
[153.397s][info   ][gc          ] GC(78) Pause Full (System.gc()) 1822M->1822M(6144M) 1664.778ms
[155.084s][info   ][gc,metaspace] GC(79) Metaspace: 88065K(101824K)->88065K(101824K) NonClass: 69717K(75584K)->69717K(75584K) Class: 18348K(26240K)->18348K(26240K)
[155.084s][info   ][gc          ] GC(79) Pause Full (System.gc()) 1822M->1822M(6144M) 1687.096ms
[156.755s][info   ][gc,metaspace] GC(80) Metaspace: 88065K(101824K)->88065K(101824K) NonClass: 69717K(75584K)->69717K(75584K) Class: 18348K(26240K)->18348K(26240K)
[156.755s][info   ][gc          ] GC(80) Pause Full (System.gc()) 1822M->1822M(6144M) 1671.313ms
[158.394s][info   ][gc,metaspace] GC(81) Metaspace: 88065K(101824K)->88065K(101824K) NonClass: 69717K(75584K)->69717K(75584K) Class: 18348K(26240K)->18348K(26240K)
[158.394s][info   ][gc          ] GC(81) Pause Full (System.gc()) 1822M->1822M(6144M) 1639.181ms
[160.054s][info   ][gc,metaspace] GC(82) Metaspace: 88065K(101824K)->88065K(101824K) NonClass: 69717K(75584K)->69717K(75584K) Class: 18348K(26240K)->18348K(26240K)
[160.054s][info   ][gc          ] GC(82) Pause Full (System.gc()) 1822M->1822M(6144M) 1659.820ms
[161.730s][info   ][gc,metaspace] GC(83) Metaspace: 88065K(101824K)->88065K(101824K) NonClass: 69717K(75584K)->69717K(75584K) Class: 18348K(26240K)->18348K(26240K)
[161.730s][info   ][gc          ] GC(83) Pause Full (System.gc()) 1822M->1822M(6144M) 1675.621ms
[163.388s][info   ][gc,metaspace] GC(84) Metaspace: 88065K(101824K)->88065K(101824K) NonClass: 69717K(75584K)->69717K(75584K) Class: 18348K(26240K)->18348K(26240K)
[163.389s][info   ][gc          ] GC(84) Pause Full (System.gc()) 1822M->1822M(6144M) 1658.443ms
[165.050s][info   ][gc,metaspace] GC(85) Metaspace: 88065K(101824K)->88065K(101824K) NonClass: 69717K(75584K)->69717K(75584K) Class: 18348K(26240K)->18348K(26240K)
[165.050s][info   ][gc          ] GC(85) Pause Full (System.gc()) 1822M->1822M(6144M) 1661.083ms
After GCs... 
