Done; will start GCs... 
[87.355s][info   ][gc,metaspace] GC(37) Metaspace: 89859K(103616K)->89859K(103616K) NonClass: 63158K(68992K)->63158K(68992K) Class: 26700K(34624K)->26700K(34624K)
[87.355s][info   ][gc          ] GC(37) Pause Full (System.gc()) 1609M->1607M(6144M) 1920.827ms
[89.260s][info   ][gc,metaspace] GC(38) Metaspace: 89859K(103616K)->89859K(103616K) NonClass: 63158K(68992K)->63158K(68992K) Class: 26700K(34624K)->26700K(34624K)
[89.260s][info   ][gc          ] GC(38) Pause Full (System.gc()) 1607M->1607M(6144M) 1904.039ms
[91.163s][info   ][gc,metaspace] GC(39) Metaspace: 89859K(103616K)->89859K(103616K) NonClass: 63158K(68992K)->63158K(68992K) Class: 26700K(34624K)->26700K(34624K)
[91.164s][info   ][gc          ] GC(39) Pause Full (System.gc()) 1607M->1607M(6144M) 1903.779ms
[93.083s][info   ][gc,metaspace] GC(40) Metaspace: 89859K(103616K)->89859K(103616K) NonClass: 63158K(68992K)->63158K(68992K) Class: 26700K(34624K)->26700K(34624K)
[93.083s][info   ][gc          ] GC(40) Pause Full (System.gc()) 1607M->1607M(6144M) 1919.516ms
[94.989s][info   ][gc,metaspace] GC(41) Metaspace: 89859K(103616K)->89859K(103616K) NonClass: 63158K(68992K)->63158K(68992K) Class: 26700K(34624K)->26700K(34624K)
[94.990s][info   ][gc          ] GC(41) Pause Full (System.gc()) 1607M->1607M(6144M) 1906.268ms
[96.899s][info   ][gc,metaspace] GC(42) Metaspace: 89859K(103616K)->89859K(103616K) NonClass: 63158K(68992K)->63158K(68992K) Class: 26700K(34624K)->26700K(34624K)
[96.899s][info   ][gc          ] GC(42) Pause Full (System.gc()) 1607M->1607M(6144M) 1909.518ms
[98.806s][info   ][gc,metaspace] GC(43) Metaspace: 89859K(103616K)->89859K(103616K) NonClass: 63158K(68992K)->63158K(68992K) Class: 26700K(34624K)->26700K(34624K)
[98.807s][info   ][gc          ] GC(43) Pause Full (System.gc()) 1607M->1607M(6144M) 1907.347ms
[100.725s][info   ][gc,metaspace] GC(44) Metaspace: 89859K(103616K)->89859K(103616K) NonClass: 63158K(68992K)->63158K(68992K) Class: 26700K(34624K)->26700K(34624K)
[100.725s][info   ][gc          ] GC(44) Pause Full (System.gc()) 1607M->1607M(6144M) 1918.555ms
[102.651s][info   ][gc,metaspace] GC(45) Metaspace: 89859K(103616K)->89859K(103616K) NonClass: 63158K(68992K)->63158K(68992K) Class: 26700K(34624K)->26700K(34624K)
[102.651s][info   ][gc          ] GC(45) Pause Full (System.gc()) 1607M->1607M(6144M) 1926.077ms
[104.535s][info   ][gc,metaspace] GC(46) Metaspace: 89859K(103616K)->89859K(103616K) NonClass: 63158K(68992K)->63158K(68992K) Class: 26700K(34624K)->26700K(34624K)
[104.535s][info   ][gc          ] GC(46) Pause Full (System.gc()) 1607M->1607M(6144M) 1883.692ms
[106.450s][info   ][gc,metaspace] GC(47) Metaspace: 89859K(103616K)->89859K(103616K) NonClass: 63158K(68992K)->63158K(68992K) Class: 26700K(34624K)->26700K(34624K)
[106.450s][info   ][gc          ] GC(47) Pause Full (System.gc()) 1607M->1607M(6144M) 1914.619ms
[108.354s][info   ][gc,metaspace] GC(48) Metaspace: 89859K(103616K)->89859K(103616K) NonClass: 63158K(68992K)->63158K(68992K) Class: 26700K(34624K)->26700K(34624K)
[108.354s][info   ][gc          ] GC(48) Pause Full (System.gc()) 1607M->1607M(6144M) 1903.908ms
[110.267s][info   ][gc,metaspace] GC(49) Metaspace: 89859K(103616K)->89859K(103616K) NonClass: 63158K(68992K)->63158K(68992K) Class: 26700K(34624K)->26700K(34624K)
[110.268s][info   ][gc          ] GC(49) Pause Full (System.gc()) 1607M->1607M(6144M) 1913.665ms
[112.171s][info   ][gc,metaspace] GC(50) Metaspace: 89859K(103616K)->89859K(103616K) NonClass: 63158K(68992K)->63158K(68992K) Class: 26700K(34624K)->26700K(34624K)
[112.171s][info   ][gc          ] GC(50) Pause Full (System.gc()) 1607M->1607M(6144M) 1903.199ms
[114.099s][info   ][gc,metaspace] GC(51) Metaspace: 89859K(103616K)->89859K(103616K) NonClass: 63158K(68992K)->63158K(68992K) Class: 26700K(34624K)->26700K(34624K)
[114.099s][info   ][gc          ] GC(51) Pause Full (System.gc()) 1607M->1607M(6144M) 1927.836ms
[116.012s][info   ][gc,metaspace] GC(52) Metaspace: 89859K(103616K)->89859K(103616K) NonClass: 63158K(68992K)->63158K(68992K) Class: 26700K(34624K)->26700K(34624K)
[116.012s][info   ][gc          ] GC(52) Pause Full (System.gc()) 1607M->1607M(6144M) 1913.586ms
[117.927s][info   ][gc,metaspace] GC(53) Metaspace: 89859K(103616K)->89859K(103616K) NonClass: 63158K(68992K)->63158K(68992K) Class: 26700K(34624K)->26700K(34624K)
[117.927s][info   ][gc          ] GC(53) Pause Full (System.gc()) 1607M->1607M(6144M) 1914.384ms
[119.844s][info   ][gc,metaspace] GC(54) Metaspace: 89859K(103616K)->89859K(103616K) NonClass: 63158K(68992K)->63158K(68992K) Class: 26700K(34624K)->26700K(34624K)
[119.844s][info   ][gc          ] GC(54) Pause Full (System.gc()) 1607M->1607M(6144M) 1917.043ms
[121.768s][info   ][gc,metaspace] GC(55) Metaspace: 89859K(103616K)->89859K(103616K) NonClass: 63158K(68992K)->63158K(68992K) Class: 26700K(34624K)->26700K(34624K)
[121.768s][info   ][gc          ] GC(55) Pause Full (System.gc()) 1607M->1607M(6144M) 1924.287ms
[123.676s][info   ][gc,metaspace] GC(56) Metaspace: 89859K(103616K)->89859K(103616K) NonClass: 63158K(68992K)->63158K(68992K) Class: 26700K(34624K)->26700K(34624K)
[123.676s][info   ][gc          ] GC(56) Pause Full (System.gc()) 1607M->1607M(6144M) 1907.119ms
[125.554s][info   ][gc,metaspace] GC(57) Metaspace: 89859K(103616K)->89859K(103616K) NonClass: 63158K(68992K)->63158K(68992K) Class: 26700K(34624K)->26700K(34624K)
[125.554s][info   ][gc          ] GC(57) Pause Full (System.gc()) 1607M->1607M(6144M) 1878.610ms
[127.455s][info   ][gc,metaspace] GC(58) Metaspace: 89859K(103616K)->89859K(103616K) NonClass: 63158K(68992K)->63158K(68992K) Class: 26700K(34624K)->26700K(34624K)
[127.455s][info   ][gc          ] GC(58) Pause Full (System.gc()) 1607M->1607M(6144M) 1900.869ms
[129.379s][info   ][gc,metaspace] GC(59) Metaspace: 89859K(103616K)->89859K(103616K) NonClass: 63158K(68992K)->63158K(68992K) Class: 26700K(34624K)->26700K(34624K)
[129.379s][info   ][gc          ] GC(59) Pause Full (System.gc()) 1607M->1607M(6144M) 1923.684ms
[131.288s][info   ][gc,metaspace] GC(60) Metaspace: 89859K(103616K)->89859K(103616K) NonClass: 63158K(68992K)->63158K(68992K) Class: 26700K(34624K)->26700K(34624K)
[131.288s][info   ][gc          ] GC(60) Pause Full (System.gc()) 1607M->1607M(6144M) 1909.194ms
[133.192s][info   ][gc,metaspace] GC(61) Metaspace: 89859K(103616K)->89859K(103616K) NonClass: 63158K(68992K)->63158K(68992K) Class: 26700K(34624K)->26700K(34624K)
[133.192s][info   ][gc          ] GC(61) Pause Full (System.gc()) 1607M->1607M(6144M) 1903.477ms
[135.104s][info   ][gc,metaspace] GC(62) Metaspace: 89859K(103616K)->89859K(103616K) NonClass: 63158K(68992K)->63158K(68992K) Class: 26700K(34624K)->26700K(34624K)
[135.105s][info   ][gc          ] GC(62) Pause Full (System.gc()) 1609M->1607M(6144M) 1912.552ms
[137.004s][info   ][gc,metaspace] GC(63) Metaspace: 89859K(103616K)->89859K(103616K) NonClass: 63158K(68992K)->63158K(68992K) Class: 26700K(34624K)->26700K(34624K)
[137.004s][info   ][gc          ] GC(63) Pause Full (System.gc()) 1607M->1607M(6144M) 1899.191ms
[138.924s][info   ][gc,metaspace] GC(64) Metaspace: 89859K(103616K)->89859K(103616K) NonClass: 63158K(68992K)->63158K(68992K) Class: 26700K(34624K)->26700K(34624K)
[138.924s][info   ][gc          ] GC(64) Pause Full (System.gc()) 1607M->1607M(6144M) 1919.892ms
[140.834s][info   ][gc,metaspace] GC(65) Metaspace: 89859K(103616K)->89859K(103616K) NonClass: 63158K(68992K)->63158K(68992K) Class: 26700K(34624K)->26700K(34624K)
[140.834s][info   ][gc          ] GC(65) Pause Full (System.gc()) 1607M->1607M(6144M) 1909.795ms
[142.759s][info   ][gc,metaspace] GC(66) Metaspace: 89859K(103616K)->89859K(103616K) NonClass: 63158K(68992K)->63158K(68992K) Class: 26700K(34624K)->26700K(34624K)
[142.759s][info   ][gc          ] GC(66) Pause Full (System.gc()) 1607M->1607M(6144M) 1925.031ms
[144.674s][info   ][gc,metaspace] GC(67) Metaspace: 89859K(103616K)->89859K(103616K) NonClass: 63158K(68992K)->63158K(68992K) Class: 26700K(34624K)->26700K(34624K)
[144.674s][info   ][gc          ] GC(67) Pause Full (System.gc()) 1607M->1607M(6144M) 1914.953ms
[146.595s][info   ][gc,metaspace] GC(68) Metaspace: 89859K(103616K)->89859K(103616K) NonClass: 63158K(68992K)->63158K(68992K) Class: 26700K(34624K)->26700K(34624K)
[146.595s][info   ][gc          ] GC(68) Pause Full (System.gc()) 1607M->1607M(6144M) 1920.996ms
[148.477s][info   ][gc,metaspace] GC(69) Metaspace: 89859K(103616K)->89859K(103616K) NonClass: 63158K(68992K)->63158K(68992K) Class: 26700K(34624K)->26700K(34624K)
[148.477s][info   ][gc          ] GC(69) Pause Full (System.gc()) 1607M->1607M(6144M) 1882.510ms
[150.410s][info   ][gc,metaspace] GC(70) Metaspace: 89859K(103616K)->89859K(103616K) NonClass: 63158K(68992K)->63158K(68992K) Class: 26700K(34624K)->26700K(34624K)
[150.410s][info   ][gc          ] GC(70) Pause Full (System.gc()) 1607M->1607M(6144M) 1932.436ms
[152.310s][info   ][gc,metaspace] GC(71) Metaspace: 89859K(103616K)->89859K(103616K) NonClass: 63158K(68992K)->63158K(68992K) Class: 26700K(34624K)->26700K(34624K)
[152.310s][info   ][gc          ] GC(71) Pause Full (System.gc()) 1607M->1607M(6144M) 1899.654ms
[154.211s][info   ][gc,metaspace] GC(72) Metaspace: 89859K(103616K)->89859K(103616K) NonClass: 63158K(68992K)->63158K(68992K) Class: 26700K(34624K)->26700K(34624K)
[154.211s][info   ][gc          ] GC(72) Pause Full (System.gc()) 1607M->1607M(6144M) 1901.316ms
[156.139s][info   ][gc,metaspace] GC(73) Metaspace: 89859K(103616K)->89859K(103616K) NonClass: 63158K(68992K)->63158K(68992K) Class: 26700K(34624K)->26700K(34624K)
[156.139s][info   ][gc          ] GC(73) Pause Full (System.gc()) 1607M->1607M(6144M) 1927.768ms
[158.048s][info   ][gc,metaspace] GC(74) Metaspace: 89859K(103616K)->89859K(103616K) NonClass: 63158K(68992K)->63158K(68992K) Class: 26700K(34624K)->26700K(34624K)
[158.048s][info   ][gc          ] GC(74) Pause Full (System.gc()) 1607M->1607M(6144M) 1909.373ms
[159.974s][info   ][gc,metaspace] GC(75) Metaspace: 89859K(103616K)->89859K(103616K) NonClass: 63158K(68992K)->63158K(68992K) Class: 26700K(34624K)->26700K(34624K)
[159.974s][info   ][gc          ] GC(75) Pause Full (System.gc()) 1607M->1607M(6144M) 1925.686ms
[161.894s][info   ][gc,metaspace] GC(76) Metaspace: 89859K(103616K)->89859K(103616K) NonClass: 63158K(68992K)->63158K(68992K) Class: 26700K(34624K)->26700K(34624K)
[161.894s][info   ][gc          ] GC(76) Pause Full (System.gc()) 1607M->1607M(6144M) 1920.284ms
[163.817s][info   ][gc,metaspace] GC(77) Metaspace: 89859K(103616K)->89859K(103616K) NonClass: 63158K(68992K)->63158K(68992K) Class: 26700K(34624K)->26700K(34624K)
[163.817s][info   ][gc          ] GC(77) Pause Full (System.gc()) 1607M->1607M(6144M) 1922.675ms
[165.733s][info   ][gc,metaspace] GC(78) Metaspace: 89859K(103616K)->89859K(103616K) NonClass: 63158K(68992K)->63158K(68992K) Class: 26700K(34624K)->26700K(34624K)
[165.734s][info   ][gc          ] GC(78) Pause Full (System.gc()) 1607M->1607M(6144M) 1916.154ms
[167.660s][info   ][gc,metaspace] GC(79) Metaspace: 89859K(103616K)->89859K(103616K) NonClass: 63158K(68992K)->63158K(68992K) Class: 26700K(34624K)->26700K(34624K)
[167.660s][info   ][gc          ] GC(79) Pause Full (System.gc()) 1607M->1607M(6144M) 1926.830ms
[169.557s][info   ][gc,metaspace] GC(80) Metaspace: 89859K(103616K)->89859K(103616K) NonClass: 63158K(68992K)->63158K(68992K) Class: 26700K(34624K)->26700K(34624K)
[169.558s][info   ][gc          ] GC(80) Pause Full (System.gc()) 1607M->1607M(6144M) 1896.273ms
[171.470s][info   ][gc,metaspace] GC(81) Metaspace: 89859K(103616K)->89859K(103616K) NonClass: 63158K(68992K)->63158K(68992K) Class: 26700K(34624K)->26700K(34624K)
[171.470s][info   ][gc          ] GC(81) Pause Full (System.gc()) 1607M->1607M(6144M) 1912.592ms
[173.378s][info   ][gc,metaspace] GC(82) Metaspace: 89859K(103616K)->89859K(103616K) NonClass: 63158K(68992K)->63158K(68992K) Class: 26700K(34624K)->26700K(34624K)
[173.378s][info   ][gc          ] GC(82) Pause Full (System.gc()) 1607M->1607M(6144M) 1907.488ms
[175.285s][info   ][gc,metaspace] GC(83) Metaspace: 89859K(103616K)->89859K(103616K) NonClass: 63158K(68992K)->63158K(68992K) Class: 26700K(34624K)->26700K(34624K)
[175.285s][info   ][gc          ] GC(83) Pause Full (System.gc()) 1607M->1607M(6144M) 1906.277ms
[177.199s][info   ][gc,metaspace] GC(84) Metaspace: 89859K(103616K)->89859K(103616K) NonClass: 63158K(68992K)->63158K(68992K) Class: 26700K(34624K)->26700K(34624K)
[177.199s][info   ][gc          ] GC(84) Pause Full (System.gc()) 1607M->1607M(6144M) 1913.920ms
[179.104s][info   ][gc,metaspace] GC(85) Metaspace: 89859K(103616K)->89859K(103616K) NonClass: 63158K(68992K)->63158K(68992K) Class: 26700K(34624K)->26700K(34624K)
[179.104s][info   ][gc          ] GC(85) Pause Full (System.gc()) 1607M->1607M(6144M) 1904.710ms
[181.020s][info   ][gc,metaspace] GC(86) Metaspace: 89859K(103616K)->89859K(103616K) NonClass: 63158K(68992K)->63158K(68992K) Class: 26700K(34624K)->26700K(34624K)
[181.020s][info   ][gc          ] GC(86) Pause Full (System.gc()) 1607M->1607M(6144M) 1915.591ms
After GCs... 
