Done; will start GCs... 
[29.354s][info][gc,metaspace] GC(9) Metaspace: 43158K(46912K)->43158K(46912K) NonClass: 33193K(34880K)->33193K(34880K) Class: 9965K(12032K)->9965K(12032K)
[29.354s][info][gc          ] GC(9) Pause Full (System.gc()) 948M->778M(6136M) 709.748ms
[29.804s][info][gc,metaspace] GC(10) Metaspace: 43158K(46912K)->43158K(46912K) NonClass: 33193K(34880K)->33193K(34880K) Class: 9965K(12032K)->9965K(12032K)
[29.804s][info][gc          ] GC(10) Pause Full (System.gc()) 778M->778M(6136M) 449.676ms
[30.343s][info][gc,metaspace] GC(11) Metaspace: 43158K(46912K)->43158K(46912K) NonClass: 33193K(34880K)->33193K(34880K) Class: 9965K(12032K)->9965K(12032K)
[30.343s][info][gc          ] GC(11) Pause Full (System.gc()) 778M->778M(6136M) 539.037ms
[30.862s][info][gc,metaspace] GC(12) Metaspace: 43158K(46912K)->43158K(46912K) NonClass: 33193K(34880K)->33193K(34880K) Class: 9965K(12032K)->9965K(12032K)
[30.862s][info][gc          ] GC(12) Pause Full (System.gc()) 778M->778M(6136M) 519.604ms
[31.483s][info][gc,metaspace] GC(13) Metaspace: 43158K(46912K)->43158K(46912K) NonClass: 33193K(34880K)->33193K(34880K) Class: 9965K(12032K)->9965K(12032K)
[31.483s][info][gc          ] GC(13) Pause Full (System.gc()) 778M->778M(6136M) 620.803ms
[31.989s][info][gc,metaspace] GC(14) Metaspace: 43158K(46912K)->43158K(46912K) NonClass: 33193K(34880K)->33193K(34880K) Class: 9965K(12032K)->9965K(12032K)
[31.989s][info][gc          ] GC(14) Pause Full (System.gc()) 778M->778M(6136M) 505.823ms
[32.486s][info][gc,metaspace] GC(15) Metaspace: 43158K(46912K)->43158K(46912K) NonClass: 33193K(34880K)->33193K(34880K) Class: 9965K(12032K)->9965K(12032K)
[32.486s][info][gc          ] GC(15) Pause Full (System.gc()) 778M->778M(6136M) 496.200ms
[33.062s][info][gc,metaspace] GC(16) Metaspace: 43158K(46912K)->43158K(46912K) NonClass: 33193K(34880K)->33193K(34880K) Class: 9965K(12032K)->9965K(12032K)
[33.062s][info][gc          ] GC(16) Pause Full (System.gc()) 778M->778M(6136M) 576.069ms
[33.604s][info][gc,metaspace] GC(17) Metaspace: 43158K(46912K)->43158K(46912K) NonClass: 33193K(34880K)->33193K(34880K) Class: 9965K(12032K)->9965K(12032K)
[33.604s][info][gc          ] GC(17) Pause Full (System.gc()) 778M->778M(6136M) 541.955ms
[34.179s][info][gc,metaspace] GC(18) Metaspace: 43158K(46912K)->43158K(46912K) NonClass: 33193K(34880K)->33193K(34880K) Class: 9965K(12032K)->9965K(12032K)
[34.179s][info][gc          ] GC(18) Pause Full (System.gc()) 778M->778M(6136M) 575.225ms
[34.695s][info][gc,metaspace] GC(19) Metaspace: 43158K(46912K)->43158K(46912K) NonClass: 33193K(34880K)->33193K(34880K) Class: 9965K(12032K)->9965K(12032K)
[34.695s][info][gc          ] GC(19) Pause Full (System.gc()) 778M->778M(6136M) 510.818ms
[35.200s][info][gc,metaspace] GC(20) Metaspace: 43158K(46912K)->43158K(46912K) NonClass: 33193K(34880K)->33193K(34880K) Class: 9965K(12032K)->9965K(12032K)
[35.200s][info][gc          ] GC(20) Pause Full (System.gc()) 778M->778M(6136M) 505.231ms
[35.712s][info][gc,metaspace] GC(21) Metaspace: 43158K(46912K)->43158K(46912K) NonClass: 33193K(34880K)->33193K(34880K) Class: 9965K(12032K)->9965K(12032K)
[35.712s][info][gc          ] GC(21) Pause Full (System.gc()) 778M->778M(6136M) 512.310ms
[36.217s][info][gc,metaspace] GC(22) Metaspace: 43158K(46912K)->43158K(46912K) NonClass: 33193K(34880K)->33193K(34880K) Class: 9965K(12032K)->9965K(12032K)
[36.217s][info][gc          ] GC(22) Pause Full (System.gc()) 778M->778M(6136M) 504.673ms
[36.734s][info][gc,metaspace] GC(23) Metaspace: 43158K(46912K)->43158K(46912K) NonClass: 33193K(34880K)->33193K(34880K) Class: 9965K(12032K)->9965K(12032K)
[36.734s][info][gc          ] GC(23) Pause Full (System.gc()) 778M->778M(6136M) 517.113ms
[37.324s][info][gc,metaspace] GC(24) Metaspace: 43158K(46912K)->43158K(46912K) NonClass: 33193K(34880K)->33193K(34880K) Class: 9965K(12032K)->9965K(12032K)
[37.325s][info][gc          ] GC(24) Pause Full (System.gc()) 778M->778M(6136M) 590.074ms
[37.910s][info][gc,metaspace] GC(25) Metaspace: 43158K(46912K)->43158K(46912K) NonClass: 33193K(34880K)->33193K(34880K) Class: 9965K(12032K)->9965K(12032K)
[37.910s][info][gc          ] GC(25) Pause Full (System.gc()) 778M->778M(6136M) 585.602ms
[38.502s][info][gc,metaspace] GC(26) Metaspace: 43158K(46912K)->43158K(46912K) NonClass: 33193K(34880K)->33193K(34880K) Class: 9965K(12032K)->9965K(12032K)
[38.502s][info][gc          ] GC(26) Pause Full (System.gc()) 778M->778M(6136M) 590.814ms
[39.090s][info][gc,metaspace] GC(27) Metaspace: 43158K(46912K)->43158K(46912K) NonClass: 33193K(34880K)->33193K(34880K) Class: 9965K(12032K)->9965K(12032K)
[39.091s][info][gc          ] GC(27) Pause Full (System.gc()) 778M->778M(6136M) 588.404ms
[39.675s][info][gc,metaspace] GC(28) Metaspace: 43158K(46912K)->43158K(46912K) NonClass: 33193K(34880K)->33193K(34880K) Class: 9965K(12032K)->9965K(12032K)
[39.675s][info][gc          ] GC(28) Pause Full (System.gc()) 778M->778M(6136M) 584.134ms
[40.191s][info][gc,metaspace] GC(29) Metaspace: 43158K(46912K)->43158K(46912K) NonClass: 33193K(34880K)->33193K(34880K) Class: 9965K(12032K)->9965K(12032K)
[40.191s][info][gc          ] GC(29) Pause Full (System.gc()) 778M->778M(6136M) 516.524ms
[40.765s][info][gc,metaspace] GC(30) Metaspace: 43158K(46912K)->43158K(46912K) NonClass: 33193K(34880K)->33193K(34880K) Class: 9965K(12032K)->9965K(12032K)
[40.765s][info][gc          ] GC(30) Pause Full (System.gc()) 778M->778M(6136M) 573.633ms
[41.324s][info][gc,metaspace] GC(31) Metaspace: 43158K(46912K)->43158K(46912K) NonClass: 33193K(34880K)->33193K(34880K) Class: 9965K(12032K)->9965K(12032K)
[41.324s][info][gc          ] GC(31) Pause Full (System.gc()) 778M->778M(6136M) 558.711ms
[41.914s][info][gc,metaspace] GC(32) Metaspace: 43158K(46912K)->43158K(46912K) NonClass: 33193K(34880K)->33193K(34880K) Class: 9965K(12032K)->9965K(12032K)
[41.914s][info][gc          ] GC(32) Pause Full (System.gc()) 778M->778M(6136M) 590.076ms
[42.432s][info][gc,metaspace] GC(33) Metaspace: 43158K(46912K)->43158K(46912K) NonClass: 33193K(34880K)->33193K(34880K) Class: 9965K(12032K)->9965K(12032K)
[42.432s][info][gc          ] GC(33) Pause Full (System.gc()) 778M->778M(6136M) 517.431ms
[42.937s][info][gc,metaspace] GC(34) Metaspace: 43158K(46912K)->43158K(46912K) NonClass: 33193K(34880K)->33193K(34880K) Class: 9965K(12032K)->9965K(12032K)
[42.937s][info][gc          ] GC(34) Pause Full (System.gc()) 778M->778M(6136M) 504.694ms
[43.516s][info][gc,metaspace] GC(35) Metaspace: 43158K(46912K)->43158K(46912K) NonClass: 33193K(34880K)->33193K(34880K) Class: 9965K(12032K)->9965K(12032K)
[43.516s][info][gc          ] GC(35) Pause Full (System.gc()) 778M->778M(6136M) 579.000ms
[44.021s][info][gc,metaspace] GC(36) Metaspace: 43158K(46912K)->43158K(46912K) NonClass: 33193K(34880K)->33193K(34880K) Class: 9965K(12032K)->9965K(12032K)
[44.021s][info][gc          ] GC(36) Pause Full (System.gc()) 778M->778M(6136M) 505.557ms
[44.519s][info][gc,metaspace] GC(37) Metaspace: 43158K(46912K)->43158K(46912K) NonClass: 33193K(34880K)->33193K(34880K) Class: 9965K(12032K)->9965K(12032K)
[44.519s][info][gc          ] GC(37) Pause Full (System.gc()) 778M->778M(6136M) 497.548ms
[45.029s][info][gc,metaspace] GC(38) Metaspace: 43158K(46912K)->43158K(46912K) NonClass: 33193K(34880K)->33193K(34880K) Class: 9965K(12032K)->9965K(12032K)
[45.029s][info][gc          ] GC(38) Pause Full (System.gc()) 778M->778M(6136M) 509.485ms
[45.514s][info][gc,metaspace] GC(39) Metaspace: 43158K(46912K)->43158K(46912K) NonClass: 33193K(34880K)->33193K(34880K) Class: 9965K(12032K)->9965K(12032K)
[45.515s][info][gc          ] GC(39) Pause Full (System.gc()) 778M->778M(6136M) 481.414ms
[46.091s][info][gc,metaspace] GC(40) Metaspace: 43158K(46912K)->43158K(46912K) NonClass: 33193K(34880K)->33193K(34880K) Class: 9965K(12032K)->9965K(12032K)
[46.091s][info][gc          ] GC(40) Pause Full (System.gc()) 778M->778M(6136M) 576.274ms
[46.609s][info][gc,metaspace] GC(41) Metaspace: 43158K(46912K)->43158K(46912K) NonClass: 33193K(34880K)->33193K(34880K) Class: 9965K(12032K)->9965K(12032K)
[46.609s][info][gc          ] GC(41) Pause Full (System.gc()) 778M->778M(6136M) 518.455ms
[47.110s][info][gc,metaspace] GC(42) Metaspace: 43158K(46912K)->43158K(46912K) NonClass: 33193K(34880K)->33193K(34880K) Class: 9965K(12032K)->9965K(12032K)
[47.110s][info][gc          ] GC(42) Pause Full (System.gc()) 778M->778M(6136M) 500.841ms
[47.623s][info][gc,metaspace] GC(43) Metaspace: 43158K(46912K)->43158K(46912K) NonClass: 33193K(34880K)->33193K(34880K) Class: 9965K(12032K)->9965K(12032K)
[47.623s][info][gc          ] GC(43) Pause Full (System.gc()) 778M->778M(6136M) 512.727ms
[48.122s][info][gc,metaspace] GC(44) Metaspace: 43158K(46912K)->43158K(46912K) NonClass: 33193K(34880K)->33193K(34880K) Class: 9965K(12032K)->9965K(12032K)
[48.122s][info][gc          ] GC(44) Pause Full (System.gc()) 778M->778M(6136M) 498.658ms
[48.721s][info][gc,metaspace] GC(45) Metaspace: 43158K(46912K)->43158K(46912K) NonClass: 33193K(34880K)->33193K(34880K) Class: 9965K(12032K)->9965K(12032K)
[48.721s][info][gc          ] GC(45) Pause Full (System.gc()) 778M->778M(6136M) 598.699ms
[49.303s][info][gc,metaspace] GC(46) Metaspace: 43158K(46912K)->43158K(46912K) NonClass: 33193K(34880K)->33193K(34880K) Class: 9965K(12032K)->9965K(12032K)
[49.303s][info][gc          ] GC(46) Pause Full (System.gc()) 778M->778M(6136M) 581.593ms
[49.883s][info][gc,metaspace] GC(47) Metaspace: 43158K(46912K)->43158K(46912K) NonClass: 33193K(34880K)->33193K(34880K) Class: 9965K(12032K)->9965K(12032K)
[49.883s][info][gc          ] GC(47) Pause Full (System.gc()) 778M->778M(6136M) 580.386ms
[50.400s][info][gc,metaspace] GC(48) Metaspace: 43158K(46912K)->43158K(46912K) NonClass: 33193K(34880K)->33193K(34880K) Class: 9965K(12032K)->9965K(12032K)
[50.400s][info][gc          ] GC(48) Pause Full (System.gc()) 778M->778M(6136M) 516.562ms
[50.910s][info][gc,metaspace] GC(49) Metaspace: 43158K(46912K)->43158K(46912K) NonClass: 33193K(34880K)->33193K(34880K) Class: 9965K(12032K)->9965K(12032K)
[50.910s][info][gc          ] GC(49) Pause Full (System.gc()) 778M->778M(6136M) 506.117ms
[51.422s][info][gc,metaspace] GC(50) Metaspace: 43158K(46912K)->43158K(46912K) NonClass: 33193K(34880K)->33193K(34880K) Class: 9965K(12032K)->9965K(12032K)
[51.422s][info][gc          ] GC(50) Pause Full (System.gc()) 778M->778M(6136M) 511.669ms
[51.930s][info][gc,metaspace] GC(51) Metaspace: 43158K(46912K)->43158K(46912K) NonClass: 33193K(34880K)->33193K(34880K) Class: 9965K(12032K)->9965K(12032K)
[51.930s][info][gc          ] GC(51) Pause Full (System.gc()) 778M->778M(6136M) 507.891ms
[52.506s][info][gc,metaspace] GC(52) Metaspace: 43158K(46912K)->43158K(46912K) NonClass: 33193K(34880K)->33193K(34880K) Class: 9965K(12032K)->9965K(12032K)
[52.506s][info][gc          ] GC(52) Pause Full (System.gc()) 778M->778M(6136M) 575.747ms
[53.010s][info][gc,metaspace] GC(53) Metaspace: 43158K(46912K)->43158K(46912K) NonClass: 33193K(34880K)->33193K(34880K) Class: 9965K(12032K)->9965K(12032K)
[53.010s][info][gc          ] GC(53) Pause Full (System.gc()) 778M->778M(6136M) 504.432ms
[53.502s][info][gc,metaspace] GC(54) Metaspace: 43158K(46912K)->43158K(46912K) NonClass: 33193K(34880K)->33193K(34880K) Class: 9965K(12032K)->9965K(12032K)
[53.502s][info][gc          ] GC(54) Pause Full (System.gc()) 778M->778M(6136M) 491.506ms
[54.006s][info][gc,metaspace] GC(55) Metaspace: 43158K(46912K)->43158K(46912K) NonClass: 33193K(34880K)->33193K(34880K) Class: 9965K(12032K)->9965K(12032K)
[54.006s][info][gc          ] GC(55) Pause Full (System.gc()) 778M->778M(6136M) 503.702ms
[54.495s][info][gc,metaspace] GC(56) Metaspace: 43158K(46912K)->43158K(46912K) NonClass: 33193K(34880K)->33193K(34880K) Class: 9965K(12032K)->9965K(12032K)
[54.495s][info][gc          ] GC(56) Pause Full (System.gc()) 778M->778M(6136M) 489.173ms
[55.005s][info][gc,metaspace] GC(57) Metaspace: 43158K(46912K)->43158K(46912K) NonClass: 33193K(34880K)->33193K(34880K) Class: 9965K(12032K)->9965K(12032K)
[55.005s][info][gc          ] GC(57) Pause Full (System.gc()) 778M->778M(6136M) 509.970ms
[55.497s][info][gc,metaspace] GC(58) Metaspace: 43158K(46912K)->43158K(46912K) NonClass: 33193K(34880K)->33193K(34880K) Class: 9965K(12032K)->9965K(12032K)
[55.497s][info][gc          ] GC(58) Pause Full (System.gc()) 778M->778M(6136M) 491.607ms
[56.003s][info][gc,metaspace] GC(59) Metaspace: 43158K(46912K)->43158K(46912K) NonClass: 33193K(34880K)->33193K(34880K) Class: 9965K(12032K)->9965K(12032K)
[56.004s][info][gc          ] GC(59) Pause Full (System.gc()) 778M->778M(6136M) 502.201ms
[56.494s][info][gc,metaspace] GC(60) Metaspace: 43158K(46912K)->43158K(46912K) NonClass: 33193K(34880K)->33193K(34880K) Class: 9965K(12032K)->9965K(12032K)
[56.494s][info][gc          ] GC(60) Pause Full (System.gc()) 778M->778M(6136M) 490.144ms
[56.995s][info][gc,metaspace] GC(61) Metaspace: 43158K(46912K)->43158K(46912K) NonClass: 33193K(34880K)->33193K(34880K) Class: 9965K(12032K)->9965K(12032K)
[56.995s][info][gc          ] GC(61) Pause Full (System.gc()) 778M->778M(6136M) 501.051ms
[57.489s][info][gc,metaspace] GC(62) Metaspace: 43158K(46912K)->43158K(46912K) NonClass: 33193K(34880K)->33193K(34880K) Class: 9965K(12032K)->9965K(12032K)
[57.489s][info][gc          ] GC(62) Pause Full (System.gc()) 778M->778M(6136M) 493.921ms
[57.993s][info][gc,metaspace] GC(63) Metaspace: 43158K(46912K)->43158K(46912K) NonClass: 33193K(34880K)->33193K(34880K) Class: 9965K(12032K)->9965K(12032K)
[57.993s][info][gc          ] GC(63) Pause Full (System.gc()) 778M->778M(6136M) 503.906ms
[58.487s][info][gc,metaspace] GC(64) Metaspace: 43158K(46912K)->43158K(46912K) NonClass: 33193K(34880K)->33193K(34880K) Class: 9965K(12032K)->9965K(12032K)
[58.487s][info][gc          ] GC(64) Pause Full (System.gc()) 778M->778M(6136M) 494.016ms
[59.058s][info][gc,metaspace] GC(65) Metaspace: 43158K(46912K)->43158K(46912K) NonClass: 33193K(34880K)->33193K(34880K) Class: 9965K(12032K)->9965K(12032K)
[59.058s][info][gc          ] GC(65) Pause Full (System.gc()) 778M->778M(6136M) 570.555ms
[59.568s][info][gc,metaspace] GC(66) Metaspace: 43158K(46912K)->43158K(46912K) NonClass: 33193K(34880K)->33193K(34880K) Class: 9965K(12032K)->9965K(12032K)
[59.568s][info][gc          ] GC(66) Pause Full (System.gc()) 778M->778M(6136M) 510.420ms
[60.065s][info][gc,metaspace] GC(67) Metaspace: 43158K(46912K)->43158K(46912K) NonClass: 33193K(34880K)->33193K(34880K) Class: 9965K(12032K)->9965K(12032K)
[60.065s][info][gc          ] GC(67) Pause Full (System.gc()) 778M->778M(6136M) 496.189ms
[60.587s][info][gc,metaspace] GC(68) Metaspace: 43158K(46912K)->43158K(46912K) NonClass: 33193K(34880K)->33193K(34880K) Class: 9965K(12032K)->9965K(12032K)
[60.588s][info][gc          ] GC(68) Pause Full (System.gc()) 778M->778M(6136M) 522.756ms
[61.095s][info][gc,metaspace] GC(69) Metaspace: 43158K(46912K)->43158K(46912K) NonClass: 33193K(34880K)->33193K(34880K) Class: 9965K(12032K)->9965K(12032K)
[61.095s][info][gc          ] GC(69) Pause Full (System.gc()) 778M->778M(6136M) 503.107ms
[61.603s][info][gc,metaspace] GC(70) Metaspace: 43158K(46912K)->43158K(46912K) NonClass: 33193K(34880K)->33193K(34880K) Class: 9965K(12032K)->9965K(12032K)
[61.603s][info][gc          ] GC(70) Pause Full (System.gc()) 778M->778M(6136M) 507.792ms
[62.109s][info][gc,metaspace] GC(71) Metaspace: 43158K(46912K)->43158K(46912K) NonClass: 33193K(34880K)->33193K(34880K) Class: 9965K(12032K)->9965K(12032K)
[62.109s][info][gc          ] GC(71) Pause Full (System.gc()) 778M->778M(6136M) 505.592ms
[62.611s][info][gc,metaspace] GC(72) Metaspace: 43158K(46912K)->43158K(46912K) NonClass: 33193K(34880K)->33193K(34880K) Class: 9965K(12032K)->9965K(12032K)
[62.611s][info][gc          ] GC(72) Pause Full (System.gc()) 778M->778M(6136M) 501.847ms
[63.179s][info][gc,metaspace] GC(73) Metaspace: 43158K(46912K)->43158K(46912K) NonClass: 33193K(34880K)->33193K(34880K) Class: 9965K(12032K)->9965K(12032K)
[63.179s][info][gc          ] GC(73) Pause Full (System.gc()) 778M->778M(6136M) 568.433ms
[63.912s][info][gc,metaspace] GC(74) Metaspace: 43158K(46912K)->43158K(46912K) NonClass: 33193K(34880K)->33193K(34880K) Class: 9965K(12032K)->9965K(12032K)
[63.912s][info][gc          ] GC(74) Pause Full (System.gc()) 778M->778M(6136M) 732.346ms
[64.420s][info][gc,metaspace] GC(75) Metaspace: 43158K(46912K)->43158K(46912K) NonClass: 33193K(34880K)->33193K(34880K) Class: 9965K(12032K)->9965K(12032K)
[64.420s][info][gc          ] GC(75) Pause Full (System.gc()) 778M->778M(6136M) 508.514ms
[64.929s][info][gc,metaspace] GC(76) Metaspace: 43158K(46912K)->43158K(46912K) NonClass: 33193K(34880K)->33193K(34880K) Class: 9965K(12032K)->9965K(12032K)
[64.929s][info][gc          ] GC(76) Pause Full (System.gc()) 791M->778M(6136M) 508.262ms
[65.430s][info][gc,metaspace] GC(77) Metaspace: 43158K(46912K)->43158K(46912K) NonClass: 33193K(34880K)->33193K(34880K) Class: 9965K(12032K)->9965K(12032K)
[65.431s][info][gc          ] GC(77) Pause Full (System.gc()) 778M->778M(6136M) 501.830ms
[65.934s][info][gc,metaspace] GC(78) Metaspace: 43158K(46912K)->43158K(46912K) NonClass: 33193K(34880K)->33193K(34880K) Class: 9965K(12032K)->9965K(12032K)
[65.934s][info][gc          ] GC(78) Pause Full (System.gc()) 778M->778M(6136M) 503.433ms
[66.440s][info][gc,metaspace] GC(79) Metaspace: 43158K(46912K)->43158K(46912K) NonClass: 33193K(34880K)->33193K(34880K) Class: 9965K(12032K)->9965K(12032K)
[66.440s][info][gc          ] GC(79) Pause Full (System.gc()) 778M->778M(6136M) 501.108ms
[67.019s][info][gc,metaspace] GC(80) Metaspace: 43158K(46912K)->43158K(46912K) NonClass: 33193K(34880K)->33193K(34880K) Class: 9965K(12032K)->9965K(12032K)
[67.019s][info][gc          ] GC(80) Pause Full (System.gc()) 778M->778M(6136M) 579.425ms
[67.532s][info][gc,metaspace] GC(81) Metaspace: 43158K(46912K)->43158K(46912K) NonClass: 33193K(34880K)->33193K(34880K) Class: 9965K(12032K)->9965K(12032K)
[67.532s][info][gc          ] GC(81) Pause Full (System.gc()) 778M->778M(6136M) 513.230ms
[68.036s][info][gc,metaspace] GC(82) Metaspace: 43158K(46912K)->43158K(46912K) NonClass: 33193K(34880K)->33193K(34880K) Class: 9965K(12032K)->9965K(12032K)
[68.036s][info][gc          ] GC(82) Pause Full (System.gc()) 778M->778M(6136M) 503.724ms
[68.525s][info][gc,metaspace] GC(83) Metaspace: 43158K(46912K)->43158K(46912K) NonClass: 33193K(34880K)->33193K(34880K) Class: 9965K(12032K)->9965K(12032K)
[68.525s][info][gc          ] GC(83) Pause Full (System.gc()) 778M->778M(6136M) 488.765ms
[69.098s][info][gc,metaspace] GC(84) Metaspace: 43158K(46912K)->43158K(46912K) NonClass: 33193K(34880K)->33193K(34880K) Class: 9965K(12032K)->9965K(12032K)
[69.099s][info][gc          ] GC(84) Pause Full (System.gc()) 778M->778M(6136M) 573.240ms
[69.619s][info][gc,metaspace] GC(85) Metaspace: 43158K(46912K)->43158K(46912K) NonClass: 33193K(34880K)->33193K(34880K) Class: 9965K(12032K)->9965K(12032K)
[69.619s][info][gc          ] GC(85) Pause Full (System.gc()) 778M->778M(6136M) 520.826ms
[70.122s][info][gc,metaspace] GC(86) Metaspace: 43158K(46912K)->43158K(46912K) NonClass: 33193K(34880K)->33193K(34880K) Class: 9965K(12032K)->9965K(12032K)
[70.122s][info][gc          ] GC(86) Pause Full (System.gc()) 778M->778M(6136M) 502.679ms
[70.637s][info][gc,metaspace] GC(87) Metaspace: 43158K(46912K)->43158K(46912K) NonClass: 33193K(34880K)->33193K(34880K) Class: 9965K(12032K)->9965K(12032K)
[70.637s][info][gc          ] GC(87) Pause Full (System.gc()) 778M->778M(6136M) 514.781ms
[71.148s][info][gc,metaspace] GC(88) Metaspace: 43158K(46912K)->43158K(46912K) NonClass: 33193K(34880K)->33193K(34880K) Class: 9965K(12032K)->9965K(12032K)
[71.148s][info][gc          ] GC(88) Pause Full (System.gc()) 778M->778M(6136M) 510.627ms
[71.667s][info][gc,metaspace] GC(89) Metaspace: 43158K(46912K)->43158K(46912K) NonClass: 33193K(34880K)->33193K(34880K) Class: 9965K(12032K)->9965K(12032K)
[71.667s][info][gc          ] GC(89) Pause Full (System.gc()) 778M->778M(6136M) 514.515ms
[72.174s][info][gc,metaspace] GC(90) Metaspace: 43158K(46912K)->43158K(46912K) NonClass: 33193K(34880K)->33193K(34880K) Class: 9965K(12032K)->9965K(12032K)
[72.174s][info][gc          ] GC(90) Pause Full (System.gc()) 778M->778M(6136M) 507.369ms
[72.687s][info][gc,metaspace] GC(91) Metaspace: 43158K(46912K)->43158K(46912K) NonClass: 33193K(34880K)->33193K(34880K) Class: 9965K(12032K)->9965K(12032K)
[72.687s][info][gc          ] GC(91) Pause Full (System.gc()) 778M->778M(6136M) 512.721ms
[73.191s][info][gc,metaspace] GC(92) Metaspace: 43158K(46912K)->43158K(46912K) NonClass: 33193K(34880K)->33193K(34880K) Class: 9965K(12032K)->9965K(12032K)
[73.191s][info][gc          ] GC(92) Pause Full (System.gc()) 778M->778M(6136M) 503.478ms
[73.698s][info][gc,metaspace] GC(93) Metaspace: 43158K(46912K)->43158K(46912K) NonClass: 33193K(34880K)->33193K(34880K) Class: 9965K(12032K)->9965K(12032K)
[73.698s][info][gc          ] GC(93) Pause Full (System.gc()) 778M->778M(6136M) 507.300ms
[74.209s][info][gc,metaspace] GC(94) Metaspace: 43158K(46912K)->43158K(46912K) NonClass: 33193K(34880K)->33193K(34880K) Class: 9965K(12032K)->9965K(12032K)
[74.209s][info][gc          ] GC(94) Pause Full (System.gc()) 778M->778M(6136M) 510.482ms
[74.728s][info][gc,metaspace] GC(95) Metaspace: 43158K(46912K)->43158K(46912K) NonClass: 33193K(34880K)->33193K(34880K) Class: 9965K(12032K)->9965K(12032K)
[74.728s][info][gc          ] GC(95) Pause Full (System.gc()) 778M->778M(6136M) 519.144ms
[75.301s][info][gc,metaspace] GC(96) Metaspace: 43158K(46912K)->43158K(46912K) NonClass: 33193K(34880K)->33193K(34880K) Class: 9965K(12032K)->9965K(12032K)
[75.301s][info][gc          ] GC(96) Pause Full (System.gc()) 778M->778M(6136M) 573.166ms
[75.808s][info][gc,metaspace] GC(97) Metaspace: 43158K(46912K)->43158K(46912K) NonClass: 33193K(34880K)->33193K(34880K) Class: 9965K(12032K)->9965K(12032K)
[75.808s][info][gc          ] GC(97) Pause Full (System.gc()) 778M->778M(6136M) 506.813ms
[76.344s][info][gc,metaspace] GC(98) Metaspace: 43158K(46912K)->43158K(46912K) NonClass: 33193K(34880K)->33193K(34880K) Class: 9965K(12032K)->9965K(12032K)
[76.344s][info][gc          ] GC(98) Pause Full (System.gc()) 778M->778M(6136M) 535.480ms
[76.861s][info][gc,metaspace] GC(99) Metaspace: 43158K(46912K)->43158K(46912K) NonClass: 33193K(34880K)->33193K(34880K) Class: 9965K(12032K)->9965K(12032K)
[76.861s][info][gc          ] GC(99) Pause Full (System.gc()) 778M->778M(6136M) 517.335ms
[77.429s][info][gc,metaspace] GC(100) Metaspace: 43158K(46912K)->43158K(46912K) NonClass: 33193K(34880K)->33193K(34880K) Class: 9965K(12032K)->9965K(12032K)
[77.429s][info][gc          ] GC(100) Pause Full (System.gc()) 778M->778M(6136M) 567.841ms
[77.939s][info][gc,metaspace] GC(101) Metaspace: 43158K(46912K)->43158K(46912K) NonClass: 33193K(34880K)->33193K(34880K) Class: 9965K(12032K)->9965K(12032K)
[77.939s][info][gc          ] GC(101) Pause Full (System.gc()) 778M->778M(6136M) 509.946ms
[78.442s][info][gc,metaspace] GC(102) Metaspace: 43158K(46912K)->43158K(46912K) NonClass: 33193K(34880K)->33193K(34880K) Class: 9965K(12032K)->9965K(12032K)
[78.442s][info][gc          ] GC(102) Pause Full (System.gc()) 778M->778M(6136M) 503.249ms
[78.952s][info][gc,metaspace] GC(103) Metaspace: 43158K(46912K)->43158K(46912K) NonClass: 33193K(34880K)->33193K(34880K) Class: 9965K(12032K)->9965K(12032K)
[78.952s][info][gc          ] GC(103) Pause Full (System.gc()) 778M->778M(6136M) 509.305ms
[79.451s][info][gc,metaspace] GC(104) Metaspace: 43158K(46912K)->43158K(46912K) NonClass: 33193K(34880K)->33193K(34880K) Class: 9965K(12032K)->9965K(12032K)
[79.451s][info][gc          ] GC(104) Pause Full (System.gc()) 778M->778M(6136M) 499.025ms
[79.954s][info][gc,metaspace] GC(105) Metaspace: 43158K(46912K)->43158K(46912K) NonClass: 33193K(34880K)->33193K(34880K) Class: 9965K(12032K)->9965K(12032K)
[79.954s][info][gc          ] GC(105) Pause Full (System.gc()) 778M->778M(6136M) 503.315ms
[80.450s][info][gc,metaspace] GC(106) Metaspace: 43158K(46912K)->43158K(46912K) NonClass: 33193K(34880K)->33193K(34880K) Class: 9965K(12032K)->9965K(12032K)
[80.450s][info][gc          ] GC(106) Pause Full (System.gc()) 778M->778M(6136M) 495.947ms
[81.025s][info][gc,metaspace] GC(107) Metaspace: 43158K(46912K)->43158K(46912K) NonClass: 33193K(34880K)->33193K(34880K) Class: 9965K(12032K)->9965K(12032K)
[81.025s][info][gc          ] GC(107) Pause Full (System.gc()) 778M->778M(6136M) 574.768ms
[81.529s][info][gc,metaspace] GC(108) Metaspace: 43158K(46912K)->43158K(46912K) NonClass: 33193K(34880K)->33193K(34880K) Class: 9965K(12032K)->9965K(12032K)
[81.529s][info][gc          ] GC(108) Pause Full (System.gc()) 778M->778M(6136M) 503.591ms
After GCs... 
