Done; will start GCs... 
[30.687s][info][gc,metaspace] GC(10) Metaspace: 42938K(46720K)->42938K(46720K) NonClass: 36022K(37632K)->36022K(37632K) Class: 6916K(9088K)->6916K(9088K)
[30.687s][info][gc          ] GC(10) Pause Young (System.gc()) 887M->778M(5569M) 1647.148ms
[33.087s][info][gc,metaspace] GC(11) Metaspace: 42938K(46720K)->42938K(46720K) NonClass: 36022K(37632K)->36022K(37632K) Class: 6916K(9088K)->6916K(9088K)
[33.087s][info][gc          ] GC(11) Pause Full (System.gc()) 778M->778M(5569M) 2400.120ms
[33.089s][info][gc,metaspace] GC(12) Metaspace: 42938K(46720K)->42938K(46720K) NonClass: 36022K(37632K)->36022K(37632K) Class: 6916K(9088K)->6916K(9088K)
[33.089s][info][gc          ] GC(12) Pause Young (System.gc()) 778M->778M(5852M) 1.207ms
[34.036s][info][gc,metaspace] GC(13) Metaspace: 42938K(46720K)->42938K(46720K) NonClass: 36022K(37632K)->36022K(37632K) Class: 6916K(9088K)->6916K(9088K)
[34.036s][info][gc          ] GC(13) Pause Full (System.gc()) 778M->778M(5852M) 947.589ms
[34.038s][info][gc,metaspace] GC(14) Metaspace: 42938K(46720K)->42938K(46720K) NonClass: 36022K(37632K)->36022K(37632K) Class: 6916K(9088K)->6916K(9088K)
[34.038s][info][gc          ] GC(14) Pause Young (System.gc()) 778M->778M(5868M) 1.010ms
[34.999s][info][gc,metaspace] GC(15) Metaspace: 42938K(46720K)->42938K(46720K) NonClass: 36022K(37632K)->36022K(37632K) Class: 6916K(9088K)->6916K(9088K)
[34.999s][info][gc          ] GC(15) Pause Full (System.gc()) 778M->778M(5868M) 957.239ms
[35.000s][info][gc,metaspace] GC(16) Metaspace: 42939K(46720K)->42939K(46720K) NonClass: 36023K(37632K)->36023K(37632K) Class: 6916K(9088K)->6916K(9088K)
[35.000s][info][gc          ] GC(16) Pause Young (System.gc()) 778M->778M(5860M) 0.527ms
[35.938s][info][gc,metaspace] GC(17) Metaspace: 42939K(46720K)->42939K(46720K) NonClass: 36023K(37632K)->36023K(37632K) Class: 6916K(9088K)->6916K(9088K)
[35.938s][info][gc          ] GC(17) Pause Full (System.gc()) 778M->778M(5860M) 937.769ms
[35.939s][info][gc,metaspace] GC(18) Metaspace: 42939K(46720K)->42939K(46720K) NonClass: 36023K(37632K)->36023K(37632K) Class: 6916K(9088K)->6916K(9088K)
[35.939s][info][gc          ] GC(18) Pause Young (System.gc()) 778M->778M(5888M) 1.051ms
[36.897s][info][gc,metaspace] GC(19) Metaspace: 42939K(46720K)->42939K(46720K) NonClass: 36023K(37632K)->36023K(37632K) Class: 6916K(9088K)->6916K(9088K)
[36.897s][info][gc          ] GC(19) Pause Full (System.gc()) 778M->778M(5888M) 957.590ms
[36.898s][info][gc,metaspace] GC(20) Metaspace: 42939K(46720K)->42939K(46720K) NonClass: 36023K(37632K)->36023K(37632K) Class: 6916K(9088K)->6916K(9088K)
[36.898s][info][gc          ] GC(20) Pause Young (System.gc()) 778M->778M(5878M) 0.909ms
[37.842s][info][gc,metaspace] GC(21) Metaspace: 42939K(46720K)->42939K(46720K) NonClass: 36023K(37632K)->36023K(37632K) Class: 6916K(9088K)->6916K(9088K)
[37.842s][info][gc          ] GC(21) Pause Full (System.gc()) 778M->778M(5878M) 944.358ms
[37.843s][info][gc,metaspace] GC(22) Metaspace: 42939K(46720K)->42939K(46720K) NonClass: 36023K(37632K)->36023K(37632K) Class: 6916K(9088K)->6916K(9088K)
[37.843s][info][gc          ] GC(22) Pause Young (System.gc()) 778M->778M(5911M) 0.944ms
[38.772s][info][gc,metaspace] GC(23) Metaspace: 42939K(46720K)->42939K(46720K) NonClass: 36023K(37632K)->36023K(37632K) Class: 6916K(9088K)->6916K(9088K)
[38.772s][info][gc          ] GC(23) Pause Full (System.gc()) 778M->778M(5911M) 929.014ms
[38.773s][info][gc,metaspace] GC(24) Metaspace: 42939K(46720K)->42939K(46720K) NonClass: 36023K(37632K)->36023K(37632K) Class: 6916K(9088K)->6916K(9088K)
[38.773s][info][gc          ] GC(24) Pause Young (System.gc()) 778M->778M(5900M) 0.535ms
[39.717s][info][gc,metaspace] GC(25) Metaspace: 42939K(46720K)->42939K(46720K) NonClass: 36023K(37632K)->36023K(37632K) Class: 6916K(9088K)->6916K(9088K)
[39.717s][info][gc          ] GC(25) Pause Full (System.gc()) 778M->778M(5900M) 944.233ms
[39.718s][info][gc,metaspace] GC(26) Metaspace: 42939K(46720K)->42939K(46720K) NonClass: 36023K(37632K)->36023K(37632K) Class: 6916K(9088K)->6916K(9088K)
[39.718s][info][gc          ] GC(26) Pause Young (System.gc()) 778M->778M(5934M) 0.669ms
[40.629s][info][gc,metaspace] GC(27) Metaspace: 42939K(46720K)->42939K(46720K) NonClass: 36023K(37632K)->36023K(37632K) Class: 6916K(9088K)->6916K(9088K)
[40.629s][info][gc          ] GC(27) Pause Full (System.gc()) 778M->778M(5934M) 911.139ms
[40.630s][info][gc,metaspace] GC(28) Metaspace: 42939K(46720K)->42939K(46720K) NonClass: 36023K(37632K)->36023K(37632K) Class: 6916K(9088K)->6916K(9088K)
[40.631s][info][gc          ] GC(28) Pause Young (System.gc()) 778M->778M(5923M) 0.801ms
[41.550s][info][gc,metaspace] GC(29) Metaspace: 42939K(46720K)->42939K(46720K) NonClass: 36023K(37632K)->36023K(37632K) Class: 6916K(9088K)->6916K(9088K)
[41.550s][info][gc          ] GC(29) Pause Full (System.gc()) 778M->778M(5923M) 919.866ms
[41.551s][info][gc,metaspace] GC(30) Metaspace: 42939K(46720K)->42939K(46720K) NonClass: 36023K(37632K)->36023K(37632K) Class: 6916K(9088K)->6916K(9088K)
[41.551s][info][gc          ] GC(30) Pause Young (System.gc()) 778M->778M(5957M) 0.891ms
[42.476s][info][gc,metaspace] GC(31) Metaspace: 42939K(46720K)->42939K(46720K) NonClass: 36023K(37632K)->36023K(37632K) Class: 6916K(9088K)->6916K(9088K)
[42.476s][info][gc          ] GC(31) Pause Full (System.gc()) 778M->778M(5957M) 924.423ms
[42.477s][info][gc,metaspace] GC(32) Metaspace: 42939K(46720K)->42939K(46720K) NonClass: 36023K(37632K)->36023K(37632K) Class: 6916K(9088K)->6916K(9088K)
[42.477s][info][gc          ] GC(32) Pause Young (System.gc()) 778M->778M(5946M) 0.850ms
[43.418s][info][gc,metaspace] GC(33) Metaspace: 42939K(46720K)->42939K(46720K) NonClass: 36023K(37632K)->36023K(37632K) Class: 6916K(9088K)->6916K(9088K)
[43.418s][info][gc          ] GC(33) Pause Full (System.gc()) 778M->778M(5946M) 941.033ms
[43.419s][info][gc,metaspace] GC(34) Metaspace: 42939K(46720K)->42939K(46720K) NonClass: 36023K(37632K)->36023K(37632K) Class: 6916K(9088K)->6916K(9088K)
[43.419s][info][gc          ] GC(34) Pause Young (System.gc()) 778M->778M(5979M) 0.923ms
[44.334s][info][gc,metaspace] GC(35) Metaspace: 42939K(46720K)->42939K(46720K) NonClass: 36023K(37632K)->36023K(37632K) Class: 6916K(9088K)->6916K(9088K)
[44.334s][info][gc          ] GC(35) Pause Full (System.gc()) 778M->778M(5979M) 914.348ms
[44.334s][info][gc,metaspace] GC(36) Metaspace: 42939K(46720K)->42939K(46720K) NonClass: 36023K(37632K)->36023K(37632K) Class: 6916K(9088K)->6916K(9088K)
[44.334s][info][gc          ] GC(36) Pause Young (System.gc()) 778M->778M(5968M) 0.784ms
[45.300s][info][gc,metaspace] GC(37) Metaspace: 42939K(46720K)->42939K(46720K) NonClass: 36023K(37632K)->36023K(37632K) Class: 6916K(9088K)->6916K(9088K)
[45.300s][info][gc          ] GC(37) Pause Full (System.gc()) 778M->778M(5968M) 965.548ms
[45.305s][info][gc,metaspace] GC(38) Metaspace: 42939K(46720K)->42939K(46720K) NonClass: 36023K(37632K)->36023K(37632K) Class: 6916K(9088K)->6916K(9088K)
[45.305s][info][gc          ] GC(38) Pause Young (System.gc()) 778M->778M(5999M) 0.609ms
[46.052s][info][gc,metaspace] GC(39) Metaspace: 42939K(46720K)->42939K(46720K) NonClass: 36023K(37632K)->36023K(37632K) Class: 6916K(9088K)->6916K(9088K)
[46.052s][info][gc          ] GC(39) Pause Full (System.gc()) 778M->778M(5999M) 747.119ms
[46.053s][info][gc,metaspace] GC(40) Metaspace: 42939K(46720K)->42939K(46720K) NonClass: 36023K(37632K)->36023K(37632K) Class: 6916K(9088K)->6916K(9088K)
[46.053s][info][gc          ] GC(40) Pause Young (System.gc()) 778M->778M(5989M) 0.872ms
[47.013s][info][gc,metaspace] GC(41) Metaspace: 42939K(46720K)->42939K(46720K) NonClass: 36023K(37632K)->36023K(37632K) Class: 6916K(9088K)->6916K(9088K)
[47.013s][info][gc          ] GC(41) Pause Full (System.gc()) 778M->778M(5989M) 960.141ms
[47.015s][info][gc,metaspace] GC(42) Metaspace: 42939K(46720K)->42939K(46720K) NonClass: 36023K(37632K)->36023K(37632K) Class: 6916K(9088K)->6916K(9088K)
[47.015s][info][gc          ] GC(42) Pause Young (System.gc()) 778M->778M(6017M) 1.017ms
[47.956s][info][gc,metaspace] GC(43) Metaspace: 42939K(46720K)->42939K(46720K) NonClass: 36023K(37632K)->36023K(37632K) Class: 6916K(9088K)->6916K(9088K)
[47.956s][info][gc          ] GC(43) Pause Full (System.gc()) 778M->778M(6017M) 941.776ms
[47.957s][info][gc,metaspace] GC(44) Metaspace: 42939K(46720K)->42939K(46720K) NonClass: 36023K(37632K)->36023K(37632K) Class: 6916K(9088K)->6916K(9088K)
[47.957s][info][gc          ] GC(44) Pause Young (System.gc()) 778M->778M(6008M) 0.789ms
[48.920s][info][gc,metaspace] GC(45) Metaspace: 42939K(46720K)->42939K(46720K) NonClass: 36023K(37632K)->36023K(37632K) Class: 6916K(9088K)->6916K(9088K)
[48.920s][info][gc          ] GC(45) Pause Full (System.gc()) 778M->778M(6008M) 962.538ms
[48.921s][info][gc,metaspace] GC(46) Metaspace: 42939K(46720K)->42939K(46720K) NonClass: 36023K(37632K)->36023K(37632K) Class: 6916K(9088K)->6916K(9088K)
[48.921s][info][gc          ] GC(46) Pause Young (System.gc()) 778M->778M(6034M) 0.931ms
[49.843s][info][gc,metaspace] GC(47) Metaspace: 42939K(46720K)->42939K(46720K) NonClass: 36023K(37632K)->36023K(37632K) Class: 6916K(9088K)->6916K(9088K)
[49.843s][info][gc          ] GC(47) Pause Full (System.gc()) 778M->778M(6034M) 921.854ms
[49.844s][info][gc,metaspace] GC(48) Metaspace: 42939K(46720K)->42939K(46720K) NonClass: 36023K(37632K)->36023K(37632K) Class: 6916K(9088K)->6916K(9088K)
[49.844s][info][gc          ] GC(48) Pause Young (System.gc()) 778M->778M(6026M) 0.857ms
[50.781s][info][gc,metaspace] GC(49) Metaspace: 42939K(46720K)->42939K(46720K) NonClass: 36023K(37632K)->36023K(37632K) Class: 6916K(9088K)->6916K(9088K)
[50.781s][info][gc          ] GC(49) Pause Full (System.gc()) 778M->778M(6026M) 937.034ms
[50.782s][info][gc,metaspace] GC(50) Metaspace: 42939K(46720K)->42939K(46720K) NonClass: 36023K(37632K)->36023K(37632K) Class: 6916K(9088K)->6916K(9088K)
[50.782s][info][gc          ] GC(50) Pause Young (System.gc()) 778M->778M(6049M) 0.871ms
[51.698s][info][gc,metaspace] GC(51) Metaspace: 42939K(46720K)->42939K(46720K) NonClass: 36023K(37632K)->36023K(37632K) Class: 6916K(9088K)->6916K(9088K)
[51.699s][info][gc          ] GC(51) Pause Full (System.gc()) 778M->778M(6049M) 916.507ms
[51.699s][info][gc,metaspace] GC(52) Metaspace: 42939K(46720K)->42939K(46720K) NonClass: 36023K(37632K)->36023K(37632K) Class: 6916K(9088K)->6916K(9088K)
[51.699s][info][gc          ] GC(52) Pause Young (System.gc()) 778M->778M(6042M) 0.508ms
[52.614s][info][gc,metaspace] GC(53) Metaspace: 42939K(46720K)->42939K(46720K) NonClass: 36023K(37632K)->36023K(37632K) Class: 6916K(9088K)->6916K(9088K)
[52.614s][info][gc          ] GC(53) Pause Full (System.gc()) 778M->778M(6042M) 914.774ms
[52.615s][info][gc,metaspace] GC(54) Metaspace: 42939K(46720K)->42939K(46720K) NonClass: 36023K(37632K)->36023K(37632K) Class: 6916K(9088K)->6916K(9088K)
[52.615s][info][gc          ] GC(54) Pause Young (System.gc()) 778M->778M(6062M) 0.972ms
[53.476s][info][gc,metaspace] GC(55) Metaspace: 42939K(46720K)->42939K(46720K) NonClass: 36023K(37632K)->36023K(37632K) Class: 6916K(9088K)->6916K(9088K)
[53.476s][info][gc          ] GC(55) Pause Full (System.gc()) 778M->778M(6062M) 860.469ms
[53.477s][info][gc,metaspace] GC(56) Metaspace: 42939K(46720K)->42939K(46720K) NonClass: 36023K(37632K)->36023K(37632K) Class: 6916K(9088K)->6916K(9088K)
[53.477s][info][gc          ] GC(56) Pause Young (System.gc()) 778M->778M(6056M) 0.820ms
[54.422s][info][gc,metaspace] GC(57) Metaspace: 42939K(46720K)->42939K(46720K) NonClass: 36023K(37632K)->36023K(37632K) Class: 6916K(9088K)->6916K(9088K)
[54.422s][info][gc          ] GC(57) Pause Full (System.gc()) 778M->778M(6056M) 945.179ms
[54.422s][info][gc,metaspace] GC(58) Metaspace: 42939K(46720K)->42939K(46720K) NonClass: 36023K(37632K)->36023K(37632K) Class: 6916K(9088K)->6916K(9088K)
[54.422s][info][gc          ] GC(58) Pause Young (System.gc()) 778M->778M(6074M) 0.559ms
[55.360s][info][gc,metaspace] GC(59) Metaspace: 42939K(46720K)->42939K(46720K) NonClass: 36023K(37632K)->36023K(37632K) Class: 6916K(9088K)->6916K(9088K)
[55.360s][info][gc          ] GC(59) Pause Full (System.gc()) 778M->778M(6074M) 937.785ms
[55.361s][info][gc,metaspace] GC(60) Metaspace: 42939K(46720K)->42939K(46720K) NonClass: 36023K(37632K)->36023K(37632K) Class: 6916K(9088K)->6916K(9088K)
[55.361s][info][gc          ] GC(60) Pause Young (System.gc()) 778M->778M(6068M) 0.887ms
[56.288s][info][gc,metaspace] GC(61) Metaspace: 42939K(46720K)->42939K(46720K) NonClass: 36023K(37632K)->36023K(37632K) Class: 6916K(9088K)->6916K(9088K)
[56.288s][info][gc          ] GC(61) Pause Full (System.gc()) 778M->778M(6068M) 927.102ms
[56.294s][info][gc,metaspace] GC(62) Metaspace: 42939K(46720K)->42939K(46720K) NonClass: 36023K(37632K)->36023K(37632K) Class: 6916K(9088K)->6916K(9088K)
[56.294s][info][gc          ] GC(62) Pause Young (System.gc()) 778M->778M(6084M) 0.825ms
[57.223s][info][gc,metaspace] GC(63) Metaspace: 42939K(46720K)->42939K(46720K) NonClass: 36023K(37632K)->36023K(37632K) Class: 6916K(9088K)->6916K(9088K)
[57.223s][info][gc          ] GC(63) Pause Full (System.gc()) 778M->778M(6084M) 929.510ms
[57.224s][info][gc,metaspace] GC(64) Metaspace: 42939K(46720K)->42939K(46720K) NonClass: 36023K(37632K)->36023K(37632K) Class: 6916K(9088K)->6916K(9088K)
[57.224s][info][gc          ] GC(64) Pause Young (System.gc()) 778M->778M(6079M) 0.792ms
[58.187s][info][gc,metaspace] GC(65) Metaspace: 42939K(46720K)->42939K(46720K) NonClass: 36023K(37632K)->36023K(37632K) Class: 6916K(9088K)->6916K(9088K)
[58.187s][info][gc          ] GC(65) Pause Full (System.gc()) 778M->778M(6079M) 962.799ms
[58.188s][info][gc,metaspace] GC(66) Metaspace: 42939K(46720K)->42939K(46720K) NonClass: 36023K(37632K)->36023K(37632K) Class: 6916K(9088K)->6916K(9088K)
[58.188s][info][gc          ] GC(66) Pause Young (System.gc()) 778M->778M(6093M) 0.939ms
[59.122s][info][gc,metaspace] GC(67) Metaspace: 42939K(46720K)->42939K(46720K) NonClass: 36023K(37632K)->36023K(37632K) Class: 6916K(9088K)->6916K(9088K)
[59.122s][info][gc          ] GC(67) Pause Full (System.gc()) 778M->778M(6093M) 933.975ms
[59.123s][info][gc,metaspace] GC(68) Metaspace: 42939K(46720K)->42939K(46720K) NonClass: 36023K(37632K)->36023K(37632K) Class: 6916K(9088K)->6916K(9088K)
[59.123s][info][gc          ] GC(68) Pause Young (System.gc()) 778M->778M(6088M) 0.547ms
[60.088s][info][gc,metaspace] GC(69) Metaspace: 42939K(46720K)->42939K(46720K) NonClass: 36023K(37632K)->36023K(37632K) Class: 6916K(9088K)->6916K(9088K)
[60.088s][info][gc          ] GC(69) Pause Full (System.gc()) 778M->778M(6088M) 965.169ms
[60.089s][info][gc,metaspace] GC(70) Metaspace: 42939K(46720K)->42939K(46720K) NonClass: 36023K(37632K)->36023K(37632K) Class: 6916K(9088K)->6916K(9088K)
[60.089s][info][gc          ] GC(70) Pause Young (System.gc()) 778M->778M(6100M) 0.539ms
[61.077s][info][gc,metaspace] GC(71) Metaspace: 42939K(46720K)->42939K(46720K) NonClass: 36023K(37632K)->36023K(37632K) Class: 6916K(9088K)->6916K(9088K)
[61.077s][info][gc          ] GC(71) Pause Full (System.gc()) 778M->778M(6100M) 988.468ms
[61.078s][info][gc,metaspace] GC(72) Metaspace: 42939K(46720K)->42939K(46720K) NonClass: 36023K(37632K)->36023K(37632K) Class: 6916K(9088K)->6916K(9088K)
[61.078s][info][gc          ] GC(72) Pause Young (System.gc()) 778M->778M(6096M) 0.891ms
[61.992s][info][gc,metaspace] GC(73) Metaspace: 42939K(46720K)->42939K(46720K) NonClass: 36023K(37632K)->36023K(37632K) Class: 6916K(9088K)->6916K(9088K)
[61.992s][info][gc          ] GC(73) Pause Full (System.gc()) 778M->778M(6096M) 914.135ms
[61.993s][info][gc,metaspace] GC(74) Metaspace: 42939K(46720K)->42939K(46720K) NonClass: 36023K(37632K)->36023K(37632K) Class: 6916K(9088K)->6916K(9088K)
[61.993s][info][gc          ] GC(74) Pause Young (System.gc()) 778M->778M(6107M) 0.955ms
[62.938s][info][gc,metaspace] GC(75) Metaspace: 42939K(46720K)->42939K(46720K) NonClass: 36023K(37632K)->36023K(37632K) Class: 6916K(9088K)->6916K(9088K)
[62.939s][info][gc          ] GC(75) Pause Full (System.gc()) 778M->778M(6107M) 945.046ms
[62.940s][info][gc,metaspace] GC(76) Metaspace: 42939K(46720K)->42939K(46720K) NonClass: 36023K(37632K)->36023K(37632K) Class: 6916K(9088K)->6916K(9088K)
[62.940s][info][gc          ] GC(76) Pause Young (System.gc()) 778M->778M(6104M) 0.799ms
[63.977s][info][gc,metaspace] GC(77) Metaspace: 42939K(46720K)->42939K(46720K) NonClass: 36023K(37632K)->36023K(37632K) Class: 6916K(9088K)->6916K(9088K)
[63.977s][info][gc          ] GC(77) Pause Full (System.gc()) 778M->778M(6104M) 1037.896ms
[63.978s][info][gc,metaspace] GC(78) Metaspace: 42939K(46720K)->42939K(46720K) NonClass: 36023K(37632K)->36023K(37632K) Class: 6916K(9088K)->6916K(9088K)
[63.978s][info][gc          ] GC(78) Pause Young (System.gc()) 778M->778M(6112M) 0.566ms
[64.876s][info][gc,metaspace] GC(79) Metaspace: 42939K(46720K)->42939K(46720K) NonClass: 36023K(37632K)->36023K(37632K) Class: 6916K(9088K)->6916K(9088K)
[64.876s][info][gc          ] GC(79) Pause Full (System.gc()) 778M->778M(6112M) 897.915ms
[64.877s][info][gc,metaspace] GC(80) Metaspace: 42939K(46720K)->42939K(46720K) NonClass: 36023K(37632K)->36023K(37632K) Class: 6916K(9088K)->6916K(9088K)
[64.877s][info][gc          ] GC(80) Pause Young (System.gc()) 791M->778M(6110M) 0.864ms
[65.825s][info][gc,metaspace] GC(81) Metaspace: 42939K(46720K)->42939K(46720K) NonClass: 36023K(37632K)->36023K(37632K) Class: 6916K(9088K)->6916K(9088K)
[65.825s][info][gc          ] GC(81) Pause Full (System.gc()) 778M->778M(6110M) 947.932ms
[65.826s][info][gc,metaspace] GC(82) Metaspace: 42939K(46720K)->42939K(46720K) NonClass: 36023K(37632K)->36023K(37632K) Class: 6916K(9088K)->6916K(9088K)
[65.826s][info][gc          ] GC(82) Pause Young (System.gc()) 778M->778M(6117M) 0.680ms
[66.763s][info][gc,metaspace] GC(83) Metaspace: 42939K(46720K)->42939K(46720K) NonClass: 36023K(37632K)->36023K(37632K) Class: 6916K(9088K)->6916K(9088K)
[66.763s][info][gc          ] GC(83) Pause Full (System.gc()) 778M->778M(6117M) 936.769ms
[66.764s][info][gc,metaspace] GC(84) Metaspace: 42939K(46720K)->42939K(46720K) NonClass: 36023K(37632K)->36023K(37632K) Class: 6916K(9088K)->6916K(9088K)
[66.764s][info][gc          ] GC(84) Pause Young (System.gc()) 778M->778M(6115M) 0.809ms
[67.668s][info][gc,metaspace] GC(85) Metaspace: 42939K(46720K)->42939K(46720K) NonClass: 36023K(37632K)->36023K(37632K) Class: 6916K(9088K)->6916K(9088K)
[67.668s][info][gc          ] GC(85) Pause Full (System.gc()) 778M->778M(6115M) 904.572ms
[67.669s][info][gc,metaspace] GC(86) Metaspace: 42939K(46720K)->42939K(46720K) NonClass: 36023K(37632K)->36023K(37632K) Class: 6916K(9088K)->6916K(9088K)
[67.669s][info][gc          ] GC(86) Pause Young (System.gc()) 778M->778M(6121M) 0.939ms
[68.607s][info][gc,metaspace] GC(87) Metaspace: 42939K(46720K)->42939K(46720K) NonClass: 36023K(37632K)->36023K(37632K) Class: 6916K(9088K)->6916K(9088K)
[68.607s][info][gc          ] GC(87) Pause Full (System.gc()) 778M->778M(6121M) 937.272ms
[68.608s][info][gc,metaspace] GC(88) Metaspace: 42939K(46720K)->42939K(46720K) NonClass: 36023K(37632K)->36023K(37632K) Class: 6916K(9088K)->6916K(9088K)
[68.608s][info][gc          ] GC(88) Pause Young (System.gc()) 778M->778M(6119M) 0.865ms
[69.547s][info][gc,metaspace] GC(89) Metaspace: 42939K(46720K)->42939K(46720K) NonClass: 36023K(37632K)->36023K(37632K) Class: 6916K(9088K)->6916K(9088K)
[69.547s][info][gc          ] GC(89) Pause Full (System.gc()) 778M->778M(6119M) 939.479ms
[69.548s][info][gc,metaspace] GC(90) Metaspace: 42939K(46720K)->42939K(46720K) NonClass: 36023K(37632K)->36023K(37632K) Class: 6916K(9088K)->6916K(9088K)
[69.548s][info][gc          ] GC(90) Pause Young (System.gc()) 778M->778M(6125M) 0.855ms
[70.383s][info][gc,metaspace] GC(91) Metaspace: 42939K(46720K)->42939K(46720K) NonClass: 36023K(37632K)->36023K(37632K) Class: 6916K(9088K)->6916K(9088K)
[70.383s][info][gc          ] GC(91) Pause Full (System.gc()) 778M->778M(6125M) 835.025ms
[70.384s][info][gc,metaspace] GC(92) Metaspace: 42939K(46720K)->42939K(46720K) NonClass: 36023K(37632K)->36023K(37632K) Class: 6916K(9088K)->6916K(9088K)
[70.384s][info][gc          ] GC(92) Pause Young (System.gc()) 778M->778M(6123M) 0.741ms
[71.321s][info][gc,metaspace] GC(93) Metaspace: 42939K(46720K)->42939K(46720K) NonClass: 36023K(37632K)->36023K(37632K) Class: 6916K(9088K)->6916K(9088K)
[71.321s][info][gc          ] GC(93) Pause Full (System.gc()) 778M->778M(6123M) 936.438ms
[71.322s][info][gc,metaspace] GC(94) Metaspace: 42939K(46720K)->42939K(46720K) NonClass: 36023K(37632K)->36023K(37632K) Class: 6916K(9088K)->6916K(9088K)
[71.322s][info][gc          ] GC(94) Pause Young (System.gc()) 778M->778M(6128M) 0.984ms
[72.270s][info][gc,metaspace] GC(95) Metaspace: 42939K(46720K)->42939K(46720K) NonClass: 36023K(37632K)->36023K(37632K) Class: 6916K(9088K)->6916K(9088K)
[72.270s][info][gc          ] GC(95) Pause Full (System.gc()) 778M->778M(6128M) 948.702ms
[72.271s][info][gc,metaspace] GC(96) Metaspace: 42939K(46720K)->42939K(46720K) NonClass: 36023K(37632K)->36023K(37632K) Class: 6916K(9088K)->6916K(9088K)
[72.271s][info][gc          ] GC(96) Pause Young (System.gc()) 778M->778M(6126M) 0.801ms
[73.198s][info][gc,metaspace] GC(97) Metaspace: 42939K(46720K)->42939K(46720K) NonClass: 36023K(37632K)->36023K(37632K) Class: 6916K(9088K)->6916K(9088K)
[73.198s][info][gc          ] GC(97) Pause Full (System.gc()) 778M->778M(6126M) 926.631ms
[73.203s][info][gc,metaspace] GC(98) Metaspace: 42939K(46720K)->42939K(46720K) NonClass: 36023K(37632K)->36023K(37632K) Class: 6916K(9088K)->6916K(9088K)
[73.203s][info][gc          ] GC(98) Pause Young (System.gc()) 778M->778M(6130M) 0.892ms
[74.145s][info][gc,metaspace] GC(99) Metaspace: 42939K(46720K)->42939K(46720K) NonClass: 36023K(37632K)->36023K(37632K) Class: 6916K(9088K)->6916K(9088K)
[74.145s][info][gc          ] GC(99) Pause Full (System.gc()) 778M->778M(6130M) 941.911ms
[74.146s][info][gc,metaspace] GC(100) Metaspace: 42939K(46720K)->42939K(46720K) NonClass: 36023K(37632K)->36023K(37632K) Class: 6916K(9088K)->6916K(9088K)
[74.146s][info][gc          ] GC(100) Pause Young (System.gc()) 778M->778M(6129M) 0.850ms
[75.100s][info][gc,metaspace] GC(101) Metaspace: 42939K(46720K)->42939K(46720K) NonClass: 36023K(37632K)->36023K(37632K) Class: 6916K(9088K)->6916K(9088K)
[75.100s][info][gc          ] GC(101) Pause Full (System.gc()) 778M->778M(6129M) 953.321ms
[75.101s][info][gc,metaspace] GC(102) Metaspace: 42939K(46720K)->42939K(46720K) NonClass: 36023K(37632K)->36023K(37632K) Class: 6916K(9088K)->6916K(9088K)
[75.101s][info][gc          ] GC(102) Pause Young (System.gc()) 778M->778M(6132M) 0.918ms
[76.051s][info][gc,metaspace] GC(103) Metaspace: 42939K(46720K)->42939K(46720K) NonClass: 36023K(37632K)->36023K(37632K) Class: 6916K(9088K)->6916K(9088K)
[76.051s][info][gc          ] GC(103) Pause Full (System.gc()) 778M->778M(6132M) 950.430ms
[76.052s][info][gc,metaspace] GC(104) Metaspace: 42939K(46720K)->42939K(46720K) NonClass: 36023K(37632K)->36023K(37632K) Class: 6916K(9088K)->6916K(9088K)
[76.052s][info][gc          ] GC(104) Pause Young (System.gc()) 778M->778M(6131M) 0.850ms
[76.967s][info][gc,metaspace] GC(105) Metaspace: 42939K(46720K)->42939K(46720K) NonClass: 36023K(37632K)->36023K(37632K) Class: 6916K(9088K)->6916K(9088K)
[76.967s][info][gc          ] GC(105) Pause Full (System.gc()) 778M->778M(6131M) 914.623ms
[76.968s][info][gc,metaspace] GC(106) Metaspace: 42939K(46720K)->42939K(46720K) NonClass: 36023K(37632K)->36023K(37632K) Class: 6916K(9088K)->6916K(9088K)
[76.968s][info][gc          ] GC(106) Pause Young (System.gc()) 778M->778M(6134M) 0.929ms
[77.898s][info][gc,metaspace] GC(107) Metaspace: 42939K(46720K)->42939K(46720K) NonClass: 36023K(37632K)->36023K(37632K) Class: 6916K(9088K)->6916K(9088K)
[77.898s][info][gc          ] GC(107) Pause Full (System.gc()) 778M->778M(6134M) 929.702ms
[77.898s][info][gc,metaspace] GC(108) Metaspace: 42939K(46720K)->42939K(46720K) NonClass: 36023K(37632K)->36023K(37632K) Class: 6916K(9088K)->6916K(9088K)
[77.898s][info][gc          ] GC(108) Pause Young (System.gc()) 778M->778M(6133M) 0.783ms
[78.846s][info][gc,metaspace] GC(109) Metaspace: 42939K(46720K)->42939K(46720K) NonClass: 36023K(37632K)->36023K(37632K) Class: 6916K(9088K)->6916K(9088K)
[78.846s][info][gc          ] GC(109) Pause Full (System.gc()) 778M->778M(6133M) 947.174ms
[78.847s][info][gc,metaspace] GC(110) Metaspace: 42939K(46720K)->42939K(46720K) NonClass: 36023K(37632K)->36023K(37632K) Class: 6916K(9088K)->6916K(9088K)
[78.847s][info][gc          ] GC(110) Pause Young (System.gc()) 778M->778M(6136M) 0.951ms
[79.782s][info][gc,metaspace] GC(111) Metaspace: 42939K(46720K)->42939K(46720K) NonClass: 36023K(37632K)->36023K(37632K) Class: 6916K(9088K)->6916K(9088K)
[79.782s][info][gc          ] GC(111) Pause Full (System.gc()) 778M->778M(6136M) 935.388ms
[79.783s][info][gc,metaspace] GC(112) Metaspace: 42939K(46720K)->42939K(46720K) NonClass: 36023K(37632K)->36023K(37632K) Class: 6916K(9088K)->6916K(9088K)
[79.783s][info][gc          ] GC(112) Pause Young (System.gc()) 778M->778M(6135M) 0.849ms
[80.587s][info][gc,metaspace] GC(113) Metaspace: 42939K(46720K)->42939K(46720K) NonClass: 36023K(37632K)->36023K(37632K) Class: 6916K(9088K)->6916K(9088K)
[80.587s][info][gc          ] GC(113) Pause Full (System.gc()) 778M->778M(6135M) 803.368ms
[80.588s][info][gc,metaspace] GC(114) Metaspace: 42939K(46720K)->42939K(46720K) NonClass: 36023K(37632K)->36023K(37632K) Class: 6916K(9088K)->6916K(9088K)
[80.588s][info][gc          ] GC(114) Pause Young (System.gc()) 778M->778M(6137M) 0.893ms
[81.477s][info][gc,metaspace] GC(115) Metaspace: 42939K(46720K)->42939K(46720K) NonClass: 36023K(37632K)->36023K(37632K) Class: 6916K(9088K)->6916K(9088K)
[81.477s][info][gc          ] GC(115) Pause Full (System.gc()) 778M->778M(6137M) 889.233ms
[81.478s][info][gc,metaspace] GC(116) Metaspace: 42939K(46720K)->42939K(46720K) NonClass: 36023K(37632K)->36023K(37632K) Class: 6916K(9088K)->6916K(9088K)
[81.478s][info][gc          ] GC(116) Pause Young (System.gc()) 778M->778M(6136M) 0.836ms
[82.447s][info][gc,metaspace] GC(117) Metaspace: 42939K(46720K)->42939K(46720K) NonClass: 36023K(37632K)->36023K(37632K) Class: 6916K(9088K)->6916K(9088K)
[82.447s][info][gc          ] GC(117) Pause Full (System.gc()) 778M->778M(6136M) 969.092ms
[82.448s][info][gc,metaspace] GC(118) Metaspace: 42939K(46720K)->42939K(46720K) NonClass: 36023K(37632K)->36023K(37632K) Class: 6916K(9088K)->6916K(9088K)
[82.448s][info][gc          ] GC(118) Pause Young (System.gc()) 778M->778M(6138M) 0.867ms
[83.404s][info][gc,metaspace] GC(119) Metaspace: 42939K(46720K)->42939K(46720K) NonClass: 36023K(37632K)->36023K(37632K) Class: 6916K(9088K)->6916K(9088K)
[83.404s][info][gc          ] GC(119) Pause Full (System.gc()) 778M->778M(6138M) 955.777ms
[83.405s][info][gc,metaspace] GC(120) Metaspace: 42939K(46720K)->42939K(46720K) NonClass: 36023K(37632K)->36023K(37632K) Class: 6916K(9088K)->6916K(9088K)
[83.405s][info][gc          ] GC(120) Pause Young (System.gc()) 778M->778M(6138M) 0.912ms
[84.340s][info][gc,metaspace] GC(121) Metaspace: 42939K(46720K)->42939K(46720K) NonClass: 36023K(37632K)->36023K(37632K) Class: 6916K(9088K)->6916K(9088K)
[84.340s][info][gc          ] GC(121) Pause Full (System.gc()) 778M->778M(6138M) 935.236ms
[84.346s][info][gc,metaspace] GC(122) Metaspace: 42939K(46720K)->42939K(46720K) NonClass: 36023K(37632K)->36023K(37632K) Class: 6916K(9088K)->6916K(9088K)
[84.346s][info][gc          ] GC(122) Pause Young (System.gc()) 778M->778M(6139M) 0.909ms
[85.304s][info][gc,metaspace] GC(123) Metaspace: 42939K(46720K)->42939K(46720K) NonClass: 36023K(37632K)->36023K(37632K) Class: 6916K(9088K)->6916K(9088K)
[85.304s][info][gc          ] GC(123) Pause Full (System.gc()) 778M->778M(6139M) 958.223ms
[85.305s][info][gc,metaspace] GC(124) Metaspace: 42939K(46720K)->42939K(46720K) NonClass: 36023K(37632K)->36023K(37632K) Class: 6916K(9088K)->6916K(9088K)
[85.305s][info][gc          ] GC(124) Pause Young (System.gc()) 778M->778M(6139M) 0.831ms
[86.235s][info][gc,metaspace] GC(125) Metaspace: 42939K(46720K)->42939K(46720K) NonClass: 36023K(37632K)->36023K(37632K) Class: 6916K(9088K)->6916K(9088K)
[86.235s][info][gc          ] GC(125) Pause Full (System.gc()) 778M->778M(6139M) 930.372ms
[86.236s][info][gc,metaspace] GC(126) Metaspace: 42939K(46720K)->42939K(46720K) NonClass: 36023K(37632K)->36023K(37632K) Class: 6916K(9088K)->6916K(9088K)
[86.236s][info][gc          ] GC(126) Pause Young (System.gc()) 778M->778M(6140M) 0.609ms
[87.167s][info][gc,metaspace] GC(127) Metaspace: 42939K(46720K)->42939K(46720K) NonClass: 36023K(37632K)->36023K(37632K) Class: 6916K(9088K)->6916K(9088K)
[87.167s][info][gc          ] GC(127) Pause Full (System.gc()) 778M->778M(6140M) 930.762ms
[87.168s][info][gc,metaspace] GC(128) Metaspace: 42939K(46720K)->42939K(46720K) NonClass: 36023K(37632K)->36023K(37632K) Class: 6916K(9088K)->6916K(9088K)
[87.168s][info][gc          ] GC(128) Pause Young (System.gc()) 778M->778M(6139M) 0.845ms
[88.119s][info][gc,metaspace] GC(129) Metaspace: 42939K(46720K)->42939K(46720K) NonClass: 36023K(37632K)->36023K(37632K) Class: 6916K(9088K)->6916K(9088K)
[88.119s][info][gc          ] GC(129) Pause Full (System.gc()) 778M->778M(6139M) 950.986ms
[88.119s][info][gc,metaspace] GC(130) Metaspace: 42939K(46720K)->42939K(46720K) NonClass: 36023K(37632K)->36023K(37632K) Class: 6916K(9088K)->6916K(9088K)
[88.119s][info][gc          ] GC(130) Pause Young (System.gc()) 778M->778M(6140M) 0.633ms
[89.085s][info][gc,metaspace] GC(131) Metaspace: 42939K(46720K)->42939K(46720K) NonClass: 36023K(37632K)->36023K(37632K) Class: 6916K(9088K)->6916K(9088K)
[89.085s][info][gc          ] GC(131) Pause Full (System.gc()) 778M->778M(6140M) 965.261ms
[89.086s][info][gc,metaspace] GC(132) Metaspace: 42939K(46720K)->42939K(46720K) NonClass: 36023K(37632K)->36023K(37632K) Class: 6916K(9088K)->6916K(9088K)
[89.086s][info][gc          ] GC(132) Pause Young (System.gc()) 778M->778M(6140M) 0.903ms
[90.053s][info][gc,metaspace] GC(133) Metaspace: 42939K(46720K)->42939K(46720K) NonClass: 36023K(37632K)->36023K(37632K) Class: 6916K(9088K)->6916K(9088K)
[90.053s][info][gc          ] GC(133) Pause Full (System.gc()) 778M->778M(6140M) 966.819ms
[90.058s][info][gc,metaspace] GC(134) Metaspace: 42939K(46720K)->42939K(46720K) NonClass: 36023K(37632K)->36023K(37632K) Class: 6916K(9088K)->6916K(9088K)
[90.058s][info][gc          ] GC(134) Pause Young (System.gc()) 778M->778M(6141M) 0.871ms
[90.826s][info][gc,metaspace] GC(135) Metaspace: 42939K(46720K)->42939K(46720K) NonClass: 36023K(37632K)->36023K(37632K) Class: 6916K(9088K)->6916K(9088K)
[90.826s][info][gc          ] GC(135) Pause Full (System.gc()) 778M->778M(6141M) 768.474ms
[90.827s][info][gc,metaspace] GC(136) Metaspace: 42939K(46720K)->42939K(46720K) NonClass: 36023K(37632K)->36023K(37632K) Class: 6916K(9088K)->6916K(9088K)
[90.827s][info][gc          ] GC(136) Pause Young (System.gc()) 778M->778M(6141M) 0.500ms
[91.742s][info][gc,metaspace] GC(137) Metaspace: 42939K(46720K)->42939K(46720K) NonClass: 36023K(37632K)->36023K(37632K) Class: 6916K(9088K)->6916K(9088K)
[91.742s][info][gc          ] GC(137) Pause Full (System.gc()) 778M->778M(6141M) 915.349ms
[91.743s][info][gc,metaspace] GC(138) Metaspace: 42939K(46720K)->42939K(46720K) NonClass: 36023K(37632K)->36023K(37632K) Class: 6916K(9088K)->6916K(9088K)
[91.743s][info][gc          ] GC(138) Pause Young (System.gc()) 778M->778M(6141M) 0.673ms
[92.591s][info][gc,metaspace] GC(139) Metaspace: 42939K(46720K)->42939K(46720K) NonClass: 36023K(37632K)->36023K(37632K) Class: 6916K(9088K)->6916K(9088K)
[92.591s][info][gc          ] GC(139) Pause Full (System.gc()) 778M->778M(6141M) 847.633ms
[92.591s][info][gc,metaspace] GC(140) Metaspace: 42939K(46720K)->42939K(46720K) NonClass: 36023K(37632K)->36023K(37632K) Class: 6916K(9088K)->6916K(9088K)
[92.592s][info][gc          ] GC(140) Pause Young (System.gc()) 778M->778M(6141M) 0.481ms
[93.472s][info][gc,metaspace] GC(141) Metaspace: 42939K(46720K)->42939K(46720K) NonClass: 36023K(37632K)->36023K(37632K) Class: 6916K(9088K)->6916K(9088K)
[93.472s][info][gc          ] GC(141) Pause Full (System.gc()) 778M->778M(6141M) 880.059ms
[93.473s][info][gc,metaspace] GC(142) Metaspace: 42939K(46720K)->42939K(46720K) NonClass: 36023K(37632K)->36023K(37632K) Class: 6916K(9088K)->6916K(9088K)
[93.473s][info][gc          ] GC(142) Pause Young (System.gc()) 778M->778M(6142M) 0.951ms
[94.400s][info][gc,metaspace] GC(143) Metaspace: 42939K(46720K)->42939K(46720K) NonClass: 36023K(37632K)->36023K(37632K) Class: 6916K(9088K)->6916K(9088K)
[94.400s][info][gc          ] GC(143) Pause Full (System.gc()) 778M->778M(6142M) 927.723ms
[94.401s][info][gc,metaspace] GC(144) Metaspace: 42939K(46720K)->42939K(46720K) NonClass: 36023K(37632K)->36023K(37632K) Class: 6916K(9088K)->6916K(9088K)
[94.401s][info][gc          ] GC(144) Pause Young (System.gc()) 778M->778M(6142M) 0.473ms
[95.407s][info][gc,metaspace] GC(145) Metaspace: 42939K(46720K)->42939K(46720K) NonClass: 36023K(37632K)->36023K(37632K) Class: 6916K(9088K)->6916K(9088K)
[95.407s][info][gc          ] GC(145) Pause Full (System.gc()) 778M->778M(6142M) 1006.360ms
[95.413s][info][gc,metaspace] GC(146) Metaspace: 42939K(46720K)->42939K(46720K) NonClass: 36023K(37632K)->36023K(37632K) Class: 6916K(9088K)->6916K(9088K)
[95.413s][info][gc          ] GC(146) Pause Young (System.gc()) 778M->778M(6142M) 0.866ms
[96.351s][info][gc,metaspace] GC(147) Metaspace: 42939K(46720K)->42939K(46720K) NonClass: 36023K(37632K)->36023K(37632K) Class: 6916K(9088K)->6916K(9088K)
[96.351s][info][gc          ] GC(147) Pause Full (System.gc()) 778M->778M(6142M) 938.527ms
[96.352s][info][gc,metaspace] GC(148) Metaspace: 42939K(46720K)->42939K(46720K) NonClass: 36023K(37632K)->36023K(37632K) Class: 6916K(9088K)->6916K(9088K)
[96.352s][info][gc          ] GC(148) Pause Young (System.gc()) 778M->778M(6142M) 0.794ms
[97.309s][info][gc,metaspace] GC(149) Metaspace: 42939K(46720K)->42939K(46720K) NonClass: 36023K(37632K)->36023K(37632K) Class: 6916K(9088K)->6916K(9088K)
[97.309s][info][gc          ] GC(149) Pause Full (System.gc()) 778M->778M(6142M) 956.808ms
[97.310s][info][gc,metaspace] GC(150) Metaspace: 42939K(46720K)->42939K(46720K) NonClass: 36023K(37632K)->36023K(37632K) Class: 6916K(9088K)->6916K(9088K)
[97.310s][info][gc          ] GC(150) Pause Young (System.gc()) 778M->778M(6142M) 0.665ms
[98.164s][info][gc,metaspace] GC(151) Metaspace: 42939K(46720K)->42939K(46720K) NonClass: 36023K(37632K)->36023K(37632K) Class: 6916K(9088K)->6916K(9088K)
[98.164s][info][gc          ] GC(151) Pause Full (System.gc()) 778M->778M(6142M) 854.198ms
[98.165s][info][gc,metaspace] GC(152) Metaspace: 42939K(46720K)->42939K(46720K) NonClass: 36023K(37632K)->36023K(37632K) Class: 6916K(9088K)->6916K(9088K)
[98.165s][info][gc          ] GC(152) Pause Young (System.gc()) 778M->778M(6142M) 0.883ms
[99.111s][info][gc,metaspace] GC(153) Metaspace: 42939K(46720K)->42939K(46720K) NonClass: 36023K(37632K)->36023K(37632K) Class: 6916K(9088K)->6916K(9088K)
[99.111s][info][gc          ] GC(153) Pause Full (System.gc()) 778M->778M(6142M) 945.416ms
[99.112s][info][gc,metaspace] GC(154) Metaspace: 42939K(46720K)->42939K(46720K) NonClass: 36023K(37632K)->36023K(37632K) Class: 6916K(9088K)->6916K(9088K)
[99.112s][info][gc          ] GC(154) Pause Young (System.gc()) 778M->778M(6142M) 0.804ms
[100.051s][info][gc,metaspace] GC(155) Metaspace: 42939K(46720K)->42939K(46720K) NonClass: 36023K(37632K)->36023K(37632K) Class: 6916K(9088K)->6916K(9088K)
[100.051s][info][gc          ] GC(155) Pause Full (System.gc()) 778M->778M(6142M) 939.920ms
[100.052s][info][gc,metaspace] GC(156) Metaspace: 42939K(46720K)->42939K(46720K) NonClass: 36023K(37632K)->36023K(37632K) Class: 6916K(9088K)->6916K(9088K)
[100.052s][info][gc          ] GC(156) Pause Young (System.gc()) 778M->778M(6142M) 0.785ms
[101.001s][info][gc,metaspace] GC(157) Metaspace: 42939K(46720K)->42939K(46720K) NonClass: 36023K(37632K)->36023K(37632K) Class: 6916K(9088K)->6916K(9088K)
[101.001s][info][gc          ] GC(157) Pause Full (System.gc()) 778M->778M(6142M) 948.860ms
[101.007s][info][gc,metaspace] GC(158) Metaspace: 42939K(46720K)->42939K(46720K) NonClass: 36023K(37632K)->36023K(37632K) Class: 6916K(9088K)->6916K(9088K)
[101.007s][info][gc          ] GC(158) Pause Young (System.gc()) 778M->778M(6143M) 0.905ms
[101.969s][info][gc,metaspace] GC(159) Metaspace: 42939K(46720K)->42939K(46720K) NonClass: 36023K(37632K)->36023K(37632K) Class: 6916K(9088K)->6916K(9088K)
[101.969s][info][gc          ] GC(159) Pause Full (System.gc()) 778M->778M(6143M) 962.797ms
[101.970s][info][gc,metaspace] GC(160) Metaspace: 42939K(46720K)->42939K(46720K) NonClass: 36023K(37632K)->36023K(37632K) Class: 6916K(9088K)->6916K(9088K)
[101.971s][info][gc          ] GC(160) Pause Young (System.gc()) 778M->778M(6143M) 0.905ms
[102.908s][info][gc,metaspace] GC(161) Metaspace: 42939K(46720K)->42939K(46720K) NonClass: 36023K(37632K)->36023K(37632K) Class: 6916K(9088K)->6916K(9088K)
[102.908s][info][gc          ] GC(161) Pause Full (System.gc()) 778M->778M(6143M) 937.641ms
[102.909s][info][gc,metaspace] GC(162) Metaspace: 42939K(46720K)->42939K(46720K) NonClass: 36023K(37632K)->36023K(37632K) Class: 6916K(9088K)->6916K(9088K)
[102.909s][info][gc          ] GC(162) Pause Young (System.gc()) 778M->778M(6143M) 0.790ms
[103.854s][info][gc,metaspace] GC(163) Metaspace: 42939K(46720K)->42939K(46720K) NonClass: 36023K(37632K)->36023K(37632K) Class: 6916K(9088K)->6916K(9088K)
[103.854s][info][gc          ] GC(163) Pause Full (System.gc()) 778M->778M(6143M) 944.958ms
[103.855s][info][gc,metaspace] GC(164) Metaspace: 42939K(46720K)->42939K(46720K) NonClass: 36023K(37632K)->36023K(37632K) Class: 6916K(9088K)->6916K(9088K)
[103.855s][info][gc          ] GC(164) Pause Young (System.gc()) 778M->778M(6143M) 0.783ms
[104.820s][info][gc,metaspace] GC(165) Metaspace: 42939K(46720K)->42939K(46720K) NonClass: 36023K(37632K)->36023K(37632K) Class: 6916K(9088K)->6916K(9088K)
[104.820s][info][gc          ] GC(165) Pause Full (System.gc()) 778M->778M(6143M) 965.346ms
[104.821s][info][gc,metaspace] GC(166) Metaspace: 42939K(46720K)->42939K(46720K) NonClass: 36023K(37632K)->36023K(37632K) Class: 6916K(9088K)->6916K(9088K)
[104.821s][info][gc          ] GC(166) Pause Young (System.gc()) 778M->778M(6143M) 0.847ms
[105.771s][info][gc,metaspace] GC(167) Metaspace: 42939K(46720K)->42939K(46720K) NonClass: 36023K(37632K)->36023K(37632K) Class: 6916K(9088K)->6916K(9088K)
[105.771s][info][gc          ] GC(167) Pause Full (System.gc()) 778M->778M(6143M) 949.260ms
[105.772s][info][gc,metaspace] GC(168) Metaspace: 42939K(46720K)->42939K(46720K) NonClass: 36023K(37632K)->36023K(37632K) Class: 6916K(9088K)->6916K(9088K)
[105.772s][info][gc          ] GC(168) Pause Young (System.gc()) 778M->778M(6143M) 0.866ms
[106.722s][info][gc,metaspace] GC(169) Metaspace: 42939K(46720K)->42939K(46720K) NonClass: 36023K(37632K)->36023K(37632K) Class: 6916K(9088K)->6916K(9088K)
[106.722s][info][gc          ] GC(169) Pause Full (System.gc()) 778M->778M(6143M) 950.548ms
[106.723s][info][gc,metaspace] GC(170) Metaspace: 42939K(46720K)->42939K(46720K) NonClass: 36023K(37632K)->36023K(37632K) Class: 6916K(9088K)->6916K(9088K)
[106.723s][info][gc          ] GC(170) Pause Young (System.gc()) 778M->778M(6143M) 0.526ms
[107.697s][info][gc,metaspace] GC(171) Metaspace: 42939K(46720K)->42939K(46720K) NonClass: 36023K(37632K)->36023K(37632K) Class: 6916K(9088K)->6916K(9088K)
[107.697s][info][gc          ] GC(171) Pause Full (System.gc()) 778M->778M(6143M) 973.736ms
[107.698s][info][gc,metaspace] GC(172) Metaspace: 42939K(46720K)->42939K(46720K) NonClass: 36023K(37632K)->36023K(37632K) Class: 6916K(9088K)->6916K(9088K)
[107.698s][info][gc          ] GC(172) Pause Young (System.gc()) 778M->778M(6143M) 0.768ms
[108.642s][info][gc,metaspace] GC(173) Metaspace: 42939K(46720K)->42939K(46720K) NonClass: 36023K(37632K)->36023K(37632K) Class: 6916K(9088K)->6916K(9088K)
[108.642s][info][gc          ] GC(173) Pause Full (System.gc()) 778M->778M(6143M) 944.333ms
[108.643s][info][gc,metaspace] GC(174) Metaspace: 42939K(46720K)->42939K(46720K) NonClass: 36023K(37632K)->36023K(37632K) Class: 6916K(9088K)->6916K(9088K)
[108.643s][info][gc          ] GC(174) Pause Young (System.gc()) 778M->778M(6143M) 0.849ms
[109.566s][info][gc,metaspace] GC(175) Metaspace: 42939K(46720K)->42939K(46720K) NonClass: 36023K(37632K)->36023K(37632K) Class: 6916K(9088K)->6916K(9088K)
[109.566s][info][gc          ] GC(175) Pause Full (System.gc()) 778M->778M(6143M) 923.368ms
[109.567s][info][gc,metaspace] GC(176) Metaspace: 42939K(46720K)->42939K(46720K) NonClass: 36023K(37632K)->36023K(37632K) Class: 6916K(9088K)->6916K(9088K)
[109.567s][info][gc          ] GC(176) Pause Young (System.gc()) 778M->778M(6143M) 0.747ms
[110.470s][info][gc,metaspace] GC(177) Metaspace: 42939K(46720K)->42939K(46720K) NonClass: 36023K(37632K)->36023K(37632K) Class: 6916K(9088K)->6916K(9088K)
[110.470s][info][gc          ] GC(177) Pause Full (System.gc()) 778M->778M(6143M) 902.473ms
[110.471s][info][gc,metaspace] GC(178) Metaspace: 42939K(46720K)->42939K(46720K) NonClass: 36023K(37632K)->36023K(37632K) Class: 6916K(9088K)->6916K(9088K)
[110.471s][info][gc          ] GC(178) Pause Young (System.gc()) 778M->778M(6143M) 0.855ms
[111.404s][info][gc,metaspace] GC(179) Metaspace: 42939K(46720K)->42939K(46720K) NonClass: 36023K(37632K)->36023K(37632K) Class: 6916K(9088K)->6916K(9088K)
[111.404s][info][gc          ] GC(179) Pause Full (System.gc()) 778M->778M(6143M) 933.523ms
[111.405s][info][gc,metaspace] GC(180) Metaspace: 42939K(46720K)->42939K(46720K) NonClass: 36023K(37632K)->36023K(37632K) Class: 6916K(9088K)->6916K(9088K)
[111.405s][info][gc          ] GC(180) Pause Young (System.gc()) 778M->778M(6143M) 0.895ms
[112.348s][info][gc,metaspace] GC(181) Metaspace: 42939K(46720K)->42939K(46720K) NonClass: 36023K(37632K)->36023K(37632K) Class: 6916K(9088K)->6916K(9088K)
[112.348s][info][gc          ] GC(181) Pause Full (System.gc()) 778M->778M(6143M) 942.313ms
[112.353s][info][gc,metaspace] GC(182) Metaspace: 42939K(46720K)->42939K(46720K) NonClass: 36023K(37632K)->36023K(37632K) Class: 6916K(9088K)->6916K(9088K)
[112.353s][info][gc          ] GC(182) Pause Young (System.gc()) 778M->778M(6143M) 0.866ms
[113.288s][info][gc,metaspace] GC(183) Metaspace: 42939K(46720K)->42939K(46720K) NonClass: 36023K(37632K)->36023K(37632K) Class: 6916K(9088K)->6916K(9088K)
[113.288s][info][gc          ] GC(183) Pause Full (System.gc()) 778M->778M(6143M) 934.971ms
[113.289s][info][gc,metaspace] GC(184) Metaspace: 42939K(46720K)->42939K(46720K) NonClass: 36023K(37632K)->36023K(37632K) Class: 6916K(9088K)->6916K(9088K)
[113.289s][info][gc          ] GC(184) Pause Young (System.gc()) 778M->778M(6143M) 0.510ms
[114.244s][info][gc,metaspace] GC(185) Metaspace: 42939K(46720K)->42939K(46720K) NonClass: 36023K(37632K)->36023K(37632K) Class: 6916K(9088K)->6916K(9088K)
[114.244s][info][gc          ] GC(185) Pause Full (System.gc()) 778M->778M(6143M) 955.547ms
[114.245s][info][gc,metaspace] GC(186) Metaspace: 42939K(46720K)->42939K(46720K) NonClass: 36023K(37632K)->36023K(37632K) Class: 6916K(9088K)->6916K(9088K)
[114.245s][info][gc          ] GC(186) Pause Young (System.gc()) 778M->778M(6143M) 0.794ms
[115.162s][info][gc,metaspace] GC(187) Metaspace: 42939K(46720K)->42939K(46720K) NonClass: 36023K(37632K)->36023K(37632K) Class: 6916K(9088K)->6916K(9088K)
[115.162s][info][gc          ] GC(187) Pause Full (System.gc()) 778M->778M(6143M) 916.495ms
[115.163s][info][gc,metaspace] GC(188) Metaspace: 42939K(46720K)->42939K(46720K) NonClass: 36023K(37632K)->36023K(37632K) Class: 6916K(9088K)->6916K(9088K)
[115.163s][info][gc          ] GC(188) Pause Young (System.gc()) 778M->778M(6143M) 0.897ms
[116.124s][info][gc,metaspace] GC(189) Metaspace: 42939K(46720K)->42939K(46720K) NonClass: 36023K(37632K)->36023K(37632K) Class: 6916K(9088K)->6916K(9088K)
[116.124s][info][gc          ] GC(189) Pause Full (System.gc()) 778M->778M(6143M) 960.859ms
[116.125s][info][gc,metaspace] GC(190) Metaspace: 42939K(46720K)->42939K(46720K) NonClass: 36023K(37632K)->36023K(37632K) Class: 6916K(9088K)->6916K(9088K)
[116.125s][info][gc          ] GC(190) Pause Young (System.gc()) 778M->778M(6143M) 0.818ms
[117.067s][info][gc,metaspace] GC(191) Metaspace: 42939K(46720K)->42939K(46720K) NonClass: 36023K(37632K)->36023K(37632K) Class: 6916K(9088K)->6916K(9088K)
[117.067s][info][gc          ] GC(191) Pause Full (System.gc()) 778M->778M(6143M) 942.222ms
[117.068s][info][gc,metaspace] GC(192) Metaspace: 42939K(46720K)->42939K(46720K) NonClass: 36023K(37632K)->36023K(37632K) Class: 6916K(9088K)->6916K(9088K)
[117.068s][info][gc          ] GC(192) Pause Young (System.gc()) 778M->778M(6143M) 0.876ms
[118.020s][info][gc,metaspace] GC(193) Metaspace: 42939K(46720K)->42939K(46720K) NonClass: 36023K(37632K)->36023K(37632K) Class: 6916K(9088K)->6916K(9088K)
[118.020s][info][gc          ] GC(193) Pause Full (System.gc()) 778M->778M(6143M) 952.033ms
[118.025s][info][gc,metaspace] GC(194) Metaspace: 42939K(46720K)->42939K(46720K) NonClass: 36023K(37632K)->36023K(37632K) Class: 6916K(9088K)->6916K(9088K)
[118.025s][info][gc          ] GC(194) Pause Young (System.gc()) 778M->778M(6143M) 0.456ms
[118.960s][info][gc,metaspace] GC(195) Metaspace: 42939K(46720K)->42939K(46720K) NonClass: 36023K(37632K)->36023K(37632K) Class: 6916K(9088K)->6916K(9088K)
[118.960s][info][gc          ] GC(195) Pause Full (System.gc()) 778M->778M(6143M) 935.655ms
[118.961s][info][gc,metaspace] GC(196) Metaspace: 42939K(46720K)->42939K(46720K) NonClass: 36023K(37632K)->36023K(37632K) Class: 6916K(9088K)->6916K(9088K)
[118.961s][info][gc          ] GC(196) Pause Young (System.gc()) 778M->778M(6143M) 0.924ms
[119.878s][info][gc,metaspace] GC(197) Metaspace: 42939K(46720K)->42939K(46720K) NonClass: 36023K(37632K)->36023K(37632K) Class: 6916K(9088K)->6916K(9088K)
[119.878s][info][gc          ] GC(197) Pause Full (System.gc()) 778M->778M(6143M) 916.109ms
[119.879s][info][gc,metaspace] GC(198) Metaspace: 42939K(46720K)->42939K(46720K) NonClass: 36023K(37632K)->36023K(37632K) Class: 6916K(9088K)->6916K(9088K)
[119.879s][info][gc          ] GC(198) Pause Young (System.gc()) 778M->778M(6143M) 0.852ms
[120.871s][info][gc,metaspace] GC(199) Metaspace: 42939K(46720K)->42939K(46720K) NonClass: 36023K(37632K)->36023K(37632K) Class: 6916K(9088K)->6916K(9088K)
[120.871s][info][gc          ] GC(199) Pause Full (System.gc()) 778M->778M(6143M) 991.937ms
[120.872s][info][gc,metaspace] GC(200) Metaspace: 42939K(46720K)->42939K(46720K) NonClass: 36023K(37632K)->36023K(37632K) Class: 6916K(9088K)->6916K(9088K)
[120.872s][info][gc          ] GC(200) Pause Young (System.gc()) 778M->778M(6143M) 0.866ms
[121.825s][info][gc,metaspace] GC(201) Metaspace: 42939K(46720K)->42939K(46720K) NonClass: 36023K(37632K)->36023K(37632K) Class: 6916K(9088K)->6916K(9088K)
[121.825s][info][gc          ] GC(201) Pause Full (System.gc()) 778M->778M(6143M) 953.315ms
[121.826s][info][gc,metaspace] GC(202) Metaspace: 42939K(46720K)->42939K(46720K) NonClass: 36023K(37632K)->36023K(37632K) Class: 6916K(9088K)->6916K(9088K)
[121.826s][info][gc          ] GC(202) Pause Young (System.gc()) 778M->778M(6143M) 0.896ms
[122.753s][info][gc,metaspace] GC(203) Metaspace: 42939K(46720K)->42939K(46720K) NonClass: 36023K(37632K)->36023K(37632K) Class: 6916K(9088K)->6916K(9088K)
[122.753s][info][gc          ] GC(203) Pause Full (System.gc()) 778M->778M(6143M) 926.595ms
[122.754s][info][gc,metaspace] GC(204) Metaspace: 42939K(46720K)->42939K(46720K) NonClass: 36023K(37632K)->36023K(37632K) Class: 6916K(9088K)->6916K(9088K)
[122.754s][info][gc          ] GC(204) Pause Young (System.gc()) 778M->778M(6143M) 0.947ms
[123.668s][info][gc,metaspace] GC(205) Metaspace: 42939K(46720K)->42939K(46720K) NonClass: 36023K(37632K)->36023K(37632K) Class: 6916K(9088K)->6916K(9088K)
[123.668s][info][gc          ] GC(205) Pause Full (System.gc()) 778M->778M(6143M) 914.399ms
[123.669s][info][gc,metaspace] GC(206) Metaspace: 42939K(46720K)->42939K(46720K) NonClass: 36023K(37632K)->36023K(37632K) Class: 6916K(9088K)->6916K(9088K)
[123.669s][info][gc          ] GC(206) Pause Young (System.gc()) 778M->778M(6143M) 0.554ms
[124.549s][info][gc,metaspace] GC(207) Metaspace: 42939K(46720K)->42939K(46720K) NonClass: 36023K(37632K)->36023K(37632K) Class: 6916K(9088K)->6916K(9088K)
[124.549s][info][gc          ] GC(207) Pause Full (System.gc()) 778M->778M(6143M) 880.637ms
[124.550s][info][gc,metaspace] GC(208) Metaspace: 42939K(46720K)->42939K(46720K) NonClass: 36023K(37632K)->36023K(37632K) Class: 6916K(9088K)->6916K(9088K)
[124.550s][info][gc          ] GC(208) Pause Young (System.gc()) 778M->778M(6143M) 0.785ms
[125.481s][info][gc,metaspace] GC(209) Metaspace: 42939K(46720K)->42939K(46720K) NonClass: 36023K(37632K)->36023K(37632K) Class: 6916K(9088K)->6916K(9088K)
[125.482s][info][gc          ] GC(209) Pause Full (System.gc()) 778M->778M(6143M) 931.209ms
After GCs... 
