Done; will start GCs... 
[23.210s][info][gc,metaspace] GC(12) Metaspace: 11535K(11904K)->11535K(11904K) NonClass: 9658K(9856K)->9658K(9856K) Class: 1876K(2048K)->1876K(2048K)
[23.210s][info][gc          ] GC(12) Pause Full (System.gc()) 1604M->1571M(5939M) 4243.337ms
[26.388s][info][gc,metaspace] GC(13) Metaspace: 11535K(11904K)->11535K(11904K) NonClass: 9658K(9856K)->9658K(9856K) Class: 1876K(2048K)->1876K(2048K)
[26.388s][info][gc          ] GC(13) Pause Full (System.gc()) 1571M->1571M(5939M) 3177.718ms
[29.621s][info][gc,metaspace] GC(14) Metaspace: 11535K(11904K)->11535K(11904K) NonClass: 9658K(9856K)->9658K(9856K) Class: 1876K(2048K)->1876K(2048K)
[29.621s][info][gc          ] GC(14) Pause Full (System.gc()) 1571M->1571M(5939M) 3228.552ms
[33.200s][info][gc,metaspace] GC(15) Metaspace: 11535K(11904K)->11535K(11904K) NonClass: 9658K(9856K)->9658K(9856K) Class: 1876K(2048K)->1876K(2048K)
[33.200s][info][gc          ] GC(15) Pause Full (System.gc()) 1571M->1571M(5939M) 3578.886ms
[36.381s][info][gc,metaspace] GC(16) Metaspace: 11535K(11904K)->11535K(11904K) NonClass: 9658K(9856K)->9658K(9856K) Class: 1876K(2048K)->1876K(2048K)
[36.381s][info][gc          ] GC(16) Pause Full (System.gc()) 1571M->1571M(5939M) 3181.046ms
[39.617s][info][gc,metaspace] GC(17) Metaspace: 11535K(11904K)->11535K(11904K) NonClass: 9658K(9856K)->9658K(9856K) Class: 1876K(2048K)->1876K(2048K)
[39.617s][info][gc          ] GC(17) Pause Full (System.gc()) 1571M->1571M(5939M) 3236.082ms
[43.197s][info][gc,metaspace] GC(18) Metaspace: 11535K(11904K)->11535K(11904K) NonClass: 9658K(9856K)->9658K(9856K) Class: 1876K(2048K)->1876K(2048K)
[43.197s][info][gc          ] GC(18) Pause Full (System.gc()) 1571M->1571M(5939M) 3579.463ms
[46.376s][info][gc,metaspace] GC(19) Metaspace: 11535K(11904K)->11535K(11904K) NonClass: 9658K(9856K)->9658K(9856K) Class: 1876K(2048K)->1876K(2048K)
[46.376s][info][gc          ] GC(19) Pause Full (System.gc()) 1571M->1571M(5939M) 3178.642ms
[49.558s][info][gc,metaspace] GC(20) Metaspace: 11535K(11904K)->11535K(11904K) NonClass: 9658K(9856K)->9658K(9856K) Class: 1876K(2048K)->1876K(2048K)
[49.558s][info][gc          ] GC(20) Pause Full (System.gc()) 1571M->1571M(5939M) 3182.063ms
[52.790s][info][gc,metaspace] GC(21) Metaspace: 11535K(11904K)->11535K(11904K) NonClass: 9658K(9856K)->9658K(9856K) Class: 1876K(2048K)->1876K(2048K)
[52.790s][info][gc          ] GC(21) Pause Full (System.gc()) 1571M->1571M(5939M) 3231.743ms
After GCs... 
