Done; will start GCs... 
[22.261s][info][gc,metaspace] GC(12) Metaspace: 11507K(11776K)->11507K(11776K) NonClass: 10365K(10496K)->10365K(10496K) Class: 1141K(1280K)->1141K(1280K)
[22.261s][info][gc          ] GC(12) Pause Full (System.gc()) 1827M->1794M(5939M) 3929.342ms
[25.317s][info][gc,metaspace] GC(13) Metaspace: 11507K(11776K)->11507K(11776K) NonClass: 10365K(10496K)->10365K(10496K) Class: 1141K(1280K)->1141K(1280K)
[25.317s][info][gc          ] GC(13) Pause Full (System.gc()) 1794M->1794M(5939M) 3056.384ms
[28.378s][info][gc,metaspace] GC(14) Metaspace: 11507K(11776K)->11507K(11776K) NonClass: 10365K(10496K)->10365K(10496K) Class: 1141K(1280K)->1141K(1280K)
[28.378s][info][gc          ] GC(14) Pause Full (System.gc()) 1794M->1794M(5939M) 3060.552ms
[31.436s][info][gc,metaspace] GC(15) Metaspace: 11507K(11776K)->11507K(11776K) NonClass: 10365K(10496K)->10365K(10496K) Class: 1141K(1280K)->1141K(1280K)
[31.436s][info][gc          ] GC(15) Pause Full (System.gc()) 1794M->1794M(5939M) 3057.922ms
[34.491s][info][gc,metaspace] GC(16) Metaspace: 11507K(11776K)->11507K(11776K) NonClass: 10365K(10496K)->10365K(10496K) Class: 1141K(1280K)->1141K(1280K)
[34.491s][info][gc          ] GC(16) Pause Full (System.gc()) 1794M->1794M(5939M) 3055.096ms
[37.551s][info][gc,metaspace] GC(17) Metaspace: 11507K(11776K)->11507K(11776K) NonClass: 10365K(10496K)->10365K(10496K) Class: 1141K(1280K)->1141K(1280K)
[37.551s][info][gc          ] GC(17) Pause Full (System.gc()) 1794M->1794M(5939M) 3059.190ms
[40.605s][info][gc,metaspace] GC(18) Metaspace: 11507K(11776K)->11507K(11776K) NonClass: 10365K(10496K)->10365K(10496K) Class: 1141K(1280K)->1141K(1280K)
[40.605s][info][gc          ] GC(18) Pause Full (System.gc()) 1794M->1794M(5939M) 3054.531ms
[43.662s][info][gc,metaspace] GC(19) Metaspace: 11507K(11776K)->11507K(11776K) NonClass: 10365K(10496K)->10365K(10496K) Class: 1141K(1280K)->1141K(1280K)
[43.662s][info][gc          ] GC(19) Pause Full (System.gc()) 1794M->1794M(5939M) 3056.699ms
[46.773s][info][gc,metaspace] GC(20) Metaspace: 11507K(11776K)->11507K(11776K) NonClass: 10365K(10496K)->10365K(10496K) Class: 1141K(1280K)->1141K(1280K)
[46.773s][info][gc          ] GC(20) Pause Full (System.gc()) 1794M->1794M(5939M) 3110.601ms
[50.069s][info][gc,metaspace] GC(21) Metaspace: 11507K(11776K)->11507K(11776K) NonClass: 10365K(10496K)->10365K(10496K) Class: 1141K(1280K)->1141K(1280K)
[50.069s][info][gc          ] GC(21) Pause Full (System.gc()) 1794M->1794M(5939M) 3295.953ms
After GCs... 
