[0.001s][info][metaspace]  - commit_granule_bytes: 65536.
[0.001s][info][metaspace]  - commit_granule_words: 8192.
[0.001s][info][metaspace]  - virtual_space_node_default_size: 8388608.
[0.001s][info][metaspace]  - enlarge_chunks_in_place: 1.
[0.001s][info][metaspace]  - use_allocation_guard: 0.
[0.003s][info][gc       ] Using Parallel
[0.365s][info][metaspace] Reserving compressed class space anywhere
[0.370s][info][gc,metaspace] CDS archive(s) not mapped
[0.370s][info][gc,metaspace] Compressed class space mapped at: 0x000000002c000000-0x00000000ec000000, reserved size: 3221225472
[0.370s][info][gc,metaspace] UseCompressedClassPointers 1, UseCompactObjectHeaders 1, narrow klass pointer bits 22, max shift 10
[0.370s][info][gc,metaspace] Narrow klass base: 0x000000002c000000, Narrow klass shift: 10, Narrow klass range: 0xc0000000
Num Classes: 256
Num Objects per Class: 262144
Cycles: 100
Class association: random
Generate 256 classes...
Loading 256...[2.060s][info][gc,metaspace] GC(0) Metaspace: 22826K(23168K)->22826K(23168K) NonClass: 18852K(19072K)->18852K(19072K) Class: 3974K(4096K)->3974K(4096K)
[2.060s][info][gc          ] GC(0) Pause Full (System.gc()) 1106M->3M(5888M) 25.360ms
Creating 262144 objects per class...
Done; will start GCs... 
[6.220s][info][gc,metaspace] GC(1) Metaspace: 23725K(24256K)->23725K(24256K) NonClass: 19616K(19904K)->19616K(19904K) Class: 4109K(4352K)->4109K(4352K)
[6.220s][info][gc          ] GC(1) Pause Full (System.gc()) 848M->771M(5888M) 696.106ms
[6.651s][info][gc,metaspace] GC(2) Metaspace: 23725K(24256K)->23725K(24256K) NonClass: 19616K(19904K)->19616K(19904K) Class: 4109K(4352K)->4109K(4352K)
[6.651s][info][gc          ] GC(2) Pause Full (System.gc()) 771M->771M(5888M) 430.813ms
[7.059s][info][gc,metaspace] GC(3) Metaspace: 23725K(24256K)->23725K(24256K) NonClass: 19616K(19904K)->19616K(19904K) Class: 4109K(4352K)->4109K(4352K)
[7.059s][info][gc          ] GC(3) Pause Full (System.gc()) 771M->771M(5888M) 408.210ms
[7.514s][info][gc,metaspace] GC(4) Metaspace: 23725K(24256K)->23725K(24256K) NonClass: 19616K(19904K)->19616K(19904K) Class: 4109K(4352K)->4109K(4352K)
[7.514s][info][gc          ] GC(4) Pause Full (System.gc()) 771M->771M(5888M) 454.711ms
[7.918s][info][gc,metaspace] GC(5) Metaspace: 23725K(24256K)->23725K(24256K) NonClass: 19616K(19904K)->19616K(19904K) Class: 4109K(4352K)->4109K(4352K)
[7.918s][info][gc          ] GC(5) Pause Full (System.gc()) 771M->771M(5888M) 404.419ms
[8.353s][info][gc,metaspace] GC(6) Metaspace: 23725K(24256K)->23725K(24256K) NonClass: 19616K(19904K)->19616K(19904K) Class: 4109K(4352K)->4109K(4352K)
[8.353s][info][gc          ] GC(6) Pause Full (System.gc()) 771M->771M(5888M) 434.291ms
[8.760s][info][gc,metaspace] GC(7) Metaspace: 23726K(24256K)->23726K(24256K) NonClass: 19616K(19904K)->19616K(19904K) Class: 4109K(4352K)->4109K(4352K)
[8.760s][info][gc          ] GC(7) Pause Full (System.gc()) 771M->771M(5888M) 407.203ms
[9.162s][info][gc,metaspace] GC(8) Metaspace: 23726K(24256K)->23726K(24256K) NonClass: 19617K(19904K)->19617K(19904K) Class: 4109K(4352K)->4109K(4352K)
[9.162s][info][gc          ] GC(8) Pause Full (System.gc()) 771M->771M(5888M) 402.043ms
[9.587s][info][gc,metaspace] GC(9) Metaspace: 23726K(24256K)->23726K(24256K) NonClass: 19617K(19904K)->19617K(19904K) Class: 4109K(4352K)->4109K(4352K)
[9.587s][info][gc          ] GC(9) Pause Full (System.gc()) 771M->771M(5888M) 424.997ms
[10.005s][info][gc,metaspace] GC(10) Metaspace: 23726K(24256K)->23726K(24256K) NonClass: 19617K(19904K)->19617K(19904K) Class: 4109K(4352K)->4109K(4352K)
[10.005s][info][gc          ] GC(10) Pause Full (System.gc()) 771M->771M(5888M) 417.634ms
[10.422s][info][gc,metaspace] GC(11) Metaspace: 23726K(24256K)->23726K(24256K) NonClass: 19617K(19904K)->19617K(19904K) Class: 4109K(4352K)->4109K(4352K)
[10.422s][info][gc          ] GC(11) Pause Full (System.gc()) 771M->771M(5888M) 416.516ms
[10.833s][info][gc,metaspace] GC(12) Metaspace: 23726K(24256K)->23726K(24256K) NonClass: 19617K(19904K)->19617K(19904K) Class: 4109K(4352K)->4109K(4352K)
[10.833s][info][gc          ] GC(12) Pause Full (System.gc()) 771M->771M(5888M) 410.910ms
[11.275s][info][gc,metaspace] GC(13) Metaspace: 23726K(24256K)->23726K(24256K) NonClass: 19617K(19904K)->19617K(19904K) Class: 4109K(4352K)->4109K(4352K)
[11.275s][info][gc          ] GC(13) Pause Full (System.gc()) 771M->771M(5888M) 442.330ms
[11.690s][info][gc,metaspace] GC(14) Metaspace: 23726K(24256K)->23726K(24256K) NonClass: 19617K(19904K)->19617K(19904K) Class: 4109K(4352K)->4109K(4352K)
[11.690s][info][gc          ] GC(14) Pause Full (System.gc()) 771M->771M(5888M) 414.329ms
[12.091s][info][gc,metaspace] GC(15) Metaspace: 23726K(24256K)->23726K(24256K) NonClass: 19617K(19904K)->19617K(19904K) Class: 4109K(4352K)->4109K(4352K)
[12.091s][info][gc          ] GC(15) Pause Full (System.gc()) 771M->771M(5888M) 401.663ms
[12.520s][info][gc,metaspace] GC(16) Metaspace: 23726K(24256K)->23726K(24256K) NonClass: 19617K(19904K)->19617K(19904K) Class: 4109K(4352K)->4109K(4352K)
[12.520s][info][gc          ] GC(16) Pause Full (System.gc()) 771M->771M(5888M) 428.183ms
[12.941s][info][gc,metaspace] GC(17) Metaspace: 23726K(24256K)->23726K(24256K) NonClass: 19617K(19904K)->19617K(19904K) Class: 4109K(4352K)->4109K(4352K)
[12.941s][info][gc          ] GC(17) Pause Full (System.gc()) 771M->771M(5888M) 421.380ms
[13.374s][info][gc,metaspace] GC(18) Metaspace: 23726K(24256K)->23726K(24256K) NonClass: 19617K(19904K)->19617K(19904K) Class: 4109K(4352K)->4109K(4352K)
[13.374s][info][gc          ] GC(18) Pause Full (System.gc()) 771M->771M(5888M) 432.674ms
[13.781s][info][gc,metaspace] GC(19) Metaspace: 23726K(24256K)->23726K(24256K) NonClass: 19617K(19904K)->19617K(19904K) Class: 4109K(4352K)->4109K(4352K)
[13.781s][info][gc          ] GC(19) Pause Full (System.gc()) 771M->771M(5888M) 406.849ms
[14.189s][info][gc,metaspace] GC(20) Metaspace: 23726K(24256K)->23726K(24256K) NonClass: 19617K(19904K)->19617K(19904K) Class: 4109K(4352K)->4109K(4352K)
[14.189s][info][gc          ] GC(20) Pause Full (System.gc()) 771M->771M(5888M) 407.939ms
[14.625s][info][gc,metaspace] GC(21) Metaspace: 23726K(24256K)->23726K(24256K) NonClass: 19617K(19904K)->19617K(19904K) Class: 4109K(4352K)->4109K(4352K)
[14.625s][info][gc          ] GC(21) Pause Full (System.gc()) 771M->771M(5888M) 436.120ms
[15.026s][info][gc,metaspace] GC(22) Metaspace: 23726K(24256K)->23726K(24256K) NonClass: 19617K(19904K)->19617K(19904K) Class: 4109K(4352K)->4109K(4352K)
[15.026s][info][gc          ] GC(22) Pause Full (System.gc()) 771M->771M(5888M) 400.355ms
[15.531s][info][gc,metaspace] GC(23) Metaspace: 23726K(24256K)->23726K(24256K) NonClass: 19617K(19904K)->19617K(19904K) Class: 4109K(4352K)->4109K(4352K)
[15.531s][info][gc          ] GC(23) Pause Full (System.gc()) 771M->771M(5888M) 505.477ms
[15.959s][info][gc,metaspace] GC(24) Metaspace: 23726K(24256K)->23726K(24256K) NonClass: 19617K(19904K)->19617K(19904K) Class: 4109K(4352K)->4109K(4352K)
[15.959s][info][gc          ] GC(24) Pause Full (System.gc()) 771M->771M(5888M) 427.956ms
[16.367s][info][gc,metaspace] GC(25) Metaspace: 23726K(24256K)->23726K(24256K) NonClass: 19617K(19904K)->19617K(19904K) Class: 4109K(4352K)->4109K(4352K)
[16.367s][info][gc          ] GC(25) Pause Full (System.gc()) 771M->771M(5888M) 407.266ms
[16.775s][info][gc,metaspace] GC(26) Metaspace: 23726K(24256K)->23726K(24256K) NonClass: 19617K(19904K)->19617K(19904K) Class: 4109K(4352K)->4109K(4352K)
[16.775s][info][gc          ] GC(26) Pause Full (System.gc()) 771M->771M(5888M) 408.788ms
[17.182s][info][gc,metaspace] GC(27) Metaspace: 23726K(24256K)->23726K(24256K) NonClass: 19617K(19904K)->19617K(19904K) Class: 4109K(4352K)->4109K(4352K)
[17.182s][info][gc          ] GC(27) Pause Full (System.gc()) 771M->771M(5888M) 406.892ms
[17.611s][info][gc,metaspace] GC(28) Metaspace: 23726K(24256K)->23726K(24256K) NonClass: 19617K(19904K)->19617K(19904K) Class: 4109K(4352K)->4109K(4352K)
[17.611s][info][gc          ] GC(28) Pause Full (System.gc()) 771M->771M(5888M) 428.851ms
[18.027s][info][gc,metaspace] GC(29) Metaspace: 23726K(24256K)->23726K(24256K) NonClass: 19617K(19904K)->19617K(19904K) Class: 4109K(4352K)->4109K(4352K)
[18.027s][info][gc          ] GC(29) Pause Full (System.gc()) 771M->771M(5888M) 415.675ms
[18.449s][info][gc,metaspace] GC(30) Metaspace: 23726K(24256K)->23726K(24256K) NonClass: 19617K(19904K)->19617K(19904K) Class: 4109K(4352K)->4109K(4352K)
[18.449s][info][gc          ] GC(30) Pause Full (System.gc()) 771M->771M(5888M) 421.421ms
[18.852s][info][gc,metaspace] GC(31) Metaspace: 23726K(24256K)->23726K(24256K) NonClass: 19617K(19904K)->19617K(19904K) Class: 4109K(4352K)->4109K(4352K)
[18.852s][info][gc          ] GC(31) Pause Full (System.gc()) 771M->771M(5888M) 403.543ms
[19.312s][info][gc,metaspace] GC(32) Metaspace: 23726K(24256K)->23726K(24256K) NonClass: 19617K(19904K)->19617K(19904K) Class: 4109K(4352K)->4109K(4352K)
[19.312s][info][gc          ] GC(32) Pause Full (System.gc()) 771M->771M(5888M) 459.945ms
[19.720s][info][gc,metaspace] GC(33) Metaspace: 23726K(24256K)->23726K(24256K) NonClass: 19617K(19904K)->19617K(19904K) Class: 4109K(4352K)->4109K(4352K)
[19.720s][info][gc          ] GC(33) Pause Full (System.gc()) 771M->771M(5888M) 407.299ms
[20.133s][info][gc,metaspace] GC(34) Metaspace: 23726K(24256K)->23726K(24256K) NonClass: 19617K(19904K)->19617K(19904K) Class: 4109K(4352K)->4109K(4352K)
[20.133s][info][gc          ] GC(34) Pause Full (System.gc()) 771M->771M(5888M) 413.178ms
[20.556s][info][gc,metaspace] GC(35) Metaspace: 23726K(24256K)->23726K(24256K) NonClass: 19617K(19904K)->19617K(19904K) Class: 4109K(4352K)->4109K(4352K)
[20.556s][info][gc          ] GC(35) Pause Full (System.gc()) 771M->771M(5888M) 422.660ms
[20.971s][info][gc,metaspace] GC(36) Metaspace: 23726K(24256K)->23726K(24256K) NonClass: 19617K(19904K)->19617K(19904K) Class: 4109K(4352K)->4109K(4352K)
[20.971s][info][gc          ] GC(36) Pause Full (System.gc()) 771M->771M(5888M) 415.550ms
[21.384s][info][gc,metaspace] GC(37) Metaspace: 23726K(24256K)->23726K(24256K) NonClass: 19617K(19904K)->19617K(19904K) Class: 4109K(4352K)->4109K(4352K)
[21.384s][info][gc          ] GC(37) Pause Full (System.gc()) 771M->771M(5888M) 412.416ms
[21.791s][info][gc,metaspace] GC(38) Metaspace: 23726K(24256K)->23726K(24256K) NonClass: 19617K(19904K)->19617K(19904K) Class: 4109K(4352K)->4109K(4352K)
[21.791s][info][gc          ] GC(38) Pause Full (System.gc()) 771M->771M(5888M) 403.351ms
[22.202s][info][gc,metaspace] GC(39) Metaspace: 23726K(24256K)->23726K(24256K) NonClass: 19617K(19904K)->19617K(19904K) Class: 4109K(4352K)->4109K(4352K)
[22.202s][info][gc          ] GC(39) Pause Full (System.gc()) 771M->771M(5888M) 410.441ms
[22.607s][info][gc,metaspace] GC(40) Metaspace: 23726K(24256K)->23726K(24256K) NonClass: 19617K(19904K)->19617K(19904K) Class: 4109K(4352K)->4109K(4352K)
[22.607s][info][gc          ] GC(40) Pause Full (System.gc()) 771M->771M(5888M) 405.461ms
[23.008s][info][gc,metaspace] GC(41) Metaspace: 23726K(24256K)->23726K(24256K) NonClass: 19617K(19904K)->19617K(19904K) Class: 4109K(4352K)->4109K(4352K)
[23.008s][info][gc          ] GC(41) Pause Full (System.gc()) 771M->771M(5888M) 400.350ms
[23.427s][info][gc,metaspace] GC(42) Metaspace: 23726K(24256K)->23726K(24256K) NonClass: 19617K(19904K)->19617K(19904K) Class: 4109K(4352K)->4109K(4352K)
[23.427s][info][gc          ] GC(42) Pause Full (System.gc()) 771M->771M(5888M) 419.401ms
[23.833s][info][gc,metaspace] GC(43) Metaspace: 23726K(24256K)->23726K(24256K) NonClass: 19617K(19904K)->19617K(19904K) Class: 4109K(4352K)->4109K(4352K)
[23.833s][info][gc          ] GC(43) Pause Full (System.gc()) 771M->771M(5888M) 406.052ms
[24.280s][info][gc,metaspace] GC(44) Metaspace: 23726K(24256K)->23726K(24256K) NonClass: 19617K(19904K)->19617K(19904K) Class: 4109K(4352K)->4109K(4352K)
[24.280s][info][gc          ] GC(44) Pause Full (System.gc()) 771M->771M(5888M) 446.434ms
[24.698s][info][gc,metaspace] GC(45) Metaspace: 23726K(24256K)->23726K(24256K) NonClass: 19617K(19904K)->19617K(19904K) Class: 4109K(4352K)->4109K(4352K)
[24.698s][info][gc          ] GC(45) Pause Full (System.gc()) 771M->771M(5888M) 418.391ms
[25.106s][info][gc,metaspace] GC(46) Metaspace: 23726K(24256K)->23726K(24256K) NonClass: 19617K(19904K)->19617K(19904K) Class: 4109K(4352K)->4109K(4352K)
[25.106s][info][gc          ] GC(46) Pause Full (System.gc()) 771M->771M(5888M) 407.587ms
[25.528s][info][gc,metaspace] GC(47) Metaspace: 23726K(24256K)->23726K(24256K) NonClass: 19617K(19904K)->19617K(19904K) Class: 4109K(4352K)->4109K(4352K)
[25.528s][info][gc          ] GC(47) Pause Full (System.gc()) 771M->771M(5888M) 421.996ms
[25.930s][info][gc,metaspace] GC(48) Metaspace: 23726K(24256K)->23726K(24256K) NonClass: 19617K(19904K)->19617K(19904K) Class: 4109K(4352K)->4109K(4352K)
[25.931s][info][gc          ] GC(48) Pause Full (System.gc()) 771M->771M(5888M) 402.216ms
[26.367s][info][gc,metaspace] GC(49) Metaspace: 23726K(24256K)->23726K(24256K) NonClass: 19617K(19904K)->19617K(19904K) Class: 4109K(4352K)->4109K(4352K)
[26.367s][info][gc          ] GC(49) Pause Full (System.gc()) 771M->771M(5888M) 436.564ms
[26.776s][info][gc,metaspace] GC(50) Metaspace: 23726K(24256K)->23726K(24256K) NonClass: 19617K(19904K)->19617K(19904K) Class: 4109K(4352K)->4109K(4352K)
[26.776s][info][gc          ] GC(50) Pause Full (System.gc()) 771M->771M(5888M) 408.398ms
[27.188s][info][gc,metaspace] GC(51) Metaspace: 23726K(24256K)->23726K(24256K) NonClass: 19617K(19904K)->19617K(19904K) Class: 4109K(4352K)->4109K(4352K)
[27.188s][info][gc          ] GC(51) Pause Full (System.gc()) 771M->771M(5888M) 411.996ms
[27.610s][info][gc,metaspace] GC(52) Metaspace: 23726K(24256K)->23726K(24256K) NonClass: 19617K(19904K)->19617K(19904K) Class: 4109K(4352K)->4109K(4352K)
[27.610s][info][gc          ] GC(52) Pause Full (System.gc()) 771M->771M(5888M) 422.712ms
[28.009s][info][gc,metaspace] GC(53) Metaspace: 23726K(24256K)->23726K(24256K) NonClass: 19617K(19904K)->19617K(19904K) Class: 4109K(4352K)->4109K(4352K)
[28.009s][info][gc          ] GC(53) Pause Full (System.gc()) 771M->771M(5888M) 398.067ms
[28.512s][info][gc,metaspace] GC(54) Metaspace: 23726K(24256K)->23726K(24256K) NonClass: 19617K(19904K)->19617K(19904K) Class: 4109K(4352K)->4109K(4352K)
[28.512s][info][gc          ] GC(54) Pause Full (System.gc()) 771M->771M(5888M) 503.366ms
[28.932s][info][gc,metaspace] GC(55) Metaspace: 23726K(24256K)->23726K(24256K) NonClass: 19617K(19904K)->19617K(19904K) Class: 4109K(4352K)->4109K(4352K)
[28.933s][info][gc          ] GC(55) Pause Full (System.gc()) 771M->771M(5888M) 420.368ms
[29.374s][info][gc,metaspace] GC(56) Metaspace: 23726K(24256K)->23726K(24256K) NonClass: 19617K(19904K)->19617K(19904K) Class: 4109K(4352K)->4109K(4352K)
[29.374s][info][gc          ] GC(56) Pause Full (System.gc()) 771M->771M(5888M) 441.417ms
[29.780s][info][gc,metaspace] GC(57) Metaspace: 23726K(24256K)->23726K(24256K) NonClass: 19617K(19904K)->19617K(19904K) Class: 4109K(4352K)->4109K(4352K)
[29.780s][info][gc          ] GC(57) Pause Full (System.gc()) 771M->771M(5888M) 406.152ms
[30.188s][info][gc,metaspace] GC(58) Metaspace: 23726K(24256K)->23726K(24256K) NonClass: 19617K(19904K)->19617K(19904K) Class: 4109K(4352K)->4109K(4352K)
[30.188s][info][gc          ] GC(58) Pause Full (System.gc()) 771M->771M(5888M) 408.015ms
[30.624s][info][gc,metaspace] GC(59) Metaspace: 23726K(24256K)->23726K(24256K) NonClass: 19617K(19904K)->19617K(19904K) Class: 4109K(4352K)->4109K(4352K)
[30.624s][info][gc          ] GC(59) Pause Full (System.gc()) 771M->771M(5888M) 435.427ms
[31.042s][info][gc,metaspace] GC(60) Metaspace: 23726K(24256K)->23726K(24256K) NonClass: 19617K(19904K)->19617K(19904K) Class: 4109K(4352K)->4109K(4352K)
[31.042s][info][gc          ] GC(60) Pause Full (System.gc()) 771M->771M(5888M) 418.460ms
[31.531s][info][gc,metaspace] GC(61) Metaspace: 23726K(24256K)->23726K(24256K) NonClass: 19617K(19904K)->19617K(19904K) Class: 4109K(4352K)->4109K(4352K)
[31.531s][info][gc          ] GC(61) Pause Full (System.gc()) 771M->771M(5888M) 488.159ms
[31.936s][info][gc,metaspace] GC(62) Metaspace: 23726K(24256K)->23726K(24256K) NonClass: 19617K(19904K)->19617K(19904K) Class: 4109K(4352K)->4109K(4352K)
[31.936s][info][gc          ] GC(62) Pause Full (System.gc()) 771M->771M(5888M) 405.450ms
[32.373s][info][gc,metaspace] GC(63) Metaspace: 23726K(24256K)->23726K(24256K) NonClass: 19617K(19904K)->19617K(19904K) Class: 4109K(4352K)->4109K(4352K)
[32.373s][info][gc          ] GC(63) Pause Full (System.gc()) 771M->771M(5888M) 432.969ms
[32.780s][info][gc,metaspace] GC(64) Metaspace: 23726K(24256K)->23726K(24256K) NonClass: 19617K(19904K)->19617K(19904K) Class: 4109K(4352K)->4109K(4352K)
[32.780s][info][gc          ] GC(64) Pause Full (System.gc()) 771M->771M(5888M) 406.806ms
[33.193s][info][gc,metaspace] GC(65) Metaspace: 23726K(24256K)->23726K(24256K) NonClass: 19617K(19904K)->19617K(19904K) Class: 4109K(4352K)->4109K(4352K)
[33.193s][info][gc          ] GC(65) Pause Full (System.gc()) 771M->771M(5888M) 413.019ms
[33.634s][info][gc,metaspace] GC(66) Metaspace: 23726K(24256K)->23726K(24256K) NonClass: 19617K(19904K)->19617K(19904K) Class: 4109K(4352K)->4109K(4352K)
[33.634s][info][gc          ] GC(66) Pause Full (System.gc()) 771M->771M(5888M) 440.137ms
[34.033s][info][gc,metaspace] GC(67) Metaspace: 23726K(24256K)->23726K(24256K) NonClass: 19617K(19904K)->19617K(19904K) Class: 4109K(4352K)->4109K(4352K)
[34.033s][info][gc          ] GC(67) Pause Full (System.gc()) 771M->771M(5888M) 399.746ms
[34.453s][info][gc,metaspace] GC(68) Metaspace: 23726K(24256K)->23726K(24256K) NonClass: 19617K(19904K)->19617K(19904K) Class: 4109K(4352K)->4109K(4352K)
[34.453s][info][gc          ] GC(68) Pause Full (System.gc()) 771M->771M(5888M) 419.530ms
[34.861s][info][gc,metaspace] GC(69) Metaspace: 23726K(24256K)->23726K(24256K) NonClass: 19617K(19904K)->19617K(19904K) Class: 4109K(4352K)->4109K(4352K)
[34.861s][info][gc          ] GC(69) Pause Full (System.gc()) 771M->771M(5888M) 407.611ms
[35.299s][info][gc,metaspace] GC(70) Metaspace: 23726K(24256K)->23726K(24256K) NonClass: 19617K(19904K)->19617K(19904K) Class: 4109K(4352K)->4109K(4352K)
[35.299s][info][gc          ] GC(70) Pause Full (System.gc()) 771M->771M(5888M) 438.093ms
[35.715s][info][gc,metaspace] GC(71) Metaspace: 23726K(24256K)->23726K(24256K) NonClass: 19617K(19904K)->19617K(19904K) Class: 4109K(4352K)->4109K(4352K)
[35.716s][info][gc          ] GC(71) Pause Full (System.gc()) 771M->771M(5888M) 416.498ms
[36.128s][info][gc,metaspace] GC(72) Metaspace: 23726K(24256K)->23726K(24256K) NonClass: 19617K(19904K)->19617K(19904K) Class: 4109K(4352K)->4109K(4352K)
[36.128s][info][gc          ] GC(72) Pause Full (System.gc()) 771M->771M(5888M) 411.995ms
[36.543s][info][gc,metaspace] GC(73) Metaspace: 23726K(24256K)->23726K(24256K) NonClass: 19617K(19904K)->19617K(19904K) Class: 4109K(4352K)->4109K(4352K)
[36.543s][info][gc          ] GC(73) Pause Full (System.gc()) 771M->771M(5888M) 415.842ms
[36.955s][info][gc,metaspace] GC(74) Metaspace: 23726K(24256K)->23726K(24256K) NonClass: 19617K(19904K)->19617K(19904K) Class: 4109K(4352K)->4109K(4352K)
[36.955s][info][gc          ] GC(74) Pause Full (System.gc()) 771M->771M(5888M) 411.897ms
[37.454s][info][gc,metaspace] GC(75) Metaspace: 23726K(24256K)->23726K(24256K) NonClass: 19617K(19904K)->19617K(19904K) Class: 4109K(4352K)->4109K(4352K)
[37.454s][info][gc          ] GC(75) Pause Full (System.gc()) 771M->771M(5888M) 493.979ms
[37.883s][info][gc,metaspace] GC(76) Metaspace: 23726K(24256K)->23726K(24256K) NonClass: 19617K(19904K)->19617K(19904K) Class: 4109K(4352K)->4109K(4352K)
[37.883s][info][gc          ] GC(76) Pause Full (System.gc()) 771M->771M(5888M) 428.722ms
[38.290s][info][gc,metaspace] GC(77) Metaspace: 23726K(24256K)->23726K(24256K) NonClass: 19617K(19904K)->19617K(19904K) Class: 4109K(4352K)->4109K(4352K)
[38.290s][info][gc          ] GC(77) Pause Full (System.gc()) 771M->771M(5888M) 407.699ms
[38.691s][info][gc,metaspace] GC(78) Metaspace: 23726K(24256K)->23726K(24256K) NonClass: 19617K(19904K)->19617K(19904K) Class: 4109K(4352K)->4109K(4352K)
[38.691s][info][gc          ] GC(78) Pause Full (System.gc()) 771M->771M(5888M) 400.600ms
[39.112s][info][gc,metaspace] GC(79) Metaspace: 23726K(24256K)->23726K(24256K) NonClass: 19617K(19904K)->19617K(19904K) Class: 4109K(4352K)->4109K(4352K)
[39.112s][info][gc          ] GC(79) Pause Full (System.gc()) 771M->771M(5888M) 420.825ms
[39.527s][info][gc,metaspace] GC(80) Metaspace: 23726K(24256K)->23726K(24256K) NonClass: 19617K(19904K)->19617K(19904K) Class: 4109K(4352K)->4109K(4352K)
[39.527s][info][gc          ] GC(80) Pause Full (System.gc()) 771M->771M(5888M) 414.816ms
[39.934s][info][gc,metaspace] GC(81) Metaspace: 23726K(24256K)->23726K(24256K) NonClass: 19617K(19904K)->19617K(19904K) Class: 4109K(4352K)->4109K(4352K)
[39.934s][info][gc          ] GC(81) Pause Full (System.gc()) 771M->771M(5888M) 407.346ms
[40.453s][info][gc,metaspace] GC(82) Metaspace: 23726K(24256K)->23726K(24256K) NonClass: 19617K(19904K)->19617K(19904K) Class: 4109K(4352K)->4109K(4352K)
[40.454s][info][gc          ] GC(82) Pause Full (System.gc()) 771M->771M(5888M) 519.182ms
[40.862s][info][gc,metaspace] GC(83) Metaspace: 23726K(24256K)->23726K(24256K) NonClass: 19617K(19904K)->19617K(19904K) Class: 4109K(4352K)->4109K(4352K)
[40.862s][info][gc          ] GC(83) Pause Full (System.gc()) 771M->771M(5888M) 407.980ms
[41.268s][info][gc,metaspace] GC(84) Metaspace: 23726K(24256K)->23726K(24256K) NonClass: 19617K(19904K)->19617K(19904K) Class: 4109K(4352K)->4109K(4352K)
[41.268s][info][gc          ] GC(84) Pause Full (System.gc()) 771M->771M(5888M) 405.972ms
[41.671s][info][gc,metaspace] GC(85) Metaspace: 23726K(24256K)->23726K(24256K) NonClass: 19617K(19904K)->19617K(19904K) Class: 4109K(4352K)->4109K(4352K)
[41.671s][info][gc          ] GC(85) Pause Full (System.gc()) 771M->771M(5888M) 403.169ms
[42.079s][info][gc,metaspace] GC(86) Metaspace: 23726K(24256K)->23726K(24256K) NonClass: 19617K(19904K)->19617K(19904K) Class: 4109K(4352K)->4109K(4352K)
[42.079s][info][gc          ] GC(86) Pause Full (System.gc()) 771M->771M(5888M) 407.775ms
[42.504s][info][gc,metaspace] GC(87) Metaspace: 23726K(24256K)->23726K(24256K) NonClass: 19617K(19904K)->19617K(19904K) Class: 4109K(4352K)->4109K(4352K)
[42.504s][info][gc          ] GC(87) Pause Full (System.gc()) 771M->771M(5888M) 425.212ms
[42.907s][info][gc,metaspace] GC(88) Metaspace: 23726K(24256K)->23726K(24256K) NonClass: 19617K(19904K)->19617K(19904K) Class: 4109K(4352K)->4109K(4352K)
[42.907s][info][gc          ] GC(88) Pause Full (System.gc()) 771M->771M(5888M) 402.654ms
[43.416s][info][gc,metaspace] GC(89) Metaspace: 23726K(24256K)->23726K(24256K) NonClass: 19617K(19904K)->19617K(19904K) Class: 4109K(4352K)->4109K(4352K)
[43.417s][info][gc          ] GC(89) Pause Full (System.gc()) 771M->771M(5888M) 509.677ms
[43.828s][info][gc,metaspace] GC(90) Metaspace: 23726K(24256K)->23726K(24256K) NonClass: 19617K(19904K)->19617K(19904K) Class: 4109K(4352K)->4109K(4352K)
[43.828s][info][gc          ] GC(90) Pause Full (System.gc()) 771M->771M(5888M) 411.777ms
[44.271s][info][gc,metaspace] GC(91) Metaspace: 23726K(24256K)->23726K(24256K) NonClass: 19617K(19904K)->19617K(19904K) Class: 4109K(4352K)->4109K(4352K)
[44.271s][info][gc          ] GC(91) Pause Full (System.gc()) 771M->771M(5888M) 442.408ms
[44.687s][info][gc,metaspace] GC(92) Metaspace: 23726K(24256K)->23726K(24256K) NonClass: 19617K(19904K)->19617K(19904K) Class: 4109K(4352K)->4109K(4352K)
[44.687s][info][gc          ] GC(92) Pause Full (System.gc()) 771M->771M(5888M) 416.093ms
[45.099s][info][gc,metaspace] GC(93) Metaspace: 23726K(24256K)->23726K(24256K) NonClass: 19617K(19904K)->19617K(19904K) Class: 4109K(4352K)->4109K(4352K)
[45.099s][info][gc          ] GC(93) Pause Full (System.gc()) 771M->771M(5888M) 411.949ms
[45.515s][info][gc,metaspace] GC(94) Metaspace: 23726K(24256K)->23726K(24256K) NonClass: 19617K(19904K)->19617K(19904K) Class: 4109K(4352K)->4109K(4352K)
[45.515s][info][gc          ] GC(94) Pause Full (System.gc()) 771M->771M(5888M) 416.290ms
[45.921s][info][gc,metaspace] GC(95) Metaspace: 23726K(24256K)->23726K(24256K) NonClass: 19617K(19904K)->19617K(19904K) Class: 4109K(4352K)->4109K(4352K)
[45.921s][info][gc          ] GC(95) Pause Full (System.gc()) 771M->771M(5888M) 405.748ms
[46.326s][info][gc,metaspace] GC(96) Metaspace: 23726K(24256K)->23726K(24256K) NonClass: 19617K(19904K)->19617K(19904K) Class: 4109K(4352K)->4109K(4352K)
[46.326s][info][gc          ] GC(96) Pause Full (System.gc()) 771M->771M(5888M) 404.605ms
[46.729s][info][gc,metaspace] GC(97) Metaspace: 23726K(24256K)->23726K(24256K) NonClass: 19617K(19904K)->19617K(19904K) Class: 4109K(4352K)->4109K(4352K)
[46.730s][info][gc          ] GC(97) Pause Full (System.gc()) 771M->771M(5888M) 403.517ms
[47.142s][info][gc,metaspace] GC(98) Metaspace: 23726K(24256K)->23726K(24256K) NonClass: 19617K(19904K)->19617K(19904K) Class: 4109K(4352K)->4109K(4352K)
[47.142s][info][gc          ] GC(98) Pause Full (System.gc()) 771M->771M(5888M) 412.795ms
[47.566s][info][gc,metaspace] GC(99) Metaspace: 23726K(24256K)->23726K(24256K) NonClass: 19617K(19904K)->19617K(19904K) Class: 4109K(4352K)->4109K(4352K)
[47.566s][info][gc          ] GC(99) Pause Full (System.gc()) 771M->771M(5888M) 423.410ms
[47.971s][info][gc,metaspace] GC(100) Metaspace: 23726K(24256K)->23726K(24256K) NonClass: 19617K(19904K)->19617K(19904K) Class: 4109K(4352K)->4109K(4352K)
[47.971s][info][gc          ] GC(100) Pause Full (System.gc()) 771M->771M(5888M) 405.344ms
After GCs... 
