Done; will start GCs... 
[6.105s][info][gc,metaspace] GC(1) Metaspace: 23710K(24256K)->23710K(24256K) NonClass: 19600K(19904K)->19600K(19904K) Class: 4109K(4352K)->4109K(4352K)
[6.105s][info][gc          ] GC(1) Pause Full (System.gc()) 848M->771M(5888M) 601.609ms
[6.501s][info][gc,metaspace] GC(2) Metaspace: 23710K(24256K)->23710K(24256K) NonClass: 19600K(19904K)->19600K(19904K) Class: 4109K(4352K)->4109K(4352K)
[6.501s][info][gc          ] GC(2) Pause Full (System.gc()) 771M->771M(5888M) 396.245ms
[6.904s][info][gc,metaspace] GC(3) Metaspace: 23710K(24256K)->23710K(24256K) NonClass: 19600K(19904K)->19600K(19904K) Class: 4109K(4352K)->4109K(4352K)
[6.904s][info][gc          ] GC(3) Pause Full (System.gc()) 771M->771M(5888M) 402.529ms
[7.330s][info][gc,metaspace] GC(4) Metaspace: 23710K(24256K)->23710K(24256K) NonClass: 19600K(19904K)->19600K(19904K) Class: 4109K(4352K)->4109K(4352K)
[7.330s][info][gc          ] GC(4) Pause Full (System.gc()) 771M->771M(5888M) 425.822ms
[7.719s][info][gc,metaspace] GC(5) Metaspace: 23710K(24256K)->23710K(24256K) NonClass: 19600K(19904K)->19600K(19904K) Class: 4109K(4352K)->4109K(4352K)
[7.719s][info][gc          ] GC(5) Pause Full (System.gc()) 771M->771M(5888M) 389.157ms
[8.138s][info][gc,metaspace] GC(6) Metaspace: 23710K(24256K)->23710K(24256K) NonClass: 19600K(19904K)->19600K(19904K) Class: 4109K(4352K)->4109K(4352K)
[8.138s][info][gc          ] GC(6) Pause Full (System.gc()) 771M->771M(5888M) 418.620ms
[8.540s][info][gc,metaspace] GC(7) Metaspace: 23710K(24256K)->23710K(24256K) NonClass: 19600K(19904K)->19600K(19904K) Class: 4109K(4352K)->4109K(4352K)
[8.540s][info][gc          ] GC(7) Pause Full (System.gc()) 771M->771M(5888M) 402.187ms
[8.931s][info][gc,metaspace] GC(8) Metaspace: 23710K(24256K)->23710K(24256K) NonClass: 19601K(19904K)->19601K(19904K) Class: 4109K(4352K)->4109K(4352K)
[8.931s][info][gc          ] GC(8) Pause Full (System.gc()) 771M->771M(5888M) 390.806ms
[9.329s][info][gc,metaspace] GC(9) Metaspace: 23710K(24256K)->23710K(24256K) NonClass: 19601K(19904K)->19601K(19904K) Class: 4109K(4352K)->4109K(4352K)
[9.329s][info][gc          ] GC(9) Pause Full (System.gc()) 771M->771M(5888M) 398.260ms
[9.723s][info][gc,metaspace] GC(10) Metaspace: 23710K(24256K)->23710K(24256K) NonClass: 19601K(19904K)->19601K(19904K) Class: 4109K(4352K)->4109K(4352K)
[9.723s][info][gc          ] GC(10) Pause Full (System.gc()) 771M->771M(5888M) 393.528ms
[10.163s][info][gc,metaspace] GC(11) Metaspace: 23710K(24256K)->23710K(24256K) NonClass: 19601K(19904K)->19601K(19904K) Class: 4109K(4352K)->4109K(4352K)
[10.163s][info][gc          ] GC(11) Pause Full (System.gc()) 771M->771M(5888M) 440.156ms
[10.568s][info][gc,metaspace] GC(12) Metaspace: 23710K(24256K)->23710K(24256K) NonClass: 19601K(19904K)->19601K(19904K) Class: 4109K(4352K)->4109K(4352K)
[10.568s][info][gc          ] GC(12) Pause Full (System.gc()) 771M->771M(5888M) 404.520ms
[10.956s][info][gc,metaspace] GC(13) Metaspace: 23710K(24256K)->23710K(24256K) NonClass: 19601K(19904K)->19601K(19904K) Class: 4109K(4352K)->4109K(4352K)
[10.956s][info][gc          ] GC(13) Pause Full (System.gc()) 771M->771M(5888M) 384.499ms
[11.352s][info][gc,metaspace] GC(14) Metaspace: 23710K(24256K)->23710K(24256K) NonClass: 19601K(19904K)->19601K(19904K) Class: 4109K(4352K)->4109K(4352K)
[11.352s][info][gc          ] GC(14) Pause Full (System.gc()) 771M->771M(5888M) 395.758ms
[11.744s][info][gc,metaspace] GC(15) Metaspace: 23710K(24256K)->23710K(24256K) NonClass: 19601K(19904K)->19601K(19904K) Class: 4109K(4352K)->4109K(4352K)
[11.744s][info][gc          ] GC(15) Pause Full (System.gc()) 771M->771M(5888M) 392.007ms
[12.169s][info][gc,metaspace] GC(16) Metaspace: 23710K(24256K)->23710K(24256K) NonClass: 19601K(19904K)->19601K(19904K) Class: 4109K(4352K)->4109K(4352K)
[12.169s][info][gc          ] GC(16) Pause Full (System.gc()) 771M->771M(5888M) 424.829ms
[12.563s][info][gc,metaspace] GC(17) Metaspace: 23710K(24256K)->23710K(24256K) NonClass: 19601K(19904K)->19601K(19904K) Class: 4109K(4352K)->4109K(4352K)
[12.563s][info][gc          ] GC(17) Pause Full (System.gc()) 771M->771M(5888M) 393.925ms
[12.951s][info][gc,metaspace] GC(18) Metaspace: 23710K(24256K)->23710K(24256K) NonClass: 19601K(19904K)->19601K(19904K) Class: 4109K(4352K)->4109K(4352K)
[12.951s][info][gc          ] GC(18) Pause Full (System.gc()) 771M->771M(5888M) 387.721ms
[13.339s][info][gc,metaspace] GC(19) Metaspace: 23710K(24256K)->23710K(24256K) NonClass: 19601K(19904K)->19601K(19904K) Class: 4109K(4352K)->4109K(4352K)
[13.339s][info][gc          ] GC(19) Pause Full (System.gc()) 771M->771M(5888M) 387.599ms
[13.739s][info][gc,metaspace] GC(20) Metaspace: 23710K(24256K)->23710K(24256K) NonClass: 19601K(19904K)->19601K(19904K) Class: 4109K(4352K)->4109K(4352K)
[13.739s][info][gc          ] GC(20) Pause Full (System.gc()) 771M->771M(5888M) 399.569ms
[14.214s][info][gc,metaspace] GC(21) Metaspace: 23710K(24256K)->23710K(24256K) NonClass: 19601K(19904K)->19601K(19904K) Class: 4109K(4352K)->4109K(4352K)
[14.214s][info][gc          ] GC(21) Pause Full (System.gc()) 771M->771M(5888M) 475.707ms
[14.608s][info][gc,metaspace] GC(22) Metaspace: 23710K(24256K)->23710K(24256K) NonClass: 19601K(19904K)->19601K(19904K) Class: 4109K(4352K)->4109K(4352K)
[14.608s][info][gc          ] GC(22) Pause Full (System.gc()) 771M->771M(5888M) 393.603ms
[14.997s][info][gc,metaspace] GC(23) Metaspace: 23710K(24256K)->23710K(24256K) NonClass: 19601K(19904K)->19601K(19904K) Class: 4109K(4352K)->4109K(4352K)
[14.997s][info][gc          ] GC(23) Pause Full (System.gc()) 771M->771M(5888M) 388.833ms
[15.382s][info][gc,metaspace] GC(24) Metaspace: 23710K(24256K)->23710K(24256K) NonClass: 19601K(19904K)->19601K(19904K) Class: 4109K(4352K)->4109K(4352K)
[15.382s][info][gc          ] GC(24) Pause Full (System.gc()) 771M->771M(5888M) 384.463ms
[15.779s][info][gc,metaspace] GC(25) Metaspace: 23710K(24256K)->23710K(24256K) NonClass: 19601K(19904K)->19601K(19904K) Class: 4109K(4352K)->4109K(4352K)
[15.779s][info][gc          ] GC(25) Pause Full (System.gc()) 771M->771M(5888M) 397.498ms
[16.184s][info][gc,metaspace] GC(26) Metaspace: 23710K(24256K)->23710K(24256K) NonClass: 19601K(19904K)->19601K(19904K) Class: 4109K(4352K)->4109K(4352K)
[16.184s][info][gc          ] GC(26) Pause Full (System.gc()) 771M->771M(5888M) 401.002ms
[16.579s][info][gc,metaspace] GC(27) Metaspace: 23710K(24256K)->23710K(24256K) NonClass: 19601K(19904K)->19601K(19904K) Class: 4109K(4352K)->4109K(4352K)
[16.579s][info][gc          ] GC(27) Pause Full (System.gc()) 771M->771M(5888M) 394.836ms
[16.975s][info][gc,metaspace] GC(28) Metaspace: 23710K(24256K)->23710K(24256K) NonClass: 19601K(19904K)->19601K(19904K) Class: 4109K(4352K)->4109K(4352K)
[16.975s][info][gc          ] GC(28) Pause Full (System.gc()) 771M->771M(5888M) 395.611ms
[17.372s][info][gc,metaspace] GC(29) Metaspace: 23710K(24256K)->23710K(24256K) NonClass: 19601K(19904K)->19601K(19904K) Class: 4109K(4352K)->4109K(4352K)
[17.372s][info][gc          ] GC(29) Pause Full (System.gc()) 771M->771M(5888M) 397.328ms
[17.771s][info][gc,metaspace] GC(30) Metaspace: 23710K(24256K)->23710K(24256K) NonClass: 19601K(19904K)->19601K(19904K) Class: 4109K(4352K)->4109K(4352K)
[17.771s][info][gc          ] GC(30) Pause Full (System.gc()) 771M->771M(5888M) 398.462ms
[18.171s][info][gc,metaspace] GC(31) Metaspace: 23710K(24256K)->23710K(24256K) NonClass: 19601K(19904K)->19601K(19904K) Class: 4109K(4352K)->4109K(4352K)
[18.171s][info][gc          ] GC(31) Pause Full (System.gc()) 771M->771M(5888M) 400.286ms
[18.558s][info][gc,metaspace] GC(32) Metaspace: 23710K(24256K)->23710K(24256K) NonClass: 19601K(19904K)->19601K(19904K) Class: 4109K(4352K)->4109K(4352K)
[18.558s][info][gc          ] GC(32) Pause Full (System.gc()) 771M->771M(5888M) 386.735ms
[18.947s][info][gc,metaspace] GC(33) Metaspace: 23710K(24256K)->23710K(24256K) NonClass: 19601K(19904K)->19601K(19904K) Class: 4109K(4352K)->4109K(4352K)
[18.947s][info][gc          ] GC(33) Pause Full (System.gc()) 771M->771M(5888M) 388.907ms
[19.376s][info][gc,metaspace] GC(34) Metaspace: 23710K(24256K)->23710K(24256K) NonClass: 19601K(19904K)->19601K(19904K) Class: 4109K(4352K)->4109K(4352K)
[19.376s][info][gc          ] GC(34) Pause Full (System.gc()) 771M->771M(5888M) 429.223ms
[19.772s][info][gc,metaspace] GC(35) Metaspace: 23710K(24256K)->23710K(24256K) NonClass: 19601K(19904K)->19601K(19904K) Class: 4109K(4352K)->4109K(4352K)
[19.772s][info][gc          ] GC(35) Pause Full (System.gc()) 771M->771M(5888M) 395.796ms
[20.182s][info][gc,metaspace] GC(36) Metaspace: 23710K(24256K)->23710K(24256K) NonClass: 19601K(19904K)->19601K(19904K) Class: 4109K(4352K)->4109K(4352K)
[20.182s][info][gc          ] GC(36) Pause Full (System.gc()) 771M->771M(5888M) 409.691ms
[20.579s][info][gc,metaspace] GC(37) Metaspace: 23710K(24256K)->23710K(24256K) NonClass: 19601K(19904K)->19601K(19904K) Class: 4109K(4352K)->4109K(4352K)
[20.579s][info][gc          ] GC(37) Pause Full (System.gc()) 771M->771M(5888M) 396.639ms
[20.971s][info][gc,metaspace] GC(38) Metaspace: 23710K(24256K)->23710K(24256K) NonClass: 19601K(19904K)->19601K(19904K) Class: 4109K(4352K)->4109K(4352K)
[20.971s][info][gc          ] GC(38) Pause Full (System.gc()) 771M->771M(5888M) 392.123ms
[21.378s][info][gc,metaspace] GC(39) Metaspace: 23710K(24256K)->23710K(24256K) NonClass: 19601K(19904K)->19601K(19904K) Class: 4109K(4352K)->4109K(4352K)
[21.378s][info][gc          ] GC(39) Pause Full (System.gc()) 771M->771M(5888M) 402.345ms
[21.770s][info][gc,metaspace] GC(40) Metaspace: 23710K(24256K)->23710K(24256K) NonClass: 19601K(19904K)->19601K(19904K) Class: 4109K(4352K)->4109K(4352K)
[21.770s][info][gc          ] GC(40) Pause Full (System.gc()) 771M->771M(5888M) 392.308ms
[22.179s][info][gc,metaspace] GC(41) Metaspace: 23710K(24256K)->23710K(24256K) NonClass: 19601K(19904K)->19601K(19904K) Class: 4109K(4352K)->4109K(4352K)
[22.179s][info][gc          ] GC(41) Pause Full (System.gc()) 771M->771M(5888M) 409.265ms
[22.562s][info][gc,metaspace] GC(42) Metaspace: 23710K(24256K)->23710K(24256K) NonClass: 19601K(19904K)->19601K(19904K) Class: 4109K(4352K)->4109K(4352K)
[22.562s][info][gc          ] GC(42) Pause Full (System.gc()) 771M->771M(5888M) 382.607ms
[22.951s][info][gc,metaspace] GC(43) Metaspace: 23710K(24256K)->23710K(24256K) NonClass: 19601K(19904K)->19601K(19904K) Class: 4109K(4352K)->4109K(4352K)
[22.951s][info][gc          ] GC(43) Pause Full (System.gc()) 771M->771M(5888M) 388.504ms
[23.348s][info][gc,metaspace] GC(44) Metaspace: 23710K(24256K)->23710K(24256K) NonClass: 19601K(19904K)->19601K(19904K) Class: 4109K(4352K)->4109K(4352K)
[23.348s][info][gc          ] GC(44) Pause Full (System.gc()) 771M->771M(5888M) 397.122ms
[23.747s][info][gc,metaspace] GC(45) Metaspace: 23710K(24256K)->23710K(24256K) NonClass: 19601K(19904K)->19601K(19904K) Class: 4109K(4352K)->4109K(4352K)
[23.747s][info][gc          ] GC(45) Pause Full (System.gc()) 771M->771M(5888M) 398.858ms
[24.238s][info][gc,metaspace] GC(46) Metaspace: 23710K(24256K)->23710K(24256K) NonClass: 19601K(19904K)->19601K(19904K) Class: 4109K(4352K)->4109K(4352K)
[24.238s][info][gc          ] GC(46) Pause Full (System.gc()) 771M->771M(5888M) 491.105ms
[24.641s][info][gc,metaspace] GC(47) Metaspace: 23710K(24256K)->23710K(24256K) NonClass: 19601K(19904K)->19601K(19904K) Class: 4109K(4352K)->4109K(4352K)
[24.641s][info][gc          ] GC(47) Pause Full (System.gc()) 771M->771M(5888M) 403.170ms
[25.041s][info][gc,metaspace] GC(48) Metaspace: 23710K(24256K)->23710K(24256K) NonClass: 19601K(19904K)->19601K(19904K) Class: 4109K(4352K)->4109K(4352K)
[25.041s][info][gc          ] GC(48) Pause Full (System.gc()) 771M->771M(5888M) 399.800ms
[25.425s][info][gc,metaspace] GC(49) Metaspace: 23710K(24256K)->23710K(24256K) NonClass: 19601K(19904K)->19601K(19904K) Class: 4109K(4352K)->4109K(4352K)
[25.425s][info][gc          ] GC(49) Pause Full (System.gc()) 771M->771M(5888M) 383.711ms
[25.823s][info][gc,metaspace] GC(50) Metaspace: 23710K(24256K)->23710K(24256K) NonClass: 19601K(19904K)->19601K(19904K) Class: 4109K(4352K)->4109K(4352K)
[25.823s][info][gc          ] GC(50) Pause Full (System.gc()) 771M->771M(5888M) 398.358ms
[26.215s][info][gc,metaspace] GC(51) Metaspace: 23710K(24256K)->23710K(24256K) NonClass: 19601K(19904K)->19601K(19904K) Class: 4109K(4352K)->4109K(4352K)
[26.216s][info][gc          ] GC(51) Pause Full (System.gc()) 771M->771M(5888M) 392.166ms
[26.626s][info][gc,metaspace] GC(52) Metaspace: 23710K(24256K)->23710K(24256K) NonClass: 19601K(19904K)->19601K(19904K) Class: 4109K(4352K)->4109K(4352K)
[26.626s][info][gc          ] GC(52) Pause Full (System.gc()) 771M->771M(5888M) 406.601ms
[27.025s][info][gc,metaspace] GC(53) Metaspace: 23710K(24256K)->23710K(24256K) NonClass: 19601K(19904K)->19601K(19904K) Class: 4109K(4352K)->4109K(4352K)
[27.025s][info][gc          ] GC(53) Pause Full (System.gc()) 771M->771M(5888M) 398.158ms
[27.438s][info][gc,metaspace] GC(54) Metaspace: 23710K(24256K)->23710K(24256K) NonClass: 19601K(19904K)->19601K(19904K) Class: 4109K(4352K)->4109K(4352K)
[27.438s][info][gc          ] GC(54) Pause Full (System.gc()) 771M->771M(5888M) 413.310ms
[27.827s][info][gc,metaspace] GC(55) Metaspace: 23710K(24256K)->23710K(24256K) NonClass: 19601K(19904K)->19601K(19904K) Class: 4109K(4352K)->4109K(4352K)
[27.827s][info][gc          ] GC(55) Pause Full (System.gc()) 771M->771M(5888M) 388.755ms
[28.301s][info][gc,metaspace] GC(56) Metaspace: 23710K(24256K)->23710K(24256K) NonClass: 19601K(19904K)->19601K(19904K) Class: 4109K(4352K)->4109K(4352K)
[28.301s][info][gc          ] GC(56) Pause Full (System.gc()) 771M->771M(5888M) 474.150ms
[28.700s][info][gc,metaspace] GC(57) Metaspace: 23710K(24256K)->23710K(24256K) NonClass: 19601K(19904K)->19601K(19904K) Class: 4109K(4352K)->4109K(4352K)
[28.700s][info][gc          ] GC(57) Pause Full (System.gc()) 771M->771M(5888M) 398.891ms
[29.084s][info][gc,metaspace] GC(58) Metaspace: 23710K(24256K)->23710K(24256K) NonClass: 19601K(19904K)->19601K(19904K) Class: 4109K(4352K)->4109K(4352K)
[29.084s][info][gc          ] GC(58) Pause Full (System.gc()) 771M->771M(5888M) 384.175ms
[29.486s][info][gc,metaspace] GC(59) Metaspace: 23710K(24256K)->23710K(24256K) NonClass: 19601K(19904K)->19601K(19904K) Class: 4109K(4352K)->4109K(4352K)
[29.486s][info][gc          ] GC(59) Pause Full (System.gc()) 771M->771M(5888M) 401.384ms
[29.871s][info][gc,metaspace] GC(60) Metaspace: 23710K(24256K)->23710K(24256K) NonClass: 19601K(19904K)->19601K(19904K) Class: 4109K(4352K)->4109K(4352K)
[29.871s][info][gc          ] GC(60) Pause Full (System.gc()) 771M->771M(5888M) 384.697ms
[30.296s][info][gc,metaspace] GC(61) Metaspace: 23710K(24256K)->23710K(24256K) NonClass: 19601K(19904K)->19601K(19904K) Class: 4109K(4352K)->4109K(4352K)
[30.296s][info][gc          ] GC(61) Pause Full (System.gc()) 771M->771M(5888M) 425.194ms
[30.686s][info][gc,metaspace] GC(62) Metaspace: 23710K(24256K)->23710K(24256K) NonClass: 19601K(19904K)->19601K(19904K) Class: 4109K(4352K)->4109K(4352K)
[30.686s][info][gc          ] GC(62) Pause Full (System.gc()) 771M->771M(5888M) 389.612ms
[31.117s][info][gc,metaspace] GC(63) Metaspace: 23710K(24256K)->23710K(24256K) NonClass: 19601K(19904K)->19601K(19904K) Class: 4109K(4352K)->4109K(4352K)
[31.117s][info][gc          ] GC(63) Pause Full (System.gc()) 771M->771M(5888M) 431.112ms
[31.509s][info][gc,metaspace] GC(64) Metaspace: 23710K(24256K)->23710K(24256K) NonClass: 19601K(19904K)->19601K(19904K) Class: 4109K(4352K)->4109K(4352K)
[31.509s][info][gc          ] GC(64) Pause Full (System.gc()) 771M->771M(5888M) 392.085ms
[31.899s][info][gc,metaspace] GC(65) Metaspace: 23710K(24256K)->23710K(24256K) NonClass: 19601K(19904K)->19601K(19904K) Class: 4109K(4352K)->4109K(4352K)
[31.899s][info][gc          ] GC(65) Pause Full (System.gc()) 771M->771M(5888M) 385.556ms
[32.305s][info][gc,metaspace] GC(66) Metaspace: 23710K(24256K)->23710K(24256K) NonClass: 19601K(19904K)->19601K(19904K) Class: 4109K(4352K)->4109K(4352K)
[32.305s][info][gc          ] GC(66) Pause Full (System.gc()) 771M->771M(5888M) 406.199ms
[32.702s][info][gc,metaspace] GC(67) Metaspace: 23710K(24256K)->23710K(24256K) NonClass: 19601K(19904K)->19601K(19904K) Class: 4109K(4352K)->4109K(4352K)
[32.702s][info][gc          ] GC(67) Pause Full (System.gc()) 771M->771M(5888M) 397.364ms
[33.127s][info][gc,metaspace] GC(68) Metaspace: 23710K(24256K)->23710K(24256K) NonClass: 19601K(19904K)->19601K(19904K) Class: 4109K(4352K)->4109K(4352K)
[33.127s][info][gc          ] GC(68) Pause Full (System.gc()) 771M->771M(5888M) 424.024ms
[33.519s][info][gc,metaspace] GC(69) Metaspace: 23710K(24256K)->23710K(24256K) NonClass: 19601K(19904K)->19601K(19904K) Class: 4109K(4352K)->4109K(4352K)
[33.519s][info][gc          ] GC(69) Pause Full (System.gc()) 771M->771M(5888M) 392.537ms
[33.917s][info][gc,metaspace] GC(70) Metaspace: 23710K(24256K)->23710K(24256K) NonClass: 19601K(19904K)->19601K(19904K) Class: 4109K(4352K)->4109K(4352K)
[33.917s][info][gc          ] GC(70) Pause Full (System.gc()) 771M->771M(5888M) 397.296ms
[34.309s][info][gc,metaspace] GC(71) Metaspace: 23710K(24256K)->23710K(24256K) NonClass: 19601K(19904K)->19601K(19904K) Class: 4109K(4352K)->4109K(4352K)
[34.309s][info][gc          ] GC(71) Pause Full (System.gc()) 771M->771M(5888M) 392.356ms
[34.702s][info][gc,metaspace] GC(72) Metaspace: 23710K(24256K)->23710K(24256K) NonClass: 19601K(19904K)->19601K(19904K) Class: 4109K(4352K)->4109K(4352K)
[34.702s][info][gc          ] GC(72) Pause Full (System.gc()) 771M->771M(5888M) 393.439ms
[35.132s][info][gc,metaspace] GC(73) Metaspace: 23710K(24256K)->23710K(24256K) NonClass: 19601K(19904K)->19601K(19904K) Class: 4109K(4352K)->4109K(4352K)
[35.132s][info][gc          ] GC(73) Pause Full (System.gc()) 771M->771M(5888M) 429.864ms
[35.543s][info][gc,metaspace] GC(74) Metaspace: 23710K(24256K)->23710K(24256K) NonClass: 19601K(19904K)->19601K(19904K) Class: 4109K(4352K)->4109K(4352K)
[35.543s][info][gc          ] GC(74) Pause Full (System.gc()) 771M->771M(5888M) 410.942ms
[35.929s][info][gc,metaspace] GC(75) Metaspace: 23710K(24256K)->23710K(24256K) NonClass: 19601K(19904K)->19601K(19904K) Class: 4109K(4352K)->4109K(4352K)
[35.930s][info][gc          ] GC(75) Pause Full (System.gc()) 771M->771M(5888M) 386.005ms
[36.326s][info][gc,metaspace] GC(76) Metaspace: 23710K(24256K)->23710K(24256K) NonClass: 19601K(19904K)->19601K(19904K) Class: 4109K(4352K)->4109K(4352K)
[36.326s][info][gc          ] GC(76) Pause Full (System.gc()) 771M->771M(5888M) 396.432ms
[36.723s][info][gc,metaspace] GC(77) Metaspace: 23710K(24256K)->23710K(24256K) NonClass: 19601K(19904K)->19601K(19904K) Class: 4109K(4352K)->4109K(4352K)
[36.723s][info][gc          ] GC(77) Pause Full (System.gc()) 771M->771M(5888M) 396.968ms
[37.188s][info][gc,metaspace] GC(78) Metaspace: 23710K(24256K)->23710K(24256K) NonClass: 19601K(19904K)->19601K(19904K) Class: 4109K(4352K)->4109K(4352K)
[37.188s][info][gc          ] GC(78) Pause Full (System.gc()) 771M->771M(5888M) 460.404ms
[37.582s][info][gc,metaspace] GC(79) Metaspace: 23710K(24256K)->23710K(24256K) NonClass: 19601K(19904K)->19601K(19904K) Class: 4109K(4352K)->4109K(4352K)
[37.582s][info][gc          ] GC(79) Pause Full (System.gc()) 771M->771M(5888M) 393.928ms
[37.983s][info][gc,metaspace] GC(80) Metaspace: 23710K(24256K)->23710K(24256K) NonClass: 19601K(19904K)->19601K(19904K) Class: 4109K(4352K)->4109K(4352K)
[37.983s][info][gc          ] GC(80) Pause Full (System.gc()) 771M->771M(5888M) 401.158ms
[38.375s][info][gc,metaspace] GC(81) Metaspace: 23710K(24256K)->23710K(24256K) NonClass: 19601K(19904K)->19601K(19904K) Class: 4109K(4352K)->4109K(4352K)
[38.375s][info][gc          ] GC(81) Pause Full (System.gc()) 771M->771M(5888M) 391.832ms
[38.769s][info][gc,metaspace] GC(82) Metaspace: 23710K(24256K)->23710K(24256K) NonClass: 19601K(19904K)->19601K(19904K) Class: 4109K(4352K)->4109K(4352K)
[38.769s][info][gc          ] GC(82) Pause Full (System.gc()) 771M->771M(5888M) 394.129ms
[39.243s][info][gc,metaspace] GC(83) Metaspace: 23710K(24256K)->23710K(24256K) NonClass: 19601K(19904K)->19601K(19904K) Class: 4109K(4352K)->4109K(4352K)
[39.243s][info][gc          ] GC(83) Pause Full (System.gc()) 771M->771M(5888M) 473.610ms
[39.637s][info][gc,metaspace] GC(84) Metaspace: 23710K(24256K)->23710K(24256K) NonClass: 19601K(19904K)->19601K(19904K) Class: 4109K(4352K)->4109K(4352K)
[39.637s][info][gc          ] GC(84) Pause Full (System.gc()) 771M->771M(5888M) 394.089ms
[40.025s][info][gc,metaspace] GC(85) Metaspace: 23710K(24256K)->23710K(24256K) NonClass: 19601K(19904K)->19601K(19904K) Class: 4109K(4352K)->4109K(4352K)
[40.025s][info][gc          ] GC(85) Pause Full (System.gc()) 771M->771M(5888M) 387.570ms
[40.408s][info][gc,metaspace] GC(86) Metaspace: 23710K(24256K)->23710K(24256K) NonClass: 19601K(19904K)->19601K(19904K) Class: 4109K(4352K)->4109K(4352K)
[40.408s][info][gc          ] GC(86) Pause Full (System.gc()) 771M->771M(5888M) 383.232ms
[40.793s][info][gc,metaspace] GC(87) Metaspace: 23710K(24256K)->23710K(24256K) NonClass: 19601K(19904K)->19601K(19904K) Class: 4109K(4352K)->4109K(4352K)
[40.793s][info][gc          ] GC(87) Pause Full (System.gc()) 771M->771M(5888M) 385.280ms
[41.240s][info][gc,metaspace] GC(88) Metaspace: 23710K(24256K)->23710K(24256K) NonClass: 19601K(19904K)->19601K(19904K) Class: 4109K(4352K)->4109K(4352K)
[41.240s][info][gc          ] GC(88) Pause Full (System.gc()) 771M->771M(5888M) 446.917ms
[41.639s][info][gc,metaspace] GC(89) Metaspace: 23710K(24256K)->23710K(24256K) NonClass: 19601K(19904K)->19601K(19904K) Class: 4109K(4352K)->4109K(4352K)
[41.639s][info][gc          ] GC(89) Pause Full (System.gc()) 771M->771M(5888M) 398.944ms
[42.031s][info][gc,metaspace] GC(90) Metaspace: 23710K(24256K)->23710K(24256K) NonClass: 19601K(19904K)->19601K(19904K) Class: 4109K(4352K)->4109K(4352K)
[42.031s][info][gc          ] GC(90) Pause Full (System.gc()) 771M->771M(5888M) 391.892ms
[42.426s][info][gc,metaspace] GC(91) Metaspace: 23710K(24256K)->23710K(24256K) NonClass: 19601K(19904K)->19601K(19904K) Class: 4109K(4352K)->4109K(4352K)
[42.426s][info][gc          ] GC(91) Pause Full (System.gc()) 771M->771M(5888M) 390.605ms
[42.812s][info][gc,metaspace] GC(92) Metaspace: 23710K(24256K)->23710K(24256K) NonClass: 19601K(19904K)->19601K(19904K) Class: 4109K(4352K)->4109K(4352K)
[42.812s][info][gc          ] GC(92) Pause Full (System.gc()) 771M->771M(5888M) 385.996ms
[43.211s][info][gc,metaspace] GC(93) Metaspace: 23710K(24256K)->23710K(24256K) NonClass: 19601K(19904K)->19601K(19904K) Class: 4109K(4352K)->4109K(4352K)
[43.211s][info][gc          ] GC(93) Pause Full (System.gc()) 771M->771M(5888M) 398.388ms
[43.601s][info][gc,metaspace] GC(94) Metaspace: 23710K(24256K)->23710K(24256K) NonClass: 19601K(19904K)->19601K(19904K) Class: 4109K(4352K)->4109K(4352K)
[43.601s][info][gc          ] GC(94) Pause Full (System.gc()) 771M->771M(5888M) 389.891ms
[43.987s][info][gc,metaspace] GC(95) Metaspace: 23710K(24256K)->23710K(24256K) NonClass: 19601K(19904K)->19601K(19904K) Class: 4109K(4352K)->4109K(4352K)
[43.987s][info][gc          ] GC(95) Pause Full (System.gc()) 771M->771M(5888M) 386.396ms
[44.398s][info][gc,metaspace] GC(96) Metaspace: 23710K(24256K)->23710K(24256K) NonClass: 19601K(19904K)->19601K(19904K) Class: 4109K(4352K)->4109K(4352K)
[44.398s][info][gc          ] GC(96) Pause Full (System.gc()) 771M->771M(5888M) 410.920ms
[44.789s][info][gc,metaspace] GC(97) Metaspace: 23710K(24256K)->23710K(24256K) NonClass: 19601K(19904K)->19601K(19904K) Class: 4109K(4352K)->4109K(4352K)
[44.789s][info][gc          ] GC(97) Pause Full (System.gc()) 771M->771M(5888M) 390.389ms
[45.256s][info][gc,metaspace] GC(98) Metaspace: 23710K(24256K)->23710K(24256K) NonClass: 19601K(19904K)->19601K(19904K) Class: 4109K(4352K)->4109K(4352K)
[45.256s][info][gc          ] GC(98) Pause Full (System.gc()) 771M->771M(5888M) 467.120ms
[45.649s][info][gc,metaspace] GC(99) Metaspace: 23710K(24256K)->23710K(24256K) NonClass: 19601K(19904K)->19601K(19904K) Class: 4109K(4352K)->4109K(4352K)
[45.649s][info][gc          ] GC(99) Pause Full (System.gc()) 771M->771M(5888M) 393.009ms
[46.042s][info][gc,metaspace] GC(100) Metaspace: 23710K(24256K)->23710K(24256K) NonClass: 19601K(19904K)->19601K(19904K) Class: 4109K(4352K)->4109K(4352K)
[46.042s][info][gc          ] GC(100) Pause Full (System.gc()) 771M->771M(5888M) 393.264ms
After GCs... 
