Done; will start GCs... 
[46.903s][info][gc,metaspace] GC(13) Metaspace: 31184K(34880K)->31184K(34880K) NonClass: 23159K(24768K)->23159K(24768K) Class: 8025K(10112K)->8025K(10112K)
[46.903s][info][gc          ] GC(13) Pause Full (System.gc()) 1626M->1593M(5939M) 5978.179ms
[51.415s][info][gc,metaspace] GC(14) Metaspace: 31184K(34880K)->31184K(34880K) NonClass: 23159K(24768K)->23159K(24768K) Class: 8025K(10112K)->8025K(10112K)
[51.415s][info][gc          ] GC(14) Pause Full (System.gc()) 1593M->1593M(5939M) 4511.986ms
[55.909s][info][gc,metaspace] GC(15) Metaspace: 31184K(34880K)->31184K(34880K) NonClass: 23159K(24768K)->23159K(24768K) Class: 8025K(10112K)->8025K(10112K)
[55.909s][info][gc          ] GC(15) Pause Full (System.gc()) 1593M->1593M(5939M) 4493.004ms
[60.394s][info][gc,metaspace] GC(16) Metaspace: 31184K(34880K)->31184K(34880K) NonClass: 23159K(24768K)->23159K(24768K) Class: 8025K(10112K)->8025K(10112K)
[60.394s][info][gc          ] GC(16) Pause Full (System.gc()) 1593M->1593M(5939M) 4484.798ms
[64.862s][info][gc,metaspace] GC(17) Metaspace: 31184K(34880K)->31184K(34880K) NonClass: 23159K(24768K)->23159K(24768K) Class: 8025K(10112K)->8025K(10112K)
[64.863s][info][gc          ] GC(17) Pause Full (System.gc()) 1593M->1593M(5939M) 4468.850ms
[69.345s][info][gc,metaspace] GC(18) Metaspace: 31184K(34880K)->31184K(34880K) NonClass: 23159K(24768K)->23159K(24768K) Class: 8025K(10112K)->8025K(10112K)
[69.345s][info][gc          ] GC(18) Pause Full (System.gc()) 1609M->1593M(5939M) 4482.273ms
[73.774s][info][gc,metaspace] GC(19) Metaspace: 31184K(34880K)->31184K(34880K) NonClass: 23159K(24768K)->23159K(24768K) Class: 8025K(10112K)->8025K(10112K)
[73.774s][info][gc          ] GC(19) Pause Full (System.gc()) 1593M->1593M(5939M) 4428.442ms
[78.348s][info][gc,metaspace] GC(20) Metaspace: 31184K(34880K)->31184K(34880K) NonClass: 23159K(24768K)->23159K(24768K) Class: 8025K(10112K)->8025K(10112K)
[78.348s][info][gc          ] GC(20) Pause Full (System.gc()) 1593M->1593M(5939M) 4574.528ms
[84.418s][info][gc,metaspace] GC(21) Metaspace: 31184K(34880K)->31184K(34880K) NonClass: 23159K(24768K)->23159K(24768K) Class: 8025K(10112K)->8025K(10112K)
[84.418s][info][gc          ] GC(21) Pause Full (System.gc()) 1593M->1593M(5939M) 6069.819ms
[88.846s][info][gc,metaspace] GC(22) Metaspace: 31184K(34880K)->31184K(34880K) NonClass: 23159K(24768K)->23159K(24768K) Class: 8025K(10112K)->8025K(10112K)
[88.846s][info][gc          ] GC(22) Pause Full (System.gc()) 1593M->1593M(5939M) 4427.705ms
[93.323s][info][gc,metaspace] GC(23) Metaspace: 31184K(34880K)->31184K(34880K) NonClass: 23159K(24768K)->23159K(24768K) Class: 8025K(10112K)->8025K(10112K)
[93.323s][info][gc          ] GC(23) Pause Full (System.gc()) 1593M->1593M(5939M) 4476.930ms
[97.755s][info][gc,metaspace] GC(24) Metaspace: 31184K(34880K)->31184K(34880K) NonClass: 23159K(24768K)->23159K(24768K) Class: 8025K(10112K)->8025K(10112K)
[97.755s][info][gc          ] GC(24) Pause Full (System.gc()) 1593M->1593M(5939M) 4432.096ms
[102.239s][info][gc,metaspace] GC(25) Metaspace: 31184K(34880K)->31184K(34880K) NonClass: 23159K(24768K)->23159K(24768K) Class: 8025K(10112K)->8025K(10112K)
[102.239s][info][gc          ] GC(25) Pause Full (System.gc()) 1593M->1593M(5939M) 4483.754ms
[106.907s][info][gc,metaspace] GC(26) Metaspace: 31184K(34880K)->31184K(34880K) NonClass: 23159K(24768K)->23159K(24768K) Class: 8025K(10112K)->8025K(10112K)
[106.907s][info][gc          ] GC(26) Pause Full (System.gc()) 1593M->1593M(5939M) 4667.117ms
[111.387s][info][gc,metaspace] GC(27) Metaspace: 31184K(34880K)->31184K(34880K) NonClass: 23159K(24768K)->23159K(24768K) Class: 8025K(10112K)->8025K(10112K)
[111.387s][info][gc          ] GC(27) Pause Full (System.gc()) 1593M->1593M(5939M) 4479.870ms
[115.863s][info][gc,metaspace] GC(28) Metaspace: 31184K(34880K)->31184K(34880K) NonClass: 23159K(24768K)->23159K(24768K) Class: 8025K(10112K)->8025K(10112K)
[115.863s][info][gc          ] GC(28) Pause Full (System.gc()) 1593M->1593M(5939M) 4476.128ms
[120.344s][info][gc,metaspace] GC(29) Metaspace: 31184K(34880K)->31184K(34880K) NonClass: 23159K(24768K)->23159K(24768K) Class: 8025K(10112K)->8025K(10112K)
[120.344s][info][gc          ] GC(29) Pause Full (System.gc()) 1593M->1593M(5939M) 4481.178ms
[124.779s][info][gc,metaspace] GC(30) Metaspace: 31184K(34880K)->31184K(34880K) NonClass: 23159K(24768K)->23159K(24768K) Class: 8025K(10112K)->8025K(10112K)
[124.780s][info][gc          ] GC(30) Pause Full (System.gc()) 1593M->1593M(5939M) 4435.118ms
[129.259s][info][gc,metaspace] GC(31) Metaspace: 31184K(34880K)->31184K(34880K) NonClass: 23159K(24768K)->23159K(24768K) Class: 8025K(10112K)->8025K(10112K)
[129.259s][info][gc          ] GC(31) Pause Full (System.gc()) 1593M->1593M(5939M) 4479.728ms
[133.922s][info][gc,metaspace] GC(32) Metaspace: 31184K(34880K)->31184K(34880K) NonClass: 23159K(24768K)->23159K(24768K) Class: 8025K(10112K)->8025K(10112K)
[133.923s][info][gc          ] GC(32) Pause Full (System.gc()) 1609M->1593M(5939M) 4662.899ms
[138.399s][info][gc,metaspace] GC(33) Metaspace: 31184K(34880K)->31184K(34880K) NonClass: 23159K(24768K)->23159K(24768K) Class: 8025K(10112K)->8025K(10112K)
[138.399s][info][gc          ] GC(33) Pause Full (System.gc()) 1593M->1593M(5939M) 4475.968ms
[142.826s][info][gc,metaspace] GC(34) Metaspace: 31184K(34880K)->31184K(34880K) NonClass: 23159K(24768K)->23159K(24768K) Class: 8025K(10112K)->8025K(10112K)
[142.826s][info][gc          ] GC(34) Pause Full (System.gc()) 1593M->1593M(5939M) 4426.868ms
[147.298s][info][gc,metaspace] GC(35) Metaspace: 31184K(34880K)->31184K(34880K) NonClass: 23159K(24768K)->23159K(24768K) Class: 8025K(10112K)->8025K(10112K)
[147.298s][info][gc          ] GC(35) Pause Full (System.gc()) 1593M->1593M(5939M) 4472.252ms
[151.947s][info][gc,metaspace] GC(36) Metaspace: 31184K(34880K)->31184K(34880K) NonClass: 23159K(24768K)->23159K(24768K) Class: 8025K(10112K)->8025K(10112K)
[151.947s][info][gc          ] GC(36) Pause Full (System.gc()) 1593M->1593M(5939M) 4648.985ms
[156.428s][info][gc,metaspace] GC(37) Metaspace: 31184K(34880K)->31184K(34880K) NonClass: 23159K(24768K)->23159K(24768K) Class: 8025K(10112K)->8025K(10112K)
[156.429s][info][gc          ] GC(37) Pause Full (System.gc()) 1593M->1593M(5939M) 4481.223ms
[160.855s][info][gc,metaspace] GC(38) Metaspace: 31184K(34880K)->31184K(34880K) NonClass: 23159K(24768K)->23159K(24768K) Class: 8025K(10112K)->8025K(10112K)
[160.855s][info][gc          ] GC(38) Pause Full (System.gc()) 1593M->1593M(5939M) 4426.132ms
[165.334s][info][gc,metaspace] GC(39) Metaspace: 31184K(34880K)->31184K(34880K) NonClass: 23159K(24768K)->23159K(24768K) Class: 8025K(10112K)->8025K(10112K)
[165.334s][info][gc          ] GC(39) Pause Full (System.gc()) 1593M->1593M(5939M) 4479.048ms
[169.763s][info][gc,metaspace] GC(40) Metaspace: 31184K(34880K)->31184K(34880K) NonClass: 23159K(24768K)->23159K(24768K) Class: 8025K(10112K)->8025K(10112K)
[169.764s][info][gc          ] GC(40) Pause Full (System.gc()) 1593M->1593M(5939M) 4429.301ms
[174.234s][info][gc,metaspace] GC(41) Metaspace: 31184K(34880K)->31184K(34880K) NonClass: 23159K(24768K)->23159K(24768K) Class: 8025K(10112K)->8025K(10112K)
[174.234s][info][gc          ] GC(41) Pause Full (System.gc()) 1593M->1593M(5939M) 4470.351ms
[178.902s][info][gc,metaspace] GC(42) Metaspace: 31184K(34880K)->31184K(34880K) NonClass: 23159K(24768K)->23159K(24768K) Class: 8025K(10112K)->8025K(10112K)
[178.902s][info][gc          ] GC(42) Pause Full (System.gc()) 1593M->1593M(5939M) 4668.264ms
[183.380s][info][gc,metaspace] GC(43) Metaspace: 31184K(34880K)->31184K(34880K) NonClass: 23159K(24768K)->23159K(24768K) Class: 8025K(10112K)->8025K(10112K)
[183.380s][info][gc          ] GC(43) Pause Full (System.gc()) 1593M->1593M(5939M) 4477.072ms
[187.837s][info][gc,metaspace] GC(44) Metaspace: 31184K(34880K)->31184K(34880K) NonClass: 23159K(24768K)->23159K(24768K) Class: 8025K(10112K)->8025K(10112K)
[187.837s][info][gc          ] GC(44) Pause Full (System.gc()) 1593M->1593M(5939M) 4457.061ms
[192.314s][info][gc,metaspace] GC(45) Metaspace: 31184K(34880K)->31184K(34880K) NonClass: 23159K(24768K)->23159K(24768K) Class: 8025K(10112K)->8025K(10112K)
[192.314s][info][gc          ] GC(45) Pause Full (System.gc()) 1593M->1593M(5939M) 4476.649ms
[196.745s][info][gc,metaspace] GC(46) Metaspace: 31184K(34880K)->31184K(34880K) NonClass: 23159K(24768K)->23159K(24768K) Class: 8025K(10112K)->8025K(10112K)
[196.745s][info][gc          ] GC(46) Pause Full (System.gc()) 1609M->1593M(5939M) 4431.548ms
[201.222s][info][gc,metaspace] GC(47) Metaspace: 31184K(34880K)->31184K(34880K) NonClass: 23159K(24768K)->23159K(24768K) Class: 8025K(10112K)->8025K(10112K)
[201.222s][info][gc          ] GC(47) Pause Full (System.gc()) 1593M->1593M(5939M) 4471.831ms
[205.896s][info][gc,metaspace] GC(48) Metaspace: 31184K(34880K)->31184K(34880K) NonClass: 23159K(24768K)->23159K(24768K) Class: 8025K(10112K)->8025K(10112K)
[205.896s][info][gc          ] GC(48) Pause Full (System.gc()) 1593M->1593M(5939M) 4674.102ms
[210.370s][info][gc,metaspace] GC(49) Metaspace: 31184K(34880K)->31184K(34880K) NonClass: 23159K(24768K)->23159K(24768K) Class: 8025K(10112K)->8025K(10112K)
[210.370s][info][gc          ] GC(49) Pause Full (System.gc()) 1593M->1593M(5939M) 4473.642ms
[214.797s][info][gc,metaspace] GC(50) Metaspace: 31184K(34880K)->31184K(34880K) NonClass: 23159K(24768K)->23159K(24768K) Class: 8025K(10112K)->8025K(10112K)
[214.797s][info][gc          ] GC(50) Pause Full (System.gc()) 1593M->1593M(5939M) 4427.431ms
[219.287s][info][gc,metaspace] GC(51) Metaspace: 31184K(34880K)->31184K(34880K) NonClass: 23159K(24768K)->23159K(24768K) Class: 8025K(10112K)->8025K(10112K)
[219.287s][info][gc          ] GC(51) Pause Full (System.gc()) 1593M->1593M(5939M) 4489.479ms
[223.935s][info][gc,metaspace] GC(52) Metaspace: 31184K(34880K)->31184K(34880K) NonClass: 23159K(24768K)->23159K(24768K) Class: 8025K(10112K)->8025K(10112K)
[223.935s][info][gc          ] GC(52) Pause Full (System.gc()) 1593M->1593M(5939M) 4647.514ms
After GCs... 
