Done; will start GCs... 
[11.372s][info][gc,metaspace] GC(11) Metaspace: 28386K(29568K)->28386K(29568K) NonClass: 23109K(23680K)->23109K(23680K) Class: 5277K(5888K)->5277K(5888K)
[11.372s][info][gc          ] GC(11) Pause Full (System.gc()) 813M->776M(6144M) 509.196ms
[11.816s][info][gc,metaspace] GC(12) Metaspace: 28386K(29568K)->28386K(29568K) NonClass: 23109K(23680K)->23109K(23680K) Class: 5277K(5888K)->5277K(5888K)
[11.816s][info][gc          ] GC(12) Pause Full (System.gc()) 776M->776M(6144M) 444.194ms
[12.226s][info][gc,metaspace] GC(13) Metaspace: 28386K(29568K)->28386K(29568K) NonClass: 23109K(23680K)->23109K(23680K) Class: 5277K(5888K)->5277K(5888K)
[12.226s][info][gc          ] GC(13) Pause Full (System.gc()) 776M->776M(6144M) 410.207ms
[12.593s][info][gc,metaspace] GC(14) Metaspace: 28387K(29568K)->28387K(29568K) NonClass: 23110K(23680K)->23110K(23680K) Class: 5277K(5888K)->5277K(5888K)
[12.593s][info][gc          ] GC(14) Pause Full (System.gc()) 776M->776M(6144M) 367.009ms
[13.000s][info][gc,metaspace] GC(15) Metaspace: 28387K(29568K)->28387K(29568K) NonClass: 23110K(23680K)->23110K(23680K) Class: 5277K(5888K)->5277K(5888K)
[13.000s][info][gc          ] GC(15) Pause Full (System.gc()) 776M->776M(6144M) 406.934ms
[13.376s][info][gc,metaspace] GC(16) Metaspace: 28387K(29568K)->28387K(29568K) NonClass: 23110K(23680K)->23110K(23680K) Class: 5277K(5888K)->5277K(5888K)
[13.376s][info][gc          ] GC(16) Pause Full (System.gc()) 776M->776M(6144M) 375.134ms
[13.823s][info][gc,metaspace] GC(17) Metaspace: 28387K(29568K)->28387K(29568K) NonClass: 23110K(23680K)->23110K(23680K) Class: 5277K(5888K)->5277K(5888K)
[13.823s][info][gc          ] GC(17) Pause Full (System.gc()) 776M->776M(6144M) 447.016ms
[14.195s][info][gc,metaspace] GC(18) Metaspace: 28387K(29568K)->28387K(29568K) NonClass: 23110K(23680K)->23110K(23680K) Class: 5277K(5888K)->5277K(5888K)
[14.195s][info][gc          ] GC(18) Pause Full (System.gc()) 776M->776M(6144M) 372.084ms
[14.560s][info][gc,metaspace] GC(19) Metaspace: 28387K(29568K)->28387K(29568K) NonClass: 23110K(23680K)->23110K(23680K) Class: 5277K(5888K)->5277K(5888K)
[14.560s][info][gc          ] GC(19) Pause Full (System.gc()) 776M->776M(6144M) 364.563ms
[14.964s][info][gc,metaspace] GC(20) Metaspace: 28387K(29568K)->28387K(29568K) NonClass: 23110K(23680K)->23110K(23680K) Class: 5277K(5888K)->5277K(5888K)
[14.964s][info][gc          ] GC(20) Pause Full (System.gc()) 776M->776M(6144M) 404.290ms
[15.348s][info][gc,metaspace] GC(21) Metaspace: 28387K(29568K)->28387K(29568K) NonClass: 23110K(23680K)->23110K(23680K) Class: 5277K(5888K)->5277K(5888K)
[15.348s][info][gc          ] GC(21) Pause Full (System.gc()) 776M->776M(6144M) 383.529ms
[15.754s][info][gc,metaspace] GC(22) Metaspace: 28387K(29568K)->28387K(29568K) NonClass: 23110K(23680K)->23110K(23680K) Class: 5277K(5888K)->5277K(5888K)
[15.754s][info][gc          ] GC(22) Pause Full (System.gc()) 776M->776M(6144M) 406.015ms
[16.131s][info][gc,metaspace] GC(23) Metaspace: 28387K(29568K)->28387K(29568K) NonClass: 23110K(23680K)->23110K(23680K) Class: 5277K(5888K)->5277K(5888K)
[16.131s][info][gc          ] GC(23) Pause Full (System.gc()) 776M->776M(6144M) 376.789ms
[16.547s][info][gc,metaspace] GC(24) Metaspace: 28387K(29568K)->28387K(29568K) NonClass: 23110K(23680K)->23110K(23680K) Class: 5277K(5888K)->5277K(5888K)
[16.547s][info][gc          ] GC(24) Pause Full (System.gc()) 776M->776M(6144M) 411.906ms
[16.941s][info][gc,metaspace] GC(25) Metaspace: 28387K(29568K)->28387K(29568K) NonClass: 23110K(23680K)->23110K(23680K) Class: 5277K(5888K)->5277K(5888K)
[16.941s][info][gc          ] GC(25) Pause Full (System.gc()) 776M->776M(6144M) 393.225ms
[17.364s][info][gc,metaspace] GC(26) Metaspace: 28387K(29568K)->28387K(29568K) NonClass: 23110K(23680K)->23110K(23680K) Class: 5277K(5888K)->5277K(5888K)
[17.364s][info][gc          ] GC(26) Pause Full (System.gc()) 776M->776M(6144M) 422.852ms
[17.806s][info][gc,metaspace] GC(27) Metaspace: 28387K(29568K)->28387K(29568K) NonClass: 23110K(23680K)->23110K(23680K) Class: 5277K(5888K)->5277K(5888K)
[17.806s][info][gc          ] GC(27) Pause Full (System.gc()) 776M->776M(6144M) 442.009ms
[18.171s][info][gc,metaspace] GC(28) Metaspace: 28387K(29568K)->28387K(29568K) NonClass: 23110K(23680K)->23110K(23680K) Class: 5277K(5888K)->5277K(5888K)
[18.171s][info][gc          ] GC(28) Pause Full (System.gc()) 776M->776M(6144M) 364.693ms
[18.557s][info][gc,metaspace] GC(29) Metaspace: 28387K(29568K)->28387K(29568K) NonClass: 23110K(23680K)->23110K(23680K) Class: 5277K(5888K)->5277K(5888K)
[18.557s][info][gc          ] GC(29) Pause Full (System.gc()) 776M->776M(6144M) 386.085ms
[18.985s][info][gc,metaspace] GC(30) Metaspace: 28387K(29568K)->28387K(29568K) NonClass: 23110K(23680K)->23110K(23680K) Class: 5277K(5888K)->5277K(5888K)
[18.985s][info][gc          ] GC(30) Pause Full (System.gc()) 776M->776M(6144M) 428.197ms
[19.352s][info][gc,metaspace] GC(31) Metaspace: 28387K(29568K)->28387K(29568K) NonClass: 23110K(23680K)->23110K(23680K) Class: 5277K(5888K)->5277K(5888K)
[19.352s][info][gc          ] GC(31) Pause Full (System.gc()) 776M->776M(6144M) 366.621ms
[19.758s][info][gc,metaspace] GC(32) Metaspace: 28387K(29568K)->28387K(29568K) NonClass: 23110K(23680K)->23110K(23680K) Class: 5277K(5888K)->5277K(5888K)
[19.758s][info][gc          ] GC(32) Pause Full (System.gc()) 776M->776M(6144M) 406.049ms
[20.152s][info][gc,metaspace] GC(33) Metaspace: 28387K(29568K)->28387K(29568K) NonClass: 23110K(23680K)->23110K(23680K) Class: 5277K(5888K)->5277K(5888K)
[20.152s][info][gc          ] GC(33) Pause Full (System.gc()) 776M->776M(6144M) 394.484ms
[20.537s][info][gc,metaspace] GC(34) Metaspace: 28387K(29568K)->28387K(29568K) NonClass: 23110K(23680K)->23110K(23680K) Class: 5277K(5888K)->5277K(5888K)
[20.537s][info][gc          ] GC(34) Pause Full (System.gc()) 776M->776M(6144M) 384.488ms
[20.923s][info][gc,metaspace] GC(35) Metaspace: 28387K(29568K)->28387K(29568K) NonClass: 23110K(23680K)->23110K(23680K) Class: 5277K(5888K)->5277K(5888K)
[20.923s][info][gc          ] GC(35) Pause Full (System.gc()) 776M->776M(6144M) 385.541ms
[21.322s][info][gc,metaspace] GC(36) Metaspace: 28387K(29568K)->28387K(29568K) NonClass: 23110K(23680K)->23110K(23680K) Class: 5277K(5888K)->5277K(5888K)
[21.323s][info][gc          ] GC(36) Pause Full (System.gc()) 776M->776M(6144M) 399.736ms
[21.832s][info][gc,metaspace] GC(37) Metaspace: 28387K(29568K)->28387K(29568K) NonClass: 23110K(23680K)->23110K(23680K) Class: 5277K(5888K)->5277K(5888K)
[21.832s][info][gc          ] GC(37) Pause Full (System.gc()) 776M->776M(6144M) 505.457ms
[22.223s][info][gc,metaspace] GC(38) Metaspace: 28387K(29568K)->28387K(29568K) NonClass: 23110K(23680K)->23110K(23680K) Class: 5277K(5888K)->5277K(5888K)
[22.223s][info][gc          ] GC(38) Pause Full (System.gc()) 776M->776M(6144M) 390.195ms
[22.602s][info][gc,metaspace] GC(39) Metaspace: 28387K(29568K)->28387K(29568K) NonClass: 23110K(23680K)->23110K(23680K) Class: 5277K(5888K)->5277K(5888K)
[22.602s][info][gc          ] GC(39) Pause Full (System.gc()) 776M->776M(6144M) 378.853ms
[23.012s][info][gc,metaspace] GC(40) Metaspace: 28387K(29568K)->28387K(29568K) NonClass: 23110K(23680K)->23110K(23680K) Class: 5277K(5888K)->5277K(5888K)
[23.012s][info][gc          ] GC(40) Pause Full (System.gc()) 776M->776M(6144M) 410.742ms
[23.387s][info][gc,metaspace] GC(41) Metaspace: 28387K(29568K)->28387K(29568K) NonClass: 23110K(23680K)->23110K(23680K) Class: 5277K(5888K)->5277K(5888K)
[23.387s][info][gc          ] GC(41) Pause Full (System.gc()) 776M->776M(6144M) 374.103ms
[23.793s][info][gc,metaspace] GC(42) Metaspace: 28387K(29568K)->28387K(29568K) NonClass: 23110K(23680K)->23110K(23680K) Class: 5277K(5888K)->5277K(5888K)
[23.793s][info][gc          ] GC(42) Pause Full (System.gc()) 776M->776M(6144M) 406.184ms
[24.203s][info][gc,metaspace] GC(43) Metaspace: 28387K(29568K)->28387K(29568K) NonClass: 23110K(23680K)->23110K(23680K) Class: 5277K(5888K)->5277K(5888K)
[24.203s][info][gc          ] GC(43) Pause Full (System.gc()) 776M->776M(6144M) 409.673ms
[24.603s][info][gc,metaspace] GC(44) Metaspace: 28387K(29568K)->28387K(29568K) NonClass: 23110K(23680K)->23110K(23680K) Class: 5277K(5888K)->5277K(5888K)
[24.603s][info][gc          ] GC(44) Pause Full (System.gc()) 776M->776M(6144M) 400.378ms
[24.997s][info][gc,metaspace] GC(45) Metaspace: 28387K(29568K)->28387K(29568K) NonClass: 23110K(23680K)->23110K(23680K) Class: 5277K(5888K)->5277K(5888K)
[24.997s][info][gc          ] GC(45) Pause Full (System.gc()) 776M->776M(6144M) 393.489ms
[25.372s][info][gc,metaspace] GC(46) Metaspace: 28387K(29568K)->28387K(29568K) NonClass: 23110K(23680K)->23110K(23680K) Class: 5277K(5888K)->5277K(5888K)
[25.372s][info][gc          ] GC(46) Pause Full (System.gc()) 776M->776M(6144M) 375.104ms
[25.801s][info][gc,metaspace] GC(47) Metaspace: 28387K(29568K)->28387K(29568K) NonClass: 23110K(23680K)->23110K(23680K) Class: 5277K(5888K)->5277K(5888K)
[25.801s][info][gc          ] GC(47) Pause Full (System.gc()) 776M->776M(6144M) 429.092ms
[26.181s][info][gc,metaspace] GC(48) Metaspace: 28387K(29568K)->28387K(29568K) NonClass: 23110K(23680K)->23110K(23680K) Class: 5277K(5888K)->5277K(5888K)
[26.181s][info][gc          ] GC(48) Pause Full (System.gc()) 776M->776M(6144M) 379.622ms
[26.566s][info][gc,metaspace] GC(49) Metaspace: 28387K(29568K)->28387K(29568K) NonClass: 23110K(23680K)->23110K(23680K) Class: 5277K(5888K)->5277K(5888K)
[26.566s][info][gc          ] GC(49) Pause Full (System.gc()) 776M->776M(6144M) 385.101ms
[26.972s][info][gc,metaspace] GC(50) Metaspace: 28387K(29568K)->28387K(29568K) NonClass: 23110K(23680K)->23110K(23680K) Class: 5277K(5888K)->5277K(5888K)
[26.972s][info][gc          ] GC(50) Pause Full (System.gc()) 776M->776M(6144M) 406.410ms
[27.388s][info][gc,metaspace] GC(51) Metaspace: 28387K(29568K)->28387K(29568K) NonClass: 23110K(23680K)->23110K(23680K) Class: 5277K(5888K)->5277K(5888K)
[27.388s][info][gc          ] GC(51) Pause Full (System.gc()) 776M->776M(6144M) 415.888ms
[27.802s][info][gc,metaspace] GC(52) Metaspace: 28387K(29568K)->28387K(29568K) NonClass: 23110K(23680K)->23110K(23680K) Class: 5277K(5888K)->5277K(5888K)
[27.802s][info][gc          ] GC(52) Pause Full (System.gc()) 776M->776M(6144M) 413.244ms
[28.177s][info][gc,metaspace] GC(53) Metaspace: 28387K(29568K)->28387K(29568K) NonClass: 23110K(23680K)->23110K(23680K) Class: 5277K(5888K)->5277K(5888K)
[28.177s][info][gc          ] GC(53) Pause Full (System.gc()) 776M->776M(6144M) 374.988ms
[28.570s][info][gc,metaspace] GC(54) Metaspace: 28387K(29568K)->28387K(29568K) NonClass: 23110K(23680K)->23110K(23680K) Class: 5277K(5888K)->5277K(5888K)
[28.571s][info][gc          ] GC(54) Pause Full (System.gc()) 776M->776M(6144M) 393.796ms
[28.969s][info][gc,metaspace] GC(55) Metaspace: 28387K(29568K)->28387K(29568K) NonClass: 23110K(23680K)->23110K(23680K) Class: 5277K(5888K)->5277K(5888K)
[28.969s][info][gc          ] GC(55) Pause Full (System.gc()) 776M->776M(6144M) 398.714ms
[29.355s][info][gc,metaspace] GC(56) Metaspace: 28387K(29568K)->28387K(29568K) NonClass: 23110K(23680K)->23110K(23680K) Class: 5277K(5888K)->5277K(5888K)
[29.355s][info][gc          ] GC(56) Pause Full (System.gc()) 776M->776M(6144M) 385.518ms
[29.806s][info][gc,metaspace] GC(57) Metaspace: 28387K(29568K)->28387K(29568K) NonClass: 23110K(23680K)->23110K(23680K) Class: 5277K(5888K)->5277K(5888K)
[29.806s][info][gc          ] GC(57) Pause Full (System.gc()) 776M->776M(6144M) 451.165ms
[30.215s][info][gc,metaspace] GC(58) Metaspace: 28387K(29568K)->28387K(29568K) NonClass: 23110K(23680K)->23110K(23680K) Class: 5277K(5888K)->5277K(5888K)
[30.215s][info][gc          ] GC(58) Pause Full (System.gc()) 776M->776M(6144M) 408.603ms
[30.643s][info][gc,metaspace] GC(59) Metaspace: 28387K(29568K)->28387K(29568K) NonClass: 23110K(23680K)->23110K(23680K) Class: 5277K(5888K)->5277K(5888K)
[30.643s][info][gc          ] GC(59) Pause Full (System.gc()) 776M->776M(6144M) 428.069ms
[31.026s][info][gc,metaspace] GC(60) Metaspace: 28387K(29568K)->28387K(29568K) NonClass: 23110K(23680K)->23110K(23680K) Class: 5277K(5888K)->5277K(5888K)
[31.026s][info][gc          ] GC(60) Pause Full (System.gc()) 776M->776M(6144M) 382.601ms
[31.425s][info][gc,metaspace] GC(61) Metaspace: 28387K(29568K)->28387K(29568K) NonClass: 23110K(23680K)->23110K(23680K) Class: 5277K(5888K)->5277K(5888K)
[31.425s][info][gc          ] GC(61) Pause Full (System.gc()) 776M->776M(6144M) 399.168ms
[31.843s][info][gc,metaspace] GC(62) Metaspace: 28387K(29568K)->28387K(29568K) NonClass: 23110K(23680K)->23110K(23680K) Class: 5277K(5888K)->5277K(5888K)
[31.843s][info][gc          ] GC(62) Pause Full (System.gc()) 776M->776M(6144M) 417.677ms
[32.215s][info][gc,metaspace] GC(63) Metaspace: 28387K(29568K)->28387K(29568K) NonClass: 23110K(23680K)->23110K(23680K) Class: 5277K(5888K)->5277K(5888K)
[32.215s][info][gc          ] GC(63) Pause Full (System.gc()) 776M->776M(6144M) 372.310ms
[32.593s][info][gc,metaspace] GC(64) Metaspace: 28387K(29568K)->28387K(29568K) NonClass: 23110K(23680K)->23110K(23680K) Class: 5277K(5888K)->5277K(5888K)
[32.593s][info][gc          ] GC(64) Pause Full (System.gc()) 776M->776M(6144M) 377.608ms
[32.997s][info][gc,metaspace] GC(65) Metaspace: 28387K(29568K)->28387K(29568K) NonClass: 23110K(23680K)->23110K(23680K) Class: 5277K(5888K)->5277K(5888K)
[32.997s][info][gc          ] GC(65) Pause Full (System.gc()) 776M->776M(6144M) 404.533ms
[33.372s][info][gc,metaspace] GC(66) Metaspace: 28387K(29568K)->28387K(29568K) NonClass: 23110K(23680K)->23110K(23680K) Class: 5277K(5888K)->5277K(5888K)
[33.372s][info][gc          ] GC(66) Pause Full (System.gc()) 776M->776M(6144M) 374.746ms
[33.799s][info][gc,metaspace] GC(67) Metaspace: 28387K(29568K)->28387K(29568K) NonClass: 23110K(23680K)->23110K(23680K) Class: 5277K(5888K)->5277K(5888K)
[33.799s][info][gc          ] GC(67) Pause Full (System.gc()) 776M->776M(6144M) 427.164ms
[34.169s][info][gc,metaspace] GC(68) Metaspace: 28387K(29568K)->28387K(29568K) NonClass: 23110K(23680K)->23110K(23680K) Class: 5277K(5888K)->5277K(5888K)
[34.169s][info][gc          ] GC(68) Pause Full (System.gc()) 776M->776M(6144M) 369.451ms
[34.546s][info][gc,metaspace] GC(69) Metaspace: 28387K(29568K)->28387K(29568K) NonClass: 23110K(23680K)->23110K(23680K) Class: 5277K(5888K)->5277K(5888K)
[34.546s][info][gc          ] GC(69) Pause Full (System.gc()) 776M->776M(6144M) 376.768ms
[34.940s][info][gc,metaspace] GC(70) Metaspace: 28387K(29568K)->28387K(29568K) NonClass: 23110K(23680K)->23110K(23680K) Class: 5277K(5888K)->5277K(5888K)
[34.940s][info][gc          ] GC(70) Pause Full (System.gc()) 776M->776M(6144M) 394.498ms
[35.345s][info][gc,metaspace] GC(71) Metaspace: 28387K(29568K)->28387K(29568K) NonClass: 23110K(23680K)->23110K(23680K) Class: 5277K(5888K)->5277K(5888K)
[35.345s][info][gc          ] GC(71) Pause Full (System.gc()) 776M->776M(6144M) 405.065ms
[35.756s][info][gc,metaspace] GC(72) Metaspace: 28387K(29568K)->28387K(29568K) NonClass: 23110K(23680K)->23110K(23680K) Class: 5277K(5888K)->5277K(5888K)
[35.756s][info][gc          ] GC(72) Pause Full (System.gc()) 776M->776M(6144M) 410.585ms
[36.152s][info][gc,metaspace] GC(73) Metaspace: 28387K(29568K)->28387K(29568K) NonClass: 23110K(23680K)->23110K(23680K) Class: 5277K(5888K)->5277K(5888K)
[36.152s][info][gc          ] GC(73) Pause Full (System.gc()) 776M->776M(6144M) 395.858ms
[36.542s][info][gc,metaspace] GC(74) Metaspace: 28387K(29568K)->28387K(29568K) NonClass: 23110K(23680K)->23110K(23680K) Class: 5277K(5888K)->5277K(5888K)
[36.542s][info][gc          ] GC(74) Pause Full (System.gc()) 776M->776M(6144M) 389.710ms
[36.918s][info][gc,metaspace] GC(75) Metaspace: 28387K(29568K)->28387K(29568K) NonClass: 23110K(23680K)->23110K(23680K) Class: 5277K(5888K)->5277K(5888K)
[36.918s][info][gc          ] GC(75) Pause Full (System.gc()) 776M->776M(6144M) 376.172ms
[37.348s][info][gc,metaspace] GC(76) Metaspace: 28387K(29568K)->28387K(29568K) NonClass: 23110K(23680K)->23110K(23680K) Class: 5277K(5888K)->5277K(5888K)
[37.348s][info][gc          ] GC(76) Pause Full (System.gc()) 776M->776M(6144M) 426.017ms
[37.743s][info][gc,metaspace] GC(77) Metaspace: 28387K(29568K)->28387K(29568K) NonClass: 23110K(23680K)->23110K(23680K) Class: 5277K(5888K)->5277K(5888K)
[37.743s][info][gc          ] GC(77) Pause Full (System.gc()) 776M->776M(6144M) 394.587ms
[38.112s][info][gc,metaspace] GC(78) Metaspace: 28387K(29568K)->28387K(29568K) NonClass: 23110K(23680K)->23110K(23680K) Class: 5277K(5888K)->5277K(5888K)
[38.112s][info][gc          ] GC(78) Pause Full (System.gc()) 776M->776M(6144M) 368.553ms
[38.485s][info][gc,metaspace] GC(79) Metaspace: 28387K(29568K)->28387K(29568K) NonClass: 23110K(23680K)->23110K(23680K) Class: 5277K(5888K)->5277K(5888K)
[38.485s][info][gc          ] GC(79) Pause Full (System.gc()) 776M->776M(6144M) 373.349ms
[38.898s][info][gc,metaspace] GC(80) Metaspace: 28387K(29568K)->28387K(29568K) NonClass: 23110K(23680K)->23110K(23680K) Class: 5277K(5888K)->5277K(5888K)
[38.898s][info][gc          ] GC(80) Pause Full (System.gc()) 776M->776M(6144M) 413.156ms
[39.275s][info][gc,metaspace] GC(81) Metaspace: 28387K(29568K)->28387K(29568K) NonClass: 23110K(23680K)->23110K(23680K) Class: 5277K(5888K)->5277K(5888K)
[39.275s][info][gc          ] GC(81) Pause Full (System.gc()) 776M->776M(6144M) 376.406ms
[39.712s][info][gc,metaspace] GC(82) Metaspace: 28387K(29568K)->28387K(29568K) NonClass: 23110K(23680K)->23110K(23680K) Class: 5277K(5888K)->5277K(5888K)
[39.712s][info][gc          ] GC(82) Pause Full (System.gc()) 776M->776M(6144M) 436.682ms
[40.104s][info][gc,metaspace] GC(83) Metaspace: 28387K(29568K)->28387K(29568K) NonClass: 23110K(23680K)->23110K(23680K) Class: 5277K(5888K)->5277K(5888K)
[40.104s][info][gc          ] GC(83) Pause Full (System.gc()) 776M->776M(6144M) 391.940ms
[40.478s][info][gc,metaspace] GC(84) Metaspace: 28387K(29568K)->28387K(29568K) NonClass: 23110K(23680K)->23110K(23680K) Class: 5277K(5888K)->5277K(5888K)
[40.478s][info][gc          ] GC(84) Pause Full (System.gc()) 776M->776M(6144M) 374.042ms
[40.896s][info][gc,metaspace] GC(85) Metaspace: 28387K(29568K)->28387K(29568K) NonClass: 23110K(23680K)->23110K(23680K) Class: 5277K(5888K)->5277K(5888K)
[40.896s][info][gc          ] GC(85) Pause Full (System.gc()) 776M->776M(6144M) 418.639ms
[41.285s][info][gc,metaspace] GC(86) Metaspace: 28387K(29568K)->28387K(29568K) NonClass: 23110K(23680K)->23110K(23680K) Class: 5277K(5888K)->5277K(5888K)
[41.285s][info][gc          ] GC(86) Pause Full (System.gc()) 776M->776M(6144M) 388.386ms
[41.710s][info][gc,metaspace] GC(87) Metaspace: 28387K(29568K)->28387K(29568K) NonClass: 23110K(23680K)->23110K(23680K) Class: 5277K(5888K)->5277K(5888K)
[41.710s][info][gc          ] GC(87) Pause Full (System.gc()) 776M->776M(6144M) 425.572ms
[42.110s][info][gc,metaspace] GC(88) Metaspace: 28387K(29568K)->28387K(29568K) NonClass: 23110K(23680K)->23110K(23680K) Class: 5277K(5888K)->5277K(5888K)
[42.110s][info][gc          ] GC(88) Pause Full (System.gc()) 776M->776M(6144M) 399.560ms
[42.552s][info][gc,metaspace] GC(89) Metaspace: 28387K(29568K)->28387K(29568K) NonClass: 23110K(23680K)->23110K(23680K) Class: 5277K(5888K)->5277K(5888K)
[42.552s][info][gc          ] GC(89) Pause Full (System.gc()) 776M->776M(6144M) 437.711ms
[42.964s][info][gc,metaspace] GC(90) Metaspace: 28387K(29568K)->28387K(29568K) NonClass: 23110K(23680K)->23110K(23680K) Class: 5277K(5888K)->5277K(5888K)
[42.964s][info][gc          ] GC(90) Pause Full (System.gc()) 776M->776M(6144M) 411.518ms
[43.347s][info][gc,metaspace] GC(91) Metaspace: 28387K(29568K)->28387K(29568K) NonClass: 23110K(23680K)->23110K(23680K) Class: 5277K(5888K)->5277K(5888K)
[43.347s][info][gc          ] GC(91) Pause Full (System.gc()) 776M->776M(6144M) 383.578ms
[43.744s][info][gc,metaspace] GC(92) Metaspace: 28387K(29568K)->28387K(29568K) NonClass: 23110K(23680K)->23110K(23680K) Class: 5277K(5888K)->5277K(5888K)
[43.744s][info][gc          ] GC(92) Pause Full (System.gc()) 776M->776M(6144M) 396.366ms
[44.135s][info][gc,metaspace] GC(93) Metaspace: 28387K(29568K)->28387K(29568K) NonClass: 23110K(23680K)->23110K(23680K) Class: 5277K(5888K)->5277K(5888K)
[44.135s][info][gc          ] GC(93) Pause Full (System.gc()) 776M->776M(6144M) 391.542ms
[44.522s][info][gc,metaspace] GC(94) Metaspace: 28387K(29568K)->28387K(29568K) NonClass: 23110K(23680K)->23110K(23680K) Class: 5277K(5888K)->5277K(5888K)
[44.522s][info][gc          ] GC(94) Pause Full (System.gc()) 776M->776M(6144M) 386.386ms
[44.935s][info][gc,metaspace] GC(95) Metaspace: 28387K(29568K)->28387K(29568K) NonClass: 23110K(23680K)->23110K(23680K) Class: 5277K(5888K)->5277K(5888K)
[44.935s][info][gc          ] GC(95) Pause Full (System.gc()) 776M->776M(6144M) 413.034ms
[45.328s][info][gc,metaspace] GC(96) Metaspace: 28387K(29568K)->28387K(29568K) NonClass: 23110K(23680K)->23110K(23680K) Class: 5277K(5888K)->5277K(5888K)
[45.328s][info][gc          ] GC(96) Pause Full (System.gc()) 776M->776M(6144M) 392.706ms
[45.726s][info][gc,metaspace] GC(97) Metaspace: 28387K(29568K)->28387K(29568K) NonClass: 23110K(23680K)->23110K(23680K) Class: 5277K(5888K)->5277K(5888K)
[45.726s][info][gc          ] GC(97) Pause Full (System.gc()) 776M->776M(6144M) 398.543ms
[46.116s][info][gc,metaspace] GC(98) Metaspace: 28387K(29568K)->28387K(29568K) NonClass: 23110K(23680K)->23110K(23680K) Class: 5277K(5888K)->5277K(5888K)
[46.116s][info][gc          ] GC(98) Pause Full (System.gc()) 776M->776M(6144M) 389.323ms
[46.492s][info][gc,metaspace] GC(99) Metaspace: 28387K(29568K)->28387K(29568K) NonClass: 23110K(23680K)->23110K(23680K) Class: 5277K(5888K)->5277K(5888K)
[46.492s][info][gc          ] GC(99) Pause Full (System.gc()) 776M->776M(6144M) 376.231ms
[46.927s][info][gc,metaspace] GC(100) Metaspace: 28387K(29568K)->28387K(29568K) NonClass: 23110K(23680K)->23110K(23680K) Class: 5277K(5888K)->5277K(5888K)
[46.927s][info][gc          ] GC(100) Pause Full (System.gc()) 776M->776M(6144M) 434.407ms
[47.320s][info][gc,metaspace] GC(101) Metaspace: 28387K(29568K)->28387K(29568K) NonClass: 23110K(23680K)->23110K(23680K) Class: 5277K(5888K)->5277K(5888K)
[47.320s][info][gc          ] GC(101) Pause Full (System.gc()) 776M->776M(6144M) 393.235ms
[47.770s][info][gc,metaspace] GC(102) Metaspace: 28387K(29568K)->28387K(29568K) NonClass: 23110K(23680K)->23110K(23680K) Class: 5277K(5888K)->5277K(5888K)
[47.770s][info][gc          ] GC(102) Pause Full (System.gc()) 776M->776M(6144M) 446.102ms
[48.144s][info][gc,metaspace] GC(103) Metaspace: 28387K(29568K)->28387K(29568K) NonClass: 23110K(23680K)->23110K(23680K) Class: 5277K(5888K)->5277K(5888K)
[48.144s][info][gc          ] GC(103) Pause Full (System.gc()) 776M->776M(6144M) 373.225ms
[48.515s][info][gc,metaspace] GC(104) Metaspace: 28387K(29568K)->28387K(29568K) NonClass: 23110K(23680K)->23110K(23680K) Class: 5277K(5888K)->5277K(5888K)
[48.515s][info][gc          ] GC(104) Pause Full (System.gc()) 776M->776M(6144M) 371.320ms
[48.898s][info][gc,metaspace] GC(105) Metaspace: 28387K(29568K)->28387K(29568K) NonClass: 23110K(23680K)->23110K(23680K) Class: 5277K(5888K)->5277K(5888K)
[48.898s][info][gc          ] GC(105) Pause Full (System.gc()) 776M->776M(6144M) 383.305ms
[49.278s][info][gc,metaspace] GC(106) Metaspace: 28387K(29568K)->28387K(29568K) NonClass: 23110K(23680K)->23110K(23680K) Class: 5277K(5888K)->5277K(5888K)
[49.278s][info][gc          ] GC(106) Pause Full (System.gc()) 776M->776M(6144M) 379.583ms
[49.710s][info][gc,metaspace] GC(107) Metaspace: 28387K(29568K)->28387K(29568K) NonClass: 23110K(23680K)->23110K(23680K) Class: 5277K(5888K)->5277K(5888K)
[49.710s][info][gc          ] GC(107) Pause Full (System.gc()) 776M->776M(6144M) 431.970ms
[50.098s][info][gc,metaspace] GC(108) Metaspace: 28387K(29568K)->28387K(29568K) NonClass: 23110K(23680K)->23110K(23680K) Class: 5277K(5888K)->5277K(5888K)
[50.098s][info][gc          ] GC(108) Pause Full (System.gc()) 776M->776M(6144M) 388.057ms
[50.475s][info][gc,metaspace] GC(109) Metaspace: 28387K(29568K)->28387K(29568K) NonClass: 23110K(23680K)->23110K(23680K) Class: 5277K(5888K)->5277K(5888K)
[50.475s][info][gc          ] GC(109) Pause Full (System.gc()) 776M->776M(6144M) 376.971ms
[50.894s][info][gc,metaspace] GC(110) Metaspace: 28387K(29568K)->28387K(29568K) NonClass: 23110K(23680K)->23110K(23680K) Class: 5277K(5888K)->5277K(5888K)
[50.894s][info][gc          ] GC(110) Pause Full (System.gc()) 776M->776M(6144M) 418.685ms
After GCs... 
