Done; will start GCs... 
[11.839s][info][gc,metaspace] GC(11) Metaspace: 28405K(29568K)->28405K(29568K) NonClass: 23127K(23680K)->23127K(23680K) Class: 5277K(5888K)->5277K(5888K)
[11.839s][info][gc          ] GC(11) Pause Full (System.gc()) 815M->776M(6144M) 551.431ms
[12.325s][info][gc,metaspace] GC(12) Metaspace: 28405K(29568K)->28405K(29568K) NonClass: 23127K(23680K)->23127K(23680K) Class: 5277K(5888K)->5277K(5888K)
[12.325s][info][gc          ] GC(12) Pause Full (System.gc()) 776M->776M(6144M) 485.919ms
[12.834s][info][gc,metaspace] GC(13) Metaspace: 28405K(29568K)->28405K(29568K) NonClass: 23128K(23680K)->23128K(23680K) Class: 5277K(5888K)->5277K(5888K)
[12.834s][info][gc          ] GC(13) Pause Full (System.gc()) 776M->776M(6144M) 508.596ms
[13.316s][info][gc,metaspace] GC(14) Metaspace: 28405K(29568K)->28405K(29568K) NonClass: 23128K(23680K)->23128K(23680K) Class: 5277K(5888K)->5277K(5888K)
[13.316s][info][gc          ] GC(14) Pause Full (System.gc()) 776M->776M(6144M) 482.408ms
[13.801s][info][gc,metaspace] GC(15) Metaspace: 28405K(29568K)->28405K(29568K) NonClass: 23128K(23680K)->23128K(23680K) Class: 5277K(5888K)->5277K(5888K)
[13.801s][info][gc          ] GC(15) Pause Full (System.gc()) 776M->776M(6144M) 484.663ms
[14.276s][info][gc,metaspace] GC(16) Metaspace: 28405K(29568K)->28405K(29568K) NonClass: 23128K(23680K)->23128K(23680K) Class: 5277K(5888K)->5277K(5888K)
[14.276s][info][gc          ] GC(16) Pause Full (System.gc()) 776M->776M(6144M) 475.190ms
[14.716s][info][gc,metaspace] GC(17) Metaspace: 28405K(29568K)->28405K(29568K) NonClass: 23128K(23680K)->23128K(23680K) Class: 5277K(5888K)->5277K(5888K)
[14.716s][info][gc          ] GC(17) Pause Full (System.gc()) 776M->776M(6144M) 439.526ms
[15.191s][info][gc,metaspace] GC(18) Metaspace: 28405K(29568K)->28405K(29568K) NonClass: 23128K(23680K)->23128K(23680K) Class: 5277K(5888K)->5277K(5888K)
[15.191s][info][gc          ] GC(18) Pause Full (System.gc()) 776M->776M(6144M) 474.169ms
[15.649s][info][gc,metaspace] GC(19) Metaspace: 28405K(29568K)->28405K(29568K) NonClass: 23128K(23680K)->23128K(23680K) Class: 5277K(5888K)->5277K(5888K)
[15.649s][info][gc          ] GC(19) Pause Full (System.gc()) 776M->776M(6144M) 457.767ms
[16.138s][info][gc,metaspace] GC(20) Metaspace: 28405K(29568K)->28405K(29568K) NonClass: 23128K(23680K)->23128K(23680K) Class: 5277K(5888K)->5277K(5888K)
[16.138s][info][gc          ] GC(20) Pause Full (System.gc()) 776M->776M(6144M) 489.301ms
[16.653s][info][gc,metaspace] GC(21) Metaspace: 28405K(29568K)->28405K(29568K) NonClass: 23128K(23680K)->23128K(23680K) Class: 5277K(5888K)->5277K(5888K)
[16.653s][info][gc          ] GC(21) Pause Full (System.gc()) 776M->776M(6144M) 515.188ms
[17.167s][info][gc,metaspace] GC(22) Metaspace: 28405K(29568K)->28405K(29568K) NonClass: 23128K(23680K)->23128K(23680K) Class: 5277K(5888K)->5277K(5888K)
[17.167s][info][gc          ] GC(22) Pause Full (System.gc()) 776M->776M(6144M) 508.985ms
[17.641s][info][gc,metaspace] GC(23) Metaspace: 28405K(29568K)->28405K(29568K) NonClass: 23128K(23680K)->23128K(23680K) Class: 5277K(5888K)->5277K(5888K)
[17.641s][info][gc          ] GC(23) Pause Full (System.gc()) 776M->776M(6144M) 474.628ms
[18.211s][info][gc,metaspace] GC(24) Metaspace: 28405K(29568K)->28405K(29568K) NonClass: 23128K(23680K)->23128K(23680K) Class: 5277K(5888K)->5277K(5888K)
[18.212s][info][gc          ] GC(24) Pause Full (System.gc()) 776M->776M(6144M) 569.933ms
[18.707s][info][gc,metaspace] GC(25) Metaspace: 28405K(29568K)->28405K(29568K) NonClass: 23128K(23680K)->23128K(23680K) Class: 5277K(5888K)->5277K(5888K)
[18.707s][info][gc          ] GC(25) Pause Full (System.gc()) 776M->776M(6144M) 495.733ms
[19.175s][info][gc,metaspace] GC(26) Metaspace: 28405K(29568K)->28405K(29568K) NonClass: 23128K(23680K)->23128K(23680K) Class: 5277K(5888K)->5277K(5888K)
[19.175s][info][gc          ] GC(26) Pause Full (System.gc()) 776M->776M(6144M) 467.836ms
[19.621s][info][gc,metaspace] GC(27) Metaspace: 28405K(29568K)->28405K(29568K) NonClass: 23128K(23680K)->23128K(23680K) Class: 5277K(5888K)->5277K(5888K)
[19.621s][info][gc          ] GC(27) Pause Full (System.gc()) 776M->776M(6144M) 445.246ms
[20.090s][info][gc,metaspace] GC(28) Metaspace: 28405K(29568K)->28405K(29568K) NonClass: 23128K(23680K)->23128K(23680K) Class: 5277K(5888K)->5277K(5888K)
[20.090s][info][gc          ] GC(28) Pause Full (System.gc()) 776M->776M(6144M) 469.661ms
[20.543s][info][gc,metaspace] GC(29) Metaspace: 28405K(29568K)->28405K(29568K) NonClass: 23128K(23680K)->23128K(23680K) Class: 5277K(5888K)->5277K(5888K)
[20.543s][info][gc          ] GC(29) Pause Full (System.gc()) 776M->776M(6144M) 452.416ms
[20.993s][info][gc,metaspace] GC(30) Metaspace: 28405K(29568K)->28405K(29568K) NonClass: 23128K(23680K)->23128K(23680K) Class: 5277K(5888K)->5277K(5888K)
[20.993s][info][gc          ] GC(30) Pause Full (System.gc()) 776M->776M(6144M) 450.225ms
[21.457s][info][gc,metaspace] GC(31) Metaspace: 28405K(29568K)->28405K(29568K) NonClass: 23128K(23680K)->23128K(23680K) Class: 5277K(5888K)->5277K(5888K)
[21.457s][info][gc          ] GC(31) Pause Full (System.gc()) 776M->776M(6144M) 464.081ms
[21.900s][info][gc,metaspace] GC(32) Metaspace: 28405K(29568K)->28405K(29568K) NonClass: 23128K(23680K)->23128K(23680K) Class: 5277K(5888K)->5277K(5888K)
[21.900s][info][gc          ] GC(32) Pause Full (System.gc()) 776M->776M(6144M) 442.735ms
[22.403s][info][gc,metaspace] GC(33) Metaspace: 28405K(29568K)->28405K(29568K) NonClass: 23128K(23680K)->23128K(23680K) Class: 5277K(5888K)->5277K(5888K)
[22.403s][info][gc          ] GC(33) Pause Full (System.gc()) 776M->776M(6144M) 498.790ms
[22.848s][info][gc,metaspace] GC(34) Metaspace: 28405K(29568K)->28405K(29568K) NonClass: 23128K(23680K)->23128K(23680K) Class: 5277K(5888K)->5277K(5888K)
[22.848s][info][gc          ] GC(34) Pause Full (System.gc()) 776M->776M(6144M) 444.540ms
[23.316s][info][gc,metaspace] GC(35) Metaspace: 28405K(29568K)->28405K(29568K) NonClass: 23128K(23680K)->23128K(23680K) Class: 5277K(5888K)->5277K(5888K)
[23.316s][info][gc          ] GC(35) Pause Full (System.gc()) 776M->776M(6144M) 468.329ms
[23.759s][info][gc,metaspace] GC(36) Metaspace: 28405K(29568K)->28405K(29568K) NonClass: 23128K(23680K)->23128K(23680K) Class: 5277K(5888K)->5277K(5888K)
[23.759s][info][gc          ] GC(36) Pause Full (System.gc()) 776M->776M(6144M) 442.752ms
[24.238s][info][gc,metaspace] GC(37) Metaspace: 28405K(29568K)->28405K(29568K) NonClass: 23128K(23680K)->23128K(23680K) Class: 5277K(5888K)->5277K(5888K)
[24.238s][info][gc          ] GC(37) Pause Full (System.gc()) 776M->776M(6144M) 478.261ms
[24.711s][info][gc,metaspace] GC(38) Metaspace: 28405K(29568K)->28405K(29568K) NonClass: 23128K(23680K)->23128K(23680K) Class: 5277K(5888K)->5277K(5888K)
[24.711s][info][gc          ] GC(38) Pause Full (System.gc()) 776M->776M(6144M) 473.745ms
[25.201s][info][gc,metaspace] GC(39) Metaspace: 28405K(29568K)->28405K(29568K) NonClass: 23128K(23680K)->23128K(23680K) Class: 5277K(5888K)->5277K(5888K)
[25.201s][info][gc          ] GC(39) Pause Full (System.gc()) 776M->776M(6144M) 489.225ms
[25.648s][info][gc,metaspace] GC(40) Metaspace: 28405K(29568K)->28405K(29568K) NonClass: 23128K(23680K)->23128K(23680K) Class: 5277K(5888K)->5277K(5888K)
[25.648s][info][gc          ] GC(40) Pause Full (System.gc()) 776M->776M(6144M) 446.768ms
[26.118s][info][gc,metaspace] GC(41) Metaspace: 28405K(29568K)->28405K(29568K) NonClass: 23128K(23680K)->23128K(23680K) Class: 5277K(5888K)->5277K(5888K)
[26.118s][info][gc          ] GC(41) Pause Full (System.gc()) 776M->776M(6144M) 470.430ms
[26.587s][info][gc,metaspace] GC(42) Metaspace: 28405K(29568K)->28405K(29568K) NonClass: 23128K(23680K)->23128K(23680K) Class: 5277K(5888K)->5277K(5888K)
[26.587s][info][gc          ] GC(42) Pause Full (System.gc()) 776M->776M(6144M) 468.956ms
[27.069s][info][gc,metaspace] GC(43) Metaspace: 28405K(29568K)->28405K(29568K) NonClass: 23128K(23680K)->23128K(23680K) Class: 5277K(5888K)->5277K(5888K)
[27.069s][info][gc          ] GC(43) Pause Full (System.gc()) 776M->776M(6144M) 481.704ms
[27.543s][info][gc,metaspace] GC(44) Metaspace: 28405K(29568K)->28405K(29568K) NonClass: 23128K(23680K)->23128K(23680K) Class: 5277K(5888K)->5277K(5888K)
[27.544s][info][gc          ] GC(44) Pause Full (System.gc()) 776M->776M(6144M) 474.512ms
[28.046s][info][gc,metaspace] GC(45) Metaspace: 28405K(29568K)->28405K(29568K) NonClass: 23128K(23680K)->23128K(23680K) Class: 5277K(5888K)->5277K(5888K)
[28.046s][info][gc          ] GC(45) Pause Full (System.gc()) 776M->776M(6144M) 502.483ms
[28.551s][info][gc,metaspace] GC(46) Metaspace: 28405K(29568K)->28405K(29568K) NonClass: 23128K(23680K)->23128K(23680K) Class: 5277K(5888K)->5277K(5888K)
[28.551s][info][gc          ] GC(46) Pause Full (System.gc()) 776M->776M(6144M) 504.772ms
[29.050s][info][gc,metaspace] GC(47) Metaspace: 28405K(29568K)->28405K(29568K) NonClass: 23128K(23680K)->23128K(23680K) Class: 5277K(5888K)->5277K(5888K)
[29.050s][info][gc          ] GC(47) Pause Full (System.gc()) 776M->776M(6144M) 498.852ms
[29.532s][info][gc,metaspace] GC(48) Metaspace: 28405K(29568K)->28405K(29568K) NonClass: 23128K(23680K)->23128K(23680K) Class: 5277K(5888K)->5277K(5888K)
[29.532s][info][gc          ] GC(48) Pause Full (System.gc()) 776M->776M(6144M) 482.158ms
[30.033s][info][gc,metaspace] GC(49) Metaspace: 28405K(29568K)->28405K(29568K) NonClass: 23128K(23680K)->23128K(23680K) Class: 5277K(5888K)->5277K(5888K)
[30.033s][info][gc          ] GC(49) Pause Full (System.gc()) 776M->776M(6144M) 500.406ms
[30.469s][info][gc,metaspace] GC(50) Metaspace: 28405K(29568K)->28405K(29568K) NonClass: 23128K(23680K)->23128K(23680K) Class: 5277K(5888K)->5277K(5888K)
[30.469s][info][gc          ] GC(50) Pause Full (System.gc()) 776M->776M(6144M) 436.813ms
[30.937s][info][gc,metaspace] GC(51) Metaspace: 28405K(29568K)->28405K(29568K) NonClass: 23128K(23680K)->23128K(23680K) Class: 5277K(5888K)->5277K(5888K)
[30.937s][info][gc          ] GC(51) Pause Full (System.gc()) 776M->776M(6144M) 467.732ms
[31.414s][info][gc,metaspace] GC(52) Metaspace: 28405K(29568K)->28405K(29568K) NonClass: 23128K(23680K)->23128K(23680K) Class: 5277K(5888K)->5277K(5888K)
[31.415s][info][gc          ] GC(52) Pause Full (System.gc()) 776M->776M(6144M) 477.183ms
[31.883s][info][gc,metaspace] GC(53) Metaspace: 28405K(29568K)->28405K(29568K) NonClass: 23128K(23680K)->23128K(23680K) Class: 5277K(5888K)->5277K(5888K)
[31.883s][info][gc          ] GC(53) Pause Full (System.gc()) 776M->776M(6144M) 468.761ms
[32.347s][info][gc,metaspace] GC(54) Metaspace: 28405K(29568K)->28405K(29568K) NonClass: 23128K(23680K)->23128K(23680K) Class: 5277K(5888K)->5277K(5888K)
[32.347s][info][gc          ] GC(54) Pause Full (System.gc()) 776M->776M(6144M) 463.458ms
[32.853s][info][gc,metaspace] GC(55) Metaspace: 28405K(29568K)->28405K(29568K) NonClass: 23128K(23680K)->23128K(23680K) Class: 5277K(5888K)->5277K(5888K)
[32.853s][info][gc          ] GC(55) Pause Full (System.gc()) 776M->776M(6144M) 501.538ms
[33.363s][info][gc,metaspace] GC(56) Metaspace: 28405K(29568K)->28405K(29568K) NonClass: 23128K(23680K)->23128K(23680K) Class: 5277K(5888K)->5277K(5888K)
[33.363s][info][gc          ] GC(56) Pause Full (System.gc()) 776M->776M(6144M) 509.831ms
[33.849s][info][gc,metaspace] GC(57) Metaspace: 28405K(29568K)->28405K(29568K) NonClass: 23128K(23680K)->23128K(23680K) Class: 5277K(5888K)->5277K(5888K)
[33.850s][info][gc          ] GC(57) Pause Full (System.gc()) 776M->776M(6144M) 486.733ms
[34.335s][info][gc,metaspace] GC(58) Metaspace: 28405K(29568K)->28405K(29568K) NonClass: 23128K(23680K)->23128K(23680K) Class: 5277K(5888K)->5277K(5888K)
[34.335s][info][gc          ] GC(58) Pause Full (System.gc()) 776M->776M(6144M) 485.008ms
[34.824s][info][gc,metaspace] GC(59) Metaspace: 28405K(29568K)->28405K(29568K) NonClass: 23128K(23680K)->23128K(23680K) Class: 5277K(5888K)->5277K(5888K)
[34.824s][info][gc          ] GC(59) Pause Full (System.gc()) 776M->776M(6144M) 489.250ms
[35.317s][info][gc,metaspace] GC(60) Metaspace: 28405K(29568K)->28405K(29568K) NonClass: 23128K(23680K)->23128K(23680K) Class: 5277K(5888K)->5277K(5888K)
[35.317s][info][gc          ] GC(60) Pause Full (System.gc()) 776M->776M(6144M) 492.985ms
[35.791s][info][gc,metaspace] GC(61) Metaspace: 28405K(29568K)->28405K(29568K) NonClass: 23128K(23680K)->23128K(23680K) Class: 5277K(5888K)->5277K(5888K)
[35.791s][info][gc          ] GC(61) Pause Full (System.gc()) 776M->776M(6144M) 474.181ms
[36.296s][info][gc,metaspace] GC(62) Metaspace: 28405K(29568K)->28405K(29568K) NonClass: 23128K(23680K)->23128K(23680K) Class: 5277K(5888K)->5277K(5888K)
[36.297s][info][gc          ] GC(62) Pause Full (System.gc()) 776M->776M(6144M) 505.239ms
[36.786s][info][gc,metaspace] GC(63) Metaspace: 28405K(29568K)->28405K(29568K) NonClass: 23128K(23680K)->23128K(23680K) Class: 5277K(5888K)->5277K(5888K)
[36.786s][info][gc          ] GC(63) Pause Full (System.gc()) 776M->776M(6144M) 489.122ms
[37.261s][info][gc,metaspace] GC(64) Metaspace: 28405K(29568K)->28405K(29568K) NonClass: 23128K(23680K)->23128K(23680K) Class: 5277K(5888K)->5277K(5888K)
[37.261s][info][gc          ] GC(64) Pause Full (System.gc()) 776M->776M(6144M) 475.129ms
[37.713s][info][gc,metaspace] GC(65) Metaspace: 28405K(29568K)->28405K(29568K) NonClass: 23128K(23680K)->23128K(23680K) Class: 5277K(5888K)->5277K(5888K)
[37.713s][info][gc          ] GC(65) Pause Full (System.gc()) 776M->776M(6144M) 451.601ms
[38.213s][info][gc,metaspace] GC(66) Metaspace: 28405K(29568K)->28405K(29568K) NonClass: 23128K(23680K)->23128K(23680K) Class: 5277K(5888K)->5277K(5888K)
[38.214s][info][gc          ] GC(66) Pause Full (System.gc()) 776M->776M(6144M) 496.547ms
[38.675s][info][gc,metaspace] GC(67) Metaspace: 28405K(29568K)->28405K(29568K) NonClass: 23128K(23680K)->23128K(23680K) Class: 5277K(5888K)->5277K(5888K)
[38.676s][info][gc          ] GC(67) Pause Full (System.gc()) 776M->776M(6144M) 461.943ms
[39.168s][info][gc,metaspace] GC(68) Metaspace: 28405K(29568K)->28405K(29568K) NonClass: 23128K(23680K)->23128K(23680K) Class: 5277K(5888K)->5277K(5888K)
[39.168s][info][gc          ] GC(68) Pause Full (System.gc()) 776M->776M(6144M) 492.308ms
[39.655s][info][gc,metaspace] GC(69) Metaspace: 28405K(29568K)->28405K(29568K) NonClass: 23128K(23680K)->23128K(23680K) Class: 5277K(5888K)->5277K(5888K)
[39.655s][info][gc          ] GC(69) Pause Full (System.gc()) 776M->776M(6144M) 487.247ms
[40.167s][info][gc,metaspace] GC(70) Metaspace: 28405K(29568K)->28405K(29568K) NonClass: 23128K(23680K)->23128K(23680K) Class: 5277K(5888K)->5277K(5888K)
[40.167s][info][gc          ] GC(70) Pause Full (System.gc()) 776M->776M(6144M) 512.118ms
[40.637s][info][gc,metaspace] GC(71) Metaspace: 28405K(29568K)->28405K(29568K) NonClass: 23128K(23680K)->23128K(23680K) Class: 5277K(5888K)->5277K(5888K)
[40.637s][info][gc          ] GC(71) Pause Full (System.gc()) 776M->776M(6144M) 469.463ms
[41.097s][info][gc,metaspace] GC(72) Metaspace: 28405K(29568K)->28405K(29568K) NonClass: 23128K(23680K)->23128K(23680K) Class: 5277K(5888K)->5277K(5888K)
[41.097s][info][gc          ] GC(72) Pause Full (System.gc()) 776M->776M(6144M) 460.234ms
[41.552s][info][gc,metaspace] GC(73) Metaspace: 28405K(29568K)->28405K(29568K) NonClass: 23128K(23680K)->23128K(23680K) Class: 5277K(5888K)->5277K(5888K)
[41.552s][info][gc          ] GC(73) Pause Full (System.gc()) 776M->776M(6144M) 455.052ms
[41.997s][info][gc,metaspace] GC(74) Metaspace: 28405K(29568K)->28405K(29568K) NonClass: 23128K(23680K)->23128K(23680K) Class: 5277K(5888K)->5277K(5888K)
[41.997s][info][gc          ] GC(74) Pause Full (System.gc()) 776M->776M(6144M) 444.587ms
[42.442s][info][gc,metaspace] GC(75) Metaspace: 28405K(29568K)->28405K(29568K) NonClass: 23128K(23680K)->23128K(23680K) Class: 5277K(5888K)->5277K(5888K)
[42.442s][info][gc          ] GC(75) Pause Full (System.gc()) 776M->776M(6144M) 445.227ms
[42.903s][info][gc,metaspace] GC(76) Metaspace: 28405K(29568K)->28405K(29568K) NonClass: 23128K(23680K)->23128K(23680K) Class: 5277K(5888K)->5277K(5888K)
[42.903s][info][gc          ] GC(76) Pause Full (System.gc()) 776M->776M(6144M) 460.389ms
[43.416s][info][gc,metaspace] GC(77) Metaspace: 28405K(29568K)->28405K(29568K) NonClass: 23128K(23680K)->23128K(23680K) Class: 5277K(5888K)->5277K(5888K)
[43.416s][info][gc          ] GC(77) Pause Full (System.gc()) 776M->776M(6144M) 513.107ms
[43.902s][info][gc,metaspace] GC(78) Metaspace: 28405K(29568K)->28405K(29568K) NonClass: 23128K(23680K)->23128K(23680K) Class: 5277K(5888K)->5277K(5888K)
[43.902s][info][gc          ] GC(78) Pause Full (System.gc()) 776M->776M(6144M) 485.685ms
[44.366s][info][gc,metaspace] GC(79) Metaspace: 28405K(29568K)->28405K(29568K) NonClass: 23128K(23680K)->23128K(23680K) Class: 5277K(5888K)->5277K(5888K)
[44.366s][info][gc          ] GC(79) Pause Full (System.gc()) 776M->776M(6144M) 464.500ms
[44.820s][info][gc,metaspace] GC(80) Metaspace: 28405K(29568K)->28405K(29568K) NonClass: 23128K(23680K)->23128K(23680K) Class: 5277K(5888K)->5277K(5888K)
[44.820s][info][gc          ] GC(80) Pause Full (System.gc()) 776M->776M(6144M) 453.763ms
[45.286s][info][gc,metaspace] GC(81) Metaspace: 28405K(29568K)->28405K(29568K) NonClass: 23128K(23680K)->23128K(23680K) Class: 5277K(5888K)->5277K(5888K)
[45.286s][info][gc          ] GC(81) Pause Full (System.gc()) 776M->776M(6144M) 465.615ms
[45.747s][info][gc,metaspace] GC(82) Metaspace: 28405K(29568K)->28405K(29568K) NonClass: 23128K(23680K)->23128K(23680K) Class: 5277K(5888K)->5277K(5888K)
[45.747s][info][gc          ] GC(82) Pause Full (System.gc()) 776M->776M(6144M) 460.688ms
[46.238s][info][gc,metaspace] GC(83) Metaspace: 28405K(29568K)->28405K(29568K) NonClass: 23128K(23680K)->23128K(23680K) Class: 5277K(5888K)->5277K(5888K)
[46.238s][info][gc          ] GC(83) Pause Full (System.gc()) 776M->776M(6144M) 491.492ms
[46.696s][info][gc,metaspace] GC(84) Metaspace: 28405K(29568K)->28405K(29568K) NonClass: 23128K(23680K)->23128K(23680K) Class: 5277K(5888K)->5277K(5888K)
[46.696s][info][gc          ] GC(84) Pause Full (System.gc()) 776M->776M(6144M) 457.735ms
[47.163s][info][gc,metaspace] GC(85) Metaspace: 28405K(29568K)->28405K(29568K) NonClass: 23128K(23680K)->23128K(23680K) Class: 5277K(5888K)->5277K(5888K)
[47.163s][info][gc          ] GC(85) Pause Full (System.gc()) 776M->776M(6144M) 467.226ms
[47.621s][info][gc,metaspace] GC(86) Metaspace: 28405K(29568K)->28405K(29568K) NonClass: 23128K(23680K)->23128K(23680K) Class: 5277K(5888K)->5277K(5888K)
[47.621s][info][gc          ] GC(86) Pause Full (System.gc()) 776M->776M(6144M) 457.521ms
[48.081s][info][gc,metaspace] GC(87) Metaspace: 28405K(29568K)->28405K(29568K) NonClass: 23128K(23680K)->23128K(23680K) Class: 5277K(5888K)->5277K(5888K)
[48.081s][info][gc          ] GC(87) Pause Full (System.gc()) 776M->776M(6144M) 459.886ms
[48.600s][info][gc,metaspace] GC(88) Metaspace: 28405K(29568K)->28405K(29568K) NonClass: 23128K(23680K)->23128K(23680K) Class: 5277K(5888K)->5277K(5888K)
[48.600s][info][gc          ] GC(88) Pause Full (System.gc()) 776M->776M(6144M) 514.262ms
[49.062s][info][gc,metaspace] GC(89) Metaspace: 28405K(29568K)->28405K(29568K) NonClass: 23128K(23680K)->23128K(23680K) Class: 5277K(5888K)->5277K(5888K)
[49.063s][info][gc          ] GC(89) Pause Full (System.gc()) 776M->776M(6144M) 462.892ms
[49.540s][info][gc,metaspace] GC(90) Metaspace: 28405K(29568K)->28405K(29568K) NonClass: 23128K(23680K)->23128K(23680K) Class: 5277K(5888K)->5277K(5888K)
[49.540s][info][gc          ] GC(90) Pause Full (System.gc()) 776M->776M(6144M) 477.083ms
[49.990s][info][gc,metaspace] GC(91) Metaspace: 28405K(29568K)->28405K(29568K) NonClass: 23128K(23680K)->23128K(23680K) Class: 5277K(5888K)->5277K(5888K)
[49.990s][info][gc          ] GC(91) Pause Full (System.gc()) 776M->776M(6144M) 450.314ms
[50.447s][info][gc,metaspace] GC(92) Metaspace: 28405K(29568K)->28405K(29568K) NonClass: 23128K(23680K)->23128K(23680K) Class: 5277K(5888K)->5277K(5888K)
[50.447s][info][gc          ] GC(92) Pause Full (System.gc()) 776M->776M(6144M) 456.850ms
[50.960s][info][gc,metaspace] GC(93) Metaspace: 28405K(29568K)->28405K(29568K) NonClass: 23128K(23680K)->23128K(23680K) Class: 5277K(5888K)->5277K(5888K)
[50.960s][info][gc          ] GC(93) Pause Full (System.gc()) 776M->776M(6144M) 512.785ms
[51.457s][info][gc,metaspace] GC(94) Metaspace: 28405K(29568K)->28405K(29568K) NonClass: 23128K(23680K)->23128K(23680K) Class: 5277K(5888K)->5277K(5888K)
[51.457s][info][gc          ] GC(94) Pause Full (System.gc()) 776M->776M(6144M) 496.804ms
[51.945s][info][gc,metaspace] GC(95) Metaspace: 28405K(29568K)->28405K(29568K) NonClass: 23128K(23680K)->23128K(23680K) Class: 5277K(5888K)->5277K(5888K)
[51.945s][info][gc          ] GC(95) Pause Full (System.gc()) 776M->776M(6144M) 488.350ms
[52.407s][info][gc,metaspace] GC(96) Metaspace: 28405K(29568K)->28405K(29568K) NonClass: 23128K(23680K)->23128K(23680K) Class: 5277K(5888K)->5277K(5888K)
[52.407s][info][gc          ] GC(96) Pause Full (System.gc()) 776M->776M(6144M) 462.086ms
[52.894s][info][gc,metaspace] GC(97) Metaspace: 28405K(29568K)->28405K(29568K) NonClass: 23128K(23680K)->23128K(23680K) Class: 5277K(5888K)->5277K(5888K)
[52.894s][info][gc          ] GC(97) Pause Full (System.gc()) 776M->776M(6144M) 486.894ms
[53.352s][info][gc,metaspace] GC(98) Metaspace: 28405K(29568K)->28405K(29568K) NonClass: 23128K(23680K)->23128K(23680K) Class: 5277K(5888K)->5277K(5888K)
[53.352s][info][gc          ] GC(98) Pause Full (System.gc()) 776M->776M(6144M) 457.279ms
[53.814s][info][gc,metaspace] GC(99) Metaspace: 28405K(29568K)->28405K(29568K) NonClass: 23128K(23680K)->23128K(23680K) Class: 5277K(5888K)->5277K(5888K)
[53.814s][info][gc          ] GC(99) Pause Full (System.gc()) 776M->776M(6144M) 462.096ms
[54.279s][info][gc,metaspace] GC(100) Metaspace: 28405K(29568K)->28405K(29568K) NonClass: 23128K(23680K)->23128K(23680K) Class: 5277K(5888K)->5277K(5888K)
[54.279s][info][gc          ] GC(100) Pause Full (System.gc()) 776M->776M(6144M) 465.224ms
[54.747s][info][gc,metaspace] GC(101) Metaspace: 28405K(29568K)->28405K(29568K) NonClass: 23128K(23680K)->23128K(23680K) Class: 5277K(5888K)->5277K(5888K)
[54.747s][info][gc          ] GC(101) Pause Full (System.gc()) 776M->776M(6144M) 467.375ms
[55.231s][info][gc,metaspace] GC(102) Metaspace: 28405K(29568K)->28405K(29568K) NonClass: 23128K(23680K)->23128K(23680K) Class: 5277K(5888K)->5277K(5888K)
[55.231s][info][gc          ] GC(102) Pause Full (System.gc()) 776M->776M(6144M) 484.543ms
[55.689s][info][gc,metaspace] GC(103) Metaspace: 28405K(29568K)->28405K(29568K) NonClass: 23128K(23680K)->23128K(23680K) Class: 5277K(5888K)->5277K(5888K)
[55.689s][info][gc          ] GC(103) Pause Full (System.gc()) 776M->776M(6144M) 457.496ms
[56.180s][info][gc,metaspace] GC(104) Metaspace: 28405K(29568K)->28405K(29568K) NonClass: 23128K(23680K)->23128K(23680K) Class: 5277K(5888K)->5277K(5888K)
[56.180s][info][gc          ] GC(104) Pause Full (System.gc()) 776M->776M(6144M) 491.078ms
[56.634s][info][gc,metaspace] GC(105) Metaspace: 28405K(29568K)->28405K(29568K) NonClass: 23128K(23680K)->23128K(23680K) Class: 5277K(5888K)->5277K(5888K)
[56.634s][info][gc          ] GC(105) Pause Full (System.gc()) 776M->776M(6144M) 454.107ms
[57.144s][info][gc,metaspace] GC(106) Metaspace: 28405K(29568K)->28405K(29568K) NonClass: 23128K(23680K)->23128K(23680K) Class: 5277K(5888K)->5277K(5888K)
[57.144s][info][gc          ] GC(106) Pause Full (System.gc()) 776M->776M(6144M) 509.887ms
[57.594s][info][gc,metaspace] GC(107) Metaspace: 28405K(29568K)->28405K(29568K) NonClass: 23128K(23680K)->23128K(23680K) Class: 5277K(5888K)->5277K(5888K)
[57.594s][info][gc          ] GC(107) Pause Full (System.gc()) 776M->776M(6144M) 450.052ms
[58.052s][info][gc,metaspace] GC(108) Metaspace: 28405K(29568K)->28405K(29568K) NonClass: 23128K(23680K)->23128K(23680K) Class: 5277K(5888K)->5277K(5888K)
[58.053s][info][gc          ] GC(108) Pause Full (System.gc()) 776M->776M(6144M) 458.225ms
[58.516s][info][gc,metaspace] GC(109) Metaspace: 28405K(29568K)->28405K(29568K) NonClass: 23128K(23680K)->23128K(23680K) Class: 5277K(5888K)->5277K(5888K)
[58.516s][info][gc          ] GC(109) Pause Full (System.gc()) 776M->776M(6144M) 463.484ms
[59.012s][info][gc,metaspace] GC(110) Metaspace: 28405K(29568K)->28405K(29568K) NonClass: 23128K(23680K)->23128K(23680K) Class: 5277K(5888K)->5277K(5888K)
[59.012s][info][gc          ] GC(110) Pause Full (System.gc()) 776M->776M(6144M) 491.759ms
After GCs... 
