Done; will start GCs... 
[25.054s][info   ][gc,metaspace] GC(12) Metaspace: 11537K(11904K)->11537K(11904K) NonClass: 9660K(9856K)->9660K(9856K) Class: 1876K(2048K)->1876K(2048K)
[25.054s][info   ][gc          ] GC(12) Pause Full (System.gc()) 1604M->1571M(5939M) 4296.537ms
[28.243s][info   ][gc,metaspace] GC(13) Metaspace: 11537K(11904K)->11537K(11904K) NonClass: 9660K(9856K)->9660K(9856K) Class: 1876K(2048K)->1876K(2048K)
[28.243s][info   ][gc          ] GC(13) Pause Full (System.gc()) 1571M->1571M(5939M) 3188.387ms
[31.426s][info   ][gc,metaspace] GC(14) Metaspace: 11537K(11904K)->11537K(11904K) NonClass: 9660K(9856K)->9660K(9856K) Class: 1876K(2048K)->1876K(2048K)
[31.426s][info   ][gc          ] GC(14) Pause Full (System.gc()) 1571M->1571M(5939M) 3183.176ms
[34.615s][info   ][gc,metaspace] GC(15) Metaspace: 11537K(11904K)->11537K(11904K) NonClass: 9660K(9856K)->9660K(9856K) Class: 1876K(2048K)->1876K(2048K)
[34.615s][info   ][gc          ] GC(15) Pause Full (System.gc()) 1571M->1571M(5939M) 3188.259ms
[37.797s][info   ][gc,metaspace] GC(16) Metaspace: 11537K(11904K)->11537K(11904K) NonClass: 9660K(9856K)->9660K(9856K) Class: 1876K(2048K)->1876K(2048K)
[37.797s][info   ][gc          ] GC(16) Pause Full (System.gc()) 1571M->1571M(5939M) 3182.360ms
[41.440s][info   ][gc,metaspace] GC(17) Metaspace: 11537K(11904K)->11537K(11904K) NonClass: 9660K(9856K)->9660K(9856K) Class: 1876K(2048K)->1876K(2048K)
[41.440s][info   ][gc          ] GC(17) Pause Full (System.gc()) 1571M->1571M(5939M) 3643.058ms
[44.625s][info   ][gc,metaspace] GC(18) Metaspace: 11537K(11904K)->11537K(11904K) NonClass: 9660K(9856K)->9660K(9856K) Class: 1876K(2048K)->1876K(2048K)
[44.625s][info   ][gc          ] GC(18) Pause Full (System.gc()) 1571M->1571M(5939M) 3184.004ms
[47.813s][info   ][gc,metaspace] GC(19) Metaspace: 11537K(11904K)->11537K(11904K) NonClass: 9660K(9856K)->9660K(9856K) Class: 1876K(2048K)->1876K(2048K)
[47.814s][info   ][gc          ] GC(19) Pause Full (System.gc()) 1571M->1571M(5939M) 3188.881ms
[51.049s][info   ][gc,metaspace] GC(20) Metaspace: 11537K(11904K)->11537K(11904K) NonClass: 9660K(9856K)->9660K(9856K) Class: 1876K(2048K)->1876K(2048K)
[51.049s][info   ][gc          ] GC(20) Pause Full (System.gc()) 1571M->1571M(5939M) 3235.433ms
[54.239s][info   ][gc,metaspace] GC(21) Metaspace: 11537K(11904K)->11537K(11904K) NonClass: 9660K(9856K)->9660K(9856K) Class: 1876K(2048K)->1876K(2048K)
[54.239s][info   ][gc          ] GC(21) Pause Full (System.gc()) 1571M->1571M(5939M) 3189.295ms
[57.423s][info   ][gc,metaspace] GC(22) Metaspace: 11537K(11904K)->11537K(11904K) NonClass: 9660K(9856K)->9660K(9856K) Class: 1876K(2048K)->1876K(2048K)
[57.423s][info   ][gc          ] GC(22) Pause Full (System.gc()) 1571M->1571M(5939M) 3184.712ms
[60.612s][info   ][gc,metaspace] GC(23) Metaspace: 11537K(11904K)->11537K(11904K) NonClass: 9660K(9856K)->9660K(9856K) Class: 1876K(2048K)->1876K(2048K)
[60.612s][info   ][gc          ] GC(23) Pause Full (System.gc()) 1571M->1571M(5939M) 3188.345ms
[63.796s][info   ][gc,metaspace] GC(24) Metaspace: 11537K(11904K)->11537K(11904K) NonClass: 9660K(9856K)->9660K(9856K) Class: 1876K(2048K)->1876K(2048K)
[63.796s][info   ][gc          ] GC(24) Pause Full (System.gc()) 1571M->1571M(5939M) 3184.075ms
[67.030s][info   ][gc,metaspace] GC(25) Metaspace: 11537K(11904K)->11537K(11904K) NonClass: 9660K(9856K)->9660K(9856K) Class: 1876K(2048K)->1876K(2048K)
[67.030s][info   ][gc          ] GC(25) Pause Full (System.gc()) 1571M->1571M(5939M) 3233.581ms
[70.216s][info   ][gc,metaspace] GC(26) Metaspace: 11537K(11904K)->11537K(11904K) NonClass: 9660K(9856K)->9660K(9856K) Class: 1876K(2048K)->1876K(2048K)
[70.216s][info   ][gc          ] GC(26) Pause Full (System.gc()) 1588M->1571M(5939M) 3186.196ms
[73.401s][info   ][gc,metaspace] GC(27) Metaspace: 11537K(11904K)->11537K(11904K) NonClass: 9660K(9856K)->9660K(9856K) Class: 1876K(2048K)->1876K(2048K)
[73.401s][info   ][gc          ] GC(27) Pause Full (System.gc()) 1571M->1571M(5939M) 3185.145ms
[77.636s][info   ][gc,metaspace] GC(28) Metaspace: 11537K(11904K)->11537K(11904K) NonClass: 9660K(9856K)->9660K(9856K) Class: 1876K(2048K)->1876K(2048K)
[77.636s][info   ][gc          ] GC(28) Pause Full (System.gc()) 1571M->1571M(5939M) 4234.543ms
[80.819s][info   ][gc,metaspace] GC(29) Metaspace: 11537K(11904K)->11537K(11904K) NonClass: 9660K(9856K)->9660K(9856K) Class: 1876K(2048K)->1876K(2048K)
[80.819s][info   ][gc          ] GC(29) Pause Full (System.gc()) 1571M->1571M(5939M) 3182.575ms
[84.058s][info   ][gc,metaspace] GC(30) Metaspace: 11537K(11904K)->11537K(11904K) NonClass: 9660K(9856K)->9660K(9856K) Class: 1876K(2048K)->1876K(2048K)
[84.058s][info   ][gc          ] GC(30) Pause Full (System.gc()) 1571M->1571M(5939M) 3238.850ms
[87.240s][info   ][gc,metaspace] GC(31) Metaspace: 11537K(11904K)->11537K(11904K) NonClass: 9660K(9856K)->9660K(9856K) Class: 1876K(2048K)->1876K(2048K)
[87.240s][info   ][gc          ] GC(31) Pause Full (System.gc()) 1571M->1571M(5939M) 3182.374ms
[90.426s][info   ][gc,metaspace] GC(32) Metaspace: 11537K(11904K)->11537K(11904K) NonClass: 9660K(9856K)->9660K(9856K) Class: 1876K(2048K)->1876K(2048K)
[90.426s][info   ][gc          ] GC(32) Pause Full (System.gc()) 1571M->1571M(5939M) 3185.864ms
[93.613s][info   ][gc,metaspace] GC(33) Metaspace: 11537K(11904K)->11537K(11904K) NonClass: 9660K(9856K)->9660K(9856K) Class: 1876K(2048K)->1876K(2048K)
[93.613s][info   ][gc          ] GC(33) Pause Full (System.gc()) 1571M->1571M(5939M) 3186.028ms
[96.800s][info   ][gc,metaspace] GC(34) Metaspace: 11537K(11904K)->11537K(11904K) NonClass: 9660K(9856K)->9660K(9856K) Class: 1876K(2048K)->1876K(2048K)
[96.800s][info   ][gc          ] GC(34) Pause Full (System.gc()) 1571M->1571M(5939M) 3187.691ms
[100.035s][info   ][gc,metaspace] GC(35) Metaspace: 11537K(11904K)->11537K(11904K) NonClass: 9660K(9856K)->9660K(9856K) Class: 1876K(2048K)->1876K(2048K)
[100.035s][info   ][gc          ] GC(35) Pause Full (System.gc()) 1571M->1571M(5939M) 3234.332ms
[103.220s][info   ][gc,metaspace] GC(36) Metaspace: 11537K(11904K)->11537K(11904K) NonClass: 9660K(9856K)->9660K(9856K) Class: 1876K(2048K)->1876K(2048K)
[103.220s][info   ][gc          ] GC(36) Pause Full (System.gc()) 1571M->1571M(5939M) 3185.263ms
[106.411s][info   ][gc,metaspace] GC(37) Metaspace: 11537K(11904K)->11537K(11904K) NonClass: 9660K(9856K)->9660K(9856K) Class: 1876K(2048K)->1876K(2048K)
[106.411s][info   ][gc          ] GC(37) Pause Full (System.gc()) 1571M->1571M(5939M) 3190.531ms
[109.594s][info   ][gc,metaspace] GC(38) Metaspace: 11537K(11904K)->11537K(11904K) NonClass: 9660K(9856K)->9660K(9856K) Class: 1876K(2048K)->1876K(2048K)
[109.594s][info   ][gc          ] GC(38) Pause Full (System.gc()) 1571M->1571M(5939M) 3183.083ms
[112.782s][info   ][gc,metaspace] GC(39) Metaspace: 11537K(11904K)->11537K(11904K) NonClass: 9660K(9856K)->9660K(9856K) Class: 1876K(2048K)->1876K(2048K)
[112.782s][info   ][gc          ] GC(39) Pause Full (System.gc()) 1571M->1571M(5939M) 3187.240ms
[116.019s][info   ][gc,metaspace] GC(40) Metaspace: 11537K(11904K)->11537K(11904K) NonClass: 9660K(9856K)->9660K(9856K) Class: 1876K(2048K)->1876K(2048K)
[116.019s][info   ][gc          ] GC(40) Pause Full (System.gc()) 1571M->1571M(5939M) 3237.032ms
[119.207s][info   ][gc,metaspace] GC(41) Metaspace: 11537K(11904K)->11537K(11904K) NonClass: 9660K(9856K)->9660K(9856K) Class: 1876K(2048K)->1876K(2048K)
[119.207s][info   ][gc          ] GC(41) Pause Full (System.gc()) 1571M->1571M(5939M) 3187.932ms
[122.390s][info   ][gc,metaspace] GC(42) Metaspace: 11537K(11904K)->11537K(11904K) NonClass: 9660K(9856K)->9660K(9856K) Class: 1876K(2048K)->1876K(2048K)
[122.390s][info   ][gc          ] GC(42) Pause Full (System.gc()) 1571M->1571M(5939M) 3183.372ms
[125.578s][info   ][gc,metaspace] GC(43) Metaspace: 11537K(11904K)->11537K(11904K) NonClass: 9660K(9856K)->9660K(9856K) Class: 1876K(2048K)->1876K(2048K)
[125.578s][info   ][gc          ] GC(43) Pause Full (System.gc()) 1571M->1571M(5939M) 3187.889ms
[128.759s][info   ][gc,metaspace] GC(44) Metaspace: 11537K(11904K)->11537K(11904K) NonClass: 9660K(9856K)->9660K(9856K) Class: 1876K(2048K)->1876K(2048K)
[128.759s][info   ][gc          ] GC(44) Pause Full (System.gc()) 1571M->1571M(5939M) 3180.646ms
[131.998s][info   ][gc,metaspace] GC(45) Metaspace: 11537K(11904K)->11537K(11904K) NonClass: 9660K(9856K)->9660K(9856K) Class: 1876K(2048K)->1876K(2048K)
[131.998s][info   ][gc          ] GC(45) Pause Full (System.gc()) 1571M->1571M(5939M) 3238.639ms
[135.182s][info   ][gc,metaspace] GC(46) Metaspace: 11537K(11904K)->11537K(11904K) NonClass: 9660K(9856K)->9660K(9856K) Class: 1876K(2048K)->1876K(2048K)
[135.182s][info   ][gc          ] GC(46) Pause Full (System.gc()) 1588M->1571M(5939M) 3183.714ms
[138.365s][info   ][gc,metaspace] GC(47) Metaspace: 11537K(11904K)->11537K(11904K) NonClass: 9660K(9856K)->9660K(9856K) Class: 1876K(2048K)->1876K(2048K)
[138.365s][info   ][gc          ] GC(47) Pause Full (System.gc()) 1571M->1571M(5939M) 3182.888ms
[141.556s][info   ][gc,metaspace] GC(48) Metaspace: 11537K(11904K)->11537K(11904K) NonClass: 9660K(9856K)->9660K(9856K) Class: 1876K(2048K)->1876K(2048K)
[141.556s][info   ][gc          ] GC(48) Pause Full (System.gc()) 1571M->1571M(5939M) 3190.727ms
[144.739s][info   ][gc,metaspace] GC(49) Metaspace: 11537K(11904K)->11537K(11904K) NonClass: 9660K(9856K)->9660K(9856K) Class: 1876K(2048K)->1876K(2048K)
[144.739s][info   ][gc          ] GC(49) Pause Full (System.gc()) 1571M->1571M(5939M) 3182.936ms
[147.977s][info   ][gc,metaspace] GC(50) Metaspace: 11537K(11904K)->11537K(11904K) NonClass: 9660K(9856K)->9660K(9856K) Class: 1876K(2048K)->1876K(2048K)
[147.977s][info   ][gc          ] GC(50) Pause Full (System.gc()) 1571M->1571M(5939M) 3237.709ms
[151.174s][info   ][gc,metaspace] GC(51) Metaspace: 11537K(11904K)->11537K(11904K) NonClass: 9660K(9856K)->9660K(9856K) Class: 1876K(2048K)->1876K(2048K)
[151.174s][info   ][gc          ] GC(51) Pause Full (System.gc()) 1571M->1571M(5939M) 3197.286ms
[154.362s][info   ][gc,metaspace] GC(52) Metaspace: 11537K(11904K)->11537K(11904K) NonClass: 9660K(9856K)->9660K(9856K) Class: 1876K(2048K)->1876K(2048K)
[154.362s][info   ][gc          ] GC(52) Pause Full (System.gc()) 1571M->1571M(5939M) 3188.133ms
[157.546s][info   ][gc,metaspace] GC(53) Metaspace: 11537K(11904K)->11537K(11904K) NonClass: 9660K(9856K)->9660K(9856K) Class: 1876K(2048K)->1876K(2048K)
[157.546s][info   ][gc          ] GC(53) Pause Full (System.gc()) 1571M->1571M(5939M) 3183.687ms
[160.734s][info   ][gc,metaspace] GC(54) Metaspace: 11537K(11904K)->11537K(11904K) NonClass: 9660K(9856K)->9660K(9856K) Class: 1876K(2048K)->1876K(2048K)
[160.734s][info   ][gc          ] GC(54) Pause Full (System.gc()) 1571M->1571M(5939M) 3187.690ms
[163.967s][info   ][gc,metaspace] GC(55) Metaspace: 11537K(11904K)->11537K(11904K) NonClass: 9660K(9856K)->9660K(9856K) Class: 1876K(2048K)->1876K(2048K)
[163.968s][info   ][gc          ] GC(55) Pause Full (System.gc()) 1571M->1571M(5939M) 3233.374ms
[167.154s][info   ][gc,metaspace] GC(56) Metaspace: 11537K(11904K)->11537K(11904K) NonClass: 9660K(9856K)->9660K(9856K) Class: 1876K(2048K)->1876K(2048K)
[167.154s][info   ][gc          ] GC(56) Pause Full (System.gc()) 1571M->1571M(5939M) 3186.190ms
[170.339s][info   ][gc,metaspace] GC(57) Metaspace: 11537K(11904K)->11537K(11904K) NonClass: 9660K(9856K)->9660K(9856K) Class: 1876K(2048K)->1876K(2048K)
[170.339s][info   ][gc          ] GC(57) Pause Full (System.gc()) 1571M->1571M(5939M) 3184.681ms
[173.529s][info   ][gc,metaspace] GC(58) Metaspace: 11537K(11904K)->11537K(11904K) NonClass: 9660K(9856K)->9660K(9856K) Class: 1876K(2048K)->1876K(2048K)
[173.529s][info   ][gc          ] GC(58) Pause Full (System.gc()) 1571M->1571M(5939M) 3189.973ms
[176.715s][info   ][gc,metaspace] GC(59) Metaspace: 11537K(11904K)->11537K(11904K) NonClass: 9660K(9856K)->9660K(9856K) Class: 1876K(2048K)->1876K(2048K)
[176.715s][info   ][gc          ] GC(59) Pause Full (System.gc()) 1571M->1571M(5939M) 3186.277ms
[179.948s][info   ][gc,metaspace] GC(60) Metaspace: 11537K(11904K)->11537K(11904K) NonClass: 9660K(9856K)->9660K(9856K) Class: 1876K(2048K)->1876K(2048K)
[179.948s][info   ][gc          ] GC(60) Pause Full (System.gc()) 1571M->1571M(5939M) 3232.104ms
[183.134s][info   ][gc,metaspace] GC(61) Metaspace: 11537K(11904K)->11537K(11904K) NonClass: 9660K(9856K)->9660K(9856K) Class: 1876K(2048K)->1876K(2048K)
[183.134s][info   ][gc          ] GC(61) Pause Full (System.gc()) 1571M->1571M(5939M) 3186.746ms
After GCs... 
