Done; will start GCs... 
[7.719s][info][gc,metaspace] GC(1) Metaspace: 22043K(22400K)->22043K(22400K) NonClass: 18228K(18432K)->18228K(18432K) Class: 3814K(3968K)->3814K(3968K)
[7.719s][info][gc          ] GC(1) Pause Full (System.gc()) 881M->770M(5939M) 2516.582ms
[9.625s][info][gc,metaspace] GC(2) Metaspace: 22043K(22400K)->22043K(22400K) NonClass: 18228K(18432K)->18228K(18432K) Class: 3814K(3968K)->3814K(3968K)
[9.625s][info][gc          ] GC(2) Pause Full (System.gc()) 770M->770M(5939M) 1905.785ms
[12.233s][info][gc,metaspace] GC(3) Metaspace: 22043K(22400K)->22043K(22400K) NonClass: 18228K(18432K)->18228K(18432K) Class: 3814K(3968K)->3814K(3968K)
[12.233s][info][gc          ] GC(3) Pause Full (System.gc()) 770M->770M(5939M) 2608.030ms
[14.141s][info][gc,metaspace] GC(4) Metaspace: 22043K(22400K)->22043K(22400K) NonClass: 18228K(18432K)->18228K(18432K) Class: 3814K(3968K)->3814K(3968K)
[14.141s][info][gc          ] GC(4) Pause Full (System.gc()) 770M->770M(5939M) 1907.749ms
[15.998s][info][gc,metaspace] GC(5) Metaspace: 22043K(22400K)->22043K(22400K) NonClass: 18228K(18432K)->18228K(18432K) Class: 3814K(3968K)->3814K(3968K)
[15.998s][info][gc          ] GC(5) Pause Full (System.gc()) 770M->770M(5939M) 1857.002ms
[17.902s][info][gc,metaspace] GC(6) Metaspace: 22043K(22400K)->22043K(22400K) NonClass: 18228K(18432K)->18228K(18432K) Class: 3814K(3968K)->3814K(3968K)
[17.902s][info][gc          ] GC(6) Pause Full (System.gc()) 770M->770M(5939M) 1903.816ms
[19.804s][info][gc,metaspace] GC(7) Metaspace: 22043K(22400K)->22043K(22400K) NonClass: 18228K(18432K)->18228K(18432K) Class: 3814K(3968K)->3814K(3968K)
[19.804s][info][gc          ] GC(7) Pause Full (System.gc()) 770M->770M(5939M) 1902.263ms
[21.712s][info][gc,metaspace] GC(8) Metaspace: 22043K(22400K)->22043K(22400K) NonClass: 18228K(18432K)->18228K(18432K) Class: 3814K(3968K)->3814K(3968K)
[21.712s][info][gc          ] GC(8) Pause Full (System.gc()) 770M->770M(5939M) 1907.925ms
[23.616s][info][gc,metaspace] GC(9) Metaspace: 22043K(22400K)->22043K(22400K) NonClass: 18228K(18432K)->18228K(18432K) Class: 3814K(3968K)->3814K(3968K)
[23.616s][info][gc          ] GC(9) Pause Full (System.gc()) 770M->770M(5939M) 1903.647ms
[25.523s][info][gc,metaspace] GC(10) Metaspace: 22043K(22400K)->22043K(22400K) NonClass: 18228K(18432K)->18228K(18432K) Class: 3814K(3968K)->3814K(3968K)
[25.523s][info][gc          ] GC(10) Pause Full (System.gc()) 770M->770M(5939M) 1906.429ms
[27.426s][info][gc,metaspace] GC(11) Metaspace: 22043K(22400K)->22043K(22400K) NonClass: 18228K(18432K)->18228K(18432K) Class: 3814K(3968K)->3814K(3968K)
[27.426s][info][gc          ] GC(11) Pause Full (System.gc()) 770M->770M(5939M) 1903.385ms
[29.331s][info][gc,metaspace] GC(12) Metaspace: 22043K(22400K)->22043K(22400K) NonClass: 18228K(18432K)->18228K(18432K) Class: 3814K(3968K)->3814K(3968K)
[29.331s][info][gc          ] GC(12) Pause Full (System.gc()) 770M->770M(5939M) 1904.918ms
[31.239s][info][gc,metaspace] GC(13) Metaspace: 22043K(22400K)->22043K(22400K) NonClass: 18228K(18432K)->18228K(18432K) Class: 3814K(3968K)->3814K(3968K)
[31.239s][info][gc          ] GC(13) Pause Full (System.gc()) 770M->770M(5939M) 1907.260ms
[33.142s][info][gc,metaspace] GC(14) Metaspace: 22043K(22400K)->22043K(22400K) NonClass: 18228K(18432K)->18228K(18432K) Class: 3814K(3968K)->3814K(3968K)
[33.142s][info][gc          ] GC(14) Pause Full (System.gc()) 770M->770M(5939M) 1903.566ms
[34.999s][info][gc,metaspace] GC(15) Metaspace: 22043K(22400K)->22043K(22400K) NonClass: 18228K(18432K)->18228K(18432K) Class: 3814K(3968K)->3814K(3968K)
[35.000s][info][gc          ] GC(15) Pause Full (System.gc()) 770M->770M(5939M) 1857.037ms
[36.903s][info][gc,metaspace] GC(16) Metaspace: 22043K(22400K)->22043K(22400K) NonClass: 18228K(18432K)->18228K(18432K) Class: 3814K(3968K)->3814K(3968K)
[36.903s][info][gc          ] GC(16) Pause Full (System.gc()) 770M->770M(5939M) 1903.554ms
[38.811s][info][gc,metaspace] GC(17) Metaspace: 22043K(22400K)->22043K(22400K) NonClass: 18228K(18432K)->18228K(18432K) Class: 3814K(3968K)->3814K(3968K)
[38.811s][info][gc          ] GC(17) Pause Full (System.gc()) 770M->770M(5939M) 1903.846ms
[40.764s][info][gc,metaspace] GC(18) Metaspace: 22043K(22400K)->22043K(22400K) NonClass: 18228K(18432K)->18228K(18432K) Class: 3814K(3968K)->3814K(3968K)
[40.764s][info][gc          ] GC(18) Pause Full (System.gc()) 770M->770M(5939M) 1952.881ms
[42.668s][info][gc,metaspace] GC(19) Metaspace: 22043K(22400K)->22043K(22400K) NonClass: 18228K(18432K)->18228K(18432K) Class: 3814K(3968K)->3814K(3968K)
[42.668s][info][gc          ] GC(19) Pause Full (System.gc()) 770M->770M(5939M) 1903.853ms
[44.576s][info][gc,metaspace] GC(20) Metaspace: 22043K(22400K)->22043K(22400K) NonClass: 18228K(18432K)->18228K(18432K) Class: 3814K(3968K)->3814K(3968K)
[44.576s][info][gc          ] GC(20) Pause Full (System.gc()) 770M->770M(5939M) 1907.364ms
[46.479s][info][gc,metaspace] GC(21) Metaspace: 22043K(22400K)->22043K(22400K) NonClass: 18228K(18432K)->18228K(18432K) Class: 3814K(3968K)->3814K(3968K)
[46.479s][info][gc          ] GC(21) Pause Full (System.gc()) 770M->770M(5939M) 1903.252ms
[48.383s][info][gc,metaspace] GC(22) Metaspace: 22043K(22400K)->22043K(22400K) NonClass: 18228K(18432K)->18228K(18432K) Class: 3814K(3968K)->3814K(3968K)
[48.383s][info][gc          ] GC(22) Pause Full (System.gc()) 770M->770M(5939M) 1904.052ms
[50.292s][info][gc,metaspace] GC(23) Metaspace: 22043K(22400K)->22043K(22400K) NonClass: 18228K(18432K)->18228K(18432K) Class: 3814K(3968K)->3814K(3968K)
[50.292s][info][gc          ] GC(23) Pause Full (System.gc()) 770M->770M(5939M) 1908.910ms
[52.196s][info][gc,metaspace] GC(24) Metaspace: 22043K(22400K)->22043K(22400K) NonClass: 18228K(18432K)->18228K(18432K) Class: 3814K(3968K)->3814K(3968K)
[52.196s][info][gc          ] GC(24) Pause Full (System.gc()) 770M->770M(5939M) 1903.467ms
[54.104s][info][gc,metaspace] GC(25) Metaspace: 22043K(22400K)->22043K(22400K) NonClass: 18228K(18432K)->18228K(18432K) Class: 3814K(3968K)->3814K(3968K)
[54.104s][info][gc          ] GC(25) Pause Full (System.gc()) 770M->770M(5939M) 1907.847ms
[55.955s][info][gc,metaspace] GC(26) Metaspace: 22043K(22400K)->22043K(22400K) NonClass: 18228K(18432K)->18228K(18432K) Class: 3814K(3968K)->3814K(3968K)
[55.955s][info][gc          ] GC(26) Pause Full (System.gc()) 770M->770M(5939M) 1851.172ms
[57.863s][info][gc,metaspace] GC(27) Metaspace: 22043K(22400K)->22043K(22400K) NonClass: 18228K(18432K)->18228K(18432K) Class: 3814K(3968K)->3814K(3968K)
[57.863s][info][gc          ] GC(27) Pause Full (System.gc()) 770M->770M(5939M) 1907.196ms
[59.766s][info][gc,metaspace] GC(28) Metaspace: 22043K(22400K)->22043K(22400K) NonClass: 18228K(18432K)->18228K(18432K) Class: 3814K(3968K)->3814K(3968K)
[59.766s][info][gc          ] GC(28) Pause Full (System.gc()) 770M->770M(5939M) 1903.006ms
[61.674s][info][gc,metaspace] GC(29) Metaspace: 22043K(22400K)->22043K(22400K) NonClass: 18228K(18432K)->18228K(18432K) Class: 3814K(3968K)->3814K(3968K)
[61.674s][info][gc          ] GC(29) Pause Full (System.gc()) 770M->770M(5939M) 1907.819ms
[63.576s][info][gc,metaspace] GC(30) Metaspace: 22043K(22400K)->22043K(22400K) NonClass: 18228K(18432K)->18228K(18432K) Class: 3814K(3968K)->3814K(3968K)
[63.576s][info][gc          ] GC(30) Pause Full (System.gc()) 770M->770M(5939M) 1902.364ms
[65.479s][info][gc,metaspace] GC(31) Metaspace: 22043K(22400K)->22043K(22400K) NonClass: 18228K(18432K)->18228K(18432K) Class: 3814K(3968K)->3814K(3968K)
[65.480s][info][gc          ] GC(31) Pause Full (System.gc()) 770M->770M(5939M) 1903.312ms
[67.387s][info][gc,metaspace] GC(32) Metaspace: 22043K(22400K)->22043K(22400K) NonClass: 18228K(18432K)->18228K(18432K) Class: 3814K(3968K)->3814K(3968K)
[67.387s][info][gc          ] GC(32) Pause Full (System.gc()) 770M->770M(5939M) 1907.646ms
[69.292s][info][gc,metaspace] GC(33) Metaspace: 22043K(22400K)->22043K(22400K) NonClass: 18228K(18432K)->18228K(18432K) Class: 3814K(3968K)->3814K(3968K)
[69.292s][info][gc          ] GC(33) Pause Full (System.gc()) 787M->770M(5939M) 1904.379ms
[71.196s][info][gc,metaspace] GC(34) Metaspace: 22043K(22400K)->22043K(22400K) NonClass: 18228K(18432K)->18228K(18432K) Class: 3814K(3968K)->3814K(3968K)
[71.196s][info][gc          ] GC(34) Pause Full (System.gc()) 770M->770M(5939M) 1904.061ms
[73.721s][info][gc,metaspace] GC(35) Metaspace: 22043K(22400K)->22043K(22400K) NonClass: 18228K(18432K)->18228K(18432K) Class: 3814K(3968K)->3814K(3968K)
[73.721s][info][gc          ] GC(35) Pause Full (System.gc()) 770M->770M(5939M) 2525.158ms
[75.627s][info][gc,metaspace] GC(36) Metaspace: 22043K(22400K)->22043K(22400K) NonClass: 18228K(18432K)->18228K(18432K) Class: 3814K(3968K)->3814K(3968K)
[75.627s][info][gc          ] GC(36) Pause Full (System.gc()) 770M->770M(5939M) 1905.219ms
[77.535s][info][gc,metaspace] GC(37) Metaspace: 22043K(22400K)->22043K(22400K) NonClass: 18228K(18432K)->18228K(18432K) Class: 3814K(3968K)->3814K(3968K)
[77.535s][info][gc          ] GC(37) Pause Full (System.gc()) 770M->770M(5939M) 1908.681ms
[79.440s][info][gc,metaspace] GC(38) Metaspace: 22043K(22400K)->22043K(22400K) NonClass: 18228K(18432K)->18228K(18432K) Class: 3814K(3968K)->3814K(3968K)
[79.440s][info][gc          ] GC(38) Pause Full (System.gc()) 770M->770M(5939M) 1904.959ms
[81.346s][info][gc,metaspace] GC(39) Metaspace: 22043K(22400K)->22043K(22400K) NonClass: 18228K(18432K)->18228K(18432K) Class: 3814K(3968K)->3814K(3968K)
[81.346s][info][gc          ] GC(39) Pause Full (System.gc()) 770M->770M(5939M) 1905.055ms
[83.255s][info][gc,metaspace] GC(40) Metaspace: 22043K(22400K)->22043K(22400K) NonClass: 18228K(18432K)->18228K(18432K) Class: 3814K(3968K)->3814K(3968K)
[83.255s][info][gc          ] GC(40) Pause Full (System.gc()) 770M->770M(5939M) 1908.941ms
[85.160s][info][gc,metaspace] GC(41) Metaspace: 22043K(22400K)->22043K(22400K) NonClass: 18228K(18432K)->18228K(18432K) Class: 3814K(3968K)->3814K(3968K)
[85.160s][info][gc          ] GC(41) Pause Full (System.gc()) 770M->770M(5939M) 1904.777ms
[87.069s][info][gc,metaspace] GC(42) Metaspace: 22043K(22400K)->22043K(22400K) NonClass: 18228K(18432K)->18228K(18432K) Class: 3814K(3968K)->3814K(3968K)
[87.069s][info][gc          ] GC(42) Pause Full (System.gc()) 770M->770M(5939M) 1908.938ms
[89.221s][info][gc,metaspace] GC(43) Metaspace: 22043K(22400K)->22043K(22400K) NonClass: 18228K(18432K)->18228K(18432K) Class: 3814K(3968K)->3814K(3968K)
[89.222s][info][gc          ] GC(43) Pause Full (System.gc()) 770M->770M(5939M) 2153.715ms
[91.127s][info][gc,metaspace] GC(44) Metaspace: 22043K(22400K)->22043K(22400K) NonClass: 18228K(18432K)->18228K(18432K) Class: 3814K(3968K)->3814K(3968K)
[91.127s][info][gc          ] GC(44) Pause Full (System.gc()) 770M->770M(5939M) 1904.586ms
[92.985s][info][gc,metaspace] GC(45) Metaspace: 22043K(22400K)->22043K(22400K) NonClass: 18228K(18432K)->18228K(18432K) Class: 3814K(3968K)->3814K(3968K)
[92.985s][info][gc          ] GC(45) Pause Full (System.gc()) 770M->770M(5939M) 1857.779ms
[94.900s][info][gc,metaspace] GC(46) Metaspace: 22043K(22400K)->22043K(22400K) NonClass: 18228K(18432K)->18228K(18432K) Class: 3814K(3968K)->3814K(3968K)
[94.900s][info][gc          ] GC(46) Pause Full (System.gc()) 770M->770M(5939M) 1914.474ms
[96.810s][info][gc,metaspace] GC(47) Metaspace: 22043K(22400K)->22043K(22400K) NonClass: 18228K(18432K)->18228K(18432K) Class: 3814K(3968K)->3814K(3968K)
[96.810s][info][gc          ] GC(47) Pause Full (System.gc()) 770M->770M(5939M) 1905.786ms
[98.720s][info][gc,metaspace] GC(48) Metaspace: 22043K(22400K)->22043K(22400K) NonClass: 18228K(18432K)->18228K(18432K) Class: 3814K(3968K)->3814K(3968K)
[98.720s][info][gc          ] GC(48) Pause Full (System.gc()) 770M->770M(5939M) 1910.568ms
[100.632s][info][gc,metaspace] GC(49) Metaspace: 22043K(22400K)->22043K(22400K) NonClass: 18228K(18432K)->18228K(18432K) Class: 3814K(3968K)->3814K(3968K)
[100.632s][info][gc          ] GC(49) Pause Full (System.gc()) 770M->770M(5939M) 1911.293ms
[102.544s][info][gc,metaspace] GC(50) Metaspace: 22043K(22400K)->22043K(22400K) NonClass: 18228K(18432K)->18228K(18432K) Class: 3814K(3968K)->3814K(3968K)
[102.544s][info][gc          ] GC(50) Pause Full (System.gc()) 770M->770M(5939M) 1911.711ms
[104.452s][info][gc,metaspace] GC(51) Metaspace: 22043K(22400K)->22043K(22400K) NonClass: 18228K(18432K)->18228K(18432K) Class: 3814K(3968K)->3814K(3968K)
[104.452s][info][gc          ] GC(51) Pause Full (System.gc()) 770M->770M(5939M) 1908.475ms
[106.364s][info][gc,metaspace] GC(52) Metaspace: 22043K(22400K)->22043K(22400K) NonClass: 18228K(18432K)->18228K(18432K) Class: 3814K(3968K)->3814K(3968K)
[106.364s][info][gc          ] GC(52) Pause Full (System.gc()) 770M->770M(5939M) 1911.644ms
[108.273s][info][gc,metaspace] GC(53) Metaspace: 22043K(22400K)->22043K(22400K) NonClass: 18228K(18432K)->18228K(18432K) Class: 3814K(3968K)->3814K(3968K)
[108.273s][info][gc          ] GC(53) Pause Full (System.gc()) 770M->770M(5939M) 1909.124ms
[110.179s][info][gc,metaspace] GC(54) Metaspace: 22043K(22400K)->22043K(22400K) NonClass: 18228K(18432K)->18228K(18432K) Class: 3814K(3968K)->3814K(3968K)
[110.179s][info][gc          ] GC(54) Pause Full (System.gc()) 770M->770M(5939M) 1906.093ms
[112.089s][info][gc,metaspace] GC(55) Metaspace: 22043K(22400K)->22043K(22400K) NonClass: 18228K(18432K)->18228K(18432K) Class: 3814K(3968K)->3814K(3968K)
[112.089s][info][gc          ] GC(55) Pause Full (System.gc()) 770M->770M(5939M) 1909.407ms
[113.942s][info][gc,metaspace] GC(56) Metaspace: 22043K(22400K)->22043K(22400K) NonClass: 18228K(18432K)->18228K(18432K) Class: 3814K(3968K)->3814K(3968K)
[113.943s][info][gc          ] GC(56) Pause Full (System.gc()) 770M->770M(5939M) 1853.473ms
[115.856s][info][gc,metaspace] GC(57) Metaspace: 22043K(22400K)->22043K(22400K) NonClass: 18228K(18432K)->18228K(18432K) Class: 3814K(3968K)->3814K(3968K)
[115.856s][info][gc          ] GC(57) Pause Full (System.gc()) 770M->770M(5939M) 1913.762ms
[117.761s][info][gc,metaspace] GC(58) Metaspace: 22043K(22400K)->22043K(22400K) NonClass: 18228K(18432K)->18228K(18432K) Class: 3814K(3968K)->3814K(3968K)
[117.761s][info][gc          ] GC(58) Pause Full (System.gc()) 770M->770M(5939M) 1904.640ms
[119.667s][info][gc,metaspace] GC(59) Metaspace: 22043K(22400K)->22043K(22400K) NonClass: 18228K(18432K)->18228K(18432K) Class: 3814K(3968K)->3814K(3968K)
[119.667s][info][gc          ] GC(59) Pause Full (System.gc()) 770M->770M(5939M) 1901.388ms
[121.576s][info][gc,metaspace] GC(60) Metaspace: 22043K(22400K)->22043K(22400K) NonClass: 18228K(18432K)->18228K(18432K) Class: 3814K(3968K)->3814K(3968K)
[121.576s][info][gc          ] GC(60) Pause Full (System.gc()) 770M->770M(5939M) 1908.879ms
[123.480s][info][gc,metaspace] GC(61) Metaspace: 22043K(22400K)->22043K(22400K) NonClass: 18228K(18432K)->18228K(18432K) Class: 3814K(3968K)->3814K(3968K)
[123.480s][info][gc          ] GC(61) Pause Full (System.gc()) 770M->770M(5939M) 1904.357ms
[125.389s][info][gc,metaspace] GC(62) Metaspace: 22043K(22400K)->22043K(22400K) NonClass: 18228K(18432K)->18228K(18432K) Class: 3814K(3968K)->3814K(3968K)
[125.389s][info][gc          ] GC(62) Pause Full (System.gc()) 770M->770M(5939M) 1908.816ms
[127.294s][info][gc,metaspace] GC(63) Metaspace: 22043K(22400K)->22043K(22400K) NonClass: 18228K(18432K)->18228K(18432K) Class: 3814K(3968K)->3814K(3968K)
[127.294s][info][gc          ] GC(63) Pause Full (System.gc()) 770M->770M(5939M) 1904.816ms
[129.199s][info][gc,metaspace] GC(64) Metaspace: 22043K(22400K)->22043K(22400K) NonClass: 18228K(18432K)->18228K(18432K) Class: 3814K(3968K)->3814K(3968K)
[129.199s][info][gc          ] GC(64) Pause Full (System.gc()) 770M->770M(5939M) 1904.873ms
[131.108s][info][gc,metaspace] GC(65) Metaspace: 22043K(22400K)->22043K(22400K) NonClass: 18228K(18432K)->18228K(18432K) Class: 3814K(3968K)->3814K(3968K)
[131.108s][info][gc          ] GC(65) Pause Full (System.gc()) 770M->770M(5939M) 1908.876ms
[132.961s][info][gc,metaspace] GC(66) Metaspace: 22043K(22400K)->22043K(22400K) NonClass: 18228K(18432K)->18228K(18432K) Class: 3814K(3968K)->3814K(3968K)
[132.961s][info][gc          ] GC(66) Pause Full (System.gc()) 787M->770M(5939M) 1852.822ms
[134.870s][info][gc,metaspace] GC(67) Metaspace: 22043K(22400K)->22043K(22400K) NonClass: 18228K(18432K)->18228K(18432K) Class: 3814K(3968K)->3814K(3968K)
[134.870s][info][gc          ] GC(67) Pause Full (System.gc()) 770M->770M(5939M) 1908.607ms
[136.775s][info][gc,metaspace] GC(68) Metaspace: 22043K(22400K)->22043K(22400K) NonClass: 18228K(18432K)->18228K(18432K) Class: 3814K(3968K)->3814K(3968K)
[136.775s][info][gc          ] GC(68) Pause Full (System.gc()) 770M->770M(5939M) 1900.603ms
[138.683s][info][gc,metaspace] GC(69) Metaspace: 22043K(22400K)->22043K(22400K) NonClass: 18228K(18432K)->18228K(18432K) Class: 3814K(3968K)->3814K(3968K)
[138.683s][info][gc          ] GC(69) Pause Full (System.gc()) 770M->770M(5939M) 1907.704ms
[140.587s][info][gc,metaspace] GC(70) Metaspace: 22043K(22400K)->22043K(22400K) NonClass: 18228K(18432K)->18228K(18432K) Class: 3814K(3968K)->3814K(3968K)
[140.587s][info][gc          ] GC(70) Pause Full (System.gc()) 770M->770M(5939M) 1903.840ms
[142.491s][info][gc,metaspace] GC(71) Metaspace: 22043K(22400K)->22043K(22400K) NonClass: 18228K(18432K)->18228K(18432K) Class: 3814K(3968K)->3814K(3968K)
[142.491s][info][gc          ] GC(71) Pause Full (System.gc()) 770M->770M(5939M) 1904.109ms
[144.400s][info][gc,metaspace] GC(72) Metaspace: 22043K(22400K)->22043K(22400K) NonClass: 18228K(18432K)->18228K(18432K) Class: 3814K(3968K)->3814K(3968K)
[144.400s][info][gc          ] GC(72) Pause Full (System.gc()) 770M->770M(5939M) 1908.760ms
[146.308s][info][gc,metaspace] GC(73) Metaspace: 22043K(22400K)->22043K(22400K) NonClass: 18228K(18432K)->18228K(18432K) Class: 3814K(3968K)->3814K(3968K)
[146.308s][info][gc          ] GC(73) Pause Full (System.gc()) 770M->770M(5939M) 1907.772ms
[148.217s][info][gc,metaspace] GC(74) Metaspace: 22043K(22400K)->22043K(22400K) NonClass: 18228K(18432K)->18228K(18432K) Class: 3814K(3968K)->3814K(3968K)
[148.217s][info][gc          ] GC(74) Pause Full (System.gc()) 770M->770M(5939M) 1909.259ms
[150.122s][info][gc,metaspace] GC(75) Metaspace: 22043K(22400K)->22043K(22400K) NonClass: 18228K(18432K)->18228K(18432K) Class: 3814K(3968K)->3814K(3968K)
[150.122s][info][gc          ] GC(75) Pause Full (System.gc()) 770M->770M(5939M) 1904.787ms
[151.979s][info][gc,metaspace] GC(76) Metaspace: 22043K(22400K)->22043K(22400K) NonClass: 18228K(18432K)->18228K(18432K) Class: 3814K(3968K)->3814K(3968K)
[151.979s][info][gc          ] GC(76) Pause Full (System.gc()) 770M->770M(5939M) 1856.559ms
[153.884s][info][gc,metaspace] GC(77) Metaspace: 22043K(22400K)->22043K(22400K) NonClass: 18228K(18432K)->18228K(18432K) Class: 3814K(3968K)->3814K(3968K)
[153.884s][info][gc          ] GC(77) Pause Full (System.gc()) 770M->770M(5939M) 1904.914ms
[155.788s][info][gc,metaspace] GC(78) Metaspace: 22043K(22400K)->22043K(22400K) NonClass: 18228K(18432K)->18228K(18432K) Class: 3814K(3968K)->3814K(3968K)
[155.788s][info][gc          ] GC(78) Pause Full (System.gc()) 770M->770M(5939M) 1904.251ms
[157.696s][info][gc,metaspace] GC(79) Metaspace: 22043K(22400K)->22043K(22400K) NonClass: 18228K(18432K)->18228K(18432K) Class: 3814K(3968K)->3814K(3968K)
[157.696s][info][gc          ] GC(79) Pause Full (System.gc()) 770M->770M(5939M) 1908.071ms
[159.601s][info][gc,metaspace] GC(80) Metaspace: 22043K(22400K)->22043K(22400K) NonClass: 18228K(18432K)->18228K(18432K) Class: 3814K(3968K)->3814K(3968K)
[159.601s][info][gc          ] GC(80) Pause Full (System.gc()) 770M->770M(5939M) 1904.828ms
[161.510s][info][gc,metaspace] GC(81) Metaspace: 22043K(22400K)->22043K(22400K) NonClass: 18228K(18432K)->18228K(18432K) Class: 3814K(3968K)->3814K(3968K)
[161.510s][info][gc          ] GC(81) Pause Full (System.gc()) 770M->770M(5939M) 1908.244ms
[163.429s][info][gc,metaspace] GC(82) Metaspace: 22043K(22400K)->22043K(22400K) NonClass: 18228K(18432K)->18228K(18432K) Class: 3814K(3968K)->3814K(3968K)
[163.429s][info][gc          ] GC(82) Pause Full (System.gc()) 770M->770M(5939M) 1919.129ms
[165.346s][info][gc,metaspace] GC(83) Metaspace: 22043K(22400K)->22043K(22400K) NonClass: 18228K(18432K)->18228K(18432K) Class: 3814K(3968K)->3814K(3968K)
[165.346s][info][gc          ] GC(83) Pause Full (System.gc()) 770M->770M(5939M) 1916.662ms
[167.260s][info][gc,metaspace] GC(84) Metaspace: 22043K(22400K)->22043K(22400K) NonClass: 18228K(18432K)->18228K(18432K) Class: 3814K(3968K)->3814K(3968K)
[167.260s][info][gc          ] GC(84) Pause Full (System.gc()) 770M->770M(5939M) 1913.812ms
[169.164s][info][gc,metaspace] GC(85) Metaspace: 22043K(22400K)->22043K(22400K) NonClass: 18228K(18432K)->18228K(18432K) Class: 3814K(3968K)->3814K(3968K)
[169.164s][info][gc          ] GC(85) Pause Full (System.gc()) 770M->770M(5939M) 1904.749ms
[171.075s][info][gc,metaspace] GC(86) Metaspace: 22043K(22400K)->22043K(22400K) NonClass: 18228K(18432K)->18228K(18432K) Class: 3814K(3968K)->3814K(3968K)
[171.075s][info][gc          ] GC(86) Pause Full (System.gc()) 770M->770M(5939M) 1910.447ms
[173.232s][info][gc,metaspace] GC(87) Metaspace: 22043K(22400K)->22043K(22400K) NonClass: 18228K(18432K)->18228K(18432K) Class: 3814K(3968K)->3814K(3968K)
[173.232s][info][gc          ] GC(87) Pause Full (System.gc()) 770M->770M(5939M) 2156.610ms
[175.152s][info][gc,metaspace] GC(88) Metaspace: 22043K(22400K)->22043K(22400K) NonClass: 18228K(18432K)->18228K(18432K) Class: 3814K(3968K)->3814K(3968K)
[175.152s][info][gc          ] GC(88) Pause Full (System.gc()) 770M->770M(5939M) 1920.126ms
[177.065s][info][gc,metaspace] GC(89) Metaspace: 22043K(22400K)->22043K(22400K) NonClass: 18228K(18432K)->18228K(18432K) Class: 3814K(3968K)->3814K(3968K)
[177.065s][info][gc          ] GC(89) Pause Full (System.gc()) 770M->770M(5939M) 1912.991ms
[178.922s][info][gc,metaspace] GC(90) Metaspace: 22043K(22400K)->22043K(22400K) NonClass: 18228K(18432K)->18228K(18432K) Class: 3814K(3968K)->3814K(3968K)
[178.922s][info][gc          ] GC(90) Pause Full (System.gc()) 770M->770M(5939M) 1856.347ms
[180.831s][info][gc,metaspace] GC(91) Metaspace: 22043K(22400K)->22043K(22400K) NonClass: 18228K(18432K)->18228K(18432K) Class: 3814K(3968K)->3814K(3968K)
[180.831s][info][gc          ] GC(91) Pause Full (System.gc()) 770M->770M(5939M) 1908.872ms
[182.737s][info][gc,metaspace] GC(92) Metaspace: 22043K(22400K)->22043K(22400K) NonClass: 18228K(18432K)->18228K(18432K) Class: 3814K(3968K)->3814K(3968K)
[182.737s][info][gc          ] GC(92) Pause Full (System.gc()) 770M->770M(5939M) 1901.777ms
[184.643s][info][gc,metaspace] GC(93) Metaspace: 22043K(22400K)->22043K(22400K) NonClass: 18228K(18432K)->18228K(18432K) Class: 3814K(3968K)->3814K(3968K)
[184.643s][info][gc          ] GC(93) Pause Full (System.gc()) 770M->770M(5939M) 1905.898ms
[186.553s][info][gc,metaspace] GC(94) Metaspace: 22043K(22400K)->22043K(22400K) NonClass: 18228K(18432K)->18228K(18432K) Class: 3814K(3968K)->3814K(3968K)
[186.553s][info][gc          ] GC(94) Pause Full (System.gc()) 770M->770M(5939M) 1909.553ms
[188.458s][info][gc,metaspace] GC(95) Metaspace: 22043K(22400K)->22043K(22400K) NonClass: 18228K(18432K)->18228K(18432K) Class: 3814K(3968K)->3814K(3968K)
[188.458s][info][gc          ] GC(95) Pause Full (System.gc()) 770M->770M(5939M) 1905.365ms
[190.373s][info][gc,metaspace] GC(96) Metaspace: 22043K(22400K)->22043K(22400K) NonClass: 18228K(18432K)->18228K(18432K) Class: 3814K(3968K)->3814K(3968K)
[190.373s][info][gc          ] GC(96) Pause Full (System.gc()) 770M->770M(5939M) 1914.706ms
[192.277s][info][gc,metaspace] GC(97) Metaspace: 22043K(22400K)->22043K(22400K) NonClass: 18228K(18432K)->18228K(18432K) Class: 3814K(3968K)->3814K(3968K)
[192.277s][info][gc          ] GC(97) Pause Full (System.gc()) 770M->770M(5939M) 1904.116ms
[194.182s][info][gc,metaspace] GC(98) Metaspace: 22043K(22400K)->22043K(22400K) NonClass: 18228K(18432K)->18228K(18432K) Class: 3814K(3968K)->3814K(3968K)
[194.182s][info][gc          ] GC(98) Pause Full (System.gc()) 770M->770M(5939M) 1905.199ms
[196.091s][info][gc,metaspace] GC(99) Metaspace: 22043K(22400K)->22043K(22400K) NonClass: 18228K(18432K)->18228K(18432K) Class: 3814K(3968K)->3814K(3968K)
[196.091s][info][gc          ] GC(99) Pause Full (System.gc()) 787M->770M(5939M) 1908.827ms
[198.238s][info][gc,metaspace] GC(100) Metaspace: 22043K(22400K)->22043K(22400K) NonClass: 18228K(18432K)->18228K(18432K) Class: 3814K(3968K)->3814K(3968K)
[198.238s][info][gc          ] GC(100) Pause Full (System.gc()) 770M->770M(5939M) 2146.244ms
After GCs... 
