Done; will start GCs... 
[33.295s][info][gc,metaspace] GC(10) Metaspace: 43155K(46848K)->43155K(46848K) NonClass: 33189K(34816K)->33189K(34816K) Class: 9965K(12032K)->9965K(12032K)
[33.295s][info][gc          ] GC(10) Pause Full (System.gc()) 951M->778M(5939M) 3899.933ms
[35.674s][info][gc,metaspace] GC(11) Metaspace: 43155K(46848K)->43155K(46848K) NonClass: 33189K(34816K)->33189K(34816K) Class: 9965K(12032K)->9965K(12032K)
[35.674s][info][gc          ] GC(11) Pause Full (System.gc()) 778M->778M(5939M) 2378.194ms
[38.779s][info][gc,metaspace] GC(12) Metaspace: 43155K(46848K)->43155K(46848K) NonClass: 33189K(34816K)->33189K(34816K) Class: 9965K(12032K)->9965K(12032K)
[38.779s][info][gc          ] GC(12) Pause Full (System.gc()) 778M->778M(5939M) 3105.054ms
[41.150s][info][gc,metaspace] GC(13) Metaspace: 43155K(46848K)->43155K(46848K) NonClass: 33189K(34816K)->33189K(34816K) Class: 9965K(12032K)->9965K(12032K)
[41.150s][info][gc          ] GC(13) Pause Full (System.gc()) 778M->778M(5939M) 2370.687ms
[43.573s][info][gc,metaspace] GC(14) Metaspace: 43155K(46848K)->43155K(46848K) NonClass: 33189K(34816K)->33189K(34816K) Class: 9965K(12032K)->9965K(12032K)
[43.573s][info][gc          ] GC(14) Pause Full (System.gc()) 778M->778M(5939M) 2422.550ms
[45.949s][info][gc,metaspace] GC(15) Metaspace: 43155K(46848K)->43155K(46848K) NonClass: 33189K(34816K)->33189K(34816K) Class: 9965K(12032K)->9965K(12032K)
[45.949s][info][gc          ] GC(15) Pause Full (System.gc()) 778M->778M(5939M) 2376.155ms
[48.371s][info][gc,metaspace] GC(16) Metaspace: 43155K(46848K)->43155K(46848K) NonClass: 33189K(34816K)->33189K(34816K) Class: 9965K(12032K)->9965K(12032K)
[48.371s][info][gc          ] GC(16) Pause Full (System.gc()) 778M->778M(5939M) 2421.904ms
[50.742s][info][gc,metaspace] GC(17) Metaspace: 43155K(46848K)->43155K(46848K) NonClass: 33189K(34816K)->33189K(34816K) Class: 9965K(12032K)->9965K(12032K)
[50.742s][info][gc          ] GC(17) Pause Full (System.gc()) 778M->778M(5939M) 2370.611ms
[53.115s][info][gc,metaspace] GC(18) Metaspace: 43155K(46848K)->43155K(46848K) NonClass: 33189K(34816K)->33189K(34816K) Class: 9965K(12032K)->9965K(12032K)
[53.115s][info][gc          ] GC(18) Pause Full (System.gc()) 778M->778M(5939M) 2373.376ms
[55.535s][info][gc,metaspace] GC(19) Metaspace: 43155K(46848K)->43155K(46848K) NonClass: 33189K(34816K)->33189K(34816K) Class: 9965K(12032K)->9965K(12032K)
[55.535s][info][gc          ] GC(19) Pause Full (System.gc()) 778M->778M(5939M) 2419.646ms
[57.907s][info][gc,metaspace] GC(20) Metaspace: 43155K(46848K)->43155K(46848K) NonClass: 33189K(34816K)->33189K(34816K) Class: 9965K(12032K)->9965K(12032K)
[57.907s][info][gc          ] GC(20) Pause Full (System.gc()) 778M->778M(5939M) 2371.790ms
[60.339s][info][gc,metaspace] GC(21) Metaspace: 43155K(46848K)->43155K(46848K) NonClass: 33189K(34816K)->33189K(34816K) Class: 9965K(12032K)->9965K(12032K)
[60.339s][info][gc          ] GC(21) Pause Full (System.gc()) 778M->778M(5939M) 2432.134ms
[62.720s][info][gc,metaspace] GC(22) Metaspace: 43155K(46848K)->43155K(46848K) NonClass: 33189K(34816K)->33189K(34816K) Class: 9965K(12032K)->9965K(12032K)
[62.720s][info][gc          ] GC(22) Pause Full (System.gc()) 778M->778M(5939M) 2379.985ms
[65.108s][info][gc,metaspace] GC(23) Metaspace: 43155K(46848K)->43155K(46848K) NonClass: 33189K(34816K)->33189K(34816K) Class: 9965K(12032K)->9965K(12032K)
[65.108s][info][gc          ] GC(23) Pause Full (System.gc()) 778M->778M(5939M) 2388.322ms
[68.292s][info][gc,metaspace] GC(24) Metaspace: 43155K(46848K)->43155K(46848K) NonClass: 33189K(34816K)->33189K(34816K) Class: 9965K(12032K)->9965K(12032K)
[68.292s][info][gc          ] GC(24) Pause Full (System.gc()) 788M->778M(5939M) 3183.335ms
[70.678s][info][gc,metaspace] GC(25) Metaspace: 43155K(46848K)->43155K(46848K) NonClass: 33189K(34816K)->33189K(34816K) Class: 9965K(12032K)->9965K(12032K)
[70.678s][info][gc          ] GC(25) Pause Full (System.gc()) 778M->778M(5939M) 2382.080ms
[73.053s][info][gc,metaspace] GC(26) Metaspace: 43155K(46848K)->43155K(46848K) NonClass: 33189K(34816K)->33189K(34816K) Class: 9965K(12032K)->9965K(12032K)
[73.053s][info][gc          ] GC(26) Pause Full (System.gc()) 778M->778M(5939M) 2374.834ms
[75.475s][info][gc,metaspace] GC(27) Metaspace: 43155K(46848K)->43155K(46848K) NonClass: 33189K(34816K)->33189K(34816K) Class: 9965K(12032K)->9965K(12032K)
[75.475s][info][gc          ] GC(27) Pause Full (System.gc()) 778M->778M(5939M) 2421.328ms
[77.842s][info][gc,metaspace] GC(28) Metaspace: 43155K(46848K)->43155K(46848K) NonClass: 33189K(34816K)->33189K(34816K) Class: 9965K(12032K)->9965K(12032K)
[77.842s][info][gc          ] GC(28) Pause Full (System.gc()) 778M->778M(5939M) 2367.050ms
[80.265s][info][gc,metaspace] GC(29) Metaspace: 43155K(46848K)->43155K(46848K) NonClass: 33189K(34816K)->33189K(34816K) Class: 9965K(12032K)->9965K(12032K)
[80.265s][info][gc          ] GC(29) Pause Full (System.gc()) 778M->778M(5939M) 2422.802ms
[82.635s][info][gc,metaspace] GC(30) Metaspace: 43155K(46848K)->43155K(46848K) NonClass: 33189K(34816K)->33189K(34816K) Class: 9965K(12032K)->9965K(12032K)
[82.635s][info][gc          ] GC(30) Pause Full (System.gc()) 778M->778M(5939M) 2369.899ms
[85.019s][info][gc,metaspace] GC(31) Metaspace: 43155K(46848K)->43155K(46848K) NonClass: 33189K(34816K)->33189K(34816K) Class: 9965K(12032K)->9965K(12032K)
[85.019s][info][gc          ] GC(31) Pause Full (System.gc()) 778M->778M(5939M) 2383.774ms
[87.448s][info][gc,metaspace] GC(32) Metaspace: 43155K(46848K)->43155K(46848K) NonClass: 33189K(34816K)->33189K(34816K) Class: 9965K(12032K)->9965K(12032K)
[87.448s][info][gc          ] GC(32) Pause Full (System.gc()) 778M->778M(5939M) 2429.260ms
[89.821s][info][gc,metaspace] GC(33) Metaspace: 43155K(46848K)->43155K(46848K) NonClass: 33189K(34816K)->33189K(34816K) Class: 9965K(12032K)->9965K(12032K)
[89.821s][info][gc          ] GC(33) Pause Full (System.gc()) 778M->778M(5939M) 2372.356ms
[92.239s][info][gc,metaspace] GC(34) Metaspace: 43155K(46848K)->43155K(46848K) NonClass: 33189K(34816K)->33189K(34816K) Class: 9965K(12032K)->9965K(12032K)
[92.239s][info][gc          ] GC(34) Pause Full (System.gc()) 778M->778M(5939M) 2417.752ms
[94.607s][info][gc,metaspace] GC(35) Metaspace: 43155K(46848K)->43155K(46848K) NonClass: 33189K(34816K)->33189K(34816K) Class: 9965K(12032K)->9965K(12032K)
[94.607s][info][gc          ] GC(35) Pause Full (System.gc()) 778M->778M(5939M) 2367.879ms
[96.980s][info][gc,metaspace] GC(36) Metaspace: 43155K(46848K)->43155K(46848K) NonClass: 33189K(34816K)->33189K(34816K) Class: 9965K(12032K)->9965K(12032K)
[96.980s][info][gc          ] GC(36) Pause Full (System.gc()) 778M->778M(5939M) 2372.658ms
[99.401s][info][gc,metaspace] GC(37) Metaspace: 43155K(46848K)->43155K(46848K) NonClass: 33189K(34816K)->33189K(34816K) Class: 9965K(12032K)->9965K(12032K)
[99.401s][info][gc          ] GC(37) Pause Full (System.gc()) 778M->778M(5939M) 2420.666ms
[101.768s][info][gc,metaspace] GC(38) Metaspace: 43155K(46848K)->43155K(46848K) NonClass: 33189K(34816K)->33189K(34816K) Class: 9965K(12032K)->9965K(12032K)
[101.768s][info][gc          ] GC(38) Pause Full (System.gc()) 778M->778M(5939M) 2367.720ms
[104.141s][info][gc,metaspace] GC(39) Metaspace: 43155K(46848K)->43155K(46848K) NonClass: 33189K(34816K)->33189K(34816K) Class: 9965K(12032K)->9965K(12032K)
[104.142s][info][gc          ] GC(39) Pause Full (System.gc()) 778M->778M(5939M) 2372.999ms
[106.560s][info][gc,metaspace] GC(40) Metaspace: 43155K(46848K)->43155K(46848K) NonClass: 33189K(34816K)->33189K(34816K) Class: 9965K(12032K)->9965K(12032K)
[106.561s][info][gc          ] GC(40) Pause Full (System.gc()) 778M->778M(5939M) 2418.730ms
[108.944s][info][gc,metaspace] GC(41) Metaspace: 43155K(46848K)->43155K(46848K) NonClass: 33189K(34816K)->33189K(34816K) Class: 9965K(12032K)->9965K(12032K)
[108.944s][info][gc          ] GC(41) Pause Full (System.gc()) 778M->778M(5939M) 2382.982ms
[111.371s][info][gc,metaspace] GC(42) Metaspace: 43155K(46848K)->43155K(46848K) NonClass: 33189K(34816K)->33189K(34816K) Class: 9965K(12032K)->9965K(12032K)
[111.372s][info][gc          ] GC(42) Pause Full (System.gc()) 778M->778M(5939M) 2427.805ms
[113.747s][info][gc,metaspace] GC(43) Metaspace: 43155K(46848K)->43155K(46848K) NonClass: 33189K(34816K)->33189K(34816K) Class: 9965K(12032K)->9965K(12032K)
[113.747s][info][gc          ] GC(43) Pause Full (System.gc()) 778M->778M(5939M) 2375.316ms
[116.114s][info][gc,metaspace] GC(44) Metaspace: 43155K(46848K)->43155K(46848K) NonClass: 33189K(34816K)->33189K(34816K) Class: 9965K(12032K)->9965K(12032K)
[116.114s][info][gc          ] GC(44) Pause Full (System.gc()) 778M->778M(5939M) 2366.764ms
[118.533s][info][gc,metaspace] GC(45) Metaspace: 43155K(46848K)->43155K(46848K) NonClass: 33189K(34816K)->33189K(34816K) Class: 9965K(12032K)->9965K(12032K)
[118.533s][info][gc          ] GC(45) Pause Full (System.gc()) 778M->778M(5939M) 2419.320ms
[120.906s][info][gc,metaspace] GC(46) Metaspace: 43155K(46848K)->43155K(46848K) NonClass: 33189K(34816K)->33189K(34816K) Class: 9965K(12032K)->9965K(12032K)
[120.906s][info][gc          ] GC(46) Pause Full (System.gc()) 778M->778M(5939M) 2372.185ms
[123.325s][info][gc,metaspace] GC(47) Metaspace: 43155K(46848K)->43155K(46848K) NonClass: 33189K(34816K)->33189K(34816K) Class: 9965K(12032K)->9965K(12032K)
[123.325s][info][gc          ] GC(47) Pause Full (System.gc()) 778M->778M(5939M) 2418.927ms
[125.691s][info][gc,metaspace] GC(48) Metaspace: 43155K(46848K)->43155K(46848K) NonClass: 33189K(34816K)->33189K(34816K) Class: 9965K(12032K)->9965K(12032K)
[125.691s][info][gc          ] GC(48) Pause Full (System.gc()) 778M->778M(5939M) 2366.075ms
[128.066s][info][gc,metaspace] GC(49) Metaspace: 43155K(46848K)->43155K(46848K) NonClass: 33189K(34816K)->33189K(34816K) Class: 9965K(12032K)->9965K(12032K)
[128.066s][info][gc          ] GC(49) Pause Full (System.gc()) 778M->778M(5939M) 2374.843ms
[130.486s][info][gc,metaspace] GC(50) Metaspace: 43155K(46848K)->43155K(46848K) NonClass: 33189K(34816K)->33189K(34816K) Class: 9965K(12032K)->9965K(12032K)
[130.486s][info][gc          ] GC(50) Pause Full (System.gc()) 788M->778M(5939M) 2419.322ms
[132.853s][info][gc,metaspace] GC(51) Metaspace: 43155K(46848K)->43155K(46848K) NonClass: 33189K(34816K)->33189K(34816K) Class: 9965K(12032K)->9965K(12032K)
[132.853s][info][gc          ] GC(51) Pause Full (System.gc()) 778M->778M(5939M) 2366.810ms
[135.280s][info][gc,metaspace] GC(52) Metaspace: 43155K(46848K)->43155K(46848K) NonClass: 33189K(34816K)->33189K(34816K) Class: 9965K(12032K)->9965K(12032K)
[135.280s][info][gc          ] GC(52) Pause Full (System.gc()) 778M->778M(5939M) 2427.080ms
[137.652s][info][gc,metaspace] GC(53) Metaspace: 43155K(46848K)->43155K(46848K) NonClass: 33189K(34816K)->33189K(34816K) Class: 9965K(12032K)->9965K(12032K)
[137.652s][info][gc          ] GC(53) Pause Full (System.gc()) 778M->778M(5939M) 2371.489ms
[140.021s][info][gc,metaspace] GC(54) Metaspace: 43155K(46848K)->43155K(46848K) NonClass: 33189K(34816K)->33189K(34816K) Class: 9965K(12032K)->9965K(12032K)
[140.021s][info][gc          ] GC(54) Pause Full (System.gc()) 778M->778M(5939M) 2369.539ms
[142.457s][info][gc,metaspace] GC(55) Metaspace: 43155K(46848K)->43155K(46848K) NonClass: 33189K(34816K)->33189K(34816K) Class: 9965K(12032K)->9965K(12032K)
[142.457s][info][gc          ] GC(55) Pause Full (System.gc()) 778M->778M(5939M) 2434.870ms
[144.833s][info][gc,metaspace] GC(56) Metaspace: 43155K(46848K)->43155K(46848K) NonClass: 33189K(34816K)->33189K(34816K) Class: 9965K(12032K)->9965K(12032K)
[144.834s][info][gc          ] GC(56) Pause Full (System.gc()) 778M->778M(5939M) 2376.867ms
[147.251s][info][gc,metaspace] GC(57) Metaspace: 43155K(46848K)->43155K(46848K) NonClass: 33189K(34816K)->33189K(34816K) Class: 9965K(12032K)->9965K(12032K)
[147.252s][info][gc          ] GC(57) Pause Full (System.gc()) 778M->778M(5939M) 2417.848ms
[149.621s][info][gc,metaspace] GC(58) Metaspace: 43155K(46848K)->43155K(46848K) NonClass: 33189K(34816K)->33189K(34816K) Class: 9965K(12032K)->9965K(12032K)
[149.621s][info][gc          ] GC(58) Pause Full (System.gc()) 778M->778M(5939M) 2369.469ms
[151.988s][info][gc,metaspace] GC(59) Metaspace: 43155K(46848K)->43155K(46848K) NonClass: 33189K(34816K)->33189K(34816K) Class: 9965K(12032K)->9965K(12032K)
[151.988s][info][gc          ] GC(59) Pause Full (System.gc()) 778M->778M(5939M) 2366.458ms
[154.412s][info][gc,metaspace] GC(60) Metaspace: 43155K(46848K)->43155K(46848K) NonClass: 33189K(34816K)->33189K(34816K) Class: 9965K(12032K)->9965K(12032K)
[154.412s][info][gc          ] GC(60) Pause Full (System.gc()) 778M->778M(5939M) 2424.500ms
[156.780s][info][gc,metaspace] GC(61) Metaspace: 43155K(46848K)->43155K(46848K) NonClass: 33189K(34816K)->33189K(34816K) Class: 9965K(12032K)->9965K(12032K)
[156.780s][info][gc          ] GC(61) Pause Full (System.gc()) 778M->778M(5939M) 2367.699ms
[159.147s][info][gc,metaspace] GC(62) Metaspace: 43155K(46848K)->43155K(46848K) NonClass: 33189K(34816K)->33189K(34816K) Class: 9965K(12032K)->9965K(12032K)
[159.148s][info][gc          ] GC(62) Pause Full (System.gc()) 778M->778M(5939M) 2367.087ms
[161.569s][info][gc,metaspace] GC(63) Metaspace: 43155K(46848K)->43155K(46848K) NonClass: 33189K(34816K)->33189K(34816K) Class: 9965K(12032K)->9965K(12032K)
[161.570s][info][gc          ] GC(63) Pause Full (System.gc()) 778M->778M(5939M) 2421.861ms
[163.938s][info][gc,metaspace] GC(64) Metaspace: 43155K(46848K)->43155K(46848K) NonClass: 33189K(34816K)->33189K(34816K) Class: 9965K(12032K)->9965K(12032K)
[163.938s][info][gc          ] GC(64) Pause Full (System.gc()) 778M->778M(5939M) 2367.843ms
[166.356s][info][gc,metaspace] GC(65) Metaspace: 43155K(46848K)->43155K(46848K) NonClass: 33189K(34816K)->33189K(34816K) Class: 9965K(12032K)->9965K(12032K)
[166.356s][info][gc          ] GC(65) Pause Full (System.gc()) 778M->778M(5939M) 2418.239ms
[168.727s][info][gc,metaspace] GC(66) Metaspace: 43155K(46848K)->43155K(46848K) NonClass: 33189K(34816K)->33189K(34816K) Class: 9965K(12032K)->9965K(12032K)
[168.727s][info][gc          ] GC(66) Pause Full (System.gc()) 778M->778M(5939M) 2371.337ms
[171.096s][info][gc,metaspace] GC(67) Metaspace: 43155K(46848K)->43155K(46848K) NonClass: 33189K(34816K)->33189K(34816K) Class: 9965K(12032K)->9965K(12032K)
[171.096s][info][gc          ] GC(67) Pause Full (System.gc()) 778M->778M(5939M) 2368.311ms
[173.515s][info][gc,metaspace] GC(68) Metaspace: 43155K(46848K)->43155K(46848K) NonClass: 33189K(34816K)->33189K(34816K) Class: 9965K(12032K)->9965K(12032K)
[173.515s][info][gc          ] GC(68) Pause Full (System.gc()) 778M->778M(5939M) 2419.047ms
[175.885s][info][gc,metaspace] GC(69) Metaspace: 43155K(46848K)->43155K(46848K) NonClass: 33189K(34816K)->33189K(34816K) Class: 9965K(12032K)->9965K(12032K)
[175.885s][info][gc          ] GC(69) Pause Full (System.gc()) 778M->778M(5939M) 2369.595ms
[178.309s][info][gc,metaspace] GC(70) Metaspace: 43155K(46848K)->43155K(46848K) NonClass: 33189K(34816K)->33189K(34816K) Class: 9965K(12032K)->9965K(12032K)
[178.309s][info][gc          ] GC(70) Pause Full (System.gc()) 778M->778M(5939M) 2423.903ms
[180.677s][info][gc,metaspace] GC(71) Metaspace: 43155K(46848K)->43155K(46848K) NonClass: 33189K(34816K)->33189K(34816K) Class: 9965K(12032K)->9965K(12032K)
[180.677s][info][gc          ] GC(71) Pause Full (System.gc()) 778M->778M(5939M) 2367.536ms
[183.047s][info][gc,metaspace] GC(72) Metaspace: 43155K(46848K)->43155K(46848K) NonClass: 33189K(34816K)->33189K(34816K) Class: 9965K(12032K)->9965K(12032K)
[183.047s][info][gc          ] GC(72) Pause Full (System.gc()) 778M->778M(5939M) 2370.374ms
[185.474s][info][gc,metaspace] GC(73) Metaspace: 43155K(46848K)->43155K(46848K) NonClass: 33189K(34816K)->33189K(34816K) Class: 9965K(12032K)->9965K(12032K)
[185.474s][info][gc          ] GC(73) Pause Full (System.gc()) 778M->778M(5939M) 2426.951ms
[187.871s][info][gc,metaspace] GC(74) Metaspace: 43155K(46848K)->43155K(46848K) NonClass: 33189K(34816K)->33189K(34816K) Class: 9965K(12032K)->9965K(12032K)
[187.871s][info][gc          ] GC(74) Pause Full (System.gc()) 778M->778M(5939M) 2396.604ms
[190.293s][info][gc,metaspace] GC(75) Metaspace: 43155K(46848K)->43155K(46848K) NonClass: 33189K(34816K)->33189K(34816K) Class: 9965K(12032K)->9965K(12032K)
[190.293s][info][gc          ] GC(75) Pause Full (System.gc()) 778M->778M(5939M) 2421.603ms
[192.660s][info][gc,metaspace] GC(76) Metaspace: 43155K(46848K)->43155K(46848K) NonClass: 33189K(34816K)->33189K(34816K) Class: 9965K(12032K)->9965K(12032K)
[192.660s][info][gc          ] GC(76) Pause Full (System.gc()) 778M->778M(5939M) 2366.794ms
[195.033s][info][gc,metaspace] GC(77) Metaspace: 43155K(46848K)->43155K(46848K) NonClass: 33189K(34816K)->33189K(34816K) Class: 9965K(12032K)->9965K(12032K)
[195.033s][info][gc          ] GC(77) Pause Full (System.gc()) 788M->778M(5939M) 2372.643ms
[197.451s][info][gc,metaspace] GC(78) Metaspace: 43155K(46848K)->43155K(46848K) NonClass: 33189K(34816K)->33189K(34816K) Class: 9965K(12032K)->9965K(12032K)
[197.451s][info][gc          ] GC(78) Pause Full (System.gc()) 778M->778M(5939M) 2418.533ms
[199.820s][info][gc,metaspace] GC(79) Metaspace: 43155K(46848K)->43155K(46848K) NonClass: 33189K(34816K)->33189K(34816K) Class: 9965K(12032K)->9965K(12032K)
[199.820s][info][gc          ] GC(79) Pause Full (System.gc()) 778M->778M(5939M) 2368.777ms
[202.242s][info][gc,metaspace] GC(80) Metaspace: 43155K(46848K)->43155K(46848K) NonClass: 33189K(34816K)->33189K(34816K) Class: 9965K(12032K)->9965K(12032K)
[202.242s][info][gc          ] GC(80) Pause Full (System.gc()) 778M->778M(5939M) 2421.447ms
[204.626s][info][gc,metaspace] GC(81) Metaspace: 43155K(46848K)->43155K(46848K) NonClass: 33189K(34816K)->33189K(34816K) Class: 9965K(12032K)->9965K(12032K)
[204.626s][info][gc          ] GC(81) Pause Full (System.gc()) 778M->778M(5939M) 2383.830ms
[207.001s][info][gc,metaspace] GC(82) Metaspace: 43155K(46848K)->43155K(46848K) NonClass: 33189K(34816K)->33189K(34816K) Class: 9965K(12032K)->9965K(12032K)
[207.001s][info][gc          ] GC(82) Pause Full (System.gc()) 778M->778M(5939M) 2375.158ms
[209.425s][info][gc,metaspace] GC(83) Metaspace: 43155K(46848K)->43155K(46848K) NonClass: 33189K(34816K)->33189K(34816K) Class: 9965K(12032K)->9965K(12032K)
[209.425s][info][gc          ] GC(83) Pause Full (System.gc()) 778M->778M(5939M) 2423.319ms
[211.819s][info][gc,metaspace] GC(84) Metaspace: 43155K(46848K)->43155K(46848K) NonClass: 33189K(34816K)->33189K(34816K) Class: 9965K(12032K)->9965K(12032K)
[211.819s][info][gc          ] GC(84) Pause Full (System.gc()) 778M->778M(5939M) 2394.680ms
[214.242s][info][gc,metaspace] GC(85) Metaspace: 43155K(46848K)->43155K(46848K) NonClass: 33189K(34816K)->33189K(34816K) Class: 9965K(12032K)->9965K(12032K)
[214.242s][info][gc          ] GC(85) Pause Full (System.gc()) 778M->778M(5939M) 2422.969ms
[216.856s][info][gc,metaspace] GC(86) Metaspace: 43155K(46848K)->43155K(46848K) NonClass: 33189K(34816K)->33189K(34816K) Class: 9965K(12032K)->9965K(12032K)
[216.856s][info][gc          ] GC(86) Pause Full (System.gc()) 778M->778M(5939M) 2613.614ms
[219.277s][info][gc,metaspace] GC(87) Metaspace: 43155K(46848K)->43155K(46848K) NonClass: 33189K(34816K)->33189K(34816K) Class: 9965K(12032K)->9965K(12032K)
[219.277s][info][gc          ] GC(87) Pause Full (System.gc()) 778M->778M(5939M) 2420.738ms
[221.654s][info][gc,metaspace] GC(88) Metaspace: 43155K(46848K)->43155K(46848K) NonClass: 33189K(34816K)->33189K(34816K) Class: 9965K(12032K)->9965K(12032K)
[221.654s][info][gc          ] GC(88) Pause Full (System.gc()) 778M->778M(5939M) 2376.588ms
[224.020s][info][gc,metaspace] GC(89) Metaspace: 43155K(46848K)->43155K(46848K) NonClass: 33189K(34816K)->33189K(34816K) Class: 9965K(12032K)->9965K(12032K)
[224.020s][info][gc          ] GC(89) Pause Full (System.gc()) 778M->778M(5939M) 2366.062ms
[226.440s][info][gc,metaspace] GC(90) Metaspace: 43155K(46848K)->43155K(46848K) NonClass: 33189K(34816K)->33189K(34816K) Class: 9965K(12032K)->9965K(12032K)
[226.440s][info][gc          ] GC(90) Pause Full (System.gc()) 778M->778M(5939M) 2420.074ms
[228.811s][info][gc,metaspace] GC(91) Metaspace: 43155K(46848K)->43155K(46848K) NonClass: 33189K(34816K)->33189K(34816K) Class: 9965K(12032K)->9965K(12032K)
[228.811s][info][gc          ] GC(91) Pause Full (System.gc()) 778M->778M(5939M) 2370.874ms
[231.177s][info][gc,metaspace] GC(92) Metaspace: 43155K(46848K)->43155K(46848K) NonClass: 33189K(34816K)->33189K(34816K) Class: 9965K(12032K)->9965K(12032K)
[231.177s][info][gc          ] GC(92) Pause Full (System.gc()) 778M->778M(5939M) 2366.268ms
[233.598s][info][gc,metaspace] GC(93) Metaspace: 43155K(46848K)->43155K(46848K) NonClass: 33189K(34816K)->33189K(34816K) Class: 9965K(12032K)->9965K(12032K)
[233.598s][info][gc          ] GC(93) Pause Full (System.gc()) 778M->778M(5939M) 2420.116ms
[235.967s][info][gc,metaspace] GC(94) Metaspace: 43155K(46848K)->43155K(46848K) NonClass: 33189K(34816K)->33189K(34816K) Class: 9965K(12032K)->9965K(12032K)
[235.967s][info][gc          ] GC(94) Pause Full (System.gc()) 778M->778M(5939M) 2369.555ms
[238.388s][info][gc,metaspace] GC(95) Metaspace: 43155K(46848K)->43155K(46848K) NonClass: 33189K(34816K)->33189K(34816K) Class: 9965K(12032K)->9965K(12032K)
[238.388s][info][gc          ] GC(95) Pause Full (System.gc()) 778M->778M(5939M) 2420.604ms
[240.756s][info][gc,metaspace] GC(96) Metaspace: 43155K(46848K)->43155K(46848K) NonClass: 33189K(34816K)->33189K(34816K) Class: 9965K(12032K)->9965K(12032K)
[240.757s][info][gc          ] GC(96) Pause Full (System.gc()) 778M->778M(5939M) 2368.217ms
[243.133s][info][gc,metaspace] GC(97) Metaspace: 43155K(46848K)->43155K(46848K) NonClass: 33189K(34816K)->33189K(34816K) Class: 9965K(12032K)->9965K(12032K)
[243.133s][info][gc          ] GC(97) Pause Full (System.gc()) 778M->778M(5939M) 2376.159ms
[245.554s][info][gc,metaspace] GC(98) Metaspace: 43155K(46848K)->43155K(46848K) NonClass: 33189K(34816K)->33189K(34816K) Class: 9965K(12032K)->9965K(12032K)
[245.554s][info][gc          ] GC(98) Pause Full (System.gc()) 778M->778M(5939M) 2421.049ms
[247.921s][info][gc,metaspace] GC(99) Metaspace: 43155K(46848K)->43155K(46848K) NonClass: 33189K(34816K)->33189K(34816K) Class: 9965K(12032K)->9965K(12032K)
[247.921s][info][gc          ] GC(99) Pause Full (System.gc()) 778M->778M(5939M) 2366.908ms
[250.342s][info][gc,metaspace] GC(100) Metaspace: 43155K(46848K)->43155K(46848K) NonClass: 33189K(34816K)->33189K(34816K) Class: 9965K(12032K)->9965K(12032K)
[250.342s][info][gc          ] GC(100) Pause Full (System.gc()) 778M->778M(5939M) 2420.553ms
[252.712s][info][gc,metaspace] GC(101) Metaspace: 43155K(46848K)->43155K(46848K) NonClass: 33189K(34816K)->33189K(34816K) Class: 9965K(12032K)->9965K(12032K)
[252.713s][info][gc          ] GC(101) Pause Full (System.gc()) 778M->778M(5939M) 2370.856ms
[255.081s][info][gc,metaspace] GC(102) Metaspace: 43155K(46848K)->43155K(46848K) NonClass: 33189K(34816K)->33189K(34816K) Class: 9965K(12032K)->9965K(12032K)
[255.081s][info][gc          ] GC(102) Pause Full (System.gc()) 778M->778M(5939M) 2368.483ms
[257.506s][info][gc,metaspace] GC(103) Metaspace: 43155K(46848K)->43155K(46848K) NonClass: 33189K(34816K)->33189K(34816K) Class: 9965K(12032K)->9965K(12032K)
[257.506s][info][gc          ] GC(103) Pause Full (System.gc()) 778M->778M(5939M) 2424.915ms
[259.880s][info][gc,metaspace] GC(104) Metaspace: 43155K(46848K)->43155K(46848K) NonClass: 33189K(34816K)->33189K(34816K) Class: 9965K(12032K)->9965K(12032K)
[259.880s][info][gc          ] GC(104) Pause Full (System.gc()) 778M->778M(5939M) 2373.668ms
[262.299s][info][gc,metaspace] GC(105) Metaspace: 43155K(46848K)->43155K(46848K) NonClass: 33189K(34816K)->33189K(34816K) Class: 9965K(12032K)->9965K(12032K)
[262.299s][info][gc          ] GC(105) Pause Full (System.gc()) 788M->778M(5939M) 2418.766ms
[264.668s][info][gc,metaspace] GC(106) Metaspace: 43155K(46848K)->43155K(46848K) NonClass: 33189K(34816K)->33189K(34816K) Class: 9965K(12032K)->9965K(12032K)
[264.668s][info][gc          ] GC(106) Pause Full (System.gc()) 778M->778M(5939M) 2368.806ms
[267.038s][info][gc,metaspace] GC(107) Metaspace: 43155K(46848K)->43155K(46848K) NonClass: 33189K(34816K)->33189K(34816K) Class: 9965K(12032K)->9965K(12032K)
[267.038s][info][gc          ] GC(107) Pause Full (System.gc()) 778M->778M(5939M) 2370.265ms
[269.456s][info][gc,metaspace] GC(108) Metaspace: 43155K(46848K)->43155K(46848K) NonClass: 33189K(34816K)->33189K(34816K) Class: 9965K(12032K)->9965K(12032K)
[269.456s][info][gc          ] GC(108) Pause Full (System.gc()) 778M->778M(5939M) 2417.968ms
[271.823s][info][gc,metaspace] GC(109) Metaspace: 43155K(46848K)->43155K(46848K) NonClass: 33189K(34816K)->33189K(34816K) Class: 9965K(12032K)->9965K(12032K)
[271.823s][info][gc          ] GC(109) Pause Full (System.gc()) 778M->778M(5939M) 2366.277ms
After GCs... 
