Done; will start GCs... 
[35.677s][info][gc,metaspace] GC(10) Metaspace: 43152K(46912K)->43152K(46912K) NonClass: 33187K(34880K)->33187K(34880K) Class: 9965K(12032K)->9965K(12032K)
[35.677s][info][gc          ] GC(10) Pause Full (System.gc()) 984M->778M(5939M) 5542.320ms
[39.310s][info][gc,metaspace] GC(11) Metaspace: 43152K(46912K)->43152K(46912K) NonClass: 33187K(34880K)->33187K(34880K) Class: 9965K(12032K)->9965K(12032K)
[39.310s][info][gc          ] GC(11) Pause Full (System.gc()) 778M->778M(5939M) 3632.409ms
[44.229s][info][gc,metaspace] GC(12) Metaspace: 43152K(46912K)->43152K(46912K) NonClass: 33187K(34880K)->33187K(34880K) Class: 9965K(12032K)->9965K(12032K)
[44.229s][info][gc          ] GC(12) Pause Full (System.gc()) 778M->778M(5939M) 4918.758ms
[47.851s][info][gc,metaspace] GC(13) Metaspace: 43152K(46912K)->43152K(46912K) NonClass: 33187K(34880K)->33187K(34880K) Class: 9965K(12032K)->9965K(12032K)
[47.851s][info][gc          ] GC(13) Pause Full (System.gc()) 778M->778M(5939M) 3622.011ms
[51.664s][info][gc,metaspace] GC(14) Metaspace: 43152K(46912K)->43152K(46912K) NonClass: 33187K(34880K)->33187K(34880K) Class: 9965K(12032K)->9965K(12032K)
[51.664s][info][gc          ] GC(14) Pause Full (System.gc()) 778M->778M(5939M) 3812.848ms
[55.287s][info][gc,metaspace] GC(15) Metaspace: 43152K(46912K)->43152K(46912K) NonClass: 33187K(34880K)->33187K(34880K) Class: 9965K(12032K)->9965K(12032K)
[55.287s][info][gc          ] GC(15) Pause Full (System.gc()) 778M->778M(5939M) 3623.075ms
[58.918s][info][gc,metaspace] GC(16) Metaspace: 43152K(46912K)->43152K(46912K) NonClass: 33187K(34880K)->33187K(34880K) Class: 9965K(12032K)->9965K(12032K)
[58.918s][info][gc          ] GC(16) Pause Full (System.gc()) 778M->778M(5939M) 3630.465ms
[62.488s][info][gc,metaspace] GC(17) Metaspace: 43152K(46912K)->43152K(46912K) NonClass: 33187K(34880K)->33187K(34880K) Class: 9965K(12032K)->9965K(12032K)
[62.488s][info][gc          ] GC(17) Pause Full (System.gc()) 778M->778M(5939M) 3569.680ms
[66.109s][info][gc,metaspace] GC(18) Metaspace: 43152K(46912K)->43152K(46912K) NonClass: 33187K(34880K)->33187K(34880K) Class: 9965K(12032K)->9965K(12032K)
[66.109s][info][gc          ] GC(18) Pause Full (System.gc()) 778M->778M(5939M) 3620.882ms
[69.682s][info][gc,metaspace] GC(19) Metaspace: 43152K(46912K)->43152K(46912K) NonClass: 33187K(34880K)->33187K(34880K) Class: 9965K(12032K)->9965K(12032K)
[69.682s][info][gc          ] GC(19) Pause Full (System.gc()) 788M->778M(5939M) 3572.332ms
[74.563s][info][gc,metaspace] GC(20) Metaspace: 43152K(46912K)->43152K(46912K) NonClass: 33187K(34880K)->33187K(34880K) Class: 9965K(12032K)->9965K(12032K)
[74.563s][info][gc          ] GC(20) Pause Full (System.gc()) 778M->778M(5939M) 4881.418ms
[78.183s][info][gc,metaspace] GC(21) Metaspace: 43152K(46912K)->43152K(46912K) NonClass: 33187K(34880K)->33187K(34880K) Class: 9965K(12032K)->9965K(12032K)
[78.183s][info][gc          ] GC(21) Pause Full (System.gc()) 778M->778M(5939M) 3619.406ms
[81.759s][info][gc,metaspace] GC(22) Metaspace: 43152K(46912K)->43152K(46912K) NonClass: 33187K(34880K)->33187K(34880K) Class: 9965K(12032K)->9965K(12032K)
[81.759s][info][gc          ] GC(22) Pause Full (System.gc()) 778M->778M(5939M) 3576.214ms
[85.378s][info][gc,metaspace] GC(23) Metaspace: 43152K(46912K)->43152K(46912K) NonClass: 33187K(34880K)->33187K(34880K) Class: 9965K(12032K)->9965K(12032K)
[85.378s][info][gc          ] GC(23) Pause Full (System.gc()) 778M->778M(5939M) 3618.908ms
[89.000s][info][gc,metaspace] GC(24) Metaspace: 43152K(46912K)->43152K(46912K) NonClass: 33187K(34880K)->33187K(34880K) Class: 9965K(12032K)->9965K(12032K)
[89.000s][info][gc          ] GC(24) Pause Full (System.gc()) 778M->778M(5939M) 3621.946ms
[92.571s][info][gc,metaspace] GC(25) Metaspace: 43152K(46912K)->43152K(46912K) NonClass: 33187K(34880K)->33187K(34880K) Class: 9965K(12032K)->9965K(12032K)
[92.571s][info][gc          ] GC(25) Pause Full (System.gc()) 778M->778M(5939M) 3570.241ms
[96.192s][info][gc,metaspace] GC(26) Metaspace: 43152K(46912K)->43152K(46912K) NonClass: 33187K(34880K)->33187K(34880K) Class: 9965K(12032K)->9965K(12032K)
[96.192s][info][gc          ] GC(26) Pause Full (System.gc()) 778M->778M(5939M) 3621.273ms
[99.756s][info][gc,metaspace] GC(27) Metaspace: 43152K(46912K)->43152K(46912K) NonClass: 33187K(34880K)->33187K(34880K) Class: 9965K(12032K)->9965K(12032K)
[99.756s][info][gc          ] GC(27) Pause Full (System.gc()) 778M->778M(5939M) 3563.175ms
[103.377s][info][gc,metaspace] GC(28) Metaspace: 43152K(46912K)->43152K(46912K) NonClass: 33187K(34880K)->33187K(34880K) Class: 9965K(12032K)->9965K(12032K)
[103.377s][info][gc          ] GC(28) Pause Full (System.gc()) 778M->778M(5939M) 3620.989ms
[107.006s][info][gc,metaspace] GC(29) Metaspace: 43152K(46912K)->43152K(46912K) NonClass: 33187K(34880K)->33187K(34880K) Class: 9965K(12032K)->9965K(12032K)
[107.006s][info][gc          ] GC(29) Pause Full (System.gc()) 778M->778M(5939M) 3628.842ms
[110.569s][info][gc,metaspace] GC(30) Metaspace: 43152K(46912K)->43152K(46912K) NonClass: 33187K(34880K)->33187K(34880K) Class: 9965K(12032K)->9965K(12032K)
[110.569s][info][gc          ] GC(30) Pause Full (System.gc()) 778M->778M(5939M) 3562.612ms
[114.188s][info][gc,metaspace] GC(31) Metaspace: 43152K(46912K)->43152K(46912K) NonClass: 33187K(34880K)->33187K(34880K) Class: 9965K(12032K)->9965K(12032K)
[114.188s][info][gc          ] GC(31) Pause Full (System.gc()) 778M->778M(5939M) 3618.829ms
[117.749s][info][gc,metaspace] GC(32) Metaspace: 43152K(46912K)->43152K(46912K) NonClass: 33187K(34880K)->33187K(34880K) Class: 9965K(12032K)->9965K(12032K)
[117.749s][info][gc          ] GC(32) Pause Full (System.gc()) 778M->778M(5939M) 3561.131ms
[121.373s][info][gc,metaspace] GC(33) Metaspace: 43152K(46912K)->43152K(46912K) NonClass: 33187K(34880K)->33187K(34880K) Class: 9965K(12032K)->9965K(12032K)
[121.373s][info][gc          ] GC(33) Pause Full (System.gc()) 778M->778M(5939M) 3623.727ms
[124.996s][info][gc,metaspace] GC(34) Metaspace: 43152K(46912K)->43152K(46912K) NonClass: 33187K(34880K)->33187K(34880K) Class: 9965K(12032K)->9965K(12032K)
[124.996s][info][gc          ] GC(34) Pause Full (System.gc()) 778M->778M(5939M) 3622.929ms
[128.572s][info][gc,metaspace] GC(35) Metaspace: 43152K(46912K)->43152K(46912K) NonClass: 33187K(34880K)->33187K(34880K) Class: 9965K(12032K)->9965K(12032K)
[128.572s][info][gc          ] GC(35) Pause Full (System.gc()) 778M->778M(5939M) 3575.383ms
[132.191s][info][gc,metaspace] GC(36) Metaspace: 43152K(46912K)->43152K(46912K) NonClass: 33187K(34880K)->33187K(34880K) Class: 9965K(12032K)->9965K(12032K)
[132.191s][info][gc          ] GC(36) Pause Full (System.gc()) 778M->778M(5939M) 3618.585ms
[135.762s][info][gc,metaspace] GC(37) Metaspace: 43152K(46912K)->43152K(46912K) NonClass: 33187K(34880K)->33187K(34880K) Class: 9965K(12032K)->9965K(12032K)
[135.762s][info][gc          ] GC(37) Pause Full (System.gc()) 788M->778M(5939M) 3570.632ms
[139.381s][info][gc,metaspace] GC(38) Metaspace: 43152K(46912K)->43152K(46912K) NonClass: 33187K(34880K)->33187K(34880K) Class: 9965K(12032K)->9965K(12032K)
[139.381s][info][gc          ] GC(38) Pause Full (System.gc()) 778M->778M(5939M) 3618.703ms
[143.014s][info][gc,metaspace] GC(39) Metaspace: 43152K(46912K)->43152K(46912K) NonClass: 33187K(34880K)->33187K(34880K) Class: 9965K(12032K)->9965K(12032K)
[143.014s][info][gc          ] GC(39) Pause Full (System.gc()) 778M->778M(5939M) 3633.223ms
[146.578s][info][gc,metaspace] GC(40) Metaspace: 43152K(46912K)->43152K(46912K) NonClass: 33187K(34880K)->33187K(34880K) Class: 9965K(12032K)->9965K(12032K)
[146.578s][info][gc          ] GC(40) Pause Full (System.gc()) 778M->778M(5939M) 3564.124ms
[150.195s][info][gc,metaspace] GC(41) Metaspace: 43152K(46912K)->43152K(46912K) NonClass: 33187K(34880K)->33187K(34880K) Class: 9965K(12032K)->9965K(12032K)
[150.195s][info][gc          ] GC(41) Pause Full (System.gc()) 778M->778M(5939M) 3616.082ms
[153.823s][info][gc,metaspace] GC(42) Metaspace: 43152K(46912K)->43152K(46912K) NonClass: 33187K(34880K)->33187K(34880K) Class: 9965K(12032K)->9965K(12032K)
[153.823s][info][gc          ] GC(42) Pause Full (System.gc()) 778M->778M(5939M) 3628.011ms
[157.449s][info][gc,metaspace] GC(43) Metaspace: 43152K(46912K)->43152K(46912K) NonClass: 33187K(34880K)->33187K(34880K) Class: 9965K(12032K)->9965K(12032K)
[157.449s][info][gc          ] GC(43) Pause Full (System.gc()) 778M->778M(5939M) 3626.290ms
[161.085s][info][gc,metaspace] GC(44) Metaspace: 43152K(46912K)->43152K(46912K) NonClass: 33187K(34880K)->33187K(34880K) Class: 9965K(12032K)->9965K(12032K)
[161.085s][info][gc          ] GC(44) Pause Full (System.gc()) 778M->778M(5939M) 3635.312ms
[164.710s][info][gc,metaspace] GC(45) Metaspace: 43152K(46912K)->43152K(46912K) NonClass: 33187K(34880K)->33187K(34880K) Class: 9965K(12032K)->9965K(12032K)
[164.710s][info][gc          ] GC(45) Pause Full (System.gc()) 778M->778M(5939M) 3624.529ms
[168.330s][info][gc,metaspace] GC(46) Metaspace: 43152K(46912K)->43152K(46912K) NonClass: 33187K(34880K)->33187K(34880K) Class: 9965K(12032K)->9965K(12032K)
[168.330s][info][gc          ] GC(46) Pause Full (System.gc()) 778M->778M(5939M) 3619.778ms
[171.946s][info][gc,metaspace] GC(47) Metaspace: 43152K(46912K)->43152K(46912K) NonClass: 33187K(34880K)->33187K(34880K) Class: 9965K(12032K)->9965K(12032K)
[171.946s][info][gc          ] GC(47) Pause Full (System.gc()) 778M->778M(5939M) 3616.104ms
[175.519s][info][gc,metaspace] GC(48) Metaspace: 43152K(46912K)->43152K(46912K) NonClass: 33187K(34880K)->33187K(34880K) Class: 9965K(12032K)->9965K(12032K)
[175.519s][info][gc          ] GC(48) Pause Full (System.gc()) 778M->778M(5939M) 3572.521ms
[179.149s][info][gc,metaspace] GC(49) Metaspace: 43152K(46912K)->43152K(46912K) NonClass: 33187K(34880K)->33187K(34880K) Class: 9965K(12032K)->9965K(12032K)
[179.149s][info][gc          ] GC(49) Pause Full (System.gc()) 778M->778M(5939M) 3629.874ms
[182.711s][info][gc,metaspace] GC(50) Metaspace: 43152K(46912K)->43152K(46912K) NonClass: 33187K(34880K)->33187K(34880K) Class: 9965K(12032K)->9965K(12032K)
[182.711s][info][gc          ] GC(50) Pause Full (System.gc()) 778M->778M(5939M) 3562.372ms
[186.328s][info][gc,metaspace] GC(51) Metaspace: 43152K(46912K)->43152K(46912K) NonClass: 33187K(34880K)->33187K(34880K) Class: 9965K(12032K)->9965K(12032K)
[186.329s][info][gc          ] GC(51) Pause Full (System.gc()) 778M->778M(5939M) 3617.006ms
[189.948s][info][gc,metaspace] GC(52) Metaspace: 43152K(46912K)->43152K(46912K) NonClass: 33187K(34880K)->33187K(34880K) Class: 9965K(12032K)->9965K(12032K)
[189.948s][info][gc          ] GC(52) Pause Full (System.gc()) 778M->778M(5939M) 3618.825ms
[193.517s][info][gc,metaspace] GC(53) Metaspace: 43152K(46912K)->43152K(46912K) NonClass: 33187K(34880K)->33187K(34880K) Class: 9965K(12032K)->9965K(12032K)
[193.517s][info][gc          ] GC(53) Pause Full (System.gc()) 778M->778M(5939M) 3568.920ms
[197.137s][info][gc,metaspace] GC(54) Metaspace: 43152K(46912K)->43152K(46912K) NonClass: 33187K(34880K)->33187K(34880K) Class: 9965K(12032K)->9965K(12032K)
[197.138s][info][gc          ] GC(54) Pause Full (System.gc()) 778M->778M(5939M) 3620.529ms
[200.708s][info][gc,metaspace] GC(55) Metaspace: 43152K(46912K)->43152K(46912K) NonClass: 33187K(34880K)->33187K(34880K) Class: 9965K(12032K)->9965K(12032K)
[200.708s][info][gc          ] GC(55) Pause Full (System.gc()) 788M->778M(5939M) 3569.849ms
[204.326s][info][gc,metaspace] GC(56) Metaspace: 43152K(46912K)->43152K(46912K) NonClass: 33187K(34880K)->33187K(34880K) Class: 9965K(12032K)->9965K(12032K)
[204.326s][info][gc          ] GC(56) Pause Full (System.gc()) 778M->778M(5939M) 3618.150ms
[207.956s][info][gc,metaspace] GC(57) Metaspace: 43152K(46912K)->43152K(46912K) NonClass: 33187K(34880K)->33187K(34880K) Class: 9965K(12032K)->9965K(12032K)
[207.956s][info][gc          ] GC(57) Pause Full (System.gc()) 778M->778M(5939M) 3629.992ms
[211.528s][info][gc,metaspace] GC(58) Metaspace: 43152K(46912K)->43152K(46912K) NonClass: 33187K(34880K)->33187K(34880K) Class: 9965K(12032K)->9965K(12032K)
[211.528s][info][gc          ] GC(58) Pause Full (System.gc()) 778M->778M(5939M) 3571.532ms
[215.156s][info][gc,metaspace] GC(59) Metaspace: 43152K(46912K)->43152K(46912K) NonClass: 33187K(34880K)->33187K(34880K) Class: 9965K(12032K)->9965K(12032K)
[215.156s][info][gc          ] GC(59) Pause Full (System.gc()) 778M->778M(5939M) 3627.447ms
[218.727s][info][gc,metaspace] GC(60) Metaspace: 43152K(46912K)->43152K(46912K) NonClass: 33187K(34880K)->33187K(34880K) Class: 9965K(12032K)->9965K(12032K)
[218.727s][info][gc          ] GC(60) Pause Full (System.gc()) 778M->778M(5939M) 3571.046ms
[222.347s][info][gc,metaspace] GC(61) Metaspace: 43152K(46912K)->43152K(46912K) NonClass: 33187K(34880K)->33187K(34880K) Class: 9965K(12032K)->9965K(12032K)
[222.347s][info][gc          ] GC(61) Pause Full (System.gc()) 778M->778M(5939M) 3620.152ms
[225.960s][info][gc,metaspace] GC(62) Metaspace: 43152K(46912K)->43152K(46912K) NonClass: 33187K(34880K)->33187K(34880K) Class: 9965K(12032K)->9965K(12032K)
[225.960s][info][gc          ] GC(62) Pause Full (System.gc()) 778M->778M(5939M) 3613.083ms
[229.528s][info][gc,metaspace] GC(63) Metaspace: 43152K(46912K)->43152K(46912K) NonClass: 33187K(34880K)->33187K(34880K) Class: 9965K(12032K)->9965K(12032K)
[229.528s][info][gc          ] GC(63) Pause Full (System.gc()) 778M->778M(5939M) 3567.254ms
[233.151s][info][gc,metaspace] GC(64) Metaspace: 43152K(46912K)->43152K(46912K) NonClass: 33187K(34880K)->33187K(34880K) Class: 9965K(12032K)->9965K(12032K)
[233.151s][info][gc          ] GC(64) Pause Full (System.gc()) 778M->778M(5939M) 3622.646ms
[236.719s][info][gc,metaspace] GC(65) Metaspace: 43152K(46912K)->43152K(46912K) NonClass: 33187K(34880K)->33187K(34880K) Class: 9965K(12032K)->9965K(12032K)
[236.719s][info][gc          ] GC(65) Pause Full (System.gc()) 778M->778M(5939M) 3568.185ms
[240.340s][info][gc,metaspace] GC(66) Metaspace: 43152K(46912K)->43152K(46912K) NonClass: 33187K(34880K)->33187K(34880K) Class: 9965K(12032K)->9965K(12032K)
[240.340s][info][gc          ] GC(66) Pause Full (System.gc()) 778M->778M(5939M) 3621.015ms
[243.967s][info][gc,metaspace] GC(67) Metaspace: 43152K(46912K)->43152K(46912K) NonClass: 33187K(34880K)->33187K(34880K) Class: 9965K(12032K)->9965K(12032K)
[243.967s][info][gc          ] GC(67) Pause Full (System.gc()) 778M->778M(5939M) 3626.369ms
[247.545s][info][gc,metaspace] GC(68) Metaspace: 43152K(46912K)->43152K(46912K) NonClass: 33187K(34880K)->33187K(34880K) Class: 9965K(12032K)->9965K(12032K)
[247.545s][info][gc          ] GC(68) Pause Full (System.gc()) 778M->778M(5939M) 3578.166ms
[251.166s][info][gc,metaspace] GC(69) Metaspace: 43152K(46912K)->43152K(46912K) NonClass: 33187K(34880K)->33187K(34880K) Class: 9965K(12032K)->9965K(12032K)
[251.166s][info][gc          ] GC(69) Pause Full (System.gc()) 778M->778M(5939M) 3621.076ms
[254.736s][info][gc,metaspace] GC(70) Metaspace: 43152K(46912K)->43152K(46912K) NonClass: 33187K(34880K)->33187K(34880K) Class: 9965K(12032K)->9965K(12032K)
[254.736s][info][gc          ] GC(70) Pause Full (System.gc()) 778M->778M(5939M) 3569.976ms
[258.350s][info][gc,metaspace] GC(71) Metaspace: 43152K(46912K)->43152K(46912K) NonClass: 33187K(34880K)->33187K(34880K) Class: 9965K(12032K)->9965K(12032K)
[258.350s][info][gc          ] GC(71) Pause Full (System.gc()) 778M->778M(5939M) 3613.675ms
[261.961s][info][gc,metaspace] GC(72) Metaspace: 43152K(46912K)->43152K(46912K) NonClass: 33187K(34880K)->33187K(34880K) Class: 9965K(12032K)->9965K(12032K)
[261.961s][info][gc          ] GC(72) Pause Full (System.gc()) 788M->778M(5939M) 3610.314ms
[265.529s][info][gc,metaspace] GC(73) Metaspace: 43152K(46912K)->43152K(46912K) NonClass: 33187K(34880K)->33187K(34880K) Class: 9965K(12032K)->9965K(12032K)
[265.529s][info][gc          ] GC(73) Pause Full (System.gc()) 778M->778M(5939M) 3567.833ms
[269.148s][info][gc,metaspace] GC(74) Metaspace: 43152K(46912K)->43152K(46912K) NonClass: 33187K(34880K)->33187K(34880K) Class: 9965K(12032K)->9965K(12032K)
[269.148s][info][gc          ] GC(74) Pause Full (System.gc()) 778M->778M(5939M) 3619.253ms
[272.717s][info][gc,metaspace] GC(75) Metaspace: 43152K(46912K)->43152K(46912K) NonClass: 33187K(34880K)->33187K(34880K) Class: 9965K(12032K)->9965K(12032K)
[272.717s][info][gc          ] GC(75) Pause Full (System.gc()) 778M->778M(5939M) 3568.867ms
[276.347s][info][gc,metaspace] GC(76) Metaspace: 43152K(46912K)->43152K(46912K) NonClass: 33187K(34880K)->33187K(34880K) Class: 9965K(12032K)->9965K(12032K)
[276.347s][info][gc          ] GC(76) Pause Full (System.gc()) 778M->778M(5939M) 3630.145ms
[279.969s][info][gc,metaspace] GC(77) Metaspace: 43152K(46912K)->43152K(46912K) NonClass: 33187K(34880K)->33187K(34880K) Class: 9965K(12032K)->9965K(12032K)
[279.969s][info][gc          ] GC(77) Pause Full (System.gc()) 778M->778M(5939M) 3621.977ms
[283.538s][info][gc,metaspace] GC(78) Metaspace: 43152K(46912K)->43152K(46912K) NonClass: 33187K(34880K)->33187K(34880K) Class: 9965K(12032K)->9965K(12032K)
[283.538s][info][gc          ] GC(78) Pause Full (System.gc()) 778M->778M(5939M) 3568.516ms
[287.158s][info][gc,metaspace] GC(79) Metaspace: 43152K(46912K)->43152K(46912K) NonClass: 33187K(34880K)->33187K(34880K) Class: 9965K(12032K)->9965K(12032K)
[287.158s][info][gc          ] GC(79) Pause Full (System.gc()) 778M->778M(5939M) 3620.316ms
[290.721s][info][gc,metaspace] GC(80) Metaspace: 43152K(46912K)->43152K(46912K) NonClass: 33187K(34880K)->33187K(34880K) Class: 9965K(12032K)->9965K(12032K)
[290.721s][info][gc          ] GC(80) Pause Full (System.gc()) 778M->778M(5939M) 3563.072ms
[294.341s][info][gc,metaspace] GC(81) Metaspace: 43152K(46912K)->43152K(46912K) NonClass: 33187K(34880K)->33187K(34880K) Class: 9965K(12032K)->9965K(12032K)
[294.341s][info][gc          ] GC(81) Pause Full (System.gc()) 778M->778M(5939M) 3619.276ms
[297.961s][info][gc,metaspace] GC(82) Metaspace: 43152K(46912K)->43152K(46912K) NonClass: 33187K(34880K)->33187K(34880K) Class: 9965K(12032K)->9965K(12032K)
[297.961s][info][gc          ] GC(82) Pause Full (System.gc()) 778M->778M(5939M) 3620.169ms
[301.528s][info][gc,metaspace] GC(83) Metaspace: 43152K(46912K)->43152K(46912K) NonClass: 33187K(34880K)->33187K(34880K) Class: 9965K(12032K)->9965K(12032K)
[301.528s][info][gc          ] GC(83) Pause Full (System.gc()) 778M->778M(5939M) 3566.567ms
[305.153s][info][gc,metaspace] GC(84) Metaspace: 43152K(46912K)->43152K(46912K) NonClass: 33187K(34880K)->33187K(34880K) Class: 9965K(12032K)->9965K(12032K)
[305.153s][info][gc          ] GC(84) Pause Full (System.gc()) 778M->778M(5939M) 3625.101ms
[308.722s][info][gc,metaspace] GC(85) Metaspace: 43152K(46912K)->43152K(46912K) NonClass: 33187K(34880K)->33187K(34880K) Class: 9965K(12032K)->9965K(12032K)
[308.722s][info][gc          ] GC(85) Pause Full (System.gc()) 778M->778M(5939M) 3568.714ms
[312.340s][info][gc,metaspace] GC(86) Metaspace: 43152K(46912K)->43152K(46912K) NonClass: 33187K(34880K)->33187K(34880K) Class: 9965K(12032K)->9965K(12032K)
[312.340s][info][gc          ] GC(86) Pause Full (System.gc()) 778M->778M(5939M) 3618.043ms
[315.956s][info][gc,metaspace] GC(87) Metaspace: 43152K(46912K)->43152K(46912K) NonClass: 33187K(34880K)->33187K(34880K) Class: 9965K(12032K)->9965K(12032K)
[315.956s][info][gc          ] GC(87) Pause Full (System.gc()) 778M->778M(5939M) 3616.200ms
[319.529s][info][gc,metaspace] GC(88) Metaspace: 43152K(46912K)->43152K(46912K) NonClass: 33187K(34880K)->33187K(34880K) Class: 9965K(12032K)->9965K(12032K)
[319.529s][info][gc          ] GC(88) Pause Full (System.gc()) 778M->778M(5939M) 3573.253ms
[323.145s][info][gc,metaspace] GC(89) Metaspace: 43152K(46912K)->43152K(46912K) NonClass: 33187K(34880K)->33187K(34880K) Class: 9965K(12032K)->9965K(12032K)
[323.145s][info][gc          ] GC(89) Pause Full (System.gc()) 788M->778M(5939M) 3615.789ms
[326.717s][info][gc,metaspace] GC(90) Metaspace: 43152K(46912K)->43152K(46912K) NonClass: 33187K(34880K)->33187K(34880K) Class: 9965K(12032K)->9965K(12032K)
[326.717s][info][gc          ] GC(90) Pause Full (System.gc()) 778M->778M(5939M) 3571.178ms
[330.337s][info][gc,metaspace] GC(91) Metaspace: 43152K(46912K)->43152K(46912K) NonClass: 33187K(34880K)->33187K(34880K) Class: 9965K(12032K)->9965K(12032K)
[330.337s][info][gc          ] GC(91) Pause Full (System.gc()) 778M->778M(5939M) 3620.503ms
[333.954s][info][gc,metaspace] GC(92) Metaspace: 43152K(46912K)->43152K(46912K) NonClass: 33187K(34880K)->33187K(34880K) Class: 9965K(12032K)->9965K(12032K)
[333.954s][info][gc          ] GC(92) Pause Full (System.gc()) 778M->778M(5939M) 3616.504ms
[337.527s][info][gc,metaspace] GC(93) Metaspace: 43152K(46912K)->43152K(46912K) NonClass: 33187K(34880K)->33187K(34880K) Class: 9965K(12032K)->9965K(12032K)
[337.527s][info][gc          ] GC(93) Pause Full (System.gc()) 778M->778M(5939M) 3573.357ms
[341.138s][info][gc,metaspace] GC(94) Metaspace: 43152K(46912K)->43152K(46912K) NonClass: 33187K(34880K)->33187K(34880K) Class: 9965K(12032K)->9965K(12032K)
[341.138s][info][gc          ] GC(94) Pause Full (System.gc()) 778M->778M(5939M) 3610.305ms
[344.710s][info][gc,metaspace] GC(95) Metaspace: 43152K(46912K)->43152K(46912K) NonClass: 33187K(34880K)->33187K(34880K) Class: 9965K(12032K)->9965K(12032K)
[344.710s][info][gc          ] GC(95) Pause Full (System.gc()) 778M->778M(5939M) 3572.243ms
[348.327s][info][gc,metaspace] GC(96) Metaspace: 43152K(46912K)->43152K(46912K) NonClass: 33187K(34880K)->33187K(34880K) Class: 9965K(12032K)->9965K(12032K)
[348.328s][info][gc          ] GC(96) Pause Full (System.gc()) 778M->778M(5939M) 3617.396ms
[351.956s][info][gc,metaspace] GC(97) Metaspace: 43152K(46912K)->43152K(46912K) NonClass: 33187K(34880K)->33187K(34880K) Class: 9965K(12032K)->9965K(12032K)
[351.956s][info][gc          ] GC(97) Pause Full (System.gc()) 778M->778M(5939M) 3628.624ms
[355.530s][info][gc,metaspace] GC(98) Metaspace: 43152K(46912K)->43152K(46912K) NonClass: 33187K(34880K)->33187K(34880K) Class: 9965K(12032K)->9965K(12032K)
[355.530s][info][gc          ] GC(98) Pause Full (System.gc()) 778M->778M(5939M) 3573.482ms
[359.152s][info][gc,metaspace] GC(99) Metaspace: 43152K(46912K)->43152K(46912K) NonClass: 33187K(34880K)->33187K(34880K) Class: 9965K(12032K)->9965K(12032K)
[359.152s][info][gc          ] GC(99) Pause Full (System.gc()) 778M->778M(5939M) 3622.005ms
[362.723s][info][gc,metaspace] GC(100) Metaspace: 43152K(46912K)->43152K(46912K) NonClass: 33187K(34880K)->33187K(34880K) Class: 9965K(12032K)->9965K(12032K)
[362.723s][info][gc          ] GC(100) Pause Full (System.gc()) 778M->778M(5939M) 3571.288ms
[366.334s][info][gc,metaspace] GC(101) Metaspace: 43152K(46912K)->43152K(46912K) NonClass: 33187K(34880K)->33187K(34880K) Class: 9965K(12032K)->9965K(12032K)
[366.334s][info][gc          ] GC(101) Pause Full (System.gc()) 778M->778M(5939M) 3610.371ms
[369.944s][info][gc,metaspace] GC(102) Metaspace: 43152K(46912K)->43152K(46912K) NonClass: 33187K(34880K)->33187K(34880K) Class: 9965K(12032K)->9965K(12032K)
[369.944s][info][gc          ] GC(102) Pause Full (System.gc()) 778M->778M(5939M) 3610.040ms
[373.512s][info][gc,metaspace] GC(103) Metaspace: 43152K(46912K)->43152K(46912K) NonClass: 33187K(34880K)->33187K(34880K) Class: 9965K(12032K)->9965K(12032K)
[373.512s][info][gc          ] GC(103) Pause Full (System.gc()) 778M->778M(5939M) 3568.075ms
[377.167s][info][gc,metaspace] GC(104) Metaspace: 43152K(46912K)->43152K(46912K) NonClass: 33187K(34880K)->33187K(34880K) Class: 9965K(12032K)->9965K(12032K)
[377.167s][info][gc          ] GC(104) Pause Full (System.gc()) 778M->778M(5939M) 3655.049ms
[380.736s][info][gc,metaspace] GC(105) Metaspace: 43152K(46912K)->43152K(46912K) NonClass: 33187K(34880K)->33187K(34880K) Class: 9965K(12032K)->9965K(12032K)
[380.736s][info][gc          ] GC(105) Pause Full (System.gc()) 778M->778M(5939M) 3568.346ms
[384.355s][info][gc,metaspace] GC(106) Metaspace: 43152K(46912K)->43152K(46912K) NonClass: 33187K(34880K)->33187K(34880K) Class: 9965K(12032K)->9965K(12032K)
[384.356s][info][gc          ] GC(106) Pause Full (System.gc()) 788M->778M(5939M) 3619.468ms
[387.975s][info][gc,metaspace] GC(107) Metaspace: 43152K(46912K)->43152K(46912K) NonClass: 33187K(34880K)->33187K(34880K) Class: 9965K(12032K)->9965K(12032K)
[387.975s][info][gc          ] GC(107) Pause Full (System.gc()) 778M->778M(5939M) 3619.389ms
[391.544s][info][gc,metaspace] GC(108) Metaspace: 43152K(46912K)->43152K(46912K) NonClass: 33187K(34880K)->33187K(34880K) Class: 9965K(12032K)->9965K(12032K)
[391.544s][info][gc          ] GC(108) Pause Full (System.gc()) 778M->778M(5939M) 3569.274ms
[395.164s][info][gc,metaspace] GC(109) Metaspace: 43152K(46912K)->43152K(46912K) NonClass: 33187K(34880K)->33187K(34880K) Class: 9965K(12032K)->9965K(12032K)
[395.164s][info][gc          ] GC(109) Pause Full (System.gc()) 778M->778M(5939M) 3619.167ms
After GCs... 
