[0.002s][info][metaspace]  - commit_granule_bytes: 65536.
[0.002s][info][metaspace]  - commit_granule_words: 8192.
[0.002s][info][metaspace]  - virtual_space_node_default_size: 8388608.
[0.002s][info][metaspace]  - enlarge_chunks_in_place: 1.
[0.002s][info][metaspace]  - use_allocation_guard: 0.
[0.010s][info][gc       ] Using G1
[0.565s][info][metaspace] Reserving compressed class space anywhere
[0.565s][info][gc,metaspace] CDS archive(s) not mapped
[0.570s][info][gc,metaspace] Compressed class space mapped at: 0x0000000017000000-0x00000000d7000000, reserved size: 3221225472
[0.570s][info][gc,metaspace] UseCompressedClassPointers 1, UseCompactObjectHeaders 1, narrow klass pointer bits 22, max shift 10
[0.570s][info][gc,metaspace] Narrow klass base: 0x0000000017000000, Narrow klass shift: 10, Narrow klass range: 0xc0000000
Random Seed: 12345678
Num Classes: 16384
Num Objects: 67108864
Percent IK Objects: 83.0%)
Percent OAK Objects: 5.0%)
Percent TAK Objects: 12.0%)
Wired up: false
Cycles: 10
Loading 16384 pre-generated classes ...
Materialize pre-generated constructors ...
Creating objects...
[1.045s][info][gc,metaspace] GC(0) Metaspace: 36682K(36864K)->36682K(36864K) NonClass: 18519K(18624K)->18519K(18624K) Class: 18162K(18240K)->18162K(18240K)
[1.045s][info][gc          ] GC(0) Pause Full (System.gc()) 30M->8M(6144M) 20.224ms
[1.774s][info][gc,metaspace] GC(1) Metaspace: 37492K(37760K)->37492K(37760K) NonClass: 19329K(19520K)->19329K(19520K) Class: 18162K(18240K)->18162K(18240K)
[1.774s][info][gc          ] GC(1) Pause Young (Normal) (G1 Evacuation Pause) 572M->299M(6144M) 27.147ms
[2.330s][info][gc,metaspace] GC(2) Metaspace: 39679K(41024K)->39679K(41024K) NonClass: 20963K(21696K)->20963K(21696K) Class: 18715K(19328K)->18715K(19328K)
[2.330s][info][gc          ] GC(2) Pause Young (Normal) (G1 Evacuation Pause) 571M->321M(6144M) 31.074ms
[2.907s][info][gc,metaspace] GC(3) Metaspace: 51868K(59968K)->51868K(59968K) NonClass: 29863K(34368K)->29863K(34368K) Class: 22005K(25600K)->22005K(25600K)
[2.907s][info][gc          ] GC(3) Pause Young (Normal) (G1 Evacuation Pause) 601M->331M(6144M) 17.967ms
[3.429s][info][gc,metaspace] GC(4) Metaspace: 64584K(79680K)->64584K(79680K) NonClass: 39143K(47488K)->39143K(47488K) Class: 25440K(32192K)->25440K(32192K)
[3.429s][info][gc          ] GC(4) Pause Young (Normal) (G1 Evacuation Pause) 603M->340M(6144M) 22.564ms
[4.502s][info][gc,metaspace] GC(5) Metaspace: 69410K(87104K)->69410K(87104K) NonClass: 42666K(52480K)->42666K(52480K) Class: 26744K(34624K)->26744K(34624K)
[4.502s][info][gc          ] GC(5) Pause Young (Normal) (G1 Evacuation Pause) 624M->357M(6144M) 26.966ms
[5.762s][info][gc,metaspace] GC(6) Metaspace: 69412K(87104K)->69412K(87104K) NonClass: 42667K(52480K)->42667K(52480K) Class: 26744K(34624K)->26744K(34624K)
[5.762s][info][gc          ] GC(6) Pause Young (Normal) (G1 Evacuation Pause) 621M->377M(6144M) 36.625ms
[7.145s][info][gc,metaspace] GC(7) Metaspace: 69412K(87104K)->69412K(87104K) NonClass: 42667K(52480K)->42667K(52480K) Class: 26744K(34624K)->26744K(34624K)
[7.145s][info][gc          ] GC(7) Pause Young (Normal) (G1 Evacuation Pause) 641M->406M(6144M) 46.551ms
[8.691s][info][gc,metaspace] GC(8) Metaspace: 71161K(88512K)->71161K(88512K) NonClass: 44416K(53888K)->44416K(53888K) Class: 26744K(34624K)->26744K(34624K)
[8.691s][info][gc          ] GC(8) Pause Young (Normal) (G1 Evacuation Pause) 702M->428M(6144M) 36.573ms
[10.013s][info][gc,metaspace] GC(9) Metaspace: 82942K(98048K)->82942K(98048K) NonClass: 56197K(63424K)->56197K(63424K) Class: 26744K(34624K)->26744K(34624K)
[10.013s][info][gc          ] GC(9) Pause Young (Concurrent Start) (CodeCache GC Threshold) 688M->453M(6144M) 43.764ms
[10.013s][info][gc          ] GC(10) Concurrent Mark Cycle
[10.297s][info][gc          ] GC(10) Pause Remark 515M->515M(6144M) 7.917ms
[10.453s][info][gc          ] GC(10) Pause Cleanup 539M->539M(6144M) 0.031ms
[10.459s][info][gc          ] GC(10) Concurrent Mark Cycle 445.626ms
[11.848s][info][gc,metaspace] GC(11) Metaspace: 85427K(100032K)->85427K(100032K) NonClass: 58682K(65408K)->58682K(65408K) Class: 26744K(34624K)->26744K(34624K)
[11.848s][info][gc          ] GC(11) Pause Young (Prepare Mixed) (G1 Evacuation Pause) 857M->489M(6144M) 53.081ms
[13.238s][info][gc,metaspace] GC(12) Metaspace: 89533K(103360K)->89533K(103360K) NonClass: 62789K(68736K)->62789K(68736K) Class: 26744K(34624K)->26744K(34624K)
[13.238s][info][gc          ] GC(12) Pause Young (Mixed) (G1 Evacuation Pause) 833M->524M(6144M) 61.691ms
[14.773s][info][gc,metaspace] GC(13) Metaspace: 89686K(103488K)->89686K(103488K) NonClass: 62942K(68864K)->62942K(68864K) Class: 26744K(34624K)->26744K(34624K)
[14.773s][info][gc          ] GC(13) Pause Young (Mixed) (G1 Evacuation Pause) 924M->556M(6144M) 48.555ms
[16.108s][info][gc,metaspace] GC(14) Metaspace: 89721K(103552K)->89721K(103552K) NonClass: 62976K(68928K)->62976K(68928K) Class: 26744K(34624K)->26744K(34624K)
[16.108s][info][gc          ] GC(14) Pause Young (Normal) (G1 Evacuation Pause) 936M->592M(6144M) 62.081ms
[17.757s][info][gc,metaspace] GC(15) Metaspace: 89721K(103552K)->89721K(103552K) NonClass: 62976K(68928K)->62976K(68928K) Class: 26744K(34624K)->26744K(34624K)
[17.757s][info][gc          ] GC(15) Pause Young (Normal) (G1 Evacuation Pause) 1036M->632M(6144M) 65.321ms
[19.495s][info][gc,metaspace] GC(16) Metaspace: 89721K(103552K)->89721K(103552K) NonClass: 62976K(68928K)->62976K(68928K) Class: 26744K(34624K)->26744K(34624K)
[19.495s][info][gc          ] GC(16) Pause Young (Normal) (G1 Evacuation Pause) 1088M->678M(6144M) 67.011ms
[21.545s][info][gc,metaspace] GC(17) Metaspace: 89721K(103552K)->89721K(103552K) NonClass: 62976K(68928K)->62976K(68928K) Class: 26744K(34624K)->26744K(34624K)
[21.545s][info][gc          ] GC(17) Pause Young (Normal) (G1 Evacuation Pause) 1226M->720M(6144M) 63.956ms
[23.386s][info][gc,metaspace] GC(18) Metaspace: 89721K(103552K)->89721K(103552K) NonClass: 62976K(68928K)->62976K(68928K) Class: 26744K(34624K)->26744K(34624K)
[23.386s][info][gc          ] GC(18) Pause Young (Normal) (G1 Evacuation Pause) 1244M->778M(6144M) 85.106ms
[25.843s][info][gc,metaspace] GC(19) Metaspace: 89721K(103552K)->89721K(103552K) NonClass: 62976K(68928K)->62976K(68928K) Class: 26744K(34624K)->26744K(34624K)
[25.843s][info][gc          ] GC(19) Pause Young (Normal) (G1 Evacuation Pause) 1458M->827M(6144M) 77.279ms
[28.075s][info][gc,metaspace] GC(20) Metaspace: 89721K(103552K)->89721K(103552K) NonClass: 62976K(68928K)->62976K(68928K) Class: 26744K(34624K)->26744K(34624K)
[28.075s][info][gc          ] GC(20) Pause Young (Normal) (G1 Evacuation Pause) 1431M->892M(6144M) 98.453ms
[30.905s][info][gc,metaspace] GC(21) Metaspace: 89721K(103552K)->89721K(103552K) NonClass: 62976K(68928K)->62976K(68928K) Class: 26744K(34624K)->26744K(34624K)
[30.905s][info][gc          ] GC(21) Pause Young (Normal) (G1 Evacuation Pause) 1664M->952M(6144M) 86.958ms
[33.570s][info][gc,metaspace] GC(22) Metaspace: 89721K(103552K)->89721K(103552K) NonClass: 62976K(68928K)->62976K(68928K) Class: 26744K(34624K)->26744K(34624K)
[33.570s][info][gc          ] GC(22) Pause Young (Normal) (G1 Evacuation Pause) 1668M->1029M(6144M) 115.410ms
[36.745s][info][gc,metaspace] GC(23) Metaspace: 89721K(103552K)->89721K(103552K) NonClass: 62976K(68928K)->62976K(68928K) Class: 26744K(34624K)->26744K(34624K)
[36.745s][info][gc          ] GC(23) Pause Young (Normal) (G1 Evacuation Pause) 1901M->1094M(6144M) 99.835ms
[39.686s][info][gc,metaspace] GC(24) Metaspace: 89721K(103552K)->89721K(103552K) NonClass: 62976K(68928K)->62976K(68928K) Class: 26744K(34624K)->26744K(34624K)
[39.686s][info][gc          ] GC(24) Pause Young (Normal) (G1 Evacuation Pause) 1878M->1173M(6144M) 118.036ms
[43.386s][info][gc,metaspace] GC(25) Metaspace: 89721K(103552K)->89721K(103552K) NonClass: 62976K(68928K)->62976K(68928K) Class: 26744K(34624K)->26744K(34624K)
[43.386s][info][gc          ] GC(25) Pause Young (Normal) (G1 Evacuation Pause) 2161M->1252M(6144M) 160.098ms
[46.765s][info][gc,metaspace] GC(26) Metaspace: 89721K(103552K)->89721K(103552K) NonClass: 62976K(68928K)->62976K(68928K) Class: 26744K(34624K)->26744K(34624K)
[46.765s][info][gc          ] GC(26) Pause Young (Normal) (G1 Evacuation Pause) 2084M->1336M(6144M) 141.123ms
[50.687s][info][gc,metaspace] GC(27) Metaspace: 89721K(103552K)->89721K(103552K) NonClass: 62976K(68928K)->62976K(68928K) Class: 26744K(34624K)->26744K(34624K)
[50.687s][info][gc          ] GC(27) Pause Young (Normal) (G1 Evacuation Pause) 2400M->1420M(6144M) 121.095ms
[53.965s][info][gc,metaspace] GC(28) Metaspace: 89721K(103552K)->89721K(103552K) NonClass: 62976K(68928K)->62976K(68928K) Class: 26744K(34624K)->26744K(34624K)
[53.965s][info][gc          ] GC(28) Pause Young (Normal) (G1 Evacuation Pause) 2316M->1506M(6144M) 152.948ms
[58.132s][info][gc,metaspace] GC(29) Metaspace: 89721K(103552K)->89721K(103552K) NonClass: 62976K(68928K)->62976K(68928K) Class: 26744K(34624K)->26744K(34624K)
[58.132s][info][gc          ] GC(29) Pause Young (Normal) (G1 Evacuation Pause) 2658M->1598M(6144M) 127.075ms
[61.589s][info][gc,metaspace] GC(30) Metaspace: 89721K(103552K)->89721K(103552K) NonClass: 62976K(68928K)->62976K(68928K) Class: 26744K(34624K)->26744K(34624K)
[61.590s][info][gc          ] GC(30) Pause Young (Normal) (G1 Evacuation Pause) 2534M->1685M(6144M) 168.210ms
67108864 Objects created
 - IK: 55699211 (82.99829%)
 - OAK: 3355627 (5.0002737%)
 - TAK: 8054026 (12.001434%)
Preparatory GC...
[64.856s][info][gc,metaspace] GC(31) Metaspace: 89721K(103552K)->89721K(103552K) NonClass: 62976K(68928K)->62976K(68928K) Class: 26744K(34624K)->26744K(34624K)
[64.856s][info][gc          ] GC(31) Pause Full (System.gc()) 2275M->1606M(6144M) 1200.276ms
[65.981s][info][gc,metaspace] GC(32) Metaspace: 89721K(103552K)->89721K(103552K) NonClass: 62976K(68928K)->62976K(68928K) Class: 26744K(34624K)->26744K(34624K)
[65.981s][info][gc          ] GC(32) Pause Full (System.gc()) 1606M->1606M(6144M) 1124.688ms
Done; will start GCs... 
[67.036s][info][gc,metaspace] GC(33) Metaspace: 89721K(103552K)->89721K(103552K) NonClass: 62976K(68928K)->62976K(68928K) Class: 26744K(34624K)->26744K(34624K)
[67.037s][info][gc          ] GC(33) Pause Full (System.gc()) 1608M->1606M(6144M) 1055.773ms
[68.097s][info][gc,metaspace] GC(34) Metaspace: 89721K(103552K)->89721K(103552K) NonClass: 62976K(68928K)->62976K(68928K) Class: 26744K(34624K)->26744K(34624K)
[68.097s][info][gc          ] GC(34) Pause Full (System.gc()) 1606M->1606M(6144M) 1060.808ms
[69.200s][info][gc,metaspace] GC(35) Metaspace: 89721K(103552K)->89721K(103552K) NonClass: 62976K(68928K)->62976K(68928K) Class: 26744K(34624K)->26744K(34624K)
[69.200s][info][gc          ] GC(35) Pause Full (System.gc()) 1606M->1606M(6144M) 1102.228ms
[70.261s][info][gc,metaspace] GC(36) Metaspace: 89721K(103552K)->89721K(103552K) NonClass: 62976K(68928K)->62976K(68928K) Class: 26744K(34624K)->26744K(34624K)
[70.262s][info][gc          ] GC(36) Pause Full (System.gc()) 1606M->1606M(6144M) 1061.755ms
[71.356s][info][gc,metaspace] GC(37) Metaspace: 89721K(103552K)->89721K(103552K) NonClass: 62976K(68928K)->62976K(68928K) Class: 26744K(34624K)->26744K(34624K)
[71.356s][info][gc          ] GC(37) Pause Full (System.gc()) 1606M->1606M(6144M) 1094.654ms
[72.410s][info][gc,metaspace] GC(38) Metaspace: 89721K(103552K)->89721K(103552K) NonClass: 62976K(68928K)->62976K(68928K) Class: 26744K(34624K)->26744K(34624K)
[72.410s][info][gc          ] GC(38) Pause Full (System.gc()) 1606M->1606M(6144M) 1053.624ms
[73.418s][info][gc,metaspace] GC(39) Metaspace: 89721K(103552K)->89721K(103552K) NonClass: 62976K(68928K)->62976K(68928K) Class: 26744K(34624K)->26744K(34624K)
[73.418s][info][gc          ] GC(39) Pause Full (System.gc()) 1606M->1606M(6144M) 1008.091ms
[74.443s][info][gc,metaspace] GC(40) Metaspace: 89721K(103552K)->89721K(103552K) NonClass: 62976K(68928K)->62976K(68928K) Class: 26744K(34624K)->26744K(34624K)
[74.443s][info][gc          ] GC(40) Pause Full (System.gc()) 1606M->1606M(6144M) 1024.702ms
[75.436s][info][gc,metaspace] GC(41) Metaspace: 89721K(103552K)->89721K(103552K) NonClass: 62976K(68928K)->62976K(68928K) Class: 26744K(34624K)->26744K(34624K)
[75.436s][info][gc          ] GC(41) Pause Full (System.gc()) 1606M->1606M(6144M) 988.572ms
[76.410s][info][gc,metaspace] GC(42) Metaspace: 89721K(103552K)->89721K(103552K) NonClass: 62976K(68928K)->62976K(68928K) Class: 26744K(34624K)->26744K(34624K)
[76.410s][info][gc          ] GC(42) Pause Full (System.gc()) 1606M->1606M(6144M) 974.051ms
After GCs... 
