Done; will start GCs... 
[63.988s][info][gc,metaspace] GC(32) Metaspace: 89700K(103552K)->89700K(103552K) NonClass: 62956K(68928K)->62956K(68928K) Class: 26744K(34624K)->26744K(34624K)
[63.988s][info][gc          ] GC(32) Pause Full (System.gc()) 1609M->1607M(6144M) 869.824ms
[64.843s][info][gc,metaspace] GC(33) Metaspace: 89700K(103552K)->89700K(103552K) NonClass: 62956K(68928K)->62956K(68928K) Class: 26744K(34624K)->26744K(34624K)
[64.843s][info][gc          ] GC(33) Pause Full (System.gc()) 1607M->1607M(6144M) 854.657ms
[65.698s][info][gc,metaspace] GC(34) Metaspace: 89700K(103552K)->89700K(103552K) NonClass: 62956K(68928K)->62956K(68928K) Class: 26744K(34624K)->26744K(34624K)
[65.698s][info][gc          ] GC(34) Pause Full (System.gc()) 1607M->1607M(6144M) 855.302ms
[66.533s][info][gc,metaspace] GC(35) Metaspace: 89700K(103552K)->89700K(103552K) NonClass: 62956K(68928K)->62956K(68928K) Class: 26744K(34624K)->26744K(34624K)
[66.533s][info][gc          ] GC(35) Pause Full (System.gc()) 1607M->1607M(6144M) 834.765ms
[67.281s][info][gc,metaspace] GC(36) Metaspace: 89700K(103552K)->89700K(103552K) NonClass: 62956K(68928K)->62956K(68928K) Class: 26744K(34624K)->26744K(34624K)
[67.281s][info][gc          ] GC(36) Pause Full (System.gc()) 1607M->1607M(6144M) 747.706ms
[68.043s][info][gc,metaspace] GC(37) Metaspace: 89700K(103552K)->89700K(103552K) NonClass: 62956K(68928K)->62956K(68928K) Class: 26744K(34624K)->26744K(34624K)
[68.043s][info][gc          ] GC(37) Pause Full (System.gc()) 1607M->1607M(6144M) 758.109ms
[68.799s][info][gc,metaspace] GC(38) Metaspace: 89700K(103552K)->89700K(103552K) NonClass: 62956K(68928K)->62956K(68928K) Class: 26744K(34624K)->26744K(34624K)
[68.799s][info][gc          ] GC(38) Pause Full (System.gc()) 1607M->1607M(6144M) 755.519ms
[69.548s][info][gc,metaspace] GC(39) Metaspace: 89700K(103552K)->89700K(103552K) NonClass: 62956K(68928K)->62956K(68928K) Class: 26744K(34624K)->26744K(34624K)
[69.548s][info][gc          ] GC(39) Pause Full (System.gc()) 1607M->1607M(6144M) 749.398ms
[70.305s][info][gc,metaspace] GC(40) Metaspace: 89700K(103552K)->89700K(103552K) NonClass: 62956K(68928K)->62956K(68928K) Class: 26744K(34624K)->26744K(34624K)
[70.305s][info][gc          ] GC(40) Pause Full (System.gc()) 1607M->1607M(6144M) 757.150ms
[71.071s][info][gc,metaspace] GC(41) Metaspace: 89700K(103552K)->89700K(103552K) NonClass: 62956K(68928K)->62956K(68928K) Class: 26744K(34624K)->26744K(34624K)
[71.071s][info][gc          ] GC(41) Pause Full (System.gc()) 1607M->1607M(6144M) 765.432ms
After GCs... 
