Done; will start GCs... 
[67.036s][info][gc,metaspace] GC(33) Metaspace: 89721K(103552K)->89721K(103552K) NonClass: 62976K(68928K)->62976K(68928K) Class: 26744K(34624K)->26744K(34624K)
[67.037s][info][gc          ] GC(33) Pause Full (System.gc()) 1608M->1606M(6144M) 1055.773ms
[68.097s][info][gc,metaspace] GC(34) Metaspace: 89721K(103552K)->89721K(103552K) NonClass: 62976K(68928K)->62976K(68928K) Class: 26744K(34624K)->26744K(34624K)
[68.097s][info][gc          ] GC(34) Pause Full (System.gc()) 1606M->1606M(6144M) 1060.808ms
[69.200s][info][gc,metaspace] GC(35) Metaspace: 89721K(103552K)->89721K(103552K) NonClass: 62976K(68928K)->62976K(68928K) Class: 26744K(34624K)->26744K(34624K)
[69.200s][info][gc          ] GC(35) Pause Full (System.gc()) 1606M->1606M(6144M) 1102.228ms
[70.261s][info][gc,metaspace] GC(36) Metaspace: 89721K(103552K)->89721K(103552K) NonClass: 62976K(68928K)->62976K(68928K) Class: 26744K(34624K)->26744K(34624K)
[70.262s][info][gc          ] GC(36) Pause Full (System.gc()) 1606M->1606M(6144M) 1061.755ms
[71.356s][info][gc,metaspace] GC(37) Metaspace: 89721K(103552K)->89721K(103552K) NonClass: 62976K(68928K)->62976K(68928K) Class: 26744K(34624K)->26744K(34624K)
[71.356s][info][gc          ] GC(37) Pause Full (System.gc()) 1606M->1606M(6144M) 1094.654ms
[72.410s][info][gc,metaspace] GC(38) Metaspace: 89721K(103552K)->89721K(103552K) NonClass: 62976K(68928K)->62976K(68928K) Class: 26744K(34624K)->26744K(34624K)
[72.410s][info][gc          ] GC(38) Pause Full (System.gc()) 1606M->1606M(6144M) 1053.624ms
[73.418s][info][gc,metaspace] GC(39) Metaspace: 89721K(103552K)->89721K(103552K) NonClass: 62976K(68928K)->62976K(68928K) Class: 26744K(34624K)->26744K(34624K)
[73.418s][info][gc          ] GC(39) Pause Full (System.gc()) 1606M->1606M(6144M) 1008.091ms
[74.443s][info][gc,metaspace] GC(40) Metaspace: 89721K(103552K)->89721K(103552K) NonClass: 62976K(68928K)->62976K(68928K) Class: 26744K(34624K)->26744K(34624K)
[74.443s][info][gc          ] GC(40) Pause Full (System.gc()) 1606M->1606M(6144M) 1024.702ms
[75.436s][info][gc,metaspace] GC(41) Metaspace: 89721K(103552K)->89721K(103552K) NonClass: 62976K(68928K)->62976K(68928K) Class: 26744K(34624K)->26744K(34624K)
[75.436s][info][gc          ] GC(41) Pause Full (System.gc()) 1606M->1606M(6144M) 988.572ms
[76.410s][info][gc,metaspace] GC(42) Metaspace: 89721K(103552K)->89721K(103552K) NonClass: 62976K(68928K)->62976K(68928K) Class: 26744K(34624K)->26744K(34624K)
[76.410s][info][gc          ] GC(42) Pause Full (System.gc()) 1606M->1606M(6144M) 974.051ms
After GCs... 
