Done; will start GCs... 
[65.281s][info][gc,metaspace] GC(31) Metaspace: 87929K(101760K)->87929K(101760K) NonClass: 69599K(75520K)->69599K(75520K) Class: 18329K(26240K)->18329K(26240K)
[65.281s][info][gc          ] GC(31) Pause Full (System.gc()) 1823M->1821M(6144M) 729.014ms
[66.012s][info][gc,metaspace] GC(32) Metaspace: 87929K(101760K)->87929K(101760K) NonClass: 69599K(75520K)->69599K(75520K) Class: 18329K(26240K)->18329K(26240K)
[66.012s][info][gc          ] GC(32) Pause Full (System.gc()) 1821M->1821M(6144M) 730.236ms
[66.829s][info][gc,metaspace] GC(33) Metaspace: 87929K(101760K)->87929K(101760K) NonClass: 69599K(75520K)->69599K(75520K) Class: 18329K(26240K)->18329K(26240K)
[66.829s][info][gc          ] GC(33) Pause Full (System.gc()) 1821M->1821M(6144M) 813.371ms
[67.628s][info][gc,metaspace] GC(34) Metaspace: 87929K(101760K)->87929K(101760K) NonClass: 69599K(75520K)->69599K(75520K) Class: 18329K(26240K)->18329K(26240K)
[67.628s][info][gc          ] GC(34) Pause Full (System.gc()) 1821M->1821M(6144M) 798.654ms
[68.431s][info][gc,metaspace] GC(35) Metaspace: 87929K(101760K)->87929K(101760K) NonClass: 69599K(75520K)->69599K(75520K) Class: 18329K(26240K)->18329K(26240K)
[68.431s][info][gc          ] GC(35) Pause Full (System.gc()) 1821M->1821M(6144M) 803.386ms
[69.172s][info][gc,metaspace] GC(36) Metaspace: 87929K(101760K)->87929K(101760K) NonClass: 69599K(75520K)->69599K(75520K) Class: 18329K(26240K)->18329K(26240K)
[69.172s][info][gc          ] GC(36) Pause Full (System.gc()) 1821M->1821M(6144M) 740.314ms
[69.913s][info][gc,metaspace] GC(37) Metaspace: 87929K(101760K)->87929K(101760K) NonClass: 69599K(75520K)->69599K(75520K) Class: 18329K(26240K)->18329K(26240K)
[69.913s][info][gc          ] GC(37) Pause Full (System.gc()) 1821M->1821M(6144M) 740.934ms
[70.662s][info][gc,metaspace] GC(38) Metaspace: 87929K(101760K)->87929K(101760K) NonClass: 69599K(75520K)->69599K(75520K) Class: 18329K(26240K)->18329K(26240K)
[70.662s][info][gc          ] GC(38) Pause Full (System.gc()) 1821M->1821M(6144M) 749.435ms
[71.401s][info][gc,metaspace] GC(39) Metaspace: 87929K(101760K)->87929K(101760K) NonClass: 69599K(75520K)->69599K(75520K) Class: 18329K(26240K)->18329K(26240K)
[71.401s][info][gc          ] GC(39) Pause Full (System.gc()) 1821M->1821M(6144M) 738.612ms
[72.148s][info][gc,metaspace] GC(40) Metaspace: 87929K(101760K)->87929K(101760K) NonClass: 69599K(75520K)->69599K(75520K) Class: 18329K(26240K)->18329K(26240K)
[72.148s][info][gc          ] GC(40) Pause Full (System.gc()) 1821M->1821M(6144M) 747.275ms
After GCs... 
