Done; will start GCs... 
[16.589s][info][gc,metaspace] GC(27) Metaspace: 16491K(17664K)->16491K(17664K) NonClass: 13147K(13696K)->13147K(13696K) Class: 3343K(3968K)->3343K(3968K)
[16.589s][info][gc          ] GC(27) Pause Full (System.gc()) 1580M->1578M(6144M) 708.884ms
[17.296s][info][gc,metaspace] GC(28) Metaspace: 16491K(17664K)->16491K(17664K) NonClass: 13147K(13696K)->13147K(13696K) Class: 3343K(3968K)->3343K(3968K)
[17.296s][info][gc          ] GC(28) Pause Full (System.gc()) 1578M->1578M(6144M) 707.458ms
[18.007s][info][gc,metaspace] GC(29) Metaspace: 16491K(17664K)->16491K(17664K) NonClass: 13147K(13696K)->13147K(13696K) Class: 3343K(3968K)->3343K(3968K)
[18.008s][info][gc          ] GC(29) Pause Full (System.gc()) 1578M->1578M(6144M) 710.953ms
[18.721s][info][gc,metaspace] GC(30) Metaspace: 16491K(17664K)->16491K(17664K) NonClass: 13147K(13696K)->13147K(13696K) Class: 3343K(3968K)->3343K(3968K)
[18.721s][info][gc          ] GC(30) Pause Full (System.gc()) 1578M->1578M(6144M) 712.978ms
[19.419s][info][gc,metaspace] GC(31) Metaspace: 16491K(17664K)->16491K(17664K) NonClass: 13147K(13696K)->13147K(13696K) Class: 3343K(3968K)->3343K(3968K)
[19.419s][info][gc          ] GC(31) Pause Full (System.gc()) 1578M->1578M(6144M) 698.453ms
[20.121s][info][gc,metaspace] GC(32) Metaspace: 16491K(17664K)->16491K(17664K) NonClass: 13147K(13696K)->13147K(13696K) Class: 3343K(3968K)->3343K(3968K)
[20.121s][info][gc          ] GC(32) Pause Full (System.gc()) 1578M->1578M(6144M) 702.083ms
[20.849s][info][gc,metaspace] GC(33) Metaspace: 16491K(17664K)->16491K(17664K) NonClass: 13147K(13696K)->13147K(13696K) Class: 3343K(3968K)->3343K(3968K)
[20.849s][info][gc          ] GC(33) Pause Full (System.gc()) 1578M->1578M(6144M) 727.469ms
[21.559s][info][gc,metaspace] GC(34) Metaspace: 16491K(17664K)->16491K(17664K) NonClass: 13147K(13696K)->13147K(13696K) Class: 3343K(3968K)->3343K(3968K)
[21.559s][info][gc          ] GC(34) Pause Full (System.gc()) 1578M->1578M(6144M) 710.352ms
[22.263s][info][gc,metaspace] GC(35) Metaspace: 16491K(17664K)->16491K(17664K) NonClass: 13147K(13696K)->13147K(13696K) Class: 3343K(3968K)->3343K(3968K)
[22.263s][info][gc          ] GC(35) Pause Full (System.gc()) 1578M->1578M(6144M) 703.743ms
[22.961s][info][gc,metaspace] GC(36) Metaspace: 16491K(17664K)->16491K(17664K) NonClass: 13147K(13696K)->13147K(13696K) Class: 3343K(3968K)->3343K(3968K)
[22.961s][info][gc          ] GC(36) Pause Full (System.gc()) 1578M->1578M(6144M) 698.323ms
[23.676s][info][gc,metaspace] GC(37) Metaspace: 16491K(17664K)->16491K(17664K) NonClass: 13147K(13696K)->13147K(13696K) Class: 3343K(3968K)->3343K(3968K)
[23.676s][info][gc          ] GC(37) Pause Full (System.gc()) 1578M->1578M(6144M) 714.760ms
[24.378s][info][gc,metaspace] GC(38) Metaspace: 16491K(17664K)->16491K(17664K) NonClass: 13147K(13696K)->13147K(13696K) Class: 3343K(3968K)->3343K(3968K)
[24.378s][info][gc          ] GC(38) Pause Full (System.gc()) 1578M->1578M(6144M) 701.468ms
[25.076s][info][gc,metaspace] GC(39) Metaspace: 16491K(17664K)->16491K(17664K) NonClass: 13147K(13696K)->13147K(13696K) Class: 3343K(3968K)->3343K(3968K)
[25.076s][info][gc          ] GC(39) Pause Full (System.gc()) 1578M->1578M(6144M) 698.558ms
[25.794s][info][gc,metaspace] GC(40) Metaspace: 16491K(17664K)->16491K(17664K) NonClass: 13147K(13696K)->13147K(13696K) Class: 3343K(3968K)->3343K(3968K)
[25.794s][info][gc          ] GC(40) Pause Full (System.gc()) 1578M->1578M(6144M) 717.640ms
[26.504s][info][gc,metaspace] GC(41) Metaspace: 16491K(17664K)->16491K(17664K) NonClass: 13147K(13696K)->13147K(13696K) Class: 3343K(3968K)->3343K(3968K)
[26.504s][info][gc          ] GC(41) Pause Full (System.gc()) 1578M->1578M(6144M) 709.415ms
[27.205s][info][gc,metaspace] GC(42) Metaspace: 16491K(17664K)->16491K(17664K) NonClass: 13147K(13696K)->13147K(13696K) Class: 3343K(3968K)->3343K(3968K)
[27.205s][info][gc          ] GC(42) Pause Full (System.gc()) 1578M->1578M(6144M) 701.878ms
[27.908s][info][gc,metaspace] GC(43) Metaspace: 16491K(17664K)->16491K(17664K) NonClass: 13147K(13696K)->13147K(13696K) Class: 3343K(3968K)->3343K(3968K)
[27.908s][info][gc          ] GC(43) Pause Full (System.gc()) 1578M->1578M(6144M) 702.145ms
[28.615s][info][gc,metaspace] GC(44) Metaspace: 16491K(17664K)->16491K(17664K) NonClass: 13147K(13696K)->13147K(13696K) Class: 3343K(3968K)->3343K(3968K)
[28.616s][info][gc          ] GC(44) Pause Full (System.gc()) 1578M->1578M(6144M) 707.752ms
[29.318s][info][gc,metaspace] GC(45) Metaspace: 16491K(17664K)->16491K(17664K) NonClass: 13147K(13696K)->13147K(13696K) Class: 3343K(3968K)->3343K(3968K)
[29.318s][info][gc          ] GC(45) Pause Full (System.gc()) 1578M->1578M(6144M) 702.605ms
[30.030s][info][gc,metaspace] GC(46) Metaspace: 16491K(17664K)->16491K(17664K) NonClass: 13147K(13696K)->13147K(13696K) Class: 3343K(3968K)->3343K(3968K)
[30.030s][info][gc          ] GC(46) Pause Full (System.gc()) 1578M->1578M(6144M) 711.762ms
[30.742s][info][gc,metaspace] GC(47) Metaspace: 16491K(17664K)->16491K(17664K) NonClass: 13147K(13696K)->13147K(13696K) Class: 3343K(3968K)->3343K(3968K)
[30.742s][info][gc          ] GC(47) Pause Full (System.gc()) 1578M->1578M(6144M) 712.176ms
[31.454s][info][gc,metaspace] GC(48) Metaspace: 16491K(17664K)->16491K(17664K) NonClass: 13147K(13696K)->13147K(13696K) Class: 3343K(3968K)->3343K(3968K)
[31.454s][info][gc          ] GC(48) Pause Full (System.gc()) 1578M->1578M(6144M) 711.646ms
[32.167s][info][gc,metaspace] GC(49) Metaspace: 16491K(17664K)->16491K(17664K) NonClass: 13147K(13696K)->13147K(13696K) Class: 3343K(3968K)->3343K(3968K)
[32.167s][info][gc          ] GC(49) Pause Full (System.gc()) 1578M->1578M(6144M) 712.664ms
[32.881s][info][gc,metaspace] GC(50) Metaspace: 16491K(17664K)->16491K(17664K) NonClass: 13147K(13696K)->13147K(13696K) Class: 3343K(3968K)->3343K(3968K)
[32.881s][info][gc          ] GC(50) Pause Full (System.gc()) 1578M->1578M(6144M) 714.390ms
[33.584s][info][gc,metaspace] GC(51) Metaspace: 16491K(17664K)->16491K(17664K) NonClass: 13147K(13696K)->13147K(13696K) Class: 3343K(3968K)->3343K(3968K)
[33.584s][info][gc          ] GC(51) Pause Full (System.gc()) 1578M->1578M(6144M) 702.810ms
[34.283s][info][gc,metaspace] GC(52) Metaspace: 16491K(17664K)->16491K(17664K) NonClass: 13147K(13696K)->13147K(13696K) Class: 3343K(3968K)->3343K(3968K)
[34.283s][info][gc          ] GC(52) Pause Full (System.gc()) 1578M->1578M(6144M) 699.171ms
[34.980s][info][gc,metaspace] GC(53) Metaspace: 16491K(17664K)->16491K(17664K) NonClass: 13147K(13696K)->13147K(13696K) Class: 3343K(3968K)->3343K(3968K)
[34.980s][info][gc          ] GC(53) Pause Full (System.gc()) 1578M->1578M(6144M) 696.843ms
[35.682s][info][gc,metaspace] GC(54) Metaspace: 16491K(17664K)->16491K(17664K) NonClass: 13147K(13696K)->13147K(13696K) Class: 3343K(3968K)->3343K(3968K)
[35.682s][info][gc          ] GC(54) Pause Full (System.gc()) 1578M->1578M(6144M) 701.874ms
[36.384s][info][gc,metaspace] GC(55) Metaspace: 16491K(17664K)->16491K(17664K) NonClass: 13147K(13696K)->13147K(13696K) Class: 3343K(3968K)->3343K(3968K)
[36.384s][info][gc          ] GC(55) Pause Full (System.gc()) 1578M->1578M(6144M) 702.134ms
[37.094s][info][gc,metaspace] GC(56) Metaspace: 16491K(17664K)->16491K(17664K) NonClass: 13147K(13696K)->13147K(13696K) Class: 3343K(3968K)->3343K(3968K)
[37.094s][info][gc          ] GC(56) Pause Full (System.gc()) 1578M->1578M(6144M) 709.667ms
[37.819s][info][gc,metaspace] GC(57) Metaspace: 16491K(17664K)->16491K(17664K) NonClass: 13147K(13696K)->13147K(13696K) Class: 3343K(3968K)->3343K(3968K)
[37.819s][info][gc          ] GC(57) Pause Full (System.gc()) 1578M->1578M(6144M) 724.582ms
[38.521s][info][gc,metaspace] GC(58) Metaspace: 16491K(17664K)->16491K(17664K) NonClass: 13147K(13696K)->13147K(13696K) Class: 3343K(3968K)->3343K(3968K)
[38.521s][info][gc          ] GC(58) Pause Full (System.gc()) 1578M->1578M(6144M) 701.742ms
[39.235s][info][gc,metaspace] GC(59) Metaspace: 16491K(17664K)->16491K(17664K) NonClass: 13147K(13696K)->13147K(13696K) Class: 3343K(3968K)->3343K(3968K)
[39.235s][info][gc          ] GC(59) Pause Full (System.gc()) 1578M->1578M(6144M) 714.028ms
[39.933s][info][gc,metaspace] GC(60) Metaspace: 16491K(17664K)->16491K(17664K) NonClass: 13147K(13696K)->13147K(13696K) Class: 3343K(3968K)->3343K(3968K)
[39.933s][info][gc          ] GC(60) Pause Full (System.gc()) 1578M->1578M(6144M) 698.625ms
[40.633s][info][gc,metaspace] GC(61) Metaspace: 16491K(17664K)->16491K(17664K) NonClass: 13147K(13696K)->13147K(13696K) Class: 3343K(3968K)->3343K(3968K)
[40.634s][info][gc          ] GC(61) Pause Full (System.gc()) 1578M->1578M(6144M) 700.062ms
[41.328s][info][gc,metaspace] GC(62) Metaspace: 16491K(17664K)->16491K(17664K) NonClass: 13147K(13696K)->13147K(13696K) Class: 3343K(3968K)->3343K(3968K)
[41.328s][info][gc          ] GC(62) Pause Full (System.gc()) 1578M->1578M(6144M) 694.765ms
[42.030s][info][gc,metaspace] GC(63) Metaspace: 16491K(17664K)->16491K(17664K) NonClass: 13147K(13696K)->13147K(13696K) Class: 3343K(3968K)->3343K(3968K)
[42.030s][info][gc          ] GC(63) Pause Full (System.gc()) 1578M->1578M(6144M) 701.811ms
[42.735s][info][gc,metaspace] GC(64) Metaspace: 16491K(17664K)->16491K(17664K) NonClass: 13147K(13696K)->13147K(13696K) Class: 3343K(3968K)->3343K(3968K)
[42.735s][info][gc          ] GC(64) Pause Full (System.gc()) 1578M->1578M(6144M) 704.606ms
[43.448s][info][gc,metaspace] GC(65) Metaspace: 16491K(17664K)->16491K(17664K) NonClass: 13147K(13696K)->13147K(13696K) Class: 3343K(3968K)->3343K(3968K)
[43.448s][info][gc          ] GC(65) Pause Full (System.gc()) 1578M->1578M(6144M) 712.951ms
[44.153s][info][gc,metaspace] GC(66) Metaspace: 16491K(17664K)->16491K(17664K) NonClass: 13147K(13696K)->13147K(13696K) Class: 3343K(3968K)->3343K(3968K)
[44.153s][info][gc          ] GC(66) Pause Full (System.gc()) 1578M->1578M(6144M) 704.974ms
[44.869s][info][gc,metaspace] GC(67) Metaspace: 16491K(17664K)->16491K(17664K) NonClass: 13147K(13696K)->13147K(13696K) Class: 3343K(3968K)->3343K(3968K)
[44.870s][info][gc          ] GC(67) Pause Full (System.gc()) 1578M->1578M(6144M) 716.515ms
[45.568s][info][gc,metaspace] GC(68) Metaspace: 16491K(17664K)->16491K(17664K) NonClass: 13147K(13696K)->13147K(13696K) Class: 3343K(3968K)->3343K(3968K)
[45.568s][info][gc          ] GC(68) Pause Full (System.gc()) 1578M->1578M(6144M) 698.721ms
[46.287s][info][gc,metaspace] GC(69) Metaspace: 16491K(17664K)->16491K(17664K) NonClass: 13147K(13696K)->13147K(13696K) Class: 3343K(3968K)->3343K(3968K)
[46.287s][info][gc          ] GC(69) Pause Full (System.gc()) 1578M->1578M(6144M) 719.075ms
[46.984s][info][gc,metaspace] GC(70) Metaspace: 16491K(17664K)->16491K(17664K) NonClass: 13147K(13696K)->13147K(13696K) Class: 3343K(3968K)->3343K(3968K)
[46.984s][info][gc          ] GC(70) Pause Full (System.gc()) 1578M->1578M(6144M) 696.763ms
[47.693s][info][gc,metaspace] GC(71) Metaspace: 16491K(17664K)->16491K(17664K) NonClass: 13147K(13696K)->13147K(13696K) Class: 3343K(3968K)->3343K(3968K)
[47.693s][info][gc          ] GC(71) Pause Full (System.gc()) 1578M->1578M(6144M) 708.353ms
[48.388s][info][gc,metaspace] GC(72) Metaspace: 16491K(17664K)->16491K(17664K) NonClass: 13147K(13696K)->13147K(13696K) Class: 3343K(3968K)->3343K(3968K)
[48.388s][info][gc          ] GC(72) Pause Full (System.gc()) 1578M->1578M(6144M) 695.332ms
[49.095s][info][gc,metaspace] GC(73) Metaspace: 16491K(17664K)->16491K(17664K) NonClass: 13147K(13696K)->13147K(13696K) Class: 3343K(3968K)->3343K(3968K)
[49.096s][info][gc          ] GC(73) Pause Full (System.gc()) 1578M->1578M(6144M) 707.357ms
[49.794s][info][gc,metaspace] GC(74) Metaspace: 16491K(17664K)->16491K(17664K) NonClass: 13147K(13696K)->13147K(13696K) Class: 3343K(3968K)->3343K(3968K)
[49.794s][info][gc          ] GC(74) Pause Full (System.gc()) 1578M->1578M(6144M) 697.990ms
[50.506s][info][gc,metaspace] GC(75) Metaspace: 16491K(17664K)->16491K(17664K) NonClass: 13147K(13696K)->13147K(13696K) Class: 3343K(3968K)->3343K(3968K)
[50.506s][info][gc          ] GC(75) Pause Full (System.gc()) 1578M->1578M(6144M) 711.989ms
[51.215s][info][gc,metaspace] GC(76) Metaspace: 16491K(17664K)->16491K(17664K) NonClass: 13147K(13696K)->13147K(13696K) Class: 3343K(3968K)->3343K(3968K)
[51.215s][info][gc          ] GC(76) Pause Full (System.gc()) 1578M->1578M(6144M) 709.787ms
After GCs... 
