Done; will start GCs... 
[16.176s][info][gc,metaspace] GC(27) Metaspace: 16495K(17664K)->16495K(17664K) NonClass: 13151K(13696K)->13151K(13696K) Class: 3343K(3968K)->3343K(3968K)
[16.176s][info][gc          ] GC(27) Pause Full (System.gc()) 1580M->1578M(6144M) 635.965ms
[16.822s][info][gc,metaspace] GC(28) Metaspace: 16495K(17664K)->16495K(17664K) NonClass: 13151K(13696K)->13151K(13696K) Class: 3343K(3968K)->3343K(3968K)
[16.822s][info][gc          ] GC(28) Pause Full (System.gc()) 1578M->1578M(6144M) 645.878ms
[17.448s][info][gc,metaspace] GC(29) Metaspace: 16495K(17664K)->16495K(17664K) NonClass: 13151K(13696K)->13151K(13696K) Class: 3343K(3968K)->3343K(3968K)
[17.448s][info][gc          ] GC(29) Pause Full (System.gc()) 1578M->1578M(6144M) 625.827ms
[18.066s][info][gc,metaspace] GC(30) Metaspace: 16495K(17664K)->16495K(17664K) NonClass: 13151K(13696K)->13151K(13696K) Class: 3343K(3968K)->3343K(3968K)
[18.066s][info][gc          ] GC(30) Pause Full (System.gc()) 1578M->1578M(6144M) 617.962ms
[18.697s][info][gc,metaspace] GC(31) Metaspace: 16495K(17664K)->16495K(17664K) NonClass: 13151K(13696K)->13151K(13696K) Class: 3343K(3968K)->3343K(3968K)
[18.697s][info][gc          ] GC(31) Pause Full (System.gc()) 1578M->1578M(6144M) 630.787ms
[19.327s][info][gc,metaspace] GC(32) Metaspace: 16495K(17664K)->16495K(17664K) NonClass: 13151K(13696K)->13151K(13696K) Class: 3343K(3968K)->3343K(3968K)
[19.327s][info][gc          ] GC(32) Pause Full (System.gc()) 1578M->1578M(6144M) 629.698ms
[19.973s][info][gc,metaspace] GC(33) Metaspace: 16495K(17664K)->16495K(17664K) NonClass: 13151K(13696K)->13151K(13696K) Class: 3343K(3968K)->3343K(3968K)
[19.973s][info][gc          ] GC(33) Pause Full (System.gc()) 1578M->1578M(6144M) 645.937ms
[20.610s][info][gc,metaspace] GC(34) Metaspace: 16495K(17664K)->16495K(17664K) NonClass: 13151K(13696K)->13151K(13696K) Class: 3343K(3968K)->3343K(3968K)
[20.610s][info][gc          ] GC(34) Pause Full (System.gc()) 1578M->1578M(6144M) 636.946ms
[21.245s][info][gc,metaspace] GC(35) Metaspace: 16495K(17664K)->16495K(17664K) NonClass: 13151K(13696K)->13151K(13696K) Class: 3343K(3968K)->3343K(3968K)
[21.245s][info][gc          ] GC(35) Pause Full (System.gc()) 1578M->1578M(6144M) 635.526ms
[21.870s][info][gc,metaspace] GC(36) Metaspace: 16495K(17664K)->16495K(17664K) NonClass: 13151K(13696K)->13151K(13696K) Class: 3343K(3968K)->3343K(3968K)
[21.870s][info][gc          ] GC(36) Pause Full (System.gc()) 1578M->1578M(6144M) 624.756ms
[22.501s][info][gc,metaspace] GC(37) Metaspace: 16495K(17664K)->16495K(17664K) NonClass: 13151K(13696K)->13151K(13696K) Class: 3343K(3968K)->3343K(3968K)
[22.501s][info][gc          ] GC(37) Pause Full (System.gc()) 1578M->1578M(6144M) 631.035ms
[23.131s][info][gc,metaspace] GC(38) Metaspace: 16495K(17664K)->16495K(17664K) NonClass: 13151K(13696K)->13151K(13696K) Class: 3343K(3968K)->3343K(3968K)
[23.131s][info][gc          ] GC(38) Pause Full (System.gc()) 1578M->1578M(6144M) 629.489ms
[23.757s][info][gc,metaspace] GC(39) Metaspace: 16495K(17664K)->16495K(17664K) NonClass: 13151K(13696K)->13151K(13696K) Class: 3343K(3968K)->3343K(3968K)
[23.757s][info][gc          ] GC(39) Pause Full (System.gc()) 1578M->1578M(6144M) 626.249ms
[24.386s][info][gc,metaspace] GC(40) Metaspace: 16495K(17664K)->16495K(17664K) NonClass: 13151K(13696K)->13151K(13696K) Class: 3343K(3968K)->3343K(3968K)
[24.386s][info][gc          ] GC(40) Pause Full (System.gc()) 1578M->1578M(6144M) 628.794ms
[25.017s][info][gc,metaspace] GC(41) Metaspace: 16495K(17664K)->16495K(17664K) NonClass: 13151K(13696K)->13151K(13696K) Class: 3343K(3968K)->3343K(3968K)
[25.017s][info][gc          ] GC(41) Pause Full (System.gc()) 1578M->1578M(6144M) 630.428ms
[25.640s][info][gc,metaspace] GC(42) Metaspace: 16495K(17664K)->16495K(17664K) NonClass: 13151K(13696K)->13151K(13696K) Class: 3343K(3968K)->3343K(3968K)
[25.640s][info][gc          ] GC(42) Pause Full (System.gc()) 1578M->1578M(6144M) 622.884ms
[26.270s][info][gc,metaspace] GC(43) Metaspace: 16495K(17664K)->16495K(17664K) NonClass: 13151K(13696K)->13151K(13696K) Class: 3343K(3968K)->3343K(3968K)
[26.270s][info][gc          ] GC(43) Pause Full (System.gc()) 1578M->1578M(6144M) 630.149ms
[26.906s][info][gc,metaspace] GC(44) Metaspace: 16495K(17664K)->16495K(17664K) NonClass: 13151K(13696K)->13151K(13696K) Class: 3343K(3968K)->3343K(3968K)
[26.906s][info][gc          ] GC(44) Pause Full (System.gc()) 1578M->1578M(6144M) 635.786ms
[27.532s][info][gc,metaspace] GC(45) Metaspace: 16495K(17664K)->16495K(17664K) NonClass: 13151K(13696K)->13151K(13696K) Class: 3343K(3968K)->3343K(3968K)
[27.532s][info][gc          ] GC(45) Pause Full (System.gc()) 1578M->1578M(6144M) 626.254ms
[28.162s][info][gc,metaspace] GC(46) Metaspace: 16495K(17664K)->16495K(17664K) NonClass: 13151K(13696K)->13151K(13696K) Class: 3343K(3968K)->3343K(3968K)
[28.162s][info][gc          ] GC(46) Pause Full (System.gc()) 1578M->1578M(6144M) 630.151ms
[28.805s][info][gc,metaspace] GC(47) Metaspace: 16495K(17664K)->16495K(17664K) NonClass: 13151K(13696K)->13151K(13696K) Class: 3343K(3968K)->3343K(3968K)
[28.806s][info][gc          ] GC(47) Pause Full (System.gc()) 1578M->1578M(6144M) 643.191ms
[29.431s][info][gc,metaspace] GC(48) Metaspace: 16495K(17664K)->16495K(17664K) NonClass: 13151K(13696K)->13151K(13696K) Class: 3343K(3968K)->3343K(3968K)
[29.431s][info][gc          ] GC(48) Pause Full (System.gc()) 1578M->1578M(6144M) 625.632ms
[30.064s][info][gc,metaspace] GC(49) Metaspace: 16495K(17664K)->16495K(17664K) NonClass: 13151K(13696K)->13151K(13696K) Class: 3343K(3968K)->3343K(3968K)
[30.064s][info][gc          ] GC(49) Pause Full (System.gc()) 1578M->1578M(6144M) 632.809ms
[30.698s][info][gc,metaspace] GC(50) Metaspace: 16495K(17664K)->16495K(17664K) NonClass: 13151K(13696K)->13151K(13696K) Class: 3343K(3968K)->3343K(3968K)
[30.698s][info][gc          ] GC(50) Pause Full (System.gc()) 1578M->1578M(6144M) 634.265ms
[31.332s][info][gc,metaspace] GC(51) Metaspace: 16495K(17664K)->16495K(17664K) NonClass: 13151K(13696K)->13151K(13696K) Class: 3343K(3968K)->3343K(3968K)
[31.332s][info][gc          ] GC(51) Pause Full (System.gc()) 1578M->1578M(6144M) 633.277ms
[31.965s][info][gc,metaspace] GC(52) Metaspace: 16495K(17664K)->16495K(17664K) NonClass: 13151K(13696K)->13151K(13696K) Class: 3343K(3968K)->3343K(3968K)
[31.965s][info][gc          ] GC(52) Pause Full (System.gc()) 1578M->1578M(6144M) 633.671ms
[32.599s][info][gc,metaspace] GC(53) Metaspace: 16495K(17664K)->16495K(17664K) NonClass: 13151K(13696K)->13151K(13696K) Class: 3343K(3968K)->3343K(3968K)
[32.599s][info][gc          ] GC(53) Pause Full (System.gc()) 1578M->1578M(6144M) 633.844ms
[33.240s][info][gc,metaspace] GC(54) Metaspace: 16495K(17664K)->16495K(17664K) NonClass: 13151K(13696K)->13151K(13696K) Class: 3343K(3968K)->3343K(3968K)
[33.240s][info][gc          ] GC(54) Pause Full (System.gc()) 1578M->1578M(6144M) 640.687ms
[33.874s][info][gc,metaspace] GC(55) Metaspace: 16495K(17664K)->16495K(17664K) NonClass: 13151K(13696K)->13151K(13696K) Class: 3343K(3968K)->3343K(3968K)
[33.875s][info][gc          ] GC(55) Pause Full (System.gc()) 1578M->1578M(6144M) 630.042ms
[34.501s][info][gc,metaspace] GC(56) Metaspace: 16495K(17664K)->16495K(17664K) NonClass: 13151K(13696K)->13151K(13696K) Class: 3343K(3968K)->3343K(3968K)
[34.501s][info][gc          ] GC(56) Pause Full (System.gc()) 1578M->1578M(6144M) 625.958ms
[35.129s][info][gc,metaspace] GC(57) Metaspace: 16495K(17664K)->16495K(17664K) NonClass: 13151K(13696K)->13151K(13696K) Class: 3343K(3968K)->3343K(3968K)
[35.129s][info][gc          ] GC(57) Pause Full (System.gc()) 1578M->1578M(6144M) 628.524ms
[35.758s][info][gc,metaspace] GC(58) Metaspace: 16495K(17664K)->16495K(17664K) NonClass: 13151K(13696K)->13151K(13696K) Class: 3343K(3968K)->3343K(3968K)
[35.758s][info][gc          ] GC(58) Pause Full (System.gc()) 1578M->1578M(6144M) 628.953ms
[36.389s][info][gc,metaspace] GC(59) Metaspace: 16495K(17664K)->16495K(17664K) NonClass: 13151K(13696K)->13151K(13696K) Class: 3343K(3968K)->3343K(3968K)
[36.389s][info][gc          ] GC(59) Pause Full (System.gc()) 1578M->1578M(6144M) 631.145ms
[37.017s][info][gc,metaspace] GC(60) Metaspace: 16495K(17664K)->16495K(17664K) NonClass: 13151K(13696K)->13151K(13696K) Class: 3343K(3968K)->3343K(3968K)
[37.017s][info][gc          ] GC(60) Pause Full (System.gc()) 1578M->1578M(6144M) 627.632ms
[37.640s][info][gc,metaspace] GC(61) Metaspace: 16495K(17664K)->16495K(17664K) NonClass: 13151K(13696K)->13151K(13696K) Class: 3343K(3968K)->3343K(3968K)
[37.640s][info][gc          ] GC(61) Pause Full (System.gc()) 1578M->1578M(6144M) 622.491ms
[38.282s][info][gc,metaspace] GC(62) Metaspace: 16495K(17664K)->16495K(17664K) NonClass: 13151K(13696K)->13151K(13696K) Class: 3343K(3968K)->3343K(3968K)
[38.282s][info][gc          ] GC(62) Pause Full (System.gc()) 1578M->1578M(6144M) 642.516ms
[38.913s][info][gc,metaspace] GC(63) Metaspace: 16495K(17664K)->16495K(17664K) NonClass: 13151K(13696K)->13151K(13696K) Class: 3343K(3968K)->3343K(3968K)
[38.913s][info][gc          ] GC(63) Pause Full (System.gc()) 1578M->1578M(6144M) 630.527ms
[39.547s][info][gc,metaspace] GC(64) Metaspace: 16495K(17664K)->16495K(17664K) NonClass: 13151K(13696K)->13151K(13696K) Class: 3343K(3968K)->3343K(3968K)
[39.547s][info][gc          ] GC(64) Pause Full (System.gc()) 1578M->1578M(6144M) 634.095ms
[40.178s][info][gc,metaspace] GC(65) Metaspace: 16495K(17664K)->16495K(17664K) NonClass: 13151K(13696K)->13151K(13696K) Class: 3343K(3968K)->3343K(3968K)
[40.178s][info][gc          ] GC(65) Pause Full (System.gc()) 1578M->1578M(6144M) 630.897ms
[40.808s][info][gc,metaspace] GC(66) Metaspace: 16495K(17664K)->16495K(17664K) NonClass: 13151K(13696K)->13151K(13696K) Class: 3343K(3968K)->3343K(3968K)
[40.808s][info][gc          ] GC(66) Pause Full (System.gc()) 1578M->1578M(6144M) 629.755ms
[41.441s][info][gc,metaspace] GC(67) Metaspace: 16495K(17664K)->16495K(17664K) NonClass: 13151K(13696K)->13151K(13696K) Class: 3343K(3968K)->3343K(3968K)
[41.441s][info][gc          ] GC(67) Pause Full (System.gc()) 1578M->1578M(6144M) 633.082ms
[42.075s][info][gc,metaspace] GC(68) Metaspace: 16495K(17664K)->16495K(17664K) NonClass: 13151K(13696K)->13151K(13696K) Class: 3343K(3968K)->3343K(3968K)
[42.076s][info][gc          ] GC(68) Pause Full (System.gc()) 1578M->1578M(6144M) 634.527ms
[42.703s][info][gc,metaspace] GC(69) Metaspace: 16495K(17664K)->16495K(17664K) NonClass: 13151K(13696K)->13151K(13696K) Class: 3343K(3968K)->3343K(3968K)
[42.704s][info][gc          ] GC(69) Pause Full (System.gc()) 1578M->1578M(6144M) 627.902ms
[43.328s][info][gc,metaspace] GC(70) Metaspace: 16495K(17664K)->16495K(17664K) NonClass: 13151K(13696K)->13151K(13696K) Class: 3343K(3968K)->3343K(3968K)
[43.328s][info][gc          ] GC(70) Pause Full (System.gc()) 1578M->1578M(6144M) 624.888ms
[43.963s][info][gc,metaspace] GC(71) Metaspace: 16495K(17664K)->16495K(17664K) NonClass: 13151K(13696K)->13151K(13696K) Class: 3343K(3968K)->3343K(3968K)
[43.963s][info][gc          ] GC(71) Pause Full (System.gc()) 1578M->1578M(6144M) 634.396ms
[44.587s][info][gc,metaspace] GC(72) Metaspace: 16495K(17664K)->16495K(17664K) NonClass: 13151K(13696K)->13151K(13696K) Class: 3343K(3968K)->3343K(3968K)
[44.587s][info][gc          ] GC(72) Pause Full (System.gc()) 1578M->1578M(6144M) 623.657ms
[45.229s][info][gc,metaspace] GC(73) Metaspace: 16495K(17664K)->16495K(17664K) NonClass: 13151K(13696K)->13151K(13696K) Class: 3343K(3968K)->3343K(3968K)
[45.229s][info][gc          ] GC(73) Pause Full (System.gc()) 1578M->1578M(6144M) 641.939ms
[45.859s][info][gc,metaspace] GC(74) Metaspace: 16495K(17664K)->16495K(17664K) NonClass: 13151K(13696K)->13151K(13696K) Class: 3343K(3968K)->3343K(3968K)
[45.859s][info][gc          ] GC(74) Pause Full (System.gc()) 1578M->1578M(6144M) 630.372ms
[46.486s][info][gc,metaspace] GC(75) Metaspace: 16495K(17664K)->16495K(17664K) NonClass: 13151K(13696K)->13151K(13696K) Class: 3343K(3968K)->3343K(3968K)
[46.487s][info][gc          ] GC(75) Pause Full (System.gc()) 1578M->1578M(6144M) 627.359ms
[47.109s][info][gc,metaspace] GC(76) Metaspace: 16495K(17664K)->16495K(17664K) NonClass: 13151K(13696K)->13151K(13696K) Class: 3343K(3968K)->3343K(3968K)
[47.109s][info][gc          ] GC(76) Pause Full (System.gc()) 1578M->1578M(6144M) 622.668ms
After GCs... 
