Done; will start GCs... 
[15.685s][info][gc,metaspace] GC(27) Metaspace: 16386K(17536K)->16386K(17536K) NonClass: 14228K(14784K)->14228K(14784K) Class: 2158K(2752K)->2158K(2752K)
[15.685s][info][gc          ] GC(27) Pause Full (System.gc()) 1799M->1797M(6144M) 693.364ms
[16.318s][info][gc,metaspace] GC(28) Metaspace: 16386K(17536K)->16386K(17536K) NonClass: 14228K(14784K)->14228K(14784K) Class: 2158K(2752K)->2158K(2752K)
[16.318s][info][gc          ] GC(28) Pause Full (System.gc()) 1797M->1797M(6144M) 633.730ms
[16.956s][info][gc,metaspace] GC(29) Metaspace: 16386K(17536K)->16386K(17536K) NonClass: 14228K(14784K)->14228K(14784K) Class: 2158K(2752K)->2158K(2752K)
[16.956s][info][gc          ] GC(29) Pause Full (System.gc()) 1797M->1797M(6144M) 637.552ms
[17.591s][info][gc,metaspace] GC(30) Metaspace: 16386K(17536K)->16386K(17536K) NonClass: 14228K(14784K)->14228K(14784K) Class: 2158K(2752K)->2158K(2752K)
[17.591s][info][gc          ] GC(30) Pause Full (System.gc()) 1797M->1797M(6144M) 635.007ms
[18.226s][info][gc,metaspace] GC(31) Metaspace: 16386K(17536K)->16386K(17536K) NonClass: 14228K(14784K)->14228K(14784K) Class: 2158K(2752K)->2158K(2752K)
[18.226s][info][gc          ] GC(31) Pause Full (System.gc()) 1797M->1797M(6144M) 635.173ms
[18.861s][info][gc,metaspace] GC(32) Metaspace: 16386K(17536K)->16386K(17536K) NonClass: 14228K(14784K)->14228K(14784K) Class: 2158K(2752K)->2158K(2752K)
[18.861s][info][gc          ] GC(32) Pause Full (System.gc()) 1797M->1797M(6144M) 635.053ms
[19.501s][info][gc,metaspace] GC(33) Metaspace: 16386K(17536K)->16386K(17536K) NonClass: 14228K(14784K)->14228K(14784K) Class: 2158K(2752K)->2158K(2752K)
[19.501s][info][gc          ] GC(33) Pause Full (System.gc()) 1797M->1797M(6144M) 639.181ms
[20.145s][info][gc,metaspace] GC(34) Metaspace: 16386K(17536K)->16386K(17536K) NonClass: 14228K(14784K)->14228K(14784K) Class: 2158K(2752K)->2158K(2752K)
[20.145s][info][gc          ] GC(34) Pause Full (System.gc()) 1797M->1797M(6144M) 644.516ms
[20.791s][info][gc,metaspace] GC(35) Metaspace: 16386K(17536K)->16386K(17536K) NonClass: 14228K(14784K)->14228K(14784K) Class: 2158K(2752K)->2158K(2752K)
[20.791s][info][gc          ] GC(35) Pause Full (System.gc()) 1797M->1797M(6144M) 645.412ms
[21.423s][info][gc,metaspace] GC(36) Metaspace: 16386K(17536K)->16386K(17536K) NonClass: 14228K(14784K)->14228K(14784K) Class: 2158K(2752K)->2158K(2752K)
[21.423s][info][gc          ] GC(36) Pause Full (System.gc()) 1797M->1797M(6144M) 632.288ms
[22.068s][info][gc,metaspace] GC(37) Metaspace: 16386K(17536K)->16386K(17536K) NonClass: 14228K(14784K)->14228K(14784K) Class: 2158K(2752K)->2158K(2752K)
[22.068s][info][gc          ] GC(37) Pause Full (System.gc()) 1797M->1797M(6144M) 644.978ms
[22.720s][info][gc,metaspace] GC(38) Metaspace: 16386K(17536K)->16386K(17536K) NonClass: 14228K(14784K)->14228K(14784K) Class: 2158K(2752K)->2158K(2752K)
[22.720s][info][gc          ] GC(38) Pause Full (System.gc()) 1797M->1797M(6144M) 651.875ms
[23.351s][info][gc,metaspace] GC(39) Metaspace: 16386K(17536K)->16386K(17536K) NonClass: 14228K(14784K)->14228K(14784K) Class: 2158K(2752K)->2158K(2752K)
[23.351s][info][gc          ] GC(39) Pause Full (System.gc()) 1797M->1797M(6144M) 630.539ms
[23.986s][info][gc,metaspace] GC(40) Metaspace: 16386K(17536K)->16386K(17536K) NonClass: 14228K(14784K)->14228K(14784K) Class: 2158K(2752K)->2158K(2752K)
[23.986s][info][gc          ] GC(40) Pause Full (System.gc()) 1797M->1797M(6144M) 635.344ms
[24.630s][info][gc,metaspace] GC(41) Metaspace: 16386K(17536K)->16386K(17536K) NonClass: 14228K(14784K)->14228K(14784K) Class: 2158K(2752K)->2158K(2752K)
[24.630s][info][gc          ] GC(41) Pause Full (System.gc()) 1797M->1797M(6144M) 644.092ms
[25.268s][info][gc,metaspace] GC(42) Metaspace: 16386K(17536K)->16386K(17536K) NonClass: 14228K(14784K)->14228K(14784K) Class: 2158K(2752K)->2158K(2752K)
[25.268s][info][gc          ] GC(42) Pause Full (System.gc()) 1797M->1797M(6144M) 637.908ms
[25.907s][info][gc,metaspace] GC(43) Metaspace: 16386K(17536K)->16386K(17536K) NonClass: 14228K(14784K)->14228K(14784K) Class: 2158K(2752K)->2158K(2752K)
[25.907s][info][gc          ] GC(43) Pause Full (System.gc()) 1797M->1797M(6144M) 638.375ms
[26.541s][info][gc,metaspace] GC(44) Metaspace: 16386K(17536K)->16386K(17536K) NonClass: 14228K(14784K)->14228K(14784K) Class: 2158K(2752K)->2158K(2752K)
[26.541s][info][gc          ] GC(44) Pause Full (System.gc()) 1797M->1797M(6144M) 634.515ms
[27.175s][info][gc,metaspace] GC(45) Metaspace: 16386K(17536K)->16386K(17536K) NonClass: 14228K(14784K)->14228K(14784K) Class: 2158K(2752K)->2158K(2752K)
[27.175s][info][gc          ] GC(45) Pause Full (System.gc()) 1797M->1797M(6144M) 633.838ms
[27.810s][info][gc,metaspace] GC(46) Metaspace: 16386K(17536K)->16386K(17536K) NonClass: 14228K(14784K)->14228K(14784K) Class: 2158K(2752K)->2158K(2752K)
[27.810s][info][gc          ] GC(46) Pause Full (System.gc()) 1797M->1797M(6144M) 634.695ms
[28.449s][info][gc,metaspace] GC(47) Metaspace: 16386K(17536K)->16386K(17536K) NonClass: 14228K(14784K)->14228K(14784K) Class: 2158K(2752K)->2158K(2752K)
[28.449s][info][gc          ] GC(47) Pause Full (System.gc()) 1797M->1797M(6144M) 639.415ms
[29.090s][info][gc,metaspace] GC(48) Metaspace: 16386K(17536K)->16386K(17536K) NonClass: 14228K(14784K)->14228K(14784K) Class: 2158K(2752K)->2158K(2752K)
[29.090s][info][gc          ] GC(48) Pause Full (System.gc()) 1797M->1797M(6144M) 640.697ms
[29.728s][info][gc,metaspace] GC(49) Metaspace: 16386K(17536K)->16386K(17536K) NonClass: 14228K(14784K)->14228K(14784K) Class: 2158K(2752K)->2158K(2752K)
[29.728s][info][gc          ] GC(49) Pause Full (System.gc()) 1797M->1797M(6144M) 638.032ms
[30.369s][info][gc,metaspace] GC(50) Metaspace: 16386K(17536K)->16386K(17536K) NonClass: 14228K(14784K)->14228K(14784K) Class: 2158K(2752K)->2158K(2752K)
[30.369s][info][gc          ] GC(50) Pause Full (System.gc()) 1797M->1797M(6144M) 641.039ms
[31.007s][info][gc,metaspace] GC(51) Metaspace: 16386K(17536K)->16386K(17536K) NonClass: 14228K(14784K)->14228K(14784K) Class: 2158K(2752K)->2158K(2752K)
[31.007s][info][gc          ] GC(51) Pause Full (System.gc()) 1797M->1797M(6144M) 637.233ms
[31.647s][info][gc,metaspace] GC(52) Metaspace: 16386K(17536K)->16386K(17536K) NonClass: 14228K(14784K)->14228K(14784K) Class: 2158K(2752K)->2158K(2752K)
[31.647s][info][gc          ] GC(52) Pause Full (System.gc()) 1797M->1797M(6144M) 640.060ms
[32.284s][info][gc,metaspace] GC(53) Metaspace: 16386K(17536K)->16386K(17536K) NonClass: 14228K(14784K)->14228K(14784K) Class: 2158K(2752K)->2158K(2752K)
[32.284s][info][gc          ] GC(53) Pause Full (System.gc()) 1797M->1797M(6144M) 637.421ms
[32.927s][info][gc,metaspace] GC(54) Metaspace: 16386K(17536K)->16386K(17536K) NonClass: 14228K(14784K)->14228K(14784K) Class: 2158K(2752K)->2158K(2752K)
[32.927s][info][gc          ] GC(54) Pause Full (System.gc()) 1797M->1797M(6144M) 642.621ms
[33.559s][info][gc,metaspace] GC(55) Metaspace: 16386K(17536K)->16386K(17536K) NonClass: 14228K(14784K)->14228K(14784K) Class: 2158K(2752K)->2158K(2752K)
[33.559s][info][gc          ] GC(55) Pause Full (System.gc()) 1797M->1797M(6144M) 631.614ms
[34.202s][info][gc,metaspace] GC(56) Metaspace: 16386K(17536K)->16386K(17536K) NonClass: 14228K(14784K)->14228K(14784K) Class: 2158K(2752K)->2158K(2752K)
[34.202s][info][gc          ] GC(56) Pause Full (System.gc()) 1797M->1797M(6144M) 643.520ms
[34.857s][info][gc,metaspace] GC(57) Metaspace: 16386K(17536K)->16386K(17536K) NonClass: 14228K(14784K)->14228K(14784K) Class: 2158K(2752K)->2158K(2752K)
[34.857s][info][gc          ] GC(57) Pause Full (System.gc()) 1797M->1797M(6144M) 654.350ms
[35.495s][info][gc,metaspace] GC(58) Metaspace: 16386K(17536K)->16386K(17536K) NonClass: 14228K(14784K)->14228K(14784K) Class: 2158K(2752K)->2158K(2752K)
[35.495s][info][gc          ] GC(58) Pause Full (System.gc()) 1797M->1797M(6144M) 637.928ms
[36.128s][info][gc,metaspace] GC(59) Metaspace: 16386K(17536K)->16386K(17536K) NonClass: 14228K(14784K)->14228K(14784K) Class: 2158K(2752K)->2158K(2752K)
[36.128s][info][gc          ] GC(59) Pause Full (System.gc()) 1797M->1797M(6144M) 633.655ms
[36.762s][info][gc,metaspace] GC(60) Metaspace: 16386K(17536K)->16386K(17536K) NonClass: 14228K(14784K)->14228K(14784K) Class: 2158K(2752K)->2158K(2752K)
[36.762s][info][gc          ] GC(60) Pause Full (System.gc()) 1797M->1797M(6144M) 633.511ms
[37.396s][info][gc,metaspace] GC(61) Metaspace: 16386K(17536K)->16386K(17536K) NonClass: 14228K(14784K)->14228K(14784K) Class: 2158K(2752K)->2158K(2752K)
[37.396s][info][gc          ] GC(61) Pause Full (System.gc()) 1797M->1797M(6144M) 633.932ms
[38.046s][info][gc,metaspace] GC(62) Metaspace: 16386K(17536K)->16386K(17536K) NonClass: 14228K(14784K)->14228K(14784K) Class: 2158K(2752K)->2158K(2752K)
[38.046s][info][gc          ] GC(62) Pause Full (System.gc()) 1797M->1797M(6144M) 650.337ms
[38.685s][info][gc,metaspace] GC(63) Metaspace: 16386K(17536K)->16386K(17536K) NonClass: 14228K(14784K)->14228K(14784K) Class: 2158K(2752K)->2158K(2752K)
[38.685s][info][gc          ] GC(63) Pause Full (System.gc()) 1797M->1797M(6144M) 638.454ms
[39.315s][info][gc,metaspace] GC(64) Metaspace: 16386K(17536K)->16386K(17536K) NonClass: 14228K(14784K)->14228K(14784K) Class: 2158K(2752K)->2158K(2752K)
[39.315s][info][gc          ] GC(64) Pause Full (System.gc()) 1797M->1797M(6144M) 630.030ms
[39.966s][info][gc,metaspace] GC(65) Metaspace: 16386K(17536K)->16386K(17536K) NonClass: 14228K(14784K)->14228K(14784K) Class: 2158K(2752K)->2158K(2752K)
[39.966s][info][gc          ] GC(65) Pause Full (System.gc()) 1797M->1797M(6144M) 651.206ms
[40.607s][info][gc,metaspace] GC(66) Metaspace: 16386K(17536K)->16386K(17536K) NonClass: 14228K(14784K)->14228K(14784K) Class: 2158K(2752K)->2158K(2752K)
[40.607s][info][gc          ] GC(66) Pause Full (System.gc()) 1797M->1797M(6144M) 640.690ms
[41.242s][info][gc,metaspace] GC(67) Metaspace: 16386K(17536K)->16386K(17536K) NonClass: 14228K(14784K)->14228K(14784K) Class: 2158K(2752K)->2158K(2752K)
[41.242s][info][gc          ] GC(67) Pause Full (System.gc()) 1797M->1797M(6144M) 635.158ms
[41.887s][info][gc,metaspace] GC(68) Metaspace: 16386K(17536K)->16386K(17536K) NonClass: 14228K(14784K)->14228K(14784K) Class: 2158K(2752K)->2158K(2752K)
[41.887s][info][gc          ] GC(68) Pause Full (System.gc()) 1797M->1797M(6144M) 644.482ms
[42.523s][info][gc,metaspace] GC(69) Metaspace: 16386K(17536K)->16386K(17536K) NonClass: 14228K(14784K)->14228K(14784K) Class: 2158K(2752K)->2158K(2752K)
[42.523s][info][gc          ] GC(69) Pause Full (System.gc()) 1797M->1797M(6144M) 636.416ms
[43.155s][info][gc,metaspace] GC(70) Metaspace: 16386K(17536K)->16386K(17536K) NonClass: 14228K(14784K)->14228K(14784K) Class: 2158K(2752K)->2158K(2752K)
[43.155s][info][gc          ] GC(70) Pause Full (System.gc()) 1797M->1797M(6144M) 631.780ms
[43.802s][info][gc,metaspace] GC(71) Metaspace: 16386K(17536K)->16386K(17536K) NonClass: 14228K(14784K)->14228K(14784K) Class: 2158K(2752K)->2158K(2752K)
[43.802s][info][gc          ] GC(71) Pause Full (System.gc()) 1797M->1797M(6144M) 646.701ms
[44.432s][info][gc,metaspace] GC(72) Metaspace: 16386K(17536K)->16386K(17536K) NonClass: 14228K(14784K)->14228K(14784K) Class: 2158K(2752K)->2158K(2752K)
[44.432s][info][gc          ] GC(72) Pause Full (System.gc()) 1797M->1797M(6144M) 630.082ms
[45.069s][info][gc,metaspace] GC(73) Metaspace: 16386K(17536K)->16386K(17536K) NonClass: 14228K(14784K)->14228K(14784K) Class: 2158K(2752K)->2158K(2752K)
[45.069s][info][gc          ] GC(73) Pause Full (System.gc()) 1797M->1797M(6144M) 637.106ms
[45.719s][info][gc,metaspace] GC(74) Metaspace: 16386K(17536K)->16386K(17536K) NonClass: 14228K(14784K)->14228K(14784K) Class: 2158K(2752K)->2158K(2752K)
[45.719s][info][gc          ] GC(74) Pause Full (System.gc()) 1797M->1797M(6144M) 649.886ms
[46.359s][info][gc,metaspace] GC(75) Metaspace: 16386K(17536K)->16386K(17536K) NonClass: 14228K(14784K)->14228K(14784K) Class: 2158K(2752K)->2158K(2752K)
[46.359s][info][gc          ] GC(75) Pause Full (System.gc()) 1797M->1797M(6144M) 639.985ms
[47.002s][info][gc,metaspace] GC(76) Metaspace: 16386K(17536K)->16386K(17536K) NonClass: 14228K(14784K)->14228K(14784K) Class: 2158K(2752K)->2158K(2752K)
[47.002s][info][gc          ] GC(76) Pause Full (System.gc()) 1797M->1797M(6144M) 643.033ms
After GCs... 
