[0.001s][info][metaspace]  - commit_granule_bytes: 65536.
[0.001s][info][metaspace]  - commit_granule_words: 8192.
[0.001s][info][metaspace]  - virtual_space_node_default_size: 8388608.
[0.001s][info][metaspace]  - enlarge_chunks_in_place: 1.
[0.001s][info][metaspace]  - use_allocation_guard: 0.
[0.002s][info][gc       ] Using G1
[0.329s][info][metaspace] Reserving compressed class space anywhere
[0.329s][info][gc,metaspace] CDS archive(s) not mapped
[0.329s][info][gc,metaspace] Compressed class space mapped at: 0x0000000016000000-0x00000000d6000000, reserved size: 3221225472
[0.329s][info][gc,metaspace] UseCompressedClassPointers 1, UseCompactObjectHeaders 1, narrow klass pointer bits 22, max shift 10
[0.329s][info][gc,metaspace] Narrow klass base: 0x0000000016000000, Narrow klass shift: 10, Narrow klass range: 0xc0000000
Random Seed: 12345678
Num Classes: 1024
Num Objects: 67108864
Percent IK Objects: 83.0%)
Percent OAK Objects: 5.0%)
Percent TAK Objects: 12.0%)
Cycles: 50
Loading 1024 pre-generated classes ...
Materialize pre-generated constructors ...
Creating objects...
[0.613s][info][gc,metaspace] GC(0) Metaspace: 12909K(13248K)->12909K(13248K) NonClass: 10106K(10304K)->10106K(10304K) Class: 2803K(2944K)->2803K(2944K)
[0.613s][info][gc          ] GC(0) Pause Full (System.gc()) 22M->3M(6144M) 9.692ms
[1.281s][info][gc,metaspace] GC(1) Metaspace: 16493K(17664K)->16493K(17664K) NonClass: 13150K(13696K)->13150K(13696K) Class: 3343K(3968K)->3343K(3968K)
[1.281s][info][gc          ] GC(1) Pause Young (Normal) (G1 Evacuation Pause) 567M->291M(6144M) 18.668ms
[1.619s][info][gc,metaspace] GC(2) Metaspace: 16495K(17664K)->16495K(17664K) NonClass: 13151K(13696K)->13151K(13696K) Class: 3343K(3968K)->3343K(3968K)
[1.619s][info][gc          ] GC(2) Pause Young (Normal) (G1 Evacuation Pause) 563M->317M(6144M) 27.606ms
[1.926s][info][gc,metaspace] GC(3) Metaspace: 16495K(17664K)->16495K(17664K) NonClass: 13151K(13696K)->13151K(13696K) Class: 3343K(3968K)->3343K(3968K)
[1.926s][info][gc          ] GC(3) Pause Young (Normal) (G1 Evacuation Pause) 593M->342M(6144M) 23.774ms
[2.234s][info][gc,metaspace] GC(4) Metaspace: 16495K(17664K)->16495K(17664K) NonClass: 13151K(13696K)->13151K(13696K) Class: 3343K(3968K)->3343K(3968K)
[2.234s][info][gc          ] GC(4) Pause Young (Normal) (G1 Evacuation Pause) 618M->369M(6144M) 23.936ms
[2.542s][info][gc,metaspace] GC(5) Metaspace: 16495K(17664K)->16495K(17664K) NonClass: 13151K(13696K)->13151K(13696K) Class: 3343K(3968K)->3343K(3968K)
[2.542s][info][gc          ] GC(5) Pause Young (Normal) (G1 Evacuation Pause) 645M->393M(6144M) 24.000ms
[2.845s][info][gc,metaspace] GC(6) Metaspace: 16495K(17664K)->16495K(17664K) NonClass: 13151K(13696K)->13151K(13696K) Class: 3343K(3968K)->3343K(3968K)
[2.845s][info][gc          ] GC(6) Pause Young (Normal) (G1 Evacuation Pause) 669M->420M(6144M) 25.079ms
[3.120s][info][gc,metaspace] GC(7) Metaspace: 16495K(17664K)->16495K(17664K) NonClass: 13151K(13696K)->13151K(13696K) Class: 3343K(3968K)->3343K(3968K)
[3.120s][info][gc          ] GC(7) Pause Young (Normal) (G1 Evacuation Pause) 696M->447M(6144M) 25.432ms
[3.445s][info][gc,metaspace] GC(8) Metaspace: 16495K(17664K)->16495K(17664K) NonClass: 13151K(13696K)->13151K(13696K) Class: 3343K(3968K)->3343K(3968K)
[3.445s][info][gc          ] GC(8) Pause Young (Normal) (G1 Evacuation Pause) 751M->473M(6144M) 26.069ms
[3.796s][info][gc,metaspace] GC(9) Metaspace: 16495K(17664K)->16495K(17664K) NonClass: 13151K(13696K)->13151K(13696K) Class: 3343K(3968K)->3343K(3968K)
[3.796s][info][gc          ] GC(9) Pause Young (Normal) (G1 Evacuation Pause) 913M->510M(6144M) 35.379ms
[4.062s][info][gc,metaspace] GC(10) Metaspace: 16495K(17664K)->16495K(17664K) NonClass: 13151K(13696K)->13151K(13696K) Class: 3343K(3968K)->3343K(3968K)
[4.062s][info][gc          ] GC(10) Pause Young (Normal) (G1 Evacuation Pause) 830M->544M(6144M) 42.630ms
[4.416s][info][gc,metaspace] GC(11) Metaspace: 16495K(17664K)->16495K(17664K) NonClass: 13151K(13696K)->13151K(13696K) Class: 3343K(3968K)->3343K(3968K)
[4.416s][info][gc          ] GC(11) Pause Young (Normal) (G1 Evacuation Pause) 1008M->584M(6144M) 34.558ms
[4.770s][info][gc,metaspace] GC(12) Metaspace: 16495K(17664K)->16495K(17664K) NonClass: 13151K(13696K)->13151K(13696K) Class: 3343K(3968K)->3343K(3968K)
[4.770s][info][gc          ] GC(12) Pause Young (Normal) (G1 Evacuation Pause) 1036M->631M(6144M) 43.714ms
[5.234s][info][gc,metaspace] GC(13) Metaspace: 16495K(17664K)->16495K(17664K) NonClass: 13151K(13696K)->13151K(13696K) Class: 3343K(3968K)->3343K(3968K)
[5.234s][info][gc          ] GC(13) Pause Young (Normal) (G1 Evacuation Pause) 1243M->678M(6144M) 47.261ms
[5.664s][info][gc,metaspace] GC(14) Metaspace: 16495K(17664K)->16495K(17664K) NonClass: 13151K(13696K)->13151K(13696K) Class: 3343K(3968K)->3343K(3968K)
[5.664s][info][gc          ] GC(14) Pause Young (Normal) (G1 Evacuation Pause) 1218M->732M(6144M) 59.188ms
[6.232s][info][gc,metaspace] GC(15) Metaspace: 16495K(17664K)->16495K(17664K) NonClass: 13151K(13696K)->13151K(13696K) Class: 3343K(3968K)->3343K(3968K)
[6.232s][info][gc          ] GC(15) Pause Young (Normal) (G1 Evacuation Pause) 1480M->792M(6144M) 56.367ms
[6.768s][info][gc,metaspace] GC(16) Metaspace: 16495K(17664K)->16495K(17664K) NonClass: 13151K(13696K)->13151K(13696K) Class: 3343K(3968K)->3343K(3968K)
[6.768s][info][gc          ] GC(16) Pause Young (Normal) (G1 Evacuation Pause) 1468M->862M(6144M) 74.014ms
[7.450s][info][gc,metaspace] GC(17) Metaspace: 16495K(17664K)->16495K(17664K) NonClass: 13151K(13696K)->13151K(13696K) Class: 3343K(3968K)->3343K(3968K)
[7.450s][info][gc          ] GC(17) Pause Young (Normal) (G1 Evacuation Pause) 1758M->933M(6144M) 72.700ms
[8.089s][info][gc,metaspace] GC(18) Metaspace: 16495K(17664K)->16495K(17664K) NonClass: 13151K(13696K)->13151K(13696K) Class: 3343K(3968K)->3343K(3968K)
[8.089s][info][gc          ] GC(18) Pause Young (Normal) (G1 Evacuation Pause) 1741M->1011M(6144M) 89.633ms
[8.885s][info][gc,metaspace] GC(19) Metaspace: 16495K(17664K)->16495K(17664K) NonClass: 13151K(13696K)->13151K(13696K) Class: 3343K(3968K)->3343K(3968K)
[8.885s][info][gc          ] GC(19) Pause Young (Normal) (G1 Evacuation Pause) 2067M->1099M(6144M) 81.500ms
[9.661s][info][gc,metaspace] GC(20) Metaspace: 16495K(17664K)->16495K(17664K) NonClass: 13151K(13696K)->13151K(13696K) Class: 3343K(3968K)->3343K(3968K)
[9.661s][info][gc          ] GC(20) Pause Young (Normal) (G1 Evacuation Pause) 2035M->1187M(6144M) 96.902ms
[10.630s][info][gc,metaspace] GC(21) Metaspace: 16495K(17664K)->16495K(17664K) NonClass: 13151K(13696K)->13151K(13696K) Class: 3343K(3968K)->3343K(3968K)
[10.630s][info][gc          ] GC(21) Pause Young (Normal) (G1 Evacuation Pause) 2415M->1287M(6144M) 90.238ms
[11.524s][info][gc,metaspace] GC(22) Metaspace: 16495K(17664K)->16495K(17664K) NonClass: 13151K(13696K)->13151K(13696K) Class: 3343K(3968K)->3343K(3968K)
[11.524s][info][gc          ] GC(22) Pause Young (Normal) (G1 Evacuation Pause) 2371M->1389M(6144M) 112.841ms
[12.633s][info][gc,metaspace] GC(23) Metaspace: 16495K(17664K)->16495K(17664K) NonClass: 13151K(13696K)->13151K(13696K) Class: 3343K(3968K)->3343K(3968K)
[12.633s][info][gc          ] GC(23) Pause Young (Normal) (G1 Evacuation Pause) 2777M->1505M(6144M) 119.278ms
[13.583s][info][gc,metaspace] GC(24) Metaspace: 16495K(17664K)->16495K(17664K) NonClass: 13151K(13696K)->13151K(13696K) Class: 3343K(3968K)->3343K(3968K)
[13.583s][info][gc          ] GC(24) Pause Young (Normal) (G1 Evacuation Pause) 2657M->1616M(6144M) 125.315ms
67108864 Objects created
 - IK: 55699211 (82.99829%)
 - OAK: 3355627 (5.0002737%)
 - TAK: 8054026 (12.001434%)
Preparatory GC...
[14.844s][info][gc,metaspace] GC(25) Metaspace: 16495K(17664K)->16495K(17664K) NonClass: 13151K(13696K)->13151K(13696K) Class: 3343K(3968K)->3343K(3968K)
[14.844s][info][gc          ] GC(25) Pause Full (System.gc()) 2406M->1578M(6144M) 729.962ms
[15.540s][info][gc,metaspace] GC(26) Metaspace: 16495K(17664K)->16495K(17664K) NonClass: 13151K(13696K)->13151K(13696K) Class: 3343K(3968K)->3343K(3968K)
[15.540s][info][gc          ] GC(26) Pause Full (System.gc()) 1578M->1578M(6144M) 696.364ms
Done; will start GCs... 
[16.176s][info][gc,metaspace] GC(27) Metaspace: 16495K(17664K)->16495K(17664K) NonClass: 13151K(13696K)->13151K(13696K) Class: 3343K(3968K)->3343K(3968K)
[16.176s][info][gc          ] GC(27) Pause Full (System.gc()) 1580M->1578M(6144M) 635.965ms
[16.822s][info][gc,metaspace] GC(28) Metaspace: 16495K(17664K)->16495K(17664K) NonClass: 13151K(13696K)->13151K(13696K) Class: 3343K(3968K)->3343K(3968K)
[16.822s][info][gc          ] GC(28) Pause Full (System.gc()) 1578M->1578M(6144M) 645.878ms
[17.448s][info][gc,metaspace] GC(29) Metaspace: 16495K(17664K)->16495K(17664K) NonClass: 13151K(13696K)->13151K(13696K) Class: 3343K(3968K)->3343K(3968K)
[17.448s][info][gc          ] GC(29) Pause Full (System.gc()) 1578M->1578M(6144M) 625.827ms
[18.066s][info][gc,metaspace] GC(30) Metaspace: 16495K(17664K)->16495K(17664K) NonClass: 13151K(13696K)->13151K(13696K) Class: 3343K(3968K)->3343K(3968K)
[18.066s][info][gc          ] GC(30) Pause Full (System.gc()) 1578M->1578M(6144M) 617.962ms
[18.697s][info][gc,metaspace] GC(31) Metaspace: 16495K(17664K)->16495K(17664K) NonClass: 13151K(13696K)->13151K(13696K) Class: 3343K(3968K)->3343K(3968K)
[18.697s][info][gc          ] GC(31) Pause Full (System.gc()) 1578M->1578M(6144M) 630.787ms
[19.327s][info][gc,metaspace] GC(32) Metaspace: 16495K(17664K)->16495K(17664K) NonClass: 13151K(13696K)->13151K(13696K) Class: 3343K(3968K)->3343K(3968K)
[19.327s][info][gc          ] GC(32) Pause Full (System.gc()) 1578M->1578M(6144M) 629.698ms
[19.973s][info][gc,metaspace] GC(33) Metaspace: 16495K(17664K)->16495K(17664K) NonClass: 13151K(13696K)->13151K(13696K) Class: 3343K(3968K)->3343K(3968K)
[19.973s][info][gc          ] GC(33) Pause Full (System.gc()) 1578M->1578M(6144M) 645.937ms
[20.610s][info][gc,metaspace] GC(34) Metaspace: 16495K(17664K)->16495K(17664K) NonClass: 13151K(13696K)->13151K(13696K) Class: 3343K(3968K)->3343K(3968K)
[20.610s][info][gc          ] GC(34) Pause Full (System.gc()) 1578M->1578M(6144M) 636.946ms
[21.245s][info][gc,metaspace] GC(35) Metaspace: 16495K(17664K)->16495K(17664K) NonClass: 13151K(13696K)->13151K(13696K) Class: 3343K(3968K)->3343K(3968K)
[21.245s][info][gc          ] GC(35) Pause Full (System.gc()) 1578M->1578M(6144M) 635.526ms
[21.870s][info][gc,metaspace] GC(36) Metaspace: 16495K(17664K)->16495K(17664K) NonClass: 13151K(13696K)->13151K(13696K) Class: 3343K(3968K)->3343K(3968K)
[21.870s][info][gc          ] GC(36) Pause Full (System.gc()) 1578M->1578M(6144M) 624.756ms
[22.501s][info][gc,metaspace] GC(37) Metaspace: 16495K(17664K)->16495K(17664K) NonClass: 13151K(13696K)->13151K(13696K) Class: 3343K(3968K)->3343K(3968K)
[22.501s][info][gc          ] GC(37) Pause Full (System.gc()) 1578M->1578M(6144M) 631.035ms
[23.131s][info][gc,metaspace] GC(38) Metaspace: 16495K(17664K)->16495K(17664K) NonClass: 13151K(13696K)->13151K(13696K) Class: 3343K(3968K)->3343K(3968K)
[23.131s][info][gc          ] GC(38) Pause Full (System.gc()) 1578M->1578M(6144M) 629.489ms
[23.757s][info][gc,metaspace] GC(39) Metaspace: 16495K(17664K)->16495K(17664K) NonClass: 13151K(13696K)->13151K(13696K) Class: 3343K(3968K)->3343K(3968K)
[23.757s][info][gc          ] GC(39) Pause Full (System.gc()) 1578M->1578M(6144M) 626.249ms
[24.386s][info][gc,metaspace] GC(40) Metaspace: 16495K(17664K)->16495K(17664K) NonClass: 13151K(13696K)->13151K(13696K) Class: 3343K(3968K)->3343K(3968K)
[24.386s][info][gc          ] GC(40) Pause Full (System.gc()) 1578M->1578M(6144M) 628.794ms
[25.017s][info][gc,metaspace] GC(41) Metaspace: 16495K(17664K)->16495K(17664K) NonClass: 13151K(13696K)->13151K(13696K) Class: 3343K(3968K)->3343K(3968K)
[25.017s][info][gc          ] GC(41) Pause Full (System.gc()) 1578M->1578M(6144M) 630.428ms
[25.640s][info][gc,metaspace] GC(42) Metaspace: 16495K(17664K)->16495K(17664K) NonClass: 13151K(13696K)->13151K(13696K) Class: 3343K(3968K)->3343K(3968K)
[25.640s][info][gc          ] GC(42) Pause Full (System.gc()) 1578M->1578M(6144M) 622.884ms
[26.270s][info][gc,metaspace] GC(43) Metaspace: 16495K(17664K)->16495K(17664K) NonClass: 13151K(13696K)->13151K(13696K) Class: 3343K(3968K)->3343K(3968K)
[26.270s][info][gc          ] GC(43) Pause Full (System.gc()) 1578M->1578M(6144M) 630.149ms
[26.906s][info][gc,metaspace] GC(44) Metaspace: 16495K(17664K)->16495K(17664K) NonClass: 13151K(13696K)->13151K(13696K) Class: 3343K(3968K)->3343K(3968K)
[26.906s][info][gc          ] GC(44) Pause Full (System.gc()) 1578M->1578M(6144M) 635.786ms
[27.532s][info][gc,metaspace] GC(45) Metaspace: 16495K(17664K)->16495K(17664K) NonClass: 13151K(13696K)->13151K(13696K) Class: 3343K(3968K)->3343K(3968K)
[27.532s][info][gc          ] GC(45) Pause Full (System.gc()) 1578M->1578M(6144M) 626.254ms
[28.162s][info][gc,metaspace] GC(46) Metaspace: 16495K(17664K)->16495K(17664K) NonClass: 13151K(13696K)->13151K(13696K) Class: 3343K(3968K)->3343K(3968K)
[28.162s][info][gc          ] GC(46) Pause Full (System.gc()) 1578M->1578M(6144M) 630.151ms
[28.805s][info][gc,metaspace] GC(47) Metaspace: 16495K(17664K)->16495K(17664K) NonClass: 13151K(13696K)->13151K(13696K) Class: 3343K(3968K)->3343K(3968K)
[28.806s][info][gc          ] GC(47) Pause Full (System.gc()) 1578M->1578M(6144M) 643.191ms
[29.431s][info][gc,metaspace] GC(48) Metaspace: 16495K(17664K)->16495K(17664K) NonClass: 13151K(13696K)->13151K(13696K) Class: 3343K(3968K)->3343K(3968K)
[29.431s][info][gc          ] GC(48) Pause Full (System.gc()) 1578M->1578M(6144M) 625.632ms
[30.064s][info][gc,metaspace] GC(49) Metaspace: 16495K(17664K)->16495K(17664K) NonClass: 13151K(13696K)->13151K(13696K) Class: 3343K(3968K)->3343K(3968K)
[30.064s][info][gc          ] GC(49) Pause Full (System.gc()) 1578M->1578M(6144M) 632.809ms
[30.698s][info][gc,metaspace] GC(50) Metaspace: 16495K(17664K)->16495K(17664K) NonClass: 13151K(13696K)->13151K(13696K) Class: 3343K(3968K)->3343K(3968K)
[30.698s][info][gc          ] GC(50) Pause Full (System.gc()) 1578M->1578M(6144M) 634.265ms
[31.332s][info][gc,metaspace] GC(51) Metaspace: 16495K(17664K)->16495K(17664K) NonClass: 13151K(13696K)->13151K(13696K) Class: 3343K(3968K)->3343K(3968K)
[31.332s][info][gc          ] GC(51) Pause Full (System.gc()) 1578M->1578M(6144M) 633.277ms
[31.965s][info][gc,metaspace] GC(52) Metaspace: 16495K(17664K)->16495K(17664K) NonClass: 13151K(13696K)->13151K(13696K) Class: 3343K(3968K)->3343K(3968K)
[31.965s][info][gc          ] GC(52) Pause Full (System.gc()) 1578M->1578M(6144M) 633.671ms
[32.599s][info][gc,metaspace] GC(53) Metaspace: 16495K(17664K)->16495K(17664K) NonClass: 13151K(13696K)->13151K(13696K) Class: 3343K(3968K)->3343K(3968K)
[32.599s][info][gc          ] GC(53) Pause Full (System.gc()) 1578M->1578M(6144M) 633.844ms
[33.240s][info][gc,metaspace] GC(54) Metaspace: 16495K(17664K)->16495K(17664K) NonClass: 13151K(13696K)->13151K(13696K) Class: 3343K(3968K)->3343K(3968K)
[33.240s][info][gc          ] GC(54) Pause Full (System.gc()) 1578M->1578M(6144M) 640.687ms
[33.874s][info][gc,metaspace] GC(55) Metaspace: 16495K(17664K)->16495K(17664K) NonClass: 13151K(13696K)->13151K(13696K) Class: 3343K(3968K)->3343K(3968K)
[33.875s][info][gc          ] GC(55) Pause Full (System.gc()) 1578M->1578M(6144M) 630.042ms
[34.501s][info][gc,metaspace] GC(56) Metaspace: 16495K(17664K)->16495K(17664K) NonClass: 13151K(13696K)->13151K(13696K) Class: 3343K(3968K)->3343K(3968K)
[34.501s][info][gc          ] GC(56) Pause Full (System.gc()) 1578M->1578M(6144M) 625.958ms
[35.129s][info][gc,metaspace] GC(57) Metaspace: 16495K(17664K)->16495K(17664K) NonClass: 13151K(13696K)->13151K(13696K) Class: 3343K(3968K)->3343K(3968K)
[35.129s][info][gc          ] GC(57) Pause Full (System.gc()) 1578M->1578M(6144M) 628.524ms
[35.758s][info][gc,metaspace] GC(58) Metaspace: 16495K(17664K)->16495K(17664K) NonClass: 13151K(13696K)->13151K(13696K) Class: 3343K(3968K)->3343K(3968K)
[35.758s][info][gc          ] GC(58) Pause Full (System.gc()) 1578M->1578M(6144M) 628.953ms
[36.389s][info][gc,metaspace] GC(59) Metaspace: 16495K(17664K)->16495K(17664K) NonClass: 13151K(13696K)->13151K(13696K) Class: 3343K(3968K)->3343K(3968K)
[36.389s][info][gc          ] GC(59) Pause Full (System.gc()) 1578M->1578M(6144M) 631.145ms
[37.017s][info][gc,metaspace] GC(60) Metaspace: 16495K(17664K)->16495K(17664K) NonClass: 13151K(13696K)->13151K(13696K) Class: 3343K(3968K)->3343K(3968K)
[37.017s][info][gc          ] GC(60) Pause Full (System.gc()) 1578M->1578M(6144M) 627.632ms
[37.640s][info][gc,metaspace] GC(61) Metaspace: 16495K(17664K)->16495K(17664K) NonClass: 13151K(13696K)->13151K(13696K) Class: 3343K(3968K)->3343K(3968K)
[37.640s][info][gc          ] GC(61) Pause Full (System.gc()) 1578M->1578M(6144M) 622.491ms
[38.282s][info][gc,metaspace] GC(62) Metaspace: 16495K(17664K)->16495K(17664K) NonClass: 13151K(13696K)->13151K(13696K) Class: 3343K(3968K)->3343K(3968K)
[38.282s][info][gc          ] GC(62) Pause Full (System.gc()) 1578M->1578M(6144M) 642.516ms
[38.913s][info][gc,metaspace] GC(63) Metaspace: 16495K(17664K)->16495K(17664K) NonClass: 13151K(13696K)->13151K(13696K) Class: 3343K(3968K)->3343K(3968K)
[38.913s][info][gc          ] GC(63) Pause Full (System.gc()) 1578M->1578M(6144M) 630.527ms
[39.547s][info][gc,metaspace] GC(64) Metaspace: 16495K(17664K)->16495K(17664K) NonClass: 13151K(13696K)->13151K(13696K) Class: 3343K(3968K)->3343K(3968K)
[39.547s][info][gc          ] GC(64) Pause Full (System.gc()) 1578M->1578M(6144M) 634.095ms
[40.178s][info][gc,metaspace] GC(65) Metaspace: 16495K(17664K)->16495K(17664K) NonClass: 13151K(13696K)->13151K(13696K) Class: 3343K(3968K)->3343K(3968K)
[40.178s][info][gc          ] GC(65) Pause Full (System.gc()) 1578M->1578M(6144M) 630.897ms
[40.808s][info][gc,metaspace] GC(66) Metaspace: 16495K(17664K)->16495K(17664K) NonClass: 13151K(13696K)->13151K(13696K) Class: 3343K(3968K)->3343K(3968K)
[40.808s][info][gc          ] GC(66) Pause Full (System.gc()) 1578M->1578M(6144M) 629.755ms
[41.441s][info][gc,metaspace] GC(67) Metaspace: 16495K(17664K)->16495K(17664K) NonClass: 13151K(13696K)->13151K(13696K) Class: 3343K(3968K)->3343K(3968K)
[41.441s][info][gc          ] GC(67) Pause Full (System.gc()) 1578M->1578M(6144M) 633.082ms
[42.075s][info][gc,metaspace] GC(68) Metaspace: 16495K(17664K)->16495K(17664K) NonClass: 13151K(13696K)->13151K(13696K) Class: 3343K(3968K)->3343K(3968K)
[42.076s][info][gc          ] GC(68) Pause Full (System.gc()) 1578M->1578M(6144M) 634.527ms
[42.703s][info][gc,metaspace] GC(69) Metaspace: 16495K(17664K)->16495K(17664K) NonClass: 13151K(13696K)->13151K(13696K) Class: 3343K(3968K)->3343K(3968K)
[42.704s][info][gc          ] GC(69) Pause Full (System.gc()) 1578M->1578M(6144M) 627.902ms
[43.328s][info][gc,metaspace] GC(70) Metaspace: 16495K(17664K)->16495K(17664K) NonClass: 13151K(13696K)->13151K(13696K) Class: 3343K(3968K)->3343K(3968K)
[43.328s][info][gc          ] GC(70) Pause Full (System.gc()) 1578M->1578M(6144M) 624.888ms
[43.963s][info][gc,metaspace] GC(71) Metaspace: 16495K(17664K)->16495K(17664K) NonClass: 13151K(13696K)->13151K(13696K) Class: 3343K(3968K)->3343K(3968K)
[43.963s][info][gc          ] GC(71) Pause Full (System.gc()) 1578M->1578M(6144M) 634.396ms
[44.587s][info][gc,metaspace] GC(72) Metaspace: 16495K(17664K)->16495K(17664K) NonClass: 13151K(13696K)->13151K(13696K) Class: 3343K(3968K)->3343K(3968K)
[44.587s][info][gc          ] GC(72) Pause Full (System.gc()) 1578M->1578M(6144M) 623.657ms
[45.229s][info][gc,metaspace] GC(73) Metaspace: 16495K(17664K)->16495K(17664K) NonClass: 13151K(13696K)->13151K(13696K) Class: 3343K(3968K)->3343K(3968K)
[45.229s][info][gc          ] GC(73) Pause Full (System.gc()) 1578M->1578M(6144M) 641.939ms
[45.859s][info][gc,metaspace] GC(74) Metaspace: 16495K(17664K)->16495K(17664K) NonClass: 13151K(13696K)->13151K(13696K) Class: 3343K(3968K)->3343K(3968K)
[45.859s][info][gc          ] GC(74) Pause Full (System.gc()) 1578M->1578M(6144M) 630.372ms
[46.486s][info][gc,metaspace] GC(75) Metaspace: 16495K(17664K)->16495K(17664K) NonClass: 13151K(13696K)->13151K(13696K) Class: 3343K(3968K)->3343K(3968K)
[46.487s][info][gc          ] GC(75) Pause Full (System.gc()) 1578M->1578M(6144M) 627.359ms
[47.109s][info][gc,metaspace] GC(76) Metaspace: 16495K(17664K)->16495K(17664K) NonClass: 13151K(13696K)->13151K(13696K) Class: 3343K(3968K)->3343K(3968K)
[47.109s][info][gc          ] GC(76) Pause Full (System.gc()) 1578M->1578M(6144M) 622.668ms
After GCs... 
