Done; will start GCs... 
[12.744s][info][gc,metaspace] GC(26) Metaspace: 12518K(13056K)->12518K(13056K) NonClass: 10347K(10624K)->10347K(10624K) Class: 2170K(2432K)->2170K(2432K)
[12.744s][info][gc          ] GC(26) Pause Full (System.gc()) 1643M->1641M(6144M) 556.895ms
[13.303s][info][gc,metaspace] GC(27) Metaspace: 12518K(13056K)->12518K(13056K) NonClass: 10347K(10624K)->10347K(10624K) Class: 2170K(2432K)->2170K(2432K)
[13.303s][info][gc          ] GC(27) Pause Full (System.gc()) 1641M->1641M(6144M) 559.022ms
[13.860s][info][gc,metaspace] GC(28) Metaspace: 12518K(13056K)->12518K(13056K) NonClass: 10347K(10624K)->10347K(10624K) Class: 2170K(2432K)->2170K(2432K)
[13.860s][info][gc          ] GC(28) Pause Full (System.gc()) 1641M->1641M(6144M) 556.709ms
[14.420s][info][gc,metaspace] GC(29) Metaspace: 12518K(13056K)->12518K(13056K) NonClass: 10347K(10624K)->10347K(10624K) Class: 2170K(2432K)->2170K(2432K)
[14.420s][info][gc          ] GC(29) Pause Full (System.gc()) 1641M->1641M(6144M) 559.755ms
[14.980s][info][gc,metaspace] GC(30) Metaspace: 12518K(13056K)->12518K(13056K) NonClass: 10347K(10624K)->10347K(10624K) Class: 2170K(2432K)->2170K(2432K)
[14.980s][info][gc          ] GC(30) Pause Full (System.gc()) 1641M->1641M(6144M) 559.996ms
[15.549s][info][gc,metaspace] GC(31) Metaspace: 12518K(13056K)->12518K(13056K) NonClass: 10347K(10624K)->10347K(10624K) Class: 2170K(2432K)->2170K(2432K)
[15.549s][info][gc          ] GC(31) Pause Full (System.gc()) 1641M->1641M(6144M) 568.572ms
[16.103s][info][gc,metaspace] GC(32) Metaspace: 12518K(13056K)->12518K(13056K) NonClass: 10347K(10624K)->10347K(10624K) Class: 2170K(2432K)->2170K(2432K)
[16.103s][info][gc          ] GC(32) Pause Full (System.gc()) 1641M->1641M(6144M) 554.132ms
[16.660s][info][gc,metaspace] GC(33) Metaspace: 12518K(13056K)->12518K(13056K) NonClass: 10347K(10624K)->10347K(10624K) Class: 2170K(2432K)->2170K(2432K)
[16.660s][info][gc          ] GC(33) Pause Full (System.gc()) 1641M->1641M(6144M) 556.567ms
[17.210s][info][gc,metaspace] GC(34) Metaspace: 12518K(13056K)->12518K(13056K) NonClass: 10347K(10624K)->10347K(10624K) Class: 2170K(2432K)->2170K(2432K)
[17.210s][info][gc          ] GC(34) Pause Full (System.gc()) 1641M->1641M(6144M) 550.829ms
[17.770s][info][gc,metaspace] GC(35) Metaspace: 12518K(13056K)->12518K(13056K) NonClass: 10347K(10624K)->10347K(10624K) Class: 2170K(2432K)->2170K(2432K)
[17.770s][info][gc          ] GC(35) Pause Full (System.gc()) 1641M->1641M(6144M) 559.536ms
After GCs... 
