Done; will start GCs... 
[12.217s][info][gc,metaspace] GC(27) Metaspace: 12492K(12992K)->12492K(12992K) NonClass: 11148K(11392K)->11148K(11392K) Class: 1343K(1600K)->1343K(1600K)
[12.217s][info][gc          ] GC(27) Pause Full (System.gc()) 1848M->1846M(6144M) 555.414ms
[12.771s][info][gc,metaspace] GC(28) Metaspace: 12492K(12992K)->12492K(12992K) NonClass: 11148K(11392K)->11148K(11392K) Class: 1343K(1600K)->1343K(1600K)
[12.771s][info][gc          ] GC(28) Pause Full (System.gc()) 1846M->1846M(6144M) 553.338ms
[13.321s][info][gc,metaspace] GC(29) Metaspace: 12492K(12992K)->12492K(12992K) NonClass: 11148K(11392K)->11148K(11392K) Class: 1343K(1600K)->1343K(1600K)
[13.321s][info][gc          ] GC(29) Pause Full (System.gc()) 1846M->1846M(6144M) 550.118ms
[13.872s][info][gc,metaspace] GC(30) Metaspace: 12492K(12992K)->12492K(12992K) NonClass: 11148K(11392K)->11148K(11392K) Class: 1343K(1600K)->1343K(1600K)
[13.872s][info][gc          ] GC(30) Pause Full (System.gc()) 1846M->1846M(6144M) 551.436ms
[14.422s][info][gc,metaspace] GC(31) Metaspace: 12492K(12992K)->12492K(12992K) NonClass: 11148K(11392K)->11148K(11392K) Class: 1343K(1600K)->1343K(1600K)
[14.422s][info][gc          ] GC(31) Pause Full (System.gc()) 1846M->1846M(6144M) 549.712ms
[14.972s][info][gc,metaspace] GC(32) Metaspace: 12492K(12992K)->12492K(12992K) NonClass: 11148K(11392K)->11148K(11392K) Class: 1343K(1600K)->1343K(1600K)
[14.972s][info][gc          ] GC(32) Pause Full (System.gc()) 1846M->1846M(6144M) 549.861ms
[15.521s][info][gc,metaspace] GC(33) Metaspace: 12492K(12992K)->12492K(12992K) NonClass: 11148K(11392K)->11148K(11392K) Class: 1343K(1600K)->1343K(1600K)
[15.521s][info][gc          ] GC(33) Pause Full (System.gc()) 1846M->1846M(6144M) 548.582ms
[16.081s][info][gc,metaspace] GC(34) Metaspace: 12492K(12992K)->12492K(12992K) NonClass: 11148K(11392K)->11148K(11392K) Class: 1343K(1600K)->1343K(1600K)
[16.081s][info][gc          ] GC(34) Pause Full (System.gc()) 1846M->1846M(6144M) 560.548ms
[16.631s][info][gc,metaspace] GC(35) Metaspace: 12492K(12992K)->12492K(12992K) NonClass: 11148K(11392K)->11148K(11392K) Class: 1343K(1600K)->1343K(1600K)
[16.631s][info][gc          ] GC(35) Pause Full (System.gc()) 1846M->1846M(6144M) 549.451ms
[17.178s][info][gc,metaspace] GC(36) Metaspace: 12492K(12992K)->12492K(12992K) NonClass: 11148K(11392K)->11148K(11392K) Class: 1343K(1600K)->1343K(1600K)
[17.178s][info][gc          ] GC(36) Pause Full (System.gc()) 1846M->1846M(6144M) 546.699ms
After GCs... 
