Done; will start GCs... 
[11.460s][info][gc,metaspace] GC(11) Metaspace: 28404K(29568K)->28404K(29568K) NonClass: 23127K(23680K)->23127K(23680K) Class: 5277K(5888K)->5277K(5888K)
[11.460s][info][gc          ] GC(11) Pause Full (System.gc()) 813M->776M(6144M) 541.106ms
[11.979s][info][gc,metaspace] GC(12) Metaspace: 28404K(29568K)->28404K(29568K) NonClass: 23127K(23680K)->23127K(23680K) Class: 5277K(5888K)->5277K(5888K)
[11.979s][info][gc          ] GC(12) Pause Full (System.gc()) 776M->776M(6144M) 518.998ms
[12.490s][info][gc,metaspace] GC(13) Metaspace: 28404K(29568K)->28404K(29568K) NonClass: 23127K(23680K)->23127K(23680K) Class: 5277K(5888K)->5277K(5888K)
[12.490s][info][gc          ] GC(13) Pause Full (System.gc()) 776M->776M(6144M) 510.141ms
[12.982s][info][gc,metaspace] GC(14) Metaspace: 28404K(29568K)->28404K(29568K) NonClass: 23127K(23680K)->23127K(23680K) Class: 5277K(5888K)->5277K(5888K)
[12.982s][info][gc          ] GC(14) Pause Full (System.gc()) 776M->776M(6144M) 492.350ms
[13.445s][info][gc,metaspace] GC(15) Metaspace: 28404K(29568K)->28404K(29568K) NonClass: 23127K(23680K)->23127K(23680K) Class: 5277K(5888K)->5277K(5888K)
[13.445s][info][gc          ] GC(15) Pause Full (System.gc()) 776M->776M(6144M) 463.245ms
[13.921s][info][gc,metaspace] GC(16) Metaspace: 28405K(29568K)->28405K(29568K) NonClass: 23128K(23680K)->23128K(23680K) Class: 5277K(5888K)->5277K(5888K)
[13.921s][info][gc          ] GC(16) Pause Full (System.gc()) 776M->776M(6144M) 475.650ms
[14.396s][info][gc,metaspace] GC(17) Metaspace: 28405K(29568K)->28405K(29568K) NonClass: 23128K(23680K)->23128K(23680K) Class: 5277K(5888K)->5277K(5888K)
[14.396s][info][gc          ] GC(17) Pause Full (System.gc()) 776M->776M(6144M) 475.072ms
[14.901s][info][gc,metaspace] GC(18) Metaspace: 28405K(29568K)->28405K(29568K) NonClass: 23128K(23680K)->23128K(23680K) Class: 5277K(5888K)->5277K(5888K)
[14.901s][info][gc          ] GC(18) Pause Full (System.gc()) 776M->776M(6144M) 504.234ms
[15.373s][info][gc,metaspace] GC(19) Metaspace: 28405K(29568K)->28405K(29568K) NonClass: 23128K(23680K)->23128K(23680K) Class: 5277K(5888K)->5277K(5888K)
[15.373s][info][gc          ] GC(19) Pause Full (System.gc()) 776M->776M(6144M) 471.859ms
[15.890s][info][gc,metaspace] GC(20) Metaspace: 28405K(29568K)->28405K(29568K) NonClass: 23128K(23680K)->23128K(23680K) Class: 5277K(5888K)->5277K(5888K)
[15.890s][info][gc          ] GC(20) Pause Full (System.gc()) 776M->776M(6144M) 517.258ms
[16.371s][info][gc,metaspace] GC(21) Metaspace: 28405K(29568K)->28405K(29568K) NonClass: 23128K(23680K)->23128K(23680K) Class: 5277K(5888K)->5277K(5888K)
[16.371s][info][gc          ] GC(21) Pause Full (System.gc()) 776M->776M(6144M) 481.215ms
[16.948s][info][gc,metaspace] GC(22) Metaspace: 28405K(29568K)->28405K(29568K) NonClass: 23128K(23680K)->23128K(23680K) Class: 5277K(5888K)->5277K(5888K)
[16.948s][info][gc          ] GC(22) Pause Full (System.gc()) 776M->776M(6144M) 572.009ms
[17.451s][info][gc,metaspace] GC(23) Metaspace: 28405K(29568K)->28405K(29568K) NonClass: 23128K(23680K)->23128K(23680K) Class: 5277K(5888K)->5277K(5888K)
[17.451s][info][gc          ] GC(23) Pause Full (System.gc()) 776M->776M(6144M) 503.063ms
[17.965s][info][gc,metaspace] GC(24) Metaspace: 28405K(29568K)->28405K(29568K) NonClass: 23128K(23680K)->23128K(23680K) Class: 5277K(5888K)->5277K(5888K)
[17.965s][info][gc          ] GC(24) Pause Full (System.gc()) 776M->776M(6144M) 513.674ms
[18.431s][info][gc,metaspace] GC(25) Metaspace: 28405K(29568K)->28405K(29568K) NonClass: 23128K(23680K)->23128K(23680K) Class: 5277K(5888K)->5277K(5888K)
[18.431s][info][gc          ] GC(25) Pause Full (System.gc()) 776M->776M(6144M) 465.664ms
[18.938s][info][gc,metaspace] GC(26) Metaspace: 28405K(29568K)->28405K(29568K) NonClass: 23128K(23680K)->23128K(23680K) Class: 5277K(5888K)->5277K(5888K)
[18.938s][info][gc          ] GC(26) Pause Full (System.gc()) 776M->776M(6144M) 506.864ms
[19.442s][info][gc,metaspace] GC(27) Metaspace: 28405K(29568K)->28405K(29568K) NonClass: 23128K(23680K)->23128K(23680K) Class: 5277K(5888K)->5277K(5888K)
[19.442s][info][gc          ] GC(27) Pause Full (System.gc()) 776M->776M(6144M) 503.857ms
[19.937s][info][gc,metaspace] GC(28) Metaspace: 28405K(29568K)->28405K(29568K) NonClass: 23128K(23680K)->23128K(23680K) Class: 5277K(5888K)->5277K(5888K)
[19.937s][info][gc          ] GC(28) Pause Full (System.gc()) 776M->776M(6144M) 495.433ms
[20.386s][info][gc,metaspace] GC(29) Metaspace: 28405K(29568K)->28405K(29568K) NonClass: 23128K(23680K)->23128K(23680K) Class: 5277K(5888K)->5277K(5888K)
[20.386s][info][gc          ] GC(29) Pause Full (System.gc()) 776M->776M(6144M) 448.617ms
[20.866s][info][gc,metaspace] GC(30) Metaspace: 28405K(29568K)->28405K(29568K) NonClass: 23128K(23680K)->23128K(23680K) Class: 5277K(5888K)->5277K(5888K)
[20.866s][info][gc          ] GC(30) Pause Full (System.gc()) 776M->776M(6144M) 480.139ms
[21.343s][info][gc,metaspace] GC(31) Metaspace: 28405K(29568K)->28405K(29568K) NonClass: 23128K(23680K)->23128K(23680K) Class: 5277K(5888K)->5277K(5888K)
[21.343s][info][gc          ] GC(31) Pause Full (System.gc()) 776M->776M(6144M) 476.582ms
[21.850s][info][gc,metaspace] GC(32) Metaspace: 28405K(29568K)->28405K(29568K) NonClass: 23128K(23680K)->23128K(23680K) Class: 5277K(5888K)->5277K(5888K)
[21.850s][info][gc          ] GC(32) Pause Full (System.gc()) 776M->776M(6144M) 506.892ms
[22.342s][info][gc,metaspace] GC(33) Metaspace: 28405K(29568K)->28405K(29568K) NonClass: 23128K(23680K)->23128K(23680K) Class: 5277K(5888K)->5277K(5888K)
[22.342s][info][gc          ] GC(33) Pause Full (System.gc()) 776M->776M(6144M) 491.853ms
[22.853s][info][gc,metaspace] GC(34) Metaspace: 28405K(29568K)->28405K(29568K) NonClass: 23128K(23680K)->23128K(23680K) Class: 5277K(5888K)->5277K(5888K)
[22.853s][info][gc          ] GC(34) Pause Full (System.gc()) 776M->776M(6144M) 510.939ms
[23.337s][info][gc,metaspace] GC(35) Metaspace: 28405K(29568K)->28405K(29568K) NonClass: 23128K(23680K)->23128K(23680K) Class: 5277K(5888K)->5277K(5888K)
[23.337s][info][gc          ] GC(35) Pause Full (System.gc()) 776M->776M(6144M) 483.758ms
[23.829s][info][gc,metaspace] GC(36) Metaspace: 28405K(29568K)->28405K(29568K) NonClass: 23128K(23680K)->23128K(23680K) Class: 5277K(5888K)->5277K(5888K)
[23.829s][info][gc          ] GC(36) Pause Full (System.gc()) 776M->776M(6144M) 492.557ms
[24.293s][info][gc,metaspace] GC(37) Metaspace: 28405K(29568K)->28405K(29568K) NonClass: 23128K(23680K)->23128K(23680K) Class: 5277K(5888K)->5277K(5888K)
[24.293s][info][gc          ] GC(37) Pause Full (System.gc()) 776M->776M(6144M) 463.633ms
[24.774s][info][gc,metaspace] GC(38) Metaspace: 28405K(29568K)->28405K(29568K) NonClass: 23128K(23680K)->23128K(23680K) Class: 5277K(5888K)->5277K(5888K)
[24.775s][info][gc          ] GC(38) Pause Full (System.gc()) 776M->776M(6144M) 481.435ms
[25.299s][info][gc,metaspace] GC(39) Metaspace: 28405K(29568K)->28405K(29568K) NonClass: 23128K(23680K)->23128K(23680K) Class: 5277K(5888K)->5277K(5888K)
[25.299s][info][gc          ] GC(39) Pause Full (System.gc()) 776M->776M(6144M) 524.672ms
[25.776s][info][gc,metaspace] GC(40) Metaspace: 28405K(29568K)->28405K(29568K) NonClass: 23128K(23680K)->23128K(23680K) Class: 5277K(5888K)->5277K(5888K)
[25.776s][info][gc          ] GC(40) Pause Full (System.gc()) 776M->776M(6144M) 476.796ms
[26.310s][info][gc,metaspace] GC(41) Metaspace: 28405K(29568K)->28405K(29568K) NonClass: 23128K(23680K)->23128K(23680K) Class: 5277K(5888K)->5277K(5888K)
[26.310s][info][gc          ] GC(41) Pause Full (System.gc()) 776M->776M(6144M) 533.647ms
[26.817s][info][gc,metaspace] GC(42) Metaspace: 28405K(29568K)->28405K(29568K) NonClass: 23128K(23680K)->23128K(23680K) Class: 5277K(5888K)->5277K(5888K)
[26.817s][info][gc          ] GC(42) Pause Full (System.gc()) 776M->776M(6144M) 507.326ms
[27.258s][info][gc,metaspace] GC(43) Metaspace: 28405K(29568K)->28405K(29568K) NonClass: 23128K(23680K)->23128K(23680K) Class: 5277K(5888K)->5277K(5888K)
[27.258s][info][gc          ] GC(43) Pause Full (System.gc()) 776M->776M(6144M) 440.760ms
[27.780s][info][gc,metaspace] GC(44) Metaspace: 28405K(29568K)->28405K(29568K) NonClass: 23128K(23680K)->23128K(23680K) Class: 5277K(5888K)->5277K(5888K)
[27.780s][info][gc          ] GC(44) Pause Full (System.gc()) 776M->776M(6144M) 517.642ms
[28.319s][info][gc,metaspace] GC(45) Metaspace: 28405K(29568K)->28405K(29568K) NonClass: 23128K(23680K)->23128K(23680K) Class: 5277K(5888K)->5277K(5888K)
[28.319s][info][gc          ] GC(45) Pause Full (System.gc()) 776M->776M(6144M) 538.943ms
[28.832s][info][gc,metaspace] GC(46) Metaspace: 28405K(29568K)->28405K(29568K) NonClass: 23128K(23680K)->23128K(23680K) Class: 5277K(5888K)->5277K(5888K)
[28.832s][info][gc          ] GC(46) Pause Full (System.gc()) 776M->776M(6144M) 512.761ms
[29.309s][info][gc,metaspace] GC(47) Metaspace: 28405K(29568K)->28405K(29568K) NonClass: 23128K(23680K)->23128K(23680K) Class: 5277K(5888K)->5277K(5888K)
[29.309s][info][gc          ] GC(47) Pause Full (System.gc()) 776M->776M(6144M) 477.532ms
[29.823s][info][gc,metaspace] GC(48) Metaspace: 28405K(29568K)->28405K(29568K) NonClass: 23128K(23680K)->23128K(23680K) Class: 5277K(5888K)->5277K(5888K)
[29.823s][info][gc          ] GC(48) Pause Full (System.gc()) 776M->776M(6144M) 513.860ms
[30.306s][info][gc,metaspace] GC(49) Metaspace: 28405K(29568K)->28405K(29568K) NonClass: 23128K(23680K)->23128K(23680K) Class: 5277K(5888K)->5277K(5888K)
[30.306s][info][gc          ] GC(49) Pause Full (System.gc()) 776M->776M(6144M) 482.273ms
[30.823s][info][gc,metaspace] GC(50) Metaspace: 28405K(29568K)->28405K(29568K) NonClass: 23128K(23680K)->23128K(23680K) Class: 5277K(5888K)->5277K(5888K)
[30.823s][info][gc          ] GC(50) Pause Full (System.gc()) 776M->776M(6144M) 516.769ms
[31.298s][info][gc,metaspace] GC(51) Metaspace: 28405K(29568K)->28405K(29568K) NonClass: 23128K(23680K)->23128K(23680K) Class: 5277K(5888K)->5277K(5888K)
[31.299s][info][gc          ] GC(51) Pause Full (System.gc()) 776M->776M(6144M) 475.819ms
[31.837s][info][gc,metaspace] GC(52) Metaspace: 28405K(29568K)->28405K(29568K) NonClass: 23128K(23680K)->23128K(23680K) Class: 5277K(5888K)->5277K(5888K)
[31.837s][info][gc          ] GC(52) Pause Full (System.gc()) 776M->776M(6144M) 538.222ms
[32.294s][info][gc,metaspace] GC(53) Metaspace: 28405K(29568K)->28405K(29568K) NonClass: 23128K(23680K)->23128K(23680K) Class: 5277K(5888K)->5277K(5888K)
[32.294s][info][gc          ] GC(53) Pause Full (System.gc()) 776M->776M(6144M) 457.201ms
[32.780s][info][gc,metaspace] GC(54) Metaspace: 28405K(29568K)->28405K(29568K) NonClass: 23128K(23680K)->23128K(23680K) Class: 5277K(5888K)->5277K(5888K)
[32.780s][info][gc          ] GC(54) Pause Full (System.gc()) 776M->776M(6144M) 485.622ms
[33.299s][info][gc,metaspace] GC(55) Metaspace: 28405K(29568K)->28405K(29568K) NonClass: 23128K(23680K)->23128K(23680K) Class: 5277K(5888K)->5277K(5888K)
[33.299s][info][gc          ] GC(55) Pause Full (System.gc()) 776M->776M(6144M) 519.200ms
[33.777s][info][gc,metaspace] GC(56) Metaspace: 28405K(29568K)->28405K(29568K) NonClass: 23128K(23680K)->23128K(23680K) Class: 5277K(5888K)->5277K(5888K)
[33.777s][info][gc          ] GC(56) Pause Full (System.gc()) 776M->776M(6144M) 477.819ms
[34.301s][info][gc,metaspace] GC(57) Metaspace: 28405K(29568K)->28405K(29568K) NonClass: 23128K(23680K)->23128K(23680K) Class: 5277K(5888K)->5277K(5888K)
[34.301s][info][gc          ] GC(57) Pause Full (System.gc()) 776M->776M(6144M) 489.853ms
[34.841s][info][gc,metaspace] GC(58) Metaspace: 28405K(29568K)->28405K(29568K) NonClass: 23128K(23680K)->23128K(23680K) Class: 5277K(5888K)->5277K(5888K)
[34.841s][info][gc          ] GC(58) Pause Full (System.gc()) 776M->776M(6144M) 540.465ms
[35.309s][info][gc,metaspace] GC(59) Metaspace: 28405K(29568K)->28405K(29568K) NonClass: 23128K(23680K)->23128K(23680K) Class: 5277K(5888K)->5277K(5888K)
[35.309s][info][gc          ] GC(59) Pause Full (System.gc()) 776M->776M(6144M) 467.890ms
[35.760s][info][gc,metaspace] GC(60) Metaspace: 28405K(29568K)->28405K(29568K) NonClass: 23128K(23680K)->23128K(23680K) Class: 5277K(5888K)->5277K(5888K)
[35.760s][info][gc          ] GC(60) Pause Full (System.gc()) 776M->776M(6144M) 451.044ms
[36.247s][info][gc,metaspace] GC(61) Metaspace: 28405K(29568K)->28405K(29568K) NonClass: 23128K(23680K)->23128K(23680K) Class: 5277K(5888K)->5277K(5888K)
[36.247s][info][gc          ] GC(61) Pause Full (System.gc()) 776M->776M(6144M) 486.848ms
[36.717s][info][gc,metaspace] GC(62) Metaspace: 28405K(29568K)->28405K(29568K) NonClass: 23128K(23680K)->23128K(23680K) Class: 5277K(5888K)->5277K(5888K)
[36.717s][info][gc          ] GC(62) Pause Full (System.gc()) 776M->776M(6144M) 469.455ms
[37.198s][info][gc,metaspace] GC(63) Metaspace: 28405K(29568K)->28405K(29568K) NonClass: 23128K(23680K)->23128K(23680K) Class: 5277K(5888K)->5277K(5888K)
[37.198s][info][gc          ] GC(63) Pause Full (System.gc()) 776M->776M(6144M) 480.927ms
[37.647s][info][gc,metaspace] GC(64) Metaspace: 28405K(29568K)->28405K(29568K) NonClass: 23128K(23680K)->23128K(23680K) Class: 5277K(5888K)->5277K(5888K)
[37.647s][info][gc          ] GC(64) Pause Full (System.gc()) 776M->776M(6144M) 449.602ms
[38.202s][info][gc,metaspace] GC(65) Metaspace: 28405K(29568K)->28405K(29568K) NonClass: 23128K(23680K)->23128K(23680K) Class: 5277K(5888K)->5277K(5888K)
[38.202s][info][gc          ] GC(65) Pause Full (System.gc()) 776M->776M(6144M) 550.389ms
[38.694s][info][gc,metaspace] GC(66) Metaspace: 28405K(29568K)->28405K(29568K) NonClass: 23128K(23680K)->23128K(23680K) Class: 5277K(5888K)->5277K(5888K)
[38.694s][info][gc          ] GC(66) Pause Full (System.gc()) 776M->776M(6144M) 492.095ms
[39.252s][info][gc,metaspace] GC(67) Metaspace: 28405K(29568K)->28405K(29568K) NonClass: 23128K(23680K)->23128K(23680K) Class: 5277K(5888K)->5277K(5888K)
[39.252s][info][gc          ] GC(67) Pause Full (System.gc()) 776M->776M(6144M) 557.532ms
[39.746s][info][gc,metaspace] GC(68) Metaspace: 28405K(29568K)->28405K(29568K) NonClass: 23128K(23680K)->23128K(23680K) Class: 5277K(5888K)->5277K(5888K)
[39.746s][info][gc          ] GC(68) Pause Full (System.gc()) 776M->776M(6144M) 493.813ms
[40.212s][info][gc,metaspace] GC(69) Metaspace: 28405K(29568K)->28405K(29568K) NonClass: 23128K(23680K)->23128K(23680K) Class: 5277K(5888K)->5277K(5888K)
[40.212s][info][gc          ] GC(69) Pause Full (System.gc()) 776M->776M(6144M) 466.038ms
[40.731s][info][gc,metaspace] GC(70) Metaspace: 28405K(29568K)->28405K(29568K) NonClass: 23128K(23680K)->23128K(23680K) Class: 5277K(5888K)->5277K(5888K)
[40.731s][info][gc          ] GC(70) Pause Full (System.gc()) 776M->776M(6144M) 518.893ms
[41.208s][info][gc,metaspace] GC(71) Metaspace: 28405K(29568K)->28405K(29568K) NonClass: 23128K(23680K)->23128K(23680K) Class: 5277K(5888K)->5277K(5888K)
[41.208s][info][gc          ] GC(71) Pause Full (System.gc()) 776M->776M(6144M) 477.047ms
[41.678s][info][gc,metaspace] GC(72) Metaspace: 28405K(29568K)->28405K(29568K) NonClass: 23128K(23680K)->23128K(23680K) Class: 5277K(5888K)->5277K(5888K)
[41.678s][info][gc          ] GC(72) Pause Full (System.gc()) 776M->776M(6144M) 470.238ms
[42.163s][info][gc,metaspace] GC(73) Metaspace: 28405K(29568K)->28405K(29568K) NonClass: 23128K(23680K)->23128K(23680K) Class: 5277K(5888K)->5277K(5888K)
[42.163s][info][gc          ] GC(73) Pause Full (System.gc()) 776M->776M(6144M) 484.742ms
[42.634s][info][gc,metaspace] GC(74) Metaspace: 28405K(29568K)->28405K(29568K) NonClass: 23128K(23680K)->23128K(23680K) Class: 5277K(5888K)->5277K(5888K)
[42.634s][info][gc          ] GC(74) Pause Full (System.gc()) 776M->776M(6144M) 470.582ms
[43.119s][info][gc,metaspace] GC(75) Metaspace: 28405K(29568K)->28405K(29568K) NonClass: 23128K(23680K)->23128K(23680K) Class: 5277K(5888K)->5277K(5888K)
[43.119s][info][gc          ] GC(75) Pause Full (System.gc()) 776M->776M(6144M) 485.408ms
[43.586s][info][gc,metaspace] GC(76) Metaspace: 28405K(29568K)->28405K(29568K) NonClass: 23128K(23680K)->23128K(23680K) Class: 5277K(5888K)->5277K(5888K)
[43.586s][info][gc          ] GC(76) Pause Full (System.gc()) 776M->776M(6144M) 467.134ms
[44.097s][info][gc,metaspace] GC(77) Metaspace: 28405K(29568K)->28405K(29568K) NonClass: 23128K(23680K)->23128K(23680K) Class: 5277K(5888K)->5277K(5888K)
[44.097s][info][gc          ] GC(77) Pause Full (System.gc()) 776M->776M(6144M) 510.850ms
[44.583s][info][gc,metaspace] GC(78) Metaspace: 28405K(29568K)->28405K(29568K) NonClass: 23128K(23680K)->23128K(23680K) Class: 5277K(5888K)->5277K(5888K)
[44.583s][info][gc          ] GC(78) Pause Full (System.gc()) 776M->776M(6144M) 485.667ms
[45.097s][info][gc,metaspace] GC(79) Metaspace: 28405K(29568K)->28405K(29568K) NonClass: 23128K(23680K)->23128K(23680K) Class: 5277K(5888K)->5277K(5888K)
[45.097s][info][gc          ] GC(79) Pause Full (System.gc()) 776M->776M(6144M) 514.447ms
[45.577s][info][gc,metaspace] GC(80) Metaspace: 28405K(29568K)->28405K(29568K) NonClass: 23128K(23680K)->23128K(23680K) Class: 5277K(5888K)->5277K(5888K)
[45.577s][info][gc          ] GC(80) Pause Full (System.gc()) 776M->776M(6144M) 479.491ms
[46.069s][info][gc,metaspace] GC(81) Metaspace: 28405K(29568K)->28405K(29568K) NonClass: 23128K(23680K)->23128K(23680K) Class: 5277K(5888K)->5277K(5888K)
[46.069s][info][gc          ] GC(81) Pause Full (System.gc()) 776M->776M(6144M) 491.614ms
[46.524s][info][gc,metaspace] GC(82) Metaspace: 28405K(29568K)->28405K(29568K) NonClass: 23128K(23680K)->23128K(23680K) Class: 5277K(5888K)->5277K(5888K)
[46.524s][info][gc          ] GC(82) Pause Full (System.gc()) 776M->776M(6144M) 455.422ms
[47.032s][info][gc,metaspace] GC(83) Metaspace: 28405K(29568K)->28405K(29568K) NonClass: 23128K(23680K)->23128K(23680K) Class: 5277K(5888K)->5277K(5888K)
[47.032s][info][gc          ] GC(83) Pause Full (System.gc()) 776M->776M(6144M) 507.638ms
[47.525s][info][gc,metaspace] GC(84) Metaspace: 28405K(29568K)->28405K(29568K) NonClass: 23128K(23680K)->23128K(23680K) Class: 5277K(5888K)->5277K(5888K)
[47.525s][info][gc          ] GC(84) Pause Full (System.gc()) 776M->776M(6144M) 492.694ms
[48.031s][info][gc,metaspace] GC(85) Metaspace: 28405K(29568K)->28405K(29568K) NonClass: 23128K(23680K)->23128K(23680K) Class: 5277K(5888K)->5277K(5888K)
[48.031s][info][gc          ] GC(85) Pause Full (System.gc()) 776M->776M(6144M) 506.505ms
[48.490s][info][gc,metaspace] GC(86) Metaspace: 28405K(29568K)->28405K(29568K) NonClass: 23128K(23680K)->23128K(23680K) Class: 5277K(5888K)->5277K(5888K)
[48.490s][info][gc          ] GC(86) Pause Full (System.gc()) 776M->776M(6144M) 458.378ms
[48.997s][info][gc,metaspace] GC(87) Metaspace: 28405K(29568K)->28405K(29568K) NonClass: 23128K(23680K)->23128K(23680K) Class: 5277K(5888K)->5277K(5888K)
[48.997s][info][gc          ] GC(87) Pause Full (System.gc()) 776M->776M(6144M) 502.893ms
[49.460s][info][gc,metaspace] GC(88) Metaspace: 28405K(29568K)->28405K(29568K) NonClass: 23128K(23680K)->23128K(23680K) Class: 5277K(5888K)->5277K(5888K)
[49.460s][info][gc          ] GC(88) Pause Full (System.gc()) 776M->776M(6144M) 463.224ms
[49.948s][info][gc,metaspace] GC(89) Metaspace: 28405K(29568K)->28405K(29568K) NonClass: 23128K(23680K)->23128K(23680K) Class: 5277K(5888K)->5277K(5888K)
[49.948s][info][gc          ] GC(89) Pause Full (System.gc()) 776M->776M(6144M) 488.353ms
[50.418s][info][gc,metaspace] GC(90) Metaspace: 28405K(29568K)->28405K(29568K) NonClass: 23128K(23680K)->23128K(23680K) Class: 5277K(5888K)->5277K(5888K)
[50.418s][info][gc          ] GC(90) Pause Full (System.gc()) 776M->776M(6144M) 469.342ms
[50.935s][info][gc,metaspace] GC(91) Metaspace: 28405K(29568K)->28405K(29568K) NonClass: 23128K(23680K)->23128K(23680K) Class: 5277K(5888K)->5277K(5888K)
[50.935s][info][gc          ] GC(91) Pause Full (System.gc()) 776M->776M(6144M) 516.660ms
[51.431s][info][gc,metaspace] GC(92) Metaspace: 28405K(29568K)->28405K(29568K) NonClass: 23128K(23680K)->23128K(23680K) Class: 5277K(5888K)->5277K(5888K)
[51.431s][info][gc          ] GC(92) Pause Full (System.gc()) 776M->776M(6144M) 496.335ms
[51.926s][info][gc,metaspace] GC(93) Metaspace: 28405K(29568K)->28405K(29568K) NonClass: 23128K(23680K)->23128K(23680K) Class: 5277K(5888K)->5277K(5888K)
[51.926s][info][gc          ] GC(93) Pause Full (System.gc()) 776M->776M(6144M) 494.934ms
[52.381s][info][gc,metaspace] GC(94) Metaspace: 28405K(29568K)->28405K(29568K) NonClass: 23128K(23680K)->23128K(23680K) Class: 5277K(5888K)->5277K(5888K)
[52.381s][info][gc          ] GC(94) Pause Full (System.gc()) 776M->776M(6144M) 455.077ms
[52.869s][info][gc,metaspace] GC(95) Metaspace: 28405K(29568K)->28405K(29568K) NonClass: 23128K(23680K)->23128K(23680K) Class: 5277K(5888K)->5277K(5888K)
[52.869s][info][gc          ] GC(95) Pause Full (System.gc()) 776M->776M(6144M) 487.720ms
[53.385s][info][gc,metaspace] GC(96) Metaspace: 28405K(29568K)->28405K(29568K) NonClass: 23128K(23680K)->23128K(23680K) Class: 5277K(5888K)->5277K(5888K)
[53.385s][info][gc          ] GC(96) Pause Full (System.gc()) 776M->776M(6144M) 516.482ms
[53.872s][info][gc,metaspace] GC(97) Metaspace: 28405K(29568K)->28405K(29568K) NonClass: 23128K(23680K)->23128K(23680K) Class: 5277K(5888K)->5277K(5888K)
[53.872s][info][gc          ] GC(97) Pause Full (System.gc()) 776M->776M(6144M) 487.002ms
[54.344s][info][gc,metaspace] GC(98) Metaspace: 28405K(29568K)->28405K(29568K) NonClass: 23128K(23680K)->23128K(23680K) Class: 5277K(5888K)->5277K(5888K)
[54.344s][info][gc          ] GC(98) Pause Full (System.gc()) 776M->776M(6144M) 471.909ms
[54.833s][info][gc,metaspace] GC(99) Metaspace: 28405K(29568K)->28405K(29568K) NonClass: 23128K(23680K)->23128K(23680K) Class: 5277K(5888K)->5277K(5888K)
[54.834s][info][gc          ] GC(99) Pause Full (System.gc()) 776M->776M(6144M) 489.087ms
[55.320s][info][gc,metaspace] GC(100) Metaspace: 28405K(29568K)->28405K(29568K) NonClass: 23128K(23680K)->23128K(23680K) Class: 5277K(5888K)->5277K(5888K)
[55.320s][info][gc          ] GC(100) Pause Full (System.gc()) 776M->776M(6144M) 486.628ms
[55.833s][info][gc,metaspace] GC(101) Metaspace: 28405K(29568K)->28405K(29568K) NonClass: 23128K(23680K)->23128K(23680K) Class: 5277K(5888K)->5277K(5888K)
[55.833s][info][gc          ] GC(101) Pause Full (System.gc()) 776M->776M(6144M) 513.115ms
[56.305s][info][gc,metaspace] GC(102) Metaspace: 28405K(29568K)->28405K(29568K) NonClass: 23128K(23680K)->23128K(23680K) Class: 5277K(5888K)->5277K(5888K)
[56.305s][info][gc          ] GC(102) Pause Full (System.gc()) 776M->776M(6144M) 471.530ms
[56.748s][info][gc,metaspace] GC(103) Metaspace: 28405K(29568K)->28405K(29568K) NonClass: 23128K(23680K)->23128K(23680K) Class: 5277K(5888K)->5277K(5888K)
[56.748s][info][gc          ] GC(103) Pause Full (System.gc()) 776M->776M(6144M) 443.316ms
[57.210s][info][gc,metaspace] GC(104) Metaspace: 28405K(29568K)->28405K(29568K) NonClass: 23128K(23680K)->23128K(23680K) Class: 5277K(5888K)->5277K(5888K)
[57.210s][info][gc          ] GC(104) Pause Full (System.gc()) 776M->776M(6144M) 461.884ms
[57.658s][info][gc,metaspace] GC(105) Metaspace: 28405K(29568K)->28405K(29568K) NonClass: 23128K(23680K)->23128K(23680K) Class: 5277K(5888K)->5277K(5888K)
[57.658s][info][gc          ] GC(105) Pause Full (System.gc()) 776M->776M(6144M) 447.711ms
[58.141s][info][gc,metaspace] GC(106) Metaspace: 28405K(29568K)->28405K(29568K) NonClass: 23128K(23680K)->23128K(23680K) Class: 5277K(5888K)->5277K(5888K)
[58.141s][info][gc          ] GC(106) Pause Full (System.gc()) 776M->776M(6144M) 482.610ms
[58.603s][info][gc,metaspace] GC(107) Metaspace: 28405K(29568K)->28405K(29568K) NonClass: 23128K(23680K)->23128K(23680K) Class: 5277K(5888K)->5277K(5888K)
[58.603s][info][gc          ] GC(107) Pause Full (System.gc()) 776M->776M(6144M) 462.380ms
[59.143s][info][gc,metaspace] GC(108) Metaspace: 28405K(29568K)->28405K(29568K) NonClass: 23128K(23680K)->23128K(23680K) Class: 5277K(5888K)->5277K(5888K)
[59.143s][info][gc          ] GC(108) Pause Full (System.gc()) 776M->776M(6144M) 540.019ms
[59.707s][info][gc,metaspace] GC(109) Metaspace: 28405K(29568K)->28405K(29568K) NonClass: 23128K(23680K)->23128K(23680K) Class: 5277K(5888K)->5277K(5888K)
[59.708s][info][gc          ] GC(109) Pause Full (System.gc()) 776M->776M(6144M) 559.989ms
[60.221s][info][gc,metaspace] GC(110) Metaspace: 28405K(29568K)->28405K(29568K) NonClass: 23128K(23680K)->23128K(23680K) Class: 5277K(5888K)->5277K(5888K)
[60.221s][info][gc          ] GC(110) Pause Full (System.gc()) 776M->776M(6144M) 513.645ms
After GCs... 
