[0.001s][info][metaspace]  - commit_granule_bytes: 65536.
[0.001s][info][metaspace]  - commit_granule_words: 8192.
[0.001s][info][metaspace]  - virtual_space_node_default_size: 8388608.
[0.001s][info][metaspace]  - enlarge_chunks_in_place: 1.
[0.001s][info][metaspace]  - use_allocation_guard: 0.
[0.004s][info][gc       ] Using Parallel
[0.373s][info][metaspace] Reserving compressed class space anywhere
[0.373s][info][gc,metaspace] CDS archive(s) not mapped
[0.373s][info][gc,metaspace] Compressed class space mapped at: 0x000000002a000000-0x00000000ea000000, reserved size: 3221225472
[0.373s][info][gc,metaspace] UseCompressedClassPointers 1, UseCompactObjectHeaders 1, narrow klass pointer bits 22, max shift 10
[0.373s][info][gc,metaspace] Narrow klass base: 0x000000002a000000, Narrow klass shift: 10, Narrow klass range: 0xc0000000
Num Classes: 16384
Num Objects per Class: 4096
Cycles: 10
randomize: true (disable with --no-randomization)
ballOfYarn mode: false (switch to flat mode with --flat-mode)
Generate 16384 classes...[2.481s][info][gc,metaspace] GC(0) Metaspace: 22987K(23360K)->22987K(23360K) NonClass: 19256K(19456K)->19256K(19456K) Class: 3730K(3904K)->3730K(3904K)
[2.481s][info][gc          ] GC(0) Pause Young (Allocation Failure) 1536M->4M(5888M) 5.005ms
[3.727s][info][gc,metaspace] GC(1) Metaspace: 23770K(24128K)->23770K(24128K) NonClass: 20040K(20224K)->20040K(20224K) Class: 3730K(3904K)->3730K(3904K)
[3.727s][info][gc          ] GC(1) Pause Young (Allocation Failure) 1540M->5M(5888M) 7.730ms
[4.916s][info][gc,metaspace] GC(2) Metaspace: 23819K(24192K)->23819K(24192K) NonClass: 20087K(20288K)->20087K(20288K) Class: 3732K(3904K)->3732K(3904K)
[4.916s][info][gc          ] GC(2) Pause Young (Allocation Failure) 1541M->4M(5888M) 5.097ms
[6.091s][info][gc,metaspace] GC(3) Metaspace: 23849K(24256K)->23849K(24256K) NonClass: 20116K(20352K)->20116K(20352K) Class: 3732K(3904K)->3732K(3904K)
[6.091s][info][gc          ] GC(3) Pause Young (Allocation Failure) 1540M->5M(5888M) 4.625ms
[7.428s][info][gc,metaspace] GC(4) Metaspace: 23921K(24320K)->23921K(24320K) NonClass: 20188K(20416K)->20188K(20416K) Class: 3732K(3904K)->3732K(3904K)
[7.428s][info][gc          ] GC(4) Pause Young (Allocation Failure) 1541M->5M(5888M) 4.448ms
[8.477s][info][gc,metaspace] GC(5) Metaspace: 23983K(24384K)->23983K(24384K) NonClass: 20250K(20480K)->20250K(20480K) Class: 3733K(3904K)->3733K(3904K)
[8.477s][info][gc          ] GC(5) Pause Young (Allocation Failure) 1541M->6M(6136M) 4.757ms
[10.178s][info][gc,metaspace] GC(6) Metaspace: 23983K(24384K)->23983K(24384K) NonClass: 20250K(20480K)->20250K(20480K) Class: 3733K(3904K)->3733K(3904K)
[10.178s][info][gc          ] GC(6) Pause Young (Allocation Failure) 2040M->7M(6137M) 4.231ms
[11.506s][info][gc,metaspace] GC(7) Metaspace: 23983K(24384K)->23983K(24384K) NonClass: 20250K(20480K)->20250K(20480K) Class: 3733K(3904K)->3733K(3904K)
[11.506s][info][gc          ] GC(7) Pause Young (Allocation Failure) 2041M->8M(6137M) 1.513ms
[13.234s][info][gc,metaspace] GC(8) Metaspace: 23983K(24384K)->23983K(24384K) NonClass: 20250K(20480K)->20250K(20480K) Class: 3733K(3904K)->3733K(3904K)
[13.234s][info][gc          ] GC(8) Pause Young (Allocation Failure) 2042M->8M(6137M) 1.595ms
[14.552s][info][gc,metaspace] GC(9) Metaspace: 23983K(24384K)->23983K(24384K) NonClass: 20250K(20480K)->20250K(20480K) Class: 3733K(3904K)->3733K(3904K)
[14.552s][info][gc          ] GC(9) Pause Young (Allocation Failure) 2042M->8M(6136M) 1.172ms
[16.455s][info][gc,metaspace] GC(10) Metaspace: 23989K(24384K)->23989K(24384K) NonClass: 20256K(20480K)->20256K(20480K) Class: 3733K(3904K)->3733K(3904K)
[16.455s][info][gc          ] GC(10) Pause Young (Allocation Failure) 2041M->8M(6130M) 1.252ms
[17.756s][info][gc,metaspace] GC(11) Metaspace: 23989K(24384K)->23989K(24384K) NonClass: 20256K(20480K)->20256K(20480K) Class: 3733K(3904K)->3733K(3904K)
[17.756s][info][gc          ] GC(11) Pause Young (Allocation Failure) 2041M->10M(6136M) 1.156ms
[19.095s][info][gc,metaspace] GC(12) Metaspace: 23989K(24384K)->23989K(24384K) NonClass: 20256K(20480K)->20256K(20480K) Class: 3733K(3904K)->3733K(3904K)
[19.095s][info][gc          ] GC(12) Pause Young (Allocation Failure) 2042M->10M(6136M) 1.120ms
[20.370s][info][gc,metaspace] GC(13) Metaspace: 23989K(24384K)->23989K(24384K) NonClass: 20256K(20480K)->20256K(20480K) Class: 3733K(3904K)->3733K(3904K)
[20.370s][info][gc          ] GC(13) Pause Young (Allocation Failure) 2042M->11M(6136M) 1.418ms
[21.647s][info][gc,metaspace] GC(14) Metaspace: 23989K(24384K)->23989K(24384K) NonClass: 20256K(20480K)->20256K(20480K) Class: 3733K(3904K)->3733K(3904K)
[21.647s][info][gc          ] GC(14) Pause Young (Allocation Failure) 2044M->12M(6136M) 0.945ms
[22.912s][info][gc,metaspace] GC(15) Metaspace: 23989K(24384K)->23989K(24384K) NonClass: 20256K(20480K)->20256K(20480K) Class: 3733K(3904K)->3733K(3904K)
[22.912s][info][gc          ] GC(15) Pause Young (Allocation Failure) 2045M->12M(6136M) 1.289ms
[24.231s][info][gc,metaspace] GC(16) Metaspace: 23989K(24384K)->23989K(24384K) NonClass: 20256K(20480K)->20256K(20480K) Class: 3733K(3904K)->3733K(3904K)
[24.231s][info][gc          ] GC(16) Pause Young (Allocation Failure) 2045M->12M(6136M) 1.101ms
[25.498s][info][gc,metaspace] GC(17) Metaspace: 23989K(24384K)->23989K(24384K) NonClass: 20256K(20480K)->20256K(20480K) Class: 3733K(3904K)->3733K(3904K)
[25.498s][info][gc          ] GC(17) Pause Young (Allocation Failure) 2045M->13M(6137M) 1.587ms
[26.759s][info][gc,metaspace] GC(18) Metaspace: 23989K(24384K)->23989K(24384K) NonClass: 20256K(20480K)->20256K(20480K) Class: 3733K(3904K)->3733K(3904K)
[26.759s][info][gc          ] GC(18) Pause Young (Allocation Failure) 2047M->14M(6137M) 1.175ms
[28.068s][info][gc,metaspace] GC(19) Metaspace: 23989K(24384K)->23989K(24384K) NonClass: 20256K(20480K)->20256K(20480K) Class: 3733K(3904K)->3733K(3904K)
[28.068s][info][gc          ] GC(19) Pause Young (Allocation Failure) 2048M->15M(6137M) 1.481ms
[29.561s][info][gc,metaspace] GC(20) Metaspace: 23989K(24384K)->23989K(24384K) NonClass: 20256K(20480K)->20256K(20480K) Class: 3733K(3904K)->3733K(3904K)
[29.561s][info][gc          ] GC(20) Pause Young (Allocation Failure) 2049M->15M(6137M) 1.026ms
[30.820s][info][gc,metaspace] GC(21) Metaspace: 23989K(24384K)->23989K(24384K) NonClass: 20256K(20480K)->20256K(20480K) Class: 3733K(3904K)->3733K(3904K)
[30.820s][info][gc          ] GC(21) Pause Young (Allocation Failure) 2050M->16M(6138M) 1.305ms
[32.130s][info][gc,metaspace] GC(22) Metaspace: 23989K(24384K)->23989K(24384K) NonClass: 20256K(20480K)->20256K(20480K) Class: 3733K(3904K)->3733K(3904K)
[32.130s][info][gc          ] GC(22) Pause Young (Allocation Failure) 2051M->16M(6137M) 1.478ms
[33.388s][info][gc,metaspace] GC(23) Metaspace: 23989K(24384K)->23989K(24384K) NonClass: 20256K(20480K)->20256K(20480K) Class: 3733K(3904K)->3733K(3904K)
[33.389s][info][gc          ] GC(23) Pause Young (Allocation Failure) 2052M->17M(6138M) 1.728ms
[34.645s][info][gc,metaspace] GC(24) Metaspace: 23989K(24384K)->23989K(24384K) NonClass: 20256K(20480K)->20256K(20480K) Class: 3733K(3904K)->3733K(3904K)
[34.645s][info][gc          ] GC(24) Pause Young (Allocation Failure) 2054M->17M(6138M) 1.415ms
[35.904s][info][gc,metaspace] GC(25) Metaspace: 23989K(24384K)->23989K(24384K) NonClass: 20256K(20480K)->20256K(20480K) Class: 3733K(3904K)->3733K(3904K)
[35.904s][info][gc          ] GC(25) Pause Young (Allocation Failure) 2054M->18M(6138M) 1.266ms
[37.208s][info][gc,metaspace] GC(26) Metaspace: 23989K(24384K)->23989K(24384K) NonClass: 20256K(20480K)->20256K(20480K) Class: 3733K(3904K)->3733K(3904K)
[37.208s][info][gc          ] GC(26) Pause Young (Allocation Failure) 2055M->18M(6138M) 0.925ms
[38.467s][info][gc,metaspace] GC(27) Metaspace: 23989K(24384K)->23989K(24384K) NonClass: 20256K(20480K)->20256K(20480K) Class: 3733K(3904K)->3733K(3904K)
[38.467s][info][gc          ] GC(27) Pause Young (Allocation Failure) 2055M->19M(6139M) 1.423ms
[39.719s][info][gc,metaspace] GC(28) Metaspace: 23989K(24384K)->23989K(24384K) NonClass: 20256K(20480K)->20256K(20480K) Class: 3733K(3904K)->3733K(3904K)
[39.719s][info][gc          ] GC(28) Pause Young (Allocation Failure) 2057M->20M(6139M) 1.312ms
[40.976s][info][gc,metaspace] GC(29) Metaspace: 23989K(24384K)->23989K(24384K) NonClass: 20256K(20480K)->20256K(20480K) Class: 3733K(3904K)->3733K(3904K)
[40.976s][info][gc          ] GC(29) Pause Young (Allocation Failure) 2058M->20M(6139M) 1.294ms

Loading 16384...[42.410s][info][gc,metaspace] GC(30) Metaspace: 49091K(49472K)->49091K(49472K) NonClass: 28974K(29184K)->28974K(29184K) Class: 20116K(20288K)->20116K(20288K)
[42.411s][info][gc          ] GC(30) Pause Full (System.gc()) 1856M->21M(6139M) 42.458ms
Creating 4096 objects per class...[51.221s][info][gc,metaspace] GC(31) Metaspace: 93332K(108928K)->93332K(108928K) NonClass: 64637K(72256K)->64637K(72256K) Class: 28694K(36672K)->28694K(36672K)
[51.221s][info][gc          ] GC(31) Pause Full (CodeCache GC Threshold) 968M->404M(6139M) 529.723ms

Preparatory GC...
[104.475s][info][gc,metaspace] GC(32) Metaspace: 101956K(115904K)->101956K(115904K) NonClass: 73261K(79232K)->73261K(79232K) Class: 28694K(36672K)->28694K(36672K)
[104.475s][info][gc          ] GC(32) Pause Full (System.gc()) 1469M->1441M(6139M) 1582.509ms
[105.368s][info][gc,metaspace] GC(33) Metaspace: 101956K(115904K)->101956K(115904K) NonClass: 73261K(79232K)->73261K(79232K) Class: 28694K(36672K)->28694K(36672K)
[105.368s][info][gc          ] GC(33) Pause Full (System.gc()) 1441M->1441M(6139M) 893.342ms
Done; will start GCs... 
[106.393s][info][gc,metaspace] GC(34) Metaspace: 101956K(115904K)->101956K(115904K) NonClass: 73261K(79232K)->73261K(79232K) Class: 28694K(36672K)->28694K(36672K)
[106.393s][info][gc          ] GC(34) Pause Full (System.gc()) 1481M->1441M(6139M) 1024.148ms
[107.300s][info][gc,metaspace] GC(35) Metaspace: 101956K(115904K)->101956K(115904K) NonClass: 73261K(79232K)->73261K(79232K) Class: 28694K(36672K)->28694K(36672K)
[107.300s][info][gc          ] GC(35) Pause Full (System.gc()) 1441M->1441M(6139M) 907.289ms
[108.232s][info][gc,metaspace] GC(36) Metaspace: 101956K(115904K)->101956K(115904K) NonClass: 73261K(79232K)->73261K(79232K) Class: 28694K(36672K)->28694K(36672K)
[108.232s][info][gc          ] GC(36) Pause Full (System.gc()) 1441M->1441M(6139M) 931.585ms
[109.212s][info][gc,metaspace] GC(37) Metaspace: 101956K(115904K)->101956K(115904K) NonClass: 73261K(79232K)->73261K(79232K) Class: 28694K(36672K)->28694K(36672K)
[109.212s][info][gc          ] GC(37) Pause Full (System.gc()) 1441M->1441M(6139M) 976.000ms
[110.240s][info][gc,metaspace] GC(38) Metaspace: 101956K(115904K)->101956K(115904K) NonClass: 73261K(79232K)->73261K(79232K) Class: 28694K(36672K)->28694K(36672K)
[110.240s][info][gc          ] GC(38) Pause Full (System.gc()) 1441M->1441M(6139M) 1027.815ms
[111.264s][info][gc,metaspace] GC(39) Metaspace: 101956K(115904K)->101956K(115904K) NonClass: 73261K(79232K)->73261K(79232K) Class: 28694K(36672K)->28694K(36672K)
[111.264s][info][gc          ] GC(39) Pause Full (System.gc()) 1441M->1441M(6139M) 1023.855ms
[112.163s][info][gc,metaspace] GC(40) Metaspace: 101956K(115904K)->101956K(115904K) NonClass: 73261K(79232K)->73261K(79232K) Class: 28694K(36672K)->28694K(36672K)
[112.163s][info][gc          ] GC(40) Pause Full (System.gc()) 1441M->1441M(6139M) 898.204ms
[113.084s][info][gc,metaspace] GC(41) Metaspace: 101956K(115904K)->101956K(115904K) NonClass: 73261K(79232K)->73261K(79232K) Class: 28694K(36672K)->28694K(36672K)
[113.084s][info][gc          ] GC(41) Pause Full (System.gc()) 1441M->1441M(6139M) 920.992ms
[114.099s][info][gc,metaspace] GC(42) Metaspace: 101956K(115904K)->101956K(115904K) NonClass: 73261K(79232K)->73261K(79232K) Class: 28694K(36672K)->28694K(36672K)
[114.099s][info][gc          ] GC(42) Pause Full (System.gc()) 1441M->1441M(6139M) 1014.822ms
[115.009s][info][gc,metaspace] GC(43) Metaspace: 101956K(115904K)->101956K(115904K) NonClass: 73261K(79232K)->73261K(79232K) Class: 28694K(36672K)->28694K(36672K)
[115.009s][info][gc          ] GC(43) Pause Full (System.gc()) 1441M->1441M(6139M) 906.189ms
After GCs... 
