Done; will start GCs... 
[107.884s][info][gc,metaspace] GC(35) Metaspace: 101952K(115904K)->101952K(115904K) NonClass: 73257K(79232K)->73257K(79232K) Class: 28694K(36672K)->28694K(36672K)
[107.884s][info][gc          ] GC(35) Pause Full (System.gc()) 1481M->1441M(6139M) 1180.568ms
[109.059s][info][gc,metaspace] GC(36) Metaspace: 101952K(115904K)->101952K(115904K) NonClass: 73257K(79232K)->73257K(79232K) Class: 28694K(36672K)->28694K(36672K)
[109.059s][info][gc          ] GC(36) Pause Full (System.gc()) 1441M->1441M(6139M) 1174.126ms
[110.228s][info][gc,metaspace] GC(37) Metaspace: 101952K(115904K)->101952K(115904K) NonClass: 73257K(79232K)->73257K(79232K) Class: 28694K(36672K)->28694K(36672K)
[110.228s][info][gc          ] GC(37) Pause Full (System.gc()) 1441M->1441M(6139M) 1169.004ms
[111.431s][info][gc,metaspace] GC(38) Metaspace: 101952K(115904K)->101952K(115904K) NonClass: 73257K(79232K)->73257K(79232K) Class: 28694K(36672K)->28694K(36672K)
[111.431s][info][gc          ] GC(38) Pause Full (System.gc()) 1441M->1441M(6139M) 1202.925ms
[112.594s][info][gc,metaspace] GC(39) Metaspace: 101952K(115904K)->101952K(115904K) NonClass: 73257K(79232K)->73257K(79232K) Class: 28694K(36672K)->28694K(36672K)
[112.594s][info][gc          ] GC(39) Pause Full (System.gc()) 1441M->1441M(6139M) 1162.832ms
[113.794s][info][gc,metaspace] GC(40) Metaspace: 101952K(115904K)->101952K(115904K) NonClass: 73257K(79232K)->73257K(79232K) Class: 28694K(36672K)->28694K(36672K)
[113.794s][info][gc          ] GC(40) Pause Full (System.gc()) 1441M->1441M(6139M) 1199.636ms
[114.990s][info][gc,metaspace] GC(41) Metaspace: 101952K(115904K)->101952K(115904K) NonClass: 73257K(79232K)->73257K(79232K) Class: 28694K(36672K)->28694K(36672K)
[114.990s][info][gc          ] GC(41) Pause Full (System.gc()) 1441M->1441M(6139M) 1196.460ms
[116.169s][info][gc,metaspace] GC(42) Metaspace: 101952K(115904K)->101952K(115904K) NonClass: 73257K(79232K)->73257K(79232K) Class: 28694K(36672K)->28694K(36672K)
[116.169s][info][gc          ] GC(42) Pause Full (System.gc()) 1441M->1441M(6139M) 1178.324ms
[117.319s][info][gc,metaspace] GC(43) Metaspace: 101952K(115904K)->101952K(115904K) NonClass: 73257K(79232K)->73257K(79232K) Class: 28694K(36672K)->28694K(36672K)
[117.319s][info][gc          ] GC(43) Pause Full (System.gc()) 1441M->1441M(6139M) 1149.925ms
[118.526s][info][gc,metaspace] GC(44) Metaspace: 101952K(115904K)->101952K(115904K) NonClass: 73257K(79232K)->73257K(79232K) Class: 28694K(36672K)->28694K(36672K)
[118.526s][info][gc          ] GC(44) Pause Full (System.gc()) 1441M->1441M(6139M) 1206.989ms
After GCs... 
