Done; will start GCs... 
[105.921s][info][gc,metaspace] GC(37) Metaspace: 100156K(114112K)->100156K(114112K) NonClass: 80526K(86528K)->80526K(86528K) Class: 19629K(27584K)->19629K(27584K)
[105.921s][info][gc          ] GC(37) Pause Full (System.gc()) 1612M->1573M(6139M) 806.818ms
[106.732s][info][gc,metaspace] GC(38) Metaspace: 100156K(114112K)->100156K(114112K) NonClass: 80526K(86528K)->80526K(86528K) Class: 19629K(27584K)->19629K(27584K)
[106.732s][info][gc          ] GC(38) Pause Full (System.gc()) 1573M->1573M(6139M) 810.567ms
[107.656s][info][gc,metaspace] GC(39) Metaspace: 100156K(114112K)->100156K(114112K) NonClass: 80526K(86528K)->80526K(86528K) Class: 19629K(27584K)->19629K(27584K)
[107.656s][info][gc          ] GC(39) Pause Full (System.gc()) 1573M->1573M(6139M) 924.166ms
[108.604s][info][gc,metaspace] GC(40) Metaspace: 100156K(114112K)->100156K(114112K) NonClass: 80526K(86528K)->80526K(86528K) Class: 19629K(27584K)->19629K(27584K)
[108.604s][info][gc          ] GC(40) Pause Full (System.gc()) 1573M->1573M(6139M) 947.847ms
[109.535s][info][gc,metaspace] GC(41) Metaspace: 100156K(114112K)->100156K(114112K) NonClass: 80526K(86528K)->80526K(86528K) Class: 19629K(27584K)->19629K(27584K)
[109.535s][info][gc          ] GC(41) Pause Full (System.gc()) 1573M->1573M(6139M) 930.326ms
[110.434s][info][gc,metaspace] GC(42) Metaspace: 100156K(114112K)->100156K(114112K) NonClass: 80526K(86528K)->80526K(86528K) Class: 19629K(27584K)->19629K(27584K)
[110.434s][info][gc          ] GC(42) Pause Full (System.gc()) 1573M->1573M(6139M) 898.966ms
[111.348s][info][gc,metaspace] GC(43) Metaspace: 100156K(114112K)->100156K(114112K) NonClass: 80526K(86528K)->80526K(86528K) Class: 19629K(27584K)->19629K(27584K)
[111.348s][info][gc          ] GC(43) Pause Full (System.gc()) 1573M->1573M(6139M) 913.811ms
[112.168s][info][gc,metaspace] GC(44) Metaspace: 100156K(114112K)->100156K(114112K) NonClass: 80526K(86528K)->80526K(86528K) Class: 19629K(27584K)->19629K(27584K)
[112.168s][info][gc          ] GC(44) Pause Full (System.gc()) 1573M->1573M(6139M) 819.777ms
[112.997s][info][gc,metaspace] GC(45) Metaspace: 100156K(114112K)->100156K(114112K) NonClass: 80526K(86528K)->80526K(86528K) Class: 19629K(27584K)->19629K(27584K)
[112.997s][info][gc          ] GC(45) Pause Full (System.gc()) 1573M->1573M(6139M) 829.336ms
[113.814s][info][gc,metaspace] GC(46) Metaspace: 100156K(114112K)->100156K(114112K) NonClass: 80526K(86528K)->80526K(86528K) Class: 19629K(27584K)->19629K(27584K)
[113.814s][info][gc          ] GC(46) Pause Full (System.gc()) 1573M->1573M(6139M) 816.426ms
After GCs... 
