Done; will start GCs... 
[106.393s][info][gc,metaspace] GC(34) Metaspace: 101956K(115904K)->101956K(115904K) NonClass: 73261K(79232K)->73261K(79232K) Class: 28694K(36672K)->28694K(36672K)
[106.393s][info][gc          ] GC(34) Pause Full (System.gc()) 1481M->1441M(6139M) 1024.148ms
[107.300s][info][gc,metaspace] GC(35) Metaspace: 101956K(115904K)->101956K(115904K) NonClass: 73261K(79232K)->73261K(79232K) Class: 28694K(36672K)->28694K(36672K)
[107.300s][info][gc          ] GC(35) Pause Full (System.gc()) 1441M->1441M(6139M) 907.289ms
[108.232s][info][gc,metaspace] GC(36) Metaspace: 101956K(115904K)->101956K(115904K) NonClass: 73261K(79232K)->73261K(79232K) Class: 28694K(36672K)->28694K(36672K)
[108.232s][info][gc          ] GC(36) Pause Full (System.gc()) 1441M->1441M(6139M) 931.585ms
[109.212s][info][gc,metaspace] GC(37) Metaspace: 101956K(115904K)->101956K(115904K) NonClass: 73261K(79232K)->73261K(79232K) Class: 28694K(36672K)->28694K(36672K)
[109.212s][info][gc          ] GC(37) Pause Full (System.gc()) 1441M->1441M(6139M) 976.000ms
[110.240s][info][gc,metaspace] GC(38) Metaspace: 101956K(115904K)->101956K(115904K) NonClass: 73261K(79232K)->73261K(79232K) Class: 28694K(36672K)->28694K(36672K)
[110.240s][info][gc          ] GC(38) Pause Full (System.gc()) 1441M->1441M(6139M) 1027.815ms
[111.264s][info][gc,metaspace] GC(39) Metaspace: 101956K(115904K)->101956K(115904K) NonClass: 73261K(79232K)->73261K(79232K) Class: 28694K(36672K)->28694K(36672K)
[111.264s][info][gc          ] GC(39) Pause Full (System.gc()) 1441M->1441M(6139M) 1023.855ms
[112.163s][info][gc,metaspace] GC(40) Metaspace: 101956K(115904K)->101956K(115904K) NonClass: 73261K(79232K)->73261K(79232K) Class: 28694K(36672K)->28694K(36672K)
[112.163s][info][gc          ] GC(40) Pause Full (System.gc()) 1441M->1441M(6139M) 898.204ms
[113.084s][info][gc,metaspace] GC(41) Metaspace: 101956K(115904K)->101956K(115904K) NonClass: 73261K(79232K)->73261K(79232K) Class: 28694K(36672K)->28694K(36672K)
[113.084s][info][gc          ] GC(41) Pause Full (System.gc()) 1441M->1441M(6139M) 920.992ms
[114.099s][info][gc,metaspace] GC(42) Metaspace: 101956K(115904K)->101956K(115904K) NonClass: 73261K(79232K)->73261K(79232K) Class: 28694K(36672K)->28694K(36672K)
[114.099s][info][gc          ] GC(42) Pause Full (System.gc()) 1441M->1441M(6139M) 1014.822ms
[115.009s][info][gc,metaspace] GC(43) Metaspace: 101956K(115904K)->101956K(115904K) NonClass: 73261K(79232K)->73261K(79232K) Class: 28694K(36672K)->28694K(36672K)
[115.009s][info][gc          ] GC(43) Pause Full (System.gc()) 1441M->1441M(6139M) 906.189ms
After GCs... 
