Done; will start GCs... 
[86.610s][info   ][gc,metaspace] GC(18) Metaspace: 88062K(101824K)->88062K(101824K) NonClass: 69714K(75584K)->69714K(75584K) Class: 18348K(26240K)->18348K(26240K)
[86.610s][info   ][gc          ] GC(18) Pause Full (System.gc()) 1840M->1817M(5684M) 1933.072ms
[88.566s][info   ][gc,metaspace] GC(19) Metaspace: 88062K(101824K)->88062K(101824K) NonClass: 69714K(75584K)->69714K(75584K) Class: 18348K(26240K)->18348K(26240K)
[88.566s][info   ][gc          ] GC(19) Pause Full (System.gc()) 1817M->1817M(5684M) 1955.675ms
[90.497s][info   ][gc,metaspace] GC(20) Metaspace: 88062K(101824K)->88062K(101824K) NonClass: 69714K(75584K)->69714K(75584K) Class: 18348K(26240K)->18348K(26240K)
[90.497s][info   ][gc          ] GC(20) Pause Full (System.gc()) 1817M->1817M(5684M) 1930.762ms
[92.435s][info   ][gc,metaspace] GC(21) Metaspace: 88062K(101824K)->88062K(101824K) NonClass: 69714K(75584K)->69714K(75584K) Class: 18348K(26240K)->18348K(26240K)
[92.435s][info   ][gc          ] GC(21) Pause Full (System.gc()) 1817M->1817M(5684M) 1937.748ms
[94.364s][info   ][gc,metaspace] GC(22) Metaspace: 88062K(101824K)->88062K(101824K) NonClass: 69714K(75584K)->69714K(75584K) Class: 18348K(26240K)->18348K(26240K)
[94.364s][info   ][gc          ] GC(22) Pause Full (System.gc()) 1817M->1817M(5684M) 1928.514ms
[96.304s][info   ][gc,metaspace] GC(23) Metaspace: 88062K(101824K)->88062K(101824K) NonClass: 69714K(75584K)->69714K(75584K) Class: 18348K(26240K)->18348K(26240K)
[96.304s][info   ][gc          ] GC(23) Pause Full (System.gc()) 1817M->1817M(5684M) 1939.843ms
[98.250s][info   ][gc,metaspace] GC(24) Metaspace: 88062K(101824K)->88062K(101824K) NonClass: 69714K(75584K)->69714K(75584K) Class: 18348K(26240K)->18348K(26240K)
[98.250s][info   ][gc          ] GC(24) Pause Full (System.gc()) 1817M->1817M(5684M) 1945.581ms
[100.192s][info   ][gc,metaspace] GC(25) Metaspace: 88062K(101824K)->88062K(101824K) NonClass: 69714K(75584K)->69714K(75584K) Class: 18348K(26240K)->18348K(26240K)
[100.192s][info   ][gc          ] GC(25) Pause Full (System.gc()) 1817M->1817M(5684M) 1942.518ms
[102.133s][info   ][gc,metaspace] GC(26) Metaspace: 88062K(101824K)->88062K(101824K) NonClass: 69714K(75584K)->69714K(75584K) Class: 18348K(26240K)->18348K(26240K)
[102.133s][info   ][gc          ] GC(26) Pause Full (System.gc()) 1817M->1817M(5684M) 1940.212ms
[104.084s][info   ][gc,metaspace] GC(27) Metaspace: 88062K(101824K)->88062K(101824K) NonClass: 69714K(75584K)->69714K(75584K) Class: 18348K(26240K)->18348K(26240K)
[104.084s][info   ][gc          ] GC(27) Pause Full (System.gc()) 1817M->1817M(5684M) 1951.342ms
[106.034s][info   ][gc,metaspace] GC(28) Metaspace: 88062K(101824K)->88062K(101824K) NonClass: 69714K(75584K)->69714K(75584K) Class: 18348K(26240K)->18348K(26240K)
[106.034s][info   ][gc          ] GC(28) Pause Full (System.gc()) 1817M->1817M(5684M) 1948.979ms
[107.983s][info   ][gc,metaspace] GC(29) Metaspace: 88062K(101824K)->88062K(101824K) NonClass: 69714K(75584K)->69714K(75584K) Class: 18348K(26240K)->18348K(26240K)
[107.983s][info   ][gc          ] GC(29) Pause Full (System.gc()) 1817M->1817M(5684M) 1949.051ms
[109.923s][info   ][gc,metaspace] GC(30) Metaspace: 88062K(101824K)->88062K(101824K) NonClass: 69714K(75584K)->69714K(75584K) Class: 18348K(26240K)->18348K(26240K)
[109.923s][info   ][gc          ] GC(30) Pause Full (System.gc()) 1817M->1817M(5684M) 1939.950ms
[111.880s][info   ][gc,metaspace] GC(31) Metaspace: 88062K(101824K)->88062K(101824K) NonClass: 69714K(75584K)->69714K(75584K) Class: 18348K(26240K)->18348K(26240K)
[111.880s][info   ][gc          ] GC(31) Pause Full (System.gc()) 1817M->1817M(5684M) 1956.414ms
[113.823s][info   ][gc,metaspace] GC(32) Metaspace: 88062K(101824K)->88062K(101824K) NonClass: 69714K(75584K)->69714K(75584K) Class: 18348K(26240K)->18348K(26240K)
[113.824s][info   ][gc          ] GC(32) Pause Full (System.gc()) 1817M->1817M(5684M) 1943.779ms
[115.746s][info   ][gc,metaspace] GC(33) Metaspace: 88062K(101824K)->88062K(101824K) NonClass: 69714K(75584K)->69714K(75584K) Class: 18348K(26240K)->18348K(26240K)
[115.746s][info   ][gc          ] GC(33) Pause Full (System.gc()) 1817M->1817M(5684M) 1922.449ms
[117.679s][info   ][gc,metaspace] GC(34) Metaspace: 88062K(101824K)->88062K(101824K) NonClass: 69714K(75584K)->69714K(75584K) Class: 18348K(26240K)->18348K(26240K)
[117.679s][info   ][gc          ] GC(34) Pause Full (System.gc()) 1817M->1817M(5684M) 1933.173ms
[119.639s][info   ][gc,metaspace] GC(35) Metaspace: 88062K(101824K)->88062K(101824K) NonClass: 69714K(75584K)->69714K(75584K) Class: 18348K(26240K)->18348K(26240K)
[119.639s][info   ][gc          ] GC(35) Pause Full (System.gc()) 1817M->1817M(5684M) 1959.148ms
[121.572s][info   ][gc,metaspace] GC(36) Metaspace: 88062K(101824K)->88062K(101824K) NonClass: 69714K(75584K)->69714K(75584K) Class: 18348K(26240K)->18348K(26240K)
[121.572s][info   ][gc          ] GC(36) Pause Full (System.gc()) 1817M->1817M(5684M) 1932.991ms
[123.538s][info   ][gc,metaspace] GC(37) Metaspace: 88062K(101824K)->88062K(101824K) NonClass: 69714K(75584K)->69714K(75584K) Class: 18348K(26240K)->18348K(26240K)
[123.538s][info   ][gc          ] GC(37) Pause Full (System.gc()) 1825M->1817M(5684M) 1965.945ms
[125.492s][info   ][gc,metaspace] GC(38) Metaspace: 88062K(101824K)->88062K(101824K) NonClass: 69714K(75584K)->69714K(75584K) Class: 18348K(26240K)->18348K(26240K)
[125.492s][info   ][gc          ] GC(38) Pause Full (System.gc()) 1817M->1817M(5684M) 1954.187ms
[127.431s][info   ][gc,metaspace] GC(39) Metaspace: 88062K(101824K)->88062K(101824K) NonClass: 69714K(75584K)->69714K(75584K) Class: 18348K(26240K)->18348K(26240K)
[127.431s][info   ][gc          ] GC(39) Pause Full (System.gc()) 1817M->1817M(5684M) 1939.220ms
[129.367s][info   ][gc,metaspace] GC(40) Metaspace: 88062K(101824K)->88062K(101824K) NonClass: 69714K(75584K)->69714K(75584K) Class: 18348K(26240K)->18348K(26240K)
[129.367s][info   ][gc          ] GC(40) Pause Full (System.gc()) 1817M->1817M(5684M) 1935.237ms
[131.317s][info   ][gc,metaspace] GC(41) Metaspace: 88062K(101824K)->88062K(101824K) NonClass: 69714K(75584K)->69714K(75584K) Class: 18348K(26240K)->18348K(26240K)
[131.317s][info   ][gc          ] GC(41) Pause Full (System.gc()) 1817M->1817M(5684M) 1949.839ms
[133.262s][info   ][gc,metaspace] GC(42) Metaspace: 88062K(101824K)->88062K(101824K) NonClass: 69714K(75584K)->69714K(75584K) Class: 18348K(26240K)->18348K(26240K)
[133.262s][info   ][gc          ] GC(42) Pause Full (System.gc()) 1817M->1817M(5684M) 1945.391ms
[135.213s][info   ][gc,metaspace] GC(43) Metaspace: 88062K(101824K)->88062K(101824K) NonClass: 69714K(75584K)->69714K(75584K) Class: 18348K(26240K)->18348K(26240K)
[135.213s][info   ][gc          ] GC(43) Pause Full (System.gc()) 1817M->1817M(5684M) 1950.533ms
[137.161s][info   ][gc,metaspace] GC(44) Metaspace: 88062K(101824K)->88062K(101824K) NonClass: 69714K(75584K)->69714K(75584K) Class: 18348K(26240K)->18348K(26240K)
[137.161s][info   ][gc          ] GC(44) Pause Full (System.gc()) 1817M->1817M(5684M) 1947.818ms
[139.106s][info   ][gc,metaspace] GC(45) Metaspace: 88062K(101824K)->88062K(101824K) NonClass: 69714K(75584K)->69714K(75584K) Class: 18348K(26240K)->18348K(26240K)
[139.106s][info   ][gc          ] GC(45) Pause Full (System.gc()) 1817M->1817M(5684M) 1945.262ms
[141.046s][info   ][gc,metaspace] GC(46) Metaspace: 88062K(101824K)->88062K(101824K) NonClass: 69714K(75584K)->69714K(75584K) Class: 18348K(26240K)->18348K(26240K)
[141.046s][info   ][gc          ] GC(46) Pause Full (System.gc()) 1817M->1817M(5684M) 1939.425ms
[142.997s][info   ][gc,metaspace] GC(47) Metaspace: 88062K(101824K)->88062K(101824K) NonClass: 69714K(75584K)->69714K(75584K) Class: 18348K(26240K)->18348K(26240K)
[142.997s][info   ][gc          ] GC(47) Pause Full (System.gc()) 1817M->1817M(5684M) 1950.738ms
[144.939s][info   ][gc,metaspace] GC(48) Metaspace: 88062K(101824K)->88062K(101824K) NonClass: 69714K(75584K)->69714K(75584K) Class: 18348K(26240K)->18348K(26240K)
[144.939s][info   ][gc          ] GC(48) Pause Full (System.gc()) 1817M->1817M(5684M) 1941.818ms
[146.877s][info   ][gc,metaspace] GC(49) Metaspace: 88062K(101824K)->88062K(101824K) NonClass: 69714K(75584K)->69714K(75584K) Class: 18348K(26240K)->18348K(26240K)
[146.877s][info   ][gc          ] GC(49) Pause Full (System.gc()) 1817M->1817M(5684M) 1937.944ms
[148.817s][info   ][gc,metaspace] GC(50) Metaspace: 88062K(101824K)->88062K(101824K) NonClass: 69714K(75584K)->69714K(75584K) Class: 18348K(26240K)->18348K(26240K)
[148.817s][info   ][gc          ] GC(50) Pause Full (System.gc()) 1817M->1817M(5684M) 1940.073ms
[150.743s][info   ][gc,metaspace] GC(51) Metaspace: 88062K(101824K)->88062K(101824K) NonClass: 69714K(75584K)->69714K(75584K) Class: 18348K(26240K)->18348K(26240K)
[150.743s][info   ][gc          ] GC(51) Pause Full (System.gc()) 1817M->1817M(5684M) 1925.438ms
[152.672s][info   ][gc,metaspace] GC(52) Metaspace: 88062K(101824K)->88062K(101824K) NonClass: 69714K(75584K)->69714K(75584K) Class: 18348K(26240K)->18348K(26240K)
[152.672s][info   ][gc          ] GC(52) Pause Full (System.gc()) 1817M->1817M(5684M) 1928.656ms
[154.596s][info   ][gc,metaspace] GC(53) Metaspace: 88062K(101824K)->88062K(101824K) NonClass: 69714K(75584K)->69714K(75584K) Class: 18348K(26240K)->18348K(26240K)
[154.596s][info   ][gc          ] GC(53) Pause Full (System.gc()) 1817M->1817M(5684M) 1924.701ms
[156.523s][info   ][gc,metaspace] GC(54) Metaspace: 88062K(101824K)->88062K(101824K) NonClass: 69714K(75584K)->69714K(75584K) Class: 18348K(26240K)->18348K(26240K)
[156.523s][info   ][gc          ] GC(54) Pause Full (System.gc()) 1817M->1817M(5684M) 1926.717ms
[158.451s][info   ][gc,metaspace] GC(55) Metaspace: 88062K(101824K)->88062K(101824K) NonClass: 69714K(75584K)->69714K(75584K) Class: 18348K(26240K)->18348K(26240K)
[158.451s][info   ][gc          ] GC(55) Pause Full (System.gc()) 1817M->1817M(5684M) 1928.099ms
[160.372s][info   ][gc,metaspace] GC(56) Metaspace: 88062K(101824K)->88062K(101824K) NonClass: 69714K(75584K)->69714K(75584K) Class: 18348K(26240K)->18348K(26240K)
[160.372s][info   ][gc          ] GC(56) Pause Full (System.gc()) 1817M->1817M(5684M) 1920.357ms
[162.313s][info   ][gc,metaspace] GC(57) Metaspace: 88062K(101824K)->88062K(101824K) NonClass: 69714K(75584K)->69714K(75584K) Class: 18348K(26240K)->18348K(26240K)
[162.313s][info   ][gc          ] GC(57) Pause Full (System.gc()) 1817M->1817M(5684M) 1941.084ms
[164.251s][info   ][gc,metaspace] GC(58) Metaspace: 88062K(101824K)->88062K(101824K) NonClass: 69714K(75584K)->69714K(75584K) Class: 18348K(26240K)->18348K(26240K)
[164.251s][info   ][gc          ] GC(58) Pause Full (System.gc()) 1817M->1817M(5684M) 1938.277ms
[166.195s][info   ][gc,metaspace] GC(59) Metaspace: 88062K(101824K)->88062K(101824K) NonClass: 69714K(75584K)->69714K(75584K) Class: 18348K(26240K)->18348K(26240K)
[166.195s][info   ][gc          ] GC(59) Pause Full (System.gc()) 1817M->1817M(5684M) 1943.047ms
[168.139s][info   ][gc,metaspace] GC(60) Metaspace: 88062K(101824K)->88062K(101824K) NonClass: 69714K(75584K)->69714K(75584K) Class: 18348K(26240K)->18348K(26240K)
[168.139s][info   ][gc          ] GC(60) Pause Full (System.gc()) 1817M->1817M(5684M) 1944.403ms
[170.096s][info   ][gc,metaspace] GC(61) Metaspace: 88062K(101824K)->88062K(101824K) NonClass: 69714K(75584K)->69714K(75584K) Class: 18348K(26240K)->18348K(26240K)
[170.096s][info   ][gc          ] GC(61) Pause Full (System.gc()) 1817M->1817M(5684M) 1956.016ms
[172.039s][info   ][gc,metaspace] GC(62) Metaspace: 88062K(101824K)->88062K(101824K) NonClass: 69714K(75584K)->69714K(75584K) Class: 18348K(26240K)->18348K(26240K)
[172.039s][info   ][gc          ] GC(62) Pause Full (System.gc()) 1817M->1817M(5684M) 1943.295ms
[173.980s][info   ][gc,metaspace] GC(63) Metaspace: 88062K(101824K)->88062K(101824K) NonClass: 69714K(75584K)->69714K(75584K) Class: 18348K(26240K)->18348K(26240K)
[173.980s][info   ][gc          ] GC(63) Pause Full (System.gc()) 1817M->1817M(5684M) 1940.683ms
[175.922s][info   ][gc,metaspace] GC(64) Metaspace: 88062K(101824K)->88062K(101824K) NonClass: 69714K(75584K)->69714K(75584K) Class: 18348K(26240K)->18348K(26240K)
[175.922s][info   ][gc          ] GC(64) Pause Full (System.gc()) 1817M->1817M(5684M) 1941.188ms
[177.863s][info   ][gc,metaspace] GC(65) Metaspace: 88062K(101824K)->88062K(101824K) NonClass: 69714K(75584K)->69714K(75584K) Class: 18348K(26240K)->18348K(26240K)
[177.863s][info   ][gc          ] GC(65) Pause Full (System.gc()) 1817M->1817M(5684M) 1940.779ms
[179.841s][info   ][gc,metaspace] GC(66) Metaspace: 88062K(101824K)->88062K(101824K) NonClass: 69714K(75584K)->69714K(75584K) Class: 18348K(26240K)->18348K(26240K)
[179.841s][info   ][gc          ] GC(66) Pause Full (System.gc()) 1817M->1817M(5684M) 1978.004ms
[181.766s][info   ][gc,metaspace] GC(67) Metaspace: 88062K(101824K)->88062K(101824K) NonClass: 69714K(75584K)->69714K(75584K) Class: 18348K(26240K)->18348K(26240K)
[181.766s][info   ][gc          ] GC(67) Pause Full (System.gc()) 1817M->1817M(5684M) 1925.030ms
After GCs... 
