Done; will start GCs... 
[87.149s][info   ][gc,metaspace] GC(16) Metaspace: 89858K(103616K)->89858K(103616K) NonClass: 63159K(68992K)->63159K(68992K) Class: 26699K(34624K)->26699K(34624K)
[87.149s][info   ][gc          ] GC(16) Pause Full (System.gc()) 1624M->1602M(5679M) 2210.033ms
[89.350s][info   ][gc,metaspace] GC(17) Metaspace: 89858K(103616K)->89858K(103616K) NonClass: 63159K(68992K)->63159K(68992K) Class: 26699K(34624K)->26699K(34624K)
[89.350s][info   ][gc          ] GC(17) Pause Full (System.gc()) 1602M->1602M(5679M) 2200.349ms
[91.549s][info   ][gc,metaspace] GC(18) Metaspace: 89858K(103616K)->89858K(103616K) NonClass: 63159K(68992K)->63159K(68992K) Class: 26699K(34624K)->26699K(34624K)
[91.549s][info   ][gc          ] GC(18) Pause Full (System.gc()) 1602M->1602M(5679M) 2198.819ms
[93.788s][info   ][gc,metaspace] GC(19) Metaspace: 89858K(103616K)->89858K(103616K) NonClass: 63159K(68992K)->63159K(68992K) Class: 26699K(34624K)->26699K(34624K)
[93.788s][info   ][gc          ] GC(19) Pause Full (System.gc()) 1602M->1602M(5679M) 2238.885ms
[95.984s][info   ][gc,metaspace] GC(20) Metaspace: 89858K(103616K)->89858K(103616K) NonClass: 63159K(68992K)->63159K(68992K) Class: 26699K(34624K)->26699K(34624K)
[95.984s][info   ][gc          ] GC(20) Pause Full (System.gc()) 1602M->1602M(5679M) 2196.391ms
[98.169s][info   ][gc,metaspace] GC(21) Metaspace: 89858K(103616K)->89858K(103616K) NonClass: 63159K(68992K)->63159K(68992K) Class: 26699K(34624K)->26699K(34624K)
[98.169s][info   ][gc          ] GC(21) Pause Full (System.gc()) 1602M->1602M(5679M) 2184.810ms
[100.379s][info   ][gc,metaspace] GC(22) Metaspace: 89858K(103616K)->89858K(103616K) NonClass: 63159K(68992K)->63159K(68992K) Class: 26699K(34624K)->26699K(34624K)
[100.379s][info   ][gc          ] GC(22) Pause Full (System.gc()) 1602M->1602M(5679M) 2210.104ms
[102.616s][info   ][gc,metaspace] GC(23) Metaspace: 89858K(103616K)->89858K(103616K) NonClass: 63159K(68992K)->63159K(68992K) Class: 26699K(34624K)->26699K(34624K)
[102.616s][info   ][gc          ] GC(23) Pause Full (System.gc()) 1602M->1602M(5679M) 2236.519ms
[104.803s][info   ][gc,metaspace] GC(24) Metaspace: 89858K(103616K)->89858K(103616K) NonClass: 63159K(68992K)->63159K(68992K) Class: 26699K(34624K)->26699K(34624K)
[104.803s][info   ][gc          ] GC(24) Pause Full (System.gc()) 1602M->1602M(5679M) 2186.593ms
[107.014s][info   ][gc,metaspace] GC(25) Metaspace: 89858K(103616K)->89858K(103616K) NonClass: 63159K(68992K)->63159K(68992K) Class: 26699K(34624K)->26699K(34624K)
[107.014s][info   ][gc          ] GC(25) Pause Full (System.gc()) 1602M->1602M(5679M) 2211.509ms
[109.201s][info   ][gc,metaspace] GC(26) Metaspace: 89858K(103616K)->89858K(103616K) NonClass: 63159K(68992K)->63159K(68992K) Class: 26699K(34624K)->26699K(34624K)
[109.201s][info   ][gc          ] GC(26) Pause Full (System.gc()) 1602M->1602M(5679M) 2186.888ms
[111.409s][info   ][gc,metaspace] GC(27) Metaspace: 89858K(103616K)->89858K(103616K) NonClass: 63159K(68992K)->63159K(68992K) Class: 26699K(34624K)->26699K(34624K)
[111.409s][info   ][gc          ] GC(27) Pause Full (System.gc()) 1602M->1602M(5679M) 2207.206ms
[113.655s][info   ][gc,metaspace] GC(28) Metaspace: 89858K(103616K)->89858K(103616K) NonClass: 63159K(68992K)->63159K(68992K) Class: 26699K(34624K)->26699K(34624K)
[113.656s][info   ][gc          ] GC(28) Pause Full (System.gc()) 1602M->1602M(5679M) 2246.835ms
[115.846s][info   ][gc,metaspace] GC(29) Metaspace: 89858K(103616K)->89858K(103616K) NonClass: 63159K(68992K)->63159K(68992K) Class: 26699K(34624K)->26699K(34624K)
[115.846s][info   ][gc          ] GC(29) Pause Full (System.gc()) 1602M->1602M(5679M) 2190.371ms
[118.035s][info   ][gc,metaspace] GC(30) Metaspace: 89858K(103616K)->89858K(103616K) NonClass: 63159K(68992K)->63159K(68992K) Class: 26699K(34624K)->26699K(34624K)
[118.035s][info   ][gc          ] GC(30) Pause Full (System.gc()) 1602M->1602M(5679M) 2188.500ms
[120.228s][info   ][gc,metaspace] GC(31) Metaspace: 89858K(103616K)->89858K(103616K) NonClass: 63159K(68992K)->63159K(68992K) Class: 26699K(34624K)->26699K(34624K)
[120.228s][info   ][gc          ] GC(31) Pause Full (System.gc()) 1602M->1602M(5679M) 2193.471ms
[122.432s][info   ][gc,metaspace] GC(32) Metaspace: 89858K(103616K)->89858K(103616K) NonClass: 63159K(68992K)->63159K(68992K) Class: 26699K(34624K)->26699K(34624K)
[122.432s][info   ][gc          ] GC(32) Pause Full (System.gc()) 1602M->1602M(5679M) 2204.109ms
[124.779s][info   ][gc,metaspace] GC(33) Metaspace: 89858K(103616K)->89858K(103616K) NonClass: 63159K(68992K)->63159K(68992K) Class: 26699K(34624K)->26699K(34624K)
[124.779s][info   ][gc          ] GC(33) Pause Full (System.gc()) 1602M->1602M(5679M) 2346.971ms
[126.992s][info   ][gc,metaspace] GC(34) Metaspace: 89858K(103616K)->89858K(103616K) NonClass: 63159K(68992K)->63159K(68992K) Class: 26699K(34624K)->26699K(34624K)
[126.992s][info   ][gc          ] GC(34) Pause Full (System.gc()) 1609M->1602M(5679M) 2212.743ms
[129.188s][info   ][gc,metaspace] GC(35) Metaspace: 89858K(103616K)->89858K(103616K) NonClass: 63159K(68992K)->63159K(68992K) Class: 26699K(34624K)->26699K(34624K)
[129.188s][info   ][gc          ] GC(35) Pause Full (System.gc()) 1602M->1602M(5679M) 2195.687ms
[131.391s][info   ][gc,metaspace] GC(36) Metaspace: 89858K(103616K)->89858K(103616K) NonClass: 63159K(68992K)->63159K(68992K) Class: 26699K(34624K)->26699K(34624K)
[131.391s][info   ][gc          ] GC(36) Pause Full (System.gc()) 1602M->1602M(5679M) 2202.848ms
[133.620s][info   ][gc,metaspace] GC(37) Metaspace: 89858K(103616K)->89858K(103616K) NonClass: 63159K(68992K)->63159K(68992K) Class: 26699K(34624K)->26699K(34624K)
[133.620s][info   ][gc          ] GC(37) Pause Full (System.gc()) 1602M->1602M(5679M) 2228.360ms
[135.833s][info   ][gc,metaspace] GC(38) Metaspace: 89858K(103616K)->89858K(103616K) NonClass: 63159K(68992K)->63159K(68992K) Class: 26699K(34624K)->26699K(34624K)
[135.833s][info   ][gc          ] GC(38) Pause Full (System.gc()) 1602M->1602M(5679M) 2213.570ms
[138.056s][info   ][gc,metaspace] GC(39) Metaspace: 89858K(103616K)->89858K(103616K) NonClass: 63159K(68992K)->63159K(68992K) Class: 26699K(34624K)->26699K(34624K)
[138.056s][info   ][gc          ] GC(39) Pause Full (System.gc()) 1602M->1602M(5679M) 2222.815ms
[140.257s][info   ][gc,metaspace] GC(40) Metaspace: 89858K(103616K)->89858K(103616K) NonClass: 63159K(68992K)->63159K(68992K) Class: 26699K(34624K)->26699K(34624K)
[140.257s][info   ][gc          ] GC(40) Pause Full (System.gc()) 1602M->1602M(5679M) 2200.285ms
[142.462s][info   ][gc,metaspace] GC(41) Metaspace: 89858K(103616K)->89858K(103616K) NonClass: 63159K(68992K)->63159K(68992K) Class: 26699K(34624K)->26699K(34624K)
[142.462s][info   ][gc          ] GC(41) Pause Full (System.gc()) 1602M->1602M(5679M) 2205.323ms
[144.669s][info   ][gc,metaspace] GC(42) Metaspace: 89858K(103616K)->89858K(103616K) NonClass: 63159K(68992K)->63159K(68992K) Class: 26699K(34624K)->26699K(34624K)
[144.669s][info   ][gc          ] GC(42) Pause Full (System.gc()) 1602M->1602M(5679M) 2206.618ms
[146.963s][info   ][gc,metaspace] GC(43) Metaspace: 89858K(103616K)->89858K(103616K) NonClass: 63159K(68992K)->63159K(68992K) Class: 26699K(34624K)->26699K(34624K)
[146.964s][info   ][gc          ] GC(43) Pause Full (System.gc()) 1602M->1602M(5679M) 2294.658ms
[149.137s][info   ][gc,metaspace] GC(44) Metaspace: 89858K(103616K)->89858K(103616K) NonClass: 63159K(68992K)->63159K(68992K) Class: 26699K(34624K)->26699K(34624K)
[149.137s][info   ][gc          ] GC(44) Pause Full (System.gc()) 1602M->1602M(5679M) 2173.906ms
[151.348s][info   ][gc,metaspace] GC(45) Metaspace: 89858K(103616K)->89858K(103616K) NonClass: 63159K(68992K)->63159K(68992K) Class: 26699K(34624K)->26699K(34624K)
[151.349s][info   ][gc          ] GC(45) Pause Full (System.gc()) 1602M->1602M(5679M) 2210.964ms
[153.546s][info   ][gc,metaspace] GC(46) Metaspace: 89858K(103616K)->89858K(103616K) NonClass: 63159K(68992K)->63159K(68992K) Class: 26699K(34624K)->26699K(34624K)
[153.546s][info   ][gc          ] GC(46) Pause Full (System.gc()) 1602M->1602M(5679M) 2197.001ms
[155.770s][info   ][gc,metaspace] GC(47) Metaspace: 89858K(103616K)->89858K(103616K) NonClass: 63159K(68992K)->63159K(68992K) Class: 26699K(34624K)->26699K(34624K)
[155.770s][info   ][gc          ] GC(47) Pause Full (System.gc()) 1602M->1602M(5679M) 2224.718ms
[157.981s][info   ][gc,metaspace] GC(48) Metaspace: 89858K(103616K)->89858K(103616K) NonClass: 63159K(68992K)->63159K(68992K) Class: 26699K(34624K)->26699K(34624K)
[157.981s][info   ][gc          ] GC(48) Pause Full (System.gc()) 1602M->1602M(5679M) 2210.153ms
[160.148s][info   ][gc,metaspace] GC(49) Metaspace: 89858K(103616K)->89858K(103616K) NonClass: 63159K(68992K)->63159K(68992K) Class: 26699K(34624K)->26699K(34624K)
[160.148s][info   ][gc          ] GC(49) Pause Full (System.gc()) 1602M->1602M(5679M) 2166.883ms
[162.373s][info   ][gc,metaspace] GC(50) Metaspace: 89858K(103616K)->89858K(103616K) NonClass: 63159K(68992K)->63159K(68992K) Class: 26699K(34624K)->26699K(34624K)
[162.373s][info   ][gc          ] GC(50) Pause Full (System.gc()) 1602M->1602M(5679M) 2225.214ms
[164.608s][info   ][gc,metaspace] GC(51) Metaspace: 89858K(103616K)->89858K(103616K) NonClass: 63159K(68992K)->63159K(68992K) Class: 26699K(34624K)->26699K(34624K)
[164.608s][info   ][gc          ] GC(51) Pause Full (System.gc()) 1602M->1602M(5679M) 2235.211ms
[166.799s][info   ][gc,metaspace] GC(52) Metaspace: 89858K(103616K)->89858K(103616K) NonClass: 63159K(68992K)->63159K(68992K) Class: 26699K(34624K)->26699K(34624K)
[166.799s][info   ][gc          ] GC(52) Pause Full (System.gc()) 1602M->1602M(5679M) 2190.379ms
[169.039s][info   ][gc,metaspace] GC(53) Metaspace: 89858K(103616K)->89858K(103616K) NonClass: 63159K(68992K)->63159K(68992K) Class: 26699K(34624K)->26699K(34624K)
[169.039s][info   ][gc          ] GC(53) Pause Full (System.gc()) 1602M->1602M(5679M) 2240.298ms
[171.258s][info   ][gc,metaspace] GC(54) Metaspace: 89858K(103616K)->89858K(103616K) NonClass: 63159K(68992K)->63159K(68992K) Class: 26699K(34624K)->26699K(34624K)
[171.258s][info   ][gc          ] GC(54) Pause Full (System.gc()) 1602M->1602M(5679M) 2219.052ms
[173.455s][info   ][gc,metaspace] GC(55) Metaspace: 89858K(103616K)->89858K(103616K) NonClass: 63159K(68992K)->63159K(68992K) Class: 26699K(34624K)->26699K(34624K)
[173.455s][info   ][gc          ] GC(55) Pause Full (System.gc()) 1602M->1602M(5679M) 2197.033ms
[175.674s][info   ][gc,metaspace] GC(56) Metaspace: 89858K(103616K)->89858K(103616K) NonClass: 63159K(68992K)->63159K(68992K) Class: 26699K(34624K)->26699K(34624K)
[175.674s][info   ][gc          ] GC(56) Pause Full (System.gc()) 1602M->1602M(5679M) 2218.197ms
[177.895s][info   ][gc,metaspace] GC(57) Metaspace: 89858K(103616K)->89858K(103616K) NonClass: 63159K(68992K)->63159K(68992K) Class: 26699K(34624K)->26699K(34624K)
[177.895s][info   ][gc          ] GC(57) Pause Full (System.gc()) 1602M->1602M(5679M) 2221.483ms
[180.090s][info   ][gc,metaspace] GC(58) Metaspace: 89858K(103616K)->89858K(103616K) NonClass: 63159K(68992K)->63159K(68992K) Class: 26699K(34624K)->26699K(34624K)
[180.090s][info   ][gc          ] GC(58) Pause Full (System.gc()) 1602M->1602M(5679M) 2194.782ms
[182.285s][info   ][gc,metaspace] GC(59) Metaspace: 89858K(103616K)->89858K(103616K) NonClass: 63159K(68992K)->63159K(68992K) Class: 26699K(34624K)->26699K(34624K)
[182.285s][info   ][gc          ] GC(59) Pause Full (System.gc()) 1602M->1602M(5679M) 2194.699ms
[184.485s][info   ][gc,metaspace] GC(60) Metaspace: 89858K(103616K)->89858K(103616K) NonClass: 63159K(68992K)->63159K(68992K) Class: 26699K(34624K)->26699K(34624K)
[184.485s][info   ][gc          ] GC(60) Pause Full (System.gc()) 1602M->1602M(5679M) 2200.177ms
[186.721s][info   ][gc,metaspace] GC(61) Metaspace: 89858K(103616K)->89858K(103616K) NonClass: 63159K(68992K)->63159K(68992K) Class: 26699K(34624K)->26699K(34624K)
[186.721s][info   ][gc          ] GC(61) Pause Full (System.gc()) 1602M->1602M(5679M) 2235.315ms
[188.941s][info   ][gc,metaspace] GC(62) Metaspace: 89858K(103616K)->89858K(103616K) NonClass: 63159K(68992K)->63159K(68992K) Class: 26699K(34624K)->26699K(34624K)
[188.941s][info   ][gc          ] GC(62) Pause Full (System.gc()) 1602M->1602M(5679M) 2220.503ms
[191.135s][info   ][gc,metaspace] GC(63) Metaspace: 89858K(103616K)->89858K(103616K) NonClass: 63159K(68992K)->63159K(68992K) Class: 26699K(34624K)->26699K(34624K)
[191.135s][info   ][gc          ] GC(63) Pause Full (System.gc()) 1602M->1602M(5679M) 2193.658ms
[193.333s][info   ][gc,metaspace] GC(64) Metaspace: 89858K(103616K)->89858K(103616K) NonClass: 63159K(68992K)->63159K(68992K) Class: 26699K(34624K)->26699K(34624K)
[193.333s][info   ][gc          ] GC(64) Pause Full (System.gc()) 1609M->1602M(5679M) 2197.855ms
[195.538s][info   ][gc,metaspace] GC(65) Metaspace: 89858K(103616K)->89858K(103616K) NonClass: 63159K(68992K)->63159K(68992K) Class: 26699K(34624K)->26699K(34624K)
[195.538s][info   ][gc          ] GC(65) Pause Full (System.gc()) 1602M->1602M(5679M) 2204.835ms
After GCs... 
