[0.001s][warning][pagesize] UseLargePages disabled, no large pages configured and available on the system.
[0.001s][info   ][gc      ] Min heap equals to max heap, disabling ShenandoahUncommit
[0.001s][info   ][metaspace]  - commit_granule_bytes: 65536.
[0.001s][info   ][metaspace]  - commit_granule_words: 8192.
[0.001s][info   ][metaspace]  - virtual_space_node_default_size: 8388608.
[0.001s][info   ][metaspace]  - enlarge_chunks_in_place: 1.
[0.001s][info   ][metaspace]  - use_allocation_guard: 0.
[0.006s][info   ][gc       ] Heuristics ergonomically sets -XX:+ExplicitGCInvokesConcurrent
[0.006s][info   ][gc       ] Heuristics ergonomically sets -XX:+ShenandoahImplicitGCInvokesConcurrent
[0.007s][info   ][gc       ] Using Shenandoah
[0.759s][info   ][metaspace] Reserving compressed class space anywhere
[0.759s][info   ][gc,metaspace] CDS archive(s) not mapped
[0.759s][info   ][gc,metaspace] Compressed class space mapped at: 0x0000000025000000-0x00000000e5000000, reserved size: 3221225472
[0.759s][info   ][gc,metaspace] UseCompressedClassPointers 1, UseCompactObjectHeaders 1, narrow klass pointer bits 22, max shift 10
[0.759s][info   ][gc,metaspace] Narrow klass base: 0x0000000025000000, Narrow klass shift: 10, Narrow klass range: 0xc0000000
Random Seed: 12345678
Num Classes: 16
Num Objects: 67108864
Percent IK Objects: 83.0%)
Percent OAK Objects: 5.0%)
Percent TAK Objects: 12.0%)
Cycles: 50
Loading 16 pre-generated classes ...
Materialize pre-generated constructors ...
Creating objects...
[0.986s][info   ][gc          ] Trigger: GC request (System.gc())
[0.986s][info   ][gc          ] GC(0) Concurrent reset 0.156ms
[0.986s][info   ][gc          ] GC(0) Pause Init Mark (unload classes) 0.035ms
[0.986s][info   ][gc          ] GC(0) Concurrent marking roots 0.246ms
[0.988s][info   ][gc          ] GC(0) Concurrent marking (unload classes) 1.511ms
[0.988s][info   ][gc          ] GC(0) Pause Final Mark (unload classes) 0.124ms
[0.988s][info   ][gc          ] GC(0) Concurrent thread roots 0.064ms
[0.988s][info   ][gc          ] GC(0) Concurrent weak references 0.092ms
[0.989s][info   ][gc          ] GC(0) Concurrent weak roots 0.400ms
[0.989s][info   ][gc          ] GC(0) Concurrent cleanup 20M->22M(6144M) 0.098ms
[0.990s][info   ][metaspace   ] ChkMgr @0x00007ffff0121c40 (non-class-space): : reclaiming memory...
[0.990s][info   ][metaspace   ] ChkMgr @0x00007ffff0121c40 (non-class-space): nothing reclaimed.
[0.990s][info   ][metaspace   ] ChkMgr @0x00007ffff0121a50 (class-space): : reclaiming memory...
[0.990s][info   ][metaspace   ] ChkMgr @0x00007ffff0121a50 (class-space): nothing reclaimed.
[0.990s][info   ][gc          ] GC(0) Concurrent class unloading 1.311ms
[0.990s][info   ][gc          ] GC(0) Concurrent strong roots 0.279ms
[0.991s][info   ][gc          ] GC(0) Concurrent evacuation 0.742ms
[0.991s][info   ][gc          ] GC(0) Pause Init Update Refs 0.006ms
[0.991s][info   ][gc          ] GC(0) At start of update refs, moving 18432K to Mutator free partition from Collector Reserve
[0.993s][info   ][gc          ] GC(0) Concurrent update references 1.468ms
[0.993s][info   ][gc          ] GC(0) Concurrent update thread roots 0.039ms
[0.993s][info   ][gc          ] GC(0) Pause Final Update Refs 0.074ms
[0.993s][info   ][gc          ] GC(0) Concurrent cleanup 23M->5M(6144M) 0.078ms
[0.993s][info   ][gc,metaspace] Metaspace: 11169K(11456K)->11145K(11456K) NonClass: 9377K(9536K)->9362K(9536K) Class: 1791K(1920K)->1783K(1920K)
[1.770s][info   ][gc          ] Trigger: Learning 2 of 5. Free (4300M) is below initial threshold (4300M)
[1.770s][info   ][gc          ] GC(1) Concurrent reset 0.244ms
[1.770s][info   ][gc          ] GC(1) Pause Init Mark (unload classes) 0.045ms
[1.770s][info   ][gc          ] GC(1) Concurrent marking roots 0.134ms
[2.184s][info   ][gc          ] GC(1) Concurrent marking (unload classes) 413.600ms
[2.184s][info   ][gc          ] GC(1) Pause Final Mark (unload classes) 0.225ms
[2.184s][info   ][gc          ] GC(1) Concurrent thread roots 0.080ms
[2.184s][info   ][gc          ] GC(1) Concurrent weak references 0.053ms
[2.185s][info   ][gc          ] GC(1) Concurrent weak roots 0.368ms
[2.185s][info   ][gc          ] GC(1) Concurrent cleanup 2354M->2354M(6144M) 0.099ms
[2.186s][info   ][gc          ] GC(1) Concurrent class unloading 0.694ms
[2.186s][info   ][gc          ] GC(1) Concurrent strong roots 0.139ms
[2.324s][info   ][gc          ] GC(1) Concurrent evacuation 137.790ms
[2.324s][info   ][gc          ] GC(1) Pause Init Update Refs 0.007ms
[2.324s][info   ][gc          ] GC(1) At start of update refs, moving 168M to Mutator free partition from Collector Reserve
[2.602s][info   ][gc          ] GC(1) Concurrent update references 278.288ms
[2.602s][info   ][gc          ] GC(1) Concurrent update thread roots 0.205ms
[2.603s][info   ][gc          ] GC(1) Pause Final Update Refs 0.100ms
[2.603s][info   ][gc          ] GC(1) Concurrent cleanup 3161M->1883M(6144M) 0.141ms
[2.603s][info   ][gc,metaspace] Metaspace: 11209K(11584K)->11209K(11584K) NonClass: 9415K(9600K)->9415K(9600K) Class: 1793K(1984K)->1793K(1984K)
[2.604s][info   ][gc          ] Trigger: Learning 3 of 5. Free (3946M) is below initial threshold (4300M)
[2.607s][info   ][gc          ] GC(2) Concurrent reset 2.568ms
[2.607s][info   ][gc          ] GC(2) Pause Init Mark (unload classes) 0.043ms
[2.607s][info   ][gc          ] GC(2) Concurrent marking roots 0.108ms
[3.012s][info   ][gc          ] GC(2) Concurrent marking (unload classes) 405.044ms
[3.012s][info   ][gc          ] GC(2) Pause Final Mark (unload classes) 0.306ms
[3.012s][info   ][gc          ] GC(2) Concurrent thread roots 0.066ms
[3.012s][info   ][gc          ] GC(2) Concurrent weak references 0.036ms
[3.013s][info   ][gc          ] GC(2) Concurrent weak roots 0.337ms
[3.013s][info   ][gc          ] GC(2) Concurrent cleanup 2742M->2742M(6144M) 0.099ms
[3.014s][info   ][gc          ] GC(2) Concurrent class unloading 0.624ms
[3.014s][info   ][gc          ] GC(2) Concurrent strong roots 0.054ms
[3.164s][info   ][gc          ] GC(2) Concurrent evacuation 150.804ms
[3.165s][info   ][gc          ] GC(2) Pause Init Update Refs 0.010ms
[3.165s][info   ][gc          ] GC(2) At start of update refs, moving 160M to Mutator free partition from Collector Reserve
[3.601s][info   ][gc          ] GC(2) Concurrent update references 436.196ms
[3.601s][info   ][gc          ] GC(2) Concurrent update thread roots 0.205ms
[3.601s][info   ][gc          ] GC(2) Pause Final Update Refs 0.116ms
[3.602s][info   ][gc          ] GC(2) Concurrent cleanup 3866M->2365M(6144M) 0.156ms
[3.602s][info   ][gc,metaspace] Metaspace: 11209K(11584K)->11209K(11584K) NonClass: 9415K(9600K)->9415K(9600K) Class: 1793K(1984K)->1793K(1984K)
[3.603s][info   ][gc          ] Trigger: Learning 4 of 5. Free (3465M) is below initial threshold (4300M)
[3.606s][info   ][gc          ] GC(3) Concurrent reset 2.871ms
[3.606s][info   ][gc          ] GC(3) Pause Init Mark (unload classes) 0.049ms
[3.606s][info   ][gc          ] GC(3) Concurrent marking roots 0.087ms
[4.184s][info   ][gc          ] GC(3) Concurrent marking (unload classes) 577.692ms
[4.184s][info   ][gc          ] GC(3) Pause Final Mark (unload classes) 0.331ms
[4.184s][info   ][gc          ] GC(3) Concurrent thread roots 0.053ms
[4.184s][info   ][gc          ] GC(3) Concurrent weak references 0.031ms
[4.184s][info   ][gc          ] GC(3) Concurrent weak roots 0.281ms
[4.184s][info   ][gc          ] GC(3) Concurrent cleanup 3575M->3575M(6144M) 0.057ms
[4.185s][info   ][gc          ] GC(3) Concurrent class unloading 0.444ms
[4.185s][info   ][gc          ] GC(3) Concurrent strong roots 0.036ms
[4.336s][info   ][gc          ] GC(3) Concurrent evacuation 150.844ms
[4.336s][info   ][gc          ] GC(3) Pause Init Update Refs 0.011ms
[4.336s][info   ][gc          ] GC(3) At start of update refs, moving 136M to Mutator free partition from Collector Reserve
[4.990s][info   ][gc          ] GC(3) Concurrent update references 654.295ms
[4.991s][info   ][gc          ] GC(3) Concurrent update thread roots 0.205ms
[4.991s][info   ][gc          ] GC(3) Pause Final Update Refs 0.119ms
[4.991s][info   ][gc          ] GC(3) Concurrent cleanup 5126M->3288M(6144M) 0.194ms
[4.991s][info   ][gc,metaspace] Metaspace: 11209K(11584K)->11209K(11584K) NonClass: 9415K(9600K)->9415K(9600K) Class: 1793K(1984K)->1793K(1984K)
[4.992s][info   ][gc          ] Trigger: Learning 5 of 5. Free (2543M) is below initial threshold (4300M)
[4.996s][info   ][gc          ] GC(4) Concurrent reset 3.680ms
[4.996s][info   ][gc          ] GC(4) Pause Init Mark (unload classes) 0.049ms
[4.996s][info   ][gc          ] GC(4) Concurrent marking roots 0.109ms
[5.866s][info   ][gc          ] GC(4) Concurrent marking (unload classes) 870.169ms
[5.867s][info   ][gc          ] GC(4) Pause Final Mark (unload classes) 0.424ms
[5.867s][info   ][gc          ] GC(4) Concurrent thread roots 0.072ms
[5.867s][info   ][gc          ] GC(4) Concurrent weak references 0.038ms
[5.867s][info   ][gc          ] GC(4) Concurrent weak roots 0.338ms
[5.868s][info   ][gc          ] GC(4) Concurrent cleanup 4999M->4999M(6144M) 0.119ms
[5.868s][info   ][gc          ] GC(4) Concurrent class unloading 0.588ms
[5.868s][info   ][gc          ] GC(4) Concurrent strong roots 0.053ms
[6.123s][info   ][gc          ] GC(4) Concurrent evacuation 255.166ms
[6.123s][info   ][gc          ] GC(4) Pause Init Update Refs 0.010ms
[6.124s][info   ][gc          ] GC(4) At start of update refs, moving 65536K to Mutator free partition from Collector Reserve
[7.427s][info   ][gc          ] GC(4) Concurrent update references 1303.528ms
[7.427s][info   ][gc          ] GC(4) Concurrent update thread roots 0.191ms
[7.432s][info   ][gc          ] GC(4) Pause Final Update Refs 0.124ms
[7.432s][info   ][gc          ] GC(4) Concurrent cleanup 6017M->3422M(6144M) 0.190ms
[7.432s][info   ][gc,metaspace] Metaspace: 11209K(11584K)->11209K(11584K) NonClass: 9415K(9600K)->9415K(9600K) Class: 1793K(1984K)->1793K(1984K)
[7.433s][info   ][gc          ] Trigger: Average GC time (3119.76 ms) is above the time for average allocation rate (1542 MB/s) to deplete free headroom (2103M) (margin of error = 1.80)
[7.439s][info   ][gc          ] GC(5) Concurrent reset 5.342ms
[7.439s][info   ][gc          ] GC(5) Pause Init Mark (unload classes) 0.055ms
[7.439s][info   ][gc          ] GC(5) Concurrent marking roots 0.080ms
[8.494s][info   ][gc          ] GC(5) Concurrent marking (unload classes) 1055.385ms
[8.495s][info   ][gc          ] GC(5) Pause Final Mark (unload classes) 0.424ms
[8.495s][info   ][gc          ] GC(5) Concurrent thread roots 0.067ms
[8.495s][info   ][gc          ] GC(5) Concurrent weak references 0.036ms
[8.495s][info   ][gc          ] GC(5) Concurrent weak roots 0.362ms
[8.496s][info   ][gc          ] GC(5) Concurrent cleanup 5046M->5047M(6144M) 0.121ms
[8.496s][info   ][gc          ] GC(5) Concurrent class unloading 0.528ms
[8.496s][info   ][gc          ] GC(5) Concurrent strong roots 0.083ms
[8.752s][info   ][gc          ] GC(5) Concurrent evacuation 255.992ms
[8.752s][info   ][gc          ] GC(5) Pause Init Update Refs 0.006ms
[8.752s][info   ][gc          ] GC(5) At start of update refs, moving 77824K to Mutator free partition from Collector Reserve
[10.098s][info   ][gc          ] GC(5) Concurrent update references 1346.044ms
[10.099s][info   ][gc          ] GC(5) Concurrent update thread roots 0.226ms
[10.099s][info   ][gc          ] GC(5) Pause Final Update Refs 0.126ms
[10.099s][info   ][gc          ] GC(5) Concurrent cleanup 6008M->3520M(6144M) 0.188ms
[10.099s][info   ][gc,metaspace] Metaspace: 11209K(11584K)->11209K(11584K) NonClass: 9415K(9600K)->9415K(9600K) Class: 1793K(1984K)->1793K(1984K)
[10.100s][info   ][gc          ] Trigger: Average GC time (3489.63 ms) is above the time for average allocation rate (1249 MB/s) to deplete free headroom (2006M) (margin of error = 1.81)
[10.106s][info   ][gc          ] GC(6) Concurrent reset 5.311ms
[10.106s][info   ][gc          ] GC(6) Pause Init Mark (unload classes) 0.056ms
[10.106s][info   ][gc          ] GC(6) Concurrent marking roots 0.110ms
67108864 Objects created
 - IK: 55699211 (82.99829%)
 - OAK: 3355627 (5.0002737%)
 - TAK: 8054026 (12.001434%)
Preparatory GC...
[11.648s][info   ][gc          ] GC(6) Concurrent marking (unload classes) 1542.120ms
[11.648s][info   ][gc          ] GC(6) Pause Final Mark (unload classes) 0.426ms
[11.649s][info   ][gc          ] GC(6) Concurrent thread roots 0.123ms
[11.649s][info   ][gc          ] GC(6) Concurrent weak references 0.041ms
[11.649s][info   ][gc          ] GC(6) Concurrent weak roots 0.322ms
[11.649s][info   ][gc          ] GC(6) Concurrent cleanup 4166M->4166M(6144M) 0.099ms
[11.650s][info   ][gc          ] GC(6) Concurrent class unloading 0.678ms
[11.650s][info   ][gc          ] GC(6) Concurrent strong roots 0.055ms
[11.910s][info   ][gc          ] GC(6) Concurrent evacuation 259.588ms
[11.910s][info   ][gc          ] GC(6) Pause Init Update Refs 0.010ms
[11.910s][info   ][gc          ] GC(6) At start of update refs, moving 92160K to Mutator free partition from Collector Reserve
[13.098s][info   ][gc          ] GC(6) Concurrent update references 1188.632ms
[13.099s][info   ][gc          ] GC(6) Concurrent update thread roots 0.267ms
[13.099s][info   ][gc          ] GC(6) Pause Final Update Refs 0.126ms
[13.099s][info   ][gc          ] GC(6) Concurrent cleanup 4384M->2030M(6144M) 0.176ms
[13.099s][info   ][gc,metaspace] Metaspace: 11209K(11584K)->11209K(11584K) NonClass: 9415K(9600K)->9415K(9600K) Class: 1793K(1984K)->1793K(1984K)
[13.100s][info   ][gc          ] Trigger: GC request (System.gc())
[13.106s][info   ][gc          ] GC(7) Concurrent reset 5.674ms
[13.106s][info   ][gc          ] GC(7) Pause Init Mark (unload classes) 0.058ms
[13.106s][info   ][gc          ] GC(7) Concurrent marking roots 0.087ms
[14.608s][info   ][gc          ] GC(7) Concurrent marking (unload classes) 1501.658ms
[14.608s][info   ][gc          ] GC(7) Pause Final Mark (unload classes) 0.281ms
[14.608s][info   ][gc          ] GC(7) Concurrent thread roots 0.073ms
[14.608s][info   ][gc          ] GC(7) Concurrent weak references 0.047ms
[14.609s][info   ][gc          ] GC(7) Concurrent weak roots 0.365ms
[14.609s][info   ][gc          ] GC(7) Concurrent cleanup 2030M->2030M(6144M) 0.115ms
[14.610s][info   ][metaspace   ] ChkMgr @0x00007ffff0121c40 (non-class-space): : reclaiming memory...
[14.610s][info   ][metaspace   ] ChkMgr @0x00007ffff0121c40 (non-class-space): finished reclaiming memory: 
[14.611s][info   ][metaspace   ] reserved: 64.00 MB (no change)
[14.611s][info   ][metaspace   ] committed: 9.38 MB->9.31 MB (-64.00 KB)
[14.611s][info   ][metaspace   ] ChkMgr @0x00007ffff0121a50 (class-space): : reclaiming memory...
[14.611s][info   ][metaspace   ] ChkMgr @0x00007ffff0121a50 (class-space): finished reclaiming memory: 
[14.611s][info   ][metaspace   ] reserved: 3.00 GB (no change)
[14.611s][info   ][metaspace   ] committed: 1.94 MB->1.88 MB (-64.00 KB)
[14.611s][info   ][gc          ] GC(7) Concurrent class unloading 1.663ms
[14.611s][info   ][gc          ] GC(7) Concurrent strong roots 0.060ms
[14.669s][info   ][gc          ] GC(7) Concurrent evacuation 58.321ms
[14.669s][info   ][gc          ] GC(7) Pause Init Update Refs 0.011ms
[14.669s][info   ][gc          ] GC(7) At start of update refs, moving 246M to Mutator free partition from Collector Reserve
[15.861s][info   ][gc          ] GC(7) Concurrent update references 1192.290ms
[15.862s][info   ][gc          ] GC(7) Concurrent update thread roots 0.197ms
[15.862s][info   ][gc          ] GC(7) Pause Final Update Refs 0.107ms
[15.862s][info   ][gc          ] GC(7) Concurrent cleanup 2092M->1448M(6144M) 0.142ms
[15.862s][info   ][gc,metaspace] Metaspace: 11209K(11584K)->11156K(11456K) NonClass: 9415K(9600K)->9371K(9536K) Class: 1793K(1984K)->1785K(1920K)
[15.863s][info   ][gc          ] Trigger: GC request (System.gc())
[15.866s][info   ][gc          ] GC(8) Concurrent reset 3.313ms
[15.867s][info   ][gc          ] GC(8) Pause Init Mark (unload classes) 0.062ms
[15.867s][info   ][gc          ] GC(8) Concurrent marking roots 0.134ms
[17.299s][info   ][gc          ] GC(8) Concurrent marking (unload classes) 1432.206ms
[17.299s][info   ][gc          ] GC(8) Pause Final Mark (unload classes) 0.253ms
[17.300s][info   ][gc          ] GC(8) Concurrent thread roots 0.119ms
[17.300s][info   ][gc          ] GC(8) Concurrent weak references 0.041ms
[17.300s][info   ][gc          ] GC(8) Concurrent weak roots 0.381ms
[17.300s][info   ][gc          ] GC(8) Concurrent cleanup 1448M->1448M(6144M) 0.100ms
[17.301s][info   ][gc          ] GC(8) Concurrent class unloading 0.480ms
[17.301s][info   ][gc          ] GC(8) Concurrent strong roots 0.089ms
[17.303s][info   ][gc          ] GC(8) Concurrent evacuation 2.017ms
[17.303s][info   ][gc          ] GC(8) Pause Init Update Refs 0.006ms
[17.303s][info   ][gc          ] GC(8) At start of update refs, moving 2048K to Mutator free partition from Collector Reserve
[18.772s][info   ][gc          ] GC(8) Concurrent update references 1469.468ms
[18.773s][info   ][gc          ] GC(8) Concurrent update thread roots 0.277ms
[18.773s][info   ][gc          ] GC(8) Pause Final Update Refs 0.098ms
[18.773s][info   ][gc          ] GC(8) Concurrent cleanup 1450M->1448M(6144M) 0.102ms
[18.773s][info   ][gc,metaspace] Metaspace: 11156K(11456K)->11156K(11456K) NonClass: 9371K(9536K)->9371K(9536K) Class: 1785K(1920K)->1785K(1920K)
Done; will start GCs... 
[18.774s][info   ][gc          ] Trigger: GC request (System.gc())
[18.776s][info   ][gc          ] GC(9) Concurrent reset 1.809ms
[18.776s][info   ][gc          ] GC(9) Pause Init Mark (unload classes) 0.052ms
[18.776s][info   ][gc          ] GC(9) Concurrent marking roots 0.215ms
[20.230s][info   ][gc          ] GC(9) Concurrent marking (unload classes) 1453.164ms
[20.230s][info   ][gc          ] GC(9) Pause Final Mark (unload classes) 0.224ms
[20.230s][info   ][gc          ] GC(9) Concurrent thread roots 0.068ms
[20.230s][info   ][gc          ] GC(9) Concurrent weak references 0.055ms
[20.230s][info   ][gc          ] GC(9) Concurrent weak roots 0.334ms
[20.230s][info   ][gc          ] GC(9) Concurrent cleanup 1450M->1448M(6144M) 0.099ms
[20.231s][info   ][gc          ] GC(9) Concurrent class unloading 0.538ms
[20.231s][info   ][gc          ] GC(9) Concurrent strong roots 0.053ms
[20.233s][info   ][gc          ] GC(9) Concurrent evacuation 2.049ms
[20.233s][info   ][gc          ] GC(9) Pause Init Update Refs 0.006ms
[20.233s][info   ][gc          ] GC(9) At start of update refs, moving 2048K to Mutator free partition from Collector Reserve
[21.155s][info   ][gc          ] GC(9) Concurrent update references 922.031ms
[21.156s][info   ][gc          ] GC(9) Concurrent update thread roots 0.301ms
[21.156s][info   ][gc          ] GC(9) Pause Final Update Refs 0.097ms
[21.156s][info   ][gc          ] GC(9) Concurrent cleanup 1450M->1448M(6144M) 0.102ms
[21.156s][info   ][gc,metaspace] Metaspace: 11156K(11456K)->11156K(11456K) NonClass: 9371K(9536K)->9371K(9536K) Class: 1785K(1920K)->1785K(1920K)
[21.157s][info   ][gc          ] Trigger: GC request (System.gc())
[21.159s][info   ][gc          ] GC(10) Concurrent reset 2.002ms
[21.159s][info   ][gc          ] GC(10) Pause Init Mark (unload classes) 0.056ms
[21.159s][info   ][gc          ] GC(10) Concurrent marking roots 0.085ms
[22.911s][info   ][gc          ] GC(10) Concurrent marking (unload classes) 1751.590ms
[22.911s][info   ][gc          ] GC(10) Pause Final Mark (unload classes) 0.217ms
[22.911s][info   ][gc          ] GC(10) Concurrent thread roots 0.069ms
[22.911s][info   ][gc          ] GC(10) Concurrent weak references 0.043ms
[22.912s][info   ][gc          ] GC(10) Concurrent weak roots 0.345ms
[22.912s][info   ][gc          ] GC(10) Concurrent cleanup 1448M->1448M(6144M) 0.099ms
[22.913s][info   ][gc          ] GC(10) Concurrent class unloading 0.625ms
[22.913s][info   ][gc          ] GC(10) Concurrent strong roots 0.055ms
[22.915s][info   ][gc          ] GC(10) Concurrent evacuation 2.038ms
[22.915s][info   ][gc          ] GC(10) Pause Init Update Refs 0.006ms
[22.915s][info   ][gc          ] GC(10) At start of update refs, moving 2048K to Mutator free partition from Collector Reserve
[24.058s][info   ][gc          ] GC(10) Concurrent update references 1143.557ms
[24.059s][info   ][gc          ] GC(10) Concurrent update thread roots 0.260ms
[24.063s][info   ][gc          ] GC(10) Pause Final Update Refs 0.099ms
[24.063s][info   ][gc          ] GC(10) Concurrent cleanup 1450M->1448M(6144M) 0.108ms
[24.063s][info   ][gc,metaspace] Metaspace: 11156K(11456K)->11156K(11456K) NonClass: 9371K(9536K)->9371K(9536K) Class: 1785K(1920K)->1785K(1920K)
[24.064s][info   ][gc          ] Trigger: GC request (System.gc())
[24.067s][info   ][gc          ] GC(11) Concurrent reset 2.337ms
[24.067s][info   ][gc          ] GC(11) Pause Init Mark (unload classes) 0.052ms
[24.067s][info   ][gc          ] GC(11) Concurrent marking roots 0.103ms
[25.613s][info   ][gc          ] GC(11) Concurrent marking (unload classes) 1545.543ms
[25.613s][info   ][gc          ] GC(11) Pause Final Mark (unload classes) 0.245ms
[25.613s][info   ][gc          ] GC(11) Concurrent thread roots 0.088ms
[25.613s][info   ][gc          ] GC(11) Concurrent weak references 0.046ms
[25.613s][info   ][gc          ] GC(11) Concurrent weak roots 0.352ms
[25.614s][info   ][gc          ] GC(11) Concurrent cleanup 1448M->1448M(6144M) 0.115ms
[25.614s][info   ][gc          ] GC(11) Concurrent class unloading 0.664ms
[25.614s][info   ][gc          ] GC(11) Concurrent strong roots 0.062ms
[25.617s][info   ][gc          ] GC(11) Concurrent evacuation 2.765ms
[25.617s][info   ][gc          ] GC(11) Pause Init Update Refs 0.006ms
[25.617s][info   ][gc          ] GC(11) At start of update refs, moving 2048K to Mutator free partition from Collector Reserve
[26.725s][info   ][gc          ] GC(11) Concurrent update references 1107.621ms
[26.725s][info   ][gc          ] GC(11) Concurrent update thread roots 0.199ms
[26.725s][info   ][gc          ] GC(11) Pause Final Update Refs 0.089ms
[26.725s][info   ][gc          ] GC(11) Concurrent cleanup 1450M->1448M(6144M) 0.118ms
[26.725s][info   ][gc,metaspace] Metaspace: 11156K(11456K)->11156K(11456K) NonClass: 9371K(9536K)->9371K(9536K) Class: 1785K(1920K)->1785K(1920K)
[26.727s][info   ][gc          ] Trigger: GC request (System.gc())
[26.728s][info   ][gc          ] GC(12) Concurrent reset 1.801ms
[26.728s][info   ][gc          ] GC(12) Pause Init Mark (unload classes) 0.053ms
[26.729s][info   ][gc          ] GC(12) Concurrent marking roots 0.089ms
[28.516s][info   ][gc          ] GC(12) Concurrent marking (unload classes) 1787.538ms
[28.517s][info   ][gc          ] GC(12) Pause Final Mark (unload classes) 0.240ms
[28.517s][info   ][gc          ] GC(12) Concurrent thread roots 0.065ms
[28.517s][info   ][gc          ] GC(12) Concurrent weak references 0.039ms
[28.517s][info   ][gc          ] GC(12) Concurrent weak roots 0.321ms
[28.517s][info   ][gc          ] GC(12) Concurrent cleanup 1448M->1448M(6144M) 0.099ms
[28.518s][info   ][gc          ] GC(12) Concurrent class unloading 0.601ms
[28.518s][info   ][gc          ] GC(12) Concurrent strong roots 0.053ms
[28.520s][info   ][gc          ] GC(12) Concurrent evacuation 2.049ms
[28.520s][info   ][gc          ] GC(12) Pause Init Update Refs 0.007ms
[28.520s][info   ][gc          ] GC(12) At start of update refs, moving 2048K to Mutator free partition from Collector Reserve
[29.684s][info   ][gc          ] GC(12) Concurrent update references 1163.734ms
[29.684s][info   ][gc          ] GC(12) Concurrent update thread roots 0.200ms
[29.688s][info   ][gc          ] GC(12) Pause Final Update Refs 0.097ms
[29.688s][info   ][gc          ] GC(12) Concurrent cleanup 1450M->1448M(6144M) 0.115ms
[29.689s][info   ][gc,metaspace] Metaspace: 11156K(11456K)->11156K(11456K) NonClass: 9371K(9536K)->9371K(9536K) Class: 1785K(1920K)->1785K(1920K)
[29.690s][info   ][gc          ] Trigger: GC request (System.gc())
[29.692s][info   ][gc          ] GC(13) Concurrent reset 2.317ms
[29.692s][info   ][gc          ] GC(13) Pause Init Mark (unload classes) 0.047ms
[29.692s][info   ][gc          ] GC(13) Concurrent marking roots 0.103ms
[31.710s][info   ][gc          ] GC(13) Concurrent marking (unload classes) 2017.477ms
[31.710s][info   ][gc          ] GC(13) Pause Final Mark (unload classes) 0.238ms
[31.710s][info   ][gc          ] GC(13) Concurrent thread roots 0.073ms
[31.710s][info   ][gc          ] GC(13) Concurrent weak references 0.038ms
[31.711s][info   ][gc          ] GC(13) Concurrent weak roots 0.331ms
[31.711s][info   ][gc          ] GC(13) Concurrent cleanup 1448M->1448M(6144M) 0.099ms
[31.711s][info   ][gc          ] GC(13) Concurrent class unloading 0.584ms
[31.711s][info   ][gc          ] GC(13) Concurrent strong roots 0.055ms
[31.713s][info   ][gc          ] GC(13) Concurrent evacuation 2.057ms
[31.714s][info   ][gc          ] GC(13) Pause Init Update Refs 0.006ms
[31.714s][info   ][gc          ] GC(13) At start of update refs, moving 2048K to Mutator free partition from Collector Reserve
[32.846s][info   ][gc          ] GC(13) Concurrent update references 1132.303ms
[32.846s][info   ][gc          ] GC(13) Concurrent update thread roots 0.296ms
[32.846s][info   ][gc          ] GC(13) Pause Final Update Refs 0.103ms
[32.847s][info   ][gc          ] GC(13) Concurrent cleanup 1450M->1448M(6144M) 0.108ms
[32.847s][info   ][gc,metaspace] Metaspace: 11156K(11456K)->11156K(11456K) NonClass: 9371K(9536K)->9371K(9536K) Class: 1785K(1920K)->1785K(1920K)
[32.848s][info   ][gc          ] Trigger: GC request (System.gc())
[32.850s][info   ][gc          ] GC(14) Concurrent reset 1.941ms
[32.850s][info   ][gc          ] GC(14) Pause Init Mark (unload classes) 0.049ms
[32.850s][info   ][gc          ] GC(14) Concurrent marking roots 0.089ms
[34.709s][info   ][gc          ] GC(14) Concurrent marking (unload classes) 1859.250ms
[34.710s][info   ][gc          ] GC(14) Pause Final Mark (unload classes) 0.250ms
[34.714s][info   ][gc          ] GC(14) Concurrent thread roots 0.087ms
[34.714s][info   ][gc          ] GC(14) Concurrent weak references 0.039ms
[34.714s][info   ][gc          ] GC(14) Concurrent weak roots 0.321ms
[34.714s][info   ][gc          ] GC(14) Concurrent cleanup 1448M->1448M(6144M) 0.104ms
[34.715s][info   ][gc          ] GC(14) Concurrent class unloading 0.783ms
[34.715s][info   ][gc          ] GC(14) Concurrent strong roots 0.050ms
[34.719s][info   ][gc          ] GC(14) Concurrent evacuation 3.589ms
[34.719s][info   ][gc          ] GC(14) Pause Init Update Refs 0.006ms
[34.719s][info   ][gc          ] GC(14) At start of update refs, moving 2048K to Mutator free partition from Collector Reserve
[35.632s][info   ][gc          ] GC(14) Concurrent update references 913.426ms
[35.633s][info   ][gc          ] GC(14) Concurrent update thread roots 0.178ms
[35.633s][info   ][gc          ] GC(14) Pause Final Update Refs 0.081ms
[35.633s][info   ][gc          ] GC(14) Concurrent cleanup 1450M->1448M(6144M) 0.100ms
[35.633s][info   ][gc,metaspace] Metaspace: 11156K(11456K)->11156K(11456K) NonClass: 9371K(9536K)->9371K(9536K) Class: 1785K(1920K)->1785K(1920K)
[35.634s][info   ][gc          ] Trigger: GC request (System.gc())
[35.636s][info   ][gc          ] GC(15) Concurrent reset 2.185ms
[35.636s][info   ][gc          ] GC(15) Pause Init Mark (unload classes) 0.050ms
[35.636s][info   ][gc          ] GC(15) Concurrent marking roots 0.075ms
[37.070s][info   ][gc          ] GC(15) Concurrent marking (unload classes) 1433.975ms
[37.071s][info   ][gc          ] GC(15) Pause Final Mark (unload classes) 0.246ms
[37.071s][info   ][gc          ] GC(15) Concurrent thread roots 0.088ms
[37.071s][info   ][gc          ] GC(15) Concurrent weak references 0.040ms
[37.071s][info   ][gc          ] GC(15) Concurrent weak roots 0.382ms
[37.072s][info   ][gc          ] GC(15) Concurrent cleanup 1448M->1448M(6144M) 0.120ms
[37.072s][info   ][gc          ] GC(15) Concurrent class unloading 0.479ms
[37.072s][info   ][gc          ] GC(15) Concurrent strong roots 0.092ms
[37.074s][info   ][gc          ] GC(15) Concurrent evacuation 2.045ms
[37.074s][info   ][gc          ] GC(15) Pause Init Update Refs 0.006ms
[37.074s][info   ][gc          ] GC(15) At start of update refs, moving 2048K to Mutator free partition from Collector Reserve
[38.496s][info   ][gc          ] GC(15) Concurrent update references 1421.262ms
[38.496s][info   ][gc          ] GC(15) Concurrent update thread roots 0.295ms
[38.496s][info   ][gc          ] GC(15) Pause Final Update Refs 0.100ms
[38.496s][info   ][gc          ] GC(15) Concurrent cleanup 1450M->1448M(6144M) 0.102ms
[38.496s][info   ][gc,metaspace] Metaspace: 11156K(11456K)->11156K(11456K) NonClass: 9371K(9536K)->9371K(9536K) Class: 1785K(1920K)->1785K(1920K)
[38.497s][info   ][gc          ] Trigger: GC request (System.gc())
[38.499s][info   ][gc          ] GC(16) Concurrent reset 1.984ms
[38.500s][info   ][gc          ] GC(16) Pause Init Mark (unload classes) 0.054ms
[38.500s][info   ][gc          ] GC(16) Concurrent marking roots 0.100ms
[39.891s][info   ][gc          ] GC(16) Concurrent marking (unload classes) 1391.109ms
[39.891s][info   ][gc          ] GC(16) Pause Final Mark (unload classes) 0.222ms
[39.895s][info   ][gc          ] GC(16) Concurrent thread roots 0.075ms
[39.896s][info   ][gc          ] GC(16) Concurrent weak references 0.046ms
[39.896s][info   ][gc          ] GC(16) Concurrent weak roots 0.327ms
[39.896s][info   ][gc          ] GC(16) Concurrent cleanup 1448M->1448M(6144M) 0.099ms
[39.897s][info   ][gc          ] GC(16) Concurrent class unloading 0.610ms
[39.897s][info   ][gc          ] GC(16) Concurrent strong roots 0.053ms
[39.899s][info   ][gc          ] GC(16) Concurrent evacuation 2.078ms
[39.899s][info   ][gc          ] GC(16) Pause Init Update Refs 0.006ms
[39.899s][info   ][gc          ] GC(16) At start of update refs, moving 2048K to Mutator free partition from Collector Reserve
[40.817s][info   ][gc          ] GC(16) Concurrent update references 918.045ms
[40.817s][info   ][gc          ] GC(16) Concurrent update thread roots 0.266ms
[40.817s][info   ][gc          ] GC(16) Pause Final Update Refs 0.102ms
[40.818s][info   ][gc          ] GC(16) Concurrent cleanup 1450M->1448M(6144M) 0.102ms
[40.818s][info   ][gc,metaspace] Metaspace: 11156K(11456K)->11156K(11456K) NonClass: 9371K(9536K)->9371K(9536K) Class: 1785K(1920K)->1785K(1920K)
[40.819s][info   ][gc          ] Trigger: GC request (System.gc())
[40.821s][info   ][gc          ] GC(17) Concurrent reset 1.849ms
[40.821s][info   ][gc          ] GC(17) Pause Init Mark (unload classes) 0.048ms
[40.821s][info   ][gc          ] GC(17) Concurrent marking roots 0.096ms
[42.248s][info   ][gc          ] GC(17) Concurrent marking (unload classes) 1427.050ms
[42.248s][info   ][gc          ] GC(17) Pause Final Mark (unload classes) 0.234ms
[42.248s][info   ][gc          ] GC(17) Concurrent thread roots 0.090ms
[42.248s][info   ][gc          ] GC(17) Concurrent weak references 0.042ms
[42.249s][info   ][gc          ] GC(17) Concurrent weak roots 0.388ms
[42.249s][info   ][gc          ] GC(17) Concurrent cleanup 1448M->1448M(6144M) 0.099ms
[42.249s][info   ][gc          ] GC(17) Concurrent class unloading 0.534ms
[42.250s][info   ][gc          ] GC(17) Concurrent strong roots 0.085ms
[42.252s][info   ][gc          ] GC(17) Concurrent evacuation 2.058ms
[42.252s][info   ][gc          ] GC(17) Pause Init Update Refs 0.006ms
[42.252s][info   ][gc          ] GC(17) At start of update refs, moving 2048K to Mutator free partition from Collector Reserve
[43.732s][info   ][gc          ] GC(17) Concurrent update references 1480.039ms
[43.732s][info   ][gc          ] GC(17) Concurrent update thread roots 0.283ms
[43.732s][info   ][gc          ] GC(17) Pause Final Update Refs 0.099ms
[43.732s][info   ][gc          ] GC(17) Concurrent cleanup 1450M->1448M(6144M) 0.102ms
[43.733s][info   ][gc,metaspace] Metaspace: 11156K(11456K)->11156K(11456K) NonClass: 9371K(9536K)->9371K(9536K) Class: 1785K(1920K)->1785K(1920K)
[43.734s][info   ][gc          ] Trigger: GC request (System.gc())
[43.736s][info   ][gc          ] GC(18) Concurrent reset 2.002ms
[43.736s][info   ][gc          ] GC(18) Pause Init Mark (unload classes) 0.049ms
[43.736s][info   ][gc          ] GC(18) Concurrent marking roots 0.114ms
[44.857s][info   ][gc          ] GC(18) Concurrent marking (unload classes) 1121.516ms
[44.858s][info   ][gc          ] GC(18) Pause Final Mark (unload classes) 0.226ms
[44.858s][info   ][gc          ] GC(18) Concurrent thread roots 0.076ms
[44.858s][info   ][gc          ] GC(18) Concurrent weak references 0.040ms
[44.858s][info   ][gc          ] GC(18) Concurrent weak roots 0.338ms
[44.858s][info   ][gc          ] GC(18) Concurrent cleanup 1448M->1448M(6144M) 0.099ms
[44.859s][info   ][gc          ] GC(18) Concurrent class unloading 0.584ms
[44.859s][info   ][gc          ] GC(18) Concurrent strong roots 0.051ms
[44.861s][info   ][gc          ] GC(18) Concurrent evacuation 2.044ms
[44.861s][info   ][gc          ] GC(18) Pause Init Update Refs 0.006ms
[44.861s][info   ][gc          ] GC(18) At start of update refs, moving 2048K to Mutator free partition from Collector Reserve
[45.998s][info   ][gc          ] GC(18) Concurrent update references 1137.223ms
[45.999s][info   ][gc          ] GC(18) Concurrent update thread roots 0.261ms
[45.999s][info   ][gc          ] GC(18) Pause Final Update Refs 0.100ms
[45.999s][info   ][gc          ] GC(18) Concurrent cleanup 1450M->1448M(6144M) 0.102ms
[45.999s][info   ][gc,metaspace] Metaspace: 11156K(11456K)->11156K(11456K) NonClass: 9371K(9536K)->9371K(9536K) Class: 1785K(1920K)->1785K(1920K)
[46.000s][info   ][gc          ] Trigger: GC request (System.gc())
[46.002s][info   ][gc          ] GC(19) Concurrent reset 2.044ms
[46.002s][info   ][gc          ] GC(19) Pause Init Mark (unload classes) 0.051ms
[46.002s][info   ][gc          ] GC(19) Concurrent marking roots 0.097ms
[47.833s][info   ][gc          ] GC(19) Concurrent marking (unload classes) 1830.885ms
[47.834s][info   ][gc          ] GC(19) Pause Final Mark (unload classes) 0.244ms
[47.834s][info   ][gc          ] GC(19) Concurrent thread roots 0.058ms
[47.834s][info   ][gc          ] GC(19) Concurrent weak references 0.072ms
[47.834s][info   ][gc          ] GC(19) Concurrent weak roots 0.313ms
[47.834s][info   ][gc          ] GC(19) Concurrent cleanup 1448M->1448M(6144M) 0.099ms
[47.835s][info   ][gc          ] GC(19) Concurrent class unloading 0.663ms
[47.835s][info   ][gc          ] GC(19) Concurrent strong roots 0.058ms
[47.839s][info   ][gc          ] GC(19) Concurrent evacuation 3.704ms
[47.839s][info   ][gc          ] GC(19) Pause Init Update Refs 0.006ms
[47.839s][info   ][gc          ] GC(19) At start of update refs, moving 2048K to Mutator free partition from Collector Reserve
[48.757s][info   ][gc          ] GC(19) Concurrent update references 918.009ms
[48.757s][info   ][gc          ] GC(19) Concurrent update thread roots 0.286ms
[48.758s][info   ][gc          ] GC(19) Pause Final Update Refs 0.092ms
[48.758s][info   ][gc          ] GC(19) Concurrent cleanup 1450M->1448M(6144M) 0.102ms
[48.758s][info   ][gc,metaspace] Metaspace: 11156K(11456K)->11156K(11456K) NonClass: 9371K(9536K)->9371K(9536K) Class: 1785K(1920K)->1785K(1920K)
[48.759s][info   ][gc          ] Trigger: GC request (System.gc())
[48.761s][info   ][gc          ] GC(20) Concurrent reset 1.805ms
[48.761s][info   ][gc          ] GC(20) Pause Init Mark (unload classes) 0.054ms
[48.761s][info   ][gc          ] GC(20) Concurrent marking roots 0.108ms
[50.197s][info   ][gc          ] GC(20) Concurrent marking (unload classes) 1436.336ms
[50.198s][info   ][gc          ] GC(20) Pause Final Mark (unload classes) 0.247ms
[50.198s][info   ][gc          ] GC(20) Concurrent thread roots 0.093ms
[50.198s][info   ][gc          ] GC(20) Concurrent weak references 0.041ms
[50.198s][info   ][gc          ] GC(20) Concurrent weak roots 0.371ms
[50.198s][info   ][gc          ] GC(20) Concurrent cleanup 1448M->1448M(6144M) 0.099ms
[50.199s][info   ][gc          ] GC(20) Concurrent class unloading 0.500ms
[50.199s][info   ][gc          ] GC(20) Concurrent strong roots 0.085ms
[50.201s][info   ][gc          ] GC(20) Concurrent evacuation 2.120ms
[50.201s][info   ][gc          ] GC(20) Pause Init Update Refs 0.006ms
[50.201s][info   ][gc          ] GC(20) At start of update refs, moving 2048K to Mutator free partition from Collector Reserve
[51.716s][info   ][gc          ] GC(20) Concurrent update references 1514.794ms
[51.716s][info   ][gc          ] GC(20) Concurrent update thread roots 0.378ms
[51.721s][info   ][gc          ] GC(20) Pause Final Update Refs 0.093ms
[51.721s][info   ][gc          ] GC(20) Concurrent cleanup 1450M->1448M(6144M) 0.107ms
[51.721s][info   ][gc,metaspace] Metaspace: 11156K(11456K)->11156K(11456K) NonClass: 9371K(9536K)->9371K(9536K) Class: 1785K(1920K)->1785K(1920K)
[51.722s][info   ][gc          ] Trigger: GC request (System.gc())
[51.724s][info   ][gc          ] GC(21) Concurrent reset 1.961ms
[51.724s][info   ][gc          ] GC(21) Pause Init Mark (unload classes) 0.040ms
[51.724s][info   ][gc          ] GC(21) Concurrent marking roots 0.075ms
[53.726s][info   ][gc          ] GC(21) Concurrent marking (unload classes) 2001.930ms
[53.727s][info   ][gc          ] GC(21) Pause Final Mark (unload classes) 0.244ms
[53.727s][info   ][gc          ] GC(21) Concurrent thread roots 0.067ms
[53.727s][info   ][gc          ] GC(21) Concurrent weak references 0.041ms
[53.727s][info   ][gc          ] GC(21) Concurrent weak roots 0.319ms
[53.727s][info   ][gc          ] GC(21) Concurrent cleanup 1448M->1448M(6144M) 0.099ms
[53.728s][info   ][gc          ] GC(21) Concurrent class unloading 0.702ms
[53.728s][info   ][gc          ] GC(21) Concurrent strong roots 0.054ms
[53.730s][info   ][gc          ] GC(21) Concurrent evacuation 2.039ms
[53.730s][info   ][gc          ] GC(21) Pause Init Update Refs 0.006ms
[53.730s][info   ][gc          ] GC(21) At start of update refs, moving 2048K to Mutator free partition from Collector Reserve
[54.876s][info   ][gc          ] GC(21) Concurrent update references 1145.665ms
[54.876s][info   ][gc          ] GC(21) Concurrent update thread roots 0.256ms
[54.876s][info   ][gc          ] GC(21) Pause Final Update Refs 0.090ms
[54.876s][info   ][gc          ] GC(21) Concurrent cleanup 1450M->1448M(6144M) 0.108ms
[54.876s][info   ][gc,metaspace] Metaspace: 11156K(11456K)->11156K(11456K) NonClass: 9371K(9536K)->9371K(9536K) Class: 1785K(1920K)->1785K(1920K)
[54.877s][info   ][gc          ] Trigger: GC request (System.gc())
[54.880s][info   ][gc          ] GC(22) Concurrent reset 2.231ms
[54.880s][info   ][gc          ] GC(22) Pause Init Mark (unload classes) 0.058ms
[54.880s][info   ][gc          ] GC(22) Concurrent marking roots 0.087ms
[56.692s][info   ][gc          ] GC(22) Concurrent marking (unload classes) 1811.663ms
[56.692s][info   ][gc          ] GC(22) Pause Final Mark (unload classes) 0.198ms
[56.692s][info   ][gc          ] GC(22) Concurrent thread roots 0.057ms
[56.692s][info   ][gc          ] GC(22) Concurrent weak references 0.042ms
[56.692s][info   ][gc          ] GC(22) Concurrent weak roots 0.308ms
[56.693s][info   ][gc          ] GC(22) Concurrent cleanup 1448M->1448M(6144M) 0.105ms
[56.693s][info   ][gc          ] GC(22) Concurrent class unloading 0.561ms
[56.693s][info   ][gc          ] GC(22) Concurrent strong roots 0.056ms
[56.695s][info   ][gc          ] GC(22) Concurrent evacuation 2.017ms
[56.695s][info   ][gc          ] GC(22) Pause Init Update Refs 0.006ms
[56.696s][info   ][gc          ] GC(22) At start of update refs, moving 2048K to Mutator free partition from Collector Reserve
[58.235s][info   ][gc          ] GC(22) Concurrent update references 1540.082ms
[58.236s][info   ][gc          ] GC(22) Concurrent update thread roots 0.288ms
[58.236s][info   ][gc          ] GC(22) Pause Final Update Refs 0.106ms
[58.236s][info   ][gc          ] GC(22) Concurrent cleanup 1450M->1448M(6144M) 0.101ms
[58.236s][info   ][gc,metaspace] Metaspace: 11156K(11456K)->11156K(11456K) NonClass: 9371K(9536K)->9371K(9536K) Class: 1785K(1920K)->1785K(1920K)
[58.237s][info   ][gc          ] Trigger: GC request (System.gc())
[58.239s][info   ][gc          ] GC(23) Concurrent reset 2.311ms
[58.240s][info   ][gc          ] GC(23) Pause Init Mark (unload classes) 0.056ms
[58.240s][info   ][gc          ] GC(23) Concurrent marking roots 0.087ms
[59.691s][info   ][gc          ] GC(23) Concurrent marking (unload classes) 1451.066ms
[59.691s][info   ][gc          ] GC(23) Pause Final Mark (unload classes) 0.240ms
[59.691s][info   ][gc          ] GC(23) Concurrent thread roots 0.079ms
[59.691s][info   ][gc          ] GC(23) Concurrent weak references 0.040ms
[59.692s][info   ][gc          ] GC(23) Concurrent weak roots 0.373ms
[59.692s][info   ][gc          ] GC(23) Concurrent cleanup 1448M->1448M(6144M) 0.098ms
[59.692s][info   ][gc          ] GC(23) Concurrent class unloading 0.536ms
[59.692s][info   ][gc          ] GC(23) Concurrent strong roots 0.064ms
[59.694s][info   ][gc          ] GC(23) Concurrent evacuation 2.039ms
[59.695s][info   ][gc          ] GC(23) Pause Init Update Refs 0.006ms
[59.695s][info   ][gc          ] GC(23) At start of update refs, moving 2048K to Mutator free partition from Collector Reserve
[61.032s][info   ][gc          ] GC(23) Concurrent update references 1337.211ms
[61.032s][info   ][gc          ] GC(23) Concurrent update thread roots 0.221ms
[61.032s][info   ][gc          ] GC(23) Pause Final Update Refs 0.094ms
[61.032s][info   ][gc          ] GC(23) Concurrent cleanup 1452M->1450M(6144M) 0.101ms
[61.033s][info   ][gc,metaspace] Metaspace: 11156K(11456K)->11156K(11456K) NonClass: 9371K(9536K)->9371K(9536K) Class: 1785K(1920K)->1785K(1920K)
[61.034s][info   ][gc          ] Trigger: GC request (System.gc())
[61.036s][info   ][gc          ] GC(24) Concurrent reset 1.962ms
[61.036s][info   ][gc          ] GC(24) Pause Init Mark (unload classes) 0.052ms
[61.036s][info   ][gc          ] GC(24) Concurrent marking roots 0.103ms
[62.468s][info   ][gc          ] GC(24) Concurrent marking (unload classes) 1432.604ms
[62.469s][info   ][gc          ] GC(24) Pause Final Mark (unload classes) 0.230ms
[62.469s][info   ][gc          ] GC(24) Concurrent thread roots 0.069ms
[62.469s][info   ][gc          ] GC(24) Concurrent weak references 0.050ms
[62.469s][info   ][gc          ] GC(24) Concurrent weak roots 0.327ms
[62.469s][info   ][gc          ] GC(24) Concurrent cleanup 1450M->1450M(6144M) 0.098ms
[62.470s][info   ][gc          ] GC(24) Concurrent class unloading 0.553ms
[62.470s][info   ][gc          ] GC(24) Concurrent strong roots 0.057ms
[62.472s][info   ][gc          ] GC(24) Concurrent evacuation 2.059ms
[62.472s][info   ][gc          ] GC(24) Pause Init Update Refs 0.007ms
[62.472s][info   ][gc          ] GC(24) At start of update refs, moving 4096K to Mutator free partition from Collector Reserve
[63.651s][info   ][gc          ] GC(24) Concurrent update references 1178.608ms
[63.651s][info   ][gc          ] GC(24) Concurrent update thread roots 0.322ms
[63.655s][info   ][gc          ] GC(24) Pause Final Update Refs 0.104ms
[63.656s][info   ][gc          ] GC(24) Concurrent cleanup 1452M->1448M(6144M) 0.101ms
[63.656s][info   ][gc,metaspace] Metaspace: 11156K(11456K)->11156K(11456K) NonClass: 9371K(9536K)->9371K(9536K) Class: 1785K(1920K)->1785K(1920K)
[63.657s][info   ][gc          ] Trigger: GC request (System.gc())
[63.659s][info   ][gc          ] GC(25) Concurrent reset 2.380ms
[63.659s][info   ][gc          ] GC(25) Pause Init Mark (unload classes) 0.056ms
[63.659s][info   ][gc          ] GC(25) Concurrent marking roots 0.098ms
[65.280s][info   ][gc          ] GC(25) Concurrent marking (unload classes) 1620.330ms
[65.280s][info   ][gc          ] GC(25) Pause Final Mark (unload classes) 0.245ms
[65.280s][info   ][gc          ] GC(25) Concurrent thread roots 0.081ms
[65.280s][info   ][gc          ] GC(25) Concurrent weak references 0.040ms
[65.281s][info   ][gc          ] GC(25) Concurrent weak roots 0.327ms
[65.281s][info   ][gc          ] GC(25) Concurrent cleanup 1448M->1448M(6144M) 0.098ms
[65.281s][info   ][gc          ] GC(25) Concurrent class unloading 0.530ms
[65.281s][info   ][gc          ] GC(25) Concurrent strong roots 0.056ms
[65.284s][info   ][gc          ] GC(25) Concurrent evacuation 2.206ms
[65.284s][info   ][gc          ] GC(25) Pause Init Update Refs 0.007ms
[65.284s][info   ][gc          ] GC(25) At start of update refs, moving 2048K to Mutator free partition from Collector Reserve
[66.433s][info   ][gc          ] GC(25) Concurrent update references 1149.246ms
[66.433s][info   ][gc          ] GC(25) Concurrent update thread roots 0.246ms
[66.433s][info   ][gc          ] GC(25) Pause Final Update Refs 0.093ms
[66.433s][info   ][gc          ] GC(25) Concurrent cleanup 1450M->1448M(6144M) 0.101ms
[66.434s][info   ][gc,metaspace] Metaspace: 11156K(11456K)->11156K(11456K) NonClass: 9371K(9536K)->9371K(9536K) Class: 1785K(1920K)->1785K(1920K)
[66.435s][info   ][gc          ] Trigger: GC request (System.gc())
[66.436s][info   ][gc          ] GC(26) Concurrent reset 1.796ms
[66.437s][info   ][gc          ] GC(26) Pause Init Mark (unload classes) 0.049ms
[66.437s][info   ][gc          ] GC(26) Concurrent marking roots 0.097ms
[67.845s][info   ][gc          ] GC(26) Concurrent marking (unload classes) 1408.381ms
[67.845s][info   ][gc          ] GC(26) Pause Final Mark (unload classes) 0.244ms
[67.846s][info   ][gc          ] GC(26) Concurrent thread roots 0.074ms
[67.846s][info   ][gc          ] GC(26) Concurrent weak references 0.044ms
[67.846s][info   ][gc          ] GC(26) Concurrent weak roots 0.334ms
[67.846s][info   ][gc          ] GC(26) Concurrent cleanup 1448M->1448M(6144M) 0.115ms
[67.847s][info   ][gc          ] GC(26) Concurrent class unloading 0.484ms
[67.847s][info   ][gc          ] GC(26) Concurrent strong roots 0.060ms
[67.849s][info   ][gc          ] GC(26) Concurrent evacuation 2.062ms
[67.849s][info   ][gc          ] GC(26) Pause Init Update Refs 0.006ms
[67.849s][info   ][gc          ] GC(26) At start of update refs, moving 2048K to Mutator free partition from Collector Reserve
[68.993s][info   ][gc          ] GC(26) Concurrent update references 1143.668ms
[68.993s][info   ][gc          ] GC(26) Concurrent update thread roots 0.341ms
[68.997s][info   ][gc          ] GC(26) Pause Final Update Refs 0.090ms
[68.998s][info   ][gc          ] GC(26) Concurrent cleanup 1450M->1448M(6144M) 0.101ms
[68.998s][info   ][gc,metaspace] Metaspace: 11156K(11456K)->11156K(11456K) NonClass: 9371K(9536K)->9371K(9536K) Class: 1785K(1920K)->1785K(1920K)
[68.999s][info   ][gc          ] Trigger: GC request (System.gc())
[69.001s][info   ][gc          ] GC(27) Concurrent reset 2.142ms
[69.001s][info   ][gc          ] GC(27) Pause Init Mark (unload classes) 0.050ms
[69.001s][info   ][gc          ] GC(27) Concurrent marking roots 0.095ms
[70.609s][info   ][gc          ] GC(27) Concurrent marking (unload classes) 1607.654ms
[70.609s][info   ][gc          ] GC(27) Pause Final Mark (unload classes) 0.238ms
[70.609s][info   ][gc          ] GC(27) Concurrent thread roots 0.073ms
[70.609s][info   ][gc          ] GC(27) Concurrent weak references 0.038ms
[70.610s][info   ][gc          ] GC(27) Concurrent weak roots 0.328ms
[70.610s][info   ][gc          ] GC(27) Concurrent cleanup 1448M->1448M(6144M) 0.098ms
[70.610s][info   ][gc          ] GC(27) Concurrent class unloading 0.544ms
[70.610s][info   ][gc          ] GC(27) Concurrent strong roots 0.060ms
[70.612s][info   ][gc          ] GC(27) Concurrent evacuation 2.062ms
[70.612s][info   ][gc          ] GC(27) Pause Init Update Refs 0.006ms
[70.612s][info   ][gc          ] GC(27) At start of update refs, moving 2048K to Mutator free partition from Collector Reserve
[71.722s][info   ][gc          ] GC(27) Concurrent update references 1109.990ms
[71.723s][info   ][gc          ] GC(27) Concurrent update thread roots 0.288ms
[71.723s][info   ][gc          ] GC(27) Pause Final Update Refs 0.093ms
[71.723s][info   ][gc          ] GC(27) Concurrent cleanup 1450M->1448M(6144M) 0.101ms
[71.723s][info   ][gc,metaspace] Metaspace: 11156K(11456K)->11156K(11456K) NonClass: 9371K(9536K)->9371K(9536K) Class: 1785K(1920K)->1785K(1920K)
[71.724s][info   ][gc          ] Trigger: GC request (System.gc())
[71.726s][info   ][gc          ] GC(28) Concurrent reset 2.052ms
[71.726s][info   ][gc          ] GC(28) Pause Init Mark (unload classes) 0.051ms
[71.726s][info   ][gc          ] GC(28) Concurrent marking roots 0.078ms
[73.656s][info   ][gc          ] GC(28) Concurrent marking (unload classes) 1929.091ms
[73.656s][info   ][gc          ] GC(28) Pause Final Mark (unload classes) 0.234ms
[73.656s][info   ][gc          ] GC(28) Concurrent thread roots 0.074ms
[73.656s][info   ][gc          ] GC(28) Concurrent weak references 0.039ms
[73.656s][info   ][gc          ] GC(28) Concurrent weak roots 0.326ms
[73.657s][info   ][gc          ] GC(28) Concurrent cleanup 1448M->1448M(6144M) 0.098ms
[73.657s][info   ][gc          ] GC(28) Concurrent class unloading 0.528ms
[73.657s][info   ][gc          ] GC(28) Concurrent strong roots 0.054ms
[73.659s][info   ][gc          ] GC(28) Concurrent evacuation 2.042ms
[73.659s][info   ][gc          ] GC(28) Pause Init Update Refs 0.006ms
[73.659s][info   ][gc          ] GC(28) At start of update refs, moving 2048K to Mutator free partition from Collector Reserve
[74.798s][info   ][gc          ] GC(28) Concurrent update references 1138.834ms
[74.799s][info   ][gc          ] GC(28) Concurrent update thread roots 0.304ms
[74.799s][info   ][gc          ] GC(28) Pause Final Update Refs 0.105ms
[74.799s][info   ][gc          ] GC(28) Concurrent cleanup 1450M->1448M(6144M) 0.101ms
[74.799s][info   ][gc,metaspace] Metaspace: 11156K(11456K)->11156K(11456K) NonClass: 9371K(9536K)->9371K(9536K) Class: 1785K(1920K)->1785K(1920K)
[74.800s][info   ][gc          ] Trigger: GC request (System.gc())
[74.802s][info   ][gc          ] GC(29) Concurrent reset 1.902ms
[74.802s][info   ][gc          ] GC(29) Pause Init Mark (unload classes) 0.052ms
[74.802s][info   ][gc          ] GC(29) Concurrent marking roots 0.095ms
[76.257s][info   ][gc          ] GC(29) Concurrent marking (unload classes) 1454.728ms
[76.257s][info   ][gc          ] GC(29) Pause Final Mark (unload classes) 0.224ms
[76.257s][info   ][gc          ] GC(29) Concurrent thread roots 0.071ms
[76.257s][info   ][gc          ] GC(29) Concurrent weak references 0.041ms
[76.258s][info   ][gc          ] GC(29) Concurrent weak roots 0.324ms
[76.258s][info   ][gc          ] GC(29) Concurrent cleanup 1448M->1448M(6144M) 0.098ms
[76.258s][info   ][gc          ] GC(29) Concurrent class unloading 0.591ms
[76.259s][info   ][gc          ] GC(29) Concurrent strong roots 0.056ms
[76.261s][info   ][gc          ] GC(29) Concurrent evacuation 2.055ms
[76.261s][info   ][gc          ] GC(29) Pause Init Update Refs 0.006ms
[76.261s][info   ][gc          ] GC(29) At start of update refs, moving 2048K to Mutator free partition from Collector Reserve
[77.405s][info   ][gc          ] GC(29) Concurrent update references 1144.436ms
[77.405s][info   ][gc          ] GC(29) Concurrent update thread roots 0.178ms
[77.406s][info   ][gc          ] GC(29) Pause Final Update Refs 0.083ms
[77.406s][info   ][gc          ] GC(29) Concurrent cleanup 1450M->1448M(6144M) 0.105ms
[77.406s][info   ][gc,metaspace] Metaspace: 11156K(11456K)->11156K(11456K) NonClass: 9371K(9536K)->9371K(9536K) Class: 1785K(1920K)->1785K(1920K)
[77.407s][info   ][gc          ] Trigger: GC request (System.gc())
[77.409s][info   ][gc          ] GC(30) Concurrent reset 2.130ms
[77.409s][info   ][gc          ] GC(30) Pause Init Mark (unload classes) 0.055ms
[77.409s][info   ][gc          ] GC(30) Concurrent marking roots 0.090ms
[78.830s][info   ][gc          ] GC(30) Concurrent marking (unload classes) 1421.304ms
[78.831s][info   ][gc          ] GC(30) Pause Final Mark (unload classes) 0.224ms
[78.831s][info   ][gc          ] GC(30) Concurrent thread roots 0.071ms
[78.831s][info   ][gc          ] GC(30) Concurrent weak references 0.038ms
[78.831s][info   ][gc          ] GC(30) Concurrent weak roots 0.300ms
[78.831s][info   ][gc          ] GC(30) Concurrent cleanup 1448M->1448M(6144M) 0.098ms
[78.832s][info   ][gc          ] GC(30) Concurrent class unloading 0.598ms
[78.832s][info   ][gc          ] GC(30) Concurrent strong roots 0.055ms
[78.834s][info   ][gc          ] GC(30) Concurrent evacuation 2.007ms
[78.834s][info   ][gc          ] GC(30) Pause Init Update Refs 0.006ms
[78.834s][info   ][gc          ] GC(30) At start of update refs, moving 2048K to Mutator free partition from Collector Reserve
[79.969s][info   ][gc          ] GC(30) Concurrent update references 1134.916ms
[79.969s][info   ][gc          ] GC(30) Concurrent update thread roots 0.242ms
[79.974s][info   ][gc          ] GC(30) Pause Final Update Refs 0.094ms
[79.974s][info   ][gc          ] GC(30) Concurrent cleanup 1450M->1448M(6144M) 0.101ms
[79.974s][info   ][gc,metaspace] Metaspace: 11156K(11456K)->11156K(11456K) NonClass: 9371K(9536K)->9371K(9536K) Class: 1785K(1920K)->1785K(1920K)
[79.975s][info   ][gc          ] Trigger: GC request (System.gc())
[79.977s][info   ][gc          ] GC(31) Concurrent reset 1.835ms
[79.977s][info   ][gc          ] GC(31) Pause Init Mark (unload classes) 0.049ms
[79.977s][info   ][gc          ] GC(31) Concurrent marking roots 0.095ms
[81.630s][info   ][gc          ] GC(31) Concurrent marking (unload classes) 1652.736ms
[81.630s][info   ][gc          ] GC(31) Pause Final Mark (unload classes) 0.242ms
[81.630s][info   ][gc          ] GC(31) Concurrent thread roots 0.072ms
[81.630s][info   ][gc          ] GC(31) Concurrent weak references 0.045ms
[81.631s][info   ][gc          ] GC(31) Concurrent weak roots 0.322ms
[81.631s][info   ][gc          ] GC(31) Concurrent cleanup 1448M->1448M(6144M) 0.098ms
[81.632s][info   ][gc          ] GC(31) Concurrent class unloading 0.672ms
[81.632s][info   ][gc          ] GC(31) Concurrent strong roots 0.059ms
[81.635s][info   ][gc          ] GC(31) Concurrent evacuation 2.933ms
[81.635s][info   ][gc          ] GC(31) Pause Init Update Refs 0.006ms
[81.635s][info   ][gc          ] GC(31) At start of update refs, moving 2048K to Mutator free partition from Collector Reserve
[82.780s][info   ][gc          ] GC(31) Concurrent update references 1145.545ms
[82.781s][info   ][gc          ] GC(31) Concurrent update thread roots 0.282ms
[82.781s][info   ][gc          ] GC(31) Pause Final Update Refs 0.090ms
[82.781s][info   ][gc          ] GC(31) Concurrent cleanup 1450M->1448M(6144M) 0.101ms
[82.781s][info   ][gc,metaspace] Metaspace: 11156K(11456K)->11156K(11456K) NonClass: 9371K(9536K)->9371K(9536K) Class: 1785K(1920K)->1785K(1920K)
[82.782s][info   ][gc          ] Trigger: GC request (System.gc())
[82.784s][info   ][gc          ] GC(32) Concurrent reset 2.129ms
[82.784s][info   ][gc          ] GC(32) Pause Init Mark (unload classes) 0.052ms
[82.784s][info   ][gc          ] GC(32) Concurrent marking roots 0.108ms
[84.022s][info   ][gc          ] GC(32) Concurrent marking (unload classes) 1237.958ms
[84.023s][info   ][gc          ] GC(32) Pause Final Mark (unload classes) 0.226ms
[84.023s][info   ][gc          ] GC(32) Concurrent thread roots 0.080ms
[84.023s][info   ][gc          ] GC(32) Concurrent weak references 0.039ms
[84.023s][info   ][gc          ] GC(32) Concurrent weak roots 0.317ms
[84.023s][info   ][gc          ] GC(32) Concurrent cleanup 1448M->1448M(6144M) 0.098ms
[84.024s][info   ][gc          ] GC(32) Concurrent class unloading 0.566ms
[84.024s][info   ][gc          ] GC(32) Concurrent strong roots 0.058ms
[84.026s][info   ][gc          ] GC(32) Concurrent evacuation 2.036ms
[84.026s][info   ][gc          ] GC(32) Pause Init Update Refs 0.006ms
[84.026s][info   ][gc          ] GC(32) At start of update refs, moving 2048K to Mutator free partition from Collector Reserve
[85.177s][info   ][gc          ] GC(32) Concurrent update references 1150.974ms
[85.177s][info   ][gc          ] GC(32) Concurrent update thread roots 0.260ms
[85.182s][info   ][gc          ] GC(32) Pause Final Update Refs 0.084ms
[85.182s][info   ][gc          ] GC(32) Concurrent cleanup 1450M->1448M(6144M) 0.101ms
[85.182s][info   ][gc,metaspace] Metaspace: 11156K(11456K)->11156K(11456K) NonClass: 9371K(9536K)->9371K(9536K) Class: 1785K(1920K)->1785K(1920K)
[85.183s][info   ][gc          ] Trigger: GC request (System.gc())
[85.185s][info   ][gc          ] GC(33) Concurrent reset 2.123ms
[85.185s][info   ][gc          ] GC(33) Pause Init Mark (unload classes) 0.053ms
[85.185s][info   ][gc          ] GC(33) Concurrent marking roots 0.073ms
[86.716s][info   ][gc          ] GC(33) Concurrent marking (unload classes) 1530.436ms
[86.716s][info   ][gc          ] GC(33) Pause Final Mark (unload classes) 0.224ms
[86.716s][info   ][gc          ] GC(33) Concurrent thread roots 0.074ms
[86.716s][info   ][gc          ] GC(33) Concurrent weak references 0.040ms
[86.717s][info   ][gc          ] GC(33) Concurrent weak roots 0.285ms
[86.717s][info   ][gc          ] GC(33) Concurrent cleanup 1448M->1448M(6144M) 0.098ms
[86.717s][info   ][gc          ] GC(33) Concurrent class unloading 0.528ms
[86.717s][info   ][gc          ] GC(33) Concurrent strong roots 0.060ms
[86.719s][info   ][gc          ] GC(33) Concurrent evacuation 2.038ms
[86.719s][info   ][gc          ] GC(33) Pause Init Update Refs 0.006ms
[86.720s][info   ][gc          ] GC(33) At start of update refs, moving 2048K to Mutator free partition from Collector Reserve
[87.858s][info   ][gc          ] GC(33) Concurrent update references 1138.160ms
[87.858s][info   ][gc          ] GC(33) Concurrent update thread roots 0.237ms
[87.858s][info   ][gc          ] GC(33) Pause Final Update Refs 0.103ms
[87.858s][info   ][gc          ] GC(33) Concurrent cleanup 1450M->1448M(6144M) 0.100ms
[87.858s][info   ][gc,metaspace] Metaspace: 11156K(11456K)->11156K(11456K) NonClass: 9371K(9536K)->9371K(9536K) Class: 1785K(1920K)->1785K(1920K)
[87.859s][info   ][gc          ] Trigger: GC request (System.gc())
[87.861s][info   ][gc          ] GC(34) Concurrent reset 1.781ms
[87.861s][info   ][gc          ] GC(34) Pause Init Mark (unload classes) 0.053ms
[87.862s][info   ][gc          ] GC(34) Concurrent marking roots 0.110ms
[89.007s][info   ][gc          ] GC(34) Concurrent marking (unload classes) 1145.570ms
[89.008s][info   ][gc          ] GC(34) Pause Final Mark (unload classes) 0.270ms
[89.008s][info   ][gc          ] GC(34) Concurrent thread roots 0.079ms
[89.008s][info   ][gc          ] GC(34) Concurrent weak references 0.041ms
[89.008s][info   ][gc          ] GC(34) Concurrent weak roots 0.313ms
[89.008s][info   ][gc          ] GC(34) Concurrent cleanup 1448M->1448M(6144M) 0.098ms
[89.009s][info   ][gc          ] GC(34) Concurrent class unloading 0.593ms
[89.009s][info   ][gc          ] GC(34) Concurrent strong roots 0.056ms
[89.011s][info   ][gc          ] GC(34) Concurrent evacuation 2.015ms
[89.011s][info   ][gc          ] GC(34) Pause Init Update Refs 0.005ms
[89.011s][info   ][gc          ] GC(34) At start of update refs, moving 2048K to Mutator free partition from Collector Reserve
[90.156s][info   ][gc          ] GC(34) Concurrent update references 1145.383ms
[90.157s][info   ][gc          ] GC(34) Concurrent update thread roots 0.314ms
[90.157s][info   ][gc          ] GC(34) Pause Final Update Refs 0.084ms
[90.157s][info   ][gc          ] GC(34) Concurrent cleanup 1450M->1448M(6144M) 0.100ms
[90.157s][info   ][gc,metaspace] Metaspace: 11156K(11456K)->11156K(11456K) NonClass: 9371K(9536K)->9371K(9536K) Class: 1785K(1920K)->1785K(1920K)
[90.158s][info   ][gc          ] Trigger: GC request (System.gc())
[90.160s][info   ][gc          ] GC(35) Concurrent reset 2.184ms
[90.161s][info   ][gc          ] GC(35) Pause Init Mark (unload classes) 0.050ms
[90.161s][info   ][gc          ] GC(35) Concurrent marking roots 0.094ms
[91.630s][info   ][gc          ] GC(35) Concurrent marking (unload classes) 1469.673ms
[91.631s][info   ][gc          ] GC(35) Pause Final Mark (unload classes) 0.231ms
[91.631s][info   ][gc          ] GC(35) Concurrent thread roots 0.077ms
[91.631s][info   ][gc          ] GC(35) Concurrent weak references 0.040ms
[91.631s][info   ][gc          ] GC(35) Concurrent weak roots 0.344ms
[91.631s][info   ][gc          ] GC(35) Concurrent cleanup 1448M->1448M(6144M) 0.098ms
[91.632s][info   ][gc          ] GC(35) Concurrent class unloading 0.615ms
[91.632s][info   ][gc          ] GC(35) Concurrent strong roots 0.064ms
[91.634s][info   ][gc          ] GC(35) Concurrent evacuation 2.032ms
[91.634s][info   ][gc          ] GC(35) Pause Init Update Refs 0.006ms
[91.634s][info   ][gc          ] GC(35) At start of update refs, moving 2048K to Mutator free partition from Collector Reserve
[92.974s][info   ][gc          ] GC(35) Concurrent update references 1340.046ms
[92.975s][info   ][gc          ] GC(35) Concurrent update thread roots 0.323ms
[92.975s][info   ][gc          ] GC(35) Pause Final Update Refs 0.085ms
[92.975s][info   ][gc          ] GC(35) Concurrent cleanup 1450M->1448M(6144M) 0.100ms
[92.975s][info   ][gc,metaspace] Metaspace: 11156K(11456K)->11156K(11456K) NonClass: 9371K(9536K)->9371K(9536K) Class: 1785K(1920K)->1785K(1920K)
[92.976s][info   ][gc          ] Trigger: GC request (System.gc())
[92.978s][info   ][gc          ] GC(36) Concurrent reset 1.940ms
[92.978s][info   ][gc          ] GC(36) Pause Init Mark (unload classes) 0.047ms
[92.978s][info   ][gc          ] GC(36) Concurrent marking roots 0.104ms
[94.423s][info   ][gc          ] GC(36) Concurrent marking (unload classes) 1444.358ms
[94.423s][info   ][gc          ] GC(36) Pause Final Mark (unload classes) 0.238ms
[94.423s][info   ][gc          ] GC(36) Concurrent thread roots 0.084ms
[94.423s][info   ][gc          ] GC(36) Concurrent weak references 0.039ms
[94.424s][info   ][gc          ] GC(36) Concurrent weak roots 0.390ms
[94.424s][info   ][gc          ] GC(36) Concurrent cleanup 1448M->1448M(6144M) 0.098ms
[94.424s][info   ][gc          ] GC(36) Concurrent class unloading 0.498ms
[94.424s][info   ][gc          ] GC(36) Concurrent strong roots 0.095ms
[94.426s][info   ][gc          ] GC(36) Concurrent evacuation 2.018ms
[94.426s][info   ][gc          ] GC(36) Pause Init Update Refs 0.006ms
[94.427s][info   ][gc          ] GC(36) At start of update refs, moving 2048K to Mutator free partition from Collector Reserve
[95.839s][info   ][gc          ] GC(36) Concurrent update references 1412.740ms
[95.840s][info   ][gc          ] GC(36) Concurrent update thread roots 0.306ms
[95.840s][info   ][gc          ] GC(36) Pause Final Update Refs 0.094ms
[95.840s][info   ][gc          ] GC(36) Concurrent cleanup 1450M->1448M(6144M) 0.100ms
[95.840s][info   ][gc,metaspace] Metaspace: 11156K(11456K)->11156K(11456K) NonClass: 9371K(9536K)->9371K(9536K) Class: 1785K(1920K)->1785K(1920K)
[95.841s][info   ][gc          ] Trigger: GC request (System.gc())
[95.843s][info   ][gc          ] GC(37) Concurrent reset 1.950ms
[95.843s][info   ][gc          ] GC(37) Pause Init Mark (unload classes) 0.048ms
[95.843s][info   ][gc          ] GC(37) Concurrent marking roots 0.083ms
[97.244s][info   ][gc          ] GC(37) Concurrent marking (unload classes) 1401.053ms
[97.245s][info   ][gc          ] GC(37) Pause Final Mark (unload classes) 0.236ms
[97.249s][info   ][gc          ] GC(37) Concurrent thread roots 0.077ms
[97.249s][info   ][gc          ] GC(37) Concurrent weak references 0.041ms
[97.249s][info   ][gc          ] GC(37) Concurrent weak roots 0.331ms
[97.249s][info   ][gc          ] GC(37) Concurrent cleanup 1448M->1448M(6144M) 0.098ms
[97.250s][info   ][gc          ] GC(37) Concurrent class unloading 0.525ms
[97.250s][info   ][gc          ] GC(37) Concurrent strong roots 0.059ms
[97.252s][info   ][gc          ] GC(37) Concurrent evacuation 2.083ms
[97.252s][info   ][gc          ] GC(37) Pause Init Update Refs 0.006ms
[97.252s][info   ][gc          ] GC(37) At start of update refs, moving 2048K to Mutator free partition from Collector Reserve
[98.389s][info   ][gc          ] GC(37) Concurrent update references 1136.866ms
[98.389s][info   ][gc          ] GC(37) Concurrent update thread roots 0.237ms
[98.389s][info   ][gc          ] GC(37) Pause Final Update Refs 0.104ms
[98.390s][info   ][gc          ] GC(37) Concurrent cleanup 1450M->1448M(6144M) 0.101ms
[98.390s][info   ][gc,metaspace] Metaspace: 11156K(11456K)->11156K(11456K) NonClass: 9371K(9536K)->9371K(9536K) Class: 1785K(1920K)->1785K(1920K)
[98.391s][info   ][gc          ] Trigger: GC request (System.gc())
[98.392s][info   ][gc          ] GC(38) Concurrent reset 1.810ms
[98.393s][info   ][gc          ] GC(38) Pause Init Mark (unload classes) 0.049ms
[98.393s][info   ][gc          ] GC(38) Concurrent marking roots 0.097ms
[99.515s][info   ][gc          ] GC(38) Concurrent marking (unload classes) 1122.141ms
[99.515s][info   ][gc          ] GC(38) Pause Final Mark (unload classes) 0.217ms
[99.515s][info   ][gc          ] GC(38) Concurrent thread roots 0.077ms
[99.515s][info   ][gc          ] GC(38) Concurrent weak references 0.040ms
[99.516s][info   ][gc          ] GC(38) Concurrent weak roots 0.330ms
[99.516s][info   ][gc          ] GC(38) Concurrent cleanup 1448M->1448M(6144M) 0.098ms
[99.516s][info   ][gc          ] GC(38) Concurrent class unloading 0.474ms
[99.516s][info   ][gc          ] GC(38) Concurrent strong roots 0.053ms
[99.518s][info   ][gc          ] GC(38) Concurrent evacuation 2.017ms
[99.518s][info   ][gc          ] GC(38) Pause Init Update Refs 0.006ms
[99.519s][info   ][gc          ] GC(38) At start of update refs, moving 2048K to Mutator free partition from Collector Reserve
[100.684s][info   ][gc          ] GC(38) Concurrent update references 1165.358ms
[100.684s][info   ][gc          ] GC(38) Concurrent update thread roots 0.233ms
[100.684s][info   ][gc          ] GC(38) Pause Final Update Refs 0.086ms
[100.684s][info   ][gc          ] GC(38) Concurrent cleanup 1450M->1448M(6144M) 0.101ms
[100.684s][info   ][gc,metaspace] Metaspace: 11156K(11456K)->11156K(11456K) NonClass: 9371K(9536K)->9371K(9536K) Class: 1785K(1920K)->1785K(1920K)
[100.685s][info   ][gc          ] Trigger: GC request (System.gc())
[100.687s][info   ][gc          ] GC(39) Concurrent reset 1.923ms
[100.688s][info   ][gc          ] GC(39) Pause Init Mark (unload classes) 0.049ms
[100.688s][info   ][gc          ] GC(39) Concurrent marking roots 0.089ms
[102.108s][info   ][gc          ] GC(39) Concurrent marking (unload classes) 1420.663ms
[102.109s][info   ][gc          ] GC(39) Pause Final Mark (unload classes) 0.283ms
[102.109s][info   ][gc          ] GC(39) Concurrent thread roots 0.070ms
[102.109s][info   ][gc          ] GC(39) Concurrent weak references 0.041ms
[102.109s][info   ][gc          ] GC(39) Concurrent weak roots 0.315ms
[102.109s][info   ][gc          ] GC(39) Concurrent cleanup 1448M->1448M(6144M) 0.098ms
[102.110s][info   ][gc          ] GC(39) Concurrent class unloading 0.580ms
[102.110s][info   ][gc          ] GC(39) Concurrent strong roots 0.056ms
[102.112s][info   ][gc          ] GC(39) Concurrent evacuation 2.062ms
[102.112s][info   ][gc          ] GC(39) Pause Init Update Refs 0.006ms
[102.112s][info   ][gc          ] GC(39) At start of update refs, moving 2048K to Mutator free partition from Collector Reserve
[103.257s][info   ][gc          ] GC(39) Concurrent update references 1144.353ms
[103.257s][info   ][gc          ] GC(39) Concurrent update thread roots 0.273ms
[103.257s][info   ][gc          ] GC(39) Pause Final Update Refs 0.085ms
[103.257s][info   ][gc          ] GC(39) Concurrent cleanup 1450M->1448M(6144M) 0.101ms
[103.257s][info   ][gc,metaspace] Metaspace: 11156K(11456K)->11156K(11456K) NonClass: 9371K(9536K)->9371K(9536K) Class: 1785K(1920K)->1785K(1920K)
[103.258s][info   ][gc          ] Trigger: GC request (System.gc())
[103.260s][info   ][gc          ] GC(40) Concurrent reset 1.834ms
[103.260s][info   ][gc          ] GC(40) Pause Init Mark (unload classes) 0.044ms
[103.260s][info   ][gc          ] GC(40) Concurrent marking roots 0.099ms
[104.380s][info   ][gc          ] GC(40) Concurrent marking (unload classes) 1119.681ms
[104.380s][info   ][gc          ] GC(40) Pause Final Mark (unload classes) 0.226ms
[104.381s][info   ][gc          ] GC(40) Concurrent thread roots 0.071ms
[104.381s][info   ][gc          ] GC(40) Concurrent weak references 0.039ms
[104.381s][info   ][gc          ] GC(40) Concurrent weak roots 0.315ms
[104.381s][info   ][gc          ] GC(40) Concurrent cleanup 1448M->1448M(6144M) 0.098ms
[104.382s][info   ][gc          ] GC(40) Concurrent class unloading 0.519ms
[104.382s][info   ][gc          ] GC(40) Concurrent strong roots 0.056ms
[104.384s][info   ][gc          ] GC(40) Concurrent evacuation 2.050ms
[104.384s][info   ][gc          ] GC(40) Pause Init Update Refs 0.006ms
[104.384s][info   ][gc          ] GC(40) At start of update refs, moving 2048K to Mutator free partition from Collector Reserve
[105.527s][info   ][gc          ] GC(40) Concurrent update references 1143.701ms
[105.528s][info   ][gc          ] GC(40) Concurrent update thread roots 0.308ms
[105.528s][info   ][gc          ] GC(40) Pause Final Update Refs 0.083ms
[105.528s][info   ][gc          ] GC(40) Concurrent cleanup 1450M->1448M(6144M) 0.100ms
[105.528s][info   ][gc,metaspace] Metaspace: 11156K(11456K)->11156K(11456K) NonClass: 9371K(9536K)->9371K(9536K) Class: 1785K(1920K)->1785K(1920K)
[105.529s][info   ][gc          ] Trigger: GC request (System.gc())
[105.532s][info   ][gc          ] GC(41) Concurrent reset 2.332ms
[105.532s][info   ][gc          ] GC(41) Pause Init Mark (unload classes) 0.049ms
[105.532s][info   ][gc          ] GC(41) Concurrent marking roots 0.078ms
[107.120s][info   ][gc          ] GC(41) Concurrent marking (unload classes) 1588.416ms
[107.120s][info   ][gc          ] GC(41) Pause Final Mark (unload classes) 0.221ms
[107.121s][info   ][gc          ] GC(41) Concurrent thread roots 0.081ms
[107.121s][info   ][gc          ] GC(41) Concurrent weak references 0.040ms
[107.121s][info   ][gc          ] GC(41) Concurrent weak roots 0.313ms
[107.121s][info   ][gc          ] GC(41) Concurrent cleanup 1448M->1448M(6144M) 0.098ms
[107.122s][info   ][gc          ] GC(41) Concurrent class unloading 0.581ms
[107.122s][info   ][gc          ] GC(41) Concurrent strong roots 0.056ms
[107.124s][info   ][gc          ] GC(41) Concurrent evacuation 2.055ms
[107.124s][info   ][gc          ] GC(41) Pause Init Update Refs 0.006ms
[107.124s][info   ][gc          ] GC(41) At start of update refs, moving 2048K to Mutator free partition from Collector Reserve
[108.268s][info   ][gc          ] GC(41) Concurrent update references 1144.450ms
[108.269s][info   ][gc          ] GC(41) Concurrent update thread roots 0.283ms
[108.273s][info   ][gc          ] GC(41) Pause Final Update Refs 0.084ms
[108.273s][info   ][gc          ] GC(41) Concurrent cleanup 1450M->1448M(6144M) 0.101ms
[108.273s][info   ][gc,metaspace] Metaspace: 11156K(11456K)->11156K(11456K) NonClass: 9371K(9536K)->9371K(9536K) Class: 1785K(1920K)->1785K(1920K)
[108.274s][info   ][gc          ] Trigger: GC request (System.gc())
[108.276s][info   ][gc          ] GC(42) Concurrent reset 2.133ms
[108.276s][info   ][gc          ] GC(42) Pause Init Mark (unload classes) 0.051ms
[108.277s][info   ][gc          ] GC(42) Concurrent marking roots 0.098ms
[109.748s][info   ][gc          ] GC(42) Concurrent marking (unload classes) 1471.794ms
[109.749s][info   ][gc          ] GC(42) Pause Final Mark (unload classes) 0.246ms
[109.749s][info   ][gc          ] GC(42) Concurrent thread roots 0.078ms
[109.749s][info   ][gc          ] GC(42) Concurrent weak references 0.041ms
[109.749s][info   ][gc          ] GC(42) Concurrent weak roots 0.316ms
[109.749s][info   ][gc          ] GC(42) Concurrent cleanup 1448M->1448M(6144M) 0.098ms
[109.750s][info   ][gc          ] GC(42) Concurrent class unloading 0.595ms
[109.750s][info   ][gc          ] GC(42) Concurrent strong roots 0.056ms
[109.752s][info   ][gc          ] GC(42) Concurrent evacuation 2.052ms
[109.752s][info   ][gc          ] GC(42) Pause Init Update Refs 0.006ms
[109.752s][info   ][gc          ] GC(42) At start of update refs, moving 2048K to Mutator free partition from Collector Reserve
[110.897s][info   ][gc          ] GC(42) Concurrent update references 1144.769ms
[110.897s][info   ][gc          ] GC(42) Concurrent update thread roots 0.246ms
[110.897s][info   ][gc          ] GC(42) Pause Final Update Refs 0.085ms
[110.898s][info   ][gc          ] GC(42) Concurrent cleanup 1450M->1448M(6144M) 0.101ms
[110.898s][info   ][gc,metaspace] Metaspace: 11156K(11456K)->11156K(11456K) NonClass: 9371K(9536K)->9371K(9536K) Class: 1785K(1920K)->1785K(1920K)
[110.899s][info   ][gc          ] Trigger: GC request (System.gc())
[110.901s][info   ][gc          ] GC(43) Concurrent reset 1.971ms
[110.901s][info   ][gc          ] GC(43) Pause Init Mark (unload classes) 0.045ms
[110.901s][info   ][gc          ] GC(43) Concurrent marking roots 0.080ms
[112.717s][info   ][gc          ] GC(43) Concurrent marking (unload classes) 1816.251ms
[112.717s][info   ][gc          ] GC(43) Pause Final Mark (unload classes) 0.224ms
[112.718s][info   ][gc          ] GC(43) Concurrent thread roots 0.072ms
[112.718s][info   ][gc          ] GC(43) Concurrent weak references 0.039ms
[112.718s][info   ][gc          ] GC(43) Concurrent weak roots 0.289ms
[112.718s][info   ][gc          ] GC(43) Concurrent cleanup 1448M->1448M(6144M) 0.098ms
[112.719s][info   ][gc          ] GC(43) Concurrent class unloading 0.511ms
[112.719s][info   ][gc          ] GC(43) Concurrent strong roots 0.057ms
[112.721s][info   ][gc          ] GC(43) Concurrent evacuation 2.058ms
[112.721s][info   ][gc          ] GC(43) Pause Init Update Refs 0.006ms
[112.721s][info   ][gc          ] GC(43) At start of update refs, moving 2048K to Mutator free partition from Collector Reserve
[113.866s][info   ][gc          ] GC(43) Concurrent update references 1145.253ms
[113.866s][info   ][gc          ] GC(43) Concurrent update thread roots 0.178ms
[113.867s][info   ][gc          ] GC(43) Pause Final Update Refs 0.083ms
[113.867s][info   ][gc          ] GC(43) Concurrent cleanup 1450M->1448M(6144M) 0.101ms
[113.867s][info   ][gc,metaspace] Metaspace: 11156K(11456K)->11156K(11456K) NonClass: 9371K(9536K)->9371K(9536K) Class: 1785K(1920K)->1785K(1920K)
[113.868s][info   ][gc          ] Trigger: GC request (System.gc())
[113.870s][info   ][gc          ] GC(44) Concurrent reset 2.114ms
[113.870s][info   ][gc          ] GC(44) Pause Init Mark (unload classes) 0.055ms
[113.870s][info   ][gc          ] GC(44) Concurrent marking roots 0.090ms
[115.299s][info   ][gc          ] GC(44) Concurrent marking (unload classes) 1428.584ms
[115.299s][info   ][gc          ] GC(44) Pause Final Mark (unload classes) 0.217ms
[115.299s][info   ][gc          ] GC(44) Concurrent thread roots 0.072ms
[115.299s][info   ][gc          ] GC(44) Concurrent weak references 0.039ms
[115.300s][info   ][gc          ] GC(44) Concurrent weak roots 0.293ms
[115.300s][info   ][gc          ] GC(44) Concurrent cleanup 1448M->1448M(6144M) 0.098ms
[115.300s][info   ][gc          ] GC(44) Concurrent class unloading 0.574ms
[115.300s][info   ][gc          ] GC(44) Concurrent strong roots 0.054ms
[115.302s][info   ][gc          ] GC(44) Concurrent evacuation 2.017ms
[115.302s][info   ][gc          ] GC(44) Pause Init Update Refs 0.006ms
[115.303s][info   ][gc          ] GC(44) At start of update refs, moving 2048K to Mutator free partition from Collector Reserve
[116.441s][info   ][gc          ] GC(44) Concurrent update references 1138.106ms
[116.441s][info   ][gc          ] GC(44) Concurrent update thread roots 0.302ms
[116.441s][info   ][gc          ] GC(44) Pause Final Update Refs 0.109ms
[116.441s][info   ][gc          ] GC(44) Concurrent cleanup 1450M->1448M(6144M) 0.100ms
[116.441s][info   ][gc,metaspace] Metaspace: 11156K(11456K)->11156K(11456K) NonClass: 9371K(9536K)->9371K(9536K) Class: 1785K(1920K)->1785K(1920K)
[116.442s][info   ][gc          ] Trigger: GC request (System.gc())
[116.444s][info   ][gc          ] GC(45) Concurrent reset 1.791ms
[116.444s][info   ][gc          ] GC(45) Pause Init Mark (unload classes) 0.047ms
[116.444s][info   ][gc          ] GC(45) Concurrent marking roots 0.099ms
[117.616s][info   ][gc          ] GC(45) Concurrent marking (unload classes) 1171.093ms
[117.616s][info   ][gc          ] GC(45) Pause Final Mark (unload classes) 0.229ms
[117.616s][info   ][gc          ] GC(45) Concurrent thread roots 0.070ms
[117.616s][info   ][gc          ] GC(45) Concurrent weak references 0.044ms
[117.616s][info   ][gc          ] GC(45) Concurrent weak roots 0.323ms
[117.617s][info   ][gc          ] GC(45) Concurrent cleanup 1448M->1448M(6144M) 0.098ms
[117.617s][info   ][gc          ] GC(45) Concurrent class unloading 0.680ms
[117.617s][info   ][gc          ] GC(45) Concurrent strong roots 0.056ms
[117.620s][info   ][gc          ] GC(45) Concurrent evacuation 2.770ms
[117.620s][info   ][gc          ] GC(45) Pause Init Update Refs 0.006ms
[117.620s][info   ][gc          ] GC(45) At start of update refs, moving 2048K to Mutator free partition from Collector Reserve
[118.730s][info   ][gc          ] GC(45) Concurrent update references 1109.843ms
[118.730s][info   ][gc          ] GC(45) Concurrent update thread roots 0.259ms
[118.730s][info   ][gc          ] GC(45) Pause Final Update Refs 0.088ms
[118.731s][info   ][gc          ] GC(45) Concurrent cleanup 1450M->1448M(6144M) 0.101ms
[118.731s][info   ][gc,metaspace] Metaspace: 11156K(11456K)->11156K(11456K) NonClass: 9371K(9536K)->9371K(9536K) Class: 1785K(1920K)->1785K(1920K)
[118.732s][info   ][gc          ] Trigger: GC request (System.gc())
[118.734s][info   ][gc          ] GC(46) Concurrent reset 2.327ms
[118.734s][info   ][gc          ] GC(46) Pause Init Mark (unload classes) 0.061ms
[118.734s][info   ][gc          ] GC(46) Concurrent marking roots 0.077ms
[120.170s][info   ][gc          ] GC(46) Concurrent marking (unload classes) 1435.831ms
[120.170s][info   ][gc          ] GC(46) Pause Final Mark (unload classes) 0.230ms
[120.171s][info   ][gc          ] GC(46) Concurrent thread roots 0.078ms
[120.171s][info   ][gc          ] GC(46) Concurrent weak references 0.038ms
[120.171s][info   ][gc          ] GC(46) Concurrent weak roots 0.278ms
[120.171s][info   ][gc          ] GC(46) Concurrent cleanup 1448M->1448M(6144M) 0.098ms
[120.172s][info   ][gc          ] GC(46) Concurrent class unloading 0.604ms
[120.172s][info   ][gc          ] GC(46) Concurrent strong roots 0.056ms
[120.174s][info   ][gc          ] GC(46) Concurrent evacuation 2.007ms
[120.174s][info   ][gc          ] GC(46) Pause Init Update Refs 0.005ms
[120.174s][info   ][gc          ] GC(46) At start of update refs, moving 2048K to Mutator free partition from Collector Reserve
[121.312s][info   ][gc          ] GC(46) Concurrent update references 1138.116ms
[121.312s][info   ][gc          ] GC(46) Concurrent update thread roots 0.241ms
[121.312s][info   ][gc          ] GC(46) Pause Final Update Refs 0.104ms
[121.313s][info   ][gc          ] GC(46) Concurrent cleanup 1452M->1450M(6144M) 0.100ms
[121.313s][info   ][gc,metaspace] Metaspace: 11156K(11456K)->11156K(11456K) NonClass: 9371K(9536K)->9371K(9536K) Class: 1785K(1920K)->1785K(1920K)
[121.314s][info   ][gc          ] Trigger: GC request (System.gc())
[121.316s][info   ][gc          ] GC(47) Concurrent reset 1.965ms
[121.316s][info   ][gc          ] GC(47) Pause Init Mark (unload classes) 0.052ms
[121.316s][info   ][gc          ] GC(47) Concurrent marking roots 0.084ms
[123.032s][info   ][gc          ] GC(47) Concurrent marking (unload classes) 1715.575ms
[123.032s][info   ][gc          ] GC(47) Pause Final Mark (unload classes) 0.208ms
[123.032s][info   ][gc          ] GC(47) Concurrent thread roots 0.069ms
[123.032s][info   ][gc          ] GC(47) Concurrent weak references 0.039ms
[123.032s][info   ][gc          ] GC(47) Concurrent weak roots 0.309ms
[123.032s][info   ][gc          ] GC(47) Concurrent cleanup 1450M->1450M(6144M) 0.098ms
[123.033s][info   ][gc          ] GC(47) Concurrent class unloading 0.553ms
[123.033s][info   ][gc          ] GC(47) Concurrent strong roots 0.057ms
[123.035s][info   ][gc          ] GC(47) Concurrent evacuation 2.209ms
[123.035s][info   ][gc          ] GC(47) Pause Init Update Refs 0.006ms
[123.035s][info   ][gc          ] GC(47) At start of update refs, moving 4096K to Mutator free partition from Collector Reserve
[123.933s][info   ][gc          ] GC(47) Concurrent update references 897.681ms
[123.933s][info   ][gc          ] GC(47) Concurrent update thread roots 0.296ms
[123.933s][info   ][gc          ] GC(47) Pause Final Update Refs 0.093ms
[123.934s][info   ][gc          ] GC(47) Concurrent cleanup 1452M->1448M(6144M) 0.101ms
[123.934s][info   ][gc,metaspace] Metaspace: 11156K(11456K)->11156K(11456K) NonClass: 9371K(9536K)->9371K(9536K) Class: 1785K(1920K)->1785K(1920K)
[123.935s][info   ][gc          ] Trigger: GC request (System.gc())
[123.937s][info   ][gc          ] GC(48) Concurrent reset 1.808ms
[123.937s][info   ][gc          ] GC(48) Pause Init Mark (unload classes) 0.047ms
[123.937s][info   ][gc          ] GC(48) Concurrent marking roots 0.091ms
[125.393s][info   ][gc          ] GC(48) Concurrent marking (unload classes) 1456.338ms
[125.394s][info   ][gc          ] GC(48) Pause Final Mark (unload classes) 0.253ms
[125.398s][info   ][gc          ] GC(48) Concurrent thread roots 0.077ms
[125.398s][info   ][gc          ] GC(48) Concurrent weak references 0.043ms
[125.398s][info   ][gc          ] GC(48) Concurrent weak roots 0.314ms
[125.398s][info   ][gc          ] GC(48) Concurrent cleanup 1448M->1448M(6144M) 0.098ms
[125.399s][info   ][gc          ] GC(48) Concurrent class unloading 0.652ms
[125.399s][info   ][gc          ] GC(48) Concurrent strong roots 0.057ms
[125.403s][info   ][gc          ] GC(48) Concurrent evacuation 3.703ms
[125.403s][info   ][gc          ] GC(48) Pause Init Update Refs 0.007ms
[125.403s][info   ][gc          ] GC(48) At start of update refs, moving 2048K to Mutator free partition from Collector Reserve
[126.321s][info   ][gc          ] GC(48) Concurrent update references 918.086ms
[126.321s][info   ][gc          ] GC(48) Concurrent update thread roots 0.296ms
[126.322s][info   ][gc          ] GC(48) Pause Final Update Refs 0.093ms
[126.322s][info   ][gc          ] GC(48) Concurrent cleanup 1450M->1448M(6144M) 0.100ms
[126.322s][info   ][gc,metaspace] Metaspace: 11156K(11456K)->11156K(11456K) NonClass: 9371K(9536K)->9371K(9536K) Class: 1785K(1920K)->1785K(1920K)
[126.323s][info   ][gc          ] Trigger: GC request (System.gc())
[126.325s][info   ][gc          ] GC(49) Concurrent reset 1.807ms
[126.325s][info   ][gc          ] GC(49) Pause Init Mark (unload classes) 0.047ms
[126.325s][info   ][gc          ] GC(49) Concurrent marking roots 0.093ms
[127.777s][info   ][gc          ] GC(49) Concurrent marking (unload classes) 1451.714ms
[127.777s][info   ][gc          ] GC(49) Pause Final Mark (unload classes) 0.224ms
[127.777s][info   ][gc          ] GC(49) Concurrent thread roots 0.075ms
[127.777s][info   ][gc          ] GC(49) Concurrent weak references 0.039ms
[127.777s][info   ][gc          ] GC(49) Concurrent weak roots 0.319ms
[127.778s][info   ][gc          ] GC(49) Concurrent cleanup 1448M->1448M(6144M) 0.098ms
[127.778s][info   ][gc          ] GC(49) Concurrent class unloading 0.587ms
[127.778s][info   ][gc          ] GC(49) Concurrent strong roots 0.058ms
[127.780s][info   ][gc          ] GC(49) Concurrent evacuation 2.059ms
[127.780s][info   ][gc          ] GC(49) Pause Init Update Refs 0.006ms
[127.780s][info   ][gc          ] GC(49) At start of update refs, moving 2048K to Mutator free partition from Collector Reserve
[128.924s][info   ][gc          ] GC(49) Concurrent update references 1144.053ms
[128.925s][info   ][gc          ] GC(49) Concurrent update thread roots 0.247ms
[128.925s][info   ][gc          ] GC(49) Pause Final Update Refs 0.085ms
[128.925s][info   ][gc          ] GC(49) Concurrent cleanup 1450M->1448M(6144M) 0.100ms
[128.925s][info   ][gc,metaspace] Metaspace: 11156K(11456K)->11156K(11456K) NonClass: 9371K(9536K)->9371K(9536K) Class: 1785K(1920K)->1785K(1920K)
[128.926s][info   ][gc          ] Trigger: GC request (System.gc())
[128.928s][info   ][gc          ] GC(50) Concurrent reset 1.821ms
[128.928s][info   ][gc          ] GC(50) Pause Init Mark (unload classes) 0.045ms
[128.928s][info   ][gc          ] GC(50) Concurrent marking roots 0.079ms
[130.373s][info   ][gc          ] GC(50) Concurrent marking (unload classes) 1444.414ms
[130.373s][info   ][gc          ] GC(50) Pause Final Mark (unload classes) 0.230ms
[130.373s][info   ][gc          ] GC(50) Concurrent thread roots 0.067ms
[130.373s][info   ][gc          ] GC(50) Concurrent weak references 0.065ms
[130.373s][info   ][gc          ] GC(50) Concurrent weak roots 0.313ms
[130.374s][info   ][gc          ] GC(50) Concurrent cleanup 1448M->1448M(6144M) 0.098ms
[130.374s][info   ][gc          ] GC(50) Concurrent class unloading 0.704ms
[130.374s][info   ][gc          ] GC(50) Concurrent strong roots 0.054ms
[130.378s][info   ][gc          ] GC(50) Concurrent evacuation 3.755ms
[130.378s][info   ][gc          ] GC(50) Pause Init Update Refs 0.006ms
[130.378s][info   ][gc          ] GC(50) At start of update refs, moving 2048K to Mutator free partition from Collector Reserve
[131.300s][info   ][gc          ] GC(50) Concurrent update references 921.854ms
[131.300s][info   ][gc          ] GC(50) Concurrent update thread roots 0.298ms
[131.301s][info   ][gc          ] GC(50) Pause Final Update Refs 0.102ms
[131.301s][info   ][gc          ] GC(50) Concurrent cleanup 1450M->1448M(6144M) 0.100ms
[131.301s][info   ][gc,metaspace] Metaspace: 11156K(11456K)->11156K(11456K) NonClass: 9371K(9536K)->9371K(9536K) Class: 1785K(1920K)->1785K(1920K)
[131.302s][info   ][gc          ] Trigger: GC request (System.gc())
[131.304s][info   ][gc          ] GC(51) Concurrent reset 1.871ms
[131.304s][info   ][gc          ] GC(51) Pause Init Mark (unload classes) 0.048ms
[131.304s][info   ][gc          ] GC(51) Concurrent marking roots 0.100ms
[132.456s][info   ][gc          ] GC(51) Concurrent marking (unload classes) 1152.173ms
[132.457s][info   ][gc          ] GC(51) Pause Final Mark (unload classes) 0.228ms
[132.457s][info   ][gc          ] GC(51) Concurrent thread roots 0.069ms
[132.457s][info   ][gc          ] GC(51) Concurrent weak references 0.039ms
[132.457s][info   ][gc          ] GC(51) Concurrent weak roots 0.319ms
[132.457s][info   ][gc          ] GC(51) Concurrent cleanup 1448M->1448M(6144M) 0.098ms
[132.458s][info   ][gc          ] GC(51) Concurrent class unloading 0.564ms
[132.458s][info   ][gc          ] GC(51) Concurrent strong roots 0.060ms
[132.460s][info   ][gc          ] GC(51) Concurrent evacuation 2.065ms
[132.460s][info   ][gc          ] GC(51) Pause Init Update Refs 0.006ms
[132.460s][info   ][gc          ] GC(51) At start of update refs, moving 2048K to Mutator free partition from Collector Reserve
[133.645s][info   ][gc          ] GC(51) Concurrent update references 1184.931ms
[133.645s][info   ][gc          ] GC(51) Concurrent update thread roots 0.232ms
[133.645s][info   ][gc          ] GC(51) Pause Final Update Refs 0.109ms
[133.646s][info   ][gc          ] GC(51) Concurrent cleanup 1450M->1448M(6144M) 0.100ms
[133.646s][info   ][gc,metaspace] Metaspace: 11156K(11456K)->11156K(11456K) NonClass: 9371K(9536K)->9371K(9536K) Class: 1785K(1920K)->1785K(1920K)
[133.647s][info   ][gc          ] Trigger: GC request (System.gc())
[133.648s][info   ][gc          ] GC(52) Concurrent reset 1.851ms
[133.649s][info   ][gc          ] GC(52) Pause Init Mark (unload classes) 0.050ms
[133.649s][info   ][gc          ] GC(52) Concurrent marking roots 0.096ms
[135.255s][info   ][gc          ] GC(52) Concurrent marking (unload classes) 1606.424ms
[135.256s][info   ][gc          ] GC(52) Pause Final Mark (unload classes) 0.250ms
[135.256s][info   ][gc          ] GC(52) Concurrent thread roots 0.068ms
[135.256s][info   ][gc          ] GC(52) Concurrent weak references 0.042ms
[135.256s][info   ][gc          ] GC(52) Concurrent weak roots 0.324ms
[135.256s][info   ][gc          ] GC(52) Concurrent cleanup 1448M->1448M(6144M) 0.098ms
[135.257s][info   ][gc          ] GC(52) Concurrent class unloading 0.562ms
[135.257s][info   ][gc          ] GC(52) Concurrent strong roots 0.060ms
[135.259s][info   ][gc          ] GC(52) Concurrent evacuation 2.014ms
[135.259s][info   ][gc          ] GC(52) Pause Init Update Refs 0.006ms
[135.259s][info   ][gc          ] GC(52) At start of update refs, moving 2048K to Mutator free partition from Collector Reserve
[136.425s][info   ][gc          ] GC(52) Concurrent update references 1166.349ms
[136.426s][info   ][gc          ] GC(52) Concurrent update thread roots 0.342ms
[136.430s][info   ][gc          ] GC(52) Pause Final Update Refs 0.096ms
[136.430s][info   ][gc          ] GC(52) Concurrent cleanup 1450M->1448M(6144M) 0.100ms
[136.430s][info   ][gc,metaspace] Metaspace: 11156K(11456K)->11156K(11456K) NonClass: 9371K(9536K)->9371K(9536K) Class: 1785K(1920K)->1785K(1920K)
[136.431s][info   ][gc          ] Trigger: GC request (System.gc())
[136.433s][info   ][gc          ] GC(53) Concurrent reset 1.782ms
[136.433s][info   ][gc          ] GC(53) Pause Init Mark (unload classes) 0.047ms
[136.433s][info   ][gc          ] GC(53) Concurrent marking roots 0.094ms
[137.877s][info   ][gc          ] GC(53) Concurrent marking (unload classes) 1444.214ms
[137.878s][info   ][gc          ] GC(53) Pause Final Mark (unload classes) 0.226ms
[137.878s][info   ][gc          ] GC(53) Concurrent thread roots 0.069ms
[137.878s][info   ][gc          ] GC(53) Concurrent weak references 0.040ms
[137.878s][info   ][gc          ] GC(53) Concurrent weak roots 0.325ms
[137.878s][info   ][gc          ] GC(53) Concurrent cleanup 1448M->1448M(6144M) 0.098ms
[137.879s][info   ][gc          ] GC(53) Concurrent class unloading 0.548ms
[137.879s][info   ][gc          ] GC(53) Concurrent strong roots 0.057ms
[137.881s][info   ][gc          ] GC(53) Concurrent evacuation 2.048ms
[137.881s][info   ][gc          ] GC(53) Pause Init Update Refs 0.007ms
[137.881s][info   ][gc          ] GC(53) At start of update refs, moving 2048K to Mutator free partition from Collector Reserve
[139.048s][info   ][gc          ] GC(53) Concurrent update references 1166.883ms
[139.049s][info   ][gc          ] GC(53) Concurrent update thread roots 0.303ms
[139.049s][info   ][gc          ] GC(53) Pause Final Update Refs 0.099ms
[139.049s][info   ][gc          ] GC(53) Concurrent cleanup 1450M->1448M(6144M) 0.100ms
[139.049s][info   ][gc,metaspace] Metaspace: 11156K(11456K)->11156K(11456K) NonClass: 9371K(9536K)->9371K(9536K) Class: 1785K(1920K)->1785K(1920K)
[139.050s][info   ][gc          ] Trigger: GC request (System.gc())
[139.052s][info   ][gc          ] GC(54) Concurrent reset 1.797ms
[139.052s][info   ][gc          ] GC(54) Pause Init Mark (unload classes) 0.050ms
[139.052s][info   ][gc          ] GC(54) Concurrent marking roots 0.107ms
[140.483s][info   ][gc          ] GC(54) Concurrent marking (unload classes) 1430.377ms
[140.483s][info   ][gc          ] GC(54) Pause Final Mark (unload classes) 0.226ms
[140.483s][info   ][gc          ] GC(54) Concurrent thread roots 0.080ms
[140.483s][info   ][gc          ] GC(54) Concurrent weak references 0.039ms
[140.483s][info   ][gc          ] GC(54) Concurrent weak roots 0.351ms
[140.483s][info   ][gc          ] GC(54) Concurrent cleanup 1448M->1448M(6144M) 0.119ms
[140.484s][info   ][gc          ] GC(54) Concurrent class unloading 0.555ms
[140.484s][info   ][gc          ] GC(54) Concurrent strong roots 0.056ms
[140.486s][info   ][gc          ] GC(54) Concurrent evacuation 2.037ms
[140.486s][info   ][gc          ] GC(54) Pause Init Update Refs 0.006ms
[140.486s][info   ][gc          ] GC(54) At start of update refs, moving 2048K to Mutator free partition from Collector Reserve
[141.661s][info   ][gc          ] GC(54) Concurrent update references 1174.707ms
[141.661s][info   ][gc          ] GC(54) Concurrent update thread roots 0.309ms
[141.662s][info   ][gc          ] GC(54) Pause Final Update Refs 0.083ms
[141.662s][info   ][gc          ] GC(54) Concurrent cleanup 1450M->1448M(6144M) 0.100ms
[141.662s][info   ][gc,metaspace] Metaspace: 11156K(11456K)->11156K(11456K) NonClass: 9371K(9536K)->9371K(9536K) Class: 1785K(1920K)->1785K(1920K)
[141.663s][info   ][gc          ] Trigger: GC request (System.gc())
[141.665s][info   ][gc          ] GC(55) Concurrent reset 2.157ms
[141.665s][info   ][gc          ] GC(55) Pause Init Mark (unload classes) 0.051ms
[141.665s][info   ][gc          ] GC(55) Concurrent marking roots 0.074ms
[143.317s][info   ][gc          ] GC(55) Concurrent marking (unload classes) 1651.530ms
[143.317s][info   ][gc          ] GC(55) Pause Final Mark (unload classes) 0.225ms
[143.317s][info   ][gc          ] GC(55) Concurrent thread roots 0.072ms
[143.317s][info   ][gc          ] GC(55) Concurrent weak references 0.040ms
[143.318s][info   ][gc          ] GC(55) Concurrent weak roots 0.328ms
[143.318s][info   ][gc          ] GC(55) Concurrent cleanup 1448M->1448M(6144M) 0.098ms
[143.318s][info   ][gc          ] GC(55) Concurrent class unloading 0.529ms
[143.318s][info   ][gc          ] GC(55) Concurrent strong roots 0.059ms
[143.320s][info   ][gc          ] GC(55) Concurrent evacuation 2.063ms
[143.321s][info   ][gc          ] GC(55) Pause Init Update Refs 0.005ms
[143.321s][info   ][gc          ] GC(55) At start of update refs, moving 2048K to Mutator free partition from Collector Reserve
[144.459s][info   ][gc          ] GC(55) Concurrent update references 1138.439ms
[144.459s][info   ][gc          ] GC(55) Concurrent update thread roots 0.238ms
[144.459s][info   ][gc          ] GC(55) Pause Final Update Refs 0.100ms
[144.460s][info   ][gc          ] GC(55) Concurrent cleanup 1450M->1448M(6144M) 0.101ms
[144.460s][info   ][gc,metaspace] Metaspace: 11156K(11456K)->11156K(11456K) NonClass: 9371K(9536K)->9371K(9536K) Class: 1785K(1920K)->1785K(1920K)
[144.461s][info   ][gc          ] Trigger: GC request (System.gc())
[144.462s][info   ][gc          ] GC(56) Concurrent reset 1.773ms
[144.463s][info   ][gc          ] GC(56) Pause Init Mark (unload classes) 0.051ms
[144.463s][info   ][gc          ] GC(56) Concurrent marking roots 0.091ms
[145.633s][info   ][gc          ] GC(56) Concurrent marking (unload classes) 1170.012ms
[145.633s][info   ][gc          ] GC(56) Pause Final Mark (unload classes) 0.245ms
[145.633s][info   ][gc          ] GC(56) Concurrent thread roots 0.094ms
[145.633s][info   ][gc          ] GC(56) Concurrent weak references 0.040ms
[145.634s][info   ][gc          ] GC(56) Concurrent weak roots 0.355ms
[145.634s][info   ][gc          ] GC(56) Concurrent cleanup 1448M->1448M(6144M) 0.098ms
[145.634s][info   ][gc          ] GC(56) Concurrent class unloading 0.529ms
[145.634s][info   ][gc          ] GC(56) Concurrent strong roots 0.085ms
[145.636s][info   ][gc          ] GC(56) Concurrent evacuation 2.055ms
[145.637s][info   ][gc          ] GC(56) Pause Init Update Refs 0.007ms
[145.637s][info   ][gc          ] GC(56) At start of update refs, moving 2048K to Mutator free partition from Collector Reserve
[147.253s][info   ][gc          ] GC(56) Concurrent update references 1615.935ms
[147.253s][info   ][gc          ] GC(56) Concurrent update thread roots 0.293ms
[147.257s][info   ][gc          ] GC(56) Pause Final Update Refs 0.092ms
[147.257s][info   ][gc          ] GC(56) Concurrent cleanup 1450M->1448M(6144M) 0.101ms
[147.257s][info   ][gc,metaspace] Metaspace: 11156K(11456K)->11156K(11456K) NonClass: 9371K(9536K)->9371K(9536K) Class: 1785K(1920K)->1785K(1920K)
[147.258s][info   ][gc          ] Trigger: GC request (System.gc())
[147.260s][info   ][gc          ] GC(57) Concurrent reset 2.136ms
[147.261s][info   ][gc          ] GC(57) Pause Init Mark (unload classes) 0.059ms
[147.261s][info   ][gc          ] GC(57) Concurrent marking roots 0.083ms
[148.901s][info   ][gc          ] GC(57) Concurrent marking (unload classes) 1640.579ms
[148.902s][info   ][gc          ] GC(57) Pause Final Mark (unload classes) 0.233ms
[148.902s][info   ][gc          ] GC(57) Concurrent thread roots 0.070ms
[148.902s][info   ][gc          ] GC(57) Concurrent weak references 0.038ms
[148.902s][info   ][gc          ] GC(57) Concurrent weak roots 0.317ms
[148.902s][info   ][gc          ] GC(57) Concurrent cleanup 1448M->1448M(6144M) 0.098ms
[148.903s][info   ][gc          ] GC(57) Concurrent class unloading 0.517ms
[148.903s][info   ][gc          ] GC(57) Concurrent strong roots 0.055ms
[148.905s][info   ][gc          ] GC(57) Concurrent evacuation 2.054ms
[148.905s][info   ][gc          ] GC(57) Pause Init Update Refs 0.006ms
[148.905s][info   ][gc          ] GC(57) At start of update refs, moving 2048K to Mutator free partition from Collector Reserve
[149.952s][info   ][gc          ] GC(57) Concurrent update references 1046.923ms
[149.952s][info   ][gc          ] GC(57) Concurrent update thread roots 0.294ms
[149.952s][info   ][gc          ] GC(57) Pause Final Update Refs 0.095ms
[149.953s][info   ][gc          ] GC(57) Concurrent cleanup 1450M->1448M(6144M) 0.100ms
[149.953s][info   ][gc,metaspace] Metaspace: 11156K(11456K)->11156K(11456K) NonClass: 9371K(9536K)->9371K(9536K) Class: 1785K(1920K)->1785K(1920K)
[149.954s][info   ][gc          ] Trigger: GC request (System.gc())
[149.956s][info   ][gc          ] GC(58) Concurrent reset 2.007ms
[149.956s][info   ][gc          ] GC(58) Pause Init Mark (unload classes) 0.051ms
[149.956s][info   ][gc          ] GC(58) Concurrent marking roots 0.092ms
[151.837s][info   ][gc          ] GC(58) Concurrent marking (unload classes) 1880.587ms
[151.837s][info   ][gc          ] GC(58) Pause Final Mark (unload classes) 0.212ms
[151.837s][info   ][gc          ] GC(58) Concurrent thread roots 0.064ms
[151.837s][info   ][gc          ] GC(58) Concurrent weak references 0.039ms
[151.837s][info   ][gc          ] GC(58) Concurrent weak roots 0.318ms
[151.838s][info   ][gc          ] GC(58) Concurrent cleanup 1448M->1448M(6144M) 0.098ms
[151.838s][info   ][gc          ] GC(58) Concurrent class unloading 0.507ms
[151.838s][info   ][gc          ] GC(58) Concurrent strong roots 0.059ms
[151.840s][info   ][gc          ] GC(58) Concurrent evacuation 2.069ms
[151.840s][info   ][gc          ] GC(58) Pause Init Update Refs 0.006ms
[151.840s][info   ][gc          ] GC(58) At start of update refs, moving 2048K to Mutator free partition from Collector Reserve
[152.978s][info   ][gc          ] GC(58) Concurrent update references 1137.975ms
[152.979s][info   ][gc          ] GC(58) Concurrent update thread roots 0.366ms
[152.979s][info   ][gc          ] GC(58) Pause Final Update Refs 0.102ms
[152.979s][info   ][gc          ] GC(58) Concurrent cleanup 1450M->1448M(6144M) 0.100ms
[152.979s][info   ][gc,metaspace] Metaspace: 11156K(11456K)->11156K(11456K) NonClass: 9371K(9536K)->9371K(9536K) Class: 1785K(1920K)->1785K(1920K)
After GCs... 
[152.985s][info   ][gc          ] Cancelling GC: Stopping VM
