[0.002s][warning][pagesize] UseLargePages disabled, no large pages configured and available on the system.
[0.002s][info   ][gc      ] Min heap equals to max heap, disabling ShenandoahUncommit
[0.002s][info   ][metaspace]  - commit_granule_bytes: 65536.
[0.002s][info   ][metaspace]  - commit_granule_words: 8192.
[0.002s][info   ][metaspace]  - virtual_space_node_default_size: 8388608.
[0.002s][info   ][metaspace]  - enlarge_chunks_in_place: 1.
[0.002s][info   ][metaspace]  - use_allocation_guard: 0.
[0.015s][info   ][gc       ] Heuristics ergonomically sets -XX:+ExplicitGCInvokesConcurrent
[0.015s][info   ][gc       ] Heuristics ergonomically sets -XX:+ShenandoahImplicitGCInvokesConcurrent
[0.017s][info   ][gc       ] Using Shenandoah
[0.764s][info   ][metaspace] Reserving compressed class space anywhere
[0.764s][info   ][gc,metaspace] CDS archive(s) not mapped
[0.769s][info   ][gc,metaspace] Compressed class space mapped at: 0x000000000b000000-0x00000000cb000000, reserved size: 3221225472
[0.769s][info   ][gc,metaspace] UseCompressedClassPointers 1, UseCompactObjectHeaders 0, narrow klass pointer bits 32, max shift 3
[0.769s][info   ][gc,metaspace] Narrow klass base: 0x0000000000000000, Narrow klass shift: 0, Narrow klass range: 0xcb000000
Random Seed: 12345678
Num Classes: 16
Num Objects: 67108864
Percent IK Objects: 83.0%)
Percent OAK Objects: 5.0%)
Percent TAK Objects: 12.0%)
Cycles: 50
Loading 16 pre-generated classes ...
Materialize pre-generated constructors ...
Creating objects...
[0.993s][info   ][gc          ] Trigger: GC request (System.gc())
[0.993s][info   ][gc          ] GC(0) Concurrent reset 0.167ms
[0.993s][info   ][gc          ] GC(0) Pause Init Mark (unload classes) 0.041ms
[0.994s][info   ][gc          ] GC(0) Concurrent marking roots 0.200ms
[0.995s][info   ][gc          ] GC(0) Concurrent marking (unload classes) 1.147ms
[0.995s][info   ][gc          ] GC(0) Pause Final Mark (unload classes) 0.134ms
[0.995s][info   ][gc          ] GC(0) Concurrent thread roots 0.090ms
[0.995s][info   ][gc          ] GC(0) Concurrent weak references 0.076ms
[0.996s][info   ][gc          ] GC(0) Concurrent weak roots 0.425ms
[0.996s][info   ][gc          ] GC(0) Concurrent cleanup 18M->18M(6144M) 0.099ms
[0.997s][info   ][metaspace   ] ChkMgr @0x00007ffff0121a50 (non-class-space): : reclaiming memory...
[0.997s][info   ][metaspace   ] ChkMgr @0x00007ffff0121a50 (non-class-space): nothing reclaimed.
[0.997s][info   ][metaspace   ] ChkMgr @0x00007ffff0121860 (class-space): : reclaiming memory...
[0.997s][info   ][metaspace   ] ChkMgr @0x00007ffff0121860 (class-space): nothing reclaimed.
[0.997s][info   ][gc          ] GC(0) Concurrent class unloading 1.362ms
[0.997s][info   ][gc          ] GC(0) Concurrent strong roots 0.228ms
[0.998s][info   ][gc          ] GC(0) Concurrent evacuation 0.689ms
[0.998s][info   ][gc          ] GC(0) Pause Init Update Refs 0.005ms
[0.998s][info   ][gc          ] GC(0) At start of update refs, moving 16384K to Mutator free partition from Collector Reserve
[0.999s][info   ][gc          ] GC(0) Concurrent update references 1.097ms
[0.999s][info   ][gc          ] GC(0) Concurrent update thread roots 0.047ms
[0.999s][info   ][gc          ] GC(0) Pause Final Update Refs 0.055ms
[0.999s][info   ][gc          ] GC(0) Concurrent cleanup 20M->4M(6144M) 0.109ms
[0.999s][info   ][gc,metaspace] Metaspace: 11150K(11392K)->11126K(11392K) NonClass: 10070K(10176K)->10054K(10176K) Class: 1079K(1216K)->1071K(1216K)
[1.694s][info   ][gc          ] Trigger: Learning 2 of 5. Free (4300M) is below initial threshold (4300M)
[1.695s][info   ][gc          ] GC(1) Concurrent reset 0.239ms
[1.695s][info   ][gc          ] GC(1) Pause Init Mark (unload classes) 0.053ms
[1.695s][info   ][gc          ] GC(1) Concurrent marking roots 0.108ms
[2.138s][info   ][gc          ] GC(1) Concurrent marking (unload classes) 443.233ms
[2.139s][info   ][gc          ] GC(1) Pause Final Mark (unload classes) 0.293ms
[2.139s][info   ][gc          ] GC(1) Concurrent thread roots 0.078ms
[2.139s][info   ][gc          ] GC(1) Concurrent weak references 0.056ms
[2.139s][info   ][gc          ] GC(1) Concurrent weak roots 0.424ms
[2.139s][info   ][gc          ] GC(1) Concurrent cleanup 2445M->2445M(6144M) 0.098ms
[2.140s][info   ][gc          ] GC(1) Concurrent class unloading 0.684ms
[2.140s][info   ][gc          ] GC(1) Concurrent strong roots 0.178ms
[2.256s][info   ][gc          ] GC(1) Concurrent evacuation 115.255ms
[2.256s][info   ][gc          ] GC(1) Pause Init Update Refs 0.011ms
[2.256s][info   ][gc          ] GC(1) At start of update refs, moving 154M to Mutator free partition from Collector Reserve
[2.605s][info   ][gc          ] GC(1) Concurrent update references 348.734ms
[2.605s][info   ][gc          ] GC(1) Concurrent update thread roots 0.206ms
[2.605s][info   ][gc          ] GC(1) Pause Final Update Refs 0.096ms
[2.605s][info   ][gc          ] GC(1) Concurrent cleanup 3552M->2272M(6144M) 0.138ms
[2.605s][info   ][gc,metaspace] Metaspace: 11196K(11456K)->11196K(11456K) NonClass: 10115K(10240K)->10115K(10240K) Class: 1081K(1216K)->1081K(1216K)
[2.606s][info   ][gc          ] Trigger: Learning 3 of 5. Free (3557M) is below initial threshold (4300M)
[2.609s][info   ][gc          ] GC(2) Concurrent reset 2.250ms
[2.609s][info   ][gc          ] GC(2) Pause Init Mark (unload classes) 0.048ms
[2.609s][info   ][gc          ] GC(2) Concurrent marking roots 0.114ms
[3.181s][info   ][gc          ] GC(2) Concurrent marking (unload classes) 572.172ms
[3.181s][info   ][gc          ] GC(2) Pause Final Mark (unload classes) 0.337ms
[3.182s][info   ][gc          ] GC(2) Concurrent thread roots 0.053ms
[3.182s][info   ][gc          ] GC(2) Concurrent weak references 0.039ms
[3.182s][info   ][gc          ] GC(2) Concurrent weak roots 0.317ms
[3.182s][info   ][gc          ] GC(2) Concurrent cleanup 3533M->3533M(6144M) 0.099ms
[3.183s][info   ][gc          ] GC(2) Concurrent class unloading 0.630ms
[3.183s][info   ][gc          ] GC(2) Concurrent strong roots 0.059ms
[3.340s][info   ][gc          ] GC(2) Concurrent evacuation 157.138ms
[3.340s][info   ][gc          ] GC(2) Pause Init Update Refs 0.007ms
[3.340s][info   ][gc          ] GC(2) At start of update refs, moving 104M to Mutator free partition from Collector Reserve
[3.800s][info   ][gc          ] GC(2) Concurrent update references 460.307ms
[3.801s][info   ][gc          ] GC(2) Concurrent update thread roots 0.176ms
[3.801s][info   ][gc          ] GC(2) Pause Final Update Refs 0.119ms
[3.801s][info   ][gc          ] GC(2) Concurrent cleanup 5000M->3124M(6144M) 0.222ms
[3.801s][info   ][gc,metaspace] Metaspace: 11196K(11456K)->11196K(11456K) NonClass: 10115K(10240K)->10115K(10240K) Class: 1081K(1216K)->1081K(1216K)
[3.802s][info   ][gc          ] Trigger: Learning 4 of 5. Free (2706M) is below initial threshold (4300M)
[3.806s][info   ][gc          ] GC(3) Concurrent reset 3.639ms
[3.806s][info   ][gc          ] GC(3) Pause Init Mark (unload classes) 0.049ms
[3.806s][info   ][gc          ] GC(3) Concurrent marking roots 0.094ms
[4.549s][info   ][gc          ] GC(3) Concurrent marking (unload classes) 742.979ms
[4.550s][info   ][gc          ] GC(3) Pause Final Mark (unload classes) 0.415ms
[4.550s][info   ][gc          ] GC(3) Concurrent thread roots 0.069ms
[4.550s][info   ][gc          ] GC(3) Concurrent weak references 0.039ms
[4.550s][info   ][gc          ] GC(3) Concurrent weak roots 0.337ms
[4.550s][info   ][gc          ] GC(3) Concurrent cleanup 4785M->4785M(6144M) 0.099ms
[4.551s][info   ][gc          ] GC(3) Concurrent class unloading 0.609ms
[4.551s][info   ][gc          ] GC(3) Concurrent strong roots 0.054ms
[4.796s][info   ][gc          ] GC(3) Concurrent evacuation 244.706ms
[4.796s][info   ][gc          ] GC(3) Pause Init Update Refs 0.006ms
[4.796s][info   ][gc          ] GC(3) At start of update refs, moving 51200K to Mutator free partition from Collector Reserve
[5.468s][info   ][gc          ] GC(3) Concurrent update references 671.709ms
[5.468s][info   ][gc          ] GC(3) Concurrent update thread roots 0.219ms
[5.468s][info   ][gc          ] GC(3) Pause Final Update Refs 0.110ms
[5.468s][info   ][gc          ] GC(3) Concurrent cleanup 6004M->3500M(6144M) 0.165ms
[5.468s][info   ][gc,metaspace] Metaspace: 11196K(11456K)->11196K(11456K) NonClass: 10115K(10240K)->10115K(10240K) Class: 1081K(1216K)->1081K(1216K)
[5.469s][info   ][gc          ] Trigger: Learning 5 of 5. Free (2332M) is below initial threshold (4300M)
[5.474s][info   ][gc          ] GC(4) Concurrent reset 5.038ms
[5.475s][info   ][gc          ] GC(4) Pause Init Mark (unload classes) 0.045ms
[5.475s][info   ][gc          ] GC(4) Concurrent marking roots 0.089ms
[6.629s][info   ][gc          ] GC(4) Concurrent marking (unload classes) 1154.196ms
[6.629s][info   ][gc          ] GC(4) Pause Final Mark (unload classes) 0.432ms
[6.630s][info   ][gc          ] GC(4) Concurrent thread roots 0.066ms
[6.630s][info   ][gc          ] GC(4) Concurrent weak references 0.065ms
[6.630s][info   ][gc          ] GC(4) Concurrent weak roots 0.315ms
[6.630s][info   ][gc          ] GC(4) Concurrent cleanup 5107M->5107M(6144M) 0.098ms
[6.631s][info   ][gc          ] GC(4) Concurrent class unloading 0.750ms
[6.631s][info   ][gc          ] GC(4) Concurrent strong roots 0.055ms
[6.951s][info   ][gc          ] GC(4) Concurrent evacuation 319.951ms
[6.951s][info   ][gc          ] GC(4) Pause Init Update Refs 0.008ms
[6.951s][info   ][gc          ] GC(4) At start of update refs, moving 51200K to Mutator free partition from Collector Reserve
[7.763s][info   ][gc          ] GC(4) Concurrent update references 811.507ms
[7.763s][info   ][gc          ] GC(4) Concurrent update thread roots 0.215ms
[7.763s][info   ][gc          ] GC(4) Pause Final Update Refs 0.127ms
[7.763s][info   ][gc          ] GC(4) Concurrent cleanup 6043M->3537M(6144M) 0.191ms
[7.763s][info   ][gc,metaspace] Metaspace: 11196K(11456K)->11196K(11456K) NonClass: 10115K(10240K)->10115K(10240K) Class: 1081K(1216K)->1081K(1216K)
[7.764s][info   ][gc          ] Trigger: Average GC time (2939.18 ms) is above the time for average allocation rate (1569 MB/s) to deplete free headroom (1989M) (margin of error = 1.80)
[7.770s][info   ][gc          ] GC(5) Concurrent reset 5.289ms
[7.770s][info   ][gc          ] GC(5) Pause Init Mark (unload classes) 0.051ms
[7.770s][info   ][gc          ] GC(5) Concurrent marking roots 0.099ms
[9.098s][info   ][gc          ] GC(5) Concurrent marking (unload classes) 1328.033ms
[9.099s][info   ][gc          ] GC(5) Pause Final Mark (unload classes) 0.427ms
[9.099s][info   ][gc          ] GC(5) Concurrent thread roots 0.081ms
[9.099s][info   ][gc          ] GC(5) Concurrent weak references 0.037ms
[9.099s][info   ][gc          ] GC(5) Concurrent weak roots 0.339ms
[9.099s][info   ][gc          ] GC(5) Concurrent cleanup 5445M->5445M(6144M) 0.098ms
[9.100s][info   ][gc          ] GC(5) Concurrent class unloading 0.562ms
[9.100s][info   ][gc          ] GC(5) Concurrent strong roots 0.059ms
[9.339s][info   ][gc          ] GC(5) Concurrent evacuation 238.622ms
[9.339s][info   ][gc          ] GC(5) Pause Init Update Refs 0.007ms
[9.339s][info   ][gc          ] GC(5) At start of update refs, moving 55296K to Mutator free partition from Collector Reserve
[10.589s][info   ][gc          ] GC(5) Concurrent update references 1249.862ms
[10.589s][info   ][gc          ] GC(5) Concurrent update thread roots 0.215ms
[10.589s][info   ][gc          ] GC(5) Pause Final Update Refs 0.130ms
[10.589s][info   ][gc          ] GC(5) Concurrent cleanup 6066M->3640M(6144M) 0.189ms
[10.589s][info   ][gc,metaspace] Metaspace: 11196K(11456K)->11196K(11456K) NonClass: 10115K(10240K)->10115K(10240K) Class: 1081K(1216K)->1081K(1216K)
[10.590s][info   ][gc          ] Trigger: Average GC time (3561.48 ms) is above the time for average allocation rate (1241 MB/s) to deplete free headroom (1886M) (margin of error = 1.81)
[10.596s][info   ][gc          ] GC(6) Concurrent reset 5.268ms
[10.596s][info   ][gc          ] GC(6) Pause Init Mark (unload classes) 0.053ms
[10.596s][info   ][gc          ] GC(6) Concurrent marking roots 0.104ms
67108864 Objects created
 - IK: 55699211 (82.99829%)
 - OAK: 3355627 (5.0002737%)
 - TAK: 8054026 (12.001434%)
Preparatory GC...
[11.869s][info   ][gc          ] GC(6) Concurrent marking (unload classes) 1273.384ms
[11.870s][info   ][gc          ] GC(6) Pause Final Mark (unload classes) 0.374ms
[11.874s][info   ][gc          ] GC(6) Concurrent thread roots 0.118ms
[11.874s][info   ][gc          ] GC(6) Concurrent weak references 0.043ms
[11.874s][info   ][gc          ] GC(6) Concurrent weak roots 0.336ms
[11.875s][info   ][gc          ] GC(6) Concurrent cleanup 4666M->4666M(6144M) 0.110ms
[11.875s][info   ][gc          ] GC(6) Concurrent class unloading 0.589ms
[11.875s][info   ][gc          ] GC(6) Concurrent strong roots 0.052ms
[12.077s][info   ][gc          ] GC(6) Concurrent evacuation 201.618ms
[12.077s][info   ][gc          ] GC(6) Pause Init Update Refs 0.005ms
[12.077s][info   ][gc          ] GC(6) At start of update refs, moving 71680K to Mutator free partition from Collector Reserve
[13.308s][info   ][gc          ] GC(6) Concurrent update references 1230.988ms
[13.308s][info   ][gc          ] GC(6) Concurrent update thread roots 0.270ms
[13.308s][info   ][gc          ] GC(6) Pause Final Update Refs 0.114ms
[13.309s][info   ][gc          ] GC(6) Concurrent cleanup 4904M->2625M(6144M) 0.167ms
[13.309s][info   ][gc,metaspace] Metaspace: 11196K(11456K)->11196K(11456K) NonClass: 10115K(10240K)->10115K(10240K) Class: 1081K(1216K)->1081K(1216K)
[13.310s][info   ][gc          ] Trigger: GC request (System.gc())
[13.315s][info   ][gc          ] GC(7) Concurrent reset 5.509ms
[13.316s][info   ][gc          ] GC(7) Pause Init Mark (unload classes) 0.055ms
[13.316s][info   ][gc          ] GC(7) Concurrent marking roots 0.124ms
[15.021s][info   ][gc          ] GC(7) Concurrent marking (unload classes) 1705.512ms
[15.022s][info   ][gc          ] GC(7) Pause Final Mark (unload classes) 0.317ms
[15.022s][info   ][gc          ] GC(7) Concurrent thread roots 0.087ms
[15.022s][info   ][gc          ] GC(7) Concurrent weak references 0.043ms
[15.022s][info   ][gc          ] GC(7) Concurrent weak roots 0.339ms
[15.022s][info   ][gc          ] GC(7) Concurrent cleanup 2625M->2625M(6144M) 0.099ms
[15.024s][info   ][metaspace   ] ChkMgr @0x00007ffff0121a50 (non-class-space): : reclaiming memory...
[15.024s][info   ][metaspace   ] ChkMgr @0x00007ffff0121a50 (non-class-space): nothing reclaimed.
[15.024s][info   ][metaspace   ] ChkMgr @0x00007ffff0121860 (class-space): : reclaiming memory...
[15.024s][info   ][metaspace   ] ChkMgr @0x00007ffff0121860 (class-space): nothing reclaimed.
[15.024s][info   ][gc          ] GC(7) Concurrent class unloading 1.431ms
[15.024s][info   ][gc          ] GC(7) Concurrent strong roots 0.057ms
[15.104s][info   ][gc          ] GC(7) Concurrent evacuation 80.528ms
[15.104s][info   ][gc          ] GC(7) Pause Init Update Refs 0.007ms
[15.105s][info   ][gc          ] GC(7) At start of update refs, moving 200M to Mutator free partition from Collector Reserve
[16.063s][info   ][gc          ] GC(7) Concurrent update references 958.250ms
[16.063s][info   ][gc          ] GC(7) Concurrent update thread roots 0.268ms
[16.063s][info   ][gc          ] GC(7) Pause Final Update Refs 0.118ms
[16.063s][info   ][gc          ] GC(7) Concurrent cleanup 2733M->1706M(6144M) 0.141ms
[16.063s][info   ][gc,metaspace] Metaspace: 11196K(11456K)->11143K(11456K) NonClass: 10115K(10240K)->10071K(10240K) Class: 1081K(1216K)->1072K(1216K)
[16.065s][info   ][gc          ] Trigger: GC request (System.gc())
[16.068s][info   ][gc          ] GC(8) Concurrent reset 3.719ms
[16.068s][info   ][gc          ] GC(8) Pause Init Mark (unload classes) 0.053ms
[16.069s][info   ][gc          ] GC(8) Concurrent marking roots 0.141ms
[17.244s][info   ][gc          ] GC(8) Concurrent marking (unload classes) 1175.641ms
[17.245s][info   ][gc          ] GC(8) Pause Final Mark (unload classes) 0.230ms
[17.245s][info   ][gc          ] GC(8) Concurrent thread roots 0.080ms
[17.245s][info   ][gc          ] GC(8) Concurrent weak references 0.040ms
[17.245s][info   ][gc          ] GC(8) Concurrent weak roots 0.331ms
[17.245s][info   ][gc          ] GC(8) Concurrent cleanup 1706M->1706M(6144M) 0.098ms
[17.246s][info   ][gc          ] GC(8) Concurrent class unloading 0.605ms
[17.246s][info   ][gc          ] GC(8) Concurrent strong roots 0.058ms
[17.248s][info   ][gc          ] GC(8) Concurrent evacuation 2.245ms
[17.248s][info   ][gc          ] GC(8) Pause Init Update Refs 0.006ms
[17.248s][info   ][gc          ] GC(8) At start of update refs, moving 4096K to Mutator free partition from Collector Reserve
[18.299s][info   ][gc          ] GC(8) Concurrent update references 1051.230ms
[18.300s][info   ][gc          ] GC(8) Concurrent update thread roots 0.316ms
[18.300s][info   ][gc          ] GC(8) Pause Final Update Refs 0.107ms
[18.300s][info   ][gc          ] GC(8) Concurrent cleanup 1708M->1704M(6144M) 0.101ms
[18.300s][info   ][gc,metaspace] Metaspace: 11143K(11456K)->11143K(11456K) NonClass: 10071K(10240K)->10071K(10240K) Class: 1072K(1216K)->1072K(1216K)
Done; will start GCs... 
[18.301s][info   ][gc          ] Trigger: GC request (System.gc())
[18.304s][info   ][gc          ] GC(9) Concurrent reset 2.299ms
[18.304s][info   ][gc          ] GC(9) Pause Init Mark (unload classes) 0.042ms
[18.304s][info   ][gc          ] GC(9) Concurrent marking roots 0.146ms
[19.827s][info   ][gc          ] GC(9) Concurrent marking (unload classes) 1523.361ms
[19.828s][info   ][gc          ] GC(9) Pause Final Mark (unload classes) 0.248ms
[19.828s][info   ][gc          ] GC(9) Concurrent thread roots 0.059ms
[19.828s][info   ][gc          ] GC(9) Concurrent weak references 0.058ms
[19.828s][info   ][gc          ] GC(9) Concurrent weak roots 0.318ms
[19.828s][info   ][gc          ] GC(9) Concurrent cleanup 1705M->1704M(6144M) 0.099ms
[19.829s][info   ][gc          ] GC(9) Concurrent class unloading 0.609ms
[19.829s][info   ][gc          ] GC(9) Concurrent strong roots 0.051ms
[19.831s][info   ][gc          ] GC(9) Concurrent evacuation 1.677ms
[19.831s][info   ][gc          ] GC(9) Pause Init Update Refs 0.006ms
[19.831s][info   ][gc          ] GC(9) At start of update refs, moving 2048K to Mutator free partition from Collector Reserve
[20.684s][info   ][gc          ] GC(9) Concurrent update references 853.077ms
[20.684s][info   ][gc          ] GC(9) Concurrent update thread roots 0.282ms
[20.684s][info   ][gc          ] GC(9) Pause Final Update Refs 0.091ms
[20.685s][info   ][gc          ] GC(9) Concurrent cleanup 1706M->1704M(6144M) 0.100ms
[20.685s][info   ][gc,metaspace] Metaspace: 11143K(11456K)->11143K(11456K) NonClass: 10071K(10240K)->10071K(10240K) Class: 1072K(1216K)->1072K(1216K)
[20.686s][info   ][gc          ] Trigger: GC request (System.gc())
[20.688s][info   ][gc          ] GC(10) Concurrent reset 2.350ms
[20.688s][info   ][gc          ] GC(10) Pause Init Mark (unload classes) 0.050ms
[20.688s][info   ][gc          ] GC(10) Concurrent marking roots 0.094ms
[22.422s][info   ][gc          ] GC(10) Concurrent marking (unload classes) 1733.706ms
[22.422s][info   ][gc          ] GC(10) Pause Final Mark (unload classes) 0.253ms
[22.427s][info   ][gc          ] GC(10) Concurrent thread roots 0.091ms
[22.427s][info   ][gc          ] GC(10) Concurrent weak references 0.043ms
[22.427s][info   ][gc          ] GC(10) Concurrent weak roots 0.331ms
[22.427s][info   ][gc          ] GC(10) Concurrent cleanup 1704M->1704M(6144M) 0.110ms
[22.428s][info   ][gc          ] GC(10) Concurrent class unloading 0.611ms
[22.428s][info   ][gc          ] GC(10) Concurrent strong roots 0.055ms
[22.430s][info   ][gc          ] GC(10) Concurrent evacuation 1.686ms
[22.430s][info   ][gc          ] GC(10) Pause Init Update Refs 0.006ms
[22.430s][info   ][gc          ] GC(10) At start of update refs, moving 2048K to Mutator free partition from Collector Reserve
[23.479s][info   ][gc          ] GC(10) Concurrent update references 1048.707ms
[23.479s][info   ][gc          ] GC(10) Concurrent update thread roots 0.339ms
[23.479s][info   ][gc          ] GC(10) Pause Final Update Refs 0.104ms
[23.479s][info   ][gc          ] GC(10) Concurrent cleanup 1706M->1704M(6144M) 0.101ms
[23.479s][info   ][gc,metaspace] Metaspace: 11143K(11456K)->11143K(11456K) NonClass: 10071K(10240K)->10071K(10240K) Class: 1072K(1216K)->1072K(1216K)
[23.480s][info   ][gc          ] Trigger: GC request (System.gc())
[23.483s][info   ][gc          ] GC(11) Concurrent reset 2.370ms
[23.483s][info   ][gc          ] GC(11) Pause Init Mark (unload classes) 0.052ms
[23.483s][info   ][gc          ] GC(11) Concurrent marking roots 0.118ms
[24.669s][info   ][gc          ] GC(11) Concurrent marking (unload classes) 1185.822ms
[24.669s][info   ][gc          ] GC(11) Pause Final Mark (unload classes) 0.256ms
[24.669s][info   ][gc          ] GC(11) Concurrent thread roots 0.081ms
[24.669s][info   ][gc          ] GC(11) Concurrent weak references 0.041ms
[24.670s][info   ][gc          ] GC(11) Concurrent weak roots 0.328ms
[24.670s][info   ][gc          ] GC(11) Concurrent cleanup 1704M->1704M(6144M) 0.099ms
[24.670s][info   ][gc          ] GC(11) Concurrent class unloading 0.534ms
[24.670s][info   ][gc          ] GC(11) Concurrent strong roots 0.050ms
[24.672s][info   ][gc          ] GC(11) Concurrent evacuation 1.702ms
[24.672s][info   ][gc          ] GC(11) Pause Init Update Refs 0.005ms
[24.672s][info   ][gc          ] GC(11) At start of update refs, moving 2048K to Mutator free partition from Collector Reserve
[25.747s][info   ][gc          ] GC(11) Concurrent update references 1075.175ms
[25.748s][info   ][gc          ] GC(11) Concurrent update thread roots 0.334ms
[25.748s][info   ][gc          ] GC(11) Pause Final Update Refs 0.096ms
[25.748s][info   ][gc          ] GC(11) Concurrent cleanup 1706M->1704M(6144M) 0.105ms
[25.748s][info   ][gc,metaspace] Metaspace: 11143K(11456K)->11143K(11456K) NonClass: 10071K(10240K)->10071K(10240K) Class: 1072K(1216K)->1072K(1216K)
[25.749s][info   ][gc          ] Trigger: GC request (System.gc())
[25.752s][info   ][gc          ] GC(12) Concurrent reset 2.335ms
[25.752s][info   ][gc          ] GC(12) Pause Init Mark (unload classes) 0.068ms
[25.752s][info   ][gc          ] GC(12) Concurrent marking roots 0.096ms
[27.429s][info   ][gc          ] GC(12) Concurrent marking (unload classes) 1677.391ms
[27.430s][info   ][gc          ] GC(12) Pause Final Mark (unload classes) 0.231ms
[27.434s][info   ][gc          ] GC(12) Concurrent thread roots 0.077ms
[27.434s][info   ][gc          ] GC(12) Concurrent weak references 0.043ms
[27.434s][info   ][gc          ] GC(12) Concurrent weak roots 0.319ms
[27.434s][info   ][gc          ] GC(12) Concurrent cleanup 1704M->1704M(6144M) 0.110ms
[27.435s][info   ][gc          ] GC(12) Concurrent class unloading 0.778ms
[27.435s][info   ][gc          ] GC(12) Concurrent strong roots 0.055ms
[27.438s][info   ][gc          ] GC(12) Concurrent evacuation 2.948ms
[27.438s][info   ][gc          ] GC(12) Pause Init Update Refs 0.005ms
[27.438s][info   ][gc          ] GC(12) At start of update refs, moving 2048K to Mutator free partition from Collector Reserve
[28.287s][info   ][gc          ] GC(12) Concurrent update references 848.510ms
[28.287s][info   ][gc          ] GC(12) Concurrent update thread roots 0.191ms
[28.287s][info   ][gc          ] GC(12) Pause Final Update Refs 0.095ms
[28.287s][info   ][gc          ] GC(12) Concurrent cleanup 1706M->1704M(6144M) 0.118ms
[28.288s][info   ][gc,metaspace] Metaspace: 11143K(11456K)->11143K(11456K) NonClass: 10071K(10240K)->10071K(10240K) Class: 1072K(1216K)->1072K(1216K)
[28.289s][info   ][gc          ] Trigger: GC request (System.gc())
[28.291s][info   ][gc          ] GC(13) Concurrent reset 2.407ms
[28.291s][info   ][gc          ] GC(13) Pause Init Mark (unload classes) 0.052ms
[28.291s][info   ][gc          ] GC(13) Concurrent marking roots 0.081ms
[29.808s][info   ][gc          ] GC(13) Concurrent marking (unload classes) 1516.207ms
[29.808s][info   ][gc          ] GC(13) Pause Final Mark (unload classes) 0.254ms
[29.808s][info   ][gc          ] GC(13) Concurrent thread roots 0.083ms
[29.808s][info   ][gc          ] GC(13) Concurrent weak references 0.042ms
[29.808s][info   ][gc          ] GC(13) Concurrent weak roots 0.328ms
[29.808s][info   ][gc          ] GC(13) Concurrent cleanup 1704M->1704M(6144M) 0.098ms
[29.809s][info   ][gc          ] GC(13) Concurrent class unloading 0.542ms
[29.809s][info   ][gc          ] GC(13) Concurrent strong roots 0.057ms
[29.811s][info   ][gc          ] GC(13) Concurrent evacuation 1.705ms
[29.811s][info   ][gc          ] GC(13) Pause Init Update Refs 0.005ms
[29.811s][info   ][gc          ] GC(13) At start of update refs, moving 2048K to Mutator free partition from Collector Reserve
[30.884s][info   ][gc          ] GC(13) Concurrent update references 1073.435ms
[30.885s][info   ][gc          ] GC(13) Concurrent update thread roots 0.162ms
[30.885s][info   ][gc          ] GC(13) Pause Final Update Refs 0.087ms
[30.885s][info   ][gc          ] GC(13) Concurrent cleanup 1706M->1704M(6144M) 0.100ms
[30.885s][info   ][gc,metaspace] Metaspace: 11143K(11456K)->11143K(11456K) NonClass: 10071K(10240K)->10071K(10240K) Class: 1072K(1216K)->1072K(1216K)
[30.886s][info   ][gc          ] Trigger: GC request (System.gc())
[30.888s][info   ][gc          ] GC(14) Concurrent reset 2.285ms
[30.888s][info   ][gc          ] GC(14) Pause Init Mark (unload classes) 0.047ms
[30.889s][info   ][gc          ] GC(14) Concurrent marking roots 0.091ms
[32.327s][info   ][gc          ] GC(14) Concurrent marking (unload classes) 1438.632ms
[32.328s][info   ][gc          ] GC(14) Pause Final Mark (unload classes) 0.209ms
[32.328s][info   ][gc          ] GC(14) Concurrent thread roots 0.060ms
[32.328s][info   ][gc          ] GC(14) Concurrent weak references 0.039ms
[32.328s][info   ][gc          ] GC(14) Concurrent weak roots 0.336ms
[32.328s][info   ][gc          ] GC(14) Concurrent cleanup 1704M->1704M(6144M) 0.099ms
[32.329s][info   ][gc          ] GC(14) Concurrent class unloading 0.562ms
[32.329s][info   ][gc          ] GC(14) Concurrent strong roots 0.053ms
[32.331s][info   ][gc          ] GC(14) Concurrent evacuation 1.697ms
[32.331s][info   ][gc          ] GC(14) Pause Init Update Refs 0.005ms
[32.331s][info   ][gc          ] GC(14) At start of update refs, moving 2048K to Mutator free partition from Collector Reserve
[33.383s][info   ][gc          ] GC(14) Concurrent update references 1052.249ms
[33.383s][info   ][gc          ] GC(14) Concurrent update thread roots 0.292ms
[33.383s][info   ][gc          ] GC(14) Pause Final Update Refs 0.099ms
[33.384s][info   ][gc          ] GC(14) Concurrent cleanup 1706M->1704M(6144M) 0.108ms
[33.384s][info   ][gc,metaspace] Metaspace: 11143K(11456K)->11143K(11456K) NonClass: 10071K(10240K)->10071K(10240K) Class: 1072K(1216K)->1072K(1216K)
[33.385s][info   ][gc          ] Trigger: GC request (System.gc())
[33.387s][info   ][gc          ] GC(15) Concurrent reset 2.490ms
[33.387s][info   ][gc          ] GC(15) Pause Init Mark (unload classes) 0.043ms
[33.387s][info   ][gc          ] GC(15) Concurrent marking roots 0.097ms
[35.237s][info   ][gc          ] GC(15) Concurrent marking (unload classes) 1849.841ms
[35.238s][info   ][gc          ] GC(15) Pause Final Mark (unload classes) 0.233ms
[35.238s][info   ][gc          ] GC(15) Concurrent thread roots 0.071ms
[35.238s][info   ][gc          ] GC(15) Concurrent weak references 0.042ms
[35.238s][info   ][gc          ] GC(15) Concurrent weak roots 0.327ms
[35.238s][info   ][gc          ] GC(15) Concurrent cleanup 1704M->1704M(6144M) 0.098ms
[35.239s][info   ][gc          ] GC(15) Concurrent class unloading 0.598ms
[35.239s][info   ][gc          ] GC(15) Concurrent strong roots 0.058ms
[35.241s][info   ][gc          ] GC(15) Concurrent evacuation 1.713ms
[35.241s][info   ][gc          ] GC(15) Pause Init Update Refs 0.006ms
[35.241s][info   ][gc          ] GC(15) At start of update refs, moving 2048K to Mutator free partition from Collector Reserve
[36.292s][info   ][gc          ] GC(15) Concurrent update references 1051.049ms
[36.292s][info   ][gc          ] GC(15) Concurrent update thread roots 0.521ms
[36.292s][info   ][gc          ] GC(15) Pause Final Update Refs 0.109ms
[36.293s][info   ][gc          ] GC(15) Concurrent cleanup 1706M->1704M(6144M) 0.101ms
[36.293s][info   ][gc,metaspace] Metaspace: 11143K(11456K)->11143K(11456K) NonClass: 10071K(10240K)->10071K(10240K) Class: 1072K(1216K)->1072K(1216K)
[36.294s][info   ][gc          ] Trigger: GC request (System.gc())
[36.296s][info   ][gc          ] GC(16) Concurrent reset 2.435ms
[36.296s][info   ][gc          ] GC(16) Pause Init Mark (unload classes) 0.044ms
[36.297s][info   ][gc          ] GC(16) Concurrent marking roots 0.105ms
[37.864s][info   ][gc          ] GC(16) Concurrent marking (unload classes) 1567.766ms
[37.865s][info   ][gc          ] GC(16) Pause Final Mark (unload classes) 0.260ms
[37.865s][info   ][gc          ] GC(16) Concurrent thread roots 0.063ms
[37.865s][info   ][gc          ] GC(16) Concurrent weak references 0.063ms
[37.865s][info   ][gc          ] GC(16) Concurrent weak roots 0.326ms
[37.865s][info   ][gc          ] GC(16) Concurrent cleanup 1704M->1704M(6144M) 0.099ms
[37.866s][info   ][gc          ] GC(16) Concurrent class unloading 0.690ms
[37.866s][info   ][gc          ] GC(16) Concurrent strong roots 0.058ms
[37.869s][info   ][gc          ] GC(16) Concurrent evacuation 3.017ms
[37.869s][info   ][gc          ] GC(16) Pause Init Update Refs 0.006ms
[37.869s][info   ][gc          ] GC(16) At start of update refs, moving 2048K to Mutator free partition from Collector Reserve
[38.721s][info   ][gc          ] GC(16) Concurrent update references 852.286ms
[38.722s][info   ][gc          ] GC(16) Concurrent update thread roots 0.329ms
[38.726s][info   ][gc          ] GC(16) Pause Final Update Refs 0.093ms
[38.726s][info   ][gc          ] GC(16) Concurrent cleanup 1706M->1704M(6144M) 0.107ms
[38.726s][info   ][gc,metaspace] Metaspace: 11143K(11456K)->11143K(11456K) NonClass: 10071K(10240K)->10071K(10240K) Class: 1072K(1216K)->1072K(1216K)
[38.727s][info   ][gc          ] Trigger: GC request (System.gc())
[38.730s][info   ][gc          ] GC(17) Concurrent reset 2.242ms
[38.730s][info   ][gc          ] GC(17) Pause Init Mark (unload classes) 0.057ms
[38.730s][info   ][gc          ] GC(17) Concurrent marking roots 0.117ms
[40.226s][info   ][gc          ] GC(17) Concurrent marking (unload classes) 1496.389ms
[40.227s][info   ][gc          ] GC(17) Pause Final Mark (unload classes) 0.245ms
[40.227s][info   ][gc          ] GC(17) Concurrent thread roots 0.079ms
[40.227s][info   ][gc          ] GC(17) Concurrent weak references 0.049ms
[40.227s][info   ][gc          ] GC(17) Concurrent weak roots 0.345ms
[40.227s][info   ][gc          ] GC(17) Concurrent cleanup 1704M->1704M(6144M) 0.115ms
[40.228s][info   ][gc          ] GC(17) Concurrent class unloading 0.579ms
[40.228s][info   ][gc          ] GC(17) Concurrent strong roots 0.059ms
[40.230s][info   ][gc          ] GC(17) Concurrent evacuation 1.692ms
[40.230s][info   ][gc          ] GC(17) Pause Init Update Refs 0.006ms
[40.230s][info   ][gc          ] GC(17) At start of update refs, moving 2048K to Mutator free partition from Collector Reserve
[41.282s][info   ][gc          ] GC(17) Concurrent update references 1052.314ms
[41.283s][info   ][gc          ] GC(17) Concurrent update thread roots 0.237ms
[41.283s][info   ][gc          ] GC(17) Pause Final Update Refs 0.092ms
[41.283s][info   ][gc          ] GC(17) Concurrent cleanup 1706M->1704M(6144M) 0.101ms
[41.283s][info   ][gc,metaspace] Metaspace: 11143K(11456K)->11143K(11456K) NonClass: 10071K(10240K)->10071K(10240K) Class: 1072K(1216K)->1072K(1216K)
[41.284s][info   ][gc          ] Trigger: GC request (System.gc())
[41.286s][info   ][gc          ] GC(18) Concurrent reset 2.421ms
[41.286s][info   ][gc          ] GC(18) Pause Init Mark (unload classes) 0.052ms
[41.287s][info   ][gc          ] GC(18) Concurrent marking roots 0.099ms
[42.776s][info   ][gc          ] GC(18) Concurrent marking (unload classes) 1489.730ms
[42.777s][info   ][gc          ] GC(18) Pause Final Mark (unload classes) 0.242ms
[42.777s][info   ][gc          ] GC(18) Concurrent thread roots 0.066ms
[42.777s][info   ][gc          ] GC(18) Concurrent weak references 0.062ms
[42.777s][info   ][gc          ] GC(18) Concurrent weak roots 0.331ms
[42.777s][info   ][gc          ] GC(18) Concurrent cleanup 1704M->1704M(6144M) 0.100ms
[42.778s][info   ][gc          ] GC(18) Concurrent class unloading 0.769ms
[42.778s][info   ][gc          ] GC(18) Concurrent strong roots 0.059ms
[42.781s][info   ][gc          ] GC(18) Concurrent evacuation 2.966ms
[42.781s][info   ][gc          ] GC(18) Pause Init Update Refs 0.006ms
[42.781s][info   ][gc          ] GC(18) At start of update refs, moving 2048K to Mutator free partition from Collector Reserve
[43.634s][info   ][gc          ] GC(18) Concurrent update references 852.333ms
[43.634s][info   ][gc          ] GC(18) Concurrent update thread roots 0.281ms
[43.634s][info   ][gc          ] GC(18) Pause Final Update Refs 0.091ms
[43.634s][info   ][gc          ] GC(18) Concurrent cleanup 1706M->1704M(6144M) 0.102ms
[43.634s][info   ][gc,metaspace] Metaspace: 11143K(11456K)->11143K(11456K) NonClass: 10071K(10240K)->10071K(10240K) Class: 1072K(1216K)->1072K(1216K)
[43.635s][info   ][gc          ] Trigger: GC request (System.gc())
[43.638s][info   ][gc          ] GC(19) Concurrent reset 2.385ms
[43.638s][info   ][gc          ] GC(19) Pause Init Mark (unload classes) 0.054ms
[43.638s][info   ][gc          ] GC(19) Concurrent marking roots 0.084ms
[45.362s][info   ][gc          ] GC(19) Concurrent marking (unload classes) 1724.280ms
[45.363s][info   ][gc          ] GC(19) Pause Final Mark (unload classes) 0.262ms
[45.363s][info   ][gc          ] GC(19) Concurrent thread roots 0.080ms
[45.363s][info   ][gc          ] GC(19) Concurrent weak references 0.041ms
[45.363s][info   ][gc          ] GC(19) Concurrent weak roots 0.340ms
[45.363s][info   ][gc          ] GC(19) Concurrent cleanup 1704M->1704M(6144M) 0.098ms
[45.364s][info   ][gc          ] GC(19) Concurrent class unloading 0.561ms
[45.364s][info   ][gc          ] GC(19) Concurrent strong roots 0.056ms
[45.366s][info   ][gc          ] GC(19) Concurrent evacuation 1.655ms
[45.366s][info   ][gc          ] GC(19) Pause Init Update Refs 0.005ms
[45.366s][info   ][gc          ] GC(19) At start of update refs, moving 2048K to Mutator free partition from Collector Reserve
[46.417s][info   ][gc          ] GC(19) Concurrent update references 1051.065ms
[46.417s][info   ][gc          ] GC(19) Concurrent update thread roots 0.296ms
[46.417s][info   ][gc          ] GC(19) Pause Final Update Refs 0.112ms
[46.417s][info   ][gc          ] GC(19) Concurrent cleanup 1706M->1704M(6144M) 0.101ms
[46.418s][info   ][gc,metaspace] Metaspace: 11143K(11456K)->11143K(11456K) NonClass: 10071K(10240K)->10071K(10240K) Class: 1072K(1216K)->1072K(1216K)
[46.419s][info   ][gc          ] Trigger: GC request (System.gc())
[46.421s][info   ][gc          ] GC(20) Concurrent reset 2.279ms
[46.421s][info   ][gc          ] GC(20) Pause Init Mark (unload classes) 0.044ms
[46.421s][info   ][gc          ] GC(20) Concurrent marking roots 0.087ms
[48.276s][info   ][gc          ] GC(20) Concurrent marking (unload classes) 1854.894ms
[48.276s][info   ][gc          ] GC(20) Pause Final Mark (unload classes) 0.219ms
[48.276s][info   ][gc          ] GC(20) Concurrent thread roots 0.069ms
[48.276s][info   ][gc          ] GC(20) Concurrent weak references 0.043ms
[48.277s][info   ][gc          ] GC(20) Concurrent weak roots 0.326ms
[48.277s][info   ][gc          ] GC(20) Concurrent cleanup 1704M->1704M(6144M) 0.105ms
[48.278s][info   ][gc          ] GC(20) Concurrent class unloading 0.613ms
[48.278s][info   ][gc          ] GC(20) Concurrent strong roots 0.054ms
[48.279s][info   ][gc          ] GC(20) Concurrent evacuation 1.704ms
[48.279s][info   ][gc          ] GC(20) Pause Init Update Refs 0.006ms
[48.280s][info   ][gc          ] GC(20) At start of update refs, moving 2048K to Mutator free partition from Collector Reserve
[49.338s][info   ][gc          ] GC(20) Concurrent update references 1058.770ms
[49.339s][info   ][gc          ] GC(20) Concurrent update thread roots 0.161ms
[49.339s][info   ][gc          ] GC(20) Pause Final Update Refs 0.084ms
[49.339s][info   ][gc          ] GC(20) Concurrent cleanup 1706M->1704M(6144M) 0.100ms
[49.339s][info   ][gc,metaspace] Metaspace: 11143K(11456K)->11143K(11456K) NonClass: 10071K(10240K)->10071K(10240K) Class: 1072K(1216K)->1072K(1216K)
[49.340s][info   ][gc          ] Trigger: GC request (System.gc())
[49.343s][info   ][gc          ] GC(21) Concurrent reset 2.696ms
[49.343s][info   ][gc          ] GC(21) Pause Init Mark (unload classes) 0.057ms
[49.343s][info   ][gc          ] GC(21) Concurrent marking roots 0.090ms
[50.840s][info   ][gc          ] GC(21) Concurrent marking (unload classes) 1496.952ms
[50.840s][info   ][gc          ] GC(21) Pause Final Mark (unload classes) 0.219ms
[50.844s][info   ][gc          ] GC(21) Concurrent thread roots 0.065ms
[50.844s][info   ][gc          ] GC(21) Concurrent weak references 0.073ms
[50.845s][info   ][gc          ] GC(21) Concurrent weak roots 0.312ms
[50.845s][info   ][gc          ] GC(21) Concurrent cleanup 1704M->1704M(6144M) 0.098ms
[50.846s][info   ][gc          ] GC(21) Concurrent class unloading 0.763ms
[50.846s][info   ][gc          ] GC(21) Concurrent strong roots 0.056ms
[50.849s][info   ][gc          ] GC(21) Concurrent evacuation 3.016ms
[50.849s][info   ][gc          ] GC(21) Pause Init Update Refs 0.005ms
[50.849s][info   ][gc          ] GC(21) At start of update refs, moving 2048K to Mutator free partition from Collector Reserve
[51.697s][info   ][gc          ] GC(21) Concurrent update references 848.549ms
[51.698s][info   ][gc          ] GC(21) Concurrent update thread roots 0.160ms
[51.698s][info   ][gc          ] GC(21) Pause Final Update Refs 0.087ms
[51.698s][info   ][gc          ] GC(21) Concurrent cleanup 1706M->1704M(6144M) 0.100ms
[51.698s][info   ][gc,metaspace] Metaspace: 11143K(11456K)->11143K(11456K) NonClass: 10071K(10240K)->10071K(10240K) Class: 1072K(1216K)->1072K(1216K)
[51.699s][info   ][gc          ] Trigger: GC request (System.gc())
[51.701s][info   ][gc          ] GC(22) Concurrent reset 2.462ms
[51.702s][info   ][gc          ] GC(22) Pause Init Mark (unload classes) 0.045ms
[51.702s][info   ][gc          ] GC(22) Concurrent marking roots 0.084ms
[53.175s][info   ][gc          ] GC(22) Concurrent marking (unload classes) 1473.540ms
[53.176s][info   ][gc          ] GC(22) Pause Final Mark (unload classes) 0.255ms
[53.176s][info   ][gc          ] GC(22) Concurrent thread roots 0.067ms
[53.176s][info   ][gc          ] GC(22) Concurrent weak references 0.058ms
[53.176s][info   ][gc          ] GC(22) Concurrent weak roots 0.331ms
[53.176s][info   ][gc          ] GC(22) Concurrent cleanup 1704M->1704M(6144M) 0.099ms
[53.177s][info   ][gc          ] GC(22) Concurrent class unloading 0.610ms
[53.177s][info   ][gc          ] GC(22) Concurrent strong roots 0.052ms
[53.179s][info   ][gc          ] GC(22) Concurrent evacuation 1.700ms
[53.179s][info   ][gc          ] GC(22) Pause Init Update Refs 0.005ms
[53.179s][info   ][gc          ] GC(22) At start of update refs, moving 2048K to Mutator free partition from Collector Reserve
[54.239s][info   ][gc          ] GC(22) Concurrent update references 1060.336ms
[54.239s][info   ][gc          ] GC(22) Concurrent update thread roots 0.291ms
[54.240s][info   ][gc          ] GC(22) Pause Final Update Refs 0.097ms
[54.240s][info   ][gc          ] GC(22) Concurrent cleanup 1706M->1704M(6144M) 0.108ms
[54.240s][info   ][gc,metaspace] Metaspace: 11143K(11456K)->11143K(11456K) NonClass: 10071K(10240K)->10071K(10240K) Class: 1072K(1216K)->1072K(1216K)
[54.241s][info   ][gc          ] Trigger: GC request (System.gc())
[54.243s][info   ][gc          ] GC(23) Concurrent reset 2.361ms
[54.243s][info   ][gc          ] GC(23) Pause Init Mark (unload classes) 0.043ms
[54.244s][info   ][gc          ] GC(23) Concurrent marking roots 0.094ms
[55.412s][info   ][gc          ] GC(23) Concurrent marking (unload classes) 1168.560ms
[55.412s][info   ][gc          ] GC(23) Pause Final Mark (unload classes) 0.236ms
[55.413s][info   ][gc          ] GC(23) Concurrent thread roots 0.070ms
[55.413s][info   ][gc          ] GC(23) Concurrent weak references 0.042ms
[55.413s][info   ][gc          ] GC(23) Concurrent weak roots 0.334ms
[55.413s][info   ][gc          ] GC(23) Concurrent cleanup 1704M->1704M(6144M) 0.099ms
[55.414s][info   ][gc          ] GC(23) Concurrent class unloading 0.591ms
[55.414s][info   ][gc          ] GC(23) Concurrent strong roots 0.056ms
[55.416s][info   ][gc          ] GC(23) Concurrent evacuation 2.190ms
[55.416s][info   ][gc          ] GC(23) Pause Init Update Refs 0.005ms
[55.416s][info   ][gc          ] GC(23) At start of update refs, moving 2048K to Mutator free partition from Collector Reserve
[56.470s][info   ][gc          ] GC(23) Concurrent update references 1053.985ms
[56.470s][info   ][gc          ] GC(23) Concurrent update thread roots 0.306ms
[56.470s][info   ][gc          ] GC(23) Pause Final Update Refs 0.092ms
[56.471s][info   ][gc          ] GC(23) Concurrent cleanup 1706M->1704M(6144M) 0.107ms
[56.471s][info   ][gc,metaspace] Metaspace: 11143K(11456K)->11143K(11456K) NonClass: 10071K(10240K)->10071K(10240K) Class: 1072K(1216K)->1072K(1216K)
[56.472s][info   ][gc          ] Trigger: GC request (System.gc())
[56.474s][info   ][gc          ] GC(24) Concurrent reset 2.421ms
[56.474s][info   ][gc          ] GC(24) Pause Init Mark (unload classes) 0.046ms
[56.474s][info   ][gc          ] GC(24) Concurrent marking roots 0.112ms
[57.998s][info   ][gc          ] GC(24) Concurrent marking (unload classes) 1523.244ms
[57.998s][info   ][gc          ] GC(24) Pause Final Mark (unload classes) 0.232ms
[57.998s][info   ][gc          ] GC(24) Concurrent thread roots 0.067ms
[57.998s][info   ][gc          ] GC(24) Concurrent weak references 0.043ms
[57.999s][info   ][gc          ] GC(24) Concurrent weak roots 0.357ms
[57.999s][info   ][gc          ] GC(24) Concurrent cleanup 1704M->1704M(6144M) 0.099ms
[57.999s][info   ][gc          ] GC(24) Concurrent class unloading 0.610ms
[57.999s][info   ][gc          ] GC(24) Concurrent strong roots 0.061ms
[58.001s][info   ][gc          ] GC(24) Concurrent evacuation 1.706ms
[58.001s][info   ][gc          ] GC(24) Pause Init Update Refs 0.005ms
[58.001s][info   ][gc          ] GC(24) At start of update refs, moving 2048K to Mutator free partition from Collector Reserve
[59.192s][info   ][gc          ] GC(24) Concurrent update references 1190.693ms
[59.192s][info   ][gc          ] GC(24) Concurrent update thread roots 0.243ms
[59.192s][info   ][gc          ] GC(24) Pause Final Update Refs 0.086ms
[59.193s][info   ][gc          ] GC(24) Concurrent cleanup 1706M->1704M(6144M) 0.107ms
[59.193s][info   ][gc,metaspace] Metaspace: 11143K(11456K)->11143K(11456K) NonClass: 10071K(10240K)->10071K(10240K) Class: 1072K(1216K)->1072K(1216K)
[59.194s][info   ][gc          ] Trigger: GC request (System.gc())
[59.196s][info   ][gc          ] GC(25) Concurrent reset 2.367ms
[59.196s][info   ][gc          ] GC(25) Pause Init Mark (unload classes) 0.047ms
[59.196s][info   ][gc          ] GC(25) Concurrent marking roots 0.090ms
[61.120s][info   ][gc          ] GC(25) Concurrent marking (unload classes) 1923.562ms
[61.120s][info   ][gc          ] GC(25) Pause Final Mark (unload classes) 0.221ms
[61.120s][info   ][gc          ] GC(25) Concurrent thread roots 0.068ms
[61.120s][info   ][gc          ] GC(25) Concurrent weak references 0.041ms
[61.121s][info   ][gc          ] GC(25) Concurrent weak roots 0.327ms
[61.121s][info   ][gc          ] GC(25) Concurrent cleanup 1705M->1705M(6144M) 0.099ms
[61.121s][info   ][gc          ] GC(25) Concurrent class unloading 0.610ms
[61.122s][info   ][gc          ] GC(25) Concurrent strong roots 0.052ms
[61.123s][info   ][gc          ] GC(25) Concurrent evacuation 1.708ms
[61.123s][info   ][gc          ] GC(25) Pause Init Update Refs 0.005ms
[61.124s][info   ][gc          ] GC(25) At start of update refs, moving 2048K to Mutator free partition from Collector Reserve
[62.145s][info   ][gc          ] GC(25) Concurrent update references 1021.108ms
[62.145s][info   ][gc          ] GC(25) Concurrent update thread roots 0.292ms
[62.145s][info   ][gc          ] GC(25) Pause Final Update Refs 0.097ms
[62.145s][info   ][gc          ] GC(25) Concurrent cleanup 1707M->1705M(6144M) 0.107ms
[62.145s][info   ][gc,metaspace] Metaspace: 11143K(11456K)->11143K(11456K) NonClass: 10071K(10240K)->10071K(10240K) Class: 1072K(1216K)->1072K(1216K)
[62.146s][info   ][gc          ] Trigger: GC request (System.gc())
[62.149s][info   ][gc          ] GC(26) Concurrent reset 2.389ms
[62.149s][info   ][gc          ] GC(26) Pause Init Mark (unload classes) 0.042ms
[62.149s][info   ][gc          ] GC(26) Concurrent marking roots 0.085ms
[64.121s][info   ][gc          ] GC(26) Concurrent marking (unload classes) 1971.723ms
[64.121s][info   ][gc          ] GC(26) Pause Final Mark (unload classes) 0.222ms
[64.121s][info   ][gc          ] GC(26) Concurrent thread roots 0.068ms
[64.121s][info   ][gc          ] GC(26) Concurrent weak references 0.043ms
[64.122s][info   ][gc          ] GC(26) Concurrent weak roots 0.323ms
[64.122s][info   ][gc          ] GC(26) Concurrent cleanup 1705M->1705M(6144M) 0.098ms
[64.122s][info   ][gc          ] GC(26) Concurrent class unloading 0.601ms
[64.122s][info   ][gc          ] GC(26) Concurrent strong roots 0.055ms
[64.124s][info   ][gc          ] GC(26) Concurrent evacuation 1.720ms
[64.124s][info   ][gc          ] GC(26) Pause Init Update Refs 0.006ms
[64.124s][info   ][gc          ] GC(26) At start of update refs, moving 4096K to Mutator free partition from Collector Reserve
[64.956s][info   ][gc          ] GC(26) Concurrent update references 831.700ms
[64.956s][info   ][gc          ] GC(26) Concurrent update thread roots 0.222ms
[64.956s][info   ][gc          ] GC(26) Pause Final Update Refs 0.083ms
[64.956s][info   ][gc          ] GC(26) Concurrent cleanup 1707M->1704M(6144M) 0.101ms
[64.957s][info   ][gc,metaspace] Metaspace: 11143K(11456K)->11143K(11456K) NonClass: 10071K(10240K)->10071K(10240K) Class: 1072K(1216K)->1072K(1216K)
[64.958s][info   ][gc          ] Trigger: GC request (System.gc())
[64.960s][info   ][gc          ] GC(27) Concurrent reset 2.567ms
[64.960s][info   ][gc          ] GC(27) Pause Init Mark (unload classes) 0.054ms
[64.960s][info   ][gc          ] GC(27) Concurrent marking roots 0.073ms
[66.356s][info   ][gc          ] GC(27) Concurrent marking (unload classes) 1395.707ms
[66.356s][info   ][gc          ] GC(27) Pause Final Mark (unload classes) 0.222ms
[66.357s][info   ][gc          ] GC(27) Concurrent thread roots 0.071ms
[66.357s][info   ][gc          ] GC(27) Concurrent weak references 0.042ms
[66.357s][info   ][gc          ] GC(27) Concurrent weak roots 0.326ms
[66.357s][info   ][gc          ] GC(27) Concurrent cleanup 1704M->1704M(6144M) 0.098ms
[66.358s][info   ][gc          ] GC(27) Concurrent class unloading 0.553ms
[66.358s][info   ][gc          ] GC(27) Concurrent strong roots 0.057ms
[66.359s][info   ][gc          ] GC(27) Concurrent evacuation 1.703ms
[66.359s][info   ][gc          ] GC(27) Pause Init Update Refs 0.005ms
[66.360s][info   ][gc          ] GC(27) At start of update refs, moving 2048K to Mutator free partition from Collector Reserve
[67.412s][info   ][gc          ] GC(27) Concurrent update references 1052.273ms
[67.412s][info   ][gc          ] GC(27) Concurrent update thread roots 0.324ms
[67.416s][info   ][gc          ] GC(27) Pause Final Update Refs 0.098ms
[67.416s][info   ][gc          ] GC(27) Concurrent cleanup 1706M->1704M(6144M) 0.103ms
[67.417s][info   ][gc,metaspace] Metaspace: 11143K(11456K)->11143K(11456K) NonClass: 10071K(10240K)->10071K(10240K) Class: 1072K(1216K)->1072K(1216K)
[67.418s][info   ][gc          ] Trigger: GC request (System.gc())
[67.420s][info   ][gc          ] GC(28) Concurrent reset 2.361ms
[67.420s][info   ][gc          ] GC(28) Pause Init Mark (unload classes) 0.043ms
[67.420s][info   ][gc          ] GC(28) Concurrent marking roots 0.085ms
[69.013s][info   ][gc          ] GC(28) Concurrent marking (unload classes) 1593.014ms
[69.013s][info   ][gc          ] GC(28) Pause Final Mark (unload classes) 0.247ms
[69.014s][info   ][gc          ] GC(28) Concurrent thread roots 0.074ms
[69.014s][info   ][gc          ] GC(28) Concurrent weak references 0.042ms
[69.014s][info   ][gc          ] GC(28) Concurrent weak roots 0.329ms
[69.014s][info   ][gc          ] GC(28) Concurrent cleanup 1704M->1704M(6144M) 0.098ms
[69.015s][info   ][gc          ] GC(28) Concurrent class unloading 0.673ms
[69.015s][info   ][gc          ] GC(28) Concurrent strong roots 0.057ms
[69.017s][info   ][gc          ] GC(28) Concurrent evacuation 2.274ms
[69.017s][info   ][gc          ] GC(28) Pause Init Update Refs 0.006ms
[69.017s][info   ][gc          ] GC(28) At start of update refs, moving 2048K to Mutator free partition from Collector Reserve
[70.069s][info   ][gc          ] GC(28) Concurrent update references 1051.218ms
[70.069s][info   ][gc          ] GC(28) Concurrent update thread roots 0.291ms
[70.069s][info   ][gc          ] GC(28) Pause Final Update Refs 0.104ms
[70.069s][info   ][gc          ] GC(28) Concurrent cleanup 1706M->1704M(6144M) 0.101ms
[70.069s][info   ][gc,metaspace] Metaspace: 11143K(11456K)->11143K(11456K) NonClass: 10071K(10240K)->10071K(10240K) Class: 1072K(1216K)->1072K(1216K)
[70.070s][info   ][gc          ] Trigger: GC request (System.gc())
[70.073s][info   ][gc          ] GC(29) Concurrent reset 2.212ms
[70.073s][info   ][gc          ] GC(29) Pause Init Mark (unload classes) 0.055ms
[70.073s][info   ][gc          ] GC(29) Concurrent marking roots 0.115ms
[71.430s][info   ][gc          ] GC(29) Concurrent marking (unload classes) 1357.117ms
[71.430s][info   ][gc          ] GC(29) Pause Final Mark (unload classes) 0.253ms
[71.430s][info   ][gc          ] GC(29) Concurrent thread roots 0.088ms
[71.430s][info   ][gc          ] GC(29) Concurrent weak references 0.048ms
[71.431s][info   ][gc          ] GC(29) Concurrent weak roots 0.325ms
[71.431s][info   ][gc          ] GC(29) Concurrent cleanup 1704M->1704M(6144M) 0.099ms
[71.431s][info   ][gc          ] GC(29) Concurrent class unloading 0.537ms
[71.432s][info   ][gc          ] GC(29) Concurrent strong roots 0.053ms
[71.433s][info   ][gc          ] GC(29) Concurrent evacuation 1.692ms
[71.433s][info   ][gc          ] GC(29) Pause Init Update Refs 0.006ms
[71.433s][info   ][gc          ] GC(29) At start of update refs, moving 2048K to Mutator free partition from Collector Reserve
[72.503s][info   ][gc          ] GC(29) Concurrent update references 1069.571ms
[72.503s][info   ][gc          ] GC(29) Concurrent update thread roots 0.327ms
[72.508s][info   ][gc          ] GC(29) Pause Final Update Refs 0.093ms
[72.508s][info   ][gc          ] GC(29) Concurrent cleanup 1706M->1704M(6144M) 0.140ms
[72.508s][info   ][gc,metaspace] Metaspace: 11143K(11456K)->11143K(11456K) NonClass: 10071K(10240K)->10071K(10240K) Class: 1072K(1216K)->1072K(1216K)
[72.509s][info   ][gc          ] Trigger: GC request (System.gc())
[72.511s][info   ][gc          ] GC(30) Concurrent reset 2.393ms
[72.511s][info   ][gc          ] GC(30) Pause Init Mark (unload classes) 0.056ms
[72.512s][info   ][gc          ] GC(30) Concurrent marking roots 0.102ms
[74.362s][info   ][gc          ] GC(30) Concurrent marking (unload classes) 1850.103ms
[74.362s][info   ][gc          ] GC(30) Pause Final Mark (unload classes) 0.247ms
[74.362s][info   ][gc          ] GC(30) Concurrent thread roots 0.075ms
[74.362s][info   ][gc          ] GC(30) Concurrent weak references 0.044ms
[74.363s][info   ][gc          ] GC(30) Concurrent weak roots 0.342ms
[74.363s][info   ][gc          ] GC(30) Concurrent cleanup 1704M->1704M(6144M) 0.115ms
[74.363s][info   ][gc          ] GC(30) Concurrent class unloading 0.617ms
[74.363s][info   ][gc          ] GC(30) Concurrent strong roots 0.058ms
[74.365s][info   ][gc          ] GC(30) Concurrent evacuation 1.721ms
[74.365s][info   ][gc          ] GC(30) Pause Init Update Refs 0.006ms
[74.365s][info   ][gc          ] GC(30) At start of update refs, moving 2048K to Mutator free partition from Collector Reserve
[75.321s][info   ][gc          ] GC(30) Concurrent update references 955.489ms
[75.321s][info   ][gc          ] GC(30) Concurrent update thread roots 0.247ms
[75.321s][info   ][gc          ] GC(30) Pause Final Update Refs 0.112ms
[75.321s][info   ][gc          ] GC(30) Concurrent cleanup 1706M->1704M(6144M) 0.118ms
[75.322s][info   ][gc,metaspace] Metaspace: 11143K(11456K)->11143K(11456K) NonClass: 10071K(10240K)->10071K(10240K) Class: 1072K(1216K)->1072K(1216K)
[75.323s][info   ][gc          ] Trigger: GC request (System.gc())
[75.325s][info   ][gc          ] GC(31) Concurrent reset 2.396ms
[75.325s][info   ][gc          ] GC(31) Pause Init Mark (unload classes) 0.044ms
[75.325s][info   ][gc          ] GC(31) Concurrent marking roots 0.099ms
[76.811s][info   ][gc          ] GC(31) Concurrent marking (unload classes) 1486.060ms
[76.812s][info   ][gc          ] GC(31) Pause Final Mark (unload classes) 0.249ms
[76.812s][info   ][gc          ] GC(31) Concurrent thread roots 0.080ms
[76.812s][info   ][gc          ] GC(31) Concurrent weak references 0.043ms
[76.812s][info   ][gc          ] GC(31) Concurrent weak roots 0.330ms
[76.812s][info   ][gc          ] GC(31) Concurrent cleanup 1704M->1704M(6144M) 0.099ms
[76.813s][info   ][gc          ] GC(31) Concurrent class unloading 0.597ms
[76.813s][info   ][gc          ] GC(31) Concurrent strong roots 0.051ms
[76.815s][info   ][gc          ] GC(31) Concurrent evacuation 1.885ms
[76.815s][info   ][gc          ] GC(31) Pause Init Update Refs 0.006ms
[76.815s][info   ][gc          ] GC(31) At start of update refs, moving 2048K to Mutator free partition from Collector Reserve
[77.874s][info   ][gc          ] GC(31) Concurrent update references 1059.404ms
[77.875s][info   ][gc          ] GC(31) Concurrent update thread roots 0.399ms
[77.879s][info   ][gc          ] GC(31) Pause Final Update Refs 0.094ms
[77.879s][info   ][gc          ] GC(31) Concurrent cleanup 1706M->1704M(6144M) 0.107ms
[77.879s][info   ][gc,metaspace] Metaspace: 11143K(11456K)->11143K(11456K) NonClass: 10071K(10240K)->10071K(10240K) Class: 1072K(1216K)->1072K(1216K)
[77.880s][info   ][gc          ] Trigger: GC request (System.gc())
[77.883s][info   ][gc          ] GC(32) Concurrent reset 2.626ms
[77.883s][info   ][gc          ] GC(32) Pause Init Mark (unload classes) 0.054ms
[77.883s][info   ][gc          ] GC(32) Concurrent marking roots 0.098ms
[79.319s][info   ][gc          ] GC(32) Concurrent marking (unload classes) 1435.630ms
[79.319s][info   ][gc          ] GC(32) Pause Final Mark (unload classes) 0.245ms
[79.319s][info   ][gc          ] GC(32) Concurrent thread roots 0.075ms
[79.319s][info   ][gc          ] GC(32) Concurrent weak references 0.042ms
[79.320s][info   ][gc          ] GC(32) Concurrent weak roots 0.367ms
[79.320s][info   ][gc          ] GC(32) Concurrent cleanup 1704M->1704M(6144M) 0.115ms
[79.320s][info   ][gc          ] GC(32) Concurrent class unloading 0.558ms
[79.321s][info   ][gc          ] GC(32) Concurrent strong roots 0.058ms
[79.322s][info   ][gc          ] GC(32) Concurrent evacuation 1.698ms
[79.322s][info   ][gc          ] GC(32) Pause Init Update Refs 0.006ms
[79.322s][info   ][gc          ] GC(32) At start of update refs, moving 2048K to Mutator free partition from Collector Reserve
[80.278s][info   ][gc          ] GC(32) Concurrent update references 956.071ms
[80.279s][info   ][gc          ] GC(32) Concurrent update thread roots 0.360ms
[80.279s][info   ][gc          ] GC(32) Pause Final Update Refs 0.090ms
[80.279s][info   ][gc          ] GC(32) Concurrent cleanup 1706M->1704M(6144M) 0.102ms
[80.279s][info   ][gc,metaspace] Metaspace: 11143K(11456K)->11143K(11456K) NonClass: 10071K(10240K)->10071K(10240K) Class: 1072K(1216K)->1072K(1216K)
[80.280s][info   ][gc          ] Trigger: GC request (System.gc())
[80.283s][info   ][gc          ] GC(33) Concurrent reset 2.413ms
[80.283s][info   ][gc          ] GC(33) Pause Init Mark (unload classes) 0.044ms
[80.283s][info   ][gc          ] GC(33) Concurrent marking roots 0.089ms
[81.773s][info   ][gc          ] GC(33) Concurrent marking (unload classes) 1490.109ms
[81.773s][info   ][gc          ] GC(33) Pause Final Mark (unload classes) 0.250ms
[81.774s][info   ][gc          ] GC(33) Concurrent thread roots 0.090ms
[81.774s][info   ][gc          ] GC(33) Concurrent weak references 0.039ms
[81.774s][info   ][gc          ] GC(33) Concurrent weak roots 0.373ms
[81.774s][info   ][gc          ] GC(33) Concurrent cleanup 1704M->1704M(6144M) 0.100ms
[81.775s][info   ][gc          ] GC(33) Concurrent class unloading 0.619ms
[81.775s][info   ][gc          ] GC(33) Concurrent strong roots 0.087ms
[81.777s][info   ][gc          ] GC(33) Concurrent evacuation 1.711ms
[81.777s][info   ][gc          ] GC(33) Pause Init Update Refs 0.005ms
[81.777s][info   ][gc          ] GC(33) At start of update refs, moving 2048K to Mutator free partition from Collector Reserve
[83.108s][info   ][gc          ] GC(33) Concurrent update references 1331.537ms
[83.108s][info   ][gc          ] GC(33) Concurrent update thread roots 0.243ms
[83.109s][info   ][gc          ] GC(33) Pause Final Update Refs 0.090ms
[83.109s][info   ][gc          ] GC(33) Concurrent cleanup 1706M->1704M(6144M) 0.107ms
[83.109s][info   ][gc,metaspace] Metaspace: 11143K(11456K)->11143K(11456K) NonClass: 10071K(10240K)->10071K(10240K) Class: 1072K(1216K)->1072K(1216K)
[83.110s][info   ][gc          ] Trigger: GC request (System.gc())
[83.112s][info   ][gc          ] GC(34) Concurrent reset 2.394ms
[83.112s][info   ][gc          ] GC(34) Pause Init Mark (unload classes) 0.042ms
[83.113s][info   ][gc          ] GC(34) Concurrent marking roots 0.089ms
[84.570s][info   ][gc          ] GC(34) Concurrent marking (unload classes) 1457.014ms
[84.570s][info   ][gc          ] GC(34) Pause Final Mark (unload classes) 0.255ms
[84.570s][info   ][gc          ] GC(34) Concurrent thread roots 0.068ms
[84.570s][info   ][gc          ] GC(34) Concurrent weak references 0.041ms
[84.570s][info   ][gc          ] GC(34) Concurrent weak roots 0.323ms
[84.571s][info   ][gc          ] GC(34) Concurrent cleanup 1704M->1704M(6144M) 0.099ms
[84.571s][info   ][gc          ] GC(34) Concurrent class unloading 0.611ms
[84.571s][info   ][gc          ] GC(34) Concurrent strong roots 0.053ms
[84.573s][info   ][gc          ] GC(34) Concurrent evacuation 1.713ms
[84.573s][info   ][gc          ] GC(34) Pause Init Update Refs 0.006ms
[84.573s][info   ][gc          ] GC(34) At start of update refs, moving 2048K to Mutator free partition from Collector Reserve
[85.624s][info   ][gc          ] GC(34) Concurrent update references 1050.882ms
[85.624s][info   ][gc          ] GC(34) Concurrent update thread roots 0.291ms
[85.624s][info   ][gc          ] GC(34) Pause Final Update Refs 0.098ms
[85.625s][info   ][gc          ] GC(34) Concurrent cleanup 1706M->1704M(6144M) 0.107ms
[85.625s][info   ][gc,metaspace] Metaspace: 11143K(11456K)->11143K(11456K) NonClass: 10071K(10240K)->10071K(10240K) Class: 1072K(1216K)->1072K(1216K)
[85.626s][info   ][gc          ] Trigger: GC request (System.gc())
[85.628s][info   ][gc          ] GC(35) Concurrent reset 2.288ms
[85.628s][info   ][gc          ] GC(35) Pause Init Mark (unload classes) 0.043ms
[85.628s][info   ][gc          ] GC(35) Concurrent marking roots 0.091ms
[87.110s][info   ][gc          ] GC(35) Concurrent marking (unload classes) 1481.826ms
[87.110s][info   ][gc          ] GC(35) Pause Final Mark (unload classes) 0.220ms
[87.111s][info   ][gc          ] GC(35) Concurrent thread roots 0.060ms
[87.111s][info   ][gc          ] GC(35) Concurrent weak references 0.043ms
[87.111s][info   ][gc          ] GC(35) Concurrent weak roots 0.321ms
[87.111s][info   ][gc          ] GC(35) Concurrent cleanup 1704M->1704M(6144M) 0.098ms
[87.112s][info   ][gc          ] GC(35) Concurrent class unloading 0.586ms
[87.112s][info   ][gc          ] GC(35) Concurrent strong roots 0.062ms
[87.113s][info   ][gc          ] GC(35) Concurrent evacuation 1.696ms
[87.113s][info   ][gc          ] GC(35) Pause Init Update Refs 0.006ms
[87.114s][info   ][gc          ] GC(35) At start of update refs, moving 2048K to Mutator free partition from Collector Reserve
[88.165s][info   ][gc          ] GC(35) Concurrent update references 1050.984ms
[88.165s][info   ][gc          ] GC(35) Concurrent update thread roots 0.328ms
[88.169s][info   ][gc          ] GC(35) Pause Final Update Refs 0.094ms
[88.169s][info   ][gc          ] GC(35) Concurrent cleanup 1706M->1704M(6144M) 0.102ms
[88.169s][info   ][gc,metaspace] Metaspace: 11143K(11456K)->11143K(11456K) NonClass: 10071K(10240K)->10071K(10240K) Class: 1072K(1216K)->1072K(1216K)
[88.170s][info   ][gc          ] Trigger: GC request (System.gc())
[88.173s][info   ][gc          ] GC(36) Concurrent reset 2.229ms
[88.173s][info   ][gc          ] GC(36) Pause Init Mark (unload classes) 0.066ms
[88.173s][info   ][gc          ] GC(36) Concurrent marking roots 0.114ms
[89.771s][info   ][gc          ] GC(36) Concurrent marking (unload classes) 1598.197ms
[89.771s][info   ][gc          ] GC(36) Pause Final Mark (unload classes) 0.254ms
[89.772s][info   ][gc          ] GC(36) Concurrent thread roots 0.073ms
[89.772s][info   ][gc          ] GC(36) Concurrent weak references 0.067ms
[89.772s][info   ][gc          ] GC(36) Concurrent weak roots 0.341ms
[89.772s][info   ][gc          ] GC(36) Concurrent cleanup 1704M->1704M(6144M) 0.098ms
[89.773s][info   ][gc          ] GC(36) Concurrent class unloading 0.736ms
[89.773s][info   ][gc          ] GC(36) Concurrent strong roots 0.059ms
[89.776s][info   ][gc          ] GC(36) Concurrent evacuation 2.899ms
[89.776s][info   ][gc          ] GC(36) Pause Init Update Refs 0.006ms
[89.776s][info   ][gc          ] GC(36) At start of update refs, moving 2048K to Mutator free partition from Collector Reserve
[90.627s][info   ][gc          ] GC(36) Concurrent update references 850.725ms
[90.627s][info   ][gc          ] GC(36) Concurrent update thread roots 0.171ms
[90.627s][info   ][gc          ] GC(36) Pause Final Update Refs 0.084ms
[90.627s][info   ][gc          ] GC(36) Concurrent cleanup 1706M->1704M(6144M) 0.101ms
[90.627s][info   ][gc,metaspace] Metaspace: 11143K(11456K)->11143K(11456K) NonClass: 10071K(10240K)->10071K(10240K) Class: 1072K(1216K)->1072K(1216K)
[90.628s][info   ][gc          ] Trigger: GC request (System.gc())
[90.631s][info   ][gc          ] GC(37) Concurrent reset 2.398ms
[90.631s][info   ][gc          ] GC(37) Pause Init Mark (unload classes) 0.057ms
[90.631s][info   ][gc          ] GC(37) Concurrent marking roots 0.080ms
[92.154s][info   ][gc          ] GC(37) Concurrent marking (unload classes) 1522.604ms
[92.154s][info   ][gc          ] GC(37) Pause Final Mark (unload classes) 0.228ms
[92.154s][info   ][gc          ] GC(37) Concurrent thread roots 0.070ms
[92.154s][info   ][gc          ] GC(37) Concurrent weak references 0.040ms
[92.154s][info   ][gc          ] GC(37) Concurrent weak roots 0.291ms
[92.154s][info   ][gc          ] GC(37) Concurrent cleanup 1704M->1704M(6144M) 0.098ms
[92.155s][info   ][gc          ] GC(37) Concurrent class unloading 0.661ms
[92.155s][info   ][gc          ] GC(37) Concurrent strong roots 0.055ms
[92.157s][info   ][gc          ] GC(37) Concurrent evacuation 1.735ms
[92.157s][info   ][gc          ] GC(37) Pause Init Update Refs 0.006ms
[92.157s][info   ][gc          ] GC(37) At start of update refs, moving 2048K to Mutator free partition from Collector Reserve
[93.208s][info   ][gc          ] GC(37) Concurrent update references 1051.107ms
[93.208s][info   ][gc          ] GC(37) Concurrent update thread roots 0.233ms
[93.213s][info   ][gc          ] GC(37) Pause Final Update Refs 0.091ms
[93.213s][info   ][gc          ] GC(37) Concurrent cleanup 1706M->1704M(6144M) 0.102ms
[93.213s][info   ][gc,metaspace] Metaspace: 11143K(11456K)->11143K(11456K) NonClass: 10071K(10240K)->10071K(10240K) Class: 1072K(1216K)->1072K(1216K)
[93.214s][info   ][gc          ] Trigger: GC request (System.gc())
[93.216s][info   ][gc          ] GC(38) Concurrent reset 2.213ms
[93.216s][info   ][gc          ] GC(38) Pause Init Mark (unload classes) 0.059ms
[93.216s][info   ][gc          ] GC(38) Concurrent marking roots 0.125ms
[94.967s][info   ][gc          ] GC(38) Concurrent marking (unload classes) 1750.128ms
[94.967s][info   ][gc          ] GC(38) Pause Final Mark (unload classes) 0.261ms
[94.967s][info   ][gc          ] GC(38) Concurrent thread roots 0.088ms
[94.967s][info   ][gc          ] GC(38) Concurrent weak references 0.048ms
[94.968s][info   ][gc          ] GC(38) Concurrent weak roots 0.351ms
[94.968s][info   ][gc          ] GC(38) Concurrent cleanup 1704M->1704M(6144M) 0.116ms
[94.968s][info   ][gc          ] GC(38) Concurrent class unloading 0.710ms
[94.968s][info   ][gc          ] GC(38) Concurrent strong roots 0.059ms
[94.971s][info   ][gc          ] GC(38) Concurrent evacuation 2.256ms
[94.971s][info   ][gc          ] GC(38) Pause Init Update Refs 0.006ms
[94.971s][info   ][gc          ] GC(38) At start of update refs, moving 2048K to Mutator free partition from Collector Reserve
[96.018s][info   ][gc          ] GC(38) Concurrent update references 1046.512ms
[96.018s][info   ][gc          ] GC(38) Concurrent update thread roots 0.201ms
[96.018s][info   ][gc          ] GC(38) Pause Final Update Refs 0.093ms
[96.018s][info   ][gc          ] GC(38) Concurrent cleanup 1706M->1704M(6144M) 0.118ms
[96.018s][info   ][gc,metaspace] Metaspace: 11143K(11456K)->11143K(11456K) NonClass: 10071K(10240K)->10071K(10240K) Class: 1072K(1216K)->1072K(1216K)
[96.019s][info   ][gc          ] Trigger: GC request (System.gc())
[96.021s][info   ][gc          ] GC(39) Concurrent reset 2.234ms
[96.022s][info   ][gc          ] GC(39) Pause Init Mark (unload classes) 0.056ms
[96.022s][info   ][gc          ] GC(39) Concurrent marking roots 0.089ms
[97.787s][info   ][gc          ] GC(39) Concurrent marking (unload classes) 1765.120ms
[97.787s][info   ][gc          ] GC(39) Pause Final Mark (unload classes) 0.267ms
[97.787s][info   ][gc          ] GC(39) Concurrent thread roots 0.068ms
[97.787s][info   ][gc          ] GC(39) Concurrent weak references 0.041ms
[97.788s][info   ][gc          ] GC(39) Concurrent weak roots 0.325ms
[97.788s][info   ][gc          ] GC(39) Concurrent cleanup 1704M->1704M(6144M) 0.126ms
[97.788s][info   ][gc          ] GC(39) Concurrent class unloading 0.534ms
[97.788s][info   ][gc          ] GC(39) Concurrent strong roots 0.053ms
[97.790s][info   ][gc          ] GC(39) Concurrent evacuation 1.697ms
[97.790s][info   ][gc          ] GC(39) Pause Init Update Refs 0.006ms
[97.790s][info   ][gc          ] GC(39) At start of update refs, moving 2048K to Mutator free partition from Collector Reserve
[98.864s][info   ][gc          ] GC(39) Concurrent update references 1074.077ms
[98.865s][info   ][gc          ] GC(39) Concurrent update thread roots 0.341ms
[98.869s][info   ][gc          ] GC(39) Pause Final Update Refs 0.094ms
[98.869s][info   ][gc          ] GC(39) Concurrent cleanup 1706M->1704M(6144M) 0.102ms
[98.869s][info   ][gc,metaspace] Metaspace: 11143K(11456K)->11143K(11456K) NonClass: 10071K(10240K)->10071K(10240K) Class: 1072K(1216K)->1072K(1216K)
[98.870s][info   ][gc          ] Trigger: GC request (System.gc())
[98.872s][info   ][gc          ] GC(40) Concurrent reset 2.200ms
[98.873s][info   ][gc          ] GC(40) Pause Init Mark (unload classes) 0.052ms
[98.873s][info   ][gc          ] GC(40) Concurrent marking roots 0.090ms
[100.285s][info   ][gc          ] GC(40) Concurrent marking (unload classes) 1412.526ms
[100.286s][info   ][gc          ] GC(40) Pause Final Mark (unload classes) 0.245ms
[100.286s][info   ][gc          ] GC(40) Concurrent thread roots 0.073ms
[100.286s][info   ][gc          ] GC(40) Concurrent weak references 0.044ms
[100.286s][info   ][gc          ] GC(40) Concurrent weak roots 0.338ms
[100.286s][info   ][gc          ] GC(40) Concurrent cleanup 1704M->1704M(6144M) 0.115ms
[100.287s][info   ][gc          ] GC(40) Concurrent class unloading 0.620ms
[100.287s][info   ][gc          ] GC(40) Concurrent strong roots 0.057ms
[100.289s][info   ][gc          ] GC(40) Concurrent evacuation 1.713ms
[100.289s][info   ][gc          ] GC(40) Pause Init Update Refs 0.006ms
[100.289s][info   ][gc          ] GC(40) At start of update refs, moving 2048K to Mutator free partition from Collector Reserve
[101.288s][info   ][gc          ] GC(40) Concurrent update references 998.798ms
[101.288s][info   ][gc          ] GC(40) Concurrent update thread roots 0.198ms
[101.288s][info   ][gc          ] GC(40) Pause Final Update Refs 0.085ms
[101.288s][info   ][gc          ] GC(40) Concurrent cleanup 1706M->1704M(6144M) 0.101ms
[101.288s][info   ][gc,metaspace] Metaspace: 11143K(11456K)->11143K(11456K) NonClass: 10071K(10240K)->10071K(10240K) Class: 1072K(1216K)->1072K(1216K)
[101.289s][info   ][gc          ] Trigger: GC request (System.gc())
[101.292s][info   ][gc          ] GC(41) Concurrent reset 2.563ms
[101.292s][info   ][gc          ] GC(41) Pause Init Mark (unload classes) 0.050ms
[101.292s][info   ][gc          ] GC(41) Concurrent marking roots 0.081ms
[102.797s][info   ][gc          ] GC(41) Concurrent marking (unload classes) 1505.056ms
[102.797s][info   ][gc          ] GC(41) Pause Final Mark (unload classes) 0.219ms
[102.798s][info   ][gc          ] GC(41) Concurrent thread roots 0.071ms
[102.798s][info   ][gc          ] GC(41) Concurrent weak references 0.042ms
[102.798s][info   ][gc          ] GC(41) Concurrent weak roots 0.294ms
[102.798s][info   ][gc          ] GC(41) Concurrent cleanup 1704M->1704M(6144M) 0.098ms
[102.799s][info   ][gc          ] GC(41) Concurrent class unloading 0.609ms
[102.799s][info   ][gc          ] GC(41) Concurrent strong roots 0.059ms
[102.800s][info   ][gc          ] GC(41) Concurrent evacuation 1.717ms
[102.801s][info   ][gc          ] GC(41) Pause Init Update Refs 0.006ms
[102.801s][info   ][gc          ] GC(41) At start of update refs, moving 2048K to Mutator free partition from Collector Reserve
[103.850s][info   ][gc          ] GC(41) Concurrent update references 1049.589ms
[103.850s][info   ][gc          ] GC(41) Concurrent update thread roots 0.291ms
[103.851s][info   ][gc          ] GC(41) Pause Final Update Refs 0.104ms
[103.851s][info   ][gc          ] GC(41) Concurrent cleanup 1706M->1704M(6144M) 0.101ms
[103.851s][info   ][gc,metaspace] Metaspace: 11143K(11456K)->11143K(11456K) NonClass: 10071K(10240K)->10071K(10240K) Class: 1072K(1216K)->1072K(1216K)
[103.852s][info   ][gc          ] Trigger: GC request (System.gc())
[103.854s][info   ][gc          ] GC(42) Concurrent reset 2.227ms
[103.854s][info   ][gc          ] GC(42) Pause Init Mark (unload classes) 0.044ms
[103.854s][info   ][gc          ] GC(42) Concurrent marking roots 0.088ms
[105.274s][info   ][gc          ] GC(42) Concurrent marking (unload classes) 1419.568ms
[105.274s][info   ][gc          ] GC(42) Pause Final Mark (unload classes) 0.225ms
[105.274s][info   ][gc          ] GC(42) Concurrent thread roots 0.077ms
[105.274s][info   ][gc          ] GC(42) Concurrent weak references 0.042ms
[105.275s][info   ][gc          ] GC(42) Concurrent weak roots 0.328ms
[105.275s][info   ][gc          ] GC(42) Concurrent cleanup 1704M->1704M(6144M) 0.104ms
[105.275s][info   ][gc          ] GC(42) Concurrent class unloading 0.545ms
[105.276s][info   ][gc          ] GC(42) Concurrent strong roots 0.056ms
[105.277s][info   ][gc          ] GC(42) Concurrent evacuation 1.777ms
[105.277s][info   ][gc          ] GC(42) Pause Init Update Refs 0.006ms
[105.278s][info   ][gc          ] GC(42) At start of update refs, moving 2048K to Mutator free partition from Collector Reserve
[106.354s][info   ][gc          ] GC(42) Concurrent update references 1076.012ms
[106.354s][info   ][gc          ] GC(42) Concurrent update thread roots 0.242ms
[106.354s][info   ][gc          ] GC(42) Pause Final Update Refs 0.089ms
[106.354s][info   ][gc          ] GC(42) Concurrent cleanup 1706M->1704M(6144M) 0.101ms
[106.354s][info   ][gc,metaspace] Metaspace: 11143K(11456K)->11143K(11456K) NonClass: 10071K(10240K)->10071K(10240K) Class: 1072K(1216K)->1072K(1216K)
[106.355s][info   ][gc          ] Trigger: GC request (System.gc())
[106.358s][info   ][gc          ] GC(43) Concurrent reset 2.660ms
[106.358s][info   ][gc          ] GC(43) Pause Init Mark (unload classes) 0.049ms
[106.358s][info   ][gc          ] GC(43) Concurrent marking roots 0.067ms
[107.851s][info   ][gc          ] GC(43) Concurrent marking (unload classes) 1492.726ms
[107.851s][info   ][gc          ] GC(43) Pause Final Mark (unload classes) 0.218ms
[107.851s][info   ][gc          ] GC(43) Concurrent thread roots 0.063ms
[107.851s][info   ][gc          ] GC(43) Concurrent weak references 0.074ms
[107.852s][info   ][gc          ] GC(43) Concurrent weak roots 0.307ms
[107.852s][info   ][gc          ] GC(43) Concurrent cleanup 1704M->1704M(6144M) 0.098ms
[107.853s][info   ][gc          ] GC(43) Concurrent class unloading 0.761ms
[107.853s][info   ][gc          ] GC(43) Concurrent strong roots 0.053ms
[107.856s][info   ][gc          ] GC(43) Concurrent evacuation 2.946ms
[107.856s][info   ][gc          ] GC(43) Pause Init Update Refs 0.005ms
[107.856s][info   ][gc          ] GC(43) At start of update refs, moving 2048K to Mutator free partition from Collector Reserve
[108.709s][info   ][gc          ] GC(43) Concurrent update references 853.109ms
[108.709s][info   ][gc          ] GC(43) Concurrent update thread roots 0.285ms
[108.709s][info   ][gc          ] GC(43) Pause Final Update Refs 0.084ms
[108.710s][info   ][gc          ] GC(43) Concurrent cleanup 1706M->1704M(6144M) 0.100ms
[108.710s][info   ][gc,metaspace] Metaspace: 11143K(11456K)->11143K(11456K) NonClass: 10071K(10240K)->10071K(10240K) Class: 1072K(1216K)->1072K(1216K)
[108.711s][info   ][gc          ] Trigger: GC request (System.gc())
[108.713s][info   ][gc          ] GC(44) Concurrent reset 2.733ms
[108.714s][info   ][gc          ] GC(44) Pause Init Mark (unload classes) 0.062ms
[108.714s][info   ][gc          ] GC(44) Concurrent marking roots 0.110ms
[110.184s][info   ][gc          ] GC(44) Concurrent marking (unload classes) 1470.634ms
[110.185s][info   ][gc          ] GC(44) Pause Final Mark (unload classes) 0.232ms
[110.185s][info   ][gc          ] GC(44) Concurrent thread roots 0.068ms
[110.185s][info   ][gc          ] GC(44) Concurrent weak references 0.042ms
[110.185s][info   ][gc          ] GC(44) Concurrent weak roots 0.338ms
[110.185s][info   ][gc          ] GC(44) Concurrent cleanup 1704M->1704M(6144M) 0.099ms
[110.186s][info   ][gc          ] GC(44) Concurrent class unloading 0.594ms
[110.186s][info   ][gc          ] GC(44) Concurrent strong roots 0.051ms
[110.188s][info   ][gc          ] GC(44) Concurrent evacuation 1.693ms
[110.188s][info   ][gc          ] GC(44) Pause Init Update Refs 0.006ms
[110.188s][info   ][gc          ] GC(44) At start of update refs, moving 2048K to Mutator free partition from Collector Reserve
[111.239s][info   ][gc          ] GC(44) Concurrent update references 1050.888ms
[111.239s][info   ][gc          ] GC(44) Concurrent update thread roots 0.280ms
[111.239s][info   ][gc          ] GC(44) Pause Final Update Refs 0.097ms
[111.239s][info   ][gc          ] GC(44) Concurrent cleanup 1706M->1704M(6144M) 0.102ms
[111.239s][info   ][gc,metaspace] Metaspace: 11143K(11456K)->11143K(11456K) NonClass: 10071K(10240K)->10071K(10240K) Class: 1072K(1216K)->1072K(1216K)
[111.240s][info   ][gc          ] Trigger: GC request (System.gc())
[111.243s][info   ][gc          ] GC(45) Concurrent reset 2.278ms
[111.243s][info   ][gc          ] GC(45) Pause Init Mark (unload classes) 0.042ms
[111.243s][info   ][gc          ] GC(45) Concurrent marking roots 0.098ms
[112.416s][info   ][gc          ] GC(45) Concurrent marking (unload classes) 1173.316ms
[112.417s][info   ][gc          ] GC(45) Pause Final Mark (unload classes) 0.235ms
[112.417s][info   ][gc          ] GC(45) Concurrent thread roots 0.071ms
[112.417s][info   ][gc          ] GC(45) Concurrent weak references 0.042ms
[112.417s][info   ][gc          ] GC(45) Concurrent weak roots 0.323ms
[112.417s][info   ][gc          ] GC(45) Concurrent cleanup 1704M->1704M(6144M) 0.099ms
[112.418s][info   ][gc          ] GC(45) Concurrent class unloading 0.596ms
[112.418s][info   ][gc          ] GC(45) Concurrent strong roots 0.056ms
[112.420s][info   ][gc          ] GC(45) Concurrent evacuation 1.806ms
[112.420s][info   ][gc          ] GC(45) Pause Init Update Refs 0.005ms
[112.420s][info   ][gc          ] GC(45) At start of update refs, moving 2048K to Mutator free partition from Collector Reserve
[113.477s][info   ][gc          ] GC(45) Concurrent update references 1057.015ms
[113.477s][info   ][gc          ] GC(45) Concurrent update thread roots 0.179ms
[113.477s][info   ][gc          ] GC(45) Pause Final Update Refs 0.091ms
[113.477s][info   ][gc          ] GC(45) Concurrent cleanup 1706M->1704M(6144M) 0.100ms
[113.477s][info   ][gc,metaspace] Metaspace: 11143K(11456K)->11143K(11456K) NonClass: 10071K(10240K)->10071K(10240K) Class: 1072K(1216K)->1072K(1216K)
[113.478s][info   ][gc          ] Trigger: GC request (System.gc())
[113.481s][info   ][gc          ] GC(46) Concurrent reset 2.985ms
[113.482s][info   ][gc          ] GC(46) Pause Init Mark (unload classes) 0.054ms
[113.482s][info   ][gc          ] GC(46) Concurrent marking roots 0.104ms
[115.005s][info   ][gc          ] GC(46) Concurrent marking (unload classes) 1523.277ms
[115.005s][info   ][gc          ] GC(46) Pause Final Mark (unload classes) 0.238ms
[115.005s][info   ][gc          ] GC(46) Concurrent thread roots 0.068ms
[115.006s][info   ][gc          ] GC(46) Concurrent weak references 0.047ms
[115.006s][info   ][gc          ] GC(46) Concurrent weak roots 0.335ms
[115.006s][info   ][gc          ] GC(46) Concurrent cleanup 1704M->1704M(6144M) 0.099ms
[115.007s][info   ][gc          ] GC(46) Concurrent class unloading 0.669ms
[115.007s][info   ][gc          ] GC(46) Concurrent strong roots 0.052ms
[115.010s][info   ][gc          ] GC(46) Concurrent evacuation 2.861ms
[115.010s][info   ][gc          ] GC(46) Pause Init Update Refs 0.006ms
[115.010s][info   ][gc          ] GC(46) At start of update refs, moving 2048K to Mutator free partition from Collector Reserve
[116.060s][info   ][gc          ] GC(46) Concurrent update references 1050.713ms
[116.061s][info   ][gc          ] GC(46) Concurrent update thread roots 0.291ms
[116.061s][info   ][gc          ] GC(46) Pause Final Update Refs 0.099ms
[116.061s][info   ][gc          ] GC(46) Concurrent cleanup 1706M->1704M(6144M) 0.107ms
[116.061s][info   ][gc,metaspace] Metaspace: 11143K(11456K)->11143K(11456K) NonClass: 10071K(10240K)->10071K(10240K) Class: 1072K(1216K)->1072K(1216K)
[116.062s][info   ][gc          ] Trigger: GC request (System.gc())
[116.064s][info   ][gc          ] GC(47) Concurrent reset 2.199ms
[116.065s][info   ][gc          ] GC(47) Pause Init Mark (unload classes) 0.054ms
[116.065s][info   ][gc          ] GC(47) Concurrent marking roots 0.117ms
[117.414s][info   ][gc          ] GC(47) Concurrent marking (unload classes) 1349.578ms
[117.415s][info   ][gc          ] GC(47) Pause Final Mark (unload classes) 0.254ms
[117.415s][info   ][gc          ] GC(47) Concurrent thread roots 0.082ms
[117.415s][info   ][gc          ] GC(47) Concurrent weak references 0.041ms
[117.415s][info   ][gc          ] GC(47) Concurrent weak roots 0.326ms
[117.415s][info   ][gc          ] GC(47) Concurrent cleanup 1704M->1704M(6144M) 0.102ms
[117.416s][info   ][gc          ] GC(47) Concurrent class unloading 0.541ms
[117.416s][info   ][gc          ] GC(47) Concurrent strong roots 0.053ms
[117.418s][info   ][gc          ] GC(47) Concurrent evacuation 1.662ms
[117.418s][info   ][gc          ] GC(47) Pause Init Update Refs 0.006ms
[117.418s][info   ][gc          ] GC(47) At start of update refs, moving 2048K to Mutator free partition from Collector Reserve
[118.488s][info   ][gc          ] GC(47) Concurrent update references 1070.367ms
[118.488s][info   ][gc          ] GC(47) Concurrent update thread roots 0.286ms
[118.489s][info   ][gc          ] GC(47) Pause Final Update Refs 0.095ms
[118.489s][info   ][gc          ] GC(47) Concurrent cleanup 1706M->1704M(6144M) 0.102ms
[118.489s][info   ][gc,metaspace] Metaspace: 11143K(11456K)->11143K(11456K) NonClass: 10071K(10240K)->10071K(10240K) Class: 1072K(1216K)->1072K(1216K)
[118.490s][info   ][gc          ] Trigger: GC request (System.gc())
[118.492s][info   ][gc          ] GC(48) Concurrent reset 2.212ms
[118.492s][info   ][gc          ] GC(48) Pause Init Mark (unload classes) 0.050ms
[118.492s][info   ][gc          ] GC(48) Concurrent marking roots 0.097ms
[120.013s][info   ][gc          ] GC(48) Concurrent marking (unload classes) 1521.057ms
[120.014s][info   ][gc          ] GC(48) Pause Final Mark (unload classes) 0.239ms
[120.014s][info   ][gc          ] GC(48) Concurrent thread roots 0.075ms
[120.014s][info   ][gc          ] GC(48) Concurrent weak references 0.045ms
[120.014s][info   ][gc          ] GC(48) Concurrent weak roots 0.329ms
[120.014s][info   ][gc          ] GC(48) Concurrent cleanup 1704M->1704M(6144M) 0.098ms
[120.015s][info   ][gc          ] GC(48) Concurrent class unloading 0.672ms
[120.015s][info   ][gc          ] GC(48) Concurrent strong roots 0.058ms
[120.017s][info   ][gc          ] GC(48) Concurrent evacuation 2.289ms
[120.018s][info   ][gc          ] GC(48) Pause Init Update Refs 0.006ms
[120.018s][info   ][gc          ] GC(48) At start of update refs, moving 2048K to Mutator free partition from Collector Reserve
[121.069s][info   ][gc          ] GC(48) Concurrent update references 1051.345ms
[121.069s][info   ][gc          ] GC(48) Concurrent update thread roots 0.290ms
[121.070s][info   ][gc          ] GC(48) Pause Final Update Refs 0.106ms
[121.070s][info   ][gc          ] GC(48) Concurrent cleanup 1707M->1705M(6144M) 0.102ms
[121.070s][info   ][gc,metaspace] Metaspace: 11143K(11456K)->11143K(11456K) NonClass: 10071K(10240K)->10071K(10240K) Class: 1072K(1216K)->1072K(1216K)
[121.071s][info   ][gc          ] Trigger: GC request (System.gc())
[121.073s][info   ][gc          ] GC(49) Concurrent reset 2.209ms
[121.073s][info   ][gc          ] GC(49) Pause Init Mark (unload classes) 0.053ms
[121.073s][info   ][gc          ] GC(49) Concurrent marking roots 0.115ms
[122.567s][info   ][gc          ] GC(49) Concurrent marking (unload classes) 1493.410ms
[122.567s][info   ][gc          ] GC(49) Pause Final Mark (unload classes) 0.242ms
[122.571s][info   ][gc          ] GC(49) Concurrent thread roots 0.066ms
[122.571s][info   ][gc          ] GC(49) Concurrent weak references 0.076ms
[122.572s][info   ][gc          ] GC(49) Concurrent weak roots 0.343ms
[122.572s][info   ][gc          ] GC(49) Concurrent cleanup 1705M->1705M(6144M) 0.116ms
[122.573s][info   ][gc          ] GC(49) Concurrent class unloading 0.649ms
[122.573s][info   ][gc          ] GC(49) Concurrent strong roots 0.053ms
[122.576s][info   ][gc          ] GC(49) Concurrent evacuation 2.940ms
[122.576s][info   ][gc          ] GC(49) Pause Init Update Refs 0.006ms
[122.576s][info   ][gc          ] GC(49) At start of update refs, moving 4096K to Mutator free partition from Collector Reserve
[123.424s][info   ][gc          ] GC(49) Concurrent update references 848.723ms
[123.425s][info   ][gc          ] GC(49) Concurrent update thread roots 0.279ms
[123.425s][info   ][gc          ] GC(49) Pause Final Update Refs 0.088ms
[123.425s][info   ][gc          ] GC(49) Concurrent cleanup 1707M->1704M(6144M) 0.100ms
[123.425s][info   ][gc,metaspace] Metaspace: 11143K(11456K)->11143K(11456K) NonClass: 10071K(10240K)->10071K(10240K) Class: 1072K(1216K)->1072K(1216K)
[123.426s][info   ][gc          ] Trigger: GC request (System.gc())
[123.428s][info   ][gc          ] GC(50) Concurrent reset 2.216ms
[123.429s][info   ][gc          ] GC(50) Pause Init Mark (unload classes) 0.049ms
[123.429s][info   ][gc          ] GC(50) Concurrent marking roots 0.103ms
[124.963s][info   ][gc          ] GC(50) Concurrent marking (unload classes) 1534.101ms
[124.963s][info   ][gc          ] GC(50) Pause Final Mark (unload classes) 0.244ms
[124.963s][info   ][gc          ] GC(50) Concurrent thread roots 0.084ms
[124.963s][info   ][gc          ] GC(50) Concurrent weak references 0.047ms
[124.964s][info   ][gc          ] GC(50) Concurrent weak roots 0.354ms
[124.964s][info   ][gc          ] GC(50) Concurrent cleanup 1704M->1704M(6144M) 0.122ms
[124.965s][info   ][gc          ] GC(50) Concurrent class unloading 0.783ms
[124.965s][info   ][gc          ] GC(50) Concurrent strong roots 0.057ms
[124.968s][info   ][gc          ] GC(50) Concurrent evacuation 2.874ms
[124.968s][info   ][gc          ] GC(50) Pause Init Update Refs 0.005ms
[124.968s][info   ][gc          ] GC(50) At start of update refs, moving 2048K to Mutator free partition from Collector Reserve
[125.997s][info   ][gc          ] GC(50) Concurrent update references 1028.816ms
[125.997s][info   ][gc          ] GC(50) Concurrent update thread roots 0.245ms
[125.997s][info   ][gc          ] GC(50) Pause Final Update Refs 0.084ms
[125.997s][info   ][gc          ] GC(50) Concurrent cleanup 1706M->1704M(6144M) 0.098ms
[125.997s][info   ][gc,metaspace] Metaspace: 11143K(11456K)->11143K(11456K) NonClass: 10071K(10240K)->10071K(10240K) Class: 1072K(1216K)->1072K(1216K)
[125.998s][info   ][gc          ] Trigger: GC request (System.gc())
[126.001s][info   ][gc          ] GC(51) Concurrent reset 2.261ms
[126.001s][info   ][gc          ] GC(51) Pause Init Mark (unload classes) 0.048ms
[126.001s][info   ][gc          ] GC(51) Concurrent marking roots 0.091ms
[127.372s][info   ][gc          ] GC(51) Concurrent marking (unload classes) 1371.106ms
[127.372s][info   ][gc          ] GC(51) Pause Final Mark (unload classes) 0.223ms
[127.372s][info   ][gc          ] GC(51) Concurrent thread roots 0.071ms
[127.372s][info   ][gc          ] GC(51) Concurrent weak references 0.042ms
[127.373s][info   ][gc          ] GC(51) Concurrent weak roots 0.330ms
[127.373s][info   ][gc          ] GC(51) Concurrent cleanup 1704M->1704M(6144M) 0.099ms
[127.373s][info   ][gc          ] GC(51) Concurrent class unloading 0.596ms
[127.374s][info   ][gc          ] GC(51) Concurrent strong roots 0.058ms
[127.375s][info   ][gc          ] GC(51) Concurrent evacuation 1.695ms
[127.375s][info   ][gc          ] GC(51) Pause Init Update Refs 0.005ms
[127.375s][info   ][gc          ] GC(51) At start of update refs, moving 2048K to Mutator free partition from Collector Reserve
[128.433s][info   ][gc          ] GC(51) Concurrent update references 1057.567ms
[128.433s][info   ][gc          ] GC(51) Concurrent update thread roots 0.248ms
[128.433s][info   ][gc          ] GC(51) Pause Final Update Refs 0.092ms
[128.433s][info   ][gc          ] GC(51) Concurrent cleanup 1706M->1704M(6144M) 0.107ms
[128.434s][info   ][gc,metaspace] Metaspace: 11143K(11456K)->11143K(11456K) NonClass: 10071K(10240K)->10071K(10240K) Class: 1072K(1216K)->1072K(1216K)
[128.435s][info   ][gc          ] Trigger: GC request (System.gc())
[128.437s][info   ][gc          ] GC(52) Concurrent reset 2.207ms
[128.437s][info   ][gc          ] GC(52) Pause Init Mark (unload classes) 0.045ms
[128.437s][info   ][gc          ] GC(52) Concurrent marking roots 0.102ms
[129.605s][info   ][gc          ] GC(52) Concurrent marking (unload classes) 1168.268ms
[129.606s][info   ][gc          ] GC(52) Pause Final Mark (unload classes) 0.253ms
[129.606s][info   ][gc          ] GC(52) Concurrent thread roots 0.067ms
[129.606s][info   ][gc          ] GC(52) Concurrent weak references 0.043ms
[129.606s][info   ][gc          ] GC(52) Concurrent weak roots 0.328ms
[129.606s][info   ][gc          ] GC(52) Concurrent cleanup 1704M->1704M(6144M) 0.099ms
[129.607s][info   ][gc          ] GC(52) Concurrent class unloading 0.533ms
[129.607s][info   ][gc          ] GC(52) Concurrent strong roots 0.056ms
[129.609s][info   ][gc          ] GC(52) Concurrent evacuation 1.758ms
[129.609s][info   ][gc          ] GC(52) Pause Init Update Refs 0.005ms
[129.609s][info   ][gc          ] GC(52) At start of update refs, moving 2048K to Mutator free partition from Collector Reserve
[130.673s][info   ][gc          ] GC(52) Concurrent update references 1064.644ms
[130.674s][info   ][gc          ] GC(52) Concurrent update thread roots 0.291ms
[130.674s][info   ][gc          ] GC(52) Pause Final Update Refs 0.097ms
[130.674s][info   ][gc          ] GC(52) Concurrent cleanup 1706M->1704M(6144M) 0.107ms
[130.674s][info   ][gc,metaspace] Metaspace: 11143K(11456K)->11143K(11456K) NonClass: 10071K(10240K)->10071K(10240K) Class: 1072K(1216K)->1072K(1216K)
[130.675s][info   ][gc          ] Trigger: GC request (System.gc())
[130.678s][info   ][gc          ] GC(53) Concurrent reset 2.374ms
[130.678s][info   ][gc          ] GC(53) Pause Init Mark (unload classes) 0.044ms
[130.678s][info   ][gc          ] GC(53) Concurrent marking roots 0.107ms
[132.176s][info   ][gc          ] GC(53) Concurrent marking (unload classes) 1498.425ms
[132.177s][info   ][gc          ] GC(53) Pause Final Mark (unload classes) 0.244ms
[132.177s][info   ][gc          ] GC(53) Concurrent thread roots 0.060ms
[132.177s][info   ][gc          ] GC(53) Concurrent weak references 0.044ms
[132.177s][info   ][gc          ] GC(53) Concurrent weak roots 0.355ms
[132.177s][info   ][gc          ] GC(53) Concurrent cleanup 1704M->1704M(6144M) 0.099ms
[132.178s][info   ][gc          ] GC(53) Concurrent class unloading 0.600ms
[132.178s][info   ][gc          ] GC(53) Concurrent strong roots 0.050ms
[132.180s][info   ][gc          ] GC(53) Concurrent evacuation 1.686ms
[132.180s][info   ][gc          ] GC(53) Pause Init Update Refs 0.006ms
[132.180s][info   ][gc          ] GC(53) At start of update refs, moving 2048K to Mutator free partition from Collector Reserve
[133.230s][info   ][gc          ] GC(53) Concurrent update references 1049.918ms
[133.230s][info   ][gc          ] GC(53) Concurrent update thread roots 0.283ms
[133.230s][info   ][gc          ] GC(53) Pause Final Update Refs 0.093ms
[133.231s][info   ][gc          ] GC(53) Concurrent cleanup 1706M->1704M(6144M) 0.102ms
[133.231s][info   ][gc,metaspace] Metaspace: 11143K(11456K)->11143K(11456K) NonClass: 10071K(10240K)->10071K(10240K) Class: 1072K(1216K)->1072K(1216K)
[133.232s][info   ][gc          ] Trigger: GC request (System.gc())
[133.234s][info   ][gc          ] GC(54) Concurrent reset 2.382ms
[133.234s][info   ][gc          ] GC(54) Pause Init Mark (unload classes) 0.055ms
[133.234s][info   ][gc          ] GC(54) Concurrent marking roots 0.093ms
[135.147s][info   ][gc          ] GC(54) Concurrent marking (unload classes) 1912.660ms
[135.147s][info   ][gc          ] GC(54) Pause Final Mark (unload classes) 0.218ms
[135.147s][info   ][gc          ] GC(54) Concurrent thread roots 0.066ms
[135.147s][info   ][gc          ] GC(54) Concurrent weak references 0.042ms
[135.148s][info   ][gc          ] GC(54) Concurrent weak roots 0.344ms
[135.148s][info   ][gc          ] GC(54) Concurrent cleanup 1704M->1704M(6144M) 0.098ms
[135.148s][info   ][gc          ] GC(54) Concurrent class unloading 0.518ms
[135.149s][info   ][gc          ] GC(54) Concurrent strong roots 0.060ms
[135.150s][info   ][gc          ] GC(54) Concurrent evacuation 1.651ms
[135.150s][info   ][gc          ] GC(54) Pause Init Update Refs 0.006ms
[135.150s][info   ][gc          ] GC(54) At start of update refs, moving 2048K to Mutator free partition from Collector Reserve
[135.979s][info   ][gc          ] GC(54) Concurrent update references 828.960ms
[135.979s][info   ][gc          ] GC(54) Concurrent update thread roots 0.249ms
[135.980s][info   ][gc          ] GC(54) Pause Final Update Refs 0.086ms
[135.980s][info   ][gc          ] GC(54) Concurrent cleanup 1706M->1704M(6144M) 0.124ms
[135.980s][info   ][gc,metaspace] Metaspace: 11143K(11456K)->11143K(11456K) NonClass: 10071K(10240K)->10071K(10240K) Class: 1072K(1216K)->1072K(1216K)
[135.981s][info   ][gc          ] Trigger: GC request (System.gc())
[135.983s][info   ][gc          ] GC(55) Concurrent reset 2.411ms
[135.983s][info   ][gc          ] GC(55) Pause Init Mark (unload classes) 0.052ms
[135.984s][info   ][gc          ] GC(55) Concurrent marking roots 0.083ms
[137.388s][info   ][gc          ] GC(55) Concurrent marking (unload classes) 1404.329ms
[137.388s][info   ][gc          ] GC(55) Pause Final Mark (unload classes) 0.234ms
[137.388s][info   ][gc          ] GC(55) Concurrent thread roots 0.080ms
[137.388s][info   ][gc          ] GC(55) Concurrent weak references 0.041ms
[137.389s][info   ][gc          ] GC(55) Concurrent weak roots 0.323ms
[137.389s][info   ][gc          ] GC(55) Concurrent cleanup 1704M->1704M(6144M) 0.098ms
[137.389s][info   ][gc          ] GC(55) Concurrent class unloading 0.600ms
[137.390s][info   ][gc          ] GC(55) Concurrent strong roots 0.057ms
[137.391s][info   ][gc          ] GC(55) Concurrent evacuation 1.701ms
[137.391s][info   ][gc          ] GC(55) Pause Init Update Refs 0.005ms
[137.391s][info   ][gc          ] GC(55) At start of update refs, moving 2048K to Mutator free partition from Collector Reserve
[138.449s][info   ][gc          ] GC(55) Concurrent update references 1058.113ms
[138.450s][info   ][gc          ] GC(55) Concurrent update thread roots 0.288ms
[138.450s][info   ][gc          ] GC(55) Pause Final Update Refs 0.085ms
[138.450s][info   ][gc          ] GC(55) Concurrent cleanup 1706M->1704M(6144M) 0.100ms
[138.450s][info   ][gc,metaspace] Metaspace: 11143K(11456K)->11143K(11456K) NonClass: 10071K(10240K)->10071K(10240K) Class: 1072K(1216K)->1072K(1216K)
[138.451s][info   ][gc          ] Trigger: GC request (System.gc())
[138.454s][info   ][gc          ] GC(56) Concurrent reset 2.508ms
[138.454s][info   ][gc          ] GC(56) Pause Init Mark (unload classes) 0.043ms
[138.454s][info   ][gc          ] GC(56) Concurrent marking roots 0.088ms
[139.989s][info   ][gc          ] GC(56) Concurrent marking (unload classes) 1534.710ms
[139.989s][info   ][gc          ] GC(56) Pause Final Mark (unload classes) 0.230ms
[139.989s][info   ][gc          ] GC(56) Concurrent thread roots 0.072ms
[139.989s][info   ][gc          ] GC(56) Concurrent weak references 0.042ms
[139.990s][info   ][gc          ] GC(56) Concurrent weak roots 0.287ms
[139.990s][info   ][gc          ] GC(56) Concurrent cleanup 1704M->1704M(6144M) 0.098ms
[139.990s][info   ][gc          ] GC(56) Concurrent class unloading 0.617ms
[139.990s][info   ][gc          ] GC(56) Concurrent strong roots 0.064ms
[139.992s][info   ][gc          ] GC(56) Concurrent evacuation 1.711ms
[139.992s][info   ][gc          ] GC(56) Pause Init Update Refs 0.006ms
[139.992s][info   ][gc          ] GC(56) At start of update refs, moving 2048K to Mutator free partition from Collector Reserve
[141.148s][info   ][gc          ] GC(56) Concurrent update references 1155.487ms
[141.148s][info   ][gc          ] GC(56) Concurrent update thread roots 0.203ms
[141.148s][info   ][gc          ] GC(56) Pause Final Update Refs 0.089ms
[141.148s][info   ][gc          ] GC(56) Concurrent cleanup 1706M->1704M(6144M) 0.099ms
[141.148s][info   ][gc,metaspace] Metaspace: 11143K(11456K)->11143K(11456K) NonClass: 10071K(10240K)->10071K(10240K) Class: 1072K(1216K)->1072K(1216K)
[141.149s][info   ][gc          ] Trigger: GC request (System.gc())
[141.152s][info   ][gc          ] GC(57) Concurrent reset 2.470ms
[141.152s][info   ][gc          ] GC(57) Pause Init Mark (unload classes) 0.051ms
[141.152s][info   ][gc          ] GC(57) Concurrent marking roots 0.107ms
[142.638s][info   ][gc          ] GC(57) Concurrent marking (unload classes) 1486.156ms
[142.639s][info   ][gc          ] GC(57) Pause Final Mark (unload classes) 0.240ms
[142.639s][info   ][gc          ] GC(57) Concurrent thread roots 0.066ms
[142.639s][info   ][gc          ] GC(57) Concurrent weak references 0.057ms
[142.639s][info   ][gc          ] GC(57) Concurrent weak roots 0.315ms
[142.639s][info   ][gc          ] GC(57) Concurrent cleanup 1704M->1704M(6144M) 0.104ms
[142.640s][info   ][gc          ] GC(57) Concurrent class unloading 0.609ms
[142.640s][info   ][gc          ] GC(57) Concurrent strong roots 0.053ms
[142.642s][info   ][gc          ] GC(57) Concurrent evacuation 1.682ms
[142.642s][info   ][gc          ] GC(57) Pause Init Update Refs 0.005ms
[142.642s][info   ][gc          ] GC(57) At start of update refs, moving 2048K to Mutator free partition from Collector Reserve
[143.494s][info   ][gc          ] GC(57) Concurrent update references 852.312ms
[143.494s][info   ][gc          ] GC(57) Concurrent update thread roots 0.233ms
[143.494s][info   ][gc          ] GC(57) Pause Final Update Refs 0.088ms
[143.495s][info   ][gc          ] GC(57) Concurrent cleanup 1706M->1704M(6144M) 0.101ms
[143.495s][info   ][gc,metaspace] Metaspace: 11143K(11456K)->11143K(11456K) NonClass: 10071K(10240K)->10071K(10240K) Class: 1072K(1216K)->1072K(1216K)
[143.496s][info   ][gc          ] Trigger: GC request (System.gc())
[143.498s][info   ][gc          ] GC(58) Concurrent reset 2.406ms
[143.498s][info   ][gc          ] GC(58) Pause Init Mark (unload classes) 0.051ms
[143.498s][info   ][gc          ] GC(58) Concurrent marking roots 0.082ms
[145.027s][info   ][gc          ] GC(58) Concurrent marking (unload classes) 1528.732ms
[145.027s][info   ][gc          ] GC(58) Pause Final Mark (unload classes) 0.230ms
[145.027s][info   ][gc          ] GC(58) Concurrent thread roots 0.065ms
[145.028s][info   ][gc          ] GC(58) Concurrent weak references 0.041ms
[145.028s][info   ][gc          ] GC(58) Concurrent weak roots 0.314ms
[145.028s][info   ][gc          ] GC(58) Concurrent cleanup 1704M->1704M(6144M) 0.098ms
[145.029s][info   ][gc          ] GC(58) Concurrent class unloading 0.680ms
[145.029s][info   ][gc          ] GC(58) Concurrent strong roots 0.056ms
[145.031s][info   ][gc          ] GC(58) Concurrent evacuation 2.254ms
[145.031s][info   ][gc          ] GC(58) Pause Init Update Refs 0.006ms
[145.031s][info   ][gc          ] GC(58) At start of update refs, moving 2048K to Mutator free partition from Collector Reserve
[146.088s][info   ][gc          ] GC(58) Concurrent update references 1056.742ms
[146.088s][info   ][gc          ] GC(58) Concurrent update thread roots 0.225ms
[146.088s][info   ][gc          ] GC(58) Pause Final Update Refs 0.088ms
[146.088s][info   ][gc          ] GC(58) Concurrent cleanup 1706M->1704M(6144M) 0.101ms
[146.088s][info   ][gc,metaspace] Metaspace: 11143K(11456K)->11143K(11456K) NonClass: 10071K(10240K)->10071K(10240K) Class: 1072K(1216K)->1072K(1216K)
After GCs... 
[146.089s][info   ][gc          ] Trigger: Learning 2 of 5. Free (4128M) is below initial threshold (4300M)
[146.092s][info   ][gc          ] GC(59) Concurrent reset 2.614ms
[146.092s][info   ][gc          ] GC(59) Pause Init Mark (unload classes) 0.056ms
[146.093s][info   ][gc          ] GC(59) Concurrent marking roots 0.220ms
[146.098s][info   ][gc          ] Cancelling GC: Stopping VM
[146.098s][info   ][gc          ] GC(59) Concurrent marking (unload classes) 5.588ms
[146.098s][info   ][gc,metaspace] Metaspace: 11147K(11456K)->11449K(11648K) NonClass: 10071K(10240K)->10333K(10432K) Class: 1075K(1216K)->1115K(1216K)
