Done; will start GCs... 
[14.706s][info   ][gc,metaspace] GC(28) Metaspace: 11461K(11648K)->11461K(11648K) NonClass: 9632K(9728K)->9632K(9728K) Class: 1828K(1920K)->1828K(1920K)
[14.706s][info   ][gc          ] GC(28) Pause Full (System.gc()) 1578M->1576M(6144M) 1059.714ms
[15.827s][info   ][gc,metaspace] GC(29) Metaspace: 11461K(11648K)->11461K(11648K) NonClass: 9632K(9728K)->9632K(9728K) Class: 1828K(1920K)->1828K(1920K)
[15.827s][info   ][gc          ] GC(29) Pause Full (System.gc()) 1576M->1576M(6144M) 1120.260ms
[16.918s][info   ][gc,metaspace] GC(30) Metaspace: 11461K(11648K)->11461K(11648K) NonClass: 9632K(9728K)->9632K(9728K) Class: 1828K(1920K)->1828K(1920K)
[16.918s][info   ][gc          ] GC(30) Pause Full (System.gc()) 1576M->1576M(6144M) 1090.544ms
[18.026s][info   ][gc,metaspace] GC(31) Metaspace: 11461K(11648K)->11461K(11648K) NonClass: 9632K(9728K)->9632K(9728K) Class: 1828K(1920K)->1828K(1920K)
[18.026s][info   ][gc          ] GC(31) Pause Full (System.gc()) 1576M->1576M(6144M) 1107.618ms
[19.117s][info   ][gc,metaspace] GC(32) Metaspace: 11461K(11648K)->11461K(11648K) NonClass: 9632K(9728K)->9632K(9728K) Class: 1828K(1920K)->1828K(1920K)
[19.117s][info   ][gc          ] GC(32) Pause Full (System.gc()) 1576M->1576M(6144M) 1090.992ms
[20.201s][info   ][gc,metaspace] GC(33) Metaspace: 11461K(11648K)->11461K(11648K) NonClass: 9632K(9728K)->9632K(9728K) Class: 1828K(1920K)->1828K(1920K)
[20.201s][info   ][gc          ] GC(33) Pause Full (System.gc()) 1576M->1576M(6144M) 1083.966ms
[21.281s][info   ][gc,metaspace] GC(34) Metaspace: 11461K(11648K)->11461K(11648K) NonClass: 9632K(9728K)->9632K(9728K) Class: 1828K(1920K)->1828K(1920K)
[21.281s][info   ][gc          ] GC(34) Pause Full (System.gc()) 1576M->1576M(6144M) 1080.013ms
[22.375s][info   ][gc,metaspace] GC(35) Metaspace: 11461K(11648K)->11461K(11648K) NonClass: 9632K(9728K)->9632K(9728K) Class: 1828K(1920K)->1828K(1920K)
[22.375s][info   ][gc          ] GC(35) Pause Full (System.gc()) 1576M->1576M(6144M) 1093.356ms
[23.440s][info   ][gc,metaspace] GC(36) Metaspace: 11461K(11648K)->11461K(11648K) NonClass: 9632K(9728K)->9632K(9728K) Class: 1828K(1920K)->1828K(1920K)
[23.440s][info   ][gc          ] GC(36) Pause Full (System.gc()) 1576M->1576M(6144M) 1065.300ms
[24.537s][info   ][gc,metaspace] GC(37) Metaspace: 11461K(11648K)->11461K(11648K) NonClass: 9632K(9728K)->9632K(9728K) Class: 1828K(1920K)->1828K(1920K)
[24.537s][info   ][gc          ] GC(37) Pause Full (System.gc()) 1576M->1576M(6144M) 1096.535ms
[25.598s][info   ][gc,metaspace] GC(38) Metaspace: 11461K(11648K)->11461K(11648K) NonClass: 9632K(9728K)->9632K(9728K) Class: 1828K(1920K)->1828K(1920K)
[25.598s][info   ][gc          ] GC(38) Pause Full (System.gc()) 1576M->1576M(6144M) 1060.676ms
[26.659s][info   ][gc,metaspace] GC(39) Metaspace: 11461K(11648K)->11461K(11648K) NonClass: 9632K(9728K)->9632K(9728K) Class: 1828K(1920K)->1828K(1920K)
[26.659s][info   ][gc          ] GC(39) Pause Full (System.gc()) 1576M->1576M(6144M) 1060.762ms
[27.722s][info   ][gc,metaspace] GC(40) Metaspace: 11461K(11648K)->11461K(11648K) NonClass: 9632K(9728K)->9632K(9728K) Class: 1828K(1920K)->1828K(1920K)
[27.722s][info   ][gc          ] GC(40) Pause Full (System.gc()) 1576M->1576M(6144M) 1062.942ms
[28.787s][info   ][gc,metaspace] GC(41) Metaspace: 11461K(11648K)->11461K(11648K) NonClass: 9632K(9728K)->9632K(9728K) Class: 1828K(1920K)->1828K(1920K)
[28.787s][info   ][gc          ] GC(41) Pause Full (System.gc()) 1576M->1576M(6144M) 1064.998ms
[29.849s][info   ][gc,metaspace] GC(42) Metaspace: 11461K(11648K)->11461K(11648K) NonClass: 9632K(9728K)->9632K(9728K) Class: 1828K(1920K)->1828K(1920K)
[29.849s][info   ][gc          ] GC(42) Pause Full (System.gc()) 1576M->1576M(6144M) 1061.160ms
[30.910s][info   ][gc,metaspace] GC(43) Metaspace: 11461K(11648K)->11461K(11648K) NonClass: 9632K(9728K)->9632K(9728K) Class: 1828K(1920K)->1828K(1920K)
[30.910s][info   ][gc          ] GC(43) Pause Full (System.gc()) 1576M->1576M(6144M) 1061.613ms
[31.991s][info   ][gc,metaspace] GC(44) Metaspace: 11461K(11648K)->11461K(11648K) NonClass: 9632K(9728K)->9632K(9728K) Class: 1828K(1920K)->1828K(1920K)
[31.991s][info   ][gc          ] GC(44) Pause Full (System.gc()) 1576M->1576M(6144M) 1081.033ms
[33.049s][info   ][gc,metaspace] GC(45) Metaspace: 11461K(11648K)->11461K(11648K) NonClass: 9632K(9728K)->9632K(9728K) Class: 1828K(1920K)->1828K(1920K)
[33.049s][info   ][gc          ] GC(45) Pause Full (System.gc()) 1576M->1576M(6144M) 1057.739ms
[34.111s][info   ][gc,metaspace] GC(46) Metaspace: 11461K(11648K)->11461K(11648K) NonClass: 9632K(9728K)->9632K(9728K) Class: 1828K(1920K)->1828K(1920K)
[34.111s][info   ][gc          ] GC(46) Pause Full (System.gc()) 1576M->1576M(6144M) 1061.997ms
[35.176s][info   ][gc,metaspace] GC(47) Metaspace: 11461K(11648K)->11461K(11648K) NonClass: 9632K(9728K)->9632K(9728K) Class: 1828K(1920K)->1828K(1920K)
[35.176s][info   ][gc          ] GC(47) Pause Full (System.gc()) 1576M->1576M(6144M) 1064.932ms
[36.235s][info   ][gc,metaspace] GC(48) Metaspace: 11461K(11648K)->11461K(11648K) NonClass: 9632K(9728K)->9632K(9728K) Class: 1828K(1920K)->1828K(1920K)
[36.235s][info   ][gc          ] GC(48) Pause Full (System.gc()) 1576M->1576M(6144M) 1058.688ms
[37.294s][info   ][gc,metaspace] GC(49) Metaspace: 11461K(11648K)->11461K(11648K) NonClass: 9632K(9728K)->9632K(9728K) Class: 1828K(1920K)->1828K(1920K)
[37.294s][info   ][gc          ] GC(49) Pause Full (System.gc()) 1576M->1576M(6144M) 1059.119ms
[38.365s][info   ][gc,metaspace] GC(50) Metaspace: 11461K(11648K)->11461K(11648K) NonClass: 9632K(9728K)->9632K(9728K) Class: 1828K(1920K)->1828K(1920K)
[38.365s][info   ][gc          ] GC(50) Pause Full (System.gc()) 1576M->1576M(6144M) 1069.859ms
[39.431s][info   ][gc,metaspace] GC(51) Metaspace: 11461K(11648K)->11461K(11648K) NonClass: 9632K(9728K)->9632K(9728K) Class: 1828K(1920K)->1828K(1920K)
[39.431s][info   ][gc          ] GC(51) Pause Full (System.gc()) 1576M->1576M(6144M) 1065.516ms
[40.489s][info   ][gc,metaspace] GC(52) Metaspace: 11461K(11648K)->11461K(11648K) NonClass: 9632K(9728K)->9632K(9728K) Class: 1828K(1920K)->1828K(1920K)
[40.489s][info   ][gc          ] GC(52) Pause Full (System.gc()) 1576M->1576M(6144M) 1058.289ms
[41.544s][info   ][gc,metaspace] GC(53) Metaspace: 11461K(11648K)->11461K(11648K) NonClass: 9632K(9728K)->9632K(9728K) Class: 1828K(1920K)->1828K(1920K)
[41.544s][info   ][gc          ] GC(53) Pause Full (System.gc()) 1576M->1576M(6144M) 1055.072ms
[42.606s][info   ][gc,metaspace] GC(54) Metaspace: 11461K(11648K)->11461K(11648K) NonClass: 9632K(9728K)->9632K(9728K) Class: 1828K(1920K)->1828K(1920K)
[42.606s][info   ][gc          ] GC(54) Pause Full (System.gc()) 1576M->1576M(6144M) 1061.448ms
[43.673s][info   ][gc,metaspace] GC(55) Metaspace: 11461K(11648K)->11461K(11648K) NonClass: 9632K(9728K)->9632K(9728K) Class: 1828K(1920K)->1828K(1920K)
[43.673s][info   ][gc          ] GC(55) Pause Full (System.gc()) 1576M->1576M(6144M) 1066.666ms
[44.733s][info   ][gc,metaspace] GC(56) Metaspace: 11461K(11648K)->11461K(11648K) NonClass: 9632K(9728K)->9632K(9728K) Class: 1828K(1920K)->1828K(1920K)
[44.733s][info   ][gc          ] GC(56) Pause Full (System.gc()) 1576M->1576M(6144M) 1060.296ms
[45.795s][info   ][gc,metaspace] GC(57) Metaspace: 11461K(11648K)->11461K(11648K) NonClass: 9632K(9728K)->9632K(9728K) Class: 1828K(1920K)->1828K(1920K)
[45.795s][info   ][gc          ] GC(57) Pause Full (System.gc()) 1576M->1576M(6144M) 1061.757ms
[46.858s][info   ][gc,metaspace] GC(58) Metaspace: 11461K(11648K)->11461K(11648K) NonClass: 9632K(9728K)->9632K(9728K) Class: 1828K(1920K)->1828K(1920K)
[46.858s][info   ][gc          ] GC(58) Pause Full (System.gc()) 1576M->1576M(6144M) 1062.962ms
[47.921s][info   ][gc,metaspace] GC(59) Metaspace: 11461K(11648K)->11461K(11648K) NonClass: 9632K(9728K)->9632K(9728K) Class: 1828K(1920K)->1828K(1920K)
[47.921s][info   ][gc          ] GC(59) Pause Full (System.gc()) 1576M->1576M(6144M) 1062.658ms
[49.006s][info   ][gc,metaspace] GC(60) Metaspace: 11461K(11648K)->11461K(11648K) NonClass: 9632K(9728K)->9632K(9728K) Class: 1828K(1920K)->1828K(1920K)
[49.006s][info   ][gc          ] GC(60) Pause Full (System.gc()) 1576M->1576M(6144M) 1085.359ms
[50.061s][info   ][gc,metaspace] GC(61) Metaspace: 11461K(11648K)->11461K(11648K) NonClass: 9632K(9728K)->9632K(9728K) Class: 1828K(1920K)->1828K(1920K)
[50.061s][info   ][gc          ] GC(61) Pause Full (System.gc()) 1576M->1576M(6144M) 1054.412ms
[51.123s][info   ][gc,metaspace] GC(62) Metaspace: 11461K(11648K)->11461K(11648K) NonClass: 9632K(9728K)->9632K(9728K) Class: 1828K(1920K)->1828K(1920K)
[51.123s][info   ][gc          ] GC(62) Pause Full (System.gc()) 1576M->1576M(6144M) 1061.726ms
[52.187s][info   ][gc,metaspace] GC(63) Metaspace: 11461K(11648K)->11461K(11648K) NonClass: 9632K(9728K)->9632K(9728K) Class: 1828K(1920K)->1828K(1920K)
[52.187s][info   ][gc          ] GC(63) Pause Full (System.gc()) 1576M->1576M(6144M) 1063.960ms
[53.244s][info   ][gc,metaspace] GC(64) Metaspace: 11461K(11648K)->11461K(11648K) NonClass: 9632K(9728K)->9632K(9728K) Class: 1828K(1920K)->1828K(1920K)
[53.244s][info   ][gc          ] GC(64) Pause Full (System.gc()) 1576M->1576M(6144M) 1056.901ms
[54.304s][info   ][gc,metaspace] GC(65) Metaspace: 11461K(11648K)->11461K(11648K) NonClass: 9632K(9728K)->9632K(9728K) Class: 1828K(1920K)->1828K(1920K)
[54.304s][info   ][gc          ] GC(65) Pause Full (System.gc()) 1576M->1576M(6144M) 1059.602ms
[55.366s][info   ][gc,metaspace] GC(66) Metaspace: 11461K(11648K)->11461K(11648K) NonClass: 9632K(9728K)->9632K(9728K) Class: 1828K(1920K)->1828K(1920K)
[55.366s][info   ][gc          ] GC(66) Pause Full (System.gc()) 1576M->1576M(6144M) 1061.741ms
[56.428s][info   ][gc,metaspace] GC(67) Metaspace: 11461K(11648K)->11461K(11648K) NonClass: 9632K(9728K)->9632K(9728K) Class: 1828K(1920K)->1828K(1920K)
[56.428s][info   ][gc          ] GC(67) Pause Full (System.gc()) 1576M->1576M(6144M) 1061.779ms
[57.491s][info   ][gc,metaspace] GC(68) Metaspace: 11461K(11648K)->11461K(11648K) NonClass: 9632K(9728K)->9632K(9728K) Class: 1828K(1920K)->1828K(1920K)
[57.491s][info   ][gc          ] GC(68) Pause Full (System.gc()) 1576M->1576M(6144M) 1063.062ms
[58.548s][info   ][gc,metaspace] GC(69) Metaspace: 11461K(11648K)->11461K(11648K) NonClass: 9632K(9728K)->9632K(9728K) Class: 1828K(1920K)->1828K(1920K)
[58.548s][info   ][gc          ] GC(69) Pause Full (System.gc()) 1576M->1576M(6144M) 1057.272ms
[59.608s][info   ][gc,metaspace] GC(70) Metaspace: 11461K(11648K)->11461K(11648K) NonClass: 9632K(9728K)->9632K(9728K) Class: 1828K(1920K)->1828K(1920K)
[59.608s][info   ][gc          ] GC(70) Pause Full (System.gc()) 1576M->1576M(6144M) 1058.557ms
[60.677s][info   ][gc,metaspace] GC(71) Metaspace: 11461K(11648K)->11461K(11648K) NonClass: 9632K(9728K)->9632K(9728K) Class: 1828K(1920K)->1828K(1920K)
[60.677s][info   ][gc          ] GC(71) Pause Full (System.gc()) 1576M->1576M(6144M) 1069.534ms
[61.736s][info   ][gc,metaspace] GC(72) Metaspace: 11461K(11648K)->11461K(11648K) NonClass: 9632K(9728K)->9632K(9728K) Class: 1828K(1920K)->1828K(1920K)
[61.736s][info   ][gc          ] GC(72) Pause Full (System.gc()) 1576M->1576M(6144M) 1058.247ms
[62.797s][info   ][gc,metaspace] GC(73) Metaspace: 11461K(11648K)->11461K(11648K) NonClass: 9632K(9728K)->9632K(9728K) Class: 1828K(1920K)->1828K(1920K)
[62.797s][info   ][gc          ] GC(73) Pause Full (System.gc()) 1576M->1576M(6144M) 1061.064ms
[63.853s][info   ][gc,metaspace] GC(74) Metaspace: 11461K(11648K)->11461K(11648K) NonClass: 9632K(9728K)->9632K(9728K) Class: 1828K(1920K)->1828K(1920K)
[63.853s][info   ][gc          ] GC(74) Pause Full (System.gc()) 1576M->1576M(6144M) 1056.115ms
[64.916s][info   ][gc,metaspace] GC(75) Metaspace: 11461K(11648K)->11461K(11648K) NonClass: 9632K(9728K)->9632K(9728K) Class: 1828K(1920K)->1828K(1920K)
[64.916s][info   ][gc          ] GC(75) Pause Full (System.gc()) 1576M->1576M(6144M) 1062.818ms
[65.999s][info   ][gc,metaspace] GC(76) Metaspace: 11461K(11648K)->11461K(11648K) NonClass: 9632K(9728K)->9632K(9728K) Class: 1828K(1920K)->1828K(1920K)
[65.999s][info   ][gc          ] GC(76) Pause Full (System.gc()) 1576M->1576M(6144M) 1082.670ms
[67.057s][info   ][gc,metaspace] GC(77) Metaspace: 11461K(11648K)->11461K(11648K) NonClass: 9632K(9728K)->9632K(9728K) Class: 1828K(1920K)->1828K(1920K)
[67.057s][info   ][gc          ] GC(77) Pause Full (System.gc()) 1576M->1576M(6144M) 1058.295ms
After GCs... 
