Done; will start GCs... 
[14.440s][info   ][gc,metaspace] GC(29) Metaspace: 11438K(11648K)->11438K(11648K) NonClass: 10341K(10432K)->10341K(10432K) Class: 1097K(1216K)->1097K(1216K)
[14.440s][info   ][gc          ] GC(29) Pause Full (System.gc()) 1801M->1799M(6144M) 1090.205ms
[15.512s][info   ][gc,metaspace] GC(30) Metaspace: 11438K(11648K)->11438K(11648K) NonClass: 10341K(10432K)->10341K(10432K) Class: 1097K(1216K)->1097K(1216K)
[15.512s][info   ][gc          ] GC(30) Pause Full (System.gc()) 1799M->1799M(6144M) 1071.635ms
[16.580s][info   ][gc,metaspace] GC(31) Metaspace: 11438K(11648K)->11438K(11648K) NonClass: 10341K(10432K)->10341K(10432K) Class: 1097K(1216K)->1097K(1216K)
[16.580s][info   ][gc          ] GC(31) Pause Full (System.gc()) 1799M->1799M(6144M) 1068.425ms
[17.656s][info   ][gc,metaspace] GC(32) Metaspace: 11438K(11648K)->11438K(11648K) NonClass: 10341K(10432K)->10341K(10432K) Class: 1097K(1216K)->1097K(1216K)
[17.656s][info   ][gc          ] GC(32) Pause Full (System.gc()) 1799M->1799M(6144M) 1075.944ms
[18.730s][info   ][gc,metaspace] GC(33) Metaspace: 11438K(11648K)->11438K(11648K) NonClass: 10341K(10432K)->10341K(10432K) Class: 1097K(1216K)->1097K(1216K)
[18.730s][info   ][gc          ] GC(33) Pause Full (System.gc()) 1799M->1799M(6144M) 1073.663ms
[19.805s][info   ][gc,metaspace] GC(34) Metaspace: 11438K(11648K)->11438K(11648K) NonClass: 10341K(10432K)->10341K(10432K) Class: 1097K(1216K)->1097K(1216K)
[19.805s][info   ][gc          ] GC(34) Pause Full (System.gc()) 1799M->1799M(6144M) 1074.499ms
[20.874s][info   ][gc,metaspace] GC(35) Metaspace: 11438K(11648K)->11438K(11648K) NonClass: 10341K(10432K)->10341K(10432K) Class: 1097K(1216K)->1097K(1216K)
[20.874s][info   ][gc          ] GC(35) Pause Full (System.gc()) 1799M->1799M(6144M) 1069.741ms
[21.948s][info   ][gc,metaspace] GC(36) Metaspace: 11438K(11648K)->11438K(11648K) NonClass: 10341K(10432K)->10341K(10432K) Class: 1097K(1216K)->1097K(1216K)
[21.948s][info   ][gc          ] GC(36) Pause Full (System.gc()) 1799M->1799M(6144M) 1073.443ms
[23.023s][info   ][gc,metaspace] GC(37) Metaspace: 11438K(11648K)->11438K(11648K) NonClass: 10341K(10432K)->10341K(10432K) Class: 1097K(1216K)->1097K(1216K)
[23.023s][info   ][gc          ] GC(37) Pause Full (System.gc()) 1799M->1799M(6144M) 1074.890ms
[24.100s][info   ][gc,metaspace] GC(38) Metaspace: 11438K(11648K)->11438K(11648K) NonClass: 10341K(10432K)->10341K(10432K) Class: 1097K(1216K)->1097K(1216K)
[24.100s][info   ][gc          ] GC(38) Pause Full (System.gc()) 1799M->1799M(6144M) 1076.814ms
[25.170s][info   ][gc,metaspace] GC(39) Metaspace: 11438K(11648K)->11438K(11648K) NonClass: 10341K(10432K)->10341K(10432K) Class: 1097K(1216K)->1097K(1216K)
[25.170s][info   ][gc          ] GC(39) Pause Full (System.gc()) 1799M->1799M(6144M) 1070.403ms
[26.266s][info   ][gc,metaspace] GC(40) Metaspace: 11438K(11648K)->11438K(11648K) NonClass: 10341K(10432K)->10341K(10432K) Class: 1097K(1216K)->1097K(1216K)
[26.266s][info   ][gc          ] GC(40) Pause Full (System.gc()) 1799M->1799M(6144M) 1095.722ms
[27.338s][info   ][gc,metaspace] GC(41) Metaspace: 11438K(11648K)->11438K(11648K) NonClass: 10341K(10432K)->10341K(10432K) Class: 1097K(1216K)->1097K(1216K)
[27.338s][info   ][gc          ] GC(41) Pause Full (System.gc()) 1799M->1799M(6144M) 1071.492ms
[28.411s][info   ][gc,metaspace] GC(42) Metaspace: 11438K(11648K)->11438K(11648K) NonClass: 10341K(10432K)->10341K(10432K) Class: 1097K(1216K)->1097K(1216K)
[28.411s][info   ][gc          ] GC(42) Pause Full (System.gc()) 1799M->1799M(6144M) 1073.197ms
[29.485s][info   ][gc,metaspace] GC(43) Metaspace: 11438K(11648K)->11438K(11648K) NonClass: 10341K(10432K)->10341K(10432K) Class: 1097K(1216K)->1097K(1216K)
[29.485s][info   ][gc          ] GC(43) Pause Full (System.gc()) 1799M->1799M(6144M) 1074.351ms
[30.560s][info   ][gc,metaspace] GC(44) Metaspace: 11438K(11648K)->11438K(11648K) NonClass: 10341K(10432K)->10341K(10432K) Class: 1097K(1216K)->1097K(1216K)
[30.560s][info   ][gc          ] GC(44) Pause Full (System.gc()) 1799M->1799M(6144M) 1074.594ms
[31.637s][info   ][gc,metaspace] GC(45) Metaspace: 11438K(11648K)->11438K(11648K) NonClass: 10341K(10432K)->10341K(10432K) Class: 1097K(1216K)->1097K(1216K)
[31.637s][info   ][gc          ] GC(45) Pause Full (System.gc()) 1799M->1799M(6144M) 1076.426ms
[32.711s][info   ][gc,metaspace] GC(46) Metaspace: 11438K(11648K)->11438K(11648K) NonClass: 10341K(10432K)->10341K(10432K) Class: 1097K(1216K)->1097K(1216K)
[32.711s][info   ][gc          ] GC(46) Pause Full (System.gc()) 1799M->1799M(6144M) 1073.342ms
[33.786s][info   ][gc,metaspace] GC(47) Metaspace: 11438K(11648K)->11438K(11648K) NonClass: 10341K(10432K)->10341K(10432K) Class: 1097K(1216K)->1097K(1216K)
[33.786s][info   ][gc          ] GC(47) Pause Full (System.gc()) 1799M->1799M(6144M) 1075.108ms
[34.860s][info   ][gc,metaspace] GC(48) Metaspace: 11438K(11648K)->11438K(11648K) NonClass: 10341K(10432K)->10341K(10432K) Class: 1097K(1216K)->1097K(1216K)
[34.860s][info   ][gc          ] GC(48) Pause Full (System.gc()) 1799M->1799M(6144M) 1073.679ms
[35.930s][info   ][gc,metaspace] GC(49) Metaspace: 11438K(11648K)->11438K(11648K) NonClass: 10341K(10432K)->10341K(10432K) Class: 1097K(1216K)->1097K(1216K)
[35.930s][info   ][gc          ] GC(49) Pause Full (System.gc()) 1799M->1799M(6144M) 1070.679ms
[37.001s][info   ][gc,metaspace] GC(50) Metaspace: 11438K(11648K)->11438K(11648K) NonClass: 10341K(10432K)->10341K(10432K) Class: 1097K(1216K)->1097K(1216K)
[37.001s][info   ][gc          ] GC(50) Pause Full (System.gc()) 1799M->1799M(6144M) 1070.511ms
[38.072s][info   ][gc,metaspace] GC(51) Metaspace: 11438K(11648K)->11438K(11648K) NonClass: 10341K(10432K)->10341K(10432K) Class: 1097K(1216K)->1097K(1216K)
[38.072s][info   ][gc          ] GC(51) Pause Full (System.gc()) 1799M->1799M(6144M) 1070.998ms
[39.146s][info   ][gc,metaspace] GC(52) Metaspace: 11438K(11648K)->11438K(11648K) NonClass: 10341K(10432K)->10341K(10432K) Class: 1097K(1216K)->1097K(1216K)
[39.146s][info   ][gc          ] GC(52) Pause Full (System.gc()) 1799M->1799M(6144M) 1074.290ms
[40.216s][info   ][gc,metaspace] GC(53) Metaspace: 11438K(11648K)->11438K(11648K) NonClass: 10341K(10432K)->10341K(10432K) Class: 1097K(1216K)->1097K(1216K)
[40.216s][info   ][gc          ] GC(53) Pause Full (System.gc()) 1799M->1799M(6144M) 1069.891ms
[41.310s][info   ][gc,metaspace] GC(54) Metaspace: 11438K(11648K)->11438K(11648K) NonClass: 10341K(10432K)->10341K(10432K) Class: 1097K(1216K)->1097K(1216K)
[41.310s][info   ][gc          ] GC(54) Pause Full (System.gc()) 1799M->1799M(6144M) 1093.135ms
[42.382s][info   ][gc,metaspace] GC(55) Metaspace: 11438K(11648K)->11438K(11648K) NonClass: 10341K(10432K)->10341K(10432K) Class: 1097K(1216K)->1097K(1216K)
[42.382s][info   ][gc          ] GC(55) Pause Full (System.gc()) 1799M->1799M(6144M) 1072.586ms
[43.454s][info   ][gc,metaspace] GC(56) Metaspace: 11438K(11648K)->11438K(11648K) NonClass: 10341K(10432K)->10341K(10432K) Class: 1097K(1216K)->1097K(1216K)
[43.454s][info   ][gc          ] GC(56) Pause Full (System.gc()) 1799M->1799M(6144M) 1070.516ms
[44.525s][info   ][gc,metaspace] GC(57) Metaspace: 11438K(11648K)->11438K(11648K) NonClass: 10341K(10432K)->10341K(10432K) Class: 1097K(1216K)->1097K(1216K)
[44.525s][info   ][gc          ] GC(57) Pause Full (System.gc()) 1799M->1799M(6144M) 1071.014ms
[45.597s][info   ][gc,metaspace] GC(58) Metaspace: 11438K(11648K)->11438K(11648K) NonClass: 10341K(10432K)->10341K(10432K) Class: 1097K(1216K)->1097K(1216K)
[45.597s][info   ][gc          ] GC(58) Pause Full (System.gc()) 1799M->1799M(6144M) 1072.027ms
[46.674s][info   ][gc,metaspace] GC(59) Metaspace: 11438K(11648K)->11438K(11648K) NonClass: 10341K(10432K)->10341K(10432K) Class: 1097K(1216K)->1097K(1216K)
[46.674s][info   ][gc          ] GC(59) Pause Full (System.gc()) 1799M->1799M(6144M) 1077.333ms
[47.748s][info   ][gc,metaspace] GC(60) Metaspace: 11438K(11648K)->11438K(11648K) NonClass: 10341K(10432K)->10341K(10432K) Class: 1097K(1216K)->1097K(1216K)
[47.748s][info   ][gc          ] GC(60) Pause Full (System.gc()) 1799M->1799M(6144M) 1073.320ms
[48.821s][info   ][gc,metaspace] GC(61) Metaspace: 11438K(11648K)->11438K(11648K) NonClass: 10341K(10432K)->10341K(10432K) Class: 1097K(1216K)->1097K(1216K)
[48.821s][info   ][gc          ] GC(61) Pause Full (System.gc()) 1799M->1799M(6144M) 1072.328ms
[49.897s][info   ][gc,metaspace] GC(62) Metaspace: 11438K(11648K)->11438K(11648K) NonClass: 10341K(10432K)->10341K(10432K) Class: 1097K(1216K)->1097K(1216K)
[49.897s][info   ][gc          ] GC(62) Pause Full (System.gc()) 1799M->1799M(6144M) 1075.941ms
[50.971s][info   ][gc,metaspace] GC(63) Metaspace: 11438K(11648K)->11438K(11648K) NonClass: 10341K(10432K)->10341K(10432K) Class: 1097K(1216K)->1097K(1216K)
[50.971s][info   ][gc          ] GC(63) Pause Full (System.gc()) 1799M->1799M(6144M) 1074.305ms
[52.043s][info   ][gc,metaspace] GC(64) Metaspace: 11438K(11648K)->11438K(11648K) NonClass: 10341K(10432K)->10341K(10432K) Class: 1097K(1216K)->1097K(1216K)
[52.043s][info   ][gc          ] GC(64) Pause Full (System.gc()) 1799M->1799M(6144M) 1071.480ms
[53.115s][info   ][gc,metaspace] GC(65) Metaspace: 11438K(11648K)->11438K(11648K) NonClass: 10341K(10432K)->10341K(10432K) Class: 1097K(1216K)->1097K(1216K)
[53.115s][info   ][gc          ] GC(65) Pause Full (System.gc()) 1799M->1799M(6144M) 1072.295ms
[54.187s][info   ][gc,metaspace] GC(66) Metaspace: 11438K(11648K)->11438K(11648K) NonClass: 10341K(10432K)->10341K(10432K) Class: 1097K(1216K)->1097K(1216K)
[54.187s][info   ][gc          ] GC(66) Pause Full (System.gc()) 1799M->1799M(6144M) 1072.095ms
[55.284s][info   ][gc,metaspace] GC(67) Metaspace: 11438K(11648K)->11438K(11648K) NonClass: 10341K(10432K)->10341K(10432K) Class: 1097K(1216K)->1097K(1216K)
[55.284s][info   ][gc          ] GC(67) Pause Full (System.gc()) 1799M->1799M(6144M) 1096.472ms
[56.359s][info   ][gc,metaspace] GC(68) Metaspace: 11438K(11648K)->11438K(11648K) NonClass: 10341K(10432K)->10341K(10432K) Class: 1097K(1216K)->1097K(1216K)
[56.359s][info   ][gc          ] GC(68) Pause Full (System.gc()) 1799M->1799M(6144M) 1074.802ms
[57.436s][info   ][gc,metaspace] GC(69) Metaspace: 11438K(11648K)->11438K(11648K) NonClass: 10341K(10432K)->10341K(10432K) Class: 1097K(1216K)->1097K(1216K)
[57.436s][info   ][gc          ] GC(69) Pause Full (System.gc()) 1799M->1799M(6144M) 1077.198ms
[58.510s][info   ][gc,metaspace] GC(70) Metaspace: 11438K(11648K)->11438K(11648K) NonClass: 10341K(10432K)->10341K(10432K) Class: 1097K(1216K)->1097K(1216K)
[58.510s][info   ][gc          ] GC(70) Pause Full (System.gc()) 1799M->1799M(6144M) 1073.561ms
[59.583s][info   ][gc,metaspace] GC(71) Metaspace: 11438K(11648K)->11438K(11648K) NonClass: 10341K(10432K)->10341K(10432K) Class: 1097K(1216K)->1097K(1216K)
[59.583s][info   ][gc          ] GC(71) Pause Full (System.gc()) 1799M->1799M(6144M) 1072.482ms
[60.661s][info   ][gc,metaspace] GC(72) Metaspace: 11438K(11648K)->11438K(11648K) NonClass: 10341K(10432K)->10341K(10432K) Class: 1097K(1216K)->1097K(1216K)
[60.661s][info   ][gc          ] GC(72) Pause Full (System.gc()) 1799M->1799M(6144M) 1078.139ms
[61.735s][info   ][gc,metaspace] GC(73) Metaspace: 11438K(11648K)->11438K(11648K) NonClass: 10341K(10432K)->10341K(10432K) Class: 1097K(1216K)->1097K(1216K)
[61.735s][info   ][gc          ] GC(73) Pause Full (System.gc()) 1799M->1799M(6144M) 1073.813ms
[62.809s][info   ][gc,metaspace] GC(74) Metaspace: 11438K(11648K)->11438K(11648K) NonClass: 10341K(10432K)->10341K(10432K) Class: 1097K(1216K)->1097K(1216K)
[62.809s][info   ][gc          ] GC(74) Pause Full (System.gc()) 1799M->1799M(6144M) 1074.371ms
[63.882s][info   ][gc,metaspace] GC(75) Metaspace: 11438K(11648K)->11438K(11648K) NonClass: 10341K(10432K)->10341K(10432K) Class: 1097K(1216K)->1097K(1216K)
[63.882s][info   ][gc          ] GC(75) Pause Full (System.gc()) 1799M->1799M(6144M) 1072.391ms
[64.958s][info   ][gc,metaspace] GC(76) Metaspace: 11438K(11648K)->11438K(11648K) NonClass: 10341K(10432K)->10341K(10432K) Class: 1097K(1216K)->1097K(1216K)
[64.958s][info   ][gc          ] GC(76) Pause Full (System.gc()) 1799M->1799M(6144M) 1075.422ms
[66.034s][info   ][gc,metaspace] GC(77) Metaspace: 11438K(11648K)->11438K(11648K) NonClass: 10341K(10432K)->10341K(10432K) Class: 1097K(1216K)->1097K(1216K)
[66.034s][info   ][gc          ] GC(77) Pause Full (System.gc()) 1799M->1799M(6144M) 1075.600ms
[67.107s][info   ][gc,metaspace] GC(78) Metaspace: 11438K(11648K)->11438K(11648K) NonClass: 10341K(10432K)->10341K(10432K) Class: 1097K(1216K)->1097K(1216K)
[67.107s][info   ][gc          ] GC(78) Pause Full (System.gc()) 1799M->1799M(6144M) 1072.788ms
After GCs... 
