Done; will start GCs... 
[14.433s][info   ][gc,metaspace] GC(28) Metaspace: 11462K(11648K)->11462K(11648K) NonClass: 9635K(9728K)->9635K(9728K) Class: 1827K(1920K)->1827K(1920K)
[14.433s][info   ][gc          ] GC(28) Pause Full (System.gc()) 1578M->1576M(6144M) 1010.092ms
[15.443s][info   ][gc,metaspace] GC(29) Metaspace: 11462K(11648K)->11462K(11648K) NonClass: 9635K(9728K)->9635K(9728K) Class: 1827K(1920K)->1827K(1920K)
[15.443s][info   ][gc          ] GC(29) Pause Full (System.gc()) 1576M->1576M(6144M) 1010.793ms
[16.484s][info   ][gc,metaspace] GC(30) Metaspace: 11462K(11648K)->11462K(11648K) NonClass: 9635K(9728K)->9635K(9728K) Class: 1827K(1920K)->1827K(1920K)
[16.484s][info   ][gc          ] GC(30) Pause Full (System.gc()) 1576M->1576M(6144M) 1040.489ms
[17.496s][info   ][gc,metaspace] GC(31) Metaspace: 11462K(11648K)->11462K(11648K) NonClass: 9635K(9728K)->9635K(9728K) Class: 1827K(1920K)->1827K(1920K)
[17.496s][info   ][gc          ] GC(31) Pause Full (System.gc()) 1576M->1576M(6144M) 1012.352ms
[18.510s][info   ][gc,metaspace] GC(32) Metaspace: 11462K(11648K)->11462K(11648K) NonClass: 9635K(9728K)->9635K(9728K) Class: 1827K(1920K)->1827K(1920K)
[18.510s][info   ][gc          ] GC(32) Pause Full (System.gc()) 1576M->1576M(6144M) 1012.854ms
[19.528s][info   ][gc,metaspace] GC(33) Metaspace: 11462K(11648K)->11462K(11648K) NonClass: 9635K(9728K)->9635K(9728K) Class: 1827K(1920K)->1827K(1920K)
[19.528s][info   ][gc          ] GC(33) Pause Full (System.gc()) 1576M->1576M(6144M) 1017.579ms
[20.538s][info   ][gc,metaspace] GC(34) Metaspace: 11462K(11648K)->11462K(11648K) NonClass: 9635K(9728K)->9635K(9728K) Class: 1827K(1920K)->1827K(1920K)
[20.538s][info   ][gc          ] GC(34) Pause Full (System.gc()) 1576M->1576M(6144M) 1010.607ms
[21.550s][info   ][gc,metaspace] GC(35) Metaspace: 11462K(11648K)->11462K(11648K) NonClass: 9635K(9728K)->9635K(9728K) Class: 1827K(1920K)->1827K(1920K)
[21.550s][info   ][gc          ] GC(35) Pause Full (System.gc()) 1576M->1576M(6144M) 1011.600ms
[22.564s][info   ][gc,metaspace] GC(36) Metaspace: 11462K(11648K)->11462K(11648K) NonClass: 9635K(9728K)->9635K(9728K) Class: 1827K(1920K)->1827K(1920K)
[22.564s][info   ][gc          ] GC(36) Pause Full (System.gc()) 1576M->1576M(6144M) 1013.450ms
[23.579s][info   ][gc,metaspace] GC(37) Metaspace: 11462K(11648K)->11462K(11648K) NonClass: 9635K(9728K)->9635K(9728K) Class: 1827K(1920K)->1827K(1920K)
[23.579s][info   ][gc          ] GC(37) Pause Full (System.gc()) 1576M->1576M(6144M) 1014.748ms
[24.588s][info   ][gc,metaspace] GC(38) Metaspace: 11462K(11648K)->11462K(11648K) NonClass: 9635K(9728K)->9635K(9728K) Class: 1827K(1920K)->1827K(1920K)
[24.588s][info   ][gc          ] GC(38) Pause Full (System.gc()) 1576M->1576M(6144M) 1009.141ms
[25.598s][info   ][gc,metaspace] GC(39) Metaspace: 11462K(11648K)->11462K(11648K) NonClass: 9635K(9728K)->9635K(9728K) Class: 1827K(1920K)->1827K(1920K)
[25.598s][info   ][gc          ] GC(39) Pause Full (System.gc()) 1576M->1576M(6144M) 1009.825ms
[26.609s][info   ][gc,metaspace] GC(40) Metaspace: 11462K(11648K)->11462K(11648K) NonClass: 9635K(9728K)->9635K(9728K) Class: 1827K(1920K)->1827K(1920K)
[26.609s][info   ][gc          ] GC(40) Pause Full (System.gc()) 1576M->1576M(6144M) 1010.688ms
[27.622s][info   ][gc,metaspace] GC(41) Metaspace: 11462K(11648K)->11462K(11648K) NonClass: 9635K(9728K)->9635K(9728K) Class: 1827K(1920K)->1827K(1920K)
[27.622s][info   ][gc          ] GC(41) Pause Full (System.gc()) 1576M->1576M(6144M) 1012.520ms
[28.633s][info   ][gc,metaspace] GC(42) Metaspace: 11462K(11648K)->11462K(11648K) NonClass: 9635K(9728K)->9635K(9728K) Class: 1827K(1920K)->1827K(1920K)
[28.633s][info   ][gc          ] GC(42) Pause Full (System.gc()) 1576M->1576M(6144M) 1010.569ms
[29.644s][info   ][gc,metaspace] GC(43) Metaspace: 11462K(11648K)->11462K(11648K) NonClass: 9635K(9728K)->9635K(9728K) Class: 1827K(1920K)->1827K(1920K)
[29.644s][info   ][gc          ] GC(43) Pause Full (System.gc()) 1576M->1576M(6144M) 1010.344ms
[30.660s][info   ][gc,metaspace] GC(44) Metaspace: 11462K(11648K)->11462K(11648K) NonClass: 9635K(9728K)->9635K(9728K) Class: 1827K(1920K)->1827K(1920K)
[30.660s][info   ][gc          ] GC(44) Pause Full (System.gc()) 1576M->1576M(6144M) 1015.896ms
[31.667s][info   ][gc,metaspace] GC(45) Metaspace: 11462K(11648K)->11462K(11648K) NonClass: 9635K(9728K)->9635K(9728K) Class: 1827K(1920K)->1827K(1920K)
[31.667s][info   ][gc          ] GC(45) Pause Full (System.gc()) 1576M->1576M(6144M) 1007.065ms
[32.684s][info   ][gc,metaspace] GC(46) Metaspace: 11462K(11648K)->11462K(11648K) NonClass: 9635K(9728K)->9635K(9728K) Class: 1827K(1920K)->1827K(1920K)
[32.684s][info   ][gc          ] GC(46) Pause Full (System.gc()) 1576M->1576M(6144M) 1017.008ms
[33.698s][info   ][gc,metaspace] GC(47) Metaspace: 11462K(11648K)->11462K(11648K) NonClass: 9635K(9728K)->9635K(9728K) Class: 1827K(1920K)->1827K(1920K)
[33.698s][info   ][gc          ] GC(47) Pause Full (System.gc()) 1576M->1576M(6144M) 1013.696ms
[34.710s][info   ][gc,metaspace] GC(48) Metaspace: 11462K(11648K)->11462K(11648K) NonClass: 9635K(9728K)->9635K(9728K) Class: 1827K(1920K)->1827K(1920K)
[34.710s][info   ][gc          ] GC(48) Pause Full (System.gc()) 1576M->1576M(6144M) 1011.429ms
[35.720s][info   ][gc,metaspace] GC(49) Metaspace: 11462K(11648K)->11462K(11648K) NonClass: 9635K(9728K)->9635K(9728K) Class: 1827K(1920K)->1827K(1920K)
[35.720s][info   ][gc          ] GC(49) Pause Full (System.gc()) 1576M->1576M(6144M) 1009.887ms
[36.734s][info   ][gc,metaspace] GC(50) Metaspace: 11462K(11648K)->11462K(11648K) NonClass: 9635K(9728K)->9635K(9728K) Class: 1827K(1920K)->1827K(1920K)
[36.734s][info   ][gc          ] GC(50) Pause Full (System.gc()) 1576M->1576M(6144M) 1013.891ms
[37.744s][info   ][gc,metaspace] GC(51) Metaspace: 11462K(11648K)->11462K(11648K) NonClass: 9635K(9728K)->9635K(9728K) Class: 1827K(1920K)->1827K(1920K)
[37.744s][info   ][gc          ] GC(51) Pause Full (System.gc()) 1576M->1576M(6144M) 1010.236ms
[38.760s][info   ][gc,metaspace] GC(52) Metaspace: 11462K(11648K)->11462K(11648K) NonClass: 9635K(9728K)->9635K(9728K) Class: 1827K(1920K)->1827K(1920K)
[38.760s][info   ][gc          ] GC(52) Pause Full (System.gc()) 1576M->1576M(6144M) 1015.448ms
[39.776s][info   ][gc,metaspace] GC(53) Metaspace: 11462K(11648K)->11462K(11648K) NonClass: 9635K(9728K)->9635K(9728K) Class: 1827K(1920K)->1827K(1920K)
[39.777s][info   ][gc          ] GC(53) Pause Full (System.gc()) 1576M->1576M(6144M) 1016.046ms
[40.789s][info   ][gc,metaspace] GC(54) Metaspace: 11462K(11648K)->11462K(11648K) NonClass: 9635K(9728K)->9635K(9728K) Class: 1827K(1920K)->1827K(1920K)
[40.789s][info   ][gc          ] GC(54) Pause Full (System.gc()) 1576M->1576M(6144M) 1012.790ms
[41.799s][info   ][gc,metaspace] GC(55) Metaspace: 11462K(11648K)->11462K(11648K) NonClass: 9635K(9728K)->9635K(9728K) Class: 1827K(1920K)->1827K(1920K)
[41.800s][info   ][gc          ] GC(55) Pause Full (System.gc()) 1576M->1576M(6144M) 1009.989ms
[42.816s][info   ][gc,metaspace] GC(56) Metaspace: 11462K(11648K)->11462K(11648K) NonClass: 9635K(9728K)->9635K(9728K) Class: 1827K(1920K)->1827K(1920K)
[42.817s][info   ][gc          ] GC(56) Pause Full (System.gc()) 1576M->1576M(6144M) 1017.251ms
[43.834s][info   ][gc,metaspace] GC(57) Metaspace: 11462K(11648K)->11462K(11648K) NonClass: 9635K(9728K)->9635K(9728K) Class: 1827K(1920K)->1827K(1920K)
[43.834s][info   ][gc          ] GC(57) Pause Full (System.gc()) 1576M->1576M(6144M) 1017.436ms
[44.851s][info   ][gc,metaspace] GC(58) Metaspace: 11462K(11648K)->11462K(11648K) NonClass: 9635K(9728K)->9635K(9728K) Class: 1827K(1920K)->1827K(1920K)
[44.851s][info   ][gc          ] GC(58) Pause Full (System.gc()) 1576M->1576M(6144M) 1016.309ms
[45.866s][info   ][gc,metaspace] GC(59) Metaspace: 11462K(11648K)->11462K(11648K) NonClass: 9635K(9728K)->9635K(9728K) Class: 1827K(1920K)->1827K(1920K)
[45.866s][info   ][gc          ] GC(59) Pause Full (System.gc()) 1576M->1576M(6144M) 1015.551ms
[46.874s][info   ][gc,metaspace] GC(60) Metaspace: 11462K(11648K)->11462K(11648K) NonClass: 9635K(9728K)->9635K(9728K) Class: 1827K(1920K)->1827K(1920K)
[46.874s][info   ][gc          ] GC(60) Pause Full (System.gc()) 1576M->1576M(6144M) 1007.530ms
[47.883s][info   ][gc,metaspace] GC(61) Metaspace: 11462K(11648K)->11462K(11648K) NonClass: 9635K(9728K)->9635K(9728K) Class: 1827K(1920K)->1827K(1920K)
[47.884s][info   ][gc          ] GC(61) Pause Full (System.gc()) 1576M->1576M(6144M) 1009.426ms
[48.900s][info   ][gc,metaspace] GC(62) Metaspace: 11462K(11648K)->11462K(11648K) NonClass: 9635K(9728K)->9635K(9728K) Class: 1827K(1920K)->1827K(1920K)
[48.900s][info   ][gc          ] GC(62) Pause Full (System.gc()) 1576M->1576M(6144M) 1016.613ms
[49.912s][info   ][gc,metaspace] GC(63) Metaspace: 11462K(11648K)->11462K(11648K) NonClass: 9635K(9728K)->9635K(9728K) Class: 1827K(1920K)->1827K(1920K)
[49.912s][info   ][gc          ] GC(63) Pause Full (System.gc()) 1576M->1576M(6144M) 1011.918ms
[50.923s][info   ][gc,metaspace] GC(64) Metaspace: 11462K(11648K)->11462K(11648K) NonClass: 9635K(9728K)->9635K(9728K) Class: 1827K(1920K)->1827K(1920K)
[50.923s][info   ][gc          ] GC(64) Pause Full (System.gc()) 1576M->1576M(6144M) 1010.494ms
[51.935s][info   ][gc,metaspace] GC(65) Metaspace: 11462K(11648K)->11462K(11648K) NonClass: 9635K(9728K)->9635K(9728K) Class: 1827K(1920K)->1827K(1920K)
[51.935s][info   ][gc          ] GC(65) Pause Full (System.gc()) 1576M->1576M(6144M) 1012.385ms
[52.949s][info   ][gc,metaspace] GC(66) Metaspace: 11462K(11648K)->11462K(11648K) NonClass: 9635K(9728K)->9635K(9728K) Class: 1827K(1920K)->1827K(1920K)
[52.949s][info   ][gc          ] GC(66) Pause Full (System.gc()) 1576M->1576M(6144M) 1013.887ms
[53.964s][info   ][gc,metaspace] GC(67) Metaspace: 11462K(11648K)->11462K(11648K) NonClass: 9635K(9728K)->9635K(9728K) Class: 1827K(1920K)->1827K(1920K)
[53.965s][info   ][gc          ] GC(67) Pause Full (System.gc()) 1576M->1576M(6144M) 1014.502ms
[54.977s][info   ][gc,metaspace] GC(68) Metaspace: 11462K(11648K)->11462K(11648K) NonClass: 9635K(9728K)->9635K(9728K) Class: 1827K(1920K)->1827K(1920K)
[54.977s][info   ][gc          ] GC(68) Pause Full (System.gc()) 1576M->1576M(6144M) 1012.264ms
[55.990s][info   ][gc,metaspace] GC(69) Metaspace: 11462K(11648K)->11462K(11648K) NonClass: 9635K(9728K)->9635K(9728K) Class: 1827K(1920K)->1827K(1920K)
[55.990s][info   ][gc          ] GC(69) Pause Full (System.gc()) 1576M->1576M(6144M) 1012.764ms
[57.005s][info   ][gc,metaspace] GC(70) Metaspace: 11462K(11648K)->11462K(11648K) NonClass: 9635K(9728K)->9635K(9728K) Class: 1827K(1920K)->1827K(1920K)
[57.005s][info   ][gc          ] GC(70) Pause Full (System.gc()) 1576M->1576M(6144M) 1015.510ms
[58.015s][info   ][gc,metaspace] GC(71) Metaspace: 11462K(11648K)->11462K(11648K) NonClass: 9635K(9728K)->9635K(9728K) Class: 1827K(1920K)->1827K(1920K)
[58.015s][info   ][gc          ] GC(71) Pause Full (System.gc()) 1576M->1576M(6144M) 1009.886ms
[59.029s][info   ][gc,metaspace] GC(72) Metaspace: 11462K(11648K)->11462K(11648K) NonClass: 9635K(9728K)->9635K(9728K) Class: 1827K(1920K)->1827K(1920K)
[59.029s][info   ][gc          ] GC(72) Pause Full (System.gc()) 1576M->1576M(6144M) 1012.965ms
[60.041s][info   ][gc,metaspace] GC(73) Metaspace: 11462K(11648K)->11462K(11648K) NonClass: 9635K(9728K)->9635K(9728K) Class: 1827K(1920K)->1827K(1920K)
[60.041s][info   ][gc          ] GC(73) Pause Full (System.gc()) 1576M->1576M(6144M) 1011.869ms
[61.056s][info   ][gc,metaspace] GC(74) Metaspace: 11462K(11648K)->11462K(11648K) NonClass: 9635K(9728K)->9635K(9728K) Class: 1827K(1920K)->1827K(1920K)
[61.057s][info   ][gc          ] GC(74) Pause Full (System.gc()) 1576M->1576M(6144M) 1015.509ms
[62.067s][info   ][gc,metaspace] GC(75) Metaspace: 11462K(11648K)->11462K(11648K) NonClass: 9635K(9728K)->9635K(9728K) Class: 1827K(1920K)->1827K(1920K)
[62.067s][info   ][gc          ] GC(75) Pause Full (System.gc()) 1576M->1576M(6144M) 1010.119ms
[63.078s][info   ][gc,metaspace] GC(76) Metaspace: 11462K(11648K)->11462K(11648K) NonClass: 9635K(9728K)->9635K(9728K) Class: 1827K(1920K)->1827K(1920K)
[63.078s][info   ][gc          ] GC(76) Pause Full (System.gc()) 1576M->1576M(6144M) 1011.488ms
[64.113s][info   ][gc,metaspace] GC(77) Metaspace: 11462K(11648K)->11462K(11648K) NonClass: 9635K(9728K)->9635K(9728K) Class: 1827K(1920K)->1827K(1920K)
[64.113s][info   ][gc          ] GC(77) Pause Full (System.gc()) 1576M->1576M(6144M) 1034.128ms
After GCs... 
