[0.001s][warning][pagesize] UseLargePages disabled, no large pages configured and available on the system.
[0.001s][info   ][metaspace]  - commit_granule_bytes: 65536.
[0.001s][info   ][metaspace]  - commit_granule_words: 8192.
[0.001s][info   ][metaspace]  - virtual_space_node_default_size: 8388608.
[0.001s][info   ][metaspace]  - enlarge_chunks_in_place: 1.
[0.001s][info   ][metaspace]  - use_allocation_guard: 0.
[0.002s][info   ][gc       ] Using G1
[0.379s][info   ][metaspace] Reserving compressed class space anywhere
[0.379s][info   ][gc,metaspace] CDS archive(s) not mapped
[0.379s][info   ][gc,metaspace] Compressed class space mapped at: 0x0000000004000000-0x00000000c4000000, reserved size: 3221225472
[0.379s][info   ][gc,metaspace] UseCompressedClassPointers 1, UseCompactObjectHeaders 1, narrow klass pointer bits 22, max shift 10
[0.379s][info   ][gc,metaspace] Narrow klass base: 0x0000000004000000, Narrow klass shift: 10, Narrow klass range: 0xc0000000
Random Seed: 12345678
Num Classes: 64
Num Objects: 67108864
Percent IK Objects: 83.0%)
Percent OAK Objects: 5.0%)
Percent TAK Objects: 12.0%)
Cycles: 50
Loading 64 pre-generated classes ...
Materialize pre-generated constructors ...
Creating objects...
[0.630s][info   ][gc,metaspace] GC(0) Metaspace: 11190K(11328K)->11190K(11328K) NonClass: 9397K(9472K)->9397K(9472K) Class: 1792K(1856K)->1792K(1856K)
[0.630s][info   ][gc          ] GC(0) Pause Full (System.gc()) 14M->2M(6144M) 9.806ms
[1.113s][info   ][gc,metaspace] GC(1) Metaspace: 11462K(11648K)->11462K(11648K) NonClass: 9635K(9728K)->9635K(9728K) Class: 1827K(1920K)->1827K(1920K)
[1.113s][info   ][gc          ] GC(1) Pause Young (Normal) (G1 Evacuation Pause) 566M->298M(6144M) 44.426ms
[1.338s][info   ][gc,metaspace] GC(2) Metaspace: 11462K(11648K)->11462K(11648K) NonClass: 9635K(9728K)->9635K(9728K) Class: 1827K(1920K)->1827K(1920K)
[1.338s][info   ][gc          ] GC(2) Pause Young (Normal) (G1 Evacuation Pause) 562M->334M(6144M) 44.084ms
[1.561s][info   ][gc,metaspace] GC(3) Metaspace: 11462K(11648K)->11462K(11648K) NonClass: 9635K(9728K)->9635K(9728K) Class: 1827K(1920K)->1827K(1920K)
[1.561s][info   ][gc          ] GC(3) Pause Young (Normal) (G1 Evacuation Pause) 602M->369M(6144M) 43.755ms
[1.785s][info   ][gc,metaspace] GC(4) Metaspace: 11462K(11648K)->11462K(11648K) NonClass: 9635K(9728K)->9635K(9728K) Class: 1827K(1920K)->1827K(1920K)
[1.785s][info   ][gc          ] GC(4) Pause Young (Normal) (G1 Evacuation Pause) 637M->403M(6144M) 43.841ms
[2.009s][info   ][gc,metaspace] GC(5) Metaspace: 11462K(11648K)->11462K(11648K) NonClass: 9635K(9728K)->9635K(9728K) Class: 1827K(1920K)->1827K(1920K)
[2.009s][info   ][gc          ] GC(5) Pause Young (Normal) (G1 Evacuation Pause) 671M->439M(6144M) 44.109ms
[2.232s][info   ][gc,metaspace] GC(6) Metaspace: 11462K(11648K)->11462K(11648K) NonClass: 9635K(9728K)->9635K(9728K) Class: 1827K(1920K)->1827K(1920K)
[2.233s][info   ][gc          ] GC(6) Pause Young (Normal) (G1 Evacuation Pause) 707M->470M(6144M) 43.399ms
[2.425s][info   ][gc,metaspace] GC(7) Metaspace: 11462K(11648K)->11462K(11648K) NonClass: 9635K(9728K)->9635K(9728K) Class: 1827K(1920K)->1827K(1920K)
[2.425s][info   ][gc          ] GC(7) Pause Young (Normal) (G1 Evacuation Pause) 738M->499M(6144M) 38.961ms
[2.613s][info   ][gc,metaspace] GC(8) Metaspace: 11462K(11648K)->11462K(11648K) NonClass: 9635K(9728K)->9635K(9728K) Class: 1827K(1920K)->1827K(1920K)
[2.613s][info   ][gc          ] GC(8) Pause Young (Normal) (G1 Evacuation Pause) 775M->526M(6144M) 35.077ms
[2.835s][info   ][gc,metaspace] GC(9) Metaspace: 11462K(11648K)->11462K(11648K) NonClass: 9635K(9728K)->9635K(9728K) Class: 1827K(1920K)->1827K(1920K)
[2.835s][info   ][gc          ] GC(9) Pause Young (Normal) (G1 Evacuation Pause) 854M->554M(6144M) 40.661ms
[3.052s][info   ][gc,metaspace] GC(10) Metaspace: 11462K(11648K)->11462K(11648K) NonClass: 9635K(9728K)->9635K(9728K) Class: 1827K(1920K)->1827K(1920K)
[3.052s][info   ][gc          ] GC(10) Pause Young (Normal) (G1 Evacuation Pause) 858M->589M(6144M) 48.910ms
[3.323s][info   ][gc,metaspace] GC(11) Metaspace: 11462K(11648K)->11462K(11648K) NonClass: 9635K(9728K)->9635K(9728K) Class: 1827K(1920K)->1827K(1920K)
[3.323s][info   ][gc          ] GC(11) Pause Young (Normal) (G1 Evacuation Pause) 993M->622M(6144M) 47.654ms
[3.584s][info   ][gc,metaspace] GC(12) Metaspace: 11462K(11648K)->11462K(11648K) NonClass: 9635K(9728K)->9635K(9728K) Class: 1827K(1920K)->1827K(1920K)
[3.584s][info   ][gc          ] GC(12) Pause Young (Normal) (G1 Evacuation Pause) 990M->663M(6144M) 57.775ms
[3.918s][info   ][gc,metaspace] GC(13) Metaspace: 11462K(11648K)->11462K(11648K) NonClass: 9635K(9728K)->9635K(9728K) Class: 1827K(1920K)->1827K(1920K)
[3.918s][info   ][gc          ] GC(13) Pause Young (Normal) (G1 Evacuation Pause) 1163M->705M(6144M) 57.309ms
[4.239s][info   ][gc,metaspace] GC(14) Metaspace: 11462K(11648K)->11462K(11648K) NonClass: 9635K(9728K)->9635K(9728K) Class: 1827K(1920K)->1827K(1920K)
[4.239s][info   ][gc          ] GC(14) Pause Young (Normal) (G1 Evacuation Pause) 1157M->755M(6144M) 71.532ms
[4.643s][info   ][gc,metaspace] GC(15) Metaspace: 11462K(11648K)->11462K(11648K) NonClass: 9635K(9728K)->9635K(9728K) Class: 1827K(1920K)->1827K(1920K)
[4.643s][info   ][gc          ] GC(15) Pause Young (Normal) (G1 Evacuation Pause) 1359M->806M(6144M) 69.956ms
[5.028s][info   ][gc,metaspace] GC(16) Metaspace: 11462K(11648K)->11462K(11648K) NonClass: 9635K(9728K)->9635K(9728K) Class: 1827K(1920K)->1827K(1920K)
[5.028s][info   ][gc          ] GC(16) Pause Young (Normal) (G1 Evacuation Pause) 1350M->865M(6144M) 83.979ms
[5.509s][info   ][gc,metaspace] GC(17) Metaspace: 11462K(11648K)->11462K(11648K) NonClass: 9635K(9728K)->9635K(9728K) Class: 1827K(1920K)->1827K(1920K)
[5.509s][info   ][gc          ] GC(17) Pause Young (Normal) (G1 Evacuation Pause) 1585M->926M(6144M) 82.053ms
[5.966s][info   ][gc,metaspace] GC(18) Metaspace: 11462K(11648K)->11462K(11648K) NonClass: 9635K(9728K)->9635K(9728K) Class: 1827K(1920K)->1827K(1920K)
[5.966s][info   ][gc          ] GC(18) Pause Young (Normal) (G1 Evacuation Pause) 1562M->994M(6144M) 104.474ms
[6.520s][info   ][gc,metaspace] GC(19) Metaspace: 11462K(11648K)->11462K(11648K) NonClass: 9635K(9728K)->9635K(9728K) Class: 1827K(1920K)->1827K(1920K)
[6.520s][info   ][gc          ] GC(19) Pause Young (Normal) (G1 Evacuation Pause) 1826M->1066M(6144M) 94.094ms
[7.047s][info   ][gc,metaspace] GC(20) Metaspace: 11462K(11648K)->11462K(11648K) NonClass: 9635K(9728K)->9635K(9728K) Class: 1827K(1920K)->1827K(1920K)
[7.047s][info   ][gc          ] GC(20) Pause Young (Normal) (G1 Evacuation Pause) 1806M->1143M(6144M) 114.796ms
[7.724s][info   ][gc,metaspace] GC(21) Metaspace: 11462K(11648K)->11462K(11648K) NonClass: 9635K(9728K)->9635K(9728K) Class: 1827K(1920K)->1827K(1920K)
[7.724s][info   ][gc          ] GC(21) Pause Young (Normal) (G1 Evacuation Pause) 2087M->1224M(6144M) 109.048ms
[8.362s][info   ][gc,metaspace] GC(22) Metaspace: 11462K(11648K)->11462K(11648K) NonClass: 9635K(9728K)->9635K(9728K) Class: 1827K(1920K)->1827K(1920K)
[8.362s][info   ][gc          ] GC(22) Pause Young (Normal) (G1 Evacuation Pause) 2060M->1308M(6144M) 130.592ms
[9.057s][info   ][gc,metaspace] GC(23) Metaspace: 11462K(11648K)->11462K(11648K) NonClass: 9635K(9728K)->9635K(9728K) Class: 1827K(1920K)->1827K(1920K)
[9.057s][info   ][gc          ] GC(23) Pause Young (Normal) (G1 Evacuation Pause) 2348M->1400M(6144M) 119.517ms
[9.743s][info   ][gc,metaspace] GC(24) Metaspace: 11462K(11648K)->11462K(11648K) NonClass: 9635K(9728K)->9635K(9728K) Class: 1827K(1920K)->1827K(1920K)
[9.743s][info   ][gc          ] GC(24) Pause Young (Normal) (G1 Evacuation Pause) 2416M->1498M(6144M) 124.888ms
[10.526s][info   ][gc,metaspace] GC(25) Metaspace: 11462K(11648K)->11462K(11648K) NonClass: 9635K(9728K)->9635K(9728K) Class: 1827K(1920K)->1827K(1920K)
[10.526s][info   ][gc          ] GC(25) Pause Young (Normal) (G1 Evacuation Pause) 2598M->1598M(6144M) 129.983ms
67108864 Objects created
 - IK: 55699211 (82.99829%)
 - OAK: 3355627 (5.0002737%)
 - TAK: 8054026 (12.001434%)
Preparatory GC...
[12.414s][info   ][gc,metaspace] GC(26) Metaspace: 11462K(11648K)->11462K(11648K) NonClass: 9635K(9728K)->9635K(9728K) Class: 1827K(1920K)->1827K(1920K)
[12.414s][info   ][gc          ] GC(26) Pause Full (System.gc()) 2698M->1576M(6144M) 1279.096ms
[13.422s][info   ][gc,metaspace] GC(27) Metaspace: 11462K(11648K)->11462K(11648K) NonClass: 9635K(9728K)->9635K(9728K) Class: 1827K(1920K)->1827K(1920K)
[13.422s][info   ][gc          ] GC(27) Pause Full (System.gc()) 1576M->1576M(6144M) 1008.278ms
Done; will start GCs... 
[14.433s][info   ][gc,metaspace] GC(28) Metaspace: 11462K(11648K)->11462K(11648K) NonClass: 9635K(9728K)->9635K(9728K) Class: 1827K(1920K)->1827K(1920K)
[14.433s][info   ][gc          ] GC(28) Pause Full (System.gc()) 1578M->1576M(6144M) 1010.092ms
[15.443s][info   ][gc,metaspace] GC(29) Metaspace: 11462K(11648K)->11462K(11648K) NonClass: 9635K(9728K)->9635K(9728K) Class: 1827K(1920K)->1827K(1920K)
[15.443s][info   ][gc          ] GC(29) Pause Full (System.gc()) 1576M->1576M(6144M) 1010.793ms
[16.484s][info   ][gc,metaspace] GC(30) Metaspace: 11462K(11648K)->11462K(11648K) NonClass: 9635K(9728K)->9635K(9728K) Class: 1827K(1920K)->1827K(1920K)
[16.484s][info   ][gc          ] GC(30) Pause Full (System.gc()) 1576M->1576M(6144M) 1040.489ms
[17.496s][info   ][gc,metaspace] GC(31) Metaspace: 11462K(11648K)->11462K(11648K) NonClass: 9635K(9728K)->9635K(9728K) Class: 1827K(1920K)->1827K(1920K)
[17.496s][info   ][gc          ] GC(31) Pause Full (System.gc()) 1576M->1576M(6144M) 1012.352ms
[18.510s][info   ][gc,metaspace] GC(32) Metaspace: 11462K(11648K)->11462K(11648K) NonClass: 9635K(9728K)->9635K(9728K) Class: 1827K(1920K)->1827K(1920K)
[18.510s][info   ][gc          ] GC(32) Pause Full (System.gc()) 1576M->1576M(6144M) 1012.854ms
[19.528s][info   ][gc,metaspace] GC(33) Metaspace: 11462K(11648K)->11462K(11648K) NonClass: 9635K(9728K)->9635K(9728K) Class: 1827K(1920K)->1827K(1920K)
[19.528s][info   ][gc          ] GC(33) Pause Full (System.gc()) 1576M->1576M(6144M) 1017.579ms
[20.538s][info   ][gc,metaspace] GC(34) Metaspace: 11462K(11648K)->11462K(11648K) NonClass: 9635K(9728K)->9635K(9728K) Class: 1827K(1920K)->1827K(1920K)
[20.538s][info   ][gc          ] GC(34) Pause Full (System.gc()) 1576M->1576M(6144M) 1010.607ms
[21.550s][info   ][gc,metaspace] GC(35) Metaspace: 11462K(11648K)->11462K(11648K) NonClass: 9635K(9728K)->9635K(9728K) Class: 1827K(1920K)->1827K(1920K)
[21.550s][info   ][gc          ] GC(35) Pause Full (System.gc()) 1576M->1576M(6144M) 1011.600ms
[22.564s][info   ][gc,metaspace] GC(36) Metaspace: 11462K(11648K)->11462K(11648K) NonClass: 9635K(9728K)->9635K(9728K) Class: 1827K(1920K)->1827K(1920K)
[22.564s][info   ][gc          ] GC(36) Pause Full (System.gc()) 1576M->1576M(6144M) 1013.450ms
[23.579s][info   ][gc,metaspace] GC(37) Metaspace: 11462K(11648K)->11462K(11648K) NonClass: 9635K(9728K)->9635K(9728K) Class: 1827K(1920K)->1827K(1920K)
[23.579s][info   ][gc          ] GC(37) Pause Full (System.gc()) 1576M->1576M(6144M) 1014.748ms
[24.588s][info   ][gc,metaspace] GC(38) Metaspace: 11462K(11648K)->11462K(11648K) NonClass: 9635K(9728K)->9635K(9728K) Class: 1827K(1920K)->1827K(1920K)
[24.588s][info   ][gc          ] GC(38) Pause Full (System.gc()) 1576M->1576M(6144M) 1009.141ms
[25.598s][info   ][gc,metaspace] GC(39) Metaspace: 11462K(11648K)->11462K(11648K) NonClass: 9635K(9728K)->9635K(9728K) Class: 1827K(1920K)->1827K(1920K)
[25.598s][info   ][gc          ] GC(39) Pause Full (System.gc()) 1576M->1576M(6144M) 1009.825ms
[26.609s][info   ][gc,metaspace] GC(40) Metaspace: 11462K(11648K)->11462K(11648K) NonClass: 9635K(9728K)->9635K(9728K) Class: 1827K(1920K)->1827K(1920K)
[26.609s][info   ][gc          ] GC(40) Pause Full (System.gc()) 1576M->1576M(6144M) 1010.688ms
[27.622s][info   ][gc,metaspace] GC(41) Metaspace: 11462K(11648K)->11462K(11648K) NonClass: 9635K(9728K)->9635K(9728K) Class: 1827K(1920K)->1827K(1920K)
[27.622s][info   ][gc          ] GC(41) Pause Full (System.gc()) 1576M->1576M(6144M) 1012.520ms
[28.633s][info   ][gc,metaspace] GC(42) Metaspace: 11462K(11648K)->11462K(11648K) NonClass: 9635K(9728K)->9635K(9728K) Class: 1827K(1920K)->1827K(1920K)
[28.633s][info   ][gc          ] GC(42) Pause Full (System.gc()) 1576M->1576M(6144M) 1010.569ms
[29.644s][info   ][gc,metaspace] GC(43) Metaspace: 11462K(11648K)->11462K(11648K) NonClass: 9635K(9728K)->9635K(9728K) Class: 1827K(1920K)->1827K(1920K)
[29.644s][info   ][gc          ] GC(43) Pause Full (System.gc()) 1576M->1576M(6144M) 1010.344ms
[30.660s][info   ][gc,metaspace] GC(44) Metaspace: 11462K(11648K)->11462K(11648K) NonClass: 9635K(9728K)->9635K(9728K) Class: 1827K(1920K)->1827K(1920K)
[30.660s][info   ][gc          ] GC(44) Pause Full (System.gc()) 1576M->1576M(6144M) 1015.896ms
[31.667s][info   ][gc,metaspace] GC(45) Metaspace: 11462K(11648K)->11462K(11648K) NonClass: 9635K(9728K)->9635K(9728K) Class: 1827K(1920K)->1827K(1920K)
[31.667s][info   ][gc          ] GC(45) Pause Full (System.gc()) 1576M->1576M(6144M) 1007.065ms
[32.684s][info   ][gc,metaspace] GC(46) Metaspace: 11462K(11648K)->11462K(11648K) NonClass: 9635K(9728K)->9635K(9728K) Class: 1827K(1920K)->1827K(1920K)
[32.684s][info   ][gc          ] GC(46) Pause Full (System.gc()) 1576M->1576M(6144M) 1017.008ms
[33.698s][info   ][gc,metaspace] GC(47) Metaspace: 11462K(11648K)->11462K(11648K) NonClass: 9635K(9728K)->9635K(9728K) Class: 1827K(1920K)->1827K(1920K)
[33.698s][info   ][gc          ] GC(47) Pause Full (System.gc()) 1576M->1576M(6144M) 1013.696ms
[34.710s][info   ][gc,metaspace] GC(48) Metaspace: 11462K(11648K)->11462K(11648K) NonClass: 9635K(9728K)->9635K(9728K) Class: 1827K(1920K)->1827K(1920K)
[34.710s][info   ][gc          ] GC(48) Pause Full (System.gc()) 1576M->1576M(6144M) 1011.429ms
[35.720s][info   ][gc,metaspace] GC(49) Metaspace: 11462K(11648K)->11462K(11648K) NonClass: 9635K(9728K)->9635K(9728K) Class: 1827K(1920K)->1827K(1920K)
[35.720s][info   ][gc          ] GC(49) Pause Full (System.gc()) 1576M->1576M(6144M) 1009.887ms
[36.734s][info   ][gc,metaspace] GC(50) Metaspace: 11462K(11648K)->11462K(11648K) NonClass: 9635K(9728K)->9635K(9728K) Class: 1827K(1920K)->1827K(1920K)
[36.734s][info   ][gc          ] GC(50) Pause Full (System.gc()) 1576M->1576M(6144M) 1013.891ms
[37.744s][info   ][gc,metaspace] GC(51) Metaspace: 11462K(11648K)->11462K(11648K) NonClass: 9635K(9728K)->9635K(9728K) Class: 1827K(1920K)->1827K(1920K)
[37.744s][info   ][gc          ] GC(51) Pause Full (System.gc()) 1576M->1576M(6144M) 1010.236ms
[38.760s][info   ][gc,metaspace] GC(52) Metaspace: 11462K(11648K)->11462K(11648K) NonClass: 9635K(9728K)->9635K(9728K) Class: 1827K(1920K)->1827K(1920K)
[38.760s][info   ][gc          ] GC(52) Pause Full (System.gc()) 1576M->1576M(6144M) 1015.448ms
[39.776s][info   ][gc,metaspace] GC(53) Metaspace: 11462K(11648K)->11462K(11648K) NonClass: 9635K(9728K)->9635K(9728K) Class: 1827K(1920K)->1827K(1920K)
[39.777s][info   ][gc          ] GC(53) Pause Full (System.gc()) 1576M->1576M(6144M) 1016.046ms
[40.789s][info   ][gc,metaspace] GC(54) Metaspace: 11462K(11648K)->11462K(11648K) NonClass: 9635K(9728K)->9635K(9728K) Class: 1827K(1920K)->1827K(1920K)
[40.789s][info   ][gc          ] GC(54) Pause Full (System.gc()) 1576M->1576M(6144M) 1012.790ms
[41.799s][info   ][gc,metaspace] GC(55) Metaspace: 11462K(11648K)->11462K(11648K) NonClass: 9635K(9728K)->9635K(9728K) Class: 1827K(1920K)->1827K(1920K)
[41.800s][info   ][gc          ] GC(55) Pause Full (System.gc()) 1576M->1576M(6144M) 1009.989ms
[42.816s][info   ][gc,metaspace] GC(56) Metaspace: 11462K(11648K)->11462K(11648K) NonClass: 9635K(9728K)->9635K(9728K) Class: 1827K(1920K)->1827K(1920K)
[42.817s][info   ][gc          ] GC(56) Pause Full (System.gc()) 1576M->1576M(6144M) 1017.251ms
[43.834s][info   ][gc,metaspace] GC(57) Metaspace: 11462K(11648K)->11462K(11648K) NonClass: 9635K(9728K)->9635K(9728K) Class: 1827K(1920K)->1827K(1920K)
[43.834s][info   ][gc          ] GC(57) Pause Full (System.gc()) 1576M->1576M(6144M) 1017.436ms
[44.851s][info   ][gc,metaspace] GC(58) Metaspace: 11462K(11648K)->11462K(11648K) NonClass: 9635K(9728K)->9635K(9728K) Class: 1827K(1920K)->1827K(1920K)
[44.851s][info   ][gc          ] GC(58) Pause Full (System.gc()) 1576M->1576M(6144M) 1016.309ms
[45.866s][info   ][gc,metaspace] GC(59) Metaspace: 11462K(11648K)->11462K(11648K) NonClass: 9635K(9728K)->9635K(9728K) Class: 1827K(1920K)->1827K(1920K)
[45.866s][info   ][gc          ] GC(59) Pause Full (System.gc()) 1576M->1576M(6144M) 1015.551ms
[46.874s][info   ][gc,metaspace] GC(60) Metaspace: 11462K(11648K)->11462K(11648K) NonClass: 9635K(9728K)->9635K(9728K) Class: 1827K(1920K)->1827K(1920K)
[46.874s][info   ][gc          ] GC(60) Pause Full (System.gc()) 1576M->1576M(6144M) 1007.530ms
[47.883s][info   ][gc,metaspace] GC(61) Metaspace: 11462K(11648K)->11462K(11648K) NonClass: 9635K(9728K)->9635K(9728K) Class: 1827K(1920K)->1827K(1920K)
[47.884s][info   ][gc          ] GC(61) Pause Full (System.gc()) 1576M->1576M(6144M) 1009.426ms
[48.900s][info   ][gc,metaspace] GC(62) Metaspace: 11462K(11648K)->11462K(11648K) NonClass: 9635K(9728K)->9635K(9728K) Class: 1827K(1920K)->1827K(1920K)
[48.900s][info   ][gc          ] GC(62) Pause Full (System.gc()) 1576M->1576M(6144M) 1016.613ms
[49.912s][info   ][gc,metaspace] GC(63) Metaspace: 11462K(11648K)->11462K(11648K) NonClass: 9635K(9728K)->9635K(9728K) Class: 1827K(1920K)->1827K(1920K)
[49.912s][info   ][gc          ] GC(63) Pause Full (System.gc()) 1576M->1576M(6144M) 1011.918ms
[50.923s][info   ][gc,metaspace] GC(64) Metaspace: 11462K(11648K)->11462K(11648K) NonClass: 9635K(9728K)->9635K(9728K) Class: 1827K(1920K)->1827K(1920K)
[50.923s][info   ][gc          ] GC(64) Pause Full (System.gc()) 1576M->1576M(6144M) 1010.494ms
[51.935s][info   ][gc,metaspace] GC(65) Metaspace: 11462K(11648K)->11462K(11648K) NonClass: 9635K(9728K)->9635K(9728K) Class: 1827K(1920K)->1827K(1920K)
[51.935s][info   ][gc          ] GC(65) Pause Full (System.gc()) 1576M->1576M(6144M) 1012.385ms
[52.949s][info   ][gc,metaspace] GC(66) Metaspace: 11462K(11648K)->11462K(11648K) NonClass: 9635K(9728K)->9635K(9728K) Class: 1827K(1920K)->1827K(1920K)
[52.949s][info   ][gc          ] GC(66) Pause Full (System.gc()) 1576M->1576M(6144M) 1013.887ms
[53.964s][info   ][gc,metaspace] GC(67) Metaspace: 11462K(11648K)->11462K(11648K) NonClass: 9635K(9728K)->9635K(9728K) Class: 1827K(1920K)->1827K(1920K)
[53.965s][info   ][gc          ] GC(67) Pause Full (System.gc()) 1576M->1576M(6144M) 1014.502ms
[54.977s][info   ][gc,metaspace] GC(68) Metaspace: 11462K(11648K)->11462K(11648K) NonClass: 9635K(9728K)->9635K(9728K) Class: 1827K(1920K)->1827K(1920K)
[54.977s][info   ][gc          ] GC(68) Pause Full (System.gc()) 1576M->1576M(6144M) 1012.264ms
[55.990s][info   ][gc,metaspace] GC(69) Metaspace: 11462K(11648K)->11462K(11648K) NonClass: 9635K(9728K)->9635K(9728K) Class: 1827K(1920K)->1827K(1920K)
[55.990s][info   ][gc          ] GC(69) Pause Full (System.gc()) 1576M->1576M(6144M) 1012.764ms
[57.005s][info   ][gc,metaspace] GC(70) Metaspace: 11462K(11648K)->11462K(11648K) NonClass: 9635K(9728K)->9635K(9728K) Class: 1827K(1920K)->1827K(1920K)
[57.005s][info   ][gc          ] GC(70) Pause Full (System.gc()) 1576M->1576M(6144M) 1015.510ms
[58.015s][info   ][gc,metaspace] GC(71) Metaspace: 11462K(11648K)->11462K(11648K) NonClass: 9635K(9728K)->9635K(9728K) Class: 1827K(1920K)->1827K(1920K)
[58.015s][info   ][gc          ] GC(71) Pause Full (System.gc()) 1576M->1576M(6144M) 1009.886ms
[59.029s][info   ][gc,metaspace] GC(72) Metaspace: 11462K(11648K)->11462K(11648K) NonClass: 9635K(9728K)->9635K(9728K) Class: 1827K(1920K)->1827K(1920K)
[59.029s][info   ][gc          ] GC(72) Pause Full (System.gc()) 1576M->1576M(6144M) 1012.965ms
[60.041s][info   ][gc,metaspace] GC(73) Metaspace: 11462K(11648K)->11462K(11648K) NonClass: 9635K(9728K)->9635K(9728K) Class: 1827K(1920K)->1827K(1920K)
[60.041s][info   ][gc          ] GC(73) Pause Full (System.gc()) 1576M->1576M(6144M) 1011.869ms
[61.056s][info   ][gc,metaspace] GC(74) Metaspace: 11462K(11648K)->11462K(11648K) NonClass: 9635K(9728K)->9635K(9728K) Class: 1827K(1920K)->1827K(1920K)
[61.057s][info   ][gc          ] GC(74) Pause Full (System.gc()) 1576M->1576M(6144M) 1015.509ms
[62.067s][info   ][gc,metaspace] GC(75) Metaspace: 11462K(11648K)->11462K(11648K) NonClass: 9635K(9728K)->9635K(9728K) Class: 1827K(1920K)->1827K(1920K)
[62.067s][info   ][gc          ] GC(75) Pause Full (System.gc()) 1576M->1576M(6144M) 1010.119ms
[63.078s][info   ][gc,metaspace] GC(76) Metaspace: 11462K(11648K)->11462K(11648K) NonClass: 9635K(9728K)->9635K(9728K) Class: 1827K(1920K)->1827K(1920K)
[63.078s][info   ][gc          ] GC(76) Pause Full (System.gc()) 1576M->1576M(6144M) 1011.488ms
[64.113s][info   ][gc,metaspace] GC(77) Metaspace: 11462K(11648K)->11462K(11648K) NonClass: 9635K(9728K)->9635K(9728K) Class: 1827K(1920K)->1827K(1920K)
[64.113s][info   ][gc          ] GC(77) Pause Full (System.gc()) 1576M->1576M(6144M) 1034.128ms
After GCs... 
