[0.001s][info][metaspace]  - commit_granule_bytes: 65536.
[0.001s][info][metaspace]  - commit_granule_words: 8192.
[0.001s][info][metaspace]  - virtual_space_node_default_size: 8388608.
[0.001s][info][metaspace]  - enlarge_chunks_in_place: 1.
[0.001s][info][metaspace]  - use_allocation_guard: 0.
[0.004s][info][gc       ] Using Parallel
[0.378s][info][metaspace] Reserving compressed class space anywhere
[0.378s][info][gc,metaspace] CDS archive(s) not mapped
[0.378s][info][gc,metaspace] Compressed class space mapped at: 0x000000002e000000-0x00000000ee000000, reserved size: 3221225472
[0.378s][info][gc,metaspace] UseCompressedClassPointers 1, UseCompactObjectHeaders 1, narrow klass pointer bits 22, max shift 10
[0.378s][info][gc,metaspace] Narrow klass base: 0x000000002e000000, Narrow klass shift: 10, Narrow klass range: 0xc0000000
Num Classes: 1024
Num Objects per Class: 65536
Cycles: 10
randomize: true (disable with --no-randomization)
ballOfYarn mode: false (switch to flat mode with --flat-mode)
Generate 1024 classes...[2.414s][info][gc,metaspace] GC(0) Metaspace: 22913K(23296K)->22913K(23296K) NonClass: 19182K(19392K)->19182K(19392K) Class: 3730K(3904K)->3730K(3904K)
[2.414s][info][gc          ] GC(0) Pause Young (Allocation Failure) 1536M->4M(5888M) 4.604ms
[3.636s][info][gc,metaspace] GC(1) Metaspace: 23724K(24064K)->23724K(24064K) NonClass: 19992K(20160K)->19992K(20160K) Class: 3732K(3904K)->3732K(3904K)
[3.636s][info][gc          ] GC(1) Pause Young (Allocation Failure) 1540M->5M(5888M) 7.352ms

Loading 1024...[4.554s][info][gc,metaspace] GC(2) Metaspace: 25358K(25728K)->25358K(25728K) NonClass: 20602K(20800K)->20602K(20800K) Class: 4755K(4928K)->4755K(4928K)
[4.554s][info][gc          ] GC(2) Pause Full (System.gc()) 956M->4M(5888M) 27.543ms
Creating 65536 objects per class...
Preparatory GC...
[11.664s][info][gc,metaspace] GC(3) Metaspace: 28783K(30016K)->28783K(30016K) NonClass: 23490K(24064K)->23490K(24064K) Class: 5292K(5952K)->5292K(5952K)
[11.664s][info][gc          ] GC(3) Pause Full (System.gc()) 1487M->1408M(5888M) 977.591ms
[12.430s][info][gc,metaspace] GC(4) Metaspace: 28783K(30016K)->28783K(30016K) NonClass: 23490K(24064K)->23490K(24064K) Class: 5292K(5952K)->5292K(5952K)
[12.430s][info][gc          ] GC(4) Pause Full (System.gc()) 1408M->1408M(5888M) 765.733ms
Done; will start GCs... 
[13.149s][info][gc,metaspace] GC(5) Metaspace: 28783K(30016K)->28783K(30016K) NonClass: 23490K(24064K)->23490K(24064K) Class: 5292K(5952K)->5292K(5952K)
[13.150s][info][gc          ] GC(5) Pause Full (System.gc()) 1437M->1408M(5888M) 719.369ms
[13.846s][info][gc,metaspace] GC(6) Metaspace: 28784K(30016K)->28784K(30016K) NonClass: 23491K(24064K)->23491K(24064K) Class: 5292K(5952K)->5292K(5952K)
[13.846s][info][gc          ] GC(6) Pause Full (System.gc()) 1408M->1408M(5888M) 696.346ms
[14.594s][info][gc,metaspace] GC(7) Metaspace: 28784K(30016K)->28784K(30016K) NonClass: 23491K(24064K)->23491K(24064K) Class: 5292K(5952K)->5292K(5952K)
[14.594s][info][gc          ] GC(7) Pause Full (System.gc()) 1408M->1408M(5888M) 748.381ms
[15.334s][info][gc,metaspace] GC(8) Metaspace: 28784K(30016K)->28784K(30016K) NonClass: 23491K(24064K)->23491K(24064K) Class: 5292K(5952K)->5292K(5952K)
[15.334s][info][gc          ] GC(8) Pause Full (System.gc()) 1408M->1408M(5888M) 739.295ms
[16.054s][info][gc,metaspace] GC(9) Metaspace: 28784K(30016K)->28784K(30016K) NonClass: 23491K(24064K)->23491K(24064K) Class: 5292K(5952K)->5292K(5952K)
[16.054s][info][gc          ] GC(9) Pause Full (System.gc()) 1408M->1408M(5888M) 720.475ms
[16.764s][info][gc,metaspace] GC(10) Metaspace: 28784K(30016K)->28784K(30016K) NonClass: 23491K(24064K)->23491K(24064K) Class: 5292K(5952K)->5292K(5952K)
[16.764s][info][gc          ] GC(10) Pause Full (System.gc()) 1408M->1408M(5888M) 704.820ms
[17.499s][info][gc,metaspace] GC(11) Metaspace: 28784K(30016K)->28784K(30016K) NonClass: 23491K(24064K)->23491K(24064K) Class: 5292K(5952K)->5292K(5952K)
[17.499s][info][gc          ] GC(11) Pause Full (System.gc()) 1408M->1408M(5888M) 735.606ms
[18.238s][info][gc,metaspace] GC(12) Metaspace: 28784K(30016K)->28784K(30016K) NonClass: 23491K(24064K)->23491K(24064K) Class: 5292K(5952K)->5292K(5952K)
[18.238s][info][gc          ] GC(12) Pause Full (System.gc()) 1408M->1408M(5888M) 738.504ms
[18.929s][info][gc,metaspace] GC(13) Metaspace: 28784K(30016K)->28784K(30016K) NonClass: 23491K(24064K)->23491K(24064K) Class: 5292K(5952K)->5292K(5952K)
[18.929s][info][gc          ] GC(13) Pause Full (System.gc()) 1408M->1408M(5888M) 690.532ms
[19.636s][info][gc,metaspace] GC(14) Metaspace: 28784K(30016K)->28784K(30016K) NonClass: 23491K(24064K)->23491K(24064K) Class: 5292K(5952K)->5292K(5952K)
[19.636s][info][gc          ] GC(14) Pause Full (System.gc()) 1408M->1408M(5888M) 706.864ms
After GCs... 
