Done; will start GCs... 
[14.526s][info][gc,metaspace] GC(6) Metaspace: 28687K(29888K)->28687K(29888K) NonClass: 25291K(25856K)->25291K(25856K) Class: 3396K(4032K)->3396K(4032K)
[14.526s][info][gc          ] GC(6) Pause Full (System.gc()) 1568M->1538M(5888M) 661.515ms
[15.198s][info][gc,metaspace] GC(7) Metaspace: 28687K(29888K)->28687K(29888K) NonClass: 25291K(25856K)->25291K(25856K) Class: 3396K(4032K)->3396K(4032K)
[15.198s][info][gc          ] GC(7) Pause Full (System.gc()) 1538M->1538M(5888M) 671.950ms
[15.848s][info][gc,metaspace] GC(8) Metaspace: 28687K(29888K)->28687K(29888K) NonClass: 25291K(25856K)->25291K(25856K) Class: 3396K(4032K)->3396K(4032K)
[15.848s][info][gc          ] GC(8) Pause Full (System.gc()) 1538M->1538M(5888M) 649.669ms
[16.471s][info][gc,metaspace] GC(9) Metaspace: 28687K(29888K)->28687K(29888K) NonClass: 25291K(25856K)->25291K(25856K) Class: 3396K(4032K)->3396K(4032K)
[16.471s][info][gc          ] GC(9) Pause Full (System.gc()) 1538M->1538M(5888M) 623.402ms
[17.144s][info][gc,metaspace] GC(10) Metaspace: 28687K(29888K)->28687K(29888K) NonClass: 25291K(25856K)->25291K(25856K) Class: 3396K(4032K)->3396K(4032K)
[17.144s][info][gc          ] GC(10) Pause Full (System.gc()) 1538M->1538M(5888M) 672.464ms
[17.803s][info][gc,metaspace] GC(11) Metaspace: 28687K(29888K)->28687K(29888K) NonClass: 25291K(25856K)->25291K(25856K) Class: 3396K(4032K)->3396K(4032K)
[17.803s][info][gc          ] GC(11) Pause Full (System.gc()) 1538M->1538M(5888M) 658.877ms
[18.435s][info][gc,metaspace] GC(12) Metaspace: 28687K(29888K)->28687K(29888K) NonClass: 25291K(25856K)->25291K(25856K) Class: 3396K(4032K)->3396K(4032K)
[18.439s][info][gc          ] GC(12) Pause Full (System.gc()) 1538M->1538M(5888M) 636.049ms
[19.091s][info][gc,metaspace] GC(13) Metaspace: 28687K(29888K)->28687K(29888K) NonClass: 25291K(25856K)->25291K(25856K) Class: 3396K(4032K)->3396K(4032K)
[19.091s][info][gc          ] GC(13) Pause Full (System.gc()) 1538M->1538M(5888M) 651.732ms
[19.758s][info][gc,metaspace] GC(14) Metaspace: 28687K(29888K)->28687K(29888K) NonClass: 25291K(25856K)->25291K(25856K) Class: 3396K(4032K)->3396K(4032K)
[19.758s][info][gc          ] GC(14) Pause Full (System.gc()) 1538M->1538M(5888M) 666.745ms
[20.494s][info][gc,metaspace] GC(15) Metaspace: 28687K(29888K)->28687K(29888K) NonClass: 25291K(25856K)->25291K(25856K) Class: 3396K(4032K)->3396K(4032K)
[20.494s][info][gc          ] GC(15) Pause Full (System.gc()) 1538M->1538M(5888M) 736.572ms
After GCs... 
