Done; will start GCs... 
[25.122s][info][gc,metaspace] GC(28) Metaspace: 31188K(34880K)->31188K(34880K) NonClass: 23163K(24768K)->23163K(24768K) Class: 8025K(10112K)->8025K(10112K)
[25.122s][info][gc          ] GC(28) Pause Full (System.gc()) 1599M->1597M(6144M) 660.748ms
[25.791s][info][gc,metaspace] GC(29) Metaspace: 31188K(34880K)->31188K(34880K) NonClass: 23163K(24768K)->23163K(24768K) Class: 8025K(10112K)->8025K(10112K)
[25.791s][info][gc          ] GC(29) Pause Full (System.gc()) 1597M->1597M(6144M) 669.244ms
[26.465s][info][gc,metaspace] GC(30) Metaspace: 31188K(34880K)->31188K(34880K) NonClass: 23163K(24768K)->23163K(24768K) Class: 8025K(10112K)->8025K(10112K)
[26.465s][info][gc          ] GC(30) Pause Full (System.gc()) 1597M->1597M(6144M) 674.427ms
[27.132s][info][gc,metaspace] GC(31) Metaspace: 31188K(34880K)->31188K(34880K) NonClass: 23163K(24768K)->23163K(24768K) Class: 8025K(10112K)->8025K(10112K)
[27.132s][info][gc          ] GC(31) Pause Full (System.gc()) 1597M->1597M(6144M) 666.843ms
[27.808s][info][gc,metaspace] GC(32) Metaspace: 31188K(34880K)->31188K(34880K) NonClass: 23163K(24768K)->23163K(24768K) Class: 8025K(10112K)->8025K(10112K)
[27.808s][info][gc          ] GC(32) Pause Full (System.gc()) 1597M->1597M(6144M) 675.488ms
[28.476s][info][gc,metaspace] GC(33) Metaspace: 31188K(34880K)->31188K(34880K) NonClass: 23163K(24768K)->23163K(24768K) Class: 8025K(10112K)->8025K(10112K)
[28.476s][info][gc          ] GC(33) Pause Full (System.gc()) 1597M->1597M(6144M) 668.142ms
[29.143s][info][gc,metaspace] GC(34) Metaspace: 31188K(34880K)->31188K(34880K) NonClass: 23163K(24768K)->23163K(24768K) Class: 8025K(10112K)->8025K(10112K)
[29.143s][info][gc          ] GC(34) Pause Full (System.gc()) 1597M->1597M(6144M) 667.073ms
[29.809s][info][gc,metaspace] GC(35) Metaspace: 31188K(34880K)->31188K(34880K) NonClass: 23163K(24768K)->23163K(24768K) Class: 8025K(10112K)->8025K(10112K)
[29.809s][info][gc          ] GC(35) Pause Full (System.gc()) 1597M->1597M(6144M) 665.772ms
[30.480s][info][gc,metaspace] GC(36) Metaspace: 31188K(34880K)->31188K(34880K) NonClass: 23163K(24768K)->23163K(24768K) Class: 8025K(10112K)->8025K(10112K)
[30.480s][info][gc          ] GC(36) Pause Full (System.gc()) 1597M->1597M(6144M) 671.023ms
[31.139s][info][gc,metaspace] GC(37) Metaspace: 31188K(34880K)->31188K(34880K) NonClass: 23163K(24768K)->23163K(24768K) Class: 8025K(10112K)->8025K(10112K)
[31.139s][info][gc          ] GC(37) Pause Full (System.gc()) 1597M->1597M(6144M) 658.560ms
[31.804s][info][gc,metaspace] GC(38) Metaspace: 31188K(34880K)->31188K(34880K) NonClass: 23163K(24768K)->23163K(24768K) Class: 8025K(10112K)->8025K(10112K)
[31.804s][info][gc          ] GC(38) Pause Full (System.gc()) 1597M->1597M(6144M) 664.747ms
[32.472s][info][gc,metaspace] GC(39) Metaspace: 31188K(34880K)->31188K(34880K) NonClass: 23163K(24768K)->23163K(24768K) Class: 8025K(10112K)->8025K(10112K)
[32.472s][info][gc          ] GC(39) Pause Full (System.gc()) 1597M->1597M(6144M) 668.198ms
[33.140s][info][gc,metaspace] GC(40) Metaspace: 31188K(34880K)->31188K(34880K) NonClass: 23163K(24768K)->23163K(24768K) Class: 8025K(10112K)->8025K(10112K)
[33.140s][info][gc          ] GC(40) Pause Full (System.gc()) 1597M->1597M(6144M) 667.609ms
[33.804s][info][gc,metaspace] GC(41) Metaspace: 31188K(34880K)->31188K(34880K) NonClass: 23163K(24768K)->23163K(24768K) Class: 8025K(10112K)->8025K(10112K)
[33.804s][info][gc          ] GC(41) Pause Full (System.gc()) 1597M->1597M(6144M) 664.726ms
[34.467s][info][gc,metaspace] GC(42) Metaspace: 31188K(34880K)->31188K(34880K) NonClass: 23163K(24768K)->23163K(24768K) Class: 8025K(10112K)->8025K(10112K)
[34.467s][info][gc          ] GC(42) Pause Full (System.gc()) 1597M->1597M(6144M) 662.482ms
[35.135s][info][gc,metaspace] GC(43) Metaspace: 31188K(34880K)->31188K(34880K) NonClass: 23163K(24768K)->23163K(24768K) Class: 8025K(10112K)->8025K(10112K)
[35.135s][info][gc          ] GC(43) Pause Full (System.gc()) 1597M->1597M(6144M) 663.797ms
[35.811s][info][gc,metaspace] GC(44) Metaspace: 31188K(34880K)->31188K(34880K) NonClass: 23163K(24768K)->23163K(24768K) Class: 8025K(10112K)->8025K(10112K)
[35.811s][info][gc          ] GC(44) Pause Full (System.gc()) 1597M->1597M(6144M) 676.323ms
[36.486s][info][gc,metaspace] GC(45) Metaspace: 31188K(34880K)->31188K(34880K) NonClass: 23163K(24768K)->23163K(24768K) Class: 8025K(10112K)->8025K(10112K)
[36.486s][info][gc          ] GC(45) Pause Full (System.gc()) 1597M->1597M(6144M) 674.135ms
[37.151s][info][gc,metaspace] GC(46) Metaspace: 31188K(34880K)->31188K(34880K) NonClass: 23163K(24768K)->23163K(24768K) Class: 8025K(10112K)->8025K(10112K)
[37.151s][info][gc          ] GC(46) Pause Full (System.gc()) 1597M->1597M(6144M) 665.676ms
[37.835s][info][gc,metaspace] GC(47) Metaspace: 31188K(34880K)->31188K(34880K) NonClass: 23163K(24768K)->23163K(24768K) Class: 8025K(10112K)->8025K(10112K)
[37.835s][info][gc          ] GC(47) Pause Full (System.gc()) 1597M->1597M(6144M) 683.873ms
[38.510s][info][gc,metaspace] GC(48) Metaspace: 31188K(34880K)->31188K(34880K) NonClass: 23163K(24768K)->23163K(24768K) Class: 8025K(10112K)->8025K(10112K)
[38.510s][info][gc          ] GC(48) Pause Full (System.gc()) 1597M->1597M(6144M) 674.101ms
[39.168s][info][gc,metaspace] GC(49) Metaspace: 31188K(34880K)->31188K(34880K) NonClass: 23163K(24768K)->23163K(24768K) Class: 8025K(10112K)->8025K(10112K)
[39.168s][info][gc          ] GC(49) Pause Full (System.gc()) 1597M->1597M(6144M) 657.967ms
[39.845s][info][gc,metaspace] GC(50) Metaspace: 31188K(34880K)->31188K(34880K) NonClass: 23163K(24768K)->23163K(24768K) Class: 8025K(10112K)->8025K(10112K)
[39.845s][info][gc          ] GC(50) Pause Full (System.gc()) 1597M->1597M(6144M) 677.155ms
[40.517s][info][gc,metaspace] GC(51) Metaspace: 31188K(34880K)->31188K(34880K) NonClass: 23163K(24768K)->23163K(24768K) Class: 8025K(10112K)->8025K(10112K)
[40.517s][info][gc          ] GC(51) Pause Full (System.gc()) 1597M->1597M(6144M) 672.546ms
[41.173s][info][gc,metaspace] GC(52) Metaspace: 31188K(34880K)->31188K(34880K) NonClass: 23163K(24768K)->23163K(24768K) Class: 8025K(10112K)->8025K(10112K)
[41.173s][info][gc          ] GC(52) Pause Full (System.gc()) 1597M->1597M(6144M) 655.644ms
[41.850s][info][gc,metaspace] GC(53) Metaspace: 31188K(34880K)->31188K(34880K) NonClass: 23163K(24768K)->23163K(24768K) Class: 8025K(10112K)->8025K(10112K)
[41.850s][info][gc          ] GC(53) Pause Full (System.gc()) 1597M->1597M(6144M) 676.923ms
[42.515s][info][gc,metaspace] GC(54) Metaspace: 31188K(34880K)->31188K(34880K) NonClass: 23163K(24768K)->23163K(24768K) Class: 8025K(10112K)->8025K(10112K)
[42.515s][info][gc          ] GC(54) Pause Full (System.gc()) 1597M->1597M(6144M) 665.139ms
[43.185s][info][gc,metaspace] GC(55) Metaspace: 31188K(34880K)->31188K(34880K) NonClass: 23163K(24768K)->23163K(24768K) Class: 8025K(10112K)->8025K(10112K)
[43.185s][info][gc          ] GC(55) Pause Full (System.gc()) 1597M->1597M(6144M) 669.914ms
[43.854s][info][gc,metaspace] GC(56) Metaspace: 31188K(34880K)->31188K(34880K) NonClass: 23163K(24768K)->23163K(24768K) Class: 8025K(10112K)->8025K(10112K)
[43.854s][info][gc          ] GC(56) Pause Full (System.gc()) 1597M->1597M(6144M) 669.013ms
[44.518s][info][gc,metaspace] GC(57) Metaspace: 31188K(34880K)->31188K(34880K) NonClass: 23163K(24768K)->23163K(24768K) Class: 8025K(10112K)->8025K(10112K)
[44.518s][info][gc          ] GC(57) Pause Full (System.gc()) 1597M->1597M(6144M) 663.698ms
[45.180s][info][gc,metaspace] GC(58) Metaspace: 31188K(34880K)->31188K(34880K) NonClass: 23163K(24768K)->23163K(24768K) Class: 8025K(10112K)->8025K(10112K)
[45.180s][info][gc          ] GC(58) Pause Full (System.gc()) 1597M->1597M(6144M) 662.190ms
[45.871s][info][gc,metaspace] GC(59) Metaspace: 31188K(34880K)->31188K(34880K) NonClass: 23163K(24768K)->23163K(24768K) Class: 8025K(10112K)->8025K(10112K)
[45.871s][info][gc          ] GC(59) Pause Full (System.gc()) 1597M->1597M(6144M) 690.464ms
[46.534s][info][gc,metaspace] GC(60) Metaspace: 31188K(34880K)->31188K(34880K) NonClass: 23163K(24768K)->23163K(24768K) Class: 8025K(10112K)->8025K(10112K)
[46.534s][info][gc          ] GC(60) Pause Full (System.gc()) 1597M->1597M(6144M) 662.990ms
[47.194s][info][gc,metaspace] GC(61) Metaspace: 31188K(34880K)->31188K(34880K) NonClass: 23163K(24768K)->23163K(24768K) Class: 8025K(10112K)->8025K(10112K)
[47.194s][info][gc          ] GC(61) Pause Full (System.gc()) 1597M->1597M(6144M) 659.949ms
[47.876s][info][gc,metaspace] GC(62) Metaspace: 31188K(34880K)->31188K(34880K) NonClass: 23163K(24768K)->23163K(24768K) Class: 8025K(10112K)->8025K(10112K)
[47.876s][info][gc          ] GC(62) Pause Full (System.gc()) 1597M->1597M(6144M) 682.003ms
[48.547s][info][gc,metaspace] GC(63) Metaspace: 31188K(34880K)->31188K(34880K) NonClass: 23163K(24768K)->23163K(24768K) Class: 8025K(10112K)->8025K(10112K)
[48.547s][info][gc          ] GC(63) Pause Full (System.gc()) 1597M->1597M(6144M) 670.840ms
[49.207s][info][gc,metaspace] GC(64) Metaspace: 31188K(34880K)->31188K(34880K) NonClass: 23163K(24768K)->23163K(24768K) Class: 8025K(10112K)->8025K(10112K)
[49.207s][info][gc          ] GC(64) Pause Full (System.gc()) 1597M->1597M(6144M) 659.445ms
[49.872s][info][gc,metaspace] GC(65) Metaspace: 31188K(34880K)->31188K(34880K) NonClass: 23163K(24768K)->23163K(24768K) Class: 8025K(10112K)->8025K(10112K)
[49.872s][info][gc          ] GC(65) Pause Full (System.gc()) 1597M->1597M(6144M) 665.177ms
[50.538s][info][gc,metaspace] GC(66) Metaspace: 31188K(34880K)->31188K(34880K) NonClass: 23163K(24768K)->23163K(24768K) Class: 8025K(10112K)->8025K(10112K)
[50.538s][info][gc          ] GC(66) Pause Full (System.gc()) 1597M->1597M(6144M) 665.959ms
[51.202s][info][gc,metaspace] GC(67) Metaspace: 31188K(34880K)->31188K(34880K) NonClass: 23163K(24768K)->23163K(24768K) Class: 8025K(10112K)->8025K(10112K)
[51.202s][info][gc          ] GC(67) Pause Full (System.gc()) 1597M->1597M(6144M) 664.386ms
[51.873s][info][gc,metaspace] GC(68) Metaspace: 31188K(34880K)->31188K(34880K) NonClass: 23163K(24768K)->23163K(24768K) Class: 8025K(10112K)->8025K(10112K)
[51.873s][info][gc          ] GC(68) Pause Full (System.gc()) 1597M->1597M(6144M) 670.463ms
[52.543s][info][gc,metaspace] GC(69) Metaspace: 31188K(34880K)->31188K(34880K) NonClass: 23163K(24768K)->23163K(24768K) Class: 8025K(10112K)->8025K(10112K)
[52.543s][info][gc          ] GC(69) Pause Full (System.gc()) 1597M->1597M(6144M) 670.286ms
[53.207s][info][gc,metaspace] GC(70) Metaspace: 31188K(34880K)->31188K(34880K) NonClass: 23163K(24768K)->23163K(24768K) Class: 8025K(10112K)->8025K(10112K)
[53.207s][info][gc          ] GC(70) Pause Full (System.gc()) 1597M->1597M(6144M) 663.662ms
[53.866s][info][gc,metaspace] GC(71) Metaspace: 31188K(34880K)->31188K(34880K) NonClass: 23163K(24768K)->23163K(24768K) Class: 8025K(10112K)->8025K(10112K)
[53.866s][info][gc          ] GC(71) Pause Full (System.gc()) 1597M->1597M(6144M) 658.752ms
[54.530s][info][gc,metaspace] GC(72) Metaspace: 31188K(34880K)->31188K(34880K) NonClass: 23163K(24768K)->23163K(24768K) Class: 8025K(10112K)->8025K(10112K)
[54.530s][info][gc          ] GC(72) Pause Full (System.gc()) 1597M->1597M(6144M) 664.015ms
[55.196s][info][gc,metaspace] GC(73) Metaspace: 31188K(34880K)->31188K(34880K) NonClass: 23163K(24768K)->23163K(24768K) Class: 8025K(10112K)->8025K(10112K)
[55.196s][info][gc          ] GC(73) Pause Full (System.gc()) 1597M->1597M(6144M) 666.248ms
[55.858s][info][gc,metaspace] GC(74) Metaspace: 31188K(34880K)->31188K(34880K) NonClass: 23163K(24768K)->23163K(24768K) Class: 8025K(10112K)->8025K(10112K)
[55.858s][info][gc          ] GC(74) Pause Full (System.gc()) 1597M->1597M(6144M) 662.135ms
[56.533s][info][gc,metaspace] GC(75) Metaspace: 31188K(34880K)->31188K(34880K) NonClass: 23163K(24768K)->23163K(24768K) Class: 8025K(10112K)->8025K(10112K)
[56.533s][info][gc          ] GC(75) Pause Full (System.gc()) 1597M->1597M(6144M) 674.690ms
[57.199s][info][gc,metaspace] GC(76) Metaspace: 31188K(34880K)->31188K(34880K) NonClass: 23163K(24768K)->23163K(24768K) Class: 8025K(10112K)->8025K(10112K)
[57.199s][info][gc          ] GC(76) Pause Full (System.gc()) 1597M->1597M(6144M) 666.225ms
[57.866s][info][gc,metaspace] GC(77) Metaspace: 31188K(34880K)->31188K(34880K) NonClass: 23163K(24768K)->23163K(24768K) Class: 8025K(10112K)->8025K(10112K)
[57.866s][info][gc          ] GC(77) Pause Full (System.gc()) 1597M->1597M(6144M) 666.856ms
After GCs... 
