[0.002s][info][metaspace]  - commit_granule_bytes: 65536.
[0.002s][info][metaspace]  - commit_granule_words: 8192.
[0.002s][info][metaspace]  - virtual_space_node_default_size: 8388608.
[0.002s][info][metaspace]  - enlarge_chunks_in_place: 1.
[0.002s][info][metaspace]  - use_allocation_guard: 0.
[0.004s][info][gc       ] Using G1
[0.331s][info][metaspace] Reserving compressed class space anywhere
[0.331s][info][gc,metaspace] CDS archive(s) not mapped
[0.331s][info][gc,metaspace] Compressed class space mapped at: 0x0000000029000000-0x00000000e9000000, reserved size: 3221225472
[0.331s][info][gc,metaspace] UseCompressedClassPointers 1, UseCompactObjectHeaders 0, narrow klass pointer bits 32, max shift 3
[0.331s][info][gc,metaspace] Narrow klass base: 0x0000000000000000, Narrow klass shift: 0, Narrow klass range: 0xe9000000
Random Seed: 12345678
Num Classes: 4096
Num Objects: 67108864
Percent IK Objects: 83.0%)
Percent OAK Objects: 5.0%)
Percent TAK Objects: 12.0%)
Cycles: 50
Loading 4096 pre-generated classes ...
Materialize pre-generated constructors ...
Creating objects...
[0.713s][info][gc,metaspace] GC(0) Metaspace: 15759K(16064K)->15759K(16064K) NonClass: 12500K(12672K)->12500K(12672K) Class: 3259K(3392K)->3259K(3392K)
[0.713s][info][gc          ] GC(0) Pause Full (System.gc()) 34M->5M(6144M) 11.207ms
[1.334s][info][gc,metaspace] GC(1) Metaspace: 23289K(27456K)->23289K(27456K) NonClass: 18129K(20416K)->18129K(20416K) Class: 5159K(7040K)->5159K(7040K)
[1.334s][info][gc          ] GC(1) Pause Young (Normal) (G1 Evacuation Pause) 569M->284M(6144M) 11.932ms
[1.998s][info][gc,metaspace] GC(2) Metaspace: 25754K(30336K)->25754K(30336K) NonClass: 20348K(22848K)->20348K(22848K) Class: 5406K(7488K)->5406K(7488K)
[1.998s][info][gc          ] GC(2) Pause Young (Normal) (G1 Evacuation Pause) 568M->308M(6144M) 21.635ms
[2.614s][info][gc,metaspace] GC(3) Metaspace: 29541K(33472K)->29541K(33472K) NonClass: 24134K(25984K)->24134K(25984K) Class: 5406K(7488K)->5406K(7488K)
[2.614s][info][gc          ] GC(3) Pause Young (Normal) (G1 Evacuation Pause) 572M->339M(6144M) 31.708ms
[3.115s][info][gc,metaspace] GC(4) Metaspace: 30739K(34432K)->30739K(34432K) NonClass: 25333K(26944K)->25333K(26944K) Class: 5406K(7488K)->5406K(7488K)
[3.115s][info][gc          ] GC(4) Pause Young (Normal) (G1 Evacuation Pause) 615M->365M(6144M) 21.396ms
[3.562s][info][gc,metaspace] GC(5) Metaspace: 30739K(34432K)->30739K(34432K) NonClass: 25333K(26944K)->25333K(26944K) Class: 5406K(7488K)->5406K(7488K)
[3.562s][info][gc          ] GC(5) Pause Young (Normal) (G1 Evacuation Pause) 641M->393M(6144M) 22.657ms
[4.010s][info][gc,metaspace] GC(6) Metaspace: 30739K(34432K)->30739K(34432K) NonClass: 25333K(26944K)->25333K(26944K) Class: 5406K(7488K)->5406K(7488K)
[4.010s][info][gc          ] GC(6) Pause Young (Normal) (G1 Evacuation Pause) 669M->421M(6144M) 23.083ms
[4.462s][info][gc,metaspace] GC(7) Metaspace: 30739K(34432K)->30739K(34432K) NonClass: 25333K(26944K)->25333K(26944K) Class: 5406K(7488K)->5406K(7488K)
[4.462s][info][gc          ] GC(7) Pause Young (Normal) (G1 Evacuation Pause) 697M->450M(6144M) 22.397ms
[4.987s][info][gc,metaspace] GC(8) Metaspace: 30739K(34432K)->30739K(34432K) NonClass: 25333K(26944K)->25333K(26944K) Class: 5406K(7488K)->5406K(7488K)
[4.987s][info][gc          ] GC(8) Pause Young (Normal) (G1 Evacuation Pause) 738M->479M(6144M) 26.327ms
[5.655s][info][gc,metaspace] GC(9) Metaspace: 30739K(34432K)->30739K(34432K) NonClass: 25333K(26944K)->25333K(26944K) Class: 5406K(7488K)->5406K(7488K)
[5.655s][info][gc          ] GC(9) Pause Young (Normal) (G1 Evacuation Pause) 895M->516M(6144M) 28.190ms
[6.246s][info][gc,metaspace] GC(10) Metaspace: 30739K(34432K)->30739K(34432K) NonClass: 25333K(26944K)->25333K(26944K) Class: 5406K(7488K)->5406K(7488K)
[6.246s][info][gc          ] GC(10) Pause Young (Normal) (G1 Evacuation Pause) 848M->555M(6144M) 33.508ms
[7.036s][info][gc,metaspace] GC(11) Metaspace: 30739K(34432K)->30739K(34432K) NonClass: 25333K(26944K)->25333K(26944K) Class: 5406K(7488K)->5406K(7488K)
[7.036s][info][gc          ] GC(11) Pause Young (Normal) (G1 Evacuation Pause) 1015M->595M(6144M) 32.472ms
[7.828s][info][gc,metaspace] GC(12) Metaspace: 30739K(34432K)->30739K(34432K) NonClass: 25333K(26944K)->25333K(26944K) Class: 5406K(7488K)->5406K(7488K)
[7.829s][info][gc          ] GC(12) Pause Young (Normal) (G1 Evacuation Pause) 1051M->647M(6144M) 90.609ms
[8.830s][info][gc,metaspace] GC(13) Metaspace: 30739K(34432K)->30739K(34432K) NonClass: 25333K(26944K)->25333K(26944K) Class: 5406K(7488K)->5406K(7488K)
[8.830s][info][gc          ] GC(13) Pause Young (Normal) (G1 Evacuation Pause) 1251M->699M(6144M) 73.621ms
[9.727s][info][gc,metaspace] GC(14) Metaspace: 30739K(34432K)->30739K(34432K) NonClass: 25333K(26944K)->25333K(26944K) Class: 5406K(7488K)->5406K(7488K)
[9.727s][info][gc          ] GC(14) Pause Young (Normal) (G1 Evacuation Pause) 1239M->761M(6144M) 61.232ms
[11.007s][info][gc,metaspace] GC(15) Metaspace: 30739K(34432K)->30739K(34432K) NonClass: 25333K(26944K)->25333K(26944K) Class: 5406K(7488K)->5406K(7488K)
[11.007s][info][gc          ] GC(15) Pause Young (Normal) (G1 Evacuation Pause) 1493M->825M(6144M) 54.164ms
[12.174s][info][gc,metaspace] GC(16) Metaspace: 30739K(34432K)->30739K(34432K) NonClass: 25333K(26944K)->25333K(26944K) Class: 5406K(7488K)->5406K(7488K)
[12.174s][info][gc          ] GC(16) Pause Young (Normal) (G1 Evacuation Pause) 1509M->897M(6144M) 69.516ms
[13.690s][info][gc,metaspace] GC(17) Metaspace: 30739K(34432K)->30739K(34432K) NonClass: 25333K(26944K)->25333K(26944K) Class: 5406K(7488K)->5406K(7488K)
[13.690s][info][gc          ] GC(17) Pause Young (Normal) (G1 Evacuation Pause) 1801M->983M(6144M) 69.213ms
[14.776s][info][gc,metaspace] GC(18) Metaspace: 30739K(34432K)->30739K(34432K) NonClass: 25333K(26944K)->25333K(26944K) Class: 5406K(7488K)->5406K(7488K)
[14.776s][info][gc          ] GC(18) Pause Young (Normal) (G1 Evacuation Pause) 1799M->1075M(6144M) 88.939ms
[15.971s][info][gc,metaspace] GC(19) Metaspace: 30739K(34432K)->30739K(34432K) NonClass: 25333K(26944K)->25333K(26944K) Class: 5406K(7488K)->5406K(7488K)
[15.972s][info][gc          ] GC(19) Pause Young (Normal) (G1 Evacuation Pause) 2127M->1175M(6144M) 81.029ms
[16.924s][info][gc,metaspace] GC(20) Metaspace: 30739K(34432K)->30739K(34432K) NonClass: 25333K(26944K)->25333K(26944K) Class: 5406K(7488K)->5406K(7488K)
[16.924s][info][gc          ] GC(20) Pause Young (Normal) (G1 Evacuation Pause) 2223M->1277M(6144M) 88.589ms
[17.839s][info][gc,metaspace] GC(21) Metaspace: 30739K(34432K)->30739K(34432K) NonClass: 25333K(26944K)->25333K(26944K) Class: 5406K(7488K)->5406K(7488K)
[17.839s][info][gc          ] GC(21) Pause Young (Normal) (G1 Evacuation Pause) 2469M->1395M(6144M) 96.632ms
[19.100s][info][gc,metaspace] GC(22) Metaspace: 30739K(34432K)->30739K(34432K) NonClass: 25333K(26944K)->25333K(26944K) Class: 5406K(7488K)->5406K(7488K)
[19.100s][info][gc          ] GC(22) Pause Young (Normal) (G1 Evacuation Pause) 2587M->1507M(6144M) 95.958ms
[20.174s][info][gc,metaspace] GC(23) Metaspace: 30739K(34432K)->30739K(34432K) NonClass: 25333K(26944K)->25333K(26944K) Class: 5406K(7488K)->5406K(7488K)
[20.174s][info][gc          ] GC(23) Pause Young (Normal) (G1 Evacuation Pause) 2859M->1639M(6144M) 98.116ms
[21.264s][info][gc,metaspace] GC(24) Metaspace: 30739K(34432K)->30739K(34432K) NonClass: 25333K(26944K)->25333K(26944K) Class: 5406K(7488K)->5406K(7488K)
[21.264s][info][gc          ] GC(24) Pause Young (Normal) (G1 Evacuation Pause) 2987M->1763M(6144M) 114.730ms
[22.438s][info][gc,metaspace] GC(25) Metaspace: 30739K(34432K)->30739K(34432K) NonClass: 25333K(26944K)->25333K(26944K) Class: 5406K(7488K)->5406K(7488K)
[22.438s][info][gc          ] GC(25) Pause Young (Normal) (G1 Evacuation Pause) 3255M->1911M(6144M) 109.161ms
67108864 Objects created
 - IK: 55699211 (82.99829%)
 - OAK: 3355627 (5.0002737%)
 - TAK: 8054026 (12.001434%)
Preparatory GC...
[23.589s][info][gc,metaspace] GC(26) Metaspace: 30739K(34432K)->30739K(34432K) NonClass: 25333K(26944K)->25333K(26944K) Class: 5406K(7488K)->5406K(7488K)
[23.589s][info][gc          ] GC(26) Pause Full (System.gc()) 2295M->1811M(6144M) 887.888ms
[24.422s][info][gc,metaspace] GC(27) Metaspace: 30739K(34432K)->30739K(34432K) NonClass: 25333K(26944K)->25333K(26944K) Class: 5406K(7488K)->5406K(7488K)
[24.422s][info][gc          ] GC(27) Pause Full (System.gc()) 1811M->1811M(6144M) 832.804ms
Done; will start GCs... 
[25.125s][info][gc,metaspace] GC(28) Metaspace: 30739K(34432K)->30739K(34432K) NonClass: 25333K(26944K)->25333K(26944K) Class: 5406K(7488K)->5406K(7488K)
[25.125s][info][gc          ] GC(28) Pause Full (System.gc()) 1813M->1811M(6144M) 702.858ms
[25.847s][info][gc,metaspace] GC(29) Metaspace: 30739K(34432K)->30739K(34432K) NonClass: 25333K(26944K)->25333K(26944K) Class: 5406K(7488K)->5406K(7488K)
[25.847s][info][gc          ] GC(29) Pause Full (System.gc()) 1811M->1811M(6144M) 721.775ms
[26.563s][info][gc,metaspace] GC(30) Metaspace: 30739K(34432K)->30739K(34432K) NonClass: 25333K(26944K)->25333K(26944K) Class: 5406K(7488K)->5406K(7488K)
[26.563s][info][gc          ] GC(30) Pause Full (System.gc()) 1811M->1811M(6144M) 716.050ms
[27.284s][info][gc,metaspace] GC(31) Metaspace: 30739K(34432K)->30739K(34432K) NonClass: 25333K(26944K)->25333K(26944K) Class: 5406K(7488K)->5406K(7488K)
[27.284s][info][gc          ] GC(31) Pause Full (System.gc()) 1811M->1811M(6144M) 720.653ms
[28.003s][info][gc,metaspace] GC(32) Metaspace: 30739K(34432K)->30739K(34432K) NonClass: 25333K(26944K)->25333K(26944K) Class: 5406K(7488K)->5406K(7488K)
[28.003s][info][gc          ] GC(32) Pause Full (System.gc()) 1811M->1811M(6144M) 718.854ms
[28.719s][info][gc,metaspace] GC(33) Metaspace: 30739K(34432K)->30739K(34432K) NonClass: 25333K(26944K)->25333K(26944K) Class: 5406K(7488K)->5406K(7488K)
[28.719s][info][gc          ] GC(33) Pause Full (System.gc()) 1811M->1811M(6144M) 715.927ms
[29.430s][info][gc,metaspace] GC(34) Metaspace: 30739K(34432K)->30739K(34432K) NonClass: 25333K(26944K)->25333K(26944K) Class: 5406K(7488K)->5406K(7488K)
[29.430s][info][gc          ] GC(34) Pause Full (System.gc()) 1811M->1811M(6144M) 711.024ms
[30.152s][info][gc,metaspace] GC(35) Metaspace: 30739K(34432K)->30739K(34432K) NonClass: 25333K(26944K)->25333K(26944K) Class: 5406K(7488K)->5406K(7488K)
[30.152s][info][gc          ] GC(35) Pause Full (System.gc()) 1811M->1811M(6144M) 721.574ms
[30.876s][info][gc,metaspace] GC(36) Metaspace: 30739K(34432K)->30739K(34432K) NonClass: 25333K(26944K)->25333K(26944K) Class: 5406K(7488K)->5406K(7488K)
[30.876s][info][gc          ] GC(36) Pause Full (System.gc()) 1811M->1811M(6144M) 724.059ms
[31.578s][info][gc,metaspace] GC(37) Metaspace: 30739K(34432K)->30739K(34432K) NonClass: 25333K(26944K)->25333K(26944K) Class: 5406K(7488K)->5406K(7488K)
[31.578s][info][gc          ] GC(37) Pause Full (System.gc()) 1811M->1811M(6144M) 702.563ms
[32.291s][info][gc,metaspace] GC(38) Metaspace: 30739K(34432K)->30739K(34432K) NonClass: 25333K(26944K)->25333K(26944K) Class: 5406K(7488K)->5406K(7488K)
[32.291s][info][gc          ] GC(38) Pause Full (System.gc()) 1811M->1811M(6144M) 712.402ms
[33.017s][info][gc,metaspace] GC(39) Metaspace: 30739K(34432K)->30739K(34432K) NonClass: 25333K(26944K)->25333K(26944K) Class: 5406K(7488K)->5406K(7488K)
[33.017s][info][gc          ] GC(39) Pause Full (System.gc()) 1811M->1811M(6144M) 725.843ms
[33.732s][info][gc,metaspace] GC(40) Metaspace: 30739K(34432K)->30739K(34432K) NonClass: 25333K(26944K)->25333K(26944K) Class: 5406K(7488K)->5406K(7488K)
[33.732s][info][gc          ] GC(40) Pause Full (System.gc()) 1811M->1811M(6144M) 715.628ms
[34.434s][info][gc,metaspace] GC(41) Metaspace: 30739K(34432K)->30739K(34432K) NonClass: 25333K(26944K)->25333K(26944K) Class: 5406K(7488K)->5406K(7488K)
[34.434s][info][gc          ] GC(41) Pause Full (System.gc()) 1811M->1811M(6144M) 701.877ms
[35.148s][info][gc,metaspace] GC(42) Metaspace: 30739K(34432K)->30739K(34432K) NonClass: 25333K(26944K)->25333K(26944K) Class: 5406K(7488K)->5406K(7488K)
[35.148s][info][gc          ] GC(42) Pause Full (System.gc()) 1811M->1811M(6144M) 713.337ms
[35.871s][info][gc,metaspace] GC(43) Metaspace: 30739K(34432K)->30739K(34432K) NonClass: 25333K(26944K)->25333K(26944K) Class: 5406K(7488K)->5406K(7488K)
[35.871s][info][gc          ] GC(43) Pause Full (System.gc()) 1811M->1811M(6144M) 723.336ms
[36.588s][info][gc,metaspace] GC(44) Metaspace: 30739K(34432K)->30739K(34432K) NonClass: 25333K(26944K)->25333K(26944K) Class: 5406K(7488K)->5406K(7488K)
[36.588s][info][gc          ] GC(44) Pause Full (System.gc()) 1811M->1811M(6144M) 716.664ms
[37.308s][info][gc,metaspace] GC(45) Metaspace: 30739K(34432K)->30739K(34432K) NonClass: 25333K(26944K)->25333K(26944K) Class: 5406K(7488K)->5406K(7488K)
[37.308s][info][gc          ] GC(45) Pause Full (System.gc()) 1811M->1811M(6144M) 719.659ms
[38.019s][info][gc,metaspace] GC(46) Metaspace: 30739K(34432K)->30739K(34432K) NonClass: 25333K(26944K)->25333K(26944K) Class: 5406K(7488K)->5406K(7488K)
[38.020s][info][gc          ] GC(46) Pause Full (System.gc()) 1811M->1811M(6144M) 711.851ms
[38.740s][info][gc,metaspace] GC(47) Metaspace: 30739K(34432K)->30739K(34432K) NonClass: 25333K(26944K)->25333K(26944K) Class: 5406K(7488K)->5406K(7488K)
[38.740s][info][gc          ] GC(47) Pause Full (System.gc()) 1811M->1811M(6144M) 720.716ms
[39.450s][info][gc,metaspace] GC(48) Metaspace: 30739K(34432K)->30739K(34432K) NonClass: 25333K(26944K)->25333K(26944K) Class: 5406K(7488K)->5406K(7488K)
[39.450s][info][gc          ] GC(48) Pause Full (System.gc()) 1811M->1811M(6144M) 709.582ms
[40.161s][info][gc,metaspace] GC(49) Metaspace: 30739K(34432K)->30739K(34432K) NonClass: 25333K(26944K)->25333K(26944K) Class: 5406K(7488K)->5406K(7488K)
[40.161s][info][gc          ] GC(49) Pause Full (System.gc()) 1811M->1811M(6144M) 710.719ms
[40.876s][info][gc,metaspace] GC(50) Metaspace: 30739K(34432K)->30739K(34432K) NonClass: 25333K(26944K)->25333K(26944K) Class: 5406K(7488K)->5406K(7488K)
[40.876s][info][gc          ] GC(50) Pause Full (System.gc()) 1811M->1811M(6144M) 715.248ms
[41.591s][info][gc,metaspace] GC(51) Metaspace: 30739K(34432K)->30739K(34432K) NonClass: 25333K(26944K)->25333K(26944K) Class: 5406K(7488K)->5406K(7488K)
[41.591s][info][gc          ] GC(51) Pause Full (System.gc()) 1811M->1811M(6144M) 715.247ms
[42.302s][info][gc,metaspace] GC(52) Metaspace: 30739K(34432K)->30739K(34432K) NonClass: 25333K(26944K)->25333K(26944K) Class: 5406K(7488K)->5406K(7488K)
[42.302s][info][gc          ] GC(52) Pause Full (System.gc()) 1811M->1811M(6144M) 706.377ms
[43.002s][info][gc,metaspace] GC(53) Metaspace: 30739K(34432K)->30739K(34432K) NonClass: 25333K(26944K)->25333K(26944K) Class: 5406K(7488K)->5406K(7488K)
[43.002s][info][gc          ] GC(53) Pause Full (System.gc()) 1811M->1811M(6144M) 699.661ms
[43.715s][info][gc,metaspace] GC(54) Metaspace: 30739K(34432K)->30739K(34432K) NonClass: 25333K(26944K)->25333K(26944K) Class: 5406K(7488K)->5406K(7488K)
[43.715s][info][gc          ] GC(54) Pause Full (System.gc()) 1811M->1811M(6144M) 713.430ms
[44.437s][info][gc,metaspace] GC(55) Metaspace: 30739K(34432K)->30739K(34432K) NonClass: 25333K(26944K)->25333K(26944K) Class: 5406K(7488K)->5406K(7488K)
[44.438s][info][gc          ] GC(55) Pause Full (System.gc()) 1811M->1811M(6144M) 722.093ms
[45.150s][info][gc,metaspace] GC(56) Metaspace: 30739K(34432K)->30739K(34432K) NonClass: 25333K(26944K)->25333K(26944K) Class: 5406K(7488K)->5406K(7488K)
[45.150s][info][gc          ] GC(56) Pause Full (System.gc()) 1811M->1811M(6144M) 712.030ms
[45.867s][info][gc,metaspace] GC(57) Metaspace: 30739K(34432K)->30739K(34432K) NonClass: 25333K(26944K)->25333K(26944K) Class: 5406K(7488K)->5406K(7488K)
[45.867s][info][gc          ] GC(57) Pause Full (System.gc()) 1811M->1811M(6144M) 717.140ms
[46.584s][info][gc,metaspace] GC(58) Metaspace: 30739K(34432K)->30739K(34432K) NonClass: 25333K(26944K)->25333K(26944K) Class: 5406K(7488K)->5406K(7488K)
[46.584s][info][gc          ] GC(58) Pause Full (System.gc()) 1811M->1811M(6144M) 717.553ms
[47.305s][info][gc,metaspace] GC(59) Metaspace: 30739K(34432K)->30739K(34432K) NonClass: 25333K(26944K)->25333K(26944K) Class: 5406K(7488K)->5406K(7488K)
[47.305s][info][gc          ] GC(59) Pause Full (System.gc()) 1811M->1811M(6144M) 720.361ms
[48.026s][info][gc,metaspace] GC(60) Metaspace: 30739K(34432K)->30739K(34432K) NonClass: 25333K(26944K)->25333K(26944K) Class: 5406K(7488K)->5406K(7488K)
[48.026s][info][gc          ] GC(60) Pause Full (System.gc()) 1811M->1811M(6144M) 721.263ms
[48.750s][info][gc,metaspace] GC(61) Metaspace: 30739K(34432K)->30739K(34432K) NonClass: 25333K(26944K)->25333K(26944K) Class: 5406K(7488K)->5406K(7488K)
[48.750s][info][gc          ] GC(61) Pause Full (System.gc()) 1811M->1811M(6144M) 724.220ms
[49.463s][info][gc,metaspace] GC(62) Metaspace: 30739K(34432K)->30739K(34432K) NonClass: 25333K(26944K)->25333K(26944K) Class: 5406K(7488K)->5406K(7488K)
[49.463s][info][gc          ] GC(62) Pause Full (System.gc()) 1811M->1811M(6144M) 712.904ms
[50.180s][info][gc,metaspace] GC(63) Metaspace: 30739K(34432K)->30739K(34432K) NonClass: 25333K(26944K)->25333K(26944K) Class: 5406K(7488K)->5406K(7488K)
[50.180s][info][gc          ] GC(63) Pause Full (System.gc()) 1811M->1811M(6144M) 716.185ms
[50.893s][info][gc,metaspace] GC(64) Metaspace: 30739K(34432K)->30739K(34432K) NonClass: 25333K(26944K)->25333K(26944K) Class: 5406K(7488K)->5406K(7488K)
[50.893s][info][gc          ] GC(64) Pause Full (System.gc()) 1811M->1811M(6144M) 713.692ms
[51.616s][info][gc,metaspace] GC(65) Metaspace: 30739K(34432K)->30739K(34432K) NonClass: 25333K(26944K)->25333K(26944K) Class: 5406K(7488K)->5406K(7488K)
[51.616s][info][gc          ] GC(65) Pause Full (System.gc()) 1811M->1811M(6144M) 722.643ms
[52.336s][info][gc,metaspace] GC(66) Metaspace: 30739K(34432K)->30739K(34432K) NonClass: 25333K(26944K)->25333K(26944K) Class: 5406K(7488K)->5406K(7488K)
[52.336s][info][gc          ] GC(66) Pause Full (System.gc()) 1811M->1811M(6144M) 720.049ms
[53.051s][info][gc,metaspace] GC(67) Metaspace: 30739K(34432K)->30739K(34432K) NonClass: 25333K(26944K)->25333K(26944K) Class: 5406K(7488K)->5406K(7488K)
[53.051s][info][gc          ] GC(67) Pause Full (System.gc()) 1811M->1811M(6144M) 710.685ms
[53.767s][info][gc,metaspace] GC(68) Metaspace: 30739K(34432K)->30739K(34432K) NonClass: 25333K(26944K)->25333K(26944K) Class: 5406K(7488K)->5406K(7488K)
[53.767s][info][gc          ] GC(68) Pause Full (System.gc()) 1811M->1811M(6144M) 715.429ms
[54.488s][info][gc,metaspace] GC(69) Metaspace: 30739K(34432K)->30739K(34432K) NonClass: 25333K(26944K)->25333K(26944K) Class: 5406K(7488K)->5406K(7488K)
[54.488s][info][gc          ] GC(69) Pause Full (System.gc()) 1811M->1811M(6144M) 721.482ms
[55.209s][info][gc,metaspace] GC(70) Metaspace: 30739K(34432K)->30739K(34432K) NonClass: 25333K(26944K)->25333K(26944K) Class: 5406K(7488K)->5406K(7488K)
[55.209s][info][gc          ] GC(70) Pause Full (System.gc()) 1811M->1811M(6144M) 720.866ms
[55.923s][info][gc,metaspace] GC(71) Metaspace: 30739K(34432K)->30739K(34432K) NonClass: 25333K(26944K)->25333K(26944K) Class: 5406K(7488K)->5406K(7488K)
[55.923s][info][gc          ] GC(71) Pause Full (System.gc()) 1811M->1811M(6144M) 713.373ms
[56.636s][info][gc,metaspace] GC(72) Metaspace: 30739K(34432K)->30739K(34432K) NonClass: 25333K(26944K)->25333K(26944K) Class: 5406K(7488K)->5406K(7488K)
[56.636s][info][gc          ] GC(72) Pause Full (System.gc()) 1811M->1811M(6144M) 712.956ms
[57.358s][info][gc,metaspace] GC(73) Metaspace: 30739K(34432K)->30739K(34432K) NonClass: 25333K(26944K)->25333K(26944K) Class: 5406K(7488K)->5406K(7488K)
[57.358s][info][gc          ] GC(73) Pause Full (System.gc()) 1811M->1811M(6144M) 721.896ms
[58.090s][info][gc,metaspace] GC(74) Metaspace: 30739K(34432K)->30739K(34432K) NonClass: 25333K(26944K)->25333K(26944K) Class: 5406K(7488K)->5406K(7488K)
[58.090s][info][gc          ] GC(74) Pause Full (System.gc()) 1811M->1811M(6144M) 728.234ms
[58.810s][info][gc,metaspace] GC(75) Metaspace: 30739K(34432K)->30739K(34432K) NonClass: 25333K(26944K)->25333K(26944K) Class: 5406K(7488K)->5406K(7488K)
[58.810s][info][gc          ] GC(75) Pause Full (System.gc()) 1811M->1811M(6144M) 719.587ms
[59.523s][info][gc,metaspace] GC(76) Metaspace: 30739K(34432K)->30739K(34432K) NonClass: 25333K(26944K)->25333K(26944K) Class: 5406K(7488K)->5406K(7488K)
[59.523s][info][gc          ] GC(76) Pause Full (System.gc()) 1811M->1811M(6144M) 712.787ms
[60.254s][info][gc,metaspace] GC(77) Metaspace: 30739K(34432K)->30739K(34432K) NonClass: 25333K(26944K)->25333K(26944K) Class: 5406K(7488K)->5406K(7488K)
[60.254s][info][gc          ] GC(77) Pause Full (System.gc()) 1811M->1811M(6144M) 731.484ms
After GCs... 
