Done; will start GCs... 
[25.125s][info][gc,metaspace] GC(28) Metaspace: 30739K(34432K)->30739K(34432K) NonClass: 25333K(26944K)->25333K(26944K) Class: 5406K(7488K)->5406K(7488K)
[25.125s][info][gc          ] GC(28) Pause Full (System.gc()) 1813M->1811M(6144M) 702.858ms
[25.847s][info][gc,metaspace] GC(29) Metaspace: 30739K(34432K)->30739K(34432K) NonClass: 25333K(26944K)->25333K(26944K) Class: 5406K(7488K)->5406K(7488K)
[25.847s][info][gc          ] GC(29) Pause Full (System.gc()) 1811M->1811M(6144M) 721.775ms
[26.563s][info][gc,metaspace] GC(30) Metaspace: 30739K(34432K)->30739K(34432K) NonClass: 25333K(26944K)->25333K(26944K) Class: 5406K(7488K)->5406K(7488K)
[26.563s][info][gc          ] GC(30) Pause Full (System.gc()) 1811M->1811M(6144M) 716.050ms
[27.284s][info][gc,metaspace] GC(31) Metaspace: 30739K(34432K)->30739K(34432K) NonClass: 25333K(26944K)->25333K(26944K) Class: 5406K(7488K)->5406K(7488K)
[27.284s][info][gc          ] GC(31) Pause Full (System.gc()) 1811M->1811M(6144M) 720.653ms
[28.003s][info][gc,metaspace] GC(32) Metaspace: 30739K(34432K)->30739K(34432K) NonClass: 25333K(26944K)->25333K(26944K) Class: 5406K(7488K)->5406K(7488K)
[28.003s][info][gc          ] GC(32) Pause Full (System.gc()) 1811M->1811M(6144M) 718.854ms
[28.719s][info][gc,metaspace] GC(33) Metaspace: 30739K(34432K)->30739K(34432K) NonClass: 25333K(26944K)->25333K(26944K) Class: 5406K(7488K)->5406K(7488K)
[28.719s][info][gc          ] GC(33) Pause Full (System.gc()) 1811M->1811M(6144M) 715.927ms
[29.430s][info][gc,metaspace] GC(34) Metaspace: 30739K(34432K)->30739K(34432K) NonClass: 25333K(26944K)->25333K(26944K) Class: 5406K(7488K)->5406K(7488K)
[29.430s][info][gc          ] GC(34) Pause Full (System.gc()) 1811M->1811M(6144M) 711.024ms
[30.152s][info][gc,metaspace] GC(35) Metaspace: 30739K(34432K)->30739K(34432K) NonClass: 25333K(26944K)->25333K(26944K) Class: 5406K(7488K)->5406K(7488K)
[30.152s][info][gc          ] GC(35) Pause Full (System.gc()) 1811M->1811M(6144M) 721.574ms
[30.876s][info][gc,metaspace] GC(36) Metaspace: 30739K(34432K)->30739K(34432K) NonClass: 25333K(26944K)->25333K(26944K) Class: 5406K(7488K)->5406K(7488K)
[30.876s][info][gc          ] GC(36) Pause Full (System.gc()) 1811M->1811M(6144M) 724.059ms
[31.578s][info][gc,metaspace] GC(37) Metaspace: 30739K(34432K)->30739K(34432K) NonClass: 25333K(26944K)->25333K(26944K) Class: 5406K(7488K)->5406K(7488K)
[31.578s][info][gc          ] GC(37) Pause Full (System.gc()) 1811M->1811M(6144M) 702.563ms
[32.291s][info][gc,metaspace] GC(38) Metaspace: 30739K(34432K)->30739K(34432K) NonClass: 25333K(26944K)->25333K(26944K) Class: 5406K(7488K)->5406K(7488K)
[32.291s][info][gc          ] GC(38) Pause Full (System.gc()) 1811M->1811M(6144M) 712.402ms
[33.017s][info][gc,metaspace] GC(39) Metaspace: 30739K(34432K)->30739K(34432K) NonClass: 25333K(26944K)->25333K(26944K) Class: 5406K(7488K)->5406K(7488K)
[33.017s][info][gc          ] GC(39) Pause Full (System.gc()) 1811M->1811M(6144M) 725.843ms
[33.732s][info][gc,metaspace] GC(40) Metaspace: 30739K(34432K)->30739K(34432K) NonClass: 25333K(26944K)->25333K(26944K) Class: 5406K(7488K)->5406K(7488K)
[33.732s][info][gc          ] GC(40) Pause Full (System.gc()) 1811M->1811M(6144M) 715.628ms
[34.434s][info][gc,metaspace] GC(41) Metaspace: 30739K(34432K)->30739K(34432K) NonClass: 25333K(26944K)->25333K(26944K) Class: 5406K(7488K)->5406K(7488K)
[34.434s][info][gc          ] GC(41) Pause Full (System.gc()) 1811M->1811M(6144M) 701.877ms
[35.148s][info][gc,metaspace] GC(42) Metaspace: 30739K(34432K)->30739K(34432K) NonClass: 25333K(26944K)->25333K(26944K) Class: 5406K(7488K)->5406K(7488K)
[35.148s][info][gc          ] GC(42) Pause Full (System.gc()) 1811M->1811M(6144M) 713.337ms
[35.871s][info][gc,metaspace] GC(43) Metaspace: 30739K(34432K)->30739K(34432K) NonClass: 25333K(26944K)->25333K(26944K) Class: 5406K(7488K)->5406K(7488K)
[35.871s][info][gc          ] GC(43) Pause Full (System.gc()) 1811M->1811M(6144M) 723.336ms
[36.588s][info][gc,metaspace] GC(44) Metaspace: 30739K(34432K)->30739K(34432K) NonClass: 25333K(26944K)->25333K(26944K) Class: 5406K(7488K)->5406K(7488K)
[36.588s][info][gc          ] GC(44) Pause Full (System.gc()) 1811M->1811M(6144M) 716.664ms
[37.308s][info][gc,metaspace] GC(45) Metaspace: 30739K(34432K)->30739K(34432K) NonClass: 25333K(26944K)->25333K(26944K) Class: 5406K(7488K)->5406K(7488K)
[37.308s][info][gc          ] GC(45) Pause Full (System.gc()) 1811M->1811M(6144M) 719.659ms
[38.019s][info][gc,metaspace] GC(46) Metaspace: 30739K(34432K)->30739K(34432K) NonClass: 25333K(26944K)->25333K(26944K) Class: 5406K(7488K)->5406K(7488K)
[38.020s][info][gc          ] GC(46) Pause Full (System.gc()) 1811M->1811M(6144M) 711.851ms
[38.740s][info][gc,metaspace] GC(47) Metaspace: 30739K(34432K)->30739K(34432K) NonClass: 25333K(26944K)->25333K(26944K) Class: 5406K(7488K)->5406K(7488K)
[38.740s][info][gc          ] GC(47) Pause Full (System.gc()) 1811M->1811M(6144M) 720.716ms
[39.450s][info][gc,metaspace] GC(48) Metaspace: 30739K(34432K)->30739K(34432K) NonClass: 25333K(26944K)->25333K(26944K) Class: 5406K(7488K)->5406K(7488K)
[39.450s][info][gc          ] GC(48) Pause Full (System.gc()) 1811M->1811M(6144M) 709.582ms
[40.161s][info][gc,metaspace] GC(49) Metaspace: 30739K(34432K)->30739K(34432K) NonClass: 25333K(26944K)->25333K(26944K) Class: 5406K(7488K)->5406K(7488K)
[40.161s][info][gc          ] GC(49) Pause Full (System.gc()) 1811M->1811M(6144M) 710.719ms
[40.876s][info][gc,metaspace] GC(50) Metaspace: 30739K(34432K)->30739K(34432K) NonClass: 25333K(26944K)->25333K(26944K) Class: 5406K(7488K)->5406K(7488K)
[40.876s][info][gc          ] GC(50) Pause Full (System.gc()) 1811M->1811M(6144M) 715.248ms
[41.591s][info][gc,metaspace] GC(51) Metaspace: 30739K(34432K)->30739K(34432K) NonClass: 25333K(26944K)->25333K(26944K) Class: 5406K(7488K)->5406K(7488K)
[41.591s][info][gc          ] GC(51) Pause Full (System.gc()) 1811M->1811M(6144M) 715.247ms
[42.302s][info][gc,metaspace] GC(52) Metaspace: 30739K(34432K)->30739K(34432K) NonClass: 25333K(26944K)->25333K(26944K) Class: 5406K(7488K)->5406K(7488K)
[42.302s][info][gc          ] GC(52) Pause Full (System.gc()) 1811M->1811M(6144M) 706.377ms
[43.002s][info][gc,metaspace] GC(53) Metaspace: 30739K(34432K)->30739K(34432K) NonClass: 25333K(26944K)->25333K(26944K) Class: 5406K(7488K)->5406K(7488K)
[43.002s][info][gc          ] GC(53) Pause Full (System.gc()) 1811M->1811M(6144M) 699.661ms
[43.715s][info][gc,metaspace] GC(54) Metaspace: 30739K(34432K)->30739K(34432K) NonClass: 25333K(26944K)->25333K(26944K) Class: 5406K(7488K)->5406K(7488K)
[43.715s][info][gc          ] GC(54) Pause Full (System.gc()) 1811M->1811M(6144M) 713.430ms
[44.437s][info][gc,metaspace] GC(55) Metaspace: 30739K(34432K)->30739K(34432K) NonClass: 25333K(26944K)->25333K(26944K) Class: 5406K(7488K)->5406K(7488K)
[44.438s][info][gc          ] GC(55) Pause Full (System.gc()) 1811M->1811M(6144M) 722.093ms
[45.150s][info][gc,metaspace] GC(56) Metaspace: 30739K(34432K)->30739K(34432K) NonClass: 25333K(26944K)->25333K(26944K) Class: 5406K(7488K)->5406K(7488K)
[45.150s][info][gc          ] GC(56) Pause Full (System.gc()) 1811M->1811M(6144M) 712.030ms
[45.867s][info][gc,metaspace] GC(57) Metaspace: 30739K(34432K)->30739K(34432K) NonClass: 25333K(26944K)->25333K(26944K) Class: 5406K(7488K)->5406K(7488K)
[45.867s][info][gc          ] GC(57) Pause Full (System.gc()) 1811M->1811M(6144M) 717.140ms
[46.584s][info][gc,metaspace] GC(58) Metaspace: 30739K(34432K)->30739K(34432K) NonClass: 25333K(26944K)->25333K(26944K) Class: 5406K(7488K)->5406K(7488K)
[46.584s][info][gc          ] GC(58) Pause Full (System.gc()) 1811M->1811M(6144M) 717.553ms
[47.305s][info][gc,metaspace] GC(59) Metaspace: 30739K(34432K)->30739K(34432K) NonClass: 25333K(26944K)->25333K(26944K) Class: 5406K(7488K)->5406K(7488K)
[47.305s][info][gc          ] GC(59) Pause Full (System.gc()) 1811M->1811M(6144M) 720.361ms
[48.026s][info][gc,metaspace] GC(60) Metaspace: 30739K(34432K)->30739K(34432K) NonClass: 25333K(26944K)->25333K(26944K) Class: 5406K(7488K)->5406K(7488K)
[48.026s][info][gc          ] GC(60) Pause Full (System.gc()) 1811M->1811M(6144M) 721.263ms
[48.750s][info][gc,metaspace] GC(61) Metaspace: 30739K(34432K)->30739K(34432K) NonClass: 25333K(26944K)->25333K(26944K) Class: 5406K(7488K)->5406K(7488K)
[48.750s][info][gc          ] GC(61) Pause Full (System.gc()) 1811M->1811M(6144M) 724.220ms
[49.463s][info][gc,metaspace] GC(62) Metaspace: 30739K(34432K)->30739K(34432K) NonClass: 25333K(26944K)->25333K(26944K) Class: 5406K(7488K)->5406K(7488K)
[49.463s][info][gc          ] GC(62) Pause Full (System.gc()) 1811M->1811M(6144M) 712.904ms
[50.180s][info][gc,metaspace] GC(63) Metaspace: 30739K(34432K)->30739K(34432K) NonClass: 25333K(26944K)->25333K(26944K) Class: 5406K(7488K)->5406K(7488K)
[50.180s][info][gc          ] GC(63) Pause Full (System.gc()) 1811M->1811M(6144M) 716.185ms
[50.893s][info][gc,metaspace] GC(64) Metaspace: 30739K(34432K)->30739K(34432K) NonClass: 25333K(26944K)->25333K(26944K) Class: 5406K(7488K)->5406K(7488K)
[50.893s][info][gc          ] GC(64) Pause Full (System.gc()) 1811M->1811M(6144M) 713.692ms
[51.616s][info][gc,metaspace] GC(65) Metaspace: 30739K(34432K)->30739K(34432K) NonClass: 25333K(26944K)->25333K(26944K) Class: 5406K(7488K)->5406K(7488K)
[51.616s][info][gc          ] GC(65) Pause Full (System.gc()) 1811M->1811M(6144M) 722.643ms
[52.336s][info][gc,metaspace] GC(66) Metaspace: 30739K(34432K)->30739K(34432K) NonClass: 25333K(26944K)->25333K(26944K) Class: 5406K(7488K)->5406K(7488K)
[52.336s][info][gc          ] GC(66) Pause Full (System.gc()) 1811M->1811M(6144M) 720.049ms
[53.051s][info][gc,metaspace] GC(67) Metaspace: 30739K(34432K)->30739K(34432K) NonClass: 25333K(26944K)->25333K(26944K) Class: 5406K(7488K)->5406K(7488K)
[53.051s][info][gc          ] GC(67) Pause Full (System.gc()) 1811M->1811M(6144M) 710.685ms
[53.767s][info][gc,metaspace] GC(68) Metaspace: 30739K(34432K)->30739K(34432K) NonClass: 25333K(26944K)->25333K(26944K) Class: 5406K(7488K)->5406K(7488K)
[53.767s][info][gc          ] GC(68) Pause Full (System.gc()) 1811M->1811M(6144M) 715.429ms
[54.488s][info][gc,metaspace] GC(69) Metaspace: 30739K(34432K)->30739K(34432K) NonClass: 25333K(26944K)->25333K(26944K) Class: 5406K(7488K)->5406K(7488K)
[54.488s][info][gc          ] GC(69) Pause Full (System.gc()) 1811M->1811M(6144M) 721.482ms
[55.209s][info][gc,metaspace] GC(70) Metaspace: 30739K(34432K)->30739K(34432K) NonClass: 25333K(26944K)->25333K(26944K) Class: 5406K(7488K)->5406K(7488K)
[55.209s][info][gc          ] GC(70) Pause Full (System.gc()) 1811M->1811M(6144M) 720.866ms
[55.923s][info][gc,metaspace] GC(71) Metaspace: 30739K(34432K)->30739K(34432K) NonClass: 25333K(26944K)->25333K(26944K) Class: 5406K(7488K)->5406K(7488K)
[55.923s][info][gc          ] GC(71) Pause Full (System.gc()) 1811M->1811M(6144M) 713.373ms
[56.636s][info][gc,metaspace] GC(72) Metaspace: 30739K(34432K)->30739K(34432K) NonClass: 25333K(26944K)->25333K(26944K) Class: 5406K(7488K)->5406K(7488K)
[56.636s][info][gc          ] GC(72) Pause Full (System.gc()) 1811M->1811M(6144M) 712.956ms
[57.358s][info][gc,metaspace] GC(73) Metaspace: 30739K(34432K)->30739K(34432K) NonClass: 25333K(26944K)->25333K(26944K) Class: 5406K(7488K)->5406K(7488K)
[57.358s][info][gc          ] GC(73) Pause Full (System.gc()) 1811M->1811M(6144M) 721.896ms
[58.090s][info][gc,metaspace] GC(74) Metaspace: 30739K(34432K)->30739K(34432K) NonClass: 25333K(26944K)->25333K(26944K) Class: 5406K(7488K)->5406K(7488K)
[58.090s][info][gc          ] GC(74) Pause Full (System.gc()) 1811M->1811M(6144M) 728.234ms
[58.810s][info][gc,metaspace] GC(75) Metaspace: 30739K(34432K)->30739K(34432K) NonClass: 25333K(26944K)->25333K(26944K) Class: 5406K(7488K)->5406K(7488K)
[58.810s][info][gc          ] GC(75) Pause Full (System.gc()) 1811M->1811M(6144M) 719.587ms
[59.523s][info][gc,metaspace] GC(76) Metaspace: 30739K(34432K)->30739K(34432K) NonClass: 25333K(26944K)->25333K(26944K) Class: 5406K(7488K)->5406K(7488K)
[59.523s][info][gc          ] GC(76) Pause Full (System.gc()) 1811M->1811M(6144M) 712.787ms
[60.254s][info][gc,metaspace] GC(77) Metaspace: 30739K(34432K)->30739K(34432K) NonClass: 25333K(26944K)->25333K(26944K) Class: 5406K(7488K)->5406K(7488K)
[60.254s][info][gc          ] GC(77) Pause Full (System.gc()) 1811M->1811M(6144M) 731.484ms
After GCs... 
