Done; will start GCs... 
[25.297s][info][gc,metaspace] GC(28) Metaspace: 31191K(34880K)->31191K(34880K) NonClass: 23165K(24768K)->23165K(24768K) Class: 8025K(10112K)->8025K(10112K)
[25.297s][info][gc          ] GC(28) Pause Full (System.gc()) 1600M->1598M(6144M) 758.667ms
[26.069s][info][gc,metaspace] GC(29) Metaspace: 31191K(34880K)->31191K(34880K) NonClass: 23165K(24768K)->23165K(24768K) Class: 8025K(10112K)->8025K(10112K)
[26.069s][info][gc          ] GC(29) Pause Full (System.gc()) 1598M->1598M(6144M) 772.288ms
[26.828s][info][gc,metaspace] GC(30) Metaspace: 31191K(34880K)->31191K(34880K) NonClass: 23165K(24768K)->23165K(24768K) Class: 8025K(10112K)->8025K(10112K)
[26.828s][info][gc          ] GC(30) Pause Full (System.gc()) 1598M->1598M(6144M) 758.659ms
[27.657s][info][gc,metaspace] GC(31) Metaspace: 31191K(34880K)->31191K(34880K) NonClass: 23165K(24768K)->23165K(24768K) Class: 8025K(10112K)->8025K(10112K)
[27.657s][info][gc          ] GC(31) Pause Full (System.gc()) 1598M->1598M(6144M) 828.613ms
[28.495s][info][gc,metaspace] GC(32) Metaspace: 31191K(34880K)->31191K(34880K) NonClass: 23165K(24768K)->23165K(24768K) Class: 8025K(10112K)->8025K(10112K)
[28.495s][info][gc          ] GC(32) Pause Full (System.gc()) 1598M->1598M(6144M) 838.195ms
[29.266s][info][gc,metaspace] GC(33) Metaspace: 31191K(34880K)->31191K(34880K) NonClass: 23165K(24768K)->23165K(24768K) Class: 8025K(10112K)->8025K(10112K)
[29.266s][info][gc          ] GC(33) Pause Full (System.gc()) 1598M->1598M(6144M) 771.050ms
[30.027s][info][gc,metaspace] GC(34) Metaspace: 31191K(34880K)->31191K(34880K) NonClass: 23165K(24768K)->23165K(24768K) Class: 8025K(10112K)->8025K(10112K)
[30.027s][info][gc          ] GC(34) Pause Full (System.gc()) 1598M->1598M(6144M) 761.003ms
[30.784s][info][gc,metaspace] GC(35) Metaspace: 31191K(34880K)->31191K(34880K) NonClass: 23165K(24768K)->23165K(24768K) Class: 8025K(10112K)->8025K(10112K)
[30.784s][info][gc          ] GC(35) Pause Full (System.gc()) 1598M->1598M(6144M) 756.343ms
[31.562s][info][gc,metaspace] GC(36) Metaspace: 31191K(34880K)->31191K(34880K) NonClass: 23165K(24768K)->23165K(24768K) Class: 8025K(10112K)->8025K(10112K)
[31.562s][info][gc          ] GC(36) Pause Full (System.gc()) 1598M->1598M(6144M) 778.423ms
[32.323s][info][gc,metaspace] GC(37) Metaspace: 31191K(34880K)->31191K(34880K) NonClass: 23165K(24768K)->23165K(24768K) Class: 8025K(10112K)->8025K(10112K)
[32.323s][info][gc          ] GC(37) Pause Full (System.gc()) 1598M->1598M(6144M) 761.044ms
[33.077s][info][gc,metaspace] GC(38) Metaspace: 31191K(34880K)->31191K(34880K) NonClass: 23165K(24768K)->23165K(24768K) Class: 8025K(10112K)->8025K(10112K)
[33.077s][info][gc          ] GC(38) Pause Full (System.gc()) 1598M->1598M(6144M) 753.736ms
[33.837s][info][gc,metaspace] GC(39) Metaspace: 31191K(34880K)->31191K(34880K) NonClass: 23165K(24768K)->23165K(24768K) Class: 8025K(10112K)->8025K(10112K)
[33.837s][info][gc          ] GC(39) Pause Full (System.gc()) 1598M->1598M(6144M) 759.705ms
[34.615s][info][gc,metaspace] GC(40) Metaspace: 31191K(34880K)->31191K(34880K) NonClass: 23165K(24768K)->23165K(24768K) Class: 8025K(10112K)->8025K(10112K)
[34.615s][info][gc          ] GC(40) Pause Full (System.gc()) 1598M->1598M(6144M) 777.545ms
[35.373s][info][gc,metaspace] GC(41) Metaspace: 31191K(34880K)->31191K(34880K) NonClass: 23165K(24768K)->23165K(24768K) Class: 8025K(10112K)->8025K(10112K)
[35.373s][info][gc          ] GC(41) Pause Full (System.gc()) 1598M->1598M(6144M) 758.484ms
[36.144s][info][gc,metaspace] GC(42) Metaspace: 31191K(34880K)->31191K(34880K) NonClass: 23165K(24768K)->23165K(24768K) Class: 8025K(10112K)->8025K(10112K)
[36.144s][info][gc          ] GC(42) Pause Full (System.gc()) 1598M->1598M(6144M) 770.499ms
[36.902s][info][gc,metaspace] GC(43) Metaspace: 31191K(34880K)->31191K(34880K) NonClass: 23165K(24768K)->23165K(24768K) Class: 8025K(10112K)->8025K(10112K)
[36.902s][info][gc          ] GC(43) Pause Full (System.gc()) 1598M->1598M(6144M) 758.587ms
[37.661s][info][gc,metaspace] GC(44) Metaspace: 31191K(34880K)->31191K(34880K) NonClass: 23165K(24768K)->23165K(24768K) Class: 8025K(10112K)->8025K(10112K)
[37.661s][info][gc          ] GC(44) Pause Full (System.gc()) 1598M->1598M(6144M) 758.263ms
[38.422s][info][gc,metaspace] GC(45) Metaspace: 31191K(34880K)->31191K(34880K) NonClass: 23165K(24768K)->23165K(24768K) Class: 8025K(10112K)->8025K(10112K)
[38.422s][info][gc          ] GC(45) Pause Full (System.gc()) 1598M->1598M(6144M) 761.277ms
[39.177s][info][gc,metaspace] GC(46) Metaspace: 31191K(34880K)->31191K(34880K) NonClass: 23165K(24768K)->23165K(24768K) Class: 8025K(10112K)->8025K(10112K)
[39.178s][info][gc          ] GC(46) Pause Full (System.gc()) 1598M->1598M(6144M) 755.346ms
[39.950s][info][gc,metaspace] GC(47) Metaspace: 31191K(34880K)->31191K(34880K) NonClass: 23165K(24768K)->23165K(24768K) Class: 8025K(10112K)->8025K(10112K)
[39.950s][info][gc          ] GC(47) Pause Full (System.gc()) 1598M->1598M(6144M) 771.980ms
[40.708s][info][gc,metaspace] GC(48) Metaspace: 31191K(34880K)->31191K(34880K) NonClass: 23165K(24768K)->23165K(24768K) Class: 8025K(10112K)->8025K(10112K)
[40.708s][info][gc          ] GC(48) Pause Full (System.gc()) 1598M->1598M(6144M) 758.368ms
[41.475s][info][gc,metaspace] GC(49) Metaspace: 31191K(34880K)->31191K(34880K) NonClass: 23165K(24768K)->23165K(24768K) Class: 8025K(10112K)->8025K(10112K)
[41.475s][info][gc          ] GC(49) Pause Full (System.gc()) 1598M->1598M(6144M) 766.797ms
[42.240s][info][gc,metaspace] GC(50) Metaspace: 31191K(34880K)->31191K(34880K) NonClass: 23165K(24768K)->23165K(24768K) Class: 8025K(10112K)->8025K(10112K)
[42.240s][info][gc          ] GC(50) Pause Full (System.gc()) 1598M->1598M(6144M) 764.984ms
[43.002s][info][gc,metaspace] GC(51) Metaspace: 31191K(34880K)->31191K(34880K) NonClass: 23165K(24768K)->23165K(24768K) Class: 8025K(10112K)->8025K(10112K)
[43.002s][info][gc          ] GC(51) Pause Full (System.gc()) 1598M->1598M(6144M) 761.917ms
[43.785s][info][gc,metaspace] GC(52) Metaspace: 31191K(34880K)->31191K(34880K) NonClass: 23165K(24768K)->23165K(24768K) Class: 8025K(10112K)->8025K(10112K)
[43.786s][info][gc          ] GC(52) Pause Full (System.gc()) 1598M->1598M(6144M) 783.561ms
[44.564s][info][gc,metaspace] GC(53) Metaspace: 31191K(34880K)->31191K(34880K) NonClass: 23165K(24768K)->23165K(24768K) Class: 8025K(10112K)->8025K(10112K)
[44.564s][info][gc          ] GC(53) Pause Full (System.gc()) 1598M->1598M(6144M) 778.192ms
[45.331s][info][gc,metaspace] GC(54) Metaspace: 31191K(34880K)->31191K(34880K) NonClass: 23165K(24768K)->23165K(24768K) Class: 8025K(10112K)->8025K(10112K)
[45.331s][info][gc          ] GC(54) Pause Full (System.gc()) 1598M->1598M(6144M) 767.544ms
[46.099s][info][gc,metaspace] GC(55) Metaspace: 31191K(34880K)->31191K(34880K) NonClass: 23165K(24768K)->23165K(24768K) Class: 8025K(10112K)->8025K(10112K)
[46.099s][info][gc          ] GC(55) Pause Full (System.gc()) 1598M->1598M(6144M) 767.980ms
[46.860s][info][gc,metaspace] GC(56) Metaspace: 31191K(34880K)->31191K(34880K) NonClass: 23165K(24768K)->23165K(24768K) Class: 8025K(10112K)->8025K(10112K)
[46.860s][info][gc          ] GC(56) Pause Full (System.gc()) 1598M->1598M(6144M) 760.489ms
[47.628s][info][gc,metaspace] GC(57) Metaspace: 31191K(34880K)->31191K(34880K) NonClass: 23165K(24768K)->23165K(24768K) Class: 8025K(10112K)->8025K(10112K)
[47.628s][info][gc          ] GC(57) Pause Full (System.gc()) 1598M->1598M(6144M) 767.857ms
[48.386s][info][gc,metaspace] GC(58) Metaspace: 31191K(34880K)->31191K(34880K) NonClass: 23165K(24768K)->23165K(24768K) Class: 8025K(10112K)->8025K(10112K)
[48.386s][info][gc          ] GC(58) Pause Full (System.gc()) 1598M->1598M(6144M) 758.367ms
[49.154s][info][gc,metaspace] GC(59) Metaspace: 31191K(34880K)->31191K(34880K) NonClass: 23165K(24768K)->23165K(24768K) Class: 8025K(10112K)->8025K(10112K)
[49.154s][info][gc          ] GC(59) Pause Full (System.gc()) 1598M->1598M(6144M) 767.285ms
[49.925s][info][gc,metaspace] GC(60) Metaspace: 31191K(34880K)->31191K(34880K) NonClass: 23165K(24768K)->23165K(24768K) Class: 8025K(10112K)->8025K(10112K)
[49.925s][info][gc          ] GC(60) Pause Full (System.gc()) 1598M->1598M(6144M) 771.207ms
[50.691s][info][gc,metaspace] GC(61) Metaspace: 31191K(34880K)->31191K(34880K) NonClass: 23165K(24768K)->23165K(24768K) Class: 8025K(10112K)->8025K(10112K)
[50.691s][info][gc          ] GC(61) Pause Full (System.gc()) 1598M->1598M(6144M) 765.520ms
[51.452s][info][gc,metaspace] GC(62) Metaspace: 31191K(34880K)->31191K(34880K) NonClass: 23165K(24768K)->23165K(24768K) Class: 8025K(10112K)->8025K(10112K)
[51.452s][info][gc          ] GC(62) Pause Full (System.gc()) 1598M->1598M(6144M) 761.810ms
[52.235s][info][gc,metaspace] GC(63) Metaspace: 31191K(34880K)->31191K(34880K) NonClass: 23165K(24768K)->23165K(24768K) Class: 8025K(10112K)->8025K(10112K)
[52.235s][info][gc          ] GC(63) Pause Full (System.gc()) 1598M->1598M(6144M) 782.855ms
[53.012s][info][gc,metaspace] GC(64) Metaspace: 31191K(34880K)->31191K(34880K) NonClass: 23165K(24768K)->23165K(24768K) Class: 8025K(10112K)->8025K(10112K)
[53.012s][info][gc          ] GC(64) Pause Full (System.gc()) 1598M->1598M(6144M) 776.927ms
[53.780s][info][gc,metaspace] GC(65) Metaspace: 31191K(34880K)->31191K(34880K) NonClass: 23165K(24768K)->23165K(24768K) Class: 8025K(10112K)->8025K(10112K)
[53.780s][info][gc          ] GC(65) Pause Full (System.gc()) 1598M->1598M(6144M) 767.712ms
[54.547s][info][gc,metaspace] GC(66) Metaspace: 31191K(34880K)->31191K(34880K) NonClass: 23165K(24768K)->23165K(24768K) Class: 8025K(10112K)->8025K(10112K)
[54.547s][info][gc          ] GC(66) Pause Full (System.gc()) 1598M->1598M(6144M) 766.594ms
[55.307s][info][gc,metaspace] GC(67) Metaspace: 31191K(34880K)->31191K(34880K) NonClass: 23165K(24768K)->23165K(24768K) Class: 8025K(10112K)->8025K(10112K)
[55.307s][info][gc          ] GC(67) Pause Full (System.gc()) 1598M->1598M(6144M) 759.762ms
[56.103s][info][gc,metaspace] GC(68) Metaspace: 31191K(34880K)->31191K(34880K) NonClass: 23165K(24768K)->23165K(24768K) Class: 8025K(10112K)->8025K(10112K)
[56.103s][info][gc          ] GC(68) Pause Full (System.gc()) 1598M->1598M(6144M) 795.840ms
[56.856s][info][gc,metaspace] GC(69) Metaspace: 31191K(34880K)->31191K(34880K) NonClass: 23165K(24768K)->23165K(24768K) Class: 8025K(10112K)->8025K(10112K)
[56.856s][info][gc          ] GC(69) Pause Full (System.gc()) 1598M->1598M(6144M) 753.014ms
[57.604s][info][gc,metaspace] GC(70) Metaspace: 31191K(34880K)->31191K(34880K) NonClass: 23165K(24768K)->23165K(24768K) Class: 8025K(10112K)->8025K(10112K)
[57.604s][info][gc          ] GC(70) Pause Full (System.gc()) 1598M->1598M(6144M) 748.516ms
[58.375s][info][gc,metaspace] GC(71) Metaspace: 31191K(34880K)->31191K(34880K) NonClass: 23165K(24768K)->23165K(24768K) Class: 8025K(10112K)->8025K(10112K)
[58.375s][info][gc          ] GC(71) Pause Full (System.gc()) 1598M->1598M(6144M) 764.046ms
[59.135s][info][gc,metaspace] GC(72) Metaspace: 31191K(34880K)->31191K(34880K) NonClass: 23165K(24768K)->23165K(24768K) Class: 8025K(10112K)->8025K(10112K)
[59.135s][info][gc          ] GC(72) Pause Full (System.gc()) 1598M->1598M(6144M) 759.204ms
[59.906s][info][gc,metaspace] GC(73) Metaspace: 31191K(34880K)->31191K(34880K) NonClass: 23165K(24768K)->23165K(24768K) Class: 8025K(10112K)->8025K(10112K)
[59.906s][info][gc          ] GC(73) Pause Full (System.gc()) 1598M->1598M(6144M) 771.059ms
[60.668s][info][gc,metaspace] GC(74) Metaspace: 31191K(34880K)->31191K(34880K) NonClass: 23165K(24768K)->23165K(24768K) Class: 8025K(10112K)->8025K(10112K)
[60.668s][info][gc          ] GC(74) Pause Full (System.gc()) 1598M->1598M(6144M) 761.927ms
[61.441s][info][gc,metaspace] GC(75) Metaspace: 31191K(34880K)->31191K(34880K) NonClass: 23165K(24768K)->23165K(24768K) Class: 8025K(10112K)->8025K(10112K)
[61.441s][info][gc          ] GC(75) Pause Full (System.gc()) 1598M->1598M(6144M) 773.474ms
[62.208s][info][gc,metaspace] GC(76) Metaspace: 31191K(34880K)->31191K(34880K) NonClass: 23165K(24768K)->23165K(24768K) Class: 8025K(10112K)->8025K(10112K)
[62.208s][info][gc          ] GC(76) Pause Full (System.gc()) 1598M->1598M(6144M) 766.769ms
[63.018s][info][gc,metaspace] GC(77) Metaspace: 31191K(34880K)->31191K(34880K) NonClass: 23165K(24768K)->23165K(24768K) Class: 8025K(10112K)->8025K(10112K)
[63.018s][info][gc          ] GC(77) Pause Full (System.gc()) 1598M->1598M(6144M) 809.755ms
After GCs... 
