Done; will start GCs... 
[28.630s][info   ][gc          ] GC(15) Major Collection (System.gc())
[28.636s][info   ][gc,metaspace] GC(15) Y: Metaspace: 16M used, 17M committed, 3136M reserved
[28.643s][info   ][gc,metaspace] GC(15) Y: Metaspace: 16M used, 17M committed, 3136M reserved
[31.452s][info   ][gc,metaspace] GC(15) O: Metaspace: 16M used, 17M committed, 3136M reserved
[31.452s][info   ][gc          ] GC(15) Major Collection (System.gc()) 2186M(36%)->2184M(36%) 2.822s
[31.452s][info   ][gc          ] GC(16) Major Collection (System.gc())
[31.459s][info   ][gc,metaspace] GC(16) Y: Metaspace: 16M used, 17M committed, 3136M reserved
[31.465s][info   ][gc,metaspace] GC(16) Y: Metaspace: 16M used, 17M committed, 3136M reserved
[34.284s][info   ][gc,metaspace] GC(16) O: Metaspace: 16M used, 17M committed, 3136M reserved
[34.284s][info   ][gc          ] GC(16) Major Collection (System.gc()) 2184M(36%)->2184M(36%) 2.832s
[34.284s][info   ][gc          ] GC(17) Major Collection (System.gc())
[34.295s][info   ][gc,metaspace] GC(17) Y: Metaspace: 16M used, 17M committed, 3136M reserved
[34.303s][info   ][gc,metaspace] GC(17) Y: Metaspace: 16M used, 17M committed, 3136M reserved
[36.730s][info   ][gc,metaspace] GC(17) O: Metaspace: 16M used, 17M committed, 3136M reserved
[36.730s][info   ][gc          ] GC(17) Major Collection (System.gc()) 2184M(36%)->2184M(36%) 2.446s
[36.730s][info   ][gc          ] GC(18) Major Collection (System.gc())
[36.736s][info   ][gc,metaspace] GC(18) Y: Metaspace: 16M used, 17M committed, 3136M reserved
[36.742s][info   ][gc,metaspace] GC(18) Y: Metaspace: 16M used, 17M committed, 3136M reserved
[39.482s][info   ][gc,metaspace] GC(18) O: Metaspace: 16M used, 17M committed, 3136M reserved
[39.482s][info   ][gc          ] GC(18) Major Collection (System.gc()) 2184M(36%)->2184M(36%) 2.752s
[39.482s][info   ][gc          ] GC(19) Major Collection (System.gc())
[39.489s][info   ][gc,metaspace] GC(19) Y: Metaspace: 16M used, 17M committed, 3136M reserved
[39.495s][info   ][gc,metaspace] GC(19) Y: Metaspace: 16M used, 17M committed, 3136M reserved
[42.299s][info   ][gc,metaspace] GC(19) O: Metaspace: 16M used, 17M committed, 3136M reserved
[42.299s][info   ][gc          ] GC(19) Major Collection (System.gc()) 2184M(36%)->2184M(36%) 2.817s
[42.299s][info   ][gc          ] GC(20) Major Collection (System.gc())
[42.306s][info   ][gc,metaspace] GC(20) Y: Metaspace: 16M used, 17M committed, 3136M reserved
[42.312s][info   ][gc,metaspace] GC(20) Y: Metaspace: 16M used, 17M committed, 3136M reserved
[44.911s][info   ][gc,metaspace] GC(20) O: Metaspace: 16M used, 17M committed, 3136M reserved
[44.911s][info   ][gc          ] GC(20) Major Collection (System.gc()) 2184M(36%)->2184M(36%) 2.611s
[44.911s][info   ][gc          ] GC(21) Major Collection (System.gc())
[44.921s][info   ][gc,metaspace] GC(21) Y: Metaspace: 16M used, 17M committed, 3136M reserved
[44.928s][info   ][gc,metaspace] GC(21) Y: Metaspace: 16M used, 17M committed, 3136M reserved
[47.574s][info   ][gc,metaspace] GC(21) O: Metaspace: 16M used, 17M committed, 3136M reserved
[47.574s][info   ][gc          ] GC(21) Major Collection (System.gc()) 2184M(36%)->2184M(36%) 2.663s
[47.574s][info   ][gc          ] GC(22) Major Collection (System.gc())
[47.581s][info   ][gc,metaspace] GC(22) Y: Metaspace: 16M used, 17M committed, 3136M reserved
[47.588s][info   ][gc,metaspace] GC(22) Y: Metaspace: 16M used, 17M committed, 3136M reserved
[50.291s][info   ][gc,metaspace] GC(22) O: Metaspace: 16M used, 17M committed, 3136M reserved
[50.291s][info   ][gc          ] GC(22) Major Collection (System.gc()) 2184M(36%)->2184M(36%) 2.717s
[50.291s][info   ][gc          ] GC(23) Major Collection (System.gc())
[50.302s][info   ][gc,metaspace] GC(23) Y: Metaspace: 16M used, 17M committed, 3136M reserved
[50.309s][info   ][gc,metaspace] GC(23) Y: Metaspace: 16M used, 17M committed, 3136M reserved
[53.121s][info   ][gc,metaspace] GC(23) O: Metaspace: 16M used, 17M committed, 3136M reserved
[53.121s][info   ][gc          ] GC(23) Major Collection (System.gc()) 2184M(36%)->2184M(36%) 2.830s
[53.121s][info   ][gc          ] GC(24) Major Collection (System.gc())
[53.127s][info   ][gc,metaspace] GC(24) Y: Metaspace: 16M used, 17M committed, 3136M reserved
[53.134s][info   ][gc,metaspace] GC(24) Y: Metaspace: 16M used, 17M committed, 3136M reserved
[55.906s][info   ][gc,metaspace] GC(24) O: Metaspace: 16M used, 17M committed, 3136M reserved
[55.906s][info   ][gc          ] GC(24) Major Collection (System.gc()) 2184M(36%)->2184M(36%) 2.785s
[55.906s][info   ][gc          ] GC(25) Major Collection (System.gc())
[55.913s][info   ][gc,metaspace] GC(25) Y: Metaspace: 16M used, 17M committed, 3136M reserved
[55.920s][info   ][gc,metaspace] GC(25) Y: Metaspace: 16M used, 17M committed, 3136M reserved
[58.606s][info   ][gc,metaspace] GC(25) O: Metaspace: 16M used, 17M committed, 3136M reserved
[58.606s][info   ][gc          ] GC(25) Major Collection (System.gc()) 2184M(36%)->2184M(36%) 2.699s
[58.606s][info   ][gc          ] GC(26) Major Collection (System.gc())
[58.612s][info   ][gc,metaspace] GC(26) Y: Metaspace: 16M used, 17M committed, 3136M reserved
[58.619s][info   ][gc,metaspace] GC(26) Y: Metaspace: 16M used, 17M committed, 3136M reserved
[61.594s][info   ][gc,metaspace] GC(26) O: Metaspace: 16M used, 17M committed, 3136M reserved
[61.594s][info   ][gc          ] GC(26) Major Collection (System.gc()) 2184M(36%)->2184M(36%) 2.988s
[61.594s][info   ][gc          ] GC(27) Major Collection (System.gc())
[61.600s][info   ][gc,metaspace] GC(27) Y: Metaspace: 16M used, 17M committed, 3136M reserved
[61.606s][info   ][gc,metaspace] GC(27) Y: Metaspace: 16M used, 17M committed, 3136M reserved
[64.348s][info   ][gc,metaspace] GC(27) O: Metaspace: 16M used, 17M committed, 3136M reserved
[64.348s][info   ][gc          ] GC(27) Major Collection (System.gc()) 2184M(36%)->2186M(36%) 2.754s
[64.348s][info   ][gc          ] GC(28) Major Collection (System.gc())
[64.354s][info   ][gc,metaspace] GC(28) Y: Metaspace: 16M used, 17M committed, 3136M reserved
[64.361s][info   ][gc,metaspace] GC(28) Y: Metaspace: 16M used, 17M committed, 3136M reserved
[66.825s][info   ][gc,metaspace] GC(28) O: Metaspace: 16M used, 17M committed, 3136M reserved
[66.825s][info   ][gc          ] GC(28) Major Collection (System.gc()) 2186M(36%)->2184M(36%) 2.477s
[66.825s][info   ][gc          ] GC(29) Major Collection (System.gc())
[66.836s][info   ][gc,metaspace] GC(29) Y: Metaspace: 16M used, 17M committed, 3136M reserved
[66.843s][info   ][gc,metaspace] GC(29) Y: Metaspace: 16M used, 17M committed, 3136M reserved
[69.259s][info   ][gc,metaspace] GC(29) O: Metaspace: 16M used, 17M committed, 3136M reserved
[69.259s][info   ][gc          ] GC(29) Major Collection (System.gc()) 2184M(36%)->2184M(36%) 2.434s
[69.259s][info   ][gc          ] GC(30) Major Collection (System.gc())
[69.265s][info   ][gc,metaspace] GC(30) Y: Metaspace: 16M used, 17M committed, 3136M reserved
[69.272s][info   ][gc,metaspace] GC(30) Y: Metaspace: 16M used, 17M committed, 3136M reserved
[71.760s][info   ][gc,metaspace] GC(30) O: Metaspace: 16M used, 17M committed, 3136M reserved
[71.760s][info   ][gc          ] GC(30) Major Collection (System.gc()) 2184M(36%)->2184M(36%) 2.500s
[71.760s][info   ][gc          ] GC(31) Major Collection (System.gc())
[71.766s][info   ][gc,metaspace] GC(31) Y: Metaspace: 16M used, 17M committed, 3136M reserved
[71.773s][info   ][gc,metaspace] GC(31) Y: Metaspace: 16M used, 17M committed, 3136M reserved
[74.484s][info   ][gc,metaspace] GC(31) O: Metaspace: 16M used, 17M committed, 3136M reserved
[74.484s][info   ][gc          ] GC(31) Major Collection (System.gc()) 2184M(36%)->2184M(36%) 2.725s
[74.484s][info   ][gc          ] GC(32) Major Collection (System.gc())
[74.491s][info   ][gc,metaspace] GC(32) Y: Metaspace: 16M used, 17M committed, 3136M reserved
[74.497s][info   ][gc,metaspace] GC(32) Y: Metaspace: 16M used, 17M committed, 3136M reserved
[77.288s][info   ][gc,metaspace] GC(32) O: Metaspace: 16M used, 17M committed, 3136M reserved
[77.288s][info   ][gc          ] GC(32) Major Collection (System.gc()) 2184M(36%)->2184M(36%) 2.803s
[77.288s][info   ][gc          ] GC(33) Major Collection (System.gc())
[77.294s][info   ][gc,metaspace] GC(33) Y: Metaspace: 16M used, 17M committed, 3136M reserved
[77.300s][info   ][gc,metaspace] GC(33) Y: Metaspace: 16M used, 17M committed, 3136M reserved
[79.798s][info   ][gc,metaspace] GC(33) O: Metaspace: 16M used, 17M committed, 3136M reserved
[79.798s][info   ][gc          ] GC(33) Major Collection (System.gc()) 2184M(36%)->2184M(36%) 2.510s
[79.798s][info   ][gc          ] GC(34) Major Collection (System.gc())
[79.809s][info   ][gc,metaspace] GC(34) Y: Metaspace: 16M used, 17M committed, 3136M reserved
[79.816s][info   ][gc,metaspace] GC(34) Y: Metaspace: 16M used, 17M committed, 3136M reserved
[82.221s][info   ][gc,metaspace] GC(34) O: Metaspace: 16M used, 17M committed, 3136M reserved
[82.221s][info   ][gc          ] GC(34) Major Collection (System.gc()) 2184M(36%)->2184M(36%) 2.423s
[82.221s][info   ][gc          ] GC(35) Major Collection (System.gc())
[82.227s][info   ][gc,metaspace] GC(35) Y: Metaspace: 16M used, 17M committed, 3136M reserved
[82.234s][info   ][gc,metaspace] GC(35) Y: Metaspace: 16M used, 17M committed, 3136M reserved
[84.755s][info   ][gc,metaspace] GC(35) O: Metaspace: 16M used, 17M committed, 3136M reserved
[84.755s][info   ][gc          ] GC(35) Major Collection (System.gc()) 2184M(36%)->2184M(36%) 2.534s
[84.756s][info   ][gc          ] GC(36) Major Collection (System.gc())
[84.761s][info   ][gc,metaspace] GC(36) Y: Metaspace: 16M used, 17M committed, 3136M reserved
[84.768s][info   ][gc,metaspace] GC(36) Y: Metaspace: 16M used, 17M committed, 3136M reserved
[87.500s][info   ][gc,metaspace] GC(36) O: Metaspace: 16M used, 17M committed, 3136M reserved
[87.500s][info   ][gc          ] GC(36) Major Collection (System.gc()) 2184M(36%)->2184M(36%) 2.744s
[87.500s][info   ][gc          ] GC(37) Major Collection (System.gc())
[87.506s][info   ][gc,metaspace] GC(37) Y: Metaspace: 16M used, 17M committed, 3136M reserved
[87.513s][info   ][gc,metaspace] GC(37) Y: Metaspace: 16M used, 17M committed, 3136M reserved
[90.288s][info   ][gc,metaspace] GC(37) O: Metaspace: 16M used, 17M committed, 3136M reserved
[90.288s][info   ][gc          ] GC(37) Major Collection (System.gc()) 2184M(36%)->2184M(36%) 2.788s
[90.288s][info   ][gc          ] GC(38) Major Collection (System.gc())
[90.294s][info   ][gc,metaspace] GC(38) Y: Metaspace: 16M used, 17M committed, 3136M reserved
[90.302s][info   ][gc,metaspace] GC(38) Y: Metaspace: 16M used, 17M committed, 3136M reserved
[92.805s][info   ][gc,metaspace] GC(38) O: Metaspace: 16M used, 17M committed, 3136M reserved
[92.805s][info   ][gc          ] GC(38) Major Collection (System.gc()) 2184M(36%)->2184M(36%) 2.517s
[92.805s][info   ][gc          ] GC(39) Major Collection (System.gc())
[92.816s][info   ][gc,metaspace] GC(39) Y: Metaspace: 16M used, 17M committed, 3136M reserved
[92.823s][info   ][gc,metaspace] GC(39) Y: Metaspace: 16M used, 17M committed, 3136M reserved
[95.235s][info   ][gc,metaspace] GC(39) O: Metaspace: 16M used, 17M committed, 3136M reserved
[95.235s][info   ][gc          ] GC(39) Major Collection (System.gc()) 2184M(36%)->2184M(36%) 2.430s
[95.235s][info   ][gc          ] GC(40) Major Collection (System.gc())
[95.241s][info   ][gc,metaspace] GC(40) Y: Metaspace: 16M used, 17M committed, 3136M reserved
[95.248s][info   ][gc,metaspace] GC(40) Y: Metaspace: 16M used, 17M committed, 3136M reserved
[97.710s][info   ][gc,metaspace] GC(40) O: Metaspace: 16M used, 17M committed, 3136M reserved
[97.710s][info   ][gc          ] GC(40) Major Collection (System.gc()) 2184M(36%)->2184M(36%) 2.475s
[97.710s][info   ][gc          ] GC(41) Major Collection (System.gc())
[97.716s][info   ][gc,metaspace] GC(41) Y: Metaspace: 16M used, 17M committed, 3136M reserved
[97.722s][info   ][gc,metaspace] GC(41) Y: Metaspace: 16M used, 17M committed, 3136M reserved
[100.363s][info   ][gc,metaspace] GC(41) O: Metaspace: 16M used, 17M committed, 3136M reserved
[100.363s][info   ][gc          ] GC(41) Major Collection (System.gc()) 2184M(36%)->2184M(36%) 2.653s
[100.364s][info   ][gc          ] GC(42) Major Collection (System.gc())
[100.370s][info   ][gc,metaspace] GC(42) Y: Metaspace: 16M used, 17M committed, 3136M reserved
[100.377s][info   ][gc,metaspace] GC(42) Y: Metaspace: 16M used, 17M committed, 3136M reserved
[102.844s][info   ][gc,metaspace] GC(42) O: Metaspace: 16M used, 17M committed, 3136M reserved
[102.844s][info   ][gc          ] GC(42) Major Collection (System.gc()) 2184M(36%)->2184M(36%) 2.481s
[102.844s][info   ][gc          ] GC(43) Major Collection (System.gc())
[102.850s][info   ][gc,metaspace] GC(43) Y: Metaspace: 16M used, 17M committed, 3136M reserved
[102.857s][info   ][gc,metaspace] GC(43) Y: Metaspace: 16M used, 17M committed, 3136M reserved
[105.558s][info   ][gc,metaspace] GC(43) O: Metaspace: 16M used, 17M committed, 3136M reserved
[105.558s][info   ][gc          ] GC(43) Major Collection (System.gc()) 2184M(36%)->2184M(36%) 2.713s
[105.558s][info   ][gc          ] GC(44) Major Collection (System.gc())
[105.564s][info   ][gc,metaspace] GC(44) Y: Metaspace: 16M used, 17M committed, 3136M reserved
[105.570s][info   ][gc,metaspace] GC(44) Y: Metaspace: 16M used, 17M committed, 3136M reserved
[108.309s][info   ][gc,metaspace] GC(44) O: Metaspace: 16M used, 17M committed, 3136M reserved
[108.309s][info   ][gc          ] GC(44) Major Collection (System.gc()) 2184M(36%)->2184M(36%) 2.751s
[108.309s][info   ][gc          ] GC(45) Major Collection (System.gc())
[108.315s][info   ][gc,metaspace] GC(45) Y: Metaspace: 16M used, 17M committed, 3136M reserved
[108.323s][info   ][gc,metaspace] GC(45) Y: Metaspace: 16M used, 17M committed, 3136M reserved
[110.819s][info   ][gc,metaspace] GC(45) O: Metaspace: 16M used, 17M committed, 3136M reserved
[110.819s][info   ][gc          ] GC(45) Major Collection (System.gc()) 2184M(36%)->2184M(36%) 2.510s
[110.819s][info   ][gc          ] GC(46) Major Collection (System.gc())
[110.825s][info   ][gc,metaspace] GC(46) Y: Metaspace: 16M used, 17M committed, 3136M reserved
[110.832s][info   ][gc,metaspace] GC(46) Y: Metaspace: 16M used, 17M committed, 3136M reserved
[113.744s][info   ][gc,metaspace] GC(46) O: Metaspace: 16M used, 17M committed, 3136M reserved
[113.744s][info   ][gc          ] GC(46) Major Collection (System.gc()) 2184M(36%)->2184M(36%) 2.925s
[113.744s][info   ][gc          ] GC(47) Major Collection (System.gc())
[113.750s][info   ][gc,metaspace] GC(47) Y: Metaspace: 16M used, 17M committed, 3136M reserved
[113.756s][info   ][gc,metaspace] GC(47) Y: Metaspace: 16M used, 17M committed, 3136M reserved
[116.492s][info   ][gc,metaspace] GC(47) O: Metaspace: 16M used, 17M committed, 3136M reserved
[116.492s][info   ][gc          ] GC(47) Major Collection (System.gc()) 2184M(36%)->2184M(36%) 2.748s
[116.492s][info   ][gc          ] GC(48) Major Collection (System.gc())
[116.504s][info   ][gc,metaspace] GC(48) Y: Metaspace: 16M used, 17M committed, 3136M reserved
[116.511s][info   ][gc,metaspace] GC(48) Y: Metaspace: 16M used, 17M committed, 3136M reserved
[118.911s][info   ][gc,metaspace] GC(48) O: Metaspace: 16M used, 17M committed, 3136M reserved
[118.911s][info   ][gc          ] GC(48) Major Collection (System.gc()) 2184M(36%)->2184M(36%) 2.418s
[118.911s][info   ][gc          ] GC(49) Major Collection (System.gc())
[118.917s][info   ][gc,metaspace] GC(49) Y: Metaspace: 16M used, 17M committed, 3136M reserved
[118.924s][info   ][gc,metaspace] GC(49) Y: Metaspace: 16M used, 17M committed, 3136M reserved
[121.592s][info   ][gc,metaspace] GC(49) O: Metaspace: 16M used, 17M committed, 3136M reserved
[121.592s][info   ][gc          ] GC(49) Major Collection (System.gc()) 2184M(36%)->2184M(36%) 2.681s
[121.592s][info   ][gc          ] GC(50) Major Collection (System.gc())
[121.603s][info   ][gc,metaspace] GC(50) Y: Metaspace: 16M used, 17M committed, 3136M reserved
[121.610s][info   ][gc,metaspace] GC(50) Y: Metaspace: 16M used, 17M committed, 3136M reserved
[124.246s][info   ][gc,metaspace] GC(50) O: Metaspace: 16M used, 17M committed, 3136M reserved
[124.246s][info   ][gc          ] GC(50) Major Collection (System.gc()) 2184M(36%)->2186M(36%) 2.654s
[124.246s][info   ][gc          ] GC(51) Major Collection (System.gc())
[124.253s][info   ][gc,metaspace] GC(51) Y: Metaspace: 16M used, 17M committed, 3136M reserved
[124.260s][info   ][gc,metaspace] GC(51) Y: Metaspace: 16M used, 17M committed, 3136M reserved
[126.791s][info   ][gc,metaspace] GC(51) O: Metaspace: 16M used, 17M committed, 3136M reserved
[126.791s][info   ][gc          ] GC(51) Major Collection (System.gc()) 2186M(36%)->2184M(36%) 2.545s
[126.792s][info   ][gc          ] GC(52) Major Collection (System.gc())
[126.803s][info   ][gc,metaspace] GC(52) Y: Metaspace: 16M used, 17M committed, 3136M reserved
[126.809s][info   ][gc,metaspace] GC(52) Y: Metaspace: 16M used, 17M committed, 3136M reserved
[129.208s][info   ][gc,metaspace] GC(52) O: Metaspace: 16M used, 17M committed, 3136M reserved
[129.208s][info   ][gc          ] GC(52) Major Collection (System.gc()) 2184M(36%)->2184M(36%) 2.416s
[129.208s][info   ][gc          ] GC(53) Major Collection (System.gc())
[129.214s][info   ][gc,metaspace] GC(53) Y: Metaspace: 16M used, 17M committed, 3136M reserved
[129.221s][info   ][gc,metaspace] GC(53) Y: Metaspace: 16M used, 17M committed, 3136M reserved
[131.717s][info   ][gc,metaspace] GC(53) O: Metaspace: 16M used, 17M committed, 3136M reserved
[131.717s][info   ][gc          ] GC(53) Major Collection (System.gc()) 2184M(36%)->2184M(36%) 2.509s
[131.717s][info   ][gc          ] GC(54) Major Collection (System.gc())
[131.723s][info   ][gc,metaspace] GC(54) Y: Metaspace: 16M used, 17M committed, 3136M reserved
[131.730s][info   ][gc,metaspace] GC(54) Y: Metaspace: 16M used, 17M committed, 3136M reserved
[134.469s][info   ][gc,metaspace] GC(54) O: Metaspace: 16M used, 17M committed, 3136M reserved
[134.469s][info   ][gc          ] GC(54) Major Collection (System.gc()) 2184M(36%)->2184M(36%) 2.752s
[134.469s][info   ][gc          ] GC(55) Major Collection (System.gc())
[134.475s][info   ][gc,metaspace] GC(55) Y: Metaspace: 16M used, 17M committed, 3136M reserved
[134.482s][info   ][gc,metaspace] GC(55) Y: Metaspace: 16M used, 17M committed, 3136M reserved
[137.292s][info   ][gc,metaspace] GC(55) O: Metaspace: 16M used, 17M committed, 3136M reserved
[137.292s][info   ][gc          ] GC(55) Major Collection (System.gc()) 2184M(36%)->2184M(36%) 2.823s
[137.292s][info   ][gc          ] GC(56) Major Collection (System.gc())
[137.298s][info   ][gc,metaspace] GC(56) Y: Metaspace: 16M used, 17M committed, 3136M reserved
[137.305s][info   ][gc,metaspace] GC(56) Y: Metaspace: 16M used, 17M committed, 3136M reserved
[139.792s][info   ][gc,metaspace] GC(56) O: Metaspace: 16M used, 17M committed, 3136M reserved
[139.792s][info   ][gc          ] GC(56) Major Collection (System.gc()) 2184M(36%)->2184M(36%) 2.500s
[139.792s][info   ][gc          ] GC(57) Major Collection (System.gc())
[139.798s][info   ][gc,metaspace] GC(57) Y: Metaspace: 16M used, 17M committed, 3136M reserved
[139.805s][info   ][gc,metaspace] GC(57) Y: Metaspace: 16M used, 17M committed, 3136M reserved
[142.517s][info   ][gc,metaspace] GC(57) O: Metaspace: 16M used, 17M committed, 3136M reserved
[142.517s][info   ][gc          ] GC(57) Major Collection (System.gc()) 2184M(36%)->2184M(36%) 2.725s
[142.517s][info   ][gc          ] GC(58) Major Collection (System.gc())
[142.523s][info   ][gc,metaspace] GC(58) Y: Metaspace: 16M used, 17M committed, 3136M reserved
[142.530s][info   ][gc,metaspace] GC(58) Y: Metaspace: 16M used, 17M committed, 3136M reserved
[145.272s][info   ][gc,metaspace] GC(58) O: Metaspace: 16M used, 17M committed, 3136M reserved
[145.272s][info   ][gc          ] GC(58) Major Collection (System.gc()) 2184M(36%)->2184M(36%) 2.756s
[145.273s][info   ][gc          ] GC(59) Major Collection (System.gc())
[145.283s][info   ][gc,metaspace] GC(59) Y: Metaspace: 16M used, 17M committed, 3136M reserved
[145.290s][info   ][gc,metaspace] GC(59) Y: Metaspace: 16M used, 17M committed, 3136M reserved
[147.744s][info   ][gc,metaspace] GC(59) O: Metaspace: 16M used, 17M committed, 3136M reserved
[147.744s][info   ][gc          ] GC(59) Major Collection (System.gc()) 2184M(36%)->2184M(36%) 2.471s
[147.744s][info   ][gc          ] GC(60) Major Collection (System.gc())
[147.751s][info   ][gc,metaspace] GC(60) Y: Metaspace: 16M used, 17M committed, 3136M reserved
[147.758s][info   ][gc,metaspace] GC(60) Y: Metaspace: 16M used, 17M committed, 3136M reserved
[150.508s][info   ][gc,metaspace] GC(60) O: Metaspace: 16M used, 17M committed, 3136M reserved
[150.508s][info   ][gc          ] GC(60) Major Collection (System.gc()) 2184M(36%)->2184M(36%) 2.764s
[150.508s][info   ][gc          ] GC(61) Major Collection (System.gc())
[150.515s][info   ][gc,metaspace] GC(61) Y: Metaspace: 16M used, 17M committed, 3136M reserved
[150.521s][info   ][gc,metaspace] GC(61) Y: Metaspace: 16M used, 17M committed, 3136M reserved
[153.320s][info   ][gc,metaspace] GC(61) O: Metaspace: 16M used, 17M committed, 3136M reserved
[153.320s][info   ][gc          ] GC(61) Major Collection (System.gc()) 2184M(36%)->2184M(36%) 2.812s
[153.321s][info   ][gc          ] GC(62) Major Collection (System.gc())
[153.327s][info   ][gc,metaspace] GC(62) Y: Metaspace: 16M used, 17M committed, 3136M reserved
[153.333s][info   ][gc,metaspace] GC(62) Y: Metaspace: 16M used, 17M committed, 3136M reserved
[155.812s][info   ][gc,metaspace] GC(62) O: Metaspace: 16M used, 17M committed, 3136M reserved
[155.812s][info   ][gc          ] GC(62) Major Collection (System.gc()) 2184M(36%)->2184M(36%) 2.492s
[155.817s][info   ][gc          ] GC(63) Major Collection (System.gc())
[155.823s][info   ][gc,metaspace] GC(63) Y: Metaspace: 16M used, 17M committed, 3136M reserved
[155.831s][info   ][gc,metaspace] GC(63) Y: Metaspace: 16M used, 17M committed, 3136M reserved
[158.223s][info   ][gc,metaspace] GC(63) O: Metaspace: 16M used, 17M committed, 3136M reserved
[158.223s][info   ][gc          ] GC(63) Major Collection (System.gc()) 2184M(36%)->2184M(36%) 2.406s
[158.223s][info   ][gc          ] GC(64) Major Collection (System.gc())
[158.229s][info   ][gc,metaspace] GC(64) Y: Metaspace: 16M used, 17M committed, 3136M reserved
[158.237s][info   ][gc,metaspace] GC(64) Y: Metaspace: 16M used, 17M committed, 3136M reserved
[160.762s][info   ][gc,metaspace] GC(64) O: Metaspace: 16M used, 17M committed, 3136M reserved
[160.762s][info   ][gc          ] GC(64) Major Collection (System.gc()) 2184M(36%)->2184M(36%) 2.539s
After GCs... 
