Done; will start GCs... 
[34.073s][info   ][gc          ] GC(16) Major Collection (System.gc())
[34.080s][info   ][gc,metaspace] GC(16) Y: Metaspace: 16M used, 17M committed, 3136M reserved
[34.087s][info   ][gc,metaspace] GC(16) Y: Metaspace: 16M used, 17M committed, 3136M reserved
[36.374s][info   ][gc,metaspace] GC(16) O: Metaspace: 16M used, 17M committed, 3136M reserved
[36.374s][info   ][gc          ] GC(16) Major Collection (System.gc()) 2182M(36%)->2180M(35%) 2.301s
[36.374s][info   ][gc          ] GC(17) Major Collection (System.gc())
[36.380s][info   ][gc,metaspace] GC(17) Y: Metaspace: 16M used, 17M committed, 3136M reserved
[36.387s][info   ][gc,metaspace] GC(17) Y: Metaspace: 16M used, 17M committed, 3136M reserved
[38.938s][info   ][gc,metaspace] GC(17) O: Metaspace: 16M used, 17M committed, 3136M reserved
[38.938s][info   ][gc          ] GC(17) Major Collection (System.gc()) 2180M(35%)->2180M(35%) 2.564s
[38.938s][info   ][gc          ] GC(18) Major Collection (System.gc())
[38.945s][info   ][gc,metaspace] GC(18) Y: Metaspace: 16M used, 17M committed, 3136M reserved
[38.952s][info   ][gc,metaspace] GC(18) Y: Metaspace: 16M used, 17M committed, 3136M reserved
[41.664s][info   ][gc,metaspace] GC(18) O: Metaspace: 16M used, 17M committed, 3136M reserved
[41.664s][info   ][gc          ] GC(18) Major Collection (System.gc()) 2180M(35%)->2180M(35%) 2.726s
[41.664s][info   ][gc          ] GC(19) Major Collection (System.gc())
[41.671s][info   ][gc,metaspace] GC(19) Y: Metaspace: 16M used, 17M committed, 3136M reserved
[41.678s][info   ][gc,metaspace] GC(19) Y: Metaspace: 16M used, 17M committed, 3136M reserved
[44.116s][info   ][gc,metaspace] GC(19) O: Metaspace: 16M used, 17M committed, 3136M reserved
[44.116s][info   ][gc          ] GC(19) Major Collection (System.gc()) 2180M(35%)->2180M(35%) 2.452s
[44.116s][info   ][gc          ] GC(20) Major Collection (System.gc())
[44.123s][info   ][gc,metaspace] GC(20) Y: Metaspace: 16M used, 17M committed, 3136M reserved
[44.130s][info   ][gc,metaspace] GC(20) Y: Metaspace: 16M used, 17M committed, 3136M reserved
[46.759s][info   ][gc,metaspace] GC(20) O: Metaspace: 16M used, 17M committed, 3136M reserved
[46.759s][info   ][gc          ] GC(20) Major Collection (System.gc()) 2180M(35%)->2180M(35%) 2.643s
[46.759s][info   ][gc          ] GC(21) Major Collection (System.gc())
[46.770s][info   ][gc,metaspace] GC(21) Y: Metaspace: 16M used, 17M committed, 3136M reserved
[46.777s][info   ][gc,metaspace] GC(21) Y: Metaspace: 16M used, 17M committed, 3136M reserved
[49.169s][info   ][gc,metaspace] GC(21) O: Metaspace: 16M used, 17M committed, 3136M reserved
[49.169s][info   ][gc          ] GC(21) Major Collection (System.gc()) 2180M(35%)->2180M(35%) 2.410s
[49.169s][info   ][gc          ] GC(22) Major Collection (System.gc())
[49.176s][info   ][gc,metaspace] GC(22) Y: Metaspace: 16M used, 17M committed, 3136M reserved
[49.183s][info   ][gc,metaspace] GC(22) Y: Metaspace: 16M used, 17M committed, 3136M reserved
[51.820s][info   ][gc,metaspace] GC(22) O: Metaspace: 16M used, 17M committed, 3136M reserved
[51.820s][info   ][gc          ] GC(22) Major Collection (System.gc()) 2180M(35%)->2180M(35%) 2.651s
[51.820s][info   ][gc          ] GC(23) Major Collection (System.gc())
[51.832s][info   ][gc,metaspace] GC(23) Y: Metaspace: 16M used, 17M committed, 3136M reserved
[51.840s][info   ][gc,metaspace] GC(23) Y: Metaspace: 16M used, 17M committed, 3136M reserved
[54.222s][info   ][gc,metaspace] GC(23) O: Metaspace: 16M used, 17M committed, 3136M reserved
[54.222s][info   ][gc          ] GC(23) Major Collection (System.gc()) 2180M(35%)->2180M(35%) 2.402s
[54.222s][info   ][gc          ] GC(24) Major Collection (System.gc())
[54.229s][info   ][gc,metaspace] GC(24) Y: Metaspace: 16M used, 17M committed, 3136M reserved
[54.236s][info   ][gc,metaspace] GC(24) Y: Metaspace: 16M used, 17M committed, 3136M reserved
[56.813s][info   ][gc,metaspace] GC(24) O: Metaspace: 16M used, 17M committed, 3136M reserved
[56.813s][info   ][gc          ] GC(24) Major Collection (System.gc()) 2180M(35%)->2180M(35%) 2.591s
[56.813s][info   ][gc          ] GC(25) Major Collection (System.gc())
[56.820s][info   ][gc,metaspace] GC(25) Y: Metaspace: 16M used, 17M committed, 3136M reserved
[56.826s][info   ][gc,metaspace] GC(25) Y: Metaspace: 16M used, 17M committed, 3136M reserved
[59.210s][info   ][gc,metaspace] GC(25) O: Metaspace: 16M used, 17M committed, 3136M reserved
[59.210s][info   ][gc          ] GC(25) Major Collection (System.gc()) 2180M(35%)->2180M(35%) 2.396s
[59.210s][info   ][gc          ] GC(26) Major Collection (System.gc())
[59.216s][info   ][gc,metaspace] GC(26) Y: Metaspace: 16M used, 17M committed, 3136M reserved
[59.223s][info   ][gc,metaspace] GC(26) Y: Metaspace: 16M used, 17M committed, 3136M reserved
[61.787s][info   ][gc,metaspace] GC(26) O: Metaspace: 16M used, 17M committed, 3136M reserved
[61.787s][info   ][gc          ] GC(26) Major Collection (System.gc()) 2180M(35%)->2180M(35%) 2.578s
[61.788s][info   ][gc          ] GC(27) Major Collection (System.gc())
[61.794s][info   ][gc,metaspace] GC(27) Y: Metaspace: 16M used, 17M committed, 3136M reserved
[61.801s][info   ][gc,metaspace] GC(27) Y: Metaspace: 16M used, 17M committed, 3136M reserved
[64.170s][info   ][gc,metaspace] GC(27) O: Metaspace: 16M used, 17M committed, 3136M reserved
[64.170s][info   ][gc          ] GC(27) Major Collection (System.gc()) 2180M(35%)->2182M(36%) 2.382s
[64.170s][info   ][gc          ] GC(28) Major Collection (System.gc())
[64.176s][info   ][gc,metaspace] GC(28) Y: Metaspace: 16M used, 17M committed, 3136M reserved
[64.183s][info   ][gc,metaspace] GC(28) Y: Metaspace: 16M used, 17M committed, 3136M reserved
[66.778s][info   ][gc,metaspace] GC(28) O: Metaspace: 16M used, 17M committed, 3136M reserved
[66.778s][info   ][gc          ] GC(28) Major Collection (System.gc()) 2182M(36%)->2182M(36%) 2.609s
[66.779s][info   ][gc          ] GC(29) Major Collection (System.gc())
[66.785s][info   ][gc,metaspace] GC(29) Y: Metaspace: 16M used, 17M committed, 3136M reserved
[66.792s][info   ][gc,metaspace] GC(29) Y: Metaspace: 16M used, 17M committed, 3136M reserved
[69.179s][info   ][gc,metaspace] GC(29) O: Metaspace: 16M used, 17M committed, 3136M reserved
[69.179s][info   ][gc          ] GC(29) Major Collection (System.gc()) 2182M(36%)->2182M(36%) 2.400s
[69.179s][info   ][gc          ] GC(30) Major Collection (System.gc())
[69.185s][info   ][gc,metaspace] GC(30) Y: Metaspace: 16M used, 17M committed, 3136M reserved
[69.193s][info   ][gc,metaspace] GC(30) Y: Metaspace: 16M used, 17M committed, 3136M reserved
[71.824s][info   ][gc,metaspace] GC(30) O: Metaspace: 16M used, 17M committed, 3136M reserved
[71.824s][info   ][gc          ] GC(30) Major Collection (System.gc()) 2182M(36%)->2182M(36%) 2.645s
[71.824s][info   ][gc          ] GC(31) Major Collection (System.gc())
[71.830s][info   ][gc,metaspace] GC(31) Y: Metaspace: 16M used, 17M committed, 3136M reserved
[71.837s][info   ][gc,metaspace] GC(31) Y: Metaspace: 16M used, 17M committed, 3136M reserved
[74.234s][info   ][gc,metaspace] GC(31) O: Metaspace: 16M used, 17M committed, 3136M reserved
[74.234s][info   ][gc          ] GC(31) Major Collection (System.gc()) 2182M(36%)->2182M(36%) 2.410s
[74.234s][info   ][gc          ] GC(32) Major Collection (System.gc())
[74.245s][info   ][gc,metaspace] GC(32) Y: Metaspace: 16M used, 17M committed, 3136M reserved
[74.252s][info   ][gc,metaspace] GC(32) Y: Metaspace: 16M used, 17M committed, 3136M reserved
[76.533s][info   ][gc,metaspace] GC(32) O: Metaspace: 16M used, 17M committed, 3136M reserved
[76.533s][info   ][gc          ] GC(32) Major Collection (System.gc()) 2182M(36%)->2182M(36%) 2.299s
[76.533s][info   ][gc          ] GC(33) Major Collection (System.gc())
[76.540s][info   ][gc,metaspace] GC(33) Y: Metaspace: 16M used, 17M committed, 3136M reserved
[76.547s][info   ][gc,metaspace] GC(33) Y: Metaspace: 16M used, 17M committed, 3136M reserved
[78.986s][info   ][gc,metaspace] GC(33) O: Metaspace: 16M used, 17M committed, 3136M reserved
[78.986s][info   ][gc          ] GC(33) Major Collection (System.gc()) 2182M(36%)->2182M(36%) 2.453s
[78.987s][info   ][gc          ] GC(34) Major Collection (System.gc())
[78.993s][info   ][gc,metaspace] GC(34) Y: Metaspace: 16M used, 17M committed, 3136M reserved
[79.000s][info   ][gc,metaspace] GC(34) Y: Metaspace: 16M used, 17M committed, 3136M reserved
[81.667s][info   ][gc,metaspace] GC(34) O: Metaspace: 16M used, 17M committed, 3136M reserved
[81.667s][info   ][gc          ] GC(34) Major Collection (System.gc()) 2182M(36%)->2182M(36%) 2.680s
[81.667s][info   ][gc          ] GC(35) Major Collection (System.gc())
[81.673s][info   ][gc,metaspace] GC(35) Y: Metaspace: 16M used, 17M committed, 3136M reserved
[81.680s][info   ][gc,metaspace] GC(35) Y: Metaspace: 16M used, 17M committed, 3136M reserved
[84.135s][info   ][gc,metaspace] GC(35) O: Metaspace: 16M used, 17M committed, 3136M reserved
[84.135s][info   ][gc          ] GC(35) Major Collection (System.gc()) 2182M(36%)->2182M(36%) 2.468s
[84.135s][info   ][gc          ] GC(36) Major Collection (System.gc())
[84.142s][info   ][gc,metaspace] GC(36) Y: Metaspace: 16M used, 17M committed, 3136M reserved
[84.149s][info   ][gc,metaspace] GC(36) Y: Metaspace: 16M used, 17M committed, 3136M reserved
[86.626s][info   ][gc,metaspace] GC(36) O: Metaspace: 16M used, 17M committed, 3136M reserved
[86.626s][info   ][gc          ] GC(36) Major Collection (System.gc()) 2182M(36%)->2182M(36%) 2.491s
[86.627s][info   ][gc          ] GC(37) Major Collection (System.gc())
[86.633s][info   ][gc,metaspace] GC(37) Y: Metaspace: 16M used, 17M committed, 3136M reserved
[86.640s][info   ][gc,metaspace] GC(37) Y: Metaspace: 16M used, 17M committed, 3136M reserved
[89.106s][info   ][gc,metaspace] GC(37) O: Metaspace: 16M used, 17M committed, 3136M reserved
[89.106s][info   ][gc          ] GC(37) Major Collection (System.gc()) 2182M(36%)->2182M(36%) 2.480s
[89.106s][info   ][gc          ] GC(38) Major Collection (System.gc())
[89.113s][info   ][gc,metaspace] GC(38) Y: Metaspace: 16M used, 17M committed, 3136M reserved
[89.120s][info   ][gc,metaspace] GC(38) Y: Metaspace: 16M used, 17M committed, 3136M reserved
[91.746s][info   ][gc,metaspace] GC(38) O: Metaspace: 16M used, 17M committed, 3136M reserved
[91.746s][info   ][gc          ] GC(38) Major Collection (System.gc()) 2182M(36%)->2182M(36%) 2.640s
[91.746s][info   ][gc          ] GC(39) Major Collection (System.gc())
[91.752s][info   ][gc,metaspace] GC(39) Y: Metaspace: 16M used, 17M committed, 3136M reserved
[91.760s][info   ][gc,metaspace] GC(39) Y: Metaspace: 16M used, 17M committed, 3136M reserved
[94.188s][info   ][gc,metaspace] GC(39) O: Metaspace: 16M used, 17M committed, 3136M reserved
[94.188s][info   ][gc          ] GC(39) Major Collection (System.gc()) 2182M(36%)->2182M(36%) 2.442s
[94.188s][info   ][gc          ] GC(40) Major Collection (System.gc())
[94.199s][info   ][gc,metaspace] GC(40) Y: Metaspace: 16M used, 17M committed, 3136M reserved
[94.206s][info   ][gc,metaspace] GC(40) Y: Metaspace: 16M used, 17M committed, 3136M reserved
[96.502s][info   ][gc,metaspace] GC(40) O: Metaspace: 16M used, 17M committed, 3136M reserved
[96.502s][info   ][gc          ] GC(40) Major Collection (System.gc()) 2182M(36%)->2182M(36%) 2.314s
[96.502s][info   ][gc          ] GC(41) Major Collection (System.gc())
[96.509s][info   ][gc,metaspace] GC(41) Y: Metaspace: 16M used, 17M committed, 3136M reserved
[96.516s][info   ][gc,metaspace] GC(41) Y: Metaspace: 16M used, 17M committed, 3136M reserved
[98.956s][info   ][gc,metaspace] GC(41) O: Metaspace: 16M used, 17M committed, 3136M reserved
[98.956s][info   ][gc          ] GC(41) Major Collection (System.gc()) 2182M(36%)->2182M(36%) 2.453s
[98.956s][info   ][gc          ] GC(42) Major Collection (System.gc())
[98.962s][info   ][gc,metaspace] GC(42) Y: Metaspace: 16M used, 17M committed, 3136M reserved
[98.968s][info   ][gc,metaspace] GC(42) Y: Metaspace: 16M used, 17M committed, 3136M reserved
[101.661s][info   ][gc,metaspace] GC(42) O: Metaspace: 16M used, 17M committed, 3136M reserved
[101.661s][info   ][gc          ] GC(42) Major Collection (System.gc()) 2182M(36%)->2182M(36%) 2.705s
[101.661s][info   ][gc          ] GC(43) Major Collection (System.gc())
[101.668s][info   ][gc,metaspace] GC(43) Y: Metaspace: 16M used, 17M committed, 3136M reserved
[101.675s][info   ][gc,metaspace] GC(43) Y: Metaspace: 16M used, 17M committed, 3136M reserved
[104.119s][info   ][gc,metaspace] GC(43) O: Metaspace: 16M used, 17M committed, 3136M reserved
[104.119s][info   ][gc          ] GC(43) Major Collection (System.gc()) 2182M(36%)->2182M(36%) 2.458s
[104.119s][info   ][gc          ] GC(44) Major Collection (System.gc())
[104.125s][info   ][gc,metaspace] GC(44) Y: Metaspace: 16M used, 17M committed, 3136M reserved
[104.133s][info   ][gc,metaspace] GC(44) Y: Metaspace: 16M used, 17M committed, 3136M reserved
[106.779s][info   ][gc,metaspace] GC(44) O: Metaspace: 16M used, 17M committed, 3136M reserved
[106.779s][info   ][gc          ] GC(44) Major Collection (System.gc()) 2182M(36%)->2182M(36%) 2.660s
[106.779s][info   ][gc          ] GC(45) Major Collection (System.gc())
[106.790s][info   ][gc,metaspace] GC(45) Y: Metaspace: 16M used, 17M committed, 3136M reserved
[106.797s][info   ][gc,metaspace] GC(45) Y: Metaspace: 16M used, 17M committed, 3136M reserved
[109.141s][info   ][gc,metaspace] GC(45) O: Metaspace: 16M used, 17M committed, 3136M reserved
[109.141s][info   ][gc          ] GC(45) Major Collection (System.gc()) 2182M(36%)->2182M(36%) 2.362s
[109.141s][info   ][gc          ] GC(46) Major Collection (System.gc())
[109.147s][info   ][gc,metaspace] GC(46) Y: Metaspace: 16M used, 17M committed, 3136M reserved
[109.155s][info   ][gc,metaspace] GC(46) Y: Metaspace: 16M used, 17M committed, 3136M reserved
[111.744s][info   ][gc,metaspace] GC(46) O: Metaspace: 16M used, 17M committed, 3136M reserved
[111.744s][info   ][gc          ] GC(46) Major Collection (System.gc()) 2182M(36%)->2182M(36%) 2.603s
[111.744s][info   ][gc          ] GC(47) Major Collection (System.gc())
[111.751s][info   ][gc,metaspace] GC(47) Y: Metaspace: 16M used, 17M committed, 3136M reserved
[111.758s][info   ][gc,metaspace] GC(47) Y: Metaspace: 16M used, 17M committed, 3136M reserved
[114.149s][info   ][gc,metaspace] GC(47) O: Metaspace: 16M used, 17M committed, 3136M reserved
[114.149s][info   ][gc          ] GC(47) Major Collection (System.gc()) 2182M(36%)->2182M(36%) 2.405s
[114.150s][info   ][gc          ] GC(48) Major Collection (System.gc())
[114.156s][info   ][gc,metaspace] GC(48) Y: Metaspace: 16M used, 17M committed, 3136M reserved
[114.163s][info   ][gc,metaspace] GC(48) Y: Metaspace: 16M used, 17M committed, 3136M reserved
[116.763s][info   ][gc,metaspace] GC(48) O: Metaspace: 16M used, 17M committed, 3136M reserved
[116.763s][info   ][gc          ] GC(48) Major Collection (System.gc()) 2182M(36%)->2182M(36%) 2.613s
[116.763s][info   ][gc          ] GC(49) Major Collection (System.gc())
[116.769s][info   ][gc,metaspace] GC(49) Y: Metaspace: 16M used, 17M committed, 3136M reserved
[116.776s][info   ][gc,metaspace] GC(49) Y: Metaspace: 16M used, 17M committed, 3136M reserved
[119.117s][info   ][gc,metaspace] GC(49) O: Metaspace: 16M used, 17M committed, 3136M reserved
[119.117s][info   ][gc          ] GC(49) Major Collection (System.gc()) 2182M(36%)->2182M(36%) 2.354s
[119.117s][info   ][gc          ] GC(50) Major Collection (System.gc())
[119.123s][info   ][gc,metaspace] GC(50) Y: Metaspace: 16M used, 17M committed, 3136M reserved
[119.129s][info   ][gc,metaspace] GC(50) Y: Metaspace: 16M used, 17M committed, 3136M reserved
[121.724s][info   ][gc,metaspace] GC(50) O: Metaspace: 16M used, 17M committed, 3136M reserved
[121.724s][info   ][gc          ] GC(50) Major Collection (System.gc()) 2182M(36%)->2182M(36%) 2.607s
[121.724s][info   ][gc          ] GC(51) Major Collection (System.gc())
[121.731s][info   ][gc,metaspace] GC(51) Y: Metaspace: 16M used, 17M committed, 3136M reserved
[121.738s][info   ][gc,metaspace] GC(51) Y: Metaspace: 16M used, 17M committed, 3136M reserved
[124.118s][info   ][gc,metaspace] GC(51) O: Metaspace: 16M used, 17M committed, 3136M reserved
[124.118s][info   ][gc          ] GC(51) Major Collection (System.gc()) 2182M(36%)->2184M(36%) 2.394s
[124.118s][info   ][gc          ] GC(52) Major Collection (System.gc())
[124.129s][info   ][gc,metaspace] GC(52) Y: Metaspace: 16M used, 17M committed, 3136M reserved
[124.137s][info   ][gc,metaspace] GC(52) Y: Metaspace: 16M used, 17M committed, 3136M reserved
[126.461s][info   ][gc,metaspace] GC(52) O: Metaspace: 16M used, 17M committed, 3136M reserved
[126.461s][info   ][gc          ] GC(52) Major Collection (System.gc()) 2184M(36%)->2182M(36%) 2.343s
[126.462s][info   ][gc          ] GC(53) Major Collection (System.gc())
[126.468s][info   ][gc,metaspace] GC(53) Y: Metaspace: 16M used, 17M committed, 3136M reserved
[126.475s][info   ][gc,metaspace] GC(53) Y: Metaspace: 16M used, 17M committed, 3136M reserved
[128.859s][info   ][gc,metaspace] GC(53) O: Metaspace: 16M used, 17M committed, 3136M reserved
[128.859s][info   ][gc          ] GC(53) Major Collection (System.gc()) 2182M(36%)->2182M(36%) 2.397s
[128.859s][info   ][gc          ] GC(54) Major Collection (System.gc())
[128.865s][info   ][gc,metaspace] GC(54) Y: Metaspace: 16M used, 17M committed, 3136M reserved
[128.872s][info   ][gc,metaspace] GC(54) Y: Metaspace: 16M used, 17M committed, 3136M reserved
[131.236s][info   ][gc,metaspace] GC(54) O: Metaspace: 16M used, 17M committed, 3136M reserved
[131.236s][info   ][gc          ] GC(54) Major Collection (System.gc()) 2182M(36%)->2182M(36%) 2.378s
[131.237s][info   ][gc          ] GC(55) Major Collection (System.gc())
[131.243s][info   ][gc,metaspace] GC(55) Y: Metaspace: 16M used, 17M committed, 3136M reserved
[131.250s][info   ][gc,metaspace] GC(55) Y: Metaspace: 16M used, 17M committed, 3136M reserved
[133.846s][info   ][gc,metaspace] GC(55) O: Metaspace: 16M used, 17M committed, 3136M reserved
[133.846s][info   ][gc          ] GC(55) Major Collection (System.gc()) 2182M(36%)->2182M(36%) 2.609s
[133.846s][info   ][gc          ] GC(56) Major Collection (System.gc())
[133.853s][info   ][gc,metaspace] GC(56) Y: Metaspace: 16M used, 17M committed, 3136M reserved
[133.860s][info   ][gc,metaspace] GC(56) Y: Metaspace: 16M used, 17M committed, 3136M reserved
[136.203s][info   ][gc,metaspace] GC(56) O: Metaspace: 16M used, 17M committed, 3136M reserved
[136.203s][info   ][gc          ] GC(56) Major Collection (System.gc()) 2182M(36%)->2182M(36%) 2.357s
[136.203s][info   ][gc          ] GC(57) Major Collection (System.gc())
[136.210s][info   ][gc,metaspace] GC(57) Y: Metaspace: 16M used, 17M committed, 3136M reserved
[136.217s][info   ][gc,metaspace] GC(57) Y: Metaspace: 16M used, 17M committed, 3136M reserved
[138.679s][info   ][gc,metaspace] GC(57) O: Metaspace: 16M used, 17M committed, 3136M reserved
[138.679s][info   ][gc          ] GC(57) Major Collection (System.gc()) 2182M(36%)->2182M(36%) 2.476s
[138.679s][info   ][gc          ] GC(58) Major Collection (System.gc())
[138.686s][info   ][gc,metaspace] GC(58) Y: Metaspace: 16M used, 17M committed, 3136M reserved
[138.693s][info   ][gc,metaspace] GC(58) Y: Metaspace: 16M used, 17M committed, 3136M reserved
[141.151s][info   ][gc,metaspace] GC(58) O: Metaspace: 16M used, 17M committed, 3136M reserved
[141.151s][info   ][gc          ] GC(58) Major Collection (System.gc()) 2182M(36%)->2182M(36%) 2.472s
[141.151s][info   ][gc          ] GC(59) Major Collection (System.gc())
[141.158s][info   ][gc,metaspace] GC(59) Y: Metaspace: 16M used, 17M committed, 3136M reserved
[141.166s][info   ][gc,metaspace] GC(59) Y: Metaspace: 16M used, 17M committed, 3136M reserved
[143.593s][info   ][gc,metaspace] GC(59) O: Metaspace: 16M used, 17M committed, 3136M reserved
[143.593s][info   ][gc          ] GC(59) Major Collection (System.gc()) 2182M(36%)->2182M(36%) 2.442s
[143.593s][info   ][gc          ] GC(60) Major Collection (System.gc())
[143.600s][info   ][gc,metaspace] GC(60) Y: Metaspace: 16M used, 17M committed, 3136M reserved
[143.607s][info   ][gc,metaspace] GC(60) Y: Metaspace: 16M used, 17M committed, 3136M reserved
[145.998s][info   ][gc,metaspace] GC(60) O: Metaspace: 16M used, 17M committed, 3136M reserved
[145.998s][info   ][gc          ] GC(60) Major Collection (System.gc()) 2182M(36%)->2182M(36%) 2.405s
[145.998s][info   ][gc          ] GC(61) Major Collection (System.gc())
[146.005s][info   ][gc,metaspace] GC(61) Y: Metaspace: 16M used, 17M committed, 3136M reserved
[146.011s][info   ][gc,metaspace] GC(61) Y: Metaspace: 16M used, 17M committed, 3136M reserved
[148.671s][info   ][gc,metaspace] GC(61) O: Metaspace: 16M used, 17M committed, 3136M reserved
[148.671s][info   ][gc          ] GC(61) Major Collection (System.gc()) 2182M(36%)->2182M(36%) 2.673s
[148.672s][info   ][gc          ] GC(62) Major Collection (System.gc())
[148.678s][info   ][gc,metaspace] GC(62) Y: Metaspace: 16M used, 17M committed, 3136M reserved
[148.685s][info   ][gc,metaspace] GC(62) Y: Metaspace: 16M used, 17M committed, 3136M reserved
[151.121s][info   ][gc,metaspace] GC(62) O: Metaspace: 16M used, 17M committed, 3136M reserved
[151.121s][info   ][gc          ] GC(62) Major Collection (System.gc()) 2182M(36%)->2182M(36%) 2.449s
[151.121s][info   ][gc          ] GC(63) Major Collection (System.gc())
[151.132s][info   ][gc,metaspace] GC(63) Y: Metaspace: 16M used, 17M committed, 3136M reserved
[151.139s][info   ][gc,metaspace] GC(63) Y: Metaspace: 16M used, 17M committed, 3136M reserved
[153.452s][info   ][gc,metaspace] GC(63) O: Metaspace: 16M used, 17M committed, 3136M reserved
[153.453s][info   ][gc          ] GC(63) Major Collection (System.gc()) 2182M(36%)->2182M(36%) 2.332s
[153.453s][info   ][gc          ] GC(64) Major Collection (System.gc())
[153.459s][info   ][gc,metaspace] GC(64) Y: Metaspace: 16M used, 17M committed, 3136M reserved
[153.467s][info   ][gc,metaspace] GC(64) Y: Metaspace: 16M used, 17M committed, 3136M reserved
[155.860s][info   ][gc,metaspace] GC(64) O: Metaspace: 16M used, 17M committed, 3136M reserved
[155.860s][info   ][gc          ] GC(64) Major Collection (System.gc()) 2182M(36%)->2182M(36%) 2.407s
[155.860s][info   ][gc          ] GC(65) Major Collection (System.gc())
[155.866s][info   ][gc,metaspace] GC(65) Y: Metaspace: 16M used, 17M committed, 3136M reserved
[155.874s][info   ][gc,metaspace] GC(65) Y: Metaspace: 16M used, 17M committed, 3136M reserved
[158.221s][info   ][gc,metaspace] GC(65) O: Metaspace: 16M used, 17M committed, 3136M reserved
[158.221s][info   ][gc          ] GC(65) Major Collection (System.gc()) 2182M(36%)->2182M(36%) 2.360s
After GCs... 
