Done; will start GCs... 
[3.722s][info][gc,metaspace] GC(1) Metaspace: 21367K(21696K)->21367K(21696K) NonClass: 17625K(17792K)->17625K(17792K) Class: 3741K(3904K)->3741K(3904K)
[3.722s][info][gc          ] GC(1) Pause Full (System.gc()) 873M->770M(5888M) 615.876ms
[4.081s][info][gc,metaspace] GC(2) Metaspace: 21367K(21696K)->21367K(21696K) NonClass: 17625K(17792K)->17625K(17792K) Class: 3741K(3904K)->3741K(3904K)
[4.081s][info][gc          ] GC(2) Pause Full (System.gc()) 770M->770M(5888M) 358.812ms
[4.436s][info][gc,metaspace] GC(3) Metaspace: 21367K(21696K)->21367K(21696K) NonClass: 17625K(17792K)->17625K(17792K) Class: 3741K(3904K)->3741K(3904K)
[4.437s][info][gc          ] GC(3) Pause Full (System.gc()) 770M->770M(5888M) 355.376ms
[4.798s][info][gc,metaspace] GC(4) Metaspace: 21367K(21696K)->21367K(21696K) NonClass: 17625K(17792K)->17625K(17792K) Class: 3741K(3904K)->3741K(3904K)
[4.798s][info][gc          ] GC(4) Pause Full (System.gc()) 770M->770M(5888M) 361.575ms
[5.174s][info][gc,metaspace] GC(5) Metaspace: 21367K(21696K)->21367K(21696K) NonClass: 17625K(17792K)->17625K(17792K) Class: 3741K(3904K)->3741K(3904K)
[5.174s][info][gc          ] GC(5) Pause Full (System.gc()) 770M->770M(5888M) 376.262ms
[5.536s][info][gc,metaspace] GC(6) Metaspace: 21367K(21696K)->21367K(21696K) NonClass: 17625K(17792K)->17625K(17792K) Class: 3741K(3904K)->3741K(3904K)
[5.536s][info][gc          ] GC(6) Pause Full (System.gc()) 770M->770M(5888M) 361.228ms
[5.897s][info][gc,metaspace] GC(7) Metaspace: 21367K(21696K)->21367K(21696K) NonClass: 17625K(17792K)->17625K(17792K) Class: 3741K(3904K)->3741K(3904K)
[5.897s][info][gc          ] GC(7) Pause Full (System.gc()) 770M->770M(5888M) 361.102ms
[6.277s][info][gc,metaspace] GC(8) Metaspace: 21367K(21696K)->21367K(21696K) NonClass: 17625K(17792K)->17625K(17792K) Class: 3741K(3904K)->3741K(3904K)
[6.277s][info][gc          ] GC(8) Pause Full (System.gc()) 770M->770M(5888M) 379.667ms
[6.640s][info][gc,metaspace] GC(9) Metaspace: 21367K(21696K)->21367K(21696K) NonClass: 17625K(17792K)->17625K(17792K) Class: 3741K(3904K)->3741K(3904K)
[6.640s][info][gc          ] GC(9) Pause Full (System.gc()) 770M->770M(5888M) 363.250ms
[7.010s][info][gc,metaspace] GC(10) Metaspace: 21367K(21696K)->21367K(21696K) NonClass: 17625K(17792K)->17625K(17792K) Class: 3741K(3904K)->3741K(3904K)
[7.010s][info][gc          ] GC(10) Pause Full (System.gc()) 770M->770M(5888M) 369.527ms
[7.366s][info][gc,metaspace] GC(11) Metaspace: 21367K(21696K)->21367K(21696K) NonClass: 17625K(17792K)->17625K(17792K) Class: 3741K(3904K)->3741K(3904K)
[7.366s][info][gc          ] GC(11) Pause Full (System.gc()) 770M->770M(5888M) 356.209ms
[7.732s][info][gc,metaspace] GC(12) Metaspace: 21367K(21696K)->21367K(21696K) NonClass: 17625K(17792K)->17625K(17792K) Class: 3741K(3904K)->3741K(3904K)
[7.732s][info][gc          ] GC(12) Pause Full (System.gc()) 770M->770M(5888M) 365.560ms
[8.099s][info][gc,metaspace] GC(13) Metaspace: 21367K(21696K)->21367K(21696K) NonClass: 17625K(17792K)->17625K(17792K) Class: 3741K(3904K)->3741K(3904K)
[8.099s][info][gc          ] GC(13) Pause Full (System.gc()) 770M->770M(5888M) 367.215ms
[8.455s][info][gc,metaspace] GC(14) Metaspace: 21367K(21696K)->21367K(21696K) NonClass: 17625K(17792K)->17625K(17792K) Class: 3741K(3904K)->3741K(3904K)
[8.455s][info][gc          ] GC(14) Pause Full (System.gc()) 770M->770M(5888M) 356.016ms
[8.813s][info][gc,metaspace] GC(15) Metaspace: 21367K(21696K)->21367K(21696K) NonClass: 17625K(17792K)->17625K(17792K) Class: 3741K(3904K)->3741K(3904K)
[8.813s][info][gc          ] GC(15) Pause Full (System.gc()) 770M->770M(5888M) 358.076ms
[9.176s][info][gc,metaspace] GC(16) Metaspace: 21367K(21696K)->21367K(21696K) NonClass: 17625K(17792K)->17625K(17792K) Class: 3741K(3904K)->3741K(3904K)
[9.176s][info][gc          ] GC(16) Pause Full (System.gc()) 770M->770M(5888M) 362.785ms
[9.537s][info][gc,metaspace] GC(17) Metaspace: 21367K(21696K)->21367K(21696K) NonClass: 17625K(17792K)->17625K(17792K) Class: 3741K(3904K)->3741K(3904K)
[9.537s][info][gc          ] GC(17) Pause Full (System.gc()) 770M->770M(5888M) 360.840ms
[9.892s][info][gc,metaspace] GC(18) Metaspace: 21367K(21696K)->21367K(21696K) NonClass: 17625K(17792K)->17625K(17792K) Class: 3741K(3904K)->3741K(3904K)
[9.892s][info][gc          ] GC(18) Pause Full (System.gc()) 770M->770M(5888M) 355.299ms
[10.264s][info][gc,metaspace] GC(19) Metaspace: 21367K(21696K)->21367K(21696K) NonClass: 17625K(17792K)->17625K(17792K) Class: 3741K(3904K)->3741K(3904K)
[10.264s][info][gc          ] GC(19) Pause Full (System.gc()) 770M->770M(5888M) 367.831ms
[10.621s][info][gc,metaspace] GC(20) Metaspace: 21367K(21696K)->21367K(21696K) NonClass: 17625K(17792K)->17625K(17792K) Class: 3741K(3904K)->3741K(3904K)
[10.621s][info][gc          ] GC(20) Pause Full (System.gc()) 770M->770M(5888M) 356.748ms
[11.058s][info][gc,metaspace] GC(21) Metaspace: 21367K(21696K)->21367K(21696K) NonClass: 17625K(17792K)->17625K(17792K) Class: 3741K(3904K)->3741K(3904K)
[11.058s][info][gc          ] GC(21) Pause Full (System.gc()) 770M->770M(5888M) 437.071ms
[11.421s][info][gc,metaspace] GC(22) Metaspace: 21367K(21696K)->21367K(21696K) NonClass: 17625K(17792K)->17625K(17792K) Class: 3741K(3904K)->3741K(3904K)
[11.421s][info][gc          ] GC(22) Pause Full (System.gc()) 770M->770M(5888M) 362.869ms
[11.781s][info][gc,metaspace] GC(23) Metaspace: 21367K(21696K)->21367K(21696K) NonClass: 17625K(17792K)->17625K(17792K) Class: 3741K(3904K)->3741K(3904K)
[11.781s][info][gc          ] GC(23) Pause Full (System.gc()) 770M->770M(5888M) 359.376ms
[12.177s][info][gc,metaspace] GC(24) Metaspace: 21367K(21696K)->21367K(21696K) NonClass: 17625K(17792K)->17625K(17792K) Class: 3741K(3904K)->3741K(3904K)
[12.177s][info][gc          ] GC(24) Pause Full (System.gc()) 770M->770M(5888M) 395.939ms
[12.541s][info][gc,metaspace] GC(25) Metaspace: 21367K(21696K)->21367K(21696K) NonClass: 17625K(17792K)->17625K(17792K) Class: 3741K(3904K)->3741K(3904K)
[12.541s][info][gc          ] GC(25) Pause Full (System.gc()) 770M->770M(5888M) 363.894ms
[12.900s][info][gc,metaspace] GC(26) Metaspace: 21367K(21696K)->21367K(21696K) NonClass: 17625K(17792K)->17625K(17792K) Class: 3741K(3904K)->3741K(3904K)
[12.900s][info][gc          ] GC(26) Pause Full (System.gc()) 770M->770M(5888M) 359.409ms
[13.274s][info][gc,metaspace] GC(27) Metaspace: 21367K(21696K)->21367K(21696K) NonClass: 17625K(17792K)->17625K(17792K) Class: 3741K(3904K)->3741K(3904K)
[13.274s][info][gc          ] GC(27) Pause Full (System.gc()) 770M->770M(5888M) 373.675ms
[13.646s][info][gc,metaspace] GC(28) Metaspace: 21367K(21696K)->21367K(21696K) NonClass: 17625K(17792K)->17625K(17792K) Class: 3741K(3904K)->3741K(3904K)
[13.646s][info][gc          ] GC(28) Pause Full (System.gc()) 770M->770M(5888M) 371.647ms
[14.037s][info][gc,metaspace] GC(29) Metaspace: 21367K(21696K)->21367K(21696K) NonClass: 17625K(17792K)->17625K(17792K) Class: 3741K(3904K)->3741K(3904K)
[14.037s][info][gc          ] GC(29) Pause Full (System.gc()) 770M->770M(5888M) 391.014ms
[14.391s][info][gc,metaspace] GC(30) Metaspace: 21367K(21696K)->21367K(21696K) NonClass: 17625K(17792K)->17625K(17792K) Class: 3741K(3904K)->3741K(3904K)
[14.391s][info][gc          ] GC(30) Pause Full (System.gc()) 770M->770M(5888M) 354.588ms
[14.748s][info][gc,metaspace] GC(31) Metaspace: 21367K(21696K)->21367K(21696K) NonClass: 17625K(17792K)->17625K(17792K) Class: 3741K(3904K)->3741K(3904K)
[14.748s][info][gc          ] GC(31) Pause Full (System.gc()) 770M->770M(5888M) 356.791ms
[15.154s][info][gc,metaspace] GC(32) Metaspace: 21367K(21696K)->21367K(21696K) NonClass: 17625K(17792K)->17625K(17792K) Class: 3741K(3904K)->3741K(3904K)
[15.154s][info][gc          ] GC(32) Pause Full (System.gc()) 770M->770M(5888M) 405.854ms
[15.520s][info][gc,metaspace] GC(33) Metaspace: 21367K(21696K)->21367K(21696K) NonClass: 17625K(17792K)->17625K(17792K) Class: 3741K(3904K)->3741K(3904K)
[15.520s][info][gc          ] GC(33) Pause Full (System.gc()) 770M->770M(5888M) 361.679ms
[15.881s][info][gc,metaspace] GC(34) Metaspace: 21367K(21696K)->21367K(21696K) NonClass: 17625K(17792K)->17625K(17792K) Class: 3741K(3904K)->3741K(3904K)
[15.881s][info][gc          ] GC(34) Pause Full (System.gc()) 770M->770M(5888M) 360.287ms
[16.247s][info][gc,metaspace] GC(35) Metaspace: 21367K(21696K)->21367K(21696K) NonClass: 17625K(17792K)->17625K(17792K) Class: 3741K(3904K)->3741K(3904K)
[16.247s][info][gc          ] GC(35) Pause Full (System.gc()) 770M->770M(5888M) 366.496ms
[16.603s][info][gc,metaspace] GC(36) Metaspace: 21367K(21696K)->21367K(21696K) NonClass: 17625K(17792K)->17625K(17792K) Class: 3741K(3904K)->3741K(3904K)
[16.603s][info][gc          ] GC(36) Pause Full (System.gc()) 770M->770M(5888M) 355.895ms
[16.998s][info][gc,metaspace] GC(37) Metaspace: 21367K(21696K)->21367K(21696K) NonClass: 17625K(17792K)->17625K(17792K) Class: 3741K(3904K)->3741K(3904K)
[16.998s][info][gc          ] GC(37) Pause Full (System.gc()) 770M->770M(5888M) 394.503ms
[17.361s][info][gc,metaspace] GC(38) Metaspace: 21367K(21696K)->21367K(21696K) NonClass: 17625K(17792K)->17625K(17792K) Class: 3741K(3904K)->3741K(3904K)
[17.361s][info][gc          ] GC(38) Pause Full (System.gc()) 770M->770M(5888M) 363.136ms
[17.735s][info][gc,metaspace] GC(39) Metaspace: 21367K(21696K)->21367K(21696K) NonClass: 17625K(17792K)->17625K(17792K) Class: 3741K(3904K)->3741K(3904K)
[17.735s][info][gc          ] GC(39) Pause Full (System.gc()) 770M->770M(5888M) 374.111ms
[18.136s][info][gc,metaspace] GC(40) Metaspace: 21367K(21696K)->21367K(21696K) NonClass: 17625K(17792K)->17625K(17792K) Class: 3741K(3904K)->3741K(3904K)
[18.136s][info][gc          ] GC(40) Pause Full (System.gc()) 770M->770M(5888M) 400.897ms
[18.495s][info][gc,metaspace] GC(41) Metaspace: 21367K(21696K)->21367K(21696K) NonClass: 17625K(17792K)->17625K(17792K) Class: 3741K(3904K)->3741K(3904K)
[18.495s][info][gc          ] GC(41) Pause Full (System.gc()) 770M->770M(5888M) 358.621ms
[18.849s][info][gc,metaspace] GC(42) Metaspace: 21367K(21696K)->21367K(21696K) NonClass: 17625K(17792K)->17625K(17792K) Class: 3741K(3904K)->3741K(3904K)
[18.849s][info][gc          ] GC(42) Pause Full (System.gc()) 770M->770M(5888M) 354.182ms
[19.220s][info][gc,metaspace] GC(43) Metaspace: 21367K(21696K)->21367K(21696K) NonClass: 17625K(17792K)->17625K(17792K) Class: 3741K(3904K)->3741K(3904K)
[19.220s][info][gc          ] GC(43) Pause Full (System.gc()) 770M->770M(5888M) 370.709ms
[19.584s][info][gc,metaspace] GC(44) Metaspace: 21367K(21696K)->21367K(21696K) NonClass: 17625K(17792K)->17625K(17792K) Class: 3741K(3904K)->3741K(3904K)
[19.584s][info][gc          ] GC(44) Pause Full (System.gc()) 770M->770M(5888M) 364.291ms
[20.040s][info][gc,metaspace] GC(45) Metaspace: 21367K(21696K)->21367K(21696K) NonClass: 17625K(17792K)->17625K(17792K) Class: 3741K(3904K)->3741K(3904K)
[20.040s][info][gc          ] GC(45) Pause Full (System.gc()) 770M->770M(5888M) 455.807ms
[20.409s][info][gc,metaspace] GC(46) Metaspace: 21367K(21696K)->21367K(21696K) NonClass: 17625K(17792K)->17625K(17792K) Class: 3741K(3904K)->3741K(3904K)
[20.410s][info][gc          ] GC(46) Pause Full (System.gc()) 770M->770M(5888M) 369.476ms
[20.770s][info][gc,metaspace] GC(47) Metaspace: 21367K(21696K)->21367K(21696K) NonClass: 17625K(17792K)->17625K(17792K) Class: 3741K(3904K)->3741K(3904K)
[20.770s][info][gc          ] GC(47) Pause Full (System.gc()) 770M->770M(5888M) 360.501ms
[21.132s][info][gc,metaspace] GC(48) Metaspace: 21367K(21696K)->21367K(21696K) NonClass: 17625K(17792K)->17625K(17792K) Class: 3741K(3904K)->3741K(3904K)
[21.132s][info][gc          ] GC(48) Pause Full (System.gc()) 770M->770M(5888M) 362.002ms
[21.495s][info][gc,metaspace] GC(49) Metaspace: 21367K(21696K)->21367K(21696K) NonClass: 17625K(17792K)->17625K(17792K) Class: 3741K(3904K)->3741K(3904K)
[21.495s][info][gc          ] GC(49) Pause Full (System.gc()) 770M->770M(5888M) 362.877ms
[21.850s][info][gc,metaspace] GC(50) Metaspace: 21367K(21696K)->21367K(21696K) NonClass: 17625K(17792K)->17625K(17792K) Class: 3741K(3904K)->3741K(3904K)
[21.850s][info][gc          ] GC(50) Pause Full (System.gc()) 770M->770M(5888M) 355.193ms
[22.229s][info][gc,metaspace] GC(51) Metaspace: 21367K(21696K)->21367K(21696K) NonClass: 17625K(17792K)->17625K(17792K) Class: 3741K(3904K)->3741K(3904K)
[22.229s][info][gc          ] GC(51) Pause Full (System.gc()) 770M->770M(5888M) 378.947ms
[22.588s][info][gc,metaspace] GC(52) Metaspace: 21367K(21696K)->21367K(21696K) NonClass: 17625K(17792K)->17625K(17792K) Class: 3741K(3904K)->3741K(3904K)
[22.588s][info][gc          ] GC(52) Pause Full (System.gc()) 770M->770M(5888M) 358.725ms
[22.987s][info][gc,metaspace] GC(53) Metaspace: 21367K(21696K)->21367K(21696K) NonClass: 17625K(17792K)->17625K(17792K) Class: 3741K(3904K)->3741K(3904K)
[22.987s][info][gc          ] GC(53) Pause Full (System.gc()) 770M->770M(5888M) 398.988ms
[23.350s][info][gc,metaspace] GC(54) Metaspace: 21367K(21696K)->21367K(21696K) NonClass: 17625K(17792K)->17625K(17792K) Class: 3741K(3904K)->3741K(3904K)
[23.351s][info][gc          ] GC(54) Pause Full (System.gc()) 770M->770M(5888M) 363.230ms
[23.717s][info][gc,metaspace] GC(55) Metaspace: 21367K(21696K)->21367K(21696K) NonClass: 17625K(17792K)->17625K(17792K) Class: 3741K(3904K)->3741K(3904K)
[23.717s][info][gc          ] GC(55) Pause Full (System.gc()) 770M->770M(5888M) 366.250ms
[24.085s][info][gc,metaspace] GC(56) Metaspace: 21367K(21696K)->21367K(21696K) NonClass: 17625K(17792K)->17625K(17792K) Class: 3741K(3904K)->3741K(3904K)
[24.085s][info][gc          ] GC(56) Pause Full (System.gc()) 770M->770M(5888M) 367.896ms
[24.443s][info][gc,metaspace] GC(57) Metaspace: 21367K(21696K)->21367K(21696K) NonClass: 17625K(17792K)->17625K(17792K) Class: 3741K(3904K)->3741K(3904K)
[24.444s][info][gc          ] GC(57) Pause Full (System.gc()) 770M->770M(5888M) 358.689ms
[24.797s][info][gc,metaspace] GC(58) Metaspace: 21367K(21696K)->21367K(21696K) NonClass: 17625K(17792K)->17625K(17792K) Class: 3741K(3904K)->3741K(3904K)
[24.797s][info][gc          ] GC(58) Pause Full (System.gc()) 770M->770M(5888M) 353.229ms
[25.192s][info][gc,metaspace] GC(59) Metaspace: 21367K(21696K)->21367K(21696K) NonClass: 17625K(17792K)->17625K(17792K) Class: 3741K(3904K)->3741K(3904K)
[25.192s][info][gc          ] GC(59) Pause Full (System.gc()) 770M->770M(5888M) 395.052ms
[25.549s][info][gc,metaspace] GC(60) Metaspace: 21367K(21696K)->21367K(21696K) NonClass: 17625K(17792K)->17625K(17792K) Class: 3741K(3904K)->3741K(3904K)
[25.549s][info][gc          ] GC(60) Pause Full (System.gc()) 770M->770M(5888M) 356.736ms
[25.962s][info][gc,metaspace] GC(61) Metaspace: 21367K(21696K)->21367K(21696K) NonClass: 17625K(17792K)->17625K(17792K) Class: 3741K(3904K)->3741K(3904K)
[25.962s][info][gc          ] GC(61) Pause Full (System.gc()) 770M->770M(5888M) 408.663ms
[26.323s][info][gc,metaspace] GC(62) Metaspace: 21367K(21696K)->21367K(21696K) NonClass: 17625K(17792K)->17625K(17792K) Class: 3741K(3904K)->3741K(3904K)
[26.323s][info][gc          ] GC(62) Pause Full (System.gc()) 770M->770M(5888M) 361.476ms
[26.681s][info][gc,metaspace] GC(63) Metaspace: 21367K(21696K)->21367K(21696K) NonClass: 17625K(17792K)->17625K(17792K) Class: 3741K(3904K)->3741K(3904K)
[26.681s][info][gc          ] GC(63) Pause Full (System.gc()) 770M->770M(5888M) 358.115ms
[27.058s][info][gc,metaspace] GC(64) Metaspace: 21367K(21696K)->21367K(21696K) NonClass: 17625K(17792K)->17625K(17792K) Class: 3741K(3904K)->3741K(3904K)
[27.058s][info][gc          ] GC(64) Pause Full (System.gc()) 770M->770M(5888M) 376.406ms
[27.417s][info][gc,metaspace] GC(65) Metaspace: 21367K(21696K)->21367K(21696K) NonClass: 17625K(17792K)->17625K(17792K) Class: 3741K(3904K)->3741K(3904K)
[27.417s][info][gc          ] GC(65) Pause Full (System.gc()) 770M->770M(5888M) 358.860ms
[27.775s][info][gc,metaspace] GC(66) Metaspace: 21367K(21696K)->21367K(21696K) NonClass: 17625K(17792K)->17625K(17792K) Class: 3741K(3904K)->3741K(3904K)
[27.775s][info][gc          ] GC(66) Pause Full (System.gc()) 770M->770M(5888M) 357.978ms
[28.138s][info][gc,metaspace] GC(67) Metaspace: 21367K(21696K)->21367K(21696K) NonClass: 17625K(17792K)->17625K(17792K) Class: 3741K(3904K)->3741K(3904K)
[28.138s][info][gc          ] GC(67) Pause Full (System.gc()) 770M->770M(5888M) 363.338ms
[28.497s][info][gc,metaspace] GC(68) Metaspace: 21367K(21696K)->21367K(21696K) NonClass: 17625K(17792K)->17625K(17792K) Class: 3741K(3904K)->3741K(3904K)
[28.497s][info][gc          ] GC(68) Pause Full (System.gc()) 770M->770M(5888M) 358.153ms
[28.860s][info][gc,metaspace] GC(69) Metaspace: 21367K(21696K)->21367K(21696K) NonClass: 17625K(17792K)->17625K(17792K) Class: 3741K(3904K)->3741K(3904K)
[28.860s][info][gc          ] GC(69) Pause Full (System.gc()) 770M->770M(5888M) 363.537ms
[29.252s][info][gc,metaspace] GC(70) Metaspace: 21367K(21696K)->21367K(21696K) NonClass: 17625K(17792K)->17625K(17792K) Class: 3741K(3904K)->3741K(3904K)
[29.252s][info][gc          ] GC(70) Pause Full (System.gc()) 770M->770M(5888M) 391.813ms
[29.613s][info][gc,metaspace] GC(71) Metaspace: 21367K(21696K)->21367K(21696K) NonClass: 17625K(17792K)->17625K(17792K) Class: 3741K(3904K)->3741K(3904K)
[29.613s][info][gc          ] GC(71) Pause Full (System.gc()) 770M->770M(5888M) 360.832ms
[30.008s][info][gc,metaspace] GC(72) Metaspace: 21367K(21696K)->21367K(21696K) NonClass: 17625K(17792K)->17625K(17792K) Class: 3741K(3904K)->3741K(3904K)
[30.008s][info][gc          ] GC(72) Pause Full (System.gc()) 770M->770M(5888M) 395.116ms
[30.373s][info][gc,metaspace] GC(73) Metaspace: 21367K(21696K)->21367K(21696K) NonClass: 17625K(17792K)->17625K(17792K) Class: 3741K(3904K)->3741K(3904K)
[30.374s][info][gc          ] GC(73) Pause Full (System.gc()) 770M->770M(5888M) 365.315ms
[30.733s][info][gc,metaspace] GC(74) Metaspace: 21367K(21696K)->21367K(21696K) NonClass: 17625K(17792K)->17625K(17792K) Class: 3741K(3904K)->3741K(3904K)
[30.733s][info][gc          ] GC(74) Pause Full (System.gc()) 770M->770M(5888M) 359.322ms
[31.137s][info][gc,metaspace] GC(75) Metaspace: 21367K(21696K)->21367K(21696K) NonClass: 17625K(17792K)->17625K(17792K) Class: 3741K(3904K)->3741K(3904K)
[31.137s][info][gc          ] GC(75) Pause Full (System.gc()) 770M->770M(5888M) 399.870ms
[31.499s][info][gc,metaspace] GC(76) Metaspace: 21367K(21696K)->21367K(21696K) NonClass: 17625K(17792K)->17625K(17792K) Class: 3741K(3904K)->3741K(3904K)
[31.499s][info][gc          ] GC(76) Pause Full (System.gc()) 770M->770M(5888M) 361.914ms
[31.858s][info][gc,metaspace] GC(77) Metaspace: 21367K(21696K)->21367K(21696K) NonClass: 17625K(17792K)->17625K(17792K) Class: 3741K(3904K)->3741K(3904K)
[31.858s][info][gc          ] GC(77) Pause Full (System.gc()) 770M->770M(5888M) 359.154ms
[32.237s][info][gc,metaspace] GC(78) Metaspace: 21367K(21696K)->21367K(21696K) NonClass: 17625K(17792K)->17625K(17792K) Class: 3741K(3904K)->3741K(3904K)
[32.237s][info][gc          ] GC(78) Pause Full (System.gc()) 770M->770M(5888M) 378.254ms
[32.596s][info][gc,metaspace] GC(79) Metaspace: 21367K(21696K)->21367K(21696K) NonClass: 17625K(17792K)->17625K(17792K) Class: 3741K(3904K)->3741K(3904K)
[32.596s][info][gc          ] GC(79) Pause Full (System.gc()) 770M->770M(5888M) 359.055ms
[32.995s][info][gc,metaspace] GC(80) Metaspace: 21367K(21696K)->21367K(21696K) NonClass: 17625K(17792K)->17625K(17792K) Class: 3741K(3904K)->3741K(3904K)
[32.995s][info][gc          ] GC(80) Pause Full (System.gc()) 770M->770M(5888M) 399.182ms
[33.359s][info][gc,metaspace] GC(81) Metaspace: 21367K(21696K)->21367K(21696K) NonClass: 17625K(17792K)->17625K(17792K) Class: 3741K(3904K)->3741K(3904K)
[33.359s][info][gc          ] GC(81) Pause Full (System.gc()) 770M->770M(5888M) 363.739ms
[33.724s][info][gc,metaspace] GC(82) Metaspace: 21367K(21696K)->21367K(21696K) NonClass: 17625K(17792K)->17625K(17792K) Class: 3741K(3904K)->3741K(3904K)
[33.724s][info][gc          ] GC(82) Pause Full (System.gc()) 770M->770M(5888M) 365.584ms
[34.097s][info][gc,metaspace] GC(83) Metaspace: 21367K(21696K)->21367K(21696K) NonClass: 17625K(17792K)->17625K(17792K) Class: 3741K(3904K)->3741K(3904K)
[34.097s][info][gc          ] GC(83) Pause Full (System.gc()) 770M->770M(5888M) 372.319ms
[34.457s][info][gc,metaspace] GC(84) Metaspace: 21367K(21696K)->21367K(21696K) NonClass: 17625K(17792K)->17625K(17792K) Class: 3741K(3904K)->3741K(3904K)
[34.457s][info][gc          ] GC(84) Pause Full (System.gc()) 770M->770M(5888M) 360.225ms
[34.811s][info][gc,metaspace] GC(85) Metaspace: 21367K(21696K)->21367K(21696K) NonClass: 17625K(17792K)->17625K(17792K) Class: 3741K(3904K)->3741K(3904K)
[34.811s][info][gc          ] GC(85) Pause Full (System.gc()) 770M->770M(5888M) 353.800ms
[35.224s][info][gc,metaspace] GC(86) Metaspace: 21367K(21696K)->21367K(21696K) NonClass: 17625K(17792K)->17625K(17792K) Class: 3741K(3904K)->3741K(3904K)
[35.224s][info][gc          ] GC(86) Pause Full (System.gc()) 770M->770M(5888M) 412.418ms
[35.583s][info][gc,metaspace] GC(87) Metaspace: 21367K(21696K)->21367K(21696K) NonClass: 17625K(17792K)->17625K(17792K) Class: 3741K(3904K)->3741K(3904K)
[35.583s][info][gc          ] GC(87) Pause Full (System.gc()) 770M->770M(5888M) 359.806ms
[35.981s][info][gc,metaspace] GC(88) Metaspace: 21367K(21696K)->21367K(21696K) NonClass: 17625K(17792K)->17625K(17792K) Class: 3741K(3904K)->3741K(3904K)
[35.981s][info][gc          ] GC(88) Pause Full (System.gc()) 770M->770M(5888M) 397.988ms
[36.346s][info][gc,metaspace] GC(89) Metaspace: 21367K(21696K)->21367K(21696K) NonClass: 17625K(17792K)->17625K(17792K) Class: 3741K(3904K)->3741K(3904K)
[36.346s][info][gc          ] GC(89) Pause Full (System.gc()) 770M->770M(5888M) 364.813ms
[36.708s][info][gc,metaspace] GC(90) Metaspace: 21367K(21696K)->21367K(21696K) NonClass: 17625K(17792K)->17625K(17792K) Class: 3741K(3904K)->3741K(3904K)
[36.708s][info][gc          ] GC(90) Pause Full (System.gc()) 770M->770M(5888M) 361.905ms
[37.071s][info][gc,metaspace] GC(91) Metaspace: 21367K(21696K)->21367K(21696K) NonClass: 17625K(17792K)->17625K(17792K) Class: 3741K(3904K)->3741K(3904K)
[37.071s][info][gc          ] GC(91) Pause Full (System.gc()) 770M->770M(5888M) 362.715ms
[37.430s][info][gc,metaspace] GC(92) Metaspace: 21367K(21696K)->21367K(21696K) NonClass: 17625K(17792K)->17625K(17792K) Class: 3741K(3904K)->3741K(3904K)
[37.430s][info][gc          ] GC(92) Pause Full (System.gc()) 770M->770M(5888M) 358.482ms
[37.791s][info][gc,metaspace] GC(93) Metaspace: 21367K(21696K)->21367K(21696K) NonClass: 17625K(17792K)->17625K(17792K) Class: 3741K(3904K)->3741K(3904K)
[37.791s][info][gc          ] GC(93) Pause Full (System.gc()) 770M->770M(5888M) 360.896ms
[38.163s][info][gc,metaspace] GC(94) Metaspace: 21367K(21696K)->21367K(21696K) NonClass: 17625K(17792K)->17625K(17792K) Class: 3741K(3904K)->3741K(3904K)
[38.163s][info][gc          ] GC(94) Pause Full (System.gc()) 770M->770M(5888M) 372.790ms
[38.523s][info][gc,metaspace] GC(95) Metaspace: 21367K(21696K)->21367K(21696K) NonClass: 17625K(17792K)->17625K(17792K) Class: 3741K(3904K)->3741K(3904K)
[38.523s][info][gc          ] GC(95) Pause Full (System.gc()) 770M->770M(5888M) 359.536ms
[38.881s][info][gc,metaspace] GC(96) Metaspace: 21367K(21696K)->21367K(21696K) NonClass: 17625K(17792K)->17625K(17792K) Class: 3741K(3904K)->3741K(3904K)
[38.881s][info][gc          ] GC(96) Pause Full (System.gc()) 770M->770M(5888M) 358.328ms
[39.252s][info][gc,metaspace] GC(97) Metaspace: 21367K(21696K)->21367K(21696K) NonClass: 17625K(17792K)->17625K(17792K) Class: 3741K(3904K)->3741K(3904K)
[39.252s][info][gc          ] GC(97) Pause Full (System.gc()) 770M->770M(5888M) 370.810ms
[39.608s][info][gc,metaspace] GC(98) Metaspace: 21367K(21696K)->21367K(21696K) NonClass: 17625K(17792K)->17625K(17792K) Class: 3741K(3904K)->3741K(3904K)
[39.608s][info][gc          ] GC(98) Pause Full (System.gc()) 770M->770M(5888M) 355.208ms
[40.003s][info][gc,metaspace] GC(99) Metaspace: 21367K(21696K)->21367K(21696K) NonClass: 17625K(17792K)->17625K(17792K) Class: 3741K(3904K)->3741K(3904K)
[40.003s][info][gc          ] GC(99) Pause Full (System.gc()) 770M->770M(5888M) 395.389ms
[40.374s][info][gc,metaspace] GC(100) Metaspace: 21367K(21696K)->21367K(21696K) NonClass: 17625K(17792K)->17625K(17792K) Class: 3741K(3904K)->3741K(3904K)
[40.374s][info][gc          ] GC(100) Pause Full (System.gc()) 770M->770M(5888M) 370.406ms
After GCs... 
