Done; will start GCs... 
[3.676s][info][gc,metaspace] GC(1) Metaspace: 21380K(21760K)->21380K(21760K) NonClass: 17638K(17856K)->17638K(17856K) Class: 3741K(3904K)->3741K(3904K)
[3.676s][info][gc          ] GC(1) Pause Full (System.gc()) 873M->770M(5888M) 609.524ms
[4.061s][info][gc,metaspace] GC(2) Metaspace: 21380K(21760K)->21380K(21760K) NonClass: 17638K(17856K)->17638K(17856K) Class: 3741K(3904K)->3741K(3904K)
[4.061s][info][gc          ] GC(2) Pause Full (System.gc()) 770M->770M(5888M) 384.980ms
[4.480s][info][gc,metaspace] GC(3) Metaspace: 21380K(21760K)->21380K(21760K) NonClass: 17638K(17856K)->17638K(17856K) Class: 3741K(3904K)->3741K(3904K)
[4.480s][info][gc          ] GC(3) Pause Full (System.gc()) 770M->770M(5888M) 419.227ms
[4.860s][info][gc,metaspace] GC(4) Metaspace: 21380K(21760K)->21380K(21760K) NonClass: 17638K(17856K)->17638K(17856K) Class: 3741K(3904K)->3741K(3904K)
[4.860s][info][gc          ] GC(4) Pause Full (System.gc()) 770M->770M(5888M) 380.216ms
[5.284s][info][gc,metaspace] GC(5) Metaspace: 21380K(21760K)->21380K(21760K) NonClass: 17638K(17856K)->17638K(17856K) Class: 3741K(3904K)->3741K(3904K)
[5.284s][info][gc          ] GC(5) Pause Full (System.gc()) 770M->770M(5888M) 423.068ms
[5.665s][info][gc,metaspace] GC(6) Metaspace: 21380K(21760K)->21380K(21760K) NonClass: 17638K(17856K)->17638K(17856K) Class: 3741K(3904K)->3741K(3904K)
[5.665s][info][gc          ] GC(6) Pause Full (System.gc()) 770M->770M(5888M) 381.093ms
[6.062s][info][gc,metaspace] GC(7) Metaspace: 21380K(21760K)->21380K(21760K) NonClass: 17638K(17856K)->17638K(17856K) Class: 3741K(3904K)->3741K(3904K)
[6.062s][info][gc          ] GC(7) Pause Full (System.gc()) 770M->770M(5888M) 392.405ms
[6.482s][info][gc,metaspace] GC(8) Metaspace: 21380K(21760K)->21380K(21760K) NonClass: 17638K(17856K)->17638K(17856K) Class: 3741K(3904K)->3741K(3904K)
[6.482s][info][gc          ] GC(8) Pause Full (System.gc()) 770M->770M(5888M) 420.301ms
[6.867s][info][gc,metaspace] GC(9) Metaspace: 21380K(21760K)->21380K(21760K) NonClass: 17638K(17856K)->17638K(17856K) Class: 3741K(3904K)->3741K(3904K)
[6.867s][info][gc          ] GC(9) Pause Full (System.gc()) 770M->770M(5888M) 384.628ms
[7.284s][info][gc,metaspace] GC(10) Metaspace: 21380K(21760K)->21380K(21760K) NonClass: 17638K(17856K)->17638K(17856K) Class: 3741K(3904K)->3741K(3904K)
[7.284s][info][gc          ] GC(10) Pause Full (System.gc()) 770M->770M(5888M) 417.420ms
[7.673s][info][gc,metaspace] GC(11) Metaspace: 21380K(21760K)->21380K(21760K) NonClass: 17638K(17856K)->17638K(17856K) Class: 3741K(3904K)->3741K(3904K)
[7.673s][info][gc          ] GC(11) Pause Full (System.gc()) 770M->770M(5888M) 388.807ms
[8.053s][info][gc,metaspace] GC(12) Metaspace: 21380K(21760K)->21380K(21760K) NonClass: 17638K(17856K)->17638K(17856K) Class: 3741K(3904K)->3741K(3904K)
[8.053s][info][gc          ] GC(12) Pause Full (System.gc()) 770M->770M(5888M) 379.995ms
[8.432s][info][gc,metaspace] GC(13) Metaspace: 21380K(21760K)->21380K(21760K) NonClass: 17638K(17856K)->17638K(17856K) Class: 3741K(3904K)->3741K(3904K)
[8.432s][info][gc          ] GC(13) Pause Full (System.gc()) 770M->770M(5888M) 378.777ms
[8.813s][info][gc,metaspace] GC(14) Metaspace: 21380K(21760K)->21380K(21760K) NonClass: 17638K(17856K)->17638K(17856K) Class: 3741K(3904K)->3741K(3904K)
[8.813s][info][gc          ] GC(14) Pause Full (System.gc()) 770M->770M(5888M) 381.317ms
[9.193s][info][gc,metaspace] GC(15) Metaspace: 21380K(21760K)->21380K(21760K) NonClass: 17638K(17856K)->17638K(17856K) Class: 3741K(3904K)->3741K(3904K)
[9.193s][info][gc          ] GC(15) Pause Full (System.gc()) 770M->770M(5888M) 379.278ms
[9.586s][info][gc,metaspace] GC(16) Metaspace: 21380K(21760K)->21380K(21760K) NonClass: 17638K(17856K)->17638K(17856K) Class: 3741K(3904K)->3741K(3904K)
[9.586s][info][gc          ] GC(16) Pause Full (System.gc()) 770M->770M(5888M) 393.211ms
[9.974s][info][gc,metaspace] GC(17) Metaspace: 21380K(21760K)->21380K(21760K) NonClass: 17638K(17856K)->17638K(17856K) Class: 3741K(3904K)->3741K(3904K)
[9.974s][info][gc          ] GC(17) Pause Full (System.gc()) 770M->770M(5888M) 388.331ms
[10.375s][info][gc,metaspace] GC(18) Metaspace: 21380K(21760K)->21380K(21760K) NonClass: 17638K(17856K)->17638K(17856K) Class: 3741K(3904K)->3741K(3904K)
[10.375s][info][gc          ] GC(18) Pause Full (System.gc()) 770M->770M(5888M) 400.331ms
[10.754s][info][gc,metaspace] GC(19) Metaspace: 21380K(21760K)->21380K(21760K) NonClass: 17638K(17856K)->17638K(17856K) Class: 3741K(3904K)->3741K(3904K)
[10.754s][info][gc          ] GC(19) Pause Full (System.gc()) 770M->770M(5888M) 379.450ms
[11.141s][info][gc,metaspace] GC(20) Metaspace: 21380K(21760K)->21380K(21760K) NonClass: 17638K(17856K)->17638K(17856K) Class: 3741K(3904K)->3741K(3904K)
[11.141s][info][gc          ] GC(20) Pause Full (System.gc()) 770M->770M(5888M) 382.214ms
[11.538s][info][gc,metaspace] GC(21) Metaspace: 21380K(21760K)->21380K(21760K) NonClass: 17638K(17856K)->17638K(17856K) Class: 3741K(3904K)->3741K(3904K)
[11.538s][info][gc          ] GC(21) Pause Full (System.gc()) 770M->770M(5888M) 397.041ms
[11.916s][info][gc,metaspace] GC(22) Metaspace: 21380K(21760K)->21380K(21760K) NonClass: 17638K(17856K)->17638K(17856K) Class: 3741K(3904K)->3741K(3904K)
[11.916s][info][gc          ] GC(22) Pause Full (System.gc()) 770M->770M(5888M) 378.427ms
[12.340s][info][gc,metaspace] GC(23) Metaspace: 21380K(21760K)->21380K(21760K) NonClass: 17638K(17856K)->17638K(17856K) Class: 3741K(3904K)->3741K(3904K)
[12.341s][info][gc          ] GC(23) Pause Full (System.gc()) 770M->770M(5888M) 423.984ms
[12.731s][info][gc,metaspace] GC(24) Metaspace: 21380K(21760K)->21380K(21760K) NonClass: 17638K(17856K)->17638K(17856K) Class: 3741K(3904K)->3741K(3904K)
[12.731s][info][gc          ] GC(24) Pause Full (System.gc()) 770M->770M(5888M) 390.327ms
[13.112s][info][gc,metaspace] GC(25) Metaspace: 21380K(21760K)->21380K(21760K) NonClass: 17638K(17856K)->17638K(17856K) Class: 3741K(3904K)->3741K(3904K)
[13.112s][info][gc          ] GC(25) Pause Full (System.gc()) 770M->770M(5888M) 380.682ms
[13.495s][info][gc,metaspace] GC(26) Metaspace: 21380K(21760K)->21380K(21760K) NonClass: 17638K(17856K)->17638K(17856K) Class: 3741K(3904K)->3741K(3904K)
[13.495s][info][gc          ] GC(26) Pause Full (System.gc()) 770M->770M(5888M) 383.434ms
[13.873s][info][gc,metaspace] GC(27) Metaspace: 21380K(21760K)->21380K(21760K) NonClass: 17638K(17856K)->17638K(17856K) Class: 3741K(3904K)->3741K(3904K)
[13.873s][info][gc          ] GC(27) Pause Full (System.gc()) 770M->770M(5888M) 377.761ms
[14.300s][info][gc,metaspace] GC(28) Metaspace: 21380K(21760K)->21380K(21760K) NonClass: 17638K(17856K)->17638K(17856K) Class: 3741K(3904K)->3741K(3904K)
[14.300s][info][gc          ] GC(28) Pause Full (System.gc()) 770M->770M(5888M) 426.503ms
[14.689s][info][gc,metaspace] GC(29) Metaspace: 21380K(21760K)->21380K(21760K) NonClass: 17638K(17856K)->17638K(17856K) Class: 3741K(3904K)->3741K(3904K)
[14.689s][info][gc          ] GC(29) Pause Full (System.gc()) 770M->770M(5888M) 389.096ms
[15.070s][info][gc,metaspace] GC(30) Metaspace: 21380K(21760K)->21380K(21760K) NonClass: 17638K(17856K)->17638K(17856K) Class: 3741K(3904K)->3741K(3904K)
[15.070s][info][gc          ] GC(30) Pause Full (System.gc()) 770M->770M(5888M) 380.842ms
[15.462s][info][gc,metaspace] GC(31) Metaspace: 21380K(21760K)->21380K(21760K) NonClass: 17638K(17856K)->17638K(17856K) Class: 3741K(3904K)->3741K(3904K)
[15.462s][info][gc          ] GC(31) Pause Full (System.gc()) 770M->770M(5888M) 392.386ms
[15.851s][info][gc,metaspace] GC(32) Metaspace: 21380K(21760K)->21380K(21760K) NonClass: 17638K(17856K)->17638K(17856K) Class: 3741K(3904K)->3741K(3904K)
[15.851s][info][gc          ] GC(32) Pause Full (System.gc()) 770M->770M(5888M) 389.035ms
[16.281s][info][gc,metaspace] GC(33) Metaspace: 21380K(21760K)->21380K(21760K) NonClass: 17638K(17856K)->17638K(17856K) Class: 3741K(3904K)->3741K(3904K)
[16.281s][info][gc          ] GC(33) Pause Full (System.gc()) 770M->770M(5888M) 425.407ms
[16.675s][info][gc,metaspace] GC(34) Metaspace: 21380K(21760K)->21380K(21760K) NonClass: 17638K(17856K)->17638K(17856K) Class: 3741K(3904K)->3741K(3904K)
[16.675s][info][gc          ] GC(34) Pause Full (System.gc()) 770M->770M(5888M) 393.850ms
[17.058s][info][gc,metaspace] GC(35) Metaspace: 21380K(21760K)->21380K(21760K) NonClass: 17638K(17856K)->17638K(17856K) Class: 3741K(3904K)->3741K(3904K)
[17.059s][info][gc          ] GC(35) Pause Full (System.gc()) 770M->770M(5888M) 383.602ms
[17.487s][info][gc,metaspace] GC(36) Metaspace: 21380K(21760K)->21380K(21760K) NonClass: 17638K(17856K)->17638K(17856K) Class: 3741K(3904K)->3741K(3904K)
[17.487s][info][gc          ] GC(36) Pause Full (System.gc()) 770M->770M(5888M) 428.173ms
[17.866s][info][gc,metaspace] GC(37) Metaspace: 21380K(21760K)->21380K(21760K) NonClass: 17638K(17856K)->17638K(17856K) Class: 3741K(3904K)->3741K(3904K)
[17.866s][info][gc          ] GC(37) Pause Full (System.gc()) 770M->770M(5888M) 379.320ms
[18.297s][info][gc,metaspace] GC(38) Metaspace: 21380K(21760K)->21380K(21760K) NonClass: 17638K(17856K)->17638K(17856K) Class: 3741K(3904K)->3741K(3904K)
[18.297s][info][gc          ] GC(38) Pause Full (System.gc()) 770M->770M(5888M) 430.385ms
[18.687s][info][gc,metaspace] GC(39) Metaspace: 21380K(21760K)->21380K(21760K) NonClass: 17638K(17856K)->17638K(17856K) Class: 3741K(3904K)->3741K(3904K)
[18.687s][info][gc          ] GC(39) Pause Full (System.gc()) 770M->770M(5888M) 390.102ms
[19.070s][info][gc,metaspace] GC(40) Metaspace: 21380K(21760K)->21380K(21760K) NonClass: 17638K(17856K)->17638K(17856K) Class: 3741K(3904K)->3741K(3904K)
[19.070s][info][gc          ] GC(40) Pause Full (System.gc()) 770M->770M(5888M) 383.146ms
[19.464s][info][gc,metaspace] GC(41) Metaspace: 21380K(21760K)->21380K(21760K) NonClass: 17638K(17856K)->17638K(17856K) Class: 3741K(3904K)->3741K(3904K)
[19.464s][info][gc          ] GC(41) Pause Full (System.gc()) 770M->770M(5888M) 393.591ms
[19.847s][info][gc,metaspace] GC(42) Metaspace: 21380K(21760K)->21380K(21760K) NonClass: 17638K(17856K)->17638K(17856K) Class: 3741K(3904K)->3741K(3904K)
[19.847s][info][gc          ] GC(42) Pause Full (System.gc()) 770M->770M(5888M) 382.883ms
[20.265s][info][gc,metaspace] GC(43) Metaspace: 21380K(21760K)->21380K(21760K) NonClass: 17638K(17856K)->17638K(17856K) Class: 3741K(3904K)->3741K(3904K)
[20.265s][info][gc          ] GC(43) Pause Full (System.gc()) 770M->770M(5888M) 418.653ms
[20.661s][info][gc,metaspace] GC(44) Metaspace: 21380K(21760K)->21380K(21760K) NonClass: 17638K(17856K)->17638K(17856K) Class: 3741K(3904K)->3741K(3904K)
[20.661s][info][gc          ] GC(44) Pause Full (System.gc()) 770M->770M(5888M) 395.696ms
[21.043s][info][gc,metaspace] GC(45) Metaspace: 21380K(21760K)->21380K(21760K) NonClass: 17638K(17856K)->17638K(17856K) Class: 3741K(3904K)->3741K(3904K)
[21.044s][info][gc          ] GC(45) Pause Full (System.gc()) 770M->770M(5888M) 382.323ms
[21.488s][info][gc,metaspace] GC(46) Metaspace: 21380K(21760K)->21380K(21760K) NonClass: 17638K(17856K)->17638K(17856K) Class: 3741K(3904K)->3741K(3904K)
[21.488s][info][gc          ] GC(46) Pause Full (System.gc()) 770M->770M(5888M) 440.240ms
[21.868s][info][gc,metaspace] GC(47) Metaspace: 21380K(21760K)->21380K(21760K) NonClass: 17638K(17856K)->17638K(17856K) Class: 3741K(3904K)->3741K(3904K)
[21.868s][info][gc          ] GC(47) Pause Full (System.gc()) 770M->770M(5888M) 379.789ms
[22.285s][info][gc,metaspace] GC(48) Metaspace: 21380K(21760K)->21380K(21760K) NonClass: 17638K(17856K)->17638K(17856K) Class: 3741K(3904K)->3741K(3904K)
[22.285s][info][gc          ] GC(48) Pause Full (System.gc()) 770M->770M(5888M) 416.555ms
[22.672s][info][gc,metaspace] GC(49) Metaspace: 21380K(21760K)->21380K(21760K) NonClass: 17638K(17856K)->17638K(17856K) Class: 3741K(3904K)->3741K(3904K)
[22.672s][info][gc          ] GC(49) Pause Full (System.gc()) 770M->770M(5888M) 386.990ms
[23.054s][info][gc,metaspace] GC(50) Metaspace: 21380K(21760K)->21380K(21760K) NonClass: 17638K(17856K)->17638K(17856K) Class: 3741K(3904K)->3741K(3904K)
[23.055s][info][gc          ] GC(50) Pause Full (System.gc()) 770M->770M(5888M) 382.824ms
[23.436s][info][gc,metaspace] GC(51) Metaspace: 21380K(21760K)->21380K(21760K) NonClass: 17638K(17856K)->17638K(17856K) Class: 3741K(3904K)->3741K(3904K)
[23.436s][info][gc          ] GC(51) Pause Full (System.gc()) 770M->770M(5888M) 381.458ms
[23.815s][info][gc,metaspace] GC(52) Metaspace: 21380K(21760K)->21380K(21760K) NonClass: 17638K(17856K)->17638K(17856K) Class: 3741K(3904K)->3741K(3904K)
[23.815s][info][gc          ] GC(52) Pause Full (System.gc()) 770M->770M(5888M) 378.533ms
[24.192s][info][gc,metaspace] GC(53) Metaspace: 21380K(21760K)->21380K(21760K) NonClass: 17638K(17856K)->17638K(17856K) Class: 3741K(3904K)->3741K(3904K)
[24.192s][info][gc          ] GC(53) Pause Full (System.gc()) 770M->770M(5888M) 377.248ms
[24.588s][info][gc,metaspace] GC(54) Metaspace: 21380K(21760K)->21380K(21760K) NonClass: 17638K(17856K)->17638K(17856K) Class: 3741K(3904K)->3741K(3904K)
[24.588s][info][gc          ] GC(54) Pause Full (System.gc()) 770M->770M(5888M) 395.862ms
[24.969s][info][gc,metaspace] GC(55) Metaspace: 21380K(21760K)->21380K(21760K) NonClass: 17638K(17856K)->17638K(17856K) Class: 3741K(3904K)->3741K(3904K)
[24.969s][info][gc          ] GC(55) Pause Full (System.gc()) 770M->770M(5888M) 380.731ms
[25.369s][info][gc,metaspace] GC(56) Metaspace: 21380K(21760K)->21380K(21760K) NonClass: 17638K(17856K)->17638K(17856K) Class: 3741K(3904K)->3741K(3904K)
[25.369s][info][gc          ] GC(56) Pause Full (System.gc()) 770M->770M(5888M) 400.508ms
[25.753s][info][gc,metaspace] GC(57) Metaspace: 21380K(21760K)->21380K(21760K) NonClass: 17638K(17856K)->17638K(17856K) Class: 3741K(3904K)->3741K(3904K)
[25.753s][info][gc          ] GC(57) Pause Full (System.gc()) 770M->770M(5888M) 384.135ms
[26.140s][info][gc,metaspace] GC(58) Metaspace: 21380K(21760K)->21380K(21760K) NonClass: 17638K(17856K)->17638K(17856K) Class: 3741K(3904K)->3741K(3904K)
[26.140s][info][gc          ] GC(58) Pause Full (System.gc()) 770M->770M(5888M) 386.385ms
[26.545s][info][gc,metaspace] GC(59) Metaspace: 21380K(21760K)->21380K(21760K) NonClass: 17638K(17856K)->17638K(17856K) Class: 3741K(3904K)->3741K(3904K)
[26.545s][info][gc          ] GC(59) Pause Full (System.gc()) 770M->770M(5888M) 401.152ms
[26.927s][info][gc,metaspace] GC(60) Metaspace: 21380K(21760K)->21380K(21760K) NonClass: 17638K(17856K)->17638K(17856K) Class: 3741K(3904K)->3741K(3904K)
[26.927s][info][gc          ] GC(60) Pause Full (System.gc()) 770M->770M(5888M) 381.756ms
[27.417s][info][gc,metaspace] GC(61) Metaspace: 21380K(21760K)->21380K(21760K) NonClass: 17638K(17856K)->17638K(17856K) Class: 3741K(3904K)->3741K(3904K)
[27.417s][info][gc          ] GC(61) Pause Full (System.gc()) 770M->770M(5888M) 489.993ms
[27.802s][info][gc,metaspace] GC(62) Metaspace: 21380K(21760K)->21380K(21760K) NonClass: 17638K(17856K)->17638K(17856K) Class: 3741K(3904K)->3741K(3904K)
[27.803s][info][gc          ] GC(62) Pause Full (System.gc()) 770M->770M(5888M) 385.112ms
[28.187s][info][gc,metaspace] GC(63) Metaspace: 21380K(21760K)->21380K(21760K) NonClass: 17638K(17856K)->17638K(17856K) Class: 3741K(3904K)->3741K(3904K)
[28.187s][info][gc          ] GC(63) Pause Full (System.gc()) 770M->770M(5888M) 384.307ms
[28.578s][info][gc,metaspace] GC(64) Metaspace: 21380K(21760K)->21380K(21760K) NonClass: 17638K(17856K)->17638K(17856K) Class: 3741K(3904K)->3741K(3904K)
[28.578s][info][gc          ] GC(64) Pause Full (System.gc()) 770M->770M(5888M) 390.676ms
[28.958s][info][gc,metaspace] GC(65) Metaspace: 21380K(21760K)->21380K(21760K) NonClass: 17638K(17856K)->17638K(17856K) Class: 3741K(3904K)->3741K(3904K)
[28.958s][info][gc          ] GC(65) Pause Full (System.gc()) 770M->770M(5888M) 380.063ms
[29.397s][info][gc,metaspace] GC(66) Metaspace: 21380K(21760K)->21380K(21760K) NonClass: 17638K(17856K)->17638K(17856K) Class: 3741K(3904K)->3741K(3904K)
[29.397s][info][gc          ] GC(66) Pause Full (System.gc()) 770M->770M(5888M) 439.649ms
[29.787s][info][gc,metaspace] GC(67) Metaspace: 21380K(21760K)->21380K(21760K) NonClass: 17638K(17856K)->17638K(17856K) Class: 3741K(3904K)->3741K(3904K)
[29.787s][info][gc          ] GC(67) Pause Full (System.gc()) 770M->770M(5888M) 389.873ms
[30.169s][info][gc,metaspace] GC(68) Metaspace: 21380K(21760K)->21380K(21760K) NonClass: 17638K(17856K)->17638K(17856K) Class: 3741K(3904K)->3741K(3904K)
[30.169s][info][gc          ] GC(68) Pause Full (System.gc()) 770M->770M(5888M) 382.003ms
[30.559s][info][gc,metaspace] GC(69) Metaspace: 21380K(21760K)->21380K(21760K) NonClass: 17638K(17856K)->17638K(17856K) Class: 3741K(3904K)->3741K(3904K)
[30.559s][info][gc          ] GC(69) Pause Full (System.gc()) 770M->770M(5888M) 389.032ms
[30.939s][info][gc,metaspace] GC(70) Metaspace: 21380K(21760K)->21380K(21760K) NonClass: 17638K(17856K)->17638K(17856K) Class: 3741K(3904K)->3741K(3904K)
[30.939s][info][gc          ] GC(70) Pause Full (System.gc()) 770M->770M(5888M) 380.259ms
[31.350s][info][gc,metaspace] GC(71) Metaspace: 21380K(21760K)->21380K(21760K) NonClass: 17638K(17856K)->17638K(17856K) Class: 3741K(3904K)->3741K(3904K)
[31.354s][info][gc          ] GC(71) Pause Full (System.gc()) 770M->770M(5888M) 415.326ms
[31.738s][info][gc,metaspace] GC(72) Metaspace: 21380K(21760K)->21380K(21760K) NonClass: 17638K(17856K)->17638K(17856K) Class: 3741K(3904K)->3741K(3904K)
[31.738s][info][gc          ] GC(72) Pause Full (System.gc()) 770M->770M(5888M) 383.857ms
[32.122s][info][gc,metaspace] GC(73) Metaspace: 21380K(21760K)->21380K(21760K) NonClass: 17638K(17856K)->17638K(17856K) Class: 3741K(3904K)->3741K(3904K)
[32.122s][info][gc          ] GC(73) Pause Full (System.gc()) 770M->770M(5888M) 383.504ms
[32.543s][info][gc,metaspace] GC(74) Metaspace: 21380K(21760K)->21380K(21760K) NonClass: 17638K(17856K)->17638K(17856K) Class: 3741K(3904K)->3741K(3904K)
[32.543s][info][gc          ] GC(74) Pause Full (System.gc()) 770M->770M(5888M) 420.992ms
[32.930s][info][gc,metaspace] GC(75) Metaspace: 21380K(21760K)->21380K(21760K) NonClass: 17638K(17856K)->17638K(17856K) Class: 3741K(3904K)->3741K(3904K)
[32.930s][info][gc          ] GC(75) Pause Full (System.gc()) 770M->770M(5888M) 387.223ms
[33.417s][info][gc,metaspace] GC(76) Metaspace: 21380K(21760K)->21380K(21760K) NonClass: 17638K(17856K)->17638K(17856K) Class: 3741K(3904K)->3741K(3904K)
[33.417s][info][gc          ] GC(76) Pause Full (System.gc()) 770M->770M(5888M) 487.068ms
[33.803s][info][gc,metaspace] GC(77) Metaspace: 21380K(21760K)->21380K(21760K) NonClass: 17638K(17856K)->17638K(17856K) Class: 3741K(3904K)->3741K(3904K)
[33.803s][info][gc          ] GC(77) Pause Full (System.gc()) 770M->770M(5888M) 385.778ms
[34.186s][info][gc,metaspace] GC(78) Metaspace: 21380K(21760K)->21380K(21760K) NonClass: 17638K(17856K)->17638K(17856K) Class: 3741K(3904K)->3741K(3904K)
[34.186s][info][gc          ] GC(78) Pause Full (System.gc()) 770M->770M(5888M) 382.493ms
[34.576s][info][gc,metaspace] GC(79) Metaspace: 21380K(21760K)->21380K(21760K) NonClass: 17638K(17856K)->17638K(17856K) Class: 3741K(3904K)->3741K(3904K)
[34.576s][info][gc          ] GC(79) Pause Full (System.gc()) 770M->770M(5888M) 389.940ms
[34.954s][info][gc,metaspace] GC(80) Metaspace: 21380K(21760K)->21380K(21760K) NonClass: 17638K(17856K)->17638K(17856K) Class: 3741K(3904K)->3741K(3904K)
[34.954s][info][gc          ] GC(80) Pause Full (System.gc()) 770M->770M(5888M) 378.457ms
[35.352s][info][gc,metaspace] GC(81) Metaspace: 21380K(21760K)->21380K(21760K) NonClass: 17638K(17856K)->17638K(17856K) Class: 3741K(3904K)->3741K(3904K)
[35.352s][info][gc          ] GC(81) Pause Full (System.gc()) 770M->770M(5888M) 397.939ms
[35.740s][info][gc,metaspace] GC(82) Metaspace: 21380K(21760K)->21380K(21760K) NonClass: 17638K(17856K)->17638K(17856K) Class: 3741K(3904K)->3741K(3904K)
[35.740s][info][gc          ] GC(82) Pause Full (System.gc()) 770M->770M(5888M) 387.674ms
[36.125s][info][gc,metaspace] GC(83) Metaspace: 21380K(21760K)->21380K(21760K) NonClass: 17638K(17856K)->17638K(17856K) Class: 3741K(3904K)->3741K(3904K)
[36.125s][info][gc          ] GC(83) Pause Full (System.gc()) 770M->770M(5888M) 385.133ms
[36.528s][info][gc,metaspace] GC(84) Metaspace: 21380K(21760K)->21380K(21760K) NonClass: 17638K(17856K)->17638K(17856K) Class: 3741K(3904K)->3741K(3904K)
[36.528s][info][gc          ] GC(84) Pause Full (System.gc()) 770M->770M(5888M) 402.454ms
[36.915s][info][gc,metaspace] GC(85) Metaspace: 21380K(21760K)->21380K(21760K) NonClass: 17638K(17856K)->17638K(17856K) Class: 3741K(3904K)->3741K(3904K)
[36.915s][info][gc          ] GC(85) Pause Full (System.gc()) 770M->770M(5888M) 383.046ms
[37.335s][info][gc,metaspace] GC(86) Metaspace: 21380K(21760K)->21380K(21760K) NonClass: 17638K(17856K)->17638K(17856K) Class: 3741K(3904K)->3741K(3904K)
[37.335s][info][gc          ] GC(86) Pause Full (System.gc()) 770M->770M(5888M) 420.128ms
[37.735s][info][gc,metaspace] GC(87) Metaspace: 21380K(21760K)->21380K(21760K) NonClass: 17638K(17856K)->17638K(17856K) Class: 3741K(3904K)->3741K(3904K)
[37.735s][info][gc          ] GC(87) Pause Full (System.gc()) 770M->770M(5888M) 400.032ms
[38.123s][info][gc,metaspace] GC(88) Metaspace: 21380K(21760K)->21380K(21760K) NonClass: 17638K(17856K)->17638K(17856K) Class: 3741K(3904K)->3741K(3904K)
[38.123s][info][gc          ] GC(88) Pause Full (System.gc()) 770M->770M(5888M) 387.145ms
[38.507s][info][gc,metaspace] GC(89) Metaspace: 21380K(21760K)->21380K(21760K) NonClass: 17638K(17856K)->17638K(17856K) Class: 3741K(3904K)->3741K(3904K)
[38.507s][info][gc          ] GC(89) Pause Full (System.gc()) 770M->770M(5888M) 384.333ms
[38.895s][info][gc,metaspace] GC(90) Metaspace: 21380K(21760K)->21380K(21760K) NonClass: 17638K(17856K)->17638K(17856K) Class: 3741K(3904K)->3741K(3904K)
[38.895s][info][gc          ] GC(90) Pause Full (System.gc()) 770M->770M(5888M) 388.365ms
[39.316s][info][gc,metaspace] GC(91) Metaspace: 21380K(21760K)->21380K(21760K) NonClass: 17638K(17856K)->17638K(17856K) Class: 3741K(3904K)->3741K(3904K)
[39.316s][info][gc          ] GC(91) Pause Full (System.gc()) 770M->770M(5888M) 420.686ms
[39.717s][info][gc,metaspace] GC(92) Metaspace: 21380K(21760K)->21380K(21760K) NonClass: 17638K(17856K)->17638K(17856K) Class: 3741K(3904K)->3741K(3904K)
[39.717s][info][gc          ] GC(92) Pause Full (System.gc()) 770M->770M(5888M) 400.479ms
[40.095s][info][gc,metaspace] GC(93) Metaspace: 21380K(21760K)->21380K(21760K) NonClass: 17638K(17856K)->17638K(17856K) Class: 3741K(3904K)->3741K(3904K)
[40.095s][info][gc          ] GC(93) Pause Full (System.gc()) 770M->770M(5888M) 378.061ms
[40.496s][info][gc,metaspace] GC(94) Metaspace: 21380K(21760K)->21380K(21760K) NonClass: 17638K(17856K)->17638K(17856K) Class: 3741K(3904K)->3741K(3904K)
[40.496s][info][gc          ] GC(94) Pause Full (System.gc()) 770M->770M(5888M) 401.143ms
[40.877s][info][gc,metaspace] GC(95) Metaspace: 21380K(21760K)->21380K(21760K) NonClass: 17638K(17856K)->17638K(17856K) Class: 3741K(3904K)->3741K(3904K)
[40.877s][info][gc          ] GC(95) Pause Full (System.gc()) 770M->770M(5888M) 380.486ms
[41.295s][info][gc,metaspace] GC(96) Metaspace: 21380K(21760K)->21380K(21760K) NonClass: 17638K(17856K)->17638K(17856K) Class: 3741K(3904K)->3741K(3904K)
[41.295s][info][gc          ] GC(96) Pause Full (System.gc()) 770M->770M(5888M) 418.420ms
[41.676s][info][gc,metaspace] GC(97) Metaspace: 21380K(21760K)->21380K(21760K) NonClass: 17638K(17856K)->17638K(17856K) Class: 3741K(3904K)->3741K(3904K)
[41.676s][info][gc          ] GC(97) Pause Full (System.gc()) 770M->770M(5888M) 380.603ms
[42.060s][info][gc,metaspace] GC(98) Metaspace: 21380K(21760K)->21380K(21760K) NonClass: 17638K(17856K)->17638K(17856K) Class: 3741K(3904K)->3741K(3904K)
[42.060s][info][gc          ] GC(98) Pause Full (System.gc()) 770M->770M(5888M) 383.799ms
[42.491s][info][gc,metaspace] GC(99) Metaspace: 21380K(21760K)->21380K(21760K) NonClass: 17638K(17856K)->17638K(17856K) Class: 3741K(3904K)->3741K(3904K)
[42.491s][info][gc          ] GC(99) Pause Full (System.gc()) 770M->770M(5888M) 430.831ms
[42.882s][info][gc,metaspace] GC(100) Metaspace: 21380K(21760K)->21380K(21760K) NonClass: 17638K(17856K)->17638K(17856K) Class: 3741K(3904K)->3741K(3904K)
[42.882s][info][gc          ] GC(100) Pause Full (System.gc()) 770M->770M(5888M) 390.935ms
After GCs... 
