[0.006s][info][metaspace]  - commit_granule_bytes: 65536.
[0.006s][info][metaspace]  - commit_granule_words: 8192.
[0.006s][info][metaspace]  - virtual_space_node_default_size: 8388608.
[0.006s][info][metaspace]  - enlarge_chunks_in_place: 1.
[0.006s][info][metaspace]  - use_allocation_guard: 0.
[0.019s][info][gc       ] Using Serial
[1.522s][info][metaspace] Reserving compressed class space anywhere
[1.527s][info][gc,metaspace] CDS archive(s) not mapped
[1.527s][info][gc,metaspace] Compressed class space mapped at: 0x000000000e000000-0x00000000ce000000, reserved size: 3221225472
[1.527s][info][gc,metaspace] UseCompressedClassPointers 1, UseCompactObjectHeaders 1, UseKlassTable 0, narrow klass pointer bits 26, max shift 6
[1.527s][info][gc,metaspace] Narrow klass base: 0x000000000e000000, Narrow klass shift: 6, Narrow klass range: 0xc0000000
Num Classes: 16
Num Objects per Class: 4194304
Cycles: 100
Class association: random
Generate 16 classes...
Loading 16...[2.306s][info][gc,metaspace] GC(0) Metaspace: 21701K(22144K)->21701K(22144K) NonClass: 19233K(19456K)->19233K(19456K) Class: 2468K(2688K)->2468K(2688K)
[2.306s][info][gc          ] GC(0) Pause Full (System.gc()) 229M->2M(5939M) 22.609ms
Creating 4194304 objects per class...
Done; will start GCs... 
[7.405s][info][gc,metaspace] GC(1) Metaspace: 21761K(22208K)->21761K(22208K) NonClass: 19284K(19520K)->19284K(19520K) Class: 2477K(2688K)->2477K(2688K)
[7.405s][info][gc          ] GC(1) Pause Full (System.gc()) 881M->770M(5939M) 3004.473ms
[9.013s][info][gc,metaspace] GC(2) Metaspace: 21761K(22208K)->21761K(22208K) NonClass: 19284K(19520K)->19284K(19520K) Class: 2477K(2688K)->2477K(2688K)
[9.013s][info][gc          ] GC(2) Pause Full (System.gc()) 770M->770M(5939M) 1607.367ms
[11.317s][info][gc,metaspace] GC(3) Metaspace: 21761K(22208K)->21761K(22208K) NonClass: 19284K(19520K)->19284K(19520K) Class: 2477K(2688K)->2477K(2688K)
[11.317s][info][gc          ] GC(3) Pause Full (System.gc()) 770M->770M(5939M) 2304.063ms
[12.922s][info][gc,metaspace] GC(4) Metaspace: 21761K(22208K)->21761K(22208K) NonClass: 19284K(19520K)->19284K(19520K) Class: 2477K(2688K)->2477K(2688K)
[12.922s][info][gc          ] GC(4) Pause Full (System.gc()) 770M->770M(5939M) 1605.089ms
[14.583s][info][gc,metaspace] GC(5) Metaspace: 21761K(22208K)->21761K(22208K) NonClass: 19284K(19520K)->19284K(19520K) Class: 2477K(2688K)->2477K(2688K)
[14.583s][info][gc          ] GC(5) Pause Full (System.gc()) 770M->770M(5939M) 1655.855ms
[16.189s][info][gc,metaspace] GC(6) Metaspace: 21761K(22208K)->21761K(22208K) NonClass: 19284K(19520K)->19284K(19520K) Class: 2477K(2688K)->2477K(2688K)
[16.189s][info][gc          ] GC(6) Pause Full (System.gc()) 770M->770M(5939M) 1606.057ms
[17.848s][info][gc,metaspace] GC(7) Metaspace: 21761K(22208K)->21761K(22208K) NonClass: 19284K(19520K)->19284K(19520K) Class: 2477K(2688K)->2477K(2688K)
[17.848s][info][gc          ] GC(7) Pause Full (System.gc()) 770M->770M(5939M) 1659.175ms
[19.505s][info][gc,metaspace] GC(8) Metaspace: 21761K(22208K)->21761K(22208K) NonClass: 19284K(19520K)->19284K(19520K) Class: 2477K(2688K)->2477K(2688K)
[19.505s][info][gc          ] GC(8) Pause Full (System.gc()) 770M->770M(5939M) 1657.210ms
[21.116s][info][gc,metaspace] GC(9) Metaspace: 21761K(22208K)->21761K(22208K) NonClass: 19284K(19520K)->19284K(19520K) Class: 2477K(2688K)->2477K(2688K)
[21.116s][info][gc          ] GC(9) Pause Full (System.gc()) 770M->770M(5939M) 1610.438ms
[22.774s][info][gc,metaspace] GC(10) Metaspace: 21761K(22208K)->21761K(22208K) NonClass: 19284K(19520K)->19284K(19520K) Class: 2477K(2688K)->2477K(2688K)
[22.774s][info][gc          ] GC(10) Pause Full (System.gc()) 770M->770M(5939M) 1657.971ms
[24.436s][info][gc,metaspace] GC(11) Metaspace: 21761K(22208K)->21761K(22208K) NonClass: 19284K(19520K)->19284K(19520K) Class: 2477K(2688K)->2477K(2688K)
[24.436s][info][gc          ] GC(11) Pause Full (System.gc()) 770M->770M(5939M) 1662.017ms
[26.044s][info][gc,metaspace] GC(12) Metaspace: 21761K(22208K)->21761K(22208K) NonClass: 19284K(19520K)->19284K(19520K) Class: 2477K(2688K)->2477K(2688K)
[26.044s][info][gc          ] GC(12) Pause Full (System.gc()) 770M->770M(5939M) 1607.685ms
[27.706s][info][gc,metaspace] GC(13) Metaspace: 21761K(22208K)->21761K(22208K) NonClass: 19284K(19520K)->19284K(19520K) Class: 2477K(2688K)->2477K(2688K)
[27.706s][info][gc          ] GC(13) Pause Full (System.gc()) 770M->770M(5939M) 1662.119ms
[29.364s][info][gc,metaspace] GC(14) Metaspace: 21761K(22208K)->21761K(22208K) NonClass: 19284K(19520K)->19284K(19520K) Class: 2477K(2688K)->2477K(2688K)
[29.364s][info][gc          ] GC(14) Pause Full (System.gc()) 770M->770M(5939M) 1657.590ms
[30.974s][info][gc,metaspace] GC(15) Metaspace: 21761K(22208K)->21761K(22208K) NonClass: 19284K(19520K)->19284K(19520K) Class: 2477K(2688K)->2477K(2688K)
[30.974s][info][gc          ] GC(15) Pause Full (System.gc()) 770M->770M(5939M) 1610.320ms
[32.633s][info][gc,metaspace] GC(16) Metaspace: 21761K(22208K)->21761K(22208K) NonClass: 19284K(19520K)->19284K(19520K) Class: 2477K(2688K)->2477K(2688K)
[32.633s][info][gc          ] GC(16) Pause Full (System.gc()) 770M->770M(5939M) 1658.412ms
[34.296s][info][gc,metaspace] GC(17) Metaspace: 21761K(22208K)->21761K(22208K) NonClass: 19284K(19520K)->19284K(19520K) Class: 2477K(2688K)->2477K(2688K)
[34.296s][info][gc          ] GC(17) Pause Full (System.gc()) 770M->770M(5939M) 1663.205ms
[36.142s][info][gc,metaspace] GC(18) Metaspace: 21761K(22208K)->21761K(22208K) NonClass: 19284K(19520K)->19284K(19520K) Class: 2477K(2688K)->2477K(2688K)
[36.142s][info][gc          ] GC(18) Pause Full (System.gc()) 770M->770M(5939M) 1846.212ms
[37.804s][info][gc,metaspace] GC(19) Metaspace: 21761K(22208K)->21761K(22208K) NonClass: 19284K(19520K)->19284K(19520K) Class: 2477K(2688K)->2477K(2688K)
[37.804s][info][gc          ] GC(19) Pause Full (System.gc()) 770M->770M(5939M) 1661.992ms
[39.462s][info][gc,metaspace] GC(20) Metaspace: 21761K(22208K)->21761K(22208K) NonClass: 19284K(19520K)->19284K(19520K) Class: 2477K(2688K)->2477K(2688K)
[39.462s][info][gc          ] GC(20) Pause Full (System.gc()) 770M->770M(5939M) 1657.876ms
[41.074s][info][gc,metaspace] GC(21) Metaspace: 21761K(22208K)->21761K(22208K) NonClass: 19284K(19520K)->19284K(19520K) Class: 2477K(2688K)->2477K(2688K)
[41.074s][info][gc          ] GC(21) Pause Full (System.gc()) 770M->770M(5939M) 1611.107ms
[42.732s][info][gc,metaspace] GC(22) Metaspace: 21761K(22208K)->21761K(22208K) NonClass: 19284K(19520K)->19284K(19520K) Class: 2477K(2688K)->2477K(2688K)
[42.732s][info][gc          ] GC(22) Pause Full (System.gc()) 770M->770M(5939M) 1658.127ms
[44.395s][info][gc,metaspace] GC(23) Metaspace: 21761K(22208K)->21761K(22208K) NonClass: 19284K(19520K)->19284K(19520K) Class: 2477K(2688K)->2477K(2688K)
[44.395s][info][gc          ] GC(23) Pause Full (System.gc()) 770M->770M(5939M) 1662.883ms
[46.006s][info][gc,metaspace] GC(24) Metaspace: 21761K(22208K)->21761K(22208K) NonClass: 19284K(19520K)->19284K(19520K) Class: 2477K(2688K)->2477K(2688K)
[46.006s][info][gc          ] GC(24) Pause Full (System.gc()) 770M->770M(5939M) 1610.962ms
[47.665s][info][gc,metaspace] GC(25) Metaspace: 21761K(22208K)->21761K(22208K) NonClass: 19284K(19520K)->19284K(19520K) Class: 2477K(2688K)->2477K(2688K)
[47.665s][info][gc          ] GC(25) Pause Full (System.gc()) 770M->770M(5939M) 1658.785ms
[49.323s][info][gc,metaspace] GC(26) Metaspace: 21761K(22208K)->21761K(22208K) NonClass: 19284K(19520K)->19284K(19520K) Class: 2477K(2688K)->2477K(2688K)
[49.323s][info][gc          ] GC(26) Pause Full (System.gc()) 770M->770M(5939M) 1658.437ms
[50.934s][info][gc,metaspace] GC(27) Metaspace: 21761K(22208K)->21761K(22208K) NonClass: 19284K(19520K)->19284K(19520K) Class: 2477K(2688K)->2477K(2688K)
[50.934s][info][gc          ] GC(27) Pause Full (System.gc()) 770M->770M(5939M) 1610.940ms
[52.596s][info][gc,metaspace] GC(28) Metaspace: 21761K(22208K)->21761K(22208K) NonClass: 19284K(19520K)->19284K(19520K) Class: 2477K(2688K)->2477K(2688K)
[52.596s][info][gc          ] GC(28) Pause Full (System.gc()) 770M->770M(5939M) 1661.586ms
[54.204s][info][gc,metaspace] GC(29) Metaspace: 21761K(22208K)->21761K(22208K) NonClass: 19284K(19520K)->19284K(19520K) Class: 2477K(2688K)->2477K(2688K)
[54.204s][info][gc          ] GC(29) Pause Full (System.gc()) 770M->770M(5939M) 1607.847ms
[55.864s][info][gc,metaspace] GC(30) Metaspace: 21761K(22208K)->21761K(22208K) NonClass: 19284K(19520K)->19284K(19520K) Class: 2477K(2688K)->2477K(2688K)
[55.864s][info][gc          ] GC(30) Pause Full (System.gc()) 770M->770M(5939M) 1607.236ms
[57.547s][info][gc,metaspace] GC(31) Metaspace: 21761K(22208K)->21761K(22208K) NonClass: 19284K(19520K)->19284K(19520K) Class: 2477K(2688K)->2477K(2688K)
[57.547s][info][gc          ] GC(31) Pause Full (System.gc()) 770M->770M(5939M) 1682.822ms
[59.158s][info][gc,metaspace] GC(32) Metaspace: 21761K(22208K)->21761K(22208K) NonClass: 19284K(19520K)->19284K(19520K) Class: 2477K(2688K)->2477K(2688K)
[59.158s][info][gc          ] GC(32) Pause Full (System.gc()) 770M->770M(5939M) 1611.144ms
[60.814s][info][gc,metaspace] GC(33) Metaspace: 21761K(22208K)->21761K(22208K) NonClass: 19284K(19520K)->19284K(19520K) Class: 2477K(2688K)->2477K(2688K)
[60.814s][info][gc          ] GC(33) Pause Full (System.gc()) 770M->770M(5939M) 1656.442ms
[62.472s][info][gc,metaspace] GC(34) Metaspace: 21761K(22208K)->21761K(22208K) NonClass: 19284K(19520K)->19284K(19520K) Class: 2477K(2688K)->2477K(2688K)
[62.472s][info][gc          ] GC(34) Pause Full (System.gc()) 770M->770M(5939M) 1657.888ms
[64.084s][info][gc,metaspace] GC(35) Metaspace: 21761K(22208K)->21761K(22208K) NonClass: 19284K(19520K)->19284K(19520K) Class: 2477K(2688K)->2477K(2688K)
[64.084s][info][gc          ] GC(35) Pause Full (System.gc()) 770M->770M(5939M) 1611.260ms
[65.742s][info][gc,metaspace] GC(36) Metaspace: 21761K(22208K)->21761K(22208K) NonClass: 19284K(19520K)->19284K(19520K) Class: 2477K(2688K)->2477K(2688K)
[65.742s][info][gc          ] GC(36) Pause Full (System.gc()) 787M->770M(5939M) 1657.845ms
[67.404s][info][gc,metaspace] GC(37) Metaspace: 21761K(22208K)->21761K(22208K) NonClass: 19284K(19520K)->19284K(19520K) Class: 2477K(2688K)->2477K(2688K)
[67.404s][info][gc          ] GC(37) Pause Full (System.gc()) 770M->770M(5939M) 1662.059ms
[69.015s][info][gc,metaspace] GC(38) Metaspace: 21761K(22208K)->21761K(22208K) NonClass: 19284K(19520K)->19284K(19520K) Class: 2477K(2688K)->2477K(2688K)
[69.015s][info][gc          ] GC(38) Pause Full (System.gc()) 770M->770M(5939M) 1611.313ms
[71.288s][info][gc,metaspace] GC(39) Metaspace: 21761K(22208K)->21761K(22208K) NonClass: 19284K(19520K)->19284K(19520K) Class: 2477K(2688K)->2477K(2688K)
[71.288s][info][gc          ] GC(39) Pause Full (System.gc()) 770M->770M(5939M) 2268.492ms
[72.893s][info][gc,metaspace] GC(40) Metaspace: 21761K(22208K)->21761K(22208K) NonClass: 19284K(19520K)->19284K(19520K) Class: 2477K(2688K)->2477K(2688K)
[72.893s][info][gc          ] GC(40) Pause Full (System.gc()) 770M->770M(5939M) 1604.200ms
[74.552s][info][gc,metaspace] GC(41) Metaspace: 21761K(22208K)->21761K(22208K) NonClass: 19284K(19520K)->19284K(19520K) Class: 2477K(2688K)->2477K(2688K)
[74.552s][info][gc          ] GC(41) Pause Full (System.gc()) 770M->770M(5939M) 1659.506ms
[76.161s][info][gc,metaspace] GC(42) Metaspace: 21761K(22208K)->21761K(22208K) NonClass: 19284K(19520K)->19284K(19520K) Class: 2477K(2688K)->2477K(2688K)
[76.161s][info][gc          ] GC(42) Pause Full (System.gc()) 770M->770M(5939M) 1608.787ms
[77.817s][info][gc,metaspace] GC(43) Metaspace: 21761K(22208K)->21761K(22208K) NonClass: 19284K(19520K)->19284K(19520K) Class: 2477K(2688K)->2477K(2688K)
[77.817s][info][gc          ] GC(43) Pause Full (System.gc()) 770M->770M(5939M) 1655.520ms
[79.472s][info][gc,metaspace] GC(44) Metaspace: 21761K(22208K)->21761K(22208K) NonClass: 19284K(19520K)->19284K(19520K) Class: 2477K(2688K)->2477K(2688K)
[79.472s][info][gc          ] GC(44) Pause Full (System.gc()) 770M->770M(5939M) 1655.177ms
[81.081s][info][gc,metaspace] GC(45) Metaspace: 21761K(22208K)->21761K(22208K) NonClass: 19284K(19520K)->19284K(19520K) Class: 2477K(2688K)->2477K(2688K)
[81.081s][info][gc          ] GC(45) Pause Full (System.gc()) 770M->770M(5939M) 1608.588ms
[82.740s][info][gc,metaspace] GC(46) Metaspace: 21761K(22208K)->21761K(22208K) NonClass: 19284K(19520K)->19284K(19520K) Class: 2477K(2688K)->2477K(2688K)
[82.740s][info][gc          ] GC(46) Pause Full (System.gc()) 770M->770M(5939M) 1659.277ms
[84.395s][info][gc,metaspace] GC(47) Metaspace: 21761K(22208K)->21761K(22208K) NonClass: 19284K(19520K)->19284K(19520K) Class: 2477K(2688K)->2477K(2688K)
[84.395s][info][gc          ] GC(47) Pause Full (System.gc()) 770M->770M(5939M) 1655.243ms
[86.003s][info][gc,metaspace] GC(48) Metaspace: 21761K(22208K)->21761K(22208K) NonClass: 19284K(19520K)->19284K(19520K) Class: 2477K(2688K)->2477K(2688K)
[86.003s][info][gc          ] GC(48) Pause Full (System.gc()) 770M->770M(5939M) 1607.891ms
[87.659s][info][gc,metaspace] GC(49) Metaspace: 21761K(22208K)->21761K(22208K) NonClass: 19284K(19520K)->19284K(19520K) Class: 2477K(2688K)->2477K(2688K)
[87.659s][info][gc          ] GC(49) Pause Full (System.gc()) 770M->770M(5939M) 1655.138ms
[89.314s][info][gc,metaspace] GC(50) Metaspace: 21761K(22208K)->21761K(22208K) NonClass: 19284K(19520K)->19284K(19520K) Class: 2477K(2688K)->2477K(2688K)
[89.314s][info][gc          ] GC(50) Pause Full (System.gc()) 770M->770M(5939M) 1655.538ms
[90.922s][info][gc,metaspace] GC(51) Metaspace: 21761K(22208K)->21761K(22208K) NonClass: 19284K(19520K)->19284K(19520K) Class: 2477K(2688K)->2477K(2688K)
[90.922s][info][gc          ] GC(51) Pause Full (System.gc()) 770M->770M(5939M) 1607.684ms
[92.582s][info][gc,metaspace] GC(52) Metaspace: 21761K(22208K)->21761K(22208K) NonClass: 19284K(19520K)->19284K(19520K) Class: 2477K(2688K)->2477K(2688K)
[92.582s][info][gc          ] GC(52) Pause Full (System.gc()) 770M->770M(5939M) 1659.687ms
[94.186s][info][gc,metaspace] GC(53) Metaspace: 21761K(22208K)->21761K(22208K) NonClass: 19284K(19520K)->19284K(19520K) Class: 2477K(2688K)->2477K(2688K)
[94.186s][info][gc          ] GC(53) Pause Full (System.gc()) 770M->770M(5939M) 1604.169ms
[95.845s][info][gc,metaspace] GC(54) Metaspace: 21761K(22208K)->21761K(22208K) NonClass: 19284K(19520K)->19284K(19520K) Class: 2477K(2688K)->2477K(2688K)
[95.845s][info][gc          ] GC(54) Pause Full (System.gc()) 770M->770M(5939M) 1658.826ms
[97.501s][info][gc,metaspace] GC(55) Metaspace: 21761K(22208K)->21761K(22208K) NonClass: 19284K(19520K)->19284K(19520K) Class: 2477K(2688K)->2477K(2688K)
[97.502s][info][gc          ] GC(55) Pause Full (System.gc()) 770M->770M(5939M) 1656.291ms
[99.110s][info][gc,metaspace] GC(56) Metaspace: 21761K(22208K)->21761K(22208K) NonClass: 19284K(19520K)->19284K(19520K) Class: 2477K(2688K)->2477K(2688K)
[99.110s][info][gc          ] GC(56) Pause Full (System.gc()) 770M->770M(5939M) 1608.194ms
[100.780s][info][gc,metaspace] GC(57) Metaspace: 21761K(22208K)->21761K(22208K) NonClass: 19284K(19520K)->19284K(19520K) Class: 2477K(2688K)->2477K(2688K)
[100.780s][info][gc          ] GC(57) Pause Full (System.gc()) 770M->770M(5939M) 1670.297ms
[102.440s][info][gc,metaspace] GC(58) Metaspace: 21761K(22208K)->21761K(22208K) NonClass: 19284K(19520K)->19284K(19520K) Class: 2477K(2688K)->2477K(2688K)
[102.440s][info][gc          ] GC(58) Pause Full (System.gc()) 770M->770M(5939M) 1659.776ms
[104.044s][info][gc,metaspace] GC(59) Metaspace: 21761K(22208K)->21761K(22208K) NonClass: 19284K(19520K)->19284K(19520K) Class: 2477K(2688K)->2477K(2688K)
[104.044s][info][gc          ] GC(59) Pause Full (System.gc()) 770M->770M(5939M) 1603.630ms
[105.704s][info][gc,metaspace] GC(60) Metaspace: 21761K(22208K)->21761K(22208K) NonClass: 19284K(19520K)->19284K(19520K) Class: 2477K(2688K)->2477K(2688K)
[105.704s][info][gc          ] GC(60) Pause Full (System.gc()) 770M->770M(5939M) 1659.660ms
[107.359s][info][gc,metaspace] GC(61) Metaspace: 21761K(22208K)->21761K(22208K) NonClass: 19284K(19520K)->19284K(19520K) Class: 2477K(2688K)->2477K(2688K)
[107.359s][info][gc          ] GC(61) Pause Full (System.gc()) 770M->770M(5939M) 1655.506ms
[108.967s][info][gc,metaspace] GC(62) Metaspace: 21761K(22208K)->21761K(22208K) NonClass: 19284K(19520K)->19284K(19520K) Class: 2477K(2688K)->2477K(2688K)
[108.967s][info][gc          ] GC(62) Pause Full (System.gc()) 770M->770M(5939M) 1607.734ms
[110.623s][info][gc,metaspace] GC(63) Metaspace: 21761K(22208K)->21761K(22208K) NonClass: 19284K(19520K)->19284K(19520K) Class: 2477K(2688K)->2477K(2688K)
[110.623s][info][gc          ] GC(63) Pause Full (System.gc()) 770M->770M(5939M) 1655.596ms
[112.285s][info][gc,metaspace] GC(64) Metaspace: 21761K(22208K)->21761K(22208K) NonClass: 19284K(19520K)->19284K(19520K) Class: 2477K(2688K)->2477K(2688K)
[112.285s][info][gc          ] GC(64) Pause Full (System.gc()) 770M->770M(5939M) 1662.536ms
[114.492s][info][gc,metaspace] GC(65) Metaspace: 21761K(22208K)->21761K(22208K) NonClass: 19284K(19520K)->19284K(19520K) Class: 2477K(2688K)->2477K(2688K)
[114.492s][info][gc          ] GC(65) Pause Full (System.gc()) 770M->770M(5939M) 2206.392ms
[116.702s][info][gc,metaspace] GC(66) Metaspace: 21761K(22208K)->21761K(22208K) NonClass: 19284K(19520K)->19284K(19520K) Class: 2477K(2688K)->2477K(2688K)
[116.702s][info][gc          ] GC(66) Pause Full (System.gc()) 770M->770M(5939M) 2210.299ms
[118.358s][info][gc,metaspace] GC(67) Metaspace: 21761K(22208K)->21761K(22208K) NonClass: 19284K(19520K)->19284K(19520K) Class: 2477K(2688K)->2477K(2688K)
[118.358s][info][gc          ] GC(67) Pause Full (System.gc()) 770M->770M(5939M) 1655.065ms
[119.966s][info][gc,metaspace] GC(68) Metaspace: 21761K(22208K)->21761K(22208K) NonClass: 19284K(19520K)->19284K(19520K) Class: 2477K(2688K)->2477K(2688K)
[119.966s][info][gc          ] GC(68) Pause Full (System.gc()) 770M->770M(5939M) 1608.544ms
[121.623s][info][gc,metaspace] GC(69) Metaspace: 21761K(22208K)->21761K(22208K) NonClass: 19284K(19520K)->19284K(19520K) Class: 2477K(2688K)->2477K(2688K)
[121.623s][info][gc          ] GC(69) Pause Full (System.gc()) 770M->770M(5939M) 1652.247ms
[123.282s][info][gc,metaspace] GC(70) Metaspace: 21761K(22208K)->21761K(22208K) NonClass: 19284K(19520K)->19284K(19520K) Class: 2477K(2688K)->2477K(2688K)
[123.282s][info][gc          ] GC(70) Pause Full (System.gc()) 770M->770M(5939M) 1659.535ms
[125.535s][info][gc,metaspace] GC(71) Metaspace: 21761K(22208K)->21761K(22208K) NonClass: 19284K(19520K)->19284K(19520K) Class: 2477K(2688K)->2477K(2688K)
[125.535s][info][gc          ] GC(71) Pause Full (System.gc()) 770M->770M(5939M) 2252.077ms
[127.142s][info][gc,metaspace] GC(72) Metaspace: 21761K(22208K)->21761K(22208K) NonClass: 19284K(19520K)->19284K(19520K) Class: 2477K(2688K)->2477K(2688K)
[127.142s][info][gc          ] GC(72) Pause Full (System.gc()) 770M->770M(5939M) 1607.412ms
[128.798s][info][gc,metaspace] GC(73) Metaspace: 21761K(22208K)->21761K(22208K) NonClass: 19284K(19520K)->19284K(19520K) Class: 2477K(2688K)->2477K(2688K)
[128.798s][info][gc          ] GC(73) Pause Full (System.gc()) 770M->770M(5939M) 1655.501ms
[130.458s][info][gc,metaspace] GC(74) Metaspace: 21761K(22208K)->21761K(22208K) NonClass: 19284K(19520K)->19284K(19520K) Class: 2477K(2688K)->2477K(2688K)
[130.458s][info][gc          ] GC(74) Pause Full (System.gc()) 787M->770M(5939M) 1659.496ms
[132.063s][info][gc,metaspace] GC(75) Metaspace: 21761K(22208K)->21761K(22208K) NonClass: 19284K(19520K)->19284K(19520K) Class: 2477K(2688K)->2477K(2688K)
[132.063s][info][gc          ] GC(75) Pause Full (System.gc()) 770M->770M(5939M) 1605.011ms
[133.723s][info][gc,metaspace] GC(76) Metaspace: 21761K(22208K)->21761K(22208K) NonClass: 19284K(19520K)->19284K(19520K) Class: 2477K(2688K)->2477K(2688K)
[133.723s][info][gc          ] GC(76) Pause Full (System.gc()) 770M->770M(5939M) 1659.967ms
[135.381s][info][gc,metaspace] GC(77) Metaspace: 21761K(22208K)->21761K(22208K) NonClass: 19284K(19520K)->19284K(19520K) Class: 2477K(2688K)->2477K(2688K)
[135.381s][info][gc          ] GC(77) Pause Full (System.gc()) 770M->770M(5939M) 1657.766ms
[136.988s][info][gc,metaspace] GC(78) Metaspace: 21761K(22208K)->21761K(22208K) NonClass: 19284K(19520K)->19284K(19520K) Class: 2477K(2688K)->2477K(2688K)
[136.988s][info][gc          ] GC(78) Pause Full (System.gc()) 770M->770M(5939M) 1607.638ms
[138.645s][info][gc,metaspace] GC(79) Metaspace: 21761K(22208K)->21761K(22208K) NonClass: 19284K(19520K)->19284K(19520K) Class: 2477K(2688K)->2477K(2688K)
[138.645s][info][gc          ] GC(79) Pause Full (System.gc()) 770M->770M(5939M) 1656.235ms
[140.304s][info][gc,metaspace] GC(80) Metaspace: 21761K(22208K)->21761K(22208K) NonClass: 19284K(19520K)->19284K(19520K) Class: 2477K(2688K)->2477K(2688K)
[140.304s][info][gc          ] GC(80) Pause Full (System.gc()) 770M->770M(5939M) 1659.366ms
[141.909s][info][gc,metaspace] GC(81) Metaspace: 21761K(22208K)->21761K(22208K) NonClass: 19284K(19520K)->19284K(19520K) Class: 2477K(2688K)->2477K(2688K)
[141.909s][info][gc          ] GC(81) Pause Full (System.gc()) 770M->770M(5939M) 1604.308ms
[143.568s][info][gc,metaspace] GC(82) Metaspace: 21761K(22208K)->21761K(22208K) NonClass: 19284K(19520K)->19284K(19520K) Class: 2477K(2688K)->2477K(2688K)
[143.568s][info][gc          ] GC(82) Pause Full (System.gc()) 770M->770M(5939M) 1659.258ms
[145.172s][info][gc,metaspace] GC(83) Metaspace: 21761K(22208K)->21761K(22208K) NonClass: 19284K(19520K)->19284K(19520K) Class: 2477K(2688K)->2477K(2688K)
[145.172s][info][gc          ] GC(83) Pause Full (System.gc()) 770M->770M(5939M) 1604.274ms
[146.834s][info][gc,metaspace] GC(84) Metaspace: 21761K(22208K)->21761K(22208K) NonClass: 19284K(19520K)->19284K(19520K) Class: 2477K(2688K)->2477K(2688K)
[146.834s][info][gc          ] GC(84) Pause Full (System.gc()) 770M->770M(5939M) 1661.277ms
[148.489s][info][gc,metaspace] GC(85) Metaspace: 21761K(22208K)->21761K(22208K) NonClass: 19284K(19520K)->19284K(19520K) Class: 2477K(2688K)->2477K(2688K)
[148.489s][info][gc          ] GC(85) Pause Full (System.gc()) 770M->770M(5939M) 1655.688ms
[150.097s][info][gc,metaspace] GC(86) Metaspace: 21761K(22208K)->21761K(22208K) NonClass: 19284K(19520K)->19284K(19520K) Class: 2477K(2688K)->2477K(2688K)
[150.097s][info][gc          ] GC(86) Pause Full (System.gc()) 770M->770M(5939M) 1607.681ms
[151.758s][info][gc,metaspace] GC(87) Metaspace: 21761K(22208K)->21761K(22208K) NonClass: 19284K(19520K)->19284K(19520K) Class: 2477K(2688K)->2477K(2688K)
[151.758s][info][gc          ] GC(87) Pause Full (System.gc()) 770M->770M(5939M) 1660.380ms
[153.417s][info][gc,metaspace] GC(88) Metaspace: 21761K(22208K)->21761K(22208K) NonClass: 19284K(19520K)->19284K(19520K) Class: 2477K(2688K)->2477K(2688K)
[153.417s][info][gc          ] GC(88) Pause Full (System.gc()) 770M->770M(5939M) 1658.837ms
[155.025s][info][gc,metaspace] GC(89) Metaspace: 21761K(22208K)->21761K(22208K) NonClass: 19284K(19520K)->19284K(19520K) Class: 2477K(2688K)->2477K(2688K)
[155.025s][info][gc          ] GC(89) Pause Full (System.gc()) 770M->770M(5939M) 1607.787ms
[156.680s][info][gc,metaspace] GC(90) Metaspace: 21761K(22208K)->21761K(22208K) NonClass: 19284K(19520K)->19284K(19520K) Class: 2477K(2688K)->2477K(2688K)
[156.680s][info][gc          ] GC(90) Pause Full (System.gc()) 770M->770M(5939M) 1654.984ms
[158.335s][info][gc,metaspace] GC(91) Metaspace: 21761K(22208K)->21761K(22208K) NonClass: 19284K(19520K)->19284K(19520K) Class: 2477K(2688K)->2477K(2688K)
[158.335s][info][gc          ] GC(91) Pause Full (System.gc()) 770M->770M(5939M) 1655.442ms
[159.944s][info][gc,metaspace] GC(92) Metaspace: 21761K(22208K)->21761K(22208K) NonClass: 19284K(19520K)->19284K(19520K) Class: 2477K(2688K)->2477K(2688K)
[159.944s][info][gc          ] GC(92) Pause Full (System.gc()) 770M->770M(5939M) 1608.324ms
[161.603s][info][gc,metaspace] GC(93) Metaspace: 21761K(22208K)->21761K(22208K) NonClass: 19284K(19520K)->19284K(19520K) Class: 2477K(2688K)->2477K(2688K)
[161.603s][info][gc          ] GC(93) Pause Full (System.gc()) 770M->770M(5939M) 1659.034ms
[163.258s][info][gc,metaspace] GC(94) Metaspace: 21761K(22208K)->21761K(22208K) NonClass: 19284K(19520K)->19284K(19520K) Class: 2477K(2688K)->2477K(2688K)
[163.258s][info][gc          ] GC(94) Pause Full (System.gc()) 770M->770M(5939M) 1654.986ms
[165.310s][info][gc,metaspace] GC(95) Metaspace: 21761K(22208K)->21761K(22208K) NonClass: 19284K(19520K)->19284K(19520K) Class: 2477K(2688K)->2477K(2688K)
[165.310s][info][gc          ] GC(95) Pause Full (System.gc()) 770M->770M(5939M) 2052.149ms
[166.918s][info][gc,metaspace] GC(96) Metaspace: 21761K(22208K)->21761K(22208K) NonClass: 19284K(19520K)->19284K(19520K) Class: 2477K(2688K)->2477K(2688K)
[166.918s][info][gc          ] GC(96) Pause Full (System.gc()) 770M->770M(5939M) 1607.438ms
[168.577s][info][gc,metaspace] GC(97) Metaspace: 21761K(22208K)->21761K(22208K) NonClass: 19284K(19520K)->19284K(19520K) Class: 2477K(2688K)->2477K(2688K)
[168.577s][info][gc          ] GC(97) Pause Full (System.gc()) 770M->770M(5939M) 1659.428ms
[170.184s][info][gc,metaspace] GC(98) Metaspace: 21761K(22208K)->21761K(22208K) NonClass: 19284K(19520K)->19284K(19520K) Class: 2477K(2688K)->2477K(2688K)
[170.184s][info][gc          ] GC(98) Pause Full (System.gc()) 770M->770M(5939M) 1606.701ms
[171.844s][info][gc,metaspace] GC(99) Metaspace: 21761K(22208K)->21761K(22208K) NonClass: 19284K(19520K)->19284K(19520K) Class: 2477K(2688K)->2477K(2688K)
[171.844s][info][gc          ] GC(99) Pause Full (System.gc()) 770M->770M(5939M) 1659.384ms
[173.498s][info][gc,metaspace] GC(100) Metaspace: 21761K(22208K)->21761K(22208K) NonClass: 19284K(19520K)->19284K(19520K) Class: 2477K(2688K)->2477K(2688K)
[173.498s][info][gc          ] GC(100) Pause Full (System.gc()) 770M->770M(5939M) 1654.642ms
After GCs... 
