[0.001s][info][metaspace]  - commit_granule_bytes: 65536.
[0.001s][info][metaspace]  - commit_granule_words: 8192.
[0.001s][info][metaspace]  - virtual_space_node_default_size: 8388608.
[0.001s][info][metaspace]  - enlarge_chunks_in_place: 1.
[0.001s][info][metaspace]  - use_allocation_guard: 0.
[0.004s][info][gc       ] Using Serial
[1.886s][info][metaspace] Reserving compressed class space anywhere
[1.886s][info][gc,metaspace] CDS archive(s) not mapped
[1.886s][info][gc,metaspace] Compressed class space mapped at: 0x0000000032000000-0x00000000f2000000, reserved size: 3221225472
[1.886s][info][gc,metaspace] UseCompressedClassPointers 1, UseCompactObjectHeaders 1, narrow klass pointer bits 22, max shift 10
[1.886s][info][gc,metaspace] Narrow klass base: 0x0000000032000000, Narrow klass shift: 10, Narrow klass range: 0xc0000000
Num Classes: 16
Num Objects per Class: 4194304
Cycles: 100
Class association: random
Generate 16 classes...
Loading 16...[2.550s][info][gc,metaspace] GC(0) Metaspace: 21325K(21632K)->21325K(21632K) NonClass: 17591K(17792K)->17591K(17792K) Class: 3733K(3840K)->3733K(3840K)
[2.550s][info][gc          ] GC(0) Pause Full (System.gc()) 229M->2M(5939M) 25.878ms
Creating 4194304 objects per class...
Done; will start GCs... 
[7.757s][info][gc,metaspace] GC(1) Metaspace: 21379K(21760K)->21379K(21760K) NonClass: 17637K(17856K)->17637K(17856K) Class: 3741K(3904K)->3741K(3904K)
[7.757s][info][gc          ] GC(1) Pause Full (System.gc()) 881M->770M(5939M) 3145.859ms
[9.683s][info][gc,metaspace] GC(2) Metaspace: 21379K(21760K)->21379K(21760K) NonClass: 17637K(17856K)->17637K(17856K) Class: 3741K(3904K)->3741K(3904K)
[9.683s][info][gc          ] GC(2) Pause Full (System.gc()) 770M->770M(5939M) 1924.980ms
[12.343s][info][gc,metaspace] GC(3) Metaspace: 21379K(21760K)->21379K(21760K) NonClass: 17637K(17856K)->17637K(17856K) Class: 3741K(3904K)->3741K(3904K)
[12.343s][info][gc          ] GC(3) Pause Full (System.gc()) 770M->770M(5939M) 2659.557ms
[14.319s][info][gc,metaspace] GC(4) Metaspace: 21379K(21760K)->21379K(21760K) NonClass: 17637K(17856K)->17637K(17856K) Class: 3741K(3904K)->3741K(3904K)
[14.319s][info][gc          ] GC(4) Pause Full (System.gc()) 770M->770M(5939M) 1976.547ms
[16.291s][info][gc,metaspace] GC(5) Metaspace: 21379K(21760K)->21379K(21760K) NonClass: 17637K(17856K)->17637K(17856K) Class: 3741K(3904K)->3741K(3904K)
[16.291s][info][gc          ] GC(5) Pause Full (System.gc()) 770M->770M(5939M) 1971.375ms
[18.262s][info][gc,metaspace] GC(6) Metaspace: 21379K(21760K)->21379K(21760K) NonClass: 17637K(17856K)->17637K(17856K) Class: 3741K(3904K)->3741K(3904K)
[18.262s][info][gc          ] GC(6) Pause Full (System.gc()) 770M->770M(5939M) 1971.421ms
[20.238s][info][gc,metaspace] GC(7) Metaspace: 21379K(21760K)->21379K(21760K) NonClass: 17637K(17856K)->17637K(17856K) Class: 3741K(3904K)->3741K(3904K)
[20.238s][info][gc          ] GC(7) Pause Full (System.gc()) 770M->770M(5939M) 1975.798ms
[22.214s][info][gc,metaspace] GC(8) Metaspace: 21379K(21760K)->21379K(21760K) NonClass: 17637K(17856K)->17637K(17856K) Class: 3741K(3904K)->3741K(3904K)
[22.214s][info][gc          ] GC(8) Pause Full (System.gc()) 770M->770M(5939M) 1975.340ms
[24.189s][info][gc,metaspace] GC(9) Metaspace: 21379K(21760K)->21379K(21760K) NonClass: 17637K(17856K)->17637K(17856K) Class: 3741K(3904K)->3741K(3904K)
[24.189s][info][gc          ] GC(9) Pause Full (System.gc()) 770M->770M(5939M) 1975.228ms
[26.160s][info][gc,metaspace] GC(10) Metaspace: 21379K(21760K)->21379K(21760K) NonClass: 17637K(17856K)->17637K(17856K) Class: 3741K(3904K)->3741K(3904K)
[26.160s][info][gc          ] GC(10) Pause Full (System.gc()) 770M->770M(5939M) 1971.143ms
[28.136s][info][gc,metaspace] GC(11) Metaspace: 21379K(21760K)->21379K(21760K) NonClass: 17637K(17856K)->17637K(17856K) Class: 3741K(3904K)->3741K(3904K)
[28.136s][info][gc          ] GC(11) Pause Full (System.gc()) 770M->770M(5939M) 1976.025ms
[30.108s][info][gc,metaspace] GC(12) Metaspace: 21379K(21760K)->21379K(21760K) NonClass: 17637K(17856K)->17637K(17856K) Class: 3741K(3904K)->3741K(3904K)
[30.108s][info][gc          ] GC(12) Pause Full (System.gc()) 770M->770M(5939M) 1971.724ms
[32.083s][info][gc,metaspace] GC(13) Metaspace: 21379K(21760K)->21379K(21760K) NonClass: 17637K(17856K)->17637K(17856K) Class: 3741K(3904K)->3741K(3904K)
[32.083s][info][gc          ] GC(13) Pause Full (System.gc()) 770M->770M(5939M) 1974.918ms
[34.055s][info][gc,metaspace] GC(14) Metaspace: 21379K(21760K)->21379K(21760K) NonClass: 17637K(17856K)->17637K(17856K) Class: 3741K(3904K)->3741K(3904K)
[34.055s][info][gc          ] GC(14) Pause Full (System.gc()) 770M->770M(5939M) 1971.755ms
[36.028s][info][gc,metaspace] GC(15) Metaspace: 21379K(21760K)->21379K(21760K) NonClass: 17637K(17856K)->17637K(17856K) Class: 3741K(3904K)->3741K(3904K)
[36.028s][info][gc          ] GC(15) Pause Full (System.gc()) 770M->770M(5939M) 1972.632ms
[38.003s][info][gc,metaspace] GC(16) Metaspace: 21379K(21760K)->21379K(21760K) NonClass: 17637K(17856K)->17637K(17856K) Class: 3741K(3904K)->3741K(3904K)
[38.003s][info][gc          ] GC(16) Pause Full (System.gc()) 770M->770M(5939M) 1975.634ms
[39.975s][info][gc,metaspace] GC(17) Metaspace: 21379K(21760K)->21379K(21760K) NonClass: 17637K(17856K)->17637K(17856K) Class: 3741K(3904K)->3741K(3904K)
[39.975s][info][gc          ] GC(17) Pause Full (System.gc()) 770M->770M(5939M) 1971.595ms
[41.951s][info][gc,metaspace] GC(18) Metaspace: 21379K(21760K)->21379K(21760K) NonClass: 17637K(17856K)->17637K(17856K) Class: 3741K(3904K)->3741K(3904K)
[41.951s][info][gc          ] GC(18) Pause Full (System.gc()) 770M->770M(5939M) 1975.722ms
[43.922s][info][gc,metaspace] GC(19) Metaspace: 21379K(21760K)->21379K(21760K) NonClass: 17637K(17856K)->17637K(17856K) Class: 3741K(3904K)->3741K(3904K)
[43.922s][info][gc          ] GC(19) Pause Full (System.gc()) 770M->770M(5939M) 1970.928ms
[45.897s][info][gc,metaspace] GC(20) Metaspace: 21379K(21760K)->21379K(21760K) NonClass: 17637K(17856K)->17637K(17856K) Class: 3741K(3904K)->3741K(3904K)
[45.898s][info][gc          ] GC(20) Pause Full (System.gc()) 770M->770M(5939M) 1975.448ms
[47.867s][info][gc,metaspace] GC(21) Metaspace: 21379K(21760K)->21379K(21760K) NonClass: 17637K(17856K)->17637K(17856K) Class: 3741K(3904K)->3741K(3904K)
[47.867s][info][gc          ] GC(21) Pause Full (System.gc()) 770M->770M(5939M) 1969.806ms
[49.839s][info][gc,metaspace] GC(22) Metaspace: 21379K(21760K)->21379K(21760K) NonClass: 17637K(17856K)->17637K(17856K) Class: 3741K(3904K)->3741K(3904K)
[49.839s][info][gc          ] GC(22) Pause Full (System.gc()) 770M->770M(5939M) 1971.640ms
[51.816s][info][gc,metaspace] GC(23) Metaspace: 21379K(21760K)->21379K(21760K) NonClass: 17637K(17856K)->17637K(17856K) Class: 3741K(3904K)->3741K(3904K)
[51.816s][info][gc          ] GC(23) Pause Full (System.gc()) 770M->770M(5939M) 1976.536ms
[53.787s][info][gc,metaspace] GC(24) Metaspace: 21379K(21760K)->21379K(21760K) NonClass: 17637K(17856K)->17637K(17856K) Class: 3741K(3904K)->3741K(3904K)
[53.787s][info][gc          ] GC(24) Pause Full (System.gc()) 770M->770M(5939M) 1971.468ms
[55.763s][info][gc,metaspace] GC(25) Metaspace: 21379K(21760K)->21379K(21760K) NonClass: 17637K(17856K)->17637K(17856K) Class: 3741K(3904K)->3741K(3904K)
[55.763s][info][gc          ] GC(25) Pause Full (System.gc()) 770M->770M(5939M) 1975.313ms
[58.398s][info][gc,metaspace] GC(26) Metaspace: 21379K(21760K)->21379K(21760K) NonClass: 17637K(17856K)->17637K(17856K) Class: 3741K(3904K)->3741K(3904K)
[58.398s][info][gc          ] GC(26) Pause Full (System.gc()) 770M->770M(5939M) 2635.343ms
[60.995s][info][gc,metaspace] GC(27) Metaspace: 21379K(21760K)->21379K(21760K) NonClass: 17637K(17856K)->17637K(17856K) Class: 3741K(3904K)->3741K(3904K)
[60.995s][info][gc          ] GC(27) Pause Full (System.gc()) 770M->770M(5939M) 2596.251ms
[62.970s][info][gc,metaspace] GC(28) Metaspace: 21379K(21760K)->21379K(21760K) NonClass: 17637K(17856K)->17637K(17856K) Class: 3741K(3904K)->3741K(3904K)
[62.971s][info][gc          ] GC(28) Pause Full (System.gc()) 770M->770M(5939M) 1975.811ms
[64.943s][info][gc,metaspace] GC(29) Metaspace: 21379K(21760K)->21379K(21760K) NonClass: 17637K(17856K)->17637K(17856K) Class: 3741K(3904K)->3741K(3904K)
[64.943s][info][gc          ] GC(29) Pause Full (System.gc()) 770M->770M(5939M) 1972.499ms
[66.919s][info][gc,metaspace] GC(30) Metaspace: 21379K(21760K)->21379K(21760K) NonClass: 17637K(17856K)->17637K(17856K) Class: 3741K(3904K)->3741K(3904K)
[66.919s][info][gc          ] GC(30) Pause Full (System.gc()) 787M->770M(5939M) 1976.049ms
[69.483s][info][gc,metaspace] GC(31) Metaspace: 21379K(21760K)->21379K(21760K) NonClass: 17637K(17856K)->17637K(17856K) Class: 3741K(3904K)->3741K(3904K)
[69.483s][info][gc          ] GC(31) Pause Full (System.gc()) 770M->770M(5939M) 2563.715ms
[71.455s][info][gc,metaspace] GC(32) Metaspace: 21379K(21760K)->21379K(21760K) NonClass: 17637K(17856K)->17637K(17856K) Class: 3741K(3904K)->3741K(3904K)
[71.455s][info][gc          ] GC(32) Pause Full (System.gc()) 770M->770M(5939M) 1971.723ms
[73.431s][info][gc,metaspace] GC(33) Metaspace: 21379K(21760K)->21379K(21760K) NonClass: 17637K(17856K)->17637K(17856K) Class: 3741K(3904K)->3741K(3904K)
[73.431s][info][gc          ] GC(33) Pause Full (System.gc()) 770M->770M(5939M) 1976.067ms
[75.403s][info][gc,metaspace] GC(34) Metaspace: 21379K(21760K)->21379K(21760K) NonClass: 17637K(17856K)->17637K(17856K) Class: 3741K(3904K)->3741K(3904K)
[75.403s][info][gc          ] GC(34) Pause Full (System.gc()) 770M->770M(5939M) 1971.526ms
[77.379s][info][gc,metaspace] GC(35) Metaspace: 21379K(21760K)->21379K(21760K) NonClass: 17637K(17856K)->17637K(17856K) Class: 3741K(3904K)->3741K(3904K)
[77.379s][info][gc          ] GC(35) Pause Full (System.gc()) 770M->770M(5939M) 1976.469ms
[79.351s][info][gc,metaspace] GC(36) Metaspace: 21379K(21760K)->21379K(21760K) NonClass: 17637K(17856K)->17637K(17856K) Class: 3741K(3904K)->3741K(3904K)
[79.351s][info][gc          ] GC(36) Pause Full (System.gc()) 770M->770M(5939M) 1972.090ms
[81.328s][info][gc,metaspace] GC(37) Metaspace: 21379K(21760K)->21379K(21760K) NonClass: 17637K(17856K)->17637K(17856K) Class: 3741K(3904K)->3741K(3904K)
[81.328s][info][gc          ] GC(37) Pause Full (System.gc()) 770M->770M(5939M) 1976.771ms
[83.301s][info][gc,metaspace] GC(38) Metaspace: 21379K(21760K)->21379K(21760K) NonClass: 17637K(17856K)->17637K(17856K) Class: 3741K(3904K)->3741K(3904K)
[83.301s][info][gc          ] GC(38) Pause Full (System.gc()) 770M->770M(5939M) 1972.210ms
[85.272s][info][gc,metaspace] GC(39) Metaspace: 21379K(21760K)->21379K(21760K) NonClass: 17637K(17856K)->17637K(17856K) Class: 3741K(3904K)->3741K(3904K)
[85.272s][info][gc          ] GC(39) Pause Full (System.gc()) 770M->770M(5939M) 1971.589ms
[87.248s][info][gc,metaspace] GC(40) Metaspace: 21379K(21760K)->21379K(21760K) NonClass: 17637K(17856K)->17637K(17856K) Class: 3741K(3904K)->3741K(3904K)
[87.248s][info][gc          ] GC(40) Pause Full (System.gc()) 770M->770M(5939M) 1975.253ms
[89.220s][info][gc,metaspace] GC(41) Metaspace: 21379K(21760K)->21379K(21760K) NonClass: 17637K(17856K)->17637K(17856K) Class: 3741K(3904K)->3741K(3904K)
[89.220s][info][gc          ] GC(41) Pause Full (System.gc()) 770M->770M(5939M) 1972.434ms
[91.196s][info][gc,metaspace] GC(42) Metaspace: 21379K(21760K)->21379K(21760K) NonClass: 17637K(17856K)->17637K(17856K) Class: 3741K(3904K)->3741K(3904K)
[91.196s][info][gc          ] GC(42) Pause Full (System.gc()) 770M->770M(5939M) 1975.899ms
[93.167s][info][gc,metaspace] GC(43) Metaspace: 21379K(21760K)->21379K(21760K) NonClass: 17637K(17856K)->17637K(17856K) Class: 3741K(3904K)->3741K(3904K)
[93.168s][info][gc          ] GC(43) Pause Full (System.gc()) 770M->770M(5939M) 1971.375ms
[95.144s][info][gc,metaspace] GC(44) Metaspace: 21379K(21760K)->21379K(21760K) NonClass: 17637K(17856K)->17637K(17856K) Class: 3741K(3904K)->3741K(3904K)
[95.144s][info][gc          ] GC(44) Pause Full (System.gc()) 770M->770M(5939M) 1976.520ms
[97.115s][info][gc,metaspace] GC(45) Metaspace: 21379K(21760K)->21379K(21760K) NonClass: 17637K(17856K)->17637K(17856K) Class: 3741K(3904K)->3741K(3904K)
[97.115s][info][gc          ] GC(45) Pause Full (System.gc()) 770M->770M(5939M) 1970.412ms
[99.087s][info][gc,metaspace] GC(46) Metaspace: 21379K(21760K)->21379K(21760K) NonClass: 17637K(17856K)->17637K(17856K) Class: 3741K(3904K)->3741K(3904K)
[99.087s][info][gc          ] GC(46) Pause Full (System.gc()) 770M->770M(5939M) 1972.018ms
[101.063s][info][gc,metaspace] GC(47) Metaspace: 21379K(21760K)->21379K(21760K) NonClass: 17637K(17856K)->17637K(17856K) Class: 3741K(3904K)->3741K(3904K)
[101.063s][info][gc          ] GC(47) Pause Full (System.gc()) 770M->770M(5939M) 1976.187ms
[103.035s][info][gc,metaspace] GC(48) Metaspace: 21379K(21760K)->21379K(21760K) NonClass: 17637K(17856K)->17637K(17856K) Class: 3741K(3904K)->3741K(3904K)
[103.035s][info][gc          ] GC(48) Pause Full (System.gc()) 770M->770M(5939M) 1971.714ms
[105.011s][info][gc,metaspace] GC(49) Metaspace: 21379K(21760K)->21379K(21760K) NonClass: 17637K(17856K)->17637K(17856K) Class: 3741K(3904K)->3741K(3904K)
[105.011s][info][gc          ] GC(49) Pause Full (System.gc()) 770M->770M(5939M) 1975.671ms
[106.983s][info][gc,metaspace] GC(50) Metaspace: 21379K(21760K)->21379K(21760K) NonClass: 17637K(17856K)->17637K(17856K) Class: 3741K(3904K)->3741K(3904K)
[106.983s][info][gc          ] GC(50) Pause Full (System.gc()) 770M->770M(5939M) 1972.116ms
[108.959s][info][gc,metaspace] GC(51) Metaspace: 21379K(21760K)->21379K(21760K) NonClass: 17637K(17856K)->17637K(17856K) Class: 3741K(3904K)->3741K(3904K)
[108.959s][info][gc          ] GC(51) Pause Full (System.gc()) 770M->770M(5939M) 1975.838ms
[110.930s][info][gc,metaspace] GC(52) Metaspace: 21379K(21760K)->21379K(21760K) NonClass: 17637K(17856K)->17637K(17856K) Class: 3741K(3904K)->3741K(3904K)
[110.930s][info][gc          ] GC(52) Pause Full (System.gc()) 770M->770M(5939M) 1971.415ms
[112.902s][info][gc,metaspace] GC(53) Metaspace: 21379K(21760K)->21379K(21760K) NonClass: 17637K(17856K)->17637K(17856K) Class: 3741K(3904K)->3741K(3904K)
[112.902s][info][gc          ] GC(53) Pause Full (System.gc()) 770M->770M(5939M) 1972.167ms
[114.879s][info][gc,metaspace] GC(54) Metaspace: 21379K(21760K)->21379K(21760K) NonClass: 17637K(17856K)->17637K(17856K) Class: 3741K(3904K)->3741K(3904K)
[114.879s][info][gc          ] GC(54) Pause Full (System.gc()) 770M->770M(5939M) 1976.108ms
[116.849s][info][gc,metaspace] GC(55) Metaspace: 21379K(21760K)->21379K(21760K) NonClass: 17637K(17856K)->17637K(17856K) Class: 3741K(3904K)->3741K(3904K)
[116.849s][info][gc          ] GC(55) Pause Full (System.gc()) 770M->770M(5939M) 1970.765ms
[118.825s][info][gc,metaspace] GC(56) Metaspace: 21379K(21760K)->21379K(21760K) NonClass: 17637K(17856K)->17637K(17856K) Class: 3741K(3904K)->3741K(3904K)
[118.825s][info][gc          ] GC(56) Pause Full (System.gc()) 770M->770M(5939M) 1975.694ms
[120.797s][info][gc,metaspace] GC(57) Metaspace: 21379K(21760K)->21379K(21760K) NonClass: 17637K(17856K)->17637K(17856K) Class: 3741K(3904K)->3741K(3904K)
[120.797s][info][gc          ] GC(57) Pause Full (System.gc()) 770M->770M(5939M) 1971.648ms
[122.773s][info][gc,metaspace] GC(58) Metaspace: 21379K(21760K)->21379K(21760K) NonClass: 17637K(17856K)->17637K(17856K) Class: 3741K(3904K)->3741K(3904K)
[122.773s][info][gc          ] GC(58) Pause Full (System.gc()) 770M->770M(5939M) 1975.779ms
[125.408s][info][gc,metaspace] GC(59) Metaspace: 21379K(21760K)->21379K(21760K) NonClass: 17637K(17856K)->17637K(17856K) Class: 3741K(3904K)->3741K(3904K)
[125.408s][info][gc          ] GC(59) Pause Full (System.gc()) 770M->770M(5939M) 2635.330ms
[127.380s][info][gc,metaspace] GC(60) Metaspace: 21379K(21760K)->21379K(21760K) NonClass: 17637K(17856K)->17637K(17856K) Class: 3741K(3904K)->3741K(3904K)
[127.380s][info][gc          ] GC(60) Pause Full (System.gc()) 787M->770M(5939M) 1971.697ms
[129.357s][info][gc,metaspace] GC(61) Metaspace: 21379K(21760K)->21379K(21760K) NonClass: 17637K(17856K)->17637K(17856K) Class: 3741K(3904K)->3741K(3904K)
[129.357s][info][gc          ] GC(61) Pause Full (System.gc()) 770M->770M(5939M) 1976.653ms
[131.328s][info][gc,metaspace] GC(62) Metaspace: 21379K(21760K)->21379K(21760K) NonClass: 17637K(17856K)->17637K(17856K) Class: 3741K(3904K)->3741K(3904K)
[131.328s][info][gc          ] GC(62) Pause Full (System.gc()) 770M->770M(5939M) 1971.020ms
[133.368s][info][gc,metaspace] GC(63) Metaspace: 21379K(21760K)->21379K(21760K) NonClass: 17637K(17856K)->17637K(17856K) Class: 3741K(3904K)->3741K(3904K)
[133.368s][info][gc          ] GC(63) Pause Full (System.gc()) 770M->770M(5939M) 2040.083ms
[135.340s][info][gc,metaspace] GC(64) Metaspace: 21379K(21760K)->21379K(21760K) NonClass: 17637K(17856K)->17637K(17856K) Class: 3741K(3904K)->3741K(3904K)
[135.340s][info][gc          ] GC(64) Pause Full (System.gc()) 770M->770M(5939M) 1971.927ms
[137.316s][info][gc,metaspace] GC(65) Metaspace: 21379K(21760K)->21379K(21760K) NonClass: 17637K(17856K)->17637K(17856K) Class: 3741K(3904K)->3741K(3904K)
[137.316s][info][gc          ] GC(65) Pause Full (System.gc()) 770M->770M(5939M) 1976.157ms
[139.288s][info][gc,metaspace] GC(66) Metaspace: 21379K(21760K)->21379K(21760K) NonClass: 17637K(17856K)->17637K(17856K) Class: 3741K(3904K)->3741K(3904K)
[139.288s][info][gc          ] GC(66) Pause Full (System.gc()) 770M->770M(5939M) 1971.921ms
[141.260s][info][gc,metaspace] GC(67) Metaspace: 21379K(21760K)->21379K(21760K) NonClass: 17637K(17856K)->17637K(17856K) Class: 3741K(3904K)->3741K(3904K)
[141.260s][info][gc          ] GC(67) Pause Full (System.gc()) 770M->770M(5939M) 1971.571ms
[143.236s][info][gc,metaspace] GC(68) Metaspace: 21379K(21760K)->21379K(21760K) NonClass: 17637K(17856K)->17637K(17856K) Class: 3741K(3904K)->3741K(3904K)
[143.236s][info][gc          ] GC(68) Pause Full (System.gc()) 770M->770M(5939M) 1976.157ms
[145.208s][info][gc,metaspace] GC(69) Metaspace: 21379K(21760K)->21379K(21760K) NonClass: 17637K(17856K)->17637K(17856K) Class: 3741K(3904K)->3741K(3904K)
[145.208s][info][gc          ] GC(69) Pause Full (System.gc()) 770M->770M(5939M) 1971.945ms
[147.184s][info][gc,metaspace] GC(70) Metaspace: 21379K(21760K)->21379K(21760K) NonClass: 17637K(17856K)->17637K(17856K) Class: 3741K(3904K)->3741K(3904K)
[147.184s][info][gc          ] GC(70) Pause Full (System.gc()) 770M->770M(5939M) 1976.072ms
[149.157s][info][gc,metaspace] GC(71) Metaspace: 21379K(21760K)->21379K(21760K) NonClass: 17637K(17856K)->17637K(17856K) Class: 3741K(3904K)->3741K(3904K)
[149.157s][info][gc          ] GC(71) Pause Full (System.gc()) 770M->770M(5939M) 1972.031ms
[151.132s][info][gc,metaspace] GC(72) Metaspace: 21379K(21760K)->21379K(21760K) NonClass: 17637K(17856K)->17637K(17856K) Class: 3741K(3904K)->3741K(3904K)
[151.132s][info][gc          ] GC(72) Pause Full (System.gc()) 770M->770M(5939M) 1975.399ms
[153.104s][info][gc,metaspace] GC(73) Metaspace: 21379K(21760K)->21379K(21760K) NonClass: 17637K(17856K)->17637K(17856K) Class: 3741K(3904K)->3741K(3904K)
[153.104s][info][gc          ] GC(73) Pause Full (System.gc()) 770M->770M(5939M) 1971.931ms
[155.080s][info][gc,metaspace] GC(74) Metaspace: 21379K(21760K)->21379K(21760K) NonClass: 17637K(17856K)->17637K(17856K) Class: 3741K(3904K)->3741K(3904K)
[155.080s][info][gc          ] GC(74) Pause Full (System.gc()) 770M->770M(5939M) 1975.592ms
[157.052s][info][gc,metaspace] GC(75) Metaspace: 21379K(21760K)->21379K(21760K) NonClass: 17637K(17856K)->17637K(17856K) Class: 3741K(3904K)->3741K(3904K)
[157.052s][info][gc          ] GC(75) Pause Full (System.gc()) 770M->770M(5939M) 1972.090ms
[159.024s][info][gc,metaspace] GC(76) Metaspace: 21379K(21760K)->21379K(21760K) NonClass: 17637K(17856K)->17637K(17856K) Class: 3741K(3904K)->3741K(3904K)
[159.024s][info][gc          ] GC(76) Pause Full (System.gc()) 770M->770M(5939M) 1971.919ms
[161.000s][info][gc,metaspace] GC(77) Metaspace: 21379K(21760K)->21379K(21760K) NonClass: 17637K(17856K)->17637K(17856K) Class: 3741K(3904K)->3741K(3904K)
[161.000s][info][gc          ] GC(77) Pause Full (System.gc()) 770M->770M(5939M) 1975.789ms
[162.972s][info][gc,metaspace] GC(78) Metaspace: 21379K(21760K)->21379K(21760K) NonClass: 17637K(17856K)->17637K(17856K) Class: 3741K(3904K)->3741K(3904K)
[162.972s][info][gc          ] GC(78) Pause Full (System.gc()) 770M->770M(5939M) 1971.706ms
[164.998s][info][gc,metaspace] GC(79) Metaspace: 21379K(21760K)->21379K(21760K) NonClass: 17637K(17856K)->17637K(17856K) Class: 3741K(3904K)->3741K(3904K)
[164.998s][info][gc          ] GC(79) Pause Full (System.gc()) 770M->770M(5939M) 2026.792ms
[166.970s][info][gc,metaspace] GC(80) Metaspace: 21379K(21760K)->21379K(21760K) NonClass: 17637K(17856K)->17637K(17856K) Class: 3741K(3904K)->3741K(3904K)
[166.970s][info][gc          ] GC(80) Pause Full (System.gc()) 770M->770M(5939M) 1971.731ms
[168.946s][info][gc,metaspace] GC(81) Metaspace: 21379K(21760K)->21379K(21760K) NonClass: 17637K(17856K)->17637K(17856K) Class: 3741K(3904K)->3741K(3904K)
[168.946s][info][gc          ] GC(81) Pause Full (System.gc()) 770M->770M(5939M) 1976.020ms
[170.918s][info][gc,metaspace] GC(82) Metaspace: 21379K(21760K)->21379K(21760K) NonClass: 17637K(17856K)->17637K(17856K) Class: 3741K(3904K)->3741K(3904K)
[170.918s][info][gc          ] GC(82) Pause Full (System.gc()) 770M->770M(5939M) 1971.420ms
[172.890s][info][gc,metaspace] GC(83) Metaspace: 21379K(21760K)->21379K(21760K) NonClass: 17637K(17856K)->17637K(17856K) Class: 3741K(3904K)->3741K(3904K)
[172.890s][info][gc          ] GC(83) Pause Full (System.gc()) 770M->770M(5939M) 1972.253ms
[174.866s][info][gc,metaspace] GC(84) Metaspace: 21379K(21760K)->21379K(21760K) NonClass: 17637K(17856K)->17637K(17856K) Class: 3741K(3904K)->3741K(3904K)
[174.866s][info][gc          ] GC(84) Pause Full (System.gc()) 770M->770M(5939M) 1975.866ms
[176.838s][info][gc,metaspace] GC(85) Metaspace: 21379K(21760K)->21379K(21760K) NonClass: 17637K(17856K)->17637K(17856K) Class: 3741K(3904K)->3741K(3904K)
[176.838s][info][gc          ] GC(85) Pause Full (System.gc()) 770M->770M(5939M) 1971.541ms
[178.814s][info][gc,metaspace] GC(86) Metaspace: 21379K(21760K)->21379K(21760K) NonClass: 17637K(17856K)->17637K(17856K) Class: 3741K(3904K)->3741K(3904K)
[178.814s][info][gc          ] GC(86) Pause Full (System.gc()) 770M->770M(5939M) 1975.875ms
[180.785s][info][gc,metaspace] GC(87) Metaspace: 21379K(21760K)->21379K(21760K) NonClass: 17637K(17856K)->17637K(17856K) Class: 3741K(3904K)->3741K(3904K)
[180.785s][info][gc          ] GC(87) Pause Full (System.gc()) 770M->770M(5939M) 1971.503ms
[182.759s][info][gc,metaspace] GC(88) Metaspace: 21379K(21760K)->21379K(21760K) NonClass: 17637K(17856K)->17637K(17856K) Class: 3741K(3904K)->3741K(3904K)
[182.759s][info][gc          ] GC(88) Pause Full (System.gc()) 770M->770M(5939M) 1973.966ms
[185.394s][info][gc,metaspace] GC(89) Metaspace: 21379K(21760K)->21379K(21760K) NonClass: 17637K(17856K)->17637K(17856K) Class: 3741K(3904K)->3741K(3904K)
[185.394s][info][gc          ] GC(89) Pause Full (System.gc()) 770M->770M(5939M) 2634.762ms
[187.367s][info][gc,metaspace] GC(90) Metaspace: 21379K(21760K)->21379K(21760K) NonClass: 17637K(17856K)->17637K(17856K) Class: 3741K(3904K)->3741K(3904K)
[187.367s][info][gc          ] GC(90) Pause Full (System.gc()) 770M->770M(5939M) 1972.125ms
[189.343s][info][gc,metaspace] GC(91) Metaspace: 21379K(21760K)->21379K(21760K) NonClass: 17637K(17856K)->17637K(17856K) Class: 3741K(3904K)->3741K(3904K)
[189.343s][info][gc          ] GC(91) Pause Full (System.gc()) 787M->770M(5939M) 1975.813ms
[191.313s][info][gc,metaspace] GC(92) Metaspace: 21379K(21760K)->21379K(21760K) NonClass: 17637K(17856K)->17637K(17856K) Class: 3741K(3904K)->3741K(3904K)
[191.313s][info][gc          ] GC(92) Pause Full (System.gc()) 770M->770M(5939M) 1970.495ms
[193.289s][info][gc,metaspace] GC(93) Metaspace: 21379K(21760K)->21379K(21760K) NonClass: 17637K(17856K)->17637K(17856K) Class: 3741K(3904K)->3741K(3904K)
[193.289s][info][gc          ] GC(93) Pause Full (System.gc()) 770M->770M(5939M) 1975.411ms
[195.260s][info][gc,metaspace] GC(94) Metaspace: 21379K(21760K)->21379K(21760K) NonClass: 17637K(17856K)->17637K(17856K) Class: 3741K(3904K)->3741K(3904K)
[195.260s][info][gc          ] GC(94) Pause Full (System.gc()) 770M->770M(5939M) 1971.129ms
[197.236s][info][gc,metaspace] GC(95) Metaspace: 21379K(21760K)->21379K(21760K) NonClass: 17637K(17856K)->17637K(17856K) Class: 3741K(3904K)->3741K(3904K)
[197.236s][info][gc          ] GC(95) Pause Full (System.gc()) 770M->770M(5939M) 1976.112ms
[199.208s][info][gc,metaspace] GC(96) Metaspace: 21379K(21760K)->21379K(21760K) NonClass: 17637K(17856K)->17637K(17856K) Class: 3741K(3904K)->3741K(3904K)
[199.208s][info][gc          ] GC(96) Pause Full (System.gc()) 770M->770M(5939M) 1971.594ms
[201.180s][info][gc,metaspace] GC(97) Metaspace: 21379K(21760K)->21379K(21760K) NonClass: 17637K(17856K)->17637K(17856K) Class: 3741K(3904K)->3741K(3904K)
[201.180s][info][gc          ] GC(97) Pause Full (System.gc()) 770M->770M(5939M) 1972.073ms
[203.157s][info][gc,metaspace] GC(98) Metaspace: 21379K(21760K)->21379K(21760K) NonClass: 17637K(17856K)->17637K(17856K) Class: 3741K(3904K)->3741K(3904K)
[203.157s][info][gc          ] GC(98) Pause Full (System.gc()) 770M->770M(5939M) 1976.630ms
[205.128s][info][gc,metaspace] GC(99) Metaspace: 21379K(21760K)->21379K(21760K) NonClass: 17637K(17856K)->17637K(17856K) Class: 3741K(3904K)->3741K(3904K)
[205.128s][info][gc          ] GC(99) Pause Full (System.gc()) 770M->770M(5939M) 1971.600ms
[207.104s][info][gc,metaspace] GC(100) Metaspace: 21379K(21760K)->21379K(21760K) NonClass: 17637K(17856K)->17637K(17856K) Class: 3741K(3904K)->3741K(3904K)
[207.104s][info][gc          ] GC(100) Pause Full (System.gc()) 770M->770M(5939M) 1975.773ms
After GCs... 
