[0.002s][warning][pagesize] UseLargePages disabled, no large pages configured and available on the system.
[0.002s][info   ][metaspace]  - commit_granule_bytes: 65536.
[0.002s][info   ][metaspace]  - commit_granule_words: 8192.
[0.002s][info   ][metaspace]  - virtual_space_node_default_size: 8388608.
[0.002s][info   ][metaspace]  - enlarge_chunks_in_place: 1.
[0.002s][info   ][metaspace]  - use_allocation_guard: 0.
[4.197s][info   ][gc       ] Using The Z Garbage Collector
[4.197s][info   ][metaspace] Reserving compressed class space anywhere
[4.197s][info   ][gc,metaspace] CDS archive(s) not mapped
[4.197s][info   ][gc,metaspace] Compressed class space mapped at: 0x0000000031000000-0x00000000f1000000, reserved size: 3221225472
[4.197s][info   ][gc,metaspace] UseCompressedClassPointers 1, UseCompactObjectHeaders 1, narrow klass pointer bits 22, max shift 10
[4.197s][info   ][gc,metaspace] Narrow klass base: 0x0000000031000000, Narrow klass shift: 10, Narrow klass range: 0xc0000000
Random Seed: 12345678
Num Classes: 256
Num Objects: 67108864
Percent IK Objects: 83.0%)
Percent OAK Objects: 5.0%)
Percent TAK Objects: 12.0%)
Cycles: 50
Loading 256 pre-generated classes ...
Materialize pre-generated constructors ...
Creating objects...
[4.451s][info   ][gc          ] GC(0) Major Collection (System.gc())
[4.469s][info   ][gc,metaspace] GC(0) Y: Metaspace: 11M used, 11M committed, 3136M reserved
[4.472s][info   ][gc,metaspace] GC(0) Y: Metaspace: 11M used, 11M committed, 3136M reserved
[4.486s][info   ][gc,metaspace] GC(0) O: Metaspace: 11M used, 11M committed, 3136M reserved
[4.486s][info   ][gc          ] GC(0) Major Collection (System.gc()) 52M(1%)->42M(1%) 0.035s
[4.723s][info   ][gc          ] GC(1) Major Collection (Warmup)
[4.895s][info   ][gc,metaspace] GC(1) Y: Metaspace: 12M used, 12M committed, 3136M reserved
[4.916s][info   ][gc,metaspace] GC(1) O: Metaspace: 12M used, 12M committed, 3136M reserved
[4.916s][info   ][gc          ] GC(1) Major Collection (Warmup) 616M(10%)->726M(12%) 0.193s
[5.327s][info   ][gc          ] GC(2) Major Collection (Warmup)
[6.619s][info   ][gc,metaspace] GC(2) Y: Metaspace: 12M used, 12M committed, 3136M reserved
[6.624s][info   ][gc          ] GC(3) Minor Collection (Allocation Rate)
[8.426s][info   ][gc,metaspace] GC(3) y: Metaspace: 12M used, 12M committed, 3136M reserved
[8.426s][info   ][gc          ] GC(3) Minor Collection (Allocation Rate) 2710M(44%)->3438M(56%) 1.802s
[8.931s][info   ][gc          ] GC(4) Minor Collection (Allocation Rate)
[10.808s][info   ][gc          ] Allocation Stall (main) 814.627ms
[11.308s][info   ][gc,metaspace] GC(4) y: Metaspace: 12M used, 12M committed, 3136M reserved
[11.308s][info   ][gc          ] GC(4) Minor Collection (Allocation Rate) 4320M(70%)->3550M(58%) 2.378s
[11.309s][info   ][gc,metaspace] GC(2) O: Metaspace: 12M used, 12M committed, 3136M reserved
[11.309s][info   ][gc          ] GC(2) Major Collection (Warmup) 1234M(20%)->3550M(58%) 5.982s
[11.319s][info   ][gc          ] GC(5) Major Collection (Warmup)
[13.958s][info   ][gc          ] Allocation Stall (main) 1161.868ms
[14.581s][info   ][gc,metaspace] GC(5) Y: Metaspace: 12M used, 12M committed, 3136M reserved
[14.581s][info   ][gc          ] GC(6) Minor Collection (Allocation Stall)
[17.265s][info   ][gc          ] Allocation Stall (main) 2002.778ms
[17.687s][info   ][gc,metaspace] GC(6) y: Metaspace: 12M used, 12M committed, 3136M reserved
[17.687s][info   ][gc          ] GC(6) Minor Collection (Allocation Stall) 5002M(81%)->3414M(56%) 3.106s
[18.464s][info   ][gc          ] GC(7) Minor Collection (Allocation Rate)
67108864 Objects created
 - IK: 55699211 (82.99829%)
 - OAK: 3355627 (5.0002737%)
 - TAK: 8054026 (12.001434%)
Preparatory GC...
[22.366s][info   ][gc,metaspace] GC(7) y: Metaspace: 12M used, 12M committed, 3136M reserved
[22.366s][info   ][gc          ] GC(7) Minor Collection (Allocation Rate) 4344M(71%)->3580M(58%) 3.902s
[22.366s][info   ][gc,metaspace] GC(5) O: Metaspace: 12M used, 12M committed, 3136M reserved
[22.370s][info   ][gc          ] GC(5) Major Collection (Warmup) 3560M(58%)->3580M(58%) 11.052s
[22.370s][info   ][gc          ] GC(8) Major Collection (System.gc())
[24.815s][info   ][gc,metaspace] GC(8) Y: Metaspace: 12M used, 12M committed, 3136M reserved
[25.400s][info   ][gc,metaspace] GC(8) Y: Metaspace: 12M used, 12M committed, 3136M reserved
[27.858s][info   ][gc,metaspace] GC(8) O: Metaspace: 12M used, 12M committed, 3136M reserved
[27.858s][info   ][gc          ] GC(8) Major Collection (System.gc()) 3580M(58%)->2272M(37%) 5.487s
[27.858s][info   ][gc          ] GC(9) Major Collection (System.gc())
[27.869s][info   ][gc,metaspace] GC(9) Y: Metaspace: 12M used, 12M committed, 3136M reserved
[27.875s][info   ][gc,metaspace] GC(9) Y: Metaspace: 12M used, 12M committed, 3136M reserved
[30.295s][info   ][gc,metaspace] GC(9) O: Metaspace: 12M used, 12M committed, 3136M reserved
[30.295s][info   ][gc          ] GC(9) Major Collection (System.gc()) 2272M(37%)->2272M(37%) 2.437s
Done; will start GCs... 
[30.295s][info   ][gc          ] GC(10) Major Collection (System.gc())
[30.301s][info   ][gc,metaspace] GC(10) Y: Metaspace: 12M used, 12M committed, 3136M reserved
[30.307s][info   ][gc,metaspace] GC(10) Y: Metaspace: 12M used, 12M committed, 3136M reserved
[32.689s][info   ][gc,metaspace] GC(10) O: Metaspace: 12M used, 12M committed, 3136M reserved
[32.689s][info   ][gc          ] GC(10) Major Collection (System.gc()) 2274M(37%)->2272M(37%) 2.394s
[32.689s][info   ][gc          ] GC(11) Major Collection (System.gc())
[32.694s][info   ][gc,metaspace] GC(11) Y: Metaspace: 12M used, 12M committed, 3136M reserved
[32.700s][info   ][gc,metaspace] GC(11) Y: Metaspace: 12M used, 12M committed, 3136M reserved
[34.978s][info   ][gc,metaspace] GC(11) O: Metaspace: 12M used, 12M committed, 3136M reserved
[34.978s][info   ][gc          ] GC(11) Major Collection (System.gc()) 2272M(37%)->2272M(37%) 2.289s
[34.978s][info   ][gc          ] GC(12) Major Collection (System.gc())
[34.984s][info   ][gc,metaspace] GC(12) Y: Metaspace: 12M used, 12M committed, 3136M reserved
[34.990s][info   ][gc,metaspace] GC(12) Y: Metaspace: 12M used, 12M committed, 3136M reserved
[37.465s][info   ][gc,metaspace] GC(12) O: Metaspace: 12M used, 12M committed, 3136M reserved
[37.465s][info   ][gc          ] GC(12) Major Collection (System.gc()) 2272M(37%)->2272M(37%) 2.487s
[37.465s][info   ][gc          ] GC(13) Major Collection (System.gc())
[37.471s][info   ][gc,metaspace] GC(13) Y: Metaspace: 12M used, 12M committed, 3136M reserved
[37.477s][info   ][gc,metaspace] GC(13) Y: Metaspace: 12M used, 12M committed, 3136M reserved
[39.785s][info   ][gc,metaspace] GC(13) O: Metaspace: 12M used, 12M committed, 3136M reserved
[39.785s][info   ][gc          ] GC(13) Major Collection (System.gc()) 2272M(37%)->2272M(37%) 2.320s
[39.785s][info   ][gc          ] GC(14) Major Collection (System.gc())
[39.791s][info   ][gc,metaspace] GC(14) Y: Metaspace: 12M used, 12M committed, 3136M reserved
[39.796s][info   ][gc,metaspace] GC(14) Y: Metaspace: 12M used, 12M committed, 3136M reserved
[42.336s][info   ][gc,metaspace] GC(14) O: Metaspace: 12M used, 12M committed, 3136M reserved
[42.336s][info   ][gc          ] GC(14) Major Collection (System.gc()) 2272M(37%)->2272M(37%) 2.551s
[42.336s][info   ][gc          ] GC(15) Major Collection (System.gc())
[42.341s][info   ][gc,metaspace] GC(15) Y: Metaspace: 12M used, 12M committed, 3136M reserved
[42.346s][info   ][gc,metaspace] GC(15) Y: Metaspace: 12M used, 12M committed, 3136M reserved
[44.644s][info   ][gc,metaspace] GC(15) O: Metaspace: 12M used, 12M committed, 3136M reserved
[44.644s][info   ][gc          ] GC(15) Major Collection (System.gc()) 2272M(37%)->2272M(37%) 2.308s
[44.644s][info   ][gc          ] GC(16) Major Collection (System.gc())
[44.650s][info   ][gc,metaspace] GC(16) Y: Metaspace: 12M used, 12M committed, 3136M reserved
[44.656s][info   ][gc,metaspace] GC(16) Y: Metaspace: 12M used, 12M committed, 3136M reserved
[47.377s][info   ][gc,metaspace] GC(16) O: Metaspace: 12M used, 12M committed, 3136M reserved
[47.377s][info   ][gc          ] GC(16) Major Collection (System.gc()) 2272M(37%)->2272M(37%) 2.733s
[47.378s][info   ][gc          ] GC(17) Major Collection (System.gc())
[47.388s][info   ][gc,metaspace] GC(17) Y: Metaspace: 12M used, 12M committed, 3136M reserved
[47.395s][info   ][gc,metaspace] GC(17) Y: Metaspace: 12M used, 12M committed, 3136M reserved
[49.921s][info   ][gc,metaspace] GC(17) O: Metaspace: 12M used, 12M committed, 3136M reserved
[49.921s][info   ][gc          ] GC(17) Major Collection (System.gc()) 2272M(37%)->2272M(37%) 2.544s
[49.922s][info   ][gc          ] GC(18) Major Collection (System.gc())
[49.927s][info   ][gc,metaspace] GC(18) Y: Metaspace: 12M used, 12M committed, 3136M reserved
[49.933s][info   ][gc,metaspace] GC(18) Y: Metaspace: 12M used, 12M committed, 3136M reserved
[52.652s][info   ][gc,metaspace] GC(18) O: Metaspace: 12M used, 12M committed, 3136M reserved
[52.652s][info   ][gc          ] GC(18) Major Collection (System.gc()) 2272M(37%)->2272M(37%) 2.731s
[52.652s][info   ][gc          ] GC(19) Major Collection (System.gc())
[52.663s][info   ][gc,metaspace] GC(19) Y: Metaspace: 12M used, 12M committed, 3136M reserved
[52.670s][info   ][gc,metaspace] GC(19) Y: Metaspace: 12M used, 12M committed, 3136M reserved
[55.270s][info   ][gc,metaspace] GC(19) O: Metaspace: 12M used, 12M committed, 3136M reserved
[55.270s][info   ][gc          ] GC(19) Major Collection (System.gc()) 2272M(37%)->2272M(37%) 2.618s
[55.270s][info   ][gc          ] GC(20) Major Collection (System.gc())
[55.276s][info   ][gc,metaspace] GC(20) Y: Metaspace: 12M used, 12M committed, 3136M reserved
[55.282s][info   ][gc,metaspace] GC(20) Y: Metaspace: 12M used, 12M committed, 3136M reserved
[57.786s][info   ][gc,metaspace] GC(20) O: Metaspace: 12M used, 12M committed, 3136M reserved
[57.786s][info   ][gc          ] GC(20) Major Collection (System.gc()) 2272M(37%)->2272M(37%) 2.516s
[57.786s][info   ][gc          ] GC(21) Major Collection (System.gc())
[57.796s][info   ][gc,metaspace] GC(21) Y: Metaspace: 12M used, 12M committed, 3136M reserved
[57.803s][info   ][gc,metaspace] GC(21) Y: Metaspace: 12M used, 12M committed, 3136M reserved
[60.391s][info   ][gc,metaspace] GC(21) O: Metaspace: 12M used, 12M committed, 3136M reserved
[60.391s][info   ][gc          ] GC(21) Major Collection (System.gc()) 2272M(37%)->2272M(37%) 2.606s
[60.392s][info   ][gc          ] GC(22) Major Collection (System.gc())
[60.397s][info   ][gc,metaspace] GC(22) Y: Metaspace: 12M used, 12M committed, 3136M reserved
[60.403s][info   ][gc,metaspace] GC(22) Y: Metaspace: 12M used, 12M committed, 3136M reserved
[63.182s][info   ][gc,metaspace] GC(22) O: Metaspace: 12M used, 12M committed, 3136M reserved
[63.182s][info   ][gc          ] GC(22) Major Collection (System.gc()) 2272M(37%)->2272M(37%) 2.791s
[63.182s][info   ][gc          ] GC(23) Major Collection (System.gc())
[63.188s][info   ][gc,metaspace] GC(23) Y: Metaspace: 12M used, 12M committed, 3136M reserved
[63.194s][info   ][gc,metaspace] GC(23) Y: Metaspace: 12M used, 12M committed, 3136M reserved
[65.877s][info   ][gc,metaspace] GC(23) O: Metaspace: 12M used, 12M committed, 3136M reserved
[65.877s][info   ][gc          ] GC(23) Major Collection (System.gc()) 2272M(37%)->2274M(37%) 2.695s
[65.877s][info   ][gc          ] GC(24) Major Collection (System.gc())
[65.882s][info   ][gc,metaspace] GC(24) Y: Metaspace: 12M used, 12M committed, 3136M reserved
[65.888s][info   ][gc,metaspace] GC(24) Y: Metaspace: 12M used, 12M committed, 3136M reserved
[68.621s][info   ][gc,metaspace] GC(24) O: Metaspace: 12M used, 12M committed, 3136M reserved
[68.621s][info   ][gc          ] GC(24) Major Collection (System.gc()) 2274M(37%)->2272M(37%) 2.744s
[68.621s][info   ][gc          ] GC(25) Major Collection (System.gc())
[68.626s][info   ][gc,metaspace] GC(25) Y: Metaspace: 12M used, 12M committed, 3136M reserved
[68.632s][info   ][gc,metaspace] GC(25) Y: Metaspace: 12M used, 12M committed, 3136M reserved
[71.182s][info   ][gc,metaspace] GC(25) O: Metaspace: 12M used, 12M committed, 3136M reserved
[71.182s][info   ][gc          ] GC(25) Major Collection (System.gc()) 2272M(37%)->2272M(37%) 2.561s
[71.182s][info   ][gc          ] GC(26) Major Collection (System.gc())
[71.187s][info   ][gc,metaspace] GC(26) Y: Metaspace: 12M used, 12M committed, 3136M reserved
[71.193s][info   ][gc,metaspace] GC(26) Y: Metaspace: 12M used, 12M committed, 3136M reserved
[73.368s][info   ][gc,metaspace] GC(26) O: Metaspace: 12M used, 12M committed, 3136M reserved
[73.369s][info   ][gc          ] GC(26) Major Collection (System.gc()) 2272M(37%)->2272M(37%) 2.187s
[73.369s][info   ][gc          ] GC(27) Major Collection (System.gc())
[73.374s][info   ][gc,metaspace] GC(27) Y: Metaspace: 12M used, 12M committed, 3136M reserved
[73.379s][info   ][gc,metaspace] GC(27) Y: Metaspace: 12M used, 12M committed, 3136M reserved
[75.717s][info   ][gc,metaspace] GC(27) O: Metaspace: 12M used, 12M committed, 3136M reserved
[75.717s][info   ][gc          ] GC(27) Major Collection (System.gc()) 2272M(37%)->2272M(37%) 2.348s
[75.717s][info   ][gc          ] GC(28) Major Collection (System.gc())
[75.722s][info   ][gc,metaspace] GC(28) Y: Metaspace: 12M used, 12M committed, 3136M reserved
[75.728s][info   ][gc,metaspace] GC(28) Y: Metaspace: 12M used, 12M committed, 3136M reserved
[78.486s][info   ][gc,metaspace] GC(28) O: Metaspace: 12M used, 12M committed, 3136M reserved
[78.486s][info   ][gc          ] GC(28) Major Collection (System.gc()) 2272M(37%)->2272M(37%) 2.769s
[78.486s][info   ][gc          ] GC(29) Major Collection (System.gc())
[78.491s][info   ][gc,metaspace] GC(29) Y: Metaspace: 12M used, 12M committed, 3136M reserved
[78.497s][info   ][gc,metaspace] GC(29) Y: Metaspace: 12M used, 12M committed, 3136M reserved
[80.836s][info   ][gc,metaspace] GC(29) O: Metaspace: 12M used, 12M committed, 3136M reserved
[80.836s][info   ][gc          ] GC(29) Major Collection (System.gc()) 2272M(37%)->2272M(37%) 2.349s
[80.836s][info   ][gc          ] GC(30) Major Collection (System.gc())
[80.846s][info   ][gc,metaspace] GC(30) Y: Metaspace: 12M used, 12M committed, 3136M reserved
[80.852s][info   ][gc,metaspace] GC(30) Y: Metaspace: 12M used, 12M committed, 3136M reserved
[83.438s][info   ][gc,metaspace] GC(30) O: Metaspace: 12M used, 12M committed, 3136M reserved
[83.438s][info   ][gc          ] GC(30) Major Collection (System.gc()) 2272M(37%)->2272M(37%) 2.603s
[83.438s][info   ][gc          ] GC(31) Major Collection (System.gc())
[83.444s][info   ][gc,metaspace] GC(31) Y: Metaspace: 12M used, 12M committed, 3136M reserved
[83.449s][info   ][gc,metaspace] GC(31) Y: Metaspace: 12M used, 12M committed, 3136M reserved
[86.289s][info   ][gc,metaspace] GC(31) O: Metaspace: 12M used, 12M committed, 3136M reserved
[86.289s][info   ][gc          ] GC(31) Major Collection (System.gc()) 2272M(37%)->2272M(37%) 2.850s
[86.289s][info   ][gc          ] GC(32) Major Collection (System.gc())
[86.299s][info   ][gc,metaspace] GC(32) Y: Metaspace: 12M used, 12M committed, 3136M reserved
[86.305s][info   ][gc,metaspace] GC(32) Y: Metaspace: 12M used, 12M committed, 3136M reserved
[88.906s][info   ][gc,metaspace] GC(32) O: Metaspace: 12M used, 12M committed, 3136M reserved
[88.906s][info   ][gc          ] GC(32) Major Collection (System.gc()) 2272M(37%)->2272M(37%) 2.617s
[88.906s][info   ][gc          ] GC(33) Major Collection (System.gc())
[88.911s][info   ][gc,metaspace] GC(33) Y: Metaspace: 12M used, 12M committed, 3136M reserved
[88.917s][info   ][gc,metaspace] GC(33) Y: Metaspace: 12M used, 12M committed, 3136M reserved
[91.586s][info   ][gc,metaspace] GC(33) O: Metaspace: 12M used, 12M committed, 3136M reserved
[91.586s][info   ][gc          ] GC(33) Major Collection (System.gc()) 2272M(37%)->2272M(37%) 2.680s
[91.586s][info   ][gc          ] GC(34) Major Collection (System.gc())
[91.592s][info   ][gc,metaspace] GC(34) Y: Metaspace: 12M used, 12M committed, 3136M reserved
[91.597s][info   ][gc,metaspace] GC(34) Y: Metaspace: 12M used, 12M committed, 3136M reserved
[93.908s][info   ][gc,metaspace] GC(34) O: Metaspace: 12M used, 12M committed, 3136M reserved
[93.908s][info   ][gc          ] GC(34) Major Collection (System.gc()) 2272M(37%)->2272M(37%) 2.322s
[93.908s][info   ][gc          ] GC(35) Major Collection (System.gc())
[93.913s][info   ][gc,metaspace] GC(35) Y: Metaspace: 12M used, 12M committed, 3136M reserved
[93.919s][info   ][gc,metaspace] GC(35) Y: Metaspace: 12M used, 12M committed, 3136M reserved
[96.682s][info   ][gc,metaspace] GC(35) O: Metaspace: 12M used, 12M committed, 3136M reserved
[96.682s][info   ][gc          ] GC(35) Major Collection (System.gc()) 2272M(37%)->2272M(37%) 2.774s
[96.682s][info   ][gc          ] GC(36) Major Collection (System.gc())
[96.692s][info   ][gc,metaspace] GC(36) Y: Metaspace: 12M used, 12M committed, 3136M reserved
[96.698s][info   ][gc,metaspace] GC(36) Y: Metaspace: 12M used, 12M committed, 3136M reserved
[99.295s][info   ][gc,metaspace] GC(36) O: Metaspace: 12M used, 12M committed, 3136M reserved
[99.295s][info   ][gc          ] GC(36) Major Collection (System.gc()) 2272M(37%)->2272M(37%) 2.613s
[99.295s][info   ][gc          ] GC(37) Major Collection (System.gc())
[99.301s][info   ][gc,metaspace] GC(37) Y: Metaspace: 12M used, 12M committed, 3136M reserved
[99.306s][info   ][gc,metaspace] GC(37) Y: Metaspace: 12M used, 12M committed, 3136M reserved
[101.673s][info   ][gc,metaspace] GC(37) O: Metaspace: 12M used, 12M committed, 3136M reserved
[101.673s][info   ][gc          ] GC(37) Major Collection (System.gc()) 2272M(37%)->2272M(37%) 2.378s
[101.674s][info   ][gc          ] GC(38) Major Collection (System.gc())
[101.678s][info   ][gc,metaspace] GC(38) Y: Metaspace: 12M used, 12M committed, 3136M reserved
[101.684s][info   ][gc,metaspace] GC(38) Y: Metaspace: 12M used, 12M committed, 3136M reserved
[103.978s][info   ][gc,metaspace] GC(38) O: Metaspace: 12M used, 12M committed, 3136M reserved
[103.978s][info   ][gc          ] GC(38) Major Collection (System.gc()) 2272M(37%)->2272M(37%) 2.305s
[103.979s][info   ][gc          ] GC(39) Major Collection (System.gc())
[103.984s][info   ][gc,metaspace] GC(39) Y: Metaspace: 12M used, 12M committed, 3136M reserved
[103.989s][info   ][gc,metaspace] GC(39) Y: Metaspace: 12M used, 12M committed, 3136M reserved
[106.740s][info   ][gc,metaspace] GC(39) O: Metaspace: 12M used, 12M committed, 3136M reserved
[106.740s][info   ][gc          ] GC(39) Major Collection (System.gc()) 2272M(37%)->2272M(37%) 2.761s
[106.740s][info   ][gc          ] GC(40) Major Collection (System.gc())
[106.746s][info   ][gc,metaspace] GC(40) Y: Metaspace: 12M used, 12M committed, 3136M reserved
[106.751s][info   ][gc,metaspace] GC(40) Y: Metaspace: 12M used, 12M committed, 3136M reserved
[109.551s][info   ][gc,metaspace] GC(40) O: Metaspace: 12M used, 12M committed, 3136M reserved
[109.551s][info   ][gc          ] GC(40) Major Collection (System.gc()) 2272M(37%)->2272M(37%) 2.811s
[109.551s][info   ][gc          ] GC(41) Major Collection (System.gc())
[109.556s][info   ][gc,metaspace] GC(41) Y: Metaspace: 12M used, 12M committed, 3136M reserved
[109.561s][info   ][gc,metaspace] GC(41) Y: Metaspace: 12M used, 12M committed, 3136M reserved
[111.841s][info   ][gc,metaspace] GC(41) O: Metaspace: 12M used, 12M committed, 3136M reserved
[111.841s][info   ][gc          ] GC(41) Major Collection (System.gc()) 2272M(37%)->2272M(37%) 2.290s
[111.841s][info   ][gc          ] GC(42) Major Collection (System.gc())
[111.846s][info   ][gc,metaspace] GC(42) Y: Metaspace: 12M used, 12M committed, 3136M reserved
[111.852s][info   ][gc,metaspace] GC(42) Y: Metaspace: 12M used, 12M committed, 3136M reserved
[114.101s][info   ][gc,metaspace] GC(42) O: Metaspace: 12M used, 12M committed, 3136M reserved
[114.101s][info   ][gc          ] GC(42) Major Collection (System.gc()) 2272M(37%)->2272M(37%) 2.260s
[114.101s][info   ][gc          ] GC(43) Major Collection (System.gc())
[114.107s][info   ][gc,metaspace] GC(43) Y: Metaspace: 12M used, 12M committed, 3136M reserved
[114.113s][info   ][gc,metaspace] GC(43) Y: Metaspace: 12M used, 12M committed, 3136M reserved
[116.835s][info   ][gc,metaspace] GC(43) O: Metaspace: 12M used, 12M committed, 3136M reserved
[116.835s][info   ][gc          ] GC(43) Major Collection (System.gc()) 2272M(37%)->2272M(37%) 2.733s
[116.835s][info   ][gc          ] GC(44) Major Collection (System.gc())
[116.840s][info   ][gc,metaspace] GC(44) Y: Metaspace: 12M used, 12M committed, 3136M reserved
[116.845s][info   ][gc,metaspace] GC(44) Y: Metaspace: 12M used, 12M committed, 3136M reserved
[119.096s][info   ][gc,metaspace] GC(44) O: Metaspace: 12M used, 12M committed, 3136M reserved
[119.096s][info   ][gc          ] GC(44) Major Collection (System.gc()) 2272M(37%)->2272M(37%) 2.262s
[119.096s][info   ][gc          ] GC(45) Major Collection (System.gc())
[119.102s][info   ][gc,metaspace] GC(45) Y: Metaspace: 12M used, 12M committed, 3136M reserved
[119.108s][info   ][gc,metaspace] GC(45) Y: Metaspace: 12M used, 12M committed, 3136M reserved
[121.790s][info   ][gc,metaspace] GC(45) O: Metaspace: 12M used, 12M committed, 3136M reserved
[121.790s][info   ][gc          ] GC(45) Major Collection (System.gc()) 2272M(37%)->2272M(37%) 2.693s
[121.790s][info   ][gc          ] GC(46) Major Collection (System.gc())
[121.796s][info   ][gc,metaspace] GC(46) Y: Metaspace: 12M used, 12M committed, 3136M reserved
[121.801s][info   ][gc,metaspace] GC(46) Y: Metaspace: 12M used, 12M committed, 3136M reserved
[124.482s][info   ][gc,metaspace] GC(46) O: Metaspace: 12M used, 12M committed, 3136M reserved
[124.482s][info   ][gc          ] GC(46) Major Collection (System.gc()) 2272M(37%)->2274M(37%) 2.692s
[124.482s][info   ][gc          ] GC(47) Major Collection (System.gc())
[124.487s][info   ][gc,metaspace] GC(47) Y: Metaspace: 12M used, 12M committed, 3136M reserved
[124.492s][info   ][gc,metaspace] GC(47) Y: Metaspace: 12M used, 12M committed, 3136M reserved
[126.824s][info   ][gc,metaspace] GC(47) O: Metaspace: 12M used, 12M committed, 3136M reserved
[126.824s][info   ][gc          ] GC(47) Major Collection (System.gc()) 2274M(37%)->2272M(37%) 2.342s
[126.824s][info   ][gc          ] GC(48) Major Collection (System.gc())
[126.829s][info   ][gc,metaspace] GC(48) Y: Metaspace: 12M used, 12M committed, 3136M reserved
[126.835s][info   ][gc,metaspace] GC(48) Y: Metaspace: 12M used, 12M committed, 3136M reserved
[129.357s][info   ][gc,metaspace] GC(48) O: Metaspace: 12M used, 12M committed, 3136M reserved
[129.357s][info   ][gc          ] GC(48) Major Collection (System.gc()) 2272M(37%)->2272M(37%) 2.533s
[129.357s][info   ][gc          ] GC(49) Major Collection (System.gc())
[129.362s][info   ][gc,metaspace] GC(49) Y: Metaspace: 12M used, 12M committed, 3136M reserved
[129.367s][info   ][gc,metaspace] GC(49) Y: Metaspace: 12M used, 12M committed, 3136M reserved
[132.199s][info   ][gc,metaspace] GC(49) O: Metaspace: 12M used, 12M committed, 3136M reserved
[132.199s][info   ][gc          ] GC(49) Major Collection (System.gc()) 2272M(37%)->2272M(37%) 2.842s
[132.199s][info   ][gc          ] GC(50) Major Collection (System.gc())
[132.204s][info   ][gc,metaspace] GC(50) Y: Metaspace: 12M used, 12M committed, 3136M reserved
[132.210s][info   ][gc,metaspace] GC(50) Y: Metaspace: 12M used, 12M committed, 3136M reserved
[134.829s][info   ][gc,metaspace] GC(50) O: Metaspace: 12M used, 12M committed, 3136M reserved
[134.829s][info   ][gc          ] GC(50) Major Collection (System.gc()) 2272M(37%)->2272M(37%) 2.630s
[134.829s][info   ][gc          ] GC(51) Major Collection (System.gc())
[134.834s][info   ][gc,metaspace] GC(51) Y: Metaspace: 12M used, 12M committed, 3136M reserved
[134.840s][info   ][gc,metaspace] GC(51) Y: Metaspace: 12M used, 12M committed, 3136M reserved
[137.572s][info   ][gc,metaspace] GC(51) O: Metaspace: 12M used, 12M committed, 3136M reserved
[137.572s][info   ][gc          ] GC(51) Major Collection (System.gc()) 2272M(37%)->2272M(37%) 2.743s
[137.572s][info   ][gc          ] GC(52) Major Collection (System.gc())
[137.577s][info   ][gc,metaspace] GC(52) Y: Metaspace: 12M used, 12M committed, 3136M reserved
[137.582s][info   ][gc,metaspace] GC(52) Y: Metaspace: 12M used, 12M committed, 3136M reserved
[139.912s][info   ][gc,metaspace] GC(52) O: Metaspace: 12M used, 12M committed, 3136M reserved
[139.912s][info   ][gc          ] GC(52) Major Collection (System.gc()) 2272M(37%)->2272M(37%) 2.339s
[139.912s][info   ][gc          ] GC(53) Major Collection (System.gc())
[139.917s][info   ][gc,metaspace] GC(53) Y: Metaspace: 12M used, 12M committed, 3136M reserved
[139.922s][info   ][gc,metaspace] GC(53) Y: Metaspace: 12M used, 12M committed, 3136M reserved
[142.648s][info   ][gc,metaspace] GC(53) O: Metaspace: 12M used, 12M committed, 3136M reserved
[142.648s][info   ][gc          ] GC(53) Major Collection (System.gc()) 2272M(37%)->2272M(37%) 2.736s
[142.648s][info   ][gc          ] GC(54) Major Collection (System.gc())
[142.658s][info   ][gc,metaspace] GC(54) Y: Metaspace: 12M used, 12M committed, 3136M reserved
[142.664s][info   ][gc,metaspace] GC(54) Y: Metaspace: 12M used, 12M committed, 3136M reserved
[145.341s][info   ][gc,metaspace] GC(54) O: Metaspace: 12M used, 12M committed, 3136M reserved
[145.341s][info   ][gc          ] GC(54) Major Collection (System.gc()) 2272M(37%)->2272M(37%) 2.693s
[145.341s][info   ][gc          ] GC(55) Major Collection (System.gc())
[145.346s][info   ][gc,metaspace] GC(55) Y: Metaspace: 12M used, 12M committed, 3136M reserved
[145.352s][info   ][gc,metaspace] GC(55) Y: Metaspace: 12M used, 12M committed, 3136M reserved
[147.719s][info   ][gc,metaspace] GC(55) O: Metaspace: 12M used, 12M committed, 3136M reserved
[147.719s][info   ][gc          ] GC(55) Major Collection (System.gc()) 2272M(37%)->2272M(37%) 2.378s
[147.719s][info   ][gc          ] GC(56) Major Collection (System.gc())
[147.729s][info   ][gc,metaspace] GC(56) Y: Metaspace: 12M used, 12M committed, 3136M reserved
[147.736s][info   ][gc,metaspace] GC(56) Y: Metaspace: 12M used, 12M committed, 3136M reserved
[150.398s][info   ][gc,metaspace] GC(56) O: Metaspace: 12M used, 12M committed, 3136M reserved
[150.398s][info   ][gc          ] GC(56) Major Collection (System.gc()) 2272M(37%)->2272M(37%) 2.679s
[150.398s][info   ][gc          ] GC(57) Major Collection (System.gc())
[150.403s][info   ][gc,metaspace] GC(57) Y: Metaspace: 12M used, 12M committed, 3136M reserved
[150.409s][info   ][gc,metaspace] GC(57) Y: Metaspace: 12M used, 12M committed, 3136M reserved
[153.307s][info   ][gc,metaspace] GC(57) O: Metaspace: 12M used, 12M committed, 3136M reserved
[153.307s][info   ][gc          ] GC(57) Major Collection (System.gc()) 2272M(37%)->2272M(37%) 2.909s
[153.307s][info   ][gc          ] GC(58) Major Collection (System.gc())
[153.317s][info   ][gc,metaspace] GC(58) Y: Metaspace: 12M used, 12M committed, 3136M reserved
[153.324s][info   ][gc,metaspace] GC(58) Y: Metaspace: 12M used, 12M committed, 3136M reserved
[155.936s][info   ][gc,metaspace] GC(58) O: Metaspace: 12M used, 12M committed, 3136M reserved
[155.936s][info   ][gc          ] GC(58) Major Collection (System.gc()) 2272M(37%)->2272M(37%) 2.629s
[155.936s][info   ][gc          ] GC(59) Major Collection (System.gc())
[155.941s][info   ][gc,metaspace] GC(59) Y: Metaspace: 12M used, 12M committed, 3136M reserved
[155.947s][info   ][gc,metaspace] GC(59) Y: Metaspace: 12M used, 12M committed, 3136M reserved
[158.675s][info   ][gc,metaspace] GC(59) O: Metaspace: 12M used, 12M committed, 3136M reserved
[158.675s][info   ][gc          ] GC(59) Major Collection (System.gc()) 2272M(37%)->2272M(37%) 2.739s
After GCs... 
