[0.002s][warning][pagesize] UseLargePages disabled, no large pages configured and available on the system.
[0.002s][info   ][metaspace]  - commit_granule_bytes: 65536.
[0.002s][info   ][metaspace]  - commit_granule_words: 8192.
[0.002s][info   ][metaspace]  - virtual_space_node_default_size: 8388608.
[0.002s][info   ][metaspace]  - enlarge_chunks_in_place: 1.
[0.002s][info   ][metaspace]  - use_allocation_guard: 0.
[4.419s][info   ][gc       ] Using The Z Garbage Collector
[4.419s][info   ][metaspace] Reserving compressed class space anywhere
[4.419s][info   ][gc,metaspace] CDS archive(s) not mapped
[4.419s][info   ][gc,metaspace] Compressed class space mapped at: 0x0000000034000000-0x00000000f4000000, reserved size: 3221225472
[4.419s][info   ][gc,metaspace] UseCompressedClassPointers 1, UseCompactObjectHeaders 0, narrow klass pointer bits 32, max shift 3
[4.419s][info   ][gc,metaspace] Narrow klass base: 0x0000000000000000, Narrow klass shift: 0, Narrow klass range: 0xf4000000
Random Seed: 12345678
Num Classes: 256
Num Objects: 67108864
Percent IK Objects: 83.0%)
Percent OAK Objects: 5.0%)
Percent TAK Objects: 12.0%)
Cycles: 50
Loading 256 pre-generated classes ...
Materialize pre-generated constructors ...
Creating objects...
[4.654s][info   ][gc          ] GC(0) Major Collection (System.gc())
[4.672s][info   ][gc,metaspace] GC(0) Y: Metaspace: 11M used, 11M committed, 3136M reserved
[4.675s][info   ][gc,metaspace] GC(0) Y: Metaspace: 11M used, 11M committed, 3136M reserved
[4.686s][info   ][gc,metaspace] GC(0) O: Metaspace: 11M used, 11M committed, 3136M reserved
[4.686s][info   ][gc          ] GC(0) Major Collection (System.gc()) 54M(1%)->42M(1%) 0.032s
[4.915s][info   ][gc          ] GC(1) Major Collection (Warmup)
[5.094s][info   ][gc,metaspace] GC(1) Y: Metaspace: 12M used, 12M committed, 3136M reserved
[5.117s][info   ][gc,metaspace] GC(1) O: Metaspace: 12M used, 12M committed, 3136M reserved
[5.117s][info   ][gc          ] GC(1) Major Collection (Warmup) 616M(10%)->750M(12%) 0.202s
[5.451s][info   ][gc          ] GC(2) Major Collection (Warmup)
[6.736s][info   ][gc,metaspace] GC(2) Y: Metaspace: 12M used, 12M committed, 3136M reserved
[6.742s][info   ][gc          ] GC(3) Minor Collection (Allocation Rate)
[8.581s][info   ][gc,metaspace] GC(3) y: Metaspace: 12M used, 12M committed, 3136M reserved
[8.581s][info   ][gc          ] GC(3) Minor Collection (Allocation Rate) 2924M(48%)->3798M(62%) 1.838s
[9.089s][info   ][gc          ] GC(4) Minor Collection (Allocation Rate)
[10.703s][info   ][gc          ] Allocation Stall (main) 880.725ms
[11.135s][info   ][gc,metaspace] GC(4) y: Metaspace: 12M used, 12M committed, 3136M reserved
[11.135s][info   ][gc          ] GC(4) Minor Collection (Allocation Rate) 4784M(78%)->3082M(50%) 2.046s
[11.135s][info   ][gc,metaspace] GC(2) O: Metaspace: 12M used, 12M committed, 3136M reserved
[11.135s][info   ][gc          ] GC(2) Major Collection (Warmup) 1236M(20%)->3082M(50%) 5.684s
[11.145s][info   ][gc          ] GC(5) Major Collection (Warmup)
[13.191s][info   ][gc          ] Allocation Stall (main) 488.657ms
[13.678s][info   ][gc,metaspace] GC(5) Y: Metaspace: 12M used, 12M committed, 3136M reserved
[13.678s][info   ][gc          ] GC(6) Minor Collection (Allocation Stall)
[16.120s][info   ][gc          ] Allocation Stall (main) 1922.438ms
[16.500s][info   ][gc,metaspace] GC(6) y: Metaspace: 12M used, 12M committed, 3136M reserved
[16.500s][info   ][gc          ] GC(6) Minor Collection (Allocation Stall) 5108M(83%)->3318M(54%) 2.821s
[17.149s][info   ][gc          ] GC(7) Minor Collection (Allocation Rate)
[19.701s][info   ][gc          ] Allocation Stall (main) 1503.373ms
[20.184s][info   ][gc,metaspace] GC(7) y: Metaspace: 12M used, 12M committed, 3136M reserved
[20.184s][info   ][gc          ] GC(7) Minor Collection (Allocation Rate) 4100M(67%)->4786M(78%) 3.035s
[20.184s][info   ][gc,metaspace] GC(5) O: Metaspace: 12M used, 12M committed, 3136M reserved
[20.184s][info   ][gc          ] GC(5) Major Collection (Warmup) 3094M(50%)->4786M(78%) 9.039s
[20.194s][info   ][gc          ] GC(8) Minor Collection (Allocation Rate)
67108864 Objects created
 - IK: 55699211 (82.99829%)
 - OAK: 3355627 (5.0002737%)
 - TAK: 8054026 (12.001434%)
Preparatory GC...
[22.112s][info   ][gc,metaspace] GC(8) y: Metaspace: 12M used, 12M committed, 3136M reserved
[22.112s][info   ][gc          ] GC(8) Minor Collection (Allocation Rate) 4800M(78%)->3178M(52%) 1.918s
[22.112s][info   ][gc          ] GC(9) Major Collection (System.gc())
[24.073s][info   ][gc,metaspace] GC(9) Y: Metaspace: 12M used, 12M committed, 3136M reserved
[24.406s][info   ][gc,metaspace] GC(9) Y: Metaspace: 12M used, 12M committed, 3136M reserved
[27.014s][info   ][gc,metaspace] GC(9) O: Metaspace: 12M used, 12M committed, 3136M reserved
[27.014s][info   ][gc          ] GC(9) Major Collection (System.gc()) 3178M(52%)->2530M(41%) 4.902s
[27.014s][info   ][gc          ] GC(10) Major Collection (System.gc())
[27.021s][info   ][gc,metaspace] GC(10) Y: Metaspace: 12M used, 12M committed, 3136M reserved
[27.028s][info   ][gc,metaspace] GC(10) Y: Metaspace: 12M used, 12M committed, 3136M reserved
[29.304s][info   ][gc,metaspace] GC(10) O: Metaspace: 12M used, 12M committed, 3136M reserved
[29.305s][info   ][gc          ] GC(10) Major Collection (System.gc()) 2530M(41%)->2530M(41%) 2.291s
Done; will start GCs... 
[29.305s][info   ][gc          ] GC(11) Major Collection (System.gc())
[29.312s][info   ][gc,metaspace] GC(11) Y: Metaspace: 12M used, 12M committed, 3136M reserved
[29.319s][info   ][gc,metaspace] GC(11) Y: Metaspace: 12M used, 12M committed, 3136M reserved
[31.597s][info   ][gc,metaspace] GC(11) O: Metaspace: 12M used, 12M committed, 3136M reserved
[31.597s][info   ][gc          ] GC(11) Major Collection (System.gc()) 2532M(41%)->2530M(41%) 2.292s
[31.597s][info   ][gc          ] GC(12) Major Collection (System.gc())
[31.603s][info   ][gc,metaspace] GC(12) Y: Metaspace: 12M used, 12M committed, 3136M reserved
[31.610s][info   ][gc,metaspace] GC(12) Y: Metaspace: 12M used, 12M committed, 3136M reserved
[34.190s][info   ][gc,metaspace] GC(12) O: Metaspace: 12M used, 12M committed, 3136M reserved
[34.190s][info   ][gc          ] GC(12) Major Collection (System.gc()) 2530M(41%)->2530M(41%) 2.593s
[34.190s][info   ][gc          ] GC(13) Major Collection (System.gc())
[34.197s][info   ][gc,metaspace] GC(13) Y: Metaspace: 12M used, 12M committed, 3136M reserved
[34.204s][info   ][gc,metaspace] GC(13) Y: Metaspace: 12M used, 12M committed, 3136M reserved
[36.537s][info   ][gc,metaspace] GC(13) O: Metaspace: 12M used, 12M committed, 3136M reserved
[36.537s][info   ][gc          ] GC(13) Major Collection (System.gc()) 2530M(41%)->2530M(41%) 2.347s
[36.538s][info   ][gc          ] GC(14) Major Collection (System.gc())
[36.544s][info   ][gc,metaspace] GC(14) Y: Metaspace: 12M used, 12M committed, 3136M reserved
[36.551s][info   ][gc,metaspace] GC(14) Y: Metaspace: 12M used, 12M committed, 3136M reserved
[39.117s][info   ][gc,metaspace] GC(14) O: Metaspace: 12M used, 12M committed, 3136M reserved
[39.117s][info   ][gc          ] GC(14) Major Collection (System.gc()) 2530M(41%)->2530M(41%) 2.579s
[39.117s][info   ][gc          ] GC(15) Major Collection (System.gc())
[39.124s][info   ][gc,metaspace] GC(15) Y: Metaspace: 12M used, 12M committed, 3136M reserved
[39.130s][info   ][gc,metaspace] GC(15) Y: Metaspace: 12M used, 12M committed, 3136M reserved
[41.501s][info   ][gc,metaspace] GC(15) O: Metaspace: 12M used, 12M committed, 3136M reserved
[41.502s][info   ][gc          ] GC(15) Major Collection (System.gc()) 2530M(41%)->2530M(41%) 2.385s
[41.502s][info   ][gc          ] GC(16) Major Collection (System.gc())
[41.508s][info   ][gc,metaspace] GC(16) Y: Metaspace: 12M used, 12M committed, 3136M reserved
[41.515s][info   ][gc,metaspace] GC(16) Y: Metaspace: 12M used, 12M committed, 3136M reserved
[44.110s][info   ][gc,metaspace] GC(16) O: Metaspace: 12M used, 12M committed, 3136M reserved
[44.110s][info   ][gc          ] GC(16) Major Collection (System.gc()) 2530M(41%)->2530M(41%) 2.609s
[44.110s][info   ][gc          ] GC(17) Major Collection (System.gc())
[44.117s][info   ][gc,metaspace] GC(17) Y: Metaspace: 12M used, 12M committed, 3136M reserved
[44.123s][info   ][gc,metaspace] GC(17) Y: Metaspace: 12M used, 12M committed, 3136M reserved
[46.510s][info   ][gc,metaspace] GC(17) O: Metaspace: 12M used, 12M committed, 3136M reserved
[46.510s][info   ][gc          ] GC(17) Major Collection (System.gc()) 2530M(41%)->2530M(41%) 2.399s
[46.510s][info   ][gc          ] GC(18) Major Collection (System.gc())
[46.517s][info   ][gc,metaspace] GC(18) Y: Metaspace: 12M used, 12M committed, 3136M reserved
[46.524s][info   ][gc,metaspace] GC(18) Y: Metaspace: 12M used, 12M committed, 3136M reserved
[49.118s][info   ][gc,metaspace] GC(18) O: Metaspace: 12M used, 12M committed, 3136M reserved
[49.118s][info   ][gc          ] GC(18) Major Collection (System.gc()) 2530M(41%)->2530M(41%) 2.608s
[49.123s][info   ][gc          ] GC(19) Major Collection (System.gc())
[49.130s][info   ][gc,metaspace] GC(19) Y: Metaspace: 12M used, 12M committed, 3136M reserved
[49.137s][info   ][gc,metaspace] GC(19) Y: Metaspace: 12M used, 12M committed, 3136M reserved
[51.452s][info   ][gc,metaspace] GC(19) O: Metaspace: 12M used, 12M committed, 3136M reserved
[51.452s][info   ][gc          ] GC(19) Major Collection (System.gc()) 2530M(41%)->2530M(41%) 2.329s
[51.452s][info   ][gc          ] GC(20) Major Collection (System.gc())
[51.459s][info   ][gc,metaspace] GC(20) Y: Metaspace: 12M used, 12M committed, 3136M reserved
[51.465s][info   ][gc,metaspace] GC(20) Y: Metaspace: 12M used, 12M committed, 3136M reserved
[54.110s][info   ][gc,metaspace] GC(20) O: Metaspace: 12M used, 12M committed, 3136M reserved
[54.110s][info   ][gc          ] GC(20) Major Collection (System.gc()) 2530M(41%)->2530M(41%) 2.658s
[54.110s][info   ][gc          ] GC(21) Major Collection (System.gc())
[54.117s][info   ][gc,metaspace] GC(21) Y: Metaspace: 12M used, 12M committed, 3136M reserved
[54.124s][info   ][gc,metaspace] GC(21) Y: Metaspace: 12M used, 12M committed, 3136M reserved
[56.494s][info   ][gc,metaspace] GC(21) O: Metaspace: 12M used, 12M committed, 3136M reserved
[56.494s][info   ][gc          ] GC(21) Major Collection (System.gc()) 2530M(41%)->2530M(41%) 2.384s
[56.494s][info   ][gc          ] GC(22) Major Collection (System.gc())
[56.501s][info   ][gc,metaspace] GC(22) Y: Metaspace: 12M used, 12M committed, 3136M reserved
[56.508s][info   ][gc,metaspace] GC(22) Y: Metaspace: 12M used, 12M committed, 3136M reserved
[59.137s][info   ][gc,metaspace] GC(22) O: Metaspace: 12M used, 12M committed, 3136M reserved
[59.137s][info   ][gc          ] GC(22) Major Collection (System.gc()) 2530M(41%)->2530M(41%) 2.643s
[59.137s][info   ][gc          ] GC(23) Major Collection (System.gc())
[59.144s][info   ][gc,metaspace] GC(23) Y: Metaspace: 12M used, 12M committed, 3136M reserved
[59.151s][info   ][gc,metaspace] GC(23) Y: Metaspace: 12M used, 12M committed, 3136M reserved
[61.528s][info   ][gc,metaspace] GC(23) O: Metaspace: 12M used, 12M committed, 3136M reserved
[61.528s][info   ][gc          ] GC(23) Major Collection (System.gc()) 2530M(41%)->2530M(41%) 2.391s
[61.528s][info   ][gc          ] GC(24) Major Collection (System.gc())
[61.537s][info   ][gc,metaspace] GC(24) Y: Metaspace: 12M used, 12M committed, 3136M reserved
[61.544s][info   ][gc,metaspace] GC(24) Y: Metaspace: 12M used, 12M committed, 3136M reserved
[63.948s][info   ][gc,metaspace] GC(24) O: Metaspace: 12M used, 12M committed, 3136M reserved
[63.948s][info   ][gc          ] GC(24) Major Collection (System.gc()) 2530M(41%)->2530M(41%) 2.419s
[63.948s][info   ][gc          ] GC(25) Major Collection (System.gc())
[63.955s][info   ][gc,metaspace] GC(25) Y: Metaspace: 12M used, 12M committed, 3136M reserved
[63.962s][info   ][gc,metaspace] GC(25) Y: Metaspace: 12M used, 12M committed, 3136M reserved
[66.463s][info   ][gc,metaspace] GC(25) O: Metaspace: 12M used, 12M committed, 3136M reserved
[66.463s][info   ][gc          ] GC(25) Major Collection (System.gc()) 2530M(41%)->2532M(41%) 2.516s
[66.464s][info   ][gc          ] GC(26) Major Collection (System.gc())
[66.471s][info   ][gc,metaspace] GC(26) Y: Metaspace: 12M used, 12M committed, 3136M reserved
[66.478s][info   ][gc,metaspace] GC(26) Y: Metaspace: 12M used, 12M committed, 3136M reserved
[69.305s][info   ][gc,metaspace] GC(26) O: Metaspace: 12M used, 12M committed, 3136M reserved
[69.305s][info   ][gc          ] GC(26) Major Collection (System.gc()) 2532M(41%)->2530M(41%) 2.841s
[69.305s][info   ][gc          ] GC(27) Major Collection (System.gc())
[69.312s][info   ][gc,metaspace] GC(27) Y: Metaspace: 12M used, 12M committed, 3136M reserved
[69.318s][info   ][gc,metaspace] GC(27) Y: Metaspace: 12M used, 12M committed, 3136M reserved
[71.820s][info   ][gc,metaspace] GC(27) O: Metaspace: 12M used, 12M committed, 3136M reserved
[71.820s][info   ][gc          ] GC(27) Major Collection (System.gc()) 2530M(41%)->2530M(41%) 2.515s
[71.820s][info   ][gc          ] GC(28) Major Collection (System.gc())
[71.827s][info   ][gc,metaspace] GC(28) Y: Metaspace: 12M used, 12M committed, 3136M reserved
[71.834s][info   ][gc,metaspace] GC(28) Y: Metaspace: 12M used, 12M committed, 3136M reserved
[74.567s][info   ][gc,metaspace] GC(28) O: Metaspace: 12M used, 12M committed, 3136M reserved
[74.567s][info   ][gc          ] GC(28) Major Collection (System.gc()) 2530M(41%)->2530M(41%) 2.747s
[74.567s][info   ][gc          ] GC(29) Major Collection (System.gc())
[74.574s][info   ][gc,metaspace] GC(29) Y: Metaspace: 12M used, 12M committed, 3136M reserved
[74.581s][info   ][gc,metaspace] GC(29) Y: Metaspace: 12M used, 12M committed, 3136M reserved
[77.446s][info   ][gc,metaspace] GC(29) O: Metaspace: 12M used, 12M committed, 3136M reserved
[77.446s][info   ][gc          ] GC(29) Major Collection (System.gc()) 2530M(41%)->2530M(41%) 2.878s
[77.446s][info   ][gc          ] GC(30) Major Collection (System.gc())
[77.452s][info   ][gc,metaspace] GC(30) Y: Metaspace: 12M used, 12M committed, 3136M reserved
[77.459s][info   ][gc,metaspace] GC(30) Y: Metaspace: 12M used, 12M committed, 3136M reserved
[80.379s][info   ][gc,metaspace] GC(30) O: Metaspace: 12M used, 12M committed, 3136M reserved
[80.380s][info   ][gc          ] GC(30) Major Collection (System.gc()) 2530M(41%)->2530M(41%) 2.934s
[80.380s][info   ][gc          ] GC(31) Major Collection (System.gc())
[80.386s][info   ][gc,metaspace] GC(31) Y: Metaspace: 12M used, 12M committed, 3136M reserved
[80.392s][info   ][gc,metaspace] GC(31) Y: Metaspace: 12M used, 12M committed, 3136M reserved
[83.267s][info   ][gc,metaspace] GC(31) O: Metaspace: 12M used, 12M committed, 3136M reserved
[83.267s][info   ][gc          ] GC(31) Major Collection (System.gc()) 2530M(41%)->2530M(41%) 2.888s
[83.268s][info   ][gc          ] GC(32) Major Collection (System.gc())
[83.274s][info   ][gc,metaspace] GC(32) Y: Metaspace: 12M used, 12M committed, 3136M reserved
[83.282s][info   ][gc,metaspace] GC(32) Y: Metaspace: 12M used, 12M committed, 3136M reserved
[85.786s][info   ][gc,metaspace] GC(32) O: Metaspace: 12M used, 12M committed, 3136M reserved
[85.786s][info   ][gc          ] GC(32) Major Collection (System.gc()) 2530M(41%)->2530M(41%) 2.518s
[85.786s][info   ][gc          ] GC(33) Major Collection (System.gc())
[85.792s][info   ][gc,metaspace] GC(33) Y: Metaspace: 12M used, 12M committed, 3136M reserved
[85.799s][info   ][gc,metaspace] GC(33) Y: Metaspace: 12M used, 12M committed, 3136M reserved
[88.544s][info   ][gc,metaspace] GC(33) O: Metaspace: 12M used, 12M committed, 3136M reserved
[88.548s][info   ][gc          ] GC(33) Major Collection (System.gc()) 2530M(41%)->2530M(41%) 2.762s
[88.548s][info   ][gc          ] GC(34) Major Collection (System.gc())
[88.555s][info   ][gc,metaspace] GC(34) Y: Metaspace: 12M used, 12M committed, 3136M reserved
[88.562s][info   ][gc,metaspace] GC(34) Y: Metaspace: 12M used, 12M committed, 3136M reserved
[90.980s][info   ][gc,metaspace] GC(34) O: Metaspace: 12M used, 12M committed, 3136M reserved
[90.980s][info   ][gc          ] GC(34) Major Collection (System.gc()) 2530M(41%)->2530M(41%) 2.432s
[90.980s][info   ][gc          ] GC(35) Major Collection (System.gc())
[90.987s][info   ][gc,metaspace] GC(35) Y: Metaspace: 12M used, 12M committed, 3136M reserved
[90.994s][info   ][gc,metaspace] GC(35) Y: Metaspace: 12M used, 12M committed, 3136M reserved
[93.444s][info   ][gc,metaspace] GC(35) O: Metaspace: 12M used, 12M committed, 3136M reserved
[93.444s][info   ][gc          ] GC(35) Major Collection (System.gc()) 2530M(41%)->2530M(41%) 2.464s
[93.444s][info   ][gc          ] GC(36) Major Collection (System.gc())
[93.451s][info   ][gc,metaspace] GC(36) Y: Metaspace: 12M used, 12M committed, 3136M reserved
[93.458s][info   ][gc,metaspace] GC(36) Y: Metaspace: 12M used, 12M committed, 3136M reserved
[96.116s][info   ][gc,metaspace] GC(36) O: Metaspace: 12M used, 12M committed, 3136M reserved
[96.116s][info   ][gc          ] GC(36) Major Collection (System.gc()) 2530M(41%)->2530M(41%) 2.672s
[96.116s][info   ][gc          ] GC(37) Major Collection (System.gc())
[96.122s][info   ][gc,metaspace] GC(37) Y: Metaspace: 12M used, 12M committed, 3136M reserved
[96.129s][info   ][gc,metaspace] GC(37) Y: Metaspace: 12M used, 12M committed, 3136M reserved
[98.511s][info   ][gc,metaspace] GC(37) O: Metaspace: 12M used, 12M committed, 3136M reserved
[98.511s][info   ][gc          ] GC(37) Major Collection (System.gc()) 2530M(41%)->2530M(41%) 2.395s
[98.511s][info   ][gc          ] GC(38) Major Collection (System.gc())
[98.518s][info   ][gc,metaspace] GC(38) Y: Metaspace: 12M used, 12M committed, 3136M reserved
[98.525s][info   ][gc,metaspace] GC(38) Y: Metaspace: 12M used, 12M committed, 3136M reserved
[101.440s][info   ][gc,metaspace] GC(38) O: Metaspace: 12M used, 12M committed, 3136M reserved
[101.440s][info   ][gc          ] GC(38) Major Collection (System.gc()) 2530M(41%)->2530M(41%) 2.928s
[101.440s][info   ][gc          ] GC(39) Major Collection (System.gc())
[101.447s][info   ][gc,metaspace] GC(39) Y: Metaspace: 12M used, 12M committed, 3136M reserved
[101.454s][info   ][gc,metaspace] GC(39) Y: Metaspace: 12M used, 12M committed, 3136M reserved
[104.112s][info   ][gc,metaspace] GC(39) O: Metaspace: 12M used, 12M committed, 3136M reserved
[104.112s][info   ][gc          ] GC(39) Major Collection (System.gc()) 2530M(41%)->2530M(41%) 2.672s
[104.112s][info   ][gc          ] GC(40) Major Collection (System.gc())
[104.119s][info   ][gc,metaspace] GC(40) Y: Metaspace: 12M used, 12M committed, 3136M reserved
[104.125s][info   ][gc,metaspace] GC(40) Y: Metaspace: 12M used, 12M committed, 3136M reserved
[106.508s][info   ][gc,metaspace] GC(40) O: Metaspace: 12M used, 12M committed, 3136M reserved
[106.508s][info   ][gc          ] GC(40) Major Collection (System.gc()) 2530M(41%)->2530M(41%) 2.396s
[106.513s][info   ][gc          ] GC(41) Major Collection (System.gc())
[106.520s][info   ][gc,metaspace] GC(41) Y: Metaspace: 12M used, 12M committed, 3136M reserved
[106.527s][info   ][gc,metaspace] GC(41) Y: Metaspace: 12M used, 12M committed, 3136M reserved
[108.740s][info   ][gc,metaspace] GC(41) O: Metaspace: 12M used, 12M committed, 3136M reserved
[108.740s][info   ][gc          ] GC(41) Major Collection (System.gc()) 2530M(41%)->2530M(41%) 2.228s
[108.740s][info   ][gc          ] GC(42) Major Collection (System.gc())
[108.746s][info   ][gc,metaspace] GC(42) Y: Metaspace: 12M used, 12M committed, 3136M reserved
[108.753s][info   ][gc,metaspace] GC(42) Y: Metaspace: 12M used, 12M committed, 3136M reserved
[111.364s][info   ][gc,metaspace] GC(42) O: Metaspace: 12M used, 12M committed, 3136M reserved
[111.364s][info   ][gc          ] GC(42) Major Collection (System.gc()) 2530M(41%)->2530M(41%) 2.624s
[111.364s][info   ][gc          ] GC(43) Major Collection (System.gc())
[111.371s][info   ][gc,metaspace] GC(43) Y: Metaspace: 12M used, 12M committed, 3136M reserved
[111.377s][info   ][gc,metaspace] GC(43) Y: Metaspace: 12M used, 12M committed, 3136M reserved
[114.075s][info   ][gc,metaspace] GC(43) O: Metaspace: 12M used, 12M committed, 3136M reserved
[114.075s][info   ][gc          ] GC(43) Major Collection (System.gc()) 2530M(41%)->2530M(41%) 2.711s
[114.075s][info   ][gc          ] GC(44) Major Collection (System.gc())
[114.082s][info   ][gc,metaspace] GC(44) Y: Metaspace: 12M used, 12M committed, 3136M reserved
[114.089s][info   ][gc,metaspace] GC(44) Y: Metaspace: 12M used, 12M committed, 3136M reserved
[116.479s][info   ][gc,metaspace] GC(44) O: Metaspace: 12M used, 12M committed, 3136M reserved
[116.479s][info   ][gc          ] GC(44) Major Collection (System.gc()) 2530M(41%)->2530M(41%) 2.403s
[116.479s][info   ][gc          ] GC(45) Major Collection (System.gc())
[116.485s][info   ][gc,metaspace] GC(45) Y: Metaspace: 12M used, 12M committed, 3136M reserved
[116.492s][info   ][gc,metaspace] GC(45) Y: Metaspace: 12M used, 12M committed, 3136M reserved
[119.143s][info   ][gc,metaspace] GC(45) O: Metaspace: 12M used, 12M committed, 3136M reserved
[119.143s][info   ][gc          ] GC(45) Major Collection (System.gc()) 2530M(41%)->2530M(41%) 2.665s
[119.144s][info   ][gc          ] GC(46) Major Collection (System.gc())
[119.150s][info   ][gc,metaspace] GC(46) Y: Metaspace: 12M used, 12M committed, 3136M reserved
[119.158s][info   ][gc,metaspace] GC(46) Y: Metaspace: 12M used, 12M committed, 3136M reserved
[121.511s][info   ][gc,metaspace] GC(46) O: Metaspace: 12M used, 12M committed, 3136M reserved
[121.511s][info   ][gc          ] GC(46) Major Collection (System.gc()) 2530M(41%)->2530M(41%) 2.368s
[121.512s][info   ][gc          ] GC(47) Major Collection (System.gc())
[121.519s][info   ][gc,metaspace] GC(47) Y: Metaspace: 12M used, 12M committed, 3136M reserved
[121.526s][info   ][gc,metaspace] GC(47) Y: Metaspace: 12M used, 12M committed, 3136M reserved
[124.182s][info   ][gc,metaspace] GC(47) O: Metaspace: 12M used, 12M committed, 3136M reserved
[124.182s][info   ][gc          ] GC(47) Major Collection (System.gc()) 2530M(41%)->2530M(41%) 2.670s
[124.182s][info   ][gc          ] GC(48) Major Collection (System.gc())
[124.188s][info   ][gc,metaspace] GC(48) Y: Metaspace: 12M used, 12M committed, 3136M reserved
[124.195s][info   ][gc,metaspace] GC(48) Y: Metaspace: 12M used, 12M committed, 3136M reserved
[126.584s][info   ][gc,metaspace] GC(48) O: Metaspace: 12M used, 12M committed, 3136M reserved
[126.584s][info   ][gc          ] GC(48) Major Collection (System.gc()) 2530M(41%)->2532M(41%) 2.403s
[126.585s][info   ][gc          ] GC(49) Major Collection (System.gc())
[126.592s][info   ][gc,metaspace] GC(49) Y: Metaspace: 12M used, 12M committed, 3136M reserved
[126.599s][info   ][gc,metaspace] GC(49) Y: Metaspace: 12M used, 12M committed, 3136M reserved
[129.237s][info   ][gc,metaspace] GC(49) O: Metaspace: 12M used, 12M committed, 3136M reserved
[129.237s][info   ][gc          ] GC(49) Major Collection (System.gc()) 2532M(41%)->2530M(41%) 2.652s
[129.237s][info   ][gc          ] GC(50) Major Collection (System.gc())
[129.244s][info   ][gc,metaspace] GC(50) Y: Metaspace: 12M used, 12M committed, 3136M reserved
[129.251s][info   ][gc,metaspace] GC(50) Y: Metaspace: 12M used, 12M committed, 3136M reserved
[131.572s][info   ][gc,metaspace] GC(50) O: Metaspace: 12M used, 12M committed, 3136M reserved
[131.572s][info   ][gc          ] GC(50) Major Collection (System.gc()) 2530M(41%)->2530M(41%) 2.335s
[131.572s][info   ][gc          ] GC(51) Major Collection (System.gc())
[131.578s][info   ][gc,metaspace] GC(51) Y: Metaspace: 12M used, 12M committed, 3136M reserved
[131.585s][info   ][gc,metaspace] GC(51) Y: Metaspace: 12M used, 12M committed, 3136M reserved
[134.168s][info   ][gc,metaspace] GC(51) O: Metaspace: 12M used, 12M committed, 3136M reserved
[134.168s][info   ][gc          ] GC(51) Major Collection (System.gc()) 2530M(41%)->2530M(41%) 2.596s
[134.168s][info   ][gc          ] GC(52) Major Collection (System.gc())
[134.175s][info   ][gc,metaspace] GC(52) Y: Metaspace: 12M used, 12M committed, 3136M reserved
[134.182s][info   ][gc,metaspace] GC(52) Y: Metaspace: 12M used, 12M committed, 3136M reserved
[136.535s][info   ][gc,metaspace] GC(52) O: Metaspace: 12M used, 12M committed, 3136M reserved
[136.535s][info   ][gc          ] GC(52) Major Collection (System.gc()) 2530M(41%)->2530M(41%) 2.367s
[136.535s][info   ][gc          ] GC(53) Major Collection (System.gc())
[136.542s][info   ][gc,metaspace] GC(53) Y: Metaspace: 12M used, 12M committed, 3136M reserved
[136.549s][info   ][gc,metaspace] GC(53) Y: Metaspace: 12M used, 12M committed, 3136M reserved
[139.198s][info   ][gc,metaspace] GC(53) O: Metaspace: 12M used, 12M committed, 3136M reserved
[139.198s][info   ][gc          ] GC(53) Major Collection (System.gc()) 2530M(41%)->2530M(41%) 2.663s
[139.198s][info   ][gc          ] GC(54) Major Collection (System.gc())
[139.204s][info   ][gc,metaspace] GC(54) Y: Metaspace: 12M used, 12M committed, 3136M reserved
[139.211s][info   ][gc,metaspace] GC(54) Y: Metaspace: 12M used, 12M committed, 3136M reserved
[141.589s][info   ][gc,metaspace] GC(54) O: Metaspace: 12M used, 12M committed, 3136M reserved
[141.589s][info   ][gc          ] GC(54) Major Collection (System.gc()) 2530M(41%)->2530M(41%) 2.391s
[141.589s][info   ][gc          ] GC(55) Major Collection (System.gc())
[141.596s][info   ][gc,metaspace] GC(55) Y: Metaspace: 12M used, 12M committed, 3136M reserved
[141.602s][info   ][gc,metaspace] GC(55) Y: Metaspace: 12M used, 12M committed, 3136M reserved
[144.185s][info   ][gc,metaspace] GC(55) O: Metaspace: 12M used, 12M committed, 3136M reserved
[144.185s][info   ][gc          ] GC(55) Major Collection (System.gc()) 2530M(41%)->2530M(41%) 2.597s
[144.185s][info   ][gc          ] GC(56) Major Collection (System.gc())
[144.192s][info   ][gc,metaspace] GC(56) Y: Metaspace: 12M used, 12M committed, 3136M reserved
[144.198s][info   ][gc,metaspace] GC(56) Y: Metaspace: 12M used, 12M committed, 3136M reserved
[146.561s][info   ][gc,metaspace] GC(56) O: Metaspace: 12M used, 12M committed, 3136M reserved
[146.561s][info   ][gc          ] GC(56) Major Collection (System.gc()) 2530M(41%)->2530M(41%) 2.376s
[146.561s][info   ][gc          ] GC(57) Major Collection (System.gc())
[146.568s][info   ][gc,metaspace] GC(57) Y: Metaspace: 12M used, 12M committed, 3136M reserved
[146.575s][info   ][gc,metaspace] GC(57) Y: Metaspace: 12M used, 12M committed, 3136M reserved
[149.182s][info   ][gc,metaspace] GC(57) O: Metaspace: 12M used, 12M committed, 3136M reserved
[149.182s][info   ][gc          ] GC(57) Major Collection (System.gc()) 2530M(41%)->2530M(41%) 2.621s
[149.182s][info   ][gc          ] GC(58) Major Collection (System.gc())
[149.189s][info   ][gc,metaspace] GC(58) Y: Metaspace: 12M used, 12M committed, 3136M reserved
[149.196s][info   ][gc,metaspace] GC(58) Y: Metaspace: 12M used, 12M committed, 3136M reserved
[151.543s][info   ][gc,metaspace] GC(58) O: Metaspace: 12M used, 12M committed, 3136M reserved
[151.543s][info   ][gc          ] GC(58) Major Collection (System.gc()) 2530M(41%)->2530M(41%) 2.361s
[151.543s][info   ][gc          ] GC(59) Major Collection (System.gc())
[151.550s][info   ][gc,metaspace] GC(59) Y: Metaspace: 12M used, 12M committed, 3136M reserved
[151.558s][info   ][gc,metaspace] GC(59) Y: Metaspace: 12M used, 12M committed, 3136M reserved
[154.210s][info   ][gc,metaspace] GC(59) O: Metaspace: 12M used, 12M committed, 3136M reserved
[154.210s][info   ][gc          ] GC(59) Major Collection (System.gc()) 2530M(41%)->2530M(41%) 2.667s
[154.210s][info   ][gc          ] GC(60) Major Collection (System.gc())
[154.216s][info   ][gc,metaspace] GC(60) Y: Metaspace: 12M used, 12M committed, 3136M reserved
[154.223s][info   ][gc,metaspace] GC(60) Y: Metaspace: 12M used, 12M committed, 3136M reserved
[156.577s][info   ][gc,metaspace] GC(60) O: Metaspace: 12M used, 12M committed, 3136M reserved
[156.577s][info   ][gc          ] GC(60) Major Collection (System.gc()) 2530M(41%)->2530M(41%) 2.367s
After GCs... 
