Done; will start GCs... 
[3.741s][info][gc,metaspace] GC(1) Metaspace: 21407K(21824K)->21407K(21824K) NonClass: 17665K(17920K)->17665K(17920K) Class: 3741K(3904K)->3741K(3904K)
[3.741s][info][gc          ] GC(1) Pause Full (System.gc()) 873M->770M(5888M) 612.549ms
[4.102s][info][gc,metaspace] GC(2) Metaspace: 21407K(21824K)->21407K(21824K) NonClass: 17665K(17920K)->17665K(17920K) Class: 3741K(3904K)->3741K(3904K)
[4.102s][info][gc          ] GC(2) Pause Full (System.gc()) 770M->770M(5888M) 361.161ms
[4.461s][info][gc,metaspace] GC(3) Metaspace: 21407K(21824K)->21407K(21824K) NonClass: 17665K(17920K)->17665K(17920K) Class: 3741K(3904K)->3741K(3904K)
[4.462s][info][gc          ] GC(3) Pause Full (System.gc()) 770M->770M(5888M) 359.508ms
[4.827s][info][gc,metaspace] GC(4) Metaspace: 21407K(21824K)->21407K(21824K) NonClass: 17665K(17920K)->17665K(17920K) Class: 3741K(3904K)->3741K(3904K)
[4.827s][info][gc          ] GC(4) Pause Full (System.gc()) 770M->770M(5888M) 365.001ms
[5.194s][info][gc,metaspace] GC(5) Metaspace: 21407K(21824K)->21407K(21824K) NonClass: 17665K(17920K)->17665K(17920K) Class: 3741K(3904K)->3741K(3904K)
[5.194s][info][gc          ] GC(5) Pause Full (System.gc()) 770M->770M(5888M) 367.557ms
[5.556s][info][gc,metaspace] GC(6) Metaspace: 21407K(21824K)->21407K(21824K) NonClass: 17665K(17920K)->17665K(17920K) Class: 3741K(3904K)->3741K(3904K)
[5.556s][info][gc          ] GC(6) Pause Full (System.gc()) 770M->770M(5888M) 361.521ms
[5.927s][info][gc,metaspace] GC(7) Metaspace: 21407K(21824K)->21407K(21824K) NonClass: 17665K(17920K)->17665K(17920K) Class: 3741K(3904K)->3741K(3904K)
[5.927s][info][gc          ] GC(7) Pause Full (System.gc()) 770M->770M(5888M) 371.449ms
[6.302s][info][gc,metaspace] GC(8) Metaspace: 21407K(21824K)->21407K(21824K) NonClass: 17665K(17920K)->17665K(17920K) Class: 3741K(3904K)->3741K(3904K)
[6.302s][info][gc          ] GC(8) Pause Full (System.gc()) 770M->770M(5888M) 374.965ms
[6.665s][info][gc,metaspace] GC(9) Metaspace: 21407K(21824K)->21407K(21824K) NonClass: 17665K(17920K)->17665K(17920K) Class: 3741K(3904K)->3741K(3904K)
[6.665s][info][gc          ] GC(9) Pause Full (System.gc()) 770M->770M(5888M) 362.559ms
[7.021s][info][gc,metaspace] GC(10) Metaspace: 21407K(21824K)->21407K(21824K) NonClass: 17665K(17920K)->17665K(17920K) Class: 3741K(3904K)->3741K(3904K)
[7.021s][info][gc          ] GC(10) Pause Full (System.gc()) 770M->770M(5888M) 355.900ms
[7.394s][info][gc,metaspace] GC(11) Metaspace: 21407K(21824K)->21407K(21824K) NonClass: 17665K(17920K)->17665K(17920K) Class: 3741K(3904K)->3741K(3904K)
[7.394s][info][gc          ] GC(11) Pause Full (System.gc()) 770M->770M(5888M) 372.816ms
[7.750s][info][gc,metaspace] GC(12) Metaspace: 21407K(21824K)->21407K(21824K) NonClass: 17665K(17920K)->17665K(17920K) Class: 3741K(3904K)->3741K(3904K)
[7.750s][info][gc          ] GC(12) Pause Full (System.gc()) 770M->770M(5888M) 356.016ms
[8.142s][info][gc,metaspace] GC(13) Metaspace: 21407K(21824K)->21407K(21824K) NonClass: 17665K(17920K)->17665K(17920K) Class: 3741K(3904K)->3741K(3904K)
[8.142s][info][gc          ] GC(13) Pause Full (System.gc()) 770M->770M(5888M) 391.873ms
[8.517s][info][gc,metaspace] GC(14) Metaspace: 21407K(21824K)->21407K(21824K) NonClass: 17665K(17920K)->17665K(17920K) Class: 3741K(3904K)->3741K(3904K)
[8.517s][info][gc          ] GC(14) Pause Full (System.gc()) 770M->770M(5888M) 370.846ms
[8.876s][info][gc,metaspace] GC(15) Metaspace: 21407K(21824K)->21407K(21824K) NonClass: 17665K(17920K)->17665K(17920K) Class: 3741K(3904K)->3741K(3904K)
[8.877s][info][gc          ] GC(15) Pause Full (System.gc()) 770M->770M(5888M) 359.108ms
[9.245s][info][gc,metaspace] GC(16) Metaspace: 21407K(21824K)->21407K(21824K) NonClass: 17665K(17920K)->17665K(17920K) Class: 3741K(3904K)->3741K(3904K)
[9.245s][info][gc          ] GC(16) Pause Full (System.gc()) 770M->770M(5888M) 368.876ms
[9.604s][info][gc,metaspace] GC(17) Metaspace: 21407K(21824K)->21407K(21824K) NonClass: 17665K(17920K)->17665K(17920K) Class: 3741K(3904K)->3741K(3904K)
[9.604s][info][gc          ] GC(17) Pause Full (System.gc()) 770M->770M(5888M) 358.757ms
[9.961s][info][gc,metaspace] GC(18) Metaspace: 21407K(21824K)->21407K(21824K) NonClass: 17665K(17920K)->17665K(17920K) Class: 3741K(3904K)->3741K(3904K)
[9.961s][info][gc          ] GC(18) Pause Full (System.gc()) 770M->770M(5888M) 356.187ms
[10.342s][info][gc,metaspace] GC(19) Metaspace: 21407K(21824K)->21407K(21824K) NonClass: 17665K(17920K)->17665K(17920K) Class: 3741K(3904K)->3741K(3904K)
[10.342s][info][gc          ] GC(19) Pause Full (System.gc()) 770M->770M(5888M) 381.594ms
[10.697s][info][gc,metaspace] GC(20) Metaspace: 21407K(21824K)->21407K(21824K) NonClass: 17665K(17920K)->17665K(17920K) Class: 3741K(3904K)->3741K(3904K)
[10.697s][info][gc          ] GC(20) Pause Full (System.gc()) 770M->770M(5888M) 354.693ms
[11.094s][info][gc,metaspace] GC(21) Metaspace: 21407K(21824K)->21407K(21824K) NonClass: 17665K(17920K)->17665K(17920K) Class: 3741K(3904K)->3741K(3904K)
[11.094s][info][gc          ] GC(21) Pause Full (System.gc()) 770M->770M(5888M) 396.452ms
[11.460s][info][gc,metaspace] GC(22) Metaspace: 21407K(21824K)->21407K(21824K) NonClass: 17665K(17920K)->17665K(17920K) Class: 3741K(3904K)->3741K(3904K)
[11.460s][info][gc          ] GC(22) Pause Full (System.gc()) 770M->770M(5888M) 366.203ms
[11.823s][info][gc,metaspace] GC(23) Metaspace: 21407K(21824K)->21407K(21824K) NonClass: 17665K(17920K)->17665K(17920K) Class: 3741K(3904K)->3741K(3904K)
[11.823s][info][gc          ] GC(23) Pause Full (System.gc()) 770M->770M(5888M) 362.976ms
[12.196s][info][gc,metaspace] GC(24) Metaspace: 21407K(21824K)->21407K(21824K) NonClass: 17665K(17920K)->17665K(17920K) Class: 3741K(3904K)->3741K(3904K)
[12.196s][info][gc          ] GC(24) Pause Full (System.gc()) 770M->770M(5888M) 373.151ms
[12.554s][info][gc,metaspace] GC(25) Metaspace: 21407K(21824K)->21407K(21824K) NonClass: 17665K(17920K)->17665K(17920K) Class: 3741K(3904K)->3741K(3904K)
[12.554s][info][gc          ] GC(25) Pause Full (System.gc()) 770M->770M(5888M) 357.858ms
[12.915s][info][gc,metaspace] GC(26) Metaspace: 21407K(21824K)->21407K(21824K) NonClass: 17665K(17920K)->17665K(17920K) Class: 3741K(3904K)->3741K(3904K)
[12.915s][info][gc          ] GC(26) Pause Full (System.gc()) 770M->770M(5888M) 360.623ms
[13.292s][info][gc,metaspace] GC(27) Metaspace: 21407K(21824K)->21407K(21824K) NonClass: 17665K(17920K)->17665K(17920K) Class: 3741K(3904K)->3741K(3904K)
[13.292s][info][gc          ] GC(27) Pause Full (System.gc()) 770M->770M(5888M) 377.631ms
[13.666s][info][gc,metaspace] GC(28) Metaspace: 21407K(21824K)->21407K(21824K) NonClass: 17665K(17920K)->17665K(17920K) Class: 3741K(3904K)->3741K(3904K)
[13.666s][info][gc          ] GC(28) Pause Full (System.gc()) 770M->770M(5888M) 369.349ms
[14.028s][info][gc,metaspace] GC(29) Metaspace: 21407K(21824K)->21407K(21824K) NonClass: 17665K(17920K)->17665K(17920K) Class: 3741K(3904K)->3741K(3904K)
[14.028s][info][gc          ] GC(29) Pause Full (System.gc()) 770M->770M(5888M) 361.386ms
[14.389s][info][gc,metaspace] GC(30) Metaspace: 21407K(21824K)->21407K(21824K) NonClass: 17665K(17920K)->17665K(17920K) Class: 3741K(3904K)->3741K(3904K)
[14.389s][info][gc          ] GC(30) Pause Full (System.gc()) 770M->770M(5888M) 361.392ms
[14.747s][info][gc,metaspace] GC(31) Metaspace: 21407K(21824K)->21407K(21824K) NonClass: 17665K(17920K)->17665K(17920K) Class: 3741K(3904K)->3741K(3904K)
[14.747s][info][gc          ] GC(31) Pause Full (System.gc()) 770M->770M(5888M) 357.736ms
[15.154s][info][gc,metaspace] GC(32) Metaspace: 21407K(21824K)->21407K(21824K) NonClass: 17665K(17920K)->17665K(17920K) Class: 3741K(3904K)->3741K(3904K)
[15.154s][info][gc          ] GC(32) Pause Full (System.gc()) 770M->770M(5888M) 406.742ms
[15.535s][info][gc,metaspace] GC(33) Metaspace: 21407K(21824K)->21407K(21824K) NonClass: 17665K(17920K)->17665K(17920K) Class: 3741K(3904K)->3741K(3904K)
[15.535s][info][gc          ] GC(33) Pause Full (System.gc()) 770M->770M(5888M) 381.194ms
[15.905s][info][gc,metaspace] GC(34) Metaspace: 21407K(21824K)->21407K(21824K) NonClass: 17665K(17920K)->17665K(17920K) Class: 3741K(3904K)->3741K(3904K)
[15.905s][info][gc          ] GC(34) Pause Full (System.gc()) 770M->770M(5888M) 370.416ms
[16.284s][info][gc,metaspace] GC(35) Metaspace: 21407K(21824K)->21407K(21824K) NonClass: 17665K(17920K)->17665K(17920K) Class: 3741K(3904K)->3741K(3904K)
[16.284s][info][gc          ] GC(35) Pause Full (System.gc()) 770M->770M(5888M) 378.596ms
[16.651s][info][gc,metaspace] GC(36) Metaspace: 21407K(21824K)->21407K(21824K) NonClass: 17665K(17920K)->17665K(17920K) Class: 3741K(3904K)->3741K(3904K)
[16.651s][info][gc          ] GC(36) Pause Full (System.gc()) 770M->770M(5888M) 366.997ms
[17.013s][info][gc,metaspace] GC(37) Metaspace: 21407K(21824K)->21407K(21824K) NonClass: 17665K(17920K)->17665K(17920K) Class: 3741K(3904K)->3741K(3904K)
[17.014s][info][gc          ] GC(37) Pause Full (System.gc()) 770M->770M(5888M) 362.245ms
[17.408s][info][gc,metaspace] GC(38) Metaspace: 21407K(21824K)->21407K(21824K) NonClass: 17665K(17920K)->17665K(17920K) Class: 3741K(3904K)->3741K(3904K)
[17.408s][info][gc          ] GC(38) Pause Full (System.gc()) 770M->770M(5888M) 394.816ms
[17.772s][info][gc,metaspace] GC(39) Metaspace: 21407K(21824K)->21407K(21824K) NonClass: 17665K(17920K)->17665K(17920K) Class: 3741K(3904K)->3741K(3904K)
[17.772s][info][gc          ] GC(39) Pause Full (System.gc()) 770M->770M(5888M) 363.728ms
[18.231s][info][gc,metaspace] GC(40) Metaspace: 21407K(21824K)->21407K(21824K) NonClass: 17665K(17920K)->17665K(17920K) Class: 3741K(3904K)->3741K(3904K)
[18.231s][info][gc          ] GC(40) Pause Full (System.gc()) 770M->770M(5888M) 458.991ms
[18.602s][info][gc,metaspace] GC(41) Metaspace: 21407K(21824K)->21407K(21824K) NonClass: 17665K(17920K)->17665K(17920K) Class: 3741K(3904K)->3741K(3904K)
[18.603s][info][gc          ] GC(41) Pause Full (System.gc()) 770M->770M(5888M) 371.131ms
[18.968s][info][gc,metaspace] GC(42) Metaspace: 21407K(21824K)->21407K(21824K) NonClass: 17665K(17920K)->17665K(17920K) Class: 3741K(3904K)->3741K(3904K)
[18.968s][info][gc          ] GC(42) Pause Full (System.gc()) 770M->770M(5888M) 361.610ms
[19.332s][info][gc,metaspace] GC(43) Metaspace: 21407K(21824K)->21407K(21824K) NonClass: 17665K(17920K)->17665K(17920K) Class: 3741K(3904K)->3741K(3904K)
[19.332s][info][gc          ] GC(43) Pause Full (System.gc()) 770M->770M(5888M) 363.114ms
[19.694s][info][gc,metaspace] GC(44) Metaspace: 21407K(21824K)->21407K(21824K) NonClass: 17665K(17920K)->17665K(17920K) Class: 3741K(3904K)->3741K(3904K)
[19.695s][info][gc          ] GC(44) Pause Full (System.gc()) 770M->770M(5888M) 362.795ms
[20.092s][info][gc,metaspace] GC(45) Metaspace: 21407K(21824K)->21407K(21824K) NonClass: 17665K(17920K)->17665K(17920K) Class: 3741K(3904K)->3741K(3904K)
[20.092s][info][gc          ] GC(45) Pause Full (System.gc()) 770M->770M(5888M) 397.717ms
[20.455s][info][gc,metaspace] GC(46) Metaspace: 21407K(21824K)->21407K(21824K) NonClass: 17665K(17920K)->17665K(17920K) Class: 3741K(3904K)->3741K(3904K)
[20.456s][info][gc          ] GC(46) Pause Full (System.gc()) 770M->770M(5888M) 363.086ms
[20.810s][info][gc,metaspace] GC(47) Metaspace: 21407K(21824K)->21407K(21824K) NonClass: 17665K(17920K)->17665K(17920K) Class: 3741K(3904K)->3741K(3904K)
[20.810s][info][gc          ] GC(47) Pause Full (System.gc()) 770M->770M(5888M) 354.592ms
[21.187s][info][gc,metaspace] GC(48) Metaspace: 21407K(21824K)->21407K(21824K) NonClass: 17665K(17920K)->17665K(17920K) Class: 3741K(3904K)->3741K(3904K)
[21.187s][info][gc          ] GC(48) Pause Full (System.gc()) 770M->770M(5888M) 376.497ms
[21.542s][info][gc,metaspace] GC(49) Metaspace: 21407K(21824K)->21407K(21824K) NonClass: 17665K(17920K)->17665K(17920K) Class: 3741K(3904K)->3741K(3904K)
[21.543s][info][gc          ] GC(49) Pause Full (System.gc()) 770M->770M(5888M) 355.704ms
[21.902s][info][gc,metaspace] GC(50) Metaspace: 21407K(21824K)->21407K(21824K) NonClass: 17665K(17920K)->17665K(17920K) Class: 3741K(3904K)->3741K(3904K)
[21.902s][info][gc          ] GC(50) Pause Full (System.gc()) 770M->770M(5888M) 359.144ms
[22.278s][info][gc,metaspace] GC(51) Metaspace: 21407K(21824K)->21407K(21824K) NonClass: 17665K(17920K)->17665K(17920K) Class: 3741K(3904K)->3741K(3904K)
[22.278s][info][gc          ] GC(51) Pause Full (System.gc()) 770M->770M(5888M) 376.027ms
[22.633s][info][gc,metaspace] GC(52) Metaspace: 21407K(21824K)->21407K(21824K) NonClass: 17665K(17920K)->17665K(17920K) Class: 3741K(3904K)->3741K(3904K)
[22.633s][info][gc          ] GC(52) Pause Full (System.gc()) 770M->770M(5888M) 355.058ms
[22.991s][info][gc,metaspace] GC(53) Metaspace: 21407K(21824K)->21407K(21824K) NonClass: 17665K(17920K)->17665K(17920K) Class: 3741K(3904K)->3741K(3904K)
[22.991s][info][gc          ] GC(53) Pause Full (System.gc()) 770M->770M(5888M) 357.799ms
[23.383s][info][gc,metaspace] GC(54) Metaspace: 21407K(21824K)->21407K(21824K) NonClass: 17665K(17920K)->17665K(17920K) Class: 3741K(3904K)->3741K(3904K)
[23.383s][info][gc          ] GC(54) Pause Full (System.gc()) 770M->770M(5888M) 391.751ms
[23.747s][info][gc,metaspace] GC(55) Metaspace: 21407K(21824K)->21407K(21824K) NonClass: 17665K(17920K)->17665K(17920K) Class: 3741K(3904K)->3741K(3904K)
[23.747s][info][gc          ] GC(55) Pause Full (System.gc()) 770M->770M(5888M) 364.493ms
[24.154s][info][gc,metaspace] GC(56) Metaspace: 21407K(21824K)->21407K(21824K) NonClass: 17665K(17920K)->17665K(17920K) Class: 3741K(3904K)->3741K(3904K)
[24.154s][info][gc          ] GC(56) Pause Full (System.gc()) 770M->770M(5888M) 402.657ms
[24.516s][info][gc,metaspace] GC(57) Metaspace: 21407K(21824K)->21407K(21824K) NonClass: 17665K(17920K)->17665K(17920K) Class: 3741K(3904K)->3741K(3904K)
[24.516s][info][gc          ] GC(57) Pause Full (System.gc()) 770M->770M(5888M) 361.852ms
[24.873s][info][gc,metaspace] GC(58) Metaspace: 21407K(21824K)->21407K(21824K) NonClass: 17665K(17920K)->17665K(17920K) Class: 3741K(3904K)->3741K(3904K)
[24.873s][info][gc          ] GC(58) Pause Full (System.gc()) 770M->770M(5888M) 356.859ms
[25.264s][info][gc,metaspace] GC(59) Metaspace: 21407K(21824K)->21407K(21824K) NonClass: 17665K(17920K)->17665K(17920K) Class: 3741K(3904K)->3741K(3904K)
[25.264s][info][gc          ] GC(59) Pause Full (System.gc()) 770M->770M(5888M) 390.983ms
[25.625s][info][gc,metaspace] GC(60) Metaspace: 21407K(21824K)->21407K(21824K) NonClass: 17665K(17920K)->17665K(17920K) Class: 3741K(3904K)->3741K(3904K)
[25.625s][info][gc          ] GC(60) Pause Full (System.gc()) 770M->770M(5888M) 360.651ms
[25.983s][info][gc,metaspace] GC(61) Metaspace: 21407K(21824K)->21407K(21824K) NonClass: 17665K(17920K)->17665K(17920K) Class: 3741K(3904K)->3741K(3904K)
[25.983s][info][gc          ] GC(61) Pause Full (System.gc()) 770M->770M(5888M) 357.594ms
[26.373s][info][gc,metaspace] GC(62) Metaspace: 21407K(21824K)->21407K(21824K) NonClass: 17665K(17920K)->17665K(17920K) Class: 3741K(3904K)->3741K(3904K)
[26.374s][info][gc          ] GC(62) Pause Full (System.gc()) 770M->770M(5888M) 390.868ms
[26.731s][info][gc,metaspace] GC(63) Metaspace: 21407K(21824K)->21407K(21824K) NonClass: 17665K(17920K)->17665K(17920K) Class: 3741K(3904K)->3741K(3904K)
[26.731s][info][gc          ] GC(63) Pause Full (System.gc()) 770M->770M(5888M) 357.555ms
[27.156s][info][gc,metaspace] GC(64) Metaspace: 21407K(21824K)->21407K(21824K) NonClass: 17665K(17920K)->17665K(17920K) Class: 3741K(3904K)->3741K(3904K)
[27.156s][info][gc          ] GC(64) Pause Full (System.gc()) 770M->770M(5888M) 424.731ms
[27.520s][info][gc,metaspace] GC(65) Metaspace: 21407K(21824K)->21407K(21824K) NonClass: 17665K(17920K)->17665K(17920K) Class: 3741K(3904K)->3741K(3904K)
[27.520s][info][gc          ] GC(65) Pause Full (System.gc()) 770M->770M(5888M) 364.429ms
[27.887s][info][gc,metaspace] GC(66) Metaspace: 21407K(21824K)->21407K(21824K) NonClass: 17665K(17920K)->17665K(17920K) Class: 3741K(3904K)->3741K(3904K)
[27.887s][info][gc          ] GC(66) Pause Full (System.gc()) 770M->770M(5888M) 366.006ms
[28.285s][info][gc,metaspace] GC(67) Metaspace: 21407K(21824K)->21407K(21824K) NonClass: 17665K(17920K)->17665K(17920K) Class: 3741K(3904K)->3741K(3904K)
[28.285s][info][gc          ] GC(67) Pause Full (System.gc()) 770M->770M(5888M) 398.706ms
[28.645s][info][gc,metaspace] GC(68) Metaspace: 21407K(21824K)->21407K(21824K) NonClass: 17665K(17920K)->17665K(17920K) Class: 3741K(3904K)->3741K(3904K)
[28.645s][info][gc          ] GC(68) Pause Full (System.gc()) 770M->770M(5888M) 359.766ms
[29.003s][info][gc,metaspace] GC(69) Metaspace: 21407K(21824K)->21407K(21824K) NonClass: 17665K(17920K)->17665K(17920K) Class: 3741K(3904K)->3741K(3904K)
[29.003s][info][gc          ] GC(69) Pause Full (System.gc()) 770M->770M(5888M) 357.812ms
[29.404s][info][gc,metaspace] GC(70) Metaspace: 21407K(21824K)->21407K(21824K) NonClass: 17665K(17920K)->17665K(17920K) Class: 3741K(3904K)->3741K(3904K)
[29.404s][info][gc          ] GC(70) Pause Full (System.gc()) 770M->770M(5888M) 396.568ms
[29.763s][info][gc,metaspace] GC(71) Metaspace: 21407K(21824K)->21407K(21824K) NonClass: 17665K(17920K)->17665K(17920K) Class: 3741K(3904K)->3741K(3904K)
[29.763s][info][gc          ] GC(71) Pause Full (System.gc()) 770M->770M(5888M) 359.105ms
[30.161s][info][gc,metaspace] GC(72) Metaspace: 21407K(21824K)->21407K(21824K) NonClass: 17665K(17920K)->17665K(17920K) Class: 3741K(3904K)->3741K(3904K)
[30.161s][info][gc          ] GC(72) Pause Full (System.gc()) 770M->770M(5888M) 398.111ms
[30.528s][info][gc,metaspace] GC(73) Metaspace: 21407K(21824K)->21407K(21824K) NonClass: 17665K(17920K)->17665K(17920K) Class: 3741K(3904K)->3741K(3904K)
[30.528s][info][gc          ] GC(73) Pause Full (System.gc()) 770M->770M(5888M) 366.188ms
[30.901s][info][gc,metaspace] GC(74) Metaspace: 21407K(21824K)->21407K(21824K) NonClass: 17665K(17920K)->17665K(17920K) Class: 3741K(3904K)->3741K(3904K)
[30.901s][info][gc          ] GC(74) Pause Full (System.gc()) 770M->770M(5888M) 373.341ms
[31.338s][info][gc,metaspace] GC(75) Metaspace: 21407K(21824K)->21407K(21824K) NonClass: 17665K(17920K)->17665K(17920K) Class: 3741K(3904K)->3741K(3904K)
[31.338s][info][gc          ] GC(75) Pause Full (System.gc()) 770M->770M(5888M) 436.817ms
[31.708s][info][gc,metaspace] GC(76) Metaspace: 21407K(21824K)->21407K(21824K) NonClass: 17665K(17920K)->17665K(17920K) Class: 3741K(3904K)->3741K(3904K)
[31.708s][info][gc          ] GC(76) Pause Full (System.gc()) 770M->770M(5888M) 370.313ms
[32.105s][info][gc,metaspace] GC(77) Metaspace: 21407K(21824K)->21407K(21824K) NonClass: 17665K(17920K)->17665K(17920K) Class: 3741K(3904K)->3741K(3904K)
[32.105s][info][gc          ] GC(77) Pause Full (System.gc()) 770M->770M(5888M) 396.727ms
[32.469s][info][gc,metaspace] GC(78) Metaspace: 21407K(21824K)->21407K(21824K) NonClass: 17665K(17920K)->17665K(17920K) Class: 3741K(3904K)->3741K(3904K)
[32.469s][info][gc          ] GC(78) Pause Full (System.gc()) 770M->770M(5888M) 363.747ms
[32.830s][info][gc,metaspace] GC(79) Metaspace: 21407K(21824K)->21407K(21824K) NonClass: 17665K(17920K)->17665K(17920K) Class: 3741K(3904K)->3741K(3904K)
[32.830s][info][gc          ] GC(79) Pause Full (System.gc()) 770M->770M(5888M) 361.454ms
[33.198s][info][gc,metaspace] GC(80) Metaspace: 21407K(21824K)->21407K(21824K) NonClass: 17665K(17920K)->17665K(17920K) Class: 3741K(3904K)->3741K(3904K)
[33.198s][info][gc          ] GC(80) Pause Full (System.gc()) 770M->770M(5888M) 367.332ms
[33.555s][info][gc,metaspace] GC(81) Metaspace: 21407K(21824K)->21407K(21824K) NonClass: 17665K(17920K)->17665K(17920K) Class: 3741K(3904K)->3741K(3904K)
[33.555s][info][gc          ] GC(81) Pause Full (System.gc()) 770M->770M(5888M) 356.718ms
[33.913s][info][gc,metaspace] GC(82) Metaspace: 21407K(21824K)->21407K(21824K) NonClass: 17665K(17920K)->17665K(17920K) Class: 3741K(3904K)->3741K(3904K)
[33.913s][info][gc          ] GC(82) Pause Full (System.gc()) 770M->770M(5888M) 357.797ms
[34.285s][info][gc,metaspace] GC(83) Metaspace: 21407K(21824K)->21407K(21824K) NonClass: 17665K(17920K)->17665K(17920K) Class: 3741K(3904K)->3741K(3904K)
[34.285s][info][gc          ] GC(83) Pause Full (System.gc()) 770M->770M(5888M) 372.221ms
[34.652s][info][gc,metaspace] GC(84) Metaspace: 21407K(21824K)->21407K(21824K) NonClass: 17665K(17920K)->17665K(17920K) Class: 3741K(3904K)->3741K(3904K)
[34.652s][info][gc          ] GC(84) Pause Full (System.gc()) 770M->770M(5888M) 363.308ms
[35.012s][info][gc,metaspace] GC(85) Metaspace: 21407K(21824K)->21407K(21824K) NonClass: 17665K(17920K)->17665K(17920K) Class: 3741K(3904K)->3741K(3904K)
[35.012s][info][gc          ] GC(85) Pause Full (System.gc()) 770M->770M(5888M) 359.926ms
[35.392s][info][gc,metaspace] GC(86) Metaspace: 21407K(21824K)->21407K(21824K) NonClass: 17665K(17920K)->17665K(17920K) Class: 3741K(3904K)->3741K(3904K)
[35.392s][info][gc          ] GC(86) Pause Full (System.gc()) 770M->770M(5888M) 379.019ms
[35.748s][info][gc,metaspace] GC(87) Metaspace: 21407K(21824K)->21407K(21824K) NonClass: 17665K(17920K)->17665K(17920K) Class: 3741K(3904K)->3741K(3904K)
[35.748s][info][gc          ] GC(87) Pause Full (System.gc()) 770M->770M(5888M) 356.006ms
[36.150s][info][gc,metaspace] GC(88) Metaspace: 21407K(21824K)->21407K(21824K) NonClass: 17665K(17920K)->17665K(17920K) Class: 3741K(3904K)->3741K(3904K)
[36.150s][info][gc          ] GC(88) Pause Full (System.gc()) 770M->770M(5888M) 402.525ms
[36.511s][info][gc,metaspace] GC(89) Metaspace: 21407K(21824K)->21407K(21824K) NonClass: 17665K(17920K)->17665K(17920K) Class: 3741K(3904K)->3741K(3904K)
[36.511s][info][gc          ] GC(89) Pause Full (System.gc()) 770M->770M(5888M) 360.512ms
[36.868s][info][gc,metaspace] GC(90) Metaspace: 21407K(21824K)->21407K(21824K) NonClass: 17665K(17920K)->17665K(17920K) Class: 3741K(3904K)->3741K(3904K)
[36.868s][info][gc          ] GC(90) Pause Full (System.gc()) 770M->770M(5888M) 356.873ms
[37.269s][info][gc,metaspace] GC(91) Metaspace: 21407K(21824K)->21407K(21824K) NonClass: 17665K(17920K)->17665K(17920K) Class: 3741K(3904K)->3741K(3904K)
[37.269s][info][gc          ] GC(91) Pause Full (System.gc()) 770M->770M(5888M) 400.679ms
[37.631s][info][gc,metaspace] GC(92) Metaspace: 21407K(21824K)->21407K(21824K) NonClass: 17665K(17920K)->17665K(17920K) Class: 3741K(3904K)->3741K(3904K)
[37.631s][info][gc          ] GC(92) Pause Full (System.gc()) 770M->770M(5888M) 362.191ms
[37.991s][info][gc,metaspace] GC(93) Metaspace: 21407K(21824K)->21407K(21824K) NonClass: 17665K(17920K)->17665K(17920K) Class: 3741K(3904K)->3741K(3904K)
[37.991s][info][gc          ] GC(93) Pause Full (System.gc()) 770M->770M(5888M) 360.201ms
[38.364s][info][gc,metaspace] GC(94) Metaspace: 21407K(21824K)->21407K(21824K) NonClass: 17665K(17920K)->17665K(17920K) Class: 3741K(3904K)->3741K(3904K)
[38.364s][info][gc          ] GC(94) Pause Full (System.gc()) 770M->770M(5888M) 373.045ms
[38.721s][info][gc,metaspace] GC(95) Metaspace: 21407K(21824K)->21407K(21824K) NonClass: 17665K(17920K)->17665K(17920K) Class: 3741K(3904K)->3741K(3904K)
[38.721s][info][gc          ] GC(95) Pause Full (System.gc()) 770M->770M(5888M) 356.786ms
[39.178s][info][gc,metaspace] GC(96) Metaspace: 21407K(21824K)->21407K(21824K) NonClass: 17665K(17920K)->17665K(17920K) Class: 3741K(3904K)->3741K(3904K)
[39.179s][info][gc          ] GC(96) Pause Full (System.gc()) 770M->770M(5888M) 457.350ms
[39.551s][info][gc,metaspace] GC(97) Metaspace: 21407K(21824K)->21407K(21824K) NonClass: 17665K(17920K)->17665K(17920K) Class: 3741K(3904K)->3741K(3904K)
[39.551s][info][gc          ] GC(97) Pause Full (System.gc()) 770M->770M(5888M) 372.102ms
[39.921s][info][gc,metaspace] GC(98) Metaspace: 21407K(21824K)->21407K(21824K) NonClass: 17665K(17920K)->17665K(17920K) Class: 3741K(3904K)->3741K(3904K)
[39.921s][info][gc          ] GC(98) Pause Full (System.gc()) 770M->770M(5888M) 365.780ms
[40.295s][info][gc,metaspace] GC(99) Metaspace: 21407K(21824K)->21407K(21824K) NonClass: 17665K(17920K)->17665K(17920K) Class: 3741K(3904K)->3741K(3904K)
[40.295s][info][gc          ] GC(99) Pause Full (System.gc()) 770M->770M(5888M) 374.544ms
[40.652s][info][gc,metaspace] GC(100) Metaspace: 21407K(21824K)->21407K(21824K) NonClass: 17665K(17920K)->17665K(17920K) Class: 3741K(3904K)->3741K(3904K)
[40.652s][info][gc          ] GC(100) Pause Full (System.gc()) 770M->770M(5888M) 356.721ms
After GCs... 
