Done; will start GCs... 
[3.678s][info][gc,metaspace] GC(1) Metaspace: 21388K(21760K)->21388K(21760K) NonClass: 17646K(17856K)->17646K(17856K) Class: 3741K(3904K)->3741K(3904K)
[3.678s][info][gc          ] GC(1) Pause Full (System.gc()) 873M->770M(5888M) 614.495ms
[4.063s][info][gc,metaspace] GC(2) Metaspace: 21388K(21760K)->21388K(21760K) NonClass: 17646K(17856K)->17646K(17856K) Class: 3741K(3904K)->3741K(3904K)
[4.063s][info][gc          ] GC(2) Pause Full (System.gc()) 770M->770M(5888M) 385.358ms
[4.462s][info][gc,metaspace] GC(3) Metaspace: 21388K(21760K)->21388K(21760K) NonClass: 17646K(17856K)->17646K(17856K) Class: 3741K(3904K)->3741K(3904K)
[4.462s][info][gc          ] GC(3) Pause Full (System.gc()) 770M->770M(5888M) 394.919ms
[4.855s][info][gc,metaspace] GC(4) Metaspace: 21388K(21760K)->21388K(21760K) NonClass: 17646K(17856K)->17646K(17856K) Class: 3741K(3904K)->3741K(3904K)
[4.855s][info][gc          ] GC(4) Pause Full (System.gc()) 770M->770M(5888M) 392.335ms
[5.285s][info][gc,metaspace] GC(5) Metaspace: 21388K(21760K)->21388K(21760K) NonClass: 17646K(17856K)->17646K(17856K) Class: 3741K(3904K)->3741K(3904K)
[5.285s][info][gc          ] GC(5) Pause Full (System.gc()) 770M->770M(5888M) 429.773ms
[5.673s][info][gc,metaspace] GC(6) Metaspace: 21388K(21760K)->21388K(21760K) NonClass: 17646K(17856K)->17646K(17856K) Class: 3741K(3904K)->3741K(3904K)
[5.673s][info][gc          ] GC(6) Pause Full (System.gc()) 770M->770M(5888M) 387.968ms
[6.055s][info][gc,metaspace] GC(7) Metaspace: 21388K(21760K)->21388K(21760K) NonClass: 17646K(17856K)->17646K(17856K) Class: 3741K(3904K)->3741K(3904K)
[6.055s][info][gc          ] GC(7) Pause Full (System.gc()) 770M->770M(5888M) 382.119ms
[6.452s][info][gc,metaspace] GC(8) Metaspace: 21388K(21760K)->21388K(21760K) NonClass: 17646K(17856K)->17646K(17856K) Class: 3741K(3904K)->3741K(3904K)
[6.452s][info][gc          ] GC(8) Pause Full (System.gc()) 770M->770M(5888M) 396.632ms
[6.837s][info][gc,metaspace] GC(9) Metaspace: 21388K(21760K)->21388K(21760K) NonClass: 17646K(17856K)->17646K(17856K) Class: 3741K(3904K)->3741K(3904K)
[6.837s][info][gc          ] GC(9) Pause Full (System.gc()) 770M->770M(5888M) 385.476ms
[7.266s][info][gc,metaspace] GC(10) Metaspace: 21388K(21760K)->21388K(21760K) NonClass: 17646K(17856K)->17646K(17856K) Class: 3741K(3904K)->3741K(3904K)
[7.266s][info][gc          ] GC(10) Pause Full (System.gc()) 770M->770M(5888M) 429.150ms
[7.657s][info][gc,metaspace] GC(11) Metaspace: 21388K(21760K)->21388K(21760K) NonClass: 17646K(17856K)->17646K(17856K) Class: 3741K(3904K)->3741K(3904K)
[7.657s][info][gc          ] GC(11) Pause Full (System.gc()) 770M->770M(5888M) 390.940ms
[8.037s][info][gc,metaspace] GC(12) Metaspace: 21388K(21760K)->21388K(21760K) NonClass: 17646K(17856K)->17646K(17856K) Class: 3741K(3904K)->3741K(3904K)
[8.037s][info][gc          ] GC(12) Pause Full (System.gc()) 770M->770M(5888M) 379.688ms
[8.422s][info][gc,metaspace] GC(13) Metaspace: 21388K(21760K)->21388K(21760K) NonClass: 17646K(17856K)->17646K(17856K) Class: 3741K(3904K)->3741K(3904K)
[8.422s][info][gc          ] GC(13) Pause Full (System.gc()) 770M->770M(5888M) 385.029ms
[8.805s][info][gc,metaspace] GC(14) Metaspace: 21388K(21760K)->21388K(21760K) NonClass: 17646K(17856K)->17646K(17856K) Class: 3741K(3904K)->3741K(3904K)
[8.805s][info][gc          ] GC(14) Pause Full (System.gc()) 770M->770M(5888M) 382.394ms
[9.223s][info][gc,metaspace] GC(15) Metaspace: 21388K(21760K)->21388K(21760K) NonClass: 17646K(17856K)->17646K(17856K) Class: 3741K(3904K)->3741K(3904K)
[9.223s][info][gc          ] GC(15) Pause Full (System.gc()) 770M->770M(5888M) 418.101ms
[9.609s][info][gc,metaspace] GC(16) Metaspace: 21388K(21760K)->21388K(21760K) NonClass: 17646K(17856K)->17646K(17856K) Class: 3741K(3904K)->3741K(3904K)
[9.609s][info][gc          ] GC(16) Pause Full (System.gc()) 770M->770M(5888M) 382.182ms
[9.998s][info][gc,metaspace] GC(17) Metaspace: 21388K(21760K)->21388K(21760K) NonClass: 17646K(17856K)->17646K(17856K) Class: 3741K(3904K)->3741K(3904K)
[9.998s][info][gc          ] GC(17) Pause Full (System.gc()) 770M->770M(5888M) 388.720ms
[10.445s][info][gc,metaspace] GC(18) Metaspace: 21388K(21760K)->21388K(21760K) NonClass: 17646K(17856K)->17646K(17856K) Class: 3741K(3904K)->3741K(3904K)
[10.445s][info][gc          ] GC(18) Pause Full (System.gc()) 770M->770M(5888M) 446.554ms
[10.826s][info][gc,metaspace] GC(19) Metaspace: 21388K(21760K)->21388K(21760K) NonClass: 17646K(17856K)->17646K(17856K) Class: 3741K(3904K)->3741K(3904K)
[10.826s][info][gc          ] GC(19) Pause Full (System.gc()) 770M->770M(5888M) 381.343ms
[11.259s][info][gc,metaspace] GC(20) Metaspace: 21388K(21760K)->21388K(21760K) NonClass: 17646K(17856K)->17646K(17856K) Class: 3741K(3904K)->3741K(3904K)
[11.259s][info][gc          ] GC(20) Pause Full (System.gc()) 770M->770M(5888M) 432.401ms
[11.654s][info][gc,metaspace] GC(21) Metaspace: 21388K(21760K)->21388K(21760K) NonClass: 17646K(17856K)->17646K(17856K) Class: 3741K(3904K)->3741K(3904K)
[11.654s][info][gc          ] GC(21) Pause Full (System.gc()) 770M->770M(5888M) 394.901ms
[12.035s][info][gc,metaspace] GC(22) Metaspace: 21388K(21760K)->21388K(21760K) NonClass: 17646K(17856K)->17646K(17856K) Class: 3741K(3904K)->3741K(3904K)
[12.035s][info][gc          ] GC(22) Pause Full (System.gc()) 770M->770M(5888M) 381.563ms
[12.430s][info][gc,metaspace] GC(23) Metaspace: 21388K(21760K)->21388K(21760K) NonClass: 17646K(17856K)->17646K(17856K) Class: 3741K(3904K)->3741K(3904K)
[12.430s][info][gc          ] GC(23) Pause Full (System.gc()) 770M->770M(5888M) 394.288ms
[12.813s][info][gc,metaspace] GC(24) Metaspace: 21388K(21760K)->21388K(21760K) NonClass: 17646K(17856K)->17646K(17856K) Class: 3741K(3904K)->3741K(3904K)
[12.813s][info][gc          ] GC(24) Pause Full (System.gc()) 770M->770M(5888M) 382.780ms
[13.243s][info][gc,metaspace] GC(25) Metaspace: 21388K(21760K)->21388K(21760K) NonClass: 17646K(17856K)->17646K(17856K) Class: 3741K(3904K)->3741K(3904K)
[13.243s][info][gc          ] GC(25) Pause Full (System.gc()) 770M->770M(5888M) 430.102ms
[13.627s][info][gc,metaspace] GC(26) Metaspace: 21388K(21760K)->21388K(21760K) NonClass: 17646K(17856K)->17646K(17856K) Class: 3741K(3904K)->3741K(3904K)
[13.627s][info][gc          ] GC(26) Pause Full (System.gc()) 770M->770M(5888M) 384.494ms
[14.011s][info][gc,metaspace] GC(27) Metaspace: 21388K(21760K)->21388K(21760K) NonClass: 17646K(17856K)->17646K(17856K) Class: 3741K(3904K)->3741K(3904K)
[14.011s][info][gc          ] GC(27) Pause Full (System.gc()) 770M->770M(5888M) 383.600ms
[14.456s][info][gc,metaspace] GC(28) Metaspace: 21388K(21760K)->21388K(21760K) NonClass: 17646K(17856K)->17646K(17856K) Class: 3741K(3904K)->3741K(3904K)
[14.456s][info][gc          ] GC(28) Pause Full (System.gc()) 770M->770M(5888M) 444.603ms
[14.840s][info][gc,metaspace] GC(29) Metaspace: 21388K(21760K)->21388K(21760K) NonClass: 17646K(17856K)->17646K(17856K) Class: 3741K(3904K)->3741K(3904K)
[14.840s][info][gc          ] GC(29) Pause Full (System.gc()) 770M->770M(5888M) 379.862ms
[15.251s][info][gc,metaspace] GC(30) Metaspace: 21388K(21760K)->21388K(21760K) NonClass: 17646K(17856K)->17646K(17856K) Class: 3741K(3904K)->3741K(3904K)
[15.251s][info][gc          ] GC(30) Pause Full (System.gc()) 770M->770M(5888M) 410.543ms
[15.639s][info][gc,metaspace] GC(31) Metaspace: 21388K(21760K)->21388K(21760K) NonClass: 17646K(17856K)->17646K(17856K) Class: 3741K(3904K)->3741K(3904K)
[15.639s][info][gc          ] GC(31) Pause Full (System.gc()) 770M->770M(5888M) 388.805ms
[16.024s][info][gc,metaspace] GC(32) Metaspace: 21388K(21760K)->21388K(21760K) NonClass: 17646K(17856K)->17646K(17856K) Class: 3741K(3904K)->3741K(3904K)
[16.024s][info][gc          ] GC(32) Pause Full (System.gc()) 770M->770M(5888M) 384.356ms
[16.436s][info][gc,metaspace] GC(33) Metaspace: 21388K(21760K)->21388K(21760K) NonClass: 17646K(17856K)->17646K(17856K) Class: 3741K(3904K)->3741K(3904K)
[16.437s][info][gc          ] GC(33) Pause Full (System.gc()) 770M->770M(5888M) 412.503ms
[16.824s][info][gc,metaspace] GC(34) Metaspace: 21388K(21760K)->21388K(21760K) NonClass: 17646K(17856K)->17646K(17856K) Class: 3741K(3904K)->3741K(3904K)
[16.824s][info][gc          ] GC(34) Pause Full (System.gc()) 770M->770M(5888M) 387.626ms
[17.254s][info][gc,metaspace] GC(35) Metaspace: 21388K(21760K)->21388K(21760K) NonClass: 17646K(17856K)->17646K(17856K) Class: 3741K(3904K)->3741K(3904K)
[17.254s][info][gc          ] GC(35) Pause Full (System.gc()) 770M->770M(5888M) 429.943ms
[17.643s][info][gc,metaspace] GC(36) Metaspace: 21388K(21760K)->21388K(21760K) NonClass: 17646K(17856K)->17646K(17856K) Class: 3741K(3904K)->3741K(3904K)
[17.643s][info][gc          ] GC(36) Pause Full (System.gc()) 770M->770M(5888M) 389.130ms
[18.029s][info][gc,metaspace] GC(37) Metaspace: 21388K(21760K)->21388K(21760K) NonClass: 17646K(17856K)->17646K(17856K) Class: 3741K(3904K)->3741K(3904K)
[18.029s][info][gc          ] GC(37) Pause Full (System.gc()) 770M->770M(5888M) 385.566ms
[18.452s][info][gc,metaspace] GC(38) Metaspace: 21388K(21760K)->21388K(21760K) NonClass: 17646K(17856K)->17646K(17856K) Class: 3741K(3904K)->3741K(3904K)
[18.452s][info][gc          ] GC(38) Pause Full (System.gc()) 770M->770M(5888M) 422.470ms
[18.844s][info][gc,metaspace] GC(39) Metaspace: 21388K(21760K)->21388K(21760K) NonClass: 17646K(17856K)->17646K(17856K) Class: 3741K(3904K)->3741K(3904K)
[18.844s][info][gc          ] GC(39) Pause Full (System.gc()) 770M->770M(5888M) 392.000ms
[19.266s][info][gc,metaspace] GC(40) Metaspace: 21388K(21760K)->21388K(21760K) NonClass: 17646K(17856K)->17646K(17856K) Class: 3741K(3904K)->3741K(3904K)
[19.266s][info][gc          ] GC(40) Pause Full (System.gc()) 770M->770M(5888M) 422.592ms
[19.661s][info][gc,metaspace] GC(41) Metaspace: 21388K(21760K)->21388K(21760K) NonClass: 17646K(17856K)->17646K(17856K) Class: 3741K(3904K)->3741K(3904K)
[19.661s][info][gc          ] GC(41) Pause Full (System.gc()) 770M->770M(5888M) 394.973ms
[20.055s][info][gc,metaspace] GC(42) Metaspace: 21388K(21760K)->21388K(21760K) NonClass: 17646K(17856K)->17646K(17856K) Class: 3741K(3904K)->3741K(3904K)
[20.055s][info][gc          ] GC(42) Pause Full (System.gc()) 770M->770M(5888M) 389.575ms
[20.450s][info][gc,metaspace] GC(43) Metaspace: 21388K(21760K)->21388K(21760K) NonClass: 17646K(17856K)->17646K(17856K) Class: 3741K(3904K)->3741K(3904K)
[20.450s][info][gc          ] GC(43) Pause Full (System.gc()) 770M->770M(5888M) 394.276ms
[20.837s][info][gc,metaspace] GC(44) Metaspace: 21388K(21760K)->21388K(21760K) NonClass: 17646K(17856K)->17646K(17856K) Class: 3741K(3904K)->3741K(3904K)
[20.837s][info][gc          ] GC(44) Pause Full (System.gc()) 770M->770M(5888M) 387.260ms
[21.258s][info][gc,metaspace] GC(45) Metaspace: 21388K(21760K)->21388K(21760K) NonClass: 17646K(17856K)->17646K(17856K) Class: 3741K(3904K)->3741K(3904K)
[21.258s][info][gc          ] GC(45) Pause Full (System.gc()) 770M->770M(5888M) 421.280ms
[21.647s][info][gc,metaspace] GC(46) Metaspace: 21388K(21760K)->21388K(21760K) NonClass: 17646K(17856K)->17646K(17856K) Class: 3741K(3904K)->3741K(3904K)
[21.647s][info][gc          ] GC(46) Pause Full (System.gc()) 770M->770M(5888M) 388.625ms
[22.037s][info][gc,metaspace] GC(47) Metaspace: 21388K(21760K)->21388K(21760K) NonClass: 17646K(17856K)->17646K(17856K) Class: 3741K(3904K)->3741K(3904K)
[22.037s][info][gc          ] GC(47) Pause Full (System.gc()) 770M->770M(5888M) 389.579ms
[22.487s][info][gc,metaspace] GC(48) Metaspace: 21388K(21760K)->21388K(21760K) NonClass: 17646K(17856K)->17646K(17856K) Class: 3741K(3904K)->3741K(3904K)
[22.487s][info][gc          ] GC(48) Pause Full (System.gc()) 770M->770M(5888M) 450.131ms
[22.880s][info][gc,metaspace] GC(49) Metaspace: 21388K(21760K)->21388K(21760K) NonClass: 17646K(17856K)->17646K(17856K) Class: 3741K(3904K)->3741K(3904K)
[22.880s][info][gc          ] GC(49) Pause Full (System.gc()) 770M->770M(5888M) 393.029ms
[23.299s][info][gc,metaspace] GC(50) Metaspace: 21388K(21760K)->21388K(21760K) NonClass: 17646K(17856K)->17646K(17856K) Class: 3741K(3904K)->3741K(3904K)
[23.299s][info][gc          ] GC(50) Pause Full (System.gc()) 770M->770M(5888M) 419.096ms
[23.689s][info][gc,metaspace] GC(51) Metaspace: 21388K(21760K)->21388K(21760K) NonClass: 17646K(17856K)->17646K(17856K) Class: 3741K(3904K)->3741K(3904K)
[23.689s][info][gc          ] GC(51) Pause Full (System.gc()) 770M->770M(5888M) 389.742ms
[24.069s][info][gc,metaspace] GC(52) Metaspace: 21388K(21760K)->21388K(21760K) NonClass: 17646K(17856K)->17646K(17856K) Class: 3741K(3904K)->3741K(3904K)
[24.069s][info][gc          ] GC(52) Pause Full (System.gc()) 770M->770M(5888M) 379.494ms
[24.461s][info][gc,metaspace] GC(53) Metaspace: 21388K(21760K)->21388K(21760K) NonClass: 17646K(17856K)->17646K(17856K) Class: 3741K(3904K)->3741K(3904K)
[24.461s][info][gc          ] GC(53) Pause Full (System.gc()) 770M->770M(5888M) 392.253ms
[24.849s][info][gc,metaspace] GC(54) Metaspace: 21388K(21760K)->21388K(21760K) NonClass: 17646K(17856K)->17646K(17856K) Class: 3741K(3904K)->3741K(3904K)
[24.849s][info][gc          ] GC(54) Pause Full (System.gc()) 770M->770M(5888M) 387.756ms
[25.274s][info][gc,metaspace] GC(55) Metaspace: 21388K(21760K)->21388K(21760K) NonClass: 17646K(17856K)->17646K(17856K) Class: 3741K(3904K)->3741K(3904K)
[25.274s][info][gc          ] GC(55) Pause Full (System.gc()) 770M->770M(5888M) 421.245ms
[25.661s][info][gc,metaspace] GC(56) Metaspace: 21388K(21760K)->21388K(21760K) NonClass: 17646K(17856K)->17646K(17856K) Class: 3741K(3904K)->3741K(3904K)
[25.661s][info][gc          ] GC(56) Pause Full (System.gc()) 770M->770M(5888M) 386.242ms
[26.057s][info][gc,metaspace] GC(57) Metaspace: 21388K(21760K)->21388K(21760K) NonClass: 17646K(17856K)->17646K(17856K) Class: 3741K(3904K)->3741K(3904K)
[26.057s][info][gc          ] GC(57) Pause Full (System.gc()) 770M->770M(5888M) 396.583ms
[26.479s][info][gc,metaspace] GC(58) Metaspace: 21388K(21760K)->21388K(21760K) NonClass: 17646K(17856K)->17646K(17856K) Class: 3741K(3904K)->3741K(3904K)
[26.479s][info][gc          ] GC(58) Pause Full (System.gc()) 770M->770M(5888M) 421.584ms
[26.871s][info][gc,metaspace] GC(59) Metaspace: 21388K(21760K)->21388K(21760K) NonClass: 17646K(17856K)->17646K(17856K) Class: 3741K(3904K)->3741K(3904K)
[26.871s][info][gc          ] GC(59) Pause Full (System.gc()) 770M->770M(5888M) 391.759ms
[27.288s][info][gc,metaspace] GC(60) Metaspace: 21388K(21760K)->21388K(21760K) NonClass: 17646K(17856K)->17646K(17856K) Class: 3741K(3904K)->3741K(3904K)
[27.288s][info][gc          ] GC(60) Pause Full (System.gc()) 770M->770M(5888M) 417.483ms
[27.681s][info][gc,metaspace] GC(61) Metaspace: 21388K(21760K)->21388K(21760K) NonClass: 17646K(17856K)->17646K(17856K) Class: 3741K(3904K)->3741K(3904K)
[27.681s][info][gc          ] GC(61) Pause Full (System.gc()) 770M->770M(5888M) 392.205ms
[28.069s][info][gc,metaspace] GC(62) Metaspace: 21388K(21760K)->21388K(21760K) NonClass: 17646K(17856K)->17646K(17856K) Class: 3741K(3904K)->3741K(3904K)
[28.069s][info][gc          ] GC(62) Pause Full (System.gc()) 770M->770M(5888M) 387.854ms
[28.453s][info][gc,metaspace] GC(63) Metaspace: 21388K(21760K)->21388K(21760K) NonClass: 17646K(17856K)->17646K(17856K) Class: 3741K(3904K)->3741K(3904K)
[28.453s][info][gc          ] GC(63) Pause Full (System.gc()) 770M->770M(5888M) 384.648ms
[28.837s][info][gc,metaspace] GC(64) Metaspace: 21388K(21760K)->21388K(21760K) NonClass: 17646K(17856K)->17646K(17856K) Class: 3741K(3904K)->3741K(3904K)
[28.837s][info][gc          ] GC(64) Pause Full (System.gc()) 770M->770M(5888M) 383.248ms
[29.256s][info][gc,metaspace] GC(65) Metaspace: 21388K(21760K)->21388K(21760K) NonClass: 17646K(17856K)->17646K(17856K) Class: 3741K(3904K)->3741K(3904K)
[29.256s][info][gc          ] GC(65) Pause Full (System.gc()) 770M->770M(5888M) 419.572ms
[29.635s][info][gc,metaspace] GC(66) Metaspace: 21388K(21760K)->21388K(21760K) NonClass: 17646K(17856K)->17646K(17856K) Class: 3741K(3904K)->3741K(3904K)
[29.635s][info][gc          ] GC(66) Pause Full (System.gc()) 770M->770M(5888M) 379.153ms
[30.060s][info][gc,metaspace] GC(67) Metaspace: 21388K(21760K)->21388K(21760K) NonClass: 17646K(17856K)->17646K(17856K) Class: 3741K(3904K)->3741K(3904K)
[30.060s][info][gc          ] GC(67) Pause Full (System.gc()) 770M->770M(5888M) 424.895ms
[30.462s][info][gc,metaspace] GC(68) Metaspace: 21388K(21760K)->21388K(21760K) NonClass: 17646K(17856K)->17646K(17856K) Class: 3741K(3904K)->3741K(3904K)
[30.462s][info][gc          ] GC(68) Pause Full (System.gc()) 770M->770M(5888M) 397.119ms
[30.848s][info][gc,metaspace] GC(69) Metaspace: 21388K(21760K)->21388K(21760K) NonClass: 17646K(17856K)->17646K(17856K) Class: 3741K(3904K)->3741K(3904K)
[30.848s][info][gc          ] GC(69) Pause Full (System.gc()) 770M->770M(5888M) 386.125ms
[31.275s][info][gc,metaspace] GC(70) Metaspace: 21388K(21760K)->21388K(21760K) NonClass: 17646K(17856K)->17646K(17856K) Class: 3741K(3904K)->3741K(3904K)
[31.275s][info][gc          ] GC(70) Pause Full (System.gc()) 770M->770M(5888M) 426.823ms
[31.671s][info][gc,metaspace] GC(71) Metaspace: 21388K(21760K)->21388K(21760K) NonClass: 17646K(17856K)->17646K(17856K) Class: 3741K(3904K)->3741K(3904K)
[31.671s][info][gc          ] GC(71) Pause Full (System.gc()) 770M->770M(5888M) 395.664ms
[32.059s][info][gc,metaspace] GC(72) Metaspace: 21388K(21760K)->21388K(21760K) NonClass: 17646K(17856K)->17646K(17856K) Class: 3741K(3904K)->3741K(3904K)
[32.059s][info][gc          ] GC(72) Pause Full (System.gc()) 770M->770M(5888M) 388.452ms
[32.459s][info][gc,metaspace] GC(73) Metaspace: 21388K(21760K)->21388K(21760K) NonClass: 17646K(17856K)->17646K(17856K) Class: 3741K(3904K)->3741K(3904K)
[32.459s][info][gc          ] GC(73) Pause Full (System.gc()) 770M->770M(5888M) 400.000ms
[32.843s][info][gc,metaspace] GC(74) Metaspace: 21388K(21760K)->21388K(21760K) NonClass: 17646K(17856K)->17646K(17856K) Class: 3741K(3904K)->3741K(3904K)
[32.843s][info][gc          ] GC(74) Pause Full (System.gc()) 770M->770M(5888M) 383.614ms
[33.279s][info][gc,metaspace] GC(75) Metaspace: 21388K(21760K)->21388K(21760K) NonClass: 17646K(17856K)->17646K(17856K) Class: 3741K(3904K)->3741K(3904K)
[33.279s][info][gc          ] GC(75) Pause Full (System.gc()) 770M->770M(5888M) 435.638ms
[33.674s][info][gc,metaspace] GC(76) Metaspace: 21388K(21760K)->21388K(21760K) NonClass: 17646K(17856K)->17646K(17856K) Class: 3741K(3904K)->3741K(3904K)
[33.674s][info][gc          ] GC(76) Pause Full (System.gc()) 770M->770M(5888M) 395.259ms
[34.055s][info][gc,metaspace] GC(77) Metaspace: 21388K(21760K)->21388K(21760K) NonClass: 17646K(17856K)->17646K(17856K) Class: 3741K(3904K)->3741K(3904K)
[34.055s][info][gc          ] GC(77) Pause Full (System.gc()) 770M->770M(5888M) 381.187ms
[34.443s][info][gc,metaspace] GC(78) Metaspace: 21388K(21760K)->21388K(21760K) NonClass: 17646K(17856K)->17646K(17856K) Class: 3741K(3904K)->3741K(3904K)
[34.443s][info][gc          ] GC(78) Pause Full (System.gc()) 770M->770M(5888M) 387.345ms
[34.839s][info][gc,metaspace] GC(79) Metaspace: 21388K(21760K)->21388K(21760K) NonClass: 17646K(17856K)->17646K(17856K) Class: 3741K(3904K)->3741K(3904K)
[34.839s][info][gc          ] GC(79) Pause Full (System.gc()) 770M->770M(5888M) 396.269ms
[35.266s][info][gc,metaspace] GC(80) Metaspace: 21388K(21760K)->21388K(21760K) NonClass: 17646K(17856K)->17646K(17856K) Class: 3741K(3904K)->3741K(3904K)
[35.266s][info][gc          ] GC(80) Pause Full (System.gc()) 770M->770M(5888M) 427.022ms
[35.656s][info][gc,metaspace] GC(81) Metaspace: 21388K(21760K)->21388K(21760K) NonClass: 17646K(17856K)->17646K(17856K) Class: 3741K(3904K)->3741K(3904K)
[35.657s][info][gc          ] GC(81) Pause Full (System.gc()) 770M->770M(5888M) 385.899ms
[36.041s][info][gc,metaspace] GC(82) Metaspace: 21388K(21760K)->21388K(21760K) NonClass: 17646K(17856K)->17646K(17856K) Class: 3741K(3904K)->3741K(3904K)
[36.041s][info][gc          ] GC(82) Pause Full (System.gc()) 770M->770M(5888M) 384.394ms
[36.434s][info][gc,metaspace] GC(83) Metaspace: 21388K(21760K)->21388K(21760K) NonClass: 17646K(17856K)->17646K(17856K) Class: 3741K(3904K)->3741K(3904K)
[36.434s][info][gc          ] GC(83) Pause Full (System.gc()) 770M->770M(5888M) 393.367ms
[36.821s][info][gc,metaspace] GC(84) Metaspace: 21388K(21760K)->21388K(21760K) NonClass: 17646K(17856K)->17646K(17856K) Class: 3741K(3904K)->3741K(3904K)
[36.821s][info][gc          ] GC(84) Pause Full (System.gc()) 770M->770M(5888M) 386.208ms
[37.249s][info][gc,metaspace] GC(85) Metaspace: 21388K(21760K)->21388K(21760K) NonClass: 17646K(17856K)->17646K(17856K) Class: 3741K(3904K)->3741K(3904K)
[37.249s][info][gc          ] GC(85) Pause Full (System.gc()) 770M->770M(5888M) 428.074ms
[37.645s][info][gc,metaspace] GC(86) Metaspace: 21388K(21760K)->21388K(21760K) NonClass: 17646K(17856K)->17646K(17856K) Class: 3741K(3904K)->3741K(3904K)
[37.645s][info][gc          ] GC(86) Pause Full (System.gc()) 770M->770M(5888M) 396.164ms
[38.039s][info][gc,metaspace] GC(87) Metaspace: 21388K(21760K)->21388K(21760K) NonClass: 17646K(17856K)->17646K(17856K) Class: 3741K(3904K)->3741K(3904K)
[38.039s][info][gc          ] GC(87) Pause Full (System.gc()) 770M->770M(5888M) 393.447ms
[38.431s][info][gc,metaspace] GC(88) Metaspace: 21388K(21760K)->21388K(21760K) NonClass: 17646K(17856K)->17646K(17856K) Class: 3741K(3904K)->3741K(3904K)
[38.432s][info][gc          ] GC(88) Pause Full (System.gc()) 770M->770M(5888M) 392.778ms
[38.814s][info][gc,metaspace] GC(89) Metaspace: 21388K(21760K)->21388K(21760K) NonClass: 17646K(17856K)->17646K(17856K) Class: 3741K(3904K)->3741K(3904K)
[38.814s][info][gc          ] GC(89) Pause Full (System.gc()) 770M->770M(5888M) 382.437ms
[39.249s][info][gc,metaspace] GC(90) Metaspace: 21388K(21760K)->21388K(21760K) NonClass: 17646K(17856K)->17646K(17856K) Class: 3741K(3904K)->3741K(3904K)
[39.249s][info][gc          ] GC(90) Pause Full (System.gc()) 770M->770M(5888M) 434.890ms
[39.647s][info][gc,metaspace] GC(91) Metaspace: 21388K(21760K)->21388K(21760K) NonClass: 17646K(17856K)->17646K(17856K) Class: 3741K(3904K)->3741K(3904K)
[39.647s][info][gc          ] GC(91) Pause Full (System.gc()) 770M->770M(5888M) 398.078ms
[40.029s][info][gc,metaspace] GC(92) Metaspace: 21388K(21760K)->21388K(21760K) NonClass: 17646K(17856K)->17646K(17856K) Class: 3741K(3904K)->3741K(3904K)
[40.029s][info][gc          ] GC(92) Pause Full (System.gc()) 770M->770M(5888M) 382.211ms
[40.423s][info][gc,metaspace] GC(93) Metaspace: 21388K(21760K)->21388K(21760K) NonClass: 17646K(17856K)->17646K(17856K) Class: 3741K(3904K)->3741K(3904K)
[40.423s][info][gc          ] GC(93) Pause Full (System.gc()) 770M->770M(5888M) 393.372ms
[40.808s][info][gc,metaspace] GC(94) Metaspace: 21388K(21760K)->21388K(21760K) NonClass: 17646K(17856K)->17646K(17856K) Class: 3741K(3904K)->3741K(3904K)
[40.808s][info][gc          ] GC(94) Pause Full (System.gc()) 770M->770M(5888M) 380.350ms
[41.233s][info][gc,metaspace] GC(95) Metaspace: 21388K(21760K)->21388K(21760K) NonClass: 17646K(17856K)->17646K(17856K) Class: 3741K(3904K)->3741K(3904K)
[41.233s][info][gc          ] GC(95) Pause Full (System.gc()) 770M->770M(5888M) 425.380ms
[41.617s][info][gc,metaspace] GC(96) Metaspace: 21388K(21760K)->21388K(21760K) NonClass: 17646K(17856K)->17646K(17856K) Class: 3741K(3904K)->3741K(3904K)
[41.617s][info][gc          ] GC(96) Pause Full (System.gc()) 770M->770M(5888M) 383.706ms
[42.004s][info][gc,metaspace] GC(97) Metaspace: 21388K(21760K)->21388K(21760K) NonClass: 17646K(17856K)->17646K(17856K) Class: 3741K(3904K)->3741K(3904K)
[42.004s][info][gc          ] GC(97) Pause Full (System.gc()) 770M->770M(5888M) 387.030ms
[42.442s][info][gc,metaspace] GC(98) Metaspace: 21388K(21760K)->21388K(21760K) NonClass: 17646K(17856K)->17646K(17856K) Class: 3741K(3904K)->3741K(3904K)
[42.442s][info][gc          ] GC(98) Pause Full (System.gc()) 770M->770M(5888M) 438.001ms
[42.823s][info][gc,metaspace] GC(99) Metaspace: 21388K(21760K)->21388K(21760K) NonClass: 17646K(17856K)->17646K(17856K) Class: 3741K(3904K)->3741K(3904K)
[42.823s][info][gc          ] GC(99) Pause Full (System.gc()) 770M->770M(5888M) 380.477ms
[43.258s][info][gc,metaspace] GC(100) Metaspace: 21388K(21760K)->21388K(21760K) NonClass: 17646K(17856K)->17646K(17856K) Class: 3741K(3904K)->3741K(3904K)
[43.258s][info][gc          ] GC(100) Pause Full (System.gc()) 770M->770M(5888M) 435.098ms
After GCs... 
