Done; will start GCs... 
[11.332s][info][gc,metaspace] GC(26) Metaspace: 11524K(11904K)->11524K(11904K) NonClass: 9646K(9856K)->9646K(9856K) Class: 1877K(2048K)->1877K(2048K)
[11.332s][info][gc          ] GC(26) Pause Full (System.gc()) 1578M->1576M(6144M) 582.455ms
[11.934s][info][gc,metaspace] GC(27) Metaspace: 11524K(11904K)->11524K(11904K) NonClass: 9646K(9856K)->9646K(9856K) Class: 1877K(2048K)->1877K(2048K)
[11.934s][info][gc          ] GC(27) Pause Full (System.gc()) 1576M->1576M(6144M) 602.092ms
[12.519s][info][gc,metaspace] GC(28) Metaspace: 11524K(11904K)->11524K(11904K) NonClass: 9646K(9856K)->9646K(9856K) Class: 1877K(2048K)->1877K(2048K)
[12.519s][info][gc          ] GC(28) Pause Full (System.gc()) 1576M->1576M(6144M) 584.920ms
[13.101s][info][gc,metaspace] GC(29) Metaspace: 11524K(11904K)->11524K(11904K) NonClass: 9646K(9856K)->9646K(9856K) Class: 1877K(2048K)->1877K(2048K)
[13.101s][info][gc          ] GC(29) Pause Full (System.gc()) 1576M->1576M(6144M) 581.935ms
[13.683s][info][gc,metaspace] GC(30) Metaspace: 11524K(11904K)->11524K(11904K) NonClass: 9646K(9856K)->9646K(9856K) Class: 1877K(2048K)->1877K(2048K)
[13.683s][info][gc          ] GC(30) Pause Full (System.gc()) 1576M->1576M(6144M) 581.617ms
[14.260s][info][gc,metaspace] GC(31) Metaspace: 11524K(11904K)->11524K(11904K) NonClass: 9646K(9856K)->9646K(9856K) Class: 1877K(2048K)->1877K(2048K)
[14.260s][info][gc          ] GC(31) Pause Full (System.gc()) 1576M->1576M(6144M) 577.069ms
[14.842s][info][gc,metaspace] GC(32) Metaspace: 11524K(11904K)->11524K(11904K) NonClass: 9646K(9856K)->9646K(9856K) Class: 1877K(2048K)->1877K(2048K)
[14.842s][info][gc          ] GC(32) Pause Full (System.gc()) 1576M->1576M(6144M) 582.166ms
[15.420s][info][gc,metaspace] GC(33) Metaspace: 11524K(11904K)->11524K(11904K) NonClass: 9646K(9856K)->9646K(9856K) Class: 1877K(2048K)->1877K(2048K)
[15.420s][info][gc          ] GC(33) Pause Full (System.gc()) 1576M->1576M(6144M) 578.327ms
[16.009s][info][gc,metaspace] GC(34) Metaspace: 11524K(11904K)->11524K(11904K) NonClass: 9646K(9856K)->9646K(9856K) Class: 1877K(2048K)->1877K(2048K)
[16.009s][info][gc          ] GC(34) Pause Full (System.gc()) 1576M->1576M(6144M) 588.390ms
[16.607s][info][gc,metaspace] GC(35) Metaspace: 11524K(11904K)->11524K(11904K) NonClass: 9646K(9856K)->9646K(9856K) Class: 1877K(2048K)->1877K(2048K)
[16.607s][info][gc          ] GC(35) Pause Full (System.gc()) 1576M->1576M(6144M) 593.697ms
After GCs... 
