Done; will start GCs... 
[11.570s][info][gc,metaspace] GC(26) Metaspace: 11526K(11904K)->11526K(11904K) NonClass: 9648K(9856K)->9648K(9856K) Class: 1877K(2048K)->1877K(2048K)
[11.570s][info][gc          ] GC(26) Pause Full (System.gc()) 1579M->1577M(6144M) 641.709ms
[12.213s][info][gc,metaspace] GC(27) Metaspace: 11526K(11904K)->11526K(11904K) NonClass: 9648K(9856K)->9648K(9856K) Class: 1877K(2048K)->1877K(2048K)
[12.213s][info][gc          ] GC(27) Pause Full (System.gc()) 1577M->1577M(6144M) 643.167ms
[12.848s][info][gc,metaspace] GC(28) Metaspace: 11526K(11904K)->11526K(11904K) NonClass: 9648K(9856K)->9648K(9856K) Class: 1877K(2048K)->1877K(2048K)
[12.848s][info][gc          ] GC(28) Pause Full (System.gc()) 1577M->1577M(6144M) 634.722ms
[13.479s][info][gc,metaspace] GC(29) Metaspace: 11526K(11904K)->11526K(11904K) NonClass: 9648K(9856K)->9648K(9856K) Class: 1877K(2048K)->1877K(2048K)
[13.479s][info][gc          ] GC(29) Pause Full (System.gc()) 1577M->1577M(6144M) 631.071ms
[14.111s][info][gc,metaspace] GC(30) Metaspace: 11526K(11904K)->11526K(11904K) NonClass: 9648K(9856K)->9648K(9856K) Class: 1877K(2048K)->1877K(2048K)
[14.112s][info][gc          ] GC(30) Pause Full (System.gc()) 1577M->1577M(6144M) 632.548ms
[14.738s][info][gc,metaspace] GC(31) Metaspace: 11526K(11904K)->11526K(11904K) NonClass: 9648K(9856K)->9648K(9856K) Class: 1877K(2048K)->1877K(2048K)
[14.738s][info][gc          ] GC(31) Pause Full (System.gc()) 1577M->1577M(6144M) 626.880ms
[15.372s][info][gc,metaspace] GC(32) Metaspace: 11526K(11904K)->11526K(11904K) NonClass: 9648K(9856K)->9648K(9856K) Class: 1877K(2048K)->1877K(2048K)
[15.372s][info][gc          ] GC(32) Pause Full (System.gc()) 1577M->1577M(6144M) 633.740ms
[15.956s][info][gc,metaspace] GC(33) Metaspace: 11526K(11904K)->11526K(11904K) NonClass: 9648K(9856K)->9648K(9856K) Class: 1877K(2048K)->1877K(2048K)
[15.956s][info][gc          ] GC(33) Pause Full (System.gc()) 1577M->1577M(6144M) 583.789ms
[16.539s][info][gc,metaspace] GC(34) Metaspace: 11526K(11904K)->11526K(11904K) NonClass: 9648K(9856K)->9648K(9856K) Class: 1877K(2048K)->1877K(2048K)
[16.539s][info][gc          ] GC(34) Pause Full (System.gc()) 1577M->1577M(6144M) 583.079ms
[17.175s][info][gc,metaspace] GC(35) Metaspace: 11526K(11904K)->11526K(11904K) NonClass: 9648K(9856K)->9648K(9856K) Class: 1877K(2048K)->1877K(2048K)
[17.175s][info][gc          ] GC(35) Pause Full (System.gc()) 1577M->1577M(6144M) 635.666ms
After GCs... 
