Done; will start GCs... 
[11.123s][info][gc,metaspace] GC(26) Metaspace: 11502K(11776K)->11502K(11776K) NonClass: 10360K(10496K)->10360K(10496K) Class: 1141K(1280K)->1141K(1280K)
[11.123s][info][gc          ] GC(26) Pause Full (System.gc()) 1801M->1799M(6144M) 633.854ms
[11.761s][info][gc,metaspace] GC(27) Metaspace: 11502K(11776K)->11502K(11776K) NonClass: 10360K(10496K)->10360K(10496K) Class: 1141K(1280K)->1141K(1280K)
[11.761s][info][gc          ] GC(27) Pause Full (System.gc()) 1799M->1799M(6144M) 638.165ms
[12.340s][info][gc,metaspace] GC(28) Metaspace: 11502K(11776K)->11502K(11776K) NonClass: 10360K(10496K)->10360K(10496K) Class: 1141K(1280K)->1141K(1280K)
[12.341s][info][gc          ] GC(28) Pause Full (System.gc()) 1799M->1799M(6144M) 579.380ms
[12.928s][info][gc,metaspace] GC(29) Metaspace: 11502K(11776K)->11502K(11776K) NonClass: 10360K(10496K)->10360K(10496K) Class: 1141K(1280K)->1141K(1280K)
[12.928s][info][gc          ] GC(29) Pause Full (System.gc()) 1799M->1799M(6144M) 587.449ms
[13.552s][info][gc,metaspace] GC(30) Metaspace: 11502K(11776K)->11502K(11776K) NonClass: 10360K(10496K)->10360K(10496K) Class: 1141K(1280K)->1141K(1280K)
[13.552s][info][gc          ] GC(30) Pause Full (System.gc()) 1799M->1799M(6144M) 623.770ms
[14.192s][info][gc,metaspace] GC(31) Metaspace: 11502K(11776K)->11502K(11776K) NonClass: 10360K(10496K)->10360K(10496K) Class: 1141K(1280K)->1141K(1280K)
[14.192s][info][gc          ] GC(31) Pause Full (System.gc()) 1799M->1799M(6144M) 635.717ms
[14.820s][info][gc,metaspace] GC(32) Metaspace: 11502K(11776K)->11502K(11776K) NonClass: 10360K(10496K)->10360K(10496K) Class: 1141K(1280K)->1141K(1280K)
[14.820s][info][gc          ] GC(32) Pause Full (System.gc()) 1799M->1799M(6144M) 627.559ms
[15.455s][info][gc,metaspace] GC(33) Metaspace: 11502K(11776K)->11502K(11776K) NonClass: 10360K(10496K)->10360K(10496K) Class: 1141K(1280K)->1141K(1280K)
[15.455s][info][gc          ] GC(33) Pause Full (System.gc()) 1799M->1799M(6144M) 635.156ms
[16.088s][info][gc,metaspace] GC(34) Metaspace: 11502K(11776K)->11502K(11776K) NonClass: 10360K(10496K)->10360K(10496K) Class: 1141K(1280K)->1141K(1280K)
[16.088s][info][gc          ] GC(34) Pause Full (System.gc()) 1799M->1799M(6144M) 633.283ms
[16.714s][info][gc,metaspace] GC(35) Metaspace: 11502K(11776K)->11502K(11776K) NonClass: 10360K(10496K)->10360K(10496K) Class: 1141K(1280K)->1141K(1280K)
[16.714s][info][gc          ] GC(35) Pause Full (System.gc()) 1799M->1799M(6144M) 625.382ms
After GCs... 
