Done; will start GCs... 
[28.131s][info   ][gc          ] Trigger: GC request (System.gc())
[28.134s][info   ][gc          ] GC(12) Concurrent reset 2.657ms
[28.134s][info   ][gc          ] GC(12) Pause Init Mark (unload classes) 0.059ms
[28.134s][info   ][gc          ] GC(12) Concurrent marking roots 0.186ms
[31.059s][info   ][gc          ] GC(12) Concurrent marking (unload classes) 2924.264ms
[31.059s][info   ][gc          ] GC(12) Pause Final Mark (unload classes) 0.159ms
[31.059s][info   ][gc          ] GC(12) Concurrent weak references 0.031ms
[31.059s][info   ][gc          ] GC(12) Concurrent weak roots 0.420ms
[31.059s][info   ][gc          ] GC(12) Concurrent cleanup 1573M->1572M(6144M) 0.043ms
[31.060s][info   ][gc          ] GC(12) Concurrent class unloading 0.625ms
[31.060s][info   ][gc          ] GC(12) Pause Final Roots 0.002ms
[31.060s][info   ][gc,metaspace] Metaspace: 11190K(11392K)->11190K(11392K) NonClass: 9399K(9536K)->9399K(9536K) Class: 1790K(1856K)->1790K(1856K)
[31.061s][info   ][gc          ] Trigger: GC request (System.gc())
[31.064s][info   ][gc          ] GC(13) Concurrent reset 2.683ms
[31.064s][info   ][gc          ] GC(13) Pause Init Mark (unload classes) 0.043ms
[31.064s][info   ][gc          ] GC(13) Concurrent marking roots 0.138ms
[34.029s][info   ][gc          ] GC(13) Concurrent marking (unload classes) 2964.694ms
[34.029s][info   ][gc          ] GC(13) Pause Final Mark (unload classes) 0.174ms
[34.029s][info   ][gc          ] GC(13) Concurrent weak references 0.043ms
[34.030s][info   ][gc          ] GC(13) Concurrent weak roots 0.374ms
[34.030s][info   ][gc          ] GC(13) Concurrent cleanup 1572M->1572M(6144M) 0.036ms
[34.030s][info   ][gc          ] GC(13) Concurrent class unloading 0.549ms
[34.030s][info   ][gc          ] GC(13) Pause Final Roots 0.002ms
[34.030s][info   ][gc,metaspace] Metaspace: 11190K(11392K)->11190K(11392K) NonClass: 9399K(9536K)->9399K(9536K) Class: 1790K(1856K)->1790K(1856K)
[34.032s][info   ][gc          ] Trigger: GC request (System.gc())
[34.035s][info   ][gc          ] GC(14) Concurrent reset 2.654ms
[34.035s][info   ][gc          ] GC(14) Pause Init Mark (unload classes) 0.042ms
[34.035s][info   ][gc          ] GC(14) Concurrent marking roots 0.132ms
[36.997s][info   ][gc          ] GC(14) Concurrent marking (unload classes) 2962.024ms
[36.997s][info   ][gc          ] GC(14) Pause Final Mark (unload classes) 0.154ms
[36.997s][info   ][gc          ] GC(14) Concurrent weak references 0.023ms
[36.998s][info   ][gc          ] GC(14) Concurrent weak roots 0.391ms
[36.998s][info   ][gc          ] GC(14) Concurrent cleanup 1572M->1572M(6144M) 0.046ms
[36.999s][info   ][gc          ] GC(14) Concurrent class unloading 0.615ms
[36.999s][info   ][gc          ] GC(14) Pause Final Roots 0.002ms
[36.999s][info   ][gc,metaspace] Metaspace: 11190K(11392K)->11190K(11392K) NonClass: 9399K(9536K)->9399K(9536K) Class: 1790K(1856K)->1790K(1856K)
[37.003s][info   ][gc          ] Trigger: GC request (System.gc())
[37.005s][info   ][gc          ] GC(15) Concurrent reset 2.657ms
[37.005s][info   ][gc          ] GC(15) Pause Init Mark (unload classes) 0.036ms
[37.006s][info   ][gc          ] GC(15) Concurrent marking roots 0.103ms
[39.967s][info   ][gc          ] GC(15) Concurrent marking (unload classes) 2961.264ms
[39.967s][info   ][gc          ] GC(15) Pause Final Mark (unload classes) 0.166ms
[39.967s][info   ][gc          ] GC(15) Concurrent weak references 0.039ms
[39.968s][info   ][gc          ] GC(15) Concurrent weak roots 0.386ms
[39.968s][info   ][gc          ] GC(15) Concurrent cleanup 1572M->1572M(6144M) 0.045ms
[39.968s][info   ][gc          ] GC(15) Concurrent class unloading 0.593ms
[39.968s][info   ][gc          ] GC(15) Pause Final Roots 0.002ms
[39.968s][info   ][gc,metaspace] Metaspace: 11190K(11392K)->11190K(11392K) NonClass: 9399K(9536K)->9399K(9536K) Class: 1790K(1856K)->1790K(1856K)
[39.976s][info   ][gc          ] Trigger: GC request (System.gc())
[39.979s][info   ][gc          ] GC(16) Concurrent reset 2.638ms
[39.979s][info   ][gc          ] GC(16) Pause Init Mark (unload classes) 0.045ms
[39.979s][info   ][gc          ] GC(16) Concurrent marking roots 0.095ms
[42.935s][info   ][gc          ] GC(16) Concurrent marking (unload classes) 2955.491ms
[42.935s][info   ][gc          ] GC(16) Pause Final Mark (unload classes) 0.153ms
[42.935s][info   ][gc          ] GC(16) Concurrent weak references 0.041ms
[42.935s][info   ][gc          ] GC(16) Concurrent weak roots 0.394ms
[42.935s][info   ][gc          ] GC(16) Concurrent cleanup 1572M->1572M(6144M) 0.035ms
[42.936s][info   ][gc          ] GC(16) Concurrent class unloading 0.776ms
[42.936s][info   ][gc          ] GC(16) Pause Final Roots 0.002ms
[42.936s][info   ][gc,metaspace] Metaspace: 11190K(11392K)->11190K(11392K) NonClass: 9399K(9536K)->9399K(9536K) Class: 1790K(1856K)->1790K(1856K)
[42.946s][info   ][gc          ] Trigger: GC request (System.gc())
[42.949s][info   ][gc          ] GC(17) Concurrent reset 2.634ms
[42.949s][info   ][gc          ] GC(17) Pause Init Mark (unload classes) 0.057ms
[42.949s][info   ][gc          ] GC(17) Concurrent marking roots 0.104ms
[45.833s][info   ][gc          ] GC(17) Concurrent marking (unload classes) 2883.786ms
[45.833s][info   ][gc          ] GC(17) Pause Final Mark (unload classes) 0.177ms
[45.833s][info   ][gc          ] GC(17) Concurrent weak references 0.021ms
[45.834s][info   ][gc          ] GC(17) Concurrent weak roots 0.365ms
[45.834s][info   ][gc          ] GC(17) Concurrent cleanup 1572M->1572M(6144M) 0.037ms
[45.834s][info   ][gc          ] GC(17) Concurrent class unloading 0.558ms
[45.834s][info   ][gc          ] GC(17) Pause Final Roots 0.001ms
[45.834s][info   ][gc,metaspace] Metaspace: 11190K(11392K)->11190K(11392K) NonClass: 9399K(9536K)->9399K(9536K) Class: 1790K(1856K)->1790K(1856K)
[45.845s][info   ][gc          ] Trigger: GC request (System.gc())
[45.847s][info   ][gc          ] GC(18) Concurrent reset 2.469ms
[45.847s][info   ][gc          ] GC(18) Pause Init Mark (unload classes) 0.034ms
[45.847s][info   ][gc          ] GC(18) Concurrent marking roots 0.086ms
[48.802s][info   ][gc          ] GC(18) Concurrent marking (unload classes) 2954.355ms
[48.802s][info   ][gc          ] GC(18) Pause Final Mark (unload classes) 0.174ms
[48.802s][info   ][gc          ] GC(18) Concurrent weak references 0.025ms
[48.803s][info   ][gc          ] GC(18) Concurrent weak roots 0.410ms
[48.803s][info   ][gc          ] GC(18) Concurrent cleanup 1572M->1572M(6144M) 0.039ms
[48.804s][info   ][gc          ] GC(18) Concurrent class unloading 0.649ms
[48.804s][info   ][gc          ] GC(18) Pause Final Roots 0.002ms
[48.804s][info   ][gc,metaspace] Metaspace: 11190K(11392K)->11190K(11392K) NonClass: 9399K(9536K)->9399K(9536K) Class: 1790K(1856K)->1790K(1856K)
[48.814s][info   ][gc          ] Trigger: GC request (System.gc())
[48.816s][info   ][gc          ] GC(19) Concurrent reset 2.484ms
[48.816s][info   ][gc          ] GC(19) Pause Init Mark (unload classes) 0.035ms
[48.816s][info   ][gc          ] GC(19) Concurrent marking roots 0.085ms
[51.769s][info   ][gc          ] GC(19) Concurrent marking (unload classes) 2952.764ms
[51.769s][info   ][gc          ] GC(19) Pause Final Mark (unload classes) 0.161ms
[51.769s][info   ][gc          ] GC(19) Concurrent weak references 0.023ms
[51.770s][info   ][gc          ] GC(19) Concurrent weak roots 0.365ms
[51.770s][info   ][gc          ] GC(19) Concurrent cleanup 1572M->1572M(6144M) 0.036ms
[51.770s][info   ][gc          ] GC(19) Concurrent class unloading 0.591ms
[51.770s][info   ][gc          ] GC(19) Pause Final Roots 0.002ms
[51.770s][info   ][gc,metaspace] Metaspace: 11190K(11392K)->11190K(11392K) NonClass: 9399K(9536K)->9399K(9536K) Class: 1790K(1856K)->1790K(1856K)
[51.781s][info   ][gc          ] Trigger: GC request (System.gc())
[51.783s][info   ][gc          ] GC(20) Concurrent reset 2.467ms
[51.783s][info   ][gc          ] GC(20) Pause Init Mark (unload classes) 0.033ms
[51.783s][info   ][gc          ] GC(20) Concurrent marking roots 0.086ms
[54.737s][info   ][gc          ] GC(20) Concurrent marking (unload classes) 2953.763ms
[54.737s][info   ][gc          ] GC(20) Pause Final Mark (unload classes) 0.172ms
[54.738s][info   ][gc          ] GC(20) Concurrent weak references 0.024ms
[54.738s][info   ][gc          ] GC(20) Concurrent weak roots 0.436ms
[54.738s][info   ][gc          ] GC(20) Concurrent cleanup 1572M->1572M(6144M) 0.036ms
[54.739s][info   ][gc          ] GC(20) Concurrent class unloading 0.764ms
[54.739s][info   ][gc          ] GC(20) Pause Final Roots 0.002ms
[54.739s][info   ][gc,metaspace] Metaspace: 11190K(11392K)->11190K(11392K) NonClass: 9399K(9536K)->9399K(9536K) Class: 1790K(1856K)->1790K(1856K)
[54.749s][info   ][gc          ] Trigger: GC request (System.gc())
[54.752s][info   ][gc          ] GC(21) Concurrent reset 2.639ms
[54.752s][info   ][gc          ] GC(21) Pause Init Mark (unload classes) 0.054ms
[54.752s][info   ][gc          ] GC(21) Concurrent marking roots 0.150ms
[57.675s][info   ][gc          ] GC(21) Concurrent marking (unload classes) 2922.779ms
[57.675s][info   ][gc          ] GC(21) Pause Final Mark (unload classes) 0.158ms
[57.675s][info   ][gc          ] GC(21) Concurrent weak references 0.028ms
[57.676s][info   ][gc          ] GC(21) Concurrent weak roots 0.375ms
[57.676s][info   ][gc          ] GC(21) Concurrent cleanup 1572M->1572M(6144M) 0.036ms
[57.676s][info   ][gc          ] GC(21) Concurrent class unloading 0.756ms
[57.676s][info   ][gc          ] GC(21) Pause Final Roots 0.002ms
[57.677s][info   ][gc,metaspace] Metaspace: 11190K(11392K)->11190K(11392K) NonClass: 9399K(9536K)->9399K(9536K) Class: 1790K(1856K)->1790K(1856K)
[57.687s][info   ][gc          ] Trigger: GC request (System.gc())
[57.689s][info   ][gc          ] GC(22) Concurrent reset 2.445ms
[57.689s][info   ][gc          ] GC(22) Pause Init Mark (unload classes) 0.037ms
[57.689s][info   ][gc          ] GC(22) Concurrent marking roots 0.084ms
[60.647s][info   ][gc          ] GC(22) Concurrent marking (unload classes) 2957.399ms
[60.647s][info   ][gc          ] GC(22) Pause Final Mark (unload classes) 0.154ms
[60.647s][info   ][gc          ] GC(22) Concurrent weak references 0.036ms
[60.648s][info   ][gc          ] GC(22) Concurrent weak roots 0.403ms
[60.648s][info   ][gc          ] GC(22) Concurrent cleanup 1573M->1573M(6144M) 0.046ms
[60.649s][info   ][gc          ] GC(22) Concurrent class unloading 0.781ms
[60.649s][info   ][gc          ] GC(22) Pause Final Roots 0.002ms
[60.649s][info   ][gc,metaspace] Metaspace: 11190K(11392K)->11190K(11392K) NonClass: 9399K(9536K)->9399K(9536K) Class: 1790K(1856K)->1790K(1856K)
[60.650s][info   ][gc          ] Trigger: GC request (System.gc())
[60.653s][info   ][gc          ] GC(23) Concurrent reset 2.673ms
[60.653s][info   ][gc          ] GC(23) Pause Init Mark (unload classes) 0.057ms
[60.653s][info   ][gc          ] GC(23) Concurrent marking roots 0.101ms
[63.615s][info   ][gc          ] GC(23) Concurrent marking (unload classes) 2962.670ms
[63.616s][info   ][gc          ] GC(23) Pause Final Mark (unload classes) 0.158ms
[63.616s][info   ][gc          ] GC(23) Concurrent thread roots 0.058ms
[63.616s][info   ][gc          ] GC(23) Concurrent weak references 0.021ms
[63.616s][info   ][gc          ] GC(23) Concurrent weak roots 0.408ms
[63.616s][info   ][gc          ] GC(23) Concurrent cleanup 1573M->1573M(6144M) 0.033ms
[63.617s][info   ][gc          ] GC(23) Concurrent class unloading 0.805ms
[63.617s][info   ][gc          ] GC(23) Concurrent strong roots 0.047ms
[63.617s][info   ][gc          ] GC(23) Concurrent evacuation 0.026ms
[63.617s][info   ][gc          ] GC(23) Pause Init Update Refs 0.004ms
[63.617s][info   ][gc          ] GC(23) At start of update refs, moving 2048K to Mutator free partition from Collector Reserve
[65.410s][info   ][gc          ] GC(23) Concurrent update references 1792.749ms
[65.410s][info   ][gc          ] GC(23) Concurrent update thread roots 0.118ms
[65.410s][info   ][gc          ] GC(23) Pause Final Update Refs 0.074ms
[65.410s][info   ][gc          ] GC(23) Concurrent cleanup 1573M->1572M(6144M) 0.043ms
[65.410s][info   ][gc,metaspace] Metaspace: 11190K(11392K)->11190K(11392K) NonClass: 9399K(9536K)->9399K(9536K) Class: 1790K(1856K)->1790K(1856K)
[65.412s][info   ][gc          ] Trigger: GC request (System.gc())
[65.415s][info   ][gc          ] GC(24) Concurrent reset 2.450ms
[65.415s][info   ][gc          ] GC(24) Pause Init Mark (unload classes) 0.037ms
[65.415s][info   ][gc          ] GC(24) Concurrent marking roots 0.129ms
[68.339s][info   ][gc          ] GC(24) Concurrent marking (unload classes) 2923.925ms
[68.339s][info   ][gc          ] GC(24) Pause Final Mark (unload classes) 0.173ms
[68.339s][info   ][gc          ] GC(24) Concurrent weak references 0.023ms
[68.340s][info   ][gc          ] GC(24) Concurrent weak roots 0.414ms
[68.340s][info   ][gc          ] GC(24) Concurrent cleanup 1572M->1572M(6144M) 0.041ms
[68.340s][info   ][gc          ] GC(24) Concurrent class unloading 0.633ms
[68.340s][info   ][gc          ] GC(24) Pause Final Roots 0.002ms
[68.341s][info   ][gc,metaspace] Metaspace: 11190K(11392K)->11190K(11392K) NonClass: 9399K(9536K)->9399K(9536K) Class: 1790K(1856K)->1790K(1856K)
[68.345s][info   ][gc          ] Trigger: GC request (System.gc())
[68.347s][info   ][gc          ] GC(25) Concurrent reset 2.466ms
[68.347s][info   ][gc          ] GC(25) Pause Init Mark (unload classes) 0.033ms
[68.347s][info   ][gc          ] GC(25) Concurrent marking roots 0.095ms
[71.269s][info   ][gc          ] GC(25) Concurrent marking (unload classes) 2921.313ms
[71.269s][info   ][gc          ] GC(25) Pause Final Mark (unload classes) 0.153ms
[71.269s][info   ][gc          ] GC(25) Concurrent weak references 0.023ms
[71.269s][info   ][gc          ] GC(25) Concurrent weak roots 0.372ms
[71.269s][info   ][gc          ] GC(25) Concurrent cleanup 1572M->1572M(6144M) 0.031ms
[71.270s][info   ][gc          ] GC(25) Concurrent class unloading 0.545ms
[71.270s][info   ][gc          ] GC(25) Pause Final Roots 0.002ms
[71.270s][info   ][gc,metaspace] Metaspace: 11190K(11392K)->11190K(11392K) NonClass: 9399K(9536K)->9399K(9536K) Class: 1790K(1856K)->1790K(1856K)
[71.278s][info   ][gc          ] Trigger: GC request (System.gc())
[71.280s][info   ][gc          ] GC(26) Concurrent reset 2.477ms
[71.280s][info   ][gc          ] GC(26) Pause Init Mark (unload classes) 0.031ms
[71.281s][info   ][gc          ] GC(26) Concurrent marking roots 0.084ms
[74.204s][info   ][gc          ] GC(26) Concurrent marking (unload classes) 2923.776ms
[74.205s][info   ][gc          ] GC(26) Pause Final Mark (unload classes) 0.160ms
[74.205s][info   ][gc          ] GC(26) Concurrent weak references 0.024ms
[74.205s][info   ][gc          ] GC(26) Concurrent weak roots 0.419ms
[74.205s][info   ][gc          ] GC(26) Concurrent cleanup 1572M->1572M(6144M) 0.047ms
[74.206s][info   ][gc          ] GC(26) Concurrent class unloading 0.631ms
[74.206s][info   ][gc          ] GC(26) Pause Final Roots 0.002ms
[74.206s][info   ][gc,metaspace] Metaspace: 11190K(11392K)->11190K(11392K) NonClass: 9399K(9536K)->9399K(9536K) Class: 1790K(1856K)->1790K(1856K)
[74.216s][info   ][gc          ] Trigger: GC request (System.gc())
[74.218s][info   ][gc          ] GC(27) Concurrent reset 2.482ms
[74.218s][info   ][gc          ] GC(27) Pause Init Mark (unload classes) 0.032ms
[74.219s][info   ][gc          ] GC(27) Concurrent marking roots 0.100ms
[77.175s][info   ][gc          ] GC(27) Concurrent marking (unload classes) 2956.146ms
[77.175s][info   ][gc          ] GC(27) Pause Final Mark (unload classes) 0.142ms
[77.175s][info   ][gc          ] GC(27) Concurrent weak references 0.042ms
[77.175s][info   ][gc          ] GC(27) Concurrent weak roots 0.380ms
[77.175s][info   ][gc          ] GC(27) Concurrent cleanup 1572M->1572M(6144M) 0.032ms
[77.176s][info   ][gc          ] GC(27) Concurrent class unloading 0.714ms
[77.176s][info   ][gc          ] GC(27) Pause Final Roots 0.002ms
[77.176s][info   ][gc,metaspace] Metaspace: 11190K(11392K)->11190K(11392K) NonClass: 9399K(9536K)->9399K(9536K) Class: 1790K(1856K)->1790K(1856K)
[77.186s][info   ][gc          ] Trigger: GC request (System.gc())
[77.189s][info   ][gc          ] GC(28) Concurrent reset 2.627ms
[77.189s][info   ][gc          ] GC(28) Pause Init Mark (unload classes) 0.058ms
[77.189s][info   ][gc          ] GC(28) Concurrent marking roots 0.099ms
[80.113s][info   ][gc          ] GC(28) Concurrent marking (unload classes) 2923.410ms
[80.113s][info   ][gc          ] GC(28) Pause Final Mark (unload classes) 0.178ms
[80.113s][info   ][gc          ] GC(28) Concurrent weak references 0.022ms
[80.113s][info   ][gc          ] GC(28) Concurrent weak roots 0.382ms
[80.113s][info   ][gc          ] GC(28) Concurrent cleanup 1572M->1572M(6144M) 0.032ms
[80.114s][info   ][gc          ] GC(28) Concurrent class unloading 0.704ms
[80.114s][info   ][gc          ] GC(28) Pause Final Roots 0.002ms
[80.114s][info   ][gc,metaspace] Metaspace: 11190K(11392K)->11190K(11392K) NonClass: 9399K(9536K)->9399K(9536K) Class: 1790K(1856K)->1790K(1856K)
[80.124s][info   ][gc          ] Trigger: GC request (System.gc())
[80.127s][info   ][gc          ] GC(29) Concurrent reset 2.478ms
[80.127s][info   ][gc          ] GC(29) Pause Init Mark (unload classes) 0.033ms
[80.127s][info   ][gc          ] GC(29) Concurrent marking roots 0.088ms
[83.085s][info   ][gc          ] GC(29) Concurrent marking (unload classes) 2957.827ms
[83.085s][info   ][gc          ] GC(29) Pause Final Mark (unload classes) 0.146ms
[83.085s][info   ][gc          ] GC(29) Concurrent weak references 0.044ms
[83.085s][info   ][gc          ] GC(29) Concurrent weak roots 0.381ms
[83.085s][info   ][gc          ] GC(29) Concurrent cleanup 1572M->1572M(6144M) 0.031ms
[83.086s][info   ][gc          ] GC(29) Concurrent class unloading 0.706ms
[83.086s][info   ][gc          ] GC(29) Pause Final Roots 0.002ms
[83.086s][info   ][gc,metaspace] Metaspace: 11190K(11392K)->11190K(11392K) NonClass: 9399K(9536K)->9399K(9536K) Class: 1790K(1856K)->1790K(1856K)
[83.096s][info   ][gc          ] Trigger: GC request (System.gc())
[83.099s][info   ][gc          ] GC(30) Concurrent reset 2.488ms
[83.099s][info   ][gc          ] GC(30) Pause Init Mark (unload classes) 0.026ms
[83.099s][info   ][gc          ] GC(30) Concurrent marking roots 0.085ms
[86.022s][info   ][gc          ] GC(30) Concurrent marking (unload classes) 2922.948ms
[86.022s][info   ][gc          ] GC(30) Pause Final Mark (unload classes) 0.169ms
[86.022s][info   ][gc          ] GC(30) Concurrent weak references 0.043ms
[86.023s][info   ][gc          ] GC(30) Concurrent weak roots 0.366ms
[86.023s][info   ][gc          ] GC(30) Concurrent cleanup 1572M->1572M(6144M) 0.036ms
[86.023s][info   ][gc          ] GC(30) Concurrent class unloading 0.706ms
[86.023s][info   ][gc          ] GC(30) Pause Final Roots 0.002ms
[86.023s][info   ][gc,metaspace] Metaspace: 11190K(11392K)->11190K(11392K) NonClass: 9399K(9536K)->9399K(9536K) Class: 1790K(1856K)->1790K(1856K)
[86.033s][info   ][gc          ] Trigger: GC request (System.gc())
[86.036s][info   ][gc          ] GC(31) Concurrent reset 2.493ms
[86.036s][info   ][gc          ] GC(31) Pause Init Mark (unload classes) 0.034ms
[86.036s][info   ][gc          ] GC(31) Concurrent marking roots 0.102ms
[88.990s][info   ][gc          ] GC(31) Concurrent marking (unload classes) 2954.289ms
[88.991s][info   ][gc          ] GC(31) Pause Final Mark (unload classes) 0.150ms
[88.991s][info   ][gc          ] GC(31) Concurrent weak references 0.035ms
[88.991s][info   ][gc          ] GC(31) Concurrent weak roots 0.375ms
[88.991s][info   ][gc          ] GC(31) Concurrent cleanup 1572M->1572M(6144M) 0.031ms
[88.992s][info   ][gc          ] GC(31) Concurrent class unloading 0.581ms
[88.992s][info   ][gc          ] GC(31) Pause Final Roots 0.002ms
[88.992s][info   ][gc,metaspace] Metaspace: 11190K(11392K)->11190K(11392K) NonClass: 9399K(9536K)->9399K(9536K) Class: 1790K(1856K)->1790K(1856K)
[89.002s][info   ][gc          ] Trigger: GC request (System.gc())
[89.004s][info   ][gc          ] GC(32) Concurrent reset 2.494ms
[89.004s][info   ][gc          ] GC(32) Pause Init Mark (unload classes) 0.034ms
[89.005s][info   ][gc          ] GC(32) Concurrent marking roots 0.084ms
[91.928s][info   ][gc          ] GC(32) Concurrent marking (unload classes) 2923.526ms
[91.928s][info   ][gc          ] GC(32) Pause Final Mark (unload classes) 0.166ms
[91.928s][info   ][gc          ] GC(32) Concurrent weak references 0.040ms
[91.929s][info   ][gc          ] GC(32) Concurrent weak roots 0.389ms
[91.929s][info   ][gc          ] GC(32) Concurrent cleanup 1572M->1572M(6144M) 0.040ms
[91.930s][info   ][gc          ] GC(32) Concurrent class unloading 0.765ms
[91.930s][info   ][gc          ] GC(32) Pause Final Roots 0.002ms
[91.930s][info   ][gc,metaspace] Metaspace: 11190K(11392K)->11190K(11392K) NonClass: 9399K(9536K)->9399K(9536K) Class: 1790K(1856K)->1790K(1856K)
[91.940s][info   ][gc          ] Trigger: GC request (System.gc())
[91.942s][info   ][gc          ] GC(33) Concurrent reset 2.477ms
[91.942s][info   ][gc          ] GC(33) Pause Init Mark (unload classes) 0.035ms
[91.942s][info   ][gc          ] GC(33) Concurrent marking roots 0.087ms
[94.855s][info   ][gc          ] GC(33) Concurrent marking (unload classes) 2912.974ms
[94.856s][info   ][gc          ] GC(33) Pause Final Mark (unload classes) 0.161ms
[94.856s][info   ][gc          ] GC(33) Concurrent weak references 0.042ms
[94.856s][info   ][gc          ] GC(33) Concurrent weak roots 0.379ms
[94.856s][info   ][gc          ] GC(33) Concurrent cleanup 1572M->1572M(6144M) 0.035ms
[94.857s][info   ][gc          ] GC(33) Concurrent class unloading 0.680ms
[94.857s][info   ][gc          ] GC(33) Pause Final Roots 0.002ms
[94.857s][info   ][gc,metaspace] Metaspace: 11190K(11392K)->11190K(11392K) NonClass: 9399K(9536K)->9399K(9536K) Class: 1790K(1856K)->1790K(1856K)
[94.867s][info   ][gc          ] Trigger: GC request (System.gc())
[94.869s][info   ][gc          ] GC(34) Concurrent reset 2.465ms
[94.869s][info   ][gc          ] GC(34) Pause Init Mark (unload classes) 0.034ms
[94.870s][info   ][gc          ] GC(34) Concurrent marking roots 0.086ms
[97.828s][info   ][gc          ] GC(34) Concurrent marking (unload classes) 2958.798ms
[97.829s][info   ][gc          ] GC(34) Pause Final Mark (unload classes) 0.161ms
[97.829s][info   ][gc          ] GC(34) Concurrent weak references 0.032ms
[97.830s][info   ][gc          ] GC(34) Concurrent weak roots 0.437ms
[97.830s][info   ][gc          ] GC(34) Concurrent cleanup 1572M->1572M(6144M) 0.036ms
[97.830s][info   ][gc          ] GC(34) Concurrent class unloading 0.796ms
[97.831s][info   ][gc          ] GC(34) Pause Final Roots 0.002ms
[97.831s][info   ][gc,metaspace] Metaspace: 11190K(11392K)->11190K(11392K) NonClass: 9399K(9536K)->9399K(9536K) Class: 1790K(1856K)->1790K(1856K)
[97.841s][info   ][gc          ] Trigger: GC request (System.gc())
[97.843s][info   ][gc          ] GC(35) Concurrent reset 2.470ms
[97.843s][info   ][gc          ] GC(35) Pause Init Mark (unload classes) 0.034ms
[97.843s][info   ][gc          ] GC(35) Concurrent marking roots 0.101ms
[100.764s][info   ][gc          ] GC(35) Concurrent marking (unload classes) 2920.824ms
[100.764s][info   ][gc          ] GC(35) Pause Final Mark (unload classes) 0.160ms
[100.764s][info   ][gc          ] GC(35) Concurrent weak references 0.024ms
[100.765s][info   ][gc          ] GC(35) Concurrent weak roots 0.384ms
[100.765s][info   ][gc          ] GC(35) Concurrent cleanup 1572M->1572M(6144M) 0.036ms
[100.766s][info   ][gc          ] GC(35) Concurrent class unloading 0.762ms
[100.766s][info   ][gc          ] GC(35) Pause Final Roots 0.002ms
[100.766s][info   ][gc,metaspace] Metaspace: 11190K(11392K)->11190K(11392K) NonClass: 9399K(9536K)->9399K(9536K) Class: 1790K(1856K)->1790K(1856K)
[100.776s][info   ][gc          ] Trigger: GC request (System.gc())
[100.778s][info   ][gc          ] GC(36) Concurrent reset 2.465ms
[100.778s][info   ][gc          ] GC(36) Pause Init Mark (unload classes) 0.034ms
[100.778s][info   ][gc          ] GC(36) Concurrent marking roots 0.088ms
[103.702s][info   ][gc          ] GC(36) Concurrent marking (unload classes) 2923.360ms
[103.702s][info   ][gc          ] GC(36) Pause Final Mark (unload classes) 0.153ms
[103.702s][info   ][gc          ] GC(36) Concurrent weak references 0.034ms
[103.702s][info   ][gc          ] GC(36) Concurrent weak roots 0.365ms
[103.702s][info   ][gc          ] GC(36) Concurrent cleanup 1572M->1572M(6144M) 0.032ms
[103.703s][info   ][gc          ] GC(36) Concurrent class unloading 0.758ms
[103.703s][info   ][gc          ] GC(36) Pause Final Roots 0.002ms
[103.703s][info   ][gc,metaspace] Metaspace: 11190K(11392K)->11190K(11392K) NonClass: 9399K(9536K)->9399K(9536K) Class: 1790K(1856K)->1790K(1856K)
[103.713s][info   ][gc          ] Trigger: GC request (System.gc())
[103.716s][info   ][gc          ] GC(37) Concurrent reset 2.481ms
[103.716s][info   ][gc          ] GC(37) Pause Init Mark (unload classes) 0.026ms
[103.716s][info   ][gc          ] GC(37) Concurrent marking roots 0.126ms
[106.638s][info   ][gc          ] GC(37) Concurrent marking (unload classes) 2922.070ms
[106.638s][info   ][gc          ] GC(37) Pause Final Mark (unload classes) 0.181ms
[106.638s][info   ][gc          ] GC(37) Concurrent weak references 0.024ms
[106.639s][info   ][gc          ] GC(37) Concurrent weak roots 0.402ms
[106.639s][info   ][gc          ] GC(37) Concurrent cleanup 1572M->1572M(6144M) 0.049ms
[106.640s][info   ][gc          ] GC(37) Concurrent class unloading 0.777ms
[106.640s][info   ][gc          ] GC(37) Pause Final Roots 0.002ms
[106.640s][info   ][gc,metaspace] Metaspace: 11190K(11392K)->11190K(11392K) NonClass: 9399K(9536K)->9399K(9536K) Class: 1790K(1856K)->1790K(1856K)
[106.650s][info   ][gc          ] Trigger: GC request (System.gc())
[106.652s][info   ][gc          ] GC(38) Concurrent reset 2.464ms
[106.652s][info   ][gc          ] GC(38) Pause Init Mark (unload classes) 0.031ms
[106.653s][info   ][gc          ] GC(38) Concurrent marking roots 0.100ms
[109.609s][info   ][gc          ] GC(38) Concurrent marking (unload classes) 2956.248ms
[109.609s][info   ][gc          ] GC(38) Pause Final Mark (unload classes) 0.153ms
[109.610s][info   ][gc          ] GC(38) Concurrent weak references 0.049ms
[109.610s][info   ][gc          ] GC(38) Concurrent weak roots 0.423ms
[109.610s][info   ][gc          ] GC(38) Concurrent cleanup 1572M->1572M(6144M) 0.036ms
[109.611s][info   ][gc          ] GC(38) Concurrent class unloading 0.779ms
[109.611s][info   ][gc          ] GC(38) Pause Final Roots 0.002ms
[109.611s][info   ][gc,metaspace] Metaspace: 11190K(11392K)->11190K(11392K) NonClass: 9399K(9536K)->9399K(9536K) Class: 1790K(1856K)->1790K(1856K)
[109.621s][info   ][gc          ] Trigger: GC request (System.gc())
[109.624s][info   ][gc          ] GC(39) Concurrent reset 2.475ms
[109.624s][info   ][gc          ] GC(39) Pause Init Mark (unload classes) 0.029ms
[109.624s][info   ][gc          ] GC(39) Concurrent marking roots 0.084ms
[112.577s][info   ][gc          ] GC(39) Concurrent marking (unload classes) 2953.464ms
[112.577s][info   ][gc          ] GC(39) Pause Final Mark (unload classes) 0.158ms
[112.577s][info   ][gc          ] GC(39) Concurrent weak references 0.039ms
[112.578s][info   ][gc          ] GC(39) Concurrent weak roots 0.385ms
[112.578s][info   ][gc          ] GC(39) Concurrent cleanup 1572M->1572M(6144M) 0.044ms
[112.579s][info   ][gc          ] GC(39) Concurrent class unloading 0.581ms
[112.579s][info   ][gc          ] GC(39) Pause Final Roots 0.002ms
[112.579s][info   ][gc,metaspace] Metaspace: 11190K(11392K)->11190K(11392K) NonClass: 9399K(9536K)->9399K(9536K) Class: 1790K(1856K)->1790K(1856K)
[112.589s][info   ][gc          ] Trigger: GC request (System.gc())
[112.591s][info   ][gc          ] GC(40) Concurrent reset 2.479ms
[112.591s][info   ][gc          ] GC(40) Pause Init Mark (unload classes) 0.035ms
[112.591s][info   ][gc          ] GC(40) Concurrent marking roots 0.084ms
[115.515s][info   ][gc          ] GC(40) Concurrent marking (unload classes) 2923.877ms
[115.515s][info   ][gc          ] GC(40) Pause Final Mark (unload classes) 0.172ms
[115.516s][info   ][gc          ] GC(40) Concurrent weak references 0.045ms
[115.516s][info   ][gc          ] GC(40) Concurrent weak roots 0.395ms
[115.517s][info   ][gc          ] GC(40) Concurrent cleanup 1572M->1572M(6144M) 0.038ms
[115.517s][info   ][gc          ] GC(40) Concurrent class unloading 0.802ms
[115.517s][info   ][gc          ] GC(40) Pause Final Roots 0.002ms
[115.517s][info   ][gc,metaspace] Metaspace: 11190K(11392K)->11190K(11392K) NonClass: 9399K(9536K)->9399K(9536K) Class: 1790K(1856K)->1790K(1856K)
[115.527s][info   ][gc          ] Trigger: GC request (System.gc())
[115.530s][info   ][gc          ] GC(41) Concurrent reset 2.488ms
[115.530s][info   ][gc          ] GC(41) Pause Init Mark (unload classes) 0.037ms
[115.530s][info   ][gc          ] GC(41) Concurrent marking roots 0.085ms
[118.487s][info   ][gc          ] GC(41) Concurrent marking (unload classes) 2956.702ms
[118.487s][info   ][gc          ] GC(41) Pause Final Mark (unload classes) 0.170ms
[118.487s][info   ][gc          ] GC(41) Concurrent weak references 0.041ms
[118.488s][info   ][gc          ] GC(41) Concurrent weak roots 0.362ms
[118.488s][info   ][gc          ] GC(41) Concurrent cleanup 1572M->1572M(6144M) 0.036ms
[118.488s][info   ][gc          ] GC(41) Concurrent class unloading 0.702ms
[118.488s][info   ][gc          ] GC(41) Pause Final Roots 0.002ms
[118.488s][info   ][gc,metaspace] Metaspace: 11190K(11392K)->11190K(11392K) NonClass: 9399K(9536K)->9399K(9536K) Class: 1790K(1856K)->1790K(1856K)
[118.498s][info   ][gc          ] Trigger: GC request (System.gc())
[118.501s][info   ][gc          ] GC(42) Concurrent reset 2.484ms
[118.501s][info   ][gc          ] GC(42) Pause Init Mark (unload classes) 0.036ms
[118.501s][info   ][gc          ] GC(42) Concurrent marking roots 0.086ms
[121.459s][info   ][gc          ] GC(42) Concurrent marking (unload classes) 2957.922ms
[121.459s][info   ][gc          ] GC(42) Pause Final Mark (unload classes) 0.170ms
[121.459s][info   ][gc          ] GC(42) Concurrent weak references 0.040ms
[121.460s][info   ][gc          ] GC(42) Concurrent weak roots 0.400ms
[121.460s][info   ][gc          ] GC(42) Concurrent cleanup 1573M->1573M(6144M) 0.040ms
[121.461s][info   ][gc          ] GC(42) Concurrent class unloading 0.771ms
[121.461s][info   ][gc          ] GC(42) Pause Final Roots 0.002ms
[121.461s][info   ][gc,metaspace] Metaspace: 11190K(11392K)->11190K(11392K) NonClass: 9399K(9536K)->9399K(9536K) Class: 1790K(1856K)->1790K(1856K)
[121.462s][info   ][gc          ] Trigger: GC request (System.gc())
[121.464s][info   ][gc          ] GC(43) Concurrent reset 2.494ms
[121.464s][info   ][gc          ] GC(43) Pause Init Mark (unload classes) 0.035ms
[121.464s][info   ][gc          ] GC(43) Concurrent marking roots 0.084ms
[124.430s][info   ][gc          ] GC(43) Concurrent marking (unload classes) 2965.451ms
[124.430s][info   ][gc          ] GC(43) Pause Final Mark (unload classes) 0.161ms
[124.430s][info   ][gc          ] GC(43) Concurrent thread roots 0.057ms
[124.430s][info   ][gc          ] GC(43) Concurrent weak references 0.040ms
[124.431s][info   ][gc          ] GC(43) Concurrent weak roots 0.386ms
[124.431s][info   ][gc          ] GC(43) Concurrent cleanup 1573M->1573M(6144M) 0.033ms
[124.431s][info   ][gc          ] GC(43) Concurrent class unloading 0.691ms
[124.431s][info   ][gc          ] GC(43) Concurrent strong roots 0.056ms
[124.431s][info   ][gc          ] GC(43) Concurrent evacuation 0.023ms
[124.431s][info   ][gc          ] GC(43) Pause Init Update Refs 0.003ms
[124.431s][info   ][gc          ] GC(43) At start of update refs, moving 2048K to Mutator free partition from Collector Reserve
[126.223s][info   ][gc          ] GC(43) Concurrent update references 1791.411ms
[126.223s][info   ][gc          ] GC(43) Concurrent update thread roots 0.122ms
[126.223s][info   ][gc          ] GC(43) Pause Final Update Refs 0.089ms
[126.223s][info   ][gc          ] GC(43) Concurrent cleanup 1573M->1572M(6144M) 0.033ms
[126.223s][info   ][gc,metaspace] Metaspace: 11190K(11392K)->11190K(11392K) NonClass: 9399K(9536K)->9399K(9536K) Class: 1790K(1856K)->1790K(1856K)
[126.225s][info   ][gc          ] Trigger: GC request (System.gc())
[126.228s][info   ][gc          ] GC(44) Concurrent reset 2.462ms
[126.228s][info   ][gc          ] GC(44) Pause Init Mark (unload classes) 0.030ms
[126.228s][info   ][gc          ] GC(44) Concurrent marking roots 0.079ms
[129.194s][info   ][gc          ] GC(44) Concurrent marking (unload classes) 2966.357ms
[129.195s][info   ][gc          ] GC(44) Pause Final Mark (unload classes) 0.166ms
[129.195s][info   ][gc          ] GC(44) Concurrent weak references 0.028ms
[129.195s][info   ][gc          ] GC(44) Concurrent weak roots 0.386ms
[129.195s][info   ][gc          ] GC(44) Concurrent cleanup 1572M->1572M(6144M) 0.032ms
[129.196s][info   ][gc          ] GC(44) Concurrent class unloading 0.724ms
[129.196s][info   ][gc          ] GC(44) Pause Final Roots 0.002ms
[129.196s][info   ][gc,metaspace] Metaspace: 11190K(11392K)->11190K(11392K) NonClass: 9399K(9536K)->9399K(9536K) Class: 1790K(1856K)->1790K(1856K)
[129.200s][info   ][gc          ] Trigger: GC request (System.gc())
[129.202s][info   ][gc          ] GC(45) Concurrent reset 2.479ms
[129.202s][info   ][gc          ] GC(45) Pause Init Mark (unload classes) 0.035ms
[129.203s][info   ][gc          ] GC(45) Concurrent marking roots 0.086ms
[132.127s][info   ][gc          ] GC(45) Concurrent marking (unload classes) 2924.583ms
[132.127s][info   ][gc          ] GC(45) Pause Final Mark (unload classes) 0.168ms
[132.127s][info   ][gc          ] GC(45) Concurrent weak references 0.027ms
[132.128s][info   ][gc          ] GC(45) Concurrent weak roots 0.361ms
[132.128s][info   ][gc          ] GC(45) Concurrent cleanup 1572M->1572M(6144M) 0.037ms
[132.129s][info   ][gc          ] GC(45) Concurrent class unloading 0.687ms
[132.129s][info   ][gc          ] GC(45) Pause Final Roots 0.002ms
[132.129s][info   ][gc,metaspace] Metaspace: 11190K(11392K)->11190K(11392K) NonClass: 9399K(9536K)->9399K(9536K) Class: 1790K(1856K)->1790K(1856K)
[132.137s][info   ][gc          ] Trigger: GC request (System.gc())
[132.139s][info   ][gc          ] GC(46) Concurrent reset 2.465ms
[132.139s][info   ][gc          ] GC(46) Pause Init Mark (unload classes) 0.032ms
[132.139s][info   ][gc          ] GC(46) Concurrent marking roots 0.105ms
[135.064s][info   ][gc          ] GC(46) Concurrent marking (unload classes) 2924.673ms
[135.064s][info   ][gc          ] GC(46) Pause Final Mark (unload classes) 0.164ms
[135.064s][info   ][gc          ] GC(46) Concurrent weak references 0.025ms
[135.065s][info   ][gc          ] GC(46) Concurrent weak roots 0.378ms
[135.065s][info   ][gc          ] GC(46) Concurrent cleanup 1572M->1572M(6144M) 0.036ms
[135.066s][info   ][gc          ] GC(46) Concurrent class unloading 0.787ms
[135.066s][info   ][gc          ] GC(46) Pause Final Roots 0.002ms
[135.066s][info   ][gc,metaspace] Metaspace: 11190K(11392K)->11190K(11392K) NonClass: 9399K(9536K)->9399K(9536K) Class: 1790K(1856K)->1790K(1856K)
[135.076s][info   ][gc          ] Trigger: GC request (System.gc())
[135.078s][info   ][gc          ] GC(47) Concurrent reset 2.468ms
[135.078s][info   ][gc          ] GC(47) Pause Init Mark (unload classes) 0.032ms
[135.078s][info   ][gc          ] GC(47) Concurrent marking roots 0.087ms
[138.004s][info   ][gc          ] GC(47) Concurrent marking (unload classes) 2926.093ms
[138.005s][info   ][gc          ] GC(47) Pause Final Mark (unload classes) 0.160ms
[138.005s][info   ][gc          ] GC(47) Concurrent weak references 0.038ms
[138.005s][info   ][gc          ] GC(47) Concurrent weak roots 0.378ms
[138.005s][info   ][gc          ] GC(47) Concurrent cleanup 1572M->1572M(6144M) 0.031ms
[138.006s][info   ][gc          ] GC(47) Concurrent class unloading 0.722ms
[138.006s][info   ][gc          ] GC(47) Pause Final Roots 0.002ms
[138.006s][info   ][gc,metaspace] Metaspace: 11190K(11392K)->11190K(11392K) NonClass: 9399K(9536K)->9399K(9536K) Class: 1790K(1856K)->1790K(1856K)
[138.016s][info   ][gc          ] Trigger: GC request (System.gc())
[138.018s][info   ][gc          ] GC(48) Concurrent reset 2.487ms
[138.019s][info   ][gc          ] GC(48) Pause Init Mark (unload classes) 0.034ms
[138.019s][info   ][gc          ] GC(48) Concurrent marking roots 0.092ms
[140.976s][info   ][gc          ] GC(48) Concurrent marking (unload classes) 2957.079ms
[140.976s][info   ][gc          ] GC(48) Pause Final Mark (unload classes) 0.152ms
[140.977s][info   ][gc          ] GC(48) Concurrent weak references 0.026ms
[140.977s][info   ][gc          ] GC(48) Concurrent weak roots 0.423ms
[140.977s][info   ][gc          ] GC(48) Concurrent cleanup 1572M->1572M(6144M) 0.033ms
[140.978s][info   ][gc          ] GC(48) Concurrent class unloading 0.775ms
[140.978s][info   ][gc          ] GC(48) Pause Final Roots 0.002ms
[140.978s][info   ][gc,metaspace] Metaspace: 11190K(11392K)->11190K(11392K) NonClass: 9399K(9536K)->9399K(9536K) Class: 1790K(1856K)->1790K(1856K)
[140.988s][info   ][gc          ] Trigger: GC request (System.gc())
[140.990s][info   ][gc          ] GC(49) Concurrent reset 2.477ms
[140.991s][info   ][gc          ] GC(49) Pause Init Mark (unload classes) 0.031ms
[140.991s][info   ][gc          ] GC(49) Concurrent marking roots 0.088ms
[143.913s][info   ][gc          ] GC(49) Concurrent marking (unload classes) 2922.121ms
[143.913s][info   ][gc          ] GC(49) Pause Final Mark (unload classes) 0.144ms
[143.913s][info   ][gc          ] GC(49) Concurrent weak references 0.034ms
[143.913s][info   ][gc          ] GC(49) Concurrent weak roots 0.403ms
[143.914s][info   ][gc          ] GC(49) Concurrent cleanup 1572M->1572M(6144M) 0.037ms
[143.914s][info   ][gc          ] GC(49) Concurrent class unloading 0.746ms
[143.914s][info   ][gc          ] GC(49) Pause Final Roots 0.002ms
[143.914s][info   ][gc,metaspace] Metaspace: 11190K(11392K)->11190K(11392K) NonClass: 9399K(9536K)->9399K(9536K) Class: 1790K(1856K)->1790K(1856K)
[143.924s][info   ][gc          ] Trigger: GC request (System.gc())
[143.927s][info   ][gc          ] GC(50) Concurrent reset 2.483ms
[143.927s][info   ][gc          ] GC(50) Pause Init Mark (unload classes) 0.033ms
[143.927s][info   ][gc          ] GC(50) Concurrent marking roots 0.095ms
[146.834s][info   ][gc          ] GC(50) Concurrent marking (unload classes) 2906.573ms
[146.834s][info   ][gc          ] GC(50) Pause Final Mark (unload classes) 0.145ms
[146.834s][info   ][gc          ] GC(50) Concurrent weak references 0.020ms
[146.834s][info   ][gc          ] GC(50) Concurrent weak roots 0.375ms
[146.834s][info   ][gc          ] GC(50) Concurrent cleanup 1572M->1572M(6144M) 0.031ms
[146.835s][info   ][gc          ] GC(50) Concurrent class unloading 0.578ms
[146.835s][info   ][gc          ] GC(50) Pause Final Roots 0.002ms
[146.835s][info   ][gc,metaspace] Metaspace: 11190K(11392K)->11190K(11392K) NonClass: 9399K(9536K)->9399K(9536K) Class: 1790K(1856K)->1790K(1856K)
[146.845s][info   ][gc          ] Trigger: GC request (System.gc())
[146.848s][info   ][gc          ] GC(51) Concurrent reset 2.486ms
[146.848s][info   ][gc          ] GC(51) Pause Init Mark (unload classes) 0.031ms
[146.848s][info   ][gc          ] GC(51) Concurrent marking roots 0.093ms
[149.801s][info   ][gc          ] GC(51) Concurrent marking (unload classes) 2953.108ms
[149.801s][info   ][gc          ] GC(51) Pause Final Mark (unload classes) 0.176ms
[149.801s][info   ][gc          ] GC(51) Concurrent weak references 0.025ms
[149.802s][info   ][gc          ] GC(51) Concurrent weak roots 0.390ms
[149.802s][info   ][gc          ] GC(51) Concurrent cleanup 1572M->1572M(6144M) 0.036ms
[149.802s][info   ][gc          ] GC(51) Concurrent class unloading 0.738ms
[149.802s][info   ][gc          ] GC(51) Pause Final Roots 0.002ms
[149.802s][info   ][gc,metaspace] Metaspace: 11190K(11392K)->11190K(11392K) NonClass: 9399K(9536K)->9399K(9536K) Class: 1790K(1856K)->1790K(1856K)
[149.812s][info   ][gc          ] Trigger: GC request (System.gc())
[149.815s][info   ][gc          ] GC(52) Concurrent reset 2.650ms
[149.815s][info   ][gc          ] GC(52) Pause Init Mark (unload classes) 0.054ms
[149.815s][info   ][gc          ] GC(52) Concurrent marking roots 0.093ms
[152.739s][info   ][gc          ] GC(52) Concurrent marking (unload classes) 2923.939ms
[152.740s][info   ][gc          ] GC(52) Pause Final Mark (unload classes) 0.169ms
[152.740s][info   ][gc          ] GC(52) Concurrent weak references 0.028ms
[152.741s][info   ][gc          ] GC(52) Concurrent weak roots 0.393ms
[152.741s][info   ][gc          ] GC(52) Concurrent cleanup 1572M->1572M(6144M) 0.036ms
[152.741s][info   ][gc          ] GC(52) Concurrent class unloading 0.794ms
[152.741s][info   ][gc          ] GC(52) Pause Final Roots 0.002ms
[152.742s][info   ][gc,metaspace] Metaspace: 11190K(11392K)->11190K(11392K) NonClass: 9399K(9536K)->9399K(9536K) Class: 1790K(1856K)->1790K(1856K)
[152.752s][info   ][gc          ] Trigger: GC request (System.gc())
[152.754s][info   ][gc          ] GC(53) Concurrent reset 2.473ms
[152.754s][info   ][gc          ] GC(53) Pause Init Mark (unload classes) 0.034ms
[152.754s][info   ][gc          ] GC(53) Concurrent marking roots 0.085ms
[155.711s][info   ][gc          ] GC(53) Concurrent marking (unload classes) 2956.420ms
[155.711s][info   ][gc          ] GC(53) Pause Final Mark (unload classes) 0.155ms
[155.711s][info   ][gc          ] GC(53) Concurrent weak references 0.047ms
[155.711s][info   ][gc          ] GC(53) Concurrent weak roots 0.372ms
[155.711s][info   ][gc          ] GC(53) Concurrent cleanup 1572M->1572M(6144M) 0.031ms
[155.712s][info   ][gc          ] GC(53) Concurrent class unloading 0.701ms
[155.712s][info   ][gc          ] GC(53) Pause Final Roots 0.001ms
[155.712s][info   ][gc,metaspace] Metaspace: 11190K(11392K)->11190K(11392K) NonClass: 9399K(9536K)->9399K(9536K) Class: 1790K(1856K)->1790K(1856K)
[155.722s][info   ][gc          ] Trigger: GC request (System.gc())
[155.725s][info   ][gc          ] GC(54) Concurrent reset 2.488ms
[155.725s][info   ][gc          ] GC(54) Pause Init Mark (unload classes) 0.028ms
[155.725s][info   ][gc          ] GC(54) Concurrent marking roots 0.084ms
[158.647s][info   ][gc          ] GC(54) Concurrent marking (unload classes) 2922.423ms
[158.648s][info   ][gc          ] GC(54) Pause Final Mark (unload classes) 0.165ms
[158.648s][info   ][gc          ] GC(54) Concurrent weak references 0.033ms
[158.649s][info   ][gc          ] GC(54) Concurrent weak roots 0.414ms
[158.649s][info   ][gc          ] GC(54) Concurrent cleanup 1572M->1572M(6144M) 0.036ms
[158.649s][info   ][gc          ] GC(54) Concurrent class unloading 0.804ms
[158.649s][info   ][gc          ] GC(54) Pause Final Roots 0.002ms
[158.650s][info   ][gc,metaspace] Metaspace: 11190K(11392K)->11190K(11392K) NonClass: 9399K(9536K)->9399K(9536K) Class: 1790K(1856K)->1790K(1856K)
[158.660s][info   ][gc          ] Trigger: GC request (System.gc())
[158.662s][info   ][gc          ] GC(55) Concurrent reset 2.473ms
[158.662s][info   ][gc          ] GC(55) Pause Init Mark (unload classes) 0.034ms
[158.662s][info   ][gc          ] GC(55) Concurrent marking roots 0.089ms
[161.587s][info   ][gc          ] GC(55) Concurrent marking (unload classes) 2924.345ms
[161.587s][info   ][gc          ] GC(55) Pause Final Mark (unload classes) 0.148ms
[161.587s][info   ][gc          ] GC(55) Concurrent weak references 0.021ms
[161.587s][info   ][gc          ] GC(55) Concurrent weak roots 0.371ms
[161.587s][info   ][gc          ] GC(55) Concurrent cleanup 1572M->1572M(6144M) 0.032ms
[161.588s][info   ][gc          ] GC(55) Concurrent class unloading 0.734ms
[161.588s][info   ][gc          ] GC(55) Pause Final Roots 0.002ms
[161.588s][info   ][gc,metaspace] Metaspace: 11190K(11392K)->11190K(11392K) NonClass: 9399K(9536K)->9399K(9536K) Class: 1790K(1856K)->1790K(1856K)
[161.598s][info   ][gc          ] Trigger: GC request (System.gc())
[161.601s][info   ][gc          ] GC(56) Concurrent reset 2.489ms
[161.601s][info   ][gc          ] GC(56) Pause Init Mark (unload classes) 0.027ms
[161.601s][info   ][gc          ] GC(56) Concurrent marking roots 0.086ms
[164.524s][info   ][gc          ] GC(56) Concurrent marking (unload classes) 2923.497ms
[164.525s][info   ][gc          ] GC(56) Pause Final Mark (unload classes) 0.170ms
[164.525s][info   ][gc          ] GC(56) Concurrent weak references 0.028ms
[164.526s][info   ][gc          ] GC(56) Concurrent weak roots 0.392ms
[164.526s][info   ][gc          ] GC(56) Concurrent cleanup 1572M->1572M(6144M) 0.036ms
[164.526s][info   ][gc          ] GC(56) Concurrent class unloading 0.795ms
[164.526s][info   ][gc          ] GC(56) Pause Final Roots 0.002ms
[164.527s][info   ][gc,metaspace] Metaspace: 11190K(11392K)->11190K(11392K) NonClass: 9399K(9536K)->9399K(9536K) Class: 1790K(1856K)->1790K(1856K)
[164.537s][info   ][gc          ] Trigger: GC request (System.gc())
[164.539s][info   ][gc          ] GC(57) Concurrent reset 2.464ms
[164.539s][info   ][gc          ] GC(57) Pause Init Mark (unload classes) 0.033ms
[164.539s][info   ][gc          ] GC(57) Concurrent marking roots 0.102ms
[167.496s][info   ][gc          ] GC(57) Concurrent marking (unload classes) 2957.087ms
[167.497s][info   ][gc          ] GC(57) Pause Final Mark (unload classes) 0.156ms
[167.497s][info   ][gc          ] GC(57) Concurrent weak references 0.025ms
[167.497s][info   ][gc          ] GC(57) Concurrent weak roots 0.445ms
[167.497s][info   ][gc          ] GC(57) Concurrent cleanup 1572M->1572M(6144M) 0.042ms
[167.498s][info   ][gc          ] GC(57) Concurrent class unloading 0.749ms
[167.498s][info   ][gc          ] GC(57) Pause Final Roots 0.002ms
[167.498s][info   ][gc,metaspace] Metaspace: 11190K(11392K)->11190K(11392K) NonClass: 9399K(9536K)->9399K(9536K) Class: 1790K(1856K)->1790K(1856K)
[167.508s][info   ][gc          ] Trigger: GC request (System.gc())
[167.511s][info   ][gc          ] GC(58) Concurrent reset 2.466ms
[167.511s][info   ][gc          ] GC(58) Pause Init Mark (unload classes) 0.028ms
[167.511s][info   ][gc          ] GC(58) Concurrent marking roots 0.089ms
[170.469s][info   ][gc          ] GC(58) Concurrent marking (unload classes) 2957.943ms
[170.469s][info   ][gc          ] GC(58) Pause Final Mark (unload classes) 0.160ms
[170.469s][info   ][gc          ] GC(58) Concurrent weak references 0.022ms
[170.469s][info   ][gc          ] GC(58) Concurrent weak roots 0.358ms
[170.469s][info   ][gc          ] GC(58) Concurrent cleanup 1572M->1572M(6144M) 0.031ms
[170.470s][info   ][gc          ] GC(58) Concurrent class unloading 0.698ms
[170.470s][info   ][gc          ] GC(58) Pause Final Roots 0.002ms
[170.470s][info   ][gc,metaspace] Metaspace: 11190K(11392K)->11190K(11392K) NonClass: 9399K(9536K)->9399K(9536K) Class: 1790K(1856K)->1790K(1856K)
[170.480s][info   ][gc          ] Trigger: GC request (System.gc())
[170.483s][info   ][gc          ] GC(59) Concurrent reset 2.486ms
[170.483s][info   ][gc          ] GC(59) Pause Init Mark (unload classes) 0.034ms
[170.483s][info   ][gc          ] GC(59) Concurrent marking roots 0.086ms
[173.422s][info   ][gc          ] GC(59) Concurrent marking (unload classes) 2939.560ms
[173.423s][info   ][gc          ] GC(59) Pause Final Mark (unload classes) 0.165ms
[173.423s][info   ][gc          ] GC(59) Concurrent weak references 0.023ms
[173.423s][info   ][gc          ] GC(59) Concurrent weak roots 0.380ms
[173.423s][info   ][gc          ] GC(59) Concurrent cleanup 1572M->1572M(6144M) 0.032ms
[173.424s][info   ][gc          ] GC(59) Concurrent class unloading 0.752ms
[173.424s][info   ][gc          ] GC(59) Pause Final Roots 0.002ms
[173.424s][info   ][gc,metaspace] Metaspace: 11190K(11392K)->11190K(11392K) NonClass: 9399K(9536K)->9399K(9536K) Class: 1790K(1856K)->1790K(1856K)
[173.434s][info   ][gc          ] Trigger: GC request (System.gc())
[173.436s][info   ][gc          ] GC(60) Concurrent reset 2.460ms
[173.437s][info   ][gc          ] GC(60) Pause Init Mark (unload classes) 0.032ms
[173.437s][info   ][gc          ] GC(60) Concurrent marking roots 0.102ms
[176.359s][info   ][gc          ] GC(60) Concurrent marking (unload classes) 2922.696ms
[176.360s][info   ][gc          ] GC(60) Pause Final Mark (unload classes) 0.154ms
[176.360s][info   ][gc          ] GC(60) Concurrent weak references 0.027ms
[176.360s][info   ][gc          ] GC(60) Concurrent weak roots 0.443ms
[176.360s][info   ][gc          ] GC(60) Concurrent cleanup 1572M->1572M(6144M) 0.043ms
[176.361s][info   ][gc          ] GC(60) Concurrent class unloading 0.750ms
[176.361s][info   ][gc          ] GC(60) Pause Final Roots 0.002ms
[176.361s][info   ][gc,metaspace] Metaspace: 11190K(11392K)->11190K(11392K) NonClass: 9399K(9536K)->9399K(9536K) Class: 1790K(1856K)->1790K(1856K)
[176.371s][info   ][gc          ] Trigger: GC request (System.gc())
[176.373s][info   ][gc          ] GC(61) Concurrent reset 2.471ms
[176.374s][info   ][gc          ] GC(61) Pause Init Mark (unload classes) 0.032ms
[176.374s][info   ][gc          ] GC(61) Concurrent marking roots 0.091ms
[179.301s][info   ][gc          ] GC(61) Concurrent marking (unload classes) 2927.719ms
[179.302s][info   ][gc          ] GC(61) Pause Final Mark (unload classes) 0.160ms
[179.302s][info   ][gc          ] GC(61) Concurrent weak references 0.025ms
[179.302s][info   ][gc          ] GC(61) Concurrent weak roots 0.386ms
[179.302s][info   ][gc          ] GC(61) Concurrent cleanup 1572M->1572M(6144M) 0.032ms
[179.303s][info   ][gc          ] GC(61) Concurrent class unloading 0.734ms
[179.303s][info   ][gc          ] GC(61) Pause Final Roots 0.002ms
[179.303s][info   ][gc,metaspace] Metaspace: 11190K(11392K)->11190K(11392K) NonClass: 9399K(9536K)->9399K(9536K) Class: 1790K(1856K)->1790K(1856K)
After GCs... 
[179.309s][info   ][gc          ] Cancelling GC: Stopping VM
