Done; will start GCs... 
[57.308s][info   ][gc          ] Trigger: GC request (System.gc())
[57.311s][info   ][gc          ] GC(13) Concurrent reset 2.804ms
[57.311s][info   ][gc          ] GC(13) Pause Init Mark (unload classes) 0.038ms
[57.311s][info   ][gc          ] GC(13) Concurrent marking roots 0.201ms
[60.405s][info   ][gc          ] GC(13) Concurrent marking (unload classes) 3093.481ms
[60.405s][info   ][gc          ] GC(13) Pause Final Mark (unload classes) 0.161ms
[60.405s][info   ][gc          ] GC(13) Concurrent thread roots 0.063ms
[60.405s][info   ][gc          ] GC(13) Concurrent weak references 0.031ms
[60.407s][info   ][gc          ] GC(13) Concurrent weak roots 1.573ms
[60.407s][info   ][gc          ] GC(13) Concurrent cleanup 1595M->1593M(6144M) 0.044ms
[60.409s][info   ][gc          ] GC(13) Concurrent class unloading 2.085ms
[60.409s][info   ][gc          ] GC(13) Concurrent strong roots 0.093ms
[60.412s][info   ][gc          ] GC(13) Concurrent evacuation 2.710ms
[60.412s][info   ][gc          ] GC(13) Pause Init Update Refs 0.005ms
[60.412s][info   ][gc          ] GC(13) At start of update refs, moving 2048K to Mutator free partition from Collector Reserve
[62.263s][info   ][gc          ] GC(13) Concurrent update references 1851.450ms
[62.263s][info   ][gc          ] GC(13) Concurrent update thread roots 0.128ms
[62.263s][info   ][gc          ] GC(13) Pause Final Update Refs 0.091ms
[62.263s][info   ][gc          ] GC(13) Concurrent cleanup 1597M->1595M(6144M) 0.043ms
[62.263s][info   ][gc,metaspace] Metaspace: 18154K(18368K)->18154K(18368K) NonClass: 12324K(12416K)->12324K(12416K) Class: 5829K(5952K)->5829K(5952K)
[62.265s][info   ][gc          ] Trigger: GC request (System.gc())
[62.267s][info   ][gc          ] GC(14) Concurrent reset 2.572ms
[62.267s][info   ][gc          ] GC(14) Pause Init Mark (unload classes) 0.034ms
[62.267s][info   ][gc          ] GC(14) Concurrent marking roots 0.120ms
[65.363s][info   ][gc          ] GC(14) Concurrent marking (unload classes) 3095.433ms
[65.363s][info   ][gc          ] GC(14) Pause Final Mark (unload classes) 0.158ms
[65.363s][info   ][gc          ] GC(14) Concurrent thread roots 0.086ms
[65.363s][info   ][gc          ] GC(14) Concurrent weak references 0.054ms
[65.365s][info   ][gc          ] GC(14) Concurrent weak roots 1.661ms
[65.365s][info   ][gc          ] GC(14) Concurrent cleanup 1595M->1595M(6144M) 0.056ms
[65.367s][info   ][gc          ] GC(14) Concurrent class unloading 2.553ms
[65.368s][info   ][gc          ] GC(14) Concurrent strong roots 0.085ms
[65.370s][info   ][gc          ] GC(14) Concurrent evacuation 2.695ms
[65.370s][info   ][gc          ] GC(14) Pause Init Update Refs 0.004ms
[65.370s][info   ][gc          ] GC(14) At start of update refs, moving 4096K to Mutator free partition from Collector Reserve
[67.222s][info   ][gc          ] GC(14) Concurrent update references 1851.958ms
[67.223s][info   ][gc          ] GC(14) Concurrent update thread roots 0.123ms
[67.223s][info   ][gc          ] GC(14) Pause Final Update Refs 0.076ms
[67.223s][info   ][gc          ] GC(14) Concurrent cleanup 1597M->1594M(6144M) 0.051ms
[67.223s][info   ][gc,metaspace] Metaspace: 18154K(18368K)->18154K(18368K) NonClass: 12324K(12416K)->12324K(12416K) Class: 5829K(5952K)->5829K(5952K)
[67.224s][info   ][gc          ] Trigger: GC request (System.gc())
[67.226s][info   ][gc          ] GC(15) Concurrent reset 2.588ms
[67.226s][info   ][gc          ] GC(15) Pause Init Mark (unload classes) 0.031ms
[67.227s][info   ][gc          ] GC(15) Concurrent marking roots 0.101ms
[70.349s][info   ][gc          ] GC(15) Concurrent marking (unload classes) 3122.661ms
[70.349s][info   ][gc          ] GC(15) Pause Final Mark (unload classes) 0.161ms
[70.350s][info   ][gc          ] GC(15) Concurrent thread roots 0.079ms
[70.350s][info   ][gc          ] GC(15) Concurrent weak references 0.033ms
[70.351s][info   ][gc          ] GC(15) Concurrent weak roots 1.593ms
[70.351s][info   ][gc          ] GC(15) Concurrent cleanup 1594M->1594M(6144M) 0.042ms
[70.353s][info   ][gc          ] GC(15) Concurrent class unloading 1.937ms
[70.353s][info   ][gc          ] GC(15) Concurrent strong roots 0.083ms
[70.356s][info   ][gc          ] GC(15) Concurrent evacuation 2.497ms
[70.356s][info   ][gc          ] GC(15) Pause Init Update Refs 0.005ms
[70.356s][info   ][gc          ] GC(15) At start of update refs, moving 2048K to Mutator free partition from Collector Reserve
[72.250s][info   ][gc          ] GC(15) Concurrent update references 1894.051ms
[72.250s][info   ][gc          ] GC(15) Concurrent update thread roots 0.141ms
[72.250s][info   ][gc          ] GC(15) Pause Final Update Refs 0.083ms
[72.250s][info   ][gc          ] GC(15) Concurrent cleanup 1596M->1594M(6144M) 0.045ms
[72.250s][info   ][gc,metaspace] Metaspace: 18154K(18368K)->18154K(18368K) NonClass: 12324K(12416K)->12324K(12416K) Class: 5829K(5952K)->5829K(5952K)
[72.251s][info   ][gc          ] Trigger: GC request (System.gc())
[72.254s][info   ][gc          ] GC(16) Concurrent reset 2.765ms
[72.254s][info   ][gc          ] GC(16) Pause Init Mark (unload classes) 0.038ms
[72.254s][info   ][gc          ] GC(16) Concurrent marking roots 0.114ms
[75.346s][info   ][gc          ] GC(16) Concurrent marking (unload classes) 3091.733ms
[75.346s][info   ][gc          ] GC(16) Pause Final Mark (unload classes) 0.173ms
[75.347s][info   ][gc          ] GC(16) Concurrent thread roots 0.078ms
[75.347s][info   ][gc          ] GC(16) Concurrent weak references 0.044ms
[75.348s][info   ][gc          ] GC(16) Concurrent weak roots 1.584ms
[75.348s][info   ][gc          ] GC(16) Concurrent cleanup 1594M->1594M(6144M) 0.043ms
[75.350s][info   ][gc          ] GC(16) Concurrent class unloading 1.948ms
[75.350s][info   ][gc          ] GC(16) Concurrent strong roots 0.091ms
[75.354s][info   ][gc          ] GC(16) Concurrent evacuation 2.896ms
[75.354s][info   ][gc          ] GC(16) Pause Init Update Refs 0.005ms
[75.354s][info   ][gc          ] GC(16) At start of update refs, moving 2048K to Mutator free partition from Collector Reserve
[77.160s][info   ][gc          ] GC(16) Concurrent update references 1806.473ms
[77.161s][info   ][gc          ] GC(16) Concurrent update thread roots 0.126ms
[77.161s][info   ][gc          ] GC(16) Pause Final Update Refs 0.074ms
[77.161s][info   ][gc          ] GC(16) Concurrent cleanup 1596M->1594M(6144M) 0.056ms
[77.161s][info   ][gc,metaspace] Metaspace: 18154K(18368K)->18154K(18368K) NonClass: 12324K(12416K)->12324K(12416K) Class: 5829K(5952K)->5829K(5952K)
[77.162s][info   ][gc          ] Trigger: GC request (System.gc())
[77.165s][info   ][gc          ] GC(17) Concurrent reset 2.770ms
[77.165s][info   ][gc          ] GC(17) Pause Init Mark (unload classes) 0.036ms
[77.165s][info   ][gc          ] GC(17) Concurrent marking roots 0.112ms
[80.319s][info   ][gc          ] GC(17) Concurrent marking (unload classes) 3154.523ms
[80.320s][info   ][gc          ] GC(17) Pause Final Mark (unload classes) 0.172ms
[80.320s][info   ][gc          ] GC(17) Concurrent thread roots 0.060ms
[80.320s][info   ][gc          ] GC(17) Concurrent weak references 0.036ms
[80.321s][info   ][gc          ] GC(17) Concurrent weak roots 1.594ms
[80.321s][info   ][gc          ] GC(17) Concurrent cleanup 1594M->1594M(6144M) 0.044ms
[80.324s][info   ][gc          ] GC(17) Concurrent class unloading 2.553ms
[80.324s][info   ][gc          ] GC(17) Concurrent strong roots 0.121ms
[80.327s][info   ][gc          ] GC(17) Concurrent evacuation 3.209ms
[80.327s][info   ][gc          ] GC(17) Pause Init Update Refs 0.004ms
[80.327s][info   ][gc          ] GC(17) At start of update refs, moving 2048K to Mutator free partition from Collector Reserve
[82.134s][info   ][gc          ] GC(17) Concurrent update references 1806.381ms
[82.134s][info   ][gc          ] GC(17) Concurrent update thread roots 0.113ms
[82.134s][info   ][gc          ] GC(17) Pause Final Update Refs 0.101ms
[82.134s][info   ][gc          ] GC(17) Concurrent cleanup 1596M->1594M(6144M) 0.056ms
[82.134s][info   ][gc,metaspace] Metaspace: 18154K(18368K)->18154K(18368K) NonClass: 12324K(12416K)->12324K(12416K) Class: 5829K(5952K)->5829K(5952K)
[82.135s][info   ][gc          ] Trigger: GC request (System.gc())
[82.138s][info   ][gc          ] GC(18) Concurrent reset 2.722ms
[82.138s][info   ][gc          ] GC(18) Pause Init Mark (unload classes) 0.040ms
[82.138s][info   ][gc          ] GC(18) Concurrent marking roots 0.120ms
[85.284s][info   ][gc          ] GC(18) Concurrent marking (unload classes) 3145.382ms
[85.284s][info   ][gc          ] GC(18) Pause Final Mark (unload classes) 0.155ms
[85.284s][info   ][gc          ] GC(18) Concurrent thread roots 0.065ms
[85.284s][info   ][gc          ] GC(18) Concurrent weak references 0.020ms
[85.286s][info   ][gc          ] GC(18) Concurrent weak roots 1.570ms
[85.286s][info   ][gc          ] GC(18) Concurrent cleanup 1594M->1594M(6144M) 0.049ms
[85.288s][info   ][gc          ] GC(18) Concurrent class unloading 1.912ms
[85.288s][info   ][gc          ] GC(18) Concurrent strong roots 0.083ms
[85.290s][info   ][gc          ] GC(18) Concurrent evacuation 2.469ms
[85.290s][info   ][gc          ] GC(18) Pause Init Update Refs 0.004ms
[85.290s][info   ][gc          ] GC(18) At start of update refs, moving 2048K to Mutator free partition from Collector Reserve
[87.096s][info   ][gc          ] GC(18) Concurrent update references 1805.965ms
[87.096s][info   ][gc          ] GC(18) Concurrent update thread roots 0.126ms
[87.096s][info   ][gc          ] GC(18) Pause Final Update Refs 0.084ms
[87.097s][info   ][gc          ] GC(18) Concurrent cleanup 1596M->1594M(6144M) 0.045ms
[87.097s][info   ][gc,metaspace] Metaspace: 18154K(18368K)->18154K(18368K) NonClass: 12324K(12416K)->12324K(12416K) Class: 5829K(5952K)->5829K(5952K)
[87.098s][info   ][gc          ] Trigger: GC request (System.gc())
[87.100s][info   ][gc          ] GC(19) Concurrent reset 2.604ms
[87.100s][info   ][gc          ] GC(19) Pause Init Mark (unload classes) 0.039ms
[87.101s][info   ][gc          ] GC(19) Concurrent marking roots 0.112ms
[90.253s][info   ][gc          ] GC(19) Concurrent marking (unload classes) 3152.761ms
[90.253s][info   ][gc          ] GC(19) Pause Final Mark (unload classes) 0.168ms
[90.254s][info   ][gc          ] GC(19) Concurrent thread roots 0.082ms
[90.254s][info   ][gc          ] GC(19) Concurrent weak references 0.042ms
[90.255s][info   ][gc          ] GC(19) Concurrent weak roots 1.611ms
[90.255s][info   ][gc          ] GC(19) Concurrent cleanup 1594M->1594M(6144M) 0.042ms
[90.258s][info   ][gc          ] GC(19) Concurrent class unloading 2.501ms
[90.258s][info   ][gc          ] GC(19) Concurrent strong roots 0.072ms
[90.261s][info   ][gc          ] GC(19) Concurrent evacuation 2.835ms
[90.261s][info   ][gc          ] GC(19) Pause Init Update Refs 0.004ms
[90.261s][info   ][gc          ] GC(19) At start of update refs, moving 2048K to Mutator free partition from Collector Reserve
[92.104s][info   ][gc          ] GC(19) Concurrent update references 1843.212ms
[92.104s][info   ][gc          ] GC(19) Concurrent update thread roots 0.127ms
[92.104s][info   ][gc          ] GC(19) Pause Final Update Refs 0.080ms
[92.104s][info   ][gc          ] GC(19) Concurrent cleanup 1596M->1594M(6144M) 0.043ms
[92.104s][info   ][gc,metaspace] Metaspace: 18154K(18368K)->18154K(18368K) NonClass: 12324K(12416K)->12324K(12416K) Class: 5829K(5952K)->5829K(5952K)
[92.106s][info   ][gc          ] Trigger: GC request (System.gc())
[92.108s][info   ][gc          ] GC(20) Concurrent reset 2.572ms
[92.108s][info   ][gc          ] GC(20) Pause Init Mark (unload classes) 0.034ms
[92.108s][info   ][gc          ] GC(20) Concurrent marking roots 0.112ms
[95.303s][info   ][gc          ] GC(20) Concurrent marking (unload classes) 3194.361ms
[95.303s][info   ][gc          ] GC(20) Pause Final Mark (unload classes) 0.172ms
[95.304s][info   ][gc          ] GC(20) Concurrent thread roots 0.069ms
[95.304s][info   ][gc          ] GC(20) Concurrent weak references 0.040ms
[95.305s][info   ][gc          ] GC(20) Concurrent weak roots 1.639ms
[95.305s][info   ][gc          ] GC(20) Concurrent cleanup 1594M->1594M(6144M) 0.044ms
[95.308s][info   ][gc          ] GC(20) Concurrent class unloading 2.442ms
[95.308s][info   ][gc          ] GC(20) Concurrent strong roots 0.125ms
[95.311s][info   ][gc          ] GC(20) Concurrent evacuation 3.393ms
[95.311s][info   ][gc          ] GC(20) Pause Init Update Refs 0.004ms
[95.311s][info   ][gc          ] GC(20) At start of update refs, moving 2048K to Mutator free partition from Collector Reserve
[97.118s][info   ][gc          ] GC(20) Concurrent update references 1806.619ms
[97.118s][info   ][gc          ] GC(20) Concurrent update thread roots 0.128ms
[97.118s][info   ][gc          ] GC(20) Pause Final Update Refs 0.075ms
[97.118s][info   ][gc          ] GC(20) Concurrent cleanup 1596M->1594M(6144M) 0.043ms
[97.118s][info   ][gc,metaspace] Metaspace: 18154K(18368K)->18154K(18368K) NonClass: 12324K(12416K)->12324K(12416K) Class: 5829K(5952K)->5829K(5952K)
[97.119s][info   ][gc          ] Trigger: GC request (System.gc())
[97.122s][info   ][gc          ] GC(21) Concurrent reset 2.774ms
[97.122s][info   ][gc          ] GC(21) Pause Init Mark (unload classes) 0.065ms
[97.123s][info   ][gc          ] GC(21) Concurrent marking roots 0.113ms
[100.269s][info   ][gc          ] GC(21) Concurrent marking (unload classes) 3146.449ms
[100.269s][info   ][gc          ] GC(21) Pause Final Mark (unload classes) 0.177ms
[100.269s][info   ][gc          ] GC(21) Concurrent thread roots 0.093ms
[100.269s][info   ][gc          ] GC(21) Concurrent weak references 0.041ms
[100.271s][info   ][gc          ] GC(21) Concurrent weak roots 1.572ms
[100.271s][info   ][gc          ] GC(21) Concurrent cleanup 1594M->1594M(6144M) 0.061ms
[100.273s][info   ][gc          ] GC(21) Concurrent class unloading 2.093ms
[100.273s][info   ][gc          ] GC(21) Concurrent strong roots 0.088ms
[100.276s][info   ][gc          ] GC(21) Concurrent evacuation 2.494ms
[100.276s][info   ][gc          ] GC(21) Pause Init Update Refs 0.005ms
[100.276s][info   ][gc          ] GC(21) At start of update refs, moving 2048K to Mutator free partition from Collector Reserve
[102.081s][info   ][gc          ] GC(21) Concurrent update references 1804.868ms
[102.081s][info   ][gc          ] GC(21) Concurrent update thread roots 0.113ms
[102.081s][info   ][gc          ] GC(21) Pause Final Update Refs 0.078ms
[102.081s][info   ][gc          ] GC(21) Concurrent cleanup 1596M->1594M(6144M) 0.067ms
[102.081s][info   ][gc,metaspace] Metaspace: 18154K(18368K)->18154K(18368K) NonClass: 12324K(12416K)->12324K(12416K) Class: 5829K(5952K)->5829K(5952K)
[102.082s][info   ][gc          ] Trigger: GC request (System.gc())
[102.085s][info   ][gc          ] GC(22) Concurrent reset 2.553ms
[102.085s][info   ][gc          ] GC(22) Pause Init Mark (unload classes) 0.035ms
[102.085s][info   ][gc          ] GC(22) Concurrent marking roots 0.104ms
[105.231s][info   ][gc          ] GC(22) Concurrent marking (unload classes) 3146.530ms
[105.232s][info   ][gc          ] GC(22) Pause Final Mark (unload classes) 0.175ms
[105.232s][info   ][gc          ] GC(22) Concurrent thread roots 0.080ms
[105.232s][info   ][gc          ] GC(22) Concurrent weak references 0.040ms
[105.233s][info   ][gc          ] GC(22) Concurrent weak roots 1.591ms
[105.233s][info   ][gc          ] GC(22) Concurrent cleanup 1594M->1594M(6144M) 0.044ms
[105.236s][info   ][gc          ] GC(22) Concurrent class unloading 2.451ms
[105.236s][info   ][gc          ] GC(22) Concurrent strong roots 0.062ms
[105.239s][info   ][gc          ] GC(22) Concurrent evacuation 2.841ms
[105.239s][info   ][gc          ] GC(22) Pause Init Update Refs 0.005ms
[105.239s][info   ][gc          ] GC(22) At start of update refs, moving 2048K to Mutator free partition from Collector Reserve
[107.060s][info   ][gc          ] GC(22) Concurrent update references 1821.413ms
[107.061s][info   ][gc          ] GC(22) Concurrent update thread roots 0.119ms
[107.061s][info   ][gc          ] GC(22) Pause Final Update Refs 0.102ms
[107.061s][info   ][gc          ] GC(22) Concurrent cleanup 1596M->1594M(6144M) 0.068ms
[107.061s][info   ][gc,metaspace] Metaspace: 18154K(18368K)->18154K(18368K) NonClass: 12324K(12416K)->12324K(12416K) Class: 5829K(5952K)->5829K(5952K)
[107.062s][info   ][gc          ] Trigger: GC request (System.gc())
[107.064s][info   ][gc          ] GC(23) Concurrent reset 2.577ms
[107.064s][info   ][gc          ] GC(23) Pause Init Mark (unload classes) 0.036ms
[107.065s][info   ][gc          ] GC(23) Concurrent marking roots 0.104ms
[110.276s][info   ][gc          ] GC(23) Concurrent marking (unload classes) 3211.839ms
[110.277s][info   ][gc          ] GC(23) Pause Final Mark (unload classes) 0.181ms
[110.277s][info   ][gc          ] GC(23) Concurrent thread roots 0.072ms
[110.277s][info   ][gc          ] GC(23) Concurrent weak references 0.041ms
[110.278s][info   ][gc          ] GC(23) Concurrent weak roots 1.583ms
[110.278s][info   ][gc          ] GC(23) Concurrent cleanup 1594M->1594M(6144M) 0.053ms
[110.281s][info   ][gc          ] GC(23) Concurrent class unloading 2.631ms
[110.281s][info   ][gc          ] GC(23) Concurrent strong roots 0.113ms
[110.284s][info   ][gc          ] GC(23) Concurrent evacuation 2.815ms
[110.284s][info   ][gc          ] GC(23) Pause Init Update Refs 0.005ms
[110.284s][info   ][gc          ] GC(23) At start of update refs, moving 2048K to Mutator free partition from Collector Reserve
[112.090s][info   ][gc          ] GC(23) Concurrent update references 1806.331ms
[112.091s][info   ][gc          ] GC(23) Concurrent update thread roots 0.118ms
[112.091s][info   ][gc          ] GC(23) Pause Final Update Refs 0.081ms
[112.091s][info   ][gc          ] GC(23) Concurrent cleanup 1596M->1594M(6144M) 0.043ms
[112.091s][info   ][gc,metaspace] Metaspace: 18154K(18368K)->18154K(18368K) NonClass: 12324K(12416K)->12324K(12416K) Class: 5829K(5952K)->5829K(5952K)
[112.092s][info   ][gc          ] Trigger: GC request (System.gc())
[112.095s][info   ][gc          ] GC(24) Concurrent reset 2.591ms
[112.095s][info   ][gc          ] GC(24) Pause Init Mark (unload classes) 0.045ms
[112.095s][info   ][gc          ] GC(24) Concurrent marking roots 0.102ms
[115.281s][info   ][gc          ] GC(24) Concurrent marking (unload classes) 3185.802ms
[115.281s][info   ][gc          ] GC(24) Pause Final Mark (unload classes) 0.179ms
[115.281s][info   ][gc          ] GC(24) Concurrent thread roots 0.071ms
[115.282s][info   ][gc          ] GC(24) Concurrent weak references 0.042ms
[115.283s][info   ][gc          ] GC(24) Concurrent weak roots 1.657ms
[115.283s][info   ][gc          ] GC(24) Concurrent cleanup 1594M->1594M(6144M) 0.056ms
[115.286s][info   ][gc          ] GC(24) Concurrent class unloading 2.533ms
[115.286s][info   ][gc          ] GC(24) Concurrent strong roots 0.109ms
[115.289s][info   ][gc          ] GC(24) Concurrent evacuation 3.394ms
[115.289s][info   ][gc          ] GC(24) Pause Init Update Refs 0.004ms
[115.289s][info   ][gc          ] GC(24) At start of update refs, moving 2048K to Mutator free partition from Collector Reserve
[117.135s][info   ][gc          ] GC(24) Concurrent update references 1846.027ms
[117.136s][info   ][gc          ] GC(24) Concurrent update thread roots 0.112ms
[117.136s][info   ][gc          ] GC(24) Pause Final Update Refs 0.073ms
[117.136s][info   ][gc          ] GC(24) Concurrent cleanup 1596M->1594M(6144M) 0.059ms
[117.136s][info   ][gc,metaspace] Metaspace: 18154K(18368K)->18154K(18368K) NonClass: 12324K(12416K)->12324K(12416K) Class: 5829K(5952K)->5829K(5952K)
[117.137s][info   ][gc          ] Trigger: GC request (System.gc())
[117.140s][info   ][gc          ] GC(25) Concurrent reset 2.747ms
[117.140s][info   ][gc          ] GC(25) Pause Init Mark (unload classes) 0.054ms
[117.140s][info   ][gc          ] GC(25) Concurrent marking roots 0.116ms
[120.288s][info   ][gc          ] GC(25) Concurrent marking (unload classes) 3147.916ms
[120.288s][info   ][gc          ] GC(25) Pause Final Mark (unload classes) 0.155ms
[120.288s][info   ][gc          ] GC(25) Concurrent thread roots 0.073ms
[120.288s][info   ][gc          ] GC(25) Concurrent weak references 0.057ms
[120.290s][info   ][gc          ] GC(25) Concurrent weak roots 1.625ms
[120.290s][info   ][gc          ] GC(25) Concurrent cleanup 1594M->1594M(6144M) 0.043ms
[120.292s][info   ][gc          ] GC(25) Concurrent class unloading 2.584ms
[120.293s][info   ][gc          ] GC(25) Concurrent strong roots 0.107ms
[120.296s][info   ][gc          ] GC(25) Concurrent evacuation 3.205ms
[120.296s][info   ][gc          ] GC(25) Pause Init Update Refs 0.004ms
[120.296s][info   ][gc          ] GC(25) At start of update refs, moving 2048K to Mutator free partition from Collector Reserve
[122.102s][info   ][gc          ] GC(25) Concurrent update references 1805.694ms
[122.102s][info   ][gc          ] GC(25) Concurrent update thread roots 0.116ms
[122.102s][info   ][gc          ] GC(25) Pause Final Update Refs 0.075ms
[122.102s][info   ][gc          ] GC(25) Concurrent cleanup 1597M->1595M(6144M) 0.043ms
[122.102s][info   ][gc,metaspace] Metaspace: 18154K(18368K)->18154K(18368K) NonClass: 12324K(12416K)->12324K(12416K) Class: 5829K(5952K)->5829K(5952K)
[122.103s][info   ][gc          ] Trigger: GC request (System.gc())
[122.106s][info   ][gc          ] GC(26) Concurrent reset 2.776ms
[122.106s][info   ][gc          ] GC(26) Pause Init Mark (unload classes) 0.066ms
[122.106s][info   ][gc          ] GC(26) Concurrent marking roots 0.095ms
[125.264s][info   ][gc          ] GC(26) Concurrent marking (unload classes) 3157.962ms
[125.264s][info   ][gc          ] GC(26) Pause Final Mark (unload classes) 0.164ms
[125.264s][info   ][gc          ] GC(26) Concurrent thread roots 0.093ms
[125.264s][info   ][gc          ] GC(26) Concurrent weak references 0.043ms
[125.266s][info   ][gc          ] GC(26) Concurrent weak roots 1.437ms
[125.266s][info   ][gc          ] GC(26) Concurrent cleanup 1595M->1595M(6144M) 0.052ms
[125.268s][info   ][gc          ] GC(26) Concurrent class unloading 1.954ms
[125.268s][info   ][gc          ] GC(26) Concurrent strong roots 0.071ms
[125.271s][info   ][gc          ] GC(26) Concurrent evacuation 2.481ms
[125.271s][info   ][gc          ] GC(26) Pause Init Update Refs 0.004ms
[125.271s][info   ][gc          ] GC(26) At start of update refs, moving 4096K to Mutator free partition from Collector Reserve
[127.076s][info   ][gc          ] GC(26) Concurrent update references 1805.394ms
[127.076s][info   ][gc          ] GC(26) Concurrent update thread roots 0.133ms
[127.076s][info   ][gc          ] GC(26) Pause Final Update Refs 0.086ms
[127.076s][info   ][gc          ] GC(26) Concurrent cleanup 1597M->1594M(6144M) 0.045ms
[127.076s][info   ][gc,metaspace] Metaspace: 18154K(18368K)->18154K(18368K) NonClass: 12324K(12416K)->12324K(12416K) Class: 5829K(5952K)->5829K(5952K)
[127.077s][info   ][gc          ] Trigger: GC request (System.gc())
[127.080s][info   ][gc          ] GC(27) Concurrent reset 2.571ms
[127.080s][info   ][gc          ] GC(27) Pause Init Mark (unload classes) 0.034ms
[127.080s][info   ][gc          ] GC(27) Concurrent marking roots 0.133ms
[130.233s][info   ][gc          ] GC(27) Concurrent marking (unload classes) 3152.598ms
[130.233s][info   ][gc          ] GC(27) Pause Final Mark (unload classes) 0.165ms
[130.233s][info   ][gc          ] GC(27) Concurrent thread roots 0.083ms
[130.233s][info   ][gc          ] GC(27) Concurrent weak references 0.058ms
[130.235s][info   ][gc          ] GC(27) Concurrent weak roots 1.621ms
[130.235s][info   ][gc          ] GC(27) Concurrent cleanup 1594M->1594M(6144M) 0.047ms
[130.237s][info   ][gc          ] GC(27) Concurrent class unloading 2.521ms
[130.238s][info   ][gc          ] GC(27) Concurrent strong roots 0.108ms
[130.241s][info   ][gc          ] GC(27) Concurrent evacuation 3.338ms
[130.241s][info   ][gc          ] GC(27) Pause Init Update Refs 0.004ms
[130.241s][info   ][gc          ] GC(27) At start of update refs, moving 2048K to Mutator free partition from Collector Reserve
[132.060s][info   ][gc          ] GC(27) Concurrent update references 1819.146ms
[132.060s][info   ][gc          ] GC(27) Concurrent update thread roots 0.129ms
[132.060s][info   ][gc          ] GC(27) Pause Final Update Refs 0.094ms
[132.061s][info   ][gc          ] GC(27) Concurrent cleanup 1596M->1594M(6144M) 0.044ms
[132.061s][info   ][gc,metaspace] Metaspace: 18154K(18368K)->18154K(18368K) NonClass: 12324K(12416K)->12324K(12416K) Class: 5829K(5952K)->5829K(5952K)
[132.062s][info   ][gc          ] Trigger: GC request (System.gc())
[132.064s][info   ][gc          ] GC(28) Concurrent reset 2.744ms
[132.064s][info   ][gc          ] GC(28) Pause Init Mark (unload classes) 0.035ms
[132.065s][info   ][gc          ] GC(28) Concurrent marking roots 0.105ms
[135.211s][info   ][gc          ] GC(28) Concurrent marking (unload classes) 3146.230ms
[135.211s][info   ][gc          ] GC(28) Pause Final Mark (unload classes) 0.162ms
[135.211s][info   ][gc          ] GC(28) Concurrent thread roots 0.099ms
[135.211s][info   ][gc          ] GC(28) Concurrent weak references 0.063ms
[135.213s][info   ][gc          ] GC(28) Concurrent weak roots 1.629ms
[135.213s][info   ][gc          ] GC(28) Concurrent cleanup 1594M->1594M(6144M) 0.055ms
[135.216s][info   ][gc          ] GC(28) Concurrent class unloading 2.580ms
[135.216s][info   ][gc          ] GC(28) Concurrent strong roots 0.109ms
[135.218s][info   ][gc          ] GC(28) Concurrent evacuation 2.720ms
[135.218s][info   ][gc          ] GC(28) Pause Init Update Refs 0.005ms
[135.219s][info   ][gc          ] GC(28) At start of update refs, moving 2048K to Mutator free partition from Collector Reserve
[137.061s][info   ][gc          ] GC(28) Concurrent update references 1842.065ms
[137.061s][info   ][gc          ] GC(28) Concurrent update thread roots 0.125ms
[137.061s][info   ][gc          ] GC(28) Pause Final Update Refs 0.075ms
[137.061s][info   ][gc          ] GC(28) Concurrent cleanup 1596M->1594M(6144M) 0.050ms
[137.061s][info   ][gc,metaspace] Metaspace: 18154K(18368K)->18154K(18368K) NonClass: 12324K(12416K)->12324K(12416K) Class: 5829K(5952K)->5829K(5952K)
[137.062s][info   ][gc          ] Trigger: GC request (System.gc())
[137.065s][info   ][gc          ] GC(29) Concurrent reset 2.572ms
[137.065s][info   ][gc          ] GC(29) Pause Init Mark (unload classes) 0.036ms
[137.065s][info   ][gc          ] GC(29) Concurrent marking roots 0.097ms
[140.160s][info   ][gc          ] GC(29) Concurrent marking (unload classes) 3094.803ms
[140.160s][info   ][gc          ] GC(29) Pause Final Mark (unload classes) 0.162ms
[140.160s][info   ][gc          ] GC(29) Concurrent thread roots 0.066ms
[140.160s][info   ][gc          ] GC(29) Concurrent weak references 0.030ms
[140.162s][info   ][gc          ] GC(29) Concurrent weak roots 1.573ms
[140.162s][info   ][gc          ] GC(29) Concurrent cleanup 1594M->1594M(6144M) 0.042ms
[140.164s][info   ][gc          ] GC(29) Concurrent class unloading 2.434ms
[140.164s][info   ][gc          ] GC(29) Concurrent strong roots 0.118ms
[140.210s][info   ][gc          ] GC(29) Concurrent evacuation 45.977ms
[140.210s][info   ][gc          ] GC(29) Pause Init Update Refs 0.004ms
[140.210s][info   ][gc          ] GC(29) At start of update refs, moving 2048K to Mutator free partition from Collector Reserve
[142.058s][info   ][gc          ] GC(29) Concurrent update references 1847.944ms
[142.058s][info   ][gc          ] GC(29) Concurrent update thread roots 0.127ms
[142.058s][info   ][gc          ] GC(29) Pause Final Update Refs 0.089ms
[142.059s][info   ][gc          ] GC(29) Concurrent cleanup 1596M->1594M(6144M) 0.042ms
[142.059s][info   ][gc,metaspace] Metaspace: 18154K(18368K)->18154K(18368K) NonClass: 12324K(12416K)->12324K(12416K) Class: 5829K(5952K)->5829K(5952K)
[142.060s][info   ][gc          ] Trigger: GC request (System.gc())
[142.062s][info   ][gc          ] GC(30) Concurrent reset 2.578ms
[142.062s][info   ][gc          ] GC(30) Pause Init Mark (unload classes) 0.035ms
[142.062s][info   ][gc          ] GC(30) Concurrent marking roots 0.104ms
[145.226s][info   ][gc          ] GC(30) Concurrent marking (unload classes) 3163.862ms
[145.227s][info   ][gc          ] GC(30) Pause Final Mark (unload classes) 0.165ms
[145.227s][info   ][gc          ] GC(30) Concurrent thread roots 0.101ms
[145.227s][info   ][gc          ] GC(30) Concurrent weak references 0.055ms
[145.229s][info   ][gc          ] GC(30) Concurrent weak roots 1.633ms
[145.229s][info   ][gc          ] GC(30) Concurrent cleanup 1594M->1594M(6144M) 0.051ms
[145.231s][info   ][gc          ] GC(30) Concurrent class unloading 1.888ms
[145.231s][info   ][gc          ] GC(30) Concurrent strong roots 0.062ms
[145.233s][info   ][gc          ] GC(30) Concurrent evacuation 2.474ms
[145.234s][info   ][gc          ] GC(30) Pause Init Update Refs 0.005ms
[145.234s][info   ][gc          ] GC(30) At start of update refs, moving 2048K to Mutator free partition from Collector Reserve
[147.080s][info   ][gc          ] GC(30) Concurrent update references 1846.212ms
[147.080s][info   ][gc          ] GC(30) Concurrent update thread roots 0.120ms
[147.080s][info   ][gc          ] GC(30) Pause Final Update Refs 0.077ms
[147.080s][info   ][gc          ] GC(30) Concurrent cleanup 1596M->1594M(6144M) 0.058ms
[147.080s][info   ][gc,metaspace] Metaspace: 18154K(18368K)->18154K(18368K) NonClass: 12324K(12416K)->12324K(12416K) Class: 5829K(5952K)->5829K(5952K)
[147.081s][info   ][gc          ] Trigger: GC request (System.gc())
[147.084s][info   ][gc          ] GC(31) Concurrent reset 2.806ms
[147.084s][info   ][gc          ] GC(31) Pause Init Mark (unload classes) 0.041ms
[147.084s][info   ][gc          ] GC(31) Concurrent marking roots 0.140ms
[150.236s][info   ][gc          ] GC(31) Concurrent marking (unload classes) 3151.953ms
[150.236s][info   ][gc          ] GC(31) Pause Final Mark (unload classes) 0.161ms
[150.237s][info   ][gc          ] GC(31) Concurrent thread roots 0.099ms
[150.237s][info   ][gc          ] GC(31) Concurrent weak references 0.061ms
[150.239s][info   ][gc          ] GC(31) Concurrent weak roots 1.638ms
[150.239s][info   ][gc          ] GC(31) Concurrent cleanup 1594M->1594M(6144M) 0.056ms
[150.241s][info   ][gc          ] GC(31) Concurrent class unloading 2.230ms
[150.241s][info   ][gc          ] GC(31) Concurrent strong roots 0.112ms
[150.244s][info   ][gc          ] GC(31) Concurrent evacuation 2.664ms
[150.244s][info   ][gc          ] GC(31) Pause Init Update Refs 0.005ms
[150.244s][info   ][gc          ] GC(31) At start of update refs, moving 2048K to Mutator free partition from Collector Reserve
[152.073s][info   ][gc          ] GC(31) Concurrent update references 1829.349ms
[152.074s][info   ][gc          ] GC(31) Concurrent update thread roots 0.123ms
[152.074s][info   ][gc          ] GC(31) Pause Final Update Refs 0.075ms
[152.074s][info   ][gc          ] GC(31) Concurrent cleanup 1596M->1594M(6144M) 0.056ms
[152.074s][info   ][gc,metaspace] Metaspace: 18154K(18368K)->18154K(18368K) NonClass: 12324K(12416K)->12324K(12416K) Class: 5829K(5952K)->5829K(5952K)
[152.075s][info   ][gc          ] Trigger: GC request (System.gc())
[152.077s][info   ][gc          ] GC(32) Concurrent reset 2.569ms
[152.077s][info   ][gc          ] GC(32) Pause Init Mark (unload classes) 0.032ms
[152.078s][info   ][gc          ] GC(32) Concurrent marking roots 0.105ms
[155.226s][info   ][gc          ] GC(32) Concurrent marking (unload classes) 3148.360ms
[155.226s][info   ][gc          ] GC(32) Pause Final Mark (unload classes) 0.166ms
[155.226s][info   ][gc          ] GC(32) Concurrent thread roots 0.084ms
[155.226s][info   ][gc          ] GC(32) Concurrent weak references 0.055ms
[155.228s][info   ][gc          ] GC(32) Concurrent weak roots 1.585ms
[155.228s][info   ][gc          ] GC(32) Concurrent cleanup 1594M->1594M(6144M) 0.052ms
[155.230s][info   ][gc          ] GC(32) Concurrent class unloading 2.434ms
[155.231s][info   ][gc          ] GC(32) Concurrent strong roots 0.107ms
[155.234s][info   ][gc          ] GC(32) Concurrent evacuation 3.396ms
[155.234s][info   ][gc          ] GC(32) Pause Init Update Refs 0.004ms
[155.234s][info   ][gc          ] GC(32) At start of update refs, moving 2048K to Mutator free partition from Collector Reserve
[157.060s][info   ][gc          ] GC(32) Concurrent update references 1825.907ms
[157.060s][info   ][gc          ] GC(32) Concurrent update thread roots 0.118ms
[157.060s][info   ][gc          ] GC(32) Pause Final Update Refs 0.098ms
[157.060s][info   ][gc          ] GC(32) Concurrent cleanup 1596M->1594M(6144M) 0.045ms
[157.060s][info   ][gc,metaspace] Metaspace: 18154K(18368K)->18154K(18368K) NonClass: 12324K(12416K)->12324K(12416K) Class: 5829K(5952K)->5829K(5952K)
[157.061s][info   ][gc          ] Trigger: GC request (System.gc())
[157.064s][info   ][gc          ] GC(33) Concurrent reset 2.717ms
[157.064s][info   ][gc          ] GC(33) Pause Init Mark (unload classes) 0.038ms
[157.064s][info   ][gc          ] GC(33) Concurrent marking roots 0.127ms
[160.161s][info   ][gc          ] GC(33) Concurrent marking (unload classes) 3096.099ms
[160.207s][info   ][gc          ] GC(33) Pause Final Mark (unload classes) 46.177ms
[160.207s][info   ][gc          ] GC(33) Concurrent thread roots 0.076ms
[160.207s][info   ][gc          ] GC(33) Concurrent weak references 0.030ms
[160.208s][info   ][gc          ] GC(33) Concurrent weak roots 1.486ms
[160.209s][info   ][gc          ] GC(33) Concurrent cleanup 1594M->1594M(6144M) 0.048ms
[160.211s][info   ][gc          ] GC(33) Concurrent class unloading 2.625ms
[160.211s][info   ][gc          ] GC(33) Concurrent strong roots 0.112ms
[160.215s][info   ][gc          ] GC(33) Concurrent evacuation 3.392ms
[160.215s][info   ][gc          ] GC(33) Pause Init Update Refs 0.005ms
[160.215s][info   ][gc          ] GC(33) At start of update refs, moving 2048K to Mutator free partition from Collector Reserve
[162.060s][info   ][gc          ] GC(33) Concurrent update references 1845.371ms
[162.060s][info   ][gc          ] GC(33) Concurrent update thread roots 0.129ms
[162.061s][info   ][gc          ] GC(33) Pause Final Update Refs 0.078ms
[162.061s][info   ][gc          ] GC(33) Concurrent cleanup 1596M->1594M(6144M) 0.055ms
[162.061s][info   ][gc,metaspace] Metaspace: 18154K(18368K)->18154K(18368K) NonClass: 12324K(12416K)->12324K(12416K) Class: 5829K(5952K)->5829K(5952K)
[162.062s][info   ][gc          ] Trigger: GC request (System.gc())
[162.065s][info   ][gc          ] GC(34) Concurrent reset 2.564ms
[162.065s][info   ][gc          ] GC(34) Pause Init Mark (unload classes) 0.033ms
[162.065s][info   ][gc          ] GC(34) Concurrent marking roots 0.103ms
[165.220s][info   ][gc          ] GC(34) Concurrent marking (unload classes) 3154.867ms
[165.220s][info   ][gc          ] GC(34) Pause Final Mark (unload classes) 0.156ms
[165.220s][info   ][gc          ] GC(34) Concurrent thread roots 0.074ms
[165.220s][info   ][gc          ] GC(34) Concurrent weak references 0.058ms
[165.222s][info   ][gc          ] GC(34) Concurrent weak roots 1.633ms
[165.222s][info   ][gc          ] GC(34) Concurrent cleanup 1594M->1594M(6144M) 0.044ms
[165.224s][info   ][gc          ] GC(34) Concurrent class unloading 2.463ms
[165.224s][info   ][gc          ] GC(34) Concurrent strong roots 0.109ms
[165.227s][info   ][gc          ] GC(34) Concurrent evacuation 2.712ms
[165.227s][info   ][gc          ] GC(34) Pause Init Update Refs 0.004ms
[165.227s][info   ][gc          ] GC(34) At start of update refs, moving 2048K to Mutator free partition from Collector Reserve
[167.060s][info   ][gc          ] GC(34) Concurrent update references 1833.147ms
[167.061s][info   ][gc          ] GC(34) Concurrent update thread roots 0.115ms
[167.061s][info   ][gc          ] GC(34) Pause Final Update Refs 0.077ms
[167.061s][info   ][gc          ] GC(34) Concurrent cleanup 1596M->1594M(6144M) 0.044ms
[167.061s][info   ][gc,metaspace] Metaspace: 18154K(18368K)->18154K(18368K) NonClass: 12324K(12416K)->12324K(12416K) Class: 5829K(5952K)->5829K(5952K)
[167.063s][info   ][gc          ] Trigger: GC request (System.gc())
[167.065s][info   ][gc          ] GC(35) Concurrent reset 2.710ms
[167.065s][info   ][gc          ] GC(35) Pause Init Mark (unload classes) 0.064ms
[167.066s][info   ][gc          ] GC(35) Concurrent marking roots 0.117ms
[170.250s][info   ][gc          ] GC(35) Concurrent marking (unload classes) 3184.104ms
[170.250s][info   ][gc          ] GC(35) Pause Final Mark (unload classes) 0.183ms
[170.250s][info   ][gc          ] GC(35) Concurrent thread roots 0.066ms
[170.250s][info   ][gc          ] GC(35) Concurrent weak references 0.020ms
[170.251s][info   ][gc          ] GC(35) Concurrent weak roots 1.456ms
[170.252s][info   ][gc          ] GC(35) Concurrent cleanup 1594M->1594M(6144M) 0.043ms
[170.253s][info   ][gc          ] GC(35) Concurrent class unloading 1.897ms
[170.254s][info   ][gc          ] GC(35) Concurrent strong roots 0.082ms
[170.256s][info   ][gc          ] GC(35) Concurrent evacuation 2.473ms
[170.256s][info   ][gc          ] GC(35) Pause Init Update Refs 0.005ms
[170.256s][info   ][gc          ] GC(35) At start of update refs, moving 2048K to Mutator free partition from Collector Reserve
[172.073s][info   ][gc          ] GC(35) Concurrent update references 1816.819ms
[172.073s][info   ][gc          ] GC(35) Concurrent update thread roots 0.138ms
[172.074s][info   ][gc          ] GC(35) Pause Final Update Refs 0.094ms
[172.074s][info   ][gc          ] GC(35) Concurrent cleanup 1596M->1594M(6144M) 0.061ms
[172.074s][info   ][gc,metaspace] Metaspace: 18154K(18368K)->18154K(18368K) NonClass: 12324K(12416K)->12324K(12416K) Class: 5829K(5952K)->5829K(5952K)
[172.075s][info   ][gc          ] Trigger: GC request (System.gc())
[172.078s][info   ][gc          ] GC(36) Concurrent reset 2.805ms
[172.078s][info   ][gc          ] GC(36) Pause Init Mark (unload classes) 0.035ms
[172.078s][info   ][gc          ] GC(36) Concurrent marking roots 0.117ms
[175.229s][info   ][gc          ] GC(36) Concurrent marking (unload classes) 3150.346ms
[175.229s][info   ][gc          ] GC(36) Pause Final Mark (unload classes) 0.158ms
[175.229s][info   ][gc          ] GC(36) Concurrent thread roots 0.070ms
[175.229s][info   ][gc          ] GC(36) Concurrent weak references 0.041ms
[175.230s][info   ][gc          ] GC(36) Concurrent weak roots 1.590ms
[175.231s][info   ][gc          ] GC(36) Concurrent cleanup 1594M->1594M(6144M) 0.043ms
[175.233s][info   ][gc          ] GC(36) Concurrent class unloading 2.499ms
[175.233s][info   ][gc          ] GC(36) Concurrent strong roots 0.085ms
[175.236s][info   ][gc          ] GC(36) Concurrent evacuation 2.476ms
[175.236s][info   ][gc          ] GC(36) Pause Init Update Refs 0.004ms
[175.236s][info   ][gc          ] GC(36) At start of update refs, moving 2048K to Mutator free partition from Collector Reserve
[177.060s][info   ][gc          ] GC(36) Concurrent update references 1824.416ms
[177.060s][info   ][gc          ] GC(36) Concurrent update thread roots 0.128ms
[177.060s][info   ][gc          ] GC(36) Pause Final Update Refs 0.094ms
[177.060s][info   ][gc          ] GC(36) Concurrent cleanup 1596M->1594M(6144M) 0.047ms
[177.061s][info   ][gc,metaspace] Metaspace: 18154K(18368K)->18154K(18368K) NonClass: 12324K(12416K)->12324K(12416K) Class: 5829K(5952K)->5829K(5952K)
[177.062s][info   ][gc          ] Trigger: GC request (System.gc())
[177.064s][info   ][gc          ] GC(37) Concurrent reset 2.588ms
[177.064s][info   ][gc          ] GC(37) Pause Init Mark (unload classes) 0.035ms
[177.064s][info   ][gc          ] GC(37) Concurrent marking roots 0.107ms
[180.276s][info   ][gc          ] GC(37) Concurrent marking (unload classes) 3211.611ms
[180.276s][info   ][gc          ] GC(37) Pause Final Mark (unload classes) 0.159ms
[180.276s][info   ][gc          ] GC(37) Concurrent thread roots 0.091ms
[180.276s][info   ][gc          ] GC(37) Concurrent weak references 0.045ms
[180.278s][info   ][gc          ] GC(37) Concurrent weak roots 1.456ms
[180.278s][info   ][gc          ] GC(37) Concurrent cleanup 1594M->1594M(6144M) 0.044ms
[180.280s][info   ][gc          ] GC(37) Concurrent class unloading 2.217ms
[180.280s][info   ][gc          ] GC(37) Concurrent strong roots 0.113ms
[180.283s][info   ][gc          ] GC(37) Concurrent evacuation 2.499ms
[180.283s][info   ][gc          ] GC(37) Pause Init Update Refs 0.005ms
[180.283s][info   ][gc          ] GC(37) At start of update refs, moving 2048K to Mutator free partition from Collector Reserve
[182.100s][info   ][gc          ] GC(37) Concurrent update references 1817.300ms
[182.100s][info   ][gc          ] GC(37) Concurrent update thread roots 0.127ms
[182.100s][info   ][gc          ] GC(37) Pause Final Update Refs 0.077ms
[182.101s][info   ][gc          ] GC(37) Concurrent cleanup 1597M->1595M(6144M) 0.054ms
[182.101s][info   ][gc,metaspace] Metaspace: 18154K(18368K)->18154K(18368K) NonClass: 12324K(12416K)->12324K(12416K) Class: 5829K(5952K)->5829K(5952K)
[182.102s][info   ][gc          ] Trigger: GC request (System.gc())
[182.104s][info   ][gc          ] GC(38) Concurrent reset 2.583ms
[182.104s][info   ][gc          ] GC(38) Pause Init Mark (unload classes) 0.032ms
[182.104s][info   ][gc          ] GC(38) Concurrent marking roots 0.110ms
[185.301s][info   ][gc          ] GC(38) Concurrent marking (unload classes) 3196.119ms
[185.301s][info   ][gc          ] GC(38) Pause Final Mark (unload classes) 0.166ms
[185.301s][info   ][gc          ] GC(38) Concurrent thread roots 0.086ms
[185.302s][info   ][gc          ] GC(38) Concurrent weak references 0.053ms
[185.303s][info   ][gc          ] GC(38) Concurrent weak roots 1.649ms
[185.303s][info   ][gc          ] GC(38) Concurrent cleanup 1595M->1595M(6144M) 0.047ms
[185.306s][info   ][gc          ] GC(38) Concurrent class unloading 2.593ms
[185.306s][info   ][gc          ] GC(38) Concurrent strong roots 0.099ms
[185.308s][info   ][gc          ] GC(38) Concurrent evacuation 2.478ms
[185.308s][info   ][gc          ] GC(38) Pause Init Update Refs 0.005ms
[185.309s][info   ][gc          ] GC(38) At start of update refs, moving 4096K to Mutator free partition from Collector Reserve
[187.115s][info   ][gc          ] GC(38) Concurrent update references 1806.666ms
[187.115s][info   ][gc          ] GC(38) Concurrent update thread roots 0.128ms
[187.115s][info   ][gc          ] GC(38) Pause Final Update Refs 0.091ms
[187.116s][info   ][gc          ] GC(38) Concurrent cleanup 1597M->1594M(6144M) 0.043ms
[187.116s][info   ][gc,metaspace] Metaspace: 18154K(18368K)->18154K(18368K) NonClass: 12324K(12416K)->12324K(12416K) Class: 5829K(5952K)->5829K(5952K)
[187.117s][info   ][gc          ] Trigger: GC request (System.gc())
[187.119s][info   ][gc          ] GC(39) Concurrent reset 2.601ms
[187.119s][info   ][gc          ] GC(39) Pause Init Mark (unload classes) 0.036ms
[187.119s][info   ][gc          ] GC(39) Concurrent marking roots 0.105ms
[190.273s][info   ][gc          ] GC(39) Concurrent marking (unload classes) 3153.535ms
[190.273s][info   ][gc          ] GC(39) Pause Final Mark (unload classes) 0.191ms
[190.273s][info   ][gc          ] GC(39) Concurrent thread roots 0.090ms
[190.273s][info   ][gc          ] GC(39) Concurrent weak references 0.044ms
[190.275s][info   ][gc          ] GC(39) Concurrent weak roots 1.591ms
[190.275s][info   ][gc          ] GC(39) Concurrent cleanup 1594M->1594M(6144M) 0.043ms
[190.278s][info   ][gc          ] GC(39) Concurrent class unloading 2.767ms
[190.278s][info   ][gc          ] GC(39) Concurrent strong roots 0.074ms
[190.281s][info   ][gc          ] GC(39) Concurrent evacuation 3.161ms
[190.281s][info   ][gc          ] GC(39) Pause Init Update Refs 0.004ms
[190.281s][info   ][gc          ] GC(39) At start of update refs, moving 2048K to Mutator free partition from Collector Reserve
[192.124s][info   ][gc          ] GC(39) Concurrent update references 1842.551ms
[192.124s][info   ][gc          ] GC(39) Concurrent update thread roots 0.118ms
[192.124s][info   ][gc          ] GC(39) Pause Final Update Refs 0.074ms
[192.124s][info   ][gc          ] GC(39) Concurrent cleanup 1596M->1594M(6144M) 0.051ms
[192.124s][info   ][gc,metaspace] Metaspace: 18154K(18368K)->18154K(18368K) NonClass: 12324K(12416K)->12324K(12416K) Class: 5829K(5952K)->5829K(5952K)
[192.125s][info   ][gc          ] Trigger: GC request (System.gc())
[192.128s][info   ][gc          ] GC(40) Concurrent reset 2.581ms
[192.128s][info   ][gc          ] GC(40) Pause Init Mark (unload classes) 0.032ms
[192.128s][info   ][gc          ] GC(40) Concurrent marking roots 0.094ms
[195.324s][info   ][gc          ] GC(40) Concurrent marking (unload classes) 3195.827ms
[195.324s][info   ][gc          ] GC(40) Pause Final Mark (unload classes) 0.162ms
[195.324s][info   ][gc          ] GC(40) Concurrent thread roots 0.081ms
[195.324s][info   ][gc          ] GC(40) Concurrent weak references 0.053ms
[195.326s][info   ][gc          ] GC(40) Concurrent weak roots 1.630ms
[195.326s][info   ][gc          ] GC(40) Concurrent cleanup 1594M->1594M(6144M) 0.042ms
[195.328s][info   ][gc          ] GC(40) Concurrent class unloading 2.475ms
[195.328s][info   ][gc          ] GC(40) Concurrent strong roots 0.106ms
[195.332s][info   ][gc          ] GC(40) Concurrent evacuation 3.358ms
[195.332s][info   ][gc          ] GC(40) Pause Init Update Refs 0.005ms
[195.332s][info   ][gc          ] GC(40) At start of update refs, moving 2048K to Mutator free partition from Collector Reserve
[197.138s][info   ][gc          ] GC(40) Concurrent update references 1806.026ms
[197.138s][info   ][gc          ] GC(40) Concurrent update thread roots 0.125ms
[197.139s][info   ][gc          ] GC(40) Pause Final Update Refs 0.097ms
[197.139s][info   ][gc          ] GC(40) Concurrent cleanup 1596M->1594M(6144M) 0.059ms
[197.139s][info   ][gc,metaspace] Metaspace: 18154K(18368K)->18154K(18368K) NonClass: 12324K(12416K)->12324K(12416K) Class: 5829K(5952K)->5829K(5952K)
[197.140s][info   ][gc          ] Trigger: GC request (System.gc())
[197.143s][info   ][gc          ] GC(41) Concurrent reset 2.757ms
[197.143s][info   ][gc          ] GC(41) Pause Init Mark (unload classes) 0.052ms
[197.143s][info   ][gc          ] GC(41) Concurrent marking roots 0.120ms
[200.330s][info   ][gc          ] GC(41) Concurrent marking (unload classes) 3187.318ms
[200.331s][info   ][gc          ] GC(41) Pause Final Mark (unload classes) 0.166ms
[200.331s][info   ][gc          ] GC(41) Concurrent thread roots 0.059ms
[200.331s][info   ][gc          ] GC(41) Concurrent weak references 0.036ms
[200.332s][info   ][gc          ] GC(41) Concurrent weak roots 1.592ms
[200.332s][info   ][gc          ] GC(41) Concurrent cleanup 1594M->1594M(6144M) 0.042ms
[200.335s][info   ][gc          ] GC(41) Concurrent class unloading 2.447ms
[200.335s][info   ][gc          ] GC(41) Concurrent strong roots 0.098ms
[200.338s][info   ][gc          ] GC(41) Concurrent evacuation 3.355ms
[200.338s][info   ][gc          ] GC(41) Pause Init Update Refs 0.005ms
[200.338s][info   ][gc          ] GC(41) At start of update refs, moving 2048K to Mutator free partition from Collector Reserve
[202.230s][info   ][gc          ] GC(41) Concurrent update references 1891.475ms
[202.230s][info   ][gc          ] GC(41) Concurrent update thread roots 0.132ms
[202.231s][info   ][gc          ] GC(41) Pause Final Update Refs 0.094ms
[202.231s][info   ][gc          ] GC(41) Concurrent cleanup 1596M->1594M(6144M) 0.050ms
[202.231s][info   ][gc,metaspace] Metaspace: 18154K(18368K)->18154K(18368K) NonClass: 12324K(12416K)->12324K(12416K) Class: 5829K(5952K)->5829K(5952K)
[202.232s][info   ][gc          ] Trigger: GC request (System.gc())
[202.235s][info   ][gc          ] GC(42) Concurrent reset 2.797ms
[202.235s][info   ][gc          ] GC(42) Pause Init Mark (unload classes) 0.039ms
[202.235s][info   ][gc          ] GC(42) Concurrent marking roots 0.121ms
[205.439s][info   ][gc          ] GC(42) Concurrent marking (unload classes) 3204.181ms
[205.440s][info   ][gc          ] GC(42) Pause Final Mark (unload classes) 0.165ms
[205.440s][info   ][gc          ] GC(42) Concurrent thread roots 0.075ms
[205.440s][info   ][gc          ] GC(42) Concurrent weak references 0.032ms
[205.441s][info   ][gc          ] GC(42) Concurrent weak roots 1.588ms
[205.441s][info   ][gc          ] GC(42) Concurrent cleanup 1594M->1594M(6144M) 0.042ms
[205.443s][info   ][gc          ] GC(42) Concurrent class unloading 1.931ms
[205.443s][info   ][gc          ] GC(42) Concurrent strong roots 0.084ms
[205.446s][info   ][gc          ] GC(42) Concurrent evacuation 2.489ms
[205.446s][info   ][gc          ] GC(42) Pause Init Update Refs 0.004ms
[205.446s][info   ][gc          ] GC(42) At start of update refs, moving 2048K to Mutator free partition from Collector Reserve
[207.339s][info   ][gc          ] GC(42) Concurrent update references 1893.442ms
[207.340s][info   ][gc          ] GC(42) Concurrent update thread roots 0.125ms
[207.340s][info   ][gc          ] GC(42) Pause Final Update Refs 0.095ms
[207.340s][info   ][gc          ] GC(42) Concurrent cleanup 1596M->1594M(6144M) 0.051ms
[207.340s][info   ][gc,metaspace] Metaspace: 18154K(18368K)->18154K(18368K) NonClass: 12324K(12416K)->12324K(12416K) Class: 5829K(5952K)->5829K(5952K)
[207.342s][info   ][gc          ] Trigger: GC request (System.gc())
[207.344s][info   ][gc          ] GC(43) Concurrent reset 2.777ms
[207.344s][info   ][gc          ] GC(43) Pause Init Mark (unload classes) 0.035ms
[207.345s][info   ][gc          ] GC(43) Concurrent marking roots 0.113ms
[210.447s][info   ][gc          ] GC(43) Concurrent marking (unload classes) 3102.863ms
[210.448s][info   ][gc          ] GC(43) Pause Final Mark (unload classes) 0.169ms
[210.448s][info   ][gc          ] GC(43) Concurrent thread roots 0.086ms
[210.448s][info   ][gc          ] GC(43) Concurrent weak references 0.042ms
[210.449s][info   ][gc          ] GC(43) Concurrent weak roots 1.599ms
[210.449s][info   ][gc          ] GC(43) Concurrent cleanup 1594M->1594M(6144M) 0.043ms
[210.452s][info   ][gc          ] GC(43) Concurrent class unloading 2.451ms
[210.452s][info   ][gc          ] GC(43) Concurrent strong roots 0.062ms
[210.454s][info   ][gc          ] GC(43) Concurrent evacuation 2.400ms
[210.454s][info   ][gc          ] GC(43) Pause Init Update Refs 0.004ms
[210.455s][info   ][gc          ] GC(43) At start of update refs, moving 2048K to Mutator free partition from Collector Reserve
[212.307s][info   ][gc          ] GC(43) Concurrent update references 1852.075ms
[212.307s][info   ][gc          ] GC(43) Concurrent update thread roots 0.129ms
[212.307s][info   ][gc          ] GC(43) Pause Final Update Refs 0.079ms
[212.307s][info   ][gc          ] GC(43) Concurrent cleanup 1596M->1594M(6144M) 0.054ms
[212.307s][info   ][gc,metaspace] Metaspace: 18154K(18368K)->18154K(18368K) NonClass: 12324K(12416K)->12324K(12416K) Class: 5829K(5952K)->5829K(5952K)
[212.308s][info   ][gc          ] Trigger: GC request (System.gc())
[212.311s][info   ][gc          ] GC(44) Concurrent reset 2.570ms
[212.311s][info   ][gc          ] GC(44) Pause Init Mark (unload classes) 0.031ms
[212.311s][info   ][gc          ] GC(44) Concurrent marking roots 0.104ms
[215.408s][info   ][gc          ] GC(44) Concurrent marking (unload classes) 3096.687ms
[215.408s][info   ][gc          ] GC(44) Pause Final Mark (unload classes) 0.184ms
[215.408s][info   ][gc          ] GC(44) Concurrent thread roots 0.072ms
[215.408s][info   ][gc          ] GC(44) Concurrent weak references 0.033ms
[215.409s][info   ][gc          ] GC(44) Concurrent weak roots 1.470ms
[215.409s][info   ][gc          ] GC(44) Concurrent cleanup 1594M->1594M(6144M) 0.055ms
[215.412s][info   ][gc          ] GC(44) Concurrent class unloading 2.557ms
[215.412s][info   ][gc          ] GC(44) Concurrent strong roots 0.121ms
[215.416s][info   ][gc          ] GC(44) Concurrent evacuation 3.369ms
[215.416s][info   ][gc          ] GC(44) Pause Init Update Refs 0.005ms
[215.416s][info   ][gc          ] GC(44) At start of update refs, moving 2048K to Mutator free partition from Collector Reserve
[217.268s][info   ][gc          ] GC(44) Concurrent update references 1852.187ms
[217.268s][info   ][gc          ] GC(44) Concurrent update thread roots 0.116ms
[217.268s][info   ][gc          ] GC(44) Pause Final Update Refs 0.075ms
[217.268s][info   ][gc          ] GC(44) Concurrent cleanup 1596M->1594M(6144M) 0.042ms
[217.268s][info   ][gc,metaspace] Metaspace: 18154K(18368K)->18154K(18368K) NonClass: 12324K(12416K)->12324K(12416K) Class: 5829K(5952K)->5829K(5952K)
[217.269s][info   ][gc          ] Trigger: GC request (System.gc())
[217.272s][info   ][gc          ] GC(45) Concurrent reset 2.550ms
[217.272s][info   ][gc          ] GC(45) Pause Init Mark (unload classes) 0.037ms
[217.272s][info   ][gc          ] GC(45) Concurrent marking roots 0.103ms
[220.378s][info   ][gc          ] GC(45) Concurrent marking (unload classes) 3106.185ms
[220.378s][info   ][gc          ] GC(45) Pause Final Mark (unload classes) 0.194ms
[220.379s][info   ][gc          ] GC(45) Concurrent thread roots 0.078ms
[220.379s][info   ][gc          ] GC(45) Concurrent weak references 0.042ms
[220.380s][info   ][gc          ] GC(45) Concurrent weak roots 1.601ms
[220.380s][info   ][gc          ] GC(45) Concurrent cleanup 1594M->1594M(6144M) 0.043ms
[220.383s][info   ][gc          ] GC(45) Concurrent class unloading 2.490ms
[220.383s][info   ][gc          ] GC(45) Concurrent strong roots 0.079ms
[220.385s][info   ][gc          ] GC(45) Concurrent evacuation 2.396ms
[220.385s][info   ][gc          ] GC(45) Pause Init Update Refs 0.004ms
[220.385s][info   ][gc          ] GC(45) At start of update refs, moving 2048K to Mutator free partition from Collector Reserve
[222.279s][info   ][gc          ] GC(45) Concurrent update references 1893.658ms
[222.279s][info   ][gc          ] GC(45) Concurrent update thread roots 0.135ms
[222.279s][info   ][gc          ] GC(45) Pause Final Update Refs 0.081ms
[222.279s][info   ][gc          ] GC(45) Concurrent cleanup 1596M->1594M(6144M) 0.056ms
[222.279s][info   ][gc,metaspace] Metaspace: 18154K(18368K)->18154K(18368K) NonClass: 12324K(12416K)->12324K(12416K) Class: 5829K(5952K)->5829K(5952K)
[222.280s][info   ][gc          ] Trigger: GC request (System.gc())
[222.283s][info   ][gc          ] GC(46) Concurrent reset 2.546ms
[222.283s][info   ][gc          ] GC(46) Pause Init Mark (unload classes) 0.028ms
[222.283s][info   ][gc          ] GC(46) Concurrent marking roots 0.137ms
[225.528s][info   ][gc          ] GC(46) Concurrent marking (unload classes) 3244.307ms
[225.528s][info   ][gc          ] GC(46) Pause Final Mark (unload classes) 0.170ms
[225.528s][info   ][gc          ] GC(46) Concurrent thread roots 0.076ms
[225.528s][info   ][gc          ] GC(46) Concurrent weak references 0.031ms
[225.530s][info   ][gc          ] GC(46) Concurrent weak roots 1.588ms
[225.530s][info   ][gc          ] GC(46) Concurrent cleanup 1594M->1594M(6144M) 0.048ms
[225.532s][info   ][gc          ] GC(46) Concurrent class unloading 2.420ms
[225.532s][info   ][gc          ] GC(46) Concurrent strong roots 0.120ms
[225.536s][info   ][gc          ] GC(46) Concurrent evacuation 3.353ms
[225.536s][info   ][gc          ] GC(46) Pause Init Update Refs 0.004ms
[225.536s][info   ][gc          ] GC(46) At start of update refs, moving 2048K to Mutator free partition from Collector Reserve
[227.388s][info   ][gc          ] GC(46) Concurrent update references 1852.591ms
[227.388s][info   ][gc          ] GC(46) Concurrent update thread roots 0.131ms
[227.389s][info   ][gc          ] GC(46) Pause Final Update Refs 0.084ms
[227.389s][info   ][gc          ] GC(46) Concurrent cleanup 1596M->1594M(6144M) 0.044ms
[227.389s][info   ][gc,metaspace] Metaspace: 18154K(18368K)->18154K(18368K) NonClass: 12324K(12416K)->12324K(12416K) Class: 5829K(5952K)->5829K(5952K)
[227.390s][info   ][gc          ] Trigger: GC request (System.gc())
[227.393s][info   ][gc          ] GC(47) Concurrent reset 2.739ms
[227.393s][info   ][gc          ] GC(47) Pause Init Mark (unload classes) 0.078ms
[227.393s][info   ][gc          ] GC(47) Concurrent marking roots 0.123ms
[230.674s][info   ][gc          ] GC(47) Concurrent marking (unload classes) 3280.509ms
[230.674s][info   ][gc          ] GC(47) Pause Final Mark (unload classes) 0.153ms
[230.674s][info   ][gc          ] GC(47) Concurrent thread roots 0.076ms
[230.674s][info   ][gc          ] GC(47) Concurrent weak references 0.055ms
[230.676s][info   ][gc          ] GC(47) Concurrent weak roots 1.612ms
[230.676s][info   ][gc          ] GC(47) Concurrent cleanup 1594M->1594M(6144M) 0.044ms
[230.678s][info   ][gc          ] GC(47) Concurrent class unloading 2.101ms
[230.678s][info   ][gc          ] GC(47) Concurrent strong roots 0.120ms
[230.681s][info   ][gc          ] GC(47) Concurrent evacuation 2.723ms
[230.681s][info   ][gc          ] GC(47) Pause Init Update Refs 0.005ms
[230.681s][info   ][gc          ] GC(47) At start of update refs, moving 2048K to Mutator free partition from Collector Reserve
[232.533s][info   ][gc          ] GC(47) Concurrent update references 1852.104ms
[232.533s][info   ][gc          ] GC(47) Concurrent update thread roots 0.128ms
[232.534s][info   ][gc          ] GC(47) Pause Final Update Refs 0.086ms
[232.534s][info   ][gc          ] GC(47) Concurrent cleanup 1596M->1594M(6144M) 0.044ms
[232.534s][info   ][gc,metaspace] Metaspace: 18154K(18368K)->18154K(18368K) NonClass: 12324K(12416K)->12324K(12416K) Class: 5829K(5952K)->5829K(5952K)
[232.535s][info   ][gc          ] Trigger: GC request (System.gc())
[232.538s][info   ][gc          ] GC(48) Concurrent reset 2.567ms
[232.538s][info   ][gc          ] GC(48) Pause Init Mark (unload classes) 0.036ms
[232.538s][info   ][gc          ] GC(48) Concurrent marking roots 0.094ms
[235.725s][info   ][gc          ] GC(48) Concurrent marking (unload classes) 3187.367ms
[235.725s][info   ][gc          ] GC(48) Pause Final Mark (unload classes) 0.172ms
[235.726s][info   ][gc          ] GC(48) Concurrent thread roots 0.075ms
[235.726s][info   ][gc          ] GC(48) Concurrent weak references 0.043ms
[235.727s][info   ][gc          ] GC(48) Concurrent weak roots 1.597ms
[235.727s][info   ][gc          ] GC(48) Concurrent cleanup 1594M->1594M(6144M) 0.043ms
[235.730s][info   ][gc          ] GC(48) Concurrent class unloading 2.464ms
[235.730s][info   ][gc          ] GC(48) Concurrent strong roots 0.079ms
[235.733s][info   ][gc          ] GC(48) Concurrent evacuation 3.174ms
[235.733s][info   ][gc          ] GC(48) Pause Init Update Refs 0.004ms
[235.733s][info   ][gc          ] GC(48) At start of update refs, moving 2048K to Mutator free partition from Collector Reserve
[237.594s][info   ][gc          ] GC(48) Concurrent update references 1860.716ms
[237.594s][info   ][gc          ] GC(48) Concurrent update thread roots 0.115ms
[237.595s][info   ][gc          ] GC(48) Pause Final Update Refs 0.094ms
[237.595s][info   ][gc          ] GC(48) Concurrent cleanup 1596M->1594M(6144M) 0.048ms
[237.595s][info   ][gc,metaspace] Metaspace: 18154K(18368K)->18154K(18368K) NonClass: 12324K(12416K)->12324K(12416K) Class: 5829K(5952K)->5829K(5952K)
[237.596s][info   ][gc          ] Trigger: GC request (System.gc())
[237.599s][info   ][gc          ] GC(49) Concurrent reset 2.571ms
[237.599s][info   ][gc          ] GC(49) Pause Init Mark (unload classes) 0.033ms
[237.599s][info   ][gc          ] GC(49) Concurrent marking roots 0.095ms
[240.744s][info   ][gc          ] GC(49) Concurrent marking (unload classes) 3145.546ms
[240.745s][info   ][gc          ] GC(49) Pause Final Mark (unload classes) 0.179ms
[240.745s][info   ][gc          ] GC(49) Concurrent thread roots 0.079ms
[240.745s][info   ][gc          ] GC(49) Concurrent weak references 0.021ms
[240.746s][info   ][gc          ] GC(49) Concurrent weak roots 1.579ms
[240.746s][info   ][gc          ] GC(49) Concurrent cleanup 1594M->1594M(6144M) 0.043ms
[240.748s][info   ][gc          ] GC(49) Concurrent class unloading 1.896ms
[240.748s][info   ][gc          ] GC(49) Concurrent strong roots 0.085ms
[240.751s][info   ][gc          ] GC(49) Concurrent evacuation 2.494ms
[240.751s][info   ][gc          ] GC(49) Pause Init Update Refs 0.004ms
[240.751s][info   ][gc          ] GC(49) At start of update refs, moving 2048K to Mutator free partition from Collector Reserve
[242.602s][info   ][gc          ] GC(49) Concurrent update references 1851.350ms
[242.602s][info   ][gc          ] GC(49) Concurrent update thread roots 0.129ms
[242.603s][info   ][gc          ] GC(49) Pause Final Update Refs 0.095ms
[242.603s][info   ][gc          ] GC(49) Concurrent cleanup 1597M->1595M(6144M) 0.051ms
[242.603s][info   ][gc,metaspace] Metaspace: 18154K(18368K)->18154K(18368K) NonClass: 12324K(12416K)->12324K(12416K) Class: 5829K(5952K)->5829K(5952K)
[242.604s][info   ][gc          ] Trigger: GC request (System.gc())
[242.607s][info   ][gc          ] GC(50) Concurrent reset 2.798ms
[242.607s][info   ][gc          ] GC(50) Pause Init Mark (unload classes) 0.039ms
[242.608s][info   ][gc          ] GC(50) Concurrent marking roots 0.117ms
[245.712s][info   ][gc          ] GC(50) Concurrent marking (unload classes) 3103.987ms
[245.712s][info   ][gc          ] GC(50) Pause Final Mark (unload classes) 0.162ms
[245.712s][info   ][gc          ] GC(50) Concurrent thread roots 0.077ms
[245.712s][info   ][gc          ] GC(50) Concurrent weak references 0.032ms
[245.713s][info   ][gc          ] GC(50) Concurrent weak roots 1.576ms
[245.714s][info   ][gc          ] GC(50) Concurrent cleanup 1595M->1595M(6144M) 0.043ms
[245.716s][info   ][gc          ] GC(50) Concurrent class unloading 2.458ms
[245.716s][info   ][gc          ] GC(50) Concurrent strong roots 0.088ms
[245.719s][info   ][gc          ] GC(50) Concurrent evacuation 2.490ms
[245.719s][info   ][gc          ] GC(50) Pause Init Update Refs 0.004ms
[245.719s][info   ][gc          ] GC(50) At start of update refs, moving 4096K to Mutator free partition from Collector Reserve
[247.570s][info   ][gc          ] GC(50) Concurrent update references 1851.510ms
[247.570s][info   ][gc          ] GC(50) Concurrent update thread roots 0.127ms
[247.570s][info   ][gc          ] GC(50) Pause Final Update Refs 0.084ms
[247.571s][info   ][gc          ] GC(50) Concurrent cleanup 1597M->1594M(6144M) 0.045ms
[247.571s][info   ][gc,metaspace] Metaspace: 18154K(18368K)->18154K(18368K) NonClass: 12324K(12416K)->12324K(12416K) Class: 5829K(5952K)->5829K(5952K)
[247.572s][info   ][gc          ] Trigger: GC request (System.gc())
[247.574s][info   ][gc          ] GC(51) Concurrent reset 2.721ms
[247.574s][info   ][gc          ] GC(51) Pause Init Mark (unload classes) 0.054ms
[247.575s][info   ][gc          ] GC(51) Concurrent marking roots 0.113ms
[250.674s][info   ][gc          ] GC(51) Concurrent marking (unload classes) 3099.148ms
[250.674s][info   ][gc          ] GC(51) Pause Final Mark (unload classes) 0.172ms
[250.674s][info   ][gc          ] GC(51) Concurrent thread roots 0.089ms
[250.674s][info   ][gc          ] GC(51) Concurrent weak references 0.055ms
[250.676s][info   ][gc          ] GC(51) Concurrent weak roots 1.564ms
[250.676s][info   ][gc          ] GC(51) Concurrent cleanup 1594M->1594M(6144M) 0.043ms
[250.678s][info   ][gc          ] GC(51) Concurrent class unloading 2.583ms
[250.679s][info   ][gc          ] GC(51) Concurrent strong roots 0.111ms
[250.682s][info   ][gc          ] GC(51) Concurrent evacuation 3.389ms
[250.682s][info   ][gc          ] GC(51) Pause Init Update Refs 0.004ms
[250.682s][info   ][gc          ] GC(51) At start of update refs, moving 2048K to Mutator free partition from Collector Reserve
[252.574s][info   ][gc          ] GC(51) Concurrent update references 1891.965ms
[252.574s][info   ][gc          ] GC(51) Concurrent update thread roots 0.120ms
[252.574s][info   ][gc          ] GC(51) Pause Final Update Refs 0.078ms
[252.574s][info   ][gc          ] GC(51) Concurrent cleanup 1596M->1594M(6144M) 0.043ms
[252.574s][info   ][gc,metaspace] Metaspace: 18154K(18368K)->18154K(18368K) NonClass: 12324K(12416K)->12324K(12416K) Class: 5829K(5952K)->5829K(5952K)
[252.575s][info   ][gc          ] Trigger: GC request (System.gc())
[252.578s][info   ][gc          ] GC(52) Concurrent reset 2.733ms
[252.578s][info   ][gc          ] GC(52) Pause Init Mark (unload classes) 0.059ms
[252.578s][info   ][gc          ] GC(52) Concurrent marking roots 0.135ms
[255.717s][info   ][gc          ] GC(52) Concurrent marking (unload classes) 3138.404ms
[255.717s][info   ][gc          ] GC(52) Pause Final Mark (unload classes) 0.168ms
[255.718s][info   ][gc          ] GC(52) Concurrent thread roots 0.082ms
[255.718s][info   ][gc          ] GC(52) Concurrent weak references 0.052ms
[255.720s][info   ][gc          ] GC(52) Concurrent weak roots 1.632ms
[255.720s][info   ][gc          ] GC(52) Concurrent cleanup 1594M->1594M(6144M) 0.060ms
[255.722s][info   ][gc          ] GC(52) Concurrent class unloading 2.071ms
[255.722s][info   ][gc          ] GC(52) Concurrent strong roots 0.107ms
[255.724s][info   ][gc          ] GC(52) Concurrent evacuation 2.488ms
[255.724s][info   ][gc          ] GC(52) Pause Init Update Refs 0.005ms
[255.724s][info   ][gc          ] GC(52) At start of update refs, moving 2048K to Mutator free partition from Collector Reserve
[257.616s][info   ][gc          ] GC(52) Concurrent update references 1892.090ms
[257.617s][info   ][gc          ] GC(52) Concurrent update thread roots 0.114ms
[257.617s][info   ][gc          ] GC(52) Pause Final Update Refs 0.075ms
[257.617s][info   ][gc          ] GC(52) Concurrent cleanup 1596M->1594M(6144M) 0.053ms
[257.617s][info   ][gc,metaspace] Metaspace: 18154K(18368K)->18154K(18368K) NonClass: 12324K(12416K)->12324K(12416K) Class: 5829K(5952K)->5829K(5952K)
[257.618s][info   ][gc          ] Trigger: GC request (System.gc())
[257.621s][info   ][gc          ] GC(53) Concurrent reset 2.746ms
[257.621s][info   ][gc          ] GC(53) Pause Init Mark (unload classes) 0.054ms
[257.621s][info   ][gc          ] GC(53) Concurrent marking roots 0.125ms
[260.788s][info   ][gc          ] GC(53) Concurrent marking (unload classes) 3166.815ms
[260.788s][info   ][gc          ] GC(53) Pause Final Mark (unload classes) 0.168ms
[260.789s][info   ][gc          ] GC(53) Concurrent thread roots 0.086ms
[260.789s][info   ][gc          ] GC(53) Concurrent weak references 0.034ms
[260.790s][info   ][gc          ] GC(53) Concurrent weak roots 1.605ms
[260.790s][info   ][gc          ] GC(53) Concurrent cleanup 1594M->1594M(6144M) 0.044ms
[260.793s][info   ][gc          ] GC(53) Concurrent class unloading 2.480ms
[260.793s][info   ][gc          ] GC(53) Concurrent strong roots 0.075ms
[260.796s][info   ][gc          ] GC(53) Concurrent evacuation 3.198ms
[260.796s][info   ][gc          ] GC(53) Pause Init Update Refs 0.005ms
[260.796s][info   ][gc          ] GC(53) At start of update refs, moving 2048K to Mutator free partition from Collector Reserve
[262.645s][info   ][gc          ] GC(53) Concurrent update references 1848.831ms
[262.645s][info   ][gc          ] GC(53) Concurrent update thread roots 0.130ms
[262.645s][info   ][gc          ] GC(53) Pause Final Update Refs 0.081ms
[262.645s][info   ][gc          ] GC(53) Concurrent cleanup 1596M->1594M(6144M) 0.043ms
[262.645s][info   ][gc,metaspace] Metaspace: 18154K(18368K)->18154K(18368K) NonClass: 12324K(12416K)->12324K(12416K) Class: 5829K(5952K)->5829K(5952K)
[262.646s][info   ][gc          ] Trigger: GC request (System.gc())
[262.649s][info   ][gc          ] GC(54) Concurrent reset 2.565ms
[262.649s][info   ][gc          ] GC(54) Pause Init Mark (unload classes) 0.036ms
[262.649s][info   ][gc          ] GC(54) Concurrent marking roots 0.114ms
[265.761s][info   ][gc          ] GC(54) Concurrent marking (unload classes) 3111.810ms
[265.761s][info   ][gc          ] GC(54) Pause Final Mark (unload classes) 0.163ms
[265.761s][info   ][gc          ] GC(54) Concurrent thread roots 0.087ms
[265.762s][info   ][gc          ] GC(54) Concurrent weak references 0.044ms
[265.763s][info   ][gc          ] GC(54) Concurrent weak roots 1.430ms
[265.763s][info   ][gc          ] GC(54) Concurrent cleanup 1594M->1594M(6144M) 0.049ms
[265.765s][info   ][gc          ] GC(54) Concurrent class unloading 2.188ms
[265.765s][info   ][gc          ] GC(54) Concurrent strong roots 0.108ms
[265.768s][info   ][gc          ] GC(54) Concurrent evacuation 2.476ms
[265.768s][info   ][gc          ] GC(54) Pause Init Update Refs 0.005ms
[265.768s][info   ][gc          ] GC(54) At start of update refs, moving 2048K to Mutator free partition from Collector Reserve
[267.673s][info   ][gc          ] GC(54) Concurrent update references 1905.428ms
[267.673s][info   ][gc          ] GC(54) Concurrent update thread roots 0.125ms
[267.674s][info   ][gc          ] GC(54) Pause Final Update Refs 0.085ms
[267.674s][info   ][gc          ] GC(54) Concurrent cleanup 1596M->1594M(6144M) 0.054ms
[267.674s][info   ][gc,metaspace] Metaspace: 18154K(18368K)->18154K(18368K) NonClass: 12324K(12416K)->12324K(12416K) Class: 5829K(5952K)->5829K(5952K)
[267.675s][info   ][gc          ] Trigger: GC request (System.gc())
[267.677s][info   ][gc          ] GC(55) Concurrent reset 2.573ms
[267.677s][info   ][gc          ] GC(55) Pause Init Mark (unload classes) 0.031ms
[267.678s][info   ][gc          ] GC(55) Concurrent marking roots 0.104ms
[270.784s][info   ][gc          ] GC(55) Concurrent marking (unload classes) 3106.122ms
[270.784s][info   ][gc          ] GC(55) Pause Final Mark (unload classes) 0.165ms
[270.784s][info   ][gc          ] GC(55) Concurrent thread roots 0.056ms
[270.784s][info   ][gc          ] GC(55) Concurrent weak references 0.068ms
[270.786s][info   ][gc          ] GC(55) Concurrent weak roots 1.601ms
[270.786s][info   ][gc          ] GC(55) Concurrent cleanup 1594M->1594M(6144M) 0.047ms
[270.788s][info   ][gc          ] GC(55) Concurrent class unloading 2.578ms
[270.789s][info   ][gc          ] GC(55) Concurrent strong roots 0.107ms
[270.792s][info   ][gc          ] GC(55) Concurrent evacuation 3.355ms
[270.792s][info   ][gc          ] GC(55) Pause Init Update Refs 0.005ms
[270.792s][info   ][gc          ] GC(55) At start of update refs, moving 2048K to Mutator free partition from Collector Reserve
[272.644s][info   ][gc          ] GC(55) Concurrent update references 1852.100ms
[272.644s][info   ][gc          ] GC(55) Concurrent update thread roots 0.126ms
[272.644s][info   ][gc          ] GC(55) Pause Final Update Refs 0.094ms
[272.644s][info   ][gc          ] GC(55) Concurrent cleanup 1596M->1594M(6144M) 0.043ms
[272.644s][info   ][gc,metaspace] Metaspace: 18154K(18368K)->18154K(18368K) NonClass: 12324K(12416K)->12324K(12416K) Class: 5829K(5952K)->5829K(5952K)
[272.646s][info   ][gc          ] Trigger: GC request (System.gc())
[272.648s][info   ][gc          ] GC(56) Concurrent reset 2.582ms
[272.648s][info   ][gc          ] GC(56) Pause Init Mark (unload classes) 0.035ms
[272.648s][info   ][gc          ] GC(56) Concurrent marking roots 0.113ms
[275.748s][info   ][gc          ] GC(56) Concurrent marking (unload classes) 3099.170ms
[275.748s][info   ][gc          ] GC(56) Pause Final Mark (unload classes) 0.159ms
[275.748s][info   ][gc          ] GC(56) Concurrent thread roots 0.081ms
[275.748s][info   ][gc          ] GC(56) Concurrent weak references 0.042ms
[275.749s][info   ][gc          ] GC(56) Concurrent weak roots 1.591ms
[275.750s][info   ][gc          ] GC(56) Concurrent cleanup 1594M->1594M(6144M) 0.043ms
[275.752s][info   ][gc          ] GC(56) Concurrent class unloading 2.458ms
[275.752s][info   ][gc          ] GC(56) Concurrent strong roots 0.086ms
[275.755s][info   ][gc          ] GC(56) Concurrent evacuation 2.472ms
[275.755s][info   ][gc          ] GC(56) Pause Init Update Refs 0.004ms
[275.755s][info   ][gc          ] GC(56) At start of update refs, moving 2048K to Mutator free partition from Collector Reserve
[277.607s][info   ][gc          ] GC(56) Concurrent update references 1851.951ms
[277.607s][info   ][gc          ] GC(56) Concurrent update thread roots 0.132ms
[277.607s][info   ][gc          ] GC(56) Pause Final Update Refs 0.078ms
[277.607s][info   ][gc          ] GC(56) Concurrent cleanup 1596M->1594M(6144M) 0.055ms
[277.607s][info   ][gc,metaspace] Metaspace: 18154K(18368K)->18154K(18368K) NonClass: 12324K(12416K)->12324K(12416K) Class: 5829K(5952K)->5829K(5952K)
[277.608s][info   ][gc          ] Trigger: GC request (System.gc())
[277.611s][info   ][gc          ] GC(57) Concurrent reset 2.812ms
[277.611s][info   ][gc          ] GC(57) Pause Init Mark (unload classes) 0.034ms
[277.611s][info   ][gc          ] GC(57) Concurrent marking roots 0.119ms
[280.825s][info   ][gc          ] GC(57) Concurrent marking (unload classes) 3213.590ms
[280.825s][info   ][gc          ] GC(57) Pause Final Mark (unload classes) 0.168ms
[280.826s][info   ][gc          ] GC(57) Concurrent thread roots 0.075ms
[280.826s][info   ][gc          ] GC(57) Concurrent weak references 0.043ms
[280.827s][info   ][gc          ] GC(57) Concurrent weak roots 1.639ms
[280.827s][info   ][gc          ] GC(57) Concurrent cleanup 1594M->1594M(6144M) 0.047ms
[280.830s][info   ][gc          ] GC(57) Concurrent class unloading 2.455ms
[280.830s][info   ][gc          ] GC(57) Concurrent strong roots 0.098ms
[280.833s][info   ][gc          ] GC(57) Concurrent evacuation 3.466ms
[280.834s][info   ][gc          ] GC(57) Pause Init Update Refs 0.004ms
[280.834s][info   ][gc          ] GC(57) At start of update refs, moving 2048K to Mutator free partition from Collector Reserve
[282.686s][info   ][gc          ] GC(57) Concurrent update references 1852.350ms
[282.686s][info   ][gc          ] GC(57) Concurrent update thread roots 0.105ms
[282.686s][info   ][gc          ] GC(57) Pause Final Update Refs 0.104ms
[282.686s][info   ][gc          ] GC(57) Concurrent cleanup 1596M->1594M(6144M) 0.046ms
[282.686s][info   ][gc,metaspace] Metaspace: 18154K(18368K)->18154K(18368K) NonClass: 12324K(12416K)->12324K(12416K) Class: 5829K(5952K)->5829K(5952K)
[282.687s][info   ][gc          ] Trigger: GC request (System.gc())
[282.690s][info   ][gc          ] GC(58) Concurrent reset 2.739ms
[282.690s][info   ][gc          ] GC(58) Pause Init Mark (unload classes) 0.039ms
[282.690s][info   ][gc          ] GC(58) Concurrent marking roots 0.122ms
[285.796s][info   ][gc          ] GC(58) Concurrent marking (unload classes) 3105.155ms
[285.796s][info   ][gc          ] GC(58) Pause Final Mark (unload classes) 0.160ms
[285.796s][info   ][gc          ] GC(58) Concurrent thread roots 0.074ms
[285.796s][info   ][gc          ] GC(58) Concurrent weak references 0.032ms
[285.797s][info   ][gc          ] GC(58) Concurrent weak roots 1.571ms
[285.798s][info   ][gc          ] GC(58) Concurrent cleanup 1594M->1594M(6144M) 0.047ms
[285.800s][info   ][gc          ] GC(58) Concurrent class unloading 2.540ms
[285.800s][info   ][gc          ] GC(58) Concurrent strong roots 0.085ms
[285.803s][info   ][gc          ] GC(58) Concurrent evacuation 2.792ms
[285.803s][info   ][gc          ] GC(58) Pause Init Update Refs 0.004ms
[285.803s][info   ][gc          ] GC(58) At start of update refs, moving 2048K to Mutator free partition from Collector Reserve
[287.655s][info   ][gc          ] GC(58) Concurrent update references 1851.546ms
[287.655s][info   ][gc          ] GC(58) Concurrent update thread roots 0.132ms
[287.655s][info   ][gc          ] GC(58) Pause Final Update Refs 0.076ms
[287.655s][info   ][gc          ] GC(58) Concurrent cleanup 1596M->1594M(6144M) 0.067ms
[287.655s][info   ][gc,metaspace] Metaspace: 18154K(18368K)->18154K(18368K) NonClass: 12324K(12416K)->12324K(12416K) Class: 5829K(5952K)->5829K(5952K)
[287.656s][info   ][gc          ] Trigger: GC request (System.gc())
[287.659s][info   ][gc          ] GC(59) Concurrent reset 2.581ms
[287.659s][info   ][gc          ] GC(59) Pause Init Mark (unload classes) 0.031ms
[287.659s][info   ][gc          ] GC(59) Concurrent marking roots 0.103ms
[290.756s][info   ][gc          ] GC(59) Concurrent marking (unload classes) 3096.725ms
[290.756s][info   ][gc          ] GC(59) Pause Final Mark (unload classes) 0.175ms
[290.756s][info   ][gc          ] GC(59) Concurrent thread roots 0.078ms
[290.756s][info   ][gc          ] GC(59) Concurrent weak references 0.030ms
[290.758s][info   ][gc          ] GC(59) Concurrent weak roots 1.568ms
[290.758s][info   ][gc          ] GC(59) Concurrent cleanup 1594M->1594M(6144M) 0.046ms
[290.760s][info   ][gc          ] GC(59) Concurrent class unloading 2.116ms
[290.760s][info   ][gc          ] GC(59) Concurrent strong roots 0.100ms
[290.763s][info   ][gc          ] GC(59) Concurrent evacuation 2.757ms
[290.763s][info   ][gc          ] GC(59) Pause Init Update Refs 0.005ms
[290.763s][info   ][gc          ] GC(59) At start of update refs, moving 2048K to Mutator free partition from Collector Reserve
[292.655s][info   ][gc          ] GC(59) Concurrent update references 1892.210ms
[292.655s][info   ][gc          ] GC(59) Concurrent update thread roots 0.110ms
[292.656s][info   ][gc          ] GC(59) Pause Final Update Refs 0.102ms
[292.656s][info   ][gc          ] GC(59) Concurrent cleanup 1596M->1594M(6144M) 0.054ms
[292.656s][info   ][gc,metaspace] Metaspace: 18154K(18368K)->18154K(18368K) NonClass: 12324K(12416K)->12324K(12416K) Class: 5829K(5952K)->5829K(5952K)
[292.657s][info   ][gc          ] Trigger: GC request (System.gc())
[292.660s][info   ][gc          ] GC(60) Concurrent reset 2.747ms
[292.660s][info   ][gc          ] GC(60) Pause Init Mark (unload classes) 0.035ms
[292.660s][info   ][gc          ] GC(60) Concurrent marking roots 0.103ms
[295.757s][info   ][gc          ] GC(60) Concurrent marking (unload classes) 3097.272ms
[295.757s][info   ][gc          ] GC(60) Pause Final Mark (unload classes) 0.163ms
[295.758s][info   ][gc          ] GC(60) Concurrent thread roots 0.076ms
[295.758s][info   ][gc          ] GC(60) Concurrent weak references 0.040ms
[295.759s][info   ][gc          ] GC(60) Concurrent weak roots 1.565ms
[295.759s][info   ][gc          ] GC(60) Concurrent cleanup 1594M->1594M(6144M) 0.046ms
[295.761s][info   ][gc          ] GC(60) Concurrent class unloading 2.021ms
[295.761s][info   ][gc          ] GC(60) Concurrent strong roots 0.081ms
[295.764s][info   ][gc          ] GC(60) Concurrent evacuation 2.490ms
[295.764s][info   ][gc          ] GC(60) Pause Init Update Refs 0.004ms
[295.764s][info   ][gc          ] GC(60) At start of update refs, moving 2048K to Mutator free partition from Collector Reserve
[297.617s][info   ][gc          ] GC(60) Concurrent update references 1853.467ms
[297.618s][info   ][gc          ] GC(60) Concurrent update thread roots 0.120ms
[297.618s][info   ][gc          ] GC(60) Pause Final Update Refs 0.079ms
[297.618s][info   ][gc          ] GC(60) Concurrent cleanup 1596M->1594M(6144M) 0.062ms
[297.618s][info   ][gc,metaspace] Metaspace: 18154K(18368K)->18154K(18368K) NonClass: 12324K(12416K)->12324K(12416K) Class: 5829K(5952K)->5829K(5952K)
[297.619s][info   ][gc          ] Trigger: GC request (System.gc())
[297.621s][info   ][gc          ] GC(61) Concurrent reset 2.564ms
[297.621s][info   ][gc          ] GC(61) Pause Init Mark (unload classes) 0.032ms
[297.622s][info   ][gc          ] GC(61) Concurrent marking roots 0.104ms
[300.718s][info   ][gc          ] GC(61) Concurrent marking (unload classes) 3096.472ms
[300.718s][info   ][gc          ] GC(61) Pause Final Mark (unload classes) 0.171ms
[300.718s][info   ][gc          ] GC(61) Concurrent thread roots 0.075ms
[300.719s][info   ][gc          ] GC(61) Concurrent weak references 0.047ms
[300.720s][info   ][gc          ] GC(61) Concurrent weak roots 1.573ms
[300.720s][info   ][gc          ] GC(61) Concurrent cleanup 1594M->1594M(6144M) 0.045ms
[300.722s][info   ][gc          ] GC(61) Concurrent class unloading 2.144ms
[300.722s][info   ][gc          ] GC(61) Concurrent strong roots 0.111ms
[300.725s][info   ][gc          ] GC(61) Concurrent evacuation 2.715ms
[300.725s][info   ][gc          ] GC(61) Pause Init Update Refs 0.004ms
[300.725s][info   ][gc          ] GC(61) At start of update refs, moving 2048K to Mutator free partition from Collector Reserve
[302.618s][info   ][gc          ] GC(61) Concurrent update references 1892.359ms
[302.618s][info   ][gc          ] GC(61) Concurrent update thread roots 0.110ms
[302.618s][info   ][gc          ] GC(61) Pause Final Update Refs 0.076ms
[302.618s][info   ][gc          ] GC(61) Concurrent cleanup 1597M->1595M(6144M) 0.051ms
[302.618s][info   ][gc,metaspace] Metaspace: 18154K(18368K)->18154K(18368K) NonClass: 12324K(12416K)->12324K(12416K) Class: 5829K(5952K)->5829K(5952K)
[302.619s][info   ][gc          ] Trigger: GC request (System.gc())
[302.622s][info   ][gc          ] GC(62) Concurrent reset 2.789ms
[302.622s][info   ][gc          ] GC(62) Pause Init Mark (unload classes) 0.057ms
[302.622s][info   ][gc          ] GC(62) Concurrent marking roots 0.107ms
[305.838s][info   ][gc          ] GC(62) Concurrent marking (unload classes) 3216.367ms
[305.839s][info   ][gc          ] GC(62) Pause Final Mark (unload classes) 0.167ms
[305.839s][info   ][gc          ] GC(62) Concurrent thread roots 0.081ms
[305.839s][info   ][gc          ] GC(62) Concurrent weak references 0.031ms
[305.840s][info   ][gc          ] GC(62) Concurrent weak roots 1.577ms
[305.840s][info   ][gc          ] GC(62) Concurrent cleanup 1595M->1595M(6144M) 0.044ms
[305.842s][info   ][gc          ] GC(62) Concurrent class unloading 1.902ms
[305.842s][info   ][gc          ] GC(62) Concurrent strong roots 0.083ms
[305.845s][info   ][gc          ] GC(62) Concurrent evacuation 2.492ms
[305.845s][info   ][gc          ] GC(62) Pause Init Update Refs 0.005ms
[305.845s][info   ][gc          ] GC(62) At start of update refs, moving 4096K to Mutator free partition from Collector Reserve
[307.697s][info   ][gc          ] GC(62) Concurrent update references 1851.720ms
[307.697s][info   ][gc          ] GC(62) Concurrent update thread roots 0.126ms
[307.697s][info   ][gc          ] GC(62) Pause Final Update Refs 0.078ms
[307.697s][info   ][gc          ] GC(62) Concurrent cleanup 1597M->1594M(6144M) 0.048ms
[307.697s][info   ][gc,metaspace] Metaspace: 18154K(18368K)->18154K(18368K) NonClass: 12324K(12416K)->12324K(12416K) Class: 5829K(5952K)->5829K(5952K)
After GCs... 
[307.698s][info   ][gc          ] Trigger: Learning 2 of 5. Free (4238M) is below initial threshold (4300M)
[307.702s][info   ][gc          ] GC(63) Concurrent reset 3.611ms
[307.703s][info   ][gc          ] GC(63) Pause Init Mark (unload classes) 0.053ms
[307.703s][info   ][gc          ] GC(63) Concurrent marking roots 0.151ms
[307.715s][info   ][gc          ] Cancelling GC: Stopping VM
[307.716s][info   ][gc          ] GC(63) Concurrent marking (unload classes) 12.761ms
[307.716s][info   ][gc,metaspace] Metaspace: 18154K(18368K)->18485K(18816K) NonClass: 12324K(12416K)->12584K(12736K) Class: 5829K(5952K)->5900K(6080K)
