Done; will start GCs... 
[26.936s][info   ][gc,metaspace] GC(28) Metaspace: 30743K(34432K)->30743K(34432K) NonClass: 25337K(26944K)->25337K(26944K) Class: 5405K(7488K)->5405K(7488K)
[26.936s][info   ][gc          ] GC(28) Pause Full (System.gc()) 1814M->1812M(6144M) 716.057ms
[27.649s][info   ][gc,metaspace] GC(29) Metaspace: 30743K(34432K)->30743K(34432K) NonClass: 25337K(26944K)->25337K(26944K) Class: 5405K(7488K)->5405K(7488K)
[27.649s][info   ][gc          ] GC(29) Pause Full (System.gc()) 1812M->1812M(6144M) 712.541ms
[28.451s][info   ][gc,metaspace] GC(30) Metaspace: 30743K(34432K)->30743K(34432K) NonClass: 25337K(26944K)->25337K(26944K) Class: 5405K(7488K)->5405K(7488K)
[28.452s][info   ][gc          ] GC(30) Pause Full (System.gc()) 1812M->1812M(6144M) 802.843ms
[29.165s][info   ][gc,metaspace] GC(31) Metaspace: 30743K(34432K)->30743K(34432K) NonClass: 25337K(26944K)->25337K(26944K) Class: 5405K(7488K)->5405K(7488K)
[29.165s][info   ][gc          ] GC(31) Pause Full (System.gc()) 1812M->1812M(6144M) 712.973ms
[29.879s][info   ][gc,metaspace] GC(32) Metaspace: 30743K(34432K)->30743K(34432K) NonClass: 25337K(26944K)->25337K(26944K) Class: 5405K(7488K)->5405K(7488K)
[29.879s][info   ][gc          ] GC(32) Pause Full (System.gc()) 1812M->1812M(6144M) 714.076ms
[30.584s][info   ][gc,metaspace] GC(33) Metaspace: 30743K(34432K)->30743K(34432K) NonClass: 25337K(26944K)->25337K(26944K) Class: 5405K(7488K)->5405K(7488K)
[30.584s][info   ][gc          ] GC(33) Pause Full (System.gc()) 1812M->1812M(6144M) 705.469ms
[31.360s][info   ][gc,metaspace] GC(34) Metaspace: 30743K(34432K)->30743K(34432K) NonClass: 25337K(26944K)->25337K(26944K) Class: 5405K(7488K)->5405K(7488K)
[31.360s][info   ][gc          ] GC(34) Pause Full (System.gc()) 1812M->1812M(6144M) 775.777ms
[32.087s][info   ][gc,metaspace] GC(35) Metaspace: 30743K(34432K)->30743K(34432K) NonClass: 25337K(26944K)->25337K(26944K) Class: 5405K(7488K)->5405K(7488K)
[32.087s][info   ][gc          ] GC(35) Pause Full (System.gc()) 1812M->1812M(6144M) 726.498ms
[32.811s][info   ][gc,metaspace] GC(36) Metaspace: 30743K(34432K)->30743K(34432K) NonClass: 25337K(26944K)->25337K(26944K) Class: 5405K(7488K)->5405K(7488K)
[32.811s][info   ][gc          ] GC(36) Pause Full (System.gc()) 1812M->1812M(6144M) 724.144ms
[33.527s][info   ][gc,metaspace] GC(37) Metaspace: 30743K(34432K)->30743K(34432K) NonClass: 25337K(26944K)->25337K(26944K) Class: 5405K(7488K)->5405K(7488K)
[33.527s][info   ][gc          ] GC(37) Pause Full (System.gc()) 1812M->1812M(6144M) 716.465ms
[34.239s][info   ][gc,metaspace] GC(38) Metaspace: 30743K(34432K)->30743K(34432K) NonClass: 25337K(26944K)->25337K(26944K) Class: 5405K(7488K)->5405K(7488K)
[34.240s][info   ][gc          ] GC(38) Pause Full (System.gc()) 1812M->1812M(6144M) 712.056ms
[34.950s][info   ][gc,metaspace] GC(39) Metaspace: 30743K(34432K)->30743K(34432K) NonClass: 25337K(26944K)->25337K(26944K) Class: 5405K(7488K)->5405K(7488K)
[34.950s][info   ][gc          ] GC(39) Pause Full (System.gc()) 1812M->1812M(6144M) 710.604ms
[35.662s][info   ][gc,metaspace] GC(40) Metaspace: 30743K(34432K)->30743K(34432K) NonClass: 25337K(26944K)->25337K(26944K) Class: 5405K(7488K)->5405K(7488K)
[35.662s][info   ][gc          ] GC(40) Pause Full (System.gc()) 1812M->1812M(6144M) 711.311ms
[36.382s][info   ][gc,metaspace] GC(41) Metaspace: 30743K(34432K)->30743K(34432K) NonClass: 25337K(26944K)->25337K(26944K) Class: 5405K(7488K)->5405K(7488K)
[36.382s][info   ][gc          ] GC(41) Pause Full (System.gc()) 1812M->1812M(6144M) 720.037ms
[37.091s][info   ][gc,metaspace] GC(42) Metaspace: 30743K(34432K)->30743K(34432K) NonClass: 25337K(26944K)->25337K(26944K) Class: 5405K(7488K)->5405K(7488K)
[37.091s][info   ][gc          ] GC(42) Pause Full (System.gc()) 1812M->1812M(6144M) 709.004ms
[37.816s][info   ][gc,metaspace] GC(43) Metaspace: 30743K(34432K)->30743K(34432K) NonClass: 25337K(26944K)->25337K(26944K) Class: 5405K(7488K)->5405K(7488K)
[37.816s][info   ][gc          ] GC(43) Pause Full (System.gc()) 1812M->1812M(6144M) 724.955ms
[38.531s][info   ][gc,metaspace] GC(44) Metaspace: 30743K(34432K)->30743K(34432K) NonClass: 25337K(26944K)->25337K(26944K) Class: 5405K(7488K)->5405K(7488K)
[38.531s][info   ][gc          ] GC(44) Pause Full (System.gc()) 1812M->1812M(6144M) 715.029ms
[39.252s][info   ][gc,metaspace] GC(45) Metaspace: 30743K(34432K)->30743K(34432K) NonClass: 25337K(26944K)->25337K(26944K) Class: 5405K(7488K)->5405K(7488K)
[39.252s][info   ][gc          ] GC(45) Pause Full (System.gc()) 1812M->1812M(6144M) 716.694ms
[39.967s][info   ][gc,metaspace] GC(46) Metaspace: 30743K(34432K)->30743K(34432K) NonClass: 25337K(26944K)->25337K(26944K) Class: 5405K(7488K)->5405K(7488K)
[39.967s][info   ][gc          ] GC(46) Pause Full (System.gc()) 1812M->1812M(6144M) 714.914ms
[40.688s][info   ][gc,metaspace] GC(47) Metaspace: 30743K(34432K)->30743K(34432K) NonClass: 25337K(26944K)->25337K(26944K) Class: 5405K(7488K)->5405K(7488K)
[40.688s][info   ][gc          ] GC(47) Pause Full (System.gc()) 1812M->1812M(6144M) 721.178ms
[41.414s][info   ][gc,metaspace] GC(48) Metaspace: 30743K(34432K)->30743K(34432K) NonClass: 25337K(26944K)->25337K(26944K) Class: 5405K(7488K)->5405K(7488K)
[41.414s][info   ][gc          ] GC(48) Pause Full (System.gc()) 1812M->1812M(6144M) 725.994ms
[42.139s][info   ][gc,metaspace] GC(49) Metaspace: 30743K(34432K)->30743K(34432K) NonClass: 25337K(26944K)->25337K(26944K) Class: 5405K(7488K)->5405K(7488K)
[42.139s][info   ][gc          ] GC(49) Pause Full (System.gc()) 1812M->1812M(6144M) 725.034ms
[42.858s][info   ][gc,metaspace] GC(50) Metaspace: 30743K(34432K)->30743K(34432K) NonClass: 25337K(26944K)->25337K(26944K) Class: 5405K(7488K)->5405K(7488K)
[42.858s][info   ][gc          ] GC(50) Pause Full (System.gc()) 1812M->1812M(6144M) 718.218ms
[43.577s][info   ][gc,metaspace] GC(51) Metaspace: 30743K(34432K)->30743K(34432K) NonClass: 25337K(26944K)->25337K(26944K) Class: 5405K(7488K)->5405K(7488K)
[43.577s][info   ][gc          ] GC(51) Pause Full (System.gc()) 1812M->1812M(6144M) 719.570ms
[44.294s][info   ][gc,metaspace] GC(52) Metaspace: 30743K(34432K)->30743K(34432K) NonClass: 25337K(26944K)->25337K(26944K) Class: 5405K(7488K)->5405K(7488K)
[44.294s][info   ][gc          ] GC(52) Pause Full (System.gc()) 1812M->1812M(6144M) 712.218ms
[45.015s][info   ][gc,metaspace] GC(53) Metaspace: 30743K(34432K)->30743K(34432K) NonClass: 25337K(26944K)->25337K(26944K) Class: 5405K(7488K)->5405K(7488K)
[45.015s][info   ][gc          ] GC(53) Pause Full (System.gc()) 1812M->1812M(6144M) 721.542ms
[45.735s][info   ][gc,metaspace] GC(54) Metaspace: 30743K(34432K)->30743K(34432K) NonClass: 25337K(26944K)->25337K(26944K) Class: 5405K(7488K)->5405K(7488K)
[45.735s][info   ][gc          ] GC(54) Pause Full (System.gc()) 1812M->1812M(6144M) 719.047ms
[46.450s][info   ][gc,metaspace] GC(55) Metaspace: 30743K(34432K)->30743K(34432K) NonClass: 25337K(26944K)->25337K(26944K) Class: 5405K(7488K)->5405K(7488K)
[46.450s][info   ][gc          ] GC(55) Pause Full (System.gc()) 1812M->1812M(6144M) 715.274ms
[47.157s][info   ][gc,metaspace] GC(56) Metaspace: 30743K(34432K)->30743K(34432K) NonClass: 25337K(26944K)->25337K(26944K) Class: 5405K(7488K)->5405K(7488K)
[47.157s][info   ][gc          ] GC(56) Pause Full (System.gc()) 1812M->1812M(6144M) 707.257ms
[47.870s][info   ][gc,metaspace] GC(57) Metaspace: 30743K(34432K)->30743K(34432K) NonClass: 25337K(26944K)->25337K(26944K) Class: 5405K(7488K)->5405K(7488K)
[47.870s][info   ][gc          ] GC(57) Pause Full (System.gc()) 1812M->1812M(6144M) 712.612ms
[48.583s][info   ][gc,metaspace] GC(58) Metaspace: 30743K(34432K)->30743K(34432K) NonClass: 25337K(26944K)->25337K(26944K) Class: 5405K(7488K)->5405K(7488K)
[48.584s][info   ][gc          ] GC(58) Pause Full (System.gc()) 1812M->1812M(6144M) 713.559ms
[49.307s][info   ][gc,metaspace] GC(59) Metaspace: 30743K(34432K)->30743K(34432K) NonClass: 25337K(26944K)->25337K(26944K) Class: 5405K(7488K)->5405K(7488K)
[49.307s][info   ][gc          ] GC(59) Pause Full (System.gc()) 1812M->1812M(6144M) 723.821ms
[50.039s][info   ][gc,metaspace] GC(60) Metaspace: 30743K(34432K)->30743K(34432K) NonClass: 25337K(26944K)->25337K(26944K) Class: 5405K(7488K)->5405K(7488K)
[50.039s][info   ][gc          ] GC(60) Pause Full (System.gc()) 1812M->1812M(6144M) 731.329ms
[50.751s][info   ][gc,metaspace] GC(61) Metaspace: 30743K(34432K)->30743K(34432K) NonClass: 25337K(26944K)->25337K(26944K) Class: 5405K(7488K)->5405K(7488K)
[50.751s][info   ][gc          ] GC(61) Pause Full (System.gc()) 1812M->1812M(6144M) 712.113ms
[51.473s][info   ][gc,metaspace] GC(62) Metaspace: 30743K(34432K)->30743K(34432K) NonClass: 25337K(26944K)->25337K(26944K) Class: 5405K(7488K)->5405K(7488K)
[51.473s][info   ][gc          ] GC(62) Pause Full (System.gc()) 1812M->1812M(6144M) 721.774ms
[52.192s][info   ][gc,metaspace] GC(63) Metaspace: 30743K(34432K)->30743K(34432K) NonClass: 25337K(26944K)->25337K(26944K) Class: 5405K(7488K)->5405K(7488K)
[52.192s][info   ][gc          ] GC(63) Pause Full (System.gc()) 1812M->1812M(6144M) 719.166ms
[52.909s][info   ][gc,metaspace] GC(64) Metaspace: 30743K(34432K)->30743K(34432K) NonClass: 25337K(26944K)->25337K(26944K) Class: 5405K(7488K)->5405K(7488K)
[52.909s][info   ][gc          ] GC(64) Pause Full (System.gc()) 1812M->1812M(6144M) 716.781ms
[53.618s][info   ][gc,metaspace] GC(65) Metaspace: 30743K(34432K)->30743K(34432K) NonClass: 25337K(26944K)->25337K(26944K) Class: 5405K(7488K)->5405K(7488K)
[53.618s][info   ][gc          ] GC(65) Pause Full (System.gc()) 1812M->1812M(6144M) 709.206ms
[54.342s][info   ][gc,metaspace] GC(66) Metaspace: 30743K(34432K)->30743K(34432K) NonClass: 25337K(26944K)->25337K(26944K) Class: 5405K(7488K)->5405K(7488K)
[54.342s][info   ][gc          ] GC(66) Pause Full (System.gc()) 1812M->1812M(6144M) 723.498ms
[55.053s][info   ][gc,metaspace] GC(67) Metaspace: 30743K(34432K)->30743K(34432K) NonClass: 25337K(26944K)->25337K(26944K) Class: 5405K(7488K)->5405K(7488K)
[55.053s][info   ][gc          ] GC(67) Pause Full (System.gc()) 1812M->1812M(6144M) 711.117ms
[55.776s][info   ][gc,metaspace] GC(68) Metaspace: 30743K(34432K)->30743K(34432K) NonClass: 25337K(26944K)->25337K(26944K) Class: 5405K(7488K)->5405K(7488K)
[55.776s][info   ][gc          ] GC(68) Pause Full (System.gc()) 1812M->1812M(6144M) 722.615ms
[56.505s][info   ][gc,metaspace] GC(69) Metaspace: 30743K(34432K)->30743K(34432K) NonClass: 25337K(26944K)->25337K(26944K) Class: 5405K(7488K)->5405K(7488K)
[56.505s][info   ][gc          ] GC(69) Pause Full (System.gc()) 1812M->1812M(6144M) 729.492ms
[57.225s][info   ][gc,metaspace] GC(70) Metaspace: 30743K(34432K)->30743K(34432K) NonClass: 25337K(26944K)->25337K(26944K) Class: 5405K(7488K)->5405K(7488K)
[57.225s][info   ][gc          ] GC(70) Pause Full (System.gc()) 1812M->1812M(6144M) 719.392ms
[57.947s][info   ][gc,metaspace] GC(71) Metaspace: 30743K(34432K)->30743K(34432K) NonClass: 25337K(26944K)->25337K(26944K) Class: 5405K(7488K)->5405K(7488K)
[57.947s][info   ][gc          ] GC(71) Pause Full (System.gc()) 1812M->1812M(6144M) 722.137ms
[58.664s][info   ][gc,metaspace] GC(72) Metaspace: 30743K(34432K)->30743K(34432K) NonClass: 25337K(26944K)->25337K(26944K) Class: 5405K(7488K)->5405K(7488K)
[58.664s][info   ][gc          ] GC(72) Pause Full (System.gc()) 1812M->1812M(6144M) 717.141ms
[59.381s][info   ][gc,metaspace] GC(73) Metaspace: 30743K(34432K)->30743K(34432K) NonClass: 25337K(26944K)->25337K(26944K) Class: 5405K(7488K)->5405K(7488K)
[59.381s][info   ][gc          ] GC(73) Pause Full (System.gc()) 1812M->1812M(6144M) 716.591ms
[60.096s][info   ][gc,metaspace] GC(74) Metaspace: 30743K(34432K)->30743K(34432K) NonClass: 25337K(26944K)->25337K(26944K) Class: 5405K(7488K)->5405K(7488K)
[60.096s][info   ][gc          ] GC(74) Pause Full (System.gc()) 1812M->1812M(6144M) 715.429ms
[60.811s][info   ][gc,metaspace] GC(75) Metaspace: 30743K(34432K)->30743K(34432K) NonClass: 25337K(26944K)->25337K(26944K) Class: 5405K(7488K)->5405K(7488K)
[60.811s][info   ][gc          ] GC(75) Pause Full (System.gc()) 1812M->1812M(6144M) 714.554ms
[61.524s][info   ][gc,metaspace] GC(76) Metaspace: 30743K(34432K)->30743K(34432K) NonClass: 25337K(26944K)->25337K(26944K) Class: 5405K(7488K)->5405K(7488K)
[61.524s][info   ][gc          ] GC(76) Pause Full (System.gc()) 1812M->1812M(6144M) 712.946ms
[62.233s][info   ][gc,metaspace] GC(77) Metaspace: 30743K(34432K)->30743K(34432K) NonClass: 25337K(26944K)->25337K(26944K) Class: 5405K(7488K)->5405K(7488K)
[62.233s][info   ][gc          ] GC(77) Pause Full (System.gc()) 1812M->1812M(6144M) 709.466ms
After GCs... 
