Done; will start GCs... 
[27.251s][info   ][gc,metaspace] GC(28) Metaspace: 31197K(34880K)->31197K(34880K) NonClass: 23171K(24768K)->23171K(24768K) Class: 8025K(10112K)->8025K(10112K)
[27.251s][info   ][gc          ] GC(28) Pause Full (System.gc()) 1600M->1598M(6144M) 768.934ms
[28.009s][info   ][gc,metaspace] GC(29) Metaspace: 31197K(34880K)->31197K(34880K) NonClass: 23171K(24768K)->23171K(24768K) Class: 8025K(10112K)->8025K(10112K)
[28.009s][info   ][gc          ] GC(29) Pause Full (System.gc()) 1598M->1598M(6144M) 758.236ms
[28.782s][info   ][gc,metaspace] GC(30) Metaspace: 31197K(34880K)->31197K(34880K) NonClass: 23171K(24768K)->23171K(24768K) Class: 8025K(10112K)->8025K(10112K)
[28.782s][info   ][gc          ] GC(30) Pause Full (System.gc()) 1598M->1598M(6144M) 772.619ms
[29.553s][info   ][gc,metaspace] GC(31) Metaspace: 31197K(34880K)->31197K(34880K) NonClass: 23171K(24768K)->23171K(24768K) Class: 8025K(10112K)->8025K(10112K)
[29.553s][info   ][gc          ] GC(31) Pause Full (System.gc()) 1598M->1598M(6144M) 770.916ms
[30.344s][info   ][gc,metaspace] GC(32) Metaspace: 31197K(34880K)->31197K(34880K) NonClass: 23171K(24768K)->23171K(24768K) Class: 8025K(10112K)->8025K(10112K)
[30.344s][info   ][gc          ] GC(32) Pause Full (System.gc()) 1598M->1598M(6144M) 790.992ms
[31.113s][info   ][gc,metaspace] GC(33) Metaspace: 31197K(34880K)->31197K(34880K) NonClass: 23171K(24768K)->23171K(24768K) Class: 8025K(10112K)->8025K(10112K)
[31.113s][info   ][gc          ] GC(33) Pause Full (System.gc()) 1598M->1598M(6144M) 768.995ms
[31.900s][info   ][gc,metaspace] GC(34) Metaspace: 31197K(34880K)->31197K(34880K) NonClass: 23171K(24768K)->23171K(24768K) Class: 8025K(10112K)->8025K(10112K)
[31.900s][info   ][gc          ] GC(34) Pause Full (System.gc()) 1598M->1598M(6144M) 787.363ms
[32.673s][info   ][gc,metaspace] GC(35) Metaspace: 31197K(34880K)->31197K(34880K) NonClass: 23171K(24768K)->23171K(24768K) Class: 8025K(10112K)->8025K(10112K)
[32.673s][info   ][gc          ] GC(35) Pause Full (System.gc()) 1598M->1598M(6144M) 773.037ms
[33.455s][info   ][gc,metaspace] GC(36) Metaspace: 31197K(34880K)->31197K(34880K) NonClass: 23171K(24768K)->23171K(24768K) Class: 8025K(10112K)->8025K(10112K)
[33.455s][info   ][gc          ] GC(36) Pause Full (System.gc()) 1598M->1598M(6144M) 781.581ms
[34.239s][info   ][gc,metaspace] GC(37) Metaspace: 31197K(34880K)->31197K(34880K) NonClass: 23171K(24768K)->23171K(24768K) Class: 8025K(10112K)->8025K(10112K)
[34.239s][info   ][gc          ] GC(37) Pause Full (System.gc()) 1598M->1598M(6144M) 784.387ms
[35.018s][info   ][gc,metaspace] GC(38) Metaspace: 31197K(34880K)->31197K(34880K) NonClass: 23171K(24768K)->23171K(24768K) Class: 8025K(10112K)->8025K(10112K)
[35.018s][info   ][gc          ] GC(38) Pause Full (System.gc()) 1598M->1598M(6144M) 778.963ms
[35.803s][info   ][gc,metaspace] GC(39) Metaspace: 31197K(34880K)->31197K(34880K) NonClass: 23171K(24768K)->23171K(24768K) Class: 8025K(10112K)->8025K(10112K)
[35.803s][info   ][gc          ] GC(39) Pause Full (System.gc()) 1598M->1598M(6144M) 784.397ms
[36.573s][info   ][gc,metaspace] GC(40) Metaspace: 31197K(34880K)->31197K(34880K) NonClass: 23171K(24768K)->23171K(24768K) Class: 8025K(10112K)->8025K(10112K)
[36.573s][info   ][gc          ] GC(40) Pause Full (System.gc()) 1598M->1598M(6144M) 770.026ms
[37.336s][info   ][gc,metaspace] GC(41) Metaspace: 31197K(34880K)->31197K(34880K) NonClass: 23171K(24768K)->23171K(24768K) Class: 8025K(10112K)->8025K(10112K)
[37.336s][info   ][gc          ] GC(41) Pause Full (System.gc()) 1598M->1598M(6144M) 763.068ms
[38.100s][info   ][gc,metaspace] GC(42) Metaspace: 31197K(34880K)->31197K(34880K) NonClass: 23171K(24768K)->23171K(24768K) Class: 8025K(10112K)->8025K(10112K)
[38.100s][info   ][gc          ] GC(42) Pause Full (System.gc()) 1598M->1598M(6144M) 763.887ms
[38.879s][info   ][gc,metaspace] GC(43) Metaspace: 31197K(34880K)->31197K(34880K) NonClass: 23171K(24768K)->23171K(24768K) Class: 8025K(10112K)->8025K(10112K)
[38.879s][info   ][gc          ] GC(43) Pause Full (System.gc()) 1598M->1598M(6144M) 778.644ms
[39.652s][info   ][gc,metaspace] GC(44) Metaspace: 31197K(34880K)->31197K(34880K) NonClass: 23171K(24768K)->23171K(24768K) Class: 8025K(10112K)->8025K(10112K)
[39.652s][info   ][gc          ] GC(44) Pause Full (System.gc()) 1598M->1598M(6144M) 773.206ms
[40.436s][info   ][gc,metaspace] GC(45) Metaspace: 31197K(34880K)->31197K(34880K) NonClass: 23171K(24768K)->23171K(24768K) Class: 8025K(10112K)->8025K(10112K)
[40.436s][info   ][gc          ] GC(45) Pause Full (System.gc()) 1598M->1598M(6144M) 784.085ms
[41.214s][info   ][gc,metaspace] GC(46) Metaspace: 31197K(34880K)->31197K(34880K) NonClass: 23171K(24768K)->23171K(24768K) Class: 8025K(10112K)->8025K(10112K)
[41.214s][info   ][gc          ] GC(46) Pause Full (System.gc()) 1598M->1598M(6144M) 777.430ms
[41.978s][info   ][gc,metaspace] GC(47) Metaspace: 31197K(34880K)->31197K(34880K) NonClass: 23171K(24768K)->23171K(24768K) Class: 8025K(10112K)->8025K(10112K)
[41.978s][info   ][gc          ] GC(47) Pause Full (System.gc()) 1598M->1598M(6144M) 764.020ms
[42.746s][info   ][gc,metaspace] GC(48) Metaspace: 31197K(34880K)->31197K(34880K) NonClass: 23171K(24768K)->23171K(24768K) Class: 8025K(10112K)->8025K(10112K)
[42.746s][info   ][gc          ] GC(48) Pause Full (System.gc()) 1598M->1598M(6144M) 763.849ms
[43.519s][info   ][gc,metaspace] GC(49) Metaspace: 31197K(34880K)->31197K(34880K) NonClass: 23171K(24768K)->23171K(24768K) Class: 8025K(10112K)->8025K(10112K)
[43.519s][info   ][gc          ] GC(49) Pause Full (System.gc()) 1598M->1598M(6144M) 772.890ms
[44.285s][info   ][gc,metaspace] GC(50) Metaspace: 31197K(34880K)->31197K(34880K) NonClass: 23171K(24768K)->23171K(24768K) Class: 8025K(10112K)->8025K(10112K)
[44.285s][info   ][gc          ] GC(50) Pause Full (System.gc()) 1598M->1598M(6144M) 765.712ms
[45.081s][info   ][gc,metaspace] GC(51) Metaspace: 31197K(34880K)->31197K(34880K) NonClass: 23171K(24768K)->23171K(24768K) Class: 8025K(10112K)->8025K(10112K)
[45.081s][info   ][gc          ] GC(51) Pause Full (System.gc()) 1598M->1598M(6144M) 796.053ms
[45.854s][info   ][gc,metaspace] GC(52) Metaspace: 31197K(34880K)->31197K(34880K) NonClass: 23171K(24768K)->23171K(24768K) Class: 8025K(10112K)->8025K(10112K)
[45.854s][info   ][gc          ] GC(52) Pause Full (System.gc()) 1598M->1598M(6144M) 772.722ms
[46.620s][info   ][gc,metaspace] GC(53) Metaspace: 31197K(34880K)->31197K(34880K) NonClass: 23171K(24768K)->23171K(24768K) Class: 8025K(10112K)->8025K(10112K)
[46.620s][info   ][gc          ] GC(53) Pause Full (System.gc()) 1598M->1598M(6144M) 766.340ms
[47.393s][info   ][gc,metaspace] GC(54) Metaspace: 31197K(34880K)->31197K(34880K) NonClass: 23171K(24768K)->23171K(24768K) Class: 8025K(10112K)->8025K(10112K)
[47.393s][info   ][gc          ] GC(54) Pause Full (System.gc()) 1598M->1598M(6144M) 772.687ms
[48.171s][info   ][gc,metaspace] GC(55) Metaspace: 31197K(34880K)->31197K(34880K) NonClass: 23171K(24768K)->23171K(24768K) Class: 8025K(10112K)->8025K(10112K)
[48.171s][info   ][gc          ] GC(55) Pause Full (System.gc()) 1598M->1598M(6144M) 774.033ms
[48.962s][info   ][gc,metaspace] GC(56) Metaspace: 31197K(34880K)->31197K(34880K) NonClass: 23171K(24768K)->23171K(24768K) Class: 8025K(10112K)->8025K(10112K)
[48.962s][info   ][gc          ] GC(56) Pause Full (System.gc()) 1598M->1598M(6144M) 790.674ms
[49.742s][info   ][gc,metaspace] GC(57) Metaspace: 31197K(34880K)->31197K(34880K) NonClass: 23171K(24768K)->23171K(24768K) Class: 8025K(10112K)->8025K(10112K)
[49.742s][info   ][gc          ] GC(57) Pause Full (System.gc()) 1598M->1598M(6144M) 779.928ms
[50.516s][info   ][gc,metaspace] GC(58) Metaspace: 31197K(34880K)->31197K(34880K) NonClass: 23171K(24768K)->23171K(24768K) Class: 8025K(10112K)->8025K(10112K)
[50.516s][info   ][gc          ] GC(58) Pause Full (System.gc()) 1598M->1598M(6144M) 773.612ms
[51.285s][info   ][gc,metaspace] GC(59) Metaspace: 31197K(34880K)->31197K(34880K) NonClass: 23171K(24768K)->23171K(24768K) Class: 8025K(10112K)->8025K(10112K)
[51.285s][info   ][gc          ] GC(59) Pause Full (System.gc()) 1598M->1598M(6144M) 769.434ms
[52.050s][info   ][gc,metaspace] GC(60) Metaspace: 31197K(34880K)->31197K(34880K) NonClass: 23171K(24768K)->23171K(24768K) Class: 8025K(10112K)->8025K(10112K)
[52.050s][info   ][gc          ] GC(60) Pause Full (System.gc()) 1598M->1598M(6144M) 764.556ms
[52.806s][info   ][gc,metaspace] GC(61) Metaspace: 31197K(34880K)->31197K(34880K) NonClass: 23171K(24768K)->23171K(24768K) Class: 8025K(10112K)->8025K(10112K)
[52.806s][info   ][gc          ] GC(61) Pause Full (System.gc()) 1598M->1598M(6144M) 755.915ms
[53.576s][info   ][gc,metaspace] GC(62) Metaspace: 31197K(34880K)->31197K(34880K) NonClass: 23171K(24768K)->23171K(24768K) Class: 8025K(10112K)->8025K(10112K)
[53.576s][info   ][gc          ] GC(62) Pause Full (System.gc()) 1598M->1598M(6144M) 770.380ms
[54.345s][info   ][gc,metaspace] GC(63) Metaspace: 31197K(34880K)->31197K(34880K) NonClass: 23171K(24768K)->23171K(24768K) Class: 8025K(10112K)->8025K(10112K)
[54.345s][info   ][gc          ] GC(63) Pause Full (System.gc()) 1598M->1598M(6144M) 769.067ms
[55.122s][info   ][gc,metaspace] GC(64) Metaspace: 31197K(34880K)->31197K(34880K) NonClass: 23171K(24768K)->23171K(24768K) Class: 8025K(10112K)->8025K(10112K)
[55.123s][info   ][gc          ] GC(64) Pause Full (System.gc()) 1598M->1598M(6144M) 777.125ms
[55.885s][info   ][gc,metaspace] GC(65) Metaspace: 31197K(34880K)->31197K(34880K) NonClass: 23171K(24768K)->23171K(24768K) Class: 8025K(10112K)->8025K(10112K)
[55.885s][info   ][gc          ] GC(65) Pause Full (System.gc()) 1598M->1598M(6144M) 762.075ms
[56.674s][info   ][gc,metaspace] GC(66) Metaspace: 31197K(34880K)->31197K(34880K) NonClass: 23171K(24768K)->23171K(24768K) Class: 8025K(10112K)->8025K(10112K)
[56.674s][info   ][gc          ] GC(66) Pause Full (System.gc()) 1598M->1598M(6144M) 789.628ms
[57.437s][info   ][gc,metaspace] GC(67) Metaspace: 31197K(34880K)->31197K(34880K) NonClass: 23171K(24768K)->23171K(24768K) Class: 8025K(10112K)->8025K(10112K)
[57.437s][info   ][gc          ] GC(67) Pause Full (System.gc()) 1598M->1598M(6144M) 762.794ms
[58.218s][info   ][gc,metaspace] GC(68) Metaspace: 31197K(34880K)->31197K(34880K) NonClass: 23171K(24768K)->23171K(24768K) Class: 8025K(10112K)->8025K(10112K)
[58.218s][info   ][gc          ] GC(68) Pause Full (System.gc()) 1598M->1598M(6144M) 781.198ms
[58.985s][info   ][gc,metaspace] GC(69) Metaspace: 31197K(34880K)->31197K(34880K) NonClass: 23171K(24768K)->23171K(24768K) Class: 8025K(10112K)->8025K(10112K)
[58.985s][info   ][gc          ] GC(69) Pause Full (System.gc()) 1598M->1598M(6144M) 766.129ms
[59.752s][info   ][gc,metaspace] GC(70) Metaspace: 31197K(34880K)->31197K(34880K) NonClass: 23171K(24768K)->23171K(24768K) Class: 8025K(10112K)->8025K(10112K)
[59.752s][info   ][gc          ] GC(70) Pause Full (System.gc()) 1598M->1598M(6144M) 767.689ms
[60.536s][info   ][gc,metaspace] GC(71) Metaspace: 31197K(34880K)->31197K(34880K) NonClass: 23171K(24768K)->23171K(24768K) Class: 8025K(10112K)->8025K(10112K)
[60.536s][info   ][gc          ] GC(71) Pause Full (System.gc()) 1598M->1598M(6144M) 783.443ms
[61.303s][info   ][gc,metaspace] GC(72) Metaspace: 31197K(34880K)->31197K(34880K) NonClass: 23171K(24768K)->23171K(24768K) Class: 8025K(10112K)->8025K(10112K)
[61.303s][info   ][gc          ] GC(72) Pause Full (System.gc()) 1598M->1598M(6144M) 766.928ms
[62.071s][info   ][gc,metaspace] GC(73) Metaspace: 31197K(34880K)->31197K(34880K) NonClass: 23171K(24768K)->23171K(24768K) Class: 8025K(10112K)->8025K(10112K)
[62.071s][info   ][gc          ] GC(73) Pause Full (System.gc()) 1598M->1598M(6144M) 768.117ms
[62.846s][info   ][gc,metaspace] GC(74) Metaspace: 31197K(34880K)->31197K(34880K) NonClass: 23171K(24768K)->23171K(24768K) Class: 8025K(10112K)->8025K(10112K)
[62.846s][info   ][gc          ] GC(74) Pause Full (System.gc()) 1598M->1598M(6144M) 774.381ms
[63.619s][info   ][gc,metaspace] GC(75) Metaspace: 31197K(34880K)->31197K(34880K) NonClass: 23171K(24768K)->23171K(24768K) Class: 8025K(10112K)->8025K(10112K)
[63.619s][info   ][gc          ] GC(75) Pause Full (System.gc()) 1598M->1598M(6144M) 773.107ms
[64.383s][info   ][gc,metaspace] GC(76) Metaspace: 31197K(34880K)->31197K(34880K) NonClass: 23171K(24768K)->23171K(24768K) Class: 8025K(10112K)->8025K(10112K)
[64.383s][info   ][gc          ] GC(76) Pause Full (System.gc()) 1598M->1598M(6144M) 764.469ms
[65.155s][info   ][gc,metaspace] GC(77) Metaspace: 31197K(34880K)->31197K(34880K) NonClass: 23171K(24768K)->23171K(24768K) Class: 8025K(10112K)->8025K(10112K)
[65.155s][info   ][gc          ] GC(77) Pause Full (System.gc()) 1598M->1598M(6144M) 771.609ms
After GCs... 
