Done; will start GCs... 
[26.881s][info   ][gc,metaspace] GC(28) Metaspace: 31191K(34880K)->31191K(34880K) NonClass: 23165K(24768K)->23165K(24768K) Class: 8025K(10112K)->8025K(10112K)
[26.881s][info   ][gc          ] GC(28) Pause Full (System.gc()) 1600M->1598M(6144M) 657.705ms
[27.550s][info   ][gc,metaspace] GC(29) Metaspace: 31191K(34880K)->31191K(34880K) NonClass: 23165K(24768K)->23165K(24768K) Class: 8025K(10112K)->8025K(10112K)
[27.550s][info   ][gc          ] GC(29) Pause Full (System.gc()) 1598M->1598M(6144M) 668.129ms
[28.210s][info   ][gc,metaspace] GC(30) Metaspace: 31191K(34880K)->31191K(34880K) NonClass: 23165K(24768K)->23165K(24768K) Class: 8025K(10112K)->8025K(10112K)
[28.210s][info   ][gc          ] GC(30) Pause Full (System.gc()) 1598M->1598M(6144M) 660.056ms
[28.886s][info   ][gc,metaspace] GC(31) Metaspace: 31191K(34880K)->31191K(34880K) NonClass: 23165K(24768K)->23165K(24768K) Class: 8025K(10112K)->8025K(10112K)
[28.886s][info   ][gc          ] GC(31) Pause Full (System.gc()) 1598M->1598M(6144M) 676.144ms
[29.552s][info   ][gc,metaspace] GC(32) Metaspace: 31191K(34880K)->31191K(34880K) NonClass: 23165K(24768K)->23165K(24768K) Class: 8025K(10112K)->8025K(10112K)
[29.552s][info   ][gc          ] GC(32) Pause Full (System.gc()) 1598M->1598M(6144M) 665.962ms
[30.223s][info   ][gc,metaspace] GC(33) Metaspace: 31191K(34880K)->31191K(34880K) NonClass: 23165K(24768K)->23165K(24768K) Class: 8025K(10112K)->8025K(10112K)
[30.223s][info   ][gc          ] GC(33) Pause Full (System.gc()) 1598M->1598M(6144M) 670.930ms
[30.884s][info   ][gc,metaspace] GC(34) Metaspace: 31191K(34880K)->31191K(34880K) NonClass: 23165K(24768K)->23165K(24768K) Class: 8025K(10112K)->8025K(10112K)
[30.884s][info   ][gc          ] GC(34) Pause Full (System.gc()) 1598M->1598M(6144M) 660.861ms
[31.551s][info   ][gc,metaspace] GC(35) Metaspace: 31191K(34880K)->31191K(34880K) NonClass: 23165K(24768K)->23165K(24768K) Class: 8025K(10112K)->8025K(10112K)
[31.551s][info   ][gc          ] GC(35) Pause Full (System.gc()) 1598M->1598M(6144M) 667.344ms
[32.208s][info   ][gc,metaspace] GC(36) Metaspace: 31191K(34880K)->31191K(34880K) NonClass: 23165K(24768K)->23165K(24768K) Class: 8025K(10112K)->8025K(10112K)
[32.208s][info   ][gc          ] GC(36) Pause Full (System.gc()) 1598M->1598M(6144M) 656.412ms
[32.876s][info   ][gc,metaspace] GC(37) Metaspace: 31191K(34880K)->31191K(34880K) NonClass: 23165K(24768K)->23165K(24768K) Class: 8025K(10112K)->8025K(10112K)
[32.876s][info   ][gc          ] GC(37) Pause Full (System.gc()) 1598M->1598M(6144M) 663.789ms
[33.548s][info   ][gc,metaspace] GC(38) Metaspace: 31191K(34880K)->31191K(34880K) NonClass: 23165K(24768K)->23165K(24768K) Class: 8025K(10112K)->8025K(10112K)
[33.548s][info   ][gc          ] GC(38) Pause Full (System.gc()) 1598M->1598M(6144M) 672.067ms
[34.216s][info   ][gc,metaspace] GC(39) Metaspace: 31191K(34880K)->31191K(34880K) NonClass: 23165K(24768K)->23165K(24768K) Class: 8025K(10112K)->8025K(10112K)
[34.216s][info   ][gc          ] GC(39) Pause Full (System.gc()) 1598M->1598M(6144M) 668.168ms
[34.873s][info   ][gc,metaspace] GC(40) Metaspace: 31191K(34880K)->31191K(34880K) NonClass: 23165K(24768K)->23165K(24768K) Class: 8025K(10112K)->8025K(10112K)
[34.873s][info   ][gc          ] GC(40) Pause Full (System.gc()) 1598M->1598M(6144M) 657.102ms
[35.545s][info   ][gc,metaspace] GC(41) Metaspace: 31191K(34880K)->31191K(34880K) NonClass: 23165K(24768K)->23165K(24768K) Class: 8025K(10112K)->8025K(10112K)
[35.545s][info   ][gc          ] GC(41) Pause Full (System.gc()) 1598M->1598M(6144M) 671.664ms
[36.214s][info   ][gc,metaspace] GC(42) Metaspace: 31191K(34880K)->31191K(34880K) NonClass: 23165K(24768K)->23165K(24768K) Class: 8025K(10112K)->8025K(10112K)
[36.214s][info   ][gc          ] GC(42) Pause Full (System.gc()) 1598M->1598M(6144M) 669.134ms
[36.885s][info   ][gc,metaspace] GC(43) Metaspace: 31191K(34880K)->31191K(34880K) NonClass: 23165K(24768K)->23165K(24768K) Class: 8025K(10112K)->8025K(10112K)
[36.885s][info   ][gc          ] GC(43) Pause Full (System.gc()) 1598M->1598M(6144M) 670.104ms
[37.554s][info   ][gc,metaspace] GC(44) Metaspace: 31191K(34880K)->31191K(34880K) NonClass: 23165K(24768K)->23165K(24768K) Class: 8025K(10112K)->8025K(10112K)
[37.554s][info   ][gc          ] GC(44) Pause Full (System.gc()) 1598M->1598M(6144M) 669.343ms
[38.224s][info   ][gc,metaspace] GC(45) Metaspace: 31191K(34880K)->31191K(34880K) NonClass: 23165K(24768K)->23165K(24768K) Class: 8025K(10112K)->8025K(10112K)
[38.224s][info   ][gc          ] GC(45) Pause Full (System.gc()) 1598M->1598M(6144M) 670.045ms
[38.884s][info   ][gc,metaspace] GC(46) Metaspace: 31191K(34880K)->31191K(34880K) NonClass: 23165K(24768K)->23165K(24768K) Class: 8025K(10112K)->8025K(10112K)
[38.884s][info   ][gc          ] GC(46) Pause Full (System.gc()) 1598M->1598M(6144M) 659.380ms
[39.545s][info   ][gc,metaspace] GC(47) Metaspace: 31191K(34880K)->31191K(34880K) NonClass: 23165K(24768K)->23165K(24768K) Class: 8025K(10112K)->8025K(10112K)
[39.545s][info   ][gc          ] GC(47) Pause Full (System.gc()) 1598M->1598M(6144M) 661.035ms
[40.209s][info   ][gc,metaspace] GC(48) Metaspace: 31191K(34880K)->31191K(34880K) NonClass: 23165K(24768K)->23165K(24768K) Class: 8025K(10112K)->8025K(10112K)
[40.209s][info   ][gc          ] GC(48) Pause Full (System.gc()) 1598M->1598M(6144M) 664.652ms
[40.874s][info   ][gc,metaspace] GC(49) Metaspace: 31191K(34880K)->31191K(34880K) NonClass: 23165K(24768K)->23165K(24768K) Class: 8025K(10112K)->8025K(10112K)
[40.874s][info   ][gc          ] GC(49) Pause Full (System.gc()) 1598M->1598M(6144M) 664.775ms
[41.547s][info   ][gc,metaspace] GC(50) Metaspace: 31191K(34880K)->31191K(34880K) NonClass: 23165K(24768K)->23165K(24768K) Class: 8025K(10112K)->8025K(10112K)
[41.547s][info   ][gc          ] GC(50) Pause Full (System.gc()) 1598M->1598M(6144M) 672.590ms
[42.213s][info   ][gc,metaspace] GC(51) Metaspace: 31191K(34880K)->31191K(34880K) NonClass: 23165K(24768K)->23165K(24768K) Class: 8025K(10112K)->8025K(10112K)
[42.213s][info   ][gc          ] GC(51) Pause Full (System.gc()) 1598M->1598M(6144M) 665.950ms
[42.878s][info   ][gc,metaspace] GC(52) Metaspace: 31191K(34880K)->31191K(34880K) NonClass: 23165K(24768K)->23165K(24768K) Class: 8025K(10112K)->8025K(10112K)
[42.878s][info   ][gc          ] GC(52) Pause Full (System.gc()) 1598M->1598M(6144M) 664.664ms
[43.548s][info   ][gc,metaspace] GC(53) Metaspace: 31191K(34880K)->31191K(34880K) NonClass: 23165K(24768K)->23165K(24768K) Class: 8025K(10112K)->8025K(10112K)
[43.548s][info   ][gc          ] GC(53) Pause Full (System.gc()) 1598M->1598M(6144M) 666.249ms
[44.211s][info   ][gc,metaspace] GC(54) Metaspace: 31191K(34880K)->31191K(34880K) NonClass: 23165K(24768K)->23165K(24768K) Class: 8025K(10112K)->8025K(10112K)
[44.211s][info   ][gc          ] GC(54) Pause Full (System.gc()) 1598M->1598M(6144M) 662.611ms
[44.871s][info   ][gc,metaspace] GC(55) Metaspace: 31191K(34880K)->31191K(34880K) NonClass: 23165K(24768K)->23165K(24768K) Class: 8025K(10112K)->8025K(10112K)
[44.871s][info   ][gc          ] GC(55) Pause Full (System.gc()) 1598M->1598M(6144M) 660.258ms
[45.549s][info   ][gc,metaspace] GC(56) Metaspace: 31191K(34880K)->31191K(34880K) NonClass: 23165K(24768K)->23165K(24768K) Class: 8025K(10112K)->8025K(10112K)
[45.549s][info   ][gc          ] GC(56) Pause Full (System.gc()) 1598M->1598M(6144M) 677.929ms
[46.218s][info   ][gc,metaspace] GC(57) Metaspace: 31191K(34880K)->31191K(34880K) NonClass: 23165K(24768K)->23165K(24768K) Class: 8025K(10112K)->8025K(10112K)
[46.218s][info   ][gc          ] GC(57) Pause Full (System.gc()) 1598M->1598M(6144M) 668.907ms
[46.880s][info   ][gc,metaspace] GC(58) Metaspace: 31191K(34880K)->31191K(34880K) NonClass: 23165K(24768K)->23165K(24768K) Class: 8025K(10112K)->8025K(10112K)
[46.880s][info   ][gc          ] GC(58) Pause Full (System.gc()) 1598M->1598M(6144M) 661.790ms
[47.547s][info   ][gc,metaspace] GC(59) Metaspace: 31191K(34880K)->31191K(34880K) NonClass: 23165K(24768K)->23165K(24768K) Class: 8025K(10112K)->8025K(10112K)
[47.547s][info   ][gc          ] GC(59) Pause Full (System.gc()) 1598M->1598M(6144M) 666.430ms
[48.200s][info   ][gc,metaspace] GC(60) Metaspace: 31191K(34880K)->31191K(34880K) NonClass: 23165K(24768K)->23165K(24768K) Class: 8025K(10112K)->8025K(10112K)
[48.201s][info   ][gc          ] GC(60) Pause Full (System.gc()) 1598M->1598M(6144M) 653.808ms
[48.860s][info   ][gc,metaspace] GC(61) Metaspace: 31191K(34880K)->31191K(34880K) NonClass: 23165K(24768K)->23165K(24768K) Class: 8025K(10112K)->8025K(10112K)
[48.861s][info   ][gc          ] GC(61) Pause Full (System.gc()) 1598M->1598M(6144M) 659.938ms
[49.527s][info   ][gc,metaspace] GC(62) Metaspace: 31191K(34880K)->31191K(34880K) NonClass: 23165K(24768K)->23165K(24768K) Class: 8025K(10112K)->8025K(10112K)
[49.527s][info   ][gc          ] GC(62) Pause Full (System.gc()) 1598M->1598M(6144M) 666.644ms
[50.189s][info   ][gc,metaspace] GC(63) Metaspace: 31191K(34880K)->31191K(34880K) NonClass: 23165K(24768K)->23165K(24768K) Class: 8025K(10112K)->8025K(10112K)
[50.189s][info   ][gc          ] GC(63) Pause Full (System.gc()) 1598M->1598M(6144M) 661.622ms
[50.855s][info   ][gc,metaspace] GC(64) Metaspace: 31191K(34880K)->31191K(34880K) NonClass: 23165K(24768K)->23165K(24768K) Class: 8025K(10112K)->8025K(10112K)
[50.855s][info   ][gc          ] GC(64) Pause Full (System.gc()) 1598M->1598M(6144M) 666.120ms
[51.514s][info   ][gc,metaspace] GC(65) Metaspace: 31191K(34880K)->31191K(34880K) NonClass: 23165K(24768K)->23165K(24768K) Class: 8025K(10112K)->8025K(10112K)
[51.514s][info   ][gc          ] GC(65) Pause Full (System.gc()) 1598M->1598M(6144M) 659.001ms
[52.179s][info   ][gc,metaspace] GC(66) Metaspace: 31191K(34880K)->31191K(34880K) NonClass: 23165K(24768K)->23165K(24768K) Class: 8025K(10112K)->8025K(10112K)
[52.179s][info   ][gc          ] GC(66) Pause Full (System.gc()) 1598M->1598M(6144M) 664.958ms
[52.835s][info   ][gc,metaspace] GC(67) Metaspace: 31191K(34880K)->31191K(34880K) NonClass: 23165K(24768K)->23165K(24768K) Class: 8025K(10112K)->8025K(10112K)
[52.835s][info   ][gc          ] GC(67) Pause Full (System.gc()) 1598M->1598M(6144M) 655.729ms
[53.503s][info   ][gc,metaspace] GC(68) Metaspace: 31191K(34880K)->31191K(34880K) NonClass: 23165K(24768K)->23165K(24768K) Class: 8025K(10112K)->8025K(10112K)
[53.503s][info   ][gc          ] GC(68) Pause Full (System.gc()) 1598M->1598M(6144M) 667.950ms
[54.166s][info   ][gc,metaspace] GC(69) Metaspace: 31191K(34880K)->31191K(34880K) NonClass: 23165K(24768K)->23165K(24768K) Class: 8025K(10112K)->8025K(10112K)
[54.166s][info   ][gc          ] GC(69) Pause Full (System.gc()) 1598M->1598M(6144M) 662.443ms
[54.848s][info   ][gc,metaspace] GC(70) Metaspace: 31191K(34880K)->31191K(34880K) NonClass: 23165K(24768K)->23165K(24768K) Class: 8025K(10112K)->8025K(10112K)
[54.848s][info   ][gc          ] GC(70) Pause Full (System.gc()) 1598M->1598M(6144M) 682.679ms
[55.509s][info   ][gc,metaspace] GC(71) Metaspace: 31191K(34880K)->31191K(34880K) NonClass: 23165K(24768K)->23165K(24768K) Class: 8025K(10112K)->8025K(10112K)
[55.509s][info   ][gc          ] GC(71) Pause Full (System.gc()) 1598M->1598M(6144M) 660.749ms
[56.170s][info   ][gc,metaspace] GC(72) Metaspace: 31191K(34880K)->31191K(34880K) NonClass: 23165K(24768K)->23165K(24768K) Class: 8025K(10112K)->8025K(10112K)
[56.170s][info   ][gc          ] GC(72) Pause Full (System.gc()) 1598M->1598M(6144M) 660.851ms
[56.837s][info   ][gc,metaspace] GC(73) Metaspace: 31191K(34880K)->31191K(34880K) NonClass: 23165K(24768K)->23165K(24768K) Class: 8025K(10112K)->8025K(10112K)
[56.837s][info   ][gc          ] GC(73) Pause Full (System.gc()) 1598M->1598M(6144M) 666.741ms
[57.501s][info   ][gc,metaspace] GC(74) Metaspace: 31191K(34880K)->31191K(34880K) NonClass: 23165K(24768K)->23165K(24768K) Class: 8025K(10112K)->8025K(10112K)
[57.501s][info   ][gc          ] GC(74) Pause Full (System.gc()) 1598M->1598M(6144M) 664.311ms
[58.164s][info   ][gc,metaspace] GC(75) Metaspace: 31191K(34880K)->31191K(34880K) NonClass: 23165K(24768K)->23165K(24768K) Class: 8025K(10112K)->8025K(10112K)
[58.164s][info   ][gc          ] GC(75) Pause Full (System.gc()) 1598M->1598M(6144M) 662.512ms
[58.821s][info   ][gc,metaspace] GC(76) Metaspace: 31191K(34880K)->31191K(34880K) NonClass: 23165K(24768K)->23165K(24768K) Class: 8025K(10112K)->8025K(10112K)
[58.821s][info   ][gc          ] GC(76) Pause Full (System.gc()) 1598M->1598M(6144M) 657.149ms
[59.487s][info   ][gc,metaspace] GC(77) Metaspace: 31191K(34880K)->31191K(34880K) NonClass: 23165K(24768K)->23165K(24768K) Class: 8025K(10112K)->8025K(10112K)
[59.487s][info   ][gc          ] GC(77) Pause Full (System.gc()) 1598M->1598M(6144M) 665.400ms
After GCs... 
