Done; will start GCs... 
[12.803s][info][gc,metaspace] GC(3) Metaspace: 21455K(21760K)->21455K(21760K) NonClass: 17704K(17856K)->17704K(17856K) Class: 3751K(3904K)->3751K(3904K)
[12.803s][info][gc          ] GC(3) Pause Full (System.gc()) 1378M->1346M(5939M) 2912.797ms
[15.077s][info][gc,metaspace] GC(4) Metaspace: 21455K(21760K)->21455K(21760K) NonClass: 17704K(17856K)->17704K(17856K) Class: 3751K(3904K)->3751K(3904K)
[15.077s][info][gc          ] GC(4) Pause Full (System.gc()) 1346M->1346M(5939M) 2273.507ms
[17.356s][info][gc,metaspace] GC(5) Metaspace: 21455K(21760K)->21455K(21760K) NonClass: 17704K(17856K)->17704K(17856K) Class: 3751K(3904K)->3751K(3904K)
[17.356s][info][gc          ] GC(5) Pause Full (System.gc()) 1346M->1346M(5939M) 2274.171ms
[19.629s][info][gc,metaspace] GC(6) Metaspace: 21455K(21760K)->21455K(21760K) NonClass: 17704K(17856K)->17704K(17856K) Class: 3751K(3904K)->3751K(3904K)
[19.629s][info][gc          ] GC(6) Pause Full (System.gc()) 1346M->1346M(5939M) 2273.417ms
[21.952s][info][gc,metaspace] GC(7) Metaspace: 21455K(21760K)->21455K(21760K) NonClass: 17704K(17856K)->17704K(17856K) Class: 3751K(3904K)->3751K(3904K)
[21.952s][info][gc          ] GC(7) Pause Full (System.gc()) 1346M->1346M(5939M) 2274.479ms
[24.230s][info][gc,metaspace] GC(8) Metaspace: 21455K(21760K)->21455K(21760K) NonClass: 17704K(17856K)->17704K(17856K) Class: 3751K(3904K)->3751K(3904K)
[24.230s][info][gc          ] GC(8) Pause Full (System.gc()) 1346M->1346M(5939M) 2277.736ms
[26.503s][info][gc,metaspace] GC(9) Metaspace: 21455K(21760K)->21455K(21760K) NonClass: 17704K(17856K)->17704K(17856K) Class: 3751K(3904K)->3751K(3904K)
[26.503s][info][gc          ] GC(9) Pause Full (System.gc()) 1346M->1346M(5939M) 2273.283ms
[28.829s][info][gc,metaspace] GC(10) Metaspace: 21455K(21760K)->21455K(21760K) NonClass: 17704K(17856K)->17704K(17856K) Class: 3751K(3904K)->3751K(3904K)
[28.829s][info][gc          ] GC(10) Pause Full (System.gc()) 1346M->1346M(5939M) 2325.585ms
[31.103s][info][gc,metaspace] GC(11) Metaspace: 21455K(21760K)->21455K(21760K) NonClass: 17704K(17856K)->17704K(17856K) Class: 3751K(3904K)->3751K(3904K)
[31.103s][info][gc          ] GC(11) Pause Full (System.gc()) 1346M->1346M(5939M) 2273.812ms
[33.377s][info][gc,metaspace] GC(12) Metaspace: 21455K(21760K)->21455K(21760K) NonClass: 17704K(17856K)->17704K(17856K) Class: 3751K(3904K)->3751K(3904K)
[33.378s][info][gc          ] GC(12) Pause Full (System.gc()) 1346M->1346M(5939M) 2274.577ms
After GCs... 
