[0.001s][info][metaspace]  - commit_granule_bytes: 65536.
[0.001s][info][metaspace]  - commit_granule_words: 8192.
[0.001s][info][metaspace]  - virtual_space_node_default_size: 8388608.
[0.001s][info][metaspace]  - enlarge_chunks_in_place: 1.
[0.001s][info][metaspace]  - use_allocation_guard: 0.
[0.003s][info][gc       ] Using Serial
[1.217s][info][metaspace] Reserving compressed class space anywhere
[1.217s][info][gc,metaspace] CDS archive(s) not mapped
[1.217s][info][gc,metaspace] Compressed class space mapped at: 0x0000000028000000-0x00000000e8000000, reserved size: 3221225472
[1.217s][info][gc,metaspace] UseCompressedClassPointers 1, UseCompactObjectHeaders 1, narrow klass pointer bits 22, max shift 10
[1.217s][info][gc,metaspace] Narrow klass base: 0x0000000028000000, Narrow klass shift: 10, Narrow klass range: 0xc0000000
Num Classes: 16
Num Objects per Class: 4194304
Cycles: 10
randomize: true (disable with --no-randomization)
ballOfYarn mode: false (switch to flat mode with --flat-mode)
Generate 16 classes...
Loading 16...[1.944s][info][gc,metaspace] GC(0) Metaspace: 21402K(21760K)->21402K(21760K) NonClass: 17659K(17856K)->17659K(17856K) Class: 3743K(3904K)->3743K(3904K)
[1.944s][info][gc          ] GC(0) Pause Full (System.gc()) 229M->2M(5939M) 36.970ms
Creating 4194304 objects per class...
Preparatory GC...
[7.563s][info][gc,metaspace] GC(1) Metaspace: 21455K(21760K)->21455K(21760K) NonClass: 17704K(17856K)->17704K(17856K) Class: 3751K(3904K)->3751K(3904K)
[7.563s][info][gc          ] GC(1) Pause Full (System.gc()) 1471M->1346M(5939M) 3548.939ms
[9.886s][info][gc,metaspace] GC(2) Metaspace: 21455K(21760K)->21455K(21760K) NonClass: 17704K(17856K)->17704K(17856K) Class: 3751K(3904K)->3751K(3904K)
[9.886s][info][gc          ] GC(2) Pause Full (System.gc()) 1346M->1346M(5939M) 2322.273ms
Done; will start GCs... 
[12.803s][info][gc,metaspace] GC(3) Metaspace: 21455K(21760K)->21455K(21760K) NonClass: 17704K(17856K)->17704K(17856K) Class: 3751K(3904K)->3751K(3904K)
[12.803s][info][gc          ] GC(3) Pause Full (System.gc()) 1378M->1346M(5939M) 2912.797ms
[15.077s][info][gc,metaspace] GC(4) Metaspace: 21455K(21760K)->21455K(21760K) NonClass: 17704K(17856K)->17704K(17856K) Class: 3751K(3904K)->3751K(3904K)
[15.077s][info][gc          ] GC(4) Pause Full (System.gc()) 1346M->1346M(5939M) 2273.507ms
[17.356s][info][gc,metaspace] GC(5) Metaspace: 21455K(21760K)->21455K(21760K) NonClass: 17704K(17856K)->17704K(17856K) Class: 3751K(3904K)->3751K(3904K)
[17.356s][info][gc          ] GC(5) Pause Full (System.gc()) 1346M->1346M(5939M) 2274.171ms
[19.629s][info][gc,metaspace] GC(6) Metaspace: 21455K(21760K)->21455K(21760K) NonClass: 17704K(17856K)->17704K(17856K) Class: 3751K(3904K)->3751K(3904K)
[19.629s][info][gc          ] GC(6) Pause Full (System.gc()) 1346M->1346M(5939M) 2273.417ms
[21.952s][info][gc,metaspace] GC(7) Metaspace: 21455K(21760K)->21455K(21760K) NonClass: 17704K(17856K)->17704K(17856K) Class: 3751K(3904K)->3751K(3904K)
[21.952s][info][gc          ] GC(7) Pause Full (System.gc()) 1346M->1346M(5939M) 2274.479ms
[24.230s][info][gc,metaspace] GC(8) Metaspace: 21455K(21760K)->21455K(21760K) NonClass: 17704K(17856K)->17704K(17856K) Class: 3751K(3904K)->3751K(3904K)
[24.230s][info][gc          ] GC(8) Pause Full (System.gc()) 1346M->1346M(5939M) 2277.736ms
[26.503s][info][gc,metaspace] GC(9) Metaspace: 21455K(21760K)->21455K(21760K) NonClass: 17704K(17856K)->17704K(17856K) Class: 3751K(3904K)->3751K(3904K)
[26.503s][info][gc          ] GC(9) Pause Full (System.gc()) 1346M->1346M(5939M) 2273.283ms
[28.829s][info][gc,metaspace] GC(10) Metaspace: 21455K(21760K)->21455K(21760K) NonClass: 17704K(17856K)->17704K(17856K) Class: 3751K(3904K)->3751K(3904K)
[28.829s][info][gc          ] GC(10) Pause Full (System.gc()) 1346M->1346M(5939M) 2325.585ms
[31.103s][info][gc,metaspace] GC(11) Metaspace: 21455K(21760K)->21455K(21760K) NonClass: 17704K(17856K)->17704K(17856K) Class: 3751K(3904K)->3751K(3904K)
[31.103s][info][gc          ] GC(11) Pause Full (System.gc()) 1346M->1346M(5939M) 2273.812ms
[33.377s][info][gc,metaspace] GC(12) Metaspace: 21455K(21760K)->21455K(21760K) NonClass: 17704K(17856K)->17704K(17856K) Class: 3751K(3904K)->3751K(3904K)
[33.378s][info][gc          ] GC(12) Pause Full (System.gc()) 1346M->1346M(5939M) 2274.577ms
After GCs... 
