Done; will start GCs... 
[12.727s][info][gc,metaspace] GC(3) Metaspace: 21460K(21824K)->21460K(21824K) NonClass: 19132K(19328K)->19132K(19328K) Class: 2328K(2496K)->2328K(2496K)
[12.727s][info][gc          ] GC(3) Pause Full (System.gc()) 1474M->1443M(5939M) 3095.901ms
[15.214s][info][gc,metaspace] GC(4) Metaspace: 21460K(21824K)->21460K(21824K) NonClass: 19132K(19328K)->19132K(19328K) Class: 2328K(2496K)->2328K(2496K)
[15.214s][info][gc          ] GC(4) Pause Full (System.gc()) 1443M->1443M(5939M) 2486.231ms
[17.894s][info][gc,metaspace] GC(5) Metaspace: 21460K(21824K)->21460K(21824K) NonClass: 19132K(19328K)->19132K(19328K) Class: 2328K(2496K)->2328K(2496K)
[17.894s][info][gc          ] GC(5) Pause Full (System.gc()) 1443M->1443M(5939M) 2680.191ms
[20.379s][info][gc,metaspace] GC(6) Metaspace: 21460K(21824K)->21460K(21824K) NonClass: 19132K(19328K)->19132K(19328K) Class: 2328K(2496K)->2328K(2496K)
[20.379s][info][gc          ] GC(6) Pause Full (System.gc()) 1443M->1443M(5939M) 2480.824ms
[22.819s][info][gc,metaspace] GC(7) Metaspace: 21460K(21824K)->21460K(21824K) NonClass: 19132K(19328K)->19132K(19328K) Class: 2328K(2496K)->2328K(2496K)
[22.819s][info][gc          ] GC(7) Pause Full (System.gc()) 1443M->1443M(5939M) 2439.423ms
[25.299s][info][gc,metaspace] GC(8) Metaspace: 21460K(21824K)->21460K(21824K) NonClass: 19132K(19328K)->19132K(19328K) Class: 2328K(2496K)->2328K(2496K)
[25.299s][info][gc          ] GC(8) Pause Full (System.gc()) 1443M->1443M(5939M) 2479.594ms
[27.741s][info][gc,metaspace] GC(9) Metaspace: 21460K(21824K)->21460K(21824K) NonClass: 19132K(19328K)->19132K(19328K) Class: 2328K(2496K)->2328K(2496K)
[27.741s][info][gc          ] GC(9) Pause Full (System.gc()) 1443M->1443M(5939M) 2441.944ms
[30.236s][info][gc,metaspace] GC(10) Metaspace: 21460K(21824K)->21460K(21824K) NonClass: 19132K(19328K)->19132K(19328K) Class: 2328K(2496K)->2328K(2496K)
[30.236s][info][gc          ] GC(10) Pause Full (System.gc()) 1443M->1443M(5939M) 2495.135ms
[32.683s][info][gc,metaspace] GC(11) Metaspace: 21460K(21824K)->21460K(21824K) NonClass: 19132K(19328K)->19132K(19328K) Class: 2328K(2496K)->2328K(2496K)
[32.683s][info][gc          ] GC(11) Pause Full (System.gc()) 1443M->1443M(5939M) 2446.995ms
[35.127s][info][gc,metaspace] GC(12) Metaspace: 21460K(21824K)->21460K(21824K) NonClass: 19132K(19328K)->19132K(19328K) Class: 2328K(2496K)->2328K(2496K)
[35.127s][info][gc          ] GC(12) Pause Full (System.gc()) 1443M->1443M(5939M) 2443.920ms
After GCs... 
