Done; will start GCs... 
[38.713s][info   ][gc          ] Trigger: GC request (System.gc())
[38.716s][info   ][gc          ] GC(12) Concurrent reset 2.727ms
[38.716s][info   ][gc          ] GC(12) Pause Init Mark (unload classes) 0.051ms
[38.716s][info   ][gc          ] GC(12) Concurrent marking roots 0.189ms
[41.746s][info   ][gc          ] GC(12) Concurrent marking (unload classes) 3029.849ms
[41.746s][info   ][gc          ] GC(12) Pause Final Mark (unload classes) 0.191ms
[41.746s][info   ][gc          ] GC(12) Concurrent weak references 0.049ms
[41.747s][info   ][gc          ] GC(12) Concurrent weak roots 0.766ms
[41.747s][info   ][gc          ] GC(12) Concurrent cleanup 1576M->1574M(6144M) 0.032ms
[41.749s][info   ][gc          ] GC(12) Concurrent class unloading 1.801ms
[41.749s][info   ][gc          ] GC(12) Pause Final Roots 0.002ms
[41.749s][info   ][gc,metaspace] Metaspace: 13204K(13440K)->13204K(13440K) NonClass: 10450K(10560K)->10450K(10560K) Class: 2754K(2880K)->2754K(2880K)
[41.750s][info   ][gc          ] Trigger: GC request (System.gc())
[41.752s][info   ][gc          ] GC(13) Concurrent reset 2.501ms
[41.752s][info   ][gc          ] GC(13) Pause Init Mark (unload classes) 0.031ms
[41.752s][info   ][gc          ] GC(13) Concurrent marking roots 0.100ms
[44.820s][info   ][gc          ] GC(13) Concurrent marking (unload classes) 3067.110ms
[44.820s][info   ][gc          ] GC(13) Pause Final Mark (unload classes) 0.158ms
[44.820s][info   ][gc          ] GC(13) Concurrent weak references 0.024ms
[44.821s][info   ][gc          ] GC(13) Concurrent weak roots 0.863ms
[44.821s][info   ][gc          ] GC(13) Concurrent cleanup 1574M->1574M(6144M) 0.035ms
[44.823s][info   ][gc          ] GC(13) Concurrent class unloading 1.869ms
[44.823s][info   ][gc          ] GC(13) Pause Final Roots 0.002ms
[44.823s][info   ][gc,metaspace] Metaspace: 13204K(13440K)->13204K(13440K) NonClass: 10450K(10560K)->10450K(10560K) Class: 2754K(2880K)->2754K(2880K)
[44.825s][info   ][gc          ] Trigger: GC request (System.gc())
[44.827s][info   ][gc          ] GC(14) Concurrent reset 2.494ms
[44.827s][info   ][gc          ] GC(14) Pause Init Mark (unload classes) 0.039ms
[44.827s][info   ][gc          ] GC(14) Concurrent marking roots 0.092ms
[48.210s][info   ][gc          ] GC(14) Concurrent marking (unload classes) 3382.926ms
[48.211s][info   ][gc          ] GC(14) Pause Final Mark (unload classes) 0.168ms
[48.211s][info   ][gc          ] GC(14) Concurrent weak references 0.024ms
[48.211s][info   ][gc          ] GC(14) Concurrent weak roots 0.783ms
[48.212s][info   ][gc          ] GC(14) Concurrent cleanup 1574M->1574M(6144M) 0.037ms
[48.213s][info   ][gc          ] GC(14) Concurrent class unloading 1.365ms
[48.213s][info   ][gc          ] GC(14) Pause Final Roots 0.002ms
[48.213s][info   ][gc,metaspace] Metaspace: 13204K(13440K)->13204K(13440K) NonClass: 10450K(10560K)->10450K(10560K) Class: 2754K(2880K)->2754K(2880K)
[48.217s][info   ][gc          ] Trigger: GC request (System.gc())
[48.219s][info   ][gc          ] GC(15) Concurrent reset 2.486ms
[48.220s][info   ][gc          ] GC(15) Pause Init Mark (unload classes) 0.034ms
[48.220s][info   ][gc          ] GC(15) Concurrent marking roots 0.086ms
[51.253s][info   ][gc          ] GC(15) Concurrent marking (unload classes) 3033.754ms
[51.254s][info   ][gc          ] GC(15) Pause Final Mark (unload classes) 0.164ms
[51.254s][info   ][gc          ] GC(15) Concurrent weak references 0.024ms
[51.254s][info   ][gc          ] GC(15) Concurrent weak roots 0.752ms
[51.254s][info   ][gc          ] GC(15) Concurrent cleanup 1574M->1574M(6144M) 0.036ms
[51.256s][info   ][gc          ] GC(15) Concurrent class unloading 1.330ms
[51.256s][info   ][gc          ] GC(15) Pause Final Roots 0.002ms
[51.256s][info   ][gc,metaspace] Metaspace: 13204K(13440K)->13204K(13440K) NonClass: 10450K(10560K)->10450K(10560K) Class: 2754K(2880K)->2754K(2880K)
[51.264s][info   ][gc          ] Trigger: GC request (System.gc())
[51.266s][info   ][gc          ] GC(16) Concurrent reset 2.496ms
[51.266s][info   ][gc          ] GC(16) Pause Init Mark (unload classes) 0.032ms
[51.267s][info   ][gc          ] GC(16) Concurrent marking roots 0.086ms
[54.295s][info   ][gc          ] GC(16) Concurrent marking (unload classes) 3028.386ms
[54.295s][info   ][gc          ] GC(16) Pause Final Mark (unload classes) 0.184ms
[54.295s][info   ][gc          ] GC(16) Concurrent weak references 0.032ms
[54.296s][info   ][gc          ] GC(16) Concurrent weak roots 0.763ms
[54.296s][info   ][gc          ] GC(16) Concurrent cleanup 1574M->1574M(6144M) 0.031ms
[54.298s][info   ][gc          ] GC(16) Concurrent class unloading 1.933ms
[54.298s][info   ][gc          ] GC(16) Pause Final Roots 0.002ms
[54.298s][info   ][gc,metaspace] Metaspace: 13204K(13440K)->13204K(13440K) NonClass: 10450K(10560K)->10450K(10560K) Class: 2754K(2880K)->2754K(2880K)
[54.308s][info   ][gc          ] Trigger: GC request (System.gc())
[54.311s][info   ][gc          ] GC(17) Concurrent reset 2.512ms
[54.311s][info   ][gc          ] GC(17) Pause Init Mark (unload classes) 0.027ms
[54.311s][info   ][gc          ] GC(17) Concurrent marking roots 0.091ms
[57.429s][info   ][gc          ] GC(17) Concurrent marking (unload classes) 3118.401ms
[57.429s][info   ][gc          ] GC(17) Pause Final Mark (unload classes) 0.175ms
[57.430s][info   ][gc          ] GC(17) Concurrent weak references 0.024ms
[57.431s][info   ][gc          ] GC(17) Concurrent weak roots 0.935ms
[57.431s][info   ][gc          ] GC(17) Concurrent cleanup 1574M->1574M(6144M) 0.038ms
[57.432s][info   ][gc          ] GC(17) Concurrent class unloading 1.357ms
[57.432s][info   ][gc          ] GC(17) Pause Final Roots 0.002ms
[57.433s][info   ][gc,metaspace] Metaspace: 13204K(13440K)->13204K(13440K) NonClass: 10450K(10560K)->10450K(10560K) Class: 2754K(2880K)->2754K(2880K)
[57.443s][info   ][gc          ] Trigger: GC request (System.gc())
[57.445s][info   ][gc          ] GC(18) Concurrent reset 2.509ms
[57.445s][info   ][gc          ] GC(18) Pause Init Mark (unload classes) 0.035ms
[57.445s][info   ][gc          ] GC(18) Concurrent marking roots 0.103ms
[60.650s][info   ][gc          ] GC(18) Concurrent marking (unload classes) 3204.242ms
[60.650s][info   ][gc          ] GC(18) Pause Final Mark (unload classes) 0.159ms
[60.650s][info   ][gc          ] GC(18) Concurrent weak references 0.026ms
[60.651s][info   ][gc          ] GC(18) Concurrent weak roots 0.940ms
[60.651s][info   ][gc          ] GC(18) Concurrent cleanup 1574M->1574M(6144M) 0.040ms
[60.653s][info   ][gc          ] GC(18) Concurrent class unloading 1.927ms
[60.653s][info   ][gc          ] GC(18) Pause Final Roots 0.001ms
[60.653s][info   ][gc,metaspace] Metaspace: 13204K(13440K)->13204K(13440K) NonClass: 10450K(10560K)->10450K(10560K) Class: 2754K(2880K)->2754K(2880K)
[60.663s][info   ][gc          ] Trigger: GC request (System.gc())
[60.665s][info   ][gc          ] GC(19) Concurrent reset 2.481ms
[60.665s][info   ][gc          ] GC(19) Pause Init Mark (unload classes) 0.032ms
[60.665s][info   ][gc          ] GC(19) Concurrent marking roots 0.098ms
[63.756s][info   ][gc          ] GC(19) Concurrent marking (unload classes) 3090.299ms
[63.756s][info   ][gc          ] GC(19) Pause Final Mark (unload classes) 0.194ms
[63.756s][info   ][gc          ] GC(19) Concurrent weak references 0.041ms
[63.757s][info   ][gc          ] GC(19) Concurrent weak roots 0.762ms
[63.757s][info   ][gc          ] GC(19) Concurrent cleanup 1576M->1576M(6144M) 0.032ms
[63.759s][info   ][gc          ] GC(19) Concurrent class unloading 1.917ms
[63.759s][info   ][gc          ] GC(19) Pause Final Roots 0.002ms
[63.759s][info   ][gc,metaspace] Metaspace: 13204K(13440K)->13204K(13440K) NonClass: 10450K(10560K)->10450K(10560K) Class: 2754K(2880K)->2754K(2880K)
[63.760s][info   ][gc          ] Trigger: GC request (System.gc())
[63.762s][info   ][gc          ] GC(20) Concurrent reset 2.505ms
[63.763s][info   ][gc          ] GC(20) Pause Init Mark (unload classes) 0.033ms
[63.763s][info   ][gc          ] GC(20) Concurrent marking roots 0.097ms
[66.914s][info   ][gc          ] GC(20) Concurrent marking (unload classes) 3151.250ms
[66.914s][info   ][gc          ] GC(20) Pause Final Mark (unload classes) 0.164ms
[66.914s][info   ][gc          ] GC(20) Concurrent thread roots 0.060ms
[66.914s][info   ][gc          ] GC(20) Concurrent weak references 0.029ms
[66.915s][info   ][gc          ] GC(20) Concurrent weak roots 0.848ms
[66.915s][info   ][gc          ] GC(20) Concurrent cleanup 1576M->1576M(6144M) 0.036ms
[66.917s][info   ][gc          ] GC(20) Concurrent class unloading 1.815ms
[66.917s][info   ][gc          ] GC(20) Concurrent strong roots 0.077ms
[66.917s][info   ][gc          ] GC(20) Concurrent evacuation 0.043ms
[66.917s][info   ][gc          ] GC(20) Pause Init Update Refs 0.003ms
[66.917s][info   ][gc          ] GC(20) At start of update refs, moving 2048K to Mutator free partition from Collector Reserve
[68.747s][info   ][gc          ] GC(20) Concurrent update references 1829.458ms
[68.747s][info   ][gc          ] GC(20) Concurrent update thread roots 0.101ms
[68.747s][info   ][gc          ] GC(20) Pause Final Update Refs 0.092ms
[68.747s][info   ][gc          ] GC(20) Concurrent cleanup 1576M->1575M(6144M) 0.033ms
[68.747s][info   ][gc,metaspace] Metaspace: 13204K(13440K)->13204K(13440K) NonClass: 10450K(10560K)->10450K(10560K) Class: 2754K(2880K)->2754K(2880K)
[68.749s][info   ][gc          ] Trigger: GC request (System.gc())
[68.752s][info   ][gc          ] GC(21) Concurrent reset 2.490ms
[68.752s][info   ][gc          ] GC(21) Pause Init Mark (unload classes) 0.035ms
[68.752s][info   ][gc          ] GC(21) Concurrent marking roots 0.094ms
[71.787s][info   ][gc          ] GC(21) Concurrent marking (unload classes) 3034.887ms
[71.787s][info   ][gc          ] GC(21) Pause Final Mark (unload classes) 0.169ms
[71.787s][info   ][gc          ] GC(21) Concurrent weak references 0.026ms
[71.788s][info   ][gc          ] GC(21) Concurrent weak roots 0.889ms
[71.788s][info   ][gc          ] GC(21) Concurrent cleanup 1575M->1575M(6144M) 0.037ms
[71.789s][info   ][gc          ] GC(21) Concurrent class unloading 1.518ms
[71.789s][info   ][gc          ] GC(21) Pause Final Roots 0.002ms
[71.789s][info   ][gc,metaspace] Metaspace: 13204K(13440K)->13204K(13440K) NonClass: 10450K(10560K)->10450K(10560K) Class: 2754K(2880K)->2754K(2880K)
[71.793s][info   ][gc          ] Trigger: GC request (System.gc())
[71.796s][info   ][gc          ] GC(22) Concurrent reset 2.504ms
[71.796s][info   ][gc          ] GC(22) Pause Init Mark (unload classes) 0.035ms
[71.796s][info   ][gc          ] GC(22) Concurrent marking roots 0.103ms
[74.827s][info   ][gc          ] GC(22) Concurrent marking (unload classes) 3030.386ms
[74.827s][info   ][gc          ] GC(22) Pause Final Mark (unload classes) 0.168ms
[74.827s][info   ][gc          ] GC(22) Concurrent weak references 0.025ms
[74.828s][info   ][gc          ] GC(22) Concurrent weak roots 0.859ms
[74.828s][info   ][gc          ] GC(22) Concurrent cleanup 1575M->1575M(6144M) 0.035ms
[74.829s][info   ][gc          ] GC(22) Concurrent class unloading 1.294ms
[74.829s][info   ][gc          ] GC(22) Pause Final Roots 0.002ms
[74.829s][info   ][gc,metaspace] Metaspace: 13204K(13440K)->13204K(13440K) NonClass: 10450K(10560K)->10450K(10560K) Class: 2754K(2880K)->2754K(2880K)
[74.837s][info   ][gc          ] Trigger: GC request (System.gc())
[74.840s][info   ][gc          ] GC(23) Concurrent reset 2.489ms
[74.840s][info   ][gc          ] GC(23) Pause Init Mark (unload classes) 0.028ms
[74.840s][info   ][gc          ] GC(23) Concurrent marking roots 0.095ms
[77.913s][info   ][gc          ] GC(23) Concurrent marking (unload classes) 3072.834ms
[77.913s][info   ][gc          ] GC(23) Pause Final Mark (unload classes) 0.161ms
[77.913s][info   ][gc          ] GC(23) Concurrent weak references 0.024ms
[77.914s][info   ][gc          ] GC(23) Concurrent weak roots 0.872ms
[77.914s][info   ][gc          ] GC(23) Concurrent cleanup 1575M->1575M(6144M) 0.037ms
[77.916s][info   ][gc          ] GC(23) Concurrent class unloading 1.917ms
[77.916s][info   ][gc          ] GC(23) Pause Final Roots 0.002ms
[77.916s][info   ][gc,metaspace] Metaspace: 13204K(13440K)->13204K(13440K) NonClass: 10450K(10560K)->10450K(10560K) Class: 2754K(2880K)->2754K(2880K)
[77.926s][info   ][gc          ] Trigger: GC request (System.gc())
[77.928s][info   ][gc          ] GC(24) Concurrent reset 2.486ms
[77.928s][info   ][gc          ] GC(24) Pause Init Mark (unload classes) 0.027ms
[77.929s][info   ][gc          ] GC(24) Concurrent marking roots 0.088ms
[80.948s][info   ][gc          ] GC(24) Concurrent marking (unload classes) 3019.155ms
[80.948s][info   ][gc          ] GC(24) Pause Final Mark (unload classes) 0.197ms
[80.948s][info   ][gc          ] GC(24) Concurrent weak references 0.049ms
[80.949s][info   ][gc          ] GC(24) Concurrent weak roots 0.852ms
[80.949s][info   ][gc          ] GC(24) Concurrent cleanup 1575M->1575M(6144M) 0.036ms
[80.951s][info   ][gc          ] GC(24) Concurrent class unloading 1.951ms
[80.951s][info   ][gc          ] GC(24) Pause Final Roots 0.001ms
[80.951s][info   ][gc,metaspace] Metaspace: 13204K(13440K)->13204K(13440K) NonClass: 10450K(10560K)->10450K(10560K) Class: 2754K(2880K)->2754K(2880K)
[80.961s][info   ][gc          ] Trigger: GC request (System.gc())
[80.963s][info   ][gc          ] GC(25) Concurrent reset 2.488ms
[80.964s][info   ][gc          ] GC(25) Pause Init Mark (unload classes) 0.032ms
[80.964s][info   ][gc          ] GC(25) Concurrent marking roots 0.103ms
[84.004s][info   ][gc          ] GC(25) Concurrent marking (unload classes) 3040.748ms
[84.005s][info   ][gc          ] GC(25) Pause Final Mark (unload classes) 0.159ms
[84.005s][info   ][gc          ] GC(25) Concurrent weak references 0.023ms
[84.006s][info   ][gc          ] GC(25) Concurrent weak roots 0.824ms
[84.006s][info   ][gc          ] GC(25) Concurrent cleanup 1575M->1575M(6144M) 0.036ms
[84.007s][info   ][gc          ] GC(25) Concurrent class unloading 1.696ms
[84.007s][info   ][gc          ] GC(25) Pause Final Roots 0.002ms
[84.007s][info   ][gc,metaspace] Metaspace: 13204K(13440K)->13204K(13440K) NonClass: 10450K(10560K)->10450K(10560K) Class: 2754K(2880K)->2754K(2880K)
[84.017s][info   ][gc          ] Trigger: GC request (System.gc())
[84.020s][info   ][gc          ] GC(26) Concurrent reset 2.512ms
[84.020s][info   ][gc          ] GC(26) Pause Init Mark (unload classes) 0.038ms
[84.020s][info   ][gc          ] GC(26) Concurrent marking roots 0.089ms
[87.134s][info   ][gc          ] GC(26) Concurrent marking (unload classes) 3114.385ms
[87.135s][info   ][gc          ] GC(26) Pause Final Mark (unload classes) 0.151ms
[87.135s][info   ][gc          ] GC(26) Concurrent weak references 0.023ms
[87.136s][info   ][gc          ] GC(26) Concurrent weak roots 0.847ms
[87.136s][info   ][gc          ] GC(26) Concurrent cleanup 1575M->1575M(6144M) 0.037ms
[87.137s][info   ][gc          ] GC(26) Concurrent class unloading 1.699ms
[87.137s][info   ][gc          ] GC(26) Pause Final Roots 0.002ms
[87.137s][info   ][gc,metaspace] Metaspace: 13204K(13440K)->13204K(13440K) NonClass: 10450K(10560K)->10450K(10560K) Class: 2754K(2880K)->2754K(2880K)
[87.147s][info   ][gc          ] Trigger: GC request (System.gc())
[87.150s][info   ][gc          ] GC(27) Concurrent reset 2.506ms
[87.150s][info   ][gc          ] GC(27) Pause Init Mark (unload classes) 0.037ms
[87.150s][info   ][gc          ] GC(27) Concurrent marking roots 0.113ms
[90.173s][info   ][gc          ] GC(27) Concurrent marking (unload classes) 3022.564ms
[90.173s][info   ][gc          ] GC(27) Pause Final Mark (unload classes) 0.172ms
[90.173s][info   ][gc          ] GC(27) Concurrent weak references 0.025ms
[90.174s][info   ][gc          ] GC(27) Concurrent weak roots 0.886ms
[90.174s][info   ][gc          ] GC(27) Concurrent cleanup 1575M->1575M(6144M) 0.037ms
[90.175s][info   ][gc          ] GC(27) Concurrent class unloading 1.355ms
[90.175s][info   ][gc          ] GC(27) Pause Final Roots 0.001ms
[90.175s][info   ][gc,metaspace] Metaspace: 13204K(13440K)->13204K(13440K) NonClass: 10450K(10560K)->10450K(10560K) Class: 2754K(2880K)->2754K(2880K)
[90.185s][info   ][gc          ] Trigger: GC request (System.gc())
[90.188s][info   ][gc          ] GC(28) Concurrent reset 2.691ms
[90.188s][info   ][gc          ] GC(28) Pause Init Mark (unload classes) 0.039ms
[90.188s][info   ][gc          ] GC(28) Concurrent marking roots 0.099ms
[93.269s][info   ][gc          ] GC(28) Concurrent marking (unload classes) 3080.324ms
[93.269s][info   ][gc          ] GC(28) Pause Final Mark (unload classes) 0.199ms
[93.269s][info   ][gc          ] GC(28) Concurrent weak references 0.041ms
[93.270s][info   ][gc          ] GC(28) Concurrent weak roots 0.756ms
[93.270s][info   ][gc          ] GC(28) Concurrent cleanup 1575M->1575M(6144M) 0.032ms
[93.271s][info   ][gc          ] GC(28) Concurrent class unloading 1.560ms
[93.271s][info   ][gc          ] GC(28) Pause Final Roots 0.002ms
[93.271s][info   ][gc,metaspace] Metaspace: 13204K(13440K)->13204K(13440K) NonClass: 10450K(10560K)->10450K(10560K) Class: 2754K(2880K)->2754K(2880K)
[93.281s][info   ][gc          ] Trigger: GC request (System.gc())
[93.284s][info   ][gc          ] GC(29) Concurrent reset 2.539ms
[93.284s][info   ][gc          ] GC(29) Pause Init Mark (unload classes) 0.033ms
[93.284s][info   ][gc          ] GC(29) Concurrent marking roots 0.090ms
[96.467s][info   ][gc          ] GC(29) Concurrent marking (unload classes) 3182.375ms
[96.467s][info   ][gc          ] GC(29) Pause Final Mark (unload classes) 0.160ms
[96.467s][info   ][gc          ] GC(29) Concurrent weak references 0.024ms
[96.468s][info   ][gc          ] GC(29) Concurrent weak roots 0.929ms
[96.468s][info   ][gc          ] GC(29) Concurrent cleanup 1575M->1575M(6144M) 0.036ms
[96.469s][info   ][gc          ] GC(29) Concurrent class unloading 1.398ms
[96.469s][info   ][gc          ] GC(29) Pause Final Roots 0.002ms
[96.469s][info   ][gc,metaspace] Metaspace: 13204K(13440K)->13204K(13440K) NonClass: 10450K(10560K)->10450K(10560K) Class: 2754K(2880K)->2754K(2880K)
[96.479s][info   ][gc          ] Trigger: GC request (System.gc())
[96.482s][info   ][gc          ] GC(30) Concurrent reset 2.724ms
[96.482s][info   ][gc          ] GC(30) Pause Init Mark (unload classes) 0.039ms
[96.482s][info   ][gc          ] GC(30) Concurrent marking roots 0.099ms
[99.563s][info   ][gc          ] GC(30) Concurrent marking (unload classes) 3081.057ms
[99.564s][info   ][gc          ] GC(30) Pause Final Mark (unload classes) 0.170ms
[99.564s][info   ][gc          ] GC(30) Concurrent weak references 0.019ms
[99.564s][info   ][gc          ] GC(30) Concurrent weak roots 0.740ms
[99.564s][info   ][gc          ] GC(30) Concurrent cleanup 1575M->1575M(6144M) 0.032ms
[99.566s][info   ][gc          ] GC(30) Concurrent class unloading 1.483ms
[99.566s][info   ][gc          ] GC(30) Pause Final Roots 0.002ms
[99.566s][info   ][gc,metaspace] Metaspace: 13204K(13440K)->13204K(13440K) NonClass: 10450K(10560K)->10450K(10560K) Class: 2754K(2880K)->2754K(2880K)
[99.576s][info   ][gc          ] Trigger: GC request (System.gc())
[99.579s][info   ][gc          ] GC(31) Concurrent reset 2.510ms
[99.579s][info   ][gc          ] GC(31) Pause Init Mark (unload classes) 0.028ms
[99.579s][info   ][gc          ] GC(31) Concurrent marking roots 0.120ms
[102.631s][info   ][gc          ] GC(31) Concurrent marking (unload classes) 3052.102ms
[102.631s][info   ][gc          ] GC(31) Pause Final Mark (unload classes) 0.172ms
[102.631s][info   ][gc          ] GC(31) Concurrent weak references 0.024ms
[102.632s][info   ][gc          ] GC(31) Concurrent weak roots 0.777ms
[102.632s][info   ][gc          ] GC(31) Concurrent cleanup 1575M->1575M(6144M) 0.031ms
[102.634s][info   ][gc          ] GC(31) Concurrent class unloading 1.592ms
[102.634s][info   ][gc          ] GC(31) Pause Final Roots 0.002ms
[102.634s][info   ][gc,metaspace] Metaspace: 13204K(13440K)->13204K(13440K) NonClass: 10450K(10560K)->10450K(10560K) Class: 2754K(2880K)->2754K(2880K)
[102.644s][info   ][gc          ] Trigger: GC request (System.gc())
[102.646s][info   ][gc          ] GC(32) Concurrent reset 2.700ms
[102.647s][info   ][gc          ] GC(32) Pause Init Mark (unload classes) 0.050ms
[102.647s][info   ][gc          ] GC(32) Concurrent marking roots 0.095ms
[105.708s][info   ][gc          ] GC(32) Concurrent marking (unload classes) 3061.320ms
[105.708s][info   ][gc          ] GC(32) Pause Final Mark (unload classes) 0.183ms
[105.708s][info   ][gc          ] GC(32) Concurrent weak references 0.031ms
[105.709s][info   ][gc          ] GC(32) Concurrent weak roots 0.745ms
[105.709s][info   ][gc          ] GC(32) Concurrent cleanup 1575M->1575M(6144M) 0.032ms
[105.711s][info   ][gc          ] GC(32) Concurrent class unloading 1.442ms
[105.711s][info   ][gc          ] GC(32) Pause Final Roots 0.002ms
[105.711s][info   ][gc,metaspace] Metaspace: 13204K(13440K)->13204K(13440K) NonClass: 10450K(10560K)->10450K(10560K) Class: 2754K(2880K)->2754K(2880K)
[105.721s][info   ][gc          ] Trigger: GC request (System.gc())
[105.723s][info   ][gc          ] GC(33) Concurrent reset 2.740ms
[105.723s][info   ][gc          ] GC(33) Pause Init Mark (unload classes) 0.038ms
[105.724s][info   ][gc          ] GC(33) Concurrent marking roots 0.097ms
[108.785s][info   ][gc          ] GC(33) Concurrent marking (unload classes) 3061.169ms
[108.785s][info   ][gc          ] GC(33) Pause Final Mark (unload classes) 0.175ms
[108.785s][info   ][gc          ] GC(33) Concurrent weak references 0.023ms
[108.786s][info   ][gc          ] GC(33) Concurrent weak roots 0.885ms
[108.786s][info   ][gc          ] GC(33) Concurrent cleanup 1575M->1575M(6144M) 0.036ms
[108.787s][info   ][gc          ] GC(33) Concurrent class unloading 1.330ms
[108.787s][info   ][gc          ] GC(33) Pause Final Roots 0.001ms
[108.787s][info   ][gc,metaspace] Metaspace: 13204K(13440K)->13204K(13440K) NonClass: 10450K(10560K)->10450K(10560K) Class: 2754K(2880K)->2754K(2880K)
[108.797s][info   ][gc          ] Trigger: GC request (System.gc())
[108.800s][info   ][gc          ] GC(34) Concurrent reset 2.696ms
[108.800s][info   ][gc          ] GC(34) Pause Init Mark (unload classes) 0.045ms
[108.800s][info   ][gc          ] GC(34) Concurrent marking roots 0.099ms
[111.823s][info   ][gc          ] GC(34) Concurrent marking (unload classes) 3022.903ms
[111.824s][info   ][gc          ] GC(34) Pause Final Mark (unload classes) 0.176ms
[111.824s][info   ][gc          ] GC(34) Concurrent weak references 0.027ms
[111.824s][info   ][gc          ] GC(34) Concurrent weak roots 0.820ms
[111.824s][info   ][gc          ] GC(34) Concurrent cleanup 1575M->1575M(6144M) 0.038ms
[111.826s][info   ][gc          ] GC(34) Concurrent class unloading 1.336ms
[111.826s][info   ][gc          ] GC(34) Pause Final Roots 0.002ms
[111.826s][info   ][gc,metaspace] Metaspace: 13204K(13440K)->13204K(13440K) NonClass: 10450K(10560K)->10450K(10560K) Class: 2754K(2880K)->2754K(2880K)
[111.836s][info   ][gc          ] Trigger: GC request (System.gc())
[111.839s][info   ][gc          ] GC(35) Concurrent reset 2.704ms
[111.839s][info   ][gc          ] GC(35) Pause Init Mark (unload classes) 0.035ms
[111.839s][info   ][gc          ] GC(35) Concurrent marking roots 0.099ms
[115.160s][info   ][gc          ] GC(35) Concurrent marking (unload classes) 3320.930ms
[115.160s][info   ][gc          ] GC(35) Pause Final Mark (unload classes) 0.168ms
[115.160s][info   ][gc          ] GC(35) Concurrent weak references 0.039ms
[115.161s][info   ][gc          ] GC(35) Concurrent weak roots 0.858ms
[115.161s][info   ][gc          ] GC(35) Concurrent cleanup 1575M->1575M(6144M) 0.036ms
[115.163s][info   ][gc          ] GC(35) Concurrent class unloading 1.748ms
[115.163s][info   ][gc          ] GC(35) Pause Final Roots 0.002ms
[115.163s][info   ][gc,metaspace] Metaspace: 13204K(13440K)->13204K(13440K) NonClass: 10450K(10560K)->10450K(10560K) Class: 2754K(2880K)->2754K(2880K)
[115.173s][info   ][gc          ] Trigger: GC request (System.gc())
[115.176s][info   ][gc          ] GC(36) Concurrent reset 2.746ms
[115.176s][info   ][gc          ] GC(36) Pause Init Mark (unload classes) 0.044ms
[115.176s][info   ][gc          ] GC(36) Concurrent marking roots 0.099ms
[118.286s][info   ][gc          ] GC(36) Concurrent marking (unload classes) 3110.353ms
[118.286s][info   ][gc          ] GC(36) Pause Final Mark (unload classes) 0.175ms
[118.287s][info   ][gc          ] GC(36) Concurrent weak references 0.036ms
[118.287s][info   ][gc          ] GC(36) Concurrent weak roots 0.829ms
[118.287s][info   ][gc          ] GC(36) Concurrent cleanup 1575M->1575M(6144M) 0.036ms
[118.289s][info   ][gc          ] GC(36) Concurrent class unloading 1.402ms
[118.289s][info   ][gc          ] GC(36) Pause Final Roots 0.001ms
[118.289s][info   ][gc,metaspace] Metaspace: 13204K(13440K)->13204K(13440K) NonClass: 10450K(10560K)->10450K(10560K) Class: 2754K(2880K)->2754K(2880K)
[118.299s][info   ][gc          ] Trigger: GC request (System.gc())
[118.302s][info   ][gc          ] GC(37) Concurrent reset 2.747ms
[118.302s][info   ][gc          ] GC(37) Pause Init Mark (unload classes) 0.045ms
[118.302s][info   ][gc          ] GC(37) Concurrent marking roots 0.099ms
[121.370s][info   ][gc          ] GC(37) Concurrent marking (unload classes) 3067.798ms
[121.370s][info   ][gc          ] GC(37) Pause Final Mark (unload classes) 0.168ms
[121.370s][info   ][gc          ] GC(37) Concurrent weak references 0.033ms
[121.371s][info   ][gc          ] GC(37) Concurrent weak roots 0.775ms
[121.371s][info   ][gc          ] GC(37) Concurrent cleanup 1576M->1576M(6144M) 0.032ms
[121.372s][info   ][gc          ] GC(37) Concurrent class unloading 1.566ms
[121.372s][info   ][gc          ] GC(37) Pause Final Roots 0.001ms
[121.372s][info   ][gc,metaspace] Metaspace: 13204K(13440K)->13204K(13440K) NonClass: 10450K(10560K)->10450K(10560K) Class: 2754K(2880K)->2754K(2880K)
[121.373s][info   ][gc          ] Trigger: GC request (System.gc())
[121.376s][info   ][gc          ] GC(38) Concurrent reset 2.537ms
[121.376s][info   ][gc          ] GC(38) Pause Init Mark (unload classes) 0.035ms
[121.376s][info   ][gc          ] GC(38) Concurrent marking roots 0.090ms
[124.490s][info   ][gc          ] GC(38) Concurrent marking (unload classes) 3113.669ms
[124.490s][info   ][gc          ] GC(38) Pause Final Mark (unload classes) 0.169ms
[124.490s][info   ][gc          ] GC(38) Concurrent thread roots 0.067ms
[124.490s][info   ][gc          ] GC(38) Concurrent weak references 0.032ms
[124.491s][info   ][gc          ] GC(38) Concurrent weak roots 0.839ms
[124.491s][info   ][gc          ] GC(38) Concurrent cleanup 1576M->1576M(6144M) 0.037ms
[124.493s][info   ][gc          ] GC(38) Concurrent class unloading 1.432ms
[124.493s][info   ][gc          ] GC(38) Concurrent strong roots 0.063ms
[124.493s][info   ][gc          ] GC(38) Concurrent evacuation 0.025ms
[124.493s][info   ][gc          ] GC(38) Pause Init Update Refs 0.003ms
[124.493s][info   ][gc          ] GC(38) At start of update refs, moving 2048K to Mutator free partition from Collector Reserve
[126.376s][info   ][gc          ] GC(38) Concurrent update references 1883.154ms
[126.376s][info   ][gc          ] GC(38) Concurrent update thread roots 0.107ms
[126.377s][info   ][gc          ] GC(38) Pause Final Update Refs 0.090ms
[126.377s][info   ][gc          ] GC(38) Concurrent cleanup 1576M->1575M(6144M) 0.033ms
[126.377s][info   ][gc,metaspace] Metaspace: 13204K(13440K)->13204K(13440K) NonClass: 10450K(10560K)->10450K(10560K) Class: 2754K(2880K)->2754K(2880K)
[126.379s][info   ][gc          ] Trigger: GC request (System.gc())
[126.382s][info   ][gc          ] GC(39) Concurrent reset 2.726ms
[126.382s][info   ][gc          ] GC(39) Pause Init Mark (unload classes) 0.032ms
[126.382s][info   ][gc          ] GC(39) Concurrent marking roots 0.141ms
[129.621s][info   ][gc          ] GC(39) Concurrent marking (unload classes) 3238.677ms
[129.621s][info   ][gc          ] GC(39) Pause Final Mark (unload classes) 0.160ms
[129.621s][info   ][gc          ] GC(39) Concurrent weak references 0.024ms
[129.622s][info   ][gc          ] GC(39) Concurrent weak roots 0.934ms
[129.622s][info   ][gc          ] GC(39) Concurrent cleanup 1575M->1575M(6144M) 0.036ms
[129.624s][info   ][gc          ] GC(39) Concurrent class unloading 1.745ms
[129.624s][info   ][gc          ] GC(39) Pause Final Roots 0.002ms
[129.624s][info   ][gc,metaspace] Metaspace: 13204K(13440K)->13204K(13440K) NonClass: 10450K(10560K)->10450K(10560K) Class: 2754K(2880K)->2754K(2880K)
[129.628s][info   ][gc          ] Trigger: GC request (System.gc())
[129.630s][info   ][gc          ] GC(40) Concurrent reset 2.722ms
[129.631s][info   ][gc          ] GC(40) Pause Init Mark (unload classes) 0.049ms
[129.631s][info   ][gc          ] GC(40) Concurrent marking roots 0.106ms
[132.658s][info   ][gc          ] GC(40) Concurrent marking (unload classes) 3026.997ms
[132.658s][info   ][gc          ] GC(40) Pause Final Mark (unload classes) 0.183ms
[132.658s][info   ][gc          ] GC(40) Concurrent weak references 0.046ms
[132.659s][info   ][gc          ] GC(40) Concurrent weak roots 0.741ms
[132.659s][info   ][gc          ] GC(40) Concurrent cleanup 1575M->1575M(6144M) 0.031ms
[132.660s][info   ][gc          ] GC(40) Concurrent class unloading 1.498ms
[132.660s][info   ][gc          ] GC(40) Pause Final Roots 0.002ms
[132.660s][info   ][gc,metaspace] Metaspace: 13204K(13440K)->13204K(13440K) NonClass: 10450K(10560K)->10450K(10560K) Class: 2754K(2880K)->2754K(2880K)
[132.668s][info   ][gc          ] Trigger: GC request (System.gc())
[132.671s][info   ][gc          ] GC(41) Concurrent reset 2.517ms
[132.671s][info   ][gc          ] GC(41) Pause Init Mark (unload classes) 0.032ms
[132.671s][info   ][gc          ] GC(41) Concurrent marking roots 0.088ms
[135.855s][info   ][gc          ] GC(41) Concurrent marking (unload classes) 3183.401ms
[135.855s][info   ][gc          ] GC(41) Pause Final Mark (unload classes) 0.153ms
[135.855s][info   ][gc          ] GC(41) Concurrent weak references 0.024ms
[135.856s][info   ][gc          ] GC(41) Concurrent weak roots 0.911ms
[135.856s][info   ][gc          ] GC(41) Concurrent cleanup 1575M->1575M(6144M) 0.036ms
[135.858s][info   ][gc          ] GC(41) Concurrent class unloading 1.908ms
[135.858s][info   ][gc          ] GC(41) Pause Final Roots 0.002ms
[135.858s][info   ][gc,metaspace] Metaspace: 13204K(13440K)->13204K(13440K) NonClass: 10450K(10560K)->10450K(10560K) Class: 2754K(2880K)->2754K(2880K)
[135.868s][info   ][gc          ] Trigger: GC request (System.gc())
[135.870s][info   ][gc          ] GC(42) Concurrent reset 2.712ms
[135.871s][info   ][gc          ] GC(42) Pause Init Mark (unload classes) 0.048ms
[135.871s][info   ][gc          ] GC(42) Concurrent marking roots 0.097ms
[138.899s][info   ][gc          ] GC(42) Concurrent marking (unload classes) 3027.850ms
[138.899s][info   ][gc          ] GC(42) Pause Final Mark (unload classes) 0.177ms
[138.899s][info   ][gc          ] GC(42) Concurrent weak references 0.024ms
[138.900s][info   ][gc          ] GC(42) Concurrent weak roots 0.856ms
[138.900s][info   ][gc          ] GC(42) Concurrent cleanup 1575M->1575M(6144M) 0.042ms
[138.902s][info   ][gc          ] GC(42) Concurrent class unloading 1.915ms
[138.902s][info   ][gc          ] GC(42) Pause Final Roots 0.002ms
[138.902s][info   ][gc,metaspace] Metaspace: 13204K(13440K)->13204K(13440K) NonClass: 10450K(10560K)->10450K(10560K) Class: 2754K(2880K)->2754K(2880K)
[138.912s][info   ][gc          ] Trigger: GC request (System.gc())
[138.915s][info   ][gc          ] GC(43) Concurrent reset 2.731ms
[138.915s][info   ][gc          ] GC(43) Pause Init Mark (unload classes) 0.048ms
[138.915s][info   ][gc          ] GC(43) Concurrent marking roots 0.119ms
[141.977s][info   ][gc          ] GC(43) Concurrent marking (unload classes) 3061.700ms
[141.977s][info   ][gc          ] GC(43) Pause Final Mark (unload classes) 0.155ms
[141.977s][info   ][gc          ] GC(43) Concurrent weak references 0.023ms
[141.978s][info   ][gc          ] GC(43) Concurrent weak roots 0.889ms
[141.978s][info   ][gc          ] GC(43) Concurrent cleanup 1575M->1575M(6144M) 0.036ms
[141.979s][info   ][gc          ] GC(43) Concurrent class unloading 1.430ms
[141.979s][info   ][gc          ] GC(43) Pause Final Roots 0.002ms
[141.979s][info   ][gc,metaspace] Metaspace: 13204K(13440K)->13204K(13440K) NonClass: 10450K(10560K)->10450K(10560K) Class: 2754K(2880K)->2754K(2880K)
[141.989s][info   ][gc          ] Trigger: GC request (System.gc())
[141.992s][info   ][gc          ] GC(44) Concurrent reset 2.679ms
[141.992s][info   ][gc          ] GC(44) Pause Init Mark (unload classes) 0.039ms
[141.992s][info   ][gc          ] GC(44) Concurrent marking roots 0.098ms
[145.042s][info   ][gc          ] GC(44) Concurrent marking (unload classes) 3049.402ms
[145.042s][info   ][gc          ] GC(44) Pause Final Mark (unload classes) 0.161ms
[145.042s][info   ][gc          ] GC(44) Concurrent weak references 0.023ms
[145.043s][info   ][gc          ] GC(44) Concurrent weak roots 0.804ms
[145.043s][info   ][gc          ] GC(44) Concurrent cleanup 1575M->1575M(6144M) 0.032ms
[145.044s][info   ][gc          ] GC(44) Concurrent class unloading 1.586ms
[145.044s][info   ][gc          ] GC(44) Pause Final Roots 0.002ms
[145.044s][info   ][gc,metaspace] Metaspace: 13204K(13440K)->13204K(13440K) NonClass: 10450K(10560K)->10450K(10560K) Class: 2754K(2880K)->2754K(2880K)
[145.054s][info   ][gc          ] Trigger: GC request (System.gc())
[145.057s][info   ][gc          ] GC(45) Concurrent reset 2.687ms
[145.057s][info   ][gc          ] GC(45) Pause Init Mark (unload classes) 0.048ms
[145.057s][info   ][gc          ] GC(45) Concurrent marking roots 0.114ms
[148.085s][info   ][gc          ] GC(45) Concurrent marking (unload classes) 3027.420ms
[148.085s][info   ][gc          ] GC(45) Pause Final Mark (unload classes) 0.174ms
[148.085s][info   ][gc          ] GC(45) Concurrent weak references 0.046ms
[148.086s][info   ][gc          ] GC(45) Concurrent weak roots 0.739ms
[148.086s][info   ][gc          ] GC(45) Concurrent cleanup 1575M->1575M(6144M) 0.032ms
[148.087s][info   ][gc          ] GC(45) Concurrent class unloading 1.410ms
[148.087s][info   ][gc          ] GC(45) Pause Final Roots 0.002ms
[148.087s][info   ][gc,metaspace] Metaspace: 13204K(13440K)->13204K(13440K) NonClass: 10450K(10560K)->10450K(10560K) Class: 2754K(2880K)->2754K(2880K)
[148.097s][info   ][gc          ] Trigger: GC request (System.gc())
[148.100s][info   ][gc          ] GC(46) Concurrent reset 2.721ms
[148.100s][info   ][gc          ] GC(46) Pause Init Mark (unload classes) 0.037ms
[148.100s][info   ][gc          ] GC(46) Concurrent marking roots 0.113ms
[151.160s][info   ][gc          ] GC(46) Concurrent marking (unload classes) 3059.462ms
[151.160s][info   ][gc          ] GC(46) Pause Final Mark (unload classes) 0.167ms
[151.160s][info   ][gc          ] GC(46) Concurrent weak references 0.022ms
[151.161s][info   ][gc          ] GC(46) Concurrent weak roots 0.861ms
[151.161s][info   ][gc          ] GC(46) Concurrent cleanup 1575M->1575M(6144M) 0.036ms
[151.163s][info   ][gc          ] GC(46) Concurrent class unloading 1.752ms
[151.163s][info   ][gc          ] GC(46) Pause Final Roots 0.002ms
[151.163s][info   ][gc,metaspace] Metaspace: 13204K(13440K)->13204K(13440K) NonClass: 10450K(10560K)->10450K(10560K) Class: 2754K(2880K)->2754K(2880K)
[151.173s][info   ][gc          ] Trigger: GC request (System.gc())
[151.176s][info   ][gc          ] GC(47) Concurrent reset 2.717ms
[151.176s][info   ][gc          ] GC(47) Pause Init Mark (unload classes) 0.059ms
[151.176s][info   ][gc          ] GC(47) Concurrent marking roots 0.099ms
[154.254s][info   ][gc          ] GC(47) Concurrent marking (unload classes) 3078.046ms
[154.254s][info   ][gc          ] GC(47) Pause Final Mark (unload classes) 0.180ms
[154.254s][info   ][gc          ] GC(47) Concurrent weak references 0.032ms
[154.255s][info   ][gc          ] GC(47) Concurrent weak roots 0.847ms
[154.255s][info   ][gc          ] GC(47) Concurrent cleanup 1575M->1575M(6144M) 0.034ms
[154.257s][info   ][gc          ] GC(47) Concurrent class unloading 1.677ms
[154.257s][info   ][gc          ] GC(47) Pause Final Roots 0.002ms
[154.257s][info   ][gc,metaspace] Metaspace: 13204K(13440K)->13204K(13440K) NonClass: 10450K(10560K)->10450K(10560K) Class: 2754K(2880K)->2754K(2880K)
[154.267s][info   ][gc          ] Trigger: GC request (System.gc())
[154.270s][info   ][gc          ] GC(48) Concurrent reset 2.693ms
[154.270s][info   ][gc          ] GC(48) Pause Init Mark (unload classes) 0.051ms
[154.270s][info   ][gc          ] GC(48) Concurrent marking roots 0.097ms
[157.296s][info   ][gc          ] GC(48) Concurrent marking (unload classes) 3025.840ms
[157.296s][info   ][gc          ] GC(48) Pause Final Mark (unload classes) 0.171ms
[157.296s][info   ][gc          ] GC(48) Concurrent weak references 0.025ms
[157.297s][info   ][gc          ] GC(48) Concurrent weak roots 0.862ms
[157.297s][info   ][gc          ] GC(48) Concurrent cleanup 1575M->1575M(6144M) 0.036ms
[157.299s][info   ][gc          ] GC(48) Concurrent class unloading 1.784ms
[157.299s][info   ][gc          ] GC(48) Pause Final Roots 0.002ms
[157.299s][info   ][gc,metaspace] Metaspace: 13204K(13440K)->13204K(13440K) NonClass: 10450K(10560K)->10450K(10560K) Class: 2754K(2880K)->2754K(2880K)
[157.309s][info   ][gc          ] Trigger: GC request (System.gc())
[157.312s][info   ][gc          ] GC(49) Concurrent reset 2.709ms
[157.312s][info   ][gc          ] GC(49) Pause Init Mark (unload classes) 0.048ms
[157.312s][info   ][gc          ] GC(49) Concurrent marking roots 0.119ms
[160.340s][info   ][gc          ] GC(49) Concurrent marking (unload classes) 3027.858ms
[160.340s][info   ][gc          ] GC(49) Pause Final Mark (unload classes) 0.173ms
[160.340s][info   ][gc          ] GC(49) Concurrent weak references 0.025ms
[160.341s][info   ][gc          ] GC(49) Concurrent weak roots 0.856ms
[160.341s][info   ][gc          ] GC(49) Concurrent cleanup 1575M->1575M(6144M) 0.036ms
[160.343s][info   ][gc          ] GC(49) Concurrent class unloading 1.787ms
[160.343s][info   ][gc          ] GC(49) Pause Final Roots 0.001ms
[160.343s][info   ][gc,metaspace] Metaspace: 13204K(13440K)->13204K(13440K) NonClass: 10450K(10560K)->10450K(10560K) Class: 2754K(2880K)->2754K(2880K)
[160.353s][info   ][gc          ] Trigger: GC request (System.gc())
[160.356s][info   ][gc          ] GC(50) Concurrent reset 2.724ms
[160.356s][info   ][gc          ] GC(50) Pause Init Mark (unload classes) 0.047ms
[160.356s][info   ][gc          ] GC(50) Concurrent marking roots 0.094ms
[163.418s][info   ][gc          ] GC(50) Concurrent marking (unload classes) 3062.121ms
[163.418s][info   ][gc          ] GC(50) Pause Final Mark (unload classes) 0.193ms
[163.419s][info   ][gc          ] GC(50) Concurrent weak references 0.036ms
[163.419s][info   ][gc          ] GC(50) Concurrent weak roots 0.785ms
[163.420s][info   ][gc          ] GC(50) Concurrent cleanup 1575M->1575M(6144M) 0.036ms
[163.421s][info   ][gc          ] GC(50) Concurrent class unloading 1.549ms
[163.421s][info   ][gc          ] GC(50) Pause Final Roots 0.002ms
[163.421s][info   ][gc,metaspace] Metaspace: 13204K(13440K)->13204K(13440K) NonClass: 10450K(10560K)->10450K(10560K) Class: 2754K(2880K)->2754K(2880K)
[163.431s][info   ][gc          ] Trigger: GC request (System.gc())
[163.434s][info   ][gc          ] GC(51) Concurrent reset 2.527ms
[163.434s][info   ][gc          ] GC(51) Pause Init Mark (unload classes) 0.033ms
[163.434s][info   ][gc          ] GC(51) Concurrent marking roots 0.096ms
[166.564s][info   ][gc          ] GC(51) Concurrent marking (unload classes) 3129.733ms
[166.564s][info   ][gc          ] GC(51) Pause Final Mark (unload classes) 0.186ms
[166.564s][info   ][gc          ] GC(51) Concurrent weak references 0.047ms
[166.565s][info   ][gc          ] GC(51) Concurrent weak roots 0.741ms
[166.565s][info   ][gc          ] GC(51) Concurrent cleanup 1575M->1575M(6144M) 0.038ms
[166.566s][info   ][gc          ] GC(51) Concurrent class unloading 1.495ms
[166.566s][info   ][gc          ] GC(51) Pause Final Roots 0.002ms
[166.566s][info   ][gc,metaspace] Metaspace: 13204K(13440K)->13204K(13440K) NonClass: 10450K(10560K)->10450K(10560K) Class: 2754K(2880K)->2754K(2880K)
[166.576s][info   ][gc          ] Trigger: GC request (System.gc())
[166.579s][info   ][gc          ] GC(52) Concurrent reset 2.515ms
[166.579s][info   ][gc          ] GC(52) Pause Init Mark (unload classes) 0.033ms
[166.579s][info   ][gc          ] GC(52) Concurrent marking roots 0.090ms
[169.675s][info   ][gc          ] GC(52) Concurrent marking (unload classes) 3095.685ms
[169.675s][info   ][gc          ] GC(52) Pause Final Mark (unload classes) 0.185ms
[169.675s][info   ][gc          ] GC(52) Concurrent weak references 0.041ms
[169.676s][info   ][gc          ] GC(52) Concurrent weak roots 0.790ms
[169.676s][info   ][gc          ] GC(52) Concurrent cleanup 1575M->1575M(6144M) 0.033ms
[169.677s][info   ][gc          ] GC(52) Concurrent class unloading 1.510ms
[169.677s][info   ][gc          ] GC(52) Pause Final Roots 0.002ms
[169.678s][info   ][gc,metaspace] Metaspace: 13204K(13440K)->13204K(13440K) NonClass: 10450K(10560K)->10450K(10560K) Class: 2754K(2880K)->2754K(2880K)
[169.688s][info   ][gc          ] Trigger: GC request (System.gc())
[169.690s][info   ][gc          ] GC(53) Concurrent reset 2.518ms
[169.690s][info   ][gc          ] GC(53) Pause Init Mark (unload classes) 0.035ms
[169.690s][info   ][gc          ] GC(53) Concurrent marking roots 0.105ms
[172.802s][info   ][gc          ] GC(53) Concurrent marking (unload classes) 3111.964ms
[172.802s][info   ][gc          ] GC(53) Pause Final Mark (unload classes) 0.162ms
[172.803s][info   ][gc          ] GC(53) Concurrent weak references 0.025ms
[172.803s][info   ][gc          ] GC(53) Concurrent weak roots 0.743ms
[172.803s][info   ][gc          ] GC(53) Concurrent cleanup 1575M->1575M(6144M) 0.032ms
[172.805s][info   ][gc          ] GC(53) Concurrent class unloading 1.325ms
[172.805s][info   ][gc          ] GC(53) Pause Final Roots 0.001ms
[172.805s][info   ][gc,metaspace] Metaspace: 13204K(13440K)->13204K(13440K) NonClass: 10450K(10560K)->10450K(10560K) Class: 2754K(2880K)->2754K(2880K)
[172.815s][info   ][gc          ] Trigger: GC request (System.gc())
[172.818s][info   ][gc          ] GC(54) Concurrent reset 2.727ms
[172.818s][info   ][gc          ] GC(54) Pause Init Mark (unload classes) 0.036ms
[172.818s][info   ][gc          ] GC(54) Concurrent marking roots 0.096ms
[175.930s][info   ][gc          ] GC(54) Concurrent marking (unload classes) 3112.100ms
[175.930s][info   ][gc          ] GC(54) Pause Final Mark (unload classes) 0.162ms
[175.930s][info   ][gc          ] GC(54) Concurrent weak references 0.024ms
[175.931s][info   ][gc          ] GC(54) Concurrent weak roots 0.884ms
[175.931s][info   ][gc          ] GC(54) Concurrent cleanup 1575M->1575M(6144M) 0.035ms
[175.932s][info   ][gc          ] GC(54) Concurrent class unloading 1.293ms
[175.932s][info   ][gc          ] GC(54) Pause Final Roots 0.002ms
[175.932s][info   ][gc,metaspace] Metaspace: 13204K(13440K)->13204K(13440K) NonClass: 10450K(10560K)->10450K(10560K) Class: 2754K(2880K)->2754K(2880K)
[175.942s][info   ][gc          ] Trigger: GC request (System.gc())
[175.945s][info   ][gc          ] GC(55) Concurrent reset 2.704ms
[175.945s][info   ][gc          ] GC(55) Pause Init Mark (unload classes) 0.044ms
[175.945s][info   ][gc          ] GC(55) Concurrent marking roots 0.096ms
[178.981s][info   ][gc          ] GC(55) Concurrent marking (unload classes) 3035.887ms
[178.982s][info   ][gc          ] GC(55) Pause Final Mark (unload classes) 0.160ms
[178.982s][info   ][gc          ] GC(55) Concurrent weak references 0.023ms
[178.982s][info   ][gc          ] GC(55) Concurrent weak roots 0.806ms
[178.982s][info   ][gc          ] GC(55) Concurrent cleanup 1575M->1575M(6144M) 0.042ms
[178.984s][info   ][gc          ] GC(55) Concurrent class unloading 1.756ms
[178.984s][info   ][gc          ] GC(55) Pause Final Roots 0.002ms
[178.984s][info   ][gc,metaspace] Metaspace: 13204K(13440K)->13204K(13440K) NonClass: 10450K(10560K)->10450K(10560K) Class: 2754K(2880K)->2754K(2880K)
[178.994s][info   ][gc          ] Trigger: GC request (System.gc())
[178.997s][info   ][gc          ] GC(56) Concurrent reset 2.715ms
[178.997s][info   ][gc          ] GC(56) Pause Init Mark (unload classes) 0.062ms
[178.997s][info   ][gc          ] GC(56) Concurrent marking roots 0.099ms
[182.092s][info   ][gc          ] GC(56) Concurrent marking (unload classes) 3094.626ms
[182.092s][info   ][gc          ] GC(56) Pause Final Mark (unload classes) 0.169ms
[182.092s][info   ][gc          ] GC(56) Concurrent weak references 0.032ms
[182.093s][info   ][gc          ] GC(56) Concurrent weak roots 0.821ms
[182.093s][info   ][gc          ] GC(56) Concurrent cleanup 1576M->1576M(6144M) 0.036ms
[182.094s][info   ][gc          ] GC(56) Concurrent class unloading 1.375ms
[182.094s][info   ][gc          ] GC(56) Pause Final Roots 0.002ms
[182.095s][info   ][gc,metaspace] Metaspace: 13204K(13440K)->13204K(13440K) NonClass: 10450K(10560K)->10450K(10560K) Class: 2754K(2880K)->2754K(2880K)
[182.096s][info   ][gc          ] Trigger: GC request (System.gc())
[182.098s][info   ][gc          ] GC(57) Concurrent reset 2.530ms
[182.098s][info   ][gc          ] GC(57) Pause Init Mark (unload classes) 0.040ms
[182.098s][info   ][gc          ] GC(57) Concurrent marking roots 0.090ms
[185.202s][info   ][gc          ] GC(57) Concurrent marking (unload classes) 3103.919ms
[185.202s][info   ][gc          ] GC(57) Pause Final Mark (unload classes) 0.172ms
[185.203s][info   ][gc          ] GC(57) Concurrent thread roots 0.075ms
[185.203s][info   ][gc          ] GC(57) Concurrent weak references 0.035ms
[185.203s][info   ][gc          ] GC(57) Concurrent weak roots 0.868ms
[185.203s][info   ][gc          ] GC(57) Concurrent cleanup 1576M->1576M(6144M) 0.035ms
[185.205s][info   ][gc          ] GC(57) Concurrent class unloading 1.714ms
[185.205s][info   ][gc          ] GC(57) Concurrent strong roots 0.043ms
[185.205s][info   ][gc          ] GC(57) Concurrent evacuation 0.033ms
[185.205s][info   ][gc          ] GC(57) Pause Init Update Refs 0.003ms
[185.205s][info   ][gc          ] GC(57) At start of update refs, moving 2048K to Mutator free partition from Collector Reserve
[187.077s][info   ][gc          ] GC(57) Concurrent update references 1872.101ms
[187.078s][info   ][gc          ] GC(57) Concurrent update thread roots 0.101ms
[187.078s][info   ][gc          ] GC(57) Pause Final Update Refs 0.086ms
[187.078s][info   ][gc          ] GC(57) Concurrent cleanup 1576M->1575M(6144M) 0.039ms
[187.078s][info   ][gc,metaspace] Metaspace: 13204K(13440K)->13204K(13440K) NonClass: 10450K(10560K)->10450K(10560K) Class: 2754K(2880K)->2754K(2880K)
[187.080s][info   ][gc          ] Trigger: GC request (System.gc())
[187.083s][info   ][gc          ] GC(58) Concurrent reset 2.743ms
[187.083s][info   ][gc          ] GC(58) Pause Init Mark (unload classes) 0.038ms
[187.083s][info   ][gc          ] GC(58) Concurrent marking roots 0.108ms
[190.177s][info   ][gc          ] GC(58) Concurrent marking (unload classes) 3094.510ms
[190.178s][info   ][gc          ] GC(58) Pause Final Mark (unload classes) 0.181ms
[190.178s][info   ][gc          ] GC(58) Concurrent weak references 0.030ms
[190.178s][info   ][gc          ] GC(58) Concurrent weak roots 0.822ms
[190.179s][info   ][gc          ] GC(58) Concurrent cleanup 1575M->1575M(6144M) 0.037ms
[190.181s][info   ][gc          ] GC(58) Concurrent class unloading 2.021ms
[190.181s][info   ][gc          ] GC(58) Pause Final Roots 0.002ms
[190.181s][info   ][gc,metaspace] Metaspace: 13204K(13440K)->13204K(13440K) NonClass: 10450K(10560K)->10450K(10560K) Class: 2754K(2880K)->2754K(2880K)
[190.185s][info   ][gc          ] Trigger: GC request (System.gc())
[190.187s][info   ][gc          ] GC(59) Concurrent reset 2.732ms
[190.188s][info   ][gc          ] GC(59) Pause Init Mark (unload classes) 0.056ms
[190.188s][info   ][gc          ] GC(59) Concurrent marking roots 0.112ms
[193.217s][info   ][gc          ] GC(59) Concurrent marking (unload classes) 3029.798ms
[193.218s][info   ][gc          ] GC(59) Pause Final Mark (unload classes) 0.174ms
[193.218s][info   ][gc          ] GC(59) Concurrent weak references 0.020ms
[193.218s][info   ][gc          ] GC(59) Concurrent weak roots 0.756ms
[193.219s][info   ][gc          ] GC(59) Concurrent cleanup 1575M->1575M(6144M) 0.031ms
[193.221s][info   ][gc          ] GC(59) Concurrent class unloading 1.971ms
[193.221s][info   ][gc          ] GC(59) Pause Final Roots 0.002ms
[193.221s][info   ][gc,metaspace] Metaspace: 13204K(13440K)->13204K(13440K) NonClass: 10450K(10560K)->10450K(10560K) Class: 2754K(2880K)->2754K(2880K)
[193.229s][info   ][gc          ] Trigger: GC request (System.gc())
[193.231s][info   ][gc          ] GC(60) Concurrent reset 2.504ms
[193.231s][info   ][gc          ] GC(60) Pause Init Mark (unload classes) 0.033ms
[193.231s][info   ][gc          ] GC(60) Concurrent marking roots 0.104ms
[196.283s][info   ][gc          ] GC(60) Concurrent marking (unload classes) 3051.458ms
[196.283s][info   ][gc          ] GC(60) Pause Final Mark (unload classes) 0.183ms
[196.283s][info   ][gc          ] GC(60) Concurrent weak references 0.023ms
[196.284s][info   ][gc          ] GC(60) Concurrent weak roots 0.834ms
[196.284s][info   ][gc          ] GC(60) Concurrent cleanup 1575M->1575M(6144M) 0.037ms
[196.286s][info   ][gc          ] GC(60) Concurrent class unloading 1.779ms
[196.286s][info   ][gc          ] GC(60) Pause Final Roots 0.002ms
[196.286s][info   ][gc,metaspace] Metaspace: 13204K(13440K)->13204K(13440K) NonClass: 10450K(10560K)->10450K(10560K) Class: 2754K(2880K)->2754K(2880K)
[196.296s][info   ][gc          ] Trigger: GC request (System.gc())
[196.298s][info   ][gc          ] GC(61) Concurrent reset 2.486ms
[196.298s][info   ][gc          ] GC(61) Pause Init Mark (unload classes) 0.028ms
[196.299s][info   ][gc          ] GC(61) Concurrent marking roots 0.093ms
[199.381s][info   ][gc          ] GC(61) Concurrent marking (unload classes) 3082.030ms
[199.381s][info   ][gc          ] GC(61) Pause Final Mark (unload classes) 0.157ms
[199.381s][info   ][gc          ] GC(61) Concurrent weak references 0.025ms
[199.382s][info   ][gc          ] GC(61) Concurrent weak roots 0.955ms
[199.382s][info   ][gc          ] GC(61) Concurrent cleanup 1575M->1575M(6144M) 0.037ms
[199.384s][info   ][gc          ] GC(61) Concurrent class unloading 1.883ms
[199.384s][info   ][gc          ] GC(61) Pause Final Roots 0.002ms
[199.384s][info   ][gc,metaspace] Metaspace: 13204K(13440K)->13204K(13440K) NonClass: 10450K(10560K)->10450K(10560K) Class: 2754K(2880K)->2754K(2880K)
After GCs... 
[199.391s][info   ][gc          ] Cancelling GC: Stopping VM
