[0.001s][info][metaspace]  - commit_granule_bytes: 65536.
[0.001s][info][metaspace]  - commit_granule_words: 8192.
[0.001s][info][metaspace]  - virtual_space_node_default_size: 8388608.
[0.001s][info][metaspace]  - enlarge_chunks_in_place: 1.
[0.001s][info][metaspace]  - use_allocation_guard: 0.
[0.005s][info][gc       ] Using Parallel
[0.371s][info][metaspace] Reserving compressed class space anywhere
[0.372s][info][gc,metaspace] CDS archive(s) not mapped
[0.372s][info][gc,metaspace] Compressed class space mapped at: 0x000000003c000000-0x00000000fc000000, reserved size: 3221225472
[0.372s][info][gc,metaspace] UseCompressedClassPointers 1, UseCompactObjectHeaders 1, narrow klass pointer bits 22, max shift 10
[0.372s][info][gc,metaspace] Narrow klass base: 0x000000003c000000, Narrow klass shift: 10, Narrow klass range: 0xc0000000
Num Classes: 4096
Num Objects per Class: 16384
Cycles: 10
randomize: true (disable with --no-randomization)
ballOfYarn mode: false (switch to flat mode with --flat-mode)
Generate 4096 classes...[2.459s][info][gc,metaspace] GC(0) Metaspace: 22897K(23232K)->22897K(23232K) NonClass: 19166K(19328K)->19166K(19328K) Class: 3730K(3904K)->3730K(3904K)
[2.459s][info][gc          ] GC(0) Pause Young (Allocation Failure) 1536M->4M(5888M) 6.377ms
[3.689s][info][gc,metaspace] GC(1) Metaspace: 23723K(24064K)->23723K(24064K) NonClass: 19990K(20160K)->19990K(20160K) Class: 3732K(3904K)->3732K(3904K)
[3.689s][info][gc          ] GC(1) Pause Young (Allocation Failure) 1540M->4M(5888M) 4.794ms
[4.944s][info][gc,metaspace] GC(2) Metaspace: 23798K(24128K)->23798K(24128K) NonClass: 20066K(20224K)->20066K(20224K) Class: 3732K(3904K)->3732K(3904K)
[4.944s][info][gc          ] GC(2) Pause Young (Allocation Failure) 1540M->5M(5888M) 5.727ms
[6.086s][info][gc,metaspace] GC(3) Metaspace: 23844K(24192K)->23844K(24192K) NonClass: 20112K(20288K)->20112K(20288K) Class: 3732K(3904K)->3732K(3904K)
[6.086s][info][gc          ] GC(3) Pause Young (Allocation Failure) 1541M->5M(5888M) 5.171ms
[7.163s][info][gc,metaspace] GC(4) Metaspace: 23909K(24320K)->23909K(24320K) NonClass: 20177K(20416K)->20177K(20416K) Class: 3732K(3904K)->3732K(3904K)
[7.163s][info][gc          ] GC(4) Pause Young (Allocation Failure) 1541M->5M(5888M) 5.320ms
[8.211s][info][gc,metaspace] GC(5) Metaspace: 23974K(24384K)->23974K(24384K) NonClass: 20241K(20480K)->20241K(20480K) Class: 3733K(3904K)->3733K(3904K)
[8.211s][info][gc          ] GC(5) Pause Young (Allocation Failure) 1541M->6M(6136M) 5.591ms
[9.543s][info][gc,metaspace] GC(6) Metaspace: 23974K(24384K)->23974K(24384K) NonClass: 20241K(20480K)->20241K(20480K) Class: 3733K(3904K)->3733K(3904K)
[9.543s][info][gc          ] GC(6) Pause Young (Allocation Failure) 2040M->6M(6132M) 4.156ms
[10.911s][info][gc,metaspace] GC(7) Metaspace: 23974K(24384K)->23974K(24384K) NonClass: 20241K(20480K)->20241K(20480K) Class: 3733K(3904K)->3733K(3904K)
[10.911s][info][gc          ] GC(7) Pause Young (Allocation Failure) 2040M->7M(6136M) 1.553ms

Loading 4096...[12.225s][info][gc,metaspace] GC(8) Metaspace: 30258K(30656K)->30258K(30656K) NonClass: 22429K(22656K)->22429K(22656K) Class: 7828K(8000K)->7828K(8000K)
[12.225s][info][gc          ] GC(8) Pause Full (System.gc()) 1911M->7M(6136M) 39.726ms
Creating 16384 objects per class...
Preparatory GC...
[29.725s][info][gc,metaspace] GC(9) Metaspace: 43575K(47360K)->43575K(47360K) NonClass: 33600K(35264K)->33600K(35264K) Class: 9974K(12096K)->9974K(12096K)
[29.725s][info][gc          ] GC(9) Pause Full (System.gc()) 1634M->1416M(6136M) 1111.485ms
[30.498s][info][gc,metaspace] GC(10) Metaspace: 43575K(47360K)->43575K(47360K) NonClass: 33600K(35264K)->33600K(35264K) Class: 9974K(12096K)->9974K(12096K)
[30.498s][info][gc          ] GC(10) Pause Full (System.gc()) 1416M->1416M(6136M) 772.162ms
Done; will start GCs... 
[31.417s][info][gc,metaspace] GC(11) Metaspace: 43575K(47360K)->43575K(47360K) NonClass: 33600K(35264K)->33600K(35264K) Class: 9974K(12096K)->9974K(12096K)
[31.417s][info][gc          ] GC(11) Pause Full (System.gc()) 1455M->1416M(6136M) 918.855ms
[32.333s][info][gc,metaspace] GC(12) Metaspace: 43575K(47360K)->43575K(47360K) NonClass: 33600K(35264K)->33600K(35264K) Class: 9974K(12096K)->9974K(12096K)
[32.333s][info][gc          ] GC(12) Pause Full (System.gc()) 1416M->1416M(6136M) 916.247ms
[33.196s][info][gc,metaspace] GC(13) Metaspace: 43575K(47360K)->43575K(47360K) NonClass: 33600K(35264K)->33600K(35264K) Class: 9974K(12096K)->9974K(12096K)
[33.196s][info][gc          ] GC(13) Pause Full (System.gc()) 1416M->1416M(6136M) 863.216ms
[34.076s][info][gc,metaspace] GC(14) Metaspace: 43575K(47360K)->43575K(47360K) NonClass: 33600K(35264K)->33600K(35264K) Class: 9974K(12096K)->9974K(12096K)
[34.076s][info][gc          ] GC(14) Pause Full (System.gc()) 1416M->1416M(6136M) 879.356ms
[34.973s][info][gc,metaspace] GC(15) Metaspace: 43575K(47360K)->43575K(47360K) NonClass: 33600K(35264K)->33600K(35264K) Class: 9974K(12096K)->9974K(12096K)
[34.973s][info][gc          ] GC(15) Pause Full (System.gc()) 1416M->1416M(6136M) 897.166ms
[35.912s][info][gc,metaspace] GC(16) Metaspace: 43575K(47360K)->43575K(47360K) NonClass: 33600K(35264K)->33600K(35264K) Class: 9974K(12096K)->9974K(12096K)
[35.912s][info][gc          ] GC(16) Pause Full (System.gc()) 1416M->1416M(6136M) 938.268ms
[36.848s][info][gc,metaspace] GC(17) Metaspace: 43575K(47360K)->43575K(47360K) NonClass: 33600K(35264K)->33600K(35264K) Class: 9974K(12096K)->9974K(12096K)
[36.848s][info][gc          ] GC(17) Pause Full (System.gc()) 1416M->1416M(6136M) 936.580ms
[37.784s][info][gc,metaspace] GC(18) Metaspace: 43575K(47360K)->43575K(47360K) NonClass: 33600K(35264K)->33600K(35264K) Class: 9974K(12096K)->9974K(12096K)
[37.784s][info][gc          ] GC(18) Pause Full (System.gc()) 1416M->1416M(6136M) 935.653ms
[38.676s][info][gc,metaspace] GC(19) Metaspace: 43575K(47360K)->43575K(47360K) NonClass: 33600K(35264K)->33600K(35264K) Class: 9974K(12096K)->9974K(12096K)
[38.676s][info][gc          ] GC(19) Pause Full (System.gc()) 1416M->1416M(6136M) 891.899ms
[39.608s][info][gc,metaspace] GC(20) Metaspace: 43575K(47360K)->43575K(47360K) NonClass: 33600K(35264K)->33600K(35264K) Class: 9974K(12096K)->9974K(12096K)
[39.608s][info][gc          ] GC(20) Pause Full (System.gc()) 1416M->1416M(6136M) 931.790ms
After GCs... 
