Done; will start GCs... 
[32.812s][info][gc,metaspace] GC(12) Metaspace: 43111K(46912K)->43111K(46912K) NonClass: 36468K(38144K)->36468K(38144K) Class: 6643K(8768K)->6643K(8768K)
[32.812s][info][gc          ] GC(12) Pause Full (System.gc()) 1586M->1546M(6136M) 849.634ms
[33.699s][info][gc,metaspace] GC(13) Metaspace: 43112K(46912K)->43112K(46912K) NonClass: 36468K(38144K)->36468K(38144K) Class: 6643K(8768K)->6643K(8768K)
[33.699s][info][gc          ] GC(13) Pause Full (System.gc()) 1546M->1546M(6136M) 886.356ms
[34.624s][info][gc,metaspace] GC(14) Metaspace: 43112K(46912K)->43112K(46912K) NonClass: 36468K(38144K)->36468K(38144K) Class: 6643K(8768K)->6643K(8768K)
[34.624s][info][gc          ] GC(14) Pause Full (System.gc()) 1546M->1546M(6136M) 925.274ms
[35.478s][info][gc,metaspace] GC(15) Metaspace: 43112K(46912K)->43112K(46912K) NonClass: 36468K(38144K)->36468K(38144K) Class: 6643K(8768K)->6643K(8768K)
[35.478s][info][gc          ] GC(15) Pause Full (System.gc()) 1546M->1546M(6136M) 853.398ms
[36.330s][info][gc,metaspace] GC(16) Metaspace: 43112K(46912K)->43112K(46912K) NonClass: 36468K(38144K)->36468K(38144K) Class: 6643K(8768K)->6643K(8768K)
[36.330s][info][gc          ] GC(16) Pause Full (System.gc()) 1546M->1546M(6136M) 852.557ms
[37.178s][info][gc,metaspace] GC(17) Metaspace: 43112K(46912K)->43112K(46912K) NonClass: 36468K(38144K)->36468K(38144K) Class: 6643K(8768K)->6643K(8768K)
[37.178s][info][gc          ] GC(17) Pause Full (System.gc()) 1546M->1546M(6136M) 847.034ms
[37.955s][info][gc,metaspace] GC(18) Metaspace: 43112K(46912K)->43112K(46912K) NonClass: 36468K(38144K)->36468K(38144K) Class: 6643K(8768K)->6643K(8768K)
[37.955s][info][gc          ] GC(18) Pause Full (System.gc()) 1546M->1546M(6136M) 776.901ms
[38.801s][info][gc,metaspace] GC(19) Metaspace: 43112K(46912K)->43112K(46912K) NonClass: 36468K(38144K)->36468K(38144K) Class: 6643K(8768K)->6643K(8768K)
[38.801s][info][gc          ] GC(19) Pause Full (System.gc()) 1546M->1546M(6136M) 846.265ms
[39.708s][info][gc,metaspace] GC(20) Metaspace: 43112K(46912K)->43112K(46912K) NonClass: 36468K(38144K)->36468K(38144K) Class: 6643K(8768K)->6643K(8768K)
[39.708s][info][gc          ] GC(20) Pause Full (System.gc()) 1546M->1546M(6136M) 905.864ms
[40.567s][info][gc,metaspace] GC(21) Metaspace: 43112K(46912K)->43112K(46912K) NonClass: 36468K(38144K)->36468K(38144K) Class: 6643K(8768K)->6643K(8768K)
[40.567s][info][gc          ] GC(21) Pause Full (System.gc()) 1546M->1546M(6136M) 859.605ms
After GCs... 
