Done; will start GCs... 
[31.417s][info][gc,metaspace] GC(11) Metaspace: 43575K(47360K)->43575K(47360K) NonClass: 33600K(35264K)->33600K(35264K) Class: 9974K(12096K)->9974K(12096K)
[31.417s][info][gc          ] GC(11) Pause Full (System.gc()) 1455M->1416M(6136M) 918.855ms
[32.333s][info][gc,metaspace] GC(12) Metaspace: 43575K(47360K)->43575K(47360K) NonClass: 33600K(35264K)->33600K(35264K) Class: 9974K(12096K)->9974K(12096K)
[32.333s][info][gc          ] GC(12) Pause Full (System.gc()) 1416M->1416M(6136M) 916.247ms
[33.196s][info][gc,metaspace] GC(13) Metaspace: 43575K(47360K)->43575K(47360K) NonClass: 33600K(35264K)->33600K(35264K) Class: 9974K(12096K)->9974K(12096K)
[33.196s][info][gc          ] GC(13) Pause Full (System.gc()) 1416M->1416M(6136M) 863.216ms
[34.076s][info][gc,metaspace] GC(14) Metaspace: 43575K(47360K)->43575K(47360K) NonClass: 33600K(35264K)->33600K(35264K) Class: 9974K(12096K)->9974K(12096K)
[34.076s][info][gc          ] GC(14) Pause Full (System.gc()) 1416M->1416M(6136M) 879.356ms
[34.973s][info][gc,metaspace] GC(15) Metaspace: 43575K(47360K)->43575K(47360K) NonClass: 33600K(35264K)->33600K(35264K) Class: 9974K(12096K)->9974K(12096K)
[34.973s][info][gc          ] GC(15) Pause Full (System.gc()) 1416M->1416M(6136M) 897.166ms
[35.912s][info][gc,metaspace] GC(16) Metaspace: 43575K(47360K)->43575K(47360K) NonClass: 33600K(35264K)->33600K(35264K) Class: 9974K(12096K)->9974K(12096K)
[35.912s][info][gc          ] GC(16) Pause Full (System.gc()) 1416M->1416M(6136M) 938.268ms
[36.848s][info][gc,metaspace] GC(17) Metaspace: 43575K(47360K)->43575K(47360K) NonClass: 33600K(35264K)->33600K(35264K) Class: 9974K(12096K)->9974K(12096K)
[36.848s][info][gc          ] GC(17) Pause Full (System.gc()) 1416M->1416M(6136M) 936.580ms
[37.784s][info][gc,metaspace] GC(18) Metaspace: 43575K(47360K)->43575K(47360K) NonClass: 33600K(35264K)->33600K(35264K) Class: 9974K(12096K)->9974K(12096K)
[37.784s][info][gc          ] GC(18) Pause Full (System.gc()) 1416M->1416M(6136M) 935.653ms
[38.676s][info][gc,metaspace] GC(19) Metaspace: 43575K(47360K)->43575K(47360K) NonClass: 33600K(35264K)->33600K(35264K) Class: 9974K(12096K)->9974K(12096K)
[38.676s][info][gc          ] GC(19) Pause Full (System.gc()) 1416M->1416M(6136M) 891.899ms
[39.608s][info][gc,metaspace] GC(20) Metaspace: 43575K(47360K)->43575K(47360K) NonClass: 33600K(35264K)->33600K(35264K) Class: 9974K(12096K)->9974K(12096K)
[39.608s][info][gc          ] GC(20) Pause Full (System.gc()) 1416M->1416M(6136M) 931.790ms
After GCs... 
