Done; will start GCs... 
[30.979s][info][gc,metaspace] GC(11) Metaspace: 43568K(47360K)->43568K(47360K) NonClass: 33594K(35264K)->33594K(35264K) Class: 9974K(12096K)->9974K(12096K)
[30.979s][info][gc          ] GC(11) Pause Full (System.gc()) 1456M->1416M(6136M) 727.247ms
[31.728s][info][gc,metaspace] GC(12) Metaspace: 43568K(47360K)->43568K(47360K) NonClass: 33594K(35264K)->33594K(35264K) Class: 9974K(12096K)->9974K(12096K)
[31.729s][info][gc          ] GC(12) Pause Full (System.gc()) 1416M->1416M(6136M) 749.559ms
[32.450s][info][gc,metaspace] GC(13) Metaspace: 43568K(47360K)->43568K(47360K) NonClass: 33594K(35264K)->33594K(35264K) Class: 9974K(12096K)->9974K(12096K)
[32.450s][info][gc          ] GC(13) Pause Full (System.gc()) 1416M->1416M(6136M) 721.760ms
[33.158s][info][gc,metaspace] GC(14) Metaspace: 43568K(47360K)->43568K(47360K) NonClass: 33594K(35264K)->33594K(35264K) Class: 9974K(12096K)->9974K(12096K)
[33.158s][info][gc          ] GC(14) Pause Full (System.gc()) 1416M->1416M(6136M) 707.816ms
[33.903s][info][gc,metaspace] GC(15) Metaspace: 43568K(47360K)->43568K(47360K) NonClass: 33594K(35264K)->33594K(35264K) Class: 9974K(12096K)->9974K(12096K)
[33.904s][info][gc          ] GC(15) Pause Full (System.gc()) 1416M->1416M(6136M) 744.346ms
[34.644s][info][gc,metaspace] GC(16) Metaspace: 43568K(47360K)->43568K(47360K) NonClass: 33594K(35264K)->33594K(35264K) Class: 9974K(12096K)->9974K(12096K)
[34.644s][info][gc          ] GC(16) Pause Full (System.gc()) 1416M->1416M(6136M) 736.205ms
[35.502s][info][gc,metaspace] GC(17) Metaspace: 43568K(47360K)->43568K(47360K) NonClass: 33594K(35264K)->33594K(35264K) Class: 9974K(12096K)->9974K(12096K)
[35.503s][info][gc          ] GC(17) Pause Full (System.gc()) 1416M->1416M(6136M) 858.227ms
[36.217s][info][gc,metaspace] GC(18) Metaspace: 43568K(47360K)->43568K(47360K) NonClass: 33594K(35264K)->33594K(35264K) Class: 9974K(12096K)->9974K(12096K)
[36.217s][info][gc          ] GC(18) Pause Full (System.gc()) 1416M->1416M(6136M) 714.451ms
[36.965s][info][gc,metaspace] GC(19) Metaspace: 43568K(47360K)->43568K(47360K) NonClass: 33594K(35264K)->33594K(35264K) Class: 9974K(12096K)->9974K(12096K)
[36.965s][info][gc          ] GC(19) Pause Full (System.gc()) 1416M->1416M(6136M) 747.491ms
[37.782s][info][gc,metaspace] GC(20) Metaspace: 43568K(47360K)->43568K(47360K) NonClass: 33594K(35264K)->33594K(35264K) Class: 9974K(12096K)->9974K(12096K)
[37.782s][info][gc          ] GC(20) Pause Full (System.gc()) 1416M->1416M(6136M) 816.996ms
After GCs... 
