[0.001s][info][metaspace]  - commit_granule_bytes: 65536.
[0.001s][info][metaspace]  - commit_granule_words: 8192.
[0.001s][info][metaspace]  - virtual_space_node_default_size: 8388608.
[0.001s][info][metaspace]  - enlarge_chunks_in_place: 1.
[0.001s][info][metaspace]  - use_allocation_guard: 0.
[0.005s][info][gc       ] Using Serial
[1.920s][info][metaspace] Reserving compressed class space anywhere
[1.925s][info][gc,metaspace] CDS archive(s) not mapped
[1.925s][info][gc,metaspace] Compressed class space mapped at: 0x000000003d000000-0x00000000fd000000, reserved size: 3221225472
[1.925s][info][gc,metaspace] UseCompressedClassPointers 1, UseCompactObjectHeaders 1, narrow klass pointer bits 22, max shift 10
[1.925s][info][gc,metaspace] Narrow klass base: 0x000000003d000000, Narrow klass shift: 10, Narrow klass range: 0xc0000000
Num Classes: 16
Num Objects per Class: 4194304
Cycles: 100
Class association: random
Generate 16 classes...
Loading 16...[2.598s][info][gc,metaspace] GC(0) Metaspace: 21335K(21632K)->21335K(21632K) NonClass: 17602K(17792K)->17602K(17792K) Class: 3733K(3840K)->3733K(3840K)
[2.598s][info][gc          ] GC(0) Pause Full (System.gc()) 229M->2M(5939M) 38.962ms
Creating 4194304 objects per class...
Done; will start GCs... 
[7.536s][info][gc,metaspace] GC(1) Metaspace: 21389K(21760K)->21389K(21760K) NonClass: 17647K(17856K)->17647K(17856K) Class: 3741K(3904K)->3741K(3904K)
[7.536s][info][gc          ] GC(1) Pause Full (System.gc()) 881M->770M(5939M) 2891.313ms
[9.261s][info][gc,metaspace] GC(2) Metaspace: 21389K(21760K)->21389K(21760K) NonClass: 17647K(17856K)->17647K(17856K) Class: 3741K(3904K)->3741K(3904K)
[9.261s][info][gc          ] GC(2) Pause Full (System.gc()) 770M->770M(5939M) 1724.414ms
[11.652s][info][gc,metaspace] GC(3) Metaspace: 21389K(21760K)->21389K(21760K) NonClass: 17647K(17856K)->17647K(17856K) Class: 3741K(3904K)->3741K(3904K)
[11.652s][info][gc          ] GC(3) Pause Full (System.gc()) 770M->770M(5939M) 2390.845ms
[13.372s][info][gc,metaspace] GC(4) Metaspace: 21389K(21760K)->21389K(21760K) NonClass: 17647K(17856K)->17647K(17856K) Class: 3741K(3904K)->3741K(3904K)
[13.372s][info][gc          ] GC(4) Pause Full (System.gc()) 770M->770M(5939M) 1720.239ms
[15.092s][info][gc,metaspace] GC(5) Metaspace: 21389K(21760K)->21389K(21760K) NonClass: 17647K(17856K)->17647K(17856K) Class: 3741K(3904K)->3741K(3904K)
[15.093s][info][gc          ] GC(5) Pause Full (System.gc()) 770M->770M(5939M) 1720.137ms
[16.765s][info][gc,metaspace] GC(6) Metaspace: 21389K(21760K)->21389K(21760K) NonClass: 17647K(17856K)->17647K(17856K) Class: 3741K(3904K)->3741K(3904K)
[16.765s][info][gc          ] GC(6) Pause Full (System.gc()) 770M->770M(5939M) 1672.606ms
[18.486s][info][gc,metaspace] GC(7) Metaspace: 21389K(21760K)->21389K(21760K) NonClass: 17647K(17856K)->17647K(17856K) Class: 3741K(3904K)->3741K(3904K)
[18.486s][info][gc          ] GC(7) Pause Full (System.gc()) 770M->770M(5939M) 1720.704ms
[20.212s][info][gc,metaspace] GC(8) Metaspace: 21389K(21760K)->21389K(21760K) NonClass: 17647K(17856K)->17647K(17856K) Class: 3741K(3904K)->3741K(3904K)
[20.212s][info][gc          ] GC(8) Pause Full (System.gc()) 770M->770M(5939M) 1721.314ms
[21.933s][info][gc,metaspace] GC(9) Metaspace: 21389K(21760K)->21389K(21760K) NonClass: 17647K(17856K)->17647K(17856K) Class: 3741K(3904K)->3741K(3904K)
[21.933s][info][gc          ] GC(9) Pause Full (System.gc()) 770M->770M(5939M) 1720.689ms
[23.605s][info][gc,metaspace] GC(10) Metaspace: 21389K(21760K)->21389K(21760K) NonClass: 17647K(17856K)->17647K(17856K) Class: 3741K(3904K)->3741K(3904K)
[23.605s][info][gc          ] GC(10) Pause Full (System.gc()) 770M->770M(5939M) 1672.718ms
[25.326s][info][gc,metaspace] GC(11) Metaspace: 21389K(21760K)->21389K(21760K) NonClass: 17647K(17856K)->17647K(17856K) Class: 3741K(3904K)->3741K(3904K)
[25.327s][info][gc          ] GC(11) Pause Full (System.gc()) 770M->770M(5939M) 1716.831ms
[27.052s][info][gc,metaspace] GC(12) Metaspace: 21389K(21760K)->21389K(21760K) NonClass: 17647K(17856K)->17647K(17856K) Class: 3741K(3904K)->3741K(3904K)
[27.052s][info][gc          ] GC(12) Pause Full (System.gc()) 770M->770M(5939M) 1725.254ms
[28.721s][info][gc,metaspace] GC(13) Metaspace: 21389K(21760K)->21389K(21760K) NonClass: 17647K(17856K)->17647K(17856K) Class: 3741K(3904K)->3741K(3904K)
[28.721s][info][gc          ] GC(13) Pause Full (System.gc()) 770M->770M(5939M) 1669.231ms
[30.446s][info][gc,metaspace] GC(14) Metaspace: 21389K(21760K)->21389K(21760K) NonClass: 17647K(17856K)->17647K(17856K) Class: 3741K(3904K)->3741K(3904K)
[30.446s][info][gc          ] GC(14) Pause Full (System.gc()) 770M->770M(5939M) 1720.387ms
[32.166s][info][gc,metaspace] GC(15) Metaspace: 21389K(21760K)->21389K(21760K) NonClass: 17647K(17856K)->17647K(17856K) Class: 3741K(3904K)->3741K(3904K)
[32.166s][info][gc          ] GC(15) Pause Full (System.gc()) 770M->770M(5939M) 1719.667ms
[33.886s][info][gc,metaspace] GC(16) Metaspace: 21389K(21760K)->21389K(21760K) NonClass: 17647K(17856K)->17647K(17856K) Class: 3741K(3904K)->3741K(3904K)
[33.886s][info][gc          ] GC(16) Pause Full (System.gc()) 770M->770M(5939M) 1720.455ms
[35.560s][info][gc,metaspace] GC(17) Metaspace: 21389K(21760K)->21389K(21760K) NonClass: 17647K(17856K)->17647K(17856K) Class: 3741K(3904K)->3741K(3904K)
[35.560s][info][gc          ] GC(17) Pause Full (System.gc()) 770M->770M(5939M) 1673.982ms
[37.284s][info][gc,metaspace] GC(18) Metaspace: 21389K(21760K)->21389K(21760K) NonClass: 17647K(17856K)->17647K(17856K) Class: 3741K(3904K)->3741K(3904K)
[37.284s][info][gc          ] GC(18) Pause Full (System.gc()) 770M->770M(5939M) 1723.384ms
[39.005s][info][gc,metaspace] GC(19) Metaspace: 21389K(21760K)->21389K(21760K) NonClass: 17647K(17856K)->17647K(17856K) Class: 3741K(3904K)->3741K(3904K)
[39.005s][info][gc          ] GC(19) Pause Full (System.gc()) 770M->770M(5939M) 1720.954ms
[40.680s][info][gc,metaspace] GC(20) Metaspace: 21389K(21760K)->21389K(21760K) NonClass: 17647K(17856K)->17647K(17856K) Class: 3741K(3904K)->3741K(3904K)
[40.680s][info][gc          ] GC(20) Pause Full (System.gc()) 770M->770M(5939M) 1674.872ms
[42.401s][info][gc,metaspace] GC(21) Metaspace: 21389K(21760K)->21389K(21760K) NonClass: 17647K(17856K)->17647K(17856K) Class: 3741K(3904K)->3741K(3904K)
[42.401s][info][gc          ] GC(21) Pause Full (System.gc()) 770M->770M(5939M) 1720.891ms
[44.121s][info][gc,metaspace] GC(22) Metaspace: 21389K(21760K)->21389K(21760K) NonClass: 17647K(17856K)->17647K(17856K) Class: 3741K(3904K)->3741K(3904K)
[44.122s][info][gc          ] GC(22) Pause Full (System.gc()) 770M->770M(5939M) 1720.374ms
[45.846s][info][gc,metaspace] GC(23) Metaspace: 21389K(21760K)->21389K(21760K) NonClass: 17647K(17856K)->17647K(17856K) Class: 3741K(3904K)->3741K(3904K)
[45.846s][info][gc          ] GC(23) Pause Full (System.gc()) 770M->770M(5939M) 1724.009ms
[47.519s][info][gc,metaspace] GC(24) Metaspace: 21389K(21760K)->21389K(21760K) NonClass: 17647K(17856K)->17647K(17856K) Class: 3741K(3904K)->3741K(3904K)
[47.519s][info][gc          ] GC(24) Pause Full (System.gc()) 770M->770M(5939M) 1673.343ms
[49.240s][info][gc,metaspace] GC(25) Metaspace: 21389K(21760K)->21389K(21760K) NonClass: 17647K(17856K)->17647K(17856K) Class: 3741K(3904K)->3741K(3904K)
[49.240s][info][gc          ] GC(25) Pause Full (System.gc()) 770M->770M(5939M) 1720.753ms
[50.960s][info][gc,metaspace] GC(26) Metaspace: 21389K(21760K)->21389K(21760K) NonClass: 17647K(17856K)->17647K(17856K) Class: 3741K(3904K)->3741K(3904K)
[50.960s][info][gc          ] GC(26) Pause Full (System.gc()) 770M->770M(5939M) 1716.147ms
[52.632s][info][gc,metaspace] GC(27) Metaspace: 21389K(21760K)->21389K(21760K) NonClass: 17647K(17856K)->17647K(17856K) Class: 3741K(3904K)->3741K(3904K)
[52.632s][info][gc          ] GC(27) Pause Full (System.gc()) 770M->770M(5939M) 1671.793ms
[54.357s][info][gc,metaspace] GC(28) Metaspace: 21389K(21760K)->21389K(21760K) NonClass: 17647K(17856K)->17647K(17856K) Class: 3741K(3904K)->3741K(3904K)
[54.357s][info][gc          ] GC(28) Pause Full (System.gc()) 770M->770M(5939M) 1724.269ms
[56.083s][info][gc,metaspace] GC(29) Metaspace: 21389K(21760K)->21389K(21760K) NonClass: 17647K(17856K)->17647K(17856K) Class: 3741K(3904K)->3741K(3904K)
[56.083s][info][gc          ] GC(29) Pause Full (System.gc()) 770M->770M(5939M) 1725.829ms
[57.756s][info][gc,metaspace] GC(30) Metaspace: 21389K(21760K)->21389K(21760K) NonClass: 17647K(17856K)->17647K(17856K) Class: 3741K(3904K)->3741K(3904K)
[57.756s][info][gc          ] GC(30) Pause Full (System.gc()) 770M->770M(5939M) 1673.128ms
[59.477s][info][gc,metaspace] GC(31) Metaspace: 21389K(21760K)->21389K(21760K) NonClass: 17647K(17856K)->17647K(17856K) Class: 3741K(3904K)->3741K(3904K)
[59.477s][info][gc          ] GC(31) Pause Full (System.gc()) 770M->770M(5939M) 1721.256ms
[61.199s][info][gc,metaspace] GC(32) Metaspace: 21389K(21760K)->21389K(21760K) NonClass: 17647K(17856K)->17647K(17856K) Class: 3741K(3904K)->3741K(3904K)
[61.199s][info][gc          ] GC(32) Pause Full (System.gc()) 770M->770M(5939M) 1717.398ms
[62.923s][info][gc,metaspace] GC(33) Metaspace: 21389K(21760K)->21389K(21760K) NonClass: 17647K(17856K)->17647K(17856K) Class: 3741K(3904K)->3741K(3904K)
[62.923s][info][gc          ] GC(33) Pause Full (System.gc()) 770M->770M(5939M) 1723.474ms
[64.593s][info][gc,metaspace] GC(34) Metaspace: 21389K(21760K)->21389K(21760K) NonClass: 17647K(17856K)->17647K(17856K) Class: 3741K(3904K)->3741K(3904K)
[64.593s][info][gc          ] GC(34) Pause Full (System.gc()) 770M->770M(5939M) 1669.857ms
[66.318s][info][gc,metaspace] GC(35) Metaspace: 21389K(21760K)->21389K(21760K) NonClass: 17647K(17856K)->17647K(17856K) Class: 3741K(3904K)->3741K(3904K)
[66.318s][info][gc          ] GC(35) Pause Full (System.gc()) 770M->770M(5939M) 1720.672ms
[68.038s][info][gc,metaspace] GC(36) Metaspace: 21389K(21760K)->21389K(21760K) NonClass: 17647K(17856K)->17647K(17856K) Class: 3741K(3904K)->3741K(3904K)
[68.038s][info][gc          ] GC(36) Pause Full (System.gc()) 787M->770M(5939M) 1719.782ms
[69.711s][info][gc,metaspace] GC(37) Metaspace: 21389K(21760K)->21389K(21760K) NonClass: 17647K(17856K)->17647K(17856K) Class: 3741K(3904K)->3741K(3904K)
[69.711s][info][gc          ] GC(37) Pause Full (System.gc()) 770M->770M(5939M) 1673.268ms
[71.431s][info][gc,metaspace] GC(38) Metaspace: 21389K(21760K)->21389K(21760K) NonClass: 17647K(17856K)->17647K(17856K) Class: 3741K(3904K)->3741K(3904K)
[71.431s][info][gc          ] GC(38) Pause Full (System.gc()) 770M->770M(5939M) 1719.751ms
[73.785s][info][gc,metaspace] GC(39) Metaspace: 21389K(21760K)->21389K(21760K) NonClass: 17647K(17856K)->17647K(17856K) Class: 3741K(3904K)->3741K(3904K)
[73.785s][info][gc          ] GC(39) Pause Full (System.gc()) 770M->770M(5939M) 2354.331ms
[75.506s][info][gc,metaspace] GC(40) Metaspace: 21389K(21760K)->21389K(21760K) NonClass: 17647K(17856K)->17647K(17856K) Class: 3741K(3904K)->3741K(3904K)
[75.506s][info][gc          ] GC(40) Pause Full (System.gc()) 770M->770M(5939M) 1720.661ms
[77.226s][info][gc,metaspace] GC(41) Metaspace: 21389K(21760K)->21389K(21760K) NonClass: 17647K(17856K)->17647K(17856K) Class: 3741K(3904K)->3741K(3904K)
[77.226s][info][gc          ] GC(41) Pause Full (System.gc()) 770M->770M(5939M) 1720.289ms
[78.952s][info][gc,metaspace] GC(42) Metaspace: 21389K(21760K)->21389K(21760K) NonClass: 17647K(17856K)->17647K(17856K) Class: 3741K(3904K)->3741K(3904K)
[78.952s][info][gc          ] GC(42) Pause Full (System.gc()) 770M->770M(5939M) 1725.828ms
[80.626s][info][gc,metaspace] GC(43) Metaspace: 21389K(21760K)->21389K(21760K) NonClass: 17647K(17856K)->17647K(17856K) Class: 3741K(3904K)->3741K(3904K)
[80.626s][info][gc          ] GC(43) Pause Full (System.gc()) 770M->770M(5939M) 1673.511ms
[82.348s][info][gc,metaspace] GC(44) Metaspace: 21389K(21760K)->21389K(21760K) NonClass: 17647K(17856K)->17647K(17856K) Class: 3741K(3904K)->3741K(3904K)
[82.348s][info][gc          ] GC(44) Pause Full (System.gc()) 770M->770M(5939M) 1721.930ms
[84.069s][info][gc,metaspace] GC(45) Metaspace: 21389K(21760K)->21389K(21760K) NonClass: 17647K(17856K)->17647K(17856K) Class: 3741K(3904K)->3741K(3904K)
[84.069s][info][gc          ] GC(45) Pause Full (System.gc()) 770M->770M(5939M) 1721.303ms
[85.751s][info][gc,metaspace] GC(46) Metaspace: 21389K(21760K)->21389K(21760K) NonClass: 17647K(17856K)->17647K(17856K) Class: 3741K(3904K)->3741K(3904K)
[85.751s][info][gc          ] GC(46) Pause Full (System.gc()) 770M->770M(5939M) 1681.903ms
[87.473s][info][gc,metaspace] GC(47) Metaspace: 21389K(21760K)->21389K(21760K) NonClass: 17647K(17856K)->17647K(17856K) Class: 3741K(3904K)->3741K(3904K)
[87.473s][info][gc          ] GC(47) Pause Full (System.gc()) 770M->770M(5939M) 1716.828ms
[89.197s][info][gc,metaspace] GC(48) Metaspace: 21389K(21760K)->21389K(21760K) NonClass: 17647K(17856K)->17647K(17856K) Class: 3741K(3904K)->3741K(3904K)
[89.197s][info][gc          ] GC(48) Pause Full (System.gc()) 770M->770M(5939M) 1724.392ms
[90.916s][info][gc,metaspace] GC(49) Metaspace: 21389K(21760K)->21389K(21760K) NonClass: 17647K(17856K)->17647K(17856K) Class: 3741K(3904K)->3741K(3904K)
[90.916s][info][gc          ] GC(49) Pause Full (System.gc()) 770M->770M(5939M) 1719.118ms
[92.589s][info][gc,metaspace] GC(50) Metaspace: 21389K(21760K)->21389K(21760K) NonClass: 17647K(17856K)->17647K(17856K) Class: 3741K(3904K)->3741K(3904K)
[92.589s][info][gc          ] GC(50) Pause Full (System.gc()) 770M->770M(5939M) 1672.630ms
[94.309s][info][gc,metaspace] GC(51) Metaspace: 21389K(21760K)->21389K(21760K) NonClass: 17647K(17856K)->17647K(17856K) Class: 3741K(3904K)->3741K(3904K)
[94.309s][info][gc          ] GC(51) Pause Full (System.gc()) 770M->770M(5939M) 1720.178ms
[96.036s][info][gc,metaspace] GC(52) Metaspace: 21389K(21760K)->21389K(21760K) NonClass: 17647K(17856K)->17647K(17856K) Class: 3741K(3904K)->3741K(3904K)
[96.036s][info][gc          ] GC(52) Pause Full (System.gc()) 770M->770M(5939M) 1726.362ms
[97.704s][info][gc,metaspace] GC(53) Metaspace: 21389K(21760K)->21389K(21760K) NonClass: 17647K(17856K)->17647K(17856K) Class: 3741K(3904K)->3741K(3904K)
[97.704s][info][gc          ] GC(53) Pause Full (System.gc()) 770M->770M(5939M) 1668.134ms
[99.430s][info][gc,metaspace] GC(54) Metaspace: 21389K(21760K)->21389K(21760K) NonClass: 17647K(17856K)->17647K(17856K) Class: 3741K(3904K)->3741K(3904K)
[99.430s][info][gc          ] GC(54) Pause Full (System.gc()) 770M->770M(5939M) 1725.506ms
[101.150s][info][gc,metaspace] GC(55) Metaspace: 21389K(21760K)->21389K(21760K) NonClass: 17647K(17856K)->17647K(17856K) Class: 3741K(3904K)->3741K(3904K)
[101.150s][info][gc          ] GC(55) Pause Full (System.gc()) 770M->770M(5939M) 1720.300ms
[102.874s][info][gc,metaspace] GC(56) Metaspace: 21389K(21760K)->21389K(21760K) NonClass: 17647K(17856K)->17647K(17856K) Class: 3741K(3904K)->3741K(3904K)
[102.874s][info][gc          ] GC(56) Pause Full (System.gc()) 770M->770M(5939M) 1724.227ms
[105.169s][info][gc,metaspace] GC(57) Metaspace: 21389K(21760K)->21389K(21760K) NonClass: 17647K(17856K)->17647K(17856K) Class: 3741K(3904K)->3741K(3904K)
[105.169s][info][gc          ] GC(57) Pause Full (System.gc()) 770M->770M(5939M) 2294.230ms
[106.889s][info][gc,metaspace] GC(58) Metaspace: 21389K(21760K)->21389K(21760K) NonClass: 17647K(17856K)->17647K(17856K) Class: 3741K(3904K)->3741K(3904K)
[106.889s][info][gc          ] GC(58) Pause Full (System.gc()) 770M->770M(5939M) 1720.316ms
[108.562s][info][gc,metaspace] GC(59) Metaspace: 21389K(21760K)->21389K(21760K) NonClass: 17647K(17856K)->17647K(17856K) Class: 3741K(3904K)->3741K(3904K)
[108.562s][info][gc          ] GC(59) Pause Full (System.gc()) 770M->770M(5939M) 1672.857ms
[110.286s][info][gc,metaspace] GC(60) Metaspace: 21389K(21760K)->21389K(21760K) NonClass: 17647K(17856K)->17647K(17856K) Class: 3741K(3904K)->3741K(3904K)
[110.286s][info][gc          ] GC(60) Pause Full (System.gc()) 770M->770M(5939M) 1723.565ms
[112.007s][info][gc,metaspace] GC(61) Metaspace: 21389K(21760K)->21389K(21760K) NonClass: 17647K(17856K)->17647K(17856K) Class: 3741K(3904K)->3741K(3904K)
[112.007s][info][gc          ] GC(61) Pause Full (System.gc()) 770M->770M(5939M) 1721.243ms
[113.680s][info][gc,metaspace] GC(62) Metaspace: 21389K(21760K)->21389K(21760K) NonClass: 17647K(17856K)->17647K(17856K) Class: 3741K(3904K)->3741K(3904K)
[113.680s][info][gc          ] GC(62) Pause Full (System.gc()) 770M->770M(5939M) 1668.172ms
[115.405s][info][gc,metaspace] GC(63) Metaspace: 21389K(21760K)->21389K(21760K) NonClass: 17647K(17856K)->17647K(17856K) Class: 3741K(3904K)->3741K(3904K)
[115.405s][info][gc          ] GC(63) Pause Full (System.gc()) 770M->770M(5939M) 1724.759ms
[117.125s][info][gc,metaspace] GC(64) Metaspace: 21389K(21760K)->21389K(21760K) NonClass: 17647K(17856K)->17647K(17856K) Class: 3741K(3904K)->3741K(3904K)
[117.125s][info][gc          ] GC(64) Pause Full (System.gc()) 770M->770M(5939M) 1720.691ms
[118.850s][info][gc,metaspace] GC(65) Metaspace: 21389K(21760K)->21389K(21760K) NonClass: 17647K(17856K)->17647K(17856K) Class: 3741K(3904K)->3741K(3904K)
[118.850s][info][gc          ] GC(65) Pause Full (System.gc()) 770M->770M(5939M) 1724.234ms
[121.742s][info][gc,metaspace] GC(66) Metaspace: 21389K(21760K)->21389K(21760K) NonClass: 17647K(17856K)->17647K(17856K) Class: 3741K(3904K)->3741K(3904K)
[121.742s][info][gc          ] GC(66) Pause Full (System.gc()) 770M->770M(5939M) 2892.059ms
[123.467s][info][gc,metaspace] GC(67) Metaspace: 21389K(21760K)->21389K(21760K) NonClass: 17647K(17856K)->17647K(17856K) Class: 3741K(3904K)->3741K(3904K)
[123.467s][info][gc          ] GC(67) Pause Full (System.gc()) 770M->770M(5939M) 1724.622ms
[125.190s][info][gc,metaspace] GC(68) Metaspace: 21389K(21760K)->21389K(21760K) NonClass: 17647K(17856K)->17647K(17856K) Class: 3741K(3904K)->3741K(3904K)
[125.190s][info][gc          ] GC(68) Pause Full (System.gc()) 770M->770M(5939M) 1722.727ms
[126.928s][info][gc,metaspace] GC(69) Metaspace: 21389K(21760K)->21389K(21760K) NonClass: 17647K(17856K)->17647K(17856K) Class: 3741K(3904K)->3741K(3904K)
[126.928s][info][gc          ] GC(69) Pause Full (System.gc()) 770M->770M(5939M) 1738.037ms
[128.601s][info][gc,metaspace] GC(70) Metaspace: 21389K(21760K)->21389K(21760K) NonClass: 17647K(17856K)->17647K(17856K) Class: 3741K(3904K)->3741K(3904K)
[128.601s][info][gc          ] GC(70) Pause Full (System.gc()) 770M->770M(5939M) 1672.823ms
[130.322s][info][gc,metaspace] GC(71) Metaspace: 21389K(21760K)->21389K(21760K) NonClass: 17647K(17856K)->17647K(17856K) Class: 3741K(3904K)->3741K(3904K)
[130.322s][info][gc          ] GC(71) Pause Full (System.gc()) 770M->770M(5939M) 1716.857ms
[132.049s][info][gc,metaspace] GC(72) Metaspace: 21389K(21760K)->21389K(21760K) NonClass: 17647K(17856K)->17647K(17856K) Class: 3741K(3904K)->3741K(3904K)
[132.049s][info][gc          ] GC(72) Pause Full (System.gc()) 787M->770M(5939M) 1726.621ms
[133.722s][info][gc,metaspace] GC(73) Metaspace: 21389K(21760K)->21389K(21760K) NonClass: 17647K(17856K)->17647K(17856K) Class: 3741K(3904K)->3741K(3904K)
[133.722s][info][gc          ] GC(73) Pause Full (System.gc()) 770M->770M(5939M) 1672.767ms
[135.442s][info][gc,metaspace] GC(74) Metaspace: 21389K(21760K)->21389K(21760K) NonClass: 17647K(17856K)->17647K(17856K) Class: 3741K(3904K)->3741K(3904K)
[135.442s][info][gc          ] GC(74) Pause Full (System.gc()) 770M->770M(5939M) 1720.761ms
[137.162s][info][gc,metaspace] GC(75) Metaspace: 21389K(21760K)->21389K(21760K) NonClass: 17647K(17856K)->17647K(17856K) Class: 3741K(3904K)->3741K(3904K)
[137.162s][info][gc          ] GC(75) Pause Full (System.gc()) 770M->770M(5939M) 1719.818ms
[138.887s][info][gc,metaspace] GC(76) Metaspace: 21389K(21760K)->21389K(21760K) NonClass: 17647K(17856K)->17647K(17856K) Class: 3741K(3904K)->3741K(3904K)
[138.887s][info][gc          ] GC(76) Pause Full (System.gc()) 770M->770M(5939M) 1724.416ms
[140.555s][info][gc,metaspace] GC(77) Metaspace: 21389K(21760K)->21389K(21760K) NonClass: 17647K(17856K)->17647K(17856K) Class: 3741K(3904K)->3741K(3904K)
[140.555s][info][gc          ] GC(77) Pause Full (System.gc()) 770M->770M(5939M) 1668.274ms
[142.280s][info][gc,metaspace] GC(78) Metaspace: 21389K(21760K)->21389K(21760K) NonClass: 17647K(17856K)->17647K(17856K) Class: 3741K(3904K)->3741K(3904K)
[142.280s][info][gc          ] GC(78) Pause Full (System.gc()) 770M->770M(5939M) 1724.839ms
[144.001s][info][gc,metaspace] GC(79) Metaspace: 21389K(21760K)->21389K(21760K) NonClass: 17647K(17856K)->17647K(17856K) Class: 3741K(3904K)->3741K(3904K)
[144.001s][info][gc          ] GC(79) Pause Full (System.gc()) 770M->770M(5939M) 1720.723ms
[145.674s][info][gc,metaspace] GC(80) Metaspace: 21389K(21760K)->21389K(21760K) NonClass: 17647K(17856K)->17647K(17856K) Class: 3741K(3904K)->3741K(3904K)
[145.674s][info][gc          ] GC(80) Pause Full (System.gc()) 770M->770M(5939M) 1668.326ms
[147.394s][info][gc,metaspace] GC(81) Metaspace: 21389K(21760K)->21389K(21760K) NonClass: 17647K(17856K)->17647K(17856K) Class: 3741K(3904K)->3741K(3904K)
[147.394s][info][gc          ] GC(81) Pause Full (System.gc()) 770M->770M(5939M) 1719.962ms
[149.119s][info][gc,metaspace] GC(82) Metaspace: 21389K(21760K)->21389K(21760K) NonClass: 17647K(17856K)->17647K(17856K) Class: 3741K(3904K)->3741K(3904K)
[149.119s][info][gc          ] GC(82) Pause Full (System.gc()) 770M->770M(5939M) 1724.887ms
[150.790s][info][gc,metaspace] GC(83) Metaspace: 21389K(21760K)->21389K(21760K) NonClass: 17647K(17856K)->17647K(17856K) Class: 3741K(3904K)->3741K(3904K)
[150.790s][info][gc          ] GC(83) Pause Full (System.gc()) 770M->770M(5939M) 1671.212ms
[152.514s][info][gc,metaspace] GC(84) Metaspace: 21389K(21760K)->21389K(21760K) NonClass: 17647K(17856K)->17647K(17856K) Class: 3741K(3904K)->3741K(3904K)
[152.514s][info][gc          ] GC(84) Pause Full (System.gc()) 770M->770M(5939M) 1723.937ms
[154.235s][info][gc,metaspace] GC(85) Metaspace: 21389K(21760K)->21389K(21760K) NonClass: 17647K(17856K)->17647K(17856K) Class: 3741K(3904K)->3741K(3904K)
[154.235s][info][gc          ] GC(85) Pause Full (System.gc()) 770M->770M(5939M) 1720.762ms
[155.963s][info][gc,metaspace] GC(86) Metaspace: 21389K(21760K)->21389K(21760K) NonClass: 17647K(17856K)->17647K(17856K) Class: 3741K(3904K)->3741K(3904K)
[155.963s][info][gc          ] GC(86) Pause Full (System.gc()) 770M->770M(5939M) 1727.808ms
[157.631s][info][gc,metaspace] GC(87) Metaspace: 21389K(21760K)->21389K(21760K) NonClass: 17647K(17856K)->17647K(17856K) Class: 3741K(3904K)->3741K(3904K)
[157.631s][info][gc          ] GC(87) Pause Full (System.gc()) 770M->770M(5939M) 1668.304ms
[159.354s][info][gc,metaspace] GC(88) Metaspace: 21389K(21760K)->21389K(21760K) NonClass: 17647K(17856K)->17647K(17856K) Class: 3741K(3904K)->3741K(3904K)
[159.354s][info][gc          ] GC(88) Pause Full (System.gc()) 770M->770M(5939M) 1722.935ms
[161.090s][info][gc,metaspace] GC(89) Metaspace: 21389K(21760K)->21389K(21760K) NonClass: 17647K(17856K)->17647K(17856K) Class: 3741K(3904K)->3741K(3904K)
[161.090s][info][gc          ] GC(89) Pause Full (System.gc()) 770M->770M(5939M) 1730.807ms
[162.764s][info][gc,metaspace] GC(90) Metaspace: 21389K(21760K)->21389K(21760K) NonClass: 17647K(17856K)->17647K(17856K) Class: 3741K(3904K)->3741K(3904K)
[162.764s][info][gc          ] GC(90) Pause Full (System.gc()) 770M->770M(5939M) 1673.891ms
[164.483s][info][gc,metaspace] GC(91) Metaspace: 21389K(21760K)->21389K(21760K) NonClass: 17647K(17856K)->17647K(17856K) Class: 3741K(3904K)->3741K(3904K)
[164.484s][info][gc          ] GC(91) Pause Full (System.gc()) 770M->770M(5939M) 1719.732ms
[166.204s][info][gc,metaspace] GC(92) Metaspace: 21389K(21760K)->21389K(21760K) NonClass: 17647K(17856K)->17647K(17856K) Class: 3741K(3904K)->3741K(3904K)
[166.204s][info][gc          ] GC(92) Pause Full (System.gc()) 770M->770M(5939M) 1716.063ms
[167.928s][info][gc,metaspace] GC(93) Metaspace: 21389K(21760K)->21389K(21760K) NonClass: 17647K(17856K)->17647K(17856K) Class: 3741K(3904K)->3741K(3904K)
[167.928s][info][gc          ] GC(93) Pause Full (System.gc()) 770M->770M(5939M) 1723.512ms
[169.601s][info][gc,metaspace] GC(94) Metaspace: 21389K(21760K)->21389K(21760K) NonClass: 17647K(17856K)->17647K(17856K) Class: 3741K(3904K)->3741K(3904K)
[169.601s][info][gc          ] GC(94) Pause Full (System.gc()) 770M->770M(5939M) 1673.105ms
[171.321s][info][gc,metaspace] GC(95) Metaspace: 21389K(21760K)->21389K(21760K) NonClass: 17647K(17856K)->17647K(17856K) Class: 3741K(3904K)->3741K(3904K)
[171.321s][info][gc          ] GC(95) Pause Full (System.gc()) 770M->770M(5939M) 1719.777ms
[173.041s][info][gc,metaspace] GC(96) Metaspace: 21389K(21760K)->21389K(21760K) NonClass: 17647K(17856K)->17647K(17856K) Class: 3741K(3904K)->3741K(3904K)
[173.041s][info][gc          ] GC(96) Pause Full (System.gc()) 770M->770M(5939M) 1720.367ms
[174.716s][info][gc,metaspace] GC(97) Metaspace: 21389K(21760K)->21389K(21760K) NonClass: 17647K(17856K)->17647K(17856K) Class: 3741K(3904K)->3741K(3904K)
[174.716s][info][gc          ] GC(97) Pause Full (System.gc()) 770M->770M(5939M) 1674.538ms
[176.436s][info][gc,metaspace] GC(98) Metaspace: 21389K(21760K)->21389K(21760K) NonClass: 17647K(17856K)->17647K(17856K) Class: 3741K(3904K)->3741K(3904K)
[176.436s][info][gc          ] GC(98) Pause Full (System.gc()) 770M->770M(5939M) 1720.146ms
[178.160s][info][gc,metaspace] GC(99) Metaspace: 21389K(21760K)->21389K(21760K) NonClass: 17647K(17856K)->17647K(17856K) Class: 3741K(3904K)->3741K(3904K)
[178.160s][info][gc          ] GC(99) Pause Full (System.gc()) 770M->770M(5939M) 1724.141ms
[179.881s][info][gc,metaspace] GC(100) Metaspace: 21389K(21760K)->21389K(21760K) NonClass: 17647K(17856K)->17647K(17856K) Class: 3741K(3904K)->3741K(3904K)
[179.881s][info][gc          ] GC(100) Pause Full (System.gc()) 770M->770M(5939M) 1720.320ms
After GCs... 
