[0.001s][info][metaspace]  - commit_granule_bytes: 65536.
[0.001s][info][metaspace]  - commit_granule_words: 8192.
[0.001s][info][metaspace]  - virtual_space_node_default_size: 8388608.
[0.001s][info][metaspace]  - enlarge_chunks_in_place: 1.
[0.001s][info][metaspace]  - use_allocation_guard: 0.
[0.005s][info][gc       ] Using Serial
[1.886s][info][metaspace] Reserving compressed class space anywhere
[1.891s][info][gc,metaspace] CDS archive(s) not mapped
[1.891s][info][gc,metaspace] Compressed class space mapped at: 0x000000001f000000-0x00000000df000000, reserved size: 3221225472
[1.891s][info][gc,metaspace] UseCompressedClassPointers 1, UseCompactObjectHeaders 1, narrow klass pointer bits 22, max shift 10
[1.891s][info][gc,metaspace] Narrow klass base: 0x000000001f000000, Narrow klass shift: 10, Narrow klass range: 0xc0000000
Num Classes: 16
Num Objects per Class: 4194304
Cycles: 100
Class association: random
Generate 16 classes...
Loading 16...[2.567s][info][gc,metaspace] GC(0) Metaspace: 21318K(21632K)->21318K(21632K) NonClass: 17585K(17792K)->17585K(17792K) Class: 3733K(3840K)->3733K(3840K)
[2.567s][info][gc          ] GC(0) Pause Full (System.gc()) 229M->2M(5939M) 42.120ms
Creating 4194304 objects per class...
Done; will start GCs... 
[7.663s][info][gc,metaspace] GC(1) Metaspace: 21372K(21760K)->21372K(21760K) NonClass: 17630K(17856K)->17630K(17856K) Class: 3741K(3904K)->3741K(3904K)
[7.663s][info][gc          ] GC(1) Pause Full (System.gc()) 881M->770M(5939M) 3024.945ms
[9.494s][info][gc,metaspace] GC(2) Metaspace: 21372K(21760K)->21372K(21760K) NonClass: 17630K(17856K)->17630K(17856K) Class: 3741K(3904K)->3741K(3904K)
[9.494s][info][gc          ] GC(2) Pause Full (System.gc()) 770M->770M(5939M) 1831.149ms
[12.050s][info][gc,metaspace] GC(3) Metaspace: 21372K(21760K)->21372K(21760K) NonClass: 17630K(17856K)->17630K(17856K) Class: 3741K(3904K)->3741K(3904K)
[12.050s][info][gc          ] GC(3) Pause Full (System.gc()) 770M->770M(5939M) 2555.992ms
[13.886s][info][gc,metaspace] GC(4) Metaspace: 21372K(21760K)->21372K(21760K) NonClass: 17630K(17856K)->17630K(17856K) Class: 3741K(3904K)->3741K(3904K)
[13.886s][info][gc          ] GC(4) Pause Full (System.gc()) 770M->770M(5939M) 1835.207ms
[15.665s][info][gc,metaspace] GC(5) Metaspace: 21372K(21760K)->21372K(21760K) NonClass: 17630K(17856K)->17630K(17856K) Class: 3741K(3904K)->3741K(3904K)
[15.665s][info][gc          ] GC(5) Pause Full (System.gc()) 770M->770M(5939M) 1778.795ms
[17.500s][info][gc,metaspace] GC(6) Metaspace: 21372K(21760K)->21372K(21760K) NonClass: 17630K(17856K)->17630K(17856K) Class: 3741K(3904K)->3741K(3904K)
[17.500s][info][gc          ] GC(6) Pause Full (System.gc()) 770M->770M(5939M) 1835.251ms
[19.331s][info][gc,metaspace] GC(7) Metaspace: 21372K(21760K)->21372K(21760K) NonClass: 17630K(17856K)->17630K(17856K) Class: 3741K(3904K)->3741K(3904K)
[19.331s][info][gc          ] GC(7) Pause Full (System.gc()) 770M->770M(5939M) 1830.985ms
[21.163s][info][gc,metaspace] GC(8) Metaspace: 21372K(21760K)->21372K(21760K) NonClass: 17630K(17856K)->17630K(17856K) Class: 3741K(3904K)->3741K(3904K)
[21.163s][info][gc          ] GC(8) Pause Full (System.gc()) 770M->770M(5939M) 1831.485ms
[22.997s][info][gc,metaspace] GC(9) Metaspace: 21372K(21760K)->21372K(21760K) NonClass: 17630K(17856K)->17630K(17856K) Class: 3741K(3904K)->3741K(3904K)
[22.997s][info][gc          ] GC(9) Pause Full (System.gc()) 770M->770M(5939M) 1833.994ms
[24.827s][info][gc,metaspace] GC(10) Metaspace: 21372K(21760K)->21372K(21760K) NonClass: 17630K(17856K)->17630K(17856K) Class: 3741K(3904K)->3741K(3904K)
[24.827s][info][gc          ] GC(10) Pause Full (System.gc()) 770M->770M(5939M) 1830.210ms
[26.609s][info][gc,metaspace] GC(11) Metaspace: 21372K(21760K)->21372K(21760K) NonClass: 17630K(17856K)->17630K(17856K) Class: 3741K(3904K)->3741K(3904K)
[26.609s][info][gc          ] GC(11) Pause Full (System.gc()) 770M->770M(5939M) 1781.935ms
[28.440s][info][gc,metaspace] GC(12) Metaspace: 21372K(21760K)->21372K(21760K) NonClass: 17630K(17856K)->17630K(17856K) Class: 3741K(3904K)->3741K(3904K)
[28.440s][info][gc          ] GC(12) Pause Full (System.gc()) 770M->770M(5939M) 1830.729ms
[30.275s][info][gc,metaspace] GC(13) Metaspace: 21372K(21760K)->21372K(21760K) NonClass: 17630K(17856K)->17630K(17856K) Class: 3741K(3904K)->3741K(3904K)
[30.275s][info][gc          ] GC(13) Pause Full (System.gc()) 770M->770M(5939M) 1834.956ms
[32.104s][info][gc,metaspace] GC(14) Metaspace: 21372K(21760K)->21372K(21760K) NonClass: 17630K(17856K)->17630K(17856K) Class: 3741K(3904K)->3741K(3904K)
[32.104s][info][gc          ] GC(14) Pause Full (System.gc()) 770M->770M(5939M) 1828.884ms
[33.940s][info][gc,metaspace] GC(15) Metaspace: 21372K(21760K)->21372K(21760K) NonClass: 17630K(17856K)->17630K(17856K) Class: 3741K(3904K)->3741K(3904K)
[33.940s][info][gc          ] GC(15) Pause Full (System.gc()) 770M->770M(5939M) 1835.453ms
[35.770s][info][gc,metaspace] GC(16) Metaspace: 21372K(21760K)->21372K(21760K) NonClass: 17630K(17856K)->17630K(17856K) Class: 3741K(3904K)->3741K(3904K)
[35.770s][info][gc          ] GC(16) Pause Full (System.gc()) 770M->770M(5939M) 1829.747ms
[38.211s][info][gc,metaspace] GC(17) Metaspace: 21372K(21760K)->21372K(21760K) NonClass: 17630K(17856K)->17630K(17856K) Class: 3741K(3904K)->3741K(3904K)
[38.211s][info][gc          ] GC(17) Pause Full (System.gc()) 770M->770M(5939M) 2440.843ms
[40.657s][info][gc,metaspace] GC(18) Metaspace: 21372K(21760K)->21372K(21760K) NonClass: 17630K(17856K)->17630K(17856K) Class: 3741K(3904K)->3741K(3904K)
[40.657s][info][gc          ] GC(18) Pause Full (System.gc()) 770M->770M(5939M) 2446.610ms
[42.488s][info][gc,metaspace] GC(19) Metaspace: 21372K(21760K)->21372K(21760K) NonClass: 17630K(17856K)->17630K(17856K) Class: 3741K(3904K)->3741K(3904K)
[42.488s][info][gc          ] GC(19) Pause Full (System.gc()) 770M->770M(5939M) 1830.551ms
[44.323s][info][gc,metaspace] GC(20) Metaspace: 21372K(21760K)->21372K(21760K) NonClass: 17630K(17856K)->17630K(17856K) Class: 3741K(3904K)->3741K(3904K)
[44.323s][info][gc          ] GC(20) Pause Full (System.gc()) 770M->770M(5939M) 1834.536ms
[46.155s][info][gc,metaspace] GC(21) Metaspace: 21372K(21760K)->21372K(21760K) NonClass: 17630K(17856K)->17630K(17856K) Class: 3741K(3904K)->3741K(3904K)
[46.155s][info][gc          ] GC(21) Pause Full (System.gc()) 770M->770M(5939M) 1832.652ms
[47.986s][info][gc,metaspace] GC(22) Metaspace: 21372K(21760K)->21372K(21760K) NonClass: 17630K(17856K)->17630K(17856K) Class: 3741K(3904K)->3741K(3904K)
[47.986s][info][gc          ] GC(22) Pause Full (System.gc()) 770M->770M(5939M) 1830.130ms
[49.819s][info][gc,metaspace] GC(23) Metaspace: 21372K(21760K)->21372K(21760K) NonClass: 17630K(17856K)->17630K(17856K) Class: 3741K(3904K)->3741K(3904K)
[49.819s][info][gc          ] GC(23) Pause Full (System.gc()) 770M->770M(5939M) 1833.313ms
[51.599s][info][gc,metaspace] GC(24) Metaspace: 21372K(21760K)->21372K(21760K) NonClass: 17630K(17856K)->17630K(17856K) Class: 3741K(3904K)->3741K(3904K)
[51.599s][info][gc          ] GC(24) Pause Full (System.gc()) 770M->770M(5939M) 1780.039ms
[53.436s][info][gc,metaspace] GC(25) Metaspace: 21372K(21760K)->21372K(21760K) NonClass: 17630K(17856K)->17630K(17856K) Class: 3741K(3904K)->3741K(3904K)
[53.436s][info][gc          ] GC(25) Pause Full (System.gc()) 770M->770M(5939M) 1836.314ms
[55.266s][info][gc,metaspace] GC(26) Metaspace: 21372K(21760K)->21372K(21760K) NonClass: 17630K(17856K)->17630K(17856K) Class: 3741K(3904K)->3741K(3904K)
[55.266s][info][gc          ] GC(26) Pause Full (System.gc()) 770M->770M(5939M) 1830.456ms
[57.100s][info][gc,metaspace] GC(27) Metaspace: 21372K(21760K)->21372K(21760K) NonClass: 17630K(17856K)->17630K(17856K) Class: 3741K(3904K)->3741K(3904K)
[57.100s][info][gc          ] GC(27) Pause Full (System.gc()) 770M->770M(5939M) 1833.305ms
[59.062s][info][gc,metaspace] GC(28) Metaspace: 21372K(21760K)->21372K(21760K) NonClass: 17630K(17856K)->17630K(17856K) Class: 3741K(3904K)->3741K(3904K)
[59.062s][info][gc          ] GC(28) Pause Full (System.gc()) 770M->770M(5939M) 1962.449ms
[60.902s][info][gc,metaspace] GC(29) Metaspace: 21372K(21760K)->21372K(21760K) NonClass: 17630K(17856K)->17630K(17856K) Class: 3741K(3904K)->3741K(3904K)
[60.902s][info][gc          ] GC(29) Pause Full (System.gc()) 770M->770M(5939M) 1839.282ms
[62.685s][info][gc,metaspace] GC(30) Metaspace: 21372K(21760K)->21372K(21760K) NonClass: 17630K(17856K)->17630K(17856K) Class: 3741K(3904K)->3741K(3904K)
[62.685s][info][gc          ] GC(30) Pause Full (System.gc()) 770M->770M(5939M) 1783.222ms
[64.520s][info][gc,metaspace] GC(31) Metaspace: 21372K(21760K)->21372K(21760K) NonClass: 17630K(17856K)->17630K(17856K) Class: 3741K(3904K)->3741K(3904K)
[64.520s][info][gc          ] GC(31) Pause Full (System.gc()) 770M->770M(5939M) 1835.318ms
[66.354s][info][gc,metaspace] GC(32) Metaspace: 21372K(21760K)->21372K(21760K) NonClass: 17630K(17856K)->17630K(17856K) Class: 3741K(3904K)->3741K(3904K)
[66.354s][info][gc          ] GC(32) Pause Full (System.gc()) 787M->770M(5939M) 1833.117ms
[68.186s][info][gc,metaspace] GC(33) Metaspace: 21372K(21760K)->21372K(21760K) NonClass: 17630K(17856K)->17630K(17856K) Class: 3741K(3904K)->3741K(3904K)
[68.186s][info][gc          ] GC(33) Pause Full (System.gc()) 770M->770M(5939M) 1832.058ms
[70.019s][info][gc,metaspace] GC(34) Metaspace: 21372K(21760K)->21372K(21760K) NonClass: 17630K(17856K)->17630K(17856K) Class: 3741K(3904K)->3741K(3904K)
[70.019s][info][gc          ] GC(34) Pause Full (System.gc()) 770M->770M(5939M) 1833.246ms
[72.473s][info][gc,metaspace] GC(35) Metaspace: 21372K(21760K)->21372K(21760K) NonClass: 17630K(17856K)->17630K(17856K) Class: 3741K(3904K)->3741K(3904K)
[72.473s][info][gc          ] GC(35) Pause Full (System.gc()) 770M->770M(5939M) 2453.843ms
[74.302s][info][gc,metaspace] GC(36) Metaspace: 21372K(21760K)->21372K(21760K) NonClass: 17630K(17856K)->17630K(17856K) Class: 3741K(3904K)->3741K(3904K)
[74.302s][info][gc          ] GC(36) Pause Full (System.gc()) 770M->770M(5939M) 1829.051ms
[76.136s][info][gc,metaspace] GC(37) Metaspace: 21372K(21760K)->21372K(21760K) NonClass: 17630K(17856K)->17630K(17856K) Class: 3741K(3904K)->3741K(3904K)
[76.136s][info][gc          ] GC(37) Pause Full (System.gc()) 770M->770M(5939M) 1833.406ms
[77.965s][info][gc,metaspace] GC(38) Metaspace: 21372K(21760K)->21372K(21760K) NonClass: 17630K(17856K)->17630K(17856K) Class: 3741K(3904K)->3741K(3904K)
[77.965s][info][gc          ] GC(38) Pause Full (System.gc()) 770M->770M(5939M) 1829.230ms
[79.797s][info][gc,metaspace] GC(39) Metaspace: 21372K(21760K)->21372K(21760K) NonClass: 17630K(17856K)->17630K(17856K) Class: 3741K(3904K)->3741K(3904K)
[79.797s][info][gc          ] GC(39) Pause Full (System.gc()) 770M->770M(5939M) 1831.990ms
[81.575s][info][gc,metaspace] GC(40) Metaspace: 21372K(21760K)->21372K(21760K) NonClass: 17630K(17856K)->17630K(17856K) Class: 3741K(3904K)->3741K(3904K)
[81.575s][info][gc          ] GC(40) Pause Full (System.gc()) 770M->770M(5939M) 1777.475ms
[83.409s][info][gc,metaspace] GC(41) Metaspace: 21372K(21760K)->21372K(21760K) NonClass: 17630K(17856K)->17630K(17856K) Class: 3741K(3904K)->3741K(3904K)
[83.409s][info][gc          ] GC(41) Pause Full (System.gc()) 770M->770M(5939M) 1834.101ms
[85.241s][info][gc,metaspace] GC(42) Metaspace: 21372K(21760K)->21372K(21760K) NonClass: 17630K(17856K)->17630K(17856K) Class: 3741K(3904K)->3741K(3904K)
[85.241s][info][gc          ] GC(42) Pause Full (System.gc()) 770M->770M(5939M) 1831.449ms
[87.074s][info][gc,metaspace] GC(43) Metaspace: 21372K(21760K)->21372K(21760K) NonClass: 17630K(17856K)->17630K(17856K) Class: 3741K(3904K)->3741K(3904K)
[87.074s][info][gc          ] GC(43) Pause Full (System.gc()) 770M->770M(5939M) 1833.124ms
[88.903s][info][gc,metaspace] GC(44) Metaspace: 21372K(21760K)->21372K(21760K) NonClass: 17630K(17856K)->17630K(17856K) Class: 3741K(3904K)->3741K(3904K)
[88.903s][info][gc          ] GC(44) Pause Full (System.gc()) 770M->770M(5939M) 1828.966ms
[90.685s][info][gc,metaspace] GC(45) Metaspace: 21372K(21760K)->21372K(21760K) NonClass: 17630K(17856K)->17630K(17856K) Class: 3741K(3904K)->3741K(3904K)
[90.685s][info][gc          ] GC(45) Pause Full (System.gc()) 770M->770M(5939M) 1782.376ms
[92.515s][info][gc,metaspace] GC(46) Metaspace: 21372K(21760K)->21372K(21760K) NonClass: 17630K(17856K)->17630K(17856K) Class: 3741K(3904K)->3741K(3904K)
[92.515s][info][gc          ] GC(46) Pause Full (System.gc()) 770M->770M(5939M) 1829.959ms
[94.345s][info][gc,metaspace] GC(47) Metaspace: 21372K(21760K)->21372K(21760K) NonClass: 17630K(17856K)->17630K(17856K) Class: 3741K(3904K)->3741K(3904K)
[94.345s][info][gc          ] GC(47) Pause Full (System.gc()) 770M->770M(5939M) 1829.237ms
[96.180s][info][gc,metaspace] GC(48) Metaspace: 21372K(21760K)->21372K(21760K) NonClass: 17630K(17856K)->17630K(17856K) Class: 3741K(3904K)->3741K(3904K)
[96.180s][info][gc          ] GC(48) Pause Full (System.gc()) 770M->770M(5939M) 1834.727ms
[98.014s][info][gc,metaspace] GC(49) Metaspace: 21372K(21760K)->21372K(21760K) NonClass: 17630K(17856K)->17630K(17856K) Class: 3741K(3904K)->3741K(3904K)
[98.015s][info][gc          ] GC(49) Pause Full (System.gc()) 770M->770M(5939M) 1834.795ms
[99.848s][info][gc,metaspace] GC(50) Metaspace: 21372K(21760K)->21372K(21760K) NonClass: 17630K(17856K)->17630K(17856K) Class: 3741K(3904K)->3741K(3904K)
[99.849s][info][gc          ] GC(50) Pause Full (System.gc()) 770M->770M(5939M) 1833.818ms
[101.626s][info][gc,metaspace] GC(51) Metaspace: 21372K(21760K)->21372K(21760K) NonClass: 17630K(17856K)->17630K(17856K) Class: 3741K(3904K)->3741K(3904K)
[101.627s][info][gc          ] GC(51) Pause Full (System.gc()) 770M->770M(5939M) 1777.915ms
[103.460s][info][gc,metaspace] GC(52) Metaspace: 21372K(21760K)->21372K(21760K) NonClass: 17630K(17856K)->17630K(17856K) Class: 3741K(3904K)->3741K(3904K)
[103.460s][info][gc          ] GC(52) Pause Full (System.gc()) 770M->770M(5939M) 1833.623ms
[105.290s][info][gc,metaspace] GC(53) Metaspace: 21372K(21760K)->21372K(21760K) NonClass: 17630K(17856K)->17630K(17856K) Class: 3741K(3904K)->3741K(3904K)
[105.290s][info][gc          ] GC(53) Pause Full (System.gc()) 770M->770M(5939M) 1829.447ms
[107.124s][info][gc,metaspace] GC(54) Metaspace: 21372K(21760K)->21372K(21760K) NonClass: 17630K(17856K)->17630K(17856K) Class: 3741K(3904K)->3741K(3904K)
[107.124s][info][gc          ] GC(54) Pause Full (System.gc()) 770M->770M(5939M) 1833.745ms
[108.953s][info][gc,metaspace] GC(55) Metaspace: 21372K(21760K)->21372K(21760K) NonClass: 17630K(17856K)->17630K(17856K) Class: 3741K(3904K)->3741K(3904K)
[108.954s][info][gc          ] GC(55) Pause Full (System.gc()) 770M->770M(5939M) 1829.777ms
[110.782s][info][gc,metaspace] GC(56) Metaspace: 21372K(21760K)->21372K(21760K) NonClass: 17630K(17856K)->17630K(17856K) Class: 3741K(3904K)->3741K(3904K)
[110.782s][info][gc          ] GC(56) Pause Full (System.gc()) 770M->770M(5939M) 1828.268ms
[113.230s][info][gc,metaspace] GC(57) Metaspace: 21372K(21760K)->21372K(21760K) NonClass: 17630K(17856K)->17630K(17856K) Class: 3741K(3904K)->3741K(3904K)
[113.230s][info][gc          ] GC(57) Pause Full (System.gc()) 770M->770M(5939M) 2448.388ms
[115.058s][info][gc,metaspace] GC(58) Metaspace: 21372K(21760K)->21372K(21760K) NonClass: 17630K(17856K)->17630K(17856K) Class: 3741K(3904K)->3741K(3904K)
[115.058s][info][gc          ] GC(58) Pause Full (System.gc()) 770M->770M(5939M) 1827.766ms
[116.893s][info][gc,metaspace] GC(59) Metaspace: 21372K(21760K)->21372K(21760K) NonClass: 17630K(17856K)->17630K(17856K) Class: 3741K(3904K)->3741K(3904K)
[116.893s][info][gc          ] GC(59) Pause Full (System.gc()) 770M->770M(5939M) 1834.333ms
[118.670s][info][gc,metaspace] GC(60) Metaspace: 21372K(21760K)->21372K(21760K) NonClass: 17630K(17856K)->17630K(17856K) Class: 3741K(3904K)->3741K(3904K)
[118.670s][info][gc          ] GC(60) Pause Full (System.gc()) 770M->770M(5939M) 1777.376ms
[120.502s][info][gc,metaspace] GC(61) Metaspace: 21372K(21760K)->21372K(21760K) NonClass: 17630K(17856K)->17630K(17856K) Class: 3741K(3904K)->3741K(3904K)
[120.502s][info][gc          ] GC(61) Pause Full (System.gc()) 770M->770M(5939M) 1832.026ms
[122.331s][info][gc,metaspace] GC(62) Metaspace: 21372K(21760K)->21372K(21760K) NonClass: 17630K(17856K)->17630K(17856K) Class: 3741K(3904K)->3741K(3904K)
[122.331s][info][gc          ] GC(62) Pause Full (System.gc()) 770M->770M(5939M) 1828.846ms
[124.162s][info][gc,metaspace] GC(63) Metaspace: 21372K(21760K)->21372K(21760K) NonClass: 17630K(17856K)->17630K(17856K) Class: 3741K(3904K)->3741K(3904K)
[124.162s][info][gc          ] GC(63) Pause Full (System.gc()) 770M->770M(5939M) 1830.314ms
[125.995s][info][gc,metaspace] GC(64) Metaspace: 21372K(21760K)->21372K(21760K) NonClass: 17630K(17856K)->17630K(17856K) Class: 3741K(3904K)->3741K(3904K)
[125.995s][info][gc          ] GC(64) Pause Full (System.gc()) 770M->770M(5939M) 1832.886ms
[127.822s][info][gc,metaspace] GC(65) Metaspace: 21372K(21760K)->21372K(21760K) NonClass: 17630K(17856K)->17630K(17856K) Class: 3741K(3904K)->3741K(3904K)
[127.822s][info][gc          ] GC(65) Pause Full (System.gc()) 787M->770M(5939M) 1826.549ms
[129.603s][info][gc,metaspace] GC(66) Metaspace: 21372K(21760K)->21372K(21760K) NonClass: 17630K(17856K)->17630K(17856K) Class: 3741K(3904K)->3741K(3904K)
[129.603s][info][gc          ] GC(66) Pause Full (System.gc()) 770M->770M(5939M) 1781.166ms
[131.433s][info][gc,metaspace] GC(67) Metaspace: 21372K(21760K)->21372K(21760K) NonClass: 17630K(17856K)->17630K(17856K) Class: 3741K(3904K)->3741K(3904K)
[131.433s][info][gc          ] GC(67) Pause Full (System.gc()) 770M->770M(5939M) 1829.621ms
[133.267s][info][gc,metaspace] GC(68) Metaspace: 21372K(21760K)->21372K(21760K) NonClass: 17630K(17856K)->17630K(17856K) Class: 3741K(3904K)->3741K(3904K)
[133.267s][info][gc          ] GC(68) Pause Full (System.gc()) 770M->770M(5939M) 1833.867ms
[135.098s][info][gc,metaspace] GC(69) Metaspace: 21372K(21760K)->21372K(21760K) NonClass: 17630K(17856K)->17630K(17856K) Class: 3741K(3904K)->3741K(3904K)
[135.098s][info][gc          ] GC(69) Pause Full (System.gc()) 770M->770M(5939M) 1831.003ms
[136.927s][info][gc,metaspace] GC(70) Metaspace: 21372K(21760K)->21372K(21760K) NonClass: 17630K(17856K)->17630K(17856K) Class: 3741K(3904K)->3741K(3904K)
[136.927s][info][gc          ] GC(70) Pause Full (System.gc()) 770M->770M(5939M) 1829.428ms
[138.761s][info][gc,metaspace] GC(71) Metaspace: 21372K(21760K)->21372K(21760K) NonClass: 17630K(17856K)->17630K(17856K) Class: 3741K(3904K)->3741K(3904K)
[138.761s][info][gc          ] GC(71) Pause Full (System.gc()) 770M->770M(5939M) 1833.314ms
[141.206s][info][gc,metaspace] GC(72) Metaspace: 21372K(21760K)->21372K(21760K) NonClass: 17630K(17856K)->17630K(17856K) Class: 3741K(3904K)->3741K(3904K)
[141.206s][info][gc          ] GC(72) Pause Full (System.gc()) 770M->770M(5939M) 2445.346ms
[143.041s][info][gc,metaspace] GC(73) Metaspace: 21372K(21760K)->21372K(21760K) NonClass: 17630K(17856K)->17630K(17856K) Class: 3741K(3904K)->3741K(3904K)
[143.041s][info][gc          ] GC(73) Pause Full (System.gc()) 770M->770M(5939M) 1834.392ms
[144.873s][info][gc,metaspace] GC(74) Metaspace: 21372K(21760K)->21372K(21760K) NonClass: 17630K(17856K)->17630K(17856K) Class: 3741K(3904K)->3741K(3904K)
[144.873s][info][gc          ] GC(74) Pause Full (System.gc()) 770M->770M(5939M) 1832.615ms
[146.655s][info][gc,metaspace] GC(75) Metaspace: 21372K(21760K)->21372K(21760K) NonClass: 17630K(17856K)->17630K(17856K) Class: 3741K(3904K)->3741K(3904K)
[146.655s][info][gc          ] GC(75) Pause Full (System.gc()) 770M->770M(5939M) 1781.930ms
[148.484s][info][gc,metaspace] GC(76) Metaspace: 21372K(21760K)->21372K(21760K) NonClass: 17630K(17856K)->17630K(17856K) Class: 3741K(3904K)->3741K(3904K)
[148.484s][info][gc          ] GC(76) Pause Full (System.gc()) 770M->770M(5939M) 1828.708ms
[150.317s][info][gc,metaspace] GC(77) Metaspace: 21372K(21760K)->21372K(21760K) NonClass: 17630K(17856K)->17630K(17856K) Class: 3741K(3904K)->3741K(3904K)
[150.317s][info][gc          ] GC(77) Pause Full (System.gc()) 770M->770M(5939M) 1832.215ms
[152.146s][info][gc,metaspace] GC(78) Metaspace: 21372K(21760K)->21372K(21760K) NonClass: 17630K(17856K)->17630K(17856K) Class: 3741K(3904K)->3741K(3904K)
[152.146s][info][gc          ] GC(78) Pause Full (System.gc()) 770M->770M(5939M) 1829.721ms
[153.976s][info][gc,metaspace] GC(79) Metaspace: 21372K(21760K)->21372K(21760K) NonClass: 17630K(17856K)->17630K(17856K) Class: 3741K(3904K)->3741K(3904K)
[153.976s][info][gc          ] GC(79) Pause Full (System.gc()) 770M->770M(5939M) 1829.674ms
[155.809s][info][gc,metaspace] GC(80) Metaspace: 21372K(21760K)->21372K(21760K) NonClass: 17630K(17856K)->17630K(17856K) Class: 3741K(3904K)->3741K(3904K)
[155.809s][info][gc          ] GC(80) Pause Full (System.gc()) 770M->770M(5939M) 1832.897ms
[157.587s][info][gc,metaspace] GC(81) Metaspace: 21372K(21760K)->21372K(21760K) NonClass: 17630K(17856K)->17630K(17856K) Class: 3741K(3904K)->3741K(3904K)
[157.587s][info][gc          ] GC(81) Pause Full (System.gc()) 770M->770M(5939M) 1778.111ms
[159.420s][info][gc,metaspace] GC(82) Metaspace: 21372K(21760K)->21372K(21760K) NonClass: 17630K(17856K)->17630K(17856K) Class: 3741K(3904K)->3741K(3904K)
[159.420s][info][gc          ] GC(82) Pause Full (System.gc()) 770M->770M(5939M) 1832.945ms
[161.250s][info][gc,metaspace] GC(83) Metaspace: 21372K(21760K)->21372K(21760K) NonClass: 17630K(17856K)->17630K(17856K) Class: 3741K(3904K)->3741K(3904K)
[161.250s][info][gc          ] GC(83) Pause Full (System.gc()) 770M->770M(5939M) 1829.506ms
[163.085s][info][gc,metaspace] GC(84) Metaspace: 21372K(21760K)->21372K(21760K) NonClass: 17630K(17856K)->17630K(17856K) Class: 3741K(3904K)->3741K(3904K)
[163.085s][info][gc          ] GC(84) Pause Full (System.gc()) 770M->770M(5939M) 1834.569ms
[164.913s][info][gc,metaspace] GC(85) Metaspace: 21372K(21760K)->21372K(21760K) NonClass: 17630K(17856K)->17630K(17856K) Class: 3741K(3904K)->3741K(3904K)
[164.913s][info][gc          ] GC(85) Pause Full (System.gc()) 770M->770M(5939M) 1828.249ms
[166.869s][info][gc,metaspace] GC(86) Metaspace: 21372K(21760K)->21372K(21760K) NonClass: 17630K(17856K)->17630K(17856K) Class: 3741K(3904K)->3741K(3904K)
[166.869s][info][gc          ] GC(86) Pause Full (System.gc()) 770M->770M(5939M) 1955.974ms
[168.651s][info][gc,metaspace] GC(87) Metaspace: 21372K(21760K)->21372K(21760K) NonClass: 17630K(17856K)->17630K(17856K) Class: 3741K(3904K)->3741K(3904K)
[168.651s][info][gc          ] GC(87) Pause Full (System.gc()) 770M->770M(5939M) 1781.440ms
[170.487s][info][gc,metaspace] GC(88) Metaspace: 21372K(21760K)->21372K(21760K) NonClass: 17630K(17856K)->17630K(17856K) Class: 3741K(3904K)->3741K(3904K)
[170.487s][info][gc          ] GC(88) Pause Full (System.gc()) 770M->770M(5939M) 1835.970ms
[172.317s][info][gc,metaspace] GC(89) Metaspace: 21372K(21760K)->21372K(21760K) NonClass: 17630K(17856K)->17630K(17856K) Class: 3741K(3904K)->3741K(3904K)
[172.318s][info][gc          ] GC(89) Pause Full (System.gc()) 770M->770M(5939M) 1830.562ms
[174.147s][info][gc,metaspace] GC(90) Metaspace: 21372K(21760K)->21372K(21760K) NonClass: 17630K(17856K)->17630K(17856K) Class: 3741K(3904K)->3741K(3904K)
[174.147s][info][gc          ] GC(90) Pause Full (System.gc()) 770M->770M(5939M) 1829.114ms
[175.979s][info][gc,metaspace] GC(91) Metaspace: 21372K(21760K)->21372K(21760K) NonClass: 17630K(17856K)->17630K(17856K) Class: 3741K(3904K)->3741K(3904K)
[175.979s][info][gc          ] GC(91) Pause Full (System.gc()) 770M->770M(5939M) 1831.946ms
[177.809s][info][gc,metaspace] GC(92) Metaspace: 21372K(21760K)->21372K(21760K) NonClass: 17630K(17856K)->17630K(17856K) Class: 3741K(3904K)->3741K(3904K)
[177.809s][info][gc          ] GC(92) Pause Full (System.gc()) 770M->770M(5939M) 1829.894ms
[179.590s][info][gc,metaspace] GC(93) Metaspace: 21372K(21760K)->21372K(21760K) NonClass: 17630K(17856K)->17630K(17856K) Class: 3741K(3904K)->3741K(3904K)
[179.590s][info][gc          ] GC(93) Pause Full (System.gc()) 770M->770M(5939M) 1780.980ms
[181.417s][info][gc,metaspace] GC(94) Metaspace: 21372K(21760K)->21372K(21760K) NonClass: 17630K(17856K)->17630K(17856K) Class: 3741K(3904K)->3741K(3904K)
[181.417s][info][gc          ] GC(94) Pause Full (System.gc()) 770M->770M(5939M) 1826.897ms
[183.251s][info][gc,metaspace] GC(95) Metaspace: 21372K(21760K)->21372K(21760K) NonClass: 17630K(17856K)->17630K(17856K) Class: 3741K(3904K)->3741K(3904K)
[183.251s][info][gc          ] GC(95) Pause Full (System.gc()) 770M->770M(5939M) 1833.719ms
[185.079s][info][gc,metaspace] GC(96) Metaspace: 21372K(21760K)->21372K(21760K) NonClass: 17630K(17856K)->17630K(17856K) Class: 3741K(3904K)->3741K(3904K)
[185.079s][info][gc          ] GC(96) Pause Full (System.gc()) 770M->770M(5939M) 1828.489ms
[186.910s][info][gc,metaspace] GC(97) Metaspace: 21372K(21760K)->21372K(21760K) NonClass: 17630K(17856K)->17630K(17856K) Class: 3741K(3904K)->3741K(3904K)
[186.910s][info][gc          ] GC(97) Pause Full (System.gc()) 770M->770M(5939M) 1831.105ms
[188.694s][info][gc,metaspace] GC(98) Metaspace: 21372K(21760K)->21372K(21760K) NonClass: 17630K(17856K)->17630K(17856K) Class: 3741K(3904K)->3741K(3904K)
[188.694s][info][gc          ] GC(98) Pause Full (System.gc()) 787M->770M(5939M) 1783.110ms
[190.523s][info][gc,metaspace] GC(99) Metaspace: 21372K(21760K)->21372K(21760K) NonClass: 17630K(17856K)->17630K(17856K) Class: 3741K(3904K)->3741K(3904K)
[190.523s][info][gc          ] GC(99) Pause Full (System.gc()) 770M->770M(5939M) 1829.108ms
[192.357s][info][gc,metaspace] GC(100) Metaspace: 21372K(21760K)->21372K(21760K) NonClass: 17630K(17856K)->17630K(17856K) Class: 3741K(3904K)->3741K(3904K)
[192.357s][info][gc          ] GC(100) Pause Full (System.gc()) 770M->770M(5939M) 1833.539ms
After GCs... 
