Done; will start GCs... 
[123.312s][info   ][gc          ] Trigger: GC request (System.gc())
[123.314s][info   ][gc          ] GC(13) Concurrent reset 2.581ms
[123.314s][info   ][gc          ] GC(13) Pause Init Mark (unload classes) 0.055ms
[123.314s][info   ][gc          ] GC(13) Concurrent marking roots 0.188ms
[130.397s][info   ][gc          ] GC(13) Concurrent marking (unload classes) 7082.069ms
[130.397s][info   ][gc          ] GC(13) Pause Final Mark (unload classes) 0.173ms
[130.397s][info   ][gc          ] GC(13) Concurrent thread roots 0.099ms
[130.397s][info   ][gc          ] GC(13) Concurrent weak references 0.066ms
[130.402s][info   ][gc          ] GC(13) Concurrent weak roots 4.641ms
[130.402s][info   ][gc          ] GC(13) Concurrent cleanup 1600M->1600M(6144M) 0.129ms
[130.410s][info   ][gc          ] GC(13) Concurrent class unloading 8.559ms
[130.411s][info   ][gc          ] GC(13) Concurrent strong roots 0.534ms
[130.411s][info   ][gc          ] GC(13) Concurrent evacuation 0.188ms
[130.411s][info   ][gc          ] GC(13) Pause Init Update Refs 0.007ms
[130.411s][info   ][gc          ] GC(13) At start of update refs, moving 4096K to Mutator free partition from Collector Reserve
[131.867s][info   ][gc          ] Cancelling GC: Stopping VM
[131.910s][info   ][gc          ] GC(13) Concurrent update references 1498.639ms
[131.910s][info   ][gc,metaspace] Metaspace: 37879K(38080K)->38206K(38400K) NonClass: 19759K(19840K)->20015K(20096K) Class: 18119K(18240K)->18191K(18304K)
