[0.001s][warning][pagesize] UseLargePages disabled, no large pages configured and available on the system.
[0.001s][info   ][gc      ] Min heap equals to max heap, disabling ShenandoahUncommit
[0.001s][info   ][metaspace]  - commit_granule_bytes: 65536.
[0.001s][info   ][metaspace]  - commit_granule_words: 8192.
[0.001s][info   ][metaspace]  - virtual_space_node_default_size: 8388608.
[0.001s][info   ][metaspace]  - enlarge_chunks_in_place: 1.
[0.001s][info   ][metaspace]  - use_allocation_guard: 0.
[0.003s][info   ][gc       ] Heuristics ergonomically sets -XX:+ExplicitGCInvokesConcurrent
[0.003s][info   ][gc       ] Heuristics ergonomically sets -XX:+ShenandoahImplicitGCInvokesConcurrent
[0.003s][info   ][gc       ] Using Shenandoah
[0.388s][info   ][metaspace] Reserving compressed class space anywhere
[0.388s][info   ][gc,metaspace] CDS archive(s) not mapped
[0.388s][info   ][gc,metaspace] Compressed class space mapped at: 0x000000002a000000-0x00000000ea000000, reserved size: 3221225472
[0.388s][info   ][gc,metaspace] UseCompressedClassPointers 1, UseCompactObjectHeaders 1, narrow klass pointer bits 22, max shift 10
[0.388s][info   ][gc,metaspace] Narrow klass base: 0x000000002a000000, Narrow klass shift: 10, Narrow klass range: 0xc0000000
Random Seed: 12345678
Num Classes: 16384
Num Objects: 67108864
Percent IK Objects: 83.0%)
Percent OAK Objects: 5.0%)
Percent TAK Objects: 12.0%)
Cycles: 50
Loading 16384 pre-generated classes ...
Materialize pre-generated constructors ...
Creating objects...
[1.725s][info   ][gc          ] Trigger: GC request (System.gc())
[1.725s][info   ][gc          ] GC(0) Concurrent reset 0.139ms
[1.725s][info   ][gc          ] GC(0) Pause Init Mark (unload classes) 0.042ms
[1.726s][info   ][gc          ] GC(0) Concurrent marking roots 0.335ms
[1.741s][info   ][gc          ] GC(0) Concurrent marking (unload classes) 15.591ms
[1.741s][info   ][gc          ] GC(0) Pause Final Mark (unload classes) 0.149ms
[1.742s][info   ][gc          ] GC(0) Concurrent thread roots 0.101ms
[1.743s][info   ][gc          ] GC(0) Concurrent weak references 1.365ms
[1.745s][info   ][gc          ] GC(0) Concurrent weak roots 2.202ms
[1.745s][info   ][gc          ] GC(0) Concurrent cleanup 63M->63M(6144M) 0.131ms
[1.751s][info   ][metaspace   ] ChkMgr @0x00007fdb6811a870 (non-class-space): : reclaiming memory...
[1.751s][info   ][metaspace   ] ChkMgr @0x00007fdb6811a870 (non-class-space): nothing reclaimed.
[1.751s][info   ][metaspace   ] ChkMgr @0x00007fdb6811a680 (class-space): : reclaiming memory...
[1.751s][info   ][metaspace   ] ChkMgr @0x00007fdb6811a680 (class-space): nothing reclaimed.
[1.751s][info   ][gc          ] GC(0) Concurrent class unloading 5.656ms
[1.753s][info   ][gc          ] GC(0) Concurrent strong roots 1.645ms
[1.759s][info   ][gc          ] GC(0) Concurrent evacuation 6.297ms
[1.759s][info   ][gc          ] GC(0) Pause Init Update Refs 0.007ms
[1.759s][info   ][gc          ] GC(0) At start of update refs, moving 63488K to Mutator free partition from Collector Reserve
[1.773s][info   ][gc          ] GC(0) Concurrent update references 14.048ms
[1.773s][info   ][gc          ] GC(0) Concurrent update thread roots 0.100ms
[1.773s][info   ][gc          ] GC(0) Pause Final Update Refs 0.087ms
[1.773s][info   ][gc          ] GC(0) Concurrent cleanup 75M->13M(6144M) 0.045ms
[1.774s][info   ][gc,metaspace] Metaspace: 36738K(36928K)->36728K(36928K) NonClass: 18621K(18688K)->18615K(18688K) Class: 18117K(18240K)->18113K(18240K)
[6.136s][info   ][gc          ] Trigger: Learning 2 of 5. Free (4300M) is below initial threshold (4300M)
[6.136s][info   ][gc          ] GC(1) Concurrent reset 0.255ms
[6.136s][info   ][gc          ] GC(1) Pause Init Mark (unload classes) 0.039ms
[6.139s][info   ][gc          ] GC(1) Concurrent marking roots 2.332ms
[6.768s][info   ][gc          ] GC(1) Concurrent marking (unload classes) 629.645ms
[6.769s][info   ][gc          ] GC(1) Pause Final Mark (unload classes) 0.186ms
[6.769s][info   ][gc          ] GC(1) Concurrent thread roots 0.077ms
[6.772s][info   ][gc          ] GC(1) Concurrent weak references 2.951ms
[6.781s][info   ][gc          ] GC(1) Concurrent weak roots 9.621ms
[6.782s][info   ][gc          ] GC(1) Concurrent cleanup 1622M->1622M(6144M) 0.127ms
[6.786s][info   ][gc          ] GC(1) Concurrent class unloading 3.885ms
[6.790s][info   ][gc          ] GC(1) Concurrent strong roots 4.960ms
[7.000s][info   ][gc          ] GC(1) Concurrent evacuation 209.239ms
[7.000s][info   ][gc          ] GC(1) Pause Init Update Refs 0.008ms
[7.000s][info   ][gc          ] GC(1) At start of update refs, moving 234M to Mutator free partition from Collector Reserve
[7.528s][info   ][gc          ] GC(1) Concurrent update references 527.798ms
[7.528s][info   ][gc          ] GC(1) Concurrent update thread roots 0.112ms
[7.528s][info   ][gc          ] GC(1) Pause Final Update Refs 0.094ms
[7.528s][info   ][gc          ] GC(1) Concurrent cleanup 1785M->515M(6144M) 0.092ms
[7.528s][info   ][gc,metaspace] Metaspace: 69205K(86656K)->69621K(87232K) NonClass: 42621K(52224K)->42925K(52608K) Class: 26583K(34432K)->26695K(34624K)
[14.703s][info   ][gc          ] Trigger: Learning 3 of 5. Free (4300M) is below initial threshold (4300M)
[14.706s][info   ][gc          ] GC(2) Concurrent reset 2.976ms
[14.706s][info   ][gc          ] GC(2) Pause Init Mark (unload classes) 0.048ms
[14.709s][info   ][gc          ] GC(2) Concurrent marking roots 2.408ms
[15.632s][info   ][gc          ] GC(2) Concurrent marking (unload classes) 923.371ms
[15.633s][info   ][gc          ] GC(2) Pause Final Mark (unload classes) 0.173ms
[15.633s][info   ][gc          ] GC(2) Concurrent thread roots 0.060ms
[15.633s][info   ][gc          ] GC(2) Concurrent weak references 0.046ms
[15.646s][info   ][gc          ] GC(2) Concurrent weak roots 13.093ms
[15.646s][info   ][gc          ] GC(2) Concurrent cleanup 1673M->1673M(6144M) 0.162ms
[15.665s][info   ][gc          ] GC(2) Concurrent class unloading 19.053ms
[15.668s][info   ][gc          ] GC(2) Concurrent strong roots 3.340ms
[16.022s][info   ][gc          ] GC(2) Concurrent evacuation 353.410ms
[16.022s][info   ][gc          ] GC(2) Pause Init Update Refs 0.007ms
[16.022s][info   ][gc          ] GC(2) At start of update refs, moving 204M to Mutator free partition from Collector Reserve
[16.642s][info   ][gc          ] GC(2) Concurrent update references 619.683ms
[16.642s][info   ][gc          ] GC(2) Concurrent update thread roots 0.121ms
[16.642s][info   ][gc          ] GC(2) Pause Final Update Refs 0.102ms
[16.642s][info   ][gc          ] GC(2) Concurrent cleanup 1927M->726M(6144M) 0.068ms
[16.642s][info   ][gc,metaspace] Metaspace: 81203K(96640K)->82608K(97792K) NonClass: 54507K(62016K)->55912K(63168K) Class: 26695K(34624K)->26695K(34624K)
[16.643s][info   ][gc          ] Trigger: GC request (CodeCache GC Threshold)
[16.646s][info   ][gc          ] GC(3) Concurrent reset 2.885ms
[16.646s][info   ][gc          ] GC(3) Pause Init Mark (unload classes) 0.035ms
[16.649s][info   ][gc          ] GC(3) Concurrent marking roots 2.455ms
[17.596s][info   ][gc          ] GC(3) Concurrent marking (unload classes) 947.407ms
[17.596s][info   ][gc          ] GC(3) Pause Final Mark (unload classes) 0.157ms
[17.596s][info   ][gc          ] GC(3) Concurrent thread roots 0.077ms
[17.596s][info   ][gc          ] GC(3) Concurrent weak references 0.056ms
[17.610s][info   ][gc          ] GC(3) Concurrent weak roots 13.663ms
[17.610s][info   ][gc          ] GC(3) Concurrent cleanup 875M->875M(6144M) 0.140ms
[17.634s][info   ][gc          ] GC(3) Concurrent class unloading 23.825ms
[17.637s][info   ][gc          ] GC(3) Concurrent strong roots 2.807ms
[17.724s][info   ][gc          ] GC(3) Concurrent evacuation 87.332ms
[17.724s][info   ][gc          ] GC(3) Pause Init Update Refs 0.007ms
[17.725s][info   ][gc          ] GC(3) At start of update refs, moving 280M to Mutator free partition from Collector Reserve
[18.398s][info   ][gc          ] GC(3) Concurrent update references 673.573ms
[18.429s][info   ][gc          ] GC(3) Concurrent update thread roots 31.278ms
[18.430s][info   ][gc          ] GC(3) Pause Final Update Refs 0.100ms
[18.430s][info   ][gc          ] GC(3) Concurrent cleanup 1020M->724M(6144M) 0.078ms
[18.430s][info   ][gc,metaspace] Metaspace: 82608K(97792K)->82608K(97792K) NonClass: 55912K(63168K)->55912K(63168K) Class: 26695K(34624K)->26695K(34624K)
[22.801s][info   ][gc          ] Trigger: Learning 2 of 5. Free (4300M) is below initial threshold (4300M)
[22.803s][info   ][gc          ] GC(4) Concurrent reset 1.649ms
[22.803s][info   ][gc          ] GC(4) Pause Init Mark (unload classes) 0.045ms
[22.805s][info   ][gc          ] GC(4) Concurrent marking roots 2.597ms
[24.671s][info   ][gc          ] GC(4) Concurrent marking (unload classes) 1865.896ms
[24.672s][info   ][gc          ] GC(4) Pause Final Mark (unload classes) 0.200ms
[24.672s][info   ][gc          ] GC(4) Concurrent thread roots 0.064ms
[24.672s][info   ][gc          ] GC(4) Concurrent weak references 0.034ms
[24.692s][info   ][gc          ] GC(4) Concurrent weak roots 20.466ms
[24.692s][info   ][gc          ] GC(4) Concurrent cleanup 1877M->1877M(6144M) 0.121ms
[24.722s][info   ][gc          ] GC(4) Concurrent class unloading 29.729ms
[24.725s][info   ][gc          ] GC(4) Concurrent strong roots 2.739ms
[25.153s][info   ][gc          ] GC(4) Concurrent evacuation 428.312ms
[25.153s][info   ][gc          ] GC(4) Pause Init Update Refs 0.007ms
[25.153s][info   ][gc          ] GC(4) At start of update refs, moving 218M to Mutator free partition from Collector Reserve
[26.058s][info   ][gc          ] GC(4) Concurrent update references 904.186ms
[26.058s][info   ][gc          ] GC(4) Concurrent update thread roots 0.102ms
[26.058s][info   ][gc          ] GC(4) Pause Final Update Refs 0.094ms
[26.058s][info   ][gc          ] GC(4) Concurrent cleanup 2225M->1147M(6144M) 0.082ms
[26.058s][info   ][gc,metaspace] Metaspace: 89845K(103616K)->89845K(103616K) NonClass: 63149K(68992K)->63149K(68992K) Class: 26695K(34624K)->26695K(34624K)
[27.766s][info   ][gc          ] Trigger: Learning 3 of 5. Free (4300M) is below initial threshold (4300M)
[27.769s][info   ][gc          ] GC(5) Concurrent reset 3.047ms
[27.769s][info   ][gc          ] GC(5) Pause Init Mark (unload classes) 0.044ms
[27.772s][info   ][gc          ] GC(5) Concurrent marking roots 2.581ms
[30.053s][info   ][gc          ] GC(5) Concurrent marking (unload classes) 2281.481ms
[30.054s][info   ][gc          ] GC(5) Pause Final Mark (unload classes) 0.235ms
[30.054s][info   ][gc          ] GC(5) Concurrent thread roots 0.079ms
[30.054s][info   ][gc          ] GC(5) Concurrent weak references 0.022ms
[30.068s][info   ][gc          ] GC(5) Concurrent weak roots 14.212ms
[30.068s][info   ][gc          ] GC(5) Concurrent cleanup 1955M->1955M(6144M) 0.140ms
[30.096s][info   ][gc          ] GC(5) Concurrent class unloading 27.556ms
[30.099s][info   ][gc          ] GC(5) Concurrent strong roots 2.744ms
[30.369s][info   ][gc          ] GC(5) Concurrent evacuation 270.333ms
[30.369s][info   ][gc          ] GC(5) Pause Init Update Refs 0.007ms
[30.369s][info   ][gc          ] GC(5) At start of update refs, moving 228M to Mutator free partition from Collector Reserve
[31.699s][info   ][gc          ] GC(5) Concurrent update references 1330.268ms
[31.700s][info   ][gc          ] GC(5) Concurrent update thread roots 0.124ms
[31.700s][info   ][gc          ] GC(5) Pause Final Update Refs 0.094ms
[31.700s][info   ][gc          ] GC(5) Concurrent cleanup 2324M->1337M(6144M) 0.092ms
[31.700s][info   ][gc,metaspace] Metaspace: 89845K(103616K)->89845K(103616K) NonClass: 63149K(68992K)->63149K(68992K) Class: 26695K(34624K)->26695K(34624K)
[32.574s][info   ][gc          ] Trigger: Learning 4 of 5. Free (4300M) is below initial threshold (4300M)
[32.577s][info   ][gc          ] GC(6) Concurrent reset 3.026ms
[32.577s][info   ][gc          ] GC(6) Pause Init Mark (unload classes) 0.059ms
[32.580s][info   ][gc          ] GC(6) Concurrent marking roots 2.543ms
[34.821s][info   ][gc          ] GC(6) Concurrent marking (unload classes) 2241.016ms
[34.821s][info   ][gc          ] GC(6) Pause Final Mark (unload classes) 0.177ms
[34.821s][info   ][gc          ] GC(6) Concurrent thread roots 0.073ms
[34.821s][info   ][gc          ] GC(6) Concurrent weak references 0.051ms
[34.836s][info   ][gc          ] GC(6) Concurrent weak roots 14.852ms
[34.836s][info   ][gc          ] GC(6) Concurrent cleanup 2015M->2015M(6144M) 0.125ms
[34.864s][info   ][gc          ] GC(6) Concurrent class unloading 27.099ms
[34.866s][info   ][gc          ] GC(6) Concurrent strong roots 2.818ms
[35.134s][info   ][gc          ] GC(6) Concurrent evacuation 267.653ms
[35.134s][info   ][gc          ] GC(6) Pause Init Update Refs 0.007ms
[35.134s][info   ][gc          ] GC(6) At start of update refs, moving 234M to Mutator free partition from Collector Reserve
[36.619s][info   ][gc          ] GC(6) Concurrent update references 1484.820ms
[36.619s][info   ][gc          ] GC(6) Concurrent update thread roots 0.137ms
[36.619s][info   ][gc          ] GC(6) Pause Final Update Refs 0.097ms
[36.620s][info   ][gc          ] GC(6) Concurrent cleanup 2402M->1495M(6144M) 0.077ms
[36.620s][info   ][gc,metaspace] Metaspace: 89845K(103616K)->89845K(103616K) NonClass: 63149K(68992K)->63149K(68992K) Class: 26695K(34624K)->26695K(34624K)
[36.779s][info   ][gc          ] Trigger: Learning 5 of 5. Free (4300M) is below initial threshold (4300M)
[36.782s][info   ][gc          ] GC(7) Concurrent reset 2.911ms
[36.782s][info   ][gc          ] GC(7) Pause Init Mark (unload classes) 0.052ms
[36.785s][info   ][gc          ] GC(7) Concurrent marking roots 2.678ms
[39.170s][info   ][gc          ] GC(7) Concurrent marking (unload classes) 2385.224ms
[39.170s][info   ][gc          ] GC(7) Pause Final Mark (unload classes) 0.178ms
[39.170s][info   ][gc          ] GC(7) Concurrent thread roots 0.078ms
[39.171s][info   ][gc          ] GC(7) Concurrent weak references 0.060ms
[39.190s][info   ][gc          ] GC(7) Concurrent weak roots 19.796ms
[39.190s][info   ][gc          ] GC(7) Concurrent cleanup 2009M->2009M(6144M) 0.113ms
[39.211s][info   ][gc          ] GC(7) Concurrent class unloading 20.005ms
[39.213s][info   ][gc          ] GC(7) Concurrent strong roots 2.848ms
[39.514s][info   ][gc          ] GC(7) Concurrent evacuation 300.862ms
[39.514s][info   ][gc          ] GC(7) Pause Init Update Refs 0.008ms
[39.514s][info   ][gc          ] GC(7) At start of update refs, moving 240M to Mutator free partition from Collector Reserve
[40.731s][info   ][gc          ] GC(7) Concurrent update references 1216.713ms
[40.731s][info   ][gc          ] GC(7) Concurrent update thread roots 0.122ms
[40.731s][info   ][gc          ] GC(7) Pause Final Update Refs 0.093ms
[40.732s][info   ][gc          ] GC(7) Concurrent cleanup 2372M->1539M(6144M) 0.073ms
[40.732s][info   ][gc,metaspace] Metaspace: 89845K(103616K)->89845K(103616K) NonClass: 63149K(68992K)->63149K(68992K) Class: 26695K(34624K)->26695K(34624K)
[53.183s][info   ][gc          ] Trigger: Average GC time (4894.25 ms) is above the time for average allocation rate (238 MB/s) to deplete free headroom (1164M) (margin of error = 1.80)
[53.186s][info   ][gc          ] GC(8) Concurrent reset 2.916ms
[53.186s][info   ][gc          ] GC(8) Pause Init Mark (unload classes) 0.059ms
[53.189s][info   ][gc          ] GC(8) Concurrent marking roots 2.630ms
[58.429s][info   ][gc          ] GC(8) Concurrent marking (unload classes) 5240.400ms
[58.430s][info   ][gc          ] GC(8) Pause Final Mark (unload classes) 0.370ms
[58.430s][info   ][gc          ] GC(8) Concurrent thread roots 0.078ms
[58.430s][info   ][gc          ] GC(8) Concurrent weak references 0.056ms
[58.450s][info   ][gc          ] GC(8) Concurrent weak roots 19.917ms
[58.451s][info   ][gc          ] GC(8) Concurrent cleanup 5322M->5322M(6144M) 0.121ms
[58.470s][info   ][gc          ] GC(8) Concurrent class unloading 19.956ms
[58.473s][info   ][gc          ] GC(8) Concurrent strong roots 2.831ms
[59.708s][info   ][gc          ] GC(8) Concurrent evacuation 1234.756ms
[59.708s][info   ][gc          ] GC(8) Pause Init Update Refs 0.013ms
[59.708s][info   ][gc          ] GC(8) At start of update refs, moving 53248K to Mutator free partition from Collector Reserve
[61.998s][info   ][gc          ] GC(8) Concurrent update references 2289.528ms
[61.998s][info   ][gc          ] GC(8) Concurrent update thread roots 0.140ms
[61.998s][info   ][gc          ] GC(8) Pause Final Update Refs 0.116ms
[61.998s][info   ][gc          ] GC(8) Concurrent cleanup 6126M->2964M(6144M) 0.135ms
[61.998s][info   ][gc,metaspace] Metaspace: 89845K(103616K)->89845K(103616K) NonClass: 63149K(68992K)->63149K(68992K) Class: 26695K(34624K)->26695K(34624K)
[62.200s][info   ][gc          ] Trigger: Average GC time (10955.05 ms) is above the time for average allocation rate (232 MB/s) to deplete free headroom (2514M) (margin of error = 1.82)
[62.208s][info   ][gc          ] GC(9) Concurrent reset 8.341ms
[62.208s][info   ][gc          ] GC(9) Pause Init Mark (unload classes) 0.063ms
[62.211s][info   ][gc          ] GC(9) Concurrent marking roots 2.521ms
[66.850s][info   ][gc          ] GC(9) Concurrent marking (unload classes) 4638.748ms
[66.850s][info   ][gc          ] GC(9) Pause Final Mark (unload classes) 0.271ms
[66.850s][info   ][gc          ] GC(9) Concurrent thread roots 0.063ms
[66.850s][info   ][gc          ] GC(9) Concurrent weak references 0.045ms
[66.866s][info   ][gc          ] GC(9) Concurrent weak roots 15.654ms
[66.866s][info   ][gc          ] GC(9) Concurrent cleanup 3938M->3938M(6144M) 0.072ms
[66.887s][info   ][gc          ] GC(9) Concurrent class unloading 21.243ms
[66.890s][info   ][gc          ] GC(9) Concurrent strong roots 2.778ms
[67.461s][info   ][gc          ] GC(9) Concurrent evacuation 570.531ms
[67.461s][info   ][gc          ] GC(9) Pause Init Update Refs 0.007ms
[67.461s][info   ][gc          ] GC(9) At start of update refs, moving 144M to Mutator free partition from Collector Reserve
[69.763s][info   ][gc          ] GC(9) Concurrent update references 2302.299ms
[69.763s][info   ][gc          ] GC(9) Concurrent update thread roots 0.110ms
[69.763s][info   ][gc          ] GC(9) Pause Final Update Refs 0.107ms
[69.763s][info   ][gc          ] GC(9) Concurrent cleanup 4678M->2686M(6144M) 0.089ms
[69.764s][info   ][gc,metaspace] Metaspace: 89845K(103616K)->89845K(103616K) NonClass: 63149K(68992K)->63149K(68992K) Class: 26695K(34624K)->26695K(34624K)
[71.287s][info   ][gc          ] Trigger: Average GC time (10450.11 ms) is above the time for average allocation rate (238 MB/s) to deplete free headroom (2488M) (margin of error = 1.84)
[71.293s][info   ][gc          ] GC(10) Concurrent reset 5.848ms
[71.294s][info   ][gc          ] GC(10) Pause Init Mark (unload classes) 0.064ms
[71.296s][info   ][gc          ] GC(10) Concurrent marking roots 2.568ms
[76.309s][info   ][gc          ] GC(10) Concurrent marking (unload classes) 5013.261ms
[76.310s][info   ][gc          ] GC(10) Pause Final Mark (unload classes) 0.286ms
[76.310s][info   ][gc          ] GC(10) Concurrent thread roots 0.075ms
[76.310s][info   ][gc          ] GC(10) Concurrent weak references 0.039ms
[76.326s][info   ][gc          ] GC(10) Concurrent weak roots 15.650ms
[76.326s][info   ][gc          ] GC(10) Concurrent cleanup 4032M->4032M(6144M) 0.073ms
[76.348s][info   ][gc          ] GC(10) Concurrent class unloading 21.346ms
[76.350s][info   ][gc          ] GC(10) Concurrent strong roots 2.778ms
[76.860s][info   ][gc          ] GC(10) Concurrent evacuation 509.496ms
[76.860s][info   ][gc          ] GC(10) Pause Init Update Refs 0.007ms
[76.860s][info   ][gc          ] GC(10) At start of update refs, moving 156M to Mutator free partition from Collector Reserve
[79.303s][info   ][gc          ] GC(10) Concurrent update references 2442.849ms
[79.303s][info   ][gc          ] GC(10) Concurrent update thread roots 0.115ms
[79.303s][info   ][gc          ] GC(10) Pause Final Update Refs 0.102ms
[79.303s][info   ][gc          ] GC(10) Concurrent cleanup 4792M->2938M(6144M) 0.085ms
[79.303s][info   ][gc,metaspace] Metaspace: 89845K(103616K)->89845K(103616K) NonClass: 63149K(68992K)->63149K(68992K) Class: 26695K(34624K)->26695K(34624K)
[80.106s][info   ][gc          ] Trigger: Average GC time (10176.23 ms) is above the time for average allocation rate (238 MB/s) to deplete free headroom (2408M) (margin of error = 1.85)
[80.112s][info   ][gc          ] GC(11) Concurrent reset 5.900ms
[80.112s][info   ][gc          ] GC(11) Pause Init Mark (unload classes) 0.074ms
[80.114s][info   ][gc          ] GC(11) Concurrent marking roots 2.527ms
[85.553s][info   ][gc          ] GC(11) Concurrent marking (unload classes) 5438.697ms
[85.553s][info   ][gc          ] GC(11) Pause Final Mark (unload classes) 0.260ms
[85.553s][info   ][gc          ] GC(11) Concurrent thread roots 0.067ms
[85.554s][info   ][gc          ] GC(11) Concurrent weak references 0.044ms
[85.569s][info   ][gc          ] GC(11) Concurrent weak roots 15.749ms
[85.569s][info   ][gc          ] GC(11) Concurrent cleanup 4240M->4240M(6144M) 0.074ms
[85.591s][info   ][gc          ] GC(11) Concurrent class unloading 21.339ms
[85.594s][info   ][gc          ] GC(11) Concurrent strong roots 2.843ms
[86.106s][info   ][gc          ] GC(11) Concurrent evacuation 511.973ms
[86.106s][info   ][gc          ] GC(11) Pause Init Update Refs 0.007ms
[86.106s][info   ][gc          ] GC(11) At start of update refs, moving 162M to Mutator free partition from Collector Reserve
67108864 Objects created
 - IK: 55699211 (82.99829%)
 - OAK: 3355627 (5.0002737%)
 - TAK: 8054026 (12.001434%)
Preparatory GC...
[88.915s][info   ][gc          ] GC(11) Concurrent update references 2809.024ms
[88.915s][info   ][gc          ] GC(11) Concurrent update thread roots 0.187ms
[88.915s][info   ][gc          ] GC(11) Pause Final Update Refs 0.083ms
[88.915s][info   ][gc          ] GC(11) Concurrent cleanup 4816M->3032M(6144M) 0.089ms
[88.915s][info   ][gc,metaspace] Metaspace: 89845K(103616K)->89845K(103616K) NonClass: 63149K(68992K)->63149K(68992K) Class: 26695K(34624K)->26695K(34624K)
[88.916s][info   ][gc          ] Trigger: GC request (System.gc())
[88.922s][info   ][gc          ] GC(12) Concurrent reset 5.300ms
[88.922s][info   ][gc          ] GC(12) Pause Init Mark (unload classes) 0.037ms
[88.923s][info   ][gc          ] GC(12) Concurrent marking roots 1.680ms
[94.183s][info   ][gc          ] GC(12) Concurrent marking (unload classes) 5259.341ms
[94.183s][info   ][gc          ] GC(12) Pause Final Mark (unload classes) 0.223ms
[94.183s][info   ][gc          ] GC(12) Concurrent thread roots 0.066ms
[94.183s][info   ][gc          ] GC(12) Concurrent weak references 0.055ms
[94.195s][info   ][gc          ] GC(12) Concurrent weak roots 11.331ms
[94.195s][info   ][gc          ] GC(12) Concurrent cleanup 3032M->3032M(6144M) 0.107ms
[94.824s][info   ][metaspace   ] ChkMgr @0x00007fdb6811a870 (non-class-space): : reclaiming memory...
[94.826s][info   ][metaspace   ] ChkMgr @0x00007fdb6811a870 (non-class-space): finished reclaiming memory: 
[94.826s][info   ][metaspace   ] reserved: 128.00 MB (no change)
[94.826s][info   ][metaspace   ] committed: 67.38 MB->19.38 MB (-48.00 MB)
[94.826s][info   ][metaspace   ] ChkMgr @0x00007fdb6811a680 (class-space): : reclaiming memory...
[94.826s][info   ][metaspace   ] ChkMgr @0x00007fdb6811a680 (class-space): finished reclaiming memory: 
[94.826s][info   ][metaspace   ] reserved: 3.00 GB (no change)
[94.826s][info   ][metaspace   ] committed: 33.81 MB->17.81 MB (-16.00 MB)
[94.829s][info   ][gc          ] GC(12) Concurrent class unloading 633.874ms
[94.830s][info   ][gc          ] GC(12) Concurrent strong roots 0.866ms
[95.245s][info   ][gc          ] GC(12) Concurrent evacuation 415.531ms
[95.245s][info   ][gc          ] GC(12) Pause Init Update Refs 0.007ms
[95.245s][info   ][gc          ] GC(12) At start of update refs, moving 174M to Mutator free partition from Collector Reserve
[97.381s][info   ][gc          ] GC(12) Concurrent update references 2136.196ms
[97.382s][info   ][gc          ] GC(12) Concurrent update thread roots 0.137ms
[97.382s][info   ][gc          ] GC(12) Pause Final Update Refs 0.085ms
[97.382s][info   ][gc          ] GC(12) Concurrent cleanup 3166M->1600M(6144M) 0.063ms
[97.382s][info   ][gc,metaspace] Metaspace: 89845K(103616K)->37877K(38080K) NonClass: 63149K(68992K)->19757K(19840K) Class: 26695K(34624K)->18119K(18240K)
[97.383s][info   ][gc          ] Trigger: GC request (System.gc())
[97.388s][info   ][gc          ] GC(13) Concurrent reset 5.112ms
[97.388s][info   ][gc          ] GC(13) Pause Init Mark (unload classes) 0.050ms
[97.388s][info   ][gc          ] GC(13) Concurrent marking roots 0.226ms
[102.529s][info   ][gc          ] GC(13) Concurrent marking (unload classes) 5140.915ms
[102.530s][info   ][gc          ] GC(13) Pause Final Mark (unload classes) 0.189ms
[102.530s][info   ][gc          ] GC(13) Concurrent thread roots 0.073ms
[102.530s][info   ][gc          ] GC(13) Concurrent weak references 0.041ms
[102.530s][info   ][gc          ] GC(13) Concurrent weak roots 0.683ms
[102.530s][info   ][gc          ] GC(13) Concurrent cleanup 1600M->1600M(6144M) 0.047ms
[102.531s][info   ][gc          ] GC(13) Concurrent class unloading 0.129ms
[102.531s][info   ][gc          ] GC(13) Concurrent strong roots 0.452ms
[102.531s][info   ][gc          ] GC(13) Concurrent evacuation 0.398ms
[102.532s][info   ][gc          ] GC(13) Pause Init Update Refs 0.004ms
[102.532s][info   ][gc          ] GC(13) At start of update refs, moving 4096K to Mutator free partition from Collector Reserve
[104.453s][info   ][gc          ] GC(13) Concurrent update references 1921.329ms
[104.453s][info   ][gc          ] GC(13) Concurrent update thread roots 0.113ms
[104.453s][info   ][gc          ] GC(13) Pause Final Update Refs 0.081ms
[104.453s][info   ][gc          ] GC(13) Concurrent cleanup 1602M->1598M(6144M) 0.037ms
[104.453s][info   ][gc,metaspace] Metaspace: 37877K(38080K)->37877K(38080K) NonClass: 19757K(19840K)->19757K(19840K) Class: 18119K(18240K)->18119K(18240K)
Done; will start GCs... 
[104.454s][info   ][gc          ] Trigger: GC request (System.gc())
[104.458s][info   ][gc          ] GC(14) Concurrent reset 3.261ms
[104.465s][info   ][gc          ] GC(14) Pause Init Mark (unload classes) 0.074ms
[104.465s][info   ][gc          ] GC(14) Concurrent marking roots 0.212ms
[109.463s][info   ][gc          ] GC(14) Concurrent marking (unload classes) 4997.928ms
[109.463s][info   ][gc          ] GC(14) Pause Final Mark (unload classes) 0.164ms
[109.463s][info   ][gc          ] GC(14) Concurrent thread roots 0.088ms
[109.463s][info   ][gc          ] GC(14) Concurrent weak references 0.048ms
[109.464s][info   ][gc          ] GC(14) Concurrent weak roots 0.622ms
[109.464s][info   ][gc          ] GC(14) Concurrent cleanup 1600M->1598M(6144M) 0.032ms
[109.464s][info   ][gc          ] GC(14) Concurrent class unloading 0.087ms
[109.465s][info   ][gc          ] GC(14) Concurrent strong roots 0.433ms
[109.465s][info   ][gc          ] GC(14) Concurrent evacuation 0.166ms
[109.465s][info   ][gc          ] GC(14) Pause Init Update Refs 0.004ms
[109.465s][info   ][gc          ] GC(14) At start of update refs, moving 2048K to Mutator free partition from Collector Reserve
[111.346s][info   ][gc          ] GC(14) Concurrent update references 1880.825ms
[111.346s][info   ][gc          ] GC(14) Concurrent update thread roots 0.093ms
[111.346s][info   ][gc          ] GC(14) Pause Final Update Refs 0.097ms
[111.346s][info   ][gc          ] GC(14) Concurrent cleanup 1600M->1598M(6144M) 0.034ms
[111.346s][info   ][gc,metaspace] Metaspace: 37877K(38080K)->37877K(38080K) NonClass: 19757K(19840K)->19757K(19840K) Class: 18119K(18240K)->18119K(18240K)
[111.347s][info   ][gc          ] Trigger: GC request (System.gc())
[111.350s][info   ][gc          ] GC(15) Concurrent reset 2.809ms
[111.350s][info   ][gc          ] GC(15) Pause Init Mark (unload classes) 0.065ms
[111.350s][info   ][gc          ] GC(15) Concurrent marking roots 0.104ms
[116.497s][info   ][gc          ] GC(15) Concurrent marking (unload classes) 5146.420ms
[116.497s][info   ][gc          ] GC(15) Pause Final Mark (unload classes) 0.182ms
[116.497s][info   ][gc          ] GC(15) Concurrent thread roots 0.063ms
[116.497s][info   ][gc          ] GC(15) Concurrent weak references 0.045ms
[116.498s][info   ][gc          ] GC(15) Concurrent weak roots 0.641ms
[116.498s][info   ][gc          ] GC(15) Concurrent cleanup 1598M->1598M(6144M) 0.036ms
[116.498s][info   ][gc          ] GC(15) Concurrent class unloading 0.114ms
[116.498s][info   ][gc          ] GC(15) Concurrent strong roots 0.455ms
[116.499s][info   ][gc          ] GC(15) Concurrent evacuation 0.427ms
[116.499s][info   ][gc          ] GC(15) Pause Init Update Refs 0.004ms
[116.499s][info   ][gc          ] GC(15) At start of update refs, moving 2048K to Mutator free partition from Collector Reserve
[118.459s][info   ][gc          ] GC(15) Concurrent update references 1959.950ms
[118.459s][info   ][gc          ] GC(15) Concurrent update thread roots 0.101ms
[118.459s][info   ][gc          ] GC(15) Pause Final Update Refs 0.097ms
[118.459s][info   ][gc          ] GC(15) Concurrent cleanup 1600M->1598M(6144M) 0.032ms
[118.459s][info   ][gc,metaspace] Metaspace: 37877K(38080K)->37877K(38080K) NonClass: 19757K(19840K)->19757K(19840K) Class: 18119K(18240K)->18119K(18240K)
[118.460s][info   ][gc          ] Trigger: GC request (System.gc())
[118.463s][info   ][gc          ] GC(16) Concurrent reset 2.746ms
[118.463s][info   ][gc          ] GC(16) Pause Init Mark (unload classes) 0.050ms
[118.463s][info   ][gc          ] GC(16) Concurrent marking roots 0.126ms
[123.600s][info   ][gc          ] GC(16) Concurrent marking (unload classes) 5136.643ms
[123.600s][info   ][gc          ] GC(16) Pause Final Mark (unload classes) 0.171ms
[123.600s][info   ][gc          ] GC(16) Concurrent thread roots 0.066ms
[123.600s][info   ][gc          ] GC(16) Concurrent weak references 0.028ms
[123.601s][info   ][gc          ] GC(16) Concurrent weak roots 0.652ms
[123.601s][info   ][gc          ] GC(16) Concurrent cleanup 1599M->1599M(6144M) 0.037ms
[123.601s][info   ][gc          ] GC(16) Concurrent class unloading 0.123ms
[123.601s][info   ][gc          ] GC(16) Concurrent strong roots 0.497ms
[123.602s][info   ][gc          ] GC(16) Concurrent evacuation 0.174ms
[123.602s][info   ][gc          ] GC(16) Pause Init Update Refs 0.003ms
[123.602s][info   ][gc          ] GC(16) At start of update refs, moving 2048K to Mutator free partition from Collector Reserve
[125.530s][info   ][gc          ] GC(16) Concurrent update references 1928.216ms
[125.530s][info   ][gc          ] GC(16) Concurrent update thread roots 0.108ms
[125.530s][info   ][gc          ] GC(16) Pause Final Update Refs 0.100ms
[125.530s][info   ][gc          ] GC(16) Concurrent cleanup 1601M->1599M(6144M) 0.034ms
[125.530s][info   ][gc,metaspace] Metaspace: 37877K(38080K)->37877K(38080K) NonClass: 19757K(19840K)->19757K(19840K) Class: 18119K(18240K)->18119K(18240K)
[125.531s][info   ][gc          ] Trigger: GC request (System.gc())
[125.534s][info   ][gc          ] GC(17) Concurrent reset 2.812ms
[125.534s][info   ][gc          ] GC(17) Pause Init Mark (unload classes) 0.043ms
[125.534s][info   ][gc          ] GC(17) Concurrent marking roots 0.144ms
[130.524s][info   ][gc          ] GC(17) Concurrent marking (unload classes) 4989.191ms
[130.524s][info   ][gc          ] GC(17) Pause Final Mark (unload classes) 0.198ms
[130.524s][info   ][gc          ] GC(17) Concurrent thread roots 0.082ms
[130.524s][info   ][gc          ] GC(17) Concurrent weak references 0.041ms
[130.525s][info   ][gc          ] GC(17) Concurrent weak roots 0.656ms
[130.525s][info   ][gc          ] GC(17) Concurrent cleanup 1599M->1599M(6144M) 0.036ms
[130.525s][info   ][gc          ] GC(17) Concurrent class unloading 0.117ms
[130.525s][info   ][gc          ] GC(17) Concurrent strong roots 0.456ms
[130.525s][info   ][gc          ] GC(17) Concurrent evacuation 0.180ms
[130.526s][info   ][gc          ] GC(17) Pause Init Update Refs 0.004ms
[130.526s][info   ][gc          ] GC(17) At start of update refs, moving 4096K to Mutator free partition from Collector Reserve
[132.454s][info   ][gc          ] GC(17) Concurrent update references 1928.050ms
[132.454s][info   ][gc          ] GC(17) Concurrent update thread roots 0.103ms
[132.454s][info   ][gc          ] GC(17) Pause Final Update Refs 0.086ms
[132.454s][info   ][gc          ] GC(17) Concurrent cleanup 1601M->1598M(6144M) 0.035ms
[132.454s][info   ][gc,metaspace] Metaspace: 37877K(38080K)->37877K(38080K) NonClass: 19757K(19840K)->19757K(19840K) Class: 18119K(18240K)->18119K(18240K)
[132.455s][info   ][gc          ] Trigger: GC request (System.gc())
[132.458s][info   ][gc          ] GC(18) Concurrent reset 2.781ms
[132.458s][info   ][gc          ] GC(18) Pause Init Mark (unload classes) 0.066ms
[132.458s][info   ][gc          ] GC(18) Concurrent marking roots 0.142ms
[137.549s][info   ][gc          ] GC(18) Concurrent marking (unload classes) 5090.757ms
[137.549s][info   ][gc          ] GC(18) Pause Final Mark (unload classes) 0.170ms
[137.549s][info   ][gc          ] GC(18) Concurrent thread roots 0.064ms
[137.549s][info   ][gc          ] GC(18) Concurrent weak references 0.028ms
[137.550s][info   ][gc          ] GC(18) Concurrent weak roots 0.644ms
[137.550s][info   ][gc          ] GC(18) Concurrent cleanup 1598M->1598M(6144M) 0.036ms
[137.550s][info   ][gc          ] GC(18) Concurrent class unloading 0.111ms
[137.550s][info   ][gc          ] GC(18) Concurrent strong roots 0.482ms
[137.551s][info   ][gc          ] GC(18) Concurrent evacuation 0.164ms
[137.551s][info   ][gc          ] GC(18) Pause Init Update Refs 0.003ms
[137.551s][info   ][gc          ] GC(18) At start of update refs, moving 2048K to Mutator free partition from Collector Reserve
[139.511s][info   ][gc          ] GC(18) Concurrent update references 1960.671ms
[139.512s][info   ][gc          ] GC(18) Concurrent update thread roots 0.105ms
[139.512s][info   ][gc          ] GC(18) Pause Final Update Refs 0.107ms
[139.512s][info   ][gc          ] GC(18) Concurrent cleanup 1600M->1598M(6144M) 0.034ms
[139.512s][info   ][gc,metaspace] Metaspace: 37877K(38080K)->37877K(38080K) NonClass: 19757K(19840K)->19757K(19840K) Class: 18119K(18240K)->18119K(18240K)
[139.513s][info   ][gc          ] Trigger: GC request (System.gc())
[139.516s][info   ][gc          ] GC(19) Concurrent reset 2.764ms
[139.516s][info   ][gc          ] GC(19) Pause Init Mark (unload classes) 0.053ms
[139.516s][info   ][gc          ] GC(19) Concurrent marking roots 0.111ms
[144.629s][info   ][gc          ] GC(19) Concurrent marking (unload classes) 5113.564ms
[144.630s][info   ][gc          ] GC(19) Pause Final Mark (unload classes) 0.200ms
[144.630s][info   ][gc          ] GC(19) Concurrent thread roots 0.078ms
[144.630s][info   ][gc          ] GC(19) Concurrent weak references 0.039ms
[144.631s][info   ][gc          ] GC(19) Concurrent weak roots 0.734ms
[144.631s][info   ][gc          ] GC(19) Concurrent cleanup 1598M->1598M(6144M) 0.036ms
[144.631s][info   ][gc          ] GC(19) Concurrent class unloading 0.118ms
[144.631s][info   ][gc          ] GC(19) Concurrent strong roots 0.485ms
[144.631s][info   ][gc          ] GC(19) Concurrent evacuation 0.167ms
[144.631s][info   ][gc          ] GC(19) Pause Init Update Refs 0.004ms
[144.631s][info   ][gc          ] GC(19) At start of update refs, moving 2048K to Mutator free partition from Collector Reserve
[146.559s][info   ][gc          ] GC(19) Concurrent update references 1927.267ms
[146.559s][info   ][gc          ] GC(19) Concurrent update thread roots 0.110ms
[146.559s][info   ][gc          ] GC(19) Pause Final Update Refs 0.095ms
[146.559s][info   ][gc          ] GC(19) Concurrent cleanup 1600M->1598M(6144M) 0.035ms
[146.559s][info   ][gc,metaspace] Metaspace: 37877K(38080K)->37877K(38080K) NonClass: 19757K(19840K)->19757K(19840K) Class: 18119K(18240K)->18119K(18240K)
[146.560s][info   ][gc          ] Trigger: GC request (System.gc())
[146.563s][info   ][gc          ] GC(20) Concurrent reset 2.753ms
[146.563s][info   ][gc          ] GC(20) Pause Init Mark (unload classes) 0.053ms
[146.563s][info   ][gc          ] GC(20) Concurrent marking roots 0.106ms
[151.627s][info   ][gc          ] GC(20) Concurrent marking (unload classes) 5063.847ms
[151.627s][info   ][gc          ] GC(20) Pause Final Mark (unload classes) 0.177ms
[151.627s][info   ][gc          ] GC(20) Concurrent thread roots 0.077ms
[151.627s][info   ][gc          ] GC(20) Concurrent weak references 0.048ms
[151.628s][info   ][gc          ] GC(20) Concurrent weak roots 0.667ms
[151.628s][info   ][gc          ] GC(20) Concurrent cleanup 1598M->1598M(6144M) 0.035ms
[151.628s][info   ][gc          ] GC(20) Concurrent class unloading 0.099ms
[151.629s][info   ][gc          ] GC(20) Concurrent strong roots 0.473ms
[151.629s][info   ][gc          ] GC(20) Concurrent evacuation 0.157ms
[151.629s][info   ][gc          ] GC(20) Pause Init Update Refs 0.003ms
[151.629s][info   ][gc          ] GC(20) At start of update refs, moving 2048K to Mutator free partition from Collector Reserve
[153.592s][info   ][gc          ] GC(20) Concurrent update references 1963.432ms
[153.592s][info   ][gc          ] GC(20) Concurrent update thread roots 0.101ms
[153.593s][info   ][gc          ] GC(20) Pause Final Update Refs 0.095ms
[153.593s][info   ][gc          ] GC(20) Concurrent cleanup 1600M->1598M(6144M) 0.033ms
[153.593s][info   ][gc,metaspace] Metaspace: 37877K(38080K)->37877K(38080K) NonClass: 19757K(19840K)->19757K(19840K) Class: 18119K(18240K)->18119K(18240K)
[153.594s][info   ][gc          ] Trigger: GC request (System.gc())
[153.596s][info   ][gc          ] GC(21) Concurrent reset 2.764ms
[153.597s][info   ][gc          ] GC(21) Pause Init Mark (unload classes) 0.057ms
[153.597s][info   ][gc          ] GC(21) Concurrent marking roots 0.142ms
[158.621s][info   ][gc          ] GC(21) Concurrent marking (unload classes) 5023.979ms
[158.621s][info   ][gc          ] GC(21) Pause Final Mark (unload classes) 0.176ms
[158.621s][info   ][gc          ] GC(21) Concurrent thread roots 0.070ms
[158.621s][info   ][gc          ] GC(21) Concurrent weak references 0.031ms
[158.622s][info   ][gc          ] GC(21) Concurrent weak roots 0.637ms
[158.622s][info   ][gc          ] GC(21) Concurrent cleanup 1598M->1598M(6144M) 0.036ms
[158.622s][info   ][gc          ] GC(21) Concurrent class unloading 0.116ms
[158.622s][info   ][gc          ] GC(21) Concurrent strong roots 0.502ms
[158.623s][info   ][gc          ] GC(21) Concurrent evacuation 0.162ms
[158.623s][info   ][gc          ] GC(21) Pause Init Update Refs 0.004ms
[158.623s][info   ][gc          ] GC(21) At start of update refs, moving 2048K to Mutator free partition from Collector Reserve
[160.549s][info   ][gc          ] GC(21) Concurrent update references 1926.728ms
[160.550s][info   ][gc          ] GC(21) Concurrent update thread roots 0.104ms
[160.550s][info   ][gc          ] GC(21) Pause Final Update Refs 0.094ms
[160.550s][info   ][gc          ] GC(21) Concurrent cleanup 1600M->1598M(6144M) 0.032ms
[160.550s][info   ][gc,metaspace] Metaspace: 37877K(38080K)->37877K(38080K) NonClass: 19757K(19840K)->19757K(19840K) Class: 18119K(18240K)->18119K(18240K)
[160.551s][info   ][gc          ] Trigger: GC request (System.gc())
[160.553s][info   ][gc          ] GC(22) Concurrent reset 2.575ms
[160.553s][info   ][gc          ] GC(22) Pause Init Mark (unload classes) 0.055ms
[160.554s][info   ][gc          ] GC(22) Concurrent marking roots 0.106ms
[165.672s][info   ][gc          ] GC(22) Concurrent marking (unload classes) 5118.500ms
[165.672s][info   ][gc          ] GC(22) Pause Final Mark (unload classes) 0.169ms
[165.672s][info   ][gc          ] GC(22) Concurrent thread roots 0.085ms
[165.672s][info   ][gc          ] GC(22) Concurrent weak references 0.047ms
[165.673s][info   ][gc          ] GC(22) Concurrent weak roots 0.715ms
[165.673s][info   ][gc          ] GC(22) Concurrent cleanup 1598M->1598M(6144M) 0.036ms
[165.673s][info   ][gc          ] GC(22) Concurrent class unloading 0.119ms
[165.674s][info   ][gc          ] GC(22) Concurrent strong roots 0.473ms
[165.674s][info   ][gc          ] GC(22) Concurrent evacuation 0.173ms
[165.674s][info   ][gc          ] GC(22) Pause Init Update Refs 0.004ms
[165.674s][info   ][gc          ] GC(22) At start of update refs, moving 2048K to Mutator free partition from Collector Reserve
[167.593s][info   ][gc          ] GC(22) Concurrent update references 1919.246ms
[167.593s][info   ][gc          ] GC(22) Concurrent update thread roots 0.100ms
[167.594s][info   ][gc          ] GC(22) Pause Final Update Refs 0.096ms
[167.594s][info   ][gc          ] GC(22) Concurrent cleanup 1600M->1598M(6144M) 0.032ms
[167.594s][info   ][gc,metaspace] Metaspace: 37877K(38080K)->37877K(38080K) NonClass: 19757K(19840K)->19757K(19840K) Class: 18119K(18240K)->18119K(18240K)
[167.595s][info   ][gc          ] Trigger: GC request (System.gc())
[167.597s][info   ][gc          ] GC(23) Concurrent reset 2.798ms
[167.598s][info   ][gc          ] GC(23) Pause Init Mark (unload classes) 0.061ms
[167.598s][info   ][gc          ] GC(23) Concurrent marking roots 0.113ms
[172.724s][info   ][gc          ] GC(23) Concurrent marking (unload classes) 5126.686ms
[172.725s][info   ][gc          ] GC(23) Pause Final Mark (unload classes) 0.196ms
[172.725s][info   ][gc          ] GC(23) Concurrent thread roots 0.076ms
[172.725s][info   ][gc          ] GC(23) Concurrent weak references 0.040ms
[172.725s][info   ][gc          ] GC(23) Concurrent weak roots 0.630ms
[172.726s][info   ][gc          ] GC(23) Concurrent cleanup 1598M->1598M(6144M) 0.036ms
[172.726s][info   ][gc          ] GC(23) Concurrent class unloading 0.116ms
[172.726s][info   ][gc          ] GC(23) Concurrent strong roots 0.484ms
[172.726s][info   ][gc          ] GC(23) Concurrent evacuation 0.166ms
[172.726s][info   ][gc          ] GC(23) Pause Init Update Refs 0.004ms
[172.726s][info   ][gc          ] GC(23) At start of update refs, moving 2048K to Mutator free partition from Collector Reserve
[174.647s][info   ][gc          ] GC(23) Concurrent update references 1920.357ms
[174.647s][info   ][gc          ] GC(23) Concurrent update thread roots 0.101ms
[174.647s][info   ][gc          ] GC(23) Pause Final Update Refs 0.099ms
[174.647s][info   ][gc          ] GC(23) Concurrent cleanup 1600M->1598M(6144M) 0.033ms
[174.647s][info   ][gc,metaspace] Metaspace: 37877K(38080K)->37877K(38080K) NonClass: 19757K(19840K)->19757K(19840K) Class: 18119K(18240K)->18119K(18240K)
[174.648s][info   ][gc          ] Trigger: GC request (System.gc())
[174.651s][info   ][gc          ] GC(24) Concurrent reset 2.750ms
[174.651s][info   ][gc          ] GC(24) Pause Init Mark (unload classes) 0.056ms
[174.651s][info   ][gc          ] GC(24) Concurrent marking roots 0.116ms
[179.780s][info   ][gc          ] GC(24) Concurrent marking (unload classes) 5128.518ms
[179.780s][info   ][gc          ] GC(24) Pause Final Mark (unload classes) 0.192ms
[179.780s][info   ][gc          ] GC(24) Concurrent thread roots 0.068ms
[179.780s][info   ][gc          ] GC(24) Concurrent weak references 0.028ms
[179.781s][info   ][gc          ] GC(24) Concurrent weak roots 0.633ms
[179.781s][info   ][gc          ] GC(24) Concurrent cleanup 1598M->1598M(6144M) 0.037ms
[179.781s][info   ][gc          ] GC(24) Concurrent class unloading 0.125ms
[179.781s][info   ][gc          ] GC(24) Concurrent strong roots 0.504ms
[179.782s][info   ][gc          ] GC(24) Concurrent evacuation 0.173ms
[179.782s][info   ][gc          ] GC(24) Pause Init Update Refs 0.004ms
[179.782s][info   ][gc          ] GC(24) At start of update refs, moving 2048K to Mutator free partition from Collector Reserve
[181.709s][info   ][gc          ] GC(24) Concurrent update references 1927.133ms
[181.709s][info   ][gc          ] GC(24) Concurrent update thread roots 0.103ms
[181.709s][info   ][gc          ] GC(24) Pause Final Update Refs 0.092ms
[181.709s][info   ][gc          ] GC(24) Concurrent cleanup 1600M->1598M(6144M) 0.042ms
[181.709s][info   ][gc,metaspace] Metaspace: 37877K(38080K)->37877K(38080K) NonClass: 19757K(19840K)->19757K(19840K) Class: 18119K(18240K)->18119K(18240K)
[181.710s][info   ][gc          ] Trigger: GC request (System.gc())
[181.713s][info   ][gc          ] GC(25) Concurrent reset 2.764ms
[181.713s][info   ][gc          ] GC(25) Pause Init Mark (unload classes) 0.072ms
[181.713s][info   ][gc          ] GC(25) Concurrent marking roots 0.108ms
[186.743s][info   ][gc          ] GC(25) Concurrent marking (unload classes) 5030.195ms
[186.744s][info   ][gc          ] GC(25) Pause Final Mark (unload classes) 0.195ms
[186.744s][info   ][gc          ] GC(25) Concurrent thread roots 0.074ms
[186.744s][info   ][gc          ] GC(25) Concurrent weak references 0.040ms
[186.745s][info   ][gc          ] GC(25) Concurrent weak roots 0.677ms
[186.745s][info   ][gc          ] GC(25) Concurrent cleanup 1599M->1599M(6144M) 0.036ms
[186.745s][info   ][gc          ] GC(25) Concurrent class unloading 0.142ms
[186.745s][info   ][gc          ] GC(25) Concurrent strong roots 0.460ms
[186.745s][info   ][gc          ] GC(25) Concurrent evacuation 0.168ms
[186.745s][info   ][gc          ] GC(25) Pause Init Update Refs 0.004ms
[186.745s][info   ][gc          ] GC(25) At start of update refs, moving 2048K to Mutator free partition from Collector Reserve
[188.671s][info   ][gc          ] GC(25) Concurrent update references 1925.535ms
[188.671s][info   ][gc          ] GC(25) Concurrent update thread roots 0.106ms
[188.671s][info   ][gc          ] GC(25) Pause Final Update Refs 0.098ms
[188.671s][info   ][gc          ] GC(25) Concurrent cleanup 1601M->1599M(6144M) 0.033ms
[188.671s][info   ][gc,metaspace] Metaspace: 37877K(38080K)->37877K(38080K) NonClass: 19757K(19840K)->19757K(19840K) Class: 18119K(18240K)->18119K(18240K)
[188.672s][info   ][gc          ] Trigger: GC request (System.gc())
[188.675s][info   ][gc          ] GC(26) Concurrent reset 2.580ms
[188.675s][info   ][gc          ] GC(26) Pause Init Mark (unload classes) 0.051ms
[188.675s][info   ][gc          ] GC(26) Concurrent marking roots 0.101ms
[193.674s][info   ][gc          ] GC(26) Concurrent marking (unload classes) 4998.446ms
[193.674s][info   ][gc          ] GC(26) Pause Final Mark (unload classes) 0.179ms
[193.674s][info   ][gc          ] GC(26) Concurrent thread roots 0.094ms
[193.674s][info   ][gc          ] GC(26) Concurrent weak references 0.035ms
[193.675s][info   ][gc          ] GC(26) Concurrent weak roots 0.711ms
[193.675s][info   ][gc          ] GC(26) Concurrent cleanup 1599M->1599M(6144M) 0.036ms
[193.675s][info   ][gc          ] GC(26) Concurrent class unloading 0.105ms
[193.675s][info   ][gc          ] GC(26) Concurrent strong roots 0.561ms
[193.676s][info   ][gc          ] GC(26) Concurrent evacuation 0.181ms
[193.676s][info   ][gc          ] GC(26) Pause Init Update Refs 0.004ms
[193.676s][info   ][gc          ] GC(26) At start of update refs, moving 4096K to Mutator free partition from Collector Reserve
[195.588s][info   ][gc          ] GC(26) Concurrent update references 1912.046ms
[195.588s][info   ][gc          ] GC(26) Concurrent update thread roots 0.107ms
[195.588s][info   ][gc          ] GC(26) Pause Final Update Refs 0.100ms
[195.588s][info   ][gc          ] GC(26) Concurrent cleanup 1601M->1598M(6144M) 0.033ms
[195.588s][info   ][gc,metaspace] Metaspace: 37877K(38080K)->37877K(38080K) NonClass: 19757K(19840K)->19757K(19840K) Class: 18119K(18240K)->18119K(18240K)
[195.589s][info   ][gc          ] Trigger: GC request (System.gc())
[195.592s][info   ][gc          ] GC(27) Concurrent reset 2.770ms
[195.592s][info   ][gc          ] GC(27) Pause Init Mark (unload classes) 0.061ms
[195.592s][info   ][gc          ] GC(27) Concurrent marking roots 0.109ms
[200.611s][info   ][gc          ] GC(27) Concurrent marking (unload classes) 5018.929ms
[200.611s][info   ][gc          ] GC(27) Pause Final Mark (unload classes) 0.199ms
[200.611s][info   ][gc          ] GC(27) Concurrent thread roots 0.087ms
[200.612s][info   ][gc          ] GC(27) Concurrent weak references 0.041ms
[200.612s][info   ][gc          ] GC(27) Concurrent weak roots 0.738ms
[200.612s][info   ][gc          ] GC(27) Concurrent cleanup 1598M->1598M(6144M) 0.036ms
[200.612s][info   ][gc          ] GC(27) Concurrent class unloading 0.115ms
[200.613s][info   ][gc          ] GC(27) Concurrent strong roots 0.598ms
[200.613s][info   ][gc          ] GC(27) Concurrent evacuation 0.157ms
[200.613s][info   ][gc          ] GC(27) Pause Init Update Refs 0.004ms
[200.613s][info   ][gc          ] GC(27) At start of update refs, moving 2048K to Mutator free partition from Collector Reserve
[202.525s][info   ][gc          ] GC(27) Concurrent update references 1912.123ms
[202.526s][info   ][gc          ] GC(27) Concurrent update thread roots 0.103ms
[202.526s][info   ][gc          ] GC(27) Pause Final Update Refs 0.100ms
[202.526s][info   ][gc          ] GC(27) Concurrent cleanup 1600M->1598M(6144M) 0.033ms
[202.526s][info   ][gc,metaspace] Metaspace: 37877K(38080K)->37877K(38080K) NonClass: 19757K(19840K)->19757K(19840K) Class: 18119K(18240K)->18119K(18240K)
[202.527s][info   ][gc          ] Trigger: GC request (System.gc())
[202.530s][info   ][gc          ] GC(28) Concurrent reset 2.754ms
[202.530s][info   ][gc          ] GC(28) Pause Init Mark (unload classes) 0.059ms
[202.530s][info   ][gc          ] GC(28) Concurrent marking roots 0.126ms
[207.576s][info   ][gc          ] GC(28) Concurrent marking (unload classes) 5045.910ms
[207.576s][info   ][gc          ] GC(28) Pause Final Mark (unload classes) 0.170ms
[207.576s][info   ][gc          ] GC(28) Concurrent thread roots 0.069ms
[207.576s][info   ][gc          ] GC(28) Concurrent weak references 0.030ms
[207.577s][info   ][gc          ] GC(28) Concurrent weak roots 0.716ms
[207.577s][info   ][gc          ] GC(28) Concurrent cleanup 1598M->1598M(6144M) 0.036ms
[207.577s][info   ][gc          ] GC(28) Concurrent class unloading 0.121ms
[207.578s][info   ][gc          ] GC(28) Concurrent strong roots 0.504ms
[207.578s][info   ][gc          ] GC(28) Concurrent evacuation 0.163ms
[207.578s][info   ][gc          ] GC(28) Pause Init Update Refs 0.004ms
[207.578s][info   ][gc          ] GC(28) At start of update refs, moving 2048K to Mutator free partition from Collector Reserve
[209.503s][info   ][gc          ] GC(28) Concurrent update references 1925.321ms
[209.503s][info   ][gc          ] GC(28) Concurrent update thread roots 0.103ms
[209.503s][info   ][gc          ] GC(28) Pause Final Update Refs 0.123ms
[209.503s][info   ][gc          ] GC(28) Concurrent cleanup 1600M->1598M(6144M) 0.034ms
[209.503s][info   ][gc,metaspace] Metaspace: 37877K(38080K)->37877K(38080K) NonClass: 19757K(19840K)->19757K(19840K) Class: 18119K(18240K)->18119K(18240K)
[209.504s][info   ][gc          ] Trigger: GC request (System.gc())
[209.507s][info   ][gc          ] GC(29) Concurrent reset 2.710ms
[209.507s][info   ][gc          ] GC(29) Pause Init Mark (unload classes) 0.059ms
[209.507s][info   ][gc          ] GC(29) Concurrent marking roots 0.135ms
[214.549s][info   ][gc          ] GC(29) Concurrent marking (unload classes) 5041.758ms
[214.550s][info   ][gc          ] GC(29) Pause Final Mark (unload classes) 0.195ms
[214.550s][info   ][gc          ] GC(29) Concurrent thread roots 0.085ms
[214.550s][info   ][gc          ] GC(29) Concurrent weak references 0.046ms
[214.550s][info   ][gc          ] GC(29) Concurrent weak roots 0.627ms
[214.550s][info   ][gc          ] GC(29) Concurrent cleanup 1598M->1598M(6144M) 0.031ms
[214.550s][info   ][gc          ] GC(29) Concurrent class unloading 0.114ms
[214.551s][info   ][gc          ] GC(29) Concurrent strong roots 0.490ms
[214.551s][info   ][gc          ] GC(29) Concurrent evacuation 0.153ms
[214.551s][info   ][gc          ] GC(29) Pause Init Update Refs 0.004ms
[214.551s][info   ][gc          ] GC(29) At start of update refs, moving 2048K to Mutator free partition from Collector Reserve
[216.520s][info   ][gc          ] GC(29) Concurrent update references 1968.728ms
[216.520s][info   ][gc          ] GC(29) Concurrent update thread roots 0.099ms
[216.520s][info   ][gc          ] GC(29) Pause Final Update Refs 0.089ms
[216.520s][info   ][gc          ] GC(29) Concurrent cleanup 1600M->1598M(6144M) 0.032ms
[216.520s][info   ][gc,metaspace] Metaspace: 37877K(38080K)->37877K(38080K) NonClass: 19757K(19840K)->19757K(19840K) Class: 18119K(18240K)->18119K(18240K)
[216.521s][info   ][gc          ] Trigger: GC request (System.gc())
[216.524s][info   ][gc          ] GC(30) Concurrent reset 2.815ms
[216.524s][info   ][gc          ] GC(30) Pause Init Mark (unload classes) 0.048ms
[216.524s][info   ][gc          ] GC(30) Concurrent marking roots 0.144ms
[221.644s][info   ][gc          ] GC(30) Concurrent marking (unload classes) 5119.547ms
[221.644s][info   ][gc          ] GC(30) Pause Final Mark (unload classes) 0.166ms
[221.644s][info   ][gc          ] GC(30) Concurrent thread roots 0.077ms
[221.644s][info   ][gc          ] GC(30) Concurrent weak references 0.049ms
[221.645s][info   ][gc          ] GC(30) Concurrent weak roots 0.696ms
[221.645s][info   ][gc          ] GC(30) Concurrent cleanup 1598M->1598M(6144M) 0.036ms
[221.645s][info   ][gc          ] GC(30) Concurrent class unloading 0.099ms
[221.646s][info   ][gc          ] GC(30) Concurrent strong roots 0.476ms
[221.646s][info   ][gc          ] GC(30) Concurrent evacuation 0.157ms
[221.646s][info   ][gc          ] GC(30) Pause Init Update Refs 0.003ms
[221.646s][info   ][gc          ] GC(30) At start of update refs, moving 2048K to Mutator free partition from Collector Reserve
[223.564s][info   ][gc          ] GC(30) Concurrent update references 1918.176ms
[223.564s][info   ][gc          ] GC(30) Concurrent update thread roots 0.100ms
[223.564s][info   ][gc          ] GC(30) Pause Final Update Refs 0.095ms
[223.564s][info   ][gc          ] GC(30) Concurrent cleanup 1600M->1598M(6144M) 0.033ms
[223.564s][info   ][gc,metaspace] Metaspace: 37877K(38080K)->37877K(38080K) NonClass: 19757K(19840K)->19757K(19840K) Class: 18119K(18240K)->18119K(18240K)
[223.565s][info   ][gc          ] Trigger: GC request (System.gc())
[223.568s][info   ][gc          ] GC(31) Concurrent reset 2.714ms
[223.568s][info   ][gc          ] GC(31) Pause Init Mark (unload classes) 0.050ms
[223.568s][info   ][gc          ] GC(31) Concurrent marking roots 0.134ms
[228.639s][info   ][gc          ] GC(31) Concurrent marking (unload classes) 5070.405ms
[228.639s][info   ][gc          ] GC(31) Pause Final Mark (unload classes) 0.184ms
[228.639s][info   ][gc          ] GC(31) Concurrent thread roots 0.065ms
[228.639s][info   ][gc          ] GC(31) Concurrent weak references 0.030ms
[228.640s][info   ][gc          ] GC(31) Concurrent weak roots 0.672ms
[228.640s][info   ][gc          ] GC(31) Concurrent cleanup 1598M->1598M(6144M) 0.041ms
[228.640s][info   ][gc          ] GC(31) Concurrent class unloading 0.114ms
[228.641s][info   ][gc          ] GC(31) Concurrent strong roots 0.502ms
[228.641s][info   ][gc          ] GC(31) Concurrent evacuation 0.165ms
[228.641s][info   ][gc          ] GC(31) Pause Init Update Refs 0.004ms
[228.641s][info   ][gc          ] GC(31) At start of update refs, moving 2048K to Mutator free partition from Collector Reserve
[230.601s][info   ][gc          ] GC(31) Concurrent update references 1960.076ms
[230.601s][info   ][gc          ] GC(31) Concurrent update thread roots 0.104ms
[230.601s][info   ][gc          ] GC(31) Pause Final Update Refs 0.099ms
[230.601s][info   ][gc          ] GC(31) Concurrent cleanup 1600M->1598M(6144M) 0.032ms
[230.601s][info   ][gc,metaspace] Metaspace: 37877K(38080K)->37877K(38080K) NonClass: 19757K(19840K)->19757K(19840K) Class: 18119K(18240K)->18119K(18240K)
[230.602s][info   ][gc          ] Trigger: GC request (System.gc())
[230.605s][info   ][gc          ] GC(32) Concurrent reset 2.802ms
[230.605s][info   ][gc          ] GC(32) Pause Init Mark (unload classes) 0.042ms
[230.605s][info   ][gc          ] GC(32) Concurrent marking roots 0.136ms
[235.732s][info   ][gc          ] GC(32) Concurrent marking (unload classes) 5126.213ms
[235.732s][info   ][gc          ] GC(32) Pause Final Mark (unload classes) 0.193ms
[235.732s][info   ][gc          ] GC(32) Concurrent thread roots 0.065ms
[235.732s][info   ][gc          ] GC(32) Concurrent weak references 0.039ms
[235.733s][info   ][gc          ] GC(32) Concurrent weak roots 0.653ms
[235.733s][info   ][gc          ] GC(32) Concurrent cleanup 1598M->1598M(6144M) 0.037ms
[235.733s][info   ][gc          ] GC(32) Concurrent class unloading 0.112ms
[235.733s][info   ][gc          ] GC(32) Concurrent strong roots 0.514ms
[235.733s][info   ][gc          ] GC(32) Concurrent evacuation 0.174ms
[235.734s][info   ][gc          ] GC(32) Pause Init Update Refs 0.004ms
[235.734s][info   ][gc          ] GC(32) At start of update refs, moving 2048K to Mutator free partition from Collector Reserve
[237.692s][info   ][gc          ] GC(32) Concurrent update references 1958.411ms
[237.692s][info   ][gc          ] GC(32) Concurrent update thread roots 0.104ms
[237.692s][info   ][gc          ] GC(32) Pause Final Update Refs 0.091ms
[237.692s][info   ][gc          ] GC(32) Concurrent cleanup 1600M->1598M(6144M) 0.032ms
[237.692s][info   ][gc,metaspace] Metaspace: 37877K(38080K)->37877K(38080K) NonClass: 19757K(19840K)->19757K(19840K) Class: 18119K(18240K)->18119K(18240K)
[237.693s][info   ][gc          ] Trigger: GC request (System.gc())
[237.696s][info   ][gc          ] GC(33) Concurrent reset 2.720ms
[237.696s][info   ][gc          ] GC(33) Pause Init Mark (unload classes) 0.048ms
[237.696s][info   ][gc          ] GC(33) Concurrent marking roots 0.118ms
[242.866s][info   ][gc          ] GC(33) Concurrent marking (unload classes) 5169.551ms
[242.866s][info   ][gc          ] GC(33) Pause Final Mark (unload classes) 0.192ms
[242.866s][info   ][gc          ] GC(33) Concurrent thread roots 0.053ms
[242.866s][info   ][gc          ] GC(33) Concurrent weak references 0.040ms
[242.867s][info   ][gc          ] GC(33) Concurrent weak roots 0.728ms
[242.867s][info   ][gc          ] GC(33) Concurrent cleanup 1599M->1599M(6144M) 0.035ms
[242.867s][info   ][gc          ] GC(33) Concurrent class unloading 0.092ms
[242.868s][info   ][gc          ] GC(33) Concurrent strong roots 0.524ms
[242.868s][info   ][gc          ] GC(33) Concurrent evacuation 0.173ms
[242.868s][info   ][gc          ] GC(33) Pause Init Update Refs 0.004ms
[242.868s][info   ][gc          ] GC(33) At start of update refs, moving 2048K to Mutator free partition from Collector Reserve
[244.782s][info   ][gc          ] GC(33) Concurrent update references 1913.716ms
[244.782s][info   ][gc          ] GC(33) Concurrent update thread roots 0.104ms
[244.782s][info   ][gc          ] GC(33) Pause Final Update Refs 0.089ms
[244.782s][info   ][gc          ] GC(33) Concurrent cleanup 1601M->1599M(6144M) 0.041ms
[244.782s][info   ][gc,metaspace] Metaspace: 37877K(38080K)->37877K(38080K) NonClass: 19757K(19840K)->19757K(19840K) Class: 18119K(18240K)->18119K(18240K)
[244.783s][info   ][gc          ] Trigger: GC request (System.gc())
[244.786s][info   ][gc          ] GC(34) Concurrent reset 2.770ms
[244.786s][info   ][gc          ] GC(34) Pause Init Mark (unload classes) 0.044ms
[244.786s][info   ][gc          ] GC(34) Concurrent marking roots 0.125ms
[249.902s][info   ][gc          ] GC(34) Concurrent marking (unload classes) 5116.334ms
[249.903s][info   ][gc          ] GC(34) Pause Final Mark (unload classes) 0.192ms
[249.903s][info   ][gc          ] GC(34) Concurrent thread roots 0.083ms
[249.903s][info   ][gc          ] GC(34) Concurrent weak references 0.049ms
[249.904s][info   ][gc          ] GC(34) Concurrent weak roots 0.728ms
[249.904s][info   ][gc          ] GC(34) Concurrent cleanup 1599M->1599M(6144M) 0.035ms
[249.904s][info   ][gc          ] GC(34) Concurrent class unloading 0.098ms
[249.905s][info   ][gc          ] GC(34) Concurrent strong roots 0.463ms
[249.905s][info   ][gc          ] GC(34) Concurrent evacuation 0.170ms
[249.905s][info   ][gc          ] GC(34) Pause Init Update Refs 0.004ms
[249.905s][info   ][gc          ] GC(34) At start of update refs, moving 4096K to Mutator free partition from Collector Reserve
[251.832s][info   ][gc          ] GC(34) Concurrent update references 1926.827ms
[251.832s][info   ][gc          ] GC(34) Concurrent update thread roots 0.105ms
[251.832s][info   ][gc          ] GC(34) Pause Final Update Refs 0.101ms
[251.832s][info   ][gc          ] GC(34) Concurrent cleanup 1601M->1598M(6144M) 0.034ms
[251.832s][info   ][gc,metaspace] Metaspace: 37877K(38080K)->37877K(38080K) NonClass: 19757K(19840K)->19757K(19840K) Class: 18119K(18240K)->18119K(18240K)
[251.833s][info   ][gc          ] Trigger: GC request (System.gc())
[251.836s][info   ][gc          ] GC(35) Concurrent reset 2.779ms
[251.836s][info   ][gc          ] GC(35) Pause Init Mark (unload classes) 0.053ms
[251.836s][info   ][gc          ] GC(35) Concurrent marking roots 0.094ms
[256.976s][info   ][gc          ] GC(35) Concurrent marking (unload classes) 5139.928ms
[256.976s][info   ][gc          ] GC(35) Pause Final Mark (unload classes) 0.210ms
[256.977s][info   ][gc          ] GC(35) Concurrent thread roots 0.084ms
[256.977s][info   ][gc          ] GC(35) Concurrent weak references 0.041ms
[256.977s][info   ][gc          ] GC(35) Concurrent weak roots 0.675ms
[256.977s][info   ][gc          ] GC(35) Concurrent cleanup 1598M->1598M(6144M) 0.036ms
[256.977s][info   ][gc          ] GC(35) Concurrent class unloading 0.113ms
[256.978s][info   ][gc          ] GC(35) Concurrent strong roots 0.474ms
[256.978s][info   ][gc          ] GC(35) Concurrent evacuation 0.163ms
[256.978s][info   ][gc          ] GC(35) Pause Init Update Refs 0.004ms
[256.978s][info   ][gc          ] GC(35) At start of update refs, moving 2048K to Mutator free partition from Collector Reserve
[258.888s][info   ][gc          ] GC(35) Concurrent update references 1909.831ms
[258.888s][info   ][gc          ] GC(35) Concurrent update thread roots 0.103ms
[258.888s][info   ][gc          ] GC(35) Pause Final Update Refs 0.089ms
[258.888s][info   ][gc          ] GC(35) Concurrent cleanup 1600M->1598M(6144M) 0.033ms
[258.888s][info   ][gc,metaspace] Metaspace: 37877K(38080K)->37877K(38080K) NonClass: 19757K(19840K)->19757K(19840K) Class: 18119K(18240K)->18119K(18240K)
[258.889s][info   ][gc          ] Trigger: GC request (System.gc())
[258.892s][info   ][gc          ] GC(36) Concurrent reset 2.763ms
[258.892s][info   ][gc          ] GC(36) Pause Init Mark (unload classes) 0.031ms
[258.892s][info   ][gc          ] GC(36) Concurrent marking roots 0.136ms
[264.013s][info   ][gc          ] GC(36) Concurrent marking (unload classes) 5120.475ms
[264.013s][info   ][gc          ] GC(36) Pause Final Mark (unload classes) 0.187ms
[264.013s][info   ][gc          ] GC(36) Concurrent thread roots 0.066ms
[264.013s][info   ][gc          ] GC(36) Concurrent weak references 0.020ms
[264.014s][info   ][gc          ] GC(36) Concurrent weak roots 0.671ms
[264.014s][info   ][gc          ] GC(36) Concurrent cleanup 1598M->1598M(6144M) 0.041ms
[264.014s][info   ][gc          ] GC(36) Concurrent class unloading 0.105ms
[264.015s][info   ][gc          ] GC(36) Concurrent strong roots 0.618ms
[264.015s][info   ][gc          ] GC(36) Concurrent evacuation 0.176ms
[264.015s][info   ][gc          ] GC(36) Pause Init Update Refs 0.004ms
[264.015s][info   ][gc          ] GC(36) At start of update refs, moving 2048K to Mutator free partition from Collector Reserve
[265.926s][info   ][gc          ] GC(36) Concurrent update references 1910.754ms
[265.926s][info   ][gc          ] GC(36) Concurrent update thread roots 0.104ms
[265.926s][info   ][gc          ] GC(36) Pause Final Update Refs 0.097ms
[265.926s][info   ][gc          ] GC(36) Concurrent cleanup 1600M->1598M(6144M) 0.034ms
[265.926s][info   ][gc,metaspace] Metaspace: 37877K(38080K)->37877K(38080K) NonClass: 19757K(19840K)->19757K(19840K) Class: 18119K(18240K)->18119K(18240K)
[265.927s][info   ][gc          ] Trigger: GC request (System.gc())
[265.930s][info   ][gc          ] GC(37) Concurrent reset 2.786ms
[265.930s][info   ][gc          ] GC(37) Pause Init Mark (unload classes) 0.048ms
[265.930s][info   ][gc          ] GC(37) Concurrent marking roots 0.124ms
[271.054s][info   ][gc          ] GC(37) Concurrent marking (unload classes) 5124.171ms
[271.055s][info   ][gc          ] GC(37) Pause Final Mark (unload classes) 0.199ms
[271.055s][info   ][gc          ] GC(37) Concurrent thread roots 0.085ms
[271.055s][info   ][gc          ] GC(37) Concurrent weak references 0.039ms
[271.055s][info   ][gc          ] GC(37) Concurrent weak roots 0.704ms
[271.056s][info   ][gc          ] GC(37) Concurrent cleanup 1598M->1598M(6144M) 0.035ms
[271.056s][info   ][gc          ] GC(37) Concurrent class unloading 0.113ms
[271.056s][info   ][gc          ] GC(37) Concurrent strong roots 0.558ms
[271.056s][info   ][gc          ] GC(37) Concurrent evacuation 0.180ms
[271.056s][info   ][gc          ] GC(37) Pause Init Update Refs 0.004ms
[271.056s][info   ][gc          ] GC(37) At start of update refs, moving 2048K to Mutator free partition from Collector Reserve
[273.015s][info   ][gc          ] GC(37) Concurrent update references 1958.672ms
[273.015s][info   ][gc          ] GC(37) Concurrent update thread roots 0.113ms
[273.015s][info   ][gc          ] GC(37) Pause Final Update Refs 0.100ms
[273.015s][info   ][gc          ] GC(37) Concurrent cleanup 1600M->1598M(6144M) 0.033ms
[273.015s][info   ][gc,metaspace] Metaspace: 37877K(38080K)->37877K(38080K) NonClass: 19757K(19840K)->19757K(19840K) Class: 18119K(18240K)->18119K(18240K)
[273.017s][info   ][gc          ] Trigger: GC request (System.gc())
[273.019s][info   ][gc          ] GC(38) Concurrent reset 2.767ms
[273.019s][info   ][gc          ] GC(38) Pause Init Mark (unload classes) 0.061ms
[273.020s][info   ][gc          ] GC(38) Concurrent marking roots 0.136ms
[278.177s][info   ][gc          ] GC(38) Concurrent marking (unload classes) 5157.867ms
[278.178s][info   ][gc          ] GC(38) Pause Final Mark (unload classes) 0.197ms
[278.178s][info   ][gc          ] GC(38) Concurrent thread roots 0.067ms
[278.178s][info   ][gc          ] GC(38) Concurrent weak references 0.031ms
[278.179s][info   ][gc          ] GC(38) Concurrent weak roots 0.651ms
[278.179s][info   ][gc          ] GC(38) Concurrent cleanup 1598M->1598M(6144M) 0.036ms
[278.179s][info   ][gc          ] GC(38) Concurrent class unloading 0.112ms
[278.179s][info   ][gc          ] GC(38) Concurrent strong roots 0.509ms
[278.179s][info   ][gc          ] GC(38) Concurrent evacuation 0.161ms
[278.179s][info   ][gc          ] GC(38) Pause Init Update Refs 0.004ms
[278.179s][info   ][gc          ] GC(38) At start of update refs, moving 2048K to Mutator free partition from Collector Reserve
[280.094s][info   ][gc          ] GC(38) Concurrent update references 1914.761ms
[280.094s][info   ][gc          ] GC(38) Concurrent update thread roots 0.101ms
[280.094s][info   ][gc          ] GC(38) Pause Final Update Refs 0.099ms
[280.095s][info   ][gc          ] GC(38) Concurrent cleanup 1600M->1598M(6144M) 0.033ms
[280.095s][info   ][gc,metaspace] Metaspace: 37877K(38080K)->37877K(38080K) NonClass: 19757K(19840K)->19757K(19840K) Class: 18119K(18240K)->18119K(18240K)
[280.096s][info   ][gc          ] Trigger: GC request (System.gc())
[280.098s][info   ][gc          ] GC(39) Concurrent reset 2.769ms
[280.098s][info   ][gc          ] GC(39) Pause Init Mark (unload classes) 0.059ms
[280.099s][info   ][gc          ] GC(39) Concurrent marking roots 0.136ms
[285.113s][info   ][gc          ] GC(39) Concurrent marking (unload classes) 5014.199ms
[285.113s][info   ][gc          ] GC(39) Pause Final Mark (unload classes) 0.181ms
[285.113s][info   ][gc          ] GC(39) Concurrent thread roots 0.064ms
[285.113s][info   ][gc          ] GC(39) Concurrent weak references 0.032ms
[285.114s][info   ][gc          ] GC(39) Concurrent weak roots 0.703ms
[285.114s][info   ][gc          ] GC(39) Concurrent cleanup 1598M->1598M(6144M) 0.036ms
[285.114s][info   ][gc          ] GC(39) Concurrent class unloading 0.097ms
[285.115s][info   ][gc          ] GC(39) Concurrent strong roots 0.469ms
[285.115s][info   ][gc          ] GC(39) Concurrent evacuation 0.174ms
[285.115s][info   ][gc          ] GC(39) Pause Init Update Refs 0.004ms
[285.115s][info   ][gc          ] GC(39) At start of update refs, moving 2048K to Mutator free partition from Collector Reserve
[287.073s][info   ][gc          ] GC(39) Concurrent update references 1957.867ms
[287.073s][info   ][gc          ] GC(39) Concurrent update thread roots 0.107ms
[287.073s][info   ][gc          ] GC(39) Pause Final Update Refs 0.099ms
[287.073s][info   ][gc          ] GC(39) Concurrent cleanup 1600M->1598M(6144M) 0.034ms
[287.073s][info   ][gc,metaspace] Metaspace: 37877K(38080K)->37877K(38080K) NonClass: 19757K(19840K)->19757K(19840K) Class: 18119K(18240K)->18119K(18240K)
[287.074s][info   ][gc          ] Trigger: GC request (System.gc())
[287.077s][info   ][gc          ] GC(40) Concurrent reset 2.790ms
[287.077s][info   ][gc          ] GC(40) Pause Init Mark (unload classes) 0.054ms
[287.077s][info   ][gc          ] GC(40) Concurrent marking roots 0.116ms
[292.200s][info   ][gc          ] GC(40) Concurrent marking (unload classes) 5122.685ms
[292.200s][info   ][gc          ] GC(40) Pause Final Mark (unload classes) 0.190ms
[292.200s][info   ][gc          ] GC(40) Concurrent thread roots 0.063ms
[292.200s][info   ][gc          ] GC(40) Concurrent weak references 0.018ms
[292.201s][info   ][gc          ] GC(40) Concurrent weak roots 0.750ms
[292.201s][info   ][gc          ] GC(40) Concurrent cleanup 1598M->1598M(6144M) 0.036ms
[292.201s][info   ][gc          ] GC(40) Concurrent class unloading 0.094ms
[292.202s][info   ][gc          ] GC(40) Concurrent strong roots 0.586ms
[292.202s][info   ][gc          ] GC(40) Concurrent evacuation 0.172ms
[292.202s][info   ][gc          ] GC(40) Pause Init Update Refs 0.004ms
[292.202s][info   ][gc          ] GC(40) At start of update refs, moving 2048K to Mutator free partition from Collector Reserve
[294.116s][info   ][gc          ] GC(40) Concurrent update references 1913.702ms
[294.116s][info   ][gc          ] GC(40) Concurrent update thread roots 0.104ms
[294.116s][info   ][gc          ] GC(40) Pause Final Update Refs 0.091ms
[294.116s][info   ][gc          ] GC(40) Concurrent cleanup 1600M->1598M(6144M) 0.033ms
[294.116s][info   ][gc,metaspace] Metaspace: 37877K(38080K)->37877K(38080K) NonClass: 19757K(19840K)->19757K(19840K) Class: 18119K(18240K)->18119K(18240K)
[294.117s][info   ][gc          ] Trigger: GC request (System.gc())
[294.120s][info   ][gc          ] GC(41) Concurrent reset 2.780ms
[294.120s][info   ][gc          ] GC(41) Pause Init Mark (unload classes) 0.063ms
[294.120s][info   ][gc          ] GC(41) Concurrent marking roots 0.115ms
[299.248s][info   ][gc          ] GC(41) Concurrent marking (unload classes) 5127.436ms
[299.248s][info   ][gc          ] GC(41) Pause Final Mark (unload classes) 0.179ms
[299.248s][info   ][gc          ] GC(41) Concurrent thread roots 0.074ms
[299.248s][info   ][gc          ] GC(41) Concurrent weak references 0.022ms
[299.249s][info   ][gc          ] GC(41) Concurrent weak roots 0.713ms
[299.249s][info   ][gc          ] GC(41) Concurrent cleanup 1598M->1598M(6144M) 0.035ms
[299.249s][info   ][gc          ] GC(41) Concurrent class unloading 0.101ms
[299.249s][info   ][gc          ] GC(41) Concurrent strong roots 0.626ms
[299.250s][info   ][gc          ] GC(41) Concurrent evacuation 0.185ms
[299.250s][info   ][gc          ] GC(41) Pause Init Update Refs 0.004ms
[299.250s][info   ][gc          ] GC(41) At start of update refs, moving 2048K to Mutator free partition from Collector Reserve
[301.164s][info   ][gc          ] GC(41) Concurrent update references 1914.369ms
[301.164s][info   ][gc          ] GC(41) Concurrent update thread roots 0.103ms
[301.164s][info   ][gc          ] GC(41) Pause Final Update Refs 0.110ms
[301.164s][info   ][gc          ] GC(41) Concurrent cleanup 1600M->1598M(6144M) 0.033ms
[301.164s][info   ][gc,metaspace] Metaspace: 37877K(38080K)->37877K(38080K) NonClass: 19757K(19840K)->19757K(19840K) Class: 18119K(18240K)->18119K(18240K)
[301.165s][info   ][gc          ] Trigger: GC request (System.gc())
[301.168s][info   ][gc          ] GC(42) Concurrent reset 2.740ms
[301.168s][info   ][gc          ] GC(42) Pause Init Mark (unload classes) 0.070ms
[301.169s][info   ][gc          ] GC(42) Concurrent marking roots 0.155ms
[306.272s][info   ][gc          ] GC(42) Concurrent marking (unload classes) 5103.147ms
[306.272s][info   ][gc          ] GC(42) Pause Final Mark (unload classes) 0.185ms
[306.272s][info   ][gc          ] GC(42) Concurrent thread roots 0.066ms
[306.272s][info   ][gc          ] GC(42) Concurrent weak references 0.030ms
[306.273s][info   ][gc          ] GC(42) Concurrent weak roots 0.625ms
[306.273s][info   ][gc          ] GC(42) Concurrent cleanup 1599M->1599M(6144M) 0.036ms
[306.273s][info   ][gc          ] GC(42) Concurrent class unloading 0.111ms
[306.273s][info   ][gc          ] GC(42) Concurrent strong roots 0.455ms
[306.273s][info   ][gc          ] GC(42) Concurrent evacuation 0.171ms
[306.274s][info   ][gc          ] GC(42) Pause Init Update Refs 0.004ms
[306.274s][info   ][gc          ] GC(42) At start of update refs, moving 2048K to Mutator free partition from Collector Reserve
[308.196s][info   ][gc          ] GC(42) Concurrent update references 1922.435ms
[308.196s][info   ][gc          ] GC(42) Concurrent update thread roots 0.102ms
[308.196s][info   ][gc          ] GC(42) Pause Final Update Refs 0.094ms
[308.196s][info   ][gc          ] GC(42) Concurrent cleanup 1601M->1599M(6144M) 0.033ms
[308.196s][info   ][gc,metaspace] Metaspace: 37877K(38080K)->37877K(38080K) NonClass: 19757K(19840K)->19757K(19840K) Class: 18119K(18240K)->18119K(18240K)
[308.197s][info   ][gc          ] Trigger: GC request (System.gc())
[308.200s][info   ][gc          ] GC(43) Concurrent reset 2.568ms
[308.200s][info   ][gc          ] GC(43) Pause Init Mark (unload classes) 0.048ms
[308.200s][info   ][gc          ] GC(43) Concurrent marking roots 0.086ms
[313.308s][info   ][gc          ] GC(43) Concurrent marking (unload classes) 5108.038ms
[313.308s][info   ][gc          ] GC(43) Pause Final Mark (unload classes) 0.213ms
[313.309s][info   ][gc          ] GC(43) Concurrent thread roots 0.081ms
[313.309s][info   ][gc          ] GC(43) Concurrent weak references 0.034ms
[313.310s][info   ][gc          ] GC(43) Concurrent weak roots 0.705ms
[313.310s][info   ][gc          ] GC(43) Concurrent cleanup 1599M->1599M(6144M) 0.036ms
[313.310s][info   ][gc          ] GC(43) Concurrent class unloading 0.119ms
[313.310s][info   ][gc          ] GC(43) Concurrent strong roots 0.438ms
[313.311s][info   ][gc          ] GC(43) Concurrent evacuation 0.169ms
[313.311s][info   ][gc          ] GC(43) Pause Init Update Refs 0.004ms
[313.311s][info   ][gc          ] GC(43) At start of update refs, moving 4096K to Mutator free partition from Collector Reserve
[315.275s][info   ][gc          ] GC(43) Concurrent update references 1964.128ms
[315.275s][info   ][gc          ] GC(43) Concurrent update thread roots 0.106ms
[315.275s][info   ][gc          ] GC(43) Pause Final Update Refs 0.094ms
[315.275s][info   ][gc          ] GC(43) Concurrent cleanup 1601M->1598M(6144M) 0.033ms
[315.275s][info   ][gc,metaspace] Metaspace: 37877K(38080K)->37877K(38080K) NonClass: 19757K(19840K)->19757K(19840K) Class: 18119K(18240K)->18119K(18240K)
[315.276s][info   ][gc          ] Trigger: GC request (System.gc())
[315.279s][info   ][gc          ] GC(44) Concurrent reset 2.785ms
[315.279s][info   ][gc          ] GC(44) Pause Init Mark (unload classes) 0.041ms
[315.279s][info   ][gc          ] GC(44) Concurrent marking roots 0.133ms
[320.319s][info   ][gc          ] GC(44) Concurrent marking (unload classes) 5040.119ms
[320.320s][info   ][gc          ] GC(44) Pause Final Mark (unload classes) 0.192ms
[320.320s][info   ][gc          ] GC(44) Concurrent thread roots 0.068ms
[320.320s][info   ][gc          ] GC(44) Concurrent weak references 0.040ms
[320.320s][info   ][gc          ] GC(44) Concurrent weak roots 0.640ms
[320.320s][info   ][gc          ] GC(44) Concurrent cleanup 1598M->1598M(6144M) 0.036ms
[320.321s][info   ][gc          ] GC(44) Concurrent class unloading 0.112ms
[320.321s][info   ][gc          ] GC(44) Concurrent strong roots 0.499ms
[320.321s][info   ][gc          ] GC(44) Concurrent evacuation 0.172ms
[320.321s][info   ][gc          ] GC(44) Pause Init Update Refs 0.004ms
[320.321s][info   ][gc          ] GC(44) At start of update refs, moving 2048K to Mutator free partition from Collector Reserve
[322.236s][info   ][gc          ] GC(44) Concurrent update references 1914.334ms
[322.236s][info   ][gc          ] GC(44) Concurrent update thread roots 0.103ms
[322.236s][info   ][gc          ] GC(44) Pause Final Update Refs 0.091ms
[322.236s][info   ][gc          ] GC(44) Concurrent cleanup 1600M->1598M(6144M) 0.033ms
[322.236s][info   ][gc,metaspace] Metaspace: 37877K(38080K)->37877K(38080K) NonClass: 19757K(19840K)->19757K(19840K) Class: 18119K(18240K)->18119K(18240K)
[322.237s][info   ][gc          ] Trigger: GC request (System.gc())
[322.240s][info   ][gc          ] GC(45) Concurrent reset 2.816ms
[322.240s][info   ][gc          ] GC(45) Pause Init Mark (unload classes) 0.054ms
[322.240s][info   ][gc          ] GC(45) Concurrent marking roots 0.117ms
[327.290s][info   ][gc          ] GC(45) Concurrent marking (unload classes) 5049.599ms
[327.290s][info   ][gc          ] GC(45) Pause Final Mark (unload classes) 0.173ms
[327.290s][info   ][gc          ] GC(45) Concurrent thread roots 0.059ms
[327.290s][info   ][gc          ] GC(45) Concurrent weak references 0.030ms
[327.291s][info   ][gc          ] GC(45) Concurrent weak roots 0.640ms
[327.291s][info   ][gc          ] GC(45) Concurrent cleanup 1598M->1598M(6144M) 0.036ms
[327.291s][info   ][gc          ] GC(45) Concurrent class unloading 0.109ms
[327.291s][info   ][gc          ] GC(45) Concurrent strong roots 0.473ms
[327.292s][info   ][gc          ] GC(45) Concurrent evacuation 0.162ms
[327.292s][info   ][gc          ] GC(45) Pause Init Update Refs 0.004ms
[327.292s][info   ][gc          ] GC(45) At start of update refs, moving 2048K to Mutator free partition from Collector Reserve
[329.205s][info   ][gc          ] GC(45) Concurrent update references 1913.162ms
[329.205s][info   ][gc          ] GC(45) Concurrent update thread roots 0.106ms
[329.205s][info   ][gc          ] GC(45) Pause Final Update Refs 0.088ms
[329.205s][info   ][gc          ] GC(45) Concurrent cleanup 1600M->1598M(6144M) 0.033ms
[329.205s][info   ][gc,metaspace] Metaspace: 37877K(38080K)->37877K(38080K) NonClass: 19757K(19840K)->19757K(19840K) Class: 18119K(18240K)->18119K(18240K)
[329.206s][info   ][gc          ] Trigger: GC request (System.gc())
[329.209s][info   ][gc          ] GC(46) Concurrent reset 2.762ms
[329.209s][info   ][gc          ] GC(46) Pause Init Mark (unload classes) 0.041ms
[329.209s][info   ][gc          ] GC(46) Concurrent marking roots 0.109ms
[334.331s][info   ][gc          ] GC(46) Concurrent marking (unload classes) 5122.090ms
[334.332s][info   ][gc          ] GC(46) Pause Final Mark (unload classes) 0.200ms
[334.332s][info   ][gc          ] GC(46) Concurrent thread roots 0.067ms
[334.332s][info   ][gc          ] GC(46) Concurrent weak references 0.045ms
[334.332s][info   ][gc          ] GC(46) Concurrent weak roots 0.677ms
[334.332s][info   ][gc          ] GC(46) Concurrent cleanup 1598M->1598M(6144M) 0.036ms
[334.333s][info   ][gc          ] GC(46) Concurrent class unloading 0.108ms
[334.333s][info   ][gc          ] GC(46) Concurrent strong roots 0.491ms
[334.333s][info   ][gc          ] GC(46) Concurrent evacuation 0.142ms
[334.333s][info   ][gc          ] GC(46) Pause Init Update Refs 0.003ms
[334.333s][info   ][gc          ] GC(46) At start of update refs, moving 2048K to Mutator free partition from Collector Reserve
[336.253s][info   ][gc          ] GC(46) Concurrent update references 1919.304ms
[336.253s][info   ][gc          ] GC(46) Concurrent update thread roots 0.099ms
[336.253s][info   ][gc          ] GC(46) Pause Final Update Refs 0.093ms
[336.253s][info   ][gc          ] GC(46) Concurrent cleanup 1600M->1598M(6144M) 0.033ms
[336.253s][info   ][gc,metaspace] Metaspace: 37877K(38080K)->37877K(38080K) NonClass: 19757K(19840K)->19757K(19840K) Class: 18119K(18240K)->18119K(18240K)
[336.254s][info   ][gc          ] Trigger: GC request (System.gc())
[336.257s][info   ][gc          ] GC(47) Concurrent reset 2.802ms
[336.257s][info   ][gc          ] GC(47) Pause Init Mark (unload classes) 0.043ms
[336.257s][info   ][gc          ] GC(47) Concurrent marking roots 0.139ms
[341.306s][info   ][gc          ] GC(47) Concurrent marking (unload classes) 5049.153ms
[341.306s][info   ][gc          ] GC(47) Pause Final Mark (unload classes) 0.213ms
[341.307s][info   ][gc          ] GC(47) Concurrent thread roots 0.087ms
[341.307s][info   ][gc          ] GC(47) Concurrent weak references 0.031ms
[341.307s][info   ][gc          ] GC(47) Concurrent weak roots 0.731ms
[341.307s][info   ][gc          ] GC(47) Concurrent cleanup 1598M->1598M(6144M) 0.036ms
[341.308s][info   ][gc          ] GC(47) Concurrent class unloading 0.113ms
[341.308s][info   ][gc          ] GC(47) Concurrent strong roots 0.605ms
[341.308s][info   ][gc          ] GC(47) Concurrent evacuation 0.182ms
[341.308s][info   ][gc          ] GC(47) Pause Init Update Refs 0.004ms
[341.308s][info   ][gc          ] GC(47) At start of update refs, moving 2048K to Mutator free partition from Collector Reserve
[343.219s][info   ][gc          ] GC(47) Concurrent update references 1910.908ms
[343.219s][info   ][gc          ] GC(47) Concurrent update thread roots 0.103ms
[343.220s][info   ][gc          ] GC(47) Pause Final Update Refs 0.100ms
[343.220s][info   ][gc          ] GC(47) Concurrent cleanup 1600M->1598M(6144M) 0.033ms
[343.220s][info   ][gc,metaspace] Metaspace: 37877K(38080K)->37877K(38080K) NonClass: 19757K(19840K)->19757K(19840K) Class: 18119K(18240K)->18119K(18240K)
[343.221s][info   ][gc          ] Trigger: GC request (System.gc())
[343.224s][info   ][gc          ] GC(48) Concurrent reset 2.768ms
[343.224s][info   ][gc          ] GC(48) Pause Init Mark (unload classes) 0.057ms
[343.224s][info   ][gc          ] GC(48) Concurrent marking roots 0.124ms
[348.292s][info   ][gc          ] GC(48) Concurrent marking (unload classes) 5068.030ms
[348.292s][info   ][gc          ] GC(48) Pause Final Mark (unload classes) 0.185ms
[348.292s][info   ][gc          ] GC(48) Concurrent thread roots 0.058ms
[348.292s][info   ][gc          ] GC(48) Concurrent weak references 0.029ms
[348.293s][info   ][gc          ] GC(48) Concurrent weak roots 0.592ms
[348.293s][info   ][gc          ] GC(48) Concurrent cleanup 1598M->1598M(6144M) 0.031ms
[348.293s][info   ][gc          ] GC(48) Concurrent class unloading 0.095ms
[348.293s][info   ][gc          ] GC(48) Concurrent strong roots 0.473ms
[348.294s][info   ][gc          ] GC(48) Concurrent evacuation 0.179ms
[348.294s][info   ][gc          ] GC(48) Pause Init Update Refs 0.004ms
[348.294s][info   ][gc          ] GC(48) At start of update refs, moving 2048K to Mutator free partition from Collector Reserve
[350.210s][info   ][gc          ] GC(48) Concurrent update references 1916.277ms
[350.210s][info   ][gc          ] GC(48) Concurrent update thread roots 0.102ms
[350.210s][info   ][gc          ] GC(48) Pause Final Update Refs 0.090ms
[350.210s][info   ][gc          ] GC(48) Concurrent cleanup 1600M->1598M(6144M) 0.040ms
[350.210s][info   ][gc,metaspace] Metaspace: 37877K(38080K)->37877K(38080K) NonClass: 19757K(19840K)->19757K(19840K) Class: 18119K(18240K)->18119K(18240K)
[350.211s][info   ][gc          ] Trigger: GC request (System.gc())
[350.214s][info   ][gc          ] GC(49) Concurrent reset 2.793ms
[350.214s][info   ][gc          ] GC(49) Pause Init Mark (unload classes) 0.030ms
[350.214s][info   ][gc          ] GC(49) Concurrent marking roots 0.151ms
[355.344s][info   ][gc          ] GC(49) Concurrent marking (unload classes) 5129.901ms
[355.345s][info   ][gc          ] GC(49) Pause Final Mark (unload classes) 0.199ms
[355.345s][info   ][gc          ] GC(49) Concurrent thread roots 0.067ms
[355.345s][info   ][gc          ] GC(49) Concurrent weak references 0.047ms
[355.345s][info   ][gc          ] GC(49) Concurrent weak roots 0.680ms
[355.345s][info   ][gc          ] GC(49) Concurrent cleanup 1598M->1598M(6144M) 0.036ms
[355.346s][info   ][gc          ] GC(49) Concurrent class unloading 0.111ms
[355.346s][info   ][gc          ] GC(49) Concurrent strong roots 0.505ms
[355.346s][info   ][gc          ] GC(49) Concurrent evacuation 0.143ms
[355.346s][info   ][gc          ] GC(49) Pause Init Update Refs 0.004ms
[355.346s][info   ][gc          ] GC(49) At start of update refs, moving 2048K to Mutator free partition from Collector Reserve
[357.262s][info   ][gc          ] GC(49) Concurrent update references 1915.712ms
[357.262s][info   ][gc          ] GC(49) Concurrent update thread roots 0.099ms
[357.262s][info   ][gc          ] GC(49) Pause Final Update Refs 0.094ms
[357.262s][info   ][gc          ] GC(49) Concurrent cleanup 1600M->1598M(6144M) 0.033ms
[357.262s][info   ][gc,metaspace] Metaspace: 37877K(38080K)->37877K(38080K) NonClass: 19757K(19840K)->19757K(19840K) Class: 18119K(18240K)->18119K(18240K)
[357.263s][info   ][gc          ] Trigger: GC request (System.gc())
[357.266s][info   ][gc          ] GC(50) Concurrent reset 2.736ms
[357.266s][info   ][gc          ] GC(50) Pause Init Mark (unload classes) 0.030ms
[357.266s][info   ][gc          ] GC(50) Concurrent marking roots 0.142ms
[362.297s][info   ][gc          ] GC(50) Concurrent marking (unload classes) 5030.361ms
[362.297s][info   ][gc          ] GC(50) Pause Final Mark (unload classes) 0.161ms
[362.298s][info   ][gc          ] GC(50) Concurrent thread roots 0.091ms
[362.298s][info   ][gc          ] GC(50) Concurrent weak references 0.049ms
[362.298s][info   ][gc          ] GC(50) Concurrent weak roots 0.736ms
[362.299s][info   ][gc          ] GC(50) Concurrent cleanup 1599M->1599M(6144M) 0.036ms
[362.299s][info   ][gc          ] GC(50) Concurrent class unloading 0.116ms
[362.299s][info   ][gc          ] GC(50) Concurrent strong roots 0.456ms
[362.299s][info   ][gc          ] GC(50) Concurrent evacuation 0.173ms
[362.299s][info   ][gc          ] GC(50) Pause Init Update Refs 0.004ms
[362.299s][info   ][gc          ] GC(50) At start of update refs, moving 2048K to Mutator free partition from Collector Reserve
[364.257s][info   ][gc          ] GC(50) Concurrent update references 1958.146ms
[364.258s][info   ][gc          ] GC(50) Concurrent update thread roots 0.103ms
[364.258s][info   ][gc          ] GC(50) Pause Final Update Refs 0.093ms
[364.258s][info   ][gc          ] GC(50) Concurrent cleanup 1601M->1599M(6144M) 0.033ms
[364.258s][info   ][gc,metaspace] Metaspace: 37877K(38080K)->37877K(38080K) NonClass: 19757K(19840K)->19757K(19840K) Class: 18119K(18240K)->18119K(18240K)
[364.259s][info   ][gc          ] Trigger: GC request (System.gc())
[364.262s][info   ][gc          ] GC(51) Concurrent reset 2.762ms
[364.262s][info   ][gc          ] GC(51) Pause Init Mark (unload classes) 0.052ms
[364.262s][info   ][gc          ] GC(51) Concurrent marking roots 0.140ms
[369.306s][info   ][gc          ] GC(51) Concurrent marking (unload classes) 5043.777ms
[369.306s][info   ][gc          ] GC(51) Pause Final Mark (unload classes) 0.177ms
[369.306s][info   ][gc          ] GC(51) Concurrent thread roots 0.077ms
[369.306s][info   ][gc          ] GC(51) Concurrent weak references 0.021ms
[369.307s][info   ][gc          ] GC(51) Concurrent weak roots 0.721ms
[369.307s][info   ][gc          ] GC(51) Concurrent cleanup 1599M->1599M(6144M) 0.036ms
[369.307s][info   ][gc          ] GC(51) Concurrent class unloading 0.102ms
[369.308s][info   ][gc          ] GC(51) Concurrent strong roots 0.564ms
[369.308s][info   ][gc          ] GC(51) Concurrent evacuation 0.181ms
[369.308s][info   ][gc          ] GC(51) Pause Init Update Refs 0.004ms
[369.308s][info   ][gc          ] GC(51) At start of update refs, moving 4096K to Mutator free partition from Collector Reserve
[371.224s][info   ][gc          ] GC(51) Concurrent update references 1915.792ms
[371.224s][info   ][gc          ] GC(51) Concurrent update thread roots 0.101ms
[371.224s][info   ][gc          ] GC(51) Pause Final Update Refs 0.093ms
[371.224s][info   ][gc          ] GC(51) Concurrent cleanup 1601M->1598M(6144M) 0.033ms
[371.224s][info   ][gc,metaspace] Metaspace: 37877K(38080K)->37877K(38080K) NonClass: 19757K(19840K)->19757K(19840K) Class: 18119K(18240K)->18119K(18240K)
[371.225s][info   ][gc          ] Trigger: GC request (System.gc())
[371.228s][info   ][gc          ] GC(52) Concurrent reset 2.768ms
[371.228s][info   ][gc          ] GC(52) Pause Init Mark (unload classes) 0.045ms
[371.228s][info   ][gc          ] GC(52) Concurrent marking roots 0.123ms
[376.377s][info   ][gc          ] GC(52) Concurrent marking (unload classes) 5148.768ms
[376.377s][info   ][gc          ] GC(52) Pause Final Mark (unload classes) 0.171ms
[376.378s][info   ][gc          ] GC(52) Concurrent thread roots 0.087ms
[376.378s][info   ][gc          ] GC(52) Concurrent weak references 0.045ms
[376.378s][info   ][gc          ] GC(52) Concurrent weak roots 0.738ms
[376.379s][info   ][gc          ] GC(52) Concurrent cleanup 1598M->1598M(6144M) 0.036ms
[376.379s][info   ][gc          ] GC(52) Concurrent class unloading 0.124ms
[376.379s][info   ][gc          ] GC(52) Concurrent strong roots 0.501ms
[376.379s][info   ][gc          ] GC(52) Concurrent evacuation 0.173ms
[376.379s][info   ][gc          ] GC(52) Pause Init Update Refs 0.004ms
[376.379s][info   ][gc          ] GC(52) At start of update refs, moving 2048K to Mutator free partition from Collector Reserve
[378.294s][info   ][gc          ] GC(52) Concurrent update references 1914.747ms
[378.294s][info   ][gc          ] GC(52) Concurrent update thread roots 0.106ms
[378.294s][info   ][gc          ] GC(52) Pause Final Update Refs 0.095ms
[378.295s][info   ][gc          ] GC(52) Concurrent cleanup 1600M->1598M(6144M) 0.033ms
[378.295s][info   ][gc,metaspace] Metaspace: 37877K(38080K)->37877K(38080K) NonClass: 19757K(19840K)->19757K(19840K) Class: 18119K(18240K)->18119K(18240K)
[378.296s][info   ][gc          ] Trigger: GC request (System.gc())
[378.298s][info   ][gc          ] GC(53) Concurrent reset 2.711ms
[378.298s][info   ][gc          ] GC(53) Pause Init Mark (unload classes) 0.055ms
[378.299s][info   ][gc          ] GC(53) Concurrent marking roots 0.115ms
[383.333s][info   ][gc          ] GC(53) Concurrent marking (unload classes) 5034.099ms
[383.333s][info   ][gc          ] GC(53) Pause Final Mark (unload classes) 0.171ms
[383.333s][info   ][gc          ] GC(53) Concurrent thread roots 0.071ms
[383.333s][info   ][gc          ] GC(53) Concurrent weak references 0.031ms
[383.334s][info   ][gc          ] GC(53) Concurrent weak roots 0.663ms
[383.334s][info   ][gc          ] GC(53) Concurrent cleanup 1598M->1598M(6144M) 0.036ms
[383.334s][info   ][gc          ] GC(53) Concurrent class unloading 0.104ms
[383.334s][info   ][gc          ] GC(53) Concurrent strong roots 0.493ms
[383.335s][info   ][gc          ] GC(53) Concurrent evacuation 0.174ms
[383.335s][info   ][gc          ] GC(53) Pause Init Update Refs 0.003ms
[383.335s][info   ][gc          ] GC(53) At start of update refs, moving 2048K to Mutator free partition from Collector Reserve
[385.293s][info   ][gc          ] GC(53) Concurrent update references 1958.847ms
[385.294s][info   ][gc          ] GC(53) Concurrent update thread roots 0.103ms
[385.294s][info   ][gc          ] GC(53) Pause Final Update Refs 0.086ms
[385.294s][info   ][gc          ] GC(53) Concurrent cleanup 1600M->1598M(6144M) 0.032ms
[385.294s][info   ][gc,metaspace] Metaspace: 37877K(38080K)->37877K(38080K) NonClass: 19757K(19840K)->19757K(19840K) Class: 18119K(18240K)->18119K(18240K)
[385.295s][info   ][gc          ] Trigger: GC request (System.gc())
[385.298s][info   ][gc          ] GC(54) Concurrent reset 2.797ms
[385.298s][info   ][gc          ] GC(54) Pause Init Mark (unload classes) 0.055ms
[385.298s][info   ][gc          ] GC(54) Concurrent marking roots 0.124ms
[390.340s][info   ][gc          ] GC(54) Concurrent marking (unload classes) 5042.556ms
[390.341s][info   ][gc          ] GC(54) Pause Final Mark (unload classes) 0.190ms
[390.341s][info   ][gc          ] GC(54) Concurrent thread roots 0.074ms
[390.341s][info   ][gc          ] GC(54) Concurrent weak references 0.040ms
[390.342s][info   ][gc          ] GC(54) Concurrent weak roots 0.707ms
[390.342s][info   ][gc          ] GC(54) Concurrent cleanup 1598M->1598M(6144M) 0.035ms
[390.342s][info   ][gc          ] GC(54) Concurrent class unloading 0.113ms
[390.342s][info   ][gc          ] GC(54) Concurrent strong roots 0.484ms
[390.342s][info   ][gc          ] GC(54) Concurrent evacuation 0.163ms
[390.342s][info   ][gc          ] GC(54) Pause Init Update Refs 0.003ms
[390.342s][info   ][gc          ] GC(54) At start of update refs, moving 2048K to Mutator free partition from Collector Reserve
[392.300s][info   ][gc          ] GC(54) Concurrent update references 1957.493ms
[392.300s][info   ][gc          ] GC(54) Concurrent update thread roots 0.103ms
[392.300s][info   ][gc          ] GC(54) Pause Final Update Refs 0.088ms
[392.300s][info   ][gc          ] GC(54) Concurrent cleanup 1600M->1598M(6144M) 0.032ms
[392.300s][info   ][gc,metaspace] Metaspace: 37877K(38080K)->37877K(38080K) NonClass: 19757K(19840K)->19757K(19840K) Class: 18119K(18240K)->18119K(18240K)
[392.301s][info   ][gc          ] Trigger: GC request (System.gc())
[392.304s][info   ][gc          ] GC(55) Concurrent reset 2.798ms
[392.304s][info   ][gc          ] GC(55) Pause Init Mark (unload classes) 0.036ms
[392.304s][info   ][gc          ] GC(55) Concurrent marking roots 0.153ms
[397.372s][info   ][gc          ] GC(55) Concurrent marking (unload classes) 5067.913ms
[397.373s][info   ][gc          ] GC(55) Pause Final Mark (unload classes) 0.197ms
[397.373s][info   ][gc          ] GC(55) Concurrent thread roots 0.075ms
[397.373s][info   ][gc          ] GC(55) Concurrent weak references 0.046ms
[397.373s][info   ][gc          ] GC(55) Concurrent weak roots 0.638ms
[397.373s][info   ][gc          ] GC(55) Concurrent cleanup 1598M->1598M(6144M) 0.036ms
[397.374s][info   ][gc          ] GC(55) Concurrent class unloading 0.113ms
[397.374s][info   ][gc          ] GC(55) Concurrent strong roots 0.492ms
[397.374s][info   ][gc          ] GC(55) Concurrent evacuation 0.152ms
[397.374s][info   ][gc          ] GC(55) Pause Init Update Refs 0.004ms
[397.374s][info   ][gc          ] GC(55) At start of update refs, moving 2048K to Mutator free partition from Collector Reserve
[399.295s][info   ][gc          ] GC(55) Concurrent update references 1920.588ms
[399.295s][info   ][gc          ] GC(55) Concurrent update thread roots 0.107ms
[399.295s][info   ][gc          ] GC(55) Pause Final Update Refs 0.088ms
[399.295s][info   ][gc          ] GC(55) Concurrent cleanup 1600M->1598M(6144M) 0.032ms
[399.295s][info   ][gc,metaspace] Metaspace: 37877K(38080K)->37877K(38080K) NonClass: 19757K(19840K)->19757K(19840K) Class: 18119K(18240K)->18119K(18240K)
[399.296s][info   ][gc          ] Trigger: GC request (System.gc())
[399.299s][info   ][gc          ] GC(56) Concurrent reset 2.783ms
[399.299s][info   ][gc          ] GC(56) Pause Init Mark (unload classes) 0.043ms
[399.299s][info   ][gc          ] GC(56) Concurrent marking roots 0.120ms
[404.381s][info   ][gc          ] GC(56) Concurrent marking (unload classes) 5081.565ms
[404.381s][info   ][gc          ] GC(56) Pause Final Mark (unload classes) 0.182ms
[404.382s][info   ][gc          ] GC(56) Concurrent thread roots 0.089ms
[404.382s][info   ][gc          ] GC(56) Concurrent weak references 0.053ms
[404.383s][info   ][gc          ] GC(56) Concurrent weak roots 0.739ms
[404.383s][info   ][gc          ] GC(56) Concurrent cleanup 1598M->1598M(6144M) 0.036ms
[404.383s][info   ][gc          ] GC(56) Concurrent class unloading 0.105ms
[404.383s][info   ][gc          ] GC(56) Concurrent strong roots 0.638ms
[404.384s][info   ][gc          ] GC(56) Concurrent evacuation 0.174ms
[404.384s][info   ][gc          ] GC(56) Pause Init Update Refs 0.004ms
[404.384s][info   ][gc          ] GC(56) At start of update refs, moving 2048K to Mutator free partition from Collector Reserve
[406.298s][info   ][gc          ] GC(56) Concurrent update references 1914.696ms
[406.298s][info   ][gc          ] GC(56) Concurrent update thread roots 0.104ms
[406.299s][info   ][gc          ] GC(56) Pause Final Update Refs 0.100ms
[406.299s][info   ][gc          ] GC(56) Concurrent cleanup 1600M->1598M(6144M) 0.033ms
[406.299s][info   ][gc,metaspace] Metaspace: 37877K(38080K)->37877K(38080K) NonClass: 19757K(19840K)->19757K(19840K) Class: 18119K(18240K)->18119K(18240K)
[406.300s][info   ][gc          ] Trigger: GC request (System.gc())
[406.303s][info   ][gc          ] GC(57) Concurrent reset 2.752ms
[406.303s][info   ][gc          ] GC(57) Pause Init Mark (unload classes) 0.059ms
[406.303s][info   ][gc          ] GC(57) Concurrent marking roots 0.134ms
[411.517s][info   ][gc          ] GC(57) Concurrent marking (unload classes) 5213.959ms
[411.517s][info   ][gc          ] GC(57) Pause Final Mark (unload classes) 0.170ms
[411.517s][info   ][gc          ] GC(57) Concurrent thread roots 0.057ms
[411.517s][info   ][gc          ] GC(57) Concurrent weak references 0.030ms
[411.518s][info   ][gc          ] GC(57) Concurrent weak roots 0.618ms
[411.518s][info   ][gc          ] GC(57) Concurrent cleanup 1598M->1598M(6144M) 0.036ms
[411.518s][info   ][gc          ] GC(57) Concurrent class unloading 0.112ms
[411.518s][info   ][gc          ] GC(57) Concurrent strong roots 0.507ms
[411.519s][info   ][gc          ] GC(57) Concurrent evacuation 0.172ms
[411.519s][info   ][gc          ] GC(57) Pause Init Update Refs 0.003ms
[411.519s][info   ][gc          ] GC(57) At start of update refs, moving 2048K to Mutator free partition from Collector Reserve
[413.436s][info   ][gc          ] GC(57) Concurrent update references 1916.890ms
[413.436s][info   ][gc          ] GC(57) Concurrent update thread roots 0.102ms
[413.436s][info   ][gc          ] GC(57) Pause Final Update Refs 0.095ms
[413.436s][info   ][gc          ] GC(57) Concurrent cleanup 1600M->1598M(6144M) 0.032ms
[413.436s][info   ][gc,metaspace] Metaspace: 37877K(38080K)->37877K(38080K) NonClass: 19757K(19840K)->19757K(19840K) Class: 18119K(18240K)->18119K(18240K)
[413.437s][info   ][gc          ] Trigger: GC request (System.gc())
[413.440s][info   ][gc          ] GC(58) Concurrent reset 2.741ms
[413.440s][info   ][gc          ] GC(58) Pause Init Mark (unload classes) 0.042ms
[413.440s][info   ][gc          ] GC(58) Concurrent marking roots 0.118ms
[418.597s][info   ][gc          ] GC(58) Concurrent marking (unload classes) 5156.636ms
[418.597s][info   ][gc          ] GC(58) Pause Final Mark (unload classes) 0.164ms
[418.597s][info   ][gc          ] GC(58) Concurrent thread roots 0.061ms
[418.597s][info   ][gc          ] GC(58) Concurrent weak references 0.044ms
[418.598s][info   ][gc          ] GC(58) Concurrent weak roots 0.638ms
[418.598s][info   ][gc          ] GC(58) Concurrent cleanup 1598M->1598M(6144M) 0.041ms
[418.598s][info   ][gc          ] GC(58) Concurrent class unloading 0.116ms
[418.598s][info   ][gc          ] GC(58) Concurrent strong roots 0.411ms
[418.598s][info   ][gc          ] GC(58) Concurrent evacuation 0.148ms
[418.598s][info   ][gc          ] GC(58) Pause Init Update Refs 0.003ms
[418.598s][info   ][gc          ] GC(58) At start of update refs, moving 2048K to Mutator free partition from Collector Reserve
[420.515s][info   ][gc          ] GC(58) Concurrent update references 1916.845ms
[420.515s][info   ][gc          ] GC(58) Concurrent update thread roots 0.133ms
[420.516s][info   ][gc          ] GC(58) Pause Final Update Refs 0.084ms
[420.516s][info   ][gc          ] GC(58) Concurrent cleanup 1600M->1598M(6144M) 0.042ms
[420.516s][info   ][gc,metaspace] Metaspace: 37877K(38080K)->37877K(38080K) NonClass: 19757K(19840K)->19757K(19840K) Class: 18119K(18240K)->18119K(18240K)
[420.517s][info   ][gc          ] Trigger: GC request (System.gc())
[420.520s][info   ][gc          ] GC(59) Concurrent reset 2.755ms
[420.520s][info   ][gc          ] GC(59) Pause Init Mark (unload classes) 0.040ms
[420.520s][info   ][gc          ] GC(59) Concurrent marking roots 0.133ms
[425.637s][info   ][gc          ] GC(59) Concurrent marking (unload classes) 5117.064ms
[425.637s][info   ][gc          ] GC(59) Pause Final Mark (unload classes) 0.191ms
[425.637s][info   ][gc          ] GC(59) Concurrent thread roots 0.054ms
[425.637s][info   ][gc          ] GC(59) Concurrent weak references 0.020ms
[425.638s][info   ][gc          ] GC(59) Concurrent weak roots 0.631ms
[425.638s][info   ][gc          ] GC(59) Concurrent cleanup 1599M->1599M(6144M) 0.036ms
[425.638s][info   ][gc          ] GC(59) Concurrent class unloading 0.124ms
[425.638s][info   ][gc          ] GC(59) Concurrent strong roots 0.438ms
[425.639s][info   ][gc          ] GC(59) Concurrent evacuation 0.148ms
[425.639s][info   ][gc          ] GC(59) Pause Init Update Refs 0.004ms
[425.639s][info   ][gc          ] GC(59) At start of update refs, moving 2048K to Mutator free partition from Collector Reserve
[427.552s][info   ][gc          ] GC(59) Concurrent update references 1913.051ms
[427.552s][info   ][gc          ] GC(59) Concurrent update thread roots 0.132ms
[427.552s][info   ][gc          ] GC(59) Pause Final Update Refs 0.094ms
[427.552s][info   ][gc          ] GC(59) Concurrent cleanup 1601M->1599M(6144M) 0.039ms
[427.552s][info   ][gc,metaspace] Metaspace: 37877K(38080K)->37877K(38080K) NonClass: 19757K(19840K)->19757K(19840K) Class: 18119K(18240K)->18119K(18240K)
[427.553s][info   ][gc          ] Trigger: GC request (System.gc())
[427.556s][info   ][gc          ] GC(60) Concurrent reset 2.743ms
[427.556s][info   ][gc          ] GC(60) Pause Init Mark (unload classes) 0.053ms
[427.556s][info   ][gc          ] GC(60) Concurrent marking roots 0.112ms
[432.674s][info   ][gc          ] GC(60) Concurrent marking (unload classes) 5117.470ms
[432.674s][info   ][gc          ] GC(60) Pause Final Mark (unload classes) 0.178ms
[432.674s][info   ][gc          ] GC(60) Concurrent thread roots 0.057ms
[432.674s][info   ][gc          ] GC(60) Concurrent weak references 0.019ms
[432.675s][info   ][gc          ] GC(60) Concurrent weak roots 0.630ms
[432.675s][info   ][gc          ] GC(60) Concurrent cleanup 1599M->1599M(6144M) 0.031ms
[432.675s][info   ][gc          ] GC(60) Concurrent class unloading 0.083ms
[432.675s][info   ][gc          ] GC(60) Concurrent strong roots 0.556ms
[432.676s][info   ][gc          ] GC(60) Concurrent evacuation 0.172ms
[432.676s][info   ][gc          ] GC(60) Pause Init Update Refs 0.004ms
[432.676s][info   ][gc          ] GC(60) At start of update refs, moving 4096K to Mutator free partition from Collector Reserve
[434.586s][info   ][gc          ] GC(60) Concurrent update references 1910.171ms
[434.586s][info   ][gc          ] GC(60) Concurrent update thread roots 0.132ms
[434.586s][info   ][gc          ] GC(60) Pause Final Update Refs 0.078ms
[434.586s][info   ][gc          ] GC(60) Concurrent cleanup 1601M->1598M(6144M) 0.037ms
[434.586s][info   ][gc,metaspace] Metaspace: 37877K(38080K)->37877K(38080K) NonClass: 19757K(19840K)->19757K(19840K) Class: 18119K(18240K)->18119K(18240K)
[434.587s][info   ][gc          ] Trigger: GC request (System.gc())
[434.590s][info   ][gc          ] GC(61) Concurrent reset 2.821ms
[434.590s][info   ][gc          ] GC(61) Pause Init Mark (unload classes) 0.033ms
[434.590s][info   ][gc          ] GC(61) Concurrent marking roots 0.124ms
[439.583s][info   ][gc          ] GC(61) Concurrent marking (unload classes) 4992.967ms
[439.584s][info   ][gc          ] GC(61) Pause Final Mark (unload classes) 0.167ms
[439.584s][info   ][gc          ] GC(61) Concurrent thread roots 0.058ms
[439.584s][info   ][gc          ] GC(61) Concurrent weak references 0.041ms
[439.584s][info   ][gc          ] GC(61) Concurrent weak roots 0.694ms
[439.584s][info   ][gc          ] GC(61) Concurrent cleanup 1598M->1598M(6144M) 0.046ms
[439.585s][info   ][gc          ] GC(61) Concurrent class unloading 0.107ms
[439.585s][info   ][gc          ] GC(61) Concurrent strong roots 0.484ms
[439.585s][info   ][gc          ] GC(61) Concurrent evacuation 0.183ms
[439.585s][info   ][gc          ] GC(61) Pause Init Update Refs 0.004ms
[439.585s][info   ][gc          ] GC(61) At start of update refs, moving 2048K to Mutator free partition from Collector Reserve
[441.497s][info   ][gc          ] GC(61) Concurrent update references 1911.279ms
[441.497s][info   ][gc          ] GC(61) Concurrent update thread roots 0.121ms
[441.497s][info   ][gc          ] GC(61) Pause Final Update Refs 0.077ms
[441.497s][info   ][gc          ] GC(61) Concurrent cleanup 1600M->1598M(6144M) 0.033ms
[441.497s][info   ][gc,metaspace] Metaspace: 37877K(38080K)->37877K(38080K) NonClass: 19757K(19840K)->19757K(19840K) Class: 18119K(18240K)->18119K(18240K)
[441.498s][info   ][gc          ] Trigger: GC request (System.gc())
[441.501s][info   ][gc          ] GC(62) Concurrent reset 2.756ms
[441.501s][info   ][gc          ] GC(62) Pause Init Mark (unload classes) 0.040ms
[441.501s][info   ][gc          ] GC(62) Concurrent marking roots 0.121ms
[446.437s][info   ][gc          ] GC(62) Concurrent marking (unload classes) 4936.007ms
[446.437s][info   ][gc          ] GC(62) Pause Final Mark (unload classes) 0.158ms
[446.437s][info   ][gc          ] GC(62) Concurrent thread roots 0.062ms
[446.437s][info   ][gc          ] GC(62) Concurrent weak references 0.047ms
[446.438s][info   ][gc          ] GC(62) Concurrent weak roots 0.616ms
[446.438s][info   ][gc          ] GC(62) Concurrent cleanup 1598M->1598M(6144M) 0.037ms
[446.438s][info   ][gc          ] GC(62) Concurrent class unloading 0.146ms
[446.439s][info   ][gc          ] GC(62) Concurrent strong roots 0.571ms
[446.439s][info   ][gc          ] GC(62) Concurrent evacuation 0.164ms
[446.439s][info   ][gc          ] GC(62) Pause Init Update Refs 0.004ms
[446.439s][info   ][gc          ] GC(62) At start of update refs, moving 2048K to Mutator free partition from Collector Reserve
[448.348s][info   ][gc          ] GC(62) Concurrent update references 1908.935ms
[448.348s][info   ][gc          ] GC(62) Concurrent update thread roots 0.111ms
[448.348s][info   ][gc          ] GC(62) Pause Final Update Refs 0.080ms
[448.348s][info   ][gc          ] GC(62) Concurrent cleanup 1600M->1598M(6144M) 0.044ms
[448.348s][info   ][gc,metaspace] Metaspace: 37877K(38080K)->37877K(38080K) NonClass: 19757K(19840K)->19757K(19840K) Class: 18119K(18240K)->18119K(18240K)
[448.349s][info   ][gc          ] Trigger: GC request (System.gc())
[448.352s][info   ][gc          ] GC(63) Concurrent reset 2.750ms
[448.352s][info   ][gc          ] GC(63) Pause Init Mark (unload classes) 0.063ms
[448.353s][info   ][gc          ] GC(63) Concurrent marking roots 0.145ms
[453.514s][info   ][gc          ] GC(63) Concurrent marking (unload classes) 5161.360ms
[453.514s][info   ][gc          ] GC(63) Pause Final Mark (unload classes) 0.173ms
[453.514s][info   ][gc          ] GC(63) Concurrent thread roots 0.066ms
[453.514s][info   ][gc          ] GC(63) Concurrent weak references 0.049ms
[453.515s][info   ][gc          ] GC(63) Concurrent weak roots 0.684ms
[453.515s][info   ][gc          ] GC(63) Concurrent cleanup 1598M->1598M(6144M) 0.041ms
[453.515s][info   ][gc          ] GC(63) Concurrent class unloading 0.083ms
[453.516s][info   ][gc          ] GC(63) Concurrent strong roots 0.473ms
[453.516s][info   ][gc          ] GC(63) Concurrent evacuation 0.173ms
[453.516s][info   ][gc          ] GC(63) Pause Init Update Refs 0.004ms
[453.516s][info   ][gc          ] GC(63) At start of update refs, moving 2048K to Mutator free partition from Collector Reserve
[455.430s][info   ][gc          ] GC(63) Concurrent update references 1913.718ms
[455.430s][info   ][gc          ] GC(63) Concurrent update thread roots 0.126ms
[455.430s][info   ][gc          ] GC(63) Pause Final Update Refs 0.082ms
[455.430s][info   ][gc          ] GC(63) Concurrent cleanup 1600M->1598M(6144M) 0.045ms
[455.430s][info   ][gc,metaspace] Metaspace: 37877K(38080K)->37877K(38080K) NonClass: 19757K(19840K)->19757K(19840K) Class: 18119K(18240K)->18119K(18240K)
After GCs... 
[455.431s][info   ][gc          ] Trigger: Learning 2 of 5. Free (4234M) is below initial threshold (4300M)
[455.434s][info   ][gc          ] GC(64) Concurrent reset 3.335ms
[455.437s][info   ][gc          ] GC(64) Pause Init Mark (unload classes) 0.066ms
[455.448s][info   ][gc          ] GC(64) Concurrent marking roots 11.148ms
[455.468s][info   ][gc          ] Cancelling GC: Stopping VM
[455.468s][info   ][gc          ] GC(64) Concurrent marking (unload classes) 20.540ms
[455.468s][info   ][gc,metaspace] Metaspace: 37877K(38080K)->38204K(38464K) NonClass: 19757K(19840K)->20013K(20096K) Class: 18119K(18240K)->18190K(18368K)
