[0.001s][warning][pagesize] UseLargePages disabled, no large pages configured and available on the system.
[0.001s][info   ][gc      ] Min heap equals to max heap, disabling ShenandoahUncommit
[0.001s][info   ][metaspace]  - commit_granule_bytes: 65536.
[0.001s][info   ][metaspace]  - commit_granule_words: 8192.
[0.001s][info   ][metaspace]  - virtual_space_node_default_size: 8388608.
[0.001s][info   ][metaspace]  - enlarge_chunks_in_place: 1.
[0.001s][info   ][metaspace]  - use_allocation_guard: 0.
[0.003s][info   ][gc       ] Heuristics ergonomically sets -XX:+ExplicitGCInvokesConcurrent
[0.003s][info   ][gc       ] Heuristics ergonomically sets -XX:+ShenandoahImplicitGCInvokesConcurrent
[0.003s][info   ][gc       ] Using Shenandoah
[0.389s][info   ][metaspace] Reserving compressed class space anywhere
[0.389s][info   ][gc,metaspace] CDS archive(s) not mapped
[0.389s][info   ][gc,metaspace] Compressed class space mapped at: 0x0000000005000000-0x00000000c5000000, reserved size: 3221225472
[0.389s][info   ][gc,metaspace] UseCompressedClassPointers 1, UseCompactObjectHeaders 1, narrow klass pointer bits 22, max shift 10
[0.389s][info   ][gc,metaspace] Narrow klass base: 0x0000000005000000, Narrow klass shift: 10, Narrow klass range: 0xc0000000
Random Seed: 12345678
Num Classes: 16384
Num Objects: 67108864
Percent IK Objects: 83.0%)
Percent OAK Objects: 5.0%)
Percent TAK Objects: 12.0%)
Cycles: 50
Loading 16384 pre-generated classes ...
Materialize pre-generated constructors ...
Creating objects...
[1.628s][info   ][gc          ] Trigger: GC request (System.gc())
[1.628s][info   ][gc          ] GC(0) Concurrent reset 0.210ms
[1.628s][info   ][gc          ] GC(0) Pause Init Mark (unload classes) 0.034ms
[1.629s][info   ][gc          ] GC(0) Concurrent marking roots 0.460ms
[1.644s][info   ][gc          ] GC(0) Concurrent marking (unload classes) 15.465ms
[1.645s][info   ][gc          ] GC(0) Pause Final Mark (unload classes) 0.134ms
[1.645s][info   ][gc          ] GC(0) Concurrent thread roots 0.089ms
[1.646s][info   ][gc          ] GC(0) Concurrent weak references 1.242ms
[1.648s][info   ][gc          ] GC(0) Concurrent weak roots 2.381ms
[1.648s][info   ][gc          ] GC(0) Concurrent cleanup 65M->65M(6144M) 0.132ms
[1.654s][info   ][metaspace   ] ChkMgr @0x00007f1ec811a870 (non-class-space): : reclaiming memory...
[1.654s][info   ][metaspace   ] ChkMgr @0x00007f1ec811a870 (non-class-space): nothing reclaimed.
[1.654s][info   ][metaspace   ] ChkMgr @0x00007f1ec811a680 (class-space): : reclaiming memory...
[1.654s][info   ][metaspace   ] ChkMgr @0x00007f1ec811a680 (class-space): nothing reclaimed.
[1.654s][info   ][gc          ] GC(0) Concurrent class unloading 5.667ms
[1.656s][info   ][gc          ] GC(0) Concurrent strong roots 1.619ms
[1.662s][info   ][gc          ] GC(0) Concurrent evacuation 6.224ms
[1.662s][info   ][gc          ] GC(0) Pause Init Update Refs 0.006ms
[1.662s][info   ][gc          ] GC(0) At start of update refs, moving 63488K to Mutator free partition from Collector Reserve
[1.676s][info   ][gc          ] GC(0) Concurrent update references 13.498ms
[1.676s][info   ][gc          ] GC(0) Concurrent update thread roots 0.148ms
[1.676s][info   ][gc          ] GC(0) Pause Final Update Refs 0.082ms
[1.676s][info   ][gc          ] GC(0) Concurrent cleanup 75M->13M(6144M) 0.046ms
[1.676s][info   ][gc,metaspace] Metaspace: 36748K(36864K)->36738K(36864K) NonClass: 18630K(18688K)->18624K(18688K) Class: 18117K(18176K)->18113K(18176K)
[6.405s][info   ][gc          ] Trigger: Learning 2 of 5. Free (4300M) is below initial threshold (4300M)
[6.405s][info   ][gc          ] GC(1) Concurrent reset 0.217ms
[6.405s][info   ][gc          ] GC(1) Pause Init Mark (unload classes) 0.034ms
[6.407s][info   ][gc          ] GC(1) Concurrent marking roots 1.622ms
[6.999s][info   ][gc          ] GC(1) Concurrent marking (unload classes) 591.528ms
[6.999s][info   ][gc          ] GC(1) Pause Final Mark (unload classes) 0.208ms
[6.999s][info   ][gc          ] GC(1) Concurrent thread roots 0.073ms
[7.002s][info   ][gc          ] GC(1) Concurrent weak references 2.504ms
[7.010s][info   ][gc          ] GC(1) Concurrent weak roots 8.897ms
[7.011s][info   ][gc          ] GC(1) Concurrent cleanup 1616M->1616M(6144M) 0.087ms
[7.014s][info   ][gc          ] GC(1) Concurrent class unloading 3.021ms
[7.017s][info   ][gc          ] GC(1) Concurrent strong roots 3.386ms
[7.246s][info   ][gc          ] GC(1) Concurrent evacuation 229.118ms
[7.246s][info   ][gc          ] GC(1) Pause Init Update Refs 0.007ms
[7.246s][info   ][gc          ] GC(1) At start of update refs, moving 234M to Mutator free partition from Collector Reserve
[7.600s][info   ][gc          ] GC(1) Concurrent update references 353.407ms
[7.600s][info   ][gc          ] GC(1) Concurrent update thread roots 0.116ms
[7.600s][info   ][gc          ] GC(1) Pause Final Update Refs 0.109ms
[7.600s][info   ][gc          ] GC(1) Concurrent cleanup 1761M->491M(6144M) 0.061ms
[7.600s][info   ][gc,metaspace] Metaspace: 69211K(86656K)->69623K(87232K) NonClass: 42626K(52224K)->42927K(52608K) Class: 26584K(34432K)->26695K(34624K)
[14.538s][info   ][gc          ] Trigger: GC request (CodeCache GC Threshold)
[14.541s][info   ][gc          ] GC(2) Concurrent reset 2.891ms
[14.541s][info   ][gc          ] GC(2) Pause Init Mark (unload classes) 0.039ms
[14.543s][info   ][gc          ] GC(2) Concurrent marking roots 2.531ms
[15.792s][info   ][gc          ] GC(2) Concurrent marking (unload classes) 1248.365ms
[15.792s][info   ][gc          ] GC(2) Pause Final Mark (unload classes) 0.189ms
[15.792s][info   ][gc          ] GC(2) Concurrent thread roots 0.089ms
[15.792s][info   ][gc          ] GC(2) Concurrent weak references 0.034ms
[15.809s][info   ][gc          ] GC(2) Concurrent weak roots 17.189ms
[15.809s][info   ][gc          ] GC(2) Concurrent cleanup 1721M->1721M(6144M) 0.116ms
[15.828s][info   ][gc          ] GC(2) Concurrent class unloading 18.521ms
[15.831s][info   ][gc          ] GC(2) Concurrent strong roots 2.792ms
[16.307s][info   ][gc          ] GC(2) Concurrent evacuation 476.531ms
[16.307s][info   ][gc          ] GC(2) Pause Init Update Refs 0.008ms
[16.307s][info   ][gc          ] GC(2) At start of update refs, moving 206M to Mutator free partition from Collector Reserve
[17.084s][info   ][gc          ] GC(2) Concurrent update references 776.274ms
[17.084s][info   ][gc          ] GC(2) Concurrent update thread roots 0.124ms
[17.084s][info   ][gc          ] GC(2) Pause Final Update Refs 0.110ms
[17.084s][info   ][gc          ] GC(2) Concurrent cleanup 2012M->815M(6144M) 0.063ms
[17.084s][info   ][gc,metaspace] Metaspace: 82615K(97792K)->82615K(97792K) NonClass: 55919K(63168K)->55919K(63168K) Class: 26695K(34624K)->26695K(34624K)
[20.667s][info   ][gc          ] Trigger: Learning 2 of 5. Free (4300M) is below initial threshold (4300M)
[20.670s][info   ][gc          ] GC(3) Concurrent reset 2.874ms
[20.671s][info   ][gc          ] GC(3) Pause Init Mark (unload classes) 0.056ms
[20.673s][info   ][gc          ] GC(3) Concurrent marking roots 2.737ms
[22.404s][info   ][gc          ] GC(3) Concurrent marking (unload classes) 1730.691ms
[22.404s][info   ][gc          ] GC(3) Pause Final Mark (unload classes) 0.205ms
[22.404s][info   ][gc          ] GC(3) Concurrent thread roots 0.055ms
[22.404s][info   ][gc          ] GC(3) Concurrent weak references 0.038ms
[22.419s][info   ][gc          ] GC(3) Concurrent weak roots 14.516ms
[22.419s][info   ][gc          ] GC(3) Concurrent cleanup 1861M->1861M(6144M) 0.112ms
[22.441s][info   ][gc          ] GC(3) Concurrent class unloading 21.996ms
[22.444s][info   ][gc          ] GC(3) Concurrent strong roots 2.644ms
[22.764s][info   ][gc          ] GC(3) Concurrent evacuation 319.813ms
[22.764s][info   ][gc          ] GC(3) Pause Init Update Refs 0.007ms
[22.764s][info   ][gc          ] GC(3) At start of update refs, moving 214M to Mutator free partition from Collector Reserve
[24.036s][info   ][gc          ] GC(3) Concurrent update references 1271.718ms
[24.036s][info   ][gc          ] GC(3) Concurrent update thread roots 0.123ms
[24.036s][info   ][gc          ] GC(3) Pause Final Update Refs 0.094ms
[24.036s][info   ][gc          ] GC(3) Concurrent cleanup 2255M->1152M(6144M) 0.076ms
[24.036s][info   ][gc,metaspace] Metaspace: 89832K(103616K)->89847K(103616K) NonClass: 63137K(68992K)->63151K(68992K) Class: 26695K(34624K)->26695K(34624K)
[25.720s][info   ][gc          ] Trigger: Learning 3 of 5. Free (4300M) is below initial threshold (4300M)
[25.723s][info   ][gc          ] GC(4) Concurrent reset 3.095ms
[25.723s][info   ][gc          ] GC(4) Pause Init Mark (unload classes) 0.054ms
[25.726s][info   ][gc          ] GC(4) Concurrent marking roots 2.507ms
[28.395s][info   ][gc          ] GC(4) Concurrent marking (unload classes) 2668.855ms
[28.395s][info   ][gc          ] GC(4) Pause Final Mark (unload classes) 0.189ms
[28.395s][info   ][gc          ] GC(4) Concurrent thread roots 0.055ms
[28.395s][info   ][gc          ] GC(4) Concurrent weak references 0.051ms
[28.410s][info   ][gc          ] GC(4) Concurrent weak roots 14.771ms
[28.410s][info   ][gc          ] GC(4) Concurrent cleanup 1980M->1980M(6144M) 0.076ms
[28.435s][info   ][gc          ] GC(4) Concurrent class unloading 24.970ms
[28.438s][info   ][gc          ] GC(4) Concurrent strong roots 3.136ms
[28.722s][info   ][gc          ] GC(4) Concurrent evacuation 284.163ms
[28.722s][info   ][gc          ] GC(4) Pause Init Update Refs 0.007ms
[28.722s][info   ][gc          ] GC(4) At start of update refs, moving 224M to Mutator free partition from Collector Reserve
[30.228s][info   ][gc          ] GC(4) Concurrent update references 1505.927ms
[30.228s][info   ][gc          ] GC(4) Concurrent update thread roots 0.126ms
[30.229s][info   ][gc          ] GC(4) Pause Final Update Refs 0.093ms
[30.229s][info   ][gc          ] GC(4) Concurrent cleanup 2417M->1407M(6144M) 0.066ms
[30.229s][info   ][gc,metaspace] Metaspace: 89847K(103616K)->89847K(103616K) NonClass: 63151K(68992K)->63151K(68992K) Class: 26695K(34624K)->26695K(34624K)
[30.771s][info   ][gc          ] Trigger: Learning 4 of 5. Free (4300M) is below initial threshold (4300M)
[30.774s][info   ][gc          ] GC(5) Concurrent reset 3.146ms
[30.774s][info   ][gc          ] GC(5) Pause Init Mark (unload classes) 0.068ms
[30.777s][info   ][gc          ] GC(5) Concurrent marking roots 2.487ms
[33.981s][info   ][gc          ] GC(5) Concurrent marking (unload classes) 3204.775ms
[33.982s][info   ][gc          ] GC(5) Pause Final Mark (unload classes) 0.211ms
[33.982s][info   ][gc          ] GC(5) Concurrent thread roots 0.068ms
[33.982s][info   ][gc          ] GC(5) Concurrent weak references 0.048ms
[34.002s][info   ][gc          ] GC(5) Concurrent weak roots 20.332ms
[34.002s][info   ][gc          ] GC(5) Concurrent cleanup 2067M->2067M(6144M) 0.077ms
[34.025s][info   ][gc          ] GC(5) Concurrent class unloading 22.763ms
[34.028s][info   ][gc          ] GC(5) Concurrent strong roots 3.142ms
[34.418s][info   ][gc          ] GC(5) Concurrent evacuation 389.587ms
[34.418s][info   ][gc          ] GC(5) Pause Init Update Refs 0.007ms
[34.418s][info   ][gc          ] GC(5) At start of update refs, moving 230M to Mutator free partition from Collector Reserve
[36.235s][info   ][gc          ] GC(5) Concurrent update references 1817.195ms
[36.235s][info   ][gc          ] GC(5) Concurrent update thread roots 0.120ms
[36.236s][info   ][gc          ] GC(5) Pause Final Update Refs 0.112ms
[36.236s][info   ][gc          ] GC(5) Concurrent cleanup 2583M->1654M(6144M) 0.067ms
[36.236s][info   ][gc,metaspace] Metaspace: 89847K(103616K)->89847K(103616K) NonClass: 63151K(68992K)->63151K(68992K) Class: 26695K(34624K)->26695K(34624K)
[36.237s][info   ][gc          ] Trigger: Learning 5 of 5. Free (4178M) is below initial threshold (4300M)
[36.240s][info   ][gc          ] GC(6) Concurrent reset 2.881ms
[36.240s][info   ][gc          ] GC(6) Pause Init Mark (unload classes) 0.039ms
[36.243s][info   ][gc          ] GC(6) Concurrent marking roots 2.639ms
[39.997s][info   ][gc          ] GC(6) Concurrent marking (unload classes) 3754.264ms
[39.998s][info   ][gc          ] GC(6) Pause Final Mark (unload classes) 0.198ms
[39.998s][info   ][gc          ] GC(6) Concurrent thread roots 0.079ms
[39.998s][info   ][gc          ] GC(6) Concurrent weak references 0.044ms
[40.014s][info   ][gc          ] GC(6) Concurrent weak roots 15.700ms
[40.014s][info   ][gc          ] GC(6) Concurrent cleanup 2291M->2291M(6144M) 0.079ms
[40.042s][info   ][gc          ] GC(6) Concurrent class unloading 28.555ms
[40.046s][info   ][gc          ] GC(6) Concurrent strong roots 3.285ms
[40.368s][info   ][gc          ] GC(6) Concurrent evacuation 322.714ms
[40.368s][info   ][gc          ] GC(6) Pause Init Update Refs 0.007ms
[40.368s][info   ][gc          ] GC(6) At start of update refs, moving 226M to Mutator free partition from Collector Reserve
[43.433s][info   ][gc          ] GC(6) Concurrent update references 3064.445ms
[43.433s][info   ][gc          ] GC(6) Concurrent update thread roots 0.121ms
[43.433s][info   ][gc          ] GC(6) Pause Final Update Refs 0.103ms
[43.433s][info   ][gc          ] GC(6) Concurrent cleanup 2971M->1995M(6144M) 0.070ms
[43.433s][info   ][gc,metaspace] Metaspace: 89847K(103616K)->89847K(103616K) NonClass: 63151K(68992K)->63151K(68992K) Class: 26695K(34624K)->26695K(34624K)
[50.361s][info   ][gc          ] Trigger: Average GC time (8826.69 ms) is above the time for average allocation rate (232 MB/s) to deplete free headroom (2003M) (margin of error = 1.80)
[50.365s][info   ][gc          ] GC(7) Concurrent reset 3.140ms
[50.365s][info   ][gc          ] GC(7) Pause Init Mark (unload classes) 0.073ms
[50.367s][info   ][gc          ] GC(7) Concurrent marking roots 2.550ms
[55.149s][info   ][gc          ] GC(7) Concurrent marking (unload classes) 4781.357ms
[55.149s][info   ][gc          ] GC(7) Pause Final Mark (unload classes) 0.284ms
[55.149s][info   ][gc          ] GC(7) Concurrent thread roots 0.082ms
[55.149s][info   ][gc          ] GC(7) Concurrent weak references 0.031ms
[55.165s][info   ][gc          ] GC(7) Concurrent weak roots 15.936ms
[55.165s][info   ][gc          ] GC(7) Concurrent cleanup 4457M->4457M(6144M) 0.150ms
[55.194s][info   ][gc          ] GC(7) Concurrent class unloading 28.412ms
[55.197s][info   ][gc          ] GC(7) Concurrent strong roots 3.282ms
[56.074s][info   ][gc          ] GC(7) Concurrent evacuation 876.519ms
[56.074s][info   ][gc          ] GC(7) Pause Init Update Refs 0.007ms
[56.074s][info   ][gc          ] GC(7) At start of update refs, moving 81920K to Mutator free partition from Collector Reserve
[60.748s][info   ][gc          ] GC(7) Concurrent update references 4674.222ms
[60.748s][info   ][gc          ] GC(7) Concurrent update thread roots 0.118ms
[60.749s][info   ][gc          ] GC(7) Pause Final Update Refs 0.117ms
[60.749s][info   ][gc          ] GC(7) Concurrent cleanup 5669M->2903M(6144M) 0.097ms
[60.749s][info   ][gc,metaspace] Metaspace: 89847K(103616K)->89847K(103616K) NonClass: 63151K(68992K)->63151K(68992K) Class: 26695K(34624K)->26695K(34624K)
[60.750s][info   ][gc          ] Trigger: Average GC time (12769.40 ms) is above the time for average allocation rate (209 MB/s) to deplete free headroom (2622M) (margin of error = 1.82)
[60.757s][info   ][gc          ] GC(8) Concurrent reset 6.653ms
[60.757s][info   ][gc          ] GC(8) Pause Init Mark (unload classes) 0.075ms
[60.760s][info   ][gc          ] GC(8) Concurrent marking roots 2.753ms
[67.500s][info   ][gc          ] GC(8) Concurrent marking (unload classes) 6740.501ms
[67.501s][info   ][gc          ] GC(8) Pause Final Mark (unload classes) 0.253ms
[67.501s][info   ][gc          ] GC(8) Concurrent thread roots 0.088ms
[67.501s][info   ][gc          ] GC(8) Concurrent weak references 0.050ms
[67.521s][info   ][gc          ] GC(8) Concurrent weak roots 20.278ms
[67.521s][info   ][gc          ] GC(8) Concurrent cleanup 4060M->4060M(6144M) 0.109ms
[67.541s][info   ][gc          ] GC(8) Concurrent class unloading 19.682ms
[67.544s][info   ][gc          ] GC(8) Concurrent strong roots 3.268ms
[68.338s][info   ][gc          ] GC(8) Concurrent evacuation 793.849ms
[68.338s][info   ][gc          ] GC(8) Pause Init Update Refs 0.007ms
[68.339s][info   ][gc          ] GC(8) At start of update refs, moving 150M to Mutator free partition from Collector Reserve
[72.206s][info   ][gc          ] GC(8) Concurrent update references 3867.170ms
[72.206s][info   ][gc          ] GC(8) Concurrent update thread roots 0.123ms
[72.206s][info   ][gc          ] GC(8) Pause Final Update Refs 0.111ms
[72.206s][info   ][gc          ] GC(8) Concurrent cleanup 5141M->3219M(6144M) 0.090ms
[72.206s][info   ][gc,metaspace] Metaspace: 89847K(103616K)->89847K(103616K) NonClass: 63151K(68992K)->63151K(68992K) Class: 26695K(34624K)->26695K(34624K)
[72.207s][info   ][gc          ] Trigger: Average GC time (14308.00 ms) is above the time for average allocation rate (195 MB/s) to deplete free headroom (2306M) (margin of error = 1.84)
[72.213s][info   ][gc          ] GC(9) Concurrent reset 5.601ms
[72.213s][info   ][gc          ] GC(9) Pause Init Mark (unload classes) 0.079ms
[72.215s][info   ][gc          ] GC(9) Concurrent marking roots 1.696ms
[80.086s][info   ][gc          ] GC(9) Concurrent marking (unload classes) 7871.428ms
[80.087s][info   ][gc          ] GC(9) Pause Final Mark (unload classes) 0.267ms
[80.087s][info   ][gc          ] GC(9) Concurrent thread roots 0.060ms
[80.087s][info   ][gc          ] GC(9) Concurrent weak references 0.029ms
[80.107s][info   ][gc          ] GC(9) Concurrent weak roots 20.341ms
[80.107s][info   ][gc          ] GC(9) Concurrent cleanup 4584M->4584M(6144M) 0.110ms
[80.127s][info   ][gc          ] GC(9) Concurrent class unloading 19.827ms
[80.130s][info   ][gc          ] GC(9) Concurrent strong roots 3.278ms
[80.993s][info   ][gc          ] GC(9) Concurrent evacuation 862.789ms
[80.993s][info   ][gc          ] GC(9) Pause Init Update Refs 0.007ms
[80.993s][info   ][gc          ] GC(9) At start of update refs, moving 136M to Mutator free partition from Collector Reserve
[85.549s][info   ][gc          ] GC(9) Concurrent update references 4556.186ms
[85.550s][info   ][gc          ] GC(9) Concurrent update thread roots 0.101ms
[85.550s][info   ][gc          ] GC(9) Pause Final Update Refs 0.101ms
[85.551s][info   ][gc          ] GC(9) Concurrent cleanup 5827M->3743M(6144M) 0.076ms
[85.551s][info   ][gc,metaspace] Metaspace: 89847K(103616K)->89847K(103616K) NonClass: 63151K(68992K)->63151K(68992K) Class: 26695K(34624K)->26695K(34624K)
[85.552s][info   ][gc          ] Trigger: Average GC time (16179.02 ms) is above the time for average allocation rate (189 MB/s) to deplete free headroom (1783M) (margin of error = 1.85)
[85.558s][info   ][gc          ] GC(10) Concurrent reset 6.015ms
[85.558s][info   ][gc          ] GC(10) Pause Init Mark (unload classes) 0.068ms
[85.559s][info   ][gc          ] GC(10) Concurrent marking roots 1.642ms
67108864 Objects created
 - IK: 55699211 (82.99829%)
 - OAK: 3355627 (5.0002737%)
 - TAK: 8054026 (12.001434%)
Preparatory GC...
[94.257s][info   ][gc          ] GC(10) Concurrent marking (unload classes) 8697.064ms
[94.257s][info   ][gc          ] GC(10) Pause Final Mark (unload classes) 0.269ms
[94.257s][info   ][gc          ] GC(10) Concurrent thread roots 0.163ms
[94.257s][info   ][gc          ] GC(10) Concurrent weak references 0.047ms
[94.273s][info   ][gc          ] GC(10) Concurrent weak roots 15.845ms
[94.273s][info   ][gc          ] GC(10) Concurrent cleanup 4970M->4970M(6144M) 0.113ms
[94.296s][info   ][gc          ] GC(10) Concurrent class unloading 22.888ms
[94.299s][info   ][gc          ] GC(10) Concurrent strong roots 2.756ms
[94.949s][info   ][gc          ] GC(10) Concurrent evacuation 650.292ms
[94.949s][info   ][gc          ] GC(10) Pause Init Update Refs 0.006ms
[94.949s][info   ][gc          ] GC(10) At start of update refs, moving 108M to Mutator free partition from Collector Reserve
[99.650s][info   ][gc          ] GC(10) Concurrent update references 4700.836ms
[99.650s][info   ][gc          ] GC(10) Concurrent update thread roots 0.130ms
[99.650s][info   ][gc          ] GC(10) Pause Final Update Refs 0.097ms
[99.651s][info   ][gc          ] GC(10) Concurrent cleanup 5170M->2733M(6144M) 0.082ms
[99.651s][info   ][gc,metaspace] Metaspace: 89847K(103616K)->89847K(103616K) NonClass: 63151K(68992K)->63151K(68992K) Class: 26695K(34624K)->26695K(34624K)
[99.652s][info   ][gc          ] Trigger: GC request (System.gc())
[99.658s][info   ][gc          ] GC(11) Concurrent reset 6.222ms
[99.658s][info   ][gc          ] GC(11) Pause Init Mark (unload classes) 0.081ms
[99.660s][info   ][gc          ] GC(11) Concurrent marking roots 2.379ms
[107.161s][info   ][gc          ] GC(11) Concurrent marking (unload classes) 7500.850ms
[107.162s][info   ][gc          ] GC(11) Pause Final Mark (unload classes) 0.227ms
[107.162s][info   ][gc          ] GC(11) Concurrent thread roots 0.069ms
[107.162s][info   ][gc          ] GC(11) Concurrent weak references 0.031ms
[107.173s][info   ][gc          ] GC(11) Concurrent weak roots 11.396ms
[107.173s][info   ][gc          ] GC(11) Concurrent cleanup 2733M->2733M(6144M) 0.076ms
[107.859s][info   ][metaspace   ] ChkMgr @0x00007f1ec811a870 (non-class-space): : reclaiming memory...
[107.861s][info   ][metaspace   ] ChkMgr @0x00007f1ec811a870 (non-class-space): finished reclaiming memory: 
[107.861s][info   ][metaspace   ] reserved: 128.00 MB (no change)
[107.861s][info   ][metaspace   ] committed: 67.38 MB->19.38 MB (-48.00 MB)
[107.861s][info   ][metaspace   ] ChkMgr @0x00007f1ec811a680 (class-space): : reclaiming memory...
[107.861s][info   ][metaspace   ] ChkMgr @0x00007f1ec811a680 (class-space): finished reclaiming memory: 
[107.861s][info   ][metaspace   ] reserved: 3.00 GB (no change)
[107.861s][info   ][metaspace   ] committed: 33.81 MB->17.81 MB (-16.00 MB)
[107.862s][info   ][gc          ] GC(11) Concurrent class unloading 689.075ms
[107.863s][info   ][gc          ] GC(11) Concurrent strong roots 0.746ms
[108.194s][info   ][gc          ] GC(11) Concurrent evacuation 331.340ms
[108.195s][info   ][gc          ] GC(11) Pause Init Update Refs 0.006ms
[108.195s][info   ][gc          ] GC(11) At start of update refs, moving 200M to Mutator free partition from Collector Reserve
[112.372s][info   ][gc          ] GC(11) Concurrent update references 4176.971ms
[112.372s][info   ][gc          ] GC(11) Concurrent update thread roots 0.129ms
[112.372s][info   ][gc          ] GC(11) Pause Final Update Refs 0.117ms
[112.373s][info   ][gc          ] GC(11) Concurrent cleanup 2841M->1600M(6144M) 0.070ms
[112.373s][info   ][gc,metaspace] Metaspace: 89847K(103616K)->37879K(38080K) NonClass: 63151K(68992K)->19759K(19840K) Class: 26695K(34624K)->18119K(18240K)
[112.374s][info   ][gc          ] Trigger: GC request (System.gc())
[112.378s][info   ][gc          ] GC(12) Concurrent reset 4.611ms
[112.378s][info   ][gc          ] GC(12) Pause Init Mark (unload classes) 0.077ms
[112.379s][info   ][gc          ] GC(12) Concurrent marking roots 0.201ms
[119.195s][info   ][gc          ] GC(12) Concurrent marking (unload classes) 6816.446ms
[119.195s][info   ][gc          ] GC(12) Pause Final Mark (unload classes) 0.176ms
[119.195s][info   ][gc          ] GC(12) Concurrent thread roots 0.087ms
[119.196s][info   ][gc          ] GC(12) Concurrent weak references 0.033ms
[119.201s][info   ][gc          ] GC(12) Concurrent weak roots 5.562ms
[119.201s][info   ][gc          ] GC(12) Concurrent cleanup 1600M->1600M(6144M) 0.101ms
[119.209s][info   ][gc          ] GC(12) Concurrent class unloading 7.633ms
[119.209s][info   ][gc          ] GC(12) Concurrent strong roots 0.492ms
[119.211s][info   ][gc          ] GC(12) Concurrent evacuation 1.379ms
[119.211s][info   ][gc          ] GC(12) Pause Init Update Refs 0.005ms
[119.211s][info   ][gc          ] GC(12) At start of update refs, moving 4096K to Mutator free partition from Collector Reserve
[123.310s][info   ][gc          ] GC(12) Concurrent update references 4099.168ms
[123.310s][info   ][gc          ] GC(12) Concurrent update thread roots 0.123ms
[123.310s][info   ][gc          ] GC(12) Pause Final Update Refs 0.100ms
[123.310s][info   ][gc          ] GC(12) Concurrent cleanup 1603M->1599M(6144M) 0.056ms
[123.310s][info   ][gc,metaspace] Metaspace: 37879K(38080K)->37879K(38080K) NonClass: 19759K(19840K)->19759K(19840K) Class: 18119K(18240K)->18119K(18240K)
Done; will start GCs... 
[123.312s][info   ][gc          ] Trigger: GC request (System.gc())
[123.314s][info   ][gc          ] GC(13) Concurrent reset 2.581ms
[123.314s][info   ][gc          ] GC(13) Pause Init Mark (unload classes) 0.055ms
[123.314s][info   ][gc          ] GC(13) Concurrent marking roots 0.188ms
[130.397s][info   ][gc          ] GC(13) Concurrent marking (unload classes) 7082.069ms
[130.397s][info   ][gc          ] GC(13) Pause Final Mark (unload classes) 0.173ms
[130.397s][info   ][gc          ] GC(13) Concurrent thread roots 0.099ms
[130.397s][info   ][gc          ] GC(13) Concurrent weak references 0.066ms
[130.402s][info   ][gc          ] GC(13) Concurrent weak roots 4.641ms
[130.402s][info   ][gc          ] GC(13) Concurrent cleanup 1600M->1600M(6144M) 0.129ms
[130.410s][info   ][gc          ] GC(13) Concurrent class unloading 8.559ms
[130.411s][info   ][gc          ] GC(13) Concurrent strong roots 0.534ms
[130.411s][info   ][gc          ] GC(13) Concurrent evacuation 0.188ms
[130.411s][info   ][gc          ] GC(13) Pause Init Update Refs 0.007ms
[130.411s][info   ][gc          ] GC(13) At start of update refs, moving 4096K to Mutator free partition from Collector Reserve
[131.867s][info   ][gc          ] Cancelling GC: Stopping VM
[131.910s][info   ][gc          ] GC(13) Concurrent update references 1498.639ms
[131.910s][info   ][gc,metaspace] Metaspace: 37879K(38080K)->38206K(38400K) NonClass: 19759K(19840K)->20015K(20096K) Class: 18119K(18240K)->18191K(18304K)
