Done; will start GCs... 
[15.264s][info][gc,metaspace] GC(3) Metaspace: 43043K(49728K)->43043K(49728K) NonClass: 25204K(25792K)->25204K(25792K) Class: 17838K(23936K)->17838K(23936K)
[15.264s][info][gc          ] GC(3) Pause Full (System.gc()) 840M->772M(5939M) 3552.959ms
[17.419s][info][gc,metaspace] GC(4) Metaspace: 43043K(49728K)->43043K(49728K) NonClass: 25204K(25792K)->25204K(25792K) Class: 17838K(23936K)->17838K(23936K)
[17.419s][info][gc          ] GC(4) Pause Full (System.gc()) 772M->772M(5939M) 2155.149ms
[20.325s][info][gc,metaspace] GC(5) Metaspace: 43043K(49728K)->43043K(49728K) NonClass: 25204K(25792K)->25204K(25792K) Class: 17838K(23936K)->17838K(23936K)
[20.325s][info][gc          ] GC(5) Pause Full (System.gc()) 772M->772M(5939M) 2853.652ms
[22.529s][info][gc,metaspace] GC(6) Metaspace: 43043K(49728K)->43043K(49728K) NonClass: 25204K(25792K)->25204K(25792K) Class: 17838K(23936K)->17838K(23936K)
[22.529s][info][gc          ] GC(6) Pause Full (System.gc()) 772M->772M(5939M) 2203.209ms
[24.679s][info][gc,metaspace] GC(7) Metaspace: 43043K(49728K)->43043K(49728K) NonClass: 25204K(25792K)->25204K(25792K) Class: 17838K(23936K)->17838K(23936K)
[24.679s][info][gc          ] GC(7) Pause Full (System.gc()) 772M->772M(5939M) 2150.145ms
[26.834s][info][gc,metaspace] GC(8) Metaspace: 43043K(49728K)->43043K(49728K) NonClass: 25204K(25792K)->25204K(25792K) Class: 17838K(23936K)->17838K(23936K)
[26.834s][info][gc          ] GC(8) Pause Full (System.gc()) 772M->772M(5939M) 2155.394ms
[28.983s][info][gc,metaspace] GC(9) Metaspace: 43043K(49728K)->43043K(49728K) NonClass: 25204K(25792K)->25204K(25792K) Class: 17838K(23936K)->17838K(23936K)
[28.983s][info][gc          ] GC(9) Pause Full (System.gc()) 772M->772M(5939M) 2148.371ms
[31.139s][info][gc,metaspace] GC(10) Metaspace: 43043K(49728K)->43043K(49728K) NonClass: 25204K(25792K)->25204K(25792K) Class: 17838K(23936K)->17838K(23936K)
[31.139s][info][gc          ] GC(10) Pause Full (System.gc()) 772M->772M(5939M) 2155.715ms
[33.290s][info][gc,metaspace] GC(11) Metaspace: 43043K(49728K)->43043K(49728K) NonClass: 25204K(25792K)->25204K(25792K) Class: 17838K(23936K)->17838K(23936K)
[33.290s][info][gc          ] GC(11) Pause Full (System.gc()) 772M->772M(5939M) 2151.250ms
[35.492s][info][gc,metaspace] GC(12) Metaspace: 43043K(49728K)->43043K(49728K) NonClass: 25204K(25792K)->25204K(25792K) Class: 17838K(23936K)->17838K(23936K)
[35.492s][info][gc          ] GC(12) Pause Full (System.gc()) 772M->772M(5939M) 2201.926ms
[37.642s][info][gc,metaspace] GC(13) Metaspace: 43043K(49728K)->43043K(49728K) NonClass: 25204K(25792K)->25204K(25792K) Class: 17838K(23936K)->17838K(23936K)
[37.642s][info][gc          ] GC(13) Pause Full (System.gc()) 772M->772M(5939M) 2149.016ms
[39.797s][info][gc,metaspace] GC(14) Metaspace: 43043K(49728K)->43043K(49728K) NonClass: 25204K(25792K)->25204K(25792K) Class: 17838K(23936K)->17838K(23936K)
[39.798s][info][gc          ] GC(14) Pause Full (System.gc()) 772M->772M(5939M) 2155.864ms
[41.949s][info][gc,metaspace] GC(15) Metaspace: 43043K(49728K)->43043K(49728K) NonClass: 25204K(25792K)->25204K(25792K) Class: 17838K(23936K)->17838K(23936K)
[41.949s][info][gc          ] GC(15) Pause Full (System.gc()) 772M->772M(5939M) 2151.258ms
[44.105s][info][gc,metaspace] GC(16) Metaspace: 43043K(49728K)->43043K(49728K) NonClass: 25204K(25792K)->25204K(25792K) Class: 17838K(23936K)->17838K(23936K)
[44.105s][info][gc          ] GC(16) Pause Full (System.gc()) 772M->772M(5939M) 2155.623ms
[46.257s][info][gc,metaspace] GC(17) Metaspace: 43043K(49728K)->43043K(49728K) NonClass: 25204K(25792K)->25204K(25792K) Class: 17838K(23936K)->17838K(23936K)
[46.257s][info][gc          ] GC(17) Pause Full (System.gc()) 772M->772M(5939M) 2152.055ms
[48.405s][info][gc,metaspace] GC(18) Metaspace: 43043K(49728K)->43043K(49728K) NonClass: 25204K(25792K)->25204K(25792K) Class: 17838K(23936K)->17838K(23936K)
[48.405s][info][gc          ] GC(18) Pause Full (System.gc()) 772M->772M(5939M) 2148.073ms
[50.608s][info][gc,metaspace] GC(19) Metaspace: 43043K(49728K)->43043K(49728K) NonClass: 25204K(25792K)->25204K(25792K) Class: 17838K(23936K)->17838K(23936K)
[50.608s][info][gc          ] GC(19) Pause Full (System.gc()) 772M->772M(5939M) 2203.323ms
[52.764s][info][gc,metaspace] GC(20) Metaspace: 43043K(49728K)->43043K(49728K) NonClass: 25204K(25792K)->25204K(25792K) Class: 17838K(23936K)->17838K(23936K)
[52.764s][info][gc          ] GC(20) Pause Full (System.gc()) 772M->772M(5939M) 2155.967ms
[54.916s][info][gc,metaspace] GC(21) Metaspace: 43043K(49728K)->43043K(49728K) NonClass: 25204K(25792K)->25204K(25792K) Class: 17838K(23936K)->17838K(23936K)
[54.916s][info][gc          ] GC(21) Pause Full (System.gc()) 772M->772M(5939M) 2151.542ms
[57.071s][info][gc,metaspace] GC(22) Metaspace: 43043K(49728K)->43043K(49728K) NonClass: 25204K(25792K)->25204K(25792K) Class: 17838K(23936K)->17838K(23936K)
[57.071s][info][gc          ] GC(22) Pause Full (System.gc()) 772M->772M(5939M) 2154.833ms
[59.220s][info][gc,metaspace] GC(23) Metaspace: 43043K(49728K)->43043K(49728K) NonClass: 25204K(25792K)->25204K(25792K) Class: 17838K(23936K)->17838K(23936K)
[59.220s][info][gc          ] GC(23) Pause Full (System.gc()) 772M->772M(5939M) 2148.482ms
[61.371s][info][gc,metaspace] GC(24) Metaspace: 43043K(49728K)->43043K(49728K) NonClass: 25204K(25792K)->25204K(25792K) Class: 17838K(23936K)->17838K(23936K)
[61.371s][info][gc          ] GC(24) Pause Full (System.gc()) 772M->772M(5939M) 2150.913ms
[63.574s][info][gc,metaspace] GC(25) Metaspace: 43043K(49728K)->43043K(49728K) NonClass: 25204K(25792K)->25204K(25792K) Class: 17838K(23936K)->17838K(23936K)
[63.574s][info][gc          ] GC(25) Pause Full (System.gc()) 772M->772M(5939M) 2203.648ms
[65.726s][info][gc,metaspace] GC(26) Metaspace: 43043K(49728K)->43043K(49728K) NonClass: 25204K(25792K)->25204K(25792K) Class: 17838K(23936K)->17838K(23936K)
[65.726s][info][gc          ] GC(26) Pause Full (System.gc()) 772M->772M(5939M) 2151.687ms
[67.878s][info][gc,metaspace] GC(27) Metaspace: 43043K(49728K)->43043K(49728K) NonClass: 25204K(25792K)->25204K(25792K) Class: 17838K(23936K)->17838K(23936K)
[67.878s][info][gc          ] GC(27) Pause Full (System.gc()) 783M->772M(5939M) 2151.283ms
[70.033s][info][gc,metaspace] GC(28) Metaspace: 43043K(49728K)->43043K(49728K) NonClass: 25204K(25792K)->25204K(25792K) Class: 17838K(23936K)->17838K(23936K)
[70.033s][info][gc          ] GC(28) Pause Full (System.gc()) 772M->772M(5939M) 2154.734ms
[73.018s][info][gc,metaspace] GC(29) Metaspace: 43043K(49728K)->43043K(49728K) NonClass: 25204K(25792K)->25204K(25792K) Class: 17838K(23936K)->17838K(23936K)
[73.018s][info][gc          ] GC(29) Pause Full (System.gc()) 772M->772M(5939M) 2985.051ms
[75.170s][info][gc,metaspace] GC(30) Metaspace: 43043K(49728K)->43043K(49728K) NonClass: 25204K(25792K)->25204K(25792K) Class: 17838K(23936K)->17838K(23936K)
[75.170s][info][gc          ] GC(30) Pause Full (System.gc()) 772M->772M(5939M) 2152.275ms
[77.327s][info][gc,metaspace] GC(31) Metaspace: 43043K(49728K)->43043K(49728K) NonClass: 25204K(25792K)->25204K(25792K) Class: 17838K(23936K)->17838K(23936K)
[77.327s][info][gc          ] GC(31) Pause Full (System.gc()) 772M->772M(5939M) 2157.011ms
[79.528s][info][gc,metaspace] GC(32) Metaspace: 43043K(49728K)->43043K(49728K) NonClass: 25204K(25792K)->25204K(25792K) Class: 17838K(23936K)->17838K(23936K)
[79.529s][info][gc          ] GC(32) Pause Full (System.gc()) 772M->772M(5939M) 2201.127ms
[81.682s][info][gc,metaspace] GC(33) Metaspace: 43044K(49728K)->43044K(49728K) NonClass: 25205K(25792K)->25205K(25792K) Class: 17838K(23936K)->17838K(23936K)
[81.682s][info][gc          ] GC(33) Pause Full (System.gc()) 772M->772M(5939M) 2153.244ms
[83.831s][info][gc,metaspace] GC(34) Metaspace: 43044K(49728K)->43044K(49728K) NonClass: 25205K(25792K)->25205K(25792K) Class: 17838K(23936K)->17838K(23936K)
[83.831s][info][gc          ] GC(34) Pause Full (System.gc()) 772M->772M(5939M) 2148.578ms
[85.989s][info][gc,metaspace] GC(35) Metaspace: 43044K(49728K)->43044K(49728K) NonClass: 25205K(25792K)->25205K(25792K) Class: 17838K(23936K)->17838K(23936K)
[85.989s][info][gc          ] GC(35) Pause Full (System.gc()) 772M->772M(5939M) 2158.009ms
[88.139s][info][gc,metaspace] GC(36) Metaspace: 43044K(49728K)->43044K(49728K) NonClass: 25205K(25792K)->25205K(25792K) Class: 17838K(23936K)->17838K(23936K)
[88.139s][info][gc          ] GC(36) Pause Full (System.gc()) 772M->772M(5939M) 2149.830ms
[90.297s][info][gc,metaspace] GC(37) Metaspace: 43044K(49728K)->43044K(49728K) NonClass: 25205K(25792K)->25205K(25792K) Class: 17838K(23936K)->17838K(23936K)
[90.297s][info][gc          ] GC(37) Pause Full (System.gc()) 772M->772M(5939M) 2158.147ms
[92.498s][info][gc,metaspace] GC(38) Metaspace: 43044K(49728K)->43044K(49728K) NonClass: 25205K(25792K)->25205K(25792K) Class: 17838K(23936K)->17838K(23936K)
[92.498s][info][gc          ] GC(38) Pause Full (System.gc()) 772M->772M(5939M) 2200.929ms
[94.653s][info][gc,metaspace] GC(39) Metaspace: 43044K(49728K)->43044K(49728K) NonClass: 25205K(25792K)->25205K(25792K) Class: 17838K(23936K)->17838K(23936K)
[94.653s][info][gc          ] GC(39) Pause Full (System.gc()) 772M->772M(5939M) 2154.210ms
[96.809s][info][gc,metaspace] GC(40) Metaspace: 43044K(49728K)->43044K(49728K) NonClass: 25205K(25792K)->25205K(25792K) Class: 17838K(23936K)->17838K(23936K)
[96.809s][info][gc          ] GC(40) Pause Full (System.gc()) 772M->772M(5939M) 2156.263ms
[98.962s][info][gc,metaspace] GC(41) Metaspace: 43044K(49728K)->43044K(49728K) NonClass: 25205K(25792K)->25205K(25792K) Class: 17838K(23936K)->17838K(23936K)
[98.962s][info][gc          ] GC(41) Pause Full (System.gc()) 772M->772M(5939M) 2152.546ms
[101.115s][info][gc,metaspace] GC(42) Metaspace: 43044K(49728K)->43044K(49728K) NonClass: 25205K(25792K)->25205K(25792K) Class: 17838K(23936K)->17838K(23936K)
[101.115s][info][gc          ] GC(42) Pause Full (System.gc()) 772M->772M(5939M) 2152.810ms
[103.271s][info][gc,metaspace] GC(43) Metaspace: 43044K(49728K)->43044K(49728K) NonClass: 25205K(25792K)->25205K(25792K) Class: 17838K(23936K)->17838K(23936K)
[103.271s][info][gc          ] GC(43) Pause Full (System.gc()) 772M->772M(5939M) 2156.614ms
[105.477s][info][gc,metaspace] GC(44) Metaspace: 43044K(49728K)->43044K(49728K) NonClass: 25205K(25792K)->25205K(25792K) Class: 17838K(23936K)->17838K(23936K)
[105.477s][info][gc          ] GC(44) Pause Full (System.gc()) 772M->772M(5939M) 2205.620ms
[108.025s][info][gc,metaspace] GC(45) Metaspace: 43044K(49728K)->43044K(49728K) NonClass: 25205K(25792K)->25205K(25792K) Class: 17838K(23936K)->17838K(23936K)
[108.025s][info][gc          ] GC(45) Pause Full (System.gc()) 772M->772M(5939M) 2547.648ms
[110.180s][info][gc,metaspace] GC(46) Metaspace: 43044K(49728K)->43044K(49728K) NonClass: 25205K(25792K)->25205K(25792K) Class: 17838K(23936K)->17838K(23936K)
[110.180s][info][gc          ] GC(46) Pause Full (System.gc()) 772M->772M(5939M) 2155.390ms
[112.334s][info][gc,metaspace] GC(47) Metaspace: 43044K(49728K)->43044K(49728K) NonClass: 25205K(25792K)->25205K(25792K) Class: 17838K(23936K)->17838K(23936K)
[112.334s][info][gc          ] GC(47) Pause Full (System.gc()) 772M->772M(5939M) 2153.938ms
[114.537s][info][gc,metaspace] GC(48) Metaspace: 43044K(49728K)->43044K(49728K) NonClass: 25205K(25792K)->25205K(25792K) Class: 17838K(23936K)->17838K(23936K)
[114.537s][info][gc          ] GC(48) Pause Full (System.gc()) 772M->772M(5939M) 2202.356ms
[116.693s][info][gc,metaspace] GC(49) Metaspace: 43044K(49728K)->43044K(49728K) NonClass: 25205K(25792K)->25205K(25792K) Class: 17838K(23936K)->17838K(23936K)
[116.693s][info][gc          ] GC(49) Pause Full (System.gc()) 772M->772M(5939M) 2156.139ms
[118.847s][info][gc,metaspace] GC(50) Metaspace: 43044K(49728K)->43044K(49728K) NonClass: 25205K(25792K)->25205K(25792K) Class: 17838K(23936K)->17838K(23936K)
[118.847s][info][gc          ] GC(50) Pause Full (System.gc()) 772M->772M(5939M) 2154.091ms
[120.998s][info][gc,metaspace] GC(51) Metaspace: 43044K(49728K)->43044K(49728K) NonClass: 25205K(25792K)->25205K(25792K) Class: 17838K(23936K)->17838K(23936K)
[120.998s][info][gc          ] GC(51) Pause Full (System.gc()) 772M->772M(5939M) 2151.288ms
[123.155s][info][gc,metaspace] GC(52) Metaspace: 43044K(49728K)->43044K(49728K) NonClass: 25205K(25792K)->25205K(25792K) Class: 17838K(23936K)->17838K(23936K)
[123.155s][info][gc          ] GC(52) Pause Full (System.gc()) 772M->772M(5939M) 2156.662ms
[125.309s][info][gc,metaspace] GC(53) Metaspace: 43044K(49728K)->43044K(49728K) NonClass: 25205K(25792K)->25205K(25792K) Class: 17838K(23936K)->17838K(23936K)
[125.309s][info][gc          ] GC(53) Pause Full (System.gc()) 772M->772M(5939M) 2153.555ms
[127.513s][info][gc,metaspace] GC(54) Metaspace: 43044K(49728K)->43044K(49728K) NonClass: 25205K(25792K)->25205K(25792K) Class: 17838K(23936K)->17838K(23936K)
[127.513s][info][gc          ] GC(54) Pause Full (System.gc()) 772M->772M(5939M) 2204.080ms
[129.671s][info][gc,metaspace] GC(55) Metaspace: 43044K(49728K)->43044K(49728K) NonClass: 25205K(25792K)->25205K(25792K) Class: 17838K(23936K)->17838K(23936K)
[129.671s][info][gc          ] GC(55) Pause Full (System.gc()) 783M->772M(5939M) 2157.829ms
[131.824s][info][gc,metaspace] GC(56) Metaspace: 43044K(49728K)->43044K(49728K) NonClass: 25205K(25792K)->25205K(25792K) Class: 17838K(23936K)->17838K(23936K)
[131.824s][info][gc          ] GC(56) Pause Full (System.gc()) 772M->772M(5939M) 2153.544ms
[133.978s][info][gc,metaspace] GC(57) Metaspace: 43044K(49728K)->43044K(49728K) NonClass: 25205K(25792K)->25205K(25792K) Class: 17838K(23936K)->17838K(23936K)
[133.978s][info][gc          ] GC(57) Pause Full (System.gc()) 772M->772M(5939M) 2153.431ms
[136.134s][info][gc,metaspace] GC(58) Metaspace: 43044K(49728K)->43044K(49728K) NonClass: 25205K(25792K)->25205K(25792K) Class: 17838K(23936K)->17838K(23936K)
[136.134s][info][gc          ] GC(58) Pause Full (System.gc()) 772M->772M(5939M) 2156.015ms
[138.287s][info][gc,metaspace] GC(59) Metaspace: 43044K(49728K)->43044K(49728K) NonClass: 25205K(25792K)->25205K(25792K) Class: 17838K(23936K)->17838K(23936K)
[138.287s][info][gc          ] GC(59) Pause Full (System.gc()) 772M->772M(5939M) 2153.355ms
[140.491s][info][gc,metaspace] GC(60) Metaspace: 43044K(49728K)->43044K(49728K) NonClass: 25205K(25792K)->25205K(25792K) Class: 17838K(23936K)->17838K(23936K)
[140.492s][info][gc          ] GC(60) Pause Full (System.gc()) 772M->772M(5939M) 2203.991ms
[142.647s][info][gc,metaspace] GC(61) Metaspace: 43044K(49728K)->43044K(49728K) NonClass: 25205K(25792K)->25205K(25792K) Class: 17838K(23936K)->17838K(23936K)
[142.647s][info][gc          ] GC(61) Pause Full (System.gc()) 772M->772M(5939M) 2155.624ms
[144.802s][info][gc,metaspace] GC(62) Metaspace: 43044K(49728K)->43044K(49728K) NonClass: 25205K(25792K)->25205K(25792K) Class: 17838K(23936K)->17838K(23936K)
[144.802s][info][gc          ] GC(62) Pause Full (System.gc()) 772M->772M(5939M) 2154.324ms
[146.959s][info][gc,metaspace] GC(63) Metaspace: 43044K(49728K)->43044K(49728K) NonClass: 25205K(25792K)->25205K(25792K) Class: 17838K(23936K)->17838K(23936K)
[146.959s][info][gc          ] GC(63) Pause Full (System.gc()) 772M->772M(5939M) 2157.125ms
[149.113s][info][gc,metaspace] GC(64) Metaspace: 43044K(49728K)->43044K(49728K) NonClass: 25205K(25792K)->25205K(25792K) Class: 17838K(23936K)->17838K(23936K)
[149.113s][info][gc          ] GC(64) Pause Full (System.gc()) 772M->772M(5939M) 2153.607ms
[151.264s][info][gc,metaspace] GC(65) Metaspace: 43044K(49728K)->43044K(49728K) NonClass: 25205K(25792K)->25205K(25792K) Class: 17838K(23936K)->17838K(23936K)
[151.264s][info][gc          ] GC(65) Pause Full (System.gc()) 772M->772M(5939M) 2151.319ms
[153.473s][info][gc,metaspace] GC(66) Metaspace: 43044K(49728K)->43044K(49728K) NonClass: 25205K(25792K)->25205K(25792K) Class: 17838K(23936K)->17838K(23936K)
[153.473s][info][gc          ] GC(66) Pause Full (System.gc()) 772M->772M(5939M) 2208.774ms
[156.022s][info][gc,metaspace] GC(67) Metaspace: 43044K(49728K)->43044K(49728K) NonClass: 25205K(25792K)->25205K(25792K) Class: 17838K(23936K)->17838K(23936K)
[156.022s][info][gc          ] GC(67) Pause Full (System.gc()) 772M->772M(5939M) 2549.441ms
[158.175s][info][gc,metaspace] GC(68) Metaspace: 43044K(49728K)->43044K(49728K) NonClass: 25205K(25792K)->25205K(25792K) Class: 17838K(23936K)->17838K(23936K)
[158.175s][info][gc          ] GC(68) Pause Full (System.gc()) 772M->772M(5939M) 2153.021ms
[160.333s][info][gc,metaspace] GC(69) Metaspace: 43044K(49728K)->43044K(49728K) NonClass: 25205K(25792K)->25205K(25792K) Class: 17838K(23936K)->17838K(23936K)
[160.333s][info][gc          ] GC(69) Pause Full (System.gc()) 772M->772M(5939M) 2157.398ms
[162.536s][info][gc,metaspace] GC(70) Metaspace: 43044K(49728K)->43044K(49728K) NonClass: 25205K(25792K)->25205K(25792K) Class: 17838K(23936K)->17838K(23936K)
[162.536s][info][gc          ] GC(70) Pause Full (System.gc()) 772M->772M(5939M) 2203.079ms
[164.688s][info][gc,metaspace] GC(71) Metaspace: 43044K(49728K)->43044K(49728K) NonClass: 25205K(25792K)->25205K(25792K) Class: 17838K(23936K)->17838K(23936K)
[164.688s][info][gc          ] GC(71) Pause Full (System.gc()) 772M->772M(5939M) 2151.771ms
[166.845s][info][gc,metaspace] GC(72) Metaspace: 43044K(49728K)->43044K(49728K) NonClass: 25205K(25792K)->25205K(25792K) Class: 17838K(23936K)->17838K(23936K)
[166.845s][info][gc          ] GC(72) Pause Full (System.gc()) 772M->772M(5939M) 2157.175ms
[168.998s][info][gc,metaspace] GC(73) Metaspace: 43044K(49728K)->43044K(49728K) NonClass: 25205K(25792K)->25205K(25792K) Class: 17838K(23936K)->17838K(23936K)
[168.998s][info][gc          ] GC(73) Pause Full (System.gc()) 772M->772M(5939M) 2152.599ms
[171.150s][info][gc,metaspace] GC(74) Metaspace: 43044K(49728K)->43044K(49728K) NonClass: 25205K(25792K)->25205K(25792K) Class: 17838K(23936K)->17838K(23936K)
[171.150s][info][gc          ] GC(74) Pause Full (System.gc()) 772M->772M(5939M) 2152.113ms
[173.307s][info][gc,metaspace] GC(75) Metaspace: 43044K(49728K)->43044K(49728K) NonClass: 25205K(25792K)->25205K(25792K) Class: 17838K(23936K)->17838K(23936K)
[173.307s][info][gc          ] GC(75) Pause Full (System.gc()) 772M->772M(5939M) 2156.720ms
[175.511s][info][gc,metaspace] GC(76) Metaspace: 43044K(49728K)->43044K(49728K) NonClass: 25205K(25792K)->25205K(25792K) Class: 17838K(23936K)->17838K(23936K)
[175.511s][info][gc          ] GC(76) Pause Full (System.gc()) 772M->772M(5939M) 2203.884ms
[177.664s][info][gc,metaspace] GC(77) Metaspace: 43044K(49728K)->43044K(49728K) NonClass: 25205K(25792K)->25205K(25792K) Class: 17838K(23936K)->17838K(23936K)
[177.664s][info][gc          ] GC(77) Pause Full (System.gc()) 772M->772M(5939M) 2153.135ms
[179.820s][info][gc,metaspace] GC(78) Metaspace: 43044K(49728K)->43044K(49728K) NonClass: 25205K(25792K)->25205K(25792K) Class: 17838K(23936K)->17838K(23936K)
[179.820s][info][gc          ] GC(78) Pause Full (System.gc()) 772M->772M(5939M) 2155.560ms
[181.974s][info][gc,metaspace] GC(79) Metaspace: 43044K(49728K)->43044K(49728K) NonClass: 25205K(25792K)->25205K(25792K) Class: 17838K(23936K)->17838K(23936K)
[181.974s][info][gc          ] GC(79) Pause Full (System.gc()) 772M->772M(5939M) 2154.182ms
[184.129s][info][gc,metaspace] GC(80) Metaspace: 43044K(49728K)->43044K(49728K) NonClass: 25205K(25792K)->25205K(25792K) Class: 17838K(23936K)->17838K(23936K)
[184.129s][info][gc          ] GC(80) Pause Full (System.gc()) 772M->772M(5939M) 2154.670ms
[186.283s][info][gc,metaspace] GC(81) Metaspace: 43044K(49728K)->43044K(49728K) NonClass: 25205K(25792K)->25205K(25792K) Class: 17838K(23936K)->17838K(23936K)
[186.283s][info][gc          ] GC(81) Pause Full (System.gc()) 772M->772M(5939M) 2154.426ms
[188.487s][info][gc,metaspace] GC(82) Metaspace: 43044K(49728K)->43044K(49728K) NonClass: 25205K(25792K)->25205K(25792K) Class: 17838K(23936K)->17838K(23936K)
[188.487s][info][gc          ] GC(82) Pause Full (System.gc()) 772M->772M(5939M) 2203.213ms
[190.642s][info][gc,metaspace] GC(83) Metaspace: 43044K(49728K)->43044K(49728K) NonClass: 25205K(25792K)->25205K(25792K) Class: 17838K(23936K)->17838K(23936K)
[190.642s][info][gc          ] GC(83) Pause Full (System.gc()) 772M->772M(5939M) 2155.647ms
[192.794s][info][gc,metaspace] GC(84) Metaspace: 43044K(49728K)->43044K(49728K) NonClass: 25205K(25792K)->25205K(25792K) Class: 17838K(23936K)->17838K(23936K)
[192.794s][info][gc          ] GC(84) Pause Full (System.gc()) 783M->772M(5939M) 2151.125ms
[194.946s][info][gc,metaspace] GC(85) Metaspace: 43044K(49728K)->43044K(49728K) NonClass: 25205K(25792K)->25205K(25792K) Class: 17838K(23936K)->17838K(23936K)
[194.946s][info][gc          ] GC(85) Pause Full (System.gc()) 772M->772M(5939M) 2152.665ms
[197.104s][info][gc,metaspace] GC(86) Metaspace: 43044K(49728K)->43044K(49728K) NonClass: 25205K(25792K)->25205K(25792K) Class: 17838K(23936K)->17838K(23936K)
[197.104s][info][gc          ] GC(86) Pause Full (System.gc()) 772M->772M(5939M) 2157.502ms
[199.256s][info][gc,metaspace] GC(87) Metaspace: 43044K(49728K)->43044K(49728K) NonClass: 25205K(25792K)->25205K(25792K) Class: 17838K(23936K)->17838K(23936K)
[199.256s][info][gc          ] GC(87) Pause Full (System.gc()) 772M->772M(5939M) 2152.121ms
[201.412s][info][gc,metaspace] GC(88) Metaspace: 43044K(49728K)->43044K(49728K) NonClass: 25205K(25792K)->25205K(25792K) Class: 17838K(23936K)->17838K(23936K)
[201.412s][info][gc          ] GC(88) Pause Full (System.gc()) 772M->772M(5939M) 2155.454ms
[203.617s][info][gc,metaspace] GC(89) Metaspace: 43044K(49728K)->43044K(49728K) NonClass: 25205K(25792K)->25205K(25792K) Class: 17838K(23936K)->17838K(23936K)
[203.617s][info][gc          ] GC(89) Pause Full (System.gc()) 772M->772M(5939M) 2204.854ms
[205.768s][info][gc,metaspace] GC(90) Metaspace: 43044K(49728K)->43044K(49728K) NonClass: 25205K(25792K)->25205K(25792K) Class: 17838K(23936K)->17838K(23936K)
[205.768s][info][gc          ] GC(90) Pause Full (System.gc()) 772M->772M(5939M) 2151.399ms
[207.921s][info][gc,metaspace] GC(91) Metaspace: 43044K(49728K)->43044K(49728K) NonClass: 25205K(25792K)->25205K(25792K) Class: 17838K(23936K)->17838K(23936K)
[207.921s][info][gc          ] GC(91) Pause Full (System.gc()) 772M->772M(5939M) 2153.283ms
[210.078s][info][gc,metaspace] GC(92) Metaspace: 43044K(49728K)->43044K(49728K) NonClass: 25205K(25792K)->25205K(25792K) Class: 17838K(23936K)->17838K(23936K)
[210.078s][info][gc          ] GC(92) Pause Full (System.gc()) 772M->772M(5939M) 2156.736ms
[212.230s][info][gc,metaspace] GC(93) Metaspace: 43044K(49728K)->43044K(49728K) NonClass: 25205K(25792K)->25205K(25792K) Class: 17838K(23936K)->17838K(23936K)
[212.230s][info][gc          ] GC(93) Pause Full (System.gc()) 772M->772M(5939M) 2151.842ms
[214.387s][info][gc,metaspace] GC(94) Metaspace: 43044K(49728K)->43044K(49728K) NonClass: 25205K(25792K)->25205K(25792K) Class: 17838K(23936K)->17838K(23936K)
[214.387s][info][gc          ] GC(94) Pause Full (System.gc()) 772M->772M(5939M) 2157.210ms
[216.592s][info][gc,metaspace] GC(95) Metaspace: 43044K(49728K)->43044K(49728K) NonClass: 25205K(25792K)->25205K(25792K) Class: 17838K(23936K)->17838K(23936K)
[216.592s][info][gc          ] GC(95) Pause Full (System.gc()) 772M->772M(5939M) 2204.293ms
[218.743s][info][gc,metaspace] GC(96) Metaspace: 43044K(49728K)->43044K(49728K) NonClass: 25205K(25792K)->25205K(25792K) Class: 17838K(23936K)->17838K(23936K)
[218.743s][info][gc          ] GC(96) Pause Full (System.gc()) 772M->772M(5939M) 2150.724ms
[220.901s][info][gc,metaspace] GC(97) Metaspace: 43044K(49728K)->43044K(49728K) NonClass: 25205K(25792K)->25205K(25792K) Class: 17838K(23936K)->17838K(23936K)
[220.901s][info][gc          ] GC(97) Pause Full (System.gc()) 772M->772M(5939M) 2158.290ms
[223.053s][info][gc,metaspace] GC(98) Metaspace: 43044K(49728K)->43044K(49728K) NonClass: 25205K(25792K)->25205K(25792K) Class: 17838K(23936K)->17838K(23936K)
[223.053s][info][gc          ] GC(98) Pause Full (System.gc()) 772M->772M(5939M) 2152.211ms
[225.206s][info][gc,metaspace] GC(99) Metaspace: 43044K(49728K)->43044K(49728K) NonClass: 25205K(25792K)->25205K(25792K) Class: 17838K(23936K)->17838K(23936K)
[225.206s][info][gc          ] GC(99) Pause Full (System.gc()) 772M->772M(5939M) 2152.375ms
[227.363s][info][gc,metaspace] GC(100) Metaspace: 43044K(49728K)->43044K(49728K) NonClass: 25205K(25792K)->25205K(25792K) Class: 17838K(23936K)->17838K(23936K)
[227.363s][info][gc          ] GC(100) Pause Full (System.gc()) 772M->772M(5939M) 2156.825ms
[229.567s][info][gc,metaspace] GC(101) Metaspace: 43044K(49728K)->43044K(49728K) NonClass: 25205K(25792K)->25205K(25792K) Class: 17838K(23936K)->17838K(23936K)
[229.567s][info][gc          ] GC(101) Pause Full (System.gc()) 772M->772M(5939M) 2204.217ms
[231.720s][info][gc,metaspace] GC(102) Metaspace: 43044K(49728K)->43044K(49728K) NonClass: 25205K(25792K)->25205K(25792K) Class: 17838K(23936K)->17838K(23936K)
[231.720s][info][gc          ] GC(102) Pause Full (System.gc()) 772M->772M(5939M) 2153.105ms
After GCs... 
