Done; will start GCs... 
[21.224s][info][gc,metaspace] GC(10) Metaspace: 11238K(11584K)->11238K(11584K) NonClass: 9437K(9600K)->9437K(9600K) Class: 1800K(1984K)->1800K(1984K)
[21.224s][info][gc          ] GC(10) Pause Full (System.gc()) 1478M->1445M(5939M) 4070.835ms
[24.288s][info][gc,metaspace] GC(11) Metaspace: 11238K(11584K)->11238K(11584K) NonClass: 9437K(9600K)->9437K(9600K) Class: 1800K(1984K)->1800K(1984K)
[24.288s][info][gc          ] GC(11) Pause Full (System.gc()) 1445M->1445M(5939M) 3063.398ms
[27.347s][info][gc,metaspace] GC(12) Metaspace: 11238K(11584K)->11238K(11584K) NonClass: 9437K(9600K)->9437K(9600K) Class: 1800K(1984K)->1800K(1984K)
[27.347s][info][gc          ] GC(12) Pause Full (System.gc()) 1445M->1445M(5939M) 3059.335ms
[30.408s][info][gc,metaspace] GC(13) Metaspace: 11238K(11584K)->11238K(11584K) NonClass: 9437K(9600K)->9437K(9600K) Class: 1800K(1984K)->1800K(1984K)
[30.408s][info][gc          ] GC(13) Pause Full (System.gc()) 1445M->1445M(5939M) 3059.983ms
[33.464s][info][gc,metaspace] GC(14) Metaspace: 11238K(11584K)->11238K(11584K) NonClass: 9437K(9600K)->9437K(9600K) Class: 1800K(1984K)->1800K(1984K)
[33.464s][info][gc          ] GC(14) Pause Full (System.gc()) 1445M->1445M(5939M) 3056.324ms
[36.525s][info][gc,metaspace] GC(15) Metaspace: 11238K(11584K)->11238K(11584K) NonClass: 9437K(9600K)->9437K(9600K) Class: 1800K(1984K)->1800K(1984K)
[36.525s][info][gc          ] GC(15) Pause Full (System.gc()) 1445M->1445M(5939M) 3060.638ms
[39.585s][info][gc,metaspace] GC(16) Metaspace: 11238K(11584K)->11238K(11584K) NonClass: 9437K(9600K)->9437K(9600K) Class: 1800K(1984K)->1800K(1984K)
[39.585s][info][gc          ] GC(16) Pause Full (System.gc()) 1445M->1445M(5939M) 3060.024ms
[42.642s][info][gc,metaspace] GC(17) Metaspace: 11238K(11584K)->11238K(11584K) NonClass: 9437K(9600K)->9437K(9600K) Class: 1800K(1984K)->1800K(1984K)
[42.642s][info][gc          ] GC(17) Pause Full (System.gc()) 1445M->1445M(5939M) 3057.115ms
[45.703s][info][gc,metaspace] GC(18) Metaspace: 11238K(11584K)->11238K(11584K) NonClass: 9437K(9600K)->9437K(9600K) Class: 1800K(1984K)->1800K(1984K)
[45.703s][info][gc          ] GC(18) Pause Full (System.gc()) 1445M->1445M(5939M) 3060.472ms
[48.758s][info][gc,metaspace] GC(19) Metaspace: 11238K(11584K)->11238K(11584K) NonClass: 9437K(9600K)->9437K(9600K) Class: 1800K(1984K)->1800K(1984K)
[48.758s][info][gc          ] GC(19) Pause Full (System.gc()) 1445M->1445M(5939M) 3054.584ms
After GCs... 
