Done; will start GCs... 
[105.012s][info][gc,metaspace] GC(37) Metaspace: 101130K(115008K)->101130K(115008K) NonClass: 72444K(78400K)->72444K(78400K) Class: 28685K(36608K)->28685K(36608K)
[105.012s][info][gc          ] GC(37) Pause Full (System.gc()) 815M->804M(6144M) 674.466ms
[105.583s][info][gc,metaspace] GC(38) Metaspace: 101130K(115008K)->101130K(115008K) NonClass: 72444K(78400K)->72444K(78400K) Class: 28685K(36608K)->28685K(36608K)
[105.583s][info][gc          ] GC(38) Pause Full (System.gc()) 804M->804M(6144M) 570.861ms
[106.158s][info][gc,metaspace] GC(39) Metaspace: 101130K(115008K)->101130K(115008K) NonClass: 72444K(78400K)->72444K(78400K) Class: 28685K(36608K)->28685K(36608K)
[106.159s][info][gc          ] GC(39) Pause Full (System.gc()) 804M->804M(6144M) 575.024ms
[106.715s][info][gc,metaspace] GC(40) Metaspace: 101130K(115008K)->101130K(115008K) NonClass: 72444K(78400K)->72444K(78400K) Class: 28685K(36608K)->28685K(36608K)
[106.715s][info][gc          ] GC(40) Pause Full (System.gc()) 804M->804M(6144M) 556.546ms
[107.279s][info][gc,metaspace] GC(41) Metaspace: 101130K(115008K)->101130K(115008K) NonClass: 72444K(78400K)->72444K(78400K) Class: 28685K(36608K)->28685K(36608K)
[107.279s][info][gc          ] GC(41) Pause Full (System.gc()) 804M->804M(6144M) 563.485ms
[107.845s][info][gc,metaspace] GC(42) Metaspace: 101130K(115008K)->101130K(115008K) NonClass: 72444K(78400K)->72444K(78400K) Class: 28685K(36608K)->28685K(36608K)
[107.845s][info][gc          ] GC(42) Pause Full (System.gc()) 804M->804M(6144M) 565.977ms
[108.450s][info][gc,metaspace] GC(43) Metaspace: 101130K(115008K)->101130K(115008K) NonClass: 72444K(78400K)->72444K(78400K) Class: 28685K(36608K)->28685K(36608K)
[108.450s][info][gc          ] GC(43) Pause Full (System.gc()) 804M->804M(6144M) 604.964ms
[109.059s][info][gc,metaspace] GC(44) Metaspace: 101130K(115008K)->101130K(115008K) NonClass: 72444K(78400K)->72444K(78400K) Class: 28685K(36608K)->28685K(36608K)
[109.059s][info][gc          ] GC(44) Pause Full (System.gc()) 804M->804M(6144M) 608.879ms
[109.611s][info][gc,metaspace] GC(45) Metaspace: 101130K(115008K)->101130K(115008K) NonClass: 72444K(78400K)->72444K(78400K) Class: 28685K(36608K)->28685K(36608K)
[109.611s][info][gc          ] GC(45) Pause Full (System.gc()) 804M->804M(6144M) 552.261ms
[110.211s][info][gc,metaspace] GC(46) Metaspace: 101130K(115008K)->101130K(115008K) NonClass: 72444K(78400K)->72444K(78400K) Class: 28685K(36608K)->28685K(36608K)
[110.211s][info][gc          ] GC(46) Pause Full (System.gc()) 804M->804M(6144M) 595.154ms
[110.761s][info][gc,metaspace] GC(47) Metaspace: 101130K(115008K)->101130K(115008K) NonClass: 72444K(78400K)->72444K(78400K) Class: 28685K(36608K)->28685K(36608K)
[110.761s][info][gc          ] GC(47) Pause Full (System.gc()) 804M->804M(6144M) 550.384ms
[111.313s][info][gc,metaspace] GC(48) Metaspace: 101130K(115008K)->101130K(115008K) NonClass: 72444K(78400K)->72444K(78400K) Class: 28685K(36608K)->28685K(36608K)
[111.313s][info][gc          ] GC(48) Pause Full (System.gc()) 804M->804M(6144M) 551.857ms
[111.865s][info][gc,metaspace] GC(49) Metaspace: 101130K(115008K)->101130K(115008K) NonClass: 72444K(78400K)->72444K(78400K) Class: 28685K(36608K)->28685K(36608K)
[111.865s][info][gc          ] GC(49) Pause Full (System.gc()) 804M->804M(6144M) 551.655ms
[112.432s][info][gc,metaspace] GC(50) Metaspace: 101130K(115008K)->101130K(115008K) NonClass: 72444K(78400K)->72444K(78400K) Class: 28685K(36608K)->28685K(36608K)
[112.432s][info][gc          ] GC(50) Pause Full (System.gc()) 804M->804M(6144M) 566.800ms
[113.067s][info][gc,metaspace] GC(51) Metaspace: 101130K(115008K)->101130K(115008K) NonClass: 72444K(78400K)->72444K(78400K) Class: 28685K(36608K)->28685K(36608K)
[113.067s][info][gc          ] GC(51) Pause Full (System.gc()) 804M->804M(6144M) 634.839ms
[113.630s][info][gc,metaspace] GC(52) Metaspace: 101130K(115008K)->101130K(115008K) NonClass: 72444K(78400K)->72444K(78400K) Class: 28685K(36608K)->28685K(36608K)
[113.631s][info][gc          ] GC(52) Pause Full (System.gc()) 804M->804M(6144M) 563.581ms
[114.184s][info][gc,metaspace] GC(53) Metaspace: 101130K(115008K)->101130K(115008K) NonClass: 72444K(78400K)->72444K(78400K) Class: 28685K(36608K)->28685K(36608K)
[114.184s][info][gc          ] GC(53) Pause Full (System.gc()) 804M->804M(6144M) 553.137ms
[114.737s][info][gc,metaspace] GC(54) Metaspace: 101130K(115008K)->101130K(115008K) NonClass: 72444K(78400K)->72444K(78400K) Class: 28685K(36608K)->28685K(36608K)
[114.737s][info][gc          ] GC(54) Pause Full (System.gc()) 804M->804M(6144M) 553.526ms
[115.310s][info][gc,metaspace] GC(55) Metaspace: 101130K(115008K)->101130K(115008K) NonClass: 72444K(78400K)->72444K(78400K) Class: 28685K(36608K)->28685K(36608K)
[115.310s][info][gc          ] GC(55) Pause Full (System.gc()) 804M->804M(6144M) 568.440ms
[115.873s][info][gc,metaspace] GC(56) Metaspace: 101130K(115008K)->101130K(115008K) NonClass: 72444K(78400K)->72444K(78400K) Class: 28685K(36608K)->28685K(36608K)
[115.873s][info][gc          ] GC(56) Pause Full (System.gc()) 804M->804M(6144M) 563.181ms
[116.421s][info][gc,metaspace] GC(57) Metaspace: 101130K(115008K)->101130K(115008K) NonClass: 72444K(78400K)->72444K(78400K) Class: 28685K(36608K)->28685K(36608K)
[116.421s][info][gc          ] GC(57) Pause Full (System.gc()) 804M->804M(6144M) 547.240ms
[117.005s][info][gc,metaspace] GC(58) Metaspace: 101130K(115008K)->101130K(115008K) NonClass: 72444K(78400K)->72444K(78400K) Class: 28685K(36608K)->28685K(36608K)
[117.005s][info][gc          ] GC(58) Pause Full (System.gc()) 804M->804M(6144M) 583.831ms
[117.630s][info][gc,metaspace] GC(59) Metaspace: 101130K(115008K)->101130K(115008K) NonClass: 72444K(78400K)->72444K(78400K) Class: 28685K(36608K)->28685K(36608K)
[117.630s][info][gc          ] GC(59) Pause Full (System.gc()) 804M->804M(6144M) 624.757ms
[118.197s][info][gc,metaspace] GC(60) Metaspace: 101130K(115008K)->101130K(115008K) NonClass: 72444K(78400K)->72444K(78400K) Class: 28685K(36608K)->28685K(36608K)
[118.197s][info][gc          ] GC(60) Pause Full (System.gc()) 804M->804M(6144M) 567.718ms
[118.808s][info][gc,metaspace] GC(61) Metaspace: 101130K(115008K)->101130K(115008K) NonClass: 72444K(78400K)->72444K(78400K) Class: 28685K(36608K)->28685K(36608K)
[118.808s][info][gc          ] GC(61) Pause Full (System.gc()) 804M->804M(6144M) 610.829ms
[119.373s][info][gc,metaspace] GC(62) Metaspace: 101130K(115008K)->101130K(115008K) NonClass: 72444K(78400K)->72444K(78400K) Class: 28685K(36608K)->28685K(36608K)
[119.373s][info][gc          ] GC(62) Pause Full (System.gc()) 804M->804M(6144M) 564.156ms
[119.932s][info][gc,metaspace] GC(63) Metaspace: 101130K(115008K)->101130K(115008K) NonClass: 72444K(78400K)->72444K(78400K) Class: 28685K(36608K)->28685K(36608K)
[119.932s][info][gc          ] GC(63) Pause Full (System.gc()) 804M->804M(6144M) 559.100ms
[120.485s][info][gc,metaspace] GC(64) Metaspace: 101130K(115008K)->101130K(115008K) NonClass: 72444K(78400K)->72444K(78400K) Class: 28685K(36608K)->28685K(36608K)
[120.485s][info][gc          ] GC(64) Pause Full (System.gc()) 804M->804M(6144M) 553.321ms
[121.059s][info][gc,metaspace] GC(65) Metaspace: 101130K(115008K)->101130K(115008K) NonClass: 72444K(78400K)->72444K(78400K) Class: 28685K(36608K)->28685K(36608K)
[121.059s][info][gc          ] GC(65) Pause Full (System.gc()) 804M->804M(6144M) 573.451ms
[121.629s][info][gc,metaspace] GC(66) Metaspace: 101130K(115008K)->101130K(115008K) NonClass: 72444K(78400K)->72444K(78400K) Class: 28685K(36608K)->28685K(36608K)
[121.629s][info][gc          ] GC(66) Pause Full (System.gc()) 804M->804M(6144M) 569.682ms
[122.193s][info][gc,metaspace] GC(67) Metaspace: 101130K(115008K)->101130K(115008K) NonClass: 72444K(78400K)->72444K(78400K) Class: 28685K(36608K)->28685K(36608K)
[122.193s][info][gc          ] GC(67) Pause Full (System.gc()) 804M->804M(6144M) 564.135ms
[122.747s][info][gc,metaspace] GC(68) Metaspace: 101130K(115008K)->101130K(115008K) NonClass: 72444K(78400K)->72444K(78400K) Class: 28685K(36608K)->28685K(36608K)
[122.747s][info][gc          ] GC(68) Pause Full (System.gc()) 804M->804M(6144M) 554.166ms
[123.305s][info][gc,metaspace] GC(69) Metaspace: 101130K(115008K)->101130K(115008K) NonClass: 72444K(78400K)->72444K(78400K) Class: 28685K(36608K)->28685K(36608K)
[123.305s][info][gc          ] GC(69) Pause Full (System.gc()) 805M->804M(6144M) 557.463ms
[123.882s][info][gc,metaspace] GC(70) Metaspace: 101130K(115008K)->101130K(115008K) NonClass: 72444K(78400K)->72444K(78400K) Class: 28685K(36608K)->28685K(36608K)
[123.882s][info][gc          ] GC(70) Pause Full (System.gc()) 804M->804M(6144M) 577.072ms
[124.469s][info][gc,metaspace] GC(71) Metaspace: 101130K(115008K)->101130K(115008K) NonClass: 72444K(78400K)->72444K(78400K) Class: 28685K(36608K)->28685K(36608K)
[124.469s][info][gc          ] GC(71) Pause Full (System.gc()) 804M->804M(6144M) 587.269ms
[125.030s][info][gc,metaspace] GC(72) Metaspace: 101130K(115008K)->101130K(115008K) NonClass: 72444K(78400K)->72444K(78400K) Class: 28685K(36608K)->28685K(36608K)
[125.030s][info][gc          ] GC(72) Pause Full (System.gc()) 804M->804M(6144M) 560.736ms
[125.588s][info][gc,metaspace] GC(73) Metaspace: 101130K(115008K)->101130K(115008K) NonClass: 72444K(78400K)->72444K(78400K) Class: 28685K(36608K)->28685K(36608K)
[125.588s][info][gc          ] GC(73) Pause Full (System.gc()) 804M->804M(6144M) 553.604ms
[126.139s][info][gc,metaspace] GC(74) Metaspace: 101130K(115008K)->101130K(115008K) NonClass: 72444K(78400K)->72444K(78400K) Class: 28685K(36608K)->28685K(36608K)
[126.139s][info][gc          ] GC(74) Pause Full (System.gc()) 804M->804M(6144M) 551.227ms
[126.684s][info][gc,metaspace] GC(75) Metaspace: 101130K(115008K)->101130K(115008K) NonClass: 72444K(78400K)->72444K(78400K) Class: 28685K(36608K)->28685K(36608K)
[126.684s][info][gc          ] GC(75) Pause Full (System.gc()) 804M->804M(6144M) 544.226ms
[127.242s][info][gc,metaspace] GC(76) Metaspace: 101130K(115008K)->101130K(115008K) NonClass: 72444K(78400K)->72444K(78400K) Class: 28685K(36608K)->28685K(36608K)
[127.242s][info][gc          ] GC(76) Pause Full (System.gc()) 804M->804M(6144M) 558.064ms
[127.794s][info][gc,metaspace] GC(77) Metaspace: 101130K(115008K)->101130K(115008K) NonClass: 72444K(78400K)->72444K(78400K) Class: 28685K(36608K)->28685K(36608K)
[127.794s][info][gc          ] GC(77) Pause Full (System.gc()) 804M->804M(6144M) 552.018ms
[128.353s][info][gc,metaspace] GC(78) Metaspace: 101130K(115008K)->101130K(115008K) NonClass: 72444K(78400K)->72444K(78400K) Class: 28685K(36608K)->28685K(36608K)
[128.353s][info][gc          ] GC(78) Pause Full (System.gc()) 804M->804M(6144M) 559.210ms
[128.905s][info][gc,metaspace] GC(79) Metaspace: 101130K(115008K)->101130K(115008K) NonClass: 72444K(78400K)->72444K(78400K) Class: 28685K(36608K)->28685K(36608K)
[128.905s][info][gc          ] GC(79) Pause Full (System.gc()) 804M->804M(6144M) 551.521ms
[129.479s][info][gc,metaspace] GC(80) Metaspace: 101130K(115008K)->101130K(115008K) NonClass: 72444K(78400K)->72444K(78400K) Class: 28685K(36608K)->28685K(36608K)
[129.479s][info][gc          ] GC(80) Pause Full (System.gc()) 804M->804M(6144M) 574.215ms
[130.066s][info][gc,metaspace] GC(81) Metaspace: 101130K(115008K)->101130K(115008K) NonClass: 72444K(78400K)->72444K(78400K) Class: 28685K(36608K)->28685K(36608K)
[130.066s][info][gc          ] GC(81) Pause Full (System.gc()) 804M->804M(6144M) 587.094ms
[130.635s][info][gc,metaspace] GC(82) Metaspace: 101130K(115008K)->101130K(115008K) NonClass: 72444K(78400K)->72444K(78400K) Class: 28685K(36608K)->28685K(36608K)
[130.635s][info][gc          ] GC(82) Pause Full (System.gc()) 804M->804M(6144M) 564.379ms
[131.215s][info][gc,metaspace] GC(83) Metaspace: 101130K(115008K)->101130K(115008K) NonClass: 72444K(78400K)->72444K(78400K) Class: 28685K(36608K)->28685K(36608K)
[131.215s][info][gc          ] GC(83) Pause Full (System.gc()) 804M->804M(6144M) 580.240ms
[131.773s][info][gc,metaspace] GC(84) Metaspace: 101130K(115008K)->101130K(115008K) NonClass: 72444K(78400K)->72444K(78400K) Class: 28685K(36608K)->28685K(36608K)
[131.773s][info][gc          ] GC(84) Pause Full (System.gc()) 804M->804M(6144M) 557.744ms
[132.356s][info][gc,metaspace] GC(85) Metaspace: 101130K(115008K)->101130K(115008K) NonClass: 72444K(78400K)->72444K(78400K) Class: 28685K(36608K)->28685K(36608K)
[132.356s][info][gc          ] GC(85) Pause Full (System.gc()) 804M->804M(6144M) 582.848ms
[132.981s][info][gc,metaspace] GC(86) Metaspace: 101130K(115008K)->101130K(115008K) NonClass: 72444K(78400K)->72444K(78400K) Class: 28685K(36608K)->28685K(36608K)
[132.981s][info][gc          ] GC(86) Pause Full (System.gc()) 804M->804M(6144M) 624.288ms
[133.574s][info][gc,metaspace] GC(87) Metaspace: 101130K(115008K)->101130K(115008K) NonClass: 72444K(78400K)->72444K(78400K) Class: 28685K(36608K)->28685K(36608K)
[133.574s][info][gc          ] GC(87) Pause Full (System.gc()) 804M->804M(6144M) 592.826ms
[134.129s][info][gc,metaspace] GC(88) Metaspace: 101130K(115008K)->101130K(115008K) NonClass: 72444K(78400K)->72444K(78400K) Class: 28685K(36608K)->28685K(36608K)
[134.129s][info][gc          ] GC(88) Pause Full (System.gc()) 804M->804M(6144M) 555.443ms
[134.709s][info][gc,metaspace] GC(89) Metaspace: 101130K(115008K)->101130K(115008K) NonClass: 72444K(78400K)->72444K(78400K) Class: 28685K(36608K)->28685K(36608K)
[134.709s][info][gc          ] GC(89) Pause Full (System.gc()) 804M->804M(6144M) 579.409ms
[135.296s][info][gc,metaspace] GC(90) Metaspace: 101130K(115008K)->101130K(115008K) NonClass: 72444K(78400K)->72444K(78400K) Class: 28685K(36608K)->28685K(36608K)
[135.296s][info][gc          ] GC(90) Pause Full (System.gc()) 804M->804M(6144M) 587.637ms
[135.860s][info][gc,metaspace] GC(91) Metaspace: 101130K(115008K)->101130K(115008K) NonClass: 72444K(78400K)->72444K(78400K) Class: 28685K(36608K)->28685K(36608K)
[135.860s][info][gc          ] GC(91) Pause Full (System.gc()) 804M->804M(6144M) 559.009ms
[136.420s][info][gc,metaspace] GC(92) Metaspace: 101130K(115008K)->101130K(115008K) NonClass: 72444K(78400K)->72444K(78400K) Class: 28685K(36608K)->28685K(36608K)
[136.420s][info][gc          ] GC(92) Pause Full (System.gc()) 804M->804M(6144M) 559.722ms
[137.010s][info][gc,metaspace] GC(93) Metaspace: 101130K(115008K)->101130K(115008K) NonClass: 72444K(78400K)->72444K(78400K) Class: 28685K(36608K)->28685K(36608K)
[137.010s][info][gc          ] GC(93) Pause Full (System.gc()) 804M->804M(6144M) 590.750ms
[137.580s][info][gc,metaspace] GC(94) Metaspace: 101130K(115008K)->101130K(115008K) NonClass: 72444K(78400K)->72444K(78400K) Class: 28685K(36608K)->28685K(36608K)
[137.580s][info][gc          ] GC(94) Pause Full (System.gc()) 804M->804M(6144M) 569.725ms
[138.140s][info][gc,metaspace] GC(95) Metaspace: 101130K(115008K)->101130K(115008K) NonClass: 72444K(78400K)->72444K(78400K) Class: 28685K(36608K)->28685K(36608K)
[138.140s][info][gc          ] GC(95) Pause Full (System.gc()) 804M->804M(6144M) 559.220ms
[138.687s][info][gc,metaspace] GC(96) Metaspace: 101130K(115008K)->101130K(115008K) NonClass: 72444K(78400K)->72444K(78400K) Class: 28685K(36608K)->28685K(36608K)
[138.687s][info][gc          ] GC(96) Pause Full (System.gc()) 804M->804M(6144M) 547.767ms
[139.260s][info][gc,metaspace] GC(97) Metaspace: 101130K(115008K)->101130K(115008K) NonClass: 72444K(78400K)->72444K(78400K) Class: 28685K(36608K)->28685K(36608K)
[139.260s][info][gc          ] GC(97) Pause Full (System.gc()) 804M->804M(6144M) 572.495ms
[139.808s][info][gc,metaspace] GC(98) Metaspace: 101130K(115008K)->101130K(115008K) NonClass: 72444K(78400K)->72444K(78400K) Class: 28685K(36608K)->28685K(36608K)
[139.808s][info][gc          ] GC(98) Pause Full (System.gc()) 804M->804M(6144M) 547.991ms
[140.377s][info][gc,metaspace] GC(99) Metaspace: 101130K(115008K)->101130K(115008K) NonClass: 72444K(78400K)->72444K(78400K) Class: 28685K(36608K)->28685K(36608K)
[140.377s][info][gc          ] GC(99) Pause Full (System.gc()) 804M->804M(6144M) 569.071ms
[140.953s][info][gc,metaspace] GC(100) Metaspace: 101130K(115008K)->101130K(115008K) NonClass: 72444K(78400K)->72444K(78400K) Class: 28685K(36608K)->28685K(36608K)
[140.953s][info][gc          ] GC(100) Pause Full (System.gc()) 804M->804M(6144M) 570.994ms
[141.507s][info][gc,metaspace] GC(101) Metaspace: 101130K(115008K)->101130K(115008K) NonClass: 72444K(78400K)->72444K(78400K) Class: 28685K(36608K)->28685K(36608K)
[141.507s][info][gc          ] GC(101) Pause Full (System.gc()) 804M->804M(6144M) 553.941ms
[142.135s][info][gc,metaspace] GC(102) Metaspace: 101130K(115008K)->101130K(115008K) NonClass: 72444K(78400K)->72444K(78400K) Class: 28685K(36608K)->28685K(36608K)
[142.135s][info][gc          ] GC(102) Pause Full (System.gc()) 804M->804M(6144M) 627.937ms
[142.713s][info][gc,metaspace] GC(103) Metaspace: 101130K(115008K)->101130K(115008K) NonClass: 72444K(78400K)->72444K(78400K) Class: 28685K(36608K)->28685K(36608K)
[142.713s][info][gc          ] GC(103) Pause Full (System.gc()) 804M->804M(6144M) 578.198ms
[143.290s][info][gc,metaspace] GC(104) Metaspace: 101130K(115008K)->101130K(115008K) NonClass: 72444K(78400K)->72444K(78400K) Class: 28685K(36608K)->28685K(36608K)
[143.290s][info][gc          ] GC(104) Pause Full (System.gc()) 804M->804M(6144M) 576.710ms
[143.857s][info][gc,metaspace] GC(105) Metaspace: 101130K(115008K)->101130K(115008K) NonClass: 72444K(78400K)->72444K(78400K) Class: 28685K(36608K)->28685K(36608K)
[143.857s][info][gc          ] GC(105) Pause Full (System.gc()) 804M->804M(6144M) 567.226ms
[144.415s][info][gc,metaspace] GC(106) Metaspace: 101130K(115008K)->101130K(115008K) NonClass: 72444K(78400K)->72444K(78400K) Class: 28685K(36608K)->28685K(36608K)
[144.415s][info][gc          ] GC(106) Pause Full (System.gc()) 804M->804M(6144M) 557.974ms
[144.967s][info][gc,metaspace] GC(107) Metaspace: 101130K(115008K)->101130K(115008K) NonClass: 72444K(78400K)->72444K(78400K) Class: 28685K(36608K)->28685K(36608K)
[144.967s][info][gc          ] GC(107) Pause Full (System.gc()) 804M->804M(6144M) 551.283ms
[145.544s][info][gc,metaspace] GC(108) Metaspace: 101130K(115008K)->101130K(115008K) NonClass: 72444K(78400K)->72444K(78400K) Class: 28685K(36608K)->28685K(36608K)
[145.544s][info][gc          ] GC(108) Pause Full (System.gc()) 804M->804M(6144M) 570.240ms
[146.114s][info][gc,metaspace] GC(109) Metaspace: 101130K(115008K)->101130K(115008K) NonClass: 72444K(78400K)->72444K(78400K) Class: 28685K(36608K)->28685K(36608K)
[146.114s][info][gc          ] GC(109) Pause Full (System.gc()) 804M->804M(6144M) 569.224ms
[146.675s][info][gc,metaspace] GC(110) Metaspace: 101130K(115008K)->101130K(115008K) NonClass: 72444K(78400K)->72444K(78400K) Class: 28685K(36608K)->28685K(36608K)
[146.675s][info][gc          ] GC(110) Pause Full (System.gc()) 804M->804M(6144M) 561.341ms
[147.235s][info][gc,metaspace] GC(111) Metaspace: 101130K(115008K)->101130K(115008K) NonClass: 72444K(78400K)->72444K(78400K) Class: 28685K(36608K)->28685K(36608K)
[147.235s][info][gc          ] GC(111) Pause Full (System.gc()) 804M->804M(6144M) 559.769ms
[147.808s][info][gc,metaspace] GC(112) Metaspace: 101130K(115008K)->101130K(115008K) NonClass: 72444K(78400K)->72444K(78400K) Class: 28685K(36608K)->28685K(36608K)
[147.808s][info][gc          ] GC(112) Pause Full (System.gc()) 804M->804M(6144M) 572.991ms
[148.367s][info][gc,metaspace] GC(113) Metaspace: 101130K(115008K)->101130K(115008K) NonClass: 72444K(78400K)->72444K(78400K) Class: 28685K(36608K)->28685K(36608K)
[148.367s][info][gc          ] GC(113) Pause Full (System.gc()) 804M->804M(6144M) 558.960ms
[148.942s][info][gc,metaspace] GC(114) Metaspace: 101130K(115008K)->101130K(115008K) NonClass: 72444K(78400K)->72444K(78400K) Class: 28685K(36608K)->28685K(36608K)
[148.942s][info][gc          ] GC(114) Pause Full (System.gc()) 804M->804M(6144M) 574.907ms
[149.560s][info][gc,metaspace] GC(115) Metaspace: 101130K(115008K)->101130K(115008K) NonClass: 72444K(78400K)->72444K(78400K) Class: 28685K(36608K)->28685K(36608K)
[149.560s][info][gc          ] GC(115) Pause Full (System.gc()) 804M->804M(6144M) 617.402ms
[150.161s][info][gc,metaspace] GC(116) Metaspace: 101130K(115008K)->101130K(115008K) NonClass: 72444K(78400K)->72444K(78400K) Class: 28685K(36608K)->28685K(36608K)
[150.161s][info][gc          ] GC(116) Pause Full (System.gc()) 804M->804M(6144M) 601.410ms
[150.774s][info][gc,metaspace] GC(117) Metaspace: 101130K(115008K)->101130K(115008K) NonClass: 72444K(78400K)->72444K(78400K) Class: 28685K(36608K)->28685K(36608K)
[150.774s][info][gc          ] GC(117) Pause Full (System.gc()) 804M->804M(6144M) 612.756ms
[151.333s][info][gc,metaspace] GC(118) Metaspace: 101130K(115008K)->101130K(115008K) NonClass: 72444K(78400K)->72444K(78400K) Class: 28685K(36608K)->28685K(36608K)
[151.333s][info][gc          ] GC(118) Pause Full (System.gc()) 804M->804M(6144M) 554.999ms
[151.935s][info][gc,metaspace] GC(119) Metaspace: 101130K(115008K)->101130K(115008K) NonClass: 72444K(78400K)->72444K(78400K) Class: 28685K(36608K)->28685K(36608K)
[151.935s][info][gc          ] GC(119) Pause Full (System.gc()) 804M->804M(6144M) 601.538ms
[152.500s][info][gc,metaspace] GC(120) Metaspace: 101130K(115008K)->101130K(115008K) NonClass: 72444K(78400K)->72444K(78400K) Class: 28685K(36608K)->28685K(36608K)
[152.500s][info][gc          ] GC(120) Pause Full (System.gc()) 804M->804M(6144M) 564.596ms
[153.077s][info][gc,metaspace] GC(121) Metaspace: 101130K(115008K)->101130K(115008K) NonClass: 72444K(78400K)->72444K(78400K) Class: 28685K(36608K)->28685K(36608K)
[153.077s][info][gc          ] GC(121) Pause Full (System.gc()) 804M->804M(6144M) 576.780ms
[153.627s][info][gc,metaspace] GC(122) Metaspace: 101130K(115008K)->101130K(115008K) NonClass: 72444K(78400K)->72444K(78400K) Class: 28685K(36608K)->28685K(36608K)
[153.627s][info][gc          ] GC(122) Pause Full (System.gc()) 804M->804M(6144M) 550.780ms
[154.194s][info][gc,metaspace] GC(123) Metaspace: 101130K(115008K)->101130K(115008K) NonClass: 72444K(78400K)->72444K(78400K) Class: 28685K(36608K)->28685K(36608K)
[154.194s][info][gc          ] GC(123) Pause Full (System.gc()) 804M->804M(6144M) 566.493ms
[154.743s][info][gc,metaspace] GC(124) Metaspace: 101130K(115008K)->101130K(115008K) NonClass: 72444K(78400K)->72444K(78400K) Class: 28685K(36608K)->28685K(36608K)
[154.743s][info][gc          ] GC(124) Pause Full (System.gc()) 804M->804M(6144M) 549.345ms
[155.300s][info][gc,metaspace] GC(125) Metaspace: 101130K(115008K)->101130K(115008K) NonClass: 72444K(78400K)->72444K(78400K) Class: 28685K(36608K)->28685K(36608K)
[155.300s][info][gc          ] GC(125) Pause Full (System.gc()) 804M->804M(6144M) 556.892ms
[155.912s][info][gc,metaspace] GC(126) Metaspace: 101130K(115008K)->101130K(115008K) NonClass: 72444K(78400K)->72444K(78400K) Class: 28685K(36608K)->28685K(36608K)
[155.912s][info][gc          ] GC(126) Pause Full (System.gc()) 804M->804M(6144M) 611.902ms
[156.491s][info][gc,metaspace] GC(127) Metaspace: 101130K(115008K)->101130K(115008K) NonClass: 72444K(78400K)->72444K(78400K) Class: 28685K(36608K)->28685K(36608K)
[156.491s][info][gc          ] GC(127) Pause Full (System.gc()) 804M->804M(6144M) 574.036ms
[157.080s][info][gc,metaspace] GC(128) Metaspace: 101130K(115008K)->101130K(115008K) NonClass: 72444K(78400K)->72444K(78400K) Class: 28685K(36608K)->28685K(36608K)
[157.081s][info][gc          ] GC(128) Pause Full (System.gc()) 804M->804M(6144M) 589.469ms
[157.699s][info][gc,metaspace] GC(129) Metaspace: 101130K(115008K)->101130K(115008K) NonClass: 72444K(78400K)->72444K(78400K) Class: 28685K(36608K)->28685K(36608K)
[157.699s][info][gc          ] GC(129) Pause Full (System.gc()) 804M->804M(6144M) 618.531ms
[158.270s][info][gc,metaspace] GC(130) Metaspace: 101130K(115008K)->101130K(115008K) NonClass: 72444K(78400K)->72444K(78400K) Class: 28685K(36608K)->28685K(36608K)
[158.270s][info][gc          ] GC(130) Pause Full (System.gc()) 804M->804M(6144M) 570.772ms
[158.833s][info][gc,metaspace] GC(131) Metaspace: 101130K(115008K)->101130K(115008K) NonClass: 72444K(78400K)->72444K(78400K) Class: 28685K(36608K)->28685K(36608K)
[158.833s][info][gc          ] GC(131) Pause Full (System.gc()) 804M->804M(6144M) 563.000ms
[159.395s][info][gc,metaspace] GC(132) Metaspace: 101130K(115008K)->101130K(115008K) NonClass: 72444K(78400K)->72444K(78400K) Class: 28685K(36608K)->28685K(36608K)
[159.395s][info][gc          ] GC(132) Pause Full (System.gc()) 804M->804M(6144M) 561.715ms
[159.981s][info][gc,metaspace] GC(133) Metaspace: 101130K(115008K)->101130K(115008K) NonClass: 72444K(78400K)->72444K(78400K) Class: 28685K(36608K)->28685K(36608K)
[159.981s][info][gc          ] GC(133) Pause Full (System.gc()) 804M->804M(6144M) 585.588ms
[160.563s][info][gc,metaspace] GC(134) Metaspace: 101130K(115008K)->101130K(115008K) NonClass: 72444K(78400K)->72444K(78400K) Class: 28685K(36608K)->28685K(36608K)
[160.563s][info][gc          ] GC(134) Pause Full (System.gc()) 804M->804M(6144M) 582.036ms
[161.125s][info][gc,metaspace] GC(135) Metaspace: 101130K(115008K)->101130K(115008K) NonClass: 72444K(78400K)->72444K(78400K) Class: 28685K(36608K)->28685K(36608K)
[161.125s][info][gc          ] GC(135) Pause Full (System.gc()) 804M->804M(6144M) 562.461ms
[161.680s][info][gc,metaspace] GC(136) Metaspace: 101130K(115008K)->101130K(115008K) NonClass: 72444K(78400K)->72444K(78400K) Class: 28685K(36608K)->28685K(36608K)
[161.680s][info][gc          ] GC(136) Pause Full (System.gc()) 804M->804M(6144M) 550.677ms
After GCs... 
