[0.001s][info][metaspace]  - commit_granule_bytes: 65536.
[0.001s][info][metaspace]  - commit_granule_words: 8192.
[0.001s][info][metaspace]  - virtual_space_node_default_size: 8388608.
[0.001s][info][metaspace]  - enlarge_chunks_in_place: 1.
[0.001s][info][metaspace]  - use_allocation_guard: 0.
[0.003s][info][gc       ] Using G1
[0.415s][info][metaspace] Reserving compressed class space anywhere
[0.420s][info][gc,metaspace] CDS archive(s) not mapped
[0.420s][info][gc,metaspace] Compressed class space mapped at: 0x000000003f000000-0x00000000ff000000, reserved size: 3221225472
[0.420s][info][gc,metaspace] UseCompressedClassPointers 1, UseCompactObjectHeaders 1, narrow klass pointer bits 22, max shift 10
[0.420s][info][gc,metaspace] Narrow klass base: 0x000000003f000000, Narrow klass shift: 10, Narrow klass range: 0xc0000000
Num Classes: 16384
Num Objects per Class: 4096
Cycles: 100
Class association: random
Generate 16384 classes...[1.435s][info][gc,metaspace] GC(0) Metaspace: 21747K(22080K)->21747K(22080K) NonClass: 18033K(18240K)->18033K(18240K) Class: 3713K(3840K)->3713K(3840K)
[1.435s][info][gc          ] GC(0) Pause Young (Normal) (G1 Evacuation Pause) 304M->4M(6144M) 4.409ms
[1.793s][info][gc,metaspace] GC(1) Metaspace: 22020K(22336K)->22020K(22336K) NonClass: 18306K(18496K)->18306K(18496K) Class: 3713K(3840K)->3713K(3840K)
[1.793s][info][gc          ] GC(1) Pause Young (Normal) (G1 Evacuation Pause) 300M->4M(6144M) 3.999ms
[2.079s][info][gc,metaspace] GC(2) Metaspace: 22195K(22464K)->22195K(22464K) NonClass: 18481K(18624K)->18481K(18624K) Class: 3713K(3840K)->3713K(3840K)
[2.079s][info][gc          ] GC(2) Pause Young (Normal) (G1 Evacuation Pause) 300M->4M(6144M) 4.032ms
[2.360s][info][gc,metaspace] GC(3) Metaspace: 22466K(22784K)->22466K(22784K) NonClass: 18752K(18944K)->18752K(18944K) Class: 3713K(3840K)->3713K(3840K)
[2.360s][info][gc          ] GC(3) Pause Young (Normal) (G1 Evacuation Pause) 300M->4M(6144M) 4.271ms
[2.626s][info][gc,metaspace] GC(4) Metaspace: 22548K(22848K)->22548K(22848K) NonClass: 18832K(19008K)->18832K(19008K) Class: 3715K(3840K)->3715K(3840K)
[2.626s][info][gc          ] GC(4) Pause Young (Normal) (G1 Evacuation Pause) 300M->4M(6144M) 4.729ms
[2.918s][info][gc,metaspace] GC(5) Metaspace: 22631K(22912K)->22631K(22912K) NonClass: 18914K(19072K)->18914K(19072K) Class: 3716K(3840K)->3716K(3840K)
[2.918s][info][gc          ] GC(5) Pause Young (Normal) (G1 Evacuation Pause) 344M->4M(6144M) 5.334ms
[3.277s][info][gc,metaspace] GC(6) Metaspace: 23304K(23616K)->23304K(23616K) NonClass: 19587K(19776K)->19587K(19776K) Class: 3716K(3840K)->3716K(3840K)
[3.277s][info][gc          ] GC(6) Pause Young (Normal) (G1 Evacuation Pause) 360M->4M(6144M) 53.681ms
[3.619s][info][gc,metaspace] GC(7) Metaspace: 23344K(23680K)->23344K(23680K) NonClass: 19627K(19840K)->19627K(19840K) Class: 3716K(3840K)->3716K(3840K)
[3.619s][info][gc          ] GC(7) Pause Young (Normal) (G1 Evacuation Pause) 420M->4M(6144M) 4.750ms
[4.053s][info][gc,metaspace] GC(8) Metaspace: 23366K(23680K)->23366K(23680K) NonClass: 19649K(19840K)->19649K(19840K) Class: 3716K(3840K)->3716K(3840K)
[4.053s][info][gc          ] GC(8) Pause Young (Normal) (G1 Evacuation Pause) 472M->4M(6144M) 5.295ms
[4.531s][info][gc,metaspace] GC(9) Metaspace: 23382K(23744K)->23382K(23744K) NonClass: 19665K(19904K)->19665K(19904K) Class: 3716K(3840K)->3716K(3840K)
[4.531s][info][gc          ] GC(9) Pause Young (Normal) (G1 Evacuation Pause) 548M->5M(6144M) 5.002ms
[5.016s][info][gc,metaspace] GC(10) Metaspace: 23409K(23744K)->23409K(23744K) NonClass: 19692K(19904K)->19692K(19904K) Class: 3716K(3840K)->3716K(3840K)
[5.016s][info][gc          ] GC(10) Pause Young (Normal) (G1 Evacuation Pause) 633M->5M(6144M) 4.215ms
[5.956s][info][gc,metaspace] GC(11) Metaspace: 23416K(23744K)->23416K(23744K) NonClass: 19699K(19904K)->19699K(19904K) Class: 3716K(3840K)->3716K(3840K)
[5.956s][info][gc          ] GC(11) Pause Young (Normal) (G1 Evacuation Pause) 741M->4M(6144M) 5.699ms
[7.132s][info][gc,metaspace] GC(12) Metaspace: 23480K(23808K)->23480K(23808K) NonClass: 19763K(19968K)->19763K(19968K) Class: 3716K(3840K)->3716K(3840K)
[7.132s][info][gc          ] GC(12) Pause Young (Normal) (G1 Evacuation Pause) 852M->5M(6144M) 4.101ms
[7.918s][info][gc,metaspace] GC(13) Metaspace: 23518K(23808K)->23518K(23808K) NonClass: 19801K(19968K)->19801K(19968K) Class: 3716K(3840K)->3716K(3840K)
[7.918s][info][gc          ] GC(13) Pause Young (Normal) (G1 Evacuation Pause) 1005M->6M(6144M) 5.243ms
[8.989s][info][gc,metaspace] GC(14) Metaspace: 23585K(23872K)->23585K(23872K) NonClass: 19867K(20032K)->19867K(20032K) Class: 3717K(3840K)->3717K(3840K)
[8.989s][info][gc          ] GC(14) Pause Young (Normal) (G1 Evacuation Pause) 1150M->6M(6144M) 5.252ms
[10.006s][info][gc,metaspace] GC(15) Metaspace: 23661K(24000K)->23661K(24000K) NonClass: 19943K(20160K)->19943K(20160K) Class: 3717K(3840K)->3717K(3840K)
[10.006s][info][gc          ] GC(15) Pause Young (Normal) (G1 Evacuation Pause) 1314M->7M(6144M) 6.357ms
[11.054s][info][gc,metaspace] GC(16) Metaspace: 23671K(24000K)->23671K(24000K) NonClass: 19952K(20160K)->19952K(20160K) Class: 3718K(3840K)->3718K(3840K)
[11.054s][info][gc          ] GC(16) Pause Young (Normal) (G1 Evacuation Pause) 1447M->7M(6144M) 2.295ms
[12.306s][info][gc,metaspace] GC(17) Metaspace: 23671K(24000K)->23671K(24000K) NonClass: 19952K(20160K)->19952K(20160K) Class: 3718K(3840K)->3718K(3840K)
[12.306s][info][gc          ] GC(17) Pause Young (Normal) (G1 Evacuation Pause) 1683M->8M(6144M) 1.959ms
[13.653s][info][gc,metaspace] GC(18) Metaspace: 23671K(24000K)->23671K(24000K) NonClass: 19952K(20160K)->19952K(20160K) Class: 3718K(3840K)->3718K(3840K)
[13.653s][info][gc          ] GC(18) Pause Young (Normal) (G1 Evacuation Pause) 1916M->8M(6144M) 1.939ms
[15.210s][info][gc,metaspace] GC(19) Metaspace: 23671K(24000K)->23671K(24000K) NonClass: 19952K(20160K)->19952K(20160K) Class: 3718K(3840K)->3718K(3840K)
[15.210s][info][gc          ] GC(19) Pause Young (Normal) (G1 Evacuation Pause) 2224M->9M(6144M) 2.254ms
[17.017s][info][gc,metaspace] GC(20) Metaspace: 23671K(24000K)->23671K(24000K) NonClass: 19952K(20160K)->19952K(20160K) Class: 3718K(3840K)->3718K(3840K)
[17.018s][info][gc          ] GC(20) Pause Young (Normal) (G1 Evacuation Pause) 2517M->9M(6144M) 2.393ms
[19.125s][info][gc,metaspace] GC(21) Metaspace: 23671K(24000K)->23671K(24000K) NonClass: 19952K(20160K)->19952K(20160K) Class: 3718K(3840K)->3718K(3840K)
[19.125s][info][gc          ] GC(21) Pause Young (Normal) (G1 Evacuation Pause) 2853M->10M(6144M) 2.346ms
[21.635s][info][gc,metaspace] GC(22) Metaspace: 23671K(24000K)->23671K(24000K) NonClass: 19952K(20160K)->19952K(20160K) Class: 3718K(3840K)->3718K(3840K)
[21.635s][info][gc          ] GC(22) Pause Young (Normal) (G1 Evacuation Pause) 3210M->11M(6144M) 2.677ms
[24.159s][info][gc,metaspace] GC(23) Metaspace: 23671K(24000K)->23671K(24000K) NonClass: 19952K(20160K)->19952K(20160K) Class: 3718K(3840K)->3718K(3840K)
[24.159s][info][gc          ] GC(23) Pause Young (Normal) (G1 Evacuation Pause) 3559M->12M(6144M) 3.075ms
[26.743s][info][gc,metaspace] GC(24) Metaspace: 23671K(24000K)->23671K(24000K) NonClass: 19952K(20160K)->19952K(20160K) Class: 3718K(3840K)->3718K(3840K)
[26.743s][info][gc          ] GC(24) Pause Young (Normal) (G1 Evacuation Pause) 3684M->12M(6144M) 2.632ms
[29.318s][info][gc,metaspace] GC(25) Metaspace: 23671K(24000K)->23671K(24000K) NonClass: 19952K(20160K)->19952K(20160K) Class: 3718K(3840K)->3718K(3840K)
[29.318s][info][gc          ] GC(25) Pause Young (Normal) (G1 Evacuation Pause) 3688M->14M(6144M) 3.015ms
[31.836s][info][gc,metaspace] GC(26) Metaspace: 23671K(24000K)->23671K(24000K) NonClass: 19952K(20160K)->19952K(20160K) Class: 3718K(3840K)->3718K(3840K)
[31.836s][info][gc          ] GC(26) Pause Young (Normal) (G1 Evacuation Pause) 3686M->15M(6144M) 3.363ms
[34.393s][info][gc,metaspace] GC(27) Metaspace: 23671K(24000K)->23671K(24000K) NonClass: 19952K(20160K)->19952K(20160K) Class: 3718K(3840K)->3718K(3840K)
[34.393s][info][gc          ] GC(27) Pause Young (Normal) (G1 Evacuation Pause) 3687M->17M(6144M) 3.401ms
[36.902s][info][gc,metaspace] GC(28) Metaspace: 23671K(24000K)->23671K(24000K) NonClass: 19952K(20160K)->19952K(20160K) Class: 3718K(3840K)->3718K(3840K)
[36.902s][info][gc          ] GC(28) Pause Young (Normal) (G1 Evacuation Pause) 3685M->17M(6144M) 3.632ms
[39.448s][info][gc,metaspace] GC(29) Metaspace: 23671K(24000K)->23671K(24000K) NonClass: 19952K(20160K)->19952K(20160K) Class: 3718K(3840K)->3718K(3840K)
[39.448s][info][gc          ] GC(29) Pause Young (Normal) (G1 Evacuation Pause) 3689M->17M(6144M) 3.329ms
[42.189s][info][gc,metaspace] GC(30) Metaspace: 23671K(24000K)->23671K(24000K) NonClass: 19952K(20160K)->19952K(20160K) Class: 3718K(3840K)->3718K(3840K)
[42.189s][info][gc          ] GC(30) Pause Young (Normal) (G1 Evacuation Pause) 3685M->19M(6144M) 3.231ms
[44.724s][info][gc,metaspace] GC(31) Metaspace: 23671K(24000K)->23671K(24000K) NonClass: 19952K(20160K)->19952K(20160K) Class: 3718K(3840K)->3718K(3840K)
[44.724s][info][gc          ] GC(31) Pause Young (Normal) (G1 Evacuation Pause) 3687M->20M(6144M) 3.707ms

Loading 16384...[46.924s][info][gc,metaspace] GC(32) Metaspace: 48259K(48576K)->48259K(48576K) NonClass: 28157K(28352K)->28157K(28352K) Class: 20102K(20224K)->20102K(20224K)
[46.924s][info][gc          ] GC(32) Pause Full (System.gc()) 2878M->21M(6144M) 26.948ms
Creating 4096 objects per class...[55.064s][info][gc,metaspace] GC(33) Metaspace: 92305K(107840K)->92305K(107840K) NonClass: 63625K(71232K)->63625K(71232K) Class: 28680K(36608K)->28680K(36608K)
[55.064s][info][gc          ] GC(33) Pause Young (Concurrent Start) (CodeCache GC Threshold) 883M->349M(6144M) 65.816ms
[55.064s][info][gc          ] GC(34) Concurrent Mark Cycle
[55.285s][info][gc          ] GC(34) Pause Remark 351M->351M(6144M) 14.168ms
[55.338s][info][gc          ] GC(34) Pause Cleanup 351M->351M(6144M) 0.037ms
[55.344s][info][gc          ] GC(34) Concurrent Mark Cycle 280.633ms
[79.171s][info][gc,metaspace] GC(35) Metaspace: 101128K(115008K)->101128K(115008K) NonClass: 72447K(78400K)->72447K(78400K) Class: 28680K(36608K)->28680K(36608K)
[79.172s][info][gc          ] GC(35) Pause Young (Prepare Mixed) (G1 Evacuation Pause) 585M->587M(6144M) 305.465ms

Done; will start GCs... 
[103.392s][info][gc,metaspace] GC(36) Metaspace: 101128K(115008K)->101128K(115008K) NonClass: 72447K(78400K)->72447K(78400K) Class: 28680K(36608K)->28680K(36608K)
[103.392s][info][gc          ] GC(36) Pause Full (System.gc()) 815M->804M(6144M) 950.648ms
[104.279s][info][gc,metaspace] GC(37) Metaspace: 101128K(115008K)->101128K(115008K) NonClass: 72447K(78400K)->72447K(78400K) Class: 28680K(36608K)->28680K(36608K)
[104.280s][info][gc          ] GC(37) Pause Full (System.gc()) 804M->804M(6144M) 887.458ms
[105.215s][info][gc,metaspace] GC(38) Metaspace: 101128K(115008K)->101128K(115008K) NonClass: 72447K(78400K)->72447K(78400K) Class: 28680K(36608K)->28680K(36608K)
[105.215s][info][gc          ] GC(38) Pause Full (System.gc()) 804M->804M(6144M) 935.664ms
[106.064s][info][gc,metaspace] GC(39) Metaspace: 101128K(115008K)->101128K(115008K) NonClass: 72447K(78400K)->72447K(78400K) Class: 28680K(36608K)->28680K(36608K)
[106.064s][info][gc          ] GC(39) Pause Full (System.gc()) 804M->804M(6144M) 848.895ms
[106.946s][info][gc,metaspace] GC(40) Metaspace: 101128K(115008K)->101128K(115008K) NonClass: 72447K(78400K)->72447K(78400K) Class: 28680K(36608K)->28680K(36608K)
[106.946s][info][gc          ] GC(40) Pause Full (System.gc()) 804M->804M(6144M) 881.623ms
[107.873s][info][gc,metaspace] GC(41) Metaspace: 101128K(115008K)->101128K(115008K) NonClass: 72447K(78400K)->72447K(78400K) Class: 28680K(36608K)->28680K(36608K)
[107.873s][info][gc          ] GC(41) Pause Full (System.gc()) 804M->804M(6144M) 926.443ms
[108.767s][info][gc,metaspace] GC(42) Metaspace: 101128K(115008K)->101128K(115008K) NonClass: 72447K(78400K)->72447K(78400K) Class: 28680K(36608K)->28680K(36608K)
[108.767s][info][gc          ] GC(42) Pause Full (System.gc()) 804M->804M(6144M) 890.143ms
[109.681s][info][gc,metaspace] GC(43) Metaspace: 101128K(115008K)->101128K(115008K) NonClass: 72447K(78400K)->72447K(78400K) Class: 28680K(36608K)->28680K(36608K)
[109.681s][info][gc          ] GC(43) Pause Full (System.gc()) 804M->804M(6144M) 914.091ms
[110.590s][info][gc,metaspace] GC(44) Metaspace: 101128K(115008K)->101128K(115008K) NonClass: 72447K(78400K)->72447K(78400K) Class: 28680K(36608K)->28680K(36608K)
[110.590s][info][gc          ] GC(44) Pause Full (System.gc()) 804M->804M(6144M) 908.859ms
[111.493s][info][gc,metaspace] GC(45) Metaspace: 101128K(115008K)->101128K(115008K) NonClass: 72447K(78400K)->72447K(78400K) Class: 28680K(36608K)->28680K(36608K)
[111.493s][info][gc          ] GC(45) Pause Full (System.gc()) 804M->804M(6144M) 902.910ms
[112.405s][info][gc,metaspace] GC(46) Metaspace: 101128K(115008K)->101128K(115008K) NonClass: 72447K(78400K)->72447K(78400K) Class: 28680K(36608K)->28680K(36608K)
[112.405s][info][gc          ] GC(46) Pause Full (System.gc()) 804M->804M(6144M) 911.262ms
[113.251s][info][gc,metaspace] GC(47) Metaspace: 101128K(115008K)->101128K(115008K) NonClass: 72447K(78400K)->72447K(78400K) Class: 28680K(36608K)->28680K(36608K)
[113.251s][info][gc          ] GC(47) Pause Full (System.gc()) 804M->804M(6144M) 846.410ms
[114.229s][info][gc,metaspace] GC(48) Metaspace: 101128K(115008K)->101128K(115008K) NonClass: 72447K(78400K)->72447K(78400K) Class: 28680K(36608K)->28680K(36608K)
[114.229s][info][gc          ] GC(48) Pause Full (System.gc()) 804M->804M(6144M) 952.849ms
[115.146s][info][gc,metaspace] GC(49) Metaspace: 101128K(115008K)->101128K(115008K) NonClass: 72447K(78400K)->72447K(78400K) Class: 28680K(36608K)->28680K(36608K)
[115.146s][info][gc          ] GC(49) Pause Full (System.gc()) 804M->804M(6144M) 916.368ms
[116.025s][info][gc,metaspace] GC(50) Metaspace: 101128K(115008K)->101128K(115008K) NonClass: 72447K(78400K)->72447K(78400K) Class: 28680K(36608K)->28680K(36608K)
[116.025s][info][gc          ] GC(50) Pause Full (System.gc()) 804M->804M(6144M) 879.256ms
[116.913s][info][gc,metaspace] GC(51) Metaspace: 101128K(115008K)->101128K(115008K) NonClass: 72447K(78400K)->72447K(78400K) Class: 28680K(36608K)->28680K(36608K)
[116.914s][info][gc          ] GC(51) Pause Full (System.gc()) 804M->804M(6144M) 888.266ms
[117.801s][info][gc,metaspace] GC(52) Metaspace: 101128K(115008K)->101128K(115008K) NonClass: 72447K(78400K)->72447K(78400K) Class: 28680K(36608K)->28680K(36608K)
[117.801s][info][gc          ] GC(52) Pause Full (System.gc()) 804M->804M(6144M) 887.656ms
[118.702s][info][gc,metaspace] GC(53) Metaspace: 101128K(115008K)->101128K(115008K) NonClass: 72447K(78400K)->72447K(78400K) Class: 28680K(36608K)->28680K(36608K)
[118.702s][info][gc          ] GC(53) Pause Full (System.gc()) 804M->804M(6144M) 901.037ms
[119.599s][info][gc,metaspace] GC(54) Metaspace: 101128K(115008K)->101128K(115008K) NonClass: 72447K(78400K)->72447K(78400K) Class: 28680K(36608K)->28680K(36608K)
[119.599s][info][gc          ] GC(54) Pause Full (System.gc()) 804M->804M(6144M) 896.283ms
[120.490s][info][gc,metaspace] GC(55) Metaspace: 101128K(115008K)->101128K(115008K) NonClass: 72447K(78400K)->72447K(78400K) Class: 28680K(36608K)->28680K(36608K)
[120.490s][info][gc          ] GC(55) Pause Full (System.gc()) 804M->804M(6144M) 890.642ms
[121.381s][info][gc,metaspace] GC(56) Metaspace: 101128K(115008K)->101128K(115008K) NonClass: 72447K(78400K)->72447K(78400K) Class: 28680K(36608K)->28680K(36608K)
[121.381s][info][gc          ] GC(56) Pause Full (System.gc()) 804M->804M(6144M) 891.489ms
[122.261s][info][gc,metaspace] GC(57) Metaspace: 101128K(115008K)->101128K(115008K) NonClass: 72447K(78400K)->72447K(78400K) Class: 28680K(36608K)->28680K(36608K)
[122.261s][info][gc          ] GC(57) Pause Full (System.gc()) 804M->804M(6144M) 879.595ms
[123.143s][info][gc,metaspace] GC(58) Metaspace: 101128K(115008K)->101128K(115008K) NonClass: 72447K(78400K)->72447K(78400K) Class: 28680K(36608K)->28680K(36608K)
[123.143s][info][gc          ] GC(58) Pause Full (System.gc()) 804M->804M(6144M) 881.859ms
[124.029s][info][gc,metaspace] GC(59) Metaspace: 101128K(115008K)->101128K(115008K) NonClass: 72447K(78400K)->72447K(78400K) Class: 28680K(36608K)->28680K(36608K)
[124.029s][info][gc          ] GC(59) Pause Full (System.gc()) 805M->804M(6144M) 886.139ms
[124.922s][info][gc,metaspace] GC(60) Metaspace: 101128K(115008K)->101128K(115008K) NonClass: 72447K(78400K)->72447K(78400K) Class: 28680K(36608K)->28680K(36608K)
[124.922s][info][gc          ] GC(60) Pause Full (System.gc()) 804M->804M(6144M) 888.254ms
[125.801s][info][gc,metaspace] GC(61) Metaspace: 101128K(115008K)->101128K(115008K) NonClass: 72447K(78400K)->72447K(78400K) Class: 28680K(36608K)->28680K(36608K)
[125.801s][info][gc          ] GC(61) Pause Full (System.gc()) 804M->804M(6144M) 879.321ms
[126.692s][info][gc,metaspace] GC(62) Metaspace: 101128K(115008K)->101128K(115008K) NonClass: 72447K(78400K)->72447K(78400K) Class: 28680K(36608K)->28680K(36608K)
[126.693s][info][gc          ] GC(62) Pause Full (System.gc()) 804M->804M(6144M) 891.205ms
[127.651s][info][gc,metaspace] GC(63) Metaspace: 101128K(115008K)->101128K(115008K) NonClass: 72447K(78400K)->72447K(78400K) Class: 28680K(36608K)->28680K(36608K)
[127.651s][info][gc          ] GC(63) Pause Full (System.gc()) 804M->804M(6144M) 958.454ms
[128.590s][info][gc,metaspace] GC(64) Metaspace: 101128K(115008K)->101128K(115008K) NonClass: 72447K(78400K)->72447K(78400K) Class: 28680K(36608K)->28680K(36608K)
[128.590s][info][gc          ] GC(64) Pause Full (System.gc()) 804M->804M(6144M) 938.471ms
[129.533s][info][gc,metaspace] GC(65) Metaspace: 101128K(115008K)->101128K(115008K) NonClass: 72447K(78400K)->72447K(78400K) Class: 28680K(36608K)->28680K(36608K)
[129.533s][info][gc          ] GC(65) Pause Full (System.gc()) 804M->804M(6144M) 942.816ms
[130.438s][info][gc,metaspace] GC(66) Metaspace: 101128K(115008K)->101128K(115008K) NonClass: 72447K(78400K)->72447K(78400K) Class: 28680K(36608K)->28680K(36608K)
[130.438s][info][gc          ] GC(66) Pause Full (System.gc()) 804M->804M(6144M) 904.898ms
[131.380s][info][gc,metaspace] GC(67) Metaspace: 101128K(115008K)->101128K(115008K) NonClass: 72447K(78400K)->72447K(78400K) Class: 28680K(36608K)->28680K(36608K)
[131.380s][info][gc          ] GC(67) Pause Full (System.gc()) 804M->804M(6144M) 941.826ms
[132.263s][info][gc,metaspace] GC(68) Metaspace: 101128K(115008K)->101128K(115008K) NonClass: 72447K(78400K)->72447K(78400K) Class: 28680K(36608K)->28680K(36608K)
[132.263s][info][gc          ] GC(68) Pause Full (System.gc()) 804M->804M(6144M) 883.349ms
[133.138s][info][gc,metaspace] GC(69) Metaspace: 101128K(115008K)->101128K(115008K) NonClass: 72447K(78400K)->72447K(78400K) Class: 28680K(36608K)->28680K(36608K)
[133.139s][info][gc          ] GC(69) Pause Full (System.gc()) 804M->804M(6144M) 875.391ms
[134.009s][info][gc,metaspace] GC(70) Metaspace: 101128K(115008K)->101128K(115008K) NonClass: 72447K(78400K)->72447K(78400K) Class: 28680K(36608K)->28680K(36608K)
[134.009s][info][gc          ] GC(70) Pause Full (System.gc()) 804M->804M(6144M) 870.136ms
[134.952s][info][gc,metaspace] GC(71) Metaspace: 101128K(115008K)->101128K(115008K) NonClass: 72447K(78400K)->72447K(78400K) Class: 28680K(36608K)->28680K(36608K)
[134.952s][info][gc          ] GC(71) Pause Full (System.gc()) 804M->804M(6144M) 943.565ms
[135.861s][info][gc,metaspace] GC(72) Metaspace: 101128K(115008K)->101128K(115008K) NonClass: 72447K(78400K)->72447K(78400K) Class: 28680K(36608K)->28680K(36608K)
[135.861s][info][gc          ] GC(72) Pause Full (System.gc()) 804M->804M(6144M) 904.530ms
[136.819s][info][gc,metaspace] GC(73) Metaspace: 101128K(115008K)->101128K(115008K) NonClass: 72447K(78400K)->72447K(78400K) Class: 28680K(36608K)->28680K(36608K)
[136.819s][info][gc          ] GC(73) Pause Full (System.gc()) 804M->804M(6144M) 957.782ms
[137.672s][info][gc,metaspace] GC(74) Metaspace: 101128K(115008K)->101128K(115008K) NonClass: 72447K(78400K)->72447K(78400K) Class: 28680K(36608K)->28680K(36608K)
[137.672s][info][gc          ] GC(74) Pause Full (System.gc()) 804M->804M(6144M) 853.146ms
[138.594s][info][gc,metaspace] GC(75) Metaspace: 101128K(115008K)->101128K(115008K) NonClass: 72447K(78400K)->72447K(78400K) Class: 28680K(36608K)->28680K(36608K)
[138.594s][info][gc          ] GC(75) Pause Full (System.gc()) 804M->804M(6144M) 921.636ms
[139.470s][info][gc,metaspace] GC(76) Metaspace: 101128K(115008K)->101128K(115008K) NonClass: 72447K(78400K)->72447K(78400K) Class: 28680K(36608K)->28680K(36608K)
[139.470s][info][gc          ] GC(76) Pause Full (System.gc()) 804M->804M(6144M) 875.362ms
[140.354s][info][gc,metaspace] GC(77) Metaspace: 101128K(115008K)->101128K(115008K) NonClass: 72447K(78400K)->72447K(78400K) Class: 28680K(36608K)->28680K(36608K)
[140.354s][info][gc          ] GC(77) Pause Full (System.gc()) 804M->804M(6144M) 884.333ms
[141.252s][info][gc,metaspace] GC(78) Metaspace: 101128K(115008K)->101128K(115008K) NonClass: 72447K(78400K)->72447K(78400K) Class: 28680K(36608K)->28680K(36608K)
[141.252s][info][gc          ] GC(78) Pause Full (System.gc()) 804M->804M(6144M) 893.224ms
[142.185s][info][gc,metaspace] GC(79) Metaspace: 101128K(115008K)->101128K(115008K) NonClass: 72447K(78400K)->72447K(78400K) Class: 28680K(36608K)->28680K(36608K)
[142.186s][info][gc          ] GC(79) Pause Full (System.gc()) 804M->804M(6144M) 933.618ms
[143.111s][info][gc,metaspace] GC(80) Metaspace: 101128K(115008K)->101128K(115008K) NonClass: 72447K(78400K)->72447K(78400K) Class: 28680K(36608K)->28680K(36608K)
[143.111s][info][gc          ] GC(80) Pause Full (System.gc()) 804M->804M(6144M) 924.935ms
[143.971s][info][gc,metaspace] GC(81) Metaspace: 101128K(115008K)->101128K(115008K) NonClass: 72447K(78400K)->72447K(78400K) Class: 28680K(36608K)->28680K(36608K)
[143.971s][info][gc          ] GC(81) Pause Full (System.gc()) 804M->804M(6144M) 860.551ms
[144.858s][info][gc,metaspace] GC(82) Metaspace: 101128K(115008K)->101128K(115008K) NonClass: 72447K(78400K)->72447K(78400K) Class: 28680K(36608K)->28680K(36608K)
[144.858s][info][gc          ] GC(82) Pause Full (System.gc()) 804M->804M(6144M) 886.313ms
[145.800s][info][gc,metaspace] GC(83) Metaspace: 101128K(115008K)->101128K(115008K) NonClass: 72447K(78400K)->72447K(78400K) Class: 28680K(36608K)->28680K(36608K)
[145.800s][info][gc          ] GC(83) Pause Full (System.gc()) 804M->804M(6144M) 942.130ms
[146.698s][info][gc,metaspace] GC(84) Metaspace: 101128K(115008K)->101128K(115008K) NonClass: 72447K(78400K)->72447K(78400K) Class: 28680K(36608K)->28680K(36608K)
[146.698s][info][gc          ] GC(84) Pause Full (System.gc()) 804M->804M(6144M) 894.106ms
[147.590s][info][gc,metaspace] GC(85) Metaspace: 101128K(115008K)->101128K(115008K) NonClass: 72447K(78400K)->72447K(78400K) Class: 28680K(36608K)->28680K(36608K)
[147.590s][info][gc          ] GC(85) Pause Full (System.gc()) 804M->804M(6144M) 891.141ms
[148.480s][info][gc,metaspace] GC(86) Metaspace: 101128K(115008K)->101128K(115008K) NonClass: 72447K(78400K)->72447K(78400K) Class: 28680K(36608K)->28680K(36608K)
[148.480s][info][gc          ] GC(86) Pause Full (System.gc()) 804M->804M(6144M) 889.944ms
[149.388s][info][gc,metaspace] GC(87) Metaspace: 101128K(115008K)->101128K(115008K) NonClass: 72447K(78400K)->72447K(78400K) Class: 28680K(36608K)->28680K(36608K)
[149.388s][info][gc          ] GC(87) Pause Full (System.gc()) 804M->804M(6144M) 907.897ms
[150.258s][info][gc,metaspace] GC(88) Metaspace: 101128K(115008K)->101128K(115008K) NonClass: 72447K(78400K)->72447K(78400K) Class: 28680K(36608K)->28680K(36608K)
[150.258s][info][gc          ] GC(88) Pause Full (System.gc()) 804M->804M(6144M) 870.343ms
[151.132s][info][gc,metaspace] GC(89) Metaspace: 101128K(115008K)->101128K(115008K) NonClass: 72447K(78400K)->72447K(78400K) Class: 28680K(36608K)->28680K(36608K)
[151.132s][info][gc          ] GC(89) Pause Full (System.gc()) 804M->804M(6144M) 873.528ms
[151.982s][info][gc,metaspace] GC(90) Metaspace: 101128K(115008K)->101128K(115008K) NonClass: 72447K(78400K)->72447K(78400K) Class: 28680K(36608K)->28680K(36608K)
[151.982s][info][gc          ] GC(90) Pause Full (System.gc()) 804M->804M(6144M) 845.848ms
[152.825s][info][gc,metaspace] GC(91) Metaspace: 101128K(115008K)->101128K(115008K) NonClass: 72447K(78400K)->72447K(78400K) Class: 28680K(36608K)->28680K(36608K)
[152.825s][info][gc          ] GC(91) Pause Full (System.gc()) 804M->804M(6144M) 842.758ms
[153.717s][info][gc,metaspace] GC(92) Metaspace: 101128K(115008K)->101128K(115008K) NonClass: 72447K(78400K)->72447K(78400K) Class: 28680K(36608K)->28680K(36608K)
[153.717s][info][gc          ] GC(92) Pause Full (System.gc()) 804M->804M(6144M) 892.011ms
[154.626s][info][gc,metaspace] GC(93) Metaspace: 101128K(115008K)->101128K(115008K) NonClass: 72447K(78400K)->72447K(78400K) Class: 28680K(36608K)->28680K(36608K)
[154.626s][info][gc          ] GC(93) Pause Full (System.gc()) 804M->804M(6144M) 908.880ms
[155.570s][info][gc,metaspace] GC(94) Metaspace: 101128K(115008K)->101128K(115008K) NonClass: 72447K(78400K)->72447K(78400K) Class: 28680K(36608K)->28680K(36608K)
[155.570s][info][gc          ] GC(94) Pause Full (System.gc()) 804M->804M(6144M) 943.843ms
[156.459s][info][gc,metaspace] GC(95) Metaspace: 101128K(115008K)->101128K(115008K) NonClass: 72447K(78400K)->72447K(78400K) Class: 28680K(36608K)->28680K(36608K)
[156.459s][info][gc          ] GC(95) Pause Full (System.gc()) 804M->804M(6144M) 888.582ms
[157.282s][info][gc,metaspace] GC(96) Metaspace: 101128K(115008K)->101128K(115008K) NonClass: 72447K(78400K)->72447K(78400K) Class: 28680K(36608K)->28680K(36608K)
[157.282s][info][gc          ] GC(96) Pause Full (System.gc()) 804M->804M(6144M) 823.572ms
[158.147s][info][gc,metaspace] GC(97) Metaspace: 101128K(115008K)->101128K(115008K) NonClass: 72447K(78400K)->72447K(78400K) Class: 28680K(36608K)->28680K(36608K)
[158.147s][info][gc          ] GC(97) Pause Full (System.gc()) 804M->804M(6144M) 864.261ms
[159.043s][info][gc,metaspace] GC(98) Metaspace: 101128K(115008K)->101128K(115008K) NonClass: 72447K(78400K)->72447K(78400K) Class: 28680K(36608K)->28680K(36608K)
[159.043s][info][gc          ] GC(98) Pause Full (System.gc()) 804M->804M(6144M) 895.812ms
[159.919s][info][gc,metaspace] GC(99) Metaspace: 101128K(115008K)->101128K(115008K) NonClass: 72447K(78400K)->72447K(78400K) Class: 28680K(36608K)->28680K(36608K)
[159.919s][info][gc          ] GC(99) Pause Full (System.gc()) 804M->804M(6144M) 876.086ms
[160.780s][info][gc,metaspace] GC(100) Metaspace: 101128K(115008K)->101128K(115008K) NonClass: 72447K(78400K)->72447K(78400K) Class: 28680K(36608K)->28680K(36608K)
[160.780s][info][gc          ] GC(100) Pause Full (System.gc()) 804M->804M(6144M) 861.472ms
[161.634s][info][gc,metaspace] GC(101) Metaspace: 101128K(115008K)->101128K(115008K) NonClass: 72447K(78400K)->72447K(78400K) Class: 28680K(36608K)->28680K(36608K)
[161.634s][info][gc          ] GC(101) Pause Full (System.gc()) 804M->804M(6144M) 853.476ms
[162.562s][info][gc,metaspace] GC(102) Metaspace: 101128K(115008K)->101128K(115008K) NonClass: 72447K(78400K)->72447K(78400K) Class: 28680K(36608K)->28680K(36608K)
[162.562s][info][gc          ] GC(102) Pause Full (System.gc()) 804M->804M(6144M) 928.030ms
[163.451s][info][gc,metaspace] GC(103) Metaspace: 101128K(115008K)->101128K(115008K) NonClass: 72447K(78400K)->72447K(78400K) Class: 28680K(36608K)->28680K(36608K)
[163.451s][info][gc          ] GC(103) Pause Full (System.gc()) 804M->804M(6144M) 889.078ms
[164.313s][info][gc,metaspace] GC(104) Metaspace: 101128K(115008K)->101128K(115008K) NonClass: 72447K(78400K)->72447K(78400K) Class: 28680K(36608K)->28680K(36608K)
[164.313s][info][gc          ] GC(104) Pause Full (System.gc()) 804M->804M(6144M) 861.648ms
[165.153s][info][gc,metaspace] GC(105) Metaspace: 101128K(115008K)->101128K(115008K) NonClass: 72447K(78400K)->72447K(78400K) Class: 28680K(36608K)->28680K(36608K)
[165.153s][info][gc          ] GC(105) Pause Full (System.gc()) 804M->804M(6144M) 839.823ms
[166.081s][info][gc,metaspace] GC(106) Metaspace: 101128K(115008K)->101128K(115008K) NonClass: 72447K(78400K)->72447K(78400K) Class: 28680K(36608K)->28680K(36608K)
[166.081s][info][gc          ] GC(106) Pause Full (System.gc()) 804M->804M(6144M) 927.634ms
[166.993s][info][gc,metaspace] GC(107) Metaspace: 101128K(115008K)->101128K(115008K) NonClass: 72447K(78400K)->72447K(78400K) Class: 28680K(36608K)->28680K(36608K)
[166.997s][info][gc          ] GC(107) Pause Full (System.gc()) 804M->804M(6144M) 916.559ms
[167.870s][info][gc,metaspace] GC(108) Metaspace: 101128K(115008K)->101128K(115008K) NonClass: 72447K(78400K)->72447K(78400K) Class: 28680K(36608K)->28680K(36608K)
[167.870s][info][gc          ] GC(108) Pause Full (System.gc()) 804M->804M(6144M) 872.479ms
[168.729s][info][gc,metaspace] GC(109) Metaspace: 101128K(115008K)->101128K(115008K) NonClass: 72447K(78400K)->72447K(78400K) Class: 28680K(36608K)->28680K(36608K)
[168.729s][info][gc          ] GC(109) Pause Full (System.gc()) 804M->804M(6144M) 858.841ms
[169.639s][info][gc,metaspace] GC(110) Metaspace: 101128K(115008K)->101128K(115008K) NonClass: 72447K(78400K)->72447K(78400K) Class: 28680K(36608K)->28680K(36608K)
[169.639s][info][gc          ] GC(110) Pause Full (System.gc()) 804M->804M(6144M) 910.019ms
[170.558s][info][gc,metaspace] GC(111) Metaspace: 101128K(115008K)->101128K(115008K) NonClass: 72447K(78400K)->72447K(78400K) Class: 28680K(36608K)->28680K(36608K)
[170.558s][info][gc          ] GC(111) Pause Full (System.gc()) 804M->804M(6144M) 918.521ms
[171.451s][info][gc,metaspace] GC(112) Metaspace: 101128K(115008K)->101128K(115008K) NonClass: 72447K(78400K)->72447K(78400K) Class: 28680K(36608K)->28680K(36608K)
[171.451s][info][gc          ] GC(112) Pause Full (System.gc()) 804M->804M(6144M) 893.219ms
[172.348s][info][gc,metaspace] GC(113) Metaspace: 101128K(115008K)->101128K(115008K) NonClass: 72447K(78400K)->72447K(78400K) Class: 28680K(36608K)->28680K(36608K)
[172.348s][info][gc          ] GC(113) Pause Full (System.gc()) 804M->804M(6144M) 896.799ms
[173.232s][info][gc,metaspace] GC(114) Metaspace: 101128K(115008K)->101128K(115008K) NonClass: 72447K(78400K)->72447K(78400K) Class: 28680K(36608K)->28680K(36608K)
[173.232s][info][gc          ] GC(114) Pause Full (System.gc()) 804M->804M(6144M) 880.116ms
[174.097s][info][gc,metaspace] GC(115) Metaspace: 101128K(115008K)->101128K(115008K) NonClass: 72447K(78400K)->72447K(78400K) Class: 28680K(36608K)->28680K(36608K)
[174.097s][info][gc          ] GC(115) Pause Full (System.gc()) 804M->804M(6144M) 864.718ms
[174.983s][info][gc,metaspace] GC(116) Metaspace: 101128K(115008K)->101128K(115008K) NonClass: 72447K(78400K)->72447K(78400K) Class: 28680K(36608K)->28680K(36608K)
[174.983s][info][gc          ] GC(116) Pause Full (System.gc()) 804M->804M(6144M) 885.470ms
[175.852s][info][gc,metaspace] GC(117) Metaspace: 101128K(115008K)->101128K(115008K) NonClass: 72447K(78400K)->72447K(78400K) Class: 28680K(36608K)->28680K(36608K)
[175.852s][info][gc          ] GC(117) Pause Full (System.gc()) 804M->804M(6144M) 869.459ms
[176.752s][info][gc,metaspace] GC(118) Metaspace: 101128K(115008K)->101128K(115008K) NonClass: 72447K(78400K)->72447K(78400K) Class: 28680K(36608K)->28680K(36608K)
[176.752s][info][gc          ] GC(118) Pause Full (System.gc()) 804M->804M(6144M) 899.911ms
[177.621s][info][gc,metaspace] GC(119) Metaspace: 101128K(115008K)->101128K(115008K) NonClass: 72447K(78400K)->72447K(78400K) Class: 28680K(36608K)->28680K(36608K)
[177.621s][info][gc          ] GC(119) Pause Full (System.gc()) 804M->804M(6144M) 868.858ms
[178.546s][info][gc,metaspace] GC(120) Metaspace: 101128K(115008K)->101128K(115008K) NonClass: 72447K(78400K)->72447K(78400K) Class: 28680K(36608K)->28680K(36608K)
[178.546s][info][gc          ] GC(120) Pause Full (System.gc()) 804M->804M(6144M) 920.483ms
[179.446s][info][gc,metaspace] GC(121) Metaspace: 101128K(115008K)->101128K(115008K) NonClass: 72447K(78400K)->72447K(78400K) Class: 28680K(36608K)->28680K(36608K)
[179.446s][info][gc          ] GC(121) Pause Full (System.gc()) 804M->804M(6144M) 899.203ms
[180.314s][info][gc,metaspace] GC(122) Metaspace: 101128K(115008K)->101128K(115008K) NonClass: 72447K(78400K)->72447K(78400K) Class: 28680K(36608K)->28680K(36608K)
[180.314s][info][gc          ] GC(122) Pause Full (System.gc()) 804M->804M(6144M) 868.504ms
[181.207s][info][gc,metaspace] GC(123) Metaspace: 101128K(115008K)->101128K(115008K) NonClass: 72447K(78400K)->72447K(78400K) Class: 28680K(36608K)->28680K(36608K)
[181.207s][info][gc          ] GC(123) Pause Full (System.gc()) 804M->804M(6144M) 892.395ms
[182.124s][info][gc,metaspace] GC(124) Metaspace: 101128K(115008K)->101128K(115008K) NonClass: 72447K(78400K)->72447K(78400K) Class: 28680K(36608K)->28680K(36608K)
[182.124s][info][gc          ] GC(124) Pause Full (System.gc()) 804M->804M(6144M) 916.887ms
[182.954s][info][gc,metaspace] GC(125) Metaspace: 101128K(115008K)->101128K(115008K) NonClass: 72447K(78400K)->72447K(78400K) Class: 28680K(36608K)->28680K(36608K)
[182.954s][info][gc          ] GC(125) Pause Full (System.gc()) 804M->804M(6144M) 830.016ms
[183.807s][info][gc,metaspace] GC(126) Metaspace: 101128K(115008K)->101128K(115008K) NonClass: 72447K(78400K)->72447K(78400K) Class: 28680K(36608K)->28680K(36608K)
[183.807s][info][gc          ] GC(126) Pause Full (System.gc()) 804M->804M(6144M) 853.131ms
[184.685s][info][gc,metaspace] GC(127) Metaspace: 101128K(115008K)->101128K(115008K) NonClass: 72447K(78400K)->72447K(78400K) Class: 28680K(36608K)->28680K(36608K)
[184.685s][info][gc          ] GC(127) Pause Full (System.gc()) 804M->804M(6144M) 877.713ms
[185.633s][info][gc,metaspace] GC(128) Metaspace: 101128K(115008K)->101128K(115008K) NonClass: 72447K(78400K)->72447K(78400K) Class: 28680K(36608K)->28680K(36608K)
[185.633s][info][gc          ] GC(128) Pause Full (System.gc()) 804M->804M(6144M) 947.577ms
[186.560s][info][gc,metaspace] GC(129) Metaspace: 101128K(115008K)->101128K(115008K) NonClass: 72447K(78400K)->72447K(78400K) Class: 28680K(36608K)->28680K(36608K)
[186.560s][info][gc          ] GC(129) Pause Full (System.gc()) 805M->804M(6144M) 927.107ms
[187.483s][info][gc,metaspace] GC(130) Metaspace: 101128K(115008K)->101128K(115008K) NonClass: 72447K(78400K)->72447K(78400K) Class: 28680K(36608K)->28680K(36608K)
[187.483s][info][gc          ] GC(130) Pause Full (System.gc()) 804M->804M(6144M) 922.894ms
[188.414s][info][gc,metaspace] GC(131) Metaspace: 101128K(115008K)->101128K(115008K) NonClass: 72447K(78400K)->72447K(78400K) Class: 28680K(36608K)->28680K(36608K)
[188.414s][info][gc          ] GC(131) Pause Full (System.gc()) 804M->804M(6144M) 930.581ms
[189.324s][info][gc,metaspace] GC(132) Metaspace: 101128K(115008K)->101128K(115008K) NonClass: 72447K(78400K)->72447K(78400K) Class: 28680K(36608K)->28680K(36608K)
[189.324s][info][gc          ] GC(132) Pause Full (System.gc()) 804M->804M(6144M) 910.335ms
[190.211s][info][gc,metaspace] GC(133) Metaspace: 101128K(115008K)->101128K(115008K) NonClass: 72447K(78400K)->72447K(78400K) Class: 28680K(36608K)->28680K(36608K)
[190.212s][info][gc          ] GC(133) Pause Full (System.gc()) 804M->804M(6144M) 887.318ms
[191.124s][info][gc,metaspace] GC(134) Metaspace: 101128K(115008K)->101128K(115008K) NonClass: 72447K(78400K)->72447K(78400K) Class: 28680K(36608K)->28680K(36608K)
[191.124s][info][gc          ] GC(134) Pause Full (System.gc()) 804M->804M(6144M) 912.704ms
[191.976s][info][gc,metaspace] GC(135) Metaspace: 101128K(115008K)->101128K(115008K) NonClass: 72447K(78400K)->72447K(78400K) Class: 28680K(36608K)->28680K(36608K)
[191.977s][info][gc          ] GC(135) Pause Full (System.gc()) 804M->804M(6144M) 852.029ms
After GCs... 
