[0.001s][info][metaspace]  - commit_granule_bytes: 65536.
[0.001s][info][metaspace]  - commit_granule_words: 8192.
[0.001s][info][metaspace]  - virtual_space_node_default_size: 8388608.
[0.001s][info][metaspace]  - enlarge_chunks_in_place: 1.
[0.001s][info][metaspace]  - use_allocation_guard: 0.
[0.005s][info][gc       ] Using G1
[0.413s][info][metaspace] Reserving compressed class space anywhere
[0.413s][info][gc,metaspace] CDS archive(s) not mapped
[0.413s][info][gc,metaspace] Compressed class space mapped at: 0x0000000014000000-0x00000000d4000000, reserved size: 3221225472
[0.413s][info][gc,metaspace] UseCompressedClassPointers 1, UseCompactObjectHeaders 1, UseKlassTable 0, narrow klass pointer bits 26, max shift 6
[0.413s][info][gc,metaspace] Narrow klass base: 0x0000000014000000, Narrow klass shift: 6, Narrow klass range: 0xc0000000
Num Classes: 16384
Num Objects per Class: 4096
Cycles: 100
Class association: random
Generate 16384 classes...[1.341s][info][gc,metaspace] GC(0) Metaspace: 22101K(22464K)->22101K(22464K) NonClass: 19640K(19840K)->19640K(19840K) Class: 2460K(2624K)->2460K(2624K)
[1.341s][info][gc          ] GC(0) Pause Young (Normal) (G1 Evacuation Pause) 304M->3M(6144M) 4.834ms
[1.719s][info][gc,metaspace] GC(1) Metaspace: 22393K(22720K)->22393K(22720K) NonClass: 19932K(20096K)->19932K(20096K) Class: 2460K(2624K)->2460K(2624K)
[1.719s][info][gc          ] GC(1) Pause Young (Normal) (G1 Evacuation Pause) 319M->3M(6144M) 3.613ms
[5.044s][info][gc,metaspace] GC(2) Metaspace: 23800K(24192K)->23800K(24192K) NonClass: 21337K(21568K)->21337K(21568K) Class: 2462K(2624K)->2462K(2624K)
[5.044s][info][gc          ] GC(2) Pause Young (Normal) (G1 Evacuation Pause) 3683M->5M(6144M) 6.498ms
[8.076s][info][gc,metaspace] GC(3) Metaspace: 23956K(24320K)->23956K(24320K) NonClass: 21493K(21696K)->21493K(21696K) Class: 2462K(2624K)->2462K(2624K)
[8.076s][info][gc          ] GC(3) Pause Young (Normal) (G1 Evacuation Pause) 3681M->6M(6144M) 6.712ms
[10.910s][info][gc,metaspace] GC(4) Metaspace: 24037K(24384K)->24037K(24384K) NonClass: 21574K(21760K)->21574K(21760K) Class: 2463K(2624K)->2463K(2624K)
[10.910s][info][gc          ] GC(4) Pause Young (Normal) (G1 Evacuation Pause) 3682M->7M(6144M) 6.377ms
[13.633s][info][gc,metaspace] GC(5) Metaspace: 24037K(24384K)->24037K(24384K) NonClass: 21574K(21760K)->21574K(21760K) Class: 2463K(2624K)->2463K(2624K)
[13.633s][info][gc          ] GC(5) Pause Young (Normal) (G1 Evacuation Pause) 3683M->9M(6144M) 5.201ms
[16.438s][info][gc,metaspace] GC(6) Metaspace: 24042K(24384K)->24042K(24384K) NonClass: 21579K(21760K)->21579K(21760K) Class: 2463K(2624K)->2463K(2624K)
[16.438s][info][gc          ] GC(6) Pause Young (Normal) (G1 Evacuation Pause) 3681M->10M(6144M) 7.269ms
[19.310s][info][gc,metaspace] GC(7) Metaspace: 24042K(24384K)->24042K(24384K) NonClass: 21579K(21760K)->21579K(21760K) Class: 2463K(2624K)->2463K(2624K)
[19.310s][info][gc          ] GC(7) Pause Young (Normal) (G1 Evacuation Pause) 3682M->10M(6144M) 5.561ms
[22.174s][info][gc,metaspace] GC(8) Metaspace: 24042K(24384K)->24042K(24384K) NonClass: 21579K(21760K)->21579K(21760K) Class: 2463K(2624K)->2463K(2624K)
[22.174s][info][gc          ] GC(8) Pause Young (Normal) (G1 Evacuation Pause) 3682M->11M(6144M) 6.057ms
[25.134s][info][gc,metaspace] GC(9) Metaspace: 24044K(24384K)->24044K(24384K) NonClass: 21580K(21760K)->21580K(21760K) Class: 2463K(2624K)->2463K(2624K)
[25.134s][info][gc          ] GC(9) Pause Young (Normal) (G1 Evacuation Pause) 3683M->12M(6144M) 5.884ms
[28.479s][info][gc,metaspace] GC(10) Metaspace: 24044K(24384K)->24044K(24384K) NonClass: 21580K(21760K)->21580K(21760K) Class: 2463K(2624K)->2463K(2624K)
[28.479s][info][gc          ] GC(10) Pause Young (Normal) (G1 Evacuation Pause) 3680M->14M(6144M) 6.486ms
[31.174s][info][gc,metaspace] GC(11) Metaspace: 24044K(24384K)->24044K(24384K) NonClass: 21580K(21760K)->21580K(21760K) Class: 2463K(2624K)->2463K(2624K)
[31.174s][info][gc          ] GC(11) Pause Young (Normal) (G1 Evacuation Pause) 3682M->14M(6144M) 6.219ms
[33.867s][info][gc,metaspace] GC(12) Metaspace: 24044K(24384K)->24044K(24384K) NonClass: 21580K(21760K)->21580K(21760K) Class: 2463K(2624K)->2463K(2624K)
[33.871s][info][gc          ] GC(12) Pause Young (Normal) (G1 Evacuation Pause) 3682M->16M(6144M) 11.154ms
[36.505s][info][gc,metaspace] GC(13) Metaspace: 24044K(24384K)->24044K(24384K) NonClass: 21580K(21760K)->21580K(21760K) Class: 2463K(2624K)->2463K(2624K)
[36.505s][info][gc          ] GC(13) Pause Young (Normal) (G1 Evacuation Pause) 3680M->16M(6144M) 6.896ms
[39.185s][info][gc,metaspace] GC(14) Metaspace: 24044K(24384K)->24044K(24384K) NonClass: 21580K(21760K)->21580K(21760K) Class: 2463K(2624K)->2463K(2624K)
[39.185s][info][gc          ] GC(14) Pause Young (Normal) (G1 Evacuation Pause) 3680M->17M(6144M) 7.148ms
[41.764s][info][gc,metaspace] GC(15) Metaspace: 24044K(24384K)->24044K(24384K) NonClass: 21580K(21760K)->21580K(21760K) Class: 2463K(2624K)->2463K(2624K)
[41.764s][info][gc          ] GC(15) Pause Young (Normal) (G1 Evacuation Pause) 3681M->17M(6144M) 6.980ms
[44.438s][info][gc,metaspace] GC(16) Metaspace: 24044K(24384K)->24044K(24384K) NonClass: 21580K(21760K)->21580K(21760K) Class: 2463K(2624K)->2463K(2624K)
[44.438s][info][gc          ] GC(16) Pause Young (Normal) (G1 Evacuation Pause) 3685M->20M(6144M) 4.205ms
[48.707s][info][gc,metaspace] GC(17) Metaspace: 24044K(24384K)->24044K(24384K) NonClass: 21580K(21760K)->21580K(21760K) Class: 2463K(2624K)->2463K(2624K)
[48.707s][info][gc          ] GC(17) Pause Young (Normal) (G1 Evacuation Pause) 3684M->21M(6144M) 4.332ms

Loading 16384...[49.609s][info][gc,metaspace] GC(18) Metaspace: 40856K(41280K)->40856K(41280K) NonClass: 29030K(29248K)->29030K(29248K) Class: 11825K(12032K)->11825K(12032K)
[49.609s][info][gc          ] GC(18) Pause Full (System.gc()) 917M->21M(6144M) 27.399ms
Creating 4096 objects per class...[57.119s][info][gc,metaspace] GC(19) Metaspace: 87007K(103488K)->87007K(103488K) NonClass: 66734K(75072K)->66734K(75072K) Class: 20273K(28416K)->20273K(28416K)
[57.119s][info][gc          ] GC(19) Pause Young (Concurrent Start) (CodeCache GC Threshold) 525M->346M(6144M) 46.569ms
[57.119s][info][gc          ] GC(20) Concurrent Mark Cycle
[57.268s][info][gc          ] GC(20) Pause Remark 348M->348M(6144M) 8.911ms
[57.306s][info][gc          ] GC(20) Pause Cleanup 348M->348M(6144M) 0.099ms
[57.312s][info][gc          ] GC(20) Concurrent Mark Cycle 192.419ms
[82.141s][info][gc,metaspace] GC(21) Metaspace: 99337K(113472K)->99337K(113472K) NonClass: 79064K(85056K)->79064K(85056K) Class: 20273K(28416K)->20273K(28416K)
[82.142s][info][gc          ] GC(21) Pause Young (Prepare Mixed) (G1 Evacuation Pause) 582M->585M(6144M) 231.015ms

Done; will start GCs... 
[106.890s][info][gc,metaspace] GC(22) Metaspace: 99337K(113472K)->99337K(113472K) NonClass: 79064K(85056K)->79064K(85056K) Class: 20273K(28416K)->20273K(28416K)
[106.890s][info][gc          ] GC(22) Pause Full (System.gc()) 815M->804M(6144M) 613.433ms
[107.462s][info][gc,metaspace] GC(23) Metaspace: 99337K(113472K)->99337K(113472K) NonClass: 79064K(85056K)->79064K(85056K) Class: 20273K(28416K)->20273K(28416K)
[107.462s][info][gc          ] GC(23) Pause Full (System.gc()) 804M->804M(6144M) 572.353ms
[108.024s][info][gc,metaspace] GC(24) Metaspace: 99337K(113472K)->99337K(113472K) NonClass: 79064K(85056K)->79064K(85056K) Class: 20273K(28416K)->20273K(28416K)
[108.024s][info][gc          ] GC(24) Pause Full (System.gc()) 804M->804M(6144M) 562.168ms
[108.626s][info][gc,metaspace] GC(25) Metaspace: 99337K(113472K)->99337K(113472K) NonClass: 79064K(85056K)->79064K(85056K) Class: 20273K(28416K)->20273K(28416K)
[108.626s][info][gc          ] GC(25) Pause Full (System.gc()) 804M->804M(6144M) 601.326ms
[109.211s][info][gc,metaspace] GC(26) Metaspace: 99337K(113472K)->99337K(113472K) NonClass: 79064K(85056K)->79064K(85056K) Class: 20273K(28416K)->20273K(28416K)
[109.211s][info][gc          ] GC(26) Pause Full (System.gc()) 804M->804M(6144M) 584.934ms
[109.790s][info][gc,metaspace] GC(27) Metaspace: 99337K(113472K)->99337K(113472K) NonClass: 79064K(85056K)->79064K(85056K) Class: 20273K(28416K)->20273K(28416K)
[109.790s][info][gc          ] GC(27) Pause Full (System.gc()) 804M->804M(6144M) 578.853ms
[110.356s][info][gc,metaspace] GC(28) Metaspace: 99337K(113472K)->99337K(113472K) NonClass: 79064K(85056K)->79064K(85056K) Class: 20273K(28416K)->20273K(28416K)
[110.356s][info][gc          ] GC(28) Pause Full (System.gc()) 804M->804M(6144M) 566.560ms
[110.936s][info][gc,metaspace] GC(29) Metaspace: 99337K(113472K)->99337K(113472K) NonClass: 79064K(85056K)->79064K(85056K) Class: 20273K(28416K)->20273K(28416K)
[110.936s][info][gc          ] GC(29) Pause Full (System.gc()) 804M->804M(6144M) 579.294ms
[111.524s][info][gc,metaspace] GC(30) Metaspace: 99337K(113472K)->99337K(113472K) NonClass: 79064K(85056K)->79064K(85056K) Class: 20273K(28416K)->20273K(28416K)
[111.524s][info][gc          ] GC(30) Pause Full (System.gc()) 804M->804M(6144M) 588.202ms
[112.109s][info][gc,metaspace] GC(31) Metaspace: 99337K(113472K)->99337K(113472K) NonClass: 79064K(85056K)->79064K(85056K) Class: 20273K(28416K)->20273K(28416K)
[112.109s][info][gc          ] GC(31) Pause Full (System.gc()) 804M->804M(6144M) 580.602ms
[112.674s][info][gc,metaspace] GC(32) Metaspace: 99337K(113472K)->99337K(113472K) NonClass: 79064K(85056K)->79064K(85056K) Class: 20273K(28416K)->20273K(28416K)
[112.674s][info][gc          ] GC(32) Pause Full (System.gc()) 804M->804M(6144M) 564.922ms
[113.241s][info][gc,metaspace] GC(33) Metaspace: 99337K(113472K)->99337K(113472K) NonClass: 79064K(85056K)->79064K(85056K) Class: 20273K(28416K)->20273K(28416K)
[113.241s][info][gc          ] GC(33) Pause Full (System.gc()) 804M->804M(6144M) 566.600ms
[113.842s][info][gc,metaspace] GC(34) Metaspace: 99337K(113472K)->99337K(113472K) NonClass: 79064K(85056K)->79064K(85056K) Class: 20273K(28416K)->20273K(28416K)
[113.842s][info][gc          ] GC(34) Pause Full (System.gc()) 804M->804M(6144M) 601.259ms
[114.437s][info][gc,metaspace] GC(35) Metaspace: 99337K(113472K)->99337K(113472K) NonClass: 79064K(85056K)->79064K(85056K) Class: 20273K(28416K)->20273K(28416K)
[114.437s][info][gc          ] GC(35) Pause Full (System.gc()) 804M->804M(6144M) 594.471ms
[115.044s][info][gc,metaspace] GC(36) Metaspace: 99337K(113472K)->99337K(113472K) NonClass: 79064K(85056K)->79064K(85056K) Class: 20273K(28416K)->20273K(28416K)
[115.044s][info][gc          ] GC(36) Pause Full (System.gc()) 804M->804M(6144M) 607.365ms
[115.623s][info][gc,metaspace] GC(37) Metaspace: 99337K(113472K)->99337K(113472K) NonClass: 79064K(85056K)->79064K(85056K) Class: 20273K(28416K)->20273K(28416K)
[115.623s][info][gc          ] GC(37) Pause Full (System.gc()) 804M->804M(6144M) 578.344ms
[116.165s][info][gc,metaspace] GC(38) Metaspace: 99337K(113472K)->99337K(113472K) NonClass: 79064K(85056K)->79064K(85056K) Class: 20273K(28416K)->20273K(28416K)
[116.166s][info][gc          ] GC(38) Pause Full (System.gc()) 804M->804M(6144M) 542.656ms
[116.716s][info][gc,metaspace] GC(39) Metaspace: 99337K(113472K)->99337K(113472K) NonClass: 79064K(85056K)->79064K(85056K) Class: 20273K(28416K)->20273K(28416K)
[116.716s][info][gc          ] GC(39) Pause Full (System.gc()) 804M->804M(6144M) 550.556ms
[117.255s][info][gc,metaspace] GC(40) Metaspace: 99337K(113472K)->99337K(113472K) NonClass: 79064K(85056K)->79064K(85056K) Class: 20273K(28416K)->20273K(28416K)
[117.255s][info][gc          ] GC(40) Pause Full (System.gc()) 804M->804M(6144M) 534.522ms
[117.845s][info][gc,metaspace] GC(41) Metaspace: 99337K(113472K)->99337K(113472K) NonClass: 79064K(85056K)->79064K(85056K) Class: 20273K(28416K)->20273K(28416K)
[117.845s][info][gc          ] GC(41) Pause Full (System.gc()) 804M->804M(6144M) 589.604ms
[118.436s][info][gc,metaspace] GC(42) Metaspace: 99337K(113472K)->99337K(113472K) NonClass: 79064K(85056K)->79064K(85056K) Class: 20273K(28416K)->20273K(28416K)
[118.436s][info][gc          ] GC(42) Pause Full (System.gc()) 804M->804M(6144M) 591.544ms
[118.994s][info][gc,metaspace] GC(43) Metaspace: 99337K(113472K)->99337K(113472K) NonClass: 79064K(85056K)->79064K(85056K) Class: 20273K(28416K)->20273K(28416K)
[118.994s][info][gc          ] GC(43) Pause Full (System.gc()) 804M->804M(6144M) 557.582ms
[119.527s][info][gc,metaspace] GC(44) Metaspace: 99337K(113472K)->99337K(113472K) NonClass: 79064K(85056K)->79064K(85056K) Class: 20273K(28416K)->20273K(28416K)
[119.527s][info][gc          ] GC(44) Pause Full (System.gc()) 804M->804M(6144M) 532.544ms
[120.068s][info][gc,metaspace] GC(45) Metaspace: 99337K(113472K)->99337K(113472K) NonClass: 79064K(85056K)->79064K(85056K) Class: 20273K(28416K)->20273K(28416K)
[120.068s][info][gc          ] GC(45) Pause Full (System.gc()) 804M->804M(6144M) 541.227ms
[120.633s][info][gc,metaspace] GC(46) Metaspace: 99337K(113472K)->99337K(113472K) NonClass: 79064K(85056K)->79064K(85056K) Class: 20273K(28416K)->20273K(28416K)
[120.633s][info][gc          ] GC(46) Pause Full (System.gc()) 804M->804M(6144M) 564.553ms
[121.244s][info][gc,metaspace] GC(47) Metaspace: 99337K(113472K)->99337K(113472K) NonClass: 79064K(85056K)->79064K(85056K) Class: 20273K(28416K)->20273K(28416K)
[121.244s][info][gc          ] GC(47) Pause Full (System.gc()) 804M->804M(6144M) 611.260ms
[121.829s][info][gc,metaspace] GC(48) Metaspace: 99337K(113472K)->99337K(113472K) NonClass: 79064K(85056K)->79064K(85056K) Class: 20273K(28416K)->20273K(28416K)
[121.830s][info][gc          ] GC(48) Pause Full (System.gc()) 804M->804M(6144M) 585.259ms
[122.368s][info][gc,metaspace] GC(49) Metaspace: 99337K(113472K)->99337K(113472K) NonClass: 79064K(85056K)->79064K(85056K) Class: 20273K(28416K)->20273K(28416K)
[122.368s][info][gc          ] GC(49) Pause Full (System.gc()) 804M->804M(6144M) 533.987ms
[122.945s][info][gc,metaspace] GC(50) Metaspace: 99337K(113472K)->99337K(113472K) NonClass: 79064K(85056K)->79064K(85056K) Class: 20273K(28416K)->20273K(28416K)
[122.945s][info][gc          ] GC(50) Pause Full (System.gc()) 804M->804M(6144M) 576.691ms
[123.531s][info][gc,metaspace] GC(51) Metaspace: 99337K(113472K)->99337K(113472K) NonClass: 79064K(85056K)->79064K(85056K) Class: 20273K(28416K)->20273K(28416K)
[123.531s][info][gc          ] GC(51) Pause Full (System.gc()) 805M->804M(6144M) 586.141ms
[124.117s][info][gc,metaspace] GC(52) Metaspace: 99337K(113472K)->99337K(113472K) NonClass: 79064K(85056K)->79064K(85056K) Class: 20273K(28416K)->20273K(28416K)
[124.117s][info][gc          ] GC(52) Pause Full (System.gc()) 804M->804M(6144M) 585.852ms
[124.687s][info][gc,metaspace] GC(53) Metaspace: 99337K(113472K)->99337K(113472K) NonClass: 79064K(85056K)->79064K(85056K) Class: 20273K(28416K)->20273K(28416K)
[124.687s][info][gc          ] GC(53) Pause Full (System.gc()) 804M->804M(6144M) 570.478ms
[125.250s][info][gc,metaspace] GC(54) Metaspace: 99337K(113472K)->99337K(113472K) NonClass: 79064K(85056K)->79064K(85056K) Class: 20273K(28416K)->20273K(28416K)
[125.250s][info][gc          ] GC(54) Pause Full (System.gc()) 804M->804M(6144M) 562.626ms
[125.845s][info][gc,metaspace] GC(55) Metaspace: 99337K(113472K)->99337K(113472K) NonClass: 79064K(85056K)->79064K(85056K) Class: 20273K(28416K)->20273K(28416K)
[125.845s][info][gc          ] GC(55) Pause Full (System.gc()) 804M->804M(6144M) 594.307ms
[126.415s][info][gc,metaspace] GC(56) Metaspace: 99337K(113472K)->99337K(113472K) NonClass: 79064K(85056K)->79064K(85056K) Class: 20273K(28416K)->20273K(28416K)
[126.415s][info][gc          ] GC(56) Pause Full (System.gc()) 804M->804M(6144M) 569.842ms
[126.957s][info][gc,metaspace] GC(57) Metaspace: 99337K(113472K)->99337K(113472K) NonClass: 79064K(85056K)->79064K(85056K) Class: 20273K(28416K)->20273K(28416K)
[126.957s][info][gc          ] GC(57) Pause Full (System.gc()) 804M->804M(6144M) 542.204ms
[127.533s][info][gc,metaspace] GC(58) Metaspace: 99337K(113472K)->99337K(113472K) NonClass: 79064K(85056K)->79064K(85056K) Class: 20273K(28416K)->20273K(28416K)
[127.533s][info][gc          ] GC(58) Pause Full (System.gc()) 804M->804M(6144M) 571.603ms
[128.070s][info][gc,metaspace] GC(59) Metaspace: 99337K(113472K)->99337K(113472K) NonClass: 79064K(85056K)->79064K(85056K) Class: 20273K(28416K)->20273K(28416K)
[128.070s][info][gc          ] GC(59) Pause Full (System.gc()) 804M->804M(6144M) 536.862ms
[128.655s][info][gc,metaspace] GC(60) Metaspace: 99337K(113472K)->99337K(113472K) NonClass: 79064K(85056K)->79064K(85056K) Class: 20273K(28416K)->20273K(28416K)
[128.655s][info][gc          ] GC(60) Pause Full (System.gc()) 804M->804M(6144M) 585.219ms
[129.237s][info][gc,metaspace] GC(61) Metaspace: 99337K(113472K)->99337K(113472K) NonClass: 79064K(85056K)->79064K(85056K) Class: 20273K(28416K)->20273K(28416K)
[129.237s][info][gc          ] GC(61) Pause Full (System.gc()) 804M->804M(6144M) 581.775ms
[129.857s][info][gc,metaspace] GC(62) Metaspace: 99337K(113472K)->99337K(113472K) NonClass: 79064K(85056K)->79064K(85056K) Class: 20273K(28416K)->20273K(28416K)
[129.857s][info][gc          ] GC(62) Pause Full (System.gc()) 804M->804M(6144M) 619.641ms
[130.457s][info][gc,metaspace] GC(63) Metaspace: 99337K(113472K)->99337K(113472K) NonClass: 79064K(85056K)->79064K(85056K) Class: 20273K(28416K)->20273K(28416K)
[130.457s][info][gc          ] GC(63) Pause Full (System.gc()) 804M->804M(6144M) 599.943ms
[131.078s][info][gc,metaspace] GC(64) Metaspace: 99337K(113472K)->99337K(113472K) NonClass: 79064K(85056K)->79064K(85056K) Class: 20273K(28416K)->20273K(28416K)
[131.078s][info][gc          ] GC(64) Pause Full (System.gc()) 804M->804M(6144M) 620.576ms
[131.663s][info][gc,metaspace] GC(65) Metaspace: 99337K(113472K)->99337K(113472K) NonClass: 79064K(85056K)->79064K(85056K) Class: 20273K(28416K)->20273K(28416K)
[131.663s][info][gc          ] GC(65) Pause Full (System.gc()) 804M->804M(6144M) 584.938ms
[132.220s][info][gc,metaspace] GC(66) Metaspace: 99337K(113472K)->99337K(113472K) NonClass: 79064K(85056K)->79064K(85056K) Class: 20273K(28416K)->20273K(28416K)
[132.220s][info][gc          ] GC(66) Pause Full (System.gc()) 804M->804M(6144M) 557.078ms
[132.799s][info][gc,metaspace] GC(67) Metaspace: 99337K(113472K)->99337K(113472K) NonClass: 79064K(85056K)->79064K(85056K) Class: 20273K(28416K)->20273K(28416K)
[132.799s][info][gc          ] GC(67) Pause Full (System.gc()) 804M->804M(6144M) 574.919ms
[133.395s][info][gc,metaspace] GC(68) Metaspace: 99337K(113472K)->99337K(113472K) NonClass: 79064K(85056K)->79064K(85056K) Class: 20273K(28416K)->20273K(28416K)
[133.395s][info][gc          ] GC(68) Pause Full (System.gc()) 804M->804M(6144M) 596.103ms
[133.938s][info][gc,metaspace] GC(69) Metaspace: 99337K(113472K)->99337K(113472K) NonClass: 79064K(85056K)->79064K(85056K) Class: 20273K(28416K)->20273K(28416K)
[133.938s][info][gc          ] GC(69) Pause Full (System.gc()) 804M->804M(6144M) 542.791ms
[134.534s][info][gc,metaspace] GC(70) Metaspace: 99337K(113472K)->99337K(113472K) NonClass: 79064K(85056K)->79064K(85056K) Class: 20273K(28416K)->20273K(28416K)
[134.534s][info][gc          ] GC(70) Pause Full (System.gc()) 804M->804M(6144M) 596.081ms
[135.088s][info][gc,metaspace] GC(71) Metaspace: 99337K(113472K)->99337K(113472K) NonClass: 79064K(85056K)->79064K(85056K) Class: 20273K(28416K)->20273K(28416K)
[135.088s][info][gc          ] GC(71) Pause Full (System.gc()) 804M->804M(6144M) 553.033ms
[135.613s][info][gc,metaspace] GC(72) Metaspace: 99337K(113472K)->99337K(113472K) NonClass: 79064K(85056K)->79064K(85056K) Class: 20273K(28416K)->20273K(28416K)
[135.613s][info][gc          ] GC(72) Pause Full (System.gc()) 804M->804M(6144M) 525.806ms
[136.190s][info][gc,metaspace] GC(73) Metaspace: 99337K(113472K)->99337K(113472K) NonClass: 79064K(85056K)->79064K(85056K) Class: 20273K(28416K)->20273K(28416K)
[136.190s][info][gc          ] GC(73) Pause Full (System.gc()) 804M->804M(6144M) 576.677ms
[136.773s][info][gc,metaspace] GC(74) Metaspace: 99337K(113472K)->99337K(113472K) NonClass: 79064K(85056K)->79064K(85056K) Class: 20273K(28416K)->20273K(28416K)
[136.773s][info][gc          ] GC(74) Pause Full (System.gc()) 804M->804M(6144M) 582.235ms
[137.354s][info][gc,metaspace] GC(75) Metaspace: 99337K(113472K)->99337K(113472K) NonClass: 79064K(85056K)->79064K(85056K) Class: 20273K(28416K)->20273K(28416K)
[137.354s][info][gc          ] GC(75) Pause Full (System.gc()) 804M->804M(6144M) 581.000ms
[137.929s][info][gc,metaspace] GC(76) Metaspace: 99337K(113472K)->99337K(113472K) NonClass: 79064K(85056K)->79064K(85056K) Class: 20273K(28416K)->20273K(28416K)
[137.929s][info][gc          ] GC(76) Pause Full (System.gc()) 804M->804M(6144M) 571.179ms
[138.499s][info][gc,metaspace] GC(77) Metaspace: 99337K(113472K)->99337K(113472K) NonClass: 79064K(85056K)->79064K(85056K) Class: 20273K(28416K)->20273K(28416K)
[138.499s][info][gc          ] GC(77) Pause Full (System.gc()) 804M->804M(6144M) 569.654ms
[139.045s][info][gc,metaspace] GC(78) Metaspace: 99337K(113472K)->99337K(113472K) NonClass: 79064K(85056K)->79064K(85056K) Class: 20273K(28416K)->20273K(28416K)
[139.045s][info][gc          ] GC(78) Pause Full (System.gc()) 804M->804M(6144M) 546.151ms
[139.611s][info][gc,metaspace] GC(79) Metaspace: 99337K(113472K)->99337K(113472K) NonClass: 79064K(85056K)->79064K(85056K) Class: 20273K(28416K)->20273K(28416K)
[139.611s][info][gc          ] GC(79) Pause Full (System.gc()) 804M->804M(6144M) 565.341ms
[140.192s][info][gc,metaspace] GC(80) Metaspace: 99337K(113472K)->99337K(113472K) NonClass: 79064K(85056K)->79064K(85056K) Class: 20273K(28416K)->20273K(28416K)
[140.192s][info][gc          ] GC(80) Pause Full (System.gc()) 804M->804M(6144M) 580.841ms
[140.794s][info][gc,metaspace] GC(81) Metaspace: 99337K(113472K)->99337K(113472K) NonClass: 79064K(85056K)->79064K(85056K) Class: 20273K(28416K)->20273K(28416K)
[140.794s][info][gc          ] GC(81) Pause Full (System.gc()) 804M->804M(6144M) 601.873ms
[141.323s][info][gc,metaspace] GC(82) Metaspace: 99337K(113472K)->99337K(113472K) NonClass: 79064K(85056K)->79064K(85056K) Class: 20273K(28416K)->20273K(28416K)
[141.323s][info][gc          ] GC(82) Pause Full (System.gc()) 804M->804M(6144M) 528.905ms
[141.867s][info][gc,metaspace] GC(83) Metaspace: 99337K(113472K)->99337K(113472K) NonClass: 79064K(85056K)->79064K(85056K) Class: 20273K(28416K)->20273K(28416K)
[141.867s][info][gc          ] GC(83) Pause Full (System.gc()) 804M->804M(6144M) 544.202ms
[142.430s][info][gc,metaspace] GC(84) Metaspace: 99337K(113472K)->99337K(113472K) NonClass: 79064K(85056K)->79064K(85056K) Class: 20273K(28416K)->20273K(28416K)
[142.431s][info][gc          ] GC(84) Pause Full (System.gc()) 804M->804M(6144M) 563.524ms
[143.006s][info][gc,metaspace] GC(85) Metaspace: 99337K(113472K)->99337K(113472K) NonClass: 79064K(85056K)->79064K(85056K) Class: 20273K(28416K)->20273K(28416K)
[143.006s][info][gc          ] GC(85) Pause Full (System.gc()) 804M->804M(6144M) 571.497ms
[143.528s][info][gc,metaspace] GC(86) Metaspace: 99337K(113472K)->99337K(113472K) NonClass: 79064K(85056K)->79064K(85056K) Class: 20273K(28416K)->20273K(28416K)
[143.528s][info][gc          ] GC(86) Pause Full (System.gc()) 804M->804M(6144M) 521.660ms
[144.076s][info][gc,metaspace] GC(87) Metaspace: 99337K(113472K)->99337K(113472K) NonClass: 79064K(85056K)->79064K(85056K) Class: 20273K(28416K)->20273K(28416K)
[144.076s][info][gc          ] GC(87) Pause Full (System.gc()) 804M->804M(6144M) 547.996ms
[144.646s][info][gc,metaspace] GC(88) Metaspace: 99337K(113472K)->99337K(113472K) NonClass: 79064K(85056K)->79064K(85056K) Class: 20273K(28416K)->20273K(28416K)
[144.646s][info][gc          ] GC(88) Pause Full (System.gc()) 804M->804M(6144M) 569.672ms
[145.233s][info][gc,metaspace] GC(89) Metaspace: 99337K(113472K)->99337K(113472K) NonClass: 79064K(85056K)->79064K(85056K) Class: 20273K(28416K)->20273K(28416K)
[145.233s][info][gc          ] GC(89) Pause Full (System.gc()) 804M->804M(6144M) 587.176ms
[145.853s][info][gc,metaspace] GC(90) Metaspace: 99337K(113472K)->99337K(113472K) NonClass: 79064K(85056K)->79064K(85056K) Class: 20273K(28416K)->20273K(28416K)
[145.853s][info][gc          ] GC(90) Pause Full (System.gc()) 804M->804M(6144M) 619.960ms
[146.386s][info][gc,metaspace] GC(91) Metaspace: 99337K(113472K)->99337K(113472K) NonClass: 79064K(85056K)->79064K(85056K) Class: 20273K(28416K)->20273K(28416K)
[146.387s][info][gc          ] GC(91) Pause Full (System.gc()) 804M->804M(6144M) 533.027ms
[146.942s][info][gc,metaspace] GC(92) Metaspace: 99337K(113472K)->99337K(113472K) NonClass: 79064K(85056K)->79064K(85056K) Class: 20273K(28416K)->20273K(28416K)
[146.942s][info][gc          ] GC(92) Pause Full (System.gc()) 804M->804M(6144M) 555.518ms
[147.512s][info][gc,metaspace] GC(93) Metaspace: 99337K(113472K)->99337K(113472K) NonClass: 79064K(85056K)->79064K(85056K) Class: 20273K(28416K)->20273K(28416K)
[147.512s][info][gc          ] GC(93) Pause Full (System.gc()) 804M->804M(6144M) 570.193ms
[148.084s][info][gc,metaspace] GC(94) Metaspace: 99337K(113472K)->99337K(113472K) NonClass: 79064K(85056K)->79064K(85056K) Class: 20273K(28416K)->20273K(28416K)
[148.084s][info][gc          ] GC(94) Pause Full (System.gc()) 804M->804M(6144M) 566.773ms
[148.649s][info][gc,metaspace] GC(95) Metaspace: 99337K(113472K)->99337K(113472K) NonClass: 79064K(85056K)->79064K(85056K) Class: 20273K(28416K)->20273K(28416K)
[148.649s][info][gc          ] GC(95) Pause Full (System.gc()) 804M->804M(6144M) 565.372ms
[149.241s][info][gc,metaspace] GC(96) Metaspace: 99337K(113472K)->99337K(113472K) NonClass: 79064K(85056K)->79064K(85056K) Class: 20273K(28416K)->20273K(28416K)
[149.241s][info][gc          ] GC(96) Pause Full (System.gc()) 804M->804M(6144M) 591.496ms
[149.795s][info][gc,metaspace] GC(97) Metaspace: 99337K(113472K)->99337K(113472K) NonClass: 79064K(85056K)->79064K(85056K) Class: 20273K(28416K)->20273K(28416K)
[149.795s][info][gc          ] GC(97) Pause Full (System.gc()) 804M->804M(6144M) 553.964ms
[150.352s][info][gc,metaspace] GC(98) Metaspace: 99337K(113472K)->99337K(113472K) NonClass: 79064K(85056K)->79064K(85056K) Class: 20273K(28416K)->20273K(28416K)
[150.353s][info][gc          ] GC(98) Pause Full (System.gc()) 804M->804M(6144M) 557.560ms
[150.949s][info][gc,metaspace] GC(99) Metaspace: 99337K(113472K)->99337K(113472K) NonClass: 79064K(85056K)->79064K(85056K) Class: 20273K(28416K)->20273K(28416K)
[150.949s][info][gc          ] GC(99) Pause Full (System.gc()) 804M->804M(6144M) 596.167ms
[151.495s][info][gc,metaspace] GC(100) Metaspace: 99337K(113472K)->99337K(113472K) NonClass: 79064K(85056K)->79064K(85056K) Class: 20273K(28416K)->20273K(28416K)
[151.495s][info][gc          ] GC(100) Pause Full (System.gc()) 804M->804M(6144M) 546.417ms
[152.085s][info][gc,metaspace] GC(101) Metaspace: 99337K(113472K)->99337K(113472K) NonClass: 79064K(85056K)->79064K(85056K) Class: 20273K(28416K)->20273K(28416K)
[152.086s][info][gc          ] GC(101) Pause Full (System.gc()) 804M->804M(6144M) 590.109ms
[152.676s][info][gc,metaspace] GC(102) Metaspace: 99337K(113472K)->99337K(113472K) NonClass: 79064K(85056K)->79064K(85056K) Class: 20273K(28416K)->20273K(28416K)
[152.676s][info][gc          ] GC(102) Pause Full (System.gc()) 804M->804M(6144M) 590.138ms
[153.302s][info][gc,metaspace] GC(103) Metaspace: 99337K(113472K)->99337K(113472K) NonClass: 79064K(85056K)->79064K(85056K) Class: 20273K(28416K)->20273K(28416K)
[153.302s][info][gc          ] GC(103) Pause Full (System.gc()) 804M->804M(6144M) 621.418ms
[153.871s][info][gc,metaspace] GC(104) Metaspace: 99337K(113472K)->99337K(113472K) NonClass: 79064K(85056K)->79064K(85056K) Class: 20273K(28416K)->20273K(28416K)
[153.871s][info][gc          ] GC(104) Pause Full (System.gc()) 804M->804M(6144M) 569.568ms
[154.430s][info][gc,metaspace] GC(105) Metaspace: 99337K(113472K)->99337K(113472K) NonClass: 79064K(85056K)->79064K(85056K) Class: 20273K(28416K)->20273K(28416K)
[154.430s][info][gc          ] GC(105) Pause Full (System.gc()) 804M->804M(6144M) 558.805ms
[154.990s][info][gc,metaspace] GC(106) Metaspace: 99337K(113472K)->99337K(113472K) NonClass: 79064K(85056K)->79064K(85056K) Class: 20273K(28416K)->20273K(28416K)
[154.990s][info][gc          ] GC(106) Pause Full (System.gc()) 804M->804M(6144M) 559.426ms
[155.605s][info][gc,metaspace] GC(107) Metaspace: 99337K(113472K)->99337K(113472K) NonClass: 79064K(85056K)->79064K(85056K) Class: 20273K(28416K)->20273K(28416K)
[155.605s][info][gc          ] GC(107) Pause Full (System.gc()) 804M->804M(6144M) 614.842ms
[156.185s][info][gc,metaspace] GC(108) Metaspace: 99337K(113472K)->99337K(113472K) NonClass: 79064K(85056K)->79064K(85056K) Class: 20273K(28416K)->20273K(28416K)
[156.185s][info][gc          ] GC(108) Pause Full (System.gc()) 804M->804M(6144M) 580.176ms
[156.785s][info][gc,metaspace] GC(109) Metaspace: 99337K(113472K)->99337K(113472K) NonClass: 79064K(85056K)->79064K(85056K) Class: 20273K(28416K)->20273K(28416K)
[156.785s][info][gc          ] GC(109) Pause Full (System.gc()) 804M->804M(6144M) 599.635ms
[157.361s][info][gc,metaspace] GC(110) Metaspace: 99337K(113472K)->99337K(113472K) NonClass: 79064K(85056K)->79064K(85056K) Class: 20273K(28416K)->20273K(28416K)
[157.361s][info][gc          ] GC(110) Pause Full (System.gc()) 804M->804M(6144M) 575.959ms
[157.993s][info][gc,metaspace] GC(111) Metaspace: 99337K(113472K)->99337K(113472K) NonClass: 79064K(85056K)->79064K(85056K) Class: 20273K(28416K)->20273K(28416K)
[157.993s][info][gc          ] GC(111) Pause Full (System.gc()) 804M->804M(6144M) 631.719ms
[158.550s][info][gc,metaspace] GC(112) Metaspace: 99337K(113472K)->99337K(113472K) NonClass: 79064K(85056K)->79064K(85056K) Class: 20273K(28416K)->20273K(28416K)
[158.550s][info][gc          ] GC(112) Pause Full (System.gc()) 804M->804M(6144M) 557.543ms
[159.114s][info][gc,metaspace] GC(113) Metaspace: 99337K(113472K)->99337K(113472K) NonClass: 79064K(85056K)->79064K(85056K) Class: 20273K(28416K)->20273K(28416K)
[159.114s][info][gc          ] GC(113) Pause Full (System.gc()) 804M->804M(6144M) 563.826ms
[159.687s][info][gc,metaspace] GC(114) Metaspace: 99337K(113472K)->99337K(113472K) NonClass: 79064K(85056K)->79064K(85056K) Class: 20273K(28416K)->20273K(28416K)
[159.687s][info][gc          ] GC(114) Pause Full (System.gc()) 804M->804M(6144M) 572.398ms
[160.301s][info][gc,metaspace] GC(115) Metaspace: 99337K(113472K)->99337K(113472K) NonClass: 79064K(85056K)->79064K(85056K) Class: 20273K(28416K)->20273K(28416K)
[160.301s][info][gc          ] GC(115) Pause Full (System.gc()) 804M->804M(6144M) 614.424ms
[160.910s][info][gc,metaspace] GC(116) Metaspace: 99337K(113472K)->99337K(113472K) NonClass: 79064K(85056K)->79064K(85056K) Class: 20273K(28416K)->20273K(28416K)
[160.911s][info][gc          ] GC(116) Pause Full (System.gc()) 804M->804M(6144M) 609.250ms
[161.465s][info][gc,metaspace] GC(117) Metaspace: 99337K(113472K)->99337K(113472K) NonClass: 79064K(85056K)->79064K(85056K) Class: 20273K(28416K)->20273K(28416K)
[161.465s][info][gc          ] GC(117) Pause Full (System.gc()) 804M->804M(6144M) 554.180ms
[162.016s][info][gc,metaspace] GC(118) Metaspace: 99337K(113472K)->99337K(113472K) NonClass: 79064K(85056K)->79064K(85056K) Class: 20273K(28416K)->20273K(28416K)
[162.016s][info][gc          ] GC(118) Pause Full (System.gc()) 804M->804M(6144M) 551.310ms
[162.639s][info][gc,metaspace] GC(119) Metaspace: 99337K(113472K)->99337K(113472K) NonClass: 79064K(85056K)->79064K(85056K) Class: 20273K(28416K)->20273K(28416K)
[162.639s][info][gc          ] GC(119) Pause Full (System.gc()) 804M->804M(6144M) 622.438ms
[163.218s][info][gc,metaspace] GC(120) Metaspace: 99337K(113472K)->99337K(113472K) NonClass: 79064K(85056K)->79064K(85056K) Class: 20273K(28416K)->20273K(28416K)
[163.218s][info][gc          ] GC(120) Pause Full (System.gc()) 804M->804M(6144M) 579.232ms
[163.815s][info][gc,metaspace] GC(121) Metaspace: 99337K(113472K)->99337K(113472K) NonClass: 79064K(85056K)->79064K(85056K) Class: 20273K(28416K)->20273K(28416K)
[163.815s][info][gc          ] GC(121) Pause Full (System.gc()) 804M->804M(6144M) 592.456ms
After GCs... 
