[0.001s][info][metaspace]  - commit_granule_bytes: 65536.
[0.001s][info][metaspace]  - commit_granule_words: 8192.
[0.001s][info][metaspace]  - virtual_space_node_default_size: 8388608.
[0.001s][info][metaspace]  - enlarge_chunks_in_place: 1.
[0.001s][info][metaspace]  - use_allocation_guard: 0.
[0.004s][info][gc       ] Using G1
[0.418s][info][metaspace] Reserving compressed class space anywhere
[0.423s][info][gc,metaspace] CDS archive(s) not mapped
[0.423s][info][gc,metaspace] Compressed class space mapped at: 0x0000000009000000-0x00000000c9000000, reserved size: 3221225472
[0.423s][info][gc,metaspace] UseCompressedClassPointers 1, UseCompactObjectHeaders 1, narrow klass pointer bits 22, max shift 10
[0.423s][info][gc,metaspace] Narrow klass base: 0x0000000009000000, Narrow klass shift: 10, Narrow klass range: 0xc0000000
Num Classes: 16384
Num Objects per Class: 4096
Cycles: 100
Class association: random
Generate 16384 classes...[1.389s][info][gc,metaspace] GC(0) Metaspace: 21734K(22016K)->21734K(22016K) NonClass: 18016K(18176K)->18016K(18176K) Class: 3717K(3840K)->3717K(3840K)
[1.389s][info][gc          ] GC(0) Pause Young (Normal) (G1 Evacuation Pause) 304M->4M(6144M) 4.927ms
[1.722s][info][gc,metaspace] GC(1) Metaspace: 22017K(22336K)->22017K(22336K) NonClass: 18298K(18496K)->18298K(18496K) Class: 3718K(3840K)->3718K(3840K)
[1.722s][info][gc          ] GC(1) Pause Young (Normal) (G1 Evacuation Pause) 300M->4M(6144M) 4.347ms
[2.041s][info][gc,metaspace] GC(2) Metaspace: 22193K(22464K)->22193K(22464K) NonClass: 18474K(18624K)->18474K(18624K) Class: 3718K(3840K)->3718K(3840K)
[2.041s][info][gc          ] GC(2) Pause Young (Normal) (G1 Evacuation Pause) 300M->4M(6144M) 4.752ms
[2.329s][info][gc,metaspace] GC(3) Metaspace: 22450K(22784K)->22450K(22784K) NonClass: 18731K(18944K)->18731K(18944K) Class: 3718K(3840K)->3718K(3840K)
[2.329s][info][gc          ] GC(3) Pause Young (Normal) (G1 Evacuation Pause) 300M->4M(6144M) 4.440ms
[2.585s][info][gc,metaspace] GC(4) Metaspace: 22548K(22848K)->22548K(22848K) NonClass: 18826K(19008K)->18826K(19008K) Class: 3721K(3840K)->3721K(3840K)
[2.585s][info][gc          ] GC(4) Pause Young (Normal) (G1 Evacuation Pause) 300M->4M(6144M) 5.019ms
[2.935s][info][gc,metaspace] GC(5) Metaspace: 22623K(22912K)->22623K(22912K) NonClass: 18901K(19072K)->18901K(19072K) Class: 3721K(3840K)->3721K(3840K)
[2.935s][info][gc          ] GC(5) Pause Young (Normal) (G1 Evacuation Pause) 340M->5M(6144M) 4.909ms
[3.234s][info][gc,metaspace] GC(6) Metaspace: 23308K(23616K)->23308K(23616K) NonClass: 19586K(19776K)->19586K(19776K) Class: 3721K(3840K)->3721K(3840K)
[3.234s][info][gc          ] GC(6) Pause Young (Normal) (G1 Evacuation Pause) 361M->4M(6144M) 6.021ms
[3.575s][info][gc,metaspace] GC(7) Metaspace: 23353K(23680K)->23353K(23680K) NonClass: 19631K(19840K)->19631K(19840K) Class: 3721K(3840K)->3721K(3840K)
[3.575s][info][gc          ] GC(7) Pause Young (Normal) (G1 Evacuation Pause) 416M->4M(6144M) 5.113ms
[4.013s][info][gc,metaspace] GC(8) Metaspace: 23376K(23680K)->23376K(23680K) NonClass: 19654K(19840K)->19654K(19840K) Class: 3721K(3840K)->3721K(3840K)
[4.013s][info][gc          ] GC(8) Pause Young (Normal) (G1 Evacuation Pause) 468M->4M(6144M) 3.602ms
[4.443s][info][gc,metaspace] GC(9) Metaspace: 23390K(23680K)->23390K(23680K) NonClass: 19668K(19840K)->19668K(19840K) Class: 3721K(3840K)->3721K(3840K)
[4.444s][info][gc          ] GC(9) Pause Young (Normal) (G1 Evacuation Pause) 552M->5M(6144M) 6.247ms
[5.074s][info][gc,metaspace] GC(10) Metaspace: 23413K(23744K)->23413K(23744K) NonClass: 19691K(19904K)->19691K(19904K) Class: 3721K(3840K)->3721K(3840K)
[5.074s][info][gc          ] GC(10) Pause Young (Normal) (G1 Evacuation Pause) 625M->5M(6144M) 5.400ms
[5.658s][info][gc,metaspace] GC(11) Metaspace: 23417K(23744K)->23417K(23744K) NonClass: 19695K(19904K)->19695K(19904K) Class: 3721K(3840K)->3721K(3840K)
[5.658s][info][gc          ] GC(11) Pause Young (Normal) (G1 Evacuation Pause) 725M->5M(6144M) 5.324ms
[6.393s][info][gc,metaspace] GC(12) Metaspace: 23433K(23744K)->23433K(23744K) NonClass: 19711K(19904K)->19711K(19904K) Class: 3721K(3840K)->3721K(3840K)
[6.394s][info][gc          ] GC(12) Pause Young (Normal) (G1 Evacuation Pause) 825M->5M(6144M) 5.446ms
[7.136s][info][gc,metaspace] GC(13) Metaspace: 23502K(23808K)->23502K(23808K) NonClass: 19780K(19968K)->19780K(19968K) Class: 3721K(3840K)->3721K(3840K)
[7.136s][info][gc          ] GC(13) Pause Young (Normal) (G1 Evacuation Pause) 941M->5M(6144M) 5.057ms
[8.099s][info][gc,metaspace] GC(14) Metaspace: 23589K(23872K)->23589K(23872K) NonClass: 19866K(20032K)->19866K(20032K) Class: 3722K(3840K)->3722K(3840K)
[8.099s][info][gc          ] GC(14) Pause Young (Normal) (G1 Evacuation Pause) 1069M->6M(6144M) 5.488ms
[9.103s][info][gc,metaspace] GC(15) Metaspace: 23629K(23936K)->23629K(23936K) NonClass: 19906K(20096K)->19906K(20096K) Class: 3722K(3840K)->3722K(3840K)
[9.103s][info][gc          ] GC(15) Pause Young (Normal) (G1 Evacuation Pause) 1218M->6M(6144M) 4.920ms
[10.123s][info][gc,metaspace] GC(16) Metaspace: 23672K(23936K)->23672K(23936K) NonClass: 19948K(20096K)->19948K(20096K) Class: 3723K(3840K)->3723K(3840K)
[10.123s][info][gc          ] GC(16) Pause Young (Normal) (G1 Evacuation Pause) 1402M->7M(6144M) 1.948ms
[11.272s][info][gc,metaspace] GC(17) Metaspace: 23672K(23936K)->23672K(23936K) NonClass: 19948K(20096K)->19948K(20096K) Class: 3723K(3840K)->3723K(3840K)
[11.272s][info][gc          ] GC(17) Pause Young (Normal) (G1 Evacuation Pause) 1611M->7M(6144M) 2.162ms
[12.573s][info][gc,metaspace] GC(18) Metaspace: 23672K(23936K)->23672K(23936K) NonClass: 19948K(20096K)->19948K(20096K) Class: 3723K(3840K)->3723K(3840K)
[12.573s][info][gc          ] GC(18) Pause Young (Normal) (G1 Evacuation Pause) 1839M->8M(6144M) 2.259ms
[14.099s][info][gc,metaspace] GC(19) Metaspace: 23672K(23936K)->23672K(23936K) NonClass: 19948K(20096K)->19948K(20096K) Class: 3723K(3840K)->3723K(3840K)
[14.099s][info][gc          ] GC(19) Pause Young (Normal) (G1 Evacuation Pause) 2100M->7M(6144M) 1.857ms
[15.796s][info][gc,metaspace] GC(20) Metaspace: 23672K(23936K)->23672K(23936K) NonClass: 19948K(20096K)->19948K(20096K) Class: 3723K(3840K)->3723K(3840K)
[15.796s][info][gc          ] GC(20) Pause Young (Normal) (G1 Evacuation Pause) 2415M->9M(6144M) 2.046ms
[17.995s][info][gc,metaspace] GC(21) Metaspace: 23672K(23936K)->23672K(23936K) NonClass: 19948K(20096K)->19948K(20096K) Class: 3723K(3840K)->3723K(3840K)
[17.995s][info][gc          ] GC(21) Pause Young (Normal) (G1 Evacuation Pause) 2745M->10M(6144M) 3.725ms
[20.506s][info][gc,metaspace] GC(22) Metaspace: 23672K(23936K)->23672K(23936K) NonClass: 19948K(20096K)->19948K(20096K) Class: 3723K(3840K)->3723K(3840K)
[20.507s][info][gc          ] GC(22) Pause Young (Normal) (G1 Evacuation Pause) 3074M->11M(6144M) 4.290ms
[23.480s][info][gc,metaspace] GC(23) Metaspace: 23672K(23936K)->23672K(23936K) NonClass: 19948K(20096K)->19948K(20096K) Class: 3723K(3840K)->3723K(3840K)
[23.480s][info][gc          ] GC(23) Pause Young (Normal) (G1 Evacuation Pause) 3415M->11M(6144M) 2.782ms
[26.091s][info][gc,metaspace] GC(24) Metaspace: 23672K(23936K)->23672K(23936K) NonClass: 19948K(20096K)->19948K(20096K) Class: 3723K(3840K)->3723K(3840K)
[26.091s][info][gc          ] GC(24) Pause Young (Normal) (G1 Evacuation Pause) 3687M->11M(6144M) 3.255ms
[28.627s][info][gc,metaspace] GC(25) Metaspace: 23672K(23936K)->23672K(23936K) NonClass: 19948K(20096K)->19948K(20096K) Class: 3723K(3840K)->3723K(3840K)
[28.627s][info][gc          ] GC(25) Pause Young (Normal) (G1 Evacuation Pause) 3687M->13M(6144M) 3.346ms
[31.188s][info][gc,metaspace] GC(26) Metaspace: 23672K(23936K)->23672K(23936K) NonClass: 19948K(20096K)->19948K(20096K) Class: 3723K(3840K)->3723K(3840K)
[31.188s][info][gc          ] GC(26) Pause Young (Normal) (G1 Evacuation Pause) 3685M->14M(6144M) 3.310ms
[34.344s][info][gc,metaspace] GC(27) Metaspace: 23672K(23936K)->23672K(23936K) NonClass: 19948K(20096K)->19948K(20096K) Class: 3723K(3840K)->3723K(3840K)
[34.344s][info][gc          ] GC(27) Pause Young (Normal) (G1 Evacuation Pause) 3686M->16M(6144M) 3.594ms
[36.845s][info][gc,metaspace] GC(28) Metaspace: 23672K(23936K)->23672K(23936K) NonClass: 19948K(20096K)->19948K(20096K) Class: 3723K(3840K)->3723K(3840K)
[36.845s][info][gc          ] GC(28) Pause Young (Normal) (G1 Evacuation Pause) 3688M->17M(6144M) 3.833ms
[39.772s][info][gc,metaspace] GC(29) Metaspace: 23672K(23936K)->23672K(23936K) NonClass: 19948K(20096K)->19948K(20096K) Class: 3723K(3840K)->3723K(3840K)
[39.772s][info][gc          ] GC(29) Pause Young (Normal) (G1 Evacuation Pause) 3689M->17M(6144M) 3.445ms
[42.309s][info][gc,metaspace] GC(30) Metaspace: 23672K(23936K)->23672K(23936K) NonClass: 19948K(20096K)->19948K(20096K) Class: 3723K(3840K)->3723K(3840K)
[42.309s][info][gc          ] GC(30) Pause Young (Normal) (G1 Evacuation Pause) 3689M->19M(6144M) 4.023ms
[44.786s][info][gc,metaspace] GC(31) Metaspace: 23672K(23936K)->23672K(23936K) NonClass: 19948K(20096K)->19948K(20096K) Class: 3723K(3840K)->3723K(3840K)
[44.786s][info][gc          ] GC(31) Pause Young (Normal) (G1 Evacuation Pause) 3687M->19M(6144M) 3.864ms
[48.223s][info][gc,metaspace] GC(32) Metaspace: 23672K(23936K)->23672K(23936K) NonClass: 19948K(20096K)->19948K(20096K) Class: 3723K(3840K)->3723K(3840K)
[48.223s][info][gc          ] GC(32) Pause Young (Normal) (G1 Evacuation Pause) 3687M->21M(6144M) 3.764ms

Loading 16384...[48.720s][info][gc,metaspace] GC(33) Metaspace: 48260K(48512K)->48260K(48512K) NonClass: 28152K(28288K)->28152K(28288K) Class: 20107K(20224K)->20107K(20224K)
[48.720s][info][gc          ] GC(33) Pause Full (System.gc()) 401M->21M(6144M) 31.046ms
Creating 4096 objects per class...[56.905s][info][gc,metaspace] GC(34) Metaspace: 92272K(107840K)->92272K(107840K) NonClass: 63587K(71232K)->63587K(71232K) Class: 28685K(36608K)->28685K(36608K)
[56.905s][info][gc          ] GC(34) Pause Young (Concurrent Start) (CodeCache GC Threshold) 881M->348M(6144M) 61.472ms
[56.905s][info][gc          ] GC(35) Concurrent Mark Cycle
[57.079s][info][gc          ] GC(35) Pause Remark 350M->350M(6144M) 10.486ms
[57.116s][info][gc          ] GC(35) Pause Cleanup 350M->350M(6144M) 0.027ms
[57.122s][info][gc          ] GC(35) Concurrent Mark Cycle 217.270ms
[81.199s][info][gc,metaspace] GC(36) Metaspace: 101130K(115008K)->101130K(115008K) NonClass: 72444K(78400K)->72444K(78400K) Class: 28685K(36608K)->28685K(36608K)
[81.199s][info][gc          ] GC(36) Pause Young (Prepare Mixed) (G1 Evacuation Pause) 584M->587M(6144M) 295.579ms

Done; will start GCs... 
[105.012s][info][gc,metaspace] GC(37) Metaspace: 101130K(115008K)->101130K(115008K) NonClass: 72444K(78400K)->72444K(78400K) Class: 28685K(36608K)->28685K(36608K)
[105.012s][info][gc          ] GC(37) Pause Full (System.gc()) 815M->804M(6144M) 674.466ms
[105.583s][info][gc,metaspace] GC(38) Metaspace: 101130K(115008K)->101130K(115008K) NonClass: 72444K(78400K)->72444K(78400K) Class: 28685K(36608K)->28685K(36608K)
[105.583s][info][gc          ] GC(38) Pause Full (System.gc()) 804M->804M(6144M) 570.861ms
[106.158s][info][gc,metaspace] GC(39) Metaspace: 101130K(115008K)->101130K(115008K) NonClass: 72444K(78400K)->72444K(78400K) Class: 28685K(36608K)->28685K(36608K)
[106.159s][info][gc          ] GC(39) Pause Full (System.gc()) 804M->804M(6144M) 575.024ms
[106.715s][info][gc,metaspace] GC(40) Metaspace: 101130K(115008K)->101130K(115008K) NonClass: 72444K(78400K)->72444K(78400K) Class: 28685K(36608K)->28685K(36608K)
[106.715s][info][gc          ] GC(40) Pause Full (System.gc()) 804M->804M(6144M) 556.546ms
[107.279s][info][gc,metaspace] GC(41) Metaspace: 101130K(115008K)->101130K(115008K) NonClass: 72444K(78400K)->72444K(78400K) Class: 28685K(36608K)->28685K(36608K)
[107.279s][info][gc          ] GC(41) Pause Full (System.gc()) 804M->804M(6144M) 563.485ms
[107.845s][info][gc,metaspace] GC(42) Metaspace: 101130K(115008K)->101130K(115008K) NonClass: 72444K(78400K)->72444K(78400K) Class: 28685K(36608K)->28685K(36608K)
[107.845s][info][gc          ] GC(42) Pause Full (System.gc()) 804M->804M(6144M) 565.977ms
[108.450s][info][gc,metaspace] GC(43) Metaspace: 101130K(115008K)->101130K(115008K) NonClass: 72444K(78400K)->72444K(78400K) Class: 28685K(36608K)->28685K(36608K)
[108.450s][info][gc          ] GC(43) Pause Full (System.gc()) 804M->804M(6144M) 604.964ms
[109.059s][info][gc,metaspace] GC(44) Metaspace: 101130K(115008K)->101130K(115008K) NonClass: 72444K(78400K)->72444K(78400K) Class: 28685K(36608K)->28685K(36608K)
[109.059s][info][gc          ] GC(44) Pause Full (System.gc()) 804M->804M(6144M) 608.879ms
[109.611s][info][gc,metaspace] GC(45) Metaspace: 101130K(115008K)->101130K(115008K) NonClass: 72444K(78400K)->72444K(78400K) Class: 28685K(36608K)->28685K(36608K)
[109.611s][info][gc          ] GC(45) Pause Full (System.gc()) 804M->804M(6144M) 552.261ms
[110.211s][info][gc,metaspace] GC(46) Metaspace: 101130K(115008K)->101130K(115008K) NonClass: 72444K(78400K)->72444K(78400K) Class: 28685K(36608K)->28685K(36608K)
[110.211s][info][gc          ] GC(46) Pause Full (System.gc()) 804M->804M(6144M) 595.154ms
[110.761s][info][gc,metaspace] GC(47) Metaspace: 101130K(115008K)->101130K(115008K) NonClass: 72444K(78400K)->72444K(78400K) Class: 28685K(36608K)->28685K(36608K)
[110.761s][info][gc          ] GC(47) Pause Full (System.gc()) 804M->804M(6144M) 550.384ms
[111.313s][info][gc,metaspace] GC(48) Metaspace: 101130K(115008K)->101130K(115008K) NonClass: 72444K(78400K)->72444K(78400K) Class: 28685K(36608K)->28685K(36608K)
[111.313s][info][gc          ] GC(48) Pause Full (System.gc()) 804M->804M(6144M) 551.857ms
[111.865s][info][gc,metaspace] GC(49) Metaspace: 101130K(115008K)->101130K(115008K) NonClass: 72444K(78400K)->72444K(78400K) Class: 28685K(36608K)->28685K(36608K)
[111.865s][info][gc          ] GC(49) Pause Full (System.gc()) 804M->804M(6144M) 551.655ms
[112.432s][info][gc,metaspace] GC(50) Metaspace: 101130K(115008K)->101130K(115008K) NonClass: 72444K(78400K)->72444K(78400K) Class: 28685K(36608K)->28685K(36608K)
[112.432s][info][gc          ] GC(50) Pause Full (System.gc()) 804M->804M(6144M) 566.800ms
[113.067s][info][gc,metaspace] GC(51) Metaspace: 101130K(115008K)->101130K(115008K) NonClass: 72444K(78400K)->72444K(78400K) Class: 28685K(36608K)->28685K(36608K)
[113.067s][info][gc          ] GC(51) Pause Full (System.gc()) 804M->804M(6144M) 634.839ms
[113.630s][info][gc,metaspace] GC(52) Metaspace: 101130K(115008K)->101130K(115008K) NonClass: 72444K(78400K)->72444K(78400K) Class: 28685K(36608K)->28685K(36608K)
[113.631s][info][gc          ] GC(52) Pause Full (System.gc()) 804M->804M(6144M) 563.581ms
[114.184s][info][gc,metaspace] GC(53) Metaspace: 101130K(115008K)->101130K(115008K) NonClass: 72444K(78400K)->72444K(78400K) Class: 28685K(36608K)->28685K(36608K)
[114.184s][info][gc          ] GC(53) Pause Full (System.gc()) 804M->804M(6144M) 553.137ms
[114.737s][info][gc,metaspace] GC(54) Metaspace: 101130K(115008K)->101130K(115008K) NonClass: 72444K(78400K)->72444K(78400K) Class: 28685K(36608K)->28685K(36608K)
[114.737s][info][gc          ] GC(54) Pause Full (System.gc()) 804M->804M(6144M) 553.526ms
[115.310s][info][gc,metaspace] GC(55) Metaspace: 101130K(115008K)->101130K(115008K) NonClass: 72444K(78400K)->72444K(78400K) Class: 28685K(36608K)->28685K(36608K)
[115.310s][info][gc          ] GC(55) Pause Full (System.gc()) 804M->804M(6144M) 568.440ms
[115.873s][info][gc,metaspace] GC(56) Metaspace: 101130K(115008K)->101130K(115008K) NonClass: 72444K(78400K)->72444K(78400K) Class: 28685K(36608K)->28685K(36608K)
[115.873s][info][gc          ] GC(56) Pause Full (System.gc()) 804M->804M(6144M) 563.181ms
[116.421s][info][gc,metaspace] GC(57) Metaspace: 101130K(115008K)->101130K(115008K) NonClass: 72444K(78400K)->72444K(78400K) Class: 28685K(36608K)->28685K(36608K)
[116.421s][info][gc          ] GC(57) Pause Full (System.gc()) 804M->804M(6144M) 547.240ms
[117.005s][info][gc,metaspace] GC(58) Metaspace: 101130K(115008K)->101130K(115008K) NonClass: 72444K(78400K)->72444K(78400K) Class: 28685K(36608K)->28685K(36608K)
[117.005s][info][gc          ] GC(58) Pause Full (System.gc()) 804M->804M(6144M) 583.831ms
[117.630s][info][gc,metaspace] GC(59) Metaspace: 101130K(115008K)->101130K(115008K) NonClass: 72444K(78400K)->72444K(78400K) Class: 28685K(36608K)->28685K(36608K)
[117.630s][info][gc          ] GC(59) Pause Full (System.gc()) 804M->804M(6144M) 624.757ms
[118.197s][info][gc,metaspace] GC(60) Metaspace: 101130K(115008K)->101130K(115008K) NonClass: 72444K(78400K)->72444K(78400K) Class: 28685K(36608K)->28685K(36608K)
[118.197s][info][gc          ] GC(60) Pause Full (System.gc()) 804M->804M(6144M) 567.718ms
[118.808s][info][gc,metaspace] GC(61) Metaspace: 101130K(115008K)->101130K(115008K) NonClass: 72444K(78400K)->72444K(78400K) Class: 28685K(36608K)->28685K(36608K)
[118.808s][info][gc          ] GC(61) Pause Full (System.gc()) 804M->804M(6144M) 610.829ms
[119.373s][info][gc,metaspace] GC(62) Metaspace: 101130K(115008K)->101130K(115008K) NonClass: 72444K(78400K)->72444K(78400K) Class: 28685K(36608K)->28685K(36608K)
[119.373s][info][gc          ] GC(62) Pause Full (System.gc()) 804M->804M(6144M) 564.156ms
[119.932s][info][gc,metaspace] GC(63) Metaspace: 101130K(115008K)->101130K(115008K) NonClass: 72444K(78400K)->72444K(78400K) Class: 28685K(36608K)->28685K(36608K)
[119.932s][info][gc          ] GC(63) Pause Full (System.gc()) 804M->804M(6144M) 559.100ms
[120.485s][info][gc,metaspace] GC(64) Metaspace: 101130K(115008K)->101130K(115008K) NonClass: 72444K(78400K)->72444K(78400K) Class: 28685K(36608K)->28685K(36608K)
[120.485s][info][gc          ] GC(64) Pause Full (System.gc()) 804M->804M(6144M) 553.321ms
[121.059s][info][gc,metaspace] GC(65) Metaspace: 101130K(115008K)->101130K(115008K) NonClass: 72444K(78400K)->72444K(78400K) Class: 28685K(36608K)->28685K(36608K)
[121.059s][info][gc          ] GC(65) Pause Full (System.gc()) 804M->804M(6144M) 573.451ms
[121.629s][info][gc,metaspace] GC(66) Metaspace: 101130K(115008K)->101130K(115008K) NonClass: 72444K(78400K)->72444K(78400K) Class: 28685K(36608K)->28685K(36608K)
[121.629s][info][gc          ] GC(66) Pause Full (System.gc()) 804M->804M(6144M) 569.682ms
[122.193s][info][gc,metaspace] GC(67) Metaspace: 101130K(115008K)->101130K(115008K) NonClass: 72444K(78400K)->72444K(78400K) Class: 28685K(36608K)->28685K(36608K)
[122.193s][info][gc          ] GC(67) Pause Full (System.gc()) 804M->804M(6144M) 564.135ms
[122.747s][info][gc,metaspace] GC(68) Metaspace: 101130K(115008K)->101130K(115008K) NonClass: 72444K(78400K)->72444K(78400K) Class: 28685K(36608K)->28685K(36608K)
[122.747s][info][gc          ] GC(68) Pause Full (System.gc()) 804M->804M(6144M) 554.166ms
[123.305s][info][gc,metaspace] GC(69) Metaspace: 101130K(115008K)->101130K(115008K) NonClass: 72444K(78400K)->72444K(78400K) Class: 28685K(36608K)->28685K(36608K)
[123.305s][info][gc          ] GC(69) Pause Full (System.gc()) 805M->804M(6144M) 557.463ms
[123.882s][info][gc,metaspace] GC(70) Metaspace: 101130K(115008K)->101130K(115008K) NonClass: 72444K(78400K)->72444K(78400K) Class: 28685K(36608K)->28685K(36608K)
[123.882s][info][gc          ] GC(70) Pause Full (System.gc()) 804M->804M(6144M) 577.072ms
[124.469s][info][gc,metaspace] GC(71) Metaspace: 101130K(115008K)->101130K(115008K) NonClass: 72444K(78400K)->72444K(78400K) Class: 28685K(36608K)->28685K(36608K)
[124.469s][info][gc          ] GC(71) Pause Full (System.gc()) 804M->804M(6144M) 587.269ms
[125.030s][info][gc,metaspace] GC(72) Metaspace: 101130K(115008K)->101130K(115008K) NonClass: 72444K(78400K)->72444K(78400K) Class: 28685K(36608K)->28685K(36608K)
[125.030s][info][gc          ] GC(72) Pause Full (System.gc()) 804M->804M(6144M) 560.736ms
[125.588s][info][gc,metaspace] GC(73) Metaspace: 101130K(115008K)->101130K(115008K) NonClass: 72444K(78400K)->72444K(78400K) Class: 28685K(36608K)->28685K(36608K)
[125.588s][info][gc          ] GC(73) Pause Full (System.gc()) 804M->804M(6144M) 553.604ms
[126.139s][info][gc,metaspace] GC(74) Metaspace: 101130K(115008K)->101130K(115008K) NonClass: 72444K(78400K)->72444K(78400K) Class: 28685K(36608K)->28685K(36608K)
[126.139s][info][gc          ] GC(74) Pause Full (System.gc()) 804M->804M(6144M) 551.227ms
[126.684s][info][gc,metaspace] GC(75) Metaspace: 101130K(115008K)->101130K(115008K) NonClass: 72444K(78400K)->72444K(78400K) Class: 28685K(36608K)->28685K(36608K)
[126.684s][info][gc          ] GC(75) Pause Full (System.gc()) 804M->804M(6144M) 544.226ms
[127.242s][info][gc,metaspace] GC(76) Metaspace: 101130K(115008K)->101130K(115008K) NonClass: 72444K(78400K)->72444K(78400K) Class: 28685K(36608K)->28685K(36608K)
[127.242s][info][gc          ] GC(76) Pause Full (System.gc()) 804M->804M(6144M) 558.064ms
[127.794s][info][gc,metaspace] GC(77) Metaspace: 101130K(115008K)->101130K(115008K) NonClass: 72444K(78400K)->72444K(78400K) Class: 28685K(36608K)->28685K(36608K)
[127.794s][info][gc          ] GC(77) Pause Full (System.gc()) 804M->804M(6144M) 552.018ms
[128.353s][info][gc,metaspace] GC(78) Metaspace: 101130K(115008K)->101130K(115008K) NonClass: 72444K(78400K)->72444K(78400K) Class: 28685K(36608K)->28685K(36608K)
[128.353s][info][gc          ] GC(78) Pause Full (System.gc()) 804M->804M(6144M) 559.210ms
[128.905s][info][gc,metaspace] GC(79) Metaspace: 101130K(115008K)->101130K(115008K) NonClass: 72444K(78400K)->72444K(78400K) Class: 28685K(36608K)->28685K(36608K)
[128.905s][info][gc          ] GC(79) Pause Full (System.gc()) 804M->804M(6144M) 551.521ms
[129.479s][info][gc,metaspace] GC(80) Metaspace: 101130K(115008K)->101130K(115008K) NonClass: 72444K(78400K)->72444K(78400K) Class: 28685K(36608K)->28685K(36608K)
[129.479s][info][gc          ] GC(80) Pause Full (System.gc()) 804M->804M(6144M) 574.215ms
[130.066s][info][gc,metaspace] GC(81) Metaspace: 101130K(115008K)->101130K(115008K) NonClass: 72444K(78400K)->72444K(78400K) Class: 28685K(36608K)->28685K(36608K)
[130.066s][info][gc          ] GC(81) Pause Full (System.gc()) 804M->804M(6144M) 587.094ms
[130.635s][info][gc,metaspace] GC(82) Metaspace: 101130K(115008K)->101130K(115008K) NonClass: 72444K(78400K)->72444K(78400K) Class: 28685K(36608K)->28685K(36608K)
[130.635s][info][gc          ] GC(82) Pause Full (System.gc()) 804M->804M(6144M) 564.379ms
[131.215s][info][gc,metaspace] GC(83) Metaspace: 101130K(115008K)->101130K(115008K) NonClass: 72444K(78400K)->72444K(78400K) Class: 28685K(36608K)->28685K(36608K)
[131.215s][info][gc          ] GC(83) Pause Full (System.gc()) 804M->804M(6144M) 580.240ms
[131.773s][info][gc,metaspace] GC(84) Metaspace: 101130K(115008K)->101130K(115008K) NonClass: 72444K(78400K)->72444K(78400K) Class: 28685K(36608K)->28685K(36608K)
[131.773s][info][gc          ] GC(84) Pause Full (System.gc()) 804M->804M(6144M) 557.744ms
[132.356s][info][gc,metaspace] GC(85) Metaspace: 101130K(115008K)->101130K(115008K) NonClass: 72444K(78400K)->72444K(78400K) Class: 28685K(36608K)->28685K(36608K)
[132.356s][info][gc          ] GC(85) Pause Full (System.gc()) 804M->804M(6144M) 582.848ms
[132.981s][info][gc,metaspace] GC(86) Metaspace: 101130K(115008K)->101130K(115008K) NonClass: 72444K(78400K)->72444K(78400K) Class: 28685K(36608K)->28685K(36608K)
[132.981s][info][gc          ] GC(86) Pause Full (System.gc()) 804M->804M(6144M) 624.288ms
[133.574s][info][gc,metaspace] GC(87) Metaspace: 101130K(115008K)->101130K(115008K) NonClass: 72444K(78400K)->72444K(78400K) Class: 28685K(36608K)->28685K(36608K)
[133.574s][info][gc          ] GC(87) Pause Full (System.gc()) 804M->804M(6144M) 592.826ms
[134.129s][info][gc,metaspace] GC(88) Metaspace: 101130K(115008K)->101130K(115008K) NonClass: 72444K(78400K)->72444K(78400K) Class: 28685K(36608K)->28685K(36608K)
[134.129s][info][gc          ] GC(88) Pause Full (System.gc()) 804M->804M(6144M) 555.443ms
[134.709s][info][gc,metaspace] GC(89) Metaspace: 101130K(115008K)->101130K(115008K) NonClass: 72444K(78400K)->72444K(78400K) Class: 28685K(36608K)->28685K(36608K)
[134.709s][info][gc          ] GC(89) Pause Full (System.gc()) 804M->804M(6144M) 579.409ms
[135.296s][info][gc,metaspace] GC(90) Metaspace: 101130K(115008K)->101130K(115008K) NonClass: 72444K(78400K)->72444K(78400K) Class: 28685K(36608K)->28685K(36608K)
[135.296s][info][gc          ] GC(90) Pause Full (System.gc()) 804M->804M(6144M) 587.637ms
[135.860s][info][gc,metaspace] GC(91) Metaspace: 101130K(115008K)->101130K(115008K) NonClass: 72444K(78400K)->72444K(78400K) Class: 28685K(36608K)->28685K(36608K)
[135.860s][info][gc          ] GC(91) Pause Full (System.gc()) 804M->804M(6144M) 559.009ms
[136.420s][info][gc,metaspace] GC(92) Metaspace: 101130K(115008K)->101130K(115008K) NonClass: 72444K(78400K)->72444K(78400K) Class: 28685K(36608K)->28685K(36608K)
[136.420s][info][gc          ] GC(92) Pause Full (System.gc()) 804M->804M(6144M) 559.722ms
[137.010s][info][gc,metaspace] GC(93) Metaspace: 101130K(115008K)->101130K(115008K) NonClass: 72444K(78400K)->72444K(78400K) Class: 28685K(36608K)->28685K(36608K)
[137.010s][info][gc          ] GC(93) Pause Full (System.gc()) 804M->804M(6144M) 590.750ms
[137.580s][info][gc,metaspace] GC(94) Metaspace: 101130K(115008K)->101130K(115008K) NonClass: 72444K(78400K)->72444K(78400K) Class: 28685K(36608K)->28685K(36608K)
[137.580s][info][gc          ] GC(94) Pause Full (System.gc()) 804M->804M(6144M) 569.725ms
[138.140s][info][gc,metaspace] GC(95) Metaspace: 101130K(115008K)->101130K(115008K) NonClass: 72444K(78400K)->72444K(78400K) Class: 28685K(36608K)->28685K(36608K)
[138.140s][info][gc          ] GC(95) Pause Full (System.gc()) 804M->804M(6144M) 559.220ms
[138.687s][info][gc,metaspace] GC(96) Metaspace: 101130K(115008K)->101130K(115008K) NonClass: 72444K(78400K)->72444K(78400K) Class: 28685K(36608K)->28685K(36608K)
[138.687s][info][gc          ] GC(96) Pause Full (System.gc()) 804M->804M(6144M) 547.767ms
[139.260s][info][gc,metaspace] GC(97) Metaspace: 101130K(115008K)->101130K(115008K) NonClass: 72444K(78400K)->72444K(78400K) Class: 28685K(36608K)->28685K(36608K)
[139.260s][info][gc          ] GC(97) Pause Full (System.gc()) 804M->804M(6144M) 572.495ms
[139.808s][info][gc,metaspace] GC(98) Metaspace: 101130K(115008K)->101130K(115008K) NonClass: 72444K(78400K)->72444K(78400K) Class: 28685K(36608K)->28685K(36608K)
[139.808s][info][gc          ] GC(98) Pause Full (System.gc()) 804M->804M(6144M) 547.991ms
[140.377s][info][gc,metaspace] GC(99) Metaspace: 101130K(115008K)->101130K(115008K) NonClass: 72444K(78400K)->72444K(78400K) Class: 28685K(36608K)->28685K(36608K)
[140.377s][info][gc          ] GC(99) Pause Full (System.gc()) 804M->804M(6144M) 569.071ms
[140.953s][info][gc,metaspace] GC(100) Metaspace: 101130K(115008K)->101130K(115008K) NonClass: 72444K(78400K)->72444K(78400K) Class: 28685K(36608K)->28685K(36608K)
[140.953s][info][gc          ] GC(100) Pause Full (System.gc()) 804M->804M(6144M) 570.994ms
[141.507s][info][gc,metaspace] GC(101) Metaspace: 101130K(115008K)->101130K(115008K) NonClass: 72444K(78400K)->72444K(78400K) Class: 28685K(36608K)->28685K(36608K)
[141.507s][info][gc          ] GC(101) Pause Full (System.gc()) 804M->804M(6144M) 553.941ms
[142.135s][info][gc,metaspace] GC(102) Metaspace: 101130K(115008K)->101130K(115008K) NonClass: 72444K(78400K)->72444K(78400K) Class: 28685K(36608K)->28685K(36608K)
[142.135s][info][gc          ] GC(102) Pause Full (System.gc()) 804M->804M(6144M) 627.937ms
[142.713s][info][gc,metaspace] GC(103) Metaspace: 101130K(115008K)->101130K(115008K) NonClass: 72444K(78400K)->72444K(78400K) Class: 28685K(36608K)->28685K(36608K)
[142.713s][info][gc          ] GC(103) Pause Full (System.gc()) 804M->804M(6144M) 578.198ms
[143.290s][info][gc,metaspace] GC(104) Metaspace: 101130K(115008K)->101130K(115008K) NonClass: 72444K(78400K)->72444K(78400K) Class: 28685K(36608K)->28685K(36608K)
[143.290s][info][gc          ] GC(104) Pause Full (System.gc()) 804M->804M(6144M) 576.710ms
[143.857s][info][gc,metaspace] GC(105) Metaspace: 101130K(115008K)->101130K(115008K) NonClass: 72444K(78400K)->72444K(78400K) Class: 28685K(36608K)->28685K(36608K)
[143.857s][info][gc          ] GC(105) Pause Full (System.gc()) 804M->804M(6144M) 567.226ms
[144.415s][info][gc,metaspace] GC(106) Metaspace: 101130K(115008K)->101130K(115008K) NonClass: 72444K(78400K)->72444K(78400K) Class: 28685K(36608K)->28685K(36608K)
[144.415s][info][gc          ] GC(106) Pause Full (System.gc()) 804M->804M(6144M) 557.974ms
[144.967s][info][gc,metaspace] GC(107) Metaspace: 101130K(115008K)->101130K(115008K) NonClass: 72444K(78400K)->72444K(78400K) Class: 28685K(36608K)->28685K(36608K)
[144.967s][info][gc          ] GC(107) Pause Full (System.gc()) 804M->804M(6144M) 551.283ms
[145.544s][info][gc,metaspace] GC(108) Metaspace: 101130K(115008K)->101130K(115008K) NonClass: 72444K(78400K)->72444K(78400K) Class: 28685K(36608K)->28685K(36608K)
[145.544s][info][gc          ] GC(108) Pause Full (System.gc()) 804M->804M(6144M) 570.240ms
[146.114s][info][gc,metaspace] GC(109) Metaspace: 101130K(115008K)->101130K(115008K) NonClass: 72444K(78400K)->72444K(78400K) Class: 28685K(36608K)->28685K(36608K)
[146.114s][info][gc          ] GC(109) Pause Full (System.gc()) 804M->804M(6144M) 569.224ms
[146.675s][info][gc,metaspace] GC(110) Metaspace: 101130K(115008K)->101130K(115008K) NonClass: 72444K(78400K)->72444K(78400K) Class: 28685K(36608K)->28685K(36608K)
[146.675s][info][gc          ] GC(110) Pause Full (System.gc()) 804M->804M(6144M) 561.341ms
[147.235s][info][gc,metaspace] GC(111) Metaspace: 101130K(115008K)->101130K(115008K) NonClass: 72444K(78400K)->72444K(78400K) Class: 28685K(36608K)->28685K(36608K)
[147.235s][info][gc          ] GC(111) Pause Full (System.gc()) 804M->804M(6144M) 559.769ms
[147.808s][info][gc,metaspace] GC(112) Metaspace: 101130K(115008K)->101130K(115008K) NonClass: 72444K(78400K)->72444K(78400K) Class: 28685K(36608K)->28685K(36608K)
[147.808s][info][gc          ] GC(112) Pause Full (System.gc()) 804M->804M(6144M) 572.991ms
[148.367s][info][gc,metaspace] GC(113) Metaspace: 101130K(115008K)->101130K(115008K) NonClass: 72444K(78400K)->72444K(78400K) Class: 28685K(36608K)->28685K(36608K)
[148.367s][info][gc          ] GC(113) Pause Full (System.gc()) 804M->804M(6144M) 558.960ms
[148.942s][info][gc,metaspace] GC(114) Metaspace: 101130K(115008K)->101130K(115008K) NonClass: 72444K(78400K)->72444K(78400K) Class: 28685K(36608K)->28685K(36608K)
[148.942s][info][gc          ] GC(114) Pause Full (System.gc()) 804M->804M(6144M) 574.907ms
[149.560s][info][gc,metaspace] GC(115) Metaspace: 101130K(115008K)->101130K(115008K) NonClass: 72444K(78400K)->72444K(78400K) Class: 28685K(36608K)->28685K(36608K)
[149.560s][info][gc          ] GC(115) Pause Full (System.gc()) 804M->804M(6144M) 617.402ms
[150.161s][info][gc,metaspace] GC(116) Metaspace: 101130K(115008K)->101130K(115008K) NonClass: 72444K(78400K)->72444K(78400K) Class: 28685K(36608K)->28685K(36608K)
[150.161s][info][gc          ] GC(116) Pause Full (System.gc()) 804M->804M(6144M) 601.410ms
[150.774s][info][gc,metaspace] GC(117) Metaspace: 101130K(115008K)->101130K(115008K) NonClass: 72444K(78400K)->72444K(78400K) Class: 28685K(36608K)->28685K(36608K)
[150.774s][info][gc          ] GC(117) Pause Full (System.gc()) 804M->804M(6144M) 612.756ms
[151.333s][info][gc,metaspace] GC(118) Metaspace: 101130K(115008K)->101130K(115008K) NonClass: 72444K(78400K)->72444K(78400K) Class: 28685K(36608K)->28685K(36608K)
[151.333s][info][gc          ] GC(118) Pause Full (System.gc()) 804M->804M(6144M) 554.999ms
[151.935s][info][gc,metaspace] GC(119) Metaspace: 101130K(115008K)->101130K(115008K) NonClass: 72444K(78400K)->72444K(78400K) Class: 28685K(36608K)->28685K(36608K)
[151.935s][info][gc          ] GC(119) Pause Full (System.gc()) 804M->804M(6144M) 601.538ms
[152.500s][info][gc,metaspace] GC(120) Metaspace: 101130K(115008K)->101130K(115008K) NonClass: 72444K(78400K)->72444K(78400K) Class: 28685K(36608K)->28685K(36608K)
[152.500s][info][gc          ] GC(120) Pause Full (System.gc()) 804M->804M(6144M) 564.596ms
[153.077s][info][gc,metaspace] GC(121) Metaspace: 101130K(115008K)->101130K(115008K) NonClass: 72444K(78400K)->72444K(78400K) Class: 28685K(36608K)->28685K(36608K)
[153.077s][info][gc          ] GC(121) Pause Full (System.gc()) 804M->804M(6144M) 576.780ms
[153.627s][info][gc,metaspace] GC(122) Metaspace: 101130K(115008K)->101130K(115008K) NonClass: 72444K(78400K)->72444K(78400K) Class: 28685K(36608K)->28685K(36608K)
[153.627s][info][gc          ] GC(122) Pause Full (System.gc()) 804M->804M(6144M) 550.780ms
[154.194s][info][gc,metaspace] GC(123) Metaspace: 101130K(115008K)->101130K(115008K) NonClass: 72444K(78400K)->72444K(78400K) Class: 28685K(36608K)->28685K(36608K)
[154.194s][info][gc          ] GC(123) Pause Full (System.gc()) 804M->804M(6144M) 566.493ms
[154.743s][info][gc,metaspace] GC(124) Metaspace: 101130K(115008K)->101130K(115008K) NonClass: 72444K(78400K)->72444K(78400K) Class: 28685K(36608K)->28685K(36608K)
[154.743s][info][gc          ] GC(124) Pause Full (System.gc()) 804M->804M(6144M) 549.345ms
[155.300s][info][gc,metaspace] GC(125) Metaspace: 101130K(115008K)->101130K(115008K) NonClass: 72444K(78400K)->72444K(78400K) Class: 28685K(36608K)->28685K(36608K)
[155.300s][info][gc          ] GC(125) Pause Full (System.gc()) 804M->804M(6144M) 556.892ms
[155.912s][info][gc,metaspace] GC(126) Metaspace: 101130K(115008K)->101130K(115008K) NonClass: 72444K(78400K)->72444K(78400K) Class: 28685K(36608K)->28685K(36608K)
[155.912s][info][gc          ] GC(126) Pause Full (System.gc()) 804M->804M(6144M) 611.902ms
[156.491s][info][gc,metaspace] GC(127) Metaspace: 101130K(115008K)->101130K(115008K) NonClass: 72444K(78400K)->72444K(78400K) Class: 28685K(36608K)->28685K(36608K)
[156.491s][info][gc          ] GC(127) Pause Full (System.gc()) 804M->804M(6144M) 574.036ms
[157.080s][info][gc,metaspace] GC(128) Metaspace: 101130K(115008K)->101130K(115008K) NonClass: 72444K(78400K)->72444K(78400K) Class: 28685K(36608K)->28685K(36608K)
[157.081s][info][gc          ] GC(128) Pause Full (System.gc()) 804M->804M(6144M) 589.469ms
[157.699s][info][gc,metaspace] GC(129) Metaspace: 101130K(115008K)->101130K(115008K) NonClass: 72444K(78400K)->72444K(78400K) Class: 28685K(36608K)->28685K(36608K)
[157.699s][info][gc          ] GC(129) Pause Full (System.gc()) 804M->804M(6144M) 618.531ms
[158.270s][info][gc,metaspace] GC(130) Metaspace: 101130K(115008K)->101130K(115008K) NonClass: 72444K(78400K)->72444K(78400K) Class: 28685K(36608K)->28685K(36608K)
[158.270s][info][gc          ] GC(130) Pause Full (System.gc()) 804M->804M(6144M) 570.772ms
[158.833s][info][gc,metaspace] GC(131) Metaspace: 101130K(115008K)->101130K(115008K) NonClass: 72444K(78400K)->72444K(78400K) Class: 28685K(36608K)->28685K(36608K)
[158.833s][info][gc          ] GC(131) Pause Full (System.gc()) 804M->804M(6144M) 563.000ms
[159.395s][info][gc,metaspace] GC(132) Metaspace: 101130K(115008K)->101130K(115008K) NonClass: 72444K(78400K)->72444K(78400K) Class: 28685K(36608K)->28685K(36608K)
[159.395s][info][gc          ] GC(132) Pause Full (System.gc()) 804M->804M(6144M) 561.715ms
[159.981s][info][gc,metaspace] GC(133) Metaspace: 101130K(115008K)->101130K(115008K) NonClass: 72444K(78400K)->72444K(78400K) Class: 28685K(36608K)->28685K(36608K)
[159.981s][info][gc          ] GC(133) Pause Full (System.gc()) 804M->804M(6144M) 585.588ms
[160.563s][info][gc,metaspace] GC(134) Metaspace: 101130K(115008K)->101130K(115008K) NonClass: 72444K(78400K)->72444K(78400K) Class: 28685K(36608K)->28685K(36608K)
[160.563s][info][gc          ] GC(134) Pause Full (System.gc()) 804M->804M(6144M) 582.036ms
[161.125s][info][gc,metaspace] GC(135) Metaspace: 101130K(115008K)->101130K(115008K) NonClass: 72444K(78400K)->72444K(78400K) Class: 28685K(36608K)->28685K(36608K)
[161.125s][info][gc          ] GC(135) Pause Full (System.gc()) 804M->804M(6144M) 562.461ms
[161.680s][info][gc,metaspace] GC(136) Metaspace: 101130K(115008K)->101130K(115008K) NonClass: 72444K(78400K)->72444K(78400K) Class: 28685K(36608K)->28685K(36608K)
[161.680s][info][gc          ] GC(136) Pause Full (System.gc()) 804M->804M(6144M) 550.677ms
After GCs... 
