[0.001s][info][metaspace]  - commit_granule_bytes: 65536.
[0.001s][info][metaspace]  - commit_granule_words: 8192.
[0.001s][info][metaspace]  - virtual_space_node_default_size: 8388608.
[0.001s][info][metaspace]  - enlarge_chunks_in_place: 1.
[0.001s][info][metaspace]  - use_allocation_guard: 0.
[0.004s][info][gc       ] Using Parallel
[0.367s][info][metaspace] Reserving compressed class space anywhere
[0.367s][info][gc,metaspace] CDS archive(s) not mapped
[0.367s][info][gc,metaspace] Compressed class space mapped at: 0x000000001d000000-0x00000000dd000000, reserved size: 3221225472
[0.367s][info][gc,metaspace] UseCompressedClassPointers 1, UseCompactObjectHeaders 1, UseKlassTable 0, narrow klass pointer bits 26, max shift 6
[0.367s][info][gc,metaspace] Narrow klass base: 0x000000001d000000, Narrow klass shift: 6, Narrow klass range: 0xc0000000
Num Classes: 4096
Num Objects per Class: 16384
Cycles: 100
Class association: random
Generate 4096 classes...[2.505s][info][gc,metaspace] GC(0) Metaspace: 22977K(23360K)->22977K(23360K) NonClass: 20516K(20736K)->20516K(20736K) Class: 2461K(2624K)->2461K(2624K)
[2.505s][info][gc          ] GC(0) Pause Young (Allocation Failure) 1536M->4M(5888M) 5.784ms
[3.736s][info][gc,metaspace] GC(1) Metaspace: 23755K(24192K)->23755K(24192K) NonClass: 21292K(21568K)->21292K(21568K) Class: 2462K(2624K)->2462K(2624K)
[3.736s][info][gc          ] GC(1) Pause Young (Allocation Failure) 1540M->4M(5888M) 6.300ms
[4.884s][info][gc,metaspace] GC(2) Metaspace: 23796K(24192K)->23796K(24192K) NonClass: 21333K(21568K)->21333K(21568K) Class: 2462K(2624K)->2462K(2624K)
[4.884s][info][gc          ] GC(2) Pause Young (Allocation Failure) 1540M->4M(5888M) 5.241ms
[6.031s][info][gc,metaspace] GC(3) Metaspace: 23862K(24256K)->23862K(24256K) NonClass: 21400K(21632K)->21400K(21632K) Class: 2462K(2624K)->2462K(2624K)
[6.031s][info][gc          ] GC(3) Pause Young (Allocation Failure) 1540M->4M(5888M) 4.302ms
[7.140s][info][gc,metaspace] GC(4) Metaspace: 23949K(24320K)->23949K(24320K) NonClass: 21486K(21696K)->21486K(21696K) Class: 2463K(2624K)->2463K(2624K)
[7.140s][info][gc          ] GC(4) Pause Young (Allocation Failure) 1540M->6M(5888M) 4.187ms
[8.230s][info][gc,metaspace] GC(5) Metaspace: 24033K(24448K)->24033K(24448K) NonClass: 21570K(21824K)->21570K(21824K) Class: 2463K(2624K)->2463K(2624K)
[8.231s][info][gc          ] GC(5) Pause Young (Allocation Failure) 1542M->6M(6136M) 5.148ms
[9.661s][info][gc,metaspace] GC(6) Metaspace: 24041K(24448K)->24041K(24448K) NonClass: 21578K(21824K)->21578K(21824K) Class: 2463K(2624K)->2463K(2624K)
[9.661s][info][gc          ] GC(6) Pause Young (Allocation Failure) 2040M->6M(6133M) 4.443ms
[11.031s][info][gc,metaspace] GC(7) Metaspace: 24041K(24448K)->24041K(24448K) NonClass: 21578K(21824K)->21578K(21824K) Class: 2463K(2624K)->2463K(2624K)
[11.031s][info][gc          ] GC(7) Pause Young (Allocation Failure) 2040M->7M(6136M) 1.234ms

Loading 4096...[12.250s][info][gc,metaspace] GC(8) Metaspace: 28254K(28672K)->28254K(28672K) NonClass: 23450K(23680K)->23450K(23680K) Class: 4804K(4992K)->4804K(4992K)
[12.250s][info][gc          ] GC(8) Pause Young (System.gc()) 1748M->7M(6136M) 1.432ms
[12.275s][info][gc,metaspace] GC(9) Metaspace: 28254K(28672K)->28254K(28672K) NonClass: 23450K(23680K)->23450K(23680K) Class: 4804K(4992K)->4804K(4992K)
[12.275s][info][gc          ] GC(9) Pause Full (System.gc()) 7M->7M(6136M) 25.558ms
Creating 16384 objects per class...
Done; will start GCs... 
[30.682s][info][gc,metaspace] GC(10) Metaspace: 42932K(46784K)->42932K(46784K) NonClass: 36016K(37696K)->36016K(37696K) Class: 6916K(9088K)->6916K(9088K)
[30.682s][info][gc          ] GC(10) Pause Young (System.gc()) 909M->778M(5569M) 1566.873ms
[33.102s][info][gc,metaspace] GC(11) Metaspace: 42932K(46784K)->42932K(46784K) NonClass: 36016K(37696K)->36016K(37696K) Class: 6916K(9088K)->6916K(9088K)
[33.102s][info][gc          ] GC(11) Pause Full (System.gc()) 778M->778M(5569M) 2419.159ms
[33.103s][info][gc,metaspace] GC(12) Metaspace: 42932K(46784K)->42932K(46784K) NonClass: 36016K(37696K)->36016K(37696K) Class: 6916K(9088K)->6916K(9088K)
[33.103s][info][gc          ] GC(12) Pause Young (System.gc()) 778M->778M(5853M) 0.963ms
[34.046s][info][gc,metaspace] GC(13) Metaspace: 42932K(46784K)->42932K(46784K) NonClass: 36016K(37696K)->36016K(37696K) Class: 6916K(9088K)->6916K(9088K)
[34.046s][info][gc          ] GC(13) Pause Full (System.gc()) 778M->778M(5853M) 942.935ms
[34.047s][info][gc,metaspace] GC(14) Metaspace: 42932K(46784K)->42932K(46784K) NonClass: 36016K(37696K)->36016K(37696K) Class: 6916K(9088K)->6916K(9088K)
[34.047s][info][gc          ] GC(14) Pause Young (System.gc()) 778M->778M(5869M) 0.978ms
[34.871s][info][gc,metaspace] GC(15) Metaspace: 42932K(46784K)->42932K(46784K) NonClass: 36016K(37696K)->36016K(37696K) Class: 6916K(9088K)->6916K(9088K)
[34.871s][info][gc          ] GC(15) Pause Full (System.gc()) 778M->778M(5869M) 823.916ms
[34.872s][info][gc,metaspace] GC(16) Metaspace: 42932K(46784K)->42932K(46784K) NonClass: 36016K(37696K)->36016K(37696K) Class: 6916K(9088K)->6916K(9088K)
[34.872s][info][gc          ] GC(16) Pause Young (System.gc()) 778M->778M(5860M) 0.874ms
[35.840s][info][gc,metaspace] GC(17) Metaspace: 42932K(46784K)->42932K(46784K) NonClass: 36016K(37696K)->36016K(37696K) Class: 6916K(9088K)->6916K(9088K)
[35.840s][info][gc          ] GC(17) Pause Full (System.gc()) 778M->778M(5860M) 967.555ms
[35.841s][info][gc,metaspace] GC(18) Metaspace: 42932K(46784K)->42932K(46784K) NonClass: 36016K(37696K)->36016K(37696K) Class: 6916K(9088K)->6916K(9088K)
[35.841s][info][gc          ] GC(18) Pause Young (System.gc()) 778M->778M(5889M) 1.139ms
[36.768s][info][gc,metaspace] GC(19) Metaspace: 42932K(46784K)->42932K(46784K) NonClass: 36016K(37696K)->36016K(37696K) Class: 6916K(9088K)->6916K(9088K)
[36.768s][info][gc          ] GC(19) Pause Full (System.gc()) 778M->778M(5889M) 927.297ms
[36.769s][info][gc,metaspace] GC(20) Metaspace: 42933K(46784K)->42933K(46784K) NonClass: 36017K(37696K)->36017K(37696K) Class: 6916K(9088K)->6916K(9088K)
[36.769s][info][gc          ] GC(20) Pause Young (System.gc()) 778M->778M(5878M) 0.779ms
[37.628s][info][gc,metaspace] GC(21) Metaspace: 42933K(46784K)->42933K(46784K) NonClass: 36017K(37696K)->36017K(37696K) Class: 6916K(9088K)->6916K(9088K)
[37.628s][info][gc          ] GC(21) Pause Full (System.gc()) 778M->778M(5878M) 859.055ms
[37.629s][info][gc,metaspace] GC(22) Metaspace: 42933K(46784K)->42933K(46784K) NonClass: 36017K(37696K)->36017K(37696K) Class: 6916K(9088K)->6916K(9088K)
[37.629s][info][gc          ] GC(22) Pause Young (System.gc()) 778M->778M(5911M) 0.634ms
[38.554s][info][gc,metaspace] GC(23) Metaspace: 42933K(46784K)->42933K(46784K) NonClass: 36017K(37696K)->36017K(37696K) Class: 6916K(9088K)->6916K(9088K)
[38.554s][info][gc          ] GC(23) Pause Full (System.gc()) 778M->778M(5911M) 924.846ms
[38.555s][info][gc,metaspace] GC(24) Metaspace: 42933K(46784K)->42933K(46784K) NonClass: 36017K(37696K)->36017K(37696K) Class: 6916K(9088K)->6916K(9088K)
[38.555s][info][gc          ] GC(24) Pause Young (System.gc()) 778M->778M(5900M) 0.776ms
[39.473s][info][gc,metaspace] GC(25) Metaspace: 42933K(46784K)->42933K(46784K) NonClass: 36017K(37696K)->36017K(37696K) Class: 6916K(9088K)->6916K(9088K)
[39.473s][info][gc          ] GC(25) Pause Full (System.gc()) 778M->778M(5900M) 918.025ms
[39.474s][info][gc,metaspace] GC(26) Metaspace: 42933K(46784K)->42933K(46784K) NonClass: 36017K(37696K)->36017K(37696K) Class: 6916K(9088K)->6916K(9088K)
[39.474s][info][gc          ] GC(26) Pause Young (System.gc()) 778M->778M(5935M) 0.633ms
[40.435s][info][gc,metaspace] GC(27) Metaspace: 42933K(46784K)->42933K(46784K) NonClass: 36017K(37696K)->36017K(37696K) Class: 6916K(9088K)->6916K(9088K)
[40.435s][info][gc          ] GC(27) Pause Full (System.gc()) 778M->778M(5935M) 961.743ms
[40.441s][info][gc,metaspace] GC(28) Metaspace: 42933K(46784K)->42933K(46784K) NonClass: 36017K(37696K)->36017K(37696K) Class: 6916K(9088K)->6916K(9088K)
[40.441s][info][gc          ] GC(28) Pause Young (System.gc()) 778M->778M(5923M) 0.820ms
[41.405s][info][gc,metaspace] GC(29) Metaspace: 42933K(46784K)->42933K(46784K) NonClass: 36017K(37696K)->36017K(37696K) Class: 6916K(9088K)->6916K(9088K)
[41.405s][info][gc          ] GC(29) Pause Full (System.gc()) 778M->778M(5923M) 964.293ms
[41.406s][info][gc,metaspace] GC(30) Metaspace: 42933K(46784K)->42933K(46784K) NonClass: 36017K(37696K)->36017K(37696K) Class: 6916K(9088K)->6916K(9088K)
[41.406s][info][gc          ] GC(30) Pause Young (System.gc()) 778M->778M(5957M) 0.937ms
[42.338s][info][gc,metaspace] GC(31) Metaspace: 42933K(46784K)->42933K(46784K) NonClass: 36017K(37696K)->36017K(37696K) Class: 6916K(9088K)->6916K(9088K)
[42.338s][info][gc          ] GC(31) Pause Full (System.gc()) 778M->778M(5957M) 932.094ms
[42.339s][info][gc,metaspace] GC(32) Metaspace: 42933K(46784K)->42933K(46784K) NonClass: 36017K(37696K)->36017K(37696K) Class: 6916K(9088K)->6916K(9088K)
[42.339s][info][gc          ] GC(32) Pause Young (System.gc()) 778M->778M(5946M) 0.812ms
[43.301s][info][gc,metaspace] GC(33) Metaspace: 42933K(46784K)->42933K(46784K) NonClass: 36017K(37696K)->36017K(37696K) Class: 6916K(9088K)->6916K(9088K)
[43.302s][info][gc          ] GC(33) Pause Full (System.gc()) 778M->778M(5946M) 962.028ms
[43.303s][info][gc,metaspace] GC(34) Metaspace: 42933K(46784K)->42933K(46784K) NonClass: 36017K(37696K)->36017K(37696K) Class: 6916K(9088K)->6916K(9088K)
[43.303s][info][gc          ] GC(34) Pause Young (System.gc()) 778M->778M(5979M) 0.867ms
[44.234s][info][gc,metaspace] GC(35) Metaspace: 42933K(46784K)->42933K(46784K) NonClass: 36017K(37696K)->36017K(37696K) Class: 6916K(9088K)->6916K(9088K)
[44.234s][info][gc          ] GC(35) Pause Full (System.gc()) 778M->778M(5979M) 931.369ms
[44.235s][info][gc,metaspace] GC(36) Metaspace: 42933K(46784K)->42933K(46784K) NonClass: 36017K(37696K)->36017K(37696K) Class: 6916K(9088K)->6916K(9088K)
[44.235s][info][gc          ] GC(36) Pause Young (System.gc()) 778M->778M(5968M) 0.804ms
[45.164s][info][gc,metaspace] GC(37) Metaspace: 42933K(46784K)->42933K(46784K) NonClass: 36017K(37696K)->36017K(37696K) Class: 6916K(9088K)->6916K(9088K)
[45.164s][info][gc          ] GC(37) Pause Full (System.gc()) 778M->778M(5968M) 929.278ms
[45.165s][info][gc,metaspace] GC(38) Metaspace: 42933K(46784K)->42933K(46784K) NonClass: 36017K(37696K)->36017K(37696K) Class: 6916K(9088K)->6916K(9088K)
[45.165s][info][gc          ] GC(38) Pause Young (System.gc()) 778M->778M(5999M) 1.002ms
[46.096s][info][gc,metaspace] GC(39) Metaspace: 42933K(46784K)->42933K(46784K) NonClass: 36017K(37696K)->36017K(37696K) Class: 6916K(9088K)->6916K(9088K)
[46.096s][info][gc          ] GC(39) Pause Full (System.gc()) 778M->778M(5999M) 930.693ms
[46.101s][info][gc,metaspace] GC(40) Metaspace: 42933K(46784K)->42933K(46784K) NonClass: 36017K(37696K)->36017K(37696K) Class: 6916K(9088K)->6916K(9088K)
[46.101s][info][gc          ] GC(40) Pause Young (System.gc()) 778M->778M(5989M) 0.918ms
[47.051s][info][gc,metaspace] GC(41) Metaspace: 42933K(46784K)->42933K(46784K) NonClass: 36017K(37696K)->36017K(37696K) Class: 6916K(9088K)->6916K(9088K)
[47.051s][info][gc          ] GC(41) Pause Full (System.gc()) 778M->778M(5989M) 949.177ms
[47.052s][info][gc,metaspace] GC(42) Metaspace: 42933K(46784K)->42933K(46784K) NonClass: 36017K(37696K)->36017K(37696K) Class: 6916K(9088K)->6916K(9088K)
[47.052s][info][gc          ] GC(42) Pause Young (System.gc()) 778M->778M(6017M) 0.953ms
[47.986s][info][gc,metaspace] GC(43) Metaspace: 42933K(46784K)->42933K(46784K) NonClass: 36017K(37696K)->36017K(37696K) Class: 6916K(9088K)->6916K(9088K)
[47.986s][info][gc          ] GC(43) Pause Full (System.gc()) 778M->778M(6017M) 934.572ms
[47.987s][info][gc,metaspace] GC(44) Metaspace: 42933K(46784K)->42933K(46784K) NonClass: 36017K(37696K)->36017K(37696K) Class: 6916K(9088K)->6916K(9088K)
[47.987s][info][gc          ] GC(44) Pause Young (System.gc()) 778M->778M(6009M) 0.881ms
[48.926s][info][gc,metaspace] GC(45) Metaspace: 42933K(46784K)->42933K(46784K) NonClass: 36017K(37696K)->36017K(37696K) Class: 6916K(9088K)->6916K(9088K)
[48.926s][info][gc          ] GC(45) Pause Full (System.gc()) 778M->778M(6009M) 938.398ms
[48.927s][info][gc,metaspace] GC(46) Metaspace: 42933K(46784K)->42933K(46784K) NonClass: 36017K(37696K)->36017K(37696K) Class: 6916K(9088K)->6916K(9088K)
[48.927s][info][gc          ] GC(46) Pause Young (System.gc()) 778M->778M(6034M) 0.616ms
[49.853s][info][gc,metaspace] GC(47) Metaspace: 42933K(46784K)->42933K(46784K) NonClass: 36017K(37696K)->36017K(37696K) Class: 6916K(9088K)->6916K(9088K)
[49.853s][info][gc          ] GC(47) Pause Full (System.gc()) 778M->778M(6034M) 926.230ms
[49.854s][info][gc,metaspace] GC(48) Metaspace: 42933K(46784K)->42933K(46784K) NonClass: 36017K(37696K)->36017K(37696K) Class: 6916K(9088K)->6916K(9088K)
[49.854s][info][gc          ] GC(48) Pause Young (System.gc()) 778M->778M(6026M) 0.815ms
[50.778s][info][gc,metaspace] GC(49) Metaspace: 42933K(46784K)->42933K(46784K) NonClass: 36017K(37696K)->36017K(37696K) Class: 6916K(9088K)->6916K(9088K)
[50.778s][info][gc          ] GC(49) Pause Full (System.gc()) 778M->778M(6026M) 924.545ms
[50.779s][info][gc,metaspace] GC(50) Metaspace: 42933K(46784K)->42933K(46784K) NonClass: 36017K(37696K)->36017K(37696K) Class: 6916K(9088K)->6916K(9088K)
[50.779s][info][gc          ] GC(50) Pause Young (System.gc()) 778M->778M(6049M) 0.854ms
[51.700s][info][gc,metaspace] GC(51) Metaspace: 42933K(46784K)->42933K(46784K) NonClass: 36017K(37696K)->36017K(37696K) Class: 6916K(9088K)->6916K(9088K)
[51.700s][info][gc          ] GC(51) Pause Full (System.gc()) 778M->778M(6049M) 921.009ms
[51.701s][info][gc,metaspace] GC(52) Metaspace: 42933K(46784K)->42933K(46784K) NonClass: 36017K(37696K)->36017K(37696K) Class: 6916K(9088K)->6916K(9088K)
[51.701s][info][gc          ] GC(52) Pause Young (System.gc()) 778M->778M(6042M) 0.618ms
[52.644s][info][gc,metaspace] GC(53) Metaspace: 42933K(46784K)->42933K(46784K) NonClass: 36017K(37696K)->36017K(37696K) Class: 6916K(9088K)->6916K(9088K)
[52.644s][info][gc          ] GC(53) Pause Full (System.gc()) 778M->778M(6042M) 942.845ms
[52.645s][info][gc,metaspace] GC(54) Metaspace: 42933K(46784K)->42933K(46784K) NonClass: 36017K(37696K)->36017K(37696K) Class: 6916K(9088K)->6916K(9088K)
[52.645s][info][gc          ] GC(54) Pause Young (System.gc()) 778M->778M(6062M) 0.712ms
[53.588s][info][gc,metaspace] GC(55) Metaspace: 42933K(46784K)->42933K(46784K) NonClass: 36017K(37696K)->36017K(37696K) Class: 6916K(9088K)->6916K(9088K)
[53.589s][info][gc          ] GC(55) Pause Full (System.gc()) 778M->778M(6062M) 943.691ms
[53.590s][info][gc,metaspace] GC(56) Metaspace: 42933K(46784K)->42933K(46784K) NonClass: 36017K(37696K)->36017K(37696K) Class: 6916K(9088K)->6916K(9088K)
[53.590s][info][gc          ] GC(56) Pause Young (System.gc()) 778M->778M(6056M) 0.893ms
[54.533s][info][gc,metaspace] GC(57) Metaspace: 42933K(46784K)->42933K(46784K) NonClass: 36017K(37696K)->36017K(37696K) Class: 6916K(9088K)->6916K(9088K)
[54.533s][info][gc          ] GC(57) Pause Full (System.gc()) 778M->778M(6056M) 943.457ms
[54.534s][info][gc,metaspace] GC(58) Metaspace: 42933K(46784K)->42933K(46784K) NonClass: 36017K(37696K)->36017K(37696K) Class: 6916K(9088K)->6916K(9088K)
[54.534s][info][gc          ] GC(58) Pause Young (System.gc()) 778M->778M(6074M) 0.734ms
[55.449s][info][gc,metaspace] GC(59) Metaspace: 42933K(46784K)->42933K(46784K) NonClass: 36017K(37696K)->36017K(37696K) Class: 6916K(9088K)->6916K(9088K)
[55.449s][info][gc          ] GC(59) Pause Full (System.gc()) 778M->778M(6074M) 915.018ms
[55.450s][info][gc,metaspace] GC(60) Metaspace: 42933K(46784K)->42933K(46784K) NonClass: 36017K(37696K)->36017K(37696K) Class: 6916K(9088K)->6916K(9088K)
[55.450s][info][gc          ] GC(60) Pause Young (System.gc()) 778M->778M(6068M) 0.809ms
[56.372s][info][gc,metaspace] GC(61) Metaspace: 42933K(46784K)->42933K(46784K) NonClass: 36017K(37696K)->36017K(37696K) Class: 6916K(9088K)->6916K(9088K)
[56.372s][info][gc          ] GC(61) Pause Full (System.gc()) 778M->778M(6068M) 922.264ms
[56.373s][info][gc,metaspace] GC(62) Metaspace: 42933K(46784K)->42933K(46784K) NonClass: 36017K(37696K)->36017K(37696K) Class: 6916K(9088K)->6916K(9088K)
[56.373s][info][gc          ] GC(62) Pause Young (System.gc()) 778M->778M(6084M) 0.951ms
[57.288s][info][gc,metaspace] GC(63) Metaspace: 42933K(46784K)->42933K(46784K) NonClass: 36017K(37696K)->36017K(37696K) Class: 6916K(9088K)->6916K(9088K)
[57.288s][info][gc          ] GC(63) Pause Full (System.gc()) 778M->778M(6084M) 914.145ms
[57.293s][info][gc,metaspace] GC(64) Metaspace: 42933K(46784K)->42933K(46784K) NonClass: 36017K(37696K)->36017K(37696K) Class: 6916K(9088K)->6916K(9088K)
[57.293s][info][gc          ] GC(64) Pause Young (System.gc()) 778M->778M(6079M) 0.600ms
[58.219s][info][gc,metaspace] GC(65) Metaspace: 42933K(46784K)->42933K(46784K) NonClass: 36017K(37696K)->36017K(37696K) Class: 6916K(9088K)->6916K(9088K)
[58.219s][info][gc          ] GC(65) Pause Full (System.gc()) 778M->778M(6079M) 926.075ms
[58.220s][info][gc,metaspace] GC(66) Metaspace: 42933K(46784K)->42933K(46784K) NonClass: 36017K(37696K)->36017K(37696K) Class: 6916K(9088K)->6916K(9088K)
[58.220s][info][gc          ] GC(66) Pause Young (System.gc()) 778M->778M(6093M) 0.924ms
[59.014s][info][gc,metaspace] GC(67) Metaspace: 42933K(46784K)->42933K(46784K) NonClass: 36017K(37696K)->36017K(37696K) Class: 6916K(9088K)->6916K(9088K)
[59.014s][info][gc          ] GC(67) Pause Full (System.gc()) 778M->778M(6093M) 794.580ms
[59.015s][info][gc,metaspace] GC(68) Metaspace: 42933K(46784K)->42933K(46784K) NonClass: 36017K(37696K)->36017K(37696K) Class: 6916K(9088K)->6916K(9088K)
[59.015s][info][gc          ] GC(68) Pause Young (System.gc()) 778M->778M(6088M) 0.862ms
[59.931s][info][gc,metaspace] GC(69) Metaspace: 42933K(46784K)->42933K(46784K) NonClass: 36017K(37696K)->36017K(37696K) Class: 6916K(9088K)->6916K(9088K)
[59.931s][info][gc          ] GC(69) Pause Full (System.gc()) 778M->778M(6088M) 915.576ms
[59.932s][info][gc,metaspace] GC(70) Metaspace: 42933K(46784K)->42933K(46784K) NonClass: 36017K(37696K)->36017K(37696K) Class: 6916K(9088K)->6916K(9088K)
[59.932s][info][gc          ] GC(70) Pause Young (System.gc()) 778M->778M(6100M) 0.617ms
[60.719s][info][gc,metaspace] GC(71) Metaspace: 42933K(46784K)->42933K(46784K) NonClass: 36017K(37696K)->36017K(37696K) Class: 6916K(9088K)->6916K(9088K)
[60.719s][info][gc          ] GC(71) Pause Full (System.gc()) 778M->778M(6100M) 787.764ms
[60.721s][info][gc,metaspace] GC(72) Metaspace: 42933K(46784K)->42933K(46784K) NonClass: 36017K(37696K)->36017K(37696K) Class: 6916K(9088K)->6916K(9088K)
[60.721s][info][gc          ] GC(72) Pause Young (System.gc()) 778M->778M(6097M) 0.890ms
[61.545s][info][gc,metaspace] GC(73) Metaspace: 42933K(46784K)->42933K(46784K) NonClass: 36017K(37696K)->36017K(37696K) Class: 6916K(9088K)->6916K(9088K)
[61.545s][info][gc          ] GC(73) Pause Full (System.gc()) 778M->778M(6097M) 824.183ms
[61.546s][info][gc,metaspace] GC(74) Metaspace: 42933K(46784K)->42933K(46784K) NonClass: 36017K(37696K)->36017K(37696K) Class: 6916K(9088K)->6916K(9088K)
[61.546s][info][gc          ] GC(74) Pause Young (System.gc()) 778M->778M(6107M) 0.909ms
[62.473s][info][gc,metaspace] GC(75) Metaspace: 42933K(46784K)->42933K(46784K) NonClass: 36017K(37696K)->36017K(37696K) Class: 6916K(9088K)->6916K(9088K)
[62.473s][info][gc          ] GC(75) Pause Full (System.gc()) 778M->778M(6107M) 927.527ms
[62.479s][info][gc,metaspace] GC(76) Metaspace: 42933K(46784K)->42933K(46784K) NonClass: 36017K(37696K)->36017K(37696K) Class: 6916K(9088K)->6916K(9088K)
[62.479s][info][gc          ] GC(76) Pause Young (System.gc()) 778M->778M(6104M) 0.827ms
[63.452s][info][gc,metaspace] GC(77) Metaspace: 42933K(46784K)->42933K(46784K) NonClass: 36017K(37696K)->36017K(37696K) Class: 6916K(9088K)->6916K(9088K)
[63.452s][info][gc          ] GC(77) Pause Full (System.gc()) 778M->778M(6104M) 973.306ms
[63.453s][info][gc,metaspace] GC(78) Metaspace: 42933K(46784K)->42933K(46784K) NonClass: 36017K(37696K)->36017K(37696K) Class: 6916K(9088K)->6916K(9088K)
[63.453s][info][gc          ] GC(78) Pause Young (System.gc()) 778M->778M(6112M) 0.941ms
[64.397s][info][gc,metaspace] GC(79) Metaspace: 42933K(46784K)->42933K(46784K) NonClass: 36017K(37696K)->36017K(37696K) Class: 6916K(9088K)->6916K(9088K)
[64.397s][info][gc          ] GC(79) Pause Full (System.gc()) 778M->778M(6112M) 944.228ms
[64.398s][info][gc,metaspace] GC(80) Metaspace: 42933K(46784K)->42933K(46784K) NonClass: 36017K(37696K)->36017K(37696K) Class: 6916K(9088K)->6916K(9088K)
[64.398s][info][gc          ] GC(80) Pause Young (System.gc()) 778M->778M(6110M) 0.503ms
[65.573s][info][gc,metaspace] GC(81) Metaspace: 42933K(46784K)->42933K(46784K) NonClass: 36017K(37696K)->36017K(37696K) Class: 6916K(9088K)->6916K(9088K)
[65.573s][info][gc          ] GC(81) Pause Full (System.gc()) 778M->778M(6110M) 1174.713ms
[65.574s][info][gc,metaspace] GC(82) Metaspace: 42933K(46784K)->42933K(46784K) NonClass: 36017K(37696K)->36017K(37696K) Class: 6916K(9088K)->6916K(9088K)
[65.574s][info][gc          ] GC(82) Pause Young (System.gc()) 778M->778M(6117M) 1.025ms
[66.465s][info][gc,metaspace] GC(83) Metaspace: 42933K(46784K)->42933K(46784K) NonClass: 36017K(37696K)->36017K(37696K) Class: 6916K(9088K)->6916K(9088K)
[66.465s][info][gc          ] GC(83) Pause Full (System.gc()) 778M->778M(6117M) 890.461ms
[66.466s][info][gc,metaspace] GC(84) Metaspace: 42933K(46784K)->42933K(46784K) NonClass: 36017K(37696K)->36017K(37696K) Class: 6916K(9088K)->6916K(9088K)
[66.466s][info][gc          ] GC(84) Pause Young (System.gc()) 791M->778M(6115M) 0.800ms
[67.429s][info][gc,metaspace] GC(85) Metaspace: 42933K(46784K)->42933K(46784K) NonClass: 36017K(37696K)->36017K(37696K) Class: 6916K(9088K)->6916K(9088K)
[67.429s][info][gc          ] GC(85) Pause Full (System.gc()) 778M->778M(6115M) 963.775ms
[67.431s][info][gc,metaspace] GC(86) Metaspace: 42933K(46784K)->42933K(46784K) NonClass: 36017K(37696K)->36017K(37696K) Class: 6916K(9088K)->6916K(9088K)
[67.431s][info][gc          ] GC(86) Pause Young (System.gc()) 778M->778M(6121M) 0.915ms
[68.387s][info][gc,metaspace] GC(87) Metaspace: 42933K(46784K)->42933K(46784K) NonClass: 36017K(37696K)->36017K(37696K) Class: 6916K(9088K)->6916K(9088K)
[68.387s][info][gc          ] GC(87) Pause Full (System.gc()) 778M->778M(6121M) 956.185ms
[68.392s][info][gc,metaspace] GC(88) Metaspace: 42933K(46784K)->42933K(46784K) NonClass: 36017K(37696K)->36017K(37696K) Class: 6916K(9088K)->6916K(9088K)
[68.392s][info][gc          ] GC(88) Pause Young (System.gc()) 778M->778M(6119M) 0.803ms
[69.336s][info][gc,metaspace] GC(89) Metaspace: 42933K(46784K)->42933K(46784K) NonClass: 36017K(37696K)->36017K(37696K) Class: 6916K(9088K)->6916K(9088K)
[69.336s][info][gc          ] GC(89) Pause Full (System.gc()) 778M->778M(6119M) 944.022ms
[69.337s][info][gc,metaspace] GC(90) Metaspace: 42933K(46784K)->42933K(46784K) NonClass: 36017K(37696K)->36017K(37696K) Class: 6916K(9088K)->6916K(9088K)
[69.337s][info][gc          ] GC(90) Pause Young (System.gc()) 778M->778M(6125M) 0.858ms
[70.182s][info][gc,metaspace] GC(91) Metaspace: 42933K(46784K)->42933K(46784K) NonClass: 36017K(37696K)->36017K(37696K) Class: 6916K(9088K)->6916K(9088K)
[70.182s][info][gc          ] GC(91) Pause Full (System.gc()) 778M->778M(6125M) 845.023ms
[70.183s][info][gc,metaspace] GC(92) Metaspace: 42933K(46784K)->42933K(46784K) NonClass: 36017K(37696K)->36017K(37696K) Class: 6916K(9088K)->6916K(9088K)
[70.183s][info][gc          ] GC(92) Pause Young (System.gc()) 778M->778M(6123M) 0.831ms
[71.132s][info][gc,metaspace] GC(93) Metaspace: 42933K(46784K)->42933K(46784K) NonClass: 36017K(37696K)->36017K(37696K) Class: 6916K(9088K)->6916K(9088K)
[71.132s][info][gc          ] GC(93) Pause Full (System.gc()) 778M->778M(6123M) 948.660ms
[71.132s][info][gc,metaspace] GC(94) Metaspace: 42933K(46784K)->42933K(46784K) NonClass: 36017K(37696K)->36017K(37696K) Class: 6916K(9088K)->6916K(9088K)
[71.132s][info][gc          ] GC(94) Pause Young (System.gc()) 778M->778M(6128M) 0.620ms
[72.004s][info][gc,metaspace] GC(95) Metaspace: 42933K(46784K)->42933K(46784K) NonClass: 36017K(37696K)->36017K(37696K) Class: 6916K(9088K)->6916K(9088K)
[72.004s][info][gc          ] GC(95) Pause Full (System.gc()) 778M->778M(6128M) 871.107ms
[72.005s][info][gc,metaspace] GC(96) Metaspace: 42933K(46784K)->42933K(46784K) NonClass: 36017K(37696K)->36017K(37696K) Class: 6916K(9088K)->6916K(9088K)
[72.005s][info][gc          ] GC(96) Pause Young (System.gc()) 778M->778M(6126M) 0.893ms
[72.923s][info][gc,metaspace] GC(97) Metaspace: 42933K(46784K)->42933K(46784K) NonClass: 36017K(37696K)->36017K(37696K) Class: 6916K(9088K)->6916K(9088K)
[72.923s][info][gc          ] GC(97) Pause Full (System.gc()) 778M->778M(6126M) 917.952ms
[72.924s][info][gc,metaspace] GC(98) Metaspace: 42933K(46784K)->42933K(46784K) NonClass: 36017K(37696K)->36017K(37696K) Class: 6916K(9088K)->6916K(9088K)
[72.924s][info][gc          ] GC(98) Pause Young (System.gc()) 778M->778M(6130M) 0.960ms
[73.875s][info][gc,metaspace] GC(99) Metaspace: 42933K(46784K)->42933K(46784K) NonClass: 36017K(37696K)->36017K(37696K) Class: 6916K(9088K)->6916K(9088K)
[73.875s][info][gc          ] GC(99) Pause Full (System.gc()) 778M->778M(6130M) 951.177ms
[73.876s][info][gc,metaspace] GC(100) Metaspace: 42933K(46784K)->42933K(46784K) NonClass: 36017K(37696K)->36017K(37696K) Class: 6916K(9088K)->6916K(9088K)
[73.876s][info][gc          ] GC(100) Pause Young (System.gc()) 778M->778M(6129M) 0.479ms
[74.708s][info][gc,metaspace] GC(101) Metaspace: 42933K(46784K)->42933K(46784K) NonClass: 36017K(37696K)->36017K(37696K) Class: 6916K(9088K)->6916K(9088K)
[74.708s][info][gc          ] GC(101) Pause Full (System.gc()) 778M->778M(6129M) 832.656ms
[74.709s][info][gc,metaspace] GC(102) Metaspace: 42933K(46784K)->42933K(46784K) NonClass: 36017K(37696K)->36017K(37696K) Class: 6916K(9088K)->6916K(9088K)
[74.709s][info][gc          ] GC(102) Pause Young (System.gc()) 778M->778M(6132M) 0.853ms
[75.641s][info][gc,metaspace] GC(103) Metaspace: 42933K(46784K)->42933K(46784K) NonClass: 36017K(37696K)->36017K(37696K) Class: 6916K(9088K)->6916K(9088K)
[75.641s][info][gc          ] GC(103) Pause Full (System.gc()) 778M->778M(6132M) 932.104ms
[75.642s][info][gc,metaspace] GC(104) Metaspace: 42933K(46784K)->42933K(46784K) NonClass: 36017K(37696K)->36017K(37696K) Class: 6916K(9088K)->6916K(9088K)
[75.642s][info][gc          ] GC(104) Pause Young (System.gc()) 778M->778M(6131M) 0.540ms
[76.550s][info][gc,metaspace] GC(105) Metaspace: 42933K(46784K)->42933K(46784K) NonClass: 36017K(37696K)->36017K(37696K) Class: 6916K(9088K)->6916K(9088K)
[76.550s][info][gc          ] GC(105) Pause Full (System.gc()) 778M->778M(6131M) 907.825ms
[76.551s][info][gc,metaspace] GC(106) Metaspace: 42933K(46784K)->42933K(46784K) NonClass: 36017K(37696K)->36017K(37696K) Class: 6916K(9088K)->6916K(9088K)
[76.551s][info][gc          ] GC(106) Pause Young (System.gc()) 778M->778M(6134M) 0.889ms
[77.470s][info][gc,metaspace] GC(107) Metaspace: 42933K(46784K)->42933K(46784K) NonClass: 36017K(37696K)->36017K(37696K) Class: 6916K(9088K)->6916K(9088K)
[77.470s][info][gc          ] GC(107) Pause Full (System.gc()) 778M->778M(6134M) 919.222ms
[77.471s][info][gc,metaspace] GC(108) Metaspace: 42933K(46784K)->42933K(46784K) NonClass: 36017K(37696K)->36017K(37696K) Class: 6916K(9088K)->6916K(9088K)
[77.471s][info][gc          ] GC(108) Pause Young (System.gc()) 778M->778M(6133M) 0.799ms
[78.345s][info][gc,metaspace] GC(109) Metaspace: 42933K(46784K)->42933K(46784K) NonClass: 36017K(37696K)->36017K(37696K) Class: 6916K(9088K)->6916K(9088K)
[78.345s][info][gc          ] GC(109) Pause Full (System.gc()) 778M->778M(6133M) 874.227ms
[78.346s][info][gc,metaspace] GC(110) Metaspace: 42933K(46784K)->42933K(46784K) NonClass: 36017K(37696K)->36017K(37696K) Class: 6916K(9088K)->6916K(9088K)
[78.346s][info][gc          ] GC(110) Pause Young (System.gc()) 778M->778M(6136M) 0.859ms
[79.293s][info][gc,metaspace] GC(111) Metaspace: 42933K(46784K)->42933K(46784K) NonClass: 36017K(37696K)->36017K(37696K) Class: 6916K(9088K)->6916K(9088K)
[79.293s][info][gc          ] GC(111) Pause Full (System.gc()) 778M->778M(6136M) 946.747ms
[79.298s][info][gc,metaspace] GC(112) Metaspace: 42933K(46784K)->42933K(46784K) NonClass: 36017K(37696K)->36017K(37696K) Class: 6916K(9088K)->6916K(9088K)
[79.298s][info][gc          ] GC(112) Pause Young (System.gc()) 778M->778M(6135M) 0.665ms
[80.247s][info][gc,metaspace] GC(113) Metaspace: 42933K(46784K)->42933K(46784K) NonClass: 36017K(37696K)->36017K(37696K) Class: 6916K(9088K)->6916K(9088K)
[80.247s][info][gc          ] GC(113) Pause Full (System.gc()) 778M->778M(6135M) 948.841ms
[80.248s][info][gc,metaspace] GC(114) Metaspace: 42933K(46784K)->42933K(46784K) NonClass: 36017K(37696K)->36017K(37696K) Class: 6916K(9088K)->6916K(9088K)
[80.248s][info][gc          ] GC(114) Pause Young (System.gc()) 778M->778M(6137M) 0.876ms
[81.172s][info][gc,metaspace] GC(115) Metaspace: 42933K(46784K)->42933K(46784K) NonClass: 36017K(37696K)->36017K(37696K) Class: 6916K(9088K)->6916K(9088K)
[81.172s][info][gc          ] GC(115) Pause Full (System.gc()) 778M->778M(6137M) 924.001ms
[81.173s][info][gc,metaspace] GC(116) Metaspace: 42933K(46784K)->42933K(46784K) NonClass: 36017K(37696K)->36017K(37696K) Class: 6916K(9088K)->6916K(9088K)
[81.173s][info][gc          ] GC(116) Pause Young (System.gc()) 778M->778M(6136M) 0.494ms
[82.091s][info][gc,metaspace] GC(117) Metaspace: 42933K(46784K)->42933K(46784K) NonClass: 36017K(37696K)->36017K(37696K) Class: 6916K(9088K)->6916K(9088K)
[82.091s][info][gc          ] GC(117) Pause Full (System.gc()) 778M->778M(6136M) 918.247ms
[82.092s][info][gc,metaspace] GC(118) Metaspace: 42933K(46784K)->42933K(46784K) NonClass: 36017K(37696K)->36017K(37696K) Class: 6916K(9088K)->6916K(9088K)
[82.092s][info][gc          ] GC(118) Pause Young (System.gc()) 778M->778M(6138M) 0.912ms
[83.031s][info][gc,metaspace] GC(119) Metaspace: 42933K(46784K)->42933K(46784K) NonClass: 36017K(37696K)->36017K(37696K) Class: 6916K(9088K)->6916K(9088K)
[83.031s][info][gc          ] GC(119) Pause Full (System.gc()) 778M->778M(6138M) 938.803ms
[83.032s][info][gc,metaspace] GC(120) Metaspace: 42933K(46784K)->42933K(46784K) NonClass: 36017K(37696K)->36017K(37696K) Class: 6916K(9088K)->6916K(9088K)
[83.032s][info][gc          ] GC(120) Pause Young (System.gc()) 778M->778M(6138M) 0.830ms
[83.973s][info][gc,metaspace] GC(121) Metaspace: 42933K(46784K)->42933K(46784K) NonClass: 36017K(37696K)->36017K(37696K) Class: 6916K(9088K)->6916K(9088K)
[83.973s][info][gc          ] GC(121) Pause Full (System.gc()) 778M->778M(6138M) 941.551ms
[83.974s][info][gc,metaspace] GC(122) Metaspace: 42933K(46784K)->42933K(46784K) NonClass: 36017K(37696K)->36017K(37696K) Class: 6916K(9088K)->6916K(9088K)
[83.974s][info][gc          ] GC(122) Pause Young (System.gc()) 778M->778M(6139M) 0.862ms
[84.931s][info][gc,metaspace] GC(123) Metaspace: 42933K(46784K)->42933K(46784K) NonClass: 36017K(37696K)->36017K(37696K) Class: 6916K(9088K)->6916K(9088K)
[84.931s][info][gc          ] GC(123) Pause Full (System.gc()) 778M->778M(6139M) 956.571ms
[84.932s][info][gc,metaspace] GC(124) Metaspace: 42933K(46784K)->42933K(46784K) NonClass: 36017K(37696K)->36017K(37696K) Class: 6916K(9088K)->6916K(9088K)
[84.932s][info][gc          ] GC(124) Pause Young (System.gc()) 778M->778M(6139M) 0.803ms
[85.901s][info][gc,metaspace] GC(125) Metaspace: 42933K(46784K)->42933K(46784K) NonClass: 36017K(37696K)->36017K(37696K) Class: 6916K(9088K)->6916K(9088K)
[85.901s][info][gc          ] GC(125) Pause Full (System.gc()) 778M->778M(6139M) 969.285ms
[85.902s][info][gc,metaspace] GC(126) Metaspace: 42933K(46784K)->42933K(46784K) NonClass: 36017K(37696K)->36017K(37696K) Class: 6916K(9088K)->6916K(9088K)
[85.902s][info][gc          ] GC(126) Pause Young (System.gc()) 778M->778M(6140M) 0.820ms
[86.806s][info][gc,metaspace] GC(127) Metaspace: 42933K(46784K)->42933K(46784K) NonClass: 36017K(37696K)->36017K(37696K) Class: 6916K(9088K)->6916K(9088K)
[86.806s][info][gc          ] GC(127) Pause Full (System.gc()) 778M->778M(6140M) 903.511ms
[86.807s][info][gc,metaspace] GC(128) Metaspace: 42933K(46784K)->42933K(46784K) NonClass: 36017K(37696K)->36017K(37696K) Class: 6916K(9088K)->6916K(9088K)
[86.807s][info][gc          ] GC(128) Pause Young (System.gc()) 778M->778M(6139M) 0.950ms
[87.728s][info][gc,metaspace] GC(129) Metaspace: 42933K(46784K)->42933K(46784K) NonClass: 36017K(37696K)->36017K(37696K) Class: 6916K(9088K)->6916K(9088K)
[87.728s][info][gc          ] GC(129) Pause Full (System.gc()) 778M->778M(6139M) 920.794ms
[87.729s][info][gc,metaspace] GC(130) Metaspace: 42933K(46784K)->42933K(46784K) NonClass: 36017K(37696K)->36017K(37696K) Class: 6916K(9088K)->6916K(9088K)
[87.729s][info][gc          ] GC(130) Pause Young (System.gc()) 778M->778M(6140M) 0.873ms
[88.660s][info][gc,metaspace] GC(131) Metaspace: 42933K(46784K)->42933K(46784K) NonClass: 36017K(37696K)->36017K(37696K) Class: 6916K(9088K)->6916K(9088K)
[88.660s][info][gc          ] GC(131) Pause Full (System.gc()) 778M->778M(6140M) 931.065ms
[88.661s][info][gc,metaspace] GC(132) Metaspace: 42933K(46784K)->42933K(46784K) NonClass: 36017K(37696K)->36017K(37696K) Class: 6916K(9088K)->6916K(9088K)
[88.661s][info][gc          ] GC(132) Pause Young (System.gc()) 778M->778M(6140M) 0.824ms
[89.608s][info][gc,metaspace] GC(133) Metaspace: 42933K(46784K)->42933K(46784K) NonClass: 36017K(37696K)->36017K(37696K) Class: 6916K(9088K)->6916K(9088K)
[89.608s][info][gc          ] GC(133) Pause Full (System.gc()) 778M->778M(6140M) 947.268ms
[89.609s][info][gc,metaspace] GC(134) Metaspace: 42933K(46784K)->42933K(46784K) NonClass: 36017K(37696K)->36017K(37696K) Class: 6916K(9088K)->6916K(9088K)
[89.609s][info][gc          ] GC(134) Pause Young (System.gc()) 778M->778M(6141M) 0.919ms
[90.549s][info][gc,metaspace] GC(135) Metaspace: 42933K(46784K)->42933K(46784K) NonClass: 36017K(37696K)->36017K(37696K) Class: 6916K(9088K)->6916K(9088K)
[90.549s][info][gc          ] GC(135) Pause Full (System.gc()) 778M->778M(6141M) 939.814ms
[90.554s][info][gc,metaspace] GC(136) Metaspace: 42933K(46784K)->42933K(46784K) NonClass: 36017K(37696K)->36017K(37696K) Class: 6916K(9088K)->6916K(9088K)
[90.554s][info][gc          ] GC(136) Pause Young (System.gc()) 778M->778M(6141M) 0.862ms
[91.482s][info][gc,metaspace] GC(137) Metaspace: 42933K(46784K)->42933K(46784K) NonClass: 36017K(37696K)->36017K(37696K) Class: 6916K(9088K)->6916K(9088K)
[91.482s][info][gc          ] GC(137) Pause Full (System.gc()) 778M->778M(6141M) 927.785ms
[91.483s][info][gc,metaspace] GC(138) Metaspace: 42933K(46784K)->42933K(46784K) NonClass: 36017K(37696K)->36017K(37696K) Class: 6916K(9088K)->6916K(9088K)
[91.483s][info][gc          ] GC(138) Pause Young (System.gc()) 778M->778M(6141M) 0.968ms
[92.414s][info][gc,metaspace] GC(139) Metaspace: 42933K(46784K)->42933K(46784K) NonClass: 36017K(37696K)->36017K(37696K) Class: 6916K(9088K)->6916K(9088K)
[92.414s][info][gc          ] GC(139) Pause Full (System.gc()) 778M->778M(6141M) 931.371ms
[92.415s][info][gc,metaspace] GC(140) Metaspace: 42933K(46784K)->42933K(46784K) NonClass: 36017K(37696K)->36017K(37696K) Class: 6916K(9088K)->6916K(9088K)
[92.415s][info][gc          ] GC(140) Pause Young (System.gc()) 778M->778M(6141M) 0.862ms
[93.351s][info][gc,metaspace] GC(141) Metaspace: 42933K(46784K)->42933K(46784K) NonClass: 36017K(37696K)->36017K(37696K) Class: 6916K(9088K)->6916K(9088K)
[93.351s][info][gc          ] GC(141) Pause Full (System.gc()) 778M->778M(6141M) 935.919ms
[93.352s][info][gc,metaspace] GC(142) Metaspace: 42933K(46784K)->42933K(46784K) NonClass: 36017K(37696K)->36017K(37696K) Class: 6916K(9088K)->6916K(9088K)
[93.352s][info][gc          ] GC(142) Pause Young (System.gc()) 778M->778M(6142M) 0.949ms
[94.311s][info][gc,metaspace] GC(143) Metaspace: 42933K(46784K)->42933K(46784K) NonClass: 36017K(37696K)->36017K(37696K) Class: 6916K(9088K)->6916K(9088K)
[94.311s][info][gc          ] GC(143) Pause Full (System.gc()) 778M->778M(6142M) 958.225ms
[94.312s][info][gc,metaspace] GC(144) Metaspace: 42933K(46784K)->42933K(46784K) NonClass: 36017K(37696K)->36017K(37696K) Class: 6916K(9088K)->6916K(9088K)
[94.312s][info][gc          ] GC(144) Pause Young (System.gc()) 778M->778M(6142M) 1.051ms
[95.295s][info][gc,metaspace] GC(145) Metaspace: 42933K(46784K)->42933K(46784K) NonClass: 36017K(37696K)->36017K(37696K) Class: 6916K(9088K)->6916K(9088K)
[95.295s][info][gc          ] GC(145) Pause Full (System.gc()) 778M->778M(6142M) 983.214ms
[95.296s][info][gc,metaspace] GC(146) Metaspace: 42933K(46784K)->42933K(46784K) NonClass: 36017K(37696K)->36017K(37696K) Class: 6916K(9088K)->6916K(9088K)
[95.296s][info][gc          ] GC(146) Pause Young (System.gc()) 778M->778M(6142M) 0.510ms
[96.231s][info][gc,metaspace] GC(147) Metaspace: 42933K(46784K)->42933K(46784K) NonClass: 36017K(37696K)->36017K(37696K) Class: 6916K(9088K)->6916K(9088K)
[96.231s][info][gc          ] GC(147) Pause Full (System.gc()) 778M->778M(6142M) 934.909ms
[96.236s][info][gc,metaspace] GC(148) Metaspace: 42933K(46784K)->42933K(46784K) NonClass: 36017K(37696K)->36017K(37696K) Class: 6916K(9088K)->6916K(9088K)
[96.236s][info][gc          ] GC(148) Pause Young (System.gc()) 778M->778M(6142M) 0.719ms
[97.148s][info][gc,metaspace] GC(149) Metaspace: 42933K(46784K)->42933K(46784K) NonClass: 36017K(37696K)->36017K(37696K) Class: 6916K(9088K)->6916K(9088K)
[97.148s][info][gc          ] GC(149) Pause Full (System.gc()) 778M->778M(6142M) 912.576ms
[97.149s][info][gc,metaspace] GC(150) Metaspace: 42933K(46784K)->42933K(46784K) NonClass: 36017K(37696K)->36017K(37696K) Class: 6916K(9088K)->6916K(9088K)
[97.150s][info][gc          ] GC(150) Pause Young (System.gc()) 778M->778M(6142M) 0.913ms
[98.147s][info][gc,metaspace] GC(151) Metaspace: 42933K(46784K)->42933K(46784K) NonClass: 36017K(37696K)->36017K(37696K) Class: 6916K(9088K)->6916K(9088K)
[98.147s][info][gc          ] GC(151) Pause Full (System.gc()) 778M->778M(6142M) 997.877ms
[98.148s][info][gc,metaspace] GC(152) Metaspace: 42933K(46784K)->42933K(46784K) NonClass: 36017K(37696K)->36017K(37696K) Class: 6916K(9088K)->6916K(9088K)
[98.148s][info][gc          ] GC(152) Pause Young (System.gc()) 778M->778M(6142M) 0.906ms
[99.063s][info][gc,metaspace] GC(153) Metaspace: 42933K(46784K)->42933K(46784K) NonClass: 36017K(37696K)->36017K(37696K) Class: 6916K(9088K)->6916K(9088K)
[99.063s][info][gc          ] GC(153) Pause Full (System.gc()) 778M->778M(6142M) 914.310ms
[99.064s][info][gc,metaspace] GC(154) Metaspace: 42933K(46784K)->42933K(46784K) NonClass: 36017K(37696K)->36017K(37696K) Class: 6916K(9088K)->6916K(9088K)
[99.064s][info][gc          ] GC(154) Pause Young (System.gc()) 778M->778M(6142M) 0.764ms
[99.998s][info][gc,metaspace] GC(155) Metaspace: 42933K(46784K)->42933K(46784K) NonClass: 36017K(37696K)->36017K(37696K) Class: 6916K(9088K)->6916K(9088K)
[99.998s][info][gc          ] GC(155) Pause Full (System.gc()) 778M->778M(6142M) 934.269ms
[99.999s][info][gc,metaspace] GC(156) Metaspace: 42933K(46784K)->42933K(46784K) NonClass: 36017K(37696K)->36017K(37696K) Class: 6916K(9088K)->6916K(9088K)
[99.999s][info][gc          ] GC(156) Pause Young (System.gc()) 778M->778M(6142M) 0.783ms
[100.920s][info][gc,metaspace] GC(157) Metaspace: 42933K(46784K)->42933K(46784K) NonClass: 36017K(37696K)->36017K(37696K) Class: 6916K(9088K)->6916K(9088K)
[100.920s][info][gc          ] GC(157) Pause Full (System.gc()) 778M->778M(6142M) 921.241ms
[100.921s][info][gc,metaspace] GC(158) Metaspace: 42933K(46784K)->42933K(46784K) NonClass: 36017K(37696K)->36017K(37696K) Class: 6916K(9088K)->6916K(9088K)
[100.921s][info][gc          ] GC(158) Pause Young (System.gc()) 778M->778M(6143M) 0.960ms
[101.707s][info][gc,metaspace] GC(159) Metaspace: 42933K(46784K)->42933K(46784K) NonClass: 36017K(37696K)->36017K(37696K) Class: 6916K(9088K)->6916K(9088K)
[101.707s][info][gc          ] GC(159) Pause Full (System.gc()) 778M->778M(6143M) 785.845ms
[101.708s][info][gc,metaspace] GC(160) Metaspace: 42933K(46784K)->42933K(46784K) NonClass: 36017K(37696K)->36017K(37696K) Class: 6916K(9088K)->6916K(9088K)
[101.708s][info][gc          ] GC(160) Pause Young (System.gc()) 778M->778M(6143M) 0.882ms
[102.626s][info][gc,metaspace] GC(161) Metaspace: 42933K(46784K)->42933K(46784K) NonClass: 36017K(37696K)->36017K(37696K) Class: 6916K(9088K)->6916K(9088K)
[102.626s][info][gc          ] GC(161) Pause Full (System.gc()) 778M->778M(6143M) 917.432ms
[102.627s][info][gc,metaspace] GC(162) Metaspace: 42933K(46784K)->42933K(46784K) NonClass: 36017K(37696K)->36017K(37696K) Class: 6916K(9088K)->6916K(9088K)
[102.627s][info][gc          ] GC(162) Pause Young (System.gc()) 778M->778M(6143M) 0.844ms
[103.547s][info][gc,metaspace] GC(163) Metaspace: 42933K(46784K)->42933K(46784K) NonClass: 36017K(37696K)->36017K(37696K) Class: 6916K(9088K)->6916K(9088K)
[103.547s][info][gc          ] GC(163) Pause Full (System.gc()) 778M->778M(6143M) 920.582ms
[103.548s][info][gc,metaspace] GC(164) Metaspace: 42933K(46784K)->42933K(46784K) NonClass: 36017K(37696K)->36017K(37696K) Class: 6916K(9088K)->6916K(9088K)
[103.548s][info][gc          ] GC(164) Pause Young (System.gc()) 778M->778M(6143M) 0.857ms
[104.468s][info][gc,metaspace] GC(165) Metaspace: 42933K(46784K)->42933K(46784K) NonClass: 36017K(37696K)->36017K(37696K) Class: 6916K(9088K)->6916K(9088K)
[104.468s][info][gc          ] GC(165) Pause Full (System.gc()) 778M->778M(6143M) 919.323ms
[104.469s][info][gc,metaspace] GC(166) Metaspace: 42933K(46784K)->42933K(46784K) NonClass: 36017K(37696K)->36017K(37696K) Class: 6916K(9088K)->6916K(9088K)
[104.469s][info][gc          ] GC(166) Pause Young (System.gc()) 778M->778M(6143M) 0.977ms
[105.434s][info][gc,metaspace] GC(167) Metaspace: 42933K(46784K)->42933K(46784K) NonClass: 36017K(37696K)->36017K(37696K) Class: 6916K(9088K)->6916K(9088K)
[105.434s][info][gc          ] GC(167) Pause Full (System.gc()) 778M->778M(6143M) 965.119ms
[105.435s][info][gc,metaspace] GC(168) Metaspace: 42933K(46784K)->42933K(46784K) NonClass: 36017K(37696K)->36017K(37696K) Class: 6916K(9088K)->6916K(9088K)
[105.435s][info][gc          ] GC(168) Pause Young (System.gc()) 778M->778M(6143M) 0.887ms
[106.371s][info][gc,metaspace] GC(169) Metaspace: 42933K(46784K)->42933K(46784K) NonClass: 36017K(37696K)->36017K(37696K) Class: 6916K(9088K)->6916K(9088K)
[106.371s][info][gc          ] GC(169) Pause Full (System.gc()) 778M->778M(6143M) 935.782ms
[106.372s][info][gc,metaspace] GC(170) Metaspace: 42933K(46784K)->42933K(46784K) NonClass: 36017K(37696K)->36017K(37696K) Class: 6916K(9088K)->6916K(9088K)
[106.372s][info][gc          ] GC(170) Pause Young (System.gc()) 778M->778M(6143M) 0.812ms
[107.310s][info][gc,metaspace] GC(171) Metaspace: 42933K(46784K)->42933K(46784K) NonClass: 36017K(37696K)->36017K(37696K) Class: 6916K(9088K)->6916K(9088K)
[107.310s][info][gc          ] GC(171) Pause Full (System.gc()) 778M->778M(6143M) 938.141ms
[107.315s][info][gc,metaspace] GC(172) Metaspace: 42933K(46784K)->42933K(46784K) NonClass: 36017K(37696K)->36017K(37696K) Class: 6916K(9088K)->6916K(9088K)
[107.315s][info][gc          ] GC(172) Pause Young (System.gc()) 778M->778M(6143M) 0.783ms
[108.271s][info][gc,metaspace] GC(173) Metaspace: 42933K(46784K)->42933K(46784K) NonClass: 36017K(37696K)->36017K(37696K) Class: 6916K(9088K)->6916K(9088K)
[108.271s][info][gc          ] GC(173) Pause Full (System.gc()) 778M->778M(6143M) 956.509ms
[108.273s][info][gc,metaspace] GC(174) Metaspace: 42933K(46784K)->42933K(46784K) NonClass: 36017K(37696K)->36017K(37696K) Class: 6916K(9088K)->6916K(9088K)
[108.273s][info][gc          ] GC(174) Pause Young (System.gc()) 778M->778M(6143M) 0.896ms
[109.219s][info][gc,metaspace] GC(175) Metaspace: 42933K(46784K)->42933K(46784K) NonClass: 36017K(37696K)->36017K(37696K) Class: 6916K(9088K)->6916K(9088K)
[109.219s][info][gc          ] GC(175) Pause Full (System.gc()) 778M->778M(6143M) 946.558ms
[109.220s][info][gc,metaspace] GC(176) Metaspace: 42933K(46784K)->42933K(46784K) NonClass: 36017K(37696K)->36017K(37696K) Class: 6916K(9088K)->6916K(9088K)
[109.220s][info][gc          ] GC(176) Pause Young (System.gc()) 778M->778M(6143M) 0.847ms
[110.166s][info][gc,metaspace] GC(177) Metaspace: 42933K(46784K)->42933K(46784K) NonClass: 36017K(37696K)->36017K(37696K) Class: 6916K(9088K)->6916K(9088K)
[110.166s][info][gc          ] GC(177) Pause Full (System.gc()) 778M->778M(6143M) 946.053ms
[110.167s][info][gc,metaspace] GC(178) Metaspace: 42933K(46784K)->42933K(46784K) NonClass: 36017K(37696K)->36017K(37696K) Class: 6916K(9088K)->6916K(9088K)
[110.167s][info][gc          ] GC(178) Pause Young (System.gc()) 778M->778M(6143M) 0.809ms
[111.035s][info][gc,metaspace] GC(179) Metaspace: 42933K(46784K)->42933K(46784K) NonClass: 36017K(37696K)->36017K(37696K) Class: 6916K(9088K)->6916K(9088K)
[111.035s][info][gc          ] GC(179) Pause Full (System.gc()) 778M->778M(6143M) 867.995ms
[111.036s][info][gc,metaspace] GC(180) Metaspace: 42933K(46784K)->42933K(46784K) NonClass: 36017K(37696K)->36017K(37696K) Class: 6916K(9088K)->6916K(9088K)
[111.036s][info][gc          ] GC(180) Pause Young (System.gc()) 778M->778M(6143M) 0.776ms
[111.964s][info][gc,metaspace] GC(181) Metaspace: 42933K(46784K)->42933K(46784K) NonClass: 36017K(37696K)->36017K(37696K) Class: 6916K(9088K)->6916K(9088K)
[111.965s][info][gc          ] GC(181) Pause Full (System.gc()) 778M->778M(6143M) 928.456ms
[111.965s][info][gc,metaspace] GC(182) Metaspace: 42933K(46784K)->42933K(46784K) NonClass: 36017K(37696K)->36017K(37696K) Class: 6916K(9088K)->6916K(9088K)
[111.966s][info][gc          ] GC(182) Pause Young (System.gc()) 778M->778M(6143M) 0.848ms
[112.873s][info][gc,metaspace] GC(183) Metaspace: 42933K(46784K)->42933K(46784K) NonClass: 36017K(37696K)->36017K(37696K) Class: 6916K(9088K)->6916K(9088K)
[112.873s][info][gc          ] GC(183) Pause Full (System.gc()) 778M->778M(6143M) 907.792ms
[112.874s][info][gc,metaspace] GC(184) Metaspace: 42933K(46784K)->42933K(46784K) NonClass: 36017K(37696K)->36017K(37696K) Class: 6916K(9088K)->6916K(9088K)
[112.874s][info][gc          ] GC(184) Pause Young (System.gc()) 778M->778M(6143M) 0.878ms
[113.815s][info][gc,metaspace] GC(185) Metaspace: 42933K(46784K)->42933K(46784K) NonClass: 36017K(37696K)->36017K(37696K) Class: 6916K(9088K)->6916K(9088K)
[113.815s][info][gc          ] GC(185) Pause Full (System.gc()) 778M->778M(6143M) 940.919ms
[113.816s][info][gc,metaspace] GC(186) Metaspace: 42933K(46784K)->42933K(46784K) NonClass: 36017K(37696K)->36017K(37696K) Class: 6916K(9088K)->6916K(9088K)
[113.816s][info][gc          ] GC(186) Pause Young (System.gc()) 778M->778M(6143M) 0.785ms
[114.651s][info][gc,metaspace] GC(187) Metaspace: 42933K(46784K)->42933K(46784K) NonClass: 36017K(37696K)->36017K(37696K) Class: 6916K(9088K)->6916K(9088K)
[114.651s][info][gc          ] GC(187) Pause Full (System.gc()) 778M->778M(6143M) 834.811ms
[114.652s][info][gc,metaspace] GC(188) Metaspace: 42933K(46784K)->42933K(46784K) NonClass: 36017K(37696K)->36017K(37696K) Class: 6916K(9088K)->6916K(9088K)
[114.652s][info][gc          ] GC(188) Pause Young (System.gc()) 778M->778M(6143M) 0.832ms
[115.572s][info][gc,metaspace] GC(189) Metaspace: 42933K(46784K)->42933K(46784K) NonClass: 36017K(37696K)->36017K(37696K) Class: 6916K(9088K)->6916K(9088K)
[115.572s][info][gc          ] GC(189) Pause Full (System.gc()) 778M->778M(6143M) 920.232ms
[115.573s][info][gc,metaspace] GC(190) Metaspace: 42933K(46784K)->42933K(46784K) NonClass: 36017K(37696K)->36017K(37696K) Class: 6916K(9088K)->6916K(9088K)
[115.573s][info][gc          ] GC(190) Pause Young (System.gc()) 778M->778M(6143M) 0.919ms
[116.519s][info][gc,metaspace] GC(191) Metaspace: 42933K(46784K)->42933K(46784K) NonClass: 36017K(37696K)->36017K(37696K) Class: 6916K(9088K)->6916K(9088K)
[116.519s][info][gc          ] GC(191) Pause Full (System.gc()) 778M->778M(6143M) 945.562ms
[116.520s][info][gc,metaspace] GC(192) Metaspace: 42933K(46784K)->42933K(46784K) NonClass: 36017K(37696K)->36017K(37696K) Class: 6916K(9088K)->6916K(9088K)
[116.520s][info][gc          ] GC(192) Pause Young (System.gc()) 778M->778M(6143M) 0.911ms
[117.416s][info][gc,metaspace] GC(193) Metaspace: 42933K(46784K)->42933K(46784K) NonClass: 36017K(37696K)->36017K(37696K) Class: 6916K(9088K)->6916K(9088K)
[117.416s][info][gc          ] GC(193) Pause Full (System.gc()) 778M->778M(6143M) 895.786ms
[117.416s][info][gc,metaspace] GC(194) Metaspace: 42933K(46784K)->42933K(46784K) NonClass: 36017K(37696K)->36017K(37696K) Class: 6916K(9088K)->6916K(9088K)
[117.416s][info][gc          ] GC(194) Pause Young (System.gc()) 778M->778M(6143M) 0.473ms
[118.339s][info][gc,metaspace] GC(195) Metaspace: 42933K(46784K)->42933K(46784K) NonClass: 36017K(37696K)->36017K(37696K) Class: 6916K(9088K)->6916K(9088K)
[118.340s][info][gc          ] GC(195) Pause Full (System.gc()) 778M->778M(6143M) 923.166ms
[118.344s][info][gc,metaspace] GC(196) Metaspace: 42933K(46784K)->42933K(46784K) NonClass: 36017K(37696K)->36017K(37696K) Class: 6916K(9088K)->6916K(9088K)
[118.344s][info][gc          ] GC(196) Pause Young (System.gc()) 778M->778M(6143M) 0.488ms
[119.284s][info][gc,metaspace] GC(197) Metaspace: 42933K(46784K)->42933K(46784K) NonClass: 36017K(37696K)->36017K(37696K) Class: 6916K(9088K)->6916K(9088K)
[119.284s][info][gc          ] GC(197) Pause Full (System.gc()) 778M->778M(6143M) 940.054ms
[119.285s][info][gc,metaspace] GC(198) Metaspace: 42933K(46784K)->42933K(46784K) NonClass: 36017K(37696K)->36017K(37696K) Class: 6916K(9088K)->6916K(9088K)
[119.285s][info][gc          ] GC(198) Pause Young (System.gc()) 778M->778M(6143M) 0.849ms
[120.224s][info][gc,metaspace] GC(199) Metaspace: 42933K(46784K)->42933K(46784K) NonClass: 36017K(37696K)->36017K(37696K) Class: 6916K(9088K)->6916K(9088K)
[120.224s][info][gc          ] GC(199) Pause Full (System.gc()) 778M->778M(6143M) 938.563ms
[120.225s][info][gc,metaspace] GC(200) Metaspace: 42933K(46784K)->42933K(46784K) NonClass: 36017K(37696K)->36017K(37696K) Class: 6916K(9088K)->6916K(9088K)
[120.225s][info][gc          ] GC(200) Pause Young (System.gc()) 778M->778M(6143M) 0.842ms
[121.183s][info][gc,metaspace] GC(201) Metaspace: 42933K(46784K)->42933K(46784K) NonClass: 36017K(37696K)->36017K(37696K) Class: 6916K(9088K)->6916K(9088K)
[121.183s][info][gc          ] GC(201) Pause Full (System.gc()) 778M->778M(6143M) 957.736ms
[121.184s][info][gc,metaspace] GC(202) Metaspace: 42933K(46784K)->42933K(46784K) NonClass: 36017K(37696K)->36017K(37696K) Class: 6916K(9088K)->6916K(9088K)
[121.184s][info][gc          ] GC(202) Pause Young (System.gc()) 778M->778M(6143M) 0.648ms
[122.121s][info][gc,metaspace] GC(203) Metaspace: 42933K(46784K)->42933K(46784K) NonClass: 36017K(37696K)->36017K(37696K) Class: 6916K(9088K)->6916K(9088K)
[122.121s][info][gc          ] GC(203) Pause Full (System.gc()) 778M->778M(6143M) 937.712ms
[122.122s][info][gc,metaspace] GC(204) Metaspace: 42933K(46784K)->42933K(46784K) NonClass: 36017K(37696K)->36017K(37696K) Class: 6916K(9088K)->6916K(9088K)
[122.122s][info][gc          ] GC(204) Pause Young (System.gc()) 778M->778M(6143M) 0.803ms
[123.061s][info][gc,metaspace] GC(205) Metaspace: 42933K(46784K)->42933K(46784K) NonClass: 36017K(37696K)->36017K(37696K) Class: 6916K(9088K)->6916K(9088K)
[123.061s][info][gc          ] GC(205) Pause Full (System.gc()) 778M->778M(6143M) 938.907ms
[123.062s][info][gc,metaspace] GC(206) Metaspace: 42933K(46784K)->42933K(46784K) NonClass: 36017K(37696K)->36017K(37696K) Class: 6916K(9088K)->6916K(9088K)
[123.062s][info][gc          ] GC(206) Pause Young (System.gc()) 778M->778M(6143M) 0.867ms
[123.986s][info][gc,metaspace] GC(207) Metaspace: 42933K(46784K)->42933K(46784K) NonClass: 36017K(37696K)->36017K(37696K) Class: 6916K(9088K)->6916K(9088K)
[123.986s][info][gc          ] GC(207) Pause Full (System.gc()) 778M->778M(6143M) 923.499ms
[123.987s][info][gc,metaspace] GC(208) Metaspace: 42933K(46784K)->42933K(46784K) NonClass: 36017K(37696K)->36017K(37696K) Class: 6916K(9088K)->6916K(9088K)
[123.987s][info][gc          ] GC(208) Pause Young (System.gc()) 778M->778M(6143M) 0.844ms
[124.751s][info][gc,metaspace] GC(209) Metaspace: 42933K(46784K)->42933K(46784K) NonClass: 36017K(37696K)->36017K(37696K) Class: 6916K(9088K)->6916K(9088K)
[124.751s][info][gc          ] GC(209) Pause Full (System.gc()) 778M->778M(6143M) 764.295ms
After GCs... 
