Done; will start GCs... 
[32.666s][info   ][gc,metaspace] GC(13) Metaspace: 16389K(17536K)->16389K(17536K) NonClass: 14231K(14784K)->14231K(14784K) Class: 2158K(2752K)->2158K(2752K)
[32.667s][info   ][gc          ] GC(13) Pause Full (System.gc()) 1825M->1793M(5939M) 4398.970ms
[36.119s][info   ][gc,metaspace] GC(14) Metaspace: 16389K(17536K)->16389K(17536K) NonClass: 14231K(14784K)->14231K(14784K) Class: 2158K(2752K)->2158K(2752K)
[36.119s][info   ][gc          ] GC(14) Pause Full (System.gc()) 1793M->1793M(5939M) 3452.582ms
[39.519s][info   ][gc,metaspace] GC(15) Metaspace: 16389K(17536K)->16389K(17536K) NonClass: 14231K(14784K)->14231K(14784K) Class: 2158K(2752K)->2158K(2752K)
[39.519s][info   ][gc          ] GC(15) Pause Full (System.gc()) 1793M->1793M(5939M) 3400.103ms
[43.009s][info   ][gc,metaspace] GC(16) Metaspace: 16389K(17536K)->16389K(17536K) NonClass: 14231K(14784K)->14231K(14784K) Class: 2158K(2752K)->2158K(2752K)
[43.009s][info   ][gc          ] GC(16) Pause Full (System.gc()) 1793M->1793M(5939M) 3489.256ms
[46.405s][info   ][gc,metaspace] GC(17) Metaspace: 16389K(17536K)->16389K(17536K) NonClass: 14231K(14784K)->14231K(14784K) Class: 2158K(2752K)->2158K(2752K)
[46.405s][info   ][gc          ] GC(17) Pause Full (System.gc()) 1793M->1793M(5939M) 3396.420ms
[49.853s][info   ][gc,metaspace] GC(18) Metaspace: 16389K(17536K)->16389K(17536K) NonClass: 14231K(14784K)->14231K(14784K) Class: 2158K(2752K)->2158K(2752K)
[49.853s][info   ][gc          ] GC(18) Pause Full (System.gc()) 1793M->1793M(5939M) 3447.611ms
[53.475s][info   ][gc,metaspace] GC(19) Metaspace: 16389K(17536K)->16389K(17536K) NonClass: 14231K(14784K)->14231K(14784K) Class: 2158K(2752K)->2158K(2752K)
[53.475s][info   ][gc          ] GC(19) Pause Full (System.gc()) 1793M->1793M(5939M) 3622.108ms
[56.923s][info   ][gc,metaspace] GC(20) Metaspace: 16389K(17536K)->16389K(17536K) NonClass: 14231K(14784K)->14231K(14784K) Class: 2158K(2752K)->2158K(2752K)
[56.923s][info   ][gc          ] GC(20) Pause Full (System.gc()) 1793M->1793M(5939M) 3447.380ms
[60.324s][info   ][gc,metaspace] GC(21) Metaspace: 16389K(17536K)->16389K(17536K) NonClass: 14231K(14784K)->14231K(14784K) Class: 2158K(2752K)->2158K(2752K)
[60.324s][info   ][gc          ] GC(21) Pause Full (System.gc()) 1793M->1793M(5939M) 3400.520ms
[63.740s][info   ][gc,metaspace] GC(22) Metaspace: 16389K(17536K)->16389K(17536K) NonClass: 14231K(14784K)->14231K(14784K) Class: 2158K(2752K)->2158K(2752K)
[63.740s][info   ][gc          ] GC(22) Pause Full (System.gc()) 1793M->1793M(5939M) 3415.754ms
[67.186s][info   ][gc,metaspace] GC(23) Metaspace: 16389K(17536K)->16389K(17536K) NonClass: 14231K(14784K)->14231K(14784K) Class: 2158K(2752K)->2158K(2752K)
[67.186s][info   ][gc          ] GC(23) Pause Full (System.gc()) 1793M->1793M(5939M) 3446.335ms
[70.580s][info   ][gc,metaspace] GC(24) Metaspace: 16389K(17536K)->16389K(17536K) NonClass: 14231K(14784K)->14231K(14784K) Class: 2158K(2752K)->2158K(2752K)
[70.580s][info   ][gc          ] GC(24) Pause Full (System.gc()) 1809M->1793M(5939M) 3393.795ms
[74.931s][info   ][gc,metaspace] GC(25) Metaspace: 16389K(17536K)->16389K(17536K) NonClass: 14231K(14784K)->14231K(14784K) Class: 2158K(2752K)->2158K(2752K)
[74.931s][info   ][gc          ] GC(25) Pause Full (System.gc()) 1793M->1793M(5939M) 4351.097ms
[78.332s][info   ][gc,metaspace] GC(26) Metaspace: 16389K(17536K)->16389K(17536K) NonClass: 14231K(14784K)->14231K(14784K) Class: 2158K(2752K)->2158K(2752K)
[78.332s][info   ][gc          ] GC(26) Pause Full (System.gc()) 1793M->1793M(5939M) 3400.529ms
[81.734s][info   ][gc,metaspace] GC(27) Metaspace: 16389K(17536K)->16389K(17536K) NonClass: 14231K(14784K)->14231K(14784K) Class: 2158K(2752K)->2158K(2752K)
[81.734s][info   ][gc          ] GC(27) Pause Full (System.gc()) 1793M->1793M(5939M) 3401.520ms
[85.189s][info   ][gc,metaspace] GC(28) Metaspace: 16389K(17536K)->16389K(17536K) NonClass: 14231K(14784K)->14231K(14784K) Class: 2158K(2752K)->2158K(2752K)
[85.189s][info   ][gc          ] GC(28) Pause Full (System.gc()) 1793M->1793M(5939M) 3454.787ms
[88.597s][info   ][gc,metaspace] GC(29) Metaspace: 16389K(17536K)->16389K(17536K) NonClass: 14231K(14784K)->14231K(14784K) Class: 2158K(2752K)->2158K(2752K)
[88.598s][info   ][gc          ] GC(29) Pause Full (System.gc()) 1793M->1793M(5939M) 3408.707ms
[92.051s][info   ][gc,metaspace] GC(30) Metaspace: 16389K(17536K)->16389K(17536K) NonClass: 14231K(14784K)->14231K(14784K) Class: 2158K(2752K)->2158K(2752K)
[92.051s][info   ][gc          ] GC(30) Pause Full (System.gc()) 1793M->1793M(5939M) 3452.842ms
[95.445s][info   ][gc,metaspace] GC(31) Metaspace: 16389K(17536K)->16389K(17536K) NonClass: 14231K(14784K)->14231K(14784K) Class: 2158K(2752K)->2158K(2752K)
[95.445s][info   ][gc          ] GC(31) Pause Full (System.gc()) 1793M->1793M(5939M) 3394.458ms
[98.890s][info   ][gc,metaspace] GC(32) Metaspace: 16389K(17536K)->16389K(17536K) NonClass: 14231K(14784K)->14231K(14784K) Class: 2158K(2752K)->2158K(2752K)
[98.890s][info   ][gc          ] GC(32) Pause Full (System.gc()) 1793M->1793M(5939M) 3445.148ms
[102.290s][info   ][gc,metaspace] GC(33) Metaspace: 16389K(17536K)->16389K(17536K) NonClass: 14231K(14784K)->14231K(14784K) Class: 2158K(2752K)->2158K(2752K)
[102.290s][info   ][gc          ] GC(33) Pause Full (System.gc()) 1793M->1793M(5939M) 3399.854ms
[105.689s][info   ][gc,metaspace] GC(34) Metaspace: 16389K(17536K)->16389K(17536K) NonClass: 14231K(14784K)->14231K(14784K) Class: 2158K(2752K)->2158K(2752K)
[105.689s][info   ][gc          ] GC(34) Pause Full (System.gc()) 1793M->1793M(5939M) 3398.539ms
[109.142s][info   ][gc,metaspace] GC(35) Metaspace: 16389K(17536K)->16389K(17536K) NonClass: 14231K(14784K)->14231K(14784K) Class: 2158K(2752K)->2158K(2752K)
[109.142s][info   ][gc          ] GC(35) Pause Full (System.gc()) 1793M->1793M(5939M) 3453.231ms
[112.561s][info   ][gc,metaspace] GC(36) Metaspace: 16389K(17536K)->16389K(17536K) NonClass: 14231K(14784K)->14231K(14784K) Class: 2158K(2752K)->2158K(2752K)
[112.561s][info   ][gc          ] GC(36) Pause Full (System.gc()) 1793M->1793M(5939M) 3418.346ms
[116.017s][info   ][gc,metaspace] GC(37) Metaspace: 16389K(17536K)->16389K(17536K) NonClass: 14231K(14784K)->14231K(14784K) Class: 2158K(2752K)->2158K(2752K)
[116.017s][info   ][gc          ] GC(37) Pause Full (System.gc()) 1793M->1793M(5939M) 3455.684ms
[119.413s][info   ][gc,metaspace] GC(38) Metaspace: 16389K(17536K)->16389K(17536K) NonClass: 14231K(14784K)->14231K(14784K) Class: 2158K(2752K)->2158K(2752K)
[119.413s][info   ][gc          ] GC(38) Pause Full (System.gc()) 1793M->1793M(5939M) 3395.914ms
[122.857s][info   ][gc,metaspace] GC(39) Metaspace: 16389K(17536K)->16389K(17536K) NonClass: 14231K(14784K)->14231K(14784K) Class: 2158K(2752K)->2158K(2752K)
[122.857s][info   ][gc          ] GC(39) Pause Full (System.gc()) 1793M->1793M(5939M) 3444.157ms
[126.249s][info   ][gc,metaspace] GC(40) Metaspace: 16389K(17536K)->16389K(17536K) NonClass: 14231K(14784K)->14231K(14784K) Class: 2158K(2752K)->2158K(2752K)
[126.249s][info   ][gc          ] GC(40) Pause Full (System.gc()) 1793M->1793M(5939M) 3391.639ms
[129.647s][info   ][gc,metaspace] GC(41) Metaspace: 16389K(17536K)->16389K(17536K) NonClass: 14231K(14784K)->14231K(14784K) Class: 2158K(2752K)->2158K(2752K)
[129.647s][info   ][gc          ] GC(41) Pause Full (System.gc()) 1793M->1793M(5939M) 3397.656ms
[133.087s][info   ][gc,metaspace] GC(42) Metaspace: 16389K(17536K)->16389K(17536K) NonClass: 14231K(14784K)->14231K(14784K) Class: 2158K(2752K)->2158K(2752K)
[133.088s][info   ][gc          ] GC(42) Pause Full (System.gc()) 1809M->1793M(5939M) 3440.624ms
[136.482s][info   ][gc,metaspace] GC(43) Metaspace: 16389K(17536K)->16389K(17536K) NonClass: 14231K(14784K)->14231K(14784K) Class: 2158K(2752K)->2158K(2752K)
[136.483s][info   ][gc          ] GC(43) Pause Full (System.gc()) 1793M->1793M(5939M) 3394.789ms
[139.929s][info   ][gc,metaspace] GC(44) Metaspace: 16389K(17536K)->16389K(17536K) NonClass: 14231K(14784K)->14231K(14784K) Class: 2158K(2752K)->2158K(2752K)
[139.929s][info   ][gc          ] GC(44) Pause Full (System.gc()) 1793M->1793M(5939M) 3445.984ms
[143.319s][info   ][gc,metaspace] GC(45) Metaspace: 16389K(17536K)->16389K(17536K) NonClass: 14231K(14784K)->14231K(14784K) Class: 2158K(2752K)->2158K(2752K)
[143.319s][info   ][gc          ] GC(45) Pause Full (System.gc()) 1793M->1793M(5939M) 3389.875ms
[146.716s][info   ][gc,metaspace] GC(46) Metaspace: 16389K(17536K)->16389K(17536K) NonClass: 14231K(14784K)->14231K(14784K) Class: 2158K(2752K)->2158K(2752K)
[146.716s][info   ][gc          ] GC(46) Pause Full (System.gc()) 1793M->1793M(5939M) 3397.010ms
[150.159s][info   ][gc,metaspace] GC(47) Metaspace: 16389K(17536K)->16389K(17536K) NonClass: 14231K(14784K)->14231K(14784K) Class: 2158K(2752K)->2158K(2752K)
[150.159s][info   ][gc          ] GC(47) Pause Full (System.gc()) 1793M->1793M(5939M) 3443.284ms
[153.554s][info   ][gc,metaspace] GC(48) Metaspace: 16389K(17536K)->16389K(17536K) NonClass: 14231K(14784K)->14231K(14784K) Class: 2158K(2752K)->2158K(2752K)
[153.554s][info   ][gc          ] GC(48) Pause Full (System.gc()) 1793M->1793M(5939M) 3395.155ms
[156.997s][info   ][gc,metaspace] GC(49) Metaspace: 16389K(17536K)->16389K(17536K) NonClass: 14231K(14784K)->14231K(14784K) Class: 2158K(2752K)->2158K(2752K)
[156.997s][info   ][gc          ] GC(49) Pause Full (System.gc()) 1793M->1793M(5939M) 3442.556ms
[160.403s][info   ][gc,metaspace] GC(50) Metaspace: 16389K(17536K)->16389K(17536K) NonClass: 14231K(14784K)->14231K(14784K) Class: 2158K(2752K)->2158K(2752K)
[160.403s][info   ][gc          ] GC(50) Pause Full (System.gc()) 1793M->1793M(5939M) 3405.952ms
[163.858s][info   ][gc,metaspace] GC(51) Metaspace: 16389K(17536K)->16389K(17536K) NonClass: 14231K(14784K)->14231K(14784K) Class: 2158K(2752K)->2158K(2752K)
[163.858s][info   ][gc          ] GC(51) Pause Full (System.gc()) 1793M->1793M(5939M) 3454.734ms
[167.262s][info   ][gc,metaspace] GC(52) Metaspace: 16389K(17536K)->16389K(17536K) NonClass: 14231K(14784K)->14231K(14784K) Class: 2158K(2752K)->2158K(2752K)
[167.262s][info   ][gc          ] GC(52) Pause Full (System.gc()) 1793M->1793M(5939M) 3403.990ms
[170.669s][info   ][gc,metaspace] GC(53) Metaspace: 16389K(17536K)->16389K(17536K) NonClass: 14231K(14784K)->14231K(14784K) Class: 2158K(2752K)->2158K(2752K)
[170.669s][info   ][gc          ] GC(53) Pause Full (System.gc()) 1793M->1793M(5939M) 3407.316ms
[174.114s][info   ][gc,metaspace] GC(54) Metaspace: 16389K(17536K)->16389K(17536K) NonClass: 14231K(14784K)->14231K(14784K) Class: 2158K(2752K)->2158K(2752K)
[174.115s][info   ][gc          ] GC(54) Pause Full (System.gc()) 1793M->1793M(5939M) 3445.148ms
[177.516s][info   ][gc,metaspace] GC(55) Metaspace: 16389K(17536K)->16389K(17536K) NonClass: 14231K(14784K)->14231K(14784K) Class: 2158K(2752K)->2158K(2752K)
[177.516s][info   ][gc          ] GC(55) Pause Full (System.gc()) 1793M->1793M(5939M) 3401.519ms
[180.969s][info   ][gc,metaspace] GC(56) Metaspace: 16389K(17536K)->16389K(17536K) NonClass: 14231K(14784K)->14231K(14784K) Class: 2158K(2752K)->2158K(2752K)
[180.969s][info   ][gc          ] GC(56) Pause Full (System.gc()) 1793M->1793M(5939M) 3452.895ms
[184.377s][info   ][gc,metaspace] GC(57) Metaspace: 16389K(17536K)->16389K(17536K) NonClass: 14231K(14784K)->14231K(14784K) Class: 2158K(2752K)->2158K(2752K)
[184.377s][info   ][gc          ] GC(57) Pause Full (System.gc()) 1793M->1793M(5939M) 3407.920ms
[187.828s][info   ][gc,metaspace] GC(58) Metaspace: 16389K(17536K)->16389K(17536K) NonClass: 14231K(14784K)->14231K(14784K) Class: 2158K(2752K)->2158K(2752K)
[187.828s][info   ][gc          ] GC(58) Pause Full (System.gc()) 1793M->1793M(5939M) 3450.753ms
[191.464s][info   ][gc,metaspace] GC(59) Metaspace: 16389K(17536K)->16389K(17536K) NonClass: 14231K(14784K)->14231K(14784K) Class: 2158K(2752K)->2158K(2752K)
[191.464s][info   ][gc          ] GC(59) Pause Full (System.gc()) 1793M->1793M(5939M) 3635.761ms
[194.905s][info   ][gc,metaspace] GC(60) Metaspace: 16389K(17536K)->16389K(17536K) NonClass: 14231K(14784K)->14231K(14784K) Class: 2158K(2752K)->2158K(2752K)
[194.905s][info   ][gc          ] GC(60) Pause Full (System.gc()) 1809M->1793M(5939M) 3440.550ms
[198.296s][info   ][gc,metaspace] GC(61) Metaspace: 16389K(17536K)->16389K(17536K) NonClass: 14231K(14784K)->14231K(14784K) Class: 2158K(2752K)->2158K(2752K)
[198.296s][info   ][gc          ] GC(61) Pause Full (System.gc()) 1793M->1793M(5939M) 3391.280ms
[201.692s][info   ][gc,metaspace] GC(62) Metaspace: 16389K(17536K)->16389K(17536K) NonClass: 14231K(14784K)->14231K(14784K) Class: 2158K(2752K)->2158K(2752K)
[201.692s][info   ][gc          ] GC(62) Pause Full (System.gc()) 1793M->1793M(5939M) 3396.039ms
After GCs... 
