[0.002s][warning][pagesize] UseLargePages disabled, no large pages configured and available on the system.
[0.002s][info   ][metaspace]  - commit_granule_bytes: 65536.
[0.002s][info   ][metaspace]  - commit_granule_words: 8192.
[0.002s][info   ][metaspace]  - virtual_space_node_default_size: 8388608.
[0.002s][info   ][metaspace]  - enlarge_chunks_in_place: 1.
[0.002s][info   ][metaspace]  - use_allocation_guard: 0.
[0.009s][info   ][gc       ] Using Serial
[2.830s][info   ][metaspace] Reserving compressed class space anywhere
[2.830s][info   ][gc,metaspace] CDS archive(s) not mapped
[2.830s][info   ][gc,metaspace] Compressed class space mapped at: 0x000000000b000000-0x00000000cb000000, reserved size: 3221225472
[2.830s][info   ][gc,metaspace] UseCompressedClassPointers 1, UseCompactObjectHeaders 1, narrow klass pointer bits 22, max shift 10
[2.830s][info   ][gc,metaspace] Narrow klass base: 0x000000000b000000, Narrow klass shift: 10, Narrow klass range: 0xc0000000
Random Seed: 12345678
Num Classes: 1024
Num Objects: 67108864
Percent IK Objects: 83.0%)
Percent OAK Objects: 5.0%)
Percent TAK Objects: 12.0%)
Cycles: 50
Loading 1024 pre-generated classes ...
Materialize pre-generated constructors ...
Creating objects...
[3.122s][info   ][gc,metaspace] GC(0) Metaspace: 12905K(13248K)->12905K(13248K) NonClass: 10102K(10304K)->10102K(10304K) Class: 2803K(2944K)->2803K(2944K)
[3.123s][info   ][gc          ] GC(0) Pause Full (System.gc()) 131M->3M(5939M) 12.222ms
[5.376s][info   ][gc,metaspace] GC(1) Metaspace: 16488K(17664K)->16488K(17664K) NonClass: 13145K(13696K)->13145K(13696K) Class: 3343K(3968K)->3343K(3968K)
[5.376s][info   ][gc          ] GC(1) Pause Young (Allocation Failure) 1641M->367M(5939M) 442.065ms
[7.454s][info   ][gc,metaspace] GC(2) Metaspace: 16490K(17664K)->16490K(17664K) NonClass: 13147K(13696K)->13147K(13696K) Class: 3343K(3968K)->3343K(3968K)
[7.454s][info   ][gc          ] GC(2) Pause Young (Allocation Failure) 2006M->505M(5939M) 650.819ms
[9.130s][info   ][gc,metaspace] GC(3) Metaspace: 16490K(17664K)->16490K(17664K) NonClass: 13147K(13696K)->13147K(13696K) Class: 3343K(3968K)->3343K(3968K)
[9.130s][info   ][gc          ] GC(3) Pause Young (Allocation Failure) 2143M->640M(5939M) 528.479ms
[10.853s][info   ][gc,metaspace] GC(4) Metaspace: 16490K(17664K)->16490K(17664K) NonClass: 13147K(13696K)->13147K(13696K) Class: 3343K(3968K)->3343K(3968K)
[10.853s][info   ][gc          ] GC(4) Pause Young (Allocation Failure) 2279M->775M(5939M) 524.556ms
[12.887s][info   ][gc,metaspace] GC(5) Metaspace: 16490K(17664K)->16490K(17664K) NonClass: 13147K(13696K)->13147K(13696K) Class: 3343K(3968K)->3343K(3968K)
[12.887s][info   ][gc          ] GC(5) Pause Young (Allocation Failure) 2414M->910M(5939M) 887.638ms
[14.556s][info   ][gc,metaspace] GC(6) Metaspace: 16490K(17664K)->16490K(17664K) NonClass: 13147K(13696K)->13147K(13696K) Class: 3343K(3968K)->3343K(3968K)
[14.556s][info   ][gc          ] GC(6) Pause Young (Allocation Failure) 2549M->1046M(5939M) 523.749ms
[16.230s][info   ][gc,metaspace] GC(7) Metaspace: 16490K(17664K)->16490K(17664K) NonClass: 13147K(13696K)->13147K(13696K) Class: 3343K(3968K)->3343K(3968K)
[16.230s][info   ][gc          ] GC(7) Pause Young (Allocation Failure) 2684M->1181M(5939M) 526.242ms
[18.298s][info   ][gc,metaspace] GC(8) Metaspace: 16490K(17664K)->16490K(17664K) NonClass: 13147K(13696K)->13147K(13696K) Class: 3343K(3968K)->3343K(3968K)
[18.298s][info   ][gc          ] GC(8) Pause Young (Allocation Failure) 2819M->1316M(5939M) 921.842ms
[19.980s][info   ][gc,metaspace] GC(9) Metaspace: 16490K(17664K)->16490K(17664K) NonClass: 13147K(13696K)->13147K(13696K) Class: 3343K(3968K)->3343K(3968K)
[19.980s][info   ][gc          ] GC(9) Pause Young (Allocation Failure) 2954M->1451M(5939M) 532.514ms
67108864 Objects created
 - IK: 55699211 (82.99829%)
 - OAK: 3355627 (5.0002737%)
 - TAK: 8054026 (12.001434%)
Preparatory GC...
[25.924s][info   ][gc,metaspace] GC(10) Metaspace: 16490K(17664K)->16490K(17664K) NonClass: 13147K(13696K)->13147K(13696K) Class: 3343K(3968K)->3343K(3968K)
[25.924s][info   ][gc          ] GC(10) Pause Full (System.gc()) 2957M->1573M(5939M) 4907.754ms
[29.650s][info   ][gc,metaspace] GC(11) Metaspace: 16490K(17664K)->16490K(17664K) NonClass: 13147K(13696K)->13147K(13696K) Class: 3343K(3968K)->3343K(3968K)
[29.650s][info   ][gc          ] GC(11) Pause Full (System.gc()) 1573M->1573M(5939M) 3726.595ms
Done; will start GCs... 
[34.790s][info   ][gc,metaspace] GC(12) Metaspace: 16490K(17664K)->16490K(17664K) NonClass: 13147K(13696K)->13147K(13696K) Class: 3343K(3968K)->3343K(3968K)
[34.790s][info   ][gc          ] GC(12) Pause Full (System.gc()) 1605M->1573M(5939M) 5139.137ms
[38.582s][info   ][gc,metaspace] GC(13) Metaspace: 16490K(17664K)->16490K(17664K) NonClass: 13147K(13696K)->13147K(13696K) Class: 3343K(3968K)->3343K(3968K)
[38.582s][info   ][gc          ] GC(13) Pause Full (System.gc()) 1573M->1573M(5939M) 3791.823ms
[42.654s][info   ][gc,metaspace] GC(14) Metaspace: 16490K(17664K)->16490K(17664K) NonClass: 13147K(13696K)->13147K(13696K) Class: 3343K(3968K)->3343K(3968K)
[42.654s][info   ][gc          ] GC(14) Pause Full (System.gc()) 1573M->1573M(5939M) 4072.717ms
[46.443s][info   ][gc,metaspace] GC(15) Metaspace: 16490K(17664K)->16490K(17664K) NonClass: 13147K(13696K)->13147K(13696K) Class: 3343K(3968K)->3343K(3968K)
[46.443s][info   ][gc          ] GC(15) Pause Full (System.gc()) 1573M->1573M(5939M) 3788.497ms
[50.556s][info   ][gc,metaspace] GC(16) Metaspace: 16490K(17664K)->16490K(17664K) NonClass: 13147K(13696K)->13147K(13696K) Class: 3343K(3968K)->3343K(3968K)
[50.556s][info   ][gc          ] GC(16) Pause Full (System.gc()) 1573M->1573M(5939M) 4112.428ms
[55.047s][info   ][gc,metaspace] GC(17) Metaspace: 16490K(17664K)->16490K(17664K) NonClass: 13147K(13696K)->13147K(13696K) Class: 3343K(3968K)->3343K(3968K)
[55.047s][info   ][gc          ] GC(17) Pause Full (System.gc()) 1573M->1573M(5939M) 4490.866ms
[59.959s][info   ][gc,metaspace] GC(18) Metaspace: 16490K(17664K)->16490K(17664K) NonClass: 13147K(13696K)->13147K(13696K) Class: 3343K(3968K)->3343K(3968K)
[59.959s][info   ][gc          ] GC(18) Pause Full (System.gc()) 1573M->1573M(5939M) 4912.365ms
[64.114s][info   ][gc,metaspace] GC(19) Metaspace: 16490K(17664K)->16490K(17664K) NonClass: 13147K(13696K)->13147K(13696K) Class: 3343K(3968K)->3343K(3968K)
[64.114s][info   ][gc          ] GC(19) Pause Full (System.gc()) 1573M->1573M(5939M) 4154.017ms
[68.617s][info   ][gc,metaspace] GC(20) Metaspace: 16490K(17664K)->16490K(17664K) NonClass: 13147K(13696K)->13147K(13696K) Class: 3343K(3968K)->3343K(3968K)
[68.617s][info   ][gc          ] GC(20) Pause Full (System.gc()) 1573M->1573M(5939M) 4503.471ms
[72.725s][info   ][gc,metaspace] GC(21) Metaspace: 16490K(17664K)->16490K(17664K) NonClass: 13147K(13696K)->13147K(13696K) Class: 3343K(3968K)->3343K(3968K)
[72.725s][info   ][gc          ] GC(21) Pause Full (System.gc()) 1589M->1573M(5939M) 4107.722ms
[76.509s][info   ][gc,metaspace] GC(22) Metaspace: 16490K(17664K)->16490K(17664K) NonClass: 13147K(13696K)->13147K(13696K) Class: 3343K(3968K)->3343K(3968K)
[76.509s][info   ][gc          ] GC(22) Pause Full (System.gc()) 1573M->1573M(5939M) 3784.120ms
[80.234s][info   ][gc,metaspace] GC(23) Metaspace: 16490K(17664K)->16490K(17664K) NonClass: 13147K(13696K)->13147K(13696K) Class: 3343K(3968K)->3343K(3968K)
[80.234s][info   ][gc          ] GC(23) Pause Full (System.gc()) 1573M->1573M(5939M) 3724.479ms
[85.347s][info   ][gc,metaspace] GC(24) Metaspace: 16490K(17664K)->16490K(17664K) NonClass: 13147K(13696K)->13147K(13696K) Class: 3343K(3968K)->3343K(3968K)
[85.347s][info   ][gc          ] GC(24) Pause Full (System.gc()) 1573M->1573M(5939M) 5112.441ms
[89.013s][info   ][gc,metaspace] GC(25) Metaspace: 16490K(17664K)->16490K(17664K) NonClass: 13147K(13696K)->13147K(13696K) Class: 3343K(3968K)->3343K(3968K)
[89.014s][info   ][gc          ] GC(25) Pause Full (System.gc()) 1573M->1573M(5939M) 3666.726ms
[92.725s][info   ][gc,metaspace] GC(26) Metaspace: 16490K(17664K)->16490K(17664K) NonClass: 13147K(13696K)->13147K(13696K) Class: 3343K(3968K)->3343K(3968K)
[92.725s][info   ][gc          ] GC(26) Pause Full (System.gc()) 1573M->1573M(5939M) 3711.013ms
[96.446s][info   ][gc,metaspace] GC(27) Metaspace: 16490K(17664K)->16490K(17664K) NonClass: 13147K(13696K)->13147K(13696K) Class: 3343K(3968K)->3343K(3968K)
[96.446s][info   ][gc          ] GC(27) Pause Full (System.gc()) 1573M->1573M(5939M) 3721.293ms
[100.183s][info   ][gc,metaspace] GC(28) Metaspace: 16490K(17664K)->16490K(17664K) NonClass: 13147K(13696K)->13147K(13696K) Class: 3343K(3968K)->3343K(3968K)
[100.183s][info   ][gc          ] GC(28) Pause Full (System.gc()) 1573M->1573M(5939M) 3736.751ms
[103.855s][info   ][gc,metaspace] GC(29) Metaspace: 16490K(17664K)->16490K(17664K) NonClass: 13147K(13696K)->13147K(13696K) Class: 3343K(3968K)->3343K(3968K)
[103.855s][info   ][gc          ] GC(29) Pause Full (System.gc()) 1573M->1573M(5939M) 3672.336ms
[107.649s][info   ][gc,metaspace] GC(30) Metaspace: 16490K(17664K)->16490K(17664K) NonClass: 13147K(13696K)->13147K(13696K) Class: 3343K(3968K)->3343K(3968K)
[107.649s][info   ][gc          ] GC(30) Pause Full (System.gc()) 1573M->1573M(5939M) 3793.742ms
[111.440s][info   ][gc,metaspace] GC(31) Metaspace: 16490K(17664K)->16490K(17664K) NonClass: 13147K(13696K)->13147K(13696K) Class: 3343K(3968K)->3343K(3968K)
[111.440s][info   ][gc          ] GC(31) Pause Full (System.gc()) 1573M->1573M(5939M) 3790.831ms
[115.229s][info   ][gc,metaspace] GC(32) Metaspace: 16490K(17664K)->16490K(17664K) NonClass: 13147K(13696K)->13147K(13696K) Class: 3343K(3968K)->3343K(3968K)
[115.229s][info   ][gc          ] GC(32) Pause Full (System.gc()) 1573M->1573M(5939M) 3788.603ms
[119.182s][info   ][gc,metaspace] GC(33) Metaspace: 16490K(17664K)->16490K(17664K) NonClass: 13147K(13696K)->13147K(13696K) Class: 3343K(3968K)->3343K(3968K)
[119.182s][info   ][gc          ] GC(33) Pause Full (System.gc()) 1573M->1573M(5939M) 3952.417ms
[123.258s][info   ][gc,metaspace] GC(34) Metaspace: 16490K(17664K)->16490K(17664K) NonClass: 13147K(13696K)->13147K(13696K) Class: 3343K(3968K)->3343K(3968K)
[123.258s][info   ][gc          ] GC(34) Pause Full (System.gc()) 1573M->1573M(5939M) 4076.607ms
[127.269s][info   ][gc,metaspace] GC(35) Metaspace: 16490K(17664K)->16490K(17664K) NonClass: 13147K(13696K)->13147K(13696K) Class: 3343K(3968K)->3343K(3968K)
[127.269s][info   ][gc          ] GC(35) Pause Full (System.gc()) 1573M->1573M(5939M) 4010.710ms
[131.218s][info   ][gc,metaspace] GC(36) Metaspace: 16490K(17664K)->16490K(17664K) NonClass: 13147K(13696K)->13147K(13696K) Class: 3343K(3968K)->3343K(3968K)
[131.218s][info   ][gc          ] GC(36) Pause Full (System.gc()) 1573M->1573M(5939M) 3948.695ms
[135.187s][info   ][gc,metaspace] GC(37) Metaspace: 16490K(17664K)->16490K(17664K) NonClass: 13147K(13696K)->13147K(13696K) Class: 3343K(3968K)->3343K(3968K)
[135.187s][info   ][gc          ] GC(37) Pause Full (System.gc()) 1573M->1573M(5939M) 3969.150ms
[139.313s][info   ][gc,metaspace] GC(38) Metaspace: 16490K(17664K)->16490K(17664K) NonClass: 13147K(13696K)->13147K(13696K) Class: 3343K(3968K)->3343K(3968K)
[139.313s][info   ][gc          ] GC(38) Pause Full (System.gc()) 1589M->1573M(5939M) 4125.196ms
[142.974s][info   ][gc,metaspace] GC(39) Metaspace: 16490K(17664K)->16490K(17664K) NonClass: 13147K(13696K)->13147K(13696K) Class: 3343K(3968K)->3343K(3968K)
[142.974s][info   ][gc          ] GC(39) Pause Full (System.gc()) 1573M->1573M(5939M) 3661.514ms
[146.686s][info   ][gc,metaspace] GC(40) Metaspace: 16490K(17664K)->16490K(17664K) NonClass: 13147K(13696K)->13147K(13696K) Class: 3343K(3968K)->3343K(3968K)
[146.686s][info   ][gc          ] GC(40) Pause Full (System.gc()) 1573M->1573M(5939M) 3711.116ms
[150.443s][info   ][gc,metaspace] GC(41) Metaspace: 16490K(17664K)->16490K(17664K) NonClass: 13147K(13696K)->13147K(13696K) Class: 3343K(3968K)->3343K(3968K)
[150.443s][info   ][gc          ] GC(41) Pause Full (System.gc()) 1573M->1573M(5939M) 3757.030ms
[154.110s][info   ][gc,metaspace] GC(42) Metaspace: 16490K(17664K)->16490K(17664K) NonClass: 13147K(13696K)->13147K(13696K) Class: 3343K(3968K)->3343K(3968K)
[154.110s][info   ][gc          ] GC(42) Pause Full (System.gc()) 1573M->1573M(5939M) 3667.061ms
[157.835s][info   ][gc,metaspace] GC(43) Metaspace: 16490K(17664K)->16490K(17664K) NonClass: 13147K(13696K)->13147K(13696K) Class: 3343K(3968K)->3343K(3968K)
[157.835s][info   ][gc          ] GC(43) Pause Full (System.gc()) 1573M->1573M(5939M) 3725.165ms
[161.559s][info   ][gc,metaspace] GC(44) Metaspace: 16490K(17664K)->16490K(17664K) NonClass: 13147K(13696K)->13147K(13696K) Class: 3343K(3968K)->3343K(3968K)
[161.559s][info   ][gc          ] GC(44) Pause Full (System.gc()) 1573M->1573M(5939M) 3723.739ms
[165.279s][info   ][gc,metaspace] GC(45) Metaspace: 16490K(17664K)->16490K(17664K) NonClass: 13147K(13696K)->13147K(13696K) Class: 3343K(3968K)->3343K(3968K)
[165.279s][info   ][gc          ] GC(45) Pause Full (System.gc()) 1573M->1573M(5939M) 3719.236ms
[169.233s][info   ][gc,metaspace] GC(46) Metaspace: 16490K(17664K)->16490K(17664K) NonClass: 13147K(13696K)->13147K(13696K) Class: 3343K(3968K)->3343K(3968K)
[169.233s][info   ][gc          ] GC(46) Pause Full (System.gc()) 1573M->1573M(5939M) 3954.438ms
[173.185s][info   ][gc,metaspace] GC(47) Metaspace: 16490K(17664K)->16490K(17664K) NonClass: 13147K(13696K)->13147K(13696K) Class: 3343K(3968K)->3343K(3968K)
[173.185s][info   ][gc          ] GC(47) Pause Full (System.gc()) 1573M->1573M(5939M) 3951.386ms
[177.336s][info   ][gc,metaspace] GC(48) Metaspace: 16490K(17664K)->16490K(17664K) NonClass: 13147K(13696K)->13147K(13696K) Class: 3343K(3968K)->3343K(3968K)
[177.336s][info   ][gc          ] GC(48) Pause Full (System.gc()) 1573M->1573M(5939M) 4151.447ms
[181.001s][info   ][gc,metaspace] GC(49) Metaspace: 16490K(17664K)->16490K(17664K) NonClass: 13147K(13696K)->13147K(13696K) Class: 3343K(3968K)->3343K(3968K)
[181.001s][info   ][gc          ] GC(49) Pause Full (System.gc()) 1573M->1573M(5939M) 3664.658ms
[184.711s][info   ][gc,metaspace] GC(50) Metaspace: 16490K(17664K)->16490K(17664K) NonClass: 13147K(13696K)->13147K(13696K) Class: 3343K(3968K)->3343K(3968K)
[184.711s][info   ][gc          ] GC(50) Pause Full (System.gc()) 1573M->1573M(5939M) 3710.269ms
[188.422s][info   ][gc,metaspace] GC(51) Metaspace: 16490K(17664K)->16490K(17664K) NonClass: 13147K(13696K)->13147K(13696K) Class: 3343K(3968K)->3343K(3968K)
[188.422s][info   ][gc          ] GC(51) Pause Full (System.gc()) 1573M->1573M(5939M) 3710.548ms
[192.088s][info   ][gc,metaspace] GC(52) Metaspace: 16490K(17664K)->16490K(17664K) NonClass: 13147K(13696K)->13147K(13696K) Class: 3343K(3968K)->3343K(3968K)
[192.088s][info   ][gc          ] GC(52) Pause Full (System.gc()) 1573M->1573M(5939M) 3665.161ms
[195.801s][info   ][gc,metaspace] GC(53) Metaspace: 16490K(17664K)->16490K(17664K) NonClass: 13147K(13696K)->13147K(13696K) Class: 3343K(3968K)->3343K(3968K)
[195.801s][info   ][gc          ] GC(53) Pause Full (System.gc()) 1573M->1573M(5939M) 3713.238ms
[199.514s][info   ][gc,metaspace] GC(54) Metaspace: 16490K(17664K)->16490K(17664K) NonClass: 13147K(13696K)->13147K(13696K) Class: 3343K(3968K)->3343K(3968K)
[199.514s][info   ][gc          ] GC(54) Pause Full (System.gc()) 1573M->1573M(5939M) 3712.565ms
[203.237s][info   ][gc,metaspace] GC(55) Metaspace: 16490K(17664K)->16490K(17664K) NonClass: 13147K(13696K)->13147K(13696K) Class: 3343K(3968K)->3343K(3968K)
[203.237s][info   ][gc          ] GC(55) Pause Full (System.gc()) 1589M->1573M(5939M) 3723.101ms
[206.905s][info   ][gc,metaspace] GC(56) Metaspace: 16490K(17664K)->16490K(17664K) NonClass: 13147K(13696K)->13147K(13696K) Class: 3343K(3968K)->3343K(3968K)
[206.905s][info   ][gc          ] GC(56) Pause Full (System.gc()) 1573M->1573M(5939M) 3667.799ms
[210.646s][info   ][gc,metaspace] GC(57) Metaspace: 16490K(17664K)->16490K(17664K) NonClass: 13147K(13696K)->13147K(13696K) Class: 3343K(3968K)->3343K(3968K)
[210.646s][info   ][gc          ] GC(57) Pause Full (System.gc()) 1573M->1573M(5939M) 3741.319ms
[214.360s][info   ][gc,metaspace] GC(58) Metaspace: 16490K(17664K)->16490K(17664K) NonClass: 13147K(13696K)->13147K(13696K) Class: 3343K(3968K)->3343K(3968K)
[214.360s][info   ][gc          ] GC(58) Pause Full (System.gc()) 1573M->1573M(5939M) 3713.555ms
[218.063s][info   ][gc,metaspace] GC(59) Metaspace: 16490K(17664K)->16490K(17664K) NonClass: 13147K(13696K)->13147K(13696K) Class: 3343K(3968K)->3343K(3968K)
[218.063s][info   ][gc          ] GC(59) Pause Full (System.gc()) 1573M->1573M(5939M) 3703.327ms
[221.790s][info   ][gc,metaspace] GC(60) Metaspace: 16490K(17664K)->16490K(17664K) NonClass: 13147K(13696K)->13147K(13696K) Class: 3343K(3968K)->3343K(3968K)
[221.790s][info   ][gc          ] GC(60) Pause Full (System.gc()) 1573M->1573M(5939M) 3726.077ms
[225.503s][info   ][gc,metaspace] GC(61) Metaspace: 16490K(17664K)->16490K(17664K) NonClass: 13147K(13696K)->13147K(13696K) Class: 3343K(3968K)->3343K(3968K)
[225.503s][info   ][gc          ] GC(61) Pause Full (System.gc()) 1573M->1573M(5939M) 3712.848ms
After GCs... 
