Done; will start GCs... 
[10.218s][info][gc,metaspace] GC(25) Metaspace: 11223K(11520K)->11223K(11520K) NonClass: 10135K(10304K)->10135K(10304K) Class: 1088K(1216K)->1088K(1216K)
[10.218s][info][gc          ] GC(25) Pause Full (System.gc()) 1708M->1706M(6144M) 605.962ms
[10.831s][info][gc,metaspace] GC(26) Metaspace: 11223K(11520K)->11223K(11520K) NonClass: 10135K(10304K)->10135K(10304K) Class: 1088K(1216K)->1088K(1216K)
[10.831s][info][gc          ] GC(26) Pause Full (System.gc()) 1706M->1706M(6144M) 612.743ms
[11.385s][info][gc,metaspace] GC(27) Metaspace: 11223K(11520K)->11223K(11520K) NonClass: 10135K(10304K)->10135K(10304K) Class: 1088K(1216K)->1088K(1216K)
[11.385s][info][gc          ] GC(27) Pause Full (System.gc()) 1706M->1706M(6144M) 553.928ms
[11.997s][info][gc,metaspace] GC(28) Metaspace: 11223K(11520K)->11223K(11520K) NonClass: 10135K(10304K)->10135K(10304K) Class: 1088K(1216K)->1088K(1216K)
[11.997s][info][gc          ] GC(28) Pause Full (System.gc()) 1706M->1706M(6144M) 612.564ms
[12.606s][info][gc,metaspace] GC(29) Metaspace: 11223K(11520K)->11223K(11520K) NonClass: 10135K(10304K)->10135K(10304K) Class: 1088K(1216K)->1088K(1216K)
[12.606s][info][gc          ] GC(29) Pause Full (System.gc()) 1706M->1706M(6144M) 608.937ms
[13.222s][info][gc,metaspace] GC(30) Metaspace: 11223K(11520K)->11223K(11520K) NonClass: 10135K(10304K)->10135K(10304K) Class: 1088K(1216K)->1088K(1216K)
[13.222s][info][gc          ] GC(30) Pause Full (System.gc()) 1706M->1706M(6144M) 615.206ms
[13.779s][info][gc,metaspace] GC(31) Metaspace: 11223K(11520K)->11223K(11520K) NonClass: 10135K(10304K)->10135K(10304K) Class: 1088K(1216K)->1088K(1216K)
[13.780s][info][gc          ] GC(31) Pause Full (System.gc()) 1706M->1706M(6144M) 557.848ms
[14.336s][info][gc,metaspace] GC(32) Metaspace: 11223K(11520K)->11223K(11520K) NonClass: 10135K(10304K)->10135K(10304K) Class: 1088K(1216K)->1088K(1216K)
[14.336s][info][gc          ] GC(32) Pause Full (System.gc()) 1706M->1706M(6144M) 556.553ms
[14.893s][info][gc,metaspace] GC(33) Metaspace: 11223K(11520K)->11223K(11520K) NonClass: 10135K(10304K)->10135K(10304K) Class: 1088K(1216K)->1088K(1216K)
[14.894s][info][gc          ] GC(33) Pause Full (System.gc()) 1706M->1706M(6144M) 557.292ms
[15.450s][info][gc,metaspace] GC(34) Metaspace: 11223K(11520K)->11223K(11520K) NonClass: 10135K(10304K)->10135K(10304K) Class: 1088K(1216K)->1088K(1216K)
[15.450s][info][gc          ] GC(34) Pause Full (System.gc()) 1706M->1706M(6144M) 556.909ms
[16.007s][info][gc,metaspace] GC(35) Metaspace: 11223K(11520K)->11223K(11520K) NonClass: 10135K(10304K)->10135K(10304K) Class: 1088K(1216K)->1088K(1216K)
[16.007s][info][gc          ] GC(35) Pause Full (System.gc()) 1706M->1706M(6144M) 556.472ms
[16.565s][info][gc,metaspace] GC(36) Metaspace: 11223K(11520K)->11223K(11520K) NonClass: 10135K(10304K)->10135K(10304K) Class: 1088K(1216K)->1088K(1216K)
[16.565s][info][gc          ] GC(36) Pause Full (System.gc()) 1706M->1706M(6144M) 557.921ms
[17.123s][info][gc,metaspace] GC(37) Metaspace: 11223K(11520K)->11223K(11520K) NonClass: 10135K(10304K)->10135K(10304K) Class: 1088K(1216K)->1088K(1216K)
[17.123s][info][gc          ] GC(37) Pause Full (System.gc()) 1706M->1706M(6144M) 557.727ms
[17.678s][info][gc,metaspace] GC(38) Metaspace: 11223K(11520K)->11223K(11520K) NonClass: 10135K(10304K)->10135K(10304K) Class: 1088K(1216K)->1088K(1216K)
[17.678s][info][gc          ] GC(38) Pause Full (System.gc()) 1706M->1706M(6144M) 555.452ms
[18.236s][info][gc,metaspace] GC(39) Metaspace: 11223K(11520K)->11223K(11520K) NonClass: 10135K(10304K)->10135K(10304K) Class: 1088K(1216K)->1088K(1216K)
[18.236s][info][gc          ] GC(39) Pause Full (System.gc()) 1706M->1706M(6144M) 557.936ms
[18.793s][info][gc,metaspace] GC(40) Metaspace: 11223K(11520K)->11223K(11520K) NonClass: 10135K(10304K)->10135K(10304K) Class: 1088K(1216K)->1088K(1216K)
[18.793s][info][gc          ] GC(40) Pause Full (System.gc()) 1706M->1706M(6144M) 556.972ms
[19.347s][info][gc,metaspace] GC(41) Metaspace: 11223K(11520K)->11223K(11520K) NonClass: 10135K(10304K)->10135K(10304K) Class: 1088K(1216K)->1088K(1216K)
[19.347s][info][gc          ] GC(41) Pause Full (System.gc()) 1706M->1706M(6144M) 553.479ms
[19.903s][info][gc,metaspace] GC(42) Metaspace: 11223K(11520K)->11223K(11520K) NonClass: 10135K(10304K)->10135K(10304K) Class: 1088K(1216K)->1088K(1216K)
[19.903s][info][gc          ] GC(42) Pause Full (System.gc()) 1706M->1706M(6144M) 556.345ms
[20.462s][info][gc,metaspace] GC(43) Metaspace: 11223K(11520K)->11223K(11520K) NonClass: 10135K(10304K)->10135K(10304K) Class: 1088K(1216K)->1088K(1216K)
[20.462s][info][gc          ] GC(43) Pause Full (System.gc()) 1706M->1706M(6144M) 558.945ms
[21.018s][info][gc,metaspace] GC(44) Metaspace: 11223K(11520K)->11223K(11520K) NonClass: 10135K(10304K)->10135K(10304K) Class: 1088K(1216K)->1088K(1216K)
[21.019s][info][gc          ] GC(44) Pause Full (System.gc()) 1706M->1706M(6144M) 556.101ms
[21.587s][info][gc,metaspace] GC(45) Metaspace: 11223K(11520K)->11223K(11520K) NonClass: 10135K(10304K)->10135K(10304K) Class: 1088K(1216K)->1088K(1216K)
[21.587s][info][gc          ] GC(45) Pause Full (System.gc()) 1706M->1706M(6144M) 564.576ms
[22.147s][info][gc,metaspace] GC(46) Metaspace: 11223K(11520K)->11223K(11520K) NonClass: 10135K(10304K)->10135K(10304K) Class: 1088K(1216K)->1088K(1216K)
[22.147s][info][gc          ] GC(46) Pause Full (System.gc()) 1706M->1706M(6144M) 559.460ms
[22.707s][info][gc,metaspace] GC(47) Metaspace: 11223K(11520K)->11223K(11520K) NonClass: 10135K(10304K)->10135K(10304K) Class: 1088K(1216K)->1088K(1216K)
[22.707s][info][gc          ] GC(47) Pause Full (System.gc()) 1706M->1706M(6144M) 559.957ms
[23.265s][info][gc,metaspace] GC(48) Metaspace: 11223K(11520K)->11223K(11520K) NonClass: 10135K(10304K)->10135K(10304K) Class: 1088K(1216K)->1088K(1216K)
[23.265s][info][gc          ] GC(48) Pause Full (System.gc()) 1706M->1706M(6144M) 557.722ms
[23.821s][info][gc,metaspace] GC(49) Metaspace: 11223K(11520K)->11223K(11520K) NonClass: 10135K(10304K)->10135K(10304K) Class: 1088K(1216K)->1088K(1216K)
[23.822s][info][gc          ] GC(49) Pause Full (System.gc()) 1706M->1706M(6144M) 556.689ms
[24.382s][info][gc,metaspace] GC(50) Metaspace: 11223K(11520K)->11223K(11520K) NonClass: 10135K(10304K)->10135K(10304K) Class: 1088K(1216K)->1088K(1216K)
[24.382s][info][gc          ] GC(50) Pause Full (System.gc()) 1706M->1706M(6144M) 560.077ms
[24.938s][info][gc,metaspace] GC(51) Metaspace: 11223K(11520K)->11223K(11520K) NonClass: 10135K(10304K)->10135K(10304K) Class: 1088K(1216K)->1088K(1216K)
[24.938s][info][gc          ] GC(51) Pause Full (System.gc()) 1706M->1706M(6144M) 555.853ms
[25.495s][info][gc,metaspace] GC(52) Metaspace: 11223K(11520K)->11223K(11520K) NonClass: 10135K(10304K)->10135K(10304K) Class: 1088K(1216K)->1088K(1216K)
[25.495s][info][gc          ] GC(52) Pause Full (System.gc()) 1706M->1706M(6144M) 557.683ms
[26.056s][info][gc,metaspace] GC(53) Metaspace: 11223K(11520K)->11223K(11520K) NonClass: 10135K(10304K)->10135K(10304K) Class: 1088K(1216K)->1088K(1216K)
[26.056s][info][gc          ] GC(53) Pause Full (System.gc()) 1706M->1706M(6144M) 560.986ms
[26.614s][info][gc,metaspace] GC(54) Metaspace: 11223K(11520K)->11223K(11520K) NonClass: 10135K(10304K)->10135K(10304K) Class: 1088K(1216K)->1088K(1216K)
[26.614s][info][gc          ] GC(54) Pause Full (System.gc()) 1706M->1706M(6144M) 557.097ms
[27.173s][info][gc,metaspace] GC(55) Metaspace: 11223K(11520K)->11223K(11520K) NonClass: 10135K(10304K)->10135K(10304K) Class: 1088K(1216K)->1088K(1216K)
[27.173s][info][gc          ] GC(55) Pause Full (System.gc()) 1706M->1706M(6144M) 559.520ms
[27.733s][info][gc,metaspace] GC(56) Metaspace: 11223K(11520K)->11223K(11520K) NonClass: 10135K(10304K)->10135K(10304K) Class: 1088K(1216K)->1088K(1216K)
[27.733s][info][gc          ] GC(56) Pause Full (System.gc()) 1706M->1706M(6144M) 559.978ms
[28.291s][info][gc,metaspace] GC(57) Metaspace: 11223K(11520K)->11223K(11520K) NonClass: 10135K(10304K)->10135K(10304K) Class: 1088K(1216K)->1088K(1216K)
[28.291s][info][gc          ] GC(57) Pause Full (System.gc()) 1706M->1706M(6144M) 558.042ms
[28.855s][info][gc,metaspace] GC(58) Metaspace: 11223K(11520K)->11223K(11520K) NonClass: 10135K(10304K)->10135K(10304K) Class: 1088K(1216K)->1088K(1216K)
[28.855s][info][gc          ] GC(58) Pause Full (System.gc()) 1706M->1706M(6144M) 563.735ms
[29.415s][info][gc,metaspace] GC(59) Metaspace: 11223K(11520K)->11223K(11520K) NonClass: 10135K(10304K)->10135K(10304K) Class: 1088K(1216K)->1088K(1216K)
[29.415s][info][gc          ] GC(59) Pause Full (System.gc()) 1706M->1706M(6144M) 559.569ms
[29.974s][info][gc,metaspace] GC(60) Metaspace: 11223K(11520K)->11223K(11520K) NonClass: 10135K(10304K)->10135K(10304K) Class: 1088K(1216K)->1088K(1216K)
[29.974s][info][gc          ] GC(60) Pause Full (System.gc()) 1706M->1706M(6144M) 559.155ms
[30.533s][info][gc,metaspace] GC(61) Metaspace: 11223K(11520K)->11223K(11520K) NonClass: 10135K(10304K)->10135K(10304K) Class: 1088K(1216K)->1088K(1216K)
[30.533s][info][gc          ] GC(61) Pause Full (System.gc()) 1706M->1706M(6144M) 559.377ms
[31.090s][info][gc,metaspace] GC(62) Metaspace: 11223K(11520K)->11223K(11520K) NonClass: 10135K(10304K)->10135K(10304K) Class: 1088K(1216K)->1088K(1216K)
[31.090s][info][gc          ] GC(62) Pause Full (System.gc()) 1706M->1706M(6144M) 556.454ms
[31.650s][info][gc,metaspace] GC(63) Metaspace: 11223K(11520K)->11223K(11520K) NonClass: 10135K(10304K)->10135K(10304K) Class: 1088K(1216K)->1088K(1216K)
[31.650s][info][gc          ] GC(63) Pause Full (System.gc()) 1706M->1706M(6144M) 560.039ms
[32.207s][info][gc,metaspace] GC(64) Metaspace: 11223K(11520K)->11223K(11520K) NonClass: 10135K(10304K)->10135K(10304K) Class: 1088K(1216K)->1088K(1216K)
[32.207s][info][gc          ] GC(64) Pause Full (System.gc()) 1706M->1706M(6144M) 556.593ms
After GCs... 
