Done; will start GCs... 
[9.999s][info][gc,metaspace] GC(25) Metaspace: 11234K(11584K)->11234K(11584K) NonClass: 9435K(9600K)->9435K(9600K) Class: 1799K(1984K)->1799K(1984K)
[9.999s][info][gc          ] GC(25) Pause Full (System.gc()) 1452M->1450M(6144M) 614.213ms
[10.617s][info][gc,metaspace] GC(26) Metaspace: 11234K(11584K)->11234K(11584K) NonClass: 9435K(9600K)->9435K(9600K) Class: 1799K(1984K)->1799K(1984K)
[10.617s][info][gc          ] GC(26) Pause Full (System.gc()) 1450M->1450M(6144M) 617.975ms
[11.224s][info][gc,metaspace] GC(27) Metaspace: 11234K(11584K)->11234K(11584K) NonClass: 9435K(9600K)->9435K(9600K) Class: 1799K(1984K)->1799K(1984K)
[11.225s][info][gc          ] GC(27) Pause Full (System.gc()) 1450M->1450M(6144M) 607.045ms
[11.837s][info][gc,metaspace] GC(28) Metaspace: 11234K(11584K)->11234K(11584K) NonClass: 9435K(9600K)->9435K(9600K) Class: 1799K(1984K)->1799K(1984K)
[11.837s][info][gc          ] GC(28) Pause Full (System.gc()) 1450M->1450M(6144M) 612.634ms
[12.464s][info][gc,metaspace] GC(29) Metaspace: 11234K(11584K)->11234K(11584K) NonClass: 9435K(9600K)->9435K(9600K) Class: 1799K(1984K)->1799K(1984K)
[12.465s][info][gc          ] GC(29) Pause Full (System.gc()) 1450M->1450M(6144M) 627.203ms
[13.070s][info][gc,metaspace] GC(30) Metaspace: 11234K(11584K)->11234K(11584K) NonClass: 9435K(9600K)->9435K(9600K) Class: 1799K(1984K)->1799K(1984K)
[13.070s][info][gc          ] GC(30) Pause Full (System.gc()) 1450M->1450M(6144M) 605.314ms
[13.670s][info][gc,metaspace] GC(31) Metaspace: 11234K(11584K)->11234K(11584K) NonClass: 9435K(9600K)->9435K(9600K) Class: 1799K(1984K)->1799K(1984K)
[13.670s][info][gc          ] GC(31) Pause Full (System.gc()) 1450M->1450M(6144M) 600.037ms
[14.285s][info][gc,metaspace] GC(32) Metaspace: 11234K(11584K)->11234K(11584K) NonClass: 9435K(9600K)->9435K(9600K) Class: 1799K(1984K)->1799K(1984K)
[14.285s][info][gc          ] GC(32) Pause Full (System.gc()) 1450M->1450M(6144M) 615.020ms
[14.900s][info][gc,metaspace] GC(33) Metaspace: 11234K(11584K)->11234K(11584K) NonClass: 9435K(9600K)->9435K(9600K) Class: 1799K(1984K)->1799K(1984K)
[14.900s][info][gc          ] GC(33) Pause Full (System.gc()) 1450M->1450M(6144M) 614.457ms
[15.507s][info][gc,metaspace] GC(34) Metaspace: 11234K(11584K)->11234K(11584K) NonClass: 9435K(9600K)->9435K(9600K) Class: 1799K(1984K)->1799K(1984K)
[15.507s][info][gc          ] GC(34) Pause Full (System.gc()) 1450M->1450M(6144M) 607.820ms
[16.064s][info][gc,metaspace] GC(35) Metaspace: 11234K(11584K)->11234K(11584K) NonClass: 9435K(9600K)->9435K(9600K) Class: 1799K(1984K)->1799K(1984K)
[16.064s][info][gc          ] GC(35) Pause Full (System.gc()) 1450M->1450M(6144M) 556.884ms
[16.621s][info][gc,metaspace] GC(36) Metaspace: 11234K(11584K)->11234K(11584K) NonClass: 9435K(9600K)->9435K(9600K) Class: 1799K(1984K)->1799K(1984K)
[16.621s][info][gc          ] GC(36) Pause Full (System.gc()) 1450M->1450M(6144M) 556.419ms
[17.177s][info][gc,metaspace] GC(37) Metaspace: 11234K(11584K)->11234K(11584K) NonClass: 9435K(9600K)->9435K(9600K) Class: 1799K(1984K)->1799K(1984K)
[17.178s][info][gc          ] GC(37) Pause Full (System.gc()) 1450M->1450M(6144M) 556.558ms
[17.735s][info][gc,metaspace] GC(38) Metaspace: 11234K(11584K)->11234K(11584K) NonClass: 9435K(9600K)->9435K(9600K) Class: 1799K(1984K)->1799K(1984K)
[17.735s][info][gc          ] GC(38) Pause Full (System.gc()) 1450M->1450M(6144M) 557.884ms
[18.292s][info][gc,metaspace] GC(39) Metaspace: 11234K(11584K)->11234K(11584K) NonClass: 9435K(9600K)->9435K(9600K) Class: 1799K(1984K)->1799K(1984K)
[18.292s][info][gc          ] GC(39) Pause Full (System.gc()) 1450M->1450M(6144M) 556.508ms
[18.850s][info][gc,metaspace] GC(40) Metaspace: 11234K(11584K)->11234K(11584K) NonClass: 9435K(9600K)->9435K(9600K) Class: 1799K(1984K)->1799K(1984K)
[18.850s][info][gc          ] GC(40) Pause Full (System.gc()) 1450M->1450M(6144M) 557.480ms
[19.410s][info][gc,metaspace] GC(41) Metaspace: 11234K(11584K)->11234K(11584K) NonClass: 9435K(9600K)->9435K(9600K) Class: 1799K(1984K)->1799K(1984K)
[19.410s][info][gc          ] GC(41) Pause Full (System.gc()) 1450M->1450M(6144M) 560.211ms
[19.974s][info][gc,metaspace] GC(42) Metaspace: 11234K(11584K)->11234K(11584K) NonClass: 9435K(9600K)->9435K(9600K) Class: 1799K(1984K)->1799K(1984K)
[19.974s][info][gc          ] GC(42) Pause Full (System.gc()) 1450M->1450M(6144M) 564.288ms
[20.538s][info][gc,metaspace] GC(43) Metaspace: 11234K(11584K)->11234K(11584K) NonClass: 9435K(9600K)->9435K(9600K) Class: 1799K(1984K)->1799K(1984K)
[20.538s][info][gc          ] GC(43) Pause Full (System.gc()) 1450M->1450M(6144M) 559.834ms
[21.095s][info][gc,metaspace] GC(44) Metaspace: 11234K(11584K)->11234K(11584K) NonClass: 9435K(9600K)->9435K(9600K) Class: 1799K(1984K)->1799K(1984K)
[21.095s][info][gc          ] GC(44) Pause Full (System.gc()) 1450M->1450M(6144M) 556.698ms
[21.654s][info][gc,metaspace] GC(45) Metaspace: 11234K(11584K)->11234K(11584K) NonClass: 9435K(9600K)->9435K(9600K) Class: 1799K(1984K)->1799K(1984K)
[21.654s][info][gc          ] GC(45) Pause Full (System.gc()) 1450M->1450M(6144M) 558.360ms
[22.215s][info][gc,metaspace] GC(46) Metaspace: 11234K(11584K)->11234K(11584K) NonClass: 9435K(9600K)->9435K(9600K) Class: 1799K(1984K)->1799K(1984K)
[22.215s][info][gc          ] GC(46) Pause Full (System.gc()) 1450M->1450M(6144M) 561.702ms
[22.776s][info][gc,metaspace] GC(47) Metaspace: 11234K(11584K)->11234K(11584K) NonClass: 9435K(9600K)->9435K(9600K) Class: 1799K(1984K)->1799K(1984K)
[22.776s][info][gc          ] GC(47) Pause Full (System.gc()) 1450M->1450M(6144M) 560.447ms
[23.332s][info][gc,metaspace] GC(48) Metaspace: 11234K(11584K)->11234K(11584K) NonClass: 9435K(9600K)->9435K(9600K) Class: 1799K(1984K)->1799K(1984K)
[23.332s][info][gc          ] GC(48) Pause Full (System.gc()) 1450M->1450M(6144M) 556.002ms
[23.888s][info][gc,metaspace] GC(49) Metaspace: 11234K(11584K)->11234K(11584K) NonClass: 9435K(9600K)->9435K(9600K) Class: 1799K(1984K)->1799K(1984K)
[23.888s][info][gc          ] GC(49) Pause Full (System.gc()) 1450M->1450M(6144M) 556.430ms
[24.444s][info][gc,metaspace] GC(50) Metaspace: 11234K(11584K)->11234K(11584K) NonClass: 9435K(9600K)->9435K(9600K) Class: 1799K(1984K)->1799K(1984K)
[24.444s][info][gc          ] GC(50) Pause Full (System.gc()) 1450M->1450M(6144M) 555.247ms
[25.016s][info][gc,metaspace] GC(51) Metaspace: 11234K(11584K)->11234K(11584K) NonClass: 9435K(9600K)->9435K(9600K) Class: 1799K(1984K)->1799K(1984K)
[25.016s][info][gc          ] GC(51) Pause Full (System.gc()) 1450M->1450M(6144M) 571.812ms
[25.572s][info][gc,metaspace] GC(52) Metaspace: 11234K(11584K)->11234K(11584K) NonClass: 9435K(9600K)->9435K(9600K) Class: 1799K(1984K)->1799K(1984K)
[25.573s][info][gc          ] GC(52) Pause Full (System.gc()) 1450M->1450M(6144M) 556.761ms
[26.129s][info][gc,metaspace] GC(53) Metaspace: 11234K(11584K)->11234K(11584K) NonClass: 9435K(9600K)->9435K(9600K) Class: 1799K(1984K)->1799K(1984K)
[26.129s][info][gc          ] GC(53) Pause Full (System.gc()) 1450M->1450M(6144M) 555.983ms
[26.694s][info][gc,metaspace] GC(54) Metaspace: 11234K(11584K)->11234K(11584K) NonClass: 9435K(9600K)->9435K(9600K) Class: 1799K(1984K)->1799K(1984K)
[26.694s][info][gc          ] GC(54) Pause Full (System.gc()) 1450M->1450M(6144M) 564.916ms
[27.259s][info][gc,metaspace] GC(55) Metaspace: 11234K(11584K)->11234K(11584K) NonClass: 9435K(9600K)->9435K(9600K) Class: 1799K(1984K)->1799K(1984K)
[27.259s][info][gc          ] GC(55) Pause Full (System.gc()) 1450M->1450M(6144M) 565.394ms
[27.821s][info][gc,metaspace] GC(56) Metaspace: 11234K(11584K)->11234K(11584K) NonClass: 9435K(9600K)->9435K(9600K) Class: 1799K(1984K)->1799K(1984K)
[27.821s][info][gc          ] GC(56) Pause Full (System.gc()) 1450M->1450M(6144M) 562.332ms
[28.376s][info][gc,metaspace] GC(57) Metaspace: 11234K(11584K)->11234K(11584K) NonClass: 9435K(9600K)->9435K(9600K) Class: 1799K(1984K)->1799K(1984K)
[28.376s][info][gc          ] GC(57) Pause Full (System.gc()) 1450M->1450M(6144M) 554.670ms
[28.931s][info][gc,metaspace] GC(58) Metaspace: 11234K(11584K)->11234K(11584K) NonClass: 9435K(9600K)->9435K(9600K) Class: 1799K(1984K)->1799K(1984K)
[28.931s][info][gc          ] GC(58) Pause Full (System.gc()) 1450M->1450M(6144M) 554.582ms
[29.488s][info][gc,metaspace] GC(59) Metaspace: 11234K(11584K)->11234K(11584K) NonClass: 9435K(9600K)->9435K(9600K) Class: 1799K(1984K)->1799K(1984K)
[29.488s][info][gc          ] GC(59) Pause Full (System.gc()) 1450M->1450M(6144M) 557.070ms
[30.046s][info][gc,metaspace] GC(60) Metaspace: 11234K(11584K)->11234K(11584K) NonClass: 9435K(9600K)->9435K(9600K) Class: 1799K(1984K)->1799K(1984K)
[30.046s][info][gc          ] GC(60) Pause Full (System.gc()) 1450M->1450M(6144M) 557.607ms
[30.605s][info][gc,metaspace] GC(61) Metaspace: 11234K(11584K)->11234K(11584K) NonClass: 9435K(9600K)->9435K(9600K) Class: 1799K(1984K)->1799K(1984K)
[30.605s][info][gc          ] GC(61) Pause Full (System.gc()) 1450M->1450M(6144M) 559.034ms
[31.164s][info][gc,metaspace] GC(62) Metaspace: 11234K(11584K)->11234K(11584K) NonClass: 9435K(9600K)->9435K(9600K) Class: 1799K(1984K)->1799K(1984K)
[31.164s][info][gc          ] GC(62) Pause Full (System.gc()) 1450M->1450M(6144M) 558.856ms
[31.721s][info][gc,metaspace] GC(63) Metaspace: 11234K(11584K)->11234K(11584K) NonClass: 9435K(9600K)->9435K(9600K) Class: 1799K(1984K)->1799K(1984K)
[31.721s][info][gc          ] GC(63) Pause Full (System.gc()) 1450M->1450M(6144M) 556.911ms
[32.278s][info][gc,metaspace] GC(64) Metaspace: 11234K(11584K)->11234K(11584K) NonClass: 9435K(9600K)->9435K(9600K) Class: 1799K(1984K)->1799K(1984K)
[32.278s][info][gc          ] GC(64) Pause Full (System.gc()) 1450M->1450M(6144M) 557.734ms
After GCs... 
