Done; will start GCs... 
[9.820s][info][gc,metaspace] GC(25) Metaspace: 11234K(11584K)->11234K(11584K) NonClass: 9433K(9600K)->9433K(9600K) Class: 1801K(1984K)->1801K(1984K)
[9.820s][info][gc          ] GC(25) Pause Full (System.gc()) 1452M->1450M(6144M) 603.186ms
[10.420s][info][gc,metaspace] GC(26) Metaspace: 11234K(11584K)->11234K(11584K) NonClass: 9433K(9600K)->9433K(9600K) Class: 1801K(1984K)->1801K(1984K)
[10.420s][info][gc          ] GC(26) Pause Full (System.gc()) 1450M->1450M(6144M) 599.412ms
[11.019s][info][gc,metaspace] GC(27) Metaspace: 11234K(11584K)->11234K(11584K) NonClass: 9433K(9600K)->9433K(9600K) Class: 1801K(1984K)->1801K(1984K)
[11.019s][info][gc          ] GC(27) Pause Full (System.gc()) 1450M->1450M(6144M) 598.560ms
[11.613s][info][gc,metaspace] GC(28) Metaspace: 11234K(11584K)->11234K(11584K) NonClass: 9433K(9600K)->9433K(9600K) Class: 1801K(1984K)->1801K(1984K)
[11.613s][info][gc          ] GC(28) Pause Full (System.gc()) 1450M->1450M(6144M) 594.624ms
[12.215s][info][gc,metaspace] GC(29) Metaspace: 11234K(11584K)->11234K(11584K) NonClass: 9433K(9600K)->9433K(9600K) Class: 1801K(1984K)->1801K(1984K)
[12.215s][info][gc          ] GC(29) Pause Full (System.gc()) 1450M->1450M(6144M) 601.313ms
[12.805s][info][gc,metaspace] GC(30) Metaspace: 11234K(11584K)->11234K(11584K) NonClass: 9433K(9600K)->9433K(9600K) Class: 1801K(1984K)->1801K(1984K)
[12.805s][info][gc          ] GC(30) Pause Full (System.gc()) 1450M->1450M(6144M) 590.571ms
[13.399s][info][gc,metaspace] GC(31) Metaspace: 11234K(11584K)->11234K(11584K) NonClass: 9433K(9600K)->9433K(9600K) Class: 1801K(1984K)->1801K(1984K)
[13.399s][info][gc          ] GC(31) Pause Full (System.gc()) 1450M->1450M(6144M) 593.966ms
[13.954s][info][gc,metaspace] GC(32) Metaspace: 11234K(11584K)->11234K(11584K) NonClass: 9433K(9600K)->9433K(9600K) Class: 1801K(1984K)->1801K(1984K)
[13.954s][info][gc          ] GC(32) Pause Full (System.gc()) 1450M->1450M(6144M) 554.614ms
[14.498s][info][gc,metaspace] GC(33) Metaspace: 11234K(11584K)->11234K(11584K) NonClass: 9433K(9600K)->9433K(9600K) Class: 1801K(1984K)->1801K(1984K)
[14.498s][info][gc          ] GC(33) Pause Full (System.gc()) 1450M->1450M(6144M) 543.810ms
[15.045s][info][gc,metaspace] GC(34) Metaspace: 11234K(11584K)->11234K(11584K) NonClass: 9433K(9600K)->9433K(9600K) Class: 1801K(1984K)->1801K(1984K)
[15.045s][info][gc          ] GC(34) Pause Full (System.gc()) 1450M->1450M(6144M) 546.972ms
[15.638s][info][gc,metaspace] GC(35) Metaspace: 11234K(11584K)->11234K(11584K) NonClass: 9433K(9600K)->9433K(9600K) Class: 1801K(1984K)->1801K(1984K)
[15.638s][info][gc          ] GC(35) Pause Full (System.gc()) 1450M->1450M(6144M) 593.015ms
[16.182s][info][gc,metaspace] GC(36) Metaspace: 11234K(11584K)->11234K(11584K) NonClass: 9433K(9600K)->9433K(9600K) Class: 1801K(1984K)->1801K(1984K)
[16.182s][info][gc          ] GC(36) Pause Full (System.gc()) 1450M->1450M(6144M) 544.286ms
[16.780s][info][gc,metaspace] GC(37) Metaspace: 11234K(11584K)->11234K(11584K) NonClass: 9433K(9600K)->9433K(9600K) Class: 1801K(1984K)->1801K(1984K)
[16.780s][info][gc          ] GC(37) Pause Full (System.gc()) 1450M->1450M(6144M) 597.504ms
[17.376s][info][gc,metaspace] GC(38) Metaspace: 11234K(11584K)->11234K(11584K) NonClass: 9433K(9600K)->9433K(9600K) Class: 1801K(1984K)->1801K(1984K)
[17.376s][info][gc          ] GC(38) Pause Full (System.gc()) 1450M->1450M(6144M) 595.653ms
[17.965s][info][gc,metaspace] GC(39) Metaspace: 11234K(11584K)->11234K(11584K) NonClass: 9433K(9600K)->9433K(9600K) Class: 1801K(1984K)->1801K(1984K)
[17.965s][info][gc          ] GC(39) Pause Full (System.gc()) 1450M->1450M(6144M) 589.679ms
[18.518s][info][gc,metaspace] GC(40) Metaspace: 11234K(11584K)->11234K(11584K) NonClass: 9433K(9600K)->9433K(9600K) Class: 1801K(1984K)->1801K(1984K)
[18.518s][info][gc          ] GC(40) Pause Full (System.gc()) 1450M->1450M(6144M) 548.601ms
[19.064s][info][gc,metaspace] GC(41) Metaspace: 11234K(11584K)->11234K(11584K) NonClass: 9433K(9600K)->9433K(9600K) Class: 1801K(1984K)->1801K(1984K)
[19.064s][info][gc          ] GC(41) Pause Full (System.gc()) 1450M->1450M(6144M) 545.889ms
[19.654s][info][gc,metaspace] GC(42) Metaspace: 11234K(11584K)->11234K(11584K) NonClass: 9433K(9600K)->9433K(9600K) Class: 1801K(1984K)->1801K(1984K)
[19.654s][info][gc          ] GC(42) Pause Full (System.gc()) 1450M->1450M(6144M) 589.373ms
[20.238s][info][gc,metaspace] GC(43) Metaspace: 11234K(11584K)->11234K(11584K) NonClass: 9433K(9600K)->9433K(9600K) Class: 1801K(1984K)->1801K(1984K)
[20.238s][info][gc          ] GC(43) Pause Full (System.gc()) 1450M->1450M(6144M) 584.562ms
[20.841s][info][gc,metaspace] GC(44) Metaspace: 11234K(11584K)->11234K(11584K) NonClass: 9433K(9600K)->9433K(9600K) Class: 1801K(1984K)->1801K(1984K)
[20.841s][info][gc          ] GC(44) Pause Full (System.gc()) 1450M->1450M(6144M) 602.097ms
[21.440s][info][gc,metaspace] GC(45) Metaspace: 11234K(11584K)->11234K(11584K) NonClass: 9433K(9600K)->9433K(9600K) Class: 1801K(1984K)->1801K(1984K)
[21.440s][info][gc          ] GC(45) Pause Full (System.gc()) 1450M->1450M(6144M) 599.743ms
[22.000s][info][gc,metaspace] GC(46) Metaspace: 11234K(11584K)->11234K(11584K) NonClass: 9433K(9600K)->9433K(9600K) Class: 1801K(1984K)->1801K(1984K)
[22.000s][info][gc          ] GC(46) Pause Full (System.gc()) 1450M->1450M(6144M) 559.080ms
[22.595s][info][gc,metaspace] GC(47) Metaspace: 11234K(11584K)->11234K(11584K) NonClass: 9433K(9600K)->9433K(9600K) Class: 1801K(1984K)->1801K(1984K)
[22.595s][info][gc          ] GC(47) Pause Full (System.gc()) 1450M->1450M(6144M) 594.962ms
[23.191s][info][gc,metaspace] GC(48) Metaspace: 11234K(11584K)->11234K(11584K) NonClass: 9433K(9600K)->9433K(9600K) Class: 1801K(1984K)->1801K(1984K)
[23.191s][info][gc          ] GC(48) Pause Full (System.gc()) 1450M->1450M(6144M) 596.372ms
[23.731s][info][gc,metaspace] GC(49) Metaspace: 11234K(11584K)->11234K(11584K) NonClass: 9433K(9600K)->9433K(9600K) Class: 1801K(1984K)->1801K(1984K)
[23.731s][info][gc          ] GC(49) Pause Full (System.gc()) 1450M->1450M(6144M) 540.247ms
[24.275s][info][gc,metaspace] GC(50) Metaspace: 11234K(11584K)->11234K(11584K) NonClass: 9433K(9600K)->9433K(9600K) Class: 1801K(1984K)->1801K(1984K)
[24.275s][info][gc          ] GC(50) Pause Full (System.gc()) 1450M->1450M(6144M) 543.468ms
[24.820s][info][gc,metaspace] GC(51) Metaspace: 11234K(11584K)->11234K(11584K) NonClass: 9433K(9600K)->9433K(9600K) Class: 1801K(1984K)->1801K(1984K)
[24.820s][info][gc          ] GC(51) Pause Full (System.gc()) 1450M->1450M(6144M) 545.333ms
[25.365s][info][gc,metaspace] GC(52) Metaspace: 11234K(11584K)->11234K(11584K) NonClass: 9433K(9600K)->9433K(9600K) Class: 1801K(1984K)->1801K(1984K)
[25.365s][info][gc          ] GC(52) Pause Full (System.gc()) 1450M->1450M(6144M) 545.022ms
[25.912s][info][gc,metaspace] GC(53) Metaspace: 11234K(11584K)->11234K(11584K) NonClass: 9433K(9600K)->9433K(9600K) Class: 1801K(1984K)->1801K(1984K)
[25.912s][info][gc          ] GC(53) Pause Full (System.gc()) 1450M->1450M(6144M) 546.658ms
[26.480s][info][gc,metaspace] GC(54) Metaspace: 11234K(11584K)->11234K(11584K) NonClass: 9433K(9600K)->9433K(9600K) Class: 1801K(1984K)->1801K(1984K)
[26.480s][info][gc          ] GC(54) Pause Full (System.gc()) 1450M->1450M(6144M) 568.109ms
[27.027s][info][gc,metaspace] GC(55) Metaspace: 11234K(11584K)->11234K(11584K) NonClass: 9433K(9600K)->9433K(9600K) Class: 1801K(1984K)->1801K(1984K)
[27.027s][info][gc          ] GC(55) Pause Full (System.gc()) 1450M->1450M(6144M) 546.368ms
[27.568s][info][gc,metaspace] GC(56) Metaspace: 11234K(11584K)->11234K(11584K) NonClass: 9433K(9600K)->9433K(9600K) Class: 1801K(1984K)->1801K(1984K)
[27.568s][info][gc          ] GC(56) Pause Full (System.gc()) 1450M->1450M(6144M) 541.695ms
[28.114s][info][gc,metaspace] GC(57) Metaspace: 11234K(11584K)->11234K(11584K) NonClass: 9433K(9600K)->9433K(9600K) Class: 1801K(1984K)->1801K(1984K)
[28.114s][info][gc          ] GC(57) Pause Full (System.gc()) 1450M->1450M(6144M) 545.082ms
[28.657s][info][gc,metaspace] GC(58) Metaspace: 11234K(11584K)->11234K(11584K) NonClass: 9433K(9600K)->9433K(9600K) Class: 1801K(1984K)->1801K(1984K)
[28.657s][info][gc          ] GC(58) Pause Full (System.gc()) 1450M->1450M(6144M) 543.534ms
[29.202s][info][gc,metaspace] GC(59) Metaspace: 11234K(11584K)->11234K(11584K) NonClass: 9433K(9600K)->9433K(9600K) Class: 1801K(1984K)->1801K(1984K)
[29.202s][info][gc          ] GC(59) Pause Full (System.gc()) 1450M->1450M(6144M) 544.911ms
[29.749s][info][gc,metaspace] GC(60) Metaspace: 11234K(11584K)->11234K(11584K) NonClass: 9433K(9600K)->9433K(9600K) Class: 1801K(1984K)->1801K(1984K)
[29.749s][info][gc          ] GC(60) Pause Full (System.gc()) 1450M->1450M(6144M) 546.675ms
[30.293s][info][gc,metaspace] GC(61) Metaspace: 11234K(11584K)->11234K(11584K) NonClass: 9433K(9600K)->9433K(9600K) Class: 1801K(1984K)->1801K(1984K)
[30.293s][info][gc          ] GC(61) Pause Full (System.gc()) 1450M->1450M(6144M) 543.881ms
[30.847s][info][gc,metaspace] GC(62) Metaspace: 11234K(11584K)->11234K(11584K) NonClass: 9433K(9600K)->9433K(9600K) Class: 1801K(1984K)->1801K(1984K)
[30.847s][info][gc          ] GC(62) Pause Full (System.gc()) 1450M->1450M(6144M) 554.479ms
[31.394s][info][gc,metaspace] GC(63) Metaspace: 11234K(11584K)->11234K(11584K) NonClass: 9433K(9600K)->9433K(9600K) Class: 1801K(1984K)->1801K(1984K)
[31.394s][info][gc          ] GC(63) Pause Full (System.gc()) 1450M->1450M(6144M) 546.398ms
[31.940s][info][gc,metaspace] GC(64) Metaspace: 11234K(11584K)->11234K(11584K) NonClass: 9433K(9600K)->9433K(9600K) Class: 1801K(1984K)->1801K(1984K)
[31.940s][info][gc          ] GC(64) Pause Full (System.gc()) 1450M->1450M(6144M) 546.201ms
After GCs... 
