Done; will start GCs... 
[24.536s][info][gc          ] GC(14) Major Collection (System.gc())
[24.542s][info][gc,metaspace] GC(14) Y: Metaspace: 16M used, 17M committed, 3136M reserved
[24.548s][info][gc,metaspace] GC(14) Y: Metaspace: 16M used, 17M committed, 3136M reserved
[27.003s][info][gc,metaspace] GC(14) O: Metaspace: 16M used, 17M committed, 3136M reserved
[27.003s][info][gc          ] GC(14) Major Collection (System.gc()) 2184M(36%)->2182M(36%) 2.468s
[27.004s][info][gc          ] GC(15) Major Collection (System.gc())
[27.010s][info][gc,metaspace] GC(15) Y: Metaspace: 16M used, 17M committed, 3136M reserved
[27.016s][info][gc,metaspace] GC(15) Y: Metaspace: 16M used, 17M committed, 3136M reserved
[29.934s][info][gc,metaspace] GC(15) O: Metaspace: 16M used, 17M committed, 3136M reserved
[29.934s][info][gc          ] GC(15) Major Collection (System.gc()) 2182M(36%)->2182M(36%) 2.930s
[29.934s][info][gc          ] GC(16) Major Collection (System.gc())
[29.940s][info][gc,metaspace] GC(16) Y: Metaspace: 16M used, 17M committed, 3136M reserved
[29.946s][info][gc,metaspace] GC(16) Y: Metaspace: 16M used, 17M committed, 3136M reserved
[32.486s][info][gc,metaspace] GC(16) O: Metaspace: 16M used, 17M committed, 3136M reserved
[32.486s][info][gc          ] GC(16) Major Collection (System.gc()) 2182M(36%)->2182M(36%) 2.553s
[32.487s][info][gc          ] GC(17) Major Collection (System.gc())
[32.493s][info][gc,metaspace] GC(17) Y: Metaspace: 16M used, 17M committed, 3136M reserved
[32.499s][info][gc,metaspace] GC(17) Y: Metaspace: 16M used, 17M committed, 3136M reserved
[35.059s][info][gc,metaspace] GC(17) O: Metaspace: 16M used, 17M committed, 3136M reserved
[35.059s][info][gc          ] GC(17) Major Collection (System.gc()) 2182M(36%)->2182M(36%) 2.573s
[35.060s][info][gc          ] GC(18) Major Collection (System.gc())
[35.066s][info][gc,metaspace] GC(18) Y: Metaspace: 16M used, 17M committed, 3136M reserved
[35.072s][info][gc,metaspace] GC(18) Y: Metaspace: 16M used, 17M committed, 3136M reserved
[37.628s][info][gc,metaspace] GC(18) O: Metaspace: 16M used, 17M committed, 3136M reserved
[37.628s][info][gc          ] GC(18) Major Collection (System.gc()) 2182M(36%)->2182M(36%) 2.568s
[37.628s][info][gc          ] GC(19) Major Collection (System.gc())
[37.634s][info][gc,metaspace] GC(19) Y: Metaspace: 16M used, 17M committed, 3136M reserved
[37.640s][info][gc,metaspace] GC(19) Y: Metaspace: 16M used, 17M committed, 3136M reserved
[40.248s][info][gc,metaspace] GC(19) O: Metaspace: 16M used, 17M committed, 3136M reserved
[40.248s][info][gc          ] GC(19) Major Collection (System.gc()) 2182M(36%)->2182M(36%) 2.621s
[40.249s][info][gc          ] GC(20) Major Collection (System.gc())
[40.255s][info][gc,metaspace] GC(20) Y: Metaspace: 16M used, 17M committed, 3136M reserved
[40.261s][info][gc,metaspace] GC(20) Y: Metaspace: 16M used, 17M committed, 3136M reserved
[42.751s][info][gc,metaspace] GC(20) O: Metaspace: 16M used, 17M committed, 3136M reserved
[42.751s][info][gc          ] GC(20) Major Collection (System.gc()) 2182M(36%)->2182M(36%) 2.502s
[42.751s][info][gc          ] GC(21) Major Collection (System.gc())
[42.757s][info][gc,metaspace] GC(21) Y: Metaspace: 16M used, 17M committed, 3136M reserved
[42.764s][info][gc,metaspace] GC(21) Y: Metaspace: 16M used, 17M committed, 3136M reserved
[45.320s][info][gc,metaspace] GC(21) O: Metaspace: 16M used, 17M committed, 3136M reserved
[45.320s][info][gc          ] GC(21) Major Collection (System.gc()) 2182M(36%)->2182M(36%) 2.569s
[45.321s][info][gc          ] GC(22) Major Collection (System.gc())
[45.327s][info][gc,metaspace] GC(22) Y: Metaspace: 16M used, 17M committed, 3136M reserved
[45.333s][info][gc,metaspace] GC(22) Y: Metaspace: 16M used, 17M committed, 3136M reserved
[48.185s][info][gc,metaspace] GC(22) O: Metaspace: 16M used, 17M committed, 3136M reserved
[48.185s][info][gc          ] GC(22) Major Collection (System.gc()) 2182M(36%)->2182M(36%) 2.865s
[48.185s][info][gc          ] GC(23) Major Collection (System.gc())
[48.191s][info][gc,metaspace] GC(23) Y: Metaspace: 16M used, 17M committed, 3136M reserved
[48.198s][info][gc,metaspace] GC(23) Y: Metaspace: 16M used, 17M committed, 3136M reserved
[51.046s][info][gc,metaspace] GC(23) O: Metaspace: 16M used, 17M committed, 3136M reserved
[51.046s][info][gc          ] GC(23) Major Collection (System.gc()) 2182M(36%)->2182M(36%) 2.861s
[51.046s][info][gc          ] GC(24) Major Collection (System.gc())
[51.053s][info][gc,metaspace] GC(24) Y: Metaspace: 16M used, 17M committed, 3136M reserved
[51.059s][info][gc,metaspace] GC(24) Y: Metaspace: 16M used, 17M committed, 3136M reserved
[53.972s][info][gc,metaspace] GC(24) O: Metaspace: 16M used, 17M committed, 3136M reserved
[53.972s][info][gc          ] GC(24) Major Collection (System.gc()) 2182M(36%)->2182M(36%) 2.926s
[53.972s][info][gc          ] GC(25) Major Collection (System.gc())
[53.979s][info][gc,metaspace] GC(25) Y: Metaspace: 16M used, 17M committed, 3136M reserved
[53.985s][info][gc,metaspace] GC(25) Y: Metaspace: 16M used, 17M committed, 3136M reserved
[56.491s][info][gc,metaspace] GC(25) O: Metaspace: 16M used, 17M committed, 3136M reserved
[56.491s][info][gc          ] GC(25) Major Collection (System.gc()) 2182M(36%)->2182M(36%) 2.519s
[56.491s][info][gc          ] GC(26) Major Collection (System.gc())
[56.498s][info][gc,metaspace] GC(26) Y: Metaspace: 16M used, 17M committed, 3136M reserved
[56.504s][info][gc,metaspace] GC(26) Y: Metaspace: 16M used, 17M committed, 3136M reserved
[59.227s][info][gc,metaspace] GC(26) O: Metaspace: 16M used, 17M committed, 3136M reserved
[59.227s][info][gc          ] GC(26) Major Collection (System.gc()) 2182M(36%)->2182M(36%) 2.736s
[59.228s][info][gc          ] GC(27) Major Collection (System.gc())
[59.233s][info][gc,metaspace] GC(27) Y: Metaspace: 16M used, 17M committed, 3136M reserved
[59.239s][info][gc,metaspace] GC(27) Y: Metaspace: 16M used, 17M committed, 3136M reserved
[62.095s][info][gc,metaspace] GC(27) O: Metaspace: 16M used, 17M committed, 3136M reserved
[62.095s][info][gc          ] GC(27) Major Collection (System.gc()) 2182M(36%)->2184M(36%) 2.868s
[62.095s][info][gc          ] GC(28) Major Collection (System.gc())
[62.102s][info][gc,metaspace] GC(28) Y: Metaspace: 16M used, 17M committed, 3136M reserved
[62.108s][info][gc,metaspace] GC(28) Y: Metaspace: 16M used, 17M committed, 3136M reserved
[64.652s][info][gc,metaspace] GC(28) O: Metaspace: 16M used, 17M committed, 3136M reserved
[64.652s][info][gc          ] GC(28) Major Collection (System.gc()) 2184M(36%)->2182M(36%) 2.557s
[64.653s][info][gc          ] GC(29) Major Collection (System.gc())
[64.660s][info][gc,metaspace] GC(29) Y: Metaspace: 16M used, 17M committed, 3136M reserved
[64.666s][info][gc,metaspace] GC(29) Y: Metaspace: 16M used, 17M committed, 3136M reserved
[67.357s][info][gc,metaspace] GC(29) O: Metaspace: 16M used, 17M committed, 3136M reserved
[67.357s][info][gc          ] GC(29) Major Collection (System.gc()) 2182M(36%)->2182M(36%) 2.704s
[67.357s][info][gc          ] GC(30) Major Collection (System.gc())
[67.363s][info][gc,metaspace] GC(30) Y: Metaspace: 16M used, 17M committed, 3136M reserved
[67.370s][info][gc,metaspace] GC(30) Y: Metaspace: 16M used, 17M committed, 3136M reserved
[70.203s][info][gc,metaspace] GC(30) O: Metaspace: 16M used, 17M committed, 3136M reserved
[70.203s][info][gc          ] GC(30) Major Collection (System.gc()) 2182M(36%)->2182M(36%) 2.846s
[70.203s][info][gc          ] GC(31) Major Collection (System.gc())
[70.209s][info][gc,metaspace] GC(31) Y: Metaspace: 16M used, 17M committed, 3136M reserved
[70.215s][info][gc,metaspace] GC(31) Y: Metaspace: 16M used, 17M committed, 3136M reserved
[72.725s][info][gc,metaspace] GC(31) O: Metaspace: 16M used, 17M committed, 3136M reserved
[72.725s][info][gc          ] GC(31) Major Collection (System.gc()) 2182M(36%)->2182M(36%) 2.522s
[72.726s][info][gc          ] GC(32) Major Collection (System.gc())
[72.732s][info][gc,metaspace] GC(32) Y: Metaspace: 16M used, 17M committed, 3136M reserved
[72.738s][info][gc,metaspace] GC(32) Y: Metaspace: 16M used, 17M committed, 3136M reserved
[75.305s][info][gc,metaspace] GC(32) O: Metaspace: 16M used, 17M committed, 3136M reserved
[75.305s][info][gc          ] GC(32) Major Collection (System.gc()) 2182M(36%)->2182M(36%) 2.579s
[75.305s][info][gc          ] GC(33) Major Collection (System.gc())
[75.311s][info][gc,metaspace] GC(33) Y: Metaspace: 16M used, 17M committed, 3136M reserved
[75.318s][info][gc,metaspace] GC(33) Y: Metaspace: 16M used, 17M committed, 3136M reserved
[78.170s][info][gc,metaspace] GC(33) O: Metaspace: 16M used, 17M committed, 3136M reserved
[78.170s][info][gc          ] GC(33) Major Collection (System.gc()) 2182M(36%)->2182M(36%) 2.865s
[78.170s][info][gc          ] GC(34) Major Collection (System.gc())
[78.177s][info][gc,metaspace] GC(34) Y: Metaspace: 16M used, 17M committed, 3136M reserved
[78.184s][info][gc,metaspace] GC(34) Y: Metaspace: 16M used, 17M committed, 3136M reserved
[81.008s][info][gc,metaspace] GC(34) O: Metaspace: 16M used, 17M committed, 3136M reserved
[81.008s][info][gc          ] GC(34) Major Collection (System.gc()) 2182M(36%)->2182M(36%) 2.838s
[81.008s][info][gc          ] GC(35) Major Collection (System.gc())
[81.015s][info][gc,metaspace] GC(35) Y: Metaspace: 16M used, 17M committed, 3136M reserved
[81.023s][info][gc,metaspace] GC(35) Y: Metaspace: 16M used, 17M committed, 3136M reserved
[83.838s][info][gc,metaspace] GC(35) O: Metaspace: 16M used, 17M committed, 3136M reserved
[83.838s][info][gc          ] GC(35) Major Collection (System.gc()) 2182M(36%)->2182M(36%) 2.830s
[83.838s][info][gc          ] GC(36) Major Collection (System.gc())
[83.844s][info][gc,metaspace] GC(36) Y: Metaspace: 16M used, 17M committed, 3136M reserved
[83.850s][info][gc,metaspace] GC(36) Y: Metaspace: 16M used, 17M committed, 3136M reserved
[86.415s][info][gc,metaspace] GC(36) O: Metaspace: 16M used, 17M committed, 3136M reserved
[86.415s][info][gc          ] GC(36) Major Collection (System.gc()) 2182M(36%)->2182M(36%) 2.577s
[86.415s][info][gc          ] GC(37) Major Collection (System.gc())
[86.421s][info][gc,metaspace] GC(37) Y: Metaspace: 16M used, 17M committed, 3136M reserved
[86.428s][info][gc,metaspace] GC(37) Y: Metaspace: 16M used, 17M committed, 3136M reserved
[88.909s][info][gc,metaspace] GC(37) O: Metaspace: 16M used, 17M committed, 3136M reserved
[88.909s][info][gc          ] GC(37) Major Collection (System.gc()) 2182M(36%)->2182M(36%) 2.494s
[88.910s][info][gc          ] GC(38) Major Collection (System.gc())
[88.916s][info][gc,metaspace] GC(38) Y: Metaspace: 16M used, 17M committed, 3136M reserved
[88.923s][info][gc,metaspace] GC(38) Y: Metaspace: 16M used, 17M committed, 3136M reserved
[91.866s][info][gc,metaspace] GC(38) O: Metaspace: 16M used, 17M committed, 3136M reserved
[91.866s][info][gc          ] GC(38) Major Collection (System.gc()) 2182M(36%)->2182M(36%) 2.957s
[91.866s][info][gc          ] GC(39) Major Collection (System.gc())
[91.875s][info][gc,metaspace] GC(39) Y: Metaspace: 16M used, 17M committed, 3136M reserved
[91.881s][info][gc,metaspace] GC(39) Y: Metaspace: 16M used, 17M committed, 3136M reserved
[94.673s][info][gc,metaspace] GC(39) O: Metaspace: 16M used, 17M committed, 3136M reserved
[94.673s][info][gc          ] GC(39) Major Collection (System.gc()) 2182M(36%)->2182M(36%) 2.807s
[94.673s][info][gc          ] GC(40) Major Collection (System.gc())
[94.679s][info][gc,metaspace] GC(40) Y: Metaspace: 16M used, 17M committed, 3136M reserved
[94.686s][info][gc,metaspace] GC(40) Y: Metaspace: 16M used, 17M committed, 3136M reserved
[97.268s][info][gc,metaspace] GC(40) O: Metaspace: 16M used, 17M committed, 3136M reserved
[97.268s][info][gc          ] GC(40) Major Collection (System.gc()) 2182M(36%)->2182M(36%) 2.595s
[97.268s][info][gc          ] GC(41) Major Collection (System.gc())
[97.275s][info][gc,metaspace] GC(41) Y: Metaspace: 16M used, 17M committed, 3136M reserved
[97.281s][info][gc,metaspace] GC(41) Y: Metaspace: 16M used, 17M committed, 3136M reserved
[100.141s][info][gc,metaspace] GC(41) O: Metaspace: 16M used, 17M committed, 3136M reserved
[100.141s][info][gc          ] GC(41) Major Collection (System.gc()) 2182M(36%)->2182M(36%) 2.873s
[100.141s][info][gc          ] GC(42) Major Collection (System.gc())
[100.148s][info][gc,metaspace] GC(42) Y: Metaspace: 16M used, 17M committed, 3136M reserved
[100.154s][info][gc,metaspace] GC(42) Y: Metaspace: 16M used, 17M committed, 3136M reserved
[103.064s][info][gc,metaspace] GC(42) O: Metaspace: 16M used, 17M committed, 3136M reserved
[103.064s][info][gc          ] GC(42) Major Collection (System.gc()) 2182M(36%)->2182M(36%) 2.922s
[103.064s][info][gc          ] GC(43) Major Collection (System.gc())
[103.070s][info][gc,metaspace] GC(43) Y: Metaspace: 16M used, 17M committed, 3136M reserved
[103.076s][info][gc,metaspace] GC(43) Y: Metaspace: 16M used, 17M committed, 3136M reserved
[105.648s][info][gc,metaspace] GC(43) O: Metaspace: 16M used, 17M committed, 3136M reserved
[105.648s][info][gc          ] GC(43) Major Collection (System.gc()) 2182M(36%)->2182M(36%) 2.584s
[105.648s][info][gc          ] GC(44) Major Collection (System.gc())
[105.654s][info][gc,metaspace] GC(44) Y: Metaspace: 16M used, 17M committed, 3136M reserved
[105.660s][info][gc,metaspace] GC(44) Y: Metaspace: 16M used, 17M committed, 3136M reserved
[108.258s][info][gc,metaspace] GC(44) O: Metaspace: 16M used, 17M committed, 3136M reserved
[108.258s][info][gc          ] GC(44) Major Collection (System.gc()) 2182M(36%)->2182M(36%) 2.610s
[108.258s][info][gc          ] GC(45) Major Collection (System.gc())
[108.265s][info][gc,metaspace] GC(45) Y: Metaspace: 16M used, 17M committed, 3136M reserved
[108.271s][info][gc,metaspace] GC(45) Y: Metaspace: 16M used, 17M committed, 3136M reserved
[110.755s][info][gc,metaspace] GC(45) O: Metaspace: 16M used, 17M committed, 3136M reserved
[110.755s][info][gc          ] GC(45) Major Collection (System.gc()) 2182M(36%)->2182M(36%) 2.497s
[110.755s][info][gc          ] GC(46) Major Collection (System.gc())
[110.761s][info][gc,metaspace] GC(46) Y: Metaspace: 16M used, 17M committed, 3136M reserved
[110.767s][info][gc,metaspace] GC(46) Y: Metaspace: 16M used, 17M committed, 3136M reserved
[113.338s][info][gc,metaspace] GC(46) O: Metaspace: 16M used, 17M committed, 3136M reserved
[113.338s][info][gc          ] GC(46) Major Collection (System.gc()) 2182M(36%)->2182M(36%) 2.583s
[113.339s][info][gc          ] GC(47) Major Collection (System.gc())
[113.347s][info][gc,metaspace] GC(47) Y: Metaspace: 16M used, 17M committed, 3136M reserved
[113.353s][info][gc,metaspace] GC(47) Y: Metaspace: 16M used, 17M committed, 3136M reserved
[116.168s][info][gc,metaspace] GC(47) O: Metaspace: 16M used, 17M committed, 3136M reserved
[116.168s][info][gc          ] GC(47) Major Collection (System.gc()) 2182M(36%)->2182M(36%) 2.829s
[116.168s][info][gc          ] GC(48) Major Collection (System.gc())
[116.174s][info][gc,metaspace] GC(48) Y: Metaspace: 16M used, 17M committed, 3136M reserved
[116.180s][info][gc,metaspace] GC(48) Y: Metaspace: 16M used, 17M committed, 3136M reserved
[118.710s][info][gc,metaspace] GC(48) O: Metaspace: 16M used, 17M committed, 3136M reserved
[118.710s][info][gc          ] GC(48) Major Collection (System.gc()) 2182M(36%)->2182M(36%) 2.542s
[118.710s][info][gc          ] GC(49) Major Collection (System.gc())
[118.716s][info][gc,metaspace] GC(49) Y: Metaspace: 16M used, 17M committed, 3136M reserved
[118.722s][info][gc,metaspace] GC(49) Y: Metaspace: 16M used, 17M committed, 3136M reserved
[121.723s][info][gc,metaspace] GC(49) O: Metaspace: 16M used, 17M committed, 3136M reserved
[121.723s][info][gc          ] GC(49) Major Collection (System.gc()) 2182M(36%)->2184M(36%) 3.014s
[121.723s][info][gc          ] GC(50) Major Collection (System.gc())
[121.730s][info][gc,metaspace] GC(50) Y: Metaspace: 16M used, 17M committed, 3136M reserved
[121.736s][info][gc,metaspace] GC(50) Y: Metaspace: 16M used, 17M committed, 3136M reserved
[124.288s][info][gc,metaspace] GC(50) O: Metaspace: 16M used, 17M committed, 3136M reserved
[124.288s][info][gc          ] GC(50) Major Collection (System.gc()) 2184M(36%)->2182M(36%) 2.565s
[124.289s][info][gc          ] GC(51) Major Collection (System.gc())
[124.295s][info][gc,metaspace] GC(51) Y: Metaspace: 16M used, 17M committed, 3136M reserved
[124.302s][info][gc,metaspace] GC(51) Y: Metaspace: 16M used, 17M committed, 3136M reserved
[127.136s][info][gc,metaspace] GC(51) O: Metaspace: 16M used, 17M committed, 3136M reserved
[127.137s][info][gc          ] GC(51) Major Collection (System.gc()) 2182M(36%)->2182M(36%) 2.848s
[127.137s][info][gc          ] GC(52) Major Collection (System.gc())
[127.144s][info][gc,metaspace] GC(52) Y: Metaspace: 16M used, 17M committed, 3136M reserved
[127.150s][info][gc,metaspace] GC(52) Y: Metaspace: 16M used, 17M committed, 3136M reserved
[130.047s][info][gc,metaspace] GC(52) O: Metaspace: 16M used, 17M committed, 3136M reserved
[130.047s][info][gc          ] GC(52) Major Collection (System.gc()) 2182M(36%)->2182M(36%) 2.910s
[130.047s][info][gc          ] GC(53) Major Collection (System.gc())
[130.055s][info][gc,metaspace] GC(53) Y: Metaspace: 16M used, 17M committed, 3136M reserved
[130.062s][info][gc,metaspace] GC(53) Y: Metaspace: 16M used, 17M committed, 3136M reserved
[132.935s][info][gc,metaspace] GC(53) O: Metaspace: 16M used, 17M committed, 3136M reserved
[132.935s][info][gc          ] GC(53) Major Collection (System.gc()) 2182M(36%)->2182M(36%) 2.888s
[132.935s][info][gc          ] GC(54) Major Collection (System.gc())
[132.941s][info][gc,metaspace] GC(54) Y: Metaspace: 16M used, 17M committed, 3136M reserved
[132.948s][info][gc,metaspace] GC(54) Y: Metaspace: 16M used, 17M committed, 3136M reserved
[135.481s][info][gc,metaspace] GC(54) O: Metaspace: 16M used, 17M committed, 3136M reserved
[135.481s][info][gc          ] GC(54) Major Collection (System.gc()) 2182M(36%)->2182M(36%) 2.546s
[135.482s][info][gc          ] GC(55) Major Collection (System.gc())
[135.488s][info][gc,metaspace] GC(55) Y: Metaspace: 16M used, 17M committed, 3136M reserved
[135.495s][info][gc,metaspace] GC(55) Y: Metaspace: 16M used, 17M committed, 3136M reserved
[138.300s][info][gc,metaspace] GC(55) O: Metaspace: 16M used, 17M committed, 3136M reserved
[138.300s][info][gc          ] GC(55) Major Collection (System.gc()) 2182M(36%)->2182M(36%) 2.819s
[138.300s][info][gc          ] GC(56) Major Collection (System.gc())
[138.307s][info][gc,metaspace] GC(56) Y: Metaspace: 16M used, 17M committed, 3136M reserved
[138.313s][info][gc,metaspace] GC(56) Y: Metaspace: 16M used, 17M committed, 3136M reserved
[140.823s][info][gc,metaspace] GC(56) O: Metaspace: 16M used, 17M committed, 3136M reserved
[140.823s][info][gc          ] GC(56) Major Collection (System.gc()) 2182M(36%)->2182M(36%) 2.522s
[140.823s][info][gc          ] GC(57) Major Collection (System.gc())
[140.829s][info][gc,metaspace] GC(57) Y: Metaspace: 16M used, 17M committed, 3136M reserved
[140.835s][info][gc,metaspace] GC(57) Y: Metaspace: 16M used, 17M committed, 3136M reserved
[143.402s][info][gc,metaspace] GC(57) O: Metaspace: 16M used, 17M committed, 3136M reserved
[143.402s][info][gc          ] GC(57) Major Collection (System.gc()) 2182M(36%)->2182M(36%) 2.579s
[143.402s][info][gc          ] GC(58) Major Collection (System.gc())
[143.408s][info][gc,metaspace] GC(58) Y: Metaspace: 16M used, 17M committed, 3136M reserved
[143.414s][info][gc,metaspace] GC(58) Y: Metaspace: 16M used, 17M committed, 3136M reserved
[146.429s][info][gc,metaspace] GC(58) O: Metaspace: 16M used, 17M committed, 3136M reserved
[146.430s][info][gc          ] GC(58) Major Collection (System.gc()) 2182M(36%)->2182M(36%) 3.028s
[146.430s][info][gc          ] GC(59) Major Collection (System.gc())
[146.437s][info][gc,metaspace] GC(59) Y: Metaspace: 16M used, 17M committed, 3136M reserved
[146.443s][info][gc,metaspace] GC(59) Y: Metaspace: 16M used, 17M committed, 3136M reserved
[149.191s][info][gc,metaspace] GC(59) O: Metaspace: 16M used, 17M committed, 3136M reserved
[149.191s][info][gc          ] GC(59) Major Collection (System.gc()) 2182M(36%)->2182M(36%) 2.761s
[149.191s][info][gc          ] GC(60) Major Collection (System.gc())
[149.197s][info][gc,metaspace] GC(60) Y: Metaspace: 16M used, 17M committed, 3136M reserved
[149.204s][info][gc,metaspace] GC(60) Y: Metaspace: 16M used, 17M committed, 3136M reserved
[152.088s][info][gc,metaspace] GC(60) O: Metaspace: 16M used, 17M committed, 3136M reserved
[152.088s][info][gc          ] GC(60) Major Collection (System.gc()) 2182M(36%)->2182M(36%) 2.897s
[152.088s][info][gc          ] GC(61) Major Collection (System.gc())
[152.094s][info][gc,metaspace] GC(61) Y: Metaspace: 16M used, 17M committed, 3136M reserved
[152.100s][info][gc,metaspace] GC(61) Y: Metaspace: 16M used, 17M committed, 3136M reserved
[154.633s][info][gc,metaspace] GC(61) O: Metaspace: 16M used, 17M committed, 3136M reserved
[154.633s][info][gc          ] GC(61) Major Collection (System.gc()) 2182M(36%)->2182M(36%) 2.545s
[154.633s][info][gc          ] GC(62) Major Collection (System.gc())
[154.640s][info][gc,metaspace] GC(62) Y: Metaspace: 16M used, 17M committed, 3136M reserved
[154.646s][info][gc,metaspace] GC(62) Y: Metaspace: 16M used, 17M committed, 3136M reserved
[157.656s][info][gc,metaspace] GC(62) O: Metaspace: 16M used, 17M committed, 3136M reserved
[157.656s][info][gc          ] GC(62) Major Collection (System.gc()) 2182M(36%)->2182M(36%) 3.023s
[157.657s][info][gc          ] GC(63) Major Collection (System.gc())
[157.663s][info][gc,metaspace] GC(63) Y: Metaspace: 16M used, 17M committed, 3136M reserved
[157.669s][info][gc,metaspace] GC(63) Y: Metaspace: 16M used, 17M committed, 3136M reserved
[160.659s][info][gc,metaspace] GC(63) O: Metaspace: 16M used, 17M committed, 3136M reserved
[160.659s][info][gc          ] GC(63) Major Collection (System.gc()) 2182M(36%)->2182M(36%) 3.002s
After GCs... 
