Done; will start GCs... 
[5.650s][info][gc,metaspace] GC(7) Metaspace: 22186K(22592K)->22186K(22592K) NonClass: 18361K(18624K)->18361K(18624K) Class: 3824K(3968K)->3824K(3968K)
[5.650s][info][gc          ] GC(7) Pause Full (System.gc()) 1393M->1391M(6144M) 444.687ms
[6.084s][info][gc,metaspace] GC(8) Metaspace: 22186K(22592K)->22186K(22592K) NonClass: 18361K(18624K)->18361K(18624K) Class: 3824K(3968K)->3824K(3968K)
[6.084s][info][gc          ] GC(8) Pause Full (System.gc()) 1391M->1391M(6144M) 433.887ms
[6.546s][info][gc,metaspace] GC(9) Metaspace: 22186K(22592K)->22186K(22592K) NonClass: 18361K(18624K)->18361K(18624K) Class: 3824K(3968K)->3824K(3968K)
[6.546s][info][gc          ] GC(9) Pause Full (System.gc()) 1391M->1391M(6144M) 461.505ms
[6.982s][info][gc,metaspace] GC(10) Metaspace: 22186K(22592K)->22186K(22592K) NonClass: 18361K(18624K)->18361K(18624K) Class: 3824K(3968K)->3824K(3968K)
[6.982s][info][gc          ] GC(10) Pause Full (System.gc()) 1391M->1391M(6144M) 436.181ms
[7.439s][info][gc,metaspace] GC(11) Metaspace: 22186K(22592K)->22186K(22592K) NonClass: 18362K(18624K)->18362K(18624K) Class: 3824K(3968K)->3824K(3968K)
[7.439s][info][gc          ] GC(11) Pause Full (System.gc()) 1391M->1391M(6144M) 457.179ms
[7.882s][info][gc,metaspace] GC(12) Metaspace: 22186K(22592K)->22186K(22592K) NonClass: 18362K(18624K)->18362K(18624K) Class: 3824K(3968K)->3824K(3968K)
[7.882s][info][gc          ] GC(12) Pause Full (System.gc()) 1391M->1391M(6144M) 442.838ms
[8.356s][info][gc,metaspace] GC(13) Metaspace: 22186K(22592K)->22186K(22592K) NonClass: 18362K(18624K)->18362K(18624K) Class: 3824K(3968K)->3824K(3968K)
[8.356s][info][gc          ] GC(13) Pause Full (System.gc()) 1391M->1391M(6144M) 473.850ms
[8.793s][info][gc,metaspace] GC(14) Metaspace: 22186K(22592K)->22186K(22592K) NonClass: 18362K(18624K)->18362K(18624K) Class: 3824K(3968K)->3824K(3968K)
[8.793s][info][gc          ] GC(14) Pause Full (System.gc()) 1391M->1391M(6144M) 436.986ms
[9.277s][info][gc,metaspace] GC(15) Metaspace: 22186K(22592K)->22186K(22592K) NonClass: 18362K(18624K)->18362K(18624K) Class: 3824K(3968K)->3824K(3968K)
[9.277s][info][gc          ] GC(15) Pause Full (System.gc()) 1391M->1391M(6144M) 483.506ms
[9.714s][info][gc,metaspace] GC(16) Metaspace: 22186K(22592K)->22186K(22592K) NonClass: 18362K(18624K)->18362K(18624K) Class: 3824K(3968K)->3824K(3968K)
[9.714s][info][gc          ] GC(16) Pause Full (System.gc()) 1391M->1391M(6144M) 436.799ms
After GCs... 
