Done; will start GCs... 
[5.473s][info][gc,metaspace] GC(7) Metaspace: 22163K(22528K)->22163K(22528K) NonClass: 18338K(18560K)->18338K(18560K) Class: 3824K(3968K)->3824K(3968K)
[5.473s][info][gc          ] GC(7) Pause Full (System.gc()) 1393M->1391M(6144M) 400.933ms
[5.923s][info][gc,metaspace] GC(8) Metaspace: 22163K(22528K)->22163K(22528K) NonClass: 18338K(18560K)->18338K(18560K) Class: 3824K(3968K)->3824K(3968K)
[5.923s][info][gc          ] GC(8) Pause Full (System.gc()) 1391M->1391M(6144M) 449.686ms
[6.357s][info][gc,metaspace] GC(9) Metaspace: 22163K(22528K)->22163K(22528K) NonClass: 18338K(18560K)->18338K(18560K) Class: 3824K(3968K)->3824K(3968K)
[6.357s][info][gc          ] GC(9) Pause Full (System.gc()) 1391M->1391M(6144M) 433.474ms
[6.763s][info][gc,metaspace] GC(10) Metaspace: 22163K(22528K)->22163K(22528K) NonClass: 18338K(18560K)->18338K(18560K) Class: 3824K(3968K)->3824K(3968K)
[6.763s][info][gc          ] GC(10) Pause Full (System.gc()) 1391M->1391M(6144M) 406.119ms
[7.188s][info][gc,metaspace] GC(11) Metaspace: 22163K(22528K)->22163K(22528K) NonClass: 18338K(18560K)->18338K(18560K) Class: 3824K(3968K)->3824K(3968K)
[7.188s][info][gc          ] GC(11) Pause Full (System.gc()) 1391M->1391M(6144M) 425.067ms
[7.593s][info][gc,metaspace] GC(12) Metaspace: 22163K(22528K)->22163K(22528K) NonClass: 18338K(18560K)->18338K(18560K) Class: 3824K(3968K)->3824K(3968K)
[7.593s][info][gc          ] GC(12) Pause Full (System.gc()) 1391M->1391M(6144M) 404.762ms
[8.061s][info][gc,metaspace] GC(13) Metaspace: 22163K(22528K)->22163K(22528K) NonClass: 18338K(18560K)->18338K(18560K) Class: 3824K(3968K)->3824K(3968K)
[8.061s][info][gc          ] GC(13) Pause Full (System.gc()) 1391M->1391M(6144M) 468.207ms
[8.476s][info][gc,metaspace] GC(14) Metaspace: 22163K(22528K)->22163K(22528K) NonClass: 18338K(18560K)->18338K(18560K) Class: 3824K(3968K)->3824K(3968K)
[8.476s][info][gc          ] GC(14) Pause Full (System.gc()) 1391M->1391M(6144M) 414.406ms
[8.908s][info][gc,metaspace] GC(15) Metaspace: 22163K(22528K)->22163K(22528K) NonClass: 18338K(18560K)->18338K(18560K) Class: 3824K(3968K)->3824K(3968K)
[8.908s][info][gc          ] GC(15) Pause Full (System.gc()) 1391M->1391M(6144M) 431.998ms
[9.295s][info][gc,metaspace] GC(16) Metaspace: 22163K(22528K)->22163K(22528K) NonClass: 18338K(18560K)->18338K(18560K) Class: 3824K(3968K)->3824K(3968K)
[9.295s][info][gc          ] GC(16) Pause Full (System.gc()) 1391M->1391M(6144M) 386.942ms
After GCs... 
