Done; will start GCs... 
[5.666s][info][gc,metaspace] GC(8) Metaspace: 22185K(22592K)->22185K(22592K) NonClass: 19807K(20032K)->19807K(20032K) Class: 2378K(2560K)->2378K(2560K)
[5.666s][info][gc          ] GC(8) Pause Full (System.gc()) 1505M->1503M(6144M) 421.155ms
[6.127s][info][gc,metaspace] GC(9) Metaspace: 22185K(22592K)->22185K(22592K) NonClass: 19807K(20032K)->19807K(20032K) Class: 2378K(2560K)->2378K(2560K)
[6.127s][info][gc          ] GC(9) Pause Full (System.gc()) 1503M->1503M(6144M) 460.338ms
[6.549s][info][gc,metaspace] GC(10) Metaspace: 22185K(22592K)->22185K(22592K) NonClass: 19807K(20032K)->19807K(20032K) Class: 2378K(2560K)->2378K(2560K)
[6.549s][info][gc          ] GC(10) Pause Full (System.gc()) 1503M->1503M(6144M) 421.749ms
[6.999s][info][gc,metaspace] GC(11) Metaspace: 22185K(22592K)->22185K(22592K) NonClass: 19807K(20032K)->19807K(20032K) Class: 2378K(2560K)->2378K(2560K)
[6.999s][info][gc          ] GC(11) Pause Full (System.gc()) 1503M->1503M(6144M) 450.643ms
[7.433s][info][gc,metaspace] GC(12) Metaspace: 22185K(22592K)->22185K(22592K) NonClass: 19807K(20032K)->19807K(20032K) Class: 2378K(2560K)->2378K(2560K)
[7.433s][info][gc          ] GC(12) Pause Full (System.gc()) 1503M->1503M(6144M) 433.857ms
[7.890s][info][gc,metaspace] GC(13) Metaspace: 22185K(22592K)->22185K(22592K) NonClass: 19807K(20032K)->19807K(20032K) Class: 2378K(2560K)->2378K(2560K)
[7.890s][info][gc          ] GC(13) Pause Full (System.gc()) 1503M->1503M(6144M) 455.884ms
[8.301s][info][gc,metaspace] GC(14) Metaspace: 22186K(22592K)->22186K(22592K) NonClass: 19807K(20032K)->19807K(20032K) Class: 2378K(2560K)->2378K(2560K)
[8.301s][info][gc          ] GC(14) Pause Full (System.gc()) 1503M->1503M(6144M) 411.489ms
[8.757s][info][gc,metaspace] GC(15) Metaspace: 22186K(22592K)->22186K(22592K) NonClass: 19807K(20032K)->19807K(20032K) Class: 2378K(2560K)->2378K(2560K)
[8.757s][info][gc          ] GC(15) Pause Full (System.gc()) 1503M->1503M(6144M) 455.427ms
[9.192s][info][gc,metaspace] GC(16) Metaspace: 22186K(22592K)->22186K(22592K) NonClass: 19807K(20032K)->19807K(20032K) Class: 2378K(2560K)->2378K(2560K)
[9.192s][info][gc          ] GC(16) Pause Full (System.gc()) 1503M->1503M(6144M) 435.638ms
[9.620s][info][gc,metaspace] GC(17) Metaspace: 22186K(22592K)->22186K(22592K) NonClass: 19807K(20032K)->19807K(20032K) Class: 2378K(2560K)->2378K(2560K)
[9.620s][info][gc          ] GC(17) Pause Full (System.gc()) 1503M->1503M(6144M) 428.010ms
After GCs... 
