[0.001s][info][metaspace]  - commit_granule_bytes: 65536.
[0.001s][info][metaspace]  - commit_granule_words: 8192.
[0.001s][info][metaspace]  - virtual_space_node_default_size: 8388608.
[0.001s][info][metaspace]  - enlarge_chunks_in_place: 1.
[0.001s][info][metaspace]  - use_allocation_guard: 0.
[0.005s][info][gc       ] Using Serial
[1.946s][info][metaspace] Reserving compressed class space anywhere
[1.951s][info][gc,metaspace] CDS archive(s) not mapped
[1.951s][info][gc,metaspace] Compressed class space mapped at: 0x000000003b000000-0x00000000fb000000, reserved size: 3221225472
[1.951s][info][gc,metaspace] UseCompressedClassPointers 1, UseCompactObjectHeaders 1, narrow klass pointer bits 22, max shift 10
[1.951s][info][gc,metaspace] Narrow klass base: 0x000000003b000000, Narrow klass shift: 10, Narrow klass range: 0xc0000000
Num Classes: 16
Num Objects per Class: 4194304
Cycles: 100
Class association: random
Generate 16 classes...
Loading 16...[2.606s][info][gc,metaspace] GC(0) Metaspace: 21344K(21632K)->21344K(21632K) NonClass: 17610K(17792K)->17610K(17792K) Class: 3733K(3840K)->3733K(3840K)
[2.606s][info][gc          ] GC(0) Pause Full (System.gc()) 229M->2M(5939M) 24.023ms
Creating 4194304 objects per class...
Done; will start GCs... 
[7.586s][info][gc,metaspace] GC(1) Metaspace: 21397K(21760K)->21397K(21760K) NonClass: 17656K(17856K)->17656K(17856K) Class: 3741K(3904K)->3741K(3904K)
[7.586s][info][gc          ] GC(1) Pause Full (System.gc()) 881M->770M(5939M) 2903.583ms
[9.311s][info][gc,metaspace] GC(2) Metaspace: 21397K(21760K)->21397K(21760K) NonClass: 17656K(17856K)->17656K(17856K) Class: 3741K(3904K)->3741K(3904K)
[9.311s][info][gc          ] GC(2) Pause Full (System.gc()) 770M->770M(5939M) 1725.435ms
[11.755s][info][gc,metaspace] GC(3) Metaspace: 21397K(21760K)->21397K(21760K) NonClass: 17656K(17856K)->17656K(17856K) Class: 3741K(3904K)->3741K(3904K)
[11.755s][info][gc          ] GC(3) Pause Full (System.gc()) 770M->770M(5939M) 2443.921ms
[13.482s][info][gc,metaspace] GC(4) Metaspace: 21397K(21760K)->21397K(21760K) NonClass: 17656K(17856K)->17656K(17856K) Class: 3741K(3904K)->3741K(3904K)
[13.482s][info][gc          ] GC(4) Pause Full (System.gc()) 770M->770M(5939M) 1726.181ms
[15.205s][info][gc,metaspace] GC(5) Metaspace: 21397K(21760K)->21397K(21760K) NonClass: 17656K(17856K)->17656K(17856K) Class: 3741K(3904K)->3741K(3904K)
[15.205s][info][gc          ] GC(5) Pause Full (System.gc()) 770M->770M(5939M) 1723.620ms
[16.933s][info][gc,metaspace] GC(6) Metaspace: 21397K(21760K)->21397K(21760K) NonClass: 17656K(17856K)->17656K(17856K) Class: 3741K(3904K)->3741K(3904K)
[16.933s][info][gc          ] GC(6) Pause Full (System.gc()) 770M->770M(5939M) 1727.375ms
[18.605s][info][gc,metaspace] GC(7) Metaspace: 21397K(21760K)->21397K(21760K) NonClass: 17656K(17856K)->17656K(17856K) Class: 3741K(3904K)->3741K(3904K)
[18.605s][info][gc          ] GC(7) Pause Full (System.gc()) 770M->770M(5939M) 1671.788ms
[20.331s][info][gc,metaspace] GC(8) Metaspace: 21397K(21760K)->21397K(21760K) NonClass: 17656K(17856K)->17656K(17856K) Class: 3741K(3904K)->3741K(3904K)
[20.331s][info][gc          ] GC(8) Pause Full (System.gc()) 770M->770M(5939M) 1726.465ms
[22.054s][info][gc,metaspace] GC(9) Metaspace: 21397K(21760K)->21397K(21760K) NonClass: 17656K(17856K)->17656K(17856K) Class: 3741K(3904K)->3741K(3904K)
[22.054s][info][gc          ] GC(9) Pause Full (System.gc()) 770M->770M(5939M) 1722.772ms
[23.727s][info][gc,metaspace] GC(10) Metaspace: 21397K(21760K)->21397K(21760K) NonClass: 17656K(17856K)->17656K(17856K) Class: 3741K(3904K)->3741K(3904K)
[23.727s][info][gc          ] GC(10) Pause Full (System.gc()) 770M->770M(5939M) 1673.004ms
[25.449s][info][gc,metaspace] GC(11) Metaspace: 21397K(21760K)->21397K(21760K) NonClass: 17656K(17856K)->17656K(17856K) Class: 3741K(3904K)->3741K(3904K)
[25.449s][info][gc          ] GC(11) Pause Full (System.gc()) 770M->770M(5939M) 1721.374ms
[27.174s][info][gc,metaspace] GC(12) Metaspace: 21397K(21760K)->21397K(21760K) NonClass: 17656K(17856K)->17656K(17856K) Class: 3741K(3904K)->3741K(3904K)
[27.174s][info][gc          ] GC(12) Pause Full (System.gc()) 770M->770M(5939M) 1725.440ms
[28.844s][info][gc,metaspace] GC(13) Metaspace: 21397K(21760K)->21397K(21760K) NonClass: 17656K(17856K)->17656K(17856K) Class: 3741K(3904K)->3741K(3904K)
[28.844s][info][gc          ] GC(13) Pause Full (System.gc()) 770M->770M(5939M) 1669.157ms
[30.569s][info][gc,metaspace] GC(14) Metaspace: 21397K(21760K)->21397K(21760K) NonClass: 17656K(17856K)->17656K(17856K) Class: 3741K(3904K)->3741K(3904K)
[30.569s][info][gc          ] GC(14) Pause Full (System.gc()) 770M->770M(5939M) 1721.350ms
[32.298s][info][gc,metaspace] GC(15) Metaspace: 21397K(21760K)->21397K(21760K) NonClass: 17656K(17856K)->17656K(17856K) Class: 3741K(3904K)->3741K(3904K)
[32.298s][info][gc          ] GC(15) Pause Full (System.gc()) 770M->770M(5939M) 1728.098ms
[34.019s][info][gc,metaspace] GC(16) Metaspace: 21397K(21760K)->21397K(21760K) NonClass: 17656K(17856K)->17656K(17856K) Class: 3741K(3904K)->3741K(3904K)
[34.019s][info][gc          ] GC(16) Pause Full (System.gc()) 770M->770M(5939M) 1720.855ms
[35.693s][info][gc,metaspace] GC(17) Metaspace: 21397K(21760K)->21397K(21760K) NonClass: 17656K(17856K)->17656K(17856K) Class: 3741K(3904K)->3741K(3904K)
[35.693s][info][gc          ] GC(17) Pause Full (System.gc()) 770M->770M(5939M) 1669.804ms
[37.414s][info][gc,metaspace] GC(18) Metaspace: 21397K(21760K)->21397K(21760K) NonClass: 17656K(17856K)->17656K(17856K) Class: 3741K(3904K)->3741K(3904K)
[37.414s][info][gc          ] GC(18) Pause Full (System.gc()) 770M->770M(5939M) 1720.959ms
[39.140s][info][gc,metaspace] GC(19) Metaspace: 21397K(21760K)->21397K(21760K) NonClass: 17656K(17856K)->17656K(17856K) Class: 3741K(3904K)->3741K(3904K)
[39.140s][info][gc          ] GC(19) Pause Full (System.gc()) 770M->770M(5939M) 1725.689ms
[40.812s][info][gc,metaspace] GC(20) Metaspace: 21397K(21760K)->21397K(21760K) NonClass: 17656K(17856K)->17656K(17856K) Class: 3741K(3904K)->3741K(3904K)
[40.812s][info][gc          ] GC(20) Pause Full (System.gc()) 770M->770M(5939M) 1672.540ms
[42.535s][info][gc,metaspace] GC(21) Metaspace: 21397K(21760K)->21397K(21760K) NonClass: 17656K(17856K)->17656K(17856K) Class: 3741K(3904K)->3741K(3904K)
[42.535s][info][gc          ] GC(21) Pause Full (System.gc()) 770M->770M(5939M) 1722.048ms
[44.256s][info][gc,metaspace] GC(22) Metaspace: 21397K(21760K)->21397K(21760K) NonClass: 17656K(17856K)->17656K(17856K) Class: 3741K(3904K)->3741K(3904K)
[44.256s][info][gc          ] GC(22) Pause Full (System.gc()) 770M->770M(5939M) 1721.053ms
[45.980s][info][gc,metaspace] GC(23) Metaspace: 21397K(21760K)->21397K(21760K) NonClass: 17656K(17856K)->17656K(17856K) Class: 3741K(3904K)->3741K(3904K)
[45.980s][info][gc          ] GC(23) Pause Full (System.gc()) 770M->770M(5939M) 1724.360ms
[47.651s][info][gc,metaspace] GC(24) Metaspace: 21397K(21760K)->21397K(21760K) NonClass: 17656K(17856K)->17656K(17856K) Class: 3741K(3904K)->3741K(3904K)
[47.651s][info][gc          ] GC(24) Pause Full (System.gc()) 770M->770M(5939M) 1670.768ms
[49.377s][info][gc,metaspace] GC(25) Metaspace: 21397K(21760K)->21397K(21760K) NonClass: 17656K(17856K)->17656K(17856K) Class: 3741K(3904K)->3741K(3904K)
[49.377s][info][gc          ] GC(25) Pause Full (System.gc()) 770M->770M(5939M) 1726.239ms
[51.101s][info][gc,metaspace] GC(26) Metaspace: 21397K(21760K)->21397K(21760K) NonClass: 17656K(17856K)->17656K(17856K) Class: 3741K(3904K)->3741K(3904K)
[51.101s][info][gc          ] GC(26) Pause Full (System.gc()) 770M->770M(5939M) 1719.690ms
[52.774s][info][gc,metaspace] GC(27) Metaspace: 21397K(21760K)->21397K(21760K) NonClass: 17656K(17856K)->17656K(17856K) Class: 3741K(3904K)->3741K(3904K)
[52.774s][info][gc          ] GC(27) Pause Full (System.gc()) 770M->770M(5939M) 1672.781ms
[54.496s][info][gc,metaspace] GC(28) Metaspace: 21397K(21760K)->21397K(21760K) NonClass: 17656K(17856K)->17656K(17856K) Class: 3741K(3904K)->3741K(3904K)
[54.496s][info][gc          ] GC(28) Pause Full (System.gc()) 770M->770M(5939M) 1721.520ms
[56.221s][info][gc,metaspace] GC(29) Metaspace: 21397K(21760K)->21397K(21760K) NonClass: 17656K(17856K)->17656K(17856K) Class: 3741K(3904K)->3741K(3904K)
[56.221s][info][gc          ] GC(29) Pause Full (System.gc()) 770M->770M(5939M) 1725.112ms
[57.942s][info][gc,metaspace] GC(30) Metaspace: 21397K(21760K)->21397K(21760K) NonClass: 17656K(17856K)->17656K(17856K) Class: 3741K(3904K)->3741K(3904K)
[57.942s][info][gc          ] GC(30) Pause Full (System.gc()) 770M->770M(5939M) 1720.628ms
[59.856s][info][gc,metaspace] GC(31) Metaspace: 21397K(21760K)->21397K(21760K) NonClass: 17656K(17856K)->17656K(17856K) Class: 3741K(3904K)->3741K(3904K)
[59.856s][info][gc          ] GC(31) Pause Full (System.gc()) 770M->770M(5939M) 1914.214ms
[61.578s][info][gc,metaspace] GC(32) Metaspace: 21397K(21760K)->21397K(21760K) NonClass: 17656K(17856K)->17656K(17856K) Class: 3741K(3904K)->3741K(3904K)
[61.578s][info][gc          ] GC(32) Pause Full (System.gc()) 770M->770M(5939M) 1721.597ms
[63.306s][info][gc,metaspace] GC(33) Metaspace: 21397K(21760K)->21397K(21760K) NonClass: 17656K(17856K)->17656K(17856K) Class: 3741K(3904K)->3741K(3904K)
[63.306s][info][gc          ] GC(33) Pause Full (System.gc()) 770M->770M(5939M) 1727.763ms
[65.041s][info][gc,metaspace] GC(34) Metaspace: 21397K(21760K)->21397K(21760K) NonClass: 17656K(17856K)->17656K(17856K) Class: 3741K(3904K)->3741K(3904K)
[65.041s][info][gc          ] GC(34) Pause Full (System.gc()) 770M->770M(5939M) 1735.210ms
[67.394s][info][gc,metaspace] GC(35) Metaspace: 21397K(21760K)->21397K(21760K) NonClass: 17656K(17856K)->17656K(17856K) Class: 3741K(3904K)->3741K(3904K)
[67.394s][info][gc          ] GC(35) Pause Full (System.gc()) 787M->770M(5939M) 2348.324ms
[69.122s][info][gc,metaspace] GC(36) Metaspace: 21397K(21760K)->21397K(21760K) NonClass: 17656K(17856K)->17656K(17856K) Class: 3741K(3904K)->3741K(3904K)
[69.122s][info][gc          ] GC(36) Pause Full (System.gc()) 770M->770M(5939M) 1727.496ms
[70.792s][info][gc,metaspace] GC(37) Metaspace: 21397K(21760K)->21397K(21760K) NonClass: 17656K(17856K)->17656K(17856K) Class: 3741K(3904K)->3741K(3904K)
[70.792s][info][gc          ] GC(37) Pause Full (System.gc()) 770M->770M(5939M) 1670.525ms
[72.518s][info][gc,metaspace] GC(38) Metaspace: 21397K(21760K)->21397K(21760K) NonClass: 17656K(17856K)->17656K(17856K) Class: 3741K(3904K)->3741K(3904K)
[72.518s][info][gc          ] GC(38) Pause Full (System.gc()) 770M->770M(5939M) 1725.489ms
[74.241s][info][gc,metaspace] GC(39) Metaspace: 21397K(21760K)->21397K(21760K) NonClass: 17656K(17856K)->17656K(17856K) Class: 3741K(3904K)->3741K(3904K)
[74.241s][info][gc          ] GC(39) Pause Full (System.gc()) 770M->770M(5939M) 1722.576ms
[75.971s][info][gc,metaspace] GC(40) Metaspace: 21397K(21760K)->21397K(21760K) NonClass: 17656K(17856K)->17656K(17856K) Class: 3741K(3904K)->3741K(3904K)
[75.971s][info][gc          ] GC(40) Pause Full (System.gc()) 770M->770M(5939M) 1730.320ms
[77.645s][info][gc,metaspace] GC(41) Metaspace: 21397K(21760K)->21397K(21760K) NonClass: 17656K(17856K)->17656K(17856K) Class: 3741K(3904K)->3741K(3904K)
[77.645s][info][gc          ] GC(41) Pause Full (System.gc()) 770M->770M(5939M) 1674.260ms
[79.372s][info][gc,metaspace] GC(42) Metaspace: 21397K(21760K)->21397K(21760K) NonClass: 17656K(17856K)->17656K(17856K) Class: 3741K(3904K)->3741K(3904K)
[79.372s][info][gc          ] GC(42) Pause Full (System.gc()) 770M->770M(5939M) 1726.173ms
[81.094s][info][gc,metaspace] GC(43) Metaspace: 21397K(21760K)->21397K(21760K) NonClass: 17656K(17856K)->17656K(17856K) Class: 3741K(3904K)->3741K(3904K)
[81.094s][info][gc          ] GC(43) Pause Full (System.gc()) 770M->770M(5939M) 1722.097ms
[82.769s][info][gc,metaspace] GC(44) Metaspace: 21397K(21760K)->21397K(21760K) NonClass: 17656K(17856K)->17656K(17856K) Class: 3741K(3904K)->3741K(3904K)
[82.769s][info][gc          ] GC(44) Pause Full (System.gc()) 770M->770M(5939M) 1671.151ms
[84.495s][info][gc,metaspace] GC(45) Metaspace: 21397K(21760K)->21397K(21760K) NonClass: 17656K(17856K)->17656K(17856K) Class: 3741K(3904K)->3741K(3904K)
[84.495s][info][gc          ] GC(45) Pause Full (System.gc()) 770M->770M(5939M) 1725.449ms
[86.217s][info][gc,metaspace] GC(46) Metaspace: 21397K(21760K)->21397K(21760K) NonClass: 17656K(17856K)->17656K(17856K) Class: 3741K(3904K)->3741K(3904K)
[86.217s][info][gc          ] GC(46) Pause Full (System.gc()) 770M->770M(5939M) 1722.329ms
[87.944s][info][gc,metaspace] GC(47) Metaspace: 21397K(21760K)->21397K(21760K) NonClass: 17656K(17856K)->17656K(17856K) Class: 3741K(3904K)->3741K(3904K)
[87.944s][info][gc          ] GC(47) Pause Full (System.gc()) 770M->770M(5939M) 1721.948ms
[89.615s][info][gc,metaspace] GC(48) Metaspace: 21397K(21760K)->21397K(21760K) NonClass: 17656K(17856K)->17656K(17856K) Class: 3741K(3904K)->3741K(3904K)
[89.615s][info][gc          ] GC(48) Pause Full (System.gc()) 770M->770M(5939M) 1671.577ms
[91.342s][info][gc,metaspace] GC(49) Metaspace: 21397K(21760K)->21397K(21760K) NonClass: 17656K(17856K)->17656K(17856K) Class: 3741K(3904K)->3741K(3904K)
[91.342s][info][gc          ] GC(49) Pause Full (System.gc()) 770M->770M(5939M) 1726.107ms
[93.064s][info][gc,metaspace] GC(50) Metaspace: 21397K(21760K)->21397K(21760K) NonClass: 17656K(17856K)->17656K(17856K) Class: 3741K(3904K)->3741K(3904K)
[93.064s][info][gc          ] GC(50) Pause Full (System.gc()) 770M->770M(5939M) 1722.298ms
[94.739s][info][gc,metaspace] GC(51) Metaspace: 21397K(21760K)->21397K(21760K) NonClass: 17656K(17856K)->17656K(17856K) Class: 3741K(3904K)->3741K(3904K)
[94.739s][info][gc          ] GC(51) Pause Full (System.gc()) 770M->770M(5939M) 1674.875ms
[96.460s][info][gc,metaspace] GC(52) Metaspace: 21397K(21760K)->21397K(21760K) NonClass: 17656K(17856K)->17656K(17856K) Class: 3741K(3904K)->3741K(3904K)
[96.460s][info][gc          ] GC(52) Pause Full (System.gc()) 770M->770M(5939M) 1720.596ms
[98.187s][info][gc,metaspace] GC(53) Metaspace: 21397K(21760K)->21397K(21760K) NonClass: 17656K(17856K)->17656K(17856K) Class: 3741K(3904K)->3741K(3904K)
[98.187s][info][gc          ] GC(53) Pause Full (System.gc()) 770M->770M(5939M) 1722.524ms
[99.857s][info][gc,metaspace] GC(54) Metaspace: 21397K(21760K)->21397K(21760K) NonClass: 17656K(17856K)->17656K(17856K) Class: 3741K(3904K)->3741K(3904K)
[99.857s][info][gc          ] GC(54) Pause Full (System.gc()) 770M->770M(5939M) 1670.339ms
[102.028s][info][gc,metaspace] GC(55) Metaspace: 21397K(21760K)->21397K(21760K) NonClass: 17656K(17856K)->17656K(17856K) Class: 3741K(3904K)->3741K(3904K)
[102.028s][info][gc          ] GC(55) Pause Full (System.gc()) 770M->770M(5939M) 2119.530ms
[103.703s][info][gc,metaspace] GC(56) Metaspace: 21397K(21760K)->21397K(21760K) NonClass: 17656K(17856K)->17656K(17856K) Class: 3741K(3904K)->3741K(3904K)
[103.703s][info][gc          ] GC(56) Pause Full (System.gc()) 770M->770M(5939M) 1674.894ms
[105.429s][info][gc,metaspace] GC(57) Metaspace: 21397K(21760K)->21397K(21760K) NonClass: 17656K(17856K)->17656K(17856K) Class: 3741K(3904K)->3741K(3904K)
[105.429s][info][gc          ] GC(57) Pause Full (System.gc()) 770M->770M(5939M) 1725.858ms
[107.155s][info][gc,metaspace] GC(58) Metaspace: 21397K(21760K)->21397K(21760K) NonClass: 17656K(17856K)->17656K(17856K) Class: 3741K(3904K)->3741K(3904K)
[107.155s][info][gc          ] GC(58) Pause Full (System.gc()) 770M->770M(5939M) 1725.570ms
[108.827s][info][gc,metaspace] GC(59) Metaspace: 21397K(21760K)->21397K(21760K) NonClass: 17656K(17856K)->17656K(17856K) Class: 3741K(3904K)->3741K(3904K)
[108.827s][info][gc          ] GC(59) Pause Full (System.gc()) 770M->770M(5939M) 1672.238ms
[110.552s][info][gc,metaspace] GC(60) Metaspace: 21397K(21760K)->21397K(21760K) NonClass: 17656K(17856K)->17656K(17856K) Class: 3741K(3904K)->3741K(3904K)
[110.552s][info][gc          ] GC(60) Pause Full (System.gc()) 770M->770M(5939M) 1724.812ms
[112.273s][info][gc,metaspace] GC(61) Metaspace: 21397K(21760K)->21397K(21760K) NonClass: 17656K(17856K)->17656K(17856K) Class: 3741K(3904K)->3741K(3904K)
[112.273s][info][gc          ] GC(61) Pause Full (System.gc()) 770M->770M(5939M) 1720.998ms
[114.005s][info][gc,metaspace] GC(62) Metaspace: 21397K(21760K)->21397K(21760K) NonClass: 17656K(17856K)->17656K(17856K) Class: 3741K(3904K)->3741K(3904K)
[114.005s][info][gc          ] GC(62) Pause Full (System.gc()) 770M->770M(5939M) 1731.503ms
[115.675s][info][gc,metaspace] GC(63) Metaspace: 21397K(21760K)->21397K(21760K) NonClass: 17656K(17856K)->17656K(17856K) Class: 3741K(3904K)->3741K(3904K)
[115.675s][info][gc          ] GC(63) Pause Full (System.gc()) 770M->770M(5939M) 1670.295ms
[117.402s][info][gc,metaspace] GC(64) Metaspace: 21397K(21760K)->21397K(21760K) NonClass: 17656K(17856K)->17656K(17856K) Class: 3741K(3904K)->3741K(3904K)
[117.402s][info][gc          ] GC(64) Pause Full (System.gc()) 770M->770M(5939M) 1726.993ms
[119.125s][info][gc,metaspace] GC(65) Metaspace: 21397K(21760K)->21397K(21760K) NonClass: 17656K(17856K)->17656K(17856K) Class: 3741K(3904K)->3741K(3904K)
[119.125s][info][gc          ] GC(65) Pause Full (System.gc()) 770M->770M(5939M) 1722.736ms
[120.800s][info][gc,metaspace] GC(66) Metaspace: 21397K(21760K)->21397K(21760K) NonClass: 17656K(17856K)->17656K(17856K) Class: 3741K(3904K)->3741K(3904K)
[120.800s][info][gc          ] GC(66) Pause Full (System.gc()) 770M->770M(5939M) 1674.769ms
[122.525s][info][gc,metaspace] GC(67) Metaspace: 21397K(21760K)->21397K(21760K) NonClass: 17656K(17856K)->17656K(17856K) Class: 3741K(3904K)->3741K(3904K)
[122.525s][info][gc          ] GC(67) Pause Full (System.gc()) 770M->770M(5939M) 1724.367ms
[124.254s][info][gc,metaspace] GC(68) Metaspace: 21397K(21760K)->21397K(21760K) NonClass: 17656K(17856K)->17656K(17856K) Class: 3741K(3904K)->3741K(3904K)
[124.254s][info][gc          ] GC(68) Pause Full (System.gc()) 770M->770M(5939M) 1728.730ms
[125.978s][info][gc,metaspace] GC(69) Metaspace: 21397K(21760K)->21397K(21760K) NonClass: 17656K(17856K)->17656K(17856K) Class: 3741K(3904K)->3741K(3904K)
[125.978s][info][gc          ] GC(69) Pause Full (System.gc()) 770M->770M(5939M) 1724.338ms
[127.651s][info][gc,metaspace] GC(70) Metaspace: 21397K(21760K)->21397K(21760K) NonClass: 17656K(17856K)->17656K(17856K) Class: 3741K(3904K)->3741K(3904K)
[127.652s][info][gc          ] GC(70) Pause Full (System.gc()) 770M->770M(5939M) 1673.275ms
[129.382s][info][gc,metaspace] GC(71) Metaspace: 21397K(21760K)->21397K(21760K) NonClass: 17656K(17856K)->17656K(17856K) Class: 3741K(3904K)->3741K(3904K)
[129.382s][info][gc          ] GC(71) Pause Full (System.gc()) 787M->770M(5939M) 1730.510ms
[131.104s][info][gc,metaspace] GC(72) Metaspace: 21397K(21760K)->21397K(21760K) NonClass: 17656K(17856K)->17656K(17856K) Class: 3741K(3904K)->3741K(3904K)
[131.104s][info][gc          ] GC(72) Pause Full (System.gc()) 770M->770M(5939M) 1721.691ms
[132.778s][info][gc,metaspace] GC(73) Metaspace: 21397K(21760K)->21397K(21760K) NonClass: 17656K(17856K)->17656K(17856K) Class: 3741K(3904K)->3741K(3904K)
[132.778s][info][gc          ] GC(73) Pause Full (System.gc()) 770M->770M(5939M) 1674.245ms
[134.505s][info][gc,metaspace] GC(74) Metaspace: 21397K(21760K)->21397K(21760K) NonClass: 17656K(17856K)->17656K(17856K) Class: 3741K(3904K)->3741K(3904K)
[134.505s][info][gc          ] GC(74) Pause Full (System.gc()) 770M->770M(5939M) 1726.403ms
[136.227s][info][gc,metaspace] GC(75) Metaspace: 21397K(21760K)->21397K(21760K) NonClass: 17656K(17856K)->17656K(17856K) Class: 3741K(3904K)->3741K(3904K)
[136.227s][info][gc          ] GC(75) Pause Full (System.gc()) 770M->770M(5939M) 1721.802ms
[137.950s][info][gc,metaspace] GC(76) Metaspace: 21397K(21760K)->21397K(21760K) NonClass: 17656K(17856K)->17656K(17856K) Class: 3741K(3904K)->3741K(3904K)
[137.950s][info][gc          ] GC(76) Pause Full (System.gc()) 770M->770M(5939M) 1722.928ms
[139.624s][info][gc,metaspace] GC(77) Metaspace: 21397K(21760K)->21397K(21760K) NonClass: 17656K(17856K)->17656K(17856K) Class: 3741K(3904K)->3741K(3904K)
[139.624s][info][gc          ] GC(77) Pause Full (System.gc()) 770M->770M(5939M) 1673.514ms
[141.346s][info][gc,metaspace] GC(78) Metaspace: 21397K(21760K)->21397K(21760K) NonClass: 17656K(17856K)->17656K(17856K) Class: 3741K(3904K)->3741K(3904K)
[141.346s][info][gc          ] GC(78) Pause Full (System.gc()) 770M->770M(5939M) 1722.038ms
[143.072s][info][gc,metaspace] GC(79) Metaspace: 21397K(21760K)->21397K(21760K) NonClass: 17656K(17856K)->17656K(17856K) Class: 3741K(3904K)->3741K(3904K)
[143.072s][info][gc          ] GC(79) Pause Full (System.gc()) 770M->770M(5939M) 1725.814ms
[144.743s][info][gc,metaspace] GC(80) Metaspace: 21397K(21760K)->21397K(21760K) NonClass: 17656K(17856K)->17656K(17856K) Class: 3741K(3904K)->3741K(3904K)
[144.743s][info][gc          ] GC(80) Pause Full (System.gc()) 770M->770M(5939M) 1667.006ms
[146.470s][info][gc,metaspace] GC(81) Metaspace: 21397K(21760K)->21397K(21760K) NonClass: 17656K(17856K)->17656K(17856K) Class: 3741K(3904K)->3741K(3904K)
[146.470s][info][gc          ] GC(81) Pause Full (System.gc()) 770M->770M(5939M) 1726.422ms
[148.193s][info][gc,metaspace] GC(82) Metaspace: 21397K(21760K)->21397K(21760K) NonClass: 17656K(17856K)->17656K(17856K) Class: 3741K(3904K)->3741K(3904K)
[148.193s][info][gc          ] GC(82) Pause Full (System.gc()) 770M->770M(5939M) 1723.362ms
[149.920s][info][gc,metaspace] GC(83) Metaspace: 21397K(21760K)->21397K(21760K) NonClass: 17656K(17856K)->17656K(17856K) Class: 3741K(3904K)->3741K(3904K)
[149.920s][info][gc          ] GC(83) Pause Full (System.gc()) 770M->770M(5939M) 1726.821ms
[151.839s][info][gc,metaspace] GC(84) Metaspace: 21397K(21760K)->21397K(21760K) NonClass: 17656K(17856K)->17656K(17856K) Class: 3741K(3904K)->3741K(3904K)
[151.839s][info][gc          ] GC(84) Pause Full (System.gc()) 770M->770M(5939M) 1918.984ms
[153.565s][info][gc,metaspace] GC(85) Metaspace: 21397K(21760K)->21397K(21760K) NonClass: 17656K(17856K)->17656K(17856K) Class: 3741K(3904K)->3741K(3904K)
[153.565s][info][gc          ] GC(85) Pause Full (System.gc()) 770M->770M(5939M) 1726.013ms
[155.288s][info][gc,metaspace] GC(86) Metaspace: 21397K(21760K)->21397K(21760K) NonClass: 17656K(17856K)->17656K(17856K) Class: 3741K(3904K)->3741K(3904K)
[155.288s][info][gc          ] GC(86) Pause Full (System.gc()) 770M->770M(5939M) 1718.584ms
[157.030s][info][gc,metaspace] GC(87) Metaspace: 21397K(21760K)->21397K(21760K) NonClass: 17656K(17856K)->17656K(17856K) Class: 3741K(3904K)->3741K(3904K)
[157.030s][info][gc          ] GC(87) Pause Full (System.gc()) 770M->770M(5939M) 1741.351ms
[158.705s][info][gc,metaspace] GC(88) Metaspace: 21397K(21760K)->21397K(21760K) NonClass: 17656K(17856K)->17656K(17856K) Class: 3741K(3904K)->3741K(3904K)
[158.705s][info][gc          ] GC(88) Pause Full (System.gc()) 770M->770M(5939M) 1675.613ms
[160.439s][info][gc,metaspace] GC(89) Metaspace: 21397K(21760K)->21397K(21760K) NonClass: 17656K(17856K)->17656K(17856K) Class: 3741K(3904K)->3741K(3904K)
[160.439s][info][gc          ] GC(89) Pause Full (System.gc()) 770M->770M(5939M) 1729.663ms
[162.166s][info][gc,metaspace] GC(90) Metaspace: 21397K(21760K)->21397K(21760K) NonClass: 17656K(17856K)->17656K(17856K) Class: 3741K(3904K)->3741K(3904K)
[162.166s][info][gc          ] GC(90) Pause Full (System.gc()) 770M->770M(5939M) 1726.488ms
[163.848s][info][gc,metaspace] GC(91) Metaspace: 21397K(21760K)->21397K(21760K) NonClass: 17656K(17856K)->17656K(17856K) Class: 3741K(3904K)->3741K(3904K)
[163.848s][info][gc          ] GC(91) Pause Full (System.gc()) 770M->770M(5939M) 1681.973ms
[165.570s][info][gc,metaspace] GC(92) Metaspace: 21397K(21760K)->21397K(21760K) NonClass: 17656K(17856K)->17656K(17856K) Class: 3741K(3904K)->3741K(3904K)
[165.570s][info][gc          ] GC(92) Pause Full (System.gc()) 770M->770M(5939M) 1717.844ms
[167.293s][info][gc,metaspace] GC(93) Metaspace: 21397K(21760K)->21397K(21760K) NonClass: 17656K(17856K)->17656K(17856K) Class: 3741K(3904K)->3741K(3904K)
[167.293s][info][gc          ] GC(93) Pause Full (System.gc()) 770M->770M(5939M) 1722.568ms
[169.019s][info][gc,metaspace] GC(94) Metaspace: 21397K(21760K)->21397K(21760K) NonClass: 17656K(17856K)->17656K(17856K) Class: 3741K(3904K)->3741K(3904K)
[169.019s][info][gc          ] GC(94) Pause Full (System.gc()) 770M->770M(5939M) 1725.985ms
[170.701s][info][gc,metaspace] GC(95) Metaspace: 21397K(21760K)->21397K(21760K) NonClass: 17656K(17856K)->17656K(17856K) Class: 3741K(3904K)->3741K(3904K)
[170.701s][info][gc          ] GC(95) Pause Full (System.gc()) 770M->770M(5939M) 1677.779ms
[172.429s][info][gc,metaspace] GC(96) Metaspace: 21397K(21760K)->21397K(21760K) NonClass: 17656K(17856K)->17656K(17856K) Class: 3741K(3904K)->3741K(3904K)
[172.429s][info][gc          ] GC(96) Pause Full (System.gc()) 770M->770M(5939M) 1728.019ms
[174.153s][info][gc,metaspace] GC(97) Metaspace: 21397K(21760K)->21397K(21760K) NonClass: 17656K(17856K)->17656K(17856K) Class: 3741K(3904K)->3741K(3904K)
[174.153s][info][gc          ] GC(97) Pause Full (System.gc()) 770M->770M(5939M) 1723.675ms
[175.829s][info][gc,metaspace] GC(98) Metaspace: 21397K(21760K)->21397K(21760K) NonClass: 17656K(17856K)->17656K(17856K) Class: 3741K(3904K)->3741K(3904K)
[175.829s][info][gc          ] GC(98) Pause Full (System.gc()) 770M->770M(5939M) 1671.574ms
[177.553s][info][gc,metaspace] GC(99) Metaspace: 21397K(21760K)->21397K(21760K) NonClass: 17656K(17856K)->17656K(17856K) Class: 3741K(3904K)->3741K(3904K)
[177.553s][info][gc          ] GC(99) Pause Full (System.gc()) 770M->770M(5939M) 1723.308ms
[179.276s][info][gc,metaspace] GC(100) Metaspace: 21397K(21760K)->21397K(21760K) NonClass: 17656K(17856K)->17656K(17856K) Class: 3741K(3904K)->3741K(3904K)
[179.276s][info][gc          ] GC(100) Pause Full (System.gc()) 770M->770M(5939M) 1723.016ms
After GCs... 
