Done; will start GCs... 
[43.267s][info   ][gc,metaspace] GC(16) Metaspace: 31154K(34688K)->31154K(34688K) NonClass: 23178K(24704K)->23178K(24704K) Class: 7976K(9984K)->7976K(9984K)
[43.267s][info   ][gc          ] GC(16) Pause Full (System.gc()) 1613M->1593M(5638M) 1647.669ms
[45.000s][info   ][gc,metaspace] GC(17) Metaspace: 31154K(34688K)->31154K(34688K) NonClass: 23178K(24704K)->23178K(24704K) Class: 7976K(9984K)->7976K(9984K)
[45.000s][info   ][gc          ] GC(17) Pause Full (System.gc()) 1593M->1593M(5638M) 1733.184ms
[46.661s][info   ][gc,metaspace] GC(18) Metaspace: 31154K(34688K)->31154K(34688K) NonClass: 23178K(24704K)->23178K(24704K) Class: 7976K(9984K)->7976K(9984K)
[46.661s][info   ][gc          ] GC(18) Pause Full (System.gc()) 1593M->1593M(5638M) 1661.051ms
[48.307s][info   ][gc,metaspace] GC(19) Metaspace: 31154K(34688K)->31154K(34688K) NonClass: 23178K(24704K)->23178K(24704K) Class: 7976K(9984K)->7976K(9984K)
[48.307s][info   ][gc          ] GC(19) Pause Full (System.gc()) 1593M->1593M(5638M) 1645.680ms
[49.984s][info   ][gc,metaspace] GC(20) Metaspace: 31154K(34688K)->31154K(34688K) NonClass: 23178K(24704K)->23178K(24704K) Class: 7976K(9984K)->7976K(9984K)
[49.984s][info   ][gc          ] GC(20) Pause Full (System.gc()) 1593M->1593M(5638M) 1675.687ms
[51.672s][info   ][gc,metaspace] GC(21) Metaspace: 31154K(34688K)->31154K(34688K) NonClass: 23178K(24704K)->23178K(24704K) Class: 7976K(9984K)->7976K(9984K)
[51.672s][info   ][gc          ] GC(21) Pause Full (System.gc()) 1593M->1593M(5638M) 1687.820ms
[53.314s][info   ][gc,metaspace] GC(22) Metaspace: 31154K(34688K)->31154K(34688K) NonClass: 23178K(24704K)->23178K(24704K) Class: 7976K(9984K)->7976K(9984K)
[53.314s][info   ][gc          ] GC(22) Pause Full (System.gc()) 1593M->1593M(5638M) 1641.781ms
[54.988s][info   ][gc,metaspace] GC(23) Metaspace: 31154K(34688K)->31154K(34688K) NonClass: 23178K(24704K)->23178K(24704K) Class: 7976K(9984K)->7976K(9984K)
[54.988s][info   ][gc          ] GC(23) Pause Full (System.gc()) 1593M->1593M(5638M) 1674.432ms
[56.663s][info   ][gc,metaspace] GC(24) Metaspace: 31154K(34688K)->31154K(34688K) NonClass: 23178K(24704K)->23178K(24704K) Class: 7976K(9984K)->7976K(9984K)
[56.663s][info   ][gc          ] GC(24) Pause Full (System.gc()) 1593M->1593M(5638M) 1674.750ms
[58.332s][info   ][gc,metaspace] GC(25) Metaspace: 31154K(34688K)->31154K(34688K) NonClass: 23178K(24704K)->23178K(24704K) Class: 7976K(9984K)->7976K(9984K)
[58.332s][info   ][gc          ] GC(25) Pause Full (System.gc()) 1593M->1593M(5638M) 1668.891ms
[60.001s][info   ][gc,metaspace] GC(26) Metaspace: 31154K(34688K)->31154K(34688K) NonClass: 23178K(24704K)->23178K(24704K) Class: 7976K(9984K)->7976K(9984K)
[60.001s][info   ][gc          ] GC(26) Pause Full (System.gc()) 1593M->1593M(5638M) 1667.981ms
[61.677s][info   ][gc,metaspace] GC(27) Metaspace: 31154K(34688K)->31154K(34688K) NonClass: 23178K(24704K)->23178K(24704K) Class: 7976K(9984K)->7976K(9984K)
[61.677s][info   ][gc          ] GC(27) Pause Full (System.gc()) 1593M->1593M(5638M) 1676.193ms
[63.323s][info   ][gc,metaspace] GC(28) Metaspace: 31154K(34688K)->31154K(34688K) NonClass: 23178K(24704K)->23178K(24704K) Class: 7976K(9984K)->7976K(9984K)
[63.323s][info   ][gc          ] GC(28) Pause Full (System.gc()) 1593M->1593M(5638M) 1645.591ms
[65.001s][info   ][gc,metaspace] GC(29) Metaspace: 31154K(34688K)->31154K(34688K) NonClass: 23178K(24704K)->23178K(24704K) Class: 7976K(9984K)->7976K(9984K)
[65.001s][info   ][gc          ] GC(29) Pause Full (System.gc()) 1593M->1593M(5638M) 1678.313ms
[67.048s][info   ][gc,metaspace] GC(30) Metaspace: 31154K(34688K)->31154K(34688K) NonClass: 23178K(24704K)->23178K(24704K) Class: 7976K(9984K)->7976K(9984K)
[67.048s][info   ][gc          ] GC(30) Pause Full (System.gc()) 1593M->1593M(5638M) 2046.587ms
[68.743s][info   ][gc,metaspace] GC(31) Metaspace: 31154K(34688K)->31154K(34688K) NonClass: 23178K(24704K)->23178K(24704K) Class: 7976K(9984K)->7976K(9984K)
[68.743s][info   ][gc          ] GC(31) Pause Full (System.gc()) 1603M->1593M(5638M) 1694.598ms
[70.424s][info   ][gc,metaspace] GC(32) Metaspace: 31154K(34688K)->31154K(34688K) NonClass: 23178K(24704K)->23178K(24704K) Class: 7976K(9984K)->7976K(9984K)
[70.424s][info   ][gc          ] GC(32) Pause Full (System.gc()) 1593M->1593M(5638M) 1681.363ms
[72.088s][info   ][gc,metaspace] GC(33) Metaspace: 31154K(34688K)->31154K(34688K) NonClass: 23178K(24704K)->23178K(24704K) Class: 7976K(9984K)->7976K(9984K)
[72.088s][info   ][gc          ] GC(33) Pause Full (System.gc()) 1593M->1593M(5638M) 1662.831ms
[73.768s][info   ][gc,metaspace] GC(34) Metaspace: 31154K(34688K)->31154K(34688K) NonClass: 23178K(24704K)->23178K(24704K) Class: 7976K(9984K)->7976K(9984K)
[73.768s][info   ][gc          ] GC(34) Pause Full (System.gc()) 1593M->1593M(5638M) 1679.853ms
[75.462s][info   ][gc,metaspace] GC(35) Metaspace: 31154K(34688K)->31154K(34688K) NonClass: 23178K(24704K)->23178K(24704K) Class: 7976K(9984K)->7976K(9984K)
[75.462s][info   ][gc          ] GC(35) Pause Full (System.gc()) 1593M->1593M(5638M) 1694.027ms
[77.092s][info   ][gc,metaspace] GC(36) Metaspace: 31154K(34688K)->31154K(34688K) NonClass: 23178K(24704K)->23178K(24704K) Class: 7976K(9984K)->7976K(9984K)
[77.092s][info   ][gc          ] GC(36) Pause Full (System.gc()) 1593M->1593M(5638M) 1629.474ms
[78.787s][info   ][gc,metaspace] GC(37) Metaspace: 31154K(34688K)->31154K(34688K) NonClass: 23178K(24704K)->23178K(24704K) Class: 7976K(9984K)->7976K(9984K)
[78.787s][info   ][gc          ] GC(37) Pause Full (System.gc()) 1593M->1593M(5638M) 1694.952ms
[80.474s][info   ][gc,metaspace] GC(38) Metaspace: 31154K(34688K)->31154K(34688K) NonClass: 23178K(24704K)->23178K(24704K) Class: 7976K(9984K)->7976K(9984K)
[80.474s][info   ][gc          ] GC(38) Pause Full (System.gc()) 1593M->1593M(5638M) 1686.310ms
[82.131s][info   ][gc,metaspace] GC(39) Metaspace: 31154K(34688K)->31154K(34688K) NonClass: 23178K(24704K)->23178K(24704K) Class: 7976K(9984K)->7976K(9984K)
[82.131s][info   ][gc          ] GC(39) Pause Full (System.gc()) 1593M->1593M(5638M) 1657.508ms
[83.816s][info   ][gc,metaspace] GC(40) Metaspace: 31154K(34688K)->31154K(34688K) NonClass: 23178K(24704K)->23178K(24704K) Class: 7976K(9984K)->7976K(9984K)
[83.816s][info   ][gc          ] GC(40) Pause Full (System.gc()) 1593M->1593M(5638M) 1684.833ms
[85.503s][info   ][gc,metaspace] GC(41) Metaspace: 31154K(34688K)->31154K(34688K) NonClass: 23178K(24704K)->23178K(24704K) Class: 7976K(9984K)->7976K(9984K)
[85.503s][info   ][gc          ] GC(41) Pause Full (System.gc()) 1593M->1593M(5638M) 1686.389ms
[87.143s][info   ][gc,metaspace] GC(42) Metaspace: 31154K(34688K)->31154K(34688K) NonClass: 23178K(24704K)->23178K(24704K) Class: 7976K(9984K)->7976K(9984K)
[87.143s][info   ][gc          ] GC(42) Pause Full (System.gc()) 1593M->1593M(5638M) 1639.466ms
[88.905s][info   ][gc,metaspace] GC(43) Metaspace: 31154K(34688K)->31154K(34688K) NonClass: 23178K(24704K)->23178K(24704K) Class: 7976K(9984K)->7976K(9984K)
[88.905s][info   ][gc          ] GC(43) Pause Full (System.gc()) 1593M->1593M(5638M) 1761.757ms
[90.650s][info   ][gc,metaspace] GC(44) Metaspace: 31154K(34688K)->31154K(34688K) NonClass: 23178K(24704K)->23178K(24704K) Class: 7976K(9984K)->7976K(9984K)
[90.650s][info   ][gc          ] GC(44) Pause Full (System.gc()) 1593M->1593M(5638M) 1745.115ms
[92.277s][info   ][gc,metaspace] GC(45) Metaspace: 31154K(34688K)->31154K(34688K) NonClass: 23178K(24704K)->23178K(24704K) Class: 7976K(9984K)->7976K(9984K)
[92.278s][info   ][gc          ] GC(45) Pause Full (System.gc()) 1593M->1593M(5638M) 1626.454ms
[93.959s][info   ][gc,metaspace] GC(46) Metaspace: 31154K(34688K)->31154K(34688K) NonClass: 23178K(24704K)->23178K(24704K) Class: 7976K(9984K)->7976K(9984K)
[93.959s][info   ][gc          ] GC(46) Pause Full (System.gc()) 1593M->1593M(5638M) 1681.763ms
[95.643s][info   ][gc,metaspace] GC(47) Metaspace: 31154K(34688K)->31154K(34688K) NonClass: 23178K(24704K)->23178K(24704K) Class: 7976K(9984K)->7976K(9984K)
[95.643s][info   ][gc          ] GC(47) Pause Full (System.gc()) 1593M->1593M(5638M) 1683.324ms
[97.302s][info   ][gc,metaspace] GC(48) Metaspace: 31154K(34688K)->31154K(34688K) NonClass: 23178K(24704K)->23178K(24704K) Class: 7976K(9984K)->7976K(9984K)
[97.302s][info   ][gc          ] GC(48) Pause Full (System.gc()) 1593M->1593M(5638M) 1658.992ms
[98.983s][info   ][gc,metaspace] GC(49) Metaspace: 31154K(34688K)->31154K(34688K) NonClass: 23178K(24704K)->23178K(24704K) Class: 7976K(9984K)->7976K(9984K)
[98.983s][info   ][gc          ] GC(49) Pause Full (System.gc()) 1593M->1593M(5638M) 1680.588ms
[100.658s][info   ][gc,metaspace] GC(50) Metaspace: 31154K(34688K)->31154K(34688K) NonClass: 23178K(24704K)->23178K(24704K) Class: 7976K(9984K)->7976K(9984K)
[100.658s][info   ][gc          ] GC(50) Pause Full (System.gc()) 1593M->1593M(5638M) 1675.551ms
[102.382s][info   ][gc,metaspace] GC(51) Metaspace: 31154K(34688K)->31154K(34688K) NonClass: 23178K(24704K)->23178K(24704K) Class: 7976K(9984K)->7976K(9984K)
[102.382s][info   ][gc          ] GC(51) Pause Full (System.gc()) 1593M->1593M(5638M) 1723.611ms
[104.039s][info   ][gc,metaspace] GC(52) Metaspace: 31154K(34688K)->31154K(34688K) NonClass: 23178K(24704K)->23178K(24704K) Class: 7976K(9984K)->7976K(9984K)
[104.039s][info   ][gc          ] GC(52) Pause Full (System.gc()) 1593M->1593M(5638M) 1656.469ms
[105.726s][info   ][gc,metaspace] GC(53) Metaspace: 31154K(34688K)->31154K(34688K) NonClass: 23178K(24704K)->23178K(24704K) Class: 7976K(9984K)->7976K(9984K)
[105.726s][info   ][gc          ] GC(53) Pause Full (System.gc()) 1593M->1593M(5638M) 1686.317ms
[107.418s][info   ][gc,metaspace] GC(54) Metaspace: 31154K(34688K)->31154K(34688K) NonClass: 23178K(24704K)->23178K(24704K) Class: 7976K(9984K)->7976K(9984K)
[107.418s][info   ][gc          ] GC(54) Pause Full (System.gc()) 1593M->1593M(5638M) 1691.959ms
[109.072s][info   ][gc,metaspace] GC(55) Metaspace: 31154K(34688K)->31154K(34688K) NonClass: 23178K(24704K)->23178K(24704K) Class: 7976K(9984K)->7976K(9984K)
[109.072s][info   ][gc          ] GC(55) Pause Full (System.gc()) 1593M->1593M(5638M) 1654.343ms
[110.753s][info   ][gc,metaspace] GC(56) Metaspace: 31154K(34688K)->31154K(34688K) NonClass: 23178K(24704K)->23178K(24704K) Class: 7976K(9984K)->7976K(9984K)
[110.753s][info   ][gc          ] GC(56) Pause Full (System.gc()) 1593M->1593M(5638M) 1680.969ms
[112.439s][info   ][gc,metaspace] GC(57) Metaspace: 31154K(34688K)->31154K(34688K) NonClass: 23178K(24704K)->23178K(24704K) Class: 7976K(9984K)->7976K(9984K)
[112.440s][info   ][gc          ] GC(57) Pause Full (System.gc()) 1593M->1593M(5638M) 1686.085ms
[114.145s][info   ][gc,metaspace] GC(58) Metaspace: 31154K(34688K)->31154K(34688K) NonClass: 23178K(24704K)->23178K(24704K) Class: 7976K(9984K)->7976K(9984K)
[114.145s][info   ][gc          ] GC(58) Pause Full (System.gc()) 1593M->1593M(5638M) 1705.075ms
[115.817s][info   ][gc,metaspace] GC(59) Metaspace: 31154K(34688K)->31154K(34688K) NonClass: 23178K(24704K)->23178K(24704K) Class: 7976K(9984K)->7976K(9984K)
[115.817s][info   ][gc          ] GC(59) Pause Full (System.gc()) 1593M->1593M(5638M) 1672.466ms
[117.502s][info   ][gc,metaspace] GC(60) Metaspace: 31154K(34688K)->31154K(34688K) NonClass: 23178K(24704K)->23178K(24704K) Class: 7976K(9984K)->7976K(9984K)
[117.502s][info   ][gc          ] GC(60) Pause Full (System.gc()) 1593M->1593M(5638M) 1684.695ms
[119.164s][info   ][gc,metaspace] GC(61) Metaspace: 31154K(34688K)->31154K(34688K) NonClass: 23178K(24704K)->23178K(24704K) Class: 7976K(9984K)->7976K(9984K)
[119.164s][info   ][gc          ] GC(61) Pause Full (System.gc()) 1593M->1593M(5638M) 1661.703ms
[120.842s][info   ][gc,metaspace] GC(62) Metaspace: 31154K(34688K)->31154K(34688K) NonClass: 23178K(24704K)->23178K(24704K) Class: 7976K(9984K)->7976K(9984K)
[120.842s][info   ][gc          ] GC(62) Pause Full (System.gc()) 1593M->1593M(5638M) 1677.952ms
[122.535s][info   ][gc,metaspace] GC(63) Metaspace: 31154K(34688K)->31154K(34688K) NonClass: 23178K(24704K)->23178K(24704K) Class: 7976K(9984K)->7976K(9984K)
[122.535s][info   ][gc          ] GC(63) Pause Full (System.gc()) 1593M->1593M(5638M) 1692.978ms
[124.174s][info   ][gc,metaspace] GC(64) Metaspace: 31154K(34688K)->31154K(34688K) NonClass: 23178K(24704K)->23178K(24704K) Class: 7976K(9984K)->7976K(9984K)
[124.174s][info   ][gc          ] GC(64) Pause Full (System.gc()) 1593M->1593M(5638M) 1638.049ms
[125.868s][info   ][gc,metaspace] GC(65) Metaspace: 31154K(34688K)->31154K(34688K) NonClass: 23178K(24704K)->23178K(24704K) Class: 7976K(9984K)->7976K(9984K)
[125.868s][info   ][gc          ] GC(65) Pause Full (System.gc()) 1593M->1593M(5638M) 1693.737ms
After GCs... 
