Done; will start GCs... 
[43.279s][info   ][gc,metaspace] GC(17) Metaspace: 30708K(34304K)->30708K(34304K) NonClass: 25346K(26880K)->25346K(26880K) Class: 5361K(7424K)->5361K(7424K)
[43.279s][info   ][gc          ] GC(17) Pause Full (System.gc()) 1827M->1806M(5633M) 1682.964ms
[44.968s][info   ][gc,metaspace] GC(18) Metaspace: 30708K(34304K)->30708K(34304K) NonClass: 25346K(26880K)->25346K(26880K) Class: 5361K(7424K)->5361K(7424K)
[44.968s][info   ][gc          ] GC(18) Pause Full (System.gc()) 1806M->1806M(5633M) 1689.706ms
[46.629s][info   ][gc,metaspace] GC(19) Metaspace: 30708K(34304K)->30708K(34304K) NonClass: 25346K(26880K)->25346K(26880K) Class: 5361K(7424K)->5361K(7424K)
[46.629s][info   ][gc          ] GC(19) Pause Full (System.gc()) 1806M->1806M(5633M) 1660.179ms
[48.311s][info   ][gc,metaspace] GC(20) Metaspace: 30708K(34304K)->30708K(34304K) NonClass: 25346K(26880K)->25346K(26880K) Class: 5361K(7424K)->5361K(7424K)
[48.311s][info   ][gc          ] GC(20) Pause Full (System.gc()) 1806M->1806M(5633M) 1681.766ms
[49.997s][info   ][gc,metaspace] GC(21) Metaspace: 30708K(34304K)->30708K(34304K) NonClass: 25346K(26880K)->25346K(26880K) Class: 5361K(7424K)->5361K(7424K)
[49.997s][info   ][gc          ] GC(21) Pause Full (System.gc()) 1806M->1806M(5633M) 1686.272ms
[51.642s][info   ][gc,metaspace] GC(22) Metaspace: 30708K(34304K)->30708K(34304K) NonClass: 25346K(26880K)->25346K(26880K) Class: 5361K(7424K)->5361K(7424K)
[51.642s][info   ][gc          ] GC(22) Pause Full (System.gc()) 1806M->1806M(5633M) 1644.121ms
[53.327s][info   ][gc,metaspace] GC(23) Metaspace: 30708K(34304K)->30708K(34304K) NonClass: 25346K(26880K)->25346K(26880K) Class: 5361K(7424K)->5361K(7424K)
[53.327s][info   ][gc          ] GC(23) Pause Full (System.gc()) 1806M->1806M(5633M) 1685.123ms
[55.007s][info   ][gc,metaspace] GC(24) Metaspace: 30708K(34304K)->30708K(34304K) NonClass: 25346K(26880K)->25346K(26880K) Class: 5361K(7424K)->5361K(7424K)
[55.007s][info   ][gc          ] GC(24) Pause Full (System.gc()) 1806M->1806M(5633M) 1679.649ms
[56.660s][info   ][gc,metaspace] GC(25) Metaspace: 30708K(34304K)->30708K(34304K) NonClass: 25346K(26880K)->25346K(26880K) Class: 5361K(7424K)->5361K(7424K)
[56.660s][info   ][gc          ] GC(25) Pause Full (System.gc()) 1806M->1806M(5633M) 1653.351ms
[58.347s][info   ][gc,metaspace] GC(26) Metaspace: 30708K(34304K)->30708K(34304K) NonClass: 25346K(26880K)->25346K(26880K) Class: 5361K(7424K)->5361K(7424K)
[58.347s][info   ][gc          ] GC(26) Pause Full (System.gc()) 1806M->1806M(5633M) 1686.636ms
[60.041s][info   ][gc,metaspace] GC(27) Metaspace: 30708K(34304K)->30708K(34304K) NonClass: 25346K(26880K)->25346K(26880K) Class: 5361K(7424K)->5361K(7424K)
[60.041s][info   ][gc          ] GC(27) Pause Full (System.gc()) 1806M->1806M(5633M) 1693.513ms
[61.704s][info   ][gc,metaspace] GC(28) Metaspace: 30708K(34304K)->30708K(34304K) NonClass: 25346K(26880K)->25346K(26880K) Class: 5361K(7424K)->5361K(7424K)
[61.704s][info   ][gc          ] GC(28) Pause Full (System.gc()) 1806M->1806M(5633M) 1663.686ms
[63.388s][info   ][gc,metaspace] GC(29) Metaspace: 30708K(34304K)->30708K(34304K) NonClass: 25346K(26880K)->25346K(26880K) Class: 5361K(7424K)->5361K(7424K)
[63.388s][info   ][gc          ] GC(29) Pause Full (System.gc()) 1806M->1806M(5633M) 1683.766ms
[65.444s][info   ][gc,metaspace] GC(30) Metaspace: 30708K(34304K)->30708K(34304K) NonClass: 25346K(26880K)->25346K(26880K) Class: 5361K(7424K)->5361K(7424K)
[65.444s][info   ][gc          ] GC(30) Pause Full (System.gc()) 1806M->1806M(5633M) 2055.759ms
[67.169s][info   ][gc,metaspace] GC(31) Metaspace: 30708K(34304K)->30708K(34304K) NonClass: 25346K(26880K)->25346K(26880K) Class: 5361K(7424K)->5361K(7424K)
[67.169s][info   ][gc          ] GC(31) Pause Full (System.gc()) 1817M->1806M(5633M) 1723.891ms
[68.863s][info   ][gc,metaspace] GC(32) Metaspace: 30708K(34304K)->30708K(34304K) NonClass: 25346K(26880K)->25346K(26880K) Class: 5361K(7424K)->5361K(7424K)
[68.863s][info   ][gc          ] GC(32) Pause Full (System.gc()) 1806M->1806M(5633M) 1693.544ms
[70.516s][info   ][gc,metaspace] GC(33) Metaspace: 30708K(34304K)->30708K(34304K) NonClass: 25346K(26880K)->25346K(26880K) Class: 5361K(7424K)->5361K(7424K)
[70.516s][info   ][gc          ] GC(33) Pause Full (System.gc()) 1806M->1806M(5633M) 1653.590ms
[72.218s][info   ][gc,metaspace] GC(34) Metaspace: 30708K(34304K)->30708K(34304K) NonClass: 25346K(26880K)->25346K(26880K) Class: 5361K(7424K)->5361K(7424K)
[72.218s][info   ][gc          ] GC(34) Pause Full (System.gc()) 1806M->1806M(5633M) 1701.848ms
[73.903s][info   ][gc,metaspace] GC(35) Metaspace: 30708K(34304K)->30708K(34304K) NonClass: 25346K(26880K)->25346K(26880K) Class: 5361K(7424K)->5361K(7424K)
[73.903s][info   ][gc          ] GC(35) Pause Full (System.gc()) 1806M->1806M(5633M) 1684.544ms
[75.580s][info   ][gc,metaspace] GC(36) Metaspace: 30708K(34304K)->30708K(34304K) NonClass: 25346K(26880K)->25346K(26880K) Class: 5361K(7424K)->5361K(7424K)
[75.580s][info   ][gc          ] GC(36) Pause Full (System.gc()) 1806M->1806M(5633M) 1677.360ms
[77.285s][info   ][gc,metaspace] GC(37) Metaspace: 30708K(34304K)->30708K(34304K) NonClass: 25346K(26880K)->25346K(26880K) Class: 5361K(7424K)->5361K(7424K)
[77.285s][info   ][gc          ] GC(37) Pause Full (System.gc()) 1806M->1806M(5633M) 1704.257ms
[78.980s][info   ][gc,metaspace] GC(38) Metaspace: 30708K(34304K)->30708K(34304K) NonClass: 25346K(26880K)->25346K(26880K) Class: 5361K(7424K)->5361K(7424K)
[78.980s][info   ][gc          ] GC(38) Pause Full (System.gc()) 1806M->1806M(5633M) 1694.658ms
[80.636s][info   ][gc,metaspace] GC(39) Metaspace: 30708K(34304K)->30708K(34304K) NonClass: 25346K(26880K)->25346K(26880K) Class: 5361K(7424K)->5361K(7424K)
[80.636s][info   ][gc          ] GC(39) Pause Full (System.gc()) 1806M->1806M(5633M) 1656.202ms
[82.320s][info   ][gc,metaspace] GC(40) Metaspace: 30708K(34304K)->30708K(34304K) NonClass: 25346K(26880K)->25346K(26880K) Class: 5361K(7424K)->5361K(7424K)
[82.320s][info   ][gc          ] GC(40) Pause Full (System.gc()) 1806M->1806M(5633M) 1683.080ms
[84.030s][info   ][gc,metaspace] GC(41) Metaspace: 30708K(34304K)->30708K(34304K) NonClass: 25346K(26880K)->25346K(26880K) Class: 5361K(7424K)->5361K(7424K)
[84.030s][info   ][gc          ] GC(41) Pause Full (System.gc()) 1806M->1806M(5633M) 1710.433ms
[85.678s][info   ][gc,metaspace] GC(42) Metaspace: 30708K(34304K)->30708K(34304K) NonClass: 25346K(26880K)->25346K(26880K) Class: 5361K(7424K)->5361K(7424K)
[85.678s][info   ][gc          ] GC(42) Pause Full (System.gc()) 1806M->1806M(5633M) 1647.523ms
[87.367s][info   ][gc,metaspace] GC(43) Metaspace: 30708K(34304K)->30708K(34304K) NonClass: 25346K(26880K)->25346K(26880K) Class: 5361K(7424K)->5361K(7424K)
[87.367s][info   ][gc          ] GC(43) Pause Full (System.gc()) 1806M->1806M(5633M) 1688.240ms
[89.059s][info   ][gc,metaspace] GC(44) Metaspace: 30708K(34304K)->30708K(34304K) NonClass: 25346K(26880K)->25346K(26880K) Class: 5361K(7424K)->5361K(7424K)
[89.059s][info   ][gc          ] GC(44) Pause Full (System.gc()) 1806M->1806M(5633M) 1692.172ms
[90.758s][info   ][gc,metaspace] GC(45) Metaspace: 30708K(34304K)->30708K(34304K) NonClass: 25346K(26880K)->25346K(26880K) Class: 5361K(7424K)->5361K(7424K)
[90.758s][info   ][gc          ] GC(45) Pause Full (System.gc()) 1806M->1806M(5633M) 1698.944ms
[92.427s][info   ][gc,metaspace] GC(46) Metaspace: 30708K(34304K)->30708K(34304K) NonClass: 25346K(26880K)->25346K(26880K) Class: 5361K(7424K)->5361K(7424K)
[92.427s][info   ][gc          ] GC(46) Pause Full (System.gc()) 1806M->1806M(5633M) 1668.785ms
[94.118s][info   ][gc,metaspace] GC(47) Metaspace: 30708K(34304K)->30708K(34304K) NonClass: 25346K(26880K)->25346K(26880K) Class: 5361K(7424K)->5361K(7424K)
[94.118s][info   ][gc          ] GC(47) Pause Full (System.gc()) 1806M->1806M(5633M) 1690.478ms
[95.813s][info   ][gc,metaspace] GC(48) Metaspace: 30708K(34304K)->30708K(34304K) NonClass: 25346K(26880K)->25346K(26880K) Class: 5361K(7424K)->5361K(7424K)
[95.813s][info   ][gc          ] GC(48) Pause Full (System.gc()) 1806M->1806M(5633M) 1695.423ms
[97.460s][info   ][gc,metaspace] GC(49) Metaspace: 30708K(34304K)->30708K(34304K) NonClass: 25346K(26880K)->25346K(26880K) Class: 5361K(7424K)->5361K(7424K)
[97.460s][info   ][gc          ] GC(49) Pause Full (System.gc()) 1806M->1806M(5633M) 1646.196ms
[99.163s][info   ][gc,metaspace] GC(50) Metaspace: 30708K(34304K)->30708K(34304K) NonClass: 25346K(26880K)->25346K(26880K) Class: 5361K(7424K)->5361K(7424K)
[99.163s][info   ][gc          ] GC(50) Pause Full (System.gc()) 1806M->1806M(5633M) 1702.565ms
[100.843s][info   ][gc,metaspace] GC(51) Metaspace: 30708K(34304K)->30708K(34304K) NonClass: 25346K(26880K)->25346K(26880K) Class: 5361K(7424K)->5361K(7424K)
[100.843s][info   ][gc          ] GC(51) Pause Full (System.gc()) 1806M->1806M(5633M) 1680.322ms
[102.484s][info   ][gc,metaspace] GC(52) Metaspace: 30708K(34304K)->30708K(34304K) NonClass: 25346K(26880K)->25346K(26880K) Class: 5361K(7424K)->5361K(7424K)
[102.484s][info   ][gc          ] GC(52) Pause Full (System.gc()) 1806M->1806M(5633M) 1640.063ms
[104.197s][info   ][gc,metaspace] GC(53) Metaspace: 30708K(34304K)->30708K(34304K) NonClass: 25346K(26880K)->25346K(26880K) Class: 5361K(7424K)->5361K(7424K)
[104.197s][info   ][gc          ] GC(53) Pause Full (System.gc()) 1806M->1806M(5633M) 1712.781ms
[105.883s][info   ][gc,metaspace] GC(54) Metaspace: 30708K(34304K)->30708K(34304K) NonClass: 25346K(26880K)->25346K(26880K) Class: 5361K(7424K)->5361K(7424K)
[105.883s][info   ][gc          ] GC(54) Pause Full (System.gc()) 1806M->1806M(5633M) 1685.334ms
[107.522s][info   ][gc,metaspace] GC(55) Metaspace: 30708K(34304K)->30708K(34304K) NonClass: 25346K(26880K)->25346K(26880K) Class: 5361K(7424K)->5361K(7424K)
[107.522s][info   ][gc          ] GC(55) Pause Full (System.gc()) 1806M->1806M(5633M) 1639.409ms
[109.214s][info   ][gc,metaspace] GC(56) Metaspace: 30708K(34304K)->30708K(34304K) NonClass: 25346K(26880K)->25346K(26880K) Class: 5361K(7424K)->5361K(7424K)
[109.214s][info   ][gc          ] GC(56) Pause Full (System.gc()) 1806M->1806M(5633M) 1691.392ms
[110.898s][info   ][gc,metaspace] GC(57) Metaspace: 30708K(34304K)->30708K(34304K) NonClass: 25346K(26880K)->25346K(26880K) Class: 5361K(7424K)->5361K(7424K)
[110.898s][info   ][gc          ] GC(57) Pause Full (System.gc()) 1806M->1806M(5633M) 1683.924ms
[112.541s][info   ][gc,metaspace] GC(58) Metaspace: 30708K(34304K)->30708K(34304K) NonClass: 25346K(26880K)->25346K(26880K) Class: 5361K(7424K)->5361K(7424K)
[112.541s][info   ][gc          ] GC(58) Pause Full (System.gc()) 1806M->1806M(5633M) 1642.488ms
[114.242s][info   ][gc,metaspace] GC(59) Metaspace: 30708K(34304K)->30708K(34304K) NonClass: 25346K(26880K)->25346K(26880K) Class: 5361K(7424K)->5361K(7424K)
[114.242s][info   ][gc          ] GC(59) Pause Full (System.gc()) 1806M->1806M(5633M) 1700.839ms
[115.936s][info   ][gc,metaspace] GC(60) Metaspace: 30708K(34304K)->30708K(34304K) NonClass: 25346K(26880K)->25346K(26880K) Class: 5361K(7424K)->5361K(7424K)
[115.936s][info   ][gc          ] GC(60) Pause Full (System.gc()) 1806M->1806M(5633M) 1694.377ms
[117.600s][info   ][gc,metaspace] GC(61) Metaspace: 30708K(34304K)->30708K(34304K) NonClass: 25346K(26880K)->25346K(26880K) Class: 5361K(7424K)->5361K(7424K)
[117.600s][info   ][gc          ] GC(61) Pause Full (System.gc()) 1806M->1806M(5633M) 1662.777ms
[119.285s][info   ][gc,metaspace] GC(62) Metaspace: 30708K(34304K)->30708K(34304K) NonClass: 25346K(26880K)->25346K(26880K) Class: 5361K(7424K)->5361K(7424K)
[119.285s][info   ][gc          ] GC(62) Pause Full (System.gc()) 1806M->1806M(5633M) 1684.865ms
[120.967s][info   ][gc,metaspace] GC(63) Metaspace: 30708K(34304K)->30708K(34304K) NonClass: 25346K(26880K)->25346K(26880K) Class: 5361K(7424K)->5361K(7424K)
[120.967s][info   ][gc          ] GC(63) Pause Full (System.gc()) 1806M->1806M(5633M) 1681.992ms
[122.623s][info   ][gc,metaspace] GC(64) Metaspace: 30708K(34304K)->30708K(34304K) NonClass: 25346K(26880K)->25346K(26880K) Class: 5361K(7424K)->5361K(7424K)
[122.623s][info   ][gc          ] GC(64) Pause Full (System.gc()) 1806M->1806M(5633M) 1656.362ms
[124.321s][info   ][gc,metaspace] GC(65) Metaspace: 30708K(34304K)->30708K(34304K) NonClass: 25346K(26880K)->25346K(26880K) Class: 5361K(7424K)->5361K(7424K)
[124.321s][info   ][gc          ] GC(65) Pause Full (System.gc()) 1806M->1806M(5633M) 1697.139ms
[126.011s][info   ][gc,metaspace] GC(66) Metaspace: 30708K(34304K)->30708K(34304K) NonClass: 25346K(26880K)->25346K(26880K) Class: 5361K(7424K)->5361K(7424K)
[126.012s][info   ][gc          ] GC(66) Pause Full (System.gc()) 1806M->1806M(5633M) 1690.934ms
After GCs... 
