[0.001s][warning][pagesize] UseLargePages disabled, no large pages configured and available on the system.
[0.001s][info   ][metaspace]  - commit_granule_bytes: 65536.
[0.001s][info   ][metaspace]  - commit_granule_words: 8192.
[0.001s][info   ][metaspace]  - virtual_space_node_default_size: 8388608.
[0.001s][info   ][metaspace]  - enlarge_chunks_in_place: 1.
[0.001s][info   ][metaspace]  - use_allocation_guard: 0.
[0.002s][info   ][gc       ] Using Parallel
[0.376s][info   ][metaspace] Reserving compressed class space anywhere
[0.376s][info   ][gc,metaspace] CDS archive(s) not mapped
[0.376s][info   ][gc,metaspace] Compressed class space mapped at: 0x000000001e000000-0x00000000de000000, reserved size: 3221225472
[0.376s][info   ][gc,metaspace] UseCompressedClassPointers 1, UseCompactObjectHeaders 0, narrow klass pointer bits 32, max shift 3
[0.376s][info   ][gc,metaspace] Narrow klass base: 0x0000000000000000, Narrow klass shift: 0, Narrow klass range: 0xde000000
Random Seed: 12345678
Num Classes: 4096
Num Objects: 67108864
Percent IK Objects: 83.0%)
Percent OAK Objects: 5.0%)
Percent TAK Objects: 12.0%)
Cycles: 50
Loading 4096 pre-generated classes ...
Materialize pre-generated constructors ...
Creating objects...
[0.860s][info   ][gc,metaspace] GC(0) Metaspace: 15676K(15936K)->15676K(15936K) NonClass: 12462K(12608K)->12462K(12608K) Class: 3214K(3328K)->3214K(3328K)
[0.860s][info   ][gc          ] GC(0) Pause Full (System.gc()) 122M->5M(5888M) 10.065ms
[5.197s][info   ][gc,metaspace] GC(1) Metaspace: 30705K(34304K)->30705K(34304K) NonClass: 25343K(26880K)->25343K(26880K) Class: 5361K(7424K)->5361K(7424K)
[5.198s][info   ][gc          ] GC(1) Pause Young (Allocation Failure) 1541M->357M(5888M) 194.488ms
[9.485s][info   ][gc,metaspace] GC(2) Metaspace: 30707K(34304K)->30707K(34304K) NonClass: 25346K(26880K)->25346K(26880K) Class: 5361K(7424K)->5361K(7424K)
[9.485s][info   ][gc          ] GC(2) Pause Young (Allocation Failure) 1893M->496M(5888M) 203.276ms
[13.874s][info   ][gc,metaspace] GC(3) Metaspace: 30707K(34304K)->30707K(34304K) NonClass: 25346K(26880K)->25346K(26880K) Class: 5361K(7424K)->5361K(7424K)
[13.874s][info   ][gc          ] GC(3) Pause Young (Allocation Failure) 2032M->635M(5888M) 282.007ms
[18.282s][info   ][gc,metaspace] GC(4) Metaspace: 30707K(34304K)->30707K(34304K) NonClass: 25346K(26880K)->25346K(26880K) Class: 5361K(7424K)->5361K(7424K)
[18.282s][info   ][gc          ] GC(4) Pause Young (Allocation Failure) 2171M->774M(5888M) 292.969ms
[22.745s][info   ][gc,metaspace] GC(5) Metaspace: 30707K(34304K)->30707K(34304K) NonClass: 25346K(26880K)->25346K(26880K) Class: 5361K(7424K)->5361K(7424K)
[22.745s][info   ][gc          ] GC(5) Pause Young (Allocation Failure) 2310M->913M(5888M) 317.985ms
[25.876s][info   ][gc,metaspace] GC(6) Metaspace: 30707K(34304K)->30707K(34304K) NonClass: 25346K(26880K)->25346K(26880K) Class: 5361K(7424K)->5361K(7424K)
[25.876s][info   ][gc          ] GC(6) Pause Young (Allocation Failure) 2449M->1052M(5265M) 296.257ms
[27.381s][info   ][gc,metaspace] GC(7) Metaspace: 30707K(34304K)->30707K(34304K) NonClass: 25346K(26880K)->25346K(26880K) Class: 5361K(7424K)->5361K(7424K)
[27.381s][info   ][gc          ] GC(7) Pause Young (Allocation Failure) 1965M->1135M(5124M) 227.653ms
[28.626s][info   ][gc,metaspace] GC(8) Metaspace: 30707K(34304K)->30707K(34304K) NonClass: 25346K(26880K)->25346K(26880K) Class: 5361K(7424K)->5361K(7424K)
[28.626s][info   ][gc          ] GC(8) Pause Young (Allocation Failure) 2048M->1217M(5585M) 158.550ms
[30.016s][info   ][gc,metaspace] GC(9) Metaspace: 30707K(34304K)->30707K(34304K) NonClass: 25346K(26880K)->25346K(26880K) Class: 5361K(7424K)->5361K(7424K)
[30.016s][info   ][gc          ] GC(9) Pause Young (Allocation Failure) 2130M->1300M(5568M) 204.157ms
[31.394s][info   ][gc,metaspace] GC(10) Metaspace: 30707K(34304K)->30707K(34304K) NonClass: 25346K(26880K)->25346K(26880K) Class: 5361K(7424K)->5361K(7424K)
[31.394s][info   ][gc          ] GC(10) Pause Young (Allocation Failure) 2213M->1383M(5619M) 222.574ms
[32.656s][info   ][gc,metaspace] GC(11) Metaspace: 30707K(34304K)->30707K(34304K) NonClass: 25346K(26880K)->25346K(26880K) Class: 5361K(7424K)->5361K(7424K)
[32.656s][info   ][gc          ] GC(11) Pause Young (Allocation Failure) 2373M->1472M(5611M) 181.948ms
[34.004s][info   ][gc,metaspace] GC(12) Metaspace: 30707K(34304K)->30707K(34304K) NonClass: 25346K(26880K)->25346K(26880K) Class: 5361K(7424K)->5361K(7424K)
[34.004s][info   ][gc          ] GC(12) Pause Young (Allocation Failure) 2462M->1562M(5618M) 143.990ms
[35.277s][info   ][gc,metaspace] GC(13) Metaspace: 30707K(34304K)->30707K(34304K) NonClass: 25346K(26880K)->25346K(26880K) Class: 5361K(7424K)->5361K(7424K)
[35.277s][info   ][gc          ] GC(13) Pause Young (Allocation Failure) 2556M->1652M(5616M) 145.533ms
[36.572s][info   ][gc,metaspace] GC(14) Metaspace: 30707K(34304K)->30707K(34304K) NonClass: 25346K(26880K)->25346K(26880K) Class: 5361K(7424K)->5361K(7424K)
[36.572s][info   ][gc          ] GC(14) Pause Young (Allocation Failure) 2646M->1742M(5633M) 144.587ms
67108864 Objects created
 - IK: 55699211 (82.99829%)
 - OAK: 3355627 (5.0002737%)
 - TAK: 8054026 (12.001434%)
Preparatory GC...
[39.916s][info   ][gc,metaspace] GC(15) Metaspace: 30708K(34304K)->30708K(34304K) NonClass: 25346K(26880K)->25346K(26880K) Class: 5361K(7424K)->5361K(7424K)
[39.916s][info   ][gc          ] GC(15) Pause Full (System.gc()) 2535M->1806M(5633M) 2410.505ms
[41.595s][info   ][gc,metaspace] GC(16) Metaspace: 30708K(34304K)->30708K(34304K) NonClass: 25346K(26880K)->25346K(26880K) Class: 5361K(7424K)->5361K(7424K)
[41.595s][info   ][gc          ] GC(16) Pause Full (System.gc()) 1806M->1806M(5633M) 1678.859ms
Done; will start GCs... 
[43.279s][info   ][gc,metaspace] GC(17) Metaspace: 30708K(34304K)->30708K(34304K) NonClass: 25346K(26880K)->25346K(26880K) Class: 5361K(7424K)->5361K(7424K)
[43.279s][info   ][gc          ] GC(17) Pause Full (System.gc()) 1827M->1806M(5633M) 1682.964ms
[44.968s][info   ][gc,metaspace] GC(18) Metaspace: 30708K(34304K)->30708K(34304K) NonClass: 25346K(26880K)->25346K(26880K) Class: 5361K(7424K)->5361K(7424K)
[44.968s][info   ][gc          ] GC(18) Pause Full (System.gc()) 1806M->1806M(5633M) 1689.706ms
[46.629s][info   ][gc,metaspace] GC(19) Metaspace: 30708K(34304K)->30708K(34304K) NonClass: 25346K(26880K)->25346K(26880K) Class: 5361K(7424K)->5361K(7424K)
[46.629s][info   ][gc          ] GC(19) Pause Full (System.gc()) 1806M->1806M(5633M) 1660.179ms
[48.311s][info   ][gc,metaspace] GC(20) Metaspace: 30708K(34304K)->30708K(34304K) NonClass: 25346K(26880K)->25346K(26880K) Class: 5361K(7424K)->5361K(7424K)
[48.311s][info   ][gc          ] GC(20) Pause Full (System.gc()) 1806M->1806M(5633M) 1681.766ms
[49.997s][info   ][gc,metaspace] GC(21) Metaspace: 30708K(34304K)->30708K(34304K) NonClass: 25346K(26880K)->25346K(26880K) Class: 5361K(7424K)->5361K(7424K)
[49.997s][info   ][gc          ] GC(21) Pause Full (System.gc()) 1806M->1806M(5633M) 1686.272ms
[51.642s][info   ][gc,metaspace] GC(22) Metaspace: 30708K(34304K)->30708K(34304K) NonClass: 25346K(26880K)->25346K(26880K) Class: 5361K(7424K)->5361K(7424K)
[51.642s][info   ][gc          ] GC(22) Pause Full (System.gc()) 1806M->1806M(5633M) 1644.121ms
[53.327s][info   ][gc,metaspace] GC(23) Metaspace: 30708K(34304K)->30708K(34304K) NonClass: 25346K(26880K)->25346K(26880K) Class: 5361K(7424K)->5361K(7424K)
[53.327s][info   ][gc          ] GC(23) Pause Full (System.gc()) 1806M->1806M(5633M) 1685.123ms
[55.007s][info   ][gc,metaspace] GC(24) Metaspace: 30708K(34304K)->30708K(34304K) NonClass: 25346K(26880K)->25346K(26880K) Class: 5361K(7424K)->5361K(7424K)
[55.007s][info   ][gc          ] GC(24) Pause Full (System.gc()) 1806M->1806M(5633M) 1679.649ms
[56.660s][info   ][gc,metaspace] GC(25) Metaspace: 30708K(34304K)->30708K(34304K) NonClass: 25346K(26880K)->25346K(26880K) Class: 5361K(7424K)->5361K(7424K)
[56.660s][info   ][gc          ] GC(25) Pause Full (System.gc()) 1806M->1806M(5633M) 1653.351ms
[58.347s][info   ][gc,metaspace] GC(26) Metaspace: 30708K(34304K)->30708K(34304K) NonClass: 25346K(26880K)->25346K(26880K) Class: 5361K(7424K)->5361K(7424K)
[58.347s][info   ][gc          ] GC(26) Pause Full (System.gc()) 1806M->1806M(5633M) 1686.636ms
[60.041s][info   ][gc,metaspace] GC(27) Metaspace: 30708K(34304K)->30708K(34304K) NonClass: 25346K(26880K)->25346K(26880K) Class: 5361K(7424K)->5361K(7424K)
[60.041s][info   ][gc          ] GC(27) Pause Full (System.gc()) 1806M->1806M(5633M) 1693.513ms
[61.704s][info   ][gc,metaspace] GC(28) Metaspace: 30708K(34304K)->30708K(34304K) NonClass: 25346K(26880K)->25346K(26880K) Class: 5361K(7424K)->5361K(7424K)
[61.704s][info   ][gc          ] GC(28) Pause Full (System.gc()) 1806M->1806M(5633M) 1663.686ms
[63.388s][info   ][gc,metaspace] GC(29) Metaspace: 30708K(34304K)->30708K(34304K) NonClass: 25346K(26880K)->25346K(26880K) Class: 5361K(7424K)->5361K(7424K)
[63.388s][info   ][gc          ] GC(29) Pause Full (System.gc()) 1806M->1806M(5633M) 1683.766ms
[65.444s][info   ][gc,metaspace] GC(30) Metaspace: 30708K(34304K)->30708K(34304K) NonClass: 25346K(26880K)->25346K(26880K) Class: 5361K(7424K)->5361K(7424K)
[65.444s][info   ][gc          ] GC(30) Pause Full (System.gc()) 1806M->1806M(5633M) 2055.759ms
[67.169s][info   ][gc,metaspace] GC(31) Metaspace: 30708K(34304K)->30708K(34304K) NonClass: 25346K(26880K)->25346K(26880K) Class: 5361K(7424K)->5361K(7424K)
[67.169s][info   ][gc          ] GC(31) Pause Full (System.gc()) 1817M->1806M(5633M) 1723.891ms
[68.863s][info   ][gc,metaspace] GC(32) Metaspace: 30708K(34304K)->30708K(34304K) NonClass: 25346K(26880K)->25346K(26880K) Class: 5361K(7424K)->5361K(7424K)
[68.863s][info   ][gc          ] GC(32) Pause Full (System.gc()) 1806M->1806M(5633M) 1693.544ms
[70.516s][info   ][gc,metaspace] GC(33) Metaspace: 30708K(34304K)->30708K(34304K) NonClass: 25346K(26880K)->25346K(26880K) Class: 5361K(7424K)->5361K(7424K)
[70.516s][info   ][gc          ] GC(33) Pause Full (System.gc()) 1806M->1806M(5633M) 1653.590ms
[72.218s][info   ][gc,metaspace] GC(34) Metaspace: 30708K(34304K)->30708K(34304K) NonClass: 25346K(26880K)->25346K(26880K) Class: 5361K(7424K)->5361K(7424K)
[72.218s][info   ][gc          ] GC(34) Pause Full (System.gc()) 1806M->1806M(5633M) 1701.848ms
[73.903s][info   ][gc,metaspace] GC(35) Metaspace: 30708K(34304K)->30708K(34304K) NonClass: 25346K(26880K)->25346K(26880K) Class: 5361K(7424K)->5361K(7424K)
[73.903s][info   ][gc          ] GC(35) Pause Full (System.gc()) 1806M->1806M(5633M) 1684.544ms
[75.580s][info   ][gc,metaspace] GC(36) Metaspace: 30708K(34304K)->30708K(34304K) NonClass: 25346K(26880K)->25346K(26880K) Class: 5361K(7424K)->5361K(7424K)
[75.580s][info   ][gc          ] GC(36) Pause Full (System.gc()) 1806M->1806M(5633M) 1677.360ms
[77.285s][info   ][gc,metaspace] GC(37) Metaspace: 30708K(34304K)->30708K(34304K) NonClass: 25346K(26880K)->25346K(26880K) Class: 5361K(7424K)->5361K(7424K)
[77.285s][info   ][gc          ] GC(37) Pause Full (System.gc()) 1806M->1806M(5633M) 1704.257ms
[78.980s][info   ][gc,metaspace] GC(38) Metaspace: 30708K(34304K)->30708K(34304K) NonClass: 25346K(26880K)->25346K(26880K) Class: 5361K(7424K)->5361K(7424K)
[78.980s][info   ][gc          ] GC(38) Pause Full (System.gc()) 1806M->1806M(5633M) 1694.658ms
[80.636s][info   ][gc,metaspace] GC(39) Metaspace: 30708K(34304K)->30708K(34304K) NonClass: 25346K(26880K)->25346K(26880K) Class: 5361K(7424K)->5361K(7424K)
[80.636s][info   ][gc          ] GC(39) Pause Full (System.gc()) 1806M->1806M(5633M) 1656.202ms
[82.320s][info   ][gc,metaspace] GC(40) Metaspace: 30708K(34304K)->30708K(34304K) NonClass: 25346K(26880K)->25346K(26880K) Class: 5361K(7424K)->5361K(7424K)
[82.320s][info   ][gc          ] GC(40) Pause Full (System.gc()) 1806M->1806M(5633M) 1683.080ms
[84.030s][info   ][gc,metaspace] GC(41) Metaspace: 30708K(34304K)->30708K(34304K) NonClass: 25346K(26880K)->25346K(26880K) Class: 5361K(7424K)->5361K(7424K)
[84.030s][info   ][gc          ] GC(41) Pause Full (System.gc()) 1806M->1806M(5633M) 1710.433ms
[85.678s][info   ][gc,metaspace] GC(42) Metaspace: 30708K(34304K)->30708K(34304K) NonClass: 25346K(26880K)->25346K(26880K) Class: 5361K(7424K)->5361K(7424K)
[85.678s][info   ][gc          ] GC(42) Pause Full (System.gc()) 1806M->1806M(5633M) 1647.523ms
[87.367s][info   ][gc,metaspace] GC(43) Metaspace: 30708K(34304K)->30708K(34304K) NonClass: 25346K(26880K)->25346K(26880K) Class: 5361K(7424K)->5361K(7424K)
[87.367s][info   ][gc          ] GC(43) Pause Full (System.gc()) 1806M->1806M(5633M) 1688.240ms
[89.059s][info   ][gc,metaspace] GC(44) Metaspace: 30708K(34304K)->30708K(34304K) NonClass: 25346K(26880K)->25346K(26880K) Class: 5361K(7424K)->5361K(7424K)
[89.059s][info   ][gc          ] GC(44) Pause Full (System.gc()) 1806M->1806M(5633M) 1692.172ms
[90.758s][info   ][gc,metaspace] GC(45) Metaspace: 30708K(34304K)->30708K(34304K) NonClass: 25346K(26880K)->25346K(26880K) Class: 5361K(7424K)->5361K(7424K)
[90.758s][info   ][gc          ] GC(45) Pause Full (System.gc()) 1806M->1806M(5633M) 1698.944ms
[92.427s][info   ][gc,metaspace] GC(46) Metaspace: 30708K(34304K)->30708K(34304K) NonClass: 25346K(26880K)->25346K(26880K) Class: 5361K(7424K)->5361K(7424K)
[92.427s][info   ][gc          ] GC(46) Pause Full (System.gc()) 1806M->1806M(5633M) 1668.785ms
[94.118s][info   ][gc,metaspace] GC(47) Metaspace: 30708K(34304K)->30708K(34304K) NonClass: 25346K(26880K)->25346K(26880K) Class: 5361K(7424K)->5361K(7424K)
[94.118s][info   ][gc          ] GC(47) Pause Full (System.gc()) 1806M->1806M(5633M) 1690.478ms
[95.813s][info   ][gc,metaspace] GC(48) Metaspace: 30708K(34304K)->30708K(34304K) NonClass: 25346K(26880K)->25346K(26880K) Class: 5361K(7424K)->5361K(7424K)
[95.813s][info   ][gc          ] GC(48) Pause Full (System.gc()) 1806M->1806M(5633M) 1695.423ms
[97.460s][info   ][gc,metaspace] GC(49) Metaspace: 30708K(34304K)->30708K(34304K) NonClass: 25346K(26880K)->25346K(26880K) Class: 5361K(7424K)->5361K(7424K)
[97.460s][info   ][gc          ] GC(49) Pause Full (System.gc()) 1806M->1806M(5633M) 1646.196ms
[99.163s][info   ][gc,metaspace] GC(50) Metaspace: 30708K(34304K)->30708K(34304K) NonClass: 25346K(26880K)->25346K(26880K) Class: 5361K(7424K)->5361K(7424K)
[99.163s][info   ][gc          ] GC(50) Pause Full (System.gc()) 1806M->1806M(5633M) 1702.565ms
[100.843s][info   ][gc,metaspace] GC(51) Metaspace: 30708K(34304K)->30708K(34304K) NonClass: 25346K(26880K)->25346K(26880K) Class: 5361K(7424K)->5361K(7424K)
[100.843s][info   ][gc          ] GC(51) Pause Full (System.gc()) 1806M->1806M(5633M) 1680.322ms
[102.484s][info   ][gc,metaspace] GC(52) Metaspace: 30708K(34304K)->30708K(34304K) NonClass: 25346K(26880K)->25346K(26880K) Class: 5361K(7424K)->5361K(7424K)
[102.484s][info   ][gc          ] GC(52) Pause Full (System.gc()) 1806M->1806M(5633M) 1640.063ms
[104.197s][info   ][gc,metaspace] GC(53) Metaspace: 30708K(34304K)->30708K(34304K) NonClass: 25346K(26880K)->25346K(26880K) Class: 5361K(7424K)->5361K(7424K)
[104.197s][info   ][gc          ] GC(53) Pause Full (System.gc()) 1806M->1806M(5633M) 1712.781ms
[105.883s][info   ][gc,metaspace] GC(54) Metaspace: 30708K(34304K)->30708K(34304K) NonClass: 25346K(26880K)->25346K(26880K) Class: 5361K(7424K)->5361K(7424K)
[105.883s][info   ][gc          ] GC(54) Pause Full (System.gc()) 1806M->1806M(5633M) 1685.334ms
[107.522s][info   ][gc,metaspace] GC(55) Metaspace: 30708K(34304K)->30708K(34304K) NonClass: 25346K(26880K)->25346K(26880K) Class: 5361K(7424K)->5361K(7424K)
[107.522s][info   ][gc          ] GC(55) Pause Full (System.gc()) 1806M->1806M(5633M) 1639.409ms
[109.214s][info   ][gc,metaspace] GC(56) Metaspace: 30708K(34304K)->30708K(34304K) NonClass: 25346K(26880K)->25346K(26880K) Class: 5361K(7424K)->5361K(7424K)
[109.214s][info   ][gc          ] GC(56) Pause Full (System.gc()) 1806M->1806M(5633M) 1691.392ms
[110.898s][info   ][gc,metaspace] GC(57) Metaspace: 30708K(34304K)->30708K(34304K) NonClass: 25346K(26880K)->25346K(26880K) Class: 5361K(7424K)->5361K(7424K)
[110.898s][info   ][gc          ] GC(57) Pause Full (System.gc()) 1806M->1806M(5633M) 1683.924ms
[112.541s][info   ][gc,metaspace] GC(58) Metaspace: 30708K(34304K)->30708K(34304K) NonClass: 25346K(26880K)->25346K(26880K) Class: 5361K(7424K)->5361K(7424K)
[112.541s][info   ][gc          ] GC(58) Pause Full (System.gc()) 1806M->1806M(5633M) 1642.488ms
[114.242s][info   ][gc,metaspace] GC(59) Metaspace: 30708K(34304K)->30708K(34304K) NonClass: 25346K(26880K)->25346K(26880K) Class: 5361K(7424K)->5361K(7424K)
[114.242s][info   ][gc          ] GC(59) Pause Full (System.gc()) 1806M->1806M(5633M) 1700.839ms
[115.936s][info   ][gc,metaspace] GC(60) Metaspace: 30708K(34304K)->30708K(34304K) NonClass: 25346K(26880K)->25346K(26880K) Class: 5361K(7424K)->5361K(7424K)
[115.936s][info   ][gc          ] GC(60) Pause Full (System.gc()) 1806M->1806M(5633M) 1694.377ms
[117.600s][info   ][gc,metaspace] GC(61) Metaspace: 30708K(34304K)->30708K(34304K) NonClass: 25346K(26880K)->25346K(26880K) Class: 5361K(7424K)->5361K(7424K)
[117.600s][info   ][gc          ] GC(61) Pause Full (System.gc()) 1806M->1806M(5633M) 1662.777ms
[119.285s][info   ][gc,metaspace] GC(62) Metaspace: 30708K(34304K)->30708K(34304K) NonClass: 25346K(26880K)->25346K(26880K) Class: 5361K(7424K)->5361K(7424K)
[119.285s][info   ][gc          ] GC(62) Pause Full (System.gc()) 1806M->1806M(5633M) 1684.865ms
[120.967s][info   ][gc,metaspace] GC(63) Metaspace: 30708K(34304K)->30708K(34304K) NonClass: 25346K(26880K)->25346K(26880K) Class: 5361K(7424K)->5361K(7424K)
[120.967s][info   ][gc          ] GC(63) Pause Full (System.gc()) 1806M->1806M(5633M) 1681.992ms
[122.623s][info   ][gc,metaspace] GC(64) Metaspace: 30708K(34304K)->30708K(34304K) NonClass: 25346K(26880K)->25346K(26880K) Class: 5361K(7424K)->5361K(7424K)
[122.623s][info   ][gc          ] GC(64) Pause Full (System.gc()) 1806M->1806M(5633M) 1656.362ms
[124.321s][info   ][gc,metaspace] GC(65) Metaspace: 30708K(34304K)->30708K(34304K) NonClass: 25346K(26880K)->25346K(26880K) Class: 5361K(7424K)->5361K(7424K)
[124.321s][info   ][gc          ] GC(65) Pause Full (System.gc()) 1806M->1806M(5633M) 1697.139ms
[126.011s][info   ][gc,metaspace] GC(66) Metaspace: 30708K(34304K)->30708K(34304K) NonClass: 25346K(26880K)->25346K(26880K) Class: 5361K(7424K)->5361K(7424K)
[126.012s][info   ][gc          ] GC(66) Pause Full (System.gc()) 1806M->1806M(5633M) 1690.934ms
After GCs... 
