Done; will start GCs... 
[62.337s][info][gc,metaspace] GC(16) Metaspace: 89897K(103744K)->89897K(103744K) NonClass: 63148K(69056K)->63148K(69056K) Class: 26748K(34688K)->26748K(34688K)
[62.337s][info][gc          ] GC(16) Pause Full (System.gc()) 1624M->1602M(5680M) 1341.805ms
[63.550s][info][gc,metaspace] GC(17) Metaspace: 89897K(103744K)->89897K(103744K) NonClass: 63148K(69056K)->63148K(69056K) Class: 26748K(34688K)->26748K(34688K)
[63.550s][info][gc          ] GC(17) Pause Full (System.gc()) 1602M->1602M(5680M) 1208.535ms
[65.034s][info][gc,metaspace] GC(18) Metaspace: 89897K(103744K)->89897K(103744K) NonClass: 63148K(69056K)->63148K(69056K) Class: 26748K(34688K)->26748K(34688K)
[65.034s][info][gc          ] GC(18) Pause Full (System.gc()) 1602M->1602M(5680M) 1483.942ms
[66.325s][info][gc,metaspace] GC(19) Metaspace: 89897K(103744K)->89897K(103744K) NonClass: 63148K(69056K)->63148K(69056K) Class: 26748K(34688K)->26748K(34688K)
[66.325s][info][gc          ] GC(19) Pause Full (System.gc()) 1602M->1602M(5680M) 1290.253ms
[67.618s][info][gc,metaspace] GC(20) Metaspace: 89897K(103744K)->89897K(103744K) NonClass: 63148K(69056K)->63148K(69056K) Class: 26748K(34688K)->26748K(34688K)
[67.618s][info][gc          ] GC(20) Pause Full (System.gc()) 1613M->1602M(5680M) 1293.082ms
[68.809s][info][gc,metaspace] GC(21) Metaspace: 89897K(103744K)->89897K(103744K) NonClass: 63148K(69056K)->63148K(69056K) Class: 26748K(34688K)->26748K(34688K)
[68.809s][info][gc          ] GC(21) Pause Full (System.gc()) 1602M->1602M(5680M) 1191.574ms
[69.987s][info][gc,metaspace] GC(22) Metaspace: 89897K(103744K)->89897K(103744K) NonClass: 63148K(69056K)->63148K(69056K) Class: 26748K(34688K)->26748K(34688K)
[69.987s][info][gc          ] GC(22) Pause Full (System.gc()) 1602M->1602M(5680M) 1176.995ms
[71.224s][info][gc,metaspace] GC(23) Metaspace: 89897K(103744K)->89897K(103744K) NonClass: 63148K(69056K)->63148K(69056K) Class: 26748K(34688K)->26748K(34688K)
[71.224s][info][gc          ] GC(23) Pause Full (System.gc()) 1602M->1602M(5680M) 1237.131ms
[72.530s][info][gc,metaspace] GC(24) Metaspace: 89897K(103744K)->89897K(103744K) NonClass: 63148K(69056K)->63148K(69056K) Class: 26748K(34688K)->26748K(34688K)
[72.530s][info][gc          ] GC(24) Pause Full (System.gc()) 1602M->1602M(5680M) 1306.370ms
[73.751s][info][gc,metaspace] GC(25) Metaspace: 89897K(103744K)->89897K(103744K) NonClass: 63148K(69056K)->63148K(69056K) Class: 26748K(34688K)->26748K(34688K)
[73.751s][info][gc          ] GC(25) Pause Full (System.gc()) 1602M->1602M(5680M) 1220.568ms
[75.044s][info][gc,metaspace] GC(26) Metaspace: 89897K(103744K)->89897K(103744K) NonClass: 63148K(69056K)->63148K(69056K) Class: 26748K(34688K)->26748K(34688K)
[75.044s][info][gc          ] GC(26) Pause Full (System.gc()) 1602M->1602M(5680M) 1292.573ms
[76.231s][info][gc,metaspace] GC(27) Metaspace: 89897K(103744K)->89897K(103744K) NonClass: 63148K(69056K)->63148K(69056K) Class: 26748K(34688K)->26748K(34688K)
[76.231s][info][gc          ] GC(27) Pause Full (System.gc()) 1602M->1602M(5680M) 1186.988ms
[77.553s][info][gc,metaspace] GC(28) Metaspace: 89897K(103744K)->89897K(103744K) NonClass: 63148K(69056K)->63148K(69056K) Class: 26748K(34688K)->26748K(34688K)
[77.554s][info][gc          ] GC(28) Pause Full (System.gc()) 1602M->1602M(5680M) 1322.713ms
[78.729s][info][gc,metaspace] GC(29) Metaspace: 89897K(103744K)->89897K(103744K) NonClass: 63148K(69056K)->63148K(69056K) Class: 26748K(34688K)->26748K(34688K)
[78.729s][info][gc          ] GC(29) Pause Full (System.gc()) 1602M->1602M(5680M) 1175.307ms
[80.020s][info][gc,metaspace] GC(30) Metaspace: 89897K(103744K)->89897K(103744K) NonClass: 63148K(69056K)->63148K(69056K) Class: 26748K(34688K)->26748K(34688K)
[80.020s][info][gc          ] GC(30) Pause Full (System.gc()) 1602M->1602M(5680M) 1291.155ms
[81.190s][info][gc,metaspace] GC(31) Metaspace: 89897K(103744K)->89897K(103744K) NonClass: 63148K(69056K)->63148K(69056K) Class: 26748K(34688K)->26748K(34688K)
[81.190s][info][gc          ] GC(31) Pause Full (System.gc()) 1602M->1602M(5680M) 1170.020ms
[82.397s][info][gc,metaspace] GC(32) Metaspace: 89897K(103744K)->89897K(103744K) NonClass: 63148K(69056K)->63148K(69056K) Class: 26748K(34688K)->26748K(34688K)
[82.397s][info][gc          ] GC(32) Pause Full (System.gc()) 1602M->1602M(5680M) 1206.878ms
[83.635s][info][gc,metaspace] GC(33) Metaspace: 89897K(103744K)->89897K(103744K) NonClass: 63148K(69056K)->63148K(69056K) Class: 26748K(34688K)->26748K(34688K)
[83.635s][info][gc          ] GC(33) Pause Full (System.gc()) 1602M->1602M(5680M) 1237.538ms
[84.817s][info][gc,metaspace] GC(34) Metaspace: 89897K(103744K)->89897K(103744K) NonClass: 63148K(69056K)->63148K(69056K) Class: 26748K(34688K)->26748K(34688K)
[84.817s][info][gc          ] GC(34) Pause Full (System.gc()) 1602M->1602M(5680M) 1181.763ms
[85.984s][info][gc,metaspace] GC(35) Metaspace: 89897K(103744K)->89897K(103744K) NonClass: 63148K(69056K)->63148K(69056K) Class: 26748K(34688K)->26748K(34688K)
[85.985s][info][gc          ] GC(35) Pause Full (System.gc()) 1602M->1602M(5680M) 1167.660ms
[87.312s][info][gc,metaspace] GC(36) Metaspace: 89897K(103744K)->89897K(103744K) NonClass: 63148K(69056K)->63148K(69056K) Class: 26748K(34688K)->26748K(34688K)
[87.312s][info][gc          ] GC(36) Pause Full (System.gc()) 1602M->1602M(5680M) 1326.941ms
[88.538s][info][gc,metaspace] GC(37) Metaspace: 89897K(103744K)->89897K(103744K) NonClass: 63148K(69056K)->63148K(69056K) Class: 26748K(34688K)->26748K(34688K)
[88.538s][info][gc          ] GC(37) Pause Full (System.gc()) 1602M->1602M(5680M) 1226.688ms
[89.712s][info][gc,metaspace] GC(38) Metaspace: 89897K(103744K)->89897K(103744K) NonClass: 63148K(69056K)->63148K(69056K) Class: 26748K(34688K)->26748K(34688K)
[89.712s][info][gc          ] GC(38) Pause Full (System.gc()) 1602M->1602M(5680M) 1173.124ms
[91.018s][info][gc,metaspace] GC(39) Metaspace: 89897K(103744K)->89897K(103744K) NonClass: 63148K(69056K)->63148K(69056K) Class: 26748K(34688K)->26748K(34688K)
[91.018s][info][gc          ] GC(39) Pause Full (System.gc()) 1602M->1602M(5680M) 1306.181ms
[92.182s][info][gc,metaspace] GC(40) Metaspace: 89897K(103744K)->89897K(103744K) NonClass: 63148K(69056K)->63148K(69056K) Class: 26748K(34688K)->26748K(34688K)
[92.182s][info][gc          ] GC(40) Pause Full (System.gc()) 1602M->1602M(5680M) 1164.189ms
[93.356s][info][gc,metaspace] GC(41) Metaspace: 89897K(103744K)->89897K(103744K) NonClass: 63148K(69056K)->63148K(69056K) Class: 26748K(34688K)->26748K(34688K)
[93.356s][info][gc          ] GC(41) Pause Full (System.gc()) 1602M->1602M(5680M) 1173.521ms
[94.523s][info][gc,metaspace] GC(42) Metaspace: 89897K(103744K)->89897K(103744K) NonClass: 63148K(69056K)->63148K(69056K) Class: 26748K(34688K)->26748K(34688K)
[94.523s][info][gc          ] GC(42) Pause Full (System.gc()) 1602M->1602M(5680M) 1166.872ms
[95.715s][info][gc,metaspace] GC(43) Metaspace: 89897K(103744K)->89897K(103744K) NonClass: 63148K(69056K)->63148K(69056K) Class: 26748K(34688K)->26748K(34688K)
[95.715s][info][gc          ] GC(43) Pause Full (System.gc()) 1602M->1602M(5680M) 1191.972ms
[96.881s][info][gc,metaspace] GC(44) Metaspace: 89897K(103744K)->89897K(103744K) NonClass: 63148K(69056K)->63148K(69056K) Class: 26748K(34688K)->26748K(34688K)
[96.881s][info][gc          ] GC(44) Pause Full (System.gc()) 1602M->1602M(5680M) 1166.353ms
[98.036s][info][gc,metaspace] GC(45) Metaspace: 89897K(103744K)->89897K(103744K) NonClass: 63148K(69056K)->63148K(69056K) Class: 26748K(34688K)->26748K(34688K)
[98.036s][info][gc          ] GC(45) Pause Full (System.gc()) 1602M->1602M(5680M) 1154.262ms
[99.239s][info][gc,metaspace] GC(46) Metaspace: 89897K(103744K)->89897K(103744K) NonClass: 63148K(69056K)->63148K(69056K) Class: 26748K(34688K)->26748K(34688K)
[99.239s][info][gc          ] GC(46) Pause Full (System.gc()) 1602M->1602M(5680M) 1203.382ms
[100.410s][info][gc,metaspace] GC(47) Metaspace: 89897K(103744K)->89897K(103744K) NonClass: 63148K(69056K)->63148K(69056K) Class: 26748K(34688K)->26748K(34688K)
[100.410s][info][gc          ] GC(47) Pause Full (System.gc()) 1602M->1602M(5680M) 1170.692ms
[101.599s][info][gc,metaspace] GC(48) Metaspace: 89897K(103744K)->89897K(103744K) NonClass: 63148K(69056K)->63148K(69056K) Class: 26748K(34688K)->26748K(34688K)
[101.599s][info][gc          ] GC(48) Pause Full (System.gc()) 1602M->1602M(5680M) 1189.258ms
[102.920s][info][gc,metaspace] GC(49) Metaspace: 89897K(103744K)->89897K(103744K) NonClass: 63148K(69056K)->63148K(69056K) Class: 26748K(34688K)->26748K(34688K)
[102.920s][info][gc          ] GC(49) Pause Full (System.gc()) 1602M->1602M(5680M) 1316.387ms
[104.095s][info][gc,metaspace] GC(50) Metaspace: 89897K(103744K)->89897K(103744K) NonClass: 63148K(69056K)->63148K(69056K) Class: 26748K(34688K)->26748K(34688K)
[104.095s][info][gc          ] GC(50) Pause Full (System.gc()) 1602M->1602M(5680M) 1174.941ms
[105.258s][info][gc,metaspace] GC(51) Metaspace: 89897K(103744K)->89897K(103744K) NonClass: 63148K(69056K)->63148K(69056K) Class: 26748K(34688K)->26748K(34688K)
[105.258s][info][gc          ] GC(51) Pause Full (System.gc()) 1602M->1602M(5680M) 1162.981ms
[106.553s][info][gc,metaspace] GC(52) Metaspace: 89897K(103744K)->89897K(103744K) NonClass: 63148K(69056K)->63148K(69056K) Class: 26748K(34688K)->26748K(34688K)
[106.553s][info][gc          ] GC(52) Pause Full (System.gc()) 1602M->1602M(5680M) 1295.066ms
[107.739s][info][gc,metaspace] GC(53) Metaspace: 89897K(103744K)->89897K(103744K) NonClass: 63148K(69056K)->63148K(69056K) Class: 26748K(34688K)->26748K(34688K)
[107.739s][info][gc          ] GC(53) Pause Full (System.gc()) 1602M->1602M(5680M) 1186.040ms
[109.048s][info][gc,metaspace] GC(54) Metaspace: 89897K(103744K)->89897K(103744K) NonClass: 63148K(69056K)->63148K(69056K) Class: 26748K(34688K)->26748K(34688K)
[109.048s][info][gc          ] GC(54) Pause Full (System.gc()) 1602M->1602M(5680M) 1308.677ms
[110.209s][info][gc,metaspace] GC(55) Metaspace: 89897K(103744K)->89897K(103744K) NonClass: 63148K(69056K)->63148K(69056K) Class: 26748K(34688K)->26748K(34688K)
[110.209s][info][gc          ] GC(55) Pause Full (System.gc()) 1602M->1602M(5680M) 1160.870ms
[111.381s][info][gc,metaspace] GC(56) Metaspace: 89897K(103744K)->89897K(103744K) NonClass: 63148K(69056K)->63148K(69056K) Class: 26748K(34688K)->26748K(34688K)
[111.381s][info][gc          ] GC(56) Pause Full (System.gc()) 1602M->1602M(5680M) 1171.535ms
[112.606s][info][gc,metaspace] GC(57) Metaspace: 89897K(103744K)->89897K(103744K) NonClass: 63148K(69056K)->63148K(69056K) Class: 26748K(34688K)->26748K(34688K)
[112.606s][info][gc          ] GC(57) Pause Full (System.gc()) 1602M->1602M(5680M) 1225.163ms
[113.881s][info][gc,metaspace] GC(58) Metaspace: 89897K(103744K)->89897K(103744K) NonClass: 63148K(69056K)->63148K(69056K) Class: 26748K(34688K)->26748K(34688K)
[113.881s][info][gc          ] GC(58) Pause Full (System.gc()) 1602M->1602M(5680M) 1274.806ms
[115.054s][info][gc,metaspace] GC(59) Metaspace: 89897K(103744K)->89897K(103744K) NonClass: 63148K(69056K)->63148K(69056K) Class: 26748K(34688K)->26748K(34688K)
[115.055s][info][gc          ] GC(59) Pause Full (System.gc()) 1602M->1602M(5680M) 1173.444ms
[116.230s][info][gc,metaspace] GC(60) Metaspace: 89897K(103744K)->89897K(103744K) NonClass: 63148K(69056K)->63148K(69056K) Class: 26748K(34688K)->26748K(34688K)
[116.230s][info][gc          ] GC(60) Pause Full (System.gc()) 1602M->1602M(5680M) 1174.980ms
[117.407s][info][gc,metaspace] GC(61) Metaspace: 89897K(103744K)->89897K(103744K) NonClass: 63148K(69056K)->63148K(69056K) Class: 26748K(34688K)->26748K(34688K)
[117.407s][info][gc          ] GC(61) Pause Full (System.gc()) 1602M->1602M(5680M) 1176.955ms
[118.579s][info][gc,metaspace] GC(62) Metaspace: 89897K(103744K)->89897K(103744K) NonClass: 63148K(69056K)->63148K(69056K) Class: 26748K(34688K)->26748K(34688K)
[118.579s][info][gc          ] GC(62) Pause Full (System.gc()) 1602M->1602M(5680M) 1172.665ms
[119.897s][info][gc,metaspace] GC(63) Metaspace: 89897K(103744K)->89897K(103744K) NonClass: 63148K(69056K)->63148K(69056K) Class: 26748K(34688K)->26748K(34688K)
[119.897s][info][gc          ] GC(63) Pause Full (System.gc()) 1602M->1602M(5680M) 1317.179ms
[121.057s][info][gc,metaspace] GC(64) Metaspace: 89897K(103744K)->89897K(103744K) NonClass: 63148K(69056K)->63148K(69056K) Class: 26748K(34688K)->26748K(34688K)
[121.057s][info][gc          ] GC(64) Pause Full (System.gc()) 1602M->1602M(5680M) 1160.494ms
[122.237s][info][gc,metaspace] GC(65) Metaspace: 89897K(103744K)->89897K(103744K) NonClass: 63148K(69056K)->63148K(69056K) Class: 26748K(34688K)->26748K(34688K)
[122.237s][info][gc          ] GC(65) Pause Full (System.gc()) 1602M->1602M(5680M) 1179.646ms
After GCs... 
