[0.002s][info][metaspace]  - commit_granule_bytes: 65536.
[0.002s][info][metaspace]  - commit_granule_words: 8192.
[0.002s][info][metaspace]  - virtual_space_node_default_size: 8388608.
[0.002s][info][metaspace]  - enlarge_chunks_in_place: 1.
[0.002s][info][metaspace]  - use_allocation_guard: 0.
[0.004s][info][gc       ] Using Parallel
[0.324s][info][metaspace] Reserving compressed class space anywhere
[0.324s][info][gc,metaspace] CDS archive(s) not mapped
[0.324s][info][gc,metaspace] Compressed class space mapped at: 0x000000002d000000-0x00000000ed000000, reserved size: 3221225472
[0.324s][info][gc,metaspace] UseCompressedClassPointers 1, UseCompactObjectHeaders 1, narrow klass pointer bits 22, max shift 10
[0.324s][info][gc,metaspace] Narrow klass base: 0x000000002d000000, Narrow klass shift: 10, Narrow klass range: 0xc0000000
Random Seed: 12345678
Num Classes: 16384
Num Objects: 67108864
Percent IK Objects: 83.0%)
Percent OAK Objects: 5.0%)
Percent TAK Objects: 12.0%)
Cycles: 50
Loading 16384 pre-generated classes ...
Materialize pre-generated constructors ...
Creating objects...
[1.031s][info][gc,metaspace] GC(0) Metaspace: 36846K(37184K)->36846K(37184K) NonClass: 18679K(18880K)->18679K(18880K) Class: 18166K(18304K)->18166K(18304K)
[1.031s][info][gc          ] GC(0) Pause Full (System.gc()) 153M->11M(5888M) 13.597ms
[3.713s][info][gc,metaspace] GC(1) Metaspace: 66575K(82560K)->66575K(82560K) NonClass: 40663K(49472K)->40663K(49472K) Class: 25912K(33088K)->25912K(33088K)
[3.713s][info][gc          ] GC(1) Pause Young (Allocation Failure) 1547M->331M(5888M) 387.067ms
[10.194s][info][gc,metaspace] GC(2) Metaspace: 82422K(97664K)->82422K(97664K) NonClass: 55673K(62976K)->55673K(62976K) Class: 26748K(34688K)->26748K(34688K)
[10.194s][info][gc          ] GC(2) Pause Full (CodeCache GC Threshold) 1761M->445M(5888M) 490.977ms
[15.491s][info][gc,metaspace] GC(3) Metaspace: 89897K(103744K)->89897K(103744K) NonClass: 63148K(69056K)->63148K(69056K) Class: 26748K(34688K)->26748K(34688K)
[15.491s][info][gc          ] GC(3) Pause Young (Allocation Failure) 1981M->570M(5888M) 169.173ms
[20.742s][info][gc,metaspace] GC(4) Metaspace: 89897K(103744K)->89897K(103744K) NonClass: 63148K(69056K)->63148K(69056K) Class: 26748K(34688K)->26748K(34688K)
[20.742s][info][gc          ] GC(4) Pause Young (Allocation Failure) 2106M->695M(5888M) 210.346ms
[25.875s][info][gc,metaspace] GC(5) Metaspace: 89897K(103744K)->89897K(103744K) NonClass: 63148K(69056K)->63148K(69056K) Class: 26748K(34688K)->26748K(34688K)
[25.875s][info][gc          ] GC(5) Pause Young (Allocation Failure) 2231M->820M(5888M) 323.753ms
[30.988s][info][gc,metaspace] GC(6) Metaspace: 89897K(103744K)->89897K(103744K) NonClass: 63148K(69056K)->63148K(69056K) Class: 26748K(34688K)->26748K(34688K)
[30.988s][info][gc          ] GC(6) Pause Young (Allocation Failure) 2356M->945M(5888M) 292.660ms
[36.149s][info][gc,metaspace] GC(7) Metaspace: 89897K(103744K)->89897K(103744K) NonClass: 63148K(69056K)->63148K(69056K) Class: 26748K(34688K)->26748K(34688K)
[36.149s][info][gc          ] GC(7) Pause Young (Allocation Failure) 2481M->1070M(5308M) 367.231ms
[39.428s][info][gc,metaspace] GC(8) Metaspace: 89897K(103744K)->89897K(103744K) NonClass: 63148K(69056K)->63148K(69056K) Class: 26748K(34688K)->26748K(34688K)
[39.428s][info][gc          ] GC(8) Pause Young (Allocation Failure) 2026M->1148M(5598M) 300.386ms
[42.669s][info][gc,metaspace] GC(9) Metaspace: 89897K(103744K)->89897K(103744K) NonClass: 63148K(69056K)->63148K(69056K) Class: 26748K(34688K)->26748K(34688K)
[42.669s][info][gc          ] GC(9) Pause Young (Allocation Failure) 2104M->1225M(5644M) 286.282ms
[46.152s][info][gc,metaspace] GC(10) Metaspace: 89897K(103744K)->89897K(103744K) NonClass: 63148K(69056K)->63148K(69056K) Class: 26748K(34688K)->26748K(34688K)
[46.152s][info][gc          ] GC(10) Pause Young (Allocation Failure) 2255M->1309M(5626M) 266.123ms
[49.592s][info][gc,metaspace] GC(11) Metaspace: 89897K(103744K)->89897K(103744K) NonClass: 63148K(69056K)->63148K(69056K) Class: 26748K(34688K)->26748K(34688K)
[49.592s][info][gc          ] GC(11) Pause Young (Allocation Failure) 2339M->1393M(5680M) 238.856ms
[53.216s][info][gc,metaspace] GC(12) Metaspace: 89897K(103744K)->89897K(103744K) NonClass: 63148K(69056K)->63148K(69056K) Class: 26748K(34688K)->26748K(34688K)
[53.216s][info][gc          ] GC(12) Pause Young (Allocation Failure) 2503M->1483M(5670M) 196.028ms
[56.859s][info][gc,metaspace] GC(13) Metaspace: 89897K(103744K)->89897K(103744K) NonClass: 63148K(69056K)->63148K(69056K) Class: 26748K(34688K)->26748K(34688K)
[56.859s][info][gc          ] GC(13) Pause Young (Allocation Failure) 2593M->1573M(5680M) 154.027ms
67108864 Objects created
 - IK: 55699211 (82.99829%)
 - OAK: 3355627 (5.0002737%)
 - TAK: 8054026 (12.001434%)
Preparatory GC...
[59.830s][info][gc,metaspace] GC(14) Metaspace: 89897K(103744K)->89897K(103744K) NonClass: 63148K(69056K)->63148K(69056K) Class: 26748K(34688K)->26748K(34688K)
[59.830s][info][gc          ] GC(14) Pause Full (System.gc()) 1998M->1602M(5680M) 1726.637ms
[60.995s][info][gc,metaspace] GC(15) Metaspace: 89897K(103744K)->89897K(103744K) NonClass: 63148K(69056K)->63148K(69056K) Class: 26748K(34688K)->26748K(34688K)
[60.995s][info][gc          ] GC(15) Pause Full (System.gc()) 1602M->1602M(5680M) 1164.761ms
Done; will start GCs... 
[62.337s][info][gc,metaspace] GC(16) Metaspace: 89897K(103744K)->89897K(103744K) NonClass: 63148K(69056K)->63148K(69056K) Class: 26748K(34688K)->26748K(34688K)
[62.337s][info][gc          ] GC(16) Pause Full (System.gc()) 1624M->1602M(5680M) 1341.805ms
[63.550s][info][gc,metaspace] GC(17) Metaspace: 89897K(103744K)->89897K(103744K) NonClass: 63148K(69056K)->63148K(69056K) Class: 26748K(34688K)->26748K(34688K)
[63.550s][info][gc          ] GC(17) Pause Full (System.gc()) 1602M->1602M(5680M) 1208.535ms
[65.034s][info][gc,metaspace] GC(18) Metaspace: 89897K(103744K)->89897K(103744K) NonClass: 63148K(69056K)->63148K(69056K) Class: 26748K(34688K)->26748K(34688K)
[65.034s][info][gc          ] GC(18) Pause Full (System.gc()) 1602M->1602M(5680M) 1483.942ms
[66.325s][info][gc,metaspace] GC(19) Metaspace: 89897K(103744K)->89897K(103744K) NonClass: 63148K(69056K)->63148K(69056K) Class: 26748K(34688K)->26748K(34688K)
[66.325s][info][gc          ] GC(19) Pause Full (System.gc()) 1602M->1602M(5680M) 1290.253ms
[67.618s][info][gc,metaspace] GC(20) Metaspace: 89897K(103744K)->89897K(103744K) NonClass: 63148K(69056K)->63148K(69056K) Class: 26748K(34688K)->26748K(34688K)
[67.618s][info][gc          ] GC(20) Pause Full (System.gc()) 1613M->1602M(5680M) 1293.082ms
[68.809s][info][gc,metaspace] GC(21) Metaspace: 89897K(103744K)->89897K(103744K) NonClass: 63148K(69056K)->63148K(69056K) Class: 26748K(34688K)->26748K(34688K)
[68.809s][info][gc          ] GC(21) Pause Full (System.gc()) 1602M->1602M(5680M) 1191.574ms
[69.987s][info][gc,metaspace] GC(22) Metaspace: 89897K(103744K)->89897K(103744K) NonClass: 63148K(69056K)->63148K(69056K) Class: 26748K(34688K)->26748K(34688K)
[69.987s][info][gc          ] GC(22) Pause Full (System.gc()) 1602M->1602M(5680M) 1176.995ms
[71.224s][info][gc,metaspace] GC(23) Metaspace: 89897K(103744K)->89897K(103744K) NonClass: 63148K(69056K)->63148K(69056K) Class: 26748K(34688K)->26748K(34688K)
[71.224s][info][gc          ] GC(23) Pause Full (System.gc()) 1602M->1602M(5680M) 1237.131ms
[72.530s][info][gc,metaspace] GC(24) Metaspace: 89897K(103744K)->89897K(103744K) NonClass: 63148K(69056K)->63148K(69056K) Class: 26748K(34688K)->26748K(34688K)
[72.530s][info][gc          ] GC(24) Pause Full (System.gc()) 1602M->1602M(5680M) 1306.370ms
[73.751s][info][gc,metaspace] GC(25) Metaspace: 89897K(103744K)->89897K(103744K) NonClass: 63148K(69056K)->63148K(69056K) Class: 26748K(34688K)->26748K(34688K)
[73.751s][info][gc          ] GC(25) Pause Full (System.gc()) 1602M->1602M(5680M) 1220.568ms
[75.044s][info][gc,metaspace] GC(26) Metaspace: 89897K(103744K)->89897K(103744K) NonClass: 63148K(69056K)->63148K(69056K) Class: 26748K(34688K)->26748K(34688K)
[75.044s][info][gc          ] GC(26) Pause Full (System.gc()) 1602M->1602M(5680M) 1292.573ms
[76.231s][info][gc,metaspace] GC(27) Metaspace: 89897K(103744K)->89897K(103744K) NonClass: 63148K(69056K)->63148K(69056K) Class: 26748K(34688K)->26748K(34688K)
[76.231s][info][gc          ] GC(27) Pause Full (System.gc()) 1602M->1602M(5680M) 1186.988ms
[77.553s][info][gc,metaspace] GC(28) Metaspace: 89897K(103744K)->89897K(103744K) NonClass: 63148K(69056K)->63148K(69056K) Class: 26748K(34688K)->26748K(34688K)
[77.554s][info][gc          ] GC(28) Pause Full (System.gc()) 1602M->1602M(5680M) 1322.713ms
[78.729s][info][gc,metaspace] GC(29) Metaspace: 89897K(103744K)->89897K(103744K) NonClass: 63148K(69056K)->63148K(69056K) Class: 26748K(34688K)->26748K(34688K)
[78.729s][info][gc          ] GC(29) Pause Full (System.gc()) 1602M->1602M(5680M) 1175.307ms
[80.020s][info][gc,metaspace] GC(30) Metaspace: 89897K(103744K)->89897K(103744K) NonClass: 63148K(69056K)->63148K(69056K) Class: 26748K(34688K)->26748K(34688K)
[80.020s][info][gc          ] GC(30) Pause Full (System.gc()) 1602M->1602M(5680M) 1291.155ms
[81.190s][info][gc,metaspace] GC(31) Metaspace: 89897K(103744K)->89897K(103744K) NonClass: 63148K(69056K)->63148K(69056K) Class: 26748K(34688K)->26748K(34688K)
[81.190s][info][gc          ] GC(31) Pause Full (System.gc()) 1602M->1602M(5680M) 1170.020ms
[82.397s][info][gc,metaspace] GC(32) Metaspace: 89897K(103744K)->89897K(103744K) NonClass: 63148K(69056K)->63148K(69056K) Class: 26748K(34688K)->26748K(34688K)
[82.397s][info][gc          ] GC(32) Pause Full (System.gc()) 1602M->1602M(5680M) 1206.878ms
[83.635s][info][gc,metaspace] GC(33) Metaspace: 89897K(103744K)->89897K(103744K) NonClass: 63148K(69056K)->63148K(69056K) Class: 26748K(34688K)->26748K(34688K)
[83.635s][info][gc          ] GC(33) Pause Full (System.gc()) 1602M->1602M(5680M) 1237.538ms
[84.817s][info][gc,metaspace] GC(34) Metaspace: 89897K(103744K)->89897K(103744K) NonClass: 63148K(69056K)->63148K(69056K) Class: 26748K(34688K)->26748K(34688K)
[84.817s][info][gc          ] GC(34) Pause Full (System.gc()) 1602M->1602M(5680M) 1181.763ms
[85.984s][info][gc,metaspace] GC(35) Metaspace: 89897K(103744K)->89897K(103744K) NonClass: 63148K(69056K)->63148K(69056K) Class: 26748K(34688K)->26748K(34688K)
[85.985s][info][gc          ] GC(35) Pause Full (System.gc()) 1602M->1602M(5680M) 1167.660ms
[87.312s][info][gc,metaspace] GC(36) Metaspace: 89897K(103744K)->89897K(103744K) NonClass: 63148K(69056K)->63148K(69056K) Class: 26748K(34688K)->26748K(34688K)
[87.312s][info][gc          ] GC(36) Pause Full (System.gc()) 1602M->1602M(5680M) 1326.941ms
[88.538s][info][gc,metaspace] GC(37) Metaspace: 89897K(103744K)->89897K(103744K) NonClass: 63148K(69056K)->63148K(69056K) Class: 26748K(34688K)->26748K(34688K)
[88.538s][info][gc          ] GC(37) Pause Full (System.gc()) 1602M->1602M(5680M) 1226.688ms
[89.712s][info][gc,metaspace] GC(38) Metaspace: 89897K(103744K)->89897K(103744K) NonClass: 63148K(69056K)->63148K(69056K) Class: 26748K(34688K)->26748K(34688K)
[89.712s][info][gc          ] GC(38) Pause Full (System.gc()) 1602M->1602M(5680M) 1173.124ms
[91.018s][info][gc,metaspace] GC(39) Metaspace: 89897K(103744K)->89897K(103744K) NonClass: 63148K(69056K)->63148K(69056K) Class: 26748K(34688K)->26748K(34688K)
[91.018s][info][gc          ] GC(39) Pause Full (System.gc()) 1602M->1602M(5680M) 1306.181ms
[92.182s][info][gc,metaspace] GC(40) Metaspace: 89897K(103744K)->89897K(103744K) NonClass: 63148K(69056K)->63148K(69056K) Class: 26748K(34688K)->26748K(34688K)
[92.182s][info][gc          ] GC(40) Pause Full (System.gc()) 1602M->1602M(5680M) 1164.189ms
[93.356s][info][gc,metaspace] GC(41) Metaspace: 89897K(103744K)->89897K(103744K) NonClass: 63148K(69056K)->63148K(69056K) Class: 26748K(34688K)->26748K(34688K)
[93.356s][info][gc          ] GC(41) Pause Full (System.gc()) 1602M->1602M(5680M) 1173.521ms
[94.523s][info][gc,metaspace] GC(42) Metaspace: 89897K(103744K)->89897K(103744K) NonClass: 63148K(69056K)->63148K(69056K) Class: 26748K(34688K)->26748K(34688K)
[94.523s][info][gc          ] GC(42) Pause Full (System.gc()) 1602M->1602M(5680M) 1166.872ms
[95.715s][info][gc,metaspace] GC(43) Metaspace: 89897K(103744K)->89897K(103744K) NonClass: 63148K(69056K)->63148K(69056K) Class: 26748K(34688K)->26748K(34688K)
[95.715s][info][gc          ] GC(43) Pause Full (System.gc()) 1602M->1602M(5680M) 1191.972ms
[96.881s][info][gc,metaspace] GC(44) Metaspace: 89897K(103744K)->89897K(103744K) NonClass: 63148K(69056K)->63148K(69056K) Class: 26748K(34688K)->26748K(34688K)
[96.881s][info][gc          ] GC(44) Pause Full (System.gc()) 1602M->1602M(5680M) 1166.353ms
[98.036s][info][gc,metaspace] GC(45) Metaspace: 89897K(103744K)->89897K(103744K) NonClass: 63148K(69056K)->63148K(69056K) Class: 26748K(34688K)->26748K(34688K)
[98.036s][info][gc          ] GC(45) Pause Full (System.gc()) 1602M->1602M(5680M) 1154.262ms
[99.239s][info][gc,metaspace] GC(46) Metaspace: 89897K(103744K)->89897K(103744K) NonClass: 63148K(69056K)->63148K(69056K) Class: 26748K(34688K)->26748K(34688K)
[99.239s][info][gc          ] GC(46) Pause Full (System.gc()) 1602M->1602M(5680M) 1203.382ms
[100.410s][info][gc,metaspace] GC(47) Metaspace: 89897K(103744K)->89897K(103744K) NonClass: 63148K(69056K)->63148K(69056K) Class: 26748K(34688K)->26748K(34688K)
[100.410s][info][gc          ] GC(47) Pause Full (System.gc()) 1602M->1602M(5680M) 1170.692ms
[101.599s][info][gc,metaspace] GC(48) Metaspace: 89897K(103744K)->89897K(103744K) NonClass: 63148K(69056K)->63148K(69056K) Class: 26748K(34688K)->26748K(34688K)
[101.599s][info][gc          ] GC(48) Pause Full (System.gc()) 1602M->1602M(5680M) 1189.258ms
[102.920s][info][gc,metaspace] GC(49) Metaspace: 89897K(103744K)->89897K(103744K) NonClass: 63148K(69056K)->63148K(69056K) Class: 26748K(34688K)->26748K(34688K)
[102.920s][info][gc          ] GC(49) Pause Full (System.gc()) 1602M->1602M(5680M) 1316.387ms
[104.095s][info][gc,metaspace] GC(50) Metaspace: 89897K(103744K)->89897K(103744K) NonClass: 63148K(69056K)->63148K(69056K) Class: 26748K(34688K)->26748K(34688K)
[104.095s][info][gc          ] GC(50) Pause Full (System.gc()) 1602M->1602M(5680M) 1174.941ms
[105.258s][info][gc,metaspace] GC(51) Metaspace: 89897K(103744K)->89897K(103744K) NonClass: 63148K(69056K)->63148K(69056K) Class: 26748K(34688K)->26748K(34688K)
[105.258s][info][gc          ] GC(51) Pause Full (System.gc()) 1602M->1602M(5680M) 1162.981ms
[106.553s][info][gc,metaspace] GC(52) Metaspace: 89897K(103744K)->89897K(103744K) NonClass: 63148K(69056K)->63148K(69056K) Class: 26748K(34688K)->26748K(34688K)
[106.553s][info][gc          ] GC(52) Pause Full (System.gc()) 1602M->1602M(5680M) 1295.066ms
[107.739s][info][gc,metaspace] GC(53) Metaspace: 89897K(103744K)->89897K(103744K) NonClass: 63148K(69056K)->63148K(69056K) Class: 26748K(34688K)->26748K(34688K)
[107.739s][info][gc          ] GC(53) Pause Full (System.gc()) 1602M->1602M(5680M) 1186.040ms
[109.048s][info][gc,metaspace] GC(54) Metaspace: 89897K(103744K)->89897K(103744K) NonClass: 63148K(69056K)->63148K(69056K) Class: 26748K(34688K)->26748K(34688K)
[109.048s][info][gc          ] GC(54) Pause Full (System.gc()) 1602M->1602M(5680M) 1308.677ms
[110.209s][info][gc,metaspace] GC(55) Metaspace: 89897K(103744K)->89897K(103744K) NonClass: 63148K(69056K)->63148K(69056K) Class: 26748K(34688K)->26748K(34688K)
[110.209s][info][gc          ] GC(55) Pause Full (System.gc()) 1602M->1602M(5680M) 1160.870ms
[111.381s][info][gc,metaspace] GC(56) Metaspace: 89897K(103744K)->89897K(103744K) NonClass: 63148K(69056K)->63148K(69056K) Class: 26748K(34688K)->26748K(34688K)
[111.381s][info][gc          ] GC(56) Pause Full (System.gc()) 1602M->1602M(5680M) 1171.535ms
[112.606s][info][gc,metaspace] GC(57) Metaspace: 89897K(103744K)->89897K(103744K) NonClass: 63148K(69056K)->63148K(69056K) Class: 26748K(34688K)->26748K(34688K)
[112.606s][info][gc          ] GC(57) Pause Full (System.gc()) 1602M->1602M(5680M) 1225.163ms
[113.881s][info][gc,metaspace] GC(58) Metaspace: 89897K(103744K)->89897K(103744K) NonClass: 63148K(69056K)->63148K(69056K) Class: 26748K(34688K)->26748K(34688K)
[113.881s][info][gc          ] GC(58) Pause Full (System.gc()) 1602M->1602M(5680M) 1274.806ms
[115.054s][info][gc,metaspace] GC(59) Metaspace: 89897K(103744K)->89897K(103744K) NonClass: 63148K(69056K)->63148K(69056K) Class: 26748K(34688K)->26748K(34688K)
[115.055s][info][gc          ] GC(59) Pause Full (System.gc()) 1602M->1602M(5680M) 1173.444ms
[116.230s][info][gc,metaspace] GC(60) Metaspace: 89897K(103744K)->89897K(103744K) NonClass: 63148K(69056K)->63148K(69056K) Class: 26748K(34688K)->26748K(34688K)
[116.230s][info][gc          ] GC(60) Pause Full (System.gc()) 1602M->1602M(5680M) 1174.980ms
[117.407s][info][gc,metaspace] GC(61) Metaspace: 89897K(103744K)->89897K(103744K) NonClass: 63148K(69056K)->63148K(69056K) Class: 26748K(34688K)->26748K(34688K)
[117.407s][info][gc          ] GC(61) Pause Full (System.gc()) 1602M->1602M(5680M) 1176.955ms
[118.579s][info][gc,metaspace] GC(62) Metaspace: 89897K(103744K)->89897K(103744K) NonClass: 63148K(69056K)->63148K(69056K) Class: 26748K(34688K)->26748K(34688K)
[118.579s][info][gc          ] GC(62) Pause Full (System.gc()) 1602M->1602M(5680M) 1172.665ms
[119.897s][info][gc,metaspace] GC(63) Metaspace: 89897K(103744K)->89897K(103744K) NonClass: 63148K(69056K)->63148K(69056K) Class: 26748K(34688K)->26748K(34688K)
[119.897s][info][gc          ] GC(63) Pause Full (System.gc()) 1602M->1602M(5680M) 1317.179ms
[121.057s][info][gc,metaspace] GC(64) Metaspace: 89897K(103744K)->89897K(103744K) NonClass: 63148K(69056K)->63148K(69056K) Class: 26748K(34688K)->26748K(34688K)
[121.057s][info][gc          ] GC(64) Pause Full (System.gc()) 1602M->1602M(5680M) 1160.494ms
[122.237s][info][gc,metaspace] GC(65) Metaspace: 89897K(103744K)->89897K(103744K) NonClass: 63148K(69056K)->63148K(69056K) Class: 26748K(34688K)->26748K(34688K)
[122.237s][info][gc          ] GC(65) Pause Full (System.gc()) 1602M->1602M(5680M) 1179.646ms
After GCs... 
