[0.001s][info][metaspace]  - commit_granule_bytes: 65536.
[0.001s][info][metaspace]  - commit_granule_words: 8192.
[0.001s][info][metaspace]  - virtual_space_node_default_size: 8388608.
[0.001s][info][metaspace]  - enlarge_chunks_in_place: 1.
[0.001s][info][metaspace]  - use_allocation_guard: 0.
[0.006s][info][gc       ] Using G1
[0.624s][info][metaspace] Reserving compressed class space anywhere
[0.624s][info][gc,metaspace] CDS archive(s) not mapped
[0.624s][info][gc,metaspace] Compressed class space mapped at: 0x0000000026000000-0x00000000e6000000, reserved size: 3221225472
[0.624s][info][gc,metaspace] UseCompressedClassPointers 1, UseCompactObjectHeaders 0, narrow klass pointer bits 32, max shift 3
[0.624s][info][gc,metaspace] Narrow klass base: 0x0000000000000000, Narrow klass shift: 0, Narrow klass range: 0xe6000000
Random Seed: 12345678
Num Classes: 64
Num Objects: 67108864
Percent IK Objects: 83.0%)
Percent OAK Objects: 5.0%)
Percent TAK Objects: 12.0%)
Wired up: false
Cycles: 10
Loading 64 pre-generated classes ...
Materialize pre-generated constructors ...
Creating objects...
[0.813s][info][gc,metaspace] GC(0) Metaspace: 11200K(11456K)->11200K(11456K) NonClass: 10093K(10240K)->10093K(10240K) Class: 1106K(1216K)->1106K(1216K)
[0.813s][info][gc          ] GC(0) Pause Full (System.gc()) 18M->1M(6144M) 8.388ms
[1.142s][info][gc,metaspace] GC(1) Metaspace: 11474K(11776K)->11474K(11776K) NonClass: 10333K(10496K)->10333K(10496K) Class: 1140K(1280K)->1140K(1280K)
[1.142s][info][gc          ] GC(1) Pause Young (Normal) (G1 Evacuation Pause) 565M->298M(6144M) 17.491ms
[1.286s][info][gc,metaspace] GC(2) Metaspace: 11474K(11776K)->11474K(11776K) NonClass: 10333K(10496K)->10333K(10496K) Class: 1140K(1280K)->1140K(1280K)
[1.286s][info][gc          ] GC(2) Pause Young (Normal) (G1 Evacuation Pause) 562M->335M(6144M) 21.002ms
[1.433s][info][gc,metaspace] GC(3) Metaspace: 11474K(11776K)->11474K(11776K) NonClass: 10333K(10496K)->10333K(10496K) Class: 1140K(1280K)->1140K(1280K)
[1.433s][info][gc          ] GC(3) Pause Young (Normal) (G1 Evacuation Pause) 599M->372M(6144M) 21.515ms
[1.581s][info][gc,metaspace] GC(4) Metaspace: 11474K(11776K)->11474K(11776K) NonClass: 10333K(10496K)->10333K(10496K) Class: 1140K(1280K)->1140K(1280K)
[1.581s][info][gc          ] GC(4) Pause Young (Normal) (G1 Evacuation Pause) 636M->409M(6144M) 20.711ms
[1.736s][info][gc,metaspace] GC(5) Metaspace: 11474K(11776K)->11474K(11776K) NonClass: 10333K(10496K)->10333K(10496K) Class: 1140K(1280K)->1140K(1280K)
[1.736s][info][gc          ] GC(5) Pause Young (Normal) (G1 Evacuation Pause) 673M->447M(6144M) 26.756ms
[1.887s][info][gc,metaspace] GC(6) Metaspace: 11474K(11776K)->11474K(11776K) NonClass: 10333K(10496K)->10333K(10496K) Class: 1140K(1280K)->1140K(1280K)
[1.887s][info][gc          ] GC(6) Pause Young (Normal) (G1 Evacuation Pause) 711M->480M(6144M) 20.941ms
[2.034s][info][gc,metaspace] GC(7) Metaspace: 11474K(11776K)->11474K(11776K) NonClass: 10333K(10496K)->10333K(10496K) Class: 1140K(1280K)->1140K(1280K)
[2.035s][info][gc          ] GC(7) Pause Young (Normal) (G1 Evacuation Pause) 748M->518M(6144M) 20.825ms
[2.167s][info][gc,metaspace] GC(8) Metaspace: 11474K(11776K)->11474K(11776K) NonClass: 10333K(10496K)->10333K(10496K) Class: 1140K(1280K)->1140K(1280K)
[2.167s][info][gc          ] GC(8) Pause Young (Normal) (G1 Evacuation Pause) 786M->546M(6144M) 19.681ms
[2.352s][info][gc,metaspace] GC(9) Metaspace: 11474K(11776K)->11474K(11776K) NonClass: 10333K(10496K)->10333K(10496K) Class: 1140K(1280K)->1140K(1280K)
[2.352s][info][gc          ] GC(9) Pause Young (Normal) (G1 Evacuation Pause) 950M->584M(6144M) 23.293ms
[2.517s][info][gc,metaspace] GC(10) Metaspace: 11474K(11776K)->11474K(11776K) NonClass: 10333K(10496K)->10333K(10496K) Class: 1140K(1280K)->1140K(1280K)
[2.517s][info][gc          ] GC(10) Pause Young (Normal) (G1 Evacuation Pause) 920M->624M(6144M) 31.004ms
[2.736s][info][gc,metaspace] GC(11) Metaspace: 11474K(11776K)->11474K(11776K) NonClass: 10333K(10496K)->10333K(10496K) Class: 1140K(1280K)->1140K(1280K)
[2.736s][info][gc          ] GC(11) Pause Young (Normal) (G1 Evacuation Pause) 1100M->667M(6144M) 30.043ms
[2.955s][info][gc,metaspace] GC(12) Metaspace: 11474K(11776K)->11474K(11776K) NonClass: 10333K(10496K)->10333K(10496K) Class: 1140K(1280K)->1140K(1280K)
[2.955s][info][gc          ] GC(12) Pause Young (Normal) (G1 Evacuation Pause) 1131M->715M(6144M) 36.629ms
[3.216s][info][gc,metaspace] GC(13) Metaspace: 11474K(11776K)->11474K(11776K) NonClass: 10333K(10496K)->10333K(10496K) Class: 1140K(1280K)->1140K(1280K)
[3.216s][info][gc          ] GC(13) Pause Young (Normal) (G1 Evacuation Pause) 1279M->782M(6144M) 42.518ms
[3.511s][info][gc,metaspace] GC(14) Metaspace: 11474K(11776K)->11474K(11776K) NonClass: 10333K(10496K)->10333K(10496K) Class: 1140K(1280K)->1140K(1280K)
[3.511s][info][gc          ] GC(14) Pause Young (Normal) (G1 Evacuation Pause) 1410M->844M(6144M) 45.818ms
[3.833s][info][gc,metaspace] GC(15) Metaspace: 11474K(11776K)->11474K(11776K) NonClass: 10333K(10496K)->10333K(10496K) Class: 1140K(1280K)->1140K(1280K)
[3.833s][info][gc          ] GC(15) Pause Young (Normal) (G1 Evacuation Pause) 1552M->918M(6144M) 46.084ms
[4.194s][info][gc,metaspace] GC(16) Metaspace: 11474K(11776K)->11474K(11776K) NonClass: 10333K(10496K)->10333K(10496K) Class: 1140K(1280K)->1140K(1280K)
[4.194s][info][gc          ] GC(16) Pause Young (Normal) (G1 Evacuation Pause) 1714M->1002M(6144M) 49.976ms
[4.596s][info][gc,metaspace] GC(17) Metaspace: 11474K(11776K)->11474K(11776K) NonClass: 10333K(10496K)->10333K(10496K) Class: 1140K(1280K)->1140K(1280K)
[4.596s][info][gc          ] GC(17) Pause Young (Normal) (G1 Evacuation Pause) 1886M->1090M(6144M) 59.211ms
[5.031s][info][gc,metaspace] GC(18) Metaspace: 11474K(11776K)->11474K(11776K) NonClass: 10333K(10496K)->10333K(10496K) Class: 1140K(1280K)->1140K(1280K)
[5.031s][info][gc          ] GC(18) Pause Young (Normal) (G1 Evacuation Pause) 2066M->1189M(6144M) 60.946ms
[5.532s][info][gc,metaspace] GC(19) Metaspace: 11474K(11776K)->11474K(11776K) NonClass: 10333K(10496K)->10333K(10496K) Class: 1140K(1280K)->1140K(1280K)
[5.532s][info][gc          ] GC(19) Pause Young (Normal) (G1 Evacuation Pause) 2265M->1299M(6144M) 70.658ms
[6.086s][info][gc,metaspace] GC(20) Metaspace: 11474K(11776K)->11474K(11776K) NonClass: 10333K(10496K)->10333K(10496K) Class: 1140K(1280K)->1140K(1280K)
[6.086s][info][gc          ] GC(20) Pause Young (Normal) (G1 Evacuation Pause) 2471M->1413M(6144M) 88.915ms
[6.668s][info][gc,metaspace] GC(21) Metaspace: 11474K(11776K)->11474K(11776K) NonClass: 10333K(10496K)->10333K(10496K) Class: 1140K(1280K)->1140K(1280K)
[6.668s][info][gc          ] GC(21) Pause Young (Normal) (G1 Evacuation Pause) 2653M->1539M(6144M) 95.243ms
[7.279s][info][gc,metaspace] GC(22) Metaspace: 11474K(11776K)->11474K(11776K) NonClass: 10333K(10496K)->10333K(10496K) Class: 1140K(1280K)->1140K(1280K)
[7.279s][info][gc          ] GC(22) Pause Young (Normal) (G1 Evacuation Pause) 2863M->1675M(6144M) 90.897ms
[7.915s][info][gc,metaspace] GC(23) Metaspace: 11474K(11776K)->11474K(11776K) NonClass: 10333K(10496K)->10333K(10496K) Class: 1140K(1280K)->1140K(1280K)
[7.915s][info][gc          ] GC(23) Pause Young (Normal) (G1 Evacuation Pause) 3083M->1813M(6144M) 101.951ms
67108864 Objects created
 - IK: 55699211 (82.99829%)
 - OAK: 3355627 (5.0002737%)
 - TAK: 8054026 (12.001434%)
Preparatory GC...
[9.054s][info][gc,metaspace] GC(24) Metaspace: 11474K(11776K)->11474K(11776K) NonClass: 10333K(10496K)->10333K(10496K) Class: 1140K(1280K)->1140K(1280K)
[9.054s][info][gc          ] GC(24) Pause Full (System.gc()) 3023M->1798M(6144M) 685.546ms
[9.617s][info][gc,metaspace] GC(25) Metaspace: 11474K(11776K)->11474K(11776K) NonClass: 10333K(10496K)->10333K(10496K) Class: 1140K(1280K)->1140K(1280K)
[9.617s][info][gc          ] GC(25) Pause Full (System.gc()) 1798M->1798M(6144M) 563.532ms
Done; will start GCs... 
[10.205s][info][gc,metaspace] GC(26) Metaspace: 11474K(11776K)->11474K(11776K) NonClass: 10333K(10496K)->10333K(10496K) Class: 1140K(1280K)->1140K(1280K)
[10.205s][info][gc          ] GC(26) Pause Full (System.gc()) 1800M->1798M(6144M) 587.544ms
[10.775s][info][gc,metaspace] GC(27) Metaspace: 11474K(11776K)->11474K(11776K) NonClass: 10333K(10496K)->10333K(10496K) Class: 1140K(1280K)->1140K(1280K)
[10.775s][info][gc          ] GC(27) Pause Full (System.gc()) 1798M->1798M(6144M) 569.701ms
[11.311s][info][gc,metaspace] GC(28) Metaspace: 11474K(11776K)->11474K(11776K) NonClass: 10333K(10496K)->10333K(10496K) Class: 1140K(1280K)->1140K(1280K)
[11.311s][info][gc          ] GC(28) Pause Full (System.gc()) 1798M->1798M(6144M) 535.944ms
[11.837s][info][gc,metaspace] GC(29) Metaspace: 11474K(11776K)->11474K(11776K) NonClass: 10333K(10496K)->10333K(10496K) Class: 1140K(1280K)->1140K(1280K)
[11.837s][info][gc          ] GC(29) Pause Full (System.gc()) 1798M->1798M(6144M) 526.537ms
[12.370s][info][gc,metaspace] GC(30) Metaspace: 11474K(11776K)->11474K(11776K) NonClass: 10333K(10496K)->10333K(10496K) Class: 1140K(1280K)->1140K(1280K)
[12.370s][info][gc          ] GC(30) Pause Full (System.gc()) 1798M->1798M(6144M) 532.794ms
[12.951s][info][gc,metaspace] GC(31) Metaspace: 11474K(11776K)->11474K(11776K) NonClass: 10333K(10496K)->10333K(10496K) Class: 1140K(1280K)->1140K(1280K)
[12.951s][info][gc          ] GC(31) Pause Full (System.gc()) 1798M->1798M(6144M) 580.311ms
[13.473s][info][gc,metaspace] GC(32) Metaspace: 11474K(11776K)->11474K(11776K) NonClass: 10333K(10496K)->10333K(10496K) Class: 1140K(1280K)->1140K(1280K)
[13.473s][info][gc          ] GC(32) Pause Full (System.gc()) 1798M->1798M(6144M) 522.777ms
[14.000s][info][gc,metaspace] GC(33) Metaspace: 11474K(11776K)->11474K(11776K) NonClass: 10333K(10496K)->10333K(10496K) Class: 1140K(1280K)->1140K(1280K)
[14.000s][info][gc          ] GC(33) Pause Full (System.gc()) 1798M->1798M(6144M) 526.498ms
[14.527s][info][gc,metaspace] GC(34) Metaspace: 11474K(11776K)->11474K(11776K) NonClass: 10333K(10496K)->10333K(10496K) Class: 1140K(1280K)->1140K(1280K)
[14.527s][info][gc          ] GC(34) Pause Full (System.gc()) 1798M->1798M(6144M) 526.515ms
[15.051s][info][gc,metaspace] GC(35) Metaspace: 11474K(11776K)->11474K(11776K) NonClass: 10333K(10496K)->10333K(10496K) Class: 1140K(1280K)->1140K(1280K)
[15.051s][info][gc          ] GC(35) Pause Full (System.gc()) 1798M->1798M(6144M) 524.102ms
After GCs... 
