Done; will start GCs... 
[11.253s][info][gc,metaspace] GC(26) Metaspace: 11492K(11840K)->11492K(11840K) NonClass: 9617K(9792K)->9617K(9792K) Class: 1875K(2048K)->1875K(2048K)
[11.253s][info][gc          ] GC(26) Pause Full (System.gc()) 1577M->1575M(6144M) 582.471ms
[11.841s][info][gc,metaspace] GC(27) Metaspace: 11492K(11840K)->11492K(11840K) NonClass: 9617K(9792K)->9617K(9792K) Class: 1875K(2048K)->1875K(2048K)
[11.841s][info][gc          ] GC(27) Pause Full (System.gc()) 1575M->1575M(6144M) 587.940ms
[12.441s][info][gc,metaspace] GC(28) Metaspace: 11492K(11840K)->11492K(11840K) NonClass: 9617K(9792K)->9617K(9792K) Class: 1875K(2048K)->1875K(2048K)
[12.441s][info][gc          ] GC(28) Pause Full (System.gc()) 1575M->1575M(6144M) 599.874ms
[13.026s][info][gc,metaspace] GC(29) Metaspace: 11492K(11840K)->11492K(11840K) NonClass: 9617K(9792K)->9617K(9792K) Class: 1875K(2048K)->1875K(2048K)
[13.026s][info][gc          ] GC(29) Pause Full (System.gc()) 1575M->1575M(6144M) 584.706ms
[13.617s][info][gc,metaspace] GC(30) Metaspace: 11492K(11840K)->11492K(11840K) NonClass: 9617K(9792K)->9617K(9792K) Class: 1875K(2048K)->1875K(2048K)
[13.618s][info][gc          ] GC(30) Pause Full (System.gc()) 1575M->1575M(6144M) 591.342ms
[14.203s][info][gc,metaspace] GC(31) Metaspace: 11492K(11840K)->11492K(11840K) NonClass: 9617K(9792K)->9617K(9792K) Class: 1875K(2048K)->1875K(2048K)
[14.204s][info][gc          ] GC(31) Pause Full (System.gc()) 1575M->1575M(6144M) 585.938ms
[14.797s][info][gc,metaspace] GC(32) Metaspace: 11492K(11840K)->11492K(11840K) NonClass: 9617K(9792K)->9617K(9792K) Class: 1875K(2048K)->1875K(2048K)
[14.797s][info][gc          ] GC(32) Pause Full (System.gc()) 1575M->1575M(6144M) 593.694ms
[15.340s][info][gc,metaspace] GC(33) Metaspace: 11492K(11840K)->11492K(11840K) NonClass: 9617K(9792K)->9617K(9792K) Class: 1875K(2048K)->1875K(2048K)
[15.340s][info][gc          ] GC(33) Pause Full (System.gc()) 1575M->1575M(6144M) 542.638ms
[15.880s][info][gc,metaspace] GC(34) Metaspace: 11492K(11840K)->11492K(11840K) NonClass: 9617K(9792K)->9617K(9792K) Class: 1875K(2048K)->1875K(2048K)
[15.880s][info][gc          ] GC(34) Pause Full (System.gc()) 1575M->1575M(6144M) 539.776ms
[16.419s][info][gc,metaspace] GC(35) Metaspace: 11492K(11840K)->11492K(11840K) NonClass: 9617K(9792K)->9617K(9792K) Class: 1875K(2048K)->1875K(2048K)
[16.419s][info][gc          ] GC(35) Pause Full (System.gc()) 1575M->1575M(6144M) 538.744ms
After GCs... 
