Done; will start GCs... 
[10.662s][info][gc,metaspace] GC(26) Metaspace: 11466K(11840K)->11466K(11840K) NonClass: 9588K(9792K)->9588K(9792K) Class: 1877K(2048K)->1877K(2048K)
[10.662s][info][gc          ] GC(26) Pause Full (System.gc()) 1577M->1575M(6144M) 575.318ms
[11.250s][info][gc,metaspace] GC(27) Metaspace: 11466K(11840K)->11466K(11840K) NonClass: 9588K(9792K)->9588K(9792K) Class: 1877K(2048K)->1877K(2048K)
[11.250s][info][gc          ] GC(27) Pause Full (System.gc()) 1575M->1575M(6144M) 587.385ms
[11.831s][info][gc,metaspace] GC(28) Metaspace: 11466K(11840K)->11466K(11840K) NonClass: 9588K(9792K)->9588K(9792K) Class: 1877K(2048K)->1877K(2048K)
[11.831s][info][gc          ] GC(28) Pause Full (System.gc()) 1575M->1575M(6144M) 581.641ms
[12.417s][info][gc,metaspace] GC(29) Metaspace: 11466K(11840K)->11466K(11840K) NonClass: 9588K(9792K)->9588K(9792K) Class: 1877K(2048K)->1877K(2048K)
[12.417s][info][gc          ] GC(29) Pause Full (System.gc()) 1575M->1575M(6144M) 585.797ms
[12.998s][info][gc,metaspace] GC(30) Metaspace: 11466K(11840K)->11466K(11840K) NonClass: 9588K(9792K)->9588K(9792K) Class: 1877K(2048K)->1877K(2048K)
[12.998s][info][gc          ] GC(30) Pause Full (System.gc()) 1575M->1575M(6144M) 581.122ms
[13.593s][info][gc,metaspace] GC(31) Metaspace: 11466K(11840K)->11466K(11840K) NonClass: 9588K(9792K)->9588K(9792K) Class: 1877K(2048K)->1877K(2048K)
[13.593s][info][gc          ] GC(31) Pause Full (System.gc()) 1575M->1575M(6144M) 594.519ms
[14.178s][info][gc,metaspace] GC(32) Metaspace: 11466K(11840K)->11466K(11840K) NonClass: 9588K(9792K)->9588K(9792K) Class: 1877K(2048K)->1877K(2048K)
[14.178s][info][gc          ] GC(32) Pause Full (System.gc()) 1575M->1575M(6144M) 584.583ms
[14.710s][info][gc,metaspace] GC(33) Metaspace: 11466K(11840K)->11466K(11840K) NonClass: 9588K(9792K)->9588K(9792K) Class: 1877K(2048K)->1877K(2048K)
[14.710s][info][gc          ] GC(33) Pause Full (System.gc()) 1575M->1575M(6144M) 532.252ms
[15.244s][info][gc,metaspace] GC(34) Metaspace: 11466K(11840K)->11466K(11840K) NonClass: 9588K(9792K)->9588K(9792K) Class: 1877K(2048K)->1877K(2048K)
[15.244s][info][gc          ] GC(34) Pause Full (System.gc()) 1575M->1575M(6144M) 534.166ms
[15.791s][info][gc,metaspace] GC(35) Metaspace: 11466K(11840K)->11466K(11840K) NonClass: 9588K(9792K)->9588K(9792K) Class: 1877K(2048K)->1877K(2048K)
[15.791s][info][gc          ] GC(35) Pause Full (System.gc()) 1575M->1575M(6144M) 546.941ms
After GCs... 
