Done; will start GCs... 
[34.775s][info][gc          ] GC(13) Major Collection (System.gc())
[34.785s][info][gc,metaspace] GC(13) Y: Metaspace: 30M used, 34M committed, 3136M reserved
[34.794s][info][gc,metaspace] GC(13) Y: Metaspace: 30M used, 34M committed, 3136M reserved
[37.286s][info][gc,metaspace] GC(13) O: Metaspace: 30M used, 34M committed, 3136M reserved
[37.286s][info][gc          ] GC(13) Major Collection (System.gc()) 2212M(36%)->2210M(36%) 2.511s
[37.286s][info][gc          ] GC(14) Major Collection (System.gc())
[37.295s][info][gc,metaspace] GC(14) Y: Metaspace: 30M used, 34M committed, 3136M reserved
[37.304s][info][gc,metaspace] GC(14) Y: Metaspace: 30M used, 34M committed, 3136M reserved
[39.736s][info][gc,metaspace] GC(14) O: Metaspace: 30M used, 34M committed, 3136M reserved
[39.736s][info][gc          ] GC(14) Major Collection (System.gc()) 2210M(36%)->2210M(36%) 2.450s
[39.736s][info][gc          ] GC(15) Major Collection (System.gc())
[39.745s][info][gc,metaspace] GC(15) Y: Metaspace: 30M used, 34M committed, 3136M reserved
[39.754s][info][gc,metaspace] GC(15) Y: Metaspace: 30M used, 34M committed, 3136M reserved
[42.215s][info][gc,metaspace] GC(15) O: Metaspace: 30M used, 34M committed, 3136M reserved
[42.215s][info][gc          ] GC(15) Major Collection (System.gc()) 2210M(36%)->2210M(36%) 2.478s
[42.215s][info][gc          ] GC(16) Major Collection (System.gc())
[42.224s][info][gc,metaspace] GC(16) Y: Metaspace: 30M used, 34M committed, 3136M reserved
[42.233s][info][gc,metaspace] GC(16) Y: Metaspace: 30M used, 34M committed, 3136M reserved
[44.659s][info][gc,metaspace] GC(16) O: Metaspace: 30M used, 34M committed, 3136M reserved
[44.659s][info][gc          ] GC(16) Major Collection (System.gc()) 2210M(36%)->2210M(36%) 2.445s
[44.659s][info][gc          ] GC(17) Major Collection (System.gc())
[44.669s][info][gc,metaspace] GC(17) Y: Metaspace: 30M used, 34M committed, 3136M reserved
[44.678s][info][gc,metaspace] GC(17) Y: Metaspace: 30M used, 34M committed, 3136M reserved
[47.152s][info][gc,metaspace] GC(17) O: Metaspace: 30M used, 34M committed, 3136M reserved
[47.152s][info][gc          ] GC(17) Major Collection (System.gc()) 2210M(36%)->2210M(36%) 2.493s
[47.152s][info][gc          ] GC(18) Major Collection (System.gc())
[47.162s][info][gc,metaspace] GC(18) Y: Metaspace: 30M used, 34M committed, 3136M reserved
[47.171s][info][gc,metaspace] GC(18) Y: Metaspace: 30M used, 34M committed, 3136M reserved
[49.577s][info][gc,metaspace] GC(18) O: Metaspace: 30M used, 34M committed, 3136M reserved
[49.577s][info][gc          ] GC(18) Major Collection (System.gc()) 2210M(36%)->2210M(36%) 2.425s
[49.577s][info][gc          ] GC(19) Major Collection (System.gc())
[49.587s][info][gc,metaspace] GC(19) Y: Metaspace: 30M used, 34M committed, 3136M reserved
[49.596s][info][gc,metaspace] GC(19) Y: Metaspace: 30M used, 34M committed, 3136M reserved
[52.075s][info][gc,metaspace] GC(19) O: Metaspace: 30M used, 34M committed, 3136M reserved
[52.075s][info][gc          ] GC(19) Major Collection (System.gc()) 2210M(36%)->2210M(36%) 2.498s
[52.075s][info][gc          ] GC(20) Major Collection (System.gc())
[52.085s][info][gc,metaspace] GC(20) Y: Metaspace: 30M used, 34M committed, 3136M reserved
[52.094s][info][gc,metaspace] GC(20) Y: Metaspace: 30M used, 34M committed, 3136M reserved
[54.517s][info][gc,metaspace] GC(20) O: Metaspace: 30M used, 34M committed, 3136M reserved
[54.517s][info][gc          ] GC(20) Major Collection (System.gc()) 2210M(36%)->2210M(36%) 2.442s
[54.517s][info][gc          ] GC(21) Major Collection (System.gc())
[54.527s][info][gc,metaspace] GC(21) Y: Metaspace: 30M used, 34M committed, 3136M reserved
[54.536s][info][gc,metaspace] GC(21) Y: Metaspace: 30M used, 34M committed, 3136M reserved
[57.017s][info][gc,metaspace] GC(21) O: Metaspace: 30M used, 34M committed, 3136M reserved
[57.017s][info][gc          ] GC(21) Major Collection (System.gc()) 2210M(36%)->2210M(36%) 2.499s
[57.017s][info][gc          ] GC(22) Major Collection (System.gc())
[57.026s][info][gc,metaspace] GC(22) Y: Metaspace: 30M used, 34M committed, 3136M reserved
[57.035s][info][gc,metaspace] GC(22) Y: Metaspace: 30M used, 34M committed, 3136M reserved
[59.469s][info][gc,metaspace] GC(22) O: Metaspace: 30M used, 34M committed, 3136M reserved
[59.469s][info][gc          ] GC(22) Major Collection (System.gc()) 2210M(36%)->2210M(36%) 2.452s
[59.469s][info][gc          ] GC(23) Major Collection (System.gc())
[59.479s][info][gc,metaspace] GC(23) Y: Metaspace: 30M used, 34M committed, 3136M reserved
[59.488s][info][gc,metaspace] GC(23) Y: Metaspace: 30M used, 34M committed, 3136M reserved
[61.956s][info][gc,metaspace] GC(23) O: Metaspace: 30M used, 34M committed, 3136M reserved
[61.956s][info][gc          ] GC(23) Major Collection (System.gc()) 2210M(36%)->2212M(36%) 2.488s
[61.956s][info][gc          ] GC(24) Major Collection (System.gc())
[61.967s][info][gc,metaspace] GC(24) Y: Metaspace: 30M used, 34M committed, 3136M reserved
[61.975s][info][gc,metaspace] GC(24) Y: Metaspace: 30M used, 34M committed, 3136M reserved
[64.393s][info][gc,metaspace] GC(24) O: Metaspace: 30M used, 34M committed, 3136M reserved
[64.393s][info][gc          ] GC(24) Major Collection (System.gc()) 2212M(36%)->2212M(36%) 2.436s
[64.393s][info][gc          ] GC(25) Major Collection (System.gc())
[64.403s][info][gc,metaspace] GC(25) Y: Metaspace: 30M used, 34M committed, 3136M reserved
[64.412s][info][gc,metaspace] GC(25) Y: Metaspace: 30M used, 34M committed, 3136M reserved
[66.882s][info][gc,metaspace] GC(25) O: Metaspace: 30M used, 34M committed, 3136M reserved
[66.882s][info][gc          ] GC(25) Major Collection (System.gc()) 2212M(36%)->2212M(36%) 2.489s
[66.882s][info][gc          ] GC(26) Major Collection (System.gc())
[66.892s][info][gc,metaspace] GC(26) Y: Metaspace: 30M used, 34M committed, 3136M reserved
[66.901s][info][gc,metaspace] GC(26) Y: Metaspace: 30M used, 34M committed, 3136M reserved
[69.328s][info][gc,metaspace] GC(26) O: Metaspace: 30M used, 34M committed, 3136M reserved
[69.328s][info][gc          ] GC(26) Major Collection (System.gc()) 2212M(36%)->2212M(36%) 2.446s
[69.328s][info][gc          ] GC(27) Major Collection (System.gc())
[69.337s][info][gc,metaspace] GC(27) Y: Metaspace: 30M used, 34M committed, 3136M reserved
[69.346s][info][gc,metaspace] GC(27) Y: Metaspace: 30M used, 34M committed, 3136M reserved
[71.826s][info][gc,metaspace] GC(27) O: Metaspace: 30M used, 34M committed, 3136M reserved
[71.826s][info][gc          ] GC(27) Major Collection (System.gc()) 2212M(36%)->2212M(36%) 2.498s
[71.826s][info][gc          ] GC(28) Major Collection (System.gc())
[71.836s][info][gc,metaspace] GC(28) Y: Metaspace: 30M used, 34M committed, 3136M reserved
[71.845s][info][gc,metaspace] GC(28) Y: Metaspace: 30M used, 34M committed, 3136M reserved
[74.654s][info][gc,metaspace] GC(28) O: Metaspace: 30M used, 34M committed, 3136M reserved
[74.654s][info][gc          ] GC(28) Major Collection (System.gc()) 2212M(36%)->2212M(36%) 2.828s
[74.654s][info][gc          ] GC(29) Major Collection (System.gc())
[74.669s][info][gc,metaspace] GC(29) Y: Metaspace: 30M used, 34M committed, 3136M reserved
[74.678s][info][gc,metaspace] GC(29) Y: Metaspace: 30M used, 34M committed, 3136M reserved
[77.137s][info][gc,metaspace] GC(29) O: Metaspace: 30M used, 34M committed, 3136M reserved
[77.137s][info][gc          ] GC(29) Major Collection (System.gc()) 2212M(36%)->2212M(36%) 2.483s
[77.137s][info][gc          ] GC(30) Major Collection (System.gc())
[77.146s][info][gc,metaspace] GC(30) Y: Metaspace: 30M used, 34M committed, 3136M reserved
[77.155s][info][gc,metaspace] GC(30) Y: Metaspace: 30M used, 34M committed, 3136M reserved
[79.886s][info][gc,metaspace] GC(30) O: Metaspace: 30M used, 34M committed, 3136M reserved
[79.887s][info][gc          ] GC(30) Major Collection (System.gc()) 2212M(36%)->2212M(36%) 2.749s
[79.887s][info][gc          ] GC(31) Major Collection (System.gc())
[79.902s][info][gc,metaspace] GC(31) Y: Metaspace: 30M used, 34M committed, 3136M reserved
[79.910s][info][gc,metaspace] GC(31) Y: Metaspace: 30M used, 34M committed, 3136M reserved
[82.328s][info][gc,metaspace] GC(31) O: Metaspace: 30M used, 34M committed, 3136M reserved
[82.328s][info][gc          ] GC(31) Major Collection (System.gc()) 2212M(36%)->2212M(36%) 2.442s
[82.329s][info][gc          ] GC(32) Major Collection (System.gc())
[82.338s][info][gc,metaspace] GC(32) Y: Metaspace: 30M used, 34M committed, 3136M reserved
[82.347s][info][gc,metaspace] GC(32) Y: Metaspace: 30M used, 34M committed, 3136M reserved
[84.826s][info][gc,metaspace] GC(32) O: Metaspace: 30M used, 34M committed, 3136M reserved
[84.826s][info][gc          ] GC(32) Major Collection (System.gc()) 2212M(36%)->2212M(36%) 2.498s
[84.826s][info][gc          ] GC(33) Major Collection (System.gc())
[84.836s][info][gc,metaspace] GC(33) Y: Metaspace: 30M used, 34M committed, 3136M reserved
[84.845s][info][gc,metaspace] GC(33) Y: Metaspace: 30M used, 34M committed, 3136M reserved
[87.677s][info][gc,metaspace] GC(33) O: Metaspace: 30M used, 34M committed, 3136M reserved
[87.677s][info][gc          ] GC(33) Major Collection (System.gc()) 2212M(36%)->2212M(36%) 2.851s
[87.678s][info][gc          ] GC(34) Major Collection (System.gc())
[87.688s][info][gc,metaspace] GC(34) Y: Metaspace: 30M used, 34M committed, 3136M reserved
[87.696s][info][gc,metaspace] GC(34) Y: Metaspace: 30M used, 34M committed, 3136M reserved
[90.142s][info][gc,metaspace] GC(34) O: Metaspace: 30M used, 34M committed, 3136M reserved
[90.142s][info][gc          ] GC(34) Major Collection (System.gc()) 2212M(36%)->2212M(36%) 2.465s
[90.142s][info][gc          ] GC(35) Major Collection (System.gc())
[90.152s][info][gc,metaspace] GC(35) Y: Metaspace: 30M used, 34M committed, 3136M reserved
[90.160s][info][gc,metaspace] GC(35) Y: Metaspace: 30M used, 34M committed, 3136M reserved
[92.560s][info][gc,metaspace] GC(35) O: Metaspace: 30M used, 34M committed, 3136M reserved
[92.560s][info][gc          ] GC(35) Major Collection (System.gc()) 2212M(36%)->2212M(36%) 2.417s
[92.560s][info][gc          ] GC(36) Major Collection (System.gc())
[92.570s][info][gc,metaspace] GC(36) Y: Metaspace: 30M used, 34M committed, 3136M reserved
[92.579s][info][gc,metaspace] GC(36) Y: Metaspace: 30M used, 34M committed, 3136M reserved
[95.040s][info][gc,metaspace] GC(36) O: Metaspace: 30M used, 34M committed, 3136M reserved
[95.040s][info][gc          ] GC(36) Major Collection (System.gc()) 2212M(36%)->2212M(36%) 2.480s
[95.040s][info][gc          ] GC(37) Major Collection (System.gc())
[95.050s][info][gc,metaspace] GC(37) Y: Metaspace: 30M used, 34M committed, 3136M reserved
[95.059s][info][gc,metaspace] GC(37) Y: Metaspace: 30M used, 34M committed, 3136M reserved
[97.493s][info][gc,metaspace] GC(37) O: Metaspace: 30M used, 34M committed, 3136M reserved
[97.493s][info][gc          ] GC(37) Major Collection (System.gc()) 2212M(36%)->2212M(36%) 2.453s
[97.493s][info][gc          ] GC(38) Major Collection (System.gc())
[97.503s][info][gc,metaspace] GC(38) Y: Metaspace: 30M used, 34M committed, 3136M reserved
[97.512s][info][gc,metaspace] GC(38) Y: Metaspace: 30M used, 34M committed, 3136M reserved
[99.982s][info][gc,metaspace] GC(38) O: Metaspace: 30M used, 34M committed, 3136M reserved
[99.982s][info][gc          ] GC(38) Major Collection (System.gc()) 2212M(36%)->2212M(36%) 2.489s
[99.982s][info][gc          ] GC(39) Major Collection (System.gc())
[99.992s][info][gc,metaspace] GC(39) Y: Metaspace: 30M used, 34M committed, 3136M reserved
[100.001s][info][gc,metaspace] GC(39) Y: Metaspace: 30M used, 34M committed, 3136M reserved
[102.412s][info][gc,metaspace] GC(39) O: Metaspace: 30M used, 34M committed, 3136M reserved
[102.412s][info][gc          ] GC(39) Major Collection (System.gc()) 2212M(36%)->2212M(36%) 2.430s
[102.412s][info][gc          ] GC(40) Major Collection (System.gc())
[102.421s][info][gc,metaspace] GC(40) Y: Metaspace: 30M used, 34M committed, 3136M reserved
[102.430s][info][gc,metaspace] GC(40) Y: Metaspace: 30M used, 34M committed, 3136M reserved
[104.913s][info][gc,metaspace] GC(40) O: Metaspace: 30M used, 34M committed, 3136M reserved
[104.913s][info][gc          ] GC(40) Major Collection (System.gc()) 2212M(36%)->2212M(36%) 2.501s
[104.913s][info][gc          ] GC(41) Major Collection (System.gc())
[104.923s][info][gc,metaspace] GC(41) Y: Metaspace: 30M used, 34M committed, 3136M reserved
[104.932s][info][gc,metaspace] GC(41) Y: Metaspace: 30M used, 34M committed, 3136M reserved
[107.326s][info][gc,metaspace] GC(41) O: Metaspace: 30M used, 34M committed, 3136M reserved
[107.326s][info][gc          ] GC(41) Major Collection (System.gc()) 2212M(36%)->2212M(36%) 2.413s
[107.326s][info][gc          ] GC(42) Major Collection (System.gc())
[107.336s][info][gc,metaspace] GC(42) Y: Metaspace: 30M used, 34M committed, 3136M reserved
[107.345s][info][gc,metaspace] GC(42) Y: Metaspace: 30M used, 34M committed, 3136M reserved
[109.829s][info][gc,metaspace] GC(42) O: Metaspace: 30M used, 34M committed, 3136M reserved
[109.829s][info][gc          ] GC(42) Major Collection (System.gc()) 2212M(36%)->2212M(36%) 2.503s
[109.829s][info][gc          ] GC(43) Major Collection (System.gc())
[109.839s][info][gc,metaspace] GC(43) Y: Metaspace: 30M used, 34M committed, 3136M reserved
[109.848s][info][gc,metaspace] GC(43) Y: Metaspace: 30M used, 34M committed, 3136M reserved
[112.657s][info][gc,metaspace] GC(43) O: Metaspace: 30M used, 34M committed, 3136M reserved
[112.657s][info][gc          ] GC(43) Major Collection (System.gc()) 2212M(36%)->2212M(36%) 2.827s
[112.657s][info][gc          ] GC(44) Major Collection (System.gc())
[112.667s][info][gc,metaspace] GC(44) Y: Metaspace: 30M used, 34M committed, 3136M reserved
[112.676s][info][gc,metaspace] GC(44) Y: Metaspace: 30M used, 34M committed, 3136M reserved
[115.136s][info][gc,metaspace] GC(44) O: Metaspace: 30M used, 34M committed, 3136M reserved
[115.136s][info][gc          ] GC(44) Major Collection (System.gc()) 2212M(36%)->2212M(36%) 2.479s
[115.136s][info][gc          ] GC(45) Major Collection (System.gc())
[115.146s][info][gc,metaspace] GC(45) Y: Metaspace: 30M used, 34M committed, 3136M reserved
[115.155s][info][gc,metaspace] GC(45) Y: Metaspace: 30M used, 34M committed, 3136M reserved
[117.582s][info][gc,metaspace] GC(45) O: Metaspace: 30M used, 34M committed, 3136M reserved
[117.582s][info][gc          ] GC(45) Major Collection (System.gc()) 2212M(36%)->2212M(36%) 2.446s
[117.582s][info][gc          ] GC(46) Major Collection (System.gc())
[117.591s][info][gc,metaspace] GC(46) Y: Metaspace: 30M used, 34M committed, 3136M reserved
[117.600s][info][gc,metaspace] GC(46) Y: Metaspace: 30M used, 34M committed, 3136M reserved
[120.089s][info][gc,metaspace] GC(46) O: Metaspace: 30M used, 34M committed, 3136M reserved
[120.089s][info][gc          ] GC(46) Major Collection (System.gc()) 2212M(36%)->2212M(36%) 2.507s
[120.089s][info][gc          ] GC(47) Major Collection (System.gc())
[120.099s][info][gc,metaspace] GC(47) Y: Metaspace: 30M used, 34M committed, 3136M reserved
[120.108s][info][gc,metaspace] GC(47) Y: Metaspace: 30M used, 34M committed, 3136M reserved
[122.513s][info][gc,metaspace] GC(47) O: Metaspace: 30M used, 34M committed, 3136M reserved
[122.513s][info][gc          ] GC(47) Major Collection (System.gc()) 2212M(36%)->2214M(36%) 2.424s
[122.513s][info][gc          ] GC(48) Major Collection (System.gc())
[122.524s][info][gc,metaspace] GC(48) Y: Metaspace: 30M used, 34M committed, 3136M reserved
[122.532s][info][gc,metaspace] GC(48) Y: Metaspace: 30M used, 34M committed, 3136M reserved
[125.009s][info][gc,metaspace] GC(48) O: Metaspace: 30M used, 34M committed, 3136M reserved
[125.009s][info][gc          ] GC(48) Major Collection (System.gc()) 2214M(36%)->2212M(36%) 2.496s
[125.009s][info][gc          ] GC(49) Major Collection (System.gc())
[125.019s][info][gc,metaspace] GC(49) Y: Metaspace: 30M used, 34M committed, 3136M reserved
[125.028s][info][gc,metaspace] GC(49) Y: Metaspace: 30M used, 34M committed, 3136M reserved
[127.448s][info][gc,metaspace] GC(49) O: Metaspace: 30M used, 34M committed, 3136M reserved
[127.448s][info][gc          ] GC(49) Major Collection (System.gc()) 2212M(36%)->2212M(36%) 2.439s
[127.448s][info][gc          ] GC(50) Major Collection (System.gc())
[127.458s][info][gc,metaspace] GC(50) Y: Metaspace: 30M used, 34M committed, 3136M reserved
[127.467s][info][gc,metaspace] GC(50) Y: Metaspace: 30M used, 34M committed, 3136M reserved
[129.940s][info][gc,metaspace] GC(50) O: Metaspace: 30M used, 34M committed, 3136M reserved
[129.941s][info][gc          ] GC(50) Major Collection (System.gc()) 2212M(36%)->2212M(36%) 2.493s
[129.941s][info][gc          ] GC(51) Major Collection (System.gc())
[129.950s][info][gc,metaspace] GC(51) Y: Metaspace: 30M used, 34M committed, 3136M reserved
[129.959s][info][gc,metaspace] GC(51) Y: Metaspace: 30M used, 34M committed, 3136M reserved
[132.376s][info][gc,metaspace] GC(51) O: Metaspace: 30M used, 34M committed, 3136M reserved
[132.376s][info][gc          ] GC(51) Major Collection (System.gc()) 2212M(36%)->2212M(36%) 2.435s
[132.376s][info][gc          ] GC(52) Major Collection (System.gc())
[132.386s][info][gc,metaspace] GC(52) Y: Metaspace: 30M used, 34M committed, 3136M reserved
[132.395s][info][gc,metaspace] GC(52) Y: Metaspace: 30M used, 34M committed, 3136M reserved
[134.866s][info][gc,metaspace] GC(52) O: Metaspace: 30M used, 34M committed, 3136M reserved
[134.866s][info][gc          ] GC(52) Major Collection (System.gc()) 2212M(36%)->2212M(36%) 2.490s
[134.866s][info][gc          ] GC(53) Major Collection (System.gc())
[134.876s][info][gc,metaspace] GC(53) Y: Metaspace: 30M used, 34M committed, 3136M reserved
[134.885s][info][gc,metaspace] GC(53) Y: Metaspace: 30M used, 34M committed, 3136M reserved
[137.297s][info][gc,metaspace] GC(53) O: Metaspace: 30M used, 34M committed, 3136M reserved
[137.297s][info][gc          ] GC(53) Major Collection (System.gc()) 2212M(36%)->2212M(36%) 2.431s
[137.297s][info][gc          ] GC(54) Major Collection (System.gc())
[137.306s][info][gc,metaspace] GC(54) Y: Metaspace: 30M used, 34M committed, 3136M reserved
[137.315s][info][gc,metaspace] GC(54) Y: Metaspace: 30M used, 34M committed, 3136M reserved
[139.717s][info][gc,metaspace] GC(54) O: Metaspace: 30M used, 34M committed, 3136M reserved
[139.717s][info][gc          ] GC(54) Major Collection (System.gc()) 2212M(36%)->2212M(36%) 2.421s
[139.718s][info][gc          ] GC(55) Major Collection (System.gc())
[139.728s][info][gc,metaspace] GC(55) Y: Metaspace: 30M used, 34M committed, 3136M reserved
[139.737s][info][gc,metaspace] GC(55) Y: Metaspace: 30M used, 34M committed, 3136M reserved
[142.204s][info][gc,metaspace] GC(55) O: Metaspace: 30M used, 34M committed, 3136M reserved
[142.204s][info][gc          ] GC(55) Major Collection (System.gc()) 2212M(36%)->2212M(36%) 2.486s
[142.204s][info][gc          ] GC(56) Major Collection (System.gc())
[142.214s][info][gc,metaspace] GC(56) Y: Metaspace: 30M used, 34M committed, 3136M reserved
[142.223s][info][gc,metaspace] GC(56) Y: Metaspace: 30M used, 34M committed, 3136M reserved
[144.655s][info][gc,metaspace] GC(56) O: Metaspace: 30M used, 34M committed, 3136M reserved
[144.655s][info][gc          ] GC(56) Major Collection (System.gc()) 2212M(36%)->2212M(36%) 2.451s
[144.655s][info][gc          ] GC(57) Major Collection (System.gc())
[144.666s][info][gc,metaspace] GC(57) Y: Metaspace: 30M used, 34M committed, 3136M reserved
[144.674s][info][gc,metaspace] GC(57) Y: Metaspace: 30M used, 34M committed, 3136M reserved
[147.122s][info][gc,metaspace] GC(57) O: Metaspace: 30M used, 34M committed, 3136M reserved
[147.122s][info][gc          ] GC(57) Major Collection (System.gc()) 2212M(36%)->2212M(36%) 2.467s
[147.123s][info][gc          ] GC(58) Major Collection (System.gc())
[147.133s][info][gc,metaspace] GC(58) Y: Metaspace: 30M used, 34M committed, 3136M reserved
[147.142s][info][gc,metaspace] GC(58) Y: Metaspace: 30M used, 34M committed, 3136M reserved
[149.554s][info][gc,metaspace] GC(58) O: Metaspace: 30M used, 34M committed, 3136M reserved
[149.554s][info][gc          ] GC(58) Major Collection (System.gc()) 2212M(36%)->2212M(36%) 2.431s
[149.554s][info][gc          ] GC(59) Major Collection (System.gc())
[149.563s][info][gc,metaspace] GC(59) Y: Metaspace: 30M used, 34M committed, 3136M reserved
[149.572s][info][gc,metaspace] GC(59) Y: Metaspace: 30M used, 34M committed, 3136M reserved
[152.063s][info][gc,metaspace] GC(59) O: Metaspace: 30M used, 34M committed, 3136M reserved
[152.063s][info][gc          ] GC(59) Major Collection (System.gc()) 2212M(36%)->2212M(36%) 2.509s
[152.063s][info][gc          ] GC(60) Major Collection (System.gc())
[152.073s][info][gc,metaspace] GC(60) Y: Metaspace: 30M used, 34M committed, 3136M reserved
[152.082s][info][gc,metaspace] GC(60) Y: Metaspace: 30M used, 34M committed, 3136M reserved
[154.501s][info][gc,metaspace] GC(60) O: Metaspace: 30M used, 34M committed, 3136M reserved
[154.501s][info][gc          ] GC(60) Major Collection (System.gc()) 2212M(36%)->2212M(36%) 2.438s
[154.501s][info][gc          ] GC(61) Major Collection (System.gc())
[154.512s][info][gc,metaspace] GC(61) Y: Metaspace: 30M used, 34M committed, 3136M reserved
[154.520s][info][gc,metaspace] GC(61) Y: Metaspace: 30M used, 34M committed, 3136M reserved
[156.998s][info][gc,metaspace] GC(61) O: Metaspace: 30M used, 34M committed, 3136M reserved
[156.998s][info][gc          ] GC(61) Major Collection (System.gc()) 2212M(36%)->2212M(36%) 2.497s
[156.998s][info][gc          ] GC(62) Major Collection (System.gc())
[157.008s][info][gc,metaspace] GC(62) Y: Metaspace: 30M used, 34M committed, 3136M reserved
[157.016s][info][gc,metaspace] GC(62) Y: Metaspace: 30M used, 34M committed, 3136M reserved
[159.453s][info][gc,metaspace] GC(62) O: Metaspace: 30M used, 34M committed, 3136M reserved
[159.453s][info][gc          ] GC(62) Major Collection (System.gc()) 2212M(36%)->2212M(36%) 2.455s
After GCs... 
