[0.001s][info][metaspace]  - commit_granule_bytes: 65536.
[0.001s][info][metaspace]  - commit_granule_words: 8192.
[0.001s][info][metaspace]  - virtual_space_node_default_size: 8388608.
[0.001s][info][metaspace]  - enlarge_chunks_in_place: 1.
[0.001s][info][metaspace]  - use_allocation_guard: 0.
[0.394s][info][gc       ] Using The Z Garbage Collector
[0.394s][info][metaspace] Reserving compressed class space anywhere
[0.394s][info][gc,metaspace] CDS archive(s) not mapped
[0.394s][info][gc,metaspace] Compressed class space mapped at: 0x0000000009000000-0x00000000c9000000, reserved size: 3221225472
[0.394s][info][gc,metaspace] UseCompressedClassPointers 1, UseCompactObjectHeaders 0, narrow klass pointer bits 32, max shift 3
[0.394s][info][gc,metaspace] Narrow klass base: 0x0000000000000000, Narrow klass shift: 0, Narrow klass range: 0xc9000000
Random Seed: 12345678
Num Classes: 4096
Num Objects: 67108864
Percent IK Objects: 83.0%)
Percent OAK Objects: 5.0%)
Percent TAK Objects: 12.0%)
Cycles: 50
Loading 4096 pre-generated classes ...
Materialize pre-generated constructors ...
Creating objects...
[0.776s][info][gc          ] GC(0) Major Collection (System.gc())
[0.804s][info][gc,metaspace] GC(0) Y: Metaspace: 15M used, 15M committed, 3136M reserved
[0.808s][info][gc,metaspace] GC(0) Y: Metaspace: 15M used, 15M committed, 3136M reserved
[0.821s][info][gc,metaspace] GC(0) O: Metaspace: 15M used, 15M committed, 3136M reserved
[0.821s][info][gc          ] GC(0) Major Collection (System.gc()) 68M(1%)->42M(1%) 0.046s
[1.042s][info][gc          ] GC(1) Major Collection (Warmup)
[1.205s][info][gc,metaspace] GC(1) Y: Metaspace: 16M used, 17M committed, 3136M reserved
[1.231s][info][gc,metaspace] GC(1) O: Metaspace: 16M used, 17M committed, 3136M reserved
[1.231s][info][gc          ] GC(1) Major Collection (Warmup) 616M(10%)->690M(11%) 0.189s
[2.479s][info][gc          ] GC(2) Major Collection (Warmup)
[3.663s][info][gc,metaspace] GC(2) Y: Metaspace: 29M used, 33M committed, 3136M reserved
[3.671s][info][gc          ] GC(3) Minor Collection (Allocation Rate)
[3.937s][info][gc,metaspace] GC(3) y: Metaspace: 29M used, 33M committed, 3136M reserved
[3.937s][info][gc          ] GC(3) Minor Collection (Allocation Rate) 1120M(18%)->808M(13%) 0.266s
[3.999s][info][gc,metaspace] GC(2) O: Metaspace: 29M used, 33M committed, 3136M reserved
[3.999s][info][gc          ] GC(2) Major Collection (Warmup) 1230M(20%)->842M(14%) 1.520s
[5.761s][info][gc          ] GC(4) Major Collection (Allocation Rate)
[6.464s][info][gc,metaspace] GC(4) Y: Metaspace: 29M used, 33M committed, 3136M reserved
[7.601s][info][gc,metaspace] GC(4) O: Metaspace: 29M used, 33M committed, 3136M reserved
[7.601s][info][gc          ] GC(4) Major Collection (Allocation Rate) 1836M(30%)->1712M(28%) 1.840s
[7.817s][info][gc          ] GC(5) Major Collection (Warmup)
[8.684s][info][gc,metaspace] GC(5) Y: Metaspace: 29M used, 33M committed, 3136M reserved
[10.123s][info][gc,metaspace] GC(5) O: Metaspace: 29M used, 33M committed, 3136M reserved
[10.123s][info][gc          ] GC(5) Major Collection (Warmup) 1844M(30%)->2126M(35%) 2.306s
[14.034s][info][gc          ] GC(6) Minor Collection (Allocation Rate)
[16.155s][info][gc,metaspace] GC(6) y: Metaspace: 29M used, 33M committed, 3136M reserved
[16.155s][info][gc          ] GC(6) Minor Collection (Allocation Rate) 4458M(73%)->2214M(36%) 2.121s
[16.155s][info][gc          ] GC(7) Minor Collection (Allocation Rate)
[18.106s][info][gc,metaspace] GC(7) y: Metaspace: 29M used, 33M committed, 3136M reserved
[18.106s][info][gc          ] GC(7) Minor Collection (Allocation Rate) 2214M(36%)->2940M(48%) 1.951s
[18.107s][info][gc          ] GC(8) Major Collection (Allocation Rate)
[19.085s][info][gc,metaspace] GC(8) Y: Metaspace: 29M used, 33M committed, 3136M reserved
[19.089s][info][gc          ] GC(9) Minor Collection (Allocation Rate)
[21.146s][info][gc,metaspace] GC(9) y: Metaspace: 29M used, 33M committed, 3136M reserved
[21.146s][info][gc          ] GC(9) Minor Collection (Allocation Rate) 2442M(40%)->4102M(67%) 2.057s
[21.146s][info][gc          ] GC(10) Minor Collection (Allocation Rate)
[23.272s][info][gc,metaspace] GC(10) y: Metaspace: 29M used, 33M committed, 3136M reserved
[23.272s][info][gc          ] GC(10) Minor Collection (Allocation Rate) 4102M(67%)->4246M(69%) 2.126s
[23.564s][info][gc          ] GC(11) Minor Collection (Allocation Rate)
[25.665s][info][gc          ] Allocation Stall (main) 956.612ms
[26.006s][info][gc,metaspace] GC(11) y: Metaspace: 29M used, 33M committed, 3136M reserved
[26.006s][info][gc          ] GC(11) Minor Collection (Allocation Rate) 4652M(76%)->3978M(65%) 2.442s
[26.006s][info][gc,metaspace] GC(8) O: Metaspace: 29M used, 33M committed, 3136M reserved
[26.006s][info][gc          ] GC(8) Major Collection (Allocation Rate) 2940M(48%)->3978M(65%) 7.899s
[26.016s][info][gc          ] GC(12) Minor Collection (Allocation Rate)
67108864 Objects created
 - IK: 55699211 (82.99829%)
 - OAK: 3355627 (5.0002737%)
 - TAK: 8054026 (12.001434%)
Preparatory GC...
[28.487s][info][gc,metaspace] GC(12) y: Metaspace: 29M used, 33M committed, 3136M reserved
[28.487s][info][gc          ] GC(12) Minor Collection (Allocation Rate) 3992M(65%)->3240M(53%) 2.471s
[28.487s][info][gc          ] GC(13) Major Collection (System.gc())
[30.525s][info][gc,metaspace] GC(13) Y: Metaspace: 29M used, 33M committed, 3136M reserved
[30.726s][info][gc,metaspace] GC(13) Y: Metaspace: 29M used, 33M committed, 3136M reserved
[33.637s][info][gc,metaspace] GC(13) O: Metaspace: 29M used, 33M committed, 3136M reserved
[33.637s][info][gc          ] GC(13) Major Collection (System.gc()) 3240M(53%)->2462M(40%) 5.150s
[33.637s][info][gc          ] GC(14) Major Collection (System.gc())
[33.648s][info][gc,metaspace] GC(14) Y: Metaspace: 29M used, 33M committed, 3136M reserved
[33.657s][info][gc,metaspace] GC(14) Y: Metaspace: 29M used, 33M committed, 3136M reserved
[36.014s][info][gc,metaspace] GC(14) O: Metaspace: 29M used, 33M committed, 3136M reserved
[36.014s][info][gc          ] GC(14) Major Collection (System.gc()) 2462M(40%)->2462M(40%) 2.377s
Done; will start GCs... 
[36.015s][info][gc          ] GC(15) Major Collection (System.gc())
[36.025s][info][gc,metaspace] GC(15) Y: Metaspace: 29M used, 33M committed, 3136M reserved
[36.034s][info][gc,metaspace] GC(15) Y: Metaspace: 29M used, 33M committed, 3136M reserved
[38.425s][info][gc,metaspace] GC(15) O: Metaspace: 29M used, 33M committed, 3136M reserved
[38.425s][info][gc          ] GC(15) Major Collection (System.gc()) 2464M(40%)->2462M(40%) 2.411s
[38.425s][info][gc          ] GC(16) Major Collection (System.gc())
[38.436s][info][gc,metaspace] GC(16) Y: Metaspace: 29M used, 33M committed, 3136M reserved
[38.445s][info][gc,metaspace] GC(16) Y: Metaspace: 29M used, 33M committed, 3136M reserved
[40.795s][info][gc,metaspace] GC(16) O: Metaspace: 29M used, 33M committed, 3136M reserved
[40.795s][info][gc          ] GC(16) Major Collection (System.gc()) 2462M(40%)->2462M(40%) 2.370s
[40.796s][info][gc          ] GC(17) Major Collection (System.gc())
[40.806s][info][gc,metaspace] GC(17) Y: Metaspace: 29M used, 33M committed, 3136M reserved
[40.815s][info][gc,metaspace] GC(17) Y: Metaspace: 29M used, 33M committed, 3136M reserved
[43.225s][info][gc,metaspace] GC(17) O: Metaspace: 29M used, 33M committed, 3136M reserved
[43.225s][info][gc          ] GC(17) Major Collection (System.gc()) 2462M(40%)->2462M(40%) 2.429s
[43.225s][info][gc          ] GC(18) Major Collection (System.gc())
[43.235s][info][gc,metaspace] GC(18) Y: Metaspace: 29M used, 33M committed, 3136M reserved
[43.244s][info][gc,metaspace] GC(18) Y: Metaspace: 29M used, 33M committed, 3136M reserved
[45.622s][info][gc,metaspace] GC(18) O: Metaspace: 29M used, 33M committed, 3136M reserved
[45.622s][info][gc          ] GC(18) Major Collection (System.gc()) 2462M(40%)->2462M(40%) 2.397s
[45.622s][info][gc          ] GC(19) Major Collection (System.gc())
[45.632s][info][gc,metaspace] GC(19) Y: Metaspace: 29M used, 33M committed, 3136M reserved
[45.641s][info][gc,metaspace] GC(19) Y: Metaspace: 29M used, 33M committed, 3136M reserved
[48.000s][info][gc,metaspace] GC(19) O: Metaspace: 29M used, 33M committed, 3136M reserved
[48.000s][info][gc          ] GC(19) Major Collection (System.gc()) 2462M(40%)->2462M(40%) 2.379s
[48.001s][info][gc          ] GC(20) Major Collection (System.gc())
[48.011s][info][gc,metaspace] GC(20) Y: Metaspace: 29M used, 33M committed, 3136M reserved
[48.020s][info][gc,metaspace] GC(20) Y: Metaspace: 29M used, 33M committed, 3136M reserved
[50.429s][info][gc,metaspace] GC(20) O: Metaspace: 29M used, 33M committed, 3136M reserved
[50.429s][info][gc          ] GC(20) Major Collection (System.gc()) 2462M(40%)->2462M(40%) 2.428s
[50.429s][info][gc          ] GC(21) Major Collection (System.gc())
[50.439s][info][gc,metaspace] GC(21) Y: Metaspace: 29M used, 33M committed, 3136M reserved
[50.448s][info][gc,metaspace] GC(21) Y: Metaspace: 29M used, 33M committed, 3136M reserved
[52.816s][info][gc,metaspace] GC(21) O: Metaspace: 29M used, 33M committed, 3136M reserved
[52.816s][info][gc          ] GC(21) Major Collection (System.gc()) 2462M(40%)->2462M(40%) 2.387s
[52.816s][info][gc          ] GC(22) Major Collection (System.gc())
[52.826s][info][gc,metaspace] GC(22) Y: Metaspace: 29M used, 33M committed, 3136M reserved
[52.836s][info][gc,metaspace] GC(22) Y: Metaspace: 29M used, 33M committed, 3136M reserved
[55.288s][info][gc,metaspace] GC(22) O: Metaspace: 29M used, 33M committed, 3136M reserved
[55.288s][info][gc          ] GC(22) Major Collection (System.gc()) 2462M(40%)->2462M(40%) 2.472s
[55.288s][info][gc          ] GC(23) Major Collection (System.gc())
[55.299s][info][gc,metaspace] GC(23) Y: Metaspace: 29M used, 33M committed, 3136M reserved
[55.307s][info][gc,metaspace] GC(23) Y: Metaspace: 29M used, 33M committed, 3136M reserved
[57.648s][info][gc,metaspace] GC(23) O: Metaspace: 29M used, 33M committed, 3136M reserved
[57.648s][info][gc          ] GC(23) Major Collection (System.gc()) 2462M(40%)->2462M(40%) 2.359s
[57.648s][info][gc          ] GC(24) Major Collection (System.gc())
[57.657s][info][gc,metaspace] GC(24) Y: Metaspace: 29M used, 33M committed, 3136M reserved
[57.666s][info][gc,metaspace] GC(24) Y: Metaspace: 29M used, 33M committed, 3136M reserved
[60.029s][info][gc,metaspace] GC(24) O: Metaspace: 29M used, 33M committed, 3136M reserved
[60.029s][info][gc          ] GC(24) Major Collection (System.gc()) 2462M(40%)->2462M(40%) 2.381s
[60.029s][info][gc          ] GC(25) Major Collection (System.gc())
[60.039s][info][gc,metaspace] GC(25) Y: Metaspace: 29M used, 33M committed, 3136M reserved
[60.048s][info][gc,metaspace] GC(25) Y: Metaspace: 29M used, 33M committed, 3136M reserved
[62.451s][info][gc,metaspace] GC(25) O: Metaspace: 29M used, 33M committed, 3136M reserved
[62.451s][info][gc          ] GC(25) Major Collection (System.gc()) 2462M(40%)->2464M(40%) 2.422s
[62.451s][info][gc          ] GC(26) Major Collection (System.gc())
[62.461s][info][gc,metaspace] GC(26) Y: Metaspace: 29M used, 33M committed, 3136M reserved
[62.471s][info][gc,metaspace] GC(26) Y: Metaspace: 29M used, 33M committed, 3136M reserved
[64.829s][info][gc,metaspace] GC(26) O: Metaspace: 29M used, 33M committed, 3136M reserved
[64.829s][info][gc          ] GC(26) Major Collection (System.gc()) 2464M(40%)->2464M(40%) 2.379s
[64.830s][info][gc          ] GC(27) Major Collection (System.gc())
[64.840s][info][gc,metaspace] GC(27) Y: Metaspace: 29M used, 33M committed, 3136M reserved
[64.849s][info][gc,metaspace] GC(27) Y: Metaspace: 29M used, 33M committed, 3136M reserved
[67.273s][info][gc,metaspace] GC(27) O: Metaspace: 29M used, 33M committed, 3136M reserved
[67.273s][info][gc          ] GC(27) Major Collection (System.gc()) 2464M(40%)->2464M(40%) 2.443s
[67.273s][info][gc          ] GC(28) Major Collection (System.gc())
[67.284s][info][gc,metaspace] GC(28) Y: Metaspace: 29M used, 33M committed, 3136M reserved
[67.293s][info][gc,metaspace] GC(28) Y: Metaspace: 29M used, 33M committed, 3136M reserved
[69.654s][info][gc,metaspace] GC(28) O: Metaspace: 29M used, 33M committed, 3136M reserved
[69.654s][info][gc          ] GC(28) Major Collection (System.gc()) 2464M(40%)->2464M(40%) 2.381s
[69.654s][info][gc          ] GC(29) Major Collection (System.gc())
[69.663s][info][gc,metaspace] GC(29) Y: Metaspace: 29M used, 33M committed, 3136M reserved
[69.672s][info][gc,metaspace] GC(29) Y: Metaspace: 29M used, 33M committed, 3136M reserved
[72.103s][info][gc,metaspace] GC(29) O: Metaspace: 29M used, 33M committed, 3136M reserved
[72.103s][info][gc          ] GC(29) Major Collection (System.gc()) 2464M(40%)->2464M(40%) 2.449s
[72.103s][info][gc          ] GC(30) Major Collection (System.gc())
[72.114s][info][gc,metaspace] GC(30) Y: Metaspace: 29M used, 33M committed, 3136M reserved
[72.123s][info][gc,metaspace] GC(30) Y: Metaspace: 29M used, 33M committed, 3136M reserved
[74.497s][info][gc,metaspace] GC(30) O: Metaspace: 29M used, 33M committed, 3136M reserved
[74.497s][info][gc          ] GC(30) Major Collection (System.gc()) 2464M(40%)->2464M(40%) 2.394s
[74.498s][info][gc          ] GC(31) Major Collection (System.gc())
[74.508s][info][gc,metaspace] GC(31) Y: Metaspace: 29M used, 33M committed, 3136M reserved
[74.518s][info][gc,metaspace] GC(31) Y: Metaspace: 29M used, 33M committed, 3136M reserved
[76.882s][info][gc,metaspace] GC(31) O: Metaspace: 29M used, 33M committed, 3136M reserved
[76.882s][info][gc          ] GC(31) Major Collection (System.gc()) 2464M(40%)->2464M(40%) 2.385s
[76.882s][info][gc          ] GC(32) Major Collection (System.gc())
[76.893s][info][gc,metaspace] GC(32) Y: Metaspace: 29M used, 33M committed, 3136M reserved
[76.902s][info][gc,metaspace] GC(32) Y: Metaspace: 29M used, 33M committed, 3136M reserved
[79.298s][info][gc,metaspace] GC(32) O: Metaspace: 29M used, 33M committed, 3136M reserved
[79.298s][info][gc          ] GC(32) Major Collection (System.gc()) 2464M(40%)->2464M(40%) 2.415s
[79.298s][info][gc          ] GC(33) Major Collection (System.gc())
[79.309s][info][gc,metaspace] GC(33) Y: Metaspace: 29M used, 33M committed, 3136M reserved
[79.318s][info][gc,metaspace] GC(33) Y: Metaspace: 29M used, 33M committed, 3136M reserved
[81.668s][info][gc,metaspace] GC(33) O: Metaspace: 29M used, 33M committed, 3136M reserved
[81.668s][info][gc          ] GC(33) Major Collection (System.gc()) 2464M(40%)->2464M(40%) 2.370s
[81.668s][info][gc          ] GC(34) Major Collection (System.gc())
[81.678s][info][gc,metaspace] GC(34) Y: Metaspace: 29M used, 33M committed, 3136M reserved
[81.688s][info][gc,metaspace] GC(34) Y: Metaspace: 29M used, 33M committed, 3136M reserved
[84.033s][info][gc,metaspace] GC(34) O: Metaspace: 29M used, 33M committed, 3136M reserved
[84.034s][info][gc          ] GC(34) Major Collection (System.gc()) 2464M(40%)->2464M(40%) 2.365s
[84.034s][info][gc          ] GC(35) Major Collection (System.gc())
[84.044s][info][gc,metaspace] GC(35) Y: Metaspace: 29M used, 33M committed, 3136M reserved
[84.053s][info][gc,metaspace] GC(35) Y: Metaspace: 29M used, 33M committed, 3136M reserved
[86.460s][info][gc,metaspace] GC(35) O: Metaspace: 29M used, 33M committed, 3136M reserved
[86.460s][info][gc          ] GC(35) Major Collection (System.gc()) 2464M(40%)->2464M(40%) 2.426s
[86.460s][info][gc          ] GC(36) Major Collection (System.gc())
[86.470s][info][gc,metaspace] GC(36) Y: Metaspace: 29M used, 33M committed, 3136M reserved
[86.480s][info][gc,metaspace] GC(36) Y: Metaspace: 29M used, 33M committed, 3136M reserved
[88.832s][info][gc,metaspace] GC(36) O: Metaspace: 29M used, 33M committed, 3136M reserved
[88.832s][info][gc          ] GC(36) Major Collection (System.gc()) 2464M(40%)->2464M(40%) 2.372s
[88.832s][info][gc          ] GC(37) Major Collection (System.gc())
[88.843s][info][gc,metaspace] GC(37) Y: Metaspace: 29M used, 33M committed, 3136M reserved
[88.852s][info][gc,metaspace] GC(37) Y: Metaspace: 29M used, 33M committed, 3136M reserved
[91.246s][info][gc,metaspace] GC(37) O: Metaspace: 29M used, 33M committed, 3136M reserved
[91.246s][info][gc          ] GC(37) Major Collection (System.gc()) 2464M(40%)->2464M(40%) 2.415s
[91.247s][info][gc          ] GC(38) Major Collection (System.gc())
[91.257s][info][gc,metaspace] GC(38) Y: Metaspace: 29M used, 33M committed, 3136M reserved
[91.266s][info][gc,metaspace] GC(38) Y: Metaspace: 29M used, 33M committed, 3136M reserved
[93.619s][info][gc,metaspace] GC(38) O: Metaspace: 29M used, 33M committed, 3136M reserved
[93.619s][info][gc          ] GC(38) Major Collection (System.gc()) 2464M(40%)->2464M(40%) 2.373s
[93.620s][info][gc          ] GC(39) Major Collection (System.gc())
[93.629s][info][gc,metaspace] GC(39) Y: Metaspace: 29M used, 33M committed, 3136M reserved
[93.638s][info][gc,metaspace] GC(39) Y: Metaspace: 29M used, 33M committed, 3136M reserved
[95.988s][info][gc,metaspace] GC(39) O: Metaspace: 29M used, 33M committed, 3136M reserved
[95.988s][info][gc          ] GC(39) Major Collection (System.gc()) 2464M(40%)->2464M(40%) 2.368s
[95.988s][info][gc          ] GC(40) Major Collection (System.gc())
[95.999s][info][gc,metaspace] GC(40) Y: Metaspace: 29M used, 33M committed, 3136M reserved
[96.008s][info][gc,metaspace] GC(40) Y: Metaspace: 29M used, 33M committed, 3136M reserved
[98.407s][info][gc,metaspace] GC(40) O: Metaspace: 29M used, 33M committed, 3136M reserved
[98.407s][info][gc          ] GC(40) Major Collection (System.gc()) 2464M(40%)->2464M(40%) 2.419s
[98.407s][info][gc          ] GC(41) Major Collection (System.gc())
[98.417s][info][gc,metaspace] GC(41) Y: Metaspace: 29M used, 33M committed, 3136M reserved
[98.426s][info][gc,metaspace] GC(41) Y: Metaspace: 29M used, 33M committed, 3136M reserved
[100.920s][info][gc,metaspace] GC(41) O: Metaspace: 29M used, 33M committed, 3136M reserved
[100.920s][info][gc          ] GC(41) Major Collection (System.gc()) 2464M(40%)->2464M(40%) 2.513s
[100.920s][info][gc          ] GC(42) Major Collection (System.gc())
[100.931s][info][gc,metaspace] GC(42) Y: Metaspace: 29M used, 33M committed, 3136M reserved
[100.940s][info][gc,metaspace] GC(42) Y: Metaspace: 29M used, 33M committed, 3136M reserved
[103.380s][info][gc,metaspace] GC(42) O: Metaspace: 29M used, 33M committed, 3136M reserved
[103.380s][info][gc          ] GC(42) Major Collection (System.gc()) 2464M(40%)->2464M(40%) 2.460s
[103.380s][info][gc          ] GC(43) Major Collection (System.gc())
[103.391s][info][gc,metaspace] GC(43) Y: Metaspace: 29M used, 33M committed, 3136M reserved
[103.400s][info][gc,metaspace] GC(43) Y: Metaspace: 29M used, 33M committed, 3136M reserved
[105.755s][info][gc,metaspace] GC(43) O: Metaspace: 29M used, 33M committed, 3136M reserved
[105.755s][info][gc          ] GC(43) Major Collection (System.gc()) 2464M(40%)->2464M(40%) 2.375s
[105.755s][info][gc          ] GC(44) Major Collection (System.gc())
[105.765s][info][gc,metaspace] GC(44) Y: Metaspace: 29M used, 33M committed, 3136M reserved
[105.774s][info][gc,metaspace] GC(44) Y: Metaspace: 29M used, 33M committed, 3136M reserved
[108.175s][info][gc,metaspace] GC(44) O: Metaspace: 29M used, 33M committed, 3136M reserved
[108.175s][info][gc          ] GC(44) Major Collection (System.gc()) 2464M(40%)->2464M(40%) 2.420s
[108.175s][info][gc          ] GC(45) Major Collection (System.gc())
[108.185s][info][gc,metaspace] GC(45) Y: Metaspace: 29M used, 33M committed, 3136M reserved
[108.195s][info][gc,metaspace] GC(45) Y: Metaspace: 29M used, 33M committed, 3136M reserved
[110.554s][info][gc,metaspace] GC(45) O: Metaspace: 29M used, 33M committed, 3136M reserved
[110.554s][info][gc          ] GC(45) Major Collection (System.gc()) 2464M(40%)->2464M(40%) 2.379s
[110.555s][info][gc          ] GC(46) Major Collection (System.gc())
[110.564s][info][gc,metaspace] GC(46) Y: Metaspace: 29M used, 33M committed, 3136M reserved
[110.574s][info][gc,metaspace] GC(46) Y: Metaspace: 29M used, 33M committed, 3136M reserved
[112.918s][info][gc,metaspace] GC(46) O: Metaspace: 29M used, 33M committed, 3136M reserved
[112.918s][info][gc          ] GC(46) Major Collection (System.gc()) 2464M(40%)->2464M(40%) 2.363s
[112.918s][info][gc          ] GC(47) Major Collection (System.gc())
[112.928s][info][gc,metaspace] GC(47) Y: Metaspace: 29M used, 33M committed, 3136M reserved
[112.937s][info][gc,metaspace] GC(47) Y: Metaspace: 29M used, 33M committed, 3136M reserved
[115.345s][info][gc,metaspace] GC(47) O: Metaspace: 29M used, 33M committed, 3136M reserved
[115.345s][info][gc          ] GC(47) Major Collection (System.gc()) 2464M(40%)->2464M(40%) 2.426s
[115.345s][info][gc          ] GC(48) Major Collection (System.gc())
[115.355s][info][gc,metaspace] GC(48) Y: Metaspace: 29M used, 33M committed, 3136M reserved
[115.364s][info][gc,metaspace] GC(48) Y: Metaspace: 29M used, 33M committed, 3136M reserved
[117.716s][info][gc,metaspace] GC(48) O: Metaspace: 29M used, 33M committed, 3136M reserved
[117.716s][info][gc          ] GC(48) Major Collection (System.gc()) 2464M(40%)->2464M(40%) 2.371s
[117.716s][info][gc          ] GC(49) Major Collection (System.gc())
[117.725s][info][gc,metaspace] GC(49) Y: Metaspace: 29M used, 33M committed, 3136M reserved
[117.734s][info][gc,metaspace] GC(49) Y: Metaspace: 29M used, 33M committed, 3136M reserved
[120.140s][info][gc,metaspace] GC(49) O: Metaspace: 29M used, 33M committed, 3136M reserved
[120.140s][info][gc          ] GC(49) Major Collection (System.gc()) 2464M(40%)->2464M(40%) 2.424s
[120.140s][info][gc          ] GC(50) Major Collection (System.gc())
[120.151s][info][gc,metaspace] GC(50) Y: Metaspace: 29M used, 33M committed, 3136M reserved
[120.160s][info][gc,metaspace] GC(50) Y: Metaspace: 29M used, 33M committed, 3136M reserved
[122.524s][info][gc,metaspace] GC(50) O: Metaspace: 29M used, 33M committed, 3136M reserved
[122.524s][info][gc          ] GC(50) Major Collection (System.gc()) 2464M(40%)->2466M(40%) 2.384s
[122.524s][info][gc          ] GC(51) Major Collection (System.gc())
[122.535s][info][gc,metaspace] GC(51) Y: Metaspace: 29M used, 33M committed, 3136M reserved
[122.544s][info][gc,metaspace] GC(51) Y: Metaspace: 29M used, 33M committed, 3136M reserved
[124.911s][info][gc,metaspace] GC(51) O: Metaspace: 29M used, 33M committed, 3136M reserved
[124.911s][info][gc          ] GC(51) Major Collection (System.gc()) 2466M(40%)->2464M(40%) 2.387s
[124.911s][info][gc          ] GC(52) Major Collection (System.gc())
[124.922s][info][gc,metaspace] GC(52) Y: Metaspace: 29M used, 33M committed, 3136M reserved
[124.931s][info][gc,metaspace] GC(52) Y: Metaspace: 29M used, 33M committed, 3136M reserved
[127.338s][info][gc,metaspace] GC(52) O: Metaspace: 29M used, 33M committed, 3136M reserved
[127.338s][info][gc          ] GC(52) Major Collection (System.gc()) 2464M(40%)->2464M(40%) 2.427s
[127.338s][info][gc          ] GC(53) Major Collection (System.gc())
[127.349s][info][gc,metaspace] GC(53) Y: Metaspace: 29M used, 33M committed, 3136M reserved
[127.358s][info][gc,metaspace] GC(53) Y: Metaspace: 29M used, 33M committed, 3136M reserved
[129.713s][info][gc,metaspace] GC(53) O: Metaspace: 29M used, 33M committed, 3136M reserved
[129.713s][info][gc          ] GC(53) Major Collection (System.gc()) 2464M(40%)->2464M(40%) 2.374s
[129.713s][info][gc          ] GC(54) Major Collection (System.gc())
[129.722s][info][gc,metaspace] GC(54) Y: Metaspace: 29M used, 33M committed, 3136M reserved
[129.731s][info][gc,metaspace] GC(54) Y: Metaspace: 29M used, 33M committed, 3136M reserved
[132.151s][info][gc,metaspace] GC(54) O: Metaspace: 29M used, 33M committed, 3136M reserved
[132.151s][info][gc          ] GC(54) Major Collection (System.gc()) 2464M(40%)->2464M(40%) 2.438s
[132.151s][info][gc          ] GC(55) Major Collection (System.gc())
[132.162s][info][gc,metaspace] GC(55) Y: Metaspace: 29M used, 33M committed, 3136M reserved
[132.171s][info][gc,metaspace] GC(55) Y: Metaspace: 29M used, 33M committed, 3136M reserved
[134.530s][info][gc,metaspace] GC(55) O: Metaspace: 29M used, 33M committed, 3136M reserved
[134.531s][info][gc          ] GC(55) Major Collection (System.gc()) 2464M(40%)->2464M(40%) 2.379s
[134.531s][info][gc          ] GC(56) Major Collection (System.gc())
[134.540s][info][gc,metaspace] GC(56) Y: Metaspace: 29M used, 33M committed, 3136M reserved
[134.550s][info][gc,metaspace] GC(56) Y: Metaspace: 29M used, 33M committed, 3136M reserved
[136.910s][info][gc,metaspace] GC(56) O: Metaspace: 29M used, 33M committed, 3136M reserved
[136.910s][info][gc          ] GC(56) Major Collection (System.gc()) 2464M(40%)->2464M(40%) 2.379s
[136.911s][info][gc          ] GC(57) Major Collection (System.gc())
[136.920s][info][gc,metaspace] GC(57) Y: Metaspace: 29M used, 33M committed, 3136M reserved
[136.930s][info][gc,metaspace] GC(57) Y: Metaspace: 29M used, 33M committed, 3136M reserved
[139.332s][info][gc,metaspace] GC(57) O: Metaspace: 29M used, 33M committed, 3136M reserved
[139.332s][info][gc          ] GC(57) Major Collection (System.gc()) 2464M(40%)->2464M(40%) 2.422s
[139.333s][info][gc          ] GC(58) Major Collection (System.gc())
[139.342s][info][gc,metaspace] GC(58) Y: Metaspace: 29M used, 33M committed, 3136M reserved
[139.352s][info][gc,metaspace] GC(58) Y: Metaspace: 29M used, 33M committed, 3136M reserved
[141.746s][info][gc,metaspace] GC(58) O: Metaspace: 29M used, 33M committed, 3136M reserved
[141.746s][info][gc          ] GC(58) Major Collection (System.gc()) 2464M(40%)->2464M(40%) 2.413s
[141.746s][info][gc          ] GC(59) Major Collection (System.gc())
[141.756s][info][gc,metaspace] GC(59) Y: Metaspace: 29M used, 33M committed, 3136M reserved
[141.765s][info][gc,metaspace] GC(59) Y: Metaspace: 29M used, 33M committed, 3136M reserved
[144.174s][info][gc,metaspace] GC(59) O: Metaspace: 29M used, 33M committed, 3136M reserved
[144.174s][info][gc          ] GC(59) Major Collection (System.gc()) 2464M(40%)->2464M(40%) 2.428s
[144.174s][info][gc          ] GC(60) Major Collection (System.gc())
[144.184s][info][gc,metaspace] GC(60) Y: Metaspace: 29M used, 33M committed, 3136M reserved
[144.194s][info][gc,metaspace] GC(60) Y: Metaspace: 29M used, 33M committed, 3136M reserved
[146.548s][info][gc,metaspace] GC(60) O: Metaspace: 29M used, 33M committed, 3136M reserved
[146.548s][info][gc          ] GC(60) Major Collection (System.gc()) 2464M(40%)->2464M(40%) 2.374s
[146.548s][info][gc          ] GC(61) Major Collection (System.gc())
[146.558s][info][gc,metaspace] GC(61) Y: Metaspace: 29M used, 33M committed, 3136M reserved
[146.567s][info][gc,metaspace] GC(61) Y: Metaspace: 29M used, 33M committed, 3136M reserved
[148.926s][info][gc,metaspace] GC(61) O: Metaspace: 29M used, 33M committed, 3136M reserved
[148.926s][info][gc          ] GC(61) Major Collection (System.gc()) 2464M(40%)->2464M(40%) 2.377s
[148.926s][info][gc          ] GC(62) Major Collection (System.gc())
[148.936s][info][gc,metaspace] GC(62) Y: Metaspace: 29M used, 33M committed, 3136M reserved
[148.945s][info][gc,metaspace] GC(62) Y: Metaspace: 29M used, 33M committed, 3136M reserved
[151.367s][info][gc,metaspace] GC(62) O: Metaspace: 29M used, 33M committed, 3136M reserved
[151.367s][info][gc          ] GC(62) Major Collection (System.gc()) 2464M(40%)->2464M(40%) 2.441s
[151.367s][info][gc          ] GC(63) Major Collection (System.gc())
[151.377s][info][gc,metaspace] GC(63) Y: Metaspace: 29M used, 33M committed, 3136M reserved
[151.386s][info][gc,metaspace] GC(63) Y: Metaspace: 29M used, 33M committed, 3136M reserved
[153.727s][info][gc,metaspace] GC(63) O: Metaspace: 29M used, 33M committed, 3136M reserved
[153.727s][info][gc          ] GC(63) Major Collection (System.gc()) 2464M(40%)->2464M(40%) 2.360s
[153.727s][info][gc          ] GC(64) Major Collection (System.gc())
[153.737s][info][gc,metaspace] GC(64) Y: Metaspace: 29M used, 33M committed, 3136M reserved
[153.746s][info][gc,metaspace] GC(64) Y: Metaspace: 29M used, 33M committed, 3136M reserved
[156.153s][info][gc,metaspace] GC(64) O: Metaspace: 29M used, 33M committed, 3136M reserved
[156.153s][info][gc          ] GC(64) Major Collection (System.gc()) 2464M(40%)->2464M(40%) 2.425s
After GCs... 
