[0.001s][info][metaspace]  - commit_granule_bytes: 65536.
[0.001s][info][metaspace]  - commit_granule_words: 8192.
[0.001s][info][metaspace]  - virtual_space_node_default_size: 8388608.
[0.001s][info][metaspace]  - enlarge_chunks_in_place: 1.
[0.001s][info][metaspace]  - use_allocation_guard: 0.
[0.358s][info][gc       ] Using The Z Garbage Collector
[0.358s][info][metaspace] Reserving compressed class space anywhere
[0.358s][info][gc,metaspace] CDS archive(s) not mapped
[0.358s][info][gc,metaspace] Compressed class space mapped at: 0x0000000037000000-0x00000000f7000000, reserved size: 3221225472
[0.358s][info][gc,metaspace] UseCompressedClassPointers 1, UseCompactObjectHeaders 1, narrow klass pointer bits 22, max shift 10
[0.358s][info][gc,metaspace] Narrow klass base: 0x0000000037000000, Narrow klass shift: 10, Narrow klass range: 0xc0000000
Random Seed: 12345678
Num Classes: 4096
Num Objects: 67108864
Percent IK Objects: 83.0%)
Percent OAK Objects: 5.0%)
Percent TAK Objects: 12.0%)
Cycles: 50
Loading 4096 pre-generated classes ...
Materialize pre-generated constructors ...
Creating objects...
[0.732s][info][gc          ] GC(0) Major Collection (System.gc())
[0.759s][info][gc,metaspace] GC(0) Y: Metaspace: 17M used, 17M committed, 3136M reserved
[0.763s][info][gc,metaspace] GC(0) Y: Metaspace: 17M used, 17M committed, 3136M reserved
[0.781s][info][gc,metaspace] GC(0) O: Metaspace: 17M used, 17M committed, 3136M reserved
[0.781s][info][gc          ] GC(0) Major Collection (System.gc()) 66M(1%)->42M(1%) 0.048s
[1.000s][info][gc          ] GC(1) Major Collection (Warmup)
[1.129s][info][gc,metaspace] GC(1) Y: Metaspace: 18M used, 18M committed, 3136M reserved
[1.154s][info][gc,metaspace] GC(1) O: Metaspace: 18M used, 18M committed, 3136M reserved
[1.154s][info][gc          ] GC(1) Major Collection (Warmup) 616M(10%)->662M(11%) 0.154s
[2.615s][info][gc          ] GC(2) Major Collection (Warmup)
[3.814s][info][gc,metaspace] GC(2) Y: Metaspace: 30M used, 34M committed, 3136M reserved
[3.822s][info][gc          ] GC(3) Minor Collection (Allocation Rate)
[4.480s][info][gc,metaspace] GC(3) y: Metaspace: 30M used, 34M committed, 3136M reserved
[4.480s][info][gc          ] GC(3) Minor Collection (Allocation Rate) 1176M(19%)->1004M(16%) 0.658s
[4.616s][info][gc,metaspace] GC(2) O: Metaspace: 30M used, 34M committed, 3136M reserved
[4.616s][info][gc          ] GC(2) Major Collection (Warmup) 1232M(20%)->1078M(18%) 2.001s
[6.038s][info][gc          ] GC(4) Major Collection (Warmup)
[6.912s][info][gc,metaspace] GC(4) Y: Metaspace: 30M used, 34M committed, 3136M reserved
[8.121s][info][gc,metaspace] GC(4) O: Metaspace: 30M used, 34M committed, 3136M reserved
[8.121s][info][gc          ] GC(4) Major Collection (Warmup) 1844M(30%)->1902M(31%) 2.083s
[9.434s][info][gc          ] GC(5) Minor Collection (Allocation Rate)
[10.452s][info][gc,metaspace] GC(5) y: Metaspace: 30M used, 34M committed, 3136M reserved
[10.452s][info][gc          ] GC(5) Minor Collection (Allocation Rate) 2606M(42%)->1520M(25%) 1.018s
[15.046s][info][gc          ] GC(6) Minor Collection (Allocation Rate)
[17.118s][info][gc,metaspace] GC(6) y: Metaspace: 30M used, 34M committed, 3136M reserved
[17.118s][info][gc          ] GC(6) Minor Collection (Allocation Rate) 4210M(69%)->3076M(50%) 2.072s
[17.119s][info][gc          ] GC(7) Minor Collection (Allocation Rate)
[19.617s][info][gc,metaspace] GC(7) y: Metaspace: 30M used, 34M committed, 3136M reserved
[19.617s][info][gc          ] GC(7) Minor Collection (Allocation Rate) 3076M(50%)->4382M(71%) 2.499s
[19.617s][info][gc          ] GC(8) Major Collection (Allocation Rate)
[21.181s][info][gc          ] Allocation Stall (main) 127.143ms
[21.501s][info][gc,metaspace] GC(8) Y: Metaspace: 30M used, 34M committed, 3136M reserved
[21.501s][info][gc          ] GC(9) Minor Collection (Allocation Stall)
67108864 Objects created
 - IK: 55699211 (82.99829%)
 - OAK: 3355627 (5.0002737%)
 - TAK: 8054026 (12.001434%)
Preparatory GC...
[23.608s][info][gc,metaspace] GC(9) y: Metaspace: 30M used, 34M committed, 3136M reserved
[23.608s][info][gc          ] GC(9) Minor Collection (Allocation Stall) 3860M(63%)->4468M(73%) 2.106s
[23.608s][info][gc          ] GC(10) Minor Collection (Allocation Rate)
[26.129s][info][gc,metaspace] GC(10) y: Metaspace: 30M used, 34M committed, 3136M reserved
[26.129s][info][gc          ] GC(10) Minor Collection (Allocation Rate) 4468M(73%)->2222M(36%) 2.521s
[26.129s][info][gc          ] GC(11) Minor Collection (Allocation Rate)
[27.722s][info][gc,metaspace] GC(11) y: Metaspace: 30M used, 34M committed, 3136M reserved
[27.722s][info][gc          ] GC(11) Minor Collection (Allocation Rate) 2222M(36%)->2222M(36%) 1.592s
[27.929s][info][gc          ] GC(12) Minor Collection (Allocation Rate)
[29.827s][info][gc,metaspace] GC(12) y: Metaspace: 30M used, 34M committed, 3136M reserved
[29.827s][info][gc          ] GC(12) Minor Collection (Allocation Rate) 2222M(36%)->2220M(36%) 1.897s
[29.827s][info][gc,metaspace] GC(8) O: Metaspace: 30M used, 34M committed, 3136M reserved
[29.827s][info][gc          ] GC(8) Major Collection (Allocation Rate) 4382M(71%)->2220M(36%) 10.210s
[29.827s][info][gc          ] GC(13) Major Collection (System.gc())
[31.461s][info][gc,metaspace] GC(13) Y: Metaspace: 30M used, 34M committed, 3136M reserved
[31.694s][info][gc,metaspace] GC(13) Y: Metaspace: 30M used, 34M committed, 3136M reserved
[34.680s][info][gc,metaspace] GC(13) O: Metaspace: 30M used, 34M committed, 3136M reserved
[34.680s][info][gc          ] GC(13) Major Collection (System.gc()) 2220M(36%)->2214M(36%) 4.853s
[34.680s][info][gc          ] GC(14) Major Collection (System.gc())
[34.691s][info][gc,metaspace] GC(14) Y: Metaspace: 30M used, 34M committed, 3136M reserved
[34.699s][info][gc,metaspace] GC(14) Y: Metaspace: 30M used, 34M committed, 3136M reserved
[37.075s][info][gc,metaspace] GC(14) O: Metaspace: 30M used, 34M committed, 3136M reserved
[37.075s][info][gc          ] GC(14) Major Collection (System.gc()) 2214M(36%)->2214M(36%) 2.395s
Done; will start GCs... 
[37.075s][info][gc          ] GC(15) Major Collection (System.gc())
[37.086s][info][gc,metaspace] GC(15) Y: Metaspace: 30M used, 34M committed, 3136M reserved
[37.094s][info][gc,metaspace] GC(15) Y: Metaspace: 30M used, 34M committed, 3136M reserved
[39.483s][info][gc,metaspace] GC(15) O: Metaspace: 30M used, 34M committed, 3136M reserved
[39.483s][info][gc          ] GC(15) Major Collection (System.gc()) 2216M(36%)->2214M(36%) 2.408s
[39.483s][info][gc          ] GC(16) Major Collection (System.gc())
[39.494s][info][gc,metaspace] GC(16) Y: Metaspace: 30M used, 34M committed, 3136M reserved
[39.502s][info][gc,metaspace] GC(16) Y: Metaspace: 30M used, 34M committed, 3136M reserved
[41.893s][info][gc,metaspace] GC(16) O: Metaspace: 30M used, 34M committed, 3136M reserved
[41.893s][info][gc          ] GC(16) Major Collection (System.gc()) 2214M(36%)->2214M(36%) 2.410s
[41.894s][info][gc          ] GC(17) Major Collection (System.gc())
[41.903s][info][gc,metaspace] GC(17) Y: Metaspace: 30M used, 34M committed, 3136M reserved
[41.912s][info][gc,metaspace] GC(17) Y: Metaspace: 30M used, 34M committed, 3136M reserved
[44.377s][info][gc,metaspace] GC(17) O: Metaspace: 30M used, 34M committed, 3136M reserved
[44.377s][info][gc          ] GC(17) Major Collection (System.gc()) 2214M(36%)->2214M(36%) 2.483s
[44.377s][info][gc          ] GC(18) Major Collection (System.gc())
[44.388s][info][gc,metaspace] GC(18) Y: Metaspace: 30M used, 34M committed, 3136M reserved
[44.396s][info][gc,metaspace] GC(18) Y: Metaspace: 30M used, 34M committed, 3136M reserved
[46.790s][info][gc,metaspace] GC(18) O: Metaspace: 30M used, 34M committed, 3136M reserved
[46.790s][info][gc          ] GC(18) Major Collection (System.gc()) 2214M(36%)->2214M(36%) 2.413s
[46.790s][info][gc          ] GC(19) Major Collection (System.gc())
[46.800s][info][gc,metaspace] GC(19) Y: Metaspace: 30M used, 34M committed, 3136M reserved
[46.808s][info][gc,metaspace] GC(19) Y: Metaspace: 30M used, 34M committed, 3136M reserved
[49.120s][info][gc,metaspace] GC(19) O: Metaspace: 30M used, 34M committed, 3136M reserved
[49.120s][info][gc          ] GC(19) Major Collection (System.gc()) 2214M(36%)->2214M(36%) 2.330s
[49.120s][info][gc          ] GC(20) Major Collection (System.gc())
[49.131s][info][gc,metaspace] GC(20) Y: Metaspace: 30M used, 34M committed, 3136M reserved
[49.139s][info][gc,metaspace] GC(20) Y: Metaspace: 30M used, 34M committed, 3136M reserved
[51.531s][info][gc,metaspace] GC(20) O: Metaspace: 30M used, 34M committed, 3136M reserved
[51.531s][info][gc          ] GC(20) Major Collection (System.gc()) 2214M(36%)->2214M(36%) 2.411s
[51.531s][info][gc          ] GC(21) Major Collection (System.gc())
[51.542s][info][gc,metaspace] GC(21) Y: Metaspace: 30M used, 34M committed, 3136M reserved
[51.550s][info][gc,metaspace] GC(21) Y: Metaspace: 30M used, 34M committed, 3136M reserved
[53.909s][info][gc,metaspace] GC(21) O: Metaspace: 30M used, 34M committed, 3136M reserved
[53.909s][info][gc          ] GC(21) Major Collection (System.gc()) 2214M(36%)->2214M(36%) 2.378s
[53.909s][info][gc          ] GC(22) Major Collection (System.gc())
[53.919s][info][gc,metaspace] GC(22) Y: Metaspace: 30M used, 34M committed, 3136M reserved
[53.928s][info][gc,metaspace] GC(22) Y: Metaspace: 30M used, 34M committed, 3136M reserved
[56.345s][info][gc,metaspace] GC(22) O: Metaspace: 30M used, 34M committed, 3136M reserved
[56.345s][info][gc          ] GC(22) Major Collection (System.gc()) 2214M(36%)->2214M(36%) 2.436s
[56.345s][info][gc          ] GC(23) Major Collection (System.gc())
[56.355s][info][gc,metaspace] GC(23) Y: Metaspace: 30M used, 34M committed, 3136M reserved
[56.363s][info][gc,metaspace] GC(23) Y: Metaspace: 30M used, 34M committed, 3136M reserved
[59.122s][info][gc,metaspace] GC(23) O: Metaspace: 30M used, 34M committed, 3136M reserved
[59.122s][info][gc          ] GC(23) Major Collection (System.gc()) 2214M(36%)->2214M(36%) 2.777s
[59.122s][info][gc          ] GC(24) Major Collection (System.gc())
[59.133s][info][gc,metaspace] GC(24) Y: Metaspace: 30M used, 34M committed, 3136M reserved
[59.141s][info][gc,metaspace] GC(24) Y: Metaspace: 30M used, 34M committed, 3136M reserved
[61.573s][info][gc,metaspace] GC(24) O: Metaspace: 30M used, 34M committed, 3136M reserved
[61.573s][info][gc          ] GC(24) Major Collection (System.gc()) 2214M(36%)->2216M(36%) 2.451s
[61.573s][info][gc          ] GC(25) Major Collection (System.gc())
[61.584s][info][gc,metaspace] GC(25) Y: Metaspace: 30M used, 34M committed, 3136M reserved
[61.592s][info][gc,metaspace] GC(25) Y: Metaspace: 30M used, 34M committed, 3136M reserved
[63.934s][info][gc,metaspace] GC(25) O: Metaspace: 30M used, 34M committed, 3136M reserved
[63.934s][info][gc          ] GC(25) Major Collection (System.gc()) 2216M(36%)->2214M(36%) 2.361s
[63.934s][info][gc          ] GC(26) Major Collection (System.gc())
[63.944s][info][gc,metaspace] GC(26) Y: Metaspace: 30M used, 34M committed, 3136M reserved
[63.955s][info][gc,metaspace] GC(26) Y: Metaspace: 30M used, 34M committed, 3136M reserved
[66.391s][info][gc,metaspace] GC(26) O: Metaspace: 30M used, 34M committed, 3136M reserved
[66.392s][info][gc          ] GC(26) Major Collection (System.gc()) 2214M(36%)->2214M(36%) 2.458s
[66.392s][info][gc          ] GC(27) Major Collection (System.gc())
[66.403s][info][gc,metaspace] GC(27) Y: Metaspace: 30M used, 34M committed, 3136M reserved
[66.410s][info][gc,metaspace] GC(27) Y: Metaspace: 30M used, 34M committed, 3136M reserved
[68.799s][info][gc,metaspace] GC(27) O: Metaspace: 30M used, 34M committed, 3136M reserved
[68.799s][info][gc          ] GC(27) Major Collection (System.gc()) 2214M(36%)->2214M(36%) 2.407s
[68.799s][info][gc          ] GC(28) Major Collection (System.gc())
[68.809s][info][gc,metaspace] GC(28) Y: Metaspace: 30M used, 34M committed, 3136M reserved
[68.817s][info][gc,metaspace] GC(28) Y: Metaspace: 30M used, 34M committed, 3136M reserved
[71.198s][info][gc,metaspace] GC(28) O: Metaspace: 30M used, 34M committed, 3136M reserved
[71.198s][info][gc          ] GC(28) Major Collection (System.gc()) 2214M(36%)->2214M(36%) 2.399s
[71.198s][info][gc          ] GC(29) Major Collection (System.gc())
[71.209s][info][gc,metaspace] GC(29) Y: Metaspace: 30M used, 34M committed, 3136M reserved
[71.217s][info][gc,metaspace] GC(29) Y: Metaspace: 30M used, 34M committed, 3136M reserved
[73.644s][info][gc,metaspace] GC(29) O: Metaspace: 30M used, 34M committed, 3136M reserved
[73.644s][info][gc          ] GC(29) Major Collection (System.gc()) 2214M(36%)->2214M(36%) 2.446s
[73.644s][info][gc          ] GC(30) Major Collection (System.gc())
[73.655s][info][gc,metaspace] GC(30) Y: Metaspace: 30M used, 34M committed, 3136M reserved
[73.663s][info][gc,metaspace] GC(30) Y: Metaspace: 30M used, 34M committed, 3136M reserved
[76.070s][info][gc,metaspace] GC(30) O: Metaspace: 30M used, 34M committed, 3136M reserved
[76.070s][info][gc          ] GC(30) Major Collection (System.gc()) 2214M(36%)->2214M(36%) 2.426s
[76.070s][info][gc          ] GC(31) Major Collection (System.gc())
[76.081s][info][gc,metaspace] GC(31) Y: Metaspace: 30M used, 34M committed, 3136M reserved
[76.090s][info][gc,metaspace] GC(31) Y: Metaspace: 30M used, 34M committed, 3136M reserved
[78.547s][info][gc,metaspace] GC(31) O: Metaspace: 30M used, 34M committed, 3136M reserved
[78.547s][info][gc          ] GC(31) Major Collection (System.gc()) 2214M(36%)->2214M(36%) 2.476s
[78.547s][info][gc          ] GC(32) Major Collection (System.gc())
[78.557s][info][gc,metaspace] GC(32) Y: Metaspace: 30M used, 34M committed, 3136M reserved
[78.565s][info][gc,metaspace] GC(32) Y: Metaspace: 30M used, 34M committed, 3136M reserved
[80.993s][info][gc,metaspace] GC(32) O: Metaspace: 30M used, 34M committed, 3136M reserved
[80.993s][info][gc          ] GC(32) Major Collection (System.gc()) 2214M(36%)->2214M(36%) 2.447s
[80.994s][info][gc          ] GC(33) Major Collection (System.gc())
[81.004s][info][gc,metaspace] GC(33) Y: Metaspace: 30M used, 34M committed, 3136M reserved
[81.012s][info][gc,metaspace] GC(33) Y: Metaspace: 30M used, 34M committed, 3136M reserved
[83.432s][info][gc,metaspace] GC(33) O: Metaspace: 30M used, 34M committed, 3136M reserved
[83.432s][info][gc          ] GC(33) Major Collection (System.gc()) 2214M(36%)->2214M(36%) 2.438s
[83.432s][info][gc          ] GC(34) Major Collection (System.gc())
[83.442s][info][gc,metaspace] GC(34) Y: Metaspace: 30M used, 34M committed, 3136M reserved
[83.451s][info][gc,metaspace] GC(34) Y: Metaspace: 30M used, 34M committed, 3136M reserved
[85.806s][info][gc,metaspace] GC(34) O: Metaspace: 30M used, 34M committed, 3136M reserved
[85.806s][info][gc          ] GC(34) Major Collection (System.gc()) 2214M(36%)->2214M(36%) 2.374s
[85.806s][info][gc          ] GC(35) Major Collection (System.gc())
[85.817s][info][gc,metaspace] GC(35) Y: Metaspace: 30M used, 34M committed, 3136M reserved
[85.825s][info][gc,metaspace] GC(35) Y: Metaspace: 30M used, 34M committed, 3136M reserved
[88.196s][info][gc,metaspace] GC(35) O: Metaspace: 30M used, 34M committed, 3136M reserved
[88.196s][info][gc          ] GC(35) Major Collection (System.gc()) 2214M(36%)->2214M(36%) 2.390s
[88.196s][info][gc          ] GC(36) Major Collection (System.gc())
[88.207s][info][gc,metaspace] GC(36) Y: Metaspace: 30M used, 34M committed, 3136M reserved
[88.215s][info][gc,metaspace] GC(36) Y: Metaspace: 30M used, 34M committed, 3136M reserved
[90.655s][info][gc,metaspace] GC(36) O: Metaspace: 30M used, 34M committed, 3136M reserved
[90.655s][info][gc          ] GC(36) Major Collection (System.gc()) 2214M(36%)->2214M(36%) 2.459s
[90.655s][info][gc          ] GC(37) Major Collection (System.gc())
[90.666s][info][gc,metaspace] GC(37) Y: Metaspace: 30M used, 34M committed, 3136M reserved
[90.674s][info][gc,metaspace] GC(37) Y: Metaspace: 30M used, 34M committed, 3136M reserved
[93.051s][info][gc,metaspace] GC(37) O: Metaspace: 30M used, 34M committed, 3136M reserved
[93.051s][info][gc          ] GC(37) Major Collection (System.gc()) 2214M(36%)->2214M(36%) 2.396s
[93.051s][info][gc          ] GC(38) Major Collection (System.gc())
[93.062s][info][gc,metaspace] GC(38) Y: Metaspace: 30M used, 34M committed, 3136M reserved
[93.070s][info][gc,metaspace] GC(38) Y: Metaspace: 30M used, 34M committed, 3136M reserved
[95.485s][info][gc,metaspace] GC(38) O: Metaspace: 30M used, 34M committed, 3136M reserved
[95.485s][info][gc          ] GC(38) Major Collection (System.gc()) 2214M(36%)->2214M(36%) 2.434s
[95.485s][info][gc          ] GC(39) Major Collection (System.gc())
[95.496s][info][gc,metaspace] GC(39) Y: Metaspace: 30M used, 34M committed, 3136M reserved
[95.504s][info][gc,metaspace] GC(39) Y: Metaspace: 30M used, 34M committed, 3136M reserved
[97.888s][info][gc,metaspace] GC(39) O: Metaspace: 30M used, 34M committed, 3136M reserved
[97.888s][info][gc          ] GC(39) Major Collection (System.gc()) 2214M(36%)->2214M(36%) 2.403s
[97.888s][info][gc          ] GC(40) Major Collection (System.gc())
[97.898s][info][gc,metaspace] GC(40) Y: Metaspace: 30M used, 34M committed, 3136M reserved
[97.907s][info][gc,metaspace] GC(40) Y: Metaspace: 30M used, 34M committed, 3136M reserved
[100.334s][info][gc,metaspace] GC(40) O: Metaspace: 30M used, 34M committed, 3136M reserved
[100.334s][info][gc          ] GC(40) Major Collection (System.gc()) 2214M(36%)->2214M(36%) 2.446s
[100.334s][info][gc          ] GC(41) Major Collection (System.gc())
[100.345s][info][gc,metaspace] GC(41) Y: Metaspace: 30M used, 34M committed, 3136M reserved
[100.353s][info][gc,metaspace] GC(41) Y: Metaspace: 30M used, 34M committed, 3136M reserved
[102.750s][info][gc,metaspace] GC(41) O: Metaspace: 30M used, 34M committed, 3136M reserved
[102.751s][info][gc          ] GC(41) Major Collection (System.gc()) 2214M(36%)->2214M(36%) 2.417s
[102.751s][info][gc          ] GC(42) Major Collection (System.gc())
[102.761s][info][gc,metaspace] GC(42) Y: Metaspace: 30M used, 34M committed, 3136M reserved
[102.769s][info][gc,metaspace] GC(42) Y: Metaspace: 30M used, 34M committed, 3136M reserved
[105.182s][info][gc,metaspace] GC(42) O: Metaspace: 30M used, 34M committed, 3136M reserved
[105.182s][info][gc          ] GC(42) Major Collection (System.gc()) 2214M(36%)->2214M(36%) 2.432s
[105.182s][info][gc          ] GC(43) Major Collection (System.gc())
[105.193s][info][gc,metaspace] GC(43) Y: Metaspace: 30M used, 34M committed, 3136M reserved
[105.201s][info][gc,metaspace] GC(43) Y: Metaspace: 30M used, 34M committed, 3136M reserved
[107.632s][info][gc,metaspace] GC(43) O: Metaspace: 30M used, 34M committed, 3136M reserved
[107.632s][info][gc          ] GC(43) Major Collection (System.gc()) 2214M(36%)->2214M(36%) 2.450s
[107.632s][info][gc          ] GC(44) Major Collection (System.gc())
[107.643s][info][gc,metaspace] GC(44) Y: Metaspace: 30M used, 34M committed, 3136M reserved
[107.651s][info][gc,metaspace] GC(44) Y: Metaspace: 30M used, 34M committed, 3136M reserved
[110.037s][info][gc,metaspace] GC(44) O: Metaspace: 30M used, 34M committed, 3136M reserved
[110.037s][info][gc          ] GC(44) Major Collection (System.gc()) 2214M(36%)->2214M(36%) 2.404s
[110.037s][info][gc          ] GC(45) Major Collection (System.gc())
[110.047s][info][gc,metaspace] GC(45) Y: Metaspace: 30M used, 34M committed, 3136M reserved
[110.055s][info][gc,metaspace] GC(45) Y: Metaspace: 30M used, 34M committed, 3136M reserved
[112.468s][info][gc,metaspace] GC(45) O: Metaspace: 30M used, 34M committed, 3136M reserved
[112.468s][info][gc          ] GC(45) Major Collection (System.gc()) 2214M(36%)->2214M(36%) 2.432s
[112.468s][info][gc          ] GC(46) Major Collection (System.gc())
[112.479s][info][gc,metaspace] GC(46) Y: Metaspace: 30M used, 34M committed, 3136M reserved
[112.487s][info][gc,metaspace] GC(46) Y: Metaspace: 30M used, 34M committed, 3136M reserved
[114.861s][info][gc,metaspace] GC(46) O: Metaspace: 30M used, 34M committed, 3136M reserved
[114.861s][info][gc          ] GC(46) Major Collection (System.gc()) 2214M(36%)->2214M(36%) 2.393s
[114.861s][info][gc          ] GC(47) Major Collection (System.gc())
[114.871s][info][gc,metaspace] GC(47) Y: Metaspace: 30M used, 34M committed, 3136M reserved
[114.880s][info][gc,metaspace] GC(47) Y: Metaspace: 30M used, 34M committed, 3136M reserved
[117.322s][info][gc,metaspace] GC(47) O: Metaspace: 30M used, 34M committed, 3136M reserved
[117.322s][info][gc          ] GC(47) Major Collection (System.gc()) 2214M(36%)->2214M(36%) 2.461s
[117.322s][info][gc          ] GC(48) Major Collection (System.gc())
[117.333s][info][gc,metaspace] GC(48) Y: Metaspace: 30M used, 34M committed, 3136M reserved
[117.342s][info][gc,metaspace] GC(48) Y: Metaspace: 30M used, 34M committed, 3136M reserved
[119.711s][info][gc,metaspace] GC(48) O: Metaspace: 30M used, 34M committed, 3136M reserved
[119.711s][info][gc          ] GC(48) Major Collection (System.gc()) 2214M(36%)->2214M(36%) 2.389s
[119.711s][info][gc          ] GC(49) Major Collection (System.gc())
[119.722s][info][gc,metaspace] GC(49) Y: Metaspace: 30M used, 34M committed, 3136M reserved
[119.730s][info][gc,metaspace] GC(49) Y: Metaspace: 30M used, 34M committed, 3136M reserved
[122.105s][info][gc,metaspace] GC(49) O: Metaspace: 30M used, 34M committed, 3136M reserved
[122.105s][info][gc          ] GC(49) Major Collection (System.gc()) 2214M(36%)->2216M(36%) 2.394s
[122.106s][info][gc          ] GC(50) Major Collection (System.gc())
[122.113s][info][gc,metaspace] GC(50) Y: Metaspace: 30M used, 34M committed, 3136M reserved
[122.120s][info][gc,metaspace] GC(50) Y: Metaspace: 30M used, 34M committed, 3136M reserved
[124.584s][info][gc,metaspace] GC(50) O: Metaspace: 30M used, 34M committed, 3136M reserved
[124.584s][info][gc          ] GC(50) Major Collection (System.gc()) 2216M(36%)->2214M(36%) 2.478s
[124.584s][info][gc          ] GC(51) Major Collection (System.gc())
[124.591s][info][gc,metaspace] GC(51) Y: Metaspace: 30M used, 34M committed, 3136M reserved
[124.598s][info][gc,metaspace] GC(51) Y: Metaspace: 30M used, 34M committed, 3136M reserved
[127.228s][info][gc,metaspace] GC(51) O: Metaspace: 30M used, 34M committed, 3136M reserved
[127.228s][info][gc          ] GC(51) Major Collection (System.gc()) 2214M(36%)->2214M(36%) 2.644s
[127.228s][info][gc          ] GC(52) Major Collection (System.gc())
[127.235s][info][gc,metaspace] GC(52) Y: Metaspace: 30M used, 34M committed, 3136M reserved
[127.242s][info][gc,metaspace] GC(52) Y: Metaspace: 30M used, 34M committed, 3136M reserved
[130.294s][info][gc,metaspace] GC(52) O: Metaspace: 30M used, 34M committed, 3136M reserved
[130.294s][info][gc          ] GC(52) Major Collection (System.gc()) 2214M(36%)->2214M(36%) 3.066s
[130.294s][info][gc          ] GC(53) Major Collection (System.gc())
[130.306s][info][gc,metaspace] GC(53) Y: Metaspace: 30M used, 34M committed, 3136M reserved
[130.313s][info][gc,metaspace] GC(53) Y: Metaspace: 30M used, 34M committed, 3136M reserved
[132.673s][info][gc,metaspace] GC(53) O: Metaspace: 30M used, 34M committed, 3136M reserved
[132.673s][info][gc          ] GC(53) Major Collection (System.gc()) 2214M(36%)->2214M(36%) 2.378s
[132.673s][info][gc          ] GC(54) Major Collection (System.gc())
[132.680s][info][gc,metaspace] GC(54) Y: Metaspace: 30M used, 34M committed, 3136M reserved
[132.687s][info][gc,metaspace] GC(54) Y: Metaspace: 30M used, 34M committed, 3136M reserved
[135.331s][info][gc,metaspace] GC(54) O: Metaspace: 30M used, 34M committed, 3136M reserved
[135.331s][info][gc          ] GC(54) Major Collection (System.gc()) 2214M(36%)->2214M(36%) 2.658s
[135.331s][info][gc          ] GC(55) Major Collection (System.gc())
[135.344s][info][gc,metaspace] GC(55) Y: Metaspace: 30M used, 34M committed, 3136M reserved
[135.350s][info][gc,metaspace] GC(55) Y: Metaspace: 30M used, 34M committed, 3136M reserved
[137.723s][info][gc,metaspace] GC(55) O: Metaspace: 30M used, 34M committed, 3136M reserved
[137.723s][info][gc          ] GC(55) Major Collection (System.gc()) 2214M(36%)->2214M(36%) 2.392s
[137.723s][info][gc          ] GC(56) Major Collection (System.gc())
[137.730s][info][gc,metaspace] GC(56) Y: Metaspace: 30M used, 34M committed, 3136M reserved
[137.737s][info][gc,metaspace] GC(56) Y: Metaspace: 30M used, 34M committed, 3136M reserved
[140.328s][info][gc,metaspace] GC(56) O: Metaspace: 30M used, 34M committed, 3136M reserved
[140.328s][info][gc          ] GC(56) Major Collection (System.gc()) 2214M(36%)->2214M(36%) 2.605s
[140.328s][info][gc          ] GC(57) Major Collection (System.gc())
[140.336s][info][gc,metaspace] GC(57) Y: Metaspace: 30M used, 34M committed, 3136M reserved
[140.342s][info][gc,metaspace] GC(57) Y: Metaspace: 30M used, 34M committed, 3136M reserved
[143.046s][info][gc,metaspace] GC(57) O: Metaspace: 30M used, 34M committed, 3136M reserved
[143.046s][info][gc          ] GC(57) Major Collection (System.gc()) 2214M(36%)->2214M(36%) 2.717s
[143.046s][info][gc          ] GC(58) Major Collection (System.gc())
[143.053s][info][gc,metaspace] GC(58) Y: Metaspace: 30M used, 34M committed, 3136M reserved
[143.060s][info][gc,metaspace] GC(58) Y: Metaspace: 30M used, 34M committed, 3136M reserved
[145.514s][info][gc,metaspace] GC(58) O: Metaspace: 30M used, 34M committed, 3136M reserved
[145.514s][info][gc          ] GC(58) Major Collection (System.gc()) 2214M(36%)->2214M(36%) 2.468s
[145.514s][info][gc          ] GC(59) Major Collection (System.gc())
[145.521s][info][gc,metaspace] GC(59) Y: Metaspace: 30M used, 34M committed, 3136M reserved
[145.527s][info][gc,metaspace] GC(59) Y: Metaspace: 30M used, 34M committed, 3136M reserved
[148.148s][info][gc,metaspace] GC(59) O: Metaspace: 30M used, 34M committed, 3136M reserved
[148.148s][info][gc          ] GC(59) Major Collection (System.gc()) 2214M(36%)->2214M(36%) 2.634s
[148.148s][info][gc          ] GC(60) Major Collection (System.gc())
[148.156s][info][gc,metaspace] GC(60) Y: Metaspace: 30M used, 34M committed, 3136M reserved
[148.163s][info][gc,metaspace] GC(60) Y: Metaspace: 30M used, 34M committed, 3136M reserved
[150.593s][info][gc,metaspace] GC(60) O: Metaspace: 30M used, 34M committed, 3136M reserved
[150.593s][info][gc          ] GC(60) Major Collection (System.gc()) 2214M(36%)->2214M(36%) 2.445s
[150.593s][info][gc          ] GC(61) Major Collection (System.gc())
[150.605s][info][gc,metaspace] GC(61) Y: Metaspace: 30M used, 34M committed, 3136M reserved
[150.612s][info][gc,metaspace] GC(61) Y: Metaspace: 30M used, 34M committed, 3136M reserved
[152.943s][info][gc,metaspace] GC(61) O: Metaspace: 30M used, 34M committed, 3136M reserved
[152.943s][info][gc          ] GC(61) Major Collection (System.gc()) 2214M(36%)->2214M(36%) 2.351s
[152.943s][info][gc          ] GC(62) Major Collection (System.gc())
[152.951s][info][gc,metaspace] GC(62) Y: Metaspace: 30M used, 34M committed, 3136M reserved
[152.957s][info][gc,metaspace] GC(62) Y: Metaspace: 30M used, 34M committed, 3136M reserved
[155.486s][info][gc,metaspace] GC(62) O: Metaspace: 30M used, 34M committed, 3136M reserved
[155.486s][info][gc          ] GC(62) Major Collection (System.gc()) 2214M(36%)->2214M(36%) 2.542s
[155.486s][info][gc          ] GC(63) Major Collection (System.gc())
[155.493s][info][gc,metaspace] GC(63) Y: Metaspace: 30M used, 34M committed, 3136M reserved
[155.500s][info][gc,metaspace] GC(63) Y: Metaspace: 30M used, 34M committed, 3136M reserved
[158.139s][info][gc,metaspace] GC(63) O: Metaspace: 30M used, 34M committed, 3136M reserved
[158.139s][info][gc          ] GC(63) Major Collection (System.gc()) 2214M(36%)->2214M(36%) 2.653s
[158.139s][info][gc          ] GC(64) Major Collection (System.gc())
[158.146s][info][gc,metaspace] GC(64) Y: Metaspace: 30M used, 34M committed, 3136M reserved
[158.153s][info][gc,metaspace] GC(64) Y: Metaspace: 30M used, 34M committed, 3136M reserved
[160.579s][info][gc,metaspace] GC(64) O: Metaspace: 30M used, 34M committed, 3136M reserved
[160.579s][info][gc          ] GC(64) Major Collection (System.gc()) 2214M(36%)->2214M(36%) 2.440s
After GCs... 
