Done; will start GCs... 
[21.636s][info][gc          ] Trigger: GC request (System.gc())
[21.638s][info][gc          ] GC(12) Concurrent reset 2.282ms
[21.638s][info][gc          ] GC(12) Pause Init Mark (unload classes) 0.046ms
[21.638s][info][gc          ] GC(12) Concurrent marking roots 0.169ms
[23.025s][info][gc          ] GC(12) Concurrent marking (unload classes) 1387.034ms
[23.026s][info][gc          ] GC(12) Pause Final Mark (unload classes) 0.161ms
[23.026s][info][gc          ] GC(12) Concurrent weak references 0.045ms
[23.026s][info][gc          ] GC(12) Concurrent weak roots 0.377ms
[23.026s][info][gc          ] GC(12) Concurrent cleanup 1645M->1642M(6144M) 0.052ms
[23.027s][info][gc          ] GC(12) Concurrent class unloading 0.841ms
[23.027s][info][gc          ] GC(12) Pause Final Roots 0.003ms
[23.027s][info][gc,metaspace] Metaspace: 11738K(12032K)->11738K(12032K) NonClass: 9708K(9856K)->9708K(9856K) Class: 2029K(2176K)->2029K(2176K)
[23.028s][info][gc          ] Trigger: GC request (System.gc())
[23.030s][info][gc          ] GC(13) Concurrent reset 2.068ms
[23.031s][info][gc          ] GC(13) Pause Init Mark (unload classes) 0.044ms
[23.031s][info][gc          ] GC(13) Concurrent marking roots 0.112ms
[24.566s][info][gc          ] GC(13) Concurrent marking (unload classes) 1534.929ms
[24.566s][info][gc          ] GC(13) Pause Final Mark (unload classes) 0.182ms
[24.566s][info][gc          ] GC(13) Concurrent weak references 0.055ms
[24.567s][info][gc          ] GC(13) Concurrent weak roots 0.389ms
[24.567s][info][gc          ] GC(13) Concurrent cleanup 1642M->1642M(6144M) 0.051ms
[24.567s][info][gc          ] GC(13) Concurrent class unloading 0.805ms
[24.567s][info][gc          ] GC(13) Pause Final Roots 0.003ms
[24.568s][info][gc,metaspace] Metaspace: 11738K(12032K)->11738K(12032K) NonClass: 9708K(9856K)->9708K(9856K) Class: 2029K(2176K)->2029K(2176K)
[24.570s][info][gc          ] Trigger: GC request (System.gc())
[24.572s][info][gc          ] GC(14) Concurrent reset 2.169ms
[24.572s][info][gc          ] GC(14) Pause Init Mark (unload classes) 0.040ms
[24.572s][info][gc          ] GC(14) Concurrent marking roots 0.099ms
[26.263s][info][gc          ] GC(14) Concurrent marking (unload classes) 1691.014ms
[26.263s][info][gc          ] GC(14) Pause Final Mark (unload classes) 0.156ms
[26.263s][info][gc          ] GC(14) Concurrent weak references 0.046ms
[26.264s][info][gc          ] GC(14) Concurrent weak roots 0.370ms
[26.264s][info][gc          ] GC(14) Concurrent cleanup 1642M->1642M(6144M) 0.053ms
[26.265s][info][gc          ] GC(14) Concurrent class unloading 0.975ms
[26.265s][info][gc          ] GC(14) Pause Final Roots 0.003ms
[26.265s][info][gc,metaspace] Metaspace: 11738K(12032K)->11738K(12032K) NonClass: 9708K(9856K)->9708K(9856K) Class: 2029K(2176K)->2029K(2176K)
[26.269s][info][gc          ] Trigger: GC request (System.gc())
[26.271s][info][gc          ] GC(15) Concurrent reset 2.094ms
[26.271s][info][gc          ] GC(15) Pause Init Mark (unload classes) 0.047ms
[26.271s][info][gc          ] GC(15) Concurrent marking roots 0.094ms
[27.964s][info][gc          ] GC(15) Concurrent marking (unload classes) 1692.309ms
[27.964s][info][gc          ] GC(15) Pause Final Mark (unload classes) 0.181ms
[27.964s][info][gc          ] GC(15) Concurrent weak references 0.045ms
[27.964s][info][gc          ] GC(15) Concurrent weak roots 0.324ms
[27.965s][info][gc          ] GC(15) Concurrent cleanup 1642M->1642M(6144M) 0.050ms
[27.965s][info][gc          ] GC(15) Concurrent class unloading 0.833ms
[27.965s][info][gc          ] GC(15) Pause Final Roots 0.003ms
[27.966s][info][gc,metaspace] Metaspace: 11738K(12032K)->11738K(12032K) NonClass: 9708K(9856K)->9708K(9856K) Class: 2029K(2176K)->2029K(2176K)
[27.974s][info][gc          ] Trigger: GC request (System.gc())
[27.976s][info][gc          ] GC(16) Concurrent reset 2.183ms
[27.976s][info][gc          ] GC(16) Pause Init Mark (unload classes) 0.052ms
[27.976s][info][gc          ] GC(16) Concurrent marking roots 0.098ms
[29.952s][info][gc          ] GC(16) Concurrent marking (unload classes) 1975.721ms
[29.952s][info][gc          ] GC(16) Pause Final Mark (unload classes) 0.184ms
[29.952s][info][gc          ] GC(16) Concurrent weak references 0.057ms
[29.953s][info][gc          ] GC(16) Concurrent weak roots 0.386ms
[29.953s][info][gc          ] GC(16) Concurrent cleanup 1642M->1642M(6144M) 0.051ms
[29.954s][info][gc          ] GC(16) Concurrent class unloading 0.945ms
[29.954s][info][gc          ] GC(16) Pause Final Roots 0.003ms
[29.954s][info][gc,metaspace] Metaspace: 11738K(12032K)->11738K(12032K) NonClass: 9708K(9856K)->9708K(9856K) Class: 2029K(2176K)->2029K(2176K)
[29.964s][info][gc          ] Trigger: GC request (System.gc())
[29.966s][info][gc          ] GC(17) Concurrent reset 1.962ms
[29.966s][info][gc          ] GC(17) Pause Init Mark (unload classes) 0.044ms
[29.966s][info][gc          ] GC(17) Concurrent marking roots 0.104ms
[31.709s][info][gc          ] GC(17) Concurrent marking (unload classes) 1742.883ms
[31.714s][info][gc          ] GC(17) Pause Final Mark (unload classes) 0.194ms
[31.714s][info][gc          ] GC(17) Concurrent weak references 0.043ms
[31.714s][info][gc          ] GC(17) Concurrent weak roots 0.365ms
[31.714s][info][gc          ] GC(17) Concurrent cleanup 1642M->1642M(6144M) 0.051ms
[31.715s][info][gc          ] GC(17) Concurrent class unloading 0.839ms
[31.715s][info][gc          ] GC(17) Pause Final Roots 0.003ms
[31.715s][info][gc,metaspace] Metaspace: 11738K(12032K)->11738K(12032K) NonClass: 9708K(9856K)->9708K(9856K) Class: 2029K(2176K)->2029K(2176K)
[31.725s][info][gc          ] Trigger: GC request (System.gc())
[31.727s][info][gc          ] GC(18) Concurrent reset 2.262ms
[31.728s][info][gc          ] GC(18) Pause Init Mark (unload classes) 0.048ms
[31.728s][info][gc          ] GC(18) Concurrent marking roots 0.108ms
[33.512s][info][gc          ] GC(18) Concurrent marking (unload classes) 1783.991ms
[33.512s][info][gc          ] GC(18) Pause Final Mark (unload classes) 0.189ms
[33.512s][info][gc          ] GC(18) Concurrent weak references 0.056ms
[33.513s][info][gc          ] GC(18) Concurrent weak roots 0.402ms
[33.513s][info][gc          ] GC(18) Concurrent cleanup 1642M->1642M(6144M) 0.051ms
[33.514s][info][gc          ] GC(18) Concurrent class unloading 0.988ms
[33.514s][info][gc          ] GC(18) Pause Final Roots 0.003ms
[33.514s][info][gc,metaspace] Metaspace: 11738K(12032K)->11738K(12032K) NonClass: 9708K(9856K)->9708K(9856K) Class: 2029K(2176K)->2029K(2176K)
[33.524s][info][gc          ] Trigger: GC request (System.gc())
[33.526s][info][gc          ] GC(19) Concurrent reset 1.974ms
[33.526s][info][gc          ] GC(19) Pause Init Mark (unload classes) 0.041ms
[33.526s][info][gc          ] GC(19) Concurrent marking roots 0.098ms
[35.078s][info][gc          ] GC(19) Concurrent marking (unload classes) 1552.029ms
[35.078s][info][gc          ] GC(19) Pause Final Mark (unload classes) 0.182ms
[35.079s][info][gc          ] GC(19) Concurrent weak references 0.046ms
[35.079s][info][gc          ] GC(19) Concurrent weak roots 0.402ms
[35.079s][info][gc          ] GC(19) Concurrent cleanup 1642M->1642M(6144M) 0.051ms
[35.080s][info][gc          ] GC(19) Concurrent class unloading 0.825ms
[35.080s][info][gc          ] GC(19) Pause Final Roots 0.003ms
[35.080s][info][gc,metaspace] Metaspace: 11738K(12032K)->11738K(12032K) NonClass: 9708K(9856K)->9708K(9856K) Class: 2029K(2176K)->2029K(2176K)
[35.090s][info][gc          ] Trigger: GC request (System.gc())
[35.092s][info][gc          ] GC(20) Concurrent reset 2.139ms
[35.092s][info][gc          ] GC(20) Pause Init Mark (unload classes) 0.041ms
[35.093s][info][gc          ] GC(20) Concurrent marking roots 0.100ms
[36.825s][info][gc          ] GC(20) Concurrent marking (unload classes) 1732.248ms
[36.825s][info][gc          ] GC(20) Pause Final Mark (unload classes) 0.181ms
[36.829s][info][gc          ] GC(20) Concurrent weak references 0.080ms
[36.830s][info][gc          ] GC(20) Concurrent weak roots 0.409ms
[36.830s][info][gc          ] GC(20) Concurrent cleanup 1642M->1642M(6144M) 0.059ms
[36.831s][info][gc          ] GC(20) Concurrent class unloading 0.946ms
[36.831s][info][gc          ] GC(20) Pause Final Roots 0.003ms
[36.831s][info][gc,metaspace] Metaspace: 11738K(12032K)->11738K(12032K) NonClass: 9708K(9856K)->9708K(9856K) Class: 2029K(2176K)->2029K(2176K)
[36.841s][info][gc          ] Trigger: GC request (System.gc())
[36.843s][info][gc          ] GC(21) Concurrent reset 2.209ms
[36.843s][info][gc          ] GC(21) Pause Init Mark (unload classes) 0.045ms
[36.844s][info][gc          ] GC(21) Concurrent marking roots 0.111ms
[38.369s][info][gc          ] GC(21) Concurrent marking (unload classes) 1525.580ms
[38.369s][info][gc          ] GC(21) Pause Final Mark (unload classes) 0.175ms
[38.369s][info][gc          ] GC(21) Concurrent weak references 0.045ms
[38.370s][info][gc          ] GC(21) Concurrent weak roots 0.338ms
[38.370s][info][gc          ] GC(21) Concurrent cleanup 1642M->1642M(6144M) 0.051ms
[38.371s][info][gc          ] GC(21) Concurrent class unloading 0.840ms
[38.371s][info][gc          ] GC(21) Pause Final Roots 0.003ms
[38.371s][info][gc,metaspace] Metaspace: 11738K(12032K)->11738K(12032K) NonClass: 9708K(9856K)->9708K(9856K) Class: 2029K(2176K)->2029K(2176K)
[38.381s][info][gc          ] Trigger: GC request (System.gc())
[38.383s][info][gc          ] GC(22) Concurrent reset 2.135ms
[38.383s][info][gc          ] GC(22) Pause Init Mark (unload classes) 0.041ms
[38.383s][info][gc          ] GC(22) Concurrent marking roots 0.096ms
[39.993s][info][gc          ] GC(22) Concurrent marking (unload classes) 1609.749ms
[39.993s][info][gc          ] GC(22) Pause Final Mark (unload classes) 0.179ms
[39.993s][info][gc          ] GC(22) Concurrent weak references 0.045ms
[39.994s][info][gc          ] GC(22) Concurrent weak roots 0.329ms
[39.994s][info][gc          ] GC(22) Concurrent cleanup 1642M->1642M(6144M) 0.051ms
[39.995s][info][gc          ] GC(22) Concurrent class unloading 0.831ms
[39.995s][info][gc          ] GC(22) Pause Final Roots 0.003ms
[39.995s][info][gc,metaspace] Metaspace: 11738K(12032K)->11738K(12032K) NonClass: 9708K(9856K)->9708K(9856K) Class: 2029K(2176K)->2029K(2176K)
[40.005s][info][gc          ] Trigger: GC request (System.gc())
[40.007s][info][gc          ] GC(23) Concurrent reset 2.195ms
[40.007s][info][gc          ] GC(23) Pause Init Mark (unload classes) 0.042ms
[40.007s][info][gc          ] GC(23) Concurrent marking roots 0.094ms
[41.774s][info][gc          ] GC(23) Concurrent marking (unload classes) 1766.846ms
[41.774s][info][gc          ] GC(23) Pause Final Mark (unload classes) 0.182ms
[41.775s][info][gc          ] GC(23) Concurrent weak references 0.060ms
[41.775s][info][gc          ] GC(23) Concurrent weak roots 0.338ms
[41.775s][info][gc          ] GC(23) Concurrent cleanup 1642M->1642M(6144M) 0.050ms
[41.776s][info][gc          ] GC(23) Concurrent class unloading 1.106ms
[41.776s][info][gc          ] GC(23) Pause Final Roots 0.003ms
[41.776s][info][gc,metaspace] Metaspace: 11738K(12032K)->11738K(12032K) NonClass: 9708K(9856K)->9708K(9856K) Class: 2029K(2176K)->2029K(2176K)
[41.786s][info][gc          ] Trigger: GC request (System.gc())
[41.788s][info][gc          ] GC(24) Concurrent reset 1.987ms
[41.788s][info][gc          ] GC(24) Pause Init Mark (unload classes) 0.056ms
[41.789s][info][gc          ] GC(24) Concurrent marking roots 0.103ms
[43.414s][info][gc          ] GC(24) Concurrent marking (unload classes) 1625.432ms
[43.414s][info][gc          ] GC(24) Pause Final Mark (unload classes) 0.192ms
[43.414s][info][gc          ] GC(24) Concurrent weak references 0.045ms
[43.415s][info][gc          ] GC(24) Concurrent weak roots 0.333ms
[43.415s][info][gc          ] GC(24) Concurrent cleanup 1642M->1642M(6144M) 0.050ms
[43.416s][info][gc          ] GC(24) Concurrent class unloading 0.843ms
[43.416s][info][gc          ] GC(24) Pause Final Roots 0.003ms
[43.416s][info][gc,metaspace] Metaspace: 11738K(12032K)->11738K(12032K) NonClass: 9708K(9856K)->9708K(9856K) Class: 2029K(2176K)->2029K(2176K)
[43.426s][info][gc          ] Trigger: GC request (System.gc())
[43.428s][info][gc          ] GC(25) Concurrent reset 2.039ms
[43.428s][info][gc          ] GC(25) Pause Init Mark (unload classes) 0.040ms
[43.428s][info][gc          ] GC(25) Concurrent marking roots 0.104ms
[45.022s][info][gc          ] GC(25) Concurrent marking (unload classes) 1594.185ms
[45.023s][info][gc          ] GC(25) Pause Final Mark (unload classes) 0.193ms
[45.023s][info][gc          ] GC(25) Concurrent weak references 0.041ms
[45.023s][info][gc          ] GC(25) Concurrent weak roots 0.369ms
[45.023s][info][gc          ] GC(25) Concurrent cleanup 1642M->1642M(6144M) 0.051ms
[45.024s][info][gc          ] GC(25) Concurrent class unloading 0.842ms
[45.024s][info][gc          ] GC(25) Pause Final Roots 0.003ms
[45.024s][info][gc,metaspace] Metaspace: 11738K(12032K)->11738K(12032K) NonClass: 9708K(9856K)->9708K(9856K) Class: 2029K(2176K)->2029K(2176K)
[45.034s][info][gc          ] Trigger: GC request (System.gc())
[45.036s][info][gc          ] GC(26) Concurrent reset 2.155ms
[45.037s][info][gc          ] GC(26) Pause Init Mark (unload classes) 0.043ms
[45.037s][info][gc          ] GC(26) Concurrent marking roots 0.109ms
[46.794s][info][gc          ] GC(26) Concurrent marking (unload classes) 1757.457ms
[46.794s][info][gc          ] GC(26) Pause Final Mark (unload classes) 0.177ms
[46.795s][info][gc          ] GC(26) Concurrent weak references 0.043ms
[46.795s][info][gc          ] GC(26) Concurrent weak roots 0.386ms
[46.795s][info][gc          ] GC(26) Concurrent cleanup 1642M->1642M(6144M) 0.059ms
[46.796s][info][gc          ] GC(26) Concurrent class unloading 0.955ms
[46.796s][info][gc          ] GC(26) Pause Final Roots 0.003ms
[46.796s][info][gc,metaspace] Metaspace: 11738K(12032K)->11738K(12032K) NonClass: 9708K(9856K)->9708K(9856K) Class: 2029K(2176K)->2029K(2176K)
[46.806s][info][gc          ] Trigger: GC request (System.gc())
[46.808s][info][gc          ] GC(27) Concurrent reset 2.060ms
[46.808s][info][gc          ] GC(27) Pause Init Mark (unload classes) 0.045ms
[46.809s][info][gc          ] GC(27) Concurrent marking roots 0.106ms
[48.419s][info][gc          ] GC(27) Concurrent marking (unload classes) 1610.316ms
[48.419s][info][gc          ] GC(27) Pause Final Mark (unload classes) 0.170ms
[48.423s][info][gc          ] GC(27) Concurrent weak references 0.049ms
[48.424s][info][gc          ] GC(27) Concurrent weak roots 0.333ms
[48.424s][info][gc          ] GC(27) Concurrent cleanup 1642M->1642M(6144M) 0.050ms
[48.425s][info][gc          ] GC(27) Concurrent class unloading 0.840ms
[48.425s][info][gc          ] GC(27) Pause Final Roots 0.003ms
[48.425s][info][gc,metaspace] Metaspace: 11738K(12032K)->11738K(12032K) NonClass: 9708K(9856K)->9708K(9856K) Class: 2029K(2176K)->2029K(2176K)
[48.435s][info][gc          ] Trigger: GC request (System.gc())
[48.437s][info][gc          ] GC(28) Concurrent reset 2.147ms
[48.437s][info][gc          ] GC(28) Pause Init Mark (unload classes) 0.042ms
[48.437s][info][gc          ] GC(28) Concurrent marking roots 0.089ms
[50.214s][info][gc          ] GC(28) Concurrent marking (unload classes) 1776.910ms
[50.215s][info][gc          ] GC(28) Pause Final Mark (unload classes) 0.170ms
[50.215s][info][gc          ] GC(28) Concurrent weak references 0.044ms
[50.215s][info][gc          ] GC(28) Concurrent weak roots 0.330ms
[50.215s][info][gc          ] GC(28) Concurrent cleanup 1642M->1642M(6144M) 0.051ms
[50.216s][info][gc          ] GC(28) Concurrent class unloading 0.852ms
[50.216s][info][gc          ] GC(28) Pause Final Roots 0.003ms
[50.216s][info][gc,metaspace] Metaspace: 11738K(12032K)->11738K(12032K) NonClass: 9708K(9856K)->9708K(9856K) Class: 2029K(2176K)->2029K(2176K)
[50.226s][info][gc          ] Trigger: GC request (System.gc())
[50.228s][info][gc          ] GC(29) Concurrent reset 2.142ms
[50.228s][info][gc          ] GC(29) Pause Init Mark (unload classes) 0.043ms
[50.229s][info][gc          ] GC(29) Concurrent marking roots 0.088ms
[52.104s][info][gc          ] GC(29) Concurrent marking (unload classes) 1875.560ms
[52.104s][info][gc          ] GC(29) Pause Final Mark (unload classes) 0.182ms
[52.104s][info][gc          ] GC(29) Concurrent weak references 0.045ms
[52.105s][info][gc          ] GC(29) Concurrent weak roots 0.399ms
[52.105s][info][gc          ] GC(29) Concurrent cleanup 1642M->1642M(6144M) 0.071ms
[52.106s][info][gc          ] GC(29) Concurrent class unloading 0.837ms
[52.106s][info][gc          ] GC(29) Pause Final Roots 0.003ms
[52.106s][info][gc,metaspace] Metaspace: 11738K(12032K)->11738K(12032K) NonClass: 9708K(9856K)->9708K(9856K) Class: 2029K(2176K)->2029K(2176K)
[52.116s][info][gc          ] Trigger: GC request (System.gc())
[52.118s][info][gc          ] GC(30) Concurrent reset 2.077ms
[52.118s][info][gc          ] GC(30) Pause Init Mark (unload classes) 0.043ms
[52.118s][info][gc          ] GC(30) Concurrent marking roots 0.102ms
[53.847s][info][gc          ] GC(30) Concurrent marking (unload classes) 1728.794ms
[53.847s][info][gc          ] GC(30) Pause Final Mark (unload classes) 0.183ms
[53.847s][info][gc          ] GC(30) Concurrent weak references 0.043ms
[53.848s][info][gc          ] GC(30) Concurrent weak roots 0.389ms
[53.848s][info][gc          ] GC(30) Concurrent cleanup 1642M->1642M(6144M) 0.050ms
[53.849s][info][gc          ] GC(30) Concurrent class unloading 0.841ms
[53.849s][info][gc          ] GC(30) Pause Final Roots 0.003ms
[53.849s][info][gc,metaspace] Metaspace: 11738K(12032K)->11738K(12032K) NonClass: 9708K(9856K)->9708K(9856K) Class: 2029K(2176K)->2029K(2176K)
[53.859s][info][gc          ] Trigger: GC request (System.gc())
[53.862s][info][gc          ] GC(31) Concurrent reset 2.539ms
[53.862s][info][gc          ] GC(31) Pause Init Mark (unload classes) 0.039ms
[53.862s][info][gc          ] GC(31) Concurrent marking roots 0.097ms
[55.889s][info][gc          ] GC(31) Concurrent marking (unload classes) 2027.129ms
[55.889s][info][gc          ] GC(31) Pause Final Mark (unload classes) 0.181ms
[55.889s][info][gc          ] GC(31) Concurrent weak references 0.044ms
[55.890s][info][gc          ] GC(31) Concurrent weak roots 0.337ms
[55.890s][info][gc          ] GC(31) Concurrent cleanup 1642M->1642M(6144M) 0.051ms
[55.891s][info][gc          ] GC(31) Concurrent class unloading 0.835ms
[55.891s][info][gc          ] GC(31) Pause Final Roots 0.003ms
[55.891s][info][gc,metaspace] Metaspace: 11738K(12032K)->11738K(12032K) NonClass: 9708K(9856K)->9708K(9856K) Class: 2029K(2176K)->2029K(2176K)
[55.901s][info][gc          ] Trigger: GC request (System.gc())
[55.903s][info][gc          ] GC(32) Concurrent reset 2.176ms
[55.903s][info][gc          ] GC(32) Pause Init Mark (unload classes) 0.048ms
[55.903s][info][gc          ] GC(32) Concurrent marking roots 0.102ms
[57.659s][info][gc          ] GC(32) Concurrent marking (unload classes) 1756.012ms
[57.660s][info][gc          ] GC(32) Pause Final Mark (unload classes) 0.191ms
[57.660s][info][gc          ] GC(32) Concurrent weak references 0.045ms
[57.660s][info][gc          ] GC(32) Concurrent weak roots 0.380ms
[57.660s][info][gc          ] GC(32) Concurrent cleanup 1642M->1642M(6144M) 0.051ms
[57.661s][info][gc          ] GC(32) Concurrent class unloading 0.891ms
[57.661s][info][gc          ] GC(32) Pause Final Roots 0.003ms
[57.661s][info][gc,metaspace] Metaspace: 11738K(12032K)->11738K(12032K) NonClass: 9708K(9856K)->9708K(9856K) Class: 2029K(2176K)->2029K(2176K)
[57.671s][info][gc          ] Trigger: GC request (System.gc())
[57.673s][info][gc          ] GC(33) Concurrent reset 2.031ms
[57.673s][info][gc          ] GC(33) Pause Init Mark (unload classes) 0.048ms
[57.674s][info][gc          ] GC(33) Concurrent marking roots 0.096ms
[59.165s][info][gc          ] GC(33) Concurrent marking (unload classes) 1491.563ms
[59.165s][info][gc          ] GC(33) Pause Final Mark (unload classes) 0.191ms
[59.170s][info][gc          ] GC(33) Concurrent weak references 0.041ms
[59.170s][info][gc          ] GC(33) Concurrent weak roots 0.328ms
[59.170s][info][gc          ] GC(33) Concurrent cleanup 1642M->1642M(6144M) 0.050ms
[59.171s][info][gc          ] GC(33) Concurrent class unloading 0.851ms
[59.171s][info][gc          ] GC(33) Pause Final Roots 0.003ms
[59.171s][info][gc,metaspace] Metaspace: 11738K(12032K)->11738K(12032K) NonClass: 9708K(9856K)->9708K(9856K) Class: 2029K(2176K)->2029K(2176K)
[59.181s][info][gc          ] Trigger: GC request (System.gc())
[59.183s][info][gc          ] GC(34) Concurrent reset 2.047ms
[59.183s][info][gc          ] GC(34) Pause Init Mark (unload classes) 0.041ms
[59.183s][info][gc          ] GC(34) Concurrent marking roots 0.105ms
[60.716s][info][gc          ] GC(34) Concurrent marking (unload classes) 1532.203ms
[60.716s][info][gc          ] GC(34) Pause Final Mark (unload classes) 0.193ms
[60.716s][info][gc          ] GC(34) Concurrent weak references 0.042ms
[60.716s][info][gc          ] GC(34) Concurrent weak roots 0.369ms
[60.716s][info][gc          ] GC(34) Concurrent cleanup 1645M->1645M(6144M) 0.051ms
[60.717s][info][gc          ] GC(34) Concurrent class unloading 0.897ms
[60.717s][info][gc          ] GC(34) Pause Final Roots 0.003ms
[60.717s][info][gc,metaspace] Metaspace: 11738K(12032K)->11738K(12032K) NonClass: 9708K(9856K)->9708K(9856K) Class: 2029K(2176K)->2029K(2176K)
[60.719s][info][gc          ] Trigger: GC request (System.gc())
[60.721s][info][gc          ] GC(35) Concurrent reset 2.207ms
[60.721s][info][gc          ] GC(35) Pause Init Mark (unload classes) 0.058ms
[60.721s][info][gc          ] GC(35) Concurrent marking roots 0.113ms
[62.401s][info][gc          ] GC(35) Concurrent marking (unload classes) 1679.491ms
[62.401s][info][gc          ] GC(35) Pause Final Mark (unload classes) 0.181ms
[62.401s][info][gc          ] GC(35) Concurrent thread roots 0.076ms
[62.401s][info][gc          ] GC(35) Concurrent weak references 0.050ms
[62.401s][info][gc          ] GC(35) Concurrent weak roots 0.349ms
[62.401s][info][gc          ] GC(35) Concurrent cleanup 1645M->1645M(6144M) 0.059ms
[62.403s][info][gc          ] GC(35) Concurrent class unloading 1.028ms
[62.403s][info][gc          ] GC(35) Concurrent strong roots 0.063ms
[62.403s][info][gc          ] GC(35) Concurrent evacuation 0.040ms
[62.403s][info][gc          ] GC(35) Pause Init Update Refs 0.006ms
[62.403s][info][gc          ] GC(35) At start of update refs, moving 4096K to Mutator free partition from Collector Reserve
[63.617s][info][gc          ] GC(35) Concurrent update references 1214.036ms
[63.617s][info][gc          ] GC(35) Concurrent update thread roots 0.510ms
[63.617s][info][gc          ] GC(35) Pause Final Update Refs 0.071ms
[63.618s][info][gc          ] GC(35) Concurrent cleanup 1645M->1642M(6144M) 0.051ms
[63.618s][info][gc,metaspace] Metaspace: 11738K(12032K)->11738K(12032K) NonClass: 9708K(9856K)->9708K(9856K) Class: 2029K(2176K)->2029K(2176K)
[63.620s][info][gc          ] Trigger: GC request (System.gc())
[63.622s][info][gc          ] GC(36) Concurrent reset 1.879ms
[63.622s][info][gc          ] GC(36) Pause Init Mark (unload classes) 0.046ms
[63.622s][info][gc          ] GC(36) Concurrent marking roots 0.079ms
[65.325s][info][gc          ] GC(36) Concurrent marking (unload classes) 1703.166ms
[65.325s][info][gc          ] GC(36) Pause Final Mark (unload classes) 0.158ms
[65.325s][info][gc          ] GC(36) Concurrent weak references 0.043ms
[65.326s][info][gc          ] GC(36) Concurrent weak roots 0.374ms
[65.326s][info][gc          ] GC(36) Concurrent cleanup 1642M->1642M(6144M) 0.051ms
[65.327s][info][gc          ] GC(36) Concurrent class unloading 0.803ms
[65.327s][info][gc          ] GC(36) Pause Final Roots 0.003ms
[65.327s][info][gc,metaspace] Metaspace: 11738K(12032K)->11738K(12032K) NonClass: 9708K(9856K)->9708K(9856K) Class: 2029K(2176K)->2029K(2176K)
[65.331s][info][gc          ] Trigger: GC request (System.gc())
[65.333s][info][gc          ] GC(37) Concurrent reset 2.152ms
[65.333s][info][gc          ] GC(37) Pause Init Mark (unload classes) 0.043ms
[65.333s][info][gc          ] GC(37) Concurrent marking roots 0.083ms
[66.834s][info][gc          ] GC(37) Concurrent marking (unload classes) 1500.154ms
[66.834s][info][gc          ] GC(37) Pause Final Mark (unload classes) 0.175ms
[66.834s][info][gc          ] GC(37) Concurrent weak references 0.046ms
[66.834s][info][gc          ] GC(37) Concurrent weak roots 0.356ms
[66.834s][info][gc          ] GC(37) Concurrent cleanup 1642M->1642M(6144M) 0.050ms
[66.835s][info][gc          ] GC(37) Concurrent class unloading 0.861ms
[66.835s][info][gc          ] GC(37) Pause Final Roots 0.003ms
[66.835s][info][gc,metaspace] Metaspace: 11738K(12032K)->11738K(12032K) NonClass: 9708K(9856K)->9708K(9856K) Class: 2029K(2176K)->2029K(2176K)
[66.843s][info][gc          ] Trigger: GC request (System.gc())
[66.845s][info][gc          ] GC(38) Concurrent reset 2.067ms
[66.846s][info][gc          ] GC(38) Pause Init Mark (unload classes) 0.041ms
[66.846s][info][gc          ] GC(38) Concurrent marking roots 0.116ms
[68.617s][info][gc          ] GC(38) Concurrent marking (unload classes) 1771.197ms
[68.617s][info][gc          ] GC(38) Pause Final Mark (unload classes) 0.173ms
[68.617s][info][gc          ] GC(38) Concurrent weak references 0.067ms
[68.618s][info][gc          ] GC(38) Concurrent weak roots 0.371ms
[68.618s][info][gc          ] GC(38) Concurrent cleanup 1642M->1642M(6144M) 0.051ms
[68.619s][info][gc          ] GC(38) Concurrent class unloading 0.985ms
[68.619s][info][gc          ] GC(38) Pause Final Roots 0.003ms
[68.619s][info][gc,metaspace] Metaspace: 11738K(12032K)->11738K(12032K) NonClass: 9708K(9856K)->9708K(9856K) Class: 2029K(2176K)->2029K(2176K)
[68.629s][info][gc          ] Trigger: GC request (System.gc())
[68.632s][info][gc          ] GC(39) Concurrent reset 2.271ms
[68.632s][info][gc          ] GC(39) Pause Init Mark (unload classes) 0.042ms
[68.632s][info][gc          ] GC(39) Concurrent marking roots 0.126ms
[70.134s][info][gc          ] GC(39) Concurrent marking (unload classes) 1502.553ms
[70.135s][info][gc          ] GC(39) Pause Final Mark (unload classes) 0.190ms
[70.135s][info][gc          ] GC(39) Concurrent weak references 0.044ms
[70.135s][info][gc          ] GC(39) Concurrent weak roots 0.364ms
[70.135s][info][gc          ] GC(39) Concurrent cleanup 1642M->1642M(6144M) 0.051ms
[70.136s][info][gc          ] GC(39) Concurrent class unloading 0.837ms
[70.136s][info][gc          ] GC(39) Pause Final Roots 0.003ms
[70.136s][info][gc,metaspace] Metaspace: 11738K(12032K)->11738K(12032K) NonClass: 9708K(9856K)->9708K(9856K) Class: 2029K(2176K)->2029K(2176K)
[70.146s][info][gc          ] Trigger: GC request (System.gc())
[70.148s][info][gc          ] GC(40) Concurrent reset 2.073ms
[70.148s][info][gc          ] GC(40) Pause Init Mark (unload classes) 0.045ms
[70.149s][info][gc          ] GC(40) Concurrent marking roots 0.106ms
[71.860s][info][gc          ] GC(40) Concurrent marking (unload classes) 1711.664ms
[71.861s][info][gc          ] GC(40) Pause Final Mark (unload classes) 0.179ms
[71.861s][info][gc          ] GC(40) Concurrent weak references 0.043ms
[71.861s][info][gc          ] GC(40) Concurrent weak roots 0.397ms
[71.861s][info][gc          ] GC(40) Concurrent cleanup 1642M->1642M(6144M) 0.051ms
[71.862s][info][gc          ] GC(40) Concurrent class unloading 0.953ms
[71.862s][info][gc          ] GC(40) Pause Final Roots 0.003ms
[71.862s][info][gc,metaspace] Metaspace: 11738K(12032K)->11738K(12032K) NonClass: 9708K(9856K)->9708K(9856K) Class: 2029K(2176K)->2029K(2176K)
[71.872s][info][gc          ] Trigger: GC request (System.gc())
[71.874s][info][gc          ] GC(41) Concurrent reset 2.037ms
[71.874s][info][gc          ] GC(41) Pause Init Mark (unload classes) 0.046ms
[71.875s][info][gc          ] GC(41) Concurrent marking roots 0.093ms
[73.643s][info][gc          ] GC(41) Concurrent marking (unload classes) 1768.095ms
[73.643s][info][gc          ] GC(41) Pause Final Mark (unload classes) 0.194ms
[73.643s][info][gc          ] GC(41) Concurrent weak references 0.045ms
[73.643s][info][gc          ] GC(41) Concurrent weak roots 0.339ms
[73.643s][info][gc          ] GC(41) Concurrent cleanup 1642M->1642M(6144M) 0.050ms
[73.644s][info][gc          ] GC(41) Concurrent class unloading 0.837ms
[73.644s][info][gc          ] GC(41) Pause Final Roots 0.003ms
[73.644s][info][gc,metaspace] Metaspace: 11738K(12032K)->11738K(12032K) NonClass: 9708K(9856K)->9708K(9856K) Class: 2029K(2176K)->2029K(2176K)
[73.654s][info][gc          ] Trigger: GC request (System.gc())
[73.657s][info][gc          ] GC(42) Concurrent reset 2.169ms
[73.657s][info][gc          ] GC(42) Pause Init Mark (unload classes) 0.042ms
[73.657s][info][gc          ] GC(42) Concurrent marking roots 0.126ms
[75.156s][info][gc          ] GC(42) Concurrent marking (unload classes) 1499.145ms
[75.156s][info][gc          ] GC(42) Pause Final Mark (unload classes) 0.180ms
[75.156s][info][gc          ] GC(42) Concurrent weak references 0.043ms
[75.157s][info][gc          ] GC(42) Concurrent weak roots 0.420ms
[75.157s][info][gc          ] GC(42) Concurrent cleanup 1642M->1642M(6144M) 0.051ms
[75.158s][info][gc          ] GC(42) Concurrent class unloading 0.818ms
[75.158s][info][gc          ] GC(42) Pause Final Roots 0.003ms
[75.158s][info][gc,metaspace] Metaspace: 11738K(12032K)->11738K(12032K) NonClass: 9708K(9856K)->9708K(9856K) Class: 2029K(2176K)->2029K(2176K)
[75.168s][info][gc          ] Trigger: GC request (System.gc())
[75.170s][info][gc          ] GC(43) Concurrent reset 2.119ms
[75.170s][info][gc          ] GC(43) Pause Init Mark (unload classes) 0.042ms
[75.170s][info][gc          ] GC(43) Concurrent marking roots 0.095ms
[76.879s][info][gc          ] GC(43) Concurrent marking (unload classes) 1708.918ms
[76.880s][info][gc          ] GC(43) Pause Final Mark (unload classes) 0.185ms
[76.880s][info][gc          ] GC(43) Concurrent weak references 0.042ms
[76.880s][info][gc          ] GC(43) Concurrent weak roots 0.353ms
[76.880s][info][gc          ] GC(43) Concurrent cleanup 1642M->1642M(6144M) 0.061ms
[76.881s][info][gc          ] GC(43) Concurrent class unloading 0.995ms
[76.881s][info][gc          ] GC(43) Pause Final Roots 0.003ms
[76.881s][info][gc,metaspace] Metaspace: 11738K(12032K)->11738K(12032K) NonClass: 9708K(9856K)->9708K(9856K) Class: 2029K(2176K)->2029K(2176K)
[76.891s][info][gc          ] Trigger: GC request (System.gc())
[76.893s][info][gc          ] GC(44) Concurrent reset 2.058ms
[76.894s][info][gc          ] GC(44) Pause Init Mark (unload classes) 0.054ms
[76.894s][info][gc          ] GC(44) Concurrent marking roots 0.096ms
[78.656s][info][gc          ] GC(44) Concurrent marking (unload classes) 1762.634ms
[78.657s][info][gc          ] GC(44) Pause Final Mark (unload classes) 0.204ms
[78.657s][info][gc          ] GC(44) Concurrent weak references 0.054ms
[78.657s][info][gc          ] GC(44) Concurrent weak roots 0.345ms
[78.657s][info][gc          ] GC(44) Concurrent cleanup 1642M->1642M(6144M) 0.050ms
[78.658s][info][gc          ] GC(44) Concurrent class unloading 0.827ms
[78.658s][info][gc          ] GC(44) Pause Final Roots 0.003ms
[78.658s][info][gc,metaspace] Metaspace: 11738K(12032K)->11738K(12032K) NonClass: 9708K(9856K)->9708K(9856K) Class: 2029K(2176K)->2029K(2176K)
[78.668s][info][gc          ] Trigger: GC request (System.gc())
[78.670s][info][gc          ] GC(45) Concurrent reset 2.103ms
[78.670s][info][gc          ] GC(45) Pause Init Mark (unload classes) 0.041ms
[78.671s][info][gc          ] GC(45) Concurrent marking roots 0.077ms
[80.168s][info][gc          ] GC(45) Concurrent marking (unload classes) 1497.748ms
[80.169s][info][gc          ] GC(45) Pause Final Mark (unload classes) 0.186ms
[80.169s][info][gc          ] GC(45) Concurrent weak references 0.043ms
[80.169s][info][gc          ] GC(45) Concurrent weak roots 0.350ms
[80.169s][info][gc          ] GC(45) Concurrent cleanup 1642M->1642M(6144M) 0.050ms
[80.170s][info][gc          ] GC(45) Concurrent class unloading 0.840ms
[80.170s][info][gc          ] GC(45) Pause Final Roots 0.003ms
[80.170s][info][gc,metaspace] Metaspace: 11738K(12032K)->11738K(12032K) NonClass: 9708K(9856K)->9708K(9856K) Class: 2029K(2176K)->2029K(2176K)
[80.180s][info][gc          ] Trigger: GC request (System.gc())
[80.182s][info][gc          ] GC(46) Concurrent reset 2.121ms
[80.183s][info][gc          ] GC(46) Pause Init Mark (unload classes) 0.044ms
[80.183s][info][gc          ] GC(46) Concurrent marking roots 0.112ms
[81.887s][info][gc          ] GC(46) Concurrent marking (unload classes) 1704.307ms
[81.887s][info][gc          ] GC(46) Pause Final Mark (unload classes) 0.174ms
[81.892s][info][gc          ] GC(46) Concurrent weak references 0.048ms
[81.892s][info][gc          ] GC(46) Concurrent weak roots 0.341ms
[81.892s][info][gc          ] GC(46) Concurrent cleanup 1642M->1642M(6144M) 0.053ms
[81.893s][info][gc          ] GC(46) Concurrent class unloading 0.824ms
[81.893s][info][gc          ] GC(46) Pause Final Roots 0.003ms
[81.893s][info][gc,metaspace] Metaspace: 11738K(12032K)->11738K(12032K) NonClass: 9708K(9856K)->9708K(9856K) Class: 2029K(2176K)->2029K(2176K)
[81.903s][info][gc          ] Trigger: GC request (System.gc())
[81.905s][info][gc          ] GC(47) Concurrent reset 2.075ms
[81.905s][info][gc          ] GC(47) Pause Init Mark (unload classes) 0.048ms
[81.906s][info][gc          ] GC(47) Concurrent marking roots 0.097ms
[83.919s][info][gc          ] GC(47) Concurrent marking (unload classes) 2013.410ms
[83.919s][info][gc          ] GC(47) Pause Final Mark (unload classes) 0.189ms
[83.919s][info][gc          ] GC(47) Concurrent weak references 0.044ms
[83.920s][info][gc          ] GC(47) Concurrent weak roots 0.398ms
[83.920s][info][gc          ] GC(47) Concurrent cleanup 1642M->1642M(6144M) 0.050ms
[83.921s][info][gc          ] GC(47) Concurrent class unloading 0.837ms
[83.921s][info][gc          ] GC(47) Pause Final Roots 0.003ms
[83.921s][info][gc,metaspace] Metaspace: 11738K(12032K)->11738K(12032K) NonClass: 9708K(9856K)->9708K(9856K) Class: 2029K(2176K)->2029K(2176K)
[83.931s][info][gc          ] Trigger: GC request (System.gc())
[83.933s][info][gc          ] GC(48) Concurrent reset 2.202ms
[83.933s][info][gc          ] GC(48) Pause Init Mark (unload classes) 0.044ms
[83.933s][info][gc          ] GC(48) Concurrent marking roots 0.121ms
[85.679s][info][gc          ] GC(48) Concurrent marking (unload classes) 1745.187ms
[85.679s][info][gc          ] GC(48) Pause Final Mark (unload classes) 0.180ms
[85.679s][info][gc          ] GC(48) Concurrent weak references 0.054ms
[85.679s][info][gc          ] GC(48) Concurrent weak roots 0.406ms
[85.679s][info][gc          ] GC(48) Concurrent cleanup 1642M->1642M(6144M) 0.051ms
[85.680s][info][gc          ] GC(48) Concurrent class unloading 0.841ms
[85.680s][info][gc          ] GC(48) Pause Final Roots 0.003ms
[85.680s][info][gc,metaspace] Metaspace: 11738K(12032K)->11738K(12032K) NonClass: 9708K(9856K)->9708K(9856K) Class: 2029K(2176K)->2029K(2176K)
[85.690s][info][gc          ] Trigger: GC request (System.gc())
[85.693s][info][gc          ] GC(49) Concurrent reset 2.106ms
[85.693s][info][gc          ] GC(49) Pause Init Mark (unload classes) 0.041ms
[85.693s][info][gc          ] GC(49) Concurrent marking roots 0.093ms
[87.180s][info][gc          ] GC(49) Concurrent marking (unload classes) 1487.581ms
[87.181s][info][gc          ] GC(49) Pause Final Mark (unload classes) 0.181ms
[87.181s][info][gc          ] GC(49) Concurrent weak references 0.046ms
[87.181s][info][gc          ] GC(49) Concurrent weak roots 0.354ms
[87.181s][info][gc          ] GC(49) Concurrent cleanup 1642M->1642M(6144M) 0.053ms
[87.182s][info][gc          ] GC(49) Concurrent class unloading 0.856ms
[87.182s][info][gc          ] GC(49) Pause Final Roots 0.003ms
[87.182s][info][gc,metaspace] Metaspace: 11738K(12032K)->11738K(12032K) NonClass: 9708K(9856K)->9708K(9856K) Class: 2029K(2176K)->2029K(2176K)
[87.192s][info][gc          ] Trigger: GC request (System.gc())
[87.194s][info][gc          ] GC(50) Concurrent reset 2.156ms
[87.195s][info][gc          ] GC(50) Pause Init Mark (unload classes) 0.049ms
[87.195s][info][gc          ] GC(50) Concurrent marking roots 0.106ms
[88.890s][info][gc          ] GC(50) Concurrent marking (unload classes) 1694.793ms
[88.890s][info][gc          ] GC(50) Pause Final Mark (unload classes) 0.189ms
[88.890s][info][gc          ] GC(50) Concurrent weak references 0.043ms
[88.890s][info][gc          ] GC(50) Concurrent weak roots 0.373ms
[88.890s][info][gc          ] GC(50) Concurrent cleanup 1642M->1642M(6144M) 0.051ms
[88.891s][info][gc          ] GC(50) Concurrent class unloading 0.831ms
[88.891s][info][gc          ] GC(50) Pause Final Roots 0.003ms
[88.891s][info][gc,metaspace] Metaspace: 11738K(12032K)->11738K(12032K) NonClass: 9708K(9856K)->9708K(9856K) Class: 2029K(2176K)->2029K(2176K)
[88.901s][info][gc          ] Trigger: GC request (System.gc())
[88.904s][info][gc          ] GC(51) Concurrent reset 2.058ms
[88.904s][info][gc          ] GC(51) Pause Init Mark (unload classes) 0.041ms
[88.904s][info][gc          ] GC(51) Concurrent marking roots 0.101ms
[90.664s][info][gc          ] GC(51) Concurrent marking (unload classes) 1760.611ms
[90.665s][info][gc          ] GC(51) Pause Final Mark (unload classes) 0.179ms
[90.665s][info][gc          ] GC(51) Concurrent weak references 0.045ms
[90.665s][info][gc          ] GC(51) Concurrent weak roots 0.367ms
[90.665s][info][gc          ] GC(51) Concurrent cleanup 1642M->1642M(6144M) 0.051ms
[90.666s][info][gc          ] GC(51) Concurrent class unloading 0.839ms
[90.666s][info][gc          ] GC(51) Pause Final Roots 0.003ms
[90.666s][info][gc,metaspace] Metaspace: 11738K(12032K)->11738K(12032K) NonClass: 9708K(9856K)->9708K(9856K) Class: 2029K(2176K)->2029K(2176K)
[90.676s][info][gc          ] Trigger: GC request (System.gc())
[90.678s][info][gc          ] GC(52) Concurrent reset 2.103ms
[90.679s][info][gc          ] GC(52) Pause Init Mark (unload classes) 0.041ms
[90.679s][info][gc          ] GC(52) Concurrent marking roots 0.102ms
[92.170s][info][gc          ] GC(52) Concurrent marking (unload classes) 1490.960ms
[92.170s][info][gc          ] GC(52) Pause Final Mark (unload classes) 0.184ms
[92.170s][info][gc          ] GC(52) Concurrent weak references 0.075ms
[92.171s][info][gc          ] GC(52) Concurrent weak roots 0.380ms
[92.171s][info][gc          ] GC(52) Concurrent cleanup 1642M->1642M(6144M) 0.051ms
[92.172s][info][gc          ] GC(52) Concurrent class unloading 0.927ms
[92.172s][info][gc          ] GC(52) Pause Final Roots 0.003ms
[92.172s][info][gc,metaspace] Metaspace: 11738K(12032K)->11738K(12032K) NonClass: 9708K(9856K)->9708K(9856K) Class: 2029K(2176K)->2029K(2176K)
[92.182s][info][gc          ] Trigger: GC request (System.gc())
[92.184s][info][gc          ] GC(53) Concurrent reset 2.132ms
[92.186s][info][gc          ] GC(53) Pause Init Mark (unload classes) 0.052ms
[92.186s][info][gc          ] GC(53) Concurrent marking roots 0.108ms
[93.885s][info][gc          ] GC(53) Concurrent marking (unload classes) 1698.136ms
[93.885s][info][gc          ] GC(53) Pause Final Mark (unload classes) 0.184ms
[93.885s][info][gc          ] GC(53) Concurrent weak references 0.063ms
[93.885s][info][gc          ] GC(53) Concurrent weak roots 0.382ms
[93.885s][info][gc          ] GC(53) Concurrent cleanup 1642M->1642M(6144M) 0.059ms
[93.886s][info][gc          ] GC(53) Concurrent class unloading 0.935ms
[93.886s][info][gc          ] GC(53) Pause Final Roots 0.003ms
[93.887s][info][gc,metaspace] Metaspace: 11738K(12032K)->11738K(12032K) NonClass: 9708K(9856K)->9708K(9856K) Class: 2029K(2176K)->2029K(2176K)
[93.897s][info][gc          ] Trigger: GC request (System.gc())
[93.899s][info][gc          ] GC(54) Concurrent reset 2.220ms
[93.899s][info][gc          ] GC(54) Pause Init Mark (unload classes) 0.043ms
[93.899s][info][gc          ] GC(54) Concurrent marking roots 0.114ms
[95.654s][info][gc          ] GC(54) Concurrent marking (unload classes) 1754.776ms
[95.654s][info][gc          ] GC(54) Pause Final Mark (unload classes) 0.201ms
[95.654s][info][gc          ] GC(54) Concurrent weak references 0.077ms
[95.655s][info][gc          ] GC(54) Concurrent weak roots 0.375ms
[95.655s][info][gc          ] GC(54) Concurrent cleanup 1642M->1642M(6144M) 0.051ms
[95.656s][info][gc          ] GC(54) Concurrent class unloading 0.987ms
[95.656s][info][gc          ] GC(54) Pause Final Roots 0.003ms
[95.656s][info][gc,metaspace] Metaspace: 11738K(12032K)->11738K(12032K) NonClass: 9708K(9856K)->9708K(9856K) Class: 2029K(2176K)->2029K(2176K)
[95.666s][info][gc          ] Trigger: GC request (System.gc())
[95.668s][info][gc          ] GC(55) Concurrent reset 2.098ms
[95.668s][info][gc          ] GC(55) Pause Init Mark (unload classes) 0.050ms
[95.668s][info][gc          ] GC(55) Concurrent marking roots 0.121ms
[97.170s][info][gc          ] GC(55) Concurrent marking (unload classes) 1501.628ms
[97.170s][info][gc          ] GC(55) Pause Final Mark (unload classes) 0.183ms
[97.170s][info][gc          ] GC(55) Concurrent weak references 0.047ms
[97.171s][info][gc          ] GC(55) Concurrent weak roots 0.370ms
[97.171s][info][gc          ] GC(55) Concurrent cleanup 1642M->1642M(6144M) 0.051ms
[97.172s][info][gc          ] GC(55) Concurrent class unloading 0.856ms
[97.172s][info][gc          ] GC(55) Pause Final Roots 0.003ms
[97.172s][info][gc,metaspace] Metaspace: 11738K(12032K)->11738K(12032K) NonClass: 9708K(9856K)->9708K(9856K) Class: 2029K(2176K)->2029K(2176K)
[97.182s][info][gc          ] Trigger: GC request (System.gc())
[97.184s][info][gc          ] GC(56) Concurrent reset 2.061ms
[97.187s][info][gc          ] GC(56) Pause Init Mark (unload classes) 0.051ms
[97.187s][info][gc          ] GC(56) Concurrent marking roots 0.093ms
[99.070s][info][gc          ] GC(56) Concurrent marking (unload classes) 1882.780ms
[99.070s][info][gc          ] GC(56) Pause Final Mark (unload classes) 0.188ms
[99.070s][info][gc          ] GC(56) Concurrent weak references 0.045ms
[99.070s][info][gc          ] GC(56) Concurrent weak roots 0.338ms
[99.071s][info][gc          ] GC(56) Concurrent cleanup 1642M->1642M(6144M) 0.050ms
[99.071s][info][gc          ] GC(56) Concurrent class unloading 0.843ms
[99.071s][info][gc          ] GC(56) Pause Final Roots 0.003ms
[99.071s][info][gc,metaspace] Metaspace: 11738K(12032K)->11738K(12032K) NonClass: 9708K(9856K)->9708K(9856K) Class: 2029K(2176K)->2029K(2176K)
[99.082s][info][gc          ] Trigger: GC request (System.gc())
[99.084s][info][gc          ] GC(57) Concurrent reset 2.039ms
[99.084s][info][gc          ] GC(57) Pause Init Mark (unload classes) 0.041ms
[99.084s][info][gc          ] GC(57) Concurrent marking roots 0.112ms
[100.827s][info][gc          ] GC(57) Concurrent marking (unload classes) 1743.360ms
[100.828s][info][gc          ] GC(57) Pause Final Mark (unload classes) 0.191ms
[100.828s][info][gc          ] GC(57) Concurrent weak references 0.044ms
[100.828s][info][gc          ] GC(57) Concurrent weak roots 0.382ms
[100.828s][info][gc          ] GC(57) Concurrent cleanup 1642M->1642M(6144M) 0.051ms
[100.829s][info][gc          ] GC(57) Concurrent class unloading 0.849ms
[100.829s][info][gc          ] GC(57) Pause Final Roots 0.003ms
[100.829s][info][gc,metaspace] Metaspace: 11738K(12032K)->11738K(12032K) NonClass: 9708K(9856K)->9708K(9856K) Class: 2029K(2176K)->2029K(2176K)
[100.839s][info][gc          ] Trigger: GC request (System.gc())
[100.841s][info][gc          ] GC(58) Concurrent reset 2.111ms
[100.841s][info][gc          ] GC(58) Pause Init Mark (unload classes) 0.052ms
[100.842s][info][gc          ] GC(58) Concurrent marking roots 0.095ms
[102.621s][info][gc          ] GC(58) Concurrent marking (unload classes) 1779.561ms
[102.621s][info][gc          ] GC(58) Pause Final Mark (unload classes) 0.185ms
[102.626s][info][gc          ] GC(58) Concurrent weak references 0.047ms
[102.626s][info][gc          ] GC(58) Concurrent weak roots 0.330ms
[102.626s][info][gc          ] GC(58) Concurrent cleanup 1642M->1642M(6144M) 0.050ms
[102.627s][info][gc          ] GC(58) Concurrent class unloading 0.833ms
[102.627s][info][gc          ] GC(58) Pause Final Roots 0.003ms
[102.627s][info][gc,metaspace] Metaspace: 11738K(12032K)->11738K(12032K) NonClass: 9708K(9856K)->9708K(9856K) Class: 2029K(2176K)->2029K(2176K)
[102.637s][info][gc          ] Trigger: GC request (System.gc())
[102.639s][info][gc          ] GC(59) Concurrent reset 2.112ms
[102.639s][info][gc          ] GC(59) Pause Init Mark (unload classes) 0.048ms
[102.640s][info][gc          ] GC(59) Concurrent marking roots 0.102ms
[104.331s][info][gc          ] GC(59) Concurrent marking (unload classes) 1691.250ms
[104.331s][info][gc          ] GC(59) Pause Final Mark (unload classes) 0.164ms
[104.331s][info][gc          ] GC(59) Concurrent weak references 0.060ms
[104.331s][info][gc          ] GC(59) Concurrent weak roots 0.361ms
[104.332s][info][gc          ] GC(59) Concurrent cleanup 1642M->1642M(6144M) 0.051ms
[104.333s][info][gc          ] GC(59) Concurrent class unloading 0.922ms
[104.333s][info][gc          ] GC(59) Pause Final Roots 0.003ms
[104.333s][info][gc,metaspace] Metaspace: 11738K(12032K)->11738K(12032K) NonClass: 9708K(9856K)->9708K(9856K) Class: 2029K(2176K)->2029K(2176K)
[104.343s][info][gc          ] Trigger: GC request (System.gc())
[104.345s][info][gc          ] GC(60) Concurrent reset 2.328ms
[104.345s][info][gc          ] GC(60) Pause Init Mark (unload classes) 0.043ms
[104.345s][info][gc          ] GC(60) Concurrent marking roots 0.090ms
[105.979s][info][gc          ] GC(60) Concurrent marking (unload classes) 1633.559ms
[105.979s][info][gc          ] GC(60) Pause Final Mark (unload classes) 0.185ms
[105.979s][info][gc          ] GC(60) Concurrent weak references 0.043ms
[105.980s][info][gc          ] GC(60) Concurrent weak roots 0.375ms
[105.980s][info][gc          ] GC(60) Concurrent cleanup 1642M->1642M(6144M) 0.051ms
[105.981s][info][gc          ] GC(60) Concurrent class unloading 0.822ms
[105.981s][info][gc          ] GC(60) Pause Final Roots 0.003ms
[105.981s][info][gc,metaspace] Metaspace: 11738K(12032K)->11738K(12032K) NonClass: 9708K(9856K)->9708K(9856K) Class: 2029K(2176K)->2029K(2176K)
[105.991s][info][gc          ] Trigger: GC request (System.gc())
[105.993s][info][gc          ] GC(61) Concurrent reset 2.341ms
[105.993s][info][gc          ] GC(61) Pause Init Mark (unload classes) 0.043ms
[105.993s][info][gc          ] GC(61) Concurrent marking roots 0.084ms
[107.963s][info][gc          ] GC(61) Concurrent marking (unload classes) 1969.942ms
[107.964s][info][gc          ] GC(61) Pause Final Mark (unload classes) 0.176ms
[107.968s][info][gc          ] GC(61) Concurrent weak references 0.066ms
[107.968s][info][gc          ] GC(61) Concurrent weak roots 0.384ms
[107.968s][info][gc          ] GC(61) Concurrent cleanup 1642M->1642M(6144M) 0.050ms
[107.969s][info][gc          ] GC(61) Concurrent class unloading 1.032ms
[107.970s][info][gc          ] GC(61) Pause Final Roots 0.003ms
[107.970s][info][gc,metaspace] Metaspace: 11738K(12032K)->11738K(12032K) NonClass: 9708K(9856K)->9708K(9856K) Class: 2029K(2176K)->2029K(2176K)
After GCs... 
[107.977s][info][gc          ] Cancelling GC: Stopping VM
