Done; will start GCs... 
[62.276s][info][gc,metaspace] GC(31) Metaspace: 88093K(101952K)->88093K(101952K) NonClass: 69700K(75648K)->69700K(75648K) Class: 18392K(26304K)->18392K(26304K)
[62.276s][info][gc          ] GC(31) Pause Full (System.gc()) 1827M->1823M(6144M) 891.212ms
[63.166s][info][gc,metaspace] GC(32) Metaspace: 88093K(101952K)->88093K(101952K) NonClass: 69700K(75648K)->69700K(75648K) Class: 18392K(26304K)->18392K(26304K)
[63.166s][info][gc          ] GC(32) Pause Full (System.gc()) 1823M->1823M(6144M) 890.204ms
[63.966s][info][gc,metaspace] GC(33) Metaspace: 88093K(101952K)->88093K(101952K) NonClass: 69700K(75648K)->69700K(75648K) Class: 18392K(26304K)->18392K(26304K)
[63.966s][info][gc          ] GC(33) Pause Full (System.gc()) 1823M->1823M(6144M) 800.025ms
[64.794s][info][gc,metaspace] GC(34) Metaspace: 88093K(101952K)->88093K(101952K) NonClass: 69700K(75648K)->69700K(75648K) Class: 18392K(26304K)->18392K(26304K)
[64.794s][info][gc          ] GC(34) Pause Full (System.gc()) 1823M->1823M(6144M) 827.667ms
[65.598s][info][gc,metaspace] GC(35) Metaspace: 88093K(101952K)->88093K(101952K) NonClass: 69700K(75648K)->69700K(75648K) Class: 18392K(26304K)->18392K(26304K)
[65.598s][info][gc          ] GC(35) Pause Full (System.gc()) 1823M->1823M(6144M) 803.827ms
[66.411s][info][gc,metaspace] GC(36) Metaspace: 88093K(101952K)->88093K(101952K) NonClass: 69700K(75648K)->69700K(75648K) Class: 18392K(26304K)->18392K(26304K)
[66.411s][info][gc          ] GC(36) Pause Full (System.gc()) 1823M->1823M(6144M) 812.679ms
[67.216s][info][gc,metaspace] GC(37) Metaspace: 88093K(101952K)->88093K(101952K) NonClass: 69700K(75648K)->69700K(75648K) Class: 18392K(26304K)->18392K(26304K)
[67.216s][info][gc          ] GC(37) Pause Full (System.gc()) 1823M->1823M(6144M) 805.617ms
[68.032s][info][gc,metaspace] GC(38) Metaspace: 88093K(101952K)->88093K(101952K) NonClass: 69700K(75648K)->69700K(75648K) Class: 18392K(26304K)->18392K(26304K)
[68.032s][info][gc          ] GC(38) Pause Full (System.gc()) 1823M->1823M(6144M) 815.501ms
[68.856s][info][gc,metaspace] GC(39) Metaspace: 88093K(101952K)->88093K(101952K) NonClass: 69700K(75648K)->69700K(75648K) Class: 18392K(26304K)->18392K(26304K)
[68.856s][info][gc          ] GC(39) Pause Full (System.gc()) 1823M->1823M(6144M) 824.047ms
[69.663s][info][gc,metaspace] GC(40) Metaspace: 88093K(101952K)->88093K(101952K) NonClass: 69700K(75648K)->69700K(75648K) Class: 18392K(26304K)->18392K(26304K)
[69.664s][info][gc          ] GC(40) Pause Full (System.gc()) 1823M->1823M(6144M) 807.484ms
[70.500s][info][gc,metaspace] GC(41) Metaspace: 88093K(101952K)->88093K(101952K) NonClass: 69700K(75648K)->69700K(75648K) Class: 18392K(26304K)->18392K(26304K)
[70.500s][info][gc          ] GC(41) Pause Full (System.gc()) 1823M->1823M(6144M) 835.978ms
[71.320s][info][gc,metaspace] GC(42) Metaspace: 88093K(101952K)->88093K(101952K) NonClass: 69700K(75648K)->69700K(75648K) Class: 18392K(26304K)->18392K(26304K)
[71.320s][info][gc          ] GC(42) Pause Full (System.gc()) 1823M->1823M(6144M) 820.260ms
[72.144s][info][gc,metaspace] GC(43) Metaspace: 88093K(101952K)->88093K(101952K) NonClass: 69700K(75648K)->69700K(75648K) Class: 18392K(26304K)->18392K(26304K)
[72.144s][info][gc          ] GC(43) Pause Full (System.gc()) 1823M->1823M(6144M) 823.752ms
[72.948s][info][gc,metaspace] GC(44) Metaspace: 88093K(101952K)->88093K(101952K) NonClass: 69700K(75648K)->69700K(75648K) Class: 18392K(26304K)->18392K(26304K)
[72.948s][info][gc          ] GC(44) Pause Full (System.gc()) 1823M->1823M(6144M) 804.265ms
[73.769s][info][gc,metaspace] GC(45) Metaspace: 88093K(101952K)->88093K(101952K) NonClass: 69700K(75648K)->69700K(75648K) Class: 18392K(26304K)->18392K(26304K)
[73.769s][info][gc          ] GC(45) Pause Full (System.gc()) 1823M->1823M(6144M) 820.695ms
[74.595s][info][gc,metaspace] GC(46) Metaspace: 88093K(101952K)->88093K(101952K) NonClass: 69700K(75648K)->69700K(75648K) Class: 18392K(26304K)->18392K(26304K)
[74.595s][info][gc          ] GC(46) Pause Full (System.gc()) 1823M->1823M(6144M) 826.268ms
[75.420s][info][gc,metaspace] GC(47) Metaspace: 88093K(101952K)->88093K(101952K) NonClass: 69700K(75648K)->69700K(75648K) Class: 18392K(26304K)->18392K(26304K)
[75.420s][info][gc          ] GC(47) Pause Full (System.gc()) 1823M->1823M(6144M) 825.232ms
[76.222s][info][gc,metaspace] GC(48) Metaspace: 88093K(101952K)->88093K(101952K) NonClass: 69700K(75648K)->69700K(75648K) Class: 18392K(26304K)->18392K(26304K)
[76.222s][info][gc          ] GC(48) Pause Full (System.gc()) 1823M->1823M(6144M) 801.736ms
[77.058s][info][gc,metaspace] GC(49) Metaspace: 88093K(101952K)->88093K(101952K) NonClass: 69700K(75648K)->69700K(75648K) Class: 18392K(26304K)->18392K(26304K)
[77.059s][info][gc          ] GC(49) Pause Full (System.gc()) 1823M->1823M(6144M) 836.213ms
[77.854s][info][gc,metaspace] GC(50) Metaspace: 88093K(101952K)->88093K(101952K) NonClass: 69700K(75648K)->69700K(75648K) Class: 18392K(26304K)->18392K(26304K)
[77.854s][info][gc          ] GC(50) Pause Full (System.gc()) 1823M->1823M(6144M) 794.958ms
[78.672s][info][gc,metaspace] GC(51) Metaspace: 88093K(101952K)->88093K(101952K) NonClass: 69700K(75648K)->69700K(75648K) Class: 18392K(26304K)->18392K(26304K)
[78.672s][info][gc          ] GC(51) Pause Full (System.gc()) 1823M->1823M(6144M) 818.416ms
[79.480s][info][gc,metaspace] GC(52) Metaspace: 88093K(101952K)->88093K(101952K) NonClass: 69700K(75648K)->69700K(75648K) Class: 18392K(26304K)->18392K(26304K)
[79.480s][info][gc          ] GC(52) Pause Full (System.gc()) 1823M->1823M(6144M) 808.051ms
[80.292s][info][gc,metaspace] GC(53) Metaspace: 88093K(101952K)->88093K(101952K) NonClass: 69700K(75648K)->69700K(75648K) Class: 18392K(26304K)->18392K(26304K)
[80.292s][info][gc          ] GC(53) Pause Full (System.gc()) 1823M->1823M(6144M) 811.990ms
[81.115s][info][gc,metaspace] GC(54) Metaspace: 88093K(101952K)->88093K(101952K) NonClass: 69700K(75648K)->69700K(75648K) Class: 18392K(26304K)->18392K(26304K)
[81.115s][info][gc          ] GC(54) Pause Full (System.gc()) 1823M->1823M(6144M) 822.354ms
[81.982s][info][gc,metaspace] GC(55) Metaspace: 88093K(101952K)->88093K(101952K) NonClass: 69700K(75648K)->69700K(75648K) Class: 18392K(26304K)->18392K(26304K)
[81.982s][info][gc          ] GC(55) Pause Full (System.gc()) 1823M->1823M(6144M) 866.852ms
[82.801s][info][gc,metaspace] GC(56) Metaspace: 88093K(101952K)->88093K(101952K) NonClass: 69700K(75648K)->69700K(75648K) Class: 18392K(26304K)->18392K(26304K)
[82.801s][info][gc          ] GC(56) Pause Full (System.gc()) 1823M->1823M(6144M) 819.692ms
[83.625s][info][gc,metaspace] GC(57) Metaspace: 88093K(101952K)->88093K(101952K) NonClass: 69700K(75648K)->69700K(75648K) Class: 18392K(26304K)->18392K(26304K)
[83.625s][info][gc          ] GC(57) Pause Full (System.gc()) 1823M->1823M(6144M) 823.699ms
[84.462s][info][gc,metaspace] GC(58) Metaspace: 88093K(101952K)->88093K(101952K) NonClass: 69700K(75648K)->69700K(75648K) Class: 18392K(26304K)->18392K(26304K)
[84.462s][info][gc          ] GC(58) Pause Full (System.gc()) 1823M->1823M(6144M) 836.509ms
[85.263s][info][gc,metaspace] GC(59) Metaspace: 88093K(101952K)->88093K(101952K) NonClass: 69700K(75648K)->69700K(75648K) Class: 18392K(26304K)->18392K(26304K)
[85.263s][info][gc          ] GC(59) Pause Full (System.gc()) 1823M->1823M(6144M) 800.869ms
[86.064s][info][gc,metaspace] GC(60) Metaspace: 88093K(101952K)->88093K(101952K) NonClass: 69700K(75648K)->69700K(75648K) Class: 18392K(26304K)->18392K(26304K)
[86.064s][info][gc          ] GC(60) Pause Full (System.gc()) 1823M->1823M(6144M) 801.072ms
[86.855s][info][gc,metaspace] GC(61) Metaspace: 88093K(101952K)->88093K(101952K) NonClass: 69700K(75648K)->69700K(75648K) Class: 18392K(26304K)->18392K(26304K)
[86.855s][info][gc          ] GC(61) Pause Full (System.gc()) 1823M->1823M(6144M) 791.565ms
[87.650s][info][gc,metaspace] GC(62) Metaspace: 88093K(101952K)->88093K(101952K) NonClass: 69700K(75648K)->69700K(75648K) Class: 18392K(26304K)->18392K(26304K)
[87.650s][info][gc          ] GC(62) Pause Full (System.gc()) 1823M->1823M(6144M) 794.584ms
[88.485s][info][gc,metaspace] GC(63) Metaspace: 88093K(101952K)->88093K(101952K) NonClass: 69700K(75648K)->69700K(75648K) Class: 18392K(26304K)->18392K(26304K)
[88.485s][info][gc          ] GC(63) Pause Full (System.gc()) 1823M->1823M(6144M) 835.030ms
[89.330s][info][gc,metaspace] GC(64) Metaspace: 88093K(101952K)->88093K(101952K) NonClass: 69700K(75648K)->69700K(75648K) Class: 18392K(26304K)->18392K(26304K)
[89.330s][info][gc          ] GC(64) Pause Full (System.gc()) 1823M->1823M(6144M) 844.411ms
[90.126s][info][gc,metaspace] GC(65) Metaspace: 88093K(101952K)->88093K(101952K) NonClass: 69700K(75648K)->69700K(75648K) Class: 18392K(26304K)->18392K(26304K)
[90.126s][info][gc          ] GC(65) Pause Full (System.gc()) 1823M->1823M(6144M) 795.864ms
[90.947s][info][gc,metaspace] GC(66) Metaspace: 88093K(101952K)->88093K(101952K) NonClass: 69700K(75648K)->69700K(75648K) Class: 18392K(26304K)->18392K(26304K)
[90.947s][info][gc          ] GC(66) Pause Full (System.gc()) 1823M->1823M(6144M) 821.423ms
[91.795s][info][gc,metaspace] GC(67) Metaspace: 88093K(101952K)->88093K(101952K) NonClass: 69700K(75648K)->69700K(75648K) Class: 18392K(26304K)->18392K(26304K)
[91.795s][info][gc          ] GC(67) Pause Full (System.gc()) 1823M->1823M(6144M) 847.928ms
[92.597s][info][gc,metaspace] GC(68) Metaspace: 88093K(101952K)->88093K(101952K) NonClass: 69700K(75648K)->69700K(75648K) Class: 18392K(26304K)->18392K(26304K)
[92.597s][info][gc          ] GC(68) Pause Full (System.gc()) 1823M->1823M(6144M) 802.114ms
[93.434s][info][gc,metaspace] GC(69) Metaspace: 88093K(101952K)->88093K(101952K) NonClass: 69700K(75648K)->69700K(75648K) Class: 18392K(26304K)->18392K(26304K)
[93.434s][info][gc          ] GC(69) Pause Full (System.gc()) 1823M->1823M(6144M) 836.396ms
[94.274s][info][gc,metaspace] GC(70) Metaspace: 88093K(101952K)->88093K(101952K) NonClass: 69700K(75648K)->69700K(75648K) Class: 18392K(26304K)->18392K(26304K)
[94.274s][info][gc          ] GC(70) Pause Full (System.gc()) 1823M->1823M(6144M) 840.688ms
After GCs... 
