[0.001s][info][metaspace]  - commit_granule_bytes: 65536.
[0.001s][info][metaspace]  - commit_granule_words: 8192.
[0.001s][info][metaspace]  - virtual_space_node_default_size: 8388608.
[0.001s][info][metaspace]  - enlarge_chunks_in_place: 1.
[0.001s][info][metaspace]  - use_allocation_guard: 0.
[0.002s][info][gc       ] Using G1
[0.329s][info][metaspace] Reserving compressed class space anywhere
[0.329s][info][gc,metaspace] CDS archive(s) not mapped
[0.329s][info][gc,metaspace] Compressed class space mapped at: 0x000000000f000000-0x00000000cf000000, reserved size: 3221225472
[0.329s][info][gc,metaspace] UseCompressedClassPointers 1, UseCompactObjectHeaders 1, narrow klass pointer bits 22, max shift 10
[0.329s][info][gc,metaspace] Narrow klass base: 0x000000000f000000, Narrow klass shift: 10, Narrow klass range: 0xc0000000
Random Seed: 12345678
Num Classes: 16384
Num Objects: 67108864
Percent IK Objects: 83.0%)
Percent OAK Objects: 5.0%)
Percent TAK Objects: 12.0%)
Cycles: 40
Loading 16384 pre-generated classes ...
Materialize pre-generated constructors ...
Creating objects...
[1.066s][info][gc,metaspace] GC(0) Metaspace: 36848K(37184K)->36848K(37184K) NonClass: 18682K(18880K)->18682K(18880K) Class: 18166K(18304K)->18166K(18304K)
[1.066s][info][gc          ] GC(0) Pause Full (System.gc()) 70M->11M(6144M) 23.799ms
[1.785s][info][gc,metaspace] GC(1) Metaspace: 37685K(38016K)->37685K(38016K) NonClass: 19519K(19712K)->19519K(19712K) Class: 18166K(18304K)->18166K(18304K)
[1.785s][info][gc          ] GC(1) Pause Young (Normal) (G1 Evacuation Pause) 575M->301M(6144M) 26.664ms
[2.335s][info][gc,metaspace] GC(2) Metaspace: 39992K(41472K)->39992K(41472K) NonClass: 21257K(22080K)->21257K(22080K) Class: 18735K(19392K)->18735K(19392K)
[2.335s][info][gc          ] GC(2) Pause Young (Normal) (G1 Evacuation Pause) 573M->323M(6144M) 30.052ms
[2.930s][info][gc,metaspace] GC(3) Metaspace: 52209K(60288K)->52209K(60288K) NonClass: 30177K(34624K)->30177K(34624K) Class: 22032K(25664K)->22032K(25664K)
[2.930s][info][gc          ] GC(3) Pause Young (Normal) (G1 Evacuation Pause) 603M->331M(6144M) 17.332ms
[3.476s][info][gc,metaspace] GC(4) Metaspace: 64907K(80000K)->64907K(80000K) NonClass: 39444K(47744K)->39444K(47744K) Class: 25462K(32256K)->25462K(32256K)
[3.476s][info][gc          ] GC(4) Pause Young (Normal) (G1 Evacuation Pause) 603M->340M(6144M) 21.516ms
[4.529s][info][gc,metaspace] GC(5) Metaspace: 69666K(87360K)->69666K(87360K) NonClass: 42917K(52672K)->42917K(52672K) Class: 26748K(34688K)->26748K(34688K)
[4.529s][info][gc          ] GC(5) Pause Young (Normal) (G1 Evacuation Pause) 624M->358M(6144M) 25.073ms
[5.720s][info][gc,metaspace] GC(6) Metaspace: 69666K(87360K)->69666K(87360K) NonClass: 42917K(52672K)->42917K(52672K) Class: 26748K(34688K)->26748K(34688K)
[5.720s][info][gc          ] GC(6) Pause Young (Normal) (G1 Evacuation Pause) 626M->380M(6144M) 38.467ms
[7.039s][info][gc,metaspace] GC(7) Metaspace: 69666K(87360K)->69666K(87360K) NonClass: 42917K(52672K)->42917K(52672K) Class: 26748K(34688K)->26748K(34688K)
[7.039s][info][gc          ] GC(7) Pause Young (Normal) (G1 Evacuation Pause) 644M->407M(6144M) 44.125ms
[8.539s][info][gc,metaspace] GC(8) Metaspace: 71878K(89152K)->71878K(89152K) NonClass: 45129K(54464K)->45129K(54464K) Class: 26748K(34688K)->26748K(34688K)
[8.539s][info][gc          ] GC(8) Pause Young (Normal) (G1 Evacuation Pause) 711M->431M(6144M) 34.646ms
[9.793s][info][gc,metaspace] GC(9) Metaspace: 82096K(97408K)->82096K(97408K) NonClass: 55347K(62720K)->55347K(62720K) Class: 26748K(34688K)->26748K(34688K)
[9.793s][info][gc          ] GC(9) Pause Young (Concurrent Start) (CodeCache GC Threshold) 703M->457M(6144M) 47.315ms
[9.793s][info][gc          ] GC(10) Concurrent Mark Cycle
[10.028s][info][gc          ] GC(10) Pause Remark 509M->509M(6144M) 8.941ms
[10.216s][info][gc          ] GC(10) Pause Cleanup 547M->547M(6144M) 0.028ms
[10.221s][info][gc          ] GC(10) Concurrent Mark Cycle 428.514ms
[11.546s][info][gc,metaspace] GC(11) Metaspace: 84956K(99776K)->84956K(99776K) NonClass: 58208K(65088K)->58208K(65088K) Class: 26748K(34688K)->26748K(34688K)
[11.546s][info][gc          ] GC(11) Pause Young (Prepare Mixed) (G1 Evacuation Pause) 857M->494M(6144M) 52.700ms
[12.781s][info][gc,metaspace] GC(12) Metaspace: 89684K(103552K)->89684K(103552K) NonClass: 62935K(68864K)->62935K(68864K) Class: 26748K(34688K)->26748K(34688K)
[12.781s][info][gc          ] GC(12) Pause Young (Mixed) (G1 Evacuation Pause) 834M->526M(6144M) 57.182ms
[14.179s][info][gc,metaspace] GC(13) Metaspace: 89871K(103744K)->89871K(103744K) NonClass: 63123K(69056K)->63123K(69056K) Class: 26748K(34688K)->26748K(34688K)
[14.179s][info][gc          ] GC(13) Pause Young (Mixed) (G1 Evacuation Pause) 930M->560M(6144M) 47.484ms
[15.535s][info][gc,metaspace] GC(14) Metaspace: 89890K(103744K)->89890K(103744K) NonClass: 63141K(69056K)->63141K(69056K) Class: 26748K(34688K)->26748K(34688K)
[15.536s][info][gc          ] GC(14) Pause Young (Normal) (G1 Evacuation Pause) 936M->600M(6144M) 64.425ms
[17.238s][info][gc,metaspace] GC(15) Metaspace: 89890K(103744K)->89890K(103744K) NonClass: 63141K(69056K)->63141K(69056K) Class: 26748K(34688K)->26748K(34688K)
[17.239s][info][gc          ] GC(15) Pause Young (Normal) (G1 Evacuation Pause) 1104M->640M(6144M) 50.085ms
[18.815s][info][gc,metaspace] GC(16) Metaspace: 89890K(103744K)->89890K(103744K) NonClass: 63141K(69056K)->63141K(69056K) Class: 26748K(34688K)->26748K(34688K)
[18.815s][info][gc          ] GC(16) Pause Young (Normal) (G1 Evacuation Pause) 1088M->686M(6144M) 69.241ms
[20.897s][info][gc,metaspace] GC(17) Metaspace: 89890K(103744K)->89890K(103744K) NonClass: 63141K(69056K)->63141K(69056K) Class: 26748K(34688K)->26748K(34688K)
[20.897s][info][gc          ] GC(17) Pause Young (Normal) (G1 Evacuation Pause) 1290M->736M(6144M) 65.077ms
[22.768s][info][gc,metaspace] GC(18) Metaspace: 89890K(103744K)->89890K(103744K) NonClass: 63141K(69056K)->63141K(69056K) Class: 26748K(34688K)->26748K(34688K)
[22.768s][info][gc          ] GC(18) Pause Young (Normal) (G1 Evacuation Pause) 1272M->789M(6144M) 76.134ms
[25.248s][info][gc,metaspace] GC(19) Metaspace: 89890K(103744K)->89890K(103744K) NonClass: 63141K(69056K)->63141K(69056K) Class: 26748K(34688K)->26748K(34688K)
[25.248s][info][gc          ] GC(19) Pause Young (Normal) (G1 Evacuation Pause) 1513M->845M(6144M) 78.084ms
[27.472s][info][gc,metaspace] GC(20) Metaspace: 89890K(103744K)->89890K(103744K) NonClass: 63141K(69056K)->63141K(69056K) Class: 26748K(34688K)->26748K(34688K)
[27.472s][info][gc          ] GC(20) Pause Young (Normal) (G1 Evacuation Pause) 1477M->908M(6144M) 111.882ms
[30.243s][info][gc,metaspace] GC(21) Metaspace: 89890K(103744K)->89890K(103744K) NonClass: 63141K(69056K)->63141K(69056K) Class: 26748K(34688K)->26748K(34688K)
[30.243s][info][gc          ] GC(21) Pause Young (Normal) (G1 Evacuation Pause) 1720M->975M(6144M) 84.288ms
[32.856s][info][gc,metaspace] GC(22) Metaspace: 89890K(103744K)->89890K(103744K) NonClass: 63141K(69056K)->63141K(69056K) Class: 26748K(34688K)->26748K(34688K)
[32.856s][info][gc          ] GC(22) Pause Young (Normal) (G1 Evacuation Pause) 1715M->1049M(6144M) 117.719ms
[36.009s][info][gc,metaspace] GC(23) Metaspace: 89890K(103744K)->89890K(103744K) NonClass: 63141K(69056K)->63141K(69056K) Class: 26748K(34688K)->26748K(34688K)
[36.009s][info][gc          ] GC(23) Pause Young (Normal) (G1 Evacuation Pause) 1965M->1119M(6144M) 99.876ms
[38.879s][info][gc,metaspace] GC(24) Metaspace: 89890K(103744K)->89890K(103744K) NonClass: 63141K(69056K)->63141K(69056K) Class: 26748K(34688K)->26748K(34688K)
[38.879s][info][gc          ] GC(24) Pause Young (Normal) (G1 Evacuation Pause) 1939M->1198M(6144M) 125.170ms
[42.429s][info][gc,metaspace] GC(25) Metaspace: 89890K(103744K)->89890K(103744K) NonClass: 63141K(69056K)->63141K(69056K) Class: 26748K(34688K)->26748K(34688K)
[42.429s][info][gc          ] GC(25) Pause Young (Normal) (G1 Evacuation Pause) 2222M->1281M(6144M) 154.571ms
[45.842s][info][gc,metaspace] GC(26) Metaspace: 89890K(103744K)->89890K(103744K) NonClass: 63141K(69056K)->63141K(69056K) Class: 26748K(34688K)->26748K(34688K)
[45.842s][info][gc          ] GC(26) Pause Young (Normal) (G1 Evacuation Pause) 2141M->1361M(6144M) 140.855ms
[49.690s][info][gc,metaspace] GC(27) Metaspace: 89890K(103744K)->89890K(103744K) NonClass: 63141K(69056K)->63141K(69056K) Class: 26748K(34688K)->26748K(34688K)
[49.690s][info][gc          ] GC(27) Pause Young (Normal) (G1 Evacuation Pause) 2473M->1455M(6144M) 118.858ms
[52.915s][info][gc,metaspace] GC(28) Metaspace: 89890K(103744K)->89890K(103744K) NonClass: 63141K(69056K)->63141K(69056K) Class: 26748K(34688K)->26748K(34688K)
[52.915s][info][gc          ] GC(28) Pause Young (Normal) (G1 Evacuation Pause) 2375M->1545M(6144M) 154.478ms
[57.017s][info][gc,metaspace] GC(29) Metaspace: 89890K(103744K)->89890K(103744K) NonClass: 63141K(69056K)->63141K(69056K) Class: 26748K(34688K)->26748K(34688K)
[57.018s][info][gc          ] GC(29) Pause Young (Normal) (G1 Evacuation Pause) 2737M->1641M(6144M) 130.886ms
[60.429s][info][gc,metaspace] GC(30) Metaspace: 89890K(103744K)->89890K(103744K) NonClass: 63141K(69056K)->63141K(69056K) Class: 26748K(34688K)->26748K(34688K)
[60.429s][info][gc          ] GC(30) Pause Young (Normal) (G1 Evacuation Pause) 2605M->1733M(6144M) 203.482ms
67108864 Objects created
 - IK: 55699211 (82.99829%)
 - OAK: 3355627 (5.0002737%)
 - TAK: 8054026 (12.001434%)
Preparatory GC...
[61.464s][info][gc,metaspace] GC(31) Metaspace: 89890K(103744K)->89890K(103744K) NonClass: 63141K(69056K)->63141K(69056K) Class: 26748K(34688K)->26748K(34688K)
[61.464s][info][gc          ] GC(31) Pause Full (System.gc()) 1763M->1607M(6144M) 940.115ms
[62.379s][info][gc,metaspace] GC(32) Metaspace: 89890K(103744K)->89890K(103744K) NonClass: 63141K(69056K)->63141K(69056K) Class: 26748K(34688K)->26748K(34688K)
[62.379s][info][gc          ] GC(32) Pause Full (System.gc()) 1607M->1607M(6144M) 915.533ms
Done; will start GCs... 
[63.231s][info][gc,metaspace] GC(33) Metaspace: 89890K(103744K)->89890K(103744K) NonClass: 63141K(69056K)->63141K(69056K) Class: 26748K(34688K)->26748K(34688K)
[63.231s][info][gc          ] GC(33) Pause Full (System.gc()) 1611M->1607M(6144M) 851.243ms
[64.093s][info][gc,metaspace] GC(34) Metaspace: 89890K(103744K)->89890K(103744K) NonClass: 63141K(69056K)->63141K(69056K) Class: 26748K(34688K)->26748K(34688K)
[64.093s][info][gc          ] GC(34) Pause Full (System.gc()) 1607M->1607M(6144M) 861.893ms
[64.947s][info][gc,metaspace] GC(35) Metaspace: 89890K(103744K)->89890K(103744K) NonClass: 63141K(69056K)->63141K(69056K) Class: 26748K(34688K)->26748K(34688K)
[64.947s][info][gc          ] GC(35) Pause Full (System.gc()) 1607M->1607M(6144M) 854.086ms
[65.812s][info][gc,metaspace] GC(36) Metaspace: 89890K(103744K)->89890K(103744K) NonClass: 63141K(69056K)->63141K(69056K) Class: 26748K(34688K)->26748K(34688K)
[65.812s][info][gc          ] GC(36) Pause Full (System.gc()) 1607M->1607M(6144M) 864.589ms
[66.680s][info][gc,metaspace] GC(37) Metaspace: 89890K(103744K)->89890K(103744K) NonClass: 63141K(69056K)->63141K(69056K) Class: 26748K(34688K)->26748K(34688K)
[66.680s][info][gc          ] GC(37) Pause Full (System.gc()) 1607M->1607M(6144M) 868.666ms
[67.539s][info][gc,metaspace] GC(38) Metaspace: 89890K(103744K)->89890K(103744K) NonClass: 63141K(69056K)->63141K(69056K) Class: 26748K(34688K)->26748K(34688K)
[67.539s][info][gc          ] GC(38) Pause Full (System.gc()) 1607M->1607M(6144M) 858.914ms
[68.390s][info][gc,metaspace] GC(39) Metaspace: 89890K(103744K)->89890K(103744K) NonClass: 63141K(69056K)->63141K(69056K) Class: 26748K(34688K)->26748K(34688K)
[68.390s][info][gc          ] GC(39) Pause Full (System.gc()) 1607M->1607M(6144M) 850.692ms
[69.238s][info][gc,metaspace] GC(40) Metaspace: 89890K(103744K)->89890K(103744K) NonClass: 63141K(69056K)->63141K(69056K) Class: 26748K(34688K)->26748K(34688K)
[69.238s][info][gc          ] GC(40) Pause Full (System.gc()) 1607M->1607M(6144M) 848.027ms
[70.103s][info][gc,metaspace] GC(41) Metaspace: 89890K(103744K)->89890K(103744K) NonClass: 63141K(69056K)->63141K(69056K) Class: 26748K(34688K)->26748K(34688K)
[70.103s][info][gc          ] GC(41) Pause Full (System.gc()) 1607M->1607M(6144M) 864.859ms
[70.947s][info][gc,metaspace] GC(42) Metaspace: 89890K(103744K)->89890K(103744K) NonClass: 63141K(69056K)->63141K(69056K) Class: 26748K(34688K)->26748K(34688K)
[70.947s][info][gc          ] GC(42) Pause Full (System.gc()) 1607M->1607M(6144M) 844.344ms
[71.802s][info][gc,metaspace] GC(43) Metaspace: 89890K(103744K)->89890K(103744K) NonClass: 63141K(69056K)->63141K(69056K) Class: 26748K(34688K)->26748K(34688K)
[71.802s][info][gc          ] GC(43) Pause Full (System.gc()) 1607M->1607M(6144M) 854.084ms
[72.661s][info][gc,metaspace] GC(44) Metaspace: 89890K(103744K)->89890K(103744K) NonClass: 63141K(69056K)->63141K(69056K) Class: 26748K(34688K)->26748K(34688K)
[72.662s][info][gc          ] GC(44) Pause Full (System.gc()) 1607M->1607M(6144M) 859.822ms
[73.525s][info][gc,metaspace] GC(45) Metaspace: 89890K(103744K)->89890K(103744K) NonClass: 63141K(69056K)->63141K(69056K) Class: 26748K(34688K)->26748K(34688K)
[73.525s][info][gc          ] GC(45) Pause Full (System.gc()) 1607M->1607M(6144M) 863.050ms
[74.392s][info][gc,metaspace] GC(46) Metaspace: 89890K(103744K)->89890K(103744K) NonClass: 63141K(69056K)->63141K(69056K) Class: 26748K(34688K)->26748K(34688K)
[74.392s][info][gc          ] GC(46) Pause Full (System.gc()) 1607M->1607M(6144M) 867.569ms
[75.252s][info][gc,metaspace] GC(47) Metaspace: 89890K(103744K)->89890K(103744K) NonClass: 63141K(69056K)->63141K(69056K) Class: 26748K(34688K)->26748K(34688K)
[75.252s][info][gc          ] GC(47) Pause Full (System.gc()) 1607M->1607M(6144M) 859.372ms
[76.144s][info][gc,metaspace] GC(48) Metaspace: 89890K(103744K)->89890K(103744K) NonClass: 63141K(69056K)->63141K(69056K) Class: 26748K(34688K)->26748K(34688K)
[76.144s][info][gc          ] GC(48) Pause Full (System.gc()) 1607M->1607M(6144M) 892.137ms
[76.998s][info][gc,metaspace] GC(49) Metaspace: 89890K(103744K)->89890K(103744K) NonClass: 63141K(69056K)->63141K(69056K) Class: 26748K(34688K)->26748K(34688K)
[76.998s][info][gc          ] GC(49) Pause Full (System.gc()) 1607M->1607M(6144M) 854.039ms
[77.846s][info][gc,metaspace] GC(50) Metaspace: 89890K(103744K)->89890K(103744K) NonClass: 63141K(69056K)->63141K(69056K) Class: 26748K(34688K)->26748K(34688K)
[77.846s][info][gc          ] GC(50) Pause Full (System.gc()) 1607M->1607M(6144M) 847.922ms
[78.716s][info][gc,metaspace] GC(51) Metaspace: 89890K(103744K)->89890K(103744K) NonClass: 63141K(69056K)->63141K(69056K) Class: 26748K(34688K)->26748K(34688K)
[78.716s][info][gc          ] GC(51) Pause Full (System.gc()) 1607M->1607M(6144M) 869.621ms
[79.570s][info][gc,metaspace] GC(52) Metaspace: 89890K(103744K)->89890K(103744K) NonClass: 63141K(69056K)->63141K(69056K) Class: 26748K(34688K)->26748K(34688K)
[79.570s][info][gc          ] GC(52) Pause Full (System.gc()) 1607M->1607M(6144M) 854.472ms
[80.423s][info][gc,metaspace] GC(53) Metaspace: 89890K(103744K)->89890K(103744K) NonClass: 63141K(69056K)->63141K(69056K) Class: 26748K(34688K)->26748K(34688K)
[80.423s][info][gc          ] GC(53) Pause Full (System.gc()) 1607M->1607M(6144M) 853.041ms
[81.293s][info][gc,metaspace] GC(54) Metaspace: 89890K(103744K)->89890K(103744K) NonClass: 63141K(69056K)->63141K(69056K) Class: 26748K(34688K)->26748K(34688K)
[81.293s][info][gc          ] GC(54) Pause Full (System.gc()) 1607M->1607M(6144M) 869.114ms
[82.150s][info][gc,metaspace] GC(55) Metaspace: 89890K(103744K)->89890K(103744K) NonClass: 63141K(69056K)->63141K(69056K) Class: 26748K(34688K)->26748K(34688K)
[82.150s][info][gc          ] GC(55) Pause Full (System.gc()) 1607M->1607M(6144M) 857.296ms
[82.995s][info][gc,metaspace] GC(56) Metaspace: 89890K(103744K)->89890K(103744K) NonClass: 63141K(69056K)->63141K(69056K) Class: 26748K(34688K)->26748K(34688K)
[82.995s][info][gc          ] GC(56) Pause Full (System.gc()) 1607M->1607M(6144M) 844.868ms
[83.864s][info][gc,metaspace] GC(57) Metaspace: 89890K(103744K)->89890K(103744K) NonClass: 63141K(69056K)->63141K(69056K) Class: 26748K(34688K)->26748K(34688K)
[83.864s][info][gc          ] GC(57) Pause Full (System.gc()) 1607M->1607M(6144M) 868.830ms
[84.714s][info][gc,metaspace] GC(58) Metaspace: 89890K(103744K)->89890K(103744K) NonClass: 63141K(69056K)->63141K(69056K) Class: 26748K(34688K)->26748K(34688K)
[84.714s][info][gc          ] GC(58) Pause Full (System.gc()) 1607M->1607M(6144M) 850.096ms
[85.560s][info][gc,metaspace] GC(59) Metaspace: 89890K(103744K)->89890K(103744K) NonClass: 63141K(69056K)->63141K(69056K) Class: 26748K(34688K)->26748K(34688K)
[85.560s][info][gc          ] GC(59) Pause Full (System.gc()) 1607M->1607M(6144M) 845.584ms
[86.441s][info][gc,metaspace] GC(60) Metaspace: 89890K(103744K)->89890K(103744K) NonClass: 63141K(69056K)->63141K(69056K) Class: 26748K(34688K)->26748K(34688K)
[86.441s][info][gc          ] GC(60) Pause Full (System.gc()) 1607M->1607M(6144M) 881.085ms
[87.286s][info][gc,metaspace] GC(61) Metaspace: 89890K(103744K)->89890K(103744K) NonClass: 63141K(69056K)->63141K(69056K) Class: 26748K(34688K)->26748K(34688K)
[87.286s][info][gc          ] GC(61) Pause Full (System.gc()) 1607M->1607M(6144M) 845.354ms
[88.148s][info][gc,metaspace] GC(62) Metaspace: 89890K(103744K)->89890K(103744K) NonClass: 63141K(69056K)->63141K(69056K) Class: 26748K(34688K)->26748K(34688K)
[88.148s][info][gc          ] GC(62) Pause Full (System.gc()) 1607M->1607M(6144M) 861.541ms
[88.994s][info][gc,metaspace] GC(63) Metaspace: 89890K(103744K)->89890K(103744K) NonClass: 63141K(69056K)->63141K(69056K) Class: 26748K(34688K)->26748K(34688K)
[88.994s][info][gc          ] GC(63) Pause Full (System.gc()) 1607M->1607M(6144M) 846.632ms
[89.853s][info][gc,metaspace] GC(64) Metaspace: 89890K(103744K)->89890K(103744K) NonClass: 63141K(69056K)->63141K(69056K) Class: 26748K(34688K)->26748K(34688K)
[89.853s][info][gc          ] GC(64) Pause Full (System.gc()) 1607M->1607M(6144M) 858.058ms
[90.705s][info][gc,metaspace] GC(65) Metaspace: 89890K(103744K)->89890K(103744K) NonClass: 63141K(69056K)->63141K(69056K) Class: 26748K(34688K)->26748K(34688K)
[90.705s][info][gc          ] GC(65) Pause Full (System.gc()) 1607M->1607M(6144M) 851.943ms
[91.564s][info][gc,metaspace] GC(66) Metaspace: 89890K(103744K)->89890K(103744K) NonClass: 63141K(69056K)->63141K(69056K) Class: 26748K(34688K)->26748K(34688K)
[91.564s][info][gc          ] GC(66) Pause Full (System.gc()) 1607M->1607M(6144M) 859.460ms
[92.416s][info][gc,metaspace] GC(67) Metaspace: 89890K(103744K)->89890K(103744K) NonClass: 63141K(69056K)->63141K(69056K) Class: 26748K(34688K)->26748K(34688K)
[92.416s][info][gc          ] GC(67) Pause Full (System.gc()) 1607M->1607M(6144M) 852.243ms
[93.269s][info][gc,metaspace] GC(68) Metaspace: 89890K(103744K)->89890K(103744K) NonClass: 63141K(69056K)->63141K(69056K) Class: 26748K(34688K)->26748K(34688K)
[93.269s][info][gc          ] GC(68) Pause Full (System.gc()) 1607M->1607M(6144M) 852.839ms
[94.149s][info][gc,metaspace] GC(69) Metaspace: 89890K(103744K)->89890K(103744K) NonClass: 63141K(69056K)->63141K(69056K) Class: 26748K(34688K)->26748K(34688K)
[94.149s][info][gc          ] GC(69) Pause Full (System.gc()) 1607M->1607M(6144M) 879.690ms
[95.001s][info][gc,metaspace] GC(70) Metaspace: 89890K(103744K)->89890K(103744K) NonClass: 63141K(69056K)->63141K(69056K) Class: 26748K(34688K)->26748K(34688K)
[95.001s][info][gc          ] GC(70) Pause Full (System.gc()) 1607M->1607M(6144M) 852.258ms
[95.858s][info][gc,metaspace] GC(71) Metaspace: 89890K(103744K)->89890K(103744K) NonClass: 63141K(69056K)->63141K(69056K) Class: 26748K(34688K)->26748K(34688K)
[95.858s][info][gc          ] GC(71) Pause Full (System.gc()) 1607M->1607M(6144M) 856.685ms
[96.716s][info][gc,metaspace] GC(72) Metaspace: 89890K(103744K)->89890K(103744K) NonClass: 63141K(69056K)->63141K(69056K) Class: 26748K(34688K)->26748K(34688K)
[96.716s][info][gc          ] GC(72) Pause Full (System.gc()) 1607M->1607M(6144M) 857.412ms
After GCs... 
