[0.002s][info][metaspace]  - commit_granule_bytes: 65536.
[0.002s][info][metaspace]  - commit_granule_words: 8192.
[0.002s][info][metaspace]  - virtual_space_node_default_size: 8388608.
[0.002s][info][metaspace]  - enlarge_chunks_in_place: 1.
[0.002s][info][metaspace]  - use_allocation_guard: 0.
[0.004s][info][gc       ] Using G1
[0.330s][info][metaspace] Reserving compressed class space anywhere
[0.331s][info][gc,metaspace] CDS archive(s) not mapped
[0.331s][info][gc,metaspace] Compressed class space mapped at: 0x000000002c000000-0x00000000ec000000, reserved size: 3221225472
[0.331s][info][gc,metaspace] UseCompressedClassPointers 1, UseCompactObjectHeaders 0, narrow klass pointer bits 32, max shift 3
[0.331s][info][gc,metaspace] Narrow klass base: 0x0000000000000000, Narrow klass shift: 0, Narrow klass range: 0xec000000
Random Seed: 12345678
Num Classes: 16384
Num Objects: 67108864
Percent IK Objects: 83.0%)
Percent OAK Objects: 5.0%)
Percent TAK Objects: 12.0%)
Cycles: 40
Loading 16384 pre-generated classes ...
Materialize pre-generated constructors ...
Creating objects...
[1.046s][info][gc,metaspace] GC(0) Metaspace: 29141K(29376K)->29141K(29376K) NonClass: 19327K(19456K)->19327K(19456K) Class: 9813K(9920K)->9813K(9920K)
[1.046s][info][gc          ] GC(0) Pause Full (System.gc()) 72M->12M(6144M) 22.198ms
[1.667s][info][gc,metaspace] GC(1) Metaspace: 29985K(30272K)->29985K(30272K) NonClass: 20171K(20352K)->20171K(20352K) Class: 9813K(9920K)->9813K(9920K)
[1.667s][info][gc          ] GC(1) Pause Young (Normal) (G1 Evacuation Pause) 576M->305M(6144M) 22.477ms
[2.178s][info][gc,metaspace] GC(2) Metaspace: 31080K(31872K)->31080K(31872K) NonClass: 21028K(21440K)->21028K(21440K) Class: 10051K(10432K)->10051K(10432K)
[2.178s][info][gc          ] GC(2) Pause Young (Normal) (G1 Evacuation Pause) 573M->329M(6144M) 25.430ms
[2.699s][info][gc,metaspace] GC(3) Metaspace: 41845K(48512K)->41845K(48512K) NonClass: 28890K(32576K)->28890K(32576K) Class: 12955K(15936K)->12955K(15936K)
[2.699s][info][gc          ] GC(3) Pause Young (Normal) (G1 Evacuation Pause) 605M->341M(6144M) 15.045ms
[3.194s][info][gc,metaspace] GC(4) Metaspace: 55241K(69248K)->55241K(69248K) NonClass: 38667K(46400K)->38667K(46400K) Class: 16574K(22848K)->16574K(22848K)
[3.194s][info][gc          ] GC(4) Pause Young (Normal) (G1 Evacuation Pause) 633M->349M(6144M) 10.937ms
[4.008s][info][gc,metaspace] GC(5) Metaspace: 61960K(79680K)->61960K(79680K) NonClass: 43570K(53376K)->43570K(53376K) Class: 18389K(26304K)->18389K(26304K)
[4.008s][info][gc          ] GC(5) Pause Young (Normal) (G1 Evacuation Pause) 633M->366M(6144M) 19.159ms
[5.100s][info][gc,metaspace] GC(6) Metaspace: 62089K(79744K)->62089K(79744K) NonClass: 43696K(53440K)->43696K(53440K) Class: 18392K(26304K)->18392K(26304K)
[5.100s][info][gc          ] GC(6) Pause Young (Normal) (G1 Evacuation Pause) 634M->390M(6144M) 28.441ms
[6.334s][info][gc,metaspace] GC(7) Metaspace: 66776K(84480K)->66776K(84480K) NonClass: 48383K(58176K)->48383K(58176K) Class: 18392K(26304K)->18392K(26304K)
[6.334s][info][gc          ] GC(7) Pause Young (Normal) (G1 Evacuation Pause) 654M->420M(6144M) 32.565ms
[7.714s][info][gc,metaspace] GC(8) Metaspace: 67525K(85184K)->67525K(85184K) NonClass: 49132K(58880K)->49132K(58880K) Class: 18392K(26304K)->18392K(26304K)
[7.714s][info][gc          ] GC(8) Pause Young (Normal) (G1 Evacuation Pause) 728M->449M(6144M) 26.512ms
[9.304s][info][gc,metaspace] GC(9) Metaspace: 78873K(94464K)->78873K(94464K) NonClass: 60480K(68160K)->60480K(68160K) Class: 18392K(26304K)->18392K(26304K)
[9.304s][info][gc          ] GC(9) Pause Young (Normal) (G1 Evacuation Pause) 785M->483M(6144M) 30.394ms
[10.072s][info][gc,metaspace] GC(10) Metaspace: 81292K(96448K)->81292K(96448K) NonClass: 62899K(70144K)->62899K(70144K) Class: 18392K(26304K)->18392K(26304K)
[10.072s][info][gc          ] GC(10) Pause Young (Concurrent Start) (CodeCache GC Threshold) 667M->504M(6144M) 25.291ms
[10.072s][info][gc          ] GC(11) Concurrent Mark Cycle
[10.345s][info][gc          ] GC(11) Pause Remark 572M->572M(6144M) 12.143ms
[10.588s][info][gc          ] GC(11) Pause Cleanup 624M->624M(6144M) 0.028ms
[10.594s][info][gc          ] GC(11) Concurrent Mark Cycle 521.996ms
[12.048s][info][gc,metaspace] GC(12) Metaspace: 87440K(101440K)->87440K(101440K) NonClass: 69047K(75136K)->69047K(75136K) Class: 18392K(26304K)->18392K(26304K)
[12.048s][info][gc          ] GC(12) Pause Young (Prepare Mixed) (G1 Evacuation Pause) 1000M->551M(6144M) 36.031ms
[13.398s][info][gc,metaspace] GC(13) Metaspace: 87817K(101696K)->87817K(101696K) NonClass: 69424K(75392K)->69424K(75392K) Class: 18392K(26304K)->18392K(26304K)
[13.398s][info][gc          ] GC(13) Pause Young (Mixed) (G1 Evacuation Pause) 951M->589M(6144M) 44.506ms
[15.003s][info][gc,metaspace] GC(14) Metaspace: 88093K(101952K)->88093K(101952K) NonClass: 69700K(75648K)->69700K(75648K) Class: 18392K(26304K)->18392K(26304K)
[15.003s][info][gc          ] GC(14) Pause Young (Mixed) (G1 Evacuation Pause) 1061M->636M(6144M) 45.174ms
[16.620s][info][gc,metaspace] GC(15) Metaspace: 88093K(101952K)->88093K(101952K) NonClass: 69700K(75648K)->69700K(75648K) Class: 18392K(26304K)->18392K(26304K)
[16.620s][info][gc          ] GC(15) Pause Young (Normal) (G1 Evacuation Pause) 1136M->686M(6144M) 46.843ms
[18.404s][info][gc,metaspace] GC(16) Metaspace: 88093K(101952K)->88093K(101952K) NonClass: 69700K(75648K)->69700K(75648K) Class: 18392K(26304K)->18392K(26304K)
[18.404s][info][gc          ] GC(16) Pause Young (Normal) (G1 Evacuation Pause) 1246M->740M(6144M) 52.180ms
[20.394s][info][gc,metaspace] GC(17) Metaspace: 88093K(101952K)->88093K(101952K) NonClass: 69700K(75648K)->69700K(75648K) Class: 18392K(26304K)->18392K(26304K)
[20.394s][info][gc          ] GC(17) Pause Young (Normal) (G1 Evacuation Pause) 1348M->803M(6144M) 56.481ms
[22.554s][info][gc,metaspace] GC(18) Metaspace: 88093K(101952K)->88093K(101952K) NonClass: 69700K(75648K)->69700K(75648K) Class: 18392K(26304K)->18392K(26304K)
[22.554s][info][gc          ] GC(18) Pause Young (Normal) (G1 Evacuation Pause) 1471M->866M(6144M) 61.928ms
[24.998s][info][gc,metaspace] GC(19) Metaspace: 88093K(101952K)->88093K(101952K) NonClass: 69700K(75648K)->69700K(75648K) Class: 18392K(26304K)->18392K(26304K)
[24.998s][info][gc          ] GC(19) Pause Young (Normal) (G1 Evacuation Pause) 1594M->940M(6144M) 61.629ms
[27.625s][info][gc,metaspace] GC(20) Metaspace: 88093K(101952K)->88093K(101952K) NonClass: 69700K(75648K)->69700K(75648K) Class: 18392K(26304K)->18392K(26304K)
[27.625s][info][gc          ] GC(20) Pause Young (Normal) (G1 Evacuation Pause) 1736M->1015M(6144M) 72.609ms
[30.494s][info][gc,metaspace] GC(21) Metaspace: 88093K(101952K)->88093K(101952K) NonClass: 69700K(75648K)->69700K(75648K) Class: 18392K(26304K)->18392K(26304K)
[30.494s][info][gc          ] GC(21) Pause Young (Normal) (G1 Evacuation Pause) 1875M->1100M(6144M) 78.085ms
[33.504s][info][gc,metaspace] GC(22) Metaspace: 88093K(101952K)->88093K(101952K) NonClass: 69700K(75648K)->69700K(75648K) Class: 18392K(26304K)->18392K(26304K)
[33.504s][info][gc          ] GC(22) Pause Young (Normal) (G1 Evacuation Pause) 2028M->1192M(6144M) 85.946ms
[36.791s][info][gc,metaspace] GC(23) Metaspace: 88093K(101952K)->88093K(101952K) NonClass: 69700K(75648K)->69700K(75648K) Class: 18392K(26304K)->18392K(26304K)
[36.791s][info][gc          ] GC(23) Pause Young (Normal) (G1 Evacuation Pause) 2180M->1286M(6144M) 98.267ms
[40.217s][info][gc,metaspace] GC(24) Metaspace: 88093K(101952K)->88093K(101952K) NonClass: 69700K(75648K)->69700K(75648K) Class: 18392K(26304K)->18392K(26304K)
[40.217s][info][gc          ] GC(24) Pause Young (Normal) (G1 Evacuation Pause) 2330M->1390M(6144M) 96.186ms
[43.894s][info][gc,metaspace] GC(25) Metaspace: 88093K(101952K)->88093K(101952K) NonClass: 69700K(75648K)->69700K(75648K) Class: 18392K(26304K)->18392K(26304K)
[43.894s][info][gc          ] GC(25) Pause Young (Normal) (G1 Evacuation Pause) 2494M->1498M(6144M) 106.927ms
[47.679s][info][gc,metaspace] GC(26) Metaspace: 88093K(101952K)->88093K(101952K) NonClass: 69700K(75648K)->69700K(75648K) Class: 18392K(26304K)->18392K(26304K)
[47.679s][info][gc          ] GC(26) Pause Young (Normal) (G1 Evacuation Pause) 2654M->1604M(6144M) 106.729ms
[51.649s][info][gc,metaspace] GC(27) Metaspace: 88093K(101952K)->88093K(101952K) NonClass: 69700K(75648K)->69700K(75648K) Class: 18392K(26304K)->18392K(26304K)
[51.649s][info][gc          ] GC(27) Pause Young (Normal) (G1 Evacuation Pause) 2832M->1724M(6144M) 111.621ms
[55.835s][info][gc,metaspace] GC(28) Metaspace: 88093K(101952K)->88093K(101952K) NonClass: 69700K(75648K)->69700K(75648K) Class: 18392K(26304K)->18392K(26304K)
[55.835s][info][gc          ] GC(28) Pause Young (Normal) (G1 Evacuation Pause) 3000M->1856M(6144M) 125.222ms
67108864 Objects created
 - IK: 55699211 (82.99829%)
 - OAK: 3355627 (5.0002737%)
 - TAK: 8054026 (12.001434%)
Preparatory GC...
[60.452s][info][gc,metaspace] GC(29) Metaspace: 88093K(101952K)->88093K(101952K) NonClass: 69700K(75648K)->69700K(75648K) Class: 18392K(26304K)->18392K(26304K)
[60.452s][info][gc          ] GC(29) Pause Full (System.gc()) 2952M->1823M(6144M) 1020.297ms
[61.384s][info][gc,metaspace] GC(30) Metaspace: 88093K(101952K)->88093K(101952K) NonClass: 69700K(75648K)->69700K(75648K) Class: 18392K(26304K)->18392K(26304K)
[61.384s][info][gc          ] GC(30) Pause Full (System.gc()) 1823M->1823M(6144M) 932.188ms
Done; will start GCs... 
[62.276s][info][gc,metaspace] GC(31) Metaspace: 88093K(101952K)->88093K(101952K) NonClass: 69700K(75648K)->69700K(75648K) Class: 18392K(26304K)->18392K(26304K)
[62.276s][info][gc          ] GC(31) Pause Full (System.gc()) 1827M->1823M(6144M) 891.212ms
[63.166s][info][gc,metaspace] GC(32) Metaspace: 88093K(101952K)->88093K(101952K) NonClass: 69700K(75648K)->69700K(75648K) Class: 18392K(26304K)->18392K(26304K)
[63.166s][info][gc          ] GC(32) Pause Full (System.gc()) 1823M->1823M(6144M) 890.204ms
[63.966s][info][gc,metaspace] GC(33) Metaspace: 88093K(101952K)->88093K(101952K) NonClass: 69700K(75648K)->69700K(75648K) Class: 18392K(26304K)->18392K(26304K)
[63.966s][info][gc          ] GC(33) Pause Full (System.gc()) 1823M->1823M(6144M) 800.025ms
[64.794s][info][gc,metaspace] GC(34) Metaspace: 88093K(101952K)->88093K(101952K) NonClass: 69700K(75648K)->69700K(75648K) Class: 18392K(26304K)->18392K(26304K)
[64.794s][info][gc          ] GC(34) Pause Full (System.gc()) 1823M->1823M(6144M) 827.667ms
[65.598s][info][gc,metaspace] GC(35) Metaspace: 88093K(101952K)->88093K(101952K) NonClass: 69700K(75648K)->69700K(75648K) Class: 18392K(26304K)->18392K(26304K)
[65.598s][info][gc          ] GC(35) Pause Full (System.gc()) 1823M->1823M(6144M) 803.827ms
[66.411s][info][gc,metaspace] GC(36) Metaspace: 88093K(101952K)->88093K(101952K) NonClass: 69700K(75648K)->69700K(75648K) Class: 18392K(26304K)->18392K(26304K)
[66.411s][info][gc          ] GC(36) Pause Full (System.gc()) 1823M->1823M(6144M) 812.679ms
[67.216s][info][gc,metaspace] GC(37) Metaspace: 88093K(101952K)->88093K(101952K) NonClass: 69700K(75648K)->69700K(75648K) Class: 18392K(26304K)->18392K(26304K)
[67.216s][info][gc          ] GC(37) Pause Full (System.gc()) 1823M->1823M(6144M) 805.617ms
[68.032s][info][gc,metaspace] GC(38) Metaspace: 88093K(101952K)->88093K(101952K) NonClass: 69700K(75648K)->69700K(75648K) Class: 18392K(26304K)->18392K(26304K)
[68.032s][info][gc          ] GC(38) Pause Full (System.gc()) 1823M->1823M(6144M) 815.501ms
[68.856s][info][gc,metaspace] GC(39) Metaspace: 88093K(101952K)->88093K(101952K) NonClass: 69700K(75648K)->69700K(75648K) Class: 18392K(26304K)->18392K(26304K)
[68.856s][info][gc          ] GC(39) Pause Full (System.gc()) 1823M->1823M(6144M) 824.047ms
[69.663s][info][gc,metaspace] GC(40) Metaspace: 88093K(101952K)->88093K(101952K) NonClass: 69700K(75648K)->69700K(75648K) Class: 18392K(26304K)->18392K(26304K)
[69.664s][info][gc          ] GC(40) Pause Full (System.gc()) 1823M->1823M(6144M) 807.484ms
[70.500s][info][gc,metaspace] GC(41) Metaspace: 88093K(101952K)->88093K(101952K) NonClass: 69700K(75648K)->69700K(75648K) Class: 18392K(26304K)->18392K(26304K)
[70.500s][info][gc          ] GC(41) Pause Full (System.gc()) 1823M->1823M(6144M) 835.978ms
[71.320s][info][gc,metaspace] GC(42) Metaspace: 88093K(101952K)->88093K(101952K) NonClass: 69700K(75648K)->69700K(75648K) Class: 18392K(26304K)->18392K(26304K)
[71.320s][info][gc          ] GC(42) Pause Full (System.gc()) 1823M->1823M(6144M) 820.260ms
[72.144s][info][gc,metaspace] GC(43) Metaspace: 88093K(101952K)->88093K(101952K) NonClass: 69700K(75648K)->69700K(75648K) Class: 18392K(26304K)->18392K(26304K)
[72.144s][info][gc          ] GC(43) Pause Full (System.gc()) 1823M->1823M(6144M) 823.752ms
[72.948s][info][gc,metaspace] GC(44) Metaspace: 88093K(101952K)->88093K(101952K) NonClass: 69700K(75648K)->69700K(75648K) Class: 18392K(26304K)->18392K(26304K)
[72.948s][info][gc          ] GC(44) Pause Full (System.gc()) 1823M->1823M(6144M) 804.265ms
[73.769s][info][gc,metaspace] GC(45) Metaspace: 88093K(101952K)->88093K(101952K) NonClass: 69700K(75648K)->69700K(75648K) Class: 18392K(26304K)->18392K(26304K)
[73.769s][info][gc          ] GC(45) Pause Full (System.gc()) 1823M->1823M(6144M) 820.695ms
[74.595s][info][gc,metaspace] GC(46) Metaspace: 88093K(101952K)->88093K(101952K) NonClass: 69700K(75648K)->69700K(75648K) Class: 18392K(26304K)->18392K(26304K)
[74.595s][info][gc          ] GC(46) Pause Full (System.gc()) 1823M->1823M(6144M) 826.268ms
[75.420s][info][gc,metaspace] GC(47) Metaspace: 88093K(101952K)->88093K(101952K) NonClass: 69700K(75648K)->69700K(75648K) Class: 18392K(26304K)->18392K(26304K)
[75.420s][info][gc          ] GC(47) Pause Full (System.gc()) 1823M->1823M(6144M) 825.232ms
[76.222s][info][gc,metaspace] GC(48) Metaspace: 88093K(101952K)->88093K(101952K) NonClass: 69700K(75648K)->69700K(75648K) Class: 18392K(26304K)->18392K(26304K)
[76.222s][info][gc          ] GC(48) Pause Full (System.gc()) 1823M->1823M(6144M) 801.736ms
[77.058s][info][gc,metaspace] GC(49) Metaspace: 88093K(101952K)->88093K(101952K) NonClass: 69700K(75648K)->69700K(75648K) Class: 18392K(26304K)->18392K(26304K)
[77.059s][info][gc          ] GC(49) Pause Full (System.gc()) 1823M->1823M(6144M) 836.213ms
[77.854s][info][gc,metaspace] GC(50) Metaspace: 88093K(101952K)->88093K(101952K) NonClass: 69700K(75648K)->69700K(75648K) Class: 18392K(26304K)->18392K(26304K)
[77.854s][info][gc          ] GC(50) Pause Full (System.gc()) 1823M->1823M(6144M) 794.958ms
[78.672s][info][gc,metaspace] GC(51) Metaspace: 88093K(101952K)->88093K(101952K) NonClass: 69700K(75648K)->69700K(75648K) Class: 18392K(26304K)->18392K(26304K)
[78.672s][info][gc          ] GC(51) Pause Full (System.gc()) 1823M->1823M(6144M) 818.416ms
[79.480s][info][gc,metaspace] GC(52) Metaspace: 88093K(101952K)->88093K(101952K) NonClass: 69700K(75648K)->69700K(75648K) Class: 18392K(26304K)->18392K(26304K)
[79.480s][info][gc          ] GC(52) Pause Full (System.gc()) 1823M->1823M(6144M) 808.051ms
[80.292s][info][gc,metaspace] GC(53) Metaspace: 88093K(101952K)->88093K(101952K) NonClass: 69700K(75648K)->69700K(75648K) Class: 18392K(26304K)->18392K(26304K)
[80.292s][info][gc          ] GC(53) Pause Full (System.gc()) 1823M->1823M(6144M) 811.990ms
[81.115s][info][gc,metaspace] GC(54) Metaspace: 88093K(101952K)->88093K(101952K) NonClass: 69700K(75648K)->69700K(75648K) Class: 18392K(26304K)->18392K(26304K)
[81.115s][info][gc          ] GC(54) Pause Full (System.gc()) 1823M->1823M(6144M) 822.354ms
[81.982s][info][gc,metaspace] GC(55) Metaspace: 88093K(101952K)->88093K(101952K) NonClass: 69700K(75648K)->69700K(75648K) Class: 18392K(26304K)->18392K(26304K)
[81.982s][info][gc          ] GC(55) Pause Full (System.gc()) 1823M->1823M(6144M) 866.852ms
[82.801s][info][gc,metaspace] GC(56) Metaspace: 88093K(101952K)->88093K(101952K) NonClass: 69700K(75648K)->69700K(75648K) Class: 18392K(26304K)->18392K(26304K)
[82.801s][info][gc          ] GC(56) Pause Full (System.gc()) 1823M->1823M(6144M) 819.692ms
[83.625s][info][gc,metaspace] GC(57) Metaspace: 88093K(101952K)->88093K(101952K) NonClass: 69700K(75648K)->69700K(75648K) Class: 18392K(26304K)->18392K(26304K)
[83.625s][info][gc          ] GC(57) Pause Full (System.gc()) 1823M->1823M(6144M) 823.699ms
[84.462s][info][gc,metaspace] GC(58) Metaspace: 88093K(101952K)->88093K(101952K) NonClass: 69700K(75648K)->69700K(75648K) Class: 18392K(26304K)->18392K(26304K)
[84.462s][info][gc          ] GC(58) Pause Full (System.gc()) 1823M->1823M(6144M) 836.509ms
[85.263s][info][gc,metaspace] GC(59) Metaspace: 88093K(101952K)->88093K(101952K) NonClass: 69700K(75648K)->69700K(75648K) Class: 18392K(26304K)->18392K(26304K)
[85.263s][info][gc          ] GC(59) Pause Full (System.gc()) 1823M->1823M(6144M) 800.869ms
[86.064s][info][gc,metaspace] GC(60) Metaspace: 88093K(101952K)->88093K(101952K) NonClass: 69700K(75648K)->69700K(75648K) Class: 18392K(26304K)->18392K(26304K)
[86.064s][info][gc          ] GC(60) Pause Full (System.gc()) 1823M->1823M(6144M) 801.072ms
[86.855s][info][gc,metaspace] GC(61) Metaspace: 88093K(101952K)->88093K(101952K) NonClass: 69700K(75648K)->69700K(75648K) Class: 18392K(26304K)->18392K(26304K)
[86.855s][info][gc          ] GC(61) Pause Full (System.gc()) 1823M->1823M(6144M) 791.565ms
[87.650s][info][gc,metaspace] GC(62) Metaspace: 88093K(101952K)->88093K(101952K) NonClass: 69700K(75648K)->69700K(75648K) Class: 18392K(26304K)->18392K(26304K)
[87.650s][info][gc          ] GC(62) Pause Full (System.gc()) 1823M->1823M(6144M) 794.584ms
[88.485s][info][gc,metaspace] GC(63) Metaspace: 88093K(101952K)->88093K(101952K) NonClass: 69700K(75648K)->69700K(75648K) Class: 18392K(26304K)->18392K(26304K)
[88.485s][info][gc          ] GC(63) Pause Full (System.gc()) 1823M->1823M(6144M) 835.030ms
[89.330s][info][gc,metaspace] GC(64) Metaspace: 88093K(101952K)->88093K(101952K) NonClass: 69700K(75648K)->69700K(75648K) Class: 18392K(26304K)->18392K(26304K)
[89.330s][info][gc          ] GC(64) Pause Full (System.gc()) 1823M->1823M(6144M) 844.411ms
[90.126s][info][gc,metaspace] GC(65) Metaspace: 88093K(101952K)->88093K(101952K) NonClass: 69700K(75648K)->69700K(75648K) Class: 18392K(26304K)->18392K(26304K)
[90.126s][info][gc          ] GC(65) Pause Full (System.gc()) 1823M->1823M(6144M) 795.864ms
[90.947s][info][gc,metaspace] GC(66) Metaspace: 88093K(101952K)->88093K(101952K) NonClass: 69700K(75648K)->69700K(75648K) Class: 18392K(26304K)->18392K(26304K)
[90.947s][info][gc          ] GC(66) Pause Full (System.gc()) 1823M->1823M(6144M) 821.423ms
[91.795s][info][gc,metaspace] GC(67) Metaspace: 88093K(101952K)->88093K(101952K) NonClass: 69700K(75648K)->69700K(75648K) Class: 18392K(26304K)->18392K(26304K)
[91.795s][info][gc          ] GC(67) Pause Full (System.gc()) 1823M->1823M(6144M) 847.928ms
[92.597s][info][gc,metaspace] GC(68) Metaspace: 88093K(101952K)->88093K(101952K) NonClass: 69700K(75648K)->69700K(75648K) Class: 18392K(26304K)->18392K(26304K)
[92.597s][info][gc          ] GC(68) Pause Full (System.gc()) 1823M->1823M(6144M) 802.114ms
[93.434s][info][gc,metaspace] GC(69) Metaspace: 88093K(101952K)->88093K(101952K) NonClass: 69700K(75648K)->69700K(75648K) Class: 18392K(26304K)->18392K(26304K)
[93.434s][info][gc          ] GC(69) Pause Full (System.gc()) 1823M->1823M(6144M) 836.396ms
[94.274s][info][gc,metaspace] GC(70) Metaspace: 88093K(101952K)->88093K(101952K) NonClass: 69700K(75648K)->69700K(75648K) Class: 18392K(26304K)->18392K(26304K)
[94.274s][info][gc          ] GC(70) Pause Full (System.gc()) 1823M->1823M(6144M) 840.688ms
After GCs... 
