Done; will start GCs... 
[63.231s][info][gc,metaspace] GC(33) Metaspace: 89890K(103744K)->89890K(103744K) NonClass: 63141K(69056K)->63141K(69056K) Class: 26748K(34688K)->26748K(34688K)
[63.231s][info][gc          ] GC(33) Pause Full (System.gc()) 1611M->1607M(6144M) 851.243ms
[64.093s][info][gc,metaspace] GC(34) Metaspace: 89890K(103744K)->89890K(103744K) NonClass: 63141K(69056K)->63141K(69056K) Class: 26748K(34688K)->26748K(34688K)
[64.093s][info][gc          ] GC(34) Pause Full (System.gc()) 1607M->1607M(6144M) 861.893ms
[64.947s][info][gc,metaspace] GC(35) Metaspace: 89890K(103744K)->89890K(103744K) NonClass: 63141K(69056K)->63141K(69056K) Class: 26748K(34688K)->26748K(34688K)
[64.947s][info][gc          ] GC(35) Pause Full (System.gc()) 1607M->1607M(6144M) 854.086ms
[65.812s][info][gc,metaspace] GC(36) Metaspace: 89890K(103744K)->89890K(103744K) NonClass: 63141K(69056K)->63141K(69056K) Class: 26748K(34688K)->26748K(34688K)
[65.812s][info][gc          ] GC(36) Pause Full (System.gc()) 1607M->1607M(6144M) 864.589ms
[66.680s][info][gc,metaspace] GC(37) Metaspace: 89890K(103744K)->89890K(103744K) NonClass: 63141K(69056K)->63141K(69056K) Class: 26748K(34688K)->26748K(34688K)
[66.680s][info][gc          ] GC(37) Pause Full (System.gc()) 1607M->1607M(6144M) 868.666ms
[67.539s][info][gc,metaspace] GC(38) Metaspace: 89890K(103744K)->89890K(103744K) NonClass: 63141K(69056K)->63141K(69056K) Class: 26748K(34688K)->26748K(34688K)
[67.539s][info][gc          ] GC(38) Pause Full (System.gc()) 1607M->1607M(6144M) 858.914ms
[68.390s][info][gc,metaspace] GC(39) Metaspace: 89890K(103744K)->89890K(103744K) NonClass: 63141K(69056K)->63141K(69056K) Class: 26748K(34688K)->26748K(34688K)
[68.390s][info][gc          ] GC(39) Pause Full (System.gc()) 1607M->1607M(6144M) 850.692ms
[69.238s][info][gc,metaspace] GC(40) Metaspace: 89890K(103744K)->89890K(103744K) NonClass: 63141K(69056K)->63141K(69056K) Class: 26748K(34688K)->26748K(34688K)
[69.238s][info][gc          ] GC(40) Pause Full (System.gc()) 1607M->1607M(6144M) 848.027ms
[70.103s][info][gc,metaspace] GC(41) Metaspace: 89890K(103744K)->89890K(103744K) NonClass: 63141K(69056K)->63141K(69056K) Class: 26748K(34688K)->26748K(34688K)
[70.103s][info][gc          ] GC(41) Pause Full (System.gc()) 1607M->1607M(6144M) 864.859ms
[70.947s][info][gc,metaspace] GC(42) Metaspace: 89890K(103744K)->89890K(103744K) NonClass: 63141K(69056K)->63141K(69056K) Class: 26748K(34688K)->26748K(34688K)
[70.947s][info][gc          ] GC(42) Pause Full (System.gc()) 1607M->1607M(6144M) 844.344ms
[71.802s][info][gc,metaspace] GC(43) Metaspace: 89890K(103744K)->89890K(103744K) NonClass: 63141K(69056K)->63141K(69056K) Class: 26748K(34688K)->26748K(34688K)
[71.802s][info][gc          ] GC(43) Pause Full (System.gc()) 1607M->1607M(6144M) 854.084ms
[72.661s][info][gc,metaspace] GC(44) Metaspace: 89890K(103744K)->89890K(103744K) NonClass: 63141K(69056K)->63141K(69056K) Class: 26748K(34688K)->26748K(34688K)
[72.662s][info][gc          ] GC(44) Pause Full (System.gc()) 1607M->1607M(6144M) 859.822ms
[73.525s][info][gc,metaspace] GC(45) Metaspace: 89890K(103744K)->89890K(103744K) NonClass: 63141K(69056K)->63141K(69056K) Class: 26748K(34688K)->26748K(34688K)
[73.525s][info][gc          ] GC(45) Pause Full (System.gc()) 1607M->1607M(6144M) 863.050ms
[74.392s][info][gc,metaspace] GC(46) Metaspace: 89890K(103744K)->89890K(103744K) NonClass: 63141K(69056K)->63141K(69056K) Class: 26748K(34688K)->26748K(34688K)
[74.392s][info][gc          ] GC(46) Pause Full (System.gc()) 1607M->1607M(6144M) 867.569ms
[75.252s][info][gc,metaspace] GC(47) Metaspace: 89890K(103744K)->89890K(103744K) NonClass: 63141K(69056K)->63141K(69056K) Class: 26748K(34688K)->26748K(34688K)
[75.252s][info][gc          ] GC(47) Pause Full (System.gc()) 1607M->1607M(6144M) 859.372ms
[76.144s][info][gc,metaspace] GC(48) Metaspace: 89890K(103744K)->89890K(103744K) NonClass: 63141K(69056K)->63141K(69056K) Class: 26748K(34688K)->26748K(34688K)
[76.144s][info][gc          ] GC(48) Pause Full (System.gc()) 1607M->1607M(6144M) 892.137ms
[76.998s][info][gc,metaspace] GC(49) Metaspace: 89890K(103744K)->89890K(103744K) NonClass: 63141K(69056K)->63141K(69056K) Class: 26748K(34688K)->26748K(34688K)
[76.998s][info][gc          ] GC(49) Pause Full (System.gc()) 1607M->1607M(6144M) 854.039ms
[77.846s][info][gc,metaspace] GC(50) Metaspace: 89890K(103744K)->89890K(103744K) NonClass: 63141K(69056K)->63141K(69056K) Class: 26748K(34688K)->26748K(34688K)
[77.846s][info][gc          ] GC(50) Pause Full (System.gc()) 1607M->1607M(6144M) 847.922ms
[78.716s][info][gc,metaspace] GC(51) Metaspace: 89890K(103744K)->89890K(103744K) NonClass: 63141K(69056K)->63141K(69056K) Class: 26748K(34688K)->26748K(34688K)
[78.716s][info][gc          ] GC(51) Pause Full (System.gc()) 1607M->1607M(6144M) 869.621ms
[79.570s][info][gc,metaspace] GC(52) Metaspace: 89890K(103744K)->89890K(103744K) NonClass: 63141K(69056K)->63141K(69056K) Class: 26748K(34688K)->26748K(34688K)
[79.570s][info][gc          ] GC(52) Pause Full (System.gc()) 1607M->1607M(6144M) 854.472ms
[80.423s][info][gc,metaspace] GC(53) Metaspace: 89890K(103744K)->89890K(103744K) NonClass: 63141K(69056K)->63141K(69056K) Class: 26748K(34688K)->26748K(34688K)
[80.423s][info][gc          ] GC(53) Pause Full (System.gc()) 1607M->1607M(6144M) 853.041ms
[81.293s][info][gc,metaspace] GC(54) Metaspace: 89890K(103744K)->89890K(103744K) NonClass: 63141K(69056K)->63141K(69056K) Class: 26748K(34688K)->26748K(34688K)
[81.293s][info][gc          ] GC(54) Pause Full (System.gc()) 1607M->1607M(6144M) 869.114ms
[82.150s][info][gc,metaspace] GC(55) Metaspace: 89890K(103744K)->89890K(103744K) NonClass: 63141K(69056K)->63141K(69056K) Class: 26748K(34688K)->26748K(34688K)
[82.150s][info][gc          ] GC(55) Pause Full (System.gc()) 1607M->1607M(6144M) 857.296ms
[82.995s][info][gc,metaspace] GC(56) Metaspace: 89890K(103744K)->89890K(103744K) NonClass: 63141K(69056K)->63141K(69056K) Class: 26748K(34688K)->26748K(34688K)
[82.995s][info][gc          ] GC(56) Pause Full (System.gc()) 1607M->1607M(6144M) 844.868ms
[83.864s][info][gc,metaspace] GC(57) Metaspace: 89890K(103744K)->89890K(103744K) NonClass: 63141K(69056K)->63141K(69056K) Class: 26748K(34688K)->26748K(34688K)
[83.864s][info][gc          ] GC(57) Pause Full (System.gc()) 1607M->1607M(6144M) 868.830ms
[84.714s][info][gc,metaspace] GC(58) Metaspace: 89890K(103744K)->89890K(103744K) NonClass: 63141K(69056K)->63141K(69056K) Class: 26748K(34688K)->26748K(34688K)
[84.714s][info][gc          ] GC(58) Pause Full (System.gc()) 1607M->1607M(6144M) 850.096ms
[85.560s][info][gc,metaspace] GC(59) Metaspace: 89890K(103744K)->89890K(103744K) NonClass: 63141K(69056K)->63141K(69056K) Class: 26748K(34688K)->26748K(34688K)
[85.560s][info][gc          ] GC(59) Pause Full (System.gc()) 1607M->1607M(6144M) 845.584ms
[86.441s][info][gc,metaspace] GC(60) Metaspace: 89890K(103744K)->89890K(103744K) NonClass: 63141K(69056K)->63141K(69056K) Class: 26748K(34688K)->26748K(34688K)
[86.441s][info][gc          ] GC(60) Pause Full (System.gc()) 1607M->1607M(6144M) 881.085ms
[87.286s][info][gc,metaspace] GC(61) Metaspace: 89890K(103744K)->89890K(103744K) NonClass: 63141K(69056K)->63141K(69056K) Class: 26748K(34688K)->26748K(34688K)
[87.286s][info][gc          ] GC(61) Pause Full (System.gc()) 1607M->1607M(6144M) 845.354ms
[88.148s][info][gc,metaspace] GC(62) Metaspace: 89890K(103744K)->89890K(103744K) NonClass: 63141K(69056K)->63141K(69056K) Class: 26748K(34688K)->26748K(34688K)
[88.148s][info][gc          ] GC(62) Pause Full (System.gc()) 1607M->1607M(6144M) 861.541ms
[88.994s][info][gc,metaspace] GC(63) Metaspace: 89890K(103744K)->89890K(103744K) NonClass: 63141K(69056K)->63141K(69056K) Class: 26748K(34688K)->26748K(34688K)
[88.994s][info][gc          ] GC(63) Pause Full (System.gc()) 1607M->1607M(6144M) 846.632ms
[89.853s][info][gc,metaspace] GC(64) Metaspace: 89890K(103744K)->89890K(103744K) NonClass: 63141K(69056K)->63141K(69056K) Class: 26748K(34688K)->26748K(34688K)
[89.853s][info][gc          ] GC(64) Pause Full (System.gc()) 1607M->1607M(6144M) 858.058ms
[90.705s][info][gc,metaspace] GC(65) Metaspace: 89890K(103744K)->89890K(103744K) NonClass: 63141K(69056K)->63141K(69056K) Class: 26748K(34688K)->26748K(34688K)
[90.705s][info][gc          ] GC(65) Pause Full (System.gc()) 1607M->1607M(6144M) 851.943ms
[91.564s][info][gc,metaspace] GC(66) Metaspace: 89890K(103744K)->89890K(103744K) NonClass: 63141K(69056K)->63141K(69056K) Class: 26748K(34688K)->26748K(34688K)
[91.564s][info][gc          ] GC(66) Pause Full (System.gc()) 1607M->1607M(6144M) 859.460ms
[92.416s][info][gc,metaspace] GC(67) Metaspace: 89890K(103744K)->89890K(103744K) NonClass: 63141K(69056K)->63141K(69056K) Class: 26748K(34688K)->26748K(34688K)
[92.416s][info][gc          ] GC(67) Pause Full (System.gc()) 1607M->1607M(6144M) 852.243ms
[93.269s][info][gc,metaspace] GC(68) Metaspace: 89890K(103744K)->89890K(103744K) NonClass: 63141K(69056K)->63141K(69056K) Class: 26748K(34688K)->26748K(34688K)
[93.269s][info][gc          ] GC(68) Pause Full (System.gc()) 1607M->1607M(6144M) 852.839ms
[94.149s][info][gc,metaspace] GC(69) Metaspace: 89890K(103744K)->89890K(103744K) NonClass: 63141K(69056K)->63141K(69056K) Class: 26748K(34688K)->26748K(34688K)
[94.149s][info][gc          ] GC(69) Pause Full (System.gc()) 1607M->1607M(6144M) 879.690ms
[95.001s][info][gc,metaspace] GC(70) Metaspace: 89890K(103744K)->89890K(103744K) NonClass: 63141K(69056K)->63141K(69056K) Class: 26748K(34688K)->26748K(34688K)
[95.001s][info][gc          ] GC(70) Pause Full (System.gc()) 1607M->1607M(6144M) 852.258ms
[95.858s][info][gc,metaspace] GC(71) Metaspace: 89890K(103744K)->89890K(103744K) NonClass: 63141K(69056K)->63141K(69056K) Class: 26748K(34688K)->26748K(34688K)
[95.858s][info][gc          ] GC(71) Pause Full (System.gc()) 1607M->1607M(6144M) 856.685ms
[96.716s][info][gc,metaspace] GC(72) Metaspace: 89890K(103744K)->89890K(103744K) NonClass: 63141K(69056K)->63141K(69056K) Class: 26748K(34688K)->26748K(34688K)
[96.716s][info][gc          ] GC(72) Pause Full (System.gc()) 1607M->1607M(6144M) 857.412ms
After GCs... 
