Done; will start GCs... 
[63.103s][info][gc,metaspace] GC(33) Metaspace: 89886K(103744K)->89886K(103744K) NonClass: 63138K(69056K)->63138K(69056K) Class: 26747K(34688K)->26747K(34688K)
[63.103s][info][gc          ] GC(33) Pause Full (System.gc()) 1611M->1607M(6144M) 1099.759ms
[64.224s][info][gc,metaspace] GC(34) Metaspace: 89886K(103744K)->89886K(103744K) NonClass: 63138K(69056K)->63138K(69056K) Class: 26747K(34688K)->26747K(34688K)
[64.224s][info][gc          ] GC(34) Pause Full (System.gc()) 1607M->1607M(6144M) 1117.032ms
[65.338s][info][gc,metaspace] GC(35) Metaspace: 89886K(103744K)->89886K(103744K) NonClass: 63138K(69056K)->63138K(69056K) Class: 26747K(34688K)->26747K(34688K)
[65.338s][info][gc          ] GC(35) Pause Full (System.gc()) 1607M->1607M(6144M) 1113.312ms
[66.465s][info][gc,metaspace] GC(36) Metaspace: 89886K(103744K)->89886K(103744K) NonClass: 63138K(69056K)->63138K(69056K) Class: 26747K(34688K)->26747K(34688K)
[66.465s][info][gc          ] GC(36) Pause Full (System.gc()) 1607M->1607M(6144M) 1127.442ms
[67.587s][info][gc,metaspace] GC(37) Metaspace: 89886K(103744K)->89886K(103744K) NonClass: 63138K(69056K)->63138K(69056K) Class: 26747K(34688K)->26747K(34688K)
[67.588s][info][gc          ] GC(37) Pause Full (System.gc()) 1607M->1607M(6144M) 1122.371ms
[68.720s][info][gc,metaspace] GC(38) Metaspace: 89886K(103744K)->89886K(103744K) NonClass: 63138K(69056K)->63138K(69056K) Class: 26747K(34688K)->26747K(34688K)
[68.720s][info][gc          ] GC(38) Pause Full (System.gc()) 1607M->1607M(6144M) 1132.399ms
[69.819s][info][gc,metaspace] GC(39) Metaspace: 89886K(103744K)->89886K(103744K) NonClass: 63138K(69056K)->63138K(69056K) Class: 26747K(34688K)->26747K(34688K)
[69.819s][info][gc          ] GC(39) Pause Full (System.gc()) 1607M->1607M(6144M) 1098.563ms
[70.920s][info][gc,metaspace] GC(40) Metaspace: 89886K(103744K)->89886K(103744K) NonClass: 63138K(69056K)->63138K(69056K) Class: 26747K(34688K)->26747K(34688K)
[70.920s][info][gc          ] GC(40) Pause Full (System.gc()) 1607M->1607M(6144M) 1101.134ms
[72.011s][info][gc,metaspace] GC(41) Metaspace: 89886K(103744K)->89886K(103744K) NonClass: 63138K(69056K)->63138K(69056K) Class: 26747K(34688K)->26747K(34688K)
[72.011s][info][gc          ] GC(41) Pause Full (System.gc()) 1607M->1607M(6144M) 1090.874ms
[73.114s][info][gc,metaspace] GC(42) Metaspace: 89886K(103744K)->89886K(103744K) NonClass: 63138K(69056K)->63138K(69056K) Class: 26747K(34688K)->26747K(34688K)
[73.114s][info][gc          ] GC(42) Pause Full (System.gc()) 1607M->1607M(6144M) 1103.263ms
[74.229s][info][gc,metaspace] GC(43) Metaspace: 89886K(103744K)->89886K(103744K) NonClass: 63138K(69056K)->63138K(69056K) Class: 26747K(34688K)->26747K(34688K)
[74.229s][info][gc          ] GC(43) Pause Full (System.gc()) 1607M->1607M(6144M) 1115.048ms
[75.342s][info][gc,metaspace] GC(44) Metaspace: 89886K(103744K)->89886K(103744K) NonClass: 63138K(69056K)->63138K(69056K) Class: 26747K(34688K)->26747K(34688K)
[75.342s][info][gc          ] GC(44) Pause Full (System.gc()) 1607M->1607M(6144M) 1112.473ms
[76.490s][info][gc,metaspace] GC(45) Metaspace: 89886K(103744K)->89886K(103744K) NonClass: 63138K(69056K)->63138K(69056K) Class: 26747K(34688K)->26747K(34688K)
[76.490s][info][gc          ] GC(45) Pause Full (System.gc()) 1607M->1607M(6144M) 1148.572ms
[77.624s][info][gc,metaspace] GC(46) Metaspace: 89886K(103744K)->89886K(103744K) NonClass: 63138K(69056K)->63138K(69056K) Class: 26747K(34688K)->26747K(34688K)
[77.624s][info][gc          ] GC(46) Pause Full (System.gc()) 1607M->1607M(6144M) 1133.401ms
[78.727s][info][gc,metaspace] GC(47) Metaspace: 89886K(103744K)->89886K(103744K) NonClass: 63138K(69056K)->63138K(69056K) Class: 26747K(34688K)->26747K(34688K)
[78.727s][info][gc          ] GC(47) Pause Full (System.gc()) 1607M->1607M(6144M) 1103.204ms
[79.885s][info][gc,metaspace] GC(48) Metaspace: 89886K(103744K)->89886K(103744K) NonClass: 63138K(69056K)->63138K(69056K) Class: 26747K(34688K)->26747K(34688K)
[79.886s][info][gc          ] GC(48) Pause Full (System.gc()) 1607M->1607M(6144M) 1158.188ms
[80.992s][info][gc,metaspace] GC(49) Metaspace: 89886K(103744K)->89886K(103744K) NonClass: 63138K(69056K)->63138K(69056K) Class: 26747K(34688K)->26747K(34688K)
[80.992s][info][gc          ] GC(49) Pause Full (System.gc()) 1607M->1607M(6144M) 1106.787ms
[82.086s][info][gc,metaspace] GC(50) Metaspace: 89886K(103744K)->89886K(103744K) NonClass: 63138K(69056K)->63138K(69056K) Class: 26747K(34688K)->26747K(34688K)
[82.086s][info][gc          ] GC(50) Pause Full (System.gc()) 1607M->1607M(6144M) 1093.155ms
[83.182s][info][gc,metaspace] GC(51) Metaspace: 89886K(103744K)->89886K(103744K) NonClass: 63138K(69056K)->63138K(69056K) Class: 26747K(34688K)->26747K(34688K)
[83.182s][info][gc          ] GC(51) Pause Full (System.gc()) 1607M->1607M(6144M) 1096.322ms
[84.297s][info][gc,metaspace] GC(52) Metaspace: 89886K(103744K)->89886K(103744K) NonClass: 63138K(69056K)->63138K(69056K) Class: 26747K(34688K)->26747K(34688K)
[84.297s][info][gc          ] GC(52) Pause Full (System.gc()) 1607M->1607M(6144M) 1114.717ms
[85.418s][info][gc,metaspace] GC(53) Metaspace: 89886K(103744K)->89886K(103744K) NonClass: 63138K(69056K)->63138K(69056K) Class: 26747K(34688K)->26747K(34688K)
[85.418s][info][gc          ] GC(53) Pause Full (System.gc()) 1607M->1607M(6144M) 1120.820ms
[86.535s][info][gc,metaspace] GC(54) Metaspace: 89886K(103744K)->89886K(103744K) NonClass: 63138K(69056K)->63138K(69056K) Class: 26747K(34688K)->26747K(34688K)
[86.535s][info][gc          ] GC(54) Pause Full (System.gc()) 1607M->1607M(6144M) 1112.844ms
[87.663s][info][gc,metaspace] GC(55) Metaspace: 89886K(103744K)->89886K(103744K) NonClass: 63138K(69056K)->63138K(69056K) Class: 26747K(34688K)->26747K(34688K)
[87.663s][info][gc          ] GC(55) Pause Full (System.gc()) 1607M->1607M(6144M) 1128.391ms
[88.791s][info][gc,metaspace] GC(56) Metaspace: 89886K(103744K)->89886K(103744K) NonClass: 63138K(69056K)->63138K(69056K) Class: 26747K(34688K)->26747K(34688K)
[88.791s][info][gc          ] GC(56) Pause Full (System.gc()) 1607M->1607M(6144M) 1127.863ms
[89.913s][info][gc,metaspace] GC(57) Metaspace: 89886K(103744K)->89886K(103744K) NonClass: 63138K(69056K)->63138K(69056K) Class: 26747K(34688K)->26747K(34688K)
[89.913s][info][gc          ] GC(57) Pause Full (System.gc()) 1607M->1607M(6144M) 1121.635ms
[91.029s][info][gc,metaspace] GC(58) Metaspace: 89886K(103744K)->89886K(103744K) NonClass: 63138K(69056K)->63138K(69056K) Class: 26747K(34688K)->26747K(34688K)
[91.029s][info][gc          ] GC(58) Pause Full (System.gc()) 1607M->1607M(6144M) 1116.353ms
[92.125s][info][gc,metaspace] GC(59) Metaspace: 89886K(103744K)->89886K(103744K) NonClass: 63138K(69056K)->63138K(69056K) Class: 26747K(34688K)->26747K(34688K)
[92.125s][info][gc          ] GC(59) Pause Full (System.gc()) 1607M->1607M(6144M) 1095.946ms
[93.255s][info][gc,metaspace] GC(60) Metaspace: 89886K(103744K)->89886K(103744K) NonClass: 63138K(69056K)->63138K(69056K) Class: 26747K(34688K)->26747K(34688K)
[93.255s][info][gc          ] GC(60) Pause Full (System.gc()) 1607M->1607M(6144M) 1129.557ms
[94.410s][info][gc,metaspace] GC(61) Metaspace: 89886K(103744K)->89886K(103744K) NonClass: 63138K(69056K)->63138K(69056K) Class: 26747K(34688K)->26747K(34688K)
[94.410s][info][gc          ] GC(61) Pause Full (System.gc()) 1607M->1607M(6144M) 1155.171ms
[95.524s][info][gc,metaspace] GC(62) Metaspace: 89886K(103744K)->89886K(103744K) NonClass: 63138K(69056K)->63138K(69056K) Class: 26747K(34688K)->26747K(34688K)
[95.524s][info][gc          ] GC(62) Pause Full (System.gc()) 1607M->1607M(6144M) 1114.102ms
[96.651s][info][gc,metaspace] GC(63) Metaspace: 89886K(103744K)->89886K(103744K) NonClass: 63138K(69056K)->63138K(69056K) Class: 26747K(34688K)->26747K(34688K)
[96.651s][info][gc          ] GC(63) Pause Full (System.gc()) 1607M->1607M(6144M) 1126.062ms
[97.784s][info][gc,metaspace] GC(64) Metaspace: 89886K(103744K)->89886K(103744K) NonClass: 63138K(69056K)->63138K(69056K) Class: 26747K(34688K)->26747K(34688K)
[97.784s][info][gc          ] GC(64) Pause Full (System.gc()) 1607M->1607M(6144M) 1133.748ms
[98.885s][info][gc,metaspace] GC(65) Metaspace: 89886K(103744K)->89886K(103744K) NonClass: 63138K(69056K)->63138K(69056K) Class: 26747K(34688K)->26747K(34688K)
[98.885s][info][gc          ] GC(65) Pause Full (System.gc()) 1607M->1607M(6144M) 1100.910ms
[99.992s][info][gc,metaspace] GC(66) Metaspace: 89886K(103744K)->89886K(103744K) NonClass: 63138K(69056K)->63138K(69056K) Class: 26747K(34688K)->26747K(34688K)
[99.992s][info][gc          ] GC(66) Pause Full (System.gc()) 1607M->1607M(6144M) 1106.615ms
[101.079s][info][gc,metaspace] GC(67) Metaspace: 89886K(103744K)->89886K(103744K) NonClass: 63138K(69056K)->63138K(69056K) Class: 26747K(34688K)->26747K(34688K)
[101.079s][info][gc          ] GC(67) Pause Full (System.gc()) 1607M->1607M(6144M) 1086.602ms
[102.212s][info][gc,metaspace] GC(68) Metaspace: 89886K(103744K)->89886K(103744K) NonClass: 63138K(69056K)->63138K(69056K) Class: 26747K(34688K)->26747K(34688K)
[102.212s][info][gc          ] GC(68) Pause Full (System.gc()) 1607M->1607M(6144M) 1133.236ms
[103.338s][info][gc,metaspace] GC(69) Metaspace: 89886K(103744K)->89886K(103744K) NonClass: 63138K(69056K)->63138K(69056K) Class: 26747K(34688K)->26747K(34688K)
[103.338s][info][gc          ] GC(69) Pause Full (System.gc()) 1607M->1607M(6144M) 1125.743ms
[104.479s][info][gc,metaspace] GC(70) Metaspace: 89886K(103744K)->89886K(103744K) NonClass: 63138K(69056K)->63138K(69056K) Class: 26747K(34688K)->26747K(34688K)
[104.479s][info][gc          ] GC(70) Pause Full (System.gc()) 1607M->1607M(6144M) 1141.224ms
[105.624s][info][gc,metaspace] GC(71) Metaspace: 89886K(103744K)->89886K(103744K) NonClass: 63138K(69056K)->63138K(69056K) Class: 26747K(34688K)->26747K(34688K)
[105.624s][info][gc          ] GC(71) Pause Full (System.gc()) 1607M->1607M(6144M) 1144.963ms
[106.726s][info][gc,metaspace] GC(72) Metaspace: 89886K(103744K)->89886K(103744K) NonClass: 63138K(69056K)->63138K(69056K) Class: 26747K(34688K)->26747K(34688K)
[106.726s][info][gc          ] GC(72) Pause Full (System.gc()) 1607M->1607M(6144M) 1102.099ms
After GCs... 
