[0.002s][info][metaspace]  - commit_granule_bytes: 65536.
[0.002s][info][metaspace]  - commit_granule_words: 8192.
[0.002s][info][metaspace]  - virtual_space_node_default_size: 8388608.
[0.002s][info][metaspace]  - enlarge_chunks_in_place: 1.
[0.002s][info][metaspace]  - use_allocation_guard: 0.
[0.004s][info][gc       ] Using G1
[0.331s][info][metaspace] Reserving compressed class space anywhere
[0.331s][info][gc,metaspace] CDS archive(s) not mapped
[0.331s][info][gc,metaspace] Compressed class space mapped at: 0x0000000010000000-0x00000000d0000000, reserved size: 3221225472
[0.331s][info][gc,metaspace] UseCompressedClassPointers 1, UseCompactObjectHeaders 1, narrow klass pointer bits 22, max shift 10
[0.331s][info][gc,metaspace] Narrow klass base: 0x0000000010000000, Narrow klass shift: 10, Narrow klass range: 0xc0000000
Random Seed: 12345678
Num Classes: 16384
Num Objects: 67108864
Percent IK Objects: 83.0%)
Percent OAK Objects: 5.0%)
Percent TAK Objects: 12.0%)
Cycles: 40
Loading 16384 pre-generated classes ...
Materialize pre-generated constructors ...
Creating objects...
[1.059s][info][gc,metaspace] GC(0) Metaspace: 36841K(37184K)->36841K(37184K) NonClass: 18675K(18880K)->18675K(18880K) Class: 18165K(18304K)->18165K(18304K)
[1.059s][info][gc          ] GC(0) Pause Full (System.gc()) 70M->11M(6144M) 20.952ms
[1.753s][info][gc,metaspace] GC(1) Metaspace: 37678K(38016K)->37678K(38016K) NonClass: 19513K(19712K)->19513K(19712K) Class: 18165K(18304K)->18165K(18304K)
[1.753s][info][gc          ] GC(1) Pause Young (Normal) (G1 Evacuation Pause) 575M->301M(6144M) 26.835ms
[2.303s][info][gc,metaspace] GC(2) Metaspace: 39978K(41408K)->39978K(41408K) NonClass: 21246K(22016K)->21246K(22016K) Class: 18732K(19392K)->18732K(19392K)
[2.303s][info][gc          ] GC(2) Pause Young (Normal) (G1 Evacuation Pause) 573M->323M(6144M) 35.985ms
[2.887s][info][gc,metaspace] GC(3) Metaspace: 52197K(60288K)->52197K(60288K) NonClass: 30168K(34624K)->30168K(34624K) Class: 22029K(25664K)->22029K(25664K)
[2.887s][info][gc          ] GC(3) Pause Young (Normal) (G1 Evacuation Pause) 603M->329M(6144M) 18.310ms
[3.413s][info][gc,metaspace] GC(4) Metaspace: 65060K(80256K)->65060K(80256K) NonClass: 39556K(47936K)->39556K(47936K) Class: 25504K(32320K)->25504K(32320K)
[3.413s][info][gc          ] GC(4) Pause Young (Normal) (G1 Evacuation Pause) 605M->340M(6144M) 24.688ms
[4.441s][info][gc,metaspace] GC(5) Metaspace: 69662K(87360K)->69662K(87360K) NonClass: 42914K(52672K)->42914K(52672K) Class: 26747K(34688K)->26747K(34688K)
[4.441s][info][gc          ] GC(5) Pause Young (Normal) (G1 Evacuation Pause) 624M->357M(6144M) 26.875ms
[5.747s][info][gc,metaspace] GC(6) Metaspace: 69662K(87360K)->69662K(87360K) NonClass: 42914K(52672K)->42914K(52672K) Class: 26747K(34688K)->26747K(34688K)
[5.747s][info][gc          ] GC(6) Pause Young (Normal) (G1 Evacuation Pause) 625M->379M(6144M) 38.906ms
[7.028s][info][gc,metaspace] GC(7) Metaspace: 69662K(87360K)->69662K(87360K) NonClass: 42914K(52672K)->42914K(52672K) Class: 26747K(34688K)->26747K(34688K)
[7.028s][info][gc          ] GC(7) Pause Young (Normal) (G1 Evacuation Pause) 643M->406M(6144M) 47.989ms
[8.421s][info][gc,metaspace] GC(8) Metaspace: 71567K(88896K)->71567K(88896K) NonClass: 44819K(54208K)->44819K(54208K) Class: 26747K(34688K)->26747K(34688K)
[8.421s][info][gc          ] GC(8) Pause Young (Normal) (G1 Evacuation Pause) 698M->433M(6144M) 32.377ms
[9.816s][info][gc,metaspace] GC(9) Metaspace: 82120K(97408K)->82120K(97408K) NonClass: 55373K(62720K)->55373K(62720K) Class: 26747K(34688K)->26747K(34688K)
[9.816s][info][gc          ] GC(9) Pause Young (Concurrent Start) (CodeCache GC Threshold) 727M->458M(6144M) 35.317ms
[9.816s][info][gc          ] GC(10) Concurrent Mark Cycle
[10.137s][info][gc          ] GC(10) Pause Remark 532M->532M(6144M) 9.193ms
[10.365s][info][gc          ] GC(10) Pause Cleanup 580M->580M(6144M) 0.030ms
[10.372s][info][gc          ] GC(10) Concurrent Mark Cycle 555.964ms
[11.254s][info][gc,metaspace] GC(11) Metaspace: 83539K(98560K)->83539K(98560K) NonClass: 56791K(63872K)->56791K(63872K) Class: 26747K(34688K)->26747K(34688K)
[11.254s][info][gc          ] GC(11) Pause Young (Prepare Mixed) (G1 Evacuation Pause) 794M->484M(6144M) 56.007ms
[12.621s][info][gc,metaspace] GC(12) Metaspace: 89500K(103424K)->89500K(103424K) NonClass: 62752K(68736K)->62752K(68736K) Class: 26747K(34688K)->26747K(34688K)
[12.621s][info][gc          ] GC(12) Pause Young (Mixed) (G1 Evacuation Pause) 832M->519M(6144M) 100.480ms
[14.251s][info][gc,metaspace] GC(13) Metaspace: 89780K(103616K)->89780K(103616K) NonClass: 63032K(68928K)->63032K(68928K) Class: 26747K(34688K)->26747K(34688K)
[14.251s][info][gc          ] GC(13) Pause Young (Mixed) (G1 Evacuation Pause) 915M->553M(6144M) 49.678ms
[15.620s][info][gc,metaspace] GC(14) Metaspace: 89886K(103744K)->89886K(103744K) NonClass: 63138K(69056K)->63138K(69056K) Class: 26747K(34688K)->26747K(34688K)
[15.620s][info][gc          ] GC(14) Pause Young (Normal) (G1 Evacuation Pause) 961M->589M(6144M) 85.848ms
[17.352s][info][gc,metaspace] GC(15) Metaspace: 89886K(103744K)->89886K(103744K) NonClass: 63138K(69056K)->63138K(69056K) Class: 26747K(34688K)->26747K(34688K)
[17.352s][info][gc          ] GC(15) Pause Young (Normal) (G1 Evacuation Pause) 1041M->632M(6144M) 52.231ms
[19.025s][info][gc,metaspace] GC(16) Metaspace: 89886K(103744K)->89886K(103744K) NonClass: 63138K(69056K)->63138K(69056K) Class: 26747K(34688K)->26747K(34688K)
[19.025s][info][gc          ] GC(16) Pause Young (Normal) (G1 Evacuation Pause) 1116M->674M(6144M) 60.185ms
[20.810s][info][gc,metaspace] GC(17) Metaspace: 89886K(103744K)->89886K(103744K) NonClass: 63138K(69056K)->63138K(69056K) Class: 26747K(34688K)->26747K(34688K)
[20.810s][info][gc          ] GC(17) Pause Young (Normal) (G1 Evacuation Pause) 1206M->725M(6144M) 61.961ms
[22.783s][info][gc,metaspace] GC(18) Metaspace: 89886K(103744K)->89886K(103744K) NonClass: 63138K(69056K)->63138K(69056K) Class: 26747K(34688K)->26747K(34688K)
[22.783s][info][gc          ] GC(18) Pause Young (Normal) (G1 Evacuation Pause) 1297M->774M(6144M) 69.824ms
[24.909s][info][gc,metaspace] GC(19) Metaspace: 89886K(103744K)->89886K(103744K) NonClass: 63138K(69056K)->63138K(69056K) Class: 26747K(34688K)->26747K(34688K)
[24.909s][info][gc          ] GC(19) Pause Young (Normal) (G1 Evacuation Pause) 1398M->827M(6144M) 72.863ms
[27.224s][info][gc,metaspace] GC(20) Metaspace: 89886K(103744K)->89886K(103744K) NonClass: 63138K(69056K)->63138K(69056K) Class: 26747K(34688K)->26747K(34688K)
[27.224s][info][gc          ] GC(20) Pause Young (Normal) (G1 Evacuation Pause) 1499M->889M(6144M) 83.448ms
[29.718s][info][gc,metaspace] GC(21) Metaspace: 89886K(103744K)->89886K(103744K) NonClass: 63138K(69056K)->63138K(69056K) Class: 26747K(34688K)->26747K(34688K)
[29.718s][info][gc          ] GC(21) Pause Young (Normal) (G1 Evacuation Pause) 1605M->958M(6144M) 87.808ms
[32.254s][info][gc,metaspace] GC(22) Metaspace: 89886K(103744K)->89886K(103744K) NonClass: 63138K(69056K)->63138K(69056K) Class: 26747K(34688K)->26747K(34688K)
[32.254s][info][gc          ] GC(22) Pause Young (Normal) (G1 Evacuation Pause) 1714M->1025M(6144M) 91.545ms
[34.979s][info][gc,metaspace] GC(23) Metaspace: 89886K(103744K)->89886K(103744K) NonClass: 63138K(69056K)->63138K(69056K) Class: 26747K(34688K)->26747K(34688K)
[34.979s][info][gc          ] GC(23) Pause Young (Normal) (G1 Evacuation Pause) 1833M->1095M(6144M) 98.762ms
[37.874s][info][gc,metaspace] GC(24) Metaspace: 89886K(103744K)->89886K(103744K) NonClass: 63138K(69056K)->63138K(69056K) Class: 26747K(34688K)->26747K(34688K)
[37.874s][info][gc          ] GC(24) Pause Young (Normal) (G1 Evacuation Pause) 1943M->1175M(6144M) 98.708ms
[40.934s][info][gc,metaspace] GC(25) Metaspace: 89886K(103744K)->89886K(103744K) NonClass: 63138K(69056K)->63138K(69056K) Class: 26747K(34688K)->26747K(34688K)
[40.934s][info][gc          ] GC(25) Pause Young (Normal) (G1 Evacuation Pause) 2071M->1255M(6144M) 108.447ms
[44.112s][info][gc,metaspace] GC(26) Metaspace: 89886K(103744K)->89886K(103744K) NonClass: 63138K(69056K)->63138K(69056K) Class: 26747K(34688K)->26747K(34688K)
[44.112s][info][gc          ] GC(26) Pause Young (Normal) (G1 Evacuation Pause) 2183M->1335M(6144M) 112.835ms
[47.354s][info][gc,metaspace] GC(27) Metaspace: 89886K(103744K)->89886K(103744K) NonClass: 63138K(69056K)->63138K(69056K) Class: 26747K(34688K)->26747K(34688K)
[47.354s][info][gc          ] GC(27) Pause Young (Normal) (G1 Evacuation Pause) 2303M->1417M(6144M) 118.092ms
[50.855s][info][gc,metaspace] GC(28) Metaspace: 89886K(103744K)->89886K(103744K) NonClass: 63138K(69056K)->63138K(69056K) Class: 26747K(34688K)->26747K(34688K)
[50.855s][info][gc          ] GC(28) Pause Young (Normal) (G1 Evacuation Pause) 2433M->1507M(6144M) 126.281ms
[54.336s][info][gc,metaspace] GC(29) Metaspace: 89886K(103744K)->89886K(103744K) NonClass: 63138K(69056K)->63138K(69056K) Class: 26747K(34688K)->26747K(34688K)
[54.336s][info][gc          ] GC(29) Pause Young (Normal) (G1 Evacuation Pause) 2543M->1599M(6144M) 124.039ms
[58.067s][info][gc,metaspace] GC(30) Metaspace: 89886K(103744K)->89886K(103744K) NonClass: 63138K(69056K)->63138K(69056K) Class: 26747K(34688K)->26747K(34688K)
[58.067s][info][gc          ] GC(30) Pause Young (Normal) (G1 Evacuation Pause) 2675M->1693M(6144M) 126.587ms
67108864 Objects created
 - IK: 55699211 (82.99829%)
 - OAK: 3355627 (5.0002737%)
 - TAK: 8054026 (12.001434%)
Preparatory GC...
[60.907s][info][gc,metaspace] GC(31) Metaspace: 89886K(103744K)->89886K(103744K) NonClass: 63138K(69056K)->63138K(69056K) Class: 26747K(34688K)->26747K(34688K)
[60.907s][info][gc          ] GC(31) Pause Full (System.gc()) 2165M->1607M(6144M) 1249.628ms
[62.003s][info][gc,metaspace] GC(32) Metaspace: 89886K(103744K)->89886K(103744K) NonClass: 63138K(69056K)->63138K(69056K) Class: 26747K(34688K)->26747K(34688K)
[62.003s][info][gc          ] GC(32) Pause Full (System.gc()) 1607M->1607M(6144M) 1095.244ms
Done; will start GCs... 
[63.103s][info][gc,metaspace] GC(33) Metaspace: 89886K(103744K)->89886K(103744K) NonClass: 63138K(69056K)->63138K(69056K) Class: 26747K(34688K)->26747K(34688K)
[63.103s][info][gc          ] GC(33) Pause Full (System.gc()) 1611M->1607M(6144M) 1099.759ms
[64.224s][info][gc,metaspace] GC(34) Metaspace: 89886K(103744K)->89886K(103744K) NonClass: 63138K(69056K)->63138K(69056K) Class: 26747K(34688K)->26747K(34688K)
[64.224s][info][gc          ] GC(34) Pause Full (System.gc()) 1607M->1607M(6144M) 1117.032ms
[65.338s][info][gc,metaspace] GC(35) Metaspace: 89886K(103744K)->89886K(103744K) NonClass: 63138K(69056K)->63138K(69056K) Class: 26747K(34688K)->26747K(34688K)
[65.338s][info][gc          ] GC(35) Pause Full (System.gc()) 1607M->1607M(6144M) 1113.312ms
[66.465s][info][gc,metaspace] GC(36) Metaspace: 89886K(103744K)->89886K(103744K) NonClass: 63138K(69056K)->63138K(69056K) Class: 26747K(34688K)->26747K(34688K)
[66.465s][info][gc          ] GC(36) Pause Full (System.gc()) 1607M->1607M(6144M) 1127.442ms
[67.587s][info][gc,metaspace] GC(37) Metaspace: 89886K(103744K)->89886K(103744K) NonClass: 63138K(69056K)->63138K(69056K) Class: 26747K(34688K)->26747K(34688K)
[67.588s][info][gc          ] GC(37) Pause Full (System.gc()) 1607M->1607M(6144M) 1122.371ms
[68.720s][info][gc,metaspace] GC(38) Metaspace: 89886K(103744K)->89886K(103744K) NonClass: 63138K(69056K)->63138K(69056K) Class: 26747K(34688K)->26747K(34688K)
[68.720s][info][gc          ] GC(38) Pause Full (System.gc()) 1607M->1607M(6144M) 1132.399ms
[69.819s][info][gc,metaspace] GC(39) Metaspace: 89886K(103744K)->89886K(103744K) NonClass: 63138K(69056K)->63138K(69056K) Class: 26747K(34688K)->26747K(34688K)
[69.819s][info][gc          ] GC(39) Pause Full (System.gc()) 1607M->1607M(6144M) 1098.563ms
[70.920s][info][gc,metaspace] GC(40) Metaspace: 89886K(103744K)->89886K(103744K) NonClass: 63138K(69056K)->63138K(69056K) Class: 26747K(34688K)->26747K(34688K)
[70.920s][info][gc          ] GC(40) Pause Full (System.gc()) 1607M->1607M(6144M) 1101.134ms
[72.011s][info][gc,metaspace] GC(41) Metaspace: 89886K(103744K)->89886K(103744K) NonClass: 63138K(69056K)->63138K(69056K) Class: 26747K(34688K)->26747K(34688K)
[72.011s][info][gc          ] GC(41) Pause Full (System.gc()) 1607M->1607M(6144M) 1090.874ms
[73.114s][info][gc,metaspace] GC(42) Metaspace: 89886K(103744K)->89886K(103744K) NonClass: 63138K(69056K)->63138K(69056K) Class: 26747K(34688K)->26747K(34688K)
[73.114s][info][gc          ] GC(42) Pause Full (System.gc()) 1607M->1607M(6144M) 1103.263ms
[74.229s][info][gc,metaspace] GC(43) Metaspace: 89886K(103744K)->89886K(103744K) NonClass: 63138K(69056K)->63138K(69056K) Class: 26747K(34688K)->26747K(34688K)
[74.229s][info][gc          ] GC(43) Pause Full (System.gc()) 1607M->1607M(6144M) 1115.048ms
[75.342s][info][gc,metaspace] GC(44) Metaspace: 89886K(103744K)->89886K(103744K) NonClass: 63138K(69056K)->63138K(69056K) Class: 26747K(34688K)->26747K(34688K)
[75.342s][info][gc          ] GC(44) Pause Full (System.gc()) 1607M->1607M(6144M) 1112.473ms
[76.490s][info][gc,metaspace] GC(45) Metaspace: 89886K(103744K)->89886K(103744K) NonClass: 63138K(69056K)->63138K(69056K) Class: 26747K(34688K)->26747K(34688K)
[76.490s][info][gc          ] GC(45) Pause Full (System.gc()) 1607M->1607M(6144M) 1148.572ms
[77.624s][info][gc,metaspace] GC(46) Metaspace: 89886K(103744K)->89886K(103744K) NonClass: 63138K(69056K)->63138K(69056K) Class: 26747K(34688K)->26747K(34688K)
[77.624s][info][gc          ] GC(46) Pause Full (System.gc()) 1607M->1607M(6144M) 1133.401ms
[78.727s][info][gc,metaspace] GC(47) Metaspace: 89886K(103744K)->89886K(103744K) NonClass: 63138K(69056K)->63138K(69056K) Class: 26747K(34688K)->26747K(34688K)
[78.727s][info][gc          ] GC(47) Pause Full (System.gc()) 1607M->1607M(6144M) 1103.204ms
[79.885s][info][gc,metaspace] GC(48) Metaspace: 89886K(103744K)->89886K(103744K) NonClass: 63138K(69056K)->63138K(69056K) Class: 26747K(34688K)->26747K(34688K)
[79.886s][info][gc          ] GC(48) Pause Full (System.gc()) 1607M->1607M(6144M) 1158.188ms
[80.992s][info][gc,metaspace] GC(49) Metaspace: 89886K(103744K)->89886K(103744K) NonClass: 63138K(69056K)->63138K(69056K) Class: 26747K(34688K)->26747K(34688K)
[80.992s][info][gc          ] GC(49) Pause Full (System.gc()) 1607M->1607M(6144M) 1106.787ms
[82.086s][info][gc,metaspace] GC(50) Metaspace: 89886K(103744K)->89886K(103744K) NonClass: 63138K(69056K)->63138K(69056K) Class: 26747K(34688K)->26747K(34688K)
[82.086s][info][gc          ] GC(50) Pause Full (System.gc()) 1607M->1607M(6144M) 1093.155ms
[83.182s][info][gc,metaspace] GC(51) Metaspace: 89886K(103744K)->89886K(103744K) NonClass: 63138K(69056K)->63138K(69056K) Class: 26747K(34688K)->26747K(34688K)
[83.182s][info][gc          ] GC(51) Pause Full (System.gc()) 1607M->1607M(6144M) 1096.322ms
[84.297s][info][gc,metaspace] GC(52) Metaspace: 89886K(103744K)->89886K(103744K) NonClass: 63138K(69056K)->63138K(69056K) Class: 26747K(34688K)->26747K(34688K)
[84.297s][info][gc          ] GC(52) Pause Full (System.gc()) 1607M->1607M(6144M) 1114.717ms
[85.418s][info][gc,metaspace] GC(53) Metaspace: 89886K(103744K)->89886K(103744K) NonClass: 63138K(69056K)->63138K(69056K) Class: 26747K(34688K)->26747K(34688K)
[85.418s][info][gc          ] GC(53) Pause Full (System.gc()) 1607M->1607M(6144M) 1120.820ms
[86.535s][info][gc,metaspace] GC(54) Metaspace: 89886K(103744K)->89886K(103744K) NonClass: 63138K(69056K)->63138K(69056K) Class: 26747K(34688K)->26747K(34688K)
[86.535s][info][gc          ] GC(54) Pause Full (System.gc()) 1607M->1607M(6144M) 1112.844ms
[87.663s][info][gc,metaspace] GC(55) Metaspace: 89886K(103744K)->89886K(103744K) NonClass: 63138K(69056K)->63138K(69056K) Class: 26747K(34688K)->26747K(34688K)
[87.663s][info][gc          ] GC(55) Pause Full (System.gc()) 1607M->1607M(6144M) 1128.391ms
[88.791s][info][gc,metaspace] GC(56) Metaspace: 89886K(103744K)->89886K(103744K) NonClass: 63138K(69056K)->63138K(69056K) Class: 26747K(34688K)->26747K(34688K)
[88.791s][info][gc          ] GC(56) Pause Full (System.gc()) 1607M->1607M(6144M) 1127.863ms
[89.913s][info][gc,metaspace] GC(57) Metaspace: 89886K(103744K)->89886K(103744K) NonClass: 63138K(69056K)->63138K(69056K) Class: 26747K(34688K)->26747K(34688K)
[89.913s][info][gc          ] GC(57) Pause Full (System.gc()) 1607M->1607M(6144M) 1121.635ms
[91.029s][info][gc,metaspace] GC(58) Metaspace: 89886K(103744K)->89886K(103744K) NonClass: 63138K(69056K)->63138K(69056K) Class: 26747K(34688K)->26747K(34688K)
[91.029s][info][gc          ] GC(58) Pause Full (System.gc()) 1607M->1607M(6144M) 1116.353ms
[92.125s][info][gc,metaspace] GC(59) Metaspace: 89886K(103744K)->89886K(103744K) NonClass: 63138K(69056K)->63138K(69056K) Class: 26747K(34688K)->26747K(34688K)
[92.125s][info][gc          ] GC(59) Pause Full (System.gc()) 1607M->1607M(6144M) 1095.946ms
[93.255s][info][gc,metaspace] GC(60) Metaspace: 89886K(103744K)->89886K(103744K) NonClass: 63138K(69056K)->63138K(69056K) Class: 26747K(34688K)->26747K(34688K)
[93.255s][info][gc          ] GC(60) Pause Full (System.gc()) 1607M->1607M(6144M) 1129.557ms
[94.410s][info][gc,metaspace] GC(61) Metaspace: 89886K(103744K)->89886K(103744K) NonClass: 63138K(69056K)->63138K(69056K) Class: 26747K(34688K)->26747K(34688K)
[94.410s][info][gc          ] GC(61) Pause Full (System.gc()) 1607M->1607M(6144M) 1155.171ms
[95.524s][info][gc,metaspace] GC(62) Metaspace: 89886K(103744K)->89886K(103744K) NonClass: 63138K(69056K)->63138K(69056K) Class: 26747K(34688K)->26747K(34688K)
[95.524s][info][gc          ] GC(62) Pause Full (System.gc()) 1607M->1607M(6144M) 1114.102ms
[96.651s][info][gc,metaspace] GC(63) Metaspace: 89886K(103744K)->89886K(103744K) NonClass: 63138K(69056K)->63138K(69056K) Class: 26747K(34688K)->26747K(34688K)
[96.651s][info][gc          ] GC(63) Pause Full (System.gc()) 1607M->1607M(6144M) 1126.062ms
[97.784s][info][gc,metaspace] GC(64) Metaspace: 89886K(103744K)->89886K(103744K) NonClass: 63138K(69056K)->63138K(69056K) Class: 26747K(34688K)->26747K(34688K)
[97.784s][info][gc          ] GC(64) Pause Full (System.gc()) 1607M->1607M(6144M) 1133.748ms
[98.885s][info][gc,metaspace] GC(65) Metaspace: 89886K(103744K)->89886K(103744K) NonClass: 63138K(69056K)->63138K(69056K) Class: 26747K(34688K)->26747K(34688K)
[98.885s][info][gc          ] GC(65) Pause Full (System.gc()) 1607M->1607M(6144M) 1100.910ms
[99.992s][info][gc,metaspace] GC(66) Metaspace: 89886K(103744K)->89886K(103744K) NonClass: 63138K(69056K)->63138K(69056K) Class: 26747K(34688K)->26747K(34688K)
[99.992s][info][gc          ] GC(66) Pause Full (System.gc()) 1607M->1607M(6144M) 1106.615ms
[101.079s][info][gc,metaspace] GC(67) Metaspace: 89886K(103744K)->89886K(103744K) NonClass: 63138K(69056K)->63138K(69056K) Class: 26747K(34688K)->26747K(34688K)
[101.079s][info][gc          ] GC(67) Pause Full (System.gc()) 1607M->1607M(6144M) 1086.602ms
[102.212s][info][gc,metaspace] GC(68) Metaspace: 89886K(103744K)->89886K(103744K) NonClass: 63138K(69056K)->63138K(69056K) Class: 26747K(34688K)->26747K(34688K)
[102.212s][info][gc          ] GC(68) Pause Full (System.gc()) 1607M->1607M(6144M) 1133.236ms
[103.338s][info][gc,metaspace] GC(69) Metaspace: 89886K(103744K)->89886K(103744K) NonClass: 63138K(69056K)->63138K(69056K) Class: 26747K(34688K)->26747K(34688K)
[103.338s][info][gc          ] GC(69) Pause Full (System.gc()) 1607M->1607M(6144M) 1125.743ms
[104.479s][info][gc,metaspace] GC(70) Metaspace: 89886K(103744K)->89886K(103744K) NonClass: 63138K(69056K)->63138K(69056K) Class: 26747K(34688K)->26747K(34688K)
[104.479s][info][gc          ] GC(70) Pause Full (System.gc()) 1607M->1607M(6144M) 1141.224ms
[105.624s][info][gc,metaspace] GC(71) Metaspace: 89886K(103744K)->89886K(103744K) NonClass: 63138K(69056K)->63138K(69056K) Class: 26747K(34688K)->26747K(34688K)
[105.624s][info][gc          ] GC(71) Pause Full (System.gc()) 1607M->1607M(6144M) 1144.963ms
[106.726s][info][gc,metaspace] GC(72) Metaspace: 89886K(103744K)->89886K(103744K) NonClass: 63138K(69056K)->63138K(69056K) Class: 26747K(34688K)->26747K(34688K)
[106.726s][info][gc          ] GC(72) Pause Full (System.gc()) 1607M->1607M(6144M) 1102.099ms
After GCs... 
