Done; will start GCs... 
[29.004s][info   ][gc          ] GC(10) Major Collection (System.gc())
[29.011s][info   ][gc,metaspace] GC(10) Y: Metaspace: 10M used, 11M committed, 3136M reserved
[29.017s][info   ][gc,metaspace] GC(10) Y: Metaspace: 10M used, 11M committed, 3136M reserved
[31.305s][info   ][gc,metaspace] GC(10) O: Metaspace: 10M used, 11M committed, 3136M reserved
[31.305s][info   ][gc          ] GC(10) Major Collection (System.gc()) 2290M(37%)->2288M(37%) 2.301s
[31.305s][info   ][gc          ] GC(11) Major Collection (System.gc())
[31.311s][info   ][gc,metaspace] GC(11) Y: Metaspace: 10M used, 11M committed, 3136M reserved
[31.317s][info   ][gc,metaspace] GC(11) Y: Metaspace: 10M used, 11M committed, 3136M reserved
[33.852s][info   ][gc,metaspace] GC(11) O: Metaspace: 10M used, 11M committed, 3136M reserved
[33.852s][info   ][gc          ] GC(11) Major Collection (System.gc()) 2288M(37%)->2288M(37%) 2.547s
[33.852s][info   ][gc          ] GC(12) Major Collection (System.gc())
[33.858s][info   ][gc,metaspace] GC(12) Y: Metaspace: 10M used, 11M committed, 3136M reserved
[33.864s][info   ][gc,metaspace] GC(12) Y: Metaspace: 10M used, 11M committed, 3136M reserved
[36.543s][info   ][gc,metaspace] GC(12) O: Metaspace: 10M used, 11M committed, 3136M reserved
[36.543s][info   ][gc          ] GC(12) Major Collection (System.gc()) 2288M(37%)->2288M(37%) 2.691s
[36.543s][info   ][gc          ] GC(13) Major Collection (System.gc())
[36.549s][info   ][gc,metaspace] GC(13) Y: Metaspace: 10M used, 11M committed, 3136M reserved
[36.556s][info   ][gc,metaspace] GC(13) Y: Metaspace: 10M used, 11M committed, 3136M reserved
[39.225s][info   ][gc,metaspace] GC(13) O: Metaspace: 10M used, 11M committed, 3136M reserved
[39.225s][info   ][gc          ] GC(13) Major Collection (System.gc()) 2288M(37%)->2288M(37%) 2.682s
[39.226s][info   ][gc          ] GC(14) Major Collection (System.gc())
[39.231s][info   ][gc,metaspace] GC(14) Y: Metaspace: 10M used, 11M committed, 3136M reserved
[39.237s][info   ][gc,metaspace] GC(14) Y: Metaspace: 10M used, 11M committed, 3136M reserved
[41.805s][info   ][gc,metaspace] GC(14) O: Metaspace: 10M used, 11M committed, 3136M reserved
[41.805s][info   ][gc          ] GC(14) Major Collection (System.gc()) 2288M(37%)->2288M(37%) 2.579s
[41.805s][info   ][gc          ] GC(15) Major Collection (System.gc())
[41.816s][info   ][gc,metaspace] GC(15) Y: Metaspace: 10M used, 11M committed, 3136M reserved
[41.822s][info   ][gc,metaspace] GC(15) Y: Metaspace: 10M used, 11M committed, 3136M reserved
[44.430s][info   ][gc,metaspace] GC(15) O: Metaspace: 10M used, 11M committed, 3136M reserved
[44.430s][info   ][gc          ] GC(15) Major Collection (System.gc()) 2288M(37%)->2288M(37%) 2.625s
[44.430s][info   ][gc          ] GC(16) Major Collection (System.gc())
[44.436s][info   ][gc,metaspace] GC(16) Y: Metaspace: 10M used, 11M committed, 3136M reserved
[44.441s][info   ][gc,metaspace] GC(16) Y: Metaspace: 10M used, 11M committed, 3136M reserved
[46.935s][info   ][gc,metaspace] GC(16) O: Metaspace: 10M used, 11M committed, 3136M reserved
[46.935s][info   ][gc          ] GC(16) Major Collection (System.gc()) 2288M(37%)->2286M(37%) 2.505s
[46.935s][info   ][gc          ] GC(17) Major Collection (System.gc())
[46.941s][info   ][gc,metaspace] GC(17) Y: Metaspace: 10M used, 11M committed, 3136M reserved
[46.947s][info   ][gc,metaspace] GC(17) Y: Metaspace: 10M used, 11M committed, 3136M reserved
[49.668s][info   ][gc,metaspace] GC(17) O: Metaspace: 10M used, 11M committed, 3136M reserved
[49.668s][info   ][gc          ] GC(17) Major Collection (System.gc()) 2286M(37%)->2286M(37%) 2.732s
[49.668s][info   ][gc          ] GC(18) Major Collection (System.gc())
[49.673s][info   ][gc,metaspace] GC(18) Y: Metaspace: 10M used, 11M committed, 3136M reserved
[49.679s][info   ][gc,metaspace] GC(18) Y: Metaspace: 10M used, 11M committed, 3136M reserved
[52.571s][info   ][gc,metaspace] GC(18) O: Metaspace: 10M used, 11M committed, 3136M reserved
[52.571s][info   ][gc          ] GC(18) Major Collection (System.gc()) 2286M(37%)->2286M(37%) 2.904s
[52.571s][info   ][gc          ] GC(19) Major Collection (System.gc())
[52.577s][info   ][gc,metaspace] GC(19) Y: Metaspace: 10M used, 11M committed, 3136M reserved
[52.583s][info   ][gc,metaspace] GC(19) Y: Metaspace: 10M used, 11M committed, 3136M reserved
[55.437s][info   ][gc,metaspace] GC(19) O: Metaspace: 10M used, 11M committed, 3136M reserved
[55.438s][info   ][gc          ] GC(19) Major Collection (System.gc()) 2286M(37%)->2286M(37%) 2.866s
[55.438s][info   ][gc          ] GC(20) Major Collection (System.gc())
[55.443s][info   ][gc,metaspace] GC(20) Y: Metaspace: 10M used, 11M committed, 3136M reserved
[55.449s][info   ][gc,metaspace] GC(20) Y: Metaspace: 10M used, 11M committed, 3136M reserved
[57.935s][info   ][gc,metaspace] GC(20) O: Metaspace: 10M used, 11M committed, 3136M reserved
[57.935s][info   ][gc          ] GC(20) Major Collection (System.gc()) 2286M(37%)->2286M(37%) 2.497s
[57.935s][info   ][gc          ] GC(21) Major Collection (System.gc())
[57.940s][info   ][gc,metaspace] GC(21) Y: Metaspace: 10M used, 11M committed, 3136M reserved
[57.946s][info   ][gc,metaspace] GC(21) Y: Metaspace: 10M used, 11M committed, 3136M reserved
[60.474s][info   ][gc,metaspace] GC(21) O: Metaspace: 10M used, 11M committed, 3136M reserved
[60.474s][info   ][gc          ] GC(21) Major Collection (System.gc()) 2286M(37%)->2286M(37%) 2.539s
[60.474s][info   ][gc          ] GC(22) Major Collection (System.gc())
[60.479s][info   ][gc,metaspace] GC(22) Y: Metaspace: 10M used, 11M committed, 3136M reserved
[60.485s][info   ][gc,metaspace] GC(22) Y: Metaspace: 10M used, 11M committed, 3136M reserved
[63.018s][info   ][gc,metaspace] GC(22) O: Metaspace: 10M used, 11M committed, 3136M reserved
[63.018s][info   ][gc          ] GC(22) Major Collection (System.gc()) 2286M(37%)->2286M(37%) 2.544s
[63.023s][info   ][gc          ] GC(23) Major Collection (System.gc())
[63.029s][info   ][gc,metaspace] GC(23) Y: Metaspace: 10M used, 11M committed, 3136M reserved
[63.036s][info   ][gc,metaspace] GC(23) Y: Metaspace: 10M used, 11M committed, 3136M reserved
[65.291s][info   ][gc,metaspace] GC(23) O: Metaspace: 10M used, 11M committed, 3136M reserved
[65.291s][info   ][gc          ] GC(23) Major Collection (System.gc()) 2286M(37%)->2288M(37%) 2.269s
[65.291s][info   ][gc          ] GC(24) Major Collection (System.gc())
[65.297s][info   ][gc,metaspace] GC(24) Y: Metaspace: 10M used, 11M committed, 3136M reserved
[65.303s][info   ][gc,metaspace] GC(24) Y: Metaspace: 10M used, 11M committed, 3136M reserved
[67.739s][info   ][gc,metaspace] GC(24) O: Metaspace: 10M used, 11M committed, 3136M reserved
[67.739s][info   ][gc          ] GC(24) Major Collection (System.gc()) 2288M(37%)->2288M(37%) 2.448s
[67.739s][info   ][gc          ] GC(25) Major Collection (System.gc())
[67.746s][info   ][gc,metaspace] GC(25) Y: Metaspace: 10M used, 11M committed, 3136M reserved
[67.753s][info   ][gc,metaspace] GC(25) Y: Metaspace: 10M used, 11M committed, 3136M reserved
[70.094s][info   ][gc,metaspace] GC(25) O: Metaspace: 10M used, 11M committed, 3136M reserved
[70.094s][info   ][gc          ] GC(25) Major Collection (System.gc()) 2288M(37%)->2288M(37%) 2.354s
[70.094s][info   ][gc          ] GC(26) Major Collection (System.gc())
[70.101s][info   ][gc,metaspace] GC(26) Y: Metaspace: 10M used, 11M committed, 3136M reserved
[70.107s][info   ][gc,metaspace] GC(26) Y: Metaspace: 10M used, 11M committed, 3136M reserved
[72.538s][info   ][gc,metaspace] GC(26) O: Metaspace: 10M used, 11M committed, 3136M reserved
[72.538s][info   ][gc          ] GC(26) Major Collection (System.gc()) 2288M(37%)->2288M(37%) 2.445s
[72.539s][info   ][gc          ] GC(27) Major Collection (System.gc())
[72.545s][info   ][gc,metaspace] GC(27) Y: Metaspace: 10M used, 11M committed, 3136M reserved
[72.550s][info   ][gc,metaspace] GC(27) Y: Metaspace: 10M used, 11M committed, 3136M reserved
[75.050s][info   ][gc,metaspace] GC(27) O: Metaspace: 10M used, 11M committed, 3136M reserved
[75.050s][info   ][gc          ] GC(27) Major Collection (System.gc()) 2288M(37%)->2288M(37%) 2.511s
[75.050s][info   ][gc          ] GC(28) Major Collection (System.gc())
[75.056s][info   ][gc,metaspace] GC(28) Y: Metaspace: 10M used, 11M committed, 3136M reserved
[75.062s][info   ][gc,metaspace] GC(28) Y: Metaspace: 10M used, 11M committed, 3136M reserved
[77.738s][info   ][gc,metaspace] GC(28) O: Metaspace: 10M used, 11M committed, 3136M reserved
[77.738s][info   ][gc          ] GC(28) Major Collection (System.gc()) 2288M(37%)->2288M(37%) 2.689s
[77.738s][info   ][gc          ] GC(29) Major Collection (System.gc())
[77.745s][info   ][gc,metaspace] GC(29) Y: Metaspace: 10M used, 11M committed, 3136M reserved
[77.751s][info   ][gc,metaspace] GC(29) Y: Metaspace: 10M used, 11M committed, 3136M reserved
[80.136s][info   ][gc,metaspace] GC(29) O: Metaspace: 10M used, 11M committed, 3136M reserved
[80.136s][info   ][gc          ] GC(29) Major Collection (System.gc()) 2288M(37%)->2288M(37%) 2.398s
[80.136s][info   ][gc          ] GC(30) Major Collection (System.gc())
[80.142s][info   ][gc,metaspace] GC(30) Y: Metaspace: 10M used, 11M committed, 3136M reserved
[80.148s][info   ][gc,metaspace] GC(30) Y: Metaspace: 10M used, 11M committed, 3136M reserved
[82.689s][info   ][gc,metaspace] GC(30) O: Metaspace: 10M used, 11M committed, 3136M reserved
[82.690s][info   ][gc          ] GC(30) Major Collection (System.gc()) 2288M(37%)->2288M(37%) 2.553s
[82.690s][info   ][gc          ] GC(31) Major Collection (System.gc())
[82.698s][info   ][gc,metaspace] GC(31) Y: Metaspace: 10M used, 11M committed, 3136M reserved
[82.704s][info   ][gc,metaspace] GC(31) Y: Metaspace: 10M used, 11M committed, 3136M reserved
[85.075s][info   ][gc,metaspace] GC(31) O: Metaspace: 10M used, 11M committed, 3136M reserved
[85.075s][info   ][gc          ] GC(31) Major Collection (System.gc()) 2288M(37%)->2288M(37%) 2.386s
[85.075s][info   ][gc          ] GC(32) Major Collection (System.gc())
[85.082s][info   ][gc,metaspace] GC(32) Y: Metaspace: 10M used, 11M committed, 3136M reserved
[85.088s][info   ][gc,metaspace] GC(32) Y: Metaspace: 10M used, 11M committed, 3136M reserved
[87.545s][info   ][gc,metaspace] GC(32) O: Metaspace: 10M used, 11M committed, 3136M reserved
[87.545s][info   ][gc          ] GC(32) Major Collection (System.gc()) 2288M(37%)->2288M(37%) 2.470s
[87.545s][info   ][gc          ] GC(33) Major Collection (System.gc())
[87.552s][info   ][gc,metaspace] GC(33) Y: Metaspace: 10M used, 11M committed, 3136M reserved
[87.558s][info   ][gc,metaspace] GC(33) Y: Metaspace: 10M used, 11M committed, 3136M reserved
[90.027s][info   ][gc,metaspace] GC(33) O: Metaspace: 10M used, 11M committed, 3136M reserved
[90.027s][info   ][gc          ] GC(33) Major Collection (System.gc()) 2288M(37%)->2288M(37%) 2.482s
[90.027s][info   ][gc          ] GC(34) Major Collection (System.gc())
[90.034s][info   ][gc,metaspace] GC(34) Y: Metaspace: 10M used, 11M committed, 3136M reserved
[90.040s][info   ][gc,metaspace] GC(34) Y: Metaspace: 10M used, 11M committed, 3136M reserved
[92.707s][info   ][gc,metaspace] GC(34) O: Metaspace: 10M used, 11M committed, 3136M reserved
[92.707s][info   ][gc          ] GC(34) Major Collection (System.gc()) 2288M(37%)->2288M(37%) 2.680s
[92.707s][info   ][gc          ] GC(35) Major Collection (System.gc())
[92.714s][info   ][gc,metaspace] GC(35) Y: Metaspace: 10M used, 11M committed, 3136M reserved
[92.720s][info   ][gc,metaspace] GC(35) Y: Metaspace: 10M used, 11M committed, 3136M reserved
[95.125s][info   ][gc,metaspace] GC(35) O: Metaspace: 10M used, 11M committed, 3136M reserved
[95.125s][info   ][gc          ] GC(35) Major Collection (System.gc()) 2288M(37%)->2288M(37%) 2.418s
[95.125s][info   ][gc          ] GC(36) Major Collection (System.gc())
[95.132s][info   ][gc,metaspace] GC(36) Y: Metaspace: 10M used, 11M committed, 3136M reserved
[95.138s][info   ][gc,metaspace] GC(36) Y: Metaspace: 10M used, 11M committed, 3136M reserved
[97.775s][info   ][gc,metaspace] GC(36) O: Metaspace: 10M used, 11M committed, 3136M reserved
[97.775s][info   ][gc          ] GC(36) Major Collection (System.gc()) 2288M(37%)->2288M(37%) 2.649s
[97.775s][info   ][gc          ] GC(37) Major Collection (System.gc())
[97.781s][info   ][gc,metaspace] GC(37) Y: Metaspace: 10M used, 11M committed, 3136M reserved
[97.787s][info   ][gc,metaspace] GC(37) Y: Metaspace: 10M used, 11M committed, 3136M reserved
[100.180s][info   ][gc,metaspace] GC(37) O: Metaspace: 10M used, 11M committed, 3136M reserved
[100.180s][info   ][gc          ] GC(37) Major Collection (System.gc()) 2288M(37%)->2288M(37%) 2.406s
[100.180s][info   ][gc          ] GC(38) Major Collection (System.gc())
[100.187s][info   ][gc,metaspace] GC(38) Y: Metaspace: 10M used, 11M committed, 3136M reserved
[100.193s][info   ][gc,metaspace] GC(38) Y: Metaspace: 10M used, 11M committed, 3136M reserved
[102.832s][info   ][gc,metaspace] GC(38) O: Metaspace: 10M used, 11M committed, 3136M reserved
[102.832s][info   ][gc          ] GC(38) Major Collection (System.gc()) 2288M(37%)->2288M(37%) 2.652s
[102.832s][info   ][gc          ] GC(39) Major Collection (System.gc())
[102.839s][info   ][gc,metaspace] GC(39) Y: Metaspace: 10M used, 11M committed, 3136M reserved
[102.845s][info   ][gc,metaspace] GC(39) Y: Metaspace: 10M used, 11M committed, 3136M reserved
[105.203s][info   ][gc,metaspace] GC(39) O: Metaspace: 10M used, 11M committed, 3136M reserved
[105.203s][info   ][gc          ] GC(39) Major Collection (System.gc()) 2288M(37%)->2288M(37%) 2.371s
[105.203s][info   ][gc          ] GC(40) Major Collection (System.gc())
[105.209s][info   ][gc,metaspace] GC(40) Y: Metaspace: 10M used, 11M committed, 3136M reserved
[105.215s][info   ][gc,metaspace] GC(40) Y: Metaspace: 10M used, 11M committed, 3136M reserved
[107.816s][info   ][gc,metaspace] GC(40) O: Metaspace: 10M used, 11M committed, 3136M reserved
[107.816s][info   ][gc          ] GC(40) Major Collection (System.gc()) 2288M(37%)->2288M(37%) 2.613s
[107.816s][info   ][gc          ] GC(41) Major Collection (System.gc())
[107.822s][info   ][gc,metaspace] GC(41) Y: Metaspace: 10M used, 11M committed, 3136M reserved
[107.829s][info   ][gc,metaspace] GC(41) Y: Metaspace: 10M used, 11M committed, 3136M reserved
[110.193s][info   ][gc,metaspace] GC(41) O: Metaspace: 10M used, 11M committed, 3136M reserved
[110.193s][info   ][gc          ] GC(41) Major Collection (System.gc()) 2288M(37%)->2288M(37%) 2.377s
[110.193s][info   ][gc          ] GC(42) Major Collection (System.gc())
[110.200s][info   ][gc,metaspace] GC(42) Y: Metaspace: 10M used, 11M committed, 3136M reserved
[110.206s][info   ][gc,metaspace] GC(42) Y: Metaspace: 10M used, 11M committed, 3136M reserved
[112.802s][info   ][gc,metaspace] GC(42) O: Metaspace: 10M used, 11M committed, 3136M reserved
[112.802s][info   ][gc          ] GC(42) Major Collection (System.gc()) 2288M(37%)->2288M(37%) 2.609s
[112.802s][info   ][gc          ] GC(43) Major Collection (System.gc())
[112.808s][info   ][gc,metaspace] GC(43) Y: Metaspace: 10M used, 11M committed, 3136M reserved
[112.814s][info   ][gc,metaspace] GC(43) Y: Metaspace: 10M used, 11M committed, 3136M reserved
[115.193s][info   ][gc,metaspace] GC(43) O: Metaspace: 10M used, 11M committed, 3136M reserved
[115.193s][info   ][gc          ] GC(43) Major Collection (System.gc()) 2288M(37%)->2288M(37%) 2.391s
[115.193s][info   ][gc          ] GC(44) Major Collection (System.gc())
[115.200s][info   ][gc,metaspace] GC(44) Y: Metaspace: 10M used, 11M committed, 3136M reserved
[115.206s][info   ][gc,metaspace] GC(44) Y: Metaspace: 10M used, 11M committed, 3136M reserved
[117.782s][info   ][gc,metaspace] GC(44) O: Metaspace: 10M used, 11M committed, 3136M reserved
[117.782s][info   ][gc          ] GC(44) Major Collection (System.gc()) 2288M(37%)->2288M(37%) 2.589s
[117.782s][info   ][gc          ] GC(45) Major Collection (System.gc())
[117.789s][info   ][gc,metaspace] GC(45) Y: Metaspace: 10M used, 11M committed, 3136M reserved
[117.795s][info   ][gc,metaspace] GC(45) Y: Metaspace: 10M used, 11M committed, 3136M reserved
[120.143s][info   ][gc,metaspace] GC(45) O: Metaspace: 10M used, 11M committed, 3136M reserved
[120.144s][info   ][gc          ] GC(45) Major Collection (System.gc()) 2288M(37%)->2288M(37%) 2.361s
[120.144s][info   ][gc          ] GC(46) Major Collection (System.gc())
[120.150s][info   ][gc,metaspace] GC(46) Y: Metaspace: 10M used, 11M committed, 3136M reserved
[120.156s][info   ][gc,metaspace] GC(46) Y: Metaspace: 10M used, 11M committed, 3136M reserved
[122.775s][info   ][gc,metaspace] GC(46) O: Metaspace: 10M used, 11M committed, 3136M reserved
[122.775s][info   ][gc          ] GC(46) Major Collection (System.gc()) 2288M(37%)->2288M(37%) 2.631s
[122.775s][info   ][gc          ] GC(47) Major Collection (System.gc())
[122.781s][info   ][gc,metaspace] GC(47) Y: Metaspace: 10M used, 11M committed, 3136M reserved
[122.787s][info   ][gc,metaspace] GC(47) Y: Metaspace: 10M used, 11M committed, 3136M reserved
[125.177s][info   ][gc,metaspace] GC(47) O: Metaspace: 10M used, 11M committed, 3136M reserved
[125.177s][info   ][gc          ] GC(47) Major Collection (System.gc()) 2288M(37%)->2290M(37%) 2.403s
[125.178s][info   ][gc          ] GC(48) Major Collection (System.gc())
[125.184s][info   ][gc,metaspace] GC(48) Y: Metaspace: 10M used, 11M committed, 3136M reserved
[125.190s][info   ][gc,metaspace] GC(48) Y: Metaspace: 10M used, 11M committed, 3136M reserved
[127.781s][info   ][gc,metaspace] GC(48) O: Metaspace: 10M used, 11M committed, 3136M reserved
[127.781s][info   ][gc          ] GC(48) Major Collection (System.gc()) 2290M(37%)->2288M(37%) 2.603s
[127.785s][info   ][gc          ] GC(49) Major Collection (System.gc())
[127.792s][info   ][gc,metaspace] GC(49) Y: Metaspace: 10M used, 11M committed, 3136M reserved
[127.798s][info   ][gc,metaspace] GC(49) Y: Metaspace: 10M used, 11M committed, 3136M reserved
[130.107s][info   ][gc,metaspace] GC(49) O: Metaspace: 10M used, 11M committed, 3136M reserved
[130.107s][info   ][gc          ] GC(49) Major Collection (System.gc()) 2288M(37%)->2288M(37%) 2.322s
[130.107s][info   ][gc          ] GC(50) Major Collection (System.gc())
[130.114s][info   ][gc,metaspace] GC(50) Y: Metaspace: 10M used, 11M committed, 3136M reserved
[130.120s][info   ][gc,metaspace] GC(50) Y: Metaspace: 10M used, 11M committed, 3136M reserved
[132.589s][info   ][gc,metaspace] GC(50) O: Metaspace: 10M used, 11M committed, 3136M reserved
[132.589s][info   ][gc          ] GC(50) Major Collection (System.gc()) 2288M(37%)->2288M(37%) 2.481s
[132.589s][info   ][gc          ] GC(51) Major Collection (System.gc())
[132.595s][info   ][gc,metaspace] GC(51) Y: Metaspace: 10M used, 11M committed, 3136M reserved
[132.601s][info   ][gc,metaspace] GC(51) Y: Metaspace: 10M used, 11M committed, 3136M reserved
[135.000s][info   ][gc,metaspace] GC(51) O: Metaspace: 10M used, 11M committed, 3136M reserved
[135.000s][info   ][gc          ] GC(51) Major Collection (System.gc()) 2288M(37%)->2288M(37%) 2.411s
[135.000s][info   ][gc          ] GC(52) Major Collection (System.gc())
[135.007s][info   ][gc,metaspace] GC(52) Y: Metaspace: 10M used, 11M committed, 3136M reserved
[135.013s][info   ][gc,metaspace] GC(52) Y: Metaspace: 10M used, 11M committed, 3136M reserved
[137.825s][info   ][gc,metaspace] GC(52) O: Metaspace: 10M used, 11M committed, 3136M reserved
[137.825s][info   ][gc          ] GC(52) Major Collection (System.gc()) 2288M(37%)->2288M(37%) 2.825s
[137.825s][info   ][gc          ] GC(53) Major Collection (System.gc())
[137.831s][info   ][gc,metaspace] GC(53) Y: Metaspace: 10M used, 11M committed, 3136M reserved
[137.837s][info   ][gc,metaspace] GC(53) Y: Metaspace: 10M used, 11M committed, 3136M reserved
[140.373s][info   ][gc,metaspace] GC(53) O: Metaspace: 10M used, 11M committed, 3136M reserved
[140.373s][info   ][gc          ] GC(53) Major Collection (System.gc()) 2288M(37%)->2288M(37%) 2.547s
[140.373s][info   ][gc          ] GC(54) Major Collection (System.gc())
[140.379s][info   ][gc,metaspace] GC(54) Y: Metaspace: 10M used, 11M committed, 3136M reserved
[140.385s][info   ][gc,metaspace] GC(54) Y: Metaspace: 10M used, 11M committed, 3136M reserved
[142.898s][info   ][gc,metaspace] GC(54) O: Metaspace: 10M used, 11M committed, 3136M reserved
[142.898s][info   ][gc          ] GC(54) Major Collection (System.gc()) 2288M(37%)->2288M(37%) 2.525s
[142.898s][info   ][gc          ] GC(55) Major Collection (System.gc())
[142.905s][info   ][gc,metaspace] GC(55) Y: Metaspace: 10M used, 11M committed, 3136M reserved
[142.910s][info   ][gc,metaspace] GC(55) Y: Metaspace: 10M used, 11M committed, 3136M reserved
[145.277s][info   ][gc,metaspace] GC(55) O: Metaspace: 10M used, 11M committed, 3136M reserved
[145.277s][info   ][gc          ] GC(55) Major Collection (System.gc()) 2288M(37%)->2288M(37%) 2.379s
[145.277s][info   ][gc          ] GC(56) Major Collection (System.gc())
[145.284s][info   ][gc,metaspace] GC(56) Y: Metaspace: 10M used, 11M committed, 3136M reserved
[145.290s][info   ][gc,metaspace] GC(56) Y: Metaspace: 10M used, 11M committed, 3136M reserved
[148.001s][info   ][gc,metaspace] GC(56) O: Metaspace: 10M used, 11M committed, 3136M reserved
[148.001s][info   ][gc          ] GC(56) Major Collection (System.gc()) 2288M(37%)->2288M(37%) 2.724s
[148.001s][info   ][gc          ] GC(57) Major Collection (System.gc())
[148.007s][info   ][gc,metaspace] GC(57) Y: Metaspace: 10M used, 11M committed, 3136M reserved
[148.013s][info   ][gc,metaspace] GC(57) Y: Metaspace: 10M used, 11M committed, 3136M reserved
[150.697s][info   ][gc,metaspace] GC(57) O: Metaspace: 10M used, 11M committed, 3136M reserved
[150.697s][info   ][gc          ] GC(57) Major Collection (System.gc()) 2288M(37%)->2288M(37%) 2.695s
[150.697s][info   ][gc          ] GC(58) Major Collection (System.gc())
[150.703s][info   ][gc,metaspace] GC(58) Y: Metaspace: 10M used, 11M committed, 3136M reserved
[150.709s][info   ][gc,metaspace] GC(58) Y: Metaspace: 10M used, 11M committed, 3136M reserved
[153.124s][info   ][gc,metaspace] GC(58) O: Metaspace: 10M used, 11M committed, 3136M reserved
[153.124s][info   ][gc          ] GC(58) Major Collection (System.gc()) 2288M(37%)->2288M(37%) 2.427s
[153.124s][info   ][gc          ] GC(59) Major Collection (System.gc())
[153.130s][info   ][gc,metaspace] GC(59) Y: Metaspace: 10M used, 11M committed, 3136M reserved
[153.135s][info   ][gc,metaspace] GC(59) Y: Metaspace: 10M used, 11M committed, 3136M reserved
[155.738s][info   ][gc,metaspace] GC(59) O: Metaspace: 10M used, 11M committed, 3136M reserved
[155.738s][info   ][gc          ] GC(59) Major Collection (System.gc()) 2288M(37%)->2288M(37%) 2.614s
After GCs... 
