[0.001s][warning][pagesize] UseLargePages disabled, no large pages configured and available on the system.
[0.001s][info   ][metaspace]  - commit_granule_bytes: 65536.
[0.001s][info   ][metaspace]  - commit_granule_words: 8192.
[0.001s][info   ][metaspace]  - virtual_space_node_default_size: 8388608.
[0.001s][info   ][metaspace]  - enlarge_chunks_in_place: 1.
[0.001s][info   ][metaspace]  - use_allocation_guard: 0.
[3.606s][info   ][gc       ] Using The Z Garbage Collector
[3.606s][info   ][metaspace] Reserving compressed class space anywhere
[3.606s][info   ][gc,metaspace] CDS archive(s) not mapped
[3.606s][info   ][gc,metaspace] Compressed class space mapped at: 0x0000000028000000-0x00000000e8000000, reserved size: 3221225472
[3.606s][info   ][gc,metaspace] UseCompressedClassPointers 1, UseCompactObjectHeaders 1, narrow klass pointer bits 22, max shift 10
[3.606s][info   ][gc,metaspace] Narrow klass base: 0x0000000028000000, Narrow klass shift: 10, Narrow klass range: 0xc0000000
Random Seed: 12345678
Num Classes: 16
Num Objects: 67108864
Percent IK Objects: 83.0%)
Percent OAK Objects: 5.0%)
Percent TAK Objects: 12.0%)
Cycles: 50
Loading 16 pre-generated classes ...
Materialize pre-generated constructors ...
Creating objects...
[3.823s][info   ][gc          ] GC(0) Major Collection (System.gc())
[3.840s][info   ][gc,metaspace] GC(0) Y: Metaspace: 10M used, 11M committed, 3136M reserved
[3.843s][info   ][gc,metaspace] GC(0) Y: Metaspace: 10M used, 11M committed, 3136M reserved
[3.855s][info   ][gc,metaspace] GC(0) O: Metaspace: 10M used, 11M committed, 3136M reserved
[3.855s][info   ][gc          ] GC(0) Major Collection (System.gc()) 52M(1%)->40M(1%) 0.031s
[4.042s][info   ][gc          ] GC(1) Major Collection (Warmup)
[4.322s][info   ][gc,metaspace] GC(1) Y: Metaspace: 10M used, 11M committed, 3136M reserved
[4.337s][info   ][gc,metaspace] GC(1) O: Metaspace: 10M used, 11M committed, 3136M reserved
[4.337s][info   ][gc          ] GC(1) Major Collection (Warmup) 622M(10%)->1136M(18%) 0.295s
[4.384s][info   ][gc          ] GC(2) Major Collection (Warmup)
[5.664s][info   ][gc,metaspace] GC(2) Y: Metaspace: 10M used, 11M committed, 3136M reserved
[5.668s][info   ][gc          ] GC(3) Minor Collection (Allocation Rate)
[7.669s][info   ][gc,metaspace] GC(3) y: Metaspace: 10M used, 11M committed, 3136M reserved
[7.669s][info   ][gc          ] GC(3) Minor Collection (Allocation Rate) 3166M(52%)->4282M(70%) 2.001s
[8.436s][info   ][gc          ] GC(4) Minor Collection (Allocation Rate)
[11.021s][info   ][gc          ] Allocation Stall (main) 2409.733ms
[11.678s][info   ][gc,metaspace] GC(4) y: Metaspace: 10M used, 11M committed, 3136M reserved
[11.678s][info   ][gc          ] GC(4) Minor Collection (Allocation Rate) 5800M(94%)->2476M(40%) 3.242s
[11.678s][info   ][gc,metaspace] GC(2) O: Metaspace: 10M used, 11M committed, 3136M reserved
[11.678s][info   ][gc          ] GC(2) Major Collection (Warmup) 1230M(20%)->2476M(40%) 7.294s
[11.688s][info   ][gc          ] GC(5) Major Collection (Warmup)
[14.533s][info   ][gc          ] Allocation Stall (main) 890.337ms
67108864 Objects created
 - IK: 55699211 (82.99829%)
 - OAK: 3355627 (5.0002737%)
 - TAK: 8054026 (12.001434%)
Preparatory GC...
[15.182s][info   ][gc,metaspace] GC(5) Y: Metaspace: 10M used, 11M committed, 3136M reserved
[15.182s][info   ][gc          ] GC(6) Minor Collection (Allocation Stall)
[18.879s][info   ][gc,metaspace] GC(6) y: Metaspace: 10M used, 11M committed, 3136M reserved
[18.879s][info   ][gc          ] GC(6) Minor Collection (Allocation Stall) 5394M(88%)->1998M(33%) 3.697s
[19.693s][info   ][gc          ] GC(7) Minor Collection (Allocation Rate)
[21.163s][info   ][gc,metaspace] GC(7) y: Metaspace: 10M used, 11M committed, 3136M reserved
[21.164s][info   ][gc          ] GC(7) Minor Collection (Allocation Rate) 1998M(33%)->1996M(32%) 1.470s
[21.164s][info   ][gc,metaspace] GC(5) O: Metaspace: 10M used, 11M committed, 3136M reserved
[21.164s][info   ][gc          ] GC(5) Major Collection (Warmup) 2488M(40%)->1996M(32%) 9.476s
[21.164s][info   ][gc          ] GC(8) Major Collection (System.gc())
[22.696s][info   ][gc,metaspace] GC(8) Y: Metaspace: 10M used, 11M committed, 3136M reserved
[23.209s][info   ][gc,metaspace] GC(8) Y: Metaspace: 10M used, 11M committed, 3136M reserved
[25.628s][info   ][gc,metaspace] GC(8) O: Metaspace: 10M used, 11M committed, 3136M reserved
[25.628s][info   ][gc          ] GC(8) Major Collection (System.gc()) 1996M(32%)->1988M(32%) 4.464s
[25.628s][info   ][gc          ] GC(9) Major Collection (System.gc())
[25.634s][info   ][gc,metaspace] GC(9) Y: Metaspace: 10M used, 11M committed, 3136M reserved
[25.640s][info   ][gc,metaspace] GC(9) Y: Metaspace: 10M used, 11M committed, 3136M reserved
[27.834s][info   ][gc,metaspace] GC(9) O: Metaspace: 10M used, 11M committed, 3136M reserved
[27.834s][info   ][gc          ] GC(9) Major Collection (System.gc()) 1988M(32%)->1988M(32%) 2.206s
Done; will start GCs... 
[27.834s][info   ][gc          ] GC(10) Major Collection (System.gc())
[27.840s][info   ][gc,metaspace] GC(10) Y: Metaspace: 10M used, 11M committed, 3136M reserved
[27.845s][info   ][gc,metaspace] GC(10) Y: Metaspace: 10M used, 11M committed, 3136M reserved
[30.026s][info   ][gc,metaspace] GC(10) O: Metaspace: 10M used, 11M committed, 3136M reserved
[30.026s][info   ][gc          ] GC(10) Major Collection (System.gc()) 1990M(32%)->1988M(32%) 2.192s
[30.026s][info   ][gc          ] GC(11) Major Collection (System.gc())
[30.032s][info   ][gc,metaspace] GC(11) Y: Metaspace: 10M used, 11M committed, 3136M reserved
[30.037s][info   ][gc,metaspace] GC(11) Y: Metaspace: 10M used, 11M committed, 3136M reserved
[32.115s][info   ][gc,metaspace] GC(11) O: Metaspace: 10M used, 11M committed, 3136M reserved
[32.115s][info   ][gc          ] GC(11) Major Collection (System.gc()) 1988M(32%)->1988M(32%) 2.090s
[32.115s][info   ][gc          ] GC(12) Major Collection (System.gc())
[32.121s][info   ][gc,metaspace] GC(12) Y: Metaspace: 10M used, 11M committed, 3136M reserved
[32.126s][info   ][gc,metaspace] GC(12) Y: Metaspace: 10M used, 11M committed, 3136M reserved
[34.627s][info   ][gc,metaspace] GC(12) O: Metaspace: 10M used, 11M committed, 3136M reserved
[34.627s][info   ][gc          ] GC(12) Major Collection (System.gc()) 1988M(32%)->1988M(32%) 2.512s
[34.628s][info   ][gc          ] GC(13) Major Collection (System.gc())
[34.633s][info   ][gc,metaspace] GC(13) Y: Metaspace: 10M used, 11M committed, 3136M reserved
[34.639s][info   ][gc,metaspace] GC(13) Y: Metaspace: 10M used, 11M committed, 3136M reserved
[36.884s][info   ][gc,metaspace] GC(13) O: Metaspace: 10M used, 11M committed, 3136M reserved
[36.884s][info   ][gc          ] GC(13) Major Collection (System.gc()) 1988M(32%)->1988M(32%) 2.257s
[36.884s][info   ][gc          ] GC(14) Major Collection (System.gc())
[36.890s][info   ][gc,metaspace] GC(14) Y: Metaspace: 10M used, 11M committed, 3136M reserved
[36.895s][info   ][gc,metaspace] GC(14) Y: Metaspace: 10M used, 11M committed, 3136M reserved
[39.076s][info   ][gc,metaspace] GC(14) O: Metaspace: 10M used, 11M committed, 3136M reserved
[39.076s][info   ][gc          ] GC(14) Major Collection (System.gc()) 1988M(32%)->1988M(32%) 2.192s
[39.077s][info   ][gc          ] GC(15) Major Collection (System.gc())
[39.082s][info   ][gc,metaspace] GC(15) Y: Metaspace: 10M used, 11M committed, 3136M reserved
[39.087s][info   ][gc,metaspace] GC(15) Y: Metaspace: 10M used, 11M committed, 3136M reserved
[41.217s][info   ][gc,metaspace] GC(15) O: Metaspace: 10M used, 11M committed, 3136M reserved
[41.217s][info   ][gc          ] GC(15) Major Collection (System.gc()) 1988M(32%)->1988M(32%) 2.140s
[41.217s][info   ][gc          ] GC(16) Major Collection (System.gc())
[41.222s][info   ][gc,metaspace] GC(16) Y: Metaspace: 10M used, 11M committed, 3136M reserved
[41.228s][info   ][gc,metaspace] GC(16) Y: Metaspace: 10M used, 11M committed, 3136M reserved
[43.675s][info   ][gc,metaspace] GC(16) O: Metaspace: 10M used, 11M committed, 3136M reserved
[43.675s][info   ][gc          ] GC(16) Major Collection (System.gc()) 1988M(32%)->1988M(32%) 2.458s
[43.675s][info   ][gc          ] GC(17) Major Collection (System.gc())
[43.680s][info   ][gc,metaspace] GC(17) Y: Metaspace: 10M used, 11M committed, 3136M reserved
[43.685s][info   ][gc,metaspace] GC(17) Y: Metaspace: 10M used, 11M committed, 3136M reserved
[45.972s][info   ][gc,metaspace] GC(17) O: Metaspace: 10M used, 11M committed, 3136M reserved
[45.972s][info   ][gc          ] GC(17) Major Collection (System.gc()) 1988M(32%)->1988M(32%) 2.297s
[45.972s][info   ][gc          ] GC(18) Major Collection (System.gc())
[45.978s][info   ][gc,metaspace] GC(18) Y: Metaspace: 10M used, 11M committed, 3136M reserved
[45.984s][info   ][gc,metaspace] GC(18) Y: Metaspace: 10M used, 11M committed, 3136M reserved
[48.356s][info   ][gc,metaspace] GC(18) O: Metaspace: 10M used, 11M committed, 3136M reserved
[48.356s][info   ][gc          ] GC(18) Major Collection (System.gc()) 1988M(32%)->1988M(32%) 2.384s
[48.356s][info   ][gc          ] GC(19) Major Collection (System.gc())
[48.362s][info   ][gc,metaspace] GC(19) Y: Metaspace: 10M used, 11M committed, 3136M reserved
[48.368s][info   ][gc,metaspace] GC(19) Y: Metaspace: 10M used, 11M committed, 3136M reserved
[50.754s][info   ][gc,metaspace] GC(19) O: Metaspace: 10M used, 11M committed, 3136M reserved
[50.754s][info   ][gc          ] GC(19) Major Collection (System.gc()) 1988M(32%)->1988M(32%) 2.398s
[50.755s][info   ][gc          ] GC(20) Major Collection (System.gc())
[50.760s][info   ][gc,metaspace] GC(20) Y: Metaspace: 10M used, 11M committed, 3136M reserved
[50.765s][info   ][gc,metaspace] GC(20) Y: Metaspace: 10M used, 11M committed, 3136M reserved
[52.964s][info   ][gc,metaspace] GC(20) O: Metaspace: 10M used, 11M committed, 3136M reserved
[52.964s][info   ][gc          ] GC(20) Major Collection (System.gc()) 1988M(32%)->1988M(32%) 2.210s
[52.964s][info   ][gc          ] GC(21) Major Collection (System.gc())
[52.970s][info   ][gc,metaspace] GC(21) Y: Metaspace: 10M used, 11M committed, 3136M reserved
[52.976s][info   ][gc,metaspace] GC(21) Y: Metaspace: 10M used, 11M committed, 3136M reserved
[55.789s][info   ][gc,metaspace] GC(21) O: Metaspace: 10M used, 11M committed, 3136M reserved
[55.790s][info   ][gc          ] GC(21) Major Collection (System.gc()) 1988M(32%)->1988M(32%) 2.825s
[55.790s][info   ][gc          ] GC(22) Major Collection (System.gc())
[55.795s][info   ][gc,metaspace] GC(22) Y: Metaspace: 10M used, 11M committed, 3136M reserved
[55.801s][info   ][gc,metaspace] GC(22) Y: Metaspace: 10M used, 11M committed, 3136M reserved
[58.381s][info   ][gc,metaspace] GC(22) O: Metaspace: 10M used, 11M committed, 3136M reserved
[58.381s][info   ][gc          ] GC(22) Major Collection (System.gc()) 1988M(32%)->1988M(32%) 2.591s
[58.381s][info   ][gc          ] GC(23) Major Collection (System.gc())
[58.387s][info   ][gc,metaspace] GC(23) Y: Metaspace: 10M used, 11M committed, 3136M reserved
[58.392s][info   ][gc,metaspace] GC(23) Y: Metaspace: 10M used, 11M committed, 3136M reserved
[60.650s][info   ][gc,metaspace] GC(23) O: Metaspace: 10M used, 11M committed, 3136M reserved
[60.650s][info   ][gc          ] GC(23) Major Collection (System.gc()) 1988M(32%)->1988M(32%) 2.269s
[60.650s][info   ][gc          ] GC(24) Major Collection (System.gc())
[60.656s][info   ][gc,metaspace] GC(24) Y: Metaspace: 10M used, 11M committed, 3136M reserved
[60.661s][info   ][gc,metaspace] GC(24) Y: Metaspace: 10M used, 11M committed, 3136M reserved
[62.998s][info   ][gc,metaspace] GC(24) O: Metaspace: 10M used, 11M committed, 3136M reserved
[62.998s][info   ][gc          ] GC(24) Major Collection (System.gc()) 1988M(32%)->1988M(32%) 2.348s
[62.998s][info   ][gc          ] GC(25) Major Collection (System.gc())
[63.004s][info   ][gc,metaspace] GC(25) Y: Metaspace: 10M used, 11M committed, 3136M reserved
[63.009s][info   ][gc,metaspace] GC(25) Y: Metaspace: 10M used, 11M committed, 3136M reserved
[65.093s][info   ][gc,metaspace] GC(25) O: Metaspace: 10M used, 11M committed, 3136M reserved
[65.093s][info   ][gc          ] GC(25) Major Collection (System.gc()) 1988M(32%)->1990M(32%) 2.095s
[65.093s][info   ][gc          ] GC(26) Major Collection (System.gc())
[65.099s][info   ][gc,metaspace] GC(26) Y: Metaspace: 10M used, 11M committed, 3136M reserved
[65.104s][info   ][gc,metaspace] GC(26) Y: Metaspace: 10M used, 11M committed, 3136M reserved
[67.951s][info   ][gc,metaspace] GC(26) O: Metaspace: 10M used, 11M committed, 3136M reserved
[67.951s][info   ][gc          ] GC(26) Major Collection (System.gc()) 1990M(32%)->1990M(32%) 2.858s
[67.951s][info   ][gc          ] GC(27) Major Collection (System.gc())
[67.957s][info   ][gc,metaspace] GC(27) Y: Metaspace: 10M used, 11M committed, 3136M reserved
[67.962s][info   ][gc,metaspace] GC(27) Y: Metaspace: 10M used, 11M committed, 3136M reserved
[70.493s][info   ][gc,metaspace] GC(27) O: Metaspace: 10M used, 11M committed, 3136M reserved
[70.493s][info   ][gc          ] GC(27) Major Collection (System.gc()) 1990M(32%)->1990M(32%) 2.542s
[70.493s][info   ][gc          ] GC(28) Major Collection (System.gc())
[70.499s][info   ][gc,metaspace] GC(28) Y: Metaspace: 10M used, 11M committed, 3136M reserved
[70.504s][info   ][gc,metaspace] GC(28) Y: Metaspace: 10M used, 11M committed, 3136M reserved
[72.692s][info   ][gc,metaspace] GC(28) O: Metaspace: 10M used, 11M committed, 3136M reserved
[72.692s][info   ][gc          ] GC(28) Major Collection (System.gc()) 1990M(32%)->1990M(32%) 2.199s
[72.692s][info   ][gc          ] GC(29) Major Collection (System.gc())
[72.697s][info   ][gc,metaspace] GC(29) Y: Metaspace: 10M used, 11M committed, 3136M reserved
[72.702s][info   ][gc,metaspace] GC(29) Y: Metaspace: 10M used, 11M committed, 3136M reserved
[74.927s][info   ][gc,metaspace] GC(29) O: Metaspace: 10M used, 11M committed, 3136M reserved
[74.927s][info   ][gc          ] GC(29) Major Collection (System.gc()) 1990M(32%)->1990M(32%) 2.235s
[74.927s][info   ][gc          ] GC(30) Major Collection (System.gc())
[74.932s][info   ][gc,metaspace] GC(30) Y: Metaspace: 10M used, 11M committed, 3136M reserved
[74.938s][info   ][gc,metaspace] GC(30) Y: Metaspace: 10M used, 11M committed, 3136M reserved
[77.078s][info   ][gc,metaspace] GC(30) O: Metaspace: 10M used, 11M committed, 3136M reserved
[77.078s][info   ][gc          ] GC(30) Major Collection (System.gc()) 1990M(32%)->1990M(32%) 2.151s
[77.078s][info   ][gc          ] GC(31) Major Collection (System.gc())
[77.084s][info   ][gc,metaspace] GC(31) Y: Metaspace: 10M used, 11M committed, 3136M reserved
[77.090s][info   ][gc,metaspace] GC(31) Y: Metaspace: 10M used, 11M committed, 3136M reserved
[79.494s][info   ][gc,metaspace] GC(31) O: Metaspace: 10M used, 11M committed, 3136M reserved
[79.494s][info   ][gc          ] GC(31) Major Collection (System.gc()) 1990M(32%)->1990M(32%) 2.416s
[79.494s][info   ][gc          ] GC(32) Major Collection (System.gc())
[79.499s][info   ][gc,metaspace] GC(32) Y: Metaspace: 10M used, 11M committed, 3136M reserved
[79.504s][info   ][gc,metaspace] GC(32) Y: Metaspace: 10M used, 11M committed, 3136M reserved
[81.796s][info   ][gc,metaspace] GC(32) O: Metaspace: 10M used, 11M committed, 3136M reserved
[81.796s][info   ][gc          ] GC(32) Major Collection (System.gc()) 1990M(32%)->1990M(32%) 2.302s
[81.796s][info   ][gc          ] GC(33) Major Collection (System.gc())
[81.801s][info   ][gc,metaspace] GC(33) Y: Metaspace: 10M used, 11M committed, 3136M reserved
[81.807s][info   ][gc,metaspace] GC(33) Y: Metaspace: 10M used, 11M committed, 3136M reserved
[84.244s][info   ][gc,metaspace] GC(33) O: Metaspace: 10M used, 11M committed, 3136M reserved
[84.244s][info   ][gc          ] GC(33) Major Collection (System.gc()) 1990M(32%)->1990M(32%) 2.448s
[84.244s][info   ][gc          ] GC(34) Major Collection (System.gc())
[84.249s][info   ][gc,metaspace] GC(34) Y: Metaspace: 10M used, 11M committed, 3136M reserved
[84.254s][info   ][gc,metaspace] GC(34) Y: Metaspace: 10M used, 11M committed, 3136M reserved
[87.043s][info   ][gc,metaspace] GC(34) O: Metaspace: 10M used, 11M committed, 3136M reserved
[87.044s][info   ][gc          ] GC(34) Major Collection (System.gc()) 1990M(32%)->1990M(32%) 2.799s
[87.044s][info   ][gc          ] GC(35) Major Collection (System.gc())
[87.049s][info   ][gc,metaspace] GC(35) Y: Metaspace: 10M used, 11M committed, 3136M reserved
[87.055s][info   ][gc,metaspace] GC(35) Y: Metaspace: 10M used, 11M committed, 3136M reserved
[89.565s][info   ][gc,metaspace] GC(35) O: Metaspace: 10M used, 11M committed, 3136M reserved
[89.565s][info   ][gc          ] GC(35) Major Collection (System.gc()) 1990M(32%)->1990M(32%) 2.521s
[89.565s][info   ][gc          ] GC(36) Major Collection (System.gc())
[89.570s][info   ][gc,metaspace] GC(36) Y: Metaspace: 10M used, 11M committed, 3136M reserved
[89.576s][info   ][gc,metaspace] GC(36) Y: Metaspace: 10M used, 11M committed, 3136M reserved
[91.849s][info   ][gc,metaspace] GC(36) O: Metaspace: 10M used, 11M committed, 3136M reserved
[91.849s][info   ][gc          ] GC(36) Major Collection (System.gc()) 1990M(32%)->1990M(32%) 2.284s
[91.849s][info   ][gc          ] GC(37) Major Collection (System.gc())
[91.854s][info   ][gc,metaspace] GC(37) Y: Metaspace: 10M used, 11M committed, 3136M reserved
[91.859s][info   ][gc,metaspace] GC(37) Y: Metaspace: 10M used, 11M committed, 3136M reserved
[94.017s][info   ][gc,metaspace] GC(37) O: Metaspace: 10M used, 11M committed, 3136M reserved
[94.017s][info   ][gc          ] GC(37) Major Collection (System.gc()) 1990M(32%)->1990M(32%) 2.169s
[94.017s][info   ][gc          ] GC(38) Major Collection (System.gc())
[94.023s][info   ][gc,metaspace] GC(38) Y: Metaspace: 10M used, 11M committed, 3136M reserved
[94.029s][info   ][gc,metaspace] GC(38) Y: Metaspace: 10M used, 11M committed, 3136M reserved
[96.107s][info   ][gc,metaspace] GC(38) O: Metaspace: 10M used, 11M committed, 3136M reserved
[96.107s][info   ][gc          ] GC(38) Major Collection (System.gc()) 1990M(32%)->1990M(32%) 2.090s
[96.107s][info   ][gc          ] GC(39) Major Collection (System.gc())
[96.112s][info   ][gc,metaspace] GC(39) Y: Metaspace: 10M used, 11M committed, 3136M reserved
[96.117s][info   ][gc,metaspace] GC(39) Y: Metaspace: 10M used, 11M committed, 3136M reserved
[98.216s][info   ][gc,metaspace] GC(39) O: Metaspace: 10M used, 11M committed, 3136M reserved
[98.216s][info   ][gc          ] GC(39) Major Collection (System.gc()) 1990M(32%)->1990M(32%) 2.109s
[98.216s][info   ][gc          ] GC(40) Major Collection (System.gc())
[98.222s][info   ][gc,metaspace] GC(40) Y: Metaspace: 10M used, 11M committed, 3136M reserved
[98.227s][info   ][gc,metaspace] GC(40) Y: Metaspace: 10M used, 11M committed, 3136M reserved
[100.603s][info   ][gc,metaspace] GC(40) O: Metaspace: 10M used, 11M committed, 3136M reserved
[100.603s][info   ][gc          ] GC(40) Major Collection (System.gc()) 1990M(32%)->1990M(32%) 2.386s
[100.603s][info   ][gc          ] GC(41) Major Collection (System.gc())
[100.608s][info   ][gc,metaspace] GC(41) Y: Metaspace: 10M used, 11M committed, 3136M reserved
[100.613s][info   ][gc,metaspace] GC(41) Y: Metaspace: 10M used, 11M committed, 3136M reserved
[103.395s][info   ][gc,metaspace] GC(41) O: Metaspace: 10M used, 11M committed, 3136M reserved
[103.395s][info   ][gc          ] GC(41) Major Collection (System.gc()) 1990M(32%)->1990M(32%) 2.792s
[103.395s][info   ][gc          ] GC(42) Major Collection (System.gc())
[103.401s][info   ][gc,metaspace] GC(42) Y: Metaspace: 10M used, 11M committed, 3136M reserved
[103.406s][info   ][gc,metaspace] GC(42) Y: Metaspace: 10M used, 11M committed, 3136M reserved
[105.593s][info   ][gc,metaspace] GC(42) O: Metaspace: 10M used, 11M committed, 3136M reserved
[105.593s][info   ][gc          ] GC(42) Major Collection (System.gc()) 1990M(32%)->1990M(32%) 2.198s
[105.593s][info   ][gc          ] GC(43) Major Collection (System.gc())
[105.599s][info   ][gc,metaspace] GC(43) Y: Metaspace: 10M used, 11M committed, 3136M reserved
[105.604s][info   ][gc,metaspace] GC(43) Y: Metaspace: 10M used, 11M committed, 3136M reserved
[107.862s][info   ][gc,metaspace] GC(43) O: Metaspace: 10M used, 11M committed, 3136M reserved
[107.862s][info   ][gc          ] GC(43) Major Collection (System.gc()) 1990M(32%)->1990M(32%) 2.269s
[107.862s][info   ][gc          ] GC(44) Major Collection (System.gc())
[107.868s][info   ][gc,metaspace] GC(44) Y: Metaspace: 10M used, 11M committed, 3136M reserved
[107.873s][info   ][gc,metaspace] GC(44) Y: Metaspace: 10M used, 11M committed, 3136M reserved
[110.006s][info   ][gc,metaspace] GC(44) O: Metaspace: 10M used, 11M committed, 3136M reserved
[110.006s][info   ][gc          ] GC(44) Major Collection (System.gc()) 1990M(32%)->1990M(32%) 2.143s
[110.006s][info   ][gc          ] GC(45) Major Collection (System.gc())
[110.012s][info   ][gc,metaspace] GC(45) Y: Metaspace: 10M used, 11M committed, 3136M reserved
[110.018s][info   ][gc,metaspace] GC(45) Y: Metaspace: 10M used, 11M committed, 3136M reserved
[112.101s][info   ][gc,metaspace] GC(45) O: Metaspace: 10M used, 11M committed, 3136M reserved
[112.101s][info   ][gc          ] GC(45) Major Collection (System.gc()) 1990M(32%)->1990M(32%) 2.095s
[112.101s][info   ][gc          ] GC(46) Major Collection (System.gc())
[112.106s][info   ][gc,metaspace] GC(46) Y: Metaspace: 10M used, 11M committed, 3136M reserved
[112.111s][info   ][gc,metaspace] GC(46) Y: Metaspace: 10M used, 11M committed, 3136M reserved
[114.259s][info   ][gc,metaspace] GC(46) O: Metaspace: 10M used, 11M committed, 3136M reserved
[114.259s][info   ][gc          ] GC(46) Major Collection (System.gc()) 1990M(32%)->1990M(32%) 2.157s
[114.259s][info   ][gc          ] GC(47) Major Collection (System.gc())
[114.265s][info   ][gc,metaspace] GC(47) Y: Metaspace: 10M used, 11M committed, 3136M reserved
[114.270s][info   ][gc,metaspace] GC(47) Y: Metaspace: 10M used, 11M committed, 3136M reserved
[116.673s][info   ][gc,metaspace] GC(47) O: Metaspace: 10M used, 11M committed, 3136M reserved
[116.673s][info   ][gc          ] GC(47) Major Collection (System.gc()) 1990M(32%)->1990M(32%) 2.414s
[116.673s][info   ][gc          ] GC(48) Major Collection (System.gc())
[116.678s][info   ][gc,metaspace] GC(48) Y: Metaspace: 10M used, 11M committed, 3136M reserved
[116.683s][info   ][gc,metaspace] GC(48) Y: Metaspace: 10M used, 11M committed, 3136M reserved
[118.937s][info   ][gc,metaspace] GC(48) O: Metaspace: 10M used, 11M committed, 3136M reserved
[118.937s][info   ][gc          ] GC(48) Major Collection (System.gc()) 1990M(32%)->1990M(32%) 2.265s
[118.938s][info   ][gc          ] GC(49) Major Collection (System.gc())
[118.943s][info   ][gc,metaspace] GC(49) Y: Metaspace: 10M used, 11M committed, 3136M reserved
[118.949s][info   ][gc,metaspace] GC(49) Y: Metaspace: 10M used, 11M committed, 3136M reserved
[121.024s][info   ][gc,metaspace] GC(49) O: Metaspace: 10M used, 11M committed, 3136M reserved
[121.024s][info   ][gc          ] GC(49) Major Collection (System.gc()) 1990M(32%)->1990M(32%) 2.087s
[121.024s][info   ][gc          ] GC(50) Major Collection (System.gc())
[121.030s][info   ][gc,metaspace] GC(50) Y: Metaspace: 10M used, 11M committed, 3136M reserved
[121.036s][info   ][gc,metaspace] GC(50) Y: Metaspace: 10M used, 11M committed, 3136M reserved
[123.212s][info   ][gc,metaspace] GC(50) O: Metaspace: 10M used, 11M committed, 3136M reserved
[123.212s][info   ][gc          ] GC(50) Major Collection (System.gc()) 1990M(32%)->1990M(32%) 2.188s
[123.212s][info   ][gc          ] GC(51) Major Collection (System.gc())
[123.217s][info   ][gc,metaspace] GC(51) Y: Metaspace: 10M used, 11M committed, 3136M reserved
[123.222s][info   ][gc,metaspace] GC(51) Y: Metaspace: 10M used, 11M committed, 3136M reserved
[125.630s][info   ][gc,metaspace] GC(51) O: Metaspace: 10M used, 11M committed, 3136M reserved
[125.630s][info   ][gc          ] GC(51) Major Collection (System.gc()) 1990M(32%)->1992M(32%) 2.418s
[125.630s][info   ][gc          ] GC(52) Major Collection (System.gc())
[125.636s][info   ][gc,metaspace] GC(52) Y: Metaspace: 10M used, 11M committed, 3136M reserved
[125.641s][info   ][gc,metaspace] GC(52) Y: Metaspace: 10M used, 11M committed, 3136M reserved
[127.915s][info   ][gc,metaspace] GC(52) O: Metaspace: 10M used, 11M committed, 3136M reserved
[127.915s][info   ][gc          ] GC(52) Major Collection (System.gc()) 1992M(32%)->1990M(32%) 2.285s
[127.915s][info   ][gc          ] GC(53) Major Collection (System.gc())
[127.921s][info   ][gc,metaspace] GC(53) Y: Metaspace: 10M used, 11M committed, 3136M reserved
[127.926s][info   ][gc,metaspace] GC(53) Y: Metaspace: 10M used, 11M committed, 3136M reserved
[130.065s][info   ][gc,metaspace] GC(53) O: Metaspace: 10M used, 11M committed, 3136M reserved
[130.065s][info   ][gc          ] GC(53) Major Collection (System.gc()) 1990M(32%)->1990M(32%) 2.150s
[130.065s][info   ][gc          ] GC(54) Major Collection (System.gc())
[130.071s][info   ][gc,metaspace] GC(54) Y: Metaspace: 10M used, 11M committed, 3136M reserved
[130.077s][info   ][gc,metaspace] GC(54) Y: Metaspace: 10M used, 11M committed, 3136M reserved
[132.213s][info   ][gc,metaspace] GC(54) O: Metaspace: 10M used, 11M committed, 3136M reserved
[132.213s][info   ][gc          ] GC(54) Major Collection (System.gc()) 1990M(32%)->1990M(32%) 2.147s
[132.213s][info   ][gc          ] GC(55) Major Collection (System.gc())
[132.218s][info   ][gc,metaspace] GC(55) Y: Metaspace: 10M used, 11M committed, 3136M reserved
[132.223s][info   ][gc,metaspace] GC(55) Y: Metaspace: 10M used, 11M committed, 3136M reserved
[134.669s][info   ][gc,metaspace] GC(55) O: Metaspace: 10M used, 11M committed, 3136M reserved
[134.669s][info   ][gc          ] GC(55) Major Collection (System.gc()) 1990M(32%)->1990M(32%) 2.456s
[134.669s][info   ][gc          ] GC(56) Major Collection (System.gc())
[134.675s][info   ][gc,metaspace] GC(56) Y: Metaspace: 10M used, 11M committed, 3136M reserved
[134.680s][info   ][gc,metaspace] GC(56) Y: Metaspace: 10M used, 11M committed, 3136M reserved
[136.942s][info   ][gc,metaspace] GC(56) O: Metaspace: 10M used, 11M committed, 3136M reserved
[136.942s][info   ][gc          ] GC(56) Major Collection (System.gc()) 1990M(32%)->1990M(32%) 2.273s
[136.942s][info   ][gc          ] GC(57) Major Collection (System.gc())
[136.948s][info   ][gc,metaspace] GC(57) Y: Metaspace: 10M used, 11M committed, 3136M reserved
[136.953s][info   ][gc,metaspace] GC(57) Y: Metaspace: 10M used, 11M committed, 3136M reserved
[139.070s][info   ][gc,metaspace] GC(57) O: Metaspace: 10M used, 11M committed, 3136M reserved
[139.070s][info   ][gc          ] GC(57) Major Collection (System.gc()) 1990M(32%)->1990M(32%) 2.128s
[139.070s][info   ][gc          ] GC(58) Major Collection (System.gc())
[139.076s][info   ][gc,metaspace] GC(58) Y: Metaspace: 10M used, 11M committed, 3136M reserved
[139.081s][info   ][gc,metaspace] GC(58) Y: Metaspace: 10M used, 11M committed, 3136M reserved
[141.240s][info   ][gc,metaspace] GC(58) O: Metaspace: 10M used, 11M committed, 3136M reserved
[141.240s][info   ][gc          ] GC(58) Major Collection (System.gc()) 1990M(32%)->1990M(32%) 2.170s
[141.240s][info   ][gc          ] GC(59) Major Collection (System.gc())
[141.246s][info   ][gc,metaspace] GC(59) Y: Metaspace: 10M used, 11M committed, 3136M reserved
[141.251s][info   ][gc,metaspace] GC(59) Y: Metaspace: 10M used, 11M committed, 3136M reserved
[143.675s][info   ][gc,metaspace] GC(59) O: Metaspace: 10M used, 11M committed, 3136M reserved
[143.675s][info   ][gc          ] GC(59) Major Collection (System.gc()) 1990M(32%)->1990M(32%) 2.435s
After GCs... 
