Done; will start GCs... 
[16.807s][info   ][gc,metaspace] GC(27) Metaspace: 16473K(17664K)->16473K(17664K) NonClass: 13130K(13696K)->13130K(13696K) Class: 3342K(3968K)->3342K(3968K)
[16.807s][info   ][gc          ] GC(27) Pause Full (System.gc()) 1580M->1578M(6144M) 722.086ms
[17.534s][info   ][gc,metaspace] GC(28) Metaspace: 16473K(17664K)->16473K(17664K) NonClass: 13130K(13696K)->13130K(13696K) Class: 3342K(3968K)->3342K(3968K)
[17.534s][info   ][gc          ] GC(28) Pause Full (System.gc()) 1578M->1578M(6144M) 721.953ms
[18.247s][info   ][gc,metaspace] GC(29) Metaspace: 16473K(17664K)->16473K(17664K) NonClass: 13130K(13696K)->13130K(13696K) Class: 3342K(3968K)->3342K(3968K)
[18.247s][info   ][gc          ] GC(29) Pause Full (System.gc()) 1578M->1578M(6144M) 713.367ms
[18.958s][info   ][gc,metaspace] GC(30) Metaspace: 16473K(17664K)->16473K(17664K) NonClass: 13130K(13696K)->13130K(13696K) Class: 3342K(3968K)->3342K(3968K)
[18.958s][info   ][gc          ] GC(30) Pause Full (System.gc()) 1578M->1578M(6144M) 710.794ms
[19.666s][info   ][gc,metaspace] GC(31) Metaspace: 16473K(17664K)->16473K(17664K) NonClass: 13130K(13696K)->13130K(13696K) Class: 3342K(3968K)->3342K(3968K)
[19.666s][info   ][gc          ] GC(31) Pause Full (System.gc()) 1578M->1578M(6144M) 707.850ms
[20.387s][info   ][gc,metaspace] GC(32) Metaspace: 16473K(17664K)->16473K(17664K) NonClass: 13130K(13696K)->13130K(13696K) Class: 3342K(3968K)->3342K(3968K)
[20.387s][info   ][gc          ] GC(32) Pause Full (System.gc()) 1578M->1578M(6144M) 721.484ms
[21.086s][info   ][gc,metaspace] GC(33) Metaspace: 16473K(17664K)->16473K(17664K) NonClass: 13130K(13696K)->13130K(13696K) Class: 3342K(3968K)->3342K(3968K)
[21.086s][info   ][gc          ] GC(33) Pause Full (System.gc()) 1578M->1578M(6144M) 698.831ms
[21.792s][info   ][gc,metaspace] GC(34) Metaspace: 16473K(17664K)->16473K(17664K) NonClass: 13130K(13696K)->13130K(13696K) Class: 3342K(3968K)->3342K(3968K)
[21.792s][info   ][gc          ] GC(34) Pause Full (System.gc()) 1578M->1578M(6144M) 705.334ms
[22.510s][info   ][gc,metaspace] GC(35) Metaspace: 16473K(17664K)->16473K(17664K) NonClass: 13130K(13696K)->13130K(13696K) Class: 3342K(3968K)->3342K(3968K)
[22.510s][info   ][gc          ] GC(35) Pause Full (System.gc()) 1578M->1578M(6144M) 718.106ms
[23.235s][info   ][gc,metaspace] GC(36) Metaspace: 16473K(17664K)->16473K(17664K) NonClass: 13130K(13696K)->13130K(13696K) Class: 3342K(3968K)->3342K(3968K)
[23.235s][info   ][gc          ] GC(36) Pause Full (System.gc()) 1578M->1578M(6144M) 724.930ms
[23.945s][info   ][gc,metaspace] GC(37) Metaspace: 16473K(17664K)->16473K(17664K) NonClass: 13130K(13696K)->13130K(13696K) Class: 3342K(3968K)->3342K(3968K)
[23.945s][info   ][gc          ] GC(37) Pause Full (System.gc()) 1578M->1578M(6144M) 710.364ms
[24.681s][info   ][gc,metaspace] GC(38) Metaspace: 16473K(17664K)->16473K(17664K) NonClass: 13130K(13696K)->13130K(13696K) Class: 3342K(3968K)->3342K(3968K)
[24.681s][info   ][gc          ] GC(38) Pause Full (System.gc()) 1578M->1578M(6144M) 735.986ms
[25.390s][info   ][gc,metaspace] GC(39) Metaspace: 16473K(17664K)->16473K(17664K) NonClass: 13130K(13696K)->13130K(13696K) Class: 3342K(3968K)->3342K(3968K)
[25.390s][info   ][gc          ] GC(39) Pause Full (System.gc()) 1578M->1578M(6144M) 708.240ms
[26.086s][info   ][gc,metaspace] GC(40) Metaspace: 16473K(17664K)->16473K(17664K) NonClass: 13130K(13696K)->13130K(13696K) Class: 3342K(3968K)->3342K(3968K)
[26.086s][info   ][gc          ] GC(40) Pause Full (System.gc()) 1578M->1578M(6144M) 696.371ms
[26.802s][info   ][gc,metaspace] GC(41) Metaspace: 16473K(17664K)->16473K(17664K) NonClass: 13130K(13696K)->13130K(13696K) Class: 3342K(3968K)->3342K(3968K)
[26.802s][info   ][gc          ] GC(41) Pause Full (System.gc()) 1578M->1578M(6144M) 716.058ms
[27.529s][info   ][gc,metaspace] GC(42) Metaspace: 16473K(17664K)->16473K(17664K) NonClass: 13130K(13696K)->13130K(13696K) Class: 3342K(3968K)->3342K(3968K)
[27.529s][info   ][gc          ] GC(42) Pause Full (System.gc()) 1578M->1578M(6144M) 726.625ms
[28.247s][info   ][gc,metaspace] GC(43) Metaspace: 16473K(17664K)->16473K(17664K) NonClass: 13130K(13696K)->13130K(13696K) Class: 3342K(3968K)->3342K(3968K)
[28.247s][info   ][gc          ] GC(43) Pause Full (System.gc()) 1578M->1578M(6144M) 718.243ms
[28.945s][info   ][gc,metaspace] GC(44) Metaspace: 16473K(17664K)->16473K(17664K) NonClass: 13130K(13696K)->13130K(13696K) Class: 3342K(3968K)->3342K(3968K)
[28.945s][info   ][gc          ] GC(44) Pause Full (System.gc()) 1578M->1578M(6144M) 697.735ms
[29.648s][info   ][gc,metaspace] GC(45) Metaspace: 16473K(17664K)->16473K(17664K) NonClass: 13130K(13696K)->13130K(13696K) Class: 3342K(3968K)->3342K(3968K)
[29.648s][info   ][gc          ] GC(45) Pause Full (System.gc()) 1578M->1578M(6144M) 703.242ms
[30.343s][info   ][gc,metaspace] GC(46) Metaspace: 16473K(17664K)->16473K(17664K) NonClass: 13130K(13696K)->13130K(13696K) Class: 3342K(3968K)->3342K(3968K)
[30.343s][info   ][gc          ] GC(46) Pause Full (System.gc()) 1578M->1578M(6144M) 694.386ms
[31.047s][info   ][gc,metaspace] GC(47) Metaspace: 16473K(17664K)->16473K(17664K) NonClass: 13130K(13696K)->13130K(13696K) Class: 3342K(3968K)->3342K(3968K)
[31.047s][info   ][gc          ] GC(47) Pause Full (System.gc()) 1578M->1578M(6144M) 703.895ms
[31.752s][info   ][gc,metaspace] GC(48) Metaspace: 16473K(17664K)->16473K(17664K) NonClass: 13130K(13696K)->13130K(13696K) Class: 3342K(3968K)->3342K(3968K)
[31.752s][info   ][gc          ] GC(48) Pause Full (System.gc()) 1578M->1578M(6144M) 704.797ms
[32.463s][info   ][gc,metaspace] GC(49) Metaspace: 16473K(17664K)->16473K(17664K) NonClass: 13130K(13696K)->13130K(13696K) Class: 3342K(3968K)->3342K(3968K)
[32.463s][info   ][gc          ] GC(49) Pause Full (System.gc()) 1578M->1578M(6144M) 711.477ms
[33.168s][info   ][gc,metaspace] GC(50) Metaspace: 16473K(17664K)->16473K(17664K) NonClass: 13130K(13696K)->13130K(13696K) Class: 3342K(3968K)->3342K(3968K)
[33.168s][info   ][gc          ] GC(50) Pause Full (System.gc()) 1578M->1578M(6144M) 705.020ms
[33.877s][info   ][gc,metaspace] GC(51) Metaspace: 16473K(17664K)->16473K(17664K) NonClass: 13130K(13696K)->13130K(13696K) Class: 3342K(3968K)->3342K(3968K)
[33.877s][info   ][gc          ] GC(51) Pause Full (System.gc()) 1578M->1578M(6144M) 708.567ms
[34.587s][info   ][gc,metaspace] GC(52) Metaspace: 16473K(17664K)->16473K(17664K) NonClass: 13130K(13696K)->13130K(13696K) Class: 3342K(3968K)->3342K(3968K)
[34.587s][info   ][gc          ] GC(52) Pause Full (System.gc()) 1578M->1578M(6144M) 710.145ms
[35.301s][info   ][gc,metaspace] GC(53) Metaspace: 16473K(17664K)->16473K(17664K) NonClass: 13130K(13696K)->13130K(13696K) Class: 3342K(3968K)->3342K(3968K)
[35.301s][info   ][gc          ] GC(53) Pause Full (System.gc()) 1578M->1578M(6144M) 713.645ms
[36.014s][info   ][gc,metaspace] GC(54) Metaspace: 16473K(17664K)->16473K(17664K) NonClass: 13130K(13696K)->13130K(13696K) Class: 3342K(3968K)->3342K(3968K)
[36.015s][info   ][gc          ] GC(54) Pause Full (System.gc()) 1578M->1578M(6144M) 713.664ms
[36.723s][info   ][gc,metaspace] GC(55) Metaspace: 16473K(17664K)->16473K(17664K) NonClass: 13130K(13696K)->13130K(13696K) Class: 3342K(3968K)->3342K(3968K)
[36.723s][info   ][gc          ] GC(55) Pause Full (System.gc()) 1578M->1578M(6144M) 708.149ms
[37.443s][info   ][gc,metaspace] GC(56) Metaspace: 16473K(17664K)->16473K(17664K) NonClass: 13130K(13696K)->13130K(13696K) Class: 3342K(3968K)->3342K(3968K)
[37.443s][info   ][gc          ] GC(56) Pause Full (System.gc()) 1578M->1578M(6144M) 720.601ms
[38.155s][info   ][gc,metaspace] GC(57) Metaspace: 16473K(17664K)->16473K(17664K) NonClass: 13130K(13696K)->13130K(13696K) Class: 3342K(3968K)->3342K(3968K)
[38.155s][info   ][gc          ] GC(57) Pause Full (System.gc()) 1578M->1578M(6144M) 711.061ms
[38.870s][info   ][gc,metaspace] GC(58) Metaspace: 16473K(17664K)->16473K(17664K) NonClass: 13130K(13696K)->13130K(13696K) Class: 3342K(3968K)->3342K(3968K)
[38.870s][info   ][gc          ] GC(58) Pause Full (System.gc()) 1578M->1578M(6144M) 715.774ms
[39.593s][info   ][gc,metaspace] GC(59) Metaspace: 16473K(17664K)->16473K(17664K) NonClass: 13130K(13696K)->13130K(13696K) Class: 3342K(3968K)->3342K(3968K)
[39.593s][info   ][gc          ] GC(59) Pause Full (System.gc()) 1578M->1578M(6144M) 722.082ms
[40.304s][info   ][gc,metaspace] GC(60) Metaspace: 16473K(17664K)->16473K(17664K) NonClass: 13130K(13696K)->13130K(13696K) Class: 3342K(3968K)->3342K(3968K)
[40.304s][info   ][gc          ] GC(60) Pause Full (System.gc()) 1578M->1578M(6144M) 711.618ms
[41.016s][info   ][gc,metaspace] GC(61) Metaspace: 16473K(17664K)->16473K(17664K) NonClass: 13130K(13696K)->13130K(13696K) Class: 3342K(3968K)->3342K(3968K)
[41.017s][info   ][gc          ] GC(61) Pause Full (System.gc()) 1578M->1578M(6144M) 712.249ms
[41.730s][info   ][gc,metaspace] GC(62) Metaspace: 16473K(17664K)->16473K(17664K) NonClass: 13130K(13696K)->13130K(13696K) Class: 3342K(3968K)->3342K(3968K)
[41.730s][info   ][gc          ] GC(62) Pause Full (System.gc()) 1578M->1578M(6144M) 713.425ms
[42.436s][info   ][gc,metaspace] GC(63) Metaspace: 16473K(17664K)->16473K(17664K) NonClass: 13130K(13696K)->13130K(13696K) Class: 3342K(3968K)->3342K(3968K)
[42.436s][info   ][gc          ] GC(63) Pause Full (System.gc()) 1578M->1578M(6144M) 705.491ms
[43.139s][info   ][gc,metaspace] GC(64) Metaspace: 16473K(17664K)->16473K(17664K) NonClass: 13130K(13696K)->13130K(13696K) Class: 3342K(3968K)->3342K(3968K)
[43.139s][info   ][gc          ] GC(64) Pause Full (System.gc()) 1578M->1578M(6144M) 703.621ms
[43.853s][info   ][gc,metaspace] GC(65) Metaspace: 16473K(17664K)->16473K(17664K) NonClass: 13130K(13696K)->13130K(13696K) Class: 3342K(3968K)->3342K(3968K)
[43.853s][info   ][gc          ] GC(65) Pause Full (System.gc()) 1578M->1578M(6144M) 713.327ms
[44.577s][info   ][gc,metaspace] GC(66) Metaspace: 16473K(17664K)->16473K(17664K) NonClass: 13130K(13696K)->13130K(13696K) Class: 3342K(3968K)->3342K(3968K)
[44.577s][info   ][gc          ] GC(66) Pause Full (System.gc()) 1578M->1578M(6144M) 724.415ms
[45.282s][info   ][gc,metaspace] GC(67) Metaspace: 16473K(17664K)->16473K(17664K) NonClass: 13130K(13696K)->13130K(13696K) Class: 3342K(3968K)->3342K(3968K)
[45.282s][info   ][gc          ] GC(67) Pause Full (System.gc()) 1578M->1578M(6144M) 704.461ms
[46.001s][info   ][gc,metaspace] GC(68) Metaspace: 16473K(17664K)->16473K(17664K) NonClass: 13130K(13696K)->13130K(13696K) Class: 3342K(3968K)->3342K(3968K)
[46.001s][info   ][gc          ] GC(68) Pause Full (System.gc()) 1578M->1578M(6144M) 719.426ms
[46.716s][info   ][gc,metaspace] GC(69) Metaspace: 16473K(17664K)->16473K(17664K) NonClass: 13130K(13696K)->13130K(13696K) Class: 3342K(3968K)->3342K(3968K)
[46.716s][info   ][gc          ] GC(69) Pause Full (System.gc()) 1578M->1578M(6144M) 714.522ms
[47.427s][info   ][gc,metaspace] GC(70) Metaspace: 16473K(17664K)->16473K(17664K) NonClass: 13130K(13696K)->13130K(13696K) Class: 3342K(3968K)->3342K(3968K)
[47.427s][info   ][gc          ] GC(70) Pause Full (System.gc()) 1578M->1578M(6144M) 710.917ms
[48.141s][info   ][gc,metaspace] GC(71) Metaspace: 16473K(17664K)->16473K(17664K) NonClass: 13130K(13696K)->13130K(13696K) Class: 3342K(3968K)->3342K(3968K)
[48.141s][info   ][gc          ] GC(71) Pause Full (System.gc()) 1578M->1578M(6144M) 714.536ms
[48.859s][info   ][gc,metaspace] GC(72) Metaspace: 16473K(17664K)->16473K(17664K) NonClass: 13130K(13696K)->13130K(13696K) Class: 3342K(3968K)->3342K(3968K)
[48.859s][info   ][gc          ] GC(72) Pause Full (System.gc()) 1578M->1578M(6144M) 717.189ms
[49.563s][info   ][gc,metaspace] GC(73) Metaspace: 16473K(17664K)->16473K(17664K) NonClass: 13130K(13696K)->13130K(13696K) Class: 3342K(3968K)->3342K(3968K)
[49.563s][info   ][gc          ] GC(73) Pause Full (System.gc()) 1578M->1578M(6144M) 704.286ms
[50.268s][info   ][gc,metaspace] GC(74) Metaspace: 16473K(17664K)->16473K(17664K) NonClass: 13130K(13696K)->13130K(13696K) Class: 3342K(3968K)->3342K(3968K)
[50.268s][info   ][gc          ] GC(74) Pause Full (System.gc()) 1578M->1578M(6144M) 704.823ms
[50.979s][info   ][gc,metaspace] GC(75) Metaspace: 16473K(17664K)->16473K(17664K) NonClass: 13130K(13696K)->13130K(13696K) Class: 3342K(3968K)->3342K(3968K)
[50.979s][info   ][gc          ] GC(75) Pause Full (System.gc()) 1578M->1578M(6144M) 711.440ms
[51.697s][info   ][gc,metaspace] GC(76) Metaspace: 16473K(17664K)->16473K(17664K) NonClass: 13130K(13696K)->13130K(13696K) Class: 3342K(3968K)->3342K(3968K)
[51.697s][info   ][gc          ] GC(76) Pause Full (System.gc()) 1578M->1578M(6144M) 717.586ms
After GCs... 
