Done; will start GCs... 
[16.540s][info   ][gc,metaspace] GC(27) Metaspace: 16503K(17600K)->16503K(17600K) NonClass: 13160K(13632K)->13160K(13632K) Class: 3342K(3968K)->3342K(3968K)
[16.540s][info   ][gc          ] GC(27) Pause Full (System.gc()) 1580M->1578M(6144M) 625.725ms
[17.171s][info   ][gc,metaspace] GC(28) Metaspace: 16503K(17600K)->16503K(17600K) NonClass: 13160K(13632K)->13160K(13632K) Class: 3342K(3968K)->3342K(3968K)
[17.171s][info   ][gc          ] GC(28) Pause Full (System.gc()) 1578M->1578M(6144M) 631.056ms
[17.798s][info   ][gc,metaspace] GC(29) Metaspace: 16503K(17600K)->16503K(17600K) NonClass: 13160K(13632K)->13160K(13632K) Class: 3342K(3968K)->3342K(3968K)
[17.798s][info   ][gc          ] GC(29) Pause Full (System.gc()) 1578M->1578M(6144M) 626.785ms
[18.425s][info   ][gc,metaspace] GC(30) Metaspace: 16503K(17600K)->16503K(17600K) NonClass: 13160K(13632K)->13160K(13632K) Class: 3342K(3968K)->3342K(3968K)
[18.425s][info   ][gc          ] GC(30) Pause Full (System.gc()) 1578M->1578M(6144M) 627.100ms
[19.056s][info   ][gc,metaspace] GC(31) Metaspace: 16503K(17600K)->16503K(17600K) NonClass: 13160K(13632K)->13160K(13632K) Class: 3342K(3968K)->3342K(3968K)
[19.057s][info   ][gc          ] GC(31) Pause Full (System.gc()) 1578M->1578M(6144M) 626.891ms
[19.694s][info   ][gc,metaspace] GC(32) Metaspace: 16503K(17600K)->16503K(17600K) NonClass: 13160K(13632K)->13160K(13632K) Class: 3342K(3968K)->3342K(3968K)
[19.694s][info   ][gc          ] GC(32) Pause Full (System.gc()) 1578M->1578M(6144M) 637.097ms
[20.323s][info   ][gc,metaspace] GC(33) Metaspace: 16503K(17600K)->16503K(17600K) NonClass: 13160K(13632K)->13160K(13632K) Class: 3342K(3968K)->3342K(3968K)
[20.323s][info   ][gc          ] GC(33) Pause Full (System.gc()) 1578M->1578M(6144M) 629.314ms
[20.950s][info   ][gc,metaspace] GC(34) Metaspace: 16503K(17600K)->16503K(17600K) NonClass: 13160K(13632K)->13160K(13632K) Class: 3342K(3968K)->3342K(3968K)
[20.950s][info   ][gc          ] GC(34) Pause Full (System.gc()) 1578M->1578M(6144M) 627.204ms
[21.593s][info   ][gc,metaspace] GC(35) Metaspace: 16503K(17600K)->16503K(17600K) NonClass: 13160K(13632K)->13160K(13632K) Class: 3342K(3968K)->3342K(3968K)
[21.593s][info   ][gc          ] GC(35) Pause Full (System.gc()) 1578M->1578M(6144M) 642.827ms
[22.221s][info   ][gc,metaspace] GC(36) Metaspace: 16503K(17600K)->16503K(17600K) NonClass: 13160K(13632K)->13160K(13632K) Class: 3342K(3968K)->3342K(3968K)
[22.221s][info   ][gc          ] GC(36) Pause Full (System.gc()) 1578M->1578M(6144M) 627.416ms
[22.849s][info   ][gc,metaspace] GC(37) Metaspace: 16503K(17600K)->16503K(17600K) NonClass: 13160K(13632K)->13160K(13632K) Class: 3342K(3968K)->3342K(3968K)
[22.849s][info   ][gc          ] GC(37) Pause Full (System.gc()) 1578M->1578M(6144M) 628.444ms
[23.484s][info   ][gc,metaspace] GC(38) Metaspace: 16503K(17600K)->16503K(17600K) NonClass: 13160K(13632K)->13160K(13632K) Class: 3342K(3968K)->3342K(3968K)
[23.484s][info   ][gc          ] GC(38) Pause Full (System.gc()) 1578M->1578M(6144M) 634.494ms
[24.108s][info   ][gc,metaspace] GC(39) Metaspace: 16503K(17600K)->16503K(17600K) NonClass: 13160K(13632K)->13160K(13632K) Class: 3342K(3968K)->3342K(3968K)
[24.108s][info   ][gc          ] GC(39) Pause Full (System.gc()) 1578M->1578M(6144M) 624.275ms
[24.737s][info   ][gc,metaspace] GC(40) Metaspace: 16503K(17600K)->16503K(17600K) NonClass: 13160K(13632K)->13160K(13632K) Class: 3342K(3968K)->3342K(3968K)
[24.737s][info   ][gc          ] GC(40) Pause Full (System.gc()) 1578M->1578M(6144M) 628.990ms
[25.374s][info   ][gc,metaspace] GC(41) Metaspace: 16503K(17600K)->16503K(17600K) NonClass: 13160K(13632K)->13160K(13632K) Class: 3342K(3968K)->3342K(3968K)
[25.375s][info   ][gc          ] GC(41) Pause Full (System.gc()) 1578M->1578M(6144M) 637.257ms
[26.006s][info   ][gc,metaspace] GC(42) Metaspace: 16503K(17600K)->16503K(17600K) NonClass: 13160K(13632K)->13160K(13632K) Class: 3342K(3968K)->3342K(3968K)
[26.007s][info   ][gc          ] GC(42) Pause Full (System.gc()) 1578M->1578M(6144M) 631.930ms
[26.635s][info   ][gc,metaspace] GC(43) Metaspace: 16503K(17600K)->16503K(17600K) NonClass: 13160K(13632K)->13160K(13632K) Class: 3342K(3968K)->3342K(3968K)
[26.635s][info   ][gc          ] GC(43) Pause Full (System.gc()) 1578M->1578M(6144M) 628.201ms
[27.263s][info   ][gc,metaspace] GC(44) Metaspace: 16503K(17600K)->16503K(17600K) NonClass: 13160K(13632K)->13160K(13632K) Class: 3342K(3968K)->3342K(3968K)
[27.263s][info   ][gc          ] GC(44) Pause Full (System.gc()) 1578M->1578M(6144M) 627.761ms
[27.898s][info   ][gc,metaspace] GC(45) Metaspace: 16503K(17600K)->16503K(17600K) NonClass: 13160K(13632K)->13160K(13632K) Class: 3342K(3968K)->3342K(3968K)
[27.898s][info   ][gc          ] GC(45) Pause Full (System.gc()) 1578M->1578M(6144M) 635.629ms
[28.525s][info   ][gc,metaspace] GC(46) Metaspace: 16503K(17600K)->16503K(17600K) NonClass: 13160K(13632K)->13160K(13632K) Class: 3342K(3968K)->3342K(3968K)
[28.525s][info   ][gc          ] GC(46) Pause Full (System.gc()) 1578M->1578M(6144M) 626.675ms
[29.153s][info   ][gc,metaspace] GC(47) Metaspace: 16503K(17600K)->16503K(17600K) NonClass: 13160K(13632K)->13160K(13632K) Class: 3342K(3968K)->3342K(3968K)
[29.153s][info   ][gc          ] GC(47) Pause Full (System.gc()) 1578M->1578M(6144M) 627.766ms
[29.781s][info   ][gc,metaspace] GC(48) Metaspace: 16503K(17600K)->16503K(17600K) NonClass: 13160K(13632K)->13160K(13632K) Class: 3342K(3968K)->3342K(3968K)
[29.781s][info   ][gc          ] GC(48) Pause Full (System.gc()) 1578M->1578M(6144M) 627.642ms
[30.413s][info   ][gc,metaspace] GC(49) Metaspace: 16503K(17600K)->16503K(17600K) NonClass: 13160K(13632K)->13160K(13632K) Class: 3342K(3968K)->3342K(3968K)
[30.413s][info   ][gc          ] GC(49) Pause Full (System.gc()) 1578M->1578M(6144M) 631.893ms
[31.040s][info   ][gc,metaspace] GC(50) Metaspace: 16503K(17600K)->16503K(17600K) NonClass: 13160K(13632K)->13160K(13632K) Class: 3342K(3968K)->3342K(3968K)
[31.040s][info   ][gc          ] GC(50) Pause Full (System.gc()) 1578M->1578M(6144M) 627.784ms
[31.677s][info   ][gc,metaspace] GC(51) Metaspace: 16503K(17600K)->16503K(17600K) NonClass: 13160K(13632K)->13160K(13632K) Class: 3342K(3968K)->3342K(3968K)
[31.677s][info   ][gc          ] GC(51) Pause Full (System.gc()) 1578M->1578M(6144M) 636.398ms
[32.304s][info   ][gc,metaspace] GC(52) Metaspace: 16503K(17600K)->16503K(17600K) NonClass: 13160K(13632K)->13160K(13632K) Class: 3342K(3968K)->3342K(3968K)
[32.304s][info   ][gc          ] GC(52) Pause Full (System.gc()) 1578M->1578M(6144M) 626.795ms
[32.932s][info   ][gc,metaspace] GC(53) Metaspace: 16503K(17600K)->16503K(17600K) NonClass: 13160K(13632K)->13160K(13632K) Class: 3342K(3968K)->3342K(3968K)
[32.932s][info   ][gc          ] GC(53) Pause Full (System.gc()) 1578M->1578M(6144M) 627.809ms
[33.566s][info   ][gc,metaspace] GC(54) Metaspace: 16503K(17600K)->16503K(17600K) NonClass: 13160K(13632K)->13160K(13632K) Class: 3342K(3968K)->3342K(3968K)
[33.566s][info   ][gc          ] GC(54) Pause Full (System.gc()) 1578M->1578M(6144M) 634.202ms
[34.201s][info   ][gc,metaspace] GC(55) Metaspace: 16503K(17600K)->16503K(17600K) NonClass: 13160K(13632K)->13160K(13632K) Class: 3342K(3968K)->3342K(3968K)
[34.202s][info   ][gc          ] GC(55) Pause Full (System.gc()) 1578M->1578M(6144M) 635.597ms
[34.835s][info   ][gc,metaspace] GC(56) Metaspace: 16503K(17600K)->16503K(17600K) NonClass: 13160K(13632K)->13160K(13632K) Class: 3342K(3968K)->3342K(3968K)
[34.835s][info   ][gc          ] GC(56) Pause Full (System.gc()) 1578M->1578M(6144M) 633.795ms
[35.469s][info   ][gc,metaspace] GC(57) Metaspace: 16503K(17600K)->16503K(17600K) NonClass: 13160K(13632K)->13160K(13632K) Class: 3342K(3968K)->3342K(3968K)
[35.469s][info   ][gc          ] GC(57) Pause Full (System.gc()) 1578M->1578M(6144M) 633.442ms
[36.102s][info   ][gc,metaspace] GC(58) Metaspace: 16503K(17600K)->16503K(17600K) NonClass: 13160K(13632K)->13160K(13632K) Class: 3342K(3968K)->3342K(3968K)
[36.102s][info   ][gc          ] GC(58) Pause Full (System.gc()) 1578M->1578M(6144M) 633.229ms
[36.730s][info   ][gc,metaspace] GC(59) Metaspace: 16503K(17600K)->16503K(17600K) NonClass: 13160K(13632K)->13160K(13632K) Class: 3342K(3968K)->3342K(3968K)
[36.730s][info   ][gc          ] GC(59) Pause Full (System.gc()) 1578M->1578M(6144M) 627.737ms
[37.362s][info   ][gc,metaspace] GC(60) Metaspace: 16503K(17600K)->16503K(17600K) NonClass: 13160K(13632K)->13160K(13632K) Class: 3342K(3968K)->3342K(3968K)
[37.362s][info   ][gc          ] GC(60) Pause Full (System.gc()) 1578M->1578M(6144M) 631.995ms
[37.992s][info   ][gc,metaspace] GC(61) Metaspace: 16503K(17600K)->16503K(17600K) NonClass: 13160K(13632K)->13160K(13632K) Class: 3342K(3968K)->3342K(3968K)
[37.992s][info   ][gc          ] GC(61) Pause Full (System.gc()) 1578M->1578M(6144M) 629.806ms
[38.626s][info   ][gc,metaspace] GC(62) Metaspace: 16503K(17600K)->16503K(17600K) NonClass: 13160K(13632K)->13160K(13632K) Class: 3342K(3968K)->3342K(3968K)
[38.626s][info   ][gc          ] GC(62) Pause Full (System.gc()) 1578M->1578M(6144M) 634.199ms
[39.249s][info   ][gc,metaspace] GC(63) Metaspace: 16503K(17600K)->16503K(17600K) NonClass: 13160K(13632K)->13160K(13632K) Class: 3342K(3968K)->3342K(3968K)
[39.249s][info   ][gc          ] GC(63) Pause Full (System.gc()) 1578M->1578M(6144M) 622.398ms
[39.880s][info   ][gc,metaspace] GC(64) Metaspace: 16503K(17600K)->16503K(17600K) NonClass: 13160K(13632K)->13160K(13632K) Class: 3342K(3968K)->3342K(3968K)
[39.880s][info   ][gc          ] GC(64) Pause Full (System.gc()) 1578M->1578M(6144M) 631.483ms
[40.506s][info   ][gc,metaspace] GC(65) Metaspace: 16503K(17600K)->16503K(17600K) NonClass: 13160K(13632K)->13160K(13632K) Class: 3342K(3968K)->3342K(3968K)
[40.506s][info   ][gc          ] GC(65) Pause Full (System.gc()) 1578M->1578M(6144M) 625.752ms
[41.137s][info   ][gc,metaspace] GC(66) Metaspace: 16503K(17600K)->16503K(17600K) NonClass: 13160K(13632K)->13160K(13632K) Class: 3342K(3968K)->3342K(3968K)
[41.137s][info   ][gc          ] GC(66) Pause Full (System.gc()) 1578M->1578M(6144M) 631.178ms
[41.774s][info   ][gc,metaspace] GC(67) Metaspace: 16503K(17600K)->16503K(17600K) NonClass: 13160K(13632K)->13160K(13632K) Class: 3342K(3968K)->3342K(3968K)
[41.774s][info   ][gc          ] GC(67) Pause Full (System.gc()) 1578M->1578M(6144M) 636.364ms
[42.398s][info   ][gc,metaspace] GC(68) Metaspace: 16503K(17600K)->16503K(17600K) NonClass: 13160K(13632K)->13160K(13632K) Class: 3342K(3968K)->3342K(3968K)
[42.398s][info   ][gc          ] GC(68) Pause Full (System.gc()) 1578M->1578M(6144M) 624.136ms
[43.021s][info   ][gc,metaspace] GC(69) Metaspace: 16503K(17600K)->16503K(17600K) NonClass: 13160K(13632K)->13160K(13632K) Class: 3342K(3968K)->3342K(3968K)
[43.021s][info   ][gc          ] GC(69) Pause Full (System.gc()) 1578M->1578M(6144M) 622.871ms
[43.656s][info   ][gc,metaspace] GC(70) Metaspace: 16503K(17600K)->16503K(17600K) NonClass: 13160K(13632K)->13160K(13632K) Class: 3342K(3968K)->3342K(3968K)
[43.656s][info   ][gc          ] GC(70) Pause Full (System.gc()) 1578M->1578M(6144M) 635.473ms
[44.291s][info   ][gc,metaspace] GC(71) Metaspace: 16503K(17600K)->16503K(17600K) NonClass: 13160K(13632K)->13160K(13632K) Class: 3342K(3968K)->3342K(3968K)
[44.291s][info   ][gc          ] GC(71) Pause Full (System.gc()) 1578M->1578M(6144M) 634.229ms
[44.911s][info   ][gc,metaspace] GC(72) Metaspace: 16503K(17600K)->16503K(17600K) NonClass: 13160K(13632K)->13160K(13632K) Class: 3342K(3968K)->3342K(3968K)
[44.911s][info   ][gc          ] GC(72) Pause Full (System.gc()) 1578M->1578M(6144M) 620.329ms
[45.543s][info   ][gc,metaspace] GC(73) Metaspace: 16503K(17600K)->16503K(17600K) NonClass: 13160K(13632K)->13160K(13632K) Class: 3342K(3968K)->3342K(3968K)
[45.543s][info   ][gc          ] GC(73) Pause Full (System.gc()) 1578M->1578M(6144M) 631.712ms
[46.174s][info   ][gc,metaspace] GC(74) Metaspace: 16503K(17600K)->16503K(17600K) NonClass: 13160K(13632K)->13160K(13632K) Class: 3342K(3968K)->3342K(3968K)
[46.174s][info   ][gc          ] GC(74) Pause Full (System.gc()) 1578M->1578M(6144M) 631.284ms
[46.799s][info   ][gc,metaspace] GC(75) Metaspace: 16503K(17600K)->16503K(17600K) NonClass: 13160K(13632K)->13160K(13632K) Class: 3342K(3968K)->3342K(3968K)
[46.799s][info   ][gc          ] GC(75) Pause Full (System.gc()) 1578M->1578M(6144M) 624.486ms
[47.435s][info   ][gc,metaspace] GC(76) Metaspace: 16503K(17600K)->16503K(17600K) NonClass: 13160K(13632K)->13160K(13632K) Class: 3342K(3968K)->3342K(3968K)
[47.435s][info   ][gc          ] GC(76) Pause Full (System.gc()) 1578M->1578M(6144M) 636.191ms
After GCs... 
