[0.001s][warning][pagesize] UseLargePages disabled, no large pages configured and available on the system.
[0.001s][info   ][metaspace]  - commit_granule_bytes: 65536.
[0.001s][info   ][metaspace]  - commit_granule_words: 8192.
[0.001s][info   ][metaspace]  - virtual_space_node_default_size: 8388608.
[0.001s][info   ][metaspace]  - enlarge_chunks_in_place: 1.
[0.001s][info   ][metaspace]  - use_allocation_guard: 0.
[0.005s][info   ][gc       ] Using G1
[0.570s][info   ][metaspace] Reserving compressed class space anywhere
[0.570s][info   ][gc,metaspace] CDS archive(s) not mapped
[0.574s][info   ][gc,metaspace] Compressed class space mapped at: 0x0000000034000000-0x00000000f4000000, reserved size: 3221225472
[0.574s][info   ][gc,metaspace] UseCompressedClassPointers 1, UseCompactObjectHeaders 1, narrow klass pointer bits 22, max shift 10
[0.574s][info   ][gc,metaspace] Narrow klass base: 0x0000000034000000, Narrow klass shift: 10, Narrow klass range: 0xc0000000
Random Seed: 12345678
Num Classes: 1024
Num Objects: 67108864
Percent IK Objects: 83.0%)
Percent OAK Objects: 5.0%)
Percent TAK Objects: 12.0%)
Cycles: 50
Loading 1024 pre-generated classes ...
Materialize pre-generated constructors ...
Creating objects...
[0.859s][info   ][gc,metaspace] GC(0) Metaspace: 12887K(13184K)->12887K(13184K) NonClass: 10084K(10240K)->10084K(10240K) Class: 2802K(2944K)->2802K(2944K)
[0.859s][info   ][gc          ] GC(0) Pause Full (System.gc()) 20M->3M(6144M) 9.746ms
[1.599s][info   ][gc,metaspace] GC(1) Metaspace: 16471K(17664K)->16471K(17664K) NonClass: 13128K(13696K)->13128K(13696K) Class: 3342K(3968K)->3342K(3968K)
[1.599s][info   ][gc          ] GC(1) Pause Young (Normal) (G1 Evacuation Pause) 567M->292M(6144M) 17.527ms
[1.908s][info   ][gc,metaspace] GC(2) Metaspace: 16473K(17664K)->16473K(17664K) NonClass: 13130K(13696K)->13130K(13696K) Class: 3342K(3968K)->3342K(3968K)
[1.908s][info   ][gc          ] GC(2) Pause Young (Normal) (G1 Evacuation Pause) 564M->318M(6144M) 24.002ms
[2.220s][info   ][gc,metaspace] GC(3) Metaspace: 16473K(17664K)->16473K(17664K) NonClass: 13130K(13696K)->13130K(13696K) Class: 3342K(3968K)->3342K(3968K)
[2.220s][info   ][gc          ] GC(3) Pause Young (Normal) (G1 Evacuation Pause) 594M->343M(6144M) 21.571ms
[2.532s][info   ][gc,metaspace] GC(4) Metaspace: 16473K(17664K)->16473K(17664K) NonClass: 13130K(13696K)->13130K(13696K) Class: 3342K(3968K)->3342K(3968K)
[2.532s][info   ][gc          ] GC(4) Pause Young (Normal) (G1 Evacuation Pause) 619M->368M(6144M) 22.279ms
[2.845s][info   ][gc,metaspace] GC(5) Metaspace: 16473K(17664K)->16473K(17664K) NonClass: 13130K(13696K)->13130K(13696K) Class: 3342K(3968K)->3342K(3968K)
[2.845s][info   ][gc          ] GC(5) Pause Young (Normal) (G1 Evacuation Pause) 644M->394M(6144M) 23.085ms
[3.153s][info   ][gc,metaspace] GC(6) Metaspace: 16473K(17664K)->16473K(17664K) NonClass: 13130K(13696K)->13130K(13696K) Class: 3342K(3968K)->3342K(3968K)
[3.153s][info   ][gc          ] GC(6) Pause Young (Normal) (G1 Evacuation Pause) 670M->420M(6144M) 25.134ms
[3.478s][info   ][gc,metaspace] GC(7) Metaspace: 16473K(17664K)->16473K(17664K) NonClass: 13130K(13696K)->13130K(13696K) Class: 3342K(3968K)->3342K(3968K)
[3.478s][info   ][gc          ] GC(7) Pause Young (Normal) (G1 Evacuation Pause) 696M->447M(6144M) 22.653ms
[3.764s][info   ][gc,metaspace] GC(8) Metaspace: 16473K(17664K)->16473K(17664K) NonClass: 13130K(13696K)->13130K(13696K) Class: 3342K(3968K)->3342K(3968K)
[3.764s][info   ][gc          ] GC(8) Pause Young (Normal) (G1 Evacuation Pause) 759M->477M(6144M) 27.463ms
[4.031s][info   ][gc,metaspace] GC(9) Metaspace: 16473K(17664K)->16473K(17664K) NonClass: 13130K(13696K)->13130K(13696K) Class: 3342K(3968K)->3342K(3968K)
[4.031s][info   ][gc          ] GC(9) Pause Young (Normal) (G1 Evacuation Pause) 809M->506M(6144M) 28.194ms
[4.362s][info   ][gc,metaspace] GC(10) Metaspace: 16473K(17664K)->16473K(17664K) NonClass: 13130K(13696K)->13130K(13696K) Class: 3342K(3968K)->3342K(3968K)
[4.362s][info   ][gc          ] GC(10) Pause Young (Normal) (G1 Evacuation Pause) 882M->541M(6144M) 27.867ms
[4.692s][info   ][gc,metaspace] GC(11) Metaspace: 16473K(17664K)->16473K(17664K) NonClass: 13130K(13696K)->13130K(13696K) Class: 3342K(3968K)->3342K(3968K)
[4.692s][info   ][gc          ] GC(11) Pause Young (Normal) (G1 Evacuation Pause) 965M->581M(6144M) 38.231ms
[5.057s][info   ][gc,metaspace] GC(12) Metaspace: 16473K(17664K)->16473K(17664K) NonClass: 13130K(13696K)->13130K(13696K) Class: 3342K(3968K)->3342K(3968K)
[5.057s][info   ][gc          ] GC(12) Pause Young (Normal) (G1 Evacuation Pause) 1053M->624M(6144M) 42.872ms
[5.458s][info   ][gc,metaspace] GC(13) Metaspace: 16473K(17664K)->16473K(17664K) NonClass: 13130K(13696K)->13130K(13696K) Class: 3342K(3968K)->3342K(3968K)
[5.458s][info   ][gc          ] GC(13) Pause Young (Normal) (G1 Evacuation Pause) 1152M->671M(6144M) 41.560ms
[5.905s][info   ][gc,metaspace] GC(14) Metaspace: 16473K(17664K)->16473K(17664K) NonClass: 13130K(13696K)->13130K(13696K) Class: 3342K(3968K)->3342K(3968K)
[5.905s][info   ][gc          ] GC(14) Pause Young (Normal) (G1 Evacuation Pause) 1263M->726M(6144M) 46.007ms
[6.449s][info   ][gc,metaspace] GC(15) Metaspace: 16473K(17664K)->16473K(17664K) NonClass: 13130K(13696K)->13130K(13696K) Class: 3342K(3968K)->3342K(3968K)
[6.449s][info   ][gc          ] GC(15) Pause Young (Normal) (G1 Evacuation Pause) 1382M->782M(6144M) 49.782ms
[7.000s][info   ][gc,metaspace] GC(16) Metaspace: 16473K(17664K)->16473K(17664K) NonClass: 13130K(13696K)->13130K(13696K) Class: 3342K(3968K)->3342K(3968K)
[7.000s][info   ][gc          ] GC(16) Pause Young (Normal) (G1 Evacuation Pause) 1514M->850M(6144M) 58.402ms
[7.654s][info   ][gc,metaspace] GC(17) Metaspace: 16473K(17664K)->16473K(17664K) NonClass: 13130K(13696K)->13130K(13696K) Class: 3342K(3968K)->3342K(3968K)
[7.654s][info   ][gc          ] GC(17) Pause Young (Normal) (G1 Evacuation Pause) 1654M->917M(6144M) 67.303ms
[8.362s][info   ][gc,metaspace] GC(18) Metaspace: 16473K(17664K)->16473K(17664K) NonClass: 13130K(13696K)->13130K(13696K) Class: 3342K(3968K)->3342K(3968K)
[8.362s][info   ][gc          ] GC(18) Pause Young (Normal) (G1 Evacuation Pause) 1793M->1001M(6144M) 69.963ms
[9.085s][info   ][gc,metaspace] GC(19) Metaspace: 16473K(17664K)->16473K(17664K) NonClass: 13130K(13696K)->13130K(13696K) Class: 3342K(3968K)->3342K(3968K)
[9.085s][info   ][gc          ] GC(19) Pause Young (Normal) (G1 Evacuation Pause) 1949M->1087M(6144M) 84.818ms
[9.845s][info   ][gc,metaspace] GC(20) Metaspace: 16473K(17664K)->16473K(17664K) NonClass: 13130K(13696K)->13130K(13696K) Class: 3342K(3968K)->3342K(3968K)
[9.845s][info   ][gc          ] GC(20) Pause Young (Normal) (G1 Evacuation Pause) 2091M->1175M(6144M) 79.616ms
[10.714s][info   ][gc,metaspace] GC(21) Metaspace: 16473K(17664K)->16473K(17664K) NonClass: 13130K(13696K)->13130K(13696K) Class: 3342K(3968K)->3342K(3968K)
[10.714s][info   ][gc          ] GC(21) Pause Young (Normal) (G1 Evacuation Pause) 2263M->1271M(6144M) 81.544ms
[11.643s][info   ][gc,metaspace] GC(22) Metaspace: 16473K(17664K)->16473K(17664K) NonClass: 13130K(13696K)->13130K(13696K) Class: 3342K(3968K)->3342K(3968K)
[11.643s][info   ][gc          ] GC(22) Pause Young (Normal) (G1 Evacuation Pause) 2431M->1375M(6144M) 94.542ms
[12.629s][info   ][gc,metaspace] GC(23) Metaspace: 16473K(17664K)->16473K(17664K) NonClass: 13130K(13696K)->13130K(13696K) Class: 3342K(3968K)->3342K(3968K)
[12.629s][info   ][gc          ] GC(23) Pause Young (Normal) (G1 Evacuation Pause) 2603M->1477M(6144M) 109.002ms
[13.667s][info   ][gc,metaspace] GC(24) Metaspace: 16473K(17664K)->16473K(17664K) NonClass: 13130K(13696K)->13130K(13696K) Class: 3342K(3968K)->3342K(3968K)
[13.667s][info   ][gc          ] GC(24) Pause Young (Normal) (G1 Evacuation Pause) 2765M->1597M(6144M) 114.765ms
67108864 Objects created
 - IK: 55699211 (82.99829%)
 - OAK: 3355627 (5.0002737%)
 - TAK: 8054026 (12.001434%)
Preparatory GC...
[15.307s][info   ][gc,metaspace] GC(25) Metaspace: 16473K(17664K)->16473K(17664K) NonClass: 13130K(13696K)->13130K(13696K) Class: 3342K(3968K)->3342K(3968K)
[15.307s][info   ][gc          ] GC(25) Pause Full (System.gc()) 2669M->1578M(6144M) 922.444ms
[16.085s][info   ][gc,metaspace] GC(26) Metaspace: 16473K(17664K)->16473K(17664K) NonClass: 13130K(13696K)->13130K(13696K) Class: 3342K(3968K)->3342K(3968K)
[16.085s][info   ][gc          ] GC(26) Pause Full (System.gc()) 1578M->1578M(6144M) 777.662ms
Done; will start GCs... 
[16.807s][info   ][gc,metaspace] GC(27) Metaspace: 16473K(17664K)->16473K(17664K) NonClass: 13130K(13696K)->13130K(13696K) Class: 3342K(3968K)->3342K(3968K)
[16.807s][info   ][gc          ] GC(27) Pause Full (System.gc()) 1580M->1578M(6144M) 722.086ms
[17.534s][info   ][gc,metaspace] GC(28) Metaspace: 16473K(17664K)->16473K(17664K) NonClass: 13130K(13696K)->13130K(13696K) Class: 3342K(3968K)->3342K(3968K)
[17.534s][info   ][gc          ] GC(28) Pause Full (System.gc()) 1578M->1578M(6144M) 721.953ms
[18.247s][info   ][gc,metaspace] GC(29) Metaspace: 16473K(17664K)->16473K(17664K) NonClass: 13130K(13696K)->13130K(13696K) Class: 3342K(3968K)->3342K(3968K)
[18.247s][info   ][gc          ] GC(29) Pause Full (System.gc()) 1578M->1578M(6144M) 713.367ms
[18.958s][info   ][gc,metaspace] GC(30) Metaspace: 16473K(17664K)->16473K(17664K) NonClass: 13130K(13696K)->13130K(13696K) Class: 3342K(3968K)->3342K(3968K)
[18.958s][info   ][gc          ] GC(30) Pause Full (System.gc()) 1578M->1578M(6144M) 710.794ms
[19.666s][info   ][gc,metaspace] GC(31) Metaspace: 16473K(17664K)->16473K(17664K) NonClass: 13130K(13696K)->13130K(13696K) Class: 3342K(3968K)->3342K(3968K)
[19.666s][info   ][gc          ] GC(31) Pause Full (System.gc()) 1578M->1578M(6144M) 707.850ms
[20.387s][info   ][gc,metaspace] GC(32) Metaspace: 16473K(17664K)->16473K(17664K) NonClass: 13130K(13696K)->13130K(13696K) Class: 3342K(3968K)->3342K(3968K)
[20.387s][info   ][gc          ] GC(32) Pause Full (System.gc()) 1578M->1578M(6144M) 721.484ms
[21.086s][info   ][gc,metaspace] GC(33) Metaspace: 16473K(17664K)->16473K(17664K) NonClass: 13130K(13696K)->13130K(13696K) Class: 3342K(3968K)->3342K(3968K)
[21.086s][info   ][gc          ] GC(33) Pause Full (System.gc()) 1578M->1578M(6144M) 698.831ms
[21.792s][info   ][gc,metaspace] GC(34) Metaspace: 16473K(17664K)->16473K(17664K) NonClass: 13130K(13696K)->13130K(13696K) Class: 3342K(3968K)->3342K(3968K)
[21.792s][info   ][gc          ] GC(34) Pause Full (System.gc()) 1578M->1578M(6144M) 705.334ms
[22.510s][info   ][gc,metaspace] GC(35) Metaspace: 16473K(17664K)->16473K(17664K) NonClass: 13130K(13696K)->13130K(13696K) Class: 3342K(3968K)->3342K(3968K)
[22.510s][info   ][gc          ] GC(35) Pause Full (System.gc()) 1578M->1578M(6144M) 718.106ms
[23.235s][info   ][gc,metaspace] GC(36) Metaspace: 16473K(17664K)->16473K(17664K) NonClass: 13130K(13696K)->13130K(13696K) Class: 3342K(3968K)->3342K(3968K)
[23.235s][info   ][gc          ] GC(36) Pause Full (System.gc()) 1578M->1578M(6144M) 724.930ms
[23.945s][info   ][gc,metaspace] GC(37) Metaspace: 16473K(17664K)->16473K(17664K) NonClass: 13130K(13696K)->13130K(13696K) Class: 3342K(3968K)->3342K(3968K)
[23.945s][info   ][gc          ] GC(37) Pause Full (System.gc()) 1578M->1578M(6144M) 710.364ms
[24.681s][info   ][gc,metaspace] GC(38) Metaspace: 16473K(17664K)->16473K(17664K) NonClass: 13130K(13696K)->13130K(13696K) Class: 3342K(3968K)->3342K(3968K)
[24.681s][info   ][gc          ] GC(38) Pause Full (System.gc()) 1578M->1578M(6144M) 735.986ms
[25.390s][info   ][gc,metaspace] GC(39) Metaspace: 16473K(17664K)->16473K(17664K) NonClass: 13130K(13696K)->13130K(13696K) Class: 3342K(3968K)->3342K(3968K)
[25.390s][info   ][gc          ] GC(39) Pause Full (System.gc()) 1578M->1578M(6144M) 708.240ms
[26.086s][info   ][gc,metaspace] GC(40) Metaspace: 16473K(17664K)->16473K(17664K) NonClass: 13130K(13696K)->13130K(13696K) Class: 3342K(3968K)->3342K(3968K)
[26.086s][info   ][gc          ] GC(40) Pause Full (System.gc()) 1578M->1578M(6144M) 696.371ms
[26.802s][info   ][gc,metaspace] GC(41) Metaspace: 16473K(17664K)->16473K(17664K) NonClass: 13130K(13696K)->13130K(13696K) Class: 3342K(3968K)->3342K(3968K)
[26.802s][info   ][gc          ] GC(41) Pause Full (System.gc()) 1578M->1578M(6144M) 716.058ms
[27.529s][info   ][gc,metaspace] GC(42) Metaspace: 16473K(17664K)->16473K(17664K) NonClass: 13130K(13696K)->13130K(13696K) Class: 3342K(3968K)->3342K(3968K)
[27.529s][info   ][gc          ] GC(42) Pause Full (System.gc()) 1578M->1578M(6144M) 726.625ms
[28.247s][info   ][gc,metaspace] GC(43) Metaspace: 16473K(17664K)->16473K(17664K) NonClass: 13130K(13696K)->13130K(13696K) Class: 3342K(3968K)->3342K(3968K)
[28.247s][info   ][gc          ] GC(43) Pause Full (System.gc()) 1578M->1578M(6144M) 718.243ms
[28.945s][info   ][gc,metaspace] GC(44) Metaspace: 16473K(17664K)->16473K(17664K) NonClass: 13130K(13696K)->13130K(13696K) Class: 3342K(3968K)->3342K(3968K)
[28.945s][info   ][gc          ] GC(44) Pause Full (System.gc()) 1578M->1578M(6144M) 697.735ms
[29.648s][info   ][gc,metaspace] GC(45) Metaspace: 16473K(17664K)->16473K(17664K) NonClass: 13130K(13696K)->13130K(13696K) Class: 3342K(3968K)->3342K(3968K)
[29.648s][info   ][gc          ] GC(45) Pause Full (System.gc()) 1578M->1578M(6144M) 703.242ms
[30.343s][info   ][gc,metaspace] GC(46) Metaspace: 16473K(17664K)->16473K(17664K) NonClass: 13130K(13696K)->13130K(13696K) Class: 3342K(3968K)->3342K(3968K)
[30.343s][info   ][gc          ] GC(46) Pause Full (System.gc()) 1578M->1578M(6144M) 694.386ms
[31.047s][info   ][gc,metaspace] GC(47) Metaspace: 16473K(17664K)->16473K(17664K) NonClass: 13130K(13696K)->13130K(13696K) Class: 3342K(3968K)->3342K(3968K)
[31.047s][info   ][gc          ] GC(47) Pause Full (System.gc()) 1578M->1578M(6144M) 703.895ms
[31.752s][info   ][gc,metaspace] GC(48) Metaspace: 16473K(17664K)->16473K(17664K) NonClass: 13130K(13696K)->13130K(13696K) Class: 3342K(3968K)->3342K(3968K)
[31.752s][info   ][gc          ] GC(48) Pause Full (System.gc()) 1578M->1578M(6144M) 704.797ms
[32.463s][info   ][gc,metaspace] GC(49) Metaspace: 16473K(17664K)->16473K(17664K) NonClass: 13130K(13696K)->13130K(13696K) Class: 3342K(3968K)->3342K(3968K)
[32.463s][info   ][gc          ] GC(49) Pause Full (System.gc()) 1578M->1578M(6144M) 711.477ms
[33.168s][info   ][gc,metaspace] GC(50) Metaspace: 16473K(17664K)->16473K(17664K) NonClass: 13130K(13696K)->13130K(13696K) Class: 3342K(3968K)->3342K(3968K)
[33.168s][info   ][gc          ] GC(50) Pause Full (System.gc()) 1578M->1578M(6144M) 705.020ms
[33.877s][info   ][gc,metaspace] GC(51) Metaspace: 16473K(17664K)->16473K(17664K) NonClass: 13130K(13696K)->13130K(13696K) Class: 3342K(3968K)->3342K(3968K)
[33.877s][info   ][gc          ] GC(51) Pause Full (System.gc()) 1578M->1578M(6144M) 708.567ms
[34.587s][info   ][gc,metaspace] GC(52) Metaspace: 16473K(17664K)->16473K(17664K) NonClass: 13130K(13696K)->13130K(13696K) Class: 3342K(3968K)->3342K(3968K)
[34.587s][info   ][gc          ] GC(52) Pause Full (System.gc()) 1578M->1578M(6144M) 710.145ms
[35.301s][info   ][gc,metaspace] GC(53) Metaspace: 16473K(17664K)->16473K(17664K) NonClass: 13130K(13696K)->13130K(13696K) Class: 3342K(3968K)->3342K(3968K)
[35.301s][info   ][gc          ] GC(53) Pause Full (System.gc()) 1578M->1578M(6144M) 713.645ms
[36.014s][info   ][gc,metaspace] GC(54) Metaspace: 16473K(17664K)->16473K(17664K) NonClass: 13130K(13696K)->13130K(13696K) Class: 3342K(3968K)->3342K(3968K)
[36.015s][info   ][gc          ] GC(54) Pause Full (System.gc()) 1578M->1578M(6144M) 713.664ms
[36.723s][info   ][gc,metaspace] GC(55) Metaspace: 16473K(17664K)->16473K(17664K) NonClass: 13130K(13696K)->13130K(13696K) Class: 3342K(3968K)->3342K(3968K)
[36.723s][info   ][gc          ] GC(55) Pause Full (System.gc()) 1578M->1578M(6144M) 708.149ms
[37.443s][info   ][gc,metaspace] GC(56) Metaspace: 16473K(17664K)->16473K(17664K) NonClass: 13130K(13696K)->13130K(13696K) Class: 3342K(3968K)->3342K(3968K)
[37.443s][info   ][gc          ] GC(56) Pause Full (System.gc()) 1578M->1578M(6144M) 720.601ms
[38.155s][info   ][gc,metaspace] GC(57) Metaspace: 16473K(17664K)->16473K(17664K) NonClass: 13130K(13696K)->13130K(13696K) Class: 3342K(3968K)->3342K(3968K)
[38.155s][info   ][gc          ] GC(57) Pause Full (System.gc()) 1578M->1578M(6144M) 711.061ms
[38.870s][info   ][gc,metaspace] GC(58) Metaspace: 16473K(17664K)->16473K(17664K) NonClass: 13130K(13696K)->13130K(13696K) Class: 3342K(3968K)->3342K(3968K)
[38.870s][info   ][gc          ] GC(58) Pause Full (System.gc()) 1578M->1578M(6144M) 715.774ms
[39.593s][info   ][gc,metaspace] GC(59) Metaspace: 16473K(17664K)->16473K(17664K) NonClass: 13130K(13696K)->13130K(13696K) Class: 3342K(3968K)->3342K(3968K)
[39.593s][info   ][gc          ] GC(59) Pause Full (System.gc()) 1578M->1578M(6144M) 722.082ms
[40.304s][info   ][gc,metaspace] GC(60) Metaspace: 16473K(17664K)->16473K(17664K) NonClass: 13130K(13696K)->13130K(13696K) Class: 3342K(3968K)->3342K(3968K)
[40.304s][info   ][gc          ] GC(60) Pause Full (System.gc()) 1578M->1578M(6144M) 711.618ms
[41.016s][info   ][gc,metaspace] GC(61) Metaspace: 16473K(17664K)->16473K(17664K) NonClass: 13130K(13696K)->13130K(13696K) Class: 3342K(3968K)->3342K(3968K)
[41.017s][info   ][gc          ] GC(61) Pause Full (System.gc()) 1578M->1578M(6144M) 712.249ms
[41.730s][info   ][gc,metaspace] GC(62) Metaspace: 16473K(17664K)->16473K(17664K) NonClass: 13130K(13696K)->13130K(13696K) Class: 3342K(3968K)->3342K(3968K)
[41.730s][info   ][gc          ] GC(62) Pause Full (System.gc()) 1578M->1578M(6144M) 713.425ms
[42.436s][info   ][gc,metaspace] GC(63) Metaspace: 16473K(17664K)->16473K(17664K) NonClass: 13130K(13696K)->13130K(13696K) Class: 3342K(3968K)->3342K(3968K)
[42.436s][info   ][gc          ] GC(63) Pause Full (System.gc()) 1578M->1578M(6144M) 705.491ms
[43.139s][info   ][gc,metaspace] GC(64) Metaspace: 16473K(17664K)->16473K(17664K) NonClass: 13130K(13696K)->13130K(13696K) Class: 3342K(3968K)->3342K(3968K)
[43.139s][info   ][gc          ] GC(64) Pause Full (System.gc()) 1578M->1578M(6144M) 703.621ms
[43.853s][info   ][gc,metaspace] GC(65) Metaspace: 16473K(17664K)->16473K(17664K) NonClass: 13130K(13696K)->13130K(13696K) Class: 3342K(3968K)->3342K(3968K)
[43.853s][info   ][gc          ] GC(65) Pause Full (System.gc()) 1578M->1578M(6144M) 713.327ms
[44.577s][info   ][gc,metaspace] GC(66) Metaspace: 16473K(17664K)->16473K(17664K) NonClass: 13130K(13696K)->13130K(13696K) Class: 3342K(3968K)->3342K(3968K)
[44.577s][info   ][gc          ] GC(66) Pause Full (System.gc()) 1578M->1578M(6144M) 724.415ms
[45.282s][info   ][gc,metaspace] GC(67) Metaspace: 16473K(17664K)->16473K(17664K) NonClass: 13130K(13696K)->13130K(13696K) Class: 3342K(3968K)->3342K(3968K)
[45.282s][info   ][gc          ] GC(67) Pause Full (System.gc()) 1578M->1578M(6144M) 704.461ms
[46.001s][info   ][gc,metaspace] GC(68) Metaspace: 16473K(17664K)->16473K(17664K) NonClass: 13130K(13696K)->13130K(13696K) Class: 3342K(3968K)->3342K(3968K)
[46.001s][info   ][gc          ] GC(68) Pause Full (System.gc()) 1578M->1578M(6144M) 719.426ms
[46.716s][info   ][gc,metaspace] GC(69) Metaspace: 16473K(17664K)->16473K(17664K) NonClass: 13130K(13696K)->13130K(13696K) Class: 3342K(3968K)->3342K(3968K)
[46.716s][info   ][gc          ] GC(69) Pause Full (System.gc()) 1578M->1578M(6144M) 714.522ms
[47.427s][info   ][gc,metaspace] GC(70) Metaspace: 16473K(17664K)->16473K(17664K) NonClass: 13130K(13696K)->13130K(13696K) Class: 3342K(3968K)->3342K(3968K)
[47.427s][info   ][gc          ] GC(70) Pause Full (System.gc()) 1578M->1578M(6144M) 710.917ms
[48.141s][info   ][gc,metaspace] GC(71) Metaspace: 16473K(17664K)->16473K(17664K) NonClass: 13130K(13696K)->13130K(13696K) Class: 3342K(3968K)->3342K(3968K)
[48.141s][info   ][gc          ] GC(71) Pause Full (System.gc()) 1578M->1578M(6144M) 714.536ms
[48.859s][info   ][gc,metaspace] GC(72) Metaspace: 16473K(17664K)->16473K(17664K) NonClass: 13130K(13696K)->13130K(13696K) Class: 3342K(3968K)->3342K(3968K)
[48.859s][info   ][gc          ] GC(72) Pause Full (System.gc()) 1578M->1578M(6144M) 717.189ms
[49.563s][info   ][gc,metaspace] GC(73) Metaspace: 16473K(17664K)->16473K(17664K) NonClass: 13130K(13696K)->13130K(13696K) Class: 3342K(3968K)->3342K(3968K)
[49.563s][info   ][gc          ] GC(73) Pause Full (System.gc()) 1578M->1578M(6144M) 704.286ms
[50.268s][info   ][gc,metaspace] GC(74) Metaspace: 16473K(17664K)->16473K(17664K) NonClass: 13130K(13696K)->13130K(13696K) Class: 3342K(3968K)->3342K(3968K)
[50.268s][info   ][gc          ] GC(74) Pause Full (System.gc()) 1578M->1578M(6144M) 704.823ms
[50.979s][info   ][gc,metaspace] GC(75) Metaspace: 16473K(17664K)->16473K(17664K) NonClass: 13130K(13696K)->13130K(13696K) Class: 3342K(3968K)->3342K(3968K)
[50.979s][info   ][gc          ] GC(75) Pause Full (System.gc()) 1578M->1578M(6144M) 711.440ms
[51.697s][info   ][gc,metaspace] GC(76) Metaspace: 16473K(17664K)->16473K(17664K) NonClass: 13130K(13696K)->13130K(13696K) Class: 3342K(3968K)->3342K(3968K)
[51.697s][info   ][gc          ] GC(76) Pause Full (System.gc()) 1578M->1578M(6144M) 717.586ms
After GCs... 
