Done; will start GCs... 
[16.974s][info   ][gc,metaspace] GC(27) Metaspace: 16384K(17472K)->16384K(17472K) NonClass: 14225K(14720K)->14225K(14720K) Class: 2158K(2752K)->2158K(2752K)
[16.974s][info   ][gc          ] GC(27) Pause Full (System.gc()) 1800M->1798M(6144M) 636.134ms
[17.609s][info   ][gc,metaspace] GC(28) Metaspace: 16384K(17472K)->16384K(17472K) NonClass: 14225K(14720K)->14225K(14720K) Class: 2158K(2752K)->2158K(2752K)
[17.609s][info   ][gc          ] GC(28) Pause Full (System.gc()) 1798M->1798M(6144M) 635.235ms
[18.255s][info   ][gc,metaspace] GC(29) Metaspace: 16384K(17472K)->16384K(17472K) NonClass: 14225K(14720K)->14225K(14720K) Class: 2158K(2752K)->2158K(2752K)
[18.255s][info   ][gc          ] GC(29) Pause Full (System.gc()) 1798M->1798M(6144M) 646.256ms
[18.895s][info   ][gc,metaspace] GC(30) Metaspace: 16384K(17472K)->16384K(17472K) NonClass: 14225K(14720K)->14225K(14720K) Class: 2158K(2752K)->2158K(2752K)
[18.895s][info   ][gc          ] GC(30) Pause Full (System.gc()) 1798M->1798M(6144M) 640.130ms
[19.543s][info   ][gc,metaspace] GC(31) Metaspace: 16384K(17472K)->16384K(17472K) NonClass: 14225K(14720K)->14225K(14720K) Class: 2158K(2752K)->2158K(2752K)
[19.544s][info   ][gc          ] GC(31) Pause Full (System.gc()) 1798M->1798M(6144M) 648.055ms
[20.174s][info   ][gc,metaspace] GC(32) Metaspace: 16384K(17472K)->16384K(17472K) NonClass: 14225K(14720K)->14225K(14720K) Class: 2158K(2752K)->2158K(2752K)
[20.174s][info   ][gc          ] GC(32) Pause Full (System.gc()) 1798M->1798M(6144M) 630.794ms
[20.804s][info   ][gc,metaspace] GC(33) Metaspace: 16384K(17472K)->16384K(17472K) NonClass: 14225K(14720K)->14225K(14720K) Class: 2158K(2752K)->2158K(2752K)
[20.804s][info   ][gc          ] GC(33) Pause Full (System.gc()) 1798M->1798M(6144M) 625.001ms
[21.435s][info   ][gc,metaspace] GC(34) Metaspace: 16384K(17472K)->16384K(17472K) NonClass: 14225K(14720K)->14225K(14720K) Class: 2158K(2752K)->2158K(2752K)
[21.435s][info   ][gc          ] GC(34) Pause Full (System.gc()) 1798M->1798M(6144M) 630.832ms
[22.065s][info   ][gc,metaspace] GC(35) Metaspace: 16384K(17472K)->16384K(17472K) NonClass: 14225K(14720K)->14225K(14720K) Class: 2158K(2752K)->2158K(2752K)
[22.065s][info   ][gc          ] GC(35) Pause Full (System.gc()) 1798M->1798M(6144M) 630.628ms
[22.708s][info   ][gc,metaspace] GC(36) Metaspace: 16384K(17472K)->16384K(17472K) NonClass: 14225K(14720K)->14225K(14720K) Class: 2158K(2752K)->2158K(2752K)
[22.708s][info   ][gc          ] GC(36) Pause Full (System.gc()) 1798M->1798M(6144M) 642.813ms
[23.335s][info   ][gc,metaspace] GC(37) Metaspace: 16384K(17472K)->16384K(17472K) NonClass: 14225K(14720K)->14225K(14720K) Class: 2158K(2752K)->2158K(2752K)
[23.335s][info   ][gc          ] GC(37) Pause Full (System.gc()) 1798M->1798M(6144M) 627.183ms
[23.974s][info   ][gc,metaspace] GC(38) Metaspace: 16384K(17472K)->16384K(17472K) NonClass: 14225K(14720K)->14225K(14720K) Class: 2158K(2752K)->2158K(2752K)
[23.974s][info   ][gc          ] GC(38) Pause Full (System.gc()) 1798M->1798M(6144M) 638.812ms
[24.620s][info   ][gc,metaspace] GC(39) Metaspace: 16384K(17472K)->16384K(17472K) NonClass: 14225K(14720K)->14225K(14720K) Class: 2158K(2752K)->2158K(2752K)
[24.620s][info   ][gc          ] GC(39) Pause Full (System.gc()) 1798M->1798M(6144M) 645.967ms
[25.250s][info   ][gc,metaspace] GC(40) Metaspace: 16384K(17472K)->16384K(17472K) NonClass: 14225K(14720K)->14225K(14720K) Class: 2158K(2752K)->2158K(2752K)
[25.250s][info   ][gc          ] GC(40) Pause Full (System.gc()) 1798M->1798M(6144M) 629.280ms
[25.888s][info   ][gc,metaspace] GC(41) Metaspace: 16384K(17472K)->16384K(17472K) NonClass: 14225K(14720K)->14225K(14720K) Class: 2158K(2752K)->2158K(2752K)
[25.888s][info   ][gc          ] GC(41) Pause Full (System.gc()) 1798M->1798M(6144M) 638.229ms
[26.534s][info   ][gc,metaspace] GC(42) Metaspace: 16384K(17472K)->16384K(17472K) NonClass: 14225K(14720K)->14225K(14720K) Class: 2158K(2752K)->2158K(2752K)
[26.534s][info   ][gc          ] GC(42) Pause Full (System.gc()) 1798M->1798M(6144M) 646.089ms
[27.173s][info   ][gc,metaspace] GC(43) Metaspace: 16384K(17472K)->16384K(17472K) NonClass: 14225K(14720K)->14225K(14720K) Class: 2158K(2752K)->2158K(2752K)
[27.174s][info   ][gc          ] GC(43) Pause Full (System.gc()) 1798M->1798M(6144M) 639.295ms
[27.811s][info   ][gc,metaspace] GC(44) Metaspace: 16384K(17472K)->16384K(17472K) NonClass: 14225K(14720K)->14225K(14720K) Class: 2158K(2752K)->2158K(2752K)
[27.811s][info   ][gc          ] GC(44) Pause Full (System.gc()) 1798M->1798M(6144M) 637.280ms
[28.442s][info   ][gc,metaspace] GC(45) Metaspace: 16384K(17472K)->16384K(17472K) NonClass: 14225K(14720K)->14225K(14720K) Class: 2158K(2752K)->2158K(2752K)
[28.442s][info   ][gc          ] GC(45) Pause Full (System.gc()) 1798M->1798M(6144M) 631.250ms
[29.096s][info   ][gc,metaspace] GC(46) Metaspace: 16384K(17472K)->16384K(17472K) NonClass: 14225K(14720K)->14225K(14720K) Class: 2158K(2752K)->2158K(2752K)
[29.096s][info   ][gc          ] GC(46) Pause Full (System.gc()) 1798M->1798M(6144M) 653.600ms
[29.746s][info   ][gc,metaspace] GC(47) Metaspace: 16384K(17472K)->16384K(17472K) NonClass: 14225K(14720K)->14225K(14720K) Class: 2158K(2752K)->2158K(2752K)
[29.746s][info   ][gc          ] GC(47) Pause Full (System.gc()) 1798M->1798M(6144M) 650.050ms
[30.377s][info   ][gc,metaspace] GC(48) Metaspace: 16384K(17472K)->16384K(17472K) NonClass: 14225K(14720K)->14225K(14720K) Class: 2158K(2752K)->2158K(2752K)
[30.377s][info   ][gc          ] GC(48) Pause Full (System.gc()) 1798M->1798M(6144M) 630.929ms
[31.017s][info   ][gc,metaspace] GC(49) Metaspace: 16384K(17472K)->16384K(17472K) NonClass: 14225K(14720K)->14225K(14720K) Class: 2158K(2752K)->2158K(2752K)
[31.017s][info   ][gc          ] GC(49) Pause Full (System.gc()) 1798M->1798M(6144M) 639.880ms
[31.655s][info   ][gc,metaspace] GC(50) Metaspace: 16384K(17472K)->16384K(17472K) NonClass: 14225K(14720K)->14225K(14720K) Class: 2158K(2752K)->2158K(2752K)
[31.655s][info   ][gc          ] GC(50) Pause Full (System.gc()) 1798M->1798M(6144M) 638.399ms
[32.289s][info   ][gc,metaspace] GC(51) Metaspace: 16384K(17472K)->16384K(17472K) NonClass: 14225K(14720K)->14225K(14720K) Class: 2158K(2752K)->2158K(2752K)
[32.289s][info   ][gc          ] GC(51) Pause Full (System.gc()) 1798M->1798M(6144M) 633.951ms
[32.925s][info   ][gc,metaspace] GC(52) Metaspace: 16384K(17472K)->16384K(17472K) NonClass: 14225K(14720K)->14225K(14720K) Class: 2158K(2752K)->2158K(2752K)
[32.925s][info   ][gc          ] GC(52) Pause Full (System.gc()) 1798M->1798M(6144M) 635.372ms
[33.560s][info   ][gc,metaspace] GC(53) Metaspace: 16384K(17472K)->16384K(17472K) NonClass: 14225K(14720K)->14225K(14720K) Class: 2158K(2752K)->2158K(2752K)
[33.560s][info   ][gc          ] GC(53) Pause Full (System.gc()) 1798M->1798M(6144M) 635.449ms
[34.187s][info   ][gc,metaspace] GC(54) Metaspace: 16384K(17472K)->16384K(17472K) NonClass: 14225K(14720K)->14225K(14720K) Class: 2158K(2752K)->2158K(2752K)
[34.187s][info   ][gc          ] GC(54) Pause Full (System.gc()) 1798M->1798M(6144M) 626.891ms
[34.827s][info   ][gc,metaspace] GC(55) Metaspace: 16384K(17472K)->16384K(17472K) NonClass: 14225K(14720K)->14225K(14720K) Class: 2158K(2752K)->2158K(2752K)
[34.827s][info   ][gc          ] GC(55) Pause Full (System.gc()) 1798M->1798M(6144M) 639.768ms
[35.456s][info   ][gc,metaspace] GC(56) Metaspace: 16384K(17472K)->16384K(17472K) NonClass: 14225K(14720K)->14225K(14720K) Class: 2158K(2752K)->2158K(2752K)
[35.456s][info   ][gc          ] GC(56) Pause Full (System.gc()) 1798M->1798M(6144M) 628.862ms
[36.093s][info   ][gc,metaspace] GC(57) Metaspace: 16384K(17472K)->16384K(17472K) NonClass: 14225K(14720K)->14225K(14720K) Class: 2158K(2752K)->2158K(2752K)
[36.093s][info   ][gc          ] GC(57) Pause Full (System.gc()) 1798M->1798M(6144M) 636.591ms
[36.728s][info   ][gc,metaspace] GC(58) Metaspace: 16384K(17472K)->16384K(17472K) NonClass: 14225K(14720K)->14225K(14720K) Class: 2158K(2752K)->2158K(2752K)
[36.728s][info   ][gc          ] GC(58) Pause Full (System.gc()) 1798M->1798M(6144M) 634.732ms
[37.361s][info   ][gc,metaspace] GC(59) Metaspace: 16384K(17472K)->16384K(17472K) NonClass: 14225K(14720K)->14225K(14720K) Class: 2158K(2752K)->2158K(2752K)
[37.361s][info   ][gc          ] GC(59) Pause Full (System.gc()) 1798M->1798M(6144M) 633.060ms
[37.997s][info   ][gc,metaspace] GC(60) Metaspace: 16384K(17472K)->16384K(17472K) NonClass: 14225K(14720K)->14225K(14720K) Class: 2158K(2752K)->2158K(2752K)
[37.997s][info   ][gc          ] GC(60) Pause Full (System.gc()) 1798M->1798M(6144M) 636.185ms
[38.639s][info   ][gc,metaspace] GC(61) Metaspace: 16384K(17472K)->16384K(17472K) NonClass: 14225K(14720K)->14225K(14720K) Class: 2158K(2752K)->2158K(2752K)
[38.639s][info   ][gc          ] GC(61) Pause Full (System.gc()) 1798M->1798M(6144M) 642.328ms
[39.278s][info   ][gc,metaspace] GC(62) Metaspace: 16384K(17472K)->16384K(17472K) NonClass: 14225K(14720K)->14225K(14720K) Class: 2158K(2752K)->2158K(2752K)
[39.278s][info   ][gc          ] GC(62) Pause Full (System.gc()) 1798M->1798M(6144M) 638.874ms
[39.914s][info   ][gc,metaspace] GC(63) Metaspace: 16384K(17472K)->16384K(17472K) NonClass: 14225K(14720K)->14225K(14720K) Class: 2158K(2752K)->2158K(2752K)
[39.914s][info   ][gc          ] GC(63) Pause Full (System.gc()) 1798M->1798M(6144M) 635.957ms
[40.555s][info   ][gc,metaspace] GC(64) Metaspace: 16384K(17472K)->16384K(17472K) NonClass: 14225K(14720K)->14225K(14720K) Class: 2158K(2752K)->2158K(2752K)
[40.555s][info   ][gc          ] GC(64) Pause Full (System.gc()) 1798M->1798M(6144M) 640.384ms
[41.194s][info   ][gc,metaspace] GC(65) Metaspace: 16384K(17472K)->16384K(17472K) NonClass: 14225K(14720K)->14225K(14720K) Class: 2158K(2752K)->2158K(2752K)
[41.194s][info   ][gc          ] GC(65) Pause Full (System.gc()) 1798M->1798M(6144M) 638.742ms
[41.825s][info   ][gc,metaspace] GC(66) Metaspace: 16384K(17472K)->16384K(17472K) NonClass: 14225K(14720K)->14225K(14720K) Class: 2158K(2752K)->2158K(2752K)
[41.825s][info   ][gc          ] GC(66) Pause Full (System.gc()) 1798M->1798M(6144M) 631.225ms
[42.467s][info   ][gc,metaspace] GC(67) Metaspace: 16384K(17472K)->16384K(17472K) NonClass: 14225K(14720K)->14225K(14720K) Class: 2158K(2752K)->2158K(2752K)
[42.467s][info   ][gc          ] GC(67) Pause Full (System.gc()) 1798M->1798M(6144M) 642.367ms
[43.100s][info   ][gc,metaspace] GC(68) Metaspace: 16384K(17472K)->16384K(17472K) NonClass: 14225K(14720K)->14225K(14720K) Class: 2158K(2752K)->2158K(2752K)
[43.100s][info   ][gc          ] GC(68) Pause Full (System.gc()) 1798M->1798M(6144M) 632.384ms
[43.743s][info   ][gc,metaspace] GC(69) Metaspace: 16384K(17472K)->16384K(17472K) NonClass: 14225K(14720K)->14225K(14720K) Class: 2158K(2752K)->2158K(2752K)
[43.743s][info   ][gc          ] GC(69) Pause Full (System.gc()) 1798M->1798M(6144M) 642.981ms
[44.380s][info   ][gc,metaspace] GC(70) Metaspace: 16384K(17472K)->16384K(17472K) NonClass: 14225K(14720K)->14225K(14720K) Class: 2158K(2752K)->2158K(2752K)
[44.380s][info   ][gc          ] GC(70) Pause Full (System.gc()) 1798M->1798M(6144M) 636.946ms
[45.018s][info   ][gc,metaspace] GC(71) Metaspace: 16384K(17472K)->16384K(17472K) NonClass: 14225K(14720K)->14225K(14720K) Class: 2158K(2752K)->2158K(2752K)
[45.018s][info   ][gc          ] GC(71) Pause Full (System.gc()) 1798M->1798M(6144M) 638.242ms
[45.659s][info   ][gc,metaspace] GC(72) Metaspace: 16384K(17472K)->16384K(17472K) NonClass: 14225K(14720K)->14225K(14720K) Class: 2158K(2752K)->2158K(2752K)
[45.659s][info   ][gc          ] GC(72) Pause Full (System.gc()) 1798M->1798M(6144M) 640.501ms
[46.302s][info   ][gc,metaspace] GC(73) Metaspace: 16384K(17472K)->16384K(17472K) NonClass: 14225K(14720K)->14225K(14720K) Class: 2158K(2752K)->2158K(2752K)
[46.302s][info   ][gc          ] GC(73) Pause Full (System.gc()) 1798M->1798M(6144M) 642.983ms
[46.942s][info   ][gc,metaspace] GC(74) Metaspace: 16384K(17472K)->16384K(17472K) NonClass: 14225K(14720K)->14225K(14720K) Class: 2158K(2752K)->2158K(2752K)
[46.942s][info   ][gc          ] GC(74) Pause Full (System.gc()) 1798M->1798M(6144M) 640.250ms
[47.587s][info   ][gc,metaspace] GC(75) Metaspace: 16384K(17472K)->16384K(17472K) NonClass: 14225K(14720K)->14225K(14720K) Class: 2158K(2752K)->2158K(2752K)
[47.587s][info   ][gc          ] GC(75) Pause Full (System.gc()) 1798M->1798M(6144M) 644.620ms
[48.221s][info   ][gc,metaspace] GC(76) Metaspace: 16384K(17472K)->16384K(17472K) NonClass: 14225K(14720K)->14225K(14720K) Class: 2158K(2752K)->2158K(2752K)
[48.221s][info   ][gc          ] GC(76) Pause Full (System.gc()) 1798M->1798M(6144M) 634.030ms
After GCs... 
