Done; will start GCs... 
[13.066s][info][gc,metaspace] GC(27) Metaspace: 12569K(13056K)->12569K(13056K) NonClass: 11224K(11456K)->11224K(11456K) Class: 1345K(1600K)->1345K(1600K)
[13.066s][info][gc          ] GC(27) Pause Full (System.gc()) 1850M->1848M(6144M) 665.558ms
[13.732s][info][gc,metaspace] GC(28) Metaspace: 12569K(13056K)->12569K(13056K) NonClass: 11224K(11456K)->11224K(11456K) Class: 1345K(1600K)->1345K(1600K)
[13.732s][info][gc          ] GC(28) Pause Full (System.gc()) 1848M->1848M(6144M) 666.349ms
[14.393s][info][gc,metaspace] GC(29) Metaspace: 12569K(13056K)->12569K(13056K) NonClass: 11224K(11456K)->11224K(11456K) Class: 1345K(1600K)->1345K(1600K)
[14.393s][info][gc          ] GC(29) Pause Full (System.gc()) 1848M->1848M(6144M) 660.354ms
[14.988s][info][gc,metaspace] GC(30) Metaspace: 12569K(13056K)->12569K(13056K) NonClass: 11224K(11456K)->11224K(11456K) Class: 1345K(1600K)->1345K(1600K)
[14.988s][info][gc          ] GC(30) Pause Full (System.gc()) 1848M->1848M(6144M) 595.255ms
[15.587s][info][gc,metaspace] GC(31) Metaspace: 12569K(13056K)->12569K(13056K) NonClass: 11224K(11456K)->11224K(11456K) Class: 1345K(1600K)->1345K(1600K)
[15.587s][info][gc          ] GC(31) Pause Full (System.gc()) 1848M->1848M(6144M) 599.094ms
[16.188s][info][gc,metaspace] GC(32) Metaspace: 12569K(13056K)->12569K(13056K) NonClass: 11224K(11456K)->11224K(11456K) Class: 1345K(1600K)->1345K(1600K)
[16.189s][info][gc          ] GC(32) Pause Full (System.gc()) 1848M->1848M(6144M) 601.219ms
[16.790s][info][gc,metaspace] GC(33) Metaspace: 12569K(13056K)->12569K(13056K) NonClass: 11224K(11456K)->11224K(11456K) Class: 1345K(1600K)->1345K(1600K)
[16.790s][info][gc          ] GC(33) Pause Full (System.gc()) 1848M->1848M(6144M) 601.732ms
[17.390s][info][gc,metaspace] GC(34) Metaspace: 12569K(13056K)->12569K(13056K) NonClass: 11224K(11456K)->11224K(11456K) Class: 1345K(1600K)->1345K(1600K)
[17.390s][info][gc          ] GC(34) Pause Full (System.gc()) 1848M->1848M(6144M) 599.589ms
[18.004s][info][gc,metaspace] GC(35) Metaspace: 12569K(13056K)->12569K(13056K) NonClass: 11224K(11456K)->11224K(11456K) Class: 1345K(1600K)->1345K(1600K)
[18.004s][info][gc          ] GC(35) Pause Full (System.gc()) 1848M->1848M(6144M) 613.630ms
[18.603s][info][gc,metaspace] GC(36) Metaspace: 12569K(13056K)->12569K(13056K) NonClass: 11224K(11456K)->11224K(11456K) Class: 1345K(1600K)->1345K(1600K)
[18.603s][info][gc          ] GC(36) Pause Full (System.gc()) 1848M->1848M(6144M) 599.733ms
After GCs... 
