Done; will start GCs... 
[13.726s][info][gc,metaspace] GC(27) Metaspace: 12588K(13056K)->12588K(13056K) NonClass: 10418K(10624K)->10418K(10624K) Class: 2169K(2432K)->2169K(2432K)
[13.726s][info][gc          ] GC(27) Pause Full (System.gc()) 1644M->1642M(6144M) 589.279ms
[14.315s][info][gc,metaspace] GC(28) Metaspace: 12588K(13056K)->12588K(13056K) NonClass: 10418K(10624K)->10418K(10624K) Class: 2169K(2432K)->2169K(2432K)
[14.315s][info][gc          ] GC(28) Pause Full (System.gc()) 1642M->1642M(6144M) 589.201ms
[14.904s][info][gc,metaspace] GC(29) Metaspace: 12588K(13056K)->12588K(13056K) NonClass: 10418K(10624K)->10418K(10624K) Class: 2169K(2432K)->2169K(2432K)
[14.904s][info][gc          ] GC(29) Pause Full (System.gc()) 1642M->1642M(6144M) 589.027ms
[15.497s][info][gc,metaspace] GC(30) Metaspace: 12588K(13056K)->12588K(13056K) NonClass: 10418K(10624K)->10418K(10624K) Class: 2169K(2432K)->2169K(2432K)
[15.497s][info][gc          ] GC(30) Pause Full (System.gc()) 1642M->1642M(6144M) 592.581ms
[16.081s][info][gc,metaspace] GC(31) Metaspace: 12588K(13056K)->12588K(13056K) NonClass: 10418K(10624K)->10418K(10624K) Class: 2169K(2432K)->2169K(2432K)
[16.082s][info][gc          ] GC(31) Pause Full (System.gc()) 1642M->1642M(6144M) 584.720ms
[16.669s][info][gc,metaspace] GC(32) Metaspace: 12588K(13056K)->12588K(13056K) NonClass: 10418K(10624K)->10418K(10624K) Class: 2169K(2432K)->2169K(2432K)
[16.670s][info][gc          ] GC(32) Pause Full (System.gc()) 1642M->1642M(6144M) 587.908ms
[17.261s][info][gc,metaspace] GC(33) Metaspace: 12588K(13056K)->12588K(13056K) NonClass: 10418K(10624K)->10418K(10624K) Class: 2169K(2432K)->2169K(2432K)
[17.261s][info][gc          ] GC(33) Pause Full (System.gc()) 1642M->1642M(6144M) 591.692ms
[17.851s][info][gc,metaspace] GC(34) Metaspace: 12588K(13056K)->12588K(13056K) NonClass: 10418K(10624K)->10418K(10624K) Class: 2169K(2432K)->2169K(2432K)
[17.851s][info][gc          ] GC(34) Pause Full (System.gc()) 1642M->1642M(6144M) 589.754ms
[18.444s][info][gc,metaspace] GC(35) Metaspace: 12588K(13056K)->12588K(13056K) NonClass: 10418K(10624K)->10418K(10624K) Class: 2169K(2432K)->2169K(2432K)
[18.444s][info][gc          ] GC(35) Pause Full (System.gc()) 1642M->1642M(6144M) 593.290ms
[19.036s][info][gc,metaspace] GC(36) Metaspace: 12588K(13056K)->12588K(13056K) NonClass: 10418K(10624K)->10418K(10624K) Class: 2169K(2432K)->2169K(2432K)
[19.036s][info][gc          ] GC(36) Pause Full (System.gc()) 1642M->1642M(6144M) 591.776ms
After GCs... 
