[0.002s][info][metaspace]  - commit_granule_bytes: 65536.
[0.002s][info][metaspace]  - commit_granule_words: 8192.
[0.002s][info][metaspace]  - virtual_space_node_default_size: 8388608.
[0.002s][info][metaspace]  - enlarge_chunks_in_place: 1.
[0.002s][info][metaspace]  - use_allocation_guard: 0.
[0.004s][info][gc       ] Using G1
[0.331s][info][metaspace] Reserving compressed class space anywhere
[0.331s][info][gc,metaspace] CDS archive(s) not mapped
[0.331s][info][gc,metaspace] Compressed class space mapped at: 0x0000000023000000-0x00000000e3000000, reserved size: 3221225472
[0.331s][info][gc,metaspace] UseCompressedClassPointers 1, UseCompactObjectHeaders 1, narrow klass pointer bits 22, max shift 10
[0.331s][info][gc,metaspace] Narrow klass base: 0x0000000023000000, Narrow klass shift: 10, Narrow klass range: 0xc0000000
Random Seed: 12345678
Num Classes: 256
Num Objects: 67108864
Percent IK Objects: 83.0%)
Percent OAK Objects: 5.0%)
Percent TAK Objects: 12.0%)
Cycles: 10
Loading 256 pre-generated classes ...
Materialize pre-generated constructors ...
Creating objects...
[0.577s][info][gc,metaspace] GC(0) Metaspace: 11631K(11904K)->11631K(11904K) NonClass: 9597K(9728K)->9597K(9728K) Class: 2034K(2176K)->2034K(2176K)
[0.577s][info][gc          ] GC(0) Pause Full (System.gc()) 20M->2M(6144M) 9.343ms
[1.069s][info][gc,metaspace] GC(1) Metaspace: 12586K(13056K)->12586K(13056K) NonClass: 10417K(10624K)->10417K(10624K) Class: 2169K(2432K)->2169K(2432K)
[1.069s][info][gc          ] GC(1) Pause Young (Normal) (G1 Evacuation Pause) 566M->296M(6144M) 20.355ms
[1.357s][info][gc,metaspace] GC(2) Metaspace: 12588K(13056K)->12588K(13056K) NonClass: 10418K(10624K)->10418K(10624K) Class: 2169K(2432K)->2169K(2432K)
[1.357s][info][gc          ] GC(2) Pause Young (Normal) (G1 Evacuation Pause) 564M->325M(6144M) 26.639ms
[1.567s][info][gc,metaspace] GC(3) Metaspace: 12588K(13056K)->12588K(13056K) NonClass: 10418K(10624K)->10418K(10624K) Class: 2169K(2432K)->2169K(2432K)
[1.567s][info][gc          ] GC(3) Pause Young (Normal) (G1 Evacuation Pause) 597M->353M(6144M) 26.521ms
[1.771s][info][gc,metaspace] GC(4) Metaspace: 12588K(13056K)->12588K(13056K) NonClass: 10418K(10624K)->10418K(10624K) Class: 2169K(2432K)->2169K(2432K)
[1.771s][info][gc          ] GC(4) Pause Young (Normal) (G1 Evacuation Pause) 625M->381M(6144M) 23.659ms
[1.978s][info][gc,metaspace] GC(5) Metaspace: 12588K(13056K)->12588K(13056K) NonClass: 10418K(10624K)->10418K(10624K) Class: 2169K(2432K)->2169K(2432K)
[1.978s][info][gc          ] GC(5) Pause Young (Normal) (G1 Evacuation Pause) 653M->412M(6144M) 23.563ms
[2.185s][info][gc,metaspace] GC(6) Metaspace: 12588K(13056K)->12588K(13056K) NonClass: 10418K(10624K)->10418K(10624K) Class: 2169K(2432K)->2169K(2432K)
[2.185s][info][gc          ] GC(6) Pause Young (Normal) (G1 Evacuation Pause) 684M->442M(6144M) 24.710ms
[2.391s][info][gc,metaspace] GC(7) Metaspace: 12588K(13056K)->12588K(13056K) NonClass: 10418K(10624K)->10418K(10624K) Class: 2169K(2432K)->2169K(2432K)
[2.392s][info][gc          ] GC(7) Pause Young (Normal) (G1 Evacuation Pause) 714M->471M(6144M) 24.247ms
[2.593s][info][gc,metaspace] GC(8) Metaspace: 12588K(13056K)->12588K(13056K) NonClass: 10418K(10624K)->10418K(10624K) Class: 2169K(2432K)->2169K(2432K)
[2.593s][info][gc          ] GC(8) Pause Young (Normal) (G1 Evacuation Pause) 747M->501M(6144M) 22.755ms
[2.873s][info][gc,metaspace] GC(9) Metaspace: 12588K(13056K)->12588K(13056K) NonClass: 10418K(10624K)->10418K(10624K) Class: 2169K(2432K)->2169K(2432K)
[2.873s][info][gc          ] GC(9) Pause Young (Normal) (G1 Evacuation Pause) 913M->535M(6144M) 31.397ms
[3.111s][info][gc,metaspace] GC(10) Metaspace: 12588K(13056K)->12588K(13056K) NonClass: 10418K(10624K)->10418K(10624K) Class: 2169K(2432K)->2169K(2432K)
[3.111s][info][gc          ] GC(10) Pause Young (Normal) (G1 Evacuation Pause) 867M->572M(6144M) 35.813ms
[3.425s][info][gc,metaspace] GC(11) Metaspace: 12588K(13056K)->12588K(13056K) NonClass: 10418K(10624K)->10418K(10624K) Class: 2169K(2432K)->2169K(2432K)
[3.425s][info][gc          ] GC(11) Pause Young (Normal) (G1 Evacuation Pause) 1036M->611M(6144M) 34.013ms
[3.740s][info][gc,metaspace] GC(12) Metaspace: 12588K(13056K)->12588K(13056K) NonClass: 10418K(10624K)->10418K(10624K) Class: 2169K(2432K)->2169K(2432K)
[3.740s][info][gc          ] GC(12) Pause Young (Normal) (G1 Evacuation Pause) 1063M->658M(6144M) 43.411ms
[4.205s][info][gc,metaspace] GC(13) Metaspace: 12588K(13056K)->12588K(13056K) NonClass: 10418K(10624K)->10418K(10624K) Class: 2169K(2432K)->2169K(2432K)
[4.205s][info][gc          ] GC(13) Pause Young (Normal) (G1 Evacuation Pause) 1266M->713M(6144M) 101.232ms
[4.595s][info][gc,metaspace] GC(14) Metaspace: 12588K(13056K)->12588K(13056K) NonClass: 10418K(10624K)->10418K(10624K) Class: 2169K(2432K)->2169K(2432K)
[4.596s][info][gc          ] GC(14) Pause Young (Normal) (G1 Evacuation Pause) 1253M->771M(6144M) 65.819ms
[5.084s][info][gc,metaspace] GC(15) Metaspace: 12588K(13056K)->12588K(13056K) NonClass: 10418K(10624K)->10418K(10624K) Class: 2169K(2432K)->2169K(2432K)
[5.084s][info][gc          ] GC(15) Pause Young (Normal) (G1 Evacuation Pause) 1503M->834M(6144M) 55.963ms
[5.597s][info][gc,metaspace] GC(16) Metaspace: 12588K(13056K)->12588K(13056K) NonClass: 10418K(10624K)->10418K(10624K) Class: 2169K(2432K)->2169K(2432K)
[5.597s][info][gc          ] GC(16) Pause Young (Normal) (G1 Evacuation Pause) 1510M->906M(6144M) 68.672ms
[6.205s][info][gc,metaspace] GC(17) Metaspace: 12588K(13056K)->12588K(13056K) NonClass: 10418K(10624K)->10418K(10624K) Class: 2169K(2432K)->2169K(2432K)
[6.205s][info][gc          ] GC(17) Pause Young (Normal) (G1 Evacuation Pause) 1806M->986M(6144M) 75.367ms
[6.779s][info][gc,metaspace] GC(18) Metaspace: 12588K(13056K)->12588K(13056K) NonClass: 10418K(10624K)->10418K(10624K) Class: 2169K(2432K)->2169K(2432K)
[6.779s][info][gc          ] GC(18) Pause Young (Normal) (G1 Evacuation Pause) 1790M->1068M(6144M) 95.843ms
[7.517s][info][gc,metaspace] GC(19) Metaspace: 12588K(13056K)->12588K(13056K) NonClass: 10418K(10624K)->10418K(10624K) Class: 2169K(2432K)->2169K(2432K)
[7.517s][info][gc          ] GC(19) Pause Young (Normal) (G1 Evacuation Pause) 2108M->1160M(6144M) 75.460ms
[8.196s][info][gc,metaspace] GC(20) Metaspace: 12588K(13056K)->12588K(13056K) NonClass: 10418K(10624K)->10418K(10624K) Class: 2169K(2432K)->2169K(2432K)
[8.196s][info][gc          ] GC(20) Pause Young (Normal) (G1 Evacuation Pause) 2116M->1252M(6144M) 110.119ms
[9.000s][info][gc,metaspace] GC(21) Metaspace: 12588K(13056K)->12588K(13056K) NonClass: 10418K(10624K)->10418K(10624K) Class: 2169K(2432K)->2169K(2432K)
[9.000s][info][gc          ] GC(21) Pause Young (Normal) (G1 Evacuation Pause) 2452M->1366M(6144M) 94.627ms
[9.782s][info][gc,metaspace] GC(22) Metaspace: 12588K(13056K)->12588K(13056K) NonClass: 10418K(10624K)->10418K(10624K) Class: 2169K(2432K)->2169K(2432K)
[9.782s][info][gc          ] GC(22) Pause Young (Normal) (G1 Evacuation Pause) 2534M->1470M(6144M) 91.167ms
[10.682s][info][gc,metaspace] GC(23) Metaspace: 12588K(13056K)->12588K(13056K) NonClass: 10418K(10624K)->10418K(10624K) Class: 2169K(2432K)->2169K(2432K)
[10.682s][info][gc          ] GC(23) Pause Young (Normal) (G1 Evacuation Pause) 2818M->1594M(6144M) 103.320ms
[11.636s][info][gc,metaspace] GC(24) Metaspace: 12588K(13056K)->12588K(13056K) NonClass: 10418K(10624K)->10418K(10624K) Class: 2169K(2432K)->2169K(2432K)
[11.636s][info][gc          ] GC(24) Pause Young (Normal) (G1 Evacuation Pause) 2930M->1722M(6144M) 114.952ms
67108864 Objects created
 - IK: 55699211 (82.99829%)
 - OAK: 3355627 (5.0002737%)
 - TAK: 8054026 (12.001434%)
Preparatory GC...
[12.535s][info][gc,metaspace] GC(25) Metaspace: 12588K(13056K)->12588K(13056K) NonClass: 10418K(10624K)->10418K(10624K) Class: 2169K(2432K)->2169K(2432K)
[12.535s][info][gc          ] GC(25) Pause Full (System.gc()) 2120M->1642M(6144M) 666.308ms
[13.136s][info][gc,metaspace] GC(26) Metaspace: 12588K(13056K)->12588K(13056K) NonClass: 10418K(10624K)->10418K(10624K) Class: 2169K(2432K)->2169K(2432K)
[13.136s][info][gc          ] GC(26) Pause Full (System.gc()) 1642M->1642M(6144M) 601.143ms
Done; will start GCs... 
[13.726s][info][gc,metaspace] GC(27) Metaspace: 12588K(13056K)->12588K(13056K) NonClass: 10418K(10624K)->10418K(10624K) Class: 2169K(2432K)->2169K(2432K)
[13.726s][info][gc          ] GC(27) Pause Full (System.gc()) 1644M->1642M(6144M) 589.279ms
[14.315s][info][gc,metaspace] GC(28) Metaspace: 12588K(13056K)->12588K(13056K) NonClass: 10418K(10624K)->10418K(10624K) Class: 2169K(2432K)->2169K(2432K)
[14.315s][info][gc          ] GC(28) Pause Full (System.gc()) 1642M->1642M(6144M) 589.201ms
[14.904s][info][gc,metaspace] GC(29) Metaspace: 12588K(13056K)->12588K(13056K) NonClass: 10418K(10624K)->10418K(10624K) Class: 2169K(2432K)->2169K(2432K)
[14.904s][info][gc          ] GC(29) Pause Full (System.gc()) 1642M->1642M(6144M) 589.027ms
[15.497s][info][gc,metaspace] GC(30) Metaspace: 12588K(13056K)->12588K(13056K) NonClass: 10418K(10624K)->10418K(10624K) Class: 2169K(2432K)->2169K(2432K)
[15.497s][info][gc          ] GC(30) Pause Full (System.gc()) 1642M->1642M(6144M) 592.581ms
[16.081s][info][gc,metaspace] GC(31) Metaspace: 12588K(13056K)->12588K(13056K) NonClass: 10418K(10624K)->10418K(10624K) Class: 2169K(2432K)->2169K(2432K)
[16.082s][info][gc          ] GC(31) Pause Full (System.gc()) 1642M->1642M(6144M) 584.720ms
[16.669s][info][gc,metaspace] GC(32) Metaspace: 12588K(13056K)->12588K(13056K) NonClass: 10418K(10624K)->10418K(10624K) Class: 2169K(2432K)->2169K(2432K)
[16.670s][info][gc          ] GC(32) Pause Full (System.gc()) 1642M->1642M(6144M) 587.908ms
[17.261s][info][gc,metaspace] GC(33) Metaspace: 12588K(13056K)->12588K(13056K) NonClass: 10418K(10624K)->10418K(10624K) Class: 2169K(2432K)->2169K(2432K)
[17.261s][info][gc          ] GC(33) Pause Full (System.gc()) 1642M->1642M(6144M) 591.692ms
[17.851s][info][gc,metaspace] GC(34) Metaspace: 12588K(13056K)->12588K(13056K) NonClass: 10418K(10624K)->10418K(10624K) Class: 2169K(2432K)->2169K(2432K)
[17.851s][info][gc          ] GC(34) Pause Full (System.gc()) 1642M->1642M(6144M) 589.754ms
[18.444s][info][gc,metaspace] GC(35) Metaspace: 12588K(13056K)->12588K(13056K) NonClass: 10418K(10624K)->10418K(10624K) Class: 2169K(2432K)->2169K(2432K)
[18.444s][info][gc          ] GC(35) Pause Full (System.gc()) 1642M->1642M(6144M) 593.290ms
[19.036s][info][gc,metaspace] GC(36) Metaspace: 12588K(13056K)->12588K(13056K) NonClass: 10418K(10624K)->10418K(10624K) Class: 2169K(2432K)->2169K(2432K)
[19.036s][info][gc          ] GC(36) Pause Full (System.gc()) 1642M->1642M(6144M) 591.776ms
After GCs... 
