[0.001s][info][metaspace]  - commit_granule_bytes: 65536.
[0.001s][info][metaspace]  - commit_granule_words: 8192.
[0.001s][info][metaspace]  - virtual_space_node_default_size: 8388608.
[0.001s][info][metaspace]  - enlarge_chunks_in_place: 1.
[0.001s][info][metaspace]  - use_allocation_guard: 0.
[0.003s][info][gc       ] Using G1
[0.329s][info][metaspace] Reserving compressed class space anywhere
[0.329s][info][gc,metaspace] CDS archive(s) not mapped
[0.329s][info][gc,metaspace] Compressed class space mapped at: 0x0000000008000000-0x00000000c8000000, reserved size: 3221225472
[0.329s][info][gc,metaspace] UseCompressedClassPointers 1, UseCompactObjectHeaders 1, narrow klass pointer bits 22, max shift 10
[0.329s][info][gc,metaspace] Narrow klass base: 0x0000000008000000, Narrow klass shift: 10, Narrow klass range: 0xc0000000
Random Seed: 12345678
Num Classes: 256
Num Objects: 67108864
Percent IK Objects: 83.0%)
Percent OAK Objects: 5.0%)
Percent TAK Objects: 12.0%)
Cycles: 10
Loading 256 pre-generated classes ...
Materialize pre-generated constructors ...
Creating objects...
[0.573s][info][gc,metaspace] GC(0) Metaspace: 11638K(11904K)->11638K(11904K) NonClass: 9602K(9728K)->9602K(9728K) Class: 2035K(2176K)->2035K(2176K)
[0.573s][info][gc          ] GC(0) Pause Full (System.gc()) 20M->2M(6144M) 8.894ms
[1.066s][info][gc,metaspace] GC(1) Metaspace: 12591K(13056K)->12591K(13056K) NonClass: 10420K(10624K)->10420K(10624K) Class: 2170K(2432K)->2170K(2432K)
[1.067s][info][gc          ] GC(1) Pause Young (Normal) (G1 Evacuation Pause) 566M->296M(6144M) 19.495ms
[1.322s][info][gc,metaspace] GC(2) Metaspace: 12592K(13056K)->12592K(13056K) NonClass: 10421K(10624K)->10421K(10624K) Class: 2170K(2432K)->2170K(2432K)
[1.322s][info][gc          ] GC(2) Pause Young (Normal) (G1 Evacuation Pause) 564M->325M(6144M) 29.820ms
[1.526s][info][gc,metaspace] GC(3) Metaspace: 12592K(13056K)->12592K(13056K) NonClass: 10421K(10624K)->10421K(10624K) Class: 2170K(2432K)->2170K(2432K)
[1.526s][info][gc          ] GC(3) Pause Young (Normal) (G1 Evacuation Pause) 597M->354M(6144M) 27.119ms
[1.728s][info][gc,metaspace] GC(4) Metaspace: 12592K(13056K)->12592K(13056K) NonClass: 10421K(10624K)->10421K(10624K) Class: 2170K(2432K)->2170K(2432K)
[1.728s][info][gc          ] GC(4) Pause Young (Normal) (G1 Evacuation Pause) 626M->385M(6144M) 23.360ms
[1.936s][info][gc,metaspace] GC(5) Metaspace: 12592K(13056K)->12592K(13056K) NonClass: 10421K(10624K)->10421K(10624K) Class: 2170K(2432K)->2170K(2432K)
[1.936s][info][gc          ] GC(5) Pause Young (Normal) (G1 Evacuation Pause) 657M->414M(6144M) 28.139ms
[2.137s][info][gc,metaspace] GC(6) Metaspace: 12592K(13056K)->12592K(13056K) NonClass: 10421K(10624K)->10421K(10624K) Class: 2170K(2432K)->2170K(2432K)
[2.137s][info][gc          ] GC(6) Pause Young (Normal) (G1 Evacuation Pause) 686M->444M(6144M) 23.565ms
[2.333s][info][gc,metaspace] GC(7) Metaspace: 12592K(13056K)->12592K(13056K) NonClass: 10421K(10624K)->10421K(10624K) Class: 2170K(2432K)->2170K(2432K)
[2.333s][info][gc          ] GC(7) Pause Young (Normal) (G1 Evacuation Pause) 716M->475M(6144M) 22.003ms
[2.530s][info][gc,metaspace] GC(8) Metaspace: 12592K(13056K)->12592K(13056K) NonClass: 10421K(10624K)->10421K(10624K) Class: 2170K(2432K)->2170K(2432K)
[2.530s][info][gc          ] GC(8) Pause Young (Normal) (G1 Evacuation Pause) 751M->503M(6144M) 23.322ms
[2.814s][info][gc,metaspace] GC(9) Metaspace: 12592K(13056K)->12592K(13056K) NonClass: 10421K(10624K)->10421K(10624K) Class: 2170K(2432K)->2170K(2432K)
[2.814s][info][gc          ] GC(9) Pause Young (Normal) (G1 Evacuation Pause) 935M->541M(6144M) 28.871ms
[3.041s][info][gc,metaspace] GC(10) Metaspace: 12592K(13056K)->12592K(13056K) NonClass: 10421K(10624K)->10421K(10624K) Class: 2170K(2432K)->2170K(2432K)
[3.041s][info][gc          ] GC(10) Pause Young (Normal) (G1 Evacuation Pause) 865M->577M(6144M) 35.046ms
[3.351s][info][gc,metaspace] GC(11) Metaspace: 12592K(13056K)->12592K(13056K) NonClass: 10421K(10624K)->10421K(10624K) Class: 2170K(2432K)->2170K(2432K)
[3.351s][info][gc          ] GC(11) Pause Young (Normal) (G1 Evacuation Pause) 1045M->618M(6144M) 34.604ms
[3.665s][info][gc,metaspace] GC(12) Metaspace: 12592K(13056K)->12592K(13056K) NonClass: 10421K(10624K)->10421K(10624K) Class: 2170K(2432K)->2170K(2432K)
[3.665s][info][gc          ] GC(12) Pause Young (Normal) (G1 Evacuation Pause) 1078M->668M(6144M) 43.746ms
[4.059s][info][gc,metaspace] GC(13) Metaspace: 12592K(13056K)->12592K(13056K) NonClass: 10421K(10624K)->10421K(10624K) Class: 2170K(2432K)->2170K(2432K)
[4.059s][info][gc          ] GC(13) Pause Young (Normal) (G1 Evacuation Pause) 1276M->718M(6144M) 42.212ms
[4.437s][info][gc,metaspace] GC(14) Metaspace: 12592K(13056K)->12592K(13056K) NonClass: 10421K(10624K)->10421K(10624K) Class: 2170K(2432K)->2170K(2432K)
[4.437s][info][gc          ] GC(14) Pause Young (Normal) (G1 Evacuation Pause) 1274M->776M(6144M) 56.662ms
[4.944s][info][gc,metaspace] GC(15) Metaspace: 12592K(13056K)->12592K(13056K) NonClass: 10421K(10624K)->10421K(10624K) Class: 2170K(2432K)->2170K(2432K)
[4.944s][info][gc          ] GC(15) Pause Young (Normal) (G1 Evacuation Pause) 1540M->842M(6144M) 63.278ms
[5.457s][info][gc,metaspace] GC(16) Metaspace: 12592K(13056K)->12592K(13056K) NonClass: 10421K(10624K)->10421K(10624K) Class: 2170K(2432K)->2170K(2432K)
[5.457s][info][gc          ] GC(16) Pause Young (Normal) (G1 Evacuation Pause) 1522M->915M(6144M) 69.596ms
[6.049s][info][gc,metaspace] GC(17) Metaspace: 12592K(13056K)->12592K(13056K) NonClass: 10421K(10624K)->10421K(10624K) Class: 2170K(2432K)->2170K(2432K)
[6.049s][info][gc          ] GC(17) Pause Young (Normal) (G1 Evacuation Pause) 1827M->992M(6144M) 62.857ms
[6.625s][info][gc,metaspace] GC(18) Metaspace: 12592K(13056K)->12592K(13056K) NonClass: 10421K(10624K)->10421K(10624K) Class: 2170K(2432K)->2170K(2432K)
[6.625s][info][gc          ] GC(18) Pause Young (Normal) (G1 Evacuation Pause) 1832M->1080M(6144M) 88.826ms
[7.374s][info][gc,metaspace] GC(19) Metaspace: 12592K(13056K)->12592K(13056K) NonClass: 10421K(10624K)->10421K(10624K) Class: 2170K(2432K)->2170K(2432K)
[7.374s][info][gc          ] GC(19) Pause Young (Normal) (G1 Evacuation Pause) 2164M->1174M(6144M) 78.766ms
[8.037s][info][gc,metaspace] GC(20) Metaspace: 12592K(13056K)->12592K(13056K) NonClass: 10421K(10624K)->10421K(10624K) Class: 2170K(2432K)->2170K(2432K)
[8.037s][info][gc          ] GC(20) Pause Young (Normal) (G1 Evacuation Pause) 2150M->1273M(6144M) 97.404ms
[8.914s][info][gc,metaspace] GC(21) Metaspace: 12592K(13056K)->12592K(13056K) NonClass: 10421K(10624K)->10421K(10624K) Class: 2170K(2432K)->2170K(2432K)
[8.914s][info][gc          ] GC(21) Pause Young (Normal) (G1 Evacuation Pause) 2529M->1382M(6144M) 103.055ms
[9.709s][info][gc,metaspace] GC(22) Metaspace: 12592K(13056K)->12592K(13056K) NonClass: 10421K(10624K)->10421K(10624K) Class: 2170K(2432K)->2170K(2432K)
[9.709s][info][gc          ] GC(22) Pause Young (Normal) (G1 Evacuation Pause) 2486M->1492M(6144M) 114.924ms
[10.670s][info][gc,metaspace] GC(23) Metaspace: 12592K(13056K)->12592K(13056K) NonClass: 10421K(10624K)->10421K(10624K) Class: 2170K(2432K)->2170K(2432K)
[10.670s][info][gc          ] GC(23) Pause Young (Normal) (G1 Evacuation Pause) 2896M->1624M(6144M) 103.567ms
[11.623s][info][gc,metaspace] GC(24) Metaspace: 12592K(13056K)->12592K(13056K) NonClass: 10421K(10624K)->10421K(10624K) Class: 2170K(2432K)->2170K(2432K)
[11.623s][info][gc          ] GC(24) Pause Young (Normal) (G1 Evacuation Pause) 2992M->1750M(6144M) 123.115ms
67108864 Objects created
 - IK: 55699211 (82.99829%)
 - OAK: 3355627 (5.0002737%)
 - TAK: 8054026 (12.001434%)
Preparatory GC...
[12.343s][info][gc,metaspace] GC(25) Metaspace: 12592K(13056K)->12592K(13056K) NonClass: 10421K(10624K)->10421K(10624K) Class: 2170K(2432K)->2170K(2432K)
[12.344s][info][gc          ] GC(25) Pause Full (System.gc()) 1880M->1643M(6144M) 646.140ms
[13.024s][info][gc,metaspace] GC(26) Metaspace: 12592K(13056K)->12592K(13056K) NonClass: 10421K(10624K)->10421K(10624K) Class: 2170K(2432K)->2170K(2432K)
[13.024s][info][gc          ] GC(26) Pause Full (System.gc()) 1643M->1643M(6144M) 680.666ms
Done; will start GCs... 
[13.688s][info][gc,metaspace] GC(27) Metaspace: 12592K(13056K)->12592K(13056K) NonClass: 10421K(10624K)->10421K(10624K) Class: 2170K(2432K)->2170K(2432K)
[13.688s][info][gc          ] GC(27) Pause Full (System.gc()) 1645M->1643M(6144M) 663.337ms
[14.294s][info][gc,metaspace] GC(28) Metaspace: 12592K(13056K)->12592K(13056K) NonClass: 10421K(10624K)->10421K(10624K) Class: 2170K(2432K)->2170K(2432K)
[14.294s][info][gc          ] GC(28) Pause Full (System.gc()) 1643M->1643M(6144M) 606.208ms
[14.914s][info][gc,metaspace] GC(29) Metaspace: 12592K(13056K)->12592K(13056K) NonClass: 10421K(10624K)->10421K(10624K) Class: 2170K(2432K)->2170K(2432K)
[14.914s][info][gc          ] GC(29) Pause Full (System.gc()) 1643M->1643M(6144M) 620.209ms
[15.531s][info][gc,metaspace] GC(30) Metaspace: 12592K(13056K)->12592K(13056K) NonClass: 10421K(10624K)->10421K(10624K) Class: 2170K(2432K)->2170K(2432K)
[15.531s][info][gc          ] GC(30) Pause Full (System.gc()) 1643M->1643M(6144M) 616.292ms
[16.138s][info][gc,metaspace] GC(31) Metaspace: 12592K(13056K)->12592K(13056K) NonClass: 10421K(10624K)->10421K(10624K) Class: 2170K(2432K)->2170K(2432K)
[16.138s][info][gc          ] GC(31) Pause Full (System.gc()) 1643M->1643M(6144M) 607.018ms
[16.749s][info][gc,metaspace] GC(32) Metaspace: 12592K(13056K)->12592K(13056K) NonClass: 10421K(10624K)->10421K(10624K) Class: 2170K(2432K)->2170K(2432K)
[16.749s][info][gc          ] GC(32) Pause Full (System.gc()) 1643M->1643M(6144M) 611.205ms
[17.377s][info][gc,metaspace] GC(33) Metaspace: 12592K(13056K)->12592K(13056K) NonClass: 10421K(10624K)->10421K(10624K) Class: 2170K(2432K)->2170K(2432K)
[17.377s][info][gc          ] GC(33) Pause Full (System.gc()) 1643M->1643M(6144M) 627.468ms
[17.987s][info][gc,metaspace] GC(34) Metaspace: 12592K(13056K)->12592K(13056K) NonClass: 10421K(10624K)->10421K(10624K) Class: 2170K(2432K)->2170K(2432K)
[17.987s][info][gc          ] GC(34) Pause Full (System.gc()) 1643M->1643M(6144M) 610.153ms
[18.600s][info][gc,metaspace] GC(35) Metaspace: 12592K(13056K)->12592K(13056K) NonClass: 10421K(10624K)->10421K(10624K) Class: 2170K(2432K)->2170K(2432K)
[18.600s][info][gc          ] GC(35) Pause Full (System.gc()) 1643M->1643M(6144M) 613.495ms
[19.219s][info][gc,metaspace] GC(36) Metaspace: 12592K(13056K)->12592K(13056K) NonClass: 10421K(10624K)->10421K(10624K) Class: 2170K(2432K)->2170K(2432K)
[19.219s][info][gc          ] GC(36) Pause Full (System.gc()) 1643M->1643M(6144M) 618.172ms
After GCs... 
