Done; will start GCs... 
[13.688s][info][gc,metaspace] GC(27) Metaspace: 12592K(13056K)->12592K(13056K) NonClass: 10421K(10624K)->10421K(10624K) Class: 2170K(2432K)->2170K(2432K)
[13.688s][info][gc          ] GC(27) Pause Full (System.gc()) 1645M->1643M(6144M) 663.337ms
[14.294s][info][gc,metaspace] GC(28) Metaspace: 12592K(13056K)->12592K(13056K) NonClass: 10421K(10624K)->10421K(10624K) Class: 2170K(2432K)->2170K(2432K)
[14.294s][info][gc          ] GC(28) Pause Full (System.gc()) 1643M->1643M(6144M) 606.208ms
[14.914s][info][gc,metaspace] GC(29) Metaspace: 12592K(13056K)->12592K(13056K) NonClass: 10421K(10624K)->10421K(10624K) Class: 2170K(2432K)->2170K(2432K)
[14.914s][info][gc          ] GC(29) Pause Full (System.gc()) 1643M->1643M(6144M) 620.209ms
[15.531s][info][gc,metaspace] GC(30) Metaspace: 12592K(13056K)->12592K(13056K) NonClass: 10421K(10624K)->10421K(10624K) Class: 2170K(2432K)->2170K(2432K)
[15.531s][info][gc          ] GC(30) Pause Full (System.gc()) 1643M->1643M(6144M) 616.292ms
[16.138s][info][gc,metaspace] GC(31) Metaspace: 12592K(13056K)->12592K(13056K) NonClass: 10421K(10624K)->10421K(10624K) Class: 2170K(2432K)->2170K(2432K)
[16.138s][info][gc          ] GC(31) Pause Full (System.gc()) 1643M->1643M(6144M) 607.018ms
[16.749s][info][gc,metaspace] GC(32) Metaspace: 12592K(13056K)->12592K(13056K) NonClass: 10421K(10624K)->10421K(10624K) Class: 2170K(2432K)->2170K(2432K)
[16.749s][info][gc          ] GC(32) Pause Full (System.gc()) 1643M->1643M(6144M) 611.205ms
[17.377s][info][gc,metaspace] GC(33) Metaspace: 12592K(13056K)->12592K(13056K) NonClass: 10421K(10624K)->10421K(10624K) Class: 2170K(2432K)->2170K(2432K)
[17.377s][info][gc          ] GC(33) Pause Full (System.gc()) 1643M->1643M(6144M) 627.468ms
[17.987s][info][gc,metaspace] GC(34) Metaspace: 12592K(13056K)->12592K(13056K) NonClass: 10421K(10624K)->10421K(10624K) Class: 2170K(2432K)->2170K(2432K)
[17.987s][info][gc          ] GC(34) Pause Full (System.gc()) 1643M->1643M(6144M) 610.153ms
[18.600s][info][gc,metaspace] GC(35) Metaspace: 12592K(13056K)->12592K(13056K) NonClass: 10421K(10624K)->10421K(10624K) Class: 2170K(2432K)->2170K(2432K)
[18.600s][info][gc          ] GC(35) Pause Full (System.gc()) 1643M->1643M(6144M) 613.495ms
[19.219s][info][gc,metaspace] GC(36) Metaspace: 12592K(13056K)->12592K(13056K) NonClass: 10421K(10624K)->10421K(10624K) Class: 2170K(2432K)->2170K(2432K)
[19.219s][info][gc          ] GC(36) Pause Full (System.gc()) 1643M->1643M(6144M) 618.172ms
After GCs... 
