[0.001s][warning][pagesize] UseLargePages disabled, no large pages configured and available on the system.
[0.001s][info   ][metaspace]  - commit_granule_bytes: 65536.
[0.001s][info   ][metaspace]  - commit_granule_words: 8192.
[0.001s][info   ][metaspace]  - virtual_space_node_default_size: 8388608.
[0.001s][info   ][metaspace]  - enlarge_chunks_in_place: 1.
[0.001s][info   ][metaspace]  - use_allocation_guard: 0.
[0.005s][info   ][gc       ] Using Serial
[2.429s][info   ][metaspace] Reserving compressed class space anywhere
[2.429s][info   ][gc,metaspace] CDS archive(s) not mapped
[2.429s][info   ][gc,metaspace] Compressed class space mapped at: 0x0000000013000000-0x00000000d3000000, reserved size: 3221225472
[2.429s][info   ][gc,metaspace] UseCompressedClassPointers 1, UseCompactObjectHeaders 1, narrow klass pointer bits 22, max shift 10
[2.429s][info   ][gc,metaspace] Narrow klass base: 0x0000000013000000, Narrow klass shift: 10, Narrow klass range: 0xc0000000
Random Seed: 12345678
Num Classes: 16
Num Objects: 67108864
Percent IK Objects: 83.0%)
Percent OAK Objects: 5.0%)
Percent TAK Objects: 12.0%)
Cycles: 50
Loading 16 pre-generated classes ...
Materialize pre-generated constructors ...
Creating objects...
[2.699s][info   ][gc,metaspace] GC(0) Metaspace: 11173K(11456K)->11173K(11456K) NonClass: 9382K(9536K)->9382K(9536K) Class: 1791K(1920K)->1791K(1920K)
[2.699s][info   ][gc          ] GC(0) Pause Full (System.gc()) 163M->2M(5939M) 8.865ms
[4.009s][info   ][gc,metaspace] GC(1) Metaspace: 11235K(11584K)->11235K(11584K) NonClass: 9434K(9600K)->9434K(9600K) Class: 1801K(1984K)->1801K(1984K)
[4.009s][info   ][gc          ] GC(1) Pause Young (Allocation Failure) 1640M->398M(5939M) 561.063ms
[5.267s][info   ][gc,metaspace] GC(2) Metaspace: 11235K(11584K)->11235K(11584K) NonClass: 9434K(9600K)->9434K(9600K) Class: 1801K(1984K)->1801K(1984K)
[5.267s][info   ][gc          ] GC(2) Pause Young (Allocation Failure) 2036M->554M(5939M) 536.167ms
[6.533s][info   ][gc,metaspace] GC(3) Metaspace: 11235K(11584K)->11235K(11584K) NonClass: 9434K(9600K)->9434K(9600K) Class: 1801K(1984K)->1801K(1984K)
[6.533s][info   ][gc          ] GC(3) Pause Young (Allocation Failure) 2192M->704M(5939M) 552.563ms
[7.791s][info   ][gc,metaspace] GC(4) Metaspace: 11235K(11584K)->11235K(11584K) NonClass: 9434K(9600K)->9434K(9600K) Class: 1801K(1984K)->1801K(1984K)
[7.791s][info   ][gc          ] GC(4) Pause Young (Allocation Failure) 2343M->855M(5939M) 543.102ms
[9.497s][info   ][gc,metaspace] GC(5) Metaspace: 11235K(11584K)->11235K(11584K) NonClass: 9434K(9600K)->9434K(9600K) Class: 1801K(1984K)->1801K(1984K)
[9.497s][info   ][gc          ] GC(5) Pause Young (Allocation Failure) 2494M->1006M(5939M) 990.943ms
[10.755s][info   ][gc,metaspace] GC(6) Metaspace: 11235K(11584K)->11235K(11584K) NonClass: 9434K(9600K)->9434K(9600K) Class: 1801K(1984K)->1801K(1984K)
[10.755s][info   ][gc          ] GC(6) Pause Young (Allocation Failure) 2644M->1156M(5939M) 543.691ms
[12.014s][info   ][gc,metaspace] GC(7) Metaspace: 11235K(11584K)->11235K(11584K) NonClass: 9434K(9600K)->9434K(9600K) Class: 1801K(1984K)->1801K(1984K)
[12.014s][info   ][gc          ] GC(7) Pause Young (Allocation Failure) 2795M->1307M(5939M) 544.063ms
67108864 Objects created
 - IK: 55699211 (82.99829%)
 - OAK: 3355627 (5.0002737%)
 - TAK: 8054026 (12.001434%)
Preparatory GC...
[16.357s][info   ][gc,metaspace] GC(8) Metaspace: 11235K(11584K)->11235K(11584K) NonClass: 9434K(9600K)->9434K(9600K) Class: 1801K(1984K)->1801K(1984K)
[16.357s][info   ][gc          ] GC(8) Pause Full (System.gc()) 2812M->1445M(5939M) 3685.919ms
[19.311s][info   ][gc,metaspace] GC(9) Metaspace: 11235K(11584K)->11235K(11584K) NonClass: 9434K(9600K)->9434K(9600K) Class: 1801K(1984K)->1801K(1984K)
[19.311s][info   ][gc          ] GC(9) Pause Full (System.gc()) 1445M->1445M(5939M) 2954.598ms
Done; will start GCs... 
[23.280s][info   ][gc,metaspace] GC(10) Metaspace: 11235K(11584K)->11235K(11584K) NonClass: 9434K(9600K)->9434K(9600K) Class: 1801K(1984K)->1801K(1984K)
[23.281s][info   ][gc          ] GC(10) Pause Full (System.gc()) 1478M->1445M(5939M) 3968.848ms
[26.238s][info   ][gc,metaspace] GC(11) Metaspace: 11235K(11584K)->11235K(11584K) NonClass: 9434K(9600K)->9434K(9600K) Class: 1801K(1984K)->1801K(1984K)
[26.238s][info   ][gc          ] GC(11) Pause Full (System.gc()) 1445M->1445M(5939M) 2957.608ms
[29.194s][info   ][gc,metaspace] GC(12) Metaspace: 11235K(11584K)->11235K(11584K) NonClass: 9434K(9600K)->9434K(9600K) Class: 1801K(1984K)->1801K(1984K)
[29.194s][info   ][gc          ] GC(12) Pause Full (System.gc()) 1445M->1445M(5939M) 2955.514ms
[32.154s][info   ][gc,metaspace] GC(13) Metaspace: 11235K(11584K)->11235K(11584K) NonClass: 9434K(9600K)->9434K(9600K) Class: 1801K(1984K)->1801K(1984K)
[32.154s][info   ][gc          ] GC(13) Pause Full (System.gc()) 1445M->1445M(5939M) 2959.679ms
[35.107s][info   ][gc,metaspace] GC(14) Metaspace: 11235K(11584K)->11235K(11584K) NonClass: 9434K(9600K)->9434K(9600K) Class: 1801K(1984K)->1801K(1984K)
[35.107s][info   ][gc          ] GC(14) Pause Full (System.gc()) 1445M->1445M(5939M) 2953.093ms
[38.065s][info   ][gc,metaspace] GC(15) Metaspace: 11235K(11584K)->11235K(11584K) NonClass: 9434K(9600K)->9434K(9600K) Class: 1801K(1984K)->1801K(1984K)
[38.065s][info   ][gc          ] GC(15) Pause Full (System.gc()) 1445M->1445M(5939M) 2957.872ms
[41.020s][info   ][gc,metaspace] GC(16) Metaspace: 11235K(11584K)->11235K(11584K) NonClass: 9434K(9600K)->9434K(9600K) Class: 1801K(1984K)->1801K(1984K)
[41.020s][info   ][gc          ] GC(16) Pause Full (System.gc()) 1445M->1445M(5939M) 2954.637ms
[43.981s][info   ][gc,metaspace] GC(17) Metaspace: 11235K(11584K)->11235K(11584K) NonClass: 9434K(9600K)->9434K(9600K) Class: 1801K(1984K)->1801K(1984K)
[43.981s][info   ][gc          ] GC(17) Pause Full (System.gc()) 1445M->1445M(5939M) 2960.565ms
[46.935s][info   ][gc,metaspace] GC(18) Metaspace: 11235K(11584K)->11235K(11584K) NonClass: 9434K(9600K)->9434K(9600K) Class: 1801K(1984K)->1801K(1984K)
[46.935s][info   ][gc          ] GC(18) Pause Full (System.gc()) 1445M->1445M(5939M) 2954.764ms
[49.896s][info   ][gc,metaspace] GC(19) Metaspace: 11235K(11584K)->11235K(11584K) NonClass: 9434K(9600K)->9434K(9600K) Class: 1801K(1984K)->1801K(1984K)
[49.896s][info   ][gc          ] GC(19) Pause Full (System.gc()) 1445M->1445M(5939M) 2960.641ms
[52.852s][info   ][gc,metaspace] GC(20) Metaspace: 11235K(11584K)->11235K(11584K) NonClass: 9434K(9600K)->9434K(9600K) Class: 1801K(1984K)->1801K(1984K)
[52.852s][info   ][gc          ] GC(20) Pause Full (System.gc()) 1445M->1445M(5939M) 2956.048ms
[55.803s][info   ][gc,metaspace] GC(21) Metaspace: 11235K(11584K)->11235K(11584K) NonClass: 9434K(9600K)->9434K(9600K) Class: 1801K(1984K)->1801K(1984K)
[55.803s][info   ][gc          ] GC(21) Pause Full (System.gc()) 1445M->1445M(5939M) 2950.439ms
[58.760s][info   ][gc,metaspace] GC(22) Metaspace: 11235K(11584K)->11235K(11584K) NonClass: 9434K(9600K)->9434K(9600K) Class: 1801K(1984K)->1801K(1984K)
[58.760s][info   ][gc          ] GC(22) Pause Full (System.gc()) 1445M->1445M(5939M) 2956.675ms
[61.718s][info   ][gc,metaspace] GC(23) Metaspace: 11235K(11584K)->11235K(11584K) NonClass: 9434K(9600K)->9434K(9600K) Class: 1801K(1984K)->1801K(1984K)
[61.718s][info   ][gc          ] GC(23) Pause Full (System.gc()) 1445M->1445M(5939M) 2958.240ms
[64.626s][info   ][gc,metaspace] GC(24) Metaspace: 11235K(11584K)->11235K(11584K) NonClass: 9434K(9600K)->9434K(9600K) Class: 1801K(1984K)->1801K(1984K)
[64.626s][info   ][gc          ] GC(24) Pause Full (System.gc()) 1445M->1445M(5939M) 2907.954ms
[67.583s][info   ][gc,metaspace] GC(25) Metaspace: 11235K(11584K)->11235K(11584K) NonClass: 9434K(9600K)->9434K(9600K) Class: 1801K(1984K)->1801K(1984K)
[67.583s][info   ][gc          ] GC(25) Pause Full (System.gc()) 1445M->1445M(5939M) 2908.566ms
[71.539s][info   ][gc,metaspace] GC(26) Metaspace: 11235K(11584K)->11235K(11584K) NonClass: 9434K(9600K)->9434K(9600K) Class: 1801K(1984K)->1801K(1984K)
[71.539s][info   ][gc          ] GC(26) Pause Full (System.gc()) 1462M->1445M(5939M) 3956.285ms
[74.497s][info   ][gc,metaspace] GC(27) Metaspace: 11235K(11584K)->11235K(11584K) NonClass: 9434K(9600K)->9434K(9600K) Class: 1801K(1984K)->1801K(1984K)
[74.497s][info   ][gc          ] GC(27) Pause Full (System.gc()) 1445M->1445M(5939M) 2957.459ms
[77.450s][info   ][gc,metaspace] GC(28) Metaspace: 11235K(11584K)->11235K(11584K) NonClass: 9434K(9600K)->9434K(9600K) Class: 1801K(1984K)->1801K(1984K)
[77.450s][info   ][gc          ] GC(28) Pause Full (System.gc()) 1445M->1445M(5939M) 2953.022ms
[80.407s][info   ][gc,metaspace] GC(29) Metaspace: 11235K(11584K)->11235K(11584K) NonClass: 9434K(9600K)->9434K(9600K) Class: 1801K(1984K)->1801K(1984K)
[80.407s][info   ][gc          ] GC(29) Pause Full (System.gc()) 1445M->1445M(5939M) 2956.840ms
[83.363s][info   ][gc,metaspace] GC(30) Metaspace: 11235K(11584K)->11235K(11584K) NonClass: 9434K(9600K)->9434K(9600K) Class: 1801K(1984K)->1801K(1984K)
[83.364s][info   ][gc          ] GC(30) Pause Full (System.gc()) 1445M->1445M(5939M) 2956.268ms
[86.323s][info   ][gc,metaspace] GC(31) Metaspace: 11235K(11584K)->11235K(11584K) NonClass: 9434K(9600K)->9434K(9600K) Class: 1801K(1984K)->1801K(1984K)
[86.323s][info   ][gc          ] GC(31) Pause Full (System.gc()) 1445M->1445M(5939M) 2958.936ms
[89.277s][info   ][gc,metaspace] GC(32) Metaspace: 11235K(11584K)->11235K(11584K) NonClass: 9434K(9600K)->9434K(9600K) Class: 1801K(1984K)->1801K(1984K)
[89.277s][info   ][gc          ] GC(32) Pause Full (System.gc()) 1445M->1445M(5939M) 2954.091ms
[92.236s][info   ][gc,metaspace] GC(33) Metaspace: 11235K(11584K)->11235K(11584K) NonClass: 9434K(9600K)->9434K(9600K) Class: 1801K(1984K)->1801K(1984K)
[92.236s][info   ][gc          ] GC(33) Pause Full (System.gc()) 1445M->1445M(5939M) 2959.194ms
[95.190s][info   ][gc,metaspace] GC(34) Metaspace: 11235K(11584K)->11235K(11584K) NonClass: 9434K(9600K)->9434K(9600K) Class: 1801K(1984K)->1801K(1984K)
[95.190s][info   ][gc          ] GC(34) Pause Full (System.gc()) 1445M->1445M(5939M) 2953.903ms
[98.154s][info   ][gc,metaspace] GC(35) Metaspace: 11235K(11584K)->11235K(11584K) NonClass: 9434K(9600K)->9434K(9600K) Class: 1801K(1984K)->1801K(1984K)
[98.154s][info   ][gc          ] GC(35) Pause Full (System.gc()) 1445M->1445M(5939M) 2963.207ms
[101.110s][info   ][gc,metaspace] GC(36) Metaspace: 11235K(11584K)->11235K(11584K) NonClass: 9434K(9600K)->9434K(9600K) Class: 1801K(1984K)->1801K(1984K)
[101.110s][info   ][gc          ] GC(36) Pause Full (System.gc()) 1445M->1445M(5939M) 2955.882ms
[104.095s][info   ][gc,metaspace] GC(37) Metaspace: 11235K(11584K)->11235K(11584K) NonClass: 9434K(9600K)->9434K(9600K) Class: 1801K(1984K)->1801K(1984K)
[104.095s][info   ][gc          ] GC(37) Pause Full (System.gc()) 1445M->1445M(5939M) 2985.362ms
[107.053s][info   ][gc,metaspace] GC(38) Metaspace: 11235K(11584K)->11235K(11584K) NonClass: 9434K(9600K)->9434K(9600K) Class: 1801K(1984K)->1801K(1984K)
[107.053s][info   ][gc          ] GC(38) Pause Full (System.gc()) 1445M->1445M(5939M) 2957.779ms
[110.009s][info   ][gc,metaspace] GC(39) Metaspace: 11235K(11584K)->11235K(11584K) NonClass: 9434K(9600K)->9434K(9600K) Class: 1801K(1984K)->1801K(1984K)
[110.009s][info   ][gc          ] GC(39) Pause Full (System.gc()) 1445M->1445M(5939M) 2955.663ms
[112.969s][info   ][gc,metaspace] GC(40) Metaspace: 11235K(11584K)->11235K(11584K) NonClass: 9434K(9600K)->9434K(9600K) Class: 1801K(1984K)->1801K(1984K)
[112.969s][info   ][gc          ] GC(40) Pause Full (System.gc()) 1445M->1445M(5939M) 2959.533ms
[115.915s][info   ][gc,metaspace] GC(41) Metaspace: 11235K(11584K)->11235K(11584K) NonClass: 9434K(9600K)->9434K(9600K) Class: 1801K(1984K)->1801K(1984K)
[115.915s][info   ][gc          ] GC(41) Pause Full (System.gc()) 1445M->1445M(5939M) 2946.005ms
[118.872s][info   ][gc,metaspace] GC(42) Metaspace: 11235K(11584K)->11235K(11584K) NonClass: 9434K(9600K)->9434K(9600K) Class: 1801K(1984K)->1801K(1984K)
[118.872s][info   ][gc          ] GC(42) Pause Full (System.gc()) 1445M->1445M(5939M) 2957.159ms
[121.825s][info   ][gc,metaspace] GC(43) Metaspace: 11235K(11584K)->11235K(11584K) NonClass: 9434K(9600K)->9434K(9600K) Class: 1801K(1984K)->1801K(1984K)
[121.825s][info   ][gc          ] GC(43) Pause Full (System.gc()) 1445M->1445M(5939M) 2952.627ms
[124.782s][info   ][gc,metaspace] GC(44) Metaspace: 11235K(11584K)->11235K(11584K) NonClass: 9434K(9600K)->9434K(9600K) Class: 1801K(1984K)->1801K(1984K)
[124.782s][info   ][gc          ] GC(44) Pause Full (System.gc()) 1445M->1445M(5939M) 2957.223ms
[127.736s][info   ][gc,metaspace] GC(45) Metaspace: 11235K(11584K)->11235K(11584K) NonClass: 9434K(9600K)->9434K(9600K) Class: 1801K(1984K)->1801K(1984K)
[127.736s][info   ][gc          ] GC(45) Pause Full (System.gc()) 1445M->1445M(5939M) 2953.758ms
[130.694s][info   ][gc,metaspace] GC(46) Metaspace: 11235K(11584K)->11235K(11584K) NonClass: 9434K(9600K)->9434K(9600K) Class: 1801K(1984K)->1801K(1984K)
[130.694s][info   ][gc          ] GC(46) Pause Full (System.gc()) 1462M->1445M(5939M) 2958.077ms
[133.603s][info   ][gc,metaspace] GC(47) Metaspace: 11235K(11584K)->11235K(11584K) NonClass: 9434K(9600K)->9434K(9600K) Class: 1801K(1984K)->1801K(1984K)
[133.603s][info   ][gc          ] GC(47) Pause Full (System.gc()) 1445M->1445M(5939M) 2908.949ms
[136.558s][info   ][gc,metaspace] GC(48) Metaspace: 11235K(11584K)->11235K(11584K) NonClass: 9434K(9600K)->9434K(9600K) Class: 1801K(1984K)->1801K(1984K)
[136.558s][info   ][gc          ] GC(48) Pause Full (System.gc()) 1445M->1445M(5939M) 2954.712ms
[139.515s][info   ][gc,metaspace] GC(49) Metaspace: 11235K(11584K)->11235K(11584K) NonClass: 9434K(9600K)->9434K(9600K) Class: 1801K(1984K)->1801K(1984K)
[139.515s][info   ][gc          ] GC(49) Pause Full (System.gc()) 1445M->1445M(5939M) 2956.834ms
[142.470s][info   ][gc,metaspace] GC(50) Metaspace: 11235K(11584K)->11235K(11584K) NonClass: 9434K(9600K)->9434K(9600K) Class: 1801K(1984K)->1801K(1984K)
[142.470s][info   ][gc          ] GC(50) Pause Full (System.gc()) 1445M->1445M(5939M) 2955.006ms
[145.430s][info   ][gc,metaspace] GC(51) Metaspace: 11235K(11584K)->11235K(11584K) NonClass: 9434K(9600K)->9434K(9600K) Class: 1801K(1984K)->1801K(1984K)
[145.430s][info   ][gc          ] GC(51) Pause Full (System.gc()) 1445M->1445M(5939M) 2959.562ms
[148.388s][info   ][gc,metaspace] GC(52) Metaspace: 11235K(11584K)->11235K(11584K) NonClass: 9434K(9600K)->9434K(9600K) Class: 1801K(1984K)->1801K(1984K)
[148.388s][info   ][gc          ] GC(52) Pause Full (System.gc()) 1445M->1445M(5939M) 2957.276ms
[151.345s][info   ][gc,metaspace] GC(53) Metaspace: 11235K(11584K)->11235K(11584K) NonClass: 9434K(9600K)->9434K(9600K) Class: 1801K(1984K)->1801K(1984K)
[151.345s][info   ][gc          ] GC(53) Pause Full (System.gc()) 1445M->1445M(5939M) 2957.081ms
[154.300s][info   ][gc,metaspace] GC(54) Metaspace: 11235K(11584K)->11235K(11584K) NonClass: 9434K(9600K)->9434K(9600K) Class: 1801K(1984K)->1801K(1984K)
[154.300s][info   ][gc          ] GC(54) Pause Full (System.gc()) 1445M->1445M(5939M) 2954.674ms
[157.258s][info   ][gc,metaspace] GC(55) Metaspace: 11235K(11584K)->11235K(11584K) NonClass: 9434K(9600K)->9434K(9600K) Class: 1801K(1984K)->1801K(1984K)
[157.258s][info   ][gc          ] GC(55) Pause Full (System.gc()) 1445M->1445M(5939M) 2958.300ms
[160.211s][info   ][gc,metaspace] GC(56) Metaspace: 11235K(11584K)->11235K(11584K) NonClass: 9434K(9600K)->9434K(9600K) Class: 1801K(1984K)->1801K(1984K)
[160.211s][info   ][gc          ] GC(56) Pause Full (System.gc()) 1445M->1445M(5939M) 2952.718ms
[163.171s][info   ][gc,metaspace] GC(57) Metaspace: 11235K(11584K)->11235K(11584K) NonClass: 9434K(9600K)->9434K(9600K) Class: 1801K(1984K)->1801K(1984K)
[163.171s][info   ][gc          ] GC(57) Pause Full (System.gc()) 1445M->1445M(5939M) 2959.994ms
[166.126s][info   ][gc,metaspace] GC(58) Metaspace: 11235K(11584K)->11235K(11584K) NonClass: 9434K(9600K)->9434K(9600K) Class: 1801K(1984K)->1801K(1984K)
[166.126s][info   ][gc          ] GC(58) Pause Full (System.gc()) 1445M->1445M(5939M) 2955.029ms
[169.080s][info   ][gc,metaspace] GC(59) Metaspace: 11235K(11584K)->11235K(11584K) NonClass: 9434K(9600K)->9434K(9600K) Class: 1801K(1984K)->1801K(1984K)
[169.080s][info   ][gc          ] GC(59) Pause Full (System.gc()) 1445M->1445M(5939M) 2953.252ms
After GCs... 
