[0.001s][info][metaspace]  - commit_granule_bytes: 65536.
[0.001s][info][metaspace]  - commit_granule_words: 8192.
[0.001s][info][metaspace]  - virtual_space_node_default_size: 8388608.
[0.001s][info][metaspace]  - enlarge_chunks_in_place: 1.
[0.001s][info][metaspace]  - use_allocation_guard: 0.
[0.004s][info][gc       ] Using Parallel
[0.375s][info][metaspace] Reserving compressed class space anywhere
[0.380s][info][gc,metaspace] CDS archive(s) not mapped
[0.380s][info][gc,metaspace] Compressed class space mapped at: 0x0000000033000000-0x00000000f3000000, reserved size: 3221225472
[0.380s][info][gc,metaspace] UseCompressedClassPointers 1, UseCompactObjectHeaders 1, narrow klass pointer bits 22, max shift 10
[0.380s][info][gc,metaspace] Narrow klass base: 0x0000000033000000, Narrow klass shift: 10, Narrow klass range: 0xc0000000
Num Classes: 16384
Num Objects per Class: 4096
Cycles: 100
Class association: random
Generate 16384 classes...[2.514s][info][gc,metaspace] GC(0) Metaspace: 22540K(22848K)->22540K(22848K) NonClass: 18820K(19008K)->18820K(19008K) Class: 3719K(3840K)->3719K(3840K)
[2.514s][info][gc          ] GC(0) Pause Young (Allocation Failure) 1536M->4M(5888M) 5.203ms
[3.655s][info][gc,metaspace] GC(1) Metaspace: 23376K(23680K)->23376K(23680K) NonClass: 19654K(19840K)->19654K(19840K) Class: 3721K(3840K)->3721K(3840K)
[3.655s][info][gc          ] GC(1) Pause Young (Allocation Failure) 1540M->4M(5888M) 5.384ms
[4.862s][info][gc,metaspace] GC(2) Metaspace: 23425K(23744K)->23425K(23744K) NonClass: 19703K(19904K)->19703K(19904K) Class: 3721K(3840K)->3721K(3840K)
[4.862s][info][gc          ] GC(2) Pause Young (Allocation Failure) 1540M->5M(5888M) 5.230ms
[5.971s][info][gc,metaspace] GC(3) Metaspace: 23490K(23808K)->23490K(23808K) NonClass: 19768K(19968K)->19768K(19968K) Class: 3721K(3840K)->3721K(3840K)
[5.971s][info][gc          ] GC(3) Pause Young (Allocation Failure) 1541M->5M(5888M) 4.412ms
[7.041s][info][gc,metaspace] GC(4) Metaspace: 23553K(23872K)->23553K(23872K) NonClass: 19831K(20032K)->19831K(20032K) Class: 3721K(3840K)->3721K(3840K)
[7.041s][info][gc          ] GC(4) Pause Young (Allocation Failure) 1541M->5M(5888M) 4.200ms
[8.085s][info][gc,metaspace] GC(5) Metaspace: 23643K(23936K)->23643K(23936K) NonClass: 19920K(20096K)->19920K(20096K) Class: 3722K(3840K)->3722K(3840K)
[8.085s][info][gc          ] GC(5) Pause Young (Allocation Failure) 1541M->6M(6137M) 5.050ms
[9.891s][info][gc,metaspace] GC(6) Metaspace: 23681K(23936K)->23681K(23936K) NonClass: 19958K(20096K)->19958K(20096K) Class: 3723K(3840K)->3723K(3840K)
[9.892s][info][gc          ] GC(6) Pause Young (Allocation Failure) 2041M->6M(6134M) 4.020ms
[11.203s][info][gc,metaspace] GC(7) Metaspace: 23681K(23936K)->23681K(23936K) NonClass: 19958K(20096K)->19958K(20096K) Class: 3723K(3840K)->3723K(3840K)
[11.203s][info][gc          ] GC(7) Pause Young (Allocation Failure) 2041M->7M(6137M) 1.439ms
[12.556s][info][gc,metaspace] GC(8) Metaspace: 23681K(23936K)->23681K(23936K) NonClass: 19958K(20096K)->19958K(20096K) Class: 3723K(3840K)->3723K(3840K)
[12.556s][info][gc          ] GC(8) Pause Young (Allocation Failure) 2041M->7M(6137M) 1.296ms
[13.853s][info][gc,metaspace] GC(9) Metaspace: 23681K(23936K)->23681K(23936K) NonClass: 19958K(20096K)->19958K(20096K) Class: 3723K(3840K)->3723K(3840K)
[13.853s][info][gc          ] GC(9) Pause Young (Allocation Failure) 2041M->7M(6136M) 0.930ms
[15.253s][info][gc,metaspace] GC(10) Metaspace: 23681K(23936K)->23681K(23936K) NonClass: 19958K(20096K)->19958K(20096K) Class: 3723K(3840K)->3723K(3840K)
[15.253s][info][gc          ] GC(10) Pause Young (Allocation Failure) 2040M->9M(6136M) 1.486ms
[16.597s][info][gc,metaspace] GC(11) Metaspace: 23681K(23936K)->23681K(23936K) NonClass: 19958K(20096K)->19958K(20096K) Class: 3723K(3840K)->3723K(3840K)
[16.597s][info][gc          ] GC(11) Pause Young (Allocation Failure) 2042M->9M(6136M) 1.073ms
[17.883s][info][gc,metaspace] GC(12) Metaspace: 23681K(23936K)->23681K(23936K) NonClass: 19958K(20096K)->19958K(20096K) Class: 3723K(3840K)->3723K(3840K)
[17.883s][info][gc          ] GC(12) Pause Young (Allocation Failure) 2042M->9M(6136M) 1.120ms
[19.132s][info][gc,metaspace] GC(13) Metaspace: 23681K(23936K)->23681K(23936K) NonClass: 19958K(20096K)->19958K(20096K) Class: 3723K(3840K)->3723K(3840K)
[19.132s][info][gc          ] GC(13) Pause Young (Allocation Failure) 2042M->11M(6136M) 1.261ms
[20.443s][info][gc,metaspace] GC(14) Metaspace: 23681K(23936K)->23681K(23936K) NonClass: 19958K(20096K)->19958K(20096K) Class: 3723K(3840K)->3723K(3840K)
[20.444s][info][gc          ] GC(14) Pause Young (Allocation Failure) 2044M->11M(6136M) 1.699ms
[22.438s][info][gc,metaspace] GC(15) Metaspace: 23681K(23936K)->23681K(23936K) NonClass: 19958K(20096K)->19958K(20096K) Class: 3723K(3840K)->3723K(3840K)
[22.438s][info][gc          ] GC(15) Pause Young (Allocation Failure) 2044M->12M(6137M) 1.402ms
[23.697s][info][gc,metaspace] GC(16) Metaspace: 23681K(23936K)->23681K(23936K) NonClass: 19958K(20096K)->19958K(20096K) Class: 3723K(3840K)->3723K(3840K)
[23.697s][info][gc          ] GC(16) Pause Young (Allocation Failure) 2046M->12M(6137M) 1.491ms
[24.952s][info][gc,metaspace] GC(17) Metaspace: 23681K(23936K)->23681K(23936K) NonClass: 19958K(20096K)->19958K(20096K) Class: 3723K(3840K)->3723K(3840K)
[24.952s][info][gc          ] GC(17) Pause Young (Allocation Failure) 2046M->12M(6137M) 0.879ms
[26.202s][info][gc,metaspace] GC(18) Metaspace: 23681K(23936K)->23681K(23936K) NonClass: 19958K(20096K)->19958K(20096K) Class: 3723K(3840K)->3723K(3840K)
[26.202s][info][gc          ] GC(18) Pause Young (Allocation Failure) 2046M->13M(6137M) 1.160ms
[27.500s][info][gc,metaspace] GC(19) Metaspace: 23681K(23936K)->23681K(23936K) NonClass: 19958K(20096K)->19958K(20096K) Class: 3723K(3840K)->3723K(3840K)
[27.500s][info][gc          ] GC(19) Pause Young (Allocation Failure) 2047M->14M(6137M) 1.114ms
[29.460s][info][gc,metaspace] GC(20) Metaspace: 23681K(23936K)->23681K(23936K) NonClass: 19958K(20096K)->19958K(20096K) Class: 3723K(3840K)->3723K(3840K)
[29.460s][info][gc          ] GC(20) Pause Young (Allocation Failure) 2049M->13M(6137M) 0.807ms
[30.710s][info][gc,metaspace] GC(21) Metaspace: 23681K(23936K)->23681K(23936K) NonClass: 19958K(20096K)->19958K(20096K) Class: 3723K(3840K)->3723K(3840K)
[30.710s][info][gc          ] GC(21) Pause Young (Allocation Failure) 2048M->15M(6138M) 1.290ms
[31.952s][info][gc,metaspace] GC(22) Metaspace: 23681K(23936K)->23681K(23936K) NonClass: 19958K(20096K)->19958K(20096K) Class: 3723K(3840K)->3723K(3840K)
[31.952s][info][gc          ] GC(22) Pause Young (Allocation Failure) 2050M->15M(6137M) 0.749ms
[33.195s][info][gc,metaspace] GC(23) Metaspace: 23681K(23936K)->23681K(23936K) NonClass: 19958K(20096K)->19958K(20096K) Class: 3723K(3840K)->3723K(3840K)
[33.195s][info][gc          ] GC(23) Pause Young (Allocation Failure) 2050M->16M(6138M) 1.479ms
[34.486s][info][gc,metaspace] GC(24) Metaspace: 23681K(23936K)->23681K(23936K) NonClass: 19958K(20096K)->19958K(20096K) Class: 3723K(3840K)->3723K(3840K)
[34.486s][info][gc          ] GC(24) Pause Young (Allocation Failure) 2053M->17M(6138M) 1.403ms
[35.728s][info][gc,metaspace] GC(25) Metaspace: 23681K(23936K)->23681K(23936K) NonClass: 19958K(20096K)->19958K(20096K) Class: 3723K(3840K)->3723K(3840K)
[35.728s][info][gc          ] GC(25) Pause Young (Allocation Failure) 2053M->17M(6139M) 1.445ms
[36.960s][info][gc,metaspace] GC(26) Metaspace: 23681K(23936K)->23681K(23936K) NonClass: 19958K(20096K)->19958K(20096K) Class: 3723K(3840K)->3723K(3840K)
[36.960s][info][gc          ] GC(26) Pause Young (Allocation Failure) 2055M->17M(6138M) 1.007ms
[38.198s][info][gc,metaspace] GC(27) Metaspace: 23681K(23936K)->23681K(23936K) NonClass: 19958K(20096K)->19958K(20096K) Class: 3723K(3840K)->3723K(3840K)
[38.198s][info][gc          ] GC(27) Pause Young (Allocation Failure) 2055M->18M(6139M) 1.495ms
[39.727s][info][gc,metaspace] GC(28) Metaspace: 23681K(23936K)->23681K(23936K) NonClass: 19958K(20096K)->19958K(20096K) Class: 3723K(3840K)->3723K(3840K)
[39.727s][info][gc          ] GC(28) Pause Young (Allocation Failure) 2057M->19M(6139M) 0.994ms
[40.963s][info][gc,metaspace] GC(29) Metaspace: 23681K(23936K)->23681K(23936K) NonClass: 19958K(20096K)->19958K(20096K) Class: 3723K(3840K)->3723K(3840K)
[40.963s][info][gc          ] GC(29) Pause Young (Allocation Failure) 2057M->18M(6139M) 0.840ms
[42.192s][info][gc,metaspace] GC(30) Metaspace: 23681K(23936K)->23681K(23936K) NonClass: 19958K(20096K)->19958K(20096K) Class: 3723K(3840K)->3723K(3840K)
[42.192s][info][gc          ] GC(30) Pause Young (Allocation Failure) 2057M->20M(6139M) 1.130ms

Loading 16384...[42.657s][info][gc,metaspace] GC(31) Metaspace: 48269K(48576K)->48269K(48576K) NonClass: 28162K(28352K)->28162K(28352K) Class: 20107K(20224K)->20107K(20224K)
[42.657s][info][gc          ] GC(31) Pause Full (System.gc()) 306M->20M(6139M) 31.061ms
Creating 4096 objects per class...[51.130s][info][gc,metaspace] GC(32) Metaspace: 92556K(108096K)->92556K(108096K) NonClass: 63871K(71488K)->63871K(71488K) Class: 28685K(36608K)->28685K(36608K)
[51.130s][info][gc          ] GC(32) Pause Full (CodeCache GC Threshold) 890M->340M(6139M) 413.008ms

Done; will start GCs... 
[103.111s][info][gc,metaspace] GC(33) Metaspace: 101140K(115072K)->101140K(115072K) NonClass: 72455K(78464K)->72455K(78464K) Class: 28685K(36608K)->28685K(36608K)
[103.111s][info][gc          ] GC(33) Pause Full (System.gc()) 843M->800M(6139M) 1387.910ms
[104.062s][info][gc,metaspace] GC(34) Metaspace: 101140K(115072K)->101140K(115072K) NonClass: 72455K(78464K)->72455K(78464K) Class: 28685K(36608K)->28685K(36608K)
[104.062s][info][gc          ] GC(34) Pause Full (System.gc()) 800M->800M(6139M) 950.593ms
[105.044s][info][gc,metaspace] GC(35) Metaspace: 101140K(115072K)->101140K(115072K) NonClass: 72455K(78464K)->72455K(78464K) Class: 28685K(36608K)->28685K(36608K)
[105.044s][info][gc          ] GC(35) Pause Full (System.gc()) 800M->800M(6139M) 981.924ms
[106.190s][info][gc,metaspace] GC(36) Metaspace: 101140K(115072K)->101140K(115072K) NonClass: 72455K(78464K)->72455K(78464K) Class: 28685K(36608K)->28685K(36608K)
[106.190s][info][gc          ] GC(36) Pause Full (System.gc()) 800M->800M(6139M) 1145.959ms
[107.158s][info][gc,metaspace] GC(37) Metaspace: 101140K(115072K)->101140K(115072K) NonClass: 72455K(78464K)->72455K(78464K) Class: 28685K(36608K)->28685K(36608K)
[107.158s][info][gc          ] GC(37) Pause Full (System.gc()) 800M->800M(6139M) 967.833ms
[108.118s][info][gc,metaspace] GC(38) Metaspace: 101140K(115072K)->101140K(115072K) NonClass: 72455K(78464K)->72455K(78464K) Class: 28685K(36608K)->28685K(36608K)
[108.118s][info][gc          ] GC(38) Pause Full (System.gc()) 800M->800M(6139M) 959.834ms
[109.260s][info][gc,metaspace] GC(39) Metaspace: 101140K(115072K)->101140K(115072K) NonClass: 72455K(78464K)->72455K(78464K) Class: 28685K(36608K)->28685K(36608K)
[109.260s][info][gc          ] GC(39) Pause Full (System.gc()) 800M->800M(6139M) 1141.536ms
[110.409s][info][gc,metaspace] GC(40) Metaspace: 101140K(115072K)->101140K(115072K) NonClass: 72455K(78464K)->72455K(78464K) Class: 28685K(36608K)->28685K(36608K)
[110.409s][info][gc          ] GC(40) Pause Full (System.gc()) 800M->800M(6139M) 1149.101ms
[111.390s][info][gc,metaspace] GC(41) Metaspace: 101140K(115072K)->101140K(115072K) NonClass: 72455K(78464K)->72455K(78464K) Class: 28685K(36608K)->28685K(36608K)
[111.390s][info][gc          ] GC(41) Pause Full (System.gc()) 800M->800M(6139M) 980.877ms
[112.376s][info][gc,metaspace] GC(42) Metaspace: 101140K(115072K)->101140K(115072K) NonClass: 72455K(78464K)->72455K(78464K) Class: 28685K(36608K)->28685K(36608K)
[112.376s][info][gc          ] GC(42) Pause Full (System.gc()) 800M->800M(6139M) 985.466ms
[113.332s][info][gc,metaspace] GC(43) Metaspace: 101140K(115072K)->101140K(115072K) NonClass: 72455K(78464K)->72455K(78464K) Class: 28685K(36608K)->28685K(36608K)
[113.332s][info][gc          ] GC(43) Pause Full (System.gc()) 800M->800M(6139M) 956.303ms
[114.351s][info][gc,metaspace] GC(44) Metaspace: 101140K(115072K)->101140K(115072K) NonClass: 72455K(78464K)->72455K(78464K) Class: 28685K(36608K)->28685K(36608K)
[114.351s][info][gc          ] GC(44) Pause Full (System.gc()) 800M->800M(6139M) 1018.143ms
[115.288s][info][gc,metaspace] GC(45) Metaspace: 101140K(115072K)->101140K(115072K) NonClass: 72455K(78464K)->72455K(78464K) Class: 28685K(36608K)->28685K(36608K)
[115.288s][info][gc          ] GC(45) Pause Full (System.gc()) 800M->800M(6139M) 937.313ms
[116.262s][info][gc,metaspace] GC(46) Metaspace: 101140K(115072K)->101140K(115072K) NonClass: 72455K(78464K)->72455K(78464K) Class: 28685K(36608K)->28685K(36608K)
[116.262s][info][gc          ] GC(46) Pause Full (System.gc()) 800M->800M(6139M) 973.200ms
[117.223s][info][gc,metaspace] GC(47) Metaspace: 101140K(115072K)->101140K(115072K) NonClass: 72455K(78464K)->72455K(78464K) Class: 28685K(36608K)->28685K(36608K)
[117.223s][info][gc          ] GC(47) Pause Full (System.gc()) 800M->800M(6139M) 960.969ms
[118.195s][info][gc,metaspace] GC(48) Metaspace: 101140K(115072K)->101140K(115072K) NonClass: 72455K(78464K)->72455K(78464K) Class: 28685K(36608K)->28685K(36608K)
[118.195s][info][gc          ] GC(48) Pause Full (System.gc()) 800M->800M(6139M) 972.416ms
[119.177s][info][gc,metaspace] GC(49) Metaspace: 101140K(115072K)->101140K(115072K) NonClass: 72455K(78464K)->72455K(78464K) Class: 28685K(36608K)->28685K(36608K)
[119.177s][info][gc          ] GC(49) Pause Full (System.gc()) 800M->800M(6139M) 977.328ms
[120.145s][info][gc,metaspace] GC(50) Metaspace: 101140K(115072K)->101140K(115072K) NonClass: 72455K(78464K)->72455K(78464K) Class: 28685K(36608K)->28685K(36608K)
[120.145s][info][gc          ] GC(50) Pause Full (System.gc()) 800M->800M(6139M) 967.860ms
[121.273s][info][gc,metaspace] GC(51) Metaspace: 101140K(115072K)->101140K(115072K) NonClass: 72455K(78464K)->72455K(78464K) Class: 28685K(36608K)->28685K(36608K)
[121.273s][info][gc          ] GC(51) Pause Full (System.gc()) 800M->800M(6139M) 1127.351ms
[122.440s][info][gc,metaspace] GC(52) Metaspace: 101140K(115072K)->101140K(115072K) NonClass: 72455K(78464K)->72455K(78464K) Class: 28685K(36608K)->28685K(36608K)
[122.440s][info][gc          ] GC(52) Pause Full (System.gc()) 800M->800M(6139M) 1167.213ms
[123.455s][info][gc,metaspace] GC(53) Metaspace: 101140K(115072K)->101140K(115072K) NonClass: 72455K(78464K)->72455K(78464K) Class: 28685K(36608K)->28685K(36608K)
[123.455s][info][gc          ] GC(53) Pause Full (System.gc()) 800M->800M(6139M) 1014.513ms
[124.416s][info][gc,metaspace] GC(54) Metaspace: 101140K(115072K)->101140K(115072K) NonClass: 72455K(78464K)->72455K(78464K) Class: 28685K(36608K)->28685K(36608K)
[124.416s][info][gc          ] GC(54) Pause Full (System.gc()) 800M->800M(6139M) 961.196ms
[125.443s][info][gc,metaspace] GC(55) Metaspace: 101140K(115072K)->101140K(115072K) NonClass: 72455K(78464K)->72455K(78464K) Class: 28685K(36608K)->28685K(36608K)
[125.443s][info][gc          ] GC(55) Pause Full (System.gc()) 800M->800M(6139M) 1026.673ms
[126.433s][info][gc,metaspace] GC(56) Metaspace: 101140K(115072K)->101140K(115072K) NonClass: 72455K(78464K)->72455K(78464K) Class: 28685K(36608K)->28685K(36608K)
[126.433s][info][gc          ] GC(56) Pause Full (System.gc()) 813M->800M(6139M) 989.821ms
[127.414s][info][gc,metaspace] GC(57) Metaspace: 101140K(115072K)->101140K(115072K) NonClass: 72455K(78464K)->72455K(78464K) Class: 28685K(36608K)->28685K(36608K)
[127.414s][info][gc          ] GC(57) Pause Full (System.gc()) 800M->800M(6139M) 981.158ms
[128.392s][info][gc,metaspace] GC(58) Metaspace: 101140K(115072K)->101140K(115072K) NonClass: 72455K(78464K)->72455K(78464K) Class: 28685K(36608K)->28685K(36608K)
[128.392s][info][gc          ] GC(58) Pause Full (System.gc()) 800M->800M(6139M) 977.703ms
[129.391s][info][gc,metaspace] GC(59) Metaspace: 101140K(115072K)->101140K(115072K) NonClass: 72455K(78464K)->72455K(78464K) Class: 28685K(36608K)->28685K(36608K)
[129.391s][info][gc          ] GC(59) Pause Full (System.gc()) 800M->800M(6139M) 999.087ms
[130.540s][info][gc,metaspace] GC(60) Metaspace: 101140K(115072K)->101140K(115072K) NonClass: 72455K(78464K)->72455K(78464K) Class: 28685K(36608K)->28685K(36608K)
[130.540s][info][gc          ] GC(60) Pause Full (System.gc()) 800M->800M(6139M) 1144.294ms
[131.519s][info][gc,metaspace] GC(61) Metaspace: 101140K(115072K)->101140K(115072K) NonClass: 72455K(78464K)->72455K(78464K) Class: 28685K(36608K)->28685K(36608K)
[131.519s][info][gc          ] GC(61) Pause Full (System.gc()) 800M->800M(6139M) 978.716ms
[132.572s][info][gc,metaspace] GC(62) Metaspace: 101140K(115072K)->101140K(115072K) NonClass: 72455K(78464K)->72455K(78464K) Class: 28685K(36608K)->28685K(36608K)
[132.572s][info][gc          ] GC(62) Pause Full (System.gc()) 800M->800M(6139M) 1053.070ms
[133.684s][info][gc,metaspace] GC(63) Metaspace: 101140K(115072K)->101140K(115072K) NonClass: 72455K(78464K)->72455K(78464K) Class: 28685K(36608K)->28685K(36608K)
[133.684s][info][gc          ] GC(63) Pause Full (System.gc()) 800M->800M(6139M) 1111.784ms
[134.655s][info][gc,metaspace] GC(64) Metaspace: 101140K(115072K)->101140K(115072K) NonClass: 72455K(78464K)->72455K(78464K) Class: 28685K(36608K)->28685K(36608K)
[134.655s][info][gc          ] GC(64) Pause Full (System.gc()) 800M->800M(6139M) 970.181ms
[135.764s][info][gc,metaspace] GC(65) Metaspace: 101140K(115072K)->101140K(115072K) NonClass: 72455K(78464K)->72455K(78464K) Class: 28685K(36608K)->28685K(36608K)
[135.764s][info][gc          ] GC(65) Pause Full (System.gc()) 800M->800M(6139M) 1104.814ms
[136.892s][info][gc,metaspace] GC(66) Metaspace: 101140K(115072K)->101140K(115072K) NonClass: 72455K(78464K)->72455K(78464K) Class: 28685K(36608K)->28685K(36608K)
[136.892s][info][gc          ] GC(66) Pause Full (System.gc()) 800M->800M(6139M) 1128.016ms
[137.870s][info][gc,metaspace] GC(67) Metaspace: 101140K(115072K)->101140K(115072K) NonClass: 72455K(78464K)->72455K(78464K) Class: 28685K(36608K)->28685K(36608K)
[137.870s][info][gc          ] GC(67) Pause Full (System.gc()) 800M->800M(6139M) 977.907ms
[138.853s][info][gc,metaspace] GC(68) Metaspace: 101140K(115072K)->101140K(115072K) NonClass: 72455K(78464K)->72455K(78464K) Class: 28685K(36608K)->28685K(36608K)
[138.853s][info][gc          ] GC(68) Pause Full (System.gc()) 800M->800M(6139M) 982.640ms
[139.816s][info][gc,metaspace] GC(69) Metaspace: 101140K(115072K)->101140K(115072K) NonClass: 72455K(78464K)->72455K(78464K) Class: 28685K(36608K)->28685K(36608K)
[139.816s][info][gc          ] GC(69) Pause Full (System.gc()) 800M->800M(6139M) 963.024ms
[141.002s][info][gc,metaspace] GC(70) Metaspace: 101140K(115072K)->101140K(115072K) NonClass: 72455K(78464K)->72455K(78464K) Class: 28685K(36608K)->28685K(36608K)
[141.002s][info][gc          ] GC(70) Pause Full (System.gc()) 800M->800M(6139M) 1181.724ms
[141.977s][info][gc,metaspace] GC(71) Metaspace: 101140K(115072K)->101140K(115072K) NonClass: 72455K(78464K)->72455K(78464K) Class: 28685K(36608K)->28685K(36608K)
[141.977s][info][gc          ] GC(71) Pause Full (System.gc()) 800M->800M(6139M) 974.262ms
[142.935s][info][gc,metaspace] GC(72) Metaspace: 101140K(115072K)->101140K(115072K) NonClass: 72455K(78464K)->72455K(78464K) Class: 28685K(36608K)->28685K(36608K)
[142.935s][info][gc          ] GC(72) Pause Full (System.gc()) 800M->800M(6139M) 958.158ms
[144.027s][info][gc,metaspace] GC(73) Metaspace: 101140K(115072K)->101140K(115072K) NonClass: 72455K(78464K)->72455K(78464K) Class: 28685K(36608K)->28685K(36608K)
[144.027s][info][gc          ] GC(73) Pause Full (System.gc()) 800M->800M(6139M) 1091.386ms
[145.038s][info][gc,metaspace] GC(74) Metaspace: 101140K(115072K)->101140K(115072K) NonClass: 72455K(78464K)->72455K(78464K) Class: 28685K(36608K)->28685K(36608K)
[145.038s][info][gc          ] GC(74) Pause Full (System.gc()) 800M->800M(6139M) 1010.736ms
[146.002s][info][gc,metaspace] GC(75) Metaspace: 101140K(115072K)->101140K(115072K) NonClass: 72455K(78464K)->72455K(78464K) Class: 28685K(36608K)->28685K(36608K)
[146.002s][info][gc          ] GC(75) Pause Full (System.gc()) 800M->800M(6139M) 960.231ms
[146.988s][info][gc,metaspace] GC(76) Metaspace: 101140K(115072K)->101140K(115072K) NonClass: 72455K(78464K)->72455K(78464K) Class: 28685K(36608K)->28685K(36608K)
[146.988s][info][gc          ] GC(76) Pause Full (System.gc()) 800M->800M(6139M) 985.599ms
[148.028s][info][gc,metaspace] GC(77) Metaspace: 101140K(115072K)->101140K(115072K) NonClass: 72455K(78464K)->72455K(78464K) Class: 28685K(36608K)->28685K(36608K)
[148.028s][info][gc          ] GC(77) Pause Full (System.gc()) 800M->800M(6139M) 1039.773ms
[149.188s][info][gc,metaspace] GC(78) Metaspace: 101140K(115072K)->101140K(115072K) NonClass: 72455K(78464K)->72455K(78464K) Class: 28685K(36608K)->28685K(36608K)
[149.188s][info][gc          ] GC(78) Pause Full (System.gc()) 800M->800M(6139M) 1159.893ms
[150.164s][info][gc,metaspace] GC(79) Metaspace: 101140K(115072K)->101140K(115072K) NonClass: 72455K(78464K)->72455K(78464K) Class: 28685K(36608K)->28685K(36608K)
[150.164s][info][gc          ] GC(79) Pause Full (System.gc()) 800M->800M(6139M) 975.877ms
[151.360s][info][gc,metaspace] GC(80) Metaspace: 101140K(115072K)->101140K(115072K) NonClass: 72455K(78464K)->72455K(78464K) Class: 28685K(36608K)->28685K(36608K)
[151.360s][info][gc          ] GC(80) Pause Full (System.gc()) 800M->800M(6139M) 1191.659ms
[152.344s][info][gc,metaspace] GC(81) Metaspace: 101140K(115072K)->101140K(115072K) NonClass: 72455K(78464K)->72455K(78464K) Class: 28685K(36608K)->28685K(36608K)
[152.344s][info][gc          ] GC(81) Pause Full (System.gc()) 800M->800M(6139M) 983.905ms
[153.322s][info][gc,metaspace] GC(82) Metaspace: 101140K(115072K)->101140K(115072K) NonClass: 72455K(78464K)->72455K(78464K) Class: 28685K(36608K)->28685K(36608K)
[153.322s][info][gc          ] GC(82) Pause Full (System.gc()) 800M->800M(6139M) 977.526ms
[154.291s][info][gc,metaspace] GC(83) Metaspace: 101140K(115072K)->101140K(115072K) NonClass: 72455K(78464K)->72455K(78464K) Class: 28685K(36608K)->28685K(36608K)
[154.291s][info][gc          ] GC(83) Pause Full (System.gc()) 800M->800M(6139M) 968.414ms
[155.255s][info][gc,metaspace] GC(84) Metaspace: 101140K(115072K)->101140K(115072K) NonClass: 72455K(78464K)->72455K(78464K) Class: 28685K(36608K)->28685K(36608K)
[155.255s][info][gc          ] GC(84) Pause Full (System.gc()) 800M->800M(6139M) 964.425ms
[156.216s][info][gc,metaspace] GC(85) Metaspace: 101140K(115072K)->101140K(115072K) NonClass: 72455K(78464K)->72455K(78464K) Class: 28685K(36608K)->28685K(36608K)
[156.216s][info][gc          ] GC(85) Pause Full (System.gc()) 800M->800M(6139M) 956.030ms
[157.351s][info][gc,metaspace] GC(86) Metaspace: 101140K(115072K)->101140K(115072K) NonClass: 72455K(78464K)->72455K(78464K) Class: 28685K(36608K)->28685K(36608K)
[157.351s][info][gc          ] GC(86) Pause Full (System.gc()) 800M->800M(6139M) 1135.319ms
[158.355s][info][gc,metaspace] GC(87) Metaspace: 101140K(115072K)->101140K(115072K) NonClass: 72455K(78464K)->72455K(78464K) Class: 28685K(36608K)->28685K(36608K)
[158.355s][info][gc          ] GC(87) Pause Full (System.gc()) 800M->800M(6139M) 1003.311ms
[159.353s][info][gc,metaspace] GC(88) Metaspace: 101140K(115072K)->101140K(115072K) NonClass: 72455K(78464K)->72455K(78464K) Class: 28685K(36608K)->28685K(36608K)
[159.353s][info][gc          ] GC(88) Pause Full (System.gc()) 800M->800M(6139M) 998.395ms
[160.456s][info][gc,metaspace] GC(89) Metaspace: 101140K(115072K)->101140K(115072K) NonClass: 72455K(78464K)->72455K(78464K) Class: 28685K(36608K)->28685K(36608K)
[160.456s][info][gc          ] GC(89) Pause Full (System.gc()) 800M->800M(6139M) 1102.440ms
[161.581s][info][gc,metaspace] GC(90) Metaspace: 101140K(115072K)->101140K(115072K) NonClass: 72455K(78464K)->72455K(78464K) Class: 28685K(36608K)->28685K(36608K)
[161.581s][info][gc          ] GC(90) Pause Full (System.gc()) 800M->800M(6139M) 1125.296ms
[162.689s][info][gc,metaspace] GC(91) Metaspace: 101140K(115072K)->101140K(115072K) NonClass: 72455K(78464K)->72455K(78464K) Class: 28685K(36608K)->28685K(36608K)
[162.689s][info][gc          ] GC(91) Pause Full (System.gc()) 800M->800M(6139M) 1107.349ms
[163.676s][info][gc,metaspace] GC(92) Metaspace: 101140K(115072K)->101140K(115072K) NonClass: 72455K(78464K)->72455K(78464K) Class: 28685K(36608K)->28685K(36608K)
[163.676s][info][gc          ] GC(92) Pause Full (System.gc()) 800M->800M(6139M) 986.879ms
[164.672s][info][gc,metaspace] GC(93) Metaspace: 101140K(115072K)->101140K(115072K) NonClass: 72455K(78464K)->72455K(78464K) Class: 28685K(36608K)->28685K(36608K)
[164.672s][info][gc          ] GC(93) Pause Full (System.gc()) 800M->800M(6139M) 996.127ms
[165.625s][info][gc,metaspace] GC(94) Metaspace: 101140K(115072K)->101140K(115072K) NonClass: 72455K(78464K)->72455K(78464K) Class: 28685K(36608K)->28685K(36608K)
[165.625s][info][gc          ] GC(94) Pause Full (System.gc()) 800M->800M(6139M) 952.751ms
[166.747s][info][gc,metaspace] GC(95) Metaspace: 101140K(115072K)->101140K(115072K) NonClass: 72455K(78464K)->72455K(78464K) Class: 28685K(36608K)->28685K(36608K)
[166.748s][info][gc          ] GC(95) Pause Full (System.gc()) 800M->800M(6139M) 1118.008ms
[167.915s][info][gc,metaspace] GC(96) Metaspace: 101140K(115072K)->101140K(115072K) NonClass: 72455K(78464K)->72455K(78464K) Class: 28685K(36608K)->28685K(36608K)
[167.915s][info][gc          ] GC(96) Pause Full (System.gc()) 800M->800M(6139M) 1167.135ms
[168.891s][info][gc,metaspace] GC(97) Metaspace: 101140K(115072K)->101140K(115072K) NonClass: 72455K(78464K)->72455K(78464K) Class: 28685K(36608K)->28685K(36608K)
[168.891s][info][gc          ] GC(97) Pause Full (System.gc()) 800M->800M(6139M) 975.730ms
[170.011s][info][gc,metaspace] GC(98) Metaspace: 101140K(115072K)->101140K(115072K) NonClass: 72455K(78464K)->72455K(78464K) Class: 28685K(36608K)->28685K(36608K)
[170.011s][info][gc          ] GC(98) Pause Full (System.gc()) 800M->800M(6139M) 1119.788ms
[171.007s][info][gc,metaspace] GC(99) Metaspace: 101140K(115072K)->101140K(115072K) NonClass: 72455K(78464K)->72455K(78464K) Class: 28685K(36608K)->28685K(36608K)
[171.007s][info][gc          ] GC(99) Pause Full (System.gc()) 800M->800M(6139M) 996.486ms
[172.158s][info][gc,metaspace] GC(100) Metaspace: 101140K(115072K)->101140K(115072K) NonClass: 72455K(78464K)->72455K(78464K) Class: 28685K(36608K)->28685K(36608K)
[172.158s][info][gc          ] GC(100) Pause Full (System.gc()) 800M->800M(6139M) 1146.526ms
[173.153s][info][gc,metaspace] GC(101) Metaspace: 101140K(115072K)->101140K(115072K) NonClass: 72455K(78464K)->72455K(78464K) Class: 28685K(36608K)->28685K(36608K)
[173.153s][info][gc          ] GC(101) Pause Full (System.gc()) 800M->800M(6139M) 994.415ms
[174.118s][info][gc,metaspace] GC(102) Metaspace: 101140K(115072K)->101140K(115072K) NonClass: 72455K(78464K)->72455K(78464K) Class: 28685K(36608K)->28685K(36608K)
[174.118s][info][gc          ] GC(102) Pause Full (System.gc()) 800M->800M(6139M) 964.661ms
[175.085s][info][gc,metaspace] GC(103) Metaspace: 101140K(115072K)->101140K(115072K) NonClass: 72455K(78464K)->72455K(78464K) Class: 28685K(36608K)->28685K(36608K)
[175.085s][info][gc          ] GC(103) Pause Full (System.gc()) 800M->800M(6139M) 966.954ms
[176.194s][info][gc,metaspace] GC(104) Metaspace: 101140K(115072K)->101140K(115072K) NonClass: 72455K(78464K)->72455K(78464K) Class: 28685K(36608K)->28685K(36608K)
[176.194s][info][gc          ] GC(104) Pause Full (System.gc()) 800M->800M(6139M) 1109.132ms
[177.162s][info][gc,metaspace] GC(105) Metaspace: 101140K(115072K)->101140K(115072K) NonClass: 72455K(78464K)->72455K(78464K) Class: 28685K(36608K)->28685K(36608K)
[177.162s][info][gc          ] GC(105) Pause Full (System.gc()) 800M->800M(6139M) 962.932ms
[178.145s][info][gc,metaspace] GC(106) Metaspace: 101140K(115072K)->101140K(115072K) NonClass: 72455K(78464K)->72455K(78464K) Class: 28685K(36608K)->28685K(36608K)
[178.145s][info][gc          ] GC(106) Pause Full (System.gc()) 800M->800M(6139M) 982.949ms
[179.109s][info][gc,metaspace] GC(107) Metaspace: 101140K(115072K)->101140K(115072K) NonClass: 72455K(78464K)->72455K(78464K) Class: 28685K(36608K)->28685K(36608K)
[179.109s][info][gc          ] GC(107) Pause Full (System.gc()) 800M->800M(6139M) 964.364ms
[180.243s][info][gc,metaspace] GC(108) Metaspace: 101140K(115072K)->101140K(115072K) NonClass: 72455K(78464K)->72455K(78464K) Class: 28685K(36608K)->28685K(36608K)
[180.243s][info][gc          ] GC(108) Pause Full (System.gc()) 800M->800M(6139M) 1133.236ms
[181.259s][info][gc,metaspace] GC(109) Metaspace: 101140K(115072K)->101140K(115072K) NonClass: 72455K(78464K)->72455K(78464K) Class: 28685K(36608K)->28685K(36608K)
[181.259s][info][gc          ] GC(109) Pause Full (System.gc()) 800M->800M(6139M) 1016.276ms
[182.239s][info][gc,metaspace] GC(110) Metaspace: 101140K(115072K)->101140K(115072K) NonClass: 72455K(78464K)->72455K(78464K) Class: 28685K(36608K)->28685K(36608K)
[182.239s][info][gc          ] GC(110) Pause Full (System.gc()) 800M->800M(6139M) 980.047ms
[183.211s][info][gc,metaspace] GC(111) Metaspace: 101140K(115072K)->101140K(115072K) NonClass: 72455K(78464K)->72455K(78464K) Class: 28685K(36608K)->28685K(36608K)
[183.211s][info][gc          ] GC(111) Pause Full (System.gc()) 800M->800M(6139M) 971.929ms
[184.179s][info][gc,metaspace] GC(112) Metaspace: 101140K(115072K)->101140K(115072K) NonClass: 72455K(78464K)->72455K(78464K) Class: 28685K(36608K)->28685K(36608K)
[184.179s][info][gc          ] GC(112) Pause Full (System.gc()) 800M->800M(6139M) 967.067ms
[185.142s][info][gc,metaspace] GC(113) Metaspace: 101140K(115072K)->101140K(115072K) NonClass: 72455K(78464K)->72455K(78464K) Class: 28685K(36608K)->28685K(36608K)
[185.142s][info][gc          ] GC(113) Pause Full (System.gc()) 800M->800M(6139M) 963.443ms
[186.104s][info][gc,metaspace] GC(114) Metaspace: 101140K(115072K)->101140K(115072K) NonClass: 72455K(78464K)->72455K(78464K) Class: 28685K(36608K)->28685K(36608K)
[186.104s][info][gc          ] GC(114) Pause Full (System.gc()) 800M->800M(6139M) 961.530ms
[187.074s][info][gc,metaspace] GC(115) Metaspace: 101140K(115072K)->101140K(115072K) NonClass: 72455K(78464K)->72455K(78464K) Class: 28685K(36608K)->28685K(36608K)
[187.074s][info][gc          ] GC(115) Pause Full (System.gc()) 800M->800M(6139M) 970.019ms
[188.041s][info][gc,metaspace] GC(116) Metaspace: 101140K(115072K)->101140K(115072K) NonClass: 72455K(78464K)->72455K(78464K) Class: 28685K(36608K)->28685K(36608K)
[188.041s][info][gc          ] GC(116) Pause Full (System.gc()) 800M->800M(6139M) 962.965ms
[189.010s][info][gc,metaspace] GC(117) Metaspace: 101140K(115072K)->101140K(115072K) NonClass: 72455K(78464K)->72455K(78464K) Class: 28685K(36608K)->28685K(36608K)
[189.010s][info][gc          ] GC(117) Pause Full (System.gc()) 813M->800M(6139M) 968.095ms
[189.989s][info][gc,metaspace] GC(118) Metaspace: 101140K(115072K)->101140K(115072K) NonClass: 72455K(78464K)->72455K(78464K) Class: 28685K(36608K)->28685K(36608K)
[189.989s][info][gc          ] GC(118) Pause Full (System.gc()) 800M->800M(6139M) 979.149ms
[191.112s][info][gc,metaspace] GC(119) Metaspace: 101140K(115072K)->101140K(115072K) NonClass: 72455K(78464K)->72455K(78464K) Class: 28685K(36608K)->28685K(36608K)
[191.112s][info][gc          ] GC(119) Pause Full (System.gc()) 800M->800M(6139M) 1122.762ms
[192.076s][info][gc,metaspace] GC(120) Metaspace: 101140K(115072K)->101140K(115072K) NonClass: 72455K(78464K)->72455K(78464K) Class: 28685K(36608K)->28685K(36608K)
[192.076s][info][gc          ] GC(120) Pause Full (System.gc()) 800M->800M(6139M) 963.822ms
[193.063s][info][gc,metaspace] GC(121) Metaspace: 101140K(115072K)->101140K(115072K) NonClass: 72455K(78464K)->72455K(78464K) Class: 28685K(36608K)->28685K(36608K)
[193.063s][info][gc          ] GC(121) Pause Full (System.gc()) 800M->800M(6139M) 982.964ms
[194.027s][info][gc,metaspace] GC(122) Metaspace: 101140K(115072K)->101140K(115072K) NonClass: 72455K(78464K)->72455K(78464K) Class: 28685K(36608K)->28685K(36608K)
[194.027s][info][gc          ] GC(122) Pause Full (System.gc()) 800M->800M(6139M) 963.802ms
[194.993s][info][gc,metaspace] GC(123) Metaspace: 101140K(115072K)->101140K(115072K) NonClass: 72455K(78464K)->72455K(78464K) Class: 28685K(36608K)->28685K(36608K)
[194.993s][info][gc          ] GC(123) Pause Full (System.gc()) 800M->800M(6139M) 965.636ms
[196.007s][info][gc,metaspace] GC(124) Metaspace: 101140K(115072K)->101140K(115072K) NonClass: 72455K(78464K)->72455K(78464K) Class: 28685K(36608K)->28685K(36608K)
[196.007s][info][gc          ] GC(124) Pause Full (System.gc()) 800M->800M(6139M) 1014.121ms
[197.203s][info][gc,metaspace] GC(125) Metaspace: 101140K(115072K)->101140K(115072K) NonClass: 72455K(78464K)->72455K(78464K) Class: 28685K(36608K)->28685K(36608K)
[197.203s][info][gc          ] GC(125) Pause Full (System.gc()) 800M->800M(6139M) 1195.576ms
[198.393s][info][gc,metaspace] GC(126) Metaspace: 101140K(115072K)->101140K(115072K) NonClass: 72455K(78464K)->72455K(78464K) Class: 28685K(36608K)->28685K(36608K)
[198.393s][info][gc          ] GC(126) Pause Full (System.gc()) 800M->800M(6139M) 1190.050ms
[199.384s][info][gc,metaspace] GC(127) Metaspace: 101140K(115072K)->101140K(115072K) NonClass: 72455K(78464K)->72455K(78464K) Class: 28685K(36608K)->28685K(36608K)
[199.384s][info][gc          ] GC(127) Pause Full (System.gc()) 800M->800M(6139M) 990.745ms
[200.342s][info][gc,metaspace] GC(128) Metaspace: 101140K(115072K)->101140K(115072K) NonClass: 72455K(78464K)->72455K(78464K) Class: 28685K(36608K)->28685K(36608K)
[200.342s][info][gc          ] GC(128) Pause Full (System.gc()) 800M->800M(6139M) 957.235ms
[201.297s][info][gc,metaspace] GC(129) Metaspace: 101140K(115072K)->101140K(115072K) NonClass: 72455K(78464K)->72455K(78464K) Class: 28685K(36608K)->28685K(36608K)
[201.297s][info][gc          ] GC(129) Pause Full (System.gc()) 800M->800M(6139M) 955.044ms
[202.394s][info][gc,metaspace] GC(130) Metaspace: 101140K(115072K)->101140K(115072K) NonClass: 72455K(78464K)->72455K(78464K) Class: 28685K(36608K)->28685K(36608K)
[202.394s][info][gc          ] GC(130) Pause Full (System.gc()) 800M->800M(6139M) 1096.959ms
[203.365s][info][gc,metaspace] GC(131) Metaspace: 101140K(115072K)->101140K(115072K) NonClass: 72455K(78464K)->72455K(78464K) Class: 28685K(36608K)->28685K(36608K)
[203.365s][info][gc          ] GC(131) Pause Full (System.gc()) 800M->800M(6139M) 966.639ms
[204.318s][info][gc,metaspace] GC(132) Metaspace: 101140K(115072K)->101140K(115072K) NonClass: 72455K(78464K)->72455K(78464K) Class: 28685K(36608K)->28685K(36608K)
[204.318s][info][gc          ] GC(132) Pause Full (System.gc()) 800M->800M(6139M) 953.024ms
After GCs... 
