[0.001s][info][metaspace]  - commit_granule_bytes: 65536.
[0.001s][info][metaspace]  - commit_granule_words: 8192.
[0.001s][info][metaspace]  - virtual_space_node_default_size: 8388608.
[0.001s][info][metaspace]  - enlarge_chunks_in_place: 1.
[0.001s][info][metaspace]  - use_allocation_guard: 0.
[0.005s][info][gc       ] Using Parallel
[0.379s][info][metaspace] Reserving compressed class space anywhere
[0.384s][info][gc,metaspace] CDS archive(s) not mapped
[0.384s][info][gc,metaspace] Compressed class space mapped at: 0x0000000026000000-0x00000000e6000000, reserved size: 3221225472
[0.384s][info][gc,metaspace] UseCompressedClassPointers 1, UseCompactObjectHeaders 1, narrow klass pointer bits 22, max shift 10
[0.384s][info][gc,metaspace] Narrow klass base: 0x0000000026000000, Narrow klass shift: 10, Narrow klass range: 0xc0000000
Num Classes: 16384
Num Objects per Class: 4096
Cycles: 100
Class association: random
Generate 16384 classes...[2.335s][info][gc,metaspace] GC(0) Metaspace: 22531K(22848K)->22531K(22848K) NonClass: 18811K(19008K)->18811K(19008K) Class: 3719K(3840K)->3719K(3840K)
[2.335s][info][gc          ] GC(0) Pause Young (Allocation Failure) 1536M->4M(5888M) 6.545ms
[3.519s][info][gc,metaspace] GC(1) Metaspace: 23387K(23680K)->23387K(23680K) NonClass: 19665K(19840K)->19665K(19840K) Class: 3721K(3840K)->3721K(3840K)
[3.519s][info][gc          ] GC(1) Pause Young (Allocation Failure) 1540M->4M(5888M) 6.272ms
[4.707s][info][gc,metaspace] GC(2) Metaspace: 23437K(23744K)->23437K(23744K) NonClass: 19715K(19904K)->19715K(19904K) Class: 3721K(3840K)->3721K(3840K)
[4.707s][info][gc          ] GC(2) Pause Young (Allocation Failure) 1540M->4M(5888M) 5.191ms
[5.819s][info][gc,metaspace] GC(3) Metaspace: 23501K(23808K)->23501K(23808K) NonClass: 19779K(19968K)->19779K(19968K) Class: 3721K(3840K)->3721K(3840K)
[5.820s][info][gc          ] GC(3) Pause Young (Allocation Failure) 1540M->5M(5888M) 5.349ms
[6.915s][info][gc,metaspace] GC(4) Metaspace: 23564K(23872K)->23564K(23872K) NonClass: 19842K(20032K)->19842K(20032K) Class: 3721K(3840K)->3721K(3840K)
[6.915s][info][gc          ] GC(4) Pause Young (Allocation Failure) 1541M->5M(5888M) 5.313ms
[7.925s][info][gc,metaspace] GC(5) Metaspace: 23674K(24000K)->23674K(24000K) NonClass: 19951K(20160K)->19951K(20160K) Class: 3722K(3840K)->3722K(3840K)
[7.925s][info][gc          ] GC(5) Pause Young (Allocation Failure) 1541M->6M(6136M) 5.464ms
[9.254s][info][gc,metaspace] GC(6) Metaspace: 23683K(24000K)->23683K(24000K) NonClass: 19959K(20160K)->19959K(20160K) Class: 3723K(3840K)->3723K(3840K)
[9.254s][info][gc          ] GC(6) Pause Young (Allocation Failure) 2040M->6M(6137M) 4.622ms
[10.570s][info][gc,metaspace] GC(7) Metaspace: 23683K(24000K)->23683K(24000K) NonClass: 19959K(20160K)->19959K(20160K) Class: 3723K(3840K)->3723K(3840K)
[10.570s][info][gc          ] GC(7) Pause Young (Allocation Failure) 2040M->7M(6136M) 1.172ms
[11.927s][info][gc,metaspace] GC(8) Metaspace: 23683K(24000K)->23683K(24000K) NonClass: 19959K(20160K)->19959K(20160K) Class: 3723K(3840K)->3723K(3840K)
[11.927s][info][gc          ] GC(8) Pause Young (Allocation Failure) 2040M->8M(6136M) 1.545ms
[13.235s][info][gc,metaspace] GC(9) Metaspace: 23683K(24000K)->23683K(24000K) NonClass: 19959K(20160K)->19959K(20160K) Class: 3723K(3840K)->3723K(3840K)
[13.235s][info][gc          ] GC(9) Pause Young (Allocation Failure) 2041M->8M(6136M) 1.364ms
[14.534s][info][gc,metaspace] GC(10) Metaspace: 23683K(24000K)->23683K(24000K) NonClass: 19959K(20160K)->19959K(20160K) Class: 3723K(3840K)->3723K(3840K)
[14.534s][info][gc          ] GC(10) Pause Young (Allocation Failure) 2041M->8M(6136M) 1.043ms
[16.067s][info][gc,metaspace] GC(11) Metaspace: 23683K(24000K)->23683K(24000K) NonClass: 19959K(20160K)->19959K(20160K) Class: 3723K(3840K)->3723K(3840K)
[16.067s][info][gc          ] GC(11) Pause Young (Allocation Failure) 2041M->9M(6136M) 0.889ms
[17.371s][info][gc,metaspace] GC(12) Metaspace: 23683K(24000K)->23683K(24000K) NonClass: 19959K(20160K)->19959K(20160K) Class: 3723K(3840K)->3723K(3840K)
[17.371s][info][gc          ] GC(12) Pause Young (Allocation Failure) 2042M->9M(6136M) 1.349ms
[18.708s][info][gc,metaspace] GC(13) Metaspace: 23683K(24000K)->23683K(24000K) NonClass: 19959K(20160K)->19959K(20160K) Class: 3723K(3840K)->3723K(3840K)
[18.708s][info][gc          ] GC(13) Pause Young (Allocation Failure) 2042M->11M(6136M) 1.077ms
[19.969s][info][gc,metaspace] GC(14) Metaspace: 23683K(24000K)->23683K(24000K) NonClass: 19959K(20160K)->19959K(20160K) Class: 3723K(3840K)->3723K(3840K)
[19.969s][info][gc          ] GC(14) Pause Young (Allocation Failure) 2044M->11M(6136M) 1.506ms
[21.229s][info][gc,metaspace] GC(15) Metaspace: 23683K(24000K)->23683K(24000K) NonClass: 19959K(20160K)->19959K(20160K) Class: 3723K(3840K)->3723K(3840K)
[21.229s][info][gc          ] GC(15) Pause Young (Allocation Failure) 2044M->11M(6136M) 1.159ms
[22.489s][info][gc,metaspace] GC(16) Metaspace: 23683K(24000K)->23683K(24000K) NonClass: 19959K(20160K)->19959K(20160K) Class: 3723K(3840K)->3723K(3840K)
[22.490s][info][gc          ] GC(16) Pause Young (Allocation Failure) 2044M->12M(6136M) 0.883ms
[23.794s][info][gc,metaspace] GC(17) Metaspace: 23683K(24000K)->23683K(24000K) NonClass: 19959K(20160K)->19959K(20160K) Class: 3723K(3840K)->3723K(3840K)
[23.794s][info][gc          ] GC(17) Pause Young (Allocation Failure) 2045M->12M(6137M) 0.880ms
[25.042s][info][gc,metaspace] GC(18) Metaspace: 23683K(24000K)->23683K(24000K) NonClass: 19959K(20160K)->19959K(20160K) Class: 3723K(3840K)->3723K(3840K)
[25.042s][info][gc          ] GC(18) Pause Young (Allocation Failure) 2046M->13M(6137M) 1.253ms
[26.292s][info][gc,metaspace] GC(19) Metaspace: 23683K(24000K)->23683K(24000K) NonClass: 19959K(20160K)->19959K(20160K) Class: 3723K(3840K)->3723K(3840K)
[26.292s][info][gc          ] GC(19) Pause Young (Allocation Failure) 2047M->14M(6137M) 1.331ms
[27.543s][info][gc,metaspace] GC(20) Metaspace: 23683K(24000K)->23683K(24000K) NonClass: 19959K(20160K)->19959K(20160K) Class: 3723K(3840K)->3723K(3840K)
[27.543s][info][gc          ] GC(20) Pause Young (Allocation Failure) 2048M->14M(6137M) 0.901ms
[28.838s][info][gc,metaspace] GC(21) Metaspace: 23683K(24000K)->23683K(24000K) NonClass: 19959K(20160K)->19959K(20160K) Class: 3723K(3840K)->3723K(3840K)
[28.838s][info][gc          ] GC(21) Pause Young (Allocation Failure) 2048M->15M(6138M) 1.321ms
[30.085s][info][gc,metaspace] GC(22) Metaspace: 23683K(24000K)->23683K(24000K) NonClass: 19959K(20160K)->19959K(20160K) Class: 3723K(3840K)->3723K(3840K)
[30.085s][info][gc          ] GC(22) Pause Young (Allocation Failure) 2051M->15M(6137M) 0.971ms
[31.328s][info][gc,metaspace] GC(23) Metaspace: 23683K(24000K)->23683K(24000K) NonClass: 19959K(20160K)->19959K(20160K) Class: 3723K(3840K)->3723K(3840K)
[31.328s][info][gc          ] GC(23) Pause Young (Allocation Failure) 2051M->16M(6138M) 1.572ms
[32.624s][info][gc,metaspace] GC(24) Metaspace: 23683K(24000K)->23683K(24000K) NonClass: 19959K(20160K)->19959K(20160K) Class: 3723K(3840K)->3723K(3840K)
[32.624s][info][gc          ] GC(24) Pause Young (Allocation Failure) 2052M->16M(6138M) 51.189ms
[33.862s][info][gc,metaspace] GC(25) Metaspace: 23683K(24000K)->23683K(24000K) NonClass: 19959K(20160K)->19959K(20160K) Class: 3723K(3840K)->3723K(3840K)
[33.862s][info][gc          ] GC(25) Pause Young (Allocation Failure) 2053M->17M(6139M) 1.081ms
[35.103s][info][gc,metaspace] GC(26) Metaspace: 23683K(24000K)->23683K(24000K) NonClass: 19959K(20160K)->19959K(20160K) Class: 3723K(3840K)->3723K(3840K)
[35.103s][info][gc          ] GC(26) Pause Young (Allocation Failure) 2055M->18M(6138M) 1.124ms
[36.339s][info][gc,metaspace] GC(27) Metaspace: 23683K(24000K)->23683K(24000K) NonClass: 19959K(20160K)->19959K(20160K) Class: 3723K(3840K)->3723K(3840K)
[36.339s][info][gc          ] GC(27) Pause Young (Allocation Failure) 2055M->18M(6139M) 0.810ms
[37.627s][info][gc,metaspace] GC(28) Metaspace: 23683K(24000K)->23683K(24000K) NonClass: 19959K(20160K)->19959K(20160K) Class: 3723K(3840K)->3723K(3840K)
[37.627s][info][gc          ] GC(28) Pause Young (Allocation Failure) 2056M->19M(6139M) 1.156ms
[39.239s][info][gc,metaspace] GC(29) Metaspace: 23683K(24000K)->23683K(24000K) NonClass: 19959K(20160K)->19959K(20160K) Class: 3723K(3840K)->3723K(3840K)
[39.239s][info][gc          ] GC(29) Pause Young (Allocation Failure) 2057M->19M(6139M) 0.734ms

Loading 16384...[40.566s][info][gc,metaspace] GC(30) Metaspace: 48271K(48576K)->48271K(48576K) NonClass: 28164K(28352K)->28164K(28352K) Class: 20107K(20224K)->20107K(20224K)
[40.566s][info][gc          ] GC(30) Pause Full (System.gc()) 1773M->20M(6139M) 44.694ms
Creating 4096 objects per class...[49.020s][info][gc,metaspace] GC(31) Metaspace: 92503K(108032K)->92503K(108032K) NonClass: 63817K(71424K)->63817K(71424K) Class: 28685K(36608K)->28685K(36608K)
[49.020s][info][gc          ] GC(31) Pause Full (CodeCache GC Threshold) 885M->340M(6139M) 327.530ms

Done; will start GCs... 
[99.687s][info][gc,metaspace] GC(32) Metaspace: 101141K(115008K)->101141K(115008K) NonClass: 72456K(78400K)->72456K(78400K) Class: 28685K(36608K)->28685K(36608K)
[99.687s][info][gc          ] GC(32) Pause Full (System.gc()) 839M->800M(6139M) 1019.007ms
[100.381s][info][gc,metaspace] GC(33) Metaspace: 101141K(115008K)->101141K(115008K) NonClass: 72456K(78400K)->72456K(78400K) Class: 28685K(36608K)->28685K(36608K)
[100.382s][info][gc          ] GC(33) Pause Full (System.gc()) 800M->800M(6139M) 694.429ms
[101.119s][info][gc,metaspace] GC(34) Metaspace: 101141K(115008K)->101141K(115008K) NonClass: 72456K(78400K)->72456K(78400K) Class: 28685K(36608K)->28685K(36608K)
[101.119s][info][gc          ] GC(34) Pause Full (System.gc()) 800M->800M(6139M) 737.214ms
[101.854s][info][gc,metaspace] GC(35) Metaspace: 101141K(115008K)->101141K(115008K) NonClass: 72456K(78400K)->72456K(78400K) Class: 28685K(36608K)->28685K(36608K)
[101.854s][info][gc          ] GC(35) Pause Full (System.gc()) 800M->800M(6139M) 735.267ms
[102.506s][info][gc,metaspace] GC(36) Metaspace: 101141K(115008K)->101141K(115008K) NonClass: 72456K(78400K)->72456K(78400K) Class: 28685K(36608K)->28685K(36608K)
[102.506s][info][gc          ] GC(36) Pause Full (System.gc()) 800M->800M(6139M) 651.449ms
[103.162s][info][gc,metaspace] GC(37) Metaspace: 101141K(115008K)->101141K(115008K) NonClass: 72456K(78400K)->72456K(78400K) Class: 28685K(36608K)->28685K(36608K)
[103.162s][info][gc          ] GC(37) Pause Full (System.gc()) 800M->800M(6139M) 656.093ms
[103.820s][info][gc,metaspace] GC(38) Metaspace: 101141K(115008K)->101141K(115008K) NonClass: 72456K(78400K)->72456K(78400K) Class: 28685K(36608K)->28685K(36608K)
[103.820s][info][gc          ] GC(38) Pause Full (System.gc()) 800M->800M(6139M) 657.409ms
[104.552s][info][gc,metaspace] GC(39) Metaspace: 101141K(115008K)->101141K(115008K) NonClass: 72456K(78400K)->72456K(78400K) Class: 28685K(36608K)->28685K(36608K)
[104.552s][info][gc          ] GC(39) Pause Full (System.gc()) 800M->800M(6139M) 727.730ms
[105.278s][info][gc,metaspace] GC(40) Metaspace: 101141K(115008K)->101141K(115008K) NonClass: 72456K(78400K)->72456K(78400K) Class: 28685K(36608K)->28685K(36608K)
[105.278s][info][gc          ] GC(40) Pause Full (System.gc()) 800M->800M(6139M) 726.158ms
[106.037s][info][gc,metaspace] GC(41) Metaspace: 101141K(115008K)->101141K(115008K) NonClass: 72456K(78400K)->72456K(78400K) Class: 28685K(36608K)->28685K(36608K)
[106.037s][info][gc          ] GC(41) Pause Full (System.gc()) 800M->800M(6139M) 758.501ms
[106.709s][info][gc,metaspace] GC(42) Metaspace: 101141K(115008K)->101141K(115008K) NonClass: 72456K(78400K)->72456K(78400K) Class: 28685K(36608K)->28685K(36608K)
[106.709s][info][gc          ] GC(42) Pause Full (System.gc()) 800M->800M(6139M) 671.750ms
[107.374s][info][gc,metaspace] GC(43) Metaspace: 101141K(115008K)->101141K(115008K) NonClass: 72456K(78400K)->72456K(78400K) Class: 28685K(36608K)->28685K(36608K)
[107.374s][info][gc          ] GC(43) Pause Full (System.gc()) 800M->800M(6139M) 665.375ms
[108.035s][info][gc,metaspace] GC(44) Metaspace: 101141K(115008K)->101141K(115008K) NonClass: 72456K(78400K)->72456K(78400K) Class: 28685K(36608K)->28685K(36608K)
[108.035s][info][gc          ] GC(44) Pause Full (System.gc()) 800M->800M(6139M) 660.158ms
[108.687s][info][gc,metaspace] GC(45) Metaspace: 101141K(115008K)->101141K(115008K) NonClass: 72456K(78400K)->72456K(78400K) Class: 28685K(36608K)->28685K(36608K)
[108.687s][info][gc          ] GC(45) Pause Full (System.gc()) 800M->800M(6139M) 651.832ms
[109.409s][info][gc,metaspace] GC(46) Metaspace: 101141K(115008K)->101141K(115008K) NonClass: 72456K(78400K)->72456K(78400K) Class: 28685K(36608K)->28685K(36608K)
[109.409s][info][gc          ] GC(46) Pause Full (System.gc()) 800M->800M(6139M) 721.685ms
[110.155s][info][gc,metaspace] GC(47) Metaspace: 101141K(115008K)->101141K(115008K) NonClass: 72456K(78400K)->72456K(78400K) Class: 28685K(36608K)->28685K(36608K)
[110.155s][info][gc          ] GC(47) Pause Full (System.gc()) 800M->800M(6139M) 742.364ms
[110.897s][info][gc,metaspace] GC(48) Metaspace: 101141K(115008K)->101141K(115008K) NonClass: 72456K(78400K)->72456K(78400K) Class: 28685K(36608K)->28685K(36608K)
[110.897s][info][gc          ] GC(48) Pause Full (System.gc()) 800M->800M(6139M) 741.169ms
[111.567s][info][gc,metaspace] GC(49) Metaspace: 101141K(115008K)->101141K(115008K) NonClass: 72456K(78400K)->72456K(78400K) Class: 28685K(36608K)->28685K(36608K)
[111.567s][info][gc          ] GC(49) Pause Full (System.gc()) 800M->800M(6139M) 669.869ms
[112.299s][info][gc,metaspace] GC(50) Metaspace: 101141K(115008K)->101141K(115008K) NonClass: 72456K(78400K)->72456K(78400K) Class: 28685K(36608K)->28685K(36608K)
[112.299s][info][gc          ] GC(50) Pause Full (System.gc()) 800M->800M(6139M) 732.102ms
[112.978s][info][gc,metaspace] GC(51) Metaspace: 101141K(115008K)->101141K(115008K) NonClass: 72456K(78400K)->72456K(78400K) Class: 28685K(36608K)->28685K(36608K)
[112.978s][info][gc          ] GC(51) Pause Full (System.gc()) 800M->800M(6139M) 678.533ms
[113.702s][info][gc,metaspace] GC(52) Metaspace: 101141K(115008K)->101141K(115008K) NonClass: 72456K(78400K)->72456K(78400K) Class: 28685K(36608K)->28685K(36608K)
[113.702s][info][gc          ] GC(52) Pause Full (System.gc()) 800M->800M(6139M) 724.274ms
[114.358s][info][gc,metaspace] GC(53) Metaspace: 101141K(115008K)->101141K(115008K) NonClass: 72456K(78400K)->72456K(78400K) Class: 28685K(36608K)->28685K(36608K)
[114.358s][info][gc          ] GC(53) Pause Full (System.gc()) 800M->800M(6139M) 655.676ms
[115.006s][info][gc,metaspace] GC(54) Metaspace: 101141K(115008K)->101141K(115008K) NonClass: 72456K(78400K)->72456K(78400K) Class: 28685K(36608K)->28685K(36608K)
[115.006s][info][gc          ] GC(54) Pause Full (System.gc()) 800M->800M(6139M) 647.411ms
[115.668s][info][gc,metaspace] GC(55) Metaspace: 101141K(115008K)->101141K(115008K) NonClass: 72456K(78400K)->72456K(78400K) Class: 28685K(36608K)->28685K(36608K)
[115.668s][info][gc          ] GC(55) Pause Full (System.gc()) 800M->800M(6139M) 662.417ms
[116.316s][info][gc,metaspace] GC(56) Metaspace: 101141K(115008K)->101141K(115008K) NonClass: 72456K(78400K)->72456K(78400K) Class: 28685K(36608K)->28685K(36608K)
[116.316s][info][gc          ] GC(56) Pause Full (System.gc()) 800M->800M(6139M) 647.279ms
[117.051s][info][gc,metaspace] GC(57) Metaspace: 101141K(115008K)->101141K(115008K) NonClass: 72456K(78400K)->72456K(78400K) Class: 28685K(36608K)->28685K(36608K)
[117.052s][info][gc          ] GC(57) Pause Full (System.gc()) 800M->800M(6139M) 735.753ms
[117.814s][info][gc,metaspace] GC(58) Metaspace: 101141K(115008K)->101141K(115008K) NonClass: 72456K(78400K)->72456K(78400K) Class: 28685K(36608K)->28685K(36608K)
[117.814s][info][gc          ] GC(58) Pause Full (System.gc()) 800M->800M(6139M) 761.862ms
[118.560s][info][gc,metaspace] GC(59) Metaspace: 101141K(115008K)->101141K(115008K) NonClass: 72456K(78400K)->72456K(78400K) Class: 28685K(36608K)->28685K(36608K)
[118.560s][info][gc          ] GC(59) Pause Full (System.gc()) 800M->800M(6139M) 746.653ms
[119.221s][info][gc,metaspace] GC(60) Metaspace: 101141K(115008K)->101141K(115008K) NonClass: 72456K(78400K)->72456K(78400K) Class: 28685K(36608K)->28685K(36608K)
[119.221s][info][gc          ] GC(60) Pause Full (System.gc()) 800M->800M(6139M) 660.230ms
[119.885s][info][gc,metaspace] GC(61) Metaspace: 101141K(115008K)->101141K(115008K) NonClass: 72456K(78400K)->72456K(78400K) Class: 28685K(36608K)->28685K(36608K)
[119.885s][info][gc          ] GC(61) Pause Full (System.gc()) 800M->800M(6139M) 664.043ms
[120.534s][info][gc,metaspace] GC(62) Metaspace: 101141K(115008K)->101141K(115008K) NonClass: 72456K(78400K)->72456K(78400K) Class: 28685K(36608K)->28685K(36608K)
[120.534s][info][gc          ] GC(62) Pause Full (System.gc()) 800M->800M(6139M) 648.596ms
[121.185s][info][gc,metaspace] GC(63) Metaspace: 101141K(115008K)->101141K(115008K) NonClass: 72456K(78400K)->72456K(78400K) Class: 28685K(36608K)->28685K(36608K)
[121.186s][info][gc          ] GC(63) Pause Full (System.gc()) 800M->800M(6139M) 647.360ms
[121.828s][info][gc,metaspace] GC(64) Metaspace: 101141K(115008K)->101141K(115008K) NonClass: 72456K(78400K)->72456K(78400K) Class: 28685K(36608K)->28685K(36608K)
[121.828s][info][gc          ] GC(64) Pause Full (System.gc()) 800M->800M(6139M) 642.531ms
[122.478s][info][gc,metaspace] GC(65) Metaspace: 101141K(115008K)->101141K(115008K) NonClass: 72456K(78400K)->72456K(78400K) Class: 28685K(36608K)->28685K(36608K)
[122.478s][info][gc          ] GC(65) Pause Full (System.gc()) 800M->800M(6139M) 649.688ms
[123.268s][info][gc,metaspace] GC(66) Metaspace: 101141K(115008K)->101141K(115008K) NonClass: 72456K(78400K)->72456K(78400K) Class: 28685K(36608K)->28685K(36608K)
[123.268s][info][gc          ] GC(66) Pause Full (System.gc()) 813M->800M(6139M) 790.193ms
[123.988s][info][gc,metaspace] GC(67) Metaspace: 101141K(115008K)->101141K(115008K) NonClass: 72456K(78400K)->72456K(78400K) Class: 28685K(36608K)->28685K(36608K)
[123.988s][info][gc          ] GC(67) Pause Full (System.gc()) 800M->800M(6139M) 718.989ms
[124.749s][info][gc,metaspace] GC(68) Metaspace: 101141K(115008K)->101141K(115008K) NonClass: 72456K(78400K)->72456K(78400K) Class: 28685K(36608K)->28685K(36608K)
[124.749s][info][gc          ] GC(68) Pause Full (System.gc()) 800M->800M(6139M) 760.768ms
[125.482s][info][gc,metaspace] GC(69) Metaspace: 101141K(115008K)->101141K(115008K) NonClass: 72456K(78400K)->72456K(78400K) Class: 28685K(36608K)->28685K(36608K)
[125.482s][info][gc          ] GC(69) Pause Full (System.gc()) 800M->800M(6139M) 732.816ms
[126.152s][info][gc,metaspace] GC(70) Metaspace: 101141K(115008K)->101141K(115008K) NonClass: 72456K(78400K)->72456K(78400K) Class: 28685K(36608K)->28685K(36608K)
[126.152s][info][gc          ] GC(70) Pause Full (System.gc()) 800M->800M(6139M) 670.414ms
[126.791s][info][gc,metaspace] GC(71) Metaspace: 101141K(115008K)->101141K(115008K) NonClass: 72456K(78400K)->72456K(78400K) Class: 28685K(36608K)->28685K(36608K)
[126.791s][info][gc          ] GC(71) Pause Full (System.gc()) 800M->800M(6139M) 638.835ms
[127.514s][info][gc,metaspace] GC(72) Metaspace: 101141K(115008K)->101141K(115008K) NonClass: 72456K(78400K)->72456K(78400K) Class: 28685K(36608K)->28685K(36608K)
[127.514s][info][gc          ] GC(72) Pause Full (System.gc()) 800M->800M(6139M) 723.025ms
[128.170s][info][gc,metaspace] GC(73) Metaspace: 101141K(115008K)->101141K(115008K) NonClass: 72456K(78400K)->72456K(78400K) Class: 28685K(36608K)->28685K(36608K)
[128.170s][info][gc          ] GC(73) Pause Full (System.gc()) 800M->800M(6139M) 655.261ms
[128.905s][info][gc,metaspace] GC(74) Metaspace: 101141K(115008K)->101141K(115008K) NonClass: 72456K(78400K)->72456K(78400K) Class: 28685K(36608K)->28685K(36608K)
[128.905s][info][gc          ] GC(74) Pause Full (System.gc()) 800M->800M(6139M) 735.046ms
[129.570s][info][gc,metaspace] GC(75) Metaspace: 101141K(115008K)->101141K(115008K) NonClass: 72456K(78400K)->72456K(78400K) Class: 28685K(36608K)->28685K(36608K)
[129.570s][info][gc          ] GC(75) Pause Full (System.gc()) 800M->800M(6139M) 664.470ms
[130.299s][info][gc,metaspace] GC(76) Metaspace: 101141K(115008K)->101141K(115008K) NonClass: 72456K(78400K)->72456K(78400K) Class: 28685K(36608K)->28685K(36608K)
[130.299s][info][gc          ] GC(76) Pause Full (System.gc()) 800M->800M(6139M) 729.428ms
[130.963s][info][gc,metaspace] GC(77) Metaspace: 101141K(115008K)->101141K(115008K) NonClass: 72456K(78400K)->72456K(78400K) Class: 28685K(36608K)->28685K(36608K)
[130.963s][info][gc          ] GC(77) Pause Full (System.gc()) 800M->800M(6139M) 663.516ms
[131.681s][info][gc,metaspace] GC(78) Metaspace: 101141K(115008K)->101141K(115008K) NonClass: 72456K(78400K)->72456K(78400K) Class: 28685K(36608K)->28685K(36608K)
[131.681s][info][gc          ] GC(78) Pause Full (System.gc()) 800M->800M(6139M) 717.991ms
[132.349s][info][gc,metaspace] GC(79) Metaspace: 101141K(115008K)->101141K(115008K) NonClass: 72456K(78400K)->72456K(78400K) Class: 28685K(36608K)->28685K(36608K)
[132.349s][info][gc          ] GC(79) Pause Full (System.gc()) 800M->800M(6139M) 667.692ms
[132.998s][info][gc,metaspace] GC(80) Metaspace: 101141K(115008K)->101141K(115008K) NonClass: 72456K(78400K)->72456K(78400K) Class: 28685K(36608K)->28685K(36608K)
[132.998s][info][gc          ] GC(80) Pause Full (System.gc()) 800M->800M(6139M) 648.624ms
[133.726s][info][gc,metaspace] GC(81) Metaspace: 101141K(115008K)->101141K(115008K) NonClass: 72456K(78400K)->72456K(78400K) Class: 28685K(36608K)->28685K(36608K)
[133.726s][info][gc          ] GC(81) Pause Full (System.gc()) 800M->800M(6139M) 728.258ms
[134.466s][info][gc,metaspace] GC(82) Metaspace: 101141K(115008K)->101141K(115008K) NonClass: 72456K(78400K)->72456K(78400K) Class: 28685K(36608K)->28685K(36608K)
[134.467s][info][gc          ] GC(82) Pause Full (System.gc()) 800M->800M(6139M) 740.157ms
[135.129s][info][gc,metaspace] GC(83) Metaspace: 101141K(115008K)->101141K(115008K) NonClass: 72456K(78400K)->72456K(78400K) Class: 28685K(36608K)->28685K(36608K)
[135.129s][info][gc          ] GC(83) Pause Full (System.gc()) 800M->800M(6139M) 662.536ms
[135.859s][info][gc,metaspace] GC(84) Metaspace: 101141K(115008K)->101141K(115008K) NonClass: 72456K(78400K)->72456K(78400K) Class: 28685K(36608K)->28685K(36608K)
[135.859s][info][gc          ] GC(84) Pause Full (System.gc()) 800M->800M(6139M) 729.625ms
[136.599s][info][gc,metaspace] GC(85) Metaspace: 101141K(115008K)->101141K(115008K) NonClass: 72456K(78400K)->72456K(78400K) Class: 28685K(36608K)->28685K(36608K)
[136.599s][info][gc          ] GC(85) Pause Full (System.gc()) 800M->800M(6139M) 739.569ms
[137.346s][info][gc,metaspace] GC(86) Metaspace: 101141K(115008K)->101141K(115008K) NonClass: 72456K(78400K)->72456K(78400K) Class: 28685K(36608K)->28685K(36608K)
[137.346s][info][gc          ] GC(86) Pause Full (System.gc()) 800M->800M(6139M) 746.997ms
[138.092s][info][gc,metaspace] GC(87) Metaspace: 101141K(115008K)->101141K(115008K) NonClass: 72456K(78400K)->72456K(78400K) Class: 28685K(36608K)->28685K(36608K)
[138.093s][info][gc          ] GC(87) Pause Full (System.gc()) 800M->800M(6139M) 742.239ms
[138.757s][info][gc,metaspace] GC(88) Metaspace: 101141K(115008K)->101141K(115008K) NonClass: 72456K(78400K)->72456K(78400K) Class: 28685K(36608K)->28685K(36608K)
[138.757s][info][gc          ] GC(88) Pause Full (System.gc()) 800M->800M(6139M) 664.337ms
[139.404s][info][gc,metaspace] GC(89) Metaspace: 101141K(115008K)->101141K(115008K) NonClass: 72456K(78400K)->72456K(78400K) Class: 28685K(36608K)->28685K(36608K)
[139.404s][info][gc          ] GC(89) Pause Full (System.gc()) 800M->800M(6139M) 646.839ms
[140.131s][info][gc,metaspace] GC(90) Metaspace: 101141K(115008K)->101141K(115008K) NonClass: 72456K(78400K)->72456K(78400K) Class: 28685K(36608K)->28685K(36608K)
[140.131s][info][gc          ] GC(90) Pause Full (System.gc()) 800M->800M(6139M) 726.365ms
[140.794s][info][gc,metaspace] GC(91) Metaspace: 101141K(115008K)->101141K(115008K) NonClass: 72456K(78400K)->72456K(78400K) Class: 28685K(36608K)->28685K(36608K)
[140.794s][info][gc          ] GC(91) Pause Full (System.gc()) 800M->800M(6139M) 663.455ms
[141.444s][info][gc,metaspace] GC(92) Metaspace: 101141K(115008K)->101141K(115008K) NonClass: 72456K(78400K)->72456K(78400K) Class: 28685K(36608K)->28685K(36608K)
[141.444s][info][gc          ] GC(92) Pause Full (System.gc()) 800M->800M(6139M) 649.543ms
[142.092s][info][gc,metaspace] GC(93) Metaspace: 101141K(115008K)->101141K(115008K) NonClass: 72456K(78400K)->72456K(78400K) Class: 28685K(36608K)->28685K(36608K)
[142.092s][info][gc          ] GC(93) Pause Full (System.gc()) 800M->800M(6139M) 647.600ms
[142.812s][info][gc,metaspace] GC(94) Metaspace: 101141K(115008K)->101141K(115008K) NonClass: 72456K(78400K)->72456K(78400K) Class: 28685K(36608K)->28685K(36608K)
[142.812s][info][gc          ] GC(94) Pause Full (System.gc()) 800M->800M(6139M) 720.544ms
[143.462s][info][gc,metaspace] GC(95) Metaspace: 101141K(115008K)->101141K(115008K) NonClass: 72456K(78400K)->72456K(78400K) Class: 28685K(36608K)->28685K(36608K)
[143.462s][info][gc          ] GC(95) Pause Full (System.gc()) 800M->800M(6139M) 649.741ms
[144.119s][info][gc,metaspace] GC(96) Metaspace: 101141K(115008K)->101141K(115008K) NonClass: 72456K(78400K)->72456K(78400K) Class: 28685K(36608K)->28685K(36608K)
[144.119s][info][gc          ] GC(96) Pause Full (System.gc()) 800M->800M(6139M) 656.434ms
[144.780s][info][gc,metaspace] GC(97) Metaspace: 101141K(115008K)->101141K(115008K) NonClass: 72456K(78400K)->72456K(78400K) Class: 28685K(36608K)->28685K(36608K)
[144.780s][info][gc          ] GC(97) Pause Full (System.gc()) 800M->800M(6139M) 661.194ms
[145.434s][info][gc,metaspace] GC(98) Metaspace: 101141K(115008K)->101141K(115008K) NonClass: 72456K(78400K)->72456K(78400K) Class: 28685K(36608K)->28685K(36608K)
[145.434s][info][gc          ] GC(98) Pause Full (System.gc()) 800M->800M(6139M) 653.632ms
[146.161s][info][gc,metaspace] GC(99) Metaspace: 101141K(115008K)->101141K(115008K) NonClass: 72456K(78400K)->72456K(78400K) Class: 28685K(36608K)->28685K(36608K)
[146.161s][info][gc          ] GC(99) Pause Full (System.gc()) 800M->800M(6139M) 727.345ms
[146.813s][info][gc,metaspace] GC(100) Metaspace: 101141K(115008K)->101141K(115008K) NonClass: 72456K(78400K)->72456K(78400K) Class: 28685K(36608K)->28685K(36608K)
[146.813s][info][gc          ] GC(100) Pause Full (System.gc()) 800M->800M(6139M) 650.938ms
[147.544s][info][gc,metaspace] GC(101) Metaspace: 101141K(115008K)->101141K(115008K) NonClass: 72456K(78400K)->72456K(78400K) Class: 28685K(36608K)->28685K(36608K)
[147.544s][info][gc          ] GC(101) Pause Full (System.gc()) 800M->800M(6139M) 731.705ms
[148.278s][info][gc,metaspace] GC(102) Metaspace: 101141K(115008K)->101141K(115008K) NonClass: 72456K(78400K)->72456K(78400K) Class: 28685K(36608K)->28685K(36608K)
[148.279s][info][gc          ] GC(102) Pause Full (System.gc()) 800M->800M(6139M) 733.855ms
[148.938s][info][gc,metaspace] GC(103) Metaspace: 101141K(115008K)->101141K(115008K) NonClass: 72456K(78400K)->72456K(78400K) Class: 28685K(36608K)->28685K(36608K)
[148.938s][info][gc          ] GC(103) Pause Full (System.gc()) 800M->800M(6139M) 655.178ms
[149.600s][info][gc,metaspace] GC(104) Metaspace: 101141K(115008K)->101141K(115008K) NonClass: 72456K(78400K)->72456K(78400K) Class: 28685K(36608K)->28685K(36608K)
[149.600s][info][gc          ] GC(104) Pause Full (System.gc()) 800M->800M(6139M) 661.381ms
[150.251s][info][gc,metaspace] GC(105) Metaspace: 101141K(115008K)->101141K(115008K) NonClass: 72456K(78400K)->72456K(78400K) Class: 28685K(36608K)->28685K(36608K)
[150.251s][info][gc          ] GC(105) Pause Full (System.gc()) 800M->800M(6139M) 651.133ms
[150.903s][info][gc,metaspace] GC(106) Metaspace: 101141K(115008K)->101141K(115008K) NonClass: 72456K(78400K)->72456K(78400K) Class: 28685K(36608K)->28685K(36608K)
[150.903s][info][gc          ] GC(106) Pause Full (System.gc()) 800M->800M(6139M) 652.124ms
[151.554s][info][gc,metaspace] GC(107) Metaspace: 101141K(115008K)->101141K(115008K) NonClass: 72456K(78400K)->72456K(78400K) Class: 28685K(36608K)->28685K(36608K)
[151.554s][info][gc          ] GC(107) Pause Full (System.gc()) 800M->800M(6139M) 650.538ms
[152.289s][info][gc,metaspace] GC(108) Metaspace: 101141K(115008K)->101141K(115008K) NonClass: 72456K(78400K)->72456K(78400K) Class: 28685K(36608K)->28685K(36608K)
[152.289s][info][gc          ] GC(108) Pause Full (System.gc()) 800M->800M(6139M) 735.356ms
[152.964s][info][gc,metaspace] GC(109) Metaspace: 101141K(115008K)->101141K(115008K) NonClass: 72456K(78400K)->72456K(78400K) Class: 28685K(36608K)->28685K(36608K)
[152.965s][info][gc          ] GC(109) Pause Full (System.gc()) 800M->800M(6139M) 674.904ms
[153.630s][info][gc,metaspace] GC(110) Metaspace: 101141K(115008K)->101141K(115008K) NonClass: 72456K(78400K)->72456K(78400K) Class: 28685K(36608K)->28685K(36608K)
[153.630s][info][gc          ] GC(110) Pause Full (System.gc()) 800M->800M(6139M) 665.646ms
[154.379s][info][gc,metaspace] GC(111) Metaspace: 101141K(115008K)->101141K(115008K) NonClass: 72456K(78400K)->72456K(78400K) Class: 28685K(36608K)->28685K(36608K)
[154.379s][info][gc          ] GC(111) Pause Full (System.gc()) 800M->800M(6139M) 748.024ms
[155.124s][info][gc,metaspace] GC(112) Metaspace: 101141K(115008K)->101141K(115008K) NonClass: 72456K(78400K)->72456K(78400K) Class: 28685K(36608K)->28685K(36608K)
[155.124s][info][gc          ] GC(112) Pause Full (System.gc()) 800M->800M(6139M) 745.611ms
[155.793s][info][gc,metaspace] GC(113) Metaspace: 101141K(115008K)->101141K(115008K) NonClass: 72456K(78400K)->72456K(78400K) Class: 28685K(36608K)->28685K(36608K)
[155.793s][info][gc          ] GC(113) Pause Full (System.gc()) 800M->800M(6139M) 668.115ms
[156.513s][info][gc,metaspace] GC(114) Metaspace: 101141K(115008K)->101141K(115008K) NonClass: 72456K(78400K)->72456K(78400K) Class: 28685K(36608K)->28685K(36608K)
[156.513s][info][gc          ] GC(114) Pause Full (System.gc()) 800M->800M(6139M) 720.522ms
[157.170s][info][gc,metaspace] GC(115) Metaspace: 101141K(115008K)->101141K(115008K) NonClass: 72456K(78400K)->72456K(78400K) Class: 28685K(36608K)->28685K(36608K)
[157.170s][info][gc          ] GC(115) Pause Full (System.gc()) 800M->800M(6139M) 656.607ms
[157.819s][info][gc,metaspace] GC(116) Metaspace: 101141K(115008K)->101141K(115008K) NonClass: 72456K(78400K)->72456K(78400K) Class: 28685K(36608K)->28685K(36608K)
[157.819s][info][gc          ] GC(116) Pause Full (System.gc()) 800M->800M(6139M) 648.740ms
[158.542s][info][gc,metaspace] GC(117) Metaspace: 101141K(115008K)->101141K(115008K) NonClass: 72456K(78400K)->72456K(78400K) Class: 28685K(36608K)->28685K(36608K)
[158.542s][info][gc          ] GC(117) Pause Full (System.gc()) 800M->800M(6139M) 722.949ms
[159.200s][info][gc,metaspace] GC(118) Metaspace: 101141K(115008K)->101141K(115008K) NonClass: 72456K(78400K)->72456K(78400K) Class: 28685K(36608K)->28685K(36608K)
[159.200s][info][gc          ] GC(118) Pause Full (System.gc()) 800M->800M(6139M) 658.006ms
[159.945s][info][gc,metaspace] GC(119) Metaspace: 101141K(115008K)->101141K(115008K) NonClass: 72456K(78400K)->72456K(78400K) Class: 28685K(36608K)->28685K(36608K)
[159.945s][info][gc          ] GC(119) Pause Full (System.gc()) 800M->800M(6139M) 740.662ms
[160.665s][info][gc,metaspace] GC(120) Metaspace: 101141K(115008K)->101141K(115008K) NonClass: 72456K(78400K)->72456K(78400K) Class: 28685K(36608K)->28685K(36608K)
[160.666s][info][gc          ] GC(120) Pause Full (System.gc()) 800M->800M(6139M) 720.031ms
[161.325s][info][gc,metaspace] GC(121) Metaspace: 101141K(115008K)->101141K(115008K) NonClass: 72456K(78400K)->72456K(78400K) Class: 28685K(36608K)->28685K(36608K)
[161.325s][info][gc          ] GC(121) Pause Full (System.gc()) 800M->800M(6139M) 659.454ms
[161.975s][info][gc,metaspace] GC(122) Metaspace: 101141K(115008K)->101141K(115008K) NonClass: 72456K(78400K)->72456K(78400K) Class: 28685K(36608K)->28685K(36608K)
[161.975s][info][gc          ] GC(122) Pause Full (System.gc()) 800M->800M(6139M) 649.968ms
[162.677s][info][gc,metaspace] GC(123) Metaspace: 101141K(115008K)->101141K(115008K) NonClass: 72456K(78400K)->72456K(78400K) Class: 28685K(36608K)->28685K(36608K)
[162.677s][info][gc          ] GC(123) Pause Full (System.gc()) 800M->800M(6139M) 701.183ms
[163.329s][info][gc,metaspace] GC(124) Metaspace: 101141K(115008K)->101141K(115008K) NonClass: 72456K(78400K)->72456K(78400K) Class: 28685K(36608K)->28685K(36608K)
[163.329s][info][gc          ] GC(124) Pause Full (System.gc()) 800M->800M(6139M) 652.445ms
[164.058s][info][gc,metaspace] GC(125) Metaspace: 101141K(115008K)->101141K(115008K) NonClass: 72456K(78400K)->72456K(78400K) Class: 28685K(36608K)->28685K(36608K)
[164.058s][info][gc          ] GC(125) Pause Full (System.gc()) 800M->800M(6139M) 728.340ms
[164.730s][info][gc,metaspace] GC(126) Metaspace: 101141K(115008K)->101141K(115008K) NonClass: 72456K(78400K)->72456K(78400K) Class: 28685K(36608K)->28685K(36608K)
[164.730s][info][gc          ] GC(126) Pause Full (System.gc()) 800M->800M(6139M) 672.440ms
[165.399s][info][gc,metaspace] GC(127) Metaspace: 101141K(115008K)->101141K(115008K) NonClass: 72456K(78400K)->72456K(78400K) Class: 28685K(36608K)->28685K(36608K)
[165.399s][info][gc          ] GC(127) Pause Full (System.gc()) 800M->800M(6139M) 668.513ms
[166.043s][info][gc,metaspace] GC(128) Metaspace: 101141K(115008K)->101141K(115008K) NonClass: 72456K(78400K)->72456K(78400K) Class: 28685K(36608K)->28685K(36608K)
[166.043s][info][gc          ] GC(128) Pause Full (System.gc()) 800M->800M(6139M) 644.088ms
[166.685s][info][gc,metaspace] GC(129) Metaspace: 101141K(115008K)->101141K(115008K) NonClass: 72456K(78400K)->72456K(78400K) Class: 28685K(36608K)->28685K(36608K)
[166.685s][info][gc          ] GC(129) Pause Full (System.gc()) 800M->800M(6139M) 641.917ms
[167.336s][info][gc,metaspace] GC(130) Metaspace: 101141K(115008K)->101141K(115008K) NonClass: 72456K(78400K)->72456K(78400K) Class: 28685K(36608K)->28685K(36608K)
[167.336s][info][gc          ] GC(130) Pause Full (System.gc()) 800M->800M(6139M) 650.682ms
[167.990s][info][gc,metaspace] GC(131) Metaspace: 101141K(115008K)->101141K(115008K) NonClass: 72456K(78400K)->72456K(78400K) Class: 28685K(36608K)->28685K(36608K)
[167.990s][info][gc          ] GC(131) Pause Full (System.gc()) 800M->800M(6139M) 653.274ms
After GCs... 
