Done; will start GCs... 
[16.033s][info][gc,metaspace] GC(27) Metaspace: 16390K(17536K)->16390K(17536K) NonClass: 14232K(14784K)->14232K(14784K) Class: 2158K(2752K)->2158K(2752K)
[16.033s][info][gc          ] GC(27) Pause Full (System.gc()) 1799M->1797M(6144M) 637.019ms
[16.669s][info][gc,metaspace] GC(28) Metaspace: 16390K(17536K)->16390K(17536K) NonClass: 14232K(14784K)->14232K(14784K) Class: 2158K(2752K)->2158K(2752K)
[16.669s][info][gc          ] GC(28) Pause Full (System.gc()) 1797M->1797M(6144M) 635.887ms
[17.304s][info][gc,metaspace] GC(29) Metaspace: 16390K(17536K)->16390K(17536K) NonClass: 14232K(14784K)->14232K(14784K) Class: 2158K(2752K)->2158K(2752K)
[17.304s][info][gc          ] GC(29) Pause Full (System.gc()) 1797M->1797M(6144M) 635.025ms
[17.938s][info][gc,metaspace] GC(30) Metaspace: 16390K(17536K)->16390K(17536K) NonClass: 14232K(14784K)->14232K(14784K) Class: 2158K(2752K)->2158K(2752K)
[17.938s][info][gc          ] GC(30) Pause Full (System.gc()) 1797M->1797M(6144M) 633.689ms
[18.574s][info][gc,metaspace] GC(31) Metaspace: 16390K(17536K)->16390K(17536K) NonClass: 14232K(14784K)->14232K(14784K) Class: 2158K(2752K)->2158K(2752K)
[18.574s][info][gc          ] GC(31) Pause Full (System.gc()) 1797M->1797M(6144M) 636.180ms
[19.218s][info][gc,metaspace] GC(32) Metaspace: 16390K(17536K)->16390K(17536K) NonClass: 14232K(14784K)->14232K(14784K) Class: 2158K(2752K)->2158K(2752K)
[19.218s][info][gc          ] GC(32) Pause Full (System.gc()) 1797M->1797M(6144M) 644.038ms
[19.862s][info][gc,metaspace] GC(33) Metaspace: 16390K(17536K)->16390K(17536K) NonClass: 14232K(14784K)->14232K(14784K) Class: 2158K(2752K)->2158K(2752K)
[19.862s][info][gc          ] GC(33) Pause Full (System.gc()) 1797M->1797M(6144M) 643.704ms
[20.491s][info][gc,metaspace] GC(34) Metaspace: 16390K(17536K)->16390K(17536K) NonClass: 14232K(14784K)->14232K(14784K) Class: 2158K(2752K)->2158K(2752K)
[20.491s][info][gc          ] GC(34) Pause Full (System.gc()) 1797M->1797M(6144M) 629.164ms
[21.152s][info][gc,metaspace] GC(35) Metaspace: 16390K(17536K)->16390K(17536K) NonClass: 14232K(14784K)->14232K(14784K) Class: 2158K(2752K)->2158K(2752K)
[21.152s][info][gc          ] GC(35) Pause Full (System.gc()) 1797M->1797M(6144M) 661.048ms
[21.793s][info][gc,metaspace] GC(36) Metaspace: 16390K(17536K)->16390K(17536K) NonClass: 14232K(14784K)->14232K(14784K) Class: 2158K(2752K)->2158K(2752K)
[21.793s][info][gc          ] GC(36) Pause Full (System.gc()) 1797M->1797M(6144M) 641.335ms
After GCs... 
