Done; will start GCs... 
[15.549s][info][gc,metaspace] GC(28) Metaspace: 16502K(17664K)->16502K(17664K) NonClass: 13159K(13696K)->13159K(13696K) Class: 3343K(3968K)->3343K(3968K)
[15.549s][info][gc          ] GC(28) Pause Full (System.gc()) 1580M->1578M(6144M) 683.556ms
[16.191s][info][gc,metaspace] GC(29) Metaspace: 16502K(17664K)->16502K(17664K) NonClass: 13159K(13696K)->13159K(13696K) Class: 3343K(3968K)->3343K(3968K)
[16.191s][info][gc          ] GC(29) Pause Full (System.gc()) 1578M->1578M(6144M) 642.414ms
[16.823s][info][gc,metaspace] GC(30) Metaspace: 16502K(17664K)->16502K(17664K) NonClass: 13159K(13696K)->13159K(13696K) Class: 3343K(3968K)->3343K(3968K)
[16.823s][info][gc          ] GC(30) Pause Full (System.gc()) 1578M->1578M(6144M) 632.240ms
[17.474s][info][gc,metaspace] GC(31) Metaspace: 16502K(17664K)->16502K(17664K) NonClass: 13159K(13696K)->13159K(13696K) Class: 3343K(3968K)->3343K(3968K)
[17.474s][info][gc          ] GC(31) Pause Full (System.gc()) 1578M->1578M(6144M) 650.458ms
[18.140s][info][gc,metaspace] GC(32) Metaspace: 16502K(17664K)->16502K(17664K) NonClass: 13159K(13696K)->13159K(13696K) Class: 3343K(3968K)->3343K(3968K)
[18.140s][info][gc          ] GC(32) Pause Full (System.gc()) 1578M->1578M(6144M) 666.381ms
[18.781s][info][gc,metaspace] GC(33) Metaspace: 16502K(17664K)->16502K(17664K) NonClass: 13159K(13696K)->13159K(13696K) Class: 3343K(3968K)->3343K(3968K)
[18.781s][info][gc          ] GC(33) Pause Full (System.gc()) 1578M->1578M(6144M) 640.503ms
[19.412s][info][gc,metaspace] GC(34) Metaspace: 16502K(17664K)->16502K(17664K) NonClass: 13159K(13696K)->13159K(13696K) Class: 3343K(3968K)->3343K(3968K)
[19.412s][info][gc          ] GC(34) Pause Full (System.gc()) 1578M->1578M(6144M) 631.418ms
[20.050s][info][gc,metaspace] GC(35) Metaspace: 16502K(17664K)->16502K(17664K) NonClass: 13159K(13696K)->13159K(13696K) Class: 3343K(3968K)->3343K(3968K)
[20.050s][info][gc          ] GC(35) Pause Full (System.gc()) 1578M->1578M(6144M) 637.319ms
[20.675s][info][gc,metaspace] GC(36) Metaspace: 16502K(17664K)->16502K(17664K) NonClass: 13159K(13696K)->13159K(13696K) Class: 3343K(3968K)->3343K(3968K)
[20.675s][info][gc          ] GC(36) Pause Full (System.gc()) 1578M->1578M(6144M) 624.796ms
[21.314s][info][gc,metaspace] GC(37) Metaspace: 16502K(17664K)->16502K(17664K) NonClass: 13159K(13696K)->13159K(13696K) Class: 3343K(3968K)->3343K(3968K)
[21.314s][info][gc          ] GC(37) Pause Full (System.gc()) 1578M->1578M(6144M) 639.042ms
After GCs... 
