[0.002s][info][metaspace]  - commit_granule_bytes: 65536.
[0.002s][info][metaspace]  - commit_granule_words: 8192.
[0.002s][info][metaspace]  - virtual_space_node_default_size: 8388608.
[0.002s][info][metaspace]  - enlarge_chunks_in_place: 1.
[0.002s][info][metaspace]  - use_allocation_guard: 0.
[0.011s][info][gc       ] Using Parallel
[0.461s][info][metaspace] Reserving compressed class space anywhere
[0.461s][info][gc,metaspace] CDS archive(s) not mapped
[0.462s][info][gc,metaspace] Compressed class space mapped at: 0x0000000030000000-0x00000000f0000000, reserved size: 3221225472
[0.462s][info][gc,metaspace] UseCompressedClassPointers 1, UseCompactObjectHeaders 0, narrow klass pointer bits 32, max shift 3
[0.462s][info][gc,metaspace] Narrow klass base: 0x0000000000000000, Narrow klass shift: 0, Narrow klass range: 0xf0000000
Random Seed: 12345678
Num Classes: 4096
Num Objects: 67108864
Percent IK Objects: 83.0%)
Percent OAK Objects: 5.0%)
Percent TAK Objects: 12.0%)
Wired up: false
Cycles: 10
Loading 4096 pre-generated classes ...
Materialize pre-generated constructors ...
Creating objects...
[0.726s][info][gc,metaspace] GC(0) Metaspace: 15625K(15936K)->15625K(15936K) NonClass: 12382K(12544K)->12382K(12544K) Class: 3242K(3392K)->3242K(3392K)
[0.726s][info][gc          ] GC(0) Pause Full (System.gc()) 122M->3M(5888M) 7.477ms
[3.961s][info][gc,metaspace] GC(1) Metaspace: 30594K(34304K)->30594K(34304K) NonClass: 25204K(26816K)->25204K(26816K) Class: 5390K(7488K)->5390K(7488K)
[3.961s][info][gc          ] GC(1) Pause Young (Allocation Failure) 1539M->354M(5888M) 473.000ms
[6.540s][info][gc,metaspace] GC(2) Metaspace: 30596K(34304K)->30596K(34304K) NonClass: 25206K(26816K)->25206K(26816K) Class: 5390K(7488K)->5390K(7488K)
[6.540s][info][gc          ] GC(2) Pause Young (Allocation Failure) 1890M->494M(5888M) 136.746ms
[9.150s][info][gc,metaspace] GC(3) Metaspace: 30596K(34304K)->30596K(34304K) NonClass: 25206K(26816K)->25206K(26816K) Class: 5390K(7488K)->5390K(7488K)
[9.150s][info][gc          ] GC(3) Pause Young (Allocation Failure) 2030M->632M(5888M) 196.631ms
[11.806s][info][gc,metaspace] GC(4) Metaspace: 30596K(34304K)->30596K(34304K) NonClass: 25206K(26816K)->25206K(26816K) Class: 5390K(7488K)->5390K(7488K)
[11.806s][info][gc          ] GC(4) Pause Young (Allocation Failure) 2168M->771M(5888M) 296.531ms
[14.384s][info][gc,metaspace] GC(5) Metaspace: 30596K(34304K)->30596K(34304K) NonClass: 25206K(26816K)->25206K(26816K) Class: 5390K(7488K)->5390K(7488K)
[14.384s][info][gc          ] GC(5) Pause Young (Allocation Failure) 2307M->910M(5888M) 200.110ms
[16.329s][info][gc,metaspace] GC(6) Metaspace: 30596K(34304K)->30596K(34304K) NonClass: 25206K(26816K)->25206K(26816K) Class: 5390K(7488K)->5390K(7488K)
[16.329s][info][gc          ] GC(6) Pause Young (Allocation Failure) 2446M->1049M(5264M) 273.945ms
[17.299s][info][gc,metaspace] GC(7) Metaspace: 30596K(34304K)->30596K(34304K) NonClass: 25206K(26816K)->25206K(26816K) Class: 5390K(7488K)->5390K(7488K)
[17.299s][info][gc          ] GC(7) Pause Young (Allocation Failure) 1961M->1132M(5124M) 165.049ms
[18.080s][info][gc,metaspace] GC(8) Metaspace: 30596K(34304K)->30596K(34304K) NonClass: 25206K(26816K)->25206K(26816K) Class: 5390K(7488K)->5390K(7488K)
[18.080s][info][gc          ] GC(8) Pause Young (Allocation Failure) 2044M->1215M(5582M) 172.639ms
[18.835s][info][gc,metaspace] GC(9) Metaspace: 30596K(34304K)->30596K(34304K) NonClass: 25206K(26816K)->25206K(26816K) Class: 5390K(7488K)->5390K(7488K)
[18.835s][info][gc          ] GC(9) Pause Young (Allocation Failure) 2125M->1297M(5568M) 176.559ms
[19.642s][info][gc,metaspace] GC(10) Metaspace: 30596K(34304K)->30596K(34304K) NonClass: 25206K(26816K)->25206K(26816K) Class: 5390K(7488K)->5390K(7488K)
[19.642s][info][gc          ] GC(10) Pause Young (Allocation Failure) 2207M->1379M(5617M) 191.106ms
[20.441s][info][gc,metaspace] GC(11) Metaspace: 30596K(34304K)->30596K(34304K) NonClass: 25206K(26816K)->25206K(26816K) Class: 5390K(7488K)->5390K(7488K)
[20.441s][info][gc          ] GC(11) Pause Young (Allocation Failure) 2366M->1469M(5609M) 136.380ms
[21.191s][info][gc,metaspace] GC(12) Metaspace: 30596K(34304K)->30596K(34304K) NonClass: 25206K(26816K)->25206K(26816K) Class: 5390K(7488K)->5390K(7488K)
[21.191s][info][gc          ] GC(12) Pause Young (Allocation Failure) 2455M->1558M(5617M) 106.729ms
[21.953s][info][gc,metaspace] GC(13) Metaspace: 30596K(34304K)->30596K(34304K) NonClass: 25206K(26816K)->25206K(26816K) Class: 5390K(7488K)->5390K(7488K)
[21.953s][info][gc          ] GC(13) Pause Young (Allocation Failure) 2551M->1648M(5615M) 113.031ms
[22.763s][info][gc,metaspace] GC(14) Metaspace: 30596K(34304K)->30596K(34304K) NonClass: 25206K(26816K)->25206K(26816K) Class: 5390K(7488K)->5390K(7488K)
[22.763s][info][gc          ] GC(14) Pause Young (Allocation Failure) 2640M->1738M(5633M) 112.430ms
67108864 Objects created
 - IK: 55699211 (82.99829%)
 - OAK: 3355627 (5.0002737%)
 - TAK: 8054026 (12.001434%)
Preparatory GC...
[24.319s][info][gc,metaspace] GC(15) Metaspace: 30596K(34304K)->30596K(34304K) NonClass: 25206K(26816K)->25206K(26816K) Class: 5390K(7488K)->5390K(7488K)
[24.319s][info][gc          ] GC(15) Pause Full (System.gc()) 2552M->1805M(5633M) 986.287ms
[25.133s][info][gc,metaspace] GC(16) Metaspace: 30596K(34304K)->30596K(34304K) NonClass: 25206K(26816K)->25206K(26816K) Class: 5390K(7488K)->5390K(7488K)
[25.133s][info][gc          ] GC(16) Pause Full (System.gc()) 1805M->1805M(5633M) 813.523ms
Done; will start GCs... 
[25.855s][info][gc,metaspace] GC(17) Metaspace: 30596K(34304K)->30596K(34304K) NonClass: 25206K(26816K)->25206K(26816K) Class: 5390K(7488K)->5390K(7488K)
[25.855s][info][gc          ] GC(17) Pause Full (System.gc()) 1825M->1805M(5633M) 721.664ms
[26.557s][info][gc,metaspace] GC(18) Metaspace: 30596K(34304K)->30596K(34304K) NonClass: 25206K(26816K)->25206K(26816K) Class: 5390K(7488K)->5390K(7488K)
[26.557s][info][gc          ] GC(18) Pause Full (System.gc()) 1805M->1805M(5633M) 702.311ms
[27.228s][info][gc,metaspace] GC(19) Metaspace: 30596K(34304K)->30596K(34304K) NonClass: 25206K(26816K)->25206K(26816K) Class: 5390K(7488K)->5390K(7488K)
[27.228s][info][gc          ] GC(19) Pause Full (System.gc()) 1805M->1805M(5633M) 670.859ms
[27.853s][info][gc,metaspace] GC(20) Metaspace: 30596K(34304K)->30596K(34304K) NonClass: 25206K(26816K)->25206K(26816K) Class: 5390K(7488K)->5390K(7488K)
[27.853s][info][gc          ] GC(20) Pause Full (System.gc()) 1805M->1805M(5633M) 624.982ms
[28.543s][info][gc,metaspace] GC(21) Metaspace: 30596K(34304K)->30596K(34304K) NonClass: 25206K(26816K)->25206K(26816K) Class: 5390K(7488K)->5390K(7488K)
[28.543s][info][gc          ] GC(21) Pause Full (System.gc()) 1805M->1805M(5633M) 690.241ms
[29.227s][info][gc,metaspace] GC(22) Metaspace: 30596K(34304K)->30596K(34304K) NonClass: 25206K(26816K)->25206K(26816K) Class: 5390K(7488K)->5390K(7488K)
[29.227s][info][gc          ] GC(22) Pause Full (System.gc()) 1805M->1805M(5633M) 683.789ms
[29.890s][info][gc,metaspace] GC(23) Metaspace: 30596K(34304K)->30596K(34304K) NonClass: 25206K(26816K)->25206K(26816K) Class: 5390K(7488K)->5390K(7488K)
[29.890s][info][gc          ] GC(23) Pause Full (System.gc()) 1805M->1805M(5633M) 662.863ms
[30.583s][info][gc,metaspace] GC(24) Metaspace: 30596K(34304K)->30596K(34304K) NonClass: 25206K(26816K)->25206K(26816K) Class: 5390K(7488K)->5390K(7488K)
[30.583s][info][gc          ] GC(24) Pause Full (System.gc()) 1805M->1805M(5633M) 692.761ms
[31.249s][info][gc,metaspace] GC(25) Metaspace: 30596K(34304K)->30596K(34304K) NonClass: 25206K(26816K)->25206K(26816K) Class: 5390K(7488K)->5390K(7488K)
[31.249s][info][gc          ] GC(25) Pause Full (System.gc()) 1805M->1805M(5633M) 665.725ms
[31.945s][info][gc,metaspace] GC(26) Metaspace: 30596K(34304K)->30596K(34304K) NonClass: 25206K(26816K)->25206K(26816K) Class: 5390K(7488K)->5390K(7488K)
[31.946s][info][gc          ] GC(26) Pause Full (System.gc()) 1805M->1805M(5633M) 696.681ms
After GCs... 
