[0.001s][info][metaspace]  - commit_granule_bytes: 65536.
[0.001s][info][metaspace]  - commit_granule_words: 8192.
[0.001s][info][metaspace]  - virtual_space_node_default_size: 8388608.
[0.001s][info][metaspace]  - enlarge_chunks_in_place: 1.
[0.001s][info][metaspace]  - use_allocation_guard: 0.
[0.005s][info][gc       ] Using Parallel
[0.446s][info][metaspace] Reserving compressed class space anywhere
[0.446s][info][gc,metaspace] CDS archive(s) not mapped
[0.446s][info][gc,metaspace] Compressed class space mapped at: 0x0000000016000000-0x00000000d6000000, reserved size: 3221225472
[0.446s][info][gc,metaspace] UseCompressedClassPointers 1, UseCompactObjectHeaders 1, narrow klass pointer bits 22, max shift 10
[0.446s][info][gc,metaspace] Narrow klass base: 0x0000000016000000, Narrow klass shift: 10, Narrow klass range: 0xc0000000
Random Seed: 12345678
Num Classes: 4096
Num Objects: 67108864
Percent IK Objects: 83.0%)
Percent OAK Objects: 5.0%)
Percent TAK Objects: 12.0%)
Wired up: false
Cycles: 10
Loading 4096 pre-generated classes ...
Materialize pre-generated constructors ...
Creating objects...
[0.737s][info][gc,metaspace] GC(0) Metaspace: 17542K(17792K)->17542K(17792K) NonClass: 11667K(11776K)->11667K(11776K) Class: 5874K(6016K)->5874K(6016K)
[0.737s][info][gc          ] GC(0) Pause Full (System.gc()) 122M->3M(5888M) 8.510ms
[4.003s][info][gc,metaspace] GC(1) Metaspace: 31027K(34752K)->31027K(34752K) NonClass: 23003K(24640K)->23003K(24640K) Class: 8023K(10112K)->8023K(10112K)
[4.004s][info][gc          ] GC(1) Pause Young (Allocation Failure) 1539M->345M(5888M) 477.729ms
[6.685s][info][gc,metaspace] GC(2) Metaspace: 31029K(34752K)->31029K(34752K) NonClass: 23006K(24640K)->23006K(24640K) Class: 8023K(10112K)->8023K(10112K)
[6.685s][info][gc          ] GC(2) Pause Young (Allocation Failure) 1881M->474M(5888M) 152.174ms
[9.346s][info][gc,metaspace] GC(3) Metaspace: 31029K(34752K)->31029K(34752K) NonClass: 23006K(24640K)->23006K(24640K) Class: 8023K(10112K)->8023K(10112K)
[9.346s][info][gc          ] GC(3) Pause Young (Allocation Failure) 2010M->600M(5888M) 220.167ms
[12.162s][info][gc,metaspace] GC(4) Metaspace: 31029K(34752K)->31029K(34752K) NonClass: 23006K(24640K)->23006K(24640K) Class: 8023K(10112K)->8023K(10112K)
[12.162s][info][gc          ] GC(4) Pause Young (Allocation Failure) 2136M->726M(5888M) 308.056ms
[14.646s][info][gc,metaspace] GC(5) Metaspace: 31029K(34752K)->31029K(34752K) NonClass: 23006K(24640K)->23006K(24640K) Class: 8023K(10112K)->8023K(10112K)
[14.646s][info][gc          ] GC(5) Pause Young (Allocation Failure) 2262M->851M(5888M) 231.980ms
[16.519s][info][gc,metaspace] GC(6) Metaspace: 31029K(34752K)->31029K(34752K) NonClass: 23006K(24640K)->23006K(24640K) Class: 8023K(10112K)->8023K(10112K)
[16.519s][info][gc          ] GC(6) Pause Young (Allocation Failure) 2387M->977M(5303M) 323.754ms
[17.543s][info][gc,metaspace] GC(7) Metaspace: 31029K(34752K)->31029K(34752K) NonClass: 23006K(24640K)->23006K(24640K) Class: 8023K(10112K)->8023K(10112K)
[17.544s][info][gc          ] GC(7) Pause Young (Allocation Failure) 1928M->1055M(5167M) 300.759ms
[18.466s][info][gc,metaspace] GC(8) Metaspace: 31029K(34752K)->31029K(34752K) NonClass: 23006K(24640K)->23006K(24640K) Class: 8023K(10112K)->8023K(10112K)
[18.466s][info][gc          ] GC(8) Pause Young (Allocation Failure) 2006M->1133M(5609M) 255.461ms
[19.252s][info][gc,metaspace] GC(9) Metaspace: 31029K(34752K)->31029K(34752K) NonClass: 23006K(24640K)->23006K(24640K) Class: 8023K(10112K)->8023K(10112K)
[19.252s][info][gc          ] GC(9) Pause Young (Allocation Failure) 2094M->1212M(5591M) 147.611ms
[20.155s][info][gc,metaspace] GC(10) Metaspace: 31029K(34752K)->31029K(34752K) NonClass: 23006K(24640K)->23006K(24640K) Class: 8023K(10112K)->8023K(10112K)
[20.155s][info][gc          ] GC(10) Pause Young (Allocation Failure) 2172M->1291M(5641M) 212.623ms
[21.054s][info][gc,metaspace] GC(11) Metaspace: 31029K(34752K)->31029K(34752K) NonClass: 23006K(24640K)->23006K(24640K) Class: 8023K(10112K)->8023K(10112K)
[21.054s][info][gc          ] GC(11) Pause Young (Allocation Failure) 2326M->1376M(5633M) 164.644ms
[21.907s][info][gc,metaspace] GC(12) Metaspace: 31029K(34752K)->31029K(34752K) NonClass: 23006K(24640K)->23006K(24640K) Class: 8023K(10112K)->8023K(10112K)
[21.907s][info][gc          ] GC(12) Pause Young (Allocation Failure) 2411M->1460M(5641M) 112.367ms
[22.773s][info][gc,metaspace] GC(13) Metaspace: 31029K(34752K)->31029K(34752K) NonClass: 23006K(24640K)->23006K(24640K) Class: 8023K(10112K)->8023K(10112K)
[22.773s][info][gc          ] GC(13) Pause Young (Allocation Failure) 2500M->1545M(5639M) 127.511ms
67108864 Objects created
 - IK: 55699211 (82.99829%)
 - OAK: 3355627 (5.0002737%)
 - TAK: 8054026 (12.001434%)
Preparatory GC...
[24.270s][info][gc,metaspace] GC(14) Metaspace: 31029K(34752K)->31029K(34752K) NonClass: 23006K(24640K)->23006K(24640K) Class: 8023K(10112K)->8023K(10112K)
[24.270s][info][gc          ] GC(14) Pause Full (System.gc()) 2169M->1591M(5639M) 1096.300ms
[24.986s][info][gc,metaspace] GC(15) Metaspace: 31029K(34752K)->31029K(34752K) NonClass: 23006K(24640K)->23006K(24640K) Class: 8023K(10112K)->8023K(10112K)
[24.986s][info][gc          ] GC(15) Pause Full (System.gc()) 1591M->1591M(5639M) 715.887ms
Done; will start GCs... 
[25.626s][info][gc,metaspace] GC(16) Metaspace: 31029K(34752K)->31029K(34752K) NonClass: 23006K(24640K)->23006K(24640K) Class: 8023K(10112K)->8023K(10112K)
[25.626s][info][gc          ] GC(16) Pause Full (System.gc()) 1612M->1591M(5639M) 639.209ms
[26.246s][info][gc,metaspace] GC(17) Metaspace: 31029K(34752K)->31029K(34752K) NonClass: 23006K(24640K)->23006K(24640K) Class: 8023K(10112K)->8023K(10112K)
[26.246s][info][gc          ] GC(17) Pause Full (System.gc()) 1591M->1591M(5639M) 620.485ms
[26.930s][info][gc,metaspace] GC(18) Metaspace: 31029K(34752K)->31029K(34752K) NonClass: 23006K(24640K)->23006K(24640K) Class: 8023K(10112K)->8023K(10112K)
[26.931s][info][gc          ] GC(18) Pause Full (System.gc()) 1591M->1591M(5639M) 684.226ms
[27.590s][info][gc,metaspace] GC(19) Metaspace: 31029K(34752K)->31029K(34752K) NonClass: 23006K(24640K)->23006K(24640K) Class: 8023K(10112K)->8023K(10112K)
[27.590s][info][gc          ] GC(19) Pause Full (System.gc()) 1591M->1591M(5639M) 658.941ms
[28.210s][info][gc,metaspace] GC(20) Metaspace: 31029K(34752K)->31029K(34752K) NonClass: 23006K(24640K)->23006K(24640K) Class: 8023K(10112K)->8023K(10112K)
[28.210s][info][gc          ] GC(20) Pause Full (System.gc()) 1591M->1591M(5639M) 620.176ms
[28.821s][info][gc,metaspace] GC(21) Metaspace: 31029K(34752K)->31029K(34752K) NonClass: 23006K(24640K)->23006K(24640K) Class: 8023K(10112K)->8023K(10112K)
[28.821s][info][gc          ] GC(21) Pause Full (System.gc()) 1591M->1591M(5639M) 610.549ms
[29.431s][info][gc,metaspace] GC(22) Metaspace: 31029K(34752K)->31029K(34752K) NonClass: 23006K(24640K)->23006K(24640K) Class: 8023K(10112K)->8023K(10112K)
[29.431s][info][gc          ] GC(22) Pause Full (System.gc()) 1591M->1591M(5639M) 610.477ms
[30.098s][info][gc,metaspace] GC(23) Metaspace: 31029K(34752K)->31029K(34752K) NonClass: 23006K(24640K)->23006K(24640K) Class: 8023K(10112K)->8023K(10112K)
[30.098s][info][gc          ] GC(23) Pause Full (System.gc()) 1591M->1591M(5639M) 667.237ms
[30.737s][info][gc,metaspace] GC(24) Metaspace: 31029K(34752K)->31029K(34752K) NonClass: 23006K(24640K)->23006K(24640K) Class: 8023K(10112K)->8023K(10112K)
[30.737s][info][gc          ] GC(24) Pause Full (System.gc()) 1591M->1591M(5639M) 638.239ms
[31.359s][info][gc,metaspace] GC(25) Metaspace: 31029K(34752K)->31029K(34752K) NonClass: 23006K(24640K)->23006K(24640K) Class: 8023K(10112K)->8023K(10112K)
[31.359s][info][gc          ] GC(25) Pause Full (System.gc()) 1591M->1591M(5639M) 618.282ms
After GCs... 
