Done; will start GCs... 
[25.855s][info][gc,metaspace] GC(17) Metaspace: 30596K(34304K)->30596K(34304K) NonClass: 25206K(26816K)->25206K(26816K) Class: 5390K(7488K)->5390K(7488K)
[25.855s][info][gc          ] GC(17) Pause Full (System.gc()) 1825M->1805M(5633M) 721.664ms
[26.557s][info][gc,metaspace] GC(18) Metaspace: 30596K(34304K)->30596K(34304K) NonClass: 25206K(26816K)->25206K(26816K) Class: 5390K(7488K)->5390K(7488K)
[26.557s][info][gc          ] GC(18) Pause Full (System.gc()) 1805M->1805M(5633M) 702.311ms
[27.228s][info][gc,metaspace] GC(19) Metaspace: 30596K(34304K)->30596K(34304K) NonClass: 25206K(26816K)->25206K(26816K) Class: 5390K(7488K)->5390K(7488K)
[27.228s][info][gc          ] GC(19) Pause Full (System.gc()) 1805M->1805M(5633M) 670.859ms
[27.853s][info][gc,metaspace] GC(20) Metaspace: 30596K(34304K)->30596K(34304K) NonClass: 25206K(26816K)->25206K(26816K) Class: 5390K(7488K)->5390K(7488K)
[27.853s][info][gc          ] GC(20) Pause Full (System.gc()) 1805M->1805M(5633M) 624.982ms
[28.543s][info][gc,metaspace] GC(21) Metaspace: 30596K(34304K)->30596K(34304K) NonClass: 25206K(26816K)->25206K(26816K) Class: 5390K(7488K)->5390K(7488K)
[28.543s][info][gc          ] GC(21) Pause Full (System.gc()) 1805M->1805M(5633M) 690.241ms
[29.227s][info][gc,metaspace] GC(22) Metaspace: 30596K(34304K)->30596K(34304K) NonClass: 25206K(26816K)->25206K(26816K) Class: 5390K(7488K)->5390K(7488K)
[29.227s][info][gc          ] GC(22) Pause Full (System.gc()) 1805M->1805M(5633M) 683.789ms
[29.890s][info][gc,metaspace] GC(23) Metaspace: 30596K(34304K)->30596K(34304K) NonClass: 25206K(26816K)->25206K(26816K) Class: 5390K(7488K)->5390K(7488K)
[29.890s][info][gc          ] GC(23) Pause Full (System.gc()) 1805M->1805M(5633M) 662.863ms
[30.583s][info][gc,metaspace] GC(24) Metaspace: 30596K(34304K)->30596K(34304K) NonClass: 25206K(26816K)->25206K(26816K) Class: 5390K(7488K)->5390K(7488K)
[30.583s][info][gc          ] GC(24) Pause Full (System.gc()) 1805M->1805M(5633M) 692.761ms
[31.249s][info][gc,metaspace] GC(25) Metaspace: 30596K(34304K)->30596K(34304K) NonClass: 25206K(26816K)->25206K(26816K) Class: 5390K(7488K)->5390K(7488K)
[31.249s][info][gc          ] GC(25) Pause Full (System.gc()) 1805M->1805M(5633M) 665.725ms
[31.945s][info][gc,metaspace] GC(26) Metaspace: 30596K(34304K)->30596K(34304K) NonClass: 25206K(26816K)->25206K(26816K) Class: 5390K(7488K)->5390K(7488K)
[31.946s][info][gc          ] GC(26) Pause Full (System.gc()) 1805M->1805M(5633M) 696.681ms
After GCs... 
