Done; will start GCs... 
[26.155s][info][gc,metaspace] GC(16) Metaspace: 31030K(34752K)->31030K(34752K) NonClass: 23006K(24640K)->23006K(24640K) Class: 8023K(10112K)->8023K(10112K)
[26.155s][info][gc          ] GC(16) Pause Full (System.gc()) 1612M->1591M(5639M) 780.839ms
[26.881s][info][gc,metaspace] GC(17) Metaspace: 31030K(34752K)->31030K(34752K) NonClass: 23006K(24640K)->23006K(24640K) Class: 8023K(10112K)->8023K(10112K)
[26.881s][info][gc          ] GC(17) Pause Full (System.gc()) 1591M->1591M(5639M) 726.465ms
[27.650s][info][gc,metaspace] GC(18) Metaspace: 31030K(34752K)->31030K(34752K) NonClass: 23006K(24640K)->23006K(24640K) Class: 8023K(10112K)->8023K(10112K)
[27.651s][info][gc          ] GC(18) Pause Full (System.gc()) 1591M->1591M(5639M) 769.201ms
[28.370s][info][gc,metaspace] GC(19) Metaspace: 31030K(34752K)->31030K(34752K) NonClass: 23006K(24640K)->23006K(24640K) Class: 8023K(10112K)->8023K(10112K)
[28.370s][info][gc          ] GC(19) Pause Full (System.gc()) 1591M->1591M(5639M) 719.130ms
[29.097s][info][gc,metaspace] GC(20) Metaspace: 31030K(34752K)->31030K(34752K) NonClass: 23006K(24640K)->23006K(24640K) Class: 8023K(10112K)->8023K(10112K)
[29.097s][info][gc          ] GC(20) Pause Full (System.gc()) 1591M->1591M(5639M) 726.936ms
[29.835s][info][gc,metaspace] GC(21) Metaspace: 31030K(34752K)->31030K(34752K) NonClass: 23006K(24640K)->23006K(24640K) Class: 8023K(10112K)->8023K(10112K)
[29.835s][info][gc          ] GC(21) Pause Full (System.gc()) 1591M->1591M(5639M) 737.985ms
[30.539s][info][gc,metaspace] GC(22) Metaspace: 31030K(34752K)->31030K(34752K) NonClass: 23006K(24640K)->23006K(24640K) Class: 8023K(10112K)->8023K(10112K)
[30.539s][info][gc          ] GC(22) Pause Full (System.gc()) 1591M->1591M(5639M) 704.006ms
[31.279s][info][gc,metaspace] GC(23) Metaspace: 31030K(34752K)->31030K(34752K) NonClass: 23006K(24640K)->23006K(24640K) Class: 8023K(10112K)->8023K(10112K)
[31.279s][info][gc          ] GC(23) Pause Full (System.gc()) 1591M->1591M(5639M) 735.773ms
[32.076s][info][gc,metaspace] GC(24) Metaspace: 31030K(34752K)->31030K(34752K) NonClass: 23006K(24640K)->23006K(24640K) Class: 8023K(10112K)->8023K(10112K)
[32.076s][info][gc          ] GC(24) Pause Full (System.gc()) 1591M->1591M(5639M) 796.668ms
[32.849s][info][gc,metaspace] GC(25) Metaspace: 31030K(34752K)->31030K(34752K) NonClass: 23006K(24640K)->23006K(24640K) Class: 8023K(10112K)->8023K(10112K)
[32.850s][info][gc          ] GC(25) Pause Full (System.gc()) 1591M->1591M(5639M) 773.607ms
After GCs... 
