Done; will start GCs... 
[12.478s][info][gc,metaspace] GC(14) Metaspace: 11523K(11904K)->11523K(11904K) NonClass: 9646K(9856K)->9646K(9856K) Class: 1877K(2048K)->1877K(2048K)
[12.478s][info][gc          ] GC(14) Pause Full (System.gc()) 1592M->1571M(5198M) 639.885ms
[13.045s][info][gc,metaspace] GC(15) Metaspace: 11523K(11904K)->11523K(11904K) NonClass: 9646K(9856K)->9646K(9856K) Class: 1877K(2048K)->1877K(2048K)
[13.045s][info][gc          ] GC(15) Pause Full (System.gc()) 1571M->1571M(5198M) 567.196ms
[13.633s][info][gc,metaspace] GC(16) Metaspace: 11523K(11904K)->11523K(11904K) NonClass: 9646K(9856K)->9646K(9856K) Class: 1877K(2048K)->1877K(2048K)
[13.633s][info][gc          ] GC(16) Pause Full (System.gc()) 1571M->1571M(5198M) 587.845ms
[14.200s][info][gc,metaspace] GC(17) Metaspace: 11523K(11904K)->11523K(11904K) NonClass: 9646K(9856K)->9646K(9856K) Class: 1877K(2048K)->1877K(2048K)
[14.200s][info][gc          ] GC(17) Pause Full (System.gc()) 1571M->1571M(5198M) 566.917ms
[14.801s][info][gc,metaspace] GC(18) Metaspace: 11523K(11904K)->11523K(11904K) NonClass: 9646K(9856K)->9646K(9856K) Class: 1877K(2048K)->1877K(2048K)
[14.801s][info][gc          ] GC(18) Pause Full (System.gc()) 1571M->1571M(5198M) 600.799ms
[15.396s][info][gc,metaspace] GC(19) Metaspace: 11523K(11904K)->11523K(11904K) NonClass: 9646K(9856K)->9646K(9856K) Class: 1877K(2048K)->1877K(2048K)
[15.396s][info][gc          ] GC(19) Pause Full (System.gc()) 1571M->1571M(5198M) 594.710ms
[15.949s][info][gc,metaspace] GC(20) Metaspace: 11523K(11904K)->11523K(11904K) NonClass: 9646K(9856K)->9646K(9856K) Class: 1877K(2048K)->1877K(2048K)
[15.949s][info][gc          ] GC(20) Pause Full (System.gc()) 1571M->1571M(5198M) 553.085ms
[16.528s][info][gc,metaspace] GC(21) Metaspace: 11523K(11904K)->11523K(11904K) NonClass: 9646K(9856K)->9646K(9856K) Class: 1877K(2048K)->1877K(2048K)
[16.528s][info][gc          ] GC(21) Pause Full (System.gc()) 1571M->1571M(5198M) 579.269ms
[17.086s][info][gc,metaspace] GC(22) Metaspace: 11523K(11904K)->11523K(11904K) NonClass: 9646K(9856K)->9646K(9856K) Class: 1877K(2048K)->1877K(2048K)
[17.086s][info][gc          ] GC(22) Pause Full (System.gc()) 1571M->1571M(5198M) 557.200ms
[17.678s][info][gc,metaspace] GC(23) Metaspace: 11523K(11904K)->11523K(11904K) NonClass: 9646K(9856K)->9646K(9856K) Class: 1877K(2048K)->1877K(2048K)
[17.678s][info][gc          ] GC(23) Pause Full (System.gc()) 1571M->1571M(5198M) 592.661ms
After GCs... 
