Done; will start GCs... 
[25.956s][info][gc,metaspace] GC(16) Metaspace: 31196K(34880K)->31196K(34880K) NonClass: 23171K(24768K)->23171K(24768K) Class: 8025K(10112K)->8025K(10112K)
[25.956s][info][gc          ] GC(16) Pause Full (System.gc()) 1613M->1593M(5636M) 695.097ms
[26.633s][info][gc,metaspace] GC(17) Metaspace: 31196K(34880K)->31196K(34880K) NonClass: 23171K(24768K)->23171K(24768K) Class: 8025K(10112K)->8025K(10112K)
[26.633s][info][gc          ] GC(17) Pause Full (System.gc()) 1593M->1593M(5636M) 676.710ms
[27.430s][info][gc,metaspace] GC(18) Metaspace: 31196K(34880K)->31196K(34880K) NonClass: 23171K(24768K)->23171K(24768K) Class: 8025K(10112K)->8025K(10112K)
[27.430s][info][gc          ] GC(18) Pause Full (System.gc()) 1593M->1593M(5636M) 797.403ms
[28.141s][info][gc,metaspace] GC(19) Metaspace: 31196K(34880K)->31196K(34880K) NonClass: 23171K(24768K)->23171K(24768K) Class: 8025K(10112K)->8025K(10112K)
[28.141s][info][gc          ] GC(19) Pause Full (System.gc()) 1593M->1593M(5636M) 710.536ms
[28.829s][info][gc,metaspace] GC(20) Metaspace: 31196K(34880K)->31196K(34880K) NonClass: 23171K(24768K)->23171K(24768K) Class: 8025K(10112K)->8025K(10112K)
[28.829s][info][gc          ] GC(20) Pause Full (System.gc()) 1593M->1593M(5636M) 687.776ms
[29.522s][info][gc,metaspace] GC(21) Metaspace: 31196K(34880K)->31196K(34880K) NonClass: 23171K(24768K)->23171K(24768K) Class: 8025K(10112K)->8025K(10112K)
[29.522s][info][gc          ] GC(21) Pause Full (System.gc()) 1593M->1593M(5636M) 693.251ms
[30.243s][info][gc,metaspace] GC(22) Metaspace: 31196K(34880K)->31196K(34880K) NonClass: 23171K(24768K)->23171K(24768K) Class: 8025K(10112K)->8025K(10112K)
[30.243s][info][gc          ] GC(22) Pause Full (System.gc()) 1593M->1593M(5636M) 720.430ms
[30.937s][info][gc,metaspace] GC(23) Metaspace: 31196K(34880K)->31196K(34880K) NonClass: 23171K(24768K)->23171K(24768K) Class: 8025K(10112K)->8025K(10112K)
[30.937s][info][gc          ] GC(23) Pause Full (System.gc()) 1593M->1593M(5636M) 694.020ms
[31.644s][info][gc,metaspace] GC(24) Metaspace: 31196K(34880K)->31196K(34880K) NonClass: 23171K(24768K)->23171K(24768K) Class: 8025K(10112K)->8025K(10112K)
[31.644s][info][gc          ] GC(24) Pause Full (System.gc()) 1593M->1593M(5636M) 707.085ms
[32.351s][info][gc,metaspace] GC(25) Metaspace: 31196K(34880K)->31196K(34880K) NonClass: 23171K(24768K)->23171K(24768K) Class: 8025K(10112K)->8025K(10112K)
[32.351s][info][gc          ] GC(25) Pause Full (System.gc()) 1593M->1593M(5636M) 707.257ms
[33.028s][info][gc,metaspace] GC(26) Metaspace: 31196K(34880K)->31196K(34880K) NonClass: 23171K(24768K)->23171K(24768K) Class: 8025K(10112K)->8025K(10112K)
[33.028s][info][gc          ] GC(26) Pause Full (System.gc()) 1593M->1593M(5636M) 676.191ms
[33.738s][info][gc,metaspace] GC(27) Metaspace: 31196K(34880K)->31196K(34880K) NonClass: 23171K(24768K)->23171K(24768K) Class: 8025K(10112K)->8025K(10112K)
[33.738s][info][gc          ] GC(27) Pause Full (System.gc()) 1593M->1593M(5636M) 710.684ms
[34.458s][info][gc,metaspace] GC(28) Metaspace: 31196K(34880K)->31196K(34880K) NonClass: 23171K(24768K)->23171K(24768K) Class: 8025K(10112K)->8025K(10112K)
[34.458s][info][gc          ] GC(28) Pause Full (System.gc()) 1593M->1593M(5636M) 719.731ms
[35.139s][info][gc,metaspace] GC(29) Metaspace: 31196K(34880K)->31196K(34880K) NonClass: 23171K(24768K)->23171K(24768K) Class: 8025K(10112K)->8025K(10112K)
[35.139s][info][gc          ] GC(29) Pause Full (System.gc()) 1593M->1593M(5636M) 680.372ms
[35.836s][info][gc,metaspace] GC(30) Metaspace: 31196K(34880K)->31196K(34880K) NonClass: 23171K(24768K)->23171K(24768K) Class: 8025K(10112K)->8025K(10112K)
[35.836s][info][gc          ] GC(30) Pause Full (System.gc()) 1593M->1593M(5636M) 697.048ms
[36.528s][info][gc,metaspace] GC(31) Metaspace: 31196K(34880K)->31196K(34880K) NonClass: 23171K(24768K)->23171K(24768K) Class: 8025K(10112K)->8025K(10112K)
[36.528s][info][gc          ] GC(31) Pause Full (System.gc()) 1593M->1593M(5636M) 692.185ms
[37.284s][info][gc,metaspace] GC(32) Metaspace: 31196K(34880K)->31196K(34880K) NonClass: 23171K(24768K)->23171K(24768K) Class: 8025K(10112K)->8025K(10112K)
[37.284s][info][gc          ] GC(32) Pause Full (System.gc()) 1593M->1593M(5636M) 755.781ms
[37.952s][info][gc,metaspace] GC(33) Metaspace: 31196K(34880K)->31196K(34880K) NonClass: 23171K(24768K)->23171K(24768K) Class: 8025K(10112K)->8025K(10112K)
[37.952s][info][gc          ] GC(33) Pause Full (System.gc()) 1593M->1593M(5636M) 668.314ms
[38.644s][info][gc,metaspace] GC(34) Metaspace: 31196K(34880K)->31196K(34880K) NonClass: 23171K(24768K)->23171K(24768K) Class: 8025K(10112K)->8025K(10112K)
[38.644s][info][gc          ] GC(34) Pause Full (System.gc()) 1593M->1593M(5636M) 691.466ms
[39.366s][info][gc,metaspace] GC(35) Metaspace: 31196K(34880K)->31196K(34880K) NonClass: 23171K(24768K)->23171K(24768K) Class: 8025K(10112K)->8025K(10112K)
[39.366s][info][gc          ] GC(35) Pause Full (System.gc()) 1593M->1593M(5636M) 721.949ms
[40.083s][info][gc,metaspace] GC(36) Metaspace: 31196K(34880K)->31196K(34880K) NonClass: 23171K(24768K)->23171K(24768K) Class: 8025K(10112K)->8025K(10112K)
[40.083s][info][gc          ] GC(36) Pause Full (System.gc()) 1593M->1593M(5636M) 717.051ms
[40.807s][info][gc,metaspace] GC(37) Metaspace: 31196K(34880K)->31196K(34880K) NonClass: 23171K(24768K)->23171K(24768K) Class: 8025K(10112K)->8025K(10112K)
[40.807s][info][gc          ] GC(37) Pause Full (System.gc()) 1593M->1593M(5636M) 724.096ms
[41.507s][info][gc,metaspace] GC(38) Metaspace: 31196K(34880K)->31196K(34880K) NonClass: 23171K(24768K)->23171K(24768K) Class: 8025K(10112K)->8025K(10112K)
[41.507s][info][gc          ] GC(38) Pause Full (System.gc()) 1593M->1593M(5636M) 699.436ms
[42.242s][info][gc,metaspace] GC(39) Metaspace: 31196K(34880K)->31196K(34880K) NonClass: 23171K(24768K)->23171K(24768K) Class: 8025K(10112K)->8025K(10112K)
[42.242s][info][gc          ] GC(39) Pause Full (System.gc()) 1593M->1593M(5636M) 735.176ms
[42.936s][info][gc,metaspace] GC(40) Metaspace: 31196K(34880K)->31196K(34880K) NonClass: 23171K(24768K)->23171K(24768K) Class: 8025K(10112K)->8025K(10112K)
[42.936s][info][gc          ] GC(40) Pause Full (System.gc()) 1593M->1593M(5636M) 689.597ms
[43.637s][info][gc,metaspace] GC(41) Metaspace: 31196K(34880K)->31196K(34880K) NonClass: 23171K(24768K)->23171K(24768K) Class: 8025K(10112K)->8025K(10112K)
[43.637s][info][gc          ] GC(41) Pause Full (System.gc()) 1593M->1593M(5636M) 700.389ms
[44.342s][info][gc,metaspace] GC(42) Metaspace: 31196K(34880K)->31196K(34880K) NonClass: 23171K(24768K)->23171K(24768K) Class: 8025K(10112K)->8025K(10112K)
[44.342s][info][gc          ] GC(42) Pause Full (System.gc()) 1593M->1593M(5636M) 705.010ms
[45.025s][info][gc,metaspace] GC(43) Metaspace: 31196K(34880K)->31196K(34880K) NonClass: 23171K(24768K)->23171K(24768K) Class: 8025K(10112K)->8025K(10112K)
[45.025s][info][gc          ] GC(43) Pause Full (System.gc()) 1593M->1593M(5636M) 683.101ms
[45.724s][info][gc,metaspace] GC(44) Metaspace: 31196K(34880K)->31196K(34880K) NonClass: 23171K(24768K)->23171K(24768K) Class: 8025K(10112K)->8025K(10112K)
[45.724s][info][gc          ] GC(44) Pause Full (System.gc()) 1593M->1593M(5636M) 698.785ms
[46.424s][info][gc,metaspace] GC(45) Metaspace: 31196K(34880K)->31196K(34880K) NonClass: 23171K(24768K)->23171K(24768K) Class: 8025K(10112K)->8025K(10112K)
[46.424s][info][gc          ] GC(45) Pause Full (System.gc()) 1593M->1593M(5636M) 699.751ms
[47.280s][info][gc,metaspace] GC(46) Metaspace: 31196K(34880K)->31196K(34880K) NonClass: 23171K(24768K)->23171K(24768K) Class: 8025K(10112K)->8025K(10112K)
[47.280s][info][gc          ] GC(46) Pause Full (System.gc()) 1593M->1593M(5636M) 856.748ms
[47.971s][info][gc,metaspace] GC(47) Metaspace: 31196K(34880K)->31196K(34880K) NonClass: 23171K(24768K)->23171K(24768K) Class: 8025K(10112K)->8025K(10112K)
[47.971s][info][gc          ] GC(47) Pause Full (System.gc()) 1593M->1593M(5636M) 685.836ms
[48.654s][info][gc,metaspace] GC(48) Metaspace: 31196K(34880K)->31196K(34880K) NonClass: 23171K(24768K)->23171K(24768K) Class: 8025K(10112K)->8025K(10112K)
[48.654s][info][gc          ] GC(48) Pause Full (System.gc()) 1593M->1593M(5636M) 682.889ms
[49.361s][info][gc,metaspace] GC(49) Metaspace: 31196K(34880K)->31196K(34880K) NonClass: 23171K(24768K)->23171K(24768K) Class: 8025K(10112K)->8025K(10112K)
[49.361s][info][gc          ] GC(49) Pause Full (System.gc()) 1593M->1593M(5636M) 707.721ms
[50.063s][info][gc,metaspace] GC(50) Metaspace: 31196K(34880K)->31196K(34880K) NonClass: 23171K(24768K)->23171K(24768K) Class: 8025K(10112K)->8025K(10112K)
[50.063s][info][gc          ] GC(50) Pause Full (System.gc()) 1593M->1593M(5636M) 701.354ms
[50.743s][info][gc,metaspace] GC(51) Metaspace: 31196K(34880K)->31196K(34880K) NonClass: 23171K(24768K)->23171K(24768K) Class: 8025K(10112K)->8025K(10112K)
[50.743s][info][gc          ] GC(51) Pause Full (System.gc()) 1593M->1593M(5636M) 680.163ms
[51.453s][info][gc,metaspace] GC(52) Metaspace: 31196K(34880K)->31196K(34880K) NonClass: 23171K(24768K)->23171K(24768K) Class: 8025K(10112K)->8025K(10112K)
[51.453s][info][gc          ] GC(52) Pause Full (System.gc()) 1593M->1593M(5636M) 709.718ms
[52.135s][info][gc,metaspace] GC(53) Metaspace: 31196K(34880K)->31196K(34880K) NonClass: 23171K(24768K)->23171K(24768K) Class: 8025K(10112K)->8025K(10112K)
[52.135s][info][gc          ] GC(53) Pause Full (System.gc()) 1593M->1593M(5636M) 682.216ms
[52.835s][info][gc,metaspace] GC(54) Metaspace: 31196K(34880K)->31196K(34880K) NonClass: 23171K(24768K)->23171K(24768K) Class: 8025K(10112K)->8025K(10112K)
[52.835s][info][gc          ] GC(54) Pause Full (System.gc()) 1593M->1593M(5636M) 699.755ms
[53.535s][info][gc,metaspace] GC(55) Metaspace: 31196K(34880K)->31196K(34880K) NonClass: 23171K(24768K)->23171K(24768K) Class: 8025K(10112K)->8025K(10112K)
[53.535s][info][gc          ] GC(55) Pause Full (System.gc()) 1593M->1593M(5636M) 699.626ms
[54.250s][info][gc,metaspace] GC(56) Metaspace: 31196K(34880K)->31196K(34880K) NonClass: 23171K(24768K)->23171K(24768K) Class: 8025K(10112K)->8025K(10112K)
[54.250s][info][gc          ] GC(56) Pause Full (System.gc()) 1593M->1593M(5636M) 714.896ms
[54.935s][info][gc,metaspace] GC(57) Metaspace: 31196K(34880K)->31196K(34880K) NonClass: 23171K(24768K)->23171K(24768K) Class: 8025K(10112K)->8025K(10112K)
[54.935s][info][gc          ] GC(57) Pause Full (System.gc()) 1593M->1593M(5636M) 684.697ms
[55.615s][info][gc,metaspace] GC(58) Metaspace: 31196K(34880K)->31196K(34880K) NonClass: 23171K(24768K)->23171K(24768K) Class: 8025K(10112K)->8025K(10112K)
[55.615s][info][gc          ] GC(58) Pause Full (System.gc()) 1593M->1593M(5636M) 680.737ms
[56.314s][info][gc,metaspace] GC(59) Metaspace: 31196K(34880K)->31196K(34880K) NonClass: 23171K(24768K)->23171K(24768K) Class: 8025K(10112K)->8025K(10112K)
[56.314s][info][gc          ] GC(59) Pause Full (System.gc()) 1593M->1593M(5636M) 698.694ms
[57.017s][info][gc,metaspace] GC(60) Metaspace: 31196K(34880K)->31196K(34880K) NonClass: 23171K(24768K)->23171K(24768K) Class: 8025K(10112K)->8025K(10112K)
[57.017s][info][gc          ] GC(60) Pause Full (System.gc()) 1593M->1593M(5636M) 702.798ms
[57.760s][info][gc,metaspace] GC(61) Metaspace: 31196K(34880K)->31196K(34880K) NonClass: 23171K(24768K)->23171K(24768K) Class: 8025K(10112K)->8025K(10112K)
[57.761s][info][gc          ] GC(61) Pause Full (System.gc()) 1593M->1593M(5636M) 743.247ms
[58.451s][info][gc,metaspace] GC(62) Metaspace: 31196K(34880K)->31196K(34880K) NonClass: 23171K(24768K)->23171K(24768K) Class: 8025K(10112K)->8025K(10112K)
[58.451s][info][gc          ] GC(62) Pause Full (System.gc()) 1593M->1593M(5636M) 690.726ms
[59.132s][info][gc,metaspace] GC(63) Metaspace: 31196K(34880K)->31196K(34880K) NonClass: 23171K(24768K)->23171K(24768K) Class: 8025K(10112K)->8025K(10112K)
[59.132s][info][gc          ] GC(63) Pause Full (System.gc()) 1593M->1593M(5636M) 680.898ms
[59.850s][info][gc,metaspace] GC(64) Metaspace: 31196K(34880K)->31196K(34880K) NonClass: 23171K(24768K)->23171K(24768K) Class: 8025K(10112K)->8025K(10112K)
[59.850s][info][gc          ] GC(64) Pause Full (System.gc()) 1593M->1593M(5636M) 717.282ms
[60.537s][info][gc,metaspace] GC(65) Metaspace: 31196K(34880K)->31196K(34880K) NonClass: 23171K(24768K)->23171K(24768K) Class: 8025K(10112K)->8025K(10112K)
[60.537s][info][gc          ] GC(65) Pause Full (System.gc()) 1593M->1593M(5636M) 686.748ms
After GCs... 
