[0.001s][warning][pagesize] UseLargePages disabled, no large pages configured and available on the system.
[0.001s][info   ][metaspace]  - commit_granule_bytes: 65536.
[0.001s][info   ][metaspace]  - commit_granule_words: 8192.
[0.001s][info   ][metaspace]  - virtual_space_node_default_size: 8388608.
[0.001s][info   ][metaspace]  - enlarge_chunks_in_place: 1.
[0.001s][info   ][metaspace]  - use_allocation_guard: 0.
[0.002s][info   ][gc       ] Using Parallel
[0.377s][info   ][metaspace] Reserving compressed class space anywhere
[0.377s][info   ][gc,metaspace] CDS archive(s) not mapped
[0.377s][info   ][gc,metaspace] Compressed class space mapped at: 0x0000000005000000-0x00000000c5000000, reserved size: 3221225472
[0.377s][info   ][gc,metaspace] UseCompressedClassPointers 1, UseCompactObjectHeaders 1, narrow klass pointer bits 22, max shift 10
[0.377s][info   ][gc,metaspace] Narrow klass base: 0x0000000005000000, Narrow klass shift: 10, Narrow klass range: 0xc0000000
Random Seed: 12345678
Num Classes: 16
Num Objects: 67108864
Percent IK Objects: 83.0%)
Percent OAK Objects: 5.0%)
Percent TAK Objects: 12.0%)
Cycles: 50
Loading 16 pre-generated classes ...
Materialize pre-generated constructors ...
Creating objects...
[0.607s][info   ][gc,metaspace] GC(0) Metaspace: 11092K(11200K)->11092K(11200K) NonClass: 9350K(9408K)->9350K(9408K) Class: 1742K(1792K)->1742K(1792K)
[0.607s][info   ][gc          ] GC(0) Pause Full (System.gc()) 122M->2M(5888M) 5.096ms
[1.660s][info   ][gc,metaspace] GC(1) Metaspace: 11153K(11264K)->11153K(11264K) NonClass: 9401K(9472K)->9401K(9472K) Class: 1752K(1792K)->1752K(1792K)
[1.660s][info   ][gc          ] GC(1) Pause Young (Allocation Failure) 1538M->388M(5888M) 233.009ms
[2.708s][info   ][gc,metaspace] GC(2) Metaspace: 11153K(11264K)->11153K(11264K) NonClass: 9401K(9472K)->9401K(9472K) Class: 1752K(1792K)->1752K(1792K)
[2.708s][info   ][gc          ] GC(2) Pause Young (Allocation Failure) 1924M->536M(5888M) 250.698ms
[3.792s][info   ][gc,metaspace] GC(3) Metaspace: 11153K(11264K)->11153K(11264K) NonClass: 9401K(9472K)->9401K(9472K) Class: 1752K(1792K)->1752K(1792K)
[3.792s][info   ][gc          ] GC(3) Pause Young (Allocation Failure) 2072M->677M(5888M) 305.243ms
[4.863s][info   ][gc,metaspace] GC(4) Metaspace: 11153K(11264K)->11153K(11264K) NonClass: 9401K(9472K)->9401K(9472K) Class: 1752K(1792K)->1752K(1792K)
[4.863s][info   ][gc          ] GC(4) Pause Young (Allocation Failure) 2213M->819M(5888M) 295.667ms
[5.990s][info   ][gc,metaspace] GC(5) Metaspace: 11153K(11264K)->11153K(11264K) NonClass: 9401K(9472K)->9401K(9472K) Class: 1752K(1792K)->1752K(1792K)
[5.991s][info   ][gc          ] GC(5) Pause Young (Allocation Failure) 2355M->960M(5888M) 307.799ms
[7.102s][info   ][gc,metaspace] GC(6) Metaspace: 11153K(11264K)->11153K(11264K) NonClass: 9401K(9472K)->9401K(9472K) Class: 1752K(1792K)->1752K(1792K)
[7.102s][info   ][gc          ] GC(6) Pause Young (Allocation Failure) 2496M->1102M(5291M) 293.907ms
[7.812s][info   ][gc,metaspace] GC(7) Metaspace: 11153K(11264K)->11153K(11264K) NonClass: 9401K(9472K)->9401K(9472K) Class: 1752K(1792K)->1752K(1792K)
[7.812s][info   ][gc          ] GC(7) Pause Young (Allocation Failure) 2041M->1189M(5162M) 236.079ms
[8.453s][info   ][gc,metaspace] GC(8) Metaspace: 11153K(11264K)->11153K(11264K) NonClass: 9401K(9472K)->9401K(9472K) Class: 1752K(1792K)->1752K(1792K)
[8.453s][info   ][gc          ] GC(8) Pause Young (Allocation Failure) 2128M->1275M(5589M) 167.286ms
[9.173s][info   ][gc,metaspace] GC(9) Metaspace: 11153K(11264K)->11153K(11264K) NonClass: 9401K(9472K)->9401K(9472K) Class: 1752K(1792K)->1752K(1792K)
[9.173s][info   ][gc          ] GC(9) Pause Young (Allocation Failure) 2199M->1360M(5575M) 211.174ms
[9.905s][info   ][gc,metaspace] GC(10) Metaspace: 11153K(11264K)->11153K(11264K) NonClass: 9401K(9472K)->9401K(9472K) Class: 1752K(1792K)->1752K(1792K)
[9.905s][info   ][gc          ] GC(10) Pause Young (Allocation Failure) 2284M->1445M(5616M) 221.693ms
67108864 Objects created
 - IK: 55699211 (82.99829%)
 - OAK: 3355627 (5.0002737%)
 - TAK: 8054026 (12.001434%)
Preparatory GC...
[11.467s][info   ][gc,metaspace] GC(11) Metaspace: 11153K(11264K)->11153K(11264K) NonClass: 9401K(9472K)->9401K(9472K) Class: 1752K(1792K)->1752K(1792K)
[11.467s][info   ][gc          ] GC(11) Pause Full (System.gc()) 1485M->1445M(5616M) 1547.548ms
[12.513s][info   ][gc,metaspace] GC(12) Metaspace: 11153K(11264K)->11153K(11264K) NonClass: 9401K(9472K)->9401K(9472K) Class: 1752K(1792K)->1752K(1792K)
[12.513s][info   ][gc          ] GC(12) Pause Full (System.gc()) 1445M->1445M(5616M) 1046.243ms
Done; will start GCs... 
[13.570s][info   ][gc,metaspace] GC(13) Metaspace: 11153K(11264K)->11153K(11264K) NonClass: 9401K(9472K)->9401K(9472K) Class: 1752K(1792K)->1752K(1792K)
[13.570s][info   ][gc          ] GC(13) Pause Full (System.gc()) 1465M->1445M(5616M) 1056.985ms
[14.620s][info   ][gc,metaspace] GC(14) Metaspace: 11153K(11264K)->11153K(11264K) NonClass: 9401K(9472K)->9401K(9472K) Class: 1752K(1792K)->1752K(1792K)
[14.620s][info   ][gc          ] GC(14) Pause Full (System.gc()) 1445M->1445M(5616M) 1049.270ms
[15.712s][info   ][gc,metaspace] GC(15) Metaspace: 11153K(11264K)->11153K(11264K) NonClass: 9401K(9472K)->9401K(9472K) Class: 1752K(1792K)->1752K(1792K)
[15.712s][info   ][gc          ] GC(15) Pause Full (System.gc()) 1445M->1445M(5616M) 1092.410ms
[16.761s][info   ][gc,metaspace] GC(16) Metaspace: 11153K(11264K)->11153K(11264K) NonClass: 9401K(9472K)->9401K(9472K) Class: 1752K(1792K)->1752K(1792K)
[16.761s][info   ][gc          ] GC(16) Pause Full (System.gc()) 1445M->1445M(5616M) 1048.622ms
[17.824s][info   ][gc,metaspace] GC(17) Metaspace: 11153K(11264K)->11153K(11264K) NonClass: 9401K(9472K)->9401K(9472K) Class: 1752K(1792K)->1752K(1792K)
[17.824s][info   ][gc          ] GC(17) Pause Full (System.gc()) 1445M->1445M(5616M) 1062.836ms
[18.877s][info   ][gc,metaspace] GC(18) Metaspace: 11153K(11264K)->11153K(11264K) NonClass: 9401K(9472K)->9401K(9472K) Class: 1752K(1792K)->1752K(1792K)
[18.877s][info   ][gc          ] GC(18) Pause Full (System.gc()) 1445M->1445M(5616M) 1053.103ms
[19.929s][info   ][gc,metaspace] GC(19) Metaspace: 11153K(11264K)->11153K(11264K) NonClass: 9401K(9472K)->9401K(9472K) Class: 1752K(1792K)->1752K(1792K)
[19.929s][info   ][gc          ] GC(19) Pause Full (System.gc()) 1445M->1445M(5616M) 1051.664ms
[20.978s][info   ][gc,metaspace] GC(20) Metaspace: 11153K(11264K)->11153K(11264K) NonClass: 9401K(9472K)->9401K(9472K) Class: 1752K(1792K)->1752K(1792K)
[20.978s][info   ][gc          ] GC(20) Pause Full (System.gc()) 1445M->1445M(5616M) 1049.393ms
[22.034s][info   ][gc,metaspace] GC(21) Metaspace: 11153K(11264K)->11153K(11264K) NonClass: 9401K(9472K)->9401K(9472K) Class: 1752K(1792K)->1752K(1792K)
[22.034s][info   ][gc          ] GC(21) Pause Full (System.gc()) 1445M->1445M(5616M) 1055.203ms
[23.081s][info   ][gc,metaspace] GC(22) Metaspace: 11153K(11264K)->11153K(11264K) NonClass: 9401K(9472K)->9401K(9472K) Class: 1752K(1792K)->1752K(1792K)
[23.082s][info   ][gc          ] GC(22) Pause Full (System.gc()) 1445M->1445M(5616M) 1047.840ms
[24.118s][info   ][gc,metaspace] GC(23) Metaspace: 11153K(11264K)->11153K(11264K) NonClass: 9401K(9472K)->9401K(9472K) Class: 1752K(1792K)->1752K(1792K)
[24.118s][info   ][gc          ] GC(23) Pause Full (System.gc()) 1445M->1445M(5616M) 1036.519ms
[25.162s][info   ][gc,metaspace] GC(24) Metaspace: 11153K(11264K)->11153K(11264K) NonClass: 9401K(9472K)->9401K(9472K) Class: 1752K(1792K)->1752K(1792K)
[25.162s][info   ][gc          ] GC(24) Pause Full (System.gc()) 1445M->1445M(5616M) 1043.820ms
[26.222s][info   ][gc,metaspace] GC(25) Metaspace: 11153K(11264K)->11153K(11264K) NonClass: 9401K(9472K)->9401K(9472K) Class: 1752K(1792K)->1752K(1792K)
[26.222s][info   ][gc          ] GC(25) Pause Full (System.gc()) 1445M->1445M(5616M) 1059.393ms
[27.271s][info   ][gc,metaspace] GC(26) Metaspace: 11153K(11264K)->11153K(11264K) NonClass: 9401K(9472K)->9401K(9472K) Class: 1752K(1792K)->1752K(1792K)
[27.271s][info   ][gc          ] GC(26) Pause Full (System.gc()) 1445M->1445M(5616M) 1048.580ms
[28.322s][info   ][gc,metaspace] GC(27) Metaspace: 11153K(11264K)->11153K(11264K) NonClass: 9401K(9472K)->9401K(9472K) Class: 1752K(1792K)->1752K(1792K)
[28.322s][info   ][gc          ] GC(27) Pause Full (System.gc()) 1445M->1445M(5616M) 1051.172ms
[29.382s][info   ][gc,metaspace] GC(28) Metaspace: 11153K(11264K)->11153K(11264K) NonClass: 9401K(9472K)->9401K(9472K) Class: 1752K(1792K)->1752K(1792K)
[29.382s][info   ][gc          ] GC(28) Pause Full (System.gc()) 1445M->1445M(5616M) 1059.282ms
[30.439s][info   ][gc,metaspace] GC(29) Metaspace: 11153K(11264K)->11153K(11264K) NonClass: 9401K(9472K)->9401K(9472K) Class: 1752K(1792K)->1752K(1792K)
[30.440s][info   ][gc          ] GC(29) Pause Full (System.gc()) 1445M->1445M(5616M) 1057.771ms
[31.506s][info   ][gc,metaspace] GC(30) Metaspace: 11153K(11264K)->11153K(11264K) NonClass: 9401K(9472K)->9401K(9472K) Class: 1752K(1792K)->1752K(1792K)
[31.506s][info   ][gc          ] GC(30) Pause Full (System.gc()) 1445M->1445M(5616M) 1065.949ms
[32.555s][info   ][gc,metaspace] GC(31) Metaspace: 11153K(11264K)->11153K(11264K) NonClass: 9401K(9472K)->9401K(9472K) Class: 1752K(1792K)->1752K(1792K)
[32.555s][info   ][gc          ] GC(31) Pause Full (System.gc()) 1445M->1445M(5616M) 1048.962ms
[33.614s][info   ][gc,metaspace] GC(32) Metaspace: 11153K(11264K)->11153K(11264K) NonClass: 9401K(9472K)->9401K(9472K) Class: 1752K(1792K)->1752K(1792K)
[33.614s][info   ][gc          ] GC(32) Pause Full (System.gc()) 1445M->1445M(5616M) 1058.198ms
[34.705s][info   ][gc,metaspace] GC(33) Metaspace: 11153K(11264K)->11153K(11264K) NonClass: 9401K(9472K)->9401K(9472K) Class: 1752K(1792K)->1752K(1792K)
[34.705s][info   ][gc          ] GC(33) Pause Full (System.gc()) 1445M->1445M(5616M) 1091.533ms
[35.775s][info   ][gc,metaspace] GC(34) Metaspace: 11153K(11264K)->11153K(11264K) NonClass: 9401K(9472K)->9401K(9472K) Class: 1752K(1792K)->1752K(1792K)
[35.775s][info   ][gc          ] GC(34) Pause Full (System.gc()) 1445M->1445M(5616M) 1069.780ms
[36.823s][info   ][gc,metaspace] GC(35) Metaspace: 11153K(11264K)->11153K(11264K) NonClass: 9401K(9472K)->9401K(9472K) Class: 1752K(1792K)->1752K(1792K)
[36.823s][info   ][gc          ] GC(35) Pause Full (System.gc()) 1445M->1445M(5616M) 1047.320ms
[37.868s][info   ][gc,metaspace] GC(36) Metaspace: 11153K(11264K)->11153K(11264K) NonClass: 9401K(9472K)->9401K(9472K) Class: 1752K(1792K)->1752K(1792K)
[37.868s][info   ][gc          ] GC(36) Pause Full (System.gc()) 1445M->1445M(5616M) 1044.597ms
[38.928s][info   ][gc,metaspace] GC(37) Metaspace: 11153K(11264K)->11153K(11264K) NonClass: 9401K(9472K)->9401K(9472K) Class: 1752K(1792K)->1752K(1792K)
[38.928s][info   ][gc          ] GC(37) Pause Full (System.gc()) 1445M->1445M(5616M) 1059.558ms
[39.987s][info   ][gc,metaspace] GC(38) Metaspace: 11153K(11264K)->11153K(11264K) NonClass: 9401K(9472K)->9401K(9472K) Class: 1752K(1792K)->1752K(1792K)
[39.987s][info   ][gc          ] GC(38) Pause Full (System.gc()) 1445M->1445M(5616M) 1059.112ms
[41.036s][info   ][gc,metaspace] GC(39) Metaspace: 11153K(11264K)->11153K(11264K) NonClass: 9401K(9472K)->9401K(9472K) Class: 1752K(1792K)->1752K(1792K)
[41.036s][info   ][gc          ] GC(39) Pause Full (System.gc()) 1445M->1445M(5616M) 1048.788ms
[42.085s][info   ][gc,metaspace] GC(40) Metaspace: 11153K(11264K)->11153K(11264K) NonClass: 9401K(9472K)->9401K(9472K) Class: 1752K(1792K)->1752K(1792K)
[42.085s][info   ][gc          ] GC(40) Pause Full (System.gc()) 1445M->1445M(5616M) 1048.697ms
[43.124s][info   ][gc,metaspace] GC(41) Metaspace: 11153K(11264K)->11153K(11264K) NonClass: 9401K(9472K)->9401K(9472K) Class: 1752K(1792K)->1752K(1792K)
[43.124s][info   ][gc          ] GC(41) Pause Full (System.gc()) 1445M->1445M(5616M) 1038.428ms
[44.192s][info   ][gc,metaspace] GC(42) Metaspace: 11153K(11264K)->11153K(11264K) NonClass: 9401K(9472K)->9401K(9472K) Class: 1752K(1792K)->1752K(1792K)
[44.193s][info   ][gc          ] GC(42) Pause Full (System.gc()) 1445M->1445M(5616M) 1068.400ms
[45.248s][info   ][gc,metaspace] GC(43) Metaspace: 11153K(11264K)->11153K(11264K) NonClass: 9401K(9472K)->9401K(9472K) Class: 1752K(1792K)->1752K(1792K)
[45.248s][info   ][gc          ] GC(43) Pause Full (System.gc()) 1445M->1445M(5616M) 1055.856ms
[46.300s][info   ][gc,metaspace] GC(44) Metaspace: 11153K(11264K)->11153K(11264K) NonClass: 9401K(9472K)->9401K(9472K) Class: 1752K(1792K)->1752K(1792K)
[46.300s][info   ][gc          ] GC(44) Pause Full (System.gc()) 1445M->1445M(5616M) 1051.600ms
[47.358s][info   ][gc,metaspace] GC(45) Metaspace: 11153K(11264K)->11153K(11264K) NonClass: 9401K(9472K)->9401K(9472K) Class: 1752K(1792K)->1752K(1792K)
[47.358s][info   ][gc          ] GC(45) Pause Full (System.gc()) 1445M->1445M(5616M) 1058.051ms
[48.409s][info   ][gc,metaspace] GC(46) Metaspace: 11153K(11264K)->11153K(11264K) NonClass: 9401K(9472K)->9401K(9472K) Class: 1752K(1792K)->1752K(1792K)
[48.409s][info   ][gc          ] GC(46) Pause Full (System.gc()) 1445M->1445M(5616M) 1049.622ms
[49.458s][info   ][gc,metaspace] GC(47) Metaspace: 11153K(11264K)->11153K(11264K) NonClass: 9401K(9472K)->9401K(9472K) Class: 1752K(1792K)->1752K(1792K)
[49.458s][info   ][gc          ] GC(47) Pause Full (System.gc()) 1445M->1445M(5616M) 1049.188ms
[50.517s][info   ][gc,metaspace] GC(48) Metaspace: 11153K(11264K)->11153K(11264K) NonClass: 9401K(9472K)->9401K(9472K) Class: 1752K(1792K)->1752K(1792K)
[50.517s][info   ][gc          ] GC(48) Pause Full (System.gc()) 1445M->1445M(5616M) 1059.306ms
[51.569s][info   ][gc,metaspace] GC(49) Metaspace: 11153K(11264K)->11153K(11264K) NonClass: 9401K(9472K)->9401K(9472K) Class: 1752K(1792K)->1752K(1792K)
[51.569s][info   ][gc          ] GC(49) Pause Full (System.gc()) 1445M->1445M(5616M) 1051.530ms
[52.621s][info   ][gc,metaspace] GC(50) Metaspace: 11153K(11264K)->11153K(11264K) NonClass: 9401K(9472K)->9401K(9472K) Class: 1752K(1792K)->1752K(1792K)
[52.621s][info   ][gc          ] GC(50) Pause Full (System.gc()) 1445M->1445M(5616M) 1052.254ms
[53.726s][info   ][gc,metaspace] GC(51) Metaspace: 11153K(11264K)->11153K(11264K) NonClass: 9401K(9472K)->9401K(9472K) Class: 1752K(1792K)->1752K(1792K)
[53.726s][info   ][gc          ] GC(51) Pause Full (System.gc()) 1445M->1445M(5616M) 1104.580ms
[54.796s][info   ][gc,metaspace] GC(52) Metaspace: 11153K(11264K)->11153K(11264K) NonClass: 9401K(9472K)->9401K(9472K) Class: 1752K(1792K)->1752K(1792K)
[54.796s][info   ][gc          ] GC(52) Pause Full (System.gc()) 1445M->1445M(5616M) 1070.023ms
[55.853s][info   ][gc,metaspace] GC(53) Metaspace: 11153K(11264K)->11153K(11264K) NonClass: 9401K(9472K)->9401K(9472K) Class: 1752K(1792K)->1752K(1792K)
[55.853s][info   ][gc          ] GC(53) Pause Full (System.gc()) 1445M->1445M(5616M) 1056.309ms
[56.899s][info   ][gc,metaspace] GC(54) Metaspace: 11153K(11264K)->11153K(11264K) NonClass: 9401K(9472K)->9401K(9472K) Class: 1752K(1792K)->1752K(1792K)
[56.899s][info   ][gc          ] GC(54) Pause Full (System.gc()) 1445M->1445M(5616M) 1046.573ms
[57.946s][info   ][gc,metaspace] GC(55) Metaspace: 11153K(11264K)->11153K(11264K) NonClass: 9401K(9472K)->9401K(9472K) Class: 1752K(1792K)->1752K(1792K)
[57.946s][info   ][gc          ] GC(55) Pause Full (System.gc()) 1445M->1445M(5616M) 1046.395ms
[58.998s][info   ][gc,metaspace] GC(56) Metaspace: 11153K(11264K)->11153K(11264K) NonClass: 9401K(9472K)->9401K(9472K) Class: 1752K(1792K)->1752K(1792K)
[58.998s][info   ][gc          ] GC(56) Pause Full (System.gc()) 1445M->1445M(5616M) 1051.423ms
[60.055s][info   ][gc,metaspace] GC(57) Metaspace: 11153K(11264K)->11153K(11264K) NonClass: 9401K(9472K)->9401K(9472K) Class: 1752K(1792K)->1752K(1792K)
[60.055s][info   ][gc          ] GC(57) Pause Full (System.gc()) 1445M->1445M(5616M) 1057.165ms
[61.097s][info   ][gc,metaspace] GC(58) Metaspace: 11153K(11264K)->11153K(11264K) NonClass: 9401K(9472K)->9401K(9472K) Class: 1752K(1792K)->1752K(1792K)
[61.097s][info   ][gc          ] GC(58) Pause Full (System.gc()) 1445M->1445M(5616M) 1041.698ms
[62.136s][info   ][gc,metaspace] GC(59) Metaspace: 11153K(11264K)->11153K(11264K) NonClass: 9401K(9472K)->9401K(9472K) Class: 1752K(1792K)->1752K(1792K)
[62.136s][info   ][gc          ] GC(59) Pause Full (System.gc()) 1445M->1445M(5616M) 1038.620ms
[63.524s][info   ][gc,metaspace] GC(60) Metaspace: 11153K(11264K)->11153K(11264K) NonClass: 9401K(9472K)->9401K(9472K) Class: 1752K(1792K)->1752K(1792K)
[63.524s][info   ][gc          ] GC(60) Pause Full (System.gc()) 1445M->1445M(5616M) 1388.362ms
[64.588s][info   ][gc,metaspace] GC(61) Metaspace: 11153K(11264K)->11153K(11264K) NonClass: 9401K(9472K)->9401K(9472K) Class: 1752K(1792K)->1752K(1792K)
[64.588s][info   ][gc          ] GC(61) Pause Full (System.gc()) 1455M->1445M(5616M) 1062.624ms
[65.637s][info   ][gc,metaspace] GC(62) Metaspace: 11153K(11264K)->11153K(11264K) NonClass: 9401K(9472K)->9401K(9472K) Class: 1752K(1792K)->1752K(1792K)
[65.637s][info   ][gc          ] GC(62) Pause Full (System.gc()) 1445M->1445M(5616M) 1049.510ms
After GCs... 
