Done; will start GCs... 
[109.040s][info][gc,metaspace] GC(38) Metaspace: 99344K(113536K)->99344K(113536K) NonClass: 79071K(85120K)->79071K(85120K) Class: 20273K(28416K)->20273K(28416K)
[109.040s][info][gc          ] GC(38) Pause Full (System.gc()) 840M->802M(5939M) 5116.164ms
[113.852s][info][gc,metaspace] GC(39) Metaspace: 99344K(113536K)->99344K(113536K) NonClass: 79071K(85120K)->79071K(85120K) Class: 20273K(28416K)->20273K(28416K)
[113.852s][info][gc          ] GC(39) Pause Full (System.gc()) 802M->800M(5939M) 4812.032ms
[117.448s][info][gc,metaspace] GC(40) Metaspace: 99344K(113536K)->99344K(113536K) NonClass: 79071K(85120K)->79071K(85120K) Class: 20273K(28416K)->20273K(28416K)
[117.449s][info][gc          ] GC(40) Pause Full (System.gc()) 800M->800M(5939M) 3595.975ms
[120.994s][info][gc,metaspace] GC(41) Metaspace: 99344K(113536K)->99344K(113536K) NonClass: 79071K(85120K)->79071K(85120K) Class: 20273K(28416K)->20273K(28416K)
[120.995s][info][gc          ] GC(41) Pause Full (System.gc()) 800M->800M(5939M) 3545.659ms
[124.586s][info][gc,metaspace] GC(42) Metaspace: 99344K(113536K)->99344K(113536K) NonClass: 79071K(85120K)->79071K(85120K) Class: 20273K(28416K)->20273K(28416K)
[124.586s][info][gc          ] GC(42) Pause Full (System.gc()) 800M->800M(5939M) 3591.328ms
[128.906s][info][gc,metaspace] GC(43) Metaspace: 99344K(113536K)->99344K(113536K) NonClass: 79071K(85120K)->79071K(85120K) Class: 20273K(28416K)->20273K(28416K)
[128.906s][info][gc          ] GC(43) Pause Full (System.gc()) 800M->800M(5939M) 4319.227ms
[132.503s][info][gc,metaspace] GC(44) Metaspace: 99344K(113536K)->99344K(113536K) NonClass: 79071K(85120K)->79071K(85120K) Class: 20273K(28416K)->20273K(28416K)
[132.503s][info][gc          ] GC(44) Pause Full (System.gc()) 811M->800M(5939M) 3596.768ms
[136.050s][info][gc,metaspace] GC(45) Metaspace: 99344K(113536K)->99344K(113536K) NonClass: 79071K(85120K)->79071K(85120K) Class: 20273K(28416K)->20273K(28416K)
[136.050s][info][gc          ] GC(45) Pause Full (System.gc()) 800M->800M(5939M) 3546.977ms
[139.646s][info][gc,metaspace] GC(46) Metaspace: 99344K(113536K)->99344K(113536K) NonClass: 79071K(85120K)->79071K(85120K) Class: 20273K(28416K)->20273K(28416K)
[139.646s][info][gc          ] GC(46) Pause Full (System.gc()) 800M->800M(5939M) 3595.980ms
[143.241s][info][gc,metaspace] GC(47) Metaspace: 99344K(113536K)->99344K(113536K) NonClass: 79071K(85120K)->79071K(85120K) Class: 20273K(28416K)->20273K(28416K)
[143.241s][info][gc          ] GC(47) Pause Full (System.gc()) 800M->800M(5939M) 3594.436ms
[146.787s][info][gc,metaspace] GC(48) Metaspace: 99344K(113536K)->99344K(113536K) NonClass: 79071K(85120K)->79071K(85120K) Class: 20273K(28416K)->20273K(28416K)
[146.787s][info][gc          ] GC(48) Pause Full (System.gc()) 800M->800M(5939M) 3545.782ms
[150.385s][info][gc,metaspace] GC(49) Metaspace: 99344K(113536K)->99344K(113536K) NonClass: 79071K(85120K)->79071K(85120K) Class: 20273K(28416K)->20273K(28416K)
[150.385s][info][gc          ] GC(49) Pause Full (System.gc()) 800M->800M(5939M) 3597.972ms
[153.930s][info][gc,metaspace] GC(50) Metaspace: 99344K(113536K)->99344K(113536K) NonClass: 79071K(85120K)->79071K(85120K) Class: 20273K(28416K)->20273K(28416K)
[153.930s][info][gc          ] GC(50) Pause Full (System.gc()) 800M->800M(5939M) 3544.938ms
[157.528s][info][gc,metaspace] GC(51) Metaspace: 99344K(113536K)->99344K(113536K) NonClass: 79071K(85120K)->79071K(85120K) Class: 20273K(28416K)->20273K(28416K)
[157.528s][info][gc          ] GC(51) Pause Full (System.gc()) 800M->800M(5939M) 3597.246ms
[161.073s][info][gc,metaspace] GC(52) Metaspace: 99344K(113536K)->99344K(113536K) NonClass: 79071K(85120K)->79071K(85120K) Class: 20273K(28416K)->20273K(28416K)
[161.073s][info][gc          ] GC(52) Pause Full (System.gc()) 800M->800M(5939M) 3545.194ms
[164.672s][info][gc,metaspace] GC(53) Metaspace: 99344K(113536K)->99344K(113536K) NonClass: 79071K(85120K)->79071K(85120K) Class: 20273K(28416K)->20273K(28416K)
[164.672s][info][gc          ] GC(53) Pause Full (System.gc()) 800M->800M(5939M) 3598.354ms
[168.266s][info][gc,metaspace] GC(54) Metaspace: 99344K(113536K)->99344K(113536K) NonClass: 79071K(85120K)->79071K(85120K) Class: 20273K(28416K)->20273K(28416K)
[168.266s][info][gc          ] GC(54) Pause Full (System.gc()) 800M->800M(5939M) 3593.846ms
[171.814s][info][gc,metaspace] GC(55) Metaspace: 99344K(113536K)->99344K(113536K) NonClass: 79071K(85120K)->79071K(85120K) Class: 20273K(28416K)->20273K(28416K)
[171.814s][info][gc          ] GC(55) Pause Full (System.gc()) 800M->800M(5939M) 3548.393ms
[175.413s][info][gc,metaspace] GC(56) Metaspace: 99344K(113536K)->99344K(113536K) NonClass: 79071K(85120K)->79071K(85120K) Class: 20273K(28416K)->20273K(28416K)
[175.413s][info][gc          ] GC(56) Pause Full (System.gc()) 800M->800M(5939M) 3598.500ms
[178.957s][info][gc,metaspace] GC(57) Metaspace: 99344K(113536K)->99344K(113536K) NonClass: 79071K(85120K)->79071K(85120K) Class: 20273K(28416K)->20273K(28416K)
[178.958s][info][gc          ] GC(57) Pause Full (System.gc()) 800M->800M(5939M) 3544.016ms
[182.559s][info][gc,metaspace] GC(58) Metaspace: 99344K(113536K)->99344K(113536K) NonClass: 79071K(85120K)->79071K(85120K) Class: 20273K(28416K)->20273K(28416K)
[182.559s][info][gc          ] GC(58) Pause Full (System.gc()) 800M->800M(5939M) 3601.155ms
[186.095s][info][gc,metaspace] GC(59) Metaspace: 99344K(113536K)->99344K(113536K) NonClass: 79071K(85120K)->79071K(85120K) Class: 20273K(28416K)->20273K(28416K)
[186.095s][info][gc          ] GC(59) Pause Full (System.gc()) 800M->800M(5939M) 3536.313ms
[189.685s][info][gc,metaspace] GC(60) Metaspace: 99344K(113536K)->99344K(113536K) NonClass: 79071K(85120K)->79071K(85120K) Class: 20273K(28416K)->20273K(28416K)
[189.685s][info][gc          ] GC(60) Pause Full (System.gc()) 800M->800M(5939M) 3589.751ms
[193.268s][info][gc,metaspace] GC(61) Metaspace: 99344K(113536K)->99344K(113536K) NonClass: 79071K(85120K)->79071K(85120K) Class: 20273K(28416K)->20273K(28416K)
[193.268s][info][gc          ] GC(61) Pause Full (System.gc()) 800M->800M(5939M) 3582.137ms
[196.805s][info][gc,metaspace] GC(62) Metaspace: 99344K(113536K)->99344K(113536K) NonClass: 79071K(85120K)->79071K(85120K) Class: 20273K(28416K)->20273K(28416K)
[196.805s][info][gc          ] GC(62) Pause Full (System.gc()) 811M->800M(5939M) 3536.596ms
[200.392s][info][gc,metaspace] GC(63) Metaspace: 99344K(113536K)->99344K(113536K) NonClass: 79071K(85120K)->79071K(85120K) Class: 20273K(28416K)->20273K(28416K)
[200.392s][info][gc          ] GC(63) Pause Full (System.gc()) 800M->800M(5939M) 3587.424ms
[203.928s][info][gc,metaspace] GC(64) Metaspace: 99344K(113536K)->99344K(113536K) NonClass: 79071K(85120K)->79071K(85120K) Class: 20273K(28416K)->20273K(28416K)
[203.928s][info][gc          ] GC(64) Pause Full (System.gc()) 800M->800M(5939M) 3535.175ms
[207.517s][info][gc,metaspace] GC(65) Metaspace: 99344K(113536K)->99344K(113536K) NonClass: 79071K(85120K)->79071K(85120K) Class: 20273K(28416K)->20273K(28416K)
[207.517s][info][gc          ] GC(65) Pause Full (System.gc()) 800M->800M(5939M) 3588.636ms
[211.055s][info][gc,metaspace] GC(66) Metaspace: 99344K(113536K)->99344K(113536K) NonClass: 79071K(85120K)->79071K(85120K) Class: 20273K(28416K)->20273K(28416K)
[211.055s][info][gc          ] GC(66) Pause Full (System.gc()) 800M->800M(5939M) 3538.137ms
[214.643s][info][gc,metaspace] GC(67) Metaspace: 99344K(113536K)->99344K(113536K) NonClass: 79071K(85120K)->79071K(85120K) Class: 20273K(28416K)->20273K(28416K)
[214.643s][info][gc          ] GC(67) Pause Full (System.gc()) 800M->800M(5939M) 3587.540ms
[218.231s][info][gc,metaspace] GC(68) Metaspace: 99344K(113536K)->99344K(113536K) NonClass: 79071K(85120K)->79071K(85120K) Class: 20273K(28416K)->20273K(28416K)
[218.231s][info][gc          ] GC(68) Pause Full (System.gc()) 800M->800M(5939M) 3588.049ms
[221.769s][info][gc,metaspace] GC(69) Metaspace: 99344K(113536K)->99344K(113536K) NonClass: 79071K(85120K)->79071K(85120K) Class: 20273K(28416K)->20273K(28416K)
[221.769s][info][gc          ] GC(69) Pause Full (System.gc()) 800M->800M(5939M) 3537.333ms
[225.357s][info][gc,metaspace] GC(70) Metaspace: 99344K(113536K)->99344K(113536K) NonClass: 79071K(85120K)->79071K(85120K) Class: 20273K(28416K)->20273K(28416K)
[225.357s][info][gc          ] GC(70) Pause Full (System.gc()) 800M->800M(5939M) 3588.658ms
[228.893s][info][gc,metaspace] GC(71) Metaspace: 99344K(113536K)->99344K(113536K) NonClass: 79071K(85120K)->79071K(85120K) Class: 20273K(28416K)->20273K(28416K)
[228.893s][info][gc          ] GC(71) Pause Full (System.gc()) 800M->800M(5939M) 3535.502ms
[232.485s][info][gc,metaspace] GC(72) Metaspace: 99344K(113536K)->99344K(113536K) NonClass: 79071K(85120K)->79071K(85120K) Class: 20273K(28416K)->20273K(28416K)
[232.485s][info][gc          ] GC(72) Pause Full (System.gc()) 800M->800M(5939M) 3591.825ms
[236.024s][info][gc,metaspace] GC(73) Metaspace: 99344K(113536K)->99344K(113536K) NonClass: 79071K(85120K)->79071K(85120K) Class: 20273K(28416K)->20273K(28416K)
[236.024s][info][gc          ] GC(73) Pause Full (System.gc()) 800M->800M(5939M) 3538.048ms
[239.612s][info][gc,metaspace] GC(74) Metaspace: 99344K(113536K)->99344K(113536K) NonClass: 79071K(85120K)->79071K(85120K) Class: 20273K(28416K)->20273K(28416K)
[239.612s][info][gc          ] GC(74) Pause Full (System.gc()) 800M->800M(5939M) 3588.502ms
[243.198s][info][gc,metaspace] GC(75) Metaspace: 99344K(113536K)->99344K(113536K) NonClass: 79071K(85120K)->79071K(85120K) Class: 20273K(28416K)->20273K(28416K)
[243.198s][info][gc          ] GC(75) Pause Full (System.gc()) 800M->800M(5939M) 3585.123ms
[246.735s][info][gc,metaspace] GC(76) Metaspace: 99344K(113536K)->99344K(113536K) NonClass: 79071K(85120K)->79071K(85120K) Class: 20273K(28416K)->20273K(28416K)
[246.735s][info][gc          ] GC(76) Pause Full (System.gc()) 800M->800M(5939M) 3537.037ms
[250.326s][info][gc,metaspace] GC(77) Metaspace: 99344K(113536K)->99344K(113536K) NonClass: 79071K(85120K)->79071K(85120K) Class: 20273K(28416K)->20273K(28416K)
[250.326s][info][gc          ] GC(77) Pause Full (System.gc()) 800M->800M(5939M) 3590.828ms
[253.861s][info][gc,metaspace] GC(78) Metaspace: 99344K(113536K)->99344K(113536K) NonClass: 79071K(85120K)->79071K(85120K) Class: 20273K(28416K)->20273K(28416K)
[253.861s][info][gc          ] GC(78) Pause Full (System.gc()) 800M->800M(5939M) 3534.504ms
[257.449s][info][gc,metaspace] GC(79) Metaspace: 99344K(113536K)->99344K(113536K) NonClass: 79071K(85120K)->79071K(85120K) Class: 20273K(28416K)->20273K(28416K)
[257.449s][info][gc          ] GC(79) Pause Full (System.gc()) 811M->800M(5939M) 3588.339ms
[260.986s][info][gc,metaspace] GC(80) Metaspace: 99344K(113536K)->99344K(113536K) NonClass: 79071K(85120K)->79071K(85120K) Class: 20273K(28416K)->20273K(28416K)
[260.986s][info][gc          ] GC(80) Pause Full (System.gc()) 800M->800M(5939M) 3536.667ms
[264.574s][info][gc,metaspace] GC(81) Metaspace: 99344K(113536K)->99344K(113536K) NonClass: 79071K(85120K)->79071K(85120K) Class: 20273K(28416K)->20273K(28416K)
[264.574s][info][gc          ] GC(81) Pause Full (System.gc()) 800M->800M(5939M) 3587.765ms
[268.112s][info][gc,metaspace] GC(82) Metaspace: 99344K(113536K)->99344K(113536K) NonClass: 79071K(85120K)->79071K(85120K) Class: 20273K(28416K)->20273K(28416K)
[268.112s][info][gc          ] GC(82) Pause Full (System.gc()) 800M->800M(5939M) 3537.564ms
[271.700s][info][gc,metaspace] GC(83) Metaspace: 99344K(113536K)->99344K(113536K) NonClass: 79071K(85120K)->79071K(85120K) Class: 20273K(28416K)->20273K(28416K)
[271.700s][info][gc          ] GC(83) Pause Full (System.gc()) 800M->800M(5939M) 3587.885ms
[275.286s][info][gc,metaspace] GC(84) Metaspace: 99344K(113536K)->99344K(113536K) NonClass: 79071K(85120K)->79071K(85120K) Class: 20273K(28416K)->20273K(28416K)
[275.286s][info][gc          ] GC(84) Pause Full (System.gc()) 800M->800M(5939M) 3585.347ms
[278.824s][info][gc,metaspace] GC(85) Metaspace: 99344K(113536K)->99344K(113536K) NonClass: 79071K(85120K)->79071K(85120K) Class: 20273K(28416K)->20273K(28416K)
[278.824s][info][gc          ] GC(85) Pause Full (System.gc()) 800M->800M(5939M) 3538.248ms
[282.408s][info][gc,metaspace] GC(86) Metaspace: 99344K(113536K)->99344K(113536K) NonClass: 79071K(85120K)->79071K(85120K) Class: 20273K(28416K)->20273K(28416K)
[282.408s][info][gc          ] GC(86) Pause Full (System.gc()) 800M->800M(5939M) 3583.768ms
[285.944s][info][gc,metaspace] GC(87) Metaspace: 99344K(113536K)->99344K(113536K) NonClass: 79071K(85120K)->79071K(85120K) Class: 20273K(28416K)->20273K(28416K)
[285.944s][info][gc          ] GC(87) Pause Full (System.gc()) 800M->800M(5939M) 3535.415ms
[289.533s][info][gc,metaspace] GC(88) Metaspace: 99344K(113536K)->99344K(113536K) NonClass: 79071K(85120K)->79071K(85120K) Class: 20273K(28416K)->20273K(28416K)
[289.533s][info][gc          ] GC(88) Pause Full (System.gc()) 800M->800M(5939M) 3589.324ms
[293.070s][info][gc,metaspace] GC(89) Metaspace: 99344K(113536K)->99344K(113536K) NonClass: 79071K(85120K)->79071K(85120K) Class: 20273K(28416K)->20273K(28416K)
[293.070s][info][gc          ] GC(89) Pause Full (System.gc()) 800M->800M(5939M) 3535.886ms
[296.658s][info][gc,metaspace] GC(90) Metaspace: 99344K(113536K)->99344K(113536K) NonClass: 79071K(85120K)->79071K(85120K) Class: 20273K(28416K)->20273K(28416K)
[296.658s][info][gc          ] GC(90) Pause Full (System.gc()) 800M->800M(5939M) 3588.323ms
[300.247s][info][gc,metaspace] GC(91) Metaspace: 99344K(113536K)->99344K(113536K) NonClass: 79071K(85120K)->79071K(85120K) Class: 20273K(28416K)->20273K(28416K)
[300.247s][info][gc          ] GC(91) Pause Full (System.gc()) 800M->800M(5939M) 3588.736ms
[303.783s][info][gc,metaspace] GC(92) Metaspace: 99344K(113536K)->99344K(113536K) NonClass: 79071K(85120K)->79071K(85120K) Class: 20273K(28416K)->20273K(28416K)
[303.783s][info][gc          ] GC(92) Pause Full (System.gc()) 800M->800M(5939M) 3536.047ms
[307.373s][info][gc,metaspace] GC(93) Metaspace: 99344K(113536K)->99344K(113536K) NonClass: 79071K(85120K)->79071K(85120K) Class: 20273K(28416K)->20273K(28416K)
[307.374s][info][gc          ] GC(93) Pause Full (System.gc()) 800M->800M(5939M) 3589.885ms
[310.910s][info][gc,metaspace] GC(94) Metaspace: 99344K(113536K)->99344K(113536K) NonClass: 79071K(85120K)->79071K(85120K) Class: 20273K(28416K)->20273K(28416K)
[310.910s][info][gc          ] GC(94) Pause Full (System.gc()) 800M->800M(5939M) 3536.546ms
[314.497s][info][gc,metaspace] GC(95) Metaspace: 99344K(113536K)->99344K(113536K) NonClass: 79071K(85120K)->79071K(85120K) Class: 20273K(28416K)->20273K(28416K)
[314.497s][info][gc          ] GC(95) Pause Full (System.gc()) 800M->800M(5939M) 3586.079ms
[318.032s][info][gc,metaspace] GC(96) Metaspace: 99344K(113536K)->99344K(113536K) NonClass: 79071K(85120K)->79071K(85120K) Class: 20273K(28416K)->20273K(28416K)
[318.032s][info][gc          ] GC(96) Pause Full (System.gc()) 800M->800M(5939M) 3535.137ms
[321.620s][info][gc,metaspace] GC(97) Metaspace: 99344K(113536K)->99344K(113536K) NonClass: 79071K(85120K)->79071K(85120K) Class: 20273K(28416K)->20273K(28416K)
[321.620s][info][gc          ] GC(97) Pause Full (System.gc()) 800M->800M(5939M) 3588.011ms
[325.209s][info][gc,metaspace] GC(98) Metaspace: 99344K(113536K)->99344K(113536K) NonClass: 79071K(85120K)->79071K(85120K) Class: 20273K(28416K)->20273K(28416K)
[325.209s][info][gc          ] GC(98) Pause Full (System.gc()) 811M->800M(5939M) 3588.447ms
[328.744s][info][gc,metaspace] GC(99) Metaspace: 99344K(113536K)->99344K(113536K) NonClass: 79071K(85120K)->79071K(85120K) Class: 20273K(28416K)->20273K(28416K)
[328.744s][info][gc          ] GC(99) Pause Full (System.gc()) 800M->800M(5939M) 3534.585ms
[332.333s][info][gc,metaspace] GC(100) Metaspace: 99344K(113536K)->99344K(113536K) NonClass: 79071K(85120K)->79071K(85120K) Class: 20273K(28416K)->20273K(28416K)
[332.333s][info][gc          ] GC(100) Pause Full (System.gc()) 800M->800M(5939M) 3589.156ms
[335.870s][info][gc,metaspace] GC(101) Metaspace: 99344K(113536K)->99344K(113536K) NonClass: 79071K(85120K)->79071K(85120K) Class: 20273K(28416K)->20273K(28416K)
[335.870s][info][gc          ] GC(101) Pause Full (System.gc()) 800M->800M(5939M) 3536.652ms
[339.457s][info][gc,metaspace] GC(102) Metaspace: 99344K(113536K)->99344K(113536K) NonClass: 79071K(85120K)->79071K(85120K) Class: 20273K(28416K)->20273K(28416K)
[339.457s][info][gc          ] GC(102) Pause Full (System.gc()) 800M->800M(5939M) 3586.721ms
[342.993s][info][gc,metaspace] GC(103) Metaspace: 99344K(113536K)->99344K(113536K) NonClass: 79071K(85120K)->79071K(85120K) Class: 20273K(28416K)->20273K(28416K)
[342.993s][info][gc          ] GC(103) Pause Full (System.gc()) 800M->800M(5939M) 3535.941ms
[346.583s][info][gc,metaspace] GC(104) Metaspace: 99344K(113536K)->99344K(113536K) NonClass: 79071K(85120K)->79071K(85120K) Class: 20273K(28416K)->20273K(28416K)
[346.583s][info][gc          ] GC(104) Pause Full (System.gc()) 800M->800M(5939M) 3589.324ms
[350.117s][info][gc,metaspace] GC(105) Metaspace: 99344K(113536K)->99344K(113536K) NonClass: 79071K(85120K)->79071K(85120K) Class: 20273K(28416K)->20273K(28416K)
[350.117s][info][gc          ] GC(105) Pause Full (System.gc()) 800M->800M(5939M) 3533.915ms
[353.704s][info][gc,metaspace] GC(106) Metaspace: 99344K(113536K)->99344K(113536K) NonClass: 79071K(85120K)->79071K(85120K) Class: 20273K(28416K)->20273K(28416K)
[353.704s][info][gc          ] GC(106) Pause Full (System.gc()) 800M->800M(5939M) 3587.274ms
[357.289s][info][gc,metaspace] GC(107) Metaspace: 99344K(113536K)->99344K(113536K) NonClass: 79071K(85120K)->79071K(85120K) Class: 20273K(28416K)->20273K(28416K)
[357.289s][info][gc          ] GC(107) Pause Full (System.gc()) 800M->800M(5939M) 3584.432ms
[360.832s][info][gc,metaspace] GC(108) Metaspace: 99344K(113536K)->99344K(113536K) NonClass: 79071K(85120K)->79071K(85120K) Class: 20273K(28416K)->20273K(28416K)
[360.832s][info][gc          ] GC(108) Pause Full (System.gc()) 800M->800M(5939M) 3543.204ms
[364.417s][info][gc,metaspace] GC(109) Metaspace: 99344K(113536K)->99344K(113536K) NonClass: 79071K(85120K)->79071K(85120K) Class: 20273K(28416K)->20273K(28416K)
[364.417s][info][gc          ] GC(109) Pause Full (System.gc()) 800M->800M(5939M) 3584.602ms
[367.958s][info][gc,metaspace] GC(110) Metaspace: 99344K(113536K)->99344K(113536K) NonClass: 79071K(85120K)->79071K(85120K) Class: 20273K(28416K)->20273K(28416K)
[367.958s][info][gc          ] GC(110) Pause Full (System.gc()) 800M->800M(5939M) 3540.501ms
[371.542s][info][gc,metaspace] GC(111) Metaspace: 99344K(113536K)->99344K(113536K) NonClass: 79071K(85120K)->79071K(85120K) Class: 20273K(28416K)->20273K(28416K)
[371.542s][info][gc          ] GC(111) Pause Full (System.gc()) 800M->800M(5939M) 3583.615ms
[375.082s][info][gc,metaspace] GC(112) Metaspace: 99344K(113536K)->99344K(113536K) NonClass: 79071K(85120K)->79071K(85120K) Class: 20273K(28416K)->20273K(28416K)
[375.082s][info][gc          ] GC(112) Pause Full (System.gc()) 800M->800M(5939M) 3539.818ms
[378.666s][info][gc,metaspace] GC(113) Metaspace: 99344K(113536K)->99344K(113536K) NonClass: 79071K(85120K)->79071K(85120K) Class: 20273K(28416K)->20273K(28416K)
[378.666s][info][gc          ] GC(113) Pause Full (System.gc()) 800M->800M(5939M) 3583.750ms
[382.259s][info][gc,metaspace] GC(114) Metaspace: 99344K(113536K)->99344K(113536K) NonClass: 79071K(85120K)->79071K(85120K) Class: 20273K(28416K)->20273K(28416K)
[382.259s][info][gc          ] GC(114) Pause Full (System.gc()) 800M->800M(5939M) 3593.334ms
[385.796s][info][gc,metaspace] GC(115) Metaspace: 99344K(113536K)->99344K(113536K) NonClass: 79071K(85120K)->79071K(85120K) Class: 20273K(28416K)->20273K(28416K)
[385.796s][info][gc          ] GC(115) Pause Full (System.gc()) 811M->800M(5939M) 3536.892ms
[389.384s][info][gc,metaspace] GC(116) Metaspace: 99344K(113536K)->99344K(113536K) NonClass: 79071K(85120K)->79071K(85120K) Class: 20273K(28416K)->20273K(28416K)
[389.384s][info][gc          ] GC(116) Pause Full (System.gc()) 800M->800M(5939M) 3587.567ms
[392.920s][info][gc,metaspace] GC(117) Metaspace: 99344K(113536K)->99344K(113536K) NonClass: 79071K(85120K)->79071K(85120K) Class: 20273K(28416K)->20273K(28416K)
[392.920s][info][gc          ] GC(117) Pause Full (System.gc()) 800M->800M(5939M) 3535.716ms
[396.508s][info][gc,metaspace] GC(118) Metaspace: 99344K(113536K)->99344K(113536K) NonClass: 79071K(85120K)->79071K(85120K) Class: 20273K(28416K)->20273K(28416K)
[396.508s][info][gc          ] GC(118) Pause Full (System.gc()) 800M->800M(5939M) 3587.811ms
[400.046s][info][gc,metaspace] GC(119) Metaspace: 99344K(113536K)->99344K(113536K) NonClass: 79071K(85120K)->79071K(85120K) Class: 20273K(28416K)->20273K(28416K)
[400.046s][info][gc          ] GC(119) Pause Full (System.gc()) 800M->800M(5939M) 3537.500ms
[403.636s][info][gc,metaspace] GC(120) Metaspace: 99344K(113536K)->99344K(113536K) NonClass: 79071K(85120K)->79071K(85120K) Class: 20273K(28416K)->20273K(28416K)
[403.636s][info][gc          ] GC(120) Pause Full (System.gc()) 800M->800M(5939M) 3590.055ms
[407.232s][info][gc,metaspace] GC(121) Metaspace: 99344K(113536K)->99344K(113536K) NonClass: 79071K(85120K)->79071K(85120K) Class: 20273K(28416K)->20273K(28416K)
[407.232s][info][gc          ] GC(121) Pause Full (System.gc()) 800M->800M(5939M) 3595.357ms
[410.770s][info][gc,metaspace] GC(122) Metaspace: 99344K(113536K)->99344K(113536K) NonClass: 79071K(85120K)->79071K(85120K) Class: 20273K(28416K)->20273K(28416K)
[410.770s][info][gc          ] GC(122) Pause Full (System.gc()) 800M->800M(5939M) 3537.714ms
[414.359s][info][gc,metaspace] GC(123) Metaspace: 99344K(113536K)->99344K(113536K) NonClass: 79071K(85120K)->79071K(85120K) Class: 20273K(28416K)->20273K(28416K)
[414.359s][info][gc          ] GC(123) Pause Full (System.gc()) 800M->800M(5939M) 3588.957ms
[417.895s][info][gc,metaspace] GC(124) Metaspace: 99344K(113536K)->99344K(113536K) NonClass: 79071K(85120K)->79071K(85120K) Class: 20273K(28416K)->20273K(28416K)
[417.895s][info][gc          ] GC(124) Pause Full (System.gc()) 800M->800M(5939M) 3536.378ms
[421.486s][info][gc,metaspace] GC(125) Metaspace: 99344K(113536K)->99344K(113536K) NonClass: 79071K(85120K)->79071K(85120K) Class: 20273K(28416K)->20273K(28416K)
[421.486s][info][gc          ] GC(125) Pause Full (System.gc()) 800M->800M(5939M) 3590.059ms
[425.022s][info][gc,metaspace] GC(126) Metaspace: 99344K(113536K)->99344K(113536K) NonClass: 79071K(85120K)->79071K(85120K) Class: 20273K(28416K)->20273K(28416K)
[425.022s][info][gc          ] GC(126) Pause Full (System.gc()) 800M->800M(5939M) 3535.680ms
[428.607s][info][gc,metaspace] GC(127) Metaspace: 99344K(113536K)->99344K(113536K) NonClass: 79071K(85120K)->79071K(85120K) Class: 20273K(28416K)->20273K(28416K)
[428.607s][info][gc          ] GC(127) Pause Full (System.gc()) 800M->800M(5939M) 3585.558ms
[432.195s][info][gc,metaspace] GC(128) Metaspace: 99344K(113536K)->99344K(113536K) NonClass: 79071K(85120K)->79071K(85120K) Class: 20273K(28416K)->20273K(28416K)
[432.195s][info][gc          ] GC(128) Pause Full (System.gc()) 800M->800M(5939M) 3587.319ms
[436.420s][info][gc,metaspace] GC(129) Metaspace: 99344K(113536K)->99344K(113536K) NonClass: 79071K(85120K)->79071K(85120K) Class: 20273K(28416K)->20273K(28416K)
[436.420s][info][gc          ] GC(129) Pause Full (System.gc()) 800M->800M(5939M) 4224.582ms
[439.952s][info][gc,metaspace] GC(130) Metaspace: 99344K(113536K)->99344K(113536K) NonClass: 79071K(85120K)->79071K(85120K) Class: 20273K(28416K)->20273K(28416K)
[439.952s][info][gc          ] GC(130) Pause Full (System.gc()) 800M->800M(5939M) 3532.108ms
[443.534s][info][gc,metaspace] GC(131) Metaspace: 99344K(113536K)->99344K(113536K) NonClass: 79071K(85120K)->79071K(85120K) Class: 20273K(28416K)->20273K(28416K)
[443.534s][info][gc          ] GC(131) Pause Full (System.gc()) 800M->800M(5939M) 3582.073ms
[447.075s][info][gc,metaspace] GC(132) Metaspace: 99344K(113536K)->99344K(113536K) NonClass: 79071K(85120K)->79071K(85120K) Class: 20273K(28416K)->20273K(28416K)
[447.075s][info][gc          ] GC(132) Pause Full (System.gc()) 800M->800M(5939M) 3540.684ms
[450.660s][info][gc,metaspace] GC(133) Metaspace: 99344K(113536K)->99344K(113536K) NonClass: 79071K(85120K)->79071K(85120K) Class: 20273K(28416K)->20273K(28416K)
[450.660s][info][gc          ] GC(133) Pause Full (System.gc()) 800M->800M(5939M) 3584.675ms
[454.248s][info][gc,metaspace] GC(134) Metaspace: 99344K(113536K)->99344K(113536K) NonClass: 79071K(85120K)->79071K(85120K) Class: 20273K(28416K)->20273K(28416K)
[454.248s][info][gc          ] GC(134) Pause Full (System.gc()) 811M->800M(5939M) 3587.265ms
[457.786s][info][gc,metaspace] GC(135) Metaspace: 99344K(113536K)->99344K(113536K) NonClass: 79071K(85120K)->79071K(85120K) Class: 20273K(28416K)->20273K(28416K)
[457.786s][info][gc          ] GC(135) Pause Full (System.gc()) 800M->800M(5939M) 3537.730ms
[461.375s][info][gc,metaspace] GC(136) Metaspace: 99344K(113536K)->99344K(113536K) NonClass: 79071K(85120K)->79071K(85120K) Class: 20273K(28416K)->20273K(28416K)
[461.375s][info][gc          ] GC(136) Pause Full (System.gc()) 800M->800M(5939M) 3588.928ms
[464.911s][info][gc,metaspace] GC(137) Metaspace: 99344K(113536K)->99344K(113536K) NonClass: 79071K(85120K)->79071K(85120K) Class: 20273K(28416K)->20273K(28416K)
[464.911s][info][gc          ] GC(137) Pause Full (System.gc()) 800M->800M(5939M) 3535.521ms
After GCs... 
