[0.001s][info][metaspace]  - commit_granule_bytes: 65536.
[0.001s][info][metaspace]  - commit_granule_words: 8192.
[0.001s][info][metaspace]  - virtual_space_node_default_size: 8388608.
[0.001s][info][metaspace]  - enlarge_chunks_in_place: 1.
[0.001s][info][metaspace]  - use_allocation_guard: 0.
[0.003s][info][gc       ] Using Serial
[1.216s][info][metaspace] Reserving compressed class space anywhere
[1.216s][info][gc,metaspace] CDS archive(s) not mapped
[1.216s][info][gc,metaspace] Compressed class space mapped at: 0x0000000019000000-0x00000000d9000000, reserved size: 3221225472
[1.216s][info][gc,metaspace] UseCompressedClassPointers 1, UseCompactObjectHeaders 1, narrow klass pointer bits 22, max shift 10
[1.216s][info][gc,metaspace] Narrow klass base: 0x0000000019000000, Narrow klass shift: 10, Narrow klass range: 0xc0000000
Num Classes: 16384
Num Objects per Class: 4096
Cycles: 100
Class association: random
Generate 16384 classes...[3.297s][info][gc,metaspace] GC(0) Metaspace: 22600K(22912K)->22600K(22912K) NonClass: 18878K(19072K)->18878K(19072K) Class: 3721K(3840K)->3721K(3840K)
[3.297s][info][gc          ] GC(0) Pause Young (Allocation Failure) 1638M->4M(5939M) 15.652ms
[4.594s][info][gc,metaspace] GC(1) Metaspace: 23406K(23680K)->23406K(23680K) NonClass: 19684K(19840K)->19684K(19840K) Class: 3721K(3840K)->3721K(3840K)
[4.594s][info][gc          ] GC(1) Pause Young (Allocation Failure) 1643M->4M(5939M) 13.969ms
[5.807s][info][gc,metaspace] GC(2) Metaspace: 23448K(23744K)->23448K(23744K) NonClass: 19726K(19904K)->19726K(19904K) Class: 3721K(3840K)->3721K(3840K)
[5.807s][info][gc          ] GC(2) Pause Young (Allocation Failure) 1642M->4M(5939M) 14.488ms
[6.983s][info][gc,metaspace] GC(3) Metaspace: 23537K(23808K)->23537K(23808K) NonClass: 19815K(19968K)->19815K(19968K) Class: 3721K(3840K)->3721K(3840K)
[6.983s][info][gc          ] GC(3) Pause Young (Allocation Failure) 1643M->4M(5939M) 15.038ms
[8.121s][info][gc,metaspace] GC(4) Metaspace: 23641K(23936K)->23641K(23936K) NonClass: 19919K(20096K)->19919K(20096K) Class: 3722K(3840K)->3722K(3840K)
[8.121s][info][gc          ] GC(4) Pause Young (Allocation Failure) 1643M->6M(5939M) 17.878ms
[9.220s][info][gc,metaspace] GC(5) Metaspace: 23696K(24000K)->23696K(24000K) NonClass: 19972K(20160K)->19972K(20160K) Class: 3723K(3840K)->3723K(3840K)
[9.220s][info][gc          ] GC(5) Pause Young (Allocation Failure) 1644M->6M(5939M) 16.831ms
[10.311s][info][gc,metaspace] GC(6) Metaspace: 23696K(24000K)->23696K(24000K) NonClass: 19972K(20160K)->19972K(20160K) Class: 3723K(3840K)->3723K(3840K)
[10.311s][info][gc          ] GC(6) Pause Young (Allocation Failure) 1645M->7M(5939M) 20.088ms
[11.384s][info][gc,metaspace] GC(7) Metaspace: 23696K(24000K)->23696K(24000K) NonClass: 19972K(20160K)->19972K(20160K) Class: 3723K(3840K)->3723K(3840K)
[11.384s][info][gc          ] GC(7) Pause Young (Allocation Failure) 1645M->6M(5939M) 17.702ms
[12.508s][info][gc,metaspace] GC(8) Metaspace: 23696K(24000K)->23696K(24000K) NonClass: 19972K(20160K)->19972K(20160K) Class: 3723K(3840K)->3723K(3840K)
[12.508s][info][gc          ] GC(8) Pause Young (Allocation Failure) 1644M->6M(5939M) 18.200ms
[13.574s][info][gc,metaspace] GC(9) Metaspace: 23696K(24000K)->23696K(24000K) NonClass: 19972K(20160K)->19972K(20160K) Class: 3723K(3840K)->3723K(3840K)
[13.574s][info][gc          ] GC(9) Pause Young (Allocation Failure) 1645M->8M(5939M) 12.843ms
[14.764s][info][gc,metaspace] GC(10) Metaspace: 23696K(24000K)->23696K(24000K) NonClass: 19972K(20160K)->19972K(20160K) Class: 3723K(3840K)->3723K(3840K)
[14.764s][info][gc          ] GC(10) Pause Young (Allocation Failure) 1646M->7M(5939M) 19.115ms
[15.832s][info][gc,metaspace] GC(11) Metaspace: 23696K(24000K)->23696K(24000K) NonClass: 19972K(20160K)->19972K(20160K) Class: 3723K(3840K)->3723K(3840K)
[15.833s][info][gc          ] GC(11) Pause Young (Allocation Failure) 1646M->8M(5939M) 19.559ms
[16.896s][info][gc,metaspace] GC(12) Metaspace: 23696K(24000K)->23696K(24000K) NonClass: 19972K(20160K)->19972K(20160K) Class: 3723K(3840K)->3723K(3840K)
[16.896s][info][gc          ] GC(12) Pause Young (Allocation Failure) 1646M->9M(5939M) 21.323ms
[17.953s][info][gc,metaspace] GC(13) Metaspace: 23696K(24000K)->23696K(24000K) NonClass: 19972K(20160K)->19972K(20160K) Class: 3723K(3840K)->3723K(3840K)
[17.953s][info][gc          ] GC(13) Pause Young (Allocation Failure) 1647M->9M(5939M) 23.275ms
[19.003s][info][gc,metaspace] GC(14) Metaspace: 23696K(24000K)->23696K(24000K) NonClass: 19972K(20160K)->19972K(20160K) Class: 3723K(3840K)->3723K(3840K)
[19.003s][info][gc          ] GC(14) Pause Young (Allocation Failure) 1648M->10M(5939M) 24.278ms
[20.037s][info][gc,metaspace] GC(15) Metaspace: 23696K(24000K)->23696K(24000K) NonClass: 19972K(20160K)->19972K(20160K) Class: 3723K(3840K)->3723K(3840K)
[20.037s][info][gc          ] GC(15) Pause Young (Allocation Failure) 1649M->10M(5939M) 22.605ms
[21.566s][info][gc,metaspace] GC(16) Metaspace: 23696K(24000K)->23696K(24000K) NonClass: 19972K(20160K)->19972K(20160K) Class: 3723K(3840K)->3723K(3840K)
[21.566s][info][gc          ] GC(16) Pause Young (Allocation Failure) 1648M->11M(5939M) 8.369ms
[22.605s][info][gc,metaspace] GC(17) Metaspace: 23696K(24000K)->23696K(24000K) NonClass: 19972K(20160K)->19972K(20160K) Class: 3723K(3840K)->3723K(3840K)
[22.605s][info][gc          ] GC(17) Pause Young (Allocation Failure) 1649M->11M(5939M) 9.525ms
[23.641s][info][gc,metaspace] GC(18) Metaspace: 23696K(24000K)->23696K(24000K) NonClass: 19972K(20160K)->19972K(20160K) Class: 3723K(3840K)->3723K(3840K)
[23.641s][info][gc          ] GC(18) Pause Young (Allocation Failure) 1650M->11M(5939M) 6.683ms
[24.677s][info][gc,metaspace] GC(19) Metaspace: 23696K(24000K)->23696K(24000K) NonClass: 19972K(20160K)->19972K(20160K) Class: 3723K(3840K)->3723K(3840K)
[24.677s][info][gc          ] GC(19) Pause Young (Allocation Failure) 1649M->12M(5939M) 9.083ms
[25.698s][info][gc,metaspace] GC(20) Metaspace: 23696K(24000K)->23696K(24000K) NonClass: 19972K(20160K)->19972K(20160K) Class: 3723K(3840K)->3723K(3840K)
[25.698s][info][gc          ] GC(20) Pause Young (Allocation Failure) 1650M->11M(5939M) 6.220ms
[26.730s][info][gc,metaspace] GC(21) Metaspace: 23696K(24000K)->23696K(24000K) NonClass: 19972K(20160K)->19972K(20160K) Class: 3723K(3840K)->3723K(3840K)
[26.730s][info][gc          ] GC(21) Pause Young (Allocation Failure) 1650M->12M(5939M) 8.308ms
[27.752s][info][gc,metaspace] GC(22) Metaspace: 23696K(24000K)->23696K(24000K) NonClass: 19972K(20160K)->19972K(20160K) Class: 3723K(3840K)->3723K(3840K)
[27.752s][info][gc          ] GC(22) Pause Young (Allocation Failure) 1651M->13M(5939M) 9.463ms
[28.777s][info][gc,metaspace] GC(23) Metaspace: 23696K(24000K)->23696K(24000K) NonClass: 19972K(20160K)->19972K(20160K) Class: 3723K(3840K)->3723K(3840K)
[28.777s][info][gc          ] GC(23) Pause Young (Allocation Failure) 1652M->13M(5939M) 7.503ms
[29.805s][info][gc,metaspace] GC(24) Metaspace: 23696K(24000K)->23696K(24000K) NonClass: 19972K(20160K)->19972K(20160K) Class: 3723K(3840K)->3723K(3840K)
[29.805s][info][gc          ] GC(24) Pause Young (Allocation Failure) 1651M->14M(5939M) 8.132ms
[30.828s][info][gc,metaspace] GC(25) Metaspace: 23696K(24000K)->23696K(24000K) NonClass: 19972K(20160K)->19972K(20160K) Class: 3723K(3840K)->3723K(3840K)
[30.828s][info][gc          ] GC(25) Pause Young (Allocation Failure) 1653M->13M(5939M) 7.241ms
[31.850s][info][gc,metaspace] GC(26) Metaspace: 23696K(24000K)->23696K(24000K) NonClass: 19972K(20160K)->19972K(20160K) Class: 3723K(3840K)->3723K(3840K)
[31.850s][info][gc          ] GC(26) Pause Young (Allocation Failure) 1652M->15M(5939M) 8.935ms
[32.869s][info][gc,metaspace] GC(27) Metaspace: 23696K(24000K)->23696K(24000K) NonClass: 19972K(20160K)->19972K(20160K) Class: 3723K(3840K)->3723K(3840K)
[32.869s][info][gc          ] GC(27) Pause Young (Allocation Failure) 1653M->15M(5939M) 10.029ms
[33.891s][info][gc,metaspace] GC(28) Metaspace: 23696K(24000K)->23696K(24000K) NonClass: 19972K(20160K)->19972K(20160K) Class: 3723K(3840K)->3723K(3840K)
[33.891s][info][gc          ] GC(28) Pause Young (Allocation Failure) 1654M->15M(5939M) 7.816ms
[34.904s][info][gc,metaspace] GC(29) Metaspace: 23696K(24000K)->23696K(24000K) NonClass: 19972K(20160K)->19972K(20160K) Class: 3723K(3840K)->3723K(3840K)
[34.904s][info][gc          ] GC(29) Pause Young (Allocation Failure) 1654M->16M(5939M) 9.409ms
[35.921s][info][gc,metaspace] GC(30) Metaspace: 23696K(24000K)->23696K(24000K) NonClass: 19972K(20160K)->19972K(20160K) Class: 3723K(3840K)->3723K(3840K)
[35.921s][info][gc          ] GC(30) Pause Young (Allocation Failure) 1655M->16M(5939M) 7.851ms
[36.933s][info][gc,metaspace] GC(31) Metaspace: 23696K(24000K)->23696K(24000K) NonClass: 19972K(20160K)->19972K(20160K) Class: 3723K(3840K)->3723K(3840K)
[36.933s][info][gc          ] GC(31) Pause Young (Allocation Failure) 1655M->17M(5939M) 8.275ms
[37.947s][info][gc,metaspace] GC(32) Metaspace: 23696K(24000K)->23696K(24000K) NonClass: 19972K(20160K)->19972K(20160K) Class: 3723K(3840K)->3723K(3840K)
[37.948s][info][gc          ] GC(32) Pause Young (Allocation Failure) 1656M->17M(5939M) 7.989ms
[38.964s][info][gc,metaspace] GC(33) Metaspace: 23696K(24000K)->23696K(24000K) NonClass: 19972K(20160K)->19972K(20160K) Class: 3723K(3840K)->3723K(3840K)
[38.964s][info][gc          ] GC(33) Pause Young (Allocation Failure) 1655M->18M(5939M) 9.504ms
[39.974s][info][gc,metaspace] GC(34) Metaspace: 23696K(24000K)->23696K(24000K) NonClass: 19972K(20160K)->19972K(20160K) Class: 3723K(3840K)->3723K(3840K)
[39.974s][info][gc          ] GC(34) Pause Young (Allocation Failure) 1657M->18M(5939M) 8.381ms
[40.988s][info][gc,metaspace] GC(35) Metaspace: 23696K(24000K)->23696K(24000K) NonClass: 19972K(20160K)->19972K(20160K) Class: 3723K(3840K)->3723K(3840K)
[40.988s][info][gc          ] GC(35) Pause Young (Allocation Failure) 1656M->19M(5939M) 9.844ms

Loading 16384...[42.015s][info][gc,metaspace] GC(36) Metaspace: 48284K(48576K)->48284K(48576K) NonClass: 28177K(28352K)->28177K(28352K) Class: 20107K(20224K)->20107K(20224K)
[42.015s][info][gc          ] GC(36) Pause Full (System.gc()) 838M->21M(5939M) 308.127ms
Creating 4096 objects per class...[51.068s][info][gc,metaspace] GC(37) Metaspace: 92536K(108096K)->92536K(108096K) NonClass: 63851K(71488K)->63851K(71488K) Class: 28685K(36608K)->28685K(36608K)
[51.068s][info][gc          ] GC(37) Pause Full (CodeCache GC Threshold) 892M->340M(5939M) 1033.993ms

Done; will start GCs... 
[104.891s][info][gc,metaspace] GC(38) Metaspace: 101149K(115072K)->101149K(115072K) NonClass: 72464K(78464K)->72464K(78464K) Class: 28685K(36608K)->28685K(36608K)
[104.891s][info][gc          ] GC(38) Pause Full (System.gc()) 831M->801M(5939M) 4688.688ms
[109.264s][info][gc,metaspace] GC(39) Metaspace: 101149K(115072K)->101149K(115072K) NonClass: 72464K(78464K)->72464K(78464K) Class: 28685K(36608K)->28685K(36608K)
[109.264s][info][gc          ] GC(39) Pause Full (System.gc()) 801M->800M(5939M) 4372.584ms
[112.760s][info][gc,metaspace] GC(40) Metaspace: 101149K(115072K)->101149K(115072K) NonClass: 72464K(78464K)->72464K(78464K) Class: 28685K(36608K)->28685K(36608K)
[112.760s][info][gc          ] GC(40) Pause Full (System.gc()) 800M->800M(5939M) 3495.908ms
[116.206s][info][gc,metaspace] GC(41) Metaspace: 101149K(115072K)->101149K(115072K) NonClass: 72464K(78464K)->72464K(78464K) Class: 28685K(36608K)->28685K(36608K)
[116.207s][info][gc          ] GC(41) Pause Full (System.gc()) 800M->800M(5939M) 3446.077ms
[119.703s][info][gc,metaspace] GC(42) Metaspace: 101149K(115072K)->101149K(115072K) NonClass: 72464K(78464K)->72464K(78464K) Class: 28685K(36608K)->28685K(36608K)
[119.703s][info][gc          ] GC(42) Pause Full (System.gc()) 800M->800M(5939M) 3495.799ms
[123.147s][info][gc,metaspace] GC(43) Metaspace: 101149K(115072K)->101149K(115072K) NonClass: 72464K(78464K)->72464K(78464K) Class: 28685K(36608K)->28685K(36608K)
[123.147s][info][gc          ] GC(43) Pause Full (System.gc()) 800M->800M(5939M) 3444.159ms
[126.645s][info][gc,metaspace] GC(44) Metaspace: 101149K(115072K)->101149K(115072K) NonClass: 72464K(78464K)->72464K(78464K) Class: 28685K(36608K)->28685K(36608K)
[126.645s][info][gc          ] GC(44) Pause Full (System.gc()) 800M->800M(5939M) 3498.279ms
[130.092s][info][gc,metaspace] GC(45) Metaspace: 101149K(115072K)->101149K(115072K) NonClass: 72464K(78464K)->72464K(78464K) Class: 28685K(36608K)->28685K(36608K)
[130.092s][info][gc          ] GC(45) Pause Full (System.gc()) 810M->800M(5939M) 3445.915ms
[133.587s][info][gc,metaspace] GC(46) Metaspace: 101149K(115072K)->101149K(115072K) NonClass: 72464K(78464K)->72464K(78464K) Class: 28685K(36608K)->28685K(36608K)
[133.587s][info][gc          ] GC(46) Pause Full (System.gc()) 800M->800M(5939M) 3495.217ms
[137.586s][info][gc,metaspace] GC(47) Metaspace: 101149K(115072K)->101149K(115072K) NonClass: 72464K(78464K)->72464K(78464K) Class: 28685K(36608K)->28685K(36608K)
[137.586s][info][gc          ] GC(47) Pause Full (System.gc()) 800M->800M(5939M) 3998.602ms
[141.035s][info][gc,metaspace] GC(48) Metaspace: 101149K(115072K)->101149K(115072K) NonClass: 72464K(78464K)->72464K(78464K) Class: 28685K(36608K)->28685K(36608K)
[141.035s][info][gc          ] GC(48) Pause Full (System.gc()) 800M->800M(5939M) 3448.318ms
[144.534s][info][gc,metaspace] GC(49) Metaspace: 101149K(115072K)->101149K(115072K) NonClass: 72464K(78464K)->72464K(78464K) Class: 28685K(36608K)->28685K(36608K)
[144.534s][info][gc          ] GC(49) Pause Full (System.gc()) 800M->800M(5939M) 3499.023ms
[147.990s][info][gc,metaspace] GC(50) Metaspace: 101149K(115072K)->101149K(115072K) NonClass: 72464K(78464K)->72464K(78464K) Class: 28685K(36608K)->28685K(36608K)
[147.990s][info][gc          ] GC(50) Pause Full (System.gc()) 800M->800M(5939M) 3455.805ms
[151.486s][info][gc,metaspace] GC(51) Metaspace: 101149K(115072K)->101149K(115072K) NonClass: 72464K(78464K)->72464K(78464K) Class: 28685K(36608K)->28685K(36608K)
[151.486s][info][gc          ] GC(51) Pause Full (System.gc()) 800M->800M(5939M) 3495.909ms
[154.935s][info][gc,metaspace] GC(52) Metaspace: 101149K(115072K)->101149K(115072K) NonClass: 72464K(78464K)->72464K(78464K) Class: 28685K(36608K)->28685K(36608K)
[154.935s][info][gc          ] GC(52) Pause Full (System.gc()) 800M->800M(5939M) 3448.762ms
[158.382s][info][gc,metaspace] GC(53) Metaspace: 101149K(115072K)->101149K(115072K) NonClass: 72464K(78464K)->72464K(78464K) Class: 28685K(36608K)->28685K(36608K)
[158.382s][info][gc          ] GC(53) Pause Full (System.gc()) 800M->800M(5939M) 3446.677ms
[161.877s][info][gc,metaspace] GC(54) Metaspace: 101149K(115072K)->101149K(115072K) NonClass: 72464K(78464K)->72464K(78464K) Class: 28685K(36608K)->28685K(36608K)
[161.877s][info][gc          ] GC(54) Pause Full (System.gc()) 800M->800M(5939M) 3494.636ms
[165.329s][info][gc,metaspace] GC(55) Metaspace: 101149K(115072K)->101149K(115072K) NonClass: 72464K(78464K)->72464K(78464K) Class: 28685K(36608K)->28685K(36608K)
[165.329s][info][gc          ] GC(55) Pause Full (System.gc()) 800M->800M(5939M) 3451.942ms
[168.823s][info][gc,metaspace] GC(56) Metaspace: 101149K(115072K)->101149K(115072K) NonClass: 72464K(78464K)->72464K(78464K) Class: 28685K(36608K)->28685K(36608K)
[168.823s][info][gc          ] GC(56) Pause Full (System.gc()) 800M->800M(5939M) 3493.804ms
[172.274s][info][gc,metaspace] GC(57) Metaspace: 101149K(115072K)->101149K(115072K) NonClass: 72464K(78464K)->72464K(78464K) Class: 28685K(36608K)->28685K(36608K)
[172.274s][info][gc          ] GC(57) Pause Full (System.gc()) 800M->800M(5939M) 3451.199ms
[175.768s][info][gc,metaspace] GC(58) Metaspace: 101149K(115072K)->101149K(115072K) NonClass: 72464K(78464K)->72464K(78464K) Class: 28685K(36608K)->28685K(36608K)
[175.769s][info][gc          ] GC(58) Pause Full (System.gc()) 800M->800M(5939M) 3493.785ms
[179.219s][info][gc,metaspace] GC(59) Metaspace: 101149K(115072K)->101149K(115072K) NonClass: 72464K(78464K)->72464K(78464K) Class: 28685K(36608K)->28685K(36608K)
[179.219s][info][gc          ] GC(59) Pause Full (System.gc()) 800M->800M(5939M) 3450.324ms
[182.856s][info][gc,metaspace] GC(60) Metaspace: 101149K(115072K)->101149K(115072K) NonClass: 72464K(78464K)->72464K(78464K) Class: 28685K(36608K)->28685K(36608K)
[182.856s][info][gc          ] GC(60) Pause Full (System.gc()) 800M->800M(5939M) 3636.503ms
[186.306s][info][gc,metaspace] GC(61) Metaspace: 101149K(115072K)->101149K(115072K) NonClass: 72464K(78464K)->72464K(78464K) Class: 28685K(36608K)->28685K(36608K)
[186.306s][info][gc          ] GC(61) Pause Full (System.gc()) 800M->800M(5939M) 3449.979ms
[189.806s][info][gc,metaspace] GC(62) Metaspace: 101149K(115072K)->101149K(115072K) NonClass: 72464K(78464K)->72464K(78464K) Class: 28685K(36608K)->28685K(36608K)
[189.807s][info][gc          ] GC(62) Pause Full (System.gc()) 800M->800M(5939M) 3500.182ms
[193.253s][info][gc,metaspace] GC(63) Metaspace: 101149K(115072K)->101149K(115072K) NonClass: 72464K(78464K)->72464K(78464K) Class: 28685K(36608K)->28685K(36608K)
[193.253s][info][gc          ] GC(63) Pause Full (System.gc()) 810M->800M(5939M) 3446.651ms
[196.751s][info][gc,metaspace] GC(64) Metaspace: 101149K(115072K)->101149K(115072K) NonClass: 72464K(78464K)->72464K(78464K) Class: 28685K(36608K)->28685K(36608K)
[196.751s][info][gc          ] GC(64) Pause Full (System.gc()) 800M->800M(5939M) 3497.320ms
[200.199s][info][gc,metaspace] GC(65) Metaspace: 101149K(115072K)->101149K(115072K) NonClass: 72464K(78464K)->72464K(78464K) Class: 28685K(36608K)->28685K(36608K)
[200.199s][info][gc          ] GC(65) Pause Full (System.gc()) 800M->800M(5939M) 3447.401ms
[203.700s][info][gc,metaspace] GC(66) Metaspace: 101149K(115072K)->101149K(115072K) NonClass: 72464K(78464K)->72464K(78464K) Class: 28685K(36608K)->28685K(36608K)
[203.700s][info][gc          ] GC(66) Pause Full (System.gc()) 800M->800M(5939M) 3501.041ms
[207.144s][info][gc,metaspace] GC(67) Metaspace: 101149K(115072K)->101149K(115072K) NonClass: 72464K(78464K)->72464K(78464K) Class: 28685K(36608K)->28685K(36608K)
[207.144s][info][gc          ] GC(67) Pause Full (System.gc()) 800M->800M(5939M) 3443.406ms
[210.642s][info][gc,metaspace] GC(68) Metaspace: 101149K(115072K)->101149K(115072K) NonClass: 72464K(78464K)->72464K(78464K) Class: 28685K(36608K)->28685K(36608K)
[210.642s][info][gc          ] GC(68) Pause Full (System.gc()) 800M->800M(5939M) 3498.295ms
[214.091s][info][gc,metaspace] GC(69) Metaspace: 101149K(115072K)->101149K(115072K) NonClass: 72464K(78464K)->72464K(78464K) Class: 28685K(36608K)->28685K(36608K)
[214.091s][info][gc          ] GC(69) Pause Full (System.gc()) 800M->800M(5939M) 3448.505ms
[217.586s][info][gc,metaspace] GC(70) Metaspace: 101149K(115072K)->101149K(115072K) NonClass: 72464K(78464K)->72464K(78464K) Class: 28685K(36608K)->28685K(36608K)
[217.586s][info][gc          ] GC(70) Pause Full (System.gc()) 800M->800M(5939M) 3494.582ms
[221.032s][info][gc,metaspace] GC(71) Metaspace: 101149K(115072K)->101149K(115072K) NonClass: 72464K(78464K)->72464K(78464K) Class: 28685K(36608K)->28685K(36608K)
[221.032s][info][gc          ] GC(71) Pause Full (System.gc()) 800M->800M(5939M) 3446.364ms
[224.526s][info][gc,metaspace] GC(72) Metaspace: 101149K(115072K)->101149K(115072K) NonClass: 72464K(78464K)->72464K(78464K) Class: 28685K(36608K)->28685K(36608K)
[224.526s][info][gc          ] GC(72) Pause Full (System.gc()) 800M->800M(5939M) 3493.069ms
[227.969s][info][gc,metaspace] GC(73) Metaspace: 101149K(115072K)->101149K(115072K) NonClass: 72464K(78464K)->72464K(78464K) Class: 28685K(36608K)->28685K(36608K)
[227.969s][info][gc          ] GC(73) Pause Full (System.gc()) 800M->800M(5939M) 3442.960ms
[231.417s][info][gc,metaspace] GC(74) Metaspace: 101149K(115072K)->101149K(115072K) NonClass: 72464K(78464K)->72464K(78464K) Class: 28685K(36608K)->28685K(36608K)
[231.417s][info][gc          ] GC(74) Pause Full (System.gc()) 800M->800M(5939M) 3447.340ms
[234.915s][info][gc,metaspace] GC(75) Metaspace: 101149K(115072K)->101149K(115072K) NonClass: 72464K(78464K)->72464K(78464K) Class: 28685K(36608K)->28685K(36608K)
[234.915s][info][gc          ] GC(75) Pause Full (System.gc()) 800M->800M(5939M) 3498.420ms
[238.357s][info][gc,metaspace] GC(76) Metaspace: 101149K(115072K)->101149K(115072K) NonClass: 72464K(78464K)->72464K(78464K) Class: 28685K(36608K)->28685K(36608K)
[238.357s][info][gc          ] GC(76) Pause Full (System.gc()) 800M->800M(5939M) 3441.699ms
[241.854s][info][gc,metaspace] GC(77) Metaspace: 101149K(115072K)->101149K(115072K) NonClass: 72464K(78464K)->72464K(78464K) Class: 28685K(36608K)->28685K(36608K)
[241.854s][info][gc          ] GC(77) Pause Full (System.gc()) 800M->800M(5939M) 3496.762ms
[245.300s][info][gc,metaspace] GC(78) Metaspace: 101149K(115072K)->101149K(115072K) NonClass: 72464K(78464K)->72464K(78464K) Class: 28685K(36608K)->28685K(36608K)
[245.300s][info][gc          ] GC(78) Pause Full (System.gc()) 800M->800M(5939M) 3445.853ms
[248.797s][info][gc,metaspace] GC(79) Metaspace: 101149K(115072K)->101149K(115072K) NonClass: 72464K(78464K)->72464K(78464K) Class: 28685K(36608K)->28685K(36608K)
[248.797s][info][gc          ] GC(79) Pause Full (System.gc()) 800M->800M(5939M) 3496.257ms
[252.242s][info][gc,metaspace] GC(80) Metaspace: 101149K(115072K)->101149K(115072K) NonClass: 72464K(78464K)->72464K(78464K) Class: 28685K(36608K)->28685K(36608K)
[252.242s][info][gc          ] GC(80) Pause Full (System.gc()) 800M->800M(5939M) 3444.822ms
[255.740s][info][gc,metaspace] GC(81) Metaspace: 101149K(115072K)->101149K(115072K) NonClass: 72464K(78464K)->72464K(78464K) Class: 28685K(36608K)->28685K(36608K)
[255.740s][info][gc          ] GC(81) Pause Full (System.gc()) 810M->800M(5939M) 3497.455ms
[259.183s][info][gc,metaspace] GC(82) Metaspace: 101149K(115072K)->101149K(115072K) NonClass: 72464K(78464K)->72464K(78464K) Class: 28685K(36608K)->28685K(36608K)
[259.183s][info][gc          ] GC(82) Pause Full (System.gc()) 800M->800M(5939M) 3442.871ms
[262.684s][info][gc,metaspace] GC(83) Metaspace: 101149K(115072K)->101149K(115072K) NonClass: 72464K(78464K)->72464K(78464K) Class: 28685K(36608K)->28685K(36608K)
[262.684s][info][gc          ] GC(83) Pause Full (System.gc()) 800M->800M(5939M) 3500.627ms
[266.132s][info][gc,metaspace] GC(84) Metaspace: 101149K(115072K)->101149K(115072K) NonClass: 72464K(78464K)->72464K(78464K) Class: 28685K(36608K)->28685K(36608K)
[266.132s][info][gc          ] GC(84) Pause Full (System.gc()) 800M->800M(5939M) 3447.613ms
[269.628s][info][gc,metaspace] GC(85) Metaspace: 101149K(115072K)->101149K(115072K) NonClass: 72464K(78464K)->72464K(78464K) Class: 28685K(36608K)->28685K(36608K)
[269.628s][info][gc          ] GC(85) Pause Full (System.gc()) 800M->800M(5939M) 3496.550ms
[273.078s][info][gc,metaspace] GC(86) Metaspace: 101149K(115072K)->101149K(115072K) NonClass: 72464K(78464K)->72464K(78464K) Class: 28685K(36608K)->28685K(36608K)
[273.078s][info][gc          ] GC(86) Pause Full (System.gc()) 800M->800M(5939M) 3449.531ms
[276.576s][info][gc,metaspace] GC(87) Metaspace: 101149K(115072K)->101149K(115072K) NonClass: 72464K(78464K)->72464K(78464K) Class: 28685K(36608K)->28685K(36608K)
[276.576s][info][gc          ] GC(87) Pause Full (System.gc()) 800M->800M(5939M) 3497.774ms
[280.020s][info][gc,metaspace] GC(88) Metaspace: 101149K(115072K)->101149K(115072K) NonClass: 72464K(78464K)->72464K(78464K) Class: 28685K(36608K)->28685K(36608K)
[280.021s][info][gc          ] GC(88) Pause Full (System.gc()) 800M->800M(5939M) 3444.059ms
[283.517s][info][gc,metaspace] GC(89) Metaspace: 101149K(115072K)->101149K(115072K) NonClass: 72464K(78464K)->72464K(78464K) Class: 28685K(36608K)->28685K(36608K)
[283.517s][info][gc          ] GC(89) Pause Full (System.gc()) 800M->800M(5939M) 3496.627ms
[286.962s][info][gc,metaspace] GC(90) Metaspace: 101149K(115072K)->101149K(115072K) NonClass: 72464K(78464K)->72464K(78464K) Class: 28685K(36608K)->28685K(36608K)
[286.962s][info][gc          ] GC(90) Pause Full (System.gc()) 800M->800M(5939M) 3444.343ms
[290.412s][info][gc,metaspace] GC(91) Metaspace: 101149K(115072K)->101149K(115072K) NonClass: 72464K(78464K)->72464K(78464K) Class: 28685K(36608K)->28685K(36608K)
[290.412s][info][gc          ] GC(91) Pause Full (System.gc()) 800M->800M(5939M) 3449.809ms
[293.909s][info][gc,metaspace] GC(92) Metaspace: 101149K(115072K)->101149K(115072K) NonClass: 72464K(78464K)->72464K(78464K) Class: 28685K(36608K)->28685K(36608K)
[293.909s][info][gc          ] GC(92) Pause Full (System.gc()) 800M->800M(5939M) 3496.474ms
[297.354s][info][gc,metaspace] GC(93) Metaspace: 101149K(115072K)->101149K(115072K) NonClass: 72464K(78464K)->72464K(78464K) Class: 28685K(36608K)->28685K(36608K)
[297.354s][info][gc          ] GC(93) Pause Full (System.gc()) 800M->800M(5939M) 3445.318ms
[300.849s][info][gc,metaspace] GC(94) Metaspace: 101149K(115072K)->101149K(115072K) NonClass: 72464K(78464K)->72464K(78464K) Class: 28685K(36608K)->28685K(36608K)
[300.849s][info][gc          ] GC(94) Pause Full (System.gc()) 800M->800M(5939M) 3494.194ms
[304.293s][info][gc,metaspace] GC(95) Metaspace: 101149K(115072K)->101149K(115072K) NonClass: 72464K(78464K)->72464K(78464K) Class: 28685K(36608K)->28685K(36608K)
[304.293s][info][gc          ] GC(95) Pause Full (System.gc()) 800M->800M(5939M) 3443.873ms
[307.790s][info][gc,metaspace] GC(96) Metaspace: 101149K(115072K)->101149K(115072K) NonClass: 72464K(78464K)->72464K(78464K) Class: 28685K(36608K)->28685K(36608K)
[307.790s][info][gc          ] GC(96) Pause Full (System.gc()) 800M->800M(5939M) 3496.804ms
[311.233s][info][gc,metaspace] GC(97) Metaspace: 101149K(115072K)->101149K(115072K) NonClass: 72464K(78464K)->72464K(78464K) Class: 28685K(36608K)->28685K(36608K)
[311.233s][info][gc          ] GC(97) Pause Full (System.gc()) 800M->800M(5939M) 3443.168ms
[314.728s][info][gc,metaspace] GC(98) Metaspace: 101149K(115072K)->101149K(115072K) NonClass: 72464K(78464K)->72464K(78464K) Class: 28685K(36608K)->28685K(36608K)
[314.728s][info][gc          ] GC(98) Pause Full (System.gc()) 800M->800M(5939M) 3494.663ms
[318.173s][info][gc,metaspace] GC(99) Metaspace: 101149K(115072K)->101149K(115072K) NonClass: 72464K(78464K)->72464K(78464K) Class: 28685K(36608K)->28685K(36608K)
[318.173s][info][gc          ] GC(99) Pause Full (System.gc()) 810M->800M(5939M) 3444.459ms
[321.672s][info][gc,metaspace] GC(100) Metaspace: 101149K(115072K)->101149K(115072K) NonClass: 72464K(78464K)->72464K(78464K) Class: 28685K(36608K)->28685K(36608K)
[321.672s][info][gc          ] GC(100) Pause Full (System.gc()) 800M->800M(5939M) 3498.200ms
[325.131s][info][gc,metaspace] GC(101) Metaspace: 101149K(115072K)->101149K(115072K) NonClass: 72464K(78464K)->72464K(78464K) Class: 28685K(36608K)->28685K(36608K)
[325.131s][info][gc          ] GC(101) Pause Full (System.gc()) 800M->800M(5939M) 3459.565ms
[328.629s][info][gc,metaspace] GC(102) Metaspace: 101149K(115072K)->101149K(115072K) NonClass: 72464K(78464K)->72464K(78464K) Class: 28685K(36608K)->28685K(36608K)
[328.629s][info][gc          ] GC(102) Pause Full (System.gc()) 800M->800M(5939M) 3497.091ms
[332.083s][info][gc,metaspace] GC(103) Metaspace: 101149K(115072K)->101149K(115072K) NonClass: 72464K(78464K)->72464K(78464K) Class: 28685K(36608K)->28685K(36608K)
[332.083s][info][gc          ] GC(103) Pause Full (System.gc()) 800M->800M(5939M) 3453.869ms
[335.571s][info][gc,metaspace] GC(104) Metaspace: 101149K(115072K)->101149K(115072K) NonClass: 72464K(78464K)->72464K(78464K) Class: 28685K(36608K)->28685K(36608K)
[335.571s][info][gc          ] GC(104) Pause Full (System.gc()) 800M->800M(5939M) 3488.506ms
[339.021s][info][gc,metaspace] GC(105) Metaspace: 101149K(115072K)->101149K(115072K) NonClass: 72464K(78464K)->72464K(78464K) Class: 28685K(36608K)->28685K(36608K)
[339.021s][info][gc          ] GC(105) Pause Full (System.gc()) 800M->800M(5939M) 3449.080ms
[342.513s][info][gc,metaspace] GC(106) Metaspace: 101149K(115072K)->101149K(115072K) NonClass: 72464K(78464K)->72464K(78464K) Class: 28685K(36608K)->28685K(36608K)
[342.513s][info][gc          ] GC(106) Pause Full (System.gc()) 800M->800M(5939M) 3492.315ms
[345.957s][info][gc,metaspace] GC(107) Metaspace: 101149K(115072K)->101149K(115072K) NonClass: 72464K(78464K)->72464K(78464K) Class: 28685K(36608K)->28685K(36608K)
[345.957s][info][gc          ] GC(107) Pause Full (System.gc()) 800M->800M(5939M) 3443.092ms
[349.406s][info][gc,metaspace] GC(108) Metaspace: 101149K(115072K)->101149K(115072K) NonClass: 72464K(78464K)->72464K(78464K) Class: 28685K(36608K)->28685K(36608K)
[349.406s][info][gc          ] GC(108) Pause Full (System.gc()) 800M->800M(5939M) 3449.581ms
[352.898s][info][gc,metaspace] GC(109) Metaspace: 101149K(115072K)->101149K(115072K) NonClass: 72464K(78464K)->72464K(78464K) Class: 28685K(36608K)->28685K(36608K)
[352.898s][info][gc          ] GC(109) Pause Full (System.gc()) 800M->800M(5939M) 3491.009ms
[356.347s][info][gc,metaspace] GC(110) Metaspace: 101149K(115072K)->101149K(115072K) NonClass: 72464K(78464K)->72464K(78464K) Class: 28685K(36608K)->28685K(36608K)
[356.347s][info][gc          ] GC(110) Pause Full (System.gc()) 800M->800M(5939M) 3448.587ms
[359.839s][info][gc,metaspace] GC(111) Metaspace: 101149K(115072K)->101149K(115072K) NonClass: 72464K(78464K)->72464K(78464K) Class: 28685K(36608K)->28685K(36608K)
[359.839s][info][gc          ] GC(111) Pause Full (System.gc()) 800M->800M(5939M) 3492.545ms
[363.282s][info][gc,metaspace] GC(112) Metaspace: 101149K(115072K)->101149K(115072K) NonClass: 72464K(78464K)->72464K(78464K) Class: 28685K(36608K)->28685K(36608K)
[363.282s][info][gc          ] GC(112) Pause Full (System.gc()) 800M->800M(5939M) 3442.731ms
[366.782s][info][gc,metaspace] GC(113) Metaspace: 101149K(115072K)->101149K(115072K) NonClass: 72464K(78464K)->72464K(78464K) Class: 28685K(36608K)->28685K(36608K)
[366.782s][info][gc          ] GC(113) Pause Full (System.gc()) 800M->800M(5939M) 3500.089ms
[370.232s][info][gc,metaspace] GC(114) Metaspace: 101149K(115072K)->101149K(115072K) NonClass: 72464K(78464K)->72464K(78464K) Class: 28685K(36608K)->28685K(36608K)
[370.232s][info][gc          ] GC(114) Pause Full (System.gc()) 800M->800M(5939M) 3448.996ms
[373.724s][info][gc,metaspace] GC(115) Metaspace: 101149K(115072K)->101149K(115072K) NonClass: 72464K(78464K)->72464K(78464K) Class: 28685K(36608K)->28685K(36608K)
[373.724s][info][gc          ] GC(115) Pause Full (System.gc()) 800M->800M(5939M) 3492.530ms
[377.176s][info][gc,metaspace] GC(116) Metaspace: 101149K(115072K)->101149K(115072K) NonClass: 72464K(78464K)->72464K(78464K) Class: 28685K(36608K)->28685K(36608K)
[377.176s][info][gc          ] GC(116) Pause Full (System.gc()) 800M->800M(5939M) 3450.815ms
[380.676s][info][gc,metaspace] GC(117) Metaspace: 101149K(115072K)->101149K(115072K) NonClass: 72464K(78464K)->72464K(78464K) Class: 28685K(36608K)->28685K(36608K)
[380.676s][info][gc          ] GC(117) Pause Full (System.gc()) 810M->800M(5939M) 3499.829ms
[384.123s][info][gc,metaspace] GC(118) Metaspace: 101149K(115072K)->101149K(115072K) NonClass: 72464K(78464K)->72464K(78464K) Class: 28685K(36608K)->28685K(36608K)
[384.123s][info][gc          ] GC(118) Pause Full (System.gc()) 800M->800M(5939M) 3446.605ms
[387.620s][info][gc,metaspace] GC(119) Metaspace: 101149K(115072K)->101149K(115072K) NonClass: 72464K(78464K)->72464K(78464K) Class: 28685K(36608K)->28685K(36608K)
[387.620s][info][gc          ] GC(119) Pause Full (System.gc()) 800M->800M(5939M) 3496.815ms
[391.065s][info][gc,metaspace] GC(120) Metaspace: 101149K(115072K)->101149K(115072K) NonClass: 72464K(78464K)->72464K(78464K) Class: 28685K(36608K)->28685K(36608K)
[391.065s][info][gc          ] GC(120) Pause Full (System.gc()) 800M->800M(5939M) 3445.008ms
[394.559s][info][gc,metaspace] GC(121) Metaspace: 101149K(115072K)->101149K(115072K) NonClass: 72464K(78464K)->72464K(78464K) Class: 28685K(36608K)->28685K(36608K)
[394.559s][info][gc          ] GC(121) Pause Full (System.gc()) 800M->800M(5939M) 3494.184ms
[398.007s][info][gc,metaspace] GC(122) Metaspace: 101149K(115072K)->101149K(115072K) NonClass: 72464K(78464K)->72464K(78464K) Class: 28685K(36608K)->28685K(36608K)
[398.007s][info][gc          ] GC(122) Pause Full (System.gc()) 800M->800M(5939M) 3447.423ms
[401.505s][info][gc,metaspace] GC(123) Metaspace: 101149K(115072K)->101149K(115072K) NonClass: 72464K(78464K)->72464K(78464K) Class: 28685K(36608K)->28685K(36608K)
[401.505s][info][gc          ] GC(123) Pause Full (System.gc()) 800M->800M(5939M) 3497.506ms
[404.950s][info][gc,metaspace] GC(124) Metaspace: 101149K(115072K)->101149K(115072K) NonClass: 72464K(78464K)->72464K(78464K) Class: 28685K(36608K)->28685K(36608K)
[404.950s][info][gc          ] GC(124) Pause Full (System.gc()) 800M->800M(5939M) 3444.849ms
[408.397s][info][gc,metaspace] GC(125) Metaspace: 101149K(115072K)->101149K(115072K) NonClass: 72464K(78464K)->72464K(78464K) Class: 28685K(36608K)->28685K(36608K)
[408.397s][info][gc          ] GC(125) Pause Full (System.gc()) 800M->800M(5939M) 3447.198ms
[411.894s][info][gc,metaspace] GC(126) Metaspace: 101149K(115072K)->101149K(115072K) NonClass: 72464K(78464K)->72464K(78464K) Class: 28685K(36608K)->28685K(36608K)
[411.894s][info][gc          ] GC(126) Pause Full (System.gc()) 800M->800M(5939M) 3496.664ms
[415.339s][info][gc,metaspace] GC(127) Metaspace: 101149K(115072K)->101149K(115072K) NonClass: 72464K(78464K)->72464K(78464K) Class: 28685K(36608K)->28685K(36608K)
[415.339s][info][gc          ] GC(127) Pause Full (System.gc()) 800M->800M(5939M) 3444.353ms
[418.836s][info][gc,metaspace] GC(128) Metaspace: 101149K(115072K)->101149K(115072K) NonClass: 72464K(78464K)->72464K(78464K) Class: 28685K(36608K)->28685K(36608K)
[418.836s][info][gc          ] GC(128) Pause Full (System.gc()) 800M->800M(5939M) 3497.253ms
[422.281s][info][gc,metaspace] GC(129) Metaspace: 101149K(115072K)->101149K(115072K) NonClass: 72464K(78464K)->72464K(78464K) Class: 28685K(36608K)->28685K(36608K)
[422.281s][info][gc          ] GC(129) Pause Full (System.gc()) 800M->800M(5939M) 3444.929ms
[425.777s][info][gc,metaspace] GC(130) Metaspace: 101149K(115072K)->101149K(115072K) NonClass: 72464K(78464K)->72464K(78464K) Class: 28685K(36608K)->28685K(36608K)
[425.777s][info][gc          ] GC(130) Pause Full (System.gc()) 800M->800M(5939M) 3495.009ms
[429.218s][info][gc,metaspace] GC(131) Metaspace: 101149K(115072K)->101149K(115072K) NonClass: 72464K(78464K)->72464K(78464K) Class: 28685K(36608K)->28685K(36608K)
[429.218s][info][gc          ] GC(131) Pause Full (System.gc()) 800M->800M(5939M) 3441.263ms
[432.716s][info][gc,metaspace] GC(132) Metaspace: 101149K(115072K)->101149K(115072K) NonClass: 72464K(78464K)->72464K(78464K) Class: 28685K(36608K)->28685K(36608K)
[432.716s][info][gc          ] GC(132) Pause Full (System.gc()) 800M->800M(5939M) 3498.111ms
[436.163s][info][gc,metaspace] GC(133) Metaspace: 101149K(115072K)->101149K(115072K) NonClass: 72464K(78464K)->72464K(78464K) Class: 28685K(36608K)->28685K(36608K)
[436.163s][info][gc          ] GC(133) Pause Full (System.gc()) 800M->800M(5939M) 3446.407ms
[439.657s][info][gc,metaspace] GC(134) Metaspace: 101149K(115072K)->101149K(115072K) NonClass: 72464K(78464K)->72464K(78464K) Class: 28685K(36608K)->28685K(36608K)
[439.657s][info][gc          ] GC(134) Pause Full (System.gc()) 800M->800M(5939M) 3494.067ms
[443.105s][info][gc,metaspace] GC(135) Metaspace: 101149K(115072K)->101149K(115072K) NonClass: 72464K(78464K)->72464K(78464K) Class: 28685K(36608K)->28685K(36608K)
[443.105s][info][gc          ] GC(135) Pause Full (System.gc()) 810M->800M(5939M) 3447.165ms
[446.609s][info][gc,metaspace] GC(136) Metaspace: 101149K(115072K)->101149K(115072K) NonClass: 72464K(78464K)->72464K(78464K) Class: 28685K(36608K)->28685K(36608K)
[446.609s][info][gc          ] GC(136) Pause Full (System.gc()) 800M->800M(5939M) 3503.553ms
[450.054s][info][gc,metaspace] GC(137) Metaspace: 101149K(115072K)->101149K(115072K) NonClass: 72464K(78464K)->72464K(78464K) Class: 28685K(36608K)->28685K(36608K)
[450.054s][info][gc          ] GC(137) Pause Full (System.gc()) 800M->800M(5939M) 3444.819ms
After GCs... 
