Done; will start GCs... 
[104.891s][info][gc,metaspace] GC(38) Metaspace: 101149K(115072K)->101149K(115072K) NonClass: 72464K(78464K)->72464K(78464K) Class: 28685K(36608K)->28685K(36608K)
[104.891s][info][gc          ] GC(38) Pause Full (System.gc()) 831M->801M(5939M) 4688.688ms
[109.264s][info][gc,metaspace] GC(39) Metaspace: 101149K(115072K)->101149K(115072K) NonClass: 72464K(78464K)->72464K(78464K) Class: 28685K(36608K)->28685K(36608K)
[109.264s][info][gc          ] GC(39) Pause Full (System.gc()) 801M->800M(5939M) 4372.584ms
[112.760s][info][gc,metaspace] GC(40) Metaspace: 101149K(115072K)->101149K(115072K) NonClass: 72464K(78464K)->72464K(78464K) Class: 28685K(36608K)->28685K(36608K)
[112.760s][info][gc          ] GC(40) Pause Full (System.gc()) 800M->800M(5939M) 3495.908ms
[116.206s][info][gc,metaspace] GC(41) Metaspace: 101149K(115072K)->101149K(115072K) NonClass: 72464K(78464K)->72464K(78464K) Class: 28685K(36608K)->28685K(36608K)
[116.207s][info][gc          ] GC(41) Pause Full (System.gc()) 800M->800M(5939M) 3446.077ms
[119.703s][info][gc,metaspace] GC(42) Metaspace: 101149K(115072K)->101149K(115072K) NonClass: 72464K(78464K)->72464K(78464K) Class: 28685K(36608K)->28685K(36608K)
[119.703s][info][gc          ] GC(42) Pause Full (System.gc()) 800M->800M(5939M) 3495.799ms
[123.147s][info][gc,metaspace] GC(43) Metaspace: 101149K(115072K)->101149K(115072K) NonClass: 72464K(78464K)->72464K(78464K) Class: 28685K(36608K)->28685K(36608K)
[123.147s][info][gc          ] GC(43) Pause Full (System.gc()) 800M->800M(5939M) 3444.159ms
[126.645s][info][gc,metaspace] GC(44) Metaspace: 101149K(115072K)->101149K(115072K) NonClass: 72464K(78464K)->72464K(78464K) Class: 28685K(36608K)->28685K(36608K)
[126.645s][info][gc          ] GC(44) Pause Full (System.gc()) 800M->800M(5939M) 3498.279ms
[130.092s][info][gc,metaspace] GC(45) Metaspace: 101149K(115072K)->101149K(115072K) NonClass: 72464K(78464K)->72464K(78464K) Class: 28685K(36608K)->28685K(36608K)
[130.092s][info][gc          ] GC(45) Pause Full (System.gc()) 810M->800M(5939M) 3445.915ms
[133.587s][info][gc,metaspace] GC(46) Metaspace: 101149K(115072K)->101149K(115072K) NonClass: 72464K(78464K)->72464K(78464K) Class: 28685K(36608K)->28685K(36608K)
[133.587s][info][gc          ] GC(46) Pause Full (System.gc()) 800M->800M(5939M) 3495.217ms
[137.586s][info][gc,metaspace] GC(47) Metaspace: 101149K(115072K)->101149K(115072K) NonClass: 72464K(78464K)->72464K(78464K) Class: 28685K(36608K)->28685K(36608K)
[137.586s][info][gc          ] GC(47) Pause Full (System.gc()) 800M->800M(5939M) 3998.602ms
[141.035s][info][gc,metaspace] GC(48) Metaspace: 101149K(115072K)->101149K(115072K) NonClass: 72464K(78464K)->72464K(78464K) Class: 28685K(36608K)->28685K(36608K)
[141.035s][info][gc          ] GC(48) Pause Full (System.gc()) 800M->800M(5939M) 3448.318ms
[144.534s][info][gc,metaspace] GC(49) Metaspace: 101149K(115072K)->101149K(115072K) NonClass: 72464K(78464K)->72464K(78464K) Class: 28685K(36608K)->28685K(36608K)
[144.534s][info][gc          ] GC(49) Pause Full (System.gc()) 800M->800M(5939M) 3499.023ms
[147.990s][info][gc,metaspace] GC(50) Metaspace: 101149K(115072K)->101149K(115072K) NonClass: 72464K(78464K)->72464K(78464K) Class: 28685K(36608K)->28685K(36608K)
[147.990s][info][gc          ] GC(50) Pause Full (System.gc()) 800M->800M(5939M) 3455.805ms
[151.486s][info][gc,metaspace] GC(51) Metaspace: 101149K(115072K)->101149K(115072K) NonClass: 72464K(78464K)->72464K(78464K) Class: 28685K(36608K)->28685K(36608K)
[151.486s][info][gc          ] GC(51) Pause Full (System.gc()) 800M->800M(5939M) 3495.909ms
[154.935s][info][gc,metaspace] GC(52) Metaspace: 101149K(115072K)->101149K(115072K) NonClass: 72464K(78464K)->72464K(78464K) Class: 28685K(36608K)->28685K(36608K)
[154.935s][info][gc          ] GC(52) Pause Full (System.gc()) 800M->800M(5939M) 3448.762ms
[158.382s][info][gc,metaspace] GC(53) Metaspace: 101149K(115072K)->101149K(115072K) NonClass: 72464K(78464K)->72464K(78464K) Class: 28685K(36608K)->28685K(36608K)
[158.382s][info][gc          ] GC(53) Pause Full (System.gc()) 800M->800M(5939M) 3446.677ms
[161.877s][info][gc,metaspace] GC(54) Metaspace: 101149K(115072K)->101149K(115072K) NonClass: 72464K(78464K)->72464K(78464K) Class: 28685K(36608K)->28685K(36608K)
[161.877s][info][gc          ] GC(54) Pause Full (System.gc()) 800M->800M(5939M) 3494.636ms
[165.329s][info][gc,metaspace] GC(55) Metaspace: 101149K(115072K)->101149K(115072K) NonClass: 72464K(78464K)->72464K(78464K) Class: 28685K(36608K)->28685K(36608K)
[165.329s][info][gc          ] GC(55) Pause Full (System.gc()) 800M->800M(5939M) 3451.942ms
[168.823s][info][gc,metaspace] GC(56) Metaspace: 101149K(115072K)->101149K(115072K) NonClass: 72464K(78464K)->72464K(78464K) Class: 28685K(36608K)->28685K(36608K)
[168.823s][info][gc          ] GC(56) Pause Full (System.gc()) 800M->800M(5939M) 3493.804ms
[172.274s][info][gc,metaspace] GC(57) Metaspace: 101149K(115072K)->101149K(115072K) NonClass: 72464K(78464K)->72464K(78464K) Class: 28685K(36608K)->28685K(36608K)
[172.274s][info][gc          ] GC(57) Pause Full (System.gc()) 800M->800M(5939M) 3451.199ms
[175.768s][info][gc,metaspace] GC(58) Metaspace: 101149K(115072K)->101149K(115072K) NonClass: 72464K(78464K)->72464K(78464K) Class: 28685K(36608K)->28685K(36608K)
[175.769s][info][gc          ] GC(58) Pause Full (System.gc()) 800M->800M(5939M) 3493.785ms
[179.219s][info][gc,metaspace] GC(59) Metaspace: 101149K(115072K)->101149K(115072K) NonClass: 72464K(78464K)->72464K(78464K) Class: 28685K(36608K)->28685K(36608K)
[179.219s][info][gc          ] GC(59) Pause Full (System.gc()) 800M->800M(5939M) 3450.324ms
[182.856s][info][gc,metaspace] GC(60) Metaspace: 101149K(115072K)->101149K(115072K) NonClass: 72464K(78464K)->72464K(78464K) Class: 28685K(36608K)->28685K(36608K)
[182.856s][info][gc          ] GC(60) Pause Full (System.gc()) 800M->800M(5939M) 3636.503ms
[186.306s][info][gc,metaspace] GC(61) Metaspace: 101149K(115072K)->101149K(115072K) NonClass: 72464K(78464K)->72464K(78464K) Class: 28685K(36608K)->28685K(36608K)
[186.306s][info][gc          ] GC(61) Pause Full (System.gc()) 800M->800M(5939M) 3449.979ms
[189.806s][info][gc,metaspace] GC(62) Metaspace: 101149K(115072K)->101149K(115072K) NonClass: 72464K(78464K)->72464K(78464K) Class: 28685K(36608K)->28685K(36608K)
[189.807s][info][gc          ] GC(62) Pause Full (System.gc()) 800M->800M(5939M) 3500.182ms
[193.253s][info][gc,metaspace] GC(63) Metaspace: 101149K(115072K)->101149K(115072K) NonClass: 72464K(78464K)->72464K(78464K) Class: 28685K(36608K)->28685K(36608K)
[193.253s][info][gc          ] GC(63) Pause Full (System.gc()) 810M->800M(5939M) 3446.651ms
[196.751s][info][gc,metaspace] GC(64) Metaspace: 101149K(115072K)->101149K(115072K) NonClass: 72464K(78464K)->72464K(78464K) Class: 28685K(36608K)->28685K(36608K)
[196.751s][info][gc          ] GC(64) Pause Full (System.gc()) 800M->800M(5939M) 3497.320ms
[200.199s][info][gc,metaspace] GC(65) Metaspace: 101149K(115072K)->101149K(115072K) NonClass: 72464K(78464K)->72464K(78464K) Class: 28685K(36608K)->28685K(36608K)
[200.199s][info][gc          ] GC(65) Pause Full (System.gc()) 800M->800M(5939M) 3447.401ms
[203.700s][info][gc,metaspace] GC(66) Metaspace: 101149K(115072K)->101149K(115072K) NonClass: 72464K(78464K)->72464K(78464K) Class: 28685K(36608K)->28685K(36608K)
[203.700s][info][gc          ] GC(66) Pause Full (System.gc()) 800M->800M(5939M) 3501.041ms
[207.144s][info][gc,metaspace] GC(67) Metaspace: 101149K(115072K)->101149K(115072K) NonClass: 72464K(78464K)->72464K(78464K) Class: 28685K(36608K)->28685K(36608K)
[207.144s][info][gc          ] GC(67) Pause Full (System.gc()) 800M->800M(5939M) 3443.406ms
[210.642s][info][gc,metaspace] GC(68) Metaspace: 101149K(115072K)->101149K(115072K) NonClass: 72464K(78464K)->72464K(78464K) Class: 28685K(36608K)->28685K(36608K)
[210.642s][info][gc          ] GC(68) Pause Full (System.gc()) 800M->800M(5939M) 3498.295ms
[214.091s][info][gc,metaspace] GC(69) Metaspace: 101149K(115072K)->101149K(115072K) NonClass: 72464K(78464K)->72464K(78464K) Class: 28685K(36608K)->28685K(36608K)
[214.091s][info][gc          ] GC(69) Pause Full (System.gc()) 800M->800M(5939M) 3448.505ms
[217.586s][info][gc,metaspace] GC(70) Metaspace: 101149K(115072K)->101149K(115072K) NonClass: 72464K(78464K)->72464K(78464K) Class: 28685K(36608K)->28685K(36608K)
[217.586s][info][gc          ] GC(70) Pause Full (System.gc()) 800M->800M(5939M) 3494.582ms
[221.032s][info][gc,metaspace] GC(71) Metaspace: 101149K(115072K)->101149K(115072K) NonClass: 72464K(78464K)->72464K(78464K) Class: 28685K(36608K)->28685K(36608K)
[221.032s][info][gc          ] GC(71) Pause Full (System.gc()) 800M->800M(5939M) 3446.364ms
[224.526s][info][gc,metaspace] GC(72) Metaspace: 101149K(115072K)->101149K(115072K) NonClass: 72464K(78464K)->72464K(78464K) Class: 28685K(36608K)->28685K(36608K)
[224.526s][info][gc          ] GC(72) Pause Full (System.gc()) 800M->800M(5939M) 3493.069ms
[227.969s][info][gc,metaspace] GC(73) Metaspace: 101149K(115072K)->101149K(115072K) NonClass: 72464K(78464K)->72464K(78464K) Class: 28685K(36608K)->28685K(36608K)
[227.969s][info][gc          ] GC(73) Pause Full (System.gc()) 800M->800M(5939M) 3442.960ms
[231.417s][info][gc,metaspace] GC(74) Metaspace: 101149K(115072K)->101149K(115072K) NonClass: 72464K(78464K)->72464K(78464K) Class: 28685K(36608K)->28685K(36608K)
[231.417s][info][gc          ] GC(74) Pause Full (System.gc()) 800M->800M(5939M) 3447.340ms
[234.915s][info][gc,metaspace] GC(75) Metaspace: 101149K(115072K)->101149K(115072K) NonClass: 72464K(78464K)->72464K(78464K) Class: 28685K(36608K)->28685K(36608K)
[234.915s][info][gc          ] GC(75) Pause Full (System.gc()) 800M->800M(5939M) 3498.420ms
[238.357s][info][gc,metaspace] GC(76) Metaspace: 101149K(115072K)->101149K(115072K) NonClass: 72464K(78464K)->72464K(78464K) Class: 28685K(36608K)->28685K(36608K)
[238.357s][info][gc          ] GC(76) Pause Full (System.gc()) 800M->800M(5939M) 3441.699ms
[241.854s][info][gc,metaspace] GC(77) Metaspace: 101149K(115072K)->101149K(115072K) NonClass: 72464K(78464K)->72464K(78464K) Class: 28685K(36608K)->28685K(36608K)
[241.854s][info][gc          ] GC(77) Pause Full (System.gc()) 800M->800M(5939M) 3496.762ms
[245.300s][info][gc,metaspace] GC(78) Metaspace: 101149K(115072K)->101149K(115072K) NonClass: 72464K(78464K)->72464K(78464K) Class: 28685K(36608K)->28685K(36608K)
[245.300s][info][gc          ] GC(78) Pause Full (System.gc()) 800M->800M(5939M) 3445.853ms
[248.797s][info][gc,metaspace] GC(79) Metaspace: 101149K(115072K)->101149K(115072K) NonClass: 72464K(78464K)->72464K(78464K) Class: 28685K(36608K)->28685K(36608K)
[248.797s][info][gc          ] GC(79) Pause Full (System.gc()) 800M->800M(5939M) 3496.257ms
[252.242s][info][gc,metaspace] GC(80) Metaspace: 101149K(115072K)->101149K(115072K) NonClass: 72464K(78464K)->72464K(78464K) Class: 28685K(36608K)->28685K(36608K)
[252.242s][info][gc          ] GC(80) Pause Full (System.gc()) 800M->800M(5939M) 3444.822ms
[255.740s][info][gc,metaspace] GC(81) Metaspace: 101149K(115072K)->101149K(115072K) NonClass: 72464K(78464K)->72464K(78464K) Class: 28685K(36608K)->28685K(36608K)
[255.740s][info][gc          ] GC(81) Pause Full (System.gc()) 810M->800M(5939M) 3497.455ms
[259.183s][info][gc,metaspace] GC(82) Metaspace: 101149K(115072K)->101149K(115072K) NonClass: 72464K(78464K)->72464K(78464K) Class: 28685K(36608K)->28685K(36608K)
[259.183s][info][gc          ] GC(82) Pause Full (System.gc()) 800M->800M(5939M) 3442.871ms
[262.684s][info][gc,metaspace] GC(83) Metaspace: 101149K(115072K)->101149K(115072K) NonClass: 72464K(78464K)->72464K(78464K) Class: 28685K(36608K)->28685K(36608K)
[262.684s][info][gc          ] GC(83) Pause Full (System.gc()) 800M->800M(5939M) 3500.627ms
[266.132s][info][gc,metaspace] GC(84) Metaspace: 101149K(115072K)->101149K(115072K) NonClass: 72464K(78464K)->72464K(78464K) Class: 28685K(36608K)->28685K(36608K)
[266.132s][info][gc          ] GC(84) Pause Full (System.gc()) 800M->800M(5939M) 3447.613ms
[269.628s][info][gc,metaspace] GC(85) Metaspace: 101149K(115072K)->101149K(115072K) NonClass: 72464K(78464K)->72464K(78464K) Class: 28685K(36608K)->28685K(36608K)
[269.628s][info][gc          ] GC(85) Pause Full (System.gc()) 800M->800M(5939M) 3496.550ms
[273.078s][info][gc,metaspace] GC(86) Metaspace: 101149K(115072K)->101149K(115072K) NonClass: 72464K(78464K)->72464K(78464K) Class: 28685K(36608K)->28685K(36608K)
[273.078s][info][gc          ] GC(86) Pause Full (System.gc()) 800M->800M(5939M) 3449.531ms
[276.576s][info][gc,metaspace] GC(87) Metaspace: 101149K(115072K)->101149K(115072K) NonClass: 72464K(78464K)->72464K(78464K) Class: 28685K(36608K)->28685K(36608K)
[276.576s][info][gc          ] GC(87) Pause Full (System.gc()) 800M->800M(5939M) 3497.774ms
[280.020s][info][gc,metaspace] GC(88) Metaspace: 101149K(115072K)->101149K(115072K) NonClass: 72464K(78464K)->72464K(78464K) Class: 28685K(36608K)->28685K(36608K)
[280.021s][info][gc          ] GC(88) Pause Full (System.gc()) 800M->800M(5939M) 3444.059ms
[283.517s][info][gc,metaspace] GC(89) Metaspace: 101149K(115072K)->101149K(115072K) NonClass: 72464K(78464K)->72464K(78464K) Class: 28685K(36608K)->28685K(36608K)
[283.517s][info][gc          ] GC(89) Pause Full (System.gc()) 800M->800M(5939M) 3496.627ms
[286.962s][info][gc,metaspace] GC(90) Metaspace: 101149K(115072K)->101149K(115072K) NonClass: 72464K(78464K)->72464K(78464K) Class: 28685K(36608K)->28685K(36608K)
[286.962s][info][gc          ] GC(90) Pause Full (System.gc()) 800M->800M(5939M) 3444.343ms
[290.412s][info][gc,metaspace] GC(91) Metaspace: 101149K(115072K)->101149K(115072K) NonClass: 72464K(78464K)->72464K(78464K) Class: 28685K(36608K)->28685K(36608K)
[290.412s][info][gc          ] GC(91) Pause Full (System.gc()) 800M->800M(5939M) 3449.809ms
[293.909s][info][gc,metaspace] GC(92) Metaspace: 101149K(115072K)->101149K(115072K) NonClass: 72464K(78464K)->72464K(78464K) Class: 28685K(36608K)->28685K(36608K)
[293.909s][info][gc          ] GC(92) Pause Full (System.gc()) 800M->800M(5939M) 3496.474ms
[297.354s][info][gc,metaspace] GC(93) Metaspace: 101149K(115072K)->101149K(115072K) NonClass: 72464K(78464K)->72464K(78464K) Class: 28685K(36608K)->28685K(36608K)
[297.354s][info][gc          ] GC(93) Pause Full (System.gc()) 800M->800M(5939M) 3445.318ms
[300.849s][info][gc,metaspace] GC(94) Metaspace: 101149K(115072K)->101149K(115072K) NonClass: 72464K(78464K)->72464K(78464K) Class: 28685K(36608K)->28685K(36608K)
[300.849s][info][gc          ] GC(94) Pause Full (System.gc()) 800M->800M(5939M) 3494.194ms
[304.293s][info][gc,metaspace] GC(95) Metaspace: 101149K(115072K)->101149K(115072K) NonClass: 72464K(78464K)->72464K(78464K) Class: 28685K(36608K)->28685K(36608K)
[304.293s][info][gc          ] GC(95) Pause Full (System.gc()) 800M->800M(5939M) 3443.873ms
[307.790s][info][gc,metaspace] GC(96) Metaspace: 101149K(115072K)->101149K(115072K) NonClass: 72464K(78464K)->72464K(78464K) Class: 28685K(36608K)->28685K(36608K)
[307.790s][info][gc          ] GC(96) Pause Full (System.gc()) 800M->800M(5939M) 3496.804ms
[311.233s][info][gc,metaspace] GC(97) Metaspace: 101149K(115072K)->101149K(115072K) NonClass: 72464K(78464K)->72464K(78464K) Class: 28685K(36608K)->28685K(36608K)
[311.233s][info][gc          ] GC(97) Pause Full (System.gc()) 800M->800M(5939M) 3443.168ms
[314.728s][info][gc,metaspace] GC(98) Metaspace: 101149K(115072K)->101149K(115072K) NonClass: 72464K(78464K)->72464K(78464K) Class: 28685K(36608K)->28685K(36608K)
[314.728s][info][gc          ] GC(98) Pause Full (System.gc()) 800M->800M(5939M) 3494.663ms
[318.173s][info][gc,metaspace] GC(99) Metaspace: 101149K(115072K)->101149K(115072K) NonClass: 72464K(78464K)->72464K(78464K) Class: 28685K(36608K)->28685K(36608K)
[318.173s][info][gc          ] GC(99) Pause Full (System.gc()) 810M->800M(5939M) 3444.459ms
[321.672s][info][gc,metaspace] GC(100) Metaspace: 101149K(115072K)->101149K(115072K) NonClass: 72464K(78464K)->72464K(78464K) Class: 28685K(36608K)->28685K(36608K)
[321.672s][info][gc          ] GC(100) Pause Full (System.gc()) 800M->800M(5939M) 3498.200ms
[325.131s][info][gc,metaspace] GC(101) Metaspace: 101149K(115072K)->101149K(115072K) NonClass: 72464K(78464K)->72464K(78464K) Class: 28685K(36608K)->28685K(36608K)
[325.131s][info][gc          ] GC(101) Pause Full (System.gc()) 800M->800M(5939M) 3459.565ms
[328.629s][info][gc,metaspace] GC(102) Metaspace: 101149K(115072K)->101149K(115072K) NonClass: 72464K(78464K)->72464K(78464K) Class: 28685K(36608K)->28685K(36608K)
[328.629s][info][gc          ] GC(102) Pause Full (System.gc()) 800M->800M(5939M) 3497.091ms
[332.083s][info][gc,metaspace] GC(103) Metaspace: 101149K(115072K)->101149K(115072K) NonClass: 72464K(78464K)->72464K(78464K) Class: 28685K(36608K)->28685K(36608K)
[332.083s][info][gc          ] GC(103) Pause Full (System.gc()) 800M->800M(5939M) 3453.869ms
[335.571s][info][gc,metaspace] GC(104) Metaspace: 101149K(115072K)->101149K(115072K) NonClass: 72464K(78464K)->72464K(78464K) Class: 28685K(36608K)->28685K(36608K)
[335.571s][info][gc          ] GC(104) Pause Full (System.gc()) 800M->800M(5939M) 3488.506ms
[339.021s][info][gc,metaspace] GC(105) Metaspace: 101149K(115072K)->101149K(115072K) NonClass: 72464K(78464K)->72464K(78464K) Class: 28685K(36608K)->28685K(36608K)
[339.021s][info][gc          ] GC(105) Pause Full (System.gc()) 800M->800M(5939M) 3449.080ms
[342.513s][info][gc,metaspace] GC(106) Metaspace: 101149K(115072K)->101149K(115072K) NonClass: 72464K(78464K)->72464K(78464K) Class: 28685K(36608K)->28685K(36608K)
[342.513s][info][gc          ] GC(106) Pause Full (System.gc()) 800M->800M(5939M) 3492.315ms
[345.957s][info][gc,metaspace] GC(107) Metaspace: 101149K(115072K)->101149K(115072K) NonClass: 72464K(78464K)->72464K(78464K) Class: 28685K(36608K)->28685K(36608K)
[345.957s][info][gc          ] GC(107) Pause Full (System.gc()) 800M->800M(5939M) 3443.092ms
[349.406s][info][gc,metaspace] GC(108) Metaspace: 101149K(115072K)->101149K(115072K) NonClass: 72464K(78464K)->72464K(78464K) Class: 28685K(36608K)->28685K(36608K)
[349.406s][info][gc          ] GC(108) Pause Full (System.gc()) 800M->800M(5939M) 3449.581ms
[352.898s][info][gc,metaspace] GC(109) Metaspace: 101149K(115072K)->101149K(115072K) NonClass: 72464K(78464K)->72464K(78464K) Class: 28685K(36608K)->28685K(36608K)
[352.898s][info][gc          ] GC(109) Pause Full (System.gc()) 800M->800M(5939M) 3491.009ms
[356.347s][info][gc,metaspace] GC(110) Metaspace: 101149K(115072K)->101149K(115072K) NonClass: 72464K(78464K)->72464K(78464K) Class: 28685K(36608K)->28685K(36608K)
[356.347s][info][gc          ] GC(110) Pause Full (System.gc()) 800M->800M(5939M) 3448.587ms
[359.839s][info][gc,metaspace] GC(111) Metaspace: 101149K(115072K)->101149K(115072K) NonClass: 72464K(78464K)->72464K(78464K) Class: 28685K(36608K)->28685K(36608K)
[359.839s][info][gc          ] GC(111) Pause Full (System.gc()) 800M->800M(5939M) 3492.545ms
[363.282s][info][gc,metaspace] GC(112) Metaspace: 101149K(115072K)->101149K(115072K) NonClass: 72464K(78464K)->72464K(78464K) Class: 28685K(36608K)->28685K(36608K)
[363.282s][info][gc          ] GC(112) Pause Full (System.gc()) 800M->800M(5939M) 3442.731ms
[366.782s][info][gc,metaspace] GC(113) Metaspace: 101149K(115072K)->101149K(115072K) NonClass: 72464K(78464K)->72464K(78464K) Class: 28685K(36608K)->28685K(36608K)
[366.782s][info][gc          ] GC(113) Pause Full (System.gc()) 800M->800M(5939M) 3500.089ms
[370.232s][info][gc,metaspace] GC(114) Metaspace: 101149K(115072K)->101149K(115072K) NonClass: 72464K(78464K)->72464K(78464K) Class: 28685K(36608K)->28685K(36608K)
[370.232s][info][gc          ] GC(114) Pause Full (System.gc()) 800M->800M(5939M) 3448.996ms
[373.724s][info][gc,metaspace] GC(115) Metaspace: 101149K(115072K)->101149K(115072K) NonClass: 72464K(78464K)->72464K(78464K) Class: 28685K(36608K)->28685K(36608K)
[373.724s][info][gc          ] GC(115) Pause Full (System.gc()) 800M->800M(5939M) 3492.530ms
[377.176s][info][gc,metaspace] GC(116) Metaspace: 101149K(115072K)->101149K(115072K) NonClass: 72464K(78464K)->72464K(78464K) Class: 28685K(36608K)->28685K(36608K)
[377.176s][info][gc          ] GC(116) Pause Full (System.gc()) 800M->800M(5939M) 3450.815ms
[380.676s][info][gc,metaspace] GC(117) Metaspace: 101149K(115072K)->101149K(115072K) NonClass: 72464K(78464K)->72464K(78464K) Class: 28685K(36608K)->28685K(36608K)
[380.676s][info][gc          ] GC(117) Pause Full (System.gc()) 810M->800M(5939M) 3499.829ms
[384.123s][info][gc,metaspace] GC(118) Metaspace: 101149K(115072K)->101149K(115072K) NonClass: 72464K(78464K)->72464K(78464K) Class: 28685K(36608K)->28685K(36608K)
[384.123s][info][gc          ] GC(118) Pause Full (System.gc()) 800M->800M(5939M) 3446.605ms
[387.620s][info][gc,metaspace] GC(119) Metaspace: 101149K(115072K)->101149K(115072K) NonClass: 72464K(78464K)->72464K(78464K) Class: 28685K(36608K)->28685K(36608K)
[387.620s][info][gc          ] GC(119) Pause Full (System.gc()) 800M->800M(5939M) 3496.815ms
[391.065s][info][gc,metaspace] GC(120) Metaspace: 101149K(115072K)->101149K(115072K) NonClass: 72464K(78464K)->72464K(78464K) Class: 28685K(36608K)->28685K(36608K)
[391.065s][info][gc          ] GC(120) Pause Full (System.gc()) 800M->800M(5939M) 3445.008ms
[394.559s][info][gc,metaspace] GC(121) Metaspace: 101149K(115072K)->101149K(115072K) NonClass: 72464K(78464K)->72464K(78464K) Class: 28685K(36608K)->28685K(36608K)
[394.559s][info][gc          ] GC(121) Pause Full (System.gc()) 800M->800M(5939M) 3494.184ms
[398.007s][info][gc,metaspace] GC(122) Metaspace: 101149K(115072K)->101149K(115072K) NonClass: 72464K(78464K)->72464K(78464K) Class: 28685K(36608K)->28685K(36608K)
[398.007s][info][gc          ] GC(122) Pause Full (System.gc()) 800M->800M(5939M) 3447.423ms
[401.505s][info][gc,metaspace] GC(123) Metaspace: 101149K(115072K)->101149K(115072K) NonClass: 72464K(78464K)->72464K(78464K) Class: 28685K(36608K)->28685K(36608K)
[401.505s][info][gc          ] GC(123) Pause Full (System.gc()) 800M->800M(5939M) 3497.506ms
[404.950s][info][gc,metaspace] GC(124) Metaspace: 101149K(115072K)->101149K(115072K) NonClass: 72464K(78464K)->72464K(78464K) Class: 28685K(36608K)->28685K(36608K)
[404.950s][info][gc          ] GC(124) Pause Full (System.gc()) 800M->800M(5939M) 3444.849ms
[408.397s][info][gc,metaspace] GC(125) Metaspace: 101149K(115072K)->101149K(115072K) NonClass: 72464K(78464K)->72464K(78464K) Class: 28685K(36608K)->28685K(36608K)
[408.397s][info][gc          ] GC(125) Pause Full (System.gc()) 800M->800M(5939M) 3447.198ms
[411.894s][info][gc,metaspace] GC(126) Metaspace: 101149K(115072K)->101149K(115072K) NonClass: 72464K(78464K)->72464K(78464K) Class: 28685K(36608K)->28685K(36608K)
[411.894s][info][gc          ] GC(126) Pause Full (System.gc()) 800M->800M(5939M) 3496.664ms
[415.339s][info][gc,metaspace] GC(127) Metaspace: 101149K(115072K)->101149K(115072K) NonClass: 72464K(78464K)->72464K(78464K) Class: 28685K(36608K)->28685K(36608K)
[415.339s][info][gc          ] GC(127) Pause Full (System.gc()) 800M->800M(5939M) 3444.353ms
[418.836s][info][gc,metaspace] GC(128) Metaspace: 101149K(115072K)->101149K(115072K) NonClass: 72464K(78464K)->72464K(78464K) Class: 28685K(36608K)->28685K(36608K)
[418.836s][info][gc          ] GC(128) Pause Full (System.gc()) 800M->800M(5939M) 3497.253ms
[422.281s][info][gc,metaspace] GC(129) Metaspace: 101149K(115072K)->101149K(115072K) NonClass: 72464K(78464K)->72464K(78464K) Class: 28685K(36608K)->28685K(36608K)
[422.281s][info][gc          ] GC(129) Pause Full (System.gc()) 800M->800M(5939M) 3444.929ms
[425.777s][info][gc,metaspace] GC(130) Metaspace: 101149K(115072K)->101149K(115072K) NonClass: 72464K(78464K)->72464K(78464K) Class: 28685K(36608K)->28685K(36608K)
[425.777s][info][gc          ] GC(130) Pause Full (System.gc()) 800M->800M(5939M) 3495.009ms
[429.218s][info][gc,metaspace] GC(131) Metaspace: 101149K(115072K)->101149K(115072K) NonClass: 72464K(78464K)->72464K(78464K) Class: 28685K(36608K)->28685K(36608K)
[429.218s][info][gc          ] GC(131) Pause Full (System.gc()) 800M->800M(5939M) 3441.263ms
[432.716s][info][gc,metaspace] GC(132) Metaspace: 101149K(115072K)->101149K(115072K) NonClass: 72464K(78464K)->72464K(78464K) Class: 28685K(36608K)->28685K(36608K)
[432.716s][info][gc          ] GC(132) Pause Full (System.gc()) 800M->800M(5939M) 3498.111ms
[436.163s][info][gc,metaspace] GC(133) Metaspace: 101149K(115072K)->101149K(115072K) NonClass: 72464K(78464K)->72464K(78464K) Class: 28685K(36608K)->28685K(36608K)
[436.163s][info][gc          ] GC(133) Pause Full (System.gc()) 800M->800M(5939M) 3446.407ms
[439.657s][info][gc,metaspace] GC(134) Metaspace: 101149K(115072K)->101149K(115072K) NonClass: 72464K(78464K)->72464K(78464K) Class: 28685K(36608K)->28685K(36608K)
[439.657s][info][gc          ] GC(134) Pause Full (System.gc()) 800M->800M(5939M) 3494.067ms
[443.105s][info][gc,metaspace] GC(135) Metaspace: 101149K(115072K)->101149K(115072K) NonClass: 72464K(78464K)->72464K(78464K) Class: 28685K(36608K)->28685K(36608K)
[443.105s][info][gc          ] GC(135) Pause Full (System.gc()) 810M->800M(5939M) 3447.165ms
[446.609s][info][gc,metaspace] GC(136) Metaspace: 101149K(115072K)->101149K(115072K) NonClass: 72464K(78464K)->72464K(78464K) Class: 28685K(36608K)->28685K(36608K)
[446.609s][info][gc          ] GC(136) Pause Full (System.gc()) 800M->800M(5939M) 3503.553ms
[450.054s][info][gc,metaspace] GC(137) Metaspace: 101149K(115072K)->101149K(115072K) NonClass: 72464K(78464K)->72464K(78464K) Class: 28685K(36608K)->28685K(36608K)
[450.054s][info][gc          ] GC(137) Pause Full (System.gc()) 800M->800M(5939M) 3444.819ms
After GCs... 
