[0.001s][info][metaspace]  - commit_granule_bytes: 65536.
[0.001s][info][metaspace]  - commit_granule_words: 8192.
[0.001s][info][metaspace]  - virtual_space_node_default_size: 8388608.
[0.001s][info][metaspace]  - enlarge_chunks_in_place: 1.
[0.001s][info][metaspace]  - use_allocation_guard: 0.
[0.005s][info][gc       ] Using Serial
[1.849s][info][metaspace] Reserving compressed class space anywhere
[1.849s][info][gc,metaspace] CDS archive(s) not mapped
[1.849s][info][gc,metaspace] Compressed class space mapped at: 0x000000001c000000-0x00000000dc000000, reserved size: 3221225472
[1.849s][info][gc,metaspace] UseCompressedClassPointers 1, UseCompactObjectHeaders 1, narrow klass pointer bits 22, max shift 10
[1.849s][info][gc,metaspace] Narrow klass base: 0x000000001c000000, Narrow klass shift: 10, Narrow klass range: 0xc0000000
Num Classes: 16384
Num Objects per Class: 4096
Cycles: 100
Class association: random
Generate 16384 classes...[4.117s][info][gc,metaspace] GC(0) Metaspace: 22582K(22912K)->22582K(22912K) NonClass: 18862K(19072K)->18862K(19072K) Class: 3719K(3840K)->3719K(3840K)
[4.118s][info][gc          ] GC(0) Pause Young (Allocation Failure) 1638M->4M(5939M) 14.960ms
[5.409s][info][gc,metaspace] GC(1) Metaspace: 23381K(23680K)->23381K(23680K) NonClass: 19659K(19840K)->19659K(19840K) Class: 3721K(3840K)->3721K(3840K)
[5.409s][info][gc          ] GC(1) Pause Young (Allocation Failure) 1642M->4M(5939M) 8.226ms
[6.692s][info][gc,metaspace] GC(2) Metaspace: 23429K(23744K)->23429K(23744K) NonClass: 19707K(19904K)->19707K(19904K) Class: 3721K(3840K)->3721K(3840K)
[6.692s][info][gc          ] GC(2) Pause Young (Allocation Failure) 1642M->5M(5939M) 10.462ms
[7.868s][info][gc,metaspace] GC(3) Metaspace: 23513K(23808K)->23513K(23808K) NonClass: 19791K(19968K)->19791K(19968K) Class: 3721K(3840K)->3721K(3840K)
[7.868s][info][gc          ] GC(3) Pause Young (Allocation Failure) 1643M->5M(5939M) 16.701ms
[9.003s][info][gc,metaspace] GC(4) Metaspace: 23605K(23872K)->23605K(23872K) NonClass: 19883K(20032K)->19883K(20032K) Class: 3722K(3840K)->3722K(3840K)
[9.003s][info][gc          ] GC(4) Pause Young (Allocation Failure) 1644M->5M(5939M) 15.956ms
[10.104s][info][gc,metaspace] GC(5) Metaspace: 23682K(23936K)->23682K(23936K) NonClass: 19958K(20096K)->19958K(20096K) Class: 3723K(3840K)->3723K(3840K)
[10.104s][info][gc          ] GC(5) Pause Young (Allocation Failure) 1643M->5M(5939M) 10.351ms
[11.191s][info][gc,metaspace] GC(6) Metaspace: 23682K(23936K)->23682K(23936K) NonClass: 19958K(20096K)->19958K(20096K) Class: 3723K(3840K)->3723K(3840K)
[11.191s][info][gc          ] GC(6) Pause Young (Allocation Failure) 1644M->7M(5939M) 12.124ms
[12.274s][info][gc,metaspace] GC(7) Metaspace: 23682K(23936K)->23682K(23936K) NonClass: 19958K(20096K)->19958K(20096K) Class: 3723K(3840K)->3723K(3840K)
[12.274s][info][gc          ] GC(7) Pause Young (Allocation Failure) 1645M->7M(5939M) 11.936ms
[13.360s][info][gc,metaspace] GC(8) Metaspace: 23682K(23936K)->23682K(23936K) NonClass: 19958K(20096K)->19958K(20096K) Class: 3723K(3840K)->3723K(3840K)
[13.360s][info][gc          ] GC(8) Pause Young (Allocation Failure) 1645M->7M(5939M) 19.188ms
[14.435s][info][gc,metaspace] GC(9) Metaspace: 23682K(23936K)->23682K(23936K) NonClass: 19958K(20096K)->19958K(20096K) Class: 3723K(3840K)->3723K(3840K)
[14.435s][info][gc          ] GC(9) Pause Young (Allocation Failure) 1646M->7M(5939M) 18.982ms
[15.510s][info][gc,metaspace] GC(10) Metaspace: 23682K(23936K)->23682K(23936K) NonClass: 19958K(20096K)->19958K(20096K) Class: 3723K(3840K)->3723K(3840K)
[15.510s][info][gc          ] GC(10) Pause Young (Allocation Failure) 1646M->8M(5939M) 19.050ms
[16.599s][info][gc,metaspace] GC(11) Metaspace: 23682K(23936K)->23682K(23936K) NonClass: 19958K(20096K)->19958K(20096K) Class: 3723K(3840K)->3723K(3840K)
[16.599s][info][gc          ] GC(11) Pause Young (Allocation Failure) 1646M->8M(5939M) 12.142ms
[18.007s][info][gc,metaspace] GC(12) Metaspace: 23682K(23936K)->23682K(23936K) NonClass: 19958K(20096K)->19958K(20096K) Class: 3723K(3840K)->3723K(3840K)
[18.007s][info][gc          ] GC(12) Pause Young (Allocation Failure) 1646M->8M(5939M) 20.393ms
[19.069s][info][gc,metaspace] GC(13) Metaspace: 23682K(23936K)->23682K(23936K) NonClass: 19958K(20096K)->19958K(20096K) Class: 3723K(3840K)->3723K(3840K)
[19.069s][info][gc          ] GC(13) Pause Young (Allocation Failure) 1647M->9M(5939M) 21.661ms
[20.126s][info][gc,metaspace] GC(14) Metaspace: 23682K(23936K)->23682K(23936K) NonClass: 19958K(20096K)->19958K(20096K) Class: 3723K(3840K)->3723K(3840K)
[20.126s][info][gc          ] GC(14) Pause Young (Allocation Failure) 1648M->10M(5939M) 22.334ms
[21.673s][info][gc,metaspace] GC(15) Metaspace: 23682K(23936K)->23682K(23936K) NonClass: 19958K(20096K)->19958K(20096K) Class: 3723K(3840K)->3723K(3840K)
[21.673s][info][gc          ] GC(15) Pause Young (Allocation Failure) 1648M->10M(5939M) 20.434ms
[22.711s][info][gc,metaspace] GC(16) Metaspace: 23682K(23936K)->23682K(23936K) NonClass: 19958K(20096K)->19958K(20096K) Class: 3723K(3840K)->3723K(3840K)
[22.711s][info][gc          ] GC(16) Pause Young (Allocation Failure) 1649M->11M(5939M) 6.096ms
[23.752s][info][gc,metaspace] GC(17) Metaspace: 23682K(23936K)->23682K(23936K) NonClass: 19958K(20096K)->19958K(20096K) Class: 3723K(3840K)->3723K(3840K)
[23.752s][info][gc          ] GC(17) Pause Young (Allocation Failure) 1649M->11M(5939M) 6.128ms
[24.794s][info][gc,metaspace] GC(18) Metaspace: 23682K(23936K)->23682K(23936K) NonClass: 19958K(20096K)->19958K(20096K) Class: 3723K(3840K)->3723K(3840K)
[24.794s][info][gc          ] GC(18) Pause Young (Allocation Failure) 1650M->11M(5939M) 7.380ms
[25.833s][info][gc,metaspace] GC(19) Metaspace: 23682K(23936K)->23682K(23936K) NonClass: 19958K(20096K)->19958K(20096K) Class: 3723K(3840K)->3723K(3840K)
[25.833s][info][gc          ] GC(19) Pause Young (Allocation Failure) 1649M->11M(5939M) 8.063ms
[26.862s][info][gc,metaspace] GC(20) Metaspace: 23682K(23936K)->23682K(23936K) NonClass: 19958K(20096K)->19958K(20096K) Class: 3723K(3840K)->3723K(3840K)
[26.862s][info][gc          ] GC(20) Pause Young (Allocation Failure) 1650M->12M(5939M) 9.101ms
[27.899s][info][gc,metaspace] GC(21) Metaspace: 23682K(23936K)->23682K(23936K) NonClass: 19958K(20096K)->19958K(20096K) Class: 3723K(3840K)->3723K(3840K)
[27.899s][info][gc          ] GC(21) Pause Young (Allocation Failure) 1651M->13M(5939M) 9.297ms
[28.926s][info][gc,metaspace] GC(22) Metaspace: 23682K(23936K)->23682K(23936K) NonClass: 19958K(20096K)->19958K(20096K) Class: 3723K(3840K)->3723K(3840K)
[28.927s][info][gc          ] GC(22) Pause Young (Allocation Failure) 1651M->13M(5939M) 9.525ms
[29.956s][info][gc,metaspace] GC(23) Metaspace: 23682K(23936K)->23682K(23936K) NonClass: 19958K(20096K)->19958K(20096K) Class: 3723K(3840K)->3723K(3840K)
[29.956s][info][gc          ] GC(23) Pause Young (Allocation Failure) 1652M->13M(5939M) 7.525ms
[30.988s][info][gc,metaspace] GC(24) Metaspace: 23682K(23936K)->23682K(23936K) NonClass: 19958K(20096K)->19958K(20096K) Class: 3723K(3840K)->3723K(3840K)
[30.988s][info][gc          ] GC(24) Pause Young (Allocation Failure) 1651M->14M(5939M) 8.309ms
[32.021s][info][gc,metaspace] GC(25) Metaspace: 23682K(23936K)->23682K(23936K) NonClass: 19958K(20096K)->19958K(20096K) Class: 3723K(3840K)->3723K(3840K)
[32.021s][info][gc          ] GC(25) Pause Young (Allocation Failure) 1652M->14M(5939M) 9.088ms
[33.057s][info][gc,metaspace] GC(26) Metaspace: 23682K(23936K)->23682K(23936K) NonClass: 19958K(20096K)->19958K(20096K) Class: 3723K(3840K)->3723K(3840K)
[33.057s][info][gc          ] GC(26) Pause Young (Allocation Failure) 1653M->15M(5939M) 9.526ms
[34.088s][info][gc,metaspace] GC(27) Metaspace: 23682K(23936K)->23682K(23936K) NonClass: 19958K(20096K)->19958K(20096K) Class: 3723K(3840K)->3723K(3840K)
[34.088s][info][gc          ] GC(27) Pause Young (Allocation Failure) 1654M->14M(5939M) 8.033ms
[35.114s][info][gc,metaspace] GC(28) Metaspace: 23682K(23936K)->23682K(23936K) NonClass: 19958K(20096K)->19958K(20096K) Class: 3723K(3840K)->3723K(3840K)
[35.114s][info][gc          ] GC(28) Pause Young (Allocation Failure) 1653M->15M(5939M) 7.968ms
[36.141s][info][gc,metaspace] GC(29) Metaspace: 23682K(23936K)->23682K(23936K) NonClass: 19958K(20096K)->19958K(20096K) Class: 3723K(3840K)->3723K(3840K)
[36.141s][info][gc          ] GC(29) Pause Young (Allocation Failure) 1654M->16M(5939M) 9.131ms
[37.163s][info][gc,metaspace] GC(30) Metaspace: 23682K(23936K)->23682K(23936K) NonClass: 19958K(20096K)->19958K(20096K) Class: 3723K(3840K)->3723K(3840K)
[37.163s][info][gc          ] GC(30) Pause Young (Allocation Failure) 1655M->17M(5939M) 6.101ms
[38.191s][info][gc,metaspace] GC(31) Metaspace: 23682K(23936K)->23682K(23936K) NonClass: 19958K(20096K)->19958K(20096K) Class: 3723K(3840K)->3723K(3840K)
[38.191s][info][gc          ] GC(31) Pause Young (Allocation Failure) 1655M->16M(5939M) 7.721ms
[39.211s][info][gc,metaspace] GC(32) Metaspace: 23682K(23936K)->23682K(23936K) NonClass: 19958K(20096K)->19958K(20096K) Class: 3723K(3840K)->3723K(3840K)
[39.211s][info][gc          ] GC(32) Pause Young (Allocation Failure) 1655M->17M(5939M) 8.766ms
[40.236s][info][gc,metaspace] GC(33) Metaspace: 23682K(23936K)->23682K(23936K) NonClass: 19958K(20096K)->19958K(20096K) Class: 3723K(3840K)->3723K(3840K)
[40.236s][info][gc          ] GC(33) Pause Young (Allocation Failure) 1656M->18M(5939M) 9.555ms
[41.253s][info][gc,metaspace] GC(34) Metaspace: 23682K(23936K)->23682K(23936K) NonClass: 19958K(20096K)->19958K(20096K) Class: 3723K(3840K)->3723K(3840K)
[41.253s][info][gc          ] GC(34) Pause Young (Allocation Failure) 1657M->18M(5939M) 7.686ms
[42.277s][info][gc,metaspace] GC(35) Metaspace: 23682K(23936K)->23682K(23936K) NonClass: 19958K(20096K)->19958K(20096K) Class: 3723K(3840K)->3723K(3840K)
[42.277s][info][gc          ] GC(35) Pause Young (Allocation Failure) 1656M->19M(5939M) 9.087ms

Loading 16384...[43.166s][info][gc,metaspace] GC(36) Metaspace: 48270K(48576K)->48270K(48576K) NonClass: 28163K(28352K)->28163K(28352K) Class: 20107K(20224K)->20107K(20224K)
[43.166s][info][gc          ] GC(36) Pause Full (System.gc()) 838M->20M(5939M) 156.738ms
Creating 4096 objects per class...[52.511s][info][gc,metaspace] GC(37) Metaspace: 92463K(108032K)->92463K(108032K) NonClass: 63777K(71424K)->63777K(71424K) Class: 28685K(36608K)->28685K(36608K)
[52.511s][info][gc          ] GC(37) Pause Full (CodeCache GC Threshold) 892M->340M(5939M) 1437.440ms

Done; will start GCs... 
[109.694s][info][gc,metaspace] GC(38) Metaspace: 101142K(115072K)->101142K(115072K) NonClass: 72456K(78464K)->72456K(78464K) Class: 28685K(36608K)->28685K(36608K)
[109.694s][info][gc          ] GC(38) Pause Full (System.gc()) 835M->801M(5939M) 7968.565ms
[117.285s][info][gc,metaspace] GC(39) Metaspace: 101142K(115072K)->101142K(115072K) NonClass: 72456K(78464K)->72456K(78464K) Class: 28685K(36608K)->28685K(36608K)
[117.285s][info][gc          ] GC(39) Pause Full (System.gc()) 801M->800M(5939M) 7590.242ms
[123.006s][info][gc,metaspace] GC(40) Metaspace: 101142K(115072K)->101142K(115072K) NonClass: 72456K(78464K)->72456K(78464K) Class: 28685K(36608K)->28685K(36608K)
[123.006s][info][gc          ] GC(40) Pause Full (System.gc()) 800M->800M(5939M) 5720.775ms
[128.717s][info][gc,metaspace] GC(41) Metaspace: 101142K(115072K)->101142K(115072K) NonClass: 72456K(78464K)->72456K(78464K) Class: 28685K(36608K)->28685K(36608K)
[128.717s][info][gc          ] GC(41) Pause Full (System.gc()) 800M->800M(5939M) 5711.083ms
[134.384s][info][gc,metaspace] GC(42) Metaspace: 101142K(115072K)->101142K(115072K) NonClass: 72456K(78464K)->72456K(78464K) Class: 28685K(36608K)->28685K(36608K)
[134.384s][info][gc          ] GC(42) Pause Full (System.gc()) 800M->800M(5939M) 5666.662ms
[141.276s][info][gc,metaspace] GC(43) Metaspace: 101142K(115072K)->101142K(115072K) NonClass: 72456K(78464K)->72456K(78464K) Class: 28685K(36608K)->28685K(36608K)
[141.276s][info][gc          ] GC(43) Pause Full (System.gc()) 810M->800M(5939M) 6891.236ms
[146.997s][info][gc,metaspace] GC(44) Metaspace: 101142K(115072K)->101142K(115072K) NonClass: 72456K(78464K)->72456K(78464K) Class: 28685K(36608K)->28685K(36608K)
[146.997s][info][gc          ] GC(44) Pause Full (System.gc()) 800M->800M(5939M) 5721.273ms
[152.713s][info][gc,metaspace] GC(45) Metaspace: 101142K(115072K)->101142K(115072K) NonClass: 72456K(78464K)->72456K(78464K) Class: 28685K(36608K)->28685K(36608K)
[152.713s][info][gc          ] GC(45) Pause Full (System.gc()) 800M->800M(5939M) 5715.079ms
[158.372s][info][gc,metaspace] GC(46) Metaspace: 101142K(115072K)->101142K(115072K) NonClass: 72456K(78464K)->72456K(78464K) Class: 28685K(36608K)->28685K(36608K)
[158.372s][info][gc          ] GC(46) Pause Full (System.gc()) 800M->800M(5939M) 5658.613ms
[164.094s][info][gc,metaspace] GC(47) Metaspace: 101142K(115072K)->101142K(115072K) NonClass: 72456K(78464K)->72456K(78464K) Class: 28685K(36608K)->28685K(36608K)
[164.094s][info][gc          ] GC(47) Pause Full (System.gc()) 800M->800M(5939M) 5721.864ms
[169.804s][info][gc,metaspace] GC(48) Metaspace: 101142K(115072K)->101142K(115072K) NonClass: 72456K(78464K)->72456K(78464K) Class: 28685K(36608K)->28685K(36608K)
[169.804s][info][gc          ] GC(48) Pause Full (System.gc()) 800M->800M(5939M) 5710.387ms
[175.474s][info][gc,metaspace] GC(49) Metaspace: 101142K(115072K)->101142K(115072K) NonClass: 72456K(78464K)->72456K(78464K) Class: 28685K(36608K)->28685K(36608K)
[175.474s][info][gc          ] GC(49) Pause Full (System.gc()) 800M->800M(5939M) 5669.037ms
[181.183s][info][gc,metaspace] GC(50) Metaspace: 101142K(115072K)->101142K(115072K) NonClass: 72456K(78464K)->72456K(78464K) Class: 28685K(36608K)->28685K(36608K)
[181.183s][info][gc          ] GC(50) Pause Full (System.gc()) 800M->800M(5939M) 5708.838ms
[186.899s][info][gc,metaspace] GC(51) Metaspace: 101142K(115072K)->101142K(115072K) NonClass: 72456K(78464K)->72456K(78464K) Class: 28685K(36608K)->28685K(36608K)
[186.899s][info][gc          ] GC(51) Pause Full (System.gc()) 800M->800M(5939M) 5716.023ms
[192.566s][info][gc,metaspace] GC(52) Metaspace: 101142K(115072K)->101142K(115072K) NonClass: 72456K(78464K)->72456K(78464K) Class: 28685K(36608K)->28685K(36608K)
[192.566s][info][gc          ] GC(52) Pause Full (System.gc()) 800M->800M(5939M) 5666.459ms
[198.275s][info][gc,metaspace] GC(53) Metaspace: 101142K(115072K)->101142K(115072K) NonClass: 72456K(78464K)->72456K(78464K) Class: 28685K(36608K)->28685K(36608K)
[198.275s][info][gc          ] GC(53) Pause Full (System.gc()) 800M->800M(5939M) 5704.284ms
[203.991s][info][gc,metaspace] GC(54) Metaspace: 101142K(115072K)->101142K(115072K) NonClass: 72456K(78464K)->72456K(78464K) Class: 28685K(36608K)->28685K(36608K)
[203.991s][info][gc          ] GC(54) Pause Full (System.gc()) 800M->800M(5939M) 5711.795ms
[209.700s][info][gc,metaspace] GC(55) Metaspace: 101142K(115072K)->101142K(115072K) NonClass: 72456K(78464K)->72456K(78464K) Class: 28685K(36608K)->28685K(36608K)
[209.700s][info][gc          ] GC(55) Pause Full (System.gc()) 810M->800M(5939M) 5708.833ms
[215.368s][info][gc,metaspace] GC(56) Metaspace: 101142K(115072K)->101142K(115072K) NonClass: 72456K(78464K)->72456K(78464K) Class: 28685K(36608K)->28685K(36608K)
[215.368s][info][gc          ] GC(56) Pause Full (System.gc()) 800M->800M(5939M) 5667.645ms
[221.078s][info][gc,metaspace] GC(57) Metaspace: 101142K(115072K)->101142K(115072K) NonClass: 72456K(78464K)->72456K(78464K) Class: 28685K(36608K)->28685K(36608K)
[221.079s][info][gc          ] GC(57) Pause Full (System.gc()) 800M->800M(5939M) 5705.583ms
[226.795s][info][gc,metaspace] GC(58) Metaspace: 101142K(115072K)->101142K(115072K) NonClass: 72456K(78464K)->72456K(78464K) Class: 28685K(36608K)->28685K(36608K)
[226.795s][info][gc          ] GC(58) Pause Full (System.gc()) 800M->800M(5939M) 5716.260ms
[232.458s][info][gc,metaspace] GC(59) Metaspace: 101142K(115072K)->101142K(115072K) NonClass: 72456K(78464K)->72456K(78464K) Class: 28685K(36608K)->28685K(36608K)
[232.458s][info][gc          ] GC(59) Pause Full (System.gc()) 800M->800M(5939M) 5662.671ms
[238.165s][info][gc,metaspace] GC(60) Metaspace: 101142K(115072K)->101142K(115072K) NonClass: 72456K(78464K)->72456K(78464K) Class: 28685K(36608K)->28685K(36608K)
[238.165s][info][gc          ] GC(60) Pause Full (System.gc()) 800M->800M(5939M) 5706.409ms
[243.881s][info][gc,metaspace] GC(61) Metaspace: 101142K(115072K)->101142K(115072K) NonClass: 72456K(78464K)->72456K(78464K) Class: 28685K(36608K)->28685K(36608K)
[243.881s][info][gc          ] GC(61) Pause Full (System.gc()) 800M->800M(5939M) 5715.616ms
[249.543s][info][gc,metaspace] GC(62) Metaspace: 101142K(115072K)->101142K(115072K) NonClass: 72456K(78464K)->72456K(78464K) Class: 28685K(36608K)->28685K(36608K)
[249.543s][info][gc          ] GC(62) Pause Full (System.gc()) 800M->800M(5939M) 5661.650ms
[255.259s][info][gc,metaspace] GC(63) Metaspace: 101142K(115072K)->101142K(115072K) NonClass: 72456K(78464K)->72456K(78464K) Class: 28685K(36608K)->28685K(36608K)
[255.259s][info][gc          ] GC(63) Pause Full (System.gc()) 800M->800M(5939M) 5715.681ms
[260.966s][info][gc,metaspace] GC(64) Metaspace: 101142K(115072K)->101142K(115072K) NonClass: 72456K(78464K)->72456K(78464K) Class: 28685K(36608K)->28685K(36608K)
[260.966s][info][gc          ] GC(64) Pause Full (System.gc()) 800M->800M(5939M) 5702.662ms
[266.687s][info][gc,metaspace] GC(65) Metaspace: 101142K(115072K)->101142K(115072K) NonClass: 72456K(78464K)->72456K(78464K) Class: 28685K(36608K)->28685K(36608K)
[266.687s][info][gc          ] GC(65) Pause Full (System.gc()) 800M->800M(5939M) 5721.106ms
[272.350s][info][gc,metaspace] GC(66) Metaspace: 101142K(115072K)->101142K(115072K) NonClass: 72456K(78464K)->72456K(78464K) Class: 28685K(36608K)->28685K(36608K)
[272.350s][info][gc          ] GC(66) Pause Full (System.gc()) 810M->800M(5939M) 5662.202ms
[278.060s][info][gc,metaspace] GC(67) Metaspace: 101142K(115072K)->101142K(115072K) NonClass: 72456K(78464K)->72456K(78464K) Class: 28685K(36608K)->28685K(36608K)
[278.060s][info][gc          ] GC(67) Pause Full (System.gc()) 800M->800M(5939M) 5705.625ms
[283.781s][info][gc,metaspace] GC(68) Metaspace: 101142K(115072K)->101142K(115072K) NonClass: 72456K(78464K)->72456K(78464K) Class: 28685K(36608K)->28685K(36608K)
[283.782s][info][gc          ] GC(68) Pause Full (System.gc()) 800M->800M(5939M) 5721.118ms
[289.439s][info][gc,metaspace] GC(69) Metaspace: 101142K(115072K)->101142K(115072K) NonClass: 72456K(78464K)->72456K(78464K) Class: 28685K(36608K)->28685K(36608K)
[289.439s][info][gc          ] GC(69) Pause Full (System.gc()) 800M->800M(5939M) 5656.921ms
[295.156s][info][gc,metaspace] GC(70) Metaspace: 101142K(115072K)->101142K(115072K) NonClass: 72456K(78464K)->72456K(78464K) Class: 28685K(36608K)->28685K(36608K)
[295.156s][info][gc          ] GC(70) Pause Full (System.gc()) 800M->800M(5939M) 5712.146ms
[300.870s][info][gc,metaspace] GC(71) Metaspace: 101142K(115072K)->101142K(115072K) NonClass: 72456K(78464K)->72456K(78464K) Class: 28685K(36608K)->28685K(36608K)
[300.870s][info][gc          ] GC(71) Pause Full (System.gc()) 800M->800M(5939M) 5713.788ms
[306.535s][info][gc,metaspace] GC(72) Metaspace: 101142K(115072K)->101142K(115072K) NonClass: 72456K(78464K)->72456K(78464K) Class: 28685K(36608K)->28685K(36608K)
[306.535s][info][gc          ] GC(72) Pause Full (System.gc()) 800M->800M(5939M) 5665.109ms
[312.247s][info][gc,metaspace] GC(73) Metaspace: 101142K(115072K)->101142K(115072K) NonClass: 72456K(78464K)->72456K(78464K) Class: 28685K(36608K)->28685K(36608K)
[312.247s][info][gc          ] GC(73) Pause Full (System.gc()) 800M->800M(5939M) 5712.077ms
[317.961s][info][gc,metaspace] GC(74) Metaspace: 101142K(115072K)->101142K(115072K) NonClass: 72456K(78464K)->72456K(78464K) Class: 28685K(36608K)->28685K(36608K)
[317.961s][info][gc          ] GC(74) Pause Full (System.gc()) 800M->800M(5939M) 5713.358ms
[323.678s][info][gc,metaspace] GC(75) Metaspace: 101142K(115072K)->101142K(115072K) NonClass: 72456K(78464K)->72456K(78464K) Class: 28685K(36608K)->28685K(36608K)
[323.678s][info][gc          ] GC(75) Pause Full (System.gc()) 800M->800M(5939M) 5717.058ms
[329.952s][info][gc,metaspace] GC(76) Metaspace: 101142K(115072K)->101142K(115072K) NonClass: 72456K(78464K)->72456K(78464K) Class: 28685K(36608K)->28685K(36608K)
[329.952s][info][gc          ] GC(76) Pause Full (System.gc()) 800M->800M(5939M) 6268.836ms
[335.667s][info][gc,metaspace] GC(77) Metaspace: 101142K(115072K)->101142K(115072K) NonClass: 72456K(78464K)->72456K(78464K) Class: 28685K(36608K)->28685K(36608K)
[335.667s][info][gc          ] GC(77) Pause Full (System.gc()) 810M->800M(5939M) 5715.075ms
[341.511s][info][gc,metaspace] GC(78) Metaspace: 101142K(115072K)->101142K(115072K) NonClass: 72456K(78464K)->72456K(78464K) Class: 28685K(36608K)->28685K(36608K)
[341.511s][info][gc          ] GC(78) Pause Full (System.gc()) 800M->800M(5939M) 5843.145ms
[347.228s][info][gc,metaspace] GC(79) Metaspace: 101142K(115072K)->101142K(115072K) NonClass: 72456K(78464K)->72456K(78464K) Class: 28685K(36608K)->28685K(36608K)
[347.228s][info][gc          ] GC(79) Pause Full (System.gc()) 800M->800M(5939M) 5716.647ms
[352.945s][info][gc,metaspace] GC(80) Metaspace: 101142K(115072K)->101142K(115072K) NonClass: 72456K(78464K)->72456K(78464K) Class: 28685K(36608K)->28685K(36608K)
[352.945s][info][gc          ] GC(80) Pause Full (System.gc()) 800M->800M(5939M) 5717.292ms
[358.654s][info][gc,metaspace] GC(81) Metaspace: 101142K(115072K)->101142K(115072K) NonClass: 72456K(78464K)->72456K(78464K) Class: 28685K(36608K)->28685K(36608K)
[358.654s][info][gc          ] GC(81) Pause Full (System.gc()) 800M->800M(5939M) 5708.429ms
[364.320s][info][gc,metaspace] GC(82) Metaspace: 101142K(115072K)->101142K(115072K) NonClass: 72456K(78464K)->72456K(78464K) Class: 28685K(36608K)->28685K(36608K)
[364.320s][info][gc          ] GC(82) Pause Full (System.gc()) 800M->800M(5939M) 5665.411ms
[370.034s][info][gc,metaspace] GC(83) Metaspace: 101142K(115072K)->101142K(115072K) NonClass: 72456K(78464K)->72456K(78464K) Class: 28685K(36608K)->28685K(36608K)
[370.034s][info][gc          ] GC(83) Pause Full (System.gc()) 800M->800M(5939M) 5709.426ms
[375.752s][info][gc,metaspace] GC(84) Metaspace: 101142K(115072K)->101142K(115072K) NonClass: 72456K(78464K)->72456K(78464K) Class: 28685K(36608K)->28685K(36608K)
[375.752s][info][gc          ] GC(84) Pause Full (System.gc()) 800M->800M(5939M) 5717.423ms
[381.411s][info][gc,metaspace] GC(85) Metaspace: 101142K(115072K)->101142K(115072K) NonClass: 72456K(78464K)->72456K(78464K) Class: 28685K(36608K)->28685K(36608K)
[381.411s][info][gc          ] GC(85) Pause Full (System.gc()) 800M->800M(5939M) 5658.742ms
[387.133s][info][gc,metaspace] GC(86) Metaspace: 101142K(115072K)->101142K(115072K) NonClass: 72456K(78464K)->72456K(78464K) Class: 28685K(36608K)->28685K(36608K)
[387.133s][info][gc          ] GC(86) Pause Full (System.gc()) 800M->800M(5939M) 5717.833ms
[392.845s][info][gc,metaspace] GC(87) Metaspace: 101142K(115072K)->101142K(115072K) NonClass: 72456K(78464K)->72456K(78464K) Class: 28685K(36608K)->28685K(36608K)
[392.845s][info][gc          ] GC(87) Pause Full (System.gc()) 800M->800M(5939M) 5711.682ms
[398.503s][info][gc,metaspace] GC(88) Metaspace: 101142K(115072K)->101142K(115072K) NonClass: 72456K(78464K)->72456K(78464K) Class: 28685K(36608K)->28685K(36608K)
[398.503s][info][gc          ] GC(88) Pause Full (System.gc()) 810M->800M(5939M) 5657.271ms
[404.224s][info][gc,metaspace] GC(89) Metaspace: 101142K(115072K)->101142K(115072K) NonClass: 72456K(78464K)->72456K(78464K) Class: 28685K(36608K)->28685K(36608K)
[404.224s][info][gc          ] GC(89) Pause Full (System.gc()) 800M->800M(5939M) 5720.873ms
[409.934s][info][gc,metaspace] GC(90) Metaspace: 101142K(115072K)->101142K(115072K) NonClass: 72456K(78464K)->72456K(78464K) Class: 28685K(36608K)->28685K(36608K)
[409.934s][info][gc          ] GC(90) Pause Full (System.gc()) 800M->800M(5939M) 5709.666ms
[415.650s][info][gc,metaspace] GC(91) Metaspace: 101142K(115072K)->101142K(115072K) NonClass: 72456K(78464K)->72456K(78464K) Class: 28685K(36608K)->28685K(36608K)
[415.650s][info][gc          ] GC(91) Pause Full (System.gc()) 800M->800M(5939M) 5715.610ms
[421.311s][info][gc,metaspace] GC(92) Metaspace: 101142K(115072K)->101142K(115072K) NonClass: 72456K(78464K)->72456K(78464K) Class: 28685K(36608K)->28685K(36608K)
[421.311s][info][gc          ] GC(92) Pause Full (System.gc()) 800M->800M(5939M) 5660.990ms
[427.027s][info][gc,metaspace] GC(93) Metaspace: 101142K(115072K)->101142K(115072K) NonClass: 72456K(78464K)->72456K(78464K) Class: 28685K(36608K)->28685K(36608K)
[427.027s][info][gc          ] GC(93) Pause Full (System.gc()) 800M->800M(5939M) 5715.959ms
[432.741s][info][gc,metaspace] GC(94) Metaspace: 101142K(115072K)->101142K(115072K) NonClass: 72456K(78464K)->72456K(78464K) Class: 28685K(36608K)->28685K(36608K)
[432.741s][info][gc          ] GC(94) Pause Full (System.gc()) 800M->800M(5939M) 5713.068ms
[438.402s][info][gc,metaspace] GC(95) Metaspace: 101142K(115072K)->101142K(115072K) NonClass: 72456K(78464K)->72456K(78464K) Class: 28685K(36608K)->28685K(36608K)
[438.402s][info][gc          ] GC(95) Pause Full (System.gc()) 800M->800M(5939M) 5660.787ms
[444.120s][info][gc,metaspace] GC(96) Metaspace: 101142K(115072K)->101142K(115072K) NonClass: 72456K(78464K)->72456K(78464K) Class: 28685K(36608K)->28685K(36608K)
[444.120s][info][gc          ] GC(96) Pause Full (System.gc()) 800M->800M(5939M) 5717.609ms
[449.829s][info][gc,metaspace] GC(97) Metaspace: 101142K(115072K)->101142K(115072K) NonClass: 72456K(78464K)->72456K(78464K) Class: 28685K(36608K)->28685K(36608K)
[449.830s][info][gc          ] GC(97) Pause Full (System.gc()) 800M->800M(5939M) 5709.484ms
[455.498s][info][gc,metaspace] GC(98) Metaspace: 101142K(115072K)->101142K(115072K) NonClass: 72456K(78464K)->72456K(78464K) Class: 28685K(36608K)->28685K(36608K)
[455.499s][info][gc          ] GC(98) Pause Full (System.gc()) 800M->800M(5939M) 5668.671ms
[461.209s][info][gc,metaspace] GC(99) Metaspace: 101142K(115072K)->101142K(115072K) NonClass: 72456K(78464K)->72456K(78464K) Class: 28685K(36608K)->28685K(36608K)
[461.210s][info][gc          ] GC(99) Pause Full (System.gc()) 800M->800M(5939M) 5710.628ms
[466.925s][info][gc,metaspace] GC(100) Metaspace: 101142K(115072K)->101142K(115072K) NonClass: 72456K(78464K)->72456K(78464K) Class: 28685K(36608K)->28685K(36608K)
[466.925s][info][gc          ] GC(100) Pause Full (System.gc()) 810M->800M(5939M) 5715.444ms
[472.642s][info][gc,metaspace] GC(101) Metaspace: 101142K(115072K)->101142K(115072K) NonClass: 72456K(78464K)->72456K(78464K) Class: 28685K(36608K)->28685K(36608K)
[472.642s][info][gc          ] GC(101) Pause Full (System.gc()) 800M->800M(5939M) 5716.717ms
[480.434s][info][gc,metaspace] GC(102) Metaspace: 101142K(115072K)->101142K(115072K) NonClass: 72456K(78464K)->72456K(78464K) Class: 28685K(36608K)->28685K(36608K)
[480.434s][info][gc          ] GC(102) Pause Full (System.gc()) 800M->800M(5939M) 7791.317ms
[486.151s][info][gc,metaspace] GC(103) Metaspace: 101142K(115072K)->101142K(115072K) NonClass: 72456K(78464K)->72456K(78464K) Class: 28685K(36608K)->28685K(36608K)
[486.151s][info][gc          ] GC(103) Pause Full (System.gc()) 800M->800M(5939M) 5717.273ms
[491.861s][info][gc,metaspace] GC(104) Metaspace: 101142K(115072K)->101142K(115072K) NonClass: 72456K(78464K)->72456K(78464K) Class: 28685K(36608K)->28685K(36608K)
[491.861s][info][gc          ] GC(104) Pause Full (System.gc()) 800M->800M(5939M) 5709.005ms
[497.531s][info][gc,metaspace] GC(105) Metaspace: 101142K(115072K)->101142K(115072K) NonClass: 72456K(78464K)->72456K(78464K) Class: 28685K(36608K)->28685K(36608K)
[497.531s][info][gc          ] GC(105) Pause Full (System.gc()) 800M->800M(5939M) 5669.890ms
[503.245s][info][gc,metaspace] GC(106) Metaspace: 101142K(115072K)->101142K(115072K) NonClass: 72456K(78464K)->72456K(78464K) Class: 28685K(36608K)->28685K(36608K)
[503.245s][info][gc          ] GC(106) Pause Full (System.gc()) 800M->800M(5939M) 5713.592ms
[508.953s][info][gc,metaspace] GC(107) Metaspace: 101142K(115072K)->101142K(115072K) NonClass: 72456K(78464K)->72456K(78464K) Class: 28685K(36608K)->28685K(36608K)
[508.953s][info][gc          ] GC(107) Pause Full (System.gc()) 800M->800M(5939M) 5708.243ms
[514.668s][info][gc,metaspace] GC(108) Metaspace: 101142K(115072K)->101142K(115072K) NonClass: 72456K(78464K)->72456K(78464K) Class: 28685K(36608K)->28685K(36608K)
[514.668s][info][gc          ] GC(108) Pause Full (System.gc()) 800M->800M(5939M) 5714.360ms
[521.164s][info][gc,metaspace] GC(109) Metaspace: 101142K(115072K)->101142K(115072K) NonClass: 72456K(78464K)->72456K(78464K) Class: 28685K(36608K)->28685K(36608K)
[521.164s][info][gc          ] GC(109) Pause Full (System.gc()) 800M->800M(5939M) 6495.925ms
[526.880s][info][gc,metaspace] GC(110) Metaspace: 101142K(115072K)->101142K(115072K) NonClass: 72456K(78464K)->72456K(78464K) Class: 28685K(36608K)->28685K(36608K)
[526.880s][info][gc          ] GC(110) Pause Full (System.gc()) 800M->800M(5939M) 5715.839ms
[532.545s][info][gc,metaspace] GC(111) Metaspace: 101142K(115072K)->101142K(115072K) NonClass: 72456K(78464K)->72456K(78464K) Class: 28685K(36608K)->28685K(36608K)
[532.545s][info][gc          ] GC(111) Pause Full (System.gc()) 810M->800M(5939M) 5664.062ms
[538.254s][info][gc,metaspace] GC(112) Metaspace: 101142K(115072K)->101142K(115072K) NonClass: 72456K(78464K)->72456K(78464K) Class: 28685K(36608K)->28685K(36608K)
[538.254s][info][gc          ] GC(112) Pause Full (System.gc()) 800M->800M(5939M) 5704.884ms
[543.971s][info][gc,metaspace] GC(113) Metaspace: 101142K(115072K)->101142K(115072K) NonClass: 72456K(78464K)->72456K(78464K) Class: 28685K(36608K)->28685K(36608K)
[543.971s][info][gc          ] GC(113) Pause Full (System.gc()) 800M->800M(5939M) 5712.387ms
[549.679s][info][gc,metaspace] GC(114) Metaspace: 101142K(115072K)->101142K(115072K) NonClass: 72456K(78464K)->72456K(78464K) Class: 28685K(36608K)->28685K(36608K)
[549.679s][info][gc          ] GC(114) Pause Full (System.gc()) 800M->800M(5939M) 5707.604ms
[555.348s][info][gc,metaspace] GC(115) Metaspace: 101142K(115072K)->101142K(115072K) NonClass: 72456K(78464K)->72456K(78464K) Class: 28685K(36608K)->28685K(36608K)
[555.348s][info][gc          ] GC(115) Pause Full (System.gc()) 800M->800M(5939M) 5668.893ms
[561.059s][info][gc,metaspace] GC(116) Metaspace: 101142K(115072K)->101142K(115072K) NonClass: 72456K(78464K)->72456K(78464K) Class: 28685K(36608K)->28685K(36608K)
[561.059s][info][gc          ] GC(116) Pause Full (System.gc()) 800M->800M(5939M) 5710.238ms
[566.776s][info][gc,metaspace] GC(117) Metaspace: 101142K(115072K)->101142K(115072K) NonClass: 72456K(78464K)->72456K(78464K) Class: 28685K(36608K)->28685K(36608K)
[566.776s][info][gc          ] GC(117) Pause Full (System.gc()) 800M->800M(5939M) 5716.823ms
[572.442s][info][gc,metaspace] GC(118) Metaspace: 101142K(115072K)->101142K(115072K) NonClass: 72456K(78464K)->72456K(78464K) Class: 28685K(36608K)->28685K(36608K)
[572.442s][info][gc          ] GC(118) Pause Full (System.gc()) 800M->800M(5939M) 5665.295ms
[578.152s][info][gc,metaspace] GC(119) Metaspace: 101142K(115072K)->101142K(115072K) NonClass: 72456K(78464K)->72456K(78464K) Class: 28685K(36608K)->28685K(36608K)
[578.152s][info][gc          ] GC(119) Pause Full (System.gc()) 800M->800M(5939M) 5706.203ms
[583.869s][info][gc,metaspace] GC(120) Metaspace: 101142K(115072K)->101142K(115072K) NonClass: 72456K(78464K)->72456K(78464K) Class: 28685K(36608K)->28685K(36608K)
[583.869s][info][gc          ] GC(120) Pause Full (System.gc()) 800M->800M(5939M) 5716.111ms
[589.532s][info][gc,metaspace] GC(121) Metaspace: 101142K(115072K)->101142K(115072K) NonClass: 72456K(78464K)->72456K(78464K) Class: 28685K(36608K)->28685K(36608K)
[589.532s][info][gc          ] GC(121) Pause Full (System.gc()) 800M->800M(5939M) 5662.604ms
[595.249s][info][gc,metaspace] GC(122) Metaspace: 101142K(115072K)->101142K(115072K) NonClass: 72456K(78464K)->72456K(78464K) Class: 28685K(36608K)->28685K(36608K)
[595.249s][info][gc          ] GC(122) Pause Full (System.gc()) 800M->800M(5939M) 5716.972ms
[600.957s][info][gc,metaspace] GC(123) Metaspace: 101142K(115072K)->101142K(115072K) NonClass: 72456K(78464K)->72456K(78464K) Class: 28685K(36608K)->28685K(36608K)
[600.958s][info][gc          ] GC(123) Pause Full (System.gc()) 810M->800M(5939M) 5708.233ms
[606.678s][info][gc,metaspace] GC(124) Metaspace: 101142K(115072K)->101142K(115072K) NonClass: 72456K(78464K)->72456K(78464K) Class: 28685K(36608K)->28685K(36608K)
[606.678s][info][gc          ] GC(124) Pause Full (System.gc()) 800M->800M(5939M) 5720.049ms
[612.335s][info][gc,metaspace] GC(125) Metaspace: 101142K(115072K)->101142K(115072K) NonClass: 72456K(78464K)->72456K(78464K) Class: 28685K(36608K)->28685K(36608K)
[612.335s][info][gc          ] GC(125) Pause Full (System.gc()) 800M->800M(5939M) 5657.299ms
[618.052s][info][gc,metaspace] GC(126) Metaspace: 101142K(115072K)->101142K(115072K) NonClass: 72456K(78464K)->72456K(78464K) Class: 28685K(36608K)->28685K(36608K)
[618.052s][info][gc          ] GC(126) Pause Full (System.gc()) 800M->800M(5939M) 5711.771ms
[623.769s][info][gc,metaspace] GC(127) Metaspace: 101142K(115072K)->101142K(115072K) NonClass: 72456K(78464K)->72456K(78464K) Class: 28685K(36608K)->28685K(36608K)
[623.769s][info][gc          ] GC(127) Pause Full (System.gc()) 800M->800M(5939M) 5717.348ms
[629.427s][info][gc,metaspace] GC(128) Metaspace: 101142K(115072K)->101142K(115072K) NonClass: 72456K(78464K)->72456K(78464K) Class: 28685K(36608K)->28685K(36608K)
[629.427s][info][gc          ] GC(128) Pause Full (System.gc()) 800M->800M(5939M) 5657.068ms
[635.145s][info][gc,metaspace] GC(129) Metaspace: 101142K(115072K)->101142K(115072K) NonClass: 72456K(78464K)->72456K(78464K) Class: 28685K(36608K)->28685K(36608K)
[635.145s][info][gc          ] GC(129) Pause Full (System.gc()) 800M->800M(5939M) 5717.725ms
[640.854s][info][gc,metaspace] GC(130) Metaspace: 101142K(115072K)->101142K(115072K) NonClass: 72456K(78464K)->72456K(78464K) Class: 28685K(36608K)->28685K(36608K)
[640.854s][info][gc          ] GC(130) Pause Full (System.gc()) 800M->800M(5939M) 5709.280ms
[646.520s][info][gc,metaspace] GC(131) Metaspace: 101142K(115072K)->101142K(115072K) NonClass: 72456K(78464K)->72456K(78464K) Class: 28685K(36608K)->28685K(36608K)
[646.520s][info][gc          ] GC(131) Pause Full (System.gc()) 800M->800M(5939M) 5665.116ms
[652.235s][info][gc,metaspace] GC(132) Metaspace: 101142K(115072K)->101142K(115072K) NonClass: 72456K(78464K)->72456K(78464K) Class: 28685K(36608K)->28685K(36608K)
[652.235s][info][gc          ] GC(132) Pause Full (System.gc()) 800M->800M(5939M) 5715.335ms
[657.952s][info][gc,metaspace] GC(133) Metaspace: 101142K(115072K)->101142K(115072K) NonClass: 72456K(78464K)->72456K(78464K) Class: 28685K(36608K)->28685K(36608K)
[657.952s][info][gc          ] GC(133) Pause Full (System.gc()) 800M->800M(5939M) 5716.806ms
[663.667s][info][gc,metaspace] GC(134) Metaspace: 101142K(115072K)->101142K(115072K) NonClass: 72456K(78464K)->72456K(78464K) Class: 28685K(36608K)->28685K(36608K)
[663.667s][info][gc          ] GC(134) Pause Full (System.gc()) 810M->800M(5939M) 5713.940ms
[669.510s][info][gc,metaspace] GC(135) Metaspace: 101142K(115072K)->101142K(115072K) NonClass: 72456K(78464K)->72456K(78464K) Class: 28685K(36608K)->28685K(36608K)
[669.510s][info][gc          ] GC(135) Pause Full (System.gc()) 800M->800M(5939M) 5843.530ms
[675.227s][info][gc,metaspace] GC(136) Metaspace: 101142K(115072K)->101142K(115072K) NonClass: 72456K(78464K)->72456K(78464K) Class: 28685K(36608K)->28685K(36608K)
[675.227s][info][gc          ] GC(136) Pause Full (System.gc()) 800M->800M(5939M) 5716.404ms
[680.938s][info][gc,metaspace] GC(137) Metaspace: 101142K(115072K)->101142K(115072K) NonClass: 72456K(78464K)->72456K(78464K) Class: 28685K(36608K)->28685K(36608K)
[680.938s][info][gc          ] GC(137) Pause Full (System.gc()) 800M->800M(5939M) 5710.546ms
After GCs... 
