Done; will start GCs... 
[7.565s][info][gc,metaspace] GC(10) Metaspace: 24073K(24576K)->24073K(24576K) NonClass: 19954K(20224K)->19954K(20224K) Class: 4118K(4352K)->4118K(4352K)
[7.565s][info][gc          ] GC(10) Pause Full (System.gc()) 1395M->1393M(6144M) 445.132ms
[8.072s][info][gc,metaspace] GC(11) Metaspace: 24073K(24576K)->24073K(24576K) NonClass: 19954K(20224K)->19954K(20224K) Class: 4118K(4352K)->4118K(4352K)
[8.072s][info][gc          ] GC(11) Pause Full (System.gc()) 1393M->1393M(6144M) 507.002ms
[8.524s][info][gc,metaspace] GC(12) Metaspace: 24073K(24576K)->24073K(24576K) NonClass: 19954K(20224K)->19954K(20224K) Class: 4118K(4352K)->4118K(4352K)
[8.524s][info][gc          ] GC(12) Pause Full (System.gc()) 1393M->1393M(6144M) 451.441ms
[9.049s][info][gc,metaspace] GC(13) Metaspace: 24073K(24576K)->24073K(24576K) NonClass: 19954K(20224K)->19954K(20224K) Class: 4118K(4352K)->4118K(4352K)
[9.049s][info][gc          ] GC(13) Pause Full (System.gc()) 1393M->1393M(6144M) 525.216ms
[9.558s][info][gc,metaspace] GC(14) Metaspace: 24073K(24576K)->24073K(24576K) NonClass: 19954K(20224K)->19954K(20224K) Class: 4118K(4352K)->4118K(4352K)
[9.558s][info][gc          ] GC(14) Pause Full (System.gc()) 1393M->1393M(6144M) 508.577ms
[10.048s][info][gc,metaspace] GC(15) Metaspace: 24073K(24576K)->24073K(24576K) NonClass: 19954K(20224K)->19954K(20224K) Class: 4118K(4352K)->4118K(4352K)
[10.048s][info][gc          ] GC(15) Pause Full (System.gc()) 1393M->1393M(6144M) 490.409ms
[10.505s][info][gc,metaspace] GC(16) Metaspace: 24073K(24576K)->24073K(24576K) NonClass: 19954K(20224K)->19954K(20224K) Class: 4118K(4352K)->4118K(4352K)
[10.505s][info][gc          ] GC(16) Pause Full (System.gc()) 1393M->1393M(6144M) 456.816ms
[11.012s][info][gc,metaspace] GC(17) Metaspace: 24073K(24576K)->24073K(24576K) NonClass: 19954K(20224K)->19954K(20224K) Class: 4118K(4352K)->4118K(4352K)
[11.012s][info][gc          ] GC(17) Pause Full (System.gc()) 1393M->1393M(6144M) 506.637ms
[11.474s][info][gc,metaspace] GC(18) Metaspace: 24073K(24576K)->24073K(24576K) NonClass: 19954K(20224K)->19954K(20224K) Class: 4118K(4352K)->4118K(4352K)
[11.474s][info][gc          ] GC(18) Pause Full (System.gc()) 1393M->1393M(6144M) 462.437ms
[11.964s][info][gc,metaspace] GC(19) Metaspace: 24073K(24576K)->24073K(24576K) NonClass: 19954K(20224K)->19954K(20224K) Class: 4118K(4352K)->4118K(4352K)
[11.964s][info][gc          ] GC(19) Pause Full (System.gc()) 1393M->1393M(6144M) 489.650ms
After GCs... 
