Done; will start GCs... 
[7.367s][info][gc,metaspace] GC(10) Metaspace: 24077K(24576K)->24077K(24576K) NonClass: 19958K(20224K)->19958K(20224K) Class: 4118K(4352K)->4118K(4352K)
[7.367s][info][gc          ] GC(10) Pause Full (System.gc()) 1395M->1393M(6144M) 429.176ms
[7.770s][info][gc,metaspace] GC(11) Metaspace: 24077K(24576K)->24077K(24576K) NonClass: 19958K(20224K)->19958K(20224K) Class: 4118K(4352K)->4118K(4352K)
[7.770s][info][gc          ] GC(11) Pause Full (System.gc()) 1393M->1393M(6144M) 403.224ms
[8.198s][info][gc,metaspace] GC(12) Metaspace: 24077K(24576K)->24077K(24576K) NonClass: 19958K(20224K)->19958K(20224K) Class: 4118K(4352K)->4118K(4352K)
[8.198s][info][gc          ] GC(12) Pause Full (System.gc()) 1393M->1393M(6144M) 427.696ms
[8.631s][info][gc,metaspace] GC(13) Metaspace: 24077K(24576K)->24077K(24576K) NonClass: 19958K(20224K)->19958K(20224K) Class: 4118K(4352K)->4118K(4352K)
[8.631s][info][gc          ] GC(13) Pause Full (System.gc()) 1393M->1393M(6144M) 433.494ms
[9.054s][info][gc,metaspace] GC(14) Metaspace: 24077K(24576K)->24077K(24576K) NonClass: 19958K(20224K)->19958K(20224K) Class: 4118K(4352K)->4118K(4352K)
[9.054s][info][gc          ] GC(14) Pause Full (System.gc()) 1393M->1393M(6144M) 422.987ms
[9.507s][info][gc,metaspace] GC(15) Metaspace: 24077K(24576K)->24077K(24576K) NonClass: 19958K(20224K)->19958K(20224K) Class: 4118K(4352K)->4118K(4352K)
[9.507s][info][gc          ] GC(15) Pause Full (System.gc()) 1393M->1393M(6144M) 452.666ms
[9.920s][info][gc,metaspace] GC(16) Metaspace: 24077K(24576K)->24077K(24576K) NonClass: 19958K(20224K)->19958K(20224K) Class: 4118K(4352K)->4118K(4352K)
[9.920s][info][gc          ] GC(16) Pause Full (System.gc()) 1393M->1393M(6144M) 412.766ms
[10.376s][info][gc,metaspace] GC(17) Metaspace: 24077K(24576K)->24077K(24576K) NonClass: 19958K(20224K)->19958K(20224K) Class: 4118K(4352K)->4118K(4352K)
[10.376s][info][gc          ] GC(17) Pause Full (System.gc()) 1393M->1393M(6144M) 455.632ms
[10.781s][info][gc,metaspace] GC(18) Metaspace: 24077K(24576K)->24077K(24576K) NonClass: 19958K(20224K)->19958K(20224K) Class: 4118K(4352K)->4118K(4352K)
[10.781s][info][gc          ] GC(18) Pause Full (System.gc()) 1393M->1393M(6144M) 404.660ms
[11.198s][info][gc,metaspace] GC(19) Metaspace: 24077K(24576K)->24077K(24576K) NonClass: 19958K(20224K)->19958K(20224K) Class: 4118K(4352K)->4118K(4352K)
[11.198s][info][gc          ] GC(19) Pause Full (System.gc()) 1393M->1393M(6144M) 416.848ms
After GCs... 
