[0.001s][info][metaspace]  - commit_granule_bytes: 65536.
[0.001s][info][metaspace]  - commit_granule_words: 8192.
[0.001s][info][metaspace]  - virtual_space_node_default_size: 8388608.
[0.001s][info][metaspace]  - enlarge_chunks_in_place: 1.
[0.001s][info][metaspace]  - use_allocation_guard: 0.
[0.004s][info][gc       ] Using G1
[0.398s][info][metaspace] Reserving compressed class space anywhere
[0.403s][info][gc,metaspace] CDS archive(s) not mapped
[0.403s][info][gc,metaspace] Compressed class space mapped at: 0x000000002e000000-0x00000000ee000000, reserved size: 3221225472
[0.403s][info][gc,metaspace] UseCompressedClassPointers 1, UseCompactObjectHeaders 1, narrow klass pointer bits 22, max shift 10
[0.403s][info][gc,metaspace] Narrow klass base: 0x000000002e000000, Narrow klass shift: 10, Narrow klass range: 0xc0000000
Num Classes: 1024
Num Objects per Class: 65536
Cycles: 100
Class association: random
Generate 1024 classes...[1.389s][info][gc,metaspace] GC(0) Metaspace: 21746K(22016K)->21746K(22016K) NonClass: 18028K(18176K)->18028K(18176K) Class: 3717K(3840K)->3717K(3840K)
[1.389s][info][gc          ] GC(0) Pause Young (Normal) (G1 Evacuation Pause) 304M->4M(6144M) 4.455ms
[1.714s][info][gc,metaspace] GC(1) Metaspace: 22036K(22400K)->22036K(22400K) NonClass: 18317K(18560K)->18317K(18560K) Class: 3718K(3840K)->3718K(3840K)
[1.714s][info][gc          ] GC(1) Pause Young (Normal) (G1 Evacuation Pause) 304M->4M(6144M) 3.805ms
[2.006s][info][gc,metaspace] GC(2) Metaspace: 22219K(22592K)->22219K(22592K) NonClass: 18500K(18752K)->18500K(18752K) Class: 3718K(3840K)->3718K(3840K)
[2.006s][info][gc          ] GC(2) Pause Young (Normal) (G1 Evacuation Pause) 300M->3M(6144M) 3.956ms
[2.298s][info][gc,metaspace] GC(3) Metaspace: 22477K(22784K)->22477K(22784K) NonClass: 18758K(18944K)->18758K(18944K) Class: 3718K(3840K)->3718K(3840K)
[2.298s][info][gc          ] GC(3) Pause Young (Normal) (G1 Evacuation Pause) 303M->4M(6144M) 5.246ms
[2.567s][info][gc,metaspace] GC(4) Metaspace: 22596K(22912K)->22596K(22912K) NonClass: 18874K(19072K)->18874K(19072K) Class: 3721K(3840K)->3721K(3840K)
[2.567s][info][gc          ] GC(4) Pause Young (Normal) (G1 Evacuation Pause) 300M->4M(6144M) 4.454ms
[2.994s][info][gc,metaspace] GC(5) Metaspace: 22677K(22976K)->22677K(22976K) NonClass: 18955K(19136K)->18955K(19136K) Class: 3721K(3840K)->3721K(3840K)
[2.994s][info][gc          ] GC(5) Pause Young (Normal) (G1 Evacuation Pause) 340M->4M(6144M) 3.732ms
[3.301s][info][gc,metaspace] GC(6) Metaspace: 23328K(23616K)->23328K(23616K) NonClass: 19606K(19776K)->19606K(19776K) Class: 3721K(3840K)->3721K(3840K)
[3.302s][info][gc          ] GC(6) Pause Young (Normal) (G1 Evacuation Pause) 364M->3M(6144M) 5.620ms
[3.655s][info][gc,metaspace] GC(7) Metaspace: 23372K(23680K)->23372K(23680K) NonClass: 19650K(19840K)->19650K(19840K) Class: 3721K(3840K)->3721K(3840K)
[3.655s][info][gc          ] GC(7) Pause Young (Normal) (G1 Evacuation Pause) 419M->5M(6144M) 4.838ms
[4.161s][info][gc,metaspace] GC(8) Metaspace: 23402K(23680K)->23402K(23680K) NonClass: 19680K(19840K)->19680K(19840K) Class: 3721K(3840K)->3721K(3840K)
[4.161s][info][gc          ] GC(8) Pause Young (Normal) (G1 Evacuation Pause) 473M->5M(6144M) 4.934ms
[4.646s][info][gc,metaspace] GC(9) Metaspace: 23420K(23744K)->23420K(23744K) NonClass: 19699K(19904K)->19699K(19904K) Class: 3721K(3840K)->3721K(3840K)
[4.646s][info][gc          ] GC(9) Pause Young (Normal) (G1 Evacuation Pause) 549M->4M(6144M) 5.228ms

Loading 1024...[4.887s][info][gc,metaspace] GC(10) Metaspace: 24991K(25280K)->24991K(25280K) NonClass: 20245K(20416K)->20245K(20416K) Class: 4745K(4864K)->4745K(4864K)
[4.887s][info][gc          ] GC(10) Pause Full (System.gc()) 258M->3M(6144M) 19.151ms
Creating 65536 objects per class...
Done; will start GCs... 
[11.547s][info][gc,metaspace] GC(11) Metaspace: 28422K(29568K)->28422K(29568K) NonClass: 23140K(23680K)->23140K(23680K) Class: 5282K(5888K)->5282K(5888K)
[11.547s][info][gc          ] GC(11) Pause Full (System.gc()) 813M->776M(6144M) 546.364ms
[12.023s][info][gc,metaspace] GC(12) Metaspace: 28422K(29568K)->28422K(29568K) NonClass: 23140K(23680K)->23140K(23680K) Class: 5282K(5888K)->5282K(5888K)
[12.023s][info][gc          ] GC(12) Pause Full (System.gc()) 776M->776M(6144M) 475.798ms
[12.516s][info][gc,metaspace] GC(13) Metaspace: 28422K(29568K)->28422K(29568K) NonClass: 23140K(23680K)->23140K(23680K) Class: 5282K(5888K)->5282K(5888K)
[12.516s][info][gc          ] GC(13) Pause Full (System.gc()) 776M->776M(6144M) 492.908ms
[12.986s][info][gc,metaspace] GC(14) Metaspace: 28423K(29568K)->28423K(29568K) NonClass: 23140K(23680K)->23140K(23680K) Class: 5282K(5888K)->5282K(5888K)
[12.986s][info][gc          ] GC(14) Pause Full (System.gc()) 776M->776M(6144M) 470.082ms
[13.486s][info][gc,metaspace] GC(15) Metaspace: 28423K(29568K)->28423K(29568K) NonClass: 23141K(23680K)->23141K(23680K) Class: 5282K(5888K)->5282K(5888K)
[13.486s][info][gc          ] GC(15) Pause Full (System.gc()) 776M->776M(6144M) 499.321ms
[13.984s][info][gc,metaspace] GC(16) Metaspace: 28423K(29568K)->28423K(29568K) NonClass: 23141K(23680K)->23141K(23680K) Class: 5282K(5888K)->5282K(5888K)
[13.984s][info][gc          ] GC(16) Pause Full (System.gc()) 776M->776M(6144M) 497.996ms
[14.479s][info][gc,metaspace] GC(17) Metaspace: 28423K(29568K)->28423K(29568K) NonClass: 23141K(23680K)->23141K(23680K) Class: 5282K(5888K)->5282K(5888K)
[14.479s][info][gc          ] GC(17) Pause Full (System.gc()) 776M->776M(6144M) 494.666ms
[14.958s][info][gc,metaspace] GC(18) Metaspace: 28423K(29568K)->28423K(29568K) NonClass: 23141K(23680K)->23141K(23680K) Class: 5282K(5888K)->5282K(5888K)
[14.958s][info][gc          ] GC(18) Pause Full (System.gc()) 776M->776M(6144M) 479.389ms
[15.468s][info][gc,metaspace] GC(19) Metaspace: 28423K(29568K)->28423K(29568K) NonClass: 23141K(23680K)->23141K(23680K) Class: 5282K(5888K)->5282K(5888K)
[15.468s][info][gc          ] GC(19) Pause Full (System.gc()) 776M->776M(6144M) 510.261ms
[15.941s][info][gc,metaspace] GC(20) Metaspace: 28423K(29568K)->28423K(29568K) NonClass: 23141K(23680K)->23141K(23680K) Class: 5282K(5888K)->5282K(5888K)
[15.941s][info][gc          ] GC(20) Pause Full (System.gc()) 776M->776M(6144M) 472.104ms
[16.439s][info][gc,metaspace] GC(21) Metaspace: 28423K(29568K)->28423K(29568K) NonClass: 23141K(23680K)->23141K(23680K) Class: 5282K(5888K)->5282K(5888K)
[16.439s][info][gc          ] GC(21) Pause Full (System.gc()) 776M->776M(6144M) 498.362ms
[16.930s][info][gc,metaspace] GC(22) Metaspace: 28423K(29568K)->28423K(29568K) NonClass: 23141K(23680K)->23141K(23680K) Class: 5282K(5888K)->5282K(5888K)
[16.930s][info][gc          ] GC(22) Pause Full (System.gc()) 776M->776M(6144M) 490.581ms
[17.412s][info][gc,metaspace] GC(23) Metaspace: 28423K(29568K)->28423K(29568K) NonClass: 23141K(23680K)->23141K(23680K) Class: 5282K(5888K)->5282K(5888K)
[17.412s][info][gc          ] GC(23) Pause Full (System.gc()) 776M->776M(6144M) 481.819ms
[17.915s][info][gc,metaspace] GC(24) Metaspace: 28423K(29568K)->28423K(29568K) NonClass: 23141K(23680K)->23141K(23680K) Class: 5282K(5888K)->5282K(5888K)
[17.915s][info][gc          ] GC(24) Pause Full (System.gc()) 776M->776M(6144M) 503.043ms
[18.423s][info][gc,metaspace] GC(25) Metaspace: 28423K(29568K)->28423K(29568K) NonClass: 23141K(23680K)->23141K(23680K) Class: 5282K(5888K)->5282K(5888K)
[18.423s][info][gc          ] GC(25) Pause Full (System.gc()) 776M->776M(6144M) 507.347ms
[18.885s][info][gc,metaspace] GC(26) Metaspace: 28423K(29568K)->28423K(29568K) NonClass: 23141K(23680K)->23141K(23680K) Class: 5282K(5888K)->5282K(5888K)
[18.885s][info][gc          ] GC(26) Pause Full (System.gc()) 776M->776M(6144M) 462.341ms
[19.371s][info][gc,metaspace] GC(27) Metaspace: 28423K(29568K)->28423K(29568K) NonClass: 23141K(23680K)->23141K(23680K) Class: 5282K(5888K)->5282K(5888K)
[19.371s][info][gc          ] GC(27) Pause Full (System.gc()) 776M->776M(6144M) 485.552ms
[19.842s][info][gc,metaspace] GC(28) Metaspace: 28423K(29568K)->28423K(29568K) NonClass: 23141K(23680K)->23141K(23680K) Class: 5282K(5888K)->5282K(5888K)
[19.842s][info][gc          ] GC(28) Pause Full (System.gc()) 776M->776M(6144M) 471.114ms
[20.303s][info][gc,metaspace] GC(29) Metaspace: 28423K(29568K)->28423K(29568K) NonClass: 23141K(23680K)->23141K(23680K) Class: 5282K(5888K)->5282K(5888K)
[20.303s][info][gc          ] GC(29) Pause Full (System.gc()) 776M->776M(6144M) 461.483ms
[20.786s][info][gc,metaspace] GC(30) Metaspace: 28423K(29568K)->28423K(29568K) NonClass: 23141K(23680K)->23141K(23680K) Class: 5282K(5888K)->5282K(5888K)
[20.786s][info][gc          ] GC(30) Pause Full (System.gc()) 776M->776M(6144M) 482.176ms
[21.255s][info][gc,metaspace] GC(31) Metaspace: 28423K(29568K)->28423K(29568K) NonClass: 23141K(23680K)->23141K(23680K) Class: 5282K(5888K)->5282K(5888K)
[21.255s][info][gc          ] GC(31) Pause Full (System.gc()) 776M->776M(6144M) 469.625ms
[21.708s][info][gc,metaspace] GC(32) Metaspace: 28423K(29568K)->28423K(29568K) NonClass: 23141K(23680K)->23141K(23680K) Class: 5282K(5888K)->5282K(5888K)
[21.708s][info][gc          ] GC(32) Pause Full (System.gc()) 776M->776M(6144M) 452.918ms
[22.183s][info][gc,metaspace] GC(33) Metaspace: 28423K(29568K)->28423K(29568K) NonClass: 23141K(23680K)->23141K(23680K) Class: 5282K(5888K)->5282K(5888K)
[22.183s][info][gc          ] GC(33) Pause Full (System.gc()) 776M->776M(6144M) 474.635ms
[22.684s][info][gc,metaspace] GC(34) Metaspace: 28423K(29568K)->28423K(29568K) NonClass: 23141K(23680K)->23141K(23680K) Class: 5282K(5888K)->5282K(5888K)
[22.684s][info][gc          ] GC(34) Pause Full (System.gc()) 776M->776M(6144M) 500.255ms
[23.175s][info][gc,metaspace] GC(35) Metaspace: 28423K(29568K)->28423K(29568K) NonClass: 23141K(23680K)->23141K(23680K) Class: 5282K(5888K)->5282K(5888K)
[23.175s][info][gc          ] GC(35) Pause Full (System.gc()) 776M->776M(6144M) 491.294ms
[23.669s][info][gc,metaspace] GC(36) Metaspace: 28423K(29568K)->28423K(29568K) NonClass: 23141K(23680K)->23141K(23680K) Class: 5282K(5888K)->5282K(5888K)
[23.669s][info][gc          ] GC(36) Pause Full (System.gc()) 776M->776M(6144M) 494.329ms
[24.128s][info][gc,metaspace] GC(37) Metaspace: 28423K(29568K)->28423K(29568K) NonClass: 23141K(23680K)->23141K(23680K) Class: 5282K(5888K)->5282K(5888K)
[24.128s][info][gc          ] GC(37) Pause Full (System.gc()) 776M->776M(6144M) 458.269ms
[24.663s][info][gc,metaspace] GC(38) Metaspace: 28423K(29568K)->28423K(29568K) NonClass: 23141K(23680K)->23141K(23680K) Class: 5282K(5888K)->5282K(5888K)
[24.663s][info][gc          ] GC(38) Pause Full (System.gc()) 776M->776M(6144M) 535.068ms
[25.163s][info][gc,metaspace] GC(39) Metaspace: 28423K(29568K)->28423K(29568K) NonClass: 23141K(23680K)->23141K(23680K) Class: 5282K(5888K)->5282K(5888K)
[25.163s][info][gc          ] GC(39) Pause Full (System.gc()) 776M->776M(6144M) 500.310ms
[25.649s][info][gc,metaspace] GC(40) Metaspace: 28423K(29568K)->28423K(29568K) NonClass: 23141K(23680K)->23141K(23680K) Class: 5282K(5888K)->5282K(5888K)
[25.649s][info][gc          ] GC(40) Pause Full (System.gc()) 776M->776M(6144M) 485.264ms
[26.126s][info][gc,metaspace] GC(41) Metaspace: 28423K(29568K)->28423K(29568K) NonClass: 23141K(23680K)->23141K(23680K) Class: 5282K(5888K)->5282K(5888K)
[26.126s][info][gc          ] GC(41) Pause Full (System.gc()) 776M->776M(6144M) 477.657ms
[26.637s][info][gc,metaspace] GC(42) Metaspace: 28423K(29568K)->28423K(29568K) NonClass: 23141K(23680K)->23141K(23680K) Class: 5282K(5888K)->5282K(5888K)
[26.637s][info][gc          ] GC(42) Pause Full (System.gc()) 776M->776M(6144M) 510.361ms
[27.099s][info][gc,metaspace] GC(43) Metaspace: 28423K(29568K)->28423K(29568K) NonClass: 23141K(23680K)->23141K(23680K) Class: 5282K(5888K)->5282K(5888K)
[27.099s][info][gc          ] GC(43) Pause Full (System.gc()) 776M->776M(6144M) 461.750ms
[27.634s][info][gc,metaspace] GC(44) Metaspace: 28423K(29568K)->28423K(29568K) NonClass: 23141K(23680K)->23141K(23680K) Class: 5282K(5888K)->5282K(5888K)
[27.634s][info][gc          ] GC(44) Pause Full (System.gc()) 776M->776M(6144M) 530.681ms
[28.118s][info][gc,metaspace] GC(45) Metaspace: 28423K(29568K)->28423K(29568K) NonClass: 23141K(23680K)->23141K(23680K) Class: 5282K(5888K)->5282K(5888K)
[28.118s][info][gc          ] GC(45) Pause Full (System.gc()) 776M->776M(6144M) 484.548ms
[28.612s][info][gc,metaspace] GC(46) Metaspace: 28423K(29568K)->28423K(29568K) NonClass: 23141K(23680K)->23141K(23680K) Class: 5282K(5888K)->5282K(5888K)
[28.613s][info][gc          ] GC(46) Pause Full (System.gc()) 776M->776M(6144M) 494.079ms
[29.060s][info][gc,metaspace] GC(47) Metaspace: 28423K(29568K)->28423K(29568K) NonClass: 23141K(23680K)->23141K(23680K) Class: 5282K(5888K)->5282K(5888K)
[29.060s][info][gc          ] GC(47) Pause Full (System.gc()) 776M->776M(6144M) 447.240ms
[29.552s][info][gc,metaspace] GC(48) Metaspace: 28423K(29568K)->28423K(29568K) NonClass: 23141K(23680K)->23141K(23680K) Class: 5282K(5888K)->5282K(5888K)
[29.552s][info][gc          ] GC(48) Pause Full (System.gc()) 776M->776M(6144M) 491.926ms
[30.049s][info][gc,metaspace] GC(49) Metaspace: 28423K(29568K)->28423K(29568K) NonClass: 23141K(23680K)->23141K(23680K) Class: 5282K(5888K)->5282K(5888K)
[30.049s][info][gc          ] GC(49) Pause Full (System.gc()) 776M->776M(6144M) 497.048ms
[30.544s][info][gc,metaspace] GC(50) Metaspace: 28423K(29568K)->28423K(29568K) NonClass: 23141K(23680K)->23141K(23680K) Class: 5282K(5888K)->5282K(5888K)
[30.545s][info][gc          ] GC(50) Pause Full (System.gc()) 776M->776M(6144M) 495.500ms
[31.024s][info][gc,metaspace] GC(51) Metaspace: 28423K(29568K)->28423K(29568K) NonClass: 23141K(23680K)->23141K(23680K) Class: 5282K(5888K)->5282K(5888K)
[31.024s][info][gc          ] GC(51) Pause Full (System.gc()) 776M->776M(6144M) 479.693ms
[31.509s][info][gc,metaspace] GC(52) Metaspace: 28423K(29568K)->28423K(29568K) NonClass: 23141K(23680K)->23141K(23680K) Class: 5282K(5888K)->5282K(5888K)
[31.509s][info][gc          ] GC(52) Pause Full (System.gc()) 776M->776M(6144M) 484.711ms
[31.966s][info][gc,metaspace] GC(53) Metaspace: 28423K(29568K)->28423K(29568K) NonClass: 23141K(23680K)->23141K(23680K) Class: 5282K(5888K)->5282K(5888K)
[31.966s][info][gc          ] GC(53) Pause Full (System.gc()) 776M->776M(6144M) 457.142ms
[32.437s][info][gc,metaspace] GC(54) Metaspace: 28423K(29568K)->28423K(29568K) NonClass: 23141K(23680K)->23141K(23680K) Class: 5282K(5888K)->5282K(5888K)
[32.437s][info][gc          ] GC(54) Pause Full (System.gc()) 776M->776M(6144M) 470.725ms
[32.913s][info][gc,metaspace] GC(55) Metaspace: 28423K(29568K)->28423K(29568K) NonClass: 23141K(23680K)->23141K(23680K) Class: 5282K(5888K)->5282K(5888K)
[32.913s][info][gc          ] GC(55) Pause Full (System.gc()) 776M->776M(6144M) 475.872ms
[33.399s][info][gc,metaspace] GC(56) Metaspace: 28423K(29568K)->28423K(29568K) NonClass: 23141K(23680K)->23141K(23680K) Class: 5282K(5888K)->5282K(5888K)
[33.399s][info][gc          ] GC(56) Pause Full (System.gc()) 776M->776M(6144M) 485.515ms
[33.906s][info][gc,metaspace] GC(57) Metaspace: 28423K(29568K)->28423K(29568K) NonClass: 23141K(23680K)->23141K(23680K) Class: 5282K(5888K)->5282K(5888K)
[33.906s][info][gc          ] GC(57) Pause Full (System.gc()) 776M->776M(6144M) 507.625ms
[34.410s][info][gc,metaspace] GC(58) Metaspace: 28423K(29568K)->28423K(29568K) NonClass: 23141K(23680K)->23141K(23680K) Class: 5282K(5888K)->5282K(5888K)
[34.410s][info][gc          ] GC(58) Pause Full (System.gc()) 776M->776M(6144M) 503.962ms
[34.889s][info][gc,metaspace] GC(59) Metaspace: 28423K(29568K)->28423K(29568K) NonClass: 23141K(23680K)->23141K(23680K) Class: 5282K(5888K)->5282K(5888K)
[34.889s][info][gc          ] GC(59) Pause Full (System.gc()) 776M->776M(6144M) 479.000ms
[35.388s][info][gc,metaspace] GC(60) Metaspace: 28423K(29568K)->28423K(29568K) NonClass: 23141K(23680K)->23141K(23680K) Class: 5282K(5888K)->5282K(5888K)
[35.388s][info][gc          ] GC(60) Pause Full (System.gc()) 776M->776M(6144M) 498.651ms
[35.872s][info][gc,metaspace] GC(61) Metaspace: 28423K(29568K)->28423K(29568K) NonClass: 23141K(23680K)->23141K(23680K) Class: 5282K(5888K)->5282K(5888K)
[35.872s][info][gc          ] GC(61) Pause Full (System.gc()) 776M->776M(6144M) 483.385ms
[36.323s][info][gc,metaspace] GC(62) Metaspace: 28423K(29568K)->28423K(29568K) NonClass: 23141K(23680K)->23141K(23680K) Class: 5282K(5888K)->5282K(5888K)
[36.323s][info][gc          ] GC(62) Pause Full (System.gc()) 776M->776M(6144M) 451.030ms
[36.814s][info][gc,metaspace] GC(63) Metaspace: 28423K(29568K)->28423K(29568K) NonClass: 23141K(23680K)->23141K(23680K) Class: 5282K(5888K)->5282K(5888K)
[36.814s][info][gc          ] GC(63) Pause Full (System.gc()) 776M->776M(6144M) 490.867ms
[37.307s][info][gc,metaspace] GC(64) Metaspace: 28423K(29568K)->28423K(29568K) NonClass: 23141K(23680K)->23141K(23680K) Class: 5282K(5888K)->5282K(5888K)
[37.307s][info][gc          ] GC(64) Pause Full (System.gc()) 776M->776M(6144M) 493.307ms
[37.805s][info][gc,metaspace] GC(65) Metaspace: 28423K(29568K)->28423K(29568K) NonClass: 23141K(23680K)->23141K(23680K) Class: 5282K(5888K)->5282K(5888K)
[37.805s][info][gc          ] GC(65) Pause Full (System.gc()) 776M->776M(6144M) 497.639ms
[38.321s][info][gc,metaspace] GC(66) Metaspace: 28423K(29568K)->28423K(29568K) NonClass: 23141K(23680K)->23141K(23680K) Class: 5282K(5888K)->5282K(5888K)
[38.321s][info][gc          ] GC(66) Pause Full (System.gc()) 776M->776M(6144M) 511.595ms
[38.833s][info][gc,metaspace] GC(67) Metaspace: 28423K(29568K)->28423K(29568K) NonClass: 23141K(23680K)->23141K(23680K) Class: 5282K(5888K)->5282K(5888K)
[38.833s][info][gc          ] GC(67) Pause Full (System.gc()) 776M->776M(6144M) 512.192ms
[39.303s][info][gc,metaspace] GC(68) Metaspace: 28423K(29568K)->28423K(29568K) NonClass: 23141K(23680K)->23141K(23680K) Class: 5282K(5888K)->5282K(5888K)
[39.303s][info][gc          ] GC(68) Pause Full (System.gc()) 776M->776M(6144M) 470.129ms
[39.777s][info][gc,metaspace] GC(69) Metaspace: 28423K(29568K)->28423K(29568K) NonClass: 23141K(23680K)->23141K(23680K) Class: 5282K(5888K)->5282K(5888K)
[39.777s][info][gc          ] GC(69) Pause Full (System.gc()) 776M->776M(6144M) 473.513ms
[40.249s][info][gc,metaspace] GC(70) Metaspace: 28423K(29568K)->28423K(29568K) NonClass: 23141K(23680K)->23141K(23680K) Class: 5282K(5888K)->5282K(5888K)
[40.249s][info][gc          ] GC(70) Pause Full (System.gc()) 776M->776M(6144M) 471.960ms
[40.727s][info][gc,metaspace] GC(71) Metaspace: 28423K(29568K)->28423K(29568K) NonClass: 23141K(23680K)->23141K(23680K) Class: 5282K(5888K)->5282K(5888K)
[40.727s][info][gc          ] GC(71) Pause Full (System.gc()) 776M->776M(6144M) 478.078ms
[41.191s][info][gc,metaspace] GC(72) Metaspace: 28423K(29568K)->28423K(29568K) NonClass: 23141K(23680K)->23141K(23680K) Class: 5282K(5888K)->5282K(5888K)
[41.192s][info][gc          ] GC(72) Pause Full (System.gc()) 776M->776M(6144M) 464.442ms
[41.717s][info][gc,metaspace] GC(73) Metaspace: 28423K(29568K)->28423K(29568K) NonClass: 23141K(23680K)->23141K(23680K) Class: 5282K(5888K)->5282K(5888K)
[41.717s][info][gc          ] GC(73) Pause Full (System.gc()) 776M->776M(6144M) 525.774ms
[42.185s][info][gc,metaspace] GC(74) Metaspace: 28423K(29568K)->28423K(29568K) NonClass: 23141K(23680K)->23141K(23680K) Class: 5282K(5888K)->5282K(5888K)
[42.185s][info][gc          ] GC(74) Pause Full (System.gc()) 776M->776M(6144M) 467.167ms
[42.637s][info][gc,metaspace] GC(75) Metaspace: 28423K(29568K)->28423K(29568K) NonClass: 23141K(23680K)->23141K(23680K) Class: 5282K(5888K)->5282K(5888K)
[42.637s][info][gc          ] GC(75) Pause Full (System.gc()) 776M->776M(6144M) 452.112ms
[43.118s][info][gc,metaspace] GC(76) Metaspace: 28423K(29568K)->28423K(29568K) NonClass: 23141K(23680K)->23141K(23680K) Class: 5282K(5888K)->5282K(5888K)
[43.118s][info][gc          ] GC(76) Pause Full (System.gc()) 776M->776M(6144M) 481.191ms
[43.663s][info][gc,metaspace] GC(77) Metaspace: 28423K(29568K)->28423K(29568K) NonClass: 23141K(23680K)->23141K(23680K) Class: 5282K(5888K)->5282K(5888K)
[43.663s][info][gc          ] GC(77) Pause Full (System.gc()) 776M->776M(6144M) 544.560ms
[44.131s][info][gc,metaspace] GC(78) Metaspace: 28423K(29568K)->28423K(29568K) NonClass: 23141K(23680K)->23141K(23680K) Class: 5282K(5888K)->5282K(5888K)
[44.131s][info][gc          ] GC(78) Pause Full (System.gc()) 776M->776M(6144M) 467.930ms
[44.637s][info][gc,metaspace] GC(79) Metaspace: 28423K(29568K)->28423K(29568K) NonClass: 23141K(23680K)->23141K(23680K) Class: 5282K(5888K)->5282K(5888K)
[44.637s][info][gc          ] GC(79) Pause Full (System.gc()) 776M->776M(6144M) 506.440ms
[45.124s][info][gc,metaspace] GC(80) Metaspace: 28423K(29568K)->28423K(29568K) NonClass: 23141K(23680K)->23141K(23680K) Class: 5282K(5888K)->5282K(5888K)
[45.124s][info][gc          ] GC(80) Pause Full (System.gc()) 776M->776M(6144M) 486.809ms
[45.624s][info][gc,metaspace] GC(81) Metaspace: 28423K(29568K)->28423K(29568K) NonClass: 23141K(23680K)->23141K(23680K) Class: 5282K(5888K)->5282K(5888K)
[45.624s][info][gc          ] GC(81) Pause Full (System.gc()) 776M->776M(6144M) 499.938ms
[46.092s][info][gc,metaspace] GC(82) Metaspace: 28423K(29568K)->28423K(29568K) NonClass: 23141K(23680K)->23141K(23680K) Class: 5282K(5888K)->5282K(5888K)
[46.092s][info][gc          ] GC(82) Pause Full (System.gc()) 776M->776M(6144M) 467.367ms
[46.578s][info][gc,metaspace] GC(83) Metaspace: 28423K(29568K)->28423K(29568K) NonClass: 23141K(23680K)->23141K(23680K) Class: 5282K(5888K)->5282K(5888K)
[46.578s][info][gc          ] GC(83) Pause Full (System.gc()) 776M->776M(6144M) 486.349ms
[47.059s][info][gc,metaspace] GC(84) Metaspace: 28423K(29568K)->28423K(29568K) NonClass: 23141K(23680K)->23141K(23680K) Class: 5282K(5888K)->5282K(5888K)
[47.060s][info][gc          ] GC(84) Pause Full (System.gc()) 776M->776M(6144M) 481.413ms
[47.535s][info][gc,metaspace] GC(85) Metaspace: 28423K(29568K)->28423K(29568K) NonClass: 23141K(23680K)->23141K(23680K) Class: 5282K(5888K)->5282K(5888K)
[47.535s][info][gc          ] GC(85) Pause Full (System.gc()) 776M->776M(6144M) 475.728ms
[48.011s][info][gc,metaspace] GC(86) Metaspace: 28423K(29568K)->28423K(29568K) NonClass: 23141K(23680K)->23141K(23680K) Class: 5282K(5888K)->5282K(5888K)
[48.011s][info][gc          ] GC(86) Pause Full (System.gc()) 776M->776M(6144M) 476.004ms
[48.510s][info][gc,metaspace] GC(87) Metaspace: 28423K(29568K)->28423K(29568K) NonClass: 23141K(23680K)->23141K(23680K) Class: 5282K(5888K)->5282K(5888K)
[48.510s][info][gc          ] GC(87) Pause Full (System.gc()) 776M->776M(6144M) 498.806ms
[48.999s][info][gc,metaspace] GC(88) Metaspace: 28423K(29568K)->28423K(29568K) NonClass: 23141K(23680K)->23141K(23680K) Class: 5282K(5888K)->5282K(5888K)
[48.999s][info][gc          ] GC(88) Pause Full (System.gc()) 776M->776M(6144M) 489.039ms
[49.497s][info][gc,metaspace] GC(89) Metaspace: 28423K(29568K)->28423K(29568K) NonClass: 23141K(23680K)->23141K(23680K) Class: 5282K(5888K)->5282K(5888K)
[49.497s][info][gc          ] GC(89) Pause Full (System.gc()) 776M->776M(6144M) 497.864ms
[49.956s][info][gc,metaspace] GC(90) Metaspace: 28423K(29568K)->28423K(29568K) NonClass: 23141K(23680K)->23141K(23680K) Class: 5282K(5888K)->5282K(5888K)
[49.956s][info][gc          ] GC(90) Pause Full (System.gc()) 776M->776M(6144M) 459.001ms
[50.425s][info][gc,metaspace] GC(91) Metaspace: 28423K(29568K)->28423K(29568K) NonClass: 23141K(23680K)->23141K(23680K) Class: 5282K(5888K)->5282K(5888K)
[50.425s][info][gc          ] GC(91) Pause Full (System.gc()) 776M->776M(6144M) 468.617ms
[50.898s][info][gc,metaspace] GC(92) Metaspace: 28423K(29568K)->28423K(29568K) NonClass: 23141K(23680K)->23141K(23680K) Class: 5282K(5888K)->5282K(5888K)
[50.898s][info][gc          ] GC(92) Pause Full (System.gc()) 776M->776M(6144M) 472.893ms
[51.388s][info][gc,metaspace] GC(93) Metaspace: 28423K(29568K)->28423K(29568K) NonClass: 23141K(23680K)->23141K(23680K) Class: 5282K(5888K)->5282K(5888K)
[51.388s][info][gc          ] GC(93) Pause Full (System.gc()) 776M->776M(6144M) 490.037ms
[51.865s][info][gc,metaspace] GC(94) Metaspace: 28423K(29568K)->28423K(29568K) NonClass: 23141K(23680K)->23141K(23680K) Class: 5282K(5888K)->5282K(5888K)
[51.865s][info][gc          ] GC(94) Pause Full (System.gc()) 776M->776M(6144M) 477.083ms
[52.336s][info][gc,metaspace] GC(95) Metaspace: 28423K(29568K)->28423K(29568K) NonClass: 23141K(23680K)->23141K(23680K) Class: 5282K(5888K)->5282K(5888K)
[52.336s][info][gc          ] GC(95) Pause Full (System.gc()) 776M->776M(6144M) 470.199ms
[52.808s][info][gc,metaspace] GC(96) Metaspace: 28423K(29568K)->28423K(29568K) NonClass: 23141K(23680K)->23141K(23680K) Class: 5282K(5888K)->5282K(5888K)
[52.808s][info][gc          ] GC(96) Pause Full (System.gc()) 776M->776M(6144M) 472.776ms
[53.255s][info][gc,metaspace] GC(97) Metaspace: 28423K(29568K)->28423K(29568K) NonClass: 23141K(23680K)->23141K(23680K) Class: 5282K(5888K)->5282K(5888K)
[53.255s][info][gc          ] GC(97) Pause Full (System.gc()) 776M->776M(6144M) 446.394ms
[53.784s][info][gc,metaspace] GC(98) Metaspace: 28423K(29568K)->28423K(29568K) NonClass: 23141K(23680K)->23141K(23680K) Class: 5282K(5888K)->5282K(5888K)
[53.784s][info][gc          ] GC(98) Pause Full (System.gc()) 776M->776M(6144M) 524.876ms
[54.266s][info][gc,metaspace] GC(99) Metaspace: 28423K(29568K)->28423K(29568K) NonClass: 23141K(23680K)->23141K(23680K) Class: 5282K(5888K)->5282K(5888K)
[54.266s][info][gc          ] GC(99) Pause Full (System.gc()) 776M->776M(6144M) 482.203ms
[54.724s][info][gc,metaspace] GC(100) Metaspace: 28423K(29568K)->28423K(29568K) NonClass: 23141K(23680K)->23141K(23680K) Class: 5282K(5888K)->5282K(5888K)
[54.724s][info][gc          ] GC(100) Pause Full (System.gc()) 776M->776M(6144M) 457.686ms
[55.227s][info][gc,metaspace] GC(101) Metaspace: 28423K(29568K)->28423K(29568K) NonClass: 23141K(23680K)->23141K(23680K) Class: 5282K(5888K)->5282K(5888K)
[55.227s][info][gc          ] GC(101) Pause Full (System.gc()) 776M->776M(6144M) 502.906ms
[55.725s][info][gc,metaspace] GC(102) Metaspace: 28423K(29568K)->28423K(29568K) NonClass: 23141K(23680K)->23141K(23680K) Class: 5282K(5888K)->5282K(5888K)
[55.725s][info][gc          ] GC(102) Pause Full (System.gc()) 776M->776M(6144M) 498.194ms
[56.216s][info][gc,metaspace] GC(103) Metaspace: 28423K(29568K)->28423K(29568K) NonClass: 23141K(23680K)->23141K(23680K) Class: 5282K(5888K)->5282K(5888K)
[56.216s][info][gc          ] GC(103) Pause Full (System.gc()) 776M->776M(6144M) 490.275ms
[56.724s][info][gc,metaspace] GC(104) Metaspace: 28423K(29568K)->28423K(29568K) NonClass: 23141K(23680K)->23141K(23680K) Class: 5282K(5888K)->5282K(5888K)
[56.724s][info][gc          ] GC(104) Pause Full (System.gc()) 776M->776M(6144M) 507.808ms
[57.172s][info][gc,metaspace] GC(105) Metaspace: 28423K(29568K)->28423K(29568K) NonClass: 23141K(23680K)->23141K(23680K) Class: 5282K(5888K)->5282K(5888K)
[57.172s][info][gc          ] GC(105) Pause Full (System.gc()) 776M->776M(6144M) 447.889ms
[57.655s][info][gc,metaspace] GC(106) Metaspace: 28423K(29568K)->28423K(29568K) NonClass: 23141K(23680K)->23141K(23680K) Class: 5282K(5888K)->5282K(5888K)
[57.655s][info][gc          ] GC(106) Pause Full (System.gc()) 776M->776M(6144M) 483.294ms
[58.172s][info][gc,metaspace] GC(107) Metaspace: 28423K(29568K)->28423K(29568K) NonClass: 23141K(23680K)->23141K(23680K) Class: 5282K(5888K)->5282K(5888K)
[58.172s][info][gc          ] GC(107) Pause Full (System.gc()) 776M->776M(6144M) 517.164ms
[58.648s][info][gc,metaspace] GC(108) Metaspace: 28423K(29568K)->28423K(29568K) NonClass: 23141K(23680K)->23141K(23680K) Class: 5282K(5888K)->5282K(5888K)
[58.648s][info][gc          ] GC(108) Pause Full (System.gc()) 776M->776M(6144M) 475.286ms
[59.122s][info][gc,metaspace] GC(109) Metaspace: 28423K(29568K)->28423K(29568K) NonClass: 23141K(23680K)->23141K(23680K) Class: 5282K(5888K)->5282K(5888K)
[59.122s][info][gc          ] GC(109) Pause Full (System.gc()) 776M->776M(6144M) 473.940ms
[59.626s][info][gc,metaspace] GC(110) Metaspace: 28423K(29568K)->28423K(29568K) NonClass: 23141K(23680K)->23141K(23680K) Class: 5282K(5888K)->5282K(5888K)
[59.626s][info][gc          ] GC(110) Pause Full (System.gc()) 776M->776M(6144M) 503.992ms
After GCs... 
